[  +18 ms] executing: sysctl hw.optional.arm64
[   +3 ms] Exit code 0 from: sysctl hw.optional.arm64
[        ] hw.optional.arm64: 1
[   +3 ms] Artifact Instance of 'MaterialFonts' is not required, skipping update.
[        ] Artifact Instance of 'GradleWrapper' is not required, skipping update.
[        ] Artifact Instance of 'AndroidGenSnapshotArtifacts' is not required, skipping update.
[        ] Artifact Instance of 'AndroidInternalBuildArtifacts' is not required, skipping update.
[        ] Artifact Instance of 'IOSEngineArtifacts' is not required, skipping update.
[        ] Artifact Instance of 'FlutterWebSdk' is not required, skipping update.
[        ] Artifact Instance of 'LegacyCanvasKitRemover' is not required, skipping update.
[        ] Artifact Instance of 'FlutterSdk' is not required, skipping update.
[        ] Artifact Instance of 'WindowsEngineArtifacts' is not required, skipping update.
[        ] Artifact Instance of 'MacOSEngineArtifacts' is not required, skipping update.
[        ] Artifact Instance of 'LinuxEngineArtifacts' is not required, skipping update.
[        ] Artifact Instance of 'LinuxFuchsiaSDKArtifacts' is not required, skipping update.
[        ] Artifact Instance of 'MacOSFuchsiaSDKArtifacts' is not required, skipping update.
[        ] Artifact Instance of 'FlutterRunnerSDKArtifacts' is not required, skipping update.
[        ] Artifact Instance of 'FlutterRunnerDebugSymbols' is not required, skipping update.
[        ] Artifact Instance of 'IosUsbArtifacts' is not required, skipping update.
[        ] Artifact Instance of 'IosUsbArtifacts' is not required, skipping update.
[        ] Artifact Instance of 'IosUsbArtifacts' is not required, skipping update.
[        ] Artifact Instance of 'IosUsbArtifacts' is not required, skipping update.
[        ] Artifact Instance of 'IosUsbArtifacts' is not required, skipping update.
[        ] Artifact Instance of 'IosUsbArtifacts' is not required, skipping update.
[        ] Artifact Instance of 'FontSubsetArtifacts' is not required, skipping update.
[        ] Artifact Instance of 'PubDependencies' is not required, skipping update.
[        ] executing: [/opt/homebrew/share/flutter/] git -c log.showSignature=false log HEAD -n 1 --pretty=format:%ad --date=iso
[  +14 ms] Exit code 0 from: git -c log.showSignature=false log HEAD -n 1 --pretty=format:%ad --date=iso
[        ] 2026-01-28 13:43:12 -0800
[  +12 ms] Found 23 files which will be executed as Integration Tests.
[   +1 ms] Artifact Instance of 'AndroidGenSnapshotArtifacts' is not required, skipping update.
[        ] Artifact Instance of 'AndroidInternalBuildArtifacts' is not required, skipping update.
[        ] Artifact Instance of 'IOSEngineArtifacts' is not required, skipping update.
[        ] Artifact Instance of 'FlutterWebSdk' is not required, skipping update.
[        ] Artifact Instance of 'FlutterEngineStamp' is not required, skipping update.
[        ] Artifact Instance of 'LegacyCanvasKitRemover' is not required, skipping update.
[        ] Artifact Instance of 'WindowsEngineArtifacts' is not required, skipping update.
[        ] Artifact Instance of 'MacOSEngineArtifacts' is not required, skipping update.
[        ] Artifact Instance of 'LinuxEngineArtifacts' is not required, skipping update.
[        ] Artifact Instance of 'LinuxFuchsiaSDKArtifacts' is not required, skipping update.
[        ] Artifact Instance of 'MacOSFuchsiaSDKArtifacts' is not required, skipping update.
[        ] Artifact Instance of 'FlutterRunnerSDKArtifacts' is not required, skipping update.
[        ] Artifact Instance of 'FlutterRunnerDebugSymbols' is not required, skipping update.
[  +15 ms] executing: /Users/florian/Library/Android/sdk/platform-tools/adb devices -l
[   +5 ms] executing: sysctl hw.optional.arm64
[   +3 ms] Exit code 0 from: sysctl hw.optional.arm64
[        ] hw.optional.arm64: 1
[        ] executing: /usr/bin/arch -arm64e xcrun xcodebuild -version
[  +73 ms] Exit code 0 from: /usr/bin/arch -arm64e xcrun xcodebuild -version
[        ] Xcode 26.2
           Build version 17C52
[        ] executing: /usr/bin/arch -arm64e xcrun xcdevice list --timeout 2
[        ] executing: /usr/bin/arch -arm64e xcrun simctl list devices booted
[  +90 ms] /usr/bin/arch -arm64e xcrun simctl list devices booted iOS --json
[        ] executing: /usr/bin/arch -arm64e xcrun simctl list devices booted iOS --json
[  +17 ms] List of devices attached
           emulator-5554          device product:sdk_gphone64_arm64 model:sdk_gphone64_arm64 device:emu64a transport_id:1
[   +2 ms] /Users/florian/Library/Android/sdk/platform-tools/adb -s emulator-5554 shell getprop
[  +25 ms] Artifact Instance of 'AndroidInternalBuildArtifacts' is not required, skipping update.
[        ] Artifact Instance of 'IOSEngineArtifacts' is not required, skipping update.
[        ] Artifact Instance of 'FlutterWebSdk' is not required, skipping update.
[        ] Artifact Instance of 'FlutterEngineStamp' is not required, skipping update.
[        ] Artifact Instance of 'LegacyCanvasKitRemover' is not required, skipping update.
[        ] Artifact Instance of 'WindowsEngineArtifacts' is not required, skipping update.
[        ] Artifact Instance of 'MacOSEngineArtifacts' is not required, skipping update.
[        ] Artifact Instance of 'LinuxEngineArtifacts' is not required, skipping update.
[        ] Artifact Instance of 'LinuxFuchsiaSDKArtifacts' is not required, skipping update.
[        ] Artifact Instance of 'MacOSFuchsiaSDKArtifacts' is not required, skipping update.
[        ] Artifact Instance of 'FlutterRunnerSDKArtifacts' is not required, skipping update.
[        ] Artifact Instance of 'FlutterRunnerDebugSymbols' is not required, skipping update.
[  +13 ms] Skipping pub get: version match.
[  +22 ms] Found plugin integration_test at /opt/homebrew/share/flutter/packages/integration_test/
[  +15 ms] Found plugin flutter_native_splash at /Users/florian/.pub-cache/hosted/pub.dev/flutter_native_splash-2.4.7/
[  +10 ms] Found plugin connectivity_plus at /Users/florian/.pub-cache/hosted/pub.dev/connectivity_plus-5.0.2/
[   +1 ms] {
             "devices" : {
               "com.apple.CoreSimulator.SimRuntime.xrOS-26-2" : [

               ],
               "com.apple.CoreSimulator.SimRuntime.iOS-26-2" : [
                 {
                   "lastBootedAt" : "2026-02-16T22:54:31Z",
                   "dataPath" : "\/Users\/florian\/Library\/Developer\/CoreSimulator\/Devices\/A6BCA64D-4FF0-4CAF-BD30-F5BAA5505835\/data",
                   "dataPathSize" : 2153164800,
                   "logPath" : "\/Users\/florian\/Library\/Logs\/CoreSimulator\/A6BCA64D-4FF0-4CAF-BD30-F5BAA5505835",
                   "udid" : "A6BCA64D-4FF0-4CAF-BD30-F5BAA5505835",
                   "isAvailable" : true,
                   "logPathSize" : 401408,
                   "deviceTypeIdentifier" : "com.apple.CoreSimulator.SimDeviceType.iPhone-17-Pro",
                   "state" : "Booted",
                   "name" : "iPhone 17 Pro"
                 }
               ]
             }
           }
[   +3 ms] Found plugin video_player at /Users/florian/.pub-cache/hosted/pub.dev/video_player-2.10.1/
[        ] Found plugin video_player_web at /Users/florian/.pub-cache/hosted/pub.dev/video_player_web-2.4.0/
[   +1 ms] Found plugin video_player_avfoundation at /Users/florian/.pub-cache/hosted/pub.dev/video_player_avfoundation-2.9.1/
[   +1 ms] Found plugin video_player_android at /Users/florian/.pub-cache/hosted/pub.dev/video_player_android-2.9.1/
[        ] Found plugin url_launcher at /Users/florian/.pub-cache/hosted/pub.dev/url_launcher-6.3.2/
[        ] Found plugin url_launcher_windows at /Users/florian/.pub-cache/hosted/pub.dev/url_launcher_windows-3.1.5/
[        ] Found plugin url_launcher_web at /Users/florian/.pub-cache/hosted/pub.dev/url_launcher_web-2.4.2/
[        ] Found plugin url_launcher_macos at /Users/florian/.pub-cache/hosted/pub.dev/url_launcher_macos-3.2.5/
[        ] Found plugin url_launcher_linux at /Users/florian/.pub-cache/hosted/pub.dev/url_launcher_linux-3.2.2/
[        ] Found plugin url_launcher_ios at /Users/florian/.pub-cache/hosted/pub.dev/url_launcher_ios-6.3.6/
[        ] Found plugin url_launcher_android at /Users/florian/.pub-cache/hosted/pub.dev/url_launcher_android-6.3.28/
[   +3 ms] Found plugin sqflite at /Users/florian/.pub-cache/hosted/pub.dev/sqflite-2.4.2/
[   +1 ms] Found plugin sqflite_darwin at /Users/florian/.pub-cache/hosted/pub.dev/sqflite_darwin-2.4.2/
[        ] Found plugin sqflite_android at /Users/florian/.pub-cache/hosted/pub.dev/sqflite_android-2.4.2+2/
[   +1 ms] Found plugin path_provider at /Users/florian/.pub-cache/hosted/pub.dev/path_provider-2.1.5/
[        ] Found plugin path_provider_windows at /Users/florian/.pub-cache/hosted/pub.dev/path_provider_windows-2.3.0/
[   +1 ms] Found plugin path_provider_linux at /Users/florian/.pub-cache/hosted/pub.dev/path_provider_linux-2.2.1/
[        ] Found plugin path_provider_foundation at /Users/florian/.pub-cache/hosted/pub.dev/path_provider_foundation-2.6.0/
[   +3 ms] Found plugin path_provider_android at /Users/florian/.pub-cache/hosted/pub.dev/path_provider_android-2.2.22/
[  +13 ms] Found plugin flutter_keyboard_visibility_temp_fork at /Users/florian/.pub-cache/hosted/pub.dev/flutter_keyboard_visibility_temp_fork-0.1.5/
[        ] Found plugin flutter_keyboard_visibility_windows at /Users/florian/.pub-cache/hosted/pub.dev/flutter_keyboard_visibility_windows-1.0.0/
[        ] Found plugin flutter_keyboard_visibility_macos at /Users/florian/.pub-cache/hosted/pub.dev/flutter_keyboard_visibility_macos-1.0.0/
[        ] Found plugin flutter_keyboard_visibility_linux at /Users/florian/.pub-cache/hosted/pub.dev/flutter_keyboard_visibility_linux-1.0.0/
[   +4 ms] Found plugin quill_native_bridge at /Users/florian/.pub-cache/hosted/pub.dev/quill_native_bridge-11.1.0/
[        ] Found plugin quill_native_bridge_windows at /Users/florian/.pub-cache/hosted/pub.dev/quill_native_bridge_windows-0.0.2/
[   +2 ms] Found plugin file_selector_windows at /Users/florian/.pub-cache/hosted/pub.dev/file_selector_windows-0.9.3+5/
[   +1 ms] Found plugin quill_native_bridge_web at /Users/florian/.pub-cache/hosted/pub.dev/quill_native_bridge_web-0.0.2/
[        ] Found plugin quill_native_bridge_macos at /Users/florian/.pub-cache/hosted/pub.dev/quill_native_bridge_macos-0.0.1/
[        ] Found plugin quill_native_bridge_ios at /Users/florian/.pub-cache/hosted/pub.dev/quill_native_bridge_ios-0.0.1/
[        ] Found plugin quill_native_bridge_android at /Users/florian/.pub-cache/hosted/pub.dev/quill_native_bridge_android-0.0.1+2/
[   +2 ms] Found plugin flutter_openssl_crypto at /Users/florian/.pub-cache/hosted/pub.dev/flutter_openssl_crypto-0.5.0/
[        ] Found plugin flutter_olm at /Users/florian/.pub-cache/hosted/pub.dev/flutter_olm-2.0.0/
[   +1 ms] Found plugin file_selector at /Users/florian/.pub-cache/hosted/pub.dev/file_selector-1.1.0/
[        ] Found plugin file_selector_web at /Users/florian/.pub-cache/hosted/pub.dev/file_selector_web-0.9.4+2/
[        ] Found plugin file_selector_macos at /Users/florian/.pub-cache/hosted/pub.dev/file_selector_macos-0.9.5/
[        ] Found plugin file_selector_linux at /Users/florian/.pub-cache/hosted/pub.dev/file_selector_linux-0.9.4/
[        ] Found plugin file_selector_ios at /Users/florian/.pub-cache/hosted/pub.dev/file_selector_ios-0.5.3+5/
[        ] Found plugin file_selector_android at /Users/florian/.pub-cache/hosted/pub.dev/file_selector_android-0.5.2+4/
[        ] Found plugin emoji_picker_flutter at /Users/florian/.pub-cache/hosted/pub.dev/emoji_picker_flutter-4.4.0/
[        ] Found plugin shared_preferences at /Users/florian/.pub-cache/hosted/pub.dev/shared_preferences-2.5.4/
[        ] Found plugin shared_preferences_windows at /Users/florian/.pub-cache/hosted/pub.dev/shared_preferences_windows-2.4.1/
[        ] Found plugin shared_preferences_web at /Users/florian/.pub-cache/hosted/pub.dev/shared_preferences_web-2.4.3/
[        ] Found plugin shared_preferences_linux at /Users/florian/.pub-cache/hosted/pub.dev/shared_preferences_linux-2.4.1/
[        ] Found plugin shared_preferences_foundation at /Users/florian/.pub-cache/hosted/pub.dev/shared_preferences_foundation-2.5.6/
[        ] Found plugin shared_preferences_android at /Users/florian/.pub-cache/hosted/pub.dev/shared_preferences_android-2.4.20/
[  +17 ms] Found plugin integration_test at /opt/homebrew/share/flutter/packages/integration_test/
[   +5 ms] Found plugin flutter_native_splash at /Users/florian/.pub-cache/hosted/pub.dev/flutter_native_splash-2.4.7/
[   +4 ms] Found plugin connectivity_plus at /Users/florian/.pub-cache/hosted/pub.dev/connectivity_plus-5.0.2/
[   +1 ms] Found plugin video_player at /Users/florian/.pub-cache/hosted/pub.dev/video_player-2.10.1/
[        ] Found plugin video_player_web at /Users/florian/.pub-cache/hosted/pub.dev/video_player_web-2.4.0/
[        ] Found plugin video_player_avfoundation at /Users/florian/.pub-cache/hosted/pub.dev/video_player_avfoundation-2.9.1/
[        ] Found plugin video_player_android at /Users/florian/.pub-cache/hosted/pub.dev/video_player_android-2.9.1/
[        ] Found plugin url_launcher at /Users/florian/.pub-cache/hosted/pub.dev/url_launcher-6.3.2/
[        ] Found plugin url_launcher_windows at /Users/florian/.pub-cache/hosted/pub.dev/url_launcher_windows-3.1.5/
[        ] Found plugin url_launcher_web at /Users/florian/.pub-cache/hosted/pub.dev/url_launcher_web-2.4.2/
[        ] Found plugin url_launcher_macos at /Users/florian/.pub-cache/hosted/pub.dev/url_launcher_macos-3.2.5/
[        ] Found plugin url_launcher_linux at /Users/florian/.pub-cache/hosted/pub.dev/url_launcher_linux-3.2.2/
[        ] Found plugin url_launcher_ios at /Users/florian/.pub-cache/hosted/pub.dev/url_launcher_ios-6.3.6/
[        ] Found plugin url_launcher_android at /Users/florian/.pub-cache/hosted/pub.dev/url_launcher_android-6.3.28/
[   +1 ms] Found plugin sqflite at /Users/florian/.pub-cache/hosted/pub.dev/sqflite-2.4.2/
[        ] Found plugin sqflite_darwin at /Users/florian/.pub-cache/hosted/pub.dev/sqflite_darwin-2.4.2/
[        ] Found plugin sqflite_android at /Users/florian/.pub-cache/hosted/pub.dev/sqflite_android-2.4.2+2/
[        ] Found plugin path_provider at /Users/florian/.pub-cache/hosted/pub.dev/path_provider-2.1.5/
[        ] Found plugin path_provider_windows at /Users/florian/.pub-cache/hosted/pub.dev/path_provider_windows-2.3.0/
[        ] Found plugin path_provider_linux at /Users/florian/.pub-cache/hosted/pub.dev/path_provider_linux-2.2.1/
[        ] Found plugin path_provider_foundation at /Users/florian/.pub-cache/hosted/pub.dev/path_provider_foundation-2.6.0/
[   +1 ms] Found plugin path_provider_android at /Users/florian/.pub-cache/hosted/pub.dev/path_provider_android-2.2.22/
[   +5 ms] Found plugin flutter_keyboard_visibility_temp_fork at /Users/florian/.pub-cache/hosted/pub.dev/flutter_keyboard_visibility_temp_fork-0.1.5/
[        ] Found plugin flutter_keyboard_visibility_windows at /Users/florian/.pub-cache/hosted/pub.dev/flutter_keyboard_visibility_windows-1.0.0/
[        ] Found plugin flutter_keyboard_visibility_macos at /Users/florian/.pub-cache/hosted/pub.dev/flutter_keyboard_visibility_macos-1.0.0/
[        ] Found plugin flutter_keyboard_visibility_linux at /Users/florian/.pub-cache/hosted/pub.dev/flutter_keyboard_visibility_linux-1.0.0/
[   +2 ms] Found plugin quill_native_bridge at /Users/florian/.pub-cache/hosted/pub.dev/quill_native_bridge-11.1.0/
[        ] Found plugin quill_native_bridge_windows at /Users/florian/.pub-cache/hosted/pub.dev/quill_native_bridge_windows-0.0.2/
[        ] Found plugin file_selector_windows at /Users/florian/.pub-cache/hosted/pub.dev/file_selector_windows-0.9.3+5/
[        ] Found plugin quill_native_bridge_web at /Users/florian/.pub-cache/hosted/pub.dev/quill_native_bridge_web-0.0.2/
[        ] Found plugin quill_native_bridge_macos at /Users/florian/.pub-cache/hosted/pub.dev/quill_native_bridge_macos-0.0.1/
[        ] Found plugin quill_native_bridge_ios at /Users/florian/.pub-cache/hosted/pub.dev/quill_native_bridge_ios-0.0.1/
[        ] Found plugin quill_native_bridge_android at /Users/florian/.pub-cache/hosted/pub.dev/quill_native_bridge_android-0.0.1+2/
[   +1 ms] Found plugin flutter_openssl_crypto at /Users/florian/.pub-cache/hosted/pub.dev/flutter_openssl_crypto-0.5.0/
[        ] Found plugin flutter_olm at /Users/florian/.pub-cache/hosted/pub.dev/flutter_olm-2.0.0/
[        ] Found plugin file_selector at /Users/florian/.pub-cache/hosted/pub.dev/file_selector-1.1.0/
[        ] Found plugin file_selector_web at /Users/florian/.pub-cache/hosted/pub.dev/file_selector_web-0.9.4+2/
[        ] Found plugin file_selector_macos at /Users/florian/.pub-cache/hosted/pub.dev/file_selector_macos-0.9.5/
[        ] Found plugin file_selector_linux at /Users/florian/.pub-cache/hosted/pub.dev/file_selector_linux-0.9.4/
[        ] Found plugin file_selector_ios at /Users/florian/.pub-cache/hosted/pub.dev/file_selector_ios-0.5.3+5/
[        ] Found plugin file_selector_android at /Users/florian/.pub-cache/hosted/pub.dev/file_selector_android-0.5.2+4/
[        ] Found plugin emoji_picker_flutter at /Users/florian/.pub-cache/hosted/pub.dev/emoji_picker_flutter-4.4.0/
[        ] Found plugin shared_preferences at /Users/florian/.pub-cache/hosted/pub.dev/shared_preferences-2.5.4/
[        ] Found plugin shared_preferences_windows at /Users/florian/.pub-cache/hosted/pub.dev/shared_preferences_windows-2.4.1/
[        ] Found plugin shared_preferences_web at /Users/florian/.pub-cache/hosted/pub.dev/shared_preferences_web-2.4.3/
[        ] Found plugin shared_preferences_linux at /Users/florian/.pub-cache/hosted/pub.dev/shared_preferences_linux-2.4.1/
[        ] Found plugin shared_preferences_foundation at /Users/florian/.pub-cache/hosted/pub.dev/shared_preferences_foundation-2.5.6/
[        ] Found plugin shared_preferences_android at /Users/florian/.pub-cache/hosted/pub.dev/shared_preferences_android-2.4.20/
[   +6 ms] Skipping generating web_plugin_registrant.dart because it is up-to-date.
[   +6 ms] Found plugin integration_test at /opt/homebrew/share/flutter/packages/integration_test/
[   +3 ms] Found plugin flutter_native_splash at /Users/florian/.pub-cache/hosted/pub.dev/flutter_native_splash-2.4.7/
[   +3 ms] Found plugin connectivity_plus at /Users/florian/.pub-cache/hosted/pub.dev/connectivity_plus-5.0.2/
[   +1 ms] Found plugin video_player at /Users/florian/.pub-cache/hosted/pub.dev/video_player-2.10.1/
[        ] Found plugin video_player_web at /Users/florian/.pub-cache/hosted/pub.dev/video_player_web-2.4.0/
[        ] Found plugin video_player_avfoundation at /Users/florian/.pub-cache/hosted/pub.dev/video_player_avfoundation-2.9.1/
[        ] Found plugin video_player_android at /Users/florian/.pub-cache/hosted/pub.dev/video_player_android-2.9.1/
[        ] Found plugin url_launcher at /Users/florian/.pub-cache/hosted/pub.dev/url_launcher-6.3.2/
[        ] Found plugin url_launcher_windows at /Users/florian/.pub-cache/hosted/pub.dev/url_launcher_windows-3.1.5/
[        ] Found plugin url_launcher_web at /Users/florian/.pub-cache/hosted/pub.dev/url_launcher_web-2.4.2/
[        ] Found plugin url_launcher_macos at /Users/florian/.pub-cache/hosted/pub.dev/url_launcher_macos-3.2.5/
[        ] Found plugin url_launcher_linux at /Users/florian/.pub-cache/hosted/pub.dev/url_launcher_linux-3.2.2/
[        ] Found plugin url_launcher_ios at /Users/florian/.pub-cache/hosted/pub.dev/url_launcher_ios-6.3.6/
[        ] Found plugin url_launcher_android at /Users/florian/.pub-cache/hosted/pub.dev/url_launcher_android-6.3.28/
[   +1 ms] Found plugin sqflite at /Users/florian/.pub-cache/hosted/pub.dev/sqflite-2.4.2/
[        ] Found plugin sqflite_darwin at /Users/florian/.pub-cache/hosted/pub.dev/sqflite_darwin-2.4.2/
[        ] Found plugin sqflite_android at /Users/florian/.pub-cache/hosted/pub.dev/sqflite_android-2.4.2+2/
[        ] Found plugin path_provider at /Users/florian/.pub-cache/hosted/pub.dev/path_provider-2.1.5/
[        ] Found plugin path_provider_windows at /Users/florian/.pub-cache/hosted/pub.dev/path_provider_windows-2.3.0/
[        ] Found plugin path_provider_linux at /Users/florian/.pub-cache/hosted/pub.dev/path_provider_linux-2.2.1/
[        ] Found plugin path_provider_foundation at /Users/florian/.pub-cache/hosted/pub.dev/path_provider_foundation-2.6.0/
[   +1 ms] Found plugin path_provider_android at /Users/florian/.pub-cache/hosted/pub.dev/path_provider_android-2.2.22/
[   +5 ms] Found plugin flutter_keyboard_visibility_temp_fork at /Users/florian/.pub-cache/hosted/pub.dev/flutter_keyboard_visibility_temp_fork-0.1.5/
[        ] Found plugin flutter_keyboard_visibility_windows at /Users/florian/.pub-cache/hosted/pub.dev/flutter_keyboard_visibility_windows-1.0.0/
[        ] Found plugin flutter_keyboard_visibility_macos at /Users/florian/.pub-cache/hosted/pub.dev/flutter_keyboard_visibility_macos-1.0.0/
[        ] Found plugin flutter_keyboard_visibility_linux at /Users/florian/.pub-cache/hosted/pub.dev/flutter_keyboard_visibility_linux-1.0.0/
[   +2 ms] Found plugin quill_native_bridge at /Users/florian/.pub-cache/hosted/pub.dev/quill_native_bridge-11.1.0/
[        ] Found plugin quill_native_bridge_windows at /Users/florian/.pub-cache/hosted/pub.dev/quill_native_bridge_windows-0.0.2/
[        ] Found plugin file_selector_windows at /Users/florian/.pub-cache/hosted/pub.dev/file_selector_windows-0.9.3+5/
[        ] Found plugin quill_native_bridge_web at /Users/florian/.pub-cache/hosted/pub.dev/quill_native_bridge_web-0.0.2/
[        ] Found plugin quill_native_bridge_macos at /Users/florian/.pub-cache/hosted/pub.dev/quill_native_bridge_macos-0.0.1/
[        ] Found plugin quill_native_bridge_ios at /Users/florian/.pub-cache/hosted/pub.dev/quill_native_bridge_ios-0.0.1/
[        ] Found plugin quill_native_bridge_android at /Users/florian/.pub-cache/hosted/pub.dev/quill_native_bridge_android-0.0.1+2/
[   +1 ms] Found plugin flutter_openssl_crypto at /Users/florian/.pub-cache/hosted/pub.dev/flutter_openssl_crypto-0.5.0/
[        ] Found plugin flutter_olm at /Users/florian/.pub-cache/hosted/pub.dev/flutter_olm-2.0.0/
[        ] Found plugin file_selector at /Users/florian/.pub-cache/hosted/pub.dev/file_selector-1.1.0/
[        ] Found plugin file_selector_web at /Users/florian/.pub-cache/hosted/pub.dev/file_selector_web-0.9.4+2/
[        ] Found plugin file_selector_macos at /Users/florian/.pub-cache/hosted/pub.dev/file_selector_macos-0.9.5/
[        ] Found plugin file_selector_linux at /Users/florian/.pub-cache/hosted/pub.dev/file_selector_linux-0.9.4/
[        ] Found plugin file_selector_ios at /Users/florian/.pub-cache/hosted/pub.dev/file_selector_ios-0.5.3+5/
[        ] Found plugin file_selector_android at /Users/florian/.pub-cache/hosted/pub.dev/file_selector_android-0.5.2+4/
[        ] Found plugin emoji_picker_flutter at /Users/florian/.pub-cache/hosted/pub.dev/emoji_picker_flutter-4.4.0/
[        ] Found plugin shared_preferences at /Users/florian/.pub-cache/hosted/pub.dev/shared_preferences-2.5.4/
[        ] Found plugin shared_preferences_windows at /Users/florian/.pub-cache/hosted/pub.dev/shared_preferences_windows-2.4.1/
[        ] Found plugin shared_preferences_web at /Users/florian/.pub-cache/hosted/pub.dev/shared_preferences_web-2.4.3/
[        ] Found plugin shared_preferences_linux at /Users/florian/.pub-cache/hosted/pub.dev/shared_preferences_linux-2.4.1/
[        ] Found plugin shared_preferences_foundation at /Users/florian/.pub-cache/hosted/pub.dev/shared_preferences_foundation-2.5.6/
[        ] Found plugin shared_preferences_android at /Users/florian/.pub-cache/hosted/pub.dev/shared_preferences_android-2.4.20/
[   +4 ms] Generating /Users/florian/Code/substitution/android/app/src/main/java/io/flutter/plugins/GeneratedPluginRegistrant.java
[        ] Skipping generating GeneratedPluginRegistrant.java because it is up-to-date.
[   +1 ms] Skipping generating generated_plugin_registrant.h because it is up-to-date.
[        ] Skipping generating generated_plugin_registrant.cc because it is up-to-date.
[        ] Skipping generating generated_plugins.cmake because it is up-to-date.
[        ] Skipping generating generated_plugin_registrant.h because it is up-to-date.
[        ] Skipping generating generated_plugin_registrant.cc because it is up-to-date.
[        ] Skipping generating generated_plugins.cmake because it is up-to-date.
[   +1 ms] Skipping generating GeneratedPluginRegistrant.h because it is up-to-date.
[        ] Skipping generating GeneratedPluginRegistrant.m because it is up-to-date.
[        ] Skipping generating GeneratedPluginRegistrant.swift because it is up-to-date.
[ +114 ms] Manifest contained wildcard assets. Inserting missing file into build graph to force rerun. for more information see #56466.
[   +4 ms] executing: /usr/bin/arch -arm64e xcrun xcdevice list --timeout 5
[   +1 ms] executing: /usr/bin/arch -arm64e xcrun xcdevice list --timeout 2
[   +4 ms] running test package with arguments: [--no-color, --timeout, 600s, --concurrency=1, --chain-stack-traces, --, file:///Users/florian/Code/substitution/integration_test/interaction_with_matrix_test.dart, file:///Users/florian/Code/substitution/integration_test/offline_test.dart, file:///Users/florian/Code/substitution/integration_test/room_feed_with_matrix_test.dart, file:///Users/florian/Code/substitution/integration_test/feed_with_matrix_test.dart, file:///Users/florian/Code/substitution/integration_test/clear_cache_test.dart, file:///Users/florian/Code/substitution/integration_test/room_feed_test.dart, file:///Users/florian/Code/substitution/integration_test/key_verification_test.dart, file:///Users/florian/Code/substitution/integration_test/profile_edit_test.dart, file:///Users/florian/Code/substitution/integration_test/onboarding_flow_test.dart, file:///Users/florian/Code/substitution/integration_test/app_test.dart, file:///Users/florian/Code/substitution/integration_test/multi_user_correspondence_test.dart, file:///Users/florian/Code/substitution/integration_test/theme_toggle_test.dart, file:///Users/florian/Code/substitution/integration_test/interaction_strict_test.dart, file:///Users/florian/Code/substitution/integration_test/profile_view_test.dart, file:///Users/florian/Code/substitution/integration_test/feed_test.dart, file:///Users/florian/Code/substitution/integration_test/login_debug_test.dart, file:///Users/florian/Code/substitution/integration_test/post_creation_with_matrix_test.dart, file:///Users/florian/Code/substitution/integration_test/room_discovery_with_matrix_test.dart, file:///Users/florian/Code/substitution/integration_test/room_permissions_test.dart, file:///Users/florian/Code/substitution/integration_test/room_discovery_strict_test.dart, file:///Users/florian/Code/substitution/integration_test/onboarding_and_login_test.dart, file:///Users/florian/Code/substitution/integration_test/discovery_flow_test.dart, file:///Users/florian/Code/substitution/integration_test/matrix_integration_test.dart]
00:00 +0: loading /Users/florian/Code/substitution/integration_test/interaction_with_matrix_test.dart                                                                                                  [ +119 ms] test 0: starting test /Users/florian/Code/substitution/integration_test/interaction_with_matrix_test.dart
[   +2 ms] Stopping scan for flutter_test_config.dart; found project root at /Users/florian/Code/substitution
[        ] test 0: starting test device
[   +1 ms] test 0: awaiting connection to test device
[   +7 ms] executing: /Users/florian/Library/Android/sdk/build-tools/36.1.0/aapt dump xmltree /Users/florian/Code/substitution/build/app/outputs/flutter-apk/app-debug.apk AndroidManifest.xml
[  +11 ms] Exit code 0 from: /Users/florian/Library/Android/sdk/build-tools/36.1.0/aapt dump xmltree /Users/florian/Code/substitution/build/app/outputs/flutter-apk/app-debug.apk AndroidManifest.xml
[        ] N: android=http://schemas.android.com/apk/res/android
             E: manifest (line=2)
               A: android:versionCode(0x0101021b)=(type 0x10)0x7
               A: android:versionName(0x0101021c)="1.0.0" (Raw: "1.0.0")
               A: android:compileSdkVersion(0x01010572)=(type 0x10)0x24
               A: android:compileSdkVersionCodename(0x01010573)="16" (Raw: "16")
               A: package="art.substitution.substitution" (Raw: "art.substitution.substitution")
               A: platformBuildVersionCode=(type 0x10)0x24
               A: platformBuildVersionName=(type 0x10)0x10
               E: uses-sdk (line=7)
                 A: android:minSdkVersion(0x0101020c)=(type 0x10)0x18
                 A: android:targetSdkVersion(0x01010270)=(type 0x10)0x22
               E: uses-permission (line=15)
                 A: android:name(0x01010003)="android.permission.INTERNET" (Raw: "android.permission.INTERNET")
               E: uses-permission (line=16)
                 A: android:name(0x01010003)="android.permission.ACCESS_NETWORK_STATE" (Raw: "android.permission.ACCESS_NETWORK_STATE")
               E: permission (line=18)
                 A: android:name(0x01010003)="art.substitution.substitution.DYNAMIC_RECEIVER_NOT_EXPORTED_PERMISSION" (Raw: "art.substitution.substitution.DYNAMIC_RECEIVER_NOT_EXPORTED_PERMISSION")
                 A: android:protectionLevel(0x01010009)=(type 0x11)0x2
               E: uses-permission (line=22)
                 A: android:name(0x01010003)="art.substitution.substitution.DYNAMIC_RECEIVER_NOT_EXPORTED_PERMISSION" (Raw: "art.substitution.substitution.DYNAMIC_RECEIVER_NOT_EXPORTED_PERMISSION")
               E: application (line=24)
                 A: android:label(0x01010001)="substitution" (Raw: "substitution")
                 A: android:icon(0x01010002)=@0x7f0c0000
                 A: android:name(0x01010003)="android.app.Application" (Raw: "android.app.Application")
                 A: android:debuggable(0x0101000f)=(type 0x12)0xffffffff
                 A: android:extractNativeLibs(0x010104ea)=(type 0x12)0x0
                 A: android:appComponentFactory(0x0101057a)="androidx.core.app.CoreComponentFactory" (Raw: "androidx.core.app.CoreComponentFactory")
                 E: activity (line=31)
                   A: android:theme(0x01010000)=@0x7f0e00a2
                   A: android:name(0x01010003)="art.substitution.substitution.MainActivity" (Raw: "art.substitution.substitution.MainActivity")
                   A: android:exported(0x01010010)=(type 0x12)0xffffffff
                   A: android:launchMode(0x0101001d)=(type 0x10)0x1
                   A: android:configChanges(0x0101001f)=(type 0x11)0x40003fb4
                   A: android:windowSoftInputMode(0x0101022b)=(type 0x11)0x10
                   A: android:hardwareAccelerated(0x010102d3)=(type 0x12)0xffffffff
                   E: meta-data (line=46)
                     A: android:name(0x01010003)="io.flutter.embedding.android.NormalTheme" (Raw: "io.flutter.embedding.android.NormalTheme")
                     A: android:resource(0x01010025)=@0x7f0e00a3
                   E: intent-filter (line=50)
                     E: action (line=51)
                       A: android:name(0x01010003)="android.intent.action.MAIN" (Raw: "android.intent.action.MAIN")
                     E: category (line=53)
                       A: android:name(0x01010003)="android.intent.category.LAUNCHER" (Raw: "android.intent.category.LAUNCHER")
                   E: intent-filter (line=56)
                     E: action (line=57)
                       A: android:name(0x01010003)="android.intent.action.VIEW" (Raw: "android.intent.action.VIEW")
                     E: category (line=59)
                       A: android:name(0x01010003)="android.intent.category.DEFAULT" (Raw: "android.intent.category.DEFAULT")
                     E: category (line=60)
                       A: android:name(0x01010003)="android.intent.category.BROWSABLE" (Raw: "android.intent.category.BROWSABLE")
                     E: data (line=62)
                       A: android:scheme(0x01010027)="substitution" (Raw: "substitution")
                       A: android:host(0x01010028)="auth" (Raw: "auth")
                       A: android:pathPrefix(0x0101002b)="/login-callback" (Raw: "/login-callback")
                 E: meta-data (line=72)
                   A: android:name(0x01010003)="flutterEmbedding" (Raw: "flutterEmbedding")
                   A: android:value(0x01010024)=(type 0x10)0x2
                 E: activity (line=76)
                   A: android:theme(0x01010000)=@0x01030007
                   A: android:name(0x01010003)="io.flutter.plugins.urllauncher.WebViewActivity" (Raw: "io.flutter.plugins.urllauncher.WebViewActivity")
                   A: android:exported(0x01010010)=(type 0x12)0x0
                 E: uses-library (line=81)
                   A: android:name(0x01010003)="androidx.window.extensions" (Raw: "androidx.window.extensions")
                   A: android:required(0x0101028e)=(type 0x12)0x0
                 E: uses-library (line=84)
                   A: android:name(0x01010003)="androidx.window.sidecar" (Raw: "androidx.window.sidecar")
                   A: android:required(0x0101028e)=(type 0x12)0x0
                 E: provider (line=88)
                   A: android:name(0x01010003)="androidx.startup.InitializationProvider" (Raw: "androidx.startup.InitializationProvider")
                   A: android:exported(0x01010010)=(type 0x12)0x0
                   A: android:authorities(0x01010018)="art.substitution.substitution.androidx-startup" (Raw: "art.substitution.substitution.androidx-startup")
                   E: meta-data (line=92)
                     A: android:name(0x01010003)="androidx.lifecycle.ProcessLifecycleInitializer" (Raw: "androidx.lifecycle.ProcessLifecycleInitializer")
                     A: android:value(0x01010024)="androidx.startup" (Raw: "androidx.startup")
                   E: meta-data (line=95)
                     A: android:name(0x01010003)="androidx.profileinstaller.ProfileInstallerInitializer" (Raw: "androidx.profileinstaller.ProfileInstallerInitializer")
                     A: android:value(0x01010024)="androidx.startup" (Raw: "androidx.startup")
                 E: receiver (line=100)
                   A: android:name(0x01010003)="androidx.profileinstaller.ProfileInstallReceiver" (Raw: "androidx.profileinstaller.ProfileInstallReceiver")
                   A: android:permission(0x01010006)="android.permission.DUMP" (Raw: "android.permission.DUMP")
                   A: android:enabled(0x0101000e)=(type 0x12)0xffffffff
                   A: android:exported(0x01010010)=(type 0x12)0xffffffff
                   A: android:directBootAware(0x01010505)=(type 0x12)0x0
                   E: intent-filter (line=106)
                     E: action (line=107)
                       A: android:name(0x01010003)="androidx.profileinstaller.action.INSTALL_PROFILE" (Raw: "androidx.profileinstaller.action.INSTALL_PROFILE")
                   E: intent-filter (line=109)
                     E: action (line=110)
                       A: android:name(0x01010003)="androidx.profileinstaller.action.SKIP_FILE" (Raw: "androidx.profileinstaller.action.SKIP_FILE")
                   E: intent-filter (line=112)
                     E: action (line=113)
                       A: android:name(0x01010003)="androidx.profileinstaller.action.SAVE_PROFILE" (Raw: "androidx.profileinstaller.action.SAVE_PROFILE")
                   E: intent-filter (line=115)
                     E: action (line=116)
                       A: android:name(0x01010003)="androidx.profileinstaller.action.BENCHMARK_OPERATION" (Raw: "androidx.profileinstaller.action.BENCHMARK_OPERATION")
[   +3 ms] executing: /Users/florian/Library/Android/sdk/platform-tools/adb version
[  +13 ms] Android Debug Bridge version 1.0.41
           Version 36.0.2-14143358
           Installed as /Users/florian/Library/Android/sdk/platform-tools/adb
           Running on Darwin 25.1.0 (arm64)
[        ] executing: /Users/florian/Library/Android/sdk/platform-tools/adb start-server
[  +12 ms] Building APK
[  +28 ms] executing: /usr/bin/plutil -convert xml1 -o - /Applications/Android Studio.app/Contents/Info.plist
[   +5 ms] Exit code 0 from: /usr/bin/plutil -convert xml1 -o - /Applications/Android Studio.app/Contents/Info.plist
[        ] <?xml version="1.0" encoding="UTF-8"?>
           <!DOCTYPE plist PUBLIC "-//Apple//DTD PLIST 1.0//EN" "http://www.apple.com/DTDs/PropertyList-1.0.dtd">
           <plist version="1.0">
           <dict>
           	<key>CFBundleDevelopmentRegion</key>
           	<string>English</string>
           	<key>CFBundleDocumentTypes</key>
           	<array>
           		<dict>
           			<key>CFBundleTypeExtensions</key>
           			<array>
           				<string>ipr</string>
           			</array>
           			<key>CFBundleTypeIconFile</key>
           			<string>studio.icns</string>
           			<key>CFBundleTypeName</key>
           			<string>Android Studio Project File</string>
           			<key>CFBundleTypeRole</key>
           			<string>Editor</string>
           		</dict>
           		<dict>
           			<key>CFBundleTypeExtensions</key>
           			<array>
           				<string>*</string>
           			</array>
           			<key>CFBundleTypeName</key>
           			<string>All documents</string>
           			<key>CFBundleTypeOSTypes</key>
           			<array>
           				<string>****</string>
           			</array>
           			<key>CFBundleTypeRole</key>
           			<string>Editor</string>
           			<key>LSTypeIsPackage</key>
           			<false/>
           		</dict>
           	</array>
           	<key>CFBundleExecutable</key>
           	<string>studio</string>
           	<key>CFBundleGetInfoString</key>
           	<string>Android Studio 2025.2, build AI-252.28238.7.2523.14688667. Copyright JetBrains s.r.o., (c) 2000-2025</string>
           	<key>CFBundleIconFile</key>
           	<string>studio.icns</string>
           	<key>CFBundleIdentifier</key>
           	<string>com.google.android.studio</string>
           	<key>CFBundleInfoDictionaryVersion</key>
           	<string>6.0</string>
           	<key>CFBundleName</key>
           	<string>Android Studio</string>
           	<key>CFBundlePackageType</key>
           	<string>APPL</string>
           	<key>CFBundleShortVersionString</key>
           	<string>2025.2</string>
           	<key>CFBundleURLTypes</key>
           	<array>
           		<dict>
           			<key>CFBundleTypeRole</key>
           			<string>Editor</string>
           			<key>CFBundleURLName</key>
           			<string>Stacktrace</string>
           			<key>CFBundleURLSchemes</key>
           			<array>
           				<string>idea</string>
           			</array>
           		</dict>
           	</array>
           	<key>CFBundleVersion</key>
           	<string>AI-252.28238.7.2523.14688667</string>
           	<key>LSApplicationCategoryType</key>
           	<string>public.app-category.developer-tools</string>
           	<key>LSArchitecturePriority</key>
           	<array>
           		<string>arm64</string>
           	</array>
           	<key>LSMinimumSystemVersion</key>
           	<string>10.13</string>
           	<key>LSRequiresNativeExecution</key>
           	<string>YES</string>
           	<key>NSAppleEventsUsageDescription</key>
           	<string>An application in Android Studio requests the ability to send Apple events.</string>
           	<key>NSBluetoothAlwaysUsageDescription</key>
           	<string>An application in Android Studio requests access to Bluetooth.</string>
           	<key>NSCameraUsageDescription</key>
           	<string>An application in Android Studio requests access to the device's camera.</string>
           	<key>NSDesktopFolderUsageDescription</key>
           	<string>An application in Android Studio requests access to the user's Desktop folder.</string>
           	<key>NSDocumentsFolderUsageDescription</key>
           	<string>An application in Android Studio requests access to the user's Documents folder.</string>
           	<key>NSDownloadsFolderUsageDescription</key>
           	<string>An application in Android Studio requests access to the user's Downloads folder.</string>
           	<key>NSHighResolutionCapable</key>
           	<true/>
           	<key>NSLocalNetworkUsageDescription</key>
           	<string>Android Studio's features, such as SSH and database connectivity, require permissions for accessing the local network and sending broadcast requests.</string>
           	<key>NSLocationUsageDescription</key>
           	<string>An application in Android Studio requests access to the user's location information.</string>
           	<key>NSMicrophoneUsageDescription</key>
           	<string>An application in Android Studio requests access to the device's microphone.</string>
           	<key>NSNetworkVolumesUsageDescription</key>
           	<string>An application in Android Studio requests access to files on a network volume.</string>
           	<key>NSRemovableVolumesUsageDescription</key>
           	<string>An application in Android Studio requests access to files on a removable volume.</string>
           	<key>NSSupportsAutomaticGraphicsSwitching</key>
           	<true/>
           </dict>
           </plist>
[  +23 ms] executing: /Applications/Android Studio.app/Contents/jbr/Contents/Home/bin/java -version
[  +46 ms] Exit code 0 from: /Applications/Android Studio.app/Contents/jbr/Contents/Home/bin/java -version
[        ] openjdk version "21.0.8" 2025-07-15
           OpenJDK Runtime Environment (build 21.0.8+-14196175-b1038.72)
           OpenJDK 64-Bit Server VM (build 21.0.8+-14196175-b1038.72, mixed mode)
[   +4 ms] executing: /Applications/Android Studio.app/Contents/jbr/Contents/Home/bin/java --version
[  +46 ms] Exit code 0 from: /Applications/Android Studio.app/Contents/jbr/Contents/Home/bin/java --version
[        ] openjdk 21.0.8 2025-07-15
           OpenJDK Runtime Environment (build 21.0.8+-14196175-b1038.72)
           OpenJDK 64-Bit Server VM (build 21.0.8+-14196175-b1038.72, mixed mode)
[   +1 ms] Version of Java is different than impacted version, no migration attempted.
[  +10 ms] CMake project not found, skipping support Android 15 16k page size migration.
[   +1 ms] Using gradle from /Users/florian/Code/substitution/android/gradlew.
[   +8 ms] LocalFile: '/Users/florian/Code/substitution/android/build.gradle' provides AGP version from classpath: 8.6.0
[   +9 ms] Running Gradle task 'assembleDebug'...
[        ] executing: [/Users/florian/Code/substitution/android/] /Users/florian/Code/substitution/android/gradlew --full-stacktrace --info -Pverbose=true -PskipDependencyChecks=true -Ptarget-platform=android-arm64 -Ptarget=/var/folders/l_/w8pnbb9d38n57pzg9j98fmy80000gn/T/flutter_tools.wuOse9/flutter_test_listener.4sEjVc/listener.dart -Pbase-application-name=android.app.Application -Pdart-defines=TUFUUklYX1NFUlZFUj1odHRwOi8vbG9jYWxob3N0OjgwMDg=,TUFUUklYX1RFU1RfVVNFUj0=,TUFUUklYX1RFU1RfUEFTU1dPUkQ9,RkxVVFRFUl9WRVJTSU9OPTMuMzguOQ==,RkxVVFRFUl9DSEFOTkVMPXN0YWJsZQ==,RkxVVFRFUl9HSVRfVVJMPWh0dHBzOi8vZ2l0aHViLmNvbS9mbHV0dGVyL2ZsdXR0ZXIuZ2l0,RkxVVFRFUl9GUkFNRVdPUktfUkVWSVNJT049NjczMjNkZTI4NQ==,RkxVVFRFUl9FTkdJTkVfUkVWSVNJT049NTg3YzE4Zjg3Mw==,RkxVVFRFUl9EQVJUX1ZFUlNJT049My4xMC44,SU5URUdSQVRJT05fVEVTVF9TSE9VTERfUkVQT1JUX1JFU1VMVFNfVE9fTkFUSVZFPWZhbHNl -Pdart-obfuscation=false -Ptrack-widget-creation=true -Ptree-shake-icons=false assembleDebug
[ +266 ms] Initialized native services in: /Users/florian/.gradle/native
[        ] Initialized jansi services in: /Users/florian/.gradle/native
[ +113 ms] The client will now receive all logging from the daemon (pid: 43439). The daemon log file: /Users/florian/.gradle/daemon/8.12.1/daemon-43439.out.log
[  +97 ms] Starting 93rd build in daemon [uptime: 1 hrs 57 mins 49.841 secs, performance: 100%, GC rate: 0.00/s, heap usage: 0% of 4 GiB]
[        ] Using 32 worker leases.
[        ] Now considering [/Users/florian/Code/substitution/android, /opt/homebrew/share/flutter/packages/flutter_tools/gradle] as hierarchies to watch
[        ] Watching the file system is configured to be enabled if available
[        ] File system watching is active
[        ] Starting Build
[        ] Now considering [/opt/homebrew/share/flutter/packages/flutter_tools/gradle, /Users/florian/Code/substitution/android] as hierarchies to watch
[        ] > Configure project :gradle
[        ] Evaluating project ':gradle' using build file '/opt/homebrew/share/flutter/packages/flutter_tools/gradle/build.gradle.kts'.
[        ] Resolved plugin [id: 'org.gradle.java-gradle-plugin']
[        ] Resolved plugin [id: 'org.gradle.groovy']
[        ] Resolved plugin [id: 'org.gradle.kotlin.kotlin-dsl', version: '5.1.2']
[        ] Resolved plugin [id: 'org.jetbrains.kotlin.jvm', version: '1.9.20']
[        ] Using Kotlin Gradle Plugin gradle85 variant
[        ] kotlin scripting plugin: created the scripting discovery configuration: kotlinScriptDef
[        ] kotlin scripting plugin: created the scripting discovery configuration: testKotlinScriptDef
[        ] file or directory '/opt/homebrew/share/flutter/packages/flutter_tools/gradle/src/main/java', not found
[        ] Resolved plugin [id: 'dev.flutter.flutter-plugin-loader', version: '1.0.0']
[        ] Resolved plugin [id: 'com.android.application', version: '8.9.1', apply: false]
[        ] Resolved plugin [id: 'org.jetbrains.kotlin.android', version: '2.1.0', apply: false]
[        ] Resolve mutations for :gradle:checkKotlinGradlePluginConfigurationErrors (Thread[#37302,Execution worker,5,main]) started.
[        ] :gradle:checkKotlinGradlePluginConfigurationErrors (Thread[#37302,Execution worker,5,main]) started.
[        ] > Task :gradle:checkKotlinGradlePluginConfigurationErrors SKIPPED
[        ] Skipping task ':gradle:checkKotlinGradlePluginConfigurationErrors' as task onlyIf 'errorDiagnostics are present' is false.
[        ] Resolve mutations for :gradle:compileKotlin (Thread[#37302,Execution worker,5,main]) started.
[        ] :gradle:compileKotlin (Thread[#37302,Execution worker,5,main]) started.
[        ] > Task :gradle:compileKotlin UP-TO-DATE
[        ] Caching disabled for task ':gradle:compileKotlin' because:
[        ]   Build cache is disabled
[        ] Skipping task ':gradle:compileKotlin' as it is up-to-date.
[        ] Resolve mutations for :gradle:compileJava (Thread[#37302,Execution worker,5,main]) started.
[        ] :gradle:compileJava (Thread[#37302,Execution worker,5,main]) started.
[        ] > Task :gradle:compileJava NO-SOURCE
[        ] Skipping task ':gradle:compileJava' as it has no source files and no previous output files.
[        ] Resolve mutations for :gradle:compileGroovy (Thread[#37302,Execution worker,5,main]) started.
[        ] :gradle:compileGroovy (Thread[#37302,Execution worker,5,main]) started.
[        ] > Task :gradle:compileGroovy NO-SOURCE
[        ] Skipping task ':gradle:compileGroovy' as it has no source files and no previous output files.
[        ] Resolve mutations for :gradle:pluginDescriptors (Thread[#37302,Execution worker,5,main]) started.
[        ] :gradle:pluginDescriptors (Thread[#37302,Execution worker,5,main]) started.
[        ] > Task :gradle:pluginDescriptors UP-TO-DATE
[        ] Caching disabled for task ':gradle:pluginDescriptors' because:
[        ]   Build cache is disabled
[        ]   Not worth caching
[        ] Skipping task ':gradle:pluginDescriptors' as it is up-to-date.
[        ] Resolve mutations for :gradle:processResources (Thread[#37302,Execution worker,5,main]) started.
[        ] :gradle:processResources (Thread[#37302,Execution worker,5,main]) started.
[        ] > Task :gradle:processResources UP-TO-DATE
[        ] Caching disabled for task ':gradle:processResources' because:
[        ]   Build cache is disabled
[        ]   Not worth caching
[        ] Skipping task ':gradle:processResources' as it is up-to-date.
[        ] Resolve mutations for :gradle:classes (Thread[#37302,Execution worker,5,main]) started.
[        ] :gradle:classes (Thread[#37302,Execution worker,5,main]) started.
[        ] > Task :gradle:classes UP-TO-DATE
[        ] Skipping task ':gradle:classes' as it has no actions.
[        ] Resolve mutations for :gradle:jar (Thread[#37302,Execution worker,5,main]) started.
[        ] :gradle:jar (Thread[#37302,Execution worker,5,main]) started.
[        ] > Task :gradle:jar UP-TO-DATE
[        ] Caching disabled for task ':gradle:jar' because:
[        ]   Build cache is disabled
[        ]   Not worth caching
[        ] Skipping task ':gradle:jar' as it is up-to-date.
[        ] Settings evaluated using settings file '/Users/florian/Code/substitution/android/settings.gradle'.
[        ] Projects loaded. Root project using build file '/Users/florian/Code/substitution/android/build.gradle'.
[        ] Included projects: [root project 'android', project ':app', project ':connectivity_plus', project ':emoji_picker_flutter', project ':file_selector_android', project ':flutter_keyboard_visibility_temp_fork', project ':flutter_native_splash', project ':flutter_olm', project ':flutter_openssl_crypto', project ':integration_test', project ':path_provider_android', project ':quill_native_bridge_android', project ':shared_preferences_android', project ':sqflite_android', project ':url_launcher_android', project ':video_player_android']
[  +89 ms] > Configure project :app
[        ] Evaluating project ':app' using build file '/Users/florian/Code/substitution/android/app/build.gradle'.
[        ] Resolved plugin [id: 'com.android.application']
[        ] Resolved plugin [id: 'kotlin-android']
[        ] Resolved plugin [id: 'dev.flutter.flutter-gradle-plugin']
[        ] Using default execution profile
[        ] Using Kotlin Gradle Plugin gradle85 variant
[        ] C/C++: android.ndkVersion from module build.gradle is [28.2.13676358]
[        ] C/C++: android.ndkPath from module build.gradle is not set
[        ] C/C++: ndk.dir in local.properties is not set
[        ] C/C++: Not considering ANDROID_NDK_HOME because support was removed after deprecation period.
[        ] C/C++: sdkFolder is /Users/florian/Library/Android/sdk
[        ] C/C++: android.ndkVersion from module build.gradle is [28.2.13676358]
[        ] C/C++: android.ndkPath from module build.gradle is not set
[        ] C/C++: ndk.dir in local.properties is not set
[        ] C/C++: Not considering ANDROID_NDK_HOME because support was removed after deprecation period.
[        ] C/C++: sdkFolder is /Users/florian/Library/Android/sdk
[        ] C/C++: android.ndkVersion from module build.gradle is [28.2.13676358]
[        ] C/C++: android.ndkPath from module build.gradle is not set
[        ] C/C++: ndk.dir in local.properties is not set
[        ] C/C++: Not considering ANDROID_NDK_HOME because support was removed after deprecation period.
[        ] C/C++: sdkFolder is /Users/florian/Library/Android/sdk
[        ] C/C++: android.ndkVersion from module build.gradle is [28.2.13676358]
[        ] C/C++: android.ndkPath from module build.gradle is not set
[        ] C/C++: ndk.dir in local.properties is not set
[        ] C/C++: Not considering ANDROID_NDK_HOME because support was removed after deprecation period.
[        ] C/C++: sdkFolder is /Users/florian/Library/Android/sdk
[        ] C/C++: android.ndkVersion from module build.gradle is [28.2.13676358]
[        ] C/C++: android.ndkPath from module build.gradle is not set
[        ] C/C++: ndk.dir in local.properties is not set
[        ] C/C++: Not considering ANDROID_NDK_HOME because support was removed after deprecation period.
[        ] C/C++: sdkFolder is /Users/florian/Library/Android/sdk
[        ] C/C++: android.ndkVersion from module build.gradle is [28.2.13676358]
[        ] C/C++: android.ndkPath from module build.gradle is not set
[        ] C/C++: ndk.dir in local.properties is not set
[        ] C/C++: Not considering ANDROID_NDK_HOME because support was removed after deprecation period.
[        ] C/C++: sdkFolder is /Users/florian/Library/Android/sdk
[        ] C/C++: android.ndkVersion from module build.gradle is [28.2.13676358]
[        ] C/C++: android.ndkPath from module build.gradle is not set
[        ] C/C++: ndk.dir in local.properties is not set
[        ] C/C++: Not considering ANDROID_NDK_HOME because support was removed after deprecation period.
[        ] C/C++: sdkFolder is /Users/florian/Library/Android/sdk
[        ] C/C++: android.ndkVersion from module build.gradle is [28.2.13676358]
[        ] C/C++: android.ndkPath from module build.gradle is not set
[        ] C/C++: ndk.dir in local.properties is not set
[        ] C/C++: Not considering ANDROID_NDK_HOME because support was removed after deprecation period.
[        ] C/C++: sdkFolder is /Users/florian/Library/Android/sdk
[        ] C/C++: android.ndkVersion from module build.gradle is [28.2.13676358]
[        ] C/C++: android.ndkPath from module build.gradle is not set
[        ] C/C++: ndk.dir in local.properties is not set
[        ] C/C++: Not considering ANDROID_NDK_HOME because support was removed after deprecation period.
[        ] C/C++: sdkFolder is /Users/florian/Library/Android/sdk
[        ] C/C++: android.ndkVersion from module build.gradle is [28.2.13676358]
[        ] C/C++: android.ndkPath from module build.gradle is not set
[        ] C/C++: ndk.dir in local.properties is not set
[        ] C/C++: Not considering ANDROID_NDK_HOME because support was removed after deprecation period.
[        ] C/C++: sdkFolder is /Users/florian/Library/Android/sdk
[        ] C/C++: android.ndkVersion from module build.gradle is [28.2.13676358]
[        ] C/C++: android.ndkPath from module build.gradle is not set
[        ] C/C++: ndk.dir in local.properties is not set
[        ] C/C++: Not considering ANDROID_NDK_HOME because support was removed after deprecation period.
[        ] C/C++: sdkFolder is /Users/florian/Library/Android/sdk
[        ] C/C++: android.ndkVersion from module build.gradle is [28.2.13676358]
[        ] C/C++: android.ndkPath from module build.gradle is not set
[        ] C/C++: ndk.dir in local.properties is not set
[        ] C/C++: Not considering ANDROID_NDK_HOME because support was removed after deprecation period.
[        ] C/C++: sdkFolder is /Users/florian/Library/Android/sdk
[        ] C/C++: android.ndkVersion from module build.gradle is [28.2.13676358]
[        ] C/C++: android.ndkPath from module build.gradle is not set
[        ] C/C++: ndk.dir in local.properties is not set
[        ] C/C++: Not considering ANDROID_NDK_HOME because support was removed after deprecation period.
[        ] C/C++: sdkFolder is /Users/florian/Library/Android/sdk
[        ] C/C++: android.ndkVersion from module build.gradle is [28.2.13676358]
[        ] C/C++: android.ndkPath from module build.gradle is not set
[        ] C/C++: ndk.dir in local.properties is not set
[        ] C/C++: Not considering ANDROID_NDK_HOME because support was removed after deprecation period.
[        ] C/C++: sdkFolder is /Users/florian/Library/Android/sdk
[        ] C/C++: android.ndkVersion from module build.gradle is [28.2.13676358]
[        ] C/C++: android.ndkPath from module build.gradle is not set
[        ] C/C++: ndk.dir in local.properties is not set
[        ] C/C++: Not considering ANDROID_NDK_HOME because support was removed after deprecation period.
[        ] C/C++: sdkFolder is /Users/florian/Library/Android/sdk
[        ] C/C++: android.ndkVersion from module build.gradle is [28.2.13676358]
[        ] C/C++: android.ndkPath from module build.gradle is not set
[        ] C/C++: ndk.dir in local.properties is not set
[        ] C/C++: Not considering ANDROID_NDK_HOME because support was removed after deprecation period.
[        ] C/C++: sdkFolder is /Users/florian/Library/Android/sdk
[        ] C/C++: android.ndkVersion from module build.gradle is [28.2.13676358]
[        ] C/C++: android.ndkPath from module build.gradle is not set
[        ] C/C++: ndk.dir in local.properties is not set
[        ] C/C++: Not considering ANDROID_NDK_HOME because support was removed after deprecation period.
[        ] C/C++: sdkFolder is /Users/florian/Library/Android/sdk
[        ] C/C++: android.ndkVersion from module build.gradle is [28.2.13676358]
[        ] C/C++: android.ndkPath from module build.gradle is not set
[        ] C/C++: ndk.dir in local.properties is not set
[        ] C/C++: Not considering ANDROID_NDK_HOME because support was removed after deprecation period.
[        ] C/C++: sdkFolder is /Users/florian/Library/Android/sdk
[        ] C/C++: android.ndkVersion from module build.gradle is [28.2.13676358]
[        ] C/C++: android.ndkPath from module build.gradle is not set
[        ] C/C++: ndk.dir in local.properties is not set
[        ] C/C++: Not considering ANDROID_NDK_HOME because support was removed after deprecation period.
[        ] C/C++: sdkFolder is /Users/florian/Library/Android/sdk
[        ] > Configure project :
[        ] Evaluating root project 'android' using build file '/Users/florian/Code/substitution/android/build.gradle'.
[        ] > Configure project :connectivity_plus
[        ] Evaluating project ':connectivity_plus' using build file '/Users/florian/.pub-cache/hosted/pub.dev/connectivity_plus-5.0.2/android/build.gradle'.
[        ] Using default execution profile
[        ] > Configure project :emoji_picker_flutter
[        ] Evaluating project ':emoji_picker_flutter' using build file '/Users/florian/.pub-cache/hosted/pub.dev/emoji_picker_flutter-4.4.0/android/build.gradle'.
[        ] Using default execution profile
[        ] Using Kotlin Gradle Plugin gradle85 variant
[        ] > Configure project :file_selector_android
[        ] Evaluating project ':file_selector_android' using build file '/Users/florian/.pub-cache/hosted/pub.dev/file_selector_android-0.5.2+4/android/build.gradle'.
[        ] Using default execution profile
[        ] > Configure project :flutter_keyboard_visibility_temp_fork
[        ] Evaluating project ':flutter_keyboard_visibility_temp_fork' using build file '/Users/florian/.pub-cache/hosted/pub.dev/flutter_keyboard_visibility_temp_fork-0.1.5/android/build.gradle'.
[        ] Using default execution profile
[  +96 ms] > Configure project :flutter_native_splash
[        ] Evaluating project ':flutter_native_splash' using build file '/Users/florian/.pub-cache/hosted/pub.dev/flutter_native_splash-2.4.7/android/build.gradle'.
[        ] Using default execution profile
[        ] > Configure project :flutter_olm
[        ] Evaluating project ':flutter_olm' using build file '/Users/florian/.pub-cache/hosted/pub.dev/flutter_olm-2.0.0/android/build.gradle'.
[        ] Using default execution profile
[        ] Using Kotlin Gradle Plugin gradle85 variant
[        ] C/C++: android.ndkVersion from module build.gradle is [27.0.12077973]
[        ] C/C++: android.ndkPath from module build.gradle is not set
[        ] C/C++: ndk.dir in local.properties is not set
[        ] C/C++: Not considering ANDROID_NDK_HOME because support was removed after deprecation period.
[        ] C/C++: sdkFolder is /Users/florian/Library/Android/sdk
[        ] C/C++: android.ndkVersion from module build.gradle is [27.0.12077973]
[        ] C/C++: android.ndkPath from module build.gradle is not set
[        ] C/C++: ndk.dir in local.properties is not set
[        ] C/C++: Not considering ANDROID_NDK_HOME because support was removed after deprecation period.
[        ] C/C++: sdkFolder is /Users/florian/Library/Android/sdk
[        ] C/C++: android.ndkVersion from module build.gradle is [27.0.12077973]
[        ] C/C++: android.ndkPath from module build.gradle is not set
[        ] C/C++: ndk.dir in local.properties is not set
[        ] C/C++: Not considering ANDROID_NDK_HOME because support was removed after deprecation period.
[        ] C/C++: sdkFolder is /Users/florian/Library/Android/sdk
[        ] C/C++: android.ndkVersion from module build.gradle is [27.0.12077973]
[        ] C/C++: android.ndkPath from module build.gradle is not set
[        ] C/C++: ndk.dir in local.properties is not set
[        ] C/C++: Not considering ANDROID_NDK_HOME because support was removed after deprecation period.
[        ] C/C++: sdkFolder is /Users/florian/Library/Android/sdk
[        ] C/C++: android.ndkVersion from module build.gradle is [27.0.12077973]
[        ] C/C++: android.ndkPath from module build.gradle is not set
[        ] C/C++: ndk.dir in local.properties is not set
[        ] C/C++: Not considering ANDROID_NDK_HOME because support was removed after deprecation period.
[        ] C/C++: sdkFolder is /Users/florian/Library/Android/sdk
[        ] C/C++: android.ndkVersion from module build.gradle is [27.0.12077973]
[        ] C/C++: android.ndkPath from module build.gradle is not set
[        ] C/C++: ndk.dir in local.properties is not set
[        ] C/C++: Not considering ANDROID_NDK_HOME because support was removed after deprecation period.
[        ] C/C++: sdkFolder is /Users/florian/Library/Android/sdk
[        ] C/C++: android.ndkVersion from module build.gradle is [27.0.12077973]
[        ] C/C++: android.ndkPath from module build.gradle is not set
[        ] C/C++: ndk.dir in local.properties is not set
[        ] C/C++: Not considering ANDROID_NDK_HOME because support was removed after deprecation period.
[        ] C/C++: sdkFolder is /Users/florian/Library/Android/sdk
[        ] C/C++: android.ndkVersion from module build.gradle is [27.0.12077973]
[        ] C/C++: android.ndkPath from module build.gradle is not set
[        ] C/C++: ndk.dir in local.properties is not set
[        ] C/C++: Not considering ANDROID_NDK_HOME because support was removed after deprecation period.
[        ] C/C++: sdkFolder is /Users/florian/Library/Android/sdk
[        ] C/C++: android.ndkVersion from module build.gradle is [27.0.12077973]
[        ] C/C++: android.ndkPath from module build.gradle is not set
[        ] C/C++: ndk.dir in local.properties is not set
[        ] C/C++: Not considering ANDROID_NDK_HOME because support was removed after deprecation period.
[        ] C/C++: sdkFolder is /Users/florian/Library/Android/sdk
[        ] C/C++: android.ndkVersion from module build.gradle is [27.0.12077973]
[        ] C/C++: android.ndkPath from module build.gradle is not set
[        ] C/C++: ndk.dir in local.properties is not set
[        ] C/C++: Not considering ANDROID_NDK_HOME because support was removed after deprecation period.
[        ] C/C++: sdkFolder is /Users/florian/Library/Android/sdk
[        ] C/C++: android.ndkVersion from module build.gradle is [27.0.12077973]
[        ] C/C++: android.ndkPath from module build.gradle is not set
[        ] C/C++: ndk.dir in local.properties is not set
[        ] C/C++: Not considering ANDROID_NDK_HOME because support was removed after deprecation period.
[        ] C/C++: sdkFolder is /Users/florian/Library/Android/sdk
[        ] C/C++: android.ndkVersion from module build.gradle is [27.0.12077973]
[        ] C/C++: android.ndkPath from module build.gradle is not set
[        ] C/C++: ndk.dir in local.properties is not set
[        ] C/C++: Not considering ANDROID_NDK_HOME because support was removed after deprecation period.
[        ] C/C++: sdkFolder is /Users/florian/Library/Android/sdk
[        ] C/C++: android.ndkVersion from module build.gradle is [27.0.12077973]
[        ] C/C++: android.ndkPath from module build.gradle is not set
[        ] C/C++: ndk.dir in local.properties is not set
[        ] C/C++: Not considering ANDROID_NDK_HOME because support was removed after deprecation period.
[        ] C/C++: sdkFolder is /Users/florian/Library/Android/sdk
[        ] C/C++: android.ndkVersion from module build.gradle is [27.0.12077973]
[        ] C/C++: android.ndkPath from module build.gradle is not set
[        ] C/C++: ndk.dir in local.properties is not set
[        ] C/C++: Not considering ANDROID_NDK_HOME because support was removed after deprecation period.
[        ] C/C++: sdkFolder is /Users/florian/Library/Android/sdk
[        ] C/C++: android.ndkVersion from module build.gradle is [27.0.12077973]
[        ] C/C++: android.ndkPath from module build.gradle is not set
[        ] C/C++: ndk.dir in local.properties is not set
[        ] C/C++: Not considering ANDROID_NDK_HOME because support was removed after deprecation period.
[        ] C/C++: sdkFolder is /Users/florian/Library/Android/sdk
[        ] C/C++: android.ndkVersion from module build.gradle is [27.0.12077973]
[        ] C/C++: android.ndkPath from module build.gradle is not set
[        ] C/C++: ndk.dir in local.properties is not set
[        ] C/C++: Not considering ANDROID_NDK_HOME because support was removed after deprecation period.
[        ] C/C++: sdkFolder is /Users/florian/Library/Android/sdk
[        ] C/C++: android.ndkVersion from module build.gradle is [27.0.12077973]
[        ] C/C++: android.ndkPath from module build.gradle is not set
[        ] C/C++: ndk.dir in local.properties is not set
[        ] C/C++: Not considering ANDROID_NDK_HOME because support was removed after deprecation period.
[        ] C/C++: sdkFolder is /Users/florian/Library/Android/sdk
[        ] C/C++: android.ndkVersion from module build.gradle is [27.0.12077973]
[        ] C/C++: android.ndkPath from module build.gradle is not set
[        ] C/C++: ndk.dir in local.properties is not set
[        ] C/C++: Not considering ANDROID_NDK_HOME because support was removed after deprecation period.
[        ] C/C++: sdkFolder is /Users/florian/Library/Android/sdk
[        ] C/C++: android.ndkVersion from module build.gradle is [27.0.12077973]
[        ] C/C++: android.ndkPath from module build.gradle is not set
[        ] C/C++: ndk.dir in local.properties is not set
[        ] C/C++: Not considering ANDROID_NDK_HOME because support was removed after deprecation period.
[        ] C/C++: sdkFolder is /Users/florian/Library/Android/sdk
[        ] > Configure project :flutter_openssl_crypto
[        ] Evaluating project ':flutter_openssl_crypto' using build file '/Users/florian/.pub-cache/hosted/pub.dev/flutter_openssl_crypto-0.5.0/android/build.gradle'.
[        ] Using default execution profile
[        ] Using Kotlin Gradle Plugin gradle85 variant
[        ] C/C++: android.ndkVersion from module build.gradle is [27.0.12077973]
[        ] C/C++: android.ndkPath from module build.gradle is not set
[        ] C/C++: ndk.dir in local.properties is not set
[        ] C/C++: Not considering ANDROID_NDK_HOME because support was removed after deprecation period.
[        ] C/C++: sdkFolder is /Users/florian/Library/Android/sdk
[        ] C/C++: android.ndkVersion from module build.gradle is [27.0.12077973]
[        ] C/C++: android.ndkPath from module build.gradle is not set
[        ] C/C++: ndk.dir in local.properties is not set
[        ] C/C++: Not considering ANDROID_NDK_HOME because support was removed after deprecation period.
[        ] C/C++: sdkFolder is /Users/florian/Library/Android/sdk
[        ] C/C++: android.ndkVersion from module build.gradle is [27.0.12077973]
[        ] C/C++: android.ndkPath from module build.gradle is not set
[        ] C/C++: ndk.dir in local.properties is not set
[        ] C/C++: Not considering ANDROID_NDK_HOME because support was removed after deprecation period.
[        ] C/C++: sdkFolder is /Users/florian/Library/Android/sdk
[        ] C/C++: android.ndkVersion from module build.gradle is [27.0.12077973]
[        ] C/C++: android.ndkPath from module build.gradle is not set
[        ] C/C++: ndk.dir in local.properties is not set
[        ] C/C++: Not considering ANDROID_NDK_HOME because support was removed after deprecation period.
[        ] C/C++: sdkFolder is /Users/florian/Library/Android/sdk
[        ] C/C++: android.ndkVersion from module build.gradle is [27.0.12077973]
[        ] C/C++: android.ndkPath from module build.gradle is not set
[        ] C/C++: ndk.dir in local.properties is not set
[        ] C/C++: Not considering ANDROID_NDK_HOME because support was removed after deprecation period.
[        ] C/C++: sdkFolder is /Users/florian/Library/Android/sdk
[        ] C/C++: android.ndkVersion from module build.gradle is [27.0.12077973]
[        ] C/C++: android.ndkPath from module build.gradle is not set
[        ] C/C++: ndk.dir in local.properties is not set
[        ] C/C++: Not considering ANDROID_NDK_HOME because support was removed after deprecation period.
[        ] C/C++: sdkFolder is /Users/florian/Library/Android/sdk
[        ] C/C++: android.ndkVersion from module build.gradle is [27.0.12077973]
[        ] C/C++: android.ndkPath from module build.gradle is not set
[        ] C/C++: ndk.dir in local.properties is not set
[        ] C/C++: Not considering ANDROID_NDK_HOME because support was removed after deprecation period.
[        ] C/C++: sdkFolder is /Users/florian/Library/Android/sdk
[        ] C/C++: android.ndkVersion from module build.gradle is [27.0.12077973]
[        ] C/C++: android.ndkPath from module build.gradle is not set
[        ] C/C++: ndk.dir in local.properties is not set
[        ] C/C++: Not considering ANDROID_NDK_HOME because support was removed after deprecation period.
[        ] C/C++: sdkFolder is /Users/florian/Library/Android/sdk
[        ] C/C++: android.ndkVersion from module build.gradle is [27.0.12077973]
[        ] C/C++: android.ndkPath from module build.gradle is not set
[        ] C/C++: ndk.dir in local.properties is not set
[        ] C/C++: Not considering ANDROID_NDK_HOME because support was removed after deprecation period.
[        ] C/C++: sdkFolder is /Users/florian/Library/Android/sdk
[        ] C/C++: android.ndkVersion from module build.gradle is [27.0.12077973]
[        ] C/C++: android.ndkPath from module build.gradle is not set
[        ] C/C++: ndk.dir in local.properties is not set
[        ] C/C++: Not considering ANDROID_NDK_HOME because support was removed after deprecation period.
[        ] C/C++: sdkFolder is /Users/florian/Library/Android/sdk
[        ] C/C++: android.ndkVersion from module build.gradle is [27.0.12077973]
[        ] C/C++: android.ndkPath from module build.gradle is not set
[        ] C/C++: ndk.dir in local.properties is not set
[        ] C/C++: Not considering ANDROID_NDK_HOME because support was removed after deprecation period.
[        ] C/C++: sdkFolder is /Users/florian/Library/Android/sdk
[        ] C/C++: android.ndkVersion from module build.gradle is [27.0.12077973]
[        ] C/C++: android.ndkPath from module build.gradle is not set
[        ] C/C++: ndk.dir in local.properties is not set
[        ] C/C++: Not considering ANDROID_NDK_HOME because support was removed after deprecation period.
[        ] C/C++: sdkFolder is /Users/florian/Library/Android/sdk
[        ] C/C++: android.ndkVersion from module build.gradle is [27.0.12077973]
[        ] C/C++: android.ndkPath from module build.gradle is not set
[        ] C/C++: ndk.dir in local.properties is not set
[        ] C/C++: Not considering ANDROID_NDK_HOME because support was removed after deprecation period.
[        ] C/C++: sdkFolder is /Users/florian/Library/Android/sdk
[        ] C/C++: android.ndkVersion from module build.gradle is [27.0.12077973]
[        ] C/C++: android.ndkPath from module build.gradle is not set
[        ] C/C++: ndk.dir in local.properties is not set
[        ] C/C++: Not considering ANDROID_NDK_HOME because support was removed after deprecation period.
[        ] C/C++: sdkFolder is /Users/florian/Library/Android/sdk
[        ] C/C++: android.ndkVersion from module build.gradle is [27.0.12077973]
[        ] C/C++: android.ndkPath from module build.gradle is not set
[        ] C/C++: ndk.dir in local.properties is not set
[        ] C/C++: Not considering ANDROID_NDK_HOME because support was removed after deprecation period.
[        ] C/C++: sdkFolder is /Users/florian/Library/Android/sdk
[        ] C/C++: android.ndkVersion from module build.gradle is [27.0.12077973]
[        ] C/C++: android.ndkPath from module build.gradle is not set
[        ] C/C++: ndk.dir in local.properties is not set
[        ] C/C++: Not considering ANDROID_NDK_HOME because support was removed after deprecation period.
[        ] C/C++: sdkFolder is /Users/florian/Library/Android/sdk
[        ] C/C++: android.ndkVersion from module build.gradle is [27.0.12077973]
[        ] C/C++: android.ndkPath from module build.gradle is not set
[        ] C/C++: ndk.dir in local.properties is not set
[        ] C/C++: Not considering ANDROID_NDK_HOME because support was removed after deprecation period.
[        ] C/C++: sdkFolder is /Users/florian/Library/Android/sdk
[        ] C/C++: android.ndkVersion from module build.gradle is [27.0.12077973]
[        ] C/C++: android.ndkPath from module build.gradle is not set
[        ] C/C++: ndk.dir in local.properties is not set
[        ] C/C++: Not considering ANDROID_NDK_HOME because support was removed after deprecation period.
[        ] C/C++: sdkFolder is /Users/florian/Library/Android/sdk
[        ] C/C++: android.ndkVersion from module build.gradle is [27.0.12077973]
[        ] C/C++: android.ndkPath from module build.gradle is not set
[        ] C/C++: ndk.dir in local.properties is not set
[        ] C/C++: Not considering ANDROID_NDK_HOME because support was removed after deprecation period.
[        ] C/C++: sdkFolder is /Users/florian/Library/Android/sdk
[        ] > Configure project :integration_test
[        ] Evaluating project ':integration_test' using build file '/opt/homebrew/share/flutter/packages/integration_test/android/build.gradle.kts'.
[        ] Resolved plugin [id: 'com.android.library']
[        ] Using default execution profile
[        ] > Configure project :path_provider_android
[        ] Evaluating project ':path_provider_android' using build file '/Users/florian/.pub-cache/hosted/pub.dev/path_provider_android-2.2.22/android/build.gradle'.
[        ] Using default execution profile
[        ] > Configure project :quill_native_bridge_android
[        ] Evaluating project ':quill_native_bridge_android' using build file '/Users/florian/.pub-cache/hosted/pub.dev/quill_native_bridge_android-0.0.1+2/android/build.gradle'.
[        ] Using default execution profile
[        ] Using Kotlin Gradle Plugin gradle85 variant
00:01 +0: loading /Users/florian/Code/substitution/integration_test/interaction_with_matrix_test.dart                                                                                                  [ +101 ms] > Configure project :shared_preferences_android
[        ] Evaluating project ':shared_preferences_android' using build file '/Users/florian/.pub-cache/hosted/pub.dev/shared_preferences_android-2.4.20/android/build.gradle'.
[        ] Using default execution profile
[        ] Using Kotlin Gradle Plugin gradle85 variant
[        ] > Configure project :sqflite_android
[        ] Evaluating project ':sqflite_android' using build file '/Users/florian/.pub-cache/hosted/pub.dev/sqflite_android-2.4.2+2/android/build.gradle'.
[        ] Using default execution profile
[        ] > Configure project :url_launcher_android
[        ] Evaluating project ':url_launcher_android' using build file '/Users/florian/.pub-cache/hosted/pub.dev/url_launcher_android-6.3.28/android/build.gradle'.
[        ] Using default execution profile
[        ] > Configure project :video_player_android
[        ] Evaluating project ':video_player_android' using build file '/Users/florian/.pub-cache/hosted/pub.dev/video_player_android-2.9.1/android/build.gradle'.
[        ] Using default execution profile
[        ] Using Kotlin Gradle Plugin gradle85 variant
[        ] All projects evaluated.
[        ] Task name matched 'assembleDebug'
[        ] Selected primary task 'assembleDebug' from project :
[        ] Adding -Xuse-inline-scopes-numbers Kotlin compiler flag for task :app:compileDebugKotlin
[  +94 ms] Tasks to be executed: [task ':app:preBuild', task ':app:preDebugBuild', task ':app:mergeDebugNativeDebugMetadata', task ':app:checkKotlinGradlePluginConfigurationErrors', task ':app:compileFlutterBuildDebug', task ':app:packJniLibsflutterBuildDebug', task ':connectivity_plus:preBuild', task ':connectivity_plus:preDebugBuild', task ':connectivity_plus:writeDebugAarMetadata', task ':emoji_picker_flutter:preBuild', task ':emoji_picker_flutter:preDebugBuild', task ':emoji_picker_flutter:writeDebugAarMetadata', task ':file_selector_android:preBuild', task ':file_selector_android:preDebugBuild', task ':file_selector_android:writeDebugAarMetadata', task ':flutter_keyboard_visibility_temp_fork:preBuild', task ':flutter_keyboard_visibility_temp_fork:preDebugBuild', task ':flutter_keyboard_visibility_temp_fork:writeDebugAarMetadata', task ':flutter_native_splash:preBuild', task ':flutter_native_splash:preDebugBuild', task ':flutter_native_splash:writeDebugAarMetadata', task ':flutter_olm:preBuild', task ':flutter_olm:preDebugBuild', task ':flutter_olm:writeDebugAarMetadata', task ':flutter_openssl_crypto:preBuild', task ':flutter_openssl_crypto:preDebugBuild', task ':flutter_openssl_crypto:writeDebugAarMetadata', task ':integration_test:preBuild', task ':integration_test:preDebugBuild', task ':integration_test:writeDebugAarMetadata', task ':path_provider_android:preBuild', task ':path_provider_android:preDebugBuild', task ':path_provider_android:writeDebugAarMetadata', task ':quill_native_bridge_android:preBuild', task ':quill_native_bridge_android:preDebugBuild', task ':quill_native_bridge_android:writeDebugAarMetadata', task ':shared_preferences_android:preBuild', task ':shared_preferences_android:preDebugBuild', task ':shared_preferences_android:writeDebugAarMetadata', task ':sqflite_android:preBuild', task ':sqflite_android:preDebugBuild', task ':sqflite_android:writeDebugAarMetadata', task ':url_launcher_android:preBuild', task ':url_launcher_android:preDebugBuild', task ':url_launcher_android:writeDebugAarMetadata', task ':video_player_android:preBuild', task ':video_player_android:preDebugBuild', task ':video_player_android:writeDebugAarMetadata', task ':app:checkDebugAarMetadata', task ':app:cleanMergeDebugAssets', task ':app:mergeDebugShaders', task ':app:compileDebugShaders', task ':app:generateDebugAssets', task ':connectivity_plus:mergeDebugShaders', task ':connectivity_plus:compileDebugShaders', task ':connectivity_plus:generateDebugAssets', task ':connectivity_plus:mergeDebugAssets', task ':emoji_picker_flutter:mergeDebugShaders', task ':emoji_picker_flutter:compileDebugShaders', task ':emoji_picker_flutter:generateDebugAssets', task ':emoji_picker_flutter:mergeDebugAssets', task ':file_selector_android:mergeDebugShaders', task ':file_selector_android:compileDebugShaders', task ':file_selector_android:generateDebugAssets', task ':file_selector_android:mergeDebugAssets', task ':flutter_keyboard_visibility_temp_fork:mergeDebugShaders', task ':flutter_keyboard_visibility_temp_fork:compileDebugShaders', task ':flutter_keyboard_visibility_temp_fork:generateDebugAssets', task ':flutter_keyboard_visibility_temp_fork:mergeDebugAssets', task ':flutter_native_splash:mergeDebugShaders', task ':flutter_native_splash:compileDebugShaders', task ':flutter_native_splash:generateDebugAssets', task ':flutter_native_splash:mergeDebugAssets', task ':flutter_olm:mergeDebugShaders', task ':flutter_olm:compileDebugShaders', task ':flutter_olm:generateDebugAssets', task ':flutter_olm:mergeDebugAssets', task ':flutter_openssl_crypto:mergeDebugShaders', task ':flutter_openssl_crypto:compileDebugShaders', task ':flutter_openssl_crypto:generateDebugAssets', task ':flutter_openssl_crypto:mergeDebugAssets', task ':integration_test:mergeDebugShaders', task ':integration_test:compileDebugShaders', task ':integration_test:generateDebugAssets', task ':integration_test:mergeDebugAssets', task ':path_provider_android:mergeDebugShaders', task ':path_provider_android:compileDebugShaders', task ':path_provider_android:generateDebugAssets', task ':path_provider_android:mergeDebugAssets', task ':quill_native_bridge_android:mergeDebugShaders', task ':quill_native_bridge_android:compileDebugShaders', task ':quill_native_bridge_android:generateDebugAssets', task ':quill_native_bridge_android:mergeDebugAssets', task ':shared_preferences_android:mergeDebugShaders', task ':shared_preferences_android:compileDebugShaders', task ':shared_preferences_android:generateDebugAssets', task ':shared_preferences_android:mergeDebugAssets', task ':sqflite_android:mergeDebugShaders', task ':sqflite_android:compileDebugShaders', task ':sqflite_android:generateDebugAssets', task ':sqflite_android:mergeDebugAssets', task ':url_launcher_android:mergeDebugShaders', task ':url_launcher_android:compileDebugShaders', task ':url_launcher_android:generateDebugAssets', task ':url_launcher_android:mergeDebugAssets', task ':video_player_android:mergeDebugShaders', task ':video_player_android:compileDebugShaders', task ':video_player_android:generateDebugAssets', task ':video_player_android:mergeDebugAssets', task ':app:mergeDebugAssets', task ':app:copyFlutterAssetsDebug', task ':app:generateDebugResValues', task ':connectivity_plus:generateDebugResValues', task ':connectivity_plus:generateDebugResources', task ':connectivity_plus:packageDebugResources', task ':emoji_picker_flutter:generateDebugResValues', task ':emoji_picker_flutter:generateDebugResources', task ':emoji_picker_flutter:packageDebugResources', task ':file_selector_android:generateDebugResValues', task ':file_selector_android:generateDebugResources', task ':file_selector_android:packageDebugResources', task ':flutter_keyboard_visibility_temp_fork:generateDebugResValues', task ':flutter_keyboard_visibility_temp_fork:generateDebugResources', task ':flutter_keyboard_visibility_temp_fork:packageDebugResources', task ':flutter_native_splash:generateDebugResValues', task ':flutter_native_splash:generateDebugResources', task ':flutter_native_splash:packageDebugResources', task ':flutter_olm:generateDebugResValues', task ':flutter_olm:generateDebugResources', task ':flutter_olm:packageDebugResources', task ':flutter_openssl_crypto:generateDebugResValues', task ':flutter_openssl_crypto:generateDebugResources', task ':flutter_openssl_crypto:packageDebugResources', task ':integration_test:generateDebugResValues', task ':integration_test:generateDebugResources', task ':integration_test:packageDebugResources', task ':path_provider_android:generateDebugResValues', task ':path_provider_android:generateDebugResources', task ':path_provider_android:packageDebugResources', task ':quill_native_bridge_android:generateDebugResValues', task ':quill_native_bridge_android:generateDebugResources', task ':quill_native_bridge_android:packageDebugResources', task ':shared_preferences_android:generateDebugResValues', task ':shared_preferences_android:generateDebugResources', task ':shared_preferences_android:packageDebugResources', task ':sqflite_android:generateDebugResValues', task ':sqflite_android:generateDebugResources', task ':sqflite_android:packageDebugResources', task ':url_launcher_android:generateDebugResValues', task ':url_launcher_android:generateDebugResources', task ':url_launcher_android:packageDebugResources', task ':video_player_android:generateDebugResValues', task ':video_player_android:generateDebugResources', task ':video_player_android:packageDebugResources', task ':app:mapDebugSourceSetPaths', task ':app:generateDebugResources', task ':app:mergeDebugResources', task ':app:packageDebugResources', task ':app:parseDebugLocalResources', task ':app:createDebugCompatibleScreenManifests', task ':app:extractDeepLinksDebug', task ':connectivity_plus:extractDeepLinksDebug', task ':connectivity_plus:processDebugManifest', task ':emoji_picker_flutter:extractDeepLinksDebug', task ':emoji_picker_flutter:processDebugManifest', task ':file_selector_android:extractDeepLinksDebug', task ':file_selector_android:processDebugManifest', task ':flutter_keyboard_visibility_temp_fork:extractDeepLinksDebug', task ':flutter_keyboard_visibility_temp_fork:processDebugManifest', task ':flutter_native_splash:extractDeepLinksDebug', task ':flutter_native_splash:processDebugManifest', task ':flutter_olm:extractDeepLinksDebug', task ':flutter_olm:processDebugManifest', task ':flutter_openssl_crypto:extractDeepLinksDebug', task ':flutter_openssl_crypto:processDebugManifest', task ':integration_test:extractDeepLinksDebug', task ':integration_test:processDebugManifest', task ':path_provider_android:extractDeepLinksDebug', task ':path_provider_android:processDebugManifest', task ':quill_native_bridge_android:extractDeepLinksDebug', task ':quill_native_bridge_android:processDebugManifest', task ':shared_preferences_android:extractDeepLinksDebug', task ':shared_preferences_android:processDebugManifest', task ':sqflite_android:extractDeepLinksDebug', task ':sqflite_android:processDebugManifest', task ':url_launcher_android:extractDeepLinksDebug', task ':url_launcher_android:processDebugManifest', task ':video_player_android:extractDeepLinksDebug', task ':video_player_android:processDebugManifest', task ':app:processDebugMainManifest', task ':app:outputDebugAppLinkSettings', task ':app:processDebugManifest', task ':app:processDebugManifestForPackage', task ':connectivity_plus:compileDebugLibraryResources', task ':connectivity_plus:parseDebugLocalResources', task ':connectivity_plus:generateDebugRFile', task ':emoji_picker_flutter:compileDebugLibraryResources', task ':emoji_picker_flutter:parseDebugLocalResources', task ':emoji_picker_flutter:generateDebugRFile', task ':file_selector_android:compileDebugLibraryResources', task ':file_selector_android:parseDebugLocalResources', task ':file_selector_android:generateDebugRFile', task ':flutter_keyboard_visibility_temp_fork:compileDebugLibraryResources', task ':flutter_keyboard_visibility_temp_fork:parseDebugLocalResources', task ':flutter_keyboard_visibility_temp_fork:generateDebugRFile', task ':flutter_native_splash:compileDebugLibraryResources', task ':flutter_native_splash:parseDebugLocalResources', task ':flutter_native_splash:generateDebugRFile', task ':flutter_olm:compileDebugLibraryResources', task ':flutter_olm:parseDebugLocalResources', task ':flutter_olm:generateDebugRFile', task ':flutter_openssl_crypto:compileDebugLibraryResources', task ':flutter_openssl_crypto:parseDebugLocalResources', task ':flutter_openssl_crypto:generateDebugRFile', task ':integration_test:compileDebugLibraryResources', task ':integration_test:parseDebugLocalResources', task ':integration_test:generateDebugRFile', task ':path_provider_android:compileDebugLibraryResources', task ':path_provider_android:parseDebugLocalResources', task ':path_provider_android:generateDebugRFile', task ':quill_native_bridge_android:compileDebugLibraryResources', task ':quill_native_bridge_android:parseDebugLocalResources', task ':quill_native_bridge_android:generateDebugRFile', task ':shared_preferences_android:compileDebugLibraryResources', task ':shared_preferences_android:parseDebugLocalResources', task ':shared_preferences_android:generateDebugRFile', task ':sqflite_android:compileDebugLibraryResources', task ':sqflite_android:parseDebugLocalResources', task ':sqflite_android:generateDebugRFile', task ':url_launcher_android:compileDebugLibraryResources', task ':url_launcher_android:parseDebugLocalResources', task ':url_launcher_android:generateDebugRFile', task ':video_player_android:compileDebugLibraryResources', task ':video_player_android:parseDebugLocalResources', task ':video_player_android:generateDebugRFile', task ':app:processDebugResources', task ':connectivity_plus:javaPreCompileDebug', task ':connectivity_plus:compileDebugJavaWithJavac', task ':connectivity_plus:bundleLibCompileToJarDebug', task ':emoji_picker_flutter:checkKotlinGradlePluginConfigurationErrors', task ':emoji_picker_flutter:compileDebugKotlin', task ':emoji_picker_flutter:javaPreCompileDebug', task ':emoji_picker_flutter:compileDebugJavaWithJavac', task ':emoji_picker_flutter:bundleLibCompileToJarDebug', task ':file_selector_android:javaPreCompileDebug', task ':file_selector_android:compileDebugJavaWithJavac', task ':file_selector_android:bundleLibCompileToJarDebug', task ':flutter_keyboard_visibility_temp_fork:javaPreCompileDebug', task ':flutter_keyboard_visibility_temp_fork:compileDebugJavaWithJavac', task ':flutter_keyboard_visibility_temp_fork:bundleLibCompileToJarDebug', task ':flutter_native_splash:javaPreCompileDebug', task ':flutter_native_splash:compileDebugJavaWithJavac', task ':flutter_native_splash:bundleLibCompileToJarDebug', task ':flutter_olm:checkKotlinGradlePluginConfigurationErrors', task ':flutter_olm:compileDebugKotlin', task ':flutter_olm:javaPreCompileDebug', task ':flutter_olm:compileDebugJavaWithJavac', task ':flutter_olm:bundleLibCompileToJarDebug', task ':flutter_openssl_crypto:checkKotlinGradlePluginConfigurationErrors', task ':flutter_openssl_crypto:compileDebugKotlin', task ':flutter_openssl_crypto:javaPreCompileDebug', task ':flutter_openssl_crypto:compileDebugJavaWithJavac', task ':flutter_openssl_crypto:bundleLibCompileToJarDebug', task ':integration_test:javaPreCompileDebug', task ':integration_test:compileDebugJavaWithJavac', task ':integration_test:bundleLibCompileToJarDebug', task ':path_provider_android:javaPreCompileDebug', task ':path_provider_android:compileDebugJavaWithJavac', task ':path_provider_android:bundleLibCompileToJarDebug', task ':quill_native_bridge_android:checkKotlinGradlePluginConfigurationErrors', task ':quill_native_bridge_android:compileDebugKotlin', task ':quill_native_bridge_android:javaPreCompileDebug', task ':quill_native_bridge_android:compileDebugJavaWithJavac', task ':quill_native_bridge_android:bundleLibCompileToJarDebug', task ':shared_preferences_android:checkKotlinGradlePluginConfigurationErrors', task ':shared_preferences_android:compileDebugKotlin', task ':shared_preferences_android:javaPreCompileDebug', task ':shared_preferences_android:compileDebugJavaWithJavac', task ':shared_preferences_android:bundleLibCompileToJarDebug', task ':sqflite_android:javaPreCompileDebug', task ':sqflite_android:compileDebugJavaWithJavac', task ':sqflite_android:bundleLibCompileToJarDebug', task ':url_launcher_android:generateDebugBuildConfig', task ':url_launcher_android:javaPreCompileDebug', task ':url_launcher_android:compileDebugJavaWithJavac', task ':url_launcher_android:bundleLibCompileToJarDebug', task ':video_player_android:checkKotlinGradlePluginConfigurationErrors', task ':video_player_android:compileDebugKotlin', task ':video_player_android:javaPreCompileDebug', task ':video_player_android:compileDebugJavaWithJavac', task ':video_player_android:bundleLibCompileToJarDebug', task ':app:compileDebugKotlin', task ':app:javaPreCompileDebug', task ':app:compileDebugJavaWithJavac', task ':app:compressDebugAssets', task ':app:processDebugJavaRes', task ':connectivity_plus:processDebugJavaRes', task ':emoji_picker_flutter:processDebugJavaRes', task ':file_selector_android:processDebugJavaRes', task ':flutter_keyboard_visibility_temp_fork:processDebugJavaRes', task ':flutter_native_splash:processDebugJavaRes', task ':flutter_olm:processDebugJavaRes', task ':flutter_openssl_crypto:processDebugJavaRes', task ':integration_test:processDebugJavaRes', task ':path_provider_android:processDebugJavaRes', task ':quill_native_bridge_android:processDebugJavaRes', task ':shared_preferences_android:processDebugJavaRes', task ':sqflite_android:processDebugJavaRes', task ':url_launcher_android:processDebugJavaRes', task ':video_player_android:processDebugJavaRes', task ':app:mergeDebugJavaResource', task ':app:checkDebugDuplicateClasses', task ':app:desugarDebugFileDependencies', task ':app:mergeExtDexDebug', task ':connectivity_plus:bundleLibRuntimeToDirDebug', task ':emoji_picker_flutter:bundleLibRuntimeToDirDebug', task ':file_selector_android:bundleLibRuntimeToDirDebug', task ':flutter_keyboard_visibility_temp_fork:bundleLibRuntimeToDirDebug', task ':flutter_native_splash:bundleLibRuntimeToDirDebug', task ':flutter_olm:bundleLibRuntimeToDirDebug', task ':flutter_openssl_crypto:bundleLibRuntimeToDirDebug', task ':integration_test:bundleLibRuntimeToDirDebug', task ':path_provider_android:bundleLibRuntimeToDirDebug', task ':quill_native_bridge_android:bundleLibRuntimeToDirDebug', task ':shared_preferences_android:bundleLibRuntimeToDirDebug', task ':sqflite_android:bundleLibRuntimeToDirDebug', task ':url_launcher_android:bundleLibRuntimeToDirDebug', task ':video_player_android:bundleLibRuntimeToDirDebug', task ':app:mergeLibDexDebug', task ':app:dexBuilderDebug', task ':app:mergeProjectDexDebug', task ':app:configureCMakeDebug[arm64-v8a]', task ':app:buildCMakeDebug[arm64-v8a]', task ':app:configureCMakeDebug[armeabi-v7a]', task ':app:buildCMakeDebug[armeabi-v7a]', task ':app:configureCMakeDebug[x86_64]', task ':app:buildCMakeDebug[x86_64]', task ':app:mergeDebugJniLibFolders', task ':connectivity_plus:mergeDebugJniLibFolders', task ':connectivity_plus:mergeDebugNativeLibs', task ':connectivity_plus:copyDebugJniLibsProjectOnly', task ':emoji_picker_flutter:mergeDebugJniLibFolders', task ':emoji_picker_flutter:mergeDebugNativeLibs', task ':emoji_picker_flutter:copyDebugJniLibsProjectOnly', task ':file_selector_android:mergeDebugJniLibFolders', task ':file_selector_android:mergeDebugNativeLibs', task ':file_selector_android:copyDebugJniLibsProjectOnly', task ':flutter_keyboard_visibility_temp_fork:mergeDebugJniLibFolders', task ':flutter_keyboard_visibility_temp_fork:mergeDebugNativeLibs', task ':flutter_keyboard_visibility_temp_fork:copyDebugJniLibsProjectOnly', task ':flutter_native_splash:mergeDebugJniLibFolders', task ':flutter_native_splash:mergeDebugNativeLibs', task ':flutter_native_splash:copyDebugJniLibsProjectOnly', task ':flutter_olm:preProfileBuild', task ':flutter_olm:configureCMakeDebug[arm64-v8a]', task ':flutter_olm:buildCMakeDebug[arm64-v8a]', task ':flutter_olm:configureCMakeDebug[armeabi-v7a]', task ':flutter_olm:buildCMakeDebug[armeabi-v7a]', task ':flutter_olm:configureCMakeDebug[x86]', task ':flutter_olm:buildCMakeDebug[x86]', task ':flutter_olm:configureCMakeDebug[x86_64]', task ':flutter_olm:buildCMakeDebug[x86_64]', task ':flutter_olm:mergeDebugJniLibFolders', task ':flutter_olm:mergeDebugNativeLibs', task ':flutter_olm:copyDebugJniLibsProjectOnly', task ':flutter_openssl_crypto:preProfileBuild', task ':flutter_openssl_crypto:configureCMakeDebug[arm64-v8a]', task ':flutter_openssl_crypto:buildCMakeDebug[arm64-v8a]', task ':flutter_openssl_crypto:configureCMakeDebug[armeabi-v7a]', task ':flutter_openssl_crypto:buildCMakeDebug[armeabi-v7a]', task ':flutter_openssl_crypto:configureCMakeDebug[x86]', task ':flutter_openssl_crypto:buildCMakeDebug[x86]', task ':flutter_openssl_crypto:configureCMakeDebug[x86_64]', task ':flutter_openssl_crypto:buildCMakeDebug[x86_64]', task ':flutter_openssl_crypto:mergeDebugJniLibFolders', task ':flutter_openssl_crypto:mergeDebugNativeLibs', task ':flutter_openssl_crypto:copyDebugJniLibsProjectOnly', task ':integration_test:mergeDebugJniLibFolders', task ':integration_test:mergeDebugNativeLibs', task ':integration_test:copyDebugJniLibsProjectOnly', task ':path_provider_android:mergeDebugJniLibFolders', task ':path_provider_android:mergeDebugNativeLibs', task ':path_provider_android:copyDebugJniLibsProjectOnly', task ':quill_native_bridge_android:mergeDebugJniLibFolders', task ':quill_native_bridge_android:mergeDebugNativeLibs', task ':quill_native_bridge_android:copyDebugJniLibsProjectOnly', task ':shared_preferences_android:mergeDebugJniLibFolders', task ':shared_preferences_android:mergeDebugNativeLibs', task ':shared_preferences_android:copyDebugJniLibsProjectOnly', task ':sqflite_android:mergeDebugJniLibFolders', task ':sqflite_android:mergeDebugNativeLibs', task ':sqflite_android:copyDebugJniLibsProjectOnly', task ':url_launcher_android:mergeDebugJniLibFolders', task ':url_launcher_android:mergeDebugNativeLibs', task ':url_launcher_android:copyDebugJniLibsProjectOnly', task ':video_player_android:mergeDebugJniLibFolders', task ':video_player_android:mergeDebugNativeLibs', task ':video_player_android:copyDebugJniLibsProjectOnly', task ':app:mergeDebugNativeLibs', task ':app:stripDebugDebugSymbols', task ':app:validateSigningDebug', task ':app:writeDebugAppMetadata', task ':app:writeDebugSigningConfigVersions', task ':app:packageDebug', task ':app:createDebugApkListingFileRedirect', task ':app:assembleDebug', task ':connectivity_plus:stripDebugDebugSymbols', task ':connectivity_plus:copyDebugJniLibsProjectAndLocalJars', task ':connectivity_plus:extractDebugAnnotations', task ':connectivity_plus:extractDeepLinksForAarDebug', task ':connectivity_plus:mergeDebugGeneratedProguardFiles', task ':connectivity_plus:mergeDebugConsumerProguardFiles', task ':connectivity_plus:prepareDebugArtProfile', task ':connectivity_plus:prepareLintJarForPublish', task ':connectivity_plus:mergeDebugJavaResource', task ':connectivity_plus:syncDebugLibJars', task ':connectivity_plus:bundleDebugAar', task ':connectivity_plus:assembleDebug', task ':emoji_picker_flutter:stripDebugDebugSymbols', task ':emoji_picker_flutter:copyDebugJniLibsProjectAndLocalJars', task ':emoji_picker_flutter:extractDebugAnnotations', task ':emoji_picker_flutter:extractDeepLinksForAarDebug', task ':emoji_picker_flutter:mergeDebugGeneratedProguardFiles', task ':emoji_picker_flutter:mergeDebugConsumerProguardFiles', task ':emoji_picker_flutter:prepareDebugArtProfile', task ':emoji_picker_flutter:prepareLintJarForPublish', task ':emoji_picker_flutter:mergeDebugJavaResource', task ':emoji_picker_flutter:syncDebugLibJars', task ':emoji_picker_flutter:bundleDebugAar', task ':emoji_picker_flutter:assembleDebug', task ':file_selector_android:stripDebugDebugSymbols', task ':file_selector_android:copyDebugJniLibsProjectAndLocalJars', task ':file_selector_android:extractDebugAnnotations', task ':file_selector_android:extractDeepLinksForAarDebug', task ':file_selector_android:mergeDebugGeneratedProguardFiles', task ':file_selector_android:mergeDebugConsumerProguardFiles', task ':file_selector_android:prepareDebugArtProfile', task ':file_selector_android:prepareLintJarForPublish', task ':file_selector_android:mergeDebugJavaResource', task ':file_selector_android:syncDebugLibJars', task ':file_selector_android:bundleDebugAar', task ':file_selector_android:assembleDebug', task ':flutter_keyboard_visibility_temp_fork:stripDebugDebugSymbols', task ':flutter_keyboard_visibility_temp_fork:copyDebugJniLibsProjectAndLocalJars', task ':flutter_keyboard_visibility_temp_fork:extractDebugAnnotations', task ':flutter_keyboard_visibility_temp_fork:extractDeepLinksForAarDebug', task ':flutter_keyboard_visibility_temp_fork:mergeDebugGeneratedProguardFiles', task ':flutter_keyboard_visibility_temp_fork:mergeDebugConsumerProguardFiles', task ':flutter_keyboard_visibility_temp_fork:prepareDebugArtProfile', task ':flutter_keyboard_visibility_temp_fork:prepareLintJarForPublish', task ':flutter_keyboard_visibility_temp_fork:mergeDebugJavaResource', task ':flutter_keyboard_visibility_temp_fork:syncDebugLibJars', task ':flutter_keyboard_visibility_temp_fork:bundleDebugAar', task ':flutter_keyboard_visibility_temp_fork:assembleDebug', task ':flutter_native_splash:stripDebugDebugSymbols', task ':flutter_native_splash:copyDebugJniLibsProjectAndLocalJars', task ':flutter_native_splash:extractDebugAnnotations', task ':flutter_native_splash:extractDeepLinksForAarDebug', task ':flutter_native_splash:mergeDebugGeneratedProguardFiles', task ':flutter_native_splash:mergeDebugConsumerProguardFiles', task ':flutter_native_splash:prepareDebugArtProfile', task ':flutter_native_splash:prepareLintJarForPublish', task ':flutter_native_splash:mergeDebugJavaResource', task ':flutter_native_splash:syncDebugLibJars', task ':flutter_native_splash:bundleDebugAar', task ':flutter_native_splash:assembleDebug', task ':flutter_olm:stripDebugDebugSymbols', task ':flutter_olm:copyDebugJniLibsProjectAndLocalJars', task ':flutter_olm:extractDebugAnnotations', task ':flutter_olm:extractDeepLinksForAarDebug', task ':flutter_olm:mergeDebugGeneratedProguardFiles', task ':flutter_olm:mergeDebugConsumerProguardFiles', task ':flutter_olm:prepareDebugArtProfile', task ':flutter_olm:prepareLintJarForPublish', task ':flutter_olm:mergeDebugJavaResource', task ':flutter_olm:syncDebugLibJars', task ':flutter_olm:bundleDebugAar', task ':flutter_olm:assembleDebug', task ':flutter_openssl_crypto:stripDebugDebugSymbols', task ':flutter_openssl_crypto:copyDebugJniLibsProjectAndLocalJars', task ':flutter_openssl_crypto:extractDebugAnnotations', task ':flutter_openssl_crypto:extractDeepLinksForAarDebug', task ':flutter_openssl_crypto:mergeDebugGeneratedProguardFiles', task ':flutter_openssl_crypto:mergeDebugConsumerProguardFiles', task ':flutter_openssl_crypto:prepareDebugArtProfile', task ':flutter_openssl_crypto:prepareLintJarForPublish', task ':flutter_openssl_crypto:mergeDebugJavaResource', task ':flutter_openssl_crypto:syncDebugLibJars', task ':flutter_openssl_crypto:bundleDebugAar', task ':flutter_openssl_crypto:assembleDebug', task ':integration_test:stripDebugDebugSymbols', task ':integration_test:copyDebugJniLibsProjectAndLocalJars', task ':integration_test:extractDebugAnnotations', task ':integration_test:extractDeepLinksForAarDebug', task ':integration_test:mergeDebugGeneratedProguardFiles', task ':integration_test:mergeDebugConsumerProguardFiles', task ':integration_test:prepareDebugArtProfile', task ':integration_test:prepareLintJarForPublish', task ':integration_test:mergeDebugJavaResource', task ':integration_test:syncDebugLibJars', task ':integration_test:bundleDebugAar', task ':integration_test:assembleDebug', task ':path_provider_android:stripDebugDebugSymbols', task ':path_provider_android:copyDebugJniLibsProjectAndLocalJars', task ':path_provider_android:extractDebugAnnotations', task ':path_provider_android:extractDeepLinksForAarDebug', task ':path_provider_android:mergeDebugGeneratedProguardFiles', task ':path_provider_android:mergeDebugConsumerProguardFiles', task ':path_provider_android:prepareDebugArtProfile', task ':path_provider_android:prepareLintJarForPublish', task ':path_provider_android:mergeDebugJavaResource', task ':path_provider_android:syncDebugLibJars', task ':path_provider_android:bundleDebugAar', task ':path_provider_android:assembleDebug', task ':quill_native_bridge_android:stripDebugDebugSymbols', task ':quill_native_bridge_android:copyDebugJniLibsProjectAndLocalJars', task ':quill_native_bridge_android:extractDebugAnnotations', task ':quill_native_bridge_android:extractDeepLinksForAarDebug', task ':quill_native_bridge_android:mergeDebugGeneratedProguardFiles', task ':quill_native_bridge_android:mergeDebugConsumerProguardFiles', task ':quill_native_bridge_android:prepareDebugArtProfile', task ':quill_native_bridge_android:prepareLintJarForPublish', task ':quill_native_bridge_android:mergeDebugJavaResource', task ':quill_native_bridge_android:syncDebugLibJars', task ':quill_native_bridge_android:bundleDebugAar', task ':quill_native_bridge_android:assembleDebug', task ':shared_preferences_android:stripDebugDebugSymbols', task ':shared_preferences_android:copyDebugJniLibsProjectAndLocalJars', task ':shared_preferences_android:extractDebugAnnotations', task ':shared_preferences_android:extractDeepLinksForAarDebug', task ':shared_preferences_android:mergeDebugGeneratedProguardFiles', task ':shared_preferences_android:mergeDebugConsumerProguardFiles', task ':shared_preferences_android:prepareDebugArtProfile', task ':shared_preferences_android:prepareLintJarForPublish', task ':shared_preferences_android:mergeDebugJavaResource', task ':shared_preferences_android:syncDebugLibJars', task ':shared_preferences_android:bundleDebugAar', task ':shared_preferences_android:assembleDebug', task ':sqflite_android:stripDebugDebugSymbols', task ':sqflite_android:copyDebugJniLibsProjectAndLocalJars', task ':sqflite_android:extractDebugAnnotations', task ':sqflite_android:extractDeepLinksForAarDebug', task ':sqflite_android:mergeDebugGeneratedProguardFiles', task ':sqflite_android:mergeDebugConsumerProguardFiles', task ':sqflite_android:prepareDebugArtProfile', task ':sqflite_android:prepareLintJarForPublish', task ':sqflite_android:mergeDebugJavaResource', task ':sqflite_android:syncDebugLibJars', task ':sqflite_android:bundleDebugAar', task ':sqflite_android:assembleDebug', task ':url_launcher_android:stripDebugDebugSymbols', task ':url_launcher_android:copyDebugJniLibsProjectAndLocalJars', task ':url_launcher_android:extractDebugAnnotations', task ':url_launcher_android:extractDeepLinksForAarDebug', task ':url_launcher_android:mergeDebugGeneratedProguardFiles', task ':url_launcher_android:mergeDebugConsumerProguardFiles', task ':url_launcher_android:prepareDebugArtProfile', task ':url_launcher_android:prepareLintJarForPublish', task ':url_launcher_android:mergeDebugJavaResource', task ':url_launcher_android:syncDebugLibJars', task ':url_launcher_android:bundleDebugAar', task ':url_launcher_android:assembleDebug', task ':video_player_android:stripDebugDebugSymbols', task ':video_player_android:copyDebugJniLibsProjectAndLocalJars', task ':video_player_android:extractDebugAnnotations', task ':video_player_android:extractDeepLinksForAarDebug', task ':video_player_android:mergeDebugGeneratedProguardFiles', task ':video_player_android:mergeDebugConsumerProguardFiles', task ':video_player_android:prepareDebugArtProfile', task ':video_player_android:prepareLintJarForPublish', task ':video_player_android:mergeDebugJavaResource', task ':video_player_android:syncDebugLibJars', task ':video_player_android:bundleDebugAar', task ':video_player_android:assembleDebug']
[        ] Tasks that were excluded: []
[        ] work action Parameters of ClassesDirToClassesTransform (Thread[#37321,Execution worker Thread 19,5,main]) started.
[        ] work action Parameters of DexingNoClasspathTransform (Thread[#37321,Execution worker Thread 19,5,main]) started.
[        ] Resolve mutations for :app:preBuild (Thread[#37321,Execution worker Thread 19,5,main]) started.
[        ] :app:preBuild (Thread[#37321,Execution worker Thread 19,5,main]) started.
[        ] > Task :app:preBuild UP-TO-DATE
[        ] Skipping task ':app:preBuild' as it has no actions.
[        ] Resolve mutations for :app:preDebugBuild (Thread[#37321,Execution worker Thread 19,5,main]) started.
[        ] :app:preDebugBuild (Thread[#37321,Execution worker Thread 19,5,main]) started.
[        ] > Task :app:preDebugBuild UP-TO-DATE
[        ] Skipping task ':app:preDebugBuild' as it has no actions.
[        ] Resolve mutations for :app:mergeDebugNativeDebugMetadata (Thread[#37321,Execution worker Thread 19,5,main]) started.
[        ] :app:mergeDebugNativeDebugMetadata (Thread[#37321,Execution worker Thread 19,5,main]) started.
[        ] > Task :app:mergeDebugNativeDebugMetadata NO-SOURCE
[        ] Skipping task ':app:mergeDebugNativeDebugMetadata' as it has no source files and no previous output files.
[        ] Resolve mutations for :app:checkKotlinGradlePluginConfigurationErrors (Thread[#37321,Execution worker Thread 19,5,main]) started.
[        ] :app:checkKotlinGradlePluginConfigurationErrors (Thread[#37321,Execution worker Thread 19,5,main]) started.
[        ] > Task :app:checkKotlinGradlePluginConfigurationErrors SKIPPED
[        ] Skipping task ':app:checkKotlinGradlePluginConfigurationErrors' as task onlyIf 'errorDiagnostics are present' is false.
[        ] Resolve mutations for :app:compileFlutterBuildDebug (Thread[#37321,Execution worker Thread 19,5,main]) started.
[        ] :app:compileFlutterBuildDebug (Thread[#37321,Execution worker Thread 19,5,main]) started.
00:02 +0: loading /Users/florian/Code/substitution/integration_test/interaction_with_matrix_test.dart                                                                                                  [ +906 ms] [
             {
               "simulator" : true,
               "operatingSystemVersion" : "26.2 (23C54)",
               "available" : true,
               "platform" : "com.apple.platform.iphonesimulator",
               "modelCode" : "iPhone17,5",
               "identifier" : "A63ADE51-F119-4C4B-B85F-172DDFC35F95",
               "architecture" : "arm64",
               "modelUTI" : "com.apple.iphone-16-e-1",
               "modelName" : "iPhone 16e",
               "name" : "iPhone 16e",
               "ignored" : false
             },
             {
               "simulator" : true,
               "operatingSystemVersion" : "26.2 (23C54)",
               "available" : true,
               "platform" : "com.apple.platform.iphonesimulator",
               "modelCode" : "iPad17,2",
               "identifier" : "60FBED2C-8247-4134-AE71-00B892E1030A",
               "architecture" : "arm64",
               "modelUTI" : "com.apple.com.apple.ipad-pro-11-inch-m5-1",
               "modelName" : "iPad Pro 11-inch (M5)",
               "name" : "iPad Pro 11-inch (M5)",
               "ignored" : false
             },
             {
               "simulator" : true,
               "operatingSystemVersion" : "26.2 (23C54)",
               "available" : true,
               "platform" : "com.apple.platform.iphonesimulator",
               "modelCode" : "iPhone18,1",
               "identifier" : "A6BCA64D-4FF0-4CAF-BD30-F5BAA5505835",
               "architecture" : "arm64",
               "modelUTI" : "com.apple.com.apple.iphone-17-pro-2",
               "modelName" : "iPhone 17 Pro",
               "name" : "iPhone 17 Pro",
               "ignored" : false
             },
             {
               "simulator" : true,
               "operatingSystemVersion" : "26.2 (23C54)",
               "available" : true,
               "platform" : "com.apple.platform.iphonesimulator",
               "modelCode" : "iPhone18,2",
               "identifier" : "9E93F931-0BE4-46B6-80A7-2FB00C78A40D",
               "architecture" : "arm64",
               "modelUTI" : "com.apple.com.apple.iphone-17-pro-max-2",
               "modelName" : "iPhone 17 Pro Max",
               "name" : "iPhone 17 Pro Max",
               "ignored" : false
             },
             {
               "simulator" : true,
               "operatingSystemVersion" : "26.2 (23C54)",
               "available" : true,
               "platform" : "com.apple.platform.iphonesimulator",
               "modelCode" : "iPad15,7",
               "identifier" : "A758EDA6-B05B-4FD5-A6B7-F1B4CCD4B0FA",
               "architecture" : "arm64",
               "modelUTI" : "com.apple.ipad-a16-1",
               "modelName" : "iPad (A16)",
               "name" : "iPad (A16)",
               "ignored" : false
             },
             {
               "simulator" : true,
               "operatingSystemVersion" : "26.2 (23C54)",
               "available" : true,
               "platform" : "com.apple.platform.iphonesimulator",
               "modelCode" : "iPad15,5",
               "identifier" : "67106820-11B3-4791-8E78-3F30A44C4846",
               "architecture" : "arm64",
               "modelUTI" : "com.apple.ipad-air-m3-13-1",
               "modelName" : "iPad Air 13-inch (M3)",
               "name" : "iPad Air 13-inch (M3)",
               "ignored" : false
             },
             {
               "simulator" : true,
               "operatingSystemVersion" : "26.2 (23C54)",
               "available" : true,
               "platform" : "com.apple.platform.iphonesimulator",
               "modelCode" : "iPad17,4",
               "identifier" : "624C8362-86AE-4119-9BEB-A5192D759551",
               "architecture" : "arm64",
               "modelUTI" : "com.apple.com.apple.ipad-pro-13-inch-m5-1",
               "modelName" : "iPad Pro 13-inch (M5)",
               "name" : "iPad Pro 13-inch (M5)",
               "ignored" : false
             },
             {
               "ignored" : false,
               "modelCode" : "Mac15,14",
               "simulator" : false,
               "modelName" : "Mac Studio",
               "operatingSystemVersion" : "26.1 (25B78)",
               "identifier" : "00006032-000208A83A46801C",
               "platform" : "com.apple.platform.macosx",
               "architecture" : "arm64e",
               "interface" : "usb",
               "available" : true,
               "name" : "My Mac",
               "modelUTI" : "com.apple.macstudio-2025"
             },
             {
               "simulator" : true,
               "operatingSystemVersion" : "26.2 (23C54)",
               "available" : true,
               "platform" : "com.apple.platform.iphonesimulator",
               "modelCode" : "iPad16,2",
               "identifier" : "AA4F6986-6B77-4BBA-AC70-D1512067C8C9",
               "architecture" : "arm64",
               "modelUTI" : "com.apple.ipad-mini-a17-1",
               "modelName" : "iPad mini (A17 Pro)",
               "name" : "iPad mini (A17 Pro)",
               "ignored" : false
             },
             {
               "simulator" : true,
               "operatingSystemVersion" : "26.2 (23N301)",
               "available" : true,
               "platform" : "com.apple.platform.xrsimulator",
               "modelCode" : "RealityDevice14,1",
               "identifier" : "3F36D5F2-1627-4145-A888-13A4C9475E12",
               "architecture" : "arm64",
               "modelUTI" : "com.apple.vision-pro",
               "modelName" : "Apple Vision Pro",
               "name" : "Apple Vision Pro",
               "ignored" : false
             },
             {
               "simulator" : true,
               "operatingSystemVersion" : "26.2 (23C54)",
               "available" : true,
               "platform" : "com.apple.platform.iphonesimulator",
               "modelCode" : "iPhone18,3",
               "identifier" : "2082D2F1-83B8-4043-A93B-75EB09D64EF3",
               "architecture" : "arm64",
               "modelUTI" : "com.apple.com.apple.iphone-17-2",
               "modelName" : "iPhone 17",
               "name" : "iPhone 17",
               "ignored" : false
             },
             {
               "simulator" : true,
               "operatingSystemVersion" : "26.2 (23C54)",
               "available" : true,
               "platform" : "com.apple.platform.iphonesimulator",
               "modelCode" : "iPhone18,4",
               "identifier" : "FA2D1428-5F11-491E-BF2B-A2FE1902DB9F",
               "architecture" : "arm64",
               "modelUTI" : "com.apple.com.apple.iphone-air-1",
               "modelName" : "iPhone Air",
               "name" : "iPhone Air",
               "ignored" : false
             },
             {
               "simulator" : true,
               "operatingSystemVersion" : "26.2 (23C54)",
               "available" : true,
               "platform" : "com.apple.platform.iphonesimulator",
               "modelCode" : "iPad15,3",
               "identifier" : "4BD2EB07-8CFD-4AD4-ABFF-BD89552D4BFE",
               "architecture" : "arm64",
               "modelUTI" : "com.apple.ipad-air-m3-1",
               "modelName" : "iPad Air 11-inch (M3)",
               "name" : "iPad Air 11-inch (M3)",
               "ignored" : false
             }
           ]
[        ] executing: /usr/bin/arch -arm64e xcrun devicectl --version
[  +49 ms] executing: /usr/bin/arch -arm64e xcrun devicectl list devices --timeout 5 --json-output /var/folders/l_/w8pnbb9d38n57pzg9j98fmy80000gn/T/flutter_tools.wuOse9/core_devices.P54upI/core_device_list.json
[  +53 ms] No devices found.
[        ] {
             "info" : {
               "arguments" : [
                 "devicectl",
                 "list",
                 "devices",
                 "--timeout",
                 "5",
                 "--json-output",
                 "/var/folders/l_/w8pnbb9d38n57pzg9j98fmy80000gn/T/flutter_tools.wuOse9/core_devices.P54upI/core_device_list.json"
               ],
               "commandType" : "devicectl.list.devices",
               "environment" : {
                 "TERM" : "xterm-256color"
               },
               "jsonVersion" : 3,
               "outcome" : "success",
               "version" : "506.6"
             },
             "result" : {
               "devices" : [

               ]
             }
           }

[ +378 ms] [
             {
               "simulator" : true,
               "operatingSystemVersion" : "26.2 (23C54)",
               "available" : true,
               "platform" : "com.apple.platform.iphonesimulator",
               "modelCode" : "iPhone17,5",
               "identifier" : "A63ADE51-F119-4C4B-B85F-172DDFC35F95",
               "architecture" : "arm64",
               "modelUTI" : "com.apple.iphone-16-e-1",
               "modelName" : "iPhone 16e",
               "name" : "iPhone 16e",
               "ignored" : false
             },
             {
               "simulator" : true,
               "operatingSystemVersion" : "26.2 (23C54)",
               "available" : true,
               "platform" : "com.apple.platform.iphonesimulator",
               "modelCode" : "iPad17,2",
               "identifier" : "60FBED2C-8247-4134-AE71-00B892E1030A",
               "architecture" : "arm64",
               "modelUTI" : "com.apple.com.apple.ipad-pro-11-inch-m5-1",
               "modelName" : "iPad Pro 11-inch (M5)",
               "name" : "iPad Pro 11-inch (M5)",
               "ignored" : false
             },
             {
               "simulator" : true,
               "operatingSystemVersion" : "26.2 (23C54)",
               "available" : true,
               "platform" : "com.apple.platform.iphonesimulator",
               "modelCode" : "iPhone18,1",
               "identifier" : "A6BCA64D-4FF0-4CAF-BD30-F5BAA5505835",
               "architecture" : "arm64",
               "modelUTI" : "com.apple.com.apple.iphone-17-pro-2",
               "modelName" : "iPhone 17 Pro",
               "name" : "iPhone 17 Pro",
               "ignored" : false
             },
             {
               "simulator" : true,
               "operatingSystemVersion" : "26.2 (23C54)",
               "available" : true,
               "platform" : "com.apple.platform.iphonesimulator",
               "modelCode" : "iPhone18,2",
               "identifier" : "9E93F931-0BE4-46B6-80A7-2FB00C78A40D",
               "architecture" : "arm64",
               "modelUTI" : "com.apple.com.apple.iphone-17-pro-max-2",
               "modelName" : "iPhone 17 Pro Max",
               "name" : "iPhone 17 Pro Max",
               "ignored" : false
             },
             {
               "simulator" : true,
               "operatingSystemVersion" : "26.2 (23C54)",
               "available" : true,
               "platform" : "com.apple.platform.iphonesimulator",
               "modelCode" : "iPad15,7",
               "identifier" : "A758EDA6-B05B-4FD5-A6B7-F1B4CCD4B0FA",
               "architecture" : "arm64",
               "modelUTI" : "com.apple.ipad-a16-1",
               "modelName" : "iPad (A16)",
               "name" : "iPad (A16)",
               "ignored" : false
             },
             {
               "simulator" : true,
               "operatingSystemVersion" : "26.2 (23C54)",
               "available" : true,
               "platform" : "com.apple.platform.iphonesimulator",
               "modelCode" : "iPad15,5",
               "identifier" : "67106820-11B3-4791-8E78-3F30A44C4846",
               "architecture" : "arm64",
               "modelUTI" : "com.apple.ipad-air-m3-13-1",
               "modelName" : "iPad Air 13-inch (M3)",
               "name" : "iPad Air 13-inch (M3)",
               "ignored" : false
             },
             {
               "simulator" : true,
               "operatingSystemVersion" : "26.2 (23C54)",
               "available" : true,
               "platform" : "com.apple.platform.iphonesimulator",
               "modelCode" : "iPad17,4",
               "identifier" : "624C8362-86AE-4119-9BEB-A5192D759551",
               "architecture" : "arm64",
               "modelUTI" : "com.apple.com.apple.ipad-pro-13-inch-m5-1",
               "modelName" : "iPad Pro 13-inch (M5)",
               "name" : "iPad Pro 13-inch (M5)",
               "ignored" : false
             },
             {
               "ignored" : false,
               "modelCode" : "Mac15,14",
               "simulator" : false,
               "modelName" : "Mac Studio",
               "operatingSystemVersion" : "26.1 (25B78)",
               "identifier" : "00006032-000208A83A46801C",
               "platform" : "com.apple.platform.macosx",
               "architecture" : "arm64e",
               "interface" : "usb",
               "available" : true,
               "name" : "My Mac",
               "modelUTI" : "com.apple.macstudio-2025"
             },
             {
               "simulator" : true,
               "operatingSystemVersion" : "26.2 (23C54)",
               "available" : true,
               "platform" : "com.apple.platform.iphonesimulator",
               "modelCode" : "iPad16,2",
               "identifier" : "AA4F6986-6B77-4BBA-AC70-D1512067C8C9",
               "architecture" : "arm64",
               "modelUTI" : "com.apple.ipad-mini-a17-1",
               "modelName" : "iPad mini (A17 Pro)",
               "name" : "iPad mini (A17 Pro)",
               "ignored" : false
             },
             {
               "simulator" : true,
               "operatingSystemVersion" : "26.2 (23N301)",
               "available" : true,
               "platform" : "com.apple.platform.xrsimulator",
               "modelCode" : "RealityDevice14,1",
               "identifier" : "3F36D5F2-1627-4145-A888-13A4C9475E12",
               "architecture" : "arm64",
               "modelUTI" : "com.apple.vision-pro",
               "modelName" : "Apple Vision Pro",
               "name" : "Apple Vision Pro",
               "ignored" : false
             },
             {
               "simulator" : true,
               "operatingSystemVersion" : "26.2 (23C54)",
               "available" : true,
               "platform" : "com.apple.platform.iphonesimulator",
               "modelCode" : "iPhone18,3",
               "identifier" : "2082D2F1-83B8-4043-A93B-75EB09D64EF3",
               "architecture" : "arm64",
               "modelUTI" : "com.apple.com.apple.iphone-17-2",
               "modelName" : "iPhone 17",
               "name" : "iPhone 17",
               "ignored" : false
             },
             {
               "simulator" : true,
               "operatingSystemVersion" : "26.2 (23C54)",
               "available" : true,
               "platform" : "com.apple.platform.iphonesimulator",
               "modelCode" : "iPhone18,4",
               "identifier" : "FA2D1428-5F11-491E-BF2B-A2FE1902DB9F",
               "architecture" : "arm64",
               "modelUTI" : "com.apple.com.apple.iphone-air-1",
               "modelName" : "iPhone Air",
               "name" : "iPhone Air",
               "ignored" : false
             },
             {
               "simulator" : true,
               "operatingSystemVersion" : "26.2 (23C54)",
               "available" : true,
               "platform" : "com.apple.platform.iphonesimulator",
               "modelCode" : "iPad15,3",
               "identifier" : "4BD2EB07-8CFD-4AD4-ABFF-BD89552D4BFE",
               "architecture" : "arm64",
               "modelUTI" : "com.apple.ipad-air-m3-1",
               "modelName" : "iPad Air 11-inch (M3)",
               "name" : "iPad Air 11-inch (M3)",
               "ignored" : false
             }
           ]
[        ] executing: /usr/bin/arch -arm64e xcrun devicectl list devices --timeout 5 --json-output /var/folders/l_/w8pnbb9d38n57pzg9j98fmy80000gn/T/flutter_tools.wuOse9/core_devices.0U9Td0/core_device_list.json
[  +49 ms] No devices found.
[        ] {
             "info" : {
               "arguments" : [
                 "devicectl",
                 "list",
                 "devices",
                 "--timeout",
                 "5",
                 "--json-output",
                 "/var/folders/l_/w8pnbb9d38n57pzg9j98fmy80000gn/T/flutter_tools.wuOse9/core_devices.0U9Td0/core_device_list.json"
               ],
               "commandType" : "devicectl.list.devices",
               "environment" : {
                 "TERM" : "xterm-256color"
               },
               "jsonVersion" : 3,
               "outcome" : "success",
               "version" : "506.6"
             },
             "result" : {
               "devices" : [

               ]
             }
           }

00:03 +0: loading /Users/florian/Code/substitution/integration_test/interaction_with_matrix_test.dart                                                                                                  [ +564 ms] > Task :app:compileFlutterBuildDebug
[        ] Caching disabled for task ':app:compileFlutterBuildDebug' because:
[        ]   Build cache is disabled
[        ]   Caching has not been enabled for the task
[        ] Task ':app:compileFlutterBuildDebug' is not up-to-date because:
[        ]   Value of input property 'dartDefines' has changed for task ':app:compileFlutterBuildDebug'
[        ]   Value of input property 'targetPath' has changed for task ':app:compileFlutterBuildDebug'
[        ]   Value of input property 'targetPlatformValues' has changed for task ':app:compileFlutterBuildDebug'
[        ]   and more...
[        ] Starting process 'command '/opt/homebrew/share/flutter/bin/flutter''. Working directory: /Users/florian/Code/substitution Command: /opt/homebrew/share/flutter/bin/flutter --verbose assemble --no-version-check --depfile /Users/florian/Code/substitution/build/app/intermediates/flutter/debug/flutter_build.d --output /Users/florian/Code/substitution/build/app/intermediates/flutter/debug -dTargetFile=/var/folders/l_/w8pnbb9d38n57pzg9j98fmy80000gn/T/flutter_tools.wuOse9/flutter_test_listener.4sEjVc/listener.dart -dTargetPlatform=android -dBuildMode=debug -dTrackWidgetCreation=true --DartDefines=TUFUUklYX1NFUlZFUj1odHRwOi8vbG9jYWxob3N0OjgwMDg=,TUFUUklYX1RFU1RfVVNFUj0=,TUFUUklYX1RFU1RfUEFTU1dPUkQ9,RkxVVFRFUl9WRVJTSU9OPTMuMzguOQ==,RkxVVFRFUl9DSEFOTkVMPXN0YWJsZQ==,RkxVVFRFUl9HSVRfVVJMPWh0dHBzOi8vZ2l0aHViLmNvbS9mbHV0dGVyL2ZsdXR0ZXIuZ2l0,RkxVVFRFUl9GUkFNRVdPUktfUkVWSVNJT049NjczMjNkZTI4NQ==,RkxVVFRFUl9FTkdJTkVfUkVWSVNJT049NTg3YzE4Zjg3Mw==,RkxVVFRFUl9EQVJUX1ZFUlNJT049My4xMC44,SU5URUdSQVRJT05fVEVTVF9TSE9VTERfUkVQT1JUX1JFU1VMVFNfVE9fTkFUSVZFPWZhbHNl -dFlavor= -dAndroidArchs=android-arm64 -dMinSdkVersion=24 debug_android_application
[        ] Successfully started process 'command '/opt/homebrew/share/flutter/bin/flutter''
[        ] [  +17 ms] executing: sysctl hw.optional.arm64
[        ] [   +3 ms] Exit code 0 from: sysctl hw.optional.arm64
[        ] [        ] hw.optional.arm64: 1
[        ] [   +3 ms] Artifact Instance of 'MaterialFonts' is not required, skipping update.
[        ] [        ] Artifact Instance of 'GradleWrapper' is not required, skipping update.
[        ] [        ] Artifact Instance of 'AndroidGenSnapshotArtifacts' is not required, skipping update.
[        ] [        ] Artifact Instance of 'AndroidInternalBuildArtifacts' is not required, skipping update.
[        ] [        ] Artifact Instance of 'IOSEngineArtifacts' is not required, skipping update.
[        ] [        ] Artifact Instance of 'FlutterWebSdk' is not required, skipping update.
[        ] [        ] Artifact Instance of 'LegacyCanvasKitRemover' is not required, skipping update.
[        ] [        ] Artifact Instance of 'FlutterSdk' is not required, skipping update.
[        ] [        ] Artifact Instance of 'WindowsEngineArtifacts' is not required, skipping update.
[        ] [        ] Artifact Instance of 'MacOSEngineArtifacts' is not required, skipping update.
[        ] [        ] Artifact Instance of 'LinuxEngineArtifacts' is not required, skipping update.
[        ] [        ] Artifact Instance of 'LinuxFuchsiaSDKArtifacts' is not required, skipping update.
[        ] [        ] Artifact Instance of 'MacOSFuchsiaSDKArtifacts' is not required, skipping update.
[        ] [        ] Artifact Instance of 'FlutterRunnerSDKArtifacts' is not required, skipping update.
[        ] [        ] Artifact Instance of 'FlutterRunnerDebugSymbols' is not required, skipping update.
[        ] [        ] Artifact Instance of 'IosUsbArtifacts' is not required, skipping update.
[        ] [        ] Artifact Instance of 'IosUsbArtifacts' is not required, skipping update.
[        ] [        ] Artifact Instance of 'IosUsbArtifacts' is not required, skipping update.
[        ] [        ] Artifact Instance of 'IosUsbArtifacts' is not required, skipping update.
[        ] [        ] Artifact Instance of 'IosUsbArtifacts' is not required, skipping update.
[        ] [        ] Artifact Instance of 'IosUsbArtifacts' is not required, skipping update.
[        ] [        ] Artifact Instance of 'FontSubsetArtifacts' is not required, skipping update.
[        ] [        ] Artifact Instance of 'PubDependencies' is not required, skipping update.
[        ] [   +3 ms] Artifact Instance of 'AndroidGenSnapshotArtifacts' is not required, skipping update.
[        ] [        ] Artifact Instance of 'AndroidInternalBuildArtifacts' is not required, skipping update.
[        ] [        ] Artifact Instance of 'IOSEngineArtifacts' is not required, skipping update.
[        ] [        ] Artifact Instance of 'FlutterWebSdk' is not required, skipping update.
[        ] [        ] Artifact Instance of 'FlutterEngineStamp' is not required, skipping update.
[        ] [        ] Artifact Instance of 'LegacyCanvasKitRemover' is not required, skipping update.
[        ] [        ] Artifact Instance of 'WindowsEngineArtifacts' is not required, skipping update.
[        ] [        ] Artifact Instance of 'MacOSEngineArtifacts' is not required, skipping update.
[        ] [        ] Artifact Instance of 'LinuxEngineArtifacts' is not required, skipping update.
[        ] [        ] Artifact Instance of 'LinuxFuchsiaSDKArtifacts' is not required, skipping update.
[        ] [        ] Artifact Instance of 'MacOSFuchsiaSDKArtifacts' is not required, skipping update.
[        ] [        ] Artifact Instance of 'FlutterRunnerSDKArtifacts' is not required, skipping update.
[        ] [        ] Artifact Instance of 'FlutterRunnerDebugSymbols' is not required, skipping update.
[        ] [  +20 ms] Artifact Instance of 'MaterialFonts' is not required, skipping update.
[        ] [        ] Artifact Instance of 'GradleWrapper' is not required, skipping update.
[        ] [        ] Artifact Instance of 'AndroidInternalBuildArtifacts' is not required, skipping update.
[        ] [        ] Artifact Instance of 'IOSEngineArtifacts' is not required, skipping update.
[        ] [        ] Artifact Instance of 'FlutterWebSdk' is not required, skipping update.
[        ] [        ] Artifact Instance of 'FlutterEngineStamp' is not required, skipping update.
[        ] [        ] Artifact Instance of 'LegacyCanvasKitRemover' is not required, skipping update.
[        ] [        ] Artifact Instance of 'FlutterSdk' is not required, skipping update.
[        ] [        ] Artifact Instance of 'WindowsEngineArtifacts' is not required, skipping update.
[        ] [        ] Artifact Instance of 'MacOSEngineArtifacts' is not required, skipping update.
[        ] [        ] Artifact Instance of 'LinuxEngineArtifacts' is not required, skipping update.
[        ] [        ] Artifact Instance of 'LinuxFuchsiaSDKArtifacts' is not required, skipping update.
[        ] [        ] Artifact Instance of 'MacOSFuchsiaSDKArtifacts' is not required, skipping update.
[        ] [        ] Artifact Instance of 'FlutterRunnerSDKArtifacts' is not required, skipping update.
[        ] [        ] Artifact Instance of 'FlutterRunnerDebugSymbols' is not required, skipping update.
[        ] [        ] Artifact Instance of 'IosUsbArtifacts' is not required, skipping update.
[        ] [        ] Artifact Instance of 'IosUsbArtifacts' is not required, skipping update.
[        ] [        ] Artifact Instance of 'IosUsbArtifacts' is not required, skipping update.
[        ] [        ] Artifact Instance of 'IosUsbArtifacts' is not required, skipping update.
[        ] [        ] Artifact Instance of 'IosUsbArtifacts' is not required, skipping update.
[        ] [        ] Artifact Instance of 'IosUsbArtifacts' is not required, skipping update.
[        ] [        ] Artifact Instance of 'FontSubsetArtifacts' is not required, skipping update.
[        ] [        ] Artifact Instance of 'PubDependencies' is not required, skipping update.
[        ] [  +17 ms] Initializing file store
[        ] [  +10 ms] dart_build: Starting due to {}
[        ] [        ] Skipping target: gen_localizations
[        ] [        ] gen_dart_plugin_registrant: Starting due to {InvalidatedReasonKind.outputSetAddition: The following outputs were added to the output set: /Users/florian/Code/substitution/.dart_tool/flutter_build/dart_plugin_registrant.dart, InvalidatedReasonKind.inputChanged: The following inputs have updated contents: /Users/florian/Code/substitution/.dart_tool/package_config.json}
[        ] [  +40 ms] Found plugin integration_test at /opt/homebrew/share/flutter/packages/integration_test/
[        ] [  +17 ms] Found plugin flutter_native_splash at /Users/florian/.pub-cache/hosted/pub.dev/flutter_native_splash-2.4.7/
[        ] [  +18 ms] Building native assets for android_arm64.
[        ] [  +25 ms] Found plugin connectivity_plus at /Users/florian/.pub-cache/hosted/pub.dev/connectivity_plus-5.0.2/
[        ] [   +5 ms] input.json contents:
[        ]            {
[        ]              "assets": {},
[        ]              "config": {
[        ]                "build_asset_types": [
[        ]                  "code_assets/code"
[        ]                ],
[        ]                "extensions": {
[        ]                  "code_assets": {
[        ]                    "android": {
[        ]                      "target_ndk_api": 24
[        ]                    },
[        ]                    "c_compiler": {
[        ]                      "ar": "/Users/florian/Library/Android/sdk/ndk/28.2.13676358/toolchains/llvm/prebuilt/darwin-x86_64/bin/llvm-ar",
[        ]                      "cc": "/Users/florian/Library/Android/sdk/ndk/28.2.13676358/toolchains/llvm/prebuilt/darwin-x86_64/bin/clang",
[        ]                      "ld": "/Users/florian/Library/Android/sdk/ndk/28.2.13676358/toolchains/llvm/prebuilt/darwin-x86_64/bin/ld.lld"
[        ]                    },
[        ]                    "link_mode_preference": "dynamic",
[        ]                    "target_architecture": "arm64",
[        ]                    "target_os": "android"
[        ]                  }
[        ]                },
[        ]                "linking_enabled": false
[        ]              },
[        ]              "out_dir_shared": "/Users/florian/Code/substitution/.dart_tool/hooks_runner/shared/objective_c/build/",
[        ]              "out_file": "/Users/florian/Code/substitution/.dart_tool/hooks_runner/objective_c/842b8c761140c2c0e73191c57a372e73/output.json",
[        ]              "package_name": "objective_c",
[        ]              "package_root": "/Users/florian/.pub-cache/hosted/pub.dev/objective_c-9.2.5/",
[        ]              "user_defines": {}
[        ]            }
[        ] [   +2 ms] output.json contents:
[        ]            {
[        ]              "assets_for_linking": {},
[        ]              "status": "success",
[        ]              "timestamp": "2026-02-16 21:57:23.000"
[        ]            }
[        ] [   +1 ms] Skipping build for objective_c in /Users/florian/Code/substitution/.dart_tool/hooks_runner/objective_c/842b8c761140c2c0e73191c57a372e73/. Last build on 2026-02-16 21:57:23.000.
[        ] [   +2 ms] Building native assets for android_arm64 done.
[        ] [   +1 ms] dart_build: Complete
[        ] [   +1 ms] install_code_assets: Starting due to {}
[        ] [   +1 ms] Writing native assets json to file:///Users/florian/Code/substitution/.dart_tool/flutter_build/430463f67dee03d12c9ad88e2b0770c8/native_assets.json.
[        ] [        ] Found plugin video_player at /Users/florian/.pub-cache/hosted/pub.dev/video_player-2.10.1/
[        ] [        ] Writing /Users/florian/Code/substitution/.dart_tool/flutter_build/430463f67dee03d12c9ad88e2b0770c8/native_assets.json done.
[        ] [        ] Found plugin video_player_web at /Users/florian/.pub-cache/hosted/pub.dev/video_player_web-2.4.0/
[        ] [        ] install_code_assets: Complete
[        ] [   +1 ms] Found plugin video_player_avfoundation at /Users/florian/.pub-cache/hosted/pub.dev/video_player_avfoundation-2.9.1/
[        ] [        ] Found plugin video_player_android at /Users/florian/.pub-cache/hosted/pub.dev/video_player_android-2.9.1/
[        ] [        ] Found plugin url_launcher at /Users/florian/.pub-cache/hosted/pub.dev/url_launcher-6.3.2/
[        ] [        ] Found plugin url_launcher_windows at /Users/florian/.pub-cache/hosted/pub.dev/url_launcher_windows-3.1.5/
[        ] [        ] Found plugin url_launcher_web at /Users/florian/.pub-cache/hosted/pub.dev/url_launcher_web-2.4.2/
[        ] [        ] Found plugin url_launcher_macos at /Users/florian/.pub-cache/hosted/pub.dev/url_launcher_macos-3.2.5/
[        ] [        ] Found plugin url_launcher_linux at /Users/florian/.pub-cache/hosted/pub.dev/url_launcher_linux-3.2.2/
[        ] [        ] Found plugin url_launcher_ios at /Users/florian/.pub-cache/hosted/pub.dev/url_launcher_ios-6.3.6/
[        ] [        ] Found plugin url_launcher_android at /Users/florian/.pub-cache/hosted/pub.dev/url_launcher_android-6.3.28/
[        ] [   +2 ms] Found plugin sqflite at /Users/florian/.pub-cache/hosted/pub.dev/sqflite-2.4.2/
[        ] [        ] Found plugin sqflite_darwin at /Users/florian/.pub-cache/hosted/pub.dev/sqflite_darwin-2.4.2/
[        ] [        ] Found plugin sqflite_android at /Users/florian/.pub-cache/hosted/pub.dev/sqflite_android-2.4.2+2/
[        ] [        ] Found plugin path_provider at /Users/florian/.pub-cache/hosted/pub.dev/path_provider-2.1.5/
[        ] [        ] Found plugin path_provider_windows at /Users/florian/.pub-cache/hosted/pub.dev/path_provider_windows-2.3.0/
[        ] [        ] Found plugin path_provider_linux at /Users/florian/.pub-cache/hosted/pub.dev/path_provider_linux-2.2.1/
[        ] [        ] Found plugin path_provider_foundation at /Users/florian/.pub-cache/hosted/pub.dev/path_provider_foundation-2.6.0/
[        ] [   +2 ms] Found plugin path_provider_android at /Users/florian/.pub-cache/hosted/pub.dev/path_provider_android-2.2.22/
[        ] [  +19 ms] Found plugin flutter_keyboard_visibility_temp_fork at /Users/florian/.pub-cache/hosted/pub.dev/flutter_keyboard_visibility_temp_fork-0.1.5/
[        ] [        ] Found plugin flutter_keyboard_visibility_windows at /Users/florian/.pub-cache/hosted/pub.dev/flutter_keyboard_visibility_windows-1.0.0/
[        ] [   +1 ms] Found plugin flutter_keyboard_visibility_macos at /Users/florian/.pub-cache/hosted/pub.dev/flutter_keyboard_visibility_macos-1.0.0/
[        ] [        ] Found plugin flutter_keyboard_visibility_linux at /Users/florian/.pub-cache/hosted/pub.dev/flutter_keyboard_visibility_linux-1.0.0/
[        ] [   +8 ms] Found plugin quill_native_bridge at /Users/florian/.pub-cache/hosted/pub.dev/quill_native_bridge-11.1.0/
[        ] [   +1 ms] Found plugin quill_native_bridge_windows at /Users/florian/.pub-cache/hosted/pub.dev/quill_native_bridge_windows-0.0.2/
[        ] [  +14 ms] Found plugin file_selector_windows at /Users/florian/.pub-cache/hosted/pub.dev/file_selector_windows-0.9.3+5/
[        ] [   +2 ms] Found plugin quill_native_bridge_web at /Users/florian/.pub-cache/hosted/pub.dev/quill_native_bridge_web-0.0.2/
[        ] [   +1 ms] Found plugin quill_native_bridge_macos at /Users/florian/.pub-cache/hosted/pub.dev/quill_native_bridge_macos-0.0.1/
[        ] [        ] Found plugin quill_native_bridge_ios at /Users/florian/.pub-cache/hosted/pub.dev/quill_native_bridge_ios-0.0.1/
[        ] [        ] Found plugin quill_native_bridge_android at /Users/florian/.pub-cache/hosted/pub.dev/quill_native_bridge_android-0.0.1+2/
[        ] [   +3 ms] Found plugin flutter_openssl_crypto at /Users/florian/.pub-cache/hosted/pub.dev/flutter_openssl_crypto-0.5.0/
[        ] [        ] Found plugin flutter_olm at /Users/florian/.pub-cache/hosted/pub.dev/flutter_olm-2.0.0/
[        ] [   +2 ms] Found plugin file_selector at /Users/florian/.pub-cache/hosted/pub.dev/file_selector-1.1.0/
[        ] [        ] Found plugin file_selector_web at /Users/florian/.pub-cache/hosted/pub.dev/file_selector_web-0.9.4+2/
[        ] [        ] Found plugin file_selector_macos at /Users/florian/.pub-cache/hosted/pub.dev/file_selector_macos-0.9.5/
[        ] [        ] Found plugin file_selector_linux at /Users/florian/.pub-cache/hosted/pub.dev/file_selector_linux-0.9.4/
[        ] [        ] Found plugin file_selector_ios at /Users/florian/.pub-cache/hosted/pub.dev/file_selector_ios-0.5.3+5/
[        ] [   +1 ms] Found plugin file_selector_android at /Users/florian/.pub-cache/hosted/pub.dev/file_selector_android-0.5.2+4/
[        ] [   +1 ms] Found plugin emoji_picker_flutter at /Users/florian/.pub-cache/hosted/pub.dev/emoji_picker_flutter-4.4.0/
[        ] [   +1 ms] Found plugin shared_preferences at /Users/florian/.pub-cache/hosted/pub.dev/shared_preferences-2.5.4/
[        ] [        ] Found plugin shared_preferences_windows at /Users/florian/.pub-cache/hosted/pub.dev/shared_preferences_windows-2.4.1/
[        ] [   +1 ms] Found plugin shared_preferences_web at /Users/florian/.pub-cache/hosted/pub.dev/shared_preferences_web-2.4.3/
[        ] [        ] Found plugin shared_preferences_linux at /Users/florian/.pub-cache/hosted/pub.dev/shared_preferences_linux-2.4.1/
[        ] [        ] Found plugin shared_preferences_foundation at /Users/florian/.pub-cache/hosted/pub.dev/shared_preferences_foundation-2.5.6/
[        ] [   +1 ms] Found plugin shared_preferences_android at /Users/florian/.pub-cache/hosted/pub.dev/shared_preferences_android-2.4.20/
[        ] [  +15 ms] Skipping generating dart_plugin_registrant.dart because it is up-to-date.
[        ] [        ] gen_dart_plugin_registrant: Complete
[        ] [   +1 ms] kernel_snapshot_program: Starting due to {}
[        ] [   +6 ms] /opt/homebrew/share/flutter/bin/cache/dart-sdk/bin/dartaotruntime /opt/homebrew/share/flutter/bin/cache/dart-sdk/bin/snapshots/frontend_server_aot.dart.snapshot --sdk-root /opt/homebrew/share/flutter/bin/cache/artifacts/engine/common/flutter_patched_sdk/ --target=flutter --no-print-incremental-dependencies -DMATRIX_SERVER=http://localhost:8008 -DMATRIX_TEST_USER= -DMATRIX_TEST_PASSWORD= -DFLUTTER_VERSION=3.38.9 -DFLUTTER_CHANNEL=stable -DFLUTTER_GIT_URL=https://github.com/flutter/flutter.git -DFLUTTER_FRAMEWORK_REVISION=67323de285 -DFLUTTER_ENGINE_REVISION=587c18f873 -DFLUTTER_DART_VERSION=3.10.8 -DINTEGRATION_TEST_SHOULD_REPORT_RESULTS_TO_NATIVE=false -DFLUTTER_APP_FLAVOR= -Ddart.vm.profile=false -Ddart.vm.product=false --enable-asserts --track-widget-creation --no-link-platform --packages /Users/florian/Code/substitution/.dart_tool/package_config.json --output-dill /Users/florian/Code/substitution/.dart_tool/flutter_build/430463f67dee03d12c9ad88e2b0770c8/app.dill --depfile /Users/florian/Code/substitution/.dart_tool/flutter_build/430463f67dee03d12c9ad88e2b0770c8/kernel_snapshot_program.d --incremental --initialize-from-dill /Users/florian/Code/substitution/.dart_tool/flutter_build/430463f67dee03d12c9ad88e2b0770c8/app.dill --source file:///Users/florian/Code/substitution/.dart_tool/flutter_build/dart_plugin_registrant.dart --source package:flutter/src/dart_plugin_registrant.dart -Dflutter.dart_plugin_registrant=file:///Users/florian/Code/substitution/.dart_tool/flutter_build/dart_plugin_registrant.dart --verbosity=error file:///var/folders/l_/w8pnbb9d38n57pzg9j98fmy80000gn/T/flutter_tools.wuOse9/flutter_test_listener.4sEjVc/listener.dart
00:04 +0: loading /Users/florian/Code/substitution/integration_test/interaction_with_matrix_test.dart                                                                                                  00:05 +0: loading /Users/florian/Code/substitution/integration_test/interaction_with_matrix_test.dart                                                                                                  [+2380 ms] [
             {
               "simulator" : true,
               "operatingSystemVersion" : "26.2 (23C54)",
               "available" : true,
               "platform" : "com.apple.platform.iphonesimulator",
               "modelCode" : "iPhone17,5",
               "identifier" : "A63ADE51-F119-4C4B-B85F-172DDFC35F95",
               "architecture" : "arm64",
               "modelUTI" : "com.apple.iphone-16-e-1",
               "modelName" : "iPhone 16e",
               "name" : "iPhone 16e",
               "ignored" : false
             },
             {
               "simulator" : true,
               "operatingSystemVersion" : "26.2 (23C54)",
               "available" : true,
               "platform" : "com.apple.platform.iphonesimulator",
               "modelCode" : "iPad17,2",
               "identifier" : "60FBED2C-8247-4134-AE71-00B892E1030A",
               "architecture" : "arm64",
               "modelUTI" : "com.apple.com.apple.ipad-pro-11-inch-m5-1",
               "modelName" : "iPad Pro 11-inch (M5)",
               "name" : "iPad Pro 11-inch (M5)",
               "ignored" : false
             },
             {
               "simulator" : true,
               "operatingSystemVersion" : "26.2 (23C54)",
               "available" : true,
               "platform" : "com.apple.platform.iphonesimulator",
               "modelCode" : "iPhone18,1",
               "identifier" : "A6BCA64D-4FF0-4CAF-BD30-F5BAA5505835",
               "architecture" : "arm64",
               "modelUTI" : "com.apple.com.apple.iphone-17-pro-2",
               "modelName" : "iPhone 17 Pro",
               "name" : "iPhone 17 Pro",
               "ignored" : false
             },
             {
               "simulator" : true,
               "operatingSystemVersion" : "26.2 (23C54)",
               "available" : true,
               "platform" : "com.apple.platform.iphonesimulator",
               "modelCode" : "iPhone18,2",
               "identifier" : "9E93F931-0BE4-46B6-80A7-2FB00C78A40D",
               "architecture" : "arm64",
               "modelUTI" : "com.apple.com.apple.iphone-17-pro-max-2",
               "modelName" : "iPhone 17 Pro Max",
               "name" : "iPhone 17 Pro Max",
               "ignored" : false
             },
             {
               "simulator" : true,
               "operatingSystemVersion" : "26.2 (23C54)",
               "available" : true,
               "platform" : "com.apple.platform.iphonesimulator",
               "modelCode" : "iPad15,7",
               "identifier" : "A758EDA6-B05B-4FD5-A6B7-F1B4CCD4B0FA",
               "architecture" : "arm64",
               "modelUTI" : "com.apple.ipad-a16-1",
               "modelName" : "iPad (A16)",
               "name" : "iPad (A16)",
               "ignored" : false
             },
             {
               "simulator" : true,
               "operatingSystemVersion" : "26.2 (23C54)",
               "available" : true,
               "platform" : "com.apple.platform.iphonesimulator",
               "modelCode" : "iPad15,5",
               "identifier" : "67106820-11B3-4791-8E78-3F30A44C4846",
               "architecture" : "arm64",
               "modelUTI" : "com.apple.ipad-air-m3-13-1",
               "modelName" : "iPad Air 13-inch (M3)",
               "name" : "iPad Air 13-inch (M3)",
               "ignored" : false
             },
             {
               "simulator" : true,
               "operatingSystemVersion" : "26.2 (23C54)",
               "available" : true,
               "platform" : "com.apple.platform.iphonesimulator",
               "modelCode" : "iPad17,4",
               "identifier" : "624C8362-86AE-4119-9BEB-A5192D759551",
               "architecture" : "arm64",
               "modelUTI" : "com.apple.com.apple.ipad-pro-13-inch-m5-1",
               "modelName" : "iPad Pro 13-inch (M5)",
               "name" : "iPad Pro 13-inch (M5)",
               "ignored" : false
             },
             {
               "ignored" : false,
               "modelCode" : "Mac15,14",
               "simulator" : false,
               "modelName" : "Mac Studio",
               "operatingSystemVersion" : "26.1 (25B78)",
               "identifier" : "00006032-000208A83A46801C",
               "platform" : "com.apple.platform.macosx",
               "architecture" : "arm64e",
               "interface" : "usb",
               "available" : true,
               "name" : "My Mac",
               "modelUTI" : "com.apple.macstudio-2025"
             },
             {
               "simulator" : true,
               "operatingSystemVersion" : "26.2 (23C54)",
               "available" : true,
               "platform" : "com.apple.platform.iphonesimulator",
               "modelCode" : "iPad16,2",
               "identifier" : "AA4F6986-6B77-4BBA-AC70-D1512067C8C9",
               "architecture" : "arm64",
               "modelUTI" : "com.apple.ipad-mini-a17-1",
               "modelName" : "iPad mini (A17 Pro)",
               "name" : "iPad mini (A17 Pro)",
               "ignored" : false
             },
             {
               "simulator" : true,
               "operatingSystemVersion" : "26.2 (23N301)",
               "available" : true,
               "platform" : "com.apple.platform.xrsimulator",
               "modelCode" : "RealityDevice14,1",
               "identifier" : "3F36D5F2-1627-4145-A888-13A4C9475E12",
               "architecture" : "arm64",
               "modelUTI" : "com.apple.vision-pro",
               "modelName" : "Apple Vision Pro",
               "name" : "Apple Vision Pro",
               "ignored" : false
             },
             {
               "simulator" : true,
               "operatingSystemVersion" : "26.2 (23C54)",
               "available" : true,
               "platform" : "com.apple.platform.iphonesimulator",
               "modelCode" : "iPhone18,3",
               "identifier" : "2082D2F1-83B8-4043-A93B-75EB09D64EF3",
               "architecture" : "arm64",
               "modelUTI" : "com.apple.com.apple.iphone-17-2",
               "modelName" : "iPhone 17",
               "name" : "iPhone 17",
               "ignored" : false
             },
             {
               "simulator" : true,
               "operatingSystemVersion" : "26.2 (23C54)",
               "available" : true,
               "platform" : "com.apple.platform.iphonesimulator",
               "modelCode" : "iPhone18,4",
               "identifier" : "FA2D1428-5F11-491E-BF2B-A2FE1902DB9F",
               "architecture" : "arm64",
               "modelUTI" : "com.apple.com.apple.iphone-air-1",
               "modelName" : "iPhone Air",
               "name" : "iPhone Air",
               "ignored" : false
             },
             {
               "simulator" : true,
               "operatingSystemVersion" : "26.2 (23C54)",
               "available" : true,
               "platform" : "com.apple.platform.iphonesimulator",
               "modelCode" : "iPad15,3",
               "identifier" : "4BD2EB07-8CFD-4AD4-ABFF-BD89552D4BFE",
               "architecture" : "arm64",
               "modelUTI" : "com.apple.ipad-air-m3-1",
               "modelName" : "iPad Air 11-inch (M3)",
               "name" : "iPad Air 11-inch (M3)",
               "ignored" : false
             }
           ]
[        ] executing: /usr/bin/arch -arm64e xcrun devicectl list devices --timeout 5 --json-output /var/folders/l_/w8pnbb9d38n57pzg9j98fmy80000gn/T/flutter_tools.wuOse9/core_devices.Jz83Fu/core_device_list.json
[  +47 ms] No devices found.
[        ] {
             "info" : {
               "arguments" : [
                 "devicectl",
                 "list",
                 "devices",
                 "--timeout",
                 "5",
                 "--json-output",
                 "/var/folders/l_/w8pnbb9d38n57pzg9j98fmy80000gn/T/flutter_tools.wuOse9/core_devices.Jz83Fu/core_device_list.json"
               ],
               "commandType" : "devicectl.list.devices",
               "environment" : {
                 "TERM" : "xterm-256color"
               },
               "jsonVersion" : 3,
               "outcome" : "success",
               "version" : "506.6"
             },
             "result" : {
               "devices" : [

               ]
             }
           }

00:06 +0: loading /Users/florian/Code/substitution/integration_test/interaction_with_matrix_test.dart                                                                                                  00:07 +0: loading /Users/florian/Code/substitution/integration_test/interaction_with_matrix_test.dart                                                                                                  00:08 +0: loading /Users/florian/Code/substitution/integration_test/interaction_with_matrix_test.dart                                                                                                  [+2866 ms] [+6900 ms] kernel_snapshot_program: Complete
00:09 +0: loading /Users/florian/Code/substitution/integration_test/interaction_with_matrix_test.dart                                                                                                  [+1097 ms] [+1084 ms] debug_android_application: Starting due to {}
[ +102 ms] [ +107 ms] Manifest contained wildcard assets. Inserting missing file into build graph to force rerun. for more information see #56466.
[        ] [   +3 ms] shaderc command: [/opt/homebrew/share/flutter/bin/cache/artifacts/engine/darwin-x64/impellerc, --sksl, --runtime-stage-gles, --runtime-stage-gles3, --runtime-stage-vulkan, --iplr, --sl=/Users/florian/Code/substitution/build/app/intermediates/flutter/debug/flutter_assets/shaders/ink_sparkle.frag, --spirv=/Users/florian/Code/substitution/build/app/intermediates/flutter/debug/flutter_assets/shaders/ink_sparkle.frag.spirv, --input=/opt/homebrew/share/flutter/packages/flutter/lib/src/material/shaders/ink_sparkle.frag, --input-type=frag, --include=/opt/homebrew/share/flutter/packages/flutter/lib/src/material/shaders, --include=/opt/homebrew/share/flutter/bin/cache/artifacts/engine/darwin-x64/shader_lib]
[        ] [        ] shaderc command: [/opt/homebrew/share/flutter/bin/cache/artifacts/engine/darwin-x64/impellerc, --sksl, --runtime-stage-gles, --runtime-stage-gles3, --runtime-stage-vulkan, --iplr, --sl=/Users/florian/Code/substitution/build/app/intermediates/flutter/debug/flutter_assets/shaders/stretch_effect.frag, --spirv=/Users/florian/Code/substitution/build/app/intermediates/flutter/debug/flutter_assets/shaders/stretch_effect.frag.spirv, --input=/opt/homebrew/share/flutter/packages/flutter/lib/src/material/shaders/stretch_effect.frag, --input-type=frag, --include=/opt/homebrew/share/flutter/packages/flutter/lib/src/material/shaders, --include=/opt/homebrew/share/flutter/bin/cache/artifacts/engine/darwin-x64/shader_lib]
00:10 +0: loading /Users/florian/Code/substitution/integration_test/interaction_with_matrix_test.dart                                                                                                  [ +390 ms] [ +336 ms] debug_android_application: Complete
[ +903 ms] [ +993 ms] Persisting file store
00:11 +0: loading /Users/florian/Code/substitution/integration_test/interaction_with_matrix_test.dart                                                                                                  [ +100 ms] [   +6 ms] Done persisting file store
[        ] [  +15 ms] build succeeded.
[        ] [   +4 ms] "flutter assemble" took 9.733ms.
[        ] [   +2 ms] executing: sw_vers -productName
[        ] [   +9 ms] Exit code 0 from: sw_vers -productName
[        ] [        ] macOS
[        ] [        ] executing: sw_vers -productVersion
[        ] [   +7 ms] Exit code 0 from: sw_vers -productVersion
[        ] [        ] 26.1
[        ] [        ] executing: sw_vers -buildVersion
[        ] [   +7 ms] Exit code 0 from: sw_vers -buildVersion
[        ] [        ] 25B78
[        ] [        ] executing: uname -m
[        ] [   +3 ms] Exit code 0 from: uname -m
[        ] [        ] arm64
[        ] [  +22 ms] Running 1 shutdown hook
[        ] [        ] Shutdown hooks complete
[ +105 ms] [  +52 ms] exiting with code 0
[  +93 ms] Resolve mutations for :app:packJniLibsflutterBuildDebug (Thread[#37321,Execution worker Thread 19,5,main]) started.
[        ] :app:packJniLibsflutterBuildDebug (Thread[#37301,included builds,5,main]) started.
[        ] > Task :app:packJniLibsflutterBuildDebug
[        ] Caching disabled for task ':app:packJniLibsflutterBuildDebug' because:
[        ]   Build cache is disabled
[        ]   Not worth caching
[        ] Task ':app:packJniLibsflutterBuildDebug' is not up-to-date because:
[        ]   Input property 'rootSpec$1$3.caseSensitive' has been removed for task ':app:packJniLibsflutterBuildDebug'
[        ]   Input property 'rootSpec$1$3.destPath' has been removed for task ':app:packJniLibsflutterBuildDebug'
[        ]   Input property 'rootSpec$1$3.dirPermissions' has been removed for task ':app:packJniLibsflutterBuildDebug'
[        ]   and more...
[        ] file or directory '/Users/florian/Code/substitution/build/app/intermediates/flutter/debug/arm64-v8a', not found
[        ] file or directory '/Users/florian/Code/substitution/build/native_assets/android/jniLibs/lib/arm64-v8a', not found
[        ] Resolve mutations for :connectivity_plus:preBuild (Thread[#37301,included builds,5,main]) started.
[        ] :connectivity_plus:preBuild (Thread[#37301,included builds,5,main]) started.
[        ] > Task :connectivity_plus:preBuild UP-TO-DATE
[        ] Skipping task ':connectivity_plus:preBuild' as it has no actions.
[        ] Resolve mutations for :connectivity_plus:preDebugBuild (Thread[#37301,included builds,5,main]) started.
[        ] :connectivity_plus:preDebugBuild (Thread[#37301,included builds,5,main]) started.
[        ] > Task :connectivity_plus:preDebugBuild UP-TO-DATE
[        ] Skipping task ':connectivity_plus:preDebugBuild' as it has no actions.
[        ] Resolve mutations for :connectivity_plus:writeDebugAarMetadata (Thread[#37301,included builds,5,main]) started.
[        ] :connectivity_plus:writeDebugAarMetadata (Thread[#37301,included builds,5,main]) started.
[        ] > Task :connectivity_plus:writeDebugAarMetadata UP-TO-DATE
[        ] Caching disabled for task ':connectivity_plus:writeDebugAarMetadata' because:
[        ]   Build cache is disabled
[        ]   Caching has been disabled for the task
[        ] Skipping task ':connectivity_plus:writeDebugAarMetadata' as it is up-to-date.
[        ] work action resolve aar-metadata.properties (project :connectivity_plus) (Thread[#37301,included builds,5,main]) started.
[        ] Resolve mutations for :emoji_picker_flutter:preBuild (Thread[#37301,included builds,5,main]) started.
[        ] :emoji_picker_flutter:preBuild (Thread[#37301,included builds,5,main]) started.
[        ] > Task :emoji_picker_flutter:preBuild UP-TO-DATE
[        ] Skipping task ':emoji_picker_flutter:preBuild' as it has no actions.
[        ] Resolve mutations for :emoji_picker_flutter:preDebugBuild (Thread[#37301,included builds,5,main]) started.
[        ] :emoji_picker_flutter:preDebugBuild (Thread[#37301,included builds,5,main]) started.
[        ] > Task :emoji_picker_flutter:preDebugBuild UP-TO-DATE
[        ] Skipping task ':emoji_picker_flutter:preDebugBuild' as it has no actions.
[        ] Resolve mutations for :emoji_picker_flutter:writeDebugAarMetadata (Thread[#37301,included builds,5,main]) started.
[        ] :emoji_picker_flutter:writeDebugAarMetadata (Thread[#37301,included builds,5,main]) started.
[        ] > Task :emoji_picker_flutter:writeDebugAarMetadata UP-TO-DATE
[        ] Caching disabled for task ':emoji_picker_flutter:writeDebugAarMetadata' because:
[        ]   Build cache is disabled
[        ]   Caching has been disabled for the task
[        ] Skipping task ':emoji_picker_flutter:writeDebugAarMetadata' as it is up-to-date.
[        ] work action resolve aar-metadata.properties (project :emoji_picker_flutter) (Thread[#37301,included builds,5,main]) started.
[        ] Resolve mutations for :file_selector_android:preBuild (Thread[#37301,included builds,5,main]) started.
[        ] :file_selector_android:preBuild (Thread[#37301,included builds,5,main]) started.
[        ] > Task :file_selector_android:preBuild UP-TO-DATE
[        ] Skipping task ':file_selector_android:preBuild' as it has no actions.
[        ] Resolve mutations for :file_selector_android:preDebugBuild (Thread[#37301,included builds,5,main]) started.
[        ] :file_selector_android:preDebugBuild (Thread[#37301,included builds,5,main]) started.
[        ] > Task :file_selector_android:preDebugBuild UP-TO-DATE
[        ] Skipping task ':file_selector_android:preDebugBuild' as it has no actions.
[        ] Resolve mutations for :file_selector_android:writeDebugAarMetadata (Thread[#37301,included builds,5,main]) started.
[        ] :file_selector_android:writeDebugAarMetadata (Thread[#37301,included builds,5,main]) started.
[        ] > Task :file_selector_android:writeDebugAarMetadata UP-TO-DATE
[        ] Caching disabled for task ':file_selector_android:writeDebugAarMetadata' because:
[        ]   Build cache is disabled
[        ]   Caching has been disabled for the task
[        ] Skipping task ':file_selector_android:writeDebugAarMetadata' as it is up-to-date.
[        ] work action resolve aar-metadata.properties (project :file_selector_android) (Thread[#37301,included builds,5,main]) started.
[        ] Resolve mutations for :flutter_keyboard_visibility_temp_fork:preBuild (Thread[#37301,included builds,5,main]) started.
[        ] :flutter_keyboard_visibility_temp_fork:preBuild (Thread[#37301,included builds,5,main]) started.
[        ] > Task :flutter_keyboard_visibility_temp_fork:preBuild UP-TO-DATE
[        ] Skipping task ':flutter_keyboard_visibility_temp_fork:preBuild' as it has no actions.
[        ] Resolve mutations for :flutter_keyboard_visibility_temp_fork:preDebugBuild (Thread[#37301,included builds,5,main]) started.
[        ] :flutter_keyboard_visibility_temp_fork:preDebugBuild (Thread[#37301,included builds,5,main]) started.
[        ] > Task :flutter_keyboard_visibility_temp_fork:preDebugBuild UP-TO-DATE
[        ] Skipping task ':flutter_keyboard_visibility_temp_fork:preDebugBuild' as it has no actions.
[        ] Resolve mutations for :flutter_keyboard_visibility_temp_fork:writeDebugAarMetadata (Thread[#37301,included builds,5,main]) started.
[        ] :flutter_keyboard_visibility_temp_fork:writeDebugAarMetadata (Thread[#37301,included builds,5,main]) started.
[        ] > Task :flutter_keyboard_visibility_temp_fork:writeDebugAarMetadata UP-TO-DATE
[        ] Caching disabled for task ':flutter_keyboard_visibility_temp_fork:writeDebugAarMetadata' because:
[        ]   Build cache is disabled
[        ]   Caching has been disabled for the task
[        ] Skipping task ':flutter_keyboard_visibility_temp_fork:writeDebugAarMetadata' as it is up-to-date.
[        ] work action resolve aar-metadata.properties (project :flutter_keyboard_visibility_temp_fork) (Thread[#37301,included builds,5,main]) started.
[        ] Resolve mutations for :flutter_native_splash:preBuild (Thread[#37301,included builds,5,main]) started.
[        ] :flutter_native_splash:preBuild (Thread[#37301,included builds,5,main]) started.
[        ] > Task :flutter_native_splash:preBuild UP-TO-DATE
[        ] Skipping task ':flutter_native_splash:preBuild' as it has no actions.
[        ] Resolve mutations for :flutter_native_splash:preDebugBuild (Thread[#37301,included builds,5,main]) started.
[        ] :flutter_native_splash:preDebugBuild (Thread[#37301,included builds,5,main]) started.
[        ] > Task :flutter_native_splash:preDebugBuild UP-TO-DATE
[        ] Skipping task ':flutter_native_splash:preDebugBuild' as it has no actions.
[        ] Resolve mutations for :flutter_native_splash:writeDebugAarMetadata (Thread[#37301,included builds,5,main]) started.
[        ] :flutter_native_splash:writeDebugAarMetadata (Thread[#37301,included builds,5,main]) started.
[        ] > Task :flutter_native_splash:writeDebugAarMetadata UP-TO-DATE
[        ] Caching disabled for task ':flutter_native_splash:writeDebugAarMetadata' because:
[        ]   Build cache is disabled
[        ]   Caching has been disabled for the task
[        ] Skipping task ':flutter_native_splash:writeDebugAarMetadata' as it is up-to-date.
[        ] work action resolve aar-metadata.properties (project :flutter_native_splash) (Thread[#37301,included builds,5,main]) started.
[        ] Resolve mutations for :flutter_olm:preBuild (Thread[#37301,included builds,5,main]) started.
[        ] :flutter_olm:preBuild (Thread[#37301,included builds,5,main]) started.
[        ] > Task :flutter_olm:preBuild UP-TO-DATE
[        ] Skipping task ':flutter_olm:preBuild' as it has no actions.
[        ] Resolve mutations for :flutter_olm:preDebugBuild (Thread[#37301,included builds,5,main]) started.
[        ] :flutter_olm:preDebugBuild (Thread[#37301,included builds,5,main]) started.
[        ] > Task :flutter_olm:preDebugBuild UP-TO-DATE
[        ] Skipping task ':flutter_olm:preDebugBuild' as it has no actions.
[        ] Resolve mutations for :flutter_olm:writeDebugAarMetadata (Thread[#37301,included builds,5,main]) started.
[        ] :flutter_olm:writeDebugAarMetadata (Thread[#37301,included builds,5,main]) started.
[        ] > Task :flutter_olm:writeDebugAarMetadata UP-TO-DATE
[        ] Caching disabled for task ':flutter_olm:writeDebugAarMetadata' because:
[        ]   Build cache is disabled
[        ]   Caching has been disabled for the task
[        ] Skipping task ':flutter_olm:writeDebugAarMetadata' as it is up-to-date.
[        ] work action resolve aar-metadata.properties (project :flutter_olm) (Thread[#37301,included builds,5,main]) started.
[        ] Resolve mutations for :flutter_openssl_crypto:preBuild (Thread[#37301,included builds,5,main]) started.
[        ] :flutter_openssl_crypto:preBuild (Thread[#37301,included builds,5,main]) started.
[        ] > Task :flutter_openssl_crypto:preBuild UP-TO-DATE
[        ] Skipping task ':flutter_openssl_crypto:preBuild' as it has no actions.
[        ] Resolve mutations for :flutter_openssl_crypto:preDebugBuild (Thread[#37301,included builds,5,main]) started.
[        ] :flutter_openssl_crypto:preDebugBuild (Thread[#37301,included builds,5,main]) started.
[        ] > Task :flutter_openssl_crypto:preDebugBuild UP-TO-DATE
[        ] Skipping task ':flutter_openssl_crypto:preDebugBuild' as it has no actions.
[        ] Resolve mutations for :flutter_openssl_crypto:writeDebugAarMetadata (Thread[#37301,included builds,5,main]) started.
[        ] :flutter_openssl_crypto:writeDebugAarMetadata (Thread[#37301,included builds,5,main]) started.
[        ] > Task :flutter_openssl_crypto:writeDebugAarMetadata UP-TO-DATE
[        ] Caching disabled for task ':flutter_openssl_crypto:writeDebugAarMetadata' because:
[        ]   Build cache is disabled
[        ]   Caching has been disabled for the task
[        ] Skipping task ':flutter_openssl_crypto:writeDebugAarMetadata' as it is up-to-date.
[        ] work action resolve aar-metadata.properties (project :flutter_openssl_crypto) (Thread[#37301,included builds,5,main]) started.
[        ] Resolve mutations for :integration_test:preBuild (Thread[#37301,included builds,5,main]) started.
[        ] :integration_test:preBuild (Thread[#37301,included builds,5,main]) started.
[        ] > Task :integration_test:preBuild UP-TO-DATE
[        ] Skipping task ':integration_test:preBuild' as it has no actions.
[        ] Resolve mutations for :integration_test:preDebugBuild (Thread[#37301,included builds,5,main]) started.
[        ] :integration_test:preDebugBuild (Thread[#37301,included builds,5,main]) started.
[        ] > Task :integration_test:preDebugBuild UP-TO-DATE
[        ] Skipping task ':integration_test:preDebugBuild' as it has no actions.
[        ] Resolve mutations for :integration_test:writeDebugAarMetadata (Thread[#37301,included builds,5,main]) started.
[        ] :integration_test:writeDebugAarMetadata (Thread[#37301,included builds,5,main]) started.
[        ] > Task :integration_test:writeDebugAarMetadata UP-TO-DATE
[        ] Caching disabled for task ':integration_test:writeDebugAarMetadata' because:
[        ]   Build cache is disabled
[        ]   Caching has been disabled for the task
[        ] Skipping task ':integration_test:writeDebugAarMetadata' as it is up-to-date.
[        ] work action resolve aar-metadata.properties (project :integration_test) (Thread[#37301,included builds,5,main]) started.
[        ] Resolve mutations for :path_provider_android:preBuild (Thread[#37301,included builds,5,main]) started.
[        ] :path_provider_android:preBuild (Thread[#37301,included builds,5,main]) started.
[        ] > Task :path_provider_android:preBuild UP-TO-DATE
[        ] Skipping task ':path_provider_android:preBuild' as it has no actions.
[        ] Resolve mutations for :path_provider_android:preDebugBuild (Thread[#37301,included builds,5,main]) started.
[        ] :path_provider_android:preDebugBuild (Thread[#37301,included builds,5,main]) started.
[        ] > Task :path_provider_android:preDebugBuild UP-TO-DATE
[        ] Skipping task ':path_provider_android:preDebugBuild' as it has no actions.
[        ] Resolve mutations for :path_provider_android:writeDebugAarMetadata (Thread[#37301,included builds,5,main]) started.
[        ] :path_provider_android:writeDebugAarMetadata (Thread[#37301,included builds,5,main]) started.
[        ] > Task :path_provider_android:writeDebugAarMetadata UP-TO-DATE
[        ] Caching disabled for task ':path_provider_android:writeDebugAarMetadata' because:
[        ]   Build cache is disabled
[        ]   Caching has been disabled for the task
[        ] Skipping task ':path_provider_android:writeDebugAarMetadata' as it is up-to-date.
[        ] work action resolve aar-metadata.properties (project :path_provider_android) (Thread[#37301,included builds,5,main]) started.
[        ] Resolve mutations for :quill_native_bridge_android:preBuild (Thread[#37301,included builds,5,main]) started.
[        ] :quill_native_bridge_android:preBuild (Thread[#37301,included builds,5,main]) started.
[        ] > Task :quill_native_bridge_android:preBuild UP-TO-DATE
[        ] Skipping task ':quill_native_bridge_android:preBuild' as it has no actions.
[        ] Resolve mutations for :quill_native_bridge_android:preDebugBuild (Thread[#37301,included builds,5,main]) started.
[        ] :quill_native_bridge_android:preDebugBuild (Thread[#37301,included builds,5,main]) started.
[        ] > Task :quill_native_bridge_android:preDebugBuild UP-TO-DATE
[        ] Skipping task ':quill_native_bridge_android:preDebugBuild' as it has no actions.
[        ] Resolve mutations for :quill_native_bridge_android:writeDebugAarMetadata (Thread[#37301,included builds,5,main]) started.
[        ] :quill_native_bridge_android:writeDebugAarMetadata (Thread[#37301,included builds,5,main]) started.
[        ] > Task :quill_native_bridge_android:writeDebugAarMetadata UP-TO-DATE
[        ] Caching disabled for task ':quill_native_bridge_android:writeDebugAarMetadata' because:
[        ]   Build cache is disabled
[        ]   Caching has been disabled for the task
[        ] Skipping task ':quill_native_bridge_android:writeDebugAarMetadata' as it is up-to-date.
[        ] work action resolve aar-metadata.properties (project :quill_native_bridge_android) (Thread[#37301,included builds,5,main]) started.
[        ] Resolve mutations for :shared_preferences_android:preBuild (Thread[#37301,included builds,5,main]) started.
[        ] :shared_preferences_android:preBuild (Thread[#37301,included builds,5,main]) started.
[        ] > Task :shared_preferences_android:preBuild UP-TO-DATE
[        ] Skipping task ':shared_preferences_android:preBuild' as it has no actions.
[        ] Resolve mutations for :shared_preferences_android:preDebugBuild (Thread[#37301,included builds,5,main]) started.
[        ] :shared_preferences_android:preDebugBuild (Thread[#37301,included builds,5,main]) started.
[        ] > Task :shared_preferences_android:preDebugBuild UP-TO-DATE
[        ] Skipping task ':shared_preferences_android:preDebugBuild' as it has no actions.
[        ] Resolve mutations for :shared_preferences_android:writeDebugAarMetadata (Thread[#37301,included builds,5,main]) started.
[        ] :shared_preferences_android:writeDebugAarMetadata (Thread[#37301,included builds,5,main]) started.
[        ] > Task :shared_preferences_android:writeDebugAarMetadata UP-TO-DATE
[        ] Caching disabled for task ':shared_preferences_android:writeDebugAarMetadata' because:
[        ]   Build cache is disabled
[        ]   Caching has been disabled for the task
[        ] Skipping task ':shared_preferences_android:writeDebugAarMetadata' as it is up-to-date.
[        ] work action resolve aar-metadata.properties (project :shared_preferences_android) (Thread[#37301,included builds,5,main]) started.
[        ] Resolve mutations for :sqflite_android:preBuild (Thread[#37301,included builds,5,main]) started.
[        ] :sqflite_android:preBuild (Thread[#37301,included builds,5,main]) started.
[        ] > Task :sqflite_android:preBuild UP-TO-DATE
[        ] Skipping task ':sqflite_android:preBuild' as it has no actions.
[        ] Resolve mutations for :sqflite_android:preDebugBuild (Thread[#37301,included builds,5,main]) started.
[        ] :sqflite_android:preDebugBuild (Thread[#37301,included builds,5,main]) started.
[        ] > Task :sqflite_android:preDebugBuild UP-TO-DATE
[        ] Skipping task ':sqflite_android:preDebugBuild' as it has no actions.
[        ] Resolve mutations for :sqflite_android:writeDebugAarMetadata (Thread[#37301,included builds,5,main]) started.
[        ] :sqflite_android:writeDebugAarMetadata (Thread[#37301,included builds,5,main]) started.
[        ] > Task :sqflite_android:writeDebugAarMetadata UP-TO-DATE
[        ] Caching disabled for task ':sqflite_android:writeDebugAarMetadata' because:
[        ]   Build cache is disabled
[        ]   Caching has been disabled for the task
[        ] Skipping task ':sqflite_android:writeDebugAarMetadata' as it is up-to-date.
[        ] work action resolve aar-metadata.properties (project :sqflite_android) (Thread[#37301,included builds,5,main]) started.
[        ] Resolve mutations for :url_launcher_android:preBuild (Thread[#37301,included builds,5,main]) started.
[        ] :url_launcher_android:preBuild (Thread[#37301,included builds,5,main]) started.
[        ] > Task :url_launcher_android:preBuild UP-TO-DATE
[        ] Skipping task ':url_launcher_android:preBuild' as it has no actions.
[        ] Resolve mutations for :url_launcher_android:preDebugBuild (Thread[#37301,included builds,5,main]) started.
[        ] :url_launcher_android:preDebugBuild (Thread[#37301,included builds,5,main]) started.
[        ] > Task :url_launcher_android:preDebugBuild UP-TO-DATE
[        ] Skipping task ':url_launcher_android:preDebugBuild' as it has no actions.
[        ] Resolve mutations for :url_launcher_android:writeDebugAarMetadata (Thread[#37301,included builds,5,main]) started.
[        ] :url_launcher_android:writeDebugAarMetadata (Thread[#37301,included builds,5,main]) started.
[        ] > Task :url_launcher_android:writeDebugAarMetadata UP-TO-DATE
[        ] Caching disabled for task ':url_launcher_android:writeDebugAarMetadata' because:
[        ]   Build cache is disabled
[        ]   Caching has been disabled for the task
[        ] Skipping task ':url_launcher_android:writeDebugAarMetadata' as it is up-to-date.
[        ] work action resolve aar-metadata.properties (project :url_launcher_android) (Thread[#37301,included builds,5,main]) started.
[        ] Resolve mutations for :video_player_android:preBuild (Thread[#37301,included builds,5,main]) started.
[        ] :video_player_android:preBuild (Thread[#37301,included builds,5,main]) started.
[        ] > Task :video_player_android:preBuild UP-TO-DATE
[        ] Skipping task ':video_player_android:preBuild' as it has no actions.
[        ] Resolve mutations for :video_player_android:preDebugBuild (Thread[#37301,included builds,5,main]) started.
[        ] :video_player_android:preDebugBuild (Thread[#37301,included builds,5,main]) started.
[        ] > Task :video_player_android:preDebugBuild UP-TO-DATE
[        ] Skipping task ':video_player_android:preDebugBuild' as it has no actions.
[        ] Resolve mutations for :video_player_android:writeDebugAarMetadata (Thread[#37301,included builds,5,main]) started.
[        ] :video_player_android:writeDebugAarMetadata (Thread[#37301,included builds,5,main]) started.
[        ] > Task :video_player_android:writeDebugAarMetadata UP-TO-DATE
[        ] Caching disabled for task ':video_player_android:writeDebugAarMetadata' because:
[        ]   Build cache is disabled
[        ]   Caching has been disabled for the task
[        ] Skipping task ':video_player_android:writeDebugAarMetadata' as it is up-to-date.
[        ] work action resolve aar-metadata.properties (project :video_player_android) (Thread[#37301,included builds,5,main]) started.
[        ] Resolve mutations for :app:checkDebugAarMetadata (Thread[#37301,included builds,5,main]) started.
[        ] :app:checkDebugAarMetadata (Thread[#37301,included builds,5,main]) started.
[        ] > Task :app:checkDebugAarMetadata UP-TO-DATE
[        ] Caching disabled for task ':app:checkDebugAarMetadata' because:
[        ]   Build cache is disabled
[        ]   Caching has been disabled for the task
[        ] Skipping task ':app:checkDebugAarMetadata' as it is up-to-date.
[        ] Resolve mutations for :app:cleanMergeDebugAssets (Thread[#37301,included builds,5,main]) started.
[        ] :app:cleanMergeDebugAssets (Thread[#37301,included builds,5,main]) started.
[        ] > Task :app:cleanMergeDebugAssets
[        ] Caching disabled for task ':app:cleanMergeDebugAssets' because:
[        ]   Build cache is disabled
[        ] Task ':app:cleanMergeDebugAssets' is not up-to-date because:
[        ]   Task has not declared any outputs despite executing actions.
[        ] Resolve mutations for :app:mergeDebugShaders (Thread[#37301,included builds,5,main]) started.
[        ] :app:mergeDebugShaders (Thread[#37301,included builds,5,main]) started.
[        ] > Task :app:mergeDebugShaders UP-TO-DATE
[        ] Caching disabled for task ':app:mergeDebugShaders' because:
[        ]   Build cache is disabled
[        ]   Simple merging task
[        ] Skipping task ':app:mergeDebugShaders' as it is up-to-date.
[        ] Resolve mutations for :app:compileDebugShaders (Thread[#37301,included builds,5,main]) started.
[        ] :app:compileDebugShaders (Thread[#37331,Execution worker Thread 29,5,main]) started.
[        ] > Task :app:compileDebugShaders NO-SOURCE
[        ] Skipping task ':app:compileDebugShaders' as it has no source files and no previous output files.
[        ] Resolve mutations for :app:generateDebugAssets (Thread[#37331,Execution worker Thread 29,5,main]) started.
[        ] :app:generateDebugAssets (Thread[#37331,Execution worker Thread 29,5,main]) started.
[        ] > Task :app:generateDebugAssets UP-TO-DATE
[        ] Skipping task ':app:generateDebugAssets' as it has no actions.
[        ] Resolve mutations for :connectivity_plus:mergeDebugShaders (Thread[#37323,Execution worker Thread 21,5,main]) started.
[        ] :connectivity_plus:mergeDebugShaders (Thread[#37332,Execution worker Thread 30,5,main]) started.
[        ] > Task :connectivity_plus:mergeDebugShaders UP-TO-DATE
[        ] Caching disabled for task ':connectivity_plus:mergeDebugShaders' because:
[        ]   Build cache is disabled
[        ]   Simple merging task
[        ] Skipping task ':connectivity_plus:mergeDebugShaders' as it is up-to-date.
[        ] Resolve mutations for :connectivity_plus:compileDebugShaders (Thread[#37332,Execution worker Thread 30,5,main]) started.
[        ] :connectivity_plus:compileDebugShaders (Thread[#37332,Execution worker Thread 30,5,main]) started.
[        ] > Task :connectivity_plus:compileDebugShaders NO-SOURCE
[        ] Skipping task ':connectivity_plus:compileDebugShaders' as it has no source files and no previous output files.
[        ] Resolve mutations for :connectivity_plus:generateDebugAssets (Thread[#37332,Execution worker Thread 30,5,main]) started.
[        ] :connectivity_plus:generateDebugAssets (Thread[#37332,Execution worker Thread 30,5,main]) started.
[        ] > Task :connectivity_plus:generateDebugAssets UP-TO-DATE
[        ] Skipping task ':connectivity_plus:generateDebugAssets' as it has no actions.
[        ] Resolve mutations for :connectivity_plus:mergeDebugAssets (Thread[#37332,Execution worker Thread 30,5,main]) started.
[        ] :connectivity_plus:mergeDebugAssets (Thread[#37332,Execution worker Thread 30,5,main]) started.
[        ] > Task :connectivity_plus:mergeDebugAssets UP-TO-DATE
[        ] Caching disabled for task ':connectivity_plus:mergeDebugAssets' because:
[        ]   Build cache is disabled
[        ]   Simple merging task
[        ] Skipping task ':connectivity_plus:mergeDebugAssets' as it is up-to-date.
[        ] work action resolve mergeDebugAssets (project :connectivity_plus) (Thread[#37332,Execution worker Thread 30,5,main]) started.
[        ] Resolve mutations for :emoji_picker_flutter:mergeDebugShaders (Thread[#37332,Execution worker Thread 30,5,main]) started.
[        ] :emoji_picker_flutter:mergeDebugShaders (Thread[#37332,Execution worker Thread 30,5,main]) started.
[        ] > Task :emoji_picker_flutter:mergeDebugShaders UP-TO-DATE
[        ] Caching disabled for task ':emoji_picker_flutter:mergeDebugShaders' because:
[        ]   Build cache is disabled
[        ]   Simple merging task
[        ] Skipping task ':emoji_picker_flutter:mergeDebugShaders' as it is up-to-date.
[        ] Resolve mutations for :emoji_picker_flutter:compileDebugShaders (Thread[#37332,Execution worker Thread 30,5,main]) started.
[        ] :emoji_picker_flutter:compileDebugShaders (Thread[#37332,Execution worker Thread 30,5,main]) started.
[        ] > Task :emoji_picker_flutter:compileDebugShaders NO-SOURCE
[        ] Skipping task ':emoji_picker_flutter:compileDebugShaders' as it has no source files and no previous output files.
[        ] Resolve mutations for :emoji_picker_flutter:generateDebugAssets (Thread[#37332,Execution worker Thread 30,5,main]) started.
[        ] :emoji_picker_flutter:generateDebugAssets (Thread[#37332,Execution worker Thread 30,5,main]) started.
[        ] > Task :emoji_picker_flutter:generateDebugAssets UP-TO-DATE
[        ] Skipping task ':emoji_picker_flutter:generateDebugAssets' as it has no actions.
[        ] Resolve mutations for :emoji_picker_flutter:mergeDebugAssets (Thread[#37332,Execution worker Thread 30,5,main]) started.
[        ] :emoji_picker_flutter:mergeDebugAssets (Thread[#37332,Execution worker Thread 30,5,main]) started.
[        ] > Task :emoji_picker_flutter:mergeDebugAssets UP-TO-DATE
[        ] Caching disabled for task ':emoji_picker_flutter:mergeDebugAssets' because:
[        ]   Build cache is disabled
[        ]   Simple merging task
[        ] Skipping task ':emoji_picker_flutter:mergeDebugAssets' as it is up-to-date.
[        ] work action resolve mergeDebugAssets (project :emoji_picker_flutter) (Thread[#37332,Execution worker Thread 30,5,main]) started.
[        ] Resolve mutations for :file_selector_android:mergeDebugShaders (Thread[#37332,Execution worker Thread 30,5,main]) started.
[        ] :file_selector_android:mergeDebugShaders (Thread[#37332,Execution worker Thread 30,5,main]) started.
[        ] > Task :file_selector_android:mergeDebugShaders UP-TO-DATE
[        ] Caching disabled for task ':file_selector_android:mergeDebugShaders' because:
[        ]   Build cache is disabled
[        ]   Simple merging task
[        ] Skipping task ':file_selector_android:mergeDebugShaders' as it is up-to-date.
[        ] Resolve mutations for :file_selector_android:compileDebugShaders (Thread[#37332,Execution worker Thread 30,5,main]) started.
[        ] :file_selector_android:compileDebugShaders (Thread[#37332,Execution worker Thread 30,5,main]) started.
[        ] > Task :file_selector_android:compileDebugShaders NO-SOURCE
[        ] Skipping task ':file_selector_android:compileDebugShaders' as it has no source files and no previous output files.
[        ] Resolve mutations for :file_selector_android:generateDebugAssets (Thread[#37332,Execution worker Thread 30,5,main]) started.
[        ] :file_selector_android:generateDebugAssets (Thread[#37332,Execution worker Thread 30,5,main]) started.
[        ] > Task :file_selector_android:generateDebugAssets UP-TO-DATE
[        ] Skipping task ':file_selector_android:generateDebugAssets' as it has no actions.
[        ] Resolve mutations for :file_selector_android:mergeDebugAssets (Thread[#37332,Execution worker Thread 30,5,main]) started.
[        ] :file_selector_android:mergeDebugAssets (Thread[#37332,Execution worker Thread 30,5,main]) started.
[        ] > Task :file_selector_android:mergeDebugAssets UP-TO-DATE
[        ] Caching disabled for task ':file_selector_android:mergeDebugAssets' because:
[        ]   Build cache is disabled
[        ]   Simple merging task
[        ] Skipping task ':file_selector_android:mergeDebugAssets' as it is up-to-date.
[        ] work action resolve mergeDebugAssets (project :file_selector_android) (Thread[#37332,Execution worker Thread 30,5,main]) started.
[        ] Resolve mutations for :flutter_keyboard_visibility_temp_fork:mergeDebugShaders (Thread[#37332,Execution worker Thread 30,5,main]) started.
[        ] :flutter_keyboard_visibility_temp_fork:mergeDebugShaders (Thread[#37332,Execution worker Thread 30,5,main]) started.
[        ] > Task :flutter_keyboard_visibility_temp_fork:mergeDebugShaders UP-TO-DATE
[        ] Caching disabled for task ':flutter_keyboard_visibility_temp_fork:mergeDebugShaders' because:
[        ]   Build cache is disabled
[        ]   Simple merging task
[        ] Skipping task ':flutter_keyboard_visibility_temp_fork:mergeDebugShaders' as it is up-to-date.
[        ] Resolve mutations for :flutter_keyboard_visibility_temp_fork:compileDebugShaders (Thread[#37332,Execution worker Thread 30,5,main]) started.
[        ] :flutter_keyboard_visibility_temp_fork:compileDebugShaders (Thread[#37332,Execution worker Thread 30,5,main]) started.
[        ] > Task :flutter_keyboard_visibility_temp_fork:compileDebugShaders NO-SOURCE
[        ] Skipping task ':flutter_keyboard_visibility_temp_fork:compileDebugShaders' as it has no source files and no previous output files.
[        ] Resolve mutations for :flutter_keyboard_visibility_temp_fork:generateDebugAssets (Thread[#37332,Execution worker Thread 30,5,main]) started.
[        ] :flutter_keyboard_visibility_temp_fork:generateDebugAssets (Thread[#37332,Execution worker Thread 30,5,main]) started.
[        ] > Task :flutter_keyboard_visibility_temp_fork:generateDebugAssets UP-TO-DATE
[        ] Skipping task ':flutter_keyboard_visibility_temp_fork:generateDebugAssets' as it has no actions.
[        ] Resolve mutations for :flutter_keyboard_visibility_temp_fork:mergeDebugAssets (Thread[#37332,Execution worker Thread 30,5,main]) started.
[        ] :flutter_keyboard_visibility_temp_fork:mergeDebugAssets (Thread[#37332,Execution worker Thread 30,5,main]) started.
[        ] > Task :flutter_keyboard_visibility_temp_fork:mergeDebugAssets UP-TO-DATE
[        ] Caching disabled for task ':flutter_keyboard_visibility_temp_fork:mergeDebugAssets' because:
[        ]   Build cache is disabled
[        ]   Simple merging task
[        ] Skipping task ':flutter_keyboard_visibility_temp_fork:mergeDebugAssets' as it is up-to-date.
[        ] work action resolve mergeDebugAssets (project :flutter_keyboard_visibility_temp_fork) (Thread[#37332,Execution worker Thread 30,5,main]) started.
[        ] Resolve mutations for :flutter_native_splash:mergeDebugShaders (Thread[#37332,Execution worker Thread 30,5,main]) started.
[        ] :flutter_native_splash:mergeDebugShaders (Thread[#37332,Execution worker Thread 30,5,main]) started.
[        ] > Task :flutter_native_splash:mergeDebugShaders UP-TO-DATE
[        ] Caching disabled for task ':flutter_native_splash:mergeDebugShaders' because:
[        ]   Build cache is disabled
[        ]   Simple merging task
[        ] Skipping task ':flutter_native_splash:mergeDebugShaders' as it is up-to-date.
[        ] Resolve mutations for :flutter_native_splash:compileDebugShaders (Thread[#37332,Execution worker Thread 30,5,main]) started.
[        ] :flutter_native_splash:compileDebugShaders (Thread[#37332,Execution worker Thread 30,5,main]) started.
[  +98 ms] > Task :flutter_native_splash:compileDebugShaders NO-SOURCE
[        ] Skipping task ':flutter_native_splash:compileDebugShaders' as it has no source files and no previous output files.
[        ] Resolve mutations for :flutter_native_splash:generateDebugAssets (Thread[#37332,Execution worker Thread 30,5,main]) started.
[        ] :flutter_native_splash:generateDebugAssets (Thread[#37332,Execution worker Thread 30,5,main]) started.
[        ] > Task :flutter_native_splash:generateDebugAssets UP-TO-DATE
[        ] Skipping task ':flutter_native_splash:generateDebugAssets' as it has no actions.
[        ] Resolve mutations for :flutter_native_splash:mergeDebugAssets (Thread[#37332,Execution worker Thread 30,5,main]) started.
[        ] :flutter_native_splash:mergeDebugAssets (Thread[#37332,Execution worker Thread 30,5,main]) started.
[        ] > Task :flutter_native_splash:mergeDebugAssets UP-TO-DATE
[        ] Caching disabled for task ':flutter_native_splash:mergeDebugAssets' because:
[        ]   Build cache is disabled
[        ]   Simple merging task
[        ] Skipping task ':flutter_native_splash:mergeDebugAssets' as it is up-to-date.
[        ] work action resolve mergeDebugAssets (project :flutter_native_splash) (Thread[#37332,Execution worker Thread 30,5,main]) started.
[        ] Resolve mutations for :flutter_olm:mergeDebugShaders (Thread[#37332,Execution worker Thread 30,5,main]) started.
[        ] :flutter_olm:mergeDebugShaders (Thread[#37332,Execution worker Thread 30,5,main]) started.
[        ] > Task :flutter_olm:mergeDebugShaders UP-TO-DATE
[        ] Caching disabled for task ':flutter_olm:mergeDebugShaders' because:
[        ]   Build cache is disabled
[        ]   Simple merging task
[        ] Skipping task ':flutter_olm:mergeDebugShaders' as it is up-to-date.
[        ] Resolve mutations for :flutter_olm:compileDebugShaders (Thread[#37332,Execution worker Thread 30,5,main]) started.
[        ] :flutter_olm:compileDebugShaders (Thread[#37332,Execution worker Thread 30,5,main]) started.
[        ] > Task :flutter_olm:compileDebugShaders NO-SOURCE
[        ] Skipping task ':flutter_olm:compileDebugShaders' as it has no source files and no previous output files.
[        ] Resolve mutations for :flutter_olm:generateDebugAssets (Thread[#37332,Execution worker Thread 30,5,main]) started.
[        ] :flutter_olm:generateDebugAssets (Thread[#37332,Execution worker Thread 30,5,main]) started.
[        ] > Task :flutter_olm:generateDebugAssets UP-TO-DATE
[        ] Skipping task ':flutter_olm:generateDebugAssets' as it has no actions.
[        ] Resolve mutations for :flutter_olm:mergeDebugAssets (Thread[#37332,Execution worker Thread 30,5,main]) started.
[        ] :flutter_olm:mergeDebugAssets (Thread[#37332,Execution worker Thread 30,5,main]) started.
[        ] > Task :flutter_olm:mergeDebugAssets UP-TO-DATE
[        ] Caching disabled for task ':flutter_olm:mergeDebugAssets' because:
[        ]   Build cache is disabled
[        ]   Simple merging task
[        ] Skipping task ':flutter_olm:mergeDebugAssets' as it is up-to-date.
[        ] work action resolve mergeDebugAssets (project :flutter_olm) (Thread[#37332,Execution worker Thread 30,5,main]) started.
[        ] Resolve mutations for :flutter_openssl_crypto:mergeDebugShaders (Thread[#37332,Execution worker Thread 30,5,main]) started.
[        ] :flutter_openssl_crypto:mergeDebugShaders (Thread[#37332,Execution worker Thread 30,5,main]) started.
[        ] > Task :flutter_openssl_crypto:mergeDebugShaders UP-TO-DATE
[        ] Caching disabled for task ':flutter_openssl_crypto:mergeDebugShaders' because:
[        ]   Build cache is disabled
[        ]   Simple merging task
[        ] Skipping task ':flutter_openssl_crypto:mergeDebugShaders' as it is up-to-date.
[        ] Resolve mutations for :flutter_openssl_crypto:compileDebugShaders (Thread[#37332,Execution worker Thread 30,5,main]) started.
[        ] :flutter_openssl_crypto:compileDebugShaders (Thread[#37332,Execution worker Thread 30,5,main]) started.
[        ] > Task :flutter_openssl_crypto:compileDebugShaders NO-SOURCE
[        ] Skipping task ':flutter_openssl_crypto:compileDebugShaders' as it has no source files and no previous output files.
[        ] Resolve mutations for :flutter_openssl_crypto:generateDebugAssets (Thread[#37332,Execution worker Thread 30,5,main]) started.
[        ] :flutter_openssl_crypto:generateDebugAssets (Thread[#37332,Execution worker Thread 30,5,main]) started.
[        ] > Task :flutter_openssl_crypto:generateDebugAssets UP-TO-DATE
[        ] Skipping task ':flutter_openssl_crypto:generateDebugAssets' as it has no actions.
[        ] Resolve mutations for :flutter_openssl_crypto:mergeDebugAssets (Thread[#37332,Execution worker Thread 30,5,main]) started.
[        ] :flutter_openssl_crypto:mergeDebugAssets (Thread[#37332,Execution worker Thread 30,5,main]) started.
[        ] > Task :flutter_openssl_crypto:mergeDebugAssets UP-TO-DATE
[        ] Caching disabled for task ':flutter_openssl_crypto:mergeDebugAssets' because:
[        ]   Build cache is disabled
[        ]   Simple merging task
[        ] Skipping task ':flutter_openssl_crypto:mergeDebugAssets' as it is up-to-date.
[        ] work action resolve mergeDebugAssets (project :flutter_openssl_crypto) (Thread[#37332,Execution worker Thread 30,5,main]) started.
[        ] Resolve mutations for :integration_test:mergeDebugShaders (Thread[#37332,Execution worker Thread 30,5,main]) started.
[        ] :integration_test:mergeDebugShaders (Thread[#37332,Execution worker Thread 30,5,main]) started.
[        ] > Task :integration_test:mergeDebugShaders UP-TO-DATE
[        ] Caching disabled for task ':integration_test:mergeDebugShaders' because:
[        ]   Build cache is disabled
[        ]   Simple merging task
[        ] Skipping task ':integration_test:mergeDebugShaders' as it is up-to-date.
[        ] Resolve mutations for :integration_test:compileDebugShaders (Thread[#37332,Execution worker Thread 30,5,main]) started.
[        ] :integration_test:compileDebugShaders (Thread[#37332,Execution worker Thread 30,5,main]) started.
[        ] > Task :integration_test:compileDebugShaders NO-SOURCE
[        ] Skipping task ':integration_test:compileDebugShaders' as it has no source files and no previous output files.
[        ] Resolve mutations for :integration_test:generateDebugAssets (Thread[#37332,Execution worker Thread 30,5,main]) started.
[        ] :integration_test:generateDebugAssets (Thread[#37332,Execution worker Thread 30,5,main]) started.
[        ] > Task :integration_test:generateDebugAssets UP-TO-DATE
[        ] Skipping task ':integration_test:generateDebugAssets' as it has no actions.
[        ] Resolve mutations for :integration_test:mergeDebugAssets (Thread[#37332,Execution worker Thread 30,5,main]) started.
[        ] :integration_test:mergeDebugAssets (Thread[#37332,Execution worker Thread 30,5,main]) started.
[        ] > Task :integration_test:mergeDebugAssets UP-TO-DATE
[        ] Caching disabled for task ':integration_test:mergeDebugAssets' because:
[        ]   Build cache is disabled
[        ]   Simple merging task
[        ] Skipping task ':integration_test:mergeDebugAssets' as it is up-to-date.
[        ] work action resolve mergeDebugAssets (project :integration_test) (Thread[#37332,Execution worker Thread 30,5,main]) started.
[        ] Resolve mutations for :path_provider_android:mergeDebugShaders (Thread[#37332,Execution worker Thread 30,5,main]) started.
[        ] :path_provider_android:mergeDebugShaders (Thread[#37332,Execution worker Thread 30,5,main]) started.
[        ] > Task :path_provider_android:mergeDebugShaders UP-TO-DATE
[        ] Caching disabled for task ':path_provider_android:mergeDebugShaders' because:
[        ]   Build cache is disabled
[        ]   Simple merging task
[        ] Skipping task ':path_provider_android:mergeDebugShaders' as it is up-to-date.
[        ] Resolve mutations for :path_provider_android:compileDebugShaders (Thread[#37332,Execution worker Thread 30,5,main]) started.
[        ] :path_provider_android:compileDebugShaders (Thread[#37332,Execution worker Thread 30,5,main]) started.
[        ] > Task :path_provider_android:compileDebugShaders NO-SOURCE
[        ] Skipping task ':path_provider_android:compileDebugShaders' as it has no source files and no previous output files.
[        ] Resolve mutations for :path_provider_android:generateDebugAssets (Thread[#37332,Execution worker Thread 30,5,main]) started.
[        ] :path_provider_android:generateDebugAssets (Thread[#37332,Execution worker Thread 30,5,main]) started.
[        ] > Task :path_provider_android:generateDebugAssets UP-TO-DATE
[        ] Skipping task ':path_provider_android:generateDebugAssets' as it has no actions.
[        ] Resolve mutations for :path_provider_android:mergeDebugAssets (Thread[#37332,Execution worker Thread 30,5,main]) started.
[        ] :path_provider_android:mergeDebugAssets (Thread[#37332,Execution worker Thread 30,5,main]) started.
[        ] > Task :path_provider_android:mergeDebugAssets UP-TO-DATE
[        ] Caching disabled for task ':path_provider_android:mergeDebugAssets' because:
[        ]   Build cache is disabled
[        ]   Simple merging task
[        ] Skipping task ':path_provider_android:mergeDebugAssets' as it is up-to-date.
[        ] work action resolve mergeDebugAssets (project :path_provider_android) (Thread[#37332,Execution worker Thread 30,5,main]) started.
[        ] Resolve mutations for :quill_native_bridge_android:mergeDebugShaders (Thread[#37332,Execution worker Thread 30,5,main]) started.
[        ] :quill_native_bridge_android:mergeDebugShaders (Thread[#37332,Execution worker Thread 30,5,main]) started.
[        ] > Task :quill_native_bridge_android:mergeDebugShaders UP-TO-DATE
[        ] Caching disabled for task ':quill_native_bridge_android:mergeDebugShaders' because:
[        ]   Build cache is disabled
[        ]   Simple merging task
[        ] Skipping task ':quill_native_bridge_android:mergeDebugShaders' as it is up-to-date.
[        ] Resolve mutations for :quill_native_bridge_android:compileDebugShaders (Thread[#37332,Execution worker Thread 30,5,main]) started.
[        ] :quill_native_bridge_android:compileDebugShaders (Thread[#37332,Execution worker Thread 30,5,main]) started.
[        ] > Task :quill_native_bridge_android:compileDebugShaders NO-SOURCE
[        ] Skipping task ':quill_native_bridge_android:compileDebugShaders' as it has no source files and no previous output files.
[        ] Resolve mutations for :quill_native_bridge_android:generateDebugAssets (Thread[#37332,Execution worker Thread 30,5,main]) started.
[        ] :quill_native_bridge_android:generateDebugAssets (Thread[#37332,Execution worker Thread 30,5,main]) started.
[        ] > Task :quill_native_bridge_android:generateDebugAssets UP-TO-DATE
[        ] Skipping task ':quill_native_bridge_android:generateDebugAssets' as it has no actions.
[        ] Resolve mutations for :quill_native_bridge_android:mergeDebugAssets (Thread[#37332,Execution worker Thread 30,5,main]) started.
[        ] :quill_native_bridge_android:mergeDebugAssets (Thread[#37332,Execution worker Thread 30,5,main]) started.
[        ] > Task :quill_native_bridge_android:mergeDebugAssets UP-TO-DATE
[        ] Caching disabled for task ':quill_native_bridge_android:mergeDebugAssets' because:
[        ]   Build cache is disabled
[        ]   Simple merging task
[        ] Skipping task ':quill_native_bridge_android:mergeDebugAssets' as it is up-to-date.
[        ] work action resolve mergeDebugAssets (project :quill_native_bridge_android) (Thread[#37332,Execution worker Thread 30,5,main]) started.
[        ] Resolve mutations for :shared_preferences_android:mergeDebugShaders (Thread[#37332,Execution worker Thread 30,5,main]) started.
[        ] :shared_preferences_android:mergeDebugShaders (Thread[#37332,Execution worker Thread 30,5,main]) started.
[        ] > Task :shared_preferences_android:mergeDebugShaders UP-TO-DATE
[        ] Caching disabled for task ':shared_preferences_android:mergeDebugShaders' because:
[        ]   Build cache is disabled
[        ]   Simple merging task
[        ] Skipping task ':shared_preferences_android:mergeDebugShaders' as it is up-to-date.
[        ] Resolve mutations for :shared_preferences_android:compileDebugShaders (Thread[#37332,Execution worker Thread 30,5,main]) started.
[        ] :shared_preferences_android:compileDebugShaders (Thread[#37332,Execution worker Thread 30,5,main]) started.
[        ] > Task :shared_preferences_android:compileDebugShaders NO-SOURCE
[        ] Skipping task ':shared_preferences_android:compileDebugShaders' as it has no source files and no previous output files.
[        ] Resolve mutations for :shared_preferences_android:generateDebugAssets (Thread[#37332,Execution worker Thread 30,5,main]) started.
[        ] :shared_preferences_android:generateDebugAssets (Thread[#37332,Execution worker Thread 30,5,main]) started.
[        ] > Task :shared_preferences_android:generateDebugAssets UP-TO-DATE
[        ] Skipping task ':shared_preferences_android:generateDebugAssets' as it has no actions.
[        ] Resolve mutations for :shared_preferences_android:mergeDebugAssets (Thread[#37332,Execution worker Thread 30,5,main]) started.
[        ] :shared_preferences_android:mergeDebugAssets (Thread[#37332,Execution worker Thread 30,5,main]) started.
[        ] > Task :shared_preferences_android:mergeDebugAssets UP-TO-DATE
[        ] Caching disabled for task ':shared_preferences_android:mergeDebugAssets' because:
[        ]   Build cache is disabled
[        ]   Simple merging task
[        ] Skipping task ':shared_preferences_android:mergeDebugAssets' as it is up-to-date.
[        ] work action resolve mergeDebugAssets (project :shared_preferences_android) (Thread[#37332,Execution worker Thread 30,5,main]) started.
[        ] Resolve mutations for :sqflite_android:mergeDebugShaders (Thread[#37332,Execution worker Thread 30,5,main]) started.
[        ] :sqflite_android:mergeDebugShaders (Thread[#37332,Execution worker Thread 30,5,main]) started.
[        ] > Task :sqflite_android:mergeDebugShaders UP-TO-DATE
[        ] Caching disabled for task ':sqflite_android:mergeDebugShaders' because:
[        ]   Build cache is disabled
[        ]   Simple merging task
[        ] Skipping task ':sqflite_android:mergeDebugShaders' as it is up-to-date.
[        ] Resolve mutations for :sqflite_android:compileDebugShaders (Thread[#37332,Execution worker Thread 30,5,main]) started.
[        ] :sqflite_android:compileDebugShaders (Thread[#37332,Execution worker Thread 30,5,main]) started.
[        ] > Task :sqflite_android:compileDebugShaders NO-SOURCE
[        ] Skipping task ':sqflite_android:compileDebugShaders' as it has no source files and no previous output files.
[        ] Resolve mutations for :sqflite_android:generateDebugAssets (Thread[#37332,Execution worker Thread 30,5,main]) started.
[        ] :sqflite_android:generateDebugAssets (Thread[#37332,Execution worker Thread 30,5,main]) started.
[        ] > Task :sqflite_android:generateDebugAssets UP-TO-DATE
[        ] Skipping task ':sqflite_android:generateDebugAssets' as it has no actions.
[        ] Resolve mutations for :sqflite_android:mergeDebugAssets (Thread[#37332,Execution worker Thread 30,5,main]) started.
[        ] :sqflite_android:mergeDebugAssets (Thread[#37332,Execution worker Thread 30,5,main]) started.
[        ] > Task :sqflite_android:mergeDebugAssets UP-TO-DATE
[        ] Caching disabled for task ':sqflite_android:mergeDebugAssets' because:
[        ]   Build cache is disabled
[        ]   Simple merging task
[        ] Skipping task ':sqflite_android:mergeDebugAssets' as it is up-to-date.
[        ] work action resolve mergeDebugAssets (project :sqflite_android) (Thread[#37332,Execution worker Thread 30,5,main]) started.
[        ] Resolve mutations for :url_launcher_android:mergeDebugShaders (Thread[#37332,Execution worker Thread 30,5,main]) started.
[        ] :url_launcher_android:mergeDebugShaders (Thread[#37332,Execution worker Thread 30,5,main]) started.
[        ] > Task :url_launcher_android:mergeDebugShaders UP-TO-DATE
[        ] Caching disabled for task ':url_launcher_android:mergeDebugShaders' because:
[        ]   Build cache is disabled
[        ]   Simple merging task
[        ] Skipping task ':url_launcher_android:mergeDebugShaders' as it is up-to-date.
[        ] Resolve mutations for :url_launcher_android:compileDebugShaders (Thread[#37332,Execution worker Thread 30,5,main]) started.
[        ] :url_launcher_android:compileDebugShaders (Thread[#37332,Execution worker Thread 30,5,main]) started.
[        ] > Task :url_launcher_android:compileDebugShaders NO-SOURCE
[        ] Skipping task ':url_launcher_android:compileDebugShaders' as it has no source files and no previous output files.
[        ] Resolve mutations for :url_launcher_android:generateDebugAssets (Thread[#37332,Execution worker Thread 30,5,main]) started.
[        ] :url_launcher_android:generateDebugAssets (Thread[#37332,Execution worker Thread 30,5,main]) started.
[        ] > Task :url_launcher_android:generateDebugAssets UP-TO-DATE
[        ] Skipping task ':url_launcher_android:generateDebugAssets' as it has no actions.
[        ] Resolve mutations for :url_launcher_android:mergeDebugAssets (Thread[#37332,Execution worker Thread 30,5,main]) started.
[        ] :url_launcher_android:mergeDebugAssets (Thread[#37332,Execution worker Thread 30,5,main]) started.
[        ] > Task :url_launcher_android:mergeDebugAssets UP-TO-DATE
[        ] Caching disabled for task ':url_launcher_android:mergeDebugAssets' because:
[        ]   Build cache is disabled
[        ]   Simple merging task
[        ] Skipping task ':url_launcher_android:mergeDebugAssets' as it is up-to-date.
[        ] work action resolve mergeDebugAssets (project :url_launcher_android) (Thread[#37332,Execution worker Thread 30,5,main]) started.
[        ] Resolve mutations for :video_player_android:mergeDebugShaders (Thread[#37332,Execution worker Thread 30,5,main]) started.
[        ] :video_player_android:mergeDebugShaders (Thread[#37332,Execution worker Thread 30,5,main]) started.
[        ] > Task :video_player_android:mergeDebugShaders UP-TO-DATE
[        ] Caching disabled for task ':video_player_android:mergeDebugShaders' because:
[        ]   Build cache is disabled
[        ]   Simple merging task
[        ] Skipping task ':video_player_android:mergeDebugShaders' as it is up-to-date.
[        ] Resolve mutations for :video_player_android:compileDebugShaders (Thread[#37332,Execution worker Thread 30,5,main]) started.
[        ] :video_player_android:compileDebugShaders (Thread[#37332,Execution worker Thread 30,5,main]) started.
[        ] > Task :video_player_android:compileDebugShaders NO-SOURCE
[        ] Skipping task ':video_player_android:compileDebugShaders' as it has no source files and no previous output files.
[        ] Resolve mutations for :video_player_android:generateDebugAssets (Thread[#37332,Execution worker Thread 30,5,main]) started.
[        ] :video_player_android:generateDebugAssets (Thread[#37332,Execution worker Thread 30,5,main]) started.
[        ] > Task :video_player_android:generateDebugAssets UP-TO-DATE
[        ] Skipping task ':video_player_android:generateDebugAssets' as it has no actions.
[        ] Resolve mutations for :video_player_android:mergeDebugAssets (Thread[#37332,Execution worker Thread 30,5,main]) started.
[        ] :video_player_android:mergeDebugAssets (Thread[#37332,Execution worker Thread 30,5,main]) started.
[        ] > Task :video_player_android:mergeDebugAssets UP-TO-DATE
[        ] Caching disabled for task ':video_player_android:mergeDebugAssets' because:
[        ]   Build cache is disabled
[        ]   Simple merging task
[        ] Skipping task ':video_player_android:mergeDebugAssets' as it is up-to-date.
[        ] work action resolve mergeDebugAssets (project :video_player_android) (Thread[#37332,Execution worker Thread 30,5,main]) started.
[        ] Resolve mutations for :app:mergeDebugAssets (Thread[#37332,Execution worker Thread 30,5,main]) started.
[        ] :app:mergeDebugAssets (Thread[#37332,Execution worker Thread 30,5,main]) started.
[        ] > Task :app:mergeDebugAssets
[        ] Caching disabled for task ':app:mergeDebugAssets' because:
[        ]   Build cache is disabled
[        ]   Simple merging task
[        ] Task ':app:mergeDebugAssets' is not up-to-date because:
[        ]   Output property 'outputDir' file /Users/florian/Code/substitution/build/app/intermediates/assets/debug/mergeDebugAssets has been removed.
[        ] The input changes require a full rebuild for incremental task ':app:mergeDebugAssets'.
[        ] Resolve mutations for :app:copyFlutterAssetsDebug (Thread[#37332,Execution worker Thread 30,5,main]) started.
[        ] :app:copyFlutterAssetsDebug (Thread[#37332,Execution worker Thread 30,5,main]) started.
[ +185 ms] > Task :app:copyFlutterAssetsDebug
[        ] Caching disabled for task ':app:copyFlutterAssetsDebug' because:
[        ]   Build cache is disabled
[        ]   Not worth caching
[        ] Task ':app:copyFlutterAssetsDebug' is not up-to-date because:
[        ]   Output property 'destinationDir' file /Users/florian/Code/substitution/build/app/intermediates/assets/debug/mergeDebugAssets/flutter_assets has been removed.
[        ]   Output property 'destinationDir' file /Users/florian/Code/substitution/build/app/intermediates/assets/debug/mergeDebugAssets/flutter_assets/AssetManifest.bin has been removed.
[        ]   Output property 'destinationDir' file /Users/florian/Code/substitution/build/app/intermediates/assets/debug/mergeDebugAssets/flutter_assets/FontManifest.json has been removed.
[        ]   and more...
[        ] Resolve mutations for :app:generateDebugResValues (Thread[#37332,Execution worker Thread 30,5,main]) started.
[        ] :app:generateDebugResValues (Thread[#37332,Execution worker Thread 30,5,main]) started.
[        ] > Task :app:generateDebugResValues UP-TO-DATE
[        ] Caching disabled for task ':app:generateDebugResValues' because:
[        ]   Build cache is disabled
[        ] Skipping task ':app:generateDebugResValues' as it is up-to-date.
[        ] Resolve mutations for :connectivity_plus:generateDebugResValues (Thread[#37332,Execution worker Thread 30,5,main]) started.
[        ] :connectivity_plus:generateDebugResValues (Thread[#37332,Execution worker Thread 30,5,main]) started.
[        ] > Task :connectivity_plus:generateDebugResValues UP-TO-DATE
[        ] Caching disabled for task ':connectivity_plus:generateDebugResValues' because:
[        ]   Build cache is disabled
[        ] Skipping task ':connectivity_plus:generateDebugResValues' as it is up-to-date.
[        ] Resolve mutations for :connectivity_plus:generateDebugResources (Thread[#37332,Execution worker Thread 30,5,main]) started.
[        ] :connectivity_plus:generateDebugResources (Thread[#37332,Execution worker Thread 30,5,main]) started.
[        ] > Task :connectivity_plus:generateDebugResources UP-TO-DATE
[        ] Caching disabled for task ':connectivity_plus:generateDebugResources' because:
[        ]   Build cache is disabled
[        ] Skipping task ':connectivity_plus:generateDebugResources' as it is up-to-date.
[        ] Resolve mutations for :connectivity_plus:packageDebugResources (Thread[#37332,Execution worker Thread 30,5,main]) started.
[        ] :connectivity_plus:packageDebugResources (Thread[#37332,Execution worker Thread 30,5,main]) started.
[        ] > Task :connectivity_plus:packageDebugResources UP-TO-DATE
[        ] Caching disabled for task ':connectivity_plus:packageDebugResources' because:
[        ]   Build cache is disabled
[        ] Skipping task ':connectivity_plus:packageDebugResources' as it is up-to-date.
[        ] work action resolve packageDebugResources (project :connectivity_plus) (Thread[#37332,Execution worker Thread 30,5,main]) started.
[        ] Resolve mutations for :emoji_picker_flutter:generateDebugResValues (Thread[#37332,Execution worker Thread 30,5,main]) started.
[        ] :emoji_picker_flutter:generateDebugResValues (Thread[#37332,Execution worker Thread 30,5,main]) started.
[        ] > Task :emoji_picker_flutter:generateDebugResValues UP-TO-DATE
[        ] Caching disabled for task ':emoji_picker_flutter:generateDebugResValues' because:
[        ]   Build cache is disabled
[        ] Skipping task ':emoji_picker_flutter:generateDebugResValues' as it is up-to-date.
[        ] Resolve mutations for :emoji_picker_flutter:generateDebugResources (Thread[#37332,Execution worker Thread 30,5,main]) started.
[        ] :emoji_picker_flutter:generateDebugResources (Thread[#37332,Execution worker Thread 30,5,main]) started.
[        ] > Task :emoji_picker_flutter:generateDebugResources UP-TO-DATE
[        ] Caching disabled for task ':emoji_picker_flutter:generateDebugResources' because:
[        ]   Build cache is disabled
[        ] Skipping task ':emoji_picker_flutter:generateDebugResources' as it is up-to-date.
[        ] Resolve mutations for :emoji_picker_flutter:packageDebugResources (Thread[#37332,Execution worker Thread 30,5,main]) started.
[        ] :emoji_picker_flutter:packageDebugResources (Thread[#37332,Execution worker Thread 30,5,main]) started.
[        ] > Task :emoji_picker_flutter:packageDebugResources UP-TO-DATE
[        ] Caching disabled for task ':emoji_picker_flutter:packageDebugResources' because:
[        ]   Build cache is disabled
[        ] Skipping task ':emoji_picker_flutter:packageDebugResources' as it is up-to-date.
[        ] work action resolve packageDebugResources (project :emoji_picker_flutter) (Thread[#37332,Execution worker Thread 30,5,main]) started.
[        ] Resolve mutations for :file_selector_android:generateDebugResValues (Thread[#37332,Execution worker Thread 30,5,main]) started.
[        ] :file_selector_android:generateDebugResValues (Thread[#37332,Execution worker Thread 30,5,main]) started.
[        ] > Task :file_selector_android:generateDebugResValues UP-TO-DATE
[        ] Caching disabled for task ':file_selector_android:generateDebugResValues' because:
[        ]   Build cache is disabled
[        ] Skipping task ':file_selector_android:generateDebugResValues' as it is up-to-date.
[        ] Resolve mutations for :file_selector_android:generateDebugResources (Thread[#37332,Execution worker Thread 30,5,main]) started.
[        ] :file_selector_android:generateDebugResources (Thread[#37332,Execution worker Thread 30,5,main]) started.
[        ] > Task :file_selector_android:generateDebugResources UP-TO-DATE
[        ] Caching disabled for task ':file_selector_android:generateDebugResources' because:
[        ]   Build cache is disabled
[        ] Skipping task ':file_selector_android:generateDebugResources' as it is up-to-date.
[        ] Resolve mutations for :file_selector_android:packageDebugResources (Thread[#37332,Execution worker Thread 30,5,main]) started.
[        ] :file_selector_android:packageDebugResources (Thread[#37332,Execution worker Thread 30,5,main]) started.
[        ] > Task :file_selector_android:packageDebugResources UP-TO-DATE
[        ] Caching disabled for task ':file_selector_android:packageDebugResources' because:
[        ]   Build cache is disabled
[        ] Skipping task ':file_selector_android:packageDebugResources' as it is up-to-date.
[        ] work action resolve packageDebugResources (project :file_selector_android) (Thread[#37332,Execution worker Thread 30,5,main]) started.
[        ] Resolve mutations for :flutter_keyboard_visibility_temp_fork:generateDebugResValues (Thread[#37332,Execution worker Thread 30,5,main]) started.
[        ] :flutter_keyboard_visibility_temp_fork:generateDebugResValues (Thread[#37332,Execution worker Thread 30,5,main]) started.
[        ] > Task :flutter_keyboard_visibility_temp_fork:generateDebugResValues UP-TO-DATE
[        ] Caching disabled for task ':flutter_keyboard_visibility_temp_fork:generateDebugResValues' because:
[        ]   Build cache is disabled
[        ] Skipping task ':flutter_keyboard_visibility_temp_fork:generateDebugResValues' as it is up-to-date.
[        ] Resolve mutations for :flutter_keyboard_visibility_temp_fork:generateDebugResources (Thread[#37332,Execution worker Thread 30,5,main]) started.
[        ] :flutter_keyboard_visibility_temp_fork:generateDebugResources (Thread[#37332,Execution worker Thread 30,5,main]) started.
[        ] > Task :flutter_keyboard_visibility_temp_fork:generateDebugResources UP-TO-DATE
[        ] Caching disabled for task ':flutter_keyboard_visibility_temp_fork:generateDebugResources' because:
[        ]   Build cache is disabled
[        ] Skipping task ':flutter_keyboard_visibility_temp_fork:generateDebugResources' as it is up-to-date.
[        ] Resolve mutations for :flutter_keyboard_visibility_temp_fork:packageDebugResources (Thread[#37332,Execution worker Thread 30,5,main]) started.
[        ] :flutter_keyboard_visibility_temp_fork:packageDebugResources (Thread[#37332,Execution worker Thread 30,5,main]) started.
[        ] > Task :flutter_keyboard_visibility_temp_fork:packageDebugResources UP-TO-DATE
[        ] Caching disabled for task ':flutter_keyboard_visibility_temp_fork:packageDebugResources' because:
[        ]   Build cache is disabled
[        ] Skipping task ':flutter_keyboard_visibility_temp_fork:packageDebugResources' as it is up-to-date.
[        ] work action resolve packageDebugResources (project :flutter_keyboard_visibility_temp_fork) (Thread[#37332,Execution worker Thread 30,5,main]) started.
[        ] Resolve mutations for :flutter_native_splash:generateDebugResValues (Thread[#37332,Execution worker Thread 30,5,main]) started.
[        ] :flutter_native_splash:generateDebugResValues (Thread[#37332,Execution worker Thread 30,5,main]) started.
[        ] > Task :flutter_native_splash:generateDebugResValues UP-TO-DATE
[        ] Caching disabled for task ':flutter_native_splash:generateDebugResValues' because:
[        ]   Build cache is disabled
[        ] Skipping task ':flutter_native_splash:generateDebugResValues' as it is up-to-date.
[        ] Resolve mutations for :flutter_native_splash:generateDebugResources (Thread[#37332,Execution worker Thread 30,5,main]) started.
[        ] :flutter_native_splash:generateDebugResources (Thread[#37332,Execution worker Thread 30,5,main]) started.
[        ] > Task :flutter_native_splash:generateDebugResources UP-TO-DATE
[        ] Caching disabled for task ':flutter_native_splash:generateDebugResources' because:
[        ]   Build cache is disabled
[        ] Skipping task ':flutter_native_splash:generateDebugResources' as it is up-to-date.
[        ] Resolve mutations for :flutter_native_splash:packageDebugResources (Thread[#37332,Execution worker Thread 30,5,main]) started.
[        ] :flutter_native_splash:packageDebugResources (Thread[#37332,Execution worker Thread 30,5,main]) started.
[        ] > Task :flutter_native_splash:packageDebugResources UP-TO-DATE
[        ] Caching disabled for task ':flutter_native_splash:packageDebugResources' because:
[        ]   Build cache is disabled
[        ] Skipping task ':flutter_native_splash:packageDebugResources' as it is up-to-date.
[        ] work action resolve packageDebugResources (project :flutter_native_splash) (Thread[#37332,Execution worker Thread 30,5,main]) started.
[        ] Resolve mutations for :flutter_olm:generateDebugResValues (Thread[#37332,Execution worker Thread 30,5,main]) started.
[        ] :flutter_olm:generateDebugResValues (Thread[#37332,Execution worker Thread 30,5,main]) started.
[        ] > Task :flutter_olm:generateDebugResValues UP-TO-DATE
[        ] Caching disabled for task ':flutter_olm:generateDebugResValues' because:
[        ]   Build cache is disabled
[        ] Skipping task ':flutter_olm:generateDebugResValues' as it is up-to-date.
[        ] Resolve mutations for :flutter_olm:generateDebugResources (Thread[#37332,Execution worker Thread 30,5,main]) started.
[        ] :flutter_olm:generateDebugResources (Thread[#37332,Execution worker Thread 30,5,main]) started.
[        ] > Task :flutter_olm:generateDebugResources UP-TO-DATE
[        ] Caching disabled for task ':flutter_olm:generateDebugResources' because:
[        ]   Build cache is disabled
[        ] Skipping task ':flutter_olm:generateDebugResources' as it is up-to-date.
[        ] Resolve mutations for :flutter_olm:packageDebugResources (Thread[#37332,Execution worker Thread 30,5,main]) started.
[        ] :flutter_olm:packageDebugResources (Thread[#37332,Execution worker Thread 30,5,main]) started.
[        ] > Task :flutter_olm:packageDebugResources UP-TO-DATE
[        ] Caching disabled for task ':flutter_olm:packageDebugResources' because:
[        ]   Build cache is disabled
[        ] Skipping task ':flutter_olm:packageDebugResources' as it is up-to-date.
[        ] work action resolve packageDebugResources (project :flutter_olm) (Thread[#37332,Execution worker Thread 30,5,main]) started.
[        ] Resolve mutations for :flutter_openssl_crypto:generateDebugResValues (Thread[#37332,Execution worker Thread 30,5,main]) started.
[        ] :flutter_openssl_crypto:generateDebugResValues (Thread[#37332,Execution worker Thread 30,5,main]) started.
[        ] > Task :flutter_openssl_crypto:generateDebugResValues UP-TO-DATE
[        ] Caching disabled for task ':flutter_openssl_crypto:generateDebugResValues' because:
[        ]   Build cache is disabled
[        ] Skipping task ':flutter_openssl_crypto:generateDebugResValues' as it is up-to-date.
[        ] Resolve mutations for :flutter_openssl_crypto:generateDebugResources (Thread[#37332,Execution worker Thread 30,5,main]) started.
[        ] :flutter_openssl_crypto:generateDebugResources (Thread[#37332,Execution worker Thread 30,5,main]) started.
[        ] > Task :flutter_openssl_crypto:generateDebugResources UP-TO-DATE
[        ] Caching disabled for task ':flutter_openssl_crypto:generateDebugResources' because:
[        ]   Build cache is disabled
[        ] Skipping task ':flutter_openssl_crypto:generateDebugResources' as it is up-to-date.
[        ] Resolve mutations for :flutter_openssl_crypto:packageDebugResources (Thread[#37332,Execution worker Thread 30,5,main]) started.
[        ] :flutter_openssl_crypto:packageDebugResources (Thread[#37332,Execution worker Thread 30,5,main]) started.
[        ] > Task :flutter_openssl_crypto:packageDebugResources UP-TO-DATE
[        ] Caching disabled for task ':flutter_openssl_crypto:packageDebugResources' because:
[        ]   Build cache is disabled
[        ] Skipping task ':flutter_openssl_crypto:packageDebugResources' as it is up-to-date.
[        ] work action resolve packageDebugResources (project :flutter_openssl_crypto) (Thread[#37332,Execution worker Thread 30,5,main]) started.
[        ] Resolve mutations for :integration_test:generateDebugResValues (Thread[#37332,Execution worker Thread 30,5,main]) started.
[        ] :integration_test:generateDebugResValues (Thread[#37332,Execution worker Thread 30,5,main]) started.
[        ] > Task :integration_test:generateDebugResValues UP-TO-DATE
[        ] Caching disabled for task ':integration_test:generateDebugResValues' because:
[        ]   Build cache is disabled
[        ] Skipping task ':integration_test:generateDebugResValues' as it is up-to-date.
[        ] Resolve mutations for :integration_test:generateDebugResources (Thread[#37332,Execution worker Thread 30,5,main]) started.
[        ] :integration_test:generateDebugResources (Thread[#37332,Execution worker Thread 30,5,main]) started.
[        ] > Task :integration_test:generateDebugResources UP-TO-DATE
[        ] Caching disabled for task ':integration_test:generateDebugResources' because:
[        ]   Build cache is disabled
[        ] Skipping task ':integration_test:generateDebugResources' as it is up-to-date.
[        ] Resolve mutations for :integration_test:packageDebugResources (Thread[#37332,Execution worker Thread 30,5,main]) started.
[        ] :integration_test:packageDebugResources (Thread[#37332,Execution worker Thread 30,5,main]) started.
[        ] > Task :integration_test:packageDebugResources UP-TO-DATE
[        ] Caching disabled for task ':integration_test:packageDebugResources' because:
[        ]   Build cache is disabled
[        ] Skipping task ':integration_test:packageDebugResources' as it is up-to-date.
[        ] work action resolve packageDebugResources (project :integration_test) (Thread[#37332,Execution worker Thread 30,5,main]) started.
[        ] Resolve mutations for :path_provider_android:generateDebugResValues (Thread[#37332,Execution worker Thread 30,5,main]) started.
[        ] :path_provider_android:generateDebugResValues (Thread[#37332,Execution worker Thread 30,5,main]) started.
[        ] > Task :path_provider_android:generateDebugResValues UP-TO-DATE
[        ] Caching disabled for task ':path_provider_android:generateDebugResValues' because:
[        ]   Build cache is disabled
[        ] Skipping task ':path_provider_android:generateDebugResValues' as it is up-to-date.
[        ] Resolve mutations for :path_provider_android:generateDebugResources (Thread[#37332,Execution worker Thread 30,5,main]) started.
[        ] :path_provider_android:generateDebugResources (Thread[#37332,Execution worker Thread 30,5,main]) started.
[        ] > Task :path_provider_android:generateDebugResources UP-TO-DATE
[        ] Caching disabled for task ':path_provider_android:generateDebugResources' because:
[        ]   Build cache is disabled
[        ] Skipping task ':path_provider_android:generateDebugResources' as it is up-to-date.
[        ] Resolve mutations for :path_provider_android:packageDebugResources (Thread[#37332,Execution worker Thread 30,5,main]) started.
[        ] :path_provider_android:packageDebugResources (Thread[#37332,Execution worker Thread 30,5,main]) started.
[        ] > Task :path_provider_android:packageDebugResources UP-TO-DATE
[        ] Caching disabled for task ':path_provider_android:packageDebugResources' because:
[        ]   Build cache is disabled
[        ] Skipping task ':path_provider_android:packageDebugResources' as it is up-to-date.
[        ] work action resolve packageDebugResources (project :path_provider_android) (Thread[#37332,Execution worker Thread 30,5,main]) started.
[        ] Resolve mutations for :quill_native_bridge_android:generateDebugResValues (Thread[#37332,Execution worker Thread 30,5,main]) started.
[        ] :quill_native_bridge_android:generateDebugResValues (Thread[#37332,Execution worker Thread 30,5,main]) started.
[        ] > Task :quill_native_bridge_android:generateDebugResValues UP-TO-DATE
[        ] Caching disabled for task ':quill_native_bridge_android:generateDebugResValues' because:
[        ]   Build cache is disabled
[        ] Skipping task ':quill_native_bridge_android:generateDebugResValues' as it is up-to-date.
[        ] Resolve mutations for :quill_native_bridge_android:generateDebugResources (Thread[#37332,Execution worker Thread 30,5,main]) started.
[        ] :quill_native_bridge_android:generateDebugResources (Thread[#37332,Execution worker Thread 30,5,main]) started.
[        ] > Task :quill_native_bridge_android:generateDebugResources UP-TO-DATE
[        ] Caching disabled for task ':quill_native_bridge_android:generateDebugResources' because:
[        ]   Build cache is disabled
[        ] Skipping task ':quill_native_bridge_android:generateDebugResources' as it is up-to-date.
[        ] Resolve mutations for :quill_native_bridge_android:packageDebugResources (Thread[#37332,Execution worker Thread 30,5,main]) started.
[        ] :quill_native_bridge_android:packageDebugResources (Thread[#37332,Execution worker Thread 30,5,main]) started.
[        ] > Task :quill_native_bridge_android:packageDebugResources UP-TO-DATE
[        ] Caching disabled for task ':quill_native_bridge_android:packageDebugResources' because:
[        ]   Build cache is disabled
[        ] Skipping task ':quill_native_bridge_android:packageDebugResources' as it is up-to-date.
[        ] work action resolve packageDebugResources (project :quill_native_bridge_android) (Thread[#37332,Execution worker Thread 30,5,main]) started.
[        ] Resolve mutations for :shared_preferences_android:generateDebugResValues (Thread[#37332,Execution worker Thread 30,5,main]) started.
[        ] :shared_preferences_android:generateDebugResValues (Thread[#37332,Execution worker Thread 30,5,main]) started.
[        ] > Task :shared_preferences_android:generateDebugResValues UP-TO-DATE
[        ] Caching disabled for task ':shared_preferences_android:generateDebugResValues' because:
[        ]   Build cache is disabled
[        ] Skipping task ':shared_preferences_android:generateDebugResValues' as it is up-to-date.
[        ] Resolve mutations for :shared_preferences_android:generateDebugResources (Thread[#37332,Execution worker Thread 30,5,main]) started.
[        ] :shared_preferences_android:generateDebugResources (Thread[#37332,Execution worker Thread 30,5,main]) started.
[        ] > Task :shared_preferences_android:generateDebugResources UP-TO-DATE
[        ] Caching disabled for task ':shared_preferences_android:generateDebugResources' because:
[        ]   Build cache is disabled
[        ] Skipping task ':shared_preferences_android:generateDebugResources' as it is up-to-date.
[        ] Resolve mutations for :shared_preferences_android:packageDebugResources (Thread[#37332,Execution worker Thread 30,5,main]) started.
[        ] :shared_preferences_android:packageDebugResources (Thread[#37332,Execution worker Thread 30,5,main]) started.
[        ] > Task :shared_preferences_android:packageDebugResources UP-TO-DATE
[        ] Caching disabled for task ':shared_preferences_android:packageDebugResources' because:
[        ]   Build cache is disabled
[        ] Skipping task ':shared_preferences_android:packageDebugResources' as it is up-to-date.
[        ] work action resolve packageDebugResources (project :shared_preferences_android) (Thread[#37332,Execution worker Thread 30,5,main]) started.
[        ] Resolve mutations for :sqflite_android:generateDebugResValues (Thread[#37332,Execution worker Thread 30,5,main]) started.
[        ] :sqflite_android:generateDebugResValues (Thread[#37332,Execution worker Thread 30,5,main]) started.
[        ] > Task :sqflite_android:generateDebugResValues UP-TO-DATE
[        ] Caching disabled for task ':sqflite_android:generateDebugResValues' because:
[        ]   Build cache is disabled
[        ] Skipping task ':sqflite_android:generateDebugResValues' as it is up-to-date.
[        ] Resolve mutations for :sqflite_android:generateDebugResources (Thread[#37332,Execution worker Thread 30,5,main]) started.
[        ] :sqflite_android:generateDebugResources (Thread[#37332,Execution worker Thread 30,5,main]) started.
[        ] > Task :sqflite_android:generateDebugResources UP-TO-DATE
[        ] Caching disabled for task ':sqflite_android:generateDebugResources' because:
[        ]   Build cache is disabled
[        ] Skipping task ':sqflite_android:generateDebugResources' as it is up-to-date.
[        ] Resolve mutations for :sqflite_android:packageDebugResources (Thread[#37332,Execution worker Thread 30,5,main]) started.
[        ] :sqflite_android:packageDebugResources (Thread[#37319,Execution worker Thread 17,5,main]) started.
[        ] > Task :sqflite_android:packageDebugResources UP-TO-DATE
[        ] Caching disabled for task ':sqflite_android:packageDebugResources' because:
[        ]   Build cache is disabled
[        ] Skipping task ':sqflite_android:packageDebugResources' as it is up-to-date.
[        ] work action resolve packageDebugResources (project :sqflite_android) (Thread[#37319,Execution worker Thread 17,5,main]) started.
[        ] Resolve mutations for :url_launcher_android:generateDebugResValues (Thread[#37319,Execution worker Thread 17,5,main]) started.
[        ] :url_launcher_android:generateDebugResValues (Thread[#37319,Execution worker Thread 17,5,main]) started.
[        ] > Task :url_launcher_android:generateDebugResValues UP-TO-DATE
[        ] Caching disabled for task ':url_launcher_android:generateDebugResValues' because:
[        ]   Build cache is disabled
[        ] Skipping task ':url_launcher_android:generateDebugResValues' as it is up-to-date.
[        ] Resolve mutations for :url_launcher_android:generateDebugResources (Thread[#37319,Execution worker Thread 17,5,main]) started.
[        ] :url_launcher_android:generateDebugResources (Thread[#37319,Execution worker Thread 17,5,main]) started.
[        ] > Task :url_launcher_android:generateDebugResources UP-TO-DATE
[        ] Caching disabled for task ':url_launcher_android:generateDebugResources' because:
[        ]   Build cache is disabled
[        ] Skipping task ':url_launcher_android:generateDebugResources' as it is up-to-date.
[        ] Resolve mutations for :url_launcher_android:packageDebugResources (Thread[#37319,Execution worker Thread 17,5,main]) started.
[        ] :url_launcher_android:packageDebugResources (Thread[#37319,Execution worker Thread 17,5,main]) started.
[        ] > Task :url_launcher_android:packageDebugResources UP-TO-DATE
[        ] Caching disabled for task ':url_launcher_android:packageDebugResources' because:
[        ]   Build cache is disabled
[        ] Skipping task ':url_launcher_android:packageDebugResources' as it is up-to-date.
[        ] work action resolve packageDebugResources (project :url_launcher_android) (Thread[#37319,Execution worker Thread 17,5,main]) started.
[        ] Resolve mutations for :video_player_android:generateDebugResValues (Thread[#37319,Execution worker Thread 17,5,main]) started.
[        ] :video_player_android:generateDebugResValues (Thread[#37319,Execution worker Thread 17,5,main]) started.
[        ] > Task :video_player_android:generateDebugResValues UP-TO-DATE
[        ] Caching disabled for task ':video_player_android:generateDebugResValues' because:
[        ]   Build cache is disabled
[        ] Skipping task ':video_player_android:generateDebugResValues' as it is up-to-date.
[        ] Resolve mutations for :video_player_android:generateDebugResources (Thread[#37319,Execution worker Thread 17,5,main]) started.
[        ] :video_player_android:generateDebugResources (Thread[#37319,Execution worker Thread 17,5,main]) started.
[        ] > Task :video_player_android:generateDebugResources UP-TO-DATE
[        ] Caching disabled for task ':video_player_android:generateDebugResources' because:
[        ]   Build cache is disabled
[        ] Skipping task ':video_player_android:generateDebugResources' as it is up-to-date.
[        ] Resolve mutations for :video_player_android:packageDebugResources (Thread[#37319,Execution worker Thread 17,5,main]) started.
[        ] :video_player_android:packageDebugResources (Thread[#37319,Execution worker Thread 17,5,main]) started.
[        ] > Task :video_player_android:packageDebugResources UP-TO-DATE
[        ] Caching disabled for task ':video_player_android:packageDebugResources' because:
[        ]   Build cache is disabled
[        ] Skipping task ':video_player_android:packageDebugResources' as it is up-to-date.
[        ] work action resolve packageDebugResources (project :video_player_android) (Thread[#37319,Execution worker Thread 17,5,main]) started.
[        ] Resolve mutations for :app:mapDebugSourceSetPaths (Thread[#37319,Execution worker Thread 17,5,main]) started.
[        ] :app:mapDebugSourceSetPaths (Thread[#37319,Execution worker Thread 17,5,main]) started.
[        ] > Task :app:mapDebugSourceSetPaths UP-TO-DATE
[        ] Caching disabled for task ':app:mapDebugSourceSetPaths' because:
[        ]   Build cache is disabled
[        ]   Caching has been disabled for the task
[        ] Skipping task ':app:mapDebugSourceSetPaths' as it is up-to-date.
[        ] Resolve mutations for :app:generateDebugResources (Thread[#37319,Execution worker Thread 17,5,main]) started.
[        ] :app:generateDebugResources (Thread[#37319,Execution worker Thread 17,5,main]) started.
[        ] > Task :app:generateDebugResources UP-TO-DATE
[        ] Caching disabled for task ':app:generateDebugResources' because:
[        ]   Build cache is disabled
[        ] Skipping task ':app:generateDebugResources' as it is up-to-date.
[        ] Resolve mutations for :app:mergeDebugResources (Thread[#37319,Execution worker Thread 17,5,main]) started.
[        ] :app:mergeDebugResources (Thread[#37319,Execution worker Thread 17,5,main]) started.
[        ] > Task :app:mergeDebugResources UP-TO-DATE
[        ] Caching disabled for task ':app:mergeDebugResources' because:
[        ]   Build cache is disabled
[        ] Skipping task ':app:mergeDebugResources' as it is up-to-date.
[        ] Resolve mutations for :app:packageDebugResources (Thread[#37319,Execution worker Thread 17,5,main]) started.
[        ] :app:packageDebugResources (Thread[#37319,Execution worker Thread 17,5,main]) started.
[        ] > Task :app:packageDebugResources UP-TO-DATE
[        ] Caching disabled for task ':app:packageDebugResources' because:
[        ]   Build cache is disabled
[        ] Skipping task ':app:packageDebugResources' as it is up-to-date.
[        ] Resolve mutations for :app:parseDebugLocalResources (Thread[#37319,Execution worker Thread 17,5,main]) started.
[        ] :app:parseDebugLocalResources (Thread[#37319,Execution worker Thread 17,5,main]) started.
[        ] > Task :app:parseDebugLocalResources UP-TO-DATE
[        ] Caching disabled for task ':app:parseDebugLocalResources' because:
[        ]   Build cache is disabled
[        ] Skipping task ':app:parseDebugLocalResources' as it is up-to-date.
[        ] Resolve mutations for :app:createDebugCompatibleScreenManifests (Thread[#37319,Execution worker Thread 17,5,main]) started.
[        ] :app:createDebugCompatibleScreenManifests (Thread[#37319,Execution worker Thread 17,5,main]) started.
[        ] > Task :app:createDebugCompatibleScreenManifests UP-TO-DATE
[        ] Caching disabled for task ':app:createDebugCompatibleScreenManifests' because:
[        ]   Build cache is disabled
[        ]   Caching has been disabled for the task
[        ] Skipping task ':app:createDebugCompatibleScreenManifests' as it is up-to-date.
[        ] Resolve mutations for :app:extractDeepLinksDebug (Thread[#37319,Execution worker Thread 17,5,main]) started.
[        ] :app:extractDeepLinksDebug (Thread[#37319,Execution worker Thread 17,5,main]) started.
[        ] > Task :app:extractDeepLinksDebug UP-TO-DATE
[        ] Caching disabled for task ':app:extractDeepLinksDebug' because:
[        ]   Build cache is disabled
[        ] Skipping task ':app:extractDeepLinksDebug' as it is up-to-date.
[        ] Resolve mutations for :connectivity_plus:extractDeepLinksDebug (Thread[#37319,Execution worker Thread 17,5,main]) started.
[        ] :connectivity_plus:extractDeepLinksDebug (Thread[#37319,Execution worker Thread 17,5,main]) started.
[        ] > Task :connectivity_plus:extractDeepLinksDebug UP-TO-DATE
[        ] Caching disabled for task ':connectivity_plus:extractDeepLinksDebug' because:
[        ]   Build cache is disabled
[        ] Skipping task ':connectivity_plus:extractDeepLinksDebug' as it is up-to-date.
[        ] work action resolve navigation.json (project :connectivity_plus) (Thread[#37319,Execution worker Thread 17,5,main]) started.
[        ] Resolve mutations for :connectivity_plus:processDebugManifest (Thread[#37319,Execution worker Thread 17,5,main]) started.
[        ] :connectivity_plus:processDebugManifest (Thread[#37319,Execution worker Thread 17,5,main]) started.
[        ] > Task :connectivity_plus:processDebugManifest UP-TO-DATE
[        ] Caching disabled for task ':connectivity_plus:processDebugManifest' because:
[        ]   Build cache is disabled
[        ] Skipping task ':connectivity_plus:processDebugManifest' as it is up-to-date.
[        ] work action resolve AndroidManifest.xml (project :connectivity_plus) (Thread[#37319,Execution worker Thread 17,5,main]) started.
[        ] Resolve mutations for :emoji_picker_flutter:extractDeepLinksDebug (Thread[#37319,Execution worker Thread 17,5,main]) started.
[        ] :emoji_picker_flutter:extractDeepLinksDebug (Thread[#37319,Execution worker Thread 17,5,main]) started.
[        ] > Task :emoji_picker_flutter:extractDeepLinksDebug UP-TO-DATE
[        ] Caching disabled for task ':emoji_picker_flutter:extractDeepLinksDebug' because:
[        ]   Build cache is disabled
[        ] Skipping task ':emoji_picker_flutter:extractDeepLinksDebug' as it is up-to-date.
[        ] work action resolve navigation.json (project :emoji_picker_flutter) (Thread[#37319,Execution worker Thread 17,5,main]) started.
[        ] Resolve mutations for :emoji_picker_flutter:processDebugManifest (Thread[#37319,Execution worker Thread 17,5,main]) started.
[        ] :emoji_picker_flutter:processDebugManifest (Thread[#37319,Execution worker Thread 17,5,main]) started.
[        ] > Task :emoji_picker_flutter:processDebugManifest UP-TO-DATE
[        ] Caching disabled for task ':emoji_picker_flutter:processDebugManifest' because:
[        ]   Build cache is disabled
[        ] Skipping task ':emoji_picker_flutter:processDebugManifest' as it is up-to-date.
[        ] work action resolve AndroidManifest.xml (project :emoji_picker_flutter) (Thread[#37319,Execution worker Thread 17,5,main]) started.
[        ] Resolve mutations for :file_selector_android:extractDeepLinksDebug (Thread[#37319,Execution worker Thread 17,5,main]) started.
[        ] :file_selector_android:extractDeepLinksDebug (Thread[#37319,Execution worker Thread 17,5,main]) started.
[        ] > Task :file_selector_android:extractDeepLinksDebug UP-TO-DATE
[        ] Caching disabled for task ':file_selector_android:extractDeepLinksDebug' because:
[        ]   Build cache is disabled
[        ] Skipping task ':file_selector_android:extractDeepLinksDebug' as it is up-to-date.
[        ] work action resolve navigation.json (project :file_selector_android) (Thread[#37319,Execution worker Thread 17,5,main]) started.
[        ] Resolve mutations for :file_selector_android:processDebugManifest (Thread[#37319,Execution worker Thread 17,5,main]) started.
[        ] :file_selector_android:processDebugManifest (Thread[#37319,Execution worker Thread 17,5,main]) started.
[        ] > Task :file_selector_android:processDebugManifest UP-TO-DATE
[        ] Caching disabled for task ':file_selector_android:processDebugManifest' because:
[        ]   Build cache is disabled
[        ] Skipping task ':file_selector_android:processDebugManifest' as it is up-to-date.
[        ] work action resolve AndroidManifest.xml (project :file_selector_android) (Thread[#37319,Execution worker Thread 17,5,main]) started.
[        ] Resolve mutations for :flutter_keyboard_visibility_temp_fork:extractDeepLinksDebug (Thread[#37319,Execution worker Thread 17,5,main]) started.
[        ] :flutter_keyboard_visibility_temp_fork:extractDeepLinksDebug (Thread[#37319,Execution worker Thread 17,5,main]) started.
[        ] > Task :flutter_keyboard_visibility_temp_fork:extractDeepLinksDebug UP-TO-DATE
[        ] Caching disabled for task ':flutter_keyboard_visibility_temp_fork:extractDeepLinksDebug' because:
[        ]   Build cache is disabled
[        ] Skipping task ':flutter_keyboard_visibility_temp_fork:extractDeepLinksDebug' as it is up-to-date.
[        ] work action resolve navigation.json (project :flutter_keyboard_visibility_temp_fork) (Thread[#37319,Execution worker Thread 17,5,main]) started.
[        ] Resolve mutations for :flutter_keyboard_visibility_temp_fork:processDebugManifest (Thread[#37319,Execution worker Thread 17,5,main]) started.
[        ] :flutter_keyboard_visibility_temp_fork:processDebugManifest (Thread[#37319,Execution worker Thread 17,5,main]) started.
[        ] > Task :flutter_keyboard_visibility_temp_fork:processDebugManifest UP-TO-DATE
[        ] Caching disabled for task ':flutter_keyboard_visibility_temp_fork:processDebugManifest' because:
[        ]   Build cache is disabled
[        ] Skipping task ':flutter_keyboard_visibility_temp_fork:processDebugManifest' as it is up-to-date.
[        ] work action resolve AndroidManifest.xml (project :flutter_keyboard_visibility_temp_fork) (Thread[#37319,Execution worker Thread 17,5,main]) started.
[        ] Resolve mutations for :flutter_native_splash:extractDeepLinksDebug (Thread[#37319,Execution worker Thread 17,5,main]) started.
[        ] :flutter_native_splash:extractDeepLinksDebug (Thread[#37319,Execution worker Thread 17,5,main]) started.
[        ] > Task :flutter_native_splash:extractDeepLinksDebug UP-TO-DATE
[        ] Caching disabled for task ':flutter_native_splash:extractDeepLinksDebug' because:
[        ]   Build cache is disabled
[        ] Skipping task ':flutter_native_splash:extractDeepLinksDebug' as it is up-to-date.
[        ] work action resolve navigation.json (project :flutter_native_splash) (Thread[#37319,Execution worker Thread 17,5,main]) started.
[        ] Resolve mutations for :flutter_native_splash:processDebugManifest (Thread[#37319,Execution worker Thread 17,5,main]) started.
[        ] :flutter_native_splash:processDebugManifest (Thread[#37319,Execution worker Thread 17,5,main]) started.
[        ] > Task :flutter_native_splash:processDebugManifest UP-TO-DATE
[        ] Caching disabled for task ':flutter_native_splash:processDebugManifest' because:
[        ]   Build cache is disabled
[        ] Skipping task ':flutter_native_splash:processDebugManifest' as it is up-to-date.
[        ] work action resolve AndroidManifest.xml (project :flutter_native_splash) (Thread[#37319,Execution worker Thread 17,5,main]) started.
[        ] Resolve mutations for :flutter_olm:extractDeepLinksDebug (Thread[#37319,Execution worker Thread 17,5,main]) started.
[        ] :flutter_olm:extractDeepLinksDebug (Thread[#37319,Execution worker Thread 17,5,main]) started.
[        ] > Task :flutter_olm:extractDeepLinksDebug UP-TO-DATE
[        ] Caching disabled for task ':flutter_olm:extractDeepLinksDebug' because:
[        ]   Build cache is disabled
[        ] Skipping task ':flutter_olm:extractDeepLinksDebug' as it is up-to-date.
[        ] work action resolve navigation.json (project :flutter_olm) (Thread[#37319,Execution worker Thread 17,5,main]) started.
[        ] Resolve mutations for :flutter_olm:processDebugManifest (Thread[#37319,Execution worker Thread 17,5,main]) started.
[        ] :flutter_olm:processDebugManifest (Thread[#37319,Execution worker Thread 17,5,main]) started.
[        ] > Task :flutter_olm:processDebugManifest UP-TO-DATE
[        ] Caching disabled for task ':flutter_olm:processDebugManifest' because:
[        ]   Build cache is disabled
[        ] Skipping task ':flutter_olm:processDebugManifest' as it is up-to-date.
[        ] work action resolve AndroidManifest.xml (project :flutter_olm) (Thread[#37319,Execution worker Thread 17,5,main]) started.
[        ] Resolve mutations for :flutter_openssl_crypto:extractDeepLinksDebug (Thread[#37319,Execution worker Thread 17,5,main]) started.
[        ] :flutter_openssl_crypto:extractDeepLinksDebug (Thread[#37319,Execution worker Thread 17,5,main]) started.
[        ] > Task :flutter_openssl_crypto:extractDeepLinksDebug UP-TO-DATE
[        ] Caching disabled for task ':flutter_openssl_crypto:extractDeepLinksDebug' because:
[        ]   Build cache is disabled
[        ] Skipping task ':flutter_openssl_crypto:extractDeepLinksDebug' as it is up-to-date.
[        ] work action resolve navigation.json (project :flutter_openssl_crypto) (Thread[#37319,Execution worker Thread 17,5,main]) started.
[        ] Resolve mutations for :flutter_openssl_crypto:processDebugManifest (Thread[#37319,Execution worker Thread 17,5,main]) started.
[        ] :flutter_openssl_crypto:processDebugManifest (Thread[#37319,Execution worker Thread 17,5,main]) started.
[        ] > Task :flutter_openssl_crypto:processDebugManifest UP-TO-DATE
[        ] Caching disabled for task ':flutter_openssl_crypto:processDebugManifest' because:
[        ]   Build cache is disabled
[        ] Skipping task ':flutter_openssl_crypto:processDebugManifest' as it is up-to-date.
[        ] work action resolve AndroidManifest.xml (project :flutter_openssl_crypto) (Thread[#37319,Execution worker Thread 17,5,main]) started.
[        ] Resolve mutations for :integration_test:extractDeepLinksDebug (Thread[#37319,Execution worker Thread 17,5,main]) started.
[        ] :integration_test:extractDeepLinksDebug (Thread[#37319,Execution worker Thread 17,5,main]) started.
[        ] > Task :integration_test:extractDeepLinksDebug UP-TO-DATE
[        ] Caching disabled for task ':integration_test:extractDeepLinksDebug' because:
[        ]   Build cache is disabled
[        ] Skipping task ':integration_test:extractDeepLinksDebug' as it is up-to-date.
[        ] work action resolve navigation.json (project :integration_test) (Thread[#37319,Execution worker Thread 17,5,main]) started.
[        ] Resolve mutations for :integration_test:processDebugManifest (Thread[#37319,Execution worker Thread 17,5,main]) started.
[        ] :integration_test:processDebugManifest (Thread[#37319,Execution worker Thread 17,5,main]) started.
[        ] > Task :integration_test:processDebugManifest UP-TO-DATE
[        ] Caching disabled for task ':integration_test:processDebugManifest' because:
[        ]   Build cache is disabled
[        ] Skipping task ':integration_test:processDebugManifest' as it is up-to-date.
[        ] work action resolve AndroidManifest.xml (project :integration_test) (Thread[#37319,Execution worker Thread 17,5,main]) started.
[        ] Resolve mutations for :path_provider_android:extractDeepLinksDebug (Thread[#37319,Execution worker Thread 17,5,main]) started.
[        ] :path_provider_android:extractDeepLinksDebug (Thread[#37319,Execution worker Thread 17,5,main]) started.
[        ] > Task :path_provider_android:extractDeepLinksDebug UP-TO-DATE
[        ] Caching disabled for task ':path_provider_android:extractDeepLinksDebug' because:
[        ]   Build cache is disabled
[        ] Skipping task ':path_provider_android:extractDeepLinksDebug' as it is up-to-date.
[        ] work action resolve navigation.json (project :path_provider_android) (Thread[#37319,Execution worker Thread 17,5,main]) started.
[        ] Resolve mutations for :path_provider_android:processDebugManifest (Thread[#37319,Execution worker Thread 17,5,main]) started.
[        ] :path_provider_android:processDebugManifest (Thread[#37319,Execution worker Thread 17,5,main]) started.
[        ] > Task :path_provider_android:processDebugManifest UP-TO-DATE
[        ] Caching disabled for task ':path_provider_android:processDebugManifest' because:
[        ]   Build cache is disabled
[        ] Skipping task ':path_provider_android:processDebugManifest' as it is up-to-date.
[        ] work action resolve AndroidManifest.xml (project :path_provider_android) (Thread[#37319,Execution worker Thread 17,5,main]) started.
[        ] Resolve mutations for :quill_native_bridge_android:extractDeepLinksDebug (Thread[#37319,Execution worker Thread 17,5,main]) started.
[        ] :quill_native_bridge_android:extractDeepLinksDebug (Thread[#37319,Execution worker Thread 17,5,main]) started.
[        ] > Task :quill_native_bridge_android:extractDeepLinksDebug UP-TO-DATE
[        ] Caching disabled for task ':quill_native_bridge_android:extractDeepLinksDebug' because:
[        ]   Build cache is disabled
[        ] Skipping task ':quill_native_bridge_android:extractDeepLinksDebug' as it is up-to-date.
[        ] work action resolve navigation.json (project :quill_native_bridge_android) (Thread[#37319,Execution worker Thread 17,5,main]) started.
[        ] Resolve mutations for :quill_native_bridge_android:processDebugManifest (Thread[#37319,Execution worker Thread 17,5,main]) started.
[        ] :quill_native_bridge_android:processDebugManifest (Thread[#37319,Execution worker Thread 17,5,main]) started.
[        ] > Task :quill_native_bridge_android:processDebugManifest UP-TO-DATE
[        ] Caching disabled for task ':quill_native_bridge_android:processDebugManifest' because:
[        ]   Build cache is disabled
[        ] Skipping task ':quill_native_bridge_android:processDebugManifest' as it is up-to-date.
[        ] work action resolve AndroidManifest.xml (project :quill_native_bridge_android) (Thread[#37319,Execution worker Thread 17,5,main]) started.
[        ] Resolve mutations for :shared_preferences_android:extractDeepLinksDebug (Thread[#37319,Execution worker Thread 17,5,main]) started.
[        ] :shared_preferences_android:extractDeepLinksDebug (Thread[#37319,Execution worker Thread 17,5,main]) started.
[        ] > Task :shared_preferences_android:extractDeepLinksDebug UP-TO-DATE
[        ] Caching disabled for task ':shared_preferences_android:extractDeepLinksDebug' because:
[        ]   Build cache is disabled
[        ] Skipping task ':shared_preferences_android:extractDeepLinksDebug' as it is up-to-date.
[        ] work action resolve navigation.json (project :shared_preferences_android) (Thread[#37319,Execution worker Thread 17,5,main]) started.
[        ] Resolve mutations for :shared_preferences_android:processDebugManifest (Thread[#37319,Execution worker Thread 17,5,main]) started.
[        ] :shared_preferences_android:processDebugManifest (Thread[#37319,Execution worker Thread 17,5,main]) started.
[        ] > Task :shared_preferences_android:processDebugManifest UP-TO-DATE
[        ] Caching disabled for task ':shared_preferences_android:processDebugManifest' because:
[        ]   Build cache is disabled
[        ] Skipping task ':shared_preferences_android:processDebugManifest' as it is up-to-date.
[        ] work action resolve AndroidManifest.xml (project :shared_preferences_android) (Thread[#37319,Execution worker Thread 17,5,main]) started.
[        ] Resolve mutations for :sqflite_android:extractDeepLinksDebug (Thread[#37319,Execution worker Thread 17,5,main]) started.
[        ] :sqflite_android:extractDeepLinksDebug (Thread[#37319,Execution worker Thread 17,5,main]) started.
[        ] > Task :sqflite_android:extractDeepLinksDebug UP-TO-DATE
[        ] Caching disabled for task ':sqflite_android:extractDeepLinksDebug' because:
[        ]   Build cache is disabled
[        ] Skipping task ':sqflite_android:extractDeepLinksDebug' as it is up-to-date.
[        ] work action resolve navigation.json (project :sqflite_android) (Thread[#37319,Execution worker Thread 17,5,main]) started.
[        ] Resolve mutations for :sqflite_android:processDebugManifest (Thread[#37319,Execution worker Thread 17,5,main]) started.
[        ] :sqflite_android:processDebugManifest (Thread[#37319,Execution worker Thread 17,5,main]) started.
[        ] > Task :sqflite_android:processDebugManifest UP-TO-DATE
[        ] Caching disabled for task ':sqflite_android:processDebugManifest' because:
[        ]   Build cache is disabled
[        ] Skipping task ':sqflite_android:processDebugManifest' as it is up-to-date.
[        ] work action resolve AndroidManifest.xml (project :sqflite_android) (Thread[#37319,Execution worker Thread 17,5,main]) started.
[        ] Resolve mutations for :url_launcher_android:extractDeepLinksDebug (Thread[#37319,Execution worker Thread 17,5,main]) started.
[        ] :url_launcher_android:extractDeepLinksDebug (Thread[#37319,Execution worker Thread 17,5,main]) started.
[        ] > Task :url_launcher_android:extractDeepLinksDebug UP-TO-DATE
[        ] Caching disabled for task ':url_launcher_android:extractDeepLinksDebug' because:
[        ]   Build cache is disabled
[        ] Skipping task ':url_launcher_android:extractDeepLinksDebug' as it is up-to-date.
[        ] work action resolve navigation.json (project :url_launcher_android) (Thread[#37319,Execution worker Thread 17,5,main]) started.
[        ] Resolve mutations for :url_launcher_android:processDebugManifest (Thread[#37319,Execution worker Thread 17,5,main]) started.
[        ] :url_launcher_android:processDebugManifest (Thread[#37319,Execution worker Thread 17,5,main]) started.
[        ] > Task :url_launcher_android:processDebugManifest UP-TO-DATE
[        ] Caching disabled for task ':url_launcher_android:processDebugManifest' because:
[        ]   Build cache is disabled
[        ] Skipping task ':url_launcher_android:processDebugManifest' as it is up-to-date.
[        ] work action resolve AndroidManifest.xml (project :url_launcher_android) (Thread[#37319,Execution worker Thread 17,5,main]) started.
[        ] Resolve mutations for :video_player_android:extractDeepLinksDebug (Thread[#37319,Execution worker Thread 17,5,main]) started.
[        ] :video_player_android:extractDeepLinksDebug (Thread[#37319,Execution worker Thread 17,5,main]) started.
[        ] > Task :video_player_android:extractDeepLinksDebug UP-TO-DATE
[        ] Caching disabled for task ':video_player_android:extractDeepLinksDebug' because:
[        ]   Build cache is disabled
[        ] Skipping task ':video_player_android:extractDeepLinksDebug' as it is up-to-date.
[        ] work action resolve navigation.json (project :video_player_android) (Thread[#37319,Execution worker Thread 17,5,main]) started.
[        ] Resolve mutations for :video_player_android:processDebugManifest (Thread[#37319,Execution worker Thread 17,5,main]) started.
[        ] :video_player_android:processDebugManifest (Thread[#37319,Execution worker Thread 17,5,main]) started.
[        ] > Task :video_player_android:processDebugManifest UP-TO-DATE
[        ] Caching disabled for task ':video_player_android:processDebugManifest' because:
[        ]   Build cache is disabled
[        ] Skipping task ':video_player_android:processDebugManifest' as it is up-to-date.
[        ] work action resolve AndroidManifest.xml (project :video_player_android) (Thread[#37319,Execution worker Thread 17,5,main]) started.
[        ] Resolve mutations for :app:processDebugMainManifest (Thread[#37319,Execution worker Thread 17,5,main]) started.
[        ] :app:processDebugMainManifest (Thread[#37319,Execution worker Thread 17,5,main]) started.
[        ] > Task :app:processDebugMainManifest UP-TO-DATE
[        ] Caching disabled for task ':app:processDebugMainManifest' because:
[        ]   Build cache is disabled
[        ] Skipping task ':app:processDebugMainManifest' as it is up-to-date.
[        ] Resolve mutations for :app:outputDebugAppLinkSettings (Thread[#37319,Execution worker Thread 17,5,main]) started.
[        ] :app:outputDebugAppLinkSettings (Thread[#37319,Execution worker Thread 17,5,main]) started.
[        ] > Task :app:outputDebugAppLinkSettings UP-TO-DATE
[        ] Caching disabled for task ':app:outputDebugAppLinkSettings' because:
[        ]   Build cache is disabled
[        ]   Caching has not been enabled for the task
[        ] Skipping task ':app:outputDebugAppLinkSettings' as it is up-to-date.
[        ] Resolve mutations for :app:processDebugManifest (Thread[#37319,Execution worker Thread 17,5,main]) started.
[        ] :app:processDebugManifest (Thread[#37319,Execution worker Thread 17,5,main]) started.
[        ] > Task :app:processDebugManifest UP-TO-DATE
[        ] Caching disabled for task ':app:processDebugManifest' because:
[        ]   Build cache is disabled
[        ] Skipping task ':app:processDebugManifest' as it is up-to-date.
[        ] Resolve mutations for :app:processDebugManifestForPackage (Thread[#37319,Execution worker Thread 17,5,main]) started.
[        ] :app:processDebugManifestForPackage (Thread[#37319,Execution worker Thread 17,5,main]) started.
[        ] > Task :app:processDebugManifestForPackage UP-TO-DATE
[        ] Custom actions are attached to task ':app:processDebugManifestForPackage'.
[        ] Caching disabled for task ':app:processDebugManifestForPackage' because:
[        ]   Build cache is disabled
[        ] Skipping task ':app:processDebugManifestForPackage' as it is up-to-date.
[        ] Resolve mutations for :connectivity_plus:compileDebugLibraryResources (Thread[#37319,Execution worker Thread 17,5,main]) started.
[        ] :connectivity_plus:compileDebugLibraryResources (Thread[#37319,Execution worker Thread 17,5,main]) started.
[        ] > Task :connectivity_plus:compileDebugLibraryResources UP-TO-DATE
[        ] Caching disabled for task ':connectivity_plus:compileDebugLibraryResources' because:
[        ]   Build cache is disabled
[        ] Skipping task ':connectivity_plus:compileDebugLibraryResources' as it is up-to-date.
[        ] work action resolve out (project :connectivity_plus) (Thread[#37319,Execution worker Thread 17,5,main]) started.
[        ] Resolve mutations for :connectivity_plus:parseDebugLocalResources (Thread[#37319,Execution worker Thread 17,5,main]) started.
[        ] :connectivity_plus:parseDebugLocalResources (Thread[#37319,Execution worker Thread 17,5,main]) started.
[        ] > Task :connectivity_plus:parseDebugLocalResources UP-TO-DATE
[        ] Caching disabled for task ':connectivity_plus:parseDebugLocalResources' because:
[        ]   Build cache is disabled
[        ] Skipping task ':connectivity_plus:parseDebugLocalResources' as it is up-to-date.
[        ] Resolve mutations for :connectivity_plus:generateDebugRFile (Thread[#37319,Execution worker Thread 17,5,main]) started.
[        ] :connectivity_plus:generateDebugRFile (Thread[#37319,Execution worker Thread 17,5,main]) started.
[        ] > Task :connectivity_plus:generateDebugRFile UP-TO-DATE
[        ] Caching disabled for task ':connectivity_plus:generateDebugRFile' because:
[        ]   Build cache is disabled
[        ] Skipping task ':connectivity_plus:generateDebugRFile' as it is up-to-date.
[        ] work action resolve package-aware-r.txt (project :connectivity_plus) (Thread[#37319,Execution worker Thread 17,5,main]) started.
[        ] Resolve mutations for :emoji_picker_flutter:compileDebugLibraryResources (Thread[#37319,Execution worker Thread 17,5,main]) started.
[        ] :emoji_picker_flutter:compileDebugLibraryResources (Thread[#37319,Execution worker Thread 17,5,main]) started.
[        ] > Task :emoji_picker_flutter:compileDebugLibraryResources UP-TO-DATE
[        ] Caching disabled for task ':emoji_picker_flutter:compileDebugLibraryResources' because:
[        ]   Build cache is disabled
[        ] Skipping task ':emoji_picker_flutter:compileDebugLibraryResources' as it is up-to-date.
[        ] work action resolve out (project :emoji_picker_flutter) (Thread[#37319,Execution worker Thread 17,5,main]) started.
[        ] Resolve mutations for :emoji_picker_flutter:parseDebugLocalResources (Thread[#37319,Execution worker Thread 17,5,main]) started.
[        ] :emoji_picker_flutter:parseDebugLocalResources (Thread[#37319,Execution worker Thread 17,5,main]) started.
[        ] > Task :emoji_picker_flutter:parseDebugLocalResources UP-TO-DATE
[        ] Caching disabled for task ':emoji_picker_flutter:parseDebugLocalResources' because:
[        ]   Build cache is disabled
[        ] Skipping task ':emoji_picker_flutter:parseDebugLocalResources' as it is up-to-date.
[        ] Resolve mutations for :emoji_picker_flutter:generateDebugRFile (Thread[#37319,Execution worker Thread 17,5,main]) started.
[        ] :emoji_picker_flutter:generateDebugRFile (Thread[#37319,Execution worker Thread 17,5,main]) started.
[        ] > Task :emoji_picker_flutter:generateDebugRFile UP-TO-DATE
[        ] Caching disabled for task ':emoji_picker_flutter:generateDebugRFile' because:
[        ]   Build cache is disabled
[        ] Skipping task ':emoji_picker_flutter:generateDebugRFile' as it is up-to-date.
[        ] work action resolve package-aware-r.txt (project :emoji_picker_flutter) (Thread[#37319,Execution worker Thread 17,5,main]) started.
[        ] Resolve mutations for :file_selector_android:compileDebugLibraryResources (Thread[#37319,Execution worker Thread 17,5,main]) started.
[        ] :file_selector_android:compileDebugLibraryResources (Thread[#37319,Execution worker Thread 17,5,main]) started.
[        ] > Task :file_selector_android:compileDebugLibraryResources UP-TO-DATE
[        ] Caching disabled for task ':file_selector_android:compileDebugLibraryResources' because:
[        ]   Build cache is disabled
[        ] Skipping task ':file_selector_android:compileDebugLibraryResources' as it is up-to-date.
[        ] work action resolve out (project :file_selector_android) (Thread[#37319,Execution worker Thread 17,5,main]) started.
[        ] Resolve mutations for :file_selector_android:parseDebugLocalResources (Thread[#37319,Execution worker Thread 17,5,main]) started.
[        ] :file_selector_android:parseDebugLocalResources (Thread[#37319,Execution worker Thread 17,5,main]) started.
[        ] > Task :file_selector_android:parseDebugLocalResources UP-TO-DATE
[        ] Caching disabled for task ':file_selector_android:parseDebugLocalResources' because:
[        ]   Build cache is disabled
[        ] Skipping task ':file_selector_android:parseDebugLocalResources' as it is up-to-date.
[        ] Resolve mutations for :file_selector_android:generateDebugRFile (Thread[#37319,Execution worker Thread 17,5,main]) started.
[        ] :file_selector_android:generateDebugRFile (Thread[#37319,Execution worker Thread 17,5,main]) started.
[        ] > Task :file_selector_android:generateDebugRFile UP-TO-DATE
[        ] Caching disabled for task ':file_selector_android:generateDebugRFile' because:
[        ]   Build cache is disabled
[        ] Skipping task ':file_selector_android:generateDebugRFile' as it is up-to-date.
[        ] work action resolve package-aware-r.txt (project :file_selector_android) (Thread[#37319,Execution worker Thread 17,5,main]) started.
[        ] Resolve mutations for :flutter_keyboard_visibility_temp_fork:compileDebugLibraryResources (Thread[#37319,Execution worker Thread 17,5,main]) started.
[        ] :flutter_keyboard_visibility_temp_fork:compileDebugLibraryResources (Thread[#37319,Execution worker Thread 17,5,main]) started.
[        ] > Task :flutter_keyboard_visibility_temp_fork:compileDebugLibraryResources UP-TO-DATE
[        ] Caching disabled for task ':flutter_keyboard_visibility_temp_fork:compileDebugLibraryResources' because:
[        ]   Build cache is disabled
[        ] Skipping task ':flutter_keyboard_visibility_temp_fork:compileDebugLibraryResources' as it is up-to-date.
[        ] work action resolve out (project :flutter_keyboard_visibility_temp_fork) (Thread[#37319,Execution worker Thread 17,5,main]) started.
[        ] Resolve mutations for :flutter_keyboard_visibility_temp_fork:parseDebugLocalResources (Thread[#37319,Execution worker Thread 17,5,main]) started.
[        ] :flutter_keyboard_visibility_temp_fork:parseDebugLocalResources (Thread[#37319,Execution worker Thread 17,5,main]) started.
[        ] > Task :flutter_keyboard_visibility_temp_fork:parseDebugLocalResources UP-TO-DATE
[        ] Caching disabled for task ':flutter_keyboard_visibility_temp_fork:parseDebugLocalResources' because:
[        ]   Build cache is disabled
[        ] Skipping task ':flutter_keyboard_visibility_temp_fork:parseDebugLocalResources' as it is up-to-date.
[        ] Resolve mutations for :flutter_keyboard_visibility_temp_fork:generateDebugRFile (Thread[#37319,Execution worker Thread 17,5,main]) started.
[        ] :flutter_keyboard_visibility_temp_fork:generateDebugRFile (Thread[#37319,Execution worker Thread 17,5,main]) started.
[        ] > Task :flutter_keyboard_visibility_temp_fork:generateDebugRFile UP-TO-DATE
[        ] Caching disabled for task ':flutter_keyboard_visibility_temp_fork:generateDebugRFile' because:
[        ]   Build cache is disabled
[        ] Skipping task ':flutter_keyboard_visibility_temp_fork:generateDebugRFile' as it is up-to-date.
[        ] work action resolve package-aware-r.txt (project :flutter_keyboard_visibility_temp_fork) (Thread[#37319,Execution worker Thread 17,5,main]) started.
[        ] Resolve mutations for :flutter_native_splash:compileDebugLibraryResources (Thread[#37319,Execution worker Thread 17,5,main]) started.
[        ] :flutter_native_splash:compileDebugLibraryResources (Thread[#37319,Execution worker Thread 17,5,main]) started.
[        ] > Task :flutter_native_splash:compileDebugLibraryResources UP-TO-DATE
[        ] Caching disabled for task ':flutter_native_splash:compileDebugLibraryResources' because:
[        ]   Build cache is disabled
[        ] Skipping task ':flutter_native_splash:compileDebugLibraryResources' as it is up-to-date.
[        ] work action resolve out (project :flutter_native_splash) (Thread[#37319,Execution worker Thread 17,5,main]) started.
[        ] Resolve mutations for :flutter_native_splash:parseDebugLocalResources (Thread[#37319,Execution worker Thread 17,5,main]) started.
[        ] :flutter_native_splash:parseDebugLocalResources (Thread[#37319,Execution worker Thread 17,5,main]) started.
[        ] > Task :flutter_native_splash:parseDebugLocalResources UP-TO-DATE
[        ] Caching disabled for task ':flutter_native_splash:parseDebugLocalResources' because:
[        ]   Build cache is disabled
[        ] Skipping task ':flutter_native_splash:parseDebugLocalResources' as it is up-to-date.
[        ] Resolve mutations for :flutter_native_splash:generateDebugRFile (Thread[#37319,Execution worker Thread 17,5,main]) started.
[        ] :flutter_native_splash:generateDebugRFile (Thread[#37319,Execution worker Thread 17,5,main]) started.
[        ] > Task :flutter_native_splash:generateDebugRFile UP-TO-DATE
[        ] Caching disabled for task ':flutter_native_splash:generateDebugRFile' because:
[        ]   Build cache is disabled
[        ] Skipping task ':flutter_native_splash:generateDebugRFile' as it is up-to-date.
[        ] work action resolve package-aware-r.txt (project :flutter_native_splash) (Thread[#37319,Execution worker Thread 17,5,main]) started.
[        ] Resolve mutations for :flutter_olm:compileDebugLibraryResources (Thread[#37319,Execution worker Thread 17,5,main]) started.
[        ] :flutter_olm:compileDebugLibraryResources (Thread[#37319,Execution worker Thread 17,5,main]) started.
[        ] > Task :flutter_olm:compileDebugLibraryResources UP-TO-DATE
[        ] Caching disabled for task ':flutter_olm:compileDebugLibraryResources' because:
[        ]   Build cache is disabled
[        ] Skipping task ':flutter_olm:compileDebugLibraryResources' as it is up-to-date.
[        ] work action resolve out (project :flutter_olm) (Thread[#37319,Execution worker Thread 17,5,main]) started.
[        ] Resolve mutations for :flutter_olm:parseDebugLocalResources (Thread[#37319,Execution worker Thread 17,5,main]) started.
[        ] :flutter_olm:parseDebugLocalResources (Thread[#37319,Execution worker Thread 17,5,main]) started.
[        ] > Task :flutter_olm:parseDebugLocalResources UP-TO-DATE
[        ] Caching disabled for task ':flutter_olm:parseDebugLocalResources' because:
[        ]   Build cache is disabled
[        ] Skipping task ':flutter_olm:parseDebugLocalResources' as it is up-to-date.
[        ] Resolve mutations for :flutter_olm:generateDebugRFile (Thread[#37319,Execution worker Thread 17,5,main]) started.
[        ] :flutter_olm:generateDebugRFile (Thread[#37319,Execution worker Thread 17,5,main]) started.
[        ] > Task :flutter_olm:generateDebugRFile UP-TO-DATE
[        ] Caching disabled for task ':flutter_olm:generateDebugRFile' because:
[        ]   Build cache is disabled
[        ] Skipping task ':flutter_olm:generateDebugRFile' as it is up-to-date.
[        ] work action resolve package-aware-r.txt (project :flutter_olm) (Thread[#37319,Execution worker Thread 17,5,main]) started.
[        ] Resolve mutations for :flutter_openssl_crypto:compileDebugLibraryResources (Thread[#37319,Execution worker Thread 17,5,main]) started.
[        ] :flutter_openssl_crypto:compileDebugLibraryResources (Thread[#37319,Execution worker Thread 17,5,main]) started.
[        ] > Task :flutter_openssl_crypto:compileDebugLibraryResources UP-TO-DATE
[        ] Caching disabled for task ':flutter_openssl_crypto:compileDebugLibraryResources' because:
[        ]   Build cache is disabled
[        ] Skipping task ':flutter_openssl_crypto:compileDebugLibraryResources' as it is up-to-date.
[        ] work action resolve out (project :flutter_openssl_crypto) (Thread[#37319,Execution worker Thread 17,5,main]) started.
[        ] Resolve mutations for :flutter_openssl_crypto:parseDebugLocalResources (Thread[#37319,Execution worker Thread 17,5,main]) started.
[        ] :flutter_openssl_crypto:parseDebugLocalResources (Thread[#37319,Execution worker Thread 17,5,main]) started.
[        ] > Task :flutter_openssl_crypto:parseDebugLocalResources UP-TO-DATE
[        ] Caching disabled for task ':flutter_openssl_crypto:parseDebugLocalResources' because:
[        ]   Build cache is disabled
[        ] Skipping task ':flutter_openssl_crypto:parseDebugLocalResources' as it is up-to-date.
[        ] Resolve mutations for :flutter_openssl_crypto:generateDebugRFile (Thread[#37319,Execution worker Thread 17,5,main]) started.
[        ] :flutter_openssl_crypto:generateDebugRFile (Thread[#37319,Execution worker Thread 17,5,main]) started.
[        ] > Task :flutter_openssl_crypto:generateDebugRFile UP-TO-DATE
[        ] Caching disabled for task ':flutter_openssl_crypto:generateDebugRFile' because:
[        ]   Build cache is disabled
[        ] Skipping task ':flutter_openssl_crypto:generateDebugRFile' as it is up-to-date.
[        ] work action resolve package-aware-r.txt (project :flutter_openssl_crypto) (Thread[#37319,Execution worker Thread 17,5,main]) started.
[        ] Resolve mutations for :integration_test:compileDebugLibraryResources (Thread[#37319,Execution worker Thread 17,5,main]) started.
[        ] :integration_test:compileDebugLibraryResources (Thread[#37319,Execution worker Thread 17,5,main]) started.
[        ] > Task :integration_test:compileDebugLibraryResources UP-TO-DATE
[        ] Caching disabled for task ':integration_test:compileDebugLibraryResources' because:
[        ]   Build cache is disabled
[        ] Skipping task ':integration_test:compileDebugLibraryResources' as it is up-to-date.
[        ] work action resolve out (project :integration_test) (Thread[#37319,Execution worker Thread 17,5,main]) started.
[        ] Resolve mutations for :integration_test:parseDebugLocalResources (Thread[#37319,Execution worker Thread 17,5,main]) started.
[        ] :integration_test:parseDebugLocalResources (Thread[#37319,Execution worker Thread 17,5,main]) started.
[        ] > Task :integration_test:parseDebugLocalResources UP-TO-DATE
[        ] Caching disabled for task ':integration_test:parseDebugLocalResources' because:
[        ]   Build cache is disabled
[        ] Skipping task ':integration_test:parseDebugLocalResources' as it is up-to-date.
[        ] Resolve mutations for :integration_test:generateDebugRFile (Thread[#37319,Execution worker Thread 17,5,main]) started.
[        ] :integration_test:generateDebugRFile (Thread[#37319,Execution worker Thread 17,5,main]) started.
[        ] > Task :integration_test:generateDebugRFile UP-TO-DATE
[        ] Caching disabled for task ':integration_test:generateDebugRFile' because:
[        ]   Build cache is disabled
[        ] Skipping task ':integration_test:generateDebugRFile' as it is up-to-date.
[        ] work action resolve package-aware-r.txt (project :integration_test) (Thread[#37319,Execution worker Thread 17,5,main]) started.
[        ] Resolve mutations for :path_provider_android:compileDebugLibraryResources (Thread[#37319,Execution worker Thread 17,5,main]) started.
[        ] :path_provider_android:compileDebugLibraryResources (Thread[#37319,Execution worker Thread 17,5,main]) started.
[        ] > Task :path_provider_android:compileDebugLibraryResources UP-TO-DATE
[        ] Caching disabled for task ':path_provider_android:compileDebugLibraryResources' because:
[        ]   Build cache is disabled
[        ] Skipping task ':path_provider_android:compileDebugLibraryResources' as it is up-to-date.
[        ] work action resolve out (project :path_provider_android) (Thread[#37319,Execution worker Thread 17,5,main]) started.
[        ] Resolve mutations for :path_provider_android:parseDebugLocalResources (Thread[#37319,Execution worker Thread 17,5,main]) started.
[        ] :path_provider_android:parseDebugLocalResources (Thread[#37319,Execution worker Thread 17,5,main]) started.
[        ] > Task :path_provider_android:parseDebugLocalResources UP-TO-DATE
[        ] Caching disabled for task ':path_provider_android:parseDebugLocalResources' because:
[        ]   Build cache is disabled
[        ] Skipping task ':path_provider_android:parseDebugLocalResources' as it is up-to-date.
[        ] Resolve mutations for :path_provider_android:generateDebugRFile (Thread[#37319,Execution worker Thread 17,5,main]) started.
[        ] :path_provider_android:generateDebugRFile (Thread[#37319,Execution worker Thread 17,5,main]) started.
[        ] > Task :path_provider_android:generateDebugRFile UP-TO-DATE
[        ] Caching disabled for task ':path_provider_android:generateDebugRFile' because:
[        ]   Build cache is disabled
[        ] Skipping task ':path_provider_android:generateDebugRFile' as it is up-to-date.
[        ] work action resolve package-aware-r.txt (project :path_provider_android) (Thread[#37319,Execution worker Thread 17,5,main]) started.
[        ] Resolve mutations for :quill_native_bridge_android:compileDebugLibraryResources (Thread[#37319,Execution worker Thread 17,5,main]) started.
[        ] :quill_native_bridge_android:compileDebugLibraryResources (Thread[#37319,Execution worker Thread 17,5,main]) started.
[        ] > Task :quill_native_bridge_android:compileDebugLibraryResources UP-TO-DATE
[        ] Caching disabled for task ':quill_native_bridge_android:compileDebugLibraryResources' because:
[        ]   Build cache is disabled
[        ] Skipping task ':quill_native_bridge_android:compileDebugLibraryResources' as it is up-to-date.
[        ] work action resolve out (project :quill_native_bridge_android) (Thread[#37319,Execution worker Thread 17,5,main]) started.
[        ] Resolve mutations for :quill_native_bridge_android:parseDebugLocalResources (Thread[#37319,Execution worker Thread 17,5,main]) started.
[        ] :quill_native_bridge_android:parseDebugLocalResources (Thread[#37319,Execution worker Thread 17,5,main]) started.
[        ] > Task :quill_native_bridge_android:parseDebugLocalResources UP-TO-DATE
[        ] Caching disabled for task ':quill_native_bridge_android:parseDebugLocalResources' because:
[        ]   Build cache is disabled
[        ] Skipping task ':quill_native_bridge_android:parseDebugLocalResources' as it is up-to-date.
[        ] Resolve mutations for :quill_native_bridge_android:generateDebugRFile (Thread[#37319,Execution worker Thread 17,5,main]) started.
[        ] :quill_native_bridge_android:generateDebugRFile (Thread[#37319,Execution worker Thread 17,5,main]) started.
[        ] > Task :quill_native_bridge_android:generateDebugRFile UP-TO-DATE
[        ] Caching disabled for task ':quill_native_bridge_android:generateDebugRFile' because:
[        ]   Build cache is disabled
[        ] Skipping task ':quill_native_bridge_android:generateDebugRFile' as it is up-to-date.
[        ] work action resolve package-aware-r.txt (project :quill_native_bridge_android) (Thread[#37319,Execution worker Thread 17,5,main]) started.
[        ] Resolve mutations for :shared_preferences_android:compileDebugLibraryResources (Thread[#37319,Execution worker Thread 17,5,main]) started.
[        ] :shared_preferences_android:compileDebugLibraryResources (Thread[#37319,Execution worker Thread 17,5,main]) started.
[        ] > Task :shared_preferences_android:compileDebugLibraryResources UP-TO-DATE
[        ] Caching disabled for task ':shared_preferences_android:compileDebugLibraryResources' because:
[        ]   Build cache is disabled
[        ] Skipping task ':shared_preferences_android:compileDebugLibraryResources' as it is up-to-date.
[        ] work action resolve out (project :shared_preferences_android) (Thread[#37319,Execution worker Thread 17,5,main]) started.
[        ] Resolve mutations for :shared_preferences_android:parseDebugLocalResources (Thread[#37319,Execution worker Thread 17,5,main]) started.
[        ] :shared_preferences_android:parseDebugLocalResources (Thread[#37319,Execution worker Thread 17,5,main]) started.
[        ] > Task :shared_preferences_android:parseDebugLocalResources UP-TO-DATE
[        ] Caching disabled for task ':shared_preferences_android:parseDebugLocalResources' because:
[        ]   Build cache is disabled
[        ] Skipping task ':shared_preferences_android:parseDebugLocalResources' as it is up-to-date.
[        ] Resolve mutations for :shared_preferences_android:generateDebugRFile (Thread[#37319,Execution worker Thread 17,5,main]) started.
[        ] :shared_preferences_android:generateDebugRFile (Thread[#37319,Execution worker Thread 17,5,main]) started.
[        ] > Task :shared_preferences_android:generateDebugRFile UP-TO-DATE
[        ] Caching disabled for task ':shared_preferences_android:generateDebugRFile' because:
[        ]   Build cache is disabled
[        ] Skipping task ':shared_preferences_android:generateDebugRFile' as it is up-to-date.
[        ] work action resolve package-aware-r.txt (project :shared_preferences_android) (Thread[#37319,Execution worker Thread 17,5,main]) started.
[        ] Resolve mutations for :sqflite_android:compileDebugLibraryResources (Thread[#37319,Execution worker Thread 17,5,main]) started.
[        ] :sqflite_android:compileDebugLibraryResources (Thread[#37319,Execution worker Thread 17,5,main]) started.
[        ] > Task :sqflite_android:compileDebugLibraryResources UP-TO-DATE
[        ] Caching disabled for task ':sqflite_android:compileDebugLibraryResources' because:
[        ]   Build cache is disabled
[        ] Skipping task ':sqflite_android:compileDebugLibraryResources' as it is up-to-date.
[        ] work action resolve out (project :sqflite_android) (Thread[#37319,Execution worker Thread 17,5,main]) started.
[        ] Resolve mutations for :sqflite_android:parseDebugLocalResources (Thread[#37319,Execution worker Thread 17,5,main]) started.
[        ] :sqflite_android:parseDebugLocalResources (Thread[#37327,Execution worker Thread 25,5,main]) started.
[  +85 ms] > Task :sqflite_android:parseDebugLocalResources UP-TO-DATE
[        ] Caching disabled for task ':sqflite_android:parseDebugLocalResources' because:
[        ]   Build cache is disabled
[        ] Skipping task ':sqflite_android:parseDebugLocalResources' as it is up-to-date.
[        ] Resolve mutations for :sqflite_android:generateDebugRFile (Thread[#37327,Execution worker Thread 25,5,main]) started.
[        ] :sqflite_android:generateDebugRFile (Thread[#37327,Execution worker Thread 25,5,main]) started.
[        ] > Task :sqflite_android:generateDebugRFile UP-TO-DATE
[        ] Caching disabled for task ':sqflite_android:generateDebugRFile' because:
[        ]   Build cache is disabled
[        ] Skipping task ':sqflite_android:generateDebugRFile' as it is up-to-date.
[        ] work action resolve package-aware-r.txt (project :sqflite_android) (Thread[#37327,Execution worker Thread 25,5,main]) started.
[        ] Resolve mutations for :url_launcher_android:compileDebugLibraryResources (Thread[#37327,Execution worker Thread 25,5,main]) started.
[        ] :url_launcher_android:compileDebugLibraryResources (Thread[#37327,Execution worker Thread 25,5,main]) started.
[        ] > Task :url_launcher_android:compileDebugLibraryResources UP-TO-DATE
[        ] Caching disabled for task ':url_launcher_android:compileDebugLibraryResources' because:
[        ]   Build cache is disabled
[        ] Skipping task ':url_launcher_android:compileDebugLibraryResources' as it is up-to-date.
[        ] work action resolve out (project :url_launcher_android) (Thread[#37327,Execution worker Thread 25,5,main]) started.
[        ] Resolve mutations for :url_launcher_android:parseDebugLocalResources (Thread[#37327,Execution worker Thread 25,5,main]) started.
[        ] :url_launcher_android:parseDebugLocalResources (Thread[#37327,Execution worker Thread 25,5,main]) started.
[        ] > Task :url_launcher_android:parseDebugLocalResources UP-TO-DATE
[        ] Caching disabled for task ':url_launcher_android:parseDebugLocalResources' because:
[        ]   Build cache is disabled
[        ] Skipping task ':url_launcher_android:parseDebugLocalResources' as it is up-to-date.
[        ] Resolve mutations for :url_launcher_android:generateDebugRFile (Thread[#37327,Execution worker Thread 25,5,main]) started.
[        ] :url_launcher_android:generateDebugRFile (Thread[#37327,Execution worker Thread 25,5,main]) started.
[        ] > Task :url_launcher_android:generateDebugRFile UP-TO-DATE
[        ] Caching disabled for task ':url_launcher_android:generateDebugRFile' because:
[        ]   Build cache is disabled
[        ] Skipping task ':url_launcher_android:generateDebugRFile' as it is up-to-date.
[        ] work action resolve package-aware-r.txt (project :url_launcher_android) (Thread[#37327,Execution worker Thread 25,5,main]) started.
[        ] Resolve mutations for :video_player_android:compileDebugLibraryResources (Thread[#37327,Execution worker Thread 25,5,main]) started.
[        ] :video_player_android:compileDebugLibraryResources (Thread[#37327,Execution worker Thread 25,5,main]) started.
[        ] > Task :video_player_android:compileDebugLibraryResources UP-TO-DATE
[        ] Caching disabled for task ':video_player_android:compileDebugLibraryResources' because:
[        ]   Build cache is disabled
[        ] Skipping task ':video_player_android:compileDebugLibraryResources' as it is up-to-date.
[        ] work action resolve out (project :video_player_android) (Thread[#37327,Execution worker Thread 25,5,main]) started.
[        ] Resolve mutations for :video_player_android:parseDebugLocalResources (Thread[#37327,Execution worker Thread 25,5,main]) started.
[        ] :video_player_android:parseDebugLocalResources (Thread[#37327,Execution worker Thread 25,5,main]) started.
[        ] > Task :video_player_android:parseDebugLocalResources UP-TO-DATE
[        ] Caching disabled for task ':video_player_android:parseDebugLocalResources' because:
[        ]   Build cache is disabled
[        ] Skipping task ':video_player_android:parseDebugLocalResources' as it is up-to-date.
[        ] Resolve mutations for :video_player_android:generateDebugRFile (Thread[#37327,Execution worker Thread 25,5,main]) started.
[        ] :video_player_android:generateDebugRFile (Thread[#37327,Execution worker Thread 25,5,main]) started.
[        ] > Task :video_player_android:generateDebugRFile UP-TO-DATE
[        ] Caching disabled for task ':video_player_android:generateDebugRFile' because:
[        ]   Build cache is disabled
[        ] Skipping task ':video_player_android:generateDebugRFile' as it is up-to-date.
[        ] work action resolve package-aware-r.txt (project :video_player_android) (Thread[#37327,Execution worker Thread 25,5,main]) started.
[        ] Resolve mutations for :app:processDebugResources (Thread[#37327,Execution worker Thread 25,5,main]) started.
[        ] :app:processDebugResources (Thread[#37327,Execution worker Thread 25,5,main]) started.
[        ] > Task :app:processDebugResources UP-TO-DATE
[        ] Caching disabled for task ':app:processDebugResources' because:
[        ]   Build cache is disabled
[        ] Skipping task ':app:processDebugResources' as it is up-to-date.
[        ] Resolve mutations for :connectivity_plus:javaPreCompileDebug (Thread[#37327,Execution worker Thread 25,5,main]) started.
[        ] :connectivity_plus:javaPreCompileDebug (Thread[#37327,Execution worker Thread 25,5,main]) started.
[        ] > Task :connectivity_plus:javaPreCompileDebug UP-TO-DATE
[        ] Caching disabled for task ':connectivity_plus:javaPreCompileDebug' because:
[        ]   Build cache is disabled
[        ] Skipping task ':connectivity_plus:javaPreCompileDebug' as it is up-to-date.
[        ] Resolve mutations for :connectivity_plus:compileDebugJavaWithJavac (Thread[#37327,Execution worker Thread 25,5,main]) started.
[        ] :connectivity_plus:compileDebugJavaWithJavac (Thread[#37327,Execution worker Thread 25,5,main]) started.
[        ] > Task :connectivity_plus:compileDebugJavaWithJavac UP-TO-DATE
[        ] Custom actions are attached to task ':connectivity_plus:compileDebugJavaWithJavac'.
[        ] Caching disabled for task ':connectivity_plus:compileDebugJavaWithJavac' because:
[        ]   Build cache is disabled
[        ] Skipping task ':connectivity_plus:compileDebugJavaWithJavac' as it is up-to-date.
[        ] No compile result for :connectivity_plus:compileDebugJavaWithJavac
[        ] No compile result for :connectivity_plus:compileDebugJavaWithJavac
[        ] Resolve mutations for :connectivity_plus:bundleLibCompileToJarDebug (Thread[#37327,Execution worker Thread 25,5,main]) started.
[        ] :connectivity_plus:bundleLibCompileToJarDebug (Thread[#37327,Execution worker Thread 25,5,main]) started.
[        ] > Task :connectivity_plus:bundleLibCompileToJarDebug UP-TO-DATE
[        ] Caching disabled for task ':connectivity_plus:bundleLibCompileToJarDebug' because:
[        ]   Build cache is disabled
[        ]   Simple merging task
[        ] Skipping task ':connectivity_plus:bundleLibCompileToJarDebug' as it is up-to-date.
[        ] work action resolve classes.jar (project :connectivity_plus) (Thread[#37327,Execution worker Thread 25,5,main]) started.
[        ] Resolve mutations for :emoji_picker_flutter:checkKotlinGradlePluginConfigurationErrors (Thread[#37327,Execution worker Thread 25,5,main]) started.
[        ] :emoji_picker_flutter:checkKotlinGradlePluginConfigurationErrors (Thread[#37327,Execution worker Thread 25,5,main]) started.
[        ] > Task :emoji_picker_flutter:checkKotlinGradlePluginConfigurationErrors SKIPPED
[        ] Skipping task ':emoji_picker_flutter:checkKotlinGradlePluginConfigurationErrors' as task onlyIf 'errorDiagnostics are present' is false.
[        ] Resolve mutations for :emoji_picker_flutter:compileDebugKotlin (Thread[#37327,Execution worker Thread 25,5,main]) started.
[        ] :emoji_picker_flutter:compileDebugKotlin (Thread[#37327,Execution worker Thread 25,5,main]) started.
[        ] > Task :emoji_picker_flutter:compileDebugKotlin UP-TO-DATE
[        ] Adding -Xuse-inline-scopes-numbers Kotlin compiler flag for task :emoji_picker_flutter:compileDebugAndroidTestKotlin
[        ] Caching disabled for task ':emoji_picker_flutter:compileDebugKotlin' because:
[        ]   Build cache is disabled
[        ] Skipping task ':emoji_picker_flutter:compileDebugKotlin' as it is up-to-date.
[        ] Resolve mutations for :emoji_picker_flutter:javaPreCompileDebug (Thread[#37327,Execution worker Thread 25,5,main]) started.
[        ] :emoji_picker_flutter:javaPreCompileDebug (Thread[#37327,Execution worker Thread 25,5,main]) started.
[        ] > Task :emoji_picker_flutter:javaPreCompileDebug UP-TO-DATE
[        ] Caching disabled for task ':emoji_picker_flutter:javaPreCompileDebug' because:
[        ]   Build cache is disabled
[        ] Skipping task ':emoji_picker_flutter:javaPreCompileDebug' as it is up-to-date.
[        ] Resolve mutations for :emoji_picker_flutter:compileDebugJavaWithJavac (Thread[#37327,Execution worker Thread 25,5,main]) started.
[        ] :emoji_picker_flutter:compileDebugJavaWithJavac (Thread[#37327,Execution worker Thread 25,5,main]) started.
[        ] > Task :emoji_picker_flutter:compileDebugJavaWithJavac NO-SOURCE
[        ] Skipping task ':emoji_picker_flutter:compileDebugJavaWithJavac' as it has no source files and no previous output files.
[        ] Resolve mutations for :emoji_picker_flutter:bundleLibCompileToJarDebug (Thread[#37327,Execution worker Thread 25,5,main]) started.
[        ] :emoji_picker_flutter:bundleLibCompileToJarDebug (Thread[#37327,Execution worker Thread 25,5,main]) started.
[        ] > Task :emoji_picker_flutter:bundleLibCompileToJarDebug UP-TO-DATE
[        ] Caching disabled for task ':emoji_picker_flutter:bundleLibCompileToJarDebug' because:
[        ]   Build cache is disabled
[        ]   Simple merging task
[        ] Skipping task ':emoji_picker_flutter:bundleLibCompileToJarDebug' as it is up-to-date.
[        ] work action resolve classes.jar (project :emoji_picker_flutter) (Thread[#37327,Execution worker Thread 25,5,main]) started.
[        ] Resolve mutations for :file_selector_android:javaPreCompileDebug (Thread[#37327,Execution worker Thread 25,5,main]) started.
[        ] :file_selector_android:javaPreCompileDebug (Thread[#37327,Execution worker Thread 25,5,main]) started.
[        ] > Task :file_selector_android:javaPreCompileDebug UP-TO-DATE
[        ] Caching disabled for task ':file_selector_android:javaPreCompileDebug' because:
[        ]   Build cache is disabled
[        ] Skipping task ':file_selector_android:javaPreCompileDebug' as it is up-to-date.
[        ] Resolve mutations for :file_selector_android:compileDebugJavaWithJavac (Thread[#37327,Execution worker Thread 25,5,main]) started.
[        ] :file_selector_android:compileDebugJavaWithJavac (Thread[#37327,Execution worker Thread 25,5,main]) started.
[        ] > Task :file_selector_android:compileDebugJavaWithJavac UP-TO-DATE
[        ] Custom actions are attached to task ':file_selector_android:compileDebugJavaWithJavac'.
[        ] Caching disabled for task ':file_selector_android:compileDebugJavaWithJavac' because:
[        ]   Build cache is disabled
[        ] Skipping task ':file_selector_android:compileDebugJavaWithJavac' as it is up-to-date.
[        ] No compile result for :file_selector_android:compileDebugJavaWithJavac
[        ] No compile result for :file_selector_android:compileDebugJavaWithJavac
[        ] Resolve mutations for :file_selector_android:bundleLibCompileToJarDebug (Thread[#37327,Execution worker Thread 25,5,main]) started.
[        ] :file_selector_android:bundleLibCompileToJarDebug (Thread[#37327,Execution worker Thread 25,5,main]) started.
[        ] > Task :file_selector_android:bundleLibCompileToJarDebug UP-TO-DATE
[        ] Caching disabled for task ':file_selector_android:bundleLibCompileToJarDebug' because:
[        ]   Build cache is disabled
[        ]   Simple merging task
[        ] Skipping task ':file_selector_android:bundleLibCompileToJarDebug' as it is up-to-date.
[        ] work action resolve classes.jar (project :file_selector_android) (Thread[#37327,Execution worker Thread 25,5,main]) started.
[        ] Resolve mutations for :flutter_keyboard_visibility_temp_fork:javaPreCompileDebug (Thread[#37327,Execution worker Thread 25,5,main]) started.
[        ] :flutter_keyboard_visibility_temp_fork:javaPreCompileDebug (Thread[#37327,Execution worker Thread 25,5,main]) started.
[        ] > Task :flutter_keyboard_visibility_temp_fork:javaPreCompileDebug UP-TO-DATE
[        ] Caching disabled for task ':flutter_keyboard_visibility_temp_fork:javaPreCompileDebug' because:
[        ]   Build cache is disabled
[        ] Skipping task ':flutter_keyboard_visibility_temp_fork:javaPreCompileDebug' as it is up-to-date.
[        ] Resolve mutations for :flutter_keyboard_visibility_temp_fork:compileDebugJavaWithJavac (Thread[#37327,Execution worker Thread 25,5,main]) started.
[        ] :flutter_keyboard_visibility_temp_fork:compileDebugJavaWithJavac (Thread[#37327,Execution worker Thread 25,5,main]) started.
[        ] > Task :flutter_keyboard_visibility_temp_fork:compileDebugJavaWithJavac UP-TO-DATE
[        ] Custom actions are attached to task ':flutter_keyboard_visibility_temp_fork:compileDebugJavaWithJavac'.
[        ] Caching disabled for task ':flutter_keyboard_visibility_temp_fork:compileDebugJavaWithJavac' because:
[        ]   Build cache is disabled
[        ] Skipping task ':flutter_keyboard_visibility_temp_fork:compileDebugJavaWithJavac' as it is up-to-date.
[        ] No compile result for :flutter_keyboard_visibility_temp_fork:compileDebugJavaWithJavac
[        ] No compile result for :flutter_keyboard_visibility_temp_fork:compileDebugJavaWithJavac
[        ] Resolve mutations for :flutter_keyboard_visibility_temp_fork:bundleLibCompileToJarDebug (Thread[#37327,Execution worker Thread 25,5,main]) started.
[        ] :flutter_keyboard_visibility_temp_fork:bundleLibCompileToJarDebug (Thread[#37327,Execution worker Thread 25,5,main]) started.
[        ] > Task :flutter_keyboard_visibility_temp_fork:bundleLibCompileToJarDebug UP-TO-DATE
[        ] Caching disabled for task ':flutter_keyboard_visibility_temp_fork:bundleLibCompileToJarDebug' because:
[        ]   Build cache is disabled
[        ]   Simple merging task
[        ] Skipping task ':flutter_keyboard_visibility_temp_fork:bundleLibCompileToJarDebug' as it is up-to-date.
[        ] work action resolve classes.jar (project :flutter_keyboard_visibility_temp_fork) (Thread[#37327,Execution worker Thread 25,5,main]) started.
[        ] Resolve mutations for :flutter_native_splash:javaPreCompileDebug (Thread[#37327,Execution worker Thread 25,5,main]) started.
[        ] :flutter_native_splash:javaPreCompileDebug (Thread[#37327,Execution worker Thread 25,5,main]) started.
[        ] > Task :flutter_native_splash:javaPreCompileDebug UP-TO-DATE
[        ] Caching disabled for task ':flutter_native_splash:javaPreCompileDebug' because:
[        ]   Build cache is disabled
[        ] Skipping task ':flutter_native_splash:javaPreCompileDebug' as it is up-to-date.
[        ] Resolve mutations for :flutter_native_splash:compileDebugJavaWithJavac (Thread[#37327,Execution worker Thread 25,5,main]) started.
[        ] :flutter_native_splash:compileDebugJavaWithJavac (Thread[#37327,Execution worker Thread 25,5,main]) started.
[        ] > Task :flutter_native_splash:compileDebugJavaWithJavac UP-TO-DATE
[        ] Custom actions are attached to task ':flutter_native_splash:compileDebugJavaWithJavac'.
[        ] Caching disabled for task ':flutter_native_splash:compileDebugJavaWithJavac' because:
[        ]   Build cache is disabled
[        ] Skipping task ':flutter_native_splash:compileDebugJavaWithJavac' as it is up-to-date.
[        ] No compile result for :flutter_native_splash:compileDebugJavaWithJavac
[        ] No compile result for :flutter_native_splash:compileDebugJavaWithJavac
[        ] Resolve mutations for :flutter_native_splash:bundleLibCompileToJarDebug (Thread[#37327,Execution worker Thread 25,5,main]) started.
[        ] :flutter_native_splash:bundleLibCompileToJarDebug (Thread[#37327,Execution worker Thread 25,5,main]) started.
[        ] > Task :flutter_native_splash:bundleLibCompileToJarDebug UP-TO-DATE
[        ] Caching disabled for task ':flutter_native_splash:bundleLibCompileToJarDebug' because:
[        ]   Build cache is disabled
[        ]   Simple merging task
[        ] Skipping task ':flutter_native_splash:bundleLibCompileToJarDebug' as it is up-to-date.
[        ] work action resolve classes.jar (project :flutter_native_splash) (Thread[#37327,Execution worker Thread 25,5,main]) started.
[        ] Resolve mutations for :flutter_olm:checkKotlinGradlePluginConfigurationErrors (Thread[#37327,Execution worker Thread 25,5,main]) started.
[        ] :flutter_olm:checkKotlinGradlePluginConfigurationErrors (Thread[#37327,Execution worker Thread 25,5,main]) started.
[        ] > Task :flutter_olm:checkKotlinGradlePluginConfigurationErrors SKIPPED
[        ] Skipping task ':flutter_olm:checkKotlinGradlePluginConfigurationErrors' as task onlyIf 'errorDiagnostics are present' is false.
[        ] Resolve mutations for :flutter_olm:compileDebugKotlin (Thread[#37327,Execution worker Thread 25,5,main]) started.
[        ] :flutter_olm:compileDebugKotlin (Thread[#37327,Execution worker Thread 25,5,main]) started.
[        ] > Task :flutter_olm:compileDebugKotlin UP-TO-DATE
[        ] Adding -Xuse-inline-scopes-numbers Kotlin compiler flag for task :flutter_olm:compileDebugAndroidTestKotlin
[        ] Caching disabled for task ':flutter_olm:compileDebugKotlin' because:
[        ]   Build cache is disabled
[        ] Skipping task ':flutter_olm:compileDebugKotlin' as it is up-to-date.
[        ] Resolve mutations for :flutter_olm:javaPreCompileDebug (Thread[#37327,Execution worker Thread 25,5,main]) started.
[        ] :flutter_olm:javaPreCompileDebug (Thread[#37327,Execution worker Thread 25,5,main]) started.
[        ] > Task :flutter_olm:javaPreCompileDebug UP-TO-DATE
[        ] Caching disabled for task ':flutter_olm:javaPreCompileDebug' because:
[        ]   Build cache is disabled
[        ] Skipping task ':flutter_olm:javaPreCompileDebug' as it is up-to-date.
[        ] Resolve mutations for :flutter_olm:compileDebugJavaWithJavac (Thread[#37327,Execution worker Thread 25,5,main]) started.
[        ] :flutter_olm:compileDebugJavaWithJavac (Thread[#37327,Execution worker Thread 25,5,main]) started.
[        ] > Task :flutter_olm:compileDebugJavaWithJavac NO-SOURCE
[        ] Skipping task ':flutter_olm:compileDebugJavaWithJavac' as it has no source files and no previous output files.
[        ] Resolve mutations for :flutter_olm:bundleLibCompileToJarDebug (Thread[#37327,Execution worker Thread 25,5,main]) started.
[        ] :flutter_olm:bundleLibCompileToJarDebug (Thread[#37327,Execution worker Thread 25,5,main]) started.
[        ] > Task :flutter_olm:bundleLibCompileToJarDebug UP-TO-DATE
[        ] Caching disabled for task ':flutter_olm:bundleLibCompileToJarDebug' because:
[        ]   Build cache is disabled
[        ]   Simple merging task
[        ] Skipping task ':flutter_olm:bundleLibCompileToJarDebug' as it is up-to-date.
[        ] work action resolve classes.jar (project :flutter_olm) (Thread[#37327,Execution worker Thread 25,5,main]) started.
[        ] Resolve mutations for :flutter_openssl_crypto:checkKotlinGradlePluginConfigurationErrors (Thread[#37327,Execution worker Thread 25,5,main]) started.
[        ] :flutter_openssl_crypto:checkKotlinGradlePluginConfigurationErrors (Thread[#37327,Execution worker Thread 25,5,main]) started.
[        ] > Task :flutter_openssl_crypto:checkKotlinGradlePluginConfigurationErrors SKIPPED
[        ] Skipping task ':flutter_openssl_crypto:checkKotlinGradlePluginConfigurationErrors' as task onlyIf 'errorDiagnostics are present' is false.
[        ] Resolve mutations for :flutter_openssl_crypto:compileDebugKotlin (Thread[#37327,Execution worker Thread 25,5,main]) started.
[        ] :flutter_openssl_crypto:compileDebugKotlin (Thread[#37327,Execution worker Thread 25,5,main]) started.
[        ] > Task :flutter_openssl_crypto:compileDebugKotlin UP-TO-DATE
[        ] Adding -Xuse-inline-scopes-numbers Kotlin compiler flag for task :flutter_openssl_crypto:compileDebugAndroidTestKotlin
[        ] Caching disabled for task ':flutter_openssl_crypto:compileDebugKotlin' because:
[        ]   Build cache is disabled
[        ] Skipping task ':flutter_openssl_crypto:compileDebugKotlin' as it is up-to-date.
[        ] Resolve mutations for :flutter_openssl_crypto:javaPreCompileDebug (Thread[#37327,Execution worker Thread 25,5,main]) started.
[        ] :flutter_openssl_crypto:javaPreCompileDebug (Thread[#37327,Execution worker Thread 25,5,main]) started.
[        ] > Task :flutter_openssl_crypto:javaPreCompileDebug UP-TO-DATE
[        ] Caching disabled for task ':flutter_openssl_crypto:javaPreCompileDebug' because:
[        ]   Build cache is disabled
[        ] Skipping task ':flutter_openssl_crypto:javaPreCompileDebug' as it is up-to-date.
[        ] Resolve mutations for :flutter_openssl_crypto:compileDebugJavaWithJavac (Thread[#37327,Execution worker Thread 25,5,main]) started.
[        ] :flutter_openssl_crypto:compileDebugJavaWithJavac (Thread[#37327,Execution worker Thread 25,5,main]) started.
[        ] > Task :flutter_openssl_crypto:compileDebugJavaWithJavac NO-SOURCE
[        ] Skipping task ':flutter_openssl_crypto:compileDebugJavaWithJavac' as it has no source files and no previous output files.
[        ] Resolve mutations for :flutter_openssl_crypto:bundleLibCompileToJarDebug (Thread[#37327,Execution worker Thread 25,5,main]) started.
[        ] :flutter_openssl_crypto:bundleLibCompileToJarDebug (Thread[#37327,Execution worker Thread 25,5,main]) started.
[        ] > Task :flutter_openssl_crypto:bundleLibCompileToJarDebug UP-TO-DATE
[        ] Caching disabled for task ':flutter_openssl_crypto:bundleLibCompileToJarDebug' because:
[        ]   Build cache is disabled
[        ]   Simple merging task
[        ] Skipping task ':flutter_openssl_crypto:bundleLibCompileToJarDebug' as it is up-to-date.
[        ] work action resolve classes.jar (project :flutter_openssl_crypto) (Thread[#37327,Execution worker Thread 25,5,main]) started.
[        ] Resolve mutations for :integration_test:javaPreCompileDebug (Thread[#37327,Execution worker Thread 25,5,main]) started.
[        ] :integration_test:javaPreCompileDebug (Thread[#37327,Execution worker Thread 25,5,main]) started.
[        ] > Task :integration_test:javaPreCompileDebug UP-TO-DATE
[        ] Caching disabled for task ':integration_test:javaPreCompileDebug' because:
[        ]   Build cache is disabled
[        ] Skipping task ':integration_test:javaPreCompileDebug' as it is up-to-date.
[        ] Resolve mutations for :integration_test:compileDebugJavaWithJavac (Thread[#37327,Execution worker Thread 25,5,main]) started.
[        ] :integration_test:compileDebugJavaWithJavac (Thread[#37327,Execution worker Thread 25,5,main]) started.
[        ] > Task :integration_test:compileDebugJavaWithJavac UP-TO-DATE
[        ] Custom actions are attached to task ':integration_test:compileDebugJavaWithJavac'.
[        ] Caching disabled for task ':integration_test:compileDebugJavaWithJavac' because:
[        ]   Build cache is disabled
[        ] Skipping task ':integration_test:compileDebugJavaWithJavac' as it is up-to-date.
[        ] No compile result for :integration_test:compileDebugJavaWithJavac
[        ] No compile result for :integration_test:compileDebugJavaWithJavac
[        ] Resolve mutations for :integration_test:bundleLibCompileToJarDebug (Thread[#37327,Execution worker Thread 25,5,main]) started.
[        ] :integration_test:bundleLibCompileToJarDebug (Thread[#37327,Execution worker Thread 25,5,main]) started.
[        ] > Task :integration_test:bundleLibCompileToJarDebug UP-TO-DATE
[        ] Caching disabled for task ':integration_test:bundleLibCompileToJarDebug' because:
[        ]   Build cache is disabled
[        ]   Simple merging task
[        ] Skipping task ':integration_test:bundleLibCompileToJarDebug' as it is up-to-date.
[        ] work action resolve classes.jar (project :integration_test) (Thread[#37327,Execution worker Thread 25,5,main]) started.
[        ] Resolve mutations for :path_provider_android:javaPreCompileDebug (Thread[#37327,Execution worker Thread 25,5,main]) started.
[        ] :path_provider_android:javaPreCompileDebug (Thread[#37327,Execution worker Thread 25,5,main]) started.
[        ] > Task :path_provider_android:javaPreCompileDebug UP-TO-DATE
[        ] Caching disabled for task ':path_provider_android:javaPreCompileDebug' because:
[        ]   Build cache is disabled
[        ] Skipping task ':path_provider_android:javaPreCompileDebug' as it is up-to-date.
[        ] Resolve mutations for :path_provider_android:compileDebugJavaWithJavac (Thread[#37327,Execution worker Thread 25,5,main]) started.
[        ] :path_provider_android:compileDebugJavaWithJavac (Thread[#37327,Execution worker Thread 25,5,main]) started.
[        ] > Task :path_provider_android:compileDebugJavaWithJavac UP-TO-DATE
[        ] Custom actions are attached to task ':path_provider_android:compileDebugJavaWithJavac'.
[        ] Caching disabled for task ':path_provider_android:compileDebugJavaWithJavac' because:
[        ]   Build cache is disabled
[        ] Skipping task ':path_provider_android:compileDebugJavaWithJavac' as it is up-to-date.
[        ] No compile result for :path_provider_android:compileDebugJavaWithJavac
[        ] No compile result for :path_provider_android:compileDebugJavaWithJavac
[        ] Resolve mutations for :path_provider_android:bundleLibCompileToJarDebug (Thread[#37327,Execution worker Thread 25,5,main]) started.
[        ] :path_provider_android:bundleLibCompileToJarDebug (Thread[#37327,Execution worker Thread 25,5,main]) started.
[        ] > Task :path_provider_android:bundleLibCompileToJarDebug UP-TO-DATE
[        ] Caching disabled for task ':path_provider_android:bundleLibCompileToJarDebug' because:
[        ]   Build cache is disabled
[        ]   Simple merging task
[        ] Skipping task ':path_provider_android:bundleLibCompileToJarDebug' as it is up-to-date.
[        ] work action resolve classes.jar (project :path_provider_android) (Thread[#37327,Execution worker Thread 25,5,main]) started.
[        ] Resolve mutations for :quill_native_bridge_android:checkKotlinGradlePluginConfigurationErrors (Thread[#37327,Execution worker Thread 25,5,main]) started.
[        ] :quill_native_bridge_android:checkKotlinGradlePluginConfigurationErrors (Thread[#37327,Execution worker Thread 25,5,main]) started.
[        ] > Task :quill_native_bridge_android:checkKotlinGradlePluginConfigurationErrors SKIPPED
[        ] Skipping task ':quill_native_bridge_android:checkKotlinGradlePluginConfigurationErrors' as task onlyIf 'errorDiagnostics are present' is false.
[        ] Resolve mutations for :quill_native_bridge_android:compileDebugKotlin (Thread[#37327,Execution worker Thread 25,5,main]) started.
[        ] :quill_native_bridge_android:compileDebugKotlin (Thread[#37327,Execution worker Thread 25,5,main]) started.
[        ] > Task :quill_native_bridge_android:compileDebugKotlin UP-TO-DATE
[        ] Adding -Xuse-inline-scopes-numbers Kotlin compiler flag for task :quill_native_bridge_android:compileDebugAndroidTestKotlin
[        ] Caching disabled for task ':quill_native_bridge_android:compileDebugKotlin' because:
[        ]   Build cache is disabled
[        ] Skipping task ':quill_native_bridge_android:compileDebugKotlin' as it is up-to-date.
[        ] Resolve mutations for :quill_native_bridge_android:javaPreCompileDebug (Thread[#37327,Execution worker Thread 25,5,main]) started.
[        ] :quill_native_bridge_android:javaPreCompileDebug (Thread[#37327,Execution worker Thread 25,5,main]) started.
[        ] > Task :quill_native_bridge_android:javaPreCompileDebug UP-TO-DATE
[        ] Caching disabled for task ':quill_native_bridge_android:javaPreCompileDebug' because:
[        ]   Build cache is disabled
[        ] Skipping task ':quill_native_bridge_android:javaPreCompileDebug' as it is up-to-date.
[        ] Resolve mutations for :quill_native_bridge_android:compileDebugJavaWithJavac (Thread[#37327,Execution worker Thread 25,5,main]) started.
[        ] :quill_native_bridge_android:compileDebugJavaWithJavac (Thread[#37327,Execution worker Thread 25,5,main]) started.
[        ] > Task :quill_native_bridge_android:compileDebugJavaWithJavac NO-SOURCE
[        ] Skipping task ':quill_native_bridge_android:compileDebugJavaWithJavac' as it has no source files and no previous output files.
[        ] Resolve mutations for :quill_native_bridge_android:bundleLibCompileToJarDebug (Thread[#37327,Execution worker Thread 25,5,main]) started.
[        ] :quill_native_bridge_android:bundleLibCompileToJarDebug (Thread[#37327,Execution worker Thread 25,5,main]) started.
[        ] > Task :quill_native_bridge_android:bundleLibCompileToJarDebug UP-TO-DATE
[        ] Caching disabled for task ':quill_native_bridge_android:bundleLibCompileToJarDebug' because:
[        ]   Build cache is disabled
[        ]   Simple merging task
[        ] Skipping task ':quill_native_bridge_android:bundleLibCompileToJarDebug' as it is up-to-date.
[        ] work action resolve classes.jar (project :quill_native_bridge_android) (Thread[#37327,Execution worker Thread 25,5,main]) started.
[        ] Resolve mutations for :shared_preferences_android:checkKotlinGradlePluginConfigurationErrors (Thread[#37327,Execution worker Thread 25,5,main]) started.
[        ] :shared_preferences_android:checkKotlinGradlePluginConfigurationErrors (Thread[#37327,Execution worker Thread 25,5,main]) started.
[        ] > Task :shared_preferences_android:checkKotlinGradlePluginConfigurationErrors SKIPPED
[        ] Skipping task ':shared_preferences_android:checkKotlinGradlePluginConfigurationErrors' as task onlyIf 'errorDiagnostics are present' is false.
[        ] Resolve mutations for :shared_preferences_android:compileDebugKotlin (Thread[#37327,Execution worker Thread 25,5,main]) started.
[        ] :shared_preferences_android:compileDebugKotlin (Thread[#37327,Execution worker Thread 25,5,main]) started.
[        ] > Task :shared_preferences_android:compileDebugKotlin UP-TO-DATE
[        ] Adding -Xuse-inline-scopes-numbers Kotlin compiler flag for task :shared_preferences_android:compileDebugAndroidTestKotlin
[        ] Caching disabled for task ':shared_preferences_android:compileDebugKotlin' because:
[        ]   Build cache is disabled
[        ] Skipping task ':shared_preferences_android:compileDebugKotlin' as it is up-to-date.
[        ] Resolve mutations for :shared_preferences_android:javaPreCompileDebug (Thread[#37327,Execution worker Thread 25,5,main]) started.
[        ] :shared_preferences_android:javaPreCompileDebug (Thread[#37327,Execution worker Thread 25,5,main]) started.
[        ] > Task :shared_preferences_android:javaPreCompileDebug UP-TO-DATE
[        ] Caching disabled for task ':shared_preferences_android:javaPreCompileDebug' because:
[        ]   Build cache is disabled
[        ] Skipping task ':shared_preferences_android:javaPreCompileDebug' as it is up-to-date.
[        ] Resolve mutations for :shared_preferences_android:compileDebugJavaWithJavac (Thread[#37327,Execution worker Thread 25,5,main]) started.
[        ] :shared_preferences_android:compileDebugJavaWithJavac (Thread[#37327,Execution worker Thread 25,5,main]) started.
[        ] > Task :shared_preferences_android:compileDebugJavaWithJavac UP-TO-DATE
[        ] Custom actions are attached to task ':shared_preferences_android:compileDebugJavaWithJavac'.
[        ] Caching disabled for task ':shared_preferences_android:compileDebugJavaWithJavac' because:
[        ]   Build cache is disabled
[        ] Skipping task ':shared_preferences_android:compileDebugJavaWithJavac' as it is up-to-date.
[        ] No compile result for :shared_preferences_android:compileDebugJavaWithJavac
[        ] No compile result for :shared_preferences_android:compileDebugJavaWithJavac
[        ] Resolve mutations for :shared_preferences_android:bundleLibCompileToJarDebug (Thread[#37327,Execution worker Thread 25,5,main]) started.
[        ] :shared_preferences_android:bundleLibCompileToJarDebug (Thread[#37327,Execution worker Thread 25,5,main]) started.
[        ] > Task :shared_preferences_android:bundleLibCompileToJarDebug UP-TO-DATE
[        ] Caching disabled for task ':shared_preferences_android:bundleLibCompileToJarDebug' because:
[        ]   Build cache is disabled
[        ]   Simple merging task
[        ] Skipping task ':shared_preferences_android:bundleLibCompileToJarDebug' as it is up-to-date.
[        ] work action resolve classes.jar (project :shared_preferences_android) (Thread[#37327,Execution worker Thread 25,5,main]) started.
[        ] Resolve mutations for :sqflite_android:javaPreCompileDebug (Thread[#37327,Execution worker Thread 25,5,main]) started.
[        ] :sqflite_android:javaPreCompileDebug (Thread[#37327,Execution worker Thread 25,5,main]) started.
[        ] > Task :sqflite_android:javaPreCompileDebug UP-TO-DATE
[        ] Caching disabled for task ':sqflite_android:javaPreCompileDebug' because:
[        ]   Build cache is disabled
[        ] Skipping task ':sqflite_android:javaPreCompileDebug' as it is up-to-date.
[        ] Resolve mutations for :sqflite_android:compileDebugJavaWithJavac (Thread[#37327,Execution worker Thread 25,5,main]) started.
[        ] :sqflite_android:compileDebugJavaWithJavac (Thread[#37327,Execution worker Thread 25,5,main]) started.
[        ] > Task :sqflite_android:compileDebugJavaWithJavac UP-TO-DATE
[        ] Custom actions are attached to task ':sqflite_android:compileDebugJavaWithJavac'.
[        ] Caching disabled for task ':sqflite_android:compileDebugJavaWithJavac' because:
[        ]   Build cache is disabled
[        ] Skipping task ':sqflite_android:compileDebugJavaWithJavac' as it is up-to-date.
[        ] No compile result for :sqflite_android:compileDebugJavaWithJavac
[        ] No compile result for :sqflite_android:compileDebugJavaWithJavac
[        ] Resolve mutations for :sqflite_android:bundleLibCompileToJarDebug (Thread[#37327,Execution worker Thread 25,5,main]) started.
[        ] :sqflite_android:bundleLibCompileToJarDebug (Thread[#37327,Execution worker Thread 25,5,main]) started.
[        ] > Task :sqflite_android:bundleLibCompileToJarDebug UP-TO-DATE
[        ] Caching disabled for task ':sqflite_android:bundleLibCompileToJarDebug' because:
[        ]   Build cache is disabled
[        ]   Simple merging task
[        ] Skipping task ':sqflite_android:bundleLibCompileToJarDebug' as it is up-to-date.
[        ] work action resolve classes.jar (project :sqflite_android) (Thread[#37327,Execution worker Thread 25,5,main]) started.
[        ] Resolve mutations for :url_launcher_android:generateDebugBuildConfig (Thread[#37327,Execution worker Thread 25,5,main]) started.
[        ] :url_launcher_android:generateDebugBuildConfig (Thread[#37327,Execution worker Thread 25,5,main]) started.
[        ] > Task :url_launcher_android:generateDebugBuildConfig UP-TO-DATE
[        ] Caching disabled for task ':url_launcher_android:generateDebugBuildConfig' because:
[        ]   Build cache is disabled
[        ] Skipping task ':url_launcher_android:generateDebugBuildConfig' as it is up-to-date.
[        ] Resolve mutations for :url_launcher_android:javaPreCompileDebug (Thread[#37327,Execution worker Thread 25,5,main]) started.
[        ] :url_launcher_android:javaPreCompileDebug (Thread[#37327,Execution worker Thread 25,5,main]) started.
[        ] > Task :url_launcher_android:javaPreCompileDebug UP-TO-DATE
[        ] Caching disabled for task ':url_launcher_android:javaPreCompileDebug' because:
[        ]   Build cache is disabled
[        ] Skipping task ':url_launcher_android:javaPreCompileDebug' as it is up-to-date.
[        ] Resolve mutations for :url_launcher_android:compileDebugJavaWithJavac (Thread[#37327,Execution worker Thread 25,5,main]) started.
[        ] :url_launcher_android:compileDebugJavaWithJavac (Thread[#37327,Execution worker Thread 25,5,main]) started.
[        ] > Task :url_launcher_android:compileDebugJavaWithJavac UP-TO-DATE
[        ] Custom actions are attached to task ':url_launcher_android:compileDebugJavaWithJavac'.
[        ] Caching disabled for task ':url_launcher_android:compileDebugJavaWithJavac' because:
[        ]   Build cache is disabled
[        ] Skipping task ':url_launcher_android:compileDebugJavaWithJavac' as it is up-to-date.
[        ] No compile result for :url_launcher_android:compileDebugJavaWithJavac
[        ] No compile result for :url_launcher_android:compileDebugJavaWithJavac
[        ] Resolve mutations for :url_launcher_android:bundleLibCompileToJarDebug (Thread[#37327,Execution worker Thread 25,5,main]) started.
[        ] :url_launcher_android:bundleLibCompileToJarDebug (Thread[#37327,Execution worker Thread 25,5,main]) started.
[        ] > Task :url_launcher_android:bundleLibCompileToJarDebug UP-TO-DATE
[        ] Caching disabled for task ':url_launcher_android:bundleLibCompileToJarDebug' because:
[        ]   Build cache is disabled
[        ]   Simple merging task
[        ] Skipping task ':url_launcher_android:bundleLibCompileToJarDebug' as it is up-to-date.
[        ] work action resolve classes.jar (project :url_launcher_android) (Thread[#37327,Execution worker Thread 25,5,main]) started.
[        ] Resolve mutations for :video_player_android:checkKotlinGradlePluginConfigurationErrors (Thread[#37327,Execution worker Thread 25,5,main]) started.
[        ] :video_player_android:checkKotlinGradlePluginConfigurationErrors (Thread[#37327,Execution worker Thread 25,5,main]) started.
[        ] > Task :video_player_android:checkKotlinGradlePluginConfigurationErrors SKIPPED
[        ] Skipping task ':video_player_android:checkKotlinGradlePluginConfigurationErrors' as task onlyIf 'errorDiagnostics are present' is false.
[        ] Resolve mutations for :video_player_android:compileDebugKotlin (Thread[#37327,Execution worker Thread 25,5,main]) started.
[        ] :video_player_android:compileDebugKotlin (Thread[#37327,Execution worker Thread 25,5,main]) started.
[        ] > Task :video_player_android:compileDebugKotlin UP-TO-DATE
[        ] Adding -Xuse-inline-scopes-numbers Kotlin compiler flag for task :video_player_android:compileDebugAndroidTestKotlin
[        ] Caching disabled for task ':video_player_android:compileDebugKotlin' because:
[        ]   Build cache is disabled
[        ] Skipping task ':video_player_android:compileDebugKotlin' as it is up-to-date.
[        ] Resolve mutations for :video_player_android:javaPreCompileDebug (Thread[#37327,Execution worker Thread 25,5,main]) started.
[        ] :video_player_android:javaPreCompileDebug (Thread[#37327,Execution worker Thread 25,5,main]) started.
[        ] > Task :video_player_android:javaPreCompileDebug UP-TO-DATE
[        ] Caching disabled for task ':video_player_android:javaPreCompileDebug' because:
[        ]   Build cache is disabled
[        ] Skipping task ':video_player_android:javaPreCompileDebug' as it is up-to-date.
[        ] Resolve mutations for :video_player_android:compileDebugJavaWithJavac (Thread[#37327,Execution worker Thread 25,5,main]) started.
[        ] :video_player_android:compileDebugJavaWithJavac (Thread[#37327,Execution worker Thread 25,5,main]) started.
[  +95 ms] > Task :video_player_android:compileDebugJavaWithJavac UP-TO-DATE
[        ] Custom actions are attached to task ':video_player_android:compileDebugJavaWithJavac'.
[        ] Caching disabled for task ':video_player_android:compileDebugJavaWithJavac' because:
[        ]   Build cache is disabled
[        ] Skipping task ':video_player_android:compileDebugJavaWithJavac' as it is up-to-date.
[        ] No compile result for :video_player_android:compileDebugJavaWithJavac
[        ] No compile result for :video_player_android:compileDebugJavaWithJavac
[        ] Resolve mutations for :video_player_android:bundleLibCompileToJarDebug (Thread[#37327,Execution worker Thread 25,5,main]) started.
[        ] :video_player_android:bundleLibCompileToJarDebug (Thread[#37327,Execution worker Thread 25,5,main]) started.
[        ] > Task :video_player_android:bundleLibCompileToJarDebug UP-TO-DATE
[        ] Caching disabled for task ':video_player_android:bundleLibCompileToJarDebug' because:
[        ]   Build cache is disabled
[        ]   Simple merging task
[        ] Skipping task ':video_player_android:bundleLibCompileToJarDebug' as it is up-to-date.
[        ] work action resolve classes.jar (project :video_player_android) (Thread[#37327,Execution worker Thread 25,5,main]) started.
[        ] Resolve mutations for :app:compileDebugKotlin (Thread[#37327,Execution worker Thread 25,5,main]) started.
[        ] :app:compileDebugKotlin (Thread[#37327,Execution worker Thread 25,5,main]) started.
[        ] Resolve mutations for :app:javaPreCompileDebug (Thread[#37332,Execution worker Thread 30,5,main]) started.
[        ] :app:javaPreCompileDebug (Thread[#37332,Execution worker Thread 30,5,main]) started.
[        ] > Task :app:javaPreCompileDebug UP-TO-DATE
[        ] Caching disabled for task ':app:javaPreCompileDebug' because:
[        ]   Build cache is disabled
[        ] Skipping task ':app:javaPreCompileDebug' as it is up-to-date.
[        ] Resolve mutations for :app:compressDebugAssets (Thread[#37332,Execution worker Thread 30,5,main]) started.
[        ] :app:compressDebugAssets (Thread[#37332,Execution worker Thread 30,5,main]) started.
[        ] Resolve mutations for :connectivity_plus:processDebugJavaRes (Thread[#37328,Execution worker Thread 26,5,main]) started.
[        ] :connectivity_plus:processDebugJavaRes (Thread[#37328,Execution worker Thread 26,5,main]) started.
[        ] > Task :connectivity_plus:processDebugJavaRes NO-SOURCE
[        ] file or directory '/Users/florian/.pub-cache/hosted/pub.dev/connectivity_plus-5.0.2/android/src/main/resources', not found
[        ] file or directory '/Users/florian/.pub-cache/hosted/pub.dev/connectivity_plus-5.0.2/android/src/debug/resources', not found
[        ] Skipping task ':connectivity_plus:processDebugJavaRes' as it has no source files and no previous output files.
[        ] work action resolve out (project :connectivity_plus) (Thread[#37328,Execution worker Thread 26,5,main]) started.
[        ] Resolve mutations for :emoji_picker_flutter:processDebugJavaRes (Thread[#37328,Execution worker Thread 26,5,main]) started.
[        ] :emoji_picker_flutter:processDebugJavaRes (Thread[#37328,Execution worker Thread 26,5,main]) started.
[        ] > Task :emoji_picker_flutter:processDebugJavaRes UP-TO-DATE
[        ] file or directory '/Users/florian/.pub-cache/hosted/pub.dev/emoji_picker_flutter-4.4.0/android/src/main/resources', not found
[        ] file or directory '/Users/florian/.pub-cache/hosted/pub.dev/emoji_picker_flutter-4.4.0/android/src/debug/resources', not found
[        ] file or directory '/Users/florian/.pub-cache/hosted/pub.dev/emoji_picker_flutter-4.4.0/android/src/main/resources', not found
[        ] file or directory '/Users/florian/.pub-cache/hosted/pub.dev/emoji_picker_flutter-4.4.0/android/src/debug/resources', not found
[        ] Caching disabled for task ':emoji_picker_flutter:processDebugJavaRes' because:
[        ]   Build cache is disabled
[        ]   Caching has been disabled for the task
[        ] Skipping task ':emoji_picker_flutter:processDebugJavaRes' as it is up-to-date.
[        ] work action resolve out (project :emoji_picker_flutter) (Thread[#37328,Execution worker Thread 26,5,main]) started.
[        ] Resolve mutations for :file_selector_android:processDebugJavaRes (Thread[#37328,Execution worker Thread 26,5,main]) started.
[        ] :file_selector_android:processDebugJavaRes (Thread[#37328,Execution worker Thread 26,5,main]) started.
[        ] > Task :file_selector_android:processDebugJavaRes NO-SOURCE
[        ] file or directory '/Users/florian/.pub-cache/hosted/pub.dev/file_selector_android-0.5.2+4/android/src/main/resources', not found
[        ] file or directory '/Users/florian/.pub-cache/hosted/pub.dev/file_selector_android-0.5.2+4/android/src/debug/resources', not found
[        ] Skipping task ':file_selector_android:processDebugJavaRes' as it has no source files and no previous output files.
[        ] work action resolve out (project :file_selector_android) (Thread[#37328,Execution worker Thread 26,5,main]) started.
[        ] Resolve mutations for :flutter_keyboard_visibility_temp_fork:processDebugJavaRes (Thread[#37328,Execution worker Thread 26,5,main]) started.
[        ] :flutter_keyboard_visibility_temp_fork:processDebugJavaRes (Thread[#37328,Execution worker Thread 26,5,main]) started.
[        ] > Task :flutter_keyboard_visibility_temp_fork:processDebugJavaRes NO-SOURCE
[        ] file or directory '/Users/florian/.pub-cache/hosted/pub.dev/flutter_keyboard_visibility_temp_fork-0.1.5/android/src/main/resources', not found
[        ] file or directory '/Users/florian/.pub-cache/hosted/pub.dev/flutter_keyboard_visibility_temp_fork-0.1.5/android/src/debug/resources', not found
[        ] Skipping task ':flutter_keyboard_visibility_temp_fork:processDebugJavaRes' as it has no source files and no previous output files.
[        ] work action resolve out (project :flutter_keyboard_visibility_temp_fork) (Thread[#37328,Execution worker Thread 26,5,main]) started.
[        ] Resolve mutations for :flutter_native_splash:processDebugJavaRes (Thread[#37328,Execution worker Thread 26,5,main]) started.
[        ] :flutter_native_splash:processDebugJavaRes (Thread[#37328,Execution worker Thread 26,5,main]) started.
[        ] > Task :flutter_native_splash:processDebugJavaRes NO-SOURCE
[        ] file or directory '/Users/florian/.pub-cache/hosted/pub.dev/flutter_native_splash-2.4.7/android/src/main/resources', not found
[        ] file or directory '/Users/florian/.pub-cache/hosted/pub.dev/flutter_native_splash-2.4.7/android/src/debug/resources', not found
[        ] Skipping task ':flutter_native_splash:processDebugJavaRes' as it has no source files and no previous output files.
[        ] work action resolve out (project :flutter_native_splash) (Thread[#37328,Execution worker Thread 26,5,main]) started.
[        ] Resolve mutations for :flutter_olm:processDebugJavaRes (Thread[#37328,Execution worker Thread 26,5,main]) started.
[        ] :flutter_olm:processDebugJavaRes (Thread[#37328,Execution worker Thread 26,5,main]) started.
[        ] > Task :flutter_olm:processDebugJavaRes UP-TO-DATE
[        ] file or directory '/Users/florian/.pub-cache/hosted/pub.dev/flutter_olm-2.0.0/android/src/main/resources', not found
[        ] file or directory '/Users/florian/.pub-cache/hosted/pub.dev/flutter_olm-2.0.0/android/src/debug/resources', not found
[        ] file or directory '/Users/florian/.pub-cache/hosted/pub.dev/flutter_olm-2.0.0/android/src/main/resources', not found
[        ] file or directory '/Users/florian/.pub-cache/hosted/pub.dev/flutter_olm-2.0.0/android/src/debug/resources', not found
[        ] Caching disabled for task ':flutter_olm:processDebugJavaRes' because:
[        ]   Build cache is disabled
[        ]   Caching has been disabled for the task
[        ] Skipping task ':flutter_olm:processDebugJavaRes' as it is up-to-date.
[        ] work action resolve out (project :flutter_olm) (Thread[#37328,Execution worker Thread 26,5,main]) started.
[        ] Resolve mutations for :flutter_openssl_crypto:processDebugJavaRes (Thread[#37328,Execution worker Thread 26,5,main]) started.
[        ] :flutter_openssl_crypto:processDebugJavaRes (Thread[#37328,Execution worker Thread 26,5,main]) started.
[        ] > Task :flutter_openssl_crypto:processDebugJavaRes UP-TO-DATE
[        ] file or directory '/Users/florian/.pub-cache/hosted/pub.dev/flutter_openssl_crypto-0.5.0/android/src/main/resources', not found
[        ] file or directory '/Users/florian/.pub-cache/hosted/pub.dev/flutter_openssl_crypto-0.5.0/android/src/debug/resources', not found
[        ] file or directory '/Users/florian/.pub-cache/hosted/pub.dev/flutter_openssl_crypto-0.5.0/android/src/main/resources', not found
[        ] file or directory '/Users/florian/.pub-cache/hosted/pub.dev/flutter_openssl_crypto-0.5.0/android/src/debug/resources', not found
[        ] Caching disabled for task ':flutter_openssl_crypto:processDebugJavaRes' because:
[        ]   Build cache is disabled
[        ]   Caching has been disabled for the task
[        ] Skipping task ':flutter_openssl_crypto:processDebugJavaRes' as it is up-to-date.
[        ] work action resolve out (project :flutter_openssl_crypto) (Thread[#37328,Execution worker Thread 26,5,main]) started.
[        ] Resolve mutations for :integration_test:processDebugJavaRes (Thread[#37328,Execution worker Thread 26,5,main]) started.
[        ] :integration_test:processDebugJavaRes (Thread[#37328,Execution worker Thread 26,5,main]) started.
[        ] > Task :integration_test:processDebugJavaRes NO-SOURCE
[        ] file or directory '/opt/homebrew/share/flutter/packages/integration_test/android/src/main/resources', not found
[        ] file or directory '/opt/homebrew/share/flutter/packages/integration_test/android/src/debug/resources', not found
[        ] Skipping task ':integration_test:processDebugJavaRes' as it has no source files and no previous output files.
[        ] work action resolve out (project :integration_test) (Thread[#37328,Execution worker Thread 26,5,main]) started.
[        ] Resolve mutations for :path_provider_android:processDebugJavaRes (Thread[#37328,Execution worker Thread 26,5,main]) started.
[        ] :path_provider_android:processDebugJavaRes (Thread[#37328,Execution worker Thread 26,5,main]) started.
[        ] > Task :path_provider_android:processDebugJavaRes NO-SOURCE
[        ] file or directory '/Users/florian/.pub-cache/hosted/pub.dev/path_provider_android-2.2.22/android/src/main/resources', not found
[        ] file or directory '/Users/florian/.pub-cache/hosted/pub.dev/path_provider_android-2.2.22/android/src/debug/resources', not found
[        ] Skipping task ':path_provider_android:processDebugJavaRes' as it has no source files and no previous output files.
[        ] work action resolve out (project :path_provider_android) (Thread[#37328,Execution worker Thread 26,5,main]) started.
[        ] Resolve mutations for :quill_native_bridge_android:processDebugJavaRes (Thread[#37328,Execution worker Thread 26,5,main]) started.
[        ] :quill_native_bridge_android:processDebugJavaRes (Thread[#37328,Execution worker Thread 26,5,main]) started.
[        ] > Task :quill_native_bridge_android:processDebugJavaRes UP-TO-DATE
[        ] file or directory '/Users/florian/.pub-cache/hosted/pub.dev/quill_native_bridge_android-0.0.1+2/android/src/main/resources', not found
[        ] file or directory '/Users/florian/.pub-cache/hosted/pub.dev/quill_native_bridge_android-0.0.1+2/android/src/debug/resources', not found
[        ] file or directory '/Users/florian/.pub-cache/hosted/pub.dev/quill_native_bridge_android-0.0.1+2/android/src/main/resources', not found
[        ] file or directory '/Users/florian/.pub-cache/hosted/pub.dev/quill_native_bridge_android-0.0.1+2/android/src/debug/resources', not found
[        ] Caching disabled for task ':quill_native_bridge_android:processDebugJavaRes' because:
[        ]   Build cache is disabled
[        ]   Caching has been disabled for the task
[        ] Skipping task ':quill_native_bridge_android:processDebugJavaRes' as it is up-to-date.
[        ] work action resolve out (project :quill_native_bridge_android) (Thread[#37328,Execution worker Thread 26,5,main]) started.
[        ] Resolve mutations for :shared_preferences_android:processDebugJavaRes (Thread[#37328,Execution worker Thread 26,5,main]) started.
[        ] :shared_preferences_android:processDebugJavaRes (Thread[#37328,Execution worker Thread 26,5,main]) started.
[        ] > Task :shared_preferences_android:processDebugJavaRes UP-TO-DATE
[        ] file or directory '/Users/florian/.pub-cache/hosted/pub.dev/shared_preferences_android-2.4.20/android/src/main/resources', not found
[        ] file or directory '/Users/florian/.pub-cache/hosted/pub.dev/shared_preferences_android-2.4.20/android/src/debug/resources', not found
[        ] file or directory '/Users/florian/.pub-cache/hosted/pub.dev/shared_preferences_android-2.4.20/android/src/main/resources', not found
[        ] file or directory '/Users/florian/.pub-cache/hosted/pub.dev/shared_preferences_android-2.4.20/android/src/debug/resources', not found
[        ] Caching disabled for task ':shared_preferences_android:processDebugJavaRes' because:
[        ]   Build cache is disabled
[        ]   Caching has been disabled for the task
[        ] Skipping task ':shared_preferences_android:processDebugJavaRes' as it is up-to-date.
[        ] work action resolve out (project :shared_preferences_android) (Thread[#37328,Execution worker Thread 26,5,main]) started.
[        ] Resolve mutations for :sqflite_android:processDebugJavaRes (Thread[#37328,Execution worker Thread 26,5,main]) started.
[        ] :sqflite_android:processDebugJavaRes (Thread[#37328,Execution worker Thread 26,5,main]) started.
[        ] > Task :sqflite_android:processDebugJavaRes NO-SOURCE
[        ] file or directory '/Users/florian/.pub-cache/hosted/pub.dev/sqflite_android-2.4.2+2/android/src/main/resources', not found
[        ] file or directory '/Users/florian/.pub-cache/hosted/pub.dev/sqflite_android-2.4.2+2/android/src/debug/resources', not found
[        ] Skipping task ':sqflite_android:processDebugJavaRes' as it has no source files and no previous output files.
[        ] work action resolve out (project :sqflite_android) (Thread[#37328,Execution worker Thread 26,5,main]) started.
[        ] Resolve mutations for :url_launcher_android:processDebugJavaRes (Thread[#37328,Execution worker Thread 26,5,main]) started.
[        ] :url_launcher_android:processDebugJavaRes (Thread[#37328,Execution worker Thread 26,5,main]) started.
[        ] > Task :url_launcher_android:processDebugJavaRes NO-SOURCE
[        ] file or directory '/Users/florian/.pub-cache/hosted/pub.dev/url_launcher_android-6.3.28/android/src/main/resources', not found
[        ] file or directory '/Users/florian/.pub-cache/hosted/pub.dev/url_launcher_android-6.3.28/android/src/debug/resources', not found
[        ] Skipping task ':url_launcher_android:processDebugJavaRes' as it has no source files and no previous output files.
[        ] work action resolve out (project :url_launcher_android) (Thread[#37328,Execution worker Thread 26,5,main]) started.
[        ] Resolve mutations for :video_player_android:processDebugJavaRes (Thread[#37328,Execution worker Thread 26,5,main]) started.
[        ] :video_player_android:processDebugJavaRes (Thread[#37328,Execution worker Thread 26,5,main]) started.
[        ] > Task :video_player_android:processDebugJavaRes UP-TO-DATE
[        ] file or directory '/Users/florian/.pub-cache/hosted/pub.dev/video_player_android-2.9.1/android/src/main/resources', not found
[        ] file or directory '/Users/florian/.pub-cache/hosted/pub.dev/video_player_android-2.9.1/android/src/debug/resources', not found
[        ] file or directory '/Users/florian/.pub-cache/hosted/pub.dev/video_player_android-2.9.1/android/src/main/resources', not found
[        ] file or directory '/Users/florian/.pub-cache/hosted/pub.dev/video_player_android-2.9.1/android/src/debug/resources', not found
[        ] Caching disabled for task ':video_player_android:processDebugJavaRes' because:
[        ]   Build cache is disabled
[        ]   Caching has been disabled for the task
[        ] Skipping task ':video_player_android:processDebugJavaRes' as it is up-to-date.
[        ] work action resolve out (project :video_player_android) (Thread[#37328,Execution worker Thread 26,5,main]) started.
[        ] Resolve mutations for :app:checkDebugDuplicateClasses (Thread[#37328,Execution worker Thread 26,5,main]) started.
[        ] :app:checkDebugDuplicateClasses (Thread[#37328,Execution worker Thread 26,5,main]) started.
[        ] Resolve mutations for :app:desugarDebugFileDependencies (Thread[#37326,Execution worker Thread 24,5,main]) started.
[        ] :app:desugarDebugFileDependencies (Thread[#37326,Execution worker Thread 24,5,main]) started.
[        ] > Task :app:desugarDebugFileDependencies UP-TO-DATE
[        ] Caching disabled for task ':app:desugarDebugFileDependencies' because:
[        ]   Build cache is disabled
[        ] Skipping task ':app:desugarDebugFileDependencies' as it is up-to-date.
[        ] Resolve mutations for :connectivity_plus:bundleLibRuntimeToDirDebug (Thread[#37326,Execution worker Thread 24,5,main]) started.
[        ] :connectivity_plus:bundleLibRuntimeToDirDebug (Thread[#37326,Execution worker Thread 24,5,main]) started.
[        ] > Task :connectivity_plus:bundleLibRuntimeToDirDebug UP-TO-DATE
[        ] Caching disabled for task ':connectivity_plus:bundleLibRuntimeToDirDebug' because:
[        ]   Build cache is disabled
[        ]   Simple merging task
[        ] Skipping task ':connectivity_plus:bundleLibRuntimeToDirDebug' as it is up-to-date.
[        ] work action resolve bundleLibRuntimeToDirDebug (project :connectivity_plus) (Thread[#37326,Execution worker Thread 24,5,main]) started.
[        ] ClassesDirToClassesTransform (Thread[#37326,Execution worker Thread 24,5,main]) started.
[        ] Resolve mutations for :emoji_picker_flutter:bundleLibRuntimeToDirDebug (Thread[#37330,Execution worker Thread 28,5,main]) started.
[        ] :emoji_picker_flutter:bundleLibRuntimeToDirDebug (Thread[#37330,Execution worker Thread 28,5,main]) started.
[        ] DexingNoClasspathTransform (Thread[#37326,Execution worker Thread 24,5,main]) started.
[        ] > Task :emoji_picker_flutter:bundleLibRuntimeToDirDebug UP-TO-DATE
[        ] Caching disabled for task ':emoji_picker_flutter:bundleLibRuntimeToDirDebug' because:
[        ]   Build cache is disabled
[        ]   Simple merging task
[        ] Skipping task ':emoji_picker_flutter:bundleLibRuntimeToDirDebug' as it is up-to-date.
[        ] work action resolve bundleLibRuntimeToDirDebug (project :emoji_picker_flutter) (Thread[#37330,Execution worker Thread 28,5,main]) started.
[        ] ClassesDirToClassesTransform (Thread[#37330,Execution worker Thread 28,5,main]) started.
[        ] Resolve mutations for :file_selector_android:bundleLibRuntimeToDirDebug (Thread[#37304,Execution worker Thread 3,5,main]) started.
[        ] :file_selector_android:bundleLibRuntimeToDirDebug (Thread[#37304,Execution worker Thread 3,5,main]) started.
[        ] > Transform bundleLibRuntimeToDirDebug (project :connectivity_plus) with DexingNoClasspathTransform
[        ] Caching disabled for DexingNoClasspathTransform: /Users/florian/Code/substitution/build/connectivity_plus/intermediates/runtime_library_classes_dir/debug/bundleLibRuntimeToDirDebug because:
[        ]   Build cache is disabled
[        ] Skipping DexingNoClasspathTransform: /Users/florian/Code/substitution/build/connectivity_plus/intermediates/runtime_library_classes_dir/debug/bundleLibRuntimeToDirDebug as it is up-to-date.
[        ] DexingNoClasspathTransform (Thread[#37330,Execution worker Thread 28,5,main]) started.
[        ] > Transform bundleLibRuntimeToDirDebug (project :emoji_picker_flutter) with DexingNoClasspathTransform
[        ] Caching disabled for DexingNoClasspathTransform: /Users/florian/Code/substitution/build/emoji_picker_flutter/intermediates/runtime_library_classes_dir/debug/bundleLibRuntimeToDirDebug because:
[        ]   Build cache is disabled
[        ] Skipping DexingNoClasspathTransform: /Users/florian/Code/substitution/build/emoji_picker_flutter/intermediates/runtime_library_classes_dir/debug/bundleLibRuntimeToDirDebug as it is up-to-date.
[        ] > Task :file_selector_android:bundleLibRuntimeToDirDebug UP-TO-DATE
[        ] Caching disabled for task ':file_selector_android:bundleLibRuntimeToDirDebug' because:
[        ]   Build cache is disabled
[        ]   Simple merging task
[        ] Skipping task ':file_selector_android:bundleLibRuntimeToDirDebug' as it is up-to-date.
[        ] work action resolve bundleLibRuntimeToDirDebug (project :file_selector_android) (Thread[#37304,Execution worker Thread 3,5,main]) started.
[        ] ClassesDirToClassesTransform (Thread[#37304,Execution worker Thread 3,5,main]) started.
[        ] Resolve mutations for :flutter_keyboard_visibility_temp_fork:bundleLibRuntimeToDirDebug (Thread[#37306,Execution worker Thread 5,5,main]) started.
[        ] :flutter_keyboard_visibility_temp_fork:bundleLibRuntimeToDirDebug (Thread[#37306,Execution worker Thread 5,5,main]) started.
[        ] DexingNoClasspathTransform (Thread[#37304,Execution worker Thread 3,5,main]) started.
[        ] > Task :flutter_keyboard_visibility_temp_fork:bundleLibRuntimeToDirDebug UP-TO-DATE
[        ] Caching disabled for task ':flutter_keyboard_visibility_temp_fork:bundleLibRuntimeToDirDebug' because:
[        ]   Build cache is disabled
[        ]   Simple merging task
[        ] Skipping task ':flutter_keyboard_visibility_temp_fork:bundleLibRuntimeToDirDebug' as it is up-to-date.
[        ] work action resolve bundleLibRuntimeToDirDebug (project :flutter_keyboard_visibility_temp_fork) (Thread[#37306,Execution worker Thread 5,5,main]) started.
[        ] ClassesDirToClassesTransform (Thread[#37306,Execution worker Thread 5,5,main]) started.
[        ] Resolve mutations for :flutter_native_splash:bundleLibRuntimeToDirDebug (Thread[#37330,Execution worker Thread 28,5,main]) started.
[        ] :flutter_native_splash:bundleLibRuntimeToDirDebug (Thread[#37330,Execution worker Thread 28,5,main]) started.
[        ] DexingNoClasspathTransform (Thread[#37306,Execution worker Thread 5,5,main]) started.
[        ] > Transform bundleLibRuntimeToDirDebug (project :file_selector_android) with DexingNoClasspathTransform
[        ] Caching disabled for DexingNoClasspathTransform: /Users/florian/Code/substitution/build/file_selector_android/intermediates/runtime_library_classes_dir/debug/bundleLibRuntimeToDirDebug because:
[        ]   Build cache is disabled
[        ] Skipping DexingNoClasspathTransform: /Users/florian/Code/substitution/build/file_selector_android/intermediates/runtime_library_classes_dir/debug/bundleLibRuntimeToDirDebug as it is up-to-date.
[        ] > Transform bundleLibRuntimeToDirDebug (project :flutter_keyboard_visibility_temp_fork) with DexingNoClasspathTransform
[        ] Caching disabled for DexingNoClasspathTransform: /Users/florian/Code/substitution/build/flutter_keyboard_visibility_temp_fork/intermediates/runtime_library_classes_dir/debug/bundleLibRuntimeToDirDebug because:
[        ]   Build cache is disabled
[        ] Skipping DexingNoClasspathTransform: /Users/florian/Code/substitution/build/flutter_keyboard_visibility_temp_fork/intermediates/runtime_library_classes_dir/debug/bundleLibRuntimeToDirDebug as it is up-to-date.
[        ] > Task :flutter_native_splash:bundleLibRuntimeToDirDebug UP-TO-DATE
[        ] Caching disabled for task ':flutter_native_splash:bundleLibRuntimeToDirDebug' because:
[        ]   Build cache is disabled
[        ]   Simple merging task
[        ] Skipping task ':flutter_native_splash:bundleLibRuntimeToDirDebug' as it is up-to-date.
[        ] work action resolve bundleLibRuntimeToDirDebug (project :flutter_native_splash) (Thread[#37330,Execution worker Thread 28,5,main]) started.
[        ] ClassesDirToClassesTransform (Thread[#37330,Execution worker Thread 28,5,main]) started.
[        ] Resolve mutations for :flutter_olm:bundleLibRuntimeToDirDebug (Thread[#37320,Execution worker Thread 18,5,main]) started.
[        ] :flutter_olm:bundleLibRuntimeToDirDebug (Thread[#37320,Execution worker Thread 18,5,main]) started.
[        ] DexingNoClasspathTransform (Thread[#37330,Execution worker Thread 28,5,main]) started.
[        ] > Task :flutter_olm:bundleLibRuntimeToDirDebug UP-TO-DATE
[        ] Caching disabled for task ':flutter_olm:bundleLibRuntimeToDirDebug' because:
[        ]   Build cache is disabled
[        ]   Simple merging task
[        ] Skipping task ':flutter_olm:bundleLibRuntimeToDirDebug' as it is up-to-date.
[        ] work action resolve bundleLibRuntimeToDirDebug (project :flutter_olm) (Thread[#37320,Execution worker Thread 18,5,main]) started.
[        ] ClassesDirToClassesTransform (Thread[#37320,Execution worker Thread 18,5,main]) started.
[        ] Resolve mutations for :flutter_openssl_crypto:bundleLibRuntimeToDirDebug (Thread[#37301,included builds,5,main]) started.
[        ] :flutter_openssl_crypto:bundleLibRuntimeToDirDebug (Thread[#37301,included builds,5,main]) started.
[        ] DexingNoClasspathTransform (Thread[#37320,Execution worker Thread 18,5,main]) started.
[        ] > Transform bundleLibRuntimeToDirDebug (project :flutter_native_splash) with DexingNoClasspathTransform
[        ] Caching disabled for DexingNoClasspathTransform: /Users/florian/Code/substitution/build/flutter_native_splash/intermediates/runtime_library_classes_dir/debug/bundleLibRuntimeToDirDebug because:
[        ]   Build cache is disabled
[        ] Skipping DexingNoClasspathTransform: /Users/florian/Code/substitution/build/flutter_native_splash/intermediates/runtime_library_classes_dir/debug/bundleLibRuntimeToDirDebug as it is up-to-date.
[        ] > Task :flutter_openssl_crypto:bundleLibRuntimeToDirDebug UP-TO-DATE
[        ] Caching disabled for task ':flutter_openssl_crypto:bundleLibRuntimeToDirDebug' because:
[        ]   Build cache is disabled
[        ]   Simple merging task
[        ] Skipping task ':flutter_openssl_crypto:bundleLibRuntimeToDirDebug' as it is up-to-date.
[        ] work action resolve bundleLibRuntimeToDirDebug (project :flutter_openssl_crypto) (Thread[#37301,included builds,5,main]) started.
[        ] Resolve mutations for :integration_test:bundleLibRuntimeToDirDebug (Thread[#37313,Execution worker Thread 11,5,main]) started.
[        ] ClassesDirToClassesTransform (Thread[#37301,included builds,5,main]) started.
[        ] > Transform bundleLibRuntimeToDirDebug (project :flutter_olm) with DexingNoClasspathTransform
[        ] Caching disabled for DexingNoClasspathTransform: /Users/florian/Code/substitution/build/flutter_olm/intermediates/runtime_library_classes_dir/debug/bundleLibRuntimeToDirDebug because:
[        ]   Build cache is disabled
[        ] Skipping DexingNoClasspathTransform: /Users/florian/Code/substitution/build/flutter_olm/intermediates/runtime_library_classes_dir/debug/bundleLibRuntimeToDirDebug as it is up-to-date.
[        ] :integration_test:bundleLibRuntimeToDirDebug (Thread[#37313,Execution worker Thread 11,5,main]) started.
[        ] DexingNoClasspathTransform (Thread[#37301,included builds,5,main]) started.
[        ] > Task :integration_test:bundleLibRuntimeToDirDebug UP-TO-DATE
[        ] Caching disabled for task ':integration_test:bundleLibRuntimeToDirDebug' because:
[        ]   Build cache is disabled
[        ]   Simple merging task
[        ] Skipping task ':integration_test:bundleLibRuntimeToDirDebug' as it is up-to-date.
[        ] work action resolve bundleLibRuntimeToDirDebug (project :integration_test) (Thread[#37313,Execution worker Thread 11,5,main]) started.
[        ] > Task :app:checkDebugDuplicateClasses
[        ] Caching disabled for EnumerateClassesTransform: /Users/florian/.gradle/caches/8.12.1/transforms/7dc5ba890bdc13027ccdcc4c06f128f4/transformed/jetified-libs.jar because:
[        ]   Build cache is disabled
[        ] Caching disabled for task ':app:checkDebugDuplicateClasses' because:
[        ]   Build cache is disabled
[        ]   Caching has been disabled for the task
[        ] Task ':app:checkDebugDuplicateClasses' is not up-to-date because:
[        ]   Input property 'enumeratedClasses' file /Users/florian/.gradle/caches/8.12.1/transforms/f395657b0f8acc15afaece4a33e96925/transformed/jetified-armeabi_v7a_debug-1.0.0-587c18f873b8ab57330422bce09047420d9c7f42 has been removed.
[        ]   Input property 'enumeratedClasses' file /Users/florian/.gradle/caches/8.12.1/transforms/67dccda51e4425cc83308eaa79d0e041/transformed/jetified-x86_64_debug-1.0.0-587c18f873b8ab57330422bce09047420d9c7f42 has been removed.
[        ] > Transform bundleLibRuntimeToDirDebug (project :flutter_openssl_crypto) with DexingNoClasspathTransform
[        ] Caching disabled for DexingNoClasspathTransform: /Users/florian/Code/substitution/build/flutter_openssl_crypto/intermediates/runtime_library_classes_dir/debug/bundleLibRuntimeToDirDebug because:
[        ]   Build cache is disabled
[        ] Skipping DexingNoClasspathTransform: /Users/florian/Code/substitution/build/flutter_openssl_crypto/intermediates/runtime_library_classes_dir/debug/bundleLibRuntimeToDirDebug as it is up-to-date.
[        ] Resolve mutations for :app:mergeExtDexDebug (Thread[#37313,Execution worker Thread 11,5,main]) started.
[        ] ClassesDirToClassesTransform (Thread[#37301,included builds,5,main]) started.
[        ] :app:mergeExtDexDebug (Thread[#37313,Execution worker Thread 11,5,main]) started.
[        ] DexingNoClasspathTransform (Thread[#37301,included builds,5,main]) started.
[        ] > Task :app:compileDebugKotlin
[        ] Caching disabled for JetifyTransform: /Users/florian/Code/substitution/build/app/intermediates/flutter/debug/libs.jar because:
[        ]   Build cache is disabled
[        ] Caching disabled for IdentityTransform: /Users/florian/.gradle/caches/8.12.1/transforms/7dc5ba890bdc13027ccdcc4c06f128f4/transformed/jetified-libs.jar because:
[        ]   Build cache is disabled
[        ]   Caching not enabled.
[        ] Adding -Xuse-inline-scopes-numbers Kotlin compiler flag for task :app:compileDebugAndroidTestKotlin
[        ] Caching disabled for BuildToolsApiClasspathEntrySnapshotTransform: /Users/florian/.gradle/caches/8.12.1/transforms/7dc5ba890bdc13027ccdcc4c06f128f4/transformed/jetified-libs.jar because:
[        ]   Build cache is disabled
[        ] Caching disabled for task ':app:compileDebugKotlin' because:
[        ]   Build cache is disabled
[        ] Task ':app:compileDebugKotlin' is not up-to-date because:
[        ]   Input property 'classpathSnapshotProperties.classpathSnapshot' file /Users/florian/.gradle/caches/8.12.1/transforms/f3923cad9b87d3c4aaa3a96283efbb82/transformed/jetified-arm64_v8a_debug-1_0_0-587c18f873b8ab57330422bce09047420d9c7f42_jar-snapshot.bin has been removed.
[        ]   Input property 'classpathSnapshotProperties.classpathSnapshot' file /Users/florian/.gradle/caches/8.12.1/transforms/fb1dcbcbd06f44d31ee87d5babf36888/transformed/multidex-2_0_1-api_jar-snapshot.bin has been added.
[        ]   Input property 'classpathSnapshotProperties.classpathSnapshot' file /Users/florian/.gradle/caches/8.12.1/transforms/1b478403473308cbf2fecf863e003734/transformed/jetified-x86_64_debug-1_0_0-587c18f873b8ab57330422bce09047420d9c7f42_jar-snapshot.bin has been removed.
[        ]   and more...
[        ] file or directory '/Users/florian/Code/substitution/android/app/src/debug/kotlin', not found
[        ] file or directory '/Users/florian/Code/substitution/android/app/src/debug/java', not found
[        ] file or directory '/Users/florian/Code/substitution/android/app/src/debug/kotlin', not found
[        ] file or directory '/Users/florian/Code/substitution/android/app/src/debug/kotlin', not found
[        ] file or directory '/Users/florian/Code/substitution/android/app/src/debug/java', not found
[        ] file or directory '/Users/florian/Code/substitution/android/app/src/debug/java', not found
[        ] file or directory '/Users/florian/Code/substitution/android/app/src/debug/kotlin', not found
[        ] file or directory '/Users/florian/Code/substitution/android/app/src/debug/java', not found
[        ] file or directory '/Users/florian/Code/substitution/android/app/src/debug/kotlin', not found
[        ] file or directory '/Users/florian/Code/substitution/android/app/src/debug/kotlin', not found
[        ] file or directory '/Users/florian/Code/substitution/android/app/src/debug/java', not found
[        ] file or directory '/Users/florian/Code/substitution/android/app/src/debug/java', not found
[        ] file or directory '/Users/florian/Code/substitution/android/app/src/debug/kotlin', not found
[        ] file or directory '/Users/florian/Code/substitution/android/app/src/debug/java', not found
[        ] file or directory '/Users/florian/Code/substitution/android/app/src/debug/kotlin', not found
[        ] file or directory '/Users/florian/Code/substitution/android/app/src/debug/kotlin', not found
[        ] file or directory '/Users/florian/Code/substitution/android/app/src/debug/java', not found
[        ] file or directory '/Users/florian/Code/substitution/android/app/src/debug/java', not found
[        ] file or directory '/Users/florian/Code/substitution/android/app/src/debug/kotlin', not found
[        ] file or directory '/Users/florian/Code/substitution/android/app/src/debug/java', not found
[        ] file or directory '/Users/florian/Code/substitution/android/app/src/debug/kotlin', not found
[        ] file or directory '/Users/florian/Code/substitution/android/app/src/debug/kotlin', not found
[        ] file or directory '/Users/florian/Code/substitution/android/app/src/debug/java', not found
[        ] file or directory '/Users/florian/Code/substitution/android/app/src/debug/java', not found
[        ] Kotlin source files: /Users/florian/Code/substitution/android/app/src/main/kotlin/art/substitution/substitution/MainActivity.kt
[        ] Java source files: /Users/florian/Code/substitution/android/app/src/main/java/io/flutter/plugins/GeneratedPluginRegistrant.java
[        ] Script source files: 
[        ] Script file extensions: 
[        ] Using Kotlin/JVM incremental compilation
[        ] [KOTLIN] Kotlin compilation 'jdkHome' argument: null
[        ] Options for KOTLIN DAEMON: IncrementalCompilationOptions(super=CompilationOptions(compilerMode=INCREMENTAL_COMPILER, targetPlatform=JVM, reportCategories=[0, 3], reportSeverity=2, requestedCompilationResults=[0], kotlinScriptExtensions=[]), areFileChangesKnown=true, modifiedFiles=[/Users/florian/.gradle/caches/8.12.1/transforms/fb1dcbcbd06f44d31ee87d5babf36888/transformed/multidex-2_0_1-api_jar-snapshot.bin, /Users/florian/.gradle/caches/8.12.1/transforms/4e1fbd0a216ba42f2addfb90e7653829/transformed/jetified-annotations-23_0_0_jar-snapshot.bin, /Users/florian/.gradle/caches/8.12.1/transforms/7e568b50ea071a6859396e63c2aca927/transformed/jetified-listenablefuture-9999_0-empty-to-avoid-conflict-with-guava_jar-snapshot.bin, /Users/florian/.gradle/caches/8.12.1/transforms/be526072188910f57129ee657dcce8f7/transformed/jetified-startup-runtime-1_1_1-api_jar-snapshot.bin, /Users/florian/.gradle/caches/8.12.1/transforms/ce6833dc83e20b217d6f019583150e39/transformed/jetified-tracing-1_2_0-api_jar-snapshot.bin, /Users/florian/.gradle/caches/8.12.1/transforms/c8b608b4e2909063d6f70d23db8c65aa/transformed/jetified-jspecify-1_0_0_jar-snapshot.bin, /Users/florian/.gradle/caches/8.12.1/transforms/433a49eb3b173d76351945ffc8682830/transformed/jetified-relinker-1_4_5-api_jar-snapshot.bin, /Users/florian/.gradle/caches/8.12.1/transforms/24489735e3762b7d690ab74241185df9/transformed/jetified-junit-4_12_jar-snapshot.bin, /Users/florian/.gradle/caches/8.12.1/transforms/bab1c802aba4c897c04158c96175893a/transformed/jetified-hamcrest-integration-1_3_jar-snapshot.bin, /Users/florian/.gradle/caches/8.12.1/transforms/1b2f607cf84771e7930ca9792674ce47/transformed/jetified-hamcrest-library-1_3_jar-snapshot.bin, /Users/florian/.gradle/caches/8.12.1/transforms/10909af64aa4a665038d51b58dc937dd/transformed/jetified-hamcrest-core-1_3_jar-snapshot.bin, /Users/florian/.gradle/caches/8.12.1/transforms/3c2904ea0efcf8cb293321cff23a99e4/transformed/jetified-kxml2-2_3_0_jar-snapshot.bin, /Users/florian/.gradle/caches/8.12.1/transforms/61296c22cfb3e7994bef6f196bf1a648/transformed/espresso-idling-resource-3_2_0-api_jar-snapshot.bin, /Users/florian/.gradle/caches/8.12.1/transforms/96836eb97b6ebacecda5c2b9b651fb3c/transformed/jetified-javawriter-2_1_1_jar-snapshot.bin, /Users/florian/.gradle/caches/8.12.1/transforms/bd1d47cce984a7ea8e16bf22cae1d6a5/transformed/jetified-javax_inject-1_jar-snapshot.bin, /Users/florian/.gradle/caches/8.12.1/transforms/1c84afcfdee005c54f089a669c233001/transformed/jetified-jsr305-3_0_2_jar-snapshot.bin, /Users/florian/.gradle/caches/8.12.1/transforms/530b472905808df2aebdfb024afeac3e/transformed/android_jar-snapshot.bin, /Users/florian/.gradle/caches/8.12.1/transforms/a450c19129c4c484d603a5e6395cd949/transformed/core-lambda-stubs_jar-snapshot.bin], deletedFiles=[/Users/florian/.gradle/caches/8.12.1/transforms/f3923cad9b87d3c4aaa3a96283efbb82/transformed/jetified-arm64_v8a_debug-1_0_0-587c18f873b8ab57330422bce09047420d9c7f42_jar-snapshot.bin, /Users/florian/.gradle/caches/8.12.1/transforms/1b478403473308cbf2fecf863e003734/transformed/jetified-x86_64_debug-1_0_0-587c18f873b8ab57330422bce09047420d9c7f42_jar-snapshot.bin, /Users/florian/.gradle/caches/8.12.1/transforms/fb1dcbcbd06f44d31ee87d5babf36888/transformed/multidex-2_0_1-api_jar-snapshot.bin, /Users/florian/.gradle/caches/8.12.1/transforms/4e1fbd0a216ba42f2addfb90e7653829/transformed/jetified-annotations-23_0_0_jar-snapshot.bin, /Users/florian/.gradle/caches/8.12.1/transforms/7e568b50ea071a6859396e63c2aca927/transformed/jetified-listenablefuture-9999_0-empty-to-avoid-conflict-with-guava_jar-snapshot.bin, /Users/florian/.gradle/caches/8.12.1/transforms/be526072188910f57129ee657dcce8f7/transformed/jetified-startup-runtime-1_1_1-api_jar-snapshot.bin, /Users/florian/.gradle/caches/8.12.1/transforms/ce6833dc83e20b217d6f019583150e39/transformed/jetified-tracing-1_2_0-api_jar-snapshot.bin, /Users/florian/.gradle/caches/8.12.1/transforms/c8b608b4e2909063d6f70d23db8c65aa/transformed/jetified-jspecify-1_0_0_jar-snapshot.bin, /Users/florian/.gradle/caches/8.12.1/transforms/433a49eb3b173d76351945ffc8682830/transformed/jetified-relinker-1_4_5-api_jar-snapshot.bin, /Users/florian/.gradle/caches/8.12.1/transforms/24489735e3762b7d690ab74241185df9/transformed/jetified-junit-4_12_jar-snapshot.bin, /Users/florian/.gradle/caches/8.12.1/transforms/bab1c802aba4c897c04158c96175893a/transformed/jetified-hamcrest-integration-1_3_jar-snapshot.bin, /Users/florian/.gradle/caches/8.12.1/transforms/1b2f607cf84771e7930ca9792674ce47/transformed/jetified-hamcrest-library-1_3_jar-snapshot.bin, /Users/florian/.gradle/caches/8.12.1/transforms/10909af64aa4a665038d51b58dc937dd/transformed/jetified-hamcrest-core-1_3_jar-snapshot.bin, /Users/florian/.gradle/caches/8.12.1/transforms/3c2904ea0efcf8cb293321cff23a99e4/transformed/jetified-kxml2-2_3_0_jar-snapshot.bin, /Users/florian/.gradle/caches/8.12.1/transforms/61296c22cfb3e7994bef6f196bf1a648/transformed/espresso-idling-resource-3_2_0-api_jar-snapshot.bin, /Users/florian/.gradle/caches/8.12.1/transforms/96836eb97b6ebacecda5c2b9b651fb3c/transformed/jetified-javawriter-2_1_1_jar-snapshot.bin, /Users/florian/.gradle/caches/8.12.1/transforms/bd1d47cce984a7ea8e16bf22cae1d6a5/transformed/jetified-javax_inject-1_jar-snapshot.bin, /Users/florian/.gradle/caches/8.12.1/transforms/1c84afcfdee005c54f089a669c233001/transformed/jetified-jsr305-3_0_2_jar-snapshot.bin, /Users/florian/.gradle/caches/8.12.1/transforms/530b472905808df2aebdfb024afeac3e/transformed/android_jar-snapshot.bin, /Users/florian/.gradle/caches/8.12.1/transforms/a450c19129c4c484d603a5e6395cd949/transformed/core-lambda-stubs_jar-snapshot.bin], classpathChanges=ToBeComputedByIncrementalCompiler, workingDir=/Users/florian/Code/substitution/build/app/kotlin/compileDebugKotlin/cacheable, multiModuleICSettings=MultiModuleICSettings(buildHistoryFile=/Users/florian/Code/substitution/build/app/kotlin/compileDebugKotlin/local-state/build-history.bin, useModuleDetection=true), usePreciseJavaTracking=true, icFeatures=IncrementalCompilationFeatures(withAbiSnapshot=false, preciseCompilationResultsBackup=true, keepIncrementalCompilationCachesInMemory=true, enableUnsafeIncrementalCompilationForMultiplatform=false), outputFiles=[/Users/florian/Code/substitution/build/app/tmp/kotlin-classes/debug, /Users/florian/Code/substitution/build/app/kotlin/compileDebugKotlin/cacheable, /Users/florian/Code/substitution/build/app/kotlin/compileDebugKotlin/local-state])
[        ] Finished executing kotlin compiler using DAEMON strategy
[        ] > Transform bundleLibRuntimeToDirDebug (project :integration_test) with DexingNoClasspathTransform
[        ] Caching disabled for DexingNoClasspathTransform: /Users/florian/Code/substitution/build/integration_test/intermediates/runtime_library_classes_dir/debug/bundleLibRuntimeToDirDebug because:
[        ]   Build cache is disabled
[        ] Skipping DexingNoClasspathTransform: /Users/florian/Code/substitution/build/integration_test/intermediates/runtime_library_classes_dir/debug/bundleLibRuntimeToDirDebug as it is up-to-date.
[        ] > Task :app:mergeExtDexDebug UP-TO-DATE
[        ] Caching disabled for task ':app:mergeExtDexDebug' because:
[        ]   Build cache is disabled
[        ] Skipping task ':app:mergeExtDexDebug' as it is up-to-date.
[        ] Resolve mutations for :app:compileDebugJavaWithJavac (Thread[#37313,Execution worker Thread 11,5,main]) started.
[        ] :app:compileDebugJavaWithJavac (Thread[#37313,Execution worker Thread 11,5,main]) started.
[        ] > Task :app:compileDebugJavaWithJavac UP-TO-DATE
[        ] Custom actions are attached to task ':app:compileDebugJavaWithJavac'.
[        ] Caching disabled for task ':app:compileDebugJavaWithJavac' because:
[        ]   Build cache is disabled
[        ] Task ':app:compileDebugJavaWithJavac' is not up-to-date because:
[        ]   Input property 'classpath' file /Users/florian/.gradle/caches/8.12.1/transforms/7ba8537b40e84a67b199858e3a4d4f31/transformed/jetified-arm64_v8a_debug-1.0.0-587c18f873b8ab57330422bce09047420d9c7f42.jar has been removed.
[        ]   Input property 'classpath' file /Users/florian/.gradle/caches/8.12.1/transforms/63a771c56e62baf1ad9a309d75e362b5/transformed/multidex-2.0.1-api.jar has been added.
[        ]   Input property 'classpath' file /Users/florian/.gradle/caches/8.12.1/transforms/93335927a1d1c39897216a4c3dc0cc26/transformed/jetified-x86_64_debug-1.0.0-587c18f873b8ab57330422bce09047420d9c7f42.jar has been removed.
[        ]   and more...
[        ] Java compiler version 21 has deprecated support for compiling with source/target version 8.
[        ] Try one of the following options:
[        ]     1. [Recommended] Use Java toolchain with a lower language version
[        ]     2. Set a higher source/target version
[        ]     3. Use a lower version of the JDK running the build (if you're not using Java toolchain)
[        ] For more details on how to configure these settings, see https://developer.android.com/build/jdks.
[        ] To suppress this warning, set android.javaCompile.suppressSourceTargetDeprecationWarning=true in gradle.properties.
[        ] Compilation mode: in-process compilation
[        ] Created classpath snapshot for incremental compilation in 0.003 secs.
[        ] None of the classes needs to be compiled! Analysis took 0.005 secs. 
[        ] Resolve mutations for :app:processDebugJavaRes (Thread[#37313,Execution worker Thread 11,5,main]) started.
[        ] :app:processDebugJavaRes (Thread[#37313,Execution worker Thread 11,5,main]) started.
[        ] > Task :app:processDebugJavaRes UP-TO-DATE
[        ] file or directory '/Users/florian/Code/substitution/android/app/src/main/resources', not found
[        ] file or directory '/Users/florian/Code/substitution/android/app/src/debug/resources', not found
[        ] file or directory '/Users/florian/Code/substitution/android/app/src/main/resources', not found
[        ] file or directory '/Users/florian/Code/substitution/android/app/src/debug/resources', not found
[        ] Caching disabled for task ':app:processDebugJavaRes' because:
[        ]   Build cache is disabled
[        ]   Caching has been disabled for the task
[        ] Skipping task ':app:processDebugJavaRes' as it is up-to-date.
[        ] Resolve mutations for :app:mergeDebugJavaResource (Thread[#37313,Execution worker Thread 11,5,main]) started.
[        ] :app:mergeDebugJavaResource (Thread[#37313,Execution worker Thread 11,5,main]) started.
[        ] Resolve mutations for :path_provider_android:bundleLibRuntimeToDirDebug (Thread[#37305,Execution worker Thread 4,5,main]) started.
[        ] :path_provider_android:bundleLibRuntimeToDirDebug (Thread[#37305,Execution worker Thread 4,5,main]) started.
[        ] > Task :path_provider_android:bundleLibRuntimeToDirDebug UP-TO-DATE
[        ] Caching disabled for task ':path_provider_android:bundleLibRuntimeToDirDebug' because:
[        ]   Build cache is disabled
[        ]   Simple merging task
[        ] Skipping task ':path_provider_android:bundleLibRuntimeToDirDebug' as it is up-to-date.
[        ] work action resolve bundleLibRuntimeToDirDebug (project :path_provider_android) (Thread[#37305,Execution worker Thread 4,5,main]) started.
[        ] ClassesDirToClassesTransform (Thread[#37305,Execution worker Thread 4,5,main]) started.
[        ] Resolve mutations for :quill_native_bridge_android:bundleLibRuntimeToDirDebug (Thread[#37321,Execution worker Thread 19,5,main]) started.
[        ] :quill_native_bridge_android:bundleLibRuntimeToDirDebug (Thread[#37321,Execution worker Thread 19,5,main]) started.
[        ] DexingNoClasspathTransform (Thread[#37305,Execution worker Thread 4,5,main]) started.
[        ] > Transform bundleLibRuntimeToDirDebug (project :path_provider_android) with DexingNoClasspathTransform
[        ] Caching disabled for DexingNoClasspathTransform: /Users/florian/Code/substitution/build/path_provider_android/intermediates/runtime_library_classes_dir/debug/bundleLibRuntimeToDirDebug because:
[        ]   Build cache is disabled
[        ] Skipping DexingNoClasspathTransform: /Users/florian/Code/substitution/build/path_provider_android/intermediates/runtime_library_classes_dir/debug/bundleLibRuntimeToDirDebug as it is up-to-date.
[        ] > Task :quill_native_bridge_android:bundleLibRuntimeToDirDebug UP-TO-DATE
[        ] Caching disabled for task ':quill_native_bridge_android:bundleLibRuntimeToDirDebug' because:
[        ]   Build cache is disabled
[        ]   Simple merging task
[        ] Skipping task ':quill_native_bridge_android:bundleLibRuntimeToDirDebug' as it is up-to-date.
[        ] work action resolve bundleLibRuntimeToDirDebug (project :quill_native_bridge_android) (Thread[#37321,Execution worker Thread 19,5,main]) started.
[        ] ClassesDirToClassesTransform (Thread[#37321,Execution worker Thread 19,5,main]) started.
[        ] Resolve mutations for :shared_preferences_android:bundleLibRuntimeToDirDebug (Thread[#37329,Execution worker Thread 27,5,main]) started.
[        ] :shared_preferences_android:bundleLibRuntimeToDirDebug (Thread[#37329,Execution worker Thread 27,5,main]) started.
[        ] DexingNoClasspathTransform (Thread[#37321,Execution worker Thread 19,5,main]) started.
[        ] > Transform bundleLibRuntimeToDirDebug (project :quill_native_bridge_android) with DexingNoClasspathTransform
[        ] Caching disabled for DexingNoClasspathTransform: /Users/florian/Code/substitution/build/quill_native_bridge_android/intermediates/runtime_library_classes_dir/debug/bundleLibRuntimeToDirDebug because:
[        ]   Build cache is disabled
[        ] Skipping DexingNoClasspathTransform: /Users/florian/Code/substitution/build/quill_native_bridge_android/intermediates/runtime_library_classes_dir/debug/bundleLibRuntimeToDirDebug as it is up-to-date.
[        ] > Task :shared_preferences_android:bundleLibRuntimeToDirDebug UP-TO-DATE
[        ] Caching disabled for task ':shared_preferences_android:bundleLibRuntimeToDirDebug' because:
[        ]   Build cache is disabled
[        ]   Simple merging task
[        ] Skipping task ':shared_preferences_android:bundleLibRuntimeToDirDebug' as it is up-to-date.
[        ] work action resolve bundleLibRuntimeToDirDebug (project :shared_preferences_android) (Thread[#37329,Execution worker Thread 27,5,main]) started.
[        ] ClassesDirToClassesTransform (Thread[#37329,Execution worker Thread 27,5,main]) started.
[        ] Resolve mutations for :sqflite_android:bundleLibRuntimeToDirDebug (Thread[#37312,Execution worker Thread 10,5,main]) started.
[        ] DexingNoClasspathTransform (Thread[#37329,Execution worker Thread 27,5,main]) started.
[        ] :sqflite_android:bundleLibRuntimeToDirDebug (Thread[#37312,Execution worker Thread 10,5,main]) started.
[        ] > Task :sqflite_android:bundleLibRuntimeToDirDebug UP-TO-DATE
[        ] Caching disabled for task ':sqflite_android:bundleLibRuntimeToDirDebug' because:
[        ]   Build cache is disabled
[        ]   Simple merging task
[        ] Skipping task ':sqflite_android:bundleLibRuntimeToDirDebug' as it is up-to-date.
[        ] work action resolve bundleLibRuntimeToDirDebug (project :sqflite_android) (Thread[#37312,Execution worker Thread 10,5,main]) started.
[        ] ClassesDirToClassesTransform (Thread[#37312,Execution worker Thread 10,5,main]) started.
[        ] Resolve mutations for :url_launcher_android:bundleLibRuntimeToDirDebug (Thread[#37307,Execution worker Thread 6,5,main]) started.
[        ] > Transform bundleLibRuntimeToDirDebug (project :shared_preferences_android) with DexingNoClasspathTransform
[        ] Caching disabled for DexingNoClasspathTransform: /Users/florian/Code/substitution/build/shared_preferences_android/intermediates/runtime_library_classes_dir/debug/bundleLibRuntimeToDirDebug because:
[        ]   Build cache is disabled
[        ] Skipping DexingNoClasspathTransform: /Users/florian/Code/substitution/build/shared_preferences_android/intermediates/runtime_library_classes_dir/debug/bundleLibRuntimeToDirDebug as it is up-to-date.
[        ] :url_launcher_android:bundleLibRuntimeToDirDebug (Thread[#37307,Execution worker Thread 6,5,main]) started.
[        ] DexingNoClasspathTransform (Thread[#37312,Execution worker Thread 10,5,main]) started.
[        ] > Task :url_launcher_android:bundleLibRuntimeToDirDebug UP-TO-DATE
[        ] Caching disabled for task ':url_launcher_android:bundleLibRuntimeToDirDebug' because:
[        ]   Build cache is disabled
[        ]   Simple merging task
[        ] Skipping task ':url_launcher_android:bundleLibRuntimeToDirDebug' as it is up-to-date.
[        ] work action resolve bundleLibRuntimeToDirDebug (project :url_launcher_android) (Thread[#37307,Execution worker Thread 6,5,main]) started.
[        ] > Transform bundleLibRuntimeToDirDebug (project :sqflite_android) with DexingNoClasspathTransform
[        ] Caching disabled for DexingNoClasspathTransform: /Users/florian/Code/substitution/build/sqflite_android/intermediates/runtime_library_classes_dir/debug/bundleLibRuntimeToDirDebug because:
[        ]   Build cache is disabled
[        ] Skipping DexingNoClasspathTransform: /Users/florian/Code/substitution/build/sqflite_android/intermediates/runtime_library_classes_dir/debug/bundleLibRuntimeToDirDebug as it is up-to-date.
[        ] ClassesDirToClassesTransform (Thread[#37307,Execution worker Thread 6,5,main]) started.
[        ] Resolve mutations for :video_player_android:bundleLibRuntimeToDirDebug (Thread[#37312,Execution worker Thread 10,5,main]) started.
[        ] :video_player_android:bundleLibRuntimeToDirDebug (Thread[#37312,Execution worker Thread 10,5,main]) started.
[        ] DexingNoClasspathTransform (Thread[#37307,Execution worker Thread 6,5,main]) started.
[        ] > Transform bundleLibRuntimeToDirDebug (project :url_launcher_android) with DexingNoClasspathTransform
[        ] Caching disabled for DexingNoClasspathTransform: /Users/florian/Code/substitution/build/url_launcher_android/intermediates/runtime_library_classes_dir/debug/bundleLibRuntimeToDirDebug because:
[        ]   Build cache is disabled
[        ] Skipping DexingNoClasspathTransform: /Users/florian/Code/substitution/build/url_launcher_android/intermediates/runtime_library_classes_dir/debug/bundleLibRuntimeToDirDebug as it is up-to-date.
[        ] > Task :video_player_android:bundleLibRuntimeToDirDebug UP-TO-DATE
[        ] Caching disabled for task ':video_player_android:bundleLibRuntimeToDirDebug' because:
[        ]   Build cache is disabled
[        ]   Simple merging task
[   +1 ms] Skipping task ':video_player_android:bundleLibRuntimeToDirDebug' as it is up-to-date.
[        ] work action resolve bundleLibRuntimeToDirDebug (project :video_player_android) (Thread[#37312,Execution worker Thread 10,5,main]) started.
[        ] ClassesDirToClassesTransform (Thread[#37312,Execution worker Thread 10,5,main]) started.
[        ] Resolve mutations for :app:dexBuilderDebug (Thread[#37303,Execution worker Thread 2,5,main]) started.
[        ] :app:dexBuilderDebug (Thread[#37303,Execution worker Thread 2,5,main]) started.
[        ] DexingNoClasspathTransform (Thread[#37312,Execution worker Thread 10,5,main]) started.
[        ] > Task :app:dexBuilderDebug UP-TO-DATE
[        ] Caching disabled for task ':app:dexBuilderDebug' because:
[        ]   Build cache is disabled
[        ] Skipping task ':app:dexBuilderDebug' as it is up-to-date.
[        ] Resolve mutations for :app:mergeProjectDexDebug (Thread[#37303,Execution worker Thread 2,5,main]) started.
[        ] > Transform bundleLibRuntimeToDirDebug (project :video_player_android) with DexingNoClasspathTransform
[        ] Caching disabled for DexingNoClasspathTransform: /Users/florian/Code/substitution/build/video_player_android/intermediates/runtime_library_classes_dir/debug/bundleLibRuntimeToDirDebug because:
[        ]   Build cache is disabled
[        ] Skipping DexingNoClasspathTransform: /Users/florian/Code/substitution/build/video_player_android/intermediates/runtime_library_classes_dir/debug/bundleLibRuntimeToDirDebug as it is up-to-date.
[        ] Resolve mutations for :app:mergeLibDexDebug (Thread[#37303,Execution worker Thread 2,5,main]) started.
[        ] :app:mergeLibDexDebug (Thread[#37303,Execution worker Thread 2,5,main]) started.
[        ] > Task :app:mergeLibDexDebug UP-TO-DATE
[        ] Caching disabled for task ':app:mergeLibDexDebug' because:
[        ]   Build cache is disabled
[        ] Skipping task ':app:mergeLibDexDebug' as it is up-to-date.
[        ] :app:mergeProjectDexDebug (Thread[#37303,Execution worker Thread 2,5,main]) started.
[        ] > Task :app:mergeProjectDexDebug UP-TO-DATE
[        ] Caching disabled for task ':app:mergeProjectDexDebug' because:
[        ]   Build cache is disabled
[        ] Skipping task ':app:mergeProjectDexDebug' as it is up-to-date.
[        ] Resolve mutations for :app:configureCMakeDebug[arm64-v8a] (Thread[#37303,Execution worker Thread 2,5,main]) started.
[        ] :app:configureCMakeDebug[arm64-v8a] (Thread[#37303,Execution worker Thread 2,5,main]) started.
[        ] > Task :app:configureCMakeDebug[arm64-v8a]
[        ] Caching disabled for task ':app:configureCMakeDebug[arm64-v8a]' because:
[        ]   Build cache is disabled
[        ]   Caching has been disabled for the task
[        ] Task ':app:configureCMakeDebug[arm64-v8a]' is not up-to-date because:
[        ]   Task.upToDateWhen is false.
[        ] C/C++: /opt/homebrew/share/flutter/packages/flutter_tools/gradle/src/main/scripts/CMakeLists.txt debug|arm64-v8a : Start JSON generation. Platform version: 24 min SDK version: arm64-v8a
[        ] C/C++: /opt/homebrew/share/flutter/packages/flutter_tools/gradle/src/main/scripts/CMakeLists.txt debug|arm64-v8a : JSON '/Users/florian/Code/substitution/build/.cxx/debug/x6546535/arm64-v8a/android_gradle_build.json' was up-to-date
[        ] C/C++: /opt/homebrew/share/flutter/packages/flutter_tools/gradle/src/main/scripts/CMakeLists.txt debug|arm64-v8a : JSON generation completed without problems
[        ] C/C++: /opt/homebrew/share/flutter/packages/flutter_tools/gradle/src/main/scripts/CMakeLists.txt debug|arm64-v8a : Writing build model to /Users/florian/Code/substitution/build/app/intermediates/cxx/debug/x6546535/logs/arm64-v8a/build_model.json
[        ] Resolve mutations for :app:buildCMakeDebug[arm64-v8a] (Thread[#37303,Execution worker Thread 2,5,main]) started.
[        ] :app:buildCMakeDebug[arm64-v8a] (Thread[#37303,Execution worker Thread 2,5,main]) started.
[        ] > Task :app:buildCMakeDebug[arm64-v8a]
[        ] Caching disabled for task ':app:buildCMakeDebug[arm64-v8a]' because:
[        ]   Build cache is disabled
[        ]   Caching has been disabled for the task
[        ] Task ':app:buildCMakeDebug[arm64-v8a]' is not up-to-date because:
[        ]   Task.upToDateWhen is false.
[        ] C/C++: starting build
[        ] C/C++: reading expected JSONs
[        ] C/C++: done reading expected JSONs
[        ] C/C++: executing build commands for targets that produce .so files or executables
[        ] C/C++: evaluate miniconfig
[        ] C/C++: no libraries
[        ] Resolve mutations for :app:configureCMakeDebug[armeabi-v7a] (Thread[#37303,Execution worker Thread 2,5,main]) started.
[        ] :app:configureCMakeDebug[armeabi-v7a] (Thread[#37303,Execution worker Thread 2,5,main]) started.
[        ] > Task :app:configureCMakeDebug[armeabi-v7a]
[        ] Caching disabled for task ':app:configureCMakeDebug[armeabi-v7a]' because:
[        ]   Build cache is disabled
[        ]   Caching has been disabled for the task
[        ] Task ':app:configureCMakeDebug[armeabi-v7a]' is not up-to-date because:
[        ]   Task.upToDateWhen is false.
[        ] C/C++: /opt/homebrew/share/flutter/packages/flutter_tools/gradle/src/main/scripts/CMakeLists.txt debug|armeabi-v7a : Start JSON generation. Platform version: 24 min SDK version: armeabi-v7a
[        ] C/C++: /opt/homebrew/share/flutter/packages/flutter_tools/gradle/src/main/scripts/CMakeLists.txt debug|armeabi-v7a : JSON '/Users/florian/Code/substitution/build/.cxx/debug/x6546535/armeabi-v7a/android_gradle_build.json' was up-to-date
[        ] C/C++: /opt/homebrew/share/flutter/packages/flutter_tools/gradle/src/main/scripts/CMakeLists.txt debug|armeabi-v7a : JSON generation completed without problems
[        ] C/C++: /opt/homebrew/share/flutter/packages/flutter_tools/gradle/src/main/scripts/CMakeLists.txt debug|armeabi-v7a : Writing build model to /Users/florian/Code/substitution/build/app/intermediates/cxx/debug/x6546535/logs/armeabi-v7a/build_model.json
[        ] Resolve mutations for :app:buildCMakeDebug[armeabi-v7a] (Thread[#37303,Execution worker Thread 2,5,main]) started.
[        ] :app:buildCMakeDebug[armeabi-v7a] (Thread[#37303,Execution worker Thread 2,5,main]) started.
[        ] > Task :app:buildCMakeDebug[armeabi-v7a]
[        ] Caching disabled for task ':app:buildCMakeDebug[armeabi-v7a]' because:
[        ]   Build cache is disabled
[        ]   Caching has been disabled for the task
[        ] Task ':app:buildCMakeDebug[armeabi-v7a]' is not up-to-date because:
[        ]   Task.upToDateWhen is false.
[        ] C/C++: starting build
[        ] C/C++: reading expected JSONs
[        ] C/C++: done reading expected JSONs
[        ] C/C++: executing build commands for targets that produce .so files or executables
[        ] C/C++: evaluate miniconfig
[        ] C/C++: no libraries
[        ] Resolve mutations for :app:configureCMakeDebug[x86_64] (Thread[#37303,Execution worker Thread 2,5,main]) started.
[        ] :app:configureCMakeDebug[x86_64] (Thread[#37303,Execution worker Thread 2,5,main]) started.
[        ] > Task :app:configureCMakeDebug[x86_64]
[        ] Caching disabled for task ':app:configureCMakeDebug[x86_64]' because:
[        ]   Build cache is disabled
[        ]   Caching has been disabled for the task
[        ] Task ':app:configureCMakeDebug[x86_64]' is not up-to-date because:
[        ]   Task.upToDateWhen is false.
[        ] C/C++: /opt/homebrew/share/flutter/packages/flutter_tools/gradle/src/main/scripts/CMakeLists.txt debug|x86_64 : Start JSON generation. Platform version: 24 min SDK version: x86_64
[        ] C/C++: /opt/homebrew/share/flutter/packages/flutter_tools/gradle/src/main/scripts/CMakeLists.txt debug|x86_64 : JSON '/Users/florian/Code/substitution/build/.cxx/debug/x6546535/x86_64/android_gradle_build.json' was up-to-date
[        ] C/C++: /opt/homebrew/share/flutter/packages/flutter_tools/gradle/src/main/scripts/CMakeLists.txt debug|x86_64 : JSON generation completed without problems
[        ] C/C++: /opt/homebrew/share/flutter/packages/flutter_tools/gradle/src/main/scripts/CMakeLists.txt debug|x86_64 : Writing build model to /Users/florian/Code/substitution/build/app/intermediates/cxx/debug/x6546535/logs/x86_64/build_model.json
[        ] Resolve mutations for :app:buildCMakeDebug[x86_64] (Thread[#37303,Execution worker Thread 2,5,main]) started.
[        ] :app:buildCMakeDebug[x86_64] (Thread[#37303,Execution worker Thread 2,5,main]) started.
[        ] > Task :app:buildCMakeDebug[x86_64]
[        ] Caching disabled for task ':app:buildCMakeDebug[x86_64]' because:
[        ]   Build cache is disabled
[        ]   Caching has been disabled for the task
[        ] Task ':app:buildCMakeDebug[x86_64]' is not up-to-date because:
[        ]   Task.upToDateWhen is false.
[        ] C/C++: starting build
[        ] C/C++: reading expected JSONs
[        ] C/C++: done reading expected JSONs
[        ] C/C++: executing build commands for targets that produce .so files or executables
[        ] C/C++: evaluate miniconfig
[        ] C/C++: no libraries
[        ] Resolve mutations for :app:mergeDebugJniLibFolders (Thread[#37303,Execution worker Thread 2,5,main]) started.
[        ] :app:mergeDebugJniLibFolders (Thread[#37303,Execution worker Thread 2,5,main]) started.
[        ] > Task :app:mergeDebugJniLibFolders UP-TO-DATE
[        ] Caching disabled for task ':app:mergeDebugJniLibFolders' because:
[        ]   Build cache is disabled
[        ]   Simple merging task
[        ] Skipping task ':app:mergeDebugJniLibFolders' as it is up-to-date.
[        ] Resolve mutations for :connectivity_plus:mergeDebugJniLibFolders (Thread[#37303,Execution worker Thread 2,5,main]) started.
[        ] :connectivity_plus:mergeDebugJniLibFolders (Thread[#37303,Execution worker Thread 2,5,main]) started.
[        ] > Task :connectivity_plus:mergeDebugJniLibFolders UP-TO-DATE
[        ] Caching disabled for task ':connectivity_plus:mergeDebugJniLibFolders' because:
[        ]   Build cache is disabled
[        ]   Simple merging task
[        ] Skipping task ':connectivity_plus:mergeDebugJniLibFolders' as it is up-to-date.
[        ] Resolve mutations for :connectivity_plus:mergeDebugNativeLibs (Thread[#37303,Execution worker Thread 2,5,main]) started.
[        ] :connectivity_plus:mergeDebugNativeLibs (Thread[#37303,Execution worker Thread 2,5,main]) started.
[        ] > Task :connectivity_plus:mergeDebugNativeLibs NO-SOURCE
[        ] Skipping task ':connectivity_plus:mergeDebugNativeLibs' as it has no source files and no previous output files.
[        ] Resolve mutations for :connectivity_plus:copyDebugJniLibsProjectOnly (Thread[#37303,Execution worker Thread 2,5,main]) started.
[        ] :connectivity_plus:copyDebugJniLibsProjectOnly (Thread[#37303,Execution worker Thread 2,5,main]) started.
[        ] > Task :connectivity_plus:copyDebugJniLibsProjectOnly UP-TO-DATE
[        ] Caching disabled for task ':connectivity_plus:copyDebugJniLibsProjectOnly' because:
[        ]   Build cache is disabled
[        ]   Caching has been disabled for the task
[        ] Skipping task ':connectivity_plus:copyDebugJniLibsProjectOnly' as it is up-to-date.
[        ] work action resolve jni (project :connectivity_plus) (Thread[#37303,Execution worker Thread 2,5,main]) started.
[        ] Resolve mutations for :emoji_picker_flutter:mergeDebugJniLibFolders (Thread[#37303,Execution worker Thread 2,5,main]) started.
[        ] :emoji_picker_flutter:mergeDebugJniLibFolders (Thread[#37303,Execution worker Thread 2,5,main]) started.
[        ] > Task :emoji_picker_flutter:mergeDebugJniLibFolders UP-TO-DATE
[        ] Caching disabled for task ':emoji_picker_flutter:mergeDebugJniLibFolders' because:
[        ]   Build cache is disabled
[        ]   Simple merging task
[        ] Skipping task ':emoji_picker_flutter:mergeDebugJniLibFolders' as it is up-to-date.
[        ] Resolve mutations for :emoji_picker_flutter:mergeDebugNativeLibs (Thread[#37303,Execution worker Thread 2,5,main]) started.
[        ] :emoji_picker_flutter:mergeDebugNativeLibs (Thread[#37303,Execution worker Thread 2,5,main]) started.
[        ] > Task :emoji_picker_flutter:mergeDebugNativeLibs NO-SOURCE
[        ] Skipping task ':emoji_picker_flutter:mergeDebugNativeLibs' as it has no source files and no previous output files.
[        ] Resolve mutations for :emoji_picker_flutter:copyDebugJniLibsProjectOnly (Thread[#37303,Execution worker Thread 2,5,main]) started.
[        ] :emoji_picker_flutter:copyDebugJniLibsProjectOnly (Thread[#37303,Execution worker Thread 2,5,main]) started.
[        ] > Task :emoji_picker_flutter:copyDebugJniLibsProjectOnly UP-TO-DATE
[        ] Caching disabled for task ':emoji_picker_flutter:copyDebugJniLibsProjectOnly' because:
[        ]   Build cache is disabled
[        ]   Caching has been disabled for the task
[        ] Skipping task ':emoji_picker_flutter:copyDebugJniLibsProjectOnly' as it is up-to-date.
[        ] work action resolve jni (project :emoji_picker_flutter) (Thread[#37303,Execution worker Thread 2,5,main]) started.
[        ] Resolve mutations for :file_selector_android:mergeDebugJniLibFolders (Thread[#37303,Execution worker Thread 2,5,main]) started.
[        ] :file_selector_android:mergeDebugJniLibFolders (Thread[#37303,Execution worker Thread 2,5,main]) started.
[        ] > Task :file_selector_android:mergeDebugJniLibFolders UP-TO-DATE
[        ] Caching disabled for task ':file_selector_android:mergeDebugJniLibFolders' because:
[        ]   Build cache is disabled
[        ]   Simple merging task
[        ] Skipping task ':file_selector_android:mergeDebugJniLibFolders' as it is up-to-date.
[        ] Resolve mutations for :file_selector_android:mergeDebugNativeLibs (Thread[#37303,Execution worker Thread 2,5,main]) started.
[        ] :file_selector_android:mergeDebugNativeLibs (Thread[#37303,Execution worker Thread 2,5,main]) started.
[        ] > Task :file_selector_android:mergeDebugNativeLibs NO-SOURCE
[        ] Skipping task ':file_selector_android:mergeDebugNativeLibs' as it has no source files and no previous output files.
[        ] Resolve mutations for :file_selector_android:copyDebugJniLibsProjectOnly (Thread[#37303,Execution worker Thread 2,5,main]) started.
[        ] :file_selector_android:copyDebugJniLibsProjectOnly (Thread[#37303,Execution worker Thread 2,5,main]) started.
[        ] > Task :file_selector_android:copyDebugJniLibsProjectOnly UP-TO-DATE
[        ] Caching disabled for task ':file_selector_android:copyDebugJniLibsProjectOnly' because:
[        ]   Build cache is disabled
[        ]   Caching has been disabled for the task
[        ] Skipping task ':file_selector_android:copyDebugJniLibsProjectOnly' as it is up-to-date.
[        ] work action resolve jni (project :file_selector_android) (Thread[#37303,Execution worker Thread 2,5,main]) started.
[        ] Resolve mutations for :flutter_keyboard_visibility_temp_fork:mergeDebugJniLibFolders (Thread[#37303,Execution worker Thread 2,5,main]) started.
[        ] :flutter_keyboard_visibility_temp_fork:mergeDebugJniLibFolders (Thread[#37303,Execution worker Thread 2,5,main]) started.
[        ] > Task :flutter_keyboard_visibility_temp_fork:mergeDebugJniLibFolders UP-TO-DATE
[        ] Caching disabled for task ':flutter_keyboard_visibility_temp_fork:mergeDebugJniLibFolders' because:
[        ]   Build cache is disabled
[        ]   Simple merging task
[        ] Skipping task ':flutter_keyboard_visibility_temp_fork:mergeDebugJniLibFolders' as it is up-to-date.
[        ] Resolve mutations for :flutter_keyboard_visibility_temp_fork:mergeDebugNativeLibs (Thread[#37303,Execution worker Thread 2,5,main]) started.
[        ] :flutter_keyboard_visibility_temp_fork:mergeDebugNativeLibs (Thread[#37303,Execution worker Thread 2,5,main]) started.
[        ] > Task :flutter_keyboard_visibility_temp_fork:mergeDebugNativeLibs NO-SOURCE
[        ] Skipping task ':flutter_keyboard_visibility_temp_fork:mergeDebugNativeLibs' as it has no source files and no previous output files.
[        ] Resolve mutations for :flutter_keyboard_visibility_temp_fork:copyDebugJniLibsProjectOnly (Thread[#37303,Execution worker Thread 2,5,main]) started.
[        ] :flutter_keyboard_visibility_temp_fork:copyDebugJniLibsProjectOnly (Thread[#37303,Execution worker Thread 2,5,main]) started.
[        ] > Task :flutter_keyboard_visibility_temp_fork:copyDebugJniLibsProjectOnly UP-TO-DATE
[        ] Caching disabled for task ':flutter_keyboard_visibility_temp_fork:copyDebugJniLibsProjectOnly' because:
[        ]   Build cache is disabled
[        ]   Caching has been disabled for the task
[        ] Skipping task ':flutter_keyboard_visibility_temp_fork:copyDebugJniLibsProjectOnly' as it is up-to-date.
[        ] work action resolve jni (project :flutter_keyboard_visibility_temp_fork) (Thread[#37303,Execution worker Thread 2,5,main]) started.
[        ] Resolve mutations for :flutter_native_splash:mergeDebugJniLibFolders (Thread[#37303,Execution worker Thread 2,5,main]) started.
[        ] :flutter_native_splash:mergeDebugJniLibFolders (Thread[#37303,Execution worker Thread 2,5,main]) started.
[        ] > Task :flutter_native_splash:mergeDebugJniLibFolders UP-TO-DATE
[        ] Caching disabled for task ':flutter_native_splash:mergeDebugJniLibFolders' because:
[        ]   Build cache is disabled
[        ]   Simple merging task
[        ] Skipping task ':flutter_native_splash:mergeDebugJniLibFolders' as it is up-to-date.
[        ] Resolve mutations for :flutter_native_splash:mergeDebugNativeLibs (Thread[#37303,Execution worker Thread 2,5,main]) started.
[        ] :flutter_native_splash:mergeDebugNativeLibs (Thread[#37303,Execution worker Thread 2,5,main]) started.
[        ] > Task :flutter_native_splash:mergeDebugNativeLibs NO-SOURCE
[        ] Skipping task ':flutter_native_splash:mergeDebugNativeLibs' as it has no source files and no previous output files.
[        ] Resolve mutations for :flutter_native_splash:copyDebugJniLibsProjectOnly (Thread[#37303,Execution worker Thread 2,5,main]) started.
[        ] :flutter_native_splash:copyDebugJniLibsProjectOnly (Thread[#37303,Execution worker Thread 2,5,main]) started.
[        ] > Task :flutter_native_splash:copyDebugJniLibsProjectOnly UP-TO-DATE
[        ] Caching disabled for task ':flutter_native_splash:copyDebugJniLibsProjectOnly' because:
[        ]   Build cache is disabled
[        ]   Caching has been disabled for the task
[        ] Skipping task ':flutter_native_splash:copyDebugJniLibsProjectOnly' as it is up-to-date.
[        ] work action resolve jni (project :flutter_native_splash) (Thread[#37303,Execution worker Thread 2,5,main]) started.
[        ] Resolve mutations for :flutter_olm:preProfileBuild (Thread[#37303,Execution worker Thread 2,5,main]) started.
[        ] :flutter_olm:preProfileBuild (Thread[#37303,Execution worker Thread 2,5,main]) started.
[        ] > Task :flutter_olm:preProfileBuild UP-TO-DATE
[        ] Skipping task ':flutter_olm:preProfileBuild' as it has no actions.
[        ] Resolve mutations for :flutter_olm:configureCMakeDebug[arm64-v8a] (Thread[#37303,Execution worker Thread 2,5,main]) started.
[        ] :flutter_olm:configureCMakeDebug[arm64-v8a] (Thread[#37303,Execution worker Thread 2,5,main]) started.
[        ] > Task :flutter_olm:configureCMakeDebug[arm64-v8a]
[        ] Caching disabled for task ':flutter_olm:configureCMakeDebug[arm64-v8a]' because:
[        ]   Build cache is disabled
[        ]   Caching has been disabled for the task
[        ] Task ':flutter_olm:configureCMakeDebug[arm64-v8a]' is not up-to-date because:
[        ]   Task.upToDateWhen is false.
[        ] C/C++: /Users/florian/.pub-cache/hosted/pub.dev/flutter_olm-2.0.0/ios/CMakeLists.txt profile|arm64-v8a : Start JSON generation. Platform version: 21 min SDK version: arm64-v8a
[        ] C/C++: /Users/florian/.pub-cache/hosted/pub.dev/flutter_olm-2.0.0/ios/CMakeLists.txt profile|arm64-v8a : JSON '/Users/florian/.pub-cache/hosted/pub.dev/flutter_olm-2.0.0/android/.cxx/Debug/611a6669/arm64-v8a/android_gradle_build.json' was up-to-date
[        ] C/C++: /Users/florian/.pub-cache/hosted/pub.dev/flutter_olm-2.0.0/ios/CMakeLists.txt profile|arm64-v8a : JSON generation completed without problems
[        ] C/C++: /Users/florian/.pub-cache/hosted/pub.dev/flutter_olm-2.0.0/ios/CMakeLists.txt profile|arm64-v8a : Writing build model to /Users/florian/Code/substitution/build/flutter_olm/intermediates/cxx/Debug/611a6669/logs/arm64-v8a/build_model.json
[        ] Resolve mutations for :flutter_olm:buildCMakeDebug[arm64-v8a] (Thread[#37303,Execution worker Thread 2,5,main]) started.
[        ] :flutter_olm:buildCMakeDebug[arm64-v8a] (Thread[#37303,Execution worker Thread 2,5,main]) started.
[        ] > Task :flutter_olm:buildCMakeDebug[arm64-v8a]
[        ] Caching disabled for task ':flutter_olm:buildCMakeDebug[arm64-v8a]' because:
[        ]   Build cache is disabled
[        ]   Caching has been disabled for the task
[        ] Task ':flutter_olm:buildCMakeDebug[arm64-v8a]' is not up-to-date because:
[        ]   Task.upToDateWhen is false.
[        ] C/C++: starting build
[        ] C/C++: reading expected JSONs
[        ] C/C++: done reading expected JSONs
[        ] C/C++: executing build commands for targets that produce .so files or executables
[        ] C/C++: evaluate miniconfig
[        ] C/C++: evaluate library olm (arm64-v8a)
[        ] C/C++: building target library olm because no targets are specified.
[        ] C/C++: about to build targets olm
[        ] C/C++: Build olm
[        ] C/C++: /Users/florian/Library/Android/sdk/cmake/3.22.1/bin/ninja \
[        ]   -C \
[        ]   /Users/florian/.pub-cache/hosted/pub.dev/flutter_olm-2.0.0/android/.cxx/Debug/611a6669/arm64-v8a \
[        ]   olm
[        ] Starting process 'command '/Users/florian/Library/Android/sdk/cmake/3.22.1/bin/ninja''. Working directory: /Users/florian/.pub-cache/hosted/pub.dev/flutter_olm-2.0.0/android Command: /Users/florian/Library/Android/sdk/cmake/3.22.1/bin/ninja -C /Users/florian/.pub-cache/hosted/pub.dev/flutter_olm-2.0.0/android/.cxx/Debug/611a6669/arm64-v8a olm
[        ] Successfully started process 'command '/Users/florian/Library/Android/sdk/cmake/3.22.1/bin/ninja''
[        ] C/C++: Received process result: 0
[        ] C/C++: check expected build outputs
[        ] C/C++: build complete
[        ] Resolve mutations for :flutter_olm:configureCMakeDebug[armeabi-v7a] (Thread[#37303,Execution worker Thread 2,5,main]) started.
[        ] :flutter_olm:configureCMakeDebug[armeabi-v7a] (Thread[#37303,Execution worker Thread 2,5,main]) started.
[        ] > Task :flutter_olm:configureCMakeDebug[armeabi-v7a]
[        ] Caching disabled for task ':flutter_olm:configureCMakeDebug[armeabi-v7a]' because:
[        ]   Build cache is disabled
[        ]   Caching has been disabled for the task
[        ] Task ':flutter_olm:configureCMakeDebug[armeabi-v7a]' is not up-to-date because:
[        ]   Task.upToDateWhen is false.
[        ] C/C++: /Users/florian/.pub-cache/hosted/pub.dev/flutter_olm-2.0.0/ios/CMakeLists.txt profile|armeabi-v7a : Start JSON generation. Platform version: 21 min SDK version: armeabi-v7a
[        ] C/C++: /Users/florian/.pub-cache/hosted/pub.dev/flutter_olm-2.0.0/ios/CMakeLists.txt profile|armeabi-v7a : JSON '/Users/florian/.pub-cache/hosted/pub.dev/flutter_olm-2.0.0/android/.cxx/Debug/611a6669/armeabi-v7a/android_gradle_build.json' was up-to-date
[        ] C/C++: /Users/florian/.pub-cache/hosted/pub.dev/flutter_olm-2.0.0/ios/CMakeLists.txt profile|armeabi-v7a : JSON generation completed without problems
[        ] C/C++: /Users/florian/.pub-cache/hosted/pub.dev/flutter_olm-2.0.0/ios/CMakeLists.txt profile|armeabi-v7a : Writing build model to /Users/florian/Code/substitution/build/flutter_olm/intermediates/cxx/Debug/611a6669/logs/armeabi-v7a/build_model.json
[        ] Resolve mutations for :flutter_olm:buildCMakeDebug[armeabi-v7a] (Thread[#37303,Execution worker Thread 2,5,main]) started.
[        ] :flutter_olm:buildCMakeDebug[armeabi-v7a] (Thread[#37303,Execution worker Thread 2,5,main]) started.
[        ] > Task :flutter_olm:buildCMakeDebug[armeabi-v7a]
[        ] Caching disabled for task ':flutter_olm:buildCMakeDebug[armeabi-v7a]' because:
[        ]   Build cache is disabled
[        ]   Caching has been disabled for the task
[        ] Task ':flutter_olm:buildCMakeDebug[armeabi-v7a]' is not up-to-date because:
[        ]   Task.upToDateWhen is false.
[        ] C/C++: starting build
[        ] C/C++: reading expected JSONs
[        ] C/C++: done reading expected JSONs
[        ] C/C++: executing build commands for targets that produce .so files or executables
[        ] C/C++: evaluate miniconfig
[        ] C/C++: evaluate library olm (armeabi-v7a)
[        ] C/C++: building target library olm because no targets are specified.
[        ] C/C++: about to build targets olm
[        ] C/C++: Build olm
[        ] C/C++: /Users/florian/Library/Android/sdk/cmake/3.22.1/bin/ninja \
[        ]   -C \
[        ]   /Users/florian/.pub-cache/hosted/pub.dev/flutter_olm-2.0.0/android/.cxx/Debug/611a6669/armeabi-v7a \
[        ]   olm
[        ] Starting process 'command '/Users/florian/Library/Android/sdk/cmake/3.22.1/bin/ninja''. Working directory: /Users/florian/.pub-cache/hosted/pub.dev/flutter_olm-2.0.0/android Command: /Users/florian/Library/Android/sdk/cmake/3.22.1/bin/ninja -C /Users/florian/.pub-cache/hosted/pub.dev/flutter_olm-2.0.0/android/.cxx/Debug/611a6669/armeabi-v7a olm
[        ] Successfully started process 'command '/Users/florian/Library/Android/sdk/cmake/3.22.1/bin/ninja''
[        ] C/C++: Received process result: 0
[        ] C/C++: check expected build outputs
[        ] C/C++: build complete
[        ] Resolve mutations for :flutter_olm:configureCMakeDebug[x86] (Thread[#37303,Execution worker Thread 2,5,main]) started.
[        ] :flutter_olm:configureCMakeDebug[x86] (Thread[#37303,Execution worker Thread 2,5,main]) started.
[        ] > Task :flutter_olm:configureCMakeDebug[x86]
[        ] Caching disabled for task ':flutter_olm:configureCMakeDebug[x86]' because:
[        ]   Build cache is disabled
[        ]   Caching has been disabled for the task
[        ] Task ':flutter_olm:configureCMakeDebug[x86]' is not up-to-date because:
[        ]   Task.upToDateWhen is false.
[        ] C/C++: /Users/florian/.pub-cache/hosted/pub.dev/flutter_olm-2.0.0/ios/CMakeLists.txt profile|x86 : Start JSON generation. Platform version: 21 min SDK version: x86
[        ] C/C++: /Users/florian/.pub-cache/hosted/pub.dev/flutter_olm-2.0.0/ios/CMakeLists.txt profile|x86 : JSON '/Users/florian/.pub-cache/hosted/pub.dev/flutter_olm-2.0.0/android/.cxx/Debug/611a6669/x86/android_gradle_build.json' was up-to-date
[        ] C/C++: /Users/florian/.pub-cache/hosted/pub.dev/flutter_olm-2.0.0/ios/CMakeLists.txt profile|x86 : JSON generation completed without problems
[        ] C/C++: /Users/florian/.pub-cache/hosted/pub.dev/flutter_olm-2.0.0/ios/CMakeLists.txt profile|x86 : Writing build model to /Users/florian/Code/substitution/build/flutter_olm/intermediates/cxx/Debug/611a6669/logs/x86/build_model.json
[        ] Resolve mutations for :flutter_olm:buildCMakeDebug[x86] (Thread[#37303,Execution worker Thread 2,5,main]) started.
[        ] :flutter_olm:buildCMakeDebug[x86] (Thread[#37303,Execution worker Thread 2,5,main]) started.
[        ] > Task :flutter_olm:buildCMakeDebug[x86]
[        ] Caching disabled for task ':flutter_olm:buildCMakeDebug[x86]' because:
[        ]   Build cache is disabled
[        ]   Caching has been disabled for the task
[        ] Task ':flutter_olm:buildCMakeDebug[x86]' is not up-to-date because:
[        ]   Task.upToDateWhen is false.
[        ] C/C++: starting build
[        ] C/C++: reading expected JSONs
[        ] C/C++: done reading expected JSONs
[        ] C/C++: executing build commands for targets that produce .so files or executables
[        ] C/C++: evaluate miniconfig
[        ] C/C++: evaluate library olm (x86)
[        ] C/C++: building target library olm because no targets are specified.
[        ] C/C++: about to build targets olm
[        ] C/C++: Build olm
[        ] C/C++: /Users/florian/Library/Android/sdk/cmake/3.22.1/bin/ninja \
[        ]   -C \
[        ]   /Users/florian/.pub-cache/hosted/pub.dev/flutter_olm-2.0.0/android/.cxx/Debug/611a6669/x86 \
[        ]   olm
[        ] Starting process 'command '/Users/florian/Library/Android/sdk/cmake/3.22.1/bin/ninja''. Working directory: /Users/florian/.pub-cache/hosted/pub.dev/flutter_olm-2.0.0/android Command: /Users/florian/Library/Android/sdk/cmake/3.22.1/bin/ninja -C /Users/florian/.pub-cache/hosted/pub.dev/flutter_olm-2.0.0/android/.cxx/Debug/611a6669/x86 olm
[        ] Successfully started process 'command '/Users/florian/Library/Android/sdk/cmake/3.22.1/bin/ninja''
[        ] C/C++: Received process result: 0
[        ] C/C++: check expected build outputs
[        ] C/C++: build complete
[        ] Resolve mutations for :flutter_olm:configureCMakeDebug[x86_64] (Thread[#37303,Execution worker Thread 2,5,main]) started.
[        ] :flutter_olm:configureCMakeDebug[x86_64] (Thread[#37303,Execution worker Thread 2,5,main]) started.
[        ] > Task :flutter_olm:configureCMakeDebug[x86_64]
[        ] Caching disabled for task ':flutter_olm:configureCMakeDebug[x86_64]' because:
[        ]   Build cache is disabled
[        ]   Caching has been disabled for the task
[        ] Task ':flutter_olm:configureCMakeDebug[x86_64]' is not up-to-date because:
[        ]   Task.upToDateWhen is false.
[        ] C/C++: /Users/florian/.pub-cache/hosted/pub.dev/flutter_olm-2.0.0/ios/CMakeLists.txt profile|x86_64 : Start JSON generation. Platform version: 21 min SDK version: x86_64
[        ] C/C++: /Users/florian/.pub-cache/hosted/pub.dev/flutter_olm-2.0.0/ios/CMakeLists.txt profile|x86_64 : JSON '/Users/florian/.pub-cache/hosted/pub.dev/flutter_olm-2.0.0/android/.cxx/Debug/611a6669/x86_64/android_gradle_build.json' was up-to-date
[        ] C/C++: /Users/florian/.pub-cache/hosted/pub.dev/flutter_olm-2.0.0/ios/CMakeLists.txt profile|x86_64 : JSON generation completed without problems
[        ] C/C++: /Users/florian/.pub-cache/hosted/pub.dev/flutter_olm-2.0.0/ios/CMakeLists.txt profile|x86_64 : Writing build model to /Users/florian/Code/substitution/build/flutter_olm/intermediates/cxx/Debug/611a6669/logs/x86_64/build_model.json
[        ] Resolve mutations for :flutter_olm:buildCMakeDebug[x86_64] (Thread[#37303,Execution worker Thread 2,5,main]) started.
[        ] :flutter_olm:buildCMakeDebug[x86_64] (Thread[#37303,Execution worker Thread 2,5,main]) started.
[  +79 ms] > Task :flutter_olm:buildCMakeDebug[x86_64]
[        ] Caching disabled for task ':flutter_olm:buildCMakeDebug[x86_64]' because:
[        ]   Build cache is disabled
[        ]   Caching has been disabled for the task
[        ] Task ':flutter_olm:buildCMakeDebug[x86_64]' is not up-to-date because:
[        ]   Task.upToDateWhen is false.
[        ] C/C++: starting build
[        ] C/C++: reading expected JSONs
[        ] C/C++: done reading expected JSONs
[        ] C/C++: executing build commands for targets that produce .so files or executables
[        ] C/C++: evaluate miniconfig
[        ] C/C++: evaluate library olm (x86_64)
[        ] C/C++: building target library olm because no targets are specified.
[        ] C/C++: about to build targets olm
[        ] C/C++: Build olm
[        ] C/C++: /Users/florian/Library/Android/sdk/cmake/3.22.1/bin/ninja \
[        ]   -C \
[        ]   /Users/florian/.pub-cache/hosted/pub.dev/flutter_olm-2.0.0/android/.cxx/Debug/611a6669/x86_64 \
[        ]   olm
[        ] Starting process 'command '/Users/florian/Library/Android/sdk/cmake/3.22.1/bin/ninja''. Working directory: /Users/florian/.pub-cache/hosted/pub.dev/flutter_olm-2.0.0/android Command: /Users/florian/Library/Android/sdk/cmake/3.22.1/bin/ninja -C /Users/florian/.pub-cache/hosted/pub.dev/flutter_olm-2.0.0/android/.cxx/Debug/611a6669/x86_64 olm
[        ] Successfully started process 'command '/Users/florian/Library/Android/sdk/cmake/3.22.1/bin/ninja''
[        ] C/C++: Received process result: 0
[        ] C/C++: check expected build outputs
[        ] C/C++: build complete
[        ] Resolve mutations for :flutter_olm:mergeDebugJniLibFolders (Thread[#37303,Execution worker Thread 2,5,main]) started.
[        ] :flutter_olm:mergeDebugJniLibFolders (Thread[#37303,Execution worker Thread 2,5,main]) started.
[        ] > Task :flutter_olm:mergeDebugJniLibFolders UP-TO-DATE
[        ] Caching disabled for task ':flutter_olm:mergeDebugJniLibFolders' because:
[        ]   Build cache is disabled
[        ]   Simple merging task
[        ] Skipping task ':flutter_olm:mergeDebugJniLibFolders' as it is up-to-date.
[        ] Resolve mutations for :flutter_olm:mergeDebugNativeLibs (Thread[#37303,Execution worker Thread 2,5,main]) started.
[        ] :flutter_olm:mergeDebugNativeLibs (Thread[#37303,Execution worker Thread 2,5,main]) started.
[        ] > Task :flutter_olm:mergeDebugNativeLibs UP-TO-DATE
[        ] Caching disabled for task ':flutter_olm:mergeDebugNativeLibs' because:
[        ]   Build cache is disabled
[        ]   Caching has been disabled for the task
[        ] Skipping task ':flutter_olm:mergeDebugNativeLibs' as it is up-to-date.
[        ] Resolve mutations for :flutter_olm:copyDebugJniLibsProjectOnly (Thread[#37303,Execution worker Thread 2,5,main]) started.
[        ] :flutter_olm:copyDebugJniLibsProjectOnly (Thread[#37303,Execution worker Thread 2,5,main]) started.
[        ] > Task :flutter_olm:copyDebugJniLibsProjectOnly UP-TO-DATE
[        ] Caching disabled for task ':flutter_olm:copyDebugJniLibsProjectOnly' because:
[        ]   Build cache is disabled
[        ]   Caching has been disabled for the task
[        ] Skipping task ':flutter_olm:copyDebugJniLibsProjectOnly' as it is up-to-date.
[        ] work action resolve jni (project :flutter_olm) (Thread[#37303,Execution worker Thread 2,5,main]) started.
[        ] Resolve mutations for :flutter_openssl_crypto:preProfileBuild (Thread[#37303,Execution worker Thread 2,5,main]) started.
[        ] :flutter_openssl_crypto:preProfileBuild (Thread[#37303,Execution worker Thread 2,5,main]) started.
[        ] > Task :flutter_openssl_crypto:preProfileBuild UP-TO-DATE
[        ] Skipping task ':flutter_openssl_crypto:preProfileBuild' as it has no actions.
[        ] Resolve mutations for :flutter_openssl_crypto:configureCMakeDebug[arm64-v8a] (Thread[#37303,Execution worker Thread 2,5,main]) started.
[        ] :flutter_openssl_crypto:configureCMakeDebug[arm64-v8a] (Thread[#37303,Execution worker Thread 2,5,main]) started.
[        ] > Task :flutter_openssl_crypto:configureCMakeDebug[arm64-v8a]
[        ] Caching disabled for task ':flutter_openssl_crypto:configureCMakeDebug[arm64-v8a]' because:
[        ]   Build cache is disabled
[        ]   Caching has been disabled for the task
[        ] Task ':flutter_openssl_crypto:configureCMakeDebug[arm64-v8a]' is not up-to-date because:
[        ]   Task.upToDateWhen is false.
[        ] C/C++: /Users/florian/.pub-cache/hosted/pub.dev/flutter_openssl_crypto-0.5.0/android/CMakeLists.txt profile|arm64-v8a : Start JSON generation. Platform version: 21 min SDK version: arm64-v8a
[        ] C/C++: /Users/florian/.pub-cache/hosted/pub.dev/flutter_openssl_crypto-0.5.0/android/CMakeLists.txt profile|arm64-v8a : JSON '/Users/florian/.pub-cache/hosted/pub.dev/flutter_openssl_crypto-0.5.0/android/.cxx/Debug/42n1p1e4/arm64-v8a/android_gradle_build.json' was up-to-date
[        ] C/C++: /Users/florian/.pub-cache/hosted/pub.dev/flutter_openssl_crypto-0.5.0/android/CMakeLists.txt profile|arm64-v8a : JSON generation completed without problems
[        ] C/C++: /Users/florian/.pub-cache/hosted/pub.dev/flutter_openssl_crypto-0.5.0/android/CMakeLists.txt profile|arm64-v8a : Writing build model to /Users/florian/Code/substitution/build/flutter_openssl_crypto/intermediates/cxx/Debug/42n1p1e4/logs/arm64-v8a/build_model.json
[        ] Resolve mutations for :flutter_openssl_crypto:buildCMakeDebug[arm64-v8a] (Thread[#37303,Execution worker Thread 2,5,main]) started.
[        ] :flutter_openssl_crypto:buildCMakeDebug[arm64-v8a] (Thread[#37303,Execution worker Thread 2,5,main]) started.
[        ] > Task :flutter_openssl_crypto:buildCMakeDebug[arm64-v8a]
[        ] Caching disabled for task ':flutter_openssl_crypto:buildCMakeDebug[arm64-v8a]' because:
[        ]   Build cache is disabled
[        ]   Caching has been disabled for the task
[        ] Task ':flutter_openssl_crypto:buildCMakeDebug[arm64-v8a]' is not up-to-date because:
[        ]   Task.upToDateWhen is false.
[        ] C/C++: starting build
[        ] C/C++: reading expected JSONs
[        ] C/C++: done reading expected JSONs
[        ] C/C++: executing build commands for targets that produce .so files or executables
[        ] C/C++: evaluate miniconfig
[        ] C/C++: evaluate library flutter_openssl_crypto (arm64-v8a)
[        ] C/C++: building target library flutter_openssl_crypto because no targets are specified.
[        ] C/C++: about to build targets flutter_openssl_crypto
[        ] C/C++: Build flutter_openssl_crypto
[        ] C/C++: /Users/florian/Library/Android/sdk/cmake/3.22.1/bin/ninja \
[        ]   -C \
[        ]   /Users/florian/.pub-cache/hosted/pub.dev/flutter_openssl_crypto-0.5.0/android/.cxx/Debug/42n1p1e4/arm64-v8a \
[        ]   flutter_openssl_crypto
[        ] Starting process 'command '/Users/florian/Library/Android/sdk/cmake/3.22.1/bin/ninja''. Working directory: /Users/florian/.pub-cache/hosted/pub.dev/flutter_openssl_crypto-0.5.0/android Command: /Users/florian/Library/Android/sdk/cmake/3.22.1/bin/ninja -C /Users/florian/.pub-cache/hosted/pub.dev/flutter_openssl_crypto-0.5.0/android/.cxx/Debug/42n1p1e4/arm64-v8a flutter_openssl_crypto
[        ] Successfully started process 'command '/Users/florian/Library/Android/sdk/cmake/3.22.1/bin/ninja''
[        ] C/C++: Received process result: 0
[        ] C/C++: check expected build outputs
[        ] C/C++: build complete
[        ] Resolve mutations for :flutter_openssl_crypto:configureCMakeDebug[armeabi-v7a] (Thread[#37303,Execution worker Thread 2,5,main]) started.
[        ] :flutter_openssl_crypto:configureCMakeDebug[armeabi-v7a] (Thread[#37303,Execution worker Thread 2,5,main]) started.
[        ] > Task :flutter_openssl_crypto:configureCMakeDebug[armeabi-v7a]
[        ] Caching disabled for task ':flutter_openssl_crypto:configureCMakeDebug[armeabi-v7a]' because:
[        ]   Build cache is disabled
[        ]   Caching has been disabled for the task
[        ] Task ':flutter_openssl_crypto:configureCMakeDebug[armeabi-v7a]' is not up-to-date because:
[        ]   Task.upToDateWhen is false.
[        ] C/C++: /Users/florian/.pub-cache/hosted/pub.dev/flutter_openssl_crypto-0.5.0/android/CMakeLists.txt profile|armeabi-v7a : Start JSON generation. Platform version: 21 min SDK version: armeabi-v7a
[        ] C/C++: /Users/florian/.pub-cache/hosted/pub.dev/flutter_openssl_crypto-0.5.0/android/CMakeLists.txt profile|armeabi-v7a : JSON '/Users/florian/.pub-cache/hosted/pub.dev/flutter_openssl_crypto-0.5.0/android/.cxx/Debug/42n1p1e4/armeabi-v7a/android_gradle_build.json' was up-to-date
[        ] C/C++: /Users/florian/.pub-cache/hosted/pub.dev/flutter_openssl_crypto-0.5.0/android/CMakeLists.txt profile|armeabi-v7a : JSON generation completed without problems
[        ] C/C++: /Users/florian/.pub-cache/hosted/pub.dev/flutter_openssl_crypto-0.5.0/android/CMakeLists.txt profile|armeabi-v7a : Writing build model to /Users/florian/Code/substitution/build/flutter_openssl_crypto/intermediates/cxx/Debug/42n1p1e4/logs/armeabi-v7a/build_model.json
[        ] Resolve mutations for :flutter_openssl_crypto:buildCMakeDebug[armeabi-v7a] (Thread[#37303,Execution worker Thread 2,5,main]) started.
[        ] :flutter_openssl_crypto:buildCMakeDebug[armeabi-v7a] (Thread[#37303,Execution worker Thread 2,5,main]) started.
[        ] > Task :flutter_openssl_crypto:buildCMakeDebug[armeabi-v7a]
[        ] Caching disabled for task ':flutter_openssl_crypto:buildCMakeDebug[armeabi-v7a]' because:
[        ]   Build cache is disabled
[        ]   Caching has been disabled for the task
[        ] Task ':flutter_openssl_crypto:buildCMakeDebug[armeabi-v7a]' is not up-to-date because:
[        ]   Task.upToDateWhen is false.
[        ] C/C++: starting build
[        ] C/C++: reading expected JSONs
[        ] C/C++: done reading expected JSONs
[        ] C/C++: executing build commands for targets that produce .so files or executables
[        ] C/C++: evaluate miniconfig
[        ] C/C++: evaluate library flutter_openssl_crypto (armeabi-v7a)
[        ] C/C++: building target library flutter_openssl_crypto because no targets are specified.
[        ] C/C++: about to build targets flutter_openssl_crypto
[        ] C/C++: Build flutter_openssl_crypto
[        ] C/C++: /Users/florian/Library/Android/sdk/cmake/3.22.1/bin/ninja \
[        ]   -C \
[        ]   /Users/florian/.pub-cache/hosted/pub.dev/flutter_openssl_crypto-0.5.0/android/.cxx/Debug/42n1p1e4/armeabi-v7a \
[        ]   flutter_openssl_crypto
[        ] Starting process 'command '/Users/florian/Library/Android/sdk/cmake/3.22.1/bin/ninja''. Working directory: /Users/florian/.pub-cache/hosted/pub.dev/flutter_openssl_crypto-0.5.0/android Command: /Users/florian/Library/Android/sdk/cmake/3.22.1/bin/ninja -C /Users/florian/.pub-cache/hosted/pub.dev/flutter_openssl_crypto-0.5.0/android/.cxx/Debug/42n1p1e4/armeabi-v7a flutter_openssl_crypto
[        ] Successfully started process 'command '/Users/florian/Library/Android/sdk/cmake/3.22.1/bin/ninja''
[        ] C/C++: Received process result: 0
[        ] C/C++: check expected build outputs
[        ] C/C++: build complete
[        ] Resolve mutations for :flutter_openssl_crypto:configureCMakeDebug[x86] (Thread[#37303,Execution worker Thread 2,5,main]) started.
[        ] :flutter_openssl_crypto:configureCMakeDebug[x86] (Thread[#37303,Execution worker Thread 2,5,main]) started.
[        ] > Task :flutter_openssl_crypto:configureCMakeDebug[x86]
[        ] Caching disabled for task ':flutter_openssl_crypto:configureCMakeDebug[x86]' because:
[        ]   Build cache is disabled
[        ]   Caching has been disabled for the task
[        ] Task ':flutter_openssl_crypto:configureCMakeDebug[x86]' is not up-to-date because:
[        ]   Task.upToDateWhen is false.
[        ] C/C++: /Users/florian/.pub-cache/hosted/pub.dev/flutter_openssl_crypto-0.5.0/android/CMakeLists.txt profile|x86 : Start JSON generation. Platform version: 21 min SDK version: x86
[        ] C/C++: /Users/florian/.pub-cache/hosted/pub.dev/flutter_openssl_crypto-0.5.0/android/CMakeLists.txt profile|x86 : JSON '/Users/florian/.pub-cache/hosted/pub.dev/flutter_openssl_crypto-0.5.0/android/.cxx/Debug/42n1p1e4/x86/android_gradle_build.json' was up-to-date
[        ] C/C++: /Users/florian/.pub-cache/hosted/pub.dev/flutter_openssl_crypto-0.5.0/android/CMakeLists.txt profile|x86 : JSON generation completed without problems
[        ] C/C++: /Users/florian/.pub-cache/hosted/pub.dev/flutter_openssl_crypto-0.5.0/android/CMakeLists.txt profile|x86 : Writing build model to /Users/florian/Code/substitution/build/flutter_openssl_crypto/intermediates/cxx/Debug/42n1p1e4/logs/x86/build_model.json
[        ] Resolve mutations for :flutter_openssl_crypto:buildCMakeDebug[x86] (Thread[#37303,Execution worker Thread 2,5,main]) started.
[        ] :flutter_openssl_crypto:buildCMakeDebug[x86] (Thread[#37303,Execution worker Thread 2,5,main]) started.
[        ] > Task :flutter_openssl_crypto:buildCMakeDebug[x86]
[        ] Caching disabled for task ':flutter_openssl_crypto:buildCMakeDebug[x86]' because:
[        ]   Build cache is disabled
[        ]   Caching has been disabled for the task
[        ] Task ':flutter_openssl_crypto:buildCMakeDebug[x86]' is not up-to-date because:
[        ]   Task.upToDateWhen is false.
[        ] C/C++: starting build
[        ] C/C++: reading expected JSONs
[        ] C/C++: done reading expected JSONs
[        ] C/C++: executing build commands for targets that produce .so files or executables
[        ] C/C++: evaluate miniconfig
[        ] C/C++: evaluate library flutter_openssl_crypto (x86)
[        ] C/C++: building target library flutter_openssl_crypto because no targets are specified.
[        ] C/C++: about to build targets flutter_openssl_crypto
[        ] C/C++: Build flutter_openssl_crypto
[        ] C/C++: /Users/florian/Library/Android/sdk/cmake/3.22.1/bin/ninja \
[        ]   -C \
[        ]   /Users/florian/.pub-cache/hosted/pub.dev/flutter_openssl_crypto-0.5.0/android/.cxx/Debug/42n1p1e4/x86 \
[        ]   flutter_openssl_crypto
[        ] Starting process 'command '/Users/florian/Library/Android/sdk/cmake/3.22.1/bin/ninja''. Working directory: /Users/florian/.pub-cache/hosted/pub.dev/flutter_openssl_crypto-0.5.0/android Command: /Users/florian/Library/Android/sdk/cmake/3.22.1/bin/ninja -C /Users/florian/.pub-cache/hosted/pub.dev/flutter_openssl_crypto-0.5.0/android/.cxx/Debug/42n1p1e4/x86 flutter_openssl_crypto
[        ] Successfully started process 'command '/Users/florian/Library/Android/sdk/cmake/3.22.1/bin/ninja''
[        ] C/C++: Received process result: 0
[        ] C/C++: check expected build outputs
[        ] C/C++: build complete
[        ] Resolve mutations for :flutter_openssl_crypto:configureCMakeDebug[x86_64] (Thread[#37303,Execution worker Thread 2,5,main]) started.
[        ] :flutter_openssl_crypto:configureCMakeDebug[x86_64] (Thread[#37303,Execution worker Thread 2,5,main]) started.
[        ] > Task :flutter_openssl_crypto:configureCMakeDebug[x86_64]
[        ] Caching disabled for task ':flutter_openssl_crypto:configureCMakeDebug[x86_64]' because:
[        ]   Build cache is disabled
[        ]   Caching has been disabled for the task
[        ] Task ':flutter_openssl_crypto:configureCMakeDebug[x86_64]' is not up-to-date because:
[        ]   Task.upToDateWhen is false.
[        ] C/C++: /Users/florian/.pub-cache/hosted/pub.dev/flutter_openssl_crypto-0.5.0/android/CMakeLists.txt profile|x86_64 : Start JSON generation. Platform version: 21 min SDK version: x86_64
[        ] C/C++: /Users/florian/.pub-cache/hosted/pub.dev/flutter_openssl_crypto-0.5.0/android/CMakeLists.txt profile|x86_64 : JSON '/Users/florian/.pub-cache/hosted/pub.dev/flutter_openssl_crypto-0.5.0/android/.cxx/Debug/42n1p1e4/x86_64/android_gradle_build.json' was up-to-date
[        ] C/C++: /Users/florian/.pub-cache/hosted/pub.dev/flutter_openssl_crypto-0.5.0/android/CMakeLists.txt profile|x86_64 : JSON generation completed without problems
[        ] C/C++: /Users/florian/.pub-cache/hosted/pub.dev/flutter_openssl_crypto-0.5.0/android/CMakeLists.txt profile|x86_64 : Writing build model to /Users/florian/Code/substitution/build/flutter_openssl_crypto/intermediates/cxx/Debug/42n1p1e4/logs/x86_64/build_model.json
[        ] Resolve mutations for :flutter_openssl_crypto:buildCMakeDebug[x86_64] (Thread[#37303,Execution worker Thread 2,5,main]) started.
[        ] :flutter_openssl_crypto:buildCMakeDebug[x86_64] (Thread[#37303,Execution worker Thread 2,5,main]) started.
[        ] > Task :flutter_openssl_crypto:buildCMakeDebug[x86_64]
[        ] Caching disabled for task ':flutter_openssl_crypto:buildCMakeDebug[x86_64]' because:
[        ]   Build cache is disabled
[        ]   Caching has been disabled for the task
[        ] Task ':flutter_openssl_crypto:buildCMakeDebug[x86_64]' is not up-to-date because:
[        ]   Task.upToDateWhen is false.
[        ] C/C++: starting build
[        ] C/C++: reading expected JSONs
[        ] C/C++: done reading expected JSONs
[        ] C/C++: executing build commands for targets that produce .so files or executables
[        ] C/C++: evaluate miniconfig
[        ] C/C++: evaluate library flutter_openssl_crypto (x86_64)
[        ] C/C++: building target library flutter_openssl_crypto because no targets are specified.
[        ] C/C++: about to build targets flutter_openssl_crypto
[        ] C/C++: Build flutter_openssl_crypto
[        ] C/C++: /Users/florian/Library/Android/sdk/cmake/3.22.1/bin/ninja \
[        ]   -C \
[        ]   /Users/florian/.pub-cache/hosted/pub.dev/flutter_openssl_crypto-0.5.0/android/.cxx/Debug/42n1p1e4/x86_64 \
[        ]   flutter_openssl_crypto
[        ] Starting process 'command '/Users/florian/Library/Android/sdk/cmake/3.22.1/bin/ninja''. Working directory: /Users/florian/.pub-cache/hosted/pub.dev/flutter_openssl_crypto-0.5.0/android Command: /Users/florian/Library/Android/sdk/cmake/3.22.1/bin/ninja -C /Users/florian/.pub-cache/hosted/pub.dev/flutter_openssl_crypto-0.5.0/android/.cxx/Debug/42n1p1e4/x86_64 flutter_openssl_crypto
[        ] Successfully started process 'command '/Users/florian/Library/Android/sdk/cmake/3.22.1/bin/ninja''
[        ] C/C++: Received process result: 0
[        ] C/C++: check expected build outputs
[        ] C/C++: build complete
[        ] Resolve mutations for :flutter_openssl_crypto:mergeDebugJniLibFolders (Thread[#37303,Execution worker Thread 2,5,main]) started.
[        ] :flutter_openssl_crypto:mergeDebugJniLibFolders (Thread[#37303,Execution worker Thread 2,5,main]) started.
[        ] > Task :flutter_openssl_crypto:mergeDebugJniLibFolders UP-TO-DATE
[        ] Caching disabled for task ':flutter_openssl_crypto:mergeDebugJniLibFolders' because:
[        ]   Build cache is disabled
[        ]   Simple merging task
[        ] Skipping task ':flutter_openssl_crypto:mergeDebugJniLibFolders' as it is up-to-date.
[        ] Resolve mutations for :flutter_openssl_crypto:mergeDebugNativeLibs (Thread[#37303,Execution worker Thread 2,5,main]) started.
[        ] :flutter_openssl_crypto:mergeDebugNativeLibs (Thread[#37303,Execution worker Thread 2,5,main]) started.
[        ] > Task :flutter_openssl_crypto:mergeDebugNativeLibs UP-TO-DATE
[        ] Caching disabled for task ':flutter_openssl_crypto:mergeDebugNativeLibs' because:
[        ]   Build cache is disabled
[        ]   Caching has been disabled for the task
[        ] Skipping task ':flutter_openssl_crypto:mergeDebugNativeLibs' as it is up-to-date.
[        ] Resolve mutations for :flutter_openssl_crypto:copyDebugJniLibsProjectOnly (Thread[#37303,Execution worker Thread 2,5,main]) started.
[        ] :flutter_openssl_crypto:copyDebugJniLibsProjectOnly (Thread[#37303,Execution worker Thread 2,5,main]) started.
[        ] > Task :flutter_openssl_crypto:copyDebugJniLibsProjectOnly UP-TO-DATE
[        ] Caching disabled for task ':flutter_openssl_crypto:copyDebugJniLibsProjectOnly' because:
[        ]   Build cache is disabled
[        ]   Caching has been disabled for the task
[        ] Skipping task ':flutter_openssl_crypto:copyDebugJniLibsProjectOnly' as it is up-to-date.
[        ] work action resolve jni (project :flutter_openssl_crypto) (Thread[#37303,Execution worker Thread 2,5,main]) started.
[        ] Resolve mutations for :integration_test:mergeDebugJniLibFolders (Thread[#37303,Execution worker Thread 2,5,main]) started.
[        ] :integration_test:mergeDebugJniLibFolders (Thread[#37303,Execution worker Thread 2,5,main]) started.
[        ] > Task :integration_test:mergeDebugJniLibFolders UP-TO-DATE
[        ] Caching disabled for task ':integration_test:mergeDebugJniLibFolders' because:
[        ]   Build cache is disabled
[        ]   Simple merging task
[        ] Skipping task ':integration_test:mergeDebugJniLibFolders' as it is up-to-date.
[        ] Resolve mutations for :integration_test:mergeDebugNativeLibs (Thread[#37303,Execution worker Thread 2,5,main]) started.
[        ] :integration_test:mergeDebugNativeLibs (Thread[#37303,Execution worker Thread 2,5,main]) started.
[        ] > Task :integration_test:mergeDebugNativeLibs NO-SOURCE
[        ] Skipping task ':integration_test:mergeDebugNativeLibs' as it has no source files and no previous output files.
[        ] Resolve mutations for :integration_test:copyDebugJniLibsProjectOnly (Thread[#37303,Execution worker Thread 2,5,main]) started.
[        ] :integration_test:copyDebugJniLibsProjectOnly (Thread[#37303,Execution worker Thread 2,5,main]) started.
[        ] > Task :integration_test:copyDebugJniLibsProjectOnly UP-TO-DATE
[        ] Caching disabled for task ':integration_test:copyDebugJniLibsProjectOnly' because:
[        ]   Build cache is disabled
[        ]   Caching has been disabled for the task
[        ] Skipping task ':integration_test:copyDebugJniLibsProjectOnly' as it is up-to-date.
[        ] work action resolve jni (project :integration_test) (Thread[#37303,Execution worker Thread 2,5,main]) started.
[        ] Resolve mutations for :path_provider_android:mergeDebugJniLibFolders (Thread[#37303,Execution worker Thread 2,5,main]) started.
[        ] :path_provider_android:mergeDebugJniLibFolders (Thread[#37303,Execution worker Thread 2,5,main]) started.
[        ] > Task :path_provider_android:mergeDebugJniLibFolders UP-TO-DATE
[        ] Caching disabled for task ':path_provider_android:mergeDebugJniLibFolders' because:
[        ]   Build cache is disabled
[        ]   Simple merging task
[        ] Skipping task ':path_provider_android:mergeDebugJniLibFolders' as it is up-to-date.
[        ] Resolve mutations for :path_provider_android:mergeDebugNativeLibs (Thread[#37303,Execution worker Thread 2,5,main]) started.
[        ] :path_provider_android:mergeDebugNativeLibs (Thread[#37303,Execution worker Thread 2,5,main]) started.
[        ] > Task :path_provider_android:mergeDebugNativeLibs NO-SOURCE
[        ] Skipping task ':path_provider_android:mergeDebugNativeLibs' as it has no source files and no previous output files.
[        ] Resolve mutations for :path_provider_android:copyDebugJniLibsProjectOnly (Thread[#37303,Execution worker Thread 2,5,main]) started.
[        ] :path_provider_android:copyDebugJniLibsProjectOnly (Thread[#37303,Execution worker Thread 2,5,main]) started.
[        ] > Task :path_provider_android:copyDebugJniLibsProjectOnly UP-TO-DATE
[        ] Caching disabled for task ':path_provider_android:copyDebugJniLibsProjectOnly' because:
[        ]   Build cache is disabled
[        ]   Caching has been disabled for the task
[        ] Skipping task ':path_provider_android:copyDebugJniLibsProjectOnly' as it is up-to-date.
[        ] work action resolve jni (project :path_provider_android) (Thread[#37303,Execution worker Thread 2,5,main]) started.
[        ] Resolve mutations for :quill_native_bridge_android:mergeDebugJniLibFolders (Thread[#37303,Execution worker Thread 2,5,main]) started.
[        ] :quill_native_bridge_android:mergeDebugJniLibFolders (Thread[#37303,Execution worker Thread 2,5,main]) started.
[        ] > Task :quill_native_bridge_android:mergeDebugJniLibFolders UP-TO-DATE
[        ] Caching disabled for task ':quill_native_bridge_android:mergeDebugJniLibFolders' because:
[        ]   Build cache is disabled
[        ]   Simple merging task
[        ] Skipping task ':quill_native_bridge_android:mergeDebugJniLibFolders' as it is up-to-date.
[        ] Resolve mutations for :quill_native_bridge_android:mergeDebugNativeLibs (Thread[#37303,Execution worker Thread 2,5,main]) started.
[        ] :quill_native_bridge_android:mergeDebugNativeLibs (Thread[#37303,Execution worker Thread 2,5,main]) started.
[        ] > Task :quill_native_bridge_android:mergeDebugNativeLibs NO-SOURCE
[        ] Skipping task ':quill_native_bridge_android:mergeDebugNativeLibs' as it has no source files and no previous output files.
[        ] Resolve mutations for :quill_native_bridge_android:copyDebugJniLibsProjectOnly (Thread[#37303,Execution worker Thread 2,5,main]) started.
[        ] :quill_native_bridge_android:copyDebugJniLibsProjectOnly (Thread[#37303,Execution worker Thread 2,5,main]) started.
[        ] > Task :quill_native_bridge_android:copyDebugJniLibsProjectOnly UP-TO-DATE
[        ] Caching disabled for task ':quill_native_bridge_android:copyDebugJniLibsProjectOnly' because:
[        ]   Build cache is disabled
[        ]   Caching has been disabled for the task
[        ] Skipping task ':quill_native_bridge_android:copyDebugJniLibsProjectOnly' as it is up-to-date.
[        ] work action resolve jni (project :quill_native_bridge_android) (Thread[#37303,Execution worker Thread 2,5,main]) started.
[        ] Resolve mutations for :shared_preferences_android:mergeDebugJniLibFolders (Thread[#37303,Execution worker Thread 2,5,main]) started.
[        ] :shared_preferences_android:mergeDebugJniLibFolders (Thread[#37303,Execution worker Thread 2,5,main]) started.
[        ] > Task :shared_preferences_android:mergeDebugJniLibFolders UP-TO-DATE
[        ] Caching disabled for task ':shared_preferences_android:mergeDebugJniLibFolders' because:
[        ]   Build cache is disabled
[        ]   Simple merging task
[        ] Skipping task ':shared_preferences_android:mergeDebugJniLibFolders' as it is up-to-date.
[        ] Resolve mutations for :shared_preferences_android:mergeDebugNativeLibs (Thread[#37303,Execution worker Thread 2,5,main]) started.
[        ] :shared_preferences_android:mergeDebugNativeLibs (Thread[#37303,Execution worker Thread 2,5,main]) started.
[        ] > Task :shared_preferences_android:mergeDebugNativeLibs NO-SOURCE
[        ] Skipping task ':shared_preferences_android:mergeDebugNativeLibs' as it has no source files and no previous output files.
[        ] Resolve mutations for :shared_preferences_android:copyDebugJniLibsProjectOnly (Thread[#37303,Execution worker Thread 2,5,main]) started.
[        ] :shared_preferences_android:copyDebugJniLibsProjectOnly (Thread[#37303,Execution worker Thread 2,5,main]) started.
[        ] > Task :shared_preferences_android:copyDebugJniLibsProjectOnly UP-TO-DATE
[        ] Caching disabled for task ':shared_preferences_android:copyDebugJniLibsProjectOnly' because:
[        ]   Build cache is disabled
[        ]   Caching has been disabled for the task
[        ] Skipping task ':shared_preferences_android:copyDebugJniLibsProjectOnly' as it is up-to-date.
[        ] work action resolve jni (project :shared_preferences_android) (Thread[#37303,Execution worker Thread 2,5,main]) started.
[        ] Resolve mutations for :sqflite_android:mergeDebugJniLibFolders (Thread[#37303,Execution worker Thread 2,5,main]) started.
[        ] :sqflite_android:mergeDebugJniLibFolders (Thread[#37303,Execution worker Thread 2,5,main]) started.
[        ] > Task :sqflite_android:mergeDebugJniLibFolders UP-TO-DATE
[        ] Caching disabled for task ':sqflite_android:mergeDebugJniLibFolders' because:
[        ]   Build cache is disabled
[        ]   Simple merging task
[        ] Skipping task ':sqflite_android:mergeDebugJniLibFolders' as it is up-to-date.
[        ] Resolve mutations for :sqflite_android:mergeDebugNativeLibs (Thread[#37303,Execution worker Thread 2,5,main]) started.
[        ] :sqflite_android:mergeDebugNativeLibs (Thread[#37303,Execution worker Thread 2,5,main]) started.
[        ] > Task :sqflite_android:mergeDebugNativeLibs NO-SOURCE
[        ] Skipping task ':sqflite_android:mergeDebugNativeLibs' as it has no source files and no previous output files.
[        ] Resolve mutations for :sqflite_android:copyDebugJniLibsProjectOnly (Thread[#37303,Execution worker Thread 2,5,main]) started.
[        ] :sqflite_android:copyDebugJniLibsProjectOnly (Thread[#37303,Execution worker Thread 2,5,main]) started.
[        ] > Task :sqflite_android:copyDebugJniLibsProjectOnly UP-TO-DATE
[        ] Caching disabled for task ':sqflite_android:copyDebugJniLibsProjectOnly' because:
[        ]   Build cache is disabled
[        ]   Caching has been disabled for the task
[        ] Skipping task ':sqflite_android:copyDebugJniLibsProjectOnly' as it is up-to-date.
[        ] work action resolve jni (project :sqflite_android) (Thread[#37303,Execution worker Thread 2,5,main]) started.
[        ] Resolve mutations for :url_launcher_android:mergeDebugJniLibFolders (Thread[#37303,Execution worker Thread 2,5,main]) started.
[        ] :url_launcher_android:mergeDebugJniLibFolders (Thread[#37303,Execution worker Thread 2,5,main]) started.
[        ] > Task :url_launcher_android:mergeDebugJniLibFolders UP-TO-DATE
[        ] Caching disabled for task ':url_launcher_android:mergeDebugJniLibFolders' because:
[        ]   Build cache is disabled
[        ]   Simple merging task
[        ] Skipping task ':url_launcher_android:mergeDebugJniLibFolders' as it is up-to-date.
[        ] Resolve mutations for :url_launcher_android:mergeDebugNativeLibs (Thread[#37303,Execution worker Thread 2,5,main]) started.
[        ] :url_launcher_android:mergeDebugNativeLibs (Thread[#37303,Execution worker Thread 2,5,main]) started.
[        ] > Task :url_launcher_android:mergeDebugNativeLibs NO-SOURCE
[        ] Skipping task ':url_launcher_android:mergeDebugNativeLibs' as it has no source files and no previous output files.
[        ] Resolve mutations for :url_launcher_android:copyDebugJniLibsProjectOnly (Thread[#37303,Execution worker Thread 2,5,main]) started.
[        ] :url_launcher_android:copyDebugJniLibsProjectOnly (Thread[#37303,Execution worker Thread 2,5,main]) started.
[        ] > Task :url_launcher_android:copyDebugJniLibsProjectOnly UP-TO-DATE
[        ] Caching disabled for task ':url_launcher_android:copyDebugJniLibsProjectOnly' because:
[        ]   Build cache is disabled
[        ]   Caching has been disabled for the task
[        ] Skipping task ':url_launcher_android:copyDebugJniLibsProjectOnly' as it is up-to-date.
[        ] work action resolve jni (project :url_launcher_android) (Thread[#37303,Execution worker Thread 2,5,main]) started.
[        ] Resolve mutations for :video_player_android:mergeDebugJniLibFolders (Thread[#37303,Execution worker Thread 2,5,main]) started.
[        ] :video_player_android:mergeDebugJniLibFolders (Thread[#37303,Execution worker Thread 2,5,main]) started.
[        ] > Task :video_player_android:mergeDebugJniLibFolders UP-TO-DATE
[        ] Caching disabled for task ':video_player_android:mergeDebugJniLibFolders' because:
[        ]   Build cache is disabled
[        ]   Simple merging task
[        ] Skipping task ':video_player_android:mergeDebugJniLibFolders' as it is up-to-date.
[        ] Resolve mutations for :video_player_android:mergeDebugNativeLibs (Thread[#37303,Execution worker Thread 2,5,main]) started.
[        ] :video_player_android:mergeDebugNativeLibs (Thread[#37303,Execution worker Thread 2,5,main]) started.
[        ] > Task :video_player_android:mergeDebugNativeLibs NO-SOURCE
[        ] Skipping task ':video_player_android:mergeDebugNativeLibs' as it has no source files and no previous output files.
[        ] Resolve mutations for :video_player_android:copyDebugJniLibsProjectOnly (Thread[#37303,Execution worker Thread 2,5,main]) started.
[        ] :video_player_android:copyDebugJniLibsProjectOnly (Thread[#37303,Execution worker Thread 2,5,main]) started.
[        ] > Task :video_player_android:copyDebugJniLibsProjectOnly UP-TO-DATE
[        ] Caching disabled for task ':video_player_android:copyDebugJniLibsProjectOnly' because:
[        ]   Build cache is disabled
[        ]   Caching has been disabled for the task
[        ] Skipping task ':video_player_android:copyDebugJniLibsProjectOnly' as it is up-to-date.
[        ] work action resolve jni (project :video_player_android) (Thread[#37303,Execution worker Thread 2,5,main]) started.
[        ] Resolve mutations for :app:mergeDebugNativeLibs (Thread[#37303,Execution worker Thread 2,5,main]) started.
[        ] :app:mergeDebugNativeLibs (Thread[#37303,Execution worker Thread 2,5,main]) started.
[        ] Resolve mutations for :app:validateSigningDebug (Thread[#37306,Execution worker Thread 5,5,main]) started.
[        ] :app:validateSigningDebug (Thread[#37306,Execution worker Thread 5,5,main]) started.
[        ] > Task :app:validateSigningDebug UP-TO-DATE
[        ] Caching disabled for task ':app:validateSigningDebug' because:
[        ]   Build cache is disabled
[        ]   Caching has been disabled for the task
[        ] Skipping task ':app:validateSigningDebug' as it is up-to-date.
[        ] Resolve mutations for :app:writeDebugAppMetadata (Thread[#37306,Execution worker Thread 5,5,main]) started.
[        ] :app:writeDebugAppMetadata (Thread[#37306,Execution worker Thread 5,5,main]) started.
[        ] > Task :app:writeDebugAppMetadata UP-TO-DATE
[        ] Caching disabled for task ':app:writeDebugAppMetadata' because:
[        ]   Build cache is disabled
[        ]   Caching has been disabled for the task
[        ] Skipping task ':app:writeDebugAppMetadata' as it is up-to-date.
[        ] Resolve mutations for :app:writeDebugSigningConfigVersions (Thread[#37306,Execution worker Thread 5,5,main]) started.
[        ] :app:writeDebugSigningConfigVersions (Thread[#37306,Execution worker Thread 5,5,main]) started.
[        ] > Task :app:writeDebugSigningConfigVersions UP-TO-DATE
[        ] Caching disabled for task ':app:writeDebugSigningConfigVersions' because:
[        ]   Build cache is disabled
[        ]   Caching has been disabled for the task
[        ] Skipping task ':app:writeDebugSigningConfigVersions' as it is up-to-date.
[        ] Resolve mutations for :connectivity_plus:stripDebugDebugSymbols (Thread[#37306,Execution worker Thread 5,5,main]) started.
[        ] :connectivity_plus:stripDebugDebugSymbols (Thread[#37306,Execution worker Thread 5,5,main]) started.
[        ] > Task :connectivity_plus:stripDebugDebugSymbols NO-SOURCE
[        ] Skipping task ':connectivity_plus:stripDebugDebugSymbols' as it has no source files and no previous output files.
[        ] Resolve mutations for :connectivity_plus:copyDebugJniLibsProjectAndLocalJars (Thread[#37306,Execution worker Thread 5,5,main]) started.
[        ] :connectivity_plus:copyDebugJniLibsProjectAndLocalJars (Thread[#37306,Execution worker Thread 5,5,main]) started.
[        ] > Task :connectivity_plus:copyDebugJniLibsProjectAndLocalJars UP-TO-DATE
[        ] Caching disabled for task ':connectivity_plus:copyDebugJniLibsProjectAndLocalJars' because:
[        ]   Build cache is disabled
[        ]   Caching has been disabled for the task
[        ] Skipping task ':connectivity_plus:copyDebugJniLibsProjectAndLocalJars' as it is up-to-date.
[        ] Resolve mutations for :connectivity_plus:extractDebugAnnotations (Thread[#37306,Execution worker Thread 5,5,main]) started.
[        ] :connectivity_plus:extractDebugAnnotations (Thread[#37306,Execution worker Thread 5,5,main]) started.
[  +92 ms] > Task :connectivity_plus:extractDebugAnnotations UP-TO-DATE
[        ] Caching disabled for task ':connectivity_plus:extractDebugAnnotations' because:
[        ]   Build cache is disabled
[        ] Skipping task ':connectivity_plus:extractDebugAnnotations' as it is up-to-date.
[        ] Resolve mutations for :connectivity_plus:extractDeepLinksForAarDebug (Thread[#37306,Execution worker Thread 5,5,main]) started.
[        ] :connectivity_plus:extractDeepLinksForAarDebug (Thread[#37306,Execution worker Thread 5,5,main]) started.
[        ] > Task :connectivity_plus:extractDeepLinksForAarDebug UP-TO-DATE
[        ] Caching disabled for task ':connectivity_plus:extractDeepLinksForAarDebug' because:
[        ]   Build cache is disabled
[        ] Skipping task ':connectivity_plus:extractDeepLinksForAarDebug' as it is up-to-date.
[        ] Resolve mutations for :connectivity_plus:mergeDebugGeneratedProguardFiles (Thread[#37306,Execution worker Thread 5,5,main]) started.
[        ] :connectivity_plus:mergeDebugGeneratedProguardFiles (Thread[#37306,Execution worker Thread 5,5,main]) started.
[        ] > Task :connectivity_plus:mergeDebugGeneratedProguardFiles UP-TO-DATE
[        ] Caching disabled for task ':connectivity_plus:mergeDebugGeneratedProguardFiles' because:
[        ]   Build cache is disabled
[        ]   Simple merging task
[        ] Skipping task ':connectivity_plus:mergeDebugGeneratedProguardFiles' as it is up-to-date.
[        ] Resolve mutations for :connectivity_plus:mergeDebugConsumerProguardFiles (Thread[#37306,Execution worker Thread 5,5,main]) started.
[        ] :connectivity_plus:mergeDebugConsumerProguardFiles (Thread[#37306,Execution worker Thread 5,5,main]) started.
[        ] > Task :connectivity_plus:mergeDebugConsumerProguardFiles UP-TO-DATE
[        ] Caching disabled for task ':connectivity_plus:mergeDebugConsumerProguardFiles' because:
[        ]   Build cache is disabled
[        ]   Simple merging task
[        ] Skipping task ':connectivity_plus:mergeDebugConsumerProguardFiles' as it is up-to-date.
[        ] Resolve mutations for :connectivity_plus:prepareDebugArtProfile (Thread[#37306,Execution worker Thread 5,5,main]) started.
[        ] :connectivity_plus:prepareDebugArtProfile (Thread[#37306,Execution worker Thread 5,5,main]) started.
[        ] > Task :connectivity_plus:prepareDebugArtProfile UP-TO-DATE
[        ] Caching disabled for task ':connectivity_plus:prepareDebugArtProfile' because:
[        ]   Build cache is disabled
[        ]   Caching has been disabled for the task
[        ] Skipping task ':connectivity_plus:prepareDebugArtProfile' as it is up-to-date.
[        ] Resolve mutations for :connectivity_plus:prepareLintJarForPublish (Thread[#37306,Execution worker Thread 5,5,main]) started.
[        ] :connectivity_plus:prepareLintJarForPublish (Thread[#37306,Execution worker Thread 5,5,main]) started.
[        ] > Task :connectivity_plus:prepareLintJarForPublish UP-TO-DATE
[        ] Caching disabled for task ':connectivity_plus:prepareLintJarForPublish' because:
[        ]   Build cache is disabled
[        ]   Caching has been disabled for the task
[        ] Skipping task ':connectivity_plus:prepareLintJarForPublish' as it is up-to-date.
[        ] Resolve mutations for :connectivity_plus:mergeDebugJavaResource (Thread[#37306,Execution worker Thread 5,5,main]) started.
[        ] :connectivity_plus:mergeDebugJavaResource (Thread[#37306,Execution worker Thread 5,5,main]) started.
[        ] > Task :connectivity_plus:mergeDebugJavaResource UP-TO-DATE
[        ] Caching disabled for task ':connectivity_plus:mergeDebugJavaResource' because:
[        ]   Build cache is disabled
[        ]   Caching has been disabled for the task
[        ] Skipping task ':connectivity_plus:mergeDebugJavaResource' as it is up-to-date.
[        ] Resolve mutations for :connectivity_plus:syncDebugLibJars (Thread[#37306,Execution worker Thread 5,5,main]) started.
[        ] :connectivity_plus:syncDebugLibJars (Thread[#37306,Execution worker Thread 5,5,main]) started.
[        ] > Task :connectivity_plus:syncDebugLibJars UP-TO-DATE
[        ] Caching disabled for task ':connectivity_plus:syncDebugLibJars' because:
[        ]   Build cache is disabled
[        ] Skipping task ':connectivity_plus:syncDebugLibJars' as it is up-to-date.
[        ] Resolve mutations for :connectivity_plus:bundleDebugAar (Thread[#37306,Execution worker Thread 5,5,main]) started.
[        ] :connectivity_plus:bundleDebugAar (Thread[#37306,Execution worker Thread 5,5,main]) started.
[        ] > Task :connectivity_plus:bundleDebugAar UP-TO-DATE
[        ] Caching disabled for task ':connectivity_plus:bundleDebugAar' because:
[        ]   Build cache is disabled
[        ]   Caching has been disabled for the task
[        ] Skipping task ':connectivity_plus:bundleDebugAar' as it is up-to-date.
[        ] Resolve mutations for :connectivity_plus:assembleDebug (Thread[#37306,Execution worker Thread 5,5,main]) started.
[        ] :connectivity_plus:assembleDebug (Thread[#37306,Execution worker Thread 5,5,main]) started.
[        ] > Task :connectivity_plus:assembleDebug UP-TO-DATE
[        ] Skipping task ':connectivity_plus:assembleDebug' as it has no actions.
[        ] Resolve mutations for :emoji_picker_flutter:stripDebugDebugSymbols (Thread[#37306,Execution worker Thread 5,5,main]) started.
[        ] :emoji_picker_flutter:stripDebugDebugSymbols (Thread[#37306,Execution worker Thread 5,5,main]) started.
[        ] > Task :emoji_picker_flutter:stripDebugDebugSymbols NO-SOURCE
[        ] Skipping task ':emoji_picker_flutter:stripDebugDebugSymbols' as it has no source files and no previous output files.
[        ] Resolve mutations for :emoji_picker_flutter:copyDebugJniLibsProjectAndLocalJars (Thread[#37306,Execution worker Thread 5,5,main]) started.
[        ] :emoji_picker_flutter:copyDebugJniLibsProjectAndLocalJars (Thread[#37306,Execution worker Thread 5,5,main]) started.
[        ] > Task :emoji_picker_flutter:copyDebugJniLibsProjectAndLocalJars UP-TO-DATE
[        ] Caching disabled for task ':emoji_picker_flutter:copyDebugJniLibsProjectAndLocalJars' because:
[        ]   Build cache is disabled
[        ]   Caching has been disabled for the task
[        ] Skipping task ':emoji_picker_flutter:copyDebugJniLibsProjectAndLocalJars' as it is up-to-date.
[        ] Resolve mutations for :emoji_picker_flutter:extractDebugAnnotations (Thread[#37306,Execution worker Thread 5,5,main]) started.
[        ] > Task :app:mergeDebugJavaResource
[        ] Caching disabled for task ':app:mergeDebugJavaResource' because:
[        ]   Build cache is disabled
[        ]   Caching has been disabled for the task
[        ] Task ':app:mergeDebugJavaResource' is not up-to-date because:
[        ]   Input property 'externalLibJavaRes.fileCollection' file /Users/florian/.gradle/caches/8.12.1/transforms/85f5fb124c273e9fc8c2a93a2da073b9/transformed/jetified-armeabi_v7a_debug-1.0.0-587c18f873b8ab57330422bce09047420d9c7f42.jar has been removed.
[        ]   Input property 'externalLibJavaRes.fileCollection' file /Users/florian/.gradle/caches/8.12.1/transforms/93335927a1d1c39897216a4c3dc0cc26/transformed/jetified-x86_64_debug-1.0.0-587c18f873b8ab57330422bce09047420d9c7f42.jar has been removed.
[        ] :emoji_picker_flutter:extractDebugAnnotations (Thread[#37306,Execution worker Thread 5,5,main]) started.
[        ] > Task :emoji_picker_flutter:extractDebugAnnotations UP-TO-DATE
[        ] Caching disabled for task ':emoji_picker_flutter:extractDebugAnnotations' because:
[        ]   Build cache is disabled
[        ] Skipping task ':emoji_picker_flutter:extractDebugAnnotations' as it is up-to-date.
[        ] Resolve mutations for :emoji_picker_flutter:extractDeepLinksForAarDebug (Thread[#37306,Execution worker Thread 5,5,main]) started.
[        ] :emoji_picker_flutter:extractDeepLinksForAarDebug (Thread[#37306,Execution worker Thread 5,5,main]) started.
[        ] > Task :emoji_picker_flutter:extractDeepLinksForAarDebug UP-TO-DATE
[        ] Caching disabled for task ':emoji_picker_flutter:extractDeepLinksForAarDebug' because:
[        ]   Build cache is disabled
[        ] Skipping task ':emoji_picker_flutter:extractDeepLinksForAarDebug' as it is up-to-date.
[        ] Resolve mutations for :emoji_picker_flutter:mergeDebugGeneratedProguardFiles (Thread[#37306,Execution worker Thread 5,5,main]) started.
[        ] :emoji_picker_flutter:mergeDebugGeneratedProguardFiles (Thread[#37306,Execution worker Thread 5,5,main]) started.
[        ] > Task :emoji_picker_flutter:mergeDebugGeneratedProguardFiles UP-TO-DATE
[        ] Caching disabled for task ':emoji_picker_flutter:mergeDebugGeneratedProguardFiles' because:
[        ]   Build cache is disabled
[        ]   Simple merging task
[        ] Skipping task ':emoji_picker_flutter:mergeDebugGeneratedProguardFiles' as it is up-to-date.
[        ] Resolve mutations for :emoji_picker_flutter:mergeDebugConsumerProguardFiles (Thread[#37306,Execution worker Thread 5,5,main]) started.
[        ] :emoji_picker_flutter:mergeDebugConsumerProguardFiles (Thread[#37306,Execution worker Thread 5,5,main]) started.
[        ] > Task :emoji_picker_flutter:mergeDebugConsumerProguardFiles UP-TO-DATE
[        ] Caching disabled for task ':emoji_picker_flutter:mergeDebugConsumerProguardFiles' because:
[        ]   Build cache is disabled
[        ]   Simple merging task
[        ] Skipping task ':emoji_picker_flutter:mergeDebugConsumerProguardFiles' as it is up-to-date.
[        ] Resolve mutations for :emoji_picker_flutter:prepareDebugArtProfile (Thread[#37306,Execution worker Thread 5,5,main]) started.
[        ] :emoji_picker_flutter:prepareDebugArtProfile (Thread[#37306,Execution worker Thread 5,5,main]) started.
[        ] > Task :emoji_picker_flutter:prepareDebugArtProfile UP-TO-DATE
[        ] Caching disabled for task ':emoji_picker_flutter:prepareDebugArtProfile' because:
[        ]   Build cache is disabled
[        ]   Caching has been disabled for the task
[        ] Skipping task ':emoji_picker_flutter:prepareDebugArtProfile' as it is up-to-date.
[        ] Resolve mutations for :emoji_picker_flutter:prepareLintJarForPublish (Thread[#37306,Execution worker Thread 5,5,main]) started.
[        ] :emoji_picker_flutter:prepareLintJarForPublish (Thread[#37306,Execution worker Thread 5,5,main]) started.
[        ] > Task :emoji_picker_flutter:prepareLintJarForPublish UP-TO-DATE
[        ] Caching disabled for task ':emoji_picker_flutter:prepareLintJarForPublish' because:
[        ]   Build cache is disabled
[        ]   Caching has been disabled for the task
[        ] Skipping task ':emoji_picker_flutter:prepareLintJarForPublish' as it is up-to-date.
[        ] Resolve mutations for :emoji_picker_flutter:mergeDebugJavaResource (Thread[#37306,Execution worker Thread 5,5,main]) started.
[        ] :emoji_picker_flutter:mergeDebugJavaResource (Thread[#37306,Execution worker Thread 5,5,main]) started.
[        ] > Task :emoji_picker_flutter:mergeDebugJavaResource UP-TO-DATE
[        ] Caching disabled for task ':emoji_picker_flutter:mergeDebugJavaResource' because:
[        ]   Build cache is disabled
[        ]   Caching has been disabled for the task
[        ] Skipping task ':emoji_picker_flutter:mergeDebugJavaResource' as it is up-to-date.
[        ] Resolve mutations for :emoji_picker_flutter:syncDebugLibJars (Thread[#37306,Execution worker Thread 5,5,main]) started.
[        ] :emoji_picker_flutter:syncDebugLibJars (Thread[#37306,Execution worker Thread 5,5,main]) started.
[        ] > Task :emoji_picker_flutter:syncDebugLibJars UP-TO-DATE
[        ] Caching disabled for task ':emoji_picker_flutter:syncDebugLibJars' because:
[        ]   Build cache is disabled
[        ] Skipping task ':emoji_picker_flutter:syncDebugLibJars' as it is up-to-date.
[        ] Resolve mutations for :emoji_picker_flutter:bundleDebugAar (Thread[#37306,Execution worker Thread 5,5,main]) started.
[        ] :emoji_picker_flutter:bundleDebugAar (Thread[#37306,Execution worker Thread 5,5,main]) started.
[        ] > Task :emoji_picker_flutter:bundleDebugAar UP-TO-DATE
[        ] Caching disabled for task ':emoji_picker_flutter:bundleDebugAar' because:
[        ]   Build cache is disabled
[        ]   Caching has been disabled for the task
[        ] Skipping task ':emoji_picker_flutter:bundleDebugAar' as it is up-to-date.
[        ] Resolve mutations for :emoji_picker_flutter:assembleDebug (Thread[#37306,Execution worker Thread 5,5,main]) started.
[        ] :emoji_picker_flutter:assembleDebug (Thread[#37306,Execution worker Thread 5,5,main]) started.
[        ] > Task :emoji_picker_flutter:assembleDebug UP-TO-DATE
[        ] Skipping task ':emoji_picker_flutter:assembleDebug' as it has no actions.
[        ] Resolve mutations for :file_selector_android:stripDebugDebugSymbols (Thread[#37306,Execution worker Thread 5,5,main]) started.
[        ] :file_selector_android:stripDebugDebugSymbols (Thread[#37306,Execution worker Thread 5,5,main]) started.
[        ] > Task :file_selector_android:stripDebugDebugSymbols NO-SOURCE
[        ] Skipping task ':file_selector_android:stripDebugDebugSymbols' as it has no source files and no previous output files.
[        ] Resolve mutations for :file_selector_android:copyDebugJniLibsProjectAndLocalJars (Thread[#37306,Execution worker Thread 5,5,main]) started.
[        ] :file_selector_android:copyDebugJniLibsProjectAndLocalJars (Thread[#37306,Execution worker Thread 5,5,main]) started.
[        ] > Task :file_selector_android:copyDebugJniLibsProjectAndLocalJars UP-TO-DATE
[        ] Caching disabled for task ':file_selector_android:copyDebugJniLibsProjectAndLocalJars' because:
[        ]   Build cache is disabled
[        ]   Caching has been disabled for the task
[        ] Skipping task ':file_selector_android:copyDebugJniLibsProjectAndLocalJars' as it is up-to-date.
[        ] Resolve mutations for :file_selector_android:extractDebugAnnotations (Thread[#37306,Execution worker Thread 5,5,main]) started.
[        ] :file_selector_android:extractDebugAnnotations (Thread[#37306,Execution worker Thread 5,5,main]) started.
[        ] > Task :file_selector_android:extractDebugAnnotations UP-TO-DATE
[        ] Caching disabled for task ':file_selector_android:extractDebugAnnotations' because:
[        ]   Build cache is disabled
[        ] Skipping task ':file_selector_android:extractDebugAnnotations' as it is up-to-date.
[        ] Resolve mutations for :file_selector_android:extractDeepLinksForAarDebug (Thread[#37306,Execution worker Thread 5,5,main]) started.
[        ] :file_selector_android:extractDeepLinksForAarDebug (Thread[#37306,Execution worker Thread 5,5,main]) started.
[        ] > Task :file_selector_android:extractDeepLinksForAarDebug UP-TO-DATE
[        ] Caching disabled for task ':file_selector_android:extractDeepLinksForAarDebug' because:
[        ]   Build cache is disabled
[        ] Skipping task ':file_selector_android:extractDeepLinksForAarDebug' as it is up-to-date.
[        ] Resolve mutations for :file_selector_android:mergeDebugGeneratedProguardFiles (Thread[#37306,Execution worker Thread 5,5,main]) started.
[        ] :file_selector_android:mergeDebugGeneratedProguardFiles (Thread[#37306,Execution worker Thread 5,5,main]) started.
[        ] > Task :file_selector_android:mergeDebugGeneratedProguardFiles UP-TO-DATE
[        ] Caching disabled for task ':file_selector_android:mergeDebugGeneratedProguardFiles' because:
[        ]   Build cache is disabled
[        ]   Simple merging task
[        ] Skipping task ':file_selector_android:mergeDebugGeneratedProguardFiles' as it is up-to-date.
[        ] Resolve mutations for :file_selector_android:mergeDebugConsumerProguardFiles (Thread[#37306,Execution worker Thread 5,5,main]) started.
[        ] :file_selector_android:mergeDebugConsumerProguardFiles (Thread[#37306,Execution worker Thread 5,5,main]) started.
[        ] > Task :file_selector_android:mergeDebugConsumerProguardFiles UP-TO-DATE
[        ] Caching disabled for task ':file_selector_android:mergeDebugConsumerProguardFiles' because:
[        ]   Build cache is disabled
[        ]   Simple merging task
[        ] Skipping task ':file_selector_android:mergeDebugConsumerProguardFiles' as it is up-to-date.
[        ] Resolve mutations for :file_selector_android:prepareDebugArtProfile (Thread[#37306,Execution worker Thread 5,5,main]) started.
[        ] :file_selector_android:prepareDebugArtProfile (Thread[#37306,Execution worker Thread 5,5,main]) started.
[        ] > Task :file_selector_android:prepareDebugArtProfile UP-TO-DATE
[        ] Caching disabled for task ':file_selector_android:prepareDebugArtProfile' because:
[        ]   Build cache is disabled
[        ]   Caching has been disabled for the task
[        ] Skipping task ':file_selector_android:prepareDebugArtProfile' as it is up-to-date.
[        ] Resolve mutations for :file_selector_android:prepareLintJarForPublish (Thread[#37306,Execution worker Thread 5,5,main]) started.
[        ] :file_selector_android:prepareLintJarForPublish (Thread[#37306,Execution worker Thread 5,5,main]) started.
[        ] > Task :file_selector_android:prepareLintJarForPublish UP-TO-DATE
[        ] Caching disabled for task ':file_selector_android:prepareLintJarForPublish' because:
[        ]   Build cache is disabled
[        ]   Caching has been disabled for the task
[        ] Skipping task ':file_selector_android:prepareLintJarForPublish' as it is up-to-date.
[        ] Resolve mutations for :file_selector_android:mergeDebugJavaResource (Thread[#37306,Execution worker Thread 5,5,main]) started.
[        ] :file_selector_android:mergeDebugJavaResource (Thread[#37306,Execution worker Thread 5,5,main]) started.
[        ] > Task :file_selector_android:mergeDebugJavaResource UP-TO-DATE
[        ] Caching disabled for task ':file_selector_android:mergeDebugJavaResource' because:
[        ]   Build cache is disabled
[        ]   Caching has been disabled for the task
[        ] Skipping task ':file_selector_android:mergeDebugJavaResource' as it is up-to-date.
[        ] Resolve mutations for :file_selector_android:syncDebugLibJars (Thread[#37306,Execution worker Thread 5,5,main]) started.
[        ] :file_selector_android:syncDebugLibJars (Thread[#37306,Execution worker Thread 5,5,main]) started.
[        ] > Task :file_selector_android:syncDebugLibJars UP-TO-DATE
[        ] Caching disabled for task ':file_selector_android:syncDebugLibJars' because:
[        ]   Build cache is disabled
[        ] Skipping task ':file_selector_android:syncDebugLibJars' as it is up-to-date.
[        ] Resolve mutations for :file_selector_android:bundleDebugAar (Thread[#37306,Execution worker Thread 5,5,main]) started.
[        ] :file_selector_android:bundleDebugAar (Thread[#37306,Execution worker Thread 5,5,main]) started.
[        ] > Task :file_selector_android:bundleDebugAar UP-TO-DATE
[        ] Caching disabled for task ':file_selector_android:bundleDebugAar' because:
[        ]   Build cache is disabled
[        ]   Caching has been disabled for the task
[        ] Skipping task ':file_selector_android:bundleDebugAar' as it is up-to-date.
[        ] Resolve mutations for :file_selector_android:assembleDebug (Thread[#37306,Execution worker Thread 5,5,main]) started.
[        ] :file_selector_android:assembleDebug (Thread[#37306,Execution worker Thread 5,5,main]) started.
[        ] > Task :file_selector_android:assembleDebug UP-TO-DATE
[        ] Skipping task ':file_selector_android:assembleDebug' as it has no actions.
[        ] Resolve mutations for :flutter_keyboard_visibility_temp_fork:stripDebugDebugSymbols (Thread[#37306,Execution worker Thread 5,5,main]) started.
[        ] :flutter_keyboard_visibility_temp_fork:stripDebugDebugSymbols (Thread[#37306,Execution worker Thread 5,5,main]) started.
[        ] > Task :flutter_keyboard_visibility_temp_fork:stripDebugDebugSymbols NO-SOURCE
[        ] Skipping task ':flutter_keyboard_visibility_temp_fork:stripDebugDebugSymbols' as it has no source files and no previous output files.
[        ] Resolve mutations for :flutter_keyboard_visibility_temp_fork:copyDebugJniLibsProjectAndLocalJars (Thread[#37306,Execution worker Thread 5,5,main]) started.
[        ] :flutter_keyboard_visibility_temp_fork:copyDebugJniLibsProjectAndLocalJars (Thread[#37306,Execution worker Thread 5,5,main]) started.
[        ] > Task :flutter_keyboard_visibility_temp_fork:copyDebugJniLibsProjectAndLocalJars UP-TO-DATE
[        ] Caching disabled for task ':flutter_keyboard_visibility_temp_fork:copyDebugJniLibsProjectAndLocalJars' because:
[        ]   Build cache is disabled
[        ]   Caching has been disabled for the task
[        ] Skipping task ':flutter_keyboard_visibility_temp_fork:copyDebugJniLibsProjectAndLocalJars' as it is up-to-date.
[        ] Resolve mutations for :flutter_keyboard_visibility_temp_fork:extractDebugAnnotations (Thread[#37306,Execution worker Thread 5,5,main]) started.
[        ] :flutter_keyboard_visibility_temp_fork:extractDebugAnnotations (Thread[#37306,Execution worker Thread 5,5,main]) started.
[        ] > Task :flutter_keyboard_visibility_temp_fork:extractDebugAnnotations UP-TO-DATE
[        ] Caching disabled for task ':flutter_keyboard_visibility_temp_fork:extractDebugAnnotations' because:
[        ]   Build cache is disabled
[        ] Skipping task ':flutter_keyboard_visibility_temp_fork:extractDebugAnnotations' as it is up-to-date.
[        ] Resolve mutations for :flutter_keyboard_visibility_temp_fork:extractDeepLinksForAarDebug (Thread[#37306,Execution worker Thread 5,5,main]) started.
[        ] :flutter_keyboard_visibility_temp_fork:extractDeepLinksForAarDebug (Thread[#37306,Execution worker Thread 5,5,main]) started.
[        ] > Task :flutter_keyboard_visibility_temp_fork:extractDeepLinksForAarDebug UP-TO-DATE
[        ] Caching disabled for task ':flutter_keyboard_visibility_temp_fork:extractDeepLinksForAarDebug' because:
[        ]   Build cache is disabled
[        ] Skipping task ':flutter_keyboard_visibility_temp_fork:extractDeepLinksForAarDebug' as it is up-to-date.
[        ] Resolve mutations for :flutter_keyboard_visibility_temp_fork:mergeDebugGeneratedProguardFiles (Thread[#37306,Execution worker Thread 5,5,main]) started.
[        ] :flutter_keyboard_visibility_temp_fork:mergeDebugGeneratedProguardFiles (Thread[#37306,Execution worker Thread 5,5,main]) started.
[        ] > Task :flutter_keyboard_visibility_temp_fork:mergeDebugGeneratedProguardFiles UP-TO-DATE
[        ] Caching disabled for task ':flutter_keyboard_visibility_temp_fork:mergeDebugGeneratedProguardFiles' because:
[        ]   Build cache is disabled
[        ]   Simple merging task
[        ] Skipping task ':flutter_keyboard_visibility_temp_fork:mergeDebugGeneratedProguardFiles' as it is up-to-date.
[        ] Resolve mutations for :flutter_keyboard_visibility_temp_fork:mergeDebugConsumerProguardFiles (Thread[#37306,Execution worker Thread 5,5,main]) started.
[        ] :flutter_keyboard_visibility_temp_fork:mergeDebugConsumerProguardFiles (Thread[#37306,Execution worker Thread 5,5,main]) started.
[        ] > Task :flutter_keyboard_visibility_temp_fork:mergeDebugConsumerProguardFiles UP-TO-DATE
[        ] Caching disabled for task ':flutter_keyboard_visibility_temp_fork:mergeDebugConsumerProguardFiles' because:
[        ]   Build cache is disabled
[        ]   Simple merging task
[        ] Skipping task ':flutter_keyboard_visibility_temp_fork:mergeDebugConsumerProguardFiles' as it is up-to-date.
[        ] Resolve mutations for :flutter_keyboard_visibility_temp_fork:prepareDebugArtProfile (Thread[#37306,Execution worker Thread 5,5,main]) started.
[        ] :flutter_keyboard_visibility_temp_fork:prepareDebugArtProfile (Thread[#37306,Execution worker Thread 5,5,main]) started.
[        ] > Task :flutter_keyboard_visibility_temp_fork:prepareDebugArtProfile UP-TO-DATE
[        ] Caching disabled for task ':flutter_keyboard_visibility_temp_fork:prepareDebugArtProfile' because:
[        ]   Build cache is disabled
[        ]   Caching has been disabled for the task
[        ] Skipping task ':flutter_keyboard_visibility_temp_fork:prepareDebugArtProfile' as it is up-to-date.
[        ] Resolve mutations for :flutter_keyboard_visibility_temp_fork:prepareLintJarForPublish (Thread[#37306,Execution worker Thread 5,5,main]) started.
[        ] :flutter_keyboard_visibility_temp_fork:prepareLintJarForPublish (Thread[#37306,Execution worker Thread 5,5,main]) started.
[        ] > Task :flutter_keyboard_visibility_temp_fork:prepareLintJarForPublish UP-TO-DATE
[        ] Caching disabled for task ':flutter_keyboard_visibility_temp_fork:prepareLintJarForPublish' because:
[        ]   Build cache is disabled
[        ]   Caching has been disabled for the task
[        ] Skipping task ':flutter_keyboard_visibility_temp_fork:prepareLintJarForPublish' as it is up-to-date.
[        ] Resolve mutations for :flutter_keyboard_visibility_temp_fork:mergeDebugJavaResource (Thread[#37306,Execution worker Thread 5,5,main]) started.
[        ] :flutter_keyboard_visibility_temp_fork:mergeDebugJavaResource (Thread[#37306,Execution worker Thread 5,5,main]) started.
[        ] > Task :flutter_keyboard_visibility_temp_fork:mergeDebugJavaResource UP-TO-DATE
[        ] Caching disabled for task ':flutter_keyboard_visibility_temp_fork:mergeDebugJavaResource' because:
[        ]   Build cache is disabled
[        ]   Caching has been disabled for the task
[        ] Skipping task ':flutter_keyboard_visibility_temp_fork:mergeDebugJavaResource' as it is up-to-date.
[        ] Resolve mutations for :flutter_keyboard_visibility_temp_fork:syncDebugLibJars (Thread[#37306,Execution worker Thread 5,5,main]) started.
[        ] :flutter_keyboard_visibility_temp_fork:syncDebugLibJars (Thread[#37306,Execution worker Thread 5,5,main]) started.
[        ] > Task :flutter_keyboard_visibility_temp_fork:syncDebugLibJars UP-TO-DATE
[        ] Caching disabled for task ':flutter_keyboard_visibility_temp_fork:syncDebugLibJars' because:
[        ]   Build cache is disabled
[        ] Skipping task ':flutter_keyboard_visibility_temp_fork:syncDebugLibJars' as it is up-to-date.
[        ] Resolve mutations for :flutter_keyboard_visibility_temp_fork:bundleDebugAar (Thread[#37306,Execution worker Thread 5,5,main]) started.
[        ] :flutter_keyboard_visibility_temp_fork:bundleDebugAar (Thread[#37306,Execution worker Thread 5,5,main]) started.
[        ] > Task :flutter_keyboard_visibility_temp_fork:bundleDebugAar UP-TO-DATE
[        ] Caching disabled for task ':flutter_keyboard_visibility_temp_fork:bundleDebugAar' because:
[        ]   Build cache is disabled
[        ]   Caching has been disabled for the task
[        ] Skipping task ':flutter_keyboard_visibility_temp_fork:bundleDebugAar' as it is up-to-date.
[        ] Resolve mutations for :flutter_keyboard_visibility_temp_fork:assembleDebug (Thread[#37306,Execution worker Thread 5,5,main]) started.
[        ] :flutter_keyboard_visibility_temp_fork:assembleDebug (Thread[#37306,Execution worker Thread 5,5,main]) started.
[        ] > Task :flutter_keyboard_visibility_temp_fork:assembleDebug UP-TO-DATE
[        ] Skipping task ':flutter_keyboard_visibility_temp_fork:assembleDebug' as it has no actions.
[        ] Resolve mutations for :flutter_native_splash:stripDebugDebugSymbols (Thread[#37306,Execution worker Thread 5,5,main]) started.
[        ] :flutter_native_splash:stripDebugDebugSymbols (Thread[#37306,Execution worker Thread 5,5,main]) started.
[        ] > Task :flutter_native_splash:stripDebugDebugSymbols NO-SOURCE
[        ] Skipping task ':flutter_native_splash:stripDebugDebugSymbols' as it has no source files and no previous output files.
[        ] Resolve mutations for :flutter_native_splash:copyDebugJniLibsProjectAndLocalJars (Thread[#37306,Execution worker Thread 5,5,main]) started.
[        ] :flutter_native_splash:copyDebugJniLibsProjectAndLocalJars (Thread[#37306,Execution worker Thread 5,5,main]) started.
[        ] > Task :flutter_native_splash:copyDebugJniLibsProjectAndLocalJars UP-TO-DATE
[        ] Caching disabled for task ':flutter_native_splash:copyDebugJniLibsProjectAndLocalJars' because:
[        ]   Build cache is disabled
[        ]   Caching has been disabled for the task
[        ] Skipping task ':flutter_native_splash:copyDebugJniLibsProjectAndLocalJars' as it is up-to-date.
[        ] Resolve mutations for :flutter_native_splash:extractDebugAnnotations (Thread[#37306,Execution worker Thread 5,5,main]) started.
[        ] :flutter_native_splash:extractDebugAnnotations (Thread[#37306,Execution worker Thread 5,5,main]) started.
[        ] > Task :flutter_native_splash:extractDebugAnnotations UP-TO-DATE
[        ] Caching disabled for task ':flutter_native_splash:extractDebugAnnotations' because:
[        ]   Build cache is disabled
[        ] Skipping task ':flutter_native_splash:extractDebugAnnotations' as it is up-to-date.
[        ] Resolve mutations for :flutter_native_splash:extractDeepLinksForAarDebug (Thread[#37306,Execution worker Thread 5,5,main]) started.
[        ] :flutter_native_splash:extractDeepLinksForAarDebug (Thread[#37306,Execution worker Thread 5,5,main]) started.
[        ] > Task :flutter_native_splash:extractDeepLinksForAarDebug UP-TO-DATE
[        ] Caching disabled for task ':flutter_native_splash:extractDeepLinksForAarDebug' because:
[        ]   Build cache is disabled
[        ] Skipping task ':flutter_native_splash:extractDeepLinksForAarDebug' as it is up-to-date.
[        ] Resolve mutations for :flutter_native_splash:mergeDebugGeneratedProguardFiles (Thread[#37306,Execution worker Thread 5,5,main]) started.
[        ] :flutter_native_splash:mergeDebugGeneratedProguardFiles (Thread[#37306,Execution worker Thread 5,5,main]) started.
[        ] > Task :flutter_native_splash:mergeDebugGeneratedProguardFiles UP-TO-DATE
[        ] Caching disabled for task ':flutter_native_splash:mergeDebugGeneratedProguardFiles' because:
[        ]   Build cache is disabled
[        ]   Simple merging task
[        ] Skipping task ':flutter_native_splash:mergeDebugGeneratedProguardFiles' as it is up-to-date.
[        ] Resolve mutations for :flutter_native_splash:mergeDebugConsumerProguardFiles (Thread[#37306,Execution worker Thread 5,5,main]) started.
[        ] :flutter_native_splash:mergeDebugConsumerProguardFiles (Thread[#37306,Execution worker Thread 5,5,main]) started.
[        ] > Task :flutter_native_splash:mergeDebugConsumerProguardFiles UP-TO-DATE
[        ] Caching disabled for task ':flutter_native_splash:mergeDebugConsumerProguardFiles' because:
[        ]   Build cache is disabled
[        ]   Simple merging task
[        ] Skipping task ':flutter_native_splash:mergeDebugConsumerProguardFiles' as it is up-to-date.
[        ] Resolve mutations for :flutter_native_splash:prepareDebugArtProfile (Thread[#37306,Execution worker Thread 5,5,main]) started.
[        ] :flutter_native_splash:prepareDebugArtProfile (Thread[#37306,Execution worker Thread 5,5,main]) started.
[        ] > Task :flutter_native_splash:prepareDebugArtProfile UP-TO-DATE
[        ] Caching disabled for task ':flutter_native_splash:prepareDebugArtProfile' because:
[        ]   Build cache is disabled
[        ]   Caching has been disabled for the task
[        ] Skipping task ':flutter_native_splash:prepareDebugArtProfile' as it is up-to-date.
[        ] Resolve mutations for :flutter_native_splash:prepareLintJarForPublish (Thread[#37306,Execution worker Thread 5,5,main]) started.
[        ] :flutter_native_splash:prepareLintJarForPublish (Thread[#37306,Execution worker Thread 5,5,main]) started.
[        ] > Task :flutter_native_splash:prepareLintJarForPublish UP-TO-DATE
[        ] Caching disabled for task ':flutter_native_splash:prepareLintJarForPublish' because:
[        ]   Build cache is disabled
[        ]   Caching has been disabled for the task
[        ] Skipping task ':flutter_native_splash:prepareLintJarForPublish' as it is up-to-date.
[        ] Resolve mutations for :flutter_native_splash:mergeDebugJavaResource (Thread[#37306,Execution worker Thread 5,5,main]) started.
[        ] :flutter_native_splash:mergeDebugJavaResource (Thread[#37306,Execution worker Thread 5,5,main]) started.
[        ] > Task :flutter_native_splash:mergeDebugJavaResource UP-TO-DATE
[        ] Caching disabled for task ':flutter_native_splash:mergeDebugJavaResource' because:
[        ]   Build cache is disabled
[        ]   Caching has been disabled for the task
[        ] Skipping task ':flutter_native_splash:mergeDebugJavaResource' as it is up-to-date.
[        ] Resolve mutations for :flutter_native_splash:syncDebugLibJars (Thread[#37306,Execution worker Thread 5,5,main]) started.
[        ] :flutter_native_splash:syncDebugLibJars (Thread[#37306,Execution worker Thread 5,5,main]) started.
[        ] > Task :flutter_native_splash:syncDebugLibJars UP-TO-DATE
[        ] Caching disabled for task ':flutter_native_splash:syncDebugLibJars' because:
[        ]   Build cache is disabled
[        ] Skipping task ':flutter_native_splash:syncDebugLibJars' as it is up-to-date.
[        ] Resolve mutations for :flutter_native_splash:bundleDebugAar (Thread[#37306,Execution worker Thread 5,5,main]) started.
[        ] :flutter_native_splash:bundleDebugAar (Thread[#37306,Execution worker Thread 5,5,main]) started.
[        ] > Task :flutter_native_splash:bundleDebugAar UP-TO-DATE
[        ] Caching disabled for task ':flutter_native_splash:bundleDebugAar' because:
[        ]   Build cache is disabled
[        ]   Caching has been disabled for the task
[        ] Skipping task ':flutter_native_splash:bundleDebugAar' as it is up-to-date.
[        ] Resolve mutations for :flutter_native_splash:assembleDebug (Thread[#37306,Execution worker Thread 5,5,main]) started.
[        ] :flutter_native_splash:assembleDebug (Thread[#37306,Execution worker Thread 5,5,main]) started.
[        ] > Task :flutter_native_splash:assembleDebug UP-TO-DATE
[        ] Skipping task ':flutter_native_splash:assembleDebug' as it has no actions.
[        ] Resolve mutations for :flutter_olm:stripDebugDebugSymbols (Thread[#37306,Execution worker Thread 5,5,main]) started.
[        ] :flutter_olm:stripDebugDebugSymbols (Thread[#37306,Execution worker Thread 5,5,main]) started.
[        ] > Task :flutter_olm:stripDebugDebugSymbols UP-TO-DATE
[        ] Caching disabled for task ':flutter_olm:stripDebugDebugSymbols' because:
[        ]   Build cache is disabled
[        ]   Caching has been disabled for the task
[        ] Skipping task ':flutter_olm:stripDebugDebugSymbols' as it is up-to-date.
[        ] Resolve mutations for :flutter_olm:copyDebugJniLibsProjectAndLocalJars (Thread[#37306,Execution worker Thread 5,5,main]) started.
[        ] :flutter_olm:copyDebugJniLibsProjectAndLocalJars (Thread[#37306,Execution worker Thread 5,5,main]) started.
[        ] > Task :flutter_olm:copyDebugJniLibsProjectAndLocalJars UP-TO-DATE
[        ] Caching disabled for task ':flutter_olm:copyDebugJniLibsProjectAndLocalJars' because:
[        ]   Build cache is disabled
[        ]   Caching has been disabled for the task
[        ] Skipping task ':flutter_olm:copyDebugJniLibsProjectAndLocalJars' as it is up-to-date.
[        ] Resolve mutations for :flutter_olm:extractDebugAnnotations (Thread[#37306,Execution worker Thread 5,5,main]) started.
[        ] :flutter_olm:extractDebugAnnotations (Thread[#37306,Execution worker Thread 5,5,main]) started.
[        ] > Task :flutter_olm:extractDebugAnnotations UP-TO-DATE
[        ] Caching disabled for task ':flutter_olm:extractDebugAnnotations' because:
[        ]   Build cache is disabled
[        ] Skipping task ':flutter_olm:extractDebugAnnotations' as it is up-to-date.
[        ] Resolve mutations for :flutter_olm:extractDeepLinksForAarDebug (Thread[#37306,Execution worker Thread 5,5,main]) started.
[        ] :flutter_olm:extractDeepLinksForAarDebug (Thread[#37306,Execution worker Thread 5,5,main]) started.
[        ] > Task :flutter_olm:extractDeepLinksForAarDebug UP-TO-DATE
[        ] Caching disabled for task ':flutter_olm:extractDeepLinksForAarDebug' because:
[        ]   Build cache is disabled
[        ] Skipping task ':flutter_olm:extractDeepLinksForAarDebug' as it is up-to-date.
[        ] Resolve mutations for :flutter_olm:mergeDebugGeneratedProguardFiles (Thread[#37306,Execution worker Thread 5,5,main]) started.
[        ] :flutter_olm:mergeDebugGeneratedProguardFiles (Thread[#37306,Execution worker Thread 5,5,main]) started.
[        ] > Task :flutter_olm:mergeDebugGeneratedProguardFiles UP-TO-DATE
[        ] Caching disabled for task ':flutter_olm:mergeDebugGeneratedProguardFiles' because:
[        ]   Build cache is disabled
[        ]   Simple merging task
[        ] Skipping task ':flutter_olm:mergeDebugGeneratedProguardFiles' as it is up-to-date.
[        ] Resolve mutations for :flutter_olm:mergeDebugConsumerProguardFiles (Thread[#37306,Execution worker Thread 5,5,main]) started.
[        ] :flutter_olm:mergeDebugConsumerProguardFiles (Thread[#37306,Execution worker Thread 5,5,main]) started.
[        ] > Task :flutter_olm:mergeDebugConsumerProguardFiles UP-TO-DATE
[        ] Caching disabled for task ':flutter_olm:mergeDebugConsumerProguardFiles' because:
[        ]   Build cache is disabled
[        ]   Simple merging task
[        ] Skipping task ':flutter_olm:mergeDebugConsumerProguardFiles' as it is up-to-date.
[        ] Resolve mutations for :flutter_olm:prepareDebugArtProfile (Thread[#37306,Execution worker Thread 5,5,main]) started.
[        ] :flutter_olm:prepareDebugArtProfile (Thread[#37306,Execution worker Thread 5,5,main]) started.
[        ] > Task :flutter_olm:prepareDebugArtProfile UP-TO-DATE
[        ] Caching disabled for task ':flutter_olm:prepareDebugArtProfile' because:
[        ]   Build cache is disabled
[        ]   Caching has been disabled for the task
[        ] Skipping task ':flutter_olm:prepareDebugArtProfile' as it is up-to-date.
[        ] Resolve mutations for :flutter_olm:prepareLintJarForPublish (Thread[#37306,Execution worker Thread 5,5,main]) started.
[        ] :flutter_olm:prepareLintJarForPublish (Thread[#37306,Execution worker Thread 5,5,main]) started.
[        ] > Task :flutter_olm:prepareLintJarForPublish UP-TO-DATE
[        ] Caching disabled for task ':flutter_olm:prepareLintJarForPublish' because:
[        ]   Build cache is disabled
[        ]   Caching has been disabled for the task
[        ] Skipping task ':flutter_olm:prepareLintJarForPublish' as it is up-to-date.
[        ] Resolve mutations for :flutter_olm:mergeDebugJavaResource (Thread[#37306,Execution worker Thread 5,5,main]) started.
[        ] :flutter_olm:mergeDebugJavaResource (Thread[#37306,Execution worker Thread 5,5,main]) started.
[        ] > Task :flutter_olm:mergeDebugJavaResource UP-TO-DATE
[        ] Caching disabled for task ':flutter_olm:mergeDebugJavaResource' because:
[        ]   Build cache is disabled
[        ]   Caching has been disabled for the task
[        ] Skipping task ':flutter_olm:mergeDebugJavaResource' as it is up-to-date.
[        ] Resolve mutations for :flutter_olm:syncDebugLibJars (Thread[#37306,Execution worker Thread 5,5,main]) started.
[        ] :flutter_olm:syncDebugLibJars (Thread[#37306,Execution worker Thread 5,5,main]) started.
[        ] > Task :flutter_olm:syncDebugLibJars UP-TO-DATE
[        ] Caching disabled for task ':flutter_olm:syncDebugLibJars' because:
[        ]   Build cache is disabled
[        ] Skipping task ':flutter_olm:syncDebugLibJars' as it is up-to-date.
[        ] Resolve mutations for :flutter_olm:bundleDebugAar (Thread[#37306,Execution worker Thread 5,5,main]) started.
[        ] :flutter_olm:bundleDebugAar (Thread[#37306,Execution worker Thread 5,5,main]) started.
[        ] > Task :flutter_olm:bundleDebugAar UP-TO-DATE
[        ] Caching disabled for task ':flutter_olm:bundleDebugAar' because:
[        ]   Build cache is disabled
[        ]   Caching has been disabled for the task
[        ] Skipping task ':flutter_olm:bundleDebugAar' as it is up-to-date.
[        ] Resolve mutations for :flutter_olm:assembleDebug (Thread[#37306,Execution worker Thread 5,5,main]) started.
[        ] :flutter_olm:assembleDebug (Thread[#37306,Execution worker Thread 5,5,main]) started.
[        ] > Task :flutter_olm:assembleDebug UP-TO-DATE
[        ] Skipping task ':flutter_olm:assembleDebug' as it has no actions.
[        ] Resolve mutations for :flutter_openssl_crypto:stripDebugDebugSymbols (Thread[#37306,Execution worker Thread 5,5,main]) started.
[        ] :flutter_openssl_crypto:stripDebugDebugSymbols (Thread[#37306,Execution worker Thread 5,5,main]) started.
[        ] > Task :flutter_openssl_crypto:stripDebugDebugSymbols UP-TO-DATE
[        ] Caching disabled for task ':flutter_openssl_crypto:stripDebugDebugSymbols' because:
[        ]   Build cache is disabled
[        ]   Caching has been disabled for the task
[        ] Skipping task ':flutter_openssl_crypto:stripDebugDebugSymbols' as it is up-to-date.
[        ] Resolve mutations for :flutter_openssl_crypto:copyDebugJniLibsProjectAndLocalJars (Thread[#37306,Execution worker Thread 5,5,main]) started.
[        ] :flutter_openssl_crypto:copyDebugJniLibsProjectAndLocalJars (Thread[#37306,Execution worker Thread 5,5,main]) started.
[        ] > Task :flutter_openssl_crypto:copyDebugJniLibsProjectAndLocalJars UP-TO-DATE
[        ] Caching disabled for task ':flutter_openssl_crypto:copyDebugJniLibsProjectAndLocalJars' because:
[        ]   Build cache is disabled
[        ]   Caching has been disabled for the task
[        ] Skipping task ':flutter_openssl_crypto:copyDebugJniLibsProjectAndLocalJars' as it is up-to-date.
[        ] Resolve mutations for :flutter_openssl_crypto:extractDebugAnnotations (Thread[#37306,Execution worker Thread 5,5,main]) started.
[        ] :flutter_openssl_crypto:extractDebugAnnotations (Thread[#37306,Execution worker Thread 5,5,main]) started.
[        ] > Task :flutter_openssl_crypto:extractDebugAnnotations UP-TO-DATE
[        ] Caching disabled for task ':flutter_openssl_crypto:extractDebugAnnotations' because:
[        ]   Build cache is disabled
[        ] Skipping task ':flutter_openssl_crypto:extractDebugAnnotations' as it is up-to-date.
[        ] Resolve mutations for :flutter_openssl_crypto:extractDeepLinksForAarDebug (Thread[#37306,Execution worker Thread 5,5,main]) started.
[        ] :flutter_openssl_crypto:extractDeepLinksForAarDebug (Thread[#37306,Execution worker Thread 5,5,main]) started.
[        ] > Task :flutter_openssl_crypto:extractDeepLinksForAarDebug UP-TO-DATE
[        ] Caching disabled for task ':flutter_openssl_crypto:extractDeepLinksForAarDebug' because:
[        ]   Build cache is disabled
[        ] Skipping task ':flutter_openssl_crypto:extractDeepLinksForAarDebug' as it is up-to-date.
[        ] Resolve mutations for :flutter_openssl_crypto:mergeDebugGeneratedProguardFiles (Thread[#37306,Execution worker Thread 5,5,main]) started.
[        ] :flutter_openssl_crypto:mergeDebugGeneratedProguardFiles (Thread[#37306,Execution worker Thread 5,5,main]) started.
[        ] > Task :flutter_openssl_crypto:mergeDebugGeneratedProguardFiles UP-TO-DATE
[        ] Caching disabled for task ':flutter_openssl_crypto:mergeDebugGeneratedProguardFiles' because:
[        ]   Build cache is disabled
[        ]   Simple merging task
[        ] Skipping task ':flutter_openssl_crypto:mergeDebugGeneratedProguardFiles' as it is up-to-date.
[        ] Resolve mutations for :flutter_openssl_crypto:mergeDebugConsumerProguardFiles (Thread[#37306,Execution worker Thread 5,5,main]) started.
[        ] :flutter_openssl_crypto:mergeDebugConsumerProguardFiles (Thread[#37306,Execution worker Thread 5,5,main]) started.
[        ] > Task :flutter_openssl_crypto:mergeDebugConsumerProguardFiles UP-TO-DATE
[        ] Caching disabled for task ':flutter_openssl_crypto:mergeDebugConsumerProguardFiles' because:
[        ]   Build cache is disabled
[        ]   Simple merging task
[        ] Skipping task ':flutter_openssl_crypto:mergeDebugConsumerProguardFiles' as it is up-to-date.
[        ] Resolve mutations for :flutter_openssl_crypto:prepareDebugArtProfile (Thread[#37306,Execution worker Thread 5,5,main]) started.
[        ] :flutter_openssl_crypto:prepareDebugArtProfile (Thread[#37327,Execution worker Thread 25,5,main]) started.
[        ] > Task :flutter_openssl_crypto:prepareDebugArtProfile UP-TO-DATE
[        ] Caching disabled for task ':flutter_openssl_crypto:prepareDebugArtProfile' because:
[        ]   Build cache is disabled
[        ]   Caching has been disabled for the task
[        ] Skipping task ':flutter_openssl_crypto:prepareDebugArtProfile' as it is up-to-date.
[        ] Resolve mutations for :flutter_openssl_crypto:prepareLintJarForPublish (Thread[#37327,Execution worker Thread 25,5,main]) started.
[        ] :flutter_openssl_crypto:prepareLintJarForPublish (Thread[#37327,Execution worker Thread 25,5,main]) started.
[        ] > Task :flutter_openssl_crypto:prepareLintJarForPublish UP-TO-DATE
[        ] Caching disabled for task ':flutter_openssl_crypto:prepareLintJarForPublish' because:
[        ]   Build cache is disabled
[        ]   Caching has been disabled for the task
[        ] Skipping task ':flutter_openssl_crypto:prepareLintJarForPublish' as it is up-to-date.
[        ] Resolve mutations for :flutter_openssl_crypto:mergeDebugJavaResource (Thread[#37327,Execution worker Thread 25,5,main]) started.
[        ] :flutter_openssl_crypto:mergeDebugJavaResource (Thread[#37327,Execution worker Thread 25,5,main]) started.
[        ] > Task :flutter_openssl_crypto:mergeDebugJavaResource UP-TO-DATE
[        ] Caching disabled for task ':flutter_openssl_crypto:mergeDebugJavaResource' because:
[        ]   Build cache is disabled
[        ]   Caching has been disabled for the task
[        ] Skipping task ':flutter_openssl_crypto:mergeDebugJavaResource' as it is up-to-date.
[        ] Resolve mutations for :flutter_openssl_crypto:syncDebugLibJars (Thread[#37327,Execution worker Thread 25,5,main]) started.
[        ] :flutter_openssl_crypto:syncDebugLibJars (Thread[#37327,Execution worker Thread 25,5,main]) started.
[        ] > Task :flutter_openssl_crypto:syncDebugLibJars UP-TO-DATE
[        ] Caching disabled for task ':flutter_openssl_crypto:syncDebugLibJars' because:
[        ]   Build cache is disabled
[        ] Skipping task ':flutter_openssl_crypto:syncDebugLibJars' as it is up-to-date.
[        ] Resolve mutations for :flutter_openssl_crypto:bundleDebugAar (Thread[#37327,Execution worker Thread 25,5,main]) started.
[        ] :flutter_openssl_crypto:bundleDebugAar (Thread[#37327,Execution worker Thread 25,5,main]) started.
[        ] > Task :flutter_openssl_crypto:bundleDebugAar UP-TO-DATE
[        ] Caching disabled for task ':flutter_openssl_crypto:bundleDebugAar' because:
[        ]   Build cache is disabled
[        ]   Caching has been disabled for the task
[        ] Skipping task ':flutter_openssl_crypto:bundleDebugAar' as it is up-to-date.
[        ] Resolve mutations for :flutter_openssl_crypto:assembleDebug (Thread[#37327,Execution worker Thread 25,5,main]) started.
[        ] :flutter_openssl_crypto:assembleDebug (Thread[#37327,Execution worker Thread 25,5,main]) started.
[        ] > Task :flutter_openssl_crypto:assembleDebug UP-TO-DATE
[        ] Skipping task ':flutter_openssl_crypto:assembleDebug' as it has no actions.
[        ] Resolve mutations for :integration_test:stripDebugDebugSymbols (Thread[#37327,Execution worker Thread 25,5,main]) started.
[        ] :integration_test:stripDebugDebugSymbols (Thread[#37327,Execution worker Thread 25,5,main]) started.
[        ] > Task :integration_test:stripDebugDebugSymbols NO-SOURCE
[        ] Skipping task ':integration_test:stripDebugDebugSymbols' as it has no source files and no previous output files.
[        ] Resolve mutations for :integration_test:copyDebugJniLibsProjectAndLocalJars (Thread[#37327,Execution worker Thread 25,5,main]) started.
[        ] :integration_test:copyDebugJniLibsProjectAndLocalJars (Thread[#37327,Execution worker Thread 25,5,main]) started.
[        ] > Task :integration_test:copyDebugJniLibsProjectAndLocalJars UP-TO-DATE
[        ] Caching disabled for task ':integration_test:copyDebugJniLibsProjectAndLocalJars' because:
[        ]   Build cache is disabled
[        ]   Caching has been disabled for the task
[        ] Skipping task ':integration_test:copyDebugJniLibsProjectAndLocalJars' as it is up-to-date.
[        ] Resolve mutations for :integration_test:extractDebugAnnotations (Thread[#37327,Execution worker Thread 25,5,main]) started.
[        ] :integration_test:extractDebugAnnotations (Thread[#37327,Execution worker Thread 25,5,main]) started.
[        ] > Task :integration_test:extractDebugAnnotations UP-TO-DATE
[        ] Caching disabled for task ':integration_test:extractDebugAnnotations' because:
[        ]   Build cache is disabled
[        ] Skipping task ':integration_test:extractDebugAnnotations' as it is up-to-date.
[        ] Resolve mutations for :integration_test:extractDeepLinksForAarDebug (Thread[#37327,Execution worker Thread 25,5,main]) started.
[        ] :integration_test:extractDeepLinksForAarDebug (Thread[#37327,Execution worker Thread 25,5,main]) started.
[        ] > Task :integration_test:extractDeepLinksForAarDebug UP-TO-DATE
[        ] Caching disabled for task ':integration_test:extractDeepLinksForAarDebug' because:
[        ]   Build cache is disabled
[        ] Skipping task ':integration_test:extractDeepLinksForAarDebug' as it is up-to-date.
[        ] Resolve mutations for :integration_test:mergeDebugGeneratedProguardFiles (Thread[#37327,Execution worker Thread 25,5,main]) started.
[        ] :integration_test:mergeDebugGeneratedProguardFiles (Thread[#37327,Execution worker Thread 25,5,main]) started.
[        ] > Task :integration_test:mergeDebugGeneratedProguardFiles UP-TO-DATE
[        ] Caching disabled for task ':integration_test:mergeDebugGeneratedProguardFiles' because:
[        ]   Build cache is disabled
[        ]   Simple merging task
[        ] Skipping task ':integration_test:mergeDebugGeneratedProguardFiles' as it is up-to-date.
[        ] Resolve mutations for :integration_test:mergeDebugConsumerProguardFiles (Thread[#37327,Execution worker Thread 25,5,main]) started.
[        ] :integration_test:mergeDebugConsumerProguardFiles (Thread[#37327,Execution worker Thread 25,5,main]) started.
[        ] > Task :integration_test:mergeDebugConsumerProguardFiles UP-TO-DATE
[        ] Caching disabled for task ':integration_test:mergeDebugConsumerProguardFiles' because:
[        ]   Build cache is disabled
[        ]   Simple merging task
[        ] Skipping task ':integration_test:mergeDebugConsumerProguardFiles' as it is up-to-date.
[        ] Resolve mutations for :integration_test:prepareDebugArtProfile (Thread[#37327,Execution worker Thread 25,5,main]) started.
[        ] :integration_test:prepareDebugArtProfile (Thread[#37327,Execution worker Thread 25,5,main]) started.
[        ] > Task :integration_test:prepareDebugArtProfile UP-TO-DATE
[        ] Caching disabled for task ':integration_test:prepareDebugArtProfile' because:
[        ]   Build cache is disabled
[        ]   Caching has been disabled for the task
[        ] Skipping task ':integration_test:prepareDebugArtProfile' as it is up-to-date.
[        ] Resolve mutations for :integration_test:prepareLintJarForPublish (Thread[#37327,Execution worker Thread 25,5,main]) started.
[        ] :integration_test:prepareLintJarForPublish (Thread[#37327,Execution worker Thread 25,5,main]) started.
[        ] > Task :integration_test:prepareLintJarForPublish UP-TO-DATE
[        ] Caching disabled for task ':integration_test:prepareLintJarForPublish' because:
[        ]   Build cache is disabled
[        ]   Caching has been disabled for the task
[        ] Skipping task ':integration_test:prepareLintJarForPublish' as it is up-to-date.
[        ] Resolve mutations for :integration_test:mergeDebugJavaResource (Thread[#37327,Execution worker Thread 25,5,main]) started.
[        ] :integration_test:mergeDebugJavaResource (Thread[#37327,Execution worker Thread 25,5,main]) started.
[        ] > Task :integration_test:mergeDebugJavaResource UP-TO-DATE
[        ] Caching disabled for task ':integration_test:mergeDebugJavaResource' because:
[        ]   Build cache is disabled
[        ]   Caching has been disabled for the task
[        ] Skipping task ':integration_test:mergeDebugJavaResource' as it is up-to-date.
[        ] Resolve mutations for :integration_test:syncDebugLibJars (Thread[#37327,Execution worker Thread 25,5,main]) started.
[        ] :integration_test:syncDebugLibJars (Thread[#37327,Execution worker Thread 25,5,main]) started.
[        ] > Task :integration_test:syncDebugLibJars UP-TO-DATE
[        ] Caching disabled for task ':integration_test:syncDebugLibJars' because:
[        ]   Build cache is disabled
[        ] Skipping task ':integration_test:syncDebugLibJars' as it is up-to-date.
[        ] Resolve mutations for :integration_test:bundleDebugAar (Thread[#37327,Execution worker Thread 25,5,main]) started.
[        ] :integration_test:bundleDebugAar (Thread[#37327,Execution worker Thread 25,5,main]) started.
[        ] > Task :integration_test:bundleDebugAar UP-TO-DATE
[        ] Caching disabled for task ':integration_test:bundleDebugAar' because:
[        ]   Build cache is disabled
[        ]   Caching has been disabled for the task
[        ] Skipping task ':integration_test:bundleDebugAar' as it is up-to-date.
[        ] Resolve mutations for :integration_test:assembleDebug (Thread[#37327,Execution worker Thread 25,5,main]) started.
[        ] :integration_test:assembleDebug (Thread[#37327,Execution worker Thread 25,5,main]) started.
[        ] > Task :integration_test:assembleDebug UP-TO-DATE
[        ] Skipping task ':integration_test:assembleDebug' as it has no actions.
[        ] Resolve mutations for :path_provider_android:stripDebugDebugSymbols (Thread[#37327,Execution worker Thread 25,5,main]) started.
[        ] :path_provider_android:stripDebugDebugSymbols (Thread[#37327,Execution worker Thread 25,5,main]) started.
[        ] > Task :path_provider_android:stripDebugDebugSymbols NO-SOURCE
[        ] Skipping task ':path_provider_android:stripDebugDebugSymbols' as it has no source files and no previous output files.
[        ] Resolve mutations for :path_provider_android:copyDebugJniLibsProjectAndLocalJars (Thread[#37327,Execution worker Thread 25,5,main]) started.
[        ] :path_provider_android:copyDebugJniLibsProjectAndLocalJars (Thread[#37327,Execution worker Thread 25,5,main]) started.
[        ] > Task :path_provider_android:copyDebugJniLibsProjectAndLocalJars UP-TO-DATE
[        ] Caching disabled for task ':path_provider_android:copyDebugJniLibsProjectAndLocalJars' because:
[        ]   Build cache is disabled
[        ]   Caching has been disabled for the task
[        ] Skipping task ':path_provider_android:copyDebugJniLibsProjectAndLocalJars' as it is up-to-date.
[        ] Resolve mutations for :path_provider_android:extractDebugAnnotations (Thread[#37327,Execution worker Thread 25,5,main]) started.
[        ] :path_provider_android:extractDebugAnnotations (Thread[#37327,Execution worker Thread 25,5,main]) started.
[        ] > Task :path_provider_android:extractDebugAnnotations UP-TO-DATE
[        ] Caching disabled for task ':path_provider_android:extractDebugAnnotations' because:
[        ]   Build cache is disabled
[        ] Skipping task ':path_provider_android:extractDebugAnnotations' as it is up-to-date.
[        ] Resolve mutations for :path_provider_android:extractDeepLinksForAarDebug (Thread[#37327,Execution worker Thread 25,5,main]) started.
[        ] :path_provider_android:extractDeepLinksForAarDebug (Thread[#37327,Execution worker Thread 25,5,main]) started.
[        ] > Task :path_provider_android:extractDeepLinksForAarDebug UP-TO-DATE
[        ] Caching disabled for task ':path_provider_android:extractDeepLinksForAarDebug' because:
[        ]   Build cache is disabled
[        ] Skipping task ':path_provider_android:extractDeepLinksForAarDebug' as it is up-to-date.
[        ] Resolve mutations for :path_provider_android:mergeDebugGeneratedProguardFiles (Thread[#37327,Execution worker Thread 25,5,main]) started.
[        ] :path_provider_android:mergeDebugGeneratedProguardFiles (Thread[#37327,Execution worker Thread 25,5,main]) started.
[        ] > Task :path_provider_android:mergeDebugGeneratedProguardFiles UP-TO-DATE
[        ] Caching disabled for task ':path_provider_android:mergeDebugGeneratedProguardFiles' because:
[        ]   Build cache is disabled
[        ]   Simple merging task
[        ] Skipping task ':path_provider_android:mergeDebugGeneratedProguardFiles' as it is up-to-date.
[        ] Resolve mutations for :path_provider_android:mergeDebugConsumerProguardFiles (Thread[#37327,Execution worker Thread 25,5,main]) started.
[        ] :path_provider_android:mergeDebugConsumerProguardFiles (Thread[#37327,Execution worker Thread 25,5,main]) started.
[        ] > Task :path_provider_android:mergeDebugConsumerProguardFiles UP-TO-DATE
[        ] Caching disabled for task ':path_provider_android:mergeDebugConsumerProguardFiles' because:
[        ]   Build cache is disabled
[        ]   Simple merging task
[        ] Skipping task ':path_provider_android:mergeDebugConsumerProguardFiles' as it is up-to-date.
[        ] Resolve mutations for :path_provider_android:prepareDebugArtProfile (Thread[#37327,Execution worker Thread 25,5,main]) started.
[        ] :path_provider_android:prepareDebugArtProfile (Thread[#37327,Execution worker Thread 25,5,main]) started.
[        ] > Task :path_provider_android:prepareDebugArtProfile UP-TO-DATE
[        ] Caching disabled for task ':path_provider_android:prepareDebugArtProfile' because:
[        ]   Build cache is disabled
[        ]   Caching has been disabled for the task
[        ] Skipping task ':path_provider_android:prepareDebugArtProfile' as it is up-to-date.
[        ] Resolve mutations for :path_provider_android:prepareLintJarForPublish (Thread[#37327,Execution worker Thread 25,5,main]) started.
[        ] :path_provider_android:prepareLintJarForPublish (Thread[#37327,Execution worker Thread 25,5,main]) started.
[        ] > Task :path_provider_android:prepareLintJarForPublish UP-TO-DATE
[        ] Caching disabled for task ':path_provider_android:prepareLintJarForPublish' because:
[        ]   Build cache is disabled
[        ]   Caching has been disabled for the task
[        ] Skipping task ':path_provider_android:prepareLintJarForPublish' as it is up-to-date.
[        ] Resolve mutations for :path_provider_android:mergeDebugJavaResource (Thread[#37327,Execution worker Thread 25,5,main]) started.
[        ] :path_provider_android:mergeDebugJavaResource (Thread[#37327,Execution worker Thread 25,5,main]) started.
[        ] > Task :path_provider_android:mergeDebugJavaResource UP-TO-DATE
[        ] Caching disabled for task ':path_provider_android:mergeDebugJavaResource' because:
[        ]   Build cache is disabled
[        ]   Caching has been disabled for the task
[        ] Skipping task ':path_provider_android:mergeDebugJavaResource' as it is up-to-date.
[        ] Resolve mutations for :path_provider_android:syncDebugLibJars (Thread[#37327,Execution worker Thread 25,5,main]) started.
[        ] :path_provider_android:syncDebugLibJars (Thread[#37327,Execution worker Thread 25,5,main]) started.
[        ] > Task :path_provider_android:syncDebugLibJars UP-TO-DATE
[        ] Caching disabled for task ':path_provider_android:syncDebugLibJars' because:
[        ]   Build cache is disabled
[        ] Skipping task ':path_provider_android:syncDebugLibJars' as it is up-to-date.
[        ] Resolve mutations for :path_provider_android:bundleDebugAar (Thread[#37327,Execution worker Thread 25,5,main]) started.
[        ] :path_provider_android:bundleDebugAar (Thread[#37327,Execution worker Thread 25,5,main]) started.
[        ] > Task :path_provider_android:bundleDebugAar UP-TO-DATE
[        ] Caching disabled for task ':path_provider_android:bundleDebugAar' because:
[        ]   Build cache is disabled
[        ]   Caching has been disabled for the task
[        ] Skipping task ':path_provider_android:bundleDebugAar' as it is up-to-date.
[        ] Resolve mutations for :path_provider_android:assembleDebug (Thread[#37327,Execution worker Thread 25,5,main]) started.
[        ] :path_provider_android:assembleDebug (Thread[#37327,Execution worker Thread 25,5,main]) started.
[        ] > Task :path_provider_android:assembleDebug UP-TO-DATE
[        ] Skipping task ':path_provider_android:assembleDebug' as it has no actions.
[        ] Resolve mutations for :quill_native_bridge_android:stripDebugDebugSymbols (Thread[#37327,Execution worker Thread 25,5,main]) started.
[        ] :quill_native_bridge_android:stripDebugDebugSymbols (Thread[#37327,Execution worker Thread 25,5,main]) started.
[        ] > Task :quill_native_bridge_android:stripDebugDebugSymbols NO-SOURCE
[        ] Skipping task ':quill_native_bridge_android:stripDebugDebugSymbols' as it has no source files and no previous output files.
[        ] Resolve mutations for :quill_native_bridge_android:copyDebugJniLibsProjectAndLocalJars (Thread[#37327,Execution worker Thread 25,5,main]) started.
[        ] :quill_native_bridge_android:copyDebugJniLibsProjectAndLocalJars (Thread[#37327,Execution worker Thread 25,5,main]) started.
[        ] > Task :quill_native_bridge_android:copyDebugJniLibsProjectAndLocalJars UP-TO-DATE
[        ] Caching disabled for task ':quill_native_bridge_android:copyDebugJniLibsProjectAndLocalJars' because:
[        ]   Build cache is disabled
[        ]   Caching has been disabled for the task
[        ] Skipping task ':quill_native_bridge_android:copyDebugJniLibsProjectAndLocalJars' as it is up-to-date.
[        ] Resolve mutations for :quill_native_bridge_android:extractDebugAnnotations (Thread[#37327,Execution worker Thread 25,5,main]) started.
[        ] :quill_native_bridge_android:extractDebugAnnotations (Thread[#37327,Execution worker Thread 25,5,main]) started.
[        ] > Task :quill_native_bridge_android:extractDebugAnnotations UP-TO-DATE
[        ] Caching disabled for task ':quill_native_bridge_android:extractDebugAnnotations' because:
[        ]   Build cache is disabled
[        ] Skipping task ':quill_native_bridge_android:extractDebugAnnotations' as it is up-to-date.
[        ] Resolve mutations for :quill_native_bridge_android:extractDeepLinksForAarDebug (Thread[#37327,Execution worker Thread 25,5,main]) started.
[        ] :quill_native_bridge_android:extractDeepLinksForAarDebug (Thread[#37327,Execution worker Thread 25,5,main]) started.
[        ] > Task :quill_native_bridge_android:extractDeepLinksForAarDebug UP-TO-DATE
[        ] Caching disabled for task ':quill_native_bridge_android:extractDeepLinksForAarDebug' because:
[        ]   Build cache is disabled
[        ] Skipping task ':quill_native_bridge_android:extractDeepLinksForAarDebug' as it is up-to-date.
[        ] Resolve mutations for :quill_native_bridge_android:mergeDebugGeneratedProguardFiles (Thread[#37327,Execution worker Thread 25,5,main]) started.
[        ] :quill_native_bridge_android:mergeDebugGeneratedProguardFiles (Thread[#37327,Execution worker Thread 25,5,main]) started.
[        ] > Task :quill_native_bridge_android:mergeDebugGeneratedProguardFiles UP-TO-DATE
[        ] Caching disabled for task ':quill_native_bridge_android:mergeDebugGeneratedProguardFiles' because:
[        ]   Build cache is disabled
[        ]   Simple merging task
[        ] Skipping task ':quill_native_bridge_android:mergeDebugGeneratedProguardFiles' as it is up-to-date.
[        ] Resolve mutations for :quill_native_bridge_android:mergeDebugConsumerProguardFiles (Thread[#37327,Execution worker Thread 25,5,main]) started.
[        ] :quill_native_bridge_android:mergeDebugConsumerProguardFiles (Thread[#37327,Execution worker Thread 25,5,main]) started.
[        ] > Task :quill_native_bridge_android:mergeDebugConsumerProguardFiles UP-TO-DATE
[        ] Caching disabled for task ':quill_native_bridge_android:mergeDebugConsumerProguardFiles' because:
[        ]   Build cache is disabled
[        ]   Simple merging task
[        ] Skipping task ':quill_native_bridge_android:mergeDebugConsumerProguardFiles' as it is up-to-date.
[        ] Resolve mutations for :quill_native_bridge_android:prepareDebugArtProfile (Thread[#37327,Execution worker Thread 25,5,main]) started.
[        ] :quill_native_bridge_android:prepareDebugArtProfile (Thread[#37327,Execution worker Thread 25,5,main]) started.
[        ] > Task :quill_native_bridge_android:prepareDebugArtProfile UP-TO-DATE
[        ] Caching disabled for task ':quill_native_bridge_android:prepareDebugArtProfile' because:
[        ]   Build cache is disabled
[        ]   Caching has been disabled for the task
[        ] Skipping task ':quill_native_bridge_android:prepareDebugArtProfile' as it is up-to-date.
[        ] Resolve mutations for :quill_native_bridge_android:prepareLintJarForPublish (Thread[#37327,Execution worker Thread 25,5,main]) started.
[        ] :quill_native_bridge_android:prepareLintJarForPublish (Thread[#37327,Execution worker Thread 25,5,main]) started.
[        ] > Task :quill_native_bridge_android:prepareLintJarForPublish UP-TO-DATE
[        ] Caching disabled for task ':quill_native_bridge_android:prepareLintJarForPublish' because:
[        ]   Build cache is disabled
[        ]   Caching has been disabled for the task
[        ] Skipping task ':quill_native_bridge_android:prepareLintJarForPublish' as it is up-to-date.
[        ] Resolve mutations for :quill_native_bridge_android:mergeDebugJavaResource (Thread[#37327,Execution worker Thread 25,5,main]) started.
[        ] :quill_native_bridge_android:mergeDebugJavaResource (Thread[#37327,Execution worker Thread 25,5,main]) started.
[        ] > Task :quill_native_bridge_android:mergeDebugJavaResource UP-TO-DATE
[        ] Caching disabled for task ':quill_native_bridge_android:mergeDebugJavaResource' because:
[        ]   Build cache is disabled
[        ]   Caching has been disabled for the task
[        ] Skipping task ':quill_native_bridge_android:mergeDebugJavaResource' as it is up-to-date.
[        ] Resolve mutations for :quill_native_bridge_android:syncDebugLibJars (Thread[#37327,Execution worker Thread 25,5,main]) started.
[        ] :quill_native_bridge_android:syncDebugLibJars (Thread[#37327,Execution worker Thread 25,5,main]) started.
[        ] > Task :quill_native_bridge_android:syncDebugLibJars UP-TO-DATE
[        ] Caching disabled for task ':quill_native_bridge_android:syncDebugLibJars' because:
[        ]   Build cache is disabled
[        ] Skipping task ':quill_native_bridge_android:syncDebugLibJars' as it is up-to-date.
[        ] Resolve mutations for :quill_native_bridge_android:bundleDebugAar (Thread[#37327,Execution worker Thread 25,5,main]) started.
[        ] :quill_native_bridge_android:bundleDebugAar (Thread[#37327,Execution worker Thread 25,5,main]) started.
[        ] > Task :quill_native_bridge_android:bundleDebugAar UP-TO-DATE
[        ] Caching disabled for task ':quill_native_bridge_android:bundleDebugAar' because:
[        ]   Build cache is disabled
[        ]   Caching has been disabled for the task
[        ] Skipping task ':quill_native_bridge_android:bundleDebugAar' as it is up-to-date.
[        ] Resolve mutations for :quill_native_bridge_android:assembleDebug (Thread[#37327,Execution worker Thread 25,5,main]) started.
[        ] :quill_native_bridge_android:assembleDebug (Thread[#37327,Execution worker Thread 25,5,main]) started.
[        ] > Task :quill_native_bridge_android:assembleDebug UP-TO-DATE
[        ] Skipping task ':quill_native_bridge_android:assembleDebug' as it has no actions.
[        ] Resolve mutations for :shared_preferences_android:stripDebugDebugSymbols (Thread[#37327,Execution worker Thread 25,5,main]) started.
[        ] :shared_preferences_android:stripDebugDebugSymbols (Thread[#37327,Execution worker Thread 25,5,main]) started.
[        ] > Task :shared_preferences_android:stripDebugDebugSymbols NO-SOURCE
[        ] Skipping task ':shared_preferences_android:stripDebugDebugSymbols' as it has no source files and no previous output files.
[        ] Resolve mutations for :shared_preferences_android:copyDebugJniLibsProjectAndLocalJars (Thread[#37327,Execution worker Thread 25,5,main]) started.
[        ] :shared_preferences_android:copyDebugJniLibsProjectAndLocalJars (Thread[#37327,Execution worker Thread 25,5,main]) started.
[        ] > Task :shared_preferences_android:copyDebugJniLibsProjectAndLocalJars UP-TO-DATE
[        ] Caching disabled for task ':shared_preferences_android:copyDebugJniLibsProjectAndLocalJars' because:
[        ]   Build cache is disabled
[        ]   Caching has been disabled for the task
[        ] Skipping task ':shared_preferences_android:copyDebugJniLibsProjectAndLocalJars' as it is up-to-date.
[        ] Resolve mutations for :shared_preferences_android:extractDebugAnnotations (Thread[#37327,Execution worker Thread 25,5,main]) started.
[        ] :shared_preferences_android:extractDebugAnnotations (Thread[#37327,Execution worker Thread 25,5,main]) started.
[        ] > Task :shared_preferences_android:extractDebugAnnotations UP-TO-DATE
[        ] Caching disabled for task ':shared_preferences_android:extractDebugAnnotations' because:
[        ]   Build cache is disabled
[        ] Skipping task ':shared_preferences_android:extractDebugAnnotations' as it is up-to-date.
[        ] Resolve mutations for :shared_preferences_android:extractDeepLinksForAarDebug (Thread[#37327,Execution worker Thread 25,5,main]) started.
[        ] :shared_preferences_android:extractDeepLinksForAarDebug (Thread[#37327,Execution worker Thread 25,5,main]) started.
[        ] > Task :shared_preferences_android:extractDeepLinksForAarDebug UP-TO-DATE
[        ] Caching disabled for task ':shared_preferences_android:extractDeepLinksForAarDebug' because:
[        ]   Build cache is disabled
[        ] Skipping task ':shared_preferences_android:extractDeepLinksForAarDebug' as it is up-to-date.
[        ] Resolve mutations for :shared_preferences_android:mergeDebugGeneratedProguardFiles (Thread[#37327,Execution worker Thread 25,5,main]) started.
[        ] :shared_preferences_android:mergeDebugGeneratedProguardFiles (Thread[#37327,Execution worker Thread 25,5,main]) started.
[        ] > Task :shared_preferences_android:mergeDebugGeneratedProguardFiles UP-TO-DATE
[        ] Caching disabled for task ':shared_preferences_android:mergeDebugGeneratedProguardFiles' because:
[        ]   Build cache is disabled
[        ]   Simple merging task
[        ] Skipping task ':shared_preferences_android:mergeDebugGeneratedProguardFiles' as it is up-to-date.
[        ] Resolve mutations for :shared_preferences_android:mergeDebugConsumerProguardFiles (Thread[#37327,Execution worker Thread 25,5,main]) started.
[        ] :shared_preferences_android:mergeDebugConsumerProguardFiles (Thread[#37327,Execution worker Thread 25,5,main]) started.
[        ] > Task :shared_preferences_android:mergeDebugConsumerProguardFiles UP-TO-DATE
[        ] Caching disabled for task ':shared_preferences_android:mergeDebugConsumerProguardFiles' because:
[        ]   Build cache is disabled
[        ]   Simple merging task
[        ] Skipping task ':shared_preferences_android:mergeDebugConsumerProguardFiles' as it is up-to-date.
[        ] Resolve mutations for :shared_preferences_android:prepareDebugArtProfile (Thread[#37327,Execution worker Thread 25,5,main]) started.
[        ] :shared_preferences_android:prepareDebugArtProfile (Thread[#37327,Execution worker Thread 25,5,main]) started.
[        ] > Task :shared_preferences_android:prepareDebugArtProfile UP-TO-DATE
[        ] Caching disabled for task ':shared_preferences_android:prepareDebugArtProfile' because:
[        ]   Build cache is disabled
[        ]   Caching has been disabled for the task
[        ] Skipping task ':shared_preferences_android:prepareDebugArtProfile' as it is up-to-date.
[        ] Resolve mutations for :shared_preferences_android:prepareLintJarForPublish (Thread[#37327,Execution worker Thread 25,5,main]) started.
[        ] :shared_preferences_android:prepareLintJarForPublish (Thread[#37327,Execution worker Thread 25,5,main]) started.
[        ] > Task :shared_preferences_android:prepareLintJarForPublish UP-TO-DATE
[        ] Caching disabled for task ':shared_preferences_android:prepareLintJarForPublish' because:
[        ]   Build cache is disabled
[        ]   Caching has been disabled for the task
[        ] Skipping task ':shared_preferences_android:prepareLintJarForPublish' as it is up-to-date.
[        ] Resolve mutations for :shared_preferences_android:mergeDebugJavaResource (Thread[#37327,Execution worker Thread 25,5,main]) started.
[        ] :shared_preferences_android:mergeDebugJavaResource (Thread[#37327,Execution worker Thread 25,5,main]) started.
[        ] > Task :shared_preferences_android:mergeDebugJavaResource UP-TO-DATE
[        ] Caching disabled for task ':shared_preferences_android:mergeDebugJavaResource' because:
[        ]   Build cache is disabled
[        ]   Caching has been disabled for the task
[        ] Skipping task ':shared_preferences_android:mergeDebugJavaResource' as it is up-to-date.
[        ] Resolve mutations for :shared_preferences_android:syncDebugLibJars (Thread[#37327,Execution worker Thread 25,5,main]) started.
[        ] :shared_preferences_android:syncDebugLibJars (Thread[#37327,Execution worker Thread 25,5,main]) started.
[        ] > Task :shared_preferences_android:syncDebugLibJars UP-TO-DATE
[        ] Caching disabled for task ':shared_preferences_android:syncDebugLibJars' because:
[        ]   Build cache is disabled
[        ] Skipping task ':shared_preferences_android:syncDebugLibJars' as it is up-to-date.
[        ] Resolve mutations for :shared_preferences_android:bundleDebugAar (Thread[#37327,Execution worker Thread 25,5,main]) started.
[        ] :shared_preferences_android:bundleDebugAar (Thread[#37327,Execution worker Thread 25,5,main]) started.
[        ] > Task :shared_preferences_android:bundleDebugAar UP-TO-DATE
[        ] Caching disabled for task ':shared_preferences_android:bundleDebugAar' because:
[        ]   Build cache is disabled
[        ]   Caching has been disabled for the task
[        ] Skipping task ':shared_preferences_android:bundleDebugAar' as it is up-to-date.
[        ] Resolve mutations for :shared_preferences_android:assembleDebug (Thread[#37327,Execution worker Thread 25,5,main]) started.
[        ] :shared_preferences_android:assembleDebug (Thread[#37327,Execution worker Thread 25,5,main]) started.
[        ] > Task :shared_preferences_android:assembleDebug UP-TO-DATE
[        ] Skipping task ':shared_preferences_android:assembleDebug' as it has no actions.
[        ] Resolve mutations for :sqflite_android:stripDebugDebugSymbols (Thread[#37327,Execution worker Thread 25,5,main]) started.
[        ] :sqflite_android:stripDebugDebugSymbols (Thread[#37327,Execution worker Thread 25,5,main]) started.
[        ] > Task :sqflite_android:stripDebugDebugSymbols NO-SOURCE
[        ] Skipping task ':sqflite_android:stripDebugDebugSymbols' as it has no source files and no previous output files.
[        ] Resolve mutations for :sqflite_android:copyDebugJniLibsProjectAndLocalJars (Thread[#37327,Execution worker Thread 25,5,main]) started.
[        ] :sqflite_android:copyDebugJniLibsProjectAndLocalJars (Thread[#37327,Execution worker Thread 25,5,main]) started.
[        ] > Task :sqflite_android:copyDebugJniLibsProjectAndLocalJars UP-TO-DATE
[        ] Caching disabled for task ':sqflite_android:copyDebugJniLibsProjectAndLocalJars' because:
[        ]   Build cache is disabled
[        ]   Caching has been disabled for the task
[        ] Skipping task ':sqflite_android:copyDebugJniLibsProjectAndLocalJars' as it is up-to-date.
[        ] Resolve mutations for :sqflite_android:extractDebugAnnotations (Thread[#37327,Execution worker Thread 25,5,main]) started.
[        ] :sqflite_android:extractDebugAnnotations (Thread[#37327,Execution worker Thread 25,5,main]) started.
[        ] > Task :sqflite_android:extractDebugAnnotations UP-TO-DATE
[        ] Caching disabled for task ':sqflite_android:extractDebugAnnotations' because:
[        ]   Build cache is disabled
[        ] Skipping task ':sqflite_android:extractDebugAnnotations' as it is up-to-date.
[        ] Resolve mutations for :sqflite_android:extractDeepLinksForAarDebug (Thread[#37327,Execution worker Thread 25,5,main]) started.
[        ] :sqflite_android:extractDeepLinksForAarDebug (Thread[#37327,Execution worker Thread 25,5,main]) started.
[        ] > Task :sqflite_android:extractDeepLinksForAarDebug UP-TO-DATE
[        ] Caching disabled for task ':sqflite_android:extractDeepLinksForAarDebug' because:
[        ]   Build cache is disabled
[        ] Skipping task ':sqflite_android:extractDeepLinksForAarDebug' as it is up-to-date.
[        ] Resolve mutations for :sqflite_android:mergeDebugGeneratedProguardFiles (Thread[#37327,Execution worker Thread 25,5,main]) started.
[        ] :sqflite_android:mergeDebugGeneratedProguardFiles (Thread[#37327,Execution worker Thread 25,5,main]) started.
[        ] > Task :sqflite_android:mergeDebugGeneratedProguardFiles UP-TO-DATE
[        ] Caching disabled for task ':sqflite_android:mergeDebugGeneratedProguardFiles' because:
[        ]   Build cache is disabled
[        ]   Simple merging task
[        ] Skipping task ':sqflite_android:mergeDebugGeneratedProguardFiles' as it is up-to-date.
[        ] Resolve mutations for :sqflite_android:mergeDebugConsumerProguardFiles (Thread[#37327,Execution worker Thread 25,5,main]) started.
[        ] :sqflite_android:mergeDebugConsumerProguardFiles (Thread[#37327,Execution worker Thread 25,5,main]) started.
[        ] > Task :sqflite_android:mergeDebugConsumerProguardFiles UP-TO-DATE
[        ] Caching disabled for task ':sqflite_android:mergeDebugConsumerProguardFiles' because:
[        ]   Build cache is disabled
[        ]   Simple merging task
[        ] Skipping task ':sqflite_android:mergeDebugConsumerProguardFiles' as it is up-to-date.
[        ] Resolve mutations for :sqflite_android:prepareDebugArtProfile (Thread[#37327,Execution worker Thread 25,5,main]) started.
[        ] :sqflite_android:prepareDebugArtProfile (Thread[#37327,Execution worker Thread 25,5,main]) started.
[        ] > Task :sqflite_android:prepareDebugArtProfile UP-TO-DATE
[        ] Caching disabled for task ':sqflite_android:prepareDebugArtProfile' because:
[        ]   Build cache is disabled
[        ]   Caching has been disabled for the task
[        ] Skipping task ':sqflite_android:prepareDebugArtProfile' as it is up-to-date.
[        ] Resolve mutations for :sqflite_android:prepareLintJarForPublish (Thread[#37327,Execution worker Thread 25,5,main]) started.
[        ] :sqflite_android:prepareLintJarForPublish (Thread[#37327,Execution worker Thread 25,5,main]) started.
[        ] > Task :sqflite_android:prepareLintJarForPublish UP-TO-DATE
[        ] Caching disabled for task ':sqflite_android:prepareLintJarForPublish' because:
[        ]   Build cache is disabled
[        ]   Caching has been disabled for the task
[        ] Skipping task ':sqflite_android:prepareLintJarForPublish' as it is up-to-date.
[        ] Resolve mutations for :sqflite_android:mergeDebugJavaResource (Thread[#37327,Execution worker Thread 25,5,main]) started.
[        ] :sqflite_android:mergeDebugJavaResource (Thread[#37321,Execution worker Thread 19,5,main]) started.
[        ] > Task :sqflite_android:mergeDebugJavaResource UP-TO-DATE
[        ] Caching disabled for task ':sqflite_android:mergeDebugJavaResource' because:
[        ]   Build cache is disabled
[        ]   Caching has been disabled for the task
[        ] Skipping task ':sqflite_android:mergeDebugJavaResource' as it is up-to-date.
[        ] Resolve mutations for :sqflite_android:syncDebugLibJars (Thread[#37321,Execution worker Thread 19,5,main]) started.
[        ] :sqflite_android:syncDebugLibJars (Thread[#37321,Execution worker Thread 19,5,main]) started.
[        ] > Task :sqflite_android:syncDebugLibJars UP-TO-DATE
[        ] Caching disabled for task ':sqflite_android:syncDebugLibJars' because:
[        ]   Build cache is disabled
[        ] Skipping task ':sqflite_android:syncDebugLibJars' as it is up-to-date.
[        ] Resolve mutations for :sqflite_android:bundleDebugAar (Thread[#37321,Execution worker Thread 19,5,main]) started.
[        ] :sqflite_android:bundleDebugAar (Thread[#37321,Execution worker Thread 19,5,main]) started.
[        ] > Task :sqflite_android:bundleDebugAar UP-TO-DATE
[        ] Caching disabled for task ':sqflite_android:bundleDebugAar' because:
[        ]   Build cache is disabled
[        ]   Caching has been disabled for the task
[        ] Skipping task ':sqflite_android:bundleDebugAar' as it is up-to-date.
[        ] Resolve mutations for :sqflite_android:assembleDebug (Thread[#37321,Execution worker Thread 19,5,main]) started.
[        ] :sqflite_android:assembleDebug (Thread[#37321,Execution worker Thread 19,5,main]) started.
[        ] > Task :sqflite_android:assembleDebug UP-TO-DATE
[        ] Skipping task ':sqflite_android:assembleDebug' as it has no actions.
[        ] Resolve mutations for :url_launcher_android:stripDebugDebugSymbols (Thread[#37321,Execution worker Thread 19,5,main]) started.
[        ] :url_launcher_android:stripDebugDebugSymbols (Thread[#37321,Execution worker Thread 19,5,main]) started.
[        ] > Task :url_launcher_android:stripDebugDebugSymbols NO-SOURCE
[        ] Skipping task ':url_launcher_android:stripDebugDebugSymbols' as it has no source files and no previous output files.
[        ] Resolve mutations for :url_launcher_android:copyDebugJniLibsProjectAndLocalJars (Thread[#37321,Execution worker Thread 19,5,main]) started.
[        ] :url_launcher_android:copyDebugJniLibsProjectAndLocalJars (Thread[#37321,Execution worker Thread 19,5,main]) started.
[        ] > Task :url_launcher_android:copyDebugJniLibsProjectAndLocalJars UP-TO-DATE
[        ] Caching disabled for task ':url_launcher_android:copyDebugJniLibsProjectAndLocalJars' because:
[        ]   Build cache is disabled
[        ]   Caching has been disabled for the task
[        ] Skipping task ':url_launcher_android:copyDebugJniLibsProjectAndLocalJars' as it is up-to-date.
[        ] Resolve mutations for :url_launcher_android:extractDebugAnnotations (Thread[#37321,Execution worker Thread 19,5,main]) started.
[        ] :url_launcher_android:extractDebugAnnotations (Thread[#37321,Execution worker Thread 19,5,main]) started.
[        ] > Task :url_launcher_android:extractDebugAnnotations UP-TO-DATE
[        ] Caching disabled for task ':url_launcher_android:extractDebugAnnotations' because:
[        ]   Build cache is disabled
[        ] Skipping task ':url_launcher_android:extractDebugAnnotations' as it is up-to-date.
[        ] Resolve mutations for :url_launcher_android:extractDeepLinksForAarDebug (Thread[#37321,Execution worker Thread 19,5,main]) started.
[        ] :url_launcher_android:extractDeepLinksForAarDebug (Thread[#37321,Execution worker Thread 19,5,main]) started.
[        ] > Task :url_launcher_android:extractDeepLinksForAarDebug UP-TO-DATE
[        ] Caching disabled for task ':url_launcher_android:extractDeepLinksForAarDebug' because:
[        ]   Build cache is disabled
[        ] Skipping task ':url_launcher_android:extractDeepLinksForAarDebug' as it is up-to-date.
[        ] Resolve mutations for :url_launcher_android:mergeDebugGeneratedProguardFiles (Thread[#37321,Execution worker Thread 19,5,main]) started.
[        ] :url_launcher_android:mergeDebugGeneratedProguardFiles (Thread[#37321,Execution worker Thread 19,5,main]) started.
[        ] > Task :url_launcher_android:mergeDebugGeneratedProguardFiles UP-TO-DATE
[        ] Caching disabled for task ':url_launcher_android:mergeDebugGeneratedProguardFiles' because:
[        ]   Build cache is disabled
[        ]   Simple merging task
[        ] Skipping task ':url_launcher_android:mergeDebugGeneratedProguardFiles' as it is up-to-date.
[        ] Resolve mutations for :url_launcher_android:mergeDebugConsumerProguardFiles (Thread[#37321,Execution worker Thread 19,5,main]) started.
[        ] :url_launcher_android:mergeDebugConsumerProguardFiles (Thread[#37321,Execution worker Thread 19,5,main]) started.
[        ] > Task :url_launcher_android:mergeDebugConsumerProguardFiles UP-TO-DATE
[        ] Caching disabled for task ':url_launcher_android:mergeDebugConsumerProguardFiles' because:
[        ]   Build cache is disabled
[        ]   Simple merging task
[        ] Skipping task ':url_launcher_android:mergeDebugConsumerProguardFiles' as it is up-to-date.
[        ] Resolve mutations for :url_launcher_android:prepareDebugArtProfile (Thread[#37321,Execution worker Thread 19,5,main]) started.
[        ] :url_launcher_android:prepareDebugArtProfile (Thread[#37321,Execution worker Thread 19,5,main]) started.
[        ] > Task :url_launcher_android:prepareDebugArtProfile UP-TO-DATE
[        ] Caching disabled for task ':url_launcher_android:prepareDebugArtProfile' because:
[        ]   Build cache is disabled
[        ]   Caching has been disabled for the task
[        ] Skipping task ':url_launcher_android:prepareDebugArtProfile' as it is up-to-date.
[        ] Resolve mutations for :url_launcher_android:prepareLintJarForPublish (Thread[#37321,Execution worker Thread 19,5,main]) started.
[        ] :url_launcher_android:prepareLintJarForPublish (Thread[#37321,Execution worker Thread 19,5,main]) started.
[        ] > Task :url_launcher_android:prepareLintJarForPublish UP-TO-DATE
[        ] Caching disabled for task ':url_launcher_android:prepareLintJarForPublish' because:
[        ]   Build cache is disabled
[        ]   Caching has been disabled for the task
[        ] Skipping task ':url_launcher_android:prepareLintJarForPublish' as it is up-to-date.
[        ] Resolve mutations for :url_launcher_android:mergeDebugJavaResource (Thread[#37321,Execution worker Thread 19,5,main]) started.
[        ] :url_launcher_android:mergeDebugJavaResource (Thread[#37321,Execution worker Thread 19,5,main]) started.
[        ] > Task :url_launcher_android:mergeDebugJavaResource UP-TO-DATE
[        ] Caching disabled for task ':url_launcher_android:mergeDebugJavaResource' because:
[        ]   Build cache is disabled
[        ]   Caching has been disabled for the task
[        ] Skipping task ':url_launcher_android:mergeDebugJavaResource' as it is up-to-date.
[        ] Resolve mutations for :url_launcher_android:syncDebugLibJars (Thread[#37321,Execution worker Thread 19,5,main]) started.
[        ] :url_launcher_android:syncDebugLibJars (Thread[#37321,Execution worker Thread 19,5,main]) started.
[        ] > Task :url_launcher_android:syncDebugLibJars UP-TO-DATE
[        ] Caching disabled for task ':url_launcher_android:syncDebugLibJars' because:
[        ]   Build cache is disabled
[        ] Skipping task ':url_launcher_android:syncDebugLibJars' as it is up-to-date.
[        ] Resolve mutations for :url_launcher_android:bundleDebugAar (Thread[#37321,Execution worker Thread 19,5,main]) started.
[        ] :url_launcher_android:bundleDebugAar (Thread[#37321,Execution worker Thread 19,5,main]) started.
[        ] > Task :url_launcher_android:bundleDebugAar UP-TO-DATE
[        ] Caching disabled for task ':url_launcher_android:bundleDebugAar' because:
[        ]   Build cache is disabled
[        ]   Caching has been disabled for the task
[        ] Skipping task ':url_launcher_android:bundleDebugAar' as it is up-to-date.
[        ] Resolve mutations for :url_launcher_android:assembleDebug (Thread[#37321,Execution worker Thread 19,5,main]) started.
[        ] :url_launcher_android:assembleDebug (Thread[#37321,Execution worker Thread 19,5,main]) started.
[        ] > Task :url_launcher_android:assembleDebug UP-TO-DATE
[        ] Skipping task ':url_launcher_android:assembleDebug' as it has no actions.
[        ] Resolve mutations for :video_player_android:stripDebugDebugSymbols (Thread[#37321,Execution worker Thread 19,5,main]) started.
[        ] :video_player_android:stripDebugDebugSymbols (Thread[#37321,Execution worker Thread 19,5,main]) started.
[        ] > Task :video_player_android:stripDebugDebugSymbols NO-SOURCE
[        ] Skipping task ':video_player_android:stripDebugDebugSymbols' as it has no source files and no previous output files.
[        ] Resolve mutations for :video_player_android:copyDebugJniLibsProjectAndLocalJars (Thread[#37321,Execution worker Thread 19,5,main]) started.
[        ] :video_player_android:copyDebugJniLibsProjectAndLocalJars (Thread[#37321,Execution worker Thread 19,5,main]) started.
[        ] > Task :video_player_android:copyDebugJniLibsProjectAndLocalJars UP-TO-DATE
[        ] Caching disabled for task ':video_player_android:copyDebugJniLibsProjectAndLocalJars' because:
[        ]   Build cache is disabled
[        ]   Caching has been disabled for the task
[        ] Skipping task ':video_player_android:copyDebugJniLibsProjectAndLocalJars' as it is up-to-date.
[        ] Resolve mutations for :video_player_android:extractDebugAnnotations (Thread[#37321,Execution worker Thread 19,5,main]) started.
[        ] :video_player_android:extractDebugAnnotations (Thread[#37321,Execution worker Thread 19,5,main]) started.
[        ] > Task :video_player_android:extractDebugAnnotations UP-TO-DATE
[        ] Caching disabled for task ':video_player_android:extractDebugAnnotations' because:
[        ]   Build cache is disabled
[        ] Skipping task ':video_player_android:extractDebugAnnotations' as it is up-to-date.
[        ] Resolve mutations for :video_player_android:extractDeepLinksForAarDebug (Thread[#37321,Execution worker Thread 19,5,main]) started.
[        ] :video_player_android:extractDeepLinksForAarDebug (Thread[#37321,Execution worker Thread 19,5,main]) started.
[        ] > Task :video_player_android:extractDeepLinksForAarDebug UP-TO-DATE
[        ] Caching disabled for task ':video_player_android:extractDeepLinksForAarDebug' because:
[        ]   Build cache is disabled
[        ] Skipping task ':video_player_android:extractDeepLinksForAarDebug' as it is up-to-date.
[        ] Resolve mutations for :video_player_android:mergeDebugGeneratedProguardFiles (Thread[#37321,Execution worker Thread 19,5,main]) started.
[        ] :video_player_android:mergeDebugGeneratedProguardFiles (Thread[#37321,Execution worker Thread 19,5,main]) started.
[        ] > Task :video_player_android:mergeDebugGeneratedProguardFiles UP-TO-DATE
[        ] Caching disabled for task ':video_player_android:mergeDebugGeneratedProguardFiles' because:
[        ]   Build cache is disabled
[        ]   Simple merging task
[        ] Skipping task ':video_player_android:mergeDebugGeneratedProguardFiles' as it is up-to-date.
[        ] Resolve mutations for :video_player_android:mergeDebugConsumerProguardFiles (Thread[#37321,Execution worker Thread 19,5,main]) started.
[        ] :video_player_android:mergeDebugConsumerProguardFiles (Thread[#37321,Execution worker Thread 19,5,main]) started.
[        ] > Task :video_player_android:mergeDebugConsumerProguardFiles UP-TO-DATE
[        ] Caching disabled for task ':video_player_android:mergeDebugConsumerProguardFiles' because:
[        ]   Build cache is disabled
[        ]   Simple merging task
[        ] Skipping task ':video_player_android:mergeDebugConsumerProguardFiles' as it is up-to-date.
[        ] Resolve mutations for :video_player_android:prepareDebugArtProfile (Thread[#37321,Execution worker Thread 19,5,main]) started.
[        ] :video_player_android:prepareDebugArtProfile (Thread[#37321,Execution worker Thread 19,5,main]) started.
[        ] > Task :video_player_android:prepareDebugArtProfile UP-TO-DATE
[        ] Caching disabled for task ':video_player_android:prepareDebugArtProfile' because:
[        ]   Build cache is disabled
[        ]   Caching has been disabled for the task
[        ] Skipping task ':video_player_android:prepareDebugArtProfile' as it is up-to-date.
[        ] Resolve mutations for :video_player_android:prepareLintJarForPublish (Thread[#37321,Execution worker Thread 19,5,main]) started.
[        ] :video_player_android:prepareLintJarForPublish (Thread[#37321,Execution worker Thread 19,5,main]) started.
[        ] > Task :video_player_android:prepareLintJarForPublish UP-TO-DATE
[        ] Caching disabled for task ':video_player_android:prepareLintJarForPublish' because:
[        ]   Build cache is disabled
[        ]   Caching has been disabled for the task
[        ] Skipping task ':video_player_android:prepareLintJarForPublish' as it is up-to-date.
[        ] Resolve mutations for :video_player_android:mergeDebugJavaResource (Thread[#37321,Execution worker Thread 19,5,main]) started.
[        ] :video_player_android:mergeDebugJavaResource (Thread[#37321,Execution worker Thread 19,5,main]) started.
[        ] > Task :video_player_android:mergeDebugJavaResource UP-TO-DATE
[        ] Caching disabled for task ':video_player_android:mergeDebugJavaResource' because:
[        ]   Build cache is disabled
[        ]   Caching has been disabled for the task
[        ] Skipping task ':video_player_android:mergeDebugJavaResource' as it is up-to-date.
[        ] Resolve mutations for :video_player_android:syncDebugLibJars (Thread[#37321,Execution worker Thread 19,5,main]) started.
[        ] :video_player_android:syncDebugLibJars (Thread[#37321,Execution worker Thread 19,5,main]) started.
[        ] > Task :video_player_android:syncDebugLibJars UP-TO-DATE
[        ] Caching disabled for task ':video_player_android:syncDebugLibJars' because:
[        ]   Build cache is disabled
[        ] Skipping task ':video_player_android:syncDebugLibJars' as it is up-to-date.
[        ] Resolve mutations for :video_player_android:bundleDebugAar (Thread[#37321,Execution worker Thread 19,5,main]) started.
[        ] :video_player_android:bundleDebugAar (Thread[#37321,Execution worker Thread 19,5,main]) started.
[        ] > Task :video_player_android:bundleDebugAar UP-TO-DATE
[        ] Caching disabled for task ':video_player_android:bundleDebugAar' because:
[        ]   Build cache is disabled
[        ]   Caching has been disabled for the task
[        ] Skipping task ':video_player_android:bundleDebugAar' as it is up-to-date.
[        ] Resolve mutations for :video_player_android:assembleDebug (Thread[#37321,Execution worker Thread 19,5,main]) started.
[        ] :video_player_android:assembleDebug (Thread[#37321,Execution worker Thread 19,5,main]) started.
[        ] > Task :video_player_android:assembleDebug UP-TO-DATE
[        ] Skipping task ':video_player_android:assembleDebug' as it has no actions.
00:12 +0: loading /Users/florian/Code/substitution/integration_test/interaction_with_matrix_test.dart                                                                                                  [ +486 ms] > Task :app:compressDebugAssets
[        ] Caching disabled for task ':app:compressDebugAssets' because:
[        ]   Build cache is disabled
[        ] Task ':app:compressDebugAssets' is not up-to-date because:
[        ]   Input property 'inputDirs' file /Users/florian/Code/substitution/build/app/intermediates/assets/debug/mergeDebugAssets/flutter_assets/kernel_blob.bin has changed.
00:13 +0: loading /Users/florian/Code/substitution/integration_test/interaction_with_matrix_test.dart                                                                                                  [ +699 ms] > Task :app:mergeDebugNativeLibs
[        ] Caching disabled for ExtractJniTransform: /Users/florian/.gradle/caches/8.12.1/transforms/7dc5ba890bdc13027ccdcc4c06f128f4/transformed/jetified-libs.jar because:
[        ]   Build cache is disabled
[        ] Caching disabled for task ':app:mergeDebugNativeLibs' because:
[        ]   Build cache is disabled
[        ]   Caching has been disabled for the task
[        ] Task ':app:mergeDebugNativeLibs' is not up-to-date because:
[        ]   Input property 'externalLibNativeLibs' file /Users/florian/.gradle/caches/8.12.1/transforms/95075befa55a3db87e36b44e90ae47fb/transformed/jetified-armeabi_v7a_debug-1.0.0-587c18f873b8ab57330422bce09047420d9c7f42/armeabi-v7a/libflutter.so has been removed.
[        ]   Input property 'externalLibNativeLibs' file /Users/florian/.gradle/caches/8.12.1/transforms/0d5dc5b7b1dd3e7c6d19a6f30ab8fa3a/transformed/jetified-x86_64_debug-1.0.0-587c18f873b8ab57330422bce09047420d9c7f42/x86_64/libflutter.so has been removed.
[        ] Resolve mutations for :app:stripDebugDebugSymbols (Thread[#37303,Execution worker Thread 2,5,main]) started.
[        ] :app:stripDebugDebugSymbols (Thread[#37303,Execution worker Thread 2,5,main]) started.
[        ] > Task :app:stripDebugDebugSymbols
[        ] Caching disabled for task ':app:stripDebugDebugSymbols' because:
[        ]   Build cache is disabled
[        ]   Caching has been disabled for the task
[        ] Task ':app:stripDebugDebugSymbols' is not up-to-date because:
[        ]   Input property 'inputDir' file /Users/florian/Code/substitution/build/app/intermediates/merged_native_libs/debug/mergeDebugNativeLibs/out/lib/armeabi-v7a/libflutter.so has been removed.
[        ]   Input property 'inputDir' file /Users/florian/Code/substitution/build/app/intermediates/merged_native_libs/debug/mergeDebugNativeLibs/out/lib/x86_64/libflutter.so has been removed.
[        ] Resolve mutations for :app:packageDebug (Thread[#37303,Execution worker Thread 2,5,main]) started.
[        ] :app:packageDebug (Thread[#37303,Execution worker Thread 2,5,main]) started.
[ +293 ms] > Task :app:packageDebug
[        ] Custom actions are attached to task ':app:packageDebug'.
[        ] Caching disabled for task ':app:packageDebug' because:
[        ]   Build cache is disabled
[        ]   Caching has been disabled for the task
[        ] Task ':app:packageDebug' is not up-to-date because:
[        ]   Input property 'assets' file /Users/florian/Code/substitution/build/app/intermediates/compressed_assets/debug/compressDebugAssets/out/assets/flutter_assets/kernel_blob.bin.jar has changed.
[        ]   Input property 'jniFolders' file /Users/florian/Code/substitution/build/app/intermediates/stripped_native_libs/debug/stripDebugDebugSymbols/out/lib/armeabi-v7a/libflutter.so has been removed.
[        ]   Input property 'jniFolders' file /Users/florian/Code/substitution/build/app/intermediates/stripped_native_libs/debug/stripDebugDebugSymbols/out/lib/armeabi-v7a/libflutter_openssl_crypto.so has been added.
[        ]   and more...
[        ] Resolve mutations for :app:createDebugApkListingFileRedirect (Thread[#37303,Execution worker Thread 2,5,main]) started.
[        ] :app:createDebugApkListingFileRedirect (Thread[#37303,Execution worker Thread 2,5,main]) started.
[        ] > Task :app:createDebugApkListingFileRedirect UP-TO-DATE
[        ] Caching disabled for task ':app:createDebugApkListingFileRedirect' because:
[        ]   Build cache is disabled
[        ]   Caching has been disabled for the task
[        ] Skipping task ':app:createDebugApkListingFileRedirect' as it is up-to-date.
[        ] Resolve mutations for :app:assembleDebug (Thread[#37303,Execution worker Thread 2,5,main]) started.
[        ] :app:assembleDebug (Thread[#37303,Execution worker Thread 2,5,main]) started.
[ +102 ms] > Task :app:assembleDebug
[        ] Caching disabled for task ':app:assembleDebug' because:
[        ]   Build cache is disabled
[        ] Task ':app:assembleDebug' is not up-to-date because:
[        ]   Task has not declared any outputs despite executing actions.
[        ] [Incubating] Problems report is available at: file:///Users/florian/Code/substitution/build/reports/problems/problems-report.html
[        ] Deprecated Gradle features were used in this build, making it incompatible with Gradle 9.0.
[        ] You can use '--warning-mode all' to show the individual deprecation warnings and determine if they come from your own scripts or plugins.
[        ] For more on this, please refer to https://docs.gradle.org/8.12.1/userguide/command_line_interface.html#sec:command_line_warnings in the Gradle documentation.
[        ] BUILD SUCCESSFUL in 13s
[        ] 458 actionable tasks: 35 executed, 423 up-to-date
[        ] Watched directory hierarchies: [/opt/homebrew/share/flutter/packages/flutter_tools/gradle, /Users/florian/Code/substitution/android]
[  +21 ms] Running Gradle task 'assembleDebug'... (completed in 13,3s)
[   +8 ms] Calculate SHA1: LocalDirectory: '/Users/florian/Code/substitution/build/app/outputs/flutter-apk'/app-debug.apk
[+1172 ms] ✓ Built build/app/outputs/flutter-apk/app-debug.apk
[   +1 ms] executing: /Users/florian/Library/Android/sdk/build-tools/36.1.0/aapt dump xmltree /Users/florian/Code/substitution/build/app/outputs/flutter-apk/app-debug.apk AndroidManifest.xml
[  +10 ms] Exit code 0 from: /Users/florian/Library/Android/sdk/build-tools/36.1.0/aapt dump xmltree /Users/florian/Code/substitution/build/app/outputs/flutter-apk/app-debug.apk AndroidManifest.xml
[        ] N: android=http://schemas.android.com/apk/res/android
             E: manifest (line=2)
               A: android:versionCode(0x0101021b)=(type 0x10)0x7
               A: android:versionName(0x0101021c)="1.0.0" (Raw: "1.0.0")
               A: android:compileSdkVersion(0x01010572)=(type 0x10)0x24
               A: android:compileSdkVersionCodename(0x01010573)="16" (Raw: "16")
               A: package="art.substitution.substitution" (Raw: "art.substitution.substitution")
               A: platformBuildVersionCode=(type 0x10)0x24
               A: platformBuildVersionName=(type 0x10)0x10
               E: uses-sdk (line=7)
                 A: android:minSdkVersion(0x0101020c)=(type 0x10)0x18
                 A: android:targetSdkVersion(0x01010270)=(type 0x10)0x22
               E: uses-permission (line=15)
                 A: android:name(0x01010003)="android.permission.INTERNET" (Raw: "android.permission.INTERNET")
               E: uses-permission (line=16)
                 A: android:name(0x01010003)="android.permission.ACCESS_NETWORK_STATE" (Raw: "android.permission.ACCESS_NETWORK_STATE")
               E: permission (line=18)
                 A: android:name(0x01010003)="art.substitution.substitution.DYNAMIC_RECEIVER_NOT_EXPORTED_PERMISSION" (Raw: "art.substitution.substitution.DYNAMIC_RECEIVER_NOT_EXPORTED_PERMISSION")
                 A: android:protectionLevel(0x01010009)=(type 0x11)0x2
               E: uses-permission (line=22)
                 A: android:name(0x01010003)="art.substitution.substitution.DYNAMIC_RECEIVER_NOT_EXPORTED_PERMISSION" (Raw: "art.substitution.substitution.DYNAMIC_RECEIVER_NOT_EXPORTED_PERMISSION")
               E: application (line=24)
                 A: android:label(0x01010001)="substitution" (Raw: "substitution")
                 A: android:icon(0x01010002)=@0x7f0c0000
                 A: android:name(0x01010003)="android.app.Application" (Raw: "android.app.Application")
                 A: android:debuggable(0x0101000f)=(type 0x12)0xffffffff
                 A: android:extractNativeLibs(0x010104ea)=(type 0x12)0x0
                 A: android:appComponentFactory(0x0101057a)="androidx.core.app.CoreComponentFactory" (Raw: "androidx.core.app.CoreComponentFactory")
                 E: activity (line=31)
                   A: android:theme(0x01010000)=@0x7f0e00a2
                   A: android:name(0x01010003)="art.substitution.substitution.MainActivity" (Raw: "art.substitution.substitution.MainActivity")
                   A: android:exported(0x01010010)=(type 0x12)0xffffffff
                   A: android:launchMode(0x0101001d)=(type 0x10)0x1
                   A: android:configChanges(0x0101001f)=(type 0x11)0x40003fb4
                   A: android:windowSoftInputMode(0x0101022b)=(type 0x11)0x10
                   A: android:hardwareAccelerated(0x010102d3)=(type 0x12)0xffffffff
                   E: meta-data (line=46)
                     A: android:name(0x01010003)="io.flutter.embedding.android.NormalTheme" (Raw: "io.flutter.embedding.android.NormalTheme")
                     A: android:resource(0x01010025)=@0x7f0e00a3
                   E: intent-filter (line=50)
                     E: action (line=51)
                       A: android:name(0x01010003)="android.intent.action.MAIN" (Raw: "android.intent.action.MAIN")
                     E: category (line=53)
                       A: android:name(0x01010003)="android.intent.category.LAUNCHER" (Raw: "android.intent.category.LAUNCHER")
                   E: intent-filter (line=56)
                     E: action (line=57)
                       A: android:name(0x01010003)="android.intent.action.VIEW" (Raw: "android.intent.action.VIEW")
                     E: category (line=59)
                       A: android:name(0x01010003)="android.intent.category.DEFAULT" (Raw: "android.intent.category.DEFAULT")
                     E: category (line=60)
                       A: android:name(0x01010003)="android.intent.category.BROWSABLE" (Raw: "android.intent.category.BROWSABLE")
                     E: data (line=62)
                       A: android:scheme(0x01010027)="substitution" (Raw: "substitution")
                       A: android:host(0x01010028)="auth" (Raw: "auth")
                       A: android:pathPrefix(0x0101002b)="/login-callback" (Raw: "/login-callback")
                 E: meta-data (line=72)
                   A: android:name(0x01010003)="flutterEmbedding" (Raw: "flutterEmbedding")
                   A: android:value(0x01010024)=(type 0x10)0x2
                 E: activity (line=76)
                   A: android:theme(0x01010000)=@0x01030007
                   A: android:name(0x01010003)="io.flutter.plugins.urllauncher.WebViewActivity" (Raw: "io.flutter.plugins.urllauncher.WebViewActivity")
                   A: android:exported(0x01010010)=(type 0x12)0x0
                 E: uses-library (line=81)
                   A: android:name(0x01010003)="androidx.window.extensions" (Raw: "androidx.window.extensions")
                   A: android:required(0x0101028e)=(type 0x12)0x0
                 E: uses-library (line=84)
                   A: android:name(0x01010003)="androidx.window.sidecar" (Raw: "androidx.window.sidecar")
                   A: android:required(0x0101028e)=(type 0x12)0x0
                 E: provider (line=88)
                   A: android:name(0x01010003)="androidx.startup.InitializationProvider" (Raw: "androidx.startup.InitializationProvider")
                   A: android:exported(0x01010010)=(type 0x12)0x0
                   A: android:authorities(0x01010018)="art.substitution.substitution.androidx-startup" (Raw: "art.substitution.substitution.androidx-startup")
                   E: meta-data (line=92)
                     A: android:name(0x01010003)="androidx.lifecycle.ProcessLifecycleInitializer" (Raw: "androidx.lifecycle.ProcessLifecycleInitializer")
                     A: android:value(0x01010024)="androidx.startup" (Raw: "androidx.startup")
                   E: meta-data (line=95)
                     A: android:name(0x01010003)="androidx.profileinstaller.ProfileInstallerInitializer" (Raw: "androidx.profileinstaller.ProfileInstallerInitializer")
                     A: android:value(0x01010024)="androidx.startup" (Raw: "androidx.startup")
                 E: receiver (line=100)
                   A: android:name(0x01010003)="androidx.profileinstaller.ProfileInstallReceiver" (Raw: "androidx.profileinstaller.ProfileInstallReceiver")
                   A: android:permission(0x01010006)="android.permission.DUMP" (Raw: "android.permission.DUMP")
                   A: android:enabled(0x0101000e)=(type 0x12)0xffffffff
                   A: android:exported(0x01010010)=(type 0x12)0xffffffff
                   A: android:directBootAware(0x01010505)=(type 0x12)0x0
                   E: intent-filter (line=106)
                     E: action (line=107)
                       A: android:name(0x01010003)="androidx.profileinstaller.action.INSTALL_PROFILE" (Raw: "androidx.profileinstaller.action.INSTALL_PROFILE")
                   E: intent-filter (line=109)
                     E: action (line=110)
                       A: android:name(0x01010003)="androidx.profileinstaller.action.SKIP_FILE" (Raw: "androidx.profileinstaller.action.SKIP_FILE")
                   E: intent-filter (line=112)
                     E: action (line=113)
                       A: android:name(0x01010003)="androidx.profileinstaller.action.SAVE_PROFILE" (Raw: "androidx.profileinstaller.action.SAVE_PROFILE")
                   E: intent-filter (line=115)
                     E: action (line=116)
                       A: android:name(0x01010003)="androidx.profileinstaller.action.BENCHMARK_OPERATION" (Raw: "androidx.profileinstaller.action.BENCHMARK_OPERATION")
[   +1 ms] Stopping app 'app-debug.apk' on sdk gphone64 arm64.
[        ] executing: /Users/florian/Library/Android/sdk/platform-tools/adb -s emulator-5554 shell am force-stop art.substitution.substitution
00:14 +0: loading /Users/florian/Code/substitution/integration_test/interaction_with_matrix_test.dart                                                                                                  [  +22 ms] Installing APK.
[        ] Installing build/app/outputs/flutter-apk/app-debug.apk...
[        ] executing: /Users/florian/Library/Android/sdk/platform-tools/adb -s emulator-5554 install -t -r /Users/florian/Code/substitution/build/app/outputs/flutter-apk/app-debug.apk
00:15 +0: loading /Users/florian/Code/substitution/integration_test/interaction_with_matrix_test.dart                                                                                                  [ +425 ms] Performing Streamed Install
           Success
[        ] Installing build/app/outputs/flutter-apk/app-debug.apk... (completed in 425ms)
[        ] executing: /Users/florian/Library/Android/sdk/platform-tools/adb -s emulator-5554 shell echo -n cc5fa08b4f207f5724530995d26c2492b9bbe589 > /data/local/tmp/sky.art.substitution.substitution.sha1
[  +21 ms] executing: /Users/florian/Library/Android/sdk/platform-tools/adb -s emulator-5554 shell -x logcat -v time -t 1
[ +147 ms] --------- beginning of system
           02-16 23:55:06.425 D/BackupManagerConstants(  668): getFullBackupRequireCharging(...) returns true
[   +5 ms] executing: /Users/florian/Library/Android/sdk/platform-tools/adb -s emulator-5554 shell am start -a android.intent.action.MAIN -c android.intent.category.LAUNCHER -f 0x20000000 --ez enable-dart-profiling true --ez enable-checked-mode true --ez verify-entry-points true art.substitution.substitution/art.substitution.substitution.MainActivity
[ +229 ms] Starting: Intent { act=android.intent.action.MAIN cat=[android.intent.category.LAUNCHER] flg=0x20000000 cmp=art.substitution.substitution/.MainActivity (has extras) }
[        ] Waiting for VM Service port to be available...
00:16 +0: loading /Users/florian/Code/substitution/integration_test/interaction_with_matrix_test.dart                                                                                                  00:17 +0: loading /Users/florian/Code/substitution/integration_test/interaction_with_matrix_test.dart                                                                                                  00:18 +0: loading /Users/florian/Code/substitution/integration_test/interaction_with_matrix_test.dart                                                                                                  [+2518 ms] VM Service URL on device: http://127.0.0.1:36217/daY7l3tcCLQ=/
[        ] executing: /Users/florian/Library/Android/sdk/platform-tools/adb -s emulator-5554 forward tcp:0 tcp:36217
[  +14 ms] 54348
[        ] Forwarded host port 54348 to device port 36217 for VM Service
[   +1 ms] test 0: Starting Dart Development Service
[        ] Launching a Dart Developer Service (DDS) instance at http://127.0.0.1:0, connecting to VM service at http://127.0.0.1:54348/daY7l3tcCLQ=/.
[ +174 ms] test 0: Dart Development Service started at http://127.0.0.1:54351/5wV9CQgsDWI=/, forwarding to VM service at http://127.0.0.1:54348/daY7l3tcCLQ=/.
[        ] test 0: Connecting to vm service
[   +2 ms] test 0: VM Service uri is available at http://127.0.0.1:54351/5wV9CQgsDWI=/
[  +18 ms] test 0: Finding the correct isolate with the integration test service extension
[ +131 ms] test 0: connected to test device, now awaiting test result
[        ] test 0: Waiting for test harness or tests to finish
00:18 +0: /Users/florian/Code/substitution/integration_test/interaction_with_matrix_test.dart: Engagement & Interaction with Real Matrix Server Can react to messages with emoji                       00:19 +0: /Users/florian/Code/substitution/integration_test/interaction_with_matrix_test.dart: Engagement & Interaction with Real Matrix Server Can react to messages with emoji                       00:19 +0: /Users/florian/Code/substitution/integration_test/interaction_with_matrix_test.dart: Engagement & Interaction with Real Matrix Server Can react to messages with emoji                       
[90m[🌎 Easy Localization] [DEBUG] Localization initialized[0m
[Matrix] [32mInitialize client Substitution[0m
[Matrix] [32mUser is not logged in.[0m
[90m[🌎 Easy Localization] [DEBUG] Start[0m
[90m[🌎 Easy Localization] [DEBUG] Init state[0m
[90m[🌎 Easy Localization] [DEBUG] Build[0m
[90m[🌎 Easy Localization] [DEBUG] Init Localization Delegate[0m
[90m[🌎 Easy Localization] [DEBUG] Init provider[0m
[90m[🌎 Easy Localization] [DEBUG] Load Localization Delegate[0m
[90m[🌎 Easy Localization] [DEBUG] Load asset from assets/translations[0m
[90m[🌎 Easy Localization] [DEBUG] Build[0m
[90m[🌎 Easy Localization] [DEBUG] Init Localization Delegate[0m
[90m[🌎 Easy Localization] [DEBUG] Init provider[0m
══╡ EXCEPTION CAUGHT BY FLUTTER TEST FRAMEWORK ╞════════════════════════════════════════════════════
The following TestFailure was thrown running a test:
Expected: exactly one matching candidate
  Actual: _KeyWidgetFinder:<Found 0 widgets with key [<'loginUsernameInput'>]: []>
   Which: means none were found but one was expected
Username field should be visible on login page

When the exception was thrown, this was the stack:
#4      main.<anonymous closure>.loginUser (file:///Users/florian/Code/substitution/integration_test/interaction_with_matrix_test.dart:83:7)
<asynchronous suspension>
#5      main.<anonymous closure>.<anonymous closure> (file:///Users/florian/Code/substitution/integration_test/interaction_with_matrix_test.dart:103:9)
<asynchronous suspension>
#6      testWidgets.<anonymous closure>.<anonymous closure> (package:flutter_test/src/widget_tester.dart:192:15)
<asynchronous suspension>
#7      TestWidgetsFlutterBinding._runTestBody (package:flutter_test/src/binding.dart:1059:5)
<asynchronous suspension>
<asynchronous suspension>
(elided one frame from package:stack_trace)

This was caught by the test expectation on the following line:
  file:///Users/florian/Code/substitution/integration_test/interaction_with_matrix_test.dart line 83
The test description was:
  Can react to messages with emoji
════════════════════════════════════════════════════════════════════════════════════════════════════
00:36 +0 -1: /Users/florian/Code/substitution/integration_test/interaction_with_matrix_test.dart: Engagement & Interaction with Real Matrix Server Can react to messages with emoji [E]                
  Test failed. See exception logs above.
  The test description was: Can react to messages with emoji
  

To run this test again: /opt/homebrew/share/flutter/bin/cache/dart-sdk/bin/dart test /Users/florian/Code/substitution/integration_test/interaction_with_matrix_test.dart -p vm --plain-name 'Engagement & Interaction with Real Matrix Server Can react to messages with emoji'
00:36 +0 -1: /Users/florian/Code/substitution/integration_test/interaction_with_matrix_test.dart: Engagement & Interaction with Real Matrix Server Can reply to messages                               00:37 +0 -1: /Users/florian/Code/substitution/integration_test/interaction_with_matrix_test.dart: Engagement & Interaction with Real Matrix Server Can reply to messages                               00:37 +0 -1: /Users/florian/Code/substitution/integration_test/interaction_with_matrix_test.dart: Engagement & Interaction with Real Matrix Server Can reply to messages                               
[90m[🌎 Easy Localization] [DEBUG] Localization initialized[0m
[Matrix] [32mInitialize client Substitution[0m
[Matrix] [32mUser is not logged in.[0m
[90m[🌎 Easy Localization] [DEBUG] Start[0m
00:39 +0 -1: /Users/florian/Code/substitution/integration_test/interaction_with_matrix_test.dart: Engagement & Interaction with Real Matrix Server Can react to messages with emoji                    
[90m[🌎 Easy Localization] [DEBUG] Init state[0m
[90m[🌎 Easy Localization] [DEBUG] Build[0m
[90m[🌎 Easy Localization] [DEBUG] Init Localization Delegate[0m
[90m[🌎 Easy Localization] [DEBUG] Init provider[0m
[90m[🌎 Easy Localization] [DEBUG] Load Localization Delegate[0m
[90m[🌎 Easy Localization] [DEBUG] Load asset from assets/translations[0m
[90m[🌎 Easy Localization] [DEBUG] Build[0m
[90m[🌎 Easy Localization] [DEBUG] Init Localization Delegate[0m
[90m[🌎 Easy Localization] [DEBUG] Init provider[0m
00:56 +0 -1: /Users/florian/Code/substitution/integration_test/interaction_with_matrix_test.dart: Engagement & Interaction with Real Matrix Server Can reply to messages                               
══╡ EXCEPTION CAUGHT BY FLUTTER TEST FRAMEWORK ╞════════════════════════════════════════════════════
The following TestFailure was thrown running a test:
Expected: exactly one matching candidate
  Actual: _KeyWidgetFinder:<Found 0 widgets with key [<'loginUsernameInput'>]: []>
   Which: means none were found but one was expected
Username field should be visible on login page

When the exception was thrown, this was the stack:
#4      main.<anonymous closure>.loginUser (file:///Users/florian/Code/substitution/integration_test/interaction_with_matrix_test.dart:83:7)
<asynchronous suspension>
#5      main.<anonymous closure>.<anonymous closure> (file:///Users/florian/Code/substitution/integration_test/interaction_with_matrix_test.dart:143:9)
<asynchronous suspension>
#6      testWidgets.<anonymous closure>.<anonymous closure> (package:flutter_test/src/widget_tester.dart:192:15)
<asynchronous suspension>
#7      TestWidgetsFlutterBinding._runTestBody (package:flutter_test/src/binding.dart:1059:5)
<asynchronous suspension>
<asynchronous suspension>
(elided one frame from package:stack_trace)

This was caught by the test expectation on the following line:
  file:///Users/florian/Code/substitution/integration_test/interaction_with_matrix_test.dart line 83
The test description was:
  Can reply to messages
════════════════════════════════════════════════════════════════════════════════════════════════════
00:56 +0 -2: /Users/florian/Code/substitution/integration_test/interaction_with_matrix_test.dart: Engagement & Interaction with Real Matrix Server Can reply to messages [E]                           
  Test failed. See exception logs above.
  The test description was: Can reply to messages
  

To run this test again: /opt/homebrew/share/flutter/bin/cache/dart-sdk/bin/dart test /Users/florian/Code/substitution/integration_test/interaction_with_matrix_test.dart -p vm --plain-name 'Engagement & Interaction with Real Matrix Server Can reply to messages'
00:56 +0 -2: /Users/florian/Code/substitution/integration_test/interaction_with_matrix_test.dart: Engagement & Interaction with Real Matrix Server Reactions from other users are visible              00:56 +0 -2: /Users/florian/Code/substitution/integration_test/interaction_with_matrix_test.dart: Engagement & Interaction with Real Matrix Server Reactions from other users are visible              
[90m[🌎 Easy Localization] [DEBUG] Localization initialized[0m
[Matrix] [32mInitialize client Substitution[0m
[Matrix] [32mUser is not logged in.[0m
[90m[🌎 Easy Localization] [DEBUG] Start[0m
00:58 +0 -2: /Users/florian/Code/substitution/integration_test/interaction_with_matrix_test.dart: Engagement & Interaction with Real Matrix Server Can react to messages with emoji                    
[90m[🌎 Easy Localization] [DEBUG] Init state[0m
[90m[🌎 Easy Localization] [DEBUG] Build[0m
[90m[🌎 Easy Localization] [DEBUG] Init Localization Delegate[0m
[90m[🌎 Easy Localization] [DEBUG] Init provider[0m
[90m[🌎 Easy Localization] [DEBUG] Load Localization Delegate[0m
[90m[🌎 Easy Localization] [DEBUG] Load asset from assets/translations[0m
[90m[🌎 Easy Localization] [DEBUG] Build[0m
[90m[🌎 Easy Localization] [DEBUG] Init Localization Delegate[0m
[90m[🌎 Easy Localization] [DEBUG] Init provider[0m
01:15 +0 -2: /Users/florian/Code/substitution/integration_test/interaction_with_matrix_test.dart: Engagement & Interaction with Real Matrix Server Reactions from other users are visible              
══╡ EXCEPTION CAUGHT BY FLUTTER TEST FRAMEWORK ╞════════════════════════════════════════════════════
The following TestFailure was thrown running a test:
Expected: exactly one matching candidate
  Actual: _KeyWidgetFinder:<Found 0 widgets with key [<'loginUsernameInput'>]: []>
   Which: means none were found but one was expected
Username field should be visible on login page

When the exception was thrown, this was the stack:
#4      main.<anonymous closure>.loginUser (file:///Users/florian/Code/substitution/integration_test/interaction_with_matrix_test.dart:83:7)
<asynchronous suspension>
#5      main.<anonymous closure>.<anonymous closure> (file:///Users/florian/Code/substitution/integration_test/interaction_with_matrix_test.dart:186:9)
<asynchronous suspension>
#6      testWidgets.<anonymous closure>.<anonymous closure> (package:flutter_test/src/widget_tester.dart:192:15)
<asynchronous suspension>
#7      TestWidgetsFlutterBinding._runTestBody (package:flutter_test/src/binding.dart:1059:5)
<asynchronous suspension>
<asynchronous suspension>
(elided one frame from package:stack_trace)

This was caught by the test expectation on the following line:
  file:///Users/florian/Code/substitution/integration_test/interaction_with_matrix_test.dart line 83
The test description was:
  Reactions from other users are visible
════════════════════════════════════════════════════════════════════════════════════════════════════
01:15 +0 -3: /Users/florian/Code/substitution/integration_test/interaction_with_matrix_test.dart: Engagement & Interaction with Real Matrix Server Reactions from other users are visible [E]          
  Test failed. See exception logs above.
  The test description was: Reactions from other users are visible
  

To run this test again: /opt/homebrew/share/flutter/bin/cache/dart-sdk/bin/dart test /Users/florian/Code/substitution/integration_test/interaction_with_matrix_test.dart -p vm --plain-name 'Engagement & Interaction with Real Matrix Server Reactions from other users are visible'
01:15 +0 -3: /Users/florian/Code/substitution/integration_test/interaction_with_matrix_test.dart: Engagement & Interaction with Real Matrix Server Can view user profile by tapping avatar             01:15 +0 -3: /Users/florian/Code/substitution/integration_test/interaction_with_matrix_test.dart: Engagement & Interaction with Real Matrix Server Can view user profile by tapping avatar             
[90m[🌎 Easy Localization] [DEBUG] Localization initialized[0m
[Matrix] [32mInitialize client Substitution[0m
[Matrix] [32mUser is not logged in.[0m
[90m[🌎 Easy Localization] [DEBUG] Start[0m
01:17 +0 -3: /Users/florian/Code/substitution/integration_test/interaction_with_matrix_test.dart: Engagement & Interaction with Real Matrix Server Can react to messages with emoji                    
[90m[🌎 Easy Localization] [DEBUG] Init state[0m
[90m[🌎 Easy Localization] [DEBUG] Build[0m
[90m[🌎 Easy Localization] [DEBUG] Init Localization Delegate[0m
[90m[🌎 Easy Localization] [DEBUG] Init provider[0m
[90m[🌎 Easy Localization] [DEBUG] Load Localization Delegate[0m
[90m[🌎 Easy Localization] [DEBUG] Load asset from assets/translations[0m
[90m[🌎 Easy Localization] [DEBUG] Build[0m
[90m[🌎 Easy Localization] [DEBUG] Init Localization Delegate[0m
[90m[🌎 Easy Localization] [DEBUG] Init provider[0m
01:33 +0 -3: /Users/florian/Code/substitution/integration_test/interaction_with_matrix_test.dart: Engagement & Interaction with Real Matrix Server Can view user profile by tapping avatar             
══╡ EXCEPTION CAUGHT BY FLUTTER TEST FRAMEWORK ╞════════════════════════════════════════════════════
The following TestFailure was thrown running a test:
Expected: exactly one matching candidate
  Actual: _KeyWidgetFinder:<Found 0 widgets with key [<'loginUsernameInput'>]: []>
   Which: means none were found but one was expected
Username field should be visible on login page

When the exception was thrown, this was the stack:
#4      main.<anonymous closure>.loginUser (file:///Users/florian/Code/substitution/integration_test/interaction_with_matrix_test.dart:83:7)
<asynchronous suspension>
#5      main.<anonymous closure>.<anonymous closure> (file:///Users/florian/Code/substitution/integration_test/interaction_with_matrix_test.dart:212:9)
<asynchronous suspension>
#6      testWidgets.<anonymous closure>.<anonymous closure> (package:flutter_test/src/widget_tester.dart:192:15)
<asynchronous suspension>
#7      TestWidgetsFlutterBinding._runTestBody (package:flutter_test/src/binding.dart:1059:5)
<asynchronous suspension>
<asynchronous suspension>
(elided one frame from package:stack_trace)

This was caught by the test expectation on the following line:
  file:///Users/florian/Code/substitution/integration_test/interaction_with_matrix_test.dart line 83
The test description was:
  Can view user profile by tapping avatar
════════════════════════════════════════════════════════════════════════════════════════════════════
01:33 +0 -4: /Users/florian/Code/substitution/integration_test/interaction_with_matrix_test.dart: Engagement & Interaction with Real Matrix Server Can view user profile by tapping avatar [E]         
  Test failed. See exception logs above.
  The test description was: Can view user profile by tapping avatar
  

To run this test again: /opt/homebrew/share/flutter/bin/cache/dart-sdk/bin/dart test /Users/florian/Code/substitution/integration_test/interaction_with_matrix_test.dart -p vm --plain-name 'Engagement & Interaction with Real Matrix Server Can view user profile by tapping avatar'
01:33 +0 -4: /Users/florian/Code/substitution/integration_test/interaction_with_matrix_test.dart: ... with Real Matrix Server Message interactions work with messages from test_general room           01:33 +0 -4: /Users/florian/Code/substitution/integration_test/interaction_with_matrix_test.dart: Engagement & Interaction with Real Matrix Server Message interactions work with messages from test_general room
[90m[🌎 Easy Localization] [DEBUG] Localization initialized[0m
[Matrix] [32mInitialize client Substitution[0m
[Matrix] [32mUser is not logged in.[0m
[90m[🌎 Easy Localization] [DEBUG] Start[0m
01:35 +0 -4: /Users/florian/Code/substitution/integration_test/interaction_with_matrix_test.dart: Engagement & Interaction with Real Matrix Server Can react to messages with emoji                    
[90m[🌎 Easy Localization] [DEBUG] Init state[0m
[90m[🌎 Easy Localization] [DEBUG] Build[0m
[90m[🌎 Easy Localization] [DEBUG] Init Localization Delegate[0m
[90m[🌎 Easy Localization] [DEBUG] Init provider[0m
[90m[🌎 Easy Localization] [DEBUG] Load Localization Delegate[0m
[90m[🌎 Easy Localization] [DEBUG] Load asset from assets/translations[0m
[90m[🌎 Easy Localization] [DEBUG] Build[0m
[90m[🌎 Easy Localization] [DEBUG] Init Localization Delegate[0m
[90m[🌎 Easy Localization] [DEBUG] Init provider[0m
01:52 +0 -4: /Users/florian/Code/substitution/integration_test/interaction_with_matrix_test.dart: Engagement & Interaction with Real Matrix Server Message interactions work with messages from test_general room
══╡ EXCEPTION CAUGHT BY FLUTTER TEST FRAMEWORK ╞════════════════════════════════════════════════════
The following TestFailure was thrown running a test:
Expected: exactly one matching candidate
  Actual: _KeyWidgetFinder:<Found 0 widgets with key [<'loginUsernameInput'>]: []>
   Which: means none were found but one was expected
Username field should be visible on login page

When the exception was thrown, this was the stack:
#4      main.<anonymous closure>.loginUser (file:///Users/florian/Code/substitution/integration_test/interaction_with_matrix_test.dart:83:7)
<asynchronous suspension>
#5      main.<anonymous closure>.<anonymous closure> (file:///Users/florian/Code/substitution/integration_test/interaction_with_matrix_test.dart:241:9)
<asynchronous suspension>
#6      testWidgets.<anonymous closure>.<anonymous closure> (package:flutter_test/src/widget_tester.dart:192:15)
<asynchronous suspension>
#7      TestWidgetsFlutterBinding._runTestBody (package:flutter_test/src/binding.dart:1059:5)
<asynchronous suspension>
<asynchronous suspension>
(elided one frame from package:stack_trace)

This was caught by the test expectation on the following line:
  file:///Users/florian/Code/substitution/integration_test/interaction_with_matrix_test.dart line 83
The test description was:
  Message interactions work with messages from test_general room
════════════════════════════════════════════════════════════════════════════════════════════════════
01:52 +0 -5: /Users/florian/Code/substitution/integration_test/interaction_with_matrix_test.dart: Engagement & Interaction with Real Matrix Server Message interactions work with messages from test_general room [E]
  Test failed. See exception logs above.
  The test description was: Message interactions work with messages from test_general room
  

To run this test again: /opt/homebrew/share/flutter/bin/cache/dart-sdk/bin/dart test /Users/florian/Code/substitution/integration_test/interaction_with_matrix_test.dart -p vm --plain-name 'Engagement & Interaction with Real Matrix Server Message interactions work with messages from test_general room'
01:52 +0 -5: /Users/florian/Code/substitution/integration_test/interaction_with_matrix_test.dart: Engagement & Interaction with Real Matrix Server Thread/reply view shows conversation context        01:52 +0 -5: /Users/florian/Code/substitution/integration_test/interaction_with_matrix_test.dart: Engagement & Interaction with Real Matrix Server Thread/reply view shows conversation context        
[90m[🌎 Easy Localization] [DEBUG] Localization initialized[0m
[Matrix] [32mInitialize client Substitution[0m
[Matrix] [32mUser is not logged in.[0m
[90m[🌎 Easy Localization] [DEBUG] Start[0m
01:55 +0 -5: /Users/florian/Code/substitution/integration_test/interaction_with_matrix_test.dart: Engagement & Interaction with Real Matrix Server Can react to messages with emoji                    
[90m[🌎 Easy Localization] [DEBUG] Init state[0m
[90m[🌎 Easy Localization] [DEBUG] Build[0m
[90m[🌎 Easy Localization] [DEBUG] Init Localization Delegate[0m
[90m[🌎 Easy Localization] [DEBUG] Init provider[0m
[90m[🌎 Easy Localization] [DEBUG] Load Localization Delegate[0m
[90m[🌎 Easy Localization] [DEBUG] Load asset from assets/translations[0m
[90m[🌎 Easy Localization] [DEBUG] Build[0m
[90m[🌎 Easy Localization] [DEBUG] Init Localization Delegate[0m
[90m[🌎 Easy Localization] [DEBUG] Init provider[0m
02:08 +0 -5: /Users/florian/Code/substitution/integration_test/interaction_with_matrix_test.dart: Engagement & Interaction with Real Matrix Server Thread/reply view shows conversation context        
══╡ EXCEPTION CAUGHT BY FLUTTER TEST FRAMEWORK ╞════════════════════════════════════════════════════
The following TestFailure was thrown running a test:
Expected: exactly one matching candidate
  Actual: _KeyWidgetFinder:<Found 0 widgets with key [<'loginUsernameInput'>]: []>
   Which: means none were found but one was expected
Username field should be visible on login page

When the exception was thrown, this was the stack:
#4      main.<anonymous closure>.loginUser (file:///Users/florian/Code/substitution/integration_test/interaction_with_matrix_test.dart:83:7)
<asynchronous suspension>
#5      main.<anonymous closure>.<anonymous closure> (file:///Users/florian/Code/substitution/integration_test/interaction_with_matrix_test.dart:270:9)
<asynchronous suspension>
#6      testWidgets.<anonymous closure>.<anonymous closure> (package:flutter_test/src/widget_tester.dart:192:15)
<asynchronous suspension>
#7      TestWidgetsFlutterBinding._runTestBody (package:flutter_test/src/binding.dart:1059:5)
<asynchronous suspension>
<asynchronous suspension>
(elided one frame from package:stack_trace)

This was caught by the test expectation on the following line:
  file:///Users/florian/Code/substitution/integration_test/interaction_with_matrix_test.dart line 83
The test description was:
  Thread/reply view shows conversation context
════════════════════════════════════════════════════════════════════════════════════════════════════
02:08 +0 -6: /Users/florian/Code/substitution/integration_test/interaction_with_matrix_test.dart: Engagement & Interaction with Real Matrix Server Thread/reply view shows conversation context [E]    
  Test failed. See exception logs above.
  The test description was: Thread/reply view shows conversation context
  

To run this test again: /opt/homebrew/share/flutter/bin/cache/dart-sdk/bin/dart test /Users/florian/Code/substitution/integration_test/interaction_with_matrix_test.dart -p vm --plain-name 'Engagement & Interaction with Real Matrix Server Thread/reply view shows conversation context'
02:08 +0 -6: /Users/florian/Code/substitution/integration_test/interaction_with_matrix_test.dart: (tearDownAll)                                                                                        [+110513 ms] test 0: Test harness is no longer needed by test process
[        ] test 0: finished
[        ] test 0: cleaning up...
[        ] test 0: ensuring test device is terminated.
[        ] executing: /Users/florian/Library/Android/sdk/platform-tools/adb -s emulator-5554 shell am force-stop art.substitution.substitution
[        ] test 0: Test process is no longer needed by test harness
02:09 +0 -6: /Users/florian/Code/substitution/integration_test/interaction_with_matrix_test.dart: (tearDownAll)                                                                                        [  +62 ms] executing: /Users/florian/Library/Android/sdk/platform-tools/adb -s emulator-5554 uninstall art.substitution.substitution
[ +474 ms] Success
[        ] test 0: deleting temporary directory
[        ] test 0: finished
02:09 +0 -6: loading /Users/florian/Code/substitution/integration_test/offline_test.dart                                                                                                               [        ] test 1: starting test /Users/florian/Code/substitution/integration_test/offline_test.dart
[        ] Stopping scan for flutter_test_config.dart; found project root at /Users/florian/Code/substitution
[        ] test 1: starting test device
[        ] test 1: awaiting connection to test device
[   +1 ms] executing: /Users/florian/Library/Android/sdk/build-tools/36.1.0/aapt dump xmltree /Users/florian/Code/substitution/build/app/outputs/flutter-apk/app-debug.apk AndroidManifest.xml
[  +11 ms] Exit code 0 from: /Users/florian/Library/Android/sdk/build-tools/36.1.0/aapt dump xmltree /Users/florian/Code/substitution/build/app/outputs/flutter-apk/app-debug.apk AndroidManifest.xml
[        ] N: android=http://schemas.android.com/apk/res/android
             E: manifest (line=2)
               A: android:versionCode(0x0101021b)=(type 0x10)0x7
               A: android:versionName(0x0101021c)="1.0.0" (Raw: "1.0.0")
               A: android:compileSdkVersion(0x01010572)=(type 0x10)0x24
               A: android:compileSdkVersionCodename(0x01010573)="16" (Raw: "16")
               A: package="art.substitution.substitution" (Raw: "art.substitution.substitution")
               A: platformBuildVersionCode=(type 0x10)0x24
               A: platformBuildVersionName=(type 0x10)0x10
               E: uses-sdk (line=7)
                 A: android:minSdkVersion(0x0101020c)=(type 0x10)0x18
                 A: android:targetSdkVersion(0x01010270)=(type 0x10)0x22
               E: uses-permission (line=15)
                 A: android:name(0x01010003)="android.permission.INTERNET" (Raw: "android.permission.INTERNET")
               E: uses-permission (line=16)
                 A: android:name(0x01010003)="android.permission.ACCESS_NETWORK_STATE" (Raw: "android.permission.ACCESS_NETWORK_STATE")
               E: permission (line=18)
                 A: android:name(0x01010003)="art.substitution.substitution.DYNAMIC_RECEIVER_NOT_EXPORTED_PERMISSION" (Raw: "art.substitution.substitution.DYNAMIC_RECEIVER_NOT_EXPORTED_PERMISSION")
                 A: android:protectionLevel(0x01010009)=(type 0x11)0x2
               E: uses-permission (line=22)
                 A: android:name(0x01010003)="art.substitution.substitution.DYNAMIC_RECEIVER_NOT_EXPORTED_PERMISSION" (Raw: "art.substitution.substitution.DYNAMIC_RECEIVER_NOT_EXPORTED_PERMISSION")
               E: application (line=24)
                 A: android:label(0x01010001)="substitution" (Raw: "substitution")
                 A: android:icon(0x01010002)=@0x7f0c0000
                 A: android:name(0x01010003)="android.app.Application" (Raw: "android.app.Application")
                 A: android:debuggable(0x0101000f)=(type 0x12)0xffffffff
                 A: android:extractNativeLibs(0x010104ea)=(type 0x12)0x0
                 A: android:appComponentFactory(0x0101057a)="androidx.core.app.CoreComponentFactory" (Raw: "androidx.core.app.CoreComponentFactory")
                 E: activity (line=31)
                   A: android:theme(0x01010000)=@0x7f0e00a2
                   A: android:name(0x01010003)="art.substitution.substitution.MainActivity" (Raw: "art.substitution.substitution.MainActivity")
                   A: android:exported(0x01010010)=(type 0x12)0xffffffff
                   A: android:launchMode(0x0101001d)=(type 0x10)0x1
                   A: android:configChanges(0x0101001f)=(type 0x11)0x40003fb4
                   A: android:windowSoftInputMode(0x0101022b)=(type 0x11)0x10
                   A: android:hardwareAccelerated(0x010102d3)=(type 0x12)0xffffffff
                   E: meta-data (line=46)
                     A: android:name(0x01010003)="io.flutter.embedding.android.NormalTheme" (Raw: "io.flutter.embedding.android.NormalTheme")
                     A: android:resource(0x01010025)=@0x7f0e00a3
                   E: intent-filter (line=50)
                     E: action (line=51)
                       A: android:name(0x01010003)="android.intent.action.MAIN" (Raw: "android.intent.action.MAIN")
                     E: category (line=53)
                       A: android:name(0x01010003)="android.intent.category.LAUNCHER" (Raw: "android.intent.category.LAUNCHER")
                   E: intent-filter (line=56)
                     E: action (line=57)
                       A: android:name(0x01010003)="android.intent.action.VIEW" (Raw: "android.intent.action.VIEW")
                     E: category (line=59)
                       A: android:name(0x01010003)="android.intent.category.DEFAULT" (Raw: "android.intent.category.DEFAULT")
                     E: category (line=60)
                       A: android:name(0x01010003)="android.intent.category.BROWSABLE" (Raw: "android.intent.category.BROWSABLE")
                     E: data (line=62)
                       A: android:scheme(0x01010027)="substitution" (Raw: "substitution")
                       A: android:host(0x01010028)="auth" (Raw: "auth")
                       A: android:pathPrefix(0x0101002b)="/login-callback" (Raw: "/login-callback")
                 E: meta-data (line=72)
                   A: android:name(0x01010003)="flutterEmbedding" (Raw: "flutterEmbedding")
                   A: android:value(0x01010024)=(type 0x10)0x2
                 E: activity (line=76)
                   A: android:theme(0x01010000)=@0x01030007
                   A: android:name(0x01010003)="io.flutter.plugins.urllauncher.WebViewActivity" (Raw: "io.flutter.plugins.urllauncher.WebViewActivity")
                   A: android:exported(0x01010010)=(type 0x12)0x0
                 E: uses-library (line=81)
                   A: android:name(0x01010003)="androidx.window.extensions" (Raw: "androidx.window.extensions")
                   A: android:required(0x0101028e)=(type 0x12)0x0
                 E: uses-library (line=84)
                   A: android:name(0x01010003)="androidx.window.sidecar" (Raw: "androidx.window.sidecar")
                   A: android:required(0x0101028e)=(type 0x12)0x0
                 E: provider (line=88)
                   A: android:name(0x01010003)="androidx.startup.InitializationProvider" (Raw: "androidx.startup.InitializationProvider")
                   A: android:exported(0x01010010)=(type 0x12)0x0
                   A: android:authorities(0x01010018)="art.substitution.substitution.androidx-startup" (Raw: "art.substitution.substitution.androidx-startup")
                   E: meta-data (line=92)
                     A: android:name(0x01010003)="androidx.lifecycle.ProcessLifecycleInitializer" (Raw: "androidx.lifecycle.ProcessLifecycleInitializer")
                     A: android:value(0x01010024)="androidx.startup" (Raw: "androidx.startup")
                   E: meta-data (line=95)
                     A: android:name(0x01010003)="androidx.profileinstaller.ProfileInstallerInitializer" (Raw: "androidx.profileinstaller.ProfileInstallerInitializer")
                     A: android:value(0x01010024)="androidx.startup" (Raw: "androidx.startup")
                 E: receiver (line=100)
                   A: android:name(0x01010003)="androidx.profileinstaller.ProfileInstallReceiver" (Raw: "androidx.profileinstaller.ProfileInstallReceiver")
                   A: android:permission(0x01010006)="android.permission.DUMP" (Raw: "android.permission.DUMP")
                   A: android:enabled(0x0101000e)=(type 0x12)0xffffffff
                   A: android:exported(0x01010010)=(type 0x12)0xffffffff
                   A: android:directBootAware(0x01010505)=(type 0x12)0x0
                   E: intent-filter (line=106)
                     E: action (line=107)
                       A: android:name(0x01010003)="androidx.profileinstaller.action.INSTALL_PROFILE" (Raw: "androidx.profileinstaller.action.INSTALL_PROFILE")
                   E: intent-filter (line=109)
                     E: action (line=110)
                       A: android:name(0x01010003)="androidx.profileinstaller.action.SKIP_FILE" (Raw: "androidx.profileinstaller.action.SKIP_FILE")
                   E: intent-filter (line=112)
                     E: action (line=113)
                       A: android:name(0x01010003)="androidx.profileinstaller.action.SAVE_PROFILE" (Raw: "androidx.profileinstaller.action.SAVE_PROFILE")
                   E: intent-filter (line=115)
                     E: action (line=116)
                       A: android:name(0x01010003)="androidx.profileinstaller.action.BENCHMARK_OPERATION" (Raw: "androidx.profileinstaller.action.BENCHMARK_OPERATION")
[        ] Building APK
[   +1 ms] Version of Java is different than impacted version, no migration attempted.
[        ] CMake project not found, skipping support Android 15 16k page size migration.
[        ] Using gradle from /Users/florian/Code/substitution/android/gradlew.
[   +6 ms] LocalFile: '/Users/florian/Code/substitution/android/build.gradle' provides AGP version from classpath: 8.6.0
[   +7 ms] Running Gradle task 'assembleDebug'...
[        ] executing: [/Users/florian/Code/substitution/android/] /Users/florian/Code/substitution/android/gradlew --full-stacktrace --info -Pverbose=true -PskipDependencyChecks=true -Ptarget-platform=android-arm64 -Ptarget=/var/folders/l_/w8pnbb9d38n57pzg9j98fmy80000gn/T/flutter_tools.wuOse9/flutter_test_listener.4t05FN/listener.dart -Pbase-application-name=android.app.Application -Pdart-defines=TUFUUklYX1NFUlZFUj1odHRwOi8vbG9jYWxob3N0OjgwMDg=,TUFUUklYX1RFU1RfVVNFUj0=,TUFUUklYX1RFU1RfUEFTU1dPUkQ9,RkxVVFRFUl9WRVJTSU9OPTMuMzguOQ==,RkxVVFRFUl9DSEFOTkVMPXN0YWJsZQ==,RkxVVFRFUl9HSVRfVVJMPWh0dHBzOi8vZ2l0aHViLmNvbS9mbHV0dGVyL2ZsdXR0ZXIuZ2l0,RkxVVFRFUl9GUkFNRVdPUktfUkVWSVNJT049NjczMjNkZTI4NQ==,RkxVVFRFUl9FTkdJTkVfUkVWSVNJT049NTg3YzE4Zjg3Mw==,RkxVVFRFUl9EQVJUX1ZFUlNJT049My4xMC44,SU5URUdSQVRJT05fVEVTVF9TSE9VTERfUkVQT1JUX1JFU1VMVFNfVE9fTkFUSVZFPWZhbHNl -Pdart-obfuscation=false -Ptrack-widget-creation=true -Ptree-shake-icons=false assembleDebug
[ +281 ms] Initialized native services in: /Users/florian/.gradle/native
[        ] Initialized jansi services in: /Users/florian/.gradle/native
02:10 +0 -6: loading /Users/florian/Code/substitution/integration_test/offline_test.dart                                                                                                               [ +212 ms] The client will now receive all logging from the daemon (pid: 43439). The daemon log file: /Users/florian/.gradle/daemon/8.12.1/daemon-43439.out.log
[        ] Starting 94th build in daemon [uptime: 1 hrs 59 mins 59.162 secs, performance: 100%, GC rate: 0.00/s, heap usage: 0% of 4 GiB]
[        ] Using 32 worker leases.
[        ] Now considering [/Users/florian/Code/substitution/android, /opt/homebrew/share/flutter/packages/flutter_tools/gradle] as hierarchies to watch
[        ] Watching the file system is configured to be enabled if available
[        ] File system watching is active
[        ] Starting Build
[        ] Now considering [/opt/homebrew/share/flutter/packages/flutter_tools/gradle, /Users/florian/Code/substitution/android] as hierarchies to watch
[   +1 ms] > Configure project :gradle
[        ] Evaluating project ':gradle' using build file '/opt/homebrew/share/flutter/packages/flutter_tools/gradle/build.gradle.kts'.
[        ] Resolved plugin [id: 'org.gradle.java-gradle-plugin']
[        ] Resolved plugin [id: 'org.gradle.groovy']
[        ] Resolved plugin [id: 'org.gradle.kotlin.kotlin-dsl', version: '5.1.2']
[        ] Resolved plugin [id: 'org.jetbrains.kotlin.jvm', version: '1.9.20']
[        ] Using Kotlin Gradle Plugin gradle85 variant
[        ] kotlin scripting plugin: created the scripting discovery configuration: kotlinScriptDef
[        ] kotlin scripting plugin: created the scripting discovery configuration: testKotlinScriptDef
[        ] file or directory '/opt/homebrew/share/flutter/packages/flutter_tools/gradle/src/main/java', not found
[        ] Resolved plugin [id: 'dev.flutter.flutter-plugin-loader', version: '1.0.0']
[        ] Resolved plugin [id: 'com.android.application', version: '8.9.1', apply: false]
[        ] Resolved plugin [id: 'org.jetbrains.kotlin.android', version: '2.1.0', apply: false]
[        ] Resolve mutations for :gradle:checkKotlinGradlePluginConfigurationErrors (Thread[#37721,Execution worker,5,main]) started.
[        ] :gradle:checkKotlinGradlePluginConfigurationErrors (Thread[#37721,Execution worker,5,main]) started.
[        ] > Task :gradle:checkKotlinGradlePluginConfigurationErrors SKIPPED
[        ] Skipping task ':gradle:checkKotlinGradlePluginConfigurationErrors' as task onlyIf 'errorDiagnostics are present' is false.
[        ] Resolve mutations for :gradle:compileKotlin (Thread[#37721,Execution worker,5,main]) started.
[        ] :gradle:compileKotlin (Thread[#37721,Execution worker,5,main]) started.
[        ] > Task :gradle:compileKotlin UP-TO-DATE
[        ] Caching disabled for task ':gradle:compileKotlin' because:
[        ]   Build cache is disabled
[        ] Skipping task ':gradle:compileKotlin' as it is up-to-date.
[        ] Resolve mutations for :gradle:compileJava (Thread[#37721,Execution worker,5,main]) started.
[        ] :gradle:compileJava (Thread[#37721,Execution worker,5,main]) started.
[        ] > Task :gradle:compileJava NO-SOURCE
[        ] Skipping task ':gradle:compileJava' as it has no source files and no previous output files.
[        ] Resolve mutations for :gradle:compileGroovy (Thread[#37721,Execution worker,5,main]) started.
[        ] :gradle:compileGroovy (Thread[#37721,Execution worker,5,main]) started.
[        ] > Task :gradle:compileGroovy NO-SOURCE
[        ] Skipping task ':gradle:compileGroovy' as it has no source files and no previous output files.
[        ] Resolve mutations for :gradle:pluginDescriptors (Thread[#37721,Execution worker,5,main]) started.
[        ] :gradle:pluginDescriptors (Thread[#37721,Execution worker,5,main]) started.
[        ] > Task :gradle:pluginDescriptors UP-TO-DATE
[        ] Caching disabled for task ':gradle:pluginDescriptors' because:
[        ]   Build cache is disabled
[        ]   Not worth caching
[        ] Skipping task ':gradle:pluginDescriptors' as it is up-to-date.
[        ] Resolve mutations for :gradle:processResources (Thread[#37721,Execution worker,5,main]) started.
[        ] :gradle:processResources (Thread[#37721,Execution worker,5,main]) started.
[        ] > Task :gradle:processResources UP-TO-DATE
[        ] Caching disabled for task ':gradle:processResources' because:
[        ]   Build cache is disabled
[        ]   Not worth caching
[        ] Skipping task ':gradle:processResources' as it is up-to-date.
[        ] Resolve mutations for :gradle:classes (Thread[#37721,Execution worker,5,main]) started.
[        ] :gradle:classes (Thread[#37721,Execution worker,5,main]) started.
[        ] > Task :gradle:classes UP-TO-DATE
[        ] Skipping task ':gradle:classes' as it has no actions.
[        ] Resolve mutations for :gradle:jar (Thread[#37721,Execution worker,5,main]) started.
[        ] :gradle:jar (Thread[#37721,Execution worker,5,main]) started.
[        ] > Task :gradle:jar UP-TO-DATE
[        ] Caching disabled for task ':gradle:jar' because:
[        ]   Build cache is disabled
[        ]   Not worth caching
[        ] Skipping task ':gradle:jar' as it is up-to-date.
[        ] Settings evaluated using settings file '/Users/florian/Code/substitution/android/settings.gradle'.
[        ] Projects loaded. Root project using build file '/Users/florian/Code/substitution/android/build.gradle'.
[        ] Included projects: [root project 'android', project ':app', project ':connectivity_plus', project ':emoji_picker_flutter', project ':file_selector_android', project ':flutter_keyboard_visibility_temp_fork', project ':flutter_native_splash', project ':flutter_olm', project ':flutter_openssl_crypto', project ':integration_test', project ':path_provider_android', project ':quill_native_bridge_android', project ':shared_preferences_android', project ':sqflite_android', project ':url_launcher_android', project ':video_player_android']
[  +99 ms] > Configure project :app
[        ] Evaluating project ':app' using build file '/Users/florian/Code/substitution/android/app/build.gradle'.
[        ] Resolved plugin [id: 'com.android.application']
[        ] Resolved plugin [id: 'kotlin-android']
[        ] Resolved plugin [id: 'dev.flutter.flutter-gradle-plugin']
[        ] Using default execution profile
[        ] Using Kotlin Gradle Plugin gradle85 variant
[        ] C/C++: android.ndkVersion from module build.gradle is [28.2.13676358]
[        ] C/C++: android.ndkPath from module build.gradle is not set
[        ] C/C++: ndk.dir in local.properties is not set
[        ] C/C++: Not considering ANDROID_NDK_HOME because support was removed after deprecation period.
[        ] C/C++: sdkFolder is /Users/florian/Library/Android/sdk
[        ] C/C++: android.ndkVersion from module build.gradle is [28.2.13676358]
[        ] C/C++: android.ndkPath from module build.gradle is not set
[        ] C/C++: ndk.dir in local.properties is not set
[        ] C/C++: Not considering ANDROID_NDK_HOME because support was removed after deprecation period.
[        ] C/C++: sdkFolder is /Users/florian/Library/Android/sdk
[        ] C/C++: android.ndkVersion from module build.gradle is [28.2.13676358]
[        ] C/C++: android.ndkPath from module build.gradle is not set
[        ] C/C++: ndk.dir in local.properties is not set
[        ] C/C++: Not considering ANDROID_NDK_HOME because support was removed after deprecation period.
[        ] C/C++: sdkFolder is /Users/florian/Library/Android/sdk
[        ] C/C++: android.ndkVersion from module build.gradle is [28.2.13676358]
[        ] C/C++: android.ndkPath from module build.gradle is not set
[        ] C/C++: ndk.dir in local.properties is not set
[        ] C/C++: Not considering ANDROID_NDK_HOME because support was removed after deprecation period.
[        ] C/C++: sdkFolder is /Users/florian/Library/Android/sdk
[        ] C/C++: android.ndkVersion from module build.gradle is [28.2.13676358]
[        ] C/C++: android.ndkPath from module build.gradle is not set
[        ] C/C++: ndk.dir in local.properties is not set
[        ] C/C++: Not considering ANDROID_NDK_HOME because support was removed after deprecation period.
[        ] C/C++: sdkFolder is /Users/florian/Library/Android/sdk
[        ] C/C++: android.ndkVersion from module build.gradle is [28.2.13676358]
[        ] C/C++: android.ndkPath from module build.gradle is not set
[        ] C/C++: ndk.dir in local.properties is not set
[        ] C/C++: Not considering ANDROID_NDK_HOME because support was removed after deprecation period.
[        ] C/C++: sdkFolder is /Users/florian/Library/Android/sdk
[        ] C/C++: android.ndkVersion from module build.gradle is [28.2.13676358]
[        ] C/C++: android.ndkPath from module build.gradle is not set
[        ] C/C++: ndk.dir in local.properties is not set
[        ] C/C++: Not considering ANDROID_NDK_HOME because support was removed after deprecation period.
[        ] C/C++: sdkFolder is /Users/florian/Library/Android/sdk
[        ] C/C++: android.ndkVersion from module build.gradle is [28.2.13676358]
[        ] C/C++: android.ndkPath from module build.gradle is not set
[        ] C/C++: ndk.dir in local.properties is not set
[        ] C/C++: Not considering ANDROID_NDK_HOME because support was removed after deprecation period.
[        ] C/C++: sdkFolder is /Users/florian/Library/Android/sdk
[        ] C/C++: android.ndkVersion from module build.gradle is [28.2.13676358]
[        ] C/C++: android.ndkPath from module build.gradle is not set
[        ] C/C++: ndk.dir in local.properties is not set
[        ] C/C++: Not considering ANDROID_NDK_HOME because support was removed after deprecation period.
[        ] C/C++: sdkFolder is /Users/florian/Library/Android/sdk
[        ] C/C++: android.ndkVersion from module build.gradle is [28.2.13676358]
[        ] C/C++: android.ndkPath from module build.gradle is not set
[        ] C/C++: ndk.dir in local.properties is not set
[        ] C/C++: Not considering ANDROID_NDK_HOME because support was removed after deprecation period.
[        ] C/C++: sdkFolder is /Users/florian/Library/Android/sdk
[        ] C/C++: android.ndkVersion from module build.gradle is [28.2.13676358]
[        ] C/C++: android.ndkPath from module build.gradle is not set
[        ] C/C++: ndk.dir in local.properties is not set
[        ] C/C++: Not considering ANDROID_NDK_HOME because support was removed after deprecation period.
[        ] C/C++: sdkFolder is /Users/florian/Library/Android/sdk
[        ] C/C++: android.ndkVersion from module build.gradle is [28.2.13676358]
[        ] C/C++: android.ndkPath from module build.gradle is not set
[        ] C/C++: ndk.dir in local.properties is not set
[        ] C/C++: Not considering ANDROID_NDK_HOME because support was removed after deprecation period.
[        ] C/C++: sdkFolder is /Users/florian/Library/Android/sdk
[        ] C/C++: android.ndkVersion from module build.gradle is [28.2.13676358]
[        ] C/C++: android.ndkPath from module build.gradle is not set
[        ] C/C++: ndk.dir in local.properties is not set
[        ] C/C++: Not considering ANDROID_NDK_HOME because support was removed after deprecation period.
[        ] C/C++: sdkFolder is /Users/florian/Library/Android/sdk
[        ] C/C++: android.ndkVersion from module build.gradle is [28.2.13676358]
[        ] C/C++: android.ndkPath from module build.gradle is not set
[        ] C/C++: ndk.dir in local.properties is not set
[        ] C/C++: Not considering ANDROID_NDK_HOME because support was removed after deprecation period.
[        ] C/C++: sdkFolder is /Users/florian/Library/Android/sdk
[        ] C/C++: android.ndkVersion from module build.gradle is [28.2.13676358]
[        ] C/C++: android.ndkPath from module build.gradle is not set
[        ] C/C++: ndk.dir in local.properties is not set
[        ] C/C++: Not considering ANDROID_NDK_HOME because support was removed after deprecation period.
[        ] C/C++: sdkFolder is /Users/florian/Library/Android/sdk
[        ] C/C++: android.ndkVersion from module build.gradle is [28.2.13676358]
[        ] C/C++: android.ndkPath from module build.gradle is not set
[        ] C/C++: ndk.dir in local.properties is not set
[        ] C/C++: Not considering ANDROID_NDK_HOME because support was removed after deprecation period.
[        ] C/C++: sdkFolder is /Users/florian/Library/Android/sdk
[        ] C/C++: android.ndkVersion from module build.gradle is [28.2.13676358]
[        ] C/C++: android.ndkPath from module build.gradle is not set
[        ] C/C++: ndk.dir in local.properties is not set
[        ] C/C++: Not considering ANDROID_NDK_HOME because support was removed after deprecation period.
[        ] C/C++: sdkFolder is /Users/florian/Library/Android/sdk
[        ] C/C++: android.ndkVersion from module build.gradle is [28.2.13676358]
[        ] C/C++: android.ndkPath from module build.gradle is not set
[        ] C/C++: ndk.dir in local.properties is not set
[        ] C/C++: Not considering ANDROID_NDK_HOME because support was removed after deprecation period.
[        ] C/C++: sdkFolder is /Users/florian/Library/Android/sdk
[        ] C/C++: android.ndkVersion from module build.gradle is [28.2.13676358]
[        ] C/C++: android.ndkPath from module build.gradle is not set
[        ] C/C++: ndk.dir in local.properties is not set
[        ] C/C++: Not considering ANDROID_NDK_HOME because support was removed after deprecation period.
[        ] C/C++: sdkFolder is /Users/florian/Library/Android/sdk
[        ] > Configure project :
[        ] Evaluating root project 'android' using build file '/Users/florian/Code/substitution/android/build.gradle'.
[        ] > Configure project :connectivity_plus
[        ] Evaluating project ':connectivity_plus' using build file '/Users/florian/.pub-cache/hosted/pub.dev/connectivity_plus-5.0.2/android/build.gradle'.
[        ] Using default execution profile
[        ] > Configure project :emoji_picker_flutter
[        ] Evaluating project ':emoji_picker_flutter' using build file '/Users/florian/.pub-cache/hosted/pub.dev/emoji_picker_flutter-4.4.0/android/build.gradle'.
[        ] Using default execution profile
[        ] Using Kotlin Gradle Plugin gradle85 variant
[        ] > Configure project :file_selector_android
[        ] Evaluating project ':file_selector_android' using build file '/Users/florian/.pub-cache/hosted/pub.dev/file_selector_android-0.5.2+4/android/build.gradle'.
[        ] Using default execution profile
[  +96 ms] > Configure project :flutter_keyboard_visibility_temp_fork
[        ] Evaluating project ':flutter_keyboard_visibility_temp_fork' using build file '/Users/florian/.pub-cache/hosted/pub.dev/flutter_keyboard_visibility_temp_fork-0.1.5/android/build.gradle'.
[        ] Using default execution profile
[        ] > Configure project :flutter_native_splash
[        ] Evaluating project ':flutter_native_splash' using build file '/Users/florian/.pub-cache/hosted/pub.dev/flutter_native_splash-2.4.7/android/build.gradle'.
[        ] Using default execution profile
[        ] > Configure project :flutter_olm
[        ] Evaluating project ':flutter_olm' using build file '/Users/florian/.pub-cache/hosted/pub.dev/flutter_olm-2.0.0/android/build.gradle'.
[        ] Using default execution profile
[        ] Using Kotlin Gradle Plugin gradle85 variant
[        ] C/C++: android.ndkVersion from module build.gradle is [27.0.12077973]
[        ] C/C++: android.ndkPath from module build.gradle is not set
[        ] C/C++: ndk.dir in local.properties is not set
[        ] C/C++: Not considering ANDROID_NDK_HOME because support was removed after deprecation period.
[        ] C/C++: sdkFolder is /Users/florian/Library/Android/sdk
[        ] C/C++: android.ndkVersion from module build.gradle is [27.0.12077973]
[        ] C/C++: android.ndkPath from module build.gradle is not set
[        ] C/C++: ndk.dir in local.properties is not set
[        ] C/C++: Not considering ANDROID_NDK_HOME because support was removed after deprecation period.
[        ] C/C++: sdkFolder is /Users/florian/Library/Android/sdk
[        ] C/C++: android.ndkVersion from module build.gradle is [27.0.12077973]
[        ] C/C++: android.ndkPath from module build.gradle is not set
[        ] C/C++: ndk.dir in local.properties is not set
[        ] C/C++: Not considering ANDROID_NDK_HOME because support was removed after deprecation period.
[        ] C/C++: sdkFolder is /Users/florian/Library/Android/sdk
[        ] C/C++: android.ndkVersion from module build.gradle is [27.0.12077973]
[        ] C/C++: android.ndkPath from module build.gradle is not set
[        ] C/C++: ndk.dir in local.properties is not set
[        ] C/C++: Not considering ANDROID_NDK_HOME because support was removed after deprecation period.
[        ] C/C++: sdkFolder is /Users/florian/Library/Android/sdk
[        ] C/C++: android.ndkVersion from module build.gradle is [27.0.12077973]
[        ] C/C++: android.ndkPath from module build.gradle is not set
[        ] C/C++: ndk.dir in local.properties is not set
[        ] C/C++: Not considering ANDROID_NDK_HOME because support was removed after deprecation period.
[        ] C/C++: sdkFolder is /Users/florian/Library/Android/sdk
[        ] C/C++: android.ndkVersion from module build.gradle is [27.0.12077973]
[        ] C/C++: android.ndkPath from module build.gradle is not set
[        ] C/C++: ndk.dir in local.properties is not set
[        ] C/C++: Not considering ANDROID_NDK_HOME because support was removed after deprecation period.
[        ] C/C++: sdkFolder is /Users/florian/Library/Android/sdk
[        ] C/C++: android.ndkVersion from module build.gradle is [27.0.12077973]
[        ] C/C++: android.ndkPath from module build.gradle is not set
[        ] C/C++: ndk.dir in local.properties is not set
[        ] C/C++: Not considering ANDROID_NDK_HOME because support was removed after deprecation period.
[        ] C/C++: sdkFolder is /Users/florian/Library/Android/sdk
[        ] C/C++: android.ndkVersion from module build.gradle is [27.0.12077973]
[        ] C/C++: android.ndkPath from module build.gradle is not set
[        ] C/C++: ndk.dir in local.properties is not set
[        ] C/C++: Not considering ANDROID_NDK_HOME because support was removed after deprecation period.
[        ] C/C++: sdkFolder is /Users/florian/Library/Android/sdk
[        ] C/C++: android.ndkVersion from module build.gradle is [27.0.12077973]
[        ] C/C++: android.ndkPath from module build.gradle is not set
[        ] C/C++: ndk.dir in local.properties is not set
[        ] C/C++: Not considering ANDROID_NDK_HOME because support was removed after deprecation period.
[        ] C/C++: sdkFolder is /Users/florian/Library/Android/sdk
[        ] C/C++: android.ndkVersion from module build.gradle is [27.0.12077973]
[        ] C/C++: android.ndkPath from module build.gradle is not set
[        ] C/C++: ndk.dir in local.properties is not set
[        ] C/C++: Not considering ANDROID_NDK_HOME because support was removed after deprecation period.
[        ] C/C++: sdkFolder is /Users/florian/Library/Android/sdk
[        ] C/C++: android.ndkVersion from module build.gradle is [27.0.12077973]
[        ] C/C++: android.ndkPath from module build.gradle is not set
[        ] C/C++: ndk.dir in local.properties is not set
[        ] C/C++: Not considering ANDROID_NDK_HOME because support was removed after deprecation period.
[        ] C/C++: sdkFolder is /Users/florian/Library/Android/sdk
[        ] C/C++: android.ndkVersion from module build.gradle is [27.0.12077973]
[        ] C/C++: android.ndkPath from module build.gradle is not set
[        ] C/C++: ndk.dir in local.properties is not set
[        ] C/C++: Not considering ANDROID_NDK_HOME because support was removed after deprecation period.
[        ] C/C++: sdkFolder is /Users/florian/Library/Android/sdk
[        ] C/C++: android.ndkVersion from module build.gradle is [27.0.12077973]
[        ] C/C++: android.ndkPath from module build.gradle is not set
[        ] C/C++: ndk.dir in local.properties is not set
[        ] C/C++: Not considering ANDROID_NDK_HOME because support was removed after deprecation period.
[        ] C/C++: sdkFolder is /Users/florian/Library/Android/sdk
[        ] C/C++: android.ndkVersion from module build.gradle is [27.0.12077973]
[        ] C/C++: android.ndkPath from module build.gradle is not set
[        ] C/C++: ndk.dir in local.properties is not set
[        ] C/C++: Not considering ANDROID_NDK_HOME because support was removed after deprecation period.
[        ] C/C++: sdkFolder is /Users/florian/Library/Android/sdk
[        ] C/C++: android.ndkVersion from module build.gradle is [27.0.12077973]
[        ] C/C++: android.ndkPath from module build.gradle is not set
[        ] C/C++: ndk.dir in local.properties is not set
[        ] C/C++: Not considering ANDROID_NDK_HOME because support was removed after deprecation period.
[        ] C/C++: sdkFolder is /Users/florian/Library/Android/sdk
[        ] C/C++: android.ndkVersion from module build.gradle is [27.0.12077973]
[        ] C/C++: android.ndkPath from module build.gradle is not set
[        ] C/C++: ndk.dir in local.properties is not set
[        ] C/C++: Not considering ANDROID_NDK_HOME because support was removed after deprecation period.
[        ] C/C++: sdkFolder is /Users/florian/Library/Android/sdk
[        ] C/C++: android.ndkVersion from module build.gradle is [27.0.12077973]
[        ] C/C++: android.ndkPath from module build.gradle is not set
[        ] C/C++: ndk.dir in local.properties is not set
[        ] C/C++: Not considering ANDROID_NDK_HOME because support was removed after deprecation period.
[        ] C/C++: sdkFolder is /Users/florian/Library/Android/sdk
[        ] C/C++: android.ndkVersion from module build.gradle is [27.0.12077973]
[        ] C/C++: android.ndkPath from module build.gradle is not set
[        ] C/C++: ndk.dir in local.properties is not set
[        ] C/C++: Not considering ANDROID_NDK_HOME because support was removed after deprecation period.
[        ] C/C++: sdkFolder is /Users/florian/Library/Android/sdk
[        ] C/C++: android.ndkVersion from module build.gradle is [27.0.12077973]
[        ] C/C++: android.ndkPath from module build.gradle is not set
[        ] C/C++: ndk.dir in local.properties is not set
[        ] C/C++: Not considering ANDROID_NDK_HOME because support was removed after deprecation period.
[        ] C/C++: sdkFolder is /Users/florian/Library/Android/sdk
[        ] > Configure project :flutter_openssl_crypto
[        ] Evaluating project ':flutter_openssl_crypto' using build file '/Users/florian/.pub-cache/hosted/pub.dev/flutter_openssl_crypto-0.5.0/android/build.gradle'.
[        ] Using default execution profile
[        ] Using Kotlin Gradle Plugin gradle85 variant
[        ] C/C++: android.ndkVersion from module build.gradle is [27.0.12077973]
[        ] C/C++: android.ndkPath from module build.gradle is not set
[        ] C/C++: ndk.dir in local.properties is not set
[        ] C/C++: Not considering ANDROID_NDK_HOME because support was removed after deprecation period.
[        ] C/C++: sdkFolder is /Users/florian/Library/Android/sdk
[        ] C/C++: android.ndkVersion from module build.gradle is [27.0.12077973]
[        ] C/C++: android.ndkPath from module build.gradle is not set
[        ] C/C++: ndk.dir in local.properties is not set
[        ] C/C++: Not considering ANDROID_NDK_HOME because support was removed after deprecation period.
[        ] C/C++: sdkFolder is /Users/florian/Library/Android/sdk
[        ] C/C++: android.ndkVersion from module build.gradle is [27.0.12077973]
[        ] C/C++: android.ndkPath from module build.gradle is not set
[        ] C/C++: ndk.dir in local.properties is not set
[        ] C/C++: Not considering ANDROID_NDK_HOME because support was removed after deprecation period.
[        ] C/C++: sdkFolder is /Users/florian/Library/Android/sdk
[        ] C/C++: android.ndkVersion from module build.gradle is [27.0.12077973]
[        ] C/C++: android.ndkPath from module build.gradle is not set
[        ] C/C++: ndk.dir in local.properties is not set
[        ] C/C++: Not considering ANDROID_NDK_HOME because support was removed after deprecation period.
[        ] C/C++: sdkFolder is /Users/florian/Library/Android/sdk
[        ] C/C++: android.ndkVersion from module build.gradle is [27.0.12077973]
[        ] C/C++: android.ndkPath from module build.gradle is not set
[        ] C/C++: ndk.dir in local.properties is not set
[        ] C/C++: Not considering ANDROID_NDK_HOME because support was removed after deprecation period.
[        ] C/C++: sdkFolder is /Users/florian/Library/Android/sdk
[        ] C/C++: android.ndkVersion from module build.gradle is [27.0.12077973]
[        ] C/C++: android.ndkPath from module build.gradle is not set
[        ] C/C++: ndk.dir in local.properties is not set
[        ] C/C++: Not considering ANDROID_NDK_HOME because support was removed after deprecation period.
[        ] C/C++: sdkFolder is /Users/florian/Library/Android/sdk
[        ] C/C++: android.ndkVersion from module build.gradle is [27.0.12077973]
[        ] C/C++: android.ndkPath from module build.gradle is not set
[        ] C/C++: ndk.dir in local.properties is not set
[        ] C/C++: Not considering ANDROID_NDK_HOME because support was removed after deprecation period.
[        ] C/C++: sdkFolder is /Users/florian/Library/Android/sdk
[        ] C/C++: android.ndkVersion from module build.gradle is [27.0.12077973]
[        ] C/C++: android.ndkPath from module build.gradle is not set
[        ] C/C++: ndk.dir in local.properties is not set
[        ] C/C++: Not considering ANDROID_NDK_HOME because support was removed after deprecation period.
[        ] C/C++: sdkFolder is /Users/florian/Library/Android/sdk
[        ] C/C++: android.ndkVersion from module build.gradle is [27.0.12077973]
[        ] C/C++: android.ndkPath from module build.gradle is not set
[        ] C/C++: ndk.dir in local.properties is not set
[        ] C/C++: Not considering ANDROID_NDK_HOME because support was removed after deprecation period.
[        ] C/C++: sdkFolder is /Users/florian/Library/Android/sdk
[        ] C/C++: android.ndkVersion from module build.gradle is [27.0.12077973]
[        ] C/C++: android.ndkPath from module build.gradle is not set
[        ] C/C++: ndk.dir in local.properties is not set
[        ] C/C++: Not considering ANDROID_NDK_HOME because support was removed after deprecation period.
[        ] C/C++: sdkFolder is /Users/florian/Library/Android/sdk
[        ] C/C++: android.ndkVersion from module build.gradle is [27.0.12077973]
[        ] C/C++: android.ndkPath from module build.gradle is not set
[        ] C/C++: ndk.dir in local.properties is not set
[        ] C/C++: Not considering ANDROID_NDK_HOME because support was removed after deprecation period.
[        ] C/C++: sdkFolder is /Users/florian/Library/Android/sdk
[        ] C/C++: android.ndkVersion from module build.gradle is [27.0.12077973]
[        ] C/C++: android.ndkPath from module build.gradle is not set
[        ] C/C++: ndk.dir in local.properties is not set
[        ] C/C++: Not considering ANDROID_NDK_HOME because support was removed after deprecation period.
[        ] C/C++: sdkFolder is /Users/florian/Library/Android/sdk
[        ] C/C++: android.ndkVersion from module build.gradle is [27.0.12077973]
[        ] C/C++: android.ndkPath from module build.gradle is not set
[        ] C/C++: ndk.dir in local.properties is not set
[        ] C/C++: Not considering ANDROID_NDK_HOME because support was removed after deprecation period.
[        ] C/C++: sdkFolder is /Users/florian/Library/Android/sdk
[        ] C/C++: android.ndkVersion from module build.gradle is [27.0.12077973]
[        ] C/C++: android.ndkPath from module build.gradle is not set
[        ] C/C++: ndk.dir in local.properties is not set
[        ] C/C++: Not considering ANDROID_NDK_HOME because support was removed after deprecation period.
[        ] C/C++: sdkFolder is /Users/florian/Library/Android/sdk
[        ] C/C++: android.ndkVersion from module build.gradle is [27.0.12077973]
[        ] C/C++: android.ndkPath from module build.gradle is not set
[        ] C/C++: ndk.dir in local.properties is not set
[        ] C/C++: Not considering ANDROID_NDK_HOME because support was removed after deprecation period.
[        ] C/C++: sdkFolder is /Users/florian/Library/Android/sdk
[        ] C/C++: android.ndkVersion from module build.gradle is [27.0.12077973]
[        ] C/C++: android.ndkPath from module build.gradle is not set
[        ] C/C++: ndk.dir in local.properties is not set
[        ] C/C++: Not considering ANDROID_NDK_HOME because support was removed after deprecation period.
[        ] C/C++: sdkFolder is /Users/florian/Library/Android/sdk
[        ] C/C++: android.ndkVersion from module build.gradle is [27.0.12077973]
[        ] C/C++: android.ndkPath from module build.gradle is not set
[        ] C/C++: ndk.dir in local.properties is not set
[        ] C/C++: Not considering ANDROID_NDK_HOME because support was removed after deprecation period.
[        ] C/C++: sdkFolder is /Users/florian/Library/Android/sdk
[        ] C/C++: android.ndkVersion from module build.gradle is [27.0.12077973]
[        ] C/C++: android.ndkPath from module build.gradle is not set
[        ] C/C++: ndk.dir in local.properties is not set
[        ] C/C++: Not considering ANDROID_NDK_HOME because support was removed after deprecation period.
[        ] C/C++: sdkFolder is /Users/florian/Library/Android/sdk
[        ] C/C++: android.ndkVersion from module build.gradle is [27.0.12077973]
[        ] C/C++: android.ndkPath from module build.gradle is not set
[        ] C/C++: ndk.dir in local.properties is not set
[        ] C/C++: Not considering ANDROID_NDK_HOME because support was removed after deprecation period.
[        ] C/C++: sdkFolder is /Users/florian/Library/Android/sdk
[        ] > Configure project :integration_test
[        ] Evaluating project ':integration_test' using build file '/opt/homebrew/share/flutter/packages/integration_test/android/build.gradle.kts'.
[        ] Resolved plugin [id: 'com.android.library']
[        ] Using default execution profile
[        ] > Configure project :path_provider_android
[        ] Evaluating project ':path_provider_android' using build file '/Users/florian/.pub-cache/hosted/pub.dev/path_provider_android-2.2.22/android/build.gradle'.
[        ] Using default execution profile
[  +91 ms] > Configure project :quill_native_bridge_android
[        ] Evaluating project ':quill_native_bridge_android' using build file '/Users/florian/.pub-cache/hosted/pub.dev/quill_native_bridge_android-0.0.1+2/android/build.gradle'.
[        ] Using default execution profile
[        ] Using Kotlin Gradle Plugin gradle85 variant
[        ] > Configure project :shared_preferences_android
[        ] Evaluating project ':shared_preferences_android' using build file '/Users/florian/.pub-cache/hosted/pub.dev/shared_preferences_android-2.4.20/android/build.gradle'.
[        ] Using default execution profile
[        ] Using Kotlin Gradle Plugin gradle85 variant
[        ] > Configure project :sqflite_android
[        ] Evaluating project ':sqflite_android' using build file '/Users/florian/.pub-cache/hosted/pub.dev/sqflite_android-2.4.2+2/android/build.gradle'.
[        ] Using default execution profile
[        ] > Configure project :url_launcher_android
[        ] Evaluating project ':url_launcher_android' using build file '/Users/florian/.pub-cache/hosted/pub.dev/url_launcher_android-6.3.28/android/build.gradle'.
[        ] Using default execution profile
[        ] > Configure project :video_player_android
[        ] Evaluating project ':video_player_android' using build file '/Users/florian/.pub-cache/hosted/pub.dev/video_player_android-2.9.1/android/build.gradle'.
[        ] Using default execution profile
[        ] Using Kotlin Gradle Plugin gradle85 variant
[        ] All projects evaluated.
[        ] Task name matched 'assembleDebug'
[        ] Selected primary task 'assembleDebug' from project :
[        ] Adding -Xuse-inline-scopes-numbers Kotlin compiler flag for task :app:compileDebugKotlin
[ +104 ms] Tasks to be executed: [task ':app:preBuild', task ':app:preDebugBuild', task ':app:mergeDebugNativeDebugMetadata', task ':app:checkKotlinGradlePluginConfigurationErrors', task ':app:compileFlutterBuildDebug', task ':app:packJniLibsflutterBuildDebug', task ':connectivity_plus:preBuild', task ':connectivity_plus:preDebugBuild', task ':connectivity_plus:writeDebugAarMetadata', task ':emoji_picker_flutter:preBuild', task ':emoji_picker_flutter:preDebugBuild', task ':emoji_picker_flutter:writeDebugAarMetadata', task ':file_selector_android:preBuild', task ':file_selector_android:preDebugBuild', task ':file_selector_android:writeDebugAarMetadata', task ':flutter_keyboard_visibility_temp_fork:preBuild', task ':flutter_keyboard_visibility_temp_fork:preDebugBuild', task ':flutter_keyboard_visibility_temp_fork:writeDebugAarMetadata', task ':flutter_native_splash:preBuild', task ':flutter_native_splash:preDebugBuild', task ':flutter_native_splash:writeDebugAarMetadata', task ':flutter_olm:preBuild', task ':flutter_olm:preDebugBuild', task ':flutter_olm:writeDebugAarMetadata', task ':flutter_openssl_crypto:preBuild', task ':flutter_openssl_crypto:preDebugBuild', task ':flutter_openssl_crypto:writeDebugAarMetadata', task ':integration_test:preBuild', task ':integration_test:preDebugBuild', task ':integration_test:writeDebugAarMetadata', task ':path_provider_android:preBuild', task ':path_provider_android:preDebugBuild', task ':path_provider_android:writeDebugAarMetadata', task ':quill_native_bridge_android:preBuild', task ':quill_native_bridge_android:preDebugBuild', task ':quill_native_bridge_android:writeDebugAarMetadata', task ':shared_preferences_android:preBuild', task ':shared_preferences_android:preDebugBuild', task ':shared_preferences_android:writeDebugAarMetadata', task ':sqflite_android:preBuild', task ':sqflite_android:preDebugBuild', task ':sqflite_android:writeDebugAarMetadata', task ':url_launcher_android:preBuild', task ':url_launcher_android:preDebugBuild', task ':url_launcher_android:writeDebugAarMetadata', task ':video_player_android:preBuild', task ':video_player_android:preDebugBuild', task ':video_player_android:writeDebugAarMetadata', task ':app:checkDebugAarMetadata', task ':app:cleanMergeDebugAssets', task ':app:mergeDebugShaders', task ':app:compileDebugShaders', task ':app:generateDebugAssets', task ':connectivity_plus:mergeDebugShaders', task ':connectivity_plus:compileDebugShaders', task ':connectivity_plus:generateDebugAssets', task ':connectivity_plus:mergeDebugAssets', task ':emoji_picker_flutter:mergeDebugShaders', task ':emoji_picker_flutter:compileDebugShaders', task ':emoji_picker_flutter:generateDebugAssets', task ':emoji_picker_flutter:mergeDebugAssets', task ':file_selector_android:mergeDebugShaders', task ':file_selector_android:compileDebugShaders', task ':file_selector_android:generateDebugAssets', task ':file_selector_android:mergeDebugAssets', task ':flutter_keyboard_visibility_temp_fork:mergeDebugShaders', task ':flutter_keyboard_visibility_temp_fork:compileDebugShaders', task ':flutter_keyboard_visibility_temp_fork:generateDebugAssets', task ':flutter_keyboard_visibility_temp_fork:mergeDebugAssets', task ':flutter_native_splash:mergeDebugShaders', task ':flutter_native_splash:compileDebugShaders', task ':flutter_native_splash:generateDebugAssets', task ':flutter_native_splash:mergeDebugAssets', task ':flutter_olm:mergeDebugShaders', task ':flutter_olm:compileDebugShaders', task ':flutter_olm:generateDebugAssets', task ':flutter_olm:mergeDebugAssets', task ':flutter_openssl_crypto:mergeDebugShaders', task ':flutter_openssl_crypto:compileDebugShaders', task ':flutter_openssl_crypto:generateDebugAssets', task ':flutter_openssl_crypto:mergeDebugAssets', task ':integration_test:mergeDebugShaders', task ':integration_test:compileDebugShaders', task ':integration_test:generateDebugAssets', task ':integration_test:mergeDebugAssets', task ':path_provider_android:mergeDebugShaders', task ':path_provider_android:compileDebugShaders', task ':path_provider_android:generateDebugAssets', task ':path_provider_android:mergeDebugAssets', task ':quill_native_bridge_android:mergeDebugShaders', task ':quill_native_bridge_android:compileDebugShaders', task ':quill_native_bridge_android:generateDebugAssets', task ':quill_native_bridge_android:mergeDebugAssets', task ':shared_preferences_android:mergeDebugShaders', task ':shared_preferences_android:compileDebugShaders', task ':shared_preferences_android:generateDebugAssets', task ':shared_preferences_android:mergeDebugAssets', task ':sqflite_android:mergeDebugShaders', task ':sqflite_android:compileDebugShaders', task ':sqflite_android:generateDebugAssets', task ':sqflite_android:mergeDebugAssets', task ':url_launcher_android:mergeDebugShaders', task ':url_launcher_android:compileDebugShaders', task ':url_launcher_android:generateDebugAssets', task ':url_launcher_android:mergeDebugAssets', task ':video_player_android:mergeDebugShaders', task ':video_player_android:compileDebugShaders', task ':video_player_android:generateDebugAssets', task ':video_player_android:mergeDebugAssets', task ':app:mergeDebugAssets', task ':app:copyFlutterAssetsDebug', task ':app:generateDebugResValues', task ':connectivity_plus:generateDebugResValues', task ':connectivity_plus:generateDebugResources', task ':connectivity_plus:packageDebugResources', task ':emoji_picker_flutter:generateDebugResValues', task ':emoji_picker_flutter:generateDebugResources', task ':emoji_picker_flutter:packageDebugResources', task ':file_selector_android:generateDebugResValues', task ':file_selector_android:generateDebugResources', task ':file_selector_android:packageDebugResources', task ':flutter_keyboard_visibility_temp_fork:generateDebugResValues', task ':flutter_keyboard_visibility_temp_fork:generateDebugResources', task ':flutter_keyboard_visibility_temp_fork:packageDebugResources', task ':flutter_native_splash:generateDebugResValues', task ':flutter_native_splash:generateDebugResources', task ':flutter_native_splash:packageDebugResources', task ':flutter_olm:generateDebugResValues', task ':flutter_olm:generateDebugResources', task ':flutter_olm:packageDebugResources', task ':flutter_openssl_crypto:generateDebugResValues', task ':flutter_openssl_crypto:generateDebugResources', task ':flutter_openssl_crypto:packageDebugResources', task ':integration_test:generateDebugResValues', task ':integration_test:generateDebugResources', task ':integration_test:packageDebugResources', task ':path_provider_android:generateDebugResValues', task ':path_provider_android:generateDebugResources', task ':path_provider_android:packageDebugResources', task ':quill_native_bridge_android:generateDebugResValues', task ':quill_native_bridge_android:generateDebugResources', task ':quill_native_bridge_android:packageDebugResources', task ':shared_preferences_android:generateDebugResValues', task ':shared_preferences_android:generateDebugResources', task ':shared_preferences_android:packageDebugResources', task ':sqflite_android:generateDebugResValues', task ':sqflite_android:generateDebugResources', task ':sqflite_android:packageDebugResources', task ':url_launcher_android:generateDebugResValues', task ':url_launcher_android:generateDebugResources', task ':url_launcher_android:packageDebugResources', task ':video_player_android:generateDebugResValues', task ':video_player_android:generateDebugResources', task ':video_player_android:packageDebugResources', task ':app:mapDebugSourceSetPaths', task ':app:generateDebugResources', task ':app:mergeDebugResources', task ':app:packageDebugResources', task ':app:parseDebugLocalResources', task ':app:createDebugCompatibleScreenManifests', task ':app:extractDeepLinksDebug', task ':connectivity_plus:extractDeepLinksDebug', task ':connectivity_plus:processDebugManifest', task ':emoji_picker_flutter:extractDeepLinksDebug', task ':emoji_picker_flutter:processDebugManifest', task ':file_selector_android:extractDeepLinksDebug', task ':file_selector_android:processDebugManifest', task ':flutter_keyboard_visibility_temp_fork:extractDeepLinksDebug', task ':flutter_keyboard_visibility_temp_fork:processDebugManifest', task ':flutter_native_splash:extractDeepLinksDebug', task ':flutter_native_splash:processDebugManifest', task ':flutter_olm:extractDeepLinksDebug', task ':flutter_olm:processDebugManifest', task ':flutter_openssl_crypto:extractDeepLinksDebug', task ':flutter_openssl_crypto:processDebugManifest', task ':integration_test:extractDeepLinksDebug', task ':integration_test:processDebugManifest', task ':path_provider_android:extractDeepLinksDebug', task ':path_provider_android:processDebugManifest', task ':quill_native_bridge_android:extractDeepLinksDebug', task ':quill_native_bridge_android:processDebugManifest', task ':shared_preferences_android:extractDeepLinksDebug', task ':shared_preferences_android:processDebugManifest', task ':sqflite_android:extractDeepLinksDebug', task ':sqflite_android:processDebugManifest', task ':url_launcher_android:extractDeepLinksDebug', task ':url_launcher_android:processDebugManifest', task ':video_player_android:extractDeepLinksDebug', task ':video_player_android:processDebugManifest', task ':app:processDebugMainManifest', task ':app:outputDebugAppLinkSettings', task ':app:processDebugManifest', task ':app:processDebugManifestForPackage', task ':connectivity_plus:compileDebugLibraryResources', task ':connectivity_plus:parseDebugLocalResources', task ':connectivity_plus:generateDebugRFile', task ':emoji_picker_flutter:compileDebugLibraryResources', task ':emoji_picker_flutter:parseDebugLocalResources', task ':emoji_picker_flutter:generateDebugRFile', task ':file_selector_android:compileDebugLibraryResources', task ':file_selector_android:parseDebugLocalResources', task ':file_selector_android:generateDebugRFile', task ':flutter_keyboard_visibility_temp_fork:compileDebugLibraryResources', task ':flutter_keyboard_visibility_temp_fork:parseDebugLocalResources', task ':flutter_keyboard_visibility_temp_fork:generateDebugRFile', task ':flutter_native_splash:compileDebugLibraryResources', task ':flutter_native_splash:parseDebugLocalResources', task ':flutter_native_splash:generateDebugRFile', task ':flutter_olm:compileDebugLibraryResources', task ':flutter_olm:parseDebugLocalResources', task ':flutter_olm:generateDebugRFile', task ':flutter_openssl_crypto:compileDebugLibraryResources', task ':flutter_openssl_crypto:parseDebugLocalResources', task ':flutter_openssl_crypto:generateDebugRFile', task ':integration_test:compileDebugLibraryResources', task ':integration_test:parseDebugLocalResources', task ':integration_test:generateDebugRFile', task ':path_provider_android:compileDebugLibraryResources', task ':path_provider_android:parseDebugLocalResources', task ':path_provider_android:generateDebugRFile', task ':quill_native_bridge_android:compileDebugLibraryResources', task ':quill_native_bridge_android:parseDebugLocalResources', task ':quill_native_bridge_android:generateDebugRFile', task ':shared_preferences_android:compileDebugLibraryResources', task ':shared_preferences_android:parseDebugLocalResources', task ':shared_preferences_android:generateDebugRFile', task ':sqflite_android:compileDebugLibraryResources', task ':sqflite_android:parseDebugLocalResources', task ':sqflite_android:generateDebugRFile', task ':url_launcher_android:compileDebugLibraryResources', task ':url_launcher_android:parseDebugLocalResources', task ':url_launcher_android:generateDebugRFile', task ':video_player_android:compileDebugLibraryResources', task ':video_player_android:parseDebugLocalResources', task ':video_player_android:generateDebugRFile', task ':app:processDebugResources', task ':connectivity_plus:javaPreCompileDebug', task ':connectivity_plus:compileDebugJavaWithJavac', task ':connectivity_plus:bundleLibCompileToJarDebug', task ':emoji_picker_flutter:checkKotlinGradlePluginConfigurationErrors', task ':emoji_picker_flutter:compileDebugKotlin', task ':emoji_picker_flutter:javaPreCompileDebug', task ':emoji_picker_flutter:compileDebugJavaWithJavac', task ':emoji_picker_flutter:bundleLibCompileToJarDebug', task ':file_selector_android:javaPreCompileDebug', task ':file_selector_android:compileDebugJavaWithJavac', task ':file_selector_android:bundleLibCompileToJarDebug', task ':flutter_keyboard_visibility_temp_fork:javaPreCompileDebug', task ':flutter_keyboard_visibility_temp_fork:compileDebugJavaWithJavac', task ':flutter_keyboard_visibility_temp_fork:bundleLibCompileToJarDebug', task ':flutter_native_splash:javaPreCompileDebug', task ':flutter_native_splash:compileDebugJavaWithJavac', task ':flutter_native_splash:bundleLibCompileToJarDebug', task ':flutter_olm:checkKotlinGradlePluginConfigurationErrors', task ':flutter_olm:compileDebugKotlin', task ':flutter_olm:javaPreCompileDebug', task ':flutter_olm:compileDebugJavaWithJavac', task ':flutter_olm:bundleLibCompileToJarDebug', task ':flutter_openssl_crypto:checkKotlinGradlePluginConfigurationErrors', task ':flutter_openssl_crypto:compileDebugKotlin', task ':flutter_openssl_crypto:javaPreCompileDebug', task ':flutter_openssl_crypto:compileDebugJavaWithJavac', task ':flutter_openssl_crypto:bundleLibCompileToJarDebug', task ':integration_test:javaPreCompileDebug', task ':integration_test:compileDebugJavaWithJavac', task ':integration_test:bundleLibCompileToJarDebug', task ':path_provider_android:javaPreCompileDebug', task ':path_provider_android:compileDebugJavaWithJavac', task ':path_provider_android:bundleLibCompileToJarDebug', task ':quill_native_bridge_android:checkKotlinGradlePluginConfigurationErrors', task ':quill_native_bridge_android:compileDebugKotlin', task ':quill_native_bridge_android:javaPreCompileDebug', task ':quill_native_bridge_android:compileDebugJavaWithJavac', task ':quill_native_bridge_android:bundleLibCompileToJarDebug', task ':shared_preferences_android:checkKotlinGradlePluginConfigurationErrors', task ':shared_preferences_android:compileDebugKotlin', task ':shared_preferences_android:javaPreCompileDebug', task ':shared_preferences_android:compileDebugJavaWithJavac', task ':shared_preferences_android:bundleLibCompileToJarDebug', task ':sqflite_android:javaPreCompileDebug', task ':sqflite_android:compileDebugJavaWithJavac', task ':sqflite_android:bundleLibCompileToJarDebug', task ':url_launcher_android:generateDebugBuildConfig', task ':url_launcher_android:javaPreCompileDebug', task ':url_launcher_android:compileDebugJavaWithJavac', task ':url_launcher_android:bundleLibCompileToJarDebug', task ':video_player_android:checkKotlinGradlePluginConfigurationErrors', task ':video_player_android:compileDebugKotlin', task ':video_player_android:javaPreCompileDebug', task ':video_player_android:compileDebugJavaWithJavac', task ':video_player_android:bundleLibCompileToJarDebug', task ':app:compileDebugKotlin', task ':app:javaPreCompileDebug', task ':app:compileDebugJavaWithJavac', task ':app:compressDebugAssets', task ':app:processDebugJavaRes', task ':connectivity_plus:processDebugJavaRes', task ':emoji_picker_flutter:processDebugJavaRes', task ':file_selector_android:processDebugJavaRes', task ':flutter_keyboard_visibility_temp_fork:processDebugJavaRes', task ':flutter_native_splash:processDebugJavaRes', task ':flutter_olm:processDebugJavaRes', task ':flutter_openssl_crypto:processDebugJavaRes', task ':integration_test:processDebugJavaRes', task ':path_provider_android:processDebugJavaRes', task ':quill_native_bridge_android:processDebugJavaRes', task ':shared_preferences_android:processDebugJavaRes', task ':sqflite_android:processDebugJavaRes', task ':url_launcher_android:processDebugJavaRes', task ':video_player_android:processDebugJavaRes', task ':app:mergeDebugJavaResource', task ':app:checkDebugDuplicateClasses', task ':app:desugarDebugFileDependencies', task ':app:mergeExtDexDebug', task ':connectivity_plus:bundleLibRuntimeToDirDebug', task ':emoji_picker_flutter:bundleLibRuntimeToDirDebug', task ':file_selector_android:bundleLibRuntimeToDirDebug', task ':flutter_keyboard_visibility_temp_fork:bundleLibRuntimeToDirDebug', task ':flutter_native_splash:bundleLibRuntimeToDirDebug', task ':flutter_olm:bundleLibRuntimeToDirDebug', task ':flutter_openssl_crypto:bundleLibRuntimeToDirDebug', task ':integration_test:bundleLibRuntimeToDirDebug', task ':path_provider_android:bundleLibRuntimeToDirDebug', task ':quill_native_bridge_android:bundleLibRuntimeToDirDebug', task ':shared_preferences_android:bundleLibRuntimeToDirDebug', task ':sqflite_android:bundleLibRuntimeToDirDebug', task ':url_launcher_android:bundleLibRuntimeToDirDebug', task ':video_player_android:bundleLibRuntimeToDirDebug', task ':app:mergeLibDexDebug', task ':app:dexBuilderDebug', task ':app:mergeProjectDexDebug', task ':app:configureCMakeDebug[arm64-v8a]', task ':app:buildCMakeDebug[arm64-v8a]', task ':app:configureCMakeDebug[armeabi-v7a]', task ':app:buildCMakeDebug[armeabi-v7a]', task ':app:configureCMakeDebug[x86_64]', task ':app:buildCMakeDebug[x86_64]', task ':app:mergeDebugJniLibFolders', task ':connectivity_plus:mergeDebugJniLibFolders', task ':connectivity_plus:mergeDebugNativeLibs', task ':connectivity_plus:copyDebugJniLibsProjectOnly', task ':emoji_picker_flutter:mergeDebugJniLibFolders', task ':emoji_picker_flutter:mergeDebugNativeLibs', task ':emoji_picker_flutter:copyDebugJniLibsProjectOnly', task ':file_selector_android:mergeDebugJniLibFolders', task ':file_selector_android:mergeDebugNativeLibs', task ':file_selector_android:copyDebugJniLibsProjectOnly', task ':flutter_keyboard_visibility_temp_fork:mergeDebugJniLibFolders', task ':flutter_keyboard_visibility_temp_fork:mergeDebugNativeLibs', task ':flutter_keyboard_visibility_temp_fork:copyDebugJniLibsProjectOnly', task ':flutter_native_splash:mergeDebugJniLibFolders', task ':flutter_native_splash:mergeDebugNativeLibs', task ':flutter_native_splash:copyDebugJniLibsProjectOnly', task ':flutter_olm:preProfileBuild', task ':flutter_olm:configureCMakeDebug[arm64-v8a]', task ':flutter_olm:buildCMakeDebug[arm64-v8a]', task ':flutter_olm:configureCMakeDebug[armeabi-v7a]', task ':flutter_olm:buildCMakeDebug[armeabi-v7a]', task ':flutter_olm:configureCMakeDebug[x86]', task ':flutter_olm:buildCMakeDebug[x86]', task ':flutter_olm:configureCMakeDebug[x86_64]', task ':flutter_olm:buildCMakeDebug[x86_64]', task ':flutter_olm:mergeDebugJniLibFolders', task ':flutter_olm:mergeDebugNativeLibs', task ':flutter_olm:copyDebugJniLibsProjectOnly', task ':flutter_openssl_crypto:preProfileBuild', task ':flutter_openssl_crypto:configureCMakeDebug[arm64-v8a]', task ':flutter_openssl_crypto:buildCMakeDebug[arm64-v8a]', task ':flutter_openssl_crypto:configureCMakeDebug[armeabi-v7a]', task ':flutter_openssl_crypto:buildCMakeDebug[armeabi-v7a]', task ':flutter_openssl_crypto:configureCMakeDebug[x86]', task ':flutter_openssl_crypto:buildCMakeDebug[x86]', task ':flutter_openssl_crypto:configureCMakeDebug[x86_64]', task ':flutter_openssl_crypto:buildCMakeDebug[x86_64]', task ':flutter_openssl_crypto:mergeDebugJniLibFolders', task ':flutter_openssl_crypto:mergeDebugNativeLibs', task ':flutter_openssl_crypto:copyDebugJniLibsProjectOnly', task ':integration_test:mergeDebugJniLibFolders', task ':integration_test:mergeDebugNativeLibs', task ':integration_test:copyDebugJniLibsProjectOnly', task ':path_provider_android:mergeDebugJniLibFolders', task ':path_provider_android:mergeDebugNativeLibs', task ':path_provider_android:copyDebugJniLibsProjectOnly', task ':quill_native_bridge_android:mergeDebugJniLibFolders', task ':quill_native_bridge_android:mergeDebugNativeLibs', task ':quill_native_bridge_android:copyDebugJniLibsProjectOnly', task ':shared_preferences_android:mergeDebugJniLibFolders', task ':shared_preferences_android:mergeDebugNativeLibs', task ':shared_preferences_android:copyDebugJniLibsProjectOnly', task ':sqflite_android:mergeDebugJniLibFolders', task ':sqflite_android:mergeDebugNativeLibs', task ':sqflite_android:copyDebugJniLibsProjectOnly', task ':url_launcher_android:mergeDebugJniLibFolders', task ':url_launcher_android:mergeDebugNativeLibs', task ':url_launcher_android:copyDebugJniLibsProjectOnly', task ':video_player_android:mergeDebugJniLibFolders', task ':video_player_android:mergeDebugNativeLibs', task ':video_player_android:copyDebugJniLibsProjectOnly', task ':app:mergeDebugNativeLibs', task ':app:stripDebugDebugSymbols', task ':app:validateSigningDebug', task ':app:writeDebugAppMetadata', task ':app:writeDebugSigningConfigVersions', task ':app:packageDebug', task ':app:createDebugApkListingFileRedirect', task ':app:assembleDebug', task ':connectivity_plus:stripDebugDebugSymbols', task ':connectivity_plus:copyDebugJniLibsProjectAndLocalJars', task ':connectivity_plus:extractDebugAnnotations', task ':connectivity_plus:extractDeepLinksForAarDebug', task ':connectivity_plus:mergeDebugGeneratedProguardFiles', task ':connectivity_plus:mergeDebugConsumerProguardFiles', task ':connectivity_plus:prepareDebugArtProfile', task ':connectivity_plus:prepareLintJarForPublish', task ':connectivity_plus:mergeDebugJavaResource', task ':connectivity_plus:syncDebugLibJars', task ':connectivity_plus:bundleDebugAar', task ':connectivity_plus:assembleDebug', task ':emoji_picker_flutter:stripDebugDebugSymbols', task ':emoji_picker_flutter:copyDebugJniLibsProjectAndLocalJars', task ':emoji_picker_flutter:extractDebugAnnotations', task ':emoji_picker_flutter:extractDeepLinksForAarDebug', task ':emoji_picker_flutter:mergeDebugGeneratedProguardFiles', task ':emoji_picker_flutter:mergeDebugConsumerProguardFiles', task ':emoji_picker_flutter:prepareDebugArtProfile', task ':emoji_picker_flutter:prepareLintJarForPublish', task ':emoji_picker_flutter:mergeDebugJavaResource', task ':emoji_picker_flutter:syncDebugLibJars', task ':emoji_picker_flutter:bundleDebugAar', task ':emoji_picker_flutter:assembleDebug', task ':file_selector_android:stripDebugDebugSymbols', task ':file_selector_android:copyDebugJniLibsProjectAndLocalJars', task ':file_selector_android:extractDebugAnnotations', task ':file_selector_android:extractDeepLinksForAarDebug', task ':file_selector_android:mergeDebugGeneratedProguardFiles', task ':file_selector_android:mergeDebugConsumerProguardFiles', task ':file_selector_android:prepareDebugArtProfile', task ':file_selector_android:prepareLintJarForPublish', task ':file_selector_android:mergeDebugJavaResource', task ':file_selector_android:syncDebugLibJars', task ':file_selector_android:bundleDebugAar', task ':file_selector_android:assembleDebug', task ':flutter_keyboard_visibility_temp_fork:stripDebugDebugSymbols', task ':flutter_keyboard_visibility_temp_fork:copyDebugJniLibsProjectAndLocalJars', task ':flutter_keyboard_visibility_temp_fork:extractDebugAnnotations', task ':flutter_keyboard_visibility_temp_fork:extractDeepLinksForAarDebug', task ':flutter_keyboard_visibility_temp_fork:mergeDebugGeneratedProguardFiles', task ':flutter_keyboard_visibility_temp_fork:mergeDebugConsumerProguardFiles', task ':flutter_keyboard_visibility_temp_fork:prepareDebugArtProfile', task ':flutter_keyboard_visibility_temp_fork:prepareLintJarForPublish', task ':flutter_keyboard_visibility_temp_fork:mergeDebugJavaResource', task ':flutter_keyboard_visibility_temp_fork:syncDebugLibJars', task ':flutter_keyboard_visibility_temp_fork:bundleDebugAar', task ':flutter_keyboard_visibility_temp_fork:assembleDebug', task ':flutter_native_splash:stripDebugDebugSymbols', task ':flutter_native_splash:copyDebugJniLibsProjectAndLocalJars', task ':flutter_native_splash:extractDebugAnnotations', task ':flutter_native_splash:extractDeepLinksForAarDebug', task ':flutter_native_splash:mergeDebugGeneratedProguardFiles', task ':flutter_native_splash:mergeDebugConsumerProguardFiles', task ':flutter_native_splash:prepareDebugArtProfile', task ':flutter_native_splash:prepareLintJarForPublish', task ':flutter_native_splash:mergeDebugJavaResource', task ':flutter_native_splash:syncDebugLibJars', task ':flutter_native_splash:bundleDebugAar', task ':flutter_native_splash:assembleDebug', task ':flutter_olm:stripDebugDebugSymbols', task ':flutter_olm:copyDebugJniLibsProjectAndLocalJars', task ':flutter_olm:extractDebugAnnotations', task ':flutter_olm:extractDeepLinksForAarDebug', task ':flutter_olm:mergeDebugGeneratedProguardFiles', task ':flutter_olm:mergeDebugConsumerProguardFiles', task ':flutter_olm:prepareDebugArtProfile', task ':flutter_olm:prepareLintJarForPublish', task ':flutter_olm:mergeDebugJavaResource', task ':flutter_olm:syncDebugLibJars', task ':flutter_olm:bundleDebugAar', task ':flutter_olm:assembleDebug', task ':flutter_openssl_crypto:stripDebugDebugSymbols', task ':flutter_openssl_crypto:copyDebugJniLibsProjectAndLocalJars', task ':flutter_openssl_crypto:extractDebugAnnotations', task ':flutter_openssl_crypto:extractDeepLinksForAarDebug', task ':flutter_openssl_crypto:mergeDebugGeneratedProguardFiles', task ':flutter_openssl_crypto:mergeDebugConsumerProguardFiles', task ':flutter_openssl_crypto:prepareDebugArtProfile', task ':flutter_openssl_crypto:prepareLintJarForPublish', task ':flutter_openssl_crypto:mergeDebugJavaResource', task ':flutter_openssl_crypto:syncDebugLibJars', task ':flutter_openssl_crypto:bundleDebugAar', task ':flutter_openssl_crypto:assembleDebug', task ':integration_test:stripDebugDebugSymbols', task ':integration_test:copyDebugJniLibsProjectAndLocalJars', task ':integration_test:extractDebugAnnotations', task ':integration_test:extractDeepLinksForAarDebug', task ':integration_test:mergeDebugGeneratedProguardFiles', task ':integration_test:mergeDebugConsumerProguardFiles', task ':integration_test:prepareDebugArtProfile', task ':integration_test:prepareLintJarForPublish', task ':integration_test:mergeDebugJavaResource', task ':integration_test:syncDebugLibJars', task ':integration_test:bundleDebugAar', task ':integration_test:assembleDebug', task ':path_provider_android:stripDebugDebugSymbols', task ':path_provider_android:copyDebugJniLibsProjectAndLocalJars', task ':path_provider_android:extractDebugAnnotations', task ':path_provider_android:extractDeepLinksForAarDebug', task ':path_provider_android:mergeDebugGeneratedProguardFiles', task ':path_provider_android:mergeDebugConsumerProguardFiles', task ':path_provider_android:prepareDebugArtProfile', task ':path_provider_android:prepareLintJarForPublish', task ':path_provider_android:mergeDebugJavaResource', task ':path_provider_android:syncDebugLibJars', task ':path_provider_android:bundleDebugAar', task ':path_provider_android:assembleDebug', task ':quill_native_bridge_android:stripDebugDebugSymbols', task ':quill_native_bridge_android:copyDebugJniLibsProjectAndLocalJars', task ':quill_native_bridge_android:extractDebugAnnotations', task ':quill_native_bridge_android:extractDeepLinksForAarDebug', task ':quill_native_bridge_android:mergeDebugGeneratedProguardFiles', task ':quill_native_bridge_android:mergeDebugConsumerProguardFiles', task ':quill_native_bridge_android:prepareDebugArtProfile', task ':quill_native_bridge_android:prepareLintJarForPublish', task ':quill_native_bridge_android:mergeDebugJavaResource', task ':quill_native_bridge_android:syncDebugLibJars', task ':quill_native_bridge_android:bundleDebugAar', task ':quill_native_bridge_android:assembleDebug', task ':shared_preferences_android:stripDebugDebugSymbols', task ':shared_preferences_android:copyDebugJniLibsProjectAndLocalJars', task ':shared_preferences_android:extractDebugAnnotations', task ':shared_preferences_android:extractDeepLinksForAarDebug', task ':shared_preferences_android:mergeDebugGeneratedProguardFiles', task ':shared_preferences_android:mergeDebugConsumerProguardFiles', task ':shared_preferences_android:prepareDebugArtProfile', task ':shared_preferences_android:prepareLintJarForPublish', task ':shared_preferences_android:mergeDebugJavaResource', task ':shared_preferences_android:syncDebugLibJars', task ':shared_preferences_android:bundleDebugAar', task ':shared_preferences_android:assembleDebug', task ':sqflite_android:stripDebugDebugSymbols', task ':sqflite_android:copyDebugJniLibsProjectAndLocalJars', task ':sqflite_android:extractDebugAnnotations', task ':sqflite_android:extractDeepLinksForAarDebug', task ':sqflite_android:mergeDebugGeneratedProguardFiles', task ':sqflite_android:mergeDebugConsumerProguardFiles', task ':sqflite_android:prepareDebugArtProfile', task ':sqflite_android:prepareLintJarForPublish', task ':sqflite_android:mergeDebugJavaResource', task ':sqflite_android:syncDebugLibJars', task ':sqflite_android:bundleDebugAar', task ':sqflite_android:assembleDebug', task ':url_launcher_android:stripDebugDebugSymbols', task ':url_launcher_android:copyDebugJniLibsProjectAndLocalJars', task ':url_launcher_android:extractDebugAnnotations', task ':url_launcher_android:extractDeepLinksForAarDebug', task ':url_launcher_android:mergeDebugGeneratedProguardFiles', task ':url_launcher_android:mergeDebugConsumerProguardFiles', task ':url_launcher_android:prepareDebugArtProfile', task ':url_launcher_android:prepareLintJarForPublish', task ':url_launcher_android:mergeDebugJavaResource', task ':url_launcher_android:syncDebugLibJars', task ':url_launcher_android:bundleDebugAar', task ':url_launcher_android:assembleDebug', task ':video_player_android:stripDebugDebugSymbols', task ':video_player_android:copyDebugJniLibsProjectAndLocalJars', task ':video_player_android:extractDebugAnnotations', task ':video_player_android:extractDeepLinksForAarDebug', task ':video_player_android:mergeDebugGeneratedProguardFiles', task ':video_player_android:mergeDebugConsumerProguardFiles', task ':video_player_android:prepareDebugArtProfile', task ':video_player_android:prepareLintJarForPublish', task ':video_player_android:mergeDebugJavaResource', task ':video_player_android:syncDebugLibJars', task ':video_player_android:bundleDebugAar', task ':video_player_android:assembleDebug']
[        ] Tasks that were excluded: []
[        ] work action Parameters of ClassesDirToClassesTransform (Thread[#37734,Execution worker Thread 13,5,main]) started.
[        ] work action Parameters of DexingNoClasspathTransform (Thread[#37734,Execution worker Thread 13,5,main]) started.
[        ] Resolve mutations for :app:preBuild (Thread[#37722,Execution worker Thread 2,5,main]) started.
[        ] :app:preBuild (Thread[#37733,Execution worker Thread 12,5,main]) started.
[        ] > Task :app:preBuild UP-TO-DATE
[        ] Skipping task ':app:preBuild' as it has no actions.
[        ] Resolve mutations for :app:preDebugBuild (Thread[#37733,Execution worker Thread 12,5,main]) started.
[        ] :app:preDebugBuild (Thread[#37733,Execution worker Thread 12,5,main]) started.
[        ] > Task :app:preDebugBuild UP-TO-DATE
[        ] Skipping task ':app:preDebugBuild' as it has no actions.
[        ] Resolve mutations for :app:mergeDebugNativeDebugMetadata (Thread[#37733,Execution worker Thread 12,5,main]) started.
[        ] :app:mergeDebugNativeDebugMetadata (Thread[#37733,Execution worker Thread 12,5,main]) started.
[        ] > Task :app:mergeDebugNativeDebugMetadata NO-SOURCE
[        ] Skipping task ':app:mergeDebugNativeDebugMetadata' as it has no source files and no previous output files.
[        ] Resolve mutations for :app:checkKotlinGradlePluginConfigurationErrors (Thread[#37733,Execution worker Thread 12,5,main]) started.
[        ] :app:checkKotlinGradlePluginConfigurationErrors (Thread[#37733,Execution worker Thread 12,5,main]) started.
[        ] > Task :app:checkKotlinGradlePluginConfigurationErrors SKIPPED
[        ] Skipping task ':app:checkKotlinGradlePluginConfigurationErrors' as task onlyIf 'errorDiagnostics are present' is false.
[        ] Resolve mutations for :app:compileFlutterBuildDebug (Thread[#37733,Execution worker Thread 12,5,main]) started.
[        ] :app:compileFlutterBuildDebug (Thread[#37733,Execution worker Thread 12,5,main]) started.
02:11 +0 -6: loading /Users/florian/Code/substitution/integration_test/offline_test.dart                                                                                                               02:12 +0 -6: loading /Users/florian/Code/substitution/integration_test/offline_test.dart                                                                                                               [+1989 ms] > Task :app:compileFlutterBuildDebug
[        ] Caching disabled for task ':app:compileFlutterBuildDebug' because:
[        ]   Build cache is disabled
[        ]   Caching has not been enabled for the task
[        ] Task ':app:compileFlutterBuildDebug' is not up-to-date because:
[        ]   Value of input property 'targetPath' has changed for task ':app:compileFlutterBuildDebug'
[        ] Starting process 'command '/opt/homebrew/share/flutter/bin/flutter''. Working directory: /Users/florian/Code/substitution Command: /opt/homebrew/share/flutter/bin/flutter --verbose assemble --no-version-check --depfile /Users/florian/Code/substitution/build/app/intermediates/flutter/debug/flutter_build.d --output /Users/florian/Code/substitution/build/app/intermediates/flutter/debug -dTargetFile=/var/folders/l_/w8pnbb9d38n57pzg9j98fmy80000gn/T/flutter_tools.wuOse9/flutter_test_listener.4t05FN/listener.dart -dTargetPlatform=android -dBuildMode=debug -dTrackWidgetCreation=true --DartDefines=TUFUUklYX1NFUlZFUj1odHRwOi8vbG9jYWxob3N0OjgwMDg=,TUFUUklYX1RFU1RfVVNFUj0=,TUFUUklYX1RFU1RfUEFTU1dPUkQ9,RkxVVFRFUl9WRVJTSU9OPTMuMzguOQ==,RkxVVFRFUl9DSEFOTkVMPXN0YWJsZQ==,RkxVVFRFUl9HSVRfVVJMPWh0dHBzOi8vZ2l0aHViLmNvbS9mbHV0dGVyL2ZsdXR0ZXIuZ2l0,RkxVVFRFUl9GUkFNRVdPUktfUkVWSVNJT049NjczMjNkZTI4NQ==,RkxVVFRFUl9FTkdJTkVfUkVWSVNJT049NTg3YzE4Zjg3Mw==,RkxVVFRFUl9EQVJUX1ZFUlNJT049My4xMC44,SU5URUdSQVRJT05fVEVTVF9TSE9VTERfUkVQT1JUX1JFU1VMVFNfVE9fTkFUSVZFPWZhbHNl -dFlavor= -dAndroidArchs=android-arm64 -dMinSdkVersion=24 debug_android_application
[        ] Successfully started process 'command '/opt/homebrew/share/flutter/bin/flutter''
[        ] [  +19 ms] executing: sysctl hw.optional.arm64
[        ] [   +3 ms] Exit code 0 from: sysctl hw.optional.arm64
[        ] [        ] hw.optional.arm64: 1
[        ] [   +3 ms] Artifact Instance of 'MaterialFonts' is not required, skipping update.
[        ] [        ] Artifact Instance of 'GradleWrapper' is not required, skipping update.
[        ] [        ] Artifact Instance of 'AndroidGenSnapshotArtifacts' is not required, skipping update.
[        ] [        ] Artifact Instance of 'AndroidInternalBuildArtifacts' is not required, skipping update.
[        ] [        ] Artifact Instance of 'IOSEngineArtifacts' is not required, skipping update.
[        ] [        ] Artifact Instance of 'FlutterWebSdk' is not required, skipping update.
[        ] [        ] Artifact Instance of 'LegacyCanvasKitRemover' is not required, skipping update.
[        ] [        ] Artifact Instance of 'FlutterSdk' is not required, skipping update.
[        ] [        ] Artifact Instance of 'WindowsEngineArtifacts' is not required, skipping update.
[        ] [        ] Artifact Instance of 'MacOSEngineArtifacts' is not required, skipping update.
[        ] [        ] Artifact Instance of 'LinuxEngineArtifacts' is not required, skipping update.
[        ] [        ] Artifact Instance of 'LinuxFuchsiaSDKArtifacts' is not required, skipping update.
[        ] [        ] Artifact Instance of 'MacOSFuchsiaSDKArtifacts' is not required, skipping update.
[        ] [        ] Artifact Instance of 'FlutterRunnerSDKArtifacts' is not required, skipping update.
[        ] [        ] Artifact Instance of 'FlutterRunnerDebugSymbols' is not required, skipping update.
[        ] [        ] Artifact Instance of 'IosUsbArtifacts' is not required, skipping update.
[        ] [        ] Artifact Instance of 'IosUsbArtifacts' is not required, skipping update.
[        ] [        ] Artifact Instance of 'IosUsbArtifacts' is not required, skipping update.
[        ] [        ] Artifact Instance of 'IosUsbArtifacts' is not required, skipping update.
[        ] [        ] Artifact Instance of 'IosUsbArtifacts' is not required, skipping update.
[        ] [        ] Artifact Instance of 'IosUsbArtifacts' is not required, skipping update.
[        ] [        ] Artifact Instance of 'FontSubsetArtifacts' is not required, skipping update.
[        ] [        ] Artifact Instance of 'PubDependencies' is not required, skipping update.
[        ] [   +3 ms] Artifact Instance of 'AndroidGenSnapshotArtifacts' is not required, skipping update.
[        ] [        ] Artifact Instance of 'AndroidInternalBuildArtifacts' is not required, skipping update.
[        ] [        ] Artifact Instance of 'IOSEngineArtifacts' is not required, skipping update.
[        ] [        ] Artifact Instance of 'FlutterWebSdk' is not required, skipping update.
[        ] [        ] Artifact Instance of 'FlutterEngineStamp' is not required, skipping update.
[        ] [        ] Artifact Instance of 'LegacyCanvasKitRemover' is not required, skipping update.
[        ] [        ] Artifact Instance of 'WindowsEngineArtifacts' is not required, skipping update.
[        ] [        ] Artifact Instance of 'MacOSEngineArtifacts' is not required, skipping update.
[        ] [        ] Artifact Instance of 'LinuxEngineArtifacts' is not required, skipping update.
[        ] [        ] Artifact Instance of 'LinuxFuchsiaSDKArtifacts' is not required, skipping update.
[        ] [        ] Artifact Instance of 'MacOSFuchsiaSDKArtifacts' is not required, skipping update.
[        ] [        ] Artifact Instance of 'FlutterRunnerSDKArtifacts' is not required, skipping update.
[        ] [        ] Artifact Instance of 'FlutterRunnerDebugSymbols' is not required, skipping update.
[        ] [  +22 ms] Artifact Instance of 'MaterialFonts' is not required, skipping update.
[        ] [        ] Artifact Instance of 'GradleWrapper' is not required, skipping update.
[        ] [        ] Artifact Instance of 'AndroidInternalBuildArtifacts' is not required, skipping update.
[        ] [        ] Artifact Instance of 'IOSEngineArtifacts' is not required, skipping update.
[        ] [        ] Artifact Instance of 'FlutterWebSdk' is not required, skipping update.
[        ] [        ] Artifact Instance of 'FlutterEngineStamp' is not required, skipping update.
[        ] [        ] Artifact Instance of 'LegacyCanvasKitRemover' is not required, skipping update.
[        ] [        ] Artifact Instance of 'FlutterSdk' is not required, skipping update.
[        ] [        ] Artifact Instance of 'WindowsEngineArtifacts' is not required, skipping update.
[        ] [        ] Artifact Instance of 'MacOSEngineArtifacts' is not required, skipping update.
[        ] [        ] Artifact Instance of 'LinuxEngineArtifacts' is not required, skipping update.
[        ] [        ] Artifact Instance of 'LinuxFuchsiaSDKArtifacts' is not required, skipping update.
[        ] [        ] Artifact Instance of 'MacOSFuchsiaSDKArtifacts' is not required, skipping update.
[        ] [        ] Artifact Instance of 'FlutterRunnerSDKArtifacts' is not required, skipping update.
[        ] [        ] Artifact Instance of 'FlutterRunnerDebugSymbols' is not required, skipping update.
[        ] [        ] Artifact Instance of 'IosUsbArtifacts' is not required, skipping update.
[        ] [        ] Artifact Instance of 'IosUsbArtifacts' is not required, skipping update.
[        ] [        ] Artifact Instance of 'IosUsbArtifacts' is not required, skipping update.
[        ] [        ] Artifact Instance of 'IosUsbArtifacts' is not required, skipping update.
[        ] [        ] Artifact Instance of 'IosUsbArtifacts' is not required, skipping update.
[        ] [        ] Artifact Instance of 'IosUsbArtifacts' is not required, skipping update.
[        ] [        ] Artifact Instance of 'FontSubsetArtifacts' is not required, skipping update.
[        ] [        ] Artifact Instance of 'PubDependencies' is not required, skipping update.
[        ] [  +19 ms] Initializing file store
[        ] [  +11 ms] dart_build: Starting due to {}
[        ] [        ] Skipping target: gen_localizations
[        ] [        ] gen_dart_plugin_registrant: Starting due to {InvalidatedReasonKind.outputSetAddition: The following outputs were added to the output set: /Users/florian/Code/substitution/.dart_tool/flutter_build/dart_plugin_registrant.dart, InvalidatedReasonKind.inputChanged: The following inputs have updated contents: /Users/florian/Code/substitution/.dart_tool/package_config.json}
[        ] [  +43 ms] Found plugin integration_test at /opt/homebrew/share/flutter/packages/integration_test/
[        ] [  +13 ms] Found plugin flutter_native_splash at /Users/florian/.pub-cache/hosted/pub.dev/flutter_native_splash-2.4.7/
[        ] [  +11 ms] Found plugin connectivity_plus at /Users/florian/.pub-cache/hosted/pub.dev/connectivity_plus-5.0.2/
[        ] [   +4 ms] Found plugin video_player at /Users/florian/.pub-cache/hosted/pub.dev/video_player-2.10.1/
[        ] [        ] Found plugin video_player_web at /Users/florian/.pub-cache/hosted/pub.dev/video_player_web-2.4.0/
[        ] [   +1 ms] Found plugin video_player_avfoundation at /Users/florian/.pub-cache/hosted/pub.dev/video_player_avfoundation-2.9.1/
[        ] [        ] Found plugin video_player_android at /Users/florian/.pub-cache/hosted/pub.dev/video_player_android-2.9.1/
[        ] [        ] Found plugin url_launcher at /Users/florian/.pub-cache/hosted/pub.dev/url_launcher-6.3.2/
[        ] [        ] Found plugin url_launcher_windows at /Users/florian/.pub-cache/hosted/pub.dev/url_launcher_windows-3.1.5/
[        ] [        ] Found plugin url_launcher_web at /Users/florian/.pub-cache/hosted/pub.dev/url_launcher_web-2.4.2/
[        ] [        ] Found plugin url_launcher_macos at /Users/florian/.pub-cache/hosted/pub.dev/url_launcher_macos-3.2.5/
[        ] [        ] Found plugin url_launcher_linux at /Users/florian/.pub-cache/hosted/pub.dev/url_launcher_linux-3.2.2/
[        ] [        ] Found plugin url_launcher_ios at /Users/florian/.pub-cache/hosted/pub.dev/url_launcher_ios-6.3.6/
[        ] [        ] Found plugin url_launcher_android at /Users/florian/.pub-cache/hosted/pub.dev/url_launcher_android-6.3.28/
[        ] [   +4 ms] Found plugin sqflite at /Users/florian/.pub-cache/hosted/pub.dev/sqflite-2.4.2/
[        ] [   +1 ms] Found plugin sqflite_darwin at /Users/florian/.pub-cache/hosted/pub.dev/sqflite_darwin-2.4.2/
[        ] [        ] Found plugin sqflite_android at /Users/florian/.pub-cache/hosted/pub.dev/sqflite_android-2.4.2+2/
[        ] [   +1 ms] Found plugin path_provider at /Users/florian/.pub-cache/hosted/pub.dev/path_provider-2.1.5/
[        ] [        ] Found plugin path_provider_windows at /Users/florian/.pub-cache/hosted/pub.dev/path_provider_windows-2.3.0/
[        ] [        ] Found plugin path_provider_linux at /Users/florian/.pub-cache/hosted/pub.dev/path_provider_linux-2.2.1/
[        ] [        ] Found plugin path_provider_foundation at /Users/florian/.pub-cache/hosted/pub.dev/path_provider_foundation-2.6.0/
[        ] [   +2 ms] Found plugin path_provider_android at /Users/florian/.pub-cache/hosted/pub.dev/path_provider_android-2.2.22/
[        ] [  +14 ms] Found plugin flutter_keyboard_visibility_temp_fork at /Users/florian/.pub-cache/hosted/pub.dev/flutter_keyboard_visibility_temp_fork-0.1.5/
[        ] [        ] Found plugin flutter_keyboard_visibility_windows at /Users/florian/.pub-cache/hosted/pub.dev/flutter_keyboard_visibility_windows-1.0.0/
[        ] [        ] Found plugin flutter_keyboard_visibility_macos at /Users/florian/.pub-cache/hosted/pub.dev/flutter_keyboard_visibility_macos-1.0.0/
[        ] [        ] Found plugin flutter_keyboard_visibility_linux at /Users/florian/.pub-cache/hosted/pub.dev/flutter_keyboard_visibility_linux-1.0.0/
[        ] [   +4 ms] Found plugin quill_native_bridge at /Users/florian/.pub-cache/hosted/pub.dev/quill_native_bridge-11.1.0/
[        ] [        ] Found plugin quill_native_bridge_windows at /Users/florian/.pub-cache/hosted/pub.dev/quill_native_bridge_windows-0.0.2/
[        ] [   +1 ms] Found plugin file_selector_windows at /Users/florian/.pub-cache/hosted/pub.dev/file_selector_windows-0.9.3+5/
[        ] [   +1 ms] Found plugin quill_native_bridge_web at /Users/florian/.pub-cache/hosted/pub.dev/quill_native_bridge_web-0.0.2/
[        ] [        ] Found plugin quill_native_bridge_macos at /Users/florian/.pub-cache/hosted/pub.dev/quill_native_bridge_macos-0.0.1/
[        ] [        ] Found plugin quill_native_bridge_ios at /Users/florian/.pub-cache/hosted/pub.dev/quill_native_bridge_ios-0.0.1/
[        ] [   +4 ms] Building native assets for android_arm64.
[        ] [   +3 ms] Found plugin quill_native_bridge_android at /Users/florian/.pub-cache/hosted/pub.dev/quill_native_bridge_android-0.0.1+2/
[        ] [  +21 ms] Found plugin flutter_openssl_crypto at /Users/florian/.pub-cache/hosted/pub.dev/flutter_openssl_crypto-0.5.0/
[        ] [        ] Found plugin flutter_olm at /Users/florian/.pub-cache/hosted/pub.dev/flutter_olm-2.0.0/
[        ] [   +1 ms] input.json contents:
[        ]            {
[        ]              "assets": {},
[        ]              "config": {
[        ]                "build_asset_types": [
[        ]                  "code_assets/code"
[        ]                ],
[        ]                "extensions": {
[        ]                  "code_assets": {
[        ]                    "android": {
[        ]                      "target_ndk_api": 24
[        ]                    },
[        ]                    "c_compiler": {
[        ]                      "ar": "/Users/florian/Library/Android/sdk/ndk/28.2.13676358/toolchains/llvm/prebuilt/darwin-x86_64/bin/llvm-ar",
[        ]                      "cc": "/Users/florian/Library/Android/sdk/ndk/28.2.13676358/toolchains/llvm/prebuilt/darwin-x86_64/bin/clang",
[        ]                      "ld": "/Users/florian/Library/Android/sdk/ndk/28.2.13676358/toolchains/llvm/prebuilt/darwin-x86_64/bin/ld.lld"
[        ]                    },
[        ]                    "link_mode_preference": "dynamic",
[        ]                    "target_architecture": "arm64",
[        ]                    "target_os": "android"
[        ]                  }
[        ]                },
[        ]                "linking_enabled": false
[        ]              },
[        ]              "out_dir_shared": "/Users/florian/Code/substitution/.dart_tool/hooks_runner/shared/objective_c/build/",
[        ]              "out_file": "/Users/florian/Code/substitution/.dart_tool/hooks_runner/objective_c/842b8c761140c2c0e73191c57a372e73/output.json",
[        ]              "package_name": "objective_c",
[        ]              "package_root": "/Users/florian/.pub-cache/hosted/pub.dev/objective_c-9.2.5/",
[        ]              "user_defines": {}
[        ]            }
[        ] [   +2 ms] output.json contents:
[        ]            {
[        ]              "assets_for_linking": {},
[        ]              "status": "success",
[        ]              "timestamp": "2026-02-16 21:57:23.000"
[        ]            }
[        ] [        ] Found plugin file_selector at /Users/florian/.pub-cache/hosted/pub.dev/file_selector-1.1.0/
[        ] [        ] Skipping build for objective_c in /Users/florian/Code/substitution/.dart_tool/hooks_runner/objective_c/842b8c761140c2c0e73191c57a372e73/. Last build on 2026-02-16 21:57:23.000.
[        ] [        ] Found plugin file_selector_web at /Users/florian/.pub-cache/hosted/pub.dev/file_selector_web-0.9.4+2/
[        ] [   +2 ms] Building native assets for android_arm64 done.
[        ] [   +1 ms] dart_build: Complete
[        ] [   +1 ms] install_code_assets: Starting due to {}
[        ] [   +1 ms] Writing native assets json to file:///Users/florian/Code/substitution/.dart_tool/flutter_build/5c724c6c6943a7fbaf84d8c017b195b1/native_assets.json.
[        ] [        ] Found plugin file_selector_macos at /Users/florian/.pub-cache/hosted/pub.dev/file_selector_macos-0.9.5/
[        ] [        ] Found plugin file_selector_linux at /Users/florian/.pub-cache/hosted/pub.dev/file_selector_linux-0.9.4/
[        ] [        ] Writing /Users/florian/Code/substitution/.dart_tool/flutter_build/5c724c6c6943a7fbaf84d8c017b195b1/native_assets.json done.
[        ] [        ] install_code_assets: Complete
[        ] [   +1 ms] Found plugin file_selector_ios at /Users/florian/.pub-cache/hosted/pub.dev/file_selector_ios-0.5.3+5/
[        ] [        ] Found plugin file_selector_android at /Users/florian/.pub-cache/hosted/pub.dev/file_selector_android-0.5.2+4/
[        ] [        ] Found plugin emoji_picker_flutter at /Users/florian/.pub-cache/hosted/pub.dev/emoji_picker_flutter-4.4.0/
[        ] [        ] Found plugin shared_preferences at /Users/florian/.pub-cache/hosted/pub.dev/shared_preferences-2.5.4/
[        ] [        ] Found plugin shared_preferences_windows at /Users/florian/.pub-cache/hosted/pub.dev/shared_preferences_windows-2.4.1/
[        ] [        ] Found plugin shared_preferences_web at /Users/florian/.pub-cache/hosted/pub.dev/shared_preferences_web-2.4.3/
[        ] [        ] Found plugin shared_preferences_linux at /Users/florian/.pub-cache/hosted/pub.dev/shared_preferences_linux-2.4.1/
[        ] [        ] Found plugin shared_preferences_foundation at /Users/florian/.pub-cache/hosted/pub.dev/shared_preferences_foundation-2.5.6/
[        ] [        ] Found plugin shared_preferences_android at /Users/florian/.pub-cache/hosted/pub.dev/shared_preferences_android-2.4.20/
[        ] [  +13 ms] Skipping generating dart_plugin_registrant.dart because it is up-to-date.
[        ] [        ] gen_dart_plugin_registrant: Complete
[        ] [   +1 ms] kernel_snapshot_program: Starting due to {}
[        ] [   +5 ms] /opt/homebrew/share/flutter/bin/cache/dart-sdk/bin/dartaotruntime /opt/homebrew/share/flutter/bin/cache/dart-sdk/bin/snapshots/frontend_server_aot.dart.snapshot --sdk-root /opt/homebrew/share/flutter/bin/cache/artifacts/engine/common/flutter_patched_sdk/ --target=flutter --no-print-incremental-dependencies -DMATRIX_SERVER=http://localhost:8008 -DMATRIX_TEST_USER= -DMATRIX_TEST_PASSWORD= -DFLUTTER_VERSION=3.38.9 -DFLUTTER_CHANNEL=stable -DFLUTTER_GIT_URL=https://github.com/flutter/flutter.git -DFLUTTER_FRAMEWORK_REVISION=67323de285 -DFLUTTER_ENGINE_REVISION=587c18f873 -DFLUTTER_DART_VERSION=3.10.8 -DINTEGRATION_TEST_SHOULD_REPORT_RESULTS_TO_NATIVE=false -DFLUTTER_APP_FLAVOR= -Ddart.vm.profile=false -Ddart.vm.product=false --enable-asserts --track-widget-creation --no-link-platform --packages /Users/florian/Code/substitution/.dart_tool/package_config.json --output-dill /Users/florian/Code/substitution/.dart_tool/flutter_build/5c724c6c6943a7fbaf84d8c017b195b1/app.dill --depfile /Users/florian/Code/substitution/.dart_tool/flutter_build/5c724c6c6943a7fbaf84d8c017b195b1/kernel_snapshot_program.d --incremental --initialize-from-dill /Users/florian/Code/substitution/.dart_tool/flutter_build/5c724c6c6943a7fbaf84d8c017b195b1/app.dill --source file:///Users/florian/Code/substitution/.dart_tool/flutter_build/dart_plugin_registrant.dart --source package:flutter/src/dart_plugin_registrant.dart -Dflutter.dart_plugin_registrant=file:///Users/florian/Code/substitution/.dart_tool/flutter_build/dart_plugin_registrant.dart --verbosity=error file:///var/folders/l_/w8pnbb9d38n57pzg9j98fmy80000gn/T/flutter_tools.wuOse9/flutter_test_listener.4t05FN/listener.dart
02:13 +0 -6: loading /Users/florian/Code/substitution/integration_test/offline_test.dart                                                                                                               02:14 +0 -6: loading /Users/florian/Code/substitution/integration_test/offline_test.dart                                                                                                               [+2502 ms] [+4112 ms] kernel_snapshot_program: Complete
02:15 +0 -6: loading /Users/florian/Code/substitution/integration_test/offline_test.dart                                                                                                               [ +699 ms] [ +679 ms] debug_android_application: Starting due to {}
[ +103 ms] [  +93 ms] Manifest contained wildcard assets. Inserting missing file into build graph to force rerun. for more information see #56466.
[        ] [   +3 ms] shaderc command: [/opt/homebrew/share/flutter/bin/cache/artifacts/engine/darwin-x64/impellerc, --sksl, --runtime-stage-gles, --runtime-stage-gles3, --runtime-stage-vulkan, --iplr, --sl=/Users/florian/Code/substitution/build/app/intermediates/flutter/debug/flutter_assets/shaders/ink_sparkle.frag, --spirv=/Users/florian/Code/substitution/build/app/intermediates/flutter/debug/flutter_assets/shaders/ink_sparkle.frag.spirv, --input=/opt/homebrew/share/flutter/packages/flutter/lib/src/material/shaders/ink_sparkle.frag, --input-type=frag, --include=/opt/homebrew/share/flutter/packages/flutter/lib/src/material/shaders, --include=/opt/homebrew/share/flutter/bin/cache/artifacts/engine/darwin-x64/shader_lib]
[        ] [        ] shaderc command: [/opt/homebrew/share/flutter/bin/cache/artifacts/engine/darwin-x64/impellerc, --sksl, --runtime-stage-gles, --runtime-stage-gles3, --runtime-stage-vulkan, --iplr, --sl=/Users/florian/Code/substitution/build/app/intermediates/flutter/debug/flutter_assets/shaders/stretch_effect.frag, --spirv=/Users/florian/Code/substitution/build/app/intermediates/flutter/debug/flutter_assets/shaders/stretch_effect.frag.spirv, --input=/opt/homebrew/share/flutter/packages/flutter/lib/src/material/shaders/stretch_effect.frag, --input-type=frag, --include=/opt/homebrew/share/flutter/packages/flutter/lib/src/material/shaders, --include=/opt/homebrew/share/flutter/bin/cache/artifacts/engine/darwin-x64/shader_lib]
02:16 +0 -6: loading /Users/florian/Code/substitution/integration_test/offline_test.dart                                                                                                               [ +290 ms] [ +316 ms] debug_android_application: Complete
[ +704 ms] [ +670 ms] Persisting file store
[        ] [   +4 ms] Done persisting file store
[        ] [   +9 ms] build succeeded.
[        ] [   +2 ms] "flutter assemble" took 6.140ms.
[        ] [   +2 ms] executing: sw_vers -productName
[        ] [   +9 ms] Exit code 0 from: sw_vers -productName
[        ] [        ] macOS
[        ] [        ] executing: sw_vers -productVersion
[        ] [   +8 ms] Exit code 0 from: sw_vers -productVersion
[        ] [        ] 26.1
[        ] [        ] executing: sw_vers -buildVersion
[  +95 ms] [   +7 ms] Exit code 0 from: sw_vers -buildVersion
[        ] [        ] 25B78
[        ] [        ] executing: uname -m
[        ] [   +3 ms] Exit code 0 from: uname -m
[        ] [        ] arm64
[        ] [  +16 ms] Running 1 shutdown hook
[        ] [        ] Shutdown hooks complete
[        ] [  +49 ms] exiting with code 0
[ +103 ms] Resolve mutations for :app:packJniLibsflutterBuildDebug (Thread[#37733,Execution worker Thread 12,5,main]) started.
[        ] :app:packJniLibsflutterBuildDebug (Thread[#37733,Execution worker Thread 12,5,main]) started.
[        ] > Task :app:packJniLibsflutterBuildDebug UP-TO-DATE
[        ] Caching disabled for task ':app:packJniLibsflutterBuildDebug' because:
[        ]   Build cache is disabled
[        ]   Not worth caching
[        ] Skipping task ':app:packJniLibsflutterBuildDebug' as it is up-to-date.
[        ] Resolve mutations for :connectivity_plus:preBuild (Thread[#37733,Execution worker Thread 12,5,main]) started.
[        ] :connectivity_plus:preBuild (Thread[#37739,Execution worker Thread 18,5,main]) started.
[        ] > Task :connectivity_plus:preBuild UP-TO-DATE
[        ] Skipping task ':connectivity_plus:preBuild' as it has no actions.
[        ] Resolve mutations for :connectivity_plus:preDebugBuild (Thread[#37739,Execution worker Thread 18,5,main]) started.
[        ] :connectivity_plus:preDebugBuild (Thread[#37739,Execution worker Thread 18,5,main]) started.
[        ] > Task :connectivity_plus:preDebugBuild UP-TO-DATE
[        ] Skipping task ':connectivity_plus:preDebugBuild' as it has no actions.
[        ] Resolve mutations for :connectivity_plus:writeDebugAarMetadata (Thread[#37739,Execution worker Thread 18,5,main]) started.
[        ] :connectivity_plus:writeDebugAarMetadata (Thread[#37739,Execution worker Thread 18,5,main]) started.
[        ] > Task :connectivity_plus:writeDebugAarMetadata UP-TO-DATE
[        ] Caching disabled for task ':connectivity_plus:writeDebugAarMetadata' because:
[        ]   Build cache is disabled
[        ]   Caching has been disabled for the task
[        ] Skipping task ':connectivity_plus:writeDebugAarMetadata' as it is up-to-date.
[        ] work action resolve aar-metadata.properties (project :connectivity_plus) (Thread[#37739,Execution worker Thread 18,5,main]) started.
[        ] Resolve mutations for :emoji_picker_flutter:preBuild (Thread[#37739,Execution worker Thread 18,5,main]) started.
[        ] :emoji_picker_flutter:preBuild (Thread[#37739,Execution worker Thread 18,5,main]) started.
[        ] > Task :emoji_picker_flutter:preBuild UP-TO-DATE
[        ] Skipping task ':emoji_picker_flutter:preBuild' as it has no actions.
[        ] Resolve mutations for :emoji_picker_flutter:preDebugBuild (Thread[#37739,Execution worker Thread 18,5,main]) started.
[        ] :emoji_picker_flutter:preDebugBuild (Thread[#37739,Execution worker Thread 18,5,main]) started.
[        ] > Task :emoji_picker_flutter:preDebugBuild UP-TO-DATE
[        ] Skipping task ':emoji_picker_flutter:preDebugBuild' as it has no actions.
[        ] Resolve mutations for :emoji_picker_flutter:writeDebugAarMetadata (Thread[#37739,Execution worker Thread 18,5,main]) started.
[        ] :emoji_picker_flutter:writeDebugAarMetadata (Thread[#37739,Execution worker Thread 18,5,main]) started.
[        ] > Task :emoji_picker_flutter:writeDebugAarMetadata UP-TO-DATE
[        ] Caching disabled for task ':emoji_picker_flutter:writeDebugAarMetadata' because:
[        ]   Build cache is disabled
[        ]   Caching has been disabled for the task
[        ] Skipping task ':emoji_picker_flutter:writeDebugAarMetadata' as it is up-to-date.
[        ] work action resolve aar-metadata.properties (project :emoji_picker_flutter) (Thread[#37739,Execution worker Thread 18,5,main]) started.
[        ] Resolve mutations for :file_selector_android:preBuild (Thread[#37739,Execution worker Thread 18,5,main]) started.
[        ] :file_selector_android:preBuild (Thread[#37739,Execution worker Thread 18,5,main]) started.
[        ] > Task :file_selector_android:preBuild UP-TO-DATE
[        ] Skipping task ':file_selector_android:preBuild' as it has no actions.
[        ] Resolve mutations for :file_selector_android:preDebugBuild (Thread[#37739,Execution worker Thread 18,5,main]) started.
[        ] :file_selector_android:preDebugBuild (Thread[#37739,Execution worker Thread 18,5,main]) started.
[        ] > Task :file_selector_android:preDebugBuild UP-TO-DATE
[        ] Skipping task ':file_selector_android:preDebugBuild' as it has no actions.
[        ] Resolve mutations for :file_selector_android:writeDebugAarMetadata (Thread[#37739,Execution worker Thread 18,5,main]) started.
[        ] :file_selector_android:writeDebugAarMetadata (Thread[#37739,Execution worker Thread 18,5,main]) started.
[        ] > Task :file_selector_android:writeDebugAarMetadata UP-TO-DATE
[        ] Caching disabled for task ':file_selector_android:writeDebugAarMetadata' because:
[        ]   Build cache is disabled
[        ]   Caching has been disabled for the task
[        ] Skipping task ':file_selector_android:writeDebugAarMetadata' as it is up-to-date.
[        ] work action resolve aar-metadata.properties (project :file_selector_android) (Thread[#37739,Execution worker Thread 18,5,main]) started.
[        ] Resolve mutations for :flutter_keyboard_visibility_temp_fork:preBuild (Thread[#37739,Execution worker Thread 18,5,main]) started.
[        ] :flutter_keyboard_visibility_temp_fork:preBuild (Thread[#37739,Execution worker Thread 18,5,main]) started.
[        ] > Task :flutter_keyboard_visibility_temp_fork:preBuild UP-TO-DATE
[        ] Skipping task ':flutter_keyboard_visibility_temp_fork:preBuild' as it has no actions.
[        ] Resolve mutations for :flutter_keyboard_visibility_temp_fork:preDebugBuild (Thread[#37739,Execution worker Thread 18,5,main]) started.
[        ] :flutter_keyboard_visibility_temp_fork:preDebugBuild (Thread[#37739,Execution worker Thread 18,5,main]) started.
[        ] > Task :flutter_keyboard_visibility_temp_fork:preDebugBuild UP-TO-DATE
[        ] Skipping task ':flutter_keyboard_visibility_temp_fork:preDebugBuild' as it has no actions.
[        ] Resolve mutations for :flutter_keyboard_visibility_temp_fork:writeDebugAarMetadata (Thread[#37739,Execution worker Thread 18,5,main]) started.
[        ] :flutter_keyboard_visibility_temp_fork:writeDebugAarMetadata (Thread[#37739,Execution worker Thread 18,5,main]) started.
[        ] > Task :flutter_keyboard_visibility_temp_fork:writeDebugAarMetadata UP-TO-DATE
[        ] Caching disabled for task ':flutter_keyboard_visibility_temp_fork:writeDebugAarMetadata' because:
[        ]   Build cache is disabled
[        ]   Caching has been disabled for the task
[        ] Skipping task ':flutter_keyboard_visibility_temp_fork:writeDebugAarMetadata' as it is up-to-date.
[        ] work action resolve aar-metadata.properties (project :flutter_keyboard_visibility_temp_fork) (Thread[#37739,Execution worker Thread 18,5,main]) started.
[        ] Resolve mutations for :flutter_native_splash:preBuild (Thread[#37739,Execution worker Thread 18,5,main]) started.
[        ] :flutter_native_splash:preBuild (Thread[#37739,Execution worker Thread 18,5,main]) started.
[        ] > Task :flutter_native_splash:preBuild UP-TO-DATE
[        ] Skipping task ':flutter_native_splash:preBuild' as it has no actions.
[        ] Resolve mutations for :flutter_native_splash:preDebugBuild (Thread[#37739,Execution worker Thread 18,5,main]) started.
[        ] :flutter_native_splash:preDebugBuild (Thread[#37739,Execution worker Thread 18,5,main]) started.
[        ] > Task :flutter_native_splash:preDebugBuild UP-TO-DATE
[        ] Skipping task ':flutter_native_splash:preDebugBuild' as it has no actions.
[        ] Resolve mutations for :flutter_native_splash:writeDebugAarMetadata (Thread[#37739,Execution worker Thread 18,5,main]) started.
[        ] :flutter_native_splash:writeDebugAarMetadata (Thread[#37739,Execution worker Thread 18,5,main]) started.
[        ] > Task :flutter_native_splash:writeDebugAarMetadata UP-TO-DATE
[        ] Caching disabled for task ':flutter_native_splash:writeDebugAarMetadata' because:
[        ]   Build cache is disabled
[        ]   Caching has been disabled for the task
[        ] Skipping task ':flutter_native_splash:writeDebugAarMetadata' as it is up-to-date.
[        ] work action resolve aar-metadata.properties (project :flutter_native_splash) (Thread[#37739,Execution worker Thread 18,5,main]) started.
[        ] Resolve mutations for :flutter_olm:preBuild (Thread[#37739,Execution worker Thread 18,5,main]) started.
[        ] :flutter_olm:preBuild (Thread[#37739,Execution worker Thread 18,5,main]) started.
[        ] > Task :flutter_olm:preBuild UP-TO-DATE
[        ] Skipping task ':flutter_olm:preBuild' as it has no actions.
[        ] Resolve mutations for :flutter_olm:preDebugBuild (Thread[#37739,Execution worker Thread 18,5,main]) started.
[        ] :flutter_olm:preDebugBuild (Thread[#37739,Execution worker Thread 18,5,main]) started.
[        ] > Task :flutter_olm:preDebugBuild UP-TO-DATE
[        ] Skipping task ':flutter_olm:preDebugBuild' as it has no actions.
[        ] Resolve mutations for :flutter_olm:writeDebugAarMetadata (Thread[#37739,Execution worker Thread 18,5,main]) started.
[        ] :flutter_olm:writeDebugAarMetadata (Thread[#37739,Execution worker Thread 18,5,main]) started.
[        ] > Task :flutter_olm:writeDebugAarMetadata UP-TO-DATE
[        ] Caching disabled for task ':flutter_olm:writeDebugAarMetadata' because:
[        ]   Build cache is disabled
[        ]   Caching has been disabled for the task
[        ] Skipping task ':flutter_olm:writeDebugAarMetadata' as it is up-to-date.
[        ] work action resolve aar-metadata.properties (project :flutter_olm) (Thread[#37739,Execution worker Thread 18,5,main]) started.
[        ] Resolve mutations for :flutter_openssl_crypto:preBuild (Thread[#37739,Execution worker Thread 18,5,main]) started.
[        ] :flutter_openssl_crypto:preBuild (Thread[#37739,Execution worker Thread 18,5,main]) started.
[        ] > Task :flutter_openssl_crypto:preBuild UP-TO-DATE
[        ] Skipping task ':flutter_openssl_crypto:preBuild' as it has no actions.
[        ] Resolve mutations for :flutter_openssl_crypto:preDebugBuild (Thread[#37739,Execution worker Thread 18,5,main]) started.
[        ] :flutter_openssl_crypto:preDebugBuild (Thread[#37739,Execution worker Thread 18,5,main]) started.
[        ] > Task :flutter_openssl_crypto:preDebugBuild UP-TO-DATE
[        ] Skipping task ':flutter_openssl_crypto:preDebugBuild' as it has no actions.
[        ] Resolve mutations for :flutter_openssl_crypto:writeDebugAarMetadata (Thread[#37739,Execution worker Thread 18,5,main]) started.
[        ] :flutter_openssl_crypto:writeDebugAarMetadata (Thread[#37739,Execution worker Thread 18,5,main]) started.
[        ] > Task :flutter_openssl_crypto:writeDebugAarMetadata UP-TO-DATE
[        ] Caching disabled for task ':flutter_openssl_crypto:writeDebugAarMetadata' because:
[        ]   Build cache is disabled
[        ]   Caching has been disabled for the task
[        ] Skipping task ':flutter_openssl_crypto:writeDebugAarMetadata' as it is up-to-date.
[        ] work action resolve aar-metadata.properties (project :flutter_openssl_crypto) (Thread[#37739,Execution worker Thread 18,5,main]) started.
[        ] Resolve mutations for :integration_test:preBuild (Thread[#37739,Execution worker Thread 18,5,main]) started.
[        ] :integration_test:preBuild (Thread[#37739,Execution worker Thread 18,5,main]) started.
[        ] > Task :integration_test:preBuild UP-TO-DATE
[        ] Skipping task ':integration_test:preBuild' as it has no actions.
[        ] Resolve mutations for :integration_test:preDebugBuild (Thread[#37739,Execution worker Thread 18,5,main]) started.
[        ] :integration_test:preDebugBuild (Thread[#37739,Execution worker Thread 18,5,main]) started.
[        ] > Task :integration_test:preDebugBuild UP-TO-DATE
[        ] Skipping task ':integration_test:preDebugBuild' as it has no actions.
[        ] Resolve mutations for :integration_test:writeDebugAarMetadata (Thread[#37739,Execution worker Thread 18,5,main]) started.
[        ] :integration_test:writeDebugAarMetadata (Thread[#37739,Execution worker Thread 18,5,main]) started.
[        ] > Task :integration_test:writeDebugAarMetadata UP-TO-DATE
[        ] Caching disabled for task ':integration_test:writeDebugAarMetadata' because:
[        ]   Build cache is disabled
[        ]   Caching has been disabled for the task
[        ] Skipping task ':integration_test:writeDebugAarMetadata' as it is up-to-date.
[        ] work action resolve aar-metadata.properties (project :integration_test) (Thread[#37739,Execution worker Thread 18,5,main]) started.
[        ] Resolve mutations for :path_provider_android:preBuild (Thread[#37739,Execution worker Thread 18,5,main]) started.
[        ] :path_provider_android:preBuild (Thread[#37739,Execution worker Thread 18,5,main]) started.
[        ] > Task :path_provider_android:preBuild UP-TO-DATE
[        ] Skipping task ':path_provider_android:preBuild' as it has no actions.
[        ] Resolve mutations for :path_provider_android:preDebugBuild (Thread[#37739,Execution worker Thread 18,5,main]) started.
[        ] :path_provider_android:preDebugBuild (Thread[#37739,Execution worker Thread 18,5,main]) started.
[        ] > Task :path_provider_android:preDebugBuild UP-TO-DATE
[        ] Skipping task ':path_provider_android:preDebugBuild' as it has no actions.
[        ] Resolve mutations for :path_provider_android:writeDebugAarMetadata (Thread[#37739,Execution worker Thread 18,5,main]) started.
[        ] :path_provider_android:writeDebugAarMetadata (Thread[#37739,Execution worker Thread 18,5,main]) started.
[        ] > Task :path_provider_android:writeDebugAarMetadata UP-TO-DATE
[        ] Caching disabled for task ':path_provider_android:writeDebugAarMetadata' because:
[        ]   Build cache is disabled
[        ]   Caching has been disabled for the task
[        ] Skipping task ':path_provider_android:writeDebugAarMetadata' as it is up-to-date.
[        ] work action resolve aar-metadata.properties (project :path_provider_android) (Thread[#37739,Execution worker Thread 18,5,main]) started.
[        ] Resolve mutations for :quill_native_bridge_android:preBuild (Thread[#37739,Execution worker Thread 18,5,main]) started.
[        ] :quill_native_bridge_android:preBuild (Thread[#37739,Execution worker Thread 18,5,main]) started.
[        ] > Task :quill_native_bridge_android:preBuild UP-TO-DATE
[        ] Skipping task ':quill_native_bridge_android:preBuild' as it has no actions.
[        ] Resolve mutations for :quill_native_bridge_android:preDebugBuild (Thread[#37739,Execution worker Thread 18,5,main]) started.
[        ] :quill_native_bridge_android:preDebugBuild (Thread[#37739,Execution worker Thread 18,5,main]) started.
[        ] > Task :quill_native_bridge_android:preDebugBuild UP-TO-DATE
[        ] Skipping task ':quill_native_bridge_android:preDebugBuild' as it has no actions.
[        ] Resolve mutations for :quill_native_bridge_android:writeDebugAarMetadata (Thread[#37739,Execution worker Thread 18,5,main]) started.
[        ] :quill_native_bridge_android:writeDebugAarMetadata (Thread[#37739,Execution worker Thread 18,5,main]) started.
[        ] > Task :quill_native_bridge_android:writeDebugAarMetadata UP-TO-DATE
[        ] Caching disabled for task ':quill_native_bridge_android:writeDebugAarMetadata' because:
[        ]   Build cache is disabled
[        ]   Caching has been disabled for the task
[        ] Skipping task ':quill_native_bridge_android:writeDebugAarMetadata' as it is up-to-date.
[        ] work action resolve aar-metadata.properties (project :quill_native_bridge_android) (Thread[#37739,Execution worker Thread 18,5,main]) started.
[        ] Resolve mutations for :shared_preferences_android:preBuild (Thread[#37739,Execution worker Thread 18,5,main]) started.
[        ] :shared_preferences_android:preBuild (Thread[#37739,Execution worker Thread 18,5,main]) started.
[        ] > Task :shared_preferences_android:preBuild UP-TO-DATE
[        ] Skipping task ':shared_preferences_android:preBuild' as it has no actions.
[        ] Resolve mutations for :shared_preferences_android:preDebugBuild (Thread[#37739,Execution worker Thread 18,5,main]) started.
[        ] :shared_preferences_android:preDebugBuild (Thread[#37739,Execution worker Thread 18,5,main]) started.
[        ] > Task :shared_preferences_android:preDebugBuild UP-TO-DATE
[        ] Skipping task ':shared_preferences_android:preDebugBuild' as it has no actions.
[        ] Resolve mutations for :shared_preferences_android:writeDebugAarMetadata (Thread[#37739,Execution worker Thread 18,5,main]) started.
[        ] :shared_preferences_android:writeDebugAarMetadata (Thread[#37739,Execution worker Thread 18,5,main]) started.
[        ] > Task :shared_preferences_android:writeDebugAarMetadata UP-TO-DATE
[        ] Caching disabled for task ':shared_preferences_android:writeDebugAarMetadata' because:
[        ]   Build cache is disabled
[        ]   Caching has been disabled for the task
[        ] Skipping task ':shared_preferences_android:writeDebugAarMetadata' as it is up-to-date.
[        ] work action resolve aar-metadata.properties (project :shared_preferences_android) (Thread[#37739,Execution worker Thread 18,5,main]) started.
[        ] Resolve mutations for :sqflite_android:preBuild (Thread[#37739,Execution worker Thread 18,5,main]) started.
[        ] :sqflite_android:preBuild (Thread[#37739,Execution worker Thread 18,5,main]) started.
[        ] > Task :sqflite_android:preBuild UP-TO-DATE
[        ] Skipping task ':sqflite_android:preBuild' as it has no actions.
[        ] Resolve mutations for :sqflite_android:preDebugBuild (Thread[#37739,Execution worker Thread 18,5,main]) started.
[        ] :sqflite_android:preDebugBuild (Thread[#37739,Execution worker Thread 18,5,main]) started.
[        ] > Task :sqflite_android:preDebugBuild UP-TO-DATE
[        ] Skipping task ':sqflite_android:preDebugBuild' as it has no actions.
[        ] Resolve mutations for :sqflite_android:writeDebugAarMetadata (Thread[#37739,Execution worker Thread 18,5,main]) started.
[        ] :sqflite_android:writeDebugAarMetadata (Thread[#37739,Execution worker Thread 18,5,main]) started.
[        ] > Task :sqflite_android:writeDebugAarMetadata UP-TO-DATE
[        ] Caching disabled for task ':sqflite_android:writeDebugAarMetadata' because:
[        ]   Build cache is disabled
[        ]   Caching has been disabled for the task
[        ] Skipping task ':sqflite_android:writeDebugAarMetadata' as it is up-to-date.
[        ] work action resolve aar-metadata.properties (project :sqflite_android) (Thread[#37739,Execution worker Thread 18,5,main]) started.
[        ] Resolve mutations for :url_launcher_android:preBuild (Thread[#37739,Execution worker Thread 18,5,main]) started.
[        ] :url_launcher_android:preBuild (Thread[#37739,Execution worker Thread 18,5,main]) started.
[        ] > Task :url_launcher_android:preBuild UP-TO-DATE
[        ] Skipping task ':url_launcher_android:preBuild' as it has no actions.
[        ] Resolve mutations for :url_launcher_android:preDebugBuild (Thread[#37739,Execution worker Thread 18,5,main]) started.
[        ] :url_launcher_android:preDebugBuild (Thread[#37739,Execution worker Thread 18,5,main]) started.
[        ] > Task :url_launcher_android:preDebugBuild UP-TO-DATE
[        ] Skipping task ':url_launcher_android:preDebugBuild' as it has no actions.
[        ] Resolve mutations for :url_launcher_android:writeDebugAarMetadata (Thread[#37739,Execution worker Thread 18,5,main]) started.
[        ] :url_launcher_android:writeDebugAarMetadata (Thread[#37739,Execution worker Thread 18,5,main]) started.
[        ] > Task :url_launcher_android:writeDebugAarMetadata UP-TO-DATE
[        ] Caching disabled for task ':url_launcher_android:writeDebugAarMetadata' because:
[        ]   Build cache is disabled
[        ]   Caching has been disabled for the task
[        ] Skipping task ':url_launcher_android:writeDebugAarMetadata' as it is up-to-date.
[        ] work action resolve aar-metadata.properties (project :url_launcher_android) (Thread[#37739,Execution worker Thread 18,5,main]) started.
[        ] Resolve mutations for :video_player_android:preBuild (Thread[#37739,Execution worker Thread 18,5,main]) started.
[        ] :video_player_android:preBuild (Thread[#37739,Execution worker Thread 18,5,main]) started.
[        ] > Task :video_player_android:preBuild UP-TO-DATE
[        ] Skipping task ':video_player_android:preBuild' as it has no actions.
[        ] Resolve mutations for :video_player_android:preDebugBuild (Thread[#37739,Execution worker Thread 18,5,main]) started.
[        ] :video_player_android:preDebugBuild (Thread[#37739,Execution worker Thread 18,5,main]) started.
[        ] > Task :video_player_android:preDebugBuild UP-TO-DATE
[        ] Skipping task ':video_player_android:preDebugBuild' as it has no actions.
[        ] Resolve mutations for :video_player_android:writeDebugAarMetadata (Thread[#37739,Execution worker Thread 18,5,main]) started.
[        ] :video_player_android:writeDebugAarMetadata (Thread[#37739,Execution worker Thread 18,5,main]) started.
[        ] > Task :video_player_android:writeDebugAarMetadata UP-TO-DATE
[        ] Caching disabled for task ':video_player_android:writeDebugAarMetadata' because:
[        ]   Build cache is disabled
[        ]   Caching has been disabled for the task
[        ] Skipping task ':video_player_android:writeDebugAarMetadata' as it is up-to-date.
[        ] work action resolve aar-metadata.properties (project :video_player_android) (Thread[#37739,Execution worker Thread 18,5,main]) started.
[        ] Resolve mutations for :app:checkDebugAarMetadata (Thread[#37739,Execution worker Thread 18,5,main]) started.
[        ] :app:checkDebugAarMetadata (Thread[#37739,Execution worker Thread 18,5,main]) started.
02:17 +0 -6: loading /Users/florian/Code/substitution/integration_test/offline_test.dart                                                                                                               [  +99 ms] > Task :app:checkDebugAarMetadata UP-TO-DATE
[        ] Caching disabled for task ':app:checkDebugAarMetadata' because:
[        ]   Build cache is disabled
[        ]   Caching has been disabled for the task
[        ] Skipping task ':app:checkDebugAarMetadata' as it is up-to-date.
[        ] Resolve mutations for :app:cleanMergeDebugAssets (Thread[#37739,Execution worker Thread 18,5,main]) started.
[        ] :app:cleanMergeDebugAssets (Thread[#37739,Execution worker Thread 18,5,main]) started.
[        ] > Task :app:cleanMergeDebugAssets
[        ] Caching disabled for task ':app:cleanMergeDebugAssets' because:
[        ]   Build cache is disabled
[        ] Task ':app:cleanMergeDebugAssets' is not up-to-date because:
[        ]   Task has not declared any outputs despite executing actions.
[        ] Resolve mutations for :app:mergeDebugShaders (Thread[#37739,Execution worker Thread 18,5,main]) started.
[        ] :app:mergeDebugShaders (Thread[#37751,Execution worker Thread 30,5,main]) started.
[        ] > Task :app:mergeDebugShaders UP-TO-DATE
[        ] Caching disabled for task ':app:mergeDebugShaders' because:
[        ]   Build cache is disabled
[        ]   Simple merging task
[        ] Skipping task ':app:mergeDebugShaders' as it is up-to-date.
[        ] Resolve mutations for :app:compileDebugShaders (Thread[#37751,Execution worker Thread 30,5,main]) started.
[        ] :app:compileDebugShaders (Thread[#37751,Execution worker Thread 30,5,main]) started.
[        ] > Task :app:compileDebugShaders NO-SOURCE
[        ] Skipping task ':app:compileDebugShaders' as it has no source files and no previous output files.
[        ] Resolve mutations for :app:generateDebugAssets (Thread[#37751,Execution worker Thread 30,5,main]) started.
[        ] :app:generateDebugAssets (Thread[#37739,Execution worker Thread 18,5,main]) started.
[        ] > Task :app:generateDebugAssets UP-TO-DATE
[        ] Skipping task ':app:generateDebugAssets' as it has no actions.
[        ] Resolve mutations for :connectivity_plus:mergeDebugShaders (Thread[#37739,Execution worker Thread 18,5,main]) started.
[        ] :connectivity_plus:mergeDebugShaders (Thread[#37739,Execution worker Thread 18,5,main]) started.
[        ] > Task :connectivity_plus:mergeDebugShaders UP-TO-DATE
[        ] Caching disabled for task ':connectivity_plus:mergeDebugShaders' because:
[        ]   Build cache is disabled
[        ]   Simple merging task
[        ] Skipping task ':connectivity_plus:mergeDebugShaders' as it is up-to-date.
[        ] Resolve mutations for :connectivity_plus:compileDebugShaders (Thread[#37739,Execution worker Thread 18,5,main]) started.
[        ] :connectivity_plus:compileDebugShaders (Thread[#37739,Execution worker Thread 18,5,main]) started.
[        ] > Task :connectivity_plus:compileDebugShaders NO-SOURCE
[        ] Skipping task ':connectivity_plus:compileDebugShaders' as it has no source files and no previous output files.
[        ] Resolve mutations for :connectivity_plus:generateDebugAssets (Thread[#37748,Execution worker Thread 27,5,main]) started.
[        ] :connectivity_plus:generateDebugAssets (Thread[#37748,Execution worker Thread 27,5,main]) started.
[        ] > Task :connectivity_plus:generateDebugAssets UP-TO-DATE
[        ] Skipping task ':connectivity_plus:generateDebugAssets' as it has no actions.
[        ] Resolve mutations for :connectivity_plus:mergeDebugAssets (Thread[#37748,Execution worker Thread 27,5,main]) started.
[        ] :connectivity_plus:mergeDebugAssets (Thread[#37748,Execution worker Thread 27,5,main]) started.
[        ] > Task :connectivity_plus:mergeDebugAssets UP-TO-DATE
[        ] Caching disabled for task ':connectivity_plus:mergeDebugAssets' because:
[        ]   Build cache is disabled
[        ]   Simple merging task
[        ] Skipping task ':connectivity_plus:mergeDebugAssets' as it is up-to-date.
[        ] work action resolve mergeDebugAssets (project :connectivity_plus) (Thread[#37748,Execution worker Thread 27,5,main]) started.
[        ] Resolve mutations for :emoji_picker_flutter:mergeDebugShaders (Thread[#37748,Execution worker Thread 27,5,main]) started.
[        ] :emoji_picker_flutter:mergeDebugShaders (Thread[#37748,Execution worker Thread 27,5,main]) started.
[        ] > Task :emoji_picker_flutter:mergeDebugShaders UP-TO-DATE
[        ] Caching disabled for task ':emoji_picker_flutter:mergeDebugShaders' because:
[        ]   Build cache is disabled
[        ]   Simple merging task
[        ] Skipping task ':emoji_picker_flutter:mergeDebugShaders' as it is up-to-date.
[        ] Resolve mutations for :emoji_picker_flutter:compileDebugShaders (Thread[#37748,Execution worker Thread 27,5,main]) started.
[        ] :emoji_picker_flutter:compileDebugShaders (Thread[#37748,Execution worker Thread 27,5,main]) started.
[        ] > Task :emoji_picker_flutter:compileDebugShaders NO-SOURCE
[        ] Skipping task ':emoji_picker_flutter:compileDebugShaders' as it has no source files and no previous output files.
[        ] Resolve mutations for :emoji_picker_flutter:generateDebugAssets (Thread[#37748,Execution worker Thread 27,5,main]) started.
[        ] :emoji_picker_flutter:generateDebugAssets (Thread[#37748,Execution worker Thread 27,5,main]) started.
[        ] > Task :emoji_picker_flutter:generateDebugAssets UP-TO-DATE
[        ] Skipping task ':emoji_picker_flutter:generateDebugAssets' as it has no actions.
[        ] Resolve mutations for :emoji_picker_flutter:mergeDebugAssets (Thread[#37748,Execution worker Thread 27,5,main]) started.
[        ] :emoji_picker_flutter:mergeDebugAssets (Thread[#37748,Execution worker Thread 27,5,main]) started.
[        ] > Task :emoji_picker_flutter:mergeDebugAssets UP-TO-DATE
[        ] Caching disabled for task ':emoji_picker_flutter:mergeDebugAssets' because:
[        ]   Build cache is disabled
[        ]   Simple merging task
[        ] Skipping task ':emoji_picker_flutter:mergeDebugAssets' as it is up-to-date.
[        ] work action resolve mergeDebugAssets (project :emoji_picker_flutter) (Thread[#37748,Execution worker Thread 27,5,main]) started.
[        ] Resolve mutations for :file_selector_android:mergeDebugShaders (Thread[#37748,Execution worker Thread 27,5,main]) started.
[        ] :file_selector_android:mergeDebugShaders (Thread[#37748,Execution worker Thread 27,5,main]) started.
[        ] > Task :file_selector_android:mergeDebugShaders UP-TO-DATE
[        ] Caching disabled for task ':file_selector_android:mergeDebugShaders' because:
[        ]   Build cache is disabled
[        ]   Simple merging task
[        ] Skipping task ':file_selector_android:mergeDebugShaders' as it is up-to-date.
[        ] Resolve mutations for :file_selector_android:compileDebugShaders (Thread[#37748,Execution worker Thread 27,5,main]) started.
[        ] :file_selector_android:compileDebugShaders (Thread[#37748,Execution worker Thread 27,5,main]) started.
[        ] > Task :file_selector_android:compileDebugShaders NO-SOURCE
[        ] Skipping task ':file_selector_android:compileDebugShaders' as it has no source files and no previous output files.
[        ] Resolve mutations for :file_selector_android:generateDebugAssets (Thread[#37748,Execution worker Thread 27,5,main]) started.
[        ] :file_selector_android:generateDebugAssets (Thread[#37748,Execution worker Thread 27,5,main]) started.
[        ] > Task :file_selector_android:generateDebugAssets UP-TO-DATE
[        ] Skipping task ':file_selector_android:generateDebugAssets' as it has no actions.
[        ] Resolve mutations for :file_selector_android:mergeDebugAssets (Thread[#37748,Execution worker Thread 27,5,main]) started.
[        ] :file_selector_android:mergeDebugAssets (Thread[#37748,Execution worker Thread 27,5,main]) started.
[        ] > Task :file_selector_android:mergeDebugAssets UP-TO-DATE
[        ] Caching disabled for task ':file_selector_android:mergeDebugAssets' because:
[        ]   Build cache is disabled
[        ]   Simple merging task
[        ] Skipping task ':file_selector_android:mergeDebugAssets' as it is up-to-date.
[        ] work action resolve mergeDebugAssets (project :file_selector_android) (Thread[#37748,Execution worker Thread 27,5,main]) started.
[        ] Resolve mutations for :flutter_keyboard_visibility_temp_fork:mergeDebugShaders (Thread[#37748,Execution worker Thread 27,5,main]) started.
[        ] :flutter_keyboard_visibility_temp_fork:mergeDebugShaders (Thread[#37748,Execution worker Thread 27,5,main]) started.
[        ] > Task :flutter_keyboard_visibility_temp_fork:mergeDebugShaders UP-TO-DATE
[        ] Caching disabled for task ':flutter_keyboard_visibility_temp_fork:mergeDebugShaders' because:
[        ]   Build cache is disabled
[        ]   Simple merging task
[        ] Skipping task ':flutter_keyboard_visibility_temp_fork:mergeDebugShaders' as it is up-to-date.
[        ] Resolve mutations for :flutter_keyboard_visibility_temp_fork:compileDebugShaders (Thread[#37748,Execution worker Thread 27,5,main]) started.
[        ] :flutter_keyboard_visibility_temp_fork:compileDebugShaders (Thread[#37748,Execution worker Thread 27,5,main]) started.
[        ] > Task :flutter_keyboard_visibility_temp_fork:compileDebugShaders NO-SOURCE
[        ] Skipping task ':flutter_keyboard_visibility_temp_fork:compileDebugShaders' as it has no source files and no previous output files.
[        ] Resolve mutations for :flutter_keyboard_visibility_temp_fork:generateDebugAssets (Thread[#37748,Execution worker Thread 27,5,main]) started.
[        ] :flutter_keyboard_visibility_temp_fork:generateDebugAssets (Thread[#37748,Execution worker Thread 27,5,main]) started.
[        ] > Task :flutter_keyboard_visibility_temp_fork:generateDebugAssets UP-TO-DATE
[        ] Skipping task ':flutter_keyboard_visibility_temp_fork:generateDebugAssets' as it has no actions.
[        ] Resolve mutations for :flutter_keyboard_visibility_temp_fork:mergeDebugAssets (Thread[#37748,Execution worker Thread 27,5,main]) started.
[        ] :flutter_keyboard_visibility_temp_fork:mergeDebugAssets (Thread[#37748,Execution worker Thread 27,5,main]) started.
[        ] > Task :flutter_keyboard_visibility_temp_fork:mergeDebugAssets UP-TO-DATE
[        ] Caching disabled for task ':flutter_keyboard_visibility_temp_fork:mergeDebugAssets' because:
[        ]   Build cache is disabled
[        ]   Simple merging task
[        ] Skipping task ':flutter_keyboard_visibility_temp_fork:mergeDebugAssets' as it is up-to-date.
[        ] work action resolve mergeDebugAssets (project :flutter_keyboard_visibility_temp_fork) (Thread[#37748,Execution worker Thread 27,5,main]) started.
[        ] Resolve mutations for :flutter_native_splash:mergeDebugShaders (Thread[#37748,Execution worker Thread 27,5,main]) started.
[        ] :flutter_native_splash:mergeDebugShaders (Thread[#37745,Execution worker Thread 24,5,main]) started.
[        ] > Task :flutter_native_splash:mergeDebugShaders UP-TO-DATE
[        ] Caching disabled for task ':flutter_native_splash:mergeDebugShaders' because:
[        ]   Build cache is disabled
[        ]   Simple merging task
[        ] Skipping task ':flutter_native_splash:mergeDebugShaders' as it is up-to-date.
[        ] Resolve mutations for :flutter_native_splash:compileDebugShaders (Thread[#37745,Execution worker Thread 24,5,main]) started.
[        ] :flutter_native_splash:compileDebugShaders (Thread[#37745,Execution worker Thread 24,5,main]) started.
[        ] > Task :flutter_native_splash:compileDebugShaders NO-SOURCE
[        ] Skipping task ':flutter_native_splash:compileDebugShaders' as it has no source files and no previous output files.
[        ] Resolve mutations for :flutter_native_splash:generateDebugAssets (Thread[#37723,Execution worker Thread 3,5,main]) started.
[        ] :flutter_native_splash:generateDebugAssets (Thread[#37723,Execution worker Thread 3,5,main]) started.
[        ] > Task :flutter_native_splash:generateDebugAssets UP-TO-DATE
[        ] Skipping task ':flutter_native_splash:generateDebugAssets' as it has no actions.
[        ] Resolve mutations for :flutter_native_splash:mergeDebugAssets (Thread[#37723,Execution worker Thread 3,5,main]) started.
[        ] :flutter_native_splash:mergeDebugAssets (Thread[#37723,Execution worker Thread 3,5,main]) started.
[        ] > Task :flutter_native_splash:mergeDebugAssets UP-TO-DATE
[        ] Caching disabled for task ':flutter_native_splash:mergeDebugAssets' because:
[        ]   Build cache is disabled
[        ]   Simple merging task
[        ] Skipping task ':flutter_native_splash:mergeDebugAssets' as it is up-to-date.
[        ] work action resolve mergeDebugAssets (project :flutter_native_splash) (Thread[#37723,Execution worker Thread 3,5,main]) started.
[        ] Resolve mutations for :flutter_olm:mergeDebugShaders (Thread[#37723,Execution worker Thread 3,5,main]) started.
[        ] :flutter_olm:mergeDebugShaders (Thread[#37723,Execution worker Thread 3,5,main]) started.
[        ] > Task :flutter_olm:mergeDebugShaders UP-TO-DATE
[        ] Caching disabled for task ':flutter_olm:mergeDebugShaders' because:
[        ]   Build cache is disabled
[        ]   Simple merging task
[        ] Skipping task ':flutter_olm:mergeDebugShaders' as it is up-to-date.
[        ] Resolve mutations for :flutter_olm:compileDebugShaders (Thread[#37723,Execution worker Thread 3,5,main]) started.
[        ] :flutter_olm:compileDebugShaders (Thread[#37723,Execution worker Thread 3,5,main]) started.
[        ] > Task :flutter_olm:compileDebugShaders NO-SOURCE
[        ] Skipping task ':flutter_olm:compileDebugShaders' as it has no source files and no previous output files.
[        ] Resolve mutations for :flutter_olm:generateDebugAssets (Thread[#37723,Execution worker Thread 3,5,main]) started.
[        ] :flutter_olm:generateDebugAssets (Thread[#37723,Execution worker Thread 3,5,main]) started.
[        ] > Task :flutter_olm:generateDebugAssets UP-TO-DATE
[        ] Skipping task ':flutter_olm:generateDebugAssets' as it has no actions.
[        ] Resolve mutations for :flutter_olm:mergeDebugAssets (Thread[#37723,Execution worker Thread 3,5,main]) started.
[        ] :flutter_olm:mergeDebugAssets (Thread[#37723,Execution worker Thread 3,5,main]) started.
[        ] > Task :flutter_olm:mergeDebugAssets UP-TO-DATE
[        ] Caching disabled for task ':flutter_olm:mergeDebugAssets' because:
[        ]   Build cache is disabled
[        ]   Simple merging task
[        ] Skipping task ':flutter_olm:mergeDebugAssets' as it is up-to-date.
[        ] work action resolve mergeDebugAssets (project :flutter_olm) (Thread[#37723,Execution worker Thread 3,5,main]) started.
[        ] Resolve mutations for :flutter_openssl_crypto:mergeDebugShaders (Thread[#37723,Execution worker Thread 3,5,main]) started.
[        ] :flutter_openssl_crypto:mergeDebugShaders (Thread[#37723,Execution worker Thread 3,5,main]) started.
[        ] > Task :flutter_openssl_crypto:mergeDebugShaders UP-TO-DATE
[        ] Caching disabled for task ':flutter_openssl_crypto:mergeDebugShaders' because:
[        ]   Build cache is disabled
[        ]   Simple merging task
[        ] Skipping task ':flutter_openssl_crypto:mergeDebugShaders' as it is up-to-date.
[        ] Resolve mutations for :flutter_openssl_crypto:compileDebugShaders (Thread[#37723,Execution worker Thread 3,5,main]) started.
[        ] :flutter_openssl_crypto:compileDebugShaders (Thread[#37723,Execution worker Thread 3,5,main]) started.
[        ] > Task :flutter_openssl_crypto:compileDebugShaders NO-SOURCE
[        ] Skipping task ':flutter_openssl_crypto:compileDebugShaders' as it has no source files and no previous output files.
[        ] Resolve mutations for :flutter_openssl_crypto:generateDebugAssets (Thread[#37723,Execution worker Thread 3,5,main]) started.
[        ] :flutter_openssl_crypto:generateDebugAssets (Thread[#37723,Execution worker Thread 3,5,main]) started.
[        ] > Task :flutter_openssl_crypto:generateDebugAssets UP-TO-DATE
[        ] Skipping task ':flutter_openssl_crypto:generateDebugAssets' as it has no actions.
[        ] Resolve mutations for :flutter_openssl_crypto:mergeDebugAssets (Thread[#37723,Execution worker Thread 3,5,main]) started.
[        ] :flutter_openssl_crypto:mergeDebugAssets (Thread[#37723,Execution worker Thread 3,5,main]) started.
[        ] > Task :flutter_openssl_crypto:mergeDebugAssets UP-TO-DATE
[        ] Caching disabled for task ':flutter_openssl_crypto:mergeDebugAssets' because:
[        ]   Build cache is disabled
[        ]   Simple merging task
[        ] Skipping task ':flutter_openssl_crypto:mergeDebugAssets' as it is up-to-date.
[        ] work action resolve mergeDebugAssets (project :flutter_openssl_crypto) (Thread[#37723,Execution worker Thread 3,5,main]) started.
[        ] Resolve mutations for :integration_test:mergeDebugShaders (Thread[#37723,Execution worker Thread 3,5,main]) started.
[        ] :integration_test:mergeDebugShaders (Thread[#37723,Execution worker Thread 3,5,main]) started.
[        ] > Task :integration_test:mergeDebugShaders UP-TO-DATE
[        ] Caching disabled for task ':integration_test:mergeDebugShaders' because:
[        ]   Build cache is disabled
[        ]   Simple merging task
[        ] Skipping task ':integration_test:mergeDebugShaders' as it is up-to-date.
[        ] Resolve mutations for :integration_test:compileDebugShaders (Thread[#37723,Execution worker Thread 3,5,main]) started.
[        ] :integration_test:compileDebugShaders (Thread[#37723,Execution worker Thread 3,5,main]) started.
[        ] > Task :integration_test:compileDebugShaders NO-SOURCE
[        ] Skipping task ':integration_test:compileDebugShaders' as it has no source files and no previous output files.
[        ] Resolve mutations for :integration_test:generateDebugAssets (Thread[#37723,Execution worker Thread 3,5,main]) started.
[        ] :integration_test:generateDebugAssets (Thread[#37723,Execution worker Thread 3,5,main]) started.
[        ] > Task :integration_test:generateDebugAssets UP-TO-DATE
[        ] Skipping task ':integration_test:generateDebugAssets' as it has no actions.
[        ] Resolve mutations for :integration_test:mergeDebugAssets (Thread[#37723,Execution worker Thread 3,5,main]) started.
[        ] :integration_test:mergeDebugAssets (Thread[#37723,Execution worker Thread 3,5,main]) started.
[        ] > Task :integration_test:mergeDebugAssets UP-TO-DATE
[        ] Caching disabled for task ':integration_test:mergeDebugAssets' because:
[        ]   Build cache is disabled
[        ]   Simple merging task
[        ] Skipping task ':integration_test:mergeDebugAssets' as it is up-to-date.
[        ] work action resolve mergeDebugAssets (project :integration_test) (Thread[#37723,Execution worker Thread 3,5,main]) started.
[        ] Resolve mutations for :path_provider_android:mergeDebugShaders (Thread[#37723,Execution worker Thread 3,5,main]) started.
[        ] :path_provider_android:mergeDebugShaders (Thread[#37723,Execution worker Thread 3,5,main]) started.
[        ] > Task :path_provider_android:mergeDebugShaders UP-TO-DATE
[        ] Caching disabled for task ':path_provider_android:mergeDebugShaders' because:
[        ]   Build cache is disabled
[        ]   Simple merging task
[        ] Skipping task ':path_provider_android:mergeDebugShaders' as it is up-to-date.
[        ] Resolve mutations for :path_provider_android:compileDebugShaders (Thread[#37723,Execution worker Thread 3,5,main]) started.
[        ] :path_provider_android:compileDebugShaders (Thread[#37723,Execution worker Thread 3,5,main]) started.
[        ] > Task :path_provider_android:compileDebugShaders NO-SOURCE
[        ] Skipping task ':path_provider_android:compileDebugShaders' as it has no source files and no previous output files.
[        ] Resolve mutations for :path_provider_android:generateDebugAssets (Thread[#37723,Execution worker Thread 3,5,main]) started.
[        ] :path_provider_android:generateDebugAssets (Thread[#37723,Execution worker Thread 3,5,main]) started.
[        ] > Task :path_provider_android:generateDebugAssets UP-TO-DATE
[        ] Skipping task ':path_provider_android:generateDebugAssets' as it has no actions.
[        ] Resolve mutations for :path_provider_android:mergeDebugAssets (Thread[#37723,Execution worker Thread 3,5,main]) started.
[        ] :path_provider_android:mergeDebugAssets (Thread[#37723,Execution worker Thread 3,5,main]) started.
[        ] > Task :path_provider_android:mergeDebugAssets UP-TO-DATE
[        ] Caching disabled for task ':path_provider_android:mergeDebugAssets' because:
[        ]   Build cache is disabled
[        ]   Simple merging task
[        ] Skipping task ':path_provider_android:mergeDebugAssets' as it is up-to-date.
[        ] work action resolve mergeDebugAssets (project :path_provider_android) (Thread[#37723,Execution worker Thread 3,5,main]) started.
[        ] Resolve mutations for :quill_native_bridge_android:mergeDebugShaders (Thread[#37723,Execution worker Thread 3,5,main]) started.
[        ] :quill_native_bridge_android:mergeDebugShaders (Thread[#37723,Execution worker Thread 3,5,main]) started.
[        ] > Task :quill_native_bridge_android:mergeDebugShaders UP-TO-DATE
[        ] Caching disabled for task ':quill_native_bridge_android:mergeDebugShaders' because:
[        ]   Build cache is disabled
[        ]   Simple merging task
[        ] Skipping task ':quill_native_bridge_android:mergeDebugShaders' as it is up-to-date.
[        ] Resolve mutations for :quill_native_bridge_android:compileDebugShaders (Thread[#37723,Execution worker Thread 3,5,main]) started.
[        ] :quill_native_bridge_android:compileDebugShaders (Thread[#37723,Execution worker Thread 3,5,main]) started.
[        ] > Task :quill_native_bridge_android:compileDebugShaders NO-SOURCE
[        ] Skipping task ':quill_native_bridge_android:compileDebugShaders' as it has no source files and no previous output files.
[        ] Resolve mutations for :quill_native_bridge_android:generateDebugAssets (Thread[#37723,Execution worker Thread 3,5,main]) started.
[        ] :quill_native_bridge_android:generateDebugAssets (Thread[#37723,Execution worker Thread 3,5,main]) started.
[        ] > Task :quill_native_bridge_android:generateDebugAssets UP-TO-DATE
[        ] Skipping task ':quill_native_bridge_android:generateDebugAssets' as it has no actions.
[        ] Resolve mutations for :quill_native_bridge_android:mergeDebugAssets (Thread[#37723,Execution worker Thread 3,5,main]) started.
[        ] :quill_native_bridge_android:mergeDebugAssets (Thread[#37723,Execution worker Thread 3,5,main]) started.
[        ] > Task :quill_native_bridge_android:mergeDebugAssets UP-TO-DATE
[        ] Caching disabled for task ':quill_native_bridge_android:mergeDebugAssets' because:
[        ]   Build cache is disabled
[        ]   Simple merging task
[        ] Skipping task ':quill_native_bridge_android:mergeDebugAssets' as it is up-to-date.
[        ] work action resolve mergeDebugAssets (project :quill_native_bridge_android) (Thread[#37723,Execution worker Thread 3,5,main]) started.
[        ] Resolve mutations for :shared_preferences_android:mergeDebugShaders (Thread[#37723,Execution worker Thread 3,5,main]) started.
[        ] :shared_preferences_android:mergeDebugShaders (Thread[#37723,Execution worker Thread 3,5,main]) started.
[        ] > Task :shared_preferences_android:mergeDebugShaders UP-TO-DATE
[        ] Caching disabled for task ':shared_preferences_android:mergeDebugShaders' because:
[        ]   Build cache is disabled
[        ]   Simple merging task
[        ] Skipping task ':shared_preferences_android:mergeDebugShaders' as it is up-to-date.
[        ] Resolve mutations for :shared_preferences_android:compileDebugShaders (Thread[#37723,Execution worker Thread 3,5,main]) started.
[        ] :shared_preferences_android:compileDebugShaders (Thread[#37723,Execution worker Thread 3,5,main]) started.
[        ] > Task :shared_preferences_android:compileDebugShaders NO-SOURCE
[        ] Skipping task ':shared_preferences_android:compileDebugShaders' as it has no source files and no previous output files.
[        ] Resolve mutations for :shared_preferences_android:generateDebugAssets (Thread[#37723,Execution worker Thread 3,5,main]) started.
[        ] :shared_preferences_android:generateDebugAssets (Thread[#37723,Execution worker Thread 3,5,main]) started.
[        ] > Task :shared_preferences_android:generateDebugAssets UP-TO-DATE
[        ] Skipping task ':shared_preferences_android:generateDebugAssets' as it has no actions.
[        ] Resolve mutations for :shared_preferences_android:mergeDebugAssets (Thread[#37723,Execution worker Thread 3,5,main]) started.
[        ] :shared_preferences_android:mergeDebugAssets (Thread[#37723,Execution worker Thread 3,5,main]) started.
[        ] > Task :shared_preferences_android:mergeDebugAssets UP-TO-DATE
[        ] Caching disabled for task ':shared_preferences_android:mergeDebugAssets' because:
[        ]   Build cache is disabled
[        ]   Simple merging task
[        ] Skipping task ':shared_preferences_android:mergeDebugAssets' as it is up-to-date.
[        ] work action resolve mergeDebugAssets (project :shared_preferences_android) (Thread[#37723,Execution worker Thread 3,5,main]) started.
[        ] Resolve mutations for :sqflite_android:mergeDebugShaders (Thread[#37723,Execution worker Thread 3,5,main]) started.
[        ] :sqflite_android:mergeDebugShaders (Thread[#37723,Execution worker Thread 3,5,main]) started.
[        ] > Task :sqflite_android:mergeDebugShaders UP-TO-DATE
[        ] Caching disabled for task ':sqflite_android:mergeDebugShaders' because:
[        ]   Build cache is disabled
[        ]   Simple merging task
[        ] Skipping task ':sqflite_android:mergeDebugShaders' as it is up-to-date.
[        ] Resolve mutations for :sqflite_android:compileDebugShaders (Thread[#37723,Execution worker Thread 3,5,main]) started.
[        ] :sqflite_android:compileDebugShaders (Thread[#37723,Execution worker Thread 3,5,main]) started.
[        ] > Task :sqflite_android:compileDebugShaders NO-SOURCE
[        ] Skipping task ':sqflite_android:compileDebugShaders' as it has no source files and no previous output files.
[        ] Resolve mutations for :sqflite_android:generateDebugAssets (Thread[#37723,Execution worker Thread 3,5,main]) started.
[        ] :sqflite_android:generateDebugAssets (Thread[#37723,Execution worker Thread 3,5,main]) started.
[        ] > Task :sqflite_android:generateDebugAssets UP-TO-DATE
[        ] Skipping task ':sqflite_android:generateDebugAssets' as it has no actions.
[        ] Resolve mutations for :sqflite_android:mergeDebugAssets (Thread[#37723,Execution worker Thread 3,5,main]) started.
[        ] :sqflite_android:mergeDebugAssets (Thread[#37723,Execution worker Thread 3,5,main]) started.
[        ] > Task :sqflite_android:mergeDebugAssets UP-TO-DATE
[        ] Caching disabled for task ':sqflite_android:mergeDebugAssets' because:
[        ]   Build cache is disabled
[        ]   Simple merging task
[        ] Skipping task ':sqflite_android:mergeDebugAssets' as it is up-to-date.
[        ] work action resolve mergeDebugAssets (project :sqflite_android) (Thread[#37736,Execution worker Thread 15,5,main]) started.
[        ] Resolve mutations for :url_launcher_android:mergeDebugShaders (Thread[#37736,Execution worker Thread 15,5,main]) started.
[        ] :url_launcher_android:mergeDebugShaders (Thread[#37736,Execution worker Thread 15,5,main]) started.
[        ] > Task :url_launcher_android:mergeDebugShaders UP-TO-DATE
[        ] Caching disabled for task ':url_launcher_android:mergeDebugShaders' because:
[        ]   Build cache is disabled
[        ]   Simple merging task
[        ] Skipping task ':url_launcher_android:mergeDebugShaders' as it is up-to-date.
[        ] Resolve mutations for :url_launcher_android:compileDebugShaders (Thread[#37736,Execution worker Thread 15,5,main]) started.
[        ] :url_launcher_android:compileDebugShaders (Thread[#37736,Execution worker Thread 15,5,main]) started.
[        ] > Task :url_launcher_android:compileDebugShaders NO-SOURCE
[        ] Skipping task ':url_launcher_android:compileDebugShaders' as it has no source files and no previous output files.
[        ] Resolve mutations for :url_launcher_android:generateDebugAssets (Thread[#37736,Execution worker Thread 15,5,main]) started.
[        ] :url_launcher_android:generateDebugAssets (Thread[#37736,Execution worker Thread 15,5,main]) started.
[        ] > Task :url_launcher_android:generateDebugAssets UP-TO-DATE
[        ] Skipping task ':url_launcher_android:generateDebugAssets' as it has no actions.
[        ] Resolve mutations for :url_launcher_android:mergeDebugAssets (Thread[#37736,Execution worker Thread 15,5,main]) started.
[        ] :url_launcher_android:mergeDebugAssets (Thread[#37736,Execution worker Thread 15,5,main]) started.
[        ] > Task :url_launcher_android:mergeDebugAssets UP-TO-DATE
[        ] Caching disabled for task ':url_launcher_android:mergeDebugAssets' because:
[        ]   Build cache is disabled
[        ]   Simple merging task
[        ] Skipping task ':url_launcher_android:mergeDebugAssets' as it is up-to-date.
[        ] work action resolve mergeDebugAssets (project :url_launcher_android) (Thread[#37736,Execution worker Thread 15,5,main]) started.
[        ] Resolve mutations for :video_player_android:mergeDebugShaders (Thread[#37736,Execution worker Thread 15,5,main]) started.
[        ] :video_player_android:mergeDebugShaders (Thread[#37736,Execution worker Thread 15,5,main]) started.
[        ] > Task :video_player_android:mergeDebugShaders UP-TO-DATE
[        ] Caching disabled for task ':video_player_android:mergeDebugShaders' because:
[        ]   Build cache is disabled
[        ]   Simple merging task
[        ] Skipping task ':video_player_android:mergeDebugShaders' as it is up-to-date.
[        ] Resolve mutations for :video_player_android:compileDebugShaders (Thread[#37736,Execution worker Thread 15,5,main]) started.
[        ] :video_player_android:compileDebugShaders (Thread[#37736,Execution worker Thread 15,5,main]) started.
[        ] > Task :video_player_android:compileDebugShaders NO-SOURCE
[        ] Skipping task ':video_player_android:compileDebugShaders' as it has no source files and no previous output files.
[        ] Resolve mutations for :video_player_android:generateDebugAssets (Thread[#37736,Execution worker Thread 15,5,main]) started.
[        ] :video_player_android:generateDebugAssets (Thread[#37736,Execution worker Thread 15,5,main]) started.
[        ] > Task :video_player_android:generateDebugAssets UP-TO-DATE
[        ] Skipping task ':video_player_android:generateDebugAssets' as it has no actions.
[        ] Resolve mutations for :video_player_android:mergeDebugAssets (Thread[#37736,Execution worker Thread 15,5,main]) started.
[        ] :video_player_android:mergeDebugAssets (Thread[#37736,Execution worker Thread 15,5,main]) started.
[        ] > Task :video_player_android:mergeDebugAssets UP-TO-DATE
[        ] Caching disabled for task ':video_player_android:mergeDebugAssets' because:
[        ]   Build cache is disabled
[        ]   Simple merging task
[        ] Skipping task ':video_player_android:mergeDebugAssets' as it is up-to-date.
[        ] work action resolve mergeDebugAssets (project :video_player_android) (Thread[#37736,Execution worker Thread 15,5,main]) started.
[        ] Resolve mutations for :app:mergeDebugAssets (Thread[#37736,Execution worker Thread 15,5,main]) started.
[        ] :app:mergeDebugAssets (Thread[#37736,Execution worker Thread 15,5,main]) started.
[        ] > Task :app:mergeDebugAssets
[        ] Caching disabled for task ':app:mergeDebugAssets' because:
[        ]   Build cache is disabled
[        ]   Simple merging task
[        ] Task ':app:mergeDebugAssets' is not up-to-date because:
[        ]   Output property 'outputDir' file /Users/florian/Code/substitution/build/app/intermediates/assets/debug/mergeDebugAssets has been removed.
[        ] The input changes require a full rebuild for incremental task ':app:mergeDebugAssets'.
[        ] Resolve mutations for :app:copyFlutterAssetsDebug (Thread[#37736,Execution worker Thread 15,5,main]) started.
[        ] :app:copyFlutterAssetsDebug (Thread[#37736,Execution worker Thread 15,5,main]) started.
[ +190 ms] > Task :app:copyFlutterAssetsDebug
[        ] Caching disabled for task ':app:copyFlutterAssetsDebug' because:
[        ]   Build cache is disabled
[        ]   Not worth caching
[        ] Task ':app:copyFlutterAssetsDebug' is not up-to-date because:
[        ]   Output property 'destinationDir' file /Users/florian/Code/substitution/build/app/intermediates/assets/debug/mergeDebugAssets/flutter_assets has been removed.
[        ]   Output property 'destinationDir' file /Users/florian/Code/substitution/build/app/intermediates/assets/debug/mergeDebugAssets/flutter_assets/AssetManifest.bin has been removed.
[        ]   Output property 'destinationDir' file /Users/florian/Code/substitution/build/app/intermediates/assets/debug/mergeDebugAssets/flutter_assets/FontManifest.json has been removed.
[        ]   and more...
[        ] Resolve mutations for :app:generateDebugResValues (Thread[#37736,Execution worker Thread 15,5,main]) started.
[        ] :app:generateDebugResValues (Thread[#37736,Execution worker Thread 15,5,main]) started.
[        ] > Task :app:generateDebugResValues UP-TO-DATE
[        ] Caching disabled for task ':app:generateDebugResValues' because:
[        ]   Build cache is disabled
[        ] Skipping task ':app:generateDebugResValues' as it is up-to-date.
[        ] Resolve mutations for :connectivity_plus:generateDebugResValues (Thread[#37736,Execution worker Thread 15,5,main]) started.
[        ] :connectivity_plus:generateDebugResValues (Thread[#37736,Execution worker Thread 15,5,main]) started.
[        ] > Task :connectivity_plus:generateDebugResValues UP-TO-DATE
[        ] Caching disabled for task ':connectivity_plus:generateDebugResValues' because:
[        ]   Build cache is disabled
[        ] Skipping task ':connectivity_plus:generateDebugResValues' as it is up-to-date.
[        ] Resolve mutations for :connectivity_plus:generateDebugResources (Thread[#37736,Execution worker Thread 15,5,main]) started.
[        ] :connectivity_plus:generateDebugResources (Thread[#37736,Execution worker Thread 15,5,main]) started.
[        ] > Task :connectivity_plus:generateDebugResources UP-TO-DATE
[        ] Caching disabled for task ':connectivity_plus:generateDebugResources' because:
[        ]   Build cache is disabled
[        ] Skipping task ':connectivity_plus:generateDebugResources' as it is up-to-date.
[        ] Resolve mutations for :connectivity_plus:packageDebugResources (Thread[#37736,Execution worker Thread 15,5,main]) started.
[        ] :connectivity_plus:packageDebugResources (Thread[#37736,Execution worker Thread 15,5,main]) started.
[        ] > Task :connectivity_plus:packageDebugResources UP-TO-DATE
[        ] Caching disabled for task ':connectivity_plus:packageDebugResources' because:
[        ]   Build cache is disabled
[        ] Skipping task ':connectivity_plus:packageDebugResources' as it is up-to-date.
[        ] work action resolve packageDebugResources (project :connectivity_plus) (Thread[#37736,Execution worker Thread 15,5,main]) started.
[        ] Resolve mutations for :emoji_picker_flutter:generateDebugResValues (Thread[#37736,Execution worker Thread 15,5,main]) started.
[        ] :emoji_picker_flutter:generateDebugResValues (Thread[#37736,Execution worker Thread 15,5,main]) started.
[        ] > Task :emoji_picker_flutter:generateDebugResValues UP-TO-DATE
[        ] Caching disabled for task ':emoji_picker_flutter:generateDebugResValues' because:
[        ]   Build cache is disabled
[        ] Skipping task ':emoji_picker_flutter:generateDebugResValues' as it is up-to-date.
[        ] Resolve mutations for :emoji_picker_flutter:generateDebugResources (Thread[#37736,Execution worker Thread 15,5,main]) started.
[        ] :emoji_picker_flutter:generateDebugResources (Thread[#37736,Execution worker Thread 15,5,main]) started.
[        ] > Task :emoji_picker_flutter:generateDebugResources UP-TO-DATE
[        ] Caching disabled for task ':emoji_picker_flutter:generateDebugResources' because:
[        ]   Build cache is disabled
[        ] Skipping task ':emoji_picker_flutter:generateDebugResources' as it is up-to-date.
[        ] Resolve mutations for :emoji_picker_flutter:packageDebugResources (Thread[#37736,Execution worker Thread 15,5,main]) started.
[        ] :emoji_picker_flutter:packageDebugResources (Thread[#37736,Execution worker Thread 15,5,main]) started.
[        ] > Task :emoji_picker_flutter:packageDebugResources UP-TO-DATE
[        ] Caching disabled for task ':emoji_picker_flutter:packageDebugResources' because:
[        ]   Build cache is disabled
[        ] Skipping task ':emoji_picker_flutter:packageDebugResources' as it is up-to-date.
[        ] work action resolve packageDebugResources (project :emoji_picker_flutter) (Thread[#37736,Execution worker Thread 15,5,main]) started.
[        ] Resolve mutations for :file_selector_android:generateDebugResValues (Thread[#37736,Execution worker Thread 15,5,main]) started.
[        ] :file_selector_android:generateDebugResValues (Thread[#37736,Execution worker Thread 15,5,main]) started.
[        ] > Task :file_selector_android:generateDebugResValues UP-TO-DATE
[        ] Caching disabled for task ':file_selector_android:generateDebugResValues' because:
[        ]   Build cache is disabled
[        ] Skipping task ':file_selector_android:generateDebugResValues' as it is up-to-date.
[        ] Resolve mutations for :file_selector_android:generateDebugResources (Thread[#37736,Execution worker Thread 15,5,main]) started.
[        ] :file_selector_android:generateDebugResources (Thread[#37736,Execution worker Thread 15,5,main]) started.
[        ] > Task :file_selector_android:generateDebugResources UP-TO-DATE
[        ] Caching disabled for task ':file_selector_android:generateDebugResources' because:
[        ]   Build cache is disabled
[        ] Skipping task ':file_selector_android:generateDebugResources' as it is up-to-date.
[        ] Resolve mutations for :file_selector_android:packageDebugResources (Thread[#37736,Execution worker Thread 15,5,main]) started.
[        ] :file_selector_android:packageDebugResources (Thread[#37736,Execution worker Thread 15,5,main]) started.
[        ] > Task :file_selector_android:packageDebugResources UP-TO-DATE
[        ] Caching disabled for task ':file_selector_android:packageDebugResources' because:
[        ]   Build cache is disabled
[        ] Skipping task ':file_selector_android:packageDebugResources' as it is up-to-date.
[        ] work action resolve packageDebugResources (project :file_selector_android) (Thread[#37736,Execution worker Thread 15,5,main]) started.
[        ] Resolve mutations for :flutter_keyboard_visibility_temp_fork:generateDebugResValues (Thread[#37736,Execution worker Thread 15,5,main]) started.
[        ] :flutter_keyboard_visibility_temp_fork:generateDebugResValues (Thread[#37736,Execution worker Thread 15,5,main]) started.
[        ] > Task :flutter_keyboard_visibility_temp_fork:generateDebugResValues UP-TO-DATE
[        ] Caching disabled for task ':flutter_keyboard_visibility_temp_fork:generateDebugResValues' because:
[        ]   Build cache is disabled
[        ] Skipping task ':flutter_keyboard_visibility_temp_fork:generateDebugResValues' as it is up-to-date.
[        ] Resolve mutations for :flutter_keyboard_visibility_temp_fork:generateDebugResources (Thread[#37736,Execution worker Thread 15,5,main]) started.
[        ] :flutter_keyboard_visibility_temp_fork:generateDebugResources (Thread[#37736,Execution worker Thread 15,5,main]) started.
[        ] > Task :flutter_keyboard_visibility_temp_fork:generateDebugResources UP-TO-DATE
[        ] Caching disabled for task ':flutter_keyboard_visibility_temp_fork:generateDebugResources' because:
[        ]   Build cache is disabled
[        ] Skipping task ':flutter_keyboard_visibility_temp_fork:generateDebugResources' as it is up-to-date.
[        ] Resolve mutations for :flutter_keyboard_visibility_temp_fork:packageDebugResources (Thread[#37736,Execution worker Thread 15,5,main]) started.
[        ] :flutter_keyboard_visibility_temp_fork:packageDebugResources (Thread[#37736,Execution worker Thread 15,5,main]) started.
[        ] > Task :flutter_keyboard_visibility_temp_fork:packageDebugResources UP-TO-DATE
[        ] Caching disabled for task ':flutter_keyboard_visibility_temp_fork:packageDebugResources' because:
[        ]   Build cache is disabled
[        ] Skipping task ':flutter_keyboard_visibility_temp_fork:packageDebugResources' as it is up-to-date.
[        ] work action resolve packageDebugResources (project :flutter_keyboard_visibility_temp_fork) (Thread[#37736,Execution worker Thread 15,5,main]) started.
[        ] Resolve mutations for :flutter_native_splash:generateDebugResValues (Thread[#37736,Execution worker Thread 15,5,main]) started.
[        ] :flutter_native_splash:generateDebugResValues (Thread[#37736,Execution worker Thread 15,5,main]) started.
[        ] > Task :flutter_native_splash:generateDebugResValues UP-TO-DATE
[        ] Caching disabled for task ':flutter_native_splash:generateDebugResValues' because:
[        ]   Build cache is disabled
[        ] Skipping task ':flutter_native_splash:generateDebugResValues' as it is up-to-date.
[        ] Resolve mutations for :flutter_native_splash:generateDebugResources (Thread[#37736,Execution worker Thread 15,5,main]) started.
[        ] :flutter_native_splash:generateDebugResources (Thread[#37736,Execution worker Thread 15,5,main]) started.
[        ] > Task :flutter_native_splash:generateDebugResources UP-TO-DATE
[        ] Caching disabled for task ':flutter_native_splash:generateDebugResources' because:
[        ]   Build cache is disabled
[        ] Skipping task ':flutter_native_splash:generateDebugResources' as it is up-to-date.
[        ] Resolve mutations for :flutter_native_splash:packageDebugResources (Thread[#37736,Execution worker Thread 15,5,main]) started.
[        ] :flutter_native_splash:packageDebugResources (Thread[#37736,Execution worker Thread 15,5,main]) started.
[        ] > Task :flutter_native_splash:packageDebugResources UP-TO-DATE
[        ] Caching disabled for task ':flutter_native_splash:packageDebugResources' because:
[        ]   Build cache is disabled
[        ] Skipping task ':flutter_native_splash:packageDebugResources' as it is up-to-date.
[        ] work action resolve packageDebugResources (project :flutter_native_splash) (Thread[#37736,Execution worker Thread 15,5,main]) started.
[        ] Resolve mutations for :flutter_olm:generateDebugResValues (Thread[#37736,Execution worker Thread 15,5,main]) started.
[        ] :flutter_olm:generateDebugResValues (Thread[#37736,Execution worker Thread 15,5,main]) started.
[        ] > Task :flutter_olm:generateDebugResValues UP-TO-DATE
[        ] Caching disabled for task ':flutter_olm:generateDebugResValues' because:
[        ]   Build cache is disabled
[        ] Skipping task ':flutter_olm:generateDebugResValues' as it is up-to-date.
[        ] Resolve mutations for :flutter_olm:generateDebugResources (Thread[#37736,Execution worker Thread 15,5,main]) started.
[        ] :flutter_olm:generateDebugResources (Thread[#37736,Execution worker Thread 15,5,main]) started.
[        ] > Task :flutter_olm:generateDebugResources UP-TO-DATE
[        ] Caching disabled for task ':flutter_olm:generateDebugResources' because:
[        ]   Build cache is disabled
[        ] Skipping task ':flutter_olm:generateDebugResources' as it is up-to-date.
[        ] Resolve mutations for :flutter_olm:packageDebugResources (Thread[#37736,Execution worker Thread 15,5,main]) started.
[        ] :flutter_olm:packageDebugResources (Thread[#37736,Execution worker Thread 15,5,main]) started.
[        ] > Task :flutter_olm:packageDebugResources UP-TO-DATE
[        ] Caching disabled for task ':flutter_olm:packageDebugResources' because:
[        ]   Build cache is disabled
[        ] Skipping task ':flutter_olm:packageDebugResources' as it is up-to-date.
[        ] work action resolve packageDebugResources (project :flutter_olm) (Thread[#37736,Execution worker Thread 15,5,main]) started.
[        ] Resolve mutations for :flutter_openssl_crypto:generateDebugResValues (Thread[#37736,Execution worker Thread 15,5,main]) started.
[        ] :flutter_openssl_crypto:generateDebugResValues (Thread[#37736,Execution worker Thread 15,5,main]) started.
[        ] > Task :flutter_openssl_crypto:generateDebugResValues UP-TO-DATE
[        ] Caching disabled for task ':flutter_openssl_crypto:generateDebugResValues' because:
[        ]   Build cache is disabled
[        ] Skipping task ':flutter_openssl_crypto:generateDebugResValues' as it is up-to-date.
[        ] Resolve mutations for :flutter_openssl_crypto:generateDebugResources (Thread[#37736,Execution worker Thread 15,5,main]) started.
[        ] :flutter_openssl_crypto:generateDebugResources (Thread[#37736,Execution worker Thread 15,5,main]) started.
[        ] > Task :flutter_openssl_crypto:generateDebugResources UP-TO-DATE
[        ] Caching disabled for task ':flutter_openssl_crypto:generateDebugResources' because:
[        ]   Build cache is disabled
[        ] Skipping task ':flutter_openssl_crypto:generateDebugResources' as it is up-to-date.
[        ] Resolve mutations for :flutter_openssl_crypto:packageDebugResources (Thread[#37736,Execution worker Thread 15,5,main]) started.
[        ] :flutter_openssl_crypto:packageDebugResources (Thread[#37736,Execution worker Thread 15,5,main]) started.
[        ] > Task :flutter_openssl_crypto:packageDebugResources UP-TO-DATE
[        ] Caching disabled for task ':flutter_openssl_crypto:packageDebugResources' because:
[        ]   Build cache is disabled
[        ] Skipping task ':flutter_openssl_crypto:packageDebugResources' as it is up-to-date.
[        ] work action resolve packageDebugResources (project :flutter_openssl_crypto) (Thread[#37736,Execution worker Thread 15,5,main]) started.
[        ] Resolve mutations for :integration_test:generateDebugResValues (Thread[#37736,Execution worker Thread 15,5,main]) started.
[        ] :integration_test:generateDebugResValues (Thread[#37736,Execution worker Thread 15,5,main]) started.
[        ] > Task :integration_test:generateDebugResValues UP-TO-DATE
[        ] Caching disabled for task ':integration_test:generateDebugResValues' because:
[        ]   Build cache is disabled
[        ] Skipping task ':integration_test:generateDebugResValues' as it is up-to-date.
[        ] Resolve mutations for :integration_test:generateDebugResources (Thread[#37736,Execution worker Thread 15,5,main]) started.
[        ] :integration_test:generateDebugResources (Thread[#37736,Execution worker Thread 15,5,main]) started.
[        ] > Task :integration_test:generateDebugResources UP-TO-DATE
[        ] Caching disabled for task ':integration_test:generateDebugResources' because:
[        ]   Build cache is disabled
[        ] Skipping task ':integration_test:generateDebugResources' as it is up-to-date.
[        ] Resolve mutations for :integration_test:packageDebugResources (Thread[#37736,Execution worker Thread 15,5,main]) started.
[        ] :integration_test:packageDebugResources (Thread[#37736,Execution worker Thread 15,5,main]) started.
[        ] > Task :integration_test:packageDebugResources UP-TO-DATE
[        ] Caching disabled for task ':integration_test:packageDebugResources' because:
[        ]   Build cache is disabled
[        ] Skipping task ':integration_test:packageDebugResources' as it is up-to-date.
[        ] work action resolve packageDebugResources (project :integration_test) (Thread[#37736,Execution worker Thread 15,5,main]) started.
[        ] Resolve mutations for :path_provider_android:generateDebugResValues (Thread[#37736,Execution worker Thread 15,5,main]) started.
[        ] :path_provider_android:generateDebugResValues (Thread[#37736,Execution worker Thread 15,5,main]) started.
[        ] > Task :path_provider_android:generateDebugResValues UP-TO-DATE
[        ] Caching disabled for task ':path_provider_android:generateDebugResValues' because:
[        ]   Build cache is disabled
[        ] Skipping task ':path_provider_android:generateDebugResValues' as it is up-to-date.
[        ] Resolve mutations for :path_provider_android:generateDebugResources (Thread[#37736,Execution worker Thread 15,5,main]) started.
[        ] :path_provider_android:generateDebugResources (Thread[#37736,Execution worker Thread 15,5,main]) started.
[        ] > Task :path_provider_android:generateDebugResources UP-TO-DATE
[        ] Caching disabled for task ':path_provider_android:generateDebugResources' because:
[        ]   Build cache is disabled
[        ] Skipping task ':path_provider_android:generateDebugResources' as it is up-to-date.
[        ] Resolve mutations for :path_provider_android:packageDebugResources (Thread[#37736,Execution worker Thread 15,5,main]) started.
[        ] :path_provider_android:packageDebugResources (Thread[#37736,Execution worker Thread 15,5,main]) started.
[        ] > Task :path_provider_android:packageDebugResources UP-TO-DATE
[        ] Caching disabled for task ':path_provider_android:packageDebugResources' because:
[        ]   Build cache is disabled
[        ] Skipping task ':path_provider_android:packageDebugResources' as it is up-to-date.
[        ] work action resolve packageDebugResources (project :path_provider_android) (Thread[#37736,Execution worker Thread 15,5,main]) started.
[        ] Resolve mutations for :quill_native_bridge_android:generateDebugResValues (Thread[#37736,Execution worker Thread 15,5,main]) started.
[        ] :quill_native_bridge_android:generateDebugResValues (Thread[#37736,Execution worker Thread 15,5,main]) started.
[        ] > Task :quill_native_bridge_android:generateDebugResValues UP-TO-DATE
[        ] Caching disabled for task ':quill_native_bridge_android:generateDebugResValues' because:
[        ]   Build cache is disabled
[        ] Skipping task ':quill_native_bridge_android:generateDebugResValues' as it is up-to-date.
[        ] Resolve mutations for :quill_native_bridge_android:generateDebugResources (Thread[#37736,Execution worker Thread 15,5,main]) started.
[        ] :quill_native_bridge_android:generateDebugResources (Thread[#37736,Execution worker Thread 15,5,main]) started.
[        ] > Task :quill_native_bridge_android:generateDebugResources UP-TO-DATE
[        ] Caching disabled for task ':quill_native_bridge_android:generateDebugResources' because:
[        ]   Build cache is disabled
[        ] Skipping task ':quill_native_bridge_android:generateDebugResources' as it is up-to-date.
[        ] Resolve mutations for :quill_native_bridge_android:packageDebugResources (Thread[#37736,Execution worker Thread 15,5,main]) started.
[        ] :quill_native_bridge_android:packageDebugResources (Thread[#37736,Execution worker Thread 15,5,main]) started.
[        ] > Task :quill_native_bridge_android:packageDebugResources UP-TO-DATE
[        ] Caching disabled for task ':quill_native_bridge_android:packageDebugResources' because:
[        ]   Build cache is disabled
[        ] Skipping task ':quill_native_bridge_android:packageDebugResources' as it is up-to-date.
[        ] work action resolve packageDebugResources (project :quill_native_bridge_android) (Thread[#37736,Execution worker Thread 15,5,main]) started.
[        ] Resolve mutations for :shared_preferences_android:generateDebugResValues (Thread[#37736,Execution worker Thread 15,5,main]) started.
[        ] :shared_preferences_android:generateDebugResValues (Thread[#37736,Execution worker Thread 15,5,main]) started.
[        ] > Task :shared_preferences_android:generateDebugResValues UP-TO-DATE
[        ] Caching disabled for task ':shared_preferences_android:generateDebugResValues' because:
[        ]   Build cache is disabled
[        ] Skipping task ':shared_preferences_android:generateDebugResValues' as it is up-to-date.
[        ] Resolve mutations for :shared_preferences_android:generateDebugResources (Thread[#37736,Execution worker Thread 15,5,main]) started.
[        ] :shared_preferences_android:generateDebugResources (Thread[#37736,Execution worker Thread 15,5,main]) started.
[        ] > Task :shared_preferences_android:generateDebugResources UP-TO-DATE
[        ] Caching disabled for task ':shared_preferences_android:generateDebugResources' because:
[        ]   Build cache is disabled
[        ] Skipping task ':shared_preferences_android:generateDebugResources' as it is up-to-date.
[        ] Resolve mutations for :shared_preferences_android:packageDebugResources (Thread[#37736,Execution worker Thread 15,5,main]) started.
[        ] :shared_preferences_android:packageDebugResources (Thread[#37736,Execution worker Thread 15,5,main]) started.
[        ] > Task :shared_preferences_android:packageDebugResources UP-TO-DATE
[        ] Caching disabled for task ':shared_preferences_android:packageDebugResources' because:
[        ]   Build cache is disabled
[        ] Skipping task ':shared_preferences_android:packageDebugResources' as it is up-to-date.
[        ] work action resolve packageDebugResources (project :shared_preferences_android) (Thread[#37736,Execution worker Thread 15,5,main]) started.
[        ] Resolve mutations for :sqflite_android:generateDebugResValues (Thread[#37736,Execution worker Thread 15,5,main]) started.
[        ] :sqflite_android:generateDebugResValues (Thread[#37736,Execution worker Thread 15,5,main]) started.
[        ] > Task :sqflite_android:generateDebugResValues UP-TO-DATE
[        ] Caching disabled for task ':sqflite_android:generateDebugResValues' because:
[        ]   Build cache is disabled
[        ] Skipping task ':sqflite_android:generateDebugResValues' as it is up-to-date.
[        ] Resolve mutations for :sqflite_android:generateDebugResources (Thread[#37736,Execution worker Thread 15,5,main]) started.
[        ] :sqflite_android:generateDebugResources (Thread[#37736,Execution worker Thread 15,5,main]) started.
[        ] > Task :sqflite_android:generateDebugResources UP-TO-DATE
[        ] Caching disabled for task ':sqflite_android:generateDebugResources' because:
[        ]   Build cache is disabled
[        ] Skipping task ':sqflite_android:generateDebugResources' as it is up-to-date.
[        ] Resolve mutations for :sqflite_android:packageDebugResources (Thread[#37736,Execution worker Thread 15,5,main]) started.
[        ] :sqflite_android:packageDebugResources (Thread[#37736,Execution worker Thread 15,5,main]) started.
[        ] > Task :sqflite_android:packageDebugResources UP-TO-DATE
[        ] Caching disabled for task ':sqflite_android:packageDebugResources' because:
[        ]   Build cache is disabled
[        ] Skipping task ':sqflite_android:packageDebugResources' as it is up-to-date.
[        ] work action resolve packageDebugResources (project :sqflite_android) (Thread[#37736,Execution worker Thread 15,5,main]) started.
[        ] Resolve mutations for :url_launcher_android:generateDebugResValues (Thread[#37736,Execution worker Thread 15,5,main]) started.
[        ] :url_launcher_android:generateDebugResValues (Thread[#37736,Execution worker Thread 15,5,main]) started.
[        ] > Task :url_launcher_android:generateDebugResValues UP-TO-DATE
[        ] Caching disabled for task ':url_launcher_android:generateDebugResValues' because:
[        ]   Build cache is disabled
[        ] Skipping task ':url_launcher_android:generateDebugResValues' as it is up-to-date.
[        ] Resolve mutations for :url_launcher_android:generateDebugResources (Thread[#37736,Execution worker Thread 15,5,main]) started.
[        ] :url_launcher_android:generateDebugResources (Thread[#37736,Execution worker Thread 15,5,main]) started.
[        ] > Task :url_launcher_android:generateDebugResources UP-TO-DATE
[        ] Caching disabled for task ':url_launcher_android:generateDebugResources' because:
[        ]   Build cache is disabled
[        ] Skipping task ':url_launcher_android:generateDebugResources' as it is up-to-date.
[        ] Resolve mutations for :url_launcher_android:packageDebugResources (Thread[#37736,Execution worker Thread 15,5,main]) started.
[        ] :url_launcher_android:packageDebugResources (Thread[#37736,Execution worker Thread 15,5,main]) started.
[        ] > Task :url_launcher_android:packageDebugResources UP-TO-DATE
[        ] Caching disabled for task ':url_launcher_android:packageDebugResources' because:
[        ]   Build cache is disabled
[        ] Skipping task ':url_launcher_android:packageDebugResources' as it is up-to-date.
[        ] work action resolve packageDebugResources (project :url_launcher_android) (Thread[#37736,Execution worker Thread 15,5,main]) started.
[        ] Resolve mutations for :video_player_android:generateDebugResValues (Thread[#37736,Execution worker Thread 15,5,main]) started.
[        ] :video_player_android:generateDebugResValues (Thread[#37736,Execution worker Thread 15,5,main]) started.
[        ] > Task :video_player_android:generateDebugResValues UP-TO-DATE
[        ] Caching disabled for task ':video_player_android:generateDebugResValues' because:
[        ]   Build cache is disabled
[        ] Skipping task ':video_player_android:generateDebugResValues' as it is up-to-date.
[        ] Resolve mutations for :video_player_android:generateDebugResources (Thread[#37736,Execution worker Thread 15,5,main]) started.
[        ] :video_player_android:generateDebugResources (Thread[#37736,Execution worker Thread 15,5,main]) started.
[        ] > Task :video_player_android:generateDebugResources UP-TO-DATE
[        ] Caching disabled for task ':video_player_android:generateDebugResources' because:
[        ]   Build cache is disabled
[        ] Skipping task ':video_player_android:generateDebugResources' as it is up-to-date.
[        ] Resolve mutations for :video_player_android:packageDebugResources (Thread[#37736,Execution worker Thread 15,5,main]) started.
[        ] :video_player_android:packageDebugResources (Thread[#37736,Execution worker Thread 15,5,main]) started.
[        ] > Task :video_player_android:packageDebugResources UP-TO-DATE
[        ] Caching disabled for task ':video_player_android:packageDebugResources' because:
[        ]   Build cache is disabled
[        ] Skipping task ':video_player_android:packageDebugResources' as it is up-to-date.
[        ] work action resolve packageDebugResources (project :video_player_android) (Thread[#37736,Execution worker Thread 15,5,main]) started.
[        ] Resolve mutations for :app:mapDebugSourceSetPaths (Thread[#37736,Execution worker Thread 15,5,main]) started.
[        ] :app:mapDebugSourceSetPaths (Thread[#37736,Execution worker Thread 15,5,main]) started.
[        ] > Task :app:mapDebugSourceSetPaths UP-TO-DATE
[        ] Caching disabled for task ':app:mapDebugSourceSetPaths' because:
[        ]   Build cache is disabled
[        ]   Caching has been disabled for the task
[        ] Skipping task ':app:mapDebugSourceSetPaths' as it is up-to-date.
[        ] Resolve mutations for :app:generateDebugResources (Thread[#37736,Execution worker Thread 15,5,main]) started.
[        ] :app:generateDebugResources (Thread[#37736,Execution worker Thread 15,5,main]) started.
[        ] > Task :app:generateDebugResources UP-TO-DATE
[        ] Caching disabled for task ':app:generateDebugResources' because:
[        ]   Build cache is disabled
[        ] Skipping task ':app:generateDebugResources' as it is up-to-date.
[        ] Resolve mutations for :app:mergeDebugResources (Thread[#37736,Execution worker Thread 15,5,main]) started.
[        ] :app:mergeDebugResources (Thread[#37736,Execution worker Thread 15,5,main]) started.
[        ] > Task :app:mergeDebugResources UP-TO-DATE
[        ] Caching disabled for task ':app:mergeDebugResources' because:
[        ]   Build cache is disabled
[        ] Skipping task ':app:mergeDebugResources' as it is up-to-date.
[        ] Resolve mutations for :app:packageDebugResources (Thread[#37736,Execution worker Thread 15,5,main]) started.
[        ] :app:packageDebugResources (Thread[#37738,Execution worker Thread 17,5,main]) started.
[        ] > Task :app:packageDebugResources UP-TO-DATE
[        ] Caching disabled for task ':app:packageDebugResources' because:
[        ]   Build cache is disabled
[        ] Skipping task ':app:packageDebugResources' as it is up-to-date.
[        ] Resolve mutations for :app:parseDebugLocalResources (Thread[#37738,Execution worker Thread 17,5,main]) started.
[        ] :app:parseDebugLocalResources (Thread[#37742,Execution worker Thread 21,5,main]) started.
[        ] > Task :app:parseDebugLocalResources UP-TO-DATE
[        ] Caching disabled for task ':app:parseDebugLocalResources' because:
[        ]   Build cache is disabled
[        ] Skipping task ':app:parseDebugLocalResources' as it is up-to-date.
[        ] Resolve mutations for :app:createDebugCompatibleScreenManifests (Thread[#37742,Execution worker Thread 21,5,main]) started.
[        ] :app:createDebugCompatibleScreenManifests (Thread[#37742,Execution worker Thread 21,5,main]) started.
[        ] > Task :app:createDebugCompatibleScreenManifests UP-TO-DATE
[        ] Caching disabled for task ':app:createDebugCompatibleScreenManifests' because:
[        ]   Build cache is disabled
[        ]   Caching has been disabled for the task
[        ] Skipping task ':app:createDebugCompatibleScreenManifests' as it is up-to-date.
[        ] Resolve mutations for :app:extractDeepLinksDebug (Thread[#37742,Execution worker Thread 21,5,main]) started.
[        ] :app:extractDeepLinksDebug (Thread[#37742,Execution worker Thread 21,5,main]) started.
[        ] > Task :app:extractDeepLinksDebug UP-TO-DATE
[        ] Caching disabled for task ':app:extractDeepLinksDebug' because:
[        ]   Build cache is disabled
[        ] Skipping task ':app:extractDeepLinksDebug' as it is up-to-date.
[        ] Resolve mutations for :connectivity_plus:extractDeepLinksDebug (Thread[#37742,Execution worker Thread 21,5,main]) started.
[        ] :connectivity_plus:extractDeepLinksDebug (Thread[#37742,Execution worker Thread 21,5,main]) started.
[        ] > Task :connectivity_plus:extractDeepLinksDebug UP-TO-DATE
[        ] Caching disabled for task ':connectivity_plus:extractDeepLinksDebug' because:
[        ]   Build cache is disabled
[        ] Skipping task ':connectivity_plus:extractDeepLinksDebug' as it is up-to-date.
[        ] work action resolve navigation.json (project :connectivity_plus) (Thread[#37742,Execution worker Thread 21,5,main]) started.
[        ] Resolve mutations for :connectivity_plus:processDebugManifest (Thread[#37742,Execution worker Thread 21,5,main]) started.
[        ] :connectivity_plus:processDebugManifest (Thread[#37742,Execution worker Thread 21,5,main]) started.
[        ] > Task :connectivity_plus:processDebugManifest UP-TO-DATE
[        ] Caching disabled for task ':connectivity_plus:processDebugManifest' because:
[        ]   Build cache is disabled
[        ] Skipping task ':connectivity_plus:processDebugManifest' as it is up-to-date.
[        ] work action resolve AndroidManifest.xml (project :connectivity_plus) (Thread[#37742,Execution worker Thread 21,5,main]) started.
[        ] Resolve mutations for :emoji_picker_flutter:extractDeepLinksDebug (Thread[#37742,Execution worker Thread 21,5,main]) started.
[        ] :emoji_picker_flutter:extractDeepLinksDebug (Thread[#37742,Execution worker Thread 21,5,main]) started.
[        ] > Task :emoji_picker_flutter:extractDeepLinksDebug UP-TO-DATE
[        ] Caching disabled for task ':emoji_picker_flutter:extractDeepLinksDebug' because:
[        ]   Build cache is disabled
[        ] Skipping task ':emoji_picker_flutter:extractDeepLinksDebug' as it is up-to-date.
[        ] work action resolve navigation.json (project :emoji_picker_flutter) (Thread[#37742,Execution worker Thread 21,5,main]) started.
[        ] Resolve mutations for :emoji_picker_flutter:processDebugManifest (Thread[#37742,Execution worker Thread 21,5,main]) started.
[        ] :emoji_picker_flutter:processDebugManifest (Thread[#37742,Execution worker Thread 21,5,main]) started.
[        ] > Task :emoji_picker_flutter:processDebugManifest UP-TO-DATE
[        ] Caching disabled for task ':emoji_picker_flutter:processDebugManifest' because:
[        ]   Build cache is disabled
[        ] Skipping task ':emoji_picker_flutter:processDebugManifest' as it is up-to-date.
[        ] work action resolve AndroidManifest.xml (project :emoji_picker_flutter) (Thread[#37742,Execution worker Thread 21,5,main]) started.
[        ] Resolve mutations for :file_selector_android:extractDeepLinksDebug (Thread[#37742,Execution worker Thread 21,5,main]) started.
[        ] :file_selector_android:extractDeepLinksDebug (Thread[#37742,Execution worker Thread 21,5,main]) started.
[        ] > Task :file_selector_android:extractDeepLinksDebug UP-TO-DATE
[        ] Caching disabled for task ':file_selector_android:extractDeepLinksDebug' because:
[        ]   Build cache is disabled
[        ] Skipping task ':file_selector_android:extractDeepLinksDebug' as it is up-to-date.
[        ] work action resolve navigation.json (project :file_selector_android) (Thread[#37742,Execution worker Thread 21,5,main]) started.
[        ] Resolve mutations for :file_selector_android:processDebugManifest (Thread[#37742,Execution worker Thread 21,5,main]) started.
[        ] :file_selector_android:processDebugManifest (Thread[#37742,Execution worker Thread 21,5,main]) started.
[        ] > Task :file_selector_android:processDebugManifest UP-TO-DATE
[        ] Caching disabled for task ':file_selector_android:processDebugManifest' because:
[        ]   Build cache is disabled
[        ] Skipping task ':file_selector_android:processDebugManifest' as it is up-to-date.
[        ] work action resolve AndroidManifest.xml (project :file_selector_android) (Thread[#37742,Execution worker Thread 21,5,main]) started.
[        ] Resolve mutations for :flutter_keyboard_visibility_temp_fork:extractDeepLinksDebug (Thread[#37742,Execution worker Thread 21,5,main]) started.
[        ] :flutter_keyboard_visibility_temp_fork:extractDeepLinksDebug (Thread[#37742,Execution worker Thread 21,5,main]) started.
[        ] > Task :flutter_keyboard_visibility_temp_fork:extractDeepLinksDebug UP-TO-DATE
[        ] Caching disabled for task ':flutter_keyboard_visibility_temp_fork:extractDeepLinksDebug' because:
[        ]   Build cache is disabled
[        ] Skipping task ':flutter_keyboard_visibility_temp_fork:extractDeepLinksDebug' as it is up-to-date.
[        ] work action resolve navigation.json (project :flutter_keyboard_visibility_temp_fork) (Thread[#37742,Execution worker Thread 21,5,main]) started.
[        ] Resolve mutations for :flutter_keyboard_visibility_temp_fork:processDebugManifest (Thread[#37742,Execution worker Thread 21,5,main]) started.
[        ] :flutter_keyboard_visibility_temp_fork:processDebugManifest (Thread[#37742,Execution worker Thread 21,5,main]) started.
[        ] > Task :flutter_keyboard_visibility_temp_fork:processDebugManifest UP-TO-DATE
[        ] Caching disabled for task ':flutter_keyboard_visibility_temp_fork:processDebugManifest' because:
[        ]   Build cache is disabled
[        ] Skipping task ':flutter_keyboard_visibility_temp_fork:processDebugManifest' as it is up-to-date.
[        ] work action resolve AndroidManifest.xml (project :flutter_keyboard_visibility_temp_fork) (Thread[#37742,Execution worker Thread 21,5,main]) started.
[        ] Resolve mutations for :flutter_native_splash:extractDeepLinksDebug (Thread[#37742,Execution worker Thread 21,5,main]) started.
[        ] :flutter_native_splash:extractDeepLinksDebug (Thread[#37742,Execution worker Thread 21,5,main]) started.
[        ] > Task :flutter_native_splash:extractDeepLinksDebug UP-TO-DATE
[        ] Caching disabled for task ':flutter_native_splash:extractDeepLinksDebug' because:
[        ]   Build cache is disabled
[        ] Skipping task ':flutter_native_splash:extractDeepLinksDebug' as it is up-to-date.
[        ] work action resolve navigation.json (project :flutter_native_splash) (Thread[#37742,Execution worker Thread 21,5,main]) started.
[        ] Resolve mutations for :flutter_native_splash:processDebugManifest (Thread[#37742,Execution worker Thread 21,5,main]) started.
[        ] :flutter_native_splash:processDebugManifest (Thread[#37742,Execution worker Thread 21,5,main]) started.
[        ] > Task :flutter_native_splash:processDebugManifest UP-TO-DATE
[        ] Caching disabled for task ':flutter_native_splash:processDebugManifest' because:
[        ]   Build cache is disabled
[        ] Skipping task ':flutter_native_splash:processDebugManifest' as it is up-to-date.
[        ] work action resolve AndroidManifest.xml (project :flutter_native_splash) (Thread[#37742,Execution worker Thread 21,5,main]) started.
[        ] Resolve mutations for :flutter_olm:extractDeepLinksDebug (Thread[#37742,Execution worker Thread 21,5,main]) started.
[        ] :flutter_olm:extractDeepLinksDebug (Thread[#37742,Execution worker Thread 21,5,main]) started.
[        ] > Task :flutter_olm:extractDeepLinksDebug UP-TO-DATE
[        ] Caching disabled for task ':flutter_olm:extractDeepLinksDebug' because:
[        ]   Build cache is disabled
[        ] Skipping task ':flutter_olm:extractDeepLinksDebug' as it is up-to-date.
[        ] work action resolve navigation.json (project :flutter_olm) (Thread[#37742,Execution worker Thread 21,5,main]) started.
[        ] Resolve mutations for :flutter_olm:processDebugManifest (Thread[#37742,Execution worker Thread 21,5,main]) started.
[        ] :flutter_olm:processDebugManifest (Thread[#37742,Execution worker Thread 21,5,main]) started.
[        ] > Task :flutter_olm:processDebugManifest UP-TO-DATE
[        ] Caching disabled for task ':flutter_olm:processDebugManifest' because:
[        ]   Build cache is disabled
[        ] Skipping task ':flutter_olm:processDebugManifest' as it is up-to-date.
[        ] work action resolve AndroidManifest.xml (project :flutter_olm) (Thread[#37742,Execution worker Thread 21,5,main]) started.
[        ] Resolve mutations for :flutter_openssl_crypto:extractDeepLinksDebug (Thread[#37742,Execution worker Thread 21,5,main]) started.
[        ] :flutter_openssl_crypto:extractDeepLinksDebug (Thread[#37742,Execution worker Thread 21,5,main]) started.
[        ] > Task :flutter_openssl_crypto:extractDeepLinksDebug UP-TO-DATE
[        ] Caching disabled for task ':flutter_openssl_crypto:extractDeepLinksDebug' because:
[        ]   Build cache is disabled
[        ] Skipping task ':flutter_openssl_crypto:extractDeepLinksDebug' as it is up-to-date.
[        ] work action resolve navigation.json (project :flutter_openssl_crypto) (Thread[#37742,Execution worker Thread 21,5,main]) started.
[        ] Resolve mutations for :flutter_openssl_crypto:processDebugManifest (Thread[#37742,Execution worker Thread 21,5,main]) started.
[        ] :flutter_openssl_crypto:processDebugManifest (Thread[#37742,Execution worker Thread 21,5,main]) started.
[        ] > Task :flutter_openssl_crypto:processDebugManifest UP-TO-DATE
[        ] Caching disabled for task ':flutter_openssl_crypto:processDebugManifest' because:
[        ]   Build cache is disabled
[        ] Skipping task ':flutter_openssl_crypto:processDebugManifest' as it is up-to-date.
[        ] work action resolve AndroidManifest.xml (project :flutter_openssl_crypto) (Thread[#37742,Execution worker Thread 21,5,main]) started.
[        ] Resolve mutations for :integration_test:extractDeepLinksDebug (Thread[#37742,Execution worker Thread 21,5,main]) started.
[        ] :integration_test:extractDeepLinksDebug (Thread[#37742,Execution worker Thread 21,5,main]) started.
[        ] > Task :integration_test:extractDeepLinksDebug UP-TO-DATE
[        ] Caching disabled for task ':integration_test:extractDeepLinksDebug' because:
[        ]   Build cache is disabled
[        ] Skipping task ':integration_test:extractDeepLinksDebug' as it is up-to-date.
[        ] work action resolve navigation.json (project :integration_test) (Thread[#37742,Execution worker Thread 21,5,main]) started.
[        ] Resolve mutations for :integration_test:processDebugManifest (Thread[#37742,Execution worker Thread 21,5,main]) started.
[        ] :integration_test:processDebugManifest (Thread[#37742,Execution worker Thread 21,5,main]) started.
[        ] > Task :integration_test:processDebugManifest UP-TO-DATE
[        ] Caching disabled for task ':integration_test:processDebugManifest' because:
[        ]   Build cache is disabled
[        ] Skipping task ':integration_test:processDebugManifest' as it is up-to-date.
[        ] work action resolve AndroidManifest.xml (project :integration_test) (Thread[#37742,Execution worker Thread 21,5,main]) started.
[        ] Resolve mutations for :path_provider_android:extractDeepLinksDebug (Thread[#37742,Execution worker Thread 21,5,main]) started.
[        ] :path_provider_android:extractDeepLinksDebug (Thread[#37742,Execution worker Thread 21,5,main]) started.
[        ] > Task :path_provider_android:extractDeepLinksDebug UP-TO-DATE
[        ] Caching disabled for task ':path_provider_android:extractDeepLinksDebug' because:
[        ]   Build cache is disabled
[        ] Skipping task ':path_provider_android:extractDeepLinksDebug' as it is up-to-date.
[        ] work action resolve navigation.json (project :path_provider_android) (Thread[#37742,Execution worker Thread 21,5,main]) started.
[        ] Resolve mutations for :path_provider_android:processDebugManifest (Thread[#37742,Execution worker Thread 21,5,main]) started.
[        ] :path_provider_android:processDebugManifest (Thread[#37738,Execution worker Thread 17,5,main]) started.
[        ] > Task :path_provider_android:processDebugManifest UP-TO-DATE
[        ] Caching disabled for task ':path_provider_android:processDebugManifest' because:
[        ]   Build cache is disabled
[        ] Skipping task ':path_provider_android:processDebugManifest' as it is up-to-date.
[        ] work action resolve AndroidManifest.xml (project :path_provider_android) (Thread[#37738,Execution worker Thread 17,5,main]) started.
[        ] Resolve mutations for :quill_native_bridge_android:extractDeepLinksDebug (Thread[#37738,Execution worker Thread 17,5,main]) started.
[        ] :quill_native_bridge_android:extractDeepLinksDebug (Thread[#37738,Execution worker Thread 17,5,main]) started.
[        ] > Task :quill_native_bridge_android:extractDeepLinksDebug UP-TO-DATE
[        ] Caching disabled for task ':quill_native_bridge_android:extractDeepLinksDebug' because:
[        ]   Build cache is disabled
[        ] Skipping task ':quill_native_bridge_android:extractDeepLinksDebug' as it is up-to-date.
[        ] work action resolve navigation.json (project :quill_native_bridge_android) (Thread[#37738,Execution worker Thread 17,5,main]) started.
[        ] Resolve mutations for :quill_native_bridge_android:processDebugManifest (Thread[#37738,Execution worker Thread 17,5,main]) started.
[        ] :quill_native_bridge_android:processDebugManifest (Thread[#37738,Execution worker Thread 17,5,main]) started.
[        ] > Task :quill_native_bridge_android:processDebugManifest UP-TO-DATE
[        ] Caching disabled for task ':quill_native_bridge_android:processDebugManifest' because:
[        ]   Build cache is disabled
[        ] Skipping task ':quill_native_bridge_android:processDebugManifest' as it is up-to-date.
[        ] work action resolve AndroidManifest.xml (project :quill_native_bridge_android) (Thread[#37738,Execution worker Thread 17,5,main]) started.
[        ] Resolve mutations for :shared_preferences_android:extractDeepLinksDebug (Thread[#37738,Execution worker Thread 17,5,main]) started.
[        ] :shared_preferences_android:extractDeepLinksDebug (Thread[#37738,Execution worker Thread 17,5,main]) started.
[        ] > Task :shared_preferences_android:extractDeepLinksDebug UP-TO-DATE
[        ] Caching disabled for task ':shared_preferences_android:extractDeepLinksDebug' because:
[        ]   Build cache is disabled
[        ] Skipping task ':shared_preferences_android:extractDeepLinksDebug' as it is up-to-date.
[        ] work action resolve navigation.json (project :shared_preferences_android) (Thread[#37738,Execution worker Thread 17,5,main]) started.
[        ] Resolve mutations for :shared_preferences_android:processDebugManifest (Thread[#37738,Execution worker Thread 17,5,main]) started.
[        ] :shared_preferences_android:processDebugManifest (Thread[#37738,Execution worker Thread 17,5,main]) started.
[        ] > Task :shared_preferences_android:processDebugManifest UP-TO-DATE
[        ] Caching disabled for task ':shared_preferences_android:processDebugManifest' because:
[        ]   Build cache is disabled
[        ] Skipping task ':shared_preferences_android:processDebugManifest' as it is up-to-date.
[        ] work action resolve AndroidManifest.xml (project :shared_preferences_android) (Thread[#37738,Execution worker Thread 17,5,main]) started.
[        ] Resolve mutations for :sqflite_android:extractDeepLinksDebug (Thread[#37738,Execution worker Thread 17,5,main]) started.
[        ] :sqflite_android:extractDeepLinksDebug (Thread[#37738,Execution worker Thread 17,5,main]) started.
[        ] > Task :sqflite_android:extractDeepLinksDebug UP-TO-DATE
[        ] Caching disabled for task ':sqflite_android:extractDeepLinksDebug' because:
[        ]   Build cache is disabled
[        ] Skipping task ':sqflite_android:extractDeepLinksDebug' as it is up-to-date.
[        ] work action resolve navigation.json (project :sqflite_android) (Thread[#37738,Execution worker Thread 17,5,main]) started.
[        ] Resolve mutations for :sqflite_android:processDebugManifest (Thread[#37738,Execution worker Thread 17,5,main]) started.
[        ] :sqflite_android:processDebugManifest (Thread[#37738,Execution worker Thread 17,5,main]) started.
[        ] > Task :sqflite_android:processDebugManifest UP-TO-DATE
[        ] Caching disabled for task ':sqflite_android:processDebugManifest' because:
[        ]   Build cache is disabled
[        ] Skipping task ':sqflite_android:processDebugManifest' as it is up-to-date.
[        ] work action resolve AndroidManifest.xml (project :sqflite_android) (Thread[#37738,Execution worker Thread 17,5,main]) started.
[        ] Resolve mutations for :url_launcher_android:extractDeepLinksDebug (Thread[#37738,Execution worker Thread 17,5,main]) started.
[        ] :url_launcher_android:extractDeepLinksDebug (Thread[#37738,Execution worker Thread 17,5,main]) started.
[        ] > Task :url_launcher_android:extractDeepLinksDebug UP-TO-DATE
[        ] Caching disabled for task ':url_launcher_android:extractDeepLinksDebug' because:
[        ]   Build cache is disabled
[        ] Skipping task ':url_launcher_android:extractDeepLinksDebug' as it is up-to-date.
[        ] work action resolve navigation.json (project :url_launcher_android) (Thread[#37738,Execution worker Thread 17,5,main]) started.
[        ] Resolve mutations for :url_launcher_android:processDebugManifest (Thread[#37738,Execution worker Thread 17,5,main]) started.
[        ] :url_launcher_android:processDebugManifest (Thread[#37738,Execution worker Thread 17,5,main]) started.
[        ] > Task :url_launcher_android:processDebugManifest UP-TO-DATE
[        ] Caching disabled for task ':url_launcher_android:processDebugManifest' because:
[        ]   Build cache is disabled
[        ] Skipping task ':url_launcher_android:processDebugManifest' as it is up-to-date.
[        ] work action resolve AndroidManifest.xml (project :url_launcher_android) (Thread[#37738,Execution worker Thread 17,5,main]) started.
[        ] Resolve mutations for :video_player_android:extractDeepLinksDebug (Thread[#37738,Execution worker Thread 17,5,main]) started.
[        ] :video_player_android:extractDeepLinksDebug (Thread[#37738,Execution worker Thread 17,5,main]) started.
[        ] > Task :video_player_android:extractDeepLinksDebug UP-TO-DATE
[        ] Caching disabled for task ':video_player_android:extractDeepLinksDebug' because:
[        ]   Build cache is disabled
[        ] Skipping task ':video_player_android:extractDeepLinksDebug' as it is up-to-date.
[        ] work action resolve navigation.json (project :video_player_android) (Thread[#37738,Execution worker Thread 17,5,main]) started.
[        ] Resolve mutations for :video_player_android:processDebugManifest (Thread[#37738,Execution worker Thread 17,5,main]) started.
[        ] :video_player_android:processDebugManifest (Thread[#37738,Execution worker Thread 17,5,main]) started.
[        ] > Task :video_player_android:processDebugManifest UP-TO-DATE
[        ] Caching disabled for task ':video_player_android:processDebugManifest' because:
[        ]   Build cache is disabled
[        ] Skipping task ':video_player_android:processDebugManifest' as it is up-to-date.
[        ] work action resolve AndroidManifest.xml (project :video_player_android) (Thread[#37738,Execution worker Thread 17,5,main]) started.
[        ] Resolve mutations for :app:processDebugMainManifest (Thread[#37738,Execution worker Thread 17,5,main]) started.
[        ] :app:processDebugMainManifest (Thread[#37738,Execution worker Thread 17,5,main]) started.
[        ] > Task :app:processDebugMainManifest UP-TO-DATE
[        ] Caching disabled for task ':app:processDebugMainManifest' because:
[        ]   Build cache is disabled
[        ] Skipping task ':app:processDebugMainManifest' as it is up-to-date.
[        ] Resolve mutations for :app:outputDebugAppLinkSettings (Thread[#37738,Execution worker Thread 17,5,main]) started.
[        ] :app:outputDebugAppLinkSettings (Thread[#37738,Execution worker Thread 17,5,main]) started.
[        ] > Task :app:outputDebugAppLinkSettings UP-TO-DATE
[        ] Caching disabled for task ':app:outputDebugAppLinkSettings' because:
[        ]   Build cache is disabled
[        ]   Caching has not been enabled for the task
[        ] Skipping task ':app:outputDebugAppLinkSettings' as it is up-to-date.
[        ] Resolve mutations for :app:processDebugManifest (Thread[#37738,Execution worker Thread 17,5,main]) started.
[        ] :app:processDebugManifest (Thread[#37738,Execution worker Thread 17,5,main]) started.
[        ] > Task :app:processDebugManifest UP-TO-DATE
[        ] Caching disabled for task ':app:processDebugManifest' because:
[        ]   Build cache is disabled
[        ] Skipping task ':app:processDebugManifest' as it is up-to-date.
[        ] Resolve mutations for :app:processDebugManifestForPackage (Thread[#37738,Execution worker Thread 17,5,main]) started.
[        ] :app:processDebugManifestForPackage (Thread[#37738,Execution worker Thread 17,5,main]) started.
[        ] > Task :app:processDebugManifestForPackage UP-TO-DATE
[        ] Custom actions are attached to task ':app:processDebugManifestForPackage'.
[        ] Caching disabled for task ':app:processDebugManifestForPackage' because:
[        ]   Build cache is disabled
[        ] Skipping task ':app:processDebugManifestForPackage' as it is up-to-date.
[        ] Resolve mutations for :connectivity_plus:compileDebugLibraryResources (Thread[#37738,Execution worker Thread 17,5,main]) started.
[        ] :connectivity_plus:compileDebugLibraryResources (Thread[#37738,Execution worker Thread 17,5,main]) started.
[        ] > Task :connectivity_plus:compileDebugLibraryResources UP-TO-DATE
[        ] Caching disabled for task ':connectivity_plus:compileDebugLibraryResources' because:
[        ]   Build cache is disabled
[        ] Skipping task ':connectivity_plus:compileDebugLibraryResources' as it is up-to-date.
[        ] work action resolve out (project :connectivity_plus) (Thread[#37738,Execution worker Thread 17,5,main]) started.
[        ] Resolve mutations for :connectivity_plus:parseDebugLocalResources (Thread[#37738,Execution worker Thread 17,5,main]) started.
[        ] :connectivity_plus:parseDebugLocalResources (Thread[#37738,Execution worker Thread 17,5,main]) started.
[        ] > Task :connectivity_plus:parseDebugLocalResources UP-TO-DATE
[        ] Caching disabled for task ':connectivity_plus:parseDebugLocalResources' because:
[        ]   Build cache is disabled
[        ] Skipping task ':connectivity_plus:parseDebugLocalResources' as it is up-to-date.
[        ] Resolve mutations for :connectivity_plus:generateDebugRFile (Thread[#37738,Execution worker Thread 17,5,main]) started.
[        ] :connectivity_plus:generateDebugRFile (Thread[#37738,Execution worker Thread 17,5,main]) started.
[        ] > Task :connectivity_plus:generateDebugRFile UP-TO-DATE
[        ] Caching disabled for task ':connectivity_plus:generateDebugRFile' because:
[        ]   Build cache is disabled
[        ] Skipping task ':connectivity_plus:generateDebugRFile' as it is up-to-date.
[        ] work action resolve package-aware-r.txt (project :connectivity_plus) (Thread[#37738,Execution worker Thread 17,5,main]) started.
[        ] Resolve mutations for :emoji_picker_flutter:compileDebugLibraryResources (Thread[#37738,Execution worker Thread 17,5,main]) started.
[        ] :emoji_picker_flutter:compileDebugLibraryResources (Thread[#37738,Execution worker Thread 17,5,main]) started.
[        ] > Task :emoji_picker_flutter:compileDebugLibraryResources UP-TO-DATE
[        ] Caching disabled for task ':emoji_picker_flutter:compileDebugLibraryResources' because:
[        ]   Build cache is disabled
[        ] Skipping task ':emoji_picker_flutter:compileDebugLibraryResources' as it is up-to-date.
[        ] work action resolve out (project :emoji_picker_flutter) (Thread[#37738,Execution worker Thread 17,5,main]) started.
[        ] Resolve mutations for :emoji_picker_flutter:parseDebugLocalResources (Thread[#37738,Execution worker Thread 17,5,main]) started.
[        ] :emoji_picker_flutter:parseDebugLocalResources (Thread[#37738,Execution worker Thread 17,5,main]) started.
[        ] > Task :emoji_picker_flutter:parseDebugLocalResources UP-TO-DATE
[        ] Caching disabled for task ':emoji_picker_flutter:parseDebugLocalResources' because:
[        ]   Build cache is disabled
[        ] Skipping task ':emoji_picker_flutter:parseDebugLocalResources' as it is up-to-date.
[        ] Resolve mutations for :emoji_picker_flutter:generateDebugRFile (Thread[#37738,Execution worker Thread 17,5,main]) started.
[        ] :emoji_picker_flutter:generateDebugRFile (Thread[#37738,Execution worker Thread 17,5,main]) started.
[        ] > Task :emoji_picker_flutter:generateDebugRFile UP-TO-DATE
[        ] Caching disabled for task ':emoji_picker_flutter:generateDebugRFile' because:
[        ]   Build cache is disabled
[        ] Skipping task ':emoji_picker_flutter:generateDebugRFile' as it is up-to-date.
[        ] work action resolve package-aware-r.txt (project :emoji_picker_flutter) (Thread[#37738,Execution worker Thread 17,5,main]) started.
[        ] Resolve mutations for :file_selector_android:compileDebugLibraryResources (Thread[#37738,Execution worker Thread 17,5,main]) started.
[        ] :file_selector_android:compileDebugLibraryResources (Thread[#37738,Execution worker Thread 17,5,main]) started.
[        ] > Task :file_selector_android:compileDebugLibraryResources UP-TO-DATE
[        ] Caching disabled for task ':file_selector_android:compileDebugLibraryResources' because:
[        ]   Build cache is disabled
[        ] Skipping task ':file_selector_android:compileDebugLibraryResources' as it is up-to-date.
[        ] work action resolve out (project :file_selector_android) (Thread[#37738,Execution worker Thread 17,5,main]) started.
[        ] Resolve mutations for :file_selector_android:parseDebugLocalResources (Thread[#37738,Execution worker Thread 17,5,main]) started.
[        ] :file_selector_android:parseDebugLocalResources (Thread[#37738,Execution worker Thread 17,5,main]) started.
[        ] > Task :file_selector_android:parseDebugLocalResources UP-TO-DATE
[        ] Caching disabled for task ':file_selector_android:parseDebugLocalResources' because:
[        ]   Build cache is disabled
[        ] Skipping task ':file_selector_android:parseDebugLocalResources' as it is up-to-date.
[        ] Resolve mutations for :file_selector_android:generateDebugRFile (Thread[#37738,Execution worker Thread 17,5,main]) started.
[        ] :file_selector_android:generateDebugRFile (Thread[#37738,Execution worker Thread 17,5,main]) started.
[        ] > Task :file_selector_android:generateDebugRFile UP-TO-DATE
[        ] Caching disabled for task ':file_selector_android:generateDebugRFile' because:
[        ]   Build cache is disabled
[        ] Skipping task ':file_selector_android:generateDebugRFile' as it is up-to-date.
[        ] work action resolve package-aware-r.txt (project :file_selector_android) (Thread[#37738,Execution worker Thread 17,5,main]) started.
[        ] Resolve mutations for :flutter_keyboard_visibility_temp_fork:compileDebugLibraryResources (Thread[#37738,Execution worker Thread 17,5,main]) started.
[        ] :flutter_keyboard_visibility_temp_fork:compileDebugLibraryResources (Thread[#37738,Execution worker Thread 17,5,main]) started.
[        ] > Task :flutter_keyboard_visibility_temp_fork:compileDebugLibraryResources UP-TO-DATE
[        ] Caching disabled for task ':flutter_keyboard_visibility_temp_fork:compileDebugLibraryResources' because:
[        ]   Build cache is disabled
[        ] Skipping task ':flutter_keyboard_visibility_temp_fork:compileDebugLibraryResources' as it is up-to-date.
[        ] work action resolve out (project :flutter_keyboard_visibility_temp_fork) (Thread[#37738,Execution worker Thread 17,5,main]) started.
[        ] Resolve mutations for :flutter_keyboard_visibility_temp_fork:parseDebugLocalResources (Thread[#37738,Execution worker Thread 17,5,main]) started.
[        ] :flutter_keyboard_visibility_temp_fork:parseDebugLocalResources (Thread[#37738,Execution worker Thread 17,5,main]) started.
[        ] > Task :flutter_keyboard_visibility_temp_fork:parseDebugLocalResources UP-TO-DATE
[        ] Caching disabled for task ':flutter_keyboard_visibility_temp_fork:parseDebugLocalResources' because:
[        ]   Build cache is disabled
[        ] Skipping task ':flutter_keyboard_visibility_temp_fork:parseDebugLocalResources' as it is up-to-date.
[        ] Resolve mutations for :flutter_keyboard_visibility_temp_fork:generateDebugRFile (Thread[#37738,Execution worker Thread 17,5,main]) started.
[        ] :flutter_keyboard_visibility_temp_fork:generateDebugRFile (Thread[#37738,Execution worker Thread 17,5,main]) started.
[        ] > Task :flutter_keyboard_visibility_temp_fork:generateDebugRFile UP-TO-DATE
[        ] Caching disabled for task ':flutter_keyboard_visibility_temp_fork:generateDebugRFile' because:
[        ]   Build cache is disabled
[        ] Skipping task ':flutter_keyboard_visibility_temp_fork:generateDebugRFile' as it is up-to-date.
[        ] work action resolve package-aware-r.txt (project :flutter_keyboard_visibility_temp_fork) (Thread[#37738,Execution worker Thread 17,5,main]) started.
[        ] Resolve mutations for :flutter_native_splash:compileDebugLibraryResources (Thread[#37738,Execution worker Thread 17,5,main]) started.
[        ] :flutter_native_splash:compileDebugLibraryResources (Thread[#37738,Execution worker Thread 17,5,main]) started.
[        ] > Task :flutter_native_splash:compileDebugLibraryResources UP-TO-DATE
[        ] Caching disabled for task ':flutter_native_splash:compileDebugLibraryResources' because:
[        ]   Build cache is disabled
[        ] Skipping task ':flutter_native_splash:compileDebugLibraryResources' as it is up-to-date.
[        ] work action resolve out (project :flutter_native_splash) (Thread[#37738,Execution worker Thread 17,5,main]) started.
[        ] Resolve mutations for :flutter_native_splash:parseDebugLocalResources (Thread[#37738,Execution worker Thread 17,5,main]) started.
[        ] :flutter_native_splash:parseDebugLocalResources (Thread[#37738,Execution worker Thread 17,5,main]) started.
[        ] > Task :flutter_native_splash:parseDebugLocalResources UP-TO-DATE
[        ] Caching disabled for task ':flutter_native_splash:parseDebugLocalResources' because:
[        ]   Build cache is disabled
[        ] Skipping task ':flutter_native_splash:parseDebugLocalResources' as it is up-to-date.
[        ] Resolve mutations for :flutter_native_splash:generateDebugRFile (Thread[#37738,Execution worker Thread 17,5,main]) started.
[        ] :flutter_native_splash:generateDebugRFile (Thread[#37738,Execution worker Thread 17,5,main]) started.
[        ] > Task :flutter_native_splash:generateDebugRFile UP-TO-DATE
[        ] Caching disabled for task ':flutter_native_splash:generateDebugRFile' because:
[        ]   Build cache is disabled
[        ] Skipping task ':flutter_native_splash:generateDebugRFile' as it is up-to-date.
[        ] work action resolve package-aware-r.txt (project :flutter_native_splash) (Thread[#37738,Execution worker Thread 17,5,main]) started.
[        ] Resolve mutations for :flutter_olm:compileDebugLibraryResources (Thread[#37738,Execution worker Thread 17,5,main]) started.
[        ] :flutter_olm:compileDebugLibraryResources (Thread[#37738,Execution worker Thread 17,5,main]) started.
[        ] > Task :flutter_olm:compileDebugLibraryResources UP-TO-DATE
[        ] Caching disabled for task ':flutter_olm:compileDebugLibraryResources' because:
[        ]   Build cache is disabled
[        ] Skipping task ':flutter_olm:compileDebugLibraryResources' as it is up-to-date.
[        ] work action resolve out (project :flutter_olm) (Thread[#37738,Execution worker Thread 17,5,main]) started.
[        ] Resolve mutations for :flutter_olm:parseDebugLocalResources (Thread[#37738,Execution worker Thread 17,5,main]) started.
[        ] :flutter_olm:parseDebugLocalResources (Thread[#37738,Execution worker Thread 17,5,main]) started.
[        ] > Task :flutter_olm:parseDebugLocalResources UP-TO-DATE
[        ] Caching disabled for task ':flutter_olm:parseDebugLocalResources' because:
[        ]   Build cache is disabled
[        ] Skipping task ':flutter_olm:parseDebugLocalResources' as it is up-to-date.
[        ] Resolve mutations for :flutter_olm:generateDebugRFile (Thread[#37738,Execution worker Thread 17,5,main]) started.
[        ] :flutter_olm:generateDebugRFile (Thread[#37738,Execution worker Thread 17,5,main]) started.
[        ] > Task :flutter_olm:generateDebugRFile UP-TO-DATE
[        ] Caching disabled for task ':flutter_olm:generateDebugRFile' because:
[        ]   Build cache is disabled
[        ] Skipping task ':flutter_olm:generateDebugRFile' as it is up-to-date.
[        ] work action resolve package-aware-r.txt (project :flutter_olm) (Thread[#37738,Execution worker Thread 17,5,main]) started.
[        ] Resolve mutations for :flutter_openssl_crypto:compileDebugLibraryResources (Thread[#37738,Execution worker Thread 17,5,main]) started.
[        ] :flutter_openssl_crypto:compileDebugLibraryResources (Thread[#37738,Execution worker Thread 17,5,main]) started.
[        ] > Task :flutter_openssl_crypto:compileDebugLibraryResources UP-TO-DATE
[        ] Caching disabled for task ':flutter_openssl_crypto:compileDebugLibraryResources' because:
[        ]   Build cache is disabled
[        ] Skipping task ':flutter_openssl_crypto:compileDebugLibraryResources' as it is up-to-date.
[        ] work action resolve out (project :flutter_openssl_crypto) (Thread[#37738,Execution worker Thread 17,5,main]) started.
[        ] Resolve mutations for :flutter_openssl_crypto:parseDebugLocalResources (Thread[#37738,Execution worker Thread 17,5,main]) started.
[        ] :flutter_openssl_crypto:parseDebugLocalResources (Thread[#37738,Execution worker Thread 17,5,main]) started.
[        ] > Task :flutter_openssl_crypto:parseDebugLocalResources UP-TO-DATE
[        ] Caching disabled for task ':flutter_openssl_crypto:parseDebugLocalResources' because:
[        ]   Build cache is disabled
[        ] Skipping task ':flutter_openssl_crypto:parseDebugLocalResources' as it is up-to-date.
[        ] Resolve mutations for :flutter_openssl_crypto:generateDebugRFile (Thread[#37738,Execution worker Thread 17,5,main]) started.
[        ] :flutter_openssl_crypto:generateDebugRFile (Thread[#37738,Execution worker Thread 17,5,main]) started.
[        ] > Task :flutter_openssl_crypto:generateDebugRFile UP-TO-DATE
[        ] Caching disabled for task ':flutter_openssl_crypto:generateDebugRFile' because:
[        ]   Build cache is disabled
[        ] Skipping task ':flutter_openssl_crypto:generateDebugRFile' as it is up-to-date.
[        ] work action resolve package-aware-r.txt (project :flutter_openssl_crypto) (Thread[#37738,Execution worker Thread 17,5,main]) started.
[        ] Resolve mutations for :integration_test:compileDebugLibraryResources (Thread[#37738,Execution worker Thread 17,5,main]) started.
[        ] :integration_test:compileDebugLibraryResources (Thread[#37738,Execution worker Thread 17,5,main]) started.
[        ] > Task :integration_test:compileDebugLibraryResources UP-TO-DATE
[        ] Caching disabled for task ':integration_test:compileDebugLibraryResources' because:
[        ]   Build cache is disabled
[        ] Skipping task ':integration_test:compileDebugLibraryResources' as it is up-to-date.
[        ] work action resolve out (project :integration_test) (Thread[#37738,Execution worker Thread 17,5,main]) started.
[        ] Resolve mutations for :integration_test:parseDebugLocalResources (Thread[#37738,Execution worker Thread 17,5,main]) started.
[        ] :integration_test:parseDebugLocalResources (Thread[#37738,Execution worker Thread 17,5,main]) started.
[        ] > Task :integration_test:parseDebugLocalResources UP-TO-DATE
[        ] Caching disabled for task ':integration_test:parseDebugLocalResources' because:
[        ]   Build cache is disabled
[        ] Skipping task ':integration_test:parseDebugLocalResources' as it is up-to-date.
[        ] Resolve mutations for :integration_test:generateDebugRFile (Thread[#37738,Execution worker Thread 17,5,main]) started.
[        ] :integration_test:generateDebugRFile (Thread[#37738,Execution worker Thread 17,5,main]) started.
[        ] > Task :integration_test:generateDebugRFile UP-TO-DATE
[        ] Caching disabled for task ':integration_test:generateDebugRFile' because:
[        ]   Build cache is disabled
[        ] Skipping task ':integration_test:generateDebugRFile' as it is up-to-date.
[        ] work action resolve package-aware-r.txt (project :integration_test) (Thread[#37738,Execution worker Thread 17,5,main]) started.
[        ] Resolve mutations for :path_provider_android:compileDebugLibraryResources (Thread[#37738,Execution worker Thread 17,5,main]) started.
[        ] :path_provider_android:compileDebugLibraryResources (Thread[#37738,Execution worker Thread 17,5,main]) started.
[        ] > Task :path_provider_android:compileDebugLibraryResources UP-TO-DATE
[        ] Caching disabled for task ':path_provider_android:compileDebugLibraryResources' because:
[        ]   Build cache is disabled
[        ] Skipping task ':path_provider_android:compileDebugLibraryResources' as it is up-to-date.
[        ] work action resolve out (project :path_provider_android) (Thread[#37738,Execution worker Thread 17,5,main]) started.
[        ] Resolve mutations for :path_provider_android:parseDebugLocalResources (Thread[#37738,Execution worker Thread 17,5,main]) started.
[        ] :path_provider_android:parseDebugLocalResources (Thread[#37738,Execution worker Thread 17,5,main]) started.
[        ] > Task :path_provider_android:parseDebugLocalResources UP-TO-DATE
[        ] Caching disabled for task ':path_provider_android:parseDebugLocalResources' because:
[        ]   Build cache is disabled
[        ] Skipping task ':path_provider_android:parseDebugLocalResources' as it is up-to-date.
[        ] Resolve mutations for :path_provider_android:generateDebugRFile (Thread[#37738,Execution worker Thread 17,5,main]) started.
[        ] :path_provider_android:generateDebugRFile (Thread[#37738,Execution worker Thread 17,5,main]) started.
[        ] > Task :path_provider_android:generateDebugRFile UP-TO-DATE
[        ] Caching disabled for task ':path_provider_android:generateDebugRFile' because:
[        ]   Build cache is disabled
[        ] Skipping task ':path_provider_android:generateDebugRFile' as it is up-to-date.
[        ] work action resolve package-aware-r.txt (project :path_provider_android) (Thread[#37738,Execution worker Thread 17,5,main]) started.
[        ] Resolve mutations for :quill_native_bridge_android:compileDebugLibraryResources (Thread[#37738,Execution worker Thread 17,5,main]) started.
[        ] :quill_native_bridge_android:compileDebugLibraryResources (Thread[#37738,Execution worker Thread 17,5,main]) started.
[        ] > Task :quill_native_bridge_android:compileDebugLibraryResources UP-TO-DATE
[        ] Caching disabled for task ':quill_native_bridge_android:compileDebugLibraryResources' because:
[        ]   Build cache is disabled
[        ] Skipping task ':quill_native_bridge_android:compileDebugLibraryResources' as it is up-to-date.
[        ] work action resolve out (project :quill_native_bridge_android) (Thread[#37738,Execution worker Thread 17,5,main]) started.
[        ] Resolve mutations for :quill_native_bridge_android:parseDebugLocalResources (Thread[#37738,Execution worker Thread 17,5,main]) started.
[        ] :quill_native_bridge_android:parseDebugLocalResources (Thread[#37738,Execution worker Thread 17,5,main]) started.
[        ] > Task :quill_native_bridge_android:parseDebugLocalResources UP-TO-DATE
[        ] Caching disabled for task ':quill_native_bridge_android:parseDebugLocalResources' because:
[        ]   Build cache is disabled
[        ] Skipping task ':quill_native_bridge_android:parseDebugLocalResources' as it is up-to-date.
[        ] Resolve mutations for :quill_native_bridge_android:generateDebugRFile (Thread[#37738,Execution worker Thread 17,5,main]) started.
[        ] :quill_native_bridge_android:generateDebugRFile (Thread[#37738,Execution worker Thread 17,5,main]) started.
[        ] > Task :quill_native_bridge_android:generateDebugRFile UP-TO-DATE
[        ] Caching disabled for task ':quill_native_bridge_android:generateDebugRFile' because:
[        ]   Build cache is disabled
[        ] Skipping task ':quill_native_bridge_android:generateDebugRFile' as it is up-to-date.
[        ] work action resolve package-aware-r.txt (project :quill_native_bridge_android) (Thread[#37738,Execution worker Thread 17,5,main]) started.
[        ] Resolve mutations for :shared_preferences_android:compileDebugLibraryResources (Thread[#37738,Execution worker Thread 17,5,main]) started.
[        ] :shared_preferences_android:compileDebugLibraryResources (Thread[#37738,Execution worker Thread 17,5,main]) started.
[        ] > Task :shared_preferences_android:compileDebugLibraryResources UP-TO-DATE
[        ] Caching disabled for task ':shared_preferences_android:compileDebugLibraryResources' because:
[        ]   Build cache is disabled
[        ] Skipping task ':shared_preferences_android:compileDebugLibraryResources' as it is up-to-date.
[        ] work action resolve out (project :shared_preferences_android) (Thread[#37738,Execution worker Thread 17,5,main]) started.
[        ] Resolve mutations for :shared_preferences_android:parseDebugLocalResources (Thread[#37738,Execution worker Thread 17,5,main]) started.
[        ] :shared_preferences_android:parseDebugLocalResources (Thread[#37738,Execution worker Thread 17,5,main]) started.
[        ] > Task :shared_preferences_android:parseDebugLocalResources UP-TO-DATE
[        ] Caching disabled for task ':shared_preferences_android:parseDebugLocalResources' because:
[        ]   Build cache is disabled
[        ] Skipping task ':shared_preferences_android:parseDebugLocalResources' as it is up-to-date.
[        ] Resolve mutations for :shared_preferences_android:generateDebugRFile (Thread[#37738,Execution worker Thread 17,5,main]) started.
[        ] :shared_preferences_android:generateDebugRFile (Thread[#37738,Execution worker Thread 17,5,main]) started.
[        ] > Task :shared_preferences_android:generateDebugRFile UP-TO-DATE
[        ] Caching disabled for task ':shared_preferences_android:generateDebugRFile' because:
[        ]   Build cache is disabled
[        ] Skipping task ':shared_preferences_android:generateDebugRFile' as it is up-to-date.
[        ] work action resolve package-aware-r.txt (project :shared_preferences_android) (Thread[#37738,Execution worker Thread 17,5,main]) started.
[        ] Resolve mutations for :sqflite_android:compileDebugLibraryResources (Thread[#37738,Execution worker Thread 17,5,main]) started.
[        ] :sqflite_android:compileDebugLibraryResources (Thread[#37738,Execution worker Thread 17,5,main]) started.
[        ] > Task :sqflite_android:compileDebugLibraryResources UP-TO-DATE
[        ] Caching disabled for task ':sqflite_android:compileDebugLibraryResources' because:
[        ]   Build cache is disabled
[        ] Skipping task ':sqflite_android:compileDebugLibraryResources' as it is up-to-date.
[        ] work action resolve out (project :sqflite_android) (Thread[#37738,Execution worker Thread 17,5,main]) started.
[        ] Resolve mutations for :sqflite_android:parseDebugLocalResources (Thread[#37738,Execution worker Thread 17,5,main]) started.
[        ] :sqflite_android:parseDebugLocalResources (Thread[#37738,Execution worker Thread 17,5,main]) started.
[        ] > Task :sqflite_android:parseDebugLocalResources UP-TO-DATE
[        ] Caching disabled for task ':sqflite_android:parseDebugLocalResources' because:
[        ]   Build cache is disabled
[        ] Skipping task ':sqflite_android:parseDebugLocalResources' as it is up-to-date.
[        ] Resolve mutations for :sqflite_android:generateDebugRFile (Thread[#37738,Execution worker Thread 17,5,main]) started.
[        ] :sqflite_android:generateDebugRFile (Thread[#37738,Execution worker Thread 17,5,main]) started.
[        ] > Task :sqflite_android:generateDebugRFile UP-TO-DATE
[        ] Caching disabled for task ':sqflite_android:generateDebugRFile' because:
[        ]   Build cache is disabled
[        ] Skipping task ':sqflite_android:generateDebugRFile' as it is up-to-date.
[        ] work action resolve package-aware-r.txt (project :sqflite_android) (Thread[#37738,Execution worker Thread 17,5,main]) started.
[        ] Resolve mutations for :url_launcher_android:compileDebugLibraryResources (Thread[#37738,Execution worker Thread 17,5,main]) started.
[        ] :url_launcher_android:compileDebugLibraryResources (Thread[#37738,Execution worker Thread 17,5,main]) started.
[        ] > Task :url_launcher_android:compileDebugLibraryResources UP-TO-DATE
[        ] Caching disabled for task ':url_launcher_android:compileDebugLibraryResources' because:
[        ]   Build cache is disabled
[        ] Skipping task ':url_launcher_android:compileDebugLibraryResources' as it is up-to-date.
[        ] work action resolve out (project :url_launcher_android) (Thread[#37738,Execution worker Thread 17,5,main]) started.
[        ] Resolve mutations for :url_launcher_android:parseDebugLocalResources (Thread[#37738,Execution worker Thread 17,5,main]) started.
[        ] :url_launcher_android:parseDebugLocalResources (Thread[#37738,Execution worker Thread 17,5,main]) started.
[        ] > Task :url_launcher_android:parseDebugLocalResources UP-TO-DATE
[        ] Caching disabled for task ':url_launcher_android:parseDebugLocalResources' because:
[        ]   Build cache is disabled
[        ] Skipping task ':url_launcher_android:parseDebugLocalResources' as it is up-to-date.
[        ] Resolve mutations for :url_launcher_android:generateDebugRFile (Thread[#37738,Execution worker Thread 17,5,main]) started.
[        ] :url_launcher_android:generateDebugRFile (Thread[#37738,Execution worker Thread 17,5,main]) started.
[        ] > Task :url_launcher_android:generateDebugRFile UP-TO-DATE
[        ] Caching disabled for task ':url_launcher_android:generateDebugRFile' because:
[        ]   Build cache is disabled
[        ] Skipping task ':url_launcher_android:generateDebugRFile' as it is up-to-date.
[        ] work action resolve package-aware-r.txt (project :url_launcher_android) (Thread[#37738,Execution worker Thread 17,5,main]) started.
[        ] Resolve mutations for :video_player_android:compileDebugLibraryResources (Thread[#37738,Execution worker Thread 17,5,main]) started.
[        ] :video_player_android:compileDebugLibraryResources (Thread[#37738,Execution worker Thread 17,5,main]) started.
[        ] > Task :video_player_android:compileDebugLibraryResources UP-TO-DATE
[        ] Caching disabled for task ':video_player_android:compileDebugLibraryResources' because:
[        ]   Build cache is disabled
[        ] Skipping task ':video_player_android:compileDebugLibraryResources' as it is up-to-date.
[        ] work action resolve out (project :video_player_android) (Thread[#37738,Execution worker Thread 17,5,main]) started.
[        ] Resolve mutations for :video_player_android:parseDebugLocalResources (Thread[#37738,Execution worker Thread 17,5,main]) started.
[        ] :video_player_android:parseDebugLocalResources (Thread[#37738,Execution worker Thread 17,5,main]) started.
[        ] > Task :video_player_android:parseDebugLocalResources UP-TO-DATE
[        ] Caching disabled for task ':video_player_android:parseDebugLocalResources' because:
[        ]   Build cache is disabled
[        ] Skipping task ':video_player_android:parseDebugLocalResources' as it is up-to-date.
[        ] Resolve mutations for :video_player_android:generateDebugRFile (Thread[#37738,Execution worker Thread 17,5,main]) started.
[        ] :video_player_android:generateDebugRFile (Thread[#37738,Execution worker Thread 17,5,main]) started.
[        ] > Task :video_player_android:generateDebugRFile UP-TO-DATE
[        ] Caching disabled for task ':video_player_android:generateDebugRFile' because:
[        ]   Build cache is disabled
[        ] Skipping task ':video_player_android:generateDebugRFile' as it is up-to-date.
[        ] work action resolve package-aware-r.txt (project :video_player_android) (Thread[#37738,Execution worker Thread 17,5,main]) started.
[        ] Resolve mutations for :app:processDebugResources (Thread[#37738,Execution worker Thread 17,5,main]) started.
[        ] :app:processDebugResources (Thread[#37738,Execution worker Thread 17,5,main]) started.
[        ] > Task :app:processDebugResources UP-TO-DATE
[        ] Caching disabled for task ':app:processDebugResources' because:
[        ]   Build cache is disabled
[        ] Skipping task ':app:processDebugResources' as it is up-to-date.
[        ] Resolve mutations for :connectivity_plus:javaPreCompileDebug (Thread[#37738,Execution worker Thread 17,5,main]) started.
[        ] :connectivity_plus:javaPreCompileDebug (Thread[#37738,Execution worker Thread 17,5,main]) started.
[        ] > Task :connectivity_plus:javaPreCompileDebug UP-TO-DATE
[        ] Caching disabled for task ':connectivity_plus:javaPreCompileDebug' because:
[        ]   Build cache is disabled
[        ] Skipping task ':connectivity_plus:javaPreCompileDebug' as it is up-to-date.
[        ] Resolve mutations for :connectivity_plus:compileDebugJavaWithJavac (Thread[#37738,Execution worker Thread 17,5,main]) started.
[        ] :connectivity_plus:compileDebugJavaWithJavac (Thread[#37738,Execution worker Thread 17,5,main]) started.
[        ] > Task :connectivity_plus:compileDebugJavaWithJavac UP-TO-DATE
[        ] Custom actions are attached to task ':connectivity_plus:compileDebugJavaWithJavac'.
[        ] Caching disabled for task ':connectivity_plus:compileDebugJavaWithJavac' because:
[        ]   Build cache is disabled
[        ] Skipping task ':connectivity_plus:compileDebugJavaWithJavac' as it is up-to-date.
[        ] No compile result for :connectivity_plus:compileDebugJavaWithJavac
[        ] No compile result for :connectivity_plus:compileDebugJavaWithJavac
[        ] Resolve mutations for :connectivity_plus:bundleLibCompileToJarDebug (Thread[#37738,Execution worker Thread 17,5,main]) started.
[        ] :connectivity_plus:bundleLibCompileToJarDebug (Thread[#37738,Execution worker Thread 17,5,main]) started.
[        ] > Task :connectivity_plus:bundleLibCompileToJarDebug UP-TO-DATE
[        ] Caching disabled for task ':connectivity_plus:bundleLibCompileToJarDebug' because:
[        ]   Build cache is disabled
[        ]   Simple merging task
[        ] Skipping task ':connectivity_plus:bundleLibCompileToJarDebug' as it is up-to-date.
[        ] work action resolve classes.jar (project :connectivity_plus) (Thread[#37738,Execution worker Thread 17,5,main]) started.
[        ] Resolve mutations for :emoji_picker_flutter:checkKotlinGradlePluginConfigurationErrors (Thread[#37738,Execution worker Thread 17,5,main]) started.
[        ] :emoji_picker_flutter:checkKotlinGradlePluginConfigurationErrors (Thread[#37738,Execution worker Thread 17,5,main]) started.
[        ] > Task :emoji_picker_flutter:checkKotlinGradlePluginConfigurationErrors SKIPPED
[        ] Skipping task ':emoji_picker_flutter:checkKotlinGradlePluginConfigurationErrors' as task onlyIf 'errorDiagnostics are present' is false.
[        ] Resolve mutations for :emoji_picker_flutter:compileDebugKotlin (Thread[#37738,Execution worker Thread 17,5,main]) started.
[        ] :emoji_picker_flutter:compileDebugKotlin (Thread[#37738,Execution worker Thread 17,5,main]) started.
[        ] > Task :emoji_picker_flutter:compileDebugKotlin UP-TO-DATE
[        ] Adding -Xuse-inline-scopes-numbers Kotlin compiler flag for task :emoji_picker_flutter:compileDebugAndroidTestKotlin
[        ] Caching disabled for task ':emoji_picker_flutter:compileDebugKotlin' because:
[        ]   Build cache is disabled
[        ] Skipping task ':emoji_picker_flutter:compileDebugKotlin' as it is up-to-date.
[        ] Resolve mutations for :emoji_picker_flutter:javaPreCompileDebug (Thread[#37738,Execution worker Thread 17,5,main]) started.
[        ] :emoji_picker_flutter:javaPreCompileDebug (Thread[#37738,Execution worker Thread 17,5,main]) started.
[        ] > Task :emoji_picker_flutter:javaPreCompileDebug UP-TO-DATE
[        ] Caching disabled for task ':emoji_picker_flutter:javaPreCompileDebug' because:
[        ]   Build cache is disabled
[        ] Skipping task ':emoji_picker_flutter:javaPreCompileDebug' as it is up-to-date.
[        ] Resolve mutations for :emoji_picker_flutter:compileDebugJavaWithJavac (Thread[#37738,Execution worker Thread 17,5,main]) started.
[        ] :emoji_picker_flutter:compileDebugJavaWithJavac (Thread[#37738,Execution worker Thread 17,5,main]) started.
[        ] > Task :emoji_picker_flutter:compileDebugJavaWithJavac NO-SOURCE
[        ] Skipping task ':emoji_picker_flutter:compileDebugJavaWithJavac' as it has no source files and no previous output files.
[        ] Resolve mutations for :emoji_picker_flutter:bundleLibCompileToJarDebug (Thread[#37738,Execution worker Thread 17,5,main]) started.
[        ] :emoji_picker_flutter:bundleLibCompileToJarDebug (Thread[#37738,Execution worker Thread 17,5,main]) started.
[        ] > Task :emoji_picker_flutter:bundleLibCompileToJarDebug UP-TO-DATE
[        ] Caching disabled for task ':emoji_picker_flutter:bundleLibCompileToJarDebug' because:
[        ]   Build cache is disabled
[        ]   Simple merging task
[        ] Skipping task ':emoji_picker_flutter:bundleLibCompileToJarDebug' as it is up-to-date.
[        ] work action resolve classes.jar (project :emoji_picker_flutter) (Thread[#37738,Execution worker Thread 17,5,main]) started.
[        ] Resolve mutations for :file_selector_android:javaPreCompileDebug (Thread[#37738,Execution worker Thread 17,5,main]) started.
[        ] :file_selector_android:javaPreCompileDebug (Thread[#37738,Execution worker Thread 17,5,main]) started.
[        ] > Task :file_selector_android:javaPreCompileDebug UP-TO-DATE
[        ] Caching disabled for task ':file_selector_android:javaPreCompileDebug' because:
[        ]   Build cache is disabled
[        ] Skipping task ':file_selector_android:javaPreCompileDebug' as it is up-to-date.
[        ] Resolve mutations for :file_selector_android:compileDebugJavaWithJavac (Thread[#37738,Execution worker Thread 17,5,main]) started.
[        ] :file_selector_android:compileDebugJavaWithJavac (Thread[#37738,Execution worker Thread 17,5,main]) started.
[        ] > Task :file_selector_android:compileDebugJavaWithJavac UP-TO-DATE
[        ] Custom actions are attached to task ':file_selector_android:compileDebugJavaWithJavac'.
[        ] Caching disabled for task ':file_selector_android:compileDebugJavaWithJavac' because:
[        ]   Build cache is disabled
[        ] Skipping task ':file_selector_android:compileDebugJavaWithJavac' as it is up-to-date.
[        ] No compile result for :file_selector_android:compileDebugJavaWithJavac
[        ] No compile result for :file_selector_android:compileDebugJavaWithJavac
[        ] Resolve mutations for :file_selector_android:bundleLibCompileToJarDebug (Thread[#37738,Execution worker Thread 17,5,main]) started.
[        ] :file_selector_android:bundleLibCompileToJarDebug (Thread[#37738,Execution worker Thread 17,5,main]) started.
[        ] > Task :file_selector_android:bundleLibCompileToJarDebug UP-TO-DATE
[        ] Caching disabled for task ':file_selector_android:bundleLibCompileToJarDebug' because:
[        ]   Build cache is disabled
[        ]   Simple merging task
[        ] Skipping task ':file_selector_android:bundleLibCompileToJarDebug' as it is up-to-date.
[        ] work action resolve classes.jar (project :file_selector_android) (Thread[#37738,Execution worker Thread 17,5,main]) started.
[        ] Resolve mutations for :flutter_keyboard_visibility_temp_fork:javaPreCompileDebug (Thread[#37738,Execution worker Thread 17,5,main]) started.
[        ] :flutter_keyboard_visibility_temp_fork:javaPreCompileDebug (Thread[#37738,Execution worker Thread 17,5,main]) started.
[        ] > Task :flutter_keyboard_visibility_temp_fork:javaPreCompileDebug UP-TO-DATE
[        ] Caching disabled for task ':flutter_keyboard_visibility_temp_fork:javaPreCompileDebug' because:
[        ]   Build cache is disabled
[        ] Skipping task ':flutter_keyboard_visibility_temp_fork:javaPreCompileDebug' as it is up-to-date.
[        ] Resolve mutations for :flutter_keyboard_visibility_temp_fork:compileDebugJavaWithJavac (Thread[#37738,Execution worker Thread 17,5,main]) started.
[        ] :flutter_keyboard_visibility_temp_fork:compileDebugJavaWithJavac (Thread[#37738,Execution worker Thread 17,5,main]) started.
[        ] > Task :flutter_keyboard_visibility_temp_fork:compileDebugJavaWithJavac UP-TO-DATE
[        ] Custom actions are attached to task ':flutter_keyboard_visibility_temp_fork:compileDebugJavaWithJavac'.
[        ] Caching disabled for task ':flutter_keyboard_visibility_temp_fork:compileDebugJavaWithJavac' because:
[        ]   Build cache is disabled
[        ] Skipping task ':flutter_keyboard_visibility_temp_fork:compileDebugJavaWithJavac' as it is up-to-date.
[        ] No compile result for :flutter_keyboard_visibility_temp_fork:compileDebugJavaWithJavac
[        ] No compile result for :flutter_keyboard_visibility_temp_fork:compileDebugJavaWithJavac
[        ] Resolve mutations for :flutter_keyboard_visibility_temp_fork:bundleLibCompileToJarDebug (Thread[#37738,Execution worker Thread 17,5,main]) started.
[        ] :flutter_keyboard_visibility_temp_fork:bundleLibCompileToJarDebug (Thread[#37738,Execution worker Thread 17,5,main]) started.
[        ] > Task :flutter_keyboard_visibility_temp_fork:bundleLibCompileToJarDebug UP-TO-DATE
[        ] Caching disabled for task ':flutter_keyboard_visibility_temp_fork:bundleLibCompileToJarDebug' because:
[        ]   Build cache is disabled
[        ]   Simple merging task
[        ] Skipping task ':flutter_keyboard_visibility_temp_fork:bundleLibCompileToJarDebug' as it is up-to-date.
[        ] work action resolve classes.jar (project :flutter_keyboard_visibility_temp_fork) (Thread[#37738,Execution worker Thread 17,5,main]) started.
[        ] Resolve mutations for :flutter_native_splash:javaPreCompileDebug (Thread[#37738,Execution worker Thread 17,5,main]) started.
[        ] :flutter_native_splash:javaPreCompileDebug (Thread[#37738,Execution worker Thread 17,5,main]) started.
[        ] > Task :flutter_native_splash:javaPreCompileDebug UP-TO-DATE
[        ] Caching disabled for task ':flutter_native_splash:javaPreCompileDebug' because:
[        ]   Build cache is disabled
[        ] Skipping task ':flutter_native_splash:javaPreCompileDebug' as it is up-to-date.
[        ] Resolve mutations for :flutter_native_splash:compileDebugJavaWithJavac (Thread[#37738,Execution worker Thread 17,5,main]) started.
[        ] :flutter_native_splash:compileDebugJavaWithJavac (Thread[#37738,Execution worker Thread 17,5,main]) started.
[        ] > Task :flutter_native_splash:compileDebugJavaWithJavac UP-TO-DATE
[        ] Custom actions are attached to task ':flutter_native_splash:compileDebugJavaWithJavac'.
[        ] Caching disabled for task ':flutter_native_splash:compileDebugJavaWithJavac' because:
[        ]   Build cache is disabled
[        ] Skipping task ':flutter_native_splash:compileDebugJavaWithJavac' as it is up-to-date.
[        ] No compile result for :flutter_native_splash:compileDebugJavaWithJavac
[        ] No compile result for :flutter_native_splash:compileDebugJavaWithJavac
[        ] Resolve mutations for :flutter_native_splash:bundleLibCompileToJarDebug (Thread[#37738,Execution worker Thread 17,5,main]) started.
[        ] :flutter_native_splash:bundleLibCompileToJarDebug (Thread[#37738,Execution worker Thread 17,5,main]) started.
[        ] > Task :flutter_native_splash:bundleLibCompileToJarDebug UP-TO-DATE
[        ] Caching disabled for task ':flutter_native_splash:bundleLibCompileToJarDebug' because:
[        ]   Build cache is disabled
[        ]   Simple merging task
[        ] Skipping task ':flutter_native_splash:bundleLibCompileToJarDebug' as it is up-to-date.
[        ] work action resolve classes.jar (project :flutter_native_splash) (Thread[#37738,Execution worker Thread 17,5,main]) started.
[        ] Resolve mutations for :flutter_olm:checkKotlinGradlePluginConfigurationErrors (Thread[#37738,Execution worker Thread 17,5,main]) started.
[        ] :flutter_olm:checkKotlinGradlePluginConfigurationErrors (Thread[#37738,Execution worker Thread 17,5,main]) started.
[        ] > Task :flutter_olm:checkKotlinGradlePluginConfigurationErrors SKIPPED
[        ] Skipping task ':flutter_olm:checkKotlinGradlePluginConfigurationErrors' as task onlyIf 'errorDiagnostics are present' is false.
[        ] Resolve mutations for :flutter_olm:compileDebugKotlin (Thread[#37738,Execution worker Thread 17,5,main]) started.
[        ] :flutter_olm:compileDebugKotlin (Thread[#37738,Execution worker Thread 17,5,main]) started.
[        ] > Task :flutter_olm:compileDebugKotlin UP-TO-DATE
[        ] Adding -Xuse-inline-scopes-numbers Kotlin compiler flag for task :flutter_olm:compileDebugAndroidTestKotlin
[        ] Caching disabled for task ':flutter_olm:compileDebugKotlin' because:
[        ]   Build cache is disabled
[        ] Skipping task ':flutter_olm:compileDebugKotlin' as it is up-to-date.
[        ] Resolve mutations for :flutter_olm:javaPreCompileDebug (Thread[#37738,Execution worker Thread 17,5,main]) started.
[        ] :flutter_olm:javaPreCompileDebug (Thread[#37738,Execution worker Thread 17,5,main]) started.
[        ] > Task :flutter_olm:javaPreCompileDebug UP-TO-DATE
[        ] Caching disabled for task ':flutter_olm:javaPreCompileDebug' because:
[        ]   Build cache is disabled
[        ] Skipping task ':flutter_olm:javaPreCompileDebug' as it is up-to-date.
[        ] Resolve mutations for :flutter_olm:compileDebugJavaWithJavac (Thread[#37738,Execution worker Thread 17,5,main]) started.
[        ] :flutter_olm:compileDebugJavaWithJavac (Thread[#37738,Execution worker Thread 17,5,main]) started.
[        ] > Task :flutter_olm:compileDebugJavaWithJavac NO-SOURCE
[        ] Skipping task ':flutter_olm:compileDebugJavaWithJavac' as it has no source files and no previous output files.
[        ] Resolve mutations for :flutter_olm:bundleLibCompileToJarDebug (Thread[#37738,Execution worker Thread 17,5,main]) started.
[        ] :flutter_olm:bundleLibCompileToJarDebug (Thread[#37738,Execution worker Thread 17,5,main]) started.
[        ] > Task :flutter_olm:bundleLibCompileToJarDebug UP-TO-DATE
[        ] Caching disabled for task ':flutter_olm:bundleLibCompileToJarDebug' because:
[        ]   Build cache is disabled
[        ]   Simple merging task
[        ] Skipping task ':flutter_olm:bundleLibCompileToJarDebug' as it is up-to-date.
[        ] work action resolve classes.jar (project :flutter_olm) (Thread[#37738,Execution worker Thread 17,5,main]) started.
[        ] Resolve mutations for :flutter_openssl_crypto:checkKotlinGradlePluginConfigurationErrors (Thread[#37738,Execution worker Thread 17,5,main]) started.
[        ] :flutter_openssl_crypto:checkKotlinGradlePluginConfigurationErrors (Thread[#37738,Execution worker Thread 17,5,main]) started.
[        ] > Task :flutter_openssl_crypto:checkKotlinGradlePluginConfigurationErrors SKIPPED
[        ] Skipping task ':flutter_openssl_crypto:checkKotlinGradlePluginConfigurationErrors' as task onlyIf 'errorDiagnostics are present' is false.
[        ] Resolve mutations for :flutter_openssl_crypto:compileDebugKotlin (Thread[#37738,Execution worker Thread 17,5,main]) started.
[        ] :flutter_openssl_crypto:compileDebugKotlin (Thread[#37738,Execution worker Thread 17,5,main]) started.
[        ] > Task :flutter_openssl_crypto:compileDebugKotlin UP-TO-DATE
[        ] Adding -Xuse-inline-scopes-numbers Kotlin compiler flag for task :flutter_openssl_crypto:compileDebugAndroidTestKotlin
[        ] Caching disabled for task ':flutter_openssl_crypto:compileDebugKotlin' because:
[        ]   Build cache is disabled
[        ] Skipping task ':flutter_openssl_crypto:compileDebugKotlin' as it is up-to-date.
[        ] Resolve mutations for :flutter_openssl_crypto:javaPreCompileDebug (Thread[#37738,Execution worker Thread 17,5,main]) started.
[        ] :flutter_openssl_crypto:javaPreCompileDebug (Thread[#37738,Execution worker Thread 17,5,main]) started.
[  +76 ms] > Task :flutter_openssl_crypto:javaPreCompileDebug UP-TO-DATE
[        ] Caching disabled for task ':flutter_openssl_crypto:javaPreCompileDebug' because:
[        ]   Build cache is disabled
[        ] Skipping task ':flutter_openssl_crypto:javaPreCompileDebug' as it is up-to-date.
[        ] Resolve mutations for :flutter_openssl_crypto:compileDebugJavaWithJavac (Thread[#37738,Execution worker Thread 17,5,main]) started.
[        ] :flutter_openssl_crypto:compileDebugJavaWithJavac (Thread[#37738,Execution worker Thread 17,5,main]) started.
[        ] > Task :flutter_openssl_crypto:compileDebugJavaWithJavac NO-SOURCE
[        ] Skipping task ':flutter_openssl_crypto:compileDebugJavaWithJavac' as it has no source files and no previous output files.
[        ] Resolve mutations for :flutter_openssl_crypto:bundleLibCompileToJarDebug (Thread[#37738,Execution worker Thread 17,5,main]) started.
[        ] :flutter_openssl_crypto:bundleLibCompileToJarDebug (Thread[#37738,Execution worker Thread 17,5,main]) started.
[        ] > Task :flutter_openssl_crypto:bundleLibCompileToJarDebug UP-TO-DATE
[        ] Caching disabled for task ':flutter_openssl_crypto:bundleLibCompileToJarDebug' because:
[        ]   Build cache is disabled
[        ]   Simple merging task
[        ] Skipping task ':flutter_openssl_crypto:bundleLibCompileToJarDebug' as it is up-to-date.
[        ] work action resolve classes.jar (project :flutter_openssl_crypto) (Thread[#37738,Execution worker Thread 17,5,main]) started.
[        ] Resolve mutations for :integration_test:javaPreCompileDebug (Thread[#37738,Execution worker Thread 17,5,main]) started.
[        ] :integration_test:javaPreCompileDebug (Thread[#37738,Execution worker Thread 17,5,main]) started.
[        ] > Task :integration_test:javaPreCompileDebug UP-TO-DATE
[        ] Caching disabled for task ':integration_test:javaPreCompileDebug' because:
[        ]   Build cache is disabled
[        ] Skipping task ':integration_test:javaPreCompileDebug' as it is up-to-date.
[        ] Resolve mutations for :integration_test:compileDebugJavaWithJavac (Thread[#37738,Execution worker Thread 17,5,main]) started.
[        ] :integration_test:compileDebugJavaWithJavac (Thread[#37738,Execution worker Thread 17,5,main]) started.
[        ] > Task :integration_test:compileDebugJavaWithJavac UP-TO-DATE
[        ] Custom actions are attached to task ':integration_test:compileDebugJavaWithJavac'.
[        ] Caching disabled for task ':integration_test:compileDebugJavaWithJavac' because:
[        ]   Build cache is disabled
[        ] Skipping task ':integration_test:compileDebugJavaWithJavac' as it is up-to-date.
[        ] No compile result for :integration_test:compileDebugJavaWithJavac
[        ] No compile result for :integration_test:compileDebugJavaWithJavac
[        ] Resolve mutations for :integration_test:bundleLibCompileToJarDebug (Thread[#37738,Execution worker Thread 17,5,main]) started.
[        ] :integration_test:bundleLibCompileToJarDebug (Thread[#37738,Execution worker Thread 17,5,main]) started.
[        ] > Task :integration_test:bundleLibCompileToJarDebug UP-TO-DATE
[        ] Caching disabled for task ':integration_test:bundleLibCompileToJarDebug' because:
[        ]   Build cache is disabled
[        ]   Simple merging task
[        ] Skipping task ':integration_test:bundleLibCompileToJarDebug' as it is up-to-date.
[        ] work action resolve classes.jar (project :integration_test) (Thread[#37738,Execution worker Thread 17,5,main]) started.
[        ] Resolve mutations for :path_provider_android:javaPreCompileDebug (Thread[#37738,Execution worker Thread 17,5,main]) started.
[        ] :path_provider_android:javaPreCompileDebug (Thread[#37738,Execution worker Thread 17,5,main]) started.
[        ] > Task :path_provider_android:javaPreCompileDebug UP-TO-DATE
[        ] Caching disabled for task ':path_provider_android:javaPreCompileDebug' because:
[        ]   Build cache is disabled
[        ] Skipping task ':path_provider_android:javaPreCompileDebug' as it is up-to-date.
[        ] Resolve mutations for :path_provider_android:compileDebugJavaWithJavac (Thread[#37738,Execution worker Thread 17,5,main]) started.
[        ] :path_provider_android:compileDebugJavaWithJavac (Thread[#37738,Execution worker Thread 17,5,main]) started.
[        ] > Task :path_provider_android:compileDebugJavaWithJavac UP-TO-DATE
[        ] Custom actions are attached to task ':path_provider_android:compileDebugJavaWithJavac'.
[        ] Caching disabled for task ':path_provider_android:compileDebugJavaWithJavac' because:
[        ]   Build cache is disabled
[        ] Skipping task ':path_provider_android:compileDebugJavaWithJavac' as it is up-to-date.
[        ] No compile result for :path_provider_android:compileDebugJavaWithJavac
[        ] No compile result for :path_provider_android:compileDebugJavaWithJavac
[        ] Resolve mutations for :path_provider_android:bundleLibCompileToJarDebug (Thread[#37738,Execution worker Thread 17,5,main]) started.
[        ] :path_provider_android:bundleLibCompileToJarDebug (Thread[#37738,Execution worker Thread 17,5,main]) started.
[        ] > Task :path_provider_android:bundleLibCompileToJarDebug UP-TO-DATE
[        ] Caching disabled for task ':path_provider_android:bundleLibCompileToJarDebug' because:
[        ]   Build cache is disabled
[        ]   Simple merging task
[        ] Skipping task ':path_provider_android:bundleLibCompileToJarDebug' as it is up-to-date.
[        ] work action resolve classes.jar (project :path_provider_android) (Thread[#37738,Execution worker Thread 17,5,main]) started.
[        ] Resolve mutations for :quill_native_bridge_android:checkKotlinGradlePluginConfigurationErrors (Thread[#37738,Execution worker Thread 17,5,main]) started.
[        ] :quill_native_bridge_android:checkKotlinGradlePluginConfigurationErrors (Thread[#37738,Execution worker Thread 17,5,main]) started.
[        ] > Task :quill_native_bridge_android:checkKotlinGradlePluginConfigurationErrors SKIPPED
[        ] Skipping task ':quill_native_bridge_android:checkKotlinGradlePluginConfigurationErrors' as task onlyIf 'errorDiagnostics are present' is false.
[        ] Resolve mutations for :quill_native_bridge_android:compileDebugKotlin (Thread[#37738,Execution worker Thread 17,5,main]) started.
[        ] :quill_native_bridge_android:compileDebugKotlin (Thread[#37738,Execution worker Thread 17,5,main]) started.
[        ] > Task :quill_native_bridge_android:compileDebugKotlin UP-TO-DATE
[        ] Adding -Xuse-inline-scopes-numbers Kotlin compiler flag for task :quill_native_bridge_android:compileDebugAndroidTestKotlin
[        ] Caching disabled for task ':quill_native_bridge_android:compileDebugKotlin' because:
[        ]   Build cache is disabled
[        ] Skipping task ':quill_native_bridge_android:compileDebugKotlin' as it is up-to-date.
[        ] Resolve mutations for :quill_native_bridge_android:javaPreCompileDebug (Thread[#37738,Execution worker Thread 17,5,main]) started.
[        ] :quill_native_bridge_android:javaPreCompileDebug (Thread[#37738,Execution worker Thread 17,5,main]) started.
[        ] > Task :quill_native_bridge_android:javaPreCompileDebug UP-TO-DATE
[        ] Caching disabled for task ':quill_native_bridge_android:javaPreCompileDebug' because:
[        ]   Build cache is disabled
[        ] Skipping task ':quill_native_bridge_android:javaPreCompileDebug' as it is up-to-date.
[        ] Resolve mutations for :quill_native_bridge_android:compileDebugJavaWithJavac (Thread[#37738,Execution worker Thread 17,5,main]) started.
[        ] :quill_native_bridge_android:compileDebugJavaWithJavac (Thread[#37738,Execution worker Thread 17,5,main]) started.
[        ] > Task :quill_native_bridge_android:compileDebugJavaWithJavac NO-SOURCE
[        ] Skipping task ':quill_native_bridge_android:compileDebugJavaWithJavac' as it has no source files and no previous output files.
[        ] Resolve mutations for :quill_native_bridge_android:bundleLibCompileToJarDebug (Thread[#37738,Execution worker Thread 17,5,main]) started.
[        ] :quill_native_bridge_android:bundleLibCompileToJarDebug (Thread[#37738,Execution worker Thread 17,5,main]) started.
[        ] > Task :quill_native_bridge_android:bundleLibCompileToJarDebug UP-TO-DATE
[        ] Caching disabled for task ':quill_native_bridge_android:bundleLibCompileToJarDebug' because:
[        ]   Build cache is disabled
[        ]   Simple merging task
[        ] Skipping task ':quill_native_bridge_android:bundleLibCompileToJarDebug' as it is up-to-date.
[        ] work action resolve classes.jar (project :quill_native_bridge_android) (Thread[#37738,Execution worker Thread 17,5,main]) started.
[        ] Resolve mutations for :shared_preferences_android:checkKotlinGradlePluginConfigurationErrors (Thread[#37738,Execution worker Thread 17,5,main]) started.
[        ] :shared_preferences_android:checkKotlinGradlePluginConfigurationErrors (Thread[#37738,Execution worker Thread 17,5,main]) started.
[        ] > Task :shared_preferences_android:checkKotlinGradlePluginConfigurationErrors SKIPPED
[        ] Skipping task ':shared_preferences_android:checkKotlinGradlePluginConfigurationErrors' as task onlyIf 'errorDiagnostics are present' is false.
[        ] Resolve mutations for :shared_preferences_android:compileDebugKotlin (Thread[#37738,Execution worker Thread 17,5,main]) started.
[        ] :shared_preferences_android:compileDebugKotlin (Thread[#37738,Execution worker Thread 17,5,main]) started.
[        ] > Task :shared_preferences_android:compileDebugKotlin UP-TO-DATE
[        ] Adding -Xuse-inline-scopes-numbers Kotlin compiler flag for task :shared_preferences_android:compileDebugAndroidTestKotlin
[        ] Caching disabled for task ':shared_preferences_android:compileDebugKotlin' because:
[        ]   Build cache is disabled
[        ] Skipping task ':shared_preferences_android:compileDebugKotlin' as it is up-to-date.
[        ] Resolve mutations for :shared_preferences_android:javaPreCompileDebug (Thread[#37738,Execution worker Thread 17,5,main]) started.
[        ] :shared_preferences_android:javaPreCompileDebug (Thread[#37738,Execution worker Thread 17,5,main]) started.
[        ] > Task :shared_preferences_android:javaPreCompileDebug UP-TO-DATE
[        ] Caching disabled for task ':shared_preferences_android:javaPreCompileDebug' because:
[        ]   Build cache is disabled
[        ] Skipping task ':shared_preferences_android:javaPreCompileDebug' as it is up-to-date.
[        ] Resolve mutations for :shared_preferences_android:compileDebugJavaWithJavac (Thread[#37738,Execution worker Thread 17,5,main]) started.
[        ] :shared_preferences_android:compileDebugJavaWithJavac (Thread[#37738,Execution worker Thread 17,5,main]) started.
[        ] > Task :shared_preferences_android:compileDebugJavaWithJavac UP-TO-DATE
[        ] Custom actions are attached to task ':shared_preferences_android:compileDebugJavaWithJavac'.
[        ] Caching disabled for task ':shared_preferences_android:compileDebugJavaWithJavac' because:
[        ]   Build cache is disabled
[        ] Skipping task ':shared_preferences_android:compileDebugJavaWithJavac' as it is up-to-date.
[        ] No compile result for :shared_preferences_android:compileDebugJavaWithJavac
[        ] No compile result for :shared_preferences_android:compileDebugJavaWithJavac
[        ] Resolve mutations for :shared_preferences_android:bundleLibCompileToJarDebug (Thread[#37738,Execution worker Thread 17,5,main]) started.
[        ] :shared_preferences_android:bundleLibCompileToJarDebug (Thread[#37738,Execution worker Thread 17,5,main]) started.
[        ] > Task :shared_preferences_android:bundleLibCompileToJarDebug UP-TO-DATE
[        ] Caching disabled for task ':shared_preferences_android:bundleLibCompileToJarDebug' because:
[        ]   Build cache is disabled
[        ]   Simple merging task
[        ] Skipping task ':shared_preferences_android:bundleLibCompileToJarDebug' as it is up-to-date.
[        ] work action resolve classes.jar (project :shared_preferences_android) (Thread[#37738,Execution worker Thread 17,5,main]) started.
[        ] Resolve mutations for :sqflite_android:javaPreCompileDebug (Thread[#37738,Execution worker Thread 17,5,main]) started.
[        ] :sqflite_android:javaPreCompileDebug (Thread[#37738,Execution worker Thread 17,5,main]) started.
[        ] > Task :sqflite_android:javaPreCompileDebug UP-TO-DATE
[        ] Caching disabled for task ':sqflite_android:javaPreCompileDebug' because:
[        ]   Build cache is disabled
[        ] Skipping task ':sqflite_android:javaPreCompileDebug' as it is up-to-date.
[        ] Resolve mutations for :sqflite_android:compileDebugJavaWithJavac (Thread[#37738,Execution worker Thread 17,5,main]) started.
[        ] :sqflite_android:compileDebugJavaWithJavac (Thread[#37738,Execution worker Thread 17,5,main]) started.
[        ] > Task :sqflite_android:compileDebugJavaWithJavac UP-TO-DATE
[        ] Custom actions are attached to task ':sqflite_android:compileDebugJavaWithJavac'.
[        ] Caching disabled for task ':sqflite_android:compileDebugJavaWithJavac' because:
[        ]   Build cache is disabled
[        ] Skipping task ':sqflite_android:compileDebugJavaWithJavac' as it is up-to-date.
[        ] No compile result for :sqflite_android:compileDebugJavaWithJavac
[        ] No compile result for :sqflite_android:compileDebugJavaWithJavac
[        ] Resolve mutations for :sqflite_android:bundleLibCompileToJarDebug (Thread[#37738,Execution worker Thread 17,5,main]) started.
[        ] :sqflite_android:bundleLibCompileToJarDebug (Thread[#37738,Execution worker Thread 17,5,main]) started.
[        ] > Task :sqflite_android:bundleLibCompileToJarDebug UP-TO-DATE
[        ] Caching disabled for task ':sqflite_android:bundleLibCompileToJarDebug' because:
[        ]   Build cache is disabled
[        ]   Simple merging task
[        ] Skipping task ':sqflite_android:bundleLibCompileToJarDebug' as it is up-to-date.
[        ] work action resolve classes.jar (project :sqflite_android) (Thread[#37738,Execution worker Thread 17,5,main]) started.
[        ] Resolve mutations for :url_launcher_android:generateDebugBuildConfig (Thread[#37738,Execution worker Thread 17,5,main]) started.
[        ] :url_launcher_android:generateDebugBuildConfig (Thread[#37738,Execution worker Thread 17,5,main]) started.
[        ] > Task :url_launcher_android:generateDebugBuildConfig UP-TO-DATE
[        ] Caching disabled for task ':url_launcher_android:generateDebugBuildConfig' because:
[        ]   Build cache is disabled
[        ] Skipping task ':url_launcher_android:generateDebugBuildConfig' as it is up-to-date.
[        ] Resolve mutations for :url_launcher_android:javaPreCompileDebug (Thread[#37738,Execution worker Thread 17,5,main]) started.
[        ] :url_launcher_android:javaPreCompileDebug (Thread[#37738,Execution worker Thread 17,5,main]) started.
[        ] > Task :url_launcher_android:javaPreCompileDebug UP-TO-DATE
[        ] Caching disabled for task ':url_launcher_android:javaPreCompileDebug' because:
[        ]   Build cache is disabled
[        ] Skipping task ':url_launcher_android:javaPreCompileDebug' as it is up-to-date.
[        ] Resolve mutations for :url_launcher_android:compileDebugJavaWithJavac (Thread[#37738,Execution worker Thread 17,5,main]) started.
[        ] :url_launcher_android:compileDebugJavaWithJavac (Thread[#37738,Execution worker Thread 17,5,main]) started.
[        ] > Task :url_launcher_android:compileDebugJavaWithJavac UP-TO-DATE
[        ] Custom actions are attached to task ':url_launcher_android:compileDebugJavaWithJavac'.
[        ] Caching disabled for task ':url_launcher_android:compileDebugJavaWithJavac' because:
[        ]   Build cache is disabled
[        ] Skipping task ':url_launcher_android:compileDebugJavaWithJavac' as it is up-to-date.
[        ] No compile result for :url_launcher_android:compileDebugJavaWithJavac
[        ] No compile result for :url_launcher_android:compileDebugJavaWithJavac
[        ] Resolve mutations for :url_launcher_android:bundleLibCompileToJarDebug (Thread[#37738,Execution worker Thread 17,5,main]) started.
[        ] :url_launcher_android:bundleLibCompileToJarDebug (Thread[#37738,Execution worker Thread 17,5,main]) started.
[        ] > Task :url_launcher_android:bundleLibCompileToJarDebug UP-TO-DATE
[        ] Caching disabled for task ':url_launcher_android:bundleLibCompileToJarDebug' because:
[        ]   Build cache is disabled
[        ]   Simple merging task
[        ] Skipping task ':url_launcher_android:bundleLibCompileToJarDebug' as it is up-to-date.
[        ] work action resolve classes.jar (project :url_launcher_android) (Thread[#37738,Execution worker Thread 17,5,main]) started.
[        ] Resolve mutations for :video_player_android:checkKotlinGradlePluginConfigurationErrors (Thread[#37738,Execution worker Thread 17,5,main]) started.
[        ] :video_player_android:checkKotlinGradlePluginConfigurationErrors (Thread[#37738,Execution worker Thread 17,5,main]) started.
[        ] > Task :video_player_android:checkKotlinGradlePluginConfigurationErrors SKIPPED
[        ] Skipping task ':video_player_android:checkKotlinGradlePluginConfigurationErrors' as task onlyIf 'errorDiagnostics are present' is false.
[        ] Resolve mutations for :video_player_android:compileDebugKotlin (Thread[#37738,Execution worker Thread 17,5,main]) started.
[        ] :video_player_android:compileDebugKotlin (Thread[#37738,Execution worker Thread 17,5,main]) started.
[        ] > Task :video_player_android:compileDebugKotlin UP-TO-DATE
[        ] Adding -Xuse-inline-scopes-numbers Kotlin compiler flag for task :video_player_android:compileDebugAndroidTestKotlin
[        ] Caching disabled for task ':video_player_android:compileDebugKotlin' because:
[        ]   Build cache is disabled
[        ] Skipping task ':video_player_android:compileDebugKotlin' as it is up-to-date.
[        ] Resolve mutations for :video_player_android:javaPreCompileDebug (Thread[#37738,Execution worker Thread 17,5,main]) started.
[        ] :video_player_android:javaPreCompileDebug (Thread[#37738,Execution worker Thread 17,5,main]) started.
[        ] > Task :video_player_android:javaPreCompileDebug UP-TO-DATE
[        ] Caching disabled for task ':video_player_android:javaPreCompileDebug' because:
[        ]   Build cache is disabled
[        ] Skipping task ':video_player_android:javaPreCompileDebug' as it is up-to-date.
[        ] Resolve mutations for :video_player_android:compileDebugJavaWithJavac (Thread[#37738,Execution worker Thread 17,5,main]) started.
[        ] :video_player_android:compileDebugJavaWithJavac (Thread[#37738,Execution worker Thread 17,5,main]) started.
[        ] > Task :video_player_android:compileDebugJavaWithJavac UP-TO-DATE
[        ] Custom actions are attached to task ':video_player_android:compileDebugJavaWithJavac'.
[        ] Caching disabled for task ':video_player_android:compileDebugJavaWithJavac' because:
[        ]   Build cache is disabled
[        ] Skipping task ':video_player_android:compileDebugJavaWithJavac' as it is up-to-date.
[        ] No compile result for :video_player_android:compileDebugJavaWithJavac
[        ] No compile result for :video_player_android:compileDebugJavaWithJavac
[        ] Resolve mutations for :video_player_android:bundleLibCompileToJarDebug (Thread[#37738,Execution worker Thread 17,5,main]) started.
[        ] :video_player_android:bundleLibCompileToJarDebug (Thread[#37738,Execution worker Thread 17,5,main]) started.
[        ] > Task :video_player_android:bundleLibCompileToJarDebug UP-TO-DATE
[        ] Caching disabled for task ':video_player_android:bundleLibCompileToJarDebug' because:
[        ]   Build cache is disabled
[        ]   Simple merging task
[        ] Skipping task ':video_player_android:bundleLibCompileToJarDebug' as it is up-to-date.
[        ] work action resolve classes.jar (project :video_player_android) (Thread[#37738,Execution worker Thread 17,5,main]) started.
[        ] Resolve mutations for :app:compileDebugKotlin (Thread[#37738,Execution worker Thread 17,5,main]) started.
[        ] :app:compileDebugKotlin (Thread[#37738,Execution worker Thread 17,5,main]) started.
[        ] > Task :app:compileDebugKotlin UP-TO-DATE
[        ] Adding -Xuse-inline-scopes-numbers Kotlin compiler flag for task :app:compileDebugAndroidTestKotlin
[        ] Caching disabled for task ':app:compileDebugKotlin' because:
[        ]   Build cache is disabled
[        ] Skipping task ':app:compileDebugKotlin' as it is up-to-date.
[        ] Resolve mutations for :app:javaPreCompileDebug (Thread[#37738,Execution worker Thread 17,5,main]) started.
[        ] :app:javaPreCompileDebug (Thread[#37738,Execution worker Thread 17,5,main]) started.
[        ] > Task :app:javaPreCompileDebug UP-TO-DATE
[        ] Caching disabled for task ':app:javaPreCompileDebug' because:
[        ]   Build cache is disabled
[        ] Skipping task ':app:javaPreCompileDebug' as it is up-to-date.
[        ] Resolve mutations for :app:compileDebugJavaWithJavac (Thread[#37738,Execution worker Thread 17,5,main]) started.
[        ] :app:compileDebugJavaWithJavac (Thread[#37738,Execution worker Thread 17,5,main]) started.
[        ] > Task :app:compileDebugJavaWithJavac UP-TO-DATE
[        ] Custom actions are attached to task ':app:compileDebugJavaWithJavac'.
[        ] Caching disabled for task ':app:compileDebugJavaWithJavac' because:
[        ]   Build cache is disabled
[        ] Skipping task ':app:compileDebugJavaWithJavac' as it is up-to-date.
[        ] No compile result for :app:compileDebugJavaWithJavac
[        ] No compile result for :app:compileDebugJavaWithJavac
[        ] Resolve mutations for :app:compressDebugAssets (Thread[#37738,Execution worker Thread 17,5,main]) started.
[        ] :app:compressDebugAssets (Thread[#37738,Execution worker Thread 17,5,main]) started.
[        ] Resolve mutations for :app:processDebugJavaRes (Thread[#37733,Execution worker Thread 12,5,main]) started.
[        ] :app:processDebugJavaRes (Thread[#37733,Execution worker Thread 12,5,main]) started.
[        ] > Task :app:processDebugJavaRes UP-TO-DATE
[        ] file or directory '/Users/florian/Code/substitution/android/app/src/main/resources', not found
[        ] file or directory '/Users/florian/Code/substitution/android/app/src/debug/resources', not found
[        ] file or directory '/Users/florian/Code/substitution/android/app/src/main/resources', not found
[        ] file or directory '/Users/florian/Code/substitution/android/app/src/debug/resources', not found
[        ] Caching disabled for task ':app:processDebugJavaRes' because:
[        ]   Build cache is disabled
[        ]   Caching has been disabled for the task
[        ] Skipping task ':app:processDebugJavaRes' as it is up-to-date.
[        ] Resolve mutations for :connectivity_plus:processDebugJavaRes (Thread[#37733,Execution worker Thread 12,5,main]) started.
[        ] :connectivity_plus:processDebugJavaRes (Thread[#37733,Execution worker Thread 12,5,main]) started.
[        ] > Task :connectivity_plus:processDebugJavaRes NO-SOURCE
[        ] file or directory '/Users/florian/.pub-cache/hosted/pub.dev/connectivity_plus-5.0.2/android/src/main/resources', not found
[        ] file or directory '/Users/florian/.pub-cache/hosted/pub.dev/connectivity_plus-5.0.2/android/src/debug/resources', not found
[        ] Skipping task ':connectivity_plus:processDebugJavaRes' as it has no source files and no previous output files.
[        ] work action resolve out (project :connectivity_plus) (Thread[#37733,Execution worker Thread 12,5,main]) started.
[        ] Resolve mutations for :emoji_picker_flutter:processDebugJavaRes (Thread[#37733,Execution worker Thread 12,5,main]) started.
[        ] :emoji_picker_flutter:processDebugJavaRes (Thread[#37733,Execution worker Thread 12,5,main]) started.
[        ] > Task :emoji_picker_flutter:processDebugJavaRes UP-TO-DATE
[        ] file or directory '/Users/florian/.pub-cache/hosted/pub.dev/emoji_picker_flutter-4.4.0/android/src/main/resources', not found
[        ] file or directory '/Users/florian/.pub-cache/hosted/pub.dev/emoji_picker_flutter-4.4.0/android/src/debug/resources', not found
[        ] file or directory '/Users/florian/.pub-cache/hosted/pub.dev/emoji_picker_flutter-4.4.0/android/src/main/resources', not found
[        ] file or directory '/Users/florian/.pub-cache/hosted/pub.dev/emoji_picker_flutter-4.4.0/android/src/debug/resources', not found
[        ] Caching disabled for task ':emoji_picker_flutter:processDebugJavaRes' because:
[        ]   Build cache is disabled
[        ]   Caching has been disabled for the task
[        ] Skipping task ':emoji_picker_flutter:processDebugJavaRes' as it is up-to-date.
[        ] work action resolve out (project :emoji_picker_flutter) (Thread[#37733,Execution worker Thread 12,5,main]) started.
[        ] Resolve mutations for :file_selector_android:processDebugJavaRes (Thread[#37733,Execution worker Thread 12,5,main]) started.
[        ] :file_selector_android:processDebugJavaRes (Thread[#37733,Execution worker Thread 12,5,main]) started.
[        ] > Task :file_selector_android:processDebugJavaRes NO-SOURCE
[        ] file or directory '/Users/florian/.pub-cache/hosted/pub.dev/file_selector_android-0.5.2+4/android/src/main/resources', not found
[        ] file or directory '/Users/florian/.pub-cache/hosted/pub.dev/file_selector_android-0.5.2+4/android/src/debug/resources', not found
[        ] Skipping task ':file_selector_android:processDebugJavaRes' as it has no source files and no previous output files.
[        ] work action resolve out (project :file_selector_android) (Thread[#37733,Execution worker Thread 12,5,main]) started.
[        ] Resolve mutations for :flutter_keyboard_visibility_temp_fork:processDebugJavaRes (Thread[#37733,Execution worker Thread 12,5,main]) started.
[        ] :flutter_keyboard_visibility_temp_fork:processDebugJavaRes (Thread[#37733,Execution worker Thread 12,5,main]) started.
[        ] > Task :flutter_keyboard_visibility_temp_fork:processDebugJavaRes NO-SOURCE
[        ] file or directory '/Users/florian/.pub-cache/hosted/pub.dev/flutter_keyboard_visibility_temp_fork-0.1.5/android/src/main/resources', not found
[        ] file or directory '/Users/florian/.pub-cache/hosted/pub.dev/flutter_keyboard_visibility_temp_fork-0.1.5/android/src/debug/resources', not found
[        ] Skipping task ':flutter_keyboard_visibility_temp_fork:processDebugJavaRes' as it has no source files and no previous output files.
[        ] work action resolve out (project :flutter_keyboard_visibility_temp_fork) (Thread[#37733,Execution worker Thread 12,5,main]) started.
[        ] Resolve mutations for :flutter_native_splash:processDebugJavaRes (Thread[#37733,Execution worker Thread 12,5,main]) started.
[        ] :flutter_native_splash:processDebugJavaRes (Thread[#37733,Execution worker Thread 12,5,main]) started.
[        ] > Task :flutter_native_splash:processDebugJavaRes NO-SOURCE
[        ] file or directory '/Users/florian/.pub-cache/hosted/pub.dev/flutter_native_splash-2.4.7/android/src/main/resources', not found
[        ] file or directory '/Users/florian/.pub-cache/hosted/pub.dev/flutter_native_splash-2.4.7/android/src/debug/resources', not found
[        ] Skipping task ':flutter_native_splash:processDebugJavaRes' as it has no source files and no previous output files.
[        ] work action resolve out (project :flutter_native_splash) (Thread[#37733,Execution worker Thread 12,5,main]) started.
[        ] Resolve mutations for :flutter_olm:processDebugJavaRes (Thread[#37733,Execution worker Thread 12,5,main]) started.
[        ] :flutter_olm:processDebugJavaRes (Thread[#37733,Execution worker Thread 12,5,main]) started.
[        ] > Task :flutter_olm:processDebugJavaRes UP-TO-DATE
[        ] file or directory '/Users/florian/.pub-cache/hosted/pub.dev/flutter_olm-2.0.0/android/src/main/resources', not found
[        ] file or directory '/Users/florian/.pub-cache/hosted/pub.dev/flutter_olm-2.0.0/android/src/debug/resources', not found
[        ] file or directory '/Users/florian/.pub-cache/hosted/pub.dev/flutter_olm-2.0.0/android/src/main/resources', not found
[        ] file or directory '/Users/florian/.pub-cache/hosted/pub.dev/flutter_olm-2.0.0/android/src/debug/resources', not found
[        ] Caching disabled for task ':flutter_olm:processDebugJavaRes' because:
[        ]   Build cache is disabled
[        ]   Caching has been disabled for the task
[        ] Skipping task ':flutter_olm:processDebugJavaRes' as it is up-to-date.
[        ] work action resolve out (project :flutter_olm) (Thread[#37733,Execution worker Thread 12,5,main]) started.
[        ] Resolve mutations for :flutter_openssl_crypto:processDebugJavaRes (Thread[#37733,Execution worker Thread 12,5,main]) started.
[        ] :flutter_openssl_crypto:processDebugJavaRes (Thread[#37733,Execution worker Thread 12,5,main]) started.
[        ] > Task :flutter_openssl_crypto:processDebugJavaRes UP-TO-DATE
[        ] file or directory '/Users/florian/.pub-cache/hosted/pub.dev/flutter_openssl_crypto-0.5.0/android/src/main/resources', not found
[        ] file or directory '/Users/florian/.pub-cache/hosted/pub.dev/flutter_openssl_crypto-0.5.0/android/src/debug/resources', not found
[        ] file or directory '/Users/florian/.pub-cache/hosted/pub.dev/flutter_openssl_crypto-0.5.0/android/src/main/resources', not found
[        ] file or directory '/Users/florian/.pub-cache/hosted/pub.dev/flutter_openssl_crypto-0.5.0/android/src/debug/resources', not found
[        ] Caching disabled for task ':flutter_openssl_crypto:processDebugJavaRes' because:
[        ]   Build cache is disabled
[        ]   Caching has been disabled for the task
[        ] Skipping task ':flutter_openssl_crypto:processDebugJavaRes' as it is up-to-date.
[        ] work action resolve out (project :flutter_openssl_crypto) (Thread[#37733,Execution worker Thread 12,5,main]) started.
[        ] Resolve mutations for :integration_test:processDebugJavaRes (Thread[#37733,Execution worker Thread 12,5,main]) started.
[        ] :integration_test:processDebugJavaRes (Thread[#37733,Execution worker Thread 12,5,main]) started.
[        ] > Task :integration_test:processDebugJavaRes NO-SOURCE
[        ] file or directory '/opt/homebrew/share/flutter/packages/integration_test/android/src/main/resources', not found
[        ] file or directory '/opt/homebrew/share/flutter/packages/integration_test/android/src/debug/resources', not found
[        ] Skipping task ':integration_test:processDebugJavaRes' as it has no source files and no previous output files.
[        ] work action resolve out (project :integration_test) (Thread[#37733,Execution worker Thread 12,5,main]) started.
[        ] Resolve mutations for :path_provider_android:processDebugJavaRes (Thread[#37733,Execution worker Thread 12,5,main]) started.
[        ] :path_provider_android:processDebugJavaRes (Thread[#37733,Execution worker Thread 12,5,main]) started.
[        ] > Task :path_provider_android:processDebugJavaRes NO-SOURCE
[        ] file or directory '/Users/florian/.pub-cache/hosted/pub.dev/path_provider_android-2.2.22/android/src/main/resources', not found
[        ] file or directory '/Users/florian/.pub-cache/hosted/pub.dev/path_provider_android-2.2.22/android/src/debug/resources', not found
[        ] Skipping task ':path_provider_android:processDebugJavaRes' as it has no source files and no previous output files.
[        ] work action resolve out (project :path_provider_android) (Thread[#37733,Execution worker Thread 12,5,main]) started.
[        ] Resolve mutations for :quill_native_bridge_android:processDebugJavaRes (Thread[#37733,Execution worker Thread 12,5,main]) started.
[        ] :quill_native_bridge_android:processDebugJavaRes (Thread[#37733,Execution worker Thread 12,5,main]) started.
[        ] > Task :quill_native_bridge_android:processDebugJavaRes UP-TO-DATE
[        ] file or directory '/Users/florian/.pub-cache/hosted/pub.dev/quill_native_bridge_android-0.0.1+2/android/src/main/resources', not found
[        ] file or directory '/Users/florian/.pub-cache/hosted/pub.dev/quill_native_bridge_android-0.0.1+2/android/src/debug/resources', not found
[        ] file or directory '/Users/florian/.pub-cache/hosted/pub.dev/quill_native_bridge_android-0.0.1+2/android/src/main/resources', not found
[        ] file or directory '/Users/florian/.pub-cache/hosted/pub.dev/quill_native_bridge_android-0.0.1+2/android/src/debug/resources', not found
[        ] Caching disabled for task ':quill_native_bridge_android:processDebugJavaRes' because:
[        ]   Build cache is disabled
[        ]   Caching has been disabled for the task
[        ] Skipping task ':quill_native_bridge_android:processDebugJavaRes' as it is up-to-date.
[        ] work action resolve out (project :quill_native_bridge_android) (Thread[#37733,Execution worker Thread 12,5,main]) started.
[        ] Resolve mutations for :shared_preferences_android:processDebugJavaRes (Thread[#37733,Execution worker Thread 12,5,main]) started.
[        ] :shared_preferences_android:processDebugJavaRes (Thread[#37733,Execution worker Thread 12,5,main]) started.
[        ] > Task :shared_preferences_android:processDebugJavaRes UP-TO-DATE
[        ] file or directory '/Users/florian/.pub-cache/hosted/pub.dev/shared_preferences_android-2.4.20/android/src/main/resources', not found
[        ] file or directory '/Users/florian/.pub-cache/hosted/pub.dev/shared_preferences_android-2.4.20/android/src/debug/resources', not found
[        ] file or directory '/Users/florian/.pub-cache/hosted/pub.dev/shared_preferences_android-2.4.20/android/src/main/resources', not found
[        ] file or directory '/Users/florian/.pub-cache/hosted/pub.dev/shared_preferences_android-2.4.20/android/src/debug/resources', not found
[        ] Caching disabled for task ':shared_preferences_android:processDebugJavaRes' because:
[        ]   Build cache is disabled
[        ]   Caching has been disabled for the task
[        ] Skipping task ':shared_preferences_android:processDebugJavaRes' as it is up-to-date.
[        ] work action resolve out (project :shared_preferences_android) (Thread[#37733,Execution worker Thread 12,5,main]) started.
[        ] Resolve mutations for :sqflite_android:processDebugJavaRes (Thread[#37733,Execution worker Thread 12,5,main]) started.
[        ] :sqflite_android:processDebugJavaRes (Thread[#37733,Execution worker Thread 12,5,main]) started.
[        ] > Task :sqflite_android:processDebugJavaRes NO-SOURCE
[        ] file or directory '/Users/florian/.pub-cache/hosted/pub.dev/sqflite_android-2.4.2+2/android/src/main/resources', not found
[        ] file or directory '/Users/florian/.pub-cache/hosted/pub.dev/sqflite_android-2.4.2+2/android/src/debug/resources', not found
[        ] Skipping task ':sqflite_android:processDebugJavaRes' as it has no source files and no previous output files.
[        ] work action resolve out (project :sqflite_android) (Thread[#37733,Execution worker Thread 12,5,main]) started.
[        ] Resolve mutations for :url_launcher_android:processDebugJavaRes (Thread[#37733,Execution worker Thread 12,5,main]) started.
[        ] :url_launcher_android:processDebugJavaRes (Thread[#37733,Execution worker Thread 12,5,main]) started.
[        ] > Task :url_launcher_android:processDebugJavaRes NO-SOURCE
[        ] file or directory '/Users/florian/.pub-cache/hosted/pub.dev/url_launcher_android-6.3.28/android/src/main/resources', not found
[        ] file or directory '/Users/florian/.pub-cache/hosted/pub.dev/url_launcher_android-6.3.28/android/src/debug/resources', not found
[        ] Skipping task ':url_launcher_android:processDebugJavaRes' as it has no source files and no previous output files.
[        ] work action resolve out (project :url_launcher_android) (Thread[#37733,Execution worker Thread 12,5,main]) started.
[        ] Resolve mutations for :video_player_android:processDebugJavaRes (Thread[#37733,Execution worker Thread 12,5,main]) started.
[        ] :video_player_android:processDebugJavaRes (Thread[#37733,Execution worker Thread 12,5,main]) started.
[        ] > Task :video_player_android:processDebugJavaRes UP-TO-DATE
[        ] file or directory '/Users/florian/.pub-cache/hosted/pub.dev/video_player_android-2.9.1/android/src/main/resources', not found
[        ] file or directory '/Users/florian/.pub-cache/hosted/pub.dev/video_player_android-2.9.1/android/src/debug/resources', not found
[        ] file or directory '/Users/florian/.pub-cache/hosted/pub.dev/video_player_android-2.9.1/android/src/main/resources', not found
[        ] file or directory '/Users/florian/.pub-cache/hosted/pub.dev/video_player_android-2.9.1/android/src/debug/resources', not found
[        ] Caching disabled for task ':video_player_android:processDebugJavaRes' because:
[        ]   Build cache is disabled
[        ]   Caching has been disabled for the task
[        ] Skipping task ':video_player_android:processDebugJavaRes' as it is up-to-date.
[        ] work action resolve out (project :video_player_android) (Thread[#37733,Execution worker Thread 12,5,main]) started.
[        ] Resolve mutations for :app:mergeDebugJavaResource (Thread[#37733,Execution worker Thread 12,5,main]) started.
[        ] :app:mergeDebugJavaResource (Thread[#37733,Execution worker Thread 12,5,main]) started.
[        ] > Task :app:mergeDebugJavaResource UP-TO-DATE
[        ] Caching disabled for task ':app:mergeDebugJavaResource' because:
[        ]   Build cache is disabled
[        ]   Caching has been disabled for the task
[        ] Skipping task ':app:mergeDebugJavaResource' as it is up-to-date.
[        ] Resolve mutations for :app:checkDebugDuplicateClasses (Thread[#37733,Execution worker Thread 12,5,main]) started.
[        ] :app:checkDebugDuplicateClasses (Thread[#37733,Execution worker Thread 12,5,main]) started.
[        ] > Task :app:checkDebugDuplicateClasses UP-TO-DATE
[        ] Caching disabled for task ':app:checkDebugDuplicateClasses' because:
[        ]   Build cache is disabled
[        ]   Caching has been disabled for the task
[        ] Skipping task ':app:checkDebugDuplicateClasses' as it is up-to-date.
[        ] Resolve mutations for :app:desugarDebugFileDependencies (Thread[#37733,Execution worker Thread 12,5,main]) started.
[        ] :app:desugarDebugFileDependencies (Thread[#37733,Execution worker Thread 12,5,main]) started.
[        ] > Task :app:desugarDebugFileDependencies UP-TO-DATE
[        ] Caching disabled for task ':app:desugarDebugFileDependencies' because:
[        ]   Build cache is disabled
[        ] Skipping task ':app:desugarDebugFileDependencies' as it is up-to-date.
[        ] Resolve mutations for :app:mergeExtDexDebug (Thread[#37733,Execution worker Thread 12,5,main]) started.
[        ] :app:mergeExtDexDebug (Thread[#37733,Execution worker Thread 12,5,main]) started.
[        ] > Task :app:mergeExtDexDebug UP-TO-DATE
[        ] Caching disabled for task ':app:mergeExtDexDebug' because:
[        ]   Build cache is disabled
[        ] Skipping task ':app:mergeExtDexDebug' as it is up-to-date.
[        ] Resolve mutations for :connectivity_plus:bundleLibRuntimeToDirDebug (Thread[#37733,Execution worker Thread 12,5,main]) started.
[        ] :connectivity_plus:bundleLibRuntimeToDirDebug (Thread[#37733,Execution worker Thread 12,5,main]) started.
[        ] > Task :connectivity_plus:bundleLibRuntimeToDirDebug UP-TO-DATE
[        ] Caching disabled for task ':connectivity_plus:bundleLibRuntimeToDirDebug' because:
[        ]   Build cache is disabled
[        ]   Simple merging task
[        ] Skipping task ':connectivity_plus:bundleLibRuntimeToDirDebug' as it is up-to-date.
[        ] work action resolve bundleLibRuntimeToDirDebug (project :connectivity_plus) (Thread[#37733,Execution worker Thread 12,5,main]) started.
[        ] ClassesDirToClassesTransform (Thread[#37733,Execution worker Thread 12,5,main]) started.
[        ] Resolve mutations for :emoji_picker_flutter:bundleLibRuntimeToDirDebug (Thread[#37722,Execution worker Thread 2,5,main]) started.
[        ] :emoji_picker_flutter:bundleLibRuntimeToDirDebug (Thread[#37722,Execution worker Thread 2,5,main]) started.
[        ] DexingNoClasspathTransform (Thread[#37733,Execution worker Thread 12,5,main]) started.
[        ] > Task :emoji_picker_flutter:bundleLibRuntimeToDirDebug UP-TO-DATE
[        ] Caching disabled for task ':emoji_picker_flutter:bundleLibRuntimeToDirDebug' because:
[        ]   Build cache is disabled
[        ]   Simple merging task
[        ] Skipping task ':emoji_picker_flutter:bundleLibRuntimeToDirDebug' as it is up-to-date.
[        ] work action resolve bundleLibRuntimeToDirDebug (project :emoji_picker_flutter) (Thread[#37722,Execution worker Thread 2,5,main]) started.
[        ] ClassesDirToClassesTransform (Thread[#37722,Execution worker Thread 2,5,main]) started.
[        ] Resolve mutations for :file_selector_android:bundleLibRuntimeToDirDebug (Thread[#37720,included builds,5,main]) started.
[        ] :file_selector_android:bundleLibRuntimeToDirDebug (Thread[#37720,included builds,5,main]) started.
[        ] DexingNoClasspathTransform (Thread[#37722,Execution worker Thread 2,5,main]) started.
[        ] > Transform bundleLibRuntimeToDirDebug (project :connectivity_plus) with DexingNoClasspathTransform
[        ] Caching disabled for DexingNoClasspathTransform: /Users/florian/Code/substitution/build/connectivity_plus/intermediates/runtime_library_classes_dir/debug/bundleLibRuntimeToDirDebug because:
[        ]   Build cache is disabled
[        ] Skipping DexingNoClasspathTransform: /Users/florian/Code/substitution/build/connectivity_plus/intermediates/runtime_library_classes_dir/debug/bundleLibRuntimeToDirDebug as it is up-to-date.
[        ] > Transform bundleLibRuntimeToDirDebug (project :emoji_picker_flutter) with DexingNoClasspathTransform
[        ] Caching disabled for DexingNoClasspathTransform: /Users/florian/Code/substitution/build/emoji_picker_flutter/intermediates/runtime_library_classes_dir/debug/bundleLibRuntimeToDirDebug because:
[        ]   Build cache is disabled
[        ] Skipping DexingNoClasspathTransform: /Users/florian/Code/substitution/build/emoji_picker_flutter/intermediates/runtime_library_classes_dir/debug/bundleLibRuntimeToDirDebug as it is up-to-date.
[        ] > Task :file_selector_android:bundleLibRuntimeToDirDebug UP-TO-DATE
[        ] Caching disabled for task ':file_selector_android:bundleLibRuntimeToDirDebug' because:
[        ]   Build cache is disabled
[        ]   Simple merging task
[        ] Skipping task ':file_selector_android:bundleLibRuntimeToDirDebug' as it is up-to-date.
[        ] work action resolve bundleLibRuntimeToDirDebug (project :file_selector_android) (Thread[#37720,included builds,5,main]) started.
[        ] ClassesDirToClassesTransform (Thread[#37720,included builds,5,main]) started.
[        ] Resolve mutations for :flutter_keyboard_visibility_temp_fork:bundleLibRuntimeToDirDebug (Thread[#37722,Execution worker Thread 2,5,main]) started.
[        ] :flutter_keyboard_visibility_temp_fork:bundleLibRuntimeToDirDebug (Thread[#37722,Execution worker Thread 2,5,main]) started.
[        ] DexingNoClasspathTransform (Thread[#37720,included builds,5,main]) started.
[        ] > Task :flutter_keyboard_visibility_temp_fork:bundleLibRuntimeToDirDebug UP-TO-DATE
[        ] Caching disabled for task ':flutter_keyboard_visibility_temp_fork:bundleLibRuntimeToDirDebug' because:
[        ]   Build cache is disabled
[        ]   Simple merging task
[        ] Skipping task ':flutter_keyboard_visibility_temp_fork:bundleLibRuntimeToDirDebug' as it is up-to-date.
[        ] work action resolve bundleLibRuntimeToDirDebug (project :flutter_keyboard_visibility_temp_fork) (Thread[#37722,Execution worker Thread 2,5,main]) started.
[        ] ClassesDirToClassesTransform (Thread[#37722,Execution worker Thread 2,5,main]) started.
[        ] Resolve mutations for :flutter_native_splash:bundleLibRuntimeToDirDebug (Thread[#37751,Execution worker Thread 30,5,main]) started.
[        ] DexingNoClasspathTransform (Thread[#37722,Execution worker Thread 2,5,main]) started.
[        ] :flutter_native_splash:bundleLibRuntimeToDirDebug (Thread[#37751,Execution worker Thread 30,5,main]) started.
[        ] > Transform bundleLibRuntimeToDirDebug (project :file_selector_android) with DexingNoClasspathTransform
[        ] Caching disabled for DexingNoClasspathTransform: /Users/florian/Code/substitution/build/file_selector_android/intermediates/runtime_library_classes_dir/debug/bundleLibRuntimeToDirDebug because:
[        ]   Build cache is disabled
[        ] Skipping DexingNoClasspathTransform: /Users/florian/Code/substitution/build/file_selector_android/intermediates/runtime_library_classes_dir/debug/bundleLibRuntimeToDirDebug as it is up-to-date.
[        ] > Transform bundleLibRuntimeToDirDebug (project :flutter_keyboard_visibility_temp_fork) with DexingNoClasspathTransform
[        ] Caching disabled for DexingNoClasspathTransform: /Users/florian/Code/substitution/build/flutter_keyboard_visibility_temp_fork/intermediates/runtime_library_classes_dir/debug/bundleLibRuntimeToDirDebug because:
[        ]   Build cache is disabled
[        ] Skipping DexingNoClasspathTransform: /Users/florian/Code/substitution/build/flutter_keyboard_visibility_temp_fork/intermediates/runtime_library_classes_dir/debug/bundleLibRuntimeToDirDebug as it is up-to-date.
[        ] > Task :flutter_native_splash:bundleLibRuntimeToDirDebug UP-TO-DATE
[        ] Caching disabled for task ':flutter_native_splash:bundleLibRuntimeToDirDebug' because:
[        ]   Build cache is disabled
[        ]   Simple merging task
[        ] Skipping task ':flutter_native_splash:bundleLibRuntimeToDirDebug' as it is up-to-date.
[        ] work action resolve bundleLibRuntimeToDirDebug (project :flutter_native_splash) (Thread[#37751,Execution worker Thread 30,5,main]) started.
[        ] ClassesDirToClassesTransform (Thread[#37751,Execution worker Thread 30,5,main]) started.
[        ] Resolve mutations for :flutter_olm:bundleLibRuntimeToDirDebug (Thread[#37726,Execution worker Thread 6,5,main]) started.
[        ] :flutter_olm:bundleLibRuntimeToDirDebug (Thread[#37726,Execution worker Thread 6,5,main]) started.
[        ] DexingNoClasspathTransform (Thread[#37751,Execution worker Thread 30,5,main]) started.
[        ] > Task :flutter_olm:bundleLibRuntimeToDirDebug UP-TO-DATE
[        ] Caching disabled for task ':flutter_olm:bundleLibRuntimeToDirDebug' because:
[        ]   Build cache is disabled
[        ]   Simple merging task
[        ] Skipping task ':flutter_olm:bundleLibRuntimeToDirDebug' as it is up-to-date.
[        ] work action resolve bundleLibRuntimeToDirDebug (project :flutter_olm) (Thread[#37726,Execution worker Thread 6,5,main]) started.
[        ] ClassesDirToClassesTransform (Thread[#37726,Execution worker Thread 6,5,main]) started.
[        ] Resolve mutations for :flutter_openssl_crypto:bundleLibRuntimeToDirDebug (Thread[#37747,Execution worker Thread 26,5,main]) started.
[        ] DexingNoClasspathTransform (Thread[#37726,Execution worker Thread 6,5,main]) started.
[        ] > Transform bundleLibRuntimeToDirDebug (project :flutter_native_splash) with DexingNoClasspathTransform
[        ] Caching disabled for DexingNoClasspathTransform: /Users/florian/Code/substitution/build/flutter_native_splash/intermediates/runtime_library_classes_dir/debug/bundleLibRuntimeToDirDebug because:
[        ]   Build cache is disabled
[        ] Skipping DexingNoClasspathTransform: /Users/florian/Code/substitution/build/flutter_native_splash/intermediates/runtime_library_classes_dir/debug/bundleLibRuntimeToDirDebug as it is up-to-date.
[        ] :flutter_openssl_crypto:bundleLibRuntimeToDirDebug (Thread[#37747,Execution worker Thread 26,5,main]) started.
[        ] > Transform bundleLibRuntimeToDirDebug (project :flutter_olm) with DexingNoClasspathTransform
[        ] Caching disabled for DexingNoClasspathTransform: /Users/florian/Code/substitution/build/flutter_olm/intermediates/runtime_library_classes_dir/debug/bundleLibRuntimeToDirDebug because:
[        ]   Build cache is disabled
[        ] Skipping DexingNoClasspathTransform: /Users/florian/Code/substitution/build/flutter_olm/intermediates/runtime_library_classes_dir/debug/bundleLibRuntimeToDirDebug as it is up-to-date.
[        ] > Task :flutter_openssl_crypto:bundleLibRuntimeToDirDebug UP-TO-DATE
[        ] Caching disabled for task ':flutter_openssl_crypto:bundleLibRuntimeToDirDebug' because:
[        ]   Build cache is disabled
[        ]   Simple merging task
[        ] Skipping task ':flutter_openssl_crypto:bundleLibRuntimeToDirDebug' as it is up-to-date.
[        ] work action resolve bundleLibRuntimeToDirDebug (project :flutter_openssl_crypto) (Thread[#37747,Execution worker Thread 26,5,main]) started.
[        ] ClassesDirToClassesTransform (Thread[#37747,Execution worker Thread 26,5,main]) started.
[        ] Resolve mutations for :integration_test:bundleLibRuntimeToDirDebug (Thread[#37726,Execution worker Thread 6,5,main]) started.
[        ] DexingNoClasspathTransform (Thread[#37747,Execution worker Thread 26,5,main]) started.
[        ] :integration_test:bundleLibRuntimeToDirDebug (Thread[#37726,Execution worker Thread 6,5,main]) started.
[        ] > Transform bundleLibRuntimeToDirDebug (project :flutter_openssl_crypto) with DexingNoClasspathTransform
[        ] Caching disabled for DexingNoClasspathTransform: /Users/florian/Code/substitution/build/flutter_openssl_crypto/intermediates/runtime_library_classes_dir/debug/bundleLibRuntimeToDirDebug because:
[        ]   Build cache is disabled
[        ] Skipping DexingNoClasspathTransform: /Users/florian/Code/substitution/build/flutter_openssl_crypto/intermediates/runtime_library_classes_dir/debug/bundleLibRuntimeToDirDebug as it is up-to-date.
[        ] > Task :integration_test:bundleLibRuntimeToDirDebug UP-TO-DATE
[        ] Caching disabled for task ':integration_test:bundleLibRuntimeToDirDebug' because:
[        ]   Build cache is disabled
[        ]   Simple merging task
[        ] Skipping task ':integration_test:bundleLibRuntimeToDirDebug' as it is up-to-date.
[        ] work action resolve bundleLibRuntimeToDirDebug (project :integration_test) (Thread[#37726,Execution worker Thread 6,5,main]) started.
[        ] ClassesDirToClassesTransform (Thread[#37726,Execution worker Thread 6,5,main]) started.
[        ] Resolve mutations for :path_provider_android:bundleLibRuntimeToDirDebug (Thread[#37749,Execution worker Thread 28,5,main]) started.
[        ] :path_provider_android:bundleLibRuntimeToDirDebug (Thread[#37749,Execution worker Thread 28,5,main]) started.
[        ] DexingNoClasspathTransform (Thread[#37726,Execution worker Thread 6,5,main]) started.
[        ] > Task :path_provider_android:bundleLibRuntimeToDirDebug UP-TO-DATE
[        ] Caching disabled for task ':path_provider_android:bundleLibRuntimeToDirDebug' because:
[        ]   Build cache is disabled
[        ]   Simple merging task
[        ] Skipping task ':path_provider_android:bundleLibRuntimeToDirDebug' as it is up-to-date.
[        ] work action resolve bundleLibRuntimeToDirDebug (project :path_provider_android) (Thread[#37749,Execution worker Thread 28,5,main]) started.
[        ] ClassesDirToClassesTransform (Thread[#37749,Execution worker Thread 28,5,main]) started.
[        ] Resolve mutations for :quill_native_bridge_android:bundleLibRuntimeToDirDebug (Thread[#37721,Execution worker,5,main]) started.
[        ] :quill_native_bridge_android:bundleLibRuntimeToDirDebug (Thread[#37721,Execution worker,5,main]) started.
[        ] DexingNoClasspathTransform (Thread[#37749,Execution worker Thread 28,5,main]) started.
[        ] > Transform bundleLibRuntimeToDirDebug (project :integration_test) with DexingNoClasspathTransform
[        ] Caching disabled for DexingNoClasspathTransform: /Users/florian/Code/substitution/build/integration_test/intermediates/runtime_library_classes_dir/debug/bundleLibRuntimeToDirDebug because:
[        ]   Build cache is disabled
[        ] Skipping DexingNoClasspathTransform: /Users/florian/Code/substitution/build/integration_test/intermediates/runtime_library_classes_dir/debug/bundleLibRuntimeToDirDebug as it is up-to-date.
[        ] > Transform bundleLibRuntimeToDirDebug (project :path_provider_android) with DexingNoClasspathTransform
[        ] Caching disabled for DexingNoClasspathTransform: /Users/florian/Code/substitution/build/path_provider_android/intermediates/runtime_library_classes_dir/debug/bundleLibRuntimeToDirDebug because:
[        ]   Build cache is disabled
[        ] Skipping DexingNoClasspathTransform: /Users/florian/Code/substitution/build/path_provider_android/intermediates/runtime_library_classes_dir/debug/bundleLibRuntimeToDirDebug as it is up-to-date.
[        ] > Task :quill_native_bridge_android:bundleLibRuntimeToDirDebug UP-TO-DATE
[        ] Caching disabled for task ':quill_native_bridge_android:bundleLibRuntimeToDirDebug' because:
[        ]   Build cache is disabled
[        ]   Simple merging task
[        ] Skipping task ':quill_native_bridge_android:bundleLibRuntimeToDirDebug' as it is up-to-date.
[        ] work action resolve bundleLibRuntimeToDirDebug (project :quill_native_bridge_android) (Thread[#37721,Execution worker,5,main]) started.
[        ] ClassesDirToClassesTransform (Thread[#37721,Execution worker,5,main]) started.
[        ] Resolve mutations for :shared_preferences_android:bundleLibRuntimeToDirDebug (Thread[#37734,Execution worker Thread 13,5,main]) started.
[        ] :shared_preferences_android:bundleLibRuntimeToDirDebug (Thread[#37734,Execution worker Thread 13,5,main]) started.
[        ] DexingNoClasspathTransform (Thread[#37721,Execution worker,5,main]) started.
[        ] > Transform bundleLibRuntimeToDirDebug (project :quill_native_bridge_android) with DexingNoClasspathTransform
[        ] Caching disabled for DexingNoClasspathTransform: /Users/florian/Code/substitution/build/quill_native_bridge_android/intermediates/runtime_library_classes_dir/debug/bundleLibRuntimeToDirDebug because:
[        ]   Build cache is disabled
[        ] Skipping DexingNoClasspathTransform: /Users/florian/Code/substitution/build/quill_native_bridge_android/intermediates/runtime_library_classes_dir/debug/bundleLibRuntimeToDirDebug as it is up-to-date.
[        ] > Task :shared_preferences_android:bundleLibRuntimeToDirDebug UP-TO-DATE
[        ] Caching disabled for task ':shared_preferences_android:bundleLibRuntimeToDirDebug' because:
[        ]   Build cache is disabled
[        ]   Simple merging task
[        ] Skipping task ':shared_preferences_android:bundleLibRuntimeToDirDebug' as it is up-to-date.
[        ] work action resolve bundleLibRuntimeToDirDebug (project :shared_preferences_android) (Thread[#37734,Execution worker Thread 13,5,main]) started.
[        ] ClassesDirToClassesTransform (Thread[#37734,Execution worker Thread 13,5,main]) started.
[        ] Resolve mutations for :sqflite_android:bundleLibRuntimeToDirDebug (Thread[#37726,Execution worker Thread 6,5,main]) started.
[        ] :sqflite_android:bundleLibRuntimeToDirDebug (Thread[#37726,Execution worker Thread 6,5,main]) started.
[        ] DexingNoClasspathTransform (Thread[#37734,Execution worker Thread 13,5,main]) started.
[        ] > Task :sqflite_android:bundleLibRuntimeToDirDebug UP-TO-DATE
[        ] Caching disabled for task ':sqflite_android:bundleLibRuntimeToDirDebug' because:
[        ]   Build cache is disabled
[        ]   Simple merging task
[        ] Skipping task ':sqflite_android:bundleLibRuntimeToDirDebug' as it is up-to-date.
[        ] work action resolve bundleLibRuntimeToDirDebug (project :sqflite_android) (Thread[#37726,Execution worker Thread 6,5,main]) started.
[        ] ClassesDirToClassesTransform (Thread[#37726,Execution worker Thread 6,5,main]) started.
[        ] Resolve mutations for :url_launcher_android:bundleLibRuntimeToDirDebug (Thread[#37748,Execution worker Thread 27,5,main]) started.
[        ] DexingNoClasspathTransform (Thread[#37726,Execution worker Thread 6,5,main]) started.
[        ] :url_launcher_android:bundleLibRuntimeToDirDebug (Thread[#37748,Execution worker Thread 27,5,main]) started.
[        ] > Transform bundleLibRuntimeToDirDebug (project :shared_preferences_android) with DexingNoClasspathTransform
[        ] Caching disabled for DexingNoClasspathTransform: /Users/florian/Code/substitution/build/shared_preferences_android/intermediates/runtime_library_classes_dir/debug/bundleLibRuntimeToDirDebug because:
[        ]   Build cache is disabled
[        ] Skipping DexingNoClasspathTransform: /Users/florian/Code/substitution/build/shared_preferences_android/intermediates/runtime_library_classes_dir/debug/bundleLibRuntimeToDirDebug as it is up-to-date.
[        ] > Task :url_launcher_android:bundleLibRuntimeToDirDebug UP-TO-DATE
[        ] Caching disabled for task ':url_launcher_android:bundleLibRuntimeToDirDebug' because:
[        ]   Build cache is disabled
[        ]   Simple merging task
[        ] Skipping task ':url_launcher_android:bundleLibRuntimeToDirDebug' as it is up-to-date.
[        ] work action resolve bundleLibRuntimeToDirDebug (project :url_launcher_android) (Thread[#37748,Execution worker Thread 27,5,main]) started.
[        ] ClassesDirToClassesTransform (Thread[#37748,Execution worker Thread 27,5,main]) started.
[        ] Resolve mutations for :video_player_android:bundleLibRuntimeToDirDebug (Thread[#37733,Execution worker Thread 12,5,main]) started.
[        ] :video_player_android:bundleLibRuntimeToDirDebug (Thread[#37733,Execution worker Thread 12,5,main]) started.
[        ] DexingNoClasspathTransform (Thread[#37748,Execution worker Thread 27,5,main]) started.
[        ] > Transform bundleLibRuntimeToDirDebug (project :sqflite_android) with DexingNoClasspathTransform
[        ] Caching disabled for DexingNoClasspathTransform: /Users/florian/Code/substitution/build/sqflite_android/intermediates/runtime_library_classes_dir/debug/bundleLibRuntimeToDirDebug because:
[        ]   Build cache is disabled
[        ] Skipping DexingNoClasspathTransform: /Users/florian/Code/substitution/build/sqflite_android/intermediates/runtime_library_classes_dir/debug/bundleLibRuntimeToDirDebug as it is up-to-date.
[        ] > Transform bundleLibRuntimeToDirDebug (project :url_launcher_android) with DexingNoClasspathTransform
[        ] Caching disabled for DexingNoClasspathTransform: /Users/florian/Code/substitution/build/url_launcher_android/intermediates/runtime_library_classes_dir/debug/bundleLibRuntimeToDirDebug because:
[        ]   Build cache is disabled
[        ] Skipping DexingNoClasspathTransform: /Users/florian/Code/substitution/build/url_launcher_android/intermediates/runtime_library_classes_dir/debug/bundleLibRuntimeToDirDebug as it is up-to-date.
[        ] > Task :video_player_android:bundleLibRuntimeToDirDebug UP-TO-DATE
[        ] Caching disabled for task ':video_player_android:bundleLibRuntimeToDirDebug' because:
[        ]   Build cache is disabled
[        ]   Simple merging task
[        ] Skipping task ':video_player_android:bundleLibRuntimeToDirDebug' as it is up-to-date.
[        ] work action resolve bundleLibRuntimeToDirDebug (project :video_player_android) (Thread[#37733,Execution worker Thread 12,5,main]) started.
[        ] ClassesDirToClassesTransform (Thread[#37733,Execution worker Thread 12,5,main]) started.
[        ] Resolve mutations for :app:dexBuilderDebug (Thread[#37721,Execution worker,5,main]) started.
[        ] :app:dexBuilderDebug (Thread[#37721,Execution worker,5,main]) started.
[        ] DexingNoClasspathTransform (Thread[#37733,Execution worker Thread 12,5,main]) started.
[        ] > Task :app:dexBuilderDebug UP-TO-DATE
[        ] Caching disabled for task ':app:dexBuilderDebug' because:
[        ]   Build cache is disabled
[        ] Skipping task ':app:dexBuilderDebug' as it is up-to-date.
[        ] Resolve mutations for :app:mergeProjectDexDebug (Thread[#37721,Execution worker,5,main]) started.
[        ] :app:mergeProjectDexDebug (Thread[#37721,Execution worker,5,main]) started.
[        ] > Transform bundleLibRuntimeToDirDebug (project :video_player_android) with DexingNoClasspathTransform
[        ] Caching disabled for DexingNoClasspathTransform: /Users/florian/Code/substitution/build/video_player_android/intermediates/runtime_library_classes_dir/debug/bundleLibRuntimeToDirDebug because:
[        ]   Build cache is disabled
[        ] Skipping DexingNoClasspathTransform: /Users/florian/Code/substitution/build/video_player_android/intermediates/runtime_library_classes_dir/debug/bundleLibRuntimeToDirDebug as it is up-to-date.
[        ] > Task :app:mergeProjectDexDebug UP-TO-DATE
[        ] Caching disabled for task ':app:mergeProjectDexDebug' because:
[        ]   Build cache is disabled
[        ] Skipping task ':app:mergeProjectDexDebug' as it is up-to-date.
[        ] Resolve mutations for :app:mergeLibDexDebug (Thread[#37721,Execution worker,5,main]) started.
[        ] :app:mergeLibDexDebug (Thread[#37721,Execution worker,5,main]) started.
[        ] > Task :app:mergeLibDexDebug UP-TO-DATE
[        ] Caching disabled for task ':app:mergeLibDexDebug' because:
[        ]   Build cache is disabled
[        ] Skipping task ':app:mergeLibDexDebug' as it is up-to-date.
[        ] Resolve mutations for :app:configureCMakeDebug[arm64-v8a] (Thread[#37721,Execution worker,5,main]) started.
[        ] :app:configureCMakeDebug[arm64-v8a] (Thread[#37721,Execution worker,5,main]) started.
[        ] > Task :app:configureCMakeDebug[arm64-v8a]
[        ] Caching disabled for task ':app:configureCMakeDebug[arm64-v8a]' because:
[        ]   Build cache is disabled
[        ]   Caching has been disabled for the task
[        ] Task ':app:configureCMakeDebug[arm64-v8a]' is not up-to-date because:
[        ]   Task.upToDateWhen is false.
[        ] C/C++: /opt/homebrew/share/flutter/packages/flutter_tools/gradle/src/main/scripts/CMakeLists.txt debug|arm64-v8a : Start JSON generation. Platform version: 24 min SDK version: arm64-v8a
[        ] C/C++: /opt/homebrew/share/flutter/packages/flutter_tools/gradle/src/main/scripts/CMakeLists.txt debug|arm64-v8a : JSON '/Users/florian/Code/substitution/build/.cxx/debug/x6546535/arm64-v8a/android_gradle_build.json' was up-to-date
[        ] C/C++: /opt/homebrew/share/flutter/packages/flutter_tools/gradle/src/main/scripts/CMakeLists.txt debug|arm64-v8a : JSON generation completed without problems
[        ] C/C++: /opt/homebrew/share/flutter/packages/flutter_tools/gradle/src/main/scripts/CMakeLists.txt debug|arm64-v8a : Writing build model to /Users/florian/Code/substitution/build/app/intermediates/cxx/debug/x6546535/logs/arm64-v8a/build_model.json
[        ] Resolve mutations for :app:buildCMakeDebug[arm64-v8a] (Thread[#37721,Execution worker,5,main]) started.
[        ] :app:buildCMakeDebug[arm64-v8a] (Thread[#37721,Execution worker,5,main]) started.
[        ] > Task :app:buildCMakeDebug[arm64-v8a]
[        ] Caching disabled for task ':app:buildCMakeDebug[arm64-v8a]' because:
[        ]   Build cache is disabled
[        ]   Caching has been disabled for the task
[        ] Task ':app:buildCMakeDebug[arm64-v8a]' is not up-to-date because:
[        ]   Task.upToDateWhen is false.
[        ] C/C++: starting build
[        ] C/C++: reading expected JSONs
[        ] C/C++: done reading expected JSONs
[        ] C/C++: executing build commands for targets that produce .so files or executables
[        ] C/C++: evaluate miniconfig
[        ] C/C++: no libraries
[        ] Resolve mutations for :app:configureCMakeDebug[armeabi-v7a] (Thread[#37721,Execution worker,5,main]) started.
[        ] :app:configureCMakeDebug[armeabi-v7a] (Thread[#37721,Execution worker,5,main]) started.
[        ] > Task :app:configureCMakeDebug[armeabi-v7a]
[        ] Caching disabled for task ':app:configureCMakeDebug[armeabi-v7a]' because:
[        ]   Build cache is disabled
[        ]   Caching has been disabled for the task
[        ] Task ':app:configureCMakeDebug[armeabi-v7a]' is not up-to-date because:
[        ]   Task.upToDateWhen is false.
[        ] C/C++: /opt/homebrew/share/flutter/packages/flutter_tools/gradle/src/main/scripts/CMakeLists.txt debug|armeabi-v7a : Start JSON generation. Platform version: 24 min SDK version: armeabi-v7a
[        ] C/C++: /opt/homebrew/share/flutter/packages/flutter_tools/gradle/src/main/scripts/CMakeLists.txt debug|armeabi-v7a : JSON '/Users/florian/Code/substitution/build/.cxx/debug/x6546535/armeabi-v7a/android_gradle_build.json' was up-to-date
[        ] C/C++: /opt/homebrew/share/flutter/packages/flutter_tools/gradle/src/main/scripts/CMakeLists.txt debug|armeabi-v7a : JSON generation completed without problems
[        ] C/C++: /opt/homebrew/share/flutter/packages/flutter_tools/gradle/src/main/scripts/CMakeLists.txt debug|armeabi-v7a : Writing build model to /Users/florian/Code/substitution/build/app/intermediates/cxx/debug/x6546535/logs/armeabi-v7a/build_model.json
[        ] Resolve mutations for :app:buildCMakeDebug[armeabi-v7a] (Thread[#37721,Execution worker,5,main]) started.
[        ] :app:buildCMakeDebug[armeabi-v7a] (Thread[#37721,Execution worker,5,main]) started.
[        ] > Task :app:buildCMakeDebug[armeabi-v7a]
[        ] Caching disabled for task ':app:buildCMakeDebug[armeabi-v7a]' because:
[        ]   Build cache is disabled
[        ]   Caching has been disabled for the task
[        ] Task ':app:buildCMakeDebug[armeabi-v7a]' is not up-to-date because:
[        ]   Task.upToDateWhen is false.
[        ] C/C++: starting build
[        ] C/C++: reading expected JSONs
[        ] C/C++: done reading expected JSONs
[        ] C/C++: executing build commands for targets that produce .so files or executables
[        ] C/C++: evaluate miniconfig
[        ] C/C++: no libraries
[        ] Resolve mutations for :app:configureCMakeDebug[x86_64] (Thread[#37721,Execution worker,5,main]) started.
[        ] :app:configureCMakeDebug[x86_64] (Thread[#37721,Execution worker,5,main]) started.
[        ] > Task :app:configureCMakeDebug[x86_64]
[        ] Caching disabled for task ':app:configureCMakeDebug[x86_64]' because:
[        ]   Build cache is disabled
[        ]   Caching has been disabled for the task
[        ] Task ':app:configureCMakeDebug[x86_64]' is not up-to-date because:
[        ]   Task.upToDateWhen is false.
[        ] C/C++: /opt/homebrew/share/flutter/packages/flutter_tools/gradle/src/main/scripts/CMakeLists.txt debug|x86_64 : Start JSON generation. Platform version: 24 min SDK version: x86_64
[        ] C/C++: /opt/homebrew/share/flutter/packages/flutter_tools/gradle/src/main/scripts/CMakeLists.txt debug|x86_64 : JSON '/Users/florian/Code/substitution/build/.cxx/debug/x6546535/x86_64/android_gradle_build.json' was up-to-date
[        ] C/C++: /opt/homebrew/share/flutter/packages/flutter_tools/gradle/src/main/scripts/CMakeLists.txt debug|x86_64 : JSON generation completed without problems
[        ] C/C++: /opt/homebrew/share/flutter/packages/flutter_tools/gradle/src/main/scripts/CMakeLists.txt debug|x86_64 : Writing build model to /Users/florian/Code/substitution/build/app/intermediates/cxx/debug/x6546535/logs/x86_64/build_model.json
[        ] Resolve mutations for :app:buildCMakeDebug[x86_64] (Thread[#37721,Execution worker,5,main]) started.
[        ] :app:buildCMakeDebug[x86_64] (Thread[#37721,Execution worker,5,main]) started.
[        ] > Task :app:buildCMakeDebug[x86_64]
[        ] Caching disabled for task ':app:buildCMakeDebug[x86_64]' because:
[        ]   Build cache is disabled
[        ]   Caching has been disabled for the task
[        ] Task ':app:buildCMakeDebug[x86_64]' is not up-to-date because:
[        ]   Task.upToDateWhen is false.
[        ] C/C++: starting build
[        ] C/C++: reading expected JSONs
[        ] C/C++: done reading expected JSONs
[        ] C/C++: executing build commands for targets that produce .so files or executables
[        ] C/C++: evaluate miniconfig
[        ] C/C++: no libraries
[        ] Resolve mutations for :app:mergeDebugJniLibFolders (Thread[#37721,Execution worker,5,main]) started.
[        ] :app:mergeDebugJniLibFolders (Thread[#37721,Execution worker,5,main]) started.
[        ] > Task :app:mergeDebugJniLibFolders UP-TO-DATE
[        ] Caching disabled for task ':app:mergeDebugJniLibFolders' because:
[        ]   Build cache is disabled
[        ]   Simple merging task
[        ] Skipping task ':app:mergeDebugJniLibFolders' as it is up-to-date.
[        ] Resolve mutations for :connectivity_plus:mergeDebugJniLibFolders (Thread[#37721,Execution worker,5,main]) started.
[        ] :connectivity_plus:mergeDebugJniLibFolders (Thread[#37721,Execution worker,5,main]) started.
[        ] > Task :connectivity_plus:mergeDebugJniLibFolders UP-TO-DATE
[        ] Caching disabled for task ':connectivity_plus:mergeDebugJniLibFolders' because:
[        ]   Build cache is disabled
[        ]   Simple merging task
[        ] Skipping task ':connectivity_plus:mergeDebugJniLibFolders' as it is up-to-date.
[  +94 ms] Resolve mutations for :connectivity_plus:mergeDebugNativeLibs (Thread[#37721,Execution worker,5,main]) started.
[        ] :connectivity_plus:mergeDebugNativeLibs (Thread[#37721,Execution worker,5,main]) started.
[        ] > Task :connectivity_plus:mergeDebugNativeLibs NO-SOURCE
[        ] Skipping task ':connectivity_plus:mergeDebugNativeLibs' as it has no source files and no previous output files.
[        ] Resolve mutations for :connectivity_plus:copyDebugJniLibsProjectOnly (Thread[#37721,Execution worker,5,main]) started.
[        ] :connectivity_plus:copyDebugJniLibsProjectOnly (Thread[#37721,Execution worker,5,main]) started.
[        ] > Task :connectivity_plus:copyDebugJniLibsProjectOnly UP-TO-DATE
[        ] Caching disabled for task ':connectivity_plus:copyDebugJniLibsProjectOnly' because:
[        ]   Build cache is disabled
[        ]   Caching has been disabled for the task
[        ] Skipping task ':connectivity_plus:copyDebugJniLibsProjectOnly' as it is up-to-date.
[        ] work action resolve jni (project :connectivity_plus) (Thread[#37721,Execution worker,5,main]) started.
[        ] Resolve mutations for :emoji_picker_flutter:mergeDebugJniLibFolders (Thread[#37721,Execution worker,5,main]) started.
[        ] :emoji_picker_flutter:mergeDebugJniLibFolders (Thread[#37721,Execution worker,5,main]) started.
[        ] > Task :emoji_picker_flutter:mergeDebugJniLibFolders UP-TO-DATE
[        ] Caching disabled for task ':emoji_picker_flutter:mergeDebugJniLibFolders' because:
[        ]   Build cache is disabled
[        ]   Simple merging task
[        ] Skipping task ':emoji_picker_flutter:mergeDebugJniLibFolders' as it is up-to-date.
[        ] Resolve mutations for :emoji_picker_flutter:mergeDebugNativeLibs (Thread[#37721,Execution worker,5,main]) started.
[        ] :emoji_picker_flutter:mergeDebugNativeLibs (Thread[#37721,Execution worker,5,main]) started.
[        ] > Task :emoji_picker_flutter:mergeDebugNativeLibs NO-SOURCE
[        ] Skipping task ':emoji_picker_flutter:mergeDebugNativeLibs' as it has no source files and no previous output files.
[        ] Resolve mutations for :emoji_picker_flutter:copyDebugJniLibsProjectOnly (Thread[#37721,Execution worker,5,main]) started.
[        ] :emoji_picker_flutter:copyDebugJniLibsProjectOnly (Thread[#37721,Execution worker,5,main]) started.
[        ] > Task :emoji_picker_flutter:copyDebugJniLibsProjectOnly UP-TO-DATE
[        ] Caching disabled for task ':emoji_picker_flutter:copyDebugJniLibsProjectOnly' because:
[        ]   Build cache is disabled
[        ]   Caching has been disabled for the task
[        ] Skipping task ':emoji_picker_flutter:copyDebugJniLibsProjectOnly' as it is up-to-date.
[        ] work action resolve jni (project :emoji_picker_flutter) (Thread[#37721,Execution worker,5,main]) started.
[        ] Resolve mutations for :file_selector_android:mergeDebugJniLibFolders (Thread[#37721,Execution worker,5,main]) started.
[        ] :file_selector_android:mergeDebugJniLibFolders (Thread[#37721,Execution worker,5,main]) started.
[        ] > Task :file_selector_android:mergeDebugJniLibFolders UP-TO-DATE
[        ] Caching disabled for task ':file_selector_android:mergeDebugJniLibFolders' because:
[        ]   Build cache is disabled
[        ]   Simple merging task
[        ] Skipping task ':file_selector_android:mergeDebugJniLibFolders' as it is up-to-date.
[        ] Resolve mutations for :file_selector_android:mergeDebugNativeLibs (Thread[#37721,Execution worker,5,main]) started.
[        ] :file_selector_android:mergeDebugNativeLibs (Thread[#37721,Execution worker,5,main]) started.
[        ] > Task :file_selector_android:mergeDebugNativeLibs NO-SOURCE
[        ] Skipping task ':file_selector_android:mergeDebugNativeLibs' as it has no source files and no previous output files.
[        ] Resolve mutations for :file_selector_android:copyDebugJniLibsProjectOnly (Thread[#37721,Execution worker,5,main]) started.
[        ] :file_selector_android:copyDebugJniLibsProjectOnly (Thread[#37721,Execution worker,5,main]) started.
[        ] > Task :file_selector_android:copyDebugJniLibsProjectOnly UP-TO-DATE
[        ] Caching disabled for task ':file_selector_android:copyDebugJniLibsProjectOnly' because:
[        ]   Build cache is disabled
[        ]   Caching has been disabled for the task
[        ] Skipping task ':file_selector_android:copyDebugJniLibsProjectOnly' as it is up-to-date.
[        ] work action resolve jni (project :file_selector_android) (Thread[#37721,Execution worker,5,main]) started.
[        ] Resolve mutations for :flutter_keyboard_visibility_temp_fork:mergeDebugJniLibFolders (Thread[#37721,Execution worker,5,main]) started.
[        ] :flutter_keyboard_visibility_temp_fork:mergeDebugJniLibFolders (Thread[#37721,Execution worker,5,main]) started.
[        ] > Task :flutter_keyboard_visibility_temp_fork:mergeDebugJniLibFolders UP-TO-DATE
[        ] Caching disabled for task ':flutter_keyboard_visibility_temp_fork:mergeDebugJniLibFolders' because:
[        ]   Build cache is disabled
[        ]   Simple merging task
[        ] Skipping task ':flutter_keyboard_visibility_temp_fork:mergeDebugJniLibFolders' as it is up-to-date.
[        ] Resolve mutations for :flutter_keyboard_visibility_temp_fork:mergeDebugNativeLibs (Thread[#37721,Execution worker,5,main]) started.
[        ] :flutter_keyboard_visibility_temp_fork:mergeDebugNativeLibs (Thread[#37721,Execution worker,5,main]) started.
[        ] > Task :flutter_keyboard_visibility_temp_fork:mergeDebugNativeLibs NO-SOURCE
[        ] Skipping task ':flutter_keyboard_visibility_temp_fork:mergeDebugNativeLibs' as it has no source files and no previous output files.
[        ] Resolve mutations for :flutter_keyboard_visibility_temp_fork:copyDebugJniLibsProjectOnly (Thread[#37721,Execution worker,5,main]) started.
[        ] :flutter_keyboard_visibility_temp_fork:copyDebugJniLibsProjectOnly (Thread[#37721,Execution worker,5,main]) started.
[        ] > Task :flutter_keyboard_visibility_temp_fork:copyDebugJniLibsProjectOnly UP-TO-DATE
[        ] Caching disabled for task ':flutter_keyboard_visibility_temp_fork:copyDebugJniLibsProjectOnly' because:
[        ]   Build cache is disabled
[        ]   Caching has been disabled for the task
[        ] Skipping task ':flutter_keyboard_visibility_temp_fork:copyDebugJniLibsProjectOnly' as it is up-to-date.
[        ] work action resolve jni (project :flutter_keyboard_visibility_temp_fork) (Thread[#37721,Execution worker,5,main]) started.
[        ] Resolve mutations for :flutter_native_splash:mergeDebugJniLibFolders (Thread[#37721,Execution worker,5,main]) started.
[        ] :flutter_native_splash:mergeDebugJniLibFolders (Thread[#37721,Execution worker,5,main]) started.
[        ] > Task :flutter_native_splash:mergeDebugJniLibFolders UP-TO-DATE
[        ] Caching disabled for task ':flutter_native_splash:mergeDebugJniLibFolders' because:
[        ]   Build cache is disabled
[        ]   Simple merging task
[        ] Skipping task ':flutter_native_splash:mergeDebugJniLibFolders' as it is up-to-date.
[        ] Resolve mutations for :flutter_native_splash:mergeDebugNativeLibs (Thread[#37721,Execution worker,5,main]) started.
[        ] :flutter_native_splash:mergeDebugNativeLibs (Thread[#37721,Execution worker,5,main]) started.
[        ] > Task :flutter_native_splash:mergeDebugNativeLibs NO-SOURCE
[        ] Skipping task ':flutter_native_splash:mergeDebugNativeLibs' as it has no source files and no previous output files.
[        ] Resolve mutations for :flutter_native_splash:copyDebugJniLibsProjectOnly (Thread[#37721,Execution worker,5,main]) started.
[        ] :flutter_native_splash:copyDebugJniLibsProjectOnly (Thread[#37721,Execution worker,5,main]) started.
[        ] > Task :flutter_native_splash:copyDebugJniLibsProjectOnly UP-TO-DATE
[        ] Caching disabled for task ':flutter_native_splash:copyDebugJniLibsProjectOnly' because:
[        ]   Build cache is disabled
[        ]   Caching has been disabled for the task
[        ] Skipping task ':flutter_native_splash:copyDebugJniLibsProjectOnly' as it is up-to-date.
[        ] work action resolve jni (project :flutter_native_splash) (Thread[#37721,Execution worker,5,main]) started.
[        ] Resolve mutations for :flutter_olm:preProfileBuild (Thread[#37721,Execution worker,5,main]) started.
[        ] :flutter_olm:preProfileBuild (Thread[#37721,Execution worker,5,main]) started.
[        ] > Task :flutter_olm:preProfileBuild UP-TO-DATE
[        ] Skipping task ':flutter_olm:preProfileBuild' as it has no actions.
[        ] Resolve mutations for :flutter_olm:configureCMakeDebug[arm64-v8a] (Thread[#37721,Execution worker,5,main]) started.
[        ] :flutter_olm:configureCMakeDebug[arm64-v8a] (Thread[#37721,Execution worker,5,main]) started.
[        ] > Task :flutter_olm:configureCMakeDebug[arm64-v8a]
[        ] Caching disabled for task ':flutter_olm:configureCMakeDebug[arm64-v8a]' because:
[        ]   Build cache is disabled
[        ]   Caching has been disabled for the task
[        ] Task ':flutter_olm:configureCMakeDebug[arm64-v8a]' is not up-to-date because:
[        ]   Task.upToDateWhen is false.
[        ] C/C++: /Users/florian/.pub-cache/hosted/pub.dev/flutter_olm-2.0.0/ios/CMakeLists.txt profile|arm64-v8a : Start JSON generation. Platform version: 21 min SDK version: arm64-v8a
[        ] C/C++: /Users/florian/.pub-cache/hosted/pub.dev/flutter_olm-2.0.0/ios/CMakeLists.txt profile|arm64-v8a : JSON '/Users/florian/.pub-cache/hosted/pub.dev/flutter_olm-2.0.0/android/.cxx/Debug/611a6669/arm64-v8a/android_gradle_build.json' was up-to-date
[        ] C/C++: /Users/florian/.pub-cache/hosted/pub.dev/flutter_olm-2.0.0/ios/CMakeLists.txt profile|arm64-v8a : JSON generation completed without problems
[        ] C/C++: /Users/florian/.pub-cache/hosted/pub.dev/flutter_olm-2.0.0/ios/CMakeLists.txt profile|arm64-v8a : Writing build model to /Users/florian/Code/substitution/build/flutter_olm/intermediates/cxx/Debug/611a6669/logs/arm64-v8a/build_model.json
[        ] Resolve mutations for :flutter_olm:buildCMakeDebug[arm64-v8a] (Thread[#37721,Execution worker,5,main]) started.
[        ] :flutter_olm:buildCMakeDebug[arm64-v8a] (Thread[#37721,Execution worker,5,main]) started.
[        ] > Task :flutter_olm:buildCMakeDebug[arm64-v8a]
[        ] Caching disabled for task ':flutter_olm:buildCMakeDebug[arm64-v8a]' because:
[        ]   Build cache is disabled
[        ]   Caching has been disabled for the task
[        ] Task ':flutter_olm:buildCMakeDebug[arm64-v8a]' is not up-to-date because:
[        ]   Task.upToDateWhen is false.
[        ] C/C++: starting build
[        ] C/C++: reading expected JSONs
[        ] C/C++: done reading expected JSONs
[        ] C/C++: executing build commands for targets that produce .so files or executables
[        ] C/C++: evaluate miniconfig
[        ] C/C++: evaluate library olm (arm64-v8a)
[        ] C/C++: building target library olm because no targets are specified.
[        ] C/C++: about to build targets olm
[        ] C/C++: Build olm
[        ] C/C++: /Users/florian/Library/Android/sdk/cmake/3.22.1/bin/ninja \
[        ]   -C \
[        ]   /Users/florian/.pub-cache/hosted/pub.dev/flutter_olm-2.0.0/android/.cxx/Debug/611a6669/arm64-v8a \
[        ]   olm
[        ] Starting process 'command '/Users/florian/Library/Android/sdk/cmake/3.22.1/bin/ninja''. Working directory: /Users/florian/.pub-cache/hosted/pub.dev/flutter_olm-2.0.0/android Command: /Users/florian/Library/Android/sdk/cmake/3.22.1/bin/ninja -C /Users/florian/.pub-cache/hosted/pub.dev/flutter_olm-2.0.0/android/.cxx/Debug/611a6669/arm64-v8a olm
[        ] Successfully started process 'command '/Users/florian/Library/Android/sdk/cmake/3.22.1/bin/ninja''
[        ] C/C++: Received process result: 0
[        ] C/C++: check expected build outputs
[        ] C/C++: build complete
[        ] Resolve mutations for :flutter_olm:configureCMakeDebug[armeabi-v7a] (Thread[#37721,Execution worker,5,main]) started.
[        ] :flutter_olm:configureCMakeDebug[armeabi-v7a] (Thread[#37721,Execution worker,5,main]) started.
[        ] > Task :flutter_olm:configureCMakeDebug[armeabi-v7a]
[        ] Caching disabled for task ':flutter_olm:configureCMakeDebug[armeabi-v7a]' because:
[        ]   Build cache is disabled
[        ]   Caching has been disabled for the task
[        ] Task ':flutter_olm:configureCMakeDebug[armeabi-v7a]' is not up-to-date because:
[        ]   Task.upToDateWhen is false.
[        ] C/C++: /Users/florian/.pub-cache/hosted/pub.dev/flutter_olm-2.0.0/ios/CMakeLists.txt profile|armeabi-v7a : Start JSON generation. Platform version: 21 min SDK version: armeabi-v7a
[        ] C/C++: /Users/florian/.pub-cache/hosted/pub.dev/flutter_olm-2.0.0/ios/CMakeLists.txt profile|armeabi-v7a : JSON '/Users/florian/.pub-cache/hosted/pub.dev/flutter_olm-2.0.0/android/.cxx/Debug/611a6669/armeabi-v7a/android_gradle_build.json' was up-to-date
[        ] C/C++: /Users/florian/.pub-cache/hosted/pub.dev/flutter_olm-2.0.0/ios/CMakeLists.txt profile|armeabi-v7a : JSON generation completed without problems
[        ] C/C++: /Users/florian/.pub-cache/hosted/pub.dev/flutter_olm-2.0.0/ios/CMakeLists.txt profile|armeabi-v7a : Writing build model to /Users/florian/Code/substitution/build/flutter_olm/intermediates/cxx/Debug/611a6669/logs/armeabi-v7a/build_model.json
[        ] Resolve mutations for :flutter_olm:buildCMakeDebug[armeabi-v7a] (Thread[#37721,Execution worker,5,main]) started.
[        ] :flutter_olm:buildCMakeDebug[armeabi-v7a] (Thread[#37721,Execution worker,5,main]) started.
[        ] > Task :flutter_olm:buildCMakeDebug[armeabi-v7a]
[        ] Caching disabled for task ':flutter_olm:buildCMakeDebug[armeabi-v7a]' because:
[        ]   Build cache is disabled
[        ]   Caching has been disabled for the task
[        ] Task ':flutter_olm:buildCMakeDebug[armeabi-v7a]' is not up-to-date because:
[        ]   Task.upToDateWhen is false.
[        ] C/C++: starting build
[        ] C/C++: reading expected JSONs
[        ] C/C++: done reading expected JSONs
[        ] C/C++: executing build commands for targets that produce .so files or executables
[        ] C/C++: evaluate miniconfig
[        ] C/C++: evaluate library olm (armeabi-v7a)
[        ] C/C++: building target library olm because no targets are specified.
[        ] C/C++: about to build targets olm
[        ] C/C++: Build olm
[        ] C/C++: /Users/florian/Library/Android/sdk/cmake/3.22.1/bin/ninja \
[        ]   -C \
[        ]   /Users/florian/.pub-cache/hosted/pub.dev/flutter_olm-2.0.0/android/.cxx/Debug/611a6669/armeabi-v7a \
[        ]   olm
[        ] Starting process 'command '/Users/florian/Library/Android/sdk/cmake/3.22.1/bin/ninja''. Working directory: /Users/florian/.pub-cache/hosted/pub.dev/flutter_olm-2.0.0/android Command: /Users/florian/Library/Android/sdk/cmake/3.22.1/bin/ninja -C /Users/florian/.pub-cache/hosted/pub.dev/flutter_olm-2.0.0/android/.cxx/Debug/611a6669/armeabi-v7a olm
[        ] Successfully started process 'command '/Users/florian/Library/Android/sdk/cmake/3.22.1/bin/ninja''
[        ] C/C++: Received process result: 0
[        ] C/C++: check expected build outputs
[        ] C/C++: build complete
[        ] Resolve mutations for :flutter_olm:configureCMakeDebug[x86] (Thread[#37721,Execution worker,5,main]) started.
[        ] :flutter_olm:configureCMakeDebug[x86] (Thread[#37721,Execution worker,5,main]) started.
[        ] > Task :flutter_olm:configureCMakeDebug[x86]
[        ] Caching disabled for task ':flutter_olm:configureCMakeDebug[x86]' because:
[        ]   Build cache is disabled
[        ]   Caching has been disabled for the task
[        ] Task ':flutter_olm:configureCMakeDebug[x86]' is not up-to-date because:
[        ]   Task.upToDateWhen is false.
[        ] C/C++: /Users/florian/.pub-cache/hosted/pub.dev/flutter_olm-2.0.0/ios/CMakeLists.txt profile|x86 : Start JSON generation. Platform version: 21 min SDK version: x86
[        ] C/C++: /Users/florian/.pub-cache/hosted/pub.dev/flutter_olm-2.0.0/ios/CMakeLists.txt profile|x86 : JSON '/Users/florian/.pub-cache/hosted/pub.dev/flutter_olm-2.0.0/android/.cxx/Debug/611a6669/x86/android_gradle_build.json' was up-to-date
[        ] C/C++: /Users/florian/.pub-cache/hosted/pub.dev/flutter_olm-2.0.0/ios/CMakeLists.txt profile|x86 : JSON generation completed without problems
[        ] C/C++: /Users/florian/.pub-cache/hosted/pub.dev/flutter_olm-2.0.0/ios/CMakeLists.txt profile|x86 : Writing build model to /Users/florian/Code/substitution/build/flutter_olm/intermediates/cxx/Debug/611a6669/logs/x86/build_model.json
[        ] Resolve mutations for :flutter_olm:buildCMakeDebug[x86] (Thread[#37721,Execution worker,5,main]) started.
[        ] :flutter_olm:buildCMakeDebug[x86] (Thread[#37721,Execution worker,5,main]) started.
[        ] > Task :flutter_olm:buildCMakeDebug[x86]
[        ] Caching disabled for task ':flutter_olm:buildCMakeDebug[x86]' because:
[        ]   Build cache is disabled
[        ]   Caching has been disabled for the task
[        ] Task ':flutter_olm:buildCMakeDebug[x86]' is not up-to-date because:
[        ]   Task.upToDateWhen is false.
[        ] C/C++: starting build
[        ] C/C++: reading expected JSONs
[        ] C/C++: done reading expected JSONs
[        ] C/C++: executing build commands for targets that produce .so files or executables
[        ] C/C++: evaluate miniconfig
[        ] C/C++: evaluate library olm (x86)
[        ] C/C++: building target library olm because no targets are specified.
[        ] C/C++: about to build targets olm
[        ] C/C++: Build olm
[        ] C/C++: /Users/florian/Library/Android/sdk/cmake/3.22.1/bin/ninja \
[        ]   -C \
[        ]   /Users/florian/.pub-cache/hosted/pub.dev/flutter_olm-2.0.0/android/.cxx/Debug/611a6669/x86 \
[        ]   olm
[        ] Starting process 'command '/Users/florian/Library/Android/sdk/cmake/3.22.1/bin/ninja''. Working directory: /Users/florian/.pub-cache/hosted/pub.dev/flutter_olm-2.0.0/android Command: /Users/florian/Library/Android/sdk/cmake/3.22.1/bin/ninja -C /Users/florian/.pub-cache/hosted/pub.dev/flutter_olm-2.0.0/android/.cxx/Debug/611a6669/x86 olm
[        ] Successfully started process 'command '/Users/florian/Library/Android/sdk/cmake/3.22.1/bin/ninja''
[        ] C/C++: Received process result: 0
[        ] C/C++: check expected build outputs
[        ] C/C++: build complete
[        ] Resolve mutations for :flutter_olm:configureCMakeDebug[x86_64] (Thread[#37721,Execution worker,5,main]) started.
[        ] :flutter_olm:configureCMakeDebug[x86_64] (Thread[#37721,Execution worker,5,main]) started.
[        ] > Task :flutter_olm:configureCMakeDebug[x86_64]
[        ] Caching disabled for task ':flutter_olm:configureCMakeDebug[x86_64]' because:
[        ]   Build cache is disabled
[        ]   Caching has been disabled for the task
[        ] Task ':flutter_olm:configureCMakeDebug[x86_64]' is not up-to-date because:
[        ]   Task.upToDateWhen is false.
[        ] C/C++: /Users/florian/.pub-cache/hosted/pub.dev/flutter_olm-2.0.0/ios/CMakeLists.txt profile|x86_64 : Start JSON generation. Platform version: 21 min SDK version: x86_64
[        ] C/C++: /Users/florian/.pub-cache/hosted/pub.dev/flutter_olm-2.0.0/ios/CMakeLists.txt profile|x86_64 : JSON '/Users/florian/.pub-cache/hosted/pub.dev/flutter_olm-2.0.0/android/.cxx/Debug/611a6669/x86_64/android_gradle_build.json' was up-to-date
[        ] C/C++: /Users/florian/.pub-cache/hosted/pub.dev/flutter_olm-2.0.0/ios/CMakeLists.txt profile|x86_64 : JSON generation completed without problems
[        ] C/C++: /Users/florian/.pub-cache/hosted/pub.dev/flutter_olm-2.0.0/ios/CMakeLists.txt profile|x86_64 : Writing build model to /Users/florian/Code/substitution/build/flutter_olm/intermediates/cxx/Debug/611a6669/logs/x86_64/build_model.json
[        ] Resolve mutations for :flutter_olm:buildCMakeDebug[x86_64] (Thread[#37721,Execution worker,5,main]) started.
[        ] :flutter_olm:buildCMakeDebug[x86_64] (Thread[#37721,Execution worker,5,main]) started.
[        ] > Task :flutter_olm:buildCMakeDebug[x86_64]
[        ] Caching disabled for task ':flutter_olm:buildCMakeDebug[x86_64]' because:
[        ]   Build cache is disabled
[        ]   Caching has been disabled for the task
[        ] Task ':flutter_olm:buildCMakeDebug[x86_64]' is not up-to-date because:
[        ]   Task.upToDateWhen is false.
[        ] C/C++: starting build
[        ] C/C++: reading expected JSONs
[        ] C/C++: done reading expected JSONs
[        ] C/C++: executing build commands for targets that produce .so files or executables
[        ] C/C++: evaluate miniconfig
[        ] C/C++: evaluate library olm (x86_64)
[        ] C/C++: building target library olm because no targets are specified.
[        ] C/C++: about to build targets olm
[        ] C/C++: Build olm
[        ] C/C++: /Users/florian/Library/Android/sdk/cmake/3.22.1/bin/ninja \
[        ]   -C \
[        ]   /Users/florian/.pub-cache/hosted/pub.dev/flutter_olm-2.0.0/android/.cxx/Debug/611a6669/x86_64 \
[        ]   olm
[        ] Starting process 'command '/Users/florian/Library/Android/sdk/cmake/3.22.1/bin/ninja''. Working directory: /Users/florian/.pub-cache/hosted/pub.dev/flutter_olm-2.0.0/android Command: /Users/florian/Library/Android/sdk/cmake/3.22.1/bin/ninja -C /Users/florian/.pub-cache/hosted/pub.dev/flutter_olm-2.0.0/android/.cxx/Debug/611a6669/x86_64 olm
[        ] Successfully started process 'command '/Users/florian/Library/Android/sdk/cmake/3.22.1/bin/ninja''
[        ] C/C++: Received process result: 0
[        ] C/C++: check expected build outputs
[        ] C/C++: build complete
[        ] Resolve mutations for :flutter_olm:mergeDebugJniLibFolders (Thread[#37721,Execution worker,5,main]) started.
[        ] :flutter_olm:mergeDebugJniLibFolders (Thread[#37721,Execution worker,5,main]) started.
[        ] > Task :flutter_olm:mergeDebugJniLibFolders UP-TO-DATE
[        ] Caching disabled for task ':flutter_olm:mergeDebugJniLibFolders' because:
[        ]   Build cache is disabled
[        ]   Simple merging task
[        ] Skipping task ':flutter_olm:mergeDebugJniLibFolders' as it is up-to-date.
[        ] Resolve mutations for :flutter_olm:mergeDebugNativeLibs (Thread[#37721,Execution worker,5,main]) started.
[        ] :flutter_olm:mergeDebugNativeLibs (Thread[#37721,Execution worker,5,main]) started.
[        ] > Task :flutter_olm:mergeDebugNativeLibs UP-TO-DATE
[        ] Caching disabled for task ':flutter_olm:mergeDebugNativeLibs' because:
[        ]   Build cache is disabled
[        ]   Caching has been disabled for the task
[        ] Skipping task ':flutter_olm:mergeDebugNativeLibs' as it is up-to-date.
[        ] Resolve mutations for :flutter_olm:copyDebugJniLibsProjectOnly (Thread[#37721,Execution worker,5,main]) started.
[        ] :flutter_olm:copyDebugJniLibsProjectOnly (Thread[#37721,Execution worker,5,main]) started.
[        ] > Task :flutter_olm:copyDebugJniLibsProjectOnly UP-TO-DATE
[        ] Caching disabled for task ':flutter_olm:copyDebugJniLibsProjectOnly' because:
[        ]   Build cache is disabled
[        ]   Caching has been disabled for the task
[        ] Skipping task ':flutter_olm:copyDebugJniLibsProjectOnly' as it is up-to-date.
[        ] work action resolve jni (project :flutter_olm) (Thread[#37721,Execution worker,5,main]) started.
[        ] Resolve mutations for :flutter_openssl_crypto:preProfileBuild (Thread[#37721,Execution worker,5,main]) started.
[        ] :flutter_openssl_crypto:preProfileBuild (Thread[#37721,Execution worker,5,main]) started.
[        ] > Task :flutter_openssl_crypto:preProfileBuild UP-TO-DATE
[        ] Skipping task ':flutter_openssl_crypto:preProfileBuild' as it has no actions.
[        ] Resolve mutations for :flutter_openssl_crypto:configureCMakeDebug[arm64-v8a] (Thread[#37721,Execution worker,5,main]) started.
[        ] :flutter_openssl_crypto:configureCMakeDebug[arm64-v8a] (Thread[#37721,Execution worker,5,main]) started.
[        ] > Task :flutter_openssl_crypto:configureCMakeDebug[arm64-v8a]
[        ] Caching disabled for task ':flutter_openssl_crypto:configureCMakeDebug[arm64-v8a]' because:
[        ]   Build cache is disabled
[        ]   Caching has been disabled for the task
[        ] Task ':flutter_openssl_crypto:configureCMakeDebug[arm64-v8a]' is not up-to-date because:
[        ]   Task.upToDateWhen is false.
[        ] C/C++: /Users/florian/.pub-cache/hosted/pub.dev/flutter_openssl_crypto-0.5.0/android/CMakeLists.txt profile|arm64-v8a : Start JSON generation. Platform version: 21 min SDK version: arm64-v8a
[        ] C/C++: /Users/florian/.pub-cache/hosted/pub.dev/flutter_openssl_crypto-0.5.0/android/CMakeLists.txt profile|arm64-v8a : JSON '/Users/florian/.pub-cache/hosted/pub.dev/flutter_openssl_crypto-0.5.0/android/.cxx/Debug/42n1p1e4/arm64-v8a/android_gradle_build.json' was up-to-date
[        ] C/C++: /Users/florian/.pub-cache/hosted/pub.dev/flutter_openssl_crypto-0.5.0/android/CMakeLists.txt profile|arm64-v8a : JSON generation completed without problems
[        ] C/C++: /Users/florian/.pub-cache/hosted/pub.dev/flutter_openssl_crypto-0.5.0/android/CMakeLists.txt profile|arm64-v8a : Writing build model to /Users/florian/Code/substitution/build/flutter_openssl_crypto/intermediates/cxx/Debug/42n1p1e4/logs/arm64-v8a/build_model.json
[        ] Resolve mutations for :flutter_openssl_crypto:buildCMakeDebug[arm64-v8a] (Thread[#37721,Execution worker,5,main]) started.
[        ] :flutter_openssl_crypto:buildCMakeDebug[arm64-v8a] (Thread[#37721,Execution worker,5,main]) started.
[        ] > Task :flutter_openssl_crypto:buildCMakeDebug[arm64-v8a]
[        ] Caching disabled for task ':flutter_openssl_crypto:buildCMakeDebug[arm64-v8a]' because:
[        ]   Build cache is disabled
[        ]   Caching has been disabled for the task
[        ] Task ':flutter_openssl_crypto:buildCMakeDebug[arm64-v8a]' is not up-to-date because:
[        ]   Task.upToDateWhen is false.
[        ] C/C++: starting build
[        ] C/C++: reading expected JSONs
[        ] C/C++: done reading expected JSONs
[        ] C/C++: executing build commands for targets that produce .so files or executables
[        ] C/C++: evaluate miniconfig
[        ] C/C++: evaluate library flutter_openssl_crypto (arm64-v8a)
[        ] C/C++: building target library flutter_openssl_crypto because no targets are specified.
[        ] C/C++: about to build targets flutter_openssl_crypto
[        ] C/C++: Build flutter_openssl_crypto
[        ] C/C++: /Users/florian/Library/Android/sdk/cmake/3.22.1/bin/ninja \
[        ]   -C \
[        ]   /Users/florian/.pub-cache/hosted/pub.dev/flutter_openssl_crypto-0.5.0/android/.cxx/Debug/42n1p1e4/arm64-v8a \
[        ]   flutter_openssl_crypto
[        ] Starting process 'command '/Users/florian/Library/Android/sdk/cmake/3.22.1/bin/ninja''. Working directory: /Users/florian/.pub-cache/hosted/pub.dev/flutter_openssl_crypto-0.5.0/android Command: /Users/florian/Library/Android/sdk/cmake/3.22.1/bin/ninja -C /Users/florian/.pub-cache/hosted/pub.dev/flutter_openssl_crypto-0.5.0/android/.cxx/Debug/42n1p1e4/arm64-v8a flutter_openssl_crypto
[        ] Successfully started process 'command '/Users/florian/Library/Android/sdk/cmake/3.22.1/bin/ninja''
[        ] C/C++: Received process result: 0
[        ] C/C++: check expected build outputs
[        ] C/C++: build complete
[        ] Resolve mutations for :flutter_openssl_crypto:configureCMakeDebug[armeabi-v7a] (Thread[#37721,Execution worker,5,main]) started.
[        ] :flutter_openssl_crypto:configureCMakeDebug[armeabi-v7a] (Thread[#37721,Execution worker,5,main]) started.
[        ] > Task :flutter_openssl_crypto:configureCMakeDebug[armeabi-v7a]
[        ] Caching disabled for task ':flutter_openssl_crypto:configureCMakeDebug[armeabi-v7a]' because:
[        ]   Build cache is disabled
[        ]   Caching has been disabled for the task
[        ] Task ':flutter_openssl_crypto:configureCMakeDebug[armeabi-v7a]' is not up-to-date because:
[        ]   Task.upToDateWhen is false.
[        ] C/C++: /Users/florian/.pub-cache/hosted/pub.dev/flutter_openssl_crypto-0.5.0/android/CMakeLists.txt profile|armeabi-v7a : Start JSON generation. Platform version: 21 min SDK version: armeabi-v7a
[        ] C/C++: /Users/florian/.pub-cache/hosted/pub.dev/flutter_openssl_crypto-0.5.0/android/CMakeLists.txt profile|armeabi-v7a : JSON '/Users/florian/.pub-cache/hosted/pub.dev/flutter_openssl_crypto-0.5.0/android/.cxx/Debug/42n1p1e4/armeabi-v7a/android_gradle_build.json' was up-to-date
[        ] C/C++: /Users/florian/.pub-cache/hosted/pub.dev/flutter_openssl_crypto-0.5.0/android/CMakeLists.txt profile|armeabi-v7a : JSON generation completed without problems
[        ] C/C++: /Users/florian/.pub-cache/hosted/pub.dev/flutter_openssl_crypto-0.5.0/android/CMakeLists.txt profile|armeabi-v7a : Writing build model to /Users/florian/Code/substitution/build/flutter_openssl_crypto/intermediates/cxx/Debug/42n1p1e4/logs/armeabi-v7a/build_model.json
[        ] Resolve mutations for :flutter_openssl_crypto:buildCMakeDebug[armeabi-v7a] (Thread[#37721,Execution worker,5,main]) started.
[        ] :flutter_openssl_crypto:buildCMakeDebug[armeabi-v7a] (Thread[#37721,Execution worker,5,main]) started.
[        ] > Task :flutter_openssl_crypto:buildCMakeDebug[armeabi-v7a]
[        ] Caching disabled for task ':flutter_openssl_crypto:buildCMakeDebug[armeabi-v7a]' because:
[        ]   Build cache is disabled
[        ]   Caching has been disabled for the task
[        ] Task ':flutter_openssl_crypto:buildCMakeDebug[armeabi-v7a]' is not up-to-date because:
[        ]   Task.upToDateWhen is false.
[        ] C/C++: starting build
[        ] C/C++: reading expected JSONs
[        ] C/C++: done reading expected JSONs
[        ] C/C++: executing build commands for targets that produce .so files or executables
[        ] C/C++: evaluate miniconfig
[        ] C/C++: evaluate library flutter_openssl_crypto (armeabi-v7a)
[        ] C/C++: building target library flutter_openssl_crypto because no targets are specified.
[        ] C/C++: about to build targets flutter_openssl_crypto
[        ] C/C++: Build flutter_openssl_crypto
[        ] C/C++: /Users/florian/Library/Android/sdk/cmake/3.22.1/bin/ninja \
[        ]   -C \
[        ]   /Users/florian/.pub-cache/hosted/pub.dev/flutter_openssl_crypto-0.5.0/android/.cxx/Debug/42n1p1e4/armeabi-v7a \
[        ]   flutter_openssl_crypto
[        ] Starting process 'command '/Users/florian/Library/Android/sdk/cmake/3.22.1/bin/ninja''. Working directory: /Users/florian/.pub-cache/hosted/pub.dev/flutter_openssl_crypto-0.5.0/android Command: /Users/florian/Library/Android/sdk/cmake/3.22.1/bin/ninja -C /Users/florian/.pub-cache/hosted/pub.dev/flutter_openssl_crypto-0.5.0/android/.cxx/Debug/42n1p1e4/armeabi-v7a flutter_openssl_crypto
[        ] Successfully started process 'command '/Users/florian/Library/Android/sdk/cmake/3.22.1/bin/ninja''
[        ] C/C++: Received process result: 0
[        ] C/C++: check expected build outputs
[        ] C/C++: build complete
[        ] Resolve mutations for :flutter_openssl_crypto:configureCMakeDebug[x86] (Thread[#37721,Execution worker,5,main]) started.
[        ] :flutter_openssl_crypto:configureCMakeDebug[x86] (Thread[#37721,Execution worker,5,main]) started.
[        ] > Task :flutter_openssl_crypto:configureCMakeDebug[x86]
[        ] Caching disabled for task ':flutter_openssl_crypto:configureCMakeDebug[x86]' because:
[        ]   Build cache is disabled
[        ]   Caching has been disabled for the task
[        ] Task ':flutter_openssl_crypto:configureCMakeDebug[x86]' is not up-to-date because:
[        ]   Task.upToDateWhen is false.
[        ] C/C++: /Users/florian/.pub-cache/hosted/pub.dev/flutter_openssl_crypto-0.5.0/android/CMakeLists.txt profile|x86 : Start JSON generation. Platform version: 21 min SDK version: x86
[        ] C/C++: /Users/florian/.pub-cache/hosted/pub.dev/flutter_openssl_crypto-0.5.0/android/CMakeLists.txt profile|x86 : JSON '/Users/florian/.pub-cache/hosted/pub.dev/flutter_openssl_crypto-0.5.0/android/.cxx/Debug/42n1p1e4/x86/android_gradle_build.json' was up-to-date
[        ] C/C++: /Users/florian/.pub-cache/hosted/pub.dev/flutter_openssl_crypto-0.5.0/android/CMakeLists.txt profile|x86 : JSON generation completed without problems
[        ] C/C++: /Users/florian/.pub-cache/hosted/pub.dev/flutter_openssl_crypto-0.5.0/android/CMakeLists.txt profile|x86 : Writing build model to /Users/florian/Code/substitution/build/flutter_openssl_crypto/intermediates/cxx/Debug/42n1p1e4/logs/x86/build_model.json
[        ] Resolve mutations for :flutter_openssl_crypto:buildCMakeDebug[x86] (Thread[#37721,Execution worker,5,main]) started.
[        ] :flutter_openssl_crypto:buildCMakeDebug[x86] (Thread[#37721,Execution worker,5,main]) started.
[        ] > Task :flutter_openssl_crypto:buildCMakeDebug[x86]
[        ] Caching disabled for task ':flutter_openssl_crypto:buildCMakeDebug[x86]' because:
[        ]   Build cache is disabled
[        ]   Caching has been disabled for the task
[        ] Task ':flutter_openssl_crypto:buildCMakeDebug[x86]' is not up-to-date because:
[        ]   Task.upToDateWhen is false.
[        ] C/C++: starting build
[        ] C/C++: reading expected JSONs
[        ] C/C++: done reading expected JSONs
[        ] C/C++: executing build commands for targets that produce .so files or executables
[        ] C/C++: evaluate miniconfig
[        ] C/C++: evaluate library flutter_openssl_crypto (x86)
[        ] C/C++: building target library flutter_openssl_crypto because no targets are specified.
[        ] C/C++: about to build targets flutter_openssl_crypto
[        ] C/C++: Build flutter_openssl_crypto
[        ] C/C++: /Users/florian/Library/Android/sdk/cmake/3.22.1/bin/ninja \
[        ]   -C \
[        ]   /Users/florian/.pub-cache/hosted/pub.dev/flutter_openssl_crypto-0.5.0/android/.cxx/Debug/42n1p1e4/x86 \
[        ]   flutter_openssl_crypto
[        ] Starting process 'command '/Users/florian/Library/Android/sdk/cmake/3.22.1/bin/ninja''. Working directory: /Users/florian/.pub-cache/hosted/pub.dev/flutter_openssl_crypto-0.5.0/android Command: /Users/florian/Library/Android/sdk/cmake/3.22.1/bin/ninja -C /Users/florian/.pub-cache/hosted/pub.dev/flutter_openssl_crypto-0.5.0/android/.cxx/Debug/42n1p1e4/x86 flutter_openssl_crypto
[        ] Successfully started process 'command '/Users/florian/Library/Android/sdk/cmake/3.22.1/bin/ninja''
[        ] C/C++: Received process result: 0
[        ] C/C++: check expected build outputs
[        ] C/C++: build complete
[        ] Resolve mutations for :flutter_openssl_crypto:configureCMakeDebug[x86_64] (Thread[#37721,Execution worker,5,main]) started.
[        ] :flutter_openssl_crypto:configureCMakeDebug[x86_64] (Thread[#37721,Execution worker,5,main]) started.
[        ] > Task :flutter_openssl_crypto:configureCMakeDebug[x86_64]
[        ] Caching disabled for task ':flutter_openssl_crypto:configureCMakeDebug[x86_64]' because:
[        ]   Build cache is disabled
[        ]   Caching has been disabled for the task
[        ] Task ':flutter_openssl_crypto:configureCMakeDebug[x86_64]' is not up-to-date because:
[        ]   Task.upToDateWhen is false.
[        ] C/C++: /Users/florian/.pub-cache/hosted/pub.dev/flutter_openssl_crypto-0.5.0/android/CMakeLists.txt profile|x86_64 : Start JSON generation. Platform version: 21 min SDK version: x86_64
[        ] C/C++: /Users/florian/.pub-cache/hosted/pub.dev/flutter_openssl_crypto-0.5.0/android/CMakeLists.txt profile|x86_64 : JSON '/Users/florian/.pub-cache/hosted/pub.dev/flutter_openssl_crypto-0.5.0/android/.cxx/Debug/42n1p1e4/x86_64/android_gradle_build.json' was up-to-date
[        ] C/C++: /Users/florian/.pub-cache/hosted/pub.dev/flutter_openssl_crypto-0.5.0/android/CMakeLists.txt profile|x86_64 : JSON generation completed without problems
[        ] C/C++: /Users/florian/.pub-cache/hosted/pub.dev/flutter_openssl_crypto-0.5.0/android/CMakeLists.txt profile|x86_64 : Writing build model to /Users/florian/Code/substitution/build/flutter_openssl_crypto/intermediates/cxx/Debug/42n1p1e4/logs/x86_64/build_model.json
[        ] Resolve mutations for :flutter_openssl_crypto:buildCMakeDebug[x86_64] (Thread[#37721,Execution worker,5,main]) started.
[        ] :flutter_openssl_crypto:buildCMakeDebug[x86_64] (Thread[#37721,Execution worker,5,main]) started.
[        ] > Task :flutter_openssl_crypto:buildCMakeDebug[x86_64]
[        ] Caching disabled for task ':flutter_openssl_crypto:buildCMakeDebug[x86_64]' because:
[        ]   Build cache is disabled
[        ]   Caching has been disabled for the task
[        ] Task ':flutter_openssl_crypto:buildCMakeDebug[x86_64]' is not up-to-date because:
[        ]   Task.upToDateWhen is false.
[        ] C/C++: starting build
[        ] C/C++: reading expected JSONs
[        ] C/C++: done reading expected JSONs
[        ] C/C++: executing build commands for targets that produce .so files or executables
[        ] C/C++: evaluate miniconfig
[        ] C/C++: evaluate library flutter_openssl_crypto (x86_64)
[        ] C/C++: building target library flutter_openssl_crypto because no targets are specified.
[        ] C/C++: about to build targets flutter_openssl_crypto
[        ] C/C++: Build flutter_openssl_crypto
[        ] C/C++: /Users/florian/Library/Android/sdk/cmake/3.22.1/bin/ninja \
[        ]   -C \
[        ]   /Users/florian/.pub-cache/hosted/pub.dev/flutter_openssl_crypto-0.5.0/android/.cxx/Debug/42n1p1e4/x86_64 \
[        ]   flutter_openssl_crypto
[        ] Starting process 'command '/Users/florian/Library/Android/sdk/cmake/3.22.1/bin/ninja''. Working directory: /Users/florian/.pub-cache/hosted/pub.dev/flutter_openssl_crypto-0.5.0/android Command: /Users/florian/Library/Android/sdk/cmake/3.22.1/bin/ninja -C /Users/florian/.pub-cache/hosted/pub.dev/flutter_openssl_crypto-0.5.0/android/.cxx/Debug/42n1p1e4/x86_64 flutter_openssl_crypto
[        ] Successfully started process 'command '/Users/florian/Library/Android/sdk/cmake/3.22.1/bin/ninja''
[        ] C/C++: Received process result: 0
[        ] C/C++: check expected build outputs
[        ] C/C++: build complete
[        ] Resolve mutations for :flutter_openssl_crypto:mergeDebugJniLibFolders (Thread[#37721,Execution worker,5,main]) started.
[        ] :flutter_openssl_crypto:mergeDebugJniLibFolders (Thread[#37721,Execution worker,5,main]) started.
[        ] > Task :flutter_openssl_crypto:mergeDebugJniLibFolders UP-TO-DATE
[        ] Caching disabled for task ':flutter_openssl_crypto:mergeDebugJniLibFolders' because:
[        ]   Build cache is disabled
[        ]   Simple merging task
[        ] Skipping task ':flutter_openssl_crypto:mergeDebugJniLibFolders' as it is up-to-date.
[        ] Resolve mutations for :flutter_openssl_crypto:mergeDebugNativeLibs (Thread[#37721,Execution worker,5,main]) started.
[        ] :flutter_openssl_crypto:mergeDebugNativeLibs (Thread[#37721,Execution worker,5,main]) started.
[        ] > Task :flutter_openssl_crypto:mergeDebugNativeLibs UP-TO-DATE
[        ] Caching disabled for task ':flutter_openssl_crypto:mergeDebugNativeLibs' because:
[        ]   Build cache is disabled
[        ]   Caching has been disabled for the task
[        ] Skipping task ':flutter_openssl_crypto:mergeDebugNativeLibs' as it is up-to-date.
[        ] Resolve mutations for :flutter_openssl_crypto:copyDebugJniLibsProjectOnly (Thread[#37721,Execution worker,5,main]) started.
[        ] :flutter_openssl_crypto:copyDebugJniLibsProjectOnly (Thread[#37721,Execution worker,5,main]) started.
[        ] > Task :flutter_openssl_crypto:copyDebugJniLibsProjectOnly UP-TO-DATE
[        ] Caching disabled for task ':flutter_openssl_crypto:copyDebugJniLibsProjectOnly' because:
[        ]   Build cache is disabled
[        ]   Caching has been disabled for the task
[        ] Skipping task ':flutter_openssl_crypto:copyDebugJniLibsProjectOnly' as it is up-to-date.
[        ] work action resolve jni (project :flutter_openssl_crypto) (Thread[#37721,Execution worker,5,main]) started.
[        ] Resolve mutations for :integration_test:mergeDebugJniLibFolders (Thread[#37721,Execution worker,5,main]) started.
[        ] :integration_test:mergeDebugJniLibFolders (Thread[#37721,Execution worker,5,main]) started.
[        ] > Task :integration_test:mergeDebugJniLibFolders UP-TO-DATE
[        ] Caching disabled for task ':integration_test:mergeDebugJniLibFolders' because:
[        ]   Build cache is disabled
[        ]   Simple merging task
[        ] Skipping task ':integration_test:mergeDebugJniLibFolders' as it is up-to-date.
[        ] Resolve mutations for :integration_test:mergeDebugNativeLibs (Thread[#37721,Execution worker,5,main]) started.
[        ] :integration_test:mergeDebugNativeLibs (Thread[#37721,Execution worker,5,main]) started.
[        ] > Task :integration_test:mergeDebugNativeLibs NO-SOURCE
[        ] Skipping task ':integration_test:mergeDebugNativeLibs' as it has no source files and no previous output files.
[        ] Resolve mutations for :integration_test:copyDebugJniLibsProjectOnly (Thread[#37721,Execution worker,5,main]) started.
[        ] :integration_test:copyDebugJniLibsProjectOnly (Thread[#37721,Execution worker,5,main]) started.
[        ] > Task :integration_test:copyDebugJniLibsProjectOnly UP-TO-DATE
[        ] Caching disabled for task ':integration_test:copyDebugJniLibsProjectOnly' because:
[        ]   Build cache is disabled
[        ]   Caching has been disabled for the task
[        ] Skipping task ':integration_test:copyDebugJniLibsProjectOnly' as it is up-to-date.
[        ] work action resolve jni (project :integration_test) (Thread[#37721,Execution worker,5,main]) started.
[        ] Resolve mutations for :path_provider_android:mergeDebugJniLibFolders (Thread[#37721,Execution worker,5,main]) started.
[        ] :path_provider_android:mergeDebugJniLibFolders (Thread[#37721,Execution worker,5,main]) started.
[        ] > Task :path_provider_android:mergeDebugJniLibFolders UP-TO-DATE
[        ] Caching disabled for task ':path_provider_android:mergeDebugJniLibFolders' because:
[        ]   Build cache is disabled
[        ]   Simple merging task
[        ] Skipping task ':path_provider_android:mergeDebugJniLibFolders' as it is up-to-date.
[        ] Resolve mutations for :path_provider_android:mergeDebugNativeLibs (Thread[#37721,Execution worker,5,main]) started.
[        ] :path_provider_android:mergeDebugNativeLibs (Thread[#37721,Execution worker,5,main]) started.
[        ] > Task :path_provider_android:mergeDebugNativeLibs NO-SOURCE
[        ] Skipping task ':path_provider_android:mergeDebugNativeLibs' as it has no source files and no previous output files.
[        ] Resolve mutations for :path_provider_android:copyDebugJniLibsProjectOnly (Thread[#37721,Execution worker,5,main]) started.
[        ] :path_provider_android:copyDebugJniLibsProjectOnly (Thread[#37721,Execution worker,5,main]) started.
[        ] > Task :path_provider_android:copyDebugJniLibsProjectOnly UP-TO-DATE
[        ] Caching disabled for task ':path_provider_android:copyDebugJniLibsProjectOnly' because:
[        ]   Build cache is disabled
[        ]   Caching has been disabled for the task
[        ] Skipping task ':path_provider_android:copyDebugJniLibsProjectOnly' as it is up-to-date.
[        ] work action resolve jni (project :path_provider_android) (Thread[#37721,Execution worker,5,main]) started.
[        ] Resolve mutations for :quill_native_bridge_android:mergeDebugJniLibFolders (Thread[#37721,Execution worker,5,main]) started.
[        ] :quill_native_bridge_android:mergeDebugJniLibFolders (Thread[#37721,Execution worker,5,main]) started.
[        ] > Task :quill_native_bridge_android:mergeDebugJniLibFolders UP-TO-DATE
[        ] Caching disabled for task ':quill_native_bridge_android:mergeDebugJniLibFolders' because:
[        ]   Build cache is disabled
[        ]   Simple merging task
[        ] Skipping task ':quill_native_bridge_android:mergeDebugJniLibFolders' as it is up-to-date.
[        ] Resolve mutations for :quill_native_bridge_android:mergeDebugNativeLibs (Thread[#37721,Execution worker,5,main]) started.
[        ] :quill_native_bridge_android:mergeDebugNativeLibs (Thread[#37721,Execution worker,5,main]) started.
[        ] > Task :quill_native_bridge_android:mergeDebugNativeLibs NO-SOURCE
[        ] Skipping task ':quill_native_bridge_android:mergeDebugNativeLibs' as it has no source files and no previous output files.
[        ] Resolve mutations for :quill_native_bridge_android:copyDebugJniLibsProjectOnly (Thread[#37721,Execution worker,5,main]) started.
[        ] :quill_native_bridge_android:copyDebugJniLibsProjectOnly (Thread[#37721,Execution worker,5,main]) started.
[        ] > Task :quill_native_bridge_android:copyDebugJniLibsProjectOnly UP-TO-DATE
[        ] Caching disabled for task ':quill_native_bridge_android:copyDebugJniLibsProjectOnly' because:
[        ]   Build cache is disabled
[        ]   Caching has been disabled for the task
[        ] Skipping task ':quill_native_bridge_android:copyDebugJniLibsProjectOnly' as it is up-to-date.
[        ] work action resolve jni (project :quill_native_bridge_android) (Thread[#37721,Execution worker,5,main]) started.
[        ] Resolve mutations for :shared_preferences_android:mergeDebugJniLibFolders (Thread[#37721,Execution worker,5,main]) started.
[        ] :shared_preferences_android:mergeDebugJniLibFolders (Thread[#37721,Execution worker,5,main]) started.
[        ] > Task :shared_preferences_android:mergeDebugJniLibFolders UP-TO-DATE
[        ] Caching disabled for task ':shared_preferences_android:mergeDebugJniLibFolders' because:
[        ]   Build cache is disabled
[        ]   Simple merging task
[        ] Skipping task ':shared_preferences_android:mergeDebugJniLibFolders' as it is up-to-date.
[        ] Resolve mutations for :shared_preferences_android:mergeDebugNativeLibs (Thread[#37721,Execution worker,5,main]) started.
[        ] :shared_preferences_android:mergeDebugNativeLibs (Thread[#37721,Execution worker,5,main]) started.
[        ] > Task :shared_preferences_android:mergeDebugNativeLibs NO-SOURCE
[        ] Skipping task ':shared_preferences_android:mergeDebugNativeLibs' as it has no source files and no previous output files.
[        ] Resolve mutations for :shared_preferences_android:copyDebugJniLibsProjectOnly (Thread[#37721,Execution worker,5,main]) started.
[        ] :shared_preferences_android:copyDebugJniLibsProjectOnly (Thread[#37721,Execution worker,5,main]) started.
[        ] > Task :shared_preferences_android:copyDebugJniLibsProjectOnly UP-TO-DATE
[        ] Caching disabled for task ':shared_preferences_android:copyDebugJniLibsProjectOnly' because:
[        ]   Build cache is disabled
[        ]   Caching has been disabled for the task
[        ] Skipping task ':shared_preferences_android:copyDebugJniLibsProjectOnly' as it is up-to-date.
[        ] work action resolve jni (project :shared_preferences_android) (Thread[#37721,Execution worker,5,main]) started.
[        ] Resolve mutations for :sqflite_android:mergeDebugJniLibFolders (Thread[#37721,Execution worker,5,main]) started.
[        ] :sqflite_android:mergeDebugJniLibFolders (Thread[#37721,Execution worker,5,main]) started.
[        ] > Task :sqflite_android:mergeDebugJniLibFolders UP-TO-DATE
[        ] Caching disabled for task ':sqflite_android:mergeDebugJniLibFolders' because:
[        ]   Build cache is disabled
[        ]   Simple merging task
[        ] Skipping task ':sqflite_android:mergeDebugJniLibFolders' as it is up-to-date.
[        ] Resolve mutations for :sqflite_android:mergeDebugNativeLibs (Thread[#37721,Execution worker,5,main]) started.
[        ] :sqflite_android:mergeDebugNativeLibs (Thread[#37721,Execution worker,5,main]) started.
[        ] > Task :sqflite_android:mergeDebugNativeLibs NO-SOURCE
[        ] Skipping task ':sqflite_android:mergeDebugNativeLibs' as it has no source files and no previous output files.
[        ] Resolve mutations for :sqflite_android:copyDebugJniLibsProjectOnly (Thread[#37721,Execution worker,5,main]) started.
[        ] :sqflite_android:copyDebugJniLibsProjectOnly (Thread[#37721,Execution worker,5,main]) started.
[        ] > Task :sqflite_android:copyDebugJniLibsProjectOnly UP-TO-DATE
[        ] Caching disabled for task ':sqflite_android:copyDebugJniLibsProjectOnly' because:
[        ]   Build cache is disabled
[        ]   Caching has been disabled for the task
[        ] Skipping task ':sqflite_android:copyDebugJniLibsProjectOnly' as it is up-to-date.
[        ] work action resolve jni (project :sqflite_android) (Thread[#37721,Execution worker,5,main]) started.
[        ] Resolve mutations for :url_launcher_android:mergeDebugJniLibFolders (Thread[#37721,Execution worker,5,main]) started.
[        ] :url_launcher_android:mergeDebugJniLibFolders (Thread[#37721,Execution worker,5,main]) started.
[        ] > Task :url_launcher_android:mergeDebugJniLibFolders UP-TO-DATE
[        ] Caching disabled for task ':url_launcher_android:mergeDebugJniLibFolders' because:
[        ]   Build cache is disabled
[        ]   Simple merging task
[        ] Skipping task ':url_launcher_android:mergeDebugJniLibFolders' as it is up-to-date.
[        ] Resolve mutations for :url_launcher_android:mergeDebugNativeLibs (Thread[#37721,Execution worker,5,main]) started.
[        ] :url_launcher_android:mergeDebugNativeLibs (Thread[#37721,Execution worker,5,main]) started.
[        ] > Task :url_launcher_android:mergeDebugNativeLibs NO-SOURCE
[        ] Skipping task ':url_launcher_android:mergeDebugNativeLibs' as it has no source files and no previous output files.
[        ] Resolve mutations for :url_launcher_android:copyDebugJniLibsProjectOnly (Thread[#37721,Execution worker,5,main]) started.
[        ] :url_launcher_android:copyDebugJniLibsProjectOnly (Thread[#37721,Execution worker,5,main]) started.
[        ] > Task :url_launcher_android:copyDebugJniLibsProjectOnly UP-TO-DATE
[        ] Caching disabled for task ':url_launcher_android:copyDebugJniLibsProjectOnly' because:
[        ]   Build cache is disabled
[        ]   Caching has been disabled for the task
[        ] Skipping task ':url_launcher_android:copyDebugJniLibsProjectOnly' as it is up-to-date.
[        ] work action resolve jni (project :url_launcher_android) (Thread[#37721,Execution worker,5,main]) started.
[        ] Resolve mutations for :video_player_android:mergeDebugJniLibFolders (Thread[#37721,Execution worker,5,main]) started.
[        ] :video_player_android:mergeDebugJniLibFolders (Thread[#37721,Execution worker,5,main]) started.
[        ] > Task :video_player_android:mergeDebugJniLibFolders UP-TO-DATE
[        ] Caching disabled for task ':video_player_android:mergeDebugJniLibFolders' because:
[        ]   Build cache is disabled
[        ]   Simple merging task
[        ] Skipping task ':video_player_android:mergeDebugJniLibFolders' as it is up-to-date.
[        ] Resolve mutations for :video_player_android:mergeDebugNativeLibs (Thread[#37721,Execution worker,5,main]) started.
[        ] :video_player_android:mergeDebugNativeLibs (Thread[#37721,Execution worker,5,main]) started.
[        ] > Task :video_player_android:mergeDebugNativeLibs NO-SOURCE
[        ] Skipping task ':video_player_android:mergeDebugNativeLibs' as it has no source files and no previous output files.
[        ] Resolve mutations for :video_player_android:copyDebugJniLibsProjectOnly (Thread[#37721,Execution worker,5,main]) started.
[        ] :video_player_android:copyDebugJniLibsProjectOnly (Thread[#37721,Execution worker,5,main]) started.
[        ] > Task :video_player_android:copyDebugJniLibsProjectOnly UP-TO-DATE
[        ] Caching disabled for task ':video_player_android:copyDebugJniLibsProjectOnly' because:
[        ]   Build cache is disabled
[        ]   Caching has been disabled for the task
[        ] Skipping task ':video_player_android:copyDebugJniLibsProjectOnly' as it is up-to-date.
[        ] work action resolve jni (project :video_player_android) (Thread[#37721,Execution worker,5,main]) started.
[        ] Resolve mutations for :app:mergeDebugNativeLibs (Thread[#37721,Execution worker,5,main]) started.
[        ] :app:mergeDebugNativeLibs (Thread[#37721,Execution worker,5,main]) started.
[        ] > Task :app:mergeDebugNativeLibs UP-TO-DATE
[        ] Caching disabled for task ':app:mergeDebugNativeLibs' because:
[        ]   Build cache is disabled
[        ]   Caching has been disabled for the task
[        ] Skipping task ':app:mergeDebugNativeLibs' as it is up-to-date.
[        ] Resolve mutations for :app:stripDebugDebugSymbols (Thread[#37721,Execution worker,5,main]) started.
[        ] :app:stripDebugDebugSymbols (Thread[#37721,Execution worker,5,main]) started.
[        ] > Task :app:stripDebugDebugSymbols UP-TO-DATE
[        ] Caching disabled for task ':app:stripDebugDebugSymbols' because:
[        ]   Build cache is disabled
[        ]   Caching has been disabled for the task
[        ] Skipping task ':app:stripDebugDebugSymbols' as it is up-to-date.
[        ] Resolve mutations for :app:validateSigningDebug (Thread[#37721,Execution worker,5,main]) started.
[        ] :app:validateSigningDebug (Thread[#37721,Execution worker,5,main]) started.
[        ] > Task :app:validateSigningDebug UP-TO-DATE
[        ] Caching disabled for task ':app:validateSigningDebug' because:
[        ]   Build cache is disabled
[        ]   Caching has been disabled for the task
[        ] Skipping task ':app:validateSigningDebug' as it is up-to-date.
[        ] Resolve mutations for :app:writeDebugAppMetadata (Thread[#37721,Execution worker,5,main]) started.
[        ] :app:writeDebugAppMetadata (Thread[#37721,Execution worker,5,main]) started.
[        ] > Task :app:writeDebugAppMetadata UP-TO-DATE
[        ] Caching disabled for task ':app:writeDebugAppMetadata' because:
[        ]   Build cache is disabled
[        ]   Caching has been disabled for the task
[        ] Skipping task ':app:writeDebugAppMetadata' as it is up-to-date.
[        ] Resolve mutations for :app:writeDebugSigningConfigVersions (Thread[#37721,Execution worker,5,main]) started.
[        ] :app:writeDebugSigningConfigVersions (Thread[#37721,Execution worker,5,main]) started.
[        ] > Task :app:writeDebugSigningConfigVersions UP-TO-DATE
[        ] Caching disabled for task ':app:writeDebugSigningConfigVersions' because:
[        ]   Build cache is disabled
[        ]   Caching has been disabled for the task
[        ] Skipping task ':app:writeDebugSigningConfigVersions' as it is up-to-date.
[        ] Resolve mutations for :connectivity_plus:stripDebugDebugSymbols (Thread[#37721,Execution worker,5,main]) started.
[        ] :connectivity_plus:stripDebugDebugSymbols (Thread[#37721,Execution worker,5,main]) started.
[        ] > Task :connectivity_plus:stripDebugDebugSymbols NO-SOURCE
[        ] Skipping task ':connectivity_plus:stripDebugDebugSymbols' as it has no source files and no previous output files.
[        ] Resolve mutations for :connectivity_plus:copyDebugJniLibsProjectAndLocalJars (Thread[#37721,Execution worker,5,main]) started.
[        ] :connectivity_plus:copyDebugJniLibsProjectAndLocalJars (Thread[#37721,Execution worker,5,main]) started.
[        ] > Task :connectivity_plus:copyDebugJniLibsProjectAndLocalJars UP-TO-DATE
[        ] Caching disabled for task ':connectivity_plus:copyDebugJniLibsProjectAndLocalJars' because:
[        ]   Build cache is disabled
[        ]   Caching has been disabled for the task
[        ] Skipping task ':connectivity_plus:copyDebugJniLibsProjectAndLocalJars' as it is up-to-date.
[        ] Resolve mutations for :connectivity_plus:extractDebugAnnotations (Thread[#37721,Execution worker,5,main]) started.
[        ] :connectivity_plus:extractDebugAnnotations (Thread[#37721,Execution worker,5,main]) started.
[        ] > Task :connectivity_plus:extractDebugAnnotations UP-TO-DATE
[        ] Caching disabled for task ':connectivity_plus:extractDebugAnnotations' because:
[        ]   Build cache is disabled
[        ] Skipping task ':connectivity_plus:extractDebugAnnotations' as it is up-to-date.
[        ] Resolve mutations for :connectivity_plus:extractDeepLinksForAarDebug (Thread[#37721,Execution worker,5,main]) started.
[        ] :connectivity_plus:extractDeepLinksForAarDebug (Thread[#37721,Execution worker,5,main]) started.
[        ] > Task :connectivity_plus:extractDeepLinksForAarDebug UP-TO-DATE
[        ] Caching disabled for task ':connectivity_plus:extractDeepLinksForAarDebug' because:
[        ]   Build cache is disabled
[        ] Skipping task ':connectivity_plus:extractDeepLinksForAarDebug' as it is up-to-date.
[        ] Resolve mutations for :connectivity_plus:mergeDebugGeneratedProguardFiles (Thread[#37721,Execution worker,5,main]) started.
[        ] :connectivity_plus:mergeDebugGeneratedProguardFiles (Thread[#37721,Execution worker,5,main]) started.
[        ] > Task :connectivity_plus:mergeDebugGeneratedProguardFiles UP-TO-DATE
[        ] Caching disabled for task ':connectivity_plus:mergeDebugGeneratedProguardFiles' because:
[        ]   Build cache is disabled
[        ]   Simple merging task
[        ] Skipping task ':connectivity_plus:mergeDebugGeneratedProguardFiles' as it is up-to-date.
[        ] Resolve mutations for :connectivity_plus:mergeDebugConsumerProguardFiles (Thread[#37721,Execution worker,5,main]) started.
[        ] :connectivity_plus:mergeDebugConsumerProguardFiles (Thread[#37721,Execution worker,5,main]) started.
[        ] > Task :connectivity_plus:mergeDebugConsumerProguardFiles UP-TO-DATE
[        ] Caching disabled for task ':connectivity_plus:mergeDebugConsumerProguardFiles' because:
[        ]   Build cache is disabled
[        ]   Simple merging task
[        ] Skipping task ':connectivity_plus:mergeDebugConsumerProguardFiles' as it is up-to-date.
[        ] Resolve mutations for :connectivity_plus:prepareDebugArtProfile (Thread[#37721,Execution worker,5,main]) started.
[        ] :connectivity_plus:prepareDebugArtProfile (Thread[#37721,Execution worker,5,main]) started.
[        ] > Task :connectivity_plus:prepareDebugArtProfile UP-TO-DATE
[        ] Caching disabled for task ':connectivity_plus:prepareDebugArtProfile' because:
[        ]   Build cache is disabled
[        ]   Caching has been disabled for the task
[        ] Skipping task ':connectivity_plus:prepareDebugArtProfile' as it is up-to-date.
[        ] Resolve mutations for :connectivity_plus:prepareLintJarForPublish (Thread[#37721,Execution worker,5,main]) started.
[        ] :connectivity_plus:prepareLintJarForPublish (Thread[#37721,Execution worker,5,main]) started.
[        ] > Task :connectivity_plus:prepareLintJarForPublish UP-TO-DATE
[        ] Caching disabled for task ':connectivity_plus:prepareLintJarForPublish' because:
[        ]   Build cache is disabled
[        ]   Caching has been disabled for the task
[        ] Skipping task ':connectivity_plus:prepareLintJarForPublish' as it is up-to-date.
[        ] Resolve mutations for :connectivity_plus:mergeDebugJavaResource (Thread[#37721,Execution worker,5,main]) started.
[        ] :connectivity_plus:mergeDebugJavaResource (Thread[#37721,Execution worker,5,main]) started.
[        ] > Task :connectivity_plus:mergeDebugJavaResource UP-TO-DATE
[        ] Caching disabled for task ':connectivity_plus:mergeDebugJavaResource' because:
[        ]   Build cache is disabled
[        ]   Caching has been disabled for the task
[        ] Skipping task ':connectivity_plus:mergeDebugJavaResource' as it is up-to-date.
[        ] Resolve mutations for :connectivity_plus:syncDebugLibJars (Thread[#37721,Execution worker,5,main]) started.
[        ] :connectivity_plus:syncDebugLibJars (Thread[#37721,Execution worker,5,main]) started.
[        ] > Task :connectivity_plus:syncDebugLibJars UP-TO-DATE
[        ] Caching disabled for task ':connectivity_plus:syncDebugLibJars' because:
[        ]   Build cache is disabled
[        ] Skipping task ':connectivity_plus:syncDebugLibJars' as it is up-to-date.
[        ] Resolve mutations for :connectivity_plus:bundleDebugAar (Thread[#37721,Execution worker,5,main]) started.
[        ] :connectivity_plus:bundleDebugAar (Thread[#37721,Execution worker,5,main]) started.
[        ] > Task :connectivity_plus:bundleDebugAar UP-TO-DATE
[        ] Caching disabled for task ':connectivity_plus:bundleDebugAar' because:
[        ]   Build cache is disabled
[        ]   Caching has been disabled for the task
[        ] Skipping task ':connectivity_plus:bundleDebugAar' as it is up-to-date.
[        ] Resolve mutations for :connectivity_plus:assembleDebug (Thread[#37721,Execution worker,5,main]) started.
[        ] :connectivity_plus:assembleDebug (Thread[#37721,Execution worker,5,main]) started.
[        ] > Task :connectivity_plus:assembleDebug UP-TO-DATE
[        ] Skipping task ':connectivity_plus:assembleDebug' as it has no actions.
[        ] Resolve mutations for :emoji_picker_flutter:stripDebugDebugSymbols (Thread[#37721,Execution worker,5,main]) started.
[        ] :emoji_picker_flutter:stripDebugDebugSymbols (Thread[#37721,Execution worker,5,main]) started.
[        ] > Task :emoji_picker_flutter:stripDebugDebugSymbols NO-SOURCE
[        ] Skipping task ':emoji_picker_flutter:stripDebugDebugSymbols' as it has no source files and no previous output files.
[        ] Resolve mutations for :emoji_picker_flutter:copyDebugJniLibsProjectAndLocalJars (Thread[#37721,Execution worker,5,main]) started.
[        ] :emoji_picker_flutter:copyDebugJniLibsProjectAndLocalJars (Thread[#37721,Execution worker,5,main]) started.
[        ] > Task :emoji_picker_flutter:copyDebugJniLibsProjectAndLocalJars UP-TO-DATE
[        ] Caching disabled for task ':emoji_picker_flutter:copyDebugJniLibsProjectAndLocalJars' because:
[        ]   Build cache is disabled
[        ]   Caching has been disabled for the task
[        ] Skipping task ':emoji_picker_flutter:copyDebugJniLibsProjectAndLocalJars' as it is up-to-date.
[        ] Resolve mutations for :emoji_picker_flutter:extractDebugAnnotations (Thread[#37721,Execution worker,5,main]) started.
[        ] :emoji_picker_flutter:extractDebugAnnotations (Thread[#37721,Execution worker,5,main]) started.
[        ] > Task :emoji_picker_flutter:extractDebugAnnotations UP-TO-DATE
[        ] Caching disabled for task ':emoji_picker_flutter:extractDebugAnnotations' because:
[        ]   Build cache is disabled
[        ] Skipping task ':emoji_picker_flutter:extractDebugAnnotations' as it is up-to-date.
[        ] Resolve mutations for :emoji_picker_flutter:extractDeepLinksForAarDebug (Thread[#37721,Execution worker,5,main]) started.
[        ] :emoji_picker_flutter:extractDeepLinksForAarDebug (Thread[#37721,Execution worker,5,main]) started.
[        ] > Task :emoji_picker_flutter:extractDeepLinksForAarDebug UP-TO-DATE
[        ] Caching disabled for task ':emoji_picker_flutter:extractDeepLinksForAarDebug' because:
[        ]   Build cache is disabled
[        ] Skipping task ':emoji_picker_flutter:extractDeepLinksForAarDebug' as it is up-to-date.
[        ] Resolve mutations for :emoji_picker_flutter:mergeDebugGeneratedProguardFiles (Thread[#37721,Execution worker,5,main]) started.
[        ] :emoji_picker_flutter:mergeDebugGeneratedProguardFiles (Thread[#37721,Execution worker,5,main]) started.
[        ] > Task :emoji_picker_flutter:mergeDebugGeneratedProguardFiles UP-TO-DATE
[        ] Caching disabled for task ':emoji_picker_flutter:mergeDebugGeneratedProguardFiles' because:
[        ]   Build cache is disabled
[        ]   Simple merging task
[        ] Skipping task ':emoji_picker_flutter:mergeDebugGeneratedProguardFiles' as it is up-to-date.
[        ] Resolve mutations for :emoji_picker_flutter:mergeDebugConsumerProguardFiles (Thread[#37721,Execution worker,5,main]) started.
[        ] :emoji_picker_flutter:mergeDebugConsumerProguardFiles (Thread[#37721,Execution worker,5,main]) started.
[        ] > Task :emoji_picker_flutter:mergeDebugConsumerProguardFiles UP-TO-DATE
[        ] Caching disabled for task ':emoji_picker_flutter:mergeDebugConsumerProguardFiles' because:
[        ]   Build cache is disabled
[        ]   Simple merging task
[        ] Skipping task ':emoji_picker_flutter:mergeDebugConsumerProguardFiles' as it is up-to-date.
[        ] Resolve mutations for :emoji_picker_flutter:prepareDebugArtProfile (Thread[#37721,Execution worker,5,main]) started.
[        ] :emoji_picker_flutter:prepareDebugArtProfile (Thread[#37721,Execution worker,5,main]) started.
[        ] > Task :emoji_picker_flutter:prepareDebugArtProfile UP-TO-DATE
[        ] Caching disabled for task ':emoji_picker_flutter:prepareDebugArtProfile' because:
[        ]   Build cache is disabled
[        ]   Caching has been disabled for the task
[        ] Skipping task ':emoji_picker_flutter:prepareDebugArtProfile' as it is up-to-date.
[        ] Resolve mutations for :emoji_picker_flutter:prepareLintJarForPublish (Thread[#37721,Execution worker,5,main]) started.
[        ] :emoji_picker_flutter:prepareLintJarForPublish (Thread[#37721,Execution worker,5,main]) started.
[        ] > Task :emoji_picker_flutter:prepareLintJarForPublish UP-TO-DATE
[        ] Caching disabled for task ':emoji_picker_flutter:prepareLintJarForPublish' because:
[        ]   Build cache is disabled
[        ]   Caching has been disabled for the task
[        ] Skipping task ':emoji_picker_flutter:prepareLintJarForPublish' as it is up-to-date.
[        ] Resolve mutations for :emoji_picker_flutter:mergeDebugJavaResource (Thread[#37721,Execution worker,5,main]) started.
[        ] :emoji_picker_flutter:mergeDebugJavaResource (Thread[#37721,Execution worker,5,main]) started.
[        ] > Task :emoji_picker_flutter:mergeDebugJavaResource UP-TO-DATE
[        ] Caching disabled for task ':emoji_picker_flutter:mergeDebugJavaResource' because:
[        ]   Build cache is disabled
[        ]   Caching has been disabled for the task
[        ] Skipping task ':emoji_picker_flutter:mergeDebugJavaResource' as it is up-to-date.
[        ] Resolve mutations for :emoji_picker_flutter:syncDebugLibJars (Thread[#37721,Execution worker,5,main]) started.
[        ] :emoji_picker_flutter:syncDebugLibJars (Thread[#37721,Execution worker,5,main]) started.
[        ] > Task :emoji_picker_flutter:syncDebugLibJars UP-TO-DATE
[        ] Caching disabled for task ':emoji_picker_flutter:syncDebugLibJars' because:
[        ]   Build cache is disabled
[        ] Skipping task ':emoji_picker_flutter:syncDebugLibJars' as it is up-to-date.
[        ] Resolve mutations for :emoji_picker_flutter:bundleDebugAar (Thread[#37721,Execution worker,5,main]) started.
[        ] :emoji_picker_flutter:bundleDebugAar (Thread[#37721,Execution worker,5,main]) started.
[        ] > Task :emoji_picker_flutter:bundleDebugAar UP-TO-DATE
[        ] Caching disabled for task ':emoji_picker_flutter:bundleDebugAar' because:
[        ]   Build cache is disabled
[        ]   Caching has been disabled for the task
[        ] Skipping task ':emoji_picker_flutter:bundleDebugAar' as it is up-to-date.
[        ] Resolve mutations for :emoji_picker_flutter:assembleDebug (Thread[#37721,Execution worker,5,main]) started.
[        ] :emoji_picker_flutter:assembleDebug (Thread[#37721,Execution worker,5,main]) started.
[        ] > Task :emoji_picker_flutter:assembleDebug UP-TO-DATE
[        ] Skipping task ':emoji_picker_flutter:assembleDebug' as it has no actions.
[        ] Resolve mutations for :file_selector_android:stripDebugDebugSymbols (Thread[#37721,Execution worker,5,main]) started.
[        ] :file_selector_android:stripDebugDebugSymbols (Thread[#37721,Execution worker,5,main]) started.
[        ] > Task :file_selector_android:stripDebugDebugSymbols NO-SOURCE
[        ] Skipping task ':file_selector_android:stripDebugDebugSymbols' as it has no source files and no previous output files.
[        ] Resolve mutations for :file_selector_android:copyDebugJniLibsProjectAndLocalJars (Thread[#37721,Execution worker,5,main]) started.
[        ] :file_selector_android:copyDebugJniLibsProjectAndLocalJars (Thread[#37721,Execution worker,5,main]) started.
[        ] > Task :file_selector_android:copyDebugJniLibsProjectAndLocalJars UP-TO-DATE
[        ] Caching disabled for task ':file_selector_android:copyDebugJniLibsProjectAndLocalJars' because:
[        ]   Build cache is disabled
[        ]   Caching has been disabled for the task
[        ] Skipping task ':file_selector_android:copyDebugJniLibsProjectAndLocalJars' as it is up-to-date.
[        ] Resolve mutations for :file_selector_android:extractDebugAnnotations (Thread[#37721,Execution worker,5,main]) started.
[        ] :file_selector_android:extractDebugAnnotations (Thread[#37721,Execution worker,5,main]) started.
[        ] > Task :file_selector_android:extractDebugAnnotations UP-TO-DATE
[        ] Caching disabled for task ':file_selector_android:extractDebugAnnotations' because:
[        ]   Build cache is disabled
[        ] Skipping task ':file_selector_android:extractDebugAnnotations' as it is up-to-date.
[        ] Resolve mutations for :file_selector_android:extractDeepLinksForAarDebug (Thread[#37721,Execution worker,5,main]) started.
[        ] :file_selector_android:extractDeepLinksForAarDebug (Thread[#37721,Execution worker,5,main]) started.
[        ] > Task :file_selector_android:extractDeepLinksForAarDebug UP-TO-DATE
[        ] Caching disabled for task ':file_selector_android:extractDeepLinksForAarDebug' because:
[        ]   Build cache is disabled
[        ] Skipping task ':file_selector_android:extractDeepLinksForAarDebug' as it is up-to-date.
[        ] Resolve mutations for :file_selector_android:mergeDebugGeneratedProguardFiles (Thread[#37721,Execution worker,5,main]) started.
[        ] :file_selector_android:mergeDebugGeneratedProguardFiles (Thread[#37721,Execution worker,5,main]) started.
[        ] > Task :file_selector_android:mergeDebugGeneratedProguardFiles UP-TO-DATE
[        ] Caching disabled for task ':file_selector_android:mergeDebugGeneratedProguardFiles' because:
[        ]   Build cache is disabled
[        ]   Simple merging task
[        ] Skipping task ':file_selector_android:mergeDebugGeneratedProguardFiles' as it is up-to-date.
[        ] Resolve mutations for :file_selector_android:mergeDebugConsumerProguardFiles (Thread[#37721,Execution worker,5,main]) started.
[        ] :file_selector_android:mergeDebugConsumerProguardFiles (Thread[#37721,Execution worker,5,main]) started.
[        ] > Task :file_selector_android:mergeDebugConsumerProguardFiles UP-TO-DATE
[        ] Caching disabled for task ':file_selector_android:mergeDebugConsumerProguardFiles' because:
[        ]   Build cache is disabled
[        ]   Simple merging task
[        ] Skipping task ':file_selector_android:mergeDebugConsumerProguardFiles' as it is up-to-date.
[        ] Resolve mutations for :file_selector_android:prepareDebugArtProfile (Thread[#37721,Execution worker,5,main]) started.
[        ] :file_selector_android:prepareDebugArtProfile (Thread[#37721,Execution worker,5,main]) started.
[        ] > Task :file_selector_android:prepareDebugArtProfile UP-TO-DATE
[        ] Caching disabled for task ':file_selector_android:prepareDebugArtProfile' because:
[        ]   Build cache is disabled
[        ]   Caching has been disabled for the task
[        ] Skipping task ':file_selector_android:prepareDebugArtProfile' as it is up-to-date.
[        ] Resolve mutations for :file_selector_android:prepareLintJarForPublish (Thread[#37721,Execution worker,5,main]) started.
[        ] :file_selector_android:prepareLintJarForPublish (Thread[#37721,Execution worker,5,main]) started.
[        ] > Task :file_selector_android:prepareLintJarForPublish UP-TO-DATE
[        ] Caching disabled for task ':file_selector_android:prepareLintJarForPublish' because:
[        ]   Build cache is disabled
[        ]   Caching has been disabled for the task
[        ] Skipping task ':file_selector_android:prepareLintJarForPublish' as it is up-to-date.
[        ] Resolve mutations for :file_selector_android:mergeDebugJavaResource (Thread[#37721,Execution worker,5,main]) started.
[        ] :file_selector_android:mergeDebugJavaResource (Thread[#37721,Execution worker,5,main]) started.
[        ] > Task :file_selector_android:mergeDebugJavaResource UP-TO-DATE
[        ] Caching disabled for task ':file_selector_android:mergeDebugJavaResource' because:
[        ]   Build cache is disabled
[        ]   Caching has been disabled for the task
[        ] Skipping task ':file_selector_android:mergeDebugJavaResource' as it is up-to-date.
[        ] Resolve mutations for :file_selector_android:syncDebugLibJars (Thread[#37721,Execution worker,5,main]) started.
[        ] :file_selector_android:syncDebugLibJars (Thread[#37721,Execution worker,5,main]) started.
[        ] > Task :file_selector_android:syncDebugLibJars UP-TO-DATE
[        ] Caching disabled for task ':file_selector_android:syncDebugLibJars' because:
[        ]   Build cache is disabled
[        ] Skipping task ':file_selector_android:syncDebugLibJars' as it is up-to-date.
[        ] Resolve mutations for :file_selector_android:bundleDebugAar (Thread[#37721,Execution worker,5,main]) started.
[        ] :file_selector_android:bundleDebugAar (Thread[#37721,Execution worker,5,main]) started.
[        ] > Task :file_selector_android:bundleDebugAar UP-TO-DATE
[        ] Caching disabled for task ':file_selector_android:bundleDebugAar' because:
[        ]   Build cache is disabled
[        ]   Caching has been disabled for the task
[        ] Skipping task ':file_selector_android:bundleDebugAar' as it is up-to-date.
[        ] Resolve mutations for :file_selector_android:assembleDebug (Thread[#37721,Execution worker,5,main]) started.
[        ] :file_selector_android:assembleDebug (Thread[#37721,Execution worker,5,main]) started.
[        ] > Task :file_selector_android:assembleDebug UP-TO-DATE
[        ] Skipping task ':file_selector_android:assembleDebug' as it has no actions.
[        ] Resolve mutations for :flutter_keyboard_visibility_temp_fork:stripDebugDebugSymbols (Thread[#37721,Execution worker,5,main]) started.
[        ] :flutter_keyboard_visibility_temp_fork:stripDebugDebugSymbols (Thread[#37721,Execution worker,5,main]) started.
[        ] > Task :flutter_keyboard_visibility_temp_fork:stripDebugDebugSymbols NO-SOURCE
[        ] Skipping task ':flutter_keyboard_visibility_temp_fork:stripDebugDebugSymbols' as it has no source files and no previous output files.
[        ] Resolve mutations for :flutter_keyboard_visibility_temp_fork:copyDebugJniLibsProjectAndLocalJars (Thread[#37721,Execution worker,5,main]) started.
[        ] :flutter_keyboard_visibility_temp_fork:copyDebugJniLibsProjectAndLocalJars (Thread[#37721,Execution worker,5,main]) started.
[        ] > Task :flutter_keyboard_visibility_temp_fork:copyDebugJniLibsProjectAndLocalJars UP-TO-DATE
[        ] Caching disabled for task ':flutter_keyboard_visibility_temp_fork:copyDebugJniLibsProjectAndLocalJars' because:
[        ]   Build cache is disabled
[        ]   Caching has been disabled for the task
[        ] Skipping task ':flutter_keyboard_visibility_temp_fork:copyDebugJniLibsProjectAndLocalJars' as it is up-to-date.
[  +80 ms] Resolve mutations for :flutter_keyboard_visibility_temp_fork:extractDebugAnnotations (Thread[#37721,Execution worker,5,main]) started.
[        ] :flutter_keyboard_visibility_temp_fork:extractDebugAnnotations (Thread[#37721,Execution worker,5,main]) started.
[        ] > Task :flutter_keyboard_visibility_temp_fork:extractDebugAnnotations UP-TO-DATE
[        ] Caching disabled for task ':flutter_keyboard_visibility_temp_fork:extractDebugAnnotations' because:
[        ]   Build cache is disabled
[        ] Skipping task ':flutter_keyboard_visibility_temp_fork:extractDebugAnnotations' as it is up-to-date.
[        ] Resolve mutations for :flutter_keyboard_visibility_temp_fork:extractDeepLinksForAarDebug (Thread[#37721,Execution worker,5,main]) started.
[        ] :flutter_keyboard_visibility_temp_fork:extractDeepLinksForAarDebug (Thread[#37721,Execution worker,5,main]) started.
[        ] > Task :flutter_keyboard_visibility_temp_fork:extractDeepLinksForAarDebug UP-TO-DATE
[        ] Caching disabled for task ':flutter_keyboard_visibility_temp_fork:extractDeepLinksForAarDebug' because:
[        ]   Build cache is disabled
[        ] Skipping task ':flutter_keyboard_visibility_temp_fork:extractDeepLinksForAarDebug' as it is up-to-date.
[        ] Resolve mutations for :flutter_keyboard_visibility_temp_fork:mergeDebugGeneratedProguardFiles (Thread[#37721,Execution worker,5,main]) started.
[        ] :flutter_keyboard_visibility_temp_fork:mergeDebugGeneratedProguardFiles (Thread[#37721,Execution worker,5,main]) started.
[        ] > Task :flutter_keyboard_visibility_temp_fork:mergeDebugGeneratedProguardFiles UP-TO-DATE
[        ] Caching disabled for task ':flutter_keyboard_visibility_temp_fork:mergeDebugGeneratedProguardFiles' because:
[        ]   Build cache is disabled
[        ]   Simple merging task
[        ] Skipping task ':flutter_keyboard_visibility_temp_fork:mergeDebugGeneratedProguardFiles' as it is up-to-date.
[        ] Resolve mutations for :flutter_keyboard_visibility_temp_fork:mergeDebugConsumerProguardFiles (Thread[#37721,Execution worker,5,main]) started.
[        ] :flutter_keyboard_visibility_temp_fork:mergeDebugConsumerProguardFiles (Thread[#37721,Execution worker,5,main]) started.
[        ] > Task :flutter_keyboard_visibility_temp_fork:mergeDebugConsumerProguardFiles UP-TO-DATE
[        ] Caching disabled for task ':flutter_keyboard_visibility_temp_fork:mergeDebugConsumerProguardFiles' because:
[        ]   Build cache is disabled
[        ]   Simple merging task
[        ] Skipping task ':flutter_keyboard_visibility_temp_fork:mergeDebugConsumerProguardFiles' as it is up-to-date.
[        ] Resolve mutations for :flutter_keyboard_visibility_temp_fork:prepareDebugArtProfile (Thread[#37721,Execution worker,5,main]) started.
[        ] :flutter_keyboard_visibility_temp_fork:prepareDebugArtProfile (Thread[#37721,Execution worker,5,main]) started.
[        ] > Task :flutter_keyboard_visibility_temp_fork:prepareDebugArtProfile UP-TO-DATE
[        ] Caching disabled for task ':flutter_keyboard_visibility_temp_fork:prepareDebugArtProfile' because:
[        ]   Build cache is disabled
[        ]   Caching has been disabled for the task
[        ] Skipping task ':flutter_keyboard_visibility_temp_fork:prepareDebugArtProfile' as it is up-to-date.
[        ] Resolve mutations for :flutter_keyboard_visibility_temp_fork:prepareLintJarForPublish (Thread[#37721,Execution worker,5,main]) started.
[        ] :flutter_keyboard_visibility_temp_fork:prepareLintJarForPublish (Thread[#37721,Execution worker,5,main]) started.
[        ] > Task :flutter_keyboard_visibility_temp_fork:prepareLintJarForPublish UP-TO-DATE
[        ] Caching disabled for task ':flutter_keyboard_visibility_temp_fork:prepareLintJarForPublish' because:
[        ]   Build cache is disabled
[        ]   Caching has been disabled for the task
[        ] Skipping task ':flutter_keyboard_visibility_temp_fork:prepareLintJarForPublish' as it is up-to-date.
[        ] Resolve mutations for :flutter_keyboard_visibility_temp_fork:mergeDebugJavaResource (Thread[#37721,Execution worker,5,main]) started.
[        ] :flutter_keyboard_visibility_temp_fork:mergeDebugJavaResource (Thread[#37721,Execution worker,5,main]) started.
[        ] > Task :flutter_keyboard_visibility_temp_fork:mergeDebugJavaResource UP-TO-DATE
[        ] Caching disabled for task ':flutter_keyboard_visibility_temp_fork:mergeDebugJavaResource' because:
[        ]   Build cache is disabled
[        ]   Caching has been disabled for the task
[        ] Skipping task ':flutter_keyboard_visibility_temp_fork:mergeDebugJavaResource' as it is up-to-date.
[        ] Resolve mutations for :flutter_keyboard_visibility_temp_fork:syncDebugLibJars (Thread[#37721,Execution worker,5,main]) started.
[        ] :flutter_keyboard_visibility_temp_fork:syncDebugLibJars (Thread[#37721,Execution worker,5,main]) started.
[        ] > Task :flutter_keyboard_visibility_temp_fork:syncDebugLibJars UP-TO-DATE
[        ] Caching disabled for task ':flutter_keyboard_visibility_temp_fork:syncDebugLibJars' because:
[        ]   Build cache is disabled
[        ] Skipping task ':flutter_keyboard_visibility_temp_fork:syncDebugLibJars' as it is up-to-date.
[        ] Resolve mutations for :flutter_keyboard_visibility_temp_fork:bundleDebugAar (Thread[#37721,Execution worker,5,main]) started.
[        ] :flutter_keyboard_visibility_temp_fork:bundleDebugAar (Thread[#37721,Execution worker,5,main]) started.
[        ] > Task :flutter_keyboard_visibility_temp_fork:bundleDebugAar UP-TO-DATE
[        ] Caching disabled for task ':flutter_keyboard_visibility_temp_fork:bundleDebugAar' because:
[        ]   Build cache is disabled
[        ]   Caching has been disabled for the task
[        ] Skipping task ':flutter_keyboard_visibility_temp_fork:bundleDebugAar' as it is up-to-date.
[        ] Resolve mutations for :flutter_keyboard_visibility_temp_fork:assembleDebug (Thread[#37721,Execution worker,5,main]) started.
[        ] :flutter_keyboard_visibility_temp_fork:assembleDebug (Thread[#37721,Execution worker,5,main]) started.
[        ] > Task :flutter_keyboard_visibility_temp_fork:assembleDebug UP-TO-DATE
[        ] Skipping task ':flutter_keyboard_visibility_temp_fork:assembleDebug' as it has no actions.
[        ] Resolve mutations for :flutter_native_splash:stripDebugDebugSymbols (Thread[#37721,Execution worker,5,main]) started.
[        ] :flutter_native_splash:stripDebugDebugSymbols (Thread[#37721,Execution worker,5,main]) started.
[        ] > Task :flutter_native_splash:stripDebugDebugSymbols NO-SOURCE
[        ] Skipping task ':flutter_native_splash:stripDebugDebugSymbols' as it has no source files and no previous output files.
[        ] Resolve mutations for :flutter_native_splash:copyDebugJniLibsProjectAndLocalJars (Thread[#37721,Execution worker,5,main]) started.
[        ] :flutter_native_splash:copyDebugJniLibsProjectAndLocalJars (Thread[#37721,Execution worker,5,main]) started.
[        ] > Task :flutter_native_splash:copyDebugJniLibsProjectAndLocalJars UP-TO-DATE
[        ] Caching disabled for task ':flutter_native_splash:copyDebugJniLibsProjectAndLocalJars' because:
[        ]   Build cache is disabled
[        ]   Caching has been disabled for the task
[        ] Skipping task ':flutter_native_splash:copyDebugJniLibsProjectAndLocalJars' as it is up-to-date.
[        ] Resolve mutations for :flutter_native_splash:extractDebugAnnotations (Thread[#37721,Execution worker,5,main]) started.
[        ] :flutter_native_splash:extractDebugAnnotations (Thread[#37721,Execution worker,5,main]) started.
[        ] > Task :flutter_native_splash:extractDebugAnnotations UP-TO-DATE
[        ] Caching disabled for task ':flutter_native_splash:extractDebugAnnotations' because:
[        ]   Build cache is disabled
[        ] Skipping task ':flutter_native_splash:extractDebugAnnotations' as it is up-to-date.
[        ] Resolve mutations for :flutter_native_splash:extractDeepLinksForAarDebug (Thread[#37721,Execution worker,5,main]) started.
[        ] :flutter_native_splash:extractDeepLinksForAarDebug (Thread[#37721,Execution worker,5,main]) started.
[        ] > Task :flutter_native_splash:extractDeepLinksForAarDebug UP-TO-DATE
[        ] Caching disabled for task ':flutter_native_splash:extractDeepLinksForAarDebug' because:
[        ]   Build cache is disabled
[        ] Skipping task ':flutter_native_splash:extractDeepLinksForAarDebug' as it is up-to-date.
[        ] Resolve mutations for :flutter_native_splash:mergeDebugGeneratedProguardFiles (Thread[#37721,Execution worker,5,main]) started.
[        ] :flutter_native_splash:mergeDebugGeneratedProguardFiles (Thread[#37721,Execution worker,5,main]) started.
[        ] > Task :flutter_native_splash:mergeDebugGeneratedProguardFiles UP-TO-DATE
[        ] Caching disabled for task ':flutter_native_splash:mergeDebugGeneratedProguardFiles' because:
[        ]   Build cache is disabled
[        ]   Simple merging task
[        ] Skipping task ':flutter_native_splash:mergeDebugGeneratedProguardFiles' as it is up-to-date.
[        ] Resolve mutations for :flutter_native_splash:mergeDebugConsumerProguardFiles (Thread[#37721,Execution worker,5,main]) started.
[        ] :flutter_native_splash:mergeDebugConsumerProguardFiles (Thread[#37721,Execution worker,5,main]) started.
[        ] > Task :flutter_native_splash:mergeDebugConsumerProguardFiles UP-TO-DATE
[        ] Caching disabled for task ':flutter_native_splash:mergeDebugConsumerProguardFiles' because:
[        ]   Build cache is disabled
[        ]   Simple merging task
[        ] Skipping task ':flutter_native_splash:mergeDebugConsumerProguardFiles' as it is up-to-date.
[        ] Resolve mutations for :flutter_native_splash:prepareDebugArtProfile (Thread[#37721,Execution worker,5,main]) started.
[        ] :flutter_native_splash:prepareDebugArtProfile (Thread[#37721,Execution worker,5,main]) started.
[        ] > Task :flutter_native_splash:prepareDebugArtProfile UP-TO-DATE
[        ] Caching disabled for task ':flutter_native_splash:prepareDebugArtProfile' because:
[        ]   Build cache is disabled
[        ]   Caching has been disabled for the task
[        ] Skipping task ':flutter_native_splash:prepareDebugArtProfile' as it is up-to-date.
[        ] Resolve mutations for :flutter_native_splash:prepareLintJarForPublish (Thread[#37721,Execution worker,5,main]) started.
[        ] :flutter_native_splash:prepareLintJarForPublish (Thread[#37721,Execution worker,5,main]) started.
[        ] > Task :flutter_native_splash:prepareLintJarForPublish UP-TO-DATE
[        ] Caching disabled for task ':flutter_native_splash:prepareLintJarForPublish' because:
[        ]   Build cache is disabled
[        ]   Caching has been disabled for the task
[        ] Skipping task ':flutter_native_splash:prepareLintJarForPublish' as it is up-to-date.
[        ] Resolve mutations for :flutter_native_splash:mergeDebugJavaResource (Thread[#37721,Execution worker,5,main]) started.
[        ] :flutter_native_splash:mergeDebugJavaResource (Thread[#37721,Execution worker,5,main]) started.
[        ] > Task :flutter_native_splash:mergeDebugJavaResource UP-TO-DATE
[        ] Caching disabled for task ':flutter_native_splash:mergeDebugJavaResource' because:
[        ]   Build cache is disabled
[        ]   Caching has been disabled for the task
[        ] Skipping task ':flutter_native_splash:mergeDebugJavaResource' as it is up-to-date.
[        ] Resolve mutations for :flutter_native_splash:syncDebugLibJars (Thread[#37721,Execution worker,5,main]) started.
[        ] :flutter_native_splash:syncDebugLibJars (Thread[#37721,Execution worker,5,main]) started.
[        ] > Task :flutter_native_splash:syncDebugLibJars UP-TO-DATE
[        ] Caching disabled for task ':flutter_native_splash:syncDebugLibJars' because:
[        ]   Build cache is disabled
[        ] Skipping task ':flutter_native_splash:syncDebugLibJars' as it is up-to-date.
[        ] Resolve mutations for :flutter_native_splash:bundleDebugAar (Thread[#37721,Execution worker,5,main]) started.
[        ] :flutter_native_splash:bundleDebugAar (Thread[#37721,Execution worker,5,main]) started.
[        ] > Task :flutter_native_splash:bundleDebugAar UP-TO-DATE
[        ] Caching disabled for task ':flutter_native_splash:bundleDebugAar' because:
[        ]   Build cache is disabled
[        ]   Caching has been disabled for the task
[        ] Skipping task ':flutter_native_splash:bundleDebugAar' as it is up-to-date.
[        ] Resolve mutations for :flutter_native_splash:assembleDebug (Thread[#37721,Execution worker,5,main]) started.
[        ] :flutter_native_splash:assembleDebug (Thread[#37721,Execution worker,5,main]) started.
[        ] > Task :flutter_native_splash:assembleDebug UP-TO-DATE
[        ] Skipping task ':flutter_native_splash:assembleDebug' as it has no actions.
[        ] Resolve mutations for :flutter_olm:stripDebugDebugSymbols (Thread[#37721,Execution worker,5,main]) started.
[        ] :flutter_olm:stripDebugDebugSymbols (Thread[#37721,Execution worker,5,main]) started.
[        ] > Task :flutter_olm:stripDebugDebugSymbols UP-TO-DATE
[        ] Caching disabled for task ':flutter_olm:stripDebugDebugSymbols' because:
[        ]   Build cache is disabled
[        ]   Caching has been disabled for the task
[        ] Skipping task ':flutter_olm:stripDebugDebugSymbols' as it is up-to-date.
[        ] Resolve mutations for :flutter_olm:copyDebugJniLibsProjectAndLocalJars (Thread[#37721,Execution worker,5,main]) started.
[        ] :flutter_olm:copyDebugJniLibsProjectAndLocalJars (Thread[#37721,Execution worker,5,main]) started.
[        ] > Task :flutter_olm:copyDebugJniLibsProjectAndLocalJars UP-TO-DATE
[        ] Caching disabled for task ':flutter_olm:copyDebugJniLibsProjectAndLocalJars' because:
[        ]   Build cache is disabled
[        ]   Caching has been disabled for the task
[        ] Skipping task ':flutter_olm:copyDebugJniLibsProjectAndLocalJars' as it is up-to-date.
[        ] Resolve mutations for :flutter_olm:extractDebugAnnotations (Thread[#37721,Execution worker,5,main]) started.
[        ] :flutter_olm:extractDebugAnnotations (Thread[#37721,Execution worker,5,main]) started.
[        ] > Task :flutter_olm:extractDebugAnnotations UP-TO-DATE
[        ] Caching disabled for task ':flutter_olm:extractDebugAnnotations' because:
[        ]   Build cache is disabled
[        ] Skipping task ':flutter_olm:extractDebugAnnotations' as it is up-to-date.
[        ] Resolve mutations for :flutter_olm:extractDeepLinksForAarDebug (Thread[#37721,Execution worker,5,main]) started.
[        ] :flutter_olm:extractDeepLinksForAarDebug (Thread[#37721,Execution worker,5,main]) started.
[        ] > Task :flutter_olm:extractDeepLinksForAarDebug UP-TO-DATE
[        ] Caching disabled for task ':flutter_olm:extractDeepLinksForAarDebug' because:
[        ]   Build cache is disabled
[        ] Skipping task ':flutter_olm:extractDeepLinksForAarDebug' as it is up-to-date.
[        ] Resolve mutations for :flutter_olm:mergeDebugGeneratedProguardFiles (Thread[#37721,Execution worker,5,main]) started.
[        ] :flutter_olm:mergeDebugGeneratedProguardFiles (Thread[#37721,Execution worker,5,main]) started.
[        ] > Task :flutter_olm:mergeDebugGeneratedProguardFiles UP-TO-DATE
[        ] Caching disabled for task ':flutter_olm:mergeDebugGeneratedProguardFiles' because:
[        ]   Build cache is disabled
[        ]   Simple merging task
[        ] Skipping task ':flutter_olm:mergeDebugGeneratedProguardFiles' as it is up-to-date.
[        ] Resolve mutations for :flutter_olm:mergeDebugConsumerProguardFiles (Thread[#37721,Execution worker,5,main]) started.
[        ] :flutter_olm:mergeDebugConsumerProguardFiles (Thread[#37721,Execution worker,5,main]) started.
[        ] > Task :flutter_olm:mergeDebugConsumerProguardFiles UP-TO-DATE
[        ] Caching disabled for task ':flutter_olm:mergeDebugConsumerProguardFiles' because:
[        ]   Build cache is disabled
[        ]   Simple merging task
[        ] Skipping task ':flutter_olm:mergeDebugConsumerProguardFiles' as it is up-to-date.
[        ] Resolve mutations for :flutter_olm:prepareDebugArtProfile (Thread[#37721,Execution worker,5,main]) started.
[        ] :flutter_olm:prepareDebugArtProfile (Thread[#37721,Execution worker,5,main]) started.
[        ] > Task :flutter_olm:prepareDebugArtProfile UP-TO-DATE
[        ] Caching disabled for task ':flutter_olm:prepareDebugArtProfile' because:
[        ]   Build cache is disabled
[        ]   Caching has been disabled for the task
[        ] Skipping task ':flutter_olm:prepareDebugArtProfile' as it is up-to-date.
[        ] Resolve mutations for :flutter_olm:prepareLintJarForPublish (Thread[#37721,Execution worker,5,main]) started.
[        ] :flutter_olm:prepareLintJarForPublish (Thread[#37721,Execution worker,5,main]) started.
[        ] > Task :flutter_olm:prepareLintJarForPublish UP-TO-DATE
[        ] Caching disabled for task ':flutter_olm:prepareLintJarForPublish' because:
[        ]   Build cache is disabled
[        ]   Caching has been disabled for the task
[        ] Skipping task ':flutter_olm:prepareLintJarForPublish' as it is up-to-date.
[        ] Resolve mutations for :flutter_olm:mergeDebugJavaResource (Thread[#37721,Execution worker,5,main]) started.
[        ] :flutter_olm:mergeDebugJavaResource (Thread[#37721,Execution worker,5,main]) started.
[        ] > Task :flutter_olm:mergeDebugJavaResource UP-TO-DATE
[        ] Caching disabled for task ':flutter_olm:mergeDebugJavaResource' because:
[        ]   Build cache is disabled
[        ]   Caching has been disabled for the task
[        ] Skipping task ':flutter_olm:mergeDebugJavaResource' as it is up-to-date.
[        ] Resolve mutations for :flutter_olm:syncDebugLibJars (Thread[#37721,Execution worker,5,main]) started.
[        ] :flutter_olm:syncDebugLibJars (Thread[#37721,Execution worker,5,main]) started.
[        ] > Task :flutter_olm:syncDebugLibJars UP-TO-DATE
[        ] Caching disabled for task ':flutter_olm:syncDebugLibJars' because:
[        ]   Build cache is disabled
[        ] Skipping task ':flutter_olm:syncDebugLibJars' as it is up-to-date.
[        ] Resolve mutations for :flutter_olm:bundleDebugAar (Thread[#37721,Execution worker,5,main]) started.
[        ] :flutter_olm:bundleDebugAar (Thread[#37721,Execution worker,5,main]) started.
[        ] > Task :flutter_olm:bundleDebugAar UP-TO-DATE
[        ] Caching disabled for task ':flutter_olm:bundleDebugAar' because:
[        ]   Build cache is disabled
[        ]   Caching has been disabled for the task
[        ] Skipping task ':flutter_olm:bundleDebugAar' as it is up-to-date.
[        ] Resolve mutations for :flutter_olm:assembleDebug (Thread[#37721,Execution worker,5,main]) started.
[        ] :flutter_olm:assembleDebug (Thread[#37721,Execution worker,5,main]) started.
[        ] > Task :flutter_olm:assembleDebug UP-TO-DATE
[        ] Skipping task ':flutter_olm:assembleDebug' as it has no actions.
[        ] Resolve mutations for :flutter_openssl_crypto:stripDebugDebugSymbols (Thread[#37721,Execution worker,5,main]) started.
[        ] :flutter_openssl_crypto:stripDebugDebugSymbols (Thread[#37721,Execution worker,5,main]) started.
[        ] > Task :flutter_openssl_crypto:stripDebugDebugSymbols UP-TO-DATE
[        ] Caching disabled for task ':flutter_openssl_crypto:stripDebugDebugSymbols' because:
[        ]   Build cache is disabled
[        ]   Caching has been disabled for the task
[        ] Skipping task ':flutter_openssl_crypto:stripDebugDebugSymbols' as it is up-to-date.
[        ] Resolve mutations for :flutter_openssl_crypto:copyDebugJniLibsProjectAndLocalJars (Thread[#37721,Execution worker,5,main]) started.
[        ] :flutter_openssl_crypto:copyDebugJniLibsProjectAndLocalJars (Thread[#37721,Execution worker,5,main]) started.
[        ] > Task :flutter_openssl_crypto:copyDebugJniLibsProjectAndLocalJars UP-TO-DATE
[        ] Caching disabled for task ':flutter_openssl_crypto:copyDebugJniLibsProjectAndLocalJars' because:
[        ]   Build cache is disabled
[        ]   Caching has been disabled for the task
[        ] Skipping task ':flutter_openssl_crypto:copyDebugJniLibsProjectAndLocalJars' as it is up-to-date.
[        ] Resolve mutations for :flutter_openssl_crypto:extractDebugAnnotations (Thread[#37721,Execution worker,5,main]) started.
[        ] :flutter_openssl_crypto:extractDebugAnnotations (Thread[#37721,Execution worker,5,main]) started.
[        ] > Task :flutter_openssl_crypto:extractDebugAnnotations UP-TO-DATE
[        ] Caching disabled for task ':flutter_openssl_crypto:extractDebugAnnotations' because:
[        ]   Build cache is disabled
[        ] Skipping task ':flutter_openssl_crypto:extractDebugAnnotations' as it is up-to-date.
[        ] Resolve mutations for :flutter_openssl_crypto:extractDeepLinksForAarDebug (Thread[#37721,Execution worker,5,main]) started.
[        ] :flutter_openssl_crypto:extractDeepLinksForAarDebug (Thread[#37721,Execution worker,5,main]) started.
[        ] > Task :flutter_openssl_crypto:extractDeepLinksForAarDebug UP-TO-DATE
[        ] Caching disabled for task ':flutter_openssl_crypto:extractDeepLinksForAarDebug' because:
[        ]   Build cache is disabled
[        ] Skipping task ':flutter_openssl_crypto:extractDeepLinksForAarDebug' as it is up-to-date.
[        ] Resolve mutations for :flutter_openssl_crypto:mergeDebugGeneratedProguardFiles (Thread[#37721,Execution worker,5,main]) started.
[        ] :flutter_openssl_crypto:mergeDebugGeneratedProguardFiles (Thread[#37721,Execution worker,5,main]) started.
[        ] > Task :flutter_openssl_crypto:mergeDebugGeneratedProguardFiles UP-TO-DATE
[        ] Caching disabled for task ':flutter_openssl_crypto:mergeDebugGeneratedProguardFiles' because:
[        ]   Build cache is disabled
[        ]   Simple merging task
[        ] Skipping task ':flutter_openssl_crypto:mergeDebugGeneratedProguardFiles' as it is up-to-date.
[        ] Resolve mutations for :flutter_openssl_crypto:mergeDebugConsumerProguardFiles (Thread[#37721,Execution worker,5,main]) started.
[        ] :flutter_openssl_crypto:mergeDebugConsumerProguardFiles (Thread[#37721,Execution worker,5,main]) started.
[        ] > Task :flutter_openssl_crypto:mergeDebugConsumerProguardFiles UP-TO-DATE
[        ] Caching disabled for task ':flutter_openssl_crypto:mergeDebugConsumerProguardFiles' because:
[        ]   Build cache is disabled
[        ]   Simple merging task
[        ] Skipping task ':flutter_openssl_crypto:mergeDebugConsumerProguardFiles' as it is up-to-date.
[        ] Resolve mutations for :flutter_openssl_crypto:prepareDebugArtProfile (Thread[#37721,Execution worker,5,main]) started.
[        ] :flutter_openssl_crypto:prepareDebugArtProfile (Thread[#37721,Execution worker,5,main]) started.
[        ] > Task :flutter_openssl_crypto:prepareDebugArtProfile UP-TO-DATE
[        ] Caching disabled for task ':flutter_openssl_crypto:prepareDebugArtProfile' because:
[        ]   Build cache is disabled
[        ]   Caching has been disabled for the task
[        ] Skipping task ':flutter_openssl_crypto:prepareDebugArtProfile' as it is up-to-date.
[        ] Resolve mutations for :flutter_openssl_crypto:prepareLintJarForPublish (Thread[#37721,Execution worker,5,main]) started.
[        ] :flutter_openssl_crypto:prepareLintJarForPublish (Thread[#37721,Execution worker,5,main]) started.
[        ] > Task :flutter_openssl_crypto:prepareLintJarForPublish UP-TO-DATE
[        ] Caching disabled for task ':flutter_openssl_crypto:prepareLintJarForPublish' because:
[        ]   Build cache is disabled
[        ]   Caching has been disabled for the task
[        ] Skipping task ':flutter_openssl_crypto:prepareLintJarForPublish' as it is up-to-date.
[        ] Resolve mutations for :flutter_openssl_crypto:mergeDebugJavaResource (Thread[#37721,Execution worker,5,main]) started.
[        ] :flutter_openssl_crypto:mergeDebugJavaResource (Thread[#37721,Execution worker,5,main]) started.
[        ] > Task :flutter_openssl_crypto:mergeDebugJavaResource UP-TO-DATE
[        ] Caching disabled for task ':flutter_openssl_crypto:mergeDebugJavaResource' because:
[        ]   Build cache is disabled
[        ]   Caching has been disabled for the task
[        ] Skipping task ':flutter_openssl_crypto:mergeDebugJavaResource' as it is up-to-date.
[        ] Resolve mutations for :flutter_openssl_crypto:syncDebugLibJars (Thread[#37721,Execution worker,5,main]) started.
[        ] :flutter_openssl_crypto:syncDebugLibJars (Thread[#37721,Execution worker,5,main]) started.
[        ] > Task :flutter_openssl_crypto:syncDebugLibJars UP-TO-DATE
[        ] Caching disabled for task ':flutter_openssl_crypto:syncDebugLibJars' because:
[        ]   Build cache is disabled
[        ] Skipping task ':flutter_openssl_crypto:syncDebugLibJars' as it is up-to-date.
[        ] Resolve mutations for :flutter_openssl_crypto:bundleDebugAar (Thread[#37721,Execution worker,5,main]) started.
[        ] :flutter_openssl_crypto:bundleDebugAar (Thread[#37721,Execution worker,5,main]) started.
[        ] > Task :flutter_openssl_crypto:bundleDebugAar UP-TO-DATE
[        ] Caching disabled for task ':flutter_openssl_crypto:bundleDebugAar' because:
[        ]   Build cache is disabled
[        ]   Caching has been disabled for the task
[        ] Skipping task ':flutter_openssl_crypto:bundleDebugAar' as it is up-to-date.
[        ] Resolve mutations for :flutter_openssl_crypto:assembleDebug (Thread[#37721,Execution worker,5,main]) started.
[        ] :flutter_openssl_crypto:assembleDebug (Thread[#37721,Execution worker,5,main]) started.
[        ] > Task :flutter_openssl_crypto:assembleDebug UP-TO-DATE
[        ] Skipping task ':flutter_openssl_crypto:assembleDebug' as it has no actions.
[        ] Resolve mutations for :integration_test:stripDebugDebugSymbols (Thread[#37721,Execution worker,5,main]) started.
[        ] :integration_test:stripDebugDebugSymbols (Thread[#37721,Execution worker,5,main]) started.
[        ] > Task :integration_test:stripDebugDebugSymbols NO-SOURCE
[        ] Skipping task ':integration_test:stripDebugDebugSymbols' as it has no source files and no previous output files.
[        ] Resolve mutations for :integration_test:copyDebugJniLibsProjectAndLocalJars (Thread[#37721,Execution worker,5,main]) started.
[        ] :integration_test:copyDebugJniLibsProjectAndLocalJars (Thread[#37721,Execution worker,5,main]) started.
[        ] > Task :integration_test:copyDebugJniLibsProjectAndLocalJars UP-TO-DATE
[        ] Caching disabled for task ':integration_test:copyDebugJniLibsProjectAndLocalJars' because:
[        ]   Build cache is disabled
[        ]   Caching has been disabled for the task
[        ] Skipping task ':integration_test:copyDebugJniLibsProjectAndLocalJars' as it is up-to-date.
[        ] Resolve mutations for :integration_test:extractDebugAnnotations (Thread[#37721,Execution worker,5,main]) started.
[        ] :integration_test:extractDebugAnnotations (Thread[#37721,Execution worker,5,main]) started.
[        ] > Task :integration_test:extractDebugAnnotations UP-TO-DATE
[        ] Caching disabled for task ':integration_test:extractDebugAnnotations' because:
[        ]   Build cache is disabled
[        ] Skipping task ':integration_test:extractDebugAnnotations' as it is up-to-date.
[        ] Resolve mutations for :integration_test:extractDeepLinksForAarDebug (Thread[#37721,Execution worker,5,main]) started.
[        ] :integration_test:extractDeepLinksForAarDebug (Thread[#37721,Execution worker,5,main]) started.
[        ] > Task :integration_test:extractDeepLinksForAarDebug UP-TO-DATE
[        ] Caching disabled for task ':integration_test:extractDeepLinksForAarDebug' because:
[        ]   Build cache is disabled
[        ] Skipping task ':integration_test:extractDeepLinksForAarDebug' as it is up-to-date.
[        ] Resolve mutations for :integration_test:mergeDebugGeneratedProguardFiles (Thread[#37721,Execution worker,5,main]) started.
[        ] :integration_test:mergeDebugGeneratedProguardFiles (Thread[#37721,Execution worker,5,main]) started.
[        ] > Task :integration_test:mergeDebugGeneratedProguardFiles UP-TO-DATE
[        ] Caching disabled for task ':integration_test:mergeDebugGeneratedProguardFiles' because:
[        ]   Build cache is disabled
[        ]   Simple merging task
[        ] Skipping task ':integration_test:mergeDebugGeneratedProguardFiles' as it is up-to-date.
[        ] Resolve mutations for :integration_test:mergeDebugConsumerProguardFiles (Thread[#37721,Execution worker,5,main]) started.
[        ] :integration_test:mergeDebugConsumerProguardFiles (Thread[#37721,Execution worker,5,main]) started.
[        ] > Task :integration_test:mergeDebugConsumerProguardFiles UP-TO-DATE
[        ] Caching disabled for task ':integration_test:mergeDebugConsumerProguardFiles' because:
[        ]   Build cache is disabled
[        ]   Simple merging task
[        ] Skipping task ':integration_test:mergeDebugConsumerProguardFiles' as it is up-to-date.
[        ] Resolve mutations for :integration_test:prepareDebugArtProfile (Thread[#37721,Execution worker,5,main]) started.
[        ] :integration_test:prepareDebugArtProfile (Thread[#37721,Execution worker,5,main]) started.
[        ] > Task :integration_test:prepareDebugArtProfile UP-TO-DATE
[        ] Caching disabled for task ':integration_test:prepareDebugArtProfile' because:
[        ]   Build cache is disabled
[        ]   Caching has been disabled for the task
[        ] Skipping task ':integration_test:prepareDebugArtProfile' as it is up-to-date.
[        ] Resolve mutations for :integration_test:prepareLintJarForPublish (Thread[#37721,Execution worker,5,main]) started.
[        ] :integration_test:prepareLintJarForPublish (Thread[#37721,Execution worker,5,main]) started.
[        ] > Task :integration_test:prepareLintJarForPublish UP-TO-DATE
[        ] Caching disabled for task ':integration_test:prepareLintJarForPublish' because:
[        ]   Build cache is disabled
[        ]   Caching has been disabled for the task
[        ] Skipping task ':integration_test:prepareLintJarForPublish' as it is up-to-date.
[        ] Resolve mutations for :integration_test:mergeDebugJavaResource (Thread[#37721,Execution worker,5,main]) started.
[        ] :integration_test:mergeDebugJavaResource (Thread[#37721,Execution worker,5,main]) started.
[        ] > Task :integration_test:mergeDebugJavaResource UP-TO-DATE
[        ] Caching disabled for task ':integration_test:mergeDebugJavaResource' because:
[        ]   Build cache is disabled
[        ]   Caching has been disabled for the task
[        ] Skipping task ':integration_test:mergeDebugJavaResource' as it is up-to-date.
[        ] Resolve mutations for :integration_test:syncDebugLibJars (Thread[#37721,Execution worker,5,main]) started.
[        ] :integration_test:syncDebugLibJars (Thread[#37721,Execution worker,5,main]) started.
[        ] > Task :integration_test:syncDebugLibJars UP-TO-DATE
[        ] Caching disabled for task ':integration_test:syncDebugLibJars' because:
[        ]   Build cache is disabled
[        ] Skipping task ':integration_test:syncDebugLibJars' as it is up-to-date.
[        ] Resolve mutations for :integration_test:bundleDebugAar (Thread[#37721,Execution worker,5,main]) started.
[        ] :integration_test:bundleDebugAar (Thread[#37721,Execution worker,5,main]) started.
[        ] > Task :integration_test:bundleDebugAar UP-TO-DATE
[        ] Caching disabled for task ':integration_test:bundleDebugAar' because:
[        ]   Build cache is disabled
[        ]   Caching has been disabled for the task
[        ] Skipping task ':integration_test:bundleDebugAar' as it is up-to-date.
[        ] Resolve mutations for :integration_test:assembleDebug (Thread[#37721,Execution worker,5,main]) started.
[        ] :integration_test:assembleDebug (Thread[#37721,Execution worker,5,main]) started.
[        ] > Task :integration_test:assembleDebug UP-TO-DATE
[        ] Skipping task ':integration_test:assembleDebug' as it has no actions.
[        ] Resolve mutations for :path_provider_android:stripDebugDebugSymbols (Thread[#37721,Execution worker,5,main]) started.
[        ] :path_provider_android:stripDebugDebugSymbols (Thread[#37721,Execution worker,5,main]) started.
[        ] > Task :path_provider_android:stripDebugDebugSymbols NO-SOURCE
[        ] Skipping task ':path_provider_android:stripDebugDebugSymbols' as it has no source files and no previous output files.
[        ] Resolve mutations for :path_provider_android:copyDebugJniLibsProjectAndLocalJars (Thread[#37721,Execution worker,5,main]) started.
[        ] :path_provider_android:copyDebugJniLibsProjectAndLocalJars (Thread[#37721,Execution worker,5,main]) started.
[        ] > Task :path_provider_android:copyDebugJniLibsProjectAndLocalJars UP-TO-DATE
[        ] Caching disabled for task ':path_provider_android:copyDebugJniLibsProjectAndLocalJars' because:
[        ]   Build cache is disabled
[        ]   Caching has been disabled for the task
[        ] Skipping task ':path_provider_android:copyDebugJniLibsProjectAndLocalJars' as it is up-to-date.
[        ] Resolve mutations for :path_provider_android:extractDebugAnnotations (Thread[#37721,Execution worker,5,main]) started.
[        ] :path_provider_android:extractDebugAnnotations (Thread[#37721,Execution worker,5,main]) started.
[        ] > Task :path_provider_android:extractDebugAnnotations UP-TO-DATE
[        ] Caching disabled for task ':path_provider_android:extractDebugAnnotations' because:
[        ]   Build cache is disabled
[        ] Skipping task ':path_provider_android:extractDebugAnnotations' as it is up-to-date.
[        ] Resolve mutations for :path_provider_android:extractDeepLinksForAarDebug (Thread[#37721,Execution worker,5,main]) started.
[        ] :path_provider_android:extractDeepLinksForAarDebug (Thread[#37721,Execution worker,5,main]) started.
[        ] > Task :path_provider_android:extractDeepLinksForAarDebug UP-TO-DATE
[        ] Caching disabled for task ':path_provider_android:extractDeepLinksForAarDebug' because:
[        ]   Build cache is disabled
[        ] Skipping task ':path_provider_android:extractDeepLinksForAarDebug' as it is up-to-date.
[        ] Resolve mutations for :path_provider_android:mergeDebugGeneratedProguardFiles (Thread[#37721,Execution worker,5,main]) started.
[        ] :path_provider_android:mergeDebugGeneratedProguardFiles (Thread[#37721,Execution worker,5,main]) started.
[        ] > Task :path_provider_android:mergeDebugGeneratedProguardFiles UP-TO-DATE
[        ] Caching disabled for task ':path_provider_android:mergeDebugGeneratedProguardFiles' because:
[        ]   Build cache is disabled
[        ]   Simple merging task
[        ] Skipping task ':path_provider_android:mergeDebugGeneratedProguardFiles' as it is up-to-date.
[        ] Resolve mutations for :path_provider_android:mergeDebugConsumerProguardFiles (Thread[#37721,Execution worker,5,main]) started.
[        ] :path_provider_android:mergeDebugConsumerProguardFiles (Thread[#37721,Execution worker,5,main]) started.
[        ] > Task :path_provider_android:mergeDebugConsumerProguardFiles UP-TO-DATE
[        ] Caching disabled for task ':path_provider_android:mergeDebugConsumerProguardFiles' because:
[        ]   Build cache is disabled
[        ]   Simple merging task
[        ] Skipping task ':path_provider_android:mergeDebugConsumerProguardFiles' as it is up-to-date.
[        ] Resolve mutations for :path_provider_android:prepareDebugArtProfile (Thread[#37721,Execution worker,5,main]) started.
[        ] :path_provider_android:prepareDebugArtProfile (Thread[#37721,Execution worker,5,main]) started.
[        ] > Task :path_provider_android:prepareDebugArtProfile UP-TO-DATE
[        ] Caching disabled for task ':path_provider_android:prepareDebugArtProfile' because:
[        ]   Build cache is disabled
[        ]   Caching has been disabled for the task
[        ] Skipping task ':path_provider_android:prepareDebugArtProfile' as it is up-to-date.
[        ] Resolve mutations for :path_provider_android:prepareLintJarForPublish (Thread[#37721,Execution worker,5,main]) started.
[        ] :path_provider_android:prepareLintJarForPublish (Thread[#37721,Execution worker,5,main]) started.
[        ] > Task :path_provider_android:prepareLintJarForPublish UP-TO-DATE
[        ] Caching disabled for task ':path_provider_android:prepareLintJarForPublish' because:
[        ]   Build cache is disabled
[        ]   Caching has been disabled for the task
[        ] Skipping task ':path_provider_android:prepareLintJarForPublish' as it is up-to-date.
[        ] Resolve mutations for :path_provider_android:mergeDebugJavaResource (Thread[#37721,Execution worker,5,main]) started.
[        ] :path_provider_android:mergeDebugJavaResource (Thread[#37721,Execution worker,5,main]) started.
[        ] > Task :path_provider_android:mergeDebugJavaResource UP-TO-DATE
[        ] Caching disabled for task ':path_provider_android:mergeDebugJavaResource' because:
[        ]   Build cache is disabled
[        ]   Caching has been disabled for the task
[        ] Skipping task ':path_provider_android:mergeDebugJavaResource' as it is up-to-date.
[        ] Resolve mutations for :path_provider_android:syncDebugLibJars (Thread[#37721,Execution worker,5,main]) started.
[        ] :path_provider_android:syncDebugLibJars (Thread[#37721,Execution worker,5,main]) started.
[        ] > Task :path_provider_android:syncDebugLibJars UP-TO-DATE
[        ] Caching disabled for task ':path_provider_android:syncDebugLibJars' because:
[        ]   Build cache is disabled
[        ] Skipping task ':path_provider_android:syncDebugLibJars' as it is up-to-date.
[        ] Resolve mutations for :path_provider_android:bundleDebugAar (Thread[#37721,Execution worker,5,main]) started.
[        ] :path_provider_android:bundleDebugAar (Thread[#37721,Execution worker,5,main]) started.
[        ] > Task :path_provider_android:bundleDebugAar UP-TO-DATE
[        ] Caching disabled for task ':path_provider_android:bundleDebugAar' because:
[        ]   Build cache is disabled
[        ]   Caching has been disabled for the task
[        ] Skipping task ':path_provider_android:bundleDebugAar' as it is up-to-date.
[        ] Resolve mutations for :path_provider_android:assembleDebug (Thread[#37721,Execution worker,5,main]) started.
[        ] :path_provider_android:assembleDebug (Thread[#37721,Execution worker,5,main]) started.
[        ] > Task :path_provider_android:assembleDebug UP-TO-DATE
[        ] Skipping task ':path_provider_android:assembleDebug' as it has no actions.
[        ] Resolve mutations for :quill_native_bridge_android:stripDebugDebugSymbols (Thread[#37721,Execution worker,5,main]) started.
[        ] :quill_native_bridge_android:stripDebugDebugSymbols (Thread[#37721,Execution worker,5,main]) started.
[        ] > Task :quill_native_bridge_android:stripDebugDebugSymbols NO-SOURCE
[        ] Skipping task ':quill_native_bridge_android:stripDebugDebugSymbols' as it has no source files and no previous output files.
[        ] Resolve mutations for :quill_native_bridge_android:copyDebugJniLibsProjectAndLocalJars (Thread[#37721,Execution worker,5,main]) started.
[        ] :quill_native_bridge_android:copyDebugJniLibsProjectAndLocalJars (Thread[#37721,Execution worker,5,main]) started.
[        ] > Task :quill_native_bridge_android:copyDebugJniLibsProjectAndLocalJars UP-TO-DATE
[        ] Caching disabled for task ':quill_native_bridge_android:copyDebugJniLibsProjectAndLocalJars' because:
[        ]   Build cache is disabled
[        ]   Caching has been disabled for the task
[        ] Skipping task ':quill_native_bridge_android:copyDebugJniLibsProjectAndLocalJars' as it is up-to-date.
[        ] Resolve mutations for :quill_native_bridge_android:extractDebugAnnotations (Thread[#37721,Execution worker,5,main]) started.
[        ] :quill_native_bridge_android:extractDebugAnnotations (Thread[#37721,Execution worker,5,main]) started.
[        ] > Task :quill_native_bridge_android:extractDebugAnnotations UP-TO-DATE
[        ] Caching disabled for task ':quill_native_bridge_android:extractDebugAnnotations' because:
[        ]   Build cache is disabled
[        ] Skipping task ':quill_native_bridge_android:extractDebugAnnotations' as it is up-to-date.
[        ] Resolve mutations for :quill_native_bridge_android:extractDeepLinksForAarDebug (Thread[#37721,Execution worker,5,main]) started.
[        ] :quill_native_bridge_android:extractDeepLinksForAarDebug (Thread[#37721,Execution worker,5,main]) started.
[        ] > Task :quill_native_bridge_android:extractDeepLinksForAarDebug UP-TO-DATE
[        ] Caching disabled for task ':quill_native_bridge_android:extractDeepLinksForAarDebug' because:
[        ]   Build cache is disabled
[        ] Skipping task ':quill_native_bridge_android:extractDeepLinksForAarDebug' as it is up-to-date.
[        ] Resolve mutations for :quill_native_bridge_android:mergeDebugGeneratedProguardFiles (Thread[#37721,Execution worker,5,main]) started.
[        ] :quill_native_bridge_android:mergeDebugGeneratedProguardFiles (Thread[#37721,Execution worker,5,main]) started.
[        ] > Task :quill_native_bridge_android:mergeDebugGeneratedProguardFiles UP-TO-DATE
[        ] Caching disabled for task ':quill_native_bridge_android:mergeDebugGeneratedProguardFiles' because:
[        ]   Build cache is disabled
[        ]   Simple merging task
[        ] Skipping task ':quill_native_bridge_android:mergeDebugGeneratedProguardFiles' as it is up-to-date.
[        ] Resolve mutations for :quill_native_bridge_android:mergeDebugConsumerProguardFiles (Thread[#37721,Execution worker,5,main]) started.
[        ] :quill_native_bridge_android:mergeDebugConsumerProguardFiles (Thread[#37721,Execution worker,5,main]) started.
[        ] > Task :quill_native_bridge_android:mergeDebugConsumerProguardFiles UP-TO-DATE
[        ] Caching disabled for task ':quill_native_bridge_android:mergeDebugConsumerProguardFiles' because:
[        ]   Build cache is disabled
[        ]   Simple merging task
[        ] Skipping task ':quill_native_bridge_android:mergeDebugConsumerProguardFiles' as it is up-to-date.
[        ] Resolve mutations for :quill_native_bridge_android:prepareDebugArtProfile (Thread[#37721,Execution worker,5,main]) started.
[        ] :quill_native_bridge_android:prepareDebugArtProfile (Thread[#37721,Execution worker,5,main]) started.
[        ] > Task :quill_native_bridge_android:prepareDebugArtProfile UP-TO-DATE
[        ] Caching disabled for task ':quill_native_bridge_android:prepareDebugArtProfile' because:
[        ]   Build cache is disabled
[        ]   Caching has been disabled for the task
[        ] Skipping task ':quill_native_bridge_android:prepareDebugArtProfile' as it is up-to-date.
[        ] Resolve mutations for :quill_native_bridge_android:prepareLintJarForPublish (Thread[#37721,Execution worker,5,main]) started.
[        ] :quill_native_bridge_android:prepareLintJarForPublish (Thread[#37721,Execution worker,5,main]) started.
[        ] > Task :quill_native_bridge_android:prepareLintJarForPublish UP-TO-DATE
[        ] Caching disabled for task ':quill_native_bridge_android:prepareLintJarForPublish' because:
[        ]   Build cache is disabled
[        ]   Caching has been disabled for the task
[        ] Skipping task ':quill_native_bridge_android:prepareLintJarForPublish' as it is up-to-date.
[        ] Resolve mutations for :quill_native_bridge_android:mergeDebugJavaResource (Thread[#37721,Execution worker,5,main]) started.
[        ] :quill_native_bridge_android:mergeDebugJavaResource (Thread[#37721,Execution worker,5,main]) started.
[        ] > Task :quill_native_bridge_android:mergeDebugJavaResource UP-TO-DATE
[        ] Caching disabled for task ':quill_native_bridge_android:mergeDebugJavaResource' because:
[        ]   Build cache is disabled
[        ]   Caching has been disabled for the task
[        ] Skipping task ':quill_native_bridge_android:mergeDebugJavaResource' as it is up-to-date.
[        ] Resolve mutations for :quill_native_bridge_android:syncDebugLibJars (Thread[#37721,Execution worker,5,main]) started.
[        ] :quill_native_bridge_android:syncDebugLibJars (Thread[#37721,Execution worker,5,main]) started.
[        ] > Task :quill_native_bridge_android:syncDebugLibJars UP-TO-DATE
[        ] Caching disabled for task ':quill_native_bridge_android:syncDebugLibJars' because:
[        ]   Build cache is disabled
[        ] Skipping task ':quill_native_bridge_android:syncDebugLibJars' as it is up-to-date.
[        ] Resolve mutations for :quill_native_bridge_android:bundleDebugAar (Thread[#37721,Execution worker,5,main]) started.
[        ] :quill_native_bridge_android:bundleDebugAar (Thread[#37721,Execution worker,5,main]) started.
[        ] > Task :quill_native_bridge_android:bundleDebugAar UP-TO-DATE
[        ] Caching disabled for task ':quill_native_bridge_android:bundleDebugAar' because:
[        ]   Build cache is disabled
[        ]   Caching has been disabled for the task
[        ] Skipping task ':quill_native_bridge_android:bundleDebugAar' as it is up-to-date.
[        ] Resolve mutations for :quill_native_bridge_android:assembleDebug (Thread[#37721,Execution worker,5,main]) started.
[        ] :quill_native_bridge_android:assembleDebug (Thread[#37721,Execution worker,5,main]) started.
[        ] > Task :quill_native_bridge_android:assembleDebug UP-TO-DATE
[        ] Skipping task ':quill_native_bridge_android:assembleDebug' as it has no actions.
[        ] Resolve mutations for :shared_preferences_android:stripDebugDebugSymbols (Thread[#37721,Execution worker,5,main]) started.
[        ] :shared_preferences_android:stripDebugDebugSymbols (Thread[#37721,Execution worker,5,main]) started.
[        ] > Task :shared_preferences_android:stripDebugDebugSymbols NO-SOURCE
[        ] Skipping task ':shared_preferences_android:stripDebugDebugSymbols' as it has no source files and no previous output files.
[        ] Resolve mutations for :shared_preferences_android:copyDebugJniLibsProjectAndLocalJars (Thread[#37721,Execution worker,5,main]) started.
[        ] :shared_preferences_android:copyDebugJniLibsProjectAndLocalJars (Thread[#37721,Execution worker,5,main]) started.
[        ] > Task :shared_preferences_android:copyDebugJniLibsProjectAndLocalJars UP-TO-DATE
[        ] Caching disabled for task ':shared_preferences_android:copyDebugJniLibsProjectAndLocalJars' because:
[        ]   Build cache is disabled
[        ]   Caching has been disabled for the task
[        ] Skipping task ':shared_preferences_android:copyDebugJniLibsProjectAndLocalJars' as it is up-to-date.
[        ] Resolve mutations for :shared_preferences_android:extractDebugAnnotations (Thread[#37721,Execution worker,5,main]) started.
[        ] :shared_preferences_android:extractDebugAnnotations (Thread[#37721,Execution worker,5,main]) started.
[        ] > Task :shared_preferences_android:extractDebugAnnotations UP-TO-DATE
[        ] Caching disabled for task ':shared_preferences_android:extractDebugAnnotations' because:
[        ]   Build cache is disabled
[        ] Skipping task ':shared_preferences_android:extractDebugAnnotations' as it is up-to-date.
[        ] Resolve mutations for :shared_preferences_android:extractDeepLinksForAarDebug (Thread[#37721,Execution worker,5,main]) started.
[        ] :shared_preferences_android:extractDeepLinksForAarDebug (Thread[#37721,Execution worker,5,main]) started.
[        ] > Task :shared_preferences_android:extractDeepLinksForAarDebug UP-TO-DATE
[        ] Caching disabled for task ':shared_preferences_android:extractDeepLinksForAarDebug' because:
[        ]   Build cache is disabled
[        ] Skipping task ':shared_preferences_android:extractDeepLinksForAarDebug' as it is up-to-date.
[        ] Resolve mutations for :shared_preferences_android:mergeDebugGeneratedProguardFiles (Thread[#37721,Execution worker,5,main]) started.
[        ] :shared_preferences_android:mergeDebugGeneratedProguardFiles (Thread[#37721,Execution worker,5,main]) started.
[        ] > Task :shared_preferences_android:mergeDebugGeneratedProguardFiles UP-TO-DATE
[        ] Caching disabled for task ':shared_preferences_android:mergeDebugGeneratedProguardFiles' because:
[        ]   Build cache is disabled
[        ]   Simple merging task
[        ] Skipping task ':shared_preferences_android:mergeDebugGeneratedProguardFiles' as it is up-to-date.
[        ] Resolve mutations for :shared_preferences_android:mergeDebugConsumerProguardFiles (Thread[#37721,Execution worker,5,main]) started.
[        ] :shared_preferences_android:mergeDebugConsumerProguardFiles (Thread[#37721,Execution worker,5,main]) started.
[        ] > Task :shared_preferences_android:mergeDebugConsumerProguardFiles UP-TO-DATE
[        ] Caching disabled for task ':shared_preferences_android:mergeDebugConsumerProguardFiles' because:
[        ]   Build cache is disabled
[        ]   Simple merging task
[        ] Skipping task ':shared_preferences_android:mergeDebugConsumerProguardFiles' as it is up-to-date.
[        ] Resolve mutations for :shared_preferences_android:prepareDebugArtProfile (Thread[#37721,Execution worker,5,main]) started.
[        ] :shared_preferences_android:prepareDebugArtProfile (Thread[#37721,Execution worker,5,main]) started.
[        ] > Task :shared_preferences_android:prepareDebugArtProfile UP-TO-DATE
[        ] Caching disabled for task ':shared_preferences_android:prepareDebugArtProfile' because:
[        ]   Build cache is disabled
[        ]   Caching has been disabled for the task
[        ] Skipping task ':shared_preferences_android:prepareDebugArtProfile' as it is up-to-date.
[        ] Resolve mutations for :shared_preferences_android:prepareLintJarForPublish (Thread[#37721,Execution worker,5,main]) started.
[        ] :shared_preferences_android:prepareLintJarForPublish (Thread[#37721,Execution worker,5,main]) started.
[        ] > Task :shared_preferences_android:prepareLintJarForPublish UP-TO-DATE
[        ] Caching disabled for task ':shared_preferences_android:prepareLintJarForPublish' because:
[        ]   Build cache is disabled
[        ]   Caching has been disabled for the task
[        ] Skipping task ':shared_preferences_android:prepareLintJarForPublish' as it is up-to-date.
[        ] Resolve mutations for :shared_preferences_android:mergeDebugJavaResource (Thread[#37721,Execution worker,5,main]) started.
[        ] :shared_preferences_android:mergeDebugJavaResource (Thread[#37721,Execution worker,5,main]) started.
[        ] > Task :shared_preferences_android:mergeDebugJavaResource UP-TO-DATE
[        ] Caching disabled for task ':shared_preferences_android:mergeDebugJavaResource' because:
[        ]   Build cache is disabled
[        ]   Caching has been disabled for the task
[        ] Skipping task ':shared_preferences_android:mergeDebugJavaResource' as it is up-to-date.
[        ] Resolve mutations for :shared_preferences_android:syncDebugLibJars (Thread[#37721,Execution worker,5,main]) started.
[        ] :shared_preferences_android:syncDebugLibJars (Thread[#37721,Execution worker,5,main]) started.
[        ] > Task :shared_preferences_android:syncDebugLibJars UP-TO-DATE
[        ] Caching disabled for task ':shared_preferences_android:syncDebugLibJars' because:
[        ]   Build cache is disabled
[        ] Skipping task ':shared_preferences_android:syncDebugLibJars' as it is up-to-date.
[        ] Resolve mutations for :shared_preferences_android:bundleDebugAar (Thread[#37721,Execution worker,5,main]) started.
[        ] :shared_preferences_android:bundleDebugAar (Thread[#37721,Execution worker,5,main]) started.
[        ] > Task :shared_preferences_android:bundleDebugAar UP-TO-DATE
[        ] Caching disabled for task ':shared_preferences_android:bundleDebugAar' because:
[        ]   Build cache is disabled
[        ]   Caching has been disabled for the task
[        ] Skipping task ':shared_preferences_android:bundleDebugAar' as it is up-to-date.
[        ] Resolve mutations for :shared_preferences_android:assembleDebug (Thread[#37721,Execution worker,5,main]) started.
[        ] :shared_preferences_android:assembleDebug (Thread[#37721,Execution worker,5,main]) started.
[        ] > Task :shared_preferences_android:assembleDebug UP-TO-DATE
[        ] Skipping task ':shared_preferences_android:assembleDebug' as it has no actions.
[        ] Resolve mutations for :sqflite_android:stripDebugDebugSymbols (Thread[#37721,Execution worker,5,main]) started.
[        ] :sqflite_android:stripDebugDebugSymbols (Thread[#37721,Execution worker,5,main]) started.
[        ] > Task :sqflite_android:stripDebugDebugSymbols NO-SOURCE
[        ] Skipping task ':sqflite_android:stripDebugDebugSymbols' as it has no source files and no previous output files.
[        ] Resolve mutations for :sqflite_android:copyDebugJniLibsProjectAndLocalJars (Thread[#37721,Execution worker,5,main]) started.
[        ] :sqflite_android:copyDebugJniLibsProjectAndLocalJars (Thread[#37721,Execution worker,5,main]) started.
[        ] > Task :sqflite_android:copyDebugJniLibsProjectAndLocalJars UP-TO-DATE
[        ] Caching disabled for task ':sqflite_android:copyDebugJniLibsProjectAndLocalJars' because:
[        ]   Build cache is disabled
[        ]   Caching has been disabled for the task
[        ] Skipping task ':sqflite_android:copyDebugJniLibsProjectAndLocalJars' as it is up-to-date.
[        ] Resolve mutations for :sqflite_android:extractDebugAnnotations (Thread[#37721,Execution worker,5,main]) started.
[        ] :sqflite_android:extractDebugAnnotations (Thread[#37721,Execution worker,5,main]) started.
[        ] > Task :sqflite_android:extractDebugAnnotations UP-TO-DATE
[        ] Caching disabled for task ':sqflite_android:extractDebugAnnotations' because:
[        ]   Build cache is disabled
[        ] Skipping task ':sqflite_android:extractDebugAnnotations' as it is up-to-date.
[        ] Resolve mutations for :sqflite_android:extractDeepLinksForAarDebug (Thread[#37721,Execution worker,5,main]) started.
[        ] :sqflite_android:extractDeepLinksForAarDebug (Thread[#37721,Execution worker,5,main]) started.
[        ] > Task :sqflite_android:extractDeepLinksForAarDebug UP-TO-DATE
[        ] Caching disabled for task ':sqflite_android:extractDeepLinksForAarDebug' because:
[        ]   Build cache is disabled
[        ] Skipping task ':sqflite_android:extractDeepLinksForAarDebug' as it is up-to-date.
[        ] Resolve mutations for :sqflite_android:mergeDebugGeneratedProguardFiles (Thread[#37721,Execution worker,5,main]) started.
[        ] :sqflite_android:mergeDebugGeneratedProguardFiles (Thread[#37721,Execution worker,5,main]) started.
[        ] > Task :sqflite_android:mergeDebugGeneratedProguardFiles UP-TO-DATE
[        ] Caching disabled for task ':sqflite_android:mergeDebugGeneratedProguardFiles' because:
[        ]   Build cache is disabled
[        ]   Simple merging task
[        ] Skipping task ':sqflite_android:mergeDebugGeneratedProguardFiles' as it is up-to-date.
[        ] Resolve mutations for :sqflite_android:mergeDebugConsumerProguardFiles (Thread[#37721,Execution worker,5,main]) started.
[        ] :sqflite_android:mergeDebugConsumerProguardFiles (Thread[#37721,Execution worker,5,main]) started.
[        ] > Task :sqflite_android:mergeDebugConsumerProguardFiles UP-TO-DATE
[        ] Caching disabled for task ':sqflite_android:mergeDebugConsumerProguardFiles' because:
[        ]   Build cache is disabled
[        ]   Simple merging task
[        ] Skipping task ':sqflite_android:mergeDebugConsumerProguardFiles' as it is up-to-date.
[        ] Resolve mutations for :sqflite_android:prepareDebugArtProfile (Thread[#37721,Execution worker,5,main]) started.
[        ] :sqflite_android:prepareDebugArtProfile (Thread[#37721,Execution worker,5,main]) started.
[        ] > Task :sqflite_android:prepareDebugArtProfile UP-TO-DATE
[        ] Caching disabled for task ':sqflite_android:prepareDebugArtProfile' because:
[        ]   Build cache is disabled
[        ]   Caching has been disabled for the task
[        ] Skipping task ':sqflite_android:prepareDebugArtProfile' as it is up-to-date.
[        ] Resolve mutations for :sqflite_android:prepareLintJarForPublish (Thread[#37721,Execution worker,5,main]) started.
[        ] :sqflite_android:prepareLintJarForPublish (Thread[#37721,Execution worker,5,main]) started.
[        ] > Task :sqflite_android:prepareLintJarForPublish UP-TO-DATE
[        ] Caching disabled for task ':sqflite_android:prepareLintJarForPublish' because:
[        ]   Build cache is disabled
[        ]   Caching has been disabled for the task
[        ] Skipping task ':sqflite_android:prepareLintJarForPublish' as it is up-to-date.
[        ] Resolve mutations for :sqflite_android:mergeDebugJavaResource (Thread[#37721,Execution worker,5,main]) started.
[        ] :sqflite_android:mergeDebugJavaResource (Thread[#37721,Execution worker,5,main]) started.
[        ] > Task :sqflite_android:mergeDebugJavaResource UP-TO-DATE
[        ] Caching disabled for task ':sqflite_android:mergeDebugJavaResource' because:
[        ]   Build cache is disabled
[        ]   Caching has been disabled for the task
[        ] Skipping task ':sqflite_android:mergeDebugJavaResource' as it is up-to-date.
[        ] Resolve mutations for :sqflite_android:syncDebugLibJars (Thread[#37721,Execution worker,5,main]) started.
[        ] :sqflite_android:syncDebugLibJars (Thread[#37721,Execution worker,5,main]) started.
[        ] > Task :sqflite_android:syncDebugLibJars UP-TO-DATE
[        ] Caching disabled for task ':sqflite_android:syncDebugLibJars' because:
[        ]   Build cache is disabled
[        ] Skipping task ':sqflite_android:syncDebugLibJars' as it is up-to-date.
[        ] Resolve mutations for :sqflite_android:bundleDebugAar (Thread[#37721,Execution worker,5,main]) started.
[        ] :sqflite_android:bundleDebugAar (Thread[#37721,Execution worker,5,main]) started.
[        ] > Task :sqflite_android:bundleDebugAar UP-TO-DATE
[        ] Caching disabled for task ':sqflite_android:bundleDebugAar' because:
[        ]   Build cache is disabled
[        ]   Caching has been disabled for the task
[        ] Skipping task ':sqflite_android:bundleDebugAar' as it is up-to-date.
[        ] Resolve mutations for :sqflite_android:assembleDebug (Thread[#37721,Execution worker,5,main]) started.
[        ] :sqflite_android:assembleDebug (Thread[#37721,Execution worker,5,main]) started.
[        ] > Task :sqflite_android:assembleDebug UP-TO-DATE
[        ] Skipping task ':sqflite_android:assembleDebug' as it has no actions.
[        ] Resolve mutations for :url_launcher_android:stripDebugDebugSymbols (Thread[#37721,Execution worker,5,main]) started.
[        ] :url_launcher_android:stripDebugDebugSymbols (Thread[#37721,Execution worker,5,main]) started.
[        ] > Task :url_launcher_android:stripDebugDebugSymbols NO-SOURCE
[        ] Skipping task ':url_launcher_android:stripDebugDebugSymbols' as it has no source files and no previous output files.
[        ] Resolve mutations for :url_launcher_android:copyDebugJniLibsProjectAndLocalJars (Thread[#37721,Execution worker,5,main]) started.
[        ] :url_launcher_android:copyDebugJniLibsProjectAndLocalJars (Thread[#37721,Execution worker,5,main]) started.
[        ] > Task :url_launcher_android:copyDebugJniLibsProjectAndLocalJars UP-TO-DATE
[        ] Caching disabled for task ':url_launcher_android:copyDebugJniLibsProjectAndLocalJars' because:
[        ]   Build cache is disabled
[        ]   Caching has been disabled for the task
[        ] Skipping task ':url_launcher_android:copyDebugJniLibsProjectAndLocalJars' as it is up-to-date.
[        ] Resolve mutations for :url_launcher_android:extractDebugAnnotations (Thread[#37721,Execution worker,5,main]) started.
[        ] :url_launcher_android:extractDebugAnnotations (Thread[#37721,Execution worker,5,main]) started.
[        ] > Task :url_launcher_android:extractDebugAnnotations UP-TO-DATE
[        ] Caching disabled for task ':url_launcher_android:extractDebugAnnotations' because:
[        ]   Build cache is disabled
[        ] Skipping task ':url_launcher_android:extractDebugAnnotations' as it is up-to-date.
[        ] Resolve mutations for :url_launcher_android:extractDeepLinksForAarDebug (Thread[#37721,Execution worker,5,main]) started.
[        ] :url_launcher_android:extractDeepLinksForAarDebug (Thread[#37721,Execution worker,5,main]) started.
[        ] > Task :url_launcher_android:extractDeepLinksForAarDebug UP-TO-DATE
[        ] Caching disabled for task ':url_launcher_android:extractDeepLinksForAarDebug' because:
[        ]   Build cache is disabled
[        ] Skipping task ':url_launcher_android:extractDeepLinksForAarDebug' as it is up-to-date.
[        ] Resolve mutations for :url_launcher_android:mergeDebugGeneratedProguardFiles (Thread[#37721,Execution worker,5,main]) started.
[        ] :url_launcher_android:mergeDebugGeneratedProguardFiles (Thread[#37721,Execution worker,5,main]) started.
[        ] > Task :url_launcher_android:mergeDebugGeneratedProguardFiles UP-TO-DATE
[        ] Caching disabled for task ':url_launcher_android:mergeDebugGeneratedProguardFiles' because:
[        ]   Build cache is disabled
[        ]   Simple merging task
[        ] Skipping task ':url_launcher_android:mergeDebugGeneratedProguardFiles' as it is up-to-date.
[        ] Resolve mutations for :url_launcher_android:mergeDebugConsumerProguardFiles (Thread[#37721,Execution worker,5,main]) started.
[        ] :url_launcher_android:mergeDebugConsumerProguardFiles (Thread[#37721,Execution worker,5,main]) started.
[        ] > Task :url_launcher_android:mergeDebugConsumerProguardFiles UP-TO-DATE
[        ] Caching disabled for task ':url_launcher_android:mergeDebugConsumerProguardFiles' because:
[        ]   Build cache is disabled
[        ]   Simple merging task
[        ] Skipping task ':url_launcher_android:mergeDebugConsumerProguardFiles' as it is up-to-date.
[        ] Resolve mutations for :url_launcher_android:prepareDebugArtProfile (Thread[#37721,Execution worker,5,main]) started.
[        ] :url_launcher_android:prepareDebugArtProfile (Thread[#37721,Execution worker,5,main]) started.
[        ] > Task :url_launcher_android:prepareDebugArtProfile UP-TO-DATE
[        ] Caching disabled for task ':url_launcher_android:prepareDebugArtProfile' because:
[        ]   Build cache is disabled
[        ]   Caching has been disabled for the task
[        ] Skipping task ':url_launcher_android:prepareDebugArtProfile' as it is up-to-date.
[        ] Resolve mutations for :url_launcher_android:prepareLintJarForPublish (Thread[#37721,Execution worker,5,main]) started.
[        ] :url_launcher_android:prepareLintJarForPublish (Thread[#37721,Execution worker,5,main]) started.
[        ] > Task :url_launcher_android:prepareLintJarForPublish UP-TO-DATE
[        ] Caching disabled for task ':url_launcher_android:prepareLintJarForPublish' because:
[        ]   Build cache is disabled
[        ]   Caching has been disabled for the task
[        ] Skipping task ':url_launcher_android:prepareLintJarForPublish' as it is up-to-date.
[        ] Resolve mutations for :url_launcher_android:mergeDebugJavaResource (Thread[#37721,Execution worker,5,main]) started.
[        ] :url_launcher_android:mergeDebugJavaResource (Thread[#37721,Execution worker,5,main]) started.
[        ] > Task :url_launcher_android:mergeDebugJavaResource UP-TO-DATE
[        ] Caching disabled for task ':url_launcher_android:mergeDebugJavaResource' because:
[        ]   Build cache is disabled
[        ]   Caching has been disabled for the task
[        ] Skipping task ':url_launcher_android:mergeDebugJavaResource' as it is up-to-date.
[        ] Resolve mutations for :url_launcher_android:syncDebugLibJars (Thread[#37721,Execution worker,5,main]) started.
[        ] :url_launcher_android:syncDebugLibJars (Thread[#37721,Execution worker,5,main]) started.
[        ] > Task :url_launcher_android:syncDebugLibJars UP-TO-DATE
[        ] Caching disabled for task ':url_launcher_android:syncDebugLibJars' because:
[        ]   Build cache is disabled
[        ] Skipping task ':url_launcher_android:syncDebugLibJars' as it is up-to-date.
[        ] Resolve mutations for :url_launcher_android:bundleDebugAar (Thread[#37721,Execution worker,5,main]) started.
[        ] :url_launcher_android:bundleDebugAar (Thread[#37721,Execution worker,5,main]) started.
[        ] > Task :url_launcher_android:bundleDebugAar UP-TO-DATE
[        ] Caching disabled for task ':url_launcher_android:bundleDebugAar' because:
[        ]   Build cache is disabled
[        ]   Caching has been disabled for the task
[        ] Skipping task ':url_launcher_android:bundleDebugAar' as it is up-to-date.
[        ] Resolve mutations for :url_launcher_android:assembleDebug (Thread[#37721,Execution worker,5,main]) started.
[        ] :url_launcher_android:assembleDebug (Thread[#37721,Execution worker,5,main]) started.
[        ] > Task :url_launcher_android:assembleDebug UP-TO-DATE
[        ] Skipping task ':url_launcher_android:assembleDebug' as it has no actions.
[        ] Resolve mutations for :video_player_android:stripDebugDebugSymbols (Thread[#37721,Execution worker,5,main]) started.
[        ] :video_player_android:stripDebugDebugSymbols (Thread[#37721,Execution worker,5,main]) started.
[        ] > Task :video_player_android:stripDebugDebugSymbols NO-SOURCE
[        ] Skipping task ':video_player_android:stripDebugDebugSymbols' as it has no source files and no previous output files.
[        ] Resolve mutations for :video_player_android:copyDebugJniLibsProjectAndLocalJars (Thread[#37721,Execution worker,5,main]) started.
[        ] :video_player_android:copyDebugJniLibsProjectAndLocalJars (Thread[#37721,Execution worker,5,main]) started.
[        ] > Task :video_player_android:copyDebugJniLibsProjectAndLocalJars UP-TO-DATE
[        ] Caching disabled for task ':video_player_android:copyDebugJniLibsProjectAndLocalJars' because:
[        ]   Build cache is disabled
[        ]   Caching has been disabled for the task
[        ] Skipping task ':video_player_android:copyDebugJniLibsProjectAndLocalJars' as it is up-to-date.
[        ] Resolve mutations for :video_player_android:extractDebugAnnotations (Thread[#37721,Execution worker,5,main]) started.
[        ] :video_player_android:extractDebugAnnotations (Thread[#37721,Execution worker,5,main]) started.
[        ] > Task :video_player_android:extractDebugAnnotations UP-TO-DATE
[        ] Caching disabled for task ':video_player_android:extractDebugAnnotations' because:
[        ]   Build cache is disabled
[        ] Skipping task ':video_player_android:extractDebugAnnotations' as it is up-to-date.
[        ] Resolve mutations for :video_player_android:extractDeepLinksForAarDebug (Thread[#37721,Execution worker,5,main]) started.
[        ] :video_player_android:extractDeepLinksForAarDebug (Thread[#37721,Execution worker,5,main]) started.
[        ] > Task :video_player_android:extractDeepLinksForAarDebug UP-TO-DATE
[        ] Caching disabled for task ':video_player_android:extractDeepLinksForAarDebug' because:
[        ]   Build cache is disabled
[        ] Skipping task ':video_player_android:extractDeepLinksForAarDebug' as it is up-to-date.
[        ] Resolve mutations for :video_player_android:mergeDebugGeneratedProguardFiles (Thread[#37721,Execution worker,5,main]) started.
[        ] :video_player_android:mergeDebugGeneratedProguardFiles (Thread[#37721,Execution worker,5,main]) started.
[        ] > Task :video_player_android:mergeDebugGeneratedProguardFiles UP-TO-DATE
[        ] Caching disabled for task ':video_player_android:mergeDebugGeneratedProguardFiles' because:
[        ]   Build cache is disabled
[        ]   Simple merging task
[        ] Skipping task ':video_player_android:mergeDebugGeneratedProguardFiles' as it is up-to-date.
[        ] Resolve mutations for :video_player_android:mergeDebugConsumerProguardFiles (Thread[#37721,Execution worker,5,main]) started.
[        ] :video_player_android:mergeDebugConsumerProguardFiles (Thread[#37721,Execution worker,5,main]) started.
[        ] > Task :video_player_android:mergeDebugConsumerProguardFiles UP-TO-DATE
[        ] Caching disabled for task ':video_player_android:mergeDebugConsumerProguardFiles' because:
[        ]   Build cache is disabled
[        ]   Simple merging task
[        ] Skipping task ':video_player_android:mergeDebugConsumerProguardFiles' as it is up-to-date.
[        ] Resolve mutations for :video_player_android:prepareDebugArtProfile (Thread[#37721,Execution worker,5,main]) started.
[        ] :video_player_android:prepareDebugArtProfile (Thread[#37721,Execution worker,5,main]) started.
[        ] > Task :video_player_android:prepareDebugArtProfile UP-TO-DATE
[        ] Caching disabled for task ':video_player_android:prepareDebugArtProfile' because:
[        ]   Build cache is disabled
[        ]   Caching has been disabled for the task
[        ] Skipping task ':video_player_android:prepareDebugArtProfile' as it is up-to-date.
[        ] Resolve mutations for :video_player_android:prepareLintJarForPublish (Thread[#37721,Execution worker,5,main]) started.
[        ] :video_player_android:prepareLintJarForPublish (Thread[#37721,Execution worker,5,main]) started.
[        ] > Task :video_player_android:prepareLintJarForPublish UP-TO-DATE
[        ] Caching disabled for task ':video_player_android:prepareLintJarForPublish' because:
[        ]   Build cache is disabled
[        ]   Caching has been disabled for the task
[        ] Skipping task ':video_player_android:prepareLintJarForPublish' as it is up-to-date.
[        ] Resolve mutations for :video_player_android:mergeDebugJavaResource (Thread[#37721,Execution worker,5,main]) started.
[        ] :video_player_android:mergeDebugJavaResource (Thread[#37721,Execution worker,5,main]) started.
[        ] > Task :video_player_android:mergeDebugJavaResource UP-TO-DATE
[        ] Caching disabled for task ':video_player_android:mergeDebugJavaResource' because:
[        ]   Build cache is disabled
[        ]   Caching has been disabled for the task
[        ] Skipping task ':video_player_android:mergeDebugJavaResource' as it is up-to-date.
[        ] Resolve mutations for :video_player_android:syncDebugLibJars (Thread[#37721,Execution worker,5,main]) started.
[        ] :video_player_android:syncDebugLibJars (Thread[#37721,Execution worker,5,main]) started.
[        ] > Task :video_player_android:syncDebugLibJars UP-TO-DATE
[        ] Caching disabled for task ':video_player_android:syncDebugLibJars' because:
[        ]   Build cache is disabled
[        ] Skipping task ':video_player_android:syncDebugLibJars' as it is up-to-date.
[        ] Resolve mutations for :video_player_android:bundleDebugAar (Thread[#37721,Execution worker,5,main]) started.
[        ] :video_player_android:bundleDebugAar (Thread[#37721,Execution worker,5,main]) started.
[        ] > Task :video_player_android:bundleDebugAar UP-TO-DATE
[        ] Caching disabled for task ':video_player_android:bundleDebugAar' because:
[        ]   Build cache is disabled
[        ]   Caching has been disabled for the task
[        ] Skipping task ':video_player_android:bundleDebugAar' as it is up-to-date.
[        ] Resolve mutations for :video_player_android:assembleDebug (Thread[#37721,Execution worker,5,main]) started.
[        ] :video_player_android:assembleDebug (Thread[#37721,Execution worker,5,main]) started.
[        ] > Task :video_player_android:assembleDebug UP-TO-DATE
[        ] Skipping task ':video_player_android:assembleDebug' as it has no actions.
[ +287 ms] > Task :app:compressDebugAssets
[        ] Caching disabled for task ':app:compressDebugAssets' because:
[        ]   Build cache is disabled
[        ] Task ':app:compressDebugAssets' is not up-to-date because:
[        ]   Input property 'inputDirs' file /Users/florian/Code/substitution/build/app/intermediates/assets/debug/mergeDebugAssets/flutter_assets/kernel_blob.bin has changed.
[        ] Resolve mutations for :app:packageDebug (Thread[#37738,Execution worker Thread 17,5,main]) started.
[        ] :app:packageDebug (Thread[#37738,Execution worker Thread 17,5,main]) started.
02:18 +0 -6: loading /Users/florian/Code/substitution/integration_test/offline_test.dart                                                                                                               [ +309 ms] > Task :app:packageDebug
[        ] Custom actions are attached to task ':app:packageDebug'.
[        ] Caching disabled for task ':app:packageDebug' because:
[        ]   Build cache is disabled
[        ]   Caching has been disabled for the task
[        ] Task ':app:packageDebug' is not up-to-date because:
[        ]   Input property 'assets' file /Users/florian/Code/substitution/build/app/intermediates/compressed_assets/debug/compressDebugAssets/out/assets/flutter_assets/kernel_blob.bin.jar has changed.
[        ] Resolve mutations for :app:createDebugApkListingFileRedirect (Thread[#37738,Execution worker Thread 17,5,main]) started.
[        ] :app:createDebugApkListingFileRedirect (Thread[#37738,Execution worker Thread 17,5,main]) started.
[        ] > Task :app:createDebugApkListingFileRedirect UP-TO-DATE
[        ] Caching disabled for task ':app:createDebugApkListingFileRedirect' because:
[        ]   Build cache is disabled
[        ]   Caching has been disabled for the task
[        ] Skipping task ':app:createDebugApkListingFileRedirect' as it is up-to-date.
[        ] Resolve mutations for :app:assembleDebug (Thread[#37738,Execution worker Thread 17,5,main]) started.
[        ] :app:assembleDebug (Thread[#37738,Execution worker Thread 17,5,main]) started.
[  +45 ms] > Task :app:assembleDebug
[        ] Caching disabled for task ':app:assembleDebug' because:
[        ]   Build cache is disabled
[        ] Task ':app:assembleDebug' is not up-to-date because:
[        ]   Task has not declared any outputs despite executing actions.
[        ] [Incubating] Problems report is available at: file:///Users/florian/Code/substitution/build/reports/problems/problems-report.html
[        ] Deprecated Gradle features were used in this build, making it incompatible with Gradle 9.0.
[        ] You can use '--warning-mode all' to show the individual deprecation warnings and determine if they come from your own scripts or plugins.
[        ] For more on this, please refer to https://docs.gradle.org/8.12.1/userguide/command_line_interface.html#sec:command_line_warnings in the Gradle documentation.
[        ] BUILD SUCCESSFUL in 8s
[        ] 458 actionable tasks: 29 executed, 429 up-to-date
[        ] Watched directory hierarchies: [/opt/homebrew/share/flutter/packages/flutter_tools/gradle, /Users/florian/Code/substitution/android]
[  +15 ms] Running Gradle task 'assembleDebug'... (completed in 8,7s)
[   +7 ms] Calculate SHA1: LocalDirectory: '/Users/florian/Code/substitution/build/app/outputs/flutter-apk'/app-debug.apk
[+1032 ms] ✓ Built build/app/outputs/flutter-apk/app-debug.apk
[   +1 ms] executing: /Users/florian/Library/Android/sdk/build-tools/36.1.0/aapt dump xmltree /Users/florian/Code/substitution/build/app/outputs/flutter-apk/app-debug.apk AndroidManifest.xml
[  +13 ms] Exit code 0 from: /Users/florian/Library/Android/sdk/build-tools/36.1.0/aapt dump xmltree /Users/florian/Code/substitution/build/app/outputs/flutter-apk/app-debug.apk AndroidManifest.xml
[        ] N: android=http://schemas.android.com/apk/res/android
             E: manifest (line=2)
               A: android:versionCode(0x0101021b)=(type 0x10)0x7
               A: android:versionName(0x0101021c)="1.0.0" (Raw: "1.0.0")
               A: android:compileSdkVersion(0x01010572)=(type 0x10)0x24
               A: android:compileSdkVersionCodename(0x01010573)="16" (Raw: "16")
               A: package="art.substitution.substitution" (Raw: "art.substitution.substitution")
               A: platformBuildVersionCode=(type 0x10)0x24
               A: platformBuildVersionName=(type 0x10)0x10
               E: uses-sdk (line=7)
                 A: android:minSdkVersion(0x0101020c)=(type 0x10)0x18
                 A: android:targetSdkVersion(0x01010270)=(type 0x10)0x22
               E: uses-permission (line=15)
                 A: android:name(0x01010003)="android.permission.INTERNET" (Raw: "android.permission.INTERNET")
               E: uses-permission (line=16)
                 A: android:name(0x01010003)="android.permission.ACCESS_NETWORK_STATE" (Raw: "android.permission.ACCESS_NETWORK_STATE")
               E: permission (line=18)
                 A: android:name(0x01010003)="art.substitution.substitution.DYNAMIC_RECEIVER_NOT_EXPORTED_PERMISSION" (Raw: "art.substitution.substitution.DYNAMIC_RECEIVER_NOT_EXPORTED_PERMISSION")
                 A: android:protectionLevel(0x01010009)=(type 0x11)0x2
               E: uses-permission (line=22)
                 A: android:name(0x01010003)="art.substitution.substitution.DYNAMIC_RECEIVER_NOT_EXPORTED_PERMISSION" (Raw: "art.substitution.substitution.DYNAMIC_RECEIVER_NOT_EXPORTED_PERMISSION")
               E: application (line=24)
                 A: android:label(0x01010001)="substitution" (Raw: "substitution")
                 A: android:icon(0x01010002)=@0x7f0c0000
                 A: android:name(0x01010003)="android.app.Application" (Raw: "android.app.Application")
                 A: android:debuggable(0x0101000f)=(type 0x12)0xffffffff
                 A: android:extractNativeLibs(0x010104ea)=(type 0x12)0x0
                 A: android:appComponentFactory(0x0101057a)="androidx.core.app.CoreComponentFactory" (Raw: "androidx.core.app.CoreComponentFactory")
                 E: activity (line=31)
                   A: android:theme(0x01010000)=@0x7f0e00a2
                   A: android:name(0x01010003)="art.substitution.substitution.MainActivity" (Raw: "art.substitution.substitution.MainActivity")
                   A: android:exported(0x01010010)=(type 0x12)0xffffffff
                   A: android:launchMode(0x0101001d)=(type 0x10)0x1
                   A: android:configChanges(0x0101001f)=(type 0x11)0x40003fb4
                   A: android:windowSoftInputMode(0x0101022b)=(type 0x11)0x10
                   A: android:hardwareAccelerated(0x010102d3)=(type 0x12)0xffffffff
                   E: meta-data (line=46)
                     A: android:name(0x01010003)="io.flutter.embedding.android.NormalTheme" (Raw: "io.flutter.embedding.android.NormalTheme")
                     A: android:resource(0x01010025)=@0x7f0e00a3
                   E: intent-filter (line=50)
                     E: action (line=51)
                       A: android:name(0x01010003)="android.intent.action.MAIN" (Raw: "android.intent.action.MAIN")
                     E: category (line=53)
                       A: android:name(0x01010003)="android.intent.category.LAUNCHER" (Raw: "android.intent.category.LAUNCHER")
                   E: intent-filter (line=56)
                     E: action (line=57)
                       A: android:name(0x01010003)="android.intent.action.VIEW" (Raw: "android.intent.action.VIEW")
                     E: category (line=59)
                       A: android:name(0x01010003)="android.intent.category.DEFAULT" (Raw: "android.intent.category.DEFAULT")
                     E: category (line=60)
                       A: android:name(0x01010003)="android.intent.category.BROWSABLE" (Raw: "android.intent.category.BROWSABLE")
                     E: data (line=62)
                       A: android:scheme(0x01010027)="substitution" (Raw: "substitution")
                       A: android:host(0x01010028)="auth" (Raw: "auth")
                       A: android:pathPrefix(0x0101002b)="/login-callback" (Raw: "/login-callback")
                 E: meta-data (line=72)
                   A: android:name(0x01010003)="flutterEmbedding" (Raw: "flutterEmbedding")
                   A: android:value(0x01010024)=(type 0x10)0x2
                 E: activity (line=76)
                   A: android:theme(0x01010000)=@0x01030007
                   A: android:name(0x01010003)="io.flutter.plugins.urllauncher.WebViewActivity" (Raw: "io.flutter.plugins.urllauncher.WebViewActivity")
                   A: android:exported(0x01010010)=(type 0x12)0x0
                 E: uses-library (line=81)
                   A: android:name(0x01010003)="androidx.window.extensions" (Raw: "androidx.window.extensions")
                   A: android:required(0x0101028e)=(type 0x12)0x0
                 E: uses-library (line=84)
                   A: android:name(0x01010003)="androidx.window.sidecar" (Raw: "androidx.window.sidecar")
                   A: android:required(0x0101028e)=(type 0x12)0x0
                 E: provider (line=88)
                   A: android:name(0x01010003)="androidx.startup.InitializationProvider" (Raw: "androidx.startup.InitializationProvider")
                   A: android:exported(0x01010010)=(type 0x12)0x0
                   A: android:authorities(0x01010018)="art.substitution.substitution.androidx-startup" (Raw: "art.substitution.substitution.androidx-startup")
                   E: meta-data (line=92)
                     A: android:name(0x01010003)="androidx.lifecycle.ProcessLifecycleInitializer" (Raw: "androidx.lifecycle.ProcessLifecycleInitializer")
                     A: android:value(0x01010024)="androidx.startup" (Raw: "androidx.startup")
                   E: meta-data (line=95)
                     A: android:name(0x01010003)="androidx.profileinstaller.ProfileInstallerInitializer" (Raw: "androidx.profileinstaller.ProfileInstallerInitializer")
                     A: android:value(0x01010024)="androidx.startup" (Raw: "androidx.startup")
                 E: receiver (line=100)
                   A: android:name(0x01010003)="androidx.profileinstaller.ProfileInstallReceiver" (Raw: "androidx.profileinstaller.ProfileInstallReceiver")
                   A: android:permission(0x01010006)="android.permission.DUMP" (Raw: "android.permission.DUMP")
                   A: android:enabled(0x0101000e)=(type 0x12)0xffffffff
                   A: android:exported(0x01010010)=(type 0x12)0xffffffff
                   A: android:directBootAware(0x01010505)=(type 0x12)0x0
                   E: intent-filter (line=106)
                     E: action (line=107)
                       A: android:name(0x01010003)="androidx.profileinstaller.action.INSTALL_PROFILE" (Raw: "androidx.profileinstaller.action.INSTALL_PROFILE")
                   E: intent-filter (line=109)
                     E: action (line=110)
                       A: android:name(0x01010003)="androidx.profileinstaller.action.SKIP_FILE" (Raw: "androidx.profileinstaller.action.SKIP_FILE")
                   E: intent-filter (line=112)
                     E: action (line=113)
                       A: android:name(0x01010003)="androidx.profileinstaller.action.SAVE_PROFILE" (Raw: "androidx.profileinstaller.action.SAVE_PROFILE")
                   E: intent-filter (line=115)
                     E: action (line=116)
                       A: android:name(0x01010003)="androidx.profileinstaller.action.BENCHMARK_OPERATION" (Raw: "androidx.profileinstaller.action.BENCHMARK_OPERATION")
[        ] Stopping app 'app-debug.apk' on sdk gphone64 arm64.
[        ] executing: /Users/florian/Library/Android/sdk/platform-tools/adb -s emulator-5554 shell am force-stop art.substitution.substitution
02:19 +0 -6: loading /Users/florian/Code/substitution/integration_test/offline_test.dart                                                                                                               [  +22 ms] Installing APK.
[        ] Installing build/app/outputs/flutter-apk/app-debug.apk...
[        ] executing: /Users/florian/Library/Android/sdk/platform-tools/adb -s emulator-5554 install -t -r /Users/florian/Code/substitution/build/app/outputs/flutter-apk/app-debug.apk
[ +372 ms] Performing Streamed Install
           Success
[        ] Installing build/app/outputs/flutter-apk/app-debug.apk... (completed in 372ms)
[        ] executing: /Users/florian/Library/Android/sdk/platform-tools/adb -s emulator-5554 shell echo -n d86e2359f37bc7f6be46bef06c01345cd3348d04 > /data/local/tmp/sky.art.substitution.substitution.sha1
[  +20 ms] executing: /Users/florian/Library/Android/sdk/platform-tools/adb -s emulator-5554 shell -x logcat -v time -t 1
[ +125 ms] --------- beginning of main
           02-16 23:57:10.878 W/SignedPackage(  668): Package doesn't have required signing certificate: com.google.android.apps.work.clouddpc
[   +3 ms] executing: /Users/florian/Library/Android/sdk/platform-tools/adb -s emulator-5554 shell am start -a android.intent.action.MAIN -c android.intent.category.LAUNCHER -f 0x20000000 --ez enable-dart-profiling true --ez enable-checked-mode true --ez verify-entry-points true art.substitution.substitution/art.substitution.substitution.MainActivity
[ +129 ms] Starting: Intent { act=android.intent.action.MAIN cat=[android.intent.category.LAUNCHER] flg=0x20000000 cmp=art.substitution.substitution/.MainActivity (has extras) }
[        ] Waiting for VM Service port to be available...
02:20 +0 -6: loading /Users/florian/Code/substitution/integration_test/offline_test.dart                                                                                                               02:21 +0 -6: loading /Users/florian/Code/substitution/integration_test/offline_test.dart                                                                                                               [+1858 ms] VM Service URL on device: http://127.0.0.1:39565/uPZesmJhYS4=/
[        ] executing: /Users/florian/Library/Android/sdk/platform-tools/adb -s emulator-5554 forward tcp:0 tcp:39565
[  +14 ms] 54451
[        ] Forwarded host port 54451 to device port 39565 for VM Service
[        ] test 1: Starting Dart Development Service
[        ] Launching a Dart Developer Service (DDS) instance at http://127.0.0.1:0, connecting to VM service at http://127.0.0.1:54451/uPZesmJhYS4=/.
[ +162 ms] test 1: Dart Development Service started at http://127.0.0.1:54454/9X8uPlB8guI=/, forwarding to VM service at http://127.0.0.1:54451/uPZesmJhYS4=/.
[        ] test 1: Connecting to vm service
[        ] test 1: VM Service uri is available at http://127.0.0.1:54454/9X8uPlB8guI=/
[   +4 ms] test 1: Finding the correct isolate with the integration test service extension
02:22 +0 -6: loading /Users/florian/Code/substitution/integration_test/offline_test.dart                                                                                                               [  +49 ms] test 1: connected to test device, now awaiting test result
[        ] test 1: Waiting for test harness or tests to finish
02:22 +0 -6: loading /Users/florian/Code/substitution/integration_test/offline_test.dart                                                                                                               
Warning: A tag was used that wasn't specified in dart_test.yaml.
  integration was used in the suite itself

02:22 +0 -6: /Users/florian/Code/substitution/integration_test/offline_test.dart: ... Integration Tests Load feed online -> simulate offline -> cached posts visible -> back online -> refresh works   02:22 +1 -6: /Users/florian/Code/substitution/integration_test/offline_test.dart: ... Integration Tests Load feed online -> simulate offline -> cached posts visible -> back online -> refresh works   02:22 +1 -6: /Users/florian/Code/substitution/integration_test/offline_test.dart: (tearDownAll)                                                                                                        [ +411 ms] test 1: Test harness is no longer needed by test process
[        ] test 1: finished
[        ] test 1: cleaning up...
[        ] test 1: ensuring test device is terminated.
[        ] executing: /Users/florian/Library/Android/sdk/platform-tools/adb -s emulator-5554 shell am force-stop art.substitution.substitution
[        ] test 1: Test process is no longer needed by test harness
[ +114 ms] executing: /Users/florian/Library/Android/sdk/platform-tools/adb -s emulator-5554 uninstall art.substitution.substitution
[ +132 ms] Success
[        ] test 1: deleting temporary directory
[        ] test 1: finished
02:22 +1 -6: loading /Users/florian/Code/substitution/integration_test/room_feed_with_matrix_test.dart                                                                                                 [        ] test 2: starting test /Users/florian/Code/substitution/integration_test/room_feed_with_matrix_test.dart
[        ] Stopping scan for flutter_test_config.dart; found project root at /Users/florian/Code/substitution
[        ] test 2: starting test device
[        ] test 2: awaiting connection to test device
[   +1 ms] executing: /Users/florian/Library/Android/sdk/build-tools/36.1.0/aapt dump xmltree /Users/florian/Code/substitution/build/app/outputs/flutter-apk/app-debug.apk AndroidManifest.xml
[  +10 ms] Exit code 0 from: /Users/florian/Library/Android/sdk/build-tools/36.1.0/aapt dump xmltree /Users/florian/Code/substitution/build/app/outputs/flutter-apk/app-debug.apk AndroidManifest.xml
[        ] N: android=http://schemas.android.com/apk/res/android
             E: manifest (line=2)
               A: android:versionCode(0x0101021b)=(type 0x10)0x7
               A: android:versionName(0x0101021c)="1.0.0" (Raw: "1.0.0")
               A: android:compileSdkVersion(0x01010572)=(type 0x10)0x24
               A: android:compileSdkVersionCodename(0x01010573)="16" (Raw: "16")
               A: package="art.substitution.substitution" (Raw: "art.substitution.substitution")
               A: platformBuildVersionCode=(type 0x10)0x24
               A: platformBuildVersionName=(type 0x10)0x10
               E: uses-sdk (line=7)
                 A: android:minSdkVersion(0x0101020c)=(type 0x10)0x18
                 A: android:targetSdkVersion(0x01010270)=(type 0x10)0x22
               E: uses-permission (line=15)
                 A: android:name(0x01010003)="android.permission.INTERNET" (Raw: "android.permission.INTERNET")
               E: uses-permission (line=16)
                 A: android:name(0x01010003)="android.permission.ACCESS_NETWORK_STATE" (Raw: "android.permission.ACCESS_NETWORK_STATE")
               E: permission (line=18)
                 A: android:name(0x01010003)="art.substitution.substitution.DYNAMIC_RECEIVER_NOT_EXPORTED_PERMISSION" (Raw: "art.substitution.substitution.DYNAMIC_RECEIVER_NOT_EXPORTED_PERMISSION")
                 A: android:protectionLevel(0x01010009)=(type 0x11)0x2
               E: uses-permission (line=22)
                 A: android:name(0x01010003)="art.substitution.substitution.DYNAMIC_RECEIVER_NOT_EXPORTED_PERMISSION" (Raw: "art.substitution.substitution.DYNAMIC_RECEIVER_NOT_EXPORTED_PERMISSION")
               E: application (line=24)
                 A: android:label(0x01010001)="substitution" (Raw: "substitution")
                 A: android:icon(0x01010002)=@0x7f0c0000
                 A: android:name(0x01010003)="android.app.Application" (Raw: "android.app.Application")
                 A: android:debuggable(0x0101000f)=(type 0x12)0xffffffff
                 A: android:extractNativeLibs(0x010104ea)=(type 0x12)0x0
                 A: android:appComponentFactory(0x0101057a)="androidx.core.app.CoreComponentFactory" (Raw: "androidx.core.app.CoreComponentFactory")
                 E: activity (line=31)
                   A: android:theme(0x01010000)=@0x7f0e00a2
                   A: android:name(0x01010003)="art.substitution.substitution.MainActivity" (Raw: "art.substitution.substitution.MainActivity")
                   A: android:exported(0x01010010)=(type 0x12)0xffffffff
                   A: android:launchMode(0x0101001d)=(type 0x10)0x1
                   A: android:configChanges(0x0101001f)=(type 0x11)0x40003fb4
                   A: android:windowSoftInputMode(0x0101022b)=(type 0x11)0x10
                   A: android:hardwareAccelerated(0x010102d3)=(type 0x12)0xffffffff
                   E: meta-data (line=46)
                     A: android:name(0x01010003)="io.flutter.embedding.android.NormalTheme" (Raw: "io.flutter.embedding.android.NormalTheme")
                     A: android:resource(0x01010025)=@0x7f0e00a3
                   E: intent-filter (line=50)
                     E: action (line=51)
                       A: android:name(0x01010003)="android.intent.action.MAIN" (Raw: "android.intent.action.MAIN")
                     E: category (line=53)
                       A: android:name(0x01010003)="android.intent.category.LAUNCHER" (Raw: "android.intent.category.LAUNCHER")
                   E: intent-filter (line=56)
                     E: action (line=57)
                       A: android:name(0x01010003)="android.intent.action.VIEW" (Raw: "android.intent.action.VIEW")
                     E: category (line=59)
                       A: android:name(0x01010003)="android.intent.category.DEFAULT" (Raw: "android.intent.category.DEFAULT")
                     E: category (line=60)
                       A: android:name(0x01010003)="android.intent.category.BROWSABLE" (Raw: "android.intent.category.BROWSABLE")
                     E: data (line=62)
                       A: android:scheme(0x01010027)="substitution" (Raw: "substitution")
                       A: android:host(0x01010028)="auth" (Raw: "auth")
                       A: android:pathPrefix(0x0101002b)="/login-callback" (Raw: "/login-callback")
                 E: meta-data (line=72)
                   A: android:name(0x01010003)="flutterEmbedding" (Raw: "flutterEmbedding")
                   A: android:value(0x01010024)=(type 0x10)0x2
                 E: activity (line=76)
                   A: android:theme(0x01010000)=@0x01030007
                   A: android:name(0x01010003)="io.flutter.plugins.urllauncher.WebViewActivity" (Raw: "io.flutter.plugins.urllauncher.WebViewActivity")
                   A: android:exported(0x01010010)=(type 0x12)0x0
                 E: uses-library (line=81)
                   A: android:name(0x01010003)="androidx.window.extensions" (Raw: "androidx.window.extensions")
                   A: android:required(0x0101028e)=(type 0x12)0x0
                 E: uses-library (line=84)
                   A: android:name(0x01010003)="androidx.window.sidecar" (Raw: "androidx.window.sidecar")
                   A: android:required(0x0101028e)=(type 0x12)0x0
                 E: provider (line=88)
                   A: android:name(0x01010003)="androidx.startup.InitializationProvider" (Raw: "androidx.startup.InitializationProvider")
                   A: android:exported(0x01010010)=(type 0x12)0x0
                   A: android:authorities(0x01010018)="art.substitution.substitution.androidx-startup" (Raw: "art.substitution.substitution.androidx-startup")
                   E: meta-data (line=92)
                     A: android:name(0x01010003)="androidx.lifecycle.ProcessLifecycleInitializer" (Raw: "androidx.lifecycle.ProcessLifecycleInitializer")
                     A: android:value(0x01010024)="androidx.startup" (Raw: "androidx.startup")
                   E: meta-data (line=95)
                     A: android:name(0x01010003)="androidx.profileinstaller.ProfileInstallerInitializer" (Raw: "androidx.profileinstaller.ProfileInstallerInitializer")
                     A: android:value(0x01010024)="androidx.startup" (Raw: "androidx.startup")
                 E: receiver (line=100)
                   A: android:name(0x01010003)="androidx.profileinstaller.ProfileInstallReceiver" (Raw: "androidx.profileinstaller.ProfileInstallReceiver")
                   A: android:permission(0x01010006)="android.permission.DUMP" (Raw: "android.permission.DUMP")
                   A: android:enabled(0x0101000e)=(type 0x12)0xffffffff
                   A: android:exported(0x01010010)=(type 0x12)0xffffffff
                   A: android:directBootAware(0x01010505)=(type 0x12)0x0
                   E: intent-filter (line=106)
                     E: action (line=107)
                       A: android:name(0x01010003)="androidx.profileinstaller.action.INSTALL_PROFILE" (Raw: "androidx.profileinstaller.action.INSTALL_PROFILE")
                   E: intent-filter (line=109)
                     E: action (line=110)
                       A: android:name(0x01010003)="androidx.profileinstaller.action.SKIP_FILE" (Raw: "androidx.profileinstaller.action.SKIP_FILE")
                   E: intent-filter (line=112)
                     E: action (line=113)
                       A: android:name(0x01010003)="androidx.profileinstaller.action.SAVE_PROFILE" (Raw: "androidx.profileinstaller.action.SAVE_PROFILE")
                   E: intent-filter (line=115)
                     E: action (line=116)
                       A: android:name(0x01010003)="androidx.profileinstaller.action.BENCHMARK_OPERATION" (Raw: "androidx.profileinstaller.action.BENCHMARK_OPERATION")
[        ] Building APK
[        ] Version of Java is different than impacted version, no migration attempted.
[        ] CMake project not found, skipping support Android 15 16k page size migration.
[        ] Using gradle from /Users/florian/Code/substitution/android/gradlew.
[   +5 ms] LocalFile: '/Users/florian/Code/substitution/android/build.gradle' provides AGP version from classpath: 8.6.0
[  +10 ms] Running Gradle task 'assembleDebug'...
[        ] executing: [/Users/florian/Code/substitution/android/] /Users/florian/Code/substitution/android/gradlew --full-stacktrace --info -Pverbose=true -PskipDependencyChecks=true -Ptarget-platform=android-arm64 -Ptarget=/var/folders/l_/w8pnbb9d38n57pzg9j98fmy80000gn/T/flutter_tools.wuOse9/flutter_test_listener.duwr9f/listener.dart -Pbase-application-name=android.app.Application -Pdart-defines=TUFUUklYX1NFUlZFUj1odHRwOi8vbG9jYWxob3N0OjgwMDg=,TUFUUklYX1RFU1RfVVNFUj0=,TUFUUklYX1RFU1RfUEFTU1dPUkQ9,RkxVVFRFUl9WRVJTSU9OPTMuMzguOQ==,RkxVVFRFUl9DSEFOTkVMPXN0YWJsZQ==,RkxVVFRFUl9HSVRfVVJMPWh0dHBzOi8vZ2l0aHViLmNvbS9mbHV0dGVyL2ZsdXR0ZXIuZ2l0,RkxVVFRFUl9GUkFNRVdPUktfUkVWSVNJT049NjczMjNkZTI4NQ==,RkxVVFRFUl9FTkdJTkVfUkVWSVNJT049NTg3YzE4Zjg3Mw==,RkxVVFRFUl9EQVJUX1ZFUlNJT049My4xMC44,SU5URUdSQVRJT05fVEVTVF9TSE9VTERfUkVQT1JUX1JFU1VMVFNfVE9fTkFUSVZFPWZhbHNl -Pdart-obfuscation=false -Ptrack-widget-creation=true -Ptree-shake-icons=false assembleDebug
02:23 +1 -6: loading /Users/florian/Code/substitution/integration_test/room_feed_with_matrix_test.dart                                                                                                 [ +283 ms] Initialized native services in: /Users/florian/.gradle/native
[        ] Initialized jansi services in: /Users/florian/.gradle/native
[ +207 ms] The client will now receive all logging from the daemon (pid: 43439). The daemon log file: /Users/florian/.gradle/daemon/8.12.1/daemon-43439.out.log
[        ] Starting 95th build in daemon [uptime: 2 hrs 0 mins 12.343 secs, performance: 100%, GC rate: 0.00/s, heap usage: 0% of 4 GiB]
[        ] Using 32 worker leases.
[        ] Now considering [/Users/florian/Code/substitution/android, /opt/homebrew/share/flutter/packages/flutter_tools/gradle] as hierarchies to watch
[        ] Watching the file system is configured to be enabled if available
[        ] File system watching is active
[        ] Starting Build
[        ] Now considering [/opt/homebrew/share/flutter/packages/flutter_tools/gradle, /Users/florian/Code/substitution/android] as hierarchies to watch
[        ] > Configure project :gradle
[        ] Evaluating project ':gradle' using build file '/opt/homebrew/share/flutter/packages/flutter_tools/gradle/build.gradle.kts'.
[        ] Resolved plugin [id: 'org.gradle.java-gradle-plugin']
[        ] Resolved plugin [id: 'org.gradle.groovy']
[        ] Resolved plugin [id: 'org.gradle.kotlin.kotlin-dsl', version: '5.1.2']
[        ] Resolved plugin [id: 'org.jetbrains.kotlin.jvm', version: '1.9.20']
[        ] Using Kotlin Gradle Plugin gradle85 variant
[        ] kotlin scripting plugin: created the scripting discovery configuration: kotlinScriptDef
[        ] kotlin scripting plugin: created the scripting discovery configuration: testKotlinScriptDef
[        ] file or directory '/opt/homebrew/share/flutter/packages/flutter_tools/gradle/src/main/java', not found
[        ] Resolved plugin [id: 'dev.flutter.flutter-plugin-loader', version: '1.0.0']
[        ] Resolved plugin [id: 'com.android.application', version: '8.9.1', apply: false]
[        ] Resolved plugin [id: 'org.jetbrains.kotlin.android', version: '2.1.0', apply: false]
[        ] Resolve mutations for :gradle:checkKotlinGradlePluginConfigurationErrors (Thread[#38138,Execution worker,5,main]) started.
[        ] :gradle:checkKotlinGradlePluginConfigurationErrors (Thread[#38138,Execution worker,5,main]) started.
[        ] > Task :gradle:checkKotlinGradlePluginConfigurationErrors SKIPPED
[        ] Skipping task ':gradle:checkKotlinGradlePluginConfigurationErrors' as task onlyIf 'errorDiagnostics are present' is false.
[        ] Resolve mutations for :gradle:compileKotlin (Thread[#38138,Execution worker,5,main]) started.
[        ] :gradle:compileKotlin (Thread[#38138,Execution worker,5,main]) started.
[        ] > Task :gradle:compileKotlin UP-TO-DATE
[        ] Caching disabled for task ':gradle:compileKotlin' because:
[        ]   Build cache is disabled
[        ] Skipping task ':gradle:compileKotlin' as it is up-to-date.
[        ] Resolve mutations for :gradle:compileJava (Thread[#38138,Execution worker,5,main]) started.
[        ] :gradle:compileJava (Thread[#38138,Execution worker,5,main]) started.
[        ] > Task :gradle:compileJava NO-SOURCE
[        ] Skipping task ':gradle:compileJava' as it has no source files and no previous output files.
[        ] Resolve mutations for :gradle:compileGroovy (Thread[#38138,Execution worker,5,main]) started.
[        ] :gradle:compileGroovy (Thread[#38138,Execution worker,5,main]) started.
[        ] > Task :gradle:compileGroovy NO-SOURCE
[        ] Skipping task ':gradle:compileGroovy' as it has no source files and no previous output files.
[        ] Resolve mutations for :gradle:pluginDescriptors (Thread[#38138,Execution worker,5,main]) started.
[        ] :gradle:pluginDescriptors (Thread[#38138,Execution worker,5,main]) started.
[        ] > Task :gradle:pluginDescriptors UP-TO-DATE
[        ] Caching disabled for task ':gradle:pluginDescriptors' because:
[        ]   Build cache is disabled
[        ]   Not worth caching
[        ] Skipping task ':gradle:pluginDescriptors' as it is up-to-date.
[        ] Resolve mutations for :gradle:processResources (Thread[#38138,Execution worker,5,main]) started.
[        ] :gradle:processResources (Thread[#38138,Execution worker,5,main]) started.
[        ] > Task :gradle:processResources UP-TO-DATE
[        ] Caching disabled for task ':gradle:processResources' because:
[        ]   Build cache is disabled
[        ]   Not worth caching
[        ] Skipping task ':gradle:processResources' as it is up-to-date.
[        ] Resolve mutations for :gradle:classes (Thread[#38138,Execution worker,5,main]) started.
[        ] :gradle:classes (Thread[#38138,Execution worker,5,main]) started.
[        ] > Task :gradle:classes UP-TO-DATE
[        ] Skipping task ':gradle:classes' as it has no actions.
[        ] Resolve mutations for :gradle:jar (Thread[#38138,Execution worker,5,main]) started.
[        ] :gradle:jar (Thread[#38138,Execution worker,5,main]) started.
[        ] > Task :gradle:jar UP-TO-DATE
[        ] Caching disabled for task ':gradle:jar' because:
[        ]   Build cache is disabled
[        ]   Not worth caching
[        ] Skipping task ':gradle:jar' as it is up-to-date.
[ +103 ms] Settings evaluated using settings file '/Users/florian/Code/substitution/android/settings.gradle'.
[        ] Projects loaded. Root project using build file '/Users/florian/Code/substitution/android/build.gradle'.
[        ] Included projects: [root project 'android', project ':app', project ':connectivity_plus', project ':emoji_picker_flutter', project ':file_selector_android', project ':flutter_keyboard_visibility_temp_fork', project ':flutter_native_splash', project ':flutter_olm', project ':flutter_openssl_crypto', project ':integration_test', project ':path_provider_android', project ':quill_native_bridge_android', project ':shared_preferences_android', project ':sqflite_android', project ':url_launcher_android', project ':video_player_android']
[        ] > Configure project :app
[        ] Evaluating project ':app' using build file '/Users/florian/Code/substitution/android/app/build.gradle'.
[        ] Resolved plugin [id: 'com.android.application']
[        ] Resolved plugin [id: 'kotlin-android']
[        ] Resolved plugin [id: 'dev.flutter.flutter-gradle-plugin']
[        ] Using default execution profile
[        ] Using Kotlin Gradle Plugin gradle85 variant
[        ] C/C++: android.ndkVersion from module build.gradle is [28.2.13676358]
[        ] C/C++: android.ndkPath from module build.gradle is not set
[        ] C/C++: ndk.dir in local.properties is not set
[        ] C/C++: Not considering ANDROID_NDK_HOME because support was removed after deprecation period.
[        ] C/C++: sdkFolder is /Users/florian/Library/Android/sdk
[        ] C/C++: android.ndkVersion from module build.gradle is [28.2.13676358]
[        ] C/C++: android.ndkPath from module build.gradle is not set
[        ] C/C++: ndk.dir in local.properties is not set
[        ] C/C++: Not considering ANDROID_NDK_HOME because support was removed after deprecation period.
[        ] C/C++: sdkFolder is /Users/florian/Library/Android/sdk
[        ] C/C++: android.ndkVersion from module build.gradle is [28.2.13676358]
[        ] C/C++: android.ndkPath from module build.gradle is not set
[        ] C/C++: ndk.dir in local.properties is not set
[        ] C/C++: Not considering ANDROID_NDK_HOME because support was removed after deprecation period.
[        ] C/C++: sdkFolder is /Users/florian/Library/Android/sdk
[        ] C/C++: android.ndkVersion from module build.gradle is [28.2.13676358]
[        ] C/C++: android.ndkPath from module build.gradle is not set
[        ] C/C++: ndk.dir in local.properties is not set
[        ] C/C++: Not considering ANDROID_NDK_HOME because support was removed after deprecation period.
[        ] C/C++: sdkFolder is /Users/florian/Library/Android/sdk
[        ] C/C++: android.ndkVersion from module build.gradle is [28.2.13676358]
[        ] C/C++: android.ndkPath from module build.gradle is not set
[        ] C/C++: ndk.dir in local.properties is not set
[        ] C/C++: Not considering ANDROID_NDK_HOME because support was removed after deprecation period.
[        ] C/C++: sdkFolder is /Users/florian/Library/Android/sdk
[        ] C/C++: android.ndkVersion from module build.gradle is [28.2.13676358]
[        ] C/C++: android.ndkPath from module build.gradle is not set
[        ] C/C++: ndk.dir in local.properties is not set
[        ] C/C++: Not considering ANDROID_NDK_HOME because support was removed after deprecation period.
[        ] C/C++: sdkFolder is /Users/florian/Library/Android/sdk
[        ] C/C++: android.ndkVersion from module build.gradle is [28.2.13676358]
[        ] C/C++: android.ndkPath from module build.gradle is not set
[        ] C/C++: ndk.dir in local.properties is not set
[        ] C/C++: Not considering ANDROID_NDK_HOME because support was removed after deprecation period.
[        ] C/C++: sdkFolder is /Users/florian/Library/Android/sdk
[        ] C/C++: android.ndkVersion from module build.gradle is [28.2.13676358]
[        ] C/C++: android.ndkPath from module build.gradle is not set
[        ] C/C++: ndk.dir in local.properties is not set
[        ] C/C++: Not considering ANDROID_NDK_HOME because support was removed after deprecation period.
[        ] C/C++: sdkFolder is /Users/florian/Library/Android/sdk
[        ] C/C++: android.ndkVersion from module build.gradle is [28.2.13676358]
[        ] C/C++: android.ndkPath from module build.gradle is not set
[        ] C/C++: ndk.dir in local.properties is not set
[        ] C/C++: Not considering ANDROID_NDK_HOME because support was removed after deprecation period.
[        ] C/C++: sdkFolder is /Users/florian/Library/Android/sdk
[        ] C/C++: android.ndkVersion from module build.gradle is [28.2.13676358]
[        ] C/C++: android.ndkPath from module build.gradle is not set
[        ] C/C++: ndk.dir in local.properties is not set
[        ] C/C++: Not considering ANDROID_NDK_HOME because support was removed after deprecation period.
[        ] C/C++: sdkFolder is /Users/florian/Library/Android/sdk
[        ] C/C++: android.ndkVersion from module build.gradle is [28.2.13676358]
[        ] C/C++: android.ndkPath from module build.gradle is not set
[        ] C/C++: ndk.dir in local.properties is not set
[        ] C/C++: Not considering ANDROID_NDK_HOME because support was removed after deprecation period.
[        ] C/C++: sdkFolder is /Users/florian/Library/Android/sdk
[        ] C/C++: android.ndkVersion from module build.gradle is [28.2.13676358]
[        ] C/C++: android.ndkPath from module build.gradle is not set
[        ] C/C++: ndk.dir in local.properties is not set
[        ] C/C++: Not considering ANDROID_NDK_HOME because support was removed after deprecation period.
[        ] C/C++: sdkFolder is /Users/florian/Library/Android/sdk
[        ] C/C++: android.ndkVersion from module build.gradle is [28.2.13676358]
[        ] C/C++: android.ndkPath from module build.gradle is not set
[        ] C/C++: ndk.dir in local.properties is not set
[        ] C/C++: Not considering ANDROID_NDK_HOME because support was removed after deprecation period.
[        ] C/C++: sdkFolder is /Users/florian/Library/Android/sdk
[        ] C/C++: android.ndkVersion from module build.gradle is [28.2.13676358]
[        ] C/C++: android.ndkPath from module build.gradle is not set
[        ] C/C++: ndk.dir in local.properties is not set
[        ] C/C++: Not considering ANDROID_NDK_HOME because support was removed after deprecation period.
[        ] C/C++: sdkFolder is /Users/florian/Library/Android/sdk
[        ] C/C++: android.ndkVersion from module build.gradle is [28.2.13676358]
[        ] C/C++: android.ndkPath from module build.gradle is not set
[        ] C/C++: ndk.dir in local.properties is not set
[        ] C/C++: Not considering ANDROID_NDK_HOME because support was removed after deprecation period.
[        ] C/C++: sdkFolder is /Users/florian/Library/Android/sdk
[        ] C/C++: android.ndkVersion from module build.gradle is [28.2.13676358]
[        ] C/C++: android.ndkPath from module build.gradle is not set
[        ] C/C++: ndk.dir in local.properties is not set
[        ] C/C++: Not considering ANDROID_NDK_HOME because support was removed after deprecation period.
[        ] C/C++: sdkFolder is /Users/florian/Library/Android/sdk
[        ] C/C++: android.ndkVersion from module build.gradle is [28.2.13676358]
[        ] C/C++: android.ndkPath from module build.gradle is not set
[        ] C/C++: ndk.dir in local.properties is not set
[        ] C/C++: Not considering ANDROID_NDK_HOME because support was removed after deprecation period.
[        ] C/C++: sdkFolder is /Users/florian/Library/Android/sdk
[        ] C/C++: android.ndkVersion from module build.gradle is [28.2.13676358]
[        ] C/C++: android.ndkPath from module build.gradle is not set
[        ] C/C++: ndk.dir in local.properties is not set
[        ] C/C++: Not considering ANDROID_NDK_HOME because support was removed after deprecation period.
[        ] C/C++: sdkFolder is /Users/florian/Library/Android/sdk
[        ] C/C++: android.ndkVersion from module build.gradle is [28.2.13676358]
[        ] C/C++: android.ndkPath from module build.gradle is not set
[        ] C/C++: ndk.dir in local.properties is not set
[        ] C/C++: Not considering ANDROID_NDK_HOME because support was removed after deprecation period.
[        ] C/C++: sdkFolder is /Users/florian/Library/Android/sdk
[        ] > Configure project :
[        ] Evaluating root project 'android' using build file '/Users/florian/Code/substitution/android/build.gradle'.
[        ] > Configure project :connectivity_plus
[        ] Evaluating project ':connectivity_plus' using build file '/Users/florian/.pub-cache/hosted/pub.dev/connectivity_plus-5.0.2/android/build.gradle'.
[        ] Using default execution profile
[  +96 ms] > Configure project :emoji_picker_flutter
[        ] Evaluating project ':emoji_picker_flutter' using build file '/Users/florian/.pub-cache/hosted/pub.dev/emoji_picker_flutter-4.4.0/android/build.gradle'.
[        ] Using default execution profile
[        ] Using Kotlin Gradle Plugin gradle85 variant
[        ] > Configure project :file_selector_android
[        ] Evaluating project ':file_selector_android' using build file '/Users/florian/.pub-cache/hosted/pub.dev/file_selector_android-0.5.2+4/android/build.gradle'.
[        ] Using default execution profile
[        ] > Configure project :flutter_keyboard_visibility_temp_fork
[        ] Evaluating project ':flutter_keyboard_visibility_temp_fork' using build file '/Users/florian/.pub-cache/hosted/pub.dev/flutter_keyboard_visibility_temp_fork-0.1.5/android/build.gradle'.
[        ] Using default execution profile
[        ] > Configure project :flutter_native_splash
[        ] Evaluating project ':flutter_native_splash' using build file '/Users/florian/.pub-cache/hosted/pub.dev/flutter_native_splash-2.4.7/android/build.gradle'.
[        ] Using default execution profile
[  +99 ms] > Configure project :flutter_olm
[        ] Evaluating project ':flutter_olm' using build file '/Users/florian/.pub-cache/hosted/pub.dev/flutter_olm-2.0.0/android/build.gradle'.
[        ] Using default execution profile
[        ] Using Kotlin Gradle Plugin gradle85 variant
[        ] C/C++: android.ndkVersion from module build.gradle is [27.0.12077973]
[        ] C/C++: android.ndkPath from module build.gradle is not set
[        ] C/C++: ndk.dir in local.properties is not set
[        ] C/C++: Not considering ANDROID_NDK_HOME because support was removed after deprecation period.
[        ] C/C++: sdkFolder is /Users/florian/Library/Android/sdk
[        ] C/C++: android.ndkVersion from module build.gradle is [27.0.12077973]
[        ] C/C++: android.ndkPath from module build.gradle is not set
[        ] C/C++: ndk.dir in local.properties is not set
[        ] C/C++: Not considering ANDROID_NDK_HOME because support was removed after deprecation period.
[        ] C/C++: sdkFolder is /Users/florian/Library/Android/sdk
[        ] C/C++: android.ndkVersion from module build.gradle is [27.0.12077973]
[        ] C/C++: android.ndkPath from module build.gradle is not set
[        ] C/C++: ndk.dir in local.properties is not set
[        ] C/C++: Not considering ANDROID_NDK_HOME because support was removed after deprecation period.
[        ] C/C++: sdkFolder is /Users/florian/Library/Android/sdk
[        ] C/C++: android.ndkVersion from module build.gradle is [27.0.12077973]
[        ] C/C++: android.ndkPath from module build.gradle is not set
[        ] C/C++: ndk.dir in local.properties is not set
[        ] C/C++: Not considering ANDROID_NDK_HOME because support was removed after deprecation period.
[        ] C/C++: sdkFolder is /Users/florian/Library/Android/sdk
[        ] C/C++: android.ndkVersion from module build.gradle is [27.0.12077973]
[        ] C/C++: android.ndkPath from module build.gradle is not set
[        ] C/C++: ndk.dir in local.properties is not set
[        ] C/C++: Not considering ANDROID_NDK_HOME because support was removed after deprecation period.
[        ] C/C++: sdkFolder is /Users/florian/Library/Android/sdk
[        ] C/C++: android.ndkVersion from module build.gradle is [27.0.12077973]
[        ] C/C++: android.ndkPath from module build.gradle is not set
[        ] C/C++: ndk.dir in local.properties is not set
[        ] C/C++: Not considering ANDROID_NDK_HOME because support was removed after deprecation period.
[        ] C/C++: sdkFolder is /Users/florian/Library/Android/sdk
[        ] C/C++: android.ndkVersion from module build.gradle is [27.0.12077973]
[        ] C/C++: android.ndkPath from module build.gradle is not set
[        ] C/C++: ndk.dir in local.properties is not set
[        ] C/C++: Not considering ANDROID_NDK_HOME because support was removed after deprecation period.
[        ] C/C++: sdkFolder is /Users/florian/Library/Android/sdk
[        ] C/C++: android.ndkVersion from module build.gradle is [27.0.12077973]
[        ] C/C++: android.ndkPath from module build.gradle is not set
[        ] C/C++: ndk.dir in local.properties is not set
[        ] C/C++: Not considering ANDROID_NDK_HOME because support was removed after deprecation period.
[        ] C/C++: sdkFolder is /Users/florian/Library/Android/sdk
[        ] C/C++: android.ndkVersion from module build.gradle is [27.0.12077973]
[        ] C/C++: android.ndkPath from module build.gradle is not set
[        ] C/C++: ndk.dir in local.properties is not set
[        ] C/C++: Not considering ANDROID_NDK_HOME because support was removed after deprecation period.
[        ] C/C++: sdkFolder is /Users/florian/Library/Android/sdk
[        ] C/C++: android.ndkVersion from module build.gradle is [27.0.12077973]
[        ] C/C++: android.ndkPath from module build.gradle is not set
[        ] C/C++: ndk.dir in local.properties is not set
[        ] C/C++: Not considering ANDROID_NDK_HOME because support was removed after deprecation period.
[        ] C/C++: sdkFolder is /Users/florian/Library/Android/sdk
[        ] C/C++: android.ndkVersion from module build.gradle is [27.0.12077973]
[        ] C/C++: android.ndkPath from module build.gradle is not set
[        ] C/C++: ndk.dir in local.properties is not set
[        ] C/C++: Not considering ANDROID_NDK_HOME because support was removed after deprecation period.
[        ] C/C++: sdkFolder is /Users/florian/Library/Android/sdk
[        ] C/C++: android.ndkVersion from module build.gradle is [27.0.12077973]
[        ] C/C++: android.ndkPath from module build.gradle is not set
[        ] C/C++: ndk.dir in local.properties is not set
[        ] C/C++: Not considering ANDROID_NDK_HOME because support was removed after deprecation period.
[        ] C/C++: sdkFolder is /Users/florian/Library/Android/sdk
[        ] C/C++: android.ndkVersion from module build.gradle is [27.0.12077973]
[        ] C/C++: android.ndkPath from module build.gradle is not set
[        ] C/C++: ndk.dir in local.properties is not set
[        ] C/C++: Not considering ANDROID_NDK_HOME because support was removed after deprecation period.
[        ] C/C++: sdkFolder is /Users/florian/Library/Android/sdk
[        ] C/C++: android.ndkVersion from module build.gradle is [27.0.12077973]
[        ] C/C++: android.ndkPath from module build.gradle is not set
[        ] C/C++: ndk.dir in local.properties is not set
[        ] C/C++: Not considering ANDROID_NDK_HOME because support was removed after deprecation period.
[        ] C/C++: sdkFolder is /Users/florian/Library/Android/sdk
[        ] C/C++: android.ndkVersion from module build.gradle is [27.0.12077973]
[        ] C/C++: android.ndkPath from module build.gradle is not set
[        ] C/C++: ndk.dir in local.properties is not set
[        ] C/C++: Not considering ANDROID_NDK_HOME because support was removed after deprecation period.
[        ] C/C++: sdkFolder is /Users/florian/Library/Android/sdk
[        ] C/C++: android.ndkVersion from module build.gradle is [27.0.12077973]
[        ] C/C++: android.ndkPath from module build.gradle is not set
[        ] C/C++: ndk.dir in local.properties is not set
[        ] C/C++: Not considering ANDROID_NDK_HOME because support was removed after deprecation period.
[        ] C/C++: sdkFolder is /Users/florian/Library/Android/sdk
[        ] C/C++: android.ndkVersion from module build.gradle is [27.0.12077973]
[        ] C/C++: android.ndkPath from module build.gradle is not set
[        ] C/C++: ndk.dir in local.properties is not set
[        ] C/C++: Not considering ANDROID_NDK_HOME because support was removed after deprecation period.
[        ] C/C++: sdkFolder is /Users/florian/Library/Android/sdk
[        ] C/C++: android.ndkVersion from module build.gradle is [27.0.12077973]
[        ] C/C++: android.ndkPath from module build.gradle is not set
[        ] C/C++: ndk.dir in local.properties is not set
[        ] C/C++: Not considering ANDROID_NDK_HOME because support was removed after deprecation period.
[        ] C/C++: sdkFolder is /Users/florian/Library/Android/sdk
[        ] C/C++: android.ndkVersion from module build.gradle is [27.0.12077973]
[        ] C/C++: android.ndkPath from module build.gradle is not set
[        ] C/C++: ndk.dir in local.properties is not set
[        ] C/C++: Not considering ANDROID_NDK_HOME because support was removed after deprecation period.
[        ] C/C++: sdkFolder is /Users/florian/Library/Android/sdk
[        ] > Configure project :flutter_openssl_crypto
[        ] Evaluating project ':flutter_openssl_crypto' using build file '/Users/florian/.pub-cache/hosted/pub.dev/flutter_openssl_crypto-0.5.0/android/build.gradle'.
[        ] Using default execution profile
[        ] Using Kotlin Gradle Plugin gradle85 variant
[        ] C/C++: android.ndkVersion from module build.gradle is [27.0.12077973]
[        ] C/C++: android.ndkPath from module build.gradle is not set
[        ] C/C++: ndk.dir in local.properties is not set
[        ] C/C++: Not considering ANDROID_NDK_HOME because support was removed after deprecation period.
[        ] C/C++: sdkFolder is /Users/florian/Library/Android/sdk
[        ] C/C++: android.ndkVersion from module build.gradle is [27.0.12077973]
[        ] C/C++: android.ndkPath from module build.gradle is not set
[        ] C/C++: ndk.dir in local.properties is not set
[        ] C/C++: Not considering ANDROID_NDK_HOME because support was removed after deprecation period.
[        ] C/C++: sdkFolder is /Users/florian/Library/Android/sdk
[        ] C/C++: android.ndkVersion from module build.gradle is [27.0.12077973]
[        ] C/C++: android.ndkPath from module build.gradle is not set
[        ] C/C++: ndk.dir in local.properties is not set
[        ] C/C++: Not considering ANDROID_NDK_HOME because support was removed after deprecation period.
[        ] C/C++: sdkFolder is /Users/florian/Library/Android/sdk
[        ] C/C++: android.ndkVersion from module build.gradle is [27.0.12077973]
[        ] C/C++: android.ndkPath from module build.gradle is not set
[        ] C/C++: ndk.dir in local.properties is not set
[        ] C/C++: Not considering ANDROID_NDK_HOME because support was removed after deprecation period.
[        ] C/C++: sdkFolder is /Users/florian/Library/Android/sdk
[        ] C/C++: android.ndkVersion from module build.gradle is [27.0.12077973]
[        ] C/C++: android.ndkPath from module build.gradle is not set
[        ] C/C++: ndk.dir in local.properties is not set
[        ] C/C++: Not considering ANDROID_NDK_HOME because support was removed after deprecation period.
[        ] C/C++: sdkFolder is /Users/florian/Library/Android/sdk
[        ] C/C++: android.ndkVersion from module build.gradle is [27.0.12077973]
[        ] C/C++: android.ndkPath from module build.gradle is not set
[        ] C/C++: ndk.dir in local.properties is not set
[        ] C/C++: Not considering ANDROID_NDK_HOME because support was removed after deprecation period.
[        ] C/C++: sdkFolder is /Users/florian/Library/Android/sdk
[        ] C/C++: android.ndkVersion from module build.gradle is [27.0.12077973]
[        ] C/C++: android.ndkPath from module build.gradle is not set
[        ] C/C++: ndk.dir in local.properties is not set
[        ] C/C++: Not considering ANDROID_NDK_HOME because support was removed after deprecation period.
[        ] C/C++: sdkFolder is /Users/florian/Library/Android/sdk
[        ] C/C++: android.ndkVersion from module build.gradle is [27.0.12077973]
[        ] C/C++: android.ndkPath from module build.gradle is not set
[        ] C/C++: ndk.dir in local.properties is not set
[        ] C/C++: Not considering ANDROID_NDK_HOME because support was removed after deprecation period.
[        ] C/C++: sdkFolder is /Users/florian/Library/Android/sdk
[        ] C/C++: android.ndkVersion from module build.gradle is [27.0.12077973]
[        ] C/C++: android.ndkPath from module build.gradle is not set
[        ] C/C++: ndk.dir in local.properties is not set
[        ] C/C++: Not considering ANDROID_NDK_HOME because support was removed after deprecation period.
[        ] C/C++: sdkFolder is /Users/florian/Library/Android/sdk
[        ] C/C++: android.ndkVersion from module build.gradle is [27.0.12077973]
[        ] C/C++: android.ndkPath from module build.gradle is not set
[        ] C/C++: ndk.dir in local.properties is not set
[        ] C/C++: Not considering ANDROID_NDK_HOME because support was removed after deprecation period.
[        ] C/C++: sdkFolder is /Users/florian/Library/Android/sdk
[        ] C/C++: android.ndkVersion from module build.gradle is [27.0.12077973]
[        ] C/C++: android.ndkPath from module build.gradle is not set
[        ] C/C++: ndk.dir in local.properties is not set
[        ] C/C++: Not considering ANDROID_NDK_HOME because support was removed after deprecation period.
[        ] C/C++: sdkFolder is /Users/florian/Library/Android/sdk
[        ] C/C++: android.ndkVersion from module build.gradle is [27.0.12077973]
[        ] C/C++: android.ndkPath from module build.gradle is not set
[        ] C/C++: ndk.dir in local.properties is not set
[        ] C/C++: Not considering ANDROID_NDK_HOME because support was removed after deprecation period.
[        ] C/C++: sdkFolder is /Users/florian/Library/Android/sdk
[        ] C/C++: android.ndkVersion from module build.gradle is [27.0.12077973]
[        ] C/C++: android.ndkPath from module build.gradle is not set
[        ] C/C++: ndk.dir in local.properties is not set
[        ] C/C++: Not considering ANDROID_NDK_HOME because support was removed after deprecation period.
[        ] C/C++: sdkFolder is /Users/florian/Library/Android/sdk
[        ] C/C++: android.ndkVersion from module build.gradle is [27.0.12077973]
[        ] C/C++: android.ndkPath from module build.gradle is not set
[        ] C/C++: ndk.dir in local.properties is not set
[        ] C/C++: Not considering ANDROID_NDK_HOME because support was removed after deprecation period.
[        ] C/C++: sdkFolder is /Users/florian/Library/Android/sdk
[        ] C/C++: android.ndkVersion from module build.gradle is [27.0.12077973]
[        ] C/C++: android.ndkPath from module build.gradle is not set
[        ] C/C++: ndk.dir in local.properties is not set
[        ] C/C++: Not considering ANDROID_NDK_HOME because support was removed after deprecation period.
[        ] C/C++: sdkFolder is /Users/florian/Library/Android/sdk
[        ] C/C++: android.ndkVersion from module build.gradle is [27.0.12077973]
[        ] C/C++: android.ndkPath from module build.gradle is not set
[        ] C/C++: ndk.dir in local.properties is not set
[        ] C/C++: Not considering ANDROID_NDK_HOME because support was removed after deprecation period.
[        ] C/C++: sdkFolder is /Users/florian/Library/Android/sdk
[        ] C/C++: android.ndkVersion from module build.gradle is [27.0.12077973]
[        ] C/C++: android.ndkPath from module build.gradle is not set
[        ] C/C++: ndk.dir in local.properties is not set
[        ] C/C++: Not considering ANDROID_NDK_HOME because support was removed after deprecation period.
[        ] C/C++: sdkFolder is /Users/florian/Library/Android/sdk
[        ] C/C++: android.ndkVersion from module build.gradle is [27.0.12077973]
[        ] C/C++: android.ndkPath from module build.gradle is not set
[        ] C/C++: ndk.dir in local.properties is not set
[        ] C/C++: Not considering ANDROID_NDK_HOME because support was removed after deprecation period.
[        ] C/C++: sdkFolder is /Users/florian/Library/Android/sdk
[        ] C/C++: android.ndkVersion from module build.gradle is [27.0.12077973]
[        ] C/C++: android.ndkPath from module build.gradle is not set
[        ] C/C++: ndk.dir in local.properties is not set
[        ] C/C++: Not considering ANDROID_NDK_HOME because support was removed after deprecation period.
[        ] C/C++: sdkFolder is /Users/florian/Library/Android/sdk
[        ] > Configure project :integration_test
[        ] Evaluating project ':integration_test' using build file '/opt/homebrew/share/flutter/packages/integration_test/android/build.gradle.kts'.
[        ] Resolved plugin [id: 'com.android.library']
[        ] Using default execution profile
[        ] > Configure project :path_provider_android
[        ] Evaluating project ':path_provider_android' using build file '/Users/florian/.pub-cache/hosted/pub.dev/path_provider_android-2.2.22/android/build.gradle'.
[        ] Using default execution profile
[        ] > Configure project :quill_native_bridge_android
[        ] Evaluating project ':quill_native_bridge_android' using build file '/Users/florian/.pub-cache/hosted/pub.dev/quill_native_bridge_android-0.0.1+2/android/build.gradle'.
[        ] Using default execution profile
[        ] Using Kotlin Gradle Plugin gradle85 variant
[  +95 ms] > Configure project :shared_preferences_android
[        ] Evaluating project ':shared_preferences_android' using build file '/Users/florian/.pub-cache/hosted/pub.dev/shared_preferences_android-2.4.20/android/build.gradle'.
[        ] Using default execution profile
[        ] Using Kotlin Gradle Plugin gradle85 variant
[        ] > Configure project :sqflite_android
[        ] Evaluating project ':sqflite_android' using build file '/Users/florian/.pub-cache/hosted/pub.dev/sqflite_android-2.4.2+2/android/build.gradle'.
[        ] Using default execution profile
[        ] > Configure project :url_launcher_android
[        ] Evaluating project ':url_launcher_android' using build file '/Users/florian/.pub-cache/hosted/pub.dev/url_launcher_android-6.3.28/android/build.gradle'.
[        ] Using default execution profile
[        ] > Configure project :video_player_android
[        ] Evaluating project ':video_player_android' using build file '/Users/florian/.pub-cache/hosted/pub.dev/video_player_android-2.9.1/android/build.gradle'.
[        ] Using default execution profile
[        ] Using Kotlin Gradle Plugin gradle85 variant
[        ] All projects evaluated.
[        ] Task name matched 'assembleDebug'
[        ] Selected primary task 'assembleDebug' from project :
[        ] Adding -Xuse-inline-scopes-numbers Kotlin compiler flag for task :app:compileDebugKotlin
[ +101 ms] Tasks to be executed: [task ':app:preBuild', task ':app:preDebugBuild', task ':app:mergeDebugNativeDebugMetadata', task ':app:checkKotlinGradlePluginConfigurationErrors', task ':app:compileFlutterBuildDebug', task ':app:packJniLibsflutterBuildDebug', task ':connectivity_plus:preBuild', task ':connectivity_plus:preDebugBuild', task ':connectivity_plus:writeDebugAarMetadata', task ':emoji_picker_flutter:preBuild', task ':emoji_picker_flutter:preDebugBuild', task ':emoji_picker_flutter:writeDebugAarMetadata', task ':file_selector_android:preBuild', task ':file_selector_android:preDebugBuild', task ':file_selector_android:writeDebugAarMetadata', task ':flutter_keyboard_visibility_temp_fork:preBuild', task ':flutter_keyboard_visibility_temp_fork:preDebugBuild', task ':flutter_keyboard_visibility_temp_fork:writeDebugAarMetadata', task ':flutter_native_splash:preBuild', task ':flutter_native_splash:preDebugBuild', task ':flutter_native_splash:writeDebugAarMetadata', task ':flutter_olm:preBuild', task ':flutter_olm:preDebugBuild', task ':flutter_olm:writeDebugAarMetadata', task ':flutter_openssl_crypto:preBuild', task ':flutter_openssl_crypto:preDebugBuild', task ':flutter_openssl_crypto:writeDebugAarMetadata', task ':integration_test:preBuild', task ':integration_test:preDebugBuild', task ':integration_test:writeDebugAarMetadata', task ':path_provider_android:preBuild', task ':path_provider_android:preDebugBuild', task ':path_provider_android:writeDebugAarMetadata', task ':quill_native_bridge_android:preBuild', task ':quill_native_bridge_android:preDebugBuild', task ':quill_native_bridge_android:writeDebugAarMetadata', task ':shared_preferences_android:preBuild', task ':shared_preferences_android:preDebugBuild', task ':shared_preferences_android:writeDebugAarMetadata', task ':sqflite_android:preBuild', task ':sqflite_android:preDebugBuild', task ':sqflite_android:writeDebugAarMetadata', task ':url_launcher_android:preBuild', task ':url_launcher_android:preDebugBuild', task ':url_launcher_android:writeDebugAarMetadata', task ':video_player_android:preBuild', task ':video_player_android:preDebugBuild', task ':video_player_android:writeDebugAarMetadata', task ':app:checkDebugAarMetadata', task ':app:cleanMergeDebugAssets', task ':app:mergeDebugShaders', task ':app:compileDebugShaders', task ':app:generateDebugAssets', task ':connectivity_plus:mergeDebugShaders', task ':connectivity_plus:compileDebugShaders', task ':connectivity_plus:generateDebugAssets', task ':connectivity_plus:mergeDebugAssets', task ':emoji_picker_flutter:mergeDebugShaders', task ':emoji_picker_flutter:compileDebugShaders', task ':emoji_picker_flutter:generateDebugAssets', task ':emoji_picker_flutter:mergeDebugAssets', task ':file_selector_android:mergeDebugShaders', task ':file_selector_android:compileDebugShaders', task ':file_selector_android:generateDebugAssets', task ':file_selector_android:mergeDebugAssets', task ':flutter_keyboard_visibility_temp_fork:mergeDebugShaders', task ':flutter_keyboard_visibility_temp_fork:compileDebugShaders', task ':flutter_keyboard_visibility_temp_fork:generateDebugAssets', task ':flutter_keyboard_visibility_temp_fork:mergeDebugAssets', task ':flutter_native_splash:mergeDebugShaders', task ':flutter_native_splash:compileDebugShaders', task ':flutter_native_splash:generateDebugAssets', task ':flutter_native_splash:mergeDebugAssets', task ':flutter_olm:mergeDebugShaders', task ':flutter_olm:compileDebugShaders', task ':flutter_olm:generateDebugAssets', task ':flutter_olm:mergeDebugAssets', task ':flutter_openssl_crypto:mergeDebugShaders', task ':flutter_openssl_crypto:compileDebugShaders', task ':flutter_openssl_crypto:generateDebugAssets', task ':flutter_openssl_crypto:mergeDebugAssets', task ':integration_test:mergeDebugShaders', task ':integration_test:compileDebugShaders', task ':integration_test:generateDebugAssets', task ':integration_test:mergeDebugAssets', task ':path_provider_android:mergeDebugShaders', task ':path_provider_android:compileDebugShaders', task ':path_provider_android:generateDebugAssets', task ':path_provider_android:mergeDebugAssets', task ':quill_native_bridge_android:mergeDebugShaders', task ':quill_native_bridge_android:compileDebugShaders', task ':quill_native_bridge_android:generateDebugAssets', task ':quill_native_bridge_android:mergeDebugAssets', task ':shared_preferences_android:mergeDebugShaders', task ':shared_preferences_android:compileDebugShaders', task ':shared_preferences_android:generateDebugAssets', task ':shared_preferences_android:mergeDebugAssets', task ':sqflite_android:mergeDebugShaders', task ':sqflite_android:compileDebugShaders', task ':sqflite_android:generateDebugAssets', task ':sqflite_android:mergeDebugAssets', task ':url_launcher_android:mergeDebugShaders', task ':url_launcher_android:compileDebugShaders', task ':url_launcher_android:generateDebugAssets', task ':url_launcher_android:mergeDebugAssets', task ':video_player_android:mergeDebugShaders', task ':video_player_android:compileDebugShaders', task ':video_player_android:generateDebugAssets', task ':video_player_android:mergeDebugAssets', task ':app:mergeDebugAssets', task ':app:copyFlutterAssetsDebug', task ':app:generateDebugResValues', task ':connectivity_plus:generateDebugResValues', task ':connectivity_plus:generateDebugResources', task ':connectivity_plus:packageDebugResources', task ':emoji_picker_flutter:generateDebugResValues', task ':emoji_picker_flutter:generateDebugResources', task ':emoji_picker_flutter:packageDebugResources', task ':file_selector_android:generateDebugResValues', task ':file_selector_android:generateDebugResources', task ':file_selector_android:packageDebugResources', task ':flutter_keyboard_visibility_temp_fork:generateDebugResValues', task ':flutter_keyboard_visibility_temp_fork:generateDebugResources', task ':flutter_keyboard_visibility_temp_fork:packageDebugResources', task ':flutter_native_splash:generateDebugResValues', task ':flutter_native_splash:generateDebugResources', task ':flutter_native_splash:packageDebugResources', task ':flutter_olm:generateDebugResValues', task ':flutter_olm:generateDebugResources', task ':flutter_olm:packageDebugResources', task ':flutter_openssl_crypto:generateDebugResValues', task ':flutter_openssl_crypto:generateDebugResources', task ':flutter_openssl_crypto:packageDebugResources', task ':integration_test:generateDebugResValues', task ':integration_test:generateDebugResources', task ':integration_test:packageDebugResources', task ':path_provider_android:generateDebugResValues', task ':path_provider_android:generateDebugResources', task ':path_provider_android:packageDebugResources', task ':quill_native_bridge_android:generateDebugResValues', task ':quill_native_bridge_android:generateDebugResources', task ':quill_native_bridge_android:packageDebugResources', task ':shared_preferences_android:generateDebugResValues', task ':shared_preferences_android:generateDebugResources', task ':shared_preferences_android:packageDebugResources', task ':sqflite_android:generateDebugResValues', task ':sqflite_android:generateDebugResources', task ':sqflite_android:packageDebugResources', task ':url_launcher_android:generateDebugResValues', task ':url_launcher_android:generateDebugResources', task ':url_launcher_android:packageDebugResources', task ':video_player_android:generateDebugResValues', task ':video_player_android:generateDebugResources', task ':video_player_android:packageDebugResources', task ':app:mapDebugSourceSetPaths', task ':app:generateDebugResources', task ':app:mergeDebugResources', task ':app:packageDebugResources', task ':app:parseDebugLocalResources', task ':app:createDebugCompatibleScreenManifests', task ':app:extractDeepLinksDebug', task ':connectivity_plus:extractDeepLinksDebug', task ':connectivity_plus:processDebugManifest', task ':emoji_picker_flutter:extractDeepLinksDebug', task ':emoji_picker_flutter:processDebugManifest', task ':file_selector_android:extractDeepLinksDebug', task ':file_selector_android:processDebugManifest', task ':flutter_keyboard_visibility_temp_fork:extractDeepLinksDebug', task ':flutter_keyboard_visibility_temp_fork:processDebugManifest', task ':flutter_native_splash:extractDeepLinksDebug', task ':flutter_native_splash:processDebugManifest', task ':flutter_olm:extractDeepLinksDebug', task ':flutter_olm:processDebugManifest', task ':flutter_openssl_crypto:extractDeepLinksDebug', task ':flutter_openssl_crypto:processDebugManifest', task ':integration_test:extractDeepLinksDebug', task ':integration_test:processDebugManifest', task ':path_provider_android:extractDeepLinksDebug', task ':path_provider_android:processDebugManifest', task ':quill_native_bridge_android:extractDeepLinksDebug', task ':quill_native_bridge_android:processDebugManifest', task ':shared_preferences_android:extractDeepLinksDebug', task ':shared_preferences_android:processDebugManifest', task ':sqflite_android:extractDeepLinksDebug', task ':sqflite_android:processDebugManifest', task ':url_launcher_android:extractDeepLinksDebug', task ':url_launcher_android:processDebugManifest', task ':video_player_android:extractDeepLinksDebug', task ':video_player_android:processDebugManifest', task ':app:processDebugMainManifest', task ':app:outputDebugAppLinkSettings', task ':app:processDebugManifest', task ':app:processDebugManifestForPackage', task ':connectivity_plus:compileDebugLibraryResources', task ':connectivity_plus:parseDebugLocalResources', task ':connectivity_plus:generateDebugRFile', task ':emoji_picker_flutter:compileDebugLibraryResources', task ':emoji_picker_flutter:parseDebugLocalResources', task ':emoji_picker_flutter:generateDebugRFile', task ':file_selector_android:compileDebugLibraryResources', task ':file_selector_android:parseDebugLocalResources', task ':file_selector_android:generateDebugRFile', task ':flutter_keyboard_visibility_temp_fork:compileDebugLibraryResources', task ':flutter_keyboard_visibility_temp_fork:parseDebugLocalResources', task ':flutter_keyboard_visibility_temp_fork:generateDebugRFile', task ':flutter_native_splash:compileDebugLibraryResources', task ':flutter_native_splash:parseDebugLocalResources', task ':flutter_native_splash:generateDebugRFile', task ':flutter_olm:compileDebugLibraryResources', task ':flutter_olm:parseDebugLocalResources', task ':flutter_olm:generateDebugRFile', task ':flutter_openssl_crypto:compileDebugLibraryResources', task ':flutter_openssl_crypto:parseDebugLocalResources', task ':flutter_openssl_crypto:generateDebugRFile', task ':integration_test:compileDebugLibraryResources', task ':integration_test:parseDebugLocalResources', task ':integration_test:generateDebugRFile', task ':path_provider_android:compileDebugLibraryResources', task ':path_provider_android:parseDebugLocalResources', task ':path_provider_android:generateDebugRFile', task ':quill_native_bridge_android:compileDebugLibraryResources', task ':quill_native_bridge_android:parseDebugLocalResources', task ':quill_native_bridge_android:generateDebugRFile', task ':shared_preferences_android:compileDebugLibraryResources', task ':shared_preferences_android:parseDebugLocalResources', task ':shared_preferences_android:generateDebugRFile', task ':sqflite_android:compileDebugLibraryResources', task ':sqflite_android:parseDebugLocalResources', task ':sqflite_android:generateDebugRFile', task ':url_launcher_android:compileDebugLibraryResources', task ':url_launcher_android:parseDebugLocalResources', task ':url_launcher_android:generateDebugRFile', task ':video_player_android:compileDebugLibraryResources', task ':video_player_android:parseDebugLocalResources', task ':video_player_android:generateDebugRFile', task ':app:processDebugResources', task ':connectivity_plus:javaPreCompileDebug', task ':connectivity_plus:compileDebugJavaWithJavac', task ':connectivity_plus:bundleLibCompileToJarDebug', task ':emoji_picker_flutter:checkKotlinGradlePluginConfigurationErrors', task ':emoji_picker_flutter:compileDebugKotlin', task ':emoji_picker_flutter:javaPreCompileDebug', task ':emoji_picker_flutter:compileDebugJavaWithJavac', task ':emoji_picker_flutter:bundleLibCompileToJarDebug', task ':file_selector_android:javaPreCompileDebug', task ':file_selector_android:compileDebugJavaWithJavac', task ':file_selector_android:bundleLibCompileToJarDebug', task ':flutter_keyboard_visibility_temp_fork:javaPreCompileDebug', task ':flutter_keyboard_visibility_temp_fork:compileDebugJavaWithJavac', task ':flutter_keyboard_visibility_temp_fork:bundleLibCompileToJarDebug', task ':flutter_native_splash:javaPreCompileDebug', task ':flutter_native_splash:compileDebugJavaWithJavac', task ':flutter_native_splash:bundleLibCompileToJarDebug', task ':flutter_olm:checkKotlinGradlePluginConfigurationErrors', task ':flutter_olm:compileDebugKotlin', task ':flutter_olm:javaPreCompileDebug', task ':flutter_olm:compileDebugJavaWithJavac', task ':flutter_olm:bundleLibCompileToJarDebug', task ':flutter_openssl_crypto:checkKotlinGradlePluginConfigurationErrors', task ':flutter_openssl_crypto:compileDebugKotlin', task ':flutter_openssl_crypto:javaPreCompileDebug', task ':flutter_openssl_crypto:compileDebugJavaWithJavac', task ':flutter_openssl_crypto:bundleLibCompileToJarDebug', task ':integration_test:javaPreCompileDebug', task ':integration_test:compileDebugJavaWithJavac', task ':integration_test:bundleLibCompileToJarDebug', task ':path_provider_android:javaPreCompileDebug', task ':path_provider_android:compileDebugJavaWithJavac', task ':path_provider_android:bundleLibCompileToJarDebug', task ':quill_native_bridge_android:checkKotlinGradlePluginConfigurationErrors', task ':quill_native_bridge_android:compileDebugKotlin', task ':quill_native_bridge_android:javaPreCompileDebug', task ':quill_native_bridge_android:compileDebugJavaWithJavac', task ':quill_native_bridge_android:bundleLibCompileToJarDebug', task ':shared_preferences_android:checkKotlinGradlePluginConfigurationErrors', task ':shared_preferences_android:compileDebugKotlin', task ':shared_preferences_android:javaPreCompileDebug', task ':shared_preferences_android:compileDebugJavaWithJavac', task ':shared_preferences_android:bundleLibCompileToJarDebug', task ':sqflite_android:javaPreCompileDebug', task ':sqflite_android:compileDebugJavaWithJavac', task ':sqflite_android:bundleLibCompileToJarDebug', task ':url_launcher_android:generateDebugBuildConfig', task ':url_launcher_android:javaPreCompileDebug', task ':url_launcher_android:compileDebugJavaWithJavac', task ':url_launcher_android:bundleLibCompileToJarDebug', task ':video_player_android:checkKotlinGradlePluginConfigurationErrors', task ':video_player_android:compileDebugKotlin', task ':video_player_android:javaPreCompileDebug', task ':video_player_android:compileDebugJavaWithJavac', task ':video_player_android:bundleLibCompileToJarDebug', task ':app:compileDebugKotlin', task ':app:javaPreCompileDebug', task ':app:compileDebugJavaWithJavac', task ':app:compressDebugAssets', task ':app:processDebugJavaRes', task ':connectivity_plus:processDebugJavaRes', task ':emoji_picker_flutter:processDebugJavaRes', task ':file_selector_android:processDebugJavaRes', task ':flutter_keyboard_visibility_temp_fork:processDebugJavaRes', task ':flutter_native_splash:processDebugJavaRes', task ':flutter_olm:processDebugJavaRes', task ':flutter_openssl_crypto:processDebugJavaRes', task ':integration_test:processDebugJavaRes', task ':path_provider_android:processDebugJavaRes', task ':quill_native_bridge_android:processDebugJavaRes', task ':shared_preferences_android:processDebugJavaRes', task ':sqflite_android:processDebugJavaRes', task ':url_launcher_android:processDebugJavaRes', task ':video_player_android:processDebugJavaRes', task ':app:mergeDebugJavaResource', task ':app:checkDebugDuplicateClasses', task ':app:desugarDebugFileDependencies', task ':app:mergeExtDexDebug', task ':connectivity_plus:bundleLibRuntimeToDirDebug', task ':emoji_picker_flutter:bundleLibRuntimeToDirDebug', task ':file_selector_android:bundleLibRuntimeToDirDebug', task ':flutter_keyboard_visibility_temp_fork:bundleLibRuntimeToDirDebug', task ':flutter_native_splash:bundleLibRuntimeToDirDebug', task ':flutter_olm:bundleLibRuntimeToDirDebug', task ':flutter_openssl_crypto:bundleLibRuntimeToDirDebug', task ':integration_test:bundleLibRuntimeToDirDebug', task ':path_provider_android:bundleLibRuntimeToDirDebug', task ':quill_native_bridge_android:bundleLibRuntimeToDirDebug', task ':shared_preferences_android:bundleLibRuntimeToDirDebug', task ':sqflite_android:bundleLibRuntimeToDirDebug', task ':url_launcher_android:bundleLibRuntimeToDirDebug', task ':video_player_android:bundleLibRuntimeToDirDebug', task ':app:mergeLibDexDebug', task ':app:dexBuilderDebug', task ':app:mergeProjectDexDebug', task ':app:configureCMakeDebug[arm64-v8a]', task ':app:buildCMakeDebug[arm64-v8a]', task ':app:configureCMakeDebug[armeabi-v7a]', task ':app:buildCMakeDebug[armeabi-v7a]', task ':app:configureCMakeDebug[x86_64]', task ':app:buildCMakeDebug[x86_64]', task ':app:mergeDebugJniLibFolders', task ':connectivity_plus:mergeDebugJniLibFolders', task ':connectivity_plus:mergeDebugNativeLibs', task ':connectivity_plus:copyDebugJniLibsProjectOnly', task ':emoji_picker_flutter:mergeDebugJniLibFolders', task ':emoji_picker_flutter:mergeDebugNativeLibs', task ':emoji_picker_flutter:copyDebugJniLibsProjectOnly', task ':file_selector_android:mergeDebugJniLibFolders', task ':file_selector_android:mergeDebugNativeLibs', task ':file_selector_android:copyDebugJniLibsProjectOnly', task ':flutter_keyboard_visibility_temp_fork:mergeDebugJniLibFolders', task ':flutter_keyboard_visibility_temp_fork:mergeDebugNativeLibs', task ':flutter_keyboard_visibility_temp_fork:copyDebugJniLibsProjectOnly', task ':flutter_native_splash:mergeDebugJniLibFolders', task ':flutter_native_splash:mergeDebugNativeLibs', task ':flutter_native_splash:copyDebugJniLibsProjectOnly', task ':flutter_olm:preProfileBuild', task ':flutter_olm:configureCMakeDebug[arm64-v8a]', task ':flutter_olm:buildCMakeDebug[arm64-v8a]', task ':flutter_olm:configureCMakeDebug[armeabi-v7a]', task ':flutter_olm:buildCMakeDebug[armeabi-v7a]', task ':flutter_olm:configureCMakeDebug[x86]', task ':flutter_olm:buildCMakeDebug[x86]', task ':flutter_olm:configureCMakeDebug[x86_64]', task ':flutter_olm:buildCMakeDebug[x86_64]', task ':flutter_olm:mergeDebugJniLibFolders', task ':flutter_olm:mergeDebugNativeLibs', task ':flutter_olm:copyDebugJniLibsProjectOnly', task ':flutter_openssl_crypto:preProfileBuild', task ':flutter_openssl_crypto:configureCMakeDebug[arm64-v8a]', task ':flutter_openssl_crypto:buildCMakeDebug[arm64-v8a]', task ':flutter_openssl_crypto:configureCMakeDebug[armeabi-v7a]', task ':flutter_openssl_crypto:buildCMakeDebug[armeabi-v7a]', task ':flutter_openssl_crypto:configureCMakeDebug[x86]', task ':flutter_openssl_crypto:buildCMakeDebug[x86]', task ':flutter_openssl_crypto:configureCMakeDebug[x86_64]', task ':flutter_openssl_crypto:buildCMakeDebug[x86_64]', task ':flutter_openssl_crypto:mergeDebugJniLibFolders', task ':flutter_openssl_crypto:mergeDebugNativeLibs', task ':flutter_openssl_crypto:copyDebugJniLibsProjectOnly', task ':integration_test:mergeDebugJniLibFolders', task ':integration_test:mergeDebugNativeLibs', task ':integration_test:copyDebugJniLibsProjectOnly', task ':path_provider_android:mergeDebugJniLibFolders', task ':path_provider_android:mergeDebugNativeLibs', task ':path_provider_android:copyDebugJniLibsProjectOnly', task ':quill_native_bridge_android:mergeDebugJniLibFolders', task ':quill_native_bridge_android:mergeDebugNativeLibs', task ':quill_native_bridge_android:copyDebugJniLibsProjectOnly', task ':shared_preferences_android:mergeDebugJniLibFolders', task ':shared_preferences_android:mergeDebugNativeLibs', task ':shared_preferences_android:copyDebugJniLibsProjectOnly', task ':sqflite_android:mergeDebugJniLibFolders', task ':sqflite_android:mergeDebugNativeLibs', task ':sqflite_android:copyDebugJniLibsProjectOnly', task ':url_launcher_android:mergeDebugJniLibFolders', task ':url_launcher_android:mergeDebugNativeLibs', task ':url_launcher_android:copyDebugJniLibsProjectOnly', task ':video_player_android:mergeDebugJniLibFolders', task ':video_player_android:mergeDebugNativeLibs', task ':video_player_android:copyDebugJniLibsProjectOnly', task ':app:mergeDebugNativeLibs', task ':app:stripDebugDebugSymbols', task ':app:validateSigningDebug', task ':app:writeDebugAppMetadata', task ':app:writeDebugSigningConfigVersions', task ':app:packageDebug', task ':app:createDebugApkListingFileRedirect', task ':app:assembleDebug', task ':connectivity_plus:stripDebugDebugSymbols', task ':connectivity_plus:copyDebugJniLibsProjectAndLocalJars', task ':connectivity_plus:extractDebugAnnotations', task ':connectivity_plus:extractDeepLinksForAarDebug', task ':connectivity_plus:mergeDebugGeneratedProguardFiles', task ':connectivity_plus:mergeDebugConsumerProguardFiles', task ':connectivity_plus:prepareDebugArtProfile', task ':connectivity_plus:prepareLintJarForPublish', task ':connectivity_plus:mergeDebugJavaResource', task ':connectivity_plus:syncDebugLibJars', task ':connectivity_plus:bundleDebugAar', task ':connectivity_plus:assembleDebug', task ':emoji_picker_flutter:stripDebugDebugSymbols', task ':emoji_picker_flutter:copyDebugJniLibsProjectAndLocalJars', task ':emoji_picker_flutter:extractDebugAnnotations', task ':emoji_picker_flutter:extractDeepLinksForAarDebug', task ':emoji_picker_flutter:mergeDebugGeneratedProguardFiles', task ':emoji_picker_flutter:mergeDebugConsumerProguardFiles', task ':emoji_picker_flutter:prepareDebugArtProfile', task ':emoji_picker_flutter:prepareLintJarForPublish', task ':emoji_picker_flutter:mergeDebugJavaResource', task ':emoji_picker_flutter:syncDebugLibJars', task ':emoji_picker_flutter:bundleDebugAar', task ':emoji_picker_flutter:assembleDebug', task ':file_selector_android:stripDebugDebugSymbols', task ':file_selector_android:copyDebugJniLibsProjectAndLocalJars', task ':file_selector_android:extractDebugAnnotations', task ':file_selector_android:extractDeepLinksForAarDebug', task ':file_selector_android:mergeDebugGeneratedProguardFiles', task ':file_selector_android:mergeDebugConsumerProguardFiles', task ':file_selector_android:prepareDebugArtProfile', task ':file_selector_android:prepareLintJarForPublish', task ':file_selector_android:mergeDebugJavaResource', task ':file_selector_android:syncDebugLibJars', task ':file_selector_android:bundleDebugAar', task ':file_selector_android:assembleDebug', task ':flutter_keyboard_visibility_temp_fork:stripDebugDebugSymbols', task ':flutter_keyboard_visibility_temp_fork:copyDebugJniLibsProjectAndLocalJars', task ':flutter_keyboard_visibility_temp_fork:extractDebugAnnotations', task ':flutter_keyboard_visibility_temp_fork:extractDeepLinksForAarDebug', task ':flutter_keyboard_visibility_temp_fork:mergeDebugGeneratedProguardFiles', task ':flutter_keyboard_visibility_temp_fork:mergeDebugConsumerProguardFiles', task ':flutter_keyboard_visibility_temp_fork:prepareDebugArtProfile', task ':flutter_keyboard_visibility_temp_fork:prepareLintJarForPublish', task ':flutter_keyboard_visibility_temp_fork:mergeDebugJavaResource', task ':flutter_keyboard_visibility_temp_fork:syncDebugLibJars', task ':flutter_keyboard_visibility_temp_fork:bundleDebugAar', task ':flutter_keyboard_visibility_temp_fork:assembleDebug', task ':flutter_native_splash:stripDebugDebugSymbols', task ':flutter_native_splash:copyDebugJniLibsProjectAndLocalJars', task ':flutter_native_splash:extractDebugAnnotations', task ':flutter_native_splash:extractDeepLinksForAarDebug', task ':flutter_native_splash:mergeDebugGeneratedProguardFiles', task ':flutter_native_splash:mergeDebugConsumerProguardFiles', task ':flutter_native_splash:prepareDebugArtProfile', task ':flutter_native_splash:prepareLintJarForPublish', task ':flutter_native_splash:mergeDebugJavaResource', task ':flutter_native_splash:syncDebugLibJars', task ':flutter_native_splash:bundleDebugAar', task ':flutter_native_splash:assembleDebug', task ':flutter_olm:stripDebugDebugSymbols', task ':flutter_olm:copyDebugJniLibsProjectAndLocalJars', task ':flutter_olm:extractDebugAnnotations', task ':flutter_olm:extractDeepLinksForAarDebug', task ':flutter_olm:mergeDebugGeneratedProguardFiles', task ':flutter_olm:mergeDebugConsumerProguardFiles', task ':flutter_olm:prepareDebugArtProfile', task ':flutter_olm:prepareLintJarForPublish', task ':flutter_olm:mergeDebugJavaResource', task ':flutter_olm:syncDebugLibJars', task ':flutter_olm:bundleDebugAar', task ':flutter_olm:assembleDebug', task ':flutter_openssl_crypto:stripDebugDebugSymbols', task ':flutter_openssl_crypto:copyDebugJniLibsProjectAndLocalJars', task ':flutter_openssl_crypto:extractDebugAnnotations', task ':flutter_openssl_crypto:extractDeepLinksForAarDebug', task ':flutter_openssl_crypto:mergeDebugGeneratedProguardFiles', task ':flutter_openssl_crypto:mergeDebugConsumerProguardFiles', task ':flutter_openssl_crypto:prepareDebugArtProfile', task ':flutter_openssl_crypto:prepareLintJarForPublish', task ':flutter_openssl_crypto:mergeDebugJavaResource', task ':flutter_openssl_crypto:syncDebugLibJars', task ':flutter_openssl_crypto:bundleDebugAar', task ':flutter_openssl_crypto:assembleDebug', task ':integration_test:stripDebugDebugSymbols', task ':integration_test:copyDebugJniLibsProjectAndLocalJars', task ':integration_test:extractDebugAnnotations', task ':integration_test:extractDeepLinksForAarDebug', task ':integration_test:mergeDebugGeneratedProguardFiles', task ':integration_test:mergeDebugConsumerProguardFiles', task ':integration_test:prepareDebugArtProfile', task ':integration_test:prepareLintJarForPublish', task ':integration_test:mergeDebugJavaResource', task ':integration_test:syncDebugLibJars', task ':integration_test:bundleDebugAar', task ':integration_test:assembleDebug', task ':path_provider_android:stripDebugDebugSymbols', task ':path_provider_android:copyDebugJniLibsProjectAndLocalJars', task ':path_provider_android:extractDebugAnnotations', task ':path_provider_android:extractDeepLinksForAarDebug', task ':path_provider_android:mergeDebugGeneratedProguardFiles', task ':path_provider_android:mergeDebugConsumerProguardFiles', task ':path_provider_android:prepareDebugArtProfile', task ':path_provider_android:prepareLintJarForPublish', task ':path_provider_android:mergeDebugJavaResource', task ':path_provider_android:syncDebugLibJars', task ':path_provider_android:bundleDebugAar', task ':path_provider_android:assembleDebug', task ':quill_native_bridge_android:stripDebugDebugSymbols', task ':quill_native_bridge_android:copyDebugJniLibsProjectAndLocalJars', task ':quill_native_bridge_android:extractDebugAnnotations', task ':quill_native_bridge_android:extractDeepLinksForAarDebug', task ':quill_native_bridge_android:mergeDebugGeneratedProguardFiles', task ':quill_native_bridge_android:mergeDebugConsumerProguardFiles', task ':quill_native_bridge_android:prepareDebugArtProfile', task ':quill_native_bridge_android:prepareLintJarForPublish', task ':quill_native_bridge_android:mergeDebugJavaResource', task ':quill_native_bridge_android:syncDebugLibJars', task ':quill_native_bridge_android:bundleDebugAar', task ':quill_native_bridge_android:assembleDebug', task ':shared_preferences_android:stripDebugDebugSymbols', task ':shared_preferences_android:copyDebugJniLibsProjectAndLocalJars', task ':shared_preferences_android:extractDebugAnnotations', task ':shared_preferences_android:extractDeepLinksForAarDebug', task ':shared_preferences_android:mergeDebugGeneratedProguardFiles', task ':shared_preferences_android:mergeDebugConsumerProguardFiles', task ':shared_preferences_android:prepareDebugArtProfile', task ':shared_preferences_android:prepareLintJarForPublish', task ':shared_preferences_android:mergeDebugJavaResource', task ':shared_preferences_android:syncDebugLibJars', task ':shared_preferences_android:bundleDebugAar', task ':shared_preferences_android:assembleDebug', task ':sqflite_android:stripDebugDebugSymbols', task ':sqflite_android:copyDebugJniLibsProjectAndLocalJars', task ':sqflite_android:extractDebugAnnotations', task ':sqflite_android:extractDeepLinksForAarDebug', task ':sqflite_android:mergeDebugGeneratedProguardFiles', task ':sqflite_android:mergeDebugConsumerProguardFiles', task ':sqflite_android:prepareDebugArtProfile', task ':sqflite_android:prepareLintJarForPublish', task ':sqflite_android:mergeDebugJavaResource', task ':sqflite_android:syncDebugLibJars', task ':sqflite_android:bundleDebugAar', task ':sqflite_android:assembleDebug', task ':url_launcher_android:stripDebugDebugSymbols', task ':url_launcher_android:copyDebugJniLibsProjectAndLocalJars', task ':url_launcher_android:extractDebugAnnotations', task ':url_launcher_android:extractDeepLinksForAarDebug', task ':url_launcher_android:mergeDebugGeneratedProguardFiles', task ':url_launcher_android:mergeDebugConsumerProguardFiles', task ':url_launcher_android:prepareDebugArtProfile', task ':url_launcher_android:prepareLintJarForPublish', task ':url_launcher_android:mergeDebugJavaResource', task ':url_launcher_android:syncDebugLibJars', task ':url_launcher_android:bundleDebugAar', task ':url_launcher_android:assembleDebug', task ':video_player_android:stripDebugDebugSymbols', task ':video_player_android:copyDebugJniLibsProjectAndLocalJars', task ':video_player_android:extractDebugAnnotations', task ':video_player_android:extractDeepLinksForAarDebug', task ':video_player_android:mergeDebugGeneratedProguardFiles', task ':video_player_android:mergeDebugConsumerProguardFiles', task ':video_player_android:prepareDebugArtProfile', task ':video_player_android:prepareLintJarForPublish', task ':video_player_android:mergeDebugJavaResource', task ':video_player_android:syncDebugLibJars', task ':video_player_android:bundleDebugAar', task ':video_player_android:assembleDebug']
[        ] Tasks that were excluded: []
[        ] work action Parameters of ClassesDirToClassesTransform (Thread[#38144,Execution worker Thread 6,5,main]) started.
[        ] work action Parameters of DexingNoClasspathTransform (Thread[#38144,Execution worker Thread 6,5,main]) started.
[        ] Resolve mutations for :app:preBuild (Thread[#38144,Execution worker Thread 6,5,main]) started.
[        ] :app:preBuild (Thread[#38144,Execution worker Thread 6,5,main]) started.
[        ] > Task :app:preBuild UP-TO-DATE
[        ] Skipping task ':app:preBuild' as it has no actions.
[        ] Resolve mutations for :app:preDebugBuild (Thread[#38144,Execution worker Thread 6,5,main]) started.
[        ] :app:preDebugBuild (Thread[#38144,Execution worker Thread 6,5,main]) started.
[        ] > Task :app:preDebugBuild UP-TO-DATE
[        ] Skipping task ':app:preDebugBuild' as it has no actions.
[        ] Resolve mutations for :app:mergeDebugNativeDebugMetadata (Thread[#38144,Execution worker Thread 6,5,main]) started.
[        ] :app:mergeDebugNativeDebugMetadata (Thread[#38144,Execution worker Thread 6,5,main]) started.
[        ] > Task :app:mergeDebugNativeDebugMetadata NO-SOURCE
[        ] Skipping task ':app:mergeDebugNativeDebugMetadata' as it has no source files and no previous output files.
[        ] Resolve mutations for :app:checkKotlinGradlePluginConfigurationErrors (Thread[#38144,Execution worker Thread 6,5,main]) started.
[        ] :app:checkKotlinGradlePluginConfigurationErrors (Thread[#38144,Execution worker Thread 6,5,main]) started.
[        ] > Task :app:checkKotlinGradlePluginConfigurationErrors SKIPPED
[        ] Skipping task ':app:checkKotlinGradlePluginConfigurationErrors' as task onlyIf 'errorDiagnostics are present' is false.
[        ] Resolve mutations for :app:compileFlutterBuildDebug (Thread[#38144,Execution worker Thread 6,5,main]) started.
[        ] :app:compileFlutterBuildDebug (Thread[#38144,Execution worker Thread 6,5,main]) started.
02:24 +1 -6: loading /Users/florian/Code/substitution/integration_test/room_feed_with_matrix_test.dart                                                                                                 02:25 +1 -6: loading /Users/florian/Code/substitution/integration_test/room_feed_with_matrix_test.dart                                                                                                 [+1997 ms] > Task :app:compileFlutterBuildDebug
[        ] Caching disabled for task ':app:compileFlutterBuildDebug' because:
[        ]   Build cache is disabled
[        ]   Caching has not been enabled for the task
[        ] Task ':app:compileFlutterBuildDebug' is not up-to-date because:
[        ]   Value of input property 'targetPath' has changed for task ':app:compileFlutterBuildDebug'
[        ] Starting process 'command '/opt/homebrew/share/flutter/bin/flutter''. Working directory: /Users/florian/Code/substitution Command: /opt/homebrew/share/flutter/bin/flutter --verbose assemble --no-version-check --depfile /Users/florian/Code/substitution/build/app/intermediates/flutter/debug/flutter_build.d --output /Users/florian/Code/substitution/build/app/intermediates/flutter/debug -dTargetFile=/var/folders/l_/w8pnbb9d38n57pzg9j98fmy80000gn/T/flutter_tools.wuOse9/flutter_test_listener.duwr9f/listener.dart -dTargetPlatform=android -dBuildMode=debug -dTrackWidgetCreation=true --DartDefines=TUFUUklYX1NFUlZFUj1odHRwOi8vbG9jYWxob3N0OjgwMDg=,TUFUUklYX1RFU1RfVVNFUj0=,TUFUUklYX1RFU1RfUEFTU1dPUkQ9,RkxVVFRFUl9WRVJTSU9OPTMuMzguOQ==,RkxVVFRFUl9DSEFOTkVMPXN0YWJsZQ==,RkxVVFRFUl9HSVRfVVJMPWh0dHBzOi8vZ2l0aHViLmNvbS9mbHV0dGVyL2ZsdXR0ZXIuZ2l0,RkxVVFRFUl9GUkFNRVdPUktfUkVWSVNJT049NjczMjNkZTI4NQ==,RkxVVFRFUl9FTkdJTkVfUkVWSVNJT049NTg3YzE4Zjg3Mw==,RkxVVFRFUl9EQVJUX1ZFUlNJT049My4xMC44,SU5URUdSQVRJT05fVEVTVF9TSE9VTERfUkVQT1JUX1JFU1VMVFNfVE9fTkFUSVZFPWZhbHNl -dFlavor= -dAndroidArchs=android-arm64 -dMinSdkVersion=24 debug_android_application
[        ] Successfully started process 'command '/opt/homebrew/share/flutter/bin/flutter''
[        ] [  +20 ms] executing: sysctl hw.optional.arm64
[        ] [   +3 ms] Exit code 0 from: sysctl hw.optional.arm64
[        ] [        ] hw.optional.arm64: 1
[        ] [   +3 ms] Artifact Instance of 'MaterialFonts' is not required, skipping update.
[        ] [        ] Artifact Instance of 'GradleWrapper' is not required, skipping update.
[        ] [        ] Artifact Instance of 'AndroidGenSnapshotArtifacts' is not required, skipping update.
[        ] [        ] Artifact Instance of 'AndroidInternalBuildArtifacts' is not required, skipping update.
[        ] [        ] Artifact Instance of 'IOSEngineArtifacts' is not required, skipping update.
[        ] [        ] Artifact Instance of 'FlutterWebSdk' is not required, skipping update.
[        ] [        ] Artifact Instance of 'LegacyCanvasKitRemover' is not required, skipping update.
[        ] [        ] Artifact Instance of 'FlutterSdk' is not required, skipping update.
[        ] [        ] Artifact Instance of 'WindowsEngineArtifacts' is not required, skipping update.
[        ] [        ] Artifact Instance of 'MacOSEngineArtifacts' is not required, skipping update.
[        ] [        ] Artifact Instance of 'LinuxEngineArtifacts' is not required, skipping update.
[        ] [        ] Artifact Instance of 'LinuxFuchsiaSDKArtifacts' is not required, skipping update.
[        ] [        ] Artifact Instance of 'MacOSFuchsiaSDKArtifacts' is not required, skipping update.
[        ] [        ] Artifact Instance of 'FlutterRunnerSDKArtifacts' is not required, skipping update.
[        ] [        ] Artifact Instance of 'FlutterRunnerDebugSymbols' is not required, skipping update.
[        ] [        ] Artifact Instance of 'IosUsbArtifacts' is not required, skipping update.
[        ] [        ] Artifact Instance of 'IosUsbArtifacts' is not required, skipping update.
[        ] [        ] Artifact Instance of 'IosUsbArtifacts' is not required, skipping update.
[        ] [        ] Artifact Instance of 'IosUsbArtifacts' is not required, skipping update.
[        ] [        ] Artifact Instance of 'IosUsbArtifacts' is not required, skipping update.
[        ] [        ] Artifact Instance of 'IosUsbArtifacts' is not required, skipping update.
[        ] [        ] Artifact Instance of 'FontSubsetArtifacts' is not required, skipping update.
[        ] [        ] Artifact Instance of 'PubDependencies' is not required, skipping update.
[        ] [   +3 ms] Artifact Instance of 'AndroidGenSnapshotArtifacts' is not required, skipping update.
[        ] [        ] Artifact Instance of 'AndroidInternalBuildArtifacts' is not required, skipping update.
[        ] [        ] Artifact Instance of 'IOSEngineArtifacts' is not required, skipping update.
[        ] [        ] Artifact Instance of 'FlutterWebSdk' is not required, skipping update.
[        ] [        ] Artifact Instance of 'FlutterEngineStamp' is not required, skipping update.
[        ] [        ] Artifact Instance of 'LegacyCanvasKitRemover' is not required, skipping update.
[        ] [        ] Artifact Instance of 'WindowsEngineArtifacts' is not required, skipping update.
[        ] [        ] Artifact Instance of 'MacOSEngineArtifacts' is not required, skipping update.
[        ] [        ] Artifact Instance of 'LinuxEngineArtifacts' is not required, skipping update.
[        ] [        ] Artifact Instance of 'LinuxFuchsiaSDKArtifacts' is not required, skipping update.
[        ] [        ] Artifact Instance of 'MacOSFuchsiaSDKArtifacts' is not required, skipping update.
[        ] [        ] Artifact Instance of 'FlutterRunnerSDKArtifacts' is not required, skipping update.
[        ] [        ] Artifact Instance of 'FlutterRunnerDebugSymbols' is not required, skipping update.
[        ] [  +22 ms] Artifact Instance of 'MaterialFonts' is not required, skipping update.
[        ] [        ] Artifact Instance of 'GradleWrapper' is not required, skipping update.
[        ] [        ] Artifact Instance of 'AndroidInternalBuildArtifacts' is not required, skipping update.
[        ] [        ] Artifact Instance of 'IOSEngineArtifacts' is not required, skipping update.
[        ] [        ] Artifact Instance of 'FlutterWebSdk' is not required, skipping update.
[        ] [        ] Artifact Instance of 'FlutterEngineStamp' is not required, skipping update.
[        ] [        ] Artifact Instance of 'LegacyCanvasKitRemover' is not required, skipping update.
[        ] [        ] Artifact Instance of 'FlutterSdk' is not required, skipping update.
[        ] [        ] Artifact Instance of 'WindowsEngineArtifacts' is not required, skipping update.
[        ] [        ] Artifact Instance of 'MacOSEngineArtifacts' is not required, skipping update.
[        ] [        ] Artifact Instance of 'LinuxEngineArtifacts' is not required, skipping update.
[        ] [        ] Artifact Instance of 'LinuxFuchsiaSDKArtifacts' is not required, skipping update.
[        ] [        ] Artifact Instance of 'MacOSFuchsiaSDKArtifacts' is not required, skipping update.
[        ] [        ] Artifact Instance of 'FlutterRunnerSDKArtifacts' is not required, skipping update.
[        ] [        ] Artifact Instance of 'FlutterRunnerDebugSymbols' is not required, skipping update.
[        ] [        ] Artifact Instance of 'IosUsbArtifacts' is not required, skipping update.
[        ] [        ] Artifact Instance of 'IosUsbArtifacts' is not required, skipping update.
[        ] [        ] Artifact Instance of 'IosUsbArtifacts' is not required, skipping update.
[        ] [        ] Artifact Instance of 'IosUsbArtifacts' is not required, skipping update.
[        ] [        ] Artifact Instance of 'IosUsbArtifacts' is not required, skipping update.
[        ] [        ] Artifact Instance of 'IosUsbArtifacts' is not required, skipping update.
[        ] [        ] Artifact Instance of 'FontSubsetArtifacts' is not required, skipping update.
[        ] [        ] Artifact Instance of 'PubDependencies' is not required, skipping update.
[        ] [  +20 ms] Initializing file store
[        ] [  +12 ms] dart_build: Starting due to {}
[        ] [        ] Skipping target: gen_localizations
[        ] [        ] gen_dart_plugin_registrant: Starting due to {InvalidatedReasonKind.outputSetAddition: The following outputs were added to the output set: /Users/florian/Code/substitution/.dart_tool/flutter_build/dart_plugin_registrant.dart, InvalidatedReasonKind.inputChanged: The following inputs have updated contents: /Users/florian/Code/substitution/.dart_tool/package_config.json}
[        ] [  +43 ms] Found plugin integration_test at /opt/homebrew/share/flutter/packages/integration_test/
[        ] [  +19 ms] Found plugin flutter_native_splash at /Users/florian/.pub-cache/hosted/pub.dev/flutter_native_splash-2.4.7/
[        ] [  +13 ms] Building native assets for android_arm64.
[        ] [  +24 ms] Found plugin connectivity_plus at /Users/florian/.pub-cache/hosted/pub.dev/connectivity_plus-5.0.2/
[        ] [   +5 ms] input.json contents:
[        ]            {
[        ]              "assets": {},
[        ]              "config": {
[        ]                "build_asset_types": [
[        ]                  "code_assets/code"
[        ]                ],
[        ]                "extensions": {
[        ]                  "code_assets": {
[        ]                    "android": {
[        ]                      "target_ndk_api": 24
[        ]                    },
[        ]                    "c_compiler": {
[        ]                      "ar": "/Users/florian/Library/Android/sdk/ndk/28.2.13676358/toolchains/llvm/prebuilt/darwin-x86_64/bin/llvm-ar",
[        ]                      "cc": "/Users/florian/Library/Android/sdk/ndk/28.2.13676358/toolchains/llvm/prebuilt/darwin-x86_64/bin/clang",
[        ]                      "ld": "/Users/florian/Library/Android/sdk/ndk/28.2.13676358/toolchains/llvm/prebuilt/darwin-x86_64/bin/ld.lld"
[        ]                    },
[        ]                    "link_mode_preference": "dynamic",
[        ]                    "target_architecture": "arm64",
[        ]                    "target_os": "android"
[        ]                  }
[        ]                },
[        ]                "linking_enabled": false
[        ]              },
[        ]              "out_dir_shared": "/Users/florian/Code/substitution/.dart_tool/hooks_runner/shared/objective_c/build/",
[        ]              "out_file": "/Users/florian/Code/substitution/.dart_tool/hooks_runner/objective_c/842b8c761140c2c0e73191c57a372e73/output.json",
[        ]              "package_name": "objective_c",
[        ]              "package_root": "/Users/florian/.pub-cache/hosted/pub.dev/objective_c-9.2.5/",
[        ]              "user_defines": {}
[        ]            }
[        ] [   +3 ms] output.json contents:
[        ]            {
[        ]              "assets_for_linking": {},
[        ]              "status": "success",
[        ]              "timestamp": "2026-02-16 21:57:23.000"
[        ]            }
[        ] [   +2 ms] Skipping build for objective_c in /Users/florian/Code/substitution/.dart_tool/hooks_runner/objective_c/842b8c761140c2c0e73191c57a372e73/. Last build on 2026-02-16 21:57:23.000.
[        ] [   +3 ms] Building native assets for android_arm64 done.
[        ] [   +1 ms] dart_build: Complete
[        ] [   +2 ms] install_code_assets: Starting due to {}
[        ] [   +1 ms] Writing native assets json to file:///Users/florian/Code/substitution/.dart_tool/flutter_build/646db0b6d073579218644d7effd792c5/native_assets.json.
[        ] [   +1 ms] Writing /Users/florian/Code/substitution/.dart_tool/flutter_build/646db0b6d073579218644d7effd792c5/native_assets.json done.
[        ] [        ] Found plugin video_player at /Users/florian/.pub-cache/hosted/pub.dev/video_player-2.10.1/
[        ] [        ] install_code_assets: Complete
[        ] [   +1 ms] Found plugin video_player_web at /Users/florian/.pub-cache/hosted/pub.dev/video_player_web-2.4.0/
[        ] [   +1 ms] Found plugin video_player_avfoundation at /Users/florian/.pub-cache/hosted/pub.dev/video_player_avfoundation-2.9.1/
[        ] [        ] Found plugin video_player_android at /Users/florian/.pub-cache/hosted/pub.dev/video_player_android-2.9.1/
[        ] [        ] Found plugin url_launcher at /Users/florian/.pub-cache/hosted/pub.dev/url_launcher-6.3.2/
[        ] [        ] Found plugin url_launcher_windows at /Users/florian/.pub-cache/hosted/pub.dev/url_launcher_windows-3.1.5/
[        ] [        ] Found plugin url_launcher_web at /Users/florian/.pub-cache/hosted/pub.dev/url_launcher_web-2.4.2/
[        ] [        ] Found plugin url_launcher_macos at /Users/florian/.pub-cache/hosted/pub.dev/url_launcher_macos-3.2.5/
[        ] [        ] Found plugin url_launcher_linux at /Users/florian/.pub-cache/hosted/pub.dev/url_launcher_linux-3.2.2/
[        ] [        ] Found plugin url_launcher_ios at /Users/florian/.pub-cache/hosted/pub.dev/url_launcher_ios-6.3.6/
[        ] [        ] Found plugin url_launcher_android at /Users/florian/.pub-cache/hosted/pub.dev/url_launcher_android-6.3.28/
[        ] [   +4 ms] Found plugin sqflite at /Users/florian/.pub-cache/hosted/pub.dev/sqflite-2.4.2/
[        ] [   +1 ms] Found plugin sqflite_darwin at /Users/florian/.pub-cache/hosted/pub.dev/sqflite_darwin-2.4.2/
[        ] [   +1 ms] Found plugin sqflite_android at /Users/florian/.pub-cache/hosted/pub.dev/sqflite_android-2.4.2+2/
[        ] [   +2 ms] Found plugin path_provider at /Users/florian/.pub-cache/hosted/pub.dev/path_provider-2.1.5/
[        ] [   +1 ms] Found plugin path_provider_windows at /Users/florian/.pub-cache/hosted/pub.dev/path_provider_windows-2.3.0/
[        ] [   +1 ms] Found plugin path_provider_linux at /Users/florian/.pub-cache/hosted/pub.dev/path_provider_linux-2.2.1/
[        ] [   +1 ms] Found plugin path_provider_foundation at /Users/florian/.pub-cache/hosted/pub.dev/path_provider_foundation-2.6.0/
[        ] [   +3 ms] Found plugin path_provider_android at /Users/florian/.pub-cache/hosted/pub.dev/path_provider_android-2.2.22/
[        ] [  +15 ms] Found plugin flutter_keyboard_visibility_temp_fork at /Users/florian/.pub-cache/hosted/pub.dev/flutter_keyboard_visibility_temp_fork-0.1.5/
[        ] [   +1 ms] Found plugin flutter_keyboard_visibility_windows at /Users/florian/.pub-cache/hosted/pub.dev/flutter_keyboard_visibility_windows-1.0.0/
[        ] [   +1 ms] Found plugin flutter_keyboard_visibility_macos at /Users/florian/.pub-cache/hosted/pub.dev/flutter_keyboard_visibility_macos-1.0.0/
[        ] [        ] Found plugin flutter_keyboard_visibility_linux at /Users/florian/.pub-cache/hosted/pub.dev/flutter_keyboard_visibility_linux-1.0.0/
[        ] [   +9 ms] Found plugin quill_native_bridge at /Users/florian/.pub-cache/hosted/pub.dev/quill_native_bridge-11.1.0/
[        ] [   +1 ms] Found plugin quill_native_bridge_windows at /Users/florian/.pub-cache/hosted/pub.dev/quill_native_bridge_windows-0.0.2/
[        ] [  +12 ms] Found plugin file_selector_windows at /Users/florian/.pub-cache/hosted/pub.dev/file_selector_windows-0.9.3+5/
[        ] [   +2 ms] Found plugin quill_native_bridge_web at /Users/florian/.pub-cache/hosted/pub.dev/quill_native_bridge_web-0.0.2/
[        ] [        ] Found plugin quill_native_bridge_macos at /Users/florian/.pub-cache/hosted/pub.dev/quill_native_bridge_macos-0.0.1/
[        ] [   +1 ms] Found plugin quill_native_bridge_ios at /Users/florian/.pub-cache/hosted/pub.dev/quill_native_bridge_ios-0.0.1/
[        ] [   +1 ms] Found plugin quill_native_bridge_android at /Users/florian/.pub-cache/hosted/pub.dev/quill_native_bridge_android-0.0.1+2/
[        ] [   +4 ms] Found plugin flutter_openssl_crypto at /Users/florian/.pub-cache/hosted/pub.dev/flutter_openssl_crypto-0.5.0/
[        ] [        ] Found plugin flutter_olm at /Users/florian/.pub-cache/hosted/pub.dev/flutter_olm-2.0.0/
[        ] [   +2 ms] Found plugin file_selector at /Users/florian/.pub-cache/hosted/pub.dev/file_selector-1.1.0/
[        ] [        ] Found plugin file_selector_web at /Users/florian/.pub-cache/hosted/pub.dev/file_selector_web-0.9.4+2/
[        ] [        ] Found plugin file_selector_macos at /Users/florian/.pub-cache/hosted/pub.dev/file_selector_macos-0.9.5/
[        ] [        ] Found plugin file_selector_linux at /Users/florian/.pub-cache/hosted/pub.dev/file_selector_linux-0.9.4/
[        ] [        ] Found plugin file_selector_ios at /Users/florian/.pub-cache/hosted/pub.dev/file_selector_ios-0.5.3+5/
[        ] [   +1 ms] Found plugin file_selector_android at /Users/florian/.pub-cache/hosted/pub.dev/file_selector_android-0.5.2+4/
[        ] [   +1 ms] Found plugin emoji_picker_flutter at /Users/florian/.pub-cache/hosted/pub.dev/emoji_picker_flutter-4.4.0/
[        ] [   +1 ms] Found plugin shared_preferences at /Users/florian/.pub-cache/hosted/pub.dev/shared_preferences-2.5.4/
[        ] [   +1 ms] Found plugin shared_preferences_windows at /Users/florian/.pub-cache/hosted/pub.dev/shared_preferences_windows-2.4.1/
[        ] [   +1 ms] Found plugin shared_preferences_web at /Users/florian/.pub-cache/hosted/pub.dev/shared_preferences_web-2.4.3/
[        ] [        ] Found plugin shared_preferences_linux at /Users/florian/.pub-cache/hosted/pub.dev/shared_preferences_linux-2.4.1/
[        ] [   +1 ms] Found plugin shared_preferences_foundation at /Users/florian/.pub-cache/hosted/pub.dev/shared_preferences_foundation-2.5.6/
[        ] [        ] Found plugin shared_preferences_android at /Users/florian/.pub-cache/hosted/pub.dev/shared_preferences_android-2.4.20/
[        ] [  +15 ms] Skipping generating dart_plugin_registrant.dart because it is up-to-date.
[        ] [        ] gen_dart_plugin_registrant: Complete
[        ] [   +1 ms] kernel_snapshot_program: Starting due to {}
[        ] [   +6 ms] /opt/homebrew/share/flutter/bin/cache/dart-sdk/bin/dartaotruntime /opt/homebrew/share/flutter/bin/cache/dart-sdk/bin/snapshots/frontend_server_aot.dart.snapshot --sdk-root /opt/homebrew/share/flutter/bin/cache/artifacts/engine/common/flutter_patched_sdk/ --target=flutter --no-print-incremental-dependencies -DMATRIX_SERVER=http://localhost:8008 -DMATRIX_TEST_USER= -DMATRIX_TEST_PASSWORD= -DFLUTTER_VERSION=3.38.9 -DFLUTTER_CHANNEL=stable -DFLUTTER_GIT_URL=https://github.com/flutter/flutter.git -DFLUTTER_FRAMEWORK_REVISION=67323de285 -DFLUTTER_ENGINE_REVISION=587c18f873 -DFLUTTER_DART_VERSION=3.10.8 -DINTEGRATION_TEST_SHOULD_REPORT_RESULTS_TO_NATIVE=false -DFLUTTER_APP_FLAVOR= -Ddart.vm.profile=false -Ddart.vm.product=false --enable-asserts --track-widget-creation --no-link-platform --packages /Users/florian/Code/substitution/.dart_tool/package_config.json --output-dill /Users/florian/Code/substitution/.dart_tool/flutter_build/646db0b6d073579218644d7effd792c5/app.dill --depfile /Users/florian/Code/substitution/.dart_tool/flutter_build/646db0b6d073579218644d7effd792c5/kernel_snapshot_program.d --incremental --initialize-from-dill /Users/florian/Code/substitution/.dart_tool/flutter_build/646db0b6d073579218644d7effd792c5/app.dill --source file:///Users/florian/Code/substitution/.dart_tool/flutter_build/dart_plugin_registrant.dart --source package:flutter/src/dart_plugin_registrant.dart -Dflutter.dart_plugin_registrant=file:///Users/florian/Code/substitution/.dart_tool/flutter_build/dart_plugin_registrant.dart --verbosity=error file:///var/folders/l_/w8pnbb9d38n57pzg9j98fmy80000gn/T/flutter_tools.wuOse9/flutter_test_listener.duwr9f/listener.dart
02:26 +1 -6: loading /Users/florian/Code/substitution/integration_test/room_feed_with_matrix_test.dart                                                                                                 02:27 +1 -6: loading /Users/florian/Code/substitution/integration_test/room_feed_with_matrix_test.dart                                                                                                 02:28 +1 -6: loading /Users/florian/Code/substitution/integration_test/room_feed_with_matrix_test.dart                                                                                                 02:29 +1 -6: loading /Users/florian/Code/substitution/integration_test/room_feed_with_matrix_test.dart                                                                                                 02:30 +1 -6: loading /Users/florian/Code/substitution/integration_test/room_feed_with_matrix_test.dart                                                                                                 [+5193 ms] [+6794 ms] kernel_snapshot_program: Complete
02:31 +1 -6: loading /Users/florian/Code/substitution/integration_test/room_feed_with_matrix_test.dart                                                                                                 02:32 +1 -6: loading /Users/florian/Code/substitution/integration_test/room_feed_with_matrix_test.dart                                                                                                 [+1099 ms] [+1055 ms] debug_android_application: Starting due to {}
[  +94 ms] [ +101 ms] Manifest contained wildcard assets. Inserting missing file into build graph to force rerun. for more information see #56466.
[        ] [   +3 ms] shaderc command: [/opt/homebrew/share/flutter/bin/cache/artifacts/engine/darwin-x64/impellerc, --sksl, --runtime-stage-gles, --runtime-stage-gles3, --runtime-stage-vulkan, --iplr, --sl=/Users/florian/Code/substitution/build/app/intermediates/flutter/debug/flutter_assets/shaders/ink_sparkle.frag, --spirv=/Users/florian/Code/substitution/build/app/intermediates/flutter/debug/flutter_assets/shaders/ink_sparkle.frag.spirv, --input=/opt/homebrew/share/flutter/packages/flutter/lib/src/material/shaders/ink_sparkle.frag, --input-type=frag, --include=/opt/homebrew/share/flutter/packages/flutter/lib/src/material/shaders, --include=/opt/homebrew/share/flutter/bin/cache/artifacts/engine/darwin-x64/shader_lib]
[        ] [        ] shaderc command: [/opt/homebrew/share/flutter/bin/cache/artifacts/engine/darwin-x64/impellerc, --sksl, --runtime-stage-gles, --runtime-stage-gles3, --runtime-stage-vulkan, --iplr, --sl=/Users/florian/Code/substitution/build/app/intermediates/flutter/debug/flutter_assets/shaders/stretch_effect.frag, --spirv=/Users/florian/Code/substitution/build/app/intermediates/flutter/debug/flutter_assets/shaders/stretch_effect.frag.spirv, --input=/opt/homebrew/share/flutter/packages/flutter/lib/src/material/shaders/stretch_effect.frag, --input-type=frag, --include=/opt/homebrew/share/flutter/packages/flutter/lib/src/material/shaders, --include=/opt/homebrew/share/flutter/bin/cache/artifacts/engine/darwin-x64/shader_lib]
[ +309 ms] [ +319 ms] debug_android_application: Complete
02:33 +1 -6: loading /Users/florian/Code/substitution/integration_test/room_feed_with_matrix_test.dart                                                                                                 [ +990 ms] [ +949 ms] Persisting file store
[        ] [   +6 ms] Done persisting file store
[        ] [  +15 ms] build succeeded.
[        ] [   +3 ms] "flutter assemble" took 9.548ms.
[        ] [   +2 ms] executing: sw_vers -productName
[        ] [   +9 ms] Exit code 0 from: sw_vers -productName
[        ] [        ] macOS
[        ] [        ] executing: sw_vers -productVersion
[        ] [   +8 ms] Exit code 0 from: sw_vers -productVersion
[        ] [        ] 26.1
[        ] [        ] executing: sw_vers -buildVersion
[        ] [   +7 ms] Exit code 0 from: sw_vers -buildVersion
[        ] [        ] 25B78
[        ] [        ] executing: uname -m
[        ] [   +3 ms] Exit code 0 from: uname -m
[        ] [        ] arm64
[        ] [  +21 ms] Running 1 shutdown hook
[        ] [        ] Shutdown hooks complete
[ +103 ms] [  +50 ms] exiting with code 0
[ +105 ms] Resolve mutations for :app:packJniLibsflutterBuildDebug (Thread[#38144,Execution worker Thread 6,5,main]) started.
[        ] :app:packJniLibsflutterBuildDebug (Thread[#38155,Execution worker Thread 17,5,main]) started.
[        ] > Task :app:packJniLibsflutterBuildDebug UP-TO-DATE
[        ] Caching disabled for task ':app:packJniLibsflutterBuildDebug' because:
[        ]   Build cache is disabled
[        ]   Not worth caching
[        ] Skipping task ':app:packJniLibsflutterBuildDebug' as it is up-to-date.
[        ] Resolve mutations for :connectivity_plus:preBuild (Thread[#38155,Execution worker Thread 17,5,main]) started.
[        ] :connectivity_plus:preBuild (Thread[#38155,Execution worker Thread 17,5,main]) started.
[        ] > Task :connectivity_plus:preBuild UP-TO-DATE
[        ] Skipping task ':connectivity_plus:preBuild' as it has no actions.
[        ] Resolve mutations for :connectivity_plus:preDebugBuild (Thread[#38155,Execution worker Thread 17,5,main]) started.
[        ] :connectivity_plus:preDebugBuild (Thread[#38155,Execution worker Thread 17,5,main]) started.
[        ] > Task :connectivity_plus:preDebugBuild UP-TO-DATE
[        ] Skipping task ':connectivity_plus:preDebugBuild' as it has no actions.
[        ] Resolve mutations for :connectivity_plus:writeDebugAarMetadata (Thread[#38155,Execution worker Thread 17,5,main]) started.
[        ] :connectivity_plus:writeDebugAarMetadata (Thread[#38155,Execution worker Thread 17,5,main]) started.
[        ] > Task :connectivity_plus:writeDebugAarMetadata UP-TO-DATE
[        ] Caching disabled for task ':connectivity_plus:writeDebugAarMetadata' because:
[        ]   Build cache is disabled
[        ]   Caching has been disabled for the task
[        ] Skipping task ':connectivity_plus:writeDebugAarMetadata' as it is up-to-date.
[        ] work action resolve aar-metadata.properties (project :connectivity_plus) (Thread[#38155,Execution worker Thread 17,5,main]) started.
[        ] Resolve mutations for :emoji_picker_flutter:preBuild (Thread[#38155,Execution worker Thread 17,5,main]) started.
[        ] :emoji_picker_flutter:preBuild (Thread[#38156,Execution worker Thread 18,5,main]) started.
[        ] > Task :emoji_picker_flutter:preBuild UP-TO-DATE
[        ] Skipping task ':emoji_picker_flutter:preBuild' as it has no actions.
[        ] Resolve mutations for :emoji_picker_flutter:preDebugBuild (Thread[#38156,Execution worker Thread 18,5,main]) started.
[        ] :emoji_picker_flutter:preDebugBuild (Thread[#38156,Execution worker Thread 18,5,main]) started.
[        ] > Task :emoji_picker_flutter:preDebugBuild UP-TO-DATE
[        ] Skipping task ':emoji_picker_flutter:preDebugBuild' as it has no actions.
[        ] Resolve mutations for :emoji_picker_flutter:writeDebugAarMetadata (Thread[#38156,Execution worker Thread 18,5,main]) started.
[        ] :emoji_picker_flutter:writeDebugAarMetadata (Thread[#38166,Execution worker Thread 28,5,main]) started.
[        ] > Task :emoji_picker_flutter:writeDebugAarMetadata UP-TO-DATE
[        ] Caching disabled for task ':emoji_picker_flutter:writeDebugAarMetadata' because:
[        ]   Build cache is disabled
[        ]   Caching has been disabled for the task
[        ] Skipping task ':emoji_picker_flutter:writeDebugAarMetadata' as it is up-to-date.
[        ] work action resolve aar-metadata.properties (project :emoji_picker_flutter) (Thread[#38166,Execution worker Thread 28,5,main]) started.
[        ] Resolve mutations for :file_selector_android:preBuild (Thread[#38166,Execution worker Thread 28,5,main]) started.
[        ] :file_selector_android:preBuild (Thread[#38166,Execution worker Thread 28,5,main]) started.
[        ] > Task :file_selector_android:preBuild UP-TO-DATE
[        ] Skipping task ':file_selector_android:preBuild' as it has no actions.
[        ] Resolve mutations for :file_selector_android:preDebugBuild (Thread[#38166,Execution worker Thread 28,5,main]) started.
[        ] :file_selector_android:preDebugBuild (Thread[#38166,Execution worker Thread 28,5,main]) started.
[        ] > Task :file_selector_android:preDebugBuild UP-TO-DATE
[        ] Skipping task ':file_selector_android:preDebugBuild' as it has no actions.
[        ] Resolve mutations for :file_selector_android:writeDebugAarMetadata (Thread[#38166,Execution worker Thread 28,5,main]) started.
[        ] :file_selector_android:writeDebugAarMetadata (Thread[#38166,Execution worker Thread 28,5,main]) started.
[        ] > Task :file_selector_android:writeDebugAarMetadata UP-TO-DATE
[        ] Caching disabled for task ':file_selector_android:writeDebugAarMetadata' because:
[        ]   Build cache is disabled
[        ]   Caching has been disabled for the task
[        ] Skipping task ':file_selector_android:writeDebugAarMetadata' as it is up-to-date.
[        ] work action resolve aar-metadata.properties (project :file_selector_android) (Thread[#38166,Execution worker Thread 28,5,main]) started.
[        ] Resolve mutations for :flutter_keyboard_visibility_temp_fork:preBuild (Thread[#38166,Execution worker Thread 28,5,main]) started.
[        ] :flutter_keyboard_visibility_temp_fork:preBuild (Thread[#38166,Execution worker Thread 28,5,main]) started.
[        ] > Task :flutter_keyboard_visibility_temp_fork:preBuild UP-TO-DATE
[        ] Skipping task ':flutter_keyboard_visibility_temp_fork:preBuild' as it has no actions.
[        ] Resolve mutations for :flutter_keyboard_visibility_temp_fork:preDebugBuild (Thread[#38166,Execution worker Thread 28,5,main]) started.
[        ] :flutter_keyboard_visibility_temp_fork:preDebugBuild (Thread[#38166,Execution worker Thread 28,5,main]) started.
[        ] > Task :flutter_keyboard_visibility_temp_fork:preDebugBuild UP-TO-DATE
[        ] Skipping task ':flutter_keyboard_visibility_temp_fork:preDebugBuild' as it has no actions.
[        ] Resolve mutations for :flutter_keyboard_visibility_temp_fork:writeDebugAarMetadata (Thread[#38166,Execution worker Thread 28,5,main]) started.
[        ] :flutter_keyboard_visibility_temp_fork:writeDebugAarMetadata (Thread[#38166,Execution worker Thread 28,5,main]) started.
[        ] > Task :flutter_keyboard_visibility_temp_fork:writeDebugAarMetadata UP-TO-DATE
[        ] Caching disabled for task ':flutter_keyboard_visibility_temp_fork:writeDebugAarMetadata' because:
[        ]   Build cache is disabled
[        ]   Caching has been disabled for the task
[        ] Skipping task ':flutter_keyboard_visibility_temp_fork:writeDebugAarMetadata' as it is up-to-date.
[        ] work action resolve aar-metadata.properties (project :flutter_keyboard_visibility_temp_fork) (Thread[#38166,Execution worker Thread 28,5,main]) started.
[        ] Resolve mutations for :flutter_native_splash:preBuild (Thread[#38166,Execution worker Thread 28,5,main]) started.
[        ] :flutter_native_splash:preBuild (Thread[#38166,Execution worker Thread 28,5,main]) started.
[        ] > Task :flutter_native_splash:preBuild UP-TO-DATE
[        ] Skipping task ':flutter_native_splash:preBuild' as it has no actions.
[        ] Resolve mutations for :flutter_native_splash:preDebugBuild (Thread[#38166,Execution worker Thread 28,5,main]) started.
[        ] :flutter_native_splash:preDebugBuild (Thread[#38166,Execution worker Thread 28,5,main]) started.
[        ] > Task :flutter_native_splash:preDebugBuild UP-TO-DATE
[        ] Skipping task ':flutter_native_splash:preDebugBuild' as it has no actions.
[        ] Resolve mutations for :flutter_native_splash:writeDebugAarMetadata (Thread[#38166,Execution worker Thread 28,5,main]) started.
[        ] :flutter_native_splash:writeDebugAarMetadata (Thread[#38166,Execution worker Thread 28,5,main]) started.
[        ] > Task :flutter_native_splash:writeDebugAarMetadata UP-TO-DATE
[        ] Caching disabled for task ':flutter_native_splash:writeDebugAarMetadata' because:
[        ]   Build cache is disabled
[        ]   Caching has been disabled for the task
[        ] Skipping task ':flutter_native_splash:writeDebugAarMetadata' as it is up-to-date.
[        ] work action resolve aar-metadata.properties (project :flutter_native_splash) (Thread[#38166,Execution worker Thread 28,5,main]) started.
[        ] Resolve mutations for :flutter_olm:preBuild (Thread[#38166,Execution worker Thread 28,5,main]) started.
[        ] :flutter_olm:preBuild (Thread[#38166,Execution worker Thread 28,5,main]) started.
[        ] > Task :flutter_olm:preBuild UP-TO-DATE
[        ] Skipping task ':flutter_olm:preBuild' as it has no actions.
[        ] Resolve mutations for :flutter_olm:preDebugBuild (Thread[#38166,Execution worker Thread 28,5,main]) started.
[        ] :flutter_olm:preDebugBuild (Thread[#38166,Execution worker Thread 28,5,main]) started.
[        ] > Task :flutter_olm:preDebugBuild UP-TO-DATE
[        ] Skipping task ':flutter_olm:preDebugBuild' as it has no actions.
[        ] Resolve mutations for :flutter_olm:writeDebugAarMetadata (Thread[#38166,Execution worker Thread 28,5,main]) started.
[        ] :flutter_olm:writeDebugAarMetadata (Thread[#38166,Execution worker Thread 28,5,main]) started.
[        ] > Task :flutter_olm:writeDebugAarMetadata UP-TO-DATE
[        ] Caching disabled for task ':flutter_olm:writeDebugAarMetadata' because:
[        ]   Build cache is disabled
[        ]   Caching has been disabled for the task
[        ] Skipping task ':flutter_olm:writeDebugAarMetadata' as it is up-to-date.
[        ] work action resolve aar-metadata.properties (project :flutter_olm) (Thread[#38166,Execution worker Thread 28,5,main]) started.
[        ] Resolve mutations for :flutter_openssl_crypto:preBuild (Thread[#38166,Execution worker Thread 28,5,main]) started.
[        ] :flutter_openssl_crypto:preBuild (Thread[#38166,Execution worker Thread 28,5,main]) started.
[        ] > Task :flutter_openssl_crypto:preBuild UP-TO-DATE
[        ] Skipping task ':flutter_openssl_crypto:preBuild' as it has no actions.
[        ] Resolve mutations for :flutter_openssl_crypto:preDebugBuild (Thread[#38166,Execution worker Thread 28,5,main]) started.
[        ] :flutter_openssl_crypto:preDebugBuild (Thread[#38166,Execution worker Thread 28,5,main]) started.
[        ] > Task :flutter_openssl_crypto:preDebugBuild UP-TO-DATE
[        ] Skipping task ':flutter_openssl_crypto:preDebugBuild' as it has no actions.
[        ] Resolve mutations for :flutter_openssl_crypto:writeDebugAarMetadata (Thread[#38166,Execution worker Thread 28,5,main]) started.
[        ] :flutter_openssl_crypto:writeDebugAarMetadata (Thread[#38166,Execution worker Thread 28,5,main]) started.
[        ] > Task :flutter_openssl_crypto:writeDebugAarMetadata UP-TO-DATE
[        ] Caching disabled for task ':flutter_openssl_crypto:writeDebugAarMetadata' because:
[        ]   Build cache is disabled
[        ]   Caching has been disabled for the task
[        ] Skipping task ':flutter_openssl_crypto:writeDebugAarMetadata' as it is up-to-date.
[        ] work action resolve aar-metadata.properties (project :flutter_openssl_crypto) (Thread[#38166,Execution worker Thread 28,5,main]) started.
[        ] Resolve mutations for :integration_test:preBuild (Thread[#38166,Execution worker Thread 28,5,main]) started.
[        ] :integration_test:preBuild (Thread[#38166,Execution worker Thread 28,5,main]) started.
[        ] > Task :integration_test:preBuild UP-TO-DATE
[        ] Skipping task ':integration_test:preBuild' as it has no actions.
[        ] Resolve mutations for :integration_test:preDebugBuild (Thread[#38166,Execution worker Thread 28,5,main]) started.
[        ] :integration_test:preDebugBuild (Thread[#38166,Execution worker Thread 28,5,main]) started.
[        ] > Task :integration_test:preDebugBuild UP-TO-DATE
[        ] Skipping task ':integration_test:preDebugBuild' as it has no actions.
[        ] Resolve mutations for :integration_test:writeDebugAarMetadata (Thread[#38166,Execution worker Thread 28,5,main]) started.
[        ] :integration_test:writeDebugAarMetadata (Thread[#38166,Execution worker Thread 28,5,main]) started.
[        ] > Task :integration_test:writeDebugAarMetadata UP-TO-DATE
[        ] Caching disabled for task ':integration_test:writeDebugAarMetadata' because:
[        ]   Build cache is disabled
[        ]   Caching has been disabled for the task
[        ] Skipping task ':integration_test:writeDebugAarMetadata' as it is up-to-date.
[        ] work action resolve aar-metadata.properties (project :integration_test) (Thread[#38166,Execution worker Thread 28,5,main]) started.
[        ] Resolve mutations for :path_provider_android:preBuild (Thread[#38166,Execution worker Thread 28,5,main]) started.
[        ] :path_provider_android:preBuild (Thread[#38166,Execution worker Thread 28,5,main]) started.
[        ] > Task :path_provider_android:preBuild UP-TO-DATE
[        ] Skipping task ':path_provider_android:preBuild' as it has no actions.
[        ] Resolve mutations for :path_provider_android:preDebugBuild (Thread[#38166,Execution worker Thread 28,5,main]) started.
[        ] :path_provider_android:preDebugBuild (Thread[#38166,Execution worker Thread 28,5,main]) started.
[        ] > Task :path_provider_android:preDebugBuild UP-TO-DATE
[        ] Skipping task ':path_provider_android:preDebugBuild' as it has no actions.
[        ] Resolve mutations for :path_provider_android:writeDebugAarMetadata (Thread[#38166,Execution worker Thread 28,5,main]) started.
[        ] :path_provider_android:writeDebugAarMetadata (Thread[#38166,Execution worker Thread 28,5,main]) started.
[        ] > Task :path_provider_android:writeDebugAarMetadata UP-TO-DATE
[        ] Caching disabled for task ':path_provider_android:writeDebugAarMetadata' because:
[        ]   Build cache is disabled
[        ]   Caching has been disabled for the task
[        ] Skipping task ':path_provider_android:writeDebugAarMetadata' as it is up-to-date.
[        ] work action resolve aar-metadata.properties (project :path_provider_android) (Thread[#38166,Execution worker Thread 28,5,main]) started.
[        ] Resolve mutations for :quill_native_bridge_android:preBuild (Thread[#38155,Execution worker Thread 17,5,main]) started.
[        ] :quill_native_bridge_android:preBuild (Thread[#38155,Execution worker Thread 17,5,main]) started.
[        ] > Task :quill_native_bridge_android:preBuild UP-TO-DATE
[        ] Skipping task ':quill_native_bridge_android:preBuild' as it has no actions.
[        ] Resolve mutations for :quill_native_bridge_android:preDebugBuild (Thread[#38155,Execution worker Thread 17,5,main]) started.
[        ] :quill_native_bridge_android:preDebugBuild (Thread[#38155,Execution worker Thread 17,5,main]) started.
[        ] > Task :quill_native_bridge_android:preDebugBuild UP-TO-DATE
[        ] Skipping task ':quill_native_bridge_android:preDebugBuild' as it has no actions.
[        ] Resolve mutations for :quill_native_bridge_android:writeDebugAarMetadata (Thread[#38155,Execution worker Thread 17,5,main]) started.
[        ] :quill_native_bridge_android:writeDebugAarMetadata (Thread[#38155,Execution worker Thread 17,5,main]) started.
[        ] > Task :quill_native_bridge_android:writeDebugAarMetadata UP-TO-DATE
[        ] Caching disabled for task ':quill_native_bridge_android:writeDebugAarMetadata' because:
[        ]   Build cache is disabled
[        ]   Caching has been disabled for the task
[        ] Skipping task ':quill_native_bridge_android:writeDebugAarMetadata' as it is up-to-date.
[        ] work action resolve aar-metadata.properties (project :quill_native_bridge_android) (Thread[#38155,Execution worker Thread 17,5,main]) started.
[        ] Resolve mutations for :shared_preferences_android:preBuild (Thread[#38155,Execution worker Thread 17,5,main]) started.
[        ] :shared_preferences_android:preBuild (Thread[#38155,Execution worker Thread 17,5,main]) started.
[        ] > Task :shared_preferences_android:preBuild UP-TO-DATE
[        ] Skipping task ':shared_preferences_android:preBuild' as it has no actions.
[        ] Resolve mutations for :shared_preferences_android:preDebugBuild (Thread[#38155,Execution worker Thread 17,5,main]) started.
[        ] :shared_preferences_android:preDebugBuild (Thread[#38155,Execution worker Thread 17,5,main]) started.
[        ] > Task :shared_preferences_android:preDebugBuild UP-TO-DATE
[        ] Skipping task ':shared_preferences_android:preDebugBuild' as it has no actions.
[        ] Resolve mutations for :shared_preferences_android:writeDebugAarMetadata (Thread[#38155,Execution worker Thread 17,5,main]) started.
[        ] :shared_preferences_android:writeDebugAarMetadata (Thread[#38155,Execution worker Thread 17,5,main]) started.
[        ] > Task :shared_preferences_android:writeDebugAarMetadata UP-TO-DATE
[        ] Caching disabled for task ':shared_preferences_android:writeDebugAarMetadata' because:
[        ]   Build cache is disabled
[        ]   Caching has been disabled for the task
[        ] Skipping task ':shared_preferences_android:writeDebugAarMetadata' as it is up-to-date.
[        ] work action resolve aar-metadata.properties (project :shared_preferences_android) (Thread[#38155,Execution worker Thread 17,5,main]) started.
[        ] Resolve mutations for :sqflite_android:preBuild (Thread[#38155,Execution worker Thread 17,5,main]) started.
[        ] :sqflite_android:preBuild (Thread[#38155,Execution worker Thread 17,5,main]) started.
[        ] > Task :sqflite_android:preBuild UP-TO-DATE
[        ] Skipping task ':sqflite_android:preBuild' as it has no actions.
[        ] Resolve mutations for :sqflite_android:preDebugBuild (Thread[#38155,Execution worker Thread 17,5,main]) started.
[        ] :sqflite_android:preDebugBuild (Thread[#38155,Execution worker Thread 17,5,main]) started.
[        ] > Task :sqflite_android:preDebugBuild UP-TO-DATE
[        ] Skipping task ':sqflite_android:preDebugBuild' as it has no actions.
[        ] Resolve mutations for :sqflite_android:writeDebugAarMetadata (Thread[#38155,Execution worker Thread 17,5,main]) started.
[        ] :sqflite_android:writeDebugAarMetadata (Thread[#38155,Execution worker Thread 17,5,main]) started.
[        ] > Task :sqflite_android:writeDebugAarMetadata UP-TO-DATE
[        ] Caching disabled for task ':sqflite_android:writeDebugAarMetadata' because:
[        ]   Build cache is disabled
[        ]   Caching has been disabled for the task
[        ] Skipping task ':sqflite_android:writeDebugAarMetadata' as it is up-to-date.
[        ] work action resolve aar-metadata.properties (project :sqflite_android) (Thread[#38155,Execution worker Thread 17,5,main]) started.
[        ] Resolve mutations for :url_launcher_android:preBuild (Thread[#38155,Execution worker Thread 17,5,main]) started.
[        ] :url_launcher_android:preBuild (Thread[#38155,Execution worker Thread 17,5,main]) started.
[        ] > Task :url_launcher_android:preBuild UP-TO-DATE
[        ] Skipping task ':url_launcher_android:preBuild' as it has no actions.
[        ] Resolve mutations for :url_launcher_android:preDebugBuild (Thread[#38155,Execution worker Thread 17,5,main]) started.
[        ] :url_launcher_android:preDebugBuild (Thread[#38155,Execution worker Thread 17,5,main]) started.
[        ] > Task :url_launcher_android:preDebugBuild UP-TO-DATE
[        ] Skipping task ':url_launcher_android:preDebugBuild' as it has no actions.
[        ] Resolve mutations for :url_launcher_android:writeDebugAarMetadata (Thread[#38155,Execution worker Thread 17,5,main]) started.
[        ] :url_launcher_android:writeDebugAarMetadata (Thread[#38155,Execution worker Thread 17,5,main]) started.
[        ] > Task :url_launcher_android:writeDebugAarMetadata UP-TO-DATE
[        ] Caching disabled for task ':url_launcher_android:writeDebugAarMetadata' because:
[        ]   Build cache is disabled
[        ]   Caching has been disabled for the task
[        ] Skipping task ':url_launcher_android:writeDebugAarMetadata' as it is up-to-date.
[        ] work action resolve aar-metadata.properties (project :url_launcher_android) (Thread[#38155,Execution worker Thread 17,5,main]) started.
[        ] Resolve mutations for :video_player_android:preBuild (Thread[#38155,Execution worker Thread 17,5,main]) started.
[        ] :video_player_android:preBuild (Thread[#38155,Execution worker Thread 17,5,main]) started.
[        ] > Task :video_player_android:preBuild UP-TO-DATE
[        ] Skipping task ':video_player_android:preBuild' as it has no actions.
[        ] Resolve mutations for :video_player_android:preDebugBuild (Thread[#38155,Execution worker Thread 17,5,main]) started.
[        ] :video_player_android:preDebugBuild (Thread[#38155,Execution worker Thread 17,5,main]) started.
[        ] > Task :video_player_android:preDebugBuild UP-TO-DATE
[        ] Skipping task ':video_player_android:preDebugBuild' as it has no actions.
[        ] Resolve mutations for :video_player_android:writeDebugAarMetadata (Thread[#38155,Execution worker Thread 17,5,main]) started.
[        ] :video_player_android:writeDebugAarMetadata (Thread[#38155,Execution worker Thread 17,5,main]) started.
[        ] > Task :video_player_android:writeDebugAarMetadata UP-TO-DATE
[        ] Caching disabled for task ':video_player_android:writeDebugAarMetadata' because:
[        ]   Build cache is disabled
[        ]   Caching has been disabled for the task
[        ] Skipping task ':video_player_android:writeDebugAarMetadata' as it is up-to-date.
[        ] work action resolve aar-metadata.properties (project :video_player_android) (Thread[#38155,Execution worker Thread 17,5,main]) started.
[        ] Resolve mutations for :app:checkDebugAarMetadata (Thread[#38155,Execution worker Thread 17,5,main]) started.
[        ] :app:checkDebugAarMetadata (Thread[#38155,Execution worker Thread 17,5,main]) started.
[        ] > Task :app:checkDebugAarMetadata UP-TO-DATE
[        ] Caching disabled for task ':app:checkDebugAarMetadata' because:
[        ]   Build cache is disabled
[        ]   Caching has been disabled for the task
[        ] Skipping task ':app:checkDebugAarMetadata' as it is up-to-date.
[        ] Resolve mutations for :app:cleanMergeDebugAssets (Thread[#38155,Execution worker Thread 17,5,main]) started.
[        ] :app:cleanMergeDebugAssets (Thread[#38165,Execution worker Thread 27,5,main]) started.
[        ] > Task :app:cleanMergeDebugAssets
[        ] Caching disabled for task ':app:cleanMergeDebugAssets' because:
[        ]   Build cache is disabled
[        ] Task ':app:cleanMergeDebugAssets' is not up-to-date because:
[        ]   Task has not declared any outputs despite executing actions.
[        ] Resolve mutations for :app:mergeDebugShaders (Thread[#38165,Execution worker Thread 27,5,main]) started.
[        ] :app:mergeDebugShaders (Thread[#38165,Execution worker Thread 27,5,main]) started.
[        ] > Task :app:mergeDebugShaders UP-TO-DATE
[        ] Caching disabled for task ':app:mergeDebugShaders' because:
[        ]   Build cache is disabled
[        ]   Simple merging task
[        ] Skipping task ':app:mergeDebugShaders' as it is up-to-date.
[        ] Resolve mutations for :app:compileDebugShaders (Thread[#38165,Execution worker Thread 27,5,main]) started.
[        ] :app:compileDebugShaders (Thread[#38165,Execution worker Thread 27,5,main]) started.
[        ] > Task :app:compileDebugShaders NO-SOURCE
[        ] Skipping task ':app:compileDebugShaders' as it has no source files and no previous output files.
[        ] Resolve mutations for :app:generateDebugAssets (Thread[#38165,Execution worker Thread 27,5,main]) started.
[        ] :app:generateDebugAssets (Thread[#38165,Execution worker Thread 27,5,main]) started.
[        ] > Task :app:generateDebugAssets UP-TO-DATE
[        ] Skipping task ':app:generateDebugAssets' as it has no actions.
[        ] Resolve mutations for :connectivity_plus:mergeDebugShaders (Thread[#38165,Execution worker Thread 27,5,main]) started.
[        ] :connectivity_plus:mergeDebugShaders (Thread[#38165,Execution worker Thread 27,5,main]) started.
[        ] > Task :connectivity_plus:mergeDebugShaders UP-TO-DATE
[        ] Caching disabled for task ':connectivity_plus:mergeDebugShaders' because:
[        ]   Build cache is disabled
[        ]   Simple merging task
[        ] Skipping task ':connectivity_plus:mergeDebugShaders' as it is up-to-date.
[        ] Resolve mutations for :connectivity_plus:compileDebugShaders (Thread[#38165,Execution worker Thread 27,5,main]) started.
[        ] :connectivity_plus:compileDebugShaders (Thread[#38165,Execution worker Thread 27,5,main]) started.
[        ] > Task :connectivity_plus:compileDebugShaders NO-SOURCE
[        ] Skipping task ':connectivity_plus:compileDebugShaders' as it has no source files and no previous output files.
[        ] Resolve mutations for :connectivity_plus:generateDebugAssets (Thread[#38165,Execution worker Thread 27,5,main]) started.
[        ] :connectivity_plus:generateDebugAssets (Thread[#38165,Execution worker Thread 27,5,main]) started.
[        ] > Task :connectivity_plus:generateDebugAssets UP-TO-DATE
[        ] Skipping task ':connectivity_plus:generateDebugAssets' as it has no actions.
[        ] Resolve mutations for :connectivity_plus:mergeDebugAssets (Thread[#38165,Execution worker Thread 27,5,main]) started.
[        ] :connectivity_plus:mergeDebugAssets (Thread[#38165,Execution worker Thread 27,5,main]) started.
[        ] > Task :connectivity_plus:mergeDebugAssets UP-TO-DATE
[        ] Caching disabled for task ':connectivity_plus:mergeDebugAssets' because:
[        ]   Build cache is disabled
[        ]   Simple merging task
[        ] Skipping task ':connectivity_plus:mergeDebugAssets' as it is up-to-date.
[        ] work action resolve mergeDebugAssets (project :connectivity_plus) (Thread[#38165,Execution worker Thread 27,5,main]) started.
[        ] Resolve mutations for :emoji_picker_flutter:mergeDebugShaders (Thread[#38165,Execution worker Thread 27,5,main]) started.
[        ] :emoji_picker_flutter:mergeDebugShaders (Thread[#38165,Execution worker Thread 27,5,main]) started.
[        ] > Task :emoji_picker_flutter:mergeDebugShaders UP-TO-DATE
[        ] Caching disabled for task ':emoji_picker_flutter:mergeDebugShaders' because:
[        ]   Build cache is disabled
[        ]   Simple merging task
[        ] Skipping task ':emoji_picker_flutter:mergeDebugShaders' as it is up-to-date.
[        ] Resolve mutations for :emoji_picker_flutter:compileDebugShaders (Thread[#38165,Execution worker Thread 27,5,main]) started.
[        ] :emoji_picker_flutter:compileDebugShaders (Thread[#38165,Execution worker Thread 27,5,main]) started.
[        ] > Task :emoji_picker_flutter:compileDebugShaders NO-SOURCE
[        ] Skipping task ':emoji_picker_flutter:compileDebugShaders' as it has no source files and no previous output files.
[        ] Resolve mutations for :emoji_picker_flutter:generateDebugAssets (Thread[#38165,Execution worker Thread 27,5,main]) started.
[        ] :emoji_picker_flutter:generateDebugAssets (Thread[#38165,Execution worker Thread 27,5,main]) started.
[        ] > Task :emoji_picker_flutter:generateDebugAssets UP-TO-DATE
[        ] Skipping task ':emoji_picker_flutter:generateDebugAssets' as it has no actions.
[        ] Resolve mutations for :emoji_picker_flutter:mergeDebugAssets (Thread[#38165,Execution worker Thread 27,5,main]) started.
[        ] :emoji_picker_flutter:mergeDebugAssets (Thread[#38165,Execution worker Thread 27,5,main]) started.
[        ] > Task :emoji_picker_flutter:mergeDebugAssets UP-TO-DATE
[        ] Caching disabled for task ':emoji_picker_flutter:mergeDebugAssets' because:
[        ]   Build cache is disabled
[        ]   Simple merging task
[        ] Skipping task ':emoji_picker_flutter:mergeDebugAssets' as it is up-to-date.
[        ] work action resolve mergeDebugAssets (project :emoji_picker_flutter) (Thread[#38165,Execution worker Thread 27,5,main]) started.
[        ] Resolve mutations for :file_selector_android:mergeDebugShaders (Thread[#38165,Execution worker Thread 27,5,main]) started.
[        ] :file_selector_android:mergeDebugShaders (Thread[#38165,Execution worker Thread 27,5,main]) started.
[        ] > Task :file_selector_android:mergeDebugShaders UP-TO-DATE
[        ] Caching disabled for task ':file_selector_android:mergeDebugShaders' because:
[        ]   Build cache is disabled
[        ]   Simple merging task
[        ] Skipping task ':file_selector_android:mergeDebugShaders' as it is up-to-date.
[        ] Resolve mutations for :file_selector_android:compileDebugShaders (Thread[#38165,Execution worker Thread 27,5,main]) started.
[        ] :file_selector_android:compileDebugShaders (Thread[#38165,Execution worker Thread 27,5,main]) started.
[        ] > Task :file_selector_android:compileDebugShaders NO-SOURCE
[        ] Skipping task ':file_selector_android:compileDebugShaders' as it has no source files and no previous output files.
[        ] Resolve mutations for :file_selector_android:generateDebugAssets (Thread[#38165,Execution worker Thread 27,5,main]) started.
[        ] :file_selector_android:generateDebugAssets (Thread[#38165,Execution worker Thread 27,5,main]) started.
[        ] > Task :file_selector_android:generateDebugAssets UP-TO-DATE
[        ] Skipping task ':file_selector_android:generateDebugAssets' as it has no actions.
[        ] Resolve mutations for :file_selector_android:mergeDebugAssets (Thread[#38165,Execution worker Thread 27,5,main]) started.
[        ] :file_selector_android:mergeDebugAssets (Thread[#38165,Execution worker Thread 27,5,main]) started.
[        ] > Task :file_selector_android:mergeDebugAssets UP-TO-DATE
[        ] Caching disabled for task ':file_selector_android:mergeDebugAssets' because:
[        ]   Build cache is disabled
[        ]   Simple merging task
[        ] Skipping task ':file_selector_android:mergeDebugAssets' as it is up-to-date.
[        ] work action resolve mergeDebugAssets (project :file_selector_android) (Thread[#38165,Execution worker Thread 27,5,main]) started.
[        ] Resolve mutations for :flutter_keyboard_visibility_temp_fork:mergeDebugShaders (Thread[#38165,Execution worker Thread 27,5,main]) started.
[        ] :flutter_keyboard_visibility_temp_fork:mergeDebugShaders (Thread[#38165,Execution worker Thread 27,5,main]) started.
[        ] > Task :flutter_keyboard_visibility_temp_fork:mergeDebugShaders UP-TO-DATE
[        ] Caching disabled for task ':flutter_keyboard_visibility_temp_fork:mergeDebugShaders' because:
[        ]   Build cache is disabled
[        ]   Simple merging task
[        ] Skipping task ':flutter_keyboard_visibility_temp_fork:mergeDebugShaders' as it is up-to-date.
[        ] Resolve mutations for :flutter_keyboard_visibility_temp_fork:compileDebugShaders (Thread[#38165,Execution worker Thread 27,5,main]) started.
[        ] :flutter_keyboard_visibility_temp_fork:compileDebugShaders (Thread[#38165,Execution worker Thread 27,5,main]) started.
[        ] > Task :flutter_keyboard_visibility_temp_fork:compileDebugShaders NO-SOURCE
[        ] Skipping task ':flutter_keyboard_visibility_temp_fork:compileDebugShaders' as it has no source files and no previous output files.
[        ] Resolve mutations for :flutter_keyboard_visibility_temp_fork:generateDebugAssets (Thread[#38165,Execution worker Thread 27,5,main]) started.
[        ] :flutter_keyboard_visibility_temp_fork:generateDebugAssets (Thread[#38165,Execution worker Thread 27,5,main]) started.
[        ] > Task :flutter_keyboard_visibility_temp_fork:generateDebugAssets UP-TO-DATE
[        ] Skipping task ':flutter_keyboard_visibility_temp_fork:generateDebugAssets' as it has no actions.
[        ] Resolve mutations for :flutter_keyboard_visibility_temp_fork:mergeDebugAssets (Thread[#38165,Execution worker Thread 27,5,main]) started.
[        ] :flutter_keyboard_visibility_temp_fork:mergeDebugAssets (Thread[#38165,Execution worker Thread 27,5,main]) started.
[        ] > Task :flutter_keyboard_visibility_temp_fork:mergeDebugAssets UP-TO-DATE
[        ] Caching disabled for task ':flutter_keyboard_visibility_temp_fork:mergeDebugAssets' because:
[        ]   Build cache is disabled
[        ]   Simple merging task
[        ] Skipping task ':flutter_keyboard_visibility_temp_fork:mergeDebugAssets' as it is up-to-date.
[        ] work action resolve mergeDebugAssets (project :flutter_keyboard_visibility_temp_fork) (Thread[#38165,Execution worker Thread 27,5,main]) started.
[        ] Resolve mutations for :flutter_native_splash:mergeDebugShaders (Thread[#38165,Execution worker Thread 27,5,main]) started.
[        ] :flutter_native_splash:mergeDebugShaders (Thread[#38165,Execution worker Thread 27,5,main]) started.
[        ] > Task :flutter_native_splash:mergeDebugShaders UP-TO-DATE
[        ] Caching disabled for task ':flutter_native_splash:mergeDebugShaders' because:
[        ]   Build cache is disabled
[        ]   Simple merging task
[        ] Skipping task ':flutter_native_splash:mergeDebugShaders' as it is up-to-date.
[        ] Resolve mutations for :flutter_native_splash:compileDebugShaders (Thread[#38165,Execution worker Thread 27,5,main]) started.
[        ] :flutter_native_splash:compileDebugShaders (Thread[#38165,Execution worker Thread 27,5,main]) started.
[        ] > Task :flutter_native_splash:compileDebugShaders NO-SOURCE
[        ] Skipping task ':flutter_native_splash:compileDebugShaders' as it has no source files and no previous output files.
[        ] Resolve mutations for :flutter_native_splash:generateDebugAssets (Thread[#38165,Execution worker Thread 27,5,main]) started.
[        ] :flutter_native_splash:generateDebugAssets (Thread[#38165,Execution worker Thread 27,5,main]) started.
[        ] > Task :flutter_native_splash:generateDebugAssets UP-TO-DATE
[        ] Skipping task ':flutter_native_splash:generateDebugAssets' as it has no actions.
[        ] Resolve mutations for :flutter_native_splash:mergeDebugAssets (Thread[#38165,Execution worker Thread 27,5,main]) started.
[        ] :flutter_native_splash:mergeDebugAssets (Thread[#38165,Execution worker Thread 27,5,main]) started.
[        ] > Task :flutter_native_splash:mergeDebugAssets UP-TO-DATE
[        ] Caching disabled for task ':flutter_native_splash:mergeDebugAssets' because:
[        ]   Build cache is disabled
[        ]   Simple merging task
[        ] Skipping task ':flutter_native_splash:mergeDebugAssets' as it is up-to-date.
[        ] work action resolve mergeDebugAssets (project :flutter_native_splash) (Thread[#38165,Execution worker Thread 27,5,main]) started.
[        ] Resolve mutations for :flutter_olm:mergeDebugShaders (Thread[#38165,Execution worker Thread 27,5,main]) started.
[        ] :flutter_olm:mergeDebugShaders (Thread[#38165,Execution worker Thread 27,5,main]) started.
[        ] > Task :flutter_olm:mergeDebugShaders UP-TO-DATE
[        ] Caching disabled for task ':flutter_olm:mergeDebugShaders' because:
[        ]   Build cache is disabled
[        ]   Simple merging task
[        ] Skipping task ':flutter_olm:mergeDebugShaders' as it is up-to-date.
[        ] Resolve mutations for :flutter_olm:compileDebugShaders (Thread[#38165,Execution worker Thread 27,5,main]) started.
[        ] :flutter_olm:compileDebugShaders (Thread[#38165,Execution worker Thread 27,5,main]) started.
[        ] > Task :flutter_olm:compileDebugShaders NO-SOURCE
[        ] Skipping task ':flutter_olm:compileDebugShaders' as it has no source files and no previous output files.
[        ] Resolve mutations for :flutter_olm:generateDebugAssets (Thread[#38165,Execution worker Thread 27,5,main]) started.
[        ] :flutter_olm:generateDebugAssets (Thread[#38165,Execution worker Thread 27,5,main]) started.
[        ] > Task :flutter_olm:generateDebugAssets UP-TO-DATE
[        ] Skipping task ':flutter_olm:generateDebugAssets' as it has no actions.
[        ] Resolve mutations for :flutter_olm:mergeDebugAssets (Thread[#38165,Execution worker Thread 27,5,main]) started.
[        ] :flutter_olm:mergeDebugAssets (Thread[#38165,Execution worker Thread 27,5,main]) started.
[        ] > Task :flutter_olm:mergeDebugAssets UP-TO-DATE
[        ] Caching disabled for task ':flutter_olm:mergeDebugAssets' because:
[        ]   Build cache is disabled
[        ]   Simple merging task
[        ] Skipping task ':flutter_olm:mergeDebugAssets' as it is up-to-date.
[        ] work action resolve mergeDebugAssets (project :flutter_olm) (Thread[#38165,Execution worker Thread 27,5,main]) started.
[        ] Resolve mutations for :flutter_openssl_crypto:mergeDebugShaders (Thread[#38165,Execution worker Thread 27,5,main]) started.
[        ] :flutter_openssl_crypto:mergeDebugShaders (Thread[#38165,Execution worker Thread 27,5,main]) started.
[        ] > Task :flutter_openssl_crypto:mergeDebugShaders UP-TO-DATE
[        ] Caching disabled for task ':flutter_openssl_crypto:mergeDebugShaders' because:
[        ]   Build cache is disabled
[        ]   Simple merging task
[        ] Skipping task ':flutter_openssl_crypto:mergeDebugShaders' as it is up-to-date.
[        ] Resolve mutations for :flutter_openssl_crypto:compileDebugShaders (Thread[#38165,Execution worker Thread 27,5,main]) started.
[        ] :flutter_openssl_crypto:compileDebugShaders (Thread[#38165,Execution worker Thread 27,5,main]) started.
[        ] > Task :flutter_openssl_crypto:compileDebugShaders NO-SOURCE
[        ] Skipping task ':flutter_openssl_crypto:compileDebugShaders' as it has no source files and no previous output files.
[        ] Resolve mutations for :flutter_openssl_crypto:generateDebugAssets (Thread[#38165,Execution worker Thread 27,5,main]) started.
[        ] :flutter_openssl_crypto:generateDebugAssets (Thread[#38165,Execution worker Thread 27,5,main]) started.
[        ] > Task :flutter_openssl_crypto:generateDebugAssets UP-TO-DATE
[        ] Skipping task ':flutter_openssl_crypto:generateDebugAssets' as it has no actions.
[        ] Resolve mutations for :flutter_openssl_crypto:mergeDebugAssets (Thread[#38165,Execution worker Thread 27,5,main]) started.
[        ] :flutter_openssl_crypto:mergeDebugAssets (Thread[#38165,Execution worker Thread 27,5,main]) started.
[        ] > Task :flutter_openssl_crypto:mergeDebugAssets UP-TO-DATE
[        ] Caching disabled for task ':flutter_openssl_crypto:mergeDebugAssets' because:
[        ]   Build cache is disabled
[        ]   Simple merging task
[        ] Skipping task ':flutter_openssl_crypto:mergeDebugAssets' as it is up-to-date.
[        ] work action resolve mergeDebugAssets (project :flutter_openssl_crypto) (Thread[#38165,Execution worker Thread 27,5,main]) started.
[        ] Resolve mutations for :integration_test:mergeDebugShaders (Thread[#38165,Execution worker Thread 27,5,main]) started.
[        ] :integration_test:mergeDebugShaders (Thread[#38165,Execution worker Thread 27,5,main]) started.
[        ] > Task :integration_test:mergeDebugShaders UP-TO-DATE
[        ] Caching disabled for task ':integration_test:mergeDebugShaders' because:
[        ]   Build cache is disabled
[        ]   Simple merging task
[        ] Skipping task ':integration_test:mergeDebugShaders' as it is up-to-date.
[        ] Resolve mutations for :integration_test:compileDebugShaders (Thread[#38165,Execution worker Thread 27,5,main]) started.
[        ] :integration_test:compileDebugShaders (Thread[#38165,Execution worker Thread 27,5,main]) started.
[        ] > Task :integration_test:compileDebugShaders NO-SOURCE
[        ] Skipping task ':integration_test:compileDebugShaders' as it has no source files and no previous output files.
[        ] Resolve mutations for :integration_test:generateDebugAssets (Thread[#38165,Execution worker Thread 27,5,main]) started.
[        ] :integration_test:generateDebugAssets (Thread[#38165,Execution worker Thread 27,5,main]) started.
[        ] > Task :integration_test:generateDebugAssets UP-TO-DATE
[        ] Skipping task ':integration_test:generateDebugAssets' as it has no actions.
[        ] Resolve mutations for :integration_test:mergeDebugAssets (Thread[#38165,Execution worker Thread 27,5,main]) started.
[        ] :integration_test:mergeDebugAssets (Thread[#38165,Execution worker Thread 27,5,main]) started.
[        ] > Task :integration_test:mergeDebugAssets UP-TO-DATE
[        ] Caching disabled for task ':integration_test:mergeDebugAssets' because:
[        ]   Build cache is disabled
[        ]   Simple merging task
[        ] Skipping task ':integration_test:mergeDebugAssets' as it is up-to-date.
[        ] work action resolve mergeDebugAssets (project :integration_test) (Thread[#38165,Execution worker Thread 27,5,main]) started.
[        ] Resolve mutations for :path_provider_android:mergeDebugShaders (Thread[#38165,Execution worker Thread 27,5,main]) started.
[        ] :path_provider_android:mergeDebugShaders (Thread[#38165,Execution worker Thread 27,5,main]) started.
[        ] > Task :path_provider_android:mergeDebugShaders UP-TO-DATE
[        ] Caching disabled for task ':path_provider_android:mergeDebugShaders' because:
[        ]   Build cache is disabled
[        ]   Simple merging task
[        ] Skipping task ':path_provider_android:mergeDebugShaders' as it is up-to-date.
[        ] Resolve mutations for :path_provider_android:compileDebugShaders (Thread[#38165,Execution worker Thread 27,5,main]) started.
[        ] :path_provider_android:compileDebugShaders (Thread[#38165,Execution worker Thread 27,5,main]) started.
[        ] > Task :path_provider_android:compileDebugShaders NO-SOURCE
[        ] Skipping task ':path_provider_android:compileDebugShaders' as it has no source files and no previous output files.
[        ] Resolve mutations for :path_provider_android:generateDebugAssets (Thread[#38165,Execution worker Thread 27,5,main]) started.
[        ] :path_provider_android:generateDebugAssets (Thread[#38165,Execution worker Thread 27,5,main]) started.
[        ] > Task :path_provider_android:generateDebugAssets UP-TO-DATE
[        ] Skipping task ':path_provider_android:generateDebugAssets' as it has no actions.
[        ] Resolve mutations for :path_provider_android:mergeDebugAssets (Thread[#38165,Execution worker Thread 27,5,main]) started.
[        ] :path_provider_android:mergeDebugAssets (Thread[#38165,Execution worker Thread 27,5,main]) started.
[        ] > Task :path_provider_android:mergeDebugAssets UP-TO-DATE
[        ] Caching disabled for task ':path_provider_android:mergeDebugAssets' because:
[        ]   Build cache is disabled
[        ]   Simple merging task
[        ] Skipping task ':path_provider_android:mergeDebugAssets' as it is up-to-date.
[        ] work action resolve mergeDebugAssets (project :path_provider_android) (Thread[#38165,Execution worker Thread 27,5,main]) started.
[        ] Resolve mutations for :quill_native_bridge_android:mergeDebugShaders (Thread[#38165,Execution worker Thread 27,5,main]) started.
[        ] :quill_native_bridge_android:mergeDebugShaders (Thread[#38165,Execution worker Thread 27,5,main]) started.
[        ] > Task :quill_native_bridge_android:mergeDebugShaders UP-TO-DATE
[        ] Caching disabled for task ':quill_native_bridge_android:mergeDebugShaders' because:
[        ]   Build cache is disabled
[        ]   Simple merging task
[        ] Skipping task ':quill_native_bridge_android:mergeDebugShaders' as it is up-to-date.
[        ] Resolve mutations for :quill_native_bridge_android:compileDebugShaders (Thread[#38165,Execution worker Thread 27,5,main]) started.
[        ] :quill_native_bridge_android:compileDebugShaders (Thread[#38165,Execution worker Thread 27,5,main]) started.
[        ] > Task :quill_native_bridge_android:compileDebugShaders NO-SOURCE
[        ] Skipping task ':quill_native_bridge_android:compileDebugShaders' as it has no source files and no previous output files.
[        ] Resolve mutations for :quill_native_bridge_android:generateDebugAssets (Thread[#38165,Execution worker Thread 27,5,main]) started.
[        ] :quill_native_bridge_android:generateDebugAssets (Thread[#38165,Execution worker Thread 27,5,main]) started.
[        ] > Task :quill_native_bridge_android:generateDebugAssets UP-TO-DATE
[        ] Skipping task ':quill_native_bridge_android:generateDebugAssets' as it has no actions.
[        ] Resolve mutations for :quill_native_bridge_android:mergeDebugAssets (Thread[#38165,Execution worker Thread 27,5,main]) started.
[        ] :quill_native_bridge_android:mergeDebugAssets (Thread[#38165,Execution worker Thread 27,5,main]) started.
[        ] > Task :quill_native_bridge_android:mergeDebugAssets UP-TO-DATE
[        ] Caching disabled for task ':quill_native_bridge_android:mergeDebugAssets' because:
[        ]   Build cache is disabled
[        ]   Simple merging task
[        ] Skipping task ':quill_native_bridge_android:mergeDebugAssets' as it is up-to-date.
[        ] work action resolve mergeDebugAssets (project :quill_native_bridge_android) (Thread[#38165,Execution worker Thread 27,5,main]) started.
[        ] Resolve mutations for :shared_preferences_android:mergeDebugShaders (Thread[#38165,Execution worker Thread 27,5,main]) started.
[        ] :shared_preferences_android:mergeDebugShaders (Thread[#38165,Execution worker Thread 27,5,main]) started.
[        ] > Task :shared_preferences_android:mergeDebugShaders UP-TO-DATE
[        ] Caching disabled for task ':shared_preferences_android:mergeDebugShaders' because:
[        ]   Build cache is disabled
[        ]   Simple merging task
[        ] Skipping task ':shared_preferences_android:mergeDebugShaders' as it is up-to-date.
[        ] Resolve mutations for :shared_preferences_android:compileDebugShaders (Thread[#38165,Execution worker Thread 27,5,main]) started.
[        ] :shared_preferences_android:compileDebugShaders (Thread[#38165,Execution worker Thread 27,5,main]) started.
[        ] > Task :shared_preferences_android:compileDebugShaders NO-SOURCE
[        ] Skipping task ':shared_preferences_android:compileDebugShaders' as it has no source files and no previous output files.
[        ] Resolve mutations for :shared_preferences_android:generateDebugAssets (Thread[#38165,Execution worker Thread 27,5,main]) started.
[        ] :shared_preferences_android:generateDebugAssets (Thread[#38165,Execution worker Thread 27,5,main]) started.
[        ] > Task :shared_preferences_android:generateDebugAssets UP-TO-DATE
[        ] Skipping task ':shared_preferences_android:generateDebugAssets' as it has no actions.
[        ] Resolve mutations for :shared_preferences_android:mergeDebugAssets (Thread[#38165,Execution worker Thread 27,5,main]) started.
[        ] :shared_preferences_android:mergeDebugAssets (Thread[#38165,Execution worker Thread 27,5,main]) started.
[        ] > Task :shared_preferences_android:mergeDebugAssets UP-TO-DATE
[        ] Caching disabled for task ':shared_preferences_android:mergeDebugAssets' because:
[        ]   Build cache is disabled
[        ]   Simple merging task
[        ] Skipping task ':shared_preferences_android:mergeDebugAssets' as it is up-to-date.
[        ] work action resolve mergeDebugAssets (project :shared_preferences_android) (Thread[#38165,Execution worker Thread 27,5,main]) started.
[        ] Resolve mutations for :sqflite_android:mergeDebugShaders (Thread[#38165,Execution worker Thread 27,5,main]) started.
[        ] :sqflite_android:mergeDebugShaders (Thread[#38165,Execution worker Thread 27,5,main]) started.
[        ] > Task :sqflite_android:mergeDebugShaders UP-TO-DATE
[        ] Caching disabled for task ':sqflite_android:mergeDebugShaders' because:
[        ]   Build cache is disabled
[        ]   Simple merging task
[        ] Skipping task ':sqflite_android:mergeDebugShaders' as it is up-to-date.
[        ] Resolve mutations for :sqflite_android:compileDebugShaders (Thread[#38165,Execution worker Thread 27,5,main]) started.
[        ] :sqflite_android:compileDebugShaders (Thread[#38165,Execution worker Thread 27,5,main]) started.
[        ] > Task :sqflite_android:compileDebugShaders NO-SOURCE
[        ] Skipping task ':sqflite_android:compileDebugShaders' as it has no source files and no previous output files.
[        ] Resolve mutations for :sqflite_android:generateDebugAssets (Thread[#38165,Execution worker Thread 27,5,main]) started.
[        ] :sqflite_android:generateDebugAssets (Thread[#38165,Execution worker Thread 27,5,main]) started.
[        ] > Task :sqflite_android:generateDebugAssets UP-TO-DATE
[        ] Skipping task ':sqflite_android:generateDebugAssets' as it has no actions.
[        ] Resolve mutations for :sqflite_android:mergeDebugAssets (Thread[#38165,Execution worker Thread 27,5,main]) started.
[        ] :sqflite_android:mergeDebugAssets (Thread[#38165,Execution worker Thread 27,5,main]) started.
[        ] > Task :sqflite_android:mergeDebugAssets UP-TO-DATE
[        ] Caching disabled for task ':sqflite_android:mergeDebugAssets' because:
[        ]   Build cache is disabled
[        ]   Simple merging task
[        ] Skipping task ':sqflite_android:mergeDebugAssets' as it is up-to-date.
[        ] work action resolve mergeDebugAssets (project :sqflite_android) (Thread[#38165,Execution worker Thread 27,5,main]) started.
[        ] Resolve mutations for :url_launcher_android:mergeDebugShaders (Thread[#38165,Execution worker Thread 27,5,main]) started.
[        ] :url_launcher_android:mergeDebugShaders (Thread[#38165,Execution worker Thread 27,5,main]) started.
[        ] > Task :url_launcher_android:mergeDebugShaders UP-TO-DATE
[        ] Caching disabled for task ':url_launcher_android:mergeDebugShaders' because:
[        ]   Build cache is disabled
[        ]   Simple merging task
[        ] Skipping task ':url_launcher_android:mergeDebugShaders' as it is up-to-date.
[        ] Resolve mutations for :url_launcher_android:compileDebugShaders (Thread[#38165,Execution worker Thread 27,5,main]) started.
[        ] :url_launcher_android:compileDebugShaders (Thread[#38165,Execution worker Thread 27,5,main]) started.
[        ] > Task :url_launcher_android:compileDebugShaders NO-SOURCE
[        ] Skipping task ':url_launcher_android:compileDebugShaders' as it has no source files and no previous output files.
[        ] Resolve mutations for :url_launcher_android:generateDebugAssets (Thread[#38165,Execution worker Thread 27,5,main]) started.
[        ] :url_launcher_android:generateDebugAssets (Thread[#38165,Execution worker Thread 27,5,main]) started.
[        ] > Task :url_launcher_android:generateDebugAssets UP-TO-DATE
[        ] Skipping task ':url_launcher_android:generateDebugAssets' as it has no actions.
[        ] Resolve mutations for :url_launcher_android:mergeDebugAssets (Thread[#38165,Execution worker Thread 27,5,main]) started.
[        ] :url_launcher_android:mergeDebugAssets (Thread[#38165,Execution worker Thread 27,5,main]) started.
[        ] > Task :url_launcher_android:mergeDebugAssets UP-TO-DATE
[        ] Caching disabled for task ':url_launcher_android:mergeDebugAssets' because:
[        ]   Build cache is disabled
[        ]   Simple merging task
[        ] Skipping task ':url_launcher_android:mergeDebugAssets' as it is up-to-date.
[        ] work action resolve mergeDebugAssets (project :url_launcher_android) (Thread[#38165,Execution worker Thread 27,5,main]) started.
[        ] Resolve mutations for :video_player_android:mergeDebugShaders (Thread[#38165,Execution worker Thread 27,5,main]) started.
[        ] :video_player_android:mergeDebugShaders (Thread[#38165,Execution worker Thread 27,5,main]) started.
[        ] > Task :video_player_android:mergeDebugShaders UP-TO-DATE
[        ] Caching disabled for task ':video_player_android:mergeDebugShaders' because:
[        ]   Build cache is disabled
[        ]   Simple merging task
[        ] Skipping task ':video_player_android:mergeDebugShaders' as it is up-to-date.
[        ] Resolve mutations for :video_player_android:compileDebugShaders (Thread[#38165,Execution worker Thread 27,5,main]) started.
[        ] :video_player_android:compileDebugShaders (Thread[#38165,Execution worker Thread 27,5,main]) started.
[        ] > Task :video_player_android:compileDebugShaders NO-SOURCE
[        ] Skipping task ':video_player_android:compileDebugShaders' as it has no source files and no previous output files.
[        ] Resolve mutations for :video_player_android:generateDebugAssets (Thread[#38165,Execution worker Thread 27,5,main]) started.
[        ] :video_player_android:generateDebugAssets (Thread[#38165,Execution worker Thread 27,5,main]) started.
[        ] > Task :video_player_android:generateDebugAssets UP-TO-DATE
[        ] Skipping task ':video_player_android:generateDebugAssets' as it has no actions.
[        ] Resolve mutations for :video_player_android:mergeDebugAssets (Thread[#38165,Execution worker Thread 27,5,main]) started.
[        ] :video_player_android:mergeDebugAssets (Thread[#38165,Execution worker Thread 27,5,main]) started.
[        ] > Task :video_player_android:mergeDebugAssets UP-TO-DATE
[        ] Caching disabled for task ':video_player_android:mergeDebugAssets' because:
[        ]   Build cache is disabled
[        ]   Simple merging task
[        ] Skipping task ':video_player_android:mergeDebugAssets' as it is up-to-date.
[        ] work action resolve mergeDebugAssets (project :video_player_android) (Thread[#38165,Execution worker Thread 27,5,main]) started.
[        ] Resolve mutations for :app:mergeDebugAssets (Thread[#38165,Execution worker Thread 27,5,main]) started.
[        ] :app:mergeDebugAssets (Thread[#38165,Execution worker Thread 27,5,main]) started.
[        ] > Task :app:mergeDebugAssets
[        ] Caching disabled for task ':app:mergeDebugAssets' because:
[        ]   Build cache is disabled
[        ]   Simple merging task
[        ] Task ':app:mergeDebugAssets' is not up-to-date because:
[        ]   Output property 'outputDir' file /Users/florian/Code/substitution/build/app/intermediates/assets/debug/mergeDebugAssets has been removed.
[        ] The input changes require a full rebuild for incremental task ':app:mergeDebugAssets'.
[        ] Resolve mutations for :app:copyFlutterAssetsDebug (Thread[#38165,Execution worker Thread 27,5,main]) started.
[        ] :app:copyFlutterAssetsDebug (Thread[#38165,Execution worker Thread 27,5,main]) started.
[ +285 ms] > Task :app:copyFlutterAssetsDebug
[        ] Caching disabled for task ':app:copyFlutterAssetsDebug' because:
[        ]   Build cache is disabled
[        ]   Not worth caching
[        ] Task ':app:copyFlutterAssetsDebug' is not up-to-date because:
[        ]   Output property 'destinationDir' file /Users/florian/Code/substitution/build/app/intermediates/assets/debug/mergeDebugAssets/flutter_assets has been removed.
[        ]   Output property 'destinationDir' file /Users/florian/Code/substitution/build/app/intermediates/assets/debug/mergeDebugAssets/flutter_assets/AssetManifest.bin has been removed.
[        ]   Output property 'destinationDir' file /Users/florian/Code/substitution/build/app/intermediates/assets/debug/mergeDebugAssets/flutter_assets/FontManifest.json has been removed.
[        ]   and more...
[        ] Resolve mutations for :app:generateDebugResValues (Thread[#38165,Execution worker Thread 27,5,main]) started.
[        ] :app:generateDebugResValues (Thread[#38165,Execution worker Thread 27,5,main]) started.
[        ] > Task :app:generateDebugResValues UP-TO-DATE
[        ] Caching disabled for task ':app:generateDebugResValues' because:
[        ]   Build cache is disabled
[        ] Skipping task ':app:generateDebugResValues' as it is up-to-date.
[        ] Resolve mutations for :connectivity_plus:generateDebugResValues (Thread[#38165,Execution worker Thread 27,5,main]) started.
[        ] :connectivity_plus:generateDebugResValues (Thread[#38165,Execution worker Thread 27,5,main]) started.
[        ] > Task :connectivity_plus:generateDebugResValues UP-TO-DATE
[        ] Caching disabled for task ':connectivity_plus:generateDebugResValues' because:
[        ]   Build cache is disabled
[        ] Skipping task ':connectivity_plus:generateDebugResValues' as it is up-to-date.
[        ] Resolve mutations for :connectivity_plus:generateDebugResources (Thread[#38165,Execution worker Thread 27,5,main]) started.
[        ] :connectivity_plus:generateDebugResources (Thread[#38165,Execution worker Thread 27,5,main]) started.
[        ] > Task :connectivity_plus:generateDebugResources UP-TO-DATE
[        ] Caching disabled for task ':connectivity_plus:generateDebugResources' because:
[        ]   Build cache is disabled
[        ] Skipping task ':connectivity_plus:generateDebugResources' as it is up-to-date.
[        ] Resolve mutations for :connectivity_plus:packageDebugResources (Thread[#38165,Execution worker Thread 27,5,main]) started.
[        ] :connectivity_plus:packageDebugResources (Thread[#38165,Execution worker Thread 27,5,main]) started.
[        ] > Task :connectivity_plus:packageDebugResources UP-TO-DATE
[        ] Caching disabled for task ':connectivity_plus:packageDebugResources' because:
[        ]   Build cache is disabled
[        ] Skipping task ':connectivity_plus:packageDebugResources' as it is up-to-date.
[        ] work action resolve packageDebugResources (project :connectivity_plus) (Thread[#38165,Execution worker Thread 27,5,main]) started.
[        ] Resolve mutations for :emoji_picker_flutter:generateDebugResValues (Thread[#38165,Execution worker Thread 27,5,main]) started.
[        ] :emoji_picker_flutter:generateDebugResValues (Thread[#38165,Execution worker Thread 27,5,main]) started.
[        ] > Task :emoji_picker_flutter:generateDebugResValues UP-TO-DATE
[        ] Caching disabled for task ':emoji_picker_flutter:generateDebugResValues' because:
[        ]   Build cache is disabled
[        ] Skipping task ':emoji_picker_flutter:generateDebugResValues' as it is up-to-date.
[        ] Resolve mutations for :emoji_picker_flutter:generateDebugResources (Thread[#38165,Execution worker Thread 27,5,main]) started.
[        ] :emoji_picker_flutter:generateDebugResources (Thread[#38152,Execution worker Thread 14,5,main]) started.
[        ] > Task :emoji_picker_flutter:generateDebugResources UP-TO-DATE
[        ] Caching disabled for task ':emoji_picker_flutter:generateDebugResources' because:
[        ]   Build cache is disabled
[        ] Skipping task ':emoji_picker_flutter:generateDebugResources' as it is up-to-date.
[        ] Resolve mutations for :emoji_picker_flutter:packageDebugResources (Thread[#38152,Execution worker Thread 14,5,main]) started.
[        ] :emoji_picker_flutter:packageDebugResources (Thread[#38152,Execution worker Thread 14,5,main]) started.
[        ] > Task :emoji_picker_flutter:packageDebugResources UP-TO-DATE
[        ] Caching disabled for task ':emoji_picker_flutter:packageDebugResources' because:
[        ]   Build cache is disabled
[        ] Skipping task ':emoji_picker_flutter:packageDebugResources' as it is up-to-date.
[        ] work action resolve packageDebugResources (project :emoji_picker_flutter) (Thread[#38152,Execution worker Thread 14,5,main]) started.
[        ] Resolve mutations for :file_selector_android:generateDebugResValues (Thread[#38152,Execution worker Thread 14,5,main]) started.
[        ] :file_selector_android:generateDebugResValues (Thread[#38152,Execution worker Thread 14,5,main]) started.
[        ] > Task :file_selector_android:generateDebugResValues UP-TO-DATE
[        ] Caching disabled for task ':file_selector_android:generateDebugResValues' because:
[        ]   Build cache is disabled
[        ] Skipping task ':file_selector_android:generateDebugResValues' as it is up-to-date.
[        ] Resolve mutations for :file_selector_android:generateDebugResources (Thread[#38152,Execution worker Thread 14,5,main]) started.
[        ] :file_selector_android:generateDebugResources (Thread[#38152,Execution worker Thread 14,5,main]) started.
[        ] > Task :file_selector_android:generateDebugResources UP-TO-DATE
[        ] Caching disabled for task ':file_selector_android:generateDebugResources' because:
[        ]   Build cache is disabled
[        ] Skipping task ':file_selector_android:generateDebugResources' as it is up-to-date.
[        ] Resolve mutations for :file_selector_android:packageDebugResources (Thread[#38152,Execution worker Thread 14,5,main]) started.
[        ] :file_selector_android:packageDebugResources (Thread[#38152,Execution worker Thread 14,5,main]) started.
[        ] > Task :file_selector_android:packageDebugResources UP-TO-DATE
[        ] Caching disabled for task ':file_selector_android:packageDebugResources' because:
[        ]   Build cache is disabled
[        ] Skipping task ':file_selector_android:packageDebugResources' as it is up-to-date.
[        ] work action resolve packageDebugResources (project :file_selector_android) (Thread[#38152,Execution worker Thread 14,5,main]) started.
[        ] Resolve mutations for :flutter_keyboard_visibility_temp_fork:generateDebugResValues (Thread[#38152,Execution worker Thread 14,5,main]) started.
[        ] :flutter_keyboard_visibility_temp_fork:generateDebugResValues (Thread[#38152,Execution worker Thread 14,5,main]) started.
[        ] > Task :flutter_keyboard_visibility_temp_fork:generateDebugResValues UP-TO-DATE
[        ] Caching disabled for task ':flutter_keyboard_visibility_temp_fork:generateDebugResValues' because:
[        ]   Build cache is disabled
[        ] Skipping task ':flutter_keyboard_visibility_temp_fork:generateDebugResValues' as it is up-to-date.
[        ] Resolve mutations for :flutter_keyboard_visibility_temp_fork:generateDebugResources (Thread[#38152,Execution worker Thread 14,5,main]) started.
[        ] :flutter_keyboard_visibility_temp_fork:generateDebugResources (Thread[#38152,Execution worker Thread 14,5,main]) started.
[        ] > Task :flutter_keyboard_visibility_temp_fork:generateDebugResources UP-TO-DATE
[        ] Caching disabled for task ':flutter_keyboard_visibility_temp_fork:generateDebugResources' because:
[        ]   Build cache is disabled
[        ] Skipping task ':flutter_keyboard_visibility_temp_fork:generateDebugResources' as it is up-to-date.
[        ] Resolve mutations for :flutter_keyboard_visibility_temp_fork:packageDebugResources (Thread[#38152,Execution worker Thread 14,5,main]) started.
[        ] :flutter_keyboard_visibility_temp_fork:packageDebugResources (Thread[#38152,Execution worker Thread 14,5,main]) started.
[        ] > Task :flutter_keyboard_visibility_temp_fork:packageDebugResources UP-TO-DATE
[        ] Caching disabled for task ':flutter_keyboard_visibility_temp_fork:packageDebugResources' because:
[        ]   Build cache is disabled
[        ] Skipping task ':flutter_keyboard_visibility_temp_fork:packageDebugResources' as it is up-to-date.
[        ] work action resolve packageDebugResources (project :flutter_keyboard_visibility_temp_fork) (Thread[#38152,Execution worker Thread 14,5,main]) started.
[        ] Resolve mutations for :flutter_native_splash:generateDebugResValues (Thread[#38152,Execution worker Thread 14,5,main]) started.
[        ] :flutter_native_splash:generateDebugResValues (Thread[#38152,Execution worker Thread 14,5,main]) started.
[        ] > Task :flutter_native_splash:generateDebugResValues UP-TO-DATE
[        ] Caching disabled for task ':flutter_native_splash:generateDebugResValues' because:
[        ]   Build cache is disabled
[        ] Skipping task ':flutter_native_splash:generateDebugResValues' as it is up-to-date.
[        ] Resolve mutations for :flutter_native_splash:generateDebugResources (Thread[#38152,Execution worker Thread 14,5,main]) started.
[        ] :flutter_native_splash:generateDebugResources (Thread[#38152,Execution worker Thread 14,5,main]) started.
[        ] > Task :flutter_native_splash:generateDebugResources UP-TO-DATE
[        ] Caching disabled for task ':flutter_native_splash:generateDebugResources' because:
[        ]   Build cache is disabled
[        ] Skipping task ':flutter_native_splash:generateDebugResources' as it is up-to-date.
[        ] Resolve mutations for :flutter_native_splash:packageDebugResources (Thread[#38152,Execution worker Thread 14,5,main]) started.
[        ] :flutter_native_splash:packageDebugResources (Thread[#38152,Execution worker Thread 14,5,main]) started.
[        ] > Task :flutter_native_splash:packageDebugResources UP-TO-DATE
[        ] Caching disabled for task ':flutter_native_splash:packageDebugResources' because:
[        ]   Build cache is disabled
[        ] Skipping task ':flutter_native_splash:packageDebugResources' as it is up-to-date.
[        ] work action resolve packageDebugResources (project :flutter_native_splash) (Thread[#38152,Execution worker Thread 14,5,main]) started.
[        ] Resolve mutations for :flutter_olm:generateDebugResValues (Thread[#38152,Execution worker Thread 14,5,main]) started.
[        ] :flutter_olm:generateDebugResValues (Thread[#38152,Execution worker Thread 14,5,main]) started.
[        ] > Task :flutter_olm:generateDebugResValues UP-TO-DATE
[        ] Caching disabled for task ':flutter_olm:generateDebugResValues' because:
[        ]   Build cache is disabled
[        ] Skipping task ':flutter_olm:generateDebugResValues' as it is up-to-date.
[        ] Resolve mutations for :flutter_olm:generateDebugResources (Thread[#38152,Execution worker Thread 14,5,main]) started.
[        ] :flutter_olm:generateDebugResources (Thread[#38152,Execution worker Thread 14,5,main]) started.
[        ] > Task :flutter_olm:generateDebugResources UP-TO-DATE
[        ] Caching disabled for task ':flutter_olm:generateDebugResources' because:
[        ]   Build cache is disabled
[        ] Skipping task ':flutter_olm:generateDebugResources' as it is up-to-date.
[        ] Resolve mutations for :flutter_olm:packageDebugResources (Thread[#38152,Execution worker Thread 14,5,main]) started.
[        ] :flutter_olm:packageDebugResources (Thread[#38152,Execution worker Thread 14,5,main]) started.
[        ] > Task :flutter_olm:packageDebugResources UP-TO-DATE
[        ] Caching disabled for task ':flutter_olm:packageDebugResources' because:
[        ]   Build cache is disabled
[        ] Skipping task ':flutter_olm:packageDebugResources' as it is up-to-date.
[        ] work action resolve packageDebugResources (project :flutter_olm) (Thread[#38152,Execution worker Thread 14,5,main]) started.
[        ] Resolve mutations for :flutter_openssl_crypto:generateDebugResValues (Thread[#38152,Execution worker Thread 14,5,main]) started.
[        ] :flutter_openssl_crypto:generateDebugResValues (Thread[#38152,Execution worker Thread 14,5,main]) started.
[        ] > Task :flutter_openssl_crypto:generateDebugResValues UP-TO-DATE
[        ] Caching disabled for task ':flutter_openssl_crypto:generateDebugResValues' because:
[        ]   Build cache is disabled
[        ] Skipping task ':flutter_openssl_crypto:generateDebugResValues' as it is up-to-date.
[        ] Resolve mutations for :flutter_openssl_crypto:generateDebugResources (Thread[#38152,Execution worker Thread 14,5,main]) started.
[        ] :flutter_openssl_crypto:generateDebugResources (Thread[#38152,Execution worker Thread 14,5,main]) started.
[        ] > Task :flutter_openssl_crypto:generateDebugResources UP-TO-DATE
[        ] Caching disabled for task ':flutter_openssl_crypto:generateDebugResources' because:
[        ]   Build cache is disabled
[        ] Skipping task ':flutter_openssl_crypto:generateDebugResources' as it is up-to-date.
[        ] Resolve mutations for :flutter_openssl_crypto:packageDebugResources (Thread[#38152,Execution worker Thread 14,5,main]) started.
[        ] :flutter_openssl_crypto:packageDebugResources (Thread[#38152,Execution worker Thread 14,5,main]) started.
[        ] > Task :flutter_openssl_crypto:packageDebugResources UP-TO-DATE
[        ] Caching disabled for task ':flutter_openssl_crypto:packageDebugResources' because:
[        ]   Build cache is disabled
[        ] Skipping task ':flutter_openssl_crypto:packageDebugResources' as it is up-to-date.
[        ] work action resolve packageDebugResources (project :flutter_openssl_crypto) (Thread[#38152,Execution worker Thread 14,5,main]) started.
[        ] Resolve mutations for :integration_test:generateDebugResValues (Thread[#38152,Execution worker Thread 14,5,main]) started.
[        ] :integration_test:generateDebugResValues (Thread[#38152,Execution worker Thread 14,5,main]) started.
[        ] > Task :integration_test:generateDebugResValues UP-TO-DATE
[        ] Caching disabled for task ':integration_test:generateDebugResValues' because:
[        ]   Build cache is disabled
[        ] Skipping task ':integration_test:generateDebugResValues' as it is up-to-date.
[        ] Resolve mutations for :integration_test:generateDebugResources (Thread[#38152,Execution worker Thread 14,5,main]) started.
[        ] :integration_test:generateDebugResources (Thread[#38152,Execution worker Thread 14,5,main]) started.
[        ] > Task :integration_test:generateDebugResources UP-TO-DATE
[        ] Caching disabled for task ':integration_test:generateDebugResources' because:
[        ]   Build cache is disabled
[        ] Skipping task ':integration_test:generateDebugResources' as it is up-to-date.
[        ] Resolve mutations for :integration_test:packageDebugResources (Thread[#38152,Execution worker Thread 14,5,main]) started.
[        ] :integration_test:packageDebugResources (Thread[#38157,Execution worker Thread 19,5,main]) started.
[        ] > Task :integration_test:packageDebugResources UP-TO-DATE
[        ] Caching disabled for task ':integration_test:packageDebugResources' because:
[        ]   Build cache is disabled
[        ] Skipping task ':integration_test:packageDebugResources' as it is up-to-date.
[        ] work action resolve packageDebugResources (project :integration_test) (Thread[#38157,Execution worker Thread 19,5,main]) started.
[        ] Resolve mutations for :path_provider_android:generateDebugResValues (Thread[#38157,Execution worker Thread 19,5,main]) started.
[        ] :path_provider_android:generateDebugResValues (Thread[#38157,Execution worker Thread 19,5,main]) started.
[        ] > Task :path_provider_android:generateDebugResValues UP-TO-DATE
[        ] Caching disabled for task ':path_provider_android:generateDebugResValues' because:
[        ]   Build cache is disabled
[        ] Skipping task ':path_provider_android:generateDebugResValues' as it is up-to-date.
[        ] Resolve mutations for :path_provider_android:generateDebugResources (Thread[#38157,Execution worker Thread 19,5,main]) started.
[        ] :path_provider_android:generateDebugResources (Thread[#38157,Execution worker Thread 19,5,main]) started.
[        ] > Task :path_provider_android:generateDebugResources UP-TO-DATE
[        ] Caching disabled for task ':path_provider_android:generateDebugResources' because:
[        ]   Build cache is disabled
[        ] Skipping task ':path_provider_android:generateDebugResources' as it is up-to-date.
[        ] Resolve mutations for :path_provider_android:packageDebugResources (Thread[#38157,Execution worker Thread 19,5,main]) started.
[        ] :path_provider_android:packageDebugResources (Thread[#38157,Execution worker Thread 19,5,main]) started.
[        ] > Task :path_provider_android:packageDebugResources UP-TO-DATE
[        ] Caching disabled for task ':path_provider_android:packageDebugResources' because:
[        ]   Build cache is disabled
[        ] Skipping task ':path_provider_android:packageDebugResources' as it is up-to-date.
[        ] work action resolve packageDebugResources (project :path_provider_android) (Thread[#38157,Execution worker Thread 19,5,main]) started.
[        ] Resolve mutations for :quill_native_bridge_android:generateDebugResValues (Thread[#38157,Execution worker Thread 19,5,main]) started.
[        ] :quill_native_bridge_android:generateDebugResValues (Thread[#38157,Execution worker Thread 19,5,main]) started.
[        ] > Task :quill_native_bridge_android:generateDebugResValues UP-TO-DATE
[        ] Caching disabled for task ':quill_native_bridge_android:generateDebugResValues' because:
[        ]   Build cache is disabled
[        ] Skipping task ':quill_native_bridge_android:generateDebugResValues' as it is up-to-date.
[        ] Resolve mutations for :quill_native_bridge_android:generateDebugResources (Thread[#38157,Execution worker Thread 19,5,main]) started.
[        ] :quill_native_bridge_android:generateDebugResources (Thread[#38157,Execution worker Thread 19,5,main]) started.
[        ] > Task :quill_native_bridge_android:generateDebugResources UP-TO-DATE
[        ] Caching disabled for task ':quill_native_bridge_android:generateDebugResources' because:
[        ]   Build cache is disabled
[        ] Skipping task ':quill_native_bridge_android:generateDebugResources' as it is up-to-date.
[        ] Resolve mutations for :quill_native_bridge_android:packageDebugResources (Thread[#38157,Execution worker Thread 19,5,main]) started.
[        ] :quill_native_bridge_android:packageDebugResources (Thread[#38157,Execution worker Thread 19,5,main]) started.
[        ] > Task :quill_native_bridge_android:packageDebugResources UP-TO-DATE
[        ] Caching disabled for task ':quill_native_bridge_android:packageDebugResources' because:
[        ]   Build cache is disabled
[        ] Skipping task ':quill_native_bridge_android:packageDebugResources' as it is up-to-date.
[        ] work action resolve packageDebugResources (project :quill_native_bridge_android) (Thread[#38157,Execution worker Thread 19,5,main]) started.
[        ] Resolve mutations for :shared_preferences_android:generateDebugResValues (Thread[#38157,Execution worker Thread 19,5,main]) started.
[        ] :shared_preferences_android:generateDebugResValues (Thread[#38157,Execution worker Thread 19,5,main]) started.
[        ] > Task :shared_preferences_android:generateDebugResValues UP-TO-DATE
[        ] Caching disabled for task ':shared_preferences_android:generateDebugResValues' because:
[        ]   Build cache is disabled
[        ] Skipping task ':shared_preferences_android:generateDebugResValues' as it is up-to-date.
[        ] Resolve mutations for :shared_preferences_android:generateDebugResources (Thread[#38157,Execution worker Thread 19,5,main]) started.
[        ] :shared_preferences_android:generateDebugResources (Thread[#38157,Execution worker Thread 19,5,main]) started.
[        ] > Task :shared_preferences_android:generateDebugResources UP-TO-DATE
[        ] Caching disabled for task ':shared_preferences_android:generateDebugResources' because:
[        ]   Build cache is disabled
[        ] Skipping task ':shared_preferences_android:generateDebugResources' as it is up-to-date.
[        ] Resolve mutations for :shared_preferences_android:packageDebugResources (Thread[#38157,Execution worker Thread 19,5,main]) started.
[        ] :shared_preferences_android:packageDebugResources (Thread[#38157,Execution worker Thread 19,5,main]) started.
[        ] > Task :shared_preferences_android:packageDebugResources UP-TO-DATE
[        ] Caching disabled for task ':shared_preferences_android:packageDebugResources' because:
[        ]   Build cache is disabled
[        ] Skipping task ':shared_preferences_android:packageDebugResources' as it is up-to-date.
[        ] work action resolve packageDebugResources (project :shared_preferences_android) (Thread[#38157,Execution worker Thread 19,5,main]) started.
[        ] Resolve mutations for :sqflite_android:generateDebugResValues (Thread[#38157,Execution worker Thread 19,5,main]) started.
[        ] :sqflite_android:generateDebugResValues (Thread[#38157,Execution worker Thread 19,5,main]) started.
[        ] > Task :sqflite_android:generateDebugResValues UP-TO-DATE
[        ] Caching disabled for task ':sqflite_android:generateDebugResValues' because:
[        ]   Build cache is disabled
[        ] Skipping task ':sqflite_android:generateDebugResValues' as it is up-to-date.
[        ] Resolve mutations for :sqflite_android:generateDebugResources (Thread[#38157,Execution worker Thread 19,5,main]) started.
[        ] :sqflite_android:generateDebugResources (Thread[#38157,Execution worker Thread 19,5,main]) started.
[        ] > Task :sqflite_android:generateDebugResources UP-TO-DATE
[        ] Caching disabled for task ':sqflite_android:generateDebugResources' because:
[        ]   Build cache is disabled
[        ] Skipping task ':sqflite_android:generateDebugResources' as it is up-to-date.
[        ] Resolve mutations for :sqflite_android:packageDebugResources (Thread[#38157,Execution worker Thread 19,5,main]) started.
[        ] :sqflite_android:packageDebugResources (Thread[#38157,Execution worker Thread 19,5,main]) started.
[        ] > Task :sqflite_android:packageDebugResources UP-TO-DATE
[        ] Caching disabled for task ':sqflite_android:packageDebugResources' because:
[        ]   Build cache is disabled
[        ] Skipping task ':sqflite_android:packageDebugResources' as it is up-to-date.
[        ] work action resolve packageDebugResources (project :sqflite_android) (Thread[#38157,Execution worker Thread 19,5,main]) started.
[        ] Resolve mutations for :url_launcher_android:generateDebugResValues (Thread[#38157,Execution worker Thread 19,5,main]) started.
[        ] :url_launcher_android:generateDebugResValues (Thread[#38157,Execution worker Thread 19,5,main]) started.
[        ] > Task :url_launcher_android:generateDebugResValues UP-TO-DATE
[        ] Caching disabled for task ':url_launcher_android:generateDebugResValues' because:
[        ]   Build cache is disabled
[        ] Skipping task ':url_launcher_android:generateDebugResValues' as it is up-to-date.
[        ] Resolve mutations for :url_launcher_android:generateDebugResources (Thread[#38157,Execution worker Thread 19,5,main]) started.
[        ] :url_launcher_android:generateDebugResources (Thread[#38157,Execution worker Thread 19,5,main]) started.
[        ] > Task :url_launcher_android:generateDebugResources UP-TO-DATE
[        ] Caching disabled for task ':url_launcher_android:generateDebugResources' because:
[        ]   Build cache is disabled
[        ] Skipping task ':url_launcher_android:generateDebugResources' as it is up-to-date.
[        ] Resolve mutations for :url_launcher_android:packageDebugResources (Thread[#38157,Execution worker Thread 19,5,main]) started.
[        ] :url_launcher_android:packageDebugResources (Thread[#38157,Execution worker Thread 19,5,main]) started.
[        ] > Task :url_launcher_android:packageDebugResources UP-TO-DATE
[        ] Caching disabled for task ':url_launcher_android:packageDebugResources' because:
[        ]   Build cache is disabled
[        ] Skipping task ':url_launcher_android:packageDebugResources' as it is up-to-date.
[        ] work action resolve packageDebugResources (project :url_launcher_android) (Thread[#38157,Execution worker Thread 19,5,main]) started.
[        ] Resolve mutations for :video_player_android:generateDebugResValues (Thread[#38157,Execution worker Thread 19,5,main]) started.
[        ] :video_player_android:generateDebugResValues (Thread[#38157,Execution worker Thread 19,5,main]) started.
[        ] > Task :video_player_android:generateDebugResValues UP-TO-DATE
[        ] Caching disabled for task ':video_player_android:generateDebugResValues' because:
[        ]   Build cache is disabled
[        ] Skipping task ':video_player_android:generateDebugResValues' as it is up-to-date.
[        ] Resolve mutations for :video_player_android:generateDebugResources (Thread[#38157,Execution worker Thread 19,5,main]) started.
[        ] :video_player_android:generateDebugResources (Thread[#38157,Execution worker Thread 19,5,main]) started.
[        ] > Task :video_player_android:generateDebugResources UP-TO-DATE
[        ] Caching disabled for task ':video_player_android:generateDebugResources' because:
[        ]   Build cache is disabled
[        ] Skipping task ':video_player_android:generateDebugResources' as it is up-to-date.
[        ] Resolve mutations for :video_player_android:packageDebugResources (Thread[#38157,Execution worker Thread 19,5,main]) started.
[        ] :video_player_android:packageDebugResources (Thread[#38157,Execution worker Thread 19,5,main]) started.
[        ] > Task :video_player_android:packageDebugResources UP-TO-DATE
[        ] Caching disabled for task ':video_player_android:packageDebugResources' because:
[        ]   Build cache is disabled
[        ] Skipping task ':video_player_android:packageDebugResources' as it is up-to-date.
[        ] work action resolve packageDebugResources (project :video_player_android) (Thread[#38157,Execution worker Thread 19,5,main]) started.
[        ] Resolve mutations for :app:mapDebugSourceSetPaths (Thread[#38157,Execution worker Thread 19,5,main]) started.
[        ] :app:mapDebugSourceSetPaths (Thread[#38157,Execution worker Thread 19,5,main]) started.
[        ] > Task :app:mapDebugSourceSetPaths UP-TO-DATE
[        ] Caching disabled for task ':app:mapDebugSourceSetPaths' because:
[        ]   Build cache is disabled
[        ]   Caching has been disabled for the task
[        ] Skipping task ':app:mapDebugSourceSetPaths' as it is up-to-date.
[        ] Resolve mutations for :app:generateDebugResources (Thread[#38157,Execution worker Thread 19,5,main]) started.
[        ] :app:generateDebugResources (Thread[#38157,Execution worker Thread 19,5,main]) started.
[        ] > Task :app:generateDebugResources UP-TO-DATE
[        ] Caching disabled for task ':app:generateDebugResources' because:
[        ]   Build cache is disabled
[        ] Skipping task ':app:generateDebugResources' as it is up-to-date.
[        ] Resolve mutations for :app:mergeDebugResources (Thread[#38157,Execution worker Thread 19,5,main]) started.
[        ] :app:mergeDebugResources (Thread[#38157,Execution worker Thread 19,5,main]) started.
[        ] > Task :app:mergeDebugResources UP-TO-DATE
[        ] Caching disabled for task ':app:mergeDebugResources' because:
[        ]   Build cache is disabled
[        ] Skipping task ':app:mergeDebugResources' as it is up-to-date.
[        ] Resolve mutations for :app:packageDebugResources (Thread[#38157,Execution worker Thread 19,5,main]) started.
[        ] :app:packageDebugResources (Thread[#38157,Execution worker Thread 19,5,main]) started.
[        ] > Task :app:packageDebugResources UP-TO-DATE
[        ] Caching disabled for task ':app:packageDebugResources' because:
[        ]   Build cache is disabled
[        ] Skipping task ':app:packageDebugResources' as it is up-to-date.
[        ] Resolve mutations for :app:parseDebugLocalResources (Thread[#38157,Execution worker Thread 19,5,main]) started.
[        ] :app:parseDebugLocalResources (Thread[#38157,Execution worker Thread 19,5,main]) started.
[        ] > Task :app:parseDebugLocalResources UP-TO-DATE
[        ] Caching disabled for task ':app:parseDebugLocalResources' because:
[        ]   Build cache is disabled
[        ] Skipping task ':app:parseDebugLocalResources' as it is up-to-date.
[        ] Resolve mutations for :app:createDebugCompatibleScreenManifests (Thread[#38157,Execution worker Thread 19,5,main]) started.
[        ] :app:createDebugCompatibleScreenManifests (Thread[#38157,Execution worker Thread 19,5,main]) started.
[        ] > Task :app:createDebugCompatibleScreenManifests UP-TO-DATE
[        ] Caching disabled for task ':app:createDebugCompatibleScreenManifests' because:
[        ]   Build cache is disabled
[        ]   Caching has been disabled for the task
[        ] Skipping task ':app:createDebugCompatibleScreenManifests' as it is up-to-date.
[        ] Resolve mutations for :app:extractDeepLinksDebug (Thread[#38157,Execution worker Thread 19,5,main]) started.
[        ] :app:extractDeepLinksDebug (Thread[#38157,Execution worker Thread 19,5,main]) started.
[        ] > Task :app:extractDeepLinksDebug UP-TO-DATE
[        ] Caching disabled for task ':app:extractDeepLinksDebug' because:
[        ]   Build cache is disabled
[        ] Skipping task ':app:extractDeepLinksDebug' as it is up-to-date.
[        ] Resolve mutations for :connectivity_plus:extractDeepLinksDebug (Thread[#38157,Execution worker Thread 19,5,main]) started.
[        ] :connectivity_plus:extractDeepLinksDebug (Thread[#38157,Execution worker Thread 19,5,main]) started.
[        ] > Task :connectivity_plus:extractDeepLinksDebug UP-TO-DATE
[        ] Caching disabled for task ':connectivity_plus:extractDeepLinksDebug' because:
[        ]   Build cache is disabled
[        ] Skipping task ':connectivity_plus:extractDeepLinksDebug' as it is up-to-date.
[        ] work action resolve navigation.json (project :connectivity_plus) (Thread[#38157,Execution worker Thread 19,5,main]) started.
[        ] Resolve mutations for :connectivity_plus:processDebugManifest (Thread[#38157,Execution worker Thread 19,5,main]) started.
[        ] :connectivity_plus:processDebugManifest (Thread[#38157,Execution worker Thread 19,5,main]) started.
[        ] > Task :connectivity_plus:processDebugManifest UP-TO-DATE
[        ] Caching disabled for task ':connectivity_plus:processDebugManifest' because:
[        ]   Build cache is disabled
[        ] Skipping task ':connectivity_plus:processDebugManifest' as it is up-to-date.
[        ] work action resolve AndroidManifest.xml (project :connectivity_plus) (Thread[#38157,Execution worker Thread 19,5,main]) started.
[        ] Resolve mutations for :emoji_picker_flutter:extractDeepLinksDebug (Thread[#38157,Execution worker Thread 19,5,main]) started.
[        ] :emoji_picker_flutter:extractDeepLinksDebug (Thread[#38157,Execution worker Thread 19,5,main]) started.
[        ] > Task :emoji_picker_flutter:extractDeepLinksDebug UP-TO-DATE
[        ] Caching disabled for task ':emoji_picker_flutter:extractDeepLinksDebug' because:
[        ]   Build cache is disabled
[        ] Skipping task ':emoji_picker_flutter:extractDeepLinksDebug' as it is up-to-date.
[        ] work action resolve navigation.json (project :emoji_picker_flutter) (Thread[#38157,Execution worker Thread 19,5,main]) started.
[        ] Resolve mutations for :emoji_picker_flutter:processDebugManifest (Thread[#38157,Execution worker Thread 19,5,main]) started.
[        ] :emoji_picker_flutter:processDebugManifest (Thread[#38157,Execution worker Thread 19,5,main]) started.
[        ] > Task :emoji_picker_flutter:processDebugManifest UP-TO-DATE
[        ] Caching disabled for task ':emoji_picker_flutter:processDebugManifest' because:
[        ]   Build cache is disabled
[        ] Skipping task ':emoji_picker_flutter:processDebugManifest' as it is up-to-date.
[        ] work action resolve AndroidManifest.xml (project :emoji_picker_flutter) (Thread[#38157,Execution worker Thread 19,5,main]) started.
[        ] Resolve mutations for :file_selector_android:extractDeepLinksDebug (Thread[#38157,Execution worker Thread 19,5,main]) started.
[        ] :file_selector_android:extractDeepLinksDebug (Thread[#38157,Execution worker Thread 19,5,main]) started.
[        ] > Task :file_selector_android:extractDeepLinksDebug UP-TO-DATE
[        ] Caching disabled for task ':file_selector_android:extractDeepLinksDebug' because:
[        ]   Build cache is disabled
[        ] Skipping task ':file_selector_android:extractDeepLinksDebug' as it is up-to-date.
[        ] work action resolve navigation.json (project :file_selector_android) (Thread[#38157,Execution worker Thread 19,5,main]) started.
[        ] Resolve mutations for :file_selector_android:processDebugManifest (Thread[#38157,Execution worker Thread 19,5,main]) started.
[        ] :file_selector_android:processDebugManifest (Thread[#38157,Execution worker Thread 19,5,main]) started.
[        ] > Task :file_selector_android:processDebugManifest UP-TO-DATE
[        ] Caching disabled for task ':file_selector_android:processDebugManifest' because:
[        ]   Build cache is disabled
[        ] Skipping task ':file_selector_android:processDebugManifest' as it is up-to-date.
[        ] work action resolve AndroidManifest.xml (project :file_selector_android) (Thread[#38157,Execution worker Thread 19,5,main]) started.
[        ] Resolve mutations for :flutter_keyboard_visibility_temp_fork:extractDeepLinksDebug (Thread[#38157,Execution worker Thread 19,5,main]) started.
[        ] :flutter_keyboard_visibility_temp_fork:extractDeepLinksDebug (Thread[#38157,Execution worker Thread 19,5,main]) started.
[        ] > Task :flutter_keyboard_visibility_temp_fork:extractDeepLinksDebug UP-TO-DATE
[        ] Caching disabled for task ':flutter_keyboard_visibility_temp_fork:extractDeepLinksDebug' because:
[        ]   Build cache is disabled
[        ] Skipping task ':flutter_keyboard_visibility_temp_fork:extractDeepLinksDebug' as it is up-to-date.
[        ] work action resolve navigation.json (project :flutter_keyboard_visibility_temp_fork) (Thread[#38157,Execution worker Thread 19,5,main]) started.
[        ] Resolve mutations for :flutter_keyboard_visibility_temp_fork:processDebugManifest (Thread[#38157,Execution worker Thread 19,5,main]) started.
[        ] :flutter_keyboard_visibility_temp_fork:processDebugManifest (Thread[#38157,Execution worker Thread 19,5,main]) started.
[        ] > Task :flutter_keyboard_visibility_temp_fork:processDebugManifest UP-TO-DATE
[        ] Caching disabled for task ':flutter_keyboard_visibility_temp_fork:processDebugManifest' because:
[        ]   Build cache is disabled
[        ] Skipping task ':flutter_keyboard_visibility_temp_fork:processDebugManifest' as it is up-to-date.
[        ] work action resolve AndroidManifest.xml (project :flutter_keyboard_visibility_temp_fork) (Thread[#38157,Execution worker Thread 19,5,main]) started.
[        ] Resolve mutations for :flutter_native_splash:extractDeepLinksDebug (Thread[#38157,Execution worker Thread 19,5,main]) started.
[        ] :flutter_native_splash:extractDeepLinksDebug (Thread[#38157,Execution worker Thread 19,5,main]) started.
[        ] > Task :flutter_native_splash:extractDeepLinksDebug UP-TO-DATE
[        ] Caching disabled for task ':flutter_native_splash:extractDeepLinksDebug' because:
[        ]   Build cache is disabled
[        ] Skipping task ':flutter_native_splash:extractDeepLinksDebug' as it is up-to-date.
[        ] work action resolve navigation.json (project :flutter_native_splash) (Thread[#38157,Execution worker Thread 19,5,main]) started.
[        ] Resolve mutations for :flutter_native_splash:processDebugManifest (Thread[#38157,Execution worker Thread 19,5,main]) started.
[        ] :flutter_native_splash:processDebugManifest (Thread[#38157,Execution worker Thread 19,5,main]) started.
[        ] > Task :flutter_native_splash:processDebugManifest UP-TO-DATE
[        ] Caching disabled for task ':flutter_native_splash:processDebugManifest' because:
[        ]   Build cache is disabled
[        ] Skipping task ':flutter_native_splash:processDebugManifest' as it is up-to-date.
[        ] work action resolve AndroidManifest.xml (project :flutter_native_splash) (Thread[#38157,Execution worker Thread 19,5,main]) started.
[        ] Resolve mutations for :flutter_olm:extractDeepLinksDebug (Thread[#38157,Execution worker Thread 19,5,main]) started.
[        ] :flutter_olm:extractDeepLinksDebug (Thread[#38157,Execution worker Thread 19,5,main]) started.
[        ] > Task :flutter_olm:extractDeepLinksDebug UP-TO-DATE
[        ] Caching disabled for task ':flutter_olm:extractDeepLinksDebug' because:
[        ]   Build cache is disabled
[        ] Skipping task ':flutter_olm:extractDeepLinksDebug' as it is up-to-date.
[        ] work action resolve navigation.json (project :flutter_olm) (Thread[#38157,Execution worker Thread 19,5,main]) started.
[        ] Resolve mutations for :flutter_olm:processDebugManifest (Thread[#38157,Execution worker Thread 19,5,main]) started.
[        ] :flutter_olm:processDebugManifest (Thread[#38157,Execution worker Thread 19,5,main]) started.
[        ] > Task :flutter_olm:processDebugManifest UP-TO-DATE
[        ] Caching disabled for task ':flutter_olm:processDebugManifest' because:
[        ]   Build cache is disabled
[        ] Skipping task ':flutter_olm:processDebugManifest' as it is up-to-date.
[        ] work action resolve AndroidManifest.xml (project :flutter_olm) (Thread[#38157,Execution worker Thread 19,5,main]) started.
[        ] Resolve mutations for :flutter_openssl_crypto:extractDeepLinksDebug (Thread[#38157,Execution worker Thread 19,5,main]) started.
[        ] :flutter_openssl_crypto:extractDeepLinksDebug (Thread[#38157,Execution worker Thread 19,5,main]) started.
[        ] > Task :flutter_openssl_crypto:extractDeepLinksDebug UP-TO-DATE
[        ] Caching disabled for task ':flutter_openssl_crypto:extractDeepLinksDebug' because:
[        ]   Build cache is disabled
[        ] Skipping task ':flutter_openssl_crypto:extractDeepLinksDebug' as it is up-to-date.
[        ] work action resolve navigation.json (project :flutter_openssl_crypto) (Thread[#38157,Execution worker Thread 19,5,main]) started.
[        ] Resolve mutations for :flutter_openssl_crypto:processDebugManifest (Thread[#38157,Execution worker Thread 19,5,main]) started.
[        ] :flutter_openssl_crypto:processDebugManifest (Thread[#38157,Execution worker Thread 19,5,main]) started.
[        ] > Task :flutter_openssl_crypto:processDebugManifest UP-TO-DATE
[        ] Caching disabled for task ':flutter_openssl_crypto:processDebugManifest' because:
[        ]   Build cache is disabled
[        ] Skipping task ':flutter_openssl_crypto:processDebugManifest' as it is up-to-date.
[        ] work action resolve AndroidManifest.xml (project :flutter_openssl_crypto) (Thread[#38157,Execution worker Thread 19,5,main]) started.
[        ] Resolve mutations for :integration_test:extractDeepLinksDebug (Thread[#38157,Execution worker Thread 19,5,main]) started.
[        ] :integration_test:extractDeepLinksDebug (Thread[#38157,Execution worker Thread 19,5,main]) started.
[        ] > Task :integration_test:extractDeepLinksDebug UP-TO-DATE
[        ] Caching disabled for task ':integration_test:extractDeepLinksDebug' because:
[        ]   Build cache is disabled
[        ] Skipping task ':integration_test:extractDeepLinksDebug' as it is up-to-date.
[        ] work action resolve navigation.json (project :integration_test) (Thread[#38157,Execution worker Thread 19,5,main]) started.
[        ] Resolve mutations for :integration_test:processDebugManifest (Thread[#38157,Execution worker Thread 19,5,main]) started.
[        ] :integration_test:processDebugManifest (Thread[#38157,Execution worker Thread 19,5,main]) started.
[        ] > Task :integration_test:processDebugManifest UP-TO-DATE
[        ] Caching disabled for task ':integration_test:processDebugManifest' because:
[        ]   Build cache is disabled
[        ] Skipping task ':integration_test:processDebugManifest' as it is up-to-date.
[        ] work action resolve AndroidManifest.xml (project :integration_test) (Thread[#38157,Execution worker Thread 19,5,main]) started.
[        ] Resolve mutations for :path_provider_android:extractDeepLinksDebug (Thread[#38157,Execution worker Thread 19,5,main]) started.
[        ] :path_provider_android:extractDeepLinksDebug (Thread[#38157,Execution worker Thread 19,5,main]) started.
[        ] > Task :path_provider_android:extractDeepLinksDebug UP-TO-DATE
[        ] Caching disabled for task ':path_provider_android:extractDeepLinksDebug' because:
[        ]   Build cache is disabled
[        ] Skipping task ':path_provider_android:extractDeepLinksDebug' as it is up-to-date.
[        ] work action resolve navigation.json (project :path_provider_android) (Thread[#38157,Execution worker Thread 19,5,main]) started.
[        ] Resolve mutations for :path_provider_android:processDebugManifest (Thread[#38157,Execution worker Thread 19,5,main]) started.
[        ] :path_provider_android:processDebugManifest (Thread[#38157,Execution worker Thread 19,5,main]) started.
[        ] > Task :path_provider_android:processDebugManifest UP-TO-DATE
[        ] Caching disabled for task ':path_provider_android:processDebugManifest' because:
[        ]   Build cache is disabled
[        ] Skipping task ':path_provider_android:processDebugManifest' as it is up-to-date.
[        ] work action resolve AndroidManifest.xml (project :path_provider_android) (Thread[#38157,Execution worker Thread 19,5,main]) started.
[        ] Resolve mutations for :quill_native_bridge_android:extractDeepLinksDebug (Thread[#38157,Execution worker Thread 19,5,main]) started.
[        ] :quill_native_bridge_android:extractDeepLinksDebug (Thread[#38157,Execution worker Thread 19,5,main]) started.
[        ] > Task :quill_native_bridge_android:extractDeepLinksDebug UP-TO-DATE
[        ] Caching disabled for task ':quill_native_bridge_android:extractDeepLinksDebug' because:
[        ]   Build cache is disabled
[        ] Skipping task ':quill_native_bridge_android:extractDeepLinksDebug' as it is up-to-date.
[        ] work action resolve navigation.json (project :quill_native_bridge_android) (Thread[#38157,Execution worker Thread 19,5,main]) started.
[        ] Resolve mutations for :quill_native_bridge_android:processDebugManifest (Thread[#38157,Execution worker Thread 19,5,main]) started.
[        ] :quill_native_bridge_android:processDebugManifest (Thread[#38157,Execution worker Thread 19,5,main]) started.
[        ] > Task :quill_native_bridge_android:processDebugManifest UP-TO-DATE
[        ] Caching disabled for task ':quill_native_bridge_android:processDebugManifest' because:
[        ]   Build cache is disabled
[        ] Skipping task ':quill_native_bridge_android:processDebugManifest' as it is up-to-date.
[        ] work action resolve AndroidManifest.xml (project :quill_native_bridge_android) (Thread[#38157,Execution worker Thread 19,5,main]) started.
[        ] Resolve mutations for :shared_preferences_android:extractDeepLinksDebug (Thread[#38157,Execution worker Thread 19,5,main]) started.
[        ] :shared_preferences_android:extractDeepLinksDebug (Thread[#38157,Execution worker Thread 19,5,main]) started.
[        ] > Task :shared_preferences_android:extractDeepLinksDebug UP-TO-DATE
[        ] Caching disabled for task ':shared_preferences_android:extractDeepLinksDebug' because:
[        ]   Build cache is disabled
[        ] Skipping task ':shared_preferences_android:extractDeepLinksDebug' as it is up-to-date.
[        ] work action resolve navigation.json (project :shared_preferences_android) (Thread[#38157,Execution worker Thread 19,5,main]) started.
[        ] Resolve mutations for :shared_preferences_android:processDebugManifest (Thread[#38157,Execution worker Thread 19,5,main]) started.
[        ] :shared_preferences_android:processDebugManifest (Thread[#38157,Execution worker Thread 19,5,main]) started.
[        ] > Task :shared_preferences_android:processDebugManifest UP-TO-DATE
[        ] Caching disabled for task ':shared_preferences_android:processDebugManifest' because:
[        ]   Build cache is disabled
[        ] Skipping task ':shared_preferences_android:processDebugManifest' as it is up-to-date.
[        ] work action resolve AndroidManifest.xml (project :shared_preferences_android) (Thread[#38157,Execution worker Thread 19,5,main]) started.
[        ] Resolve mutations for :sqflite_android:extractDeepLinksDebug (Thread[#38157,Execution worker Thread 19,5,main]) started.
[        ] :sqflite_android:extractDeepLinksDebug (Thread[#38157,Execution worker Thread 19,5,main]) started.
[        ] > Task :sqflite_android:extractDeepLinksDebug UP-TO-DATE
[        ] Caching disabled for task ':sqflite_android:extractDeepLinksDebug' because:
[        ]   Build cache is disabled
[        ] Skipping task ':sqflite_android:extractDeepLinksDebug' as it is up-to-date.
[        ] work action resolve navigation.json (project :sqflite_android) (Thread[#38157,Execution worker Thread 19,5,main]) started.
[        ] Resolve mutations for :sqflite_android:processDebugManifest (Thread[#38157,Execution worker Thread 19,5,main]) started.
[        ] :sqflite_android:processDebugManifest (Thread[#38157,Execution worker Thread 19,5,main]) started.
[        ] > Task :sqflite_android:processDebugManifest UP-TO-DATE
[        ] Caching disabled for task ':sqflite_android:processDebugManifest' because:
[        ]   Build cache is disabled
[        ] Skipping task ':sqflite_android:processDebugManifest' as it is up-to-date.
[        ] work action resolve AndroidManifest.xml (project :sqflite_android) (Thread[#38157,Execution worker Thread 19,5,main]) started.
[        ] Resolve mutations for :url_launcher_android:extractDeepLinksDebug (Thread[#38157,Execution worker Thread 19,5,main]) started.
[        ] :url_launcher_android:extractDeepLinksDebug (Thread[#38157,Execution worker Thread 19,5,main]) started.
[        ] > Task :url_launcher_android:extractDeepLinksDebug UP-TO-DATE
[        ] Caching disabled for task ':url_launcher_android:extractDeepLinksDebug' because:
[        ]   Build cache is disabled
[        ] Skipping task ':url_launcher_android:extractDeepLinksDebug' as it is up-to-date.
[        ] work action resolve navigation.json (project :url_launcher_android) (Thread[#38157,Execution worker Thread 19,5,main]) started.
[        ] Resolve mutations for :url_launcher_android:processDebugManifest (Thread[#38157,Execution worker Thread 19,5,main]) started.
[        ] :url_launcher_android:processDebugManifest (Thread[#38157,Execution worker Thread 19,5,main]) started.
[        ] > Task :url_launcher_android:processDebugManifest UP-TO-DATE
[        ] Caching disabled for task ':url_launcher_android:processDebugManifest' because:
[        ]   Build cache is disabled
[        ] Skipping task ':url_launcher_android:processDebugManifest' as it is up-to-date.
[        ] work action resolve AndroidManifest.xml (project :url_launcher_android) (Thread[#38157,Execution worker Thread 19,5,main]) started.
[        ] Resolve mutations for :video_player_android:extractDeepLinksDebug (Thread[#38157,Execution worker Thread 19,5,main]) started.
[        ] :video_player_android:extractDeepLinksDebug (Thread[#38157,Execution worker Thread 19,5,main]) started.
[        ] > Task :video_player_android:extractDeepLinksDebug UP-TO-DATE
[        ] Caching disabled for task ':video_player_android:extractDeepLinksDebug' because:
[        ]   Build cache is disabled
[        ] Skipping task ':video_player_android:extractDeepLinksDebug' as it is up-to-date.
[        ] work action resolve navigation.json (project :video_player_android) (Thread[#38157,Execution worker Thread 19,5,main]) started.
[        ] Resolve mutations for :video_player_android:processDebugManifest (Thread[#38157,Execution worker Thread 19,5,main]) started.
[        ] :video_player_android:processDebugManifest (Thread[#38157,Execution worker Thread 19,5,main]) started.
[        ] > Task :video_player_android:processDebugManifest UP-TO-DATE
[        ] Caching disabled for task ':video_player_android:processDebugManifest' because:
[        ]   Build cache is disabled
[        ] Skipping task ':video_player_android:processDebugManifest' as it is up-to-date.
[        ] work action resolve AndroidManifest.xml (project :video_player_android) (Thread[#38157,Execution worker Thread 19,5,main]) started.
[        ] Resolve mutations for :app:processDebugMainManifest (Thread[#38157,Execution worker Thread 19,5,main]) started.
[        ] :app:processDebugMainManifest (Thread[#38157,Execution worker Thread 19,5,main]) started.
[        ] > Task :app:processDebugMainManifest UP-TO-DATE
[        ] Caching disabled for task ':app:processDebugMainManifest' because:
[        ]   Build cache is disabled
[        ] Skipping task ':app:processDebugMainManifest' as it is up-to-date.
[        ] Resolve mutations for :app:outputDebugAppLinkSettings (Thread[#38157,Execution worker Thread 19,5,main]) started.
[        ] :app:outputDebugAppLinkSettings (Thread[#38157,Execution worker Thread 19,5,main]) started.
[        ] > Task :app:outputDebugAppLinkSettings UP-TO-DATE
[        ] Caching disabled for task ':app:outputDebugAppLinkSettings' because:
[        ]   Build cache is disabled
[        ]   Caching has not been enabled for the task
[        ] Skipping task ':app:outputDebugAppLinkSettings' as it is up-to-date.
[        ] Resolve mutations for :app:processDebugManifest (Thread[#38157,Execution worker Thread 19,5,main]) started.
[        ] :app:processDebugManifest (Thread[#38157,Execution worker Thread 19,5,main]) started.
[        ] > Task :app:processDebugManifest UP-TO-DATE
[        ] Caching disabled for task ':app:processDebugManifest' because:
[        ]   Build cache is disabled
[        ] Skipping task ':app:processDebugManifest' as it is up-to-date.
[        ] Resolve mutations for :app:processDebugManifestForPackage (Thread[#38157,Execution worker Thread 19,5,main]) started.
[        ] :app:processDebugManifestForPackage (Thread[#38157,Execution worker Thread 19,5,main]) started.
[        ] > Task :app:processDebugManifestForPackage UP-TO-DATE
[        ] Custom actions are attached to task ':app:processDebugManifestForPackage'.
[        ] Caching disabled for task ':app:processDebugManifestForPackage' because:
[        ]   Build cache is disabled
[        ] Skipping task ':app:processDebugManifestForPackage' as it is up-to-date.
[        ] Resolve mutations for :connectivity_plus:compileDebugLibraryResources (Thread[#38157,Execution worker Thread 19,5,main]) started.
[        ] :connectivity_plus:compileDebugLibraryResources (Thread[#38157,Execution worker Thread 19,5,main]) started.
[        ] > Task :connectivity_plus:compileDebugLibraryResources UP-TO-DATE
[        ] Caching disabled for task ':connectivity_plus:compileDebugLibraryResources' because:
[        ]   Build cache is disabled
[        ] Skipping task ':connectivity_plus:compileDebugLibraryResources' as it is up-to-date.
[        ] work action resolve out (project :connectivity_plus) (Thread[#38157,Execution worker Thread 19,5,main]) started.
[        ] Resolve mutations for :connectivity_plus:parseDebugLocalResources (Thread[#38157,Execution worker Thread 19,5,main]) started.
[        ] :connectivity_plus:parseDebugLocalResources (Thread[#38157,Execution worker Thread 19,5,main]) started.
[        ] > Task :connectivity_plus:parseDebugLocalResources UP-TO-DATE
[        ] Caching disabled for task ':connectivity_plus:parseDebugLocalResources' because:
[        ]   Build cache is disabled
[        ] Skipping task ':connectivity_plus:parseDebugLocalResources' as it is up-to-date.
[        ] Resolve mutations for :connectivity_plus:generateDebugRFile (Thread[#38157,Execution worker Thread 19,5,main]) started.
[        ] :connectivity_plus:generateDebugRFile (Thread[#38157,Execution worker Thread 19,5,main]) started.
[        ] > Task :connectivity_plus:generateDebugRFile UP-TO-DATE
[        ] Caching disabled for task ':connectivity_plus:generateDebugRFile' because:
[        ]   Build cache is disabled
[        ] Skipping task ':connectivity_plus:generateDebugRFile' as it is up-to-date.
[        ] work action resolve package-aware-r.txt (project :connectivity_plus) (Thread[#38157,Execution worker Thread 19,5,main]) started.
[        ] Resolve mutations for :emoji_picker_flutter:compileDebugLibraryResources (Thread[#38157,Execution worker Thread 19,5,main]) started.
[        ] :emoji_picker_flutter:compileDebugLibraryResources (Thread[#38157,Execution worker Thread 19,5,main]) started.
[        ] > Task :emoji_picker_flutter:compileDebugLibraryResources UP-TO-DATE
[        ] Caching disabled for task ':emoji_picker_flutter:compileDebugLibraryResources' because:
[        ]   Build cache is disabled
[        ] Skipping task ':emoji_picker_flutter:compileDebugLibraryResources' as it is up-to-date.
[        ] work action resolve out (project :emoji_picker_flutter) (Thread[#38157,Execution worker Thread 19,5,main]) started.
[        ] Resolve mutations for :emoji_picker_flutter:parseDebugLocalResources (Thread[#38157,Execution worker Thread 19,5,main]) started.
[        ] :emoji_picker_flutter:parseDebugLocalResources (Thread[#38157,Execution worker Thread 19,5,main]) started.
[        ] > Task :emoji_picker_flutter:parseDebugLocalResources UP-TO-DATE
[        ] Caching disabled for task ':emoji_picker_flutter:parseDebugLocalResources' because:
[        ]   Build cache is disabled
[        ] Skipping task ':emoji_picker_flutter:parseDebugLocalResources' as it is up-to-date.
[        ] Resolve mutations for :emoji_picker_flutter:generateDebugRFile (Thread[#38157,Execution worker Thread 19,5,main]) started.
[        ] :emoji_picker_flutter:generateDebugRFile (Thread[#38157,Execution worker Thread 19,5,main]) started.
[        ] > Task :emoji_picker_flutter:generateDebugRFile UP-TO-DATE
[        ] Caching disabled for task ':emoji_picker_flutter:generateDebugRFile' because:
[        ]   Build cache is disabled
[        ] Skipping task ':emoji_picker_flutter:generateDebugRFile' as it is up-to-date.
[        ] work action resolve package-aware-r.txt (project :emoji_picker_flutter) (Thread[#38157,Execution worker Thread 19,5,main]) started.
[        ] Resolve mutations for :file_selector_android:compileDebugLibraryResources (Thread[#38157,Execution worker Thread 19,5,main]) started.
[        ] :file_selector_android:compileDebugLibraryResources (Thread[#38157,Execution worker Thread 19,5,main]) started.
[        ] > Task :file_selector_android:compileDebugLibraryResources UP-TO-DATE
[        ] Caching disabled for task ':file_selector_android:compileDebugLibraryResources' because:
[        ]   Build cache is disabled
[        ] Skipping task ':file_selector_android:compileDebugLibraryResources' as it is up-to-date.
[        ] work action resolve out (project :file_selector_android) (Thread[#38157,Execution worker Thread 19,5,main]) started.
[        ] Resolve mutations for :file_selector_android:parseDebugLocalResources (Thread[#38157,Execution worker Thread 19,5,main]) started.
[        ] :file_selector_android:parseDebugLocalResources (Thread[#38157,Execution worker Thread 19,5,main]) started.
[        ] > Task :file_selector_android:parseDebugLocalResources UP-TO-DATE
[        ] Caching disabled for task ':file_selector_android:parseDebugLocalResources' because:
[        ]   Build cache is disabled
[        ] Skipping task ':file_selector_android:parseDebugLocalResources' as it is up-to-date.
[        ] Resolve mutations for :file_selector_android:generateDebugRFile (Thread[#38157,Execution worker Thread 19,5,main]) started.
[        ] :file_selector_android:generateDebugRFile (Thread[#38157,Execution worker Thread 19,5,main]) started.
[        ] > Task :file_selector_android:generateDebugRFile UP-TO-DATE
[        ] Caching disabled for task ':file_selector_android:generateDebugRFile' because:
[        ]   Build cache is disabled
[        ] Skipping task ':file_selector_android:generateDebugRFile' as it is up-to-date.
[        ] work action resolve package-aware-r.txt (project :file_selector_android) (Thread[#38157,Execution worker Thread 19,5,main]) started.
[        ] Resolve mutations for :flutter_keyboard_visibility_temp_fork:compileDebugLibraryResources (Thread[#38157,Execution worker Thread 19,5,main]) started.
[        ] :flutter_keyboard_visibility_temp_fork:compileDebugLibraryResources (Thread[#38157,Execution worker Thread 19,5,main]) started.
[        ] > Task :flutter_keyboard_visibility_temp_fork:compileDebugLibraryResources UP-TO-DATE
[        ] Caching disabled for task ':flutter_keyboard_visibility_temp_fork:compileDebugLibraryResources' because:
[        ]   Build cache is disabled
[        ] Skipping task ':flutter_keyboard_visibility_temp_fork:compileDebugLibraryResources' as it is up-to-date.
[        ] work action resolve out (project :flutter_keyboard_visibility_temp_fork) (Thread[#38157,Execution worker Thread 19,5,main]) started.
[        ] Resolve mutations for :flutter_keyboard_visibility_temp_fork:parseDebugLocalResources (Thread[#38157,Execution worker Thread 19,5,main]) started.
[        ] :flutter_keyboard_visibility_temp_fork:parseDebugLocalResources (Thread[#38157,Execution worker Thread 19,5,main]) started.
[        ] > Task :flutter_keyboard_visibility_temp_fork:parseDebugLocalResources UP-TO-DATE
[        ] Caching disabled for task ':flutter_keyboard_visibility_temp_fork:parseDebugLocalResources' because:
[        ]   Build cache is disabled
[        ] Skipping task ':flutter_keyboard_visibility_temp_fork:parseDebugLocalResources' as it is up-to-date.
[        ] Resolve mutations for :flutter_keyboard_visibility_temp_fork:generateDebugRFile (Thread[#38157,Execution worker Thread 19,5,main]) started.
[        ] :flutter_keyboard_visibility_temp_fork:generateDebugRFile (Thread[#38157,Execution worker Thread 19,5,main]) started.
[        ] > Task :flutter_keyboard_visibility_temp_fork:generateDebugRFile UP-TO-DATE
[        ] Caching disabled for task ':flutter_keyboard_visibility_temp_fork:generateDebugRFile' because:
[        ]   Build cache is disabled
[        ] Skipping task ':flutter_keyboard_visibility_temp_fork:generateDebugRFile' as it is up-to-date.
[        ] work action resolve package-aware-r.txt (project :flutter_keyboard_visibility_temp_fork) (Thread[#38157,Execution worker Thread 19,5,main]) started.
[        ] Resolve mutations for :flutter_native_splash:compileDebugLibraryResources (Thread[#38157,Execution worker Thread 19,5,main]) started.
[        ] :flutter_native_splash:compileDebugLibraryResources (Thread[#38157,Execution worker Thread 19,5,main]) started.
[        ] > Task :flutter_native_splash:compileDebugLibraryResources UP-TO-DATE
[        ] Caching disabled for task ':flutter_native_splash:compileDebugLibraryResources' because:
[        ]   Build cache is disabled
[        ] Skipping task ':flutter_native_splash:compileDebugLibraryResources' as it is up-to-date.
[        ] work action resolve out (project :flutter_native_splash) (Thread[#38157,Execution worker Thread 19,5,main]) started.
[        ] Resolve mutations for :flutter_native_splash:parseDebugLocalResources (Thread[#38157,Execution worker Thread 19,5,main]) started.
[        ] :flutter_native_splash:parseDebugLocalResources (Thread[#38157,Execution worker Thread 19,5,main]) started.
[        ] > Task :flutter_native_splash:parseDebugLocalResources UP-TO-DATE
[        ] Caching disabled for task ':flutter_native_splash:parseDebugLocalResources' because:
[        ]   Build cache is disabled
[        ] Skipping task ':flutter_native_splash:parseDebugLocalResources' as it is up-to-date.
[        ] Resolve mutations for :flutter_native_splash:generateDebugRFile (Thread[#38157,Execution worker Thread 19,5,main]) started.
[        ] :flutter_native_splash:generateDebugRFile (Thread[#38157,Execution worker Thread 19,5,main]) started.
[        ] > Task :flutter_native_splash:generateDebugRFile UP-TO-DATE
[        ] Caching disabled for task ':flutter_native_splash:generateDebugRFile' because:
[        ]   Build cache is disabled
[        ] Skipping task ':flutter_native_splash:generateDebugRFile' as it is up-to-date.
[        ] work action resolve package-aware-r.txt (project :flutter_native_splash) (Thread[#38157,Execution worker Thread 19,5,main]) started.
[        ] Resolve mutations for :flutter_olm:compileDebugLibraryResources (Thread[#38157,Execution worker Thread 19,5,main]) started.
[        ] :flutter_olm:compileDebugLibraryResources (Thread[#38157,Execution worker Thread 19,5,main]) started.
[        ] > Task :flutter_olm:compileDebugLibraryResources UP-TO-DATE
[        ] Caching disabled for task ':flutter_olm:compileDebugLibraryResources' because:
[        ]   Build cache is disabled
[        ] Skipping task ':flutter_olm:compileDebugLibraryResources' as it is up-to-date.
[        ] work action resolve out (project :flutter_olm) (Thread[#38157,Execution worker Thread 19,5,main]) started.
[        ] Resolve mutations for :flutter_olm:parseDebugLocalResources (Thread[#38157,Execution worker Thread 19,5,main]) started.
[        ] :flutter_olm:parseDebugLocalResources (Thread[#38157,Execution worker Thread 19,5,main]) started.
[        ] > Task :flutter_olm:parseDebugLocalResources UP-TO-DATE
[        ] Caching disabled for task ':flutter_olm:parseDebugLocalResources' because:
[        ]   Build cache is disabled
[        ] Skipping task ':flutter_olm:parseDebugLocalResources' as it is up-to-date.
[        ] Resolve mutations for :flutter_olm:generateDebugRFile (Thread[#38157,Execution worker Thread 19,5,main]) started.
[        ] :flutter_olm:generateDebugRFile (Thread[#38157,Execution worker Thread 19,5,main]) started.
[        ] > Task :flutter_olm:generateDebugRFile UP-TO-DATE
[        ] Caching disabled for task ':flutter_olm:generateDebugRFile' because:
[        ]   Build cache is disabled
[        ] Skipping task ':flutter_olm:generateDebugRFile' as it is up-to-date.
[        ] work action resolve package-aware-r.txt (project :flutter_olm) (Thread[#38157,Execution worker Thread 19,5,main]) started.
[        ] Resolve mutations for :flutter_openssl_crypto:compileDebugLibraryResources (Thread[#38157,Execution worker Thread 19,5,main]) started.
[        ] :flutter_openssl_crypto:compileDebugLibraryResources (Thread[#38157,Execution worker Thread 19,5,main]) started.
[        ] > Task :flutter_openssl_crypto:compileDebugLibraryResources UP-TO-DATE
[        ] Caching disabled for task ':flutter_openssl_crypto:compileDebugLibraryResources' because:
[        ]   Build cache is disabled
[        ] Skipping task ':flutter_openssl_crypto:compileDebugLibraryResources' as it is up-to-date.
[        ] work action resolve out (project :flutter_openssl_crypto) (Thread[#38157,Execution worker Thread 19,5,main]) started.
[        ] Resolve mutations for :flutter_openssl_crypto:parseDebugLocalResources (Thread[#38157,Execution worker Thread 19,5,main]) started.
[        ] :flutter_openssl_crypto:parseDebugLocalResources (Thread[#38157,Execution worker Thread 19,5,main]) started.
[        ] > Task :flutter_openssl_crypto:parseDebugLocalResources UP-TO-DATE
[        ] Caching disabled for task ':flutter_openssl_crypto:parseDebugLocalResources' because:
[        ]   Build cache is disabled
[        ] Skipping task ':flutter_openssl_crypto:parseDebugLocalResources' as it is up-to-date.
[        ] Resolve mutations for :flutter_openssl_crypto:generateDebugRFile (Thread[#38157,Execution worker Thread 19,5,main]) started.
[        ] :flutter_openssl_crypto:generateDebugRFile (Thread[#38157,Execution worker Thread 19,5,main]) started.
[        ] > Task :flutter_openssl_crypto:generateDebugRFile UP-TO-DATE
[        ] Caching disabled for task ':flutter_openssl_crypto:generateDebugRFile' because:
[        ]   Build cache is disabled
[        ] Skipping task ':flutter_openssl_crypto:generateDebugRFile' as it is up-to-date.
[        ] work action resolve package-aware-r.txt (project :flutter_openssl_crypto) (Thread[#38157,Execution worker Thread 19,5,main]) started.
[        ] Resolve mutations for :integration_test:compileDebugLibraryResources (Thread[#38157,Execution worker Thread 19,5,main]) started.
[        ] :integration_test:compileDebugLibraryResources (Thread[#38157,Execution worker Thread 19,5,main]) started.
[        ] > Task :integration_test:compileDebugLibraryResources UP-TO-DATE
[        ] Caching disabled for task ':integration_test:compileDebugLibraryResources' because:
[        ]   Build cache is disabled
[        ] Skipping task ':integration_test:compileDebugLibraryResources' as it is up-to-date.
[        ] work action resolve out (project :integration_test) (Thread[#38157,Execution worker Thread 19,5,main]) started.
[        ] Resolve mutations for :integration_test:parseDebugLocalResources (Thread[#38157,Execution worker Thread 19,5,main]) started.
[        ] :integration_test:parseDebugLocalResources (Thread[#38157,Execution worker Thread 19,5,main]) started.
[        ] > Task :integration_test:parseDebugLocalResources UP-TO-DATE
[        ] Caching disabled for task ':integration_test:parseDebugLocalResources' because:
[        ]   Build cache is disabled
[        ] Skipping task ':integration_test:parseDebugLocalResources' as it is up-to-date.
[        ] Resolve mutations for :integration_test:generateDebugRFile (Thread[#38157,Execution worker Thread 19,5,main]) started.
[        ] :integration_test:generateDebugRFile (Thread[#38157,Execution worker Thread 19,5,main]) started.
[        ] > Task :integration_test:generateDebugRFile UP-TO-DATE
[        ] Caching disabled for task ':integration_test:generateDebugRFile' because:
[        ]   Build cache is disabled
[        ] Skipping task ':integration_test:generateDebugRFile' as it is up-to-date.
[        ] work action resolve package-aware-r.txt (project :integration_test) (Thread[#38157,Execution worker Thread 19,5,main]) started.
[        ] Resolve mutations for :path_provider_android:compileDebugLibraryResources (Thread[#38157,Execution worker Thread 19,5,main]) started.
[        ] :path_provider_android:compileDebugLibraryResources (Thread[#38157,Execution worker Thread 19,5,main]) started.
[        ] > Task :path_provider_android:compileDebugLibraryResources UP-TO-DATE
[        ] Caching disabled for task ':path_provider_android:compileDebugLibraryResources' because:
[        ]   Build cache is disabled
[        ] Skipping task ':path_provider_android:compileDebugLibraryResources' as it is up-to-date.
[        ] work action resolve out (project :path_provider_android) (Thread[#38157,Execution worker Thread 19,5,main]) started.
[        ] Resolve mutations for :path_provider_android:parseDebugLocalResources (Thread[#38157,Execution worker Thread 19,5,main]) started.
[        ] :path_provider_android:parseDebugLocalResources (Thread[#38157,Execution worker Thread 19,5,main]) started.
[        ] > Task :path_provider_android:parseDebugLocalResources UP-TO-DATE
[        ] Caching disabled for task ':path_provider_android:parseDebugLocalResources' because:
[        ]   Build cache is disabled
[        ] Skipping task ':path_provider_android:parseDebugLocalResources' as it is up-to-date.
[        ] Resolve mutations for :path_provider_android:generateDebugRFile (Thread[#38157,Execution worker Thread 19,5,main]) started.
[        ] :path_provider_android:generateDebugRFile (Thread[#38157,Execution worker Thread 19,5,main]) started.
[        ] > Task :path_provider_android:generateDebugRFile UP-TO-DATE
[        ] Caching disabled for task ':path_provider_android:generateDebugRFile' because:
[        ]   Build cache is disabled
[        ] Skipping task ':path_provider_android:generateDebugRFile' as it is up-to-date.
[        ] work action resolve package-aware-r.txt (project :path_provider_android) (Thread[#38157,Execution worker Thread 19,5,main]) started.
[        ] Resolve mutations for :quill_native_bridge_android:compileDebugLibraryResources (Thread[#38157,Execution worker Thread 19,5,main]) started.
[        ] :quill_native_bridge_android:compileDebugLibraryResources (Thread[#38157,Execution worker Thread 19,5,main]) started.
[        ] > Task :quill_native_bridge_android:compileDebugLibraryResources UP-TO-DATE
[        ] Caching disabled for task ':quill_native_bridge_android:compileDebugLibraryResources' because:
[        ]   Build cache is disabled
[        ] Skipping task ':quill_native_bridge_android:compileDebugLibraryResources' as it is up-to-date.
[        ] work action resolve out (project :quill_native_bridge_android) (Thread[#38157,Execution worker Thread 19,5,main]) started.
[        ] Resolve mutations for :quill_native_bridge_android:parseDebugLocalResources (Thread[#38157,Execution worker Thread 19,5,main]) started.
[        ] :quill_native_bridge_android:parseDebugLocalResources (Thread[#38157,Execution worker Thread 19,5,main]) started.
[        ] > Task :quill_native_bridge_android:parseDebugLocalResources UP-TO-DATE
[        ] Caching disabled for task ':quill_native_bridge_android:parseDebugLocalResources' because:
[        ]   Build cache is disabled
[        ] Skipping task ':quill_native_bridge_android:parseDebugLocalResources' as it is up-to-date.
[        ] Resolve mutations for :quill_native_bridge_android:generateDebugRFile (Thread[#38157,Execution worker Thread 19,5,main]) started.
[        ] :quill_native_bridge_android:generateDebugRFile (Thread[#38157,Execution worker Thread 19,5,main]) started.
[        ] > Task :quill_native_bridge_android:generateDebugRFile UP-TO-DATE
[        ] Caching disabled for task ':quill_native_bridge_android:generateDebugRFile' because:
[        ]   Build cache is disabled
[        ] Skipping task ':quill_native_bridge_android:generateDebugRFile' as it is up-to-date.
[        ] work action resolve package-aware-r.txt (project :quill_native_bridge_android) (Thread[#38157,Execution worker Thread 19,5,main]) started.
[        ] Resolve mutations for :shared_preferences_android:compileDebugLibraryResources (Thread[#38157,Execution worker Thread 19,5,main]) started.
[        ] :shared_preferences_android:compileDebugLibraryResources (Thread[#38157,Execution worker Thread 19,5,main]) started.
[        ] > Task :shared_preferences_android:compileDebugLibraryResources UP-TO-DATE
[        ] Caching disabled for task ':shared_preferences_android:compileDebugLibraryResources' because:
[        ]   Build cache is disabled
[        ] Skipping task ':shared_preferences_android:compileDebugLibraryResources' as it is up-to-date.
[        ] work action resolve out (project :shared_preferences_android) (Thread[#38157,Execution worker Thread 19,5,main]) started.
[        ] Resolve mutations for :shared_preferences_android:parseDebugLocalResources (Thread[#38157,Execution worker Thread 19,5,main]) started.
[        ] :shared_preferences_android:parseDebugLocalResources (Thread[#38157,Execution worker Thread 19,5,main]) started.
[        ] > Task :shared_preferences_android:parseDebugLocalResources UP-TO-DATE
[        ] Caching disabled for task ':shared_preferences_android:parseDebugLocalResources' because:
[        ]   Build cache is disabled
[        ] Skipping task ':shared_preferences_android:parseDebugLocalResources' as it is up-to-date.
[        ] Resolve mutations for :shared_preferences_android:generateDebugRFile (Thread[#38157,Execution worker Thread 19,5,main]) started.
[        ] :shared_preferences_android:generateDebugRFile (Thread[#38157,Execution worker Thread 19,5,main]) started.
[        ] > Task :shared_preferences_android:generateDebugRFile UP-TO-DATE
[        ] Caching disabled for task ':shared_preferences_android:generateDebugRFile' because:
[        ]   Build cache is disabled
[        ] Skipping task ':shared_preferences_android:generateDebugRFile' as it is up-to-date.
[        ] work action resolve package-aware-r.txt (project :shared_preferences_android) (Thread[#38157,Execution worker Thread 19,5,main]) started.
[        ] Resolve mutations for :sqflite_android:compileDebugLibraryResources (Thread[#38157,Execution worker Thread 19,5,main]) started.
[        ] :sqflite_android:compileDebugLibraryResources (Thread[#38157,Execution worker Thread 19,5,main]) started.
[        ] > Task :sqflite_android:compileDebugLibraryResources UP-TO-DATE
[        ] Caching disabled for task ':sqflite_android:compileDebugLibraryResources' because:
[        ]   Build cache is disabled
[        ] Skipping task ':sqflite_android:compileDebugLibraryResources' as it is up-to-date.
[        ] work action resolve out (project :sqflite_android) (Thread[#38157,Execution worker Thread 19,5,main]) started.
[        ] Resolve mutations for :sqflite_android:parseDebugLocalResources (Thread[#38157,Execution worker Thread 19,5,main]) started.
[        ] :sqflite_android:parseDebugLocalResources (Thread[#38157,Execution worker Thread 19,5,main]) started.
[        ] > Task :sqflite_android:parseDebugLocalResources UP-TO-DATE
[        ] Caching disabled for task ':sqflite_android:parseDebugLocalResources' because:
[        ]   Build cache is disabled
[        ] Skipping task ':sqflite_android:parseDebugLocalResources' as it is up-to-date.
[        ] Resolve mutations for :sqflite_android:generateDebugRFile (Thread[#38157,Execution worker Thread 19,5,main]) started.
[        ] :sqflite_android:generateDebugRFile (Thread[#38157,Execution worker Thread 19,5,main]) started.
[        ] > Task :sqflite_android:generateDebugRFile UP-TO-DATE
[        ] Caching disabled for task ':sqflite_android:generateDebugRFile' because:
[        ]   Build cache is disabled
[        ] Skipping task ':sqflite_android:generateDebugRFile' as it is up-to-date.
[        ] work action resolve package-aware-r.txt (project :sqflite_android) (Thread[#38157,Execution worker Thread 19,5,main]) started.
[        ] Resolve mutations for :url_launcher_android:compileDebugLibraryResources (Thread[#38157,Execution worker Thread 19,5,main]) started.
[        ] :url_launcher_android:compileDebugLibraryResources (Thread[#38157,Execution worker Thread 19,5,main]) started.
[        ] > Task :url_launcher_android:compileDebugLibraryResources UP-TO-DATE
[        ] Caching disabled for task ':url_launcher_android:compileDebugLibraryResources' because:
[        ]   Build cache is disabled
[        ] Skipping task ':url_launcher_android:compileDebugLibraryResources' as it is up-to-date.
[        ] work action resolve out (project :url_launcher_android) (Thread[#38157,Execution worker Thread 19,5,main]) started.
[        ] Resolve mutations for :url_launcher_android:parseDebugLocalResources (Thread[#38157,Execution worker Thread 19,5,main]) started.
[        ] :url_launcher_android:parseDebugLocalResources (Thread[#38157,Execution worker Thread 19,5,main]) started.
02:34 +1 -6: loading /Users/florian/Code/substitution/integration_test/room_feed_with_matrix_test.dart                                                                                                 [  +84 ms] > Task :url_launcher_android:parseDebugLocalResources UP-TO-DATE
[        ] Caching disabled for task ':url_launcher_android:parseDebugLocalResources' because:
[        ]   Build cache is disabled
[        ] Skipping task ':url_launcher_android:parseDebugLocalResources' as it is up-to-date.
[        ] Resolve mutations for :url_launcher_android:generateDebugRFile (Thread[#38157,Execution worker Thread 19,5,main]) started.
[        ] :url_launcher_android:generateDebugRFile (Thread[#38157,Execution worker Thread 19,5,main]) started.
[        ] > Task :url_launcher_android:generateDebugRFile UP-TO-DATE
[        ] Caching disabled for task ':url_launcher_android:generateDebugRFile' because:
[        ]   Build cache is disabled
[        ] Skipping task ':url_launcher_android:generateDebugRFile' as it is up-to-date.
[        ] work action resolve package-aware-r.txt (project :url_launcher_android) (Thread[#38157,Execution worker Thread 19,5,main]) started.
[        ] Resolve mutations for :video_player_android:compileDebugLibraryResources (Thread[#38157,Execution worker Thread 19,5,main]) started.
[        ] :video_player_android:compileDebugLibraryResources (Thread[#38157,Execution worker Thread 19,5,main]) started.
[        ] > Task :video_player_android:compileDebugLibraryResources UP-TO-DATE
[        ] Caching disabled for task ':video_player_android:compileDebugLibraryResources' because:
[        ]   Build cache is disabled
[        ] Skipping task ':video_player_android:compileDebugLibraryResources' as it is up-to-date.
[        ] work action resolve out (project :video_player_android) (Thread[#38157,Execution worker Thread 19,5,main]) started.
[        ] Resolve mutations for :video_player_android:parseDebugLocalResources (Thread[#38157,Execution worker Thread 19,5,main]) started.
[        ] :video_player_android:parseDebugLocalResources (Thread[#38157,Execution worker Thread 19,5,main]) started.
[        ] > Task :video_player_android:parseDebugLocalResources UP-TO-DATE
[        ] Caching disabled for task ':video_player_android:parseDebugLocalResources' because:
[        ]   Build cache is disabled
[        ] Skipping task ':video_player_android:parseDebugLocalResources' as it is up-to-date.
[        ] Resolve mutations for :video_player_android:generateDebugRFile (Thread[#38157,Execution worker Thread 19,5,main]) started.
[        ] :video_player_android:generateDebugRFile (Thread[#38157,Execution worker Thread 19,5,main]) started.
[        ] > Task :video_player_android:generateDebugRFile UP-TO-DATE
[        ] Caching disabled for task ':video_player_android:generateDebugRFile' because:
[        ]   Build cache is disabled
[        ] Skipping task ':video_player_android:generateDebugRFile' as it is up-to-date.
[        ] work action resolve package-aware-r.txt (project :video_player_android) (Thread[#38157,Execution worker Thread 19,5,main]) started.
[        ] Resolve mutations for :app:processDebugResources (Thread[#38157,Execution worker Thread 19,5,main]) started.
[        ] :app:processDebugResources (Thread[#38157,Execution worker Thread 19,5,main]) started.
[        ] > Task :app:processDebugResources UP-TO-DATE
[        ] Caching disabled for task ':app:processDebugResources' because:
[        ]   Build cache is disabled
[        ] Skipping task ':app:processDebugResources' as it is up-to-date.
[        ] Resolve mutations for :connectivity_plus:javaPreCompileDebug (Thread[#38157,Execution worker Thread 19,5,main]) started.
[        ] :connectivity_plus:javaPreCompileDebug (Thread[#38157,Execution worker Thread 19,5,main]) started.
[        ] > Task :connectivity_plus:javaPreCompileDebug UP-TO-DATE
[        ] Caching disabled for task ':connectivity_plus:javaPreCompileDebug' because:
[        ]   Build cache is disabled
[        ] Skipping task ':connectivity_plus:javaPreCompileDebug' as it is up-to-date.
[        ] Resolve mutations for :connectivity_plus:compileDebugJavaWithJavac (Thread[#38157,Execution worker Thread 19,5,main]) started.
[        ] :connectivity_plus:compileDebugJavaWithJavac (Thread[#38157,Execution worker Thread 19,5,main]) started.
[        ] > Task :connectivity_plus:compileDebugJavaWithJavac UP-TO-DATE
[        ] Custom actions are attached to task ':connectivity_plus:compileDebugJavaWithJavac'.
[        ] Caching disabled for task ':connectivity_plus:compileDebugJavaWithJavac' because:
[        ]   Build cache is disabled
[        ] Skipping task ':connectivity_plus:compileDebugJavaWithJavac' as it is up-to-date.
[        ] No compile result for :connectivity_plus:compileDebugJavaWithJavac
[        ] No compile result for :connectivity_plus:compileDebugJavaWithJavac
[        ] Resolve mutations for :connectivity_plus:bundleLibCompileToJarDebug (Thread[#38157,Execution worker Thread 19,5,main]) started.
[        ] :connectivity_plus:bundleLibCompileToJarDebug (Thread[#38157,Execution worker Thread 19,5,main]) started.
[        ] > Task :connectivity_plus:bundleLibCompileToJarDebug UP-TO-DATE
[        ] Caching disabled for task ':connectivity_plus:bundleLibCompileToJarDebug' because:
[        ]   Build cache is disabled
[        ]   Simple merging task
[        ] Skipping task ':connectivity_plus:bundleLibCompileToJarDebug' as it is up-to-date.
[        ] work action resolve classes.jar (project :connectivity_plus) (Thread[#38157,Execution worker Thread 19,5,main]) started.
[        ] Resolve mutations for :emoji_picker_flutter:checkKotlinGradlePluginConfigurationErrors (Thread[#38157,Execution worker Thread 19,5,main]) started.
[        ] :emoji_picker_flutter:checkKotlinGradlePluginConfigurationErrors (Thread[#38157,Execution worker Thread 19,5,main]) started.
[        ] > Task :emoji_picker_flutter:checkKotlinGradlePluginConfigurationErrors SKIPPED
[        ] Skipping task ':emoji_picker_flutter:checkKotlinGradlePluginConfigurationErrors' as task onlyIf 'errorDiagnostics are present' is false.
[        ] Resolve mutations for :emoji_picker_flutter:compileDebugKotlin (Thread[#38157,Execution worker Thread 19,5,main]) started.
[        ] :emoji_picker_flutter:compileDebugKotlin (Thread[#38157,Execution worker Thread 19,5,main]) started.
[        ] > Task :emoji_picker_flutter:compileDebugKotlin UP-TO-DATE
[        ] Adding -Xuse-inline-scopes-numbers Kotlin compiler flag for task :emoji_picker_flutter:compileDebugAndroidTestKotlin
[        ] Caching disabled for task ':emoji_picker_flutter:compileDebugKotlin' because:
[        ]   Build cache is disabled
[        ] Skipping task ':emoji_picker_flutter:compileDebugKotlin' as it is up-to-date.
[        ] Resolve mutations for :emoji_picker_flutter:javaPreCompileDebug (Thread[#38157,Execution worker Thread 19,5,main]) started.
[        ] :emoji_picker_flutter:javaPreCompileDebug (Thread[#38157,Execution worker Thread 19,5,main]) started.
[        ] > Task :emoji_picker_flutter:javaPreCompileDebug UP-TO-DATE
[        ] Caching disabled for task ':emoji_picker_flutter:javaPreCompileDebug' because:
[        ]   Build cache is disabled
[        ] Skipping task ':emoji_picker_flutter:javaPreCompileDebug' as it is up-to-date.
[        ] Resolve mutations for :emoji_picker_flutter:compileDebugJavaWithJavac (Thread[#38157,Execution worker Thread 19,5,main]) started.
[        ] :emoji_picker_flutter:compileDebugJavaWithJavac (Thread[#38157,Execution worker Thread 19,5,main]) started.
[        ] > Task :emoji_picker_flutter:compileDebugJavaWithJavac NO-SOURCE
[        ] Skipping task ':emoji_picker_flutter:compileDebugJavaWithJavac' as it has no source files and no previous output files.
[        ] Resolve mutations for :emoji_picker_flutter:bundleLibCompileToJarDebug (Thread[#38157,Execution worker Thread 19,5,main]) started.
[        ] :emoji_picker_flutter:bundleLibCompileToJarDebug (Thread[#38157,Execution worker Thread 19,5,main]) started.
[        ] > Task :emoji_picker_flutter:bundleLibCompileToJarDebug UP-TO-DATE
[        ] Caching disabled for task ':emoji_picker_flutter:bundleLibCompileToJarDebug' because:
[        ]   Build cache is disabled
[        ]   Simple merging task
[        ] Skipping task ':emoji_picker_flutter:bundleLibCompileToJarDebug' as it is up-to-date.
[        ] work action resolve classes.jar (project :emoji_picker_flutter) (Thread[#38157,Execution worker Thread 19,5,main]) started.
[        ] Resolve mutations for :file_selector_android:javaPreCompileDebug (Thread[#38157,Execution worker Thread 19,5,main]) started.
[        ] :file_selector_android:javaPreCompileDebug (Thread[#38157,Execution worker Thread 19,5,main]) started.
[        ] > Task :file_selector_android:javaPreCompileDebug UP-TO-DATE
[        ] Caching disabled for task ':file_selector_android:javaPreCompileDebug' because:
[        ]   Build cache is disabled
[        ] Skipping task ':file_selector_android:javaPreCompileDebug' as it is up-to-date.
[        ] Resolve mutations for :file_selector_android:compileDebugJavaWithJavac (Thread[#38157,Execution worker Thread 19,5,main]) started.
[        ] :file_selector_android:compileDebugJavaWithJavac (Thread[#38157,Execution worker Thread 19,5,main]) started.
[        ] > Task :file_selector_android:compileDebugJavaWithJavac UP-TO-DATE
[        ] Custom actions are attached to task ':file_selector_android:compileDebugJavaWithJavac'.
[        ] Caching disabled for task ':file_selector_android:compileDebugJavaWithJavac' because:
[        ]   Build cache is disabled
[        ] Skipping task ':file_selector_android:compileDebugJavaWithJavac' as it is up-to-date.
[        ] No compile result for :file_selector_android:compileDebugJavaWithJavac
[        ] No compile result for :file_selector_android:compileDebugJavaWithJavac
[        ] Resolve mutations for :file_selector_android:bundleLibCompileToJarDebug (Thread[#38157,Execution worker Thread 19,5,main]) started.
[        ] :file_selector_android:bundleLibCompileToJarDebug (Thread[#38157,Execution worker Thread 19,5,main]) started.
[        ] > Task :file_selector_android:bundleLibCompileToJarDebug UP-TO-DATE
[        ] Caching disabled for task ':file_selector_android:bundleLibCompileToJarDebug' because:
[        ]   Build cache is disabled
[        ]   Simple merging task
[        ] Skipping task ':file_selector_android:bundleLibCompileToJarDebug' as it is up-to-date.
[        ] work action resolve classes.jar (project :file_selector_android) (Thread[#38157,Execution worker Thread 19,5,main]) started.
[        ] Resolve mutations for :flutter_keyboard_visibility_temp_fork:javaPreCompileDebug (Thread[#38157,Execution worker Thread 19,5,main]) started.
[        ] :flutter_keyboard_visibility_temp_fork:javaPreCompileDebug (Thread[#38157,Execution worker Thread 19,5,main]) started.
[        ] > Task :flutter_keyboard_visibility_temp_fork:javaPreCompileDebug UP-TO-DATE
[        ] Caching disabled for task ':flutter_keyboard_visibility_temp_fork:javaPreCompileDebug' because:
[        ]   Build cache is disabled
[        ] Skipping task ':flutter_keyboard_visibility_temp_fork:javaPreCompileDebug' as it is up-to-date.
[        ] Resolve mutations for :flutter_keyboard_visibility_temp_fork:compileDebugJavaWithJavac (Thread[#38157,Execution worker Thread 19,5,main]) started.
[        ] :flutter_keyboard_visibility_temp_fork:compileDebugJavaWithJavac (Thread[#38157,Execution worker Thread 19,5,main]) started.
[        ] > Task :flutter_keyboard_visibility_temp_fork:compileDebugJavaWithJavac UP-TO-DATE
[        ] Custom actions are attached to task ':flutter_keyboard_visibility_temp_fork:compileDebugJavaWithJavac'.
[        ] Caching disabled for task ':flutter_keyboard_visibility_temp_fork:compileDebugJavaWithJavac' because:
[        ]   Build cache is disabled
[        ] Skipping task ':flutter_keyboard_visibility_temp_fork:compileDebugJavaWithJavac' as it is up-to-date.
[        ] No compile result for :flutter_keyboard_visibility_temp_fork:compileDebugJavaWithJavac
[        ] No compile result for :flutter_keyboard_visibility_temp_fork:compileDebugJavaWithJavac
[        ] Resolve mutations for :flutter_keyboard_visibility_temp_fork:bundleLibCompileToJarDebug (Thread[#38157,Execution worker Thread 19,5,main]) started.
[        ] :flutter_keyboard_visibility_temp_fork:bundleLibCompileToJarDebug (Thread[#38157,Execution worker Thread 19,5,main]) started.
[        ] > Task :flutter_keyboard_visibility_temp_fork:bundleLibCompileToJarDebug UP-TO-DATE
[        ] Caching disabled for task ':flutter_keyboard_visibility_temp_fork:bundleLibCompileToJarDebug' because:
[        ]   Build cache is disabled
[        ]   Simple merging task
[        ] Skipping task ':flutter_keyboard_visibility_temp_fork:bundleLibCompileToJarDebug' as it is up-to-date.
[        ] work action resolve classes.jar (project :flutter_keyboard_visibility_temp_fork) (Thread[#38157,Execution worker Thread 19,5,main]) started.
[        ] Resolve mutations for :flutter_native_splash:javaPreCompileDebug (Thread[#38157,Execution worker Thread 19,5,main]) started.
[        ] :flutter_native_splash:javaPreCompileDebug (Thread[#38157,Execution worker Thread 19,5,main]) started.
[        ] > Task :flutter_native_splash:javaPreCompileDebug UP-TO-DATE
[        ] Caching disabled for task ':flutter_native_splash:javaPreCompileDebug' because:
[        ]   Build cache is disabled
[        ] Skipping task ':flutter_native_splash:javaPreCompileDebug' as it is up-to-date.
[        ] Resolve mutations for :flutter_native_splash:compileDebugJavaWithJavac (Thread[#38157,Execution worker Thread 19,5,main]) started.
[        ] :flutter_native_splash:compileDebugJavaWithJavac (Thread[#38157,Execution worker Thread 19,5,main]) started.
[        ] > Task :flutter_native_splash:compileDebugJavaWithJavac UP-TO-DATE
[        ] Custom actions are attached to task ':flutter_native_splash:compileDebugJavaWithJavac'.
[        ] Caching disabled for task ':flutter_native_splash:compileDebugJavaWithJavac' because:
[        ]   Build cache is disabled
[        ] Skipping task ':flutter_native_splash:compileDebugJavaWithJavac' as it is up-to-date.
[        ] No compile result for :flutter_native_splash:compileDebugJavaWithJavac
[        ] No compile result for :flutter_native_splash:compileDebugJavaWithJavac
[        ] Resolve mutations for :flutter_native_splash:bundleLibCompileToJarDebug (Thread[#38157,Execution worker Thread 19,5,main]) started.
[        ] :flutter_native_splash:bundleLibCompileToJarDebug (Thread[#38157,Execution worker Thread 19,5,main]) started.
[        ] > Task :flutter_native_splash:bundleLibCompileToJarDebug UP-TO-DATE
[        ] Caching disabled for task ':flutter_native_splash:bundleLibCompileToJarDebug' because:
[        ]   Build cache is disabled
[        ]   Simple merging task
[        ] Skipping task ':flutter_native_splash:bundleLibCompileToJarDebug' as it is up-to-date.
[        ] work action resolve classes.jar (project :flutter_native_splash) (Thread[#38157,Execution worker Thread 19,5,main]) started.
[        ] Resolve mutations for :flutter_olm:checkKotlinGradlePluginConfigurationErrors (Thread[#38157,Execution worker Thread 19,5,main]) started.
[        ] :flutter_olm:checkKotlinGradlePluginConfigurationErrors (Thread[#38157,Execution worker Thread 19,5,main]) started.
[        ] > Task :flutter_olm:checkKotlinGradlePluginConfigurationErrors SKIPPED
[        ] Skipping task ':flutter_olm:checkKotlinGradlePluginConfigurationErrors' as task onlyIf 'errorDiagnostics are present' is false.
[        ] Resolve mutations for :flutter_olm:compileDebugKotlin (Thread[#38157,Execution worker Thread 19,5,main]) started.
[        ] :flutter_olm:compileDebugKotlin (Thread[#38157,Execution worker Thread 19,5,main]) started.
[        ] > Task :flutter_olm:compileDebugKotlin UP-TO-DATE
[        ] Adding -Xuse-inline-scopes-numbers Kotlin compiler flag for task :flutter_olm:compileDebugAndroidTestKotlin
[        ] Caching disabled for task ':flutter_olm:compileDebugKotlin' because:
[        ]   Build cache is disabled
[        ] Skipping task ':flutter_olm:compileDebugKotlin' as it is up-to-date.
[        ] Resolve mutations for :flutter_olm:javaPreCompileDebug (Thread[#38157,Execution worker Thread 19,5,main]) started.
[        ] :flutter_olm:javaPreCompileDebug (Thread[#38157,Execution worker Thread 19,5,main]) started.
[        ] > Task :flutter_olm:javaPreCompileDebug UP-TO-DATE
[        ] Caching disabled for task ':flutter_olm:javaPreCompileDebug' because:
[        ]   Build cache is disabled
[        ] Skipping task ':flutter_olm:javaPreCompileDebug' as it is up-to-date.
[        ] Resolve mutations for :flutter_olm:compileDebugJavaWithJavac (Thread[#38157,Execution worker Thread 19,5,main]) started.
[        ] :flutter_olm:compileDebugJavaWithJavac (Thread[#38157,Execution worker Thread 19,5,main]) started.
[        ] > Task :flutter_olm:compileDebugJavaWithJavac NO-SOURCE
[        ] Skipping task ':flutter_olm:compileDebugJavaWithJavac' as it has no source files and no previous output files.
[        ] Resolve mutations for :flutter_olm:bundleLibCompileToJarDebug (Thread[#38157,Execution worker Thread 19,5,main]) started.
[        ] :flutter_olm:bundleLibCompileToJarDebug (Thread[#38157,Execution worker Thread 19,5,main]) started.
[        ] > Task :flutter_olm:bundleLibCompileToJarDebug UP-TO-DATE
[        ] Caching disabled for task ':flutter_olm:bundleLibCompileToJarDebug' because:
[        ]   Build cache is disabled
[        ]   Simple merging task
[        ] Skipping task ':flutter_olm:bundleLibCompileToJarDebug' as it is up-to-date.
[        ] work action resolve classes.jar (project :flutter_olm) (Thread[#38157,Execution worker Thread 19,5,main]) started.
[        ] Resolve mutations for :flutter_openssl_crypto:checkKotlinGradlePluginConfigurationErrors (Thread[#38157,Execution worker Thread 19,5,main]) started.
[        ] :flutter_openssl_crypto:checkKotlinGradlePluginConfigurationErrors (Thread[#38157,Execution worker Thread 19,5,main]) started.
[        ] > Task :flutter_openssl_crypto:checkKotlinGradlePluginConfigurationErrors SKIPPED
[        ] Skipping task ':flutter_openssl_crypto:checkKotlinGradlePluginConfigurationErrors' as task onlyIf 'errorDiagnostics are present' is false.
[        ] Resolve mutations for :flutter_openssl_crypto:compileDebugKotlin (Thread[#38157,Execution worker Thread 19,5,main]) started.
[        ] :flutter_openssl_crypto:compileDebugKotlin (Thread[#38157,Execution worker Thread 19,5,main]) started.
[        ] > Task :flutter_openssl_crypto:compileDebugKotlin UP-TO-DATE
[        ] Adding -Xuse-inline-scopes-numbers Kotlin compiler flag for task :flutter_openssl_crypto:compileDebugAndroidTestKotlin
[        ] Caching disabled for task ':flutter_openssl_crypto:compileDebugKotlin' because:
[        ]   Build cache is disabled
[        ] Skipping task ':flutter_openssl_crypto:compileDebugKotlin' as it is up-to-date.
[        ] Resolve mutations for :flutter_openssl_crypto:javaPreCompileDebug (Thread[#38157,Execution worker Thread 19,5,main]) started.
[        ] :flutter_openssl_crypto:javaPreCompileDebug (Thread[#38157,Execution worker Thread 19,5,main]) started.
[        ] > Task :flutter_openssl_crypto:javaPreCompileDebug UP-TO-DATE
[        ] Caching disabled for task ':flutter_openssl_crypto:javaPreCompileDebug' because:
[        ]   Build cache is disabled
[        ] Skipping task ':flutter_openssl_crypto:javaPreCompileDebug' as it is up-to-date.
[        ] Resolve mutations for :flutter_openssl_crypto:compileDebugJavaWithJavac (Thread[#38157,Execution worker Thread 19,5,main]) started.
[        ] :flutter_openssl_crypto:compileDebugJavaWithJavac (Thread[#38157,Execution worker Thread 19,5,main]) started.
[        ] > Task :flutter_openssl_crypto:compileDebugJavaWithJavac NO-SOURCE
[        ] Skipping task ':flutter_openssl_crypto:compileDebugJavaWithJavac' as it has no source files and no previous output files.
[        ] Resolve mutations for :flutter_openssl_crypto:bundleLibCompileToJarDebug (Thread[#38157,Execution worker Thread 19,5,main]) started.
[        ] :flutter_openssl_crypto:bundleLibCompileToJarDebug (Thread[#38157,Execution worker Thread 19,5,main]) started.
[        ] > Task :flutter_openssl_crypto:bundleLibCompileToJarDebug UP-TO-DATE
[        ] Caching disabled for task ':flutter_openssl_crypto:bundleLibCompileToJarDebug' because:
[        ]   Build cache is disabled
[        ]   Simple merging task
[        ] Skipping task ':flutter_openssl_crypto:bundleLibCompileToJarDebug' as it is up-to-date.
[        ] work action resolve classes.jar (project :flutter_openssl_crypto) (Thread[#38157,Execution worker Thread 19,5,main]) started.
[        ] Resolve mutations for :integration_test:javaPreCompileDebug (Thread[#38157,Execution worker Thread 19,5,main]) started.
[        ] :integration_test:javaPreCompileDebug (Thread[#38157,Execution worker Thread 19,5,main]) started.
[        ] > Task :integration_test:javaPreCompileDebug UP-TO-DATE
[        ] Caching disabled for task ':integration_test:javaPreCompileDebug' because:
[        ]   Build cache is disabled
[        ] Skipping task ':integration_test:javaPreCompileDebug' as it is up-to-date.
[        ] Resolve mutations for :integration_test:compileDebugJavaWithJavac (Thread[#38157,Execution worker Thread 19,5,main]) started.
[        ] :integration_test:compileDebugJavaWithJavac (Thread[#38157,Execution worker Thread 19,5,main]) started.
[        ] > Task :integration_test:compileDebugJavaWithJavac UP-TO-DATE
[        ] Custom actions are attached to task ':integration_test:compileDebugJavaWithJavac'.
[        ] Caching disabled for task ':integration_test:compileDebugJavaWithJavac' because:
[        ]   Build cache is disabled
[        ] Skipping task ':integration_test:compileDebugJavaWithJavac' as it is up-to-date.
[        ] No compile result for :integration_test:compileDebugJavaWithJavac
[        ] No compile result for :integration_test:compileDebugJavaWithJavac
[        ] Resolve mutations for :integration_test:bundleLibCompileToJarDebug (Thread[#38157,Execution worker Thread 19,5,main]) started.
[        ] :integration_test:bundleLibCompileToJarDebug (Thread[#38157,Execution worker Thread 19,5,main]) started.
[        ] > Task :integration_test:bundleLibCompileToJarDebug UP-TO-DATE
[        ] Caching disabled for task ':integration_test:bundleLibCompileToJarDebug' because:
[        ]   Build cache is disabled
[        ]   Simple merging task
[        ] Skipping task ':integration_test:bundleLibCompileToJarDebug' as it is up-to-date.
[        ] work action resolve classes.jar (project :integration_test) (Thread[#38157,Execution worker Thread 19,5,main]) started.
[        ] Resolve mutations for :path_provider_android:javaPreCompileDebug (Thread[#38157,Execution worker Thread 19,5,main]) started.
[        ] :path_provider_android:javaPreCompileDebug (Thread[#38157,Execution worker Thread 19,5,main]) started.
[        ] > Task :path_provider_android:javaPreCompileDebug UP-TO-DATE
[        ] Caching disabled for task ':path_provider_android:javaPreCompileDebug' because:
[        ]   Build cache is disabled
[        ] Skipping task ':path_provider_android:javaPreCompileDebug' as it is up-to-date.
[        ] Resolve mutations for :path_provider_android:compileDebugJavaWithJavac (Thread[#38157,Execution worker Thread 19,5,main]) started.
[        ] :path_provider_android:compileDebugJavaWithJavac (Thread[#38157,Execution worker Thread 19,5,main]) started.
[        ] > Task :path_provider_android:compileDebugJavaWithJavac UP-TO-DATE
[        ] Custom actions are attached to task ':path_provider_android:compileDebugJavaWithJavac'.
[        ] Caching disabled for task ':path_provider_android:compileDebugJavaWithJavac' because:
[        ]   Build cache is disabled
[        ] Skipping task ':path_provider_android:compileDebugJavaWithJavac' as it is up-to-date.
[        ] No compile result for :path_provider_android:compileDebugJavaWithJavac
[        ] No compile result for :path_provider_android:compileDebugJavaWithJavac
[        ] Resolve mutations for :path_provider_android:bundleLibCompileToJarDebug (Thread[#38157,Execution worker Thread 19,5,main]) started.
[        ] :path_provider_android:bundleLibCompileToJarDebug (Thread[#38157,Execution worker Thread 19,5,main]) started.
[        ] > Task :path_provider_android:bundleLibCompileToJarDebug UP-TO-DATE
[        ] Caching disabled for task ':path_provider_android:bundleLibCompileToJarDebug' because:
[        ]   Build cache is disabled
[        ]   Simple merging task
[        ] Skipping task ':path_provider_android:bundleLibCompileToJarDebug' as it is up-to-date.
[        ] work action resolve classes.jar (project :path_provider_android) (Thread[#38157,Execution worker Thread 19,5,main]) started.
[        ] Resolve mutations for :quill_native_bridge_android:checkKotlinGradlePluginConfigurationErrors (Thread[#38157,Execution worker Thread 19,5,main]) started.
[        ] :quill_native_bridge_android:checkKotlinGradlePluginConfigurationErrors (Thread[#38157,Execution worker Thread 19,5,main]) started.
[        ] > Task :quill_native_bridge_android:checkKotlinGradlePluginConfigurationErrors SKIPPED
[        ] Skipping task ':quill_native_bridge_android:checkKotlinGradlePluginConfigurationErrors' as task onlyIf 'errorDiagnostics are present' is false.
[        ] Resolve mutations for :quill_native_bridge_android:compileDebugKotlin (Thread[#38157,Execution worker Thread 19,5,main]) started.
[        ] :quill_native_bridge_android:compileDebugKotlin (Thread[#38157,Execution worker Thread 19,5,main]) started.
[        ] > Task :quill_native_bridge_android:compileDebugKotlin UP-TO-DATE
[        ] Adding -Xuse-inline-scopes-numbers Kotlin compiler flag for task :quill_native_bridge_android:compileDebugAndroidTestKotlin
[        ] Caching disabled for task ':quill_native_bridge_android:compileDebugKotlin' because:
[        ]   Build cache is disabled
[        ] Skipping task ':quill_native_bridge_android:compileDebugKotlin' as it is up-to-date.
[        ] Resolve mutations for :quill_native_bridge_android:javaPreCompileDebug (Thread[#38157,Execution worker Thread 19,5,main]) started.
[        ] :quill_native_bridge_android:javaPreCompileDebug (Thread[#38157,Execution worker Thread 19,5,main]) started.
[        ] > Task :quill_native_bridge_android:javaPreCompileDebug UP-TO-DATE
[        ] Caching disabled for task ':quill_native_bridge_android:javaPreCompileDebug' because:
[        ]   Build cache is disabled
[        ] Skipping task ':quill_native_bridge_android:javaPreCompileDebug' as it is up-to-date.
[        ] Resolve mutations for :quill_native_bridge_android:compileDebugJavaWithJavac (Thread[#38157,Execution worker Thread 19,5,main]) started.
[        ] :quill_native_bridge_android:compileDebugJavaWithJavac (Thread[#38157,Execution worker Thread 19,5,main]) started.
[        ] > Task :quill_native_bridge_android:compileDebugJavaWithJavac NO-SOURCE
[        ] Skipping task ':quill_native_bridge_android:compileDebugJavaWithJavac' as it has no source files and no previous output files.
[        ] Resolve mutations for :quill_native_bridge_android:bundleLibCompileToJarDebug (Thread[#38157,Execution worker Thread 19,5,main]) started.
[        ] :quill_native_bridge_android:bundleLibCompileToJarDebug (Thread[#38157,Execution worker Thread 19,5,main]) started.
[        ] > Task :quill_native_bridge_android:bundleLibCompileToJarDebug UP-TO-DATE
[        ] Caching disabled for task ':quill_native_bridge_android:bundleLibCompileToJarDebug' because:
[        ]   Build cache is disabled
[        ]   Simple merging task
[        ] Skipping task ':quill_native_bridge_android:bundleLibCompileToJarDebug' as it is up-to-date.
[        ] work action resolve classes.jar (project :quill_native_bridge_android) (Thread[#38157,Execution worker Thread 19,5,main]) started.
[        ] Resolve mutations for :shared_preferences_android:checkKotlinGradlePluginConfigurationErrors (Thread[#38157,Execution worker Thread 19,5,main]) started.
[        ] :shared_preferences_android:checkKotlinGradlePluginConfigurationErrors (Thread[#38157,Execution worker Thread 19,5,main]) started.
[        ] > Task :shared_preferences_android:checkKotlinGradlePluginConfigurationErrors SKIPPED
[        ] Skipping task ':shared_preferences_android:checkKotlinGradlePluginConfigurationErrors' as task onlyIf 'errorDiagnostics are present' is false.
[        ] Resolve mutations for :shared_preferences_android:compileDebugKotlin (Thread[#38157,Execution worker Thread 19,5,main]) started.
[        ] :shared_preferences_android:compileDebugKotlin (Thread[#38157,Execution worker Thread 19,5,main]) started.
[        ] > Task :shared_preferences_android:compileDebugKotlin UP-TO-DATE
[        ] Adding -Xuse-inline-scopes-numbers Kotlin compiler flag for task :shared_preferences_android:compileDebugAndroidTestKotlin
[        ] Caching disabled for task ':shared_preferences_android:compileDebugKotlin' because:
[        ]   Build cache is disabled
[        ] Skipping task ':shared_preferences_android:compileDebugKotlin' as it is up-to-date.
[        ] Resolve mutations for :shared_preferences_android:javaPreCompileDebug (Thread[#38157,Execution worker Thread 19,5,main]) started.
[        ] :shared_preferences_android:javaPreCompileDebug (Thread[#38157,Execution worker Thread 19,5,main]) started.
[        ] > Task :shared_preferences_android:javaPreCompileDebug UP-TO-DATE
[        ] Caching disabled for task ':shared_preferences_android:javaPreCompileDebug' because:
[        ]   Build cache is disabled
[        ] Skipping task ':shared_preferences_android:javaPreCompileDebug' as it is up-to-date.
[        ] Resolve mutations for :shared_preferences_android:compileDebugJavaWithJavac (Thread[#38157,Execution worker Thread 19,5,main]) started.
[        ] :shared_preferences_android:compileDebugJavaWithJavac (Thread[#38157,Execution worker Thread 19,5,main]) started.
[        ] > Task :shared_preferences_android:compileDebugJavaWithJavac UP-TO-DATE
[        ] Custom actions are attached to task ':shared_preferences_android:compileDebugJavaWithJavac'.
[        ] Caching disabled for task ':shared_preferences_android:compileDebugJavaWithJavac' because:
[        ]   Build cache is disabled
[        ] Skipping task ':shared_preferences_android:compileDebugJavaWithJavac' as it is up-to-date.
[        ] No compile result for :shared_preferences_android:compileDebugJavaWithJavac
[        ] No compile result for :shared_preferences_android:compileDebugJavaWithJavac
[        ] Resolve mutations for :shared_preferences_android:bundleLibCompileToJarDebug (Thread[#38157,Execution worker Thread 19,5,main]) started.
[        ] :shared_preferences_android:bundleLibCompileToJarDebug (Thread[#38157,Execution worker Thread 19,5,main]) started.
[        ] > Task :shared_preferences_android:bundleLibCompileToJarDebug UP-TO-DATE
[        ] Caching disabled for task ':shared_preferences_android:bundleLibCompileToJarDebug' because:
[        ]   Build cache is disabled
[        ]   Simple merging task
[        ] Skipping task ':shared_preferences_android:bundleLibCompileToJarDebug' as it is up-to-date.
[        ] work action resolve classes.jar (project :shared_preferences_android) (Thread[#38157,Execution worker Thread 19,5,main]) started.
[        ] Resolve mutations for :sqflite_android:javaPreCompileDebug (Thread[#38157,Execution worker Thread 19,5,main]) started.
[        ] :sqflite_android:javaPreCompileDebug (Thread[#38157,Execution worker Thread 19,5,main]) started.
[        ] > Task :sqflite_android:javaPreCompileDebug UP-TO-DATE
[        ] Caching disabled for task ':sqflite_android:javaPreCompileDebug' because:
[        ]   Build cache is disabled
[        ] Skipping task ':sqflite_android:javaPreCompileDebug' as it is up-to-date.
[        ] Resolve mutations for :sqflite_android:compileDebugJavaWithJavac (Thread[#38157,Execution worker Thread 19,5,main]) started.
[        ] :sqflite_android:compileDebugJavaWithJavac (Thread[#38157,Execution worker Thread 19,5,main]) started.
[        ] > Task :sqflite_android:compileDebugJavaWithJavac UP-TO-DATE
[        ] Custom actions are attached to task ':sqflite_android:compileDebugJavaWithJavac'.
[        ] Caching disabled for task ':sqflite_android:compileDebugJavaWithJavac' because:
[        ]   Build cache is disabled
[        ] Skipping task ':sqflite_android:compileDebugJavaWithJavac' as it is up-to-date.
[        ] No compile result for :sqflite_android:compileDebugJavaWithJavac
[        ] No compile result for :sqflite_android:compileDebugJavaWithJavac
[        ] Resolve mutations for :sqflite_android:bundleLibCompileToJarDebug (Thread[#38157,Execution worker Thread 19,5,main]) started.
[        ] :sqflite_android:bundleLibCompileToJarDebug (Thread[#38157,Execution worker Thread 19,5,main]) started.
[        ] > Task :sqflite_android:bundleLibCompileToJarDebug UP-TO-DATE
[        ] Caching disabled for task ':sqflite_android:bundleLibCompileToJarDebug' because:
[        ]   Build cache is disabled
[        ]   Simple merging task
[        ] Skipping task ':sqflite_android:bundleLibCompileToJarDebug' as it is up-to-date.
[        ] work action resolve classes.jar (project :sqflite_android) (Thread[#38157,Execution worker Thread 19,5,main]) started.
[        ] Resolve mutations for :url_launcher_android:generateDebugBuildConfig (Thread[#38157,Execution worker Thread 19,5,main]) started.
[        ] :url_launcher_android:generateDebugBuildConfig (Thread[#38157,Execution worker Thread 19,5,main]) started.
[        ] > Task :url_launcher_android:generateDebugBuildConfig UP-TO-DATE
[        ] Caching disabled for task ':url_launcher_android:generateDebugBuildConfig' because:
[        ]   Build cache is disabled
[        ] Skipping task ':url_launcher_android:generateDebugBuildConfig' as it is up-to-date.
[        ] Resolve mutations for :url_launcher_android:javaPreCompileDebug (Thread[#38157,Execution worker Thread 19,5,main]) started.
[        ] :url_launcher_android:javaPreCompileDebug (Thread[#38157,Execution worker Thread 19,5,main]) started.
[        ] > Task :url_launcher_android:javaPreCompileDebug UP-TO-DATE
[        ] Caching disabled for task ':url_launcher_android:javaPreCompileDebug' because:
[        ]   Build cache is disabled
[        ] Skipping task ':url_launcher_android:javaPreCompileDebug' as it is up-to-date.
[        ] Resolve mutations for :url_launcher_android:compileDebugJavaWithJavac (Thread[#38157,Execution worker Thread 19,5,main]) started.
[        ] :url_launcher_android:compileDebugJavaWithJavac (Thread[#38157,Execution worker Thread 19,5,main]) started.
[        ] > Task :url_launcher_android:compileDebugJavaWithJavac UP-TO-DATE
[        ] Custom actions are attached to task ':url_launcher_android:compileDebugJavaWithJavac'.
[        ] Caching disabled for task ':url_launcher_android:compileDebugJavaWithJavac' because:
[        ]   Build cache is disabled
[        ] Skipping task ':url_launcher_android:compileDebugJavaWithJavac' as it is up-to-date.
[        ] No compile result for :url_launcher_android:compileDebugJavaWithJavac
[        ] No compile result for :url_launcher_android:compileDebugJavaWithJavac
[        ] Resolve mutations for :url_launcher_android:bundleLibCompileToJarDebug (Thread[#38157,Execution worker Thread 19,5,main]) started.
[        ] :url_launcher_android:bundleLibCompileToJarDebug (Thread[#38157,Execution worker Thread 19,5,main]) started.
[        ] > Task :url_launcher_android:bundleLibCompileToJarDebug UP-TO-DATE
[        ] Caching disabled for task ':url_launcher_android:bundleLibCompileToJarDebug' because:
[        ]   Build cache is disabled
[        ]   Simple merging task
[        ] Skipping task ':url_launcher_android:bundleLibCompileToJarDebug' as it is up-to-date.
[        ] work action resolve classes.jar (project :url_launcher_android) (Thread[#38157,Execution worker Thread 19,5,main]) started.
[        ] Resolve mutations for :video_player_android:checkKotlinGradlePluginConfigurationErrors (Thread[#38157,Execution worker Thread 19,5,main]) started.
[        ] :video_player_android:checkKotlinGradlePluginConfigurationErrors (Thread[#38157,Execution worker Thread 19,5,main]) started.
[        ] > Task :video_player_android:checkKotlinGradlePluginConfigurationErrors SKIPPED
[        ] Skipping task ':video_player_android:checkKotlinGradlePluginConfigurationErrors' as task onlyIf 'errorDiagnostics are present' is false.
[        ] Resolve mutations for :video_player_android:compileDebugKotlin (Thread[#38157,Execution worker Thread 19,5,main]) started.
[        ] :video_player_android:compileDebugKotlin (Thread[#38157,Execution worker Thread 19,5,main]) started.
[        ] > Task :video_player_android:compileDebugKotlin UP-TO-DATE
[        ] Adding -Xuse-inline-scopes-numbers Kotlin compiler flag for task :video_player_android:compileDebugAndroidTestKotlin
[        ] Caching disabled for task ':video_player_android:compileDebugKotlin' because:
[        ]   Build cache is disabled
[        ] Skipping task ':video_player_android:compileDebugKotlin' as it is up-to-date.
[        ] Resolve mutations for :video_player_android:javaPreCompileDebug (Thread[#38157,Execution worker Thread 19,5,main]) started.
[        ] :video_player_android:javaPreCompileDebug (Thread[#38157,Execution worker Thread 19,5,main]) started.
[        ] > Task :video_player_android:javaPreCompileDebug UP-TO-DATE
[        ] Caching disabled for task ':video_player_android:javaPreCompileDebug' because:
[        ]   Build cache is disabled
[        ] Skipping task ':video_player_android:javaPreCompileDebug' as it is up-to-date.
[        ] Resolve mutations for :video_player_android:compileDebugJavaWithJavac (Thread[#38157,Execution worker Thread 19,5,main]) started.
[        ] :video_player_android:compileDebugJavaWithJavac (Thread[#38157,Execution worker Thread 19,5,main]) started.
[        ] > Task :video_player_android:compileDebugJavaWithJavac UP-TO-DATE
[        ] Custom actions are attached to task ':video_player_android:compileDebugJavaWithJavac'.
[        ] Caching disabled for task ':video_player_android:compileDebugJavaWithJavac' because:
[        ]   Build cache is disabled
[        ] Skipping task ':video_player_android:compileDebugJavaWithJavac' as it is up-to-date.
[        ] No compile result for :video_player_android:compileDebugJavaWithJavac
[        ] No compile result for :video_player_android:compileDebugJavaWithJavac
[        ] Resolve mutations for :video_player_android:bundleLibCompileToJarDebug (Thread[#38157,Execution worker Thread 19,5,main]) started.
[        ] :video_player_android:bundleLibCompileToJarDebug (Thread[#38157,Execution worker Thread 19,5,main]) started.
[        ] > Task :video_player_android:bundleLibCompileToJarDebug UP-TO-DATE
[        ] Caching disabled for task ':video_player_android:bundleLibCompileToJarDebug' because:
[        ]   Build cache is disabled
[        ]   Simple merging task
[        ] Skipping task ':video_player_android:bundleLibCompileToJarDebug' as it is up-to-date.
[        ] work action resolve classes.jar (project :video_player_android) (Thread[#38157,Execution worker Thread 19,5,main]) started.
[        ] Resolve mutations for :app:compileDebugKotlin (Thread[#38157,Execution worker Thread 19,5,main]) started.
[        ] :app:compileDebugKotlin (Thread[#38157,Execution worker Thread 19,5,main]) started.
[ +102 ms] > Task :app:compileDebugKotlin UP-TO-DATE
[        ] Adding -Xuse-inline-scopes-numbers Kotlin compiler flag for task :app:compileDebugAndroidTestKotlin
[        ] Caching disabled for task ':app:compileDebugKotlin' because:
[        ]   Build cache is disabled
[        ] Skipping task ':app:compileDebugKotlin' as it is up-to-date.
[        ] Resolve mutations for :app:javaPreCompileDebug (Thread[#38157,Execution worker Thread 19,5,main]) started.
[        ] :app:javaPreCompileDebug (Thread[#38157,Execution worker Thread 19,5,main]) started.
[        ] > Task :app:javaPreCompileDebug UP-TO-DATE
[        ] Caching disabled for task ':app:javaPreCompileDebug' because:
[        ]   Build cache is disabled
[        ] Skipping task ':app:javaPreCompileDebug' as it is up-to-date.
[        ] Resolve mutations for :app:compileDebugJavaWithJavac (Thread[#38157,Execution worker Thread 19,5,main]) started.
[        ] :app:compileDebugJavaWithJavac (Thread[#38157,Execution worker Thread 19,5,main]) started.
[        ] > Task :app:compileDebugJavaWithJavac UP-TO-DATE
[        ] Custom actions are attached to task ':app:compileDebugJavaWithJavac'.
[        ] Caching disabled for task ':app:compileDebugJavaWithJavac' because:
[        ]   Build cache is disabled
[        ] Skipping task ':app:compileDebugJavaWithJavac' as it is up-to-date.
[        ] No compile result for :app:compileDebugJavaWithJavac
[        ] No compile result for :app:compileDebugJavaWithJavac
[        ] Resolve mutations for :app:compressDebugAssets (Thread[#38157,Execution worker Thread 19,5,main]) started.
[        ] :app:compressDebugAssets (Thread[#38157,Execution worker Thread 19,5,main]) started.
[        ] Resolve mutations for :app:processDebugJavaRes (Thread[#38147,Execution worker Thread 9,5,main]) started.
[        ] :app:processDebugJavaRes (Thread[#38147,Execution worker Thread 9,5,main]) started.
[        ] > Task :app:processDebugJavaRes UP-TO-DATE
[        ] file or directory '/Users/florian/Code/substitution/android/app/src/main/resources', not found
[        ] file or directory '/Users/florian/Code/substitution/android/app/src/debug/resources', not found
[        ] file or directory '/Users/florian/Code/substitution/android/app/src/main/resources', not found
[        ] file or directory '/Users/florian/Code/substitution/android/app/src/debug/resources', not found
[        ] Caching disabled for task ':app:processDebugJavaRes' because:
[        ]   Build cache is disabled
[        ]   Caching has been disabled for the task
[        ] Skipping task ':app:processDebugJavaRes' as it is up-to-date.
[        ] Resolve mutations for :connectivity_plus:processDebugJavaRes (Thread[#38147,Execution worker Thread 9,5,main]) started.
[        ] :connectivity_plus:processDebugJavaRes (Thread[#38167,Execution worker Thread 29,5,main]) started.
[        ] > Task :connectivity_plus:processDebugJavaRes NO-SOURCE
[        ] file or directory '/Users/florian/.pub-cache/hosted/pub.dev/connectivity_plus-5.0.2/android/src/main/resources', not found
[        ] file or directory '/Users/florian/.pub-cache/hosted/pub.dev/connectivity_plus-5.0.2/android/src/debug/resources', not found
[        ] Skipping task ':connectivity_plus:processDebugJavaRes' as it has no source files and no previous output files.
[        ] work action resolve out (project :connectivity_plus) (Thread[#38167,Execution worker Thread 29,5,main]) started.
[        ] Resolve mutations for :emoji_picker_flutter:processDebugJavaRes (Thread[#38167,Execution worker Thread 29,5,main]) started.
[        ] :emoji_picker_flutter:processDebugJavaRes (Thread[#38167,Execution worker Thread 29,5,main]) started.
[        ] > Task :emoji_picker_flutter:processDebugJavaRes UP-TO-DATE
[        ] file or directory '/Users/florian/.pub-cache/hosted/pub.dev/emoji_picker_flutter-4.4.0/android/src/main/resources', not found
[        ] file or directory '/Users/florian/.pub-cache/hosted/pub.dev/emoji_picker_flutter-4.4.0/android/src/debug/resources', not found
[        ] file or directory '/Users/florian/.pub-cache/hosted/pub.dev/emoji_picker_flutter-4.4.0/android/src/main/resources', not found
[        ] file or directory '/Users/florian/.pub-cache/hosted/pub.dev/emoji_picker_flutter-4.4.0/android/src/debug/resources', not found
[        ] Caching disabled for task ':emoji_picker_flutter:processDebugJavaRes' because:
[        ]   Build cache is disabled
[        ]   Caching has been disabled for the task
[        ] Skipping task ':emoji_picker_flutter:processDebugJavaRes' as it is up-to-date.
[        ] work action resolve out (project :emoji_picker_flutter) (Thread[#38167,Execution worker Thread 29,5,main]) started.
[        ] Resolve mutations for :file_selector_android:processDebugJavaRes (Thread[#38167,Execution worker Thread 29,5,main]) started.
[        ] :file_selector_android:processDebugJavaRes (Thread[#38167,Execution worker Thread 29,5,main]) started.
[        ] > Task :file_selector_android:processDebugJavaRes NO-SOURCE
[        ] file or directory '/Users/florian/.pub-cache/hosted/pub.dev/file_selector_android-0.5.2+4/android/src/main/resources', not found
[        ] file or directory '/Users/florian/.pub-cache/hosted/pub.dev/file_selector_android-0.5.2+4/android/src/debug/resources', not found
[        ] Skipping task ':file_selector_android:processDebugJavaRes' as it has no source files and no previous output files.
[        ] work action resolve out (project :file_selector_android) (Thread[#38167,Execution worker Thread 29,5,main]) started.
[        ] Resolve mutations for :flutter_keyboard_visibility_temp_fork:processDebugJavaRes (Thread[#38167,Execution worker Thread 29,5,main]) started.
[        ] :flutter_keyboard_visibility_temp_fork:processDebugJavaRes (Thread[#38167,Execution worker Thread 29,5,main]) started.
[        ] > Task :flutter_keyboard_visibility_temp_fork:processDebugJavaRes NO-SOURCE
[        ] file or directory '/Users/florian/.pub-cache/hosted/pub.dev/flutter_keyboard_visibility_temp_fork-0.1.5/android/src/main/resources', not found
[        ] file or directory '/Users/florian/.pub-cache/hosted/pub.dev/flutter_keyboard_visibility_temp_fork-0.1.5/android/src/debug/resources', not found
[        ] Skipping task ':flutter_keyboard_visibility_temp_fork:processDebugJavaRes' as it has no source files and no previous output files.
[        ] work action resolve out (project :flutter_keyboard_visibility_temp_fork) (Thread[#38167,Execution worker Thread 29,5,main]) started.
[        ] Resolve mutations for :flutter_native_splash:processDebugJavaRes (Thread[#38167,Execution worker Thread 29,5,main]) started.
[        ] :flutter_native_splash:processDebugJavaRes (Thread[#38167,Execution worker Thread 29,5,main]) started.
[        ] > Task :flutter_native_splash:processDebugJavaRes NO-SOURCE
[        ] file or directory '/Users/florian/.pub-cache/hosted/pub.dev/flutter_native_splash-2.4.7/android/src/main/resources', not found
[        ] file or directory '/Users/florian/.pub-cache/hosted/pub.dev/flutter_native_splash-2.4.7/android/src/debug/resources', not found
[        ] Skipping task ':flutter_native_splash:processDebugJavaRes' as it has no source files and no previous output files.
[        ] work action resolve out (project :flutter_native_splash) (Thread[#38167,Execution worker Thread 29,5,main]) started.
[        ] Resolve mutations for :flutter_olm:processDebugJavaRes (Thread[#38167,Execution worker Thread 29,5,main]) started.
[        ] :flutter_olm:processDebugJavaRes (Thread[#38167,Execution worker Thread 29,5,main]) started.
[        ] > Task :flutter_olm:processDebugJavaRes UP-TO-DATE
[        ] file or directory '/Users/florian/.pub-cache/hosted/pub.dev/flutter_olm-2.0.0/android/src/main/resources', not found
[        ] file or directory '/Users/florian/.pub-cache/hosted/pub.dev/flutter_olm-2.0.0/android/src/debug/resources', not found
[        ] file or directory '/Users/florian/.pub-cache/hosted/pub.dev/flutter_olm-2.0.0/android/src/main/resources', not found
[        ] file or directory '/Users/florian/.pub-cache/hosted/pub.dev/flutter_olm-2.0.0/android/src/debug/resources', not found
[        ] Caching disabled for task ':flutter_olm:processDebugJavaRes' because:
[        ]   Build cache is disabled
[        ]   Caching has been disabled for the task
[        ] Skipping task ':flutter_olm:processDebugJavaRes' as it is up-to-date.
[        ] work action resolve out (project :flutter_olm) (Thread[#38167,Execution worker Thread 29,5,main]) started.
[        ] Resolve mutations for :flutter_openssl_crypto:processDebugJavaRes (Thread[#38167,Execution worker Thread 29,5,main]) started.
[        ] :flutter_openssl_crypto:processDebugJavaRes (Thread[#38167,Execution worker Thread 29,5,main]) started.
[        ] > Task :flutter_openssl_crypto:processDebugJavaRes UP-TO-DATE
[        ] file or directory '/Users/florian/.pub-cache/hosted/pub.dev/flutter_openssl_crypto-0.5.0/android/src/main/resources', not found
[        ] file or directory '/Users/florian/.pub-cache/hosted/pub.dev/flutter_openssl_crypto-0.5.0/android/src/debug/resources', not found
[        ] file or directory '/Users/florian/.pub-cache/hosted/pub.dev/flutter_openssl_crypto-0.5.0/android/src/main/resources', not found
[        ] file or directory '/Users/florian/.pub-cache/hosted/pub.dev/flutter_openssl_crypto-0.5.0/android/src/debug/resources', not found
[        ] Caching disabled for task ':flutter_openssl_crypto:processDebugJavaRes' because:
[        ]   Build cache is disabled
[        ]   Caching has been disabled for the task
[        ] Skipping task ':flutter_openssl_crypto:processDebugJavaRes' as it is up-to-date.
[        ] work action resolve out (project :flutter_openssl_crypto) (Thread[#38167,Execution worker Thread 29,5,main]) started.
[        ] Resolve mutations for :integration_test:processDebugJavaRes (Thread[#38167,Execution worker Thread 29,5,main]) started.
[        ] :integration_test:processDebugJavaRes (Thread[#38167,Execution worker Thread 29,5,main]) started.
[        ] > Task :integration_test:processDebugJavaRes NO-SOURCE
[        ] file or directory '/opt/homebrew/share/flutter/packages/integration_test/android/src/main/resources', not found
[        ] file or directory '/opt/homebrew/share/flutter/packages/integration_test/android/src/debug/resources', not found
[        ] Skipping task ':integration_test:processDebugJavaRes' as it has no source files and no previous output files.
[        ] work action resolve out (project :integration_test) (Thread[#38167,Execution worker Thread 29,5,main]) started.
[        ] Resolve mutations for :path_provider_android:processDebugJavaRes (Thread[#38167,Execution worker Thread 29,5,main]) started.
[        ] :path_provider_android:processDebugJavaRes (Thread[#38167,Execution worker Thread 29,5,main]) started.
[        ] > Task :path_provider_android:processDebugJavaRes NO-SOURCE
[        ] file or directory '/Users/florian/.pub-cache/hosted/pub.dev/path_provider_android-2.2.22/android/src/main/resources', not found
[        ] file or directory '/Users/florian/.pub-cache/hosted/pub.dev/path_provider_android-2.2.22/android/src/debug/resources', not found
[        ] Skipping task ':path_provider_android:processDebugJavaRes' as it has no source files and no previous output files.
[        ] work action resolve out (project :path_provider_android) (Thread[#38167,Execution worker Thread 29,5,main]) started.
[        ] Resolve mutations for :quill_native_bridge_android:processDebugJavaRes (Thread[#38167,Execution worker Thread 29,5,main]) started.
[        ] :quill_native_bridge_android:processDebugJavaRes (Thread[#38167,Execution worker Thread 29,5,main]) started.
[        ] > Task :quill_native_bridge_android:processDebugJavaRes UP-TO-DATE
[        ] file or directory '/Users/florian/.pub-cache/hosted/pub.dev/quill_native_bridge_android-0.0.1+2/android/src/main/resources', not found
[        ] file or directory '/Users/florian/.pub-cache/hosted/pub.dev/quill_native_bridge_android-0.0.1+2/android/src/debug/resources', not found
[        ] file or directory '/Users/florian/.pub-cache/hosted/pub.dev/quill_native_bridge_android-0.0.1+2/android/src/main/resources', not found
[        ] file or directory '/Users/florian/.pub-cache/hosted/pub.dev/quill_native_bridge_android-0.0.1+2/android/src/debug/resources', not found
[        ] Caching disabled for task ':quill_native_bridge_android:processDebugJavaRes' because:
[        ]   Build cache is disabled
[        ]   Caching has been disabled for the task
[        ] Skipping task ':quill_native_bridge_android:processDebugJavaRes' as it is up-to-date.
[        ] work action resolve out (project :quill_native_bridge_android) (Thread[#38167,Execution worker Thread 29,5,main]) started.
[        ] Resolve mutations for :shared_preferences_android:processDebugJavaRes (Thread[#38167,Execution worker Thread 29,5,main]) started.
[        ] :shared_preferences_android:processDebugJavaRes (Thread[#38167,Execution worker Thread 29,5,main]) started.
[        ] > Task :shared_preferences_android:processDebugJavaRes UP-TO-DATE
[        ] file or directory '/Users/florian/.pub-cache/hosted/pub.dev/shared_preferences_android-2.4.20/android/src/main/resources', not found
[        ] file or directory '/Users/florian/.pub-cache/hosted/pub.dev/shared_preferences_android-2.4.20/android/src/debug/resources', not found
[        ] file or directory '/Users/florian/.pub-cache/hosted/pub.dev/shared_preferences_android-2.4.20/android/src/main/resources', not found
[        ] file or directory '/Users/florian/.pub-cache/hosted/pub.dev/shared_preferences_android-2.4.20/android/src/debug/resources', not found
[        ] Caching disabled for task ':shared_preferences_android:processDebugJavaRes' because:
[        ]   Build cache is disabled
[        ]   Caching has been disabled for the task
[        ] Skipping task ':shared_preferences_android:processDebugJavaRes' as it is up-to-date.
[        ] work action resolve out (project :shared_preferences_android) (Thread[#38167,Execution worker Thread 29,5,main]) started.
[        ] Resolve mutations for :sqflite_android:processDebugJavaRes (Thread[#38167,Execution worker Thread 29,5,main]) started.
[        ] :sqflite_android:processDebugJavaRes (Thread[#38167,Execution worker Thread 29,5,main]) started.
[        ] > Task :sqflite_android:processDebugJavaRes NO-SOURCE
[        ] file or directory '/Users/florian/.pub-cache/hosted/pub.dev/sqflite_android-2.4.2+2/android/src/main/resources', not found
[        ] file or directory '/Users/florian/.pub-cache/hosted/pub.dev/sqflite_android-2.4.2+2/android/src/debug/resources', not found
[        ] Skipping task ':sqflite_android:processDebugJavaRes' as it has no source files and no previous output files.
[        ] work action resolve out (project :sqflite_android) (Thread[#38167,Execution worker Thread 29,5,main]) started.
[        ] Resolve mutations for :url_launcher_android:processDebugJavaRes (Thread[#38167,Execution worker Thread 29,5,main]) started.
[        ] :url_launcher_android:processDebugJavaRes (Thread[#38167,Execution worker Thread 29,5,main]) started.
[        ] > Task :url_launcher_android:processDebugJavaRes NO-SOURCE
[        ] file or directory '/Users/florian/.pub-cache/hosted/pub.dev/url_launcher_android-6.3.28/android/src/main/resources', not found
[        ] file or directory '/Users/florian/.pub-cache/hosted/pub.dev/url_launcher_android-6.3.28/android/src/debug/resources', not found
[        ] Skipping task ':url_launcher_android:processDebugJavaRes' as it has no source files and no previous output files.
[        ] work action resolve out (project :url_launcher_android) (Thread[#38167,Execution worker Thread 29,5,main]) started.
[        ] Resolve mutations for :video_player_android:processDebugJavaRes (Thread[#38167,Execution worker Thread 29,5,main]) started.
[        ] :video_player_android:processDebugJavaRes (Thread[#38167,Execution worker Thread 29,5,main]) started.
[        ] > Task :video_player_android:processDebugJavaRes UP-TO-DATE
[        ] file or directory '/Users/florian/.pub-cache/hosted/pub.dev/video_player_android-2.9.1/android/src/main/resources', not found
[        ] file or directory '/Users/florian/.pub-cache/hosted/pub.dev/video_player_android-2.9.1/android/src/debug/resources', not found
[        ] file or directory '/Users/florian/.pub-cache/hosted/pub.dev/video_player_android-2.9.1/android/src/main/resources', not found
[        ] file or directory '/Users/florian/.pub-cache/hosted/pub.dev/video_player_android-2.9.1/android/src/debug/resources', not found
[        ] Caching disabled for task ':video_player_android:processDebugJavaRes' because:
[        ]   Build cache is disabled
[        ]   Caching has been disabled for the task
[        ] Skipping task ':video_player_android:processDebugJavaRes' as it is up-to-date.
[        ] work action resolve out (project :video_player_android) (Thread[#38167,Execution worker Thread 29,5,main]) started.
[        ] Resolve mutations for :app:mergeDebugJavaResource (Thread[#38167,Execution worker Thread 29,5,main]) started.
[        ] :app:mergeDebugJavaResource (Thread[#38167,Execution worker Thread 29,5,main]) started.
[        ] > Task :app:mergeDebugJavaResource UP-TO-DATE
[        ] Caching disabled for task ':app:mergeDebugJavaResource' because:
[        ]   Build cache is disabled
[        ]   Caching has been disabled for the task
[        ] Skipping task ':app:mergeDebugJavaResource' as it is up-to-date.
[        ] Resolve mutations for :app:checkDebugDuplicateClasses (Thread[#38167,Execution worker Thread 29,5,main]) started.
[        ] :app:checkDebugDuplicateClasses (Thread[#38167,Execution worker Thread 29,5,main]) started.
[        ] > Task :app:checkDebugDuplicateClasses UP-TO-DATE
[        ] Caching disabled for task ':app:checkDebugDuplicateClasses' because:
[        ]   Build cache is disabled
[        ]   Caching has been disabled for the task
[        ] Skipping task ':app:checkDebugDuplicateClasses' as it is up-to-date.
[        ] Resolve mutations for :app:desugarDebugFileDependencies (Thread[#38167,Execution worker Thread 29,5,main]) started.
[        ] :app:desugarDebugFileDependencies (Thread[#38167,Execution worker Thread 29,5,main]) started.
[        ] > Task :app:desugarDebugFileDependencies UP-TO-DATE
[        ] Caching disabled for task ':app:desugarDebugFileDependencies' because:
[        ]   Build cache is disabled
[        ] Skipping task ':app:desugarDebugFileDependencies' as it is up-to-date.
[        ] Resolve mutations for :app:mergeExtDexDebug (Thread[#38167,Execution worker Thread 29,5,main]) started.
[        ] :app:mergeExtDexDebug (Thread[#38167,Execution worker Thread 29,5,main]) started.
[        ] > Task :app:mergeExtDexDebug UP-TO-DATE
[        ] Caching disabled for task ':app:mergeExtDexDebug' because:
[        ]   Build cache is disabled
[        ] Skipping task ':app:mergeExtDexDebug' as it is up-to-date.
[        ] Resolve mutations for :connectivity_plus:bundleLibRuntimeToDirDebug (Thread[#38167,Execution worker Thread 29,5,main]) started.
[        ] :connectivity_plus:bundleLibRuntimeToDirDebug (Thread[#38167,Execution worker Thread 29,5,main]) started.
[        ] > Task :connectivity_plus:bundleLibRuntimeToDirDebug UP-TO-DATE
[        ] Caching disabled for task ':connectivity_plus:bundleLibRuntimeToDirDebug' because:
[        ]   Build cache is disabled
[        ]   Simple merging task
[        ] Skipping task ':connectivity_plus:bundleLibRuntimeToDirDebug' as it is up-to-date.
[        ] work action resolve bundleLibRuntimeToDirDebug (project :connectivity_plus) (Thread[#38167,Execution worker Thread 29,5,main]) started.
[        ] ClassesDirToClassesTransform (Thread[#38167,Execution worker Thread 29,5,main]) started.
[        ] Resolve mutations for :emoji_picker_flutter:bundleLibRuntimeToDirDebug (Thread[#38148,Execution worker Thread 10,5,main]) started.
[        ] DexingNoClasspathTransform (Thread[#38167,Execution worker Thread 29,5,main]) started.
[        ] :emoji_picker_flutter:bundleLibRuntimeToDirDebug (Thread[#38148,Execution worker Thread 10,5,main]) started.
[        ] > Transform bundleLibRuntimeToDirDebug (project :connectivity_plus) with DexingNoClasspathTransform
[        ] Caching disabled for DexingNoClasspathTransform: /Users/florian/Code/substitution/build/connectivity_plus/intermediates/runtime_library_classes_dir/debug/bundleLibRuntimeToDirDebug because:
[        ]   Build cache is disabled
[        ] Skipping DexingNoClasspathTransform: /Users/florian/Code/substitution/build/connectivity_plus/intermediates/runtime_library_classes_dir/debug/bundleLibRuntimeToDirDebug as it is up-to-date.
[        ] > Task :emoji_picker_flutter:bundleLibRuntimeToDirDebug UP-TO-DATE
[        ] Caching disabled for task ':emoji_picker_flutter:bundleLibRuntimeToDirDebug' because:
[        ]   Build cache is disabled
[        ]   Simple merging task
[        ] Skipping task ':emoji_picker_flutter:bundleLibRuntimeToDirDebug' as it is up-to-date.
[        ] work action resolve bundleLibRuntimeToDirDebug (project :emoji_picker_flutter) (Thread[#38148,Execution worker Thread 10,5,main]) started.
[        ] ClassesDirToClassesTransform (Thread[#38148,Execution worker Thread 10,5,main]) started.
[        ] Resolve mutations for :file_selector_android:bundleLibRuntimeToDirDebug (Thread[#38158,Execution worker Thread 20,5,main]) started.
[        ] DexingNoClasspathTransform (Thread[#38164,Execution worker Thread 26,5,main]) started.
[        ] :file_selector_android:bundleLibRuntimeToDirDebug (Thread[#38158,Execution worker Thread 20,5,main]) started.
[        ] > Transform bundleLibRuntimeToDirDebug (project :emoji_picker_flutter) with DexingNoClasspathTransform
[        ] Caching disabled for DexingNoClasspathTransform: /Users/florian/Code/substitution/build/emoji_picker_flutter/intermediates/runtime_library_classes_dir/debug/bundleLibRuntimeToDirDebug because:
[        ]   Build cache is disabled
[        ] Skipping DexingNoClasspathTransform: /Users/florian/Code/substitution/build/emoji_picker_flutter/intermediates/runtime_library_classes_dir/debug/bundleLibRuntimeToDirDebug as it is up-to-date.
[        ] > Task :file_selector_android:bundleLibRuntimeToDirDebug UP-TO-DATE
[        ] Caching disabled for task ':file_selector_android:bundleLibRuntimeToDirDebug' because:
[        ]   Build cache is disabled
[        ]   Simple merging task
[        ] Skipping task ':file_selector_android:bundleLibRuntimeToDirDebug' as it is up-to-date.
[        ] work action resolve bundleLibRuntimeToDirDebug (project :file_selector_android) (Thread[#38158,Execution worker Thread 20,5,main]) started.
[        ] ClassesDirToClassesTransform (Thread[#38158,Execution worker Thread 20,5,main]) started.
[        ] Resolve mutations for :flutter_keyboard_visibility_temp_fork:bundleLibRuntimeToDirDebug (Thread[#38143,Execution worker Thread 5,5,main]) started.
[        ] :flutter_keyboard_visibility_temp_fork:bundleLibRuntimeToDirDebug (Thread[#38143,Execution worker Thread 5,5,main]) started.
[        ] DexingNoClasspathTransform (Thread[#38158,Execution worker Thread 20,5,main]) started.
[        ] > Task :flutter_keyboard_visibility_temp_fork:bundleLibRuntimeToDirDebug UP-TO-DATE
[        ] Caching disabled for task ':flutter_keyboard_visibility_temp_fork:bundleLibRuntimeToDirDebug' because:
[        ]   Build cache is disabled
[        ]   Simple merging task
[        ] Skipping task ':flutter_keyboard_visibility_temp_fork:bundleLibRuntimeToDirDebug' as it is up-to-date.
[        ] work action resolve bundleLibRuntimeToDirDebug (project :flutter_keyboard_visibility_temp_fork) (Thread[#38143,Execution worker Thread 5,5,main]) started.
[        ] ClassesDirToClassesTransform (Thread[#38143,Execution worker Thread 5,5,main]) started.
[        ] Resolve mutations for :flutter_native_splash:bundleLibRuntimeToDirDebug (Thread[#38160,Execution worker Thread 22,5,main]) started.
[        ] DexingNoClasspathTransform (Thread[#38143,Execution worker Thread 5,5,main]) started.
[        ] :flutter_native_splash:bundleLibRuntimeToDirDebug (Thread[#38160,Execution worker Thread 22,5,main]) started.
[        ] > Transform bundleLibRuntimeToDirDebug (project :file_selector_android) with DexingNoClasspathTransform
[        ] Caching disabled for DexingNoClasspathTransform: /Users/florian/Code/substitution/build/file_selector_android/intermediates/runtime_library_classes_dir/debug/bundleLibRuntimeToDirDebug because:
[        ]   Build cache is disabled
[        ] Skipping DexingNoClasspathTransform: /Users/florian/Code/substitution/build/file_selector_android/intermediates/runtime_library_classes_dir/debug/bundleLibRuntimeToDirDebug as it is up-to-date.
[        ] > Task :flutter_native_splash:bundleLibRuntimeToDirDebug UP-TO-DATE
[        ] Caching disabled for task ':flutter_native_splash:bundleLibRuntimeToDirDebug' because:
[        ]   Build cache is disabled
[        ]   Simple merging task
[        ] Skipping task ':flutter_native_splash:bundleLibRuntimeToDirDebug' as it is up-to-date.
[        ] work action resolve bundleLibRuntimeToDirDebug (project :flutter_native_splash) (Thread[#38160,Execution worker Thread 22,5,main]) started.
[        ] > Transform bundleLibRuntimeToDirDebug (project :flutter_keyboard_visibility_temp_fork) with DexingNoClasspathTransform
[        ] Caching disabled for DexingNoClasspathTransform: /Users/florian/Code/substitution/build/flutter_keyboard_visibility_temp_fork/intermediates/runtime_library_classes_dir/debug/bundleLibRuntimeToDirDebug because:
[        ]   Build cache is disabled
[        ] Skipping DexingNoClasspathTransform: /Users/florian/Code/substitution/build/flutter_keyboard_visibility_temp_fork/intermediates/runtime_library_classes_dir/debug/bundleLibRuntimeToDirDebug as it is up-to-date.
[        ] ClassesDirToClassesTransform (Thread[#38160,Execution worker Thread 22,5,main]) started.
[        ] Resolve mutations for :flutter_olm:bundleLibRuntimeToDirDebug (Thread[#38168,Execution worker Thread 30,5,main]) started.
[        ] DexingNoClasspathTransform (Thread[#38160,Execution worker Thread 22,5,main]) started.
[        ] :flutter_olm:bundleLibRuntimeToDirDebug (Thread[#38168,Execution worker Thread 30,5,main]) started.
[        ] > Transform bundleLibRuntimeToDirDebug (project :flutter_native_splash) with DexingNoClasspathTransform
[        ] Caching disabled for DexingNoClasspathTransform: /Users/florian/Code/substitution/build/flutter_native_splash/intermediates/runtime_library_classes_dir/debug/bundleLibRuntimeToDirDebug because:
[        ]   Build cache is disabled
[        ] Skipping DexingNoClasspathTransform: /Users/florian/Code/substitution/build/flutter_native_splash/intermediates/runtime_library_classes_dir/debug/bundleLibRuntimeToDirDebug as it is up-to-date.
[        ] > Task :flutter_olm:bundleLibRuntimeToDirDebug UP-TO-DATE
[        ] Caching disabled for task ':flutter_olm:bundleLibRuntimeToDirDebug' because:
[        ]   Build cache is disabled
[        ]   Simple merging task
[        ] Skipping task ':flutter_olm:bundleLibRuntimeToDirDebug' as it is up-to-date.
[        ] work action resolve bundleLibRuntimeToDirDebug (project :flutter_olm) (Thread[#38168,Execution worker Thread 30,5,main]) started.
[        ] ClassesDirToClassesTransform (Thread[#38168,Execution worker Thread 30,5,main]) started.
[        ] Resolve mutations for :flutter_openssl_crypto:bundleLibRuntimeToDirDebug (Thread[#38149,Execution worker Thread 11,5,main]) started.
[        ] :flutter_openssl_crypto:bundleLibRuntimeToDirDebug (Thread[#38149,Execution worker Thread 11,5,main]) started.
[        ] DexingNoClasspathTransform (Thread[#38168,Execution worker Thread 30,5,main]) started.
[        ] > Task :flutter_openssl_crypto:bundleLibRuntimeToDirDebug UP-TO-DATE
[        ] Caching disabled for task ':flutter_openssl_crypto:bundleLibRuntimeToDirDebug' because:
[        ]   Build cache is disabled
[        ]   Simple merging task
[        ] Skipping task ':flutter_openssl_crypto:bundleLibRuntimeToDirDebug' as it is up-to-date.
[        ] > Transform bundleLibRuntimeToDirDebug (project :flutter_olm) with DexingNoClasspathTransform
[        ] Caching disabled for DexingNoClasspathTransform: /Users/florian/Code/substitution/build/flutter_olm/intermediates/runtime_library_classes_dir/debug/bundleLibRuntimeToDirDebug because:
[        ]   Build cache is disabled
[        ] Skipping DexingNoClasspathTransform: /Users/florian/Code/substitution/build/flutter_olm/intermediates/runtime_library_classes_dir/debug/bundleLibRuntimeToDirDebug as it is up-to-date.
[        ] work action resolve bundleLibRuntimeToDirDebug (project :flutter_openssl_crypto) (Thread[#38149,Execution worker Thread 11,5,main]) started.
[        ] ClassesDirToClassesTransform (Thread[#38149,Execution worker Thread 11,5,main]) started.
[        ] Resolve mutations for :integration_test:bundleLibRuntimeToDirDebug (Thread[#38156,Execution worker Thread 18,5,main]) started.
[        ] :integration_test:bundleLibRuntimeToDirDebug (Thread[#38156,Execution worker Thread 18,5,main]) started.
[        ] DexingNoClasspathTransform (Thread[#38149,Execution worker Thread 11,5,main]) started.
[        ] > Task :integration_test:bundleLibRuntimeToDirDebug UP-TO-DATE
[        ] Caching disabled for task ':integration_test:bundleLibRuntimeToDirDebug' because:
[        ]   Build cache is disabled
[        ]   Simple merging task
[        ] Skipping task ':integration_test:bundleLibRuntimeToDirDebug' as it is up-to-date.
[        ] work action resolve bundleLibRuntimeToDirDebug (project :integration_test) (Thread[#38156,Execution worker Thread 18,5,main]) started.
[        ] > Transform bundleLibRuntimeToDirDebug (project :flutter_openssl_crypto) with DexingNoClasspathTransform
[        ] Caching disabled for DexingNoClasspathTransform: /Users/florian/Code/substitution/build/flutter_openssl_crypto/intermediates/runtime_library_classes_dir/debug/bundleLibRuntimeToDirDebug because:
[        ]   Build cache is disabled
[        ] Skipping DexingNoClasspathTransform: /Users/florian/Code/substitution/build/flutter_openssl_crypto/intermediates/runtime_library_classes_dir/debug/bundleLibRuntimeToDirDebug as it is up-to-date.
[        ] ClassesDirToClassesTransform (Thread[#38156,Execution worker Thread 18,5,main]) started.
[        ] Resolve mutations for :path_provider_android:bundleLibRuntimeToDirDebug (Thread[#38159,Execution worker Thread 21,5,main]) started.
[        ] :path_provider_android:bundleLibRuntimeToDirDebug (Thread[#38159,Execution worker Thread 21,5,main]) started.
[        ] DexingNoClasspathTransform (Thread[#38156,Execution worker Thread 18,5,main]) started.
[        ] > Task :path_provider_android:bundleLibRuntimeToDirDebug UP-TO-DATE
[        ] Caching disabled for task ':path_provider_android:bundleLibRuntimeToDirDebug' because:
[        ]   Build cache is disabled
[        ]   Simple merging task
[        ] Skipping task ':path_provider_android:bundleLibRuntimeToDirDebug' as it is up-to-date.
[        ] work action resolve bundleLibRuntimeToDirDebug (project :path_provider_android) (Thread[#38159,Execution worker Thread 21,5,main]) started.
[        ] ClassesDirToClassesTransform (Thread[#38159,Execution worker Thread 21,5,main]) started.
[        ] Resolve mutations for :quill_native_bridge_android:bundleLibRuntimeToDirDebug (Thread[#38152,Execution worker Thread 14,5,main]) started.
[        ] DexingNoClasspathTransform (Thread[#38159,Execution worker Thread 21,5,main]) started.
[        ] :quill_native_bridge_android:bundleLibRuntimeToDirDebug (Thread[#38152,Execution worker Thread 14,5,main]) started.
[        ] > Transform bundleLibRuntimeToDirDebug (project :integration_test) with DexingNoClasspathTransform
[        ] Caching disabled for DexingNoClasspathTransform: /Users/florian/Code/substitution/build/integration_test/intermediates/runtime_library_classes_dir/debug/bundleLibRuntimeToDirDebug because:
[        ]   Build cache is disabled
[        ] Skipping DexingNoClasspathTransform: /Users/florian/Code/substitution/build/integration_test/intermediates/runtime_library_classes_dir/debug/bundleLibRuntimeToDirDebug as it is up-to-date.
[        ] > Transform bundleLibRuntimeToDirDebug (project :path_provider_android) with DexingNoClasspathTransform
[        ] Caching disabled for DexingNoClasspathTransform: /Users/florian/Code/substitution/build/path_provider_android/intermediates/runtime_library_classes_dir/debug/bundleLibRuntimeToDirDebug because:
[        ]   Build cache is disabled
[        ] Skipping DexingNoClasspathTransform: /Users/florian/Code/substitution/build/path_provider_android/intermediates/runtime_library_classes_dir/debug/bundleLibRuntimeToDirDebug as it is up-to-date.
[        ] > Task :quill_native_bridge_android:bundleLibRuntimeToDirDebug UP-TO-DATE
[        ] Caching disabled for task ':quill_native_bridge_android:bundleLibRuntimeToDirDebug' because:
[        ]   Build cache is disabled
[        ]   Simple merging task
[        ] Skipping task ':quill_native_bridge_android:bundleLibRuntimeToDirDebug' as it is up-to-date.
[        ] work action resolve bundleLibRuntimeToDirDebug (project :quill_native_bridge_android) (Thread[#38152,Execution worker Thread 14,5,main]) started.
[        ] ClassesDirToClassesTransform (Thread[#38152,Execution worker Thread 14,5,main]) started.
[        ] Resolve mutations for :shared_preferences_android:bundleLibRuntimeToDirDebug (Thread[#38148,Execution worker Thread 10,5,main]) started.
[        ] :shared_preferences_android:bundleLibRuntimeToDirDebug (Thread[#38148,Execution worker Thread 10,5,main]) started.
[        ] DexingNoClasspathTransform (Thread[#38152,Execution worker Thread 14,5,main]) started.
[        ] > Transform bundleLibRuntimeToDirDebug (project :quill_native_bridge_android) with DexingNoClasspathTransform
[        ] Caching disabled for DexingNoClasspathTransform: /Users/florian/Code/substitution/build/quill_native_bridge_android/intermediates/runtime_library_classes_dir/debug/bundleLibRuntimeToDirDebug because:
[        ]   Build cache is disabled
[        ] Skipping DexingNoClasspathTransform: /Users/florian/Code/substitution/build/quill_native_bridge_android/intermediates/runtime_library_classes_dir/debug/bundleLibRuntimeToDirDebug as it is up-to-date.
[        ] > Task :shared_preferences_android:bundleLibRuntimeToDirDebug UP-TO-DATE
[        ] Caching disabled for task ':shared_preferences_android:bundleLibRuntimeToDirDebug' because:
[        ]   Build cache is disabled
[        ]   Simple merging task
[        ] Skipping task ':shared_preferences_android:bundleLibRuntimeToDirDebug' as it is up-to-date.
[        ] work action resolve bundleLibRuntimeToDirDebug (project :shared_preferences_android) (Thread[#38148,Execution worker Thread 10,5,main]) started.
[        ] ClassesDirToClassesTransform (Thread[#38148,Execution worker Thread 10,5,main]) started.
[        ] Resolve mutations for :sqflite_android:bundleLibRuntimeToDirDebug (Thread[#38137,included builds,5,main]) started.
[        ] :sqflite_android:bundleLibRuntimeToDirDebug (Thread[#38137,included builds,5,main]) started.
[        ] DexingNoClasspathTransform (Thread[#38148,Execution worker Thread 10,5,main]) started.
[        ] > Task :sqflite_android:bundleLibRuntimeToDirDebug UP-TO-DATE
[        ] Caching disabled for task ':sqflite_android:bundleLibRuntimeToDirDebug' because:
[        ]   Build cache is disabled
[        ]   Simple merging task
[        ] Skipping task ':sqflite_android:bundleLibRuntimeToDirDebug' as it is up-to-date.
[        ] work action resolve bundleLibRuntimeToDirDebug (project :sqflite_android) (Thread[#38137,included builds,5,main]) started.
[        ] ClassesDirToClassesTransform (Thread[#38137,included builds,5,main]) started.
[        ] Resolve mutations for :url_launcher_android:bundleLibRuntimeToDirDebug (Thread[#38138,Execution worker,5,main]) started.
[        ] DexingNoClasspathTransform (Thread[#38137,included builds,5,main]) started.
[        ] :url_launcher_android:bundleLibRuntimeToDirDebug (Thread[#38138,Execution worker,5,main]) started.
[        ] > Transform bundleLibRuntimeToDirDebug (project :shared_preferences_android) with DexingNoClasspathTransform
[        ] Caching disabled for DexingNoClasspathTransform: /Users/florian/Code/substitution/build/shared_preferences_android/intermediates/runtime_library_classes_dir/debug/bundleLibRuntimeToDirDebug because:
[        ]   Build cache is disabled
[        ] Skipping DexingNoClasspathTransform: /Users/florian/Code/substitution/build/shared_preferences_android/intermediates/runtime_library_classes_dir/debug/bundleLibRuntimeToDirDebug as it is up-to-date.
[        ] > Task :url_launcher_android:bundleLibRuntimeToDirDebug UP-TO-DATE
[        ] Caching disabled for task ':url_launcher_android:bundleLibRuntimeToDirDebug' because:
[        ]   Build cache is disabled
[        ]   Simple merging task
[        ] Skipping task ':url_launcher_android:bundleLibRuntimeToDirDebug' as it is up-to-date.
[        ] work action resolve bundleLibRuntimeToDirDebug (project :url_launcher_android) (Thread[#38138,Execution worker,5,main]) started.
[        ] ClassesDirToClassesTransform (Thread[#38138,Execution worker,5,main]) started.
[        ] Resolve mutations for :video_player_android:bundleLibRuntimeToDirDebug (Thread[#38140,Execution worker Thread 3,5,main]) started.
[        ] > Transform bundleLibRuntimeToDirDebug (project :sqflite_android) with DexingNoClasspathTransform
[        ] Caching disabled for DexingNoClasspathTransform: /Users/florian/Code/substitution/build/sqflite_android/intermediates/runtime_library_classes_dir/debug/bundleLibRuntimeToDirDebug because:
[        ]   Build cache is disabled
[        ] Skipping DexingNoClasspathTransform: /Users/florian/Code/substitution/build/sqflite_android/intermediates/runtime_library_classes_dir/debug/bundleLibRuntimeToDirDebug as it is up-to-date.
[        ] DexingNoClasspathTransform (Thread[#38138,Execution worker,5,main]) started.
[        ] :video_player_android:bundleLibRuntimeToDirDebug (Thread[#38140,Execution worker Thread 3,5,main]) started.
[        ] > Transform bundleLibRuntimeToDirDebug (project :url_launcher_android) with DexingNoClasspathTransform
[        ] Caching disabled for DexingNoClasspathTransform: /Users/florian/Code/substitution/build/url_launcher_android/intermediates/runtime_library_classes_dir/debug/bundleLibRuntimeToDirDebug because:
[        ]   Build cache is disabled
[        ] Skipping DexingNoClasspathTransform: /Users/florian/Code/substitution/build/url_launcher_android/intermediates/runtime_library_classes_dir/debug/bundleLibRuntimeToDirDebug as it is up-to-date.
[        ] > Task :video_player_android:bundleLibRuntimeToDirDebug UP-TO-DATE
[        ] Caching disabled for task ':video_player_android:bundleLibRuntimeToDirDebug' because:
[        ]   Build cache is disabled
[        ]   Simple merging task
[        ] Skipping task ':video_player_android:bundleLibRuntimeToDirDebug' as it is up-to-date.
[        ] work action resolve bundleLibRuntimeToDirDebug (project :video_player_android) (Thread[#38140,Execution worker Thread 3,5,main]) started.
[        ] ClassesDirToClassesTransform (Thread[#38140,Execution worker Thread 3,5,main]) started.
[        ] Resolve mutations for :app:dexBuilderDebug (Thread[#38149,Execution worker Thread 11,5,main]) started.
[        ] DexingNoClasspathTransform (Thread[#38140,Execution worker Thread 3,5,main]) started.
[        ] :app:dexBuilderDebug (Thread[#38149,Execution worker Thread 11,5,main]) started.
[        ] > Task :app:dexBuilderDebug UP-TO-DATE
[        ] Caching disabled for task ':app:dexBuilderDebug' because:
[        ]   Build cache is disabled
[        ] Skipping task ':app:dexBuilderDebug' as it is up-to-date.
[        ] > Transform bundleLibRuntimeToDirDebug (project :video_player_android) with DexingNoClasspathTransform
[        ] Caching disabled for DexingNoClasspathTransform: /Users/florian/Code/substitution/build/video_player_android/intermediates/runtime_library_classes_dir/debug/bundleLibRuntimeToDirDebug because:
[        ]   Build cache is disabled
[        ] Skipping DexingNoClasspathTransform: /Users/florian/Code/substitution/build/video_player_android/intermediates/runtime_library_classes_dir/debug/bundleLibRuntimeToDirDebug as it is up-to-date.
[        ] Resolve mutations for :app:mergeLibDexDebug (Thread[#38140,Execution worker Thread 3,5,main]) started.
[        ] :app:mergeLibDexDebug (Thread[#38140,Execution worker Thread 3,5,main]) started.
[        ] > Task :app:mergeLibDexDebug UP-TO-DATE
[        ] Caching disabled for task ':app:mergeLibDexDebug' because:
[        ]   Build cache is disabled
[        ] Skipping task ':app:mergeLibDexDebug' as it is up-to-date.
[        ] Resolve mutations for :app:mergeProjectDexDebug (Thread[#38140,Execution worker Thread 3,5,main]) started.
[        ] :app:mergeProjectDexDebug (Thread[#38140,Execution worker Thread 3,5,main]) started.
[        ] > Task :app:mergeProjectDexDebug UP-TO-DATE
[        ] Caching disabled for task ':app:mergeProjectDexDebug' because:
[        ]   Build cache is disabled
[        ] Skipping task ':app:mergeProjectDexDebug' as it is up-to-date.
[        ] Resolve mutations for :app:configureCMakeDebug[arm64-v8a] (Thread[#38140,Execution worker Thread 3,5,main]) started.
[        ] :app:configureCMakeDebug[arm64-v8a] (Thread[#38140,Execution worker Thread 3,5,main]) started.
[        ] > Task :app:configureCMakeDebug[arm64-v8a]
[        ] Caching disabled for task ':app:configureCMakeDebug[arm64-v8a]' because:
[        ]   Build cache is disabled
[        ]   Caching has been disabled for the task
[        ] Task ':app:configureCMakeDebug[arm64-v8a]' is not up-to-date because:
[        ]   Task.upToDateWhen is false.
[        ] C/C++: /opt/homebrew/share/flutter/packages/flutter_tools/gradle/src/main/scripts/CMakeLists.txt debug|arm64-v8a : Start JSON generation. Platform version: 24 min SDK version: arm64-v8a
[        ] C/C++: /opt/homebrew/share/flutter/packages/flutter_tools/gradle/src/main/scripts/CMakeLists.txt debug|arm64-v8a : JSON '/Users/florian/Code/substitution/build/.cxx/debug/x6546535/arm64-v8a/android_gradle_build.json' was up-to-date
[        ] C/C++: /opt/homebrew/share/flutter/packages/flutter_tools/gradle/src/main/scripts/CMakeLists.txt debug|arm64-v8a : JSON generation completed without problems
[        ] C/C++: /opt/homebrew/share/flutter/packages/flutter_tools/gradle/src/main/scripts/CMakeLists.txt debug|arm64-v8a : Writing build model to /Users/florian/Code/substitution/build/app/intermediates/cxx/debug/x6546535/logs/arm64-v8a/build_model.json
[        ] Resolve mutations for :app:buildCMakeDebug[arm64-v8a] (Thread[#38140,Execution worker Thread 3,5,main]) started.
[        ] :app:buildCMakeDebug[arm64-v8a] (Thread[#38140,Execution worker Thread 3,5,main]) started.
[        ] > Task :app:buildCMakeDebug[arm64-v8a]
[        ] Caching disabled for task ':app:buildCMakeDebug[arm64-v8a]' because:
[        ]   Build cache is disabled
[        ]   Caching has been disabled for the task
[        ] Task ':app:buildCMakeDebug[arm64-v8a]' is not up-to-date because:
[        ]   Task.upToDateWhen is false.
[        ] C/C++: starting build
[        ] C/C++: reading expected JSONs
[        ] C/C++: done reading expected JSONs
[        ] C/C++: executing build commands for targets that produce .so files or executables
[        ] C/C++: evaluate miniconfig
[        ] C/C++: no libraries
[        ] Resolve mutations for :app:configureCMakeDebug[armeabi-v7a] (Thread[#38140,Execution worker Thread 3,5,main]) started.
[        ] :app:configureCMakeDebug[armeabi-v7a] (Thread[#38140,Execution worker Thread 3,5,main]) started.
[        ] > Task :app:configureCMakeDebug[armeabi-v7a]
[        ] Caching disabled for task ':app:configureCMakeDebug[armeabi-v7a]' because:
[        ]   Build cache is disabled
[        ]   Caching has been disabled for the task
[        ] Task ':app:configureCMakeDebug[armeabi-v7a]' is not up-to-date because:
[        ]   Task.upToDateWhen is false.
[        ] C/C++: /opt/homebrew/share/flutter/packages/flutter_tools/gradle/src/main/scripts/CMakeLists.txt debug|armeabi-v7a : Start JSON generation. Platform version: 24 min SDK version: armeabi-v7a
[        ] C/C++: /opt/homebrew/share/flutter/packages/flutter_tools/gradle/src/main/scripts/CMakeLists.txt debug|armeabi-v7a : JSON '/Users/florian/Code/substitution/build/.cxx/debug/x6546535/armeabi-v7a/android_gradle_build.json' was up-to-date
[        ] C/C++: /opt/homebrew/share/flutter/packages/flutter_tools/gradle/src/main/scripts/CMakeLists.txt debug|armeabi-v7a : JSON generation completed without problems
[        ] C/C++: /opt/homebrew/share/flutter/packages/flutter_tools/gradle/src/main/scripts/CMakeLists.txt debug|armeabi-v7a : Writing build model to /Users/florian/Code/substitution/build/app/intermediates/cxx/debug/x6546535/logs/armeabi-v7a/build_model.json
[        ] Resolve mutations for :app:buildCMakeDebug[armeabi-v7a] (Thread[#38140,Execution worker Thread 3,5,main]) started.
[        ] :app:buildCMakeDebug[armeabi-v7a] (Thread[#38140,Execution worker Thread 3,5,main]) started.
[        ] > Task :app:buildCMakeDebug[armeabi-v7a]
[        ] Caching disabled for task ':app:buildCMakeDebug[armeabi-v7a]' because:
[        ]   Build cache is disabled
[        ]   Caching has been disabled for the task
[        ] Task ':app:buildCMakeDebug[armeabi-v7a]' is not up-to-date because:
[        ]   Task.upToDateWhen is false.
[        ] C/C++: starting build
[        ] C/C++: reading expected JSONs
[        ] C/C++: done reading expected JSONs
[        ] C/C++: executing build commands for targets that produce .so files or executables
[        ] C/C++: evaluate miniconfig
[        ] C/C++: no libraries
[        ] Resolve mutations for :app:configureCMakeDebug[x86_64] (Thread[#38140,Execution worker Thread 3,5,main]) started.
[        ] :app:configureCMakeDebug[x86_64] (Thread[#38149,Execution worker Thread 11,5,main]) started.
[        ] > Task :app:configureCMakeDebug[x86_64]
[        ] Caching disabled for task ':app:configureCMakeDebug[x86_64]' because:
[        ]   Build cache is disabled
[        ]   Caching has been disabled for the task
[        ] Task ':app:configureCMakeDebug[x86_64]' is not up-to-date because:
[        ]   Task.upToDateWhen is false.
[        ] C/C++: /opt/homebrew/share/flutter/packages/flutter_tools/gradle/src/main/scripts/CMakeLists.txt debug|x86_64 : Start JSON generation. Platform version: 24 min SDK version: x86_64
[        ] C/C++: /opt/homebrew/share/flutter/packages/flutter_tools/gradle/src/main/scripts/CMakeLists.txt debug|x86_64 : JSON '/Users/florian/Code/substitution/build/.cxx/debug/x6546535/x86_64/android_gradle_build.json' was up-to-date
[        ] C/C++: /opt/homebrew/share/flutter/packages/flutter_tools/gradle/src/main/scripts/CMakeLists.txt debug|x86_64 : JSON generation completed without problems
[        ] C/C++: /opt/homebrew/share/flutter/packages/flutter_tools/gradle/src/main/scripts/CMakeLists.txt debug|x86_64 : Writing build model to /Users/florian/Code/substitution/build/app/intermediates/cxx/debug/x6546535/logs/x86_64/build_model.json
[        ] Resolve mutations for :app:buildCMakeDebug[x86_64] (Thread[#38149,Execution worker Thread 11,5,main]) started.
[        ] :app:buildCMakeDebug[x86_64] (Thread[#38149,Execution worker Thread 11,5,main]) started.
[        ] > Task :app:buildCMakeDebug[x86_64]
[        ] Caching disabled for task ':app:buildCMakeDebug[x86_64]' because:
[        ]   Build cache is disabled
[        ]   Caching has been disabled for the task
[        ] Task ':app:buildCMakeDebug[x86_64]' is not up-to-date because:
[        ]   Task.upToDateWhen is false.
[        ] C/C++: starting build
[        ] C/C++: reading expected JSONs
[        ] C/C++: done reading expected JSONs
[        ] C/C++: executing build commands for targets that produce .so files or executables
[        ] C/C++: evaluate miniconfig
[        ] C/C++: no libraries
[        ] Resolve mutations for :app:mergeDebugJniLibFolders (Thread[#38149,Execution worker Thread 11,5,main]) started.
[        ] :app:mergeDebugJniLibFolders (Thread[#38149,Execution worker Thread 11,5,main]) started.
[        ] > Task :app:mergeDebugJniLibFolders UP-TO-DATE
[        ] Caching disabled for task ':app:mergeDebugJniLibFolders' because:
[        ]   Build cache is disabled
[        ]   Simple merging task
[        ] Skipping task ':app:mergeDebugJniLibFolders' as it is up-to-date.
[        ] Resolve mutations for :connectivity_plus:mergeDebugJniLibFolders (Thread[#38149,Execution worker Thread 11,5,main]) started.
[        ] :connectivity_plus:mergeDebugJniLibFolders (Thread[#38149,Execution worker Thread 11,5,main]) started.
[        ] > Task :connectivity_plus:mergeDebugJniLibFolders UP-TO-DATE
[        ] Caching disabled for task ':connectivity_plus:mergeDebugJniLibFolders' because:
[        ]   Build cache is disabled
[        ]   Simple merging task
[        ] Skipping task ':connectivity_plus:mergeDebugJniLibFolders' as it is up-to-date.
[        ] Resolve mutations for :connectivity_plus:mergeDebugNativeLibs (Thread[#38149,Execution worker Thread 11,5,main]) started.
[        ] :connectivity_plus:mergeDebugNativeLibs (Thread[#38149,Execution worker Thread 11,5,main]) started.
[        ] > Task :connectivity_plus:mergeDebugNativeLibs NO-SOURCE
[        ] Skipping task ':connectivity_plus:mergeDebugNativeLibs' as it has no source files and no previous output files.
[        ] Resolve mutations for :connectivity_plus:copyDebugJniLibsProjectOnly (Thread[#38149,Execution worker Thread 11,5,main]) started.
[        ] :connectivity_plus:copyDebugJniLibsProjectOnly (Thread[#38149,Execution worker Thread 11,5,main]) started.
[        ] > Task :connectivity_plus:copyDebugJniLibsProjectOnly UP-TO-DATE
[        ] Caching disabled for task ':connectivity_plus:copyDebugJniLibsProjectOnly' because:
[        ]   Build cache is disabled
[        ]   Caching has been disabled for the task
[        ] Skipping task ':connectivity_plus:copyDebugJniLibsProjectOnly' as it is up-to-date.
[        ] work action resolve jni (project :connectivity_plus) (Thread[#38149,Execution worker Thread 11,5,main]) started.
[        ] Resolve mutations for :emoji_picker_flutter:mergeDebugJniLibFolders (Thread[#38149,Execution worker Thread 11,5,main]) started.
[        ] :emoji_picker_flutter:mergeDebugJniLibFolders (Thread[#38149,Execution worker Thread 11,5,main]) started.
[        ] > Task :emoji_picker_flutter:mergeDebugJniLibFolders UP-TO-DATE
[        ] Caching disabled for task ':emoji_picker_flutter:mergeDebugJniLibFolders' because:
[        ]   Build cache is disabled
[        ]   Simple merging task
[        ] Skipping task ':emoji_picker_flutter:mergeDebugJniLibFolders' as it is up-to-date.
[        ] Resolve mutations for :emoji_picker_flutter:mergeDebugNativeLibs (Thread[#38149,Execution worker Thread 11,5,main]) started.
[        ] :emoji_picker_flutter:mergeDebugNativeLibs (Thread[#38149,Execution worker Thread 11,5,main]) started.
[        ] > Task :emoji_picker_flutter:mergeDebugNativeLibs NO-SOURCE
[        ] Skipping task ':emoji_picker_flutter:mergeDebugNativeLibs' as it has no source files and no previous output files.
[        ] Resolve mutations for :emoji_picker_flutter:copyDebugJniLibsProjectOnly (Thread[#38149,Execution worker Thread 11,5,main]) started.
[        ] :emoji_picker_flutter:copyDebugJniLibsProjectOnly (Thread[#38149,Execution worker Thread 11,5,main]) started.
[        ] > Task :emoji_picker_flutter:copyDebugJniLibsProjectOnly UP-TO-DATE
[        ] Caching disabled for task ':emoji_picker_flutter:copyDebugJniLibsProjectOnly' because:
[        ]   Build cache is disabled
[        ]   Caching has been disabled for the task
[        ] Skipping task ':emoji_picker_flutter:copyDebugJniLibsProjectOnly' as it is up-to-date.
[        ] work action resolve jni (project :emoji_picker_flutter) (Thread[#38149,Execution worker Thread 11,5,main]) started.
[        ] Resolve mutations for :file_selector_android:mergeDebugJniLibFolders (Thread[#38149,Execution worker Thread 11,5,main]) started.
[        ] :file_selector_android:mergeDebugJniLibFolders (Thread[#38149,Execution worker Thread 11,5,main]) started.
[        ] > Task :file_selector_android:mergeDebugJniLibFolders UP-TO-DATE
[        ] Caching disabled for task ':file_selector_android:mergeDebugJniLibFolders' because:
[        ]   Build cache is disabled
[        ]   Simple merging task
[        ] Skipping task ':file_selector_android:mergeDebugJniLibFolders' as it is up-to-date.
[        ] Resolve mutations for :file_selector_android:mergeDebugNativeLibs (Thread[#38149,Execution worker Thread 11,5,main]) started.
[        ] :file_selector_android:mergeDebugNativeLibs (Thread[#38149,Execution worker Thread 11,5,main]) started.
[        ] > Task :file_selector_android:mergeDebugNativeLibs NO-SOURCE
[        ] Skipping task ':file_selector_android:mergeDebugNativeLibs' as it has no source files and no previous output files.
[        ] Resolve mutations for :file_selector_android:copyDebugJniLibsProjectOnly (Thread[#38149,Execution worker Thread 11,5,main]) started.
[        ] :file_selector_android:copyDebugJniLibsProjectOnly (Thread[#38149,Execution worker Thread 11,5,main]) started.
[        ] > Task :file_selector_android:copyDebugJniLibsProjectOnly UP-TO-DATE
[        ] Caching disabled for task ':file_selector_android:copyDebugJniLibsProjectOnly' because:
[        ]   Build cache is disabled
[        ]   Caching has been disabled for the task
[        ] Skipping task ':file_selector_android:copyDebugJniLibsProjectOnly' as it is up-to-date.
[        ] work action resolve jni (project :file_selector_android) (Thread[#38149,Execution worker Thread 11,5,main]) started.
[        ] Resolve mutations for :flutter_keyboard_visibility_temp_fork:mergeDebugJniLibFolders (Thread[#38149,Execution worker Thread 11,5,main]) started.
[        ] :flutter_keyboard_visibility_temp_fork:mergeDebugJniLibFolders (Thread[#38149,Execution worker Thread 11,5,main]) started.
[        ] > Task :flutter_keyboard_visibility_temp_fork:mergeDebugJniLibFolders UP-TO-DATE
[        ] Caching disabled for task ':flutter_keyboard_visibility_temp_fork:mergeDebugJniLibFolders' because:
[        ]   Build cache is disabled
[        ]   Simple merging task
[        ] Skipping task ':flutter_keyboard_visibility_temp_fork:mergeDebugJniLibFolders' as it is up-to-date.
[        ] Resolve mutations for :flutter_keyboard_visibility_temp_fork:mergeDebugNativeLibs (Thread[#38149,Execution worker Thread 11,5,main]) started.
[        ] :flutter_keyboard_visibility_temp_fork:mergeDebugNativeLibs (Thread[#38149,Execution worker Thread 11,5,main]) started.
[        ] > Task :flutter_keyboard_visibility_temp_fork:mergeDebugNativeLibs NO-SOURCE
[        ] Skipping task ':flutter_keyboard_visibility_temp_fork:mergeDebugNativeLibs' as it has no source files and no previous output files.
[        ] Resolve mutations for :flutter_keyboard_visibility_temp_fork:copyDebugJniLibsProjectOnly (Thread[#38149,Execution worker Thread 11,5,main]) started.
[        ] :flutter_keyboard_visibility_temp_fork:copyDebugJniLibsProjectOnly (Thread[#38149,Execution worker Thread 11,5,main]) started.
[        ] > Task :flutter_keyboard_visibility_temp_fork:copyDebugJniLibsProjectOnly UP-TO-DATE
[        ] Caching disabled for task ':flutter_keyboard_visibility_temp_fork:copyDebugJniLibsProjectOnly' because:
[        ]   Build cache is disabled
[        ]   Caching has been disabled for the task
[        ] Skipping task ':flutter_keyboard_visibility_temp_fork:copyDebugJniLibsProjectOnly' as it is up-to-date.
[        ] work action resolve jni (project :flutter_keyboard_visibility_temp_fork) (Thread[#38149,Execution worker Thread 11,5,main]) started.
[        ] Resolve mutations for :flutter_native_splash:mergeDebugJniLibFolders (Thread[#38149,Execution worker Thread 11,5,main]) started.
[        ] :flutter_native_splash:mergeDebugJniLibFolders (Thread[#38149,Execution worker Thread 11,5,main]) started.
[        ] > Task :flutter_native_splash:mergeDebugJniLibFolders UP-TO-DATE
[        ] Caching disabled for task ':flutter_native_splash:mergeDebugJniLibFolders' because:
[        ]   Build cache is disabled
[        ]   Simple merging task
[        ] Skipping task ':flutter_native_splash:mergeDebugJniLibFolders' as it is up-to-date.
[        ] Resolve mutations for :flutter_native_splash:mergeDebugNativeLibs (Thread[#38149,Execution worker Thread 11,5,main]) started.
[        ] :flutter_native_splash:mergeDebugNativeLibs (Thread[#38149,Execution worker Thread 11,5,main]) started.
[        ] > Task :flutter_native_splash:mergeDebugNativeLibs NO-SOURCE
[        ] Skipping task ':flutter_native_splash:mergeDebugNativeLibs' as it has no source files and no previous output files.
[        ] Resolve mutations for :flutter_native_splash:copyDebugJniLibsProjectOnly (Thread[#38149,Execution worker Thread 11,5,main]) started.
[        ] :flutter_native_splash:copyDebugJniLibsProjectOnly (Thread[#38149,Execution worker Thread 11,5,main]) started.
[        ] > Task :flutter_native_splash:copyDebugJniLibsProjectOnly UP-TO-DATE
[        ] Caching disabled for task ':flutter_native_splash:copyDebugJniLibsProjectOnly' because:
[        ]   Build cache is disabled
[        ]   Caching has been disabled for the task
[        ] Skipping task ':flutter_native_splash:copyDebugJniLibsProjectOnly' as it is up-to-date.
[        ] work action resolve jni (project :flutter_native_splash) (Thread[#38149,Execution worker Thread 11,5,main]) started.
[        ] Resolve mutations for :flutter_olm:preProfileBuild (Thread[#38149,Execution worker Thread 11,5,main]) started.
[        ] :flutter_olm:preProfileBuild (Thread[#38149,Execution worker Thread 11,5,main]) started.
[        ] > Task :flutter_olm:preProfileBuild UP-TO-DATE
[        ] Skipping task ':flutter_olm:preProfileBuild' as it has no actions.
[        ] Resolve mutations for :flutter_olm:configureCMakeDebug[arm64-v8a] (Thread[#38149,Execution worker Thread 11,5,main]) started.
[        ] :flutter_olm:configureCMakeDebug[arm64-v8a] (Thread[#38149,Execution worker Thread 11,5,main]) started.
[        ] > Task :flutter_olm:configureCMakeDebug[arm64-v8a]
[        ] Caching disabled for task ':flutter_olm:configureCMakeDebug[arm64-v8a]' because:
[        ]   Build cache is disabled
[        ]   Caching has been disabled for the task
[        ] Task ':flutter_olm:configureCMakeDebug[arm64-v8a]' is not up-to-date because:
[        ]   Task.upToDateWhen is false.
[        ] C/C++: /Users/florian/.pub-cache/hosted/pub.dev/flutter_olm-2.0.0/ios/CMakeLists.txt profile|arm64-v8a : Start JSON generation. Platform version: 21 min SDK version: arm64-v8a
[        ] C/C++: /Users/florian/.pub-cache/hosted/pub.dev/flutter_olm-2.0.0/ios/CMakeLists.txt profile|arm64-v8a : JSON '/Users/florian/.pub-cache/hosted/pub.dev/flutter_olm-2.0.0/android/.cxx/Debug/611a6669/arm64-v8a/android_gradle_build.json' was up-to-date
[        ] C/C++: /Users/florian/.pub-cache/hosted/pub.dev/flutter_olm-2.0.0/ios/CMakeLists.txt profile|arm64-v8a : JSON generation completed without problems
[        ] C/C++: /Users/florian/.pub-cache/hosted/pub.dev/flutter_olm-2.0.0/ios/CMakeLists.txt profile|arm64-v8a : Writing build model to /Users/florian/Code/substitution/build/flutter_olm/intermediates/cxx/Debug/611a6669/logs/arm64-v8a/build_model.json
[        ] Resolve mutations for :flutter_olm:buildCMakeDebug[arm64-v8a] (Thread[#38149,Execution worker Thread 11,5,main]) started.
[        ] :flutter_olm:buildCMakeDebug[arm64-v8a] (Thread[#38149,Execution worker Thread 11,5,main]) started.
[        ] > Task :flutter_olm:buildCMakeDebug[arm64-v8a]
[        ] Caching disabled for task ':flutter_olm:buildCMakeDebug[arm64-v8a]' because:
[        ]   Build cache is disabled
[        ]   Caching has been disabled for the task
[        ] Task ':flutter_olm:buildCMakeDebug[arm64-v8a]' is not up-to-date because:
[        ]   Task.upToDateWhen is false.
[        ] C/C++: starting build
[        ] C/C++: reading expected JSONs
[        ] C/C++: done reading expected JSONs
[        ] C/C++: executing build commands for targets that produce .so files or executables
[        ] C/C++: evaluate miniconfig
[        ] C/C++: evaluate library olm (arm64-v8a)
[        ] C/C++: building target library olm because no targets are specified.
[        ] C/C++: about to build targets olm
[        ] C/C++: Build olm
[        ] C/C++: /Users/florian/Library/Android/sdk/cmake/3.22.1/bin/ninja \
[        ]   -C \
[        ]   /Users/florian/.pub-cache/hosted/pub.dev/flutter_olm-2.0.0/android/.cxx/Debug/611a6669/arm64-v8a \
[        ]   olm
[        ] Starting process 'command '/Users/florian/Library/Android/sdk/cmake/3.22.1/bin/ninja''. Working directory: /Users/florian/.pub-cache/hosted/pub.dev/flutter_olm-2.0.0/android Command: /Users/florian/Library/Android/sdk/cmake/3.22.1/bin/ninja -C /Users/florian/.pub-cache/hosted/pub.dev/flutter_olm-2.0.0/android/.cxx/Debug/611a6669/arm64-v8a olm
[        ] Successfully started process 'command '/Users/florian/Library/Android/sdk/cmake/3.22.1/bin/ninja''
[        ] C/C++: Received process result: 0
[        ] C/C++: check expected build outputs
[        ] C/C++: build complete
[        ] Resolve mutations for :flutter_olm:configureCMakeDebug[armeabi-v7a] (Thread[#38149,Execution worker Thread 11,5,main]) started.
[        ] :flutter_olm:configureCMakeDebug[armeabi-v7a] (Thread[#38149,Execution worker Thread 11,5,main]) started.
[        ] > Task :flutter_olm:configureCMakeDebug[armeabi-v7a]
[        ] Caching disabled for task ':flutter_olm:configureCMakeDebug[armeabi-v7a]' because:
[        ]   Build cache is disabled
[        ]   Caching has been disabled for the task
[        ] Task ':flutter_olm:configureCMakeDebug[armeabi-v7a]' is not up-to-date because:
[        ]   Task.upToDateWhen is false.
[        ] C/C++: /Users/florian/.pub-cache/hosted/pub.dev/flutter_olm-2.0.0/ios/CMakeLists.txt profile|armeabi-v7a : Start JSON generation. Platform version: 21 min SDK version: armeabi-v7a
[        ] C/C++: /Users/florian/.pub-cache/hosted/pub.dev/flutter_olm-2.0.0/ios/CMakeLists.txt profile|armeabi-v7a : JSON '/Users/florian/.pub-cache/hosted/pub.dev/flutter_olm-2.0.0/android/.cxx/Debug/611a6669/armeabi-v7a/android_gradle_build.json' was up-to-date
[        ] C/C++: /Users/florian/.pub-cache/hosted/pub.dev/flutter_olm-2.0.0/ios/CMakeLists.txt profile|armeabi-v7a : JSON generation completed without problems
[        ] C/C++: /Users/florian/.pub-cache/hosted/pub.dev/flutter_olm-2.0.0/ios/CMakeLists.txt profile|armeabi-v7a : Writing build model to /Users/florian/Code/substitution/build/flutter_olm/intermediates/cxx/Debug/611a6669/logs/armeabi-v7a/build_model.json
[        ] Resolve mutations for :flutter_olm:buildCMakeDebug[armeabi-v7a] (Thread[#38149,Execution worker Thread 11,5,main]) started.
[        ] :flutter_olm:buildCMakeDebug[armeabi-v7a] (Thread[#38149,Execution worker Thread 11,5,main]) started.
[        ] > Task :flutter_olm:buildCMakeDebug[armeabi-v7a]
[        ] Caching disabled for task ':flutter_olm:buildCMakeDebug[armeabi-v7a]' because:
[        ]   Build cache is disabled
[        ]   Caching has been disabled for the task
[        ] Task ':flutter_olm:buildCMakeDebug[armeabi-v7a]' is not up-to-date because:
[        ]   Task.upToDateWhen is false.
[        ] C/C++: starting build
[        ] C/C++: reading expected JSONs
[        ] C/C++: done reading expected JSONs
[        ] C/C++: executing build commands for targets that produce .so files or executables
[        ] C/C++: evaluate miniconfig
[        ] C/C++: evaluate library olm (armeabi-v7a)
[        ] C/C++: building target library olm because no targets are specified.
[        ] C/C++: about to build targets olm
[        ] C/C++: Build olm
[        ] C/C++: /Users/florian/Library/Android/sdk/cmake/3.22.1/bin/ninja \
[        ]   -C \
[        ]   /Users/florian/.pub-cache/hosted/pub.dev/flutter_olm-2.0.0/android/.cxx/Debug/611a6669/armeabi-v7a \
[        ]   olm
[        ] Starting process 'command '/Users/florian/Library/Android/sdk/cmake/3.22.1/bin/ninja''. Working directory: /Users/florian/.pub-cache/hosted/pub.dev/flutter_olm-2.0.0/android Command: /Users/florian/Library/Android/sdk/cmake/3.22.1/bin/ninja -C /Users/florian/.pub-cache/hosted/pub.dev/flutter_olm-2.0.0/android/.cxx/Debug/611a6669/armeabi-v7a olm
[        ] Successfully started process 'command '/Users/florian/Library/Android/sdk/cmake/3.22.1/bin/ninja''
[        ] C/C++: Received process result: 0
[        ] C/C++: check expected build outputs
[        ] C/C++: build complete
[        ] Resolve mutations for :flutter_olm:configureCMakeDebug[x86] (Thread[#38149,Execution worker Thread 11,5,main]) started.
[        ] :flutter_olm:configureCMakeDebug[x86] (Thread[#38149,Execution worker Thread 11,5,main]) started.
[        ] > Task :flutter_olm:configureCMakeDebug[x86]
[        ] Caching disabled for task ':flutter_olm:configureCMakeDebug[x86]' because:
[        ]   Build cache is disabled
[        ]   Caching has been disabled for the task
[        ] Task ':flutter_olm:configureCMakeDebug[x86]' is not up-to-date because:
[        ]   Task.upToDateWhen is false.
[        ] C/C++: /Users/florian/.pub-cache/hosted/pub.dev/flutter_olm-2.0.0/ios/CMakeLists.txt profile|x86 : Start JSON generation. Platform version: 21 min SDK version: x86
[        ] C/C++: /Users/florian/.pub-cache/hosted/pub.dev/flutter_olm-2.0.0/ios/CMakeLists.txt profile|x86 : JSON '/Users/florian/.pub-cache/hosted/pub.dev/flutter_olm-2.0.0/android/.cxx/Debug/611a6669/x86/android_gradle_build.json' was up-to-date
[        ] C/C++: /Users/florian/.pub-cache/hosted/pub.dev/flutter_olm-2.0.0/ios/CMakeLists.txt profile|x86 : JSON generation completed without problems
[        ] C/C++: /Users/florian/.pub-cache/hosted/pub.dev/flutter_olm-2.0.0/ios/CMakeLists.txt profile|x86 : Writing build model to /Users/florian/Code/substitution/build/flutter_olm/intermediates/cxx/Debug/611a6669/logs/x86/build_model.json
[        ] Resolve mutations for :flutter_olm:buildCMakeDebug[x86] (Thread[#38149,Execution worker Thread 11,5,main]) started.
[        ] :flutter_olm:buildCMakeDebug[x86] (Thread[#38149,Execution worker Thread 11,5,main]) started.
[        ] > Task :flutter_olm:buildCMakeDebug[x86]
[        ] Caching disabled for task ':flutter_olm:buildCMakeDebug[x86]' because:
[        ]   Build cache is disabled
[        ]   Caching has been disabled for the task
[        ] Task ':flutter_olm:buildCMakeDebug[x86]' is not up-to-date because:
[        ]   Task.upToDateWhen is false.
[        ] C/C++: starting build
[        ] C/C++: reading expected JSONs
[        ] C/C++: done reading expected JSONs
[        ] C/C++: executing build commands for targets that produce .so files or executables
[        ] C/C++: evaluate miniconfig
[        ] C/C++: evaluate library olm (x86)
[        ] C/C++: building target library olm because no targets are specified.
[        ] C/C++: about to build targets olm
[        ] C/C++: Build olm
[        ] C/C++: /Users/florian/Library/Android/sdk/cmake/3.22.1/bin/ninja \
[        ]   -C \
[        ]   /Users/florian/.pub-cache/hosted/pub.dev/flutter_olm-2.0.0/android/.cxx/Debug/611a6669/x86 \
[        ]   olm
[        ] Starting process 'command '/Users/florian/Library/Android/sdk/cmake/3.22.1/bin/ninja''. Working directory: /Users/florian/.pub-cache/hosted/pub.dev/flutter_olm-2.0.0/android Command: /Users/florian/Library/Android/sdk/cmake/3.22.1/bin/ninja -C /Users/florian/.pub-cache/hosted/pub.dev/flutter_olm-2.0.0/android/.cxx/Debug/611a6669/x86 olm
[        ] Successfully started process 'command '/Users/florian/Library/Android/sdk/cmake/3.22.1/bin/ninja''
[        ] C/C++: Received process result: 0
[        ] C/C++: check expected build outputs
[        ] C/C++: build complete
[        ] Resolve mutations for :flutter_olm:configureCMakeDebug[x86_64] (Thread[#38149,Execution worker Thread 11,5,main]) started.
[        ] :flutter_olm:configureCMakeDebug[x86_64] (Thread[#38149,Execution worker Thread 11,5,main]) started.
[        ] > Task :flutter_olm:configureCMakeDebug[x86_64]
[        ] Caching disabled for task ':flutter_olm:configureCMakeDebug[x86_64]' because:
[        ]   Build cache is disabled
[        ]   Caching has been disabled for the task
[        ] Task ':flutter_olm:configureCMakeDebug[x86_64]' is not up-to-date because:
[        ]   Task.upToDateWhen is false.
[        ] C/C++: /Users/florian/.pub-cache/hosted/pub.dev/flutter_olm-2.0.0/ios/CMakeLists.txt profile|x86_64 : Start JSON generation. Platform version: 21 min SDK version: x86_64
[        ] C/C++: /Users/florian/.pub-cache/hosted/pub.dev/flutter_olm-2.0.0/ios/CMakeLists.txt profile|x86_64 : JSON '/Users/florian/.pub-cache/hosted/pub.dev/flutter_olm-2.0.0/android/.cxx/Debug/611a6669/x86_64/android_gradle_build.json' was up-to-date
[        ] C/C++: /Users/florian/.pub-cache/hosted/pub.dev/flutter_olm-2.0.0/ios/CMakeLists.txt profile|x86_64 : JSON generation completed without problems
[        ] C/C++: /Users/florian/.pub-cache/hosted/pub.dev/flutter_olm-2.0.0/ios/CMakeLists.txt profile|x86_64 : Writing build model to /Users/florian/Code/substitution/build/flutter_olm/intermediates/cxx/Debug/611a6669/logs/x86_64/build_model.json
[        ] Resolve mutations for :flutter_olm:buildCMakeDebug[x86_64] (Thread[#38149,Execution worker Thread 11,5,main]) started.
[        ] :flutter_olm:buildCMakeDebug[x86_64] (Thread[#38149,Execution worker Thread 11,5,main]) started.
[        ] > Task :flutter_olm:buildCMakeDebug[x86_64]
[        ] Caching disabled for task ':flutter_olm:buildCMakeDebug[x86_64]' because:
[        ]   Build cache is disabled
[        ]   Caching has been disabled for the task
[        ] Task ':flutter_olm:buildCMakeDebug[x86_64]' is not up-to-date because:
[        ]   Task.upToDateWhen is false.
[        ] C/C++: starting build
[        ] C/C++: reading expected JSONs
[        ] C/C++: done reading expected JSONs
[        ] C/C++: executing build commands for targets that produce .so files or executables
[        ] C/C++: evaluate miniconfig
[        ] C/C++: evaluate library olm (x86_64)
[        ] C/C++: building target library olm because no targets are specified.
[        ] C/C++: about to build targets olm
[        ] C/C++: Build olm
[        ] C/C++: /Users/florian/Library/Android/sdk/cmake/3.22.1/bin/ninja \
[        ]   -C \
[        ]   /Users/florian/.pub-cache/hosted/pub.dev/flutter_olm-2.0.0/android/.cxx/Debug/611a6669/x86_64 \
[        ]   olm
[        ] Starting process 'command '/Users/florian/Library/Android/sdk/cmake/3.22.1/bin/ninja''. Working directory: /Users/florian/.pub-cache/hosted/pub.dev/flutter_olm-2.0.0/android Command: /Users/florian/Library/Android/sdk/cmake/3.22.1/bin/ninja -C /Users/florian/.pub-cache/hosted/pub.dev/flutter_olm-2.0.0/android/.cxx/Debug/611a6669/x86_64 olm
[        ] Successfully started process 'command '/Users/florian/Library/Android/sdk/cmake/3.22.1/bin/ninja''
[        ] C/C++: Received process result: 0
[        ] C/C++: check expected build outputs
[        ] C/C++: build complete
[        ] Resolve mutations for :flutter_olm:mergeDebugJniLibFolders (Thread[#38149,Execution worker Thread 11,5,main]) started.
[        ] :flutter_olm:mergeDebugJniLibFolders (Thread[#38149,Execution worker Thread 11,5,main]) started.
[        ] > Task :flutter_olm:mergeDebugJniLibFolders UP-TO-DATE
[        ] Caching disabled for task ':flutter_olm:mergeDebugJniLibFolders' because:
[        ]   Build cache is disabled
[        ]   Simple merging task
[        ] Skipping task ':flutter_olm:mergeDebugJniLibFolders' as it is up-to-date.
[        ] Resolve mutations for :flutter_olm:mergeDebugNativeLibs (Thread[#38149,Execution worker Thread 11,5,main]) started.
[        ] :flutter_olm:mergeDebugNativeLibs (Thread[#38149,Execution worker Thread 11,5,main]) started.
[        ] > Task :flutter_olm:mergeDebugNativeLibs UP-TO-DATE
[        ] Caching disabled for task ':flutter_olm:mergeDebugNativeLibs' because:
[        ]   Build cache is disabled
[        ]   Caching has been disabled for the task
[        ] Skipping task ':flutter_olm:mergeDebugNativeLibs' as it is up-to-date.
[        ] Resolve mutations for :flutter_olm:copyDebugJniLibsProjectOnly (Thread[#38149,Execution worker Thread 11,5,main]) started.
[        ] :flutter_olm:copyDebugJniLibsProjectOnly (Thread[#38149,Execution worker Thread 11,5,main]) started.
[        ] > Task :flutter_olm:copyDebugJniLibsProjectOnly UP-TO-DATE
[        ] Caching disabled for task ':flutter_olm:copyDebugJniLibsProjectOnly' because:
[        ]   Build cache is disabled
[        ]   Caching has been disabled for the task
[        ] Skipping task ':flutter_olm:copyDebugJniLibsProjectOnly' as it is up-to-date.
[        ] work action resolve jni (project :flutter_olm) (Thread[#38149,Execution worker Thread 11,5,main]) started.
[        ] Resolve mutations for :flutter_openssl_crypto:preProfileBuild (Thread[#38149,Execution worker Thread 11,5,main]) started.
[        ] :flutter_openssl_crypto:preProfileBuild (Thread[#38149,Execution worker Thread 11,5,main]) started.
[        ] > Task :flutter_openssl_crypto:preProfileBuild UP-TO-DATE
[        ] Skipping task ':flutter_openssl_crypto:preProfileBuild' as it has no actions.
[        ] Resolve mutations for :flutter_openssl_crypto:configureCMakeDebug[arm64-v8a] (Thread[#38149,Execution worker Thread 11,5,main]) started.
[        ] :flutter_openssl_crypto:configureCMakeDebug[arm64-v8a] (Thread[#38149,Execution worker Thread 11,5,main]) started.
[        ] > Task :flutter_openssl_crypto:configureCMakeDebug[arm64-v8a]
[        ] Caching disabled for task ':flutter_openssl_crypto:configureCMakeDebug[arm64-v8a]' because:
[        ]   Build cache is disabled
[        ]   Caching has been disabled for the task
[        ] Task ':flutter_openssl_crypto:configureCMakeDebug[arm64-v8a]' is not up-to-date because:
[        ]   Task.upToDateWhen is false.
[        ] C/C++: /Users/florian/.pub-cache/hosted/pub.dev/flutter_openssl_crypto-0.5.0/android/CMakeLists.txt profile|arm64-v8a : Start JSON generation. Platform version: 21 min SDK version: arm64-v8a
[        ] C/C++: /Users/florian/.pub-cache/hosted/pub.dev/flutter_openssl_crypto-0.5.0/android/CMakeLists.txt profile|arm64-v8a : JSON '/Users/florian/.pub-cache/hosted/pub.dev/flutter_openssl_crypto-0.5.0/android/.cxx/Debug/42n1p1e4/arm64-v8a/android_gradle_build.json' was up-to-date
[        ] C/C++: /Users/florian/.pub-cache/hosted/pub.dev/flutter_openssl_crypto-0.5.0/android/CMakeLists.txt profile|arm64-v8a : JSON generation completed without problems
[        ] C/C++: /Users/florian/.pub-cache/hosted/pub.dev/flutter_openssl_crypto-0.5.0/android/CMakeLists.txt profile|arm64-v8a : Writing build model to /Users/florian/Code/substitution/build/flutter_openssl_crypto/intermediates/cxx/Debug/42n1p1e4/logs/arm64-v8a/build_model.json
[        ] Resolve mutations for :flutter_openssl_crypto:buildCMakeDebug[arm64-v8a] (Thread[#38149,Execution worker Thread 11,5,main]) started.
[        ] :flutter_openssl_crypto:buildCMakeDebug[arm64-v8a] (Thread[#38149,Execution worker Thread 11,5,main]) started.
[  +90 ms] > Task :flutter_openssl_crypto:buildCMakeDebug[arm64-v8a]
[        ] Caching disabled for task ':flutter_openssl_crypto:buildCMakeDebug[arm64-v8a]' because:
[        ]   Build cache is disabled
[        ]   Caching has been disabled for the task
[        ] Task ':flutter_openssl_crypto:buildCMakeDebug[arm64-v8a]' is not up-to-date because:
[        ]   Task.upToDateWhen is false.
[        ] C/C++: starting build
[        ] C/C++: reading expected JSONs
[        ] C/C++: done reading expected JSONs
[        ] C/C++: executing build commands for targets that produce .so files or executables
[        ] C/C++: evaluate miniconfig
[        ] C/C++: evaluate library flutter_openssl_crypto (arm64-v8a)
[        ] C/C++: building target library flutter_openssl_crypto because no targets are specified.
[        ] C/C++: about to build targets flutter_openssl_crypto
[        ] C/C++: Build flutter_openssl_crypto
[        ] C/C++: /Users/florian/Library/Android/sdk/cmake/3.22.1/bin/ninja \
[        ]   -C \
[        ]   /Users/florian/.pub-cache/hosted/pub.dev/flutter_openssl_crypto-0.5.0/android/.cxx/Debug/42n1p1e4/arm64-v8a \
[        ]   flutter_openssl_crypto
[        ] Starting process 'command '/Users/florian/Library/Android/sdk/cmake/3.22.1/bin/ninja''. Working directory: /Users/florian/.pub-cache/hosted/pub.dev/flutter_openssl_crypto-0.5.0/android Command: /Users/florian/Library/Android/sdk/cmake/3.22.1/bin/ninja -C /Users/florian/.pub-cache/hosted/pub.dev/flutter_openssl_crypto-0.5.0/android/.cxx/Debug/42n1p1e4/arm64-v8a flutter_openssl_crypto
[        ] Successfully started process 'command '/Users/florian/Library/Android/sdk/cmake/3.22.1/bin/ninja''
[        ] C/C++: Received process result: 0
[        ] C/C++: check expected build outputs
[        ] C/C++: build complete
[        ] Resolve mutations for :flutter_openssl_crypto:configureCMakeDebug[armeabi-v7a] (Thread[#38149,Execution worker Thread 11,5,main]) started.
[        ] :flutter_openssl_crypto:configureCMakeDebug[armeabi-v7a] (Thread[#38149,Execution worker Thread 11,5,main]) started.
[        ] > Task :flutter_openssl_crypto:configureCMakeDebug[armeabi-v7a]
[        ] Caching disabled for task ':flutter_openssl_crypto:configureCMakeDebug[armeabi-v7a]' because:
[        ]   Build cache is disabled
[        ]   Caching has been disabled for the task
[        ] Task ':flutter_openssl_crypto:configureCMakeDebug[armeabi-v7a]' is not up-to-date because:
[        ]   Task.upToDateWhen is false.
[        ] C/C++: /Users/florian/.pub-cache/hosted/pub.dev/flutter_openssl_crypto-0.5.0/android/CMakeLists.txt profile|armeabi-v7a : Start JSON generation. Platform version: 21 min SDK version: armeabi-v7a
[        ] C/C++: /Users/florian/.pub-cache/hosted/pub.dev/flutter_openssl_crypto-0.5.0/android/CMakeLists.txt profile|armeabi-v7a : JSON '/Users/florian/.pub-cache/hosted/pub.dev/flutter_openssl_crypto-0.5.0/android/.cxx/Debug/42n1p1e4/armeabi-v7a/android_gradle_build.json' was up-to-date
[        ] C/C++: /Users/florian/.pub-cache/hosted/pub.dev/flutter_openssl_crypto-0.5.0/android/CMakeLists.txt profile|armeabi-v7a : JSON generation completed without problems
[        ] C/C++: /Users/florian/.pub-cache/hosted/pub.dev/flutter_openssl_crypto-0.5.0/android/CMakeLists.txt profile|armeabi-v7a : Writing build model to /Users/florian/Code/substitution/build/flutter_openssl_crypto/intermediates/cxx/Debug/42n1p1e4/logs/armeabi-v7a/build_model.json
[        ] Resolve mutations for :flutter_openssl_crypto:buildCMakeDebug[armeabi-v7a] (Thread[#38149,Execution worker Thread 11,5,main]) started.
[        ] :flutter_openssl_crypto:buildCMakeDebug[armeabi-v7a] (Thread[#38149,Execution worker Thread 11,5,main]) started.
[        ] > Task :flutter_openssl_crypto:buildCMakeDebug[armeabi-v7a]
[        ] Caching disabled for task ':flutter_openssl_crypto:buildCMakeDebug[armeabi-v7a]' because:
[        ]   Build cache is disabled
[        ]   Caching has been disabled for the task
[        ] Task ':flutter_openssl_crypto:buildCMakeDebug[armeabi-v7a]' is not up-to-date because:
[        ]   Task.upToDateWhen is false.
[        ] C/C++: starting build
[        ] C/C++: reading expected JSONs
[        ] C/C++: done reading expected JSONs
[        ] C/C++: executing build commands for targets that produce .so files or executables
[        ] C/C++: evaluate miniconfig
[        ] C/C++: evaluate library flutter_openssl_crypto (armeabi-v7a)
[        ] C/C++: building target library flutter_openssl_crypto because no targets are specified.
[        ] C/C++: about to build targets flutter_openssl_crypto
[        ] C/C++: Build flutter_openssl_crypto
[        ] C/C++: /Users/florian/Library/Android/sdk/cmake/3.22.1/bin/ninja \
[        ]   -C \
[        ]   /Users/florian/.pub-cache/hosted/pub.dev/flutter_openssl_crypto-0.5.0/android/.cxx/Debug/42n1p1e4/armeabi-v7a \
[        ]   flutter_openssl_crypto
[        ] Starting process 'command '/Users/florian/Library/Android/sdk/cmake/3.22.1/bin/ninja''. Working directory: /Users/florian/.pub-cache/hosted/pub.dev/flutter_openssl_crypto-0.5.0/android Command: /Users/florian/Library/Android/sdk/cmake/3.22.1/bin/ninja -C /Users/florian/.pub-cache/hosted/pub.dev/flutter_openssl_crypto-0.5.0/android/.cxx/Debug/42n1p1e4/armeabi-v7a flutter_openssl_crypto
[        ] Successfully started process 'command '/Users/florian/Library/Android/sdk/cmake/3.22.1/bin/ninja''
[        ] C/C++: Received process result: 0
[        ] C/C++: check expected build outputs
[        ] C/C++: build complete
[        ] Resolve mutations for :flutter_openssl_crypto:configureCMakeDebug[x86] (Thread[#38149,Execution worker Thread 11,5,main]) started.
[        ] :flutter_openssl_crypto:configureCMakeDebug[x86] (Thread[#38149,Execution worker Thread 11,5,main]) started.
[        ] > Task :flutter_openssl_crypto:configureCMakeDebug[x86]
[        ] Caching disabled for task ':flutter_openssl_crypto:configureCMakeDebug[x86]' because:
[        ]   Build cache is disabled
[        ]   Caching has been disabled for the task
[        ] Task ':flutter_openssl_crypto:configureCMakeDebug[x86]' is not up-to-date because:
[        ]   Task.upToDateWhen is false.
[        ] C/C++: /Users/florian/.pub-cache/hosted/pub.dev/flutter_openssl_crypto-0.5.0/android/CMakeLists.txt profile|x86 : Start JSON generation. Platform version: 21 min SDK version: x86
[        ] C/C++: /Users/florian/.pub-cache/hosted/pub.dev/flutter_openssl_crypto-0.5.0/android/CMakeLists.txt profile|x86 : JSON '/Users/florian/.pub-cache/hosted/pub.dev/flutter_openssl_crypto-0.5.0/android/.cxx/Debug/42n1p1e4/x86/android_gradle_build.json' was up-to-date
[        ] C/C++: /Users/florian/.pub-cache/hosted/pub.dev/flutter_openssl_crypto-0.5.0/android/CMakeLists.txt profile|x86 : JSON generation completed without problems
[        ] C/C++: /Users/florian/.pub-cache/hosted/pub.dev/flutter_openssl_crypto-0.5.0/android/CMakeLists.txt profile|x86 : Writing build model to /Users/florian/Code/substitution/build/flutter_openssl_crypto/intermediates/cxx/Debug/42n1p1e4/logs/x86/build_model.json
[        ] Resolve mutations for :flutter_openssl_crypto:buildCMakeDebug[x86] (Thread[#38149,Execution worker Thread 11,5,main]) started.
[        ] :flutter_openssl_crypto:buildCMakeDebug[x86] (Thread[#38149,Execution worker Thread 11,5,main]) started.
[        ] > Task :flutter_openssl_crypto:buildCMakeDebug[x86]
[        ] Caching disabled for task ':flutter_openssl_crypto:buildCMakeDebug[x86]' because:
[        ]   Build cache is disabled
[        ]   Caching has been disabled for the task
[        ] Task ':flutter_openssl_crypto:buildCMakeDebug[x86]' is not up-to-date because:
[        ]   Task.upToDateWhen is false.
[        ] C/C++: starting build
[        ] C/C++: reading expected JSONs
[        ] C/C++: done reading expected JSONs
[        ] C/C++: executing build commands for targets that produce .so files or executables
[        ] C/C++: evaluate miniconfig
[        ] C/C++: evaluate library flutter_openssl_crypto (x86)
[        ] C/C++: building target library flutter_openssl_crypto because no targets are specified.
[        ] C/C++: about to build targets flutter_openssl_crypto
[        ] C/C++: Build flutter_openssl_crypto
[        ] C/C++: /Users/florian/Library/Android/sdk/cmake/3.22.1/bin/ninja \
[        ]   -C \
[        ]   /Users/florian/.pub-cache/hosted/pub.dev/flutter_openssl_crypto-0.5.0/android/.cxx/Debug/42n1p1e4/x86 \
[        ]   flutter_openssl_crypto
[        ] Starting process 'command '/Users/florian/Library/Android/sdk/cmake/3.22.1/bin/ninja''. Working directory: /Users/florian/.pub-cache/hosted/pub.dev/flutter_openssl_crypto-0.5.0/android Command: /Users/florian/Library/Android/sdk/cmake/3.22.1/bin/ninja -C /Users/florian/.pub-cache/hosted/pub.dev/flutter_openssl_crypto-0.5.0/android/.cxx/Debug/42n1p1e4/x86 flutter_openssl_crypto
[        ] Successfully started process 'command '/Users/florian/Library/Android/sdk/cmake/3.22.1/bin/ninja''
[        ] C/C++: Received process result: 0
[        ] C/C++: check expected build outputs
[        ] C/C++: build complete
[        ] Resolve mutations for :flutter_openssl_crypto:configureCMakeDebug[x86_64] (Thread[#38149,Execution worker Thread 11,5,main]) started.
[        ] :flutter_openssl_crypto:configureCMakeDebug[x86_64] (Thread[#38149,Execution worker Thread 11,5,main]) started.
[        ] > Task :flutter_openssl_crypto:configureCMakeDebug[x86_64]
[        ] Caching disabled for task ':flutter_openssl_crypto:configureCMakeDebug[x86_64]' because:
[        ]   Build cache is disabled
[        ]   Caching has been disabled for the task
[        ] Task ':flutter_openssl_crypto:configureCMakeDebug[x86_64]' is not up-to-date because:
[        ]   Task.upToDateWhen is false.
[        ] C/C++: /Users/florian/.pub-cache/hosted/pub.dev/flutter_openssl_crypto-0.5.0/android/CMakeLists.txt profile|x86_64 : Start JSON generation. Platform version: 21 min SDK version: x86_64
[        ] C/C++: /Users/florian/.pub-cache/hosted/pub.dev/flutter_openssl_crypto-0.5.0/android/CMakeLists.txt profile|x86_64 : JSON '/Users/florian/.pub-cache/hosted/pub.dev/flutter_openssl_crypto-0.5.0/android/.cxx/Debug/42n1p1e4/x86_64/android_gradle_build.json' was up-to-date
[        ] C/C++: /Users/florian/.pub-cache/hosted/pub.dev/flutter_openssl_crypto-0.5.0/android/CMakeLists.txt profile|x86_64 : JSON generation completed without problems
[        ] C/C++: /Users/florian/.pub-cache/hosted/pub.dev/flutter_openssl_crypto-0.5.0/android/CMakeLists.txt profile|x86_64 : Writing build model to /Users/florian/Code/substitution/build/flutter_openssl_crypto/intermediates/cxx/Debug/42n1p1e4/logs/x86_64/build_model.json
[        ] Resolve mutations for :flutter_openssl_crypto:buildCMakeDebug[x86_64] (Thread[#38149,Execution worker Thread 11,5,main]) started.
[        ] :flutter_openssl_crypto:buildCMakeDebug[x86_64] (Thread[#38149,Execution worker Thread 11,5,main]) started.
[        ] > Task :flutter_openssl_crypto:buildCMakeDebug[x86_64]
[        ] Caching disabled for task ':flutter_openssl_crypto:buildCMakeDebug[x86_64]' because:
[        ]   Build cache is disabled
[        ]   Caching has been disabled for the task
[        ] Task ':flutter_openssl_crypto:buildCMakeDebug[x86_64]' is not up-to-date because:
[        ]   Task.upToDateWhen is false.
[        ] C/C++: starting build
[        ] C/C++: reading expected JSONs
[        ] C/C++: done reading expected JSONs
[        ] C/C++: executing build commands for targets that produce .so files or executables
[        ] C/C++: evaluate miniconfig
[        ] C/C++: evaluate library flutter_openssl_crypto (x86_64)
[        ] C/C++: building target library flutter_openssl_crypto because no targets are specified.
[        ] C/C++: about to build targets flutter_openssl_crypto
[        ] C/C++: Build flutter_openssl_crypto
[        ] C/C++: /Users/florian/Library/Android/sdk/cmake/3.22.1/bin/ninja \
[        ]   -C \
[        ]   /Users/florian/.pub-cache/hosted/pub.dev/flutter_openssl_crypto-0.5.0/android/.cxx/Debug/42n1p1e4/x86_64 \
[        ]   flutter_openssl_crypto
[        ] Starting process 'command '/Users/florian/Library/Android/sdk/cmake/3.22.1/bin/ninja''. Working directory: /Users/florian/.pub-cache/hosted/pub.dev/flutter_openssl_crypto-0.5.0/android Command: /Users/florian/Library/Android/sdk/cmake/3.22.1/bin/ninja -C /Users/florian/.pub-cache/hosted/pub.dev/flutter_openssl_crypto-0.5.0/android/.cxx/Debug/42n1p1e4/x86_64 flutter_openssl_crypto
[        ] Successfully started process 'command '/Users/florian/Library/Android/sdk/cmake/3.22.1/bin/ninja''
[        ] C/C++: Received process result: 0
[        ] C/C++: check expected build outputs
[        ] C/C++: build complete
[        ] Resolve mutations for :flutter_openssl_crypto:mergeDebugJniLibFolders (Thread[#38149,Execution worker Thread 11,5,main]) started.
[        ] :flutter_openssl_crypto:mergeDebugJniLibFolders (Thread[#38149,Execution worker Thread 11,5,main]) started.
[        ] > Task :flutter_openssl_crypto:mergeDebugJniLibFolders UP-TO-DATE
[        ] Caching disabled for task ':flutter_openssl_crypto:mergeDebugJniLibFolders' because:
[        ]   Build cache is disabled
[        ]   Simple merging task
[        ] Skipping task ':flutter_openssl_crypto:mergeDebugJniLibFolders' as it is up-to-date.
[        ] Resolve mutations for :flutter_openssl_crypto:mergeDebugNativeLibs (Thread[#38149,Execution worker Thread 11,5,main]) started.
[        ] :flutter_openssl_crypto:mergeDebugNativeLibs (Thread[#38149,Execution worker Thread 11,5,main]) started.
[        ] > Task :flutter_openssl_crypto:mergeDebugNativeLibs UP-TO-DATE
[        ] Caching disabled for task ':flutter_openssl_crypto:mergeDebugNativeLibs' because:
[        ]   Build cache is disabled
[        ]   Caching has been disabled for the task
[        ] Skipping task ':flutter_openssl_crypto:mergeDebugNativeLibs' as it is up-to-date.
[        ] Resolve mutations for :flutter_openssl_crypto:copyDebugJniLibsProjectOnly (Thread[#38149,Execution worker Thread 11,5,main]) started.
[        ] :flutter_openssl_crypto:copyDebugJniLibsProjectOnly (Thread[#38149,Execution worker Thread 11,5,main]) started.
[        ] > Task :flutter_openssl_crypto:copyDebugJniLibsProjectOnly UP-TO-DATE
[        ] Caching disabled for task ':flutter_openssl_crypto:copyDebugJniLibsProjectOnly' because:
[        ]   Build cache is disabled
[        ]   Caching has been disabled for the task
[        ] Skipping task ':flutter_openssl_crypto:copyDebugJniLibsProjectOnly' as it is up-to-date.
[        ] work action resolve jni (project :flutter_openssl_crypto) (Thread[#38149,Execution worker Thread 11,5,main]) started.
[        ] Resolve mutations for :integration_test:mergeDebugJniLibFolders (Thread[#38149,Execution worker Thread 11,5,main]) started.
[        ] :integration_test:mergeDebugJniLibFolders (Thread[#38149,Execution worker Thread 11,5,main]) started.
[        ] > Task :integration_test:mergeDebugJniLibFolders UP-TO-DATE
[        ] Caching disabled for task ':integration_test:mergeDebugJniLibFolders' because:
[        ]   Build cache is disabled
[        ]   Simple merging task
[        ] Skipping task ':integration_test:mergeDebugJniLibFolders' as it is up-to-date.
[        ] Resolve mutations for :integration_test:mergeDebugNativeLibs (Thread[#38149,Execution worker Thread 11,5,main]) started.
[        ] :integration_test:mergeDebugNativeLibs (Thread[#38149,Execution worker Thread 11,5,main]) started.
[        ] > Task :integration_test:mergeDebugNativeLibs NO-SOURCE
[        ] Skipping task ':integration_test:mergeDebugNativeLibs' as it has no source files and no previous output files.
[        ] Resolve mutations for :integration_test:copyDebugJniLibsProjectOnly (Thread[#38149,Execution worker Thread 11,5,main]) started.
[        ] :integration_test:copyDebugJniLibsProjectOnly (Thread[#38149,Execution worker Thread 11,5,main]) started.
[        ] > Task :integration_test:copyDebugJniLibsProjectOnly UP-TO-DATE
[        ] Caching disabled for task ':integration_test:copyDebugJniLibsProjectOnly' because:
[        ]   Build cache is disabled
[        ]   Caching has been disabled for the task
[        ] Skipping task ':integration_test:copyDebugJniLibsProjectOnly' as it is up-to-date.
[        ] work action resolve jni (project :integration_test) (Thread[#38149,Execution worker Thread 11,5,main]) started.
[        ] Resolve mutations for :path_provider_android:mergeDebugJniLibFolders (Thread[#38149,Execution worker Thread 11,5,main]) started.
[        ] :path_provider_android:mergeDebugJniLibFolders (Thread[#38149,Execution worker Thread 11,5,main]) started.
[        ] > Task :path_provider_android:mergeDebugJniLibFolders UP-TO-DATE
[        ] Caching disabled for task ':path_provider_android:mergeDebugJniLibFolders' because:
[        ]   Build cache is disabled
[        ]   Simple merging task
[        ] Skipping task ':path_provider_android:mergeDebugJniLibFolders' as it is up-to-date.
[        ] Resolve mutations for :path_provider_android:mergeDebugNativeLibs (Thread[#38149,Execution worker Thread 11,5,main]) started.
[        ] :path_provider_android:mergeDebugNativeLibs (Thread[#38149,Execution worker Thread 11,5,main]) started.
[        ] > Task :path_provider_android:mergeDebugNativeLibs NO-SOURCE
[        ] Skipping task ':path_provider_android:mergeDebugNativeLibs' as it has no source files and no previous output files.
[        ] Resolve mutations for :path_provider_android:copyDebugJniLibsProjectOnly (Thread[#38149,Execution worker Thread 11,5,main]) started.
[        ] :path_provider_android:copyDebugJniLibsProjectOnly (Thread[#38149,Execution worker Thread 11,5,main]) started.
[        ] > Task :path_provider_android:copyDebugJniLibsProjectOnly UP-TO-DATE
[        ] Caching disabled for task ':path_provider_android:copyDebugJniLibsProjectOnly' because:
[        ]   Build cache is disabled
[        ]   Caching has been disabled for the task
[        ] Skipping task ':path_provider_android:copyDebugJniLibsProjectOnly' as it is up-to-date.
[        ] work action resolve jni (project :path_provider_android) (Thread[#38149,Execution worker Thread 11,5,main]) started.
[        ] Resolve mutations for :quill_native_bridge_android:mergeDebugJniLibFolders (Thread[#38149,Execution worker Thread 11,5,main]) started.
[        ] :quill_native_bridge_android:mergeDebugJniLibFolders (Thread[#38149,Execution worker Thread 11,5,main]) started.
[        ] > Task :quill_native_bridge_android:mergeDebugJniLibFolders UP-TO-DATE
[        ] Caching disabled for task ':quill_native_bridge_android:mergeDebugJniLibFolders' because:
[        ]   Build cache is disabled
[        ]   Simple merging task
[        ] Skipping task ':quill_native_bridge_android:mergeDebugJniLibFolders' as it is up-to-date.
[        ] Resolve mutations for :quill_native_bridge_android:mergeDebugNativeLibs (Thread[#38149,Execution worker Thread 11,5,main]) started.
[        ] :quill_native_bridge_android:mergeDebugNativeLibs (Thread[#38149,Execution worker Thread 11,5,main]) started.
[        ] > Task :quill_native_bridge_android:mergeDebugNativeLibs NO-SOURCE
[        ] Skipping task ':quill_native_bridge_android:mergeDebugNativeLibs' as it has no source files and no previous output files.
[        ] Resolve mutations for :quill_native_bridge_android:copyDebugJniLibsProjectOnly (Thread[#38149,Execution worker Thread 11,5,main]) started.
[        ] :quill_native_bridge_android:copyDebugJniLibsProjectOnly (Thread[#38149,Execution worker Thread 11,5,main]) started.
[        ] > Task :quill_native_bridge_android:copyDebugJniLibsProjectOnly UP-TO-DATE
[        ] Caching disabled for task ':quill_native_bridge_android:copyDebugJniLibsProjectOnly' because:
[        ]   Build cache is disabled
[        ]   Caching has been disabled for the task
[        ] Skipping task ':quill_native_bridge_android:copyDebugJniLibsProjectOnly' as it is up-to-date.
[        ] work action resolve jni (project :quill_native_bridge_android) (Thread[#38149,Execution worker Thread 11,5,main]) started.
[        ] Resolve mutations for :shared_preferences_android:mergeDebugJniLibFolders (Thread[#38149,Execution worker Thread 11,5,main]) started.
[        ] :shared_preferences_android:mergeDebugJniLibFolders (Thread[#38149,Execution worker Thread 11,5,main]) started.
[        ] > Task :shared_preferences_android:mergeDebugJniLibFolders UP-TO-DATE
[        ] Caching disabled for task ':shared_preferences_android:mergeDebugJniLibFolders' because:
[        ]   Build cache is disabled
[        ]   Simple merging task
[        ] Skipping task ':shared_preferences_android:mergeDebugJniLibFolders' as it is up-to-date.
[        ] Resolve mutations for :shared_preferences_android:mergeDebugNativeLibs (Thread[#38149,Execution worker Thread 11,5,main]) started.
[        ] :shared_preferences_android:mergeDebugNativeLibs (Thread[#38149,Execution worker Thread 11,5,main]) started.
[        ] > Task :shared_preferences_android:mergeDebugNativeLibs NO-SOURCE
[        ] Skipping task ':shared_preferences_android:mergeDebugNativeLibs' as it has no source files and no previous output files.
[        ] Resolve mutations for :shared_preferences_android:copyDebugJniLibsProjectOnly (Thread[#38149,Execution worker Thread 11,5,main]) started.
[        ] :shared_preferences_android:copyDebugJniLibsProjectOnly (Thread[#38149,Execution worker Thread 11,5,main]) started.
[        ] > Task :shared_preferences_android:copyDebugJniLibsProjectOnly UP-TO-DATE
[        ] Caching disabled for task ':shared_preferences_android:copyDebugJniLibsProjectOnly' because:
[        ]   Build cache is disabled
[        ]   Caching has been disabled for the task
[        ] Skipping task ':shared_preferences_android:copyDebugJniLibsProjectOnly' as it is up-to-date.
[        ] work action resolve jni (project :shared_preferences_android) (Thread[#38149,Execution worker Thread 11,5,main]) started.
[        ] Resolve mutations for :sqflite_android:mergeDebugJniLibFolders (Thread[#38149,Execution worker Thread 11,5,main]) started.
[        ] :sqflite_android:mergeDebugJniLibFolders (Thread[#38149,Execution worker Thread 11,5,main]) started.
[        ] > Task :sqflite_android:mergeDebugJniLibFolders UP-TO-DATE
[        ] Caching disabled for task ':sqflite_android:mergeDebugJniLibFolders' because:
[        ]   Build cache is disabled
[        ]   Simple merging task
[        ] Skipping task ':sqflite_android:mergeDebugJniLibFolders' as it is up-to-date.
[        ] Resolve mutations for :sqflite_android:mergeDebugNativeLibs (Thread[#38149,Execution worker Thread 11,5,main]) started.
[        ] :sqflite_android:mergeDebugNativeLibs (Thread[#38149,Execution worker Thread 11,5,main]) started.
[        ] > Task :sqflite_android:mergeDebugNativeLibs NO-SOURCE
[        ] Skipping task ':sqflite_android:mergeDebugNativeLibs' as it has no source files and no previous output files.
[        ] Resolve mutations for :sqflite_android:copyDebugJniLibsProjectOnly (Thread[#38149,Execution worker Thread 11,5,main]) started.
[        ] :sqflite_android:copyDebugJniLibsProjectOnly (Thread[#38149,Execution worker Thread 11,5,main]) started.
[        ] > Task :sqflite_android:copyDebugJniLibsProjectOnly UP-TO-DATE
[        ] Caching disabled for task ':sqflite_android:copyDebugJniLibsProjectOnly' because:
[        ]   Build cache is disabled
[        ]   Caching has been disabled for the task
[        ] Skipping task ':sqflite_android:copyDebugJniLibsProjectOnly' as it is up-to-date.
[        ] work action resolve jni (project :sqflite_android) (Thread[#38149,Execution worker Thread 11,5,main]) started.
[        ] Resolve mutations for :url_launcher_android:mergeDebugJniLibFolders (Thread[#38149,Execution worker Thread 11,5,main]) started.
[        ] :url_launcher_android:mergeDebugJniLibFolders (Thread[#38149,Execution worker Thread 11,5,main]) started.
[        ] > Task :url_launcher_android:mergeDebugJniLibFolders UP-TO-DATE
[        ] Caching disabled for task ':url_launcher_android:mergeDebugJniLibFolders' because:
[        ]   Build cache is disabled
[        ]   Simple merging task
[        ] Skipping task ':url_launcher_android:mergeDebugJniLibFolders' as it is up-to-date.
[        ] Resolve mutations for :url_launcher_android:mergeDebugNativeLibs (Thread[#38149,Execution worker Thread 11,5,main]) started.
[        ] :url_launcher_android:mergeDebugNativeLibs (Thread[#38149,Execution worker Thread 11,5,main]) started.
[        ] > Task :url_launcher_android:mergeDebugNativeLibs NO-SOURCE
[        ] Skipping task ':url_launcher_android:mergeDebugNativeLibs' as it has no source files and no previous output files.
[        ] Resolve mutations for :url_launcher_android:copyDebugJniLibsProjectOnly (Thread[#38149,Execution worker Thread 11,5,main]) started.
[        ] :url_launcher_android:copyDebugJniLibsProjectOnly (Thread[#38149,Execution worker Thread 11,5,main]) started.
[        ] > Task :url_launcher_android:copyDebugJniLibsProjectOnly UP-TO-DATE
[        ] Caching disabled for task ':url_launcher_android:copyDebugJniLibsProjectOnly' because:
[        ]   Build cache is disabled
[        ]   Caching has been disabled for the task
[        ] Skipping task ':url_launcher_android:copyDebugJniLibsProjectOnly' as it is up-to-date.
[        ] work action resolve jni (project :url_launcher_android) (Thread[#38149,Execution worker Thread 11,5,main]) started.
[        ] Resolve mutations for :video_player_android:mergeDebugJniLibFolders (Thread[#38149,Execution worker Thread 11,5,main]) started.
[        ] :video_player_android:mergeDebugJniLibFolders (Thread[#38149,Execution worker Thread 11,5,main]) started.
[        ] > Task :video_player_android:mergeDebugJniLibFolders UP-TO-DATE
[        ] Caching disabled for task ':video_player_android:mergeDebugJniLibFolders' because:
[        ]   Build cache is disabled
[        ]   Simple merging task
[        ] Skipping task ':video_player_android:mergeDebugJniLibFolders' as it is up-to-date.
[        ] Resolve mutations for :video_player_android:mergeDebugNativeLibs (Thread[#38149,Execution worker Thread 11,5,main]) started.
[        ] :video_player_android:mergeDebugNativeLibs (Thread[#38149,Execution worker Thread 11,5,main]) started.
[        ] > Task :video_player_android:mergeDebugNativeLibs NO-SOURCE
[        ] Skipping task ':video_player_android:mergeDebugNativeLibs' as it has no source files and no previous output files.
[        ] Resolve mutations for :video_player_android:copyDebugJniLibsProjectOnly (Thread[#38149,Execution worker Thread 11,5,main]) started.
[        ] :video_player_android:copyDebugJniLibsProjectOnly (Thread[#38149,Execution worker Thread 11,5,main]) started.
[        ] > Task :video_player_android:copyDebugJniLibsProjectOnly UP-TO-DATE
[        ] Caching disabled for task ':video_player_android:copyDebugJniLibsProjectOnly' because:
[        ]   Build cache is disabled
[        ]   Caching has been disabled for the task
[        ] Skipping task ':video_player_android:copyDebugJniLibsProjectOnly' as it is up-to-date.
[        ] work action resolve jni (project :video_player_android) (Thread[#38149,Execution worker Thread 11,5,main]) started.
[        ] Resolve mutations for :app:mergeDebugNativeLibs (Thread[#38149,Execution worker Thread 11,5,main]) started.
[        ] :app:mergeDebugNativeLibs (Thread[#38149,Execution worker Thread 11,5,main]) started.
[        ] > Task :app:mergeDebugNativeLibs UP-TO-DATE
[        ] Caching disabled for task ':app:mergeDebugNativeLibs' because:
[        ]   Build cache is disabled
[        ]   Caching has been disabled for the task
[        ] Skipping task ':app:mergeDebugNativeLibs' as it is up-to-date.
[        ] Resolve mutations for :app:stripDebugDebugSymbols (Thread[#38149,Execution worker Thread 11,5,main]) started.
[        ] :app:stripDebugDebugSymbols (Thread[#38149,Execution worker Thread 11,5,main]) started.
[        ] > Task :app:stripDebugDebugSymbols UP-TO-DATE
[        ] Caching disabled for task ':app:stripDebugDebugSymbols' because:
[        ]   Build cache is disabled
[        ]   Caching has been disabled for the task
[        ] Skipping task ':app:stripDebugDebugSymbols' as it is up-to-date.
[        ] Resolve mutations for :app:validateSigningDebug (Thread[#38149,Execution worker Thread 11,5,main]) started.
[        ] :app:validateSigningDebug (Thread[#38149,Execution worker Thread 11,5,main]) started.
[        ] > Task :app:validateSigningDebug UP-TO-DATE
[        ] Caching disabled for task ':app:validateSigningDebug' because:
[        ]   Build cache is disabled
[        ]   Caching has been disabled for the task
[        ] Skipping task ':app:validateSigningDebug' as it is up-to-date.
[        ] Resolve mutations for :app:writeDebugAppMetadata (Thread[#38149,Execution worker Thread 11,5,main]) started.
[        ] :app:writeDebugAppMetadata (Thread[#38149,Execution worker Thread 11,5,main]) started.
[        ] > Task :app:writeDebugAppMetadata UP-TO-DATE
[        ] Caching disabled for task ':app:writeDebugAppMetadata' because:
[        ]   Build cache is disabled
[        ]   Caching has been disabled for the task
[        ] Skipping task ':app:writeDebugAppMetadata' as it is up-to-date.
[        ] Resolve mutations for :app:writeDebugSigningConfigVersions (Thread[#38149,Execution worker Thread 11,5,main]) started.
[        ] :app:writeDebugSigningConfigVersions (Thread[#38149,Execution worker Thread 11,5,main]) started.
[        ] > Task :app:writeDebugSigningConfigVersions UP-TO-DATE
[        ] Caching disabled for task ':app:writeDebugSigningConfigVersions' because:
[        ]   Build cache is disabled
[        ]   Caching has been disabled for the task
[        ] Skipping task ':app:writeDebugSigningConfigVersions' as it is up-to-date.
[        ] Resolve mutations for :connectivity_plus:stripDebugDebugSymbols (Thread[#38149,Execution worker Thread 11,5,main]) started.
[        ] :connectivity_plus:stripDebugDebugSymbols (Thread[#38149,Execution worker Thread 11,5,main]) started.
[        ] > Task :connectivity_plus:stripDebugDebugSymbols NO-SOURCE
[        ] Skipping task ':connectivity_plus:stripDebugDebugSymbols' as it has no source files and no previous output files.
[        ] Resolve mutations for :connectivity_plus:copyDebugJniLibsProjectAndLocalJars (Thread[#38149,Execution worker Thread 11,5,main]) started.
[        ] :connectivity_plus:copyDebugJniLibsProjectAndLocalJars (Thread[#38149,Execution worker Thread 11,5,main]) started.
[        ] > Task :connectivity_plus:copyDebugJniLibsProjectAndLocalJars UP-TO-DATE
[        ] Caching disabled for task ':connectivity_plus:copyDebugJniLibsProjectAndLocalJars' because:
[        ]   Build cache is disabled
[        ]   Caching has been disabled for the task
[        ] Skipping task ':connectivity_plus:copyDebugJniLibsProjectAndLocalJars' as it is up-to-date.
[        ] Resolve mutations for :connectivity_plus:extractDebugAnnotations (Thread[#38149,Execution worker Thread 11,5,main]) started.
[        ] :connectivity_plus:extractDebugAnnotations (Thread[#38149,Execution worker Thread 11,5,main]) started.
[        ] > Task :connectivity_plus:extractDebugAnnotations UP-TO-DATE
[        ] Caching disabled for task ':connectivity_plus:extractDebugAnnotations' because:
[        ]   Build cache is disabled
[        ] Skipping task ':connectivity_plus:extractDebugAnnotations' as it is up-to-date.
[        ] Resolve mutations for :connectivity_plus:extractDeepLinksForAarDebug (Thread[#38149,Execution worker Thread 11,5,main]) started.
[        ] :connectivity_plus:extractDeepLinksForAarDebug (Thread[#38149,Execution worker Thread 11,5,main]) started.
[        ] > Task :connectivity_plus:extractDeepLinksForAarDebug UP-TO-DATE
[        ] Caching disabled for task ':connectivity_plus:extractDeepLinksForAarDebug' because:
[        ]   Build cache is disabled
[        ] Skipping task ':connectivity_plus:extractDeepLinksForAarDebug' as it is up-to-date.
[        ] Resolve mutations for :connectivity_plus:mergeDebugGeneratedProguardFiles (Thread[#38149,Execution worker Thread 11,5,main]) started.
[        ] :connectivity_plus:mergeDebugGeneratedProguardFiles (Thread[#38149,Execution worker Thread 11,5,main]) started.
[        ] > Task :connectivity_plus:mergeDebugGeneratedProguardFiles UP-TO-DATE
[        ] Caching disabled for task ':connectivity_plus:mergeDebugGeneratedProguardFiles' because:
[        ]   Build cache is disabled
[        ]   Simple merging task
[        ] Skipping task ':connectivity_plus:mergeDebugGeneratedProguardFiles' as it is up-to-date.
[        ] Resolve mutations for :connectivity_plus:mergeDebugConsumerProguardFiles (Thread[#38149,Execution worker Thread 11,5,main]) started.
[        ] :connectivity_plus:mergeDebugConsumerProguardFiles (Thread[#38149,Execution worker Thread 11,5,main]) started.
[        ] > Task :connectivity_plus:mergeDebugConsumerProguardFiles UP-TO-DATE
[        ] Caching disabled for task ':connectivity_plus:mergeDebugConsumerProguardFiles' because:
[        ]   Build cache is disabled
[        ]   Simple merging task
[        ] Skipping task ':connectivity_plus:mergeDebugConsumerProguardFiles' as it is up-to-date.
[        ] Resolve mutations for :connectivity_plus:prepareDebugArtProfile (Thread[#38149,Execution worker Thread 11,5,main]) started.
[        ] :connectivity_plus:prepareDebugArtProfile (Thread[#38149,Execution worker Thread 11,5,main]) started.
[        ] > Task :connectivity_plus:prepareDebugArtProfile UP-TO-DATE
[        ] Caching disabled for task ':connectivity_plus:prepareDebugArtProfile' because:
[        ]   Build cache is disabled
[        ]   Caching has been disabled for the task
[        ] Skipping task ':connectivity_plus:prepareDebugArtProfile' as it is up-to-date.
[        ] Resolve mutations for :connectivity_plus:prepareLintJarForPublish (Thread[#38149,Execution worker Thread 11,5,main]) started.
[        ] :connectivity_plus:prepareLintJarForPublish (Thread[#38149,Execution worker Thread 11,5,main]) started.
[        ] > Task :connectivity_plus:prepareLintJarForPublish UP-TO-DATE
[        ] Caching disabled for task ':connectivity_plus:prepareLintJarForPublish' because:
[        ]   Build cache is disabled
[        ]   Caching has been disabled for the task
[        ] Skipping task ':connectivity_plus:prepareLintJarForPublish' as it is up-to-date.
[        ] Resolve mutations for :connectivity_plus:mergeDebugJavaResource (Thread[#38149,Execution worker Thread 11,5,main]) started.
[        ] :connectivity_plus:mergeDebugJavaResource (Thread[#38149,Execution worker Thread 11,5,main]) started.
[        ] > Task :connectivity_plus:mergeDebugJavaResource UP-TO-DATE
[        ] Caching disabled for task ':connectivity_plus:mergeDebugJavaResource' because:
[        ]   Build cache is disabled
[        ]   Caching has been disabled for the task
[        ] Skipping task ':connectivity_plus:mergeDebugJavaResource' as it is up-to-date.
[        ] Resolve mutations for :connectivity_plus:syncDebugLibJars (Thread[#38149,Execution worker Thread 11,5,main]) started.
[        ] :connectivity_plus:syncDebugLibJars (Thread[#38149,Execution worker Thread 11,5,main]) started.
[        ] > Task :connectivity_plus:syncDebugLibJars UP-TO-DATE
[        ] Caching disabled for task ':connectivity_plus:syncDebugLibJars' because:
[        ]   Build cache is disabled
[        ] Skipping task ':connectivity_plus:syncDebugLibJars' as it is up-to-date.
[        ] Resolve mutations for :connectivity_plus:bundleDebugAar (Thread[#38149,Execution worker Thread 11,5,main]) started.
[        ] :connectivity_plus:bundleDebugAar (Thread[#38149,Execution worker Thread 11,5,main]) started.
[        ] > Task :connectivity_plus:bundleDebugAar UP-TO-DATE
[        ] Caching disabled for task ':connectivity_plus:bundleDebugAar' because:
[        ]   Build cache is disabled
[        ]   Caching has been disabled for the task
[        ] Skipping task ':connectivity_plus:bundleDebugAar' as it is up-to-date.
[        ] Resolve mutations for :connectivity_plus:assembleDebug (Thread[#38149,Execution worker Thread 11,5,main]) started.
[        ] :connectivity_plus:assembleDebug (Thread[#38149,Execution worker Thread 11,5,main]) started.
[        ] > Task :connectivity_plus:assembleDebug UP-TO-DATE
[        ] Skipping task ':connectivity_plus:assembleDebug' as it has no actions.
[        ] Resolve mutations for :emoji_picker_flutter:stripDebugDebugSymbols (Thread[#38149,Execution worker Thread 11,5,main]) started.
[        ] :emoji_picker_flutter:stripDebugDebugSymbols (Thread[#38149,Execution worker Thread 11,5,main]) started.
[        ] > Task :emoji_picker_flutter:stripDebugDebugSymbols NO-SOURCE
[        ] Skipping task ':emoji_picker_flutter:stripDebugDebugSymbols' as it has no source files and no previous output files.
[        ] Resolve mutations for :emoji_picker_flutter:copyDebugJniLibsProjectAndLocalJars (Thread[#38149,Execution worker Thread 11,5,main]) started.
[        ] :emoji_picker_flutter:copyDebugJniLibsProjectAndLocalJars (Thread[#38149,Execution worker Thread 11,5,main]) started.
[        ] > Task :emoji_picker_flutter:copyDebugJniLibsProjectAndLocalJars UP-TO-DATE
[        ] Caching disabled for task ':emoji_picker_flutter:copyDebugJniLibsProjectAndLocalJars' because:
[        ]   Build cache is disabled
[        ]   Caching has been disabled for the task
[        ] Skipping task ':emoji_picker_flutter:copyDebugJniLibsProjectAndLocalJars' as it is up-to-date.
[        ] Resolve mutations for :emoji_picker_flutter:extractDebugAnnotations (Thread[#38149,Execution worker Thread 11,5,main]) started.
[        ] :emoji_picker_flutter:extractDebugAnnotations (Thread[#38149,Execution worker Thread 11,5,main]) started.
[        ] > Task :emoji_picker_flutter:extractDebugAnnotations UP-TO-DATE
[        ] Caching disabled for task ':emoji_picker_flutter:extractDebugAnnotations' because:
[        ]   Build cache is disabled
[        ] Skipping task ':emoji_picker_flutter:extractDebugAnnotations' as it is up-to-date.
[        ] Resolve mutations for :emoji_picker_flutter:extractDeepLinksForAarDebug (Thread[#38149,Execution worker Thread 11,5,main]) started.
[        ] :emoji_picker_flutter:extractDeepLinksForAarDebug (Thread[#38149,Execution worker Thread 11,5,main]) started.
[        ] > Task :emoji_picker_flutter:extractDeepLinksForAarDebug UP-TO-DATE
[        ] Caching disabled for task ':emoji_picker_flutter:extractDeepLinksForAarDebug' because:
[        ]   Build cache is disabled
[        ] Skipping task ':emoji_picker_flutter:extractDeepLinksForAarDebug' as it is up-to-date.
[        ] Resolve mutations for :emoji_picker_flutter:mergeDebugGeneratedProguardFiles (Thread[#38149,Execution worker Thread 11,5,main]) started.
[        ] :emoji_picker_flutter:mergeDebugGeneratedProguardFiles (Thread[#38149,Execution worker Thread 11,5,main]) started.
[        ] > Task :emoji_picker_flutter:mergeDebugGeneratedProguardFiles UP-TO-DATE
[        ] Caching disabled for task ':emoji_picker_flutter:mergeDebugGeneratedProguardFiles' because:
[        ]   Build cache is disabled
[        ]   Simple merging task
[        ] Skipping task ':emoji_picker_flutter:mergeDebugGeneratedProguardFiles' as it is up-to-date.
[        ] Resolve mutations for :emoji_picker_flutter:mergeDebugConsumerProguardFiles (Thread[#38149,Execution worker Thread 11,5,main]) started.
[        ] :emoji_picker_flutter:mergeDebugConsumerProguardFiles (Thread[#38149,Execution worker Thread 11,5,main]) started.
[        ] > Task :emoji_picker_flutter:mergeDebugConsumerProguardFiles UP-TO-DATE
[        ] Caching disabled for task ':emoji_picker_flutter:mergeDebugConsumerProguardFiles' because:
[        ]   Build cache is disabled
[        ]   Simple merging task
[        ] Skipping task ':emoji_picker_flutter:mergeDebugConsumerProguardFiles' as it is up-to-date.
[        ] Resolve mutations for :emoji_picker_flutter:prepareDebugArtProfile (Thread[#38149,Execution worker Thread 11,5,main]) started.
[        ] :emoji_picker_flutter:prepareDebugArtProfile (Thread[#38149,Execution worker Thread 11,5,main]) started.
[        ] > Task :emoji_picker_flutter:prepareDebugArtProfile UP-TO-DATE
[        ] Caching disabled for task ':emoji_picker_flutter:prepareDebugArtProfile' because:
[        ]   Build cache is disabled
[        ]   Caching has been disabled for the task
[        ] Skipping task ':emoji_picker_flutter:prepareDebugArtProfile' as it is up-to-date.
[        ] Resolve mutations for :emoji_picker_flutter:prepareLintJarForPublish (Thread[#38149,Execution worker Thread 11,5,main]) started.
[        ] :emoji_picker_flutter:prepareLintJarForPublish (Thread[#38149,Execution worker Thread 11,5,main]) started.
[        ] > Task :emoji_picker_flutter:prepareLintJarForPublish UP-TO-DATE
[        ] Caching disabled for task ':emoji_picker_flutter:prepareLintJarForPublish' because:
[        ]   Build cache is disabled
[        ]   Caching has been disabled for the task
[        ] Skipping task ':emoji_picker_flutter:prepareLintJarForPublish' as it is up-to-date.
[        ] Resolve mutations for :emoji_picker_flutter:mergeDebugJavaResource (Thread[#38149,Execution worker Thread 11,5,main]) started.
[        ] :emoji_picker_flutter:mergeDebugJavaResource (Thread[#38149,Execution worker Thread 11,5,main]) started.
[        ] > Task :emoji_picker_flutter:mergeDebugJavaResource UP-TO-DATE
[        ] Caching disabled for task ':emoji_picker_flutter:mergeDebugJavaResource' because:
[        ]   Build cache is disabled
[        ]   Caching has been disabled for the task
[        ] Skipping task ':emoji_picker_flutter:mergeDebugJavaResource' as it is up-to-date.
[        ] Resolve mutations for :emoji_picker_flutter:syncDebugLibJars (Thread[#38149,Execution worker Thread 11,5,main]) started.
[        ] :emoji_picker_flutter:syncDebugLibJars (Thread[#38149,Execution worker Thread 11,5,main]) started.
[        ] > Task :emoji_picker_flutter:syncDebugLibJars UP-TO-DATE
[        ] Caching disabled for task ':emoji_picker_flutter:syncDebugLibJars' because:
[        ]   Build cache is disabled
[        ] Skipping task ':emoji_picker_flutter:syncDebugLibJars' as it is up-to-date.
[        ] Resolve mutations for :emoji_picker_flutter:bundleDebugAar (Thread[#38149,Execution worker Thread 11,5,main]) started.
[        ] :emoji_picker_flutter:bundleDebugAar (Thread[#38149,Execution worker Thread 11,5,main]) started.
[        ] > Task :emoji_picker_flutter:bundleDebugAar UP-TO-DATE
[        ] Caching disabled for task ':emoji_picker_flutter:bundleDebugAar' because:
[        ]   Build cache is disabled
[        ]   Caching has been disabled for the task
[        ] Skipping task ':emoji_picker_flutter:bundleDebugAar' as it is up-to-date.
[        ] Resolve mutations for :emoji_picker_flutter:assembleDebug (Thread[#38149,Execution worker Thread 11,5,main]) started.
[        ] :emoji_picker_flutter:assembleDebug (Thread[#38149,Execution worker Thread 11,5,main]) started.
[        ] > Task :emoji_picker_flutter:assembleDebug UP-TO-DATE
[        ] Skipping task ':emoji_picker_flutter:assembleDebug' as it has no actions.
[        ] Resolve mutations for :file_selector_android:stripDebugDebugSymbols (Thread[#38149,Execution worker Thread 11,5,main]) started.
[        ] :file_selector_android:stripDebugDebugSymbols (Thread[#38149,Execution worker Thread 11,5,main]) started.
[        ] > Task :file_selector_android:stripDebugDebugSymbols NO-SOURCE
[        ] Skipping task ':file_selector_android:stripDebugDebugSymbols' as it has no source files and no previous output files.
[        ] Resolve mutations for :file_selector_android:copyDebugJniLibsProjectAndLocalJars (Thread[#38149,Execution worker Thread 11,5,main]) started.
[        ] :file_selector_android:copyDebugJniLibsProjectAndLocalJars (Thread[#38149,Execution worker Thread 11,5,main]) started.
[        ] > Task :file_selector_android:copyDebugJniLibsProjectAndLocalJars UP-TO-DATE
[        ] Caching disabled for task ':file_selector_android:copyDebugJniLibsProjectAndLocalJars' because:
[        ]   Build cache is disabled
[        ]   Caching has been disabled for the task
[        ] Skipping task ':file_selector_android:copyDebugJniLibsProjectAndLocalJars' as it is up-to-date.
[        ] Resolve mutations for :file_selector_android:extractDebugAnnotations (Thread[#38149,Execution worker Thread 11,5,main]) started.
[        ] :file_selector_android:extractDebugAnnotations (Thread[#38149,Execution worker Thread 11,5,main]) started.
[        ] > Task :file_selector_android:extractDebugAnnotations UP-TO-DATE
[        ] Caching disabled for task ':file_selector_android:extractDebugAnnotations' because:
[        ]   Build cache is disabled
[        ] Skipping task ':file_selector_android:extractDebugAnnotations' as it is up-to-date.
[        ] Resolve mutations for :file_selector_android:extractDeepLinksForAarDebug (Thread[#38149,Execution worker Thread 11,5,main]) started.
[        ] :file_selector_android:extractDeepLinksForAarDebug (Thread[#38149,Execution worker Thread 11,5,main]) started.
[        ] > Task :file_selector_android:extractDeepLinksForAarDebug UP-TO-DATE
[        ] Caching disabled for task ':file_selector_android:extractDeepLinksForAarDebug' because:
[        ]   Build cache is disabled
[        ] Skipping task ':file_selector_android:extractDeepLinksForAarDebug' as it is up-to-date.
[        ] Resolve mutations for :file_selector_android:mergeDebugGeneratedProguardFiles (Thread[#38149,Execution worker Thread 11,5,main]) started.
[        ] :file_selector_android:mergeDebugGeneratedProguardFiles (Thread[#38149,Execution worker Thread 11,5,main]) started.
[        ] > Task :file_selector_android:mergeDebugGeneratedProguardFiles UP-TO-DATE
[        ] Caching disabled for task ':file_selector_android:mergeDebugGeneratedProguardFiles' because:
[        ]   Build cache is disabled
[        ]   Simple merging task
[        ] Skipping task ':file_selector_android:mergeDebugGeneratedProguardFiles' as it is up-to-date.
[        ] Resolve mutations for :file_selector_android:mergeDebugConsumerProguardFiles (Thread[#38149,Execution worker Thread 11,5,main]) started.
[        ] :file_selector_android:mergeDebugConsumerProguardFiles (Thread[#38149,Execution worker Thread 11,5,main]) started.
[        ] > Task :file_selector_android:mergeDebugConsumerProguardFiles UP-TO-DATE
[        ] Caching disabled for task ':file_selector_android:mergeDebugConsumerProguardFiles' because:
[        ]   Build cache is disabled
[        ]   Simple merging task
[        ] Skipping task ':file_selector_android:mergeDebugConsumerProguardFiles' as it is up-to-date.
[        ] Resolve mutations for :file_selector_android:prepareDebugArtProfile (Thread[#38149,Execution worker Thread 11,5,main]) started.
[        ] :file_selector_android:prepareDebugArtProfile (Thread[#38149,Execution worker Thread 11,5,main]) started.
[        ] > Task :file_selector_android:prepareDebugArtProfile UP-TO-DATE
[        ] Caching disabled for task ':file_selector_android:prepareDebugArtProfile' because:
[        ]   Build cache is disabled
[        ]   Caching has been disabled for the task
[        ] Skipping task ':file_selector_android:prepareDebugArtProfile' as it is up-to-date.
[        ] Resolve mutations for :file_selector_android:prepareLintJarForPublish (Thread[#38149,Execution worker Thread 11,5,main]) started.
[        ] :file_selector_android:prepareLintJarForPublish (Thread[#38149,Execution worker Thread 11,5,main]) started.
[        ] > Task :file_selector_android:prepareLintJarForPublish UP-TO-DATE
[        ] Caching disabled for task ':file_selector_android:prepareLintJarForPublish' because:
[        ]   Build cache is disabled
[        ]   Caching has been disabled for the task
[        ] Skipping task ':file_selector_android:prepareLintJarForPublish' as it is up-to-date.
[        ] Resolve mutations for :file_selector_android:mergeDebugJavaResource (Thread[#38149,Execution worker Thread 11,5,main]) started.
[        ] :file_selector_android:mergeDebugJavaResource (Thread[#38149,Execution worker Thread 11,5,main]) started.
[        ] > Task :file_selector_android:mergeDebugJavaResource UP-TO-DATE
[        ] Caching disabled for task ':file_selector_android:mergeDebugJavaResource' because:
[        ]   Build cache is disabled
[        ]   Caching has been disabled for the task
[        ] Skipping task ':file_selector_android:mergeDebugJavaResource' as it is up-to-date.
[        ] Resolve mutations for :file_selector_android:syncDebugLibJars (Thread[#38149,Execution worker Thread 11,5,main]) started.
[        ] :file_selector_android:syncDebugLibJars (Thread[#38149,Execution worker Thread 11,5,main]) started.
[        ] > Task :file_selector_android:syncDebugLibJars UP-TO-DATE
[        ] Caching disabled for task ':file_selector_android:syncDebugLibJars' because:
[        ]   Build cache is disabled
[        ] Skipping task ':file_selector_android:syncDebugLibJars' as it is up-to-date.
[        ] Resolve mutations for :file_selector_android:bundleDebugAar (Thread[#38149,Execution worker Thread 11,5,main]) started.
[        ] :file_selector_android:bundleDebugAar (Thread[#38149,Execution worker Thread 11,5,main]) started.
[        ] > Task :file_selector_android:bundleDebugAar UP-TO-DATE
[        ] Caching disabled for task ':file_selector_android:bundleDebugAar' because:
[        ]   Build cache is disabled
[        ]   Caching has been disabled for the task
[        ] Skipping task ':file_selector_android:bundleDebugAar' as it is up-to-date.
[        ] Resolve mutations for :file_selector_android:assembleDebug (Thread[#38149,Execution worker Thread 11,5,main]) started.
[        ] :file_selector_android:assembleDebug (Thread[#38149,Execution worker Thread 11,5,main]) started.
[        ] > Task :file_selector_android:assembleDebug UP-TO-DATE
[        ] Skipping task ':file_selector_android:assembleDebug' as it has no actions.
[        ] Resolve mutations for :flutter_keyboard_visibility_temp_fork:stripDebugDebugSymbols (Thread[#38149,Execution worker Thread 11,5,main]) started.
[        ] :flutter_keyboard_visibility_temp_fork:stripDebugDebugSymbols (Thread[#38149,Execution worker Thread 11,5,main]) started.
[        ] > Task :flutter_keyboard_visibility_temp_fork:stripDebugDebugSymbols NO-SOURCE
[        ] Skipping task ':flutter_keyboard_visibility_temp_fork:stripDebugDebugSymbols' as it has no source files and no previous output files.
[        ] Resolve mutations for :flutter_keyboard_visibility_temp_fork:copyDebugJniLibsProjectAndLocalJars (Thread[#38149,Execution worker Thread 11,5,main]) started.
[        ] :flutter_keyboard_visibility_temp_fork:copyDebugJniLibsProjectAndLocalJars (Thread[#38149,Execution worker Thread 11,5,main]) started.
[        ] > Task :flutter_keyboard_visibility_temp_fork:copyDebugJniLibsProjectAndLocalJars UP-TO-DATE
[        ] Caching disabled for task ':flutter_keyboard_visibility_temp_fork:copyDebugJniLibsProjectAndLocalJars' because:
[        ]   Build cache is disabled
[        ]   Caching has been disabled for the task
[        ] Skipping task ':flutter_keyboard_visibility_temp_fork:copyDebugJniLibsProjectAndLocalJars' as it is up-to-date.
[        ] Resolve mutations for :flutter_keyboard_visibility_temp_fork:extractDebugAnnotations (Thread[#38149,Execution worker Thread 11,5,main]) started.
[        ] :flutter_keyboard_visibility_temp_fork:extractDebugAnnotations (Thread[#38149,Execution worker Thread 11,5,main]) started.
[        ] > Task :flutter_keyboard_visibility_temp_fork:extractDebugAnnotations UP-TO-DATE
[        ] Caching disabled for task ':flutter_keyboard_visibility_temp_fork:extractDebugAnnotations' because:
[        ]   Build cache is disabled
[        ] Skipping task ':flutter_keyboard_visibility_temp_fork:extractDebugAnnotations' as it is up-to-date.
[        ] Resolve mutations for :flutter_keyboard_visibility_temp_fork:extractDeepLinksForAarDebug (Thread[#38149,Execution worker Thread 11,5,main]) started.
[        ] :flutter_keyboard_visibility_temp_fork:extractDeepLinksForAarDebug (Thread[#38149,Execution worker Thread 11,5,main]) started.
[        ] > Task :flutter_keyboard_visibility_temp_fork:extractDeepLinksForAarDebug UP-TO-DATE
[        ] Caching disabled for task ':flutter_keyboard_visibility_temp_fork:extractDeepLinksForAarDebug' because:
[        ]   Build cache is disabled
[        ] Skipping task ':flutter_keyboard_visibility_temp_fork:extractDeepLinksForAarDebug' as it is up-to-date.
[        ] Resolve mutations for :flutter_keyboard_visibility_temp_fork:mergeDebugGeneratedProguardFiles (Thread[#38149,Execution worker Thread 11,5,main]) started.
[        ] :flutter_keyboard_visibility_temp_fork:mergeDebugGeneratedProguardFiles (Thread[#38149,Execution worker Thread 11,5,main]) started.
[        ] > Task :flutter_keyboard_visibility_temp_fork:mergeDebugGeneratedProguardFiles UP-TO-DATE
[        ] Caching disabled for task ':flutter_keyboard_visibility_temp_fork:mergeDebugGeneratedProguardFiles' because:
[        ]   Build cache is disabled
[        ]   Simple merging task
[        ] Skipping task ':flutter_keyboard_visibility_temp_fork:mergeDebugGeneratedProguardFiles' as it is up-to-date.
[        ] Resolve mutations for :flutter_keyboard_visibility_temp_fork:mergeDebugConsumerProguardFiles (Thread[#38149,Execution worker Thread 11,5,main]) started.
[        ] :flutter_keyboard_visibility_temp_fork:mergeDebugConsumerProguardFiles (Thread[#38149,Execution worker Thread 11,5,main]) started.
[        ] > Task :flutter_keyboard_visibility_temp_fork:mergeDebugConsumerProguardFiles UP-TO-DATE
[        ] Caching disabled for task ':flutter_keyboard_visibility_temp_fork:mergeDebugConsumerProguardFiles' because:
[        ]   Build cache is disabled
[        ]   Simple merging task
[        ] Skipping task ':flutter_keyboard_visibility_temp_fork:mergeDebugConsumerProguardFiles' as it is up-to-date.
[        ] Resolve mutations for :flutter_keyboard_visibility_temp_fork:prepareDebugArtProfile (Thread[#38149,Execution worker Thread 11,5,main]) started.
[        ] :flutter_keyboard_visibility_temp_fork:prepareDebugArtProfile (Thread[#38149,Execution worker Thread 11,5,main]) started.
[        ] > Task :flutter_keyboard_visibility_temp_fork:prepareDebugArtProfile UP-TO-DATE
[        ] Caching disabled for task ':flutter_keyboard_visibility_temp_fork:prepareDebugArtProfile' because:
[        ]   Build cache is disabled
[        ]   Caching has been disabled for the task
[        ] Skipping task ':flutter_keyboard_visibility_temp_fork:prepareDebugArtProfile' as it is up-to-date.
[        ] Resolve mutations for :flutter_keyboard_visibility_temp_fork:prepareLintJarForPublish (Thread[#38149,Execution worker Thread 11,5,main]) started.
[        ] :flutter_keyboard_visibility_temp_fork:prepareLintJarForPublish (Thread[#38149,Execution worker Thread 11,5,main]) started.
[        ] > Task :flutter_keyboard_visibility_temp_fork:prepareLintJarForPublish UP-TO-DATE
[        ] Caching disabled for task ':flutter_keyboard_visibility_temp_fork:prepareLintJarForPublish' because:
[        ]   Build cache is disabled
[        ]   Caching has been disabled for the task
[        ] Skipping task ':flutter_keyboard_visibility_temp_fork:prepareLintJarForPublish' as it is up-to-date.
[        ] Resolve mutations for :flutter_keyboard_visibility_temp_fork:mergeDebugJavaResource (Thread[#38149,Execution worker Thread 11,5,main]) started.
[        ] :flutter_keyboard_visibility_temp_fork:mergeDebugJavaResource (Thread[#38149,Execution worker Thread 11,5,main]) started.
[        ] > Task :flutter_keyboard_visibility_temp_fork:mergeDebugJavaResource UP-TO-DATE
[        ] Caching disabled for task ':flutter_keyboard_visibility_temp_fork:mergeDebugJavaResource' because:
[        ]   Build cache is disabled
[        ]   Caching has been disabled for the task
[        ] Skipping task ':flutter_keyboard_visibility_temp_fork:mergeDebugJavaResource' as it is up-to-date.
[        ] Resolve mutations for :flutter_keyboard_visibility_temp_fork:syncDebugLibJars (Thread[#38149,Execution worker Thread 11,5,main]) started.
[        ] :flutter_keyboard_visibility_temp_fork:syncDebugLibJars (Thread[#38149,Execution worker Thread 11,5,main]) started.
[        ] > Task :flutter_keyboard_visibility_temp_fork:syncDebugLibJars UP-TO-DATE
[        ] Caching disabled for task ':flutter_keyboard_visibility_temp_fork:syncDebugLibJars' because:
[        ]   Build cache is disabled
[        ] Skipping task ':flutter_keyboard_visibility_temp_fork:syncDebugLibJars' as it is up-to-date.
[        ] Resolve mutations for :flutter_keyboard_visibility_temp_fork:bundleDebugAar (Thread[#38149,Execution worker Thread 11,5,main]) started.
[        ] :flutter_keyboard_visibility_temp_fork:bundleDebugAar (Thread[#38149,Execution worker Thread 11,5,main]) started.
[        ] > Task :flutter_keyboard_visibility_temp_fork:bundleDebugAar UP-TO-DATE
[        ] Caching disabled for task ':flutter_keyboard_visibility_temp_fork:bundleDebugAar' because:
[        ]   Build cache is disabled
[        ]   Caching has been disabled for the task
[        ] Skipping task ':flutter_keyboard_visibility_temp_fork:bundleDebugAar' as it is up-to-date.
[        ] Resolve mutations for :flutter_keyboard_visibility_temp_fork:assembleDebug (Thread[#38149,Execution worker Thread 11,5,main]) started.
[        ] :flutter_keyboard_visibility_temp_fork:assembleDebug (Thread[#38149,Execution worker Thread 11,5,main]) started.
[        ] > Task :flutter_keyboard_visibility_temp_fork:assembleDebug UP-TO-DATE
[        ] Skipping task ':flutter_keyboard_visibility_temp_fork:assembleDebug' as it has no actions.
[        ] Resolve mutations for :flutter_native_splash:stripDebugDebugSymbols (Thread[#38149,Execution worker Thread 11,5,main]) started.
[        ] :flutter_native_splash:stripDebugDebugSymbols (Thread[#38149,Execution worker Thread 11,5,main]) started.
[        ] > Task :flutter_native_splash:stripDebugDebugSymbols NO-SOURCE
[        ] Skipping task ':flutter_native_splash:stripDebugDebugSymbols' as it has no source files and no previous output files.
[        ] Resolve mutations for :flutter_native_splash:copyDebugJniLibsProjectAndLocalJars (Thread[#38149,Execution worker Thread 11,5,main]) started.
[        ] :flutter_native_splash:copyDebugJniLibsProjectAndLocalJars (Thread[#38149,Execution worker Thread 11,5,main]) started.
[        ] > Task :flutter_native_splash:copyDebugJniLibsProjectAndLocalJars UP-TO-DATE
[        ] Caching disabled for task ':flutter_native_splash:copyDebugJniLibsProjectAndLocalJars' because:
[        ]   Build cache is disabled
[        ]   Caching has been disabled for the task
[        ] Skipping task ':flutter_native_splash:copyDebugJniLibsProjectAndLocalJars' as it is up-to-date.
[        ] Resolve mutations for :flutter_native_splash:extractDebugAnnotations (Thread[#38149,Execution worker Thread 11,5,main]) started.
[        ] :flutter_native_splash:extractDebugAnnotations (Thread[#38149,Execution worker Thread 11,5,main]) started.
[        ] > Task :flutter_native_splash:extractDebugAnnotations UP-TO-DATE
[        ] Caching disabled for task ':flutter_native_splash:extractDebugAnnotations' because:
[        ]   Build cache is disabled
[        ] Skipping task ':flutter_native_splash:extractDebugAnnotations' as it is up-to-date.
[        ] Resolve mutations for :flutter_native_splash:extractDeepLinksForAarDebug (Thread[#38149,Execution worker Thread 11,5,main]) started.
[        ] :flutter_native_splash:extractDeepLinksForAarDebug (Thread[#38149,Execution worker Thread 11,5,main]) started.
[        ] > Task :flutter_native_splash:extractDeepLinksForAarDebug UP-TO-DATE
[        ] Caching disabled for task ':flutter_native_splash:extractDeepLinksForAarDebug' because:
[        ]   Build cache is disabled
[        ] Skipping task ':flutter_native_splash:extractDeepLinksForAarDebug' as it is up-to-date.
[        ] Resolve mutations for :flutter_native_splash:mergeDebugGeneratedProguardFiles (Thread[#38149,Execution worker Thread 11,5,main]) started.
[        ] :flutter_native_splash:mergeDebugGeneratedProguardFiles (Thread[#38149,Execution worker Thread 11,5,main]) started.
[        ] > Task :flutter_native_splash:mergeDebugGeneratedProguardFiles UP-TO-DATE
[        ] Caching disabled for task ':flutter_native_splash:mergeDebugGeneratedProguardFiles' because:
[        ]   Build cache is disabled
[        ]   Simple merging task
[        ] Skipping task ':flutter_native_splash:mergeDebugGeneratedProguardFiles' as it is up-to-date.
[        ] Resolve mutations for :flutter_native_splash:mergeDebugConsumerProguardFiles (Thread[#38149,Execution worker Thread 11,5,main]) started.
[        ] :flutter_native_splash:mergeDebugConsumerProguardFiles (Thread[#38149,Execution worker Thread 11,5,main]) started.
[        ] > Task :flutter_native_splash:mergeDebugConsumerProguardFiles UP-TO-DATE
[        ] Caching disabled for task ':flutter_native_splash:mergeDebugConsumerProguardFiles' because:
[        ]   Build cache is disabled
[        ]   Simple merging task
[        ] Skipping task ':flutter_native_splash:mergeDebugConsumerProguardFiles' as it is up-to-date.
[        ] Resolve mutations for :flutter_native_splash:prepareDebugArtProfile (Thread[#38149,Execution worker Thread 11,5,main]) started.
[        ] :flutter_native_splash:prepareDebugArtProfile (Thread[#38149,Execution worker Thread 11,5,main]) started.
[        ] > Task :flutter_native_splash:prepareDebugArtProfile UP-TO-DATE
[        ] Caching disabled for task ':flutter_native_splash:prepareDebugArtProfile' because:
[        ]   Build cache is disabled
[        ]   Caching has been disabled for the task
[        ] Skipping task ':flutter_native_splash:prepareDebugArtProfile' as it is up-to-date.
[        ] Resolve mutations for :flutter_native_splash:prepareLintJarForPublish (Thread[#38149,Execution worker Thread 11,5,main]) started.
[        ] :flutter_native_splash:prepareLintJarForPublish (Thread[#38149,Execution worker Thread 11,5,main]) started.
[        ] > Task :flutter_native_splash:prepareLintJarForPublish UP-TO-DATE
[        ] Caching disabled for task ':flutter_native_splash:prepareLintJarForPublish' because:
[        ]   Build cache is disabled
[        ]   Caching has been disabled for the task
[        ] Skipping task ':flutter_native_splash:prepareLintJarForPublish' as it is up-to-date.
[        ] Resolve mutations for :flutter_native_splash:mergeDebugJavaResource (Thread[#38149,Execution worker Thread 11,5,main]) started.
[        ] :flutter_native_splash:mergeDebugJavaResource (Thread[#38149,Execution worker Thread 11,5,main]) started.
[        ] > Task :flutter_native_splash:mergeDebugJavaResource UP-TO-DATE
[        ] Caching disabled for task ':flutter_native_splash:mergeDebugJavaResource' because:
[        ]   Build cache is disabled
[        ]   Caching has been disabled for the task
[        ] Skipping task ':flutter_native_splash:mergeDebugJavaResource' as it is up-to-date.
[        ] Resolve mutations for :flutter_native_splash:syncDebugLibJars (Thread[#38149,Execution worker Thread 11,5,main]) started.
[        ] :flutter_native_splash:syncDebugLibJars (Thread[#38149,Execution worker Thread 11,5,main]) started.
[        ] > Task :flutter_native_splash:syncDebugLibJars UP-TO-DATE
[        ] Caching disabled for task ':flutter_native_splash:syncDebugLibJars' because:
[        ]   Build cache is disabled
[        ] Skipping task ':flutter_native_splash:syncDebugLibJars' as it is up-to-date.
[        ] Resolve mutations for :flutter_native_splash:bundleDebugAar (Thread[#38149,Execution worker Thread 11,5,main]) started.
[        ] :flutter_native_splash:bundleDebugAar (Thread[#38149,Execution worker Thread 11,5,main]) started.
[        ] > Task :flutter_native_splash:bundleDebugAar UP-TO-DATE
[        ] Caching disabled for task ':flutter_native_splash:bundleDebugAar' because:
[        ]   Build cache is disabled
[        ]   Caching has been disabled for the task
[        ] Skipping task ':flutter_native_splash:bundleDebugAar' as it is up-to-date.
[        ] Resolve mutations for :flutter_native_splash:assembleDebug (Thread[#38149,Execution worker Thread 11,5,main]) started.
[        ] :flutter_native_splash:assembleDebug (Thread[#38149,Execution worker Thread 11,5,main]) started.
[        ] > Task :flutter_native_splash:assembleDebug UP-TO-DATE
[        ] Skipping task ':flutter_native_splash:assembleDebug' as it has no actions.
[        ] Resolve mutations for :flutter_olm:stripDebugDebugSymbols (Thread[#38149,Execution worker Thread 11,5,main]) started.
[        ] :flutter_olm:stripDebugDebugSymbols (Thread[#38149,Execution worker Thread 11,5,main]) started.
[        ] > Task :flutter_olm:stripDebugDebugSymbols UP-TO-DATE
[        ] Caching disabled for task ':flutter_olm:stripDebugDebugSymbols' because:
[        ]   Build cache is disabled
[        ]   Caching has been disabled for the task
[        ] Skipping task ':flutter_olm:stripDebugDebugSymbols' as it is up-to-date.
[        ] Resolve mutations for :flutter_olm:copyDebugJniLibsProjectAndLocalJars (Thread[#38149,Execution worker Thread 11,5,main]) started.
[        ] :flutter_olm:copyDebugJniLibsProjectAndLocalJars (Thread[#38149,Execution worker Thread 11,5,main]) started.
[        ] > Task :flutter_olm:copyDebugJniLibsProjectAndLocalJars UP-TO-DATE
[        ] Caching disabled for task ':flutter_olm:copyDebugJniLibsProjectAndLocalJars' because:
[        ]   Build cache is disabled
[        ]   Caching has been disabled for the task
[        ] Skipping task ':flutter_olm:copyDebugJniLibsProjectAndLocalJars' as it is up-to-date.
[        ] Resolve mutations for :flutter_olm:extractDebugAnnotations (Thread[#38149,Execution worker Thread 11,5,main]) started.
[        ] :flutter_olm:extractDebugAnnotations (Thread[#38149,Execution worker Thread 11,5,main]) started.
[        ] > Task :flutter_olm:extractDebugAnnotations UP-TO-DATE
[        ] Caching disabled for task ':flutter_olm:extractDebugAnnotations' because:
[        ]   Build cache is disabled
[        ] Skipping task ':flutter_olm:extractDebugAnnotations' as it is up-to-date.
[        ] Resolve mutations for :flutter_olm:extractDeepLinksForAarDebug (Thread[#38149,Execution worker Thread 11,5,main]) started.
[        ] :flutter_olm:extractDeepLinksForAarDebug (Thread[#38149,Execution worker Thread 11,5,main]) started.
[        ] > Task :flutter_olm:extractDeepLinksForAarDebug UP-TO-DATE
[        ] Caching disabled for task ':flutter_olm:extractDeepLinksForAarDebug' because:
[        ]   Build cache is disabled
[        ] Skipping task ':flutter_olm:extractDeepLinksForAarDebug' as it is up-to-date.
[        ] Resolve mutations for :flutter_olm:mergeDebugGeneratedProguardFiles (Thread[#38149,Execution worker Thread 11,5,main]) started.
[        ] :flutter_olm:mergeDebugGeneratedProguardFiles (Thread[#38149,Execution worker Thread 11,5,main]) started.
[        ] > Task :flutter_olm:mergeDebugGeneratedProguardFiles UP-TO-DATE
[        ] Caching disabled for task ':flutter_olm:mergeDebugGeneratedProguardFiles' because:
[        ]   Build cache is disabled
[        ]   Simple merging task
[        ] Skipping task ':flutter_olm:mergeDebugGeneratedProguardFiles' as it is up-to-date.
[        ] Resolve mutations for :flutter_olm:mergeDebugConsumerProguardFiles (Thread[#38149,Execution worker Thread 11,5,main]) started.
[        ] :flutter_olm:mergeDebugConsumerProguardFiles (Thread[#38149,Execution worker Thread 11,5,main]) started.
[        ] > Task :flutter_olm:mergeDebugConsumerProguardFiles UP-TO-DATE
[        ] Caching disabled for task ':flutter_olm:mergeDebugConsumerProguardFiles' because:
[        ]   Build cache is disabled
[        ]   Simple merging task
[        ] Skipping task ':flutter_olm:mergeDebugConsumerProguardFiles' as it is up-to-date.
[        ] Resolve mutations for :flutter_olm:prepareDebugArtProfile (Thread[#38149,Execution worker Thread 11,5,main]) started.
[        ] :flutter_olm:prepareDebugArtProfile (Thread[#38149,Execution worker Thread 11,5,main]) started.
[        ] > Task :flutter_olm:prepareDebugArtProfile UP-TO-DATE
[        ] Caching disabled for task ':flutter_olm:prepareDebugArtProfile' because:
[        ]   Build cache is disabled
[        ]   Caching has been disabled for the task
[        ] Skipping task ':flutter_olm:prepareDebugArtProfile' as it is up-to-date.
[        ] Resolve mutations for :flutter_olm:prepareLintJarForPublish (Thread[#38149,Execution worker Thread 11,5,main]) started.
[        ] :flutter_olm:prepareLintJarForPublish (Thread[#38149,Execution worker Thread 11,5,main]) started.
[        ] > Task :flutter_olm:prepareLintJarForPublish UP-TO-DATE
[        ] Caching disabled for task ':flutter_olm:prepareLintJarForPublish' because:
[        ]   Build cache is disabled
[        ]   Caching has been disabled for the task
[        ] Skipping task ':flutter_olm:prepareLintJarForPublish' as it is up-to-date.
[        ] Resolve mutations for :flutter_olm:mergeDebugJavaResource (Thread[#38149,Execution worker Thread 11,5,main]) started.
[        ] :flutter_olm:mergeDebugJavaResource (Thread[#38149,Execution worker Thread 11,5,main]) started.
[        ] > Task :flutter_olm:mergeDebugJavaResource UP-TO-DATE
[        ] Caching disabled for task ':flutter_olm:mergeDebugJavaResource' because:
[        ]   Build cache is disabled
[        ]   Caching has been disabled for the task
[        ] Skipping task ':flutter_olm:mergeDebugJavaResource' as it is up-to-date.
[        ] Resolve mutations for :flutter_olm:syncDebugLibJars (Thread[#38149,Execution worker Thread 11,5,main]) started.
[        ] :flutter_olm:syncDebugLibJars (Thread[#38149,Execution worker Thread 11,5,main]) started.
[        ] > Task :flutter_olm:syncDebugLibJars UP-TO-DATE
[        ] Caching disabled for task ':flutter_olm:syncDebugLibJars' because:
[        ]   Build cache is disabled
[        ] Skipping task ':flutter_olm:syncDebugLibJars' as it is up-to-date.
[        ] Resolve mutations for :flutter_olm:bundleDebugAar (Thread[#38149,Execution worker Thread 11,5,main]) started.
[        ] :flutter_olm:bundleDebugAar (Thread[#38149,Execution worker Thread 11,5,main]) started.
[        ] > Task :flutter_olm:bundleDebugAar UP-TO-DATE
[        ] Caching disabled for task ':flutter_olm:bundleDebugAar' because:
[        ]   Build cache is disabled
[        ]   Caching has been disabled for the task
[        ] Skipping task ':flutter_olm:bundleDebugAar' as it is up-to-date.
[        ] Resolve mutations for :flutter_olm:assembleDebug (Thread[#38149,Execution worker Thread 11,5,main]) started.
[        ] :flutter_olm:assembleDebug (Thread[#38149,Execution worker Thread 11,5,main]) started.
[        ] > Task :flutter_olm:assembleDebug UP-TO-DATE
[        ] Skipping task ':flutter_olm:assembleDebug' as it has no actions.
[        ] Resolve mutations for :flutter_openssl_crypto:stripDebugDebugSymbols (Thread[#38149,Execution worker Thread 11,5,main]) started.
[        ] :flutter_openssl_crypto:stripDebugDebugSymbols (Thread[#38149,Execution worker Thread 11,5,main]) started.
[        ] > Task :flutter_openssl_crypto:stripDebugDebugSymbols UP-TO-DATE
[        ] Caching disabled for task ':flutter_openssl_crypto:stripDebugDebugSymbols' because:
[        ]   Build cache is disabled
[        ]   Caching has been disabled for the task
[        ] Skipping task ':flutter_openssl_crypto:stripDebugDebugSymbols' as it is up-to-date.
[        ] Resolve mutations for :flutter_openssl_crypto:copyDebugJniLibsProjectAndLocalJars (Thread[#38149,Execution worker Thread 11,5,main]) started.
[        ] :flutter_openssl_crypto:copyDebugJniLibsProjectAndLocalJars (Thread[#38149,Execution worker Thread 11,5,main]) started.
[        ] > Task :flutter_openssl_crypto:copyDebugJniLibsProjectAndLocalJars UP-TO-DATE
[        ] Caching disabled for task ':flutter_openssl_crypto:copyDebugJniLibsProjectAndLocalJars' because:
[        ]   Build cache is disabled
[        ]   Caching has been disabled for the task
[        ] Skipping task ':flutter_openssl_crypto:copyDebugJniLibsProjectAndLocalJars' as it is up-to-date.
[        ] Resolve mutations for :flutter_openssl_crypto:extractDebugAnnotations (Thread[#38149,Execution worker Thread 11,5,main]) started.
[        ] :flutter_openssl_crypto:extractDebugAnnotations (Thread[#38149,Execution worker Thread 11,5,main]) started.
[        ] > Task :flutter_openssl_crypto:extractDebugAnnotations UP-TO-DATE
[        ] Caching disabled for task ':flutter_openssl_crypto:extractDebugAnnotations' because:
[        ]   Build cache is disabled
[        ] Skipping task ':flutter_openssl_crypto:extractDebugAnnotations' as it is up-to-date.
[        ] Resolve mutations for :flutter_openssl_crypto:extractDeepLinksForAarDebug (Thread[#38149,Execution worker Thread 11,5,main]) started.
[        ] :flutter_openssl_crypto:extractDeepLinksForAarDebug (Thread[#38149,Execution worker Thread 11,5,main]) started.
[        ] > Task :flutter_openssl_crypto:extractDeepLinksForAarDebug UP-TO-DATE
[        ] Caching disabled for task ':flutter_openssl_crypto:extractDeepLinksForAarDebug' because:
[        ]   Build cache is disabled
[        ] Skipping task ':flutter_openssl_crypto:extractDeepLinksForAarDebug' as it is up-to-date.
[        ] Resolve mutations for :flutter_openssl_crypto:mergeDebugGeneratedProguardFiles (Thread[#38149,Execution worker Thread 11,5,main]) started.
[        ] :flutter_openssl_crypto:mergeDebugGeneratedProguardFiles (Thread[#38149,Execution worker Thread 11,5,main]) started.
[        ] > Task :flutter_openssl_crypto:mergeDebugGeneratedProguardFiles UP-TO-DATE
[        ] Caching disabled for task ':flutter_openssl_crypto:mergeDebugGeneratedProguardFiles' because:
[        ]   Build cache is disabled
[        ]   Simple merging task
[        ] Skipping task ':flutter_openssl_crypto:mergeDebugGeneratedProguardFiles' as it is up-to-date.
[        ] Resolve mutations for :flutter_openssl_crypto:mergeDebugConsumerProguardFiles (Thread[#38149,Execution worker Thread 11,5,main]) started.
[        ] :flutter_openssl_crypto:mergeDebugConsumerProguardFiles (Thread[#38149,Execution worker Thread 11,5,main]) started.
[        ] > Task :flutter_openssl_crypto:mergeDebugConsumerProguardFiles UP-TO-DATE
[        ] Caching disabled for task ':flutter_openssl_crypto:mergeDebugConsumerProguardFiles' because:
[        ]   Build cache is disabled
[        ]   Simple merging task
[        ] Skipping task ':flutter_openssl_crypto:mergeDebugConsumerProguardFiles' as it is up-to-date.
[        ] Resolve mutations for :flutter_openssl_crypto:prepareDebugArtProfile (Thread[#38149,Execution worker Thread 11,5,main]) started.
[        ] :flutter_openssl_crypto:prepareDebugArtProfile (Thread[#38149,Execution worker Thread 11,5,main]) started.
[        ] > Task :flutter_openssl_crypto:prepareDebugArtProfile UP-TO-DATE
[        ] Caching disabled for task ':flutter_openssl_crypto:prepareDebugArtProfile' because:
[        ]   Build cache is disabled
[        ]   Caching has been disabled for the task
[        ] Skipping task ':flutter_openssl_crypto:prepareDebugArtProfile' as it is up-to-date.
[        ] Resolve mutations for :flutter_openssl_crypto:prepareLintJarForPublish (Thread[#38149,Execution worker Thread 11,5,main]) started.
[        ] :flutter_openssl_crypto:prepareLintJarForPublish (Thread[#38149,Execution worker Thread 11,5,main]) started.
[        ] > Task :flutter_openssl_crypto:prepareLintJarForPublish UP-TO-DATE
[        ] Caching disabled for task ':flutter_openssl_crypto:prepareLintJarForPublish' because:
[        ]   Build cache is disabled
[        ]   Caching has been disabled for the task
[        ] Skipping task ':flutter_openssl_crypto:prepareLintJarForPublish' as it is up-to-date.
[        ] Resolve mutations for :flutter_openssl_crypto:mergeDebugJavaResource (Thread[#38149,Execution worker Thread 11,5,main]) started.
[        ] :flutter_openssl_crypto:mergeDebugJavaResource (Thread[#38149,Execution worker Thread 11,5,main]) started.
[        ] > Task :flutter_openssl_crypto:mergeDebugJavaResource UP-TO-DATE
[        ] Caching disabled for task ':flutter_openssl_crypto:mergeDebugJavaResource' because:
[        ]   Build cache is disabled
[        ]   Caching has been disabled for the task
[        ] Skipping task ':flutter_openssl_crypto:mergeDebugJavaResource' as it is up-to-date.
[        ] Resolve mutations for :flutter_openssl_crypto:syncDebugLibJars (Thread[#38149,Execution worker Thread 11,5,main]) started.
[        ] :flutter_openssl_crypto:syncDebugLibJars (Thread[#38149,Execution worker Thread 11,5,main]) started.
[        ] > Task :flutter_openssl_crypto:syncDebugLibJars UP-TO-DATE
[        ] Caching disabled for task ':flutter_openssl_crypto:syncDebugLibJars' because:
[        ]   Build cache is disabled
[        ] Skipping task ':flutter_openssl_crypto:syncDebugLibJars' as it is up-to-date.
[        ] Resolve mutations for :flutter_openssl_crypto:bundleDebugAar (Thread[#38149,Execution worker Thread 11,5,main]) started.
[        ] :flutter_openssl_crypto:bundleDebugAar (Thread[#38149,Execution worker Thread 11,5,main]) started.
[        ] > Task :flutter_openssl_crypto:bundleDebugAar UP-TO-DATE
[        ] Caching disabled for task ':flutter_openssl_crypto:bundleDebugAar' because:
[        ]   Build cache is disabled
[        ]   Caching has been disabled for the task
[        ] Skipping task ':flutter_openssl_crypto:bundleDebugAar' as it is up-to-date.
[        ] Resolve mutations for :flutter_openssl_crypto:assembleDebug (Thread[#38149,Execution worker Thread 11,5,main]) started.
[        ] :flutter_openssl_crypto:assembleDebug (Thread[#38149,Execution worker Thread 11,5,main]) started.
[        ] > Task :flutter_openssl_crypto:assembleDebug UP-TO-DATE
[        ] Skipping task ':flutter_openssl_crypto:assembleDebug' as it has no actions.
[        ] Resolve mutations for :integration_test:stripDebugDebugSymbols (Thread[#38149,Execution worker Thread 11,5,main]) started.
[        ] :integration_test:stripDebugDebugSymbols (Thread[#38149,Execution worker Thread 11,5,main]) started.
[        ] > Task :integration_test:stripDebugDebugSymbols NO-SOURCE
[        ] Skipping task ':integration_test:stripDebugDebugSymbols' as it has no source files and no previous output files.
[        ] Resolve mutations for :integration_test:copyDebugJniLibsProjectAndLocalJars (Thread[#38149,Execution worker Thread 11,5,main]) started.
[        ] :integration_test:copyDebugJniLibsProjectAndLocalJars (Thread[#38149,Execution worker Thread 11,5,main]) started.
[        ] > Task :integration_test:copyDebugJniLibsProjectAndLocalJars UP-TO-DATE
[        ] Caching disabled for task ':integration_test:copyDebugJniLibsProjectAndLocalJars' because:
[        ]   Build cache is disabled
[        ]   Caching has been disabled for the task
[        ] Skipping task ':integration_test:copyDebugJniLibsProjectAndLocalJars' as it is up-to-date.
[        ] Resolve mutations for :integration_test:extractDebugAnnotations (Thread[#38149,Execution worker Thread 11,5,main]) started.
[        ] :integration_test:extractDebugAnnotations (Thread[#38149,Execution worker Thread 11,5,main]) started.
[        ] > Task :integration_test:extractDebugAnnotations UP-TO-DATE
[        ] Caching disabled for task ':integration_test:extractDebugAnnotations' because:
[        ]   Build cache is disabled
[        ] Skipping task ':integration_test:extractDebugAnnotations' as it is up-to-date.
[        ] Resolve mutations for :integration_test:extractDeepLinksForAarDebug (Thread[#38149,Execution worker Thread 11,5,main]) started.
[        ] :integration_test:extractDeepLinksForAarDebug (Thread[#38149,Execution worker Thread 11,5,main]) started.
[        ] > Task :integration_test:extractDeepLinksForAarDebug UP-TO-DATE
[        ] Caching disabled for task ':integration_test:extractDeepLinksForAarDebug' because:
[        ]   Build cache is disabled
[        ] Skipping task ':integration_test:extractDeepLinksForAarDebug' as it is up-to-date.
[        ] Resolve mutations for :integration_test:mergeDebugGeneratedProguardFiles (Thread[#38149,Execution worker Thread 11,5,main]) started.
[        ] :integration_test:mergeDebugGeneratedProguardFiles (Thread[#38149,Execution worker Thread 11,5,main]) started.
[        ] > Task :integration_test:mergeDebugGeneratedProguardFiles UP-TO-DATE
[        ] Caching disabled for task ':integration_test:mergeDebugGeneratedProguardFiles' because:
[        ]   Build cache is disabled
[        ]   Simple merging task
[        ] Skipping task ':integration_test:mergeDebugGeneratedProguardFiles' as it is up-to-date.
[        ] Resolve mutations for :integration_test:mergeDebugConsumerProguardFiles (Thread[#38149,Execution worker Thread 11,5,main]) started.
[        ] :integration_test:mergeDebugConsumerProguardFiles (Thread[#38149,Execution worker Thread 11,5,main]) started.
[        ] > Task :integration_test:mergeDebugConsumerProguardFiles UP-TO-DATE
[        ] Caching disabled for task ':integration_test:mergeDebugConsumerProguardFiles' because:
[        ]   Build cache is disabled
[        ]   Simple merging task
[        ] Skipping task ':integration_test:mergeDebugConsumerProguardFiles' as it is up-to-date.
[        ] Resolve mutations for :integration_test:prepareDebugArtProfile (Thread[#38149,Execution worker Thread 11,5,main]) started.
[        ] :integration_test:prepareDebugArtProfile (Thread[#38149,Execution worker Thread 11,5,main]) started.
[        ] > Task :integration_test:prepareDebugArtProfile UP-TO-DATE
[        ] Caching disabled for task ':integration_test:prepareDebugArtProfile' because:
[        ]   Build cache is disabled
[        ]   Caching has been disabled for the task
[        ] Skipping task ':integration_test:prepareDebugArtProfile' as it is up-to-date.
[        ] Resolve mutations for :integration_test:prepareLintJarForPublish (Thread[#38149,Execution worker Thread 11,5,main]) started.
[        ] :integration_test:prepareLintJarForPublish (Thread[#38149,Execution worker Thread 11,5,main]) started.
[        ] > Task :integration_test:prepareLintJarForPublish UP-TO-DATE
[        ] Caching disabled for task ':integration_test:prepareLintJarForPublish' because:
[        ]   Build cache is disabled
[        ]   Caching has been disabled for the task
[        ] Skipping task ':integration_test:prepareLintJarForPublish' as it is up-to-date.
[        ] Resolve mutations for :integration_test:mergeDebugJavaResource (Thread[#38149,Execution worker Thread 11,5,main]) started.
[        ] :integration_test:mergeDebugJavaResource (Thread[#38149,Execution worker Thread 11,5,main]) started.
[        ] > Task :integration_test:mergeDebugJavaResource UP-TO-DATE
[        ] Caching disabled for task ':integration_test:mergeDebugJavaResource' because:
[        ]   Build cache is disabled
[        ]   Caching has been disabled for the task
[        ] Skipping task ':integration_test:mergeDebugJavaResource' as it is up-to-date.
[        ] Resolve mutations for :integration_test:syncDebugLibJars (Thread[#38149,Execution worker Thread 11,5,main]) started.
[        ] :integration_test:syncDebugLibJars (Thread[#38149,Execution worker Thread 11,5,main]) started.
[        ] > Task :integration_test:syncDebugLibJars UP-TO-DATE
[        ] Caching disabled for task ':integration_test:syncDebugLibJars' because:
[        ]   Build cache is disabled
[        ] Skipping task ':integration_test:syncDebugLibJars' as it is up-to-date.
[        ] Resolve mutations for :integration_test:bundleDebugAar (Thread[#38149,Execution worker Thread 11,5,main]) started.
[        ] :integration_test:bundleDebugAar (Thread[#38149,Execution worker Thread 11,5,main]) started.
[        ] > Task :integration_test:bundleDebugAar UP-TO-DATE
[        ] Caching disabled for task ':integration_test:bundleDebugAar' because:
[        ]   Build cache is disabled
[        ]   Caching has been disabled for the task
[        ] Skipping task ':integration_test:bundleDebugAar' as it is up-to-date.
[        ] Resolve mutations for :integration_test:assembleDebug (Thread[#38149,Execution worker Thread 11,5,main]) started.
[        ] :integration_test:assembleDebug (Thread[#38149,Execution worker Thread 11,5,main]) started.
[        ] > Task :integration_test:assembleDebug UP-TO-DATE
[        ] Skipping task ':integration_test:assembleDebug' as it has no actions.
[        ] Resolve mutations for :path_provider_android:stripDebugDebugSymbols (Thread[#38149,Execution worker Thread 11,5,main]) started.
[        ] :path_provider_android:stripDebugDebugSymbols (Thread[#38149,Execution worker Thread 11,5,main]) started.
[        ] > Task :path_provider_android:stripDebugDebugSymbols NO-SOURCE
[        ] Skipping task ':path_provider_android:stripDebugDebugSymbols' as it has no source files and no previous output files.
[        ] Resolve mutations for :path_provider_android:copyDebugJniLibsProjectAndLocalJars (Thread[#38149,Execution worker Thread 11,5,main]) started.
[        ] :path_provider_android:copyDebugJniLibsProjectAndLocalJars (Thread[#38149,Execution worker Thread 11,5,main]) started.
[        ] > Task :path_provider_android:copyDebugJniLibsProjectAndLocalJars UP-TO-DATE
[        ] Caching disabled for task ':path_provider_android:copyDebugJniLibsProjectAndLocalJars' because:
[        ]   Build cache is disabled
[        ]   Caching has been disabled for the task
[        ] Skipping task ':path_provider_android:copyDebugJniLibsProjectAndLocalJars' as it is up-to-date.
[        ] Resolve mutations for :path_provider_android:extractDebugAnnotations (Thread[#38149,Execution worker Thread 11,5,main]) started.
[        ] :path_provider_android:extractDebugAnnotations (Thread[#38149,Execution worker Thread 11,5,main]) started.
[        ] > Task :path_provider_android:extractDebugAnnotations UP-TO-DATE
[        ] Caching disabled for task ':path_provider_android:extractDebugAnnotations' because:
[        ]   Build cache is disabled
[        ] Skipping task ':path_provider_android:extractDebugAnnotations' as it is up-to-date.
[        ] Resolve mutations for :path_provider_android:extractDeepLinksForAarDebug (Thread[#38149,Execution worker Thread 11,5,main]) started.
[        ] :path_provider_android:extractDeepLinksForAarDebug (Thread[#38149,Execution worker Thread 11,5,main]) started.
[        ] > Task :path_provider_android:extractDeepLinksForAarDebug UP-TO-DATE
[        ] Caching disabled for task ':path_provider_android:extractDeepLinksForAarDebug' because:
[        ]   Build cache is disabled
[        ] Skipping task ':path_provider_android:extractDeepLinksForAarDebug' as it is up-to-date.
[        ] Resolve mutations for :path_provider_android:mergeDebugGeneratedProguardFiles (Thread[#38149,Execution worker Thread 11,5,main]) started.
[        ] :path_provider_android:mergeDebugGeneratedProguardFiles (Thread[#38149,Execution worker Thread 11,5,main]) started.
[        ] > Task :path_provider_android:mergeDebugGeneratedProguardFiles UP-TO-DATE
[        ] Caching disabled for task ':path_provider_android:mergeDebugGeneratedProguardFiles' because:
[        ]   Build cache is disabled
[        ]   Simple merging task
[        ] Skipping task ':path_provider_android:mergeDebugGeneratedProguardFiles' as it is up-to-date.
[        ] Resolve mutations for :path_provider_android:mergeDebugConsumerProguardFiles (Thread[#38149,Execution worker Thread 11,5,main]) started.
[        ] :path_provider_android:mergeDebugConsumerProguardFiles (Thread[#38149,Execution worker Thread 11,5,main]) started.
[        ] > Task :path_provider_android:mergeDebugConsumerProguardFiles UP-TO-DATE
[        ] Caching disabled for task ':path_provider_android:mergeDebugConsumerProguardFiles' because:
[        ]   Build cache is disabled
[        ]   Simple merging task
[        ] Skipping task ':path_provider_android:mergeDebugConsumerProguardFiles' as it is up-to-date.
[        ] Resolve mutations for :path_provider_android:prepareDebugArtProfile (Thread[#38149,Execution worker Thread 11,5,main]) started.
[        ] :path_provider_android:prepareDebugArtProfile (Thread[#38149,Execution worker Thread 11,5,main]) started.
[        ] > Task :path_provider_android:prepareDebugArtProfile UP-TO-DATE
[        ] Caching disabled for task ':path_provider_android:prepareDebugArtProfile' because:
[        ]   Build cache is disabled
[        ]   Caching has been disabled for the task
[        ] Skipping task ':path_provider_android:prepareDebugArtProfile' as it is up-to-date.
[        ] Resolve mutations for :path_provider_android:prepareLintJarForPublish (Thread[#38149,Execution worker Thread 11,5,main]) started.
[        ] :path_provider_android:prepareLintJarForPublish (Thread[#38149,Execution worker Thread 11,5,main]) started.
[        ] > Task :path_provider_android:prepareLintJarForPublish UP-TO-DATE
[        ] Caching disabled for task ':path_provider_android:prepareLintJarForPublish' because:
[        ]   Build cache is disabled
[        ]   Caching has been disabled for the task
[        ] Skipping task ':path_provider_android:prepareLintJarForPublish' as it is up-to-date.
[        ] Resolve mutations for :path_provider_android:mergeDebugJavaResource (Thread[#38149,Execution worker Thread 11,5,main]) started.
[        ] :path_provider_android:mergeDebugJavaResource (Thread[#38149,Execution worker Thread 11,5,main]) started.
[        ] > Task :path_provider_android:mergeDebugJavaResource UP-TO-DATE
[        ] Caching disabled for task ':path_provider_android:mergeDebugJavaResource' because:
[        ]   Build cache is disabled
[        ]   Caching has been disabled for the task
[        ] Skipping task ':path_provider_android:mergeDebugJavaResource' as it is up-to-date.
[        ] Resolve mutations for :path_provider_android:syncDebugLibJars (Thread[#38149,Execution worker Thread 11,5,main]) started.
[        ] :path_provider_android:syncDebugLibJars (Thread[#38149,Execution worker Thread 11,5,main]) started.
[        ] > Task :path_provider_android:syncDebugLibJars UP-TO-DATE
[        ] Caching disabled for task ':path_provider_android:syncDebugLibJars' because:
[        ]   Build cache is disabled
[        ] Skipping task ':path_provider_android:syncDebugLibJars' as it is up-to-date.
[        ] Resolve mutations for :path_provider_android:bundleDebugAar (Thread[#38149,Execution worker Thread 11,5,main]) started.
[        ] :path_provider_android:bundleDebugAar (Thread[#38149,Execution worker Thread 11,5,main]) started.
[        ] > Task :path_provider_android:bundleDebugAar UP-TO-DATE
[        ] Caching disabled for task ':path_provider_android:bundleDebugAar' because:
[        ]   Build cache is disabled
[        ]   Caching has been disabled for the task
[        ] Skipping task ':path_provider_android:bundleDebugAar' as it is up-to-date.
[        ] Resolve mutations for :path_provider_android:assembleDebug (Thread[#38149,Execution worker Thread 11,5,main]) started.
[        ] :path_provider_android:assembleDebug (Thread[#38149,Execution worker Thread 11,5,main]) started.
[        ] > Task :path_provider_android:assembleDebug UP-TO-DATE
[        ] Skipping task ':path_provider_android:assembleDebug' as it has no actions.
[        ] Resolve mutations for :quill_native_bridge_android:stripDebugDebugSymbols (Thread[#38149,Execution worker Thread 11,5,main]) started.
[        ] :quill_native_bridge_android:stripDebugDebugSymbols (Thread[#38149,Execution worker Thread 11,5,main]) started.
[        ] > Task :quill_native_bridge_android:stripDebugDebugSymbols NO-SOURCE
[        ] Skipping task ':quill_native_bridge_android:stripDebugDebugSymbols' as it has no source files and no previous output files.
[        ] Resolve mutations for :quill_native_bridge_android:copyDebugJniLibsProjectAndLocalJars (Thread[#38149,Execution worker Thread 11,5,main]) started.
[        ] :quill_native_bridge_android:copyDebugJniLibsProjectAndLocalJars (Thread[#38149,Execution worker Thread 11,5,main]) started.
[        ] > Task :quill_native_bridge_android:copyDebugJniLibsProjectAndLocalJars UP-TO-DATE
[        ] Caching disabled for task ':quill_native_bridge_android:copyDebugJniLibsProjectAndLocalJars' because:
[        ]   Build cache is disabled
[        ]   Caching has been disabled for the task
[        ] Skipping task ':quill_native_bridge_android:copyDebugJniLibsProjectAndLocalJars' as it is up-to-date.
[        ] Resolve mutations for :quill_native_bridge_android:extractDebugAnnotations (Thread[#38149,Execution worker Thread 11,5,main]) started.
[        ] :quill_native_bridge_android:extractDebugAnnotations (Thread[#38149,Execution worker Thread 11,5,main]) started.
[        ] > Task :quill_native_bridge_android:extractDebugAnnotations UP-TO-DATE
[        ] Caching disabled for task ':quill_native_bridge_android:extractDebugAnnotations' because:
[        ]   Build cache is disabled
[        ] Skipping task ':quill_native_bridge_android:extractDebugAnnotations' as it is up-to-date.
[        ] Resolve mutations for :quill_native_bridge_android:extractDeepLinksForAarDebug (Thread[#38149,Execution worker Thread 11,5,main]) started.
[        ] :quill_native_bridge_android:extractDeepLinksForAarDebug (Thread[#38149,Execution worker Thread 11,5,main]) started.
[        ] > Task :quill_native_bridge_android:extractDeepLinksForAarDebug UP-TO-DATE
[        ] Caching disabled for task ':quill_native_bridge_android:extractDeepLinksForAarDebug' because:
[        ]   Build cache is disabled
[        ] Skipping task ':quill_native_bridge_android:extractDeepLinksForAarDebug' as it is up-to-date.
[        ] Resolve mutations for :quill_native_bridge_android:mergeDebugGeneratedProguardFiles (Thread[#38149,Execution worker Thread 11,5,main]) started.
[        ] :quill_native_bridge_android:mergeDebugGeneratedProguardFiles (Thread[#38149,Execution worker Thread 11,5,main]) started.
[        ] > Task :quill_native_bridge_android:mergeDebugGeneratedProguardFiles UP-TO-DATE
[        ] Caching disabled for task ':quill_native_bridge_android:mergeDebugGeneratedProguardFiles' because:
[        ]   Build cache is disabled
[        ]   Simple merging task
[        ] Skipping task ':quill_native_bridge_android:mergeDebugGeneratedProguardFiles' as it is up-to-date.
[        ] Resolve mutations for :quill_native_bridge_android:mergeDebugConsumerProguardFiles (Thread[#38149,Execution worker Thread 11,5,main]) started.
[        ] :quill_native_bridge_android:mergeDebugConsumerProguardFiles (Thread[#38149,Execution worker Thread 11,5,main]) started.
[        ] > Task :quill_native_bridge_android:mergeDebugConsumerProguardFiles UP-TO-DATE
[        ] Caching disabled for task ':quill_native_bridge_android:mergeDebugConsumerProguardFiles' because:
[        ]   Build cache is disabled
[        ]   Simple merging task
[        ] Skipping task ':quill_native_bridge_android:mergeDebugConsumerProguardFiles' as it is up-to-date.
[        ] Resolve mutations for :quill_native_bridge_android:prepareDebugArtProfile (Thread[#38149,Execution worker Thread 11,5,main]) started.
[        ] :quill_native_bridge_android:prepareDebugArtProfile (Thread[#38149,Execution worker Thread 11,5,main]) started.
[        ] > Task :quill_native_bridge_android:prepareDebugArtProfile UP-TO-DATE
[        ] Caching disabled for task ':quill_native_bridge_android:prepareDebugArtProfile' because:
[        ]   Build cache is disabled
[        ]   Caching has been disabled for the task
[        ] Skipping task ':quill_native_bridge_android:prepareDebugArtProfile' as it is up-to-date.
[        ] Resolve mutations for :quill_native_bridge_android:prepareLintJarForPublish (Thread[#38149,Execution worker Thread 11,5,main]) started.
[        ] :quill_native_bridge_android:prepareLintJarForPublish (Thread[#38149,Execution worker Thread 11,5,main]) started.
[        ] > Task :quill_native_bridge_android:prepareLintJarForPublish UP-TO-DATE
[        ] Caching disabled for task ':quill_native_bridge_android:prepareLintJarForPublish' because:
[        ]   Build cache is disabled
[        ]   Caching has been disabled for the task
[        ] Skipping task ':quill_native_bridge_android:prepareLintJarForPublish' as it is up-to-date.
[        ] Resolve mutations for :quill_native_bridge_android:mergeDebugJavaResource (Thread[#38149,Execution worker Thread 11,5,main]) started.
[        ] :quill_native_bridge_android:mergeDebugJavaResource (Thread[#38149,Execution worker Thread 11,5,main]) started.
[        ] > Task :quill_native_bridge_android:mergeDebugJavaResource UP-TO-DATE
[        ] Caching disabled for task ':quill_native_bridge_android:mergeDebugJavaResource' because:
[        ]   Build cache is disabled
[        ]   Caching has been disabled for the task
[        ] Skipping task ':quill_native_bridge_android:mergeDebugJavaResource' as it is up-to-date.
[        ] Resolve mutations for :quill_native_bridge_android:syncDebugLibJars (Thread[#38149,Execution worker Thread 11,5,main]) started.
[        ] :quill_native_bridge_android:syncDebugLibJars (Thread[#38149,Execution worker Thread 11,5,main]) started.
[        ] > Task :quill_native_bridge_android:syncDebugLibJars UP-TO-DATE
[        ] Caching disabled for task ':quill_native_bridge_android:syncDebugLibJars' because:
[        ]   Build cache is disabled
[        ] Skipping task ':quill_native_bridge_android:syncDebugLibJars' as it is up-to-date.
[        ] Resolve mutations for :quill_native_bridge_android:bundleDebugAar (Thread[#38149,Execution worker Thread 11,5,main]) started.
[        ] :quill_native_bridge_android:bundleDebugAar (Thread[#38149,Execution worker Thread 11,5,main]) started.
[        ] > Task :quill_native_bridge_android:bundleDebugAar UP-TO-DATE
[        ] Caching disabled for task ':quill_native_bridge_android:bundleDebugAar' because:
[        ]   Build cache is disabled
[        ]   Caching has been disabled for the task
[        ] Skipping task ':quill_native_bridge_android:bundleDebugAar' as it is up-to-date.
[        ] Resolve mutations for :quill_native_bridge_android:assembleDebug (Thread[#38149,Execution worker Thread 11,5,main]) started.
[        ] :quill_native_bridge_android:assembleDebug (Thread[#38149,Execution worker Thread 11,5,main]) started.
[        ] > Task :quill_native_bridge_android:assembleDebug UP-TO-DATE
[        ] Skipping task ':quill_native_bridge_android:assembleDebug' as it has no actions.
[        ] Resolve mutations for :shared_preferences_android:stripDebugDebugSymbols (Thread[#38149,Execution worker Thread 11,5,main]) started.
[        ] :shared_preferences_android:stripDebugDebugSymbols (Thread[#38149,Execution worker Thread 11,5,main]) started.
[        ] > Task :shared_preferences_android:stripDebugDebugSymbols NO-SOURCE
[        ] Skipping task ':shared_preferences_android:stripDebugDebugSymbols' as it has no source files and no previous output files.
[        ] Resolve mutations for :shared_preferences_android:copyDebugJniLibsProjectAndLocalJars (Thread[#38149,Execution worker Thread 11,5,main]) started.
[        ] :shared_preferences_android:copyDebugJniLibsProjectAndLocalJars (Thread[#38149,Execution worker Thread 11,5,main]) started.
[        ] > Task :shared_preferences_android:copyDebugJniLibsProjectAndLocalJars UP-TO-DATE
[        ] Caching disabled for task ':shared_preferences_android:copyDebugJniLibsProjectAndLocalJars' because:
[        ]   Build cache is disabled
[        ]   Caching has been disabled for the task
[        ] Skipping task ':shared_preferences_android:copyDebugJniLibsProjectAndLocalJars' as it is up-to-date.
[        ] Resolve mutations for :shared_preferences_android:extractDebugAnnotations (Thread[#38149,Execution worker Thread 11,5,main]) started.
[        ] :shared_preferences_android:extractDebugAnnotations (Thread[#38149,Execution worker Thread 11,5,main]) started.
[        ] > Task :shared_preferences_android:extractDebugAnnotations UP-TO-DATE
[        ] Caching disabled for task ':shared_preferences_android:extractDebugAnnotations' because:
[        ]   Build cache is disabled
[        ] Skipping task ':shared_preferences_android:extractDebugAnnotations' as it is up-to-date.
[        ] Resolve mutations for :shared_preferences_android:extractDeepLinksForAarDebug (Thread[#38149,Execution worker Thread 11,5,main]) started.
[        ] :shared_preferences_android:extractDeepLinksForAarDebug (Thread[#38149,Execution worker Thread 11,5,main]) started.
[        ] > Task :shared_preferences_android:extractDeepLinksForAarDebug UP-TO-DATE
[        ] Caching disabled for task ':shared_preferences_android:extractDeepLinksForAarDebug' because:
[        ]   Build cache is disabled
[        ] Skipping task ':shared_preferences_android:extractDeepLinksForAarDebug' as it is up-to-date.
[        ] Resolve mutations for :shared_preferences_android:mergeDebugGeneratedProguardFiles (Thread[#38149,Execution worker Thread 11,5,main]) started.
[        ] :shared_preferences_android:mergeDebugGeneratedProguardFiles (Thread[#38149,Execution worker Thread 11,5,main]) started.
[        ] > Task :shared_preferences_android:mergeDebugGeneratedProguardFiles UP-TO-DATE
[        ] Caching disabled for task ':shared_preferences_android:mergeDebugGeneratedProguardFiles' because:
[        ]   Build cache is disabled
[        ]   Simple merging task
[        ] Skipping task ':shared_preferences_android:mergeDebugGeneratedProguardFiles' as it is up-to-date.
[        ] Resolve mutations for :shared_preferences_android:mergeDebugConsumerProguardFiles (Thread[#38149,Execution worker Thread 11,5,main]) started.
[        ] :shared_preferences_android:mergeDebugConsumerProguardFiles (Thread[#38149,Execution worker Thread 11,5,main]) started.
[        ] > Task :shared_preferences_android:mergeDebugConsumerProguardFiles UP-TO-DATE
[        ] Caching disabled for task ':shared_preferences_android:mergeDebugConsumerProguardFiles' because:
[        ]   Build cache is disabled
[        ]   Simple merging task
[        ] Skipping task ':shared_preferences_android:mergeDebugConsumerProguardFiles' as it is up-to-date.
[        ] Resolve mutations for :shared_preferences_android:prepareDebugArtProfile (Thread[#38149,Execution worker Thread 11,5,main]) started.
[        ] :shared_preferences_android:prepareDebugArtProfile (Thread[#38149,Execution worker Thread 11,5,main]) started.
[        ] > Task :shared_preferences_android:prepareDebugArtProfile UP-TO-DATE
[        ] Caching disabled for task ':shared_preferences_android:prepareDebugArtProfile' because:
[        ]   Build cache is disabled
[        ]   Caching has been disabled for the task
[        ] Skipping task ':shared_preferences_android:prepareDebugArtProfile' as it is up-to-date.
[        ] Resolve mutations for :shared_preferences_android:prepareLintJarForPublish (Thread[#38149,Execution worker Thread 11,5,main]) started.
[        ] :shared_preferences_android:prepareLintJarForPublish (Thread[#38149,Execution worker Thread 11,5,main]) started.
[        ] > Task :shared_preferences_android:prepareLintJarForPublish UP-TO-DATE
[        ] Caching disabled for task ':shared_preferences_android:prepareLintJarForPublish' because:
[        ]   Build cache is disabled
[        ]   Caching has been disabled for the task
[        ] Skipping task ':shared_preferences_android:prepareLintJarForPublish' as it is up-to-date.
[        ] Resolve mutations for :shared_preferences_android:mergeDebugJavaResource (Thread[#38149,Execution worker Thread 11,5,main]) started.
[        ] :shared_preferences_android:mergeDebugJavaResource (Thread[#38149,Execution worker Thread 11,5,main]) started.
[        ] > Task :shared_preferences_android:mergeDebugJavaResource UP-TO-DATE
[        ] Caching disabled for task ':shared_preferences_android:mergeDebugJavaResource' because:
[        ]   Build cache is disabled
[        ]   Caching has been disabled for the task
[        ] Skipping task ':shared_preferences_android:mergeDebugJavaResource' as it is up-to-date.
[        ] Resolve mutations for :shared_preferences_android:syncDebugLibJars (Thread[#38149,Execution worker Thread 11,5,main]) started.
[        ] :shared_preferences_android:syncDebugLibJars (Thread[#38149,Execution worker Thread 11,5,main]) started.
[        ] > Task :shared_preferences_android:syncDebugLibJars UP-TO-DATE
[        ] Caching disabled for task ':shared_preferences_android:syncDebugLibJars' because:
[        ]   Build cache is disabled
[        ] Skipping task ':shared_preferences_android:syncDebugLibJars' as it is up-to-date.
[        ] Resolve mutations for :shared_preferences_android:bundleDebugAar (Thread[#38149,Execution worker Thread 11,5,main]) started.
[        ] :shared_preferences_android:bundleDebugAar (Thread[#38166,Execution worker Thread 28,5,main]) started.
[        ] > Task :shared_preferences_android:bundleDebugAar UP-TO-DATE
[        ] Caching disabled for task ':shared_preferences_android:bundleDebugAar' because:
[        ]   Build cache is disabled
[        ]   Caching has been disabled for the task
[        ] Skipping task ':shared_preferences_android:bundleDebugAar' as it is up-to-date.
[        ] Resolve mutations for :shared_preferences_android:assembleDebug (Thread[#38166,Execution worker Thread 28,5,main]) started.
[        ] :shared_preferences_android:assembleDebug (Thread[#38166,Execution worker Thread 28,5,main]) started.
[        ] > Task :shared_preferences_android:assembleDebug UP-TO-DATE
[        ] Skipping task ':shared_preferences_android:assembleDebug' as it has no actions.
[        ] Resolve mutations for :sqflite_android:stripDebugDebugSymbols (Thread[#38166,Execution worker Thread 28,5,main]) started.
[        ] :sqflite_android:stripDebugDebugSymbols (Thread[#38166,Execution worker Thread 28,5,main]) started.
[        ] > Task :sqflite_android:stripDebugDebugSymbols NO-SOURCE
[        ] Skipping task ':sqflite_android:stripDebugDebugSymbols' as it has no source files and no previous output files.
[        ] Resolve mutations for :sqflite_android:copyDebugJniLibsProjectAndLocalJars (Thread[#38166,Execution worker Thread 28,5,main]) started.
[        ] :sqflite_android:copyDebugJniLibsProjectAndLocalJars (Thread[#38166,Execution worker Thread 28,5,main]) started.
[        ] > Task :sqflite_android:copyDebugJniLibsProjectAndLocalJars UP-TO-DATE
[        ] Caching disabled for task ':sqflite_android:copyDebugJniLibsProjectAndLocalJars' because:
[        ]   Build cache is disabled
[        ]   Caching has been disabled for the task
[        ] Skipping task ':sqflite_android:copyDebugJniLibsProjectAndLocalJars' as it is up-to-date.
[        ] Resolve mutations for :sqflite_android:extractDebugAnnotations (Thread[#38166,Execution worker Thread 28,5,main]) started.
[        ] :sqflite_android:extractDebugAnnotations (Thread[#38166,Execution worker Thread 28,5,main]) started.
[        ] > Task :sqflite_android:extractDebugAnnotations UP-TO-DATE
[        ] Caching disabled for task ':sqflite_android:extractDebugAnnotations' because:
[        ]   Build cache is disabled
[        ] Skipping task ':sqflite_android:extractDebugAnnotations' as it is up-to-date.
[        ] Resolve mutations for :sqflite_android:extractDeepLinksForAarDebug (Thread[#38166,Execution worker Thread 28,5,main]) started.
[        ] :sqflite_android:extractDeepLinksForAarDebug (Thread[#38166,Execution worker Thread 28,5,main]) started.
[        ] > Task :sqflite_android:extractDeepLinksForAarDebug UP-TO-DATE
[        ] Caching disabled for task ':sqflite_android:extractDeepLinksForAarDebug' because:
[        ]   Build cache is disabled
[        ] Skipping task ':sqflite_android:extractDeepLinksForAarDebug' as it is up-to-date.
[        ] Resolve mutations for :sqflite_android:mergeDebugGeneratedProguardFiles (Thread[#38166,Execution worker Thread 28,5,main]) started.
[        ] :sqflite_android:mergeDebugGeneratedProguardFiles (Thread[#38166,Execution worker Thread 28,5,main]) started.
[        ] > Task :sqflite_android:mergeDebugGeneratedProguardFiles UP-TO-DATE
[        ] Caching disabled for task ':sqflite_android:mergeDebugGeneratedProguardFiles' because:
[        ]   Build cache is disabled
[        ]   Simple merging task
[        ] Skipping task ':sqflite_android:mergeDebugGeneratedProguardFiles' as it is up-to-date.
[        ] Resolve mutations for :sqflite_android:mergeDebugConsumerProguardFiles (Thread[#38166,Execution worker Thread 28,5,main]) started.
[        ] :sqflite_android:mergeDebugConsumerProguardFiles (Thread[#38166,Execution worker Thread 28,5,main]) started.
[        ] > Task :sqflite_android:mergeDebugConsumerProguardFiles UP-TO-DATE
[        ] Caching disabled for task ':sqflite_android:mergeDebugConsumerProguardFiles' because:
[        ]   Build cache is disabled
[        ]   Simple merging task
[        ] Skipping task ':sqflite_android:mergeDebugConsumerProguardFiles' as it is up-to-date.
[        ] Resolve mutations for :sqflite_android:prepareDebugArtProfile (Thread[#38166,Execution worker Thread 28,5,main]) started.
[        ] :sqflite_android:prepareDebugArtProfile (Thread[#38166,Execution worker Thread 28,5,main]) started.
[        ] > Task :sqflite_android:prepareDebugArtProfile UP-TO-DATE
[        ] Caching disabled for task ':sqflite_android:prepareDebugArtProfile' because:
[        ]   Build cache is disabled
[        ]   Caching has been disabled for the task
[        ] Skipping task ':sqflite_android:prepareDebugArtProfile' as it is up-to-date.
[        ] Resolve mutations for :sqflite_android:prepareLintJarForPublish (Thread[#38166,Execution worker Thread 28,5,main]) started.
[        ] :sqflite_android:prepareLintJarForPublish (Thread[#38166,Execution worker Thread 28,5,main]) started.
[        ] > Task :sqflite_android:prepareLintJarForPublish UP-TO-DATE
[        ] Caching disabled for task ':sqflite_android:prepareLintJarForPublish' because:
[        ]   Build cache is disabled
[        ]   Caching has been disabled for the task
[        ] Skipping task ':sqflite_android:prepareLintJarForPublish' as it is up-to-date.
[        ] Resolve mutations for :sqflite_android:mergeDebugJavaResource (Thread[#38166,Execution worker Thread 28,5,main]) started.
[        ] :sqflite_android:mergeDebugJavaResource (Thread[#38166,Execution worker Thread 28,5,main]) started.
[        ] > Task :sqflite_android:mergeDebugJavaResource UP-TO-DATE
[        ] Caching disabled for task ':sqflite_android:mergeDebugJavaResource' because:
[        ]   Build cache is disabled
[        ]   Caching has been disabled for the task
[        ] Skipping task ':sqflite_android:mergeDebugJavaResource' as it is up-to-date.
[        ] Resolve mutations for :sqflite_android:syncDebugLibJars (Thread[#38166,Execution worker Thread 28,5,main]) started.
[        ] :sqflite_android:syncDebugLibJars (Thread[#38166,Execution worker Thread 28,5,main]) started.
[        ] > Task :sqflite_android:syncDebugLibJars UP-TO-DATE
[        ] Caching disabled for task ':sqflite_android:syncDebugLibJars' because:
[        ]   Build cache is disabled
[        ] Skipping task ':sqflite_android:syncDebugLibJars' as it is up-to-date.
[        ] Resolve mutations for :sqflite_android:bundleDebugAar (Thread[#38166,Execution worker Thread 28,5,main]) started.
[        ] :sqflite_android:bundleDebugAar (Thread[#38166,Execution worker Thread 28,5,main]) started.
[        ] > Task :sqflite_android:bundleDebugAar UP-TO-DATE
[        ] Caching disabled for task ':sqflite_android:bundleDebugAar' because:
[        ]   Build cache is disabled
[        ]   Caching has been disabled for the task
[        ] Skipping task ':sqflite_android:bundleDebugAar' as it is up-to-date.
[        ] Resolve mutations for :sqflite_android:assembleDebug (Thread[#38166,Execution worker Thread 28,5,main]) started.
[        ] :sqflite_android:assembleDebug (Thread[#38166,Execution worker Thread 28,5,main]) started.
[        ] > Task :sqflite_android:assembleDebug UP-TO-DATE
[        ] Skipping task ':sqflite_android:assembleDebug' as it has no actions.
[        ] Resolve mutations for :url_launcher_android:stripDebugDebugSymbols (Thread[#38166,Execution worker Thread 28,5,main]) started.
[        ] :url_launcher_android:stripDebugDebugSymbols (Thread[#38166,Execution worker Thread 28,5,main]) started.
[        ] > Task :url_launcher_android:stripDebugDebugSymbols NO-SOURCE
[        ] Skipping task ':url_launcher_android:stripDebugDebugSymbols' as it has no source files and no previous output files.
[        ] Resolve mutations for :url_launcher_android:copyDebugJniLibsProjectAndLocalJars (Thread[#38166,Execution worker Thread 28,5,main]) started.
[        ] :url_launcher_android:copyDebugJniLibsProjectAndLocalJars (Thread[#38166,Execution worker Thread 28,5,main]) started.
[        ] > Task :url_launcher_android:copyDebugJniLibsProjectAndLocalJars UP-TO-DATE
[        ] Caching disabled for task ':url_launcher_android:copyDebugJniLibsProjectAndLocalJars' because:
[        ]   Build cache is disabled
[        ]   Caching has been disabled for the task
[        ] Skipping task ':url_launcher_android:copyDebugJniLibsProjectAndLocalJars' as it is up-to-date.
[        ] Resolve mutations for :url_launcher_android:extractDebugAnnotations (Thread[#38166,Execution worker Thread 28,5,main]) started.
[        ] :url_launcher_android:extractDebugAnnotations (Thread[#38166,Execution worker Thread 28,5,main]) started.
[        ] > Task :url_launcher_android:extractDebugAnnotations UP-TO-DATE
[        ] Caching disabled for task ':url_launcher_android:extractDebugAnnotations' because:
[        ]   Build cache is disabled
[        ] Skipping task ':url_launcher_android:extractDebugAnnotations' as it is up-to-date.
[        ] Resolve mutations for :url_launcher_android:extractDeepLinksForAarDebug (Thread[#38166,Execution worker Thread 28,5,main]) started.
[        ] :url_launcher_android:extractDeepLinksForAarDebug (Thread[#38166,Execution worker Thread 28,5,main]) started.
[        ] > Task :url_launcher_android:extractDeepLinksForAarDebug UP-TO-DATE
[        ] Caching disabled for task ':url_launcher_android:extractDeepLinksForAarDebug' because:
[        ]   Build cache is disabled
[        ] Skipping task ':url_launcher_android:extractDeepLinksForAarDebug' as it is up-to-date.
[        ] Resolve mutations for :url_launcher_android:mergeDebugGeneratedProguardFiles (Thread[#38166,Execution worker Thread 28,5,main]) started.
[        ] :url_launcher_android:mergeDebugGeneratedProguardFiles (Thread[#38166,Execution worker Thread 28,5,main]) started.
[        ] > Task :url_launcher_android:mergeDebugGeneratedProguardFiles UP-TO-DATE
[        ] Caching disabled for task ':url_launcher_android:mergeDebugGeneratedProguardFiles' because:
[        ]   Build cache is disabled
[        ]   Simple merging task
[        ] Skipping task ':url_launcher_android:mergeDebugGeneratedProguardFiles' as it is up-to-date.
[        ] Resolve mutations for :url_launcher_android:mergeDebugConsumerProguardFiles (Thread[#38166,Execution worker Thread 28,5,main]) started.
[        ] :url_launcher_android:mergeDebugConsumerProguardFiles (Thread[#38166,Execution worker Thread 28,5,main]) started.
[        ] > Task :url_launcher_android:mergeDebugConsumerProguardFiles UP-TO-DATE
[        ] Caching disabled for task ':url_launcher_android:mergeDebugConsumerProguardFiles' because:
[        ]   Build cache is disabled
[        ]   Simple merging task
[        ] Skipping task ':url_launcher_android:mergeDebugConsumerProguardFiles' as it is up-to-date.
[        ] Resolve mutations for :url_launcher_android:prepareDebugArtProfile (Thread[#38166,Execution worker Thread 28,5,main]) started.
[        ] :url_launcher_android:prepareDebugArtProfile (Thread[#38166,Execution worker Thread 28,5,main]) started.
[        ] > Task :url_launcher_android:prepareDebugArtProfile UP-TO-DATE
[        ] Caching disabled for task ':url_launcher_android:prepareDebugArtProfile' because:
[        ]   Build cache is disabled
[        ]   Caching has been disabled for the task
[        ] Skipping task ':url_launcher_android:prepareDebugArtProfile' as it is up-to-date.
[        ] Resolve mutations for :url_launcher_android:prepareLintJarForPublish (Thread[#38166,Execution worker Thread 28,5,main]) started.
[        ] :url_launcher_android:prepareLintJarForPublish (Thread[#38166,Execution worker Thread 28,5,main]) started.
[        ] > Task :url_launcher_android:prepareLintJarForPublish UP-TO-DATE
[        ] Caching disabled for task ':url_launcher_android:prepareLintJarForPublish' because:
[        ]   Build cache is disabled
[        ]   Caching has been disabled for the task
[        ] Skipping task ':url_launcher_android:prepareLintJarForPublish' as it is up-to-date.
[        ] Resolve mutations for :url_launcher_android:mergeDebugJavaResource (Thread[#38166,Execution worker Thread 28,5,main]) started.
[        ] :url_launcher_android:mergeDebugJavaResource (Thread[#38166,Execution worker Thread 28,5,main]) started.
[        ] > Task :url_launcher_android:mergeDebugJavaResource UP-TO-DATE
[        ] Caching disabled for task ':url_launcher_android:mergeDebugJavaResource' because:
[        ]   Build cache is disabled
[        ]   Caching has been disabled for the task
[        ] Skipping task ':url_launcher_android:mergeDebugJavaResource' as it is up-to-date.
[        ] Resolve mutations for :url_launcher_android:syncDebugLibJars (Thread[#38166,Execution worker Thread 28,5,main]) started.
[        ] :url_launcher_android:syncDebugLibJars (Thread[#38166,Execution worker Thread 28,5,main]) started.
[        ] > Task :url_launcher_android:syncDebugLibJars UP-TO-DATE
[        ] Caching disabled for task ':url_launcher_android:syncDebugLibJars' because:
[        ]   Build cache is disabled
[        ] Skipping task ':url_launcher_android:syncDebugLibJars' as it is up-to-date.
[        ] Resolve mutations for :url_launcher_android:bundleDebugAar (Thread[#38166,Execution worker Thread 28,5,main]) started.
[        ] :url_launcher_android:bundleDebugAar (Thread[#38166,Execution worker Thread 28,5,main]) started.
[        ] > Task :url_launcher_android:bundleDebugAar UP-TO-DATE
[        ] Caching disabled for task ':url_launcher_android:bundleDebugAar' because:
[        ]   Build cache is disabled
[        ]   Caching has been disabled for the task
[        ] Skipping task ':url_launcher_android:bundleDebugAar' as it is up-to-date.
[        ] Resolve mutations for :url_launcher_android:assembleDebug (Thread[#38166,Execution worker Thread 28,5,main]) started.
[        ] :url_launcher_android:assembleDebug (Thread[#38166,Execution worker Thread 28,5,main]) started.
[        ] > Task :url_launcher_android:assembleDebug UP-TO-DATE
[        ] Skipping task ':url_launcher_android:assembleDebug' as it has no actions.
[        ] Resolve mutations for :video_player_android:stripDebugDebugSymbols (Thread[#38166,Execution worker Thread 28,5,main]) started.
[        ] :video_player_android:stripDebugDebugSymbols (Thread[#38166,Execution worker Thread 28,5,main]) started.
[        ] > Task :video_player_android:stripDebugDebugSymbols NO-SOURCE
[        ] Skipping task ':video_player_android:stripDebugDebugSymbols' as it has no source files and no previous output files.
[        ] Resolve mutations for :video_player_android:copyDebugJniLibsProjectAndLocalJars (Thread[#38166,Execution worker Thread 28,5,main]) started.
[        ] :video_player_android:copyDebugJniLibsProjectAndLocalJars (Thread[#38166,Execution worker Thread 28,5,main]) started.
[        ] > Task :video_player_android:copyDebugJniLibsProjectAndLocalJars UP-TO-DATE
[        ] Caching disabled for task ':video_player_android:copyDebugJniLibsProjectAndLocalJars' because:
[        ]   Build cache is disabled
[        ]   Caching has been disabled for the task
[        ] Skipping task ':video_player_android:copyDebugJniLibsProjectAndLocalJars' as it is up-to-date.
[        ] Resolve mutations for :video_player_android:extractDebugAnnotations (Thread[#38166,Execution worker Thread 28,5,main]) started.
[        ] :video_player_android:extractDebugAnnotations (Thread[#38166,Execution worker Thread 28,5,main]) started.
[        ] > Task :video_player_android:extractDebugAnnotations UP-TO-DATE
[        ] Caching disabled for task ':video_player_android:extractDebugAnnotations' because:
[        ]   Build cache is disabled
[        ] Skipping task ':video_player_android:extractDebugAnnotations' as it is up-to-date.
[        ] Resolve mutations for :video_player_android:extractDeepLinksForAarDebug (Thread[#38166,Execution worker Thread 28,5,main]) started.
[        ] :video_player_android:extractDeepLinksForAarDebug (Thread[#38166,Execution worker Thread 28,5,main]) started.
[        ] > Task :video_player_android:extractDeepLinksForAarDebug UP-TO-DATE
[        ] Caching disabled for task ':video_player_android:extractDeepLinksForAarDebug' because:
[        ]   Build cache is disabled
[        ] Skipping task ':video_player_android:extractDeepLinksForAarDebug' as it is up-to-date.
[        ] Resolve mutations for :video_player_android:mergeDebugGeneratedProguardFiles (Thread[#38166,Execution worker Thread 28,5,main]) started.
[        ] :video_player_android:mergeDebugGeneratedProguardFiles (Thread[#38166,Execution worker Thread 28,5,main]) started.
[        ] > Task :video_player_android:mergeDebugGeneratedProguardFiles UP-TO-DATE
[        ] Caching disabled for task ':video_player_android:mergeDebugGeneratedProguardFiles' because:
[        ]   Build cache is disabled
[        ]   Simple merging task
[        ] Skipping task ':video_player_android:mergeDebugGeneratedProguardFiles' as it is up-to-date.
[        ] Resolve mutations for :video_player_android:mergeDebugConsumerProguardFiles (Thread[#38166,Execution worker Thread 28,5,main]) started.
[        ] :video_player_android:mergeDebugConsumerProguardFiles (Thread[#38166,Execution worker Thread 28,5,main]) started.
[        ] > Task :video_player_android:mergeDebugConsumerProguardFiles UP-TO-DATE
[        ] Caching disabled for task ':video_player_android:mergeDebugConsumerProguardFiles' because:
[        ]   Build cache is disabled
[        ]   Simple merging task
[        ] Skipping task ':video_player_android:mergeDebugConsumerProguardFiles' as it is up-to-date.
[        ] Resolve mutations for :video_player_android:prepareDebugArtProfile (Thread[#38166,Execution worker Thread 28,5,main]) started.
[        ] :video_player_android:prepareDebugArtProfile (Thread[#38166,Execution worker Thread 28,5,main]) started.
[        ] > Task :video_player_android:prepareDebugArtProfile UP-TO-DATE
[        ] Caching disabled for task ':video_player_android:prepareDebugArtProfile' because:
[        ]   Build cache is disabled
[        ]   Caching has been disabled for the task
[        ] Skipping task ':video_player_android:prepareDebugArtProfile' as it is up-to-date.
[        ] Resolve mutations for :video_player_android:prepareLintJarForPublish (Thread[#38166,Execution worker Thread 28,5,main]) started.
[        ] :video_player_android:prepareLintJarForPublish (Thread[#38166,Execution worker Thread 28,5,main]) started.
[        ] > Task :video_player_android:prepareLintJarForPublish UP-TO-DATE
[        ] Caching disabled for task ':video_player_android:prepareLintJarForPublish' because:
[        ]   Build cache is disabled
[        ]   Caching has been disabled for the task
[        ] Skipping task ':video_player_android:prepareLintJarForPublish' as it is up-to-date.
[        ] Resolve mutations for :video_player_android:mergeDebugJavaResource (Thread[#38166,Execution worker Thread 28,5,main]) started.
[        ] :video_player_android:mergeDebugJavaResource (Thread[#38166,Execution worker Thread 28,5,main]) started.
[        ] > Task :video_player_android:mergeDebugJavaResource UP-TO-DATE
[        ] Caching disabled for task ':video_player_android:mergeDebugJavaResource' because:
[        ]   Build cache is disabled
[        ]   Caching has been disabled for the task
[        ] Skipping task ':video_player_android:mergeDebugJavaResource' as it is up-to-date.
[        ] Resolve mutations for :video_player_android:syncDebugLibJars (Thread[#38166,Execution worker Thread 28,5,main]) started.
[        ] :video_player_android:syncDebugLibJars (Thread[#38166,Execution worker Thread 28,5,main]) started.
[        ] > Task :video_player_android:syncDebugLibJars UP-TO-DATE
[        ] Caching disabled for task ':video_player_android:syncDebugLibJars' because:
[        ]   Build cache is disabled
[        ] Skipping task ':video_player_android:syncDebugLibJars' as it is up-to-date.
[        ] Resolve mutations for :video_player_android:bundleDebugAar (Thread[#38166,Execution worker Thread 28,5,main]) started.
[        ] :video_player_android:bundleDebugAar (Thread[#38166,Execution worker Thread 28,5,main]) started.
[        ] > Task :video_player_android:bundleDebugAar UP-TO-DATE
[        ] Caching disabled for task ':video_player_android:bundleDebugAar' because:
[        ]   Build cache is disabled
[        ]   Caching has been disabled for the task
[        ] Skipping task ':video_player_android:bundleDebugAar' as it is up-to-date.
[        ] Resolve mutations for :video_player_android:assembleDebug (Thread[#38166,Execution worker Thread 28,5,main]) started.
[        ] :video_player_android:assembleDebug (Thread[#38166,Execution worker Thread 28,5,main]) started.
[        ] > Task :video_player_android:assembleDebug UP-TO-DATE
[        ] Skipping task ':video_player_android:assembleDebug' as it has no actions.
[ +576 ms] > Task :app:compressDebugAssets
[        ] Caching disabled for task ':app:compressDebugAssets' because:
[        ]   Build cache is disabled
[        ] Task ':app:compressDebugAssets' is not up-to-date because:
[        ]   Input property 'inputDirs' file /Users/florian/Code/substitution/build/app/intermediates/assets/debug/mergeDebugAssets/flutter_assets/kernel_blob.bin has changed.
[        ] Resolve mutations for :app:packageDebug (Thread[#38157,Execution worker Thread 19,5,main]) started.
[        ] :app:packageDebug (Thread[#38157,Execution worker Thread 19,5,main]) started.
02:35 +1 -6: loading /Users/florian/Code/substitution/integration_test/room_feed_with_matrix_test.dart                                                                                                 [ +300 ms] > Task :app:packageDebug
[        ] Custom actions are attached to task ':app:packageDebug'.
[        ] Caching disabled for task ':app:packageDebug' because:
[        ]   Build cache is disabled
[        ]   Caching has been disabled for the task
[        ] Task ':app:packageDebug' is not up-to-date because:
[        ]   Input property 'assets' file /Users/florian/Code/substitution/build/app/intermediates/compressed_assets/debug/compressDebugAssets/out/assets/flutter_assets/kernel_blob.bin.jar has changed.
[        ] Resolve mutations for :app:createDebugApkListingFileRedirect (Thread[#38157,Execution worker Thread 19,5,main]) started.
[        ] :app:createDebugApkListingFileRedirect (Thread[#38157,Execution worker Thread 19,5,main]) started.
[        ] > Task :app:createDebugApkListingFileRedirect UP-TO-DATE
[        ] Caching disabled for task ':app:createDebugApkListingFileRedirect' because:
[        ]   Build cache is disabled
[        ]   Caching has been disabled for the task
[        ] Skipping task ':app:createDebugApkListingFileRedirect' as it is up-to-date.
[        ] Resolve mutations for :app:assembleDebug (Thread[#38157,Execution worker Thread 19,5,main]) started.
[        ] :app:assembleDebug (Thread[#38157,Execution worker Thread 19,5,main]) started.
[  +61 ms] > Task :app:assembleDebug
[        ] Caching disabled for task ':app:assembleDebug' because:
[        ]   Build cache is disabled
[        ] Task ':app:assembleDebug' is not up-to-date because:
[        ]   Task has not declared any outputs despite executing actions.
[        ] [Incubating] Problems report is available at: file:///Users/florian/Code/substitution/build/reports/problems/problems-report.html
[        ] Deprecated Gradle features were used in this build, making it incompatible with Gradle 9.0.
[        ] You can use '--warning-mode all' to show the individual deprecation warnings and determine if they come from your own scripts or plugins.
[        ] For more on this, please refer to https://docs.gradle.org/8.12.1/userguide/command_line_interface.html#sec:command_line_warnings in the Gradle documentation.
[        ] BUILD SUCCESSFUL in 12s
[        ] 458 actionable tasks: 29 executed, 429 up-to-date
[        ] Watched directory hierarchies: [/opt/homebrew/share/flutter/packages/flutter_tools/gradle, /Users/florian/Code/substitution/android]
[  +20 ms] Running Gradle task 'assembleDebug'... (completed in 12,5s)
[   +6 ms] Calculate SHA1: LocalDirectory: '/Users/florian/Code/substitution/build/app/outputs/flutter-apk'/app-debug.apk
[+1043 ms] ✓ Built build/app/outputs/flutter-apk/app-debug.apk
[   +1 ms] executing: /Users/florian/Library/Android/sdk/build-tools/36.1.0/aapt dump xmltree /Users/florian/Code/substitution/build/app/outputs/flutter-apk/app-debug.apk AndroidManifest.xml
[  +13 ms] Exit code 0 from: /Users/florian/Library/Android/sdk/build-tools/36.1.0/aapt dump xmltree /Users/florian/Code/substitution/build/app/outputs/flutter-apk/app-debug.apk AndroidManifest.xml
[        ] N: android=http://schemas.android.com/apk/res/android
             E: manifest (line=2)
               A: android:versionCode(0x0101021b)=(type 0x10)0x7
               A: android:versionName(0x0101021c)="1.0.0" (Raw: "1.0.0")
               A: android:compileSdkVersion(0x01010572)=(type 0x10)0x24
               A: android:compileSdkVersionCodename(0x01010573)="16" (Raw: "16")
               A: package="art.substitution.substitution" (Raw: "art.substitution.substitution")
               A: platformBuildVersionCode=(type 0x10)0x24
               A: platformBuildVersionName=(type 0x10)0x10
               E: uses-sdk (line=7)
                 A: android:minSdkVersion(0x0101020c)=(type 0x10)0x18
                 A: android:targetSdkVersion(0x01010270)=(type 0x10)0x22
               E: uses-permission (line=15)
                 A: android:name(0x01010003)="android.permission.INTERNET" (Raw: "android.permission.INTERNET")
               E: uses-permission (line=16)
                 A: android:name(0x01010003)="android.permission.ACCESS_NETWORK_STATE" (Raw: "android.permission.ACCESS_NETWORK_STATE")
               E: permission (line=18)
                 A: android:name(0x01010003)="art.substitution.substitution.DYNAMIC_RECEIVER_NOT_EXPORTED_PERMISSION" (Raw: "art.substitution.substitution.DYNAMIC_RECEIVER_NOT_EXPORTED_PERMISSION")
                 A: android:protectionLevel(0x01010009)=(type 0x11)0x2
               E: uses-permission (line=22)
                 A: android:name(0x01010003)="art.substitution.substitution.DYNAMIC_RECEIVER_NOT_EXPORTED_PERMISSION" (Raw: "art.substitution.substitution.DYNAMIC_RECEIVER_NOT_EXPORTED_PERMISSION")
               E: application (line=24)
                 A: android:label(0x01010001)="substitution" (Raw: "substitution")
                 A: android:icon(0x01010002)=@0x7f0c0000
                 A: android:name(0x01010003)="android.app.Application" (Raw: "android.app.Application")
                 A: android:debuggable(0x0101000f)=(type 0x12)0xffffffff
                 A: android:extractNativeLibs(0x010104ea)=(type 0x12)0x0
                 A: android:appComponentFactory(0x0101057a)="androidx.core.app.CoreComponentFactory" (Raw: "androidx.core.app.CoreComponentFactory")
                 E: activity (line=31)
                   A: android:theme(0x01010000)=@0x7f0e00a2
                   A: android:name(0x01010003)="art.substitution.substitution.MainActivity" (Raw: "art.substitution.substitution.MainActivity")
                   A: android:exported(0x01010010)=(type 0x12)0xffffffff
                   A: android:launchMode(0x0101001d)=(type 0x10)0x1
                   A: android:configChanges(0x0101001f)=(type 0x11)0x40003fb4
                   A: android:windowSoftInputMode(0x0101022b)=(type 0x11)0x10
                   A: android:hardwareAccelerated(0x010102d3)=(type 0x12)0xffffffff
                   E: meta-data (line=46)
                     A: android:name(0x01010003)="io.flutter.embedding.android.NormalTheme" (Raw: "io.flutter.embedding.android.NormalTheme")
                     A: android:resource(0x01010025)=@0x7f0e00a3
                   E: intent-filter (line=50)
                     E: action (line=51)
                       A: android:name(0x01010003)="android.intent.action.MAIN" (Raw: "android.intent.action.MAIN")
                     E: category (line=53)
                       A: android:name(0x01010003)="android.intent.category.LAUNCHER" (Raw: "android.intent.category.LAUNCHER")
                   E: intent-filter (line=56)
                     E: action (line=57)
                       A: android:name(0x01010003)="android.intent.action.VIEW" (Raw: "android.intent.action.VIEW")
                     E: category (line=59)
                       A: android:name(0x01010003)="android.intent.category.DEFAULT" (Raw: "android.intent.category.DEFAULT")
                     E: category (line=60)
                       A: android:name(0x01010003)="android.intent.category.BROWSABLE" (Raw: "android.intent.category.BROWSABLE")
                     E: data (line=62)
                       A: android:scheme(0x01010027)="substitution" (Raw: "substitution")
                       A: android:host(0x01010028)="auth" (Raw: "auth")
                       A: android:pathPrefix(0x0101002b)="/login-callback" (Raw: "/login-callback")
                 E: meta-data (line=72)
                   A: android:name(0x01010003)="flutterEmbedding" (Raw: "flutterEmbedding")
                   A: android:value(0x01010024)=(type 0x10)0x2
                 E: activity (line=76)
                   A: android:theme(0x01010000)=@0x01030007
                   A: android:name(0x01010003)="io.flutter.plugins.urllauncher.WebViewActivity" (Raw: "io.flutter.plugins.urllauncher.WebViewActivity")
                   A: android:exported(0x01010010)=(type 0x12)0x0
                 E: uses-library (line=81)
                   A: android:name(0x01010003)="androidx.window.extensions" (Raw: "androidx.window.extensions")
                   A: android:required(0x0101028e)=(type 0x12)0x0
                 E: uses-library (line=84)
                   A: android:name(0x01010003)="androidx.window.sidecar" (Raw: "androidx.window.sidecar")
                   A: android:required(0x0101028e)=(type 0x12)0x0
                 E: provider (line=88)
                   A: android:name(0x01010003)="androidx.startup.InitializationProvider" (Raw: "androidx.startup.InitializationProvider")
                   A: android:exported(0x01010010)=(type 0x12)0x0
                   A: android:authorities(0x01010018)="art.substitution.substitution.androidx-startup" (Raw: "art.substitution.substitution.androidx-startup")
                   E: meta-data (line=92)
                     A: android:name(0x01010003)="androidx.lifecycle.ProcessLifecycleInitializer" (Raw: "androidx.lifecycle.ProcessLifecycleInitializer")
                     A: android:value(0x01010024)="androidx.startup" (Raw: "androidx.startup")
                   E: meta-data (line=95)
                     A: android:name(0x01010003)="androidx.profileinstaller.ProfileInstallerInitializer" (Raw: "androidx.profileinstaller.ProfileInstallerInitializer")
                     A: android:value(0x01010024)="androidx.startup" (Raw: "androidx.startup")
                 E: receiver (line=100)
                   A: android:name(0x01010003)="androidx.profileinstaller.ProfileInstallReceiver" (Raw: "androidx.profileinstaller.ProfileInstallReceiver")
                   A: android:permission(0x01010006)="android.permission.DUMP" (Raw: "android.permission.DUMP")
                   A: android:enabled(0x0101000e)=(type 0x12)0xffffffff
                   A: android:exported(0x01010010)=(type 0x12)0xffffffff
                   A: android:directBootAware(0x01010505)=(type 0x12)0x0
                   E: intent-filter (line=106)
                     E: action (line=107)
                       A: android:name(0x01010003)="androidx.profileinstaller.action.INSTALL_PROFILE" (Raw: "androidx.profileinstaller.action.INSTALL_PROFILE")
                   E: intent-filter (line=109)
                     E: action (line=110)
                       A: android:name(0x01010003)="androidx.profileinstaller.action.SKIP_FILE" (Raw: "androidx.profileinstaller.action.SKIP_FILE")
                   E: intent-filter (line=112)
                     E: action (line=113)
                       A: android:name(0x01010003)="androidx.profileinstaller.action.SAVE_PROFILE" (Raw: "androidx.profileinstaller.action.SAVE_PROFILE")
                   E: intent-filter (line=115)
                     E: action (line=116)
                       A: android:name(0x01010003)="androidx.profileinstaller.action.BENCHMARK_OPERATION" (Raw: "androidx.profileinstaller.action.BENCHMARK_OPERATION")
[        ] Stopping app 'app-debug.apk' on sdk gphone64 arm64.
[        ] executing: /Users/florian/Library/Android/sdk/platform-tools/adb -s emulator-5554 shell am force-stop art.substitution.substitution
02:36 +1 -6: loading /Users/florian/Code/substitution/integration_test/room_feed_with_matrix_test.dart                                                                                                 [  +22 ms] Installing APK.
[        ] Installing build/app/outputs/flutter-apk/app-debug.apk...
[        ] executing: /Users/florian/Library/Android/sdk/platform-tools/adb -s emulator-5554 install -t -r /Users/florian/Code/substitution/build/app/outputs/flutter-apk/app-debug.apk
[ +401 ms] Performing Streamed Install
           Success
[        ] Installing build/app/outputs/flutter-apk/app-debug.apk... (completed in 401ms)
[        ] executing: /Users/florian/Library/Android/sdk/platform-tools/adb -s emulator-5554 shell echo -n 91f365c50a9f24e7c1a8d168339195f310a2a78c > /data/local/tmp/sky.art.substitution.substitution.sha1
[  +19 ms] executing: /Users/florian/Library/Android/sdk/platform-tools/adb -s emulator-5554 shell -x logcat -v time -t 1
[  +86 ms] --------- beginning of main
           02-16 23:57:27.909 W/SignedPackage(  668): Package doesn't have required signing certificate: com.google.android.apps.work.clouddpc
[   +3 ms] executing: /Users/florian/Library/Android/sdk/platform-tools/adb -s emulator-5554 shell am start -a android.intent.action.MAIN -c android.intent.category.LAUNCHER -f 0x20000000 --ez enable-dart-profiling true --ez enable-checked-mode true --ez verify-entry-points true art.substitution.substitution/art.substitution.substitution.MainActivity
02:37 +1 -6: loading /Users/florian/Code/substitution/integration_test/room_feed_with_matrix_test.dart                                                                                                 [ +210 ms] Starting: Intent { act=android.intent.action.MAIN cat=[android.intent.category.LAUNCHER] flg=0x20000000 cmp=art.substitution.substitution/.MainActivity (has extras) }
[        ] Waiting for VM Service port to be available...
02:38 +1 -6: loading /Users/florian/Code/substitution/integration_test/room_feed_with_matrix_test.dart                                                                                                 [+1633 ms] VM Service URL on device: http://127.0.0.1:44765/UtFzefyUqbk=/
[        ] executing: /Users/florian/Library/Android/sdk/platform-tools/adb -s emulator-5554 forward tcp:0 tcp:44765
[  +14 ms] 54498
[        ] Forwarded host port 54498 to device port 44765 for VM Service
[        ] test 2: Starting Dart Development Service
[        ] Launching a Dart Developer Service (DDS) instance at http://127.0.0.1:0, connecting to VM service at http://127.0.0.1:54498/UtFzefyUqbk=/.
[ +167 ms] test 2: Dart Development Service started at http://127.0.0.1:54501/sfRC90LyKDo=/, forwarding to VM service at http://127.0.0.1:54498/UtFzefyUqbk=/.
[        ] test 2: Connecting to vm service
[        ] test 2: VM Service uri is available at http://127.0.0.1:54501/sfRC90LyKDo=/
[   +3 ms] test 2: Finding the correct isolate with the integration test service extension
[ +130 ms] test 2: connected to test device, now awaiting test result
[        ] test 2: Waiting for test harness or tests to finish
02:39 +1 -6: loading /Users/florian/Code/substitution/integration_test/room_feed_with_matrix_test.dart                                                                                                 02:39 +1 -6: /Users/florian/Code/substitution/integration_test/room_feed_with_matrix_test.dart: Individual Room Feed with Real Matrix Server View individual room feed (test_general with 5 messages)  02:39 +1 -6: /Users/florian/Code/substitution/integration_test/room_feed_with_matrix_test.dart: Individual Room Feed with Real Matrix Server View individual room feed (test_general with 5 messages)  
[90m[🌎 Easy Localization] [DEBUG] Localization initialized[0m
[Matrix] [32mInitialize client Substitution[0m
[Matrix] [32mUser is not logged in.[0m
[90m[🌎 Easy Localization] [DEBUG] Start[0m
[90m[🌎 Easy Localization] [DEBUG] Init state[0m
[90m[🌎 Easy Localization] [DEBUG] Build[0m
[90m[🌎 Easy Localization] [DEBUG] Init Localization Delegate[0m
[90m[🌎 Easy Localization] [DEBUG] Init provider[0m
[90m[🌎 Easy Localization] [DEBUG] Load Localization Delegate[0m
[90m[🌎 Easy Localization] [DEBUG] Load asset from assets/translations[0m
[90m[🌎 Easy Localization] [DEBUG] Build[0m
[90m[🌎 Easy Localization] [DEBUG] Init Localization Delegate[0m
[90m[🌎 Easy Localization] [DEBUG] Init provider[0m
══╡ EXCEPTION CAUGHT BY FLUTTER TEST FRAMEWORK ╞════════════════════════════════════════════════════
The following TestFailure was thrown running a test:
Expected: exactly one matching candidate
  Actual: _KeyWidgetFinder:<Found 0 widgets with key [<'loginUsernameInput'>]: []>
   Which: means none were found but one was expected
Username field should be visible on login page

When the exception was thrown, this was the stack:
#4      main.<anonymous closure>.loginUser (file:///Users/florian/Code/substitution/integration_test/room_feed_with_matrix_test.dart:83:7)
<asynchronous suspension>
#5      main.<anonymous closure>.<anonymous closure> (file:///Users/florian/Code/substitution/integration_test/room_feed_with_matrix_test.dart:103:9)
<asynchronous suspension>
#6      testWidgets.<anonymous closure>.<anonymous closure> (package:flutter_test/src/widget_tester.dart:192:15)
<asynchronous suspension>
#7      TestWidgetsFlutterBinding._runTestBody (package:flutter_test/src/binding.dart:1059:5)
<asynchronous suspension>
<asynchronous suspension>
(elided one frame from package:stack_trace)

This was caught by the test expectation on the following line:
  file:///Users/florian/Code/substitution/integration_test/room_feed_with_matrix_test.dart line 83
The test description was:
  View individual room feed (test_general with 5 messages)
════════════════════════════════════════════════════════════════════════════════════════════════════
02:57 +1 -7: /Users/florian/Code/substitution/integration_test/room_feed_with_matrix_test.dart: Individual Room Feed with Real Matrix Server View individual room feed (test_general with 5 messages) [E]
  Test failed. See exception logs above.
  The test description was: View individual room feed (test_general with 5 messages)
  

To run this test again: /opt/homebrew/share/flutter/bin/cache/dart-sdk/bin/dart test /Users/florian/Code/substitution/integration_test/room_feed_with_matrix_test.dart -p vm --plain-name 'Individual Room Feed with Real Matrix Server View individual room feed (test_general with 5 messages)'
02:57 +1 -7: /Users/florian/Code/substitution/integration_test/room_feed_with_matrix_test.dart: Individual Room Feed with Real Matrix Server Room feed shows correct message count                     02:57 +1 -7: /Users/florian/Code/substitution/integration_test/room_feed_with_matrix_test.dart: Individual Room Feed with Real Matrix Server Room feed shows correct message count                     
[90m[🌎 Easy Localization] [DEBUG] Localization initialized[0m
[Matrix] [32mInitialize client Substitution[0m
[Matrix] [32mUser is not logged in.[0m
[90m[🌎 Easy Localization] [DEBUG] Start[0m
02:59 +1 -7: /Users/florian/Code/substitution/integration_test/room_feed_with_matrix_test.dart: Individual Room Feed with Real Matrix Server View individual room feed (test_general with 5 messages)  
[90m[🌎 Easy Localization] [DEBUG] Init state[0m
[90m[🌎 Easy Localization] [DEBUG] Build[0m
[90m[🌎 Easy Localization] [DEBUG] Init Localization Delegate[0m
[90m[🌎 Easy Localization] [DEBUG] Init provider[0m
[90m[🌎 Easy Localization] [DEBUG] Load Localization Delegate[0m
[90m[🌎 Easy Localization] [DEBUG] Load asset from assets/translations[0m
[90m[🌎 Easy Localization] [DEBUG] Build[0m
[90m[🌎 Easy Localization] [DEBUG] Init Localization Delegate[0m
[90m[🌎 Easy Localization] [DEBUG] Init provider[0m
03:13 +1 -7: /Users/florian/Code/substitution/integration_test/room_feed_with_matrix_test.dart: Individual Room Feed with Real Matrix Server Room feed shows correct message count                     
══╡ EXCEPTION CAUGHT BY FLUTTER TEST FRAMEWORK ╞════════════════════════════════════════════════════
The following TestFailure was thrown running a test:
Expected: exactly one matching candidate
  Actual: _KeyWidgetFinder:<Found 0 widgets with key [<'loginUsernameInput'>]: []>
   Which: means none were found but one was expected
Username field should be visible on login page

When the exception was thrown, this was the stack:
#4      main.<anonymous closure>.loginUser (file:///Users/florian/Code/substitution/integration_test/room_feed_with_matrix_test.dart:83:7)
<asynchronous suspension>
#5      main.<anonymous closure>.<anonymous closure> (file:///Users/florian/Code/substitution/integration_test/room_feed_with_matrix_test.dart:135:9)
<asynchronous suspension>
#6      testWidgets.<anonymous closure>.<anonymous closure> (package:flutter_test/src/widget_tester.dart:192:15)
<asynchronous suspension>
#7      TestWidgetsFlutterBinding._runTestBody (package:flutter_test/src/binding.dart:1059:5)
<asynchronous suspension>
<asynchronous suspension>
(elided one frame from package:stack_trace)

This was caught by the test expectation on the following line:
  file:///Users/florian/Code/substitution/integration_test/room_feed_with_matrix_test.dart line 83
The test description was:
  Room feed shows correct message count
════════════════════════════════════════════════════════════════════════════════════════════════════
03:13 +1 -8: /Users/florian/Code/substitution/integration_test/room_feed_with_matrix_test.dart: Individual Room Feed with Real Matrix Server Room feed shows correct message count [E]                 
  Test failed. See exception logs above.
  The test description was: Room feed shows correct message count
  

To run this test again: /opt/homebrew/share/flutter/bin/cache/dart-sdk/bin/dart test /Users/florian/Code/substitution/integration_test/room_feed_with_matrix_test.dart -p vm --plain-name 'Individual Room Feed with Real Matrix Server Room feed shows correct message count'
03:13 +1 -8: /Users/florian/Code/substitution/integration_test/room_feed_with_matrix_test.dart: Individual Room Feed with Real Matrix Server Empty room (test_art) displays correctly with no messages 03:13 +1 -8: /Users/florian/Code/substitution/integration_test/room_feed_with_matrix_test.dart: Individual Room Feed with Real Matrix Server Empty room (test_art) displays correctly with no messages 
[90m[🌎 Easy Localization] [DEBUG] Localization initialized[0m
[Matrix] [32mInitialize client Substitution[0m
[Matrix] [32mUser is not logged in.[0m
[90m[🌎 Easy Localization] [DEBUG] Start[0m
03:15 +1 -8: /Users/florian/Code/substitution/integration_test/room_feed_with_matrix_test.dart: Individual Room Feed with Real Matrix Server View individual room feed (test_general with 5 messages)  
[90m[🌎 Easy Localization] [DEBUG] Init state[0m
[90m[🌎 Easy Localization] [DEBUG] Build[0m
[90m[🌎 Easy Localization] [DEBUG] Init Localization Delegate[0m
[90m[🌎 Easy Localization] [DEBUG] Init provider[0m
[90m[🌎 Easy Localization] [DEBUG] Load Localization Delegate[0m
[90m[🌎 Easy Localization] [DEBUG] Load asset from assets/translations[0m
[90m[🌎 Easy Localization] [DEBUG] Build[0m
[90m[🌎 Easy Localization] [DEBUG] Init Localization Delegate[0m
[90m[🌎 Easy Localization] [DEBUG] Init provider[0m
03:28 +1 -8: /Users/florian/Code/substitution/integration_test/room_feed_with_matrix_test.dart: Individual Room Feed with Real Matrix Server Empty room (test_art) displays correctly with no messages 
══╡ EXCEPTION CAUGHT BY FLUTTER TEST FRAMEWORK ╞════════════════════════════════════════════════════
The following TestFailure was thrown running a test:
Expected: exactly one matching candidate
  Actual: _KeyWidgetFinder:<Found 0 widgets with key [<'loginUsernameInput'>]: []>
   Which: means none were found but one was expected
Username field should be visible on login page

When the exception was thrown, this was the stack:
#4      main.<anonymous closure>.loginUser (file:///Users/florian/Code/substitution/integration_test/room_feed_with_matrix_test.dart:83:7)
<asynchronous suspension>
#5      main.<anonymous closure>.<anonymous closure> (file:///Users/florian/Code/substitution/integration_test/room_feed_with_matrix_test.dart:165:9)
<asynchronous suspension>
#6      testWidgets.<anonymous closure>.<anonymous closure> (package:flutter_test/src/widget_tester.dart:192:15)
<asynchronous suspension>
#7      TestWidgetsFlutterBinding._runTestBody (package:flutter_test/src/binding.dart:1059:5)
<asynchronous suspension>
<asynchronous suspension>
(elided one frame from package:stack_trace)

This was caught by the test expectation on the following line:
  file:///Users/florian/Code/substitution/integration_test/room_feed_with_matrix_test.dart line 83
The test description was:
  Empty room (test_art) displays correctly with no messages
════════════════════════════════════════════════════════════════════════════════════════════════════
03:28 +1 -9: /Users/florian/Code/substitution/integration_test/room_feed_with_matrix_test.dart: Individual Room Feed with Real Matrix Server Empty room (test_art) displays correctly with no messages [E]
  Test failed. See exception logs above.
  The test description was: Empty room (test_art) displays correctly with no messages
  

To run this test again: /opt/homebrew/share/flutter/bin/cache/dart-sdk/bin/dart test /Users/florian/Code/substitution/integration_test/room_feed_with_matrix_test.dart -p vm --plain-name 'Individual Room Feed with Real Matrix Server Empty room (test_art) displays correctly with no messages'
03:28 +1 -9: /Users/florian/Code/substitution/integration_test/room_feed_with_matrix_test.dart: Individual Room Feed with Real Matrix Server Room feed allows scrolling through message history        03:28 +1 -9: /Users/florian/Code/substitution/integration_test/room_feed_with_matrix_test.dart: Individual Room Feed with Real Matrix Server Room feed allows scrolling through message history        
[90m[🌎 Easy Localization] [DEBUG] Localization initialized[0m
[Matrix] [32mInitialize client Substitution[0m
[Matrix] [32mUser is not logged in.[0m
[90m[🌎 Easy Localization] [DEBUG] Start[0m
03:30 +1 -9: /Users/florian/Code/substitution/integration_test/room_feed_with_matrix_test.dart: Individual Room Feed with Real Matrix Server View individual room feed (test_general with 5 messages)  
[90m[🌎 Easy Localization] [DEBUG] Init state[0m
[90m[🌎 Easy Localization] [DEBUG] Build[0m
[90m[🌎 Easy Localization] [DEBUG] Init Localization Delegate[0m
[90m[🌎 Easy Localization] [DEBUG] Init provider[0m
[90m[🌎 Easy Localization] [DEBUG] Load Localization Delegate[0m
[90m[🌎 Easy Localization] [DEBUG] Load asset from assets/translations[0m
[90m[🌎 Easy Localization] [DEBUG] Build[0m
[90m[🌎 Easy Localization] [DEBUG] Init Localization Delegate[0m
[90m[🌎 Easy Localization] [DEBUG] Init provider[0m
03:47 +1 -9: /Users/florian/Code/substitution/integration_test/room_feed_with_matrix_test.dart: Individual Room Feed with Real Matrix Server Room feed allows scrolling through message history        
══╡ EXCEPTION CAUGHT BY FLUTTER TEST FRAMEWORK ╞════════════════════════════════════════════════════
The following TestFailure was thrown running a test:
Expected: exactly one matching candidate
  Actual: _KeyWidgetFinder:<Found 0 widgets with key [<'loginUsernameInput'>]: []>
   Which: means none were found but one was expected
Username field should be visible on login page

When the exception was thrown, this was the stack:
#4      main.<anonymous closure>.loginUser (file:///Users/florian/Code/substitution/integration_test/room_feed_with_matrix_test.dart:83:7)
<asynchronous suspension>
#5      main.<anonymous closure>.<anonymous closure> (file:///Users/florian/Code/substitution/integration_test/room_feed_with_matrix_test.dart:186:9)
<asynchronous suspension>
#6      testWidgets.<anonymous closure>.<anonymous closure> (package:flutter_test/src/widget_tester.dart:192:15)
<asynchronous suspension>
#7      TestWidgetsFlutterBinding._runTestBody (package:flutter_test/src/binding.dart:1059:5)
<asynchronous suspension>
<asynchronous suspension>
(elided one frame from package:stack_trace)

This was caught by the test expectation on the following line:
  file:///Users/florian/Code/substitution/integration_test/room_feed_with_matrix_test.dart line 83
The test description was:
  Room feed allows scrolling through message history
════════════════════════════════════════════════════════════════════════════════════════════════════
03:47 +1 -10: /Users/florian/Code/substitution/integration_test/room_feed_with_matrix_test.dart: Individual Room Feed with Real Matrix Server Room feed allows scrolling through message history [E]   
  Test failed. See exception logs above.
  The test description was: Room feed allows scrolling through message history
  

To run this test again: /opt/homebrew/share/flutter/bin/cache/dart-sdk/bin/dart test /Users/florian/Code/substitution/integration_test/room_feed_with_matrix_test.dart -p vm --plain-name 'Individual Room Feed with Real Matrix Server Room feed allows scrolling through message history'
03:47 +1 -10: /Users/florian/Code/substitution/integration_test/room_feed_with_matrix_test.dart: Individual Room Feed with Real Matrix Server Room displays user information with messages             03:47 +1 -10: /Users/florian/Code/substitution/integration_test/room_feed_with_matrix_test.dart: Individual Room Feed with Real Matrix Server Room displays user information with messages             
[90m[🌎 Easy Localization] [DEBUG] Localization initialized[0m
[Matrix] [32mInitialize client Substitution[0m
[Matrix] [32mUser is not logged in.[0m
[90m[🌎 Easy Localization] [DEBUG] Start[0m
03:49 +1 -10: /Users/florian/Code/substitution/integration_test/room_feed_with_matrix_test.dart: Individual Room Feed with Real Matrix Server View individual room feed (test_general with 5 messages) 
[90m[🌎 Easy Localization] [DEBUG] Init state[0m
[90m[🌎 Easy Localization] [DEBUG] Build[0m
[90m[🌎 Easy Localization] [DEBUG] Init Localization Delegate[0m
[90m[🌎 Easy Localization] [DEBUG] Init provider[0m
[90m[🌎 Easy Localization] [DEBUG] Load Localization Delegate[0m
[90m[🌎 Easy Localization] [DEBUG] Load asset from assets/translations[0m
[90m[🌎 Easy Localization] [DEBUG] Build[0m
[90m[🌎 Easy Localization] [DEBUG] Init Localization Delegate[0m
[90m[🌎 Easy Localization] [DEBUG] Init provider[0m
04:06 +1 -10: /Users/florian/Code/substitution/integration_test/room_feed_with_matrix_test.dart: Individual Room Feed with Real Matrix Server Room displays user information with messages             
══╡ EXCEPTION CAUGHT BY FLUTTER TEST FRAMEWORK ╞════════════════════════════════════════════════════
The following TestFailure was thrown running a test:
Expected: exactly one matching candidate
  Actual: _KeyWidgetFinder:<Found 0 widgets with key [<'loginUsernameInput'>]: []>
   Which: means none were found but one was expected
Username field should be visible on login page

When the exception was thrown, this was the stack:
#4      main.<anonymous closure>.loginUser (file:///Users/florian/Code/substitution/integration_test/room_feed_with_matrix_test.dart:83:7)
<asynchronous suspension>
#5      main.<anonymous closure>.<anonymous closure> (file:///Users/florian/Code/substitution/integration_test/room_feed_with_matrix_test.dart:217:9)
<asynchronous suspension>
#6      testWidgets.<anonymous closure>.<anonymous closure> (package:flutter_test/src/widget_tester.dart:192:15)
<asynchronous suspension>
#7      TestWidgetsFlutterBinding._runTestBody (package:flutter_test/src/binding.dart:1059:5)
<asynchronous suspension>
<asynchronous suspension>
(elided one frame from package:stack_trace)

This was caught by the test expectation on the following line:
  file:///Users/florian/Code/substitution/integration_test/room_feed_with_matrix_test.dart line 83
The test description was:
  Room displays user information with messages
════════════════════════════════════════════════════════════════════════════════════════════════════
04:06 +1 -11: /Users/florian/Code/substitution/integration_test/room_feed_with_matrix_test.dart: Individual Room Feed with Real Matrix Server Room displays user information with messages [E]         
  Test failed. See exception logs above.
  The test description was: Room displays user information with messages
  

To run this test again: /opt/homebrew/share/flutter/bin/cache/dart-sdk/bin/dart test /Users/florian/Code/substitution/integration_test/room_feed_with_matrix_test.dart -p vm --plain-name 'Individual Room Feed with Real Matrix Server Room displays user information with messages'
04:06 +1 -11: /Users/florian/Code/substitution/integration_test/room_feed_with_matrix_test.dart: (tearDownAll)                                                                                         [+87942 ms] test 2: Test harness is no longer needed by test process
[        ] test 2: finished
[        ] test 2: cleaning up...
[        ] test 2: ensuring test device is terminated.
[        ] executing: /Users/florian/Library/Android/sdk/platform-tools/adb -s emulator-5554 shell am force-stop art.substitution.substitution
[        ] test 2: Test process is no longer needed by test harness
[  +65 ms] executing: /Users/florian/Library/Android/sdk/platform-tools/adb -s emulator-5554 uninstall art.substitution.substitution
04:07 +1 -11: /Users/florian/Code/substitution/integration_test/room_feed_with_matrix_test.dart: (tearDownAll)                                                                                         [ +207 ms] Success
[        ] test 2: deleting temporary directory
[        ] test 2: finished
04:07 +1 -11: loading /Users/florian/Code/substitution/integration_test/feed_with_matrix_test.dart                                                                                                     [        ] test 3: starting test /Users/florian/Code/substitution/integration_test/feed_with_matrix_test.dart
[        ] Stopping scan for flutter_test_config.dart; found project root at /Users/florian/Code/substitution
[        ] test 3: starting test device
[        ] test 3: awaiting connection to test device
[        ] executing: /Users/florian/Library/Android/sdk/build-tools/36.1.0/aapt dump xmltree /Users/florian/Code/substitution/build/app/outputs/flutter-apk/app-debug.apk AndroidManifest.xml
[  +10 ms] Exit code 0 from: /Users/florian/Library/Android/sdk/build-tools/36.1.0/aapt dump xmltree /Users/florian/Code/substitution/build/app/outputs/flutter-apk/app-debug.apk AndroidManifest.xml
[        ] N: android=http://schemas.android.com/apk/res/android
             E: manifest (line=2)
               A: android:versionCode(0x0101021b)=(type 0x10)0x7
               A: android:versionName(0x0101021c)="1.0.0" (Raw: "1.0.0")
               A: android:compileSdkVersion(0x01010572)=(type 0x10)0x24
               A: android:compileSdkVersionCodename(0x01010573)="16" (Raw: "16")
               A: package="art.substitution.substitution" (Raw: "art.substitution.substitution")
               A: platformBuildVersionCode=(type 0x10)0x24
               A: platformBuildVersionName=(type 0x10)0x10
               E: uses-sdk (line=7)
                 A: android:minSdkVersion(0x0101020c)=(type 0x10)0x18
                 A: android:targetSdkVersion(0x01010270)=(type 0x10)0x22
               E: uses-permission (line=15)
                 A: android:name(0x01010003)="android.permission.INTERNET" (Raw: "android.permission.INTERNET")
               E: uses-permission (line=16)
                 A: android:name(0x01010003)="android.permission.ACCESS_NETWORK_STATE" (Raw: "android.permission.ACCESS_NETWORK_STATE")
               E: permission (line=18)
                 A: android:name(0x01010003)="art.substitution.substitution.DYNAMIC_RECEIVER_NOT_EXPORTED_PERMISSION" (Raw: "art.substitution.substitution.DYNAMIC_RECEIVER_NOT_EXPORTED_PERMISSION")
                 A: android:protectionLevel(0x01010009)=(type 0x11)0x2
               E: uses-permission (line=22)
                 A: android:name(0x01010003)="art.substitution.substitution.DYNAMIC_RECEIVER_NOT_EXPORTED_PERMISSION" (Raw: "art.substitution.substitution.DYNAMIC_RECEIVER_NOT_EXPORTED_PERMISSION")
               E: application (line=24)
                 A: android:label(0x01010001)="substitution" (Raw: "substitution")
                 A: android:icon(0x01010002)=@0x7f0c0000
                 A: android:name(0x01010003)="android.app.Application" (Raw: "android.app.Application")
                 A: android:debuggable(0x0101000f)=(type 0x12)0xffffffff
                 A: android:extractNativeLibs(0x010104ea)=(type 0x12)0x0
                 A: android:appComponentFactory(0x0101057a)="androidx.core.app.CoreComponentFactory" (Raw: "androidx.core.app.CoreComponentFactory")
                 E: activity (line=31)
                   A: android:theme(0x01010000)=@0x7f0e00a2
                   A: android:name(0x01010003)="art.substitution.substitution.MainActivity" (Raw: "art.substitution.substitution.MainActivity")
                   A: android:exported(0x01010010)=(type 0x12)0xffffffff
                   A: android:launchMode(0x0101001d)=(type 0x10)0x1
                   A: android:configChanges(0x0101001f)=(type 0x11)0x40003fb4
                   A: android:windowSoftInputMode(0x0101022b)=(type 0x11)0x10
                   A: android:hardwareAccelerated(0x010102d3)=(type 0x12)0xffffffff
                   E: meta-data (line=46)
                     A: android:name(0x01010003)="io.flutter.embedding.android.NormalTheme" (Raw: "io.flutter.embedding.android.NormalTheme")
                     A: android:resource(0x01010025)=@0x7f0e00a3
                   E: intent-filter (line=50)
                     E: action (line=51)
                       A: android:name(0x01010003)="android.intent.action.MAIN" (Raw: "android.intent.action.MAIN")
                     E: category (line=53)
                       A: android:name(0x01010003)="android.intent.category.LAUNCHER" (Raw: "android.intent.category.LAUNCHER")
                   E: intent-filter (line=56)
                     E: action (line=57)
                       A: android:name(0x01010003)="android.intent.action.VIEW" (Raw: "android.intent.action.VIEW")
                     E: category (line=59)
                       A: android:name(0x01010003)="android.intent.category.DEFAULT" (Raw: "android.intent.category.DEFAULT")
                     E: category (line=60)
                       A: android:name(0x01010003)="android.intent.category.BROWSABLE" (Raw: "android.intent.category.BROWSABLE")
                     E: data (line=62)
                       A: android:scheme(0x01010027)="substitution" (Raw: "substitution")
                       A: android:host(0x01010028)="auth" (Raw: "auth")
                       A: android:pathPrefix(0x0101002b)="/login-callback" (Raw: "/login-callback")
                 E: meta-data (line=72)
                   A: android:name(0x01010003)="flutterEmbedding" (Raw: "flutterEmbedding")
                   A: android:value(0x01010024)=(type 0x10)0x2
                 E: activity (line=76)
                   A: android:theme(0x01010000)=@0x01030007
                   A: android:name(0x01010003)="io.flutter.plugins.urllauncher.WebViewActivity" (Raw: "io.flutter.plugins.urllauncher.WebViewActivity")
                   A: android:exported(0x01010010)=(type 0x12)0x0
                 E: uses-library (line=81)
                   A: android:name(0x01010003)="androidx.window.extensions" (Raw: "androidx.window.extensions")
                   A: android:required(0x0101028e)=(type 0x12)0x0
                 E: uses-library (line=84)
                   A: android:name(0x01010003)="androidx.window.sidecar" (Raw: "androidx.window.sidecar")
                   A: android:required(0x0101028e)=(type 0x12)0x0
                 E: provider (line=88)
                   A: android:name(0x01010003)="androidx.startup.InitializationProvider" (Raw: "androidx.startup.InitializationProvider")
                   A: android:exported(0x01010010)=(type 0x12)0x0
                   A: android:authorities(0x01010018)="art.substitution.substitution.androidx-startup" (Raw: "art.substitution.substitution.androidx-startup")
                   E: meta-data (line=92)
                     A: android:name(0x01010003)="androidx.lifecycle.ProcessLifecycleInitializer" (Raw: "androidx.lifecycle.ProcessLifecycleInitializer")
                     A: android:value(0x01010024)="androidx.startup" (Raw: "androidx.startup")
                   E: meta-data (line=95)
                     A: android:name(0x01010003)="androidx.profileinstaller.ProfileInstallerInitializer" (Raw: "androidx.profileinstaller.ProfileInstallerInitializer")
                     A: android:value(0x01010024)="androidx.startup" (Raw: "androidx.startup")
                 E: receiver (line=100)
                   A: android:name(0x01010003)="androidx.profileinstaller.ProfileInstallReceiver" (Raw: "androidx.profileinstaller.ProfileInstallReceiver")
                   A: android:permission(0x01010006)="android.permission.DUMP" (Raw: "android.permission.DUMP")
                   A: android:enabled(0x0101000e)=(type 0x12)0xffffffff
                   A: android:exported(0x01010010)=(type 0x12)0xffffffff
                   A: android:directBootAware(0x01010505)=(type 0x12)0x0
                   E: intent-filter (line=106)
                     E: action (line=107)
                       A: android:name(0x01010003)="androidx.profileinstaller.action.INSTALL_PROFILE" (Raw: "androidx.profileinstaller.action.INSTALL_PROFILE")
                   E: intent-filter (line=109)
                     E: action (line=110)
                       A: android:name(0x01010003)="androidx.profileinstaller.action.SKIP_FILE" (Raw: "androidx.profileinstaller.action.SKIP_FILE")
                   E: intent-filter (line=112)
                     E: action (line=113)
                       A: android:name(0x01010003)="androidx.profileinstaller.action.SAVE_PROFILE" (Raw: "androidx.profileinstaller.action.SAVE_PROFILE")
                   E: intent-filter (line=115)
                     E: action (line=116)
                       A: android:name(0x01010003)="androidx.profileinstaller.action.BENCHMARK_OPERATION" (Raw: "androidx.profileinstaller.action.BENCHMARK_OPERATION")
[        ] Building APK
[   +1 ms] Version of Java is different than impacted version, no migration attempted.
[        ] CMake project not found, skipping support Android 15 16k page size migration.
[        ] Using gradle from /Users/florian/Code/substitution/android/gradlew.
[   +5 ms] LocalFile: '/Users/florian/Code/substitution/android/build.gradle' provides AGP version from classpath: 8.6.0
[   +8 ms] Running Gradle task 'assembleDebug'...
[        ] executing: [/Users/florian/Code/substitution/android/] /Users/florian/Code/substitution/android/gradlew --full-stacktrace --info -Pverbose=true -PskipDependencyChecks=true -Ptarget-platform=android-arm64 -Ptarget=/var/folders/l_/w8pnbb9d38n57pzg9j98fmy80000gn/T/flutter_tools.wuOse9/flutter_test_listener.gUynlZ/listener.dart -Pbase-application-name=android.app.Application -Pdart-defines=TUFUUklYX1NFUlZFUj1odHRwOi8vbG9jYWxob3N0OjgwMDg=,TUFUUklYX1RFU1RfVVNFUj0=,TUFUUklYX1RFU1RfUEFTU1dPUkQ9,RkxVVFRFUl9WRVJTSU9OPTMuMzguOQ==,RkxVVFRFUl9DSEFOTkVMPXN0YWJsZQ==,RkxVVFRFUl9HSVRfVVJMPWh0dHBzOi8vZ2l0aHViLmNvbS9mbHV0dGVyL2ZsdXR0ZXIuZ2l0,RkxVVFRFUl9GUkFNRVdPUktfUkVWSVNJT049NjczMjNkZTI4NQ==,RkxVVFRFUl9FTkdJTkVfUkVWSVNJT049NTg3YzE4Zjg3Mw==,RkxVVFRFUl9EQVJUX1ZFUlNJT049My4xMC44,SU5URUdSQVRJT05fVEVTVF9TSE9VTERfUkVQT1JUX1JFU1VMVFNfVE9fTkFUSVZFPWZhbHNl -Pdart-obfuscation=false -Ptrack-widget-creation=true -Ptree-shake-icons=false assembleDebug
[ +283 ms] Initialized native services in: /Users/florian/.gradle/native
[        ] Initialized jansi services in: /Users/florian/.gradle/native
[ +211 ms] The client will now receive all logging from the daemon (pid: 43439). The daemon log file: /Users/florian/.gradle/daemon/8.12.1/daemon-43439.out.log
[        ] Starting 96th build in daemon [uptime: 2 hrs 1 mins 56.815 secs, performance: 100%, GC rate: 0.00/s, heap usage: 0% of 4 GiB]
[        ] Using 32 worker leases.
[        ] Now considering [/Users/florian/Code/substitution/android, /opt/homebrew/share/flutter/packages/flutter_tools/gradle] as hierarchies to watch
[        ] Watching the file system is configured to be enabled if available
[        ] File system watching is active
[        ] Starting Build
[        ] Now considering [/opt/homebrew/share/flutter/packages/flutter_tools/gradle, /Users/florian/Code/substitution/android] as hierarchies to watch
[        ] > Configure project :gradle
[        ] Evaluating project ':gradle' using build file '/opt/homebrew/share/flutter/packages/flutter_tools/gradle/build.gradle.kts'.
[        ] Resolved plugin [id: 'org.gradle.java-gradle-plugin']
[        ] Resolved plugin [id: 'org.gradle.groovy']
[        ] Resolved plugin [id: 'org.gradle.kotlin.kotlin-dsl', version: '5.1.2']
[        ] Resolved plugin [id: 'org.jetbrains.kotlin.jvm', version: '1.9.20']
[        ] Using Kotlin Gradle Plugin gradle85 variant
[        ] kotlin scripting plugin: created the scripting discovery configuration: kotlinScriptDef
[        ] kotlin scripting plugin: created the scripting discovery configuration: testKotlinScriptDef
[        ] file or directory '/opt/homebrew/share/flutter/packages/flutter_tools/gradle/src/main/java', not found
[        ] Resolved plugin [id: 'dev.flutter.flutter-plugin-loader', version: '1.0.0']
[        ] Resolved plugin [id: 'com.android.application', version: '8.9.1', apply: false]
[        ] Resolved plugin [id: 'org.jetbrains.kotlin.android', version: '2.1.0', apply: false]
[        ] Resolve mutations for :gradle:checkKotlinGradlePluginConfigurationErrors (Thread[#38523,Execution worker,5,main]) started.
[        ] :gradle:checkKotlinGradlePluginConfigurationErrors (Thread[#38523,Execution worker,5,main]) started.
[        ] > Task :gradle:checkKotlinGradlePluginConfigurationErrors SKIPPED
[        ] Skipping task ':gradle:checkKotlinGradlePluginConfigurationErrors' as task onlyIf 'errorDiagnostics are present' is false.
[        ] Resolve mutations for :gradle:compileKotlin (Thread[#38552,Execution worker Thread 29,5,main]) started.
[        ] :gradle:compileKotlin (Thread[#38552,Execution worker Thread 29,5,main]) started.
[        ] > Task :gradle:compileKotlin UP-TO-DATE
[        ] Caching disabled for task ':gradle:compileKotlin' because:
[        ]   Build cache is disabled
[        ] Skipping task ':gradle:compileKotlin' as it is up-to-date.
[        ] Resolve mutations for :gradle:compileJava (Thread[#38552,Execution worker Thread 29,5,main]) started.
[        ] :gradle:compileJava (Thread[#38552,Execution worker Thread 29,5,main]) started.
[        ] > Task :gradle:compileJava NO-SOURCE
[        ] Skipping task ':gradle:compileJava' as it has no source files and no previous output files.
[        ] Resolve mutations for :gradle:compileGroovy (Thread[#38552,Execution worker Thread 29,5,main]) started.
[        ] :gradle:compileGroovy (Thread[#38552,Execution worker Thread 29,5,main]) started.
[        ] > Task :gradle:compileGroovy NO-SOURCE
[        ] Skipping task ':gradle:compileGroovy' as it has no source files and no previous output files.
[        ] Resolve mutations for :gradle:pluginDescriptors (Thread[#38552,Execution worker Thread 29,5,main]) started.
[        ] :gradle:pluginDescriptors (Thread[#38552,Execution worker Thread 29,5,main]) started.
[        ] > Task :gradle:pluginDescriptors UP-TO-DATE
[        ] Caching disabled for task ':gradle:pluginDescriptors' because:
[        ]   Build cache is disabled
[        ]   Not worth caching
[        ] Skipping task ':gradle:pluginDescriptors' as it is up-to-date.
[        ] Resolve mutations for :gradle:processResources (Thread[#38552,Execution worker Thread 29,5,main]) started.
[        ] :gradle:processResources (Thread[#38552,Execution worker Thread 29,5,main]) started.
[        ] > Task :gradle:processResources UP-TO-DATE
[        ] Caching disabled for task ':gradle:processResources' because:
[        ]   Build cache is disabled
[        ]   Not worth caching
[        ] Skipping task ':gradle:processResources' as it is up-to-date.
[        ] Resolve mutations for :gradle:classes (Thread[#38552,Execution worker Thread 29,5,main]) started.
[        ] :gradle:classes (Thread[#38552,Execution worker Thread 29,5,main]) started.
[        ] > Task :gradle:classes UP-TO-DATE
[        ] Skipping task ':gradle:classes' as it has no actions.
[        ] Resolve mutations for :gradle:jar (Thread[#38552,Execution worker Thread 29,5,main]) started.
[        ] :gradle:jar (Thread[#38552,Execution worker Thread 29,5,main]) started.
[        ] > Task :gradle:jar UP-TO-DATE
[        ] Caching disabled for task ':gradle:jar' because:
[        ]   Build cache is disabled
[        ]   Not worth caching
[        ] Skipping task ':gradle:jar' as it is up-to-date.
[        ] Settings evaluated using settings file '/Users/florian/Code/substitution/android/settings.gradle'.
[        ] Projects loaded. Root project using build file '/Users/florian/Code/substitution/android/build.gradle'.
[        ] Included projects: [root project 'android', project ':app', project ':connectivity_plus', project ':emoji_picker_flutter', project ':file_selector_android', project ':flutter_keyboard_visibility_temp_fork', project ':flutter_native_splash', project ':flutter_olm', project ':flutter_openssl_crypto', project ':integration_test', project ':path_provider_android', project ':quill_native_bridge_android', project ':shared_preferences_android', project ':sqflite_android', project ':url_launcher_android', project ':video_player_android']
[  +94 ms] > Configure project :app
[        ] Evaluating project ':app' using build file '/Users/florian/Code/substitution/android/app/build.gradle'.
[        ] Resolved plugin [id: 'com.android.application']
[        ] Resolved plugin [id: 'kotlin-android']
[        ] Resolved plugin [id: 'dev.flutter.flutter-gradle-plugin']
[        ] Using default execution profile
[        ] Using Kotlin Gradle Plugin gradle85 variant
[        ] C/C++: android.ndkVersion from module build.gradle is [28.2.13676358]
[        ] C/C++: android.ndkPath from module build.gradle is not set
[        ] C/C++: ndk.dir in local.properties is not set
[        ] C/C++: Not considering ANDROID_NDK_HOME because support was removed after deprecation period.
[        ] C/C++: sdkFolder is /Users/florian/Library/Android/sdk
[        ] C/C++: android.ndkVersion from module build.gradle is [28.2.13676358]
[        ] C/C++: android.ndkPath from module build.gradle is not set
[        ] C/C++: ndk.dir in local.properties is not set
[        ] C/C++: Not considering ANDROID_NDK_HOME because support was removed after deprecation period.
[        ] C/C++: sdkFolder is /Users/florian/Library/Android/sdk
[        ] C/C++: android.ndkVersion from module build.gradle is [28.2.13676358]
[        ] C/C++: android.ndkPath from module build.gradle is not set
[        ] C/C++: ndk.dir in local.properties is not set
[        ] C/C++: Not considering ANDROID_NDK_HOME because support was removed after deprecation period.
[        ] C/C++: sdkFolder is /Users/florian/Library/Android/sdk
[        ] C/C++: android.ndkVersion from module build.gradle is [28.2.13676358]
[        ] C/C++: android.ndkPath from module build.gradle is not set
[        ] C/C++: ndk.dir in local.properties is not set
[        ] C/C++: Not considering ANDROID_NDK_HOME because support was removed after deprecation period.
[        ] C/C++: sdkFolder is /Users/florian/Library/Android/sdk
[        ] C/C++: android.ndkVersion from module build.gradle is [28.2.13676358]
[        ] C/C++: android.ndkPath from module build.gradle is not set
[        ] C/C++: ndk.dir in local.properties is not set
[        ] C/C++: Not considering ANDROID_NDK_HOME because support was removed after deprecation period.
[        ] C/C++: sdkFolder is /Users/florian/Library/Android/sdk
[        ] C/C++: android.ndkVersion from module build.gradle is [28.2.13676358]
[        ] C/C++: android.ndkPath from module build.gradle is not set
[        ] C/C++: ndk.dir in local.properties is not set
[        ] C/C++: Not considering ANDROID_NDK_HOME because support was removed after deprecation period.
[        ] C/C++: sdkFolder is /Users/florian/Library/Android/sdk
[        ] C/C++: android.ndkVersion from module build.gradle is [28.2.13676358]
[        ] C/C++: android.ndkPath from module build.gradle is not set
[        ] C/C++: ndk.dir in local.properties is not set
[        ] C/C++: Not considering ANDROID_NDK_HOME because support was removed after deprecation period.
[        ] C/C++: sdkFolder is /Users/florian/Library/Android/sdk
[        ] C/C++: android.ndkVersion from module build.gradle is [28.2.13676358]
[        ] C/C++: android.ndkPath from module build.gradle is not set
[        ] C/C++: ndk.dir in local.properties is not set
[        ] C/C++: Not considering ANDROID_NDK_HOME because support was removed after deprecation period.
[        ] C/C++: sdkFolder is /Users/florian/Library/Android/sdk
[        ] C/C++: android.ndkVersion from module build.gradle is [28.2.13676358]
[        ] C/C++: android.ndkPath from module build.gradle is not set
[        ] C/C++: ndk.dir in local.properties is not set
[        ] C/C++: Not considering ANDROID_NDK_HOME because support was removed after deprecation period.
[        ] C/C++: sdkFolder is /Users/florian/Library/Android/sdk
[        ] C/C++: android.ndkVersion from module build.gradle is [28.2.13676358]
[        ] C/C++: android.ndkPath from module build.gradle is not set
[        ] C/C++: ndk.dir in local.properties is not set
[        ] C/C++: Not considering ANDROID_NDK_HOME because support was removed after deprecation period.
[        ] C/C++: sdkFolder is /Users/florian/Library/Android/sdk
[        ] C/C++: android.ndkVersion from module build.gradle is [28.2.13676358]
[        ] C/C++: android.ndkPath from module build.gradle is not set
[        ] C/C++: ndk.dir in local.properties is not set
[        ] C/C++: Not considering ANDROID_NDK_HOME because support was removed after deprecation period.
[        ] C/C++: sdkFolder is /Users/florian/Library/Android/sdk
[        ] C/C++: android.ndkVersion from module build.gradle is [28.2.13676358]
[        ] C/C++: android.ndkPath from module build.gradle is not set
[        ] C/C++: ndk.dir in local.properties is not set
[        ] C/C++: Not considering ANDROID_NDK_HOME because support was removed after deprecation period.
[        ] C/C++: sdkFolder is /Users/florian/Library/Android/sdk
[        ] C/C++: android.ndkVersion from module build.gradle is [28.2.13676358]
[        ] C/C++: android.ndkPath from module build.gradle is not set
[        ] C/C++: ndk.dir in local.properties is not set
[        ] C/C++: Not considering ANDROID_NDK_HOME because support was removed after deprecation period.
[        ] C/C++: sdkFolder is /Users/florian/Library/Android/sdk
[        ] C/C++: android.ndkVersion from module build.gradle is [28.2.13676358]
[        ] C/C++: android.ndkPath from module build.gradle is not set
[        ] C/C++: ndk.dir in local.properties is not set
[        ] C/C++: Not considering ANDROID_NDK_HOME because support was removed after deprecation period.
[        ] C/C++: sdkFolder is /Users/florian/Library/Android/sdk
[        ] C/C++: android.ndkVersion from module build.gradle is [28.2.13676358]
[        ] C/C++: android.ndkPath from module build.gradle is not set
[        ] C/C++: ndk.dir in local.properties is not set
[        ] C/C++: Not considering ANDROID_NDK_HOME because support was removed after deprecation period.
[        ] C/C++: sdkFolder is /Users/florian/Library/Android/sdk
[        ] C/C++: android.ndkVersion from module build.gradle is [28.2.13676358]
[        ] C/C++: android.ndkPath from module build.gradle is not set
[        ] C/C++: ndk.dir in local.properties is not set
[        ] C/C++: Not considering ANDROID_NDK_HOME because support was removed after deprecation period.
[        ] C/C++: sdkFolder is /Users/florian/Library/Android/sdk
[        ] C/C++: android.ndkVersion from module build.gradle is [28.2.13676358]
[        ] C/C++: android.ndkPath from module build.gradle is not set
[        ] C/C++: ndk.dir in local.properties is not set
[        ] C/C++: Not considering ANDROID_NDK_HOME because support was removed after deprecation period.
[        ] C/C++: sdkFolder is /Users/florian/Library/Android/sdk
[        ] C/C++: android.ndkVersion from module build.gradle is [28.2.13676358]
[        ] C/C++: android.ndkPath from module build.gradle is not set
[        ] C/C++: ndk.dir in local.properties is not set
[        ] C/C++: Not considering ANDROID_NDK_HOME because support was removed after deprecation period.
[        ] C/C++: sdkFolder is /Users/florian/Library/Android/sdk
[        ] C/C++: android.ndkVersion from module build.gradle is [28.2.13676358]
[        ] C/C++: android.ndkPath from module build.gradle is not set
[        ] C/C++: ndk.dir in local.properties is not set
[        ] C/C++: Not considering ANDROID_NDK_HOME because support was removed after deprecation period.
[        ] C/C++: sdkFolder is /Users/florian/Library/Android/sdk
[        ] > Configure project :
[        ] Evaluating root project 'android' using build file '/Users/florian/Code/substitution/android/build.gradle'.
[        ] > Configure project :connectivity_plus
[        ] Evaluating project ':connectivity_plus' using build file '/Users/florian/.pub-cache/hosted/pub.dev/connectivity_plus-5.0.2/android/build.gradle'.
[        ] Using default execution profile
[        ] > Configure project :emoji_picker_flutter
[        ] Evaluating project ':emoji_picker_flutter' using build file '/Users/florian/.pub-cache/hosted/pub.dev/emoji_picker_flutter-4.4.0/android/build.gradle'.
[        ] Using default execution profile
[        ] Using Kotlin Gradle Plugin gradle85 variant
[  +96 ms] > Configure project :file_selector_android
[        ] Evaluating project ':file_selector_android' using build file '/Users/florian/.pub-cache/hosted/pub.dev/file_selector_android-0.5.2+4/android/build.gradle'.
[        ] Using default execution profile
[        ] > Configure project :flutter_keyboard_visibility_temp_fork
[        ] Evaluating project ':flutter_keyboard_visibility_temp_fork' using build file '/Users/florian/.pub-cache/hosted/pub.dev/flutter_keyboard_visibility_temp_fork-0.1.5/android/build.gradle'.
[        ] Using default execution profile
[        ] > Configure project :flutter_native_splash
[        ] Evaluating project ':flutter_native_splash' using build file '/Users/florian/.pub-cache/hosted/pub.dev/flutter_native_splash-2.4.7/android/build.gradle'.
[        ] Using default execution profile
[        ] > Configure project :flutter_olm
[        ] Evaluating project ':flutter_olm' using build file '/Users/florian/.pub-cache/hosted/pub.dev/flutter_olm-2.0.0/android/build.gradle'.
[        ] Using default execution profile
[        ] Using Kotlin Gradle Plugin gradle85 variant
[        ] C/C++: android.ndkVersion from module build.gradle is [27.0.12077973]
[        ] C/C++: android.ndkPath from module build.gradle is not set
[        ] C/C++: ndk.dir in local.properties is not set
[        ] C/C++: Not considering ANDROID_NDK_HOME because support was removed after deprecation period.
[        ] C/C++: sdkFolder is /Users/florian/Library/Android/sdk
[        ] C/C++: android.ndkVersion from module build.gradle is [27.0.12077973]
[        ] C/C++: android.ndkPath from module build.gradle is not set
[        ] C/C++: ndk.dir in local.properties is not set
[        ] C/C++: Not considering ANDROID_NDK_HOME because support was removed after deprecation period.
[        ] C/C++: sdkFolder is /Users/florian/Library/Android/sdk
[        ] C/C++: android.ndkVersion from module build.gradle is [27.0.12077973]
[        ] C/C++: android.ndkPath from module build.gradle is not set
[        ] C/C++: ndk.dir in local.properties is not set
[        ] C/C++: Not considering ANDROID_NDK_HOME because support was removed after deprecation period.
[        ] C/C++: sdkFolder is /Users/florian/Library/Android/sdk
[        ] C/C++: android.ndkVersion from module build.gradle is [27.0.12077973]
[        ] C/C++: android.ndkPath from module build.gradle is not set
[        ] C/C++: ndk.dir in local.properties is not set
[        ] C/C++: Not considering ANDROID_NDK_HOME because support was removed after deprecation period.
[        ] C/C++: sdkFolder is /Users/florian/Library/Android/sdk
[        ] C/C++: android.ndkVersion from module build.gradle is [27.0.12077973]
[        ] C/C++: android.ndkPath from module build.gradle is not set
[        ] C/C++: ndk.dir in local.properties is not set
[        ] C/C++: Not considering ANDROID_NDK_HOME because support was removed after deprecation period.
[        ] C/C++: sdkFolder is /Users/florian/Library/Android/sdk
[        ] C/C++: android.ndkVersion from module build.gradle is [27.0.12077973]
[        ] C/C++: android.ndkPath from module build.gradle is not set
[        ] C/C++: ndk.dir in local.properties is not set
[        ] C/C++: Not considering ANDROID_NDK_HOME because support was removed after deprecation period.
[        ] C/C++: sdkFolder is /Users/florian/Library/Android/sdk
[        ] C/C++: android.ndkVersion from module build.gradle is [27.0.12077973]
[        ] C/C++: android.ndkPath from module build.gradle is not set
[        ] C/C++: ndk.dir in local.properties is not set
[        ] C/C++: Not considering ANDROID_NDK_HOME because support was removed after deprecation period.
[        ] C/C++: sdkFolder is /Users/florian/Library/Android/sdk
[        ] C/C++: android.ndkVersion from module build.gradle is [27.0.12077973]
[        ] C/C++: android.ndkPath from module build.gradle is not set
[        ] C/C++: ndk.dir in local.properties is not set
[        ] C/C++: Not considering ANDROID_NDK_HOME because support was removed after deprecation period.
[        ] C/C++: sdkFolder is /Users/florian/Library/Android/sdk
[        ] C/C++: android.ndkVersion from module build.gradle is [27.0.12077973]
[        ] C/C++: android.ndkPath from module build.gradle is not set
[        ] C/C++: ndk.dir in local.properties is not set
[        ] C/C++: Not considering ANDROID_NDK_HOME because support was removed after deprecation period.
[        ] C/C++: sdkFolder is /Users/florian/Library/Android/sdk
[        ] C/C++: android.ndkVersion from module build.gradle is [27.0.12077973]
[        ] C/C++: android.ndkPath from module build.gradle is not set
[        ] C/C++: ndk.dir in local.properties is not set
[        ] C/C++: Not considering ANDROID_NDK_HOME because support was removed after deprecation period.
[        ] C/C++: sdkFolder is /Users/florian/Library/Android/sdk
[        ] C/C++: android.ndkVersion from module build.gradle is [27.0.12077973]
[        ] C/C++: android.ndkPath from module build.gradle is not set
[        ] C/C++: ndk.dir in local.properties is not set
[        ] C/C++: Not considering ANDROID_NDK_HOME because support was removed after deprecation period.
[        ] C/C++: sdkFolder is /Users/florian/Library/Android/sdk
[        ] C/C++: android.ndkVersion from module build.gradle is [27.0.12077973]
[        ] C/C++: android.ndkPath from module build.gradle is not set
[        ] C/C++: ndk.dir in local.properties is not set
[        ] C/C++: Not considering ANDROID_NDK_HOME because support was removed after deprecation period.
[        ] C/C++: sdkFolder is /Users/florian/Library/Android/sdk
[        ] C/C++: android.ndkVersion from module build.gradle is [27.0.12077973]
[        ] C/C++: android.ndkPath from module build.gradle is not set
[        ] C/C++: ndk.dir in local.properties is not set
[        ] C/C++: Not considering ANDROID_NDK_HOME because support was removed after deprecation period.
[        ] C/C++: sdkFolder is /Users/florian/Library/Android/sdk
[        ] C/C++: android.ndkVersion from module build.gradle is [27.0.12077973]
[        ] C/C++: android.ndkPath from module build.gradle is not set
[        ] C/C++: ndk.dir in local.properties is not set
[        ] C/C++: Not considering ANDROID_NDK_HOME because support was removed after deprecation period.
[        ] C/C++: sdkFolder is /Users/florian/Library/Android/sdk
[        ] C/C++: android.ndkVersion from module build.gradle is [27.0.12077973]
[        ] C/C++: android.ndkPath from module build.gradle is not set
[        ] C/C++: ndk.dir in local.properties is not set
[        ] C/C++: Not considering ANDROID_NDK_HOME because support was removed after deprecation period.
[        ] C/C++: sdkFolder is /Users/florian/Library/Android/sdk
[        ] C/C++: android.ndkVersion from module build.gradle is [27.0.12077973]
[        ] C/C++: android.ndkPath from module build.gradle is not set
[        ] C/C++: ndk.dir in local.properties is not set
[        ] C/C++: Not considering ANDROID_NDK_HOME because support was removed after deprecation period.
[        ] C/C++: sdkFolder is /Users/florian/Library/Android/sdk
[        ] C/C++: android.ndkVersion from module build.gradle is [27.0.12077973]
[        ] C/C++: android.ndkPath from module build.gradle is not set
[        ] C/C++: ndk.dir in local.properties is not set
[        ] C/C++: Not considering ANDROID_NDK_HOME because support was removed after deprecation period.
[        ] C/C++: sdkFolder is /Users/florian/Library/Android/sdk
[        ] C/C++: android.ndkVersion from module build.gradle is [27.0.12077973]
[        ] C/C++: android.ndkPath from module build.gradle is not set
[        ] C/C++: ndk.dir in local.properties is not set
[        ] C/C++: Not considering ANDROID_NDK_HOME because support was removed after deprecation period.
[        ] C/C++: sdkFolder is /Users/florian/Library/Android/sdk
[        ] C/C++: android.ndkVersion from module build.gradle is [27.0.12077973]
[        ] C/C++: android.ndkPath from module build.gradle is not set
[        ] C/C++: ndk.dir in local.properties is not set
[        ] C/C++: Not considering ANDROID_NDK_HOME because support was removed after deprecation period.
[        ] C/C++: sdkFolder is /Users/florian/Library/Android/sdk
[        ] > Configure project :flutter_openssl_crypto
[        ] Evaluating project ':flutter_openssl_crypto' using build file '/Users/florian/.pub-cache/hosted/pub.dev/flutter_openssl_crypto-0.5.0/android/build.gradle'.
[        ] Using default execution profile
[        ] Using Kotlin Gradle Plugin gradle85 variant
[        ] C/C++: android.ndkVersion from module build.gradle is [27.0.12077973]
[        ] C/C++: android.ndkPath from module build.gradle is not set
[        ] C/C++: ndk.dir in local.properties is not set
[        ] C/C++: Not considering ANDROID_NDK_HOME because support was removed after deprecation period.
[        ] C/C++: sdkFolder is /Users/florian/Library/Android/sdk
[        ] C/C++: android.ndkVersion from module build.gradle is [27.0.12077973]
[        ] C/C++: android.ndkPath from module build.gradle is not set
[        ] C/C++: ndk.dir in local.properties is not set
[        ] C/C++: Not considering ANDROID_NDK_HOME because support was removed after deprecation period.
[        ] C/C++: sdkFolder is /Users/florian/Library/Android/sdk
[        ] C/C++: android.ndkVersion from module build.gradle is [27.0.12077973]
[        ] C/C++: android.ndkPath from module build.gradle is not set
[        ] C/C++: ndk.dir in local.properties is not set
[        ] C/C++: Not considering ANDROID_NDK_HOME because support was removed after deprecation period.
[        ] C/C++: sdkFolder is /Users/florian/Library/Android/sdk
[        ] C/C++: android.ndkVersion from module build.gradle is [27.0.12077973]
[        ] C/C++: android.ndkPath from module build.gradle is not set
[        ] C/C++: ndk.dir in local.properties is not set
[        ] C/C++: Not considering ANDROID_NDK_HOME because support was removed after deprecation period.
[        ] C/C++: sdkFolder is /Users/florian/Library/Android/sdk
[        ] C/C++: android.ndkVersion from module build.gradle is [27.0.12077973]
[        ] C/C++: android.ndkPath from module build.gradle is not set
[        ] C/C++: ndk.dir in local.properties is not set
[        ] C/C++: Not considering ANDROID_NDK_HOME because support was removed after deprecation period.
[        ] C/C++: sdkFolder is /Users/florian/Library/Android/sdk
[        ] C/C++: android.ndkVersion from module build.gradle is [27.0.12077973]
[        ] C/C++: android.ndkPath from module build.gradle is not set
[        ] C/C++: ndk.dir in local.properties is not set
[        ] C/C++: Not considering ANDROID_NDK_HOME because support was removed after deprecation period.
[        ] C/C++: sdkFolder is /Users/florian/Library/Android/sdk
[        ] C/C++: android.ndkVersion from module build.gradle is [27.0.12077973]
[        ] C/C++: android.ndkPath from module build.gradle is not set
[        ] C/C++: ndk.dir in local.properties is not set
[        ] C/C++: Not considering ANDROID_NDK_HOME because support was removed after deprecation period.
[        ] C/C++: sdkFolder is /Users/florian/Library/Android/sdk
[        ] C/C++: android.ndkVersion from module build.gradle is [27.0.12077973]
[        ] C/C++: android.ndkPath from module build.gradle is not set
[        ] C/C++: ndk.dir in local.properties is not set
[        ] C/C++: Not considering ANDROID_NDK_HOME because support was removed after deprecation period.
[        ] C/C++: sdkFolder is /Users/florian/Library/Android/sdk
[        ] C/C++: android.ndkVersion from module build.gradle is [27.0.12077973]
[        ] C/C++: android.ndkPath from module build.gradle is not set
[        ] C/C++: ndk.dir in local.properties is not set
[        ] C/C++: Not considering ANDROID_NDK_HOME because support was removed after deprecation period.
[        ] C/C++: sdkFolder is /Users/florian/Library/Android/sdk
[        ] C/C++: android.ndkVersion from module build.gradle is [27.0.12077973]
[        ] C/C++: android.ndkPath from module build.gradle is not set
[        ] C/C++: ndk.dir in local.properties is not set
[        ] C/C++: Not considering ANDROID_NDK_HOME because support was removed after deprecation period.
[        ] C/C++: sdkFolder is /Users/florian/Library/Android/sdk
[        ] C/C++: android.ndkVersion from module build.gradle is [27.0.12077973]
[        ] C/C++: android.ndkPath from module build.gradle is not set
[        ] C/C++: ndk.dir in local.properties is not set
[        ] C/C++: Not considering ANDROID_NDK_HOME because support was removed after deprecation period.
[        ] C/C++: sdkFolder is /Users/florian/Library/Android/sdk
[        ] C/C++: android.ndkVersion from module build.gradle is [27.0.12077973]
[        ] C/C++: android.ndkPath from module build.gradle is not set
[        ] C/C++: ndk.dir in local.properties is not set
[        ] C/C++: Not considering ANDROID_NDK_HOME because support was removed after deprecation period.
[        ] C/C++: sdkFolder is /Users/florian/Library/Android/sdk
[        ] C/C++: android.ndkVersion from module build.gradle is [27.0.12077973]
[        ] C/C++: android.ndkPath from module build.gradle is not set
[        ] C/C++: ndk.dir in local.properties is not set
[        ] C/C++: Not considering ANDROID_NDK_HOME because support was removed after deprecation period.
[        ] C/C++: sdkFolder is /Users/florian/Library/Android/sdk
[        ] C/C++: android.ndkVersion from module build.gradle is [27.0.12077973]
[        ] C/C++: android.ndkPath from module build.gradle is not set
[        ] C/C++: ndk.dir in local.properties is not set
[        ] C/C++: Not considering ANDROID_NDK_HOME because support was removed after deprecation period.
[        ] C/C++: sdkFolder is /Users/florian/Library/Android/sdk
[        ] C/C++: android.ndkVersion from module build.gradle is [27.0.12077973]
[        ] C/C++: android.ndkPath from module build.gradle is not set
[        ] C/C++: ndk.dir in local.properties is not set
[        ] C/C++: Not considering ANDROID_NDK_HOME because support was removed after deprecation period.
[        ] C/C++: sdkFolder is /Users/florian/Library/Android/sdk
[        ] C/C++: android.ndkVersion from module build.gradle is [27.0.12077973]
[        ] C/C++: android.ndkPath from module build.gradle is not set
[        ] C/C++: ndk.dir in local.properties is not set
[        ] C/C++: Not considering ANDROID_NDK_HOME because support was removed after deprecation period.
[        ] C/C++: sdkFolder is /Users/florian/Library/Android/sdk
[        ] C/C++: android.ndkVersion from module build.gradle is [27.0.12077973]
[        ] C/C++: android.ndkPath from module build.gradle is not set
[        ] C/C++: ndk.dir in local.properties is not set
[        ] C/C++: Not considering ANDROID_NDK_HOME because support was removed after deprecation period.
[        ] C/C++: sdkFolder is /Users/florian/Library/Android/sdk
[        ] C/C++: android.ndkVersion from module build.gradle is [27.0.12077973]
[        ] C/C++: android.ndkPath from module build.gradle is not set
[        ] C/C++: ndk.dir in local.properties is not set
[        ] C/C++: Not considering ANDROID_NDK_HOME because support was removed after deprecation period.
[        ] C/C++: sdkFolder is /Users/florian/Library/Android/sdk
[        ] C/C++: android.ndkVersion from module build.gradle is [27.0.12077973]
[        ] C/C++: android.ndkPath from module build.gradle is not set
[        ] C/C++: ndk.dir in local.properties is not set
[        ] C/C++: Not considering ANDROID_NDK_HOME because support was removed after deprecation period.
[        ] C/C++: sdkFolder is /Users/florian/Library/Android/sdk
04:08 +1 -11: loading /Users/florian/Code/substitution/integration_test/feed_with_matrix_test.dart                                                                                                     [ +102 ms] > Configure project :integration_test
[        ] Evaluating project ':integration_test' using build file '/opt/homebrew/share/flutter/packages/integration_test/android/build.gradle.kts'.
[        ] Resolved plugin [id: 'com.android.library']
[        ] Using default execution profile
[        ] > Configure project :path_provider_android
[        ] Evaluating project ':path_provider_android' using build file '/Users/florian/.pub-cache/hosted/pub.dev/path_provider_android-2.2.22/android/build.gradle'.
[        ] Using default execution profile
[        ] > Configure project :quill_native_bridge_android
[        ] Evaluating project ':quill_native_bridge_android' using build file '/Users/florian/.pub-cache/hosted/pub.dev/quill_native_bridge_android-0.0.1+2/android/build.gradle'.
[        ] Using default execution profile
[        ] Using Kotlin Gradle Plugin gradle85 variant
[        ] > Configure project :shared_preferences_android
[        ] Evaluating project ':shared_preferences_android' using build file '/Users/florian/.pub-cache/hosted/pub.dev/shared_preferences_android-2.4.20/android/build.gradle'.
[        ] Using default execution profile
[        ] Using Kotlin Gradle Plugin gradle85 variant
[        ] > Configure project :sqflite_android
[        ] Evaluating project ':sqflite_android' using build file '/Users/florian/.pub-cache/hosted/pub.dev/sqflite_android-2.4.2+2/android/build.gradle'.
[        ] Using default execution profile
[        ] > Configure project :url_launcher_android
[        ] Evaluating project ':url_launcher_android' using build file '/Users/florian/.pub-cache/hosted/pub.dev/url_launcher_android-6.3.28/android/build.gradle'.
[        ] Using default execution profile
[ +100 ms] > Configure project :video_player_android
[        ] Evaluating project ':video_player_android' using build file '/Users/florian/.pub-cache/hosted/pub.dev/video_player_android-2.9.1/android/build.gradle'.
[        ] Using default execution profile
[        ] Using Kotlin Gradle Plugin gradle85 variant
[        ] All projects evaluated.
[        ] Task name matched 'assembleDebug'
[        ] Selected primary task 'assembleDebug' from project :
[        ] Adding -Xuse-inline-scopes-numbers Kotlin compiler flag for task :app:compileDebugKotlin
[   +2 ms] Tasks to be executed: [task ':app:preBuild', task ':app:preDebugBuild', task ':app:mergeDebugNativeDebugMetadata', task ':app:checkKotlinGradlePluginConfigurationErrors', task ':app:compileFlutterBuildDebug', task ':app:packJniLibsflutterBuildDebug', task ':connectivity_plus:preBuild', task ':connectivity_plus:preDebugBuild', task ':connectivity_plus:writeDebugAarMetadata', task ':emoji_picker_flutter:preBuild', task ':emoji_picker_flutter:preDebugBuild', task ':emoji_picker_flutter:writeDebugAarMetadata', task ':file_selector_android:preBuild', task ':file_selector_android:preDebugBuild', task ':file_selector_android:writeDebugAarMetadata', task ':flutter_keyboard_visibility_temp_fork:preBuild', task ':flutter_keyboard_visibility_temp_fork:preDebugBuild', task ':flutter_keyboard_visibility_temp_fork:writeDebugAarMetadata', task ':flutter_native_splash:preBuild', task ':flutter_native_splash:preDebugBuild', task ':flutter_native_splash:writeDebugAarMetadata', task ':flutter_olm:preBuild', task ':flutter_olm:preDebugBuild', task ':flutter_olm:writeDebugAarMetadata', task ':flutter_openssl_crypto:preBuild', task ':flutter_openssl_crypto:preDebugBuild', task ':flutter_openssl_crypto:writeDebugAarMetadata', task ':integration_test:preBuild', task ':integration_test:preDebugBuild', task ':integration_test:writeDebugAarMetadata', task ':path_provider_android:preBuild', task ':path_provider_android:preDebugBuild', task ':path_provider_android:writeDebugAarMetadata', task ':quill_native_bridge_android:preBuild', task ':quill_native_bridge_android:preDebugBuild', task ':quill_native_bridge_android:writeDebugAarMetadata', task ':shared_preferences_android:preBuild', task ':shared_preferences_android:preDebugBuild', task ':shared_preferences_android:writeDebugAarMetadata', task ':sqflite_android:preBuild', task ':sqflite_android:preDebugBuild', task ':sqflite_android:writeDebugAarMetadata', task ':url_launcher_android:preBuild', task ':url_launcher_android:preDebugBuild', task ':url_launcher_android:writeDebugAarMetadata', task ':video_player_android:preBuild', task ':video_player_android:preDebugBuild', task ':video_player_android:writeDebugAarMetadata', task ':app:checkDebugAarMetadata', task ':app:cleanMergeDebugAssets', task ':app:mergeDebugShaders', task ':app:compileDebugShaders', task ':app:generateDebugAssets', task ':connectivity_plus:mergeDebugShaders', task ':connectivity_plus:compileDebugShaders', task ':connectivity_plus:generateDebugAssets', task ':connectivity_plus:mergeDebugAssets', task ':emoji_picker_flutter:mergeDebugShaders', task ':emoji_picker_flutter:compileDebugShaders', task ':emoji_picker_flutter:generateDebugAssets', task ':emoji_picker_flutter:mergeDebugAssets', task ':file_selector_android:mergeDebugShaders', task ':file_selector_android:compileDebugShaders', task ':file_selector_android:generateDebugAssets', task ':file_selector_android:mergeDebugAssets', task ':flutter_keyboard_visibility_temp_fork:mergeDebugShaders', task ':flutter_keyboard_visibility_temp_fork:compileDebugShaders', task ':flutter_keyboard_visibility_temp_fork:generateDebugAssets', task ':flutter_keyboard_visibility_temp_fork:mergeDebugAssets', task ':flutter_native_splash:mergeDebugShaders', task ':flutter_native_splash:compileDebugShaders', task ':flutter_native_splash:generateDebugAssets', task ':flutter_native_splash:mergeDebugAssets', task ':flutter_olm:mergeDebugShaders', task ':flutter_olm:compileDebugShaders', task ':flutter_olm:generateDebugAssets', task ':flutter_olm:mergeDebugAssets', task ':flutter_openssl_crypto:mergeDebugShaders', task ':flutter_openssl_crypto:compileDebugShaders', task ':flutter_openssl_crypto:generateDebugAssets', task ':flutter_openssl_crypto:mergeDebugAssets', task ':integration_test:mergeDebugShaders', task ':integration_test:compileDebugShaders', task ':integration_test:generateDebugAssets', task ':integration_test:mergeDebugAssets', task ':path_provider_android:mergeDebugShaders', task ':path_provider_android:compileDebugShaders', task ':path_provider_android:generateDebugAssets', task ':path_provider_android:mergeDebugAssets', task ':quill_native_bridge_android:mergeDebugShaders', task ':quill_native_bridge_android:compileDebugShaders', task ':quill_native_bridge_android:generateDebugAssets', task ':quill_native_bridge_android:mergeDebugAssets', task ':shared_preferences_android:mergeDebugShaders', task ':shared_preferences_android:compileDebugShaders', task ':shared_preferences_android:generateDebugAssets', task ':shared_preferences_android:mergeDebugAssets', task ':sqflite_android:mergeDebugShaders', task ':sqflite_android:compileDebugShaders', task ':sqflite_android:generateDebugAssets', task ':sqflite_android:mergeDebugAssets', task ':url_launcher_android:mergeDebugShaders', task ':url_launcher_android:compileDebugShaders', task ':url_launcher_android:generateDebugAssets', task ':url_launcher_android:mergeDebugAssets', task ':video_player_android:mergeDebugShaders', task ':video_player_android:compileDebugShaders', task ':video_player_android:generateDebugAssets', task ':video_player_android:mergeDebugAssets', task ':app:mergeDebugAssets', task ':app:copyFlutterAssetsDebug', task ':app:generateDebugResValues', task ':connectivity_plus:generateDebugResValues', task ':connectivity_plus:generateDebugResources', task ':connectivity_plus:packageDebugResources', task ':emoji_picker_flutter:generateDebugResValues', task ':emoji_picker_flutter:generateDebugResources', task ':emoji_picker_flutter:packageDebugResources', task ':file_selector_android:generateDebugResValues', task ':file_selector_android:generateDebugResources', task ':file_selector_android:packageDebugResources', task ':flutter_keyboard_visibility_temp_fork:generateDebugResValues', task ':flutter_keyboard_visibility_temp_fork:generateDebugResources', task ':flutter_keyboard_visibility_temp_fork:packageDebugResources', task ':flutter_native_splash:generateDebugResValues', task ':flutter_native_splash:generateDebugResources', task ':flutter_native_splash:packageDebugResources', task ':flutter_olm:generateDebugResValues', task ':flutter_olm:generateDebugResources', task ':flutter_olm:packageDebugResources', task ':flutter_openssl_crypto:generateDebugResValues', task ':flutter_openssl_crypto:generateDebugResources', task ':flutter_openssl_crypto:packageDebugResources', task ':integration_test:generateDebugResValues', task ':integration_test:generateDebugResources', task ':integration_test:packageDebugResources', task ':path_provider_android:generateDebugResValues', task ':path_provider_android:generateDebugResources', task ':path_provider_android:packageDebugResources', task ':quill_native_bridge_android:generateDebugResValues', task ':quill_native_bridge_android:generateDebugResources', task ':quill_native_bridge_android:packageDebugResources', task ':shared_preferences_android:generateDebugResValues', task ':shared_preferences_android:generateDebugResources', task ':shared_preferences_android:packageDebugResources', task ':sqflite_android:generateDebugResValues', task ':sqflite_android:generateDebugResources', task ':sqflite_android:packageDebugResources', task ':url_launcher_android:generateDebugResValues', task ':url_launcher_android:generateDebugResources', task ':url_launcher_android:packageDebugResources', task ':video_player_android:generateDebugResValues', task ':video_player_android:generateDebugResources', task ':video_player_android:packageDebugResources', task ':app:mapDebugSourceSetPaths', task ':app:generateDebugResources', task ':app:mergeDebugResources', task ':app:packageDebugResources', task ':app:parseDebugLocalResources', task ':app:createDebugCompatibleScreenManifests', task ':app:extractDeepLinksDebug', task ':connectivity_plus:extractDeepLinksDebug', task ':connectivity_plus:processDebugManifest', task ':emoji_picker_flutter:extractDeepLinksDebug', task ':emoji_picker_flutter:processDebugManifest', task ':file_selector_android:extractDeepLinksDebug', task ':file_selector_android:processDebugManifest', task ':flutter_keyboard_visibility_temp_fork:extractDeepLinksDebug', task ':flutter_keyboard_visibility_temp_fork:processDebugManifest', task ':flutter_native_splash:extractDeepLinksDebug', task ':flutter_native_splash:processDebugManifest', task ':flutter_olm:extractDeepLinksDebug', task ':flutter_olm:processDebugManifest', task ':flutter_openssl_crypto:extractDeepLinksDebug', task ':flutter_openssl_crypto:processDebugManifest', task ':integration_test:extractDeepLinksDebug', task ':integration_test:processDebugManifest', task ':path_provider_android:extractDeepLinksDebug', task ':path_provider_android:processDebugManifest', task ':quill_native_bridge_android:extractDeepLinksDebug', task ':quill_native_bridge_android:processDebugManifest', task ':shared_preferences_android:extractDeepLinksDebug', task ':shared_preferences_android:processDebugManifest', task ':sqflite_android:extractDeepLinksDebug', task ':sqflite_android:processDebugManifest', task ':url_launcher_android:extractDeepLinksDebug', task ':url_launcher_android:processDebugManifest', task ':video_player_android:extractDeepLinksDebug', task ':video_player_android:processDebugManifest', task ':app:processDebugMainManifest', task ':app:outputDebugAppLinkSettings', task ':app:processDebugManifest', task ':app:processDebugManifestForPackage', task ':connectivity_plus:compileDebugLibraryResources', task ':connectivity_plus:parseDebugLocalResources', task ':connectivity_plus:generateDebugRFile', task ':emoji_picker_flutter:compileDebugLibraryResources', task ':emoji_picker_flutter:parseDebugLocalResources', task ':emoji_picker_flutter:generateDebugRFile', task ':file_selector_android:compileDebugLibraryResources', task ':file_selector_android:parseDebugLocalResources', task ':file_selector_android:generateDebugRFile', task ':flutter_keyboard_visibility_temp_fork:compileDebugLibraryResources', task ':flutter_keyboard_visibility_temp_fork:parseDebugLocalResources', task ':flutter_keyboard_visibility_temp_fork:generateDebugRFile', task ':flutter_native_splash:compileDebugLibraryResources', task ':flutter_native_splash:parseDebugLocalResources', task ':flutter_native_splash:generateDebugRFile', task ':flutter_olm:compileDebugLibraryResources', task ':flutter_olm:parseDebugLocalResources', task ':flutter_olm:generateDebugRFile', task ':flutter_openssl_crypto:compileDebugLibraryResources', task ':flutter_openssl_crypto:parseDebugLocalResources', task ':flutter_openssl_crypto:generateDebugRFile', task ':integration_test:compileDebugLibraryResources', task ':integration_test:parseDebugLocalResources', task ':integration_test:generateDebugRFile', task ':path_provider_android:compileDebugLibraryResources', task ':path_provider_android:parseDebugLocalResources', task ':path_provider_android:generateDebugRFile', task ':quill_native_bridge_android:compileDebugLibraryResources', task ':quill_native_bridge_android:parseDebugLocalResources', task ':quill_native_bridge_android:generateDebugRFile', task ':shared_preferences_android:compileDebugLibraryResources', task ':shared_preferences_android:parseDebugLocalResources', task ':shared_preferences_android:generateDebugRFile', task ':sqflite_android:compileDebugLibraryResources', task ':sqflite_android:parseDebugLocalResources', task ':sqflite_android:generateDebugRFile', task ':url_launcher_android:compileDebugLibraryResources', task ':url_launcher_android:parseDebugLocalResources', task ':url_launcher_android:generateDebugRFile', task ':video_player_android:compileDebugLibraryResources', task ':video_player_android:parseDebugLocalResources', task ':video_player_android:generateDebugRFile', task ':app:processDebugResources', task ':connectivity_plus:javaPreCompileDebug', task ':connectivity_plus:compileDebugJavaWithJavac', task ':connectivity_plus:bundleLibCompileToJarDebug', task ':emoji_picker_flutter:checkKotlinGradlePluginConfigurationErrors', task ':emoji_picker_flutter:compileDebugKotlin', task ':emoji_picker_flutter:javaPreCompileDebug', task ':emoji_picker_flutter:compileDebugJavaWithJavac', task ':emoji_picker_flutter:bundleLibCompileToJarDebug', task ':file_selector_android:javaPreCompileDebug', task ':file_selector_android:compileDebugJavaWithJavac', task ':file_selector_android:bundleLibCompileToJarDebug', task ':flutter_keyboard_visibility_temp_fork:javaPreCompileDebug', task ':flutter_keyboard_visibility_temp_fork:compileDebugJavaWithJavac', task ':flutter_keyboard_visibility_temp_fork:bundleLibCompileToJarDebug', task ':flutter_native_splash:javaPreCompileDebug', task ':flutter_native_splash:compileDebugJavaWithJavac', task ':flutter_native_splash:bundleLibCompileToJarDebug', task ':flutter_olm:checkKotlinGradlePluginConfigurationErrors', task ':flutter_olm:compileDebugKotlin', task ':flutter_olm:javaPreCompileDebug', task ':flutter_olm:compileDebugJavaWithJavac', task ':flutter_olm:bundleLibCompileToJarDebug', task ':flutter_openssl_crypto:checkKotlinGradlePluginConfigurationErrors', task ':flutter_openssl_crypto:compileDebugKotlin', task ':flutter_openssl_crypto:javaPreCompileDebug', task ':flutter_openssl_crypto:compileDebugJavaWithJavac', task ':flutter_openssl_crypto:bundleLibCompileToJarDebug', task ':integration_test:javaPreCompileDebug', task ':integration_test:compileDebugJavaWithJavac', task ':integration_test:bundleLibCompileToJarDebug', task ':path_provider_android:javaPreCompileDebug', task ':path_provider_android:compileDebugJavaWithJavac', task ':path_provider_android:bundleLibCompileToJarDebug', task ':quill_native_bridge_android:checkKotlinGradlePluginConfigurationErrors', task ':quill_native_bridge_android:compileDebugKotlin', task ':quill_native_bridge_android:javaPreCompileDebug', task ':quill_native_bridge_android:compileDebugJavaWithJavac', task ':quill_native_bridge_android:bundleLibCompileToJarDebug', task ':shared_preferences_android:checkKotlinGradlePluginConfigurationErrors', task ':shared_preferences_android:compileDebugKotlin', task ':shared_preferences_android:javaPreCompileDebug', task ':shared_preferences_android:compileDebugJavaWithJavac', task ':shared_preferences_android:bundleLibCompileToJarDebug', task ':sqflite_android:javaPreCompileDebug', task ':sqflite_android:compileDebugJavaWithJavac', task ':sqflite_android:bundleLibCompileToJarDebug', task ':url_launcher_android:generateDebugBuildConfig', task ':url_launcher_android:javaPreCompileDebug', task ':url_launcher_android:compileDebugJavaWithJavac', task ':url_launcher_android:bundleLibCompileToJarDebug', task ':video_player_android:checkKotlinGradlePluginConfigurationErrors', task ':video_player_android:compileDebugKotlin', task ':video_player_android:javaPreCompileDebug', task ':video_player_android:compileDebugJavaWithJavac', task ':video_player_android:bundleLibCompileToJarDebug', task ':app:compileDebugKotlin', task ':app:javaPreCompileDebug', task ':app:compileDebugJavaWithJavac', task ':app:compressDebugAssets', task ':app:processDebugJavaRes', task ':connectivity_plus:processDebugJavaRes', task ':emoji_picker_flutter:processDebugJavaRes', task ':file_selector_android:processDebugJavaRes', task ':flutter_keyboard_visibility_temp_fork:processDebugJavaRes', task ':flutter_native_splash:processDebugJavaRes', task ':flutter_olm:processDebugJavaRes', task ':flutter_openssl_crypto:processDebugJavaRes', task ':integration_test:processDebugJavaRes', task ':path_provider_android:processDebugJavaRes', task ':quill_native_bridge_android:processDebugJavaRes', task ':shared_preferences_android:processDebugJavaRes', task ':sqflite_android:processDebugJavaRes', task ':url_launcher_android:processDebugJavaRes', task ':video_player_android:processDebugJavaRes', task ':app:mergeDebugJavaResource', task ':app:checkDebugDuplicateClasses', task ':app:desugarDebugFileDependencies', task ':app:mergeExtDexDebug', task ':connectivity_plus:bundleLibRuntimeToDirDebug', task ':emoji_picker_flutter:bundleLibRuntimeToDirDebug', task ':file_selector_android:bundleLibRuntimeToDirDebug', task ':flutter_keyboard_visibility_temp_fork:bundleLibRuntimeToDirDebug', task ':flutter_native_splash:bundleLibRuntimeToDirDebug', task ':flutter_olm:bundleLibRuntimeToDirDebug', task ':flutter_openssl_crypto:bundleLibRuntimeToDirDebug', task ':integration_test:bundleLibRuntimeToDirDebug', task ':path_provider_android:bundleLibRuntimeToDirDebug', task ':quill_native_bridge_android:bundleLibRuntimeToDirDebug', task ':shared_preferences_android:bundleLibRuntimeToDirDebug', task ':sqflite_android:bundleLibRuntimeToDirDebug', task ':url_launcher_android:bundleLibRuntimeToDirDebug', task ':video_player_android:bundleLibRuntimeToDirDebug', task ':app:mergeLibDexDebug', task ':app:dexBuilderDebug', task ':app:mergeProjectDexDebug', task ':app:configureCMakeDebug[arm64-v8a]', task ':app:buildCMakeDebug[arm64-v8a]', task ':app:configureCMakeDebug[armeabi-v7a]', task ':app:buildCMakeDebug[armeabi-v7a]', task ':app:configureCMakeDebug[x86_64]', task ':app:buildCMakeDebug[x86_64]', task ':app:mergeDebugJniLibFolders', task ':connectivity_plus:mergeDebugJniLibFolders', task ':connectivity_plus:mergeDebugNativeLibs', task ':connectivity_plus:copyDebugJniLibsProjectOnly', task ':emoji_picker_flutter:mergeDebugJniLibFolders', task ':emoji_picker_flutter:mergeDebugNativeLibs', task ':emoji_picker_flutter:copyDebugJniLibsProjectOnly', task ':file_selector_android:mergeDebugJniLibFolders', task ':file_selector_android:mergeDebugNativeLibs', task ':file_selector_android:copyDebugJniLibsProjectOnly', task ':flutter_keyboard_visibility_temp_fork:mergeDebugJniLibFolders', task ':flutter_keyboard_visibility_temp_fork:mergeDebugNativeLibs', task ':flutter_keyboard_visibility_temp_fork:copyDebugJniLibsProjectOnly', task ':flutter_native_splash:mergeDebugJniLibFolders', task ':flutter_native_splash:mergeDebugNativeLibs', task ':flutter_native_splash:copyDebugJniLibsProjectOnly', task ':flutter_olm:preProfileBuild', task ':flutter_olm:configureCMakeDebug[arm64-v8a]', task ':flutter_olm:buildCMakeDebug[arm64-v8a]', task ':flutter_olm:configureCMakeDebug[armeabi-v7a]', task ':flutter_olm:buildCMakeDebug[armeabi-v7a]', task ':flutter_olm:configureCMakeDebug[x86]', task ':flutter_olm:buildCMakeDebug[x86]', task ':flutter_olm:configureCMakeDebug[x86_64]', task ':flutter_olm:buildCMakeDebug[x86_64]', task ':flutter_olm:mergeDebugJniLibFolders', task ':flutter_olm:mergeDebugNativeLibs', task ':flutter_olm:copyDebugJniLibsProjectOnly', task ':flutter_openssl_crypto:preProfileBuild', task ':flutter_openssl_crypto:configureCMakeDebug[arm64-v8a]', task ':flutter_openssl_crypto:buildCMakeDebug[arm64-v8a]', task ':flutter_openssl_crypto:configureCMakeDebug[armeabi-v7a]', task ':flutter_openssl_crypto:buildCMakeDebug[armeabi-v7a]', task ':flutter_openssl_crypto:configureCMakeDebug[x86]', task ':flutter_openssl_crypto:buildCMakeDebug[x86]', task ':flutter_openssl_crypto:configureCMakeDebug[x86_64]', task ':flutter_openssl_crypto:buildCMakeDebug[x86_64]', task ':flutter_openssl_crypto:mergeDebugJniLibFolders', task ':flutter_openssl_crypto:mergeDebugNativeLibs', task ':flutter_openssl_crypto:copyDebugJniLibsProjectOnly', task ':integration_test:mergeDebugJniLibFolders', task ':integration_test:mergeDebugNativeLibs', task ':integration_test:copyDebugJniLibsProjectOnly', task ':path_provider_android:mergeDebugJniLibFolders', task ':path_provider_android:mergeDebugNativeLibs', task ':path_provider_android:copyDebugJniLibsProjectOnly', task ':quill_native_bridge_android:mergeDebugJniLibFolders', task ':quill_native_bridge_android:mergeDebugNativeLibs', task ':quill_native_bridge_android:copyDebugJniLibsProjectOnly', task ':shared_preferences_android:mergeDebugJniLibFolders', task ':shared_preferences_android:mergeDebugNativeLibs', task ':shared_preferences_android:copyDebugJniLibsProjectOnly', task ':sqflite_android:mergeDebugJniLibFolders', task ':sqflite_android:mergeDebugNativeLibs', task ':sqflite_android:copyDebugJniLibsProjectOnly', task ':url_launcher_android:mergeDebugJniLibFolders', task ':url_launcher_android:mergeDebugNativeLibs', task ':url_launcher_android:copyDebugJniLibsProjectOnly', task ':video_player_android:mergeDebugJniLibFolders', task ':video_player_android:mergeDebugNativeLibs', task ':video_player_android:copyDebugJniLibsProjectOnly', task ':app:mergeDebugNativeLibs', task ':app:stripDebugDebugSymbols', task ':app:validateSigningDebug', task ':app:writeDebugAppMetadata', task ':app:writeDebugSigningConfigVersions', task ':app:packageDebug', task ':app:createDebugApkListingFileRedirect', task ':app:assembleDebug', task ':connectivity_plus:stripDebugDebugSymbols', task ':connectivity_plus:copyDebugJniLibsProjectAndLocalJars', task ':connectivity_plus:extractDebugAnnotations', task ':connectivity_plus:extractDeepLinksForAarDebug', task ':connectivity_plus:mergeDebugGeneratedProguardFiles', task ':connectivity_plus:mergeDebugConsumerProguardFiles', task ':connectivity_plus:prepareDebugArtProfile', task ':connectivity_plus:prepareLintJarForPublish', task ':connectivity_plus:mergeDebugJavaResource', task ':connectivity_plus:syncDebugLibJars', task ':connectivity_plus:bundleDebugAar', task ':connectivity_plus:assembleDebug', task ':emoji_picker_flutter:stripDebugDebugSymbols', task ':emoji_picker_flutter:copyDebugJniLibsProjectAndLocalJars', task ':emoji_picker_flutter:extractDebugAnnotations', task ':emoji_picker_flutter:extractDeepLinksForAarDebug', task ':emoji_picker_flutter:mergeDebugGeneratedProguardFiles', task ':emoji_picker_flutter:mergeDebugConsumerProguardFiles', task ':emoji_picker_flutter:prepareDebugArtProfile', task ':emoji_picker_flutter:prepareLintJarForPublish', task ':emoji_picker_flutter:mergeDebugJavaResource', task ':emoji_picker_flutter:syncDebugLibJars', task ':emoji_picker_flutter:bundleDebugAar', task ':emoji_picker_flutter:assembleDebug', task ':file_selector_android:stripDebugDebugSymbols', task ':file_selector_android:copyDebugJniLibsProjectAndLocalJars', task ':file_selector_android:extractDebugAnnotations', task ':file_selector_android:extractDeepLinksForAarDebug', task ':file_selector_android:mergeDebugGeneratedProguardFiles', task ':file_selector_android:mergeDebugConsumerProguardFiles', task ':file_selector_android:prepareDebugArtProfile', task ':file_selector_android:prepareLintJarForPublish', task ':file_selector_android:mergeDebugJavaResource', task ':file_selector_android:syncDebugLibJars', task ':file_selector_android:bundleDebugAar', task ':file_selector_android:assembleDebug', task ':flutter_keyboard_visibility_temp_fork:stripDebugDebugSymbols', task ':flutter_keyboard_visibility_temp_fork:copyDebugJniLibsProjectAndLocalJars', task ':flutter_keyboard_visibility_temp_fork:extractDebugAnnotations', task ':flutter_keyboard_visibility_temp_fork:extractDeepLinksForAarDebug', task ':flutter_keyboard_visibility_temp_fork:mergeDebugGeneratedProguardFiles', task ':flutter_keyboard_visibility_temp_fork:mergeDebugConsumerProguardFiles', task ':flutter_keyboard_visibility_temp_fork:prepareDebugArtProfile', task ':flutter_keyboard_visibility_temp_fork:prepareLintJarForPublish', task ':flutter_keyboard_visibility_temp_fork:mergeDebugJavaResource', task ':flutter_keyboard_visibility_temp_fork:syncDebugLibJars', task ':flutter_keyboard_visibility_temp_fork:bundleDebugAar', task ':flutter_keyboard_visibility_temp_fork:assembleDebug', task ':flutter_native_splash:stripDebugDebugSymbols', task ':flutter_native_splash:copyDebugJniLibsProjectAndLocalJars', task ':flutter_native_splash:extractDebugAnnotations', task ':flutter_native_splash:extractDeepLinksForAarDebug', task ':flutter_native_splash:mergeDebugGeneratedProguardFiles', task ':flutter_native_splash:mergeDebugConsumerProguardFiles', task ':flutter_native_splash:prepareDebugArtProfile', task ':flutter_native_splash:prepareLintJarForPublish', task ':flutter_native_splash:mergeDebugJavaResource', task ':flutter_native_splash:syncDebugLibJars', task ':flutter_native_splash:bundleDebugAar', task ':flutter_native_splash:assembleDebug', task ':flutter_olm:stripDebugDebugSymbols', task ':flutter_olm:copyDebugJniLibsProjectAndLocalJars', task ':flutter_olm:extractDebugAnnotations', task ':flutter_olm:extractDeepLinksForAarDebug', task ':flutter_olm:mergeDebugGeneratedProguardFiles', task ':flutter_olm:mergeDebugConsumerProguardFiles', task ':flutter_olm:prepareDebugArtProfile', task ':flutter_olm:prepareLintJarForPublish', task ':flutter_olm:mergeDebugJavaResource', task ':flutter_olm:syncDebugLibJars', task ':flutter_olm:bundleDebugAar', task ':flutter_olm:assembleDebug', task ':flutter_openssl_crypto:stripDebugDebugSymbols', task ':flutter_openssl_crypto:copyDebugJniLibsProjectAndLocalJars', task ':flutter_openssl_crypto:extractDebugAnnotations', task ':flutter_openssl_crypto:extractDeepLinksForAarDebug', task ':flutter_openssl_crypto:mergeDebugGeneratedProguardFiles', task ':flutter_openssl_crypto:mergeDebugConsumerProguardFiles', task ':flutter_openssl_crypto:prepareDebugArtProfile', task ':flutter_openssl_crypto:prepareLintJarForPublish', task ':flutter_openssl_crypto:mergeDebugJavaResource', task ':flutter_openssl_crypto:syncDebugLibJars', task ':flutter_openssl_crypto:bundleDebugAar', task ':flutter_openssl_crypto:assembleDebug', task ':integration_test:stripDebugDebugSymbols', task ':integration_test:copyDebugJniLibsProjectAndLocalJars', task ':integration_test:extractDebugAnnotations', task ':integration_test:extractDeepLinksForAarDebug', task ':integration_test:mergeDebugGeneratedProguardFiles', task ':integration_test:mergeDebugConsumerProguardFiles', task ':integration_test:prepareDebugArtProfile', task ':integration_test:prepareLintJarForPublish', task ':integration_test:mergeDebugJavaResource', task ':integration_test:syncDebugLibJars', task ':integration_test:bundleDebugAar', task ':integration_test:assembleDebug', task ':path_provider_android:stripDebugDebugSymbols', task ':path_provider_android:copyDebugJniLibsProjectAndLocalJars', task ':path_provider_android:extractDebugAnnotations', task ':path_provider_android:extractDeepLinksForAarDebug', task ':path_provider_android:mergeDebugGeneratedProguardFiles', task ':path_provider_android:mergeDebugConsumerProguardFiles', task ':path_provider_android:prepareDebugArtProfile', task ':path_provider_android:prepareLintJarForPublish', task ':path_provider_android:mergeDebugJavaResource', task ':path_provider_android:syncDebugLibJars', task ':path_provider_android:bundleDebugAar', task ':path_provider_android:assembleDebug', task ':quill_native_bridge_android:stripDebugDebugSymbols', task ':quill_native_bridge_android:copyDebugJniLibsProjectAndLocalJars', task ':quill_native_bridge_android:extractDebugAnnotations', task ':quill_native_bridge_android:extractDeepLinksForAarDebug', task ':quill_native_bridge_android:mergeDebugGeneratedProguardFiles', task ':quill_native_bridge_android:mergeDebugConsumerProguardFiles', task ':quill_native_bridge_android:prepareDebugArtProfile', task ':quill_native_bridge_android:prepareLintJarForPublish', task ':quill_native_bridge_android:mergeDebugJavaResource', task ':quill_native_bridge_android:syncDebugLibJars', task ':quill_native_bridge_android:bundleDebugAar', task ':quill_native_bridge_android:assembleDebug', task ':shared_preferences_android:stripDebugDebugSymbols', task ':shared_preferences_android:copyDebugJniLibsProjectAndLocalJars', task ':shared_preferences_android:extractDebugAnnotations', task ':shared_preferences_android:extractDeepLinksForAarDebug', task ':shared_preferences_android:mergeDebugGeneratedProguardFiles', task ':shared_preferences_android:mergeDebugConsumerProguardFiles', task ':shared_preferences_android:prepareDebugArtProfile', task ':shared_preferences_android:prepareLintJarForPublish', task ':shared_preferences_android:mergeDebugJavaResource', task ':shared_preferences_android:syncDebugLibJars', task ':shared_preferences_android:bundleDebugAar', task ':shared_preferences_android:assembleDebug', task ':sqflite_android:stripDebugDebugSymbols', task ':sqflite_android:copyDebugJniLibsProjectAndLocalJars', task ':sqflite_android:extractDebugAnnotations', task ':sqflite_android:extractDeepLinksForAarDebug', task ':sqflite_android:mergeDebugGeneratedProguardFiles', task ':sqflite_android:mergeDebugConsumerProguardFiles', task ':sqflite_android:prepareDebugArtProfile', task ':sqflite_android:prepareLintJarForPublish', task ':sqflite_android:mergeDebugJavaResource', task ':sqflite_android:syncDebugLibJars', task ':sqflite_android:bundleDebugAar', task ':sqflite_android:assembleDebug', task ':url_launcher_android:stripDebugDebugSymbols', task ':url_launcher_android:copyDebugJniLibsProjectAndLocalJars', task ':url_launcher_android:extractDebugAnnotations', task ':url_launcher_android:extractDeepLinksForAarDebug', task ':url_launcher_android:mergeDebugGeneratedProguardFiles', task ':url_launcher_android:mergeDebugConsumerProguardFiles', task ':url_launcher_android:prepareDebugArtProfile', task ':url_launcher_android:prepareLintJarForPublish', task ':url_launcher_android:mergeDebugJavaResource', task ':url_launcher_android:syncDebugLibJars', task ':url_launcher_android:bundleDebugAar', task ':url_launcher_android:assembleDebug', task ':video_player_android:stripDebugDebugSymbols', task ':video_player_android:copyDebugJniLibsProjectAndLocalJars', task ':video_player_android:extractDebugAnnotations', task ':video_player_android:extractDeepLinksForAarDebug', task ':video_player_android:mergeDebugGeneratedProguardFiles', task ':video_player_android:mergeDebugConsumerProguardFiles', task ':video_player_android:prepareDebugArtProfile', task ':video_player_android:prepareLintJarForPublish', task ':video_player_android:mergeDebugJavaResource', task ':video_player_android:syncDebugLibJars', task ':video_player_android:bundleDebugAar', task ':video_player_android:assembleDebug']
[        ] Tasks that were excluded: []
[        ] work action Parameters of ClassesDirToClassesTransform (Thread[#38524,Execution worker Thread 2,5,main]) started.
[        ] work action Parameters of DexingNoClasspathTransform (Thread[#38524,Execution worker Thread 2,5,main]) started.
[        ] Resolve mutations for :app:preBuild (Thread[#38524,Execution worker Thread 2,5,main]) started.
[        ] :app:preBuild (Thread[#38524,Execution worker Thread 2,5,main]) started.
[        ] > Task :app:preBuild UP-TO-DATE
[        ] Skipping task ':app:preBuild' as it has no actions.
[        ] Resolve mutations for :app:preDebugBuild (Thread[#38524,Execution worker Thread 2,5,main]) started.
[        ] :app:preDebugBuild (Thread[#38524,Execution worker Thread 2,5,main]) started.
[        ] > Task :app:preDebugBuild UP-TO-DATE
[        ] Skipping task ':app:preDebugBuild' as it has no actions.
[        ] Resolve mutations for :app:mergeDebugNativeDebugMetadata (Thread[#38524,Execution worker Thread 2,5,main]) started.
[        ] :app:mergeDebugNativeDebugMetadata (Thread[#38524,Execution worker Thread 2,5,main]) started.
[        ] > Task :app:mergeDebugNativeDebugMetadata NO-SOURCE
[        ] Skipping task ':app:mergeDebugNativeDebugMetadata' as it has no source files and no previous output files.
[        ] Resolve mutations for :app:checkKotlinGradlePluginConfigurationErrors (Thread[#38524,Execution worker Thread 2,5,main]) started.
[        ] :app:checkKotlinGradlePluginConfigurationErrors (Thread[#38524,Execution worker Thread 2,5,main]) started.
[        ] > Task :app:checkKotlinGradlePluginConfigurationErrors SKIPPED
[        ] Skipping task ':app:checkKotlinGradlePluginConfigurationErrors' as task onlyIf 'errorDiagnostics are present' is false.
[        ] Resolve mutations for :app:compileFlutterBuildDebug (Thread[#38524,Execution worker Thread 2,5,main]) started.
[        ] :app:compileFlutterBuildDebug (Thread[#38524,Execution worker Thread 2,5,main]) started.
04:09 +1 -11: loading /Users/florian/Code/substitution/integration_test/feed_with_matrix_test.dart                                                                                                     04:10 +1 -11: loading /Users/florian/Code/substitution/integration_test/feed_with_matrix_test.dart                                                                                                     [+1997 ms] > Task :app:compileFlutterBuildDebug
[        ] Caching disabled for task ':app:compileFlutterBuildDebug' because:
[        ]   Build cache is disabled
[        ]   Caching has not been enabled for the task
[        ] Task ':app:compileFlutterBuildDebug' is not up-to-date because:
[        ]   Value of input property 'targetPath' has changed for task ':app:compileFlutterBuildDebug'
[        ] Starting process 'command '/opt/homebrew/share/flutter/bin/flutter''. Working directory: /Users/florian/Code/substitution Command: /opt/homebrew/share/flutter/bin/flutter --verbose assemble --no-version-check --depfile /Users/florian/Code/substitution/build/app/intermediates/flutter/debug/flutter_build.d --output /Users/florian/Code/substitution/build/app/intermediates/flutter/debug -dTargetFile=/var/folders/l_/w8pnbb9d38n57pzg9j98fmy80000gn/T/flutter_tools.wuOse9/flutter_test_listener.gUynlZ/listener.dart -dTargetPlatform=android -dBuildMode=debug -dTrackWidgetCreation=true --DartDefines=TUFUUklYX1NFUlZFUj1odHRwOi8vbG9jYWxob3N0OjgwMDg=,TUFUUklYX1RFU1RfVVNFUj0=,TUFUUklYX1RFU1RfUEFTU1dPUkQ9,RkxVVFRFUl9WRVJTSU9OPTMuMzguOQ==,RkxVVFRFUl9DSEFOTkVMPXN0YWJsZQ==,RkxVVFRFUl9HSVRfVVJMPWh0dHBzOi8vZ2l0aHViLmNvbS9mbHV0dGVyL2ZsdXR0ZXIuZ2l0,RkxVVFRFUl9GUkFNRVdPUktfUkVWSVNJT049NjczMjNkZTI4NQ==,RkxVVFRFUl9FTkdJTkVfUkVWSVNJT049NTg3YzE4Zjg3Mw==,RkxVVFRFUl9EQVJUX1ZFUlNJT049My4xMC44,SU5URUdSQVRJT05fVEVTVF9TSE9VTERfUkVQT1JUX1JFU1VMVFNfVE9fTkFUSVZFPWZhbHNl -dFlavor= -dAndroidArchs=android-arm64 -dMinSdkVersion=24 debug_android_application
[        ] Successfully started process 'command '/opt/homebrew/share/flutter/bin/flutter''
[        ] [  +20 ms] executing: sysctl hw.optional.arm64
[        ] [   +4 ms] Exit code 0 from: sysctl hw.optional.arm64
[        ] [        ] hw.optional.arm64: 1
[        ] [   +3 ms] Artifact Instance of 'MaterialFonts' is not required, skipping update.
[        ] [        ] Artifact Instance of 'GradleWrapper' is not required, skipping update.
[        ] [        ] Artifact Instance of 'AndroidGenSnapshotArtifacts' is not required, skipping update.
[        ] [        ] Artifact Instance of 'AndroidInternalBuildArtifacts' is not required, skipping update.
[        ] [        ] Artifact Instance of 'IOSEngineArtifacts' is not required, skipping update.
[        ] [        ] Artifact Instance of 'FlutterWebSdk' is not required, skipping update.
[        ] [        ] Artifact Instance of 'LegacyCanvasKitRemover' is not required, skipping update.
[        ] [        ] Artifact Instance of 'FlutterSdk' is not required, skipping update.
[        ] [        ] Artifact Instance of 'WindowsEngineArtifacts' is not required, skipping update.
[        ] [        ] Artifact Instance of 'MacOSEngineArtifacts' is not required, skipping update.
[        ] [        ] Artifact Instance of 'LinuxEngineArtifacts' is not required, skipping update.
[        ] [        ] Artifact Instance of 'LinuxFuchsiaSDKArtifacts' is not required, skipping update.
[        ] [        ] Artifact Instance of 'MacOSFuchsiaSDKArtifacts' is not required, skipping update.
[        ] [        ] Artifact Instance of 'FlutterRunnerSDKArtifacts' is not required, skipping update.
[        ] [        ] Artifact Instance of 'FlutterRunnerDebugSymbols' is not required, skipping update.
[        ] [        ] Artifact Instance of 'IosUsbArtifacts' is not required, skipping update.
[        ] [        ] Artifact Instance of 'IosUsbArtifacts' is not required, skipping update.
[        ] [        ] Artifact Instance of 'IosUsbArtifacts' is not required, skipping update.
[        ] [        ] Artifact Instance of 'IosUsbArtifacts' is not required, skipping update.
[        ] [        ] Artifact Instance of 'IosUsbArtifacts' is not required, skipping update.
[        ] [        ] Artifact Instance of 'IosUsbArtifacts' is not required, skipping update.
[        ] [        ] Artifact Instance of 'FontSubsetArtifacts' is not required, skipping update.
[        ] [        ] Artifact Instance of 'PubDependencies' is not required, skipping update.
[        ] [   +3 ms] Artifact Instance of 'AndroidGenSnapshotArtifacts' is not required, skipping update.
[        ] [        ] Artifact Instance of 'AndroidInternalBuildArtifacts' is not required, skipping update.
[        ] [        ] Artifact Instance of 'IOSEngineArtifacts' is not required, skipping update.
[        ] [        ] Artifact Instance of 'FlutterWebSdk' is not required, skipping update.
[        ] [        ] Artifact Instance of 'FlutterEngineStamp' is not required, skipping update.
[        ] [        ] Artifact Instance of 'LegacyCanvasKitRemover' is not required, skipping update.
[        ] [        ] Artifact Instance of 'WindowsEngineArtifacts' is not required, skipping update.
[        ] [        ] Artifact Instance of 'MacOSEngineArtifacts' is not required, skipping update.
[        ] [        ] Artifact Instance of 'LinuxEngineArtifacts' is not required, skipping update.
[        ] [        ] Artifact Instance of 'LinuxFuchsiaSDKArtifacts' is not required, skipping update.
[        ] [        ] Artifact Instance of 'MacOSFuchsiaSDKArtifacts' is not required, skipping update.
[        ] [        ] Artifact Instance of 'FlutterRunnerSDKArtifacts' is not required, skipping update.
[        ] [        ] Artifact Instance of 'FlutterRunnerDebugSymbols' is not required, skipping update.
[        ] [  +24 ms] Artifact Instance of 'MaterialFonts' is not required, skipping update.
[        ] [        ] Artifact Instance of 'GradleWrapper' is not required, skipping update.
[        ] [        ] Artifact Instance of 'AndroidInternalBuildArtifacts' is not required, skipping update.
[        ] [        ] Artifact Instance of 'IOSEngineArtifacts' is not required, skipping update.
[        ] [        ] Artifact Instance of 'FlutterWebSdk' is not required, skipping update.
[        ] [        ] Artifact Instance of 'FlutterEngineStamp' is not required, skipping update.
[        ] [        ] Artifact Instance of 'LegacyCanvasKitRemover' is not required, skipping update.
[        ] [        ] Artifact Instance of 'FlutterSdk' is not required, skipping update.
[        ] [        ] Artifact Instance of 'WindowsEngineArtifacts' is not required, skipping update.
[        ] [        ] Artifact Instance of 'MacOSEngineArtifacts' is not required, skipping update.
[        ] [        ] Artifact Instance of 'LinuxEngineArtifacts' is not required, skipping update.
[        ] [        ] Artifact Instance of 'LinuxFuchsiaSDKArtifacts' is not required, skipping update.
[        ] [        ] Artifact Instance of 'MacOSFuchsiaSDKArtifacts' is not required, skipping update.
[        ] [        ] Artifact Instance of 'FlutterRunnerSDKArtifacts' is not required, skipping update.
[        ] [        ] Artifact Instance of 'FlutterRunnerDebugSymbols' is not required, skipping update.
[        ] [        ] Artifact Instance of 'IosUsbArtifacts' is not required, skipping update.
[        ] [        ] Artifact Instance of 'IosUsbArtifacts' is not required, skipping update.
[        ] [        ] Artifact Instance of 'IosUsbArtifacts' is not required, skipping update.
[        ] [        ] Artifact Instance of 'IosUsbArtifacts' is not required, skipping update.
[        ] [        ] Artifact Instance of 'IosUsbArtifacts' is not required, skipping update.
[        ] [        ] Artifact Instance of 'IosUsbArtifacts' is not required, skipping update.
[        ] [        ] Artifact Instance of 'FontSubsetArtifacts' is not required, skipping update.
[        ] [        ] Artifact Instance of 'PubDependencies' is not required, skipping update.
[        ] [  +20 ms] Initializing file store
[        ] [  +12 ms] dart_build: Starting due to {}
[        ] [        ] Skipping target: gen_localizations
[        ] [        ] gen_dart_plugin_registrant: Starting due to {InvalidatedReasonKind.outputSetAddition: The following outputs were added to the output set: /Users/florian/Code/substitution/.dart_tool/flutter_build/dart_plugin_registrant.dart, InvalidatedReasonKind.inputChanged: The following inputs have updated contents: /Users/florian/Code/substitution/.dart_tool/package_config.json}
[        ] [  +48 ms] Found plugin integration_test at /opt/homebrew/share/flutter/packages/integration_test/
[        ] [  +20 ms] Found plugin flutter_native_splash at /Users/florian/.pub-cache/hosted/pub.dev/flutter_native_splash-2.4.7/
[        ] [  +15 ms] Building native assets for android_arm64.
[        ] [  +22 ms] Found plugin connectivity_plus at /Users/florian/.pub-cache/hosted/pub.dev/connectivity_plus-5.0.2/
[        ] [   +6 ms] input.json contents:
[        ]            {
[        ]              "assets": {},
[        ]              "config": {
[        ]                "build_asset_types": [
[        ]                  "code_assets/code"
[        ]                ],
[        ]                "extensions": {
[        ]                  "code_assets": {
[        ]                    "android": {
[        ]                      "target_ndk_api": 24
[        ]                    },
[        ]                    "c_compiler": {
[        ]                      "ar": "/Users/florian/Library/Android/sdk/ndk/28.2.13676358/toolchains/llvm/prebuilt/darwin-x86_64/bin/llvm-ar",
[        ]                      "cc": "/Users/florian/Library/Android/sdk/ndk/28.2.13676358/toolchains/llvm/prebuilt/darwin-x86_64/bin/clang",
[        ]                      "ld": "/Users/florian/Library/Android/sdk/ndk/28.2.13676358/toolchains/llvm/prebuilt/darwin-x86_64/bin/ld.lld"
[        ]                    },
[        ]                    "link_mode_preference": "dynamic",
[        ]                    "target_architecture": "arm64",
[        ]                    "target_os": "android"
[        ]                  }
[        ]                },
[        ]                "linking_enabled": false
[        ]              },
[        ]              "out_dir_shared": "/Users/florian/Code/substitution/.dart_tool/hooks_runner/shared/objective_c/build/",
[        ]              "out_file": "/Users/florian/Code/substitution/.dart_tool/hooks_runner/objective_c/842b8c761140c2c0e73191c57a372e73/output.json",
[        ]              "package_name": "objective_c",
[        ]              "package_root": "/Users/florian/.pub-cache/hosted/pub.dev/objective_c-9.2.5/",
[        ]              "user_defines": {}
[        ]            }
[        ] [   +2 ms] output.json contents:
[        ]            {
[        ]              "assets_for_linking": {},
[        ]              "status": "success",
[        ]              "timestamp": "2026-02-16 21:57:23.000"
[        ]            }
[        ] [   +1 ms] Skipping build for objective_c in /Users/florian/Code/substitution/.dart_tool/hooks_runner/objective_c/842b8c761140c2c0e73191c57a372e73/. Last build on 2026-02-16 21:57:23.000.
[        ] [   +2 ms] Building native assets for android_arm64 done.
[        ] [   +1 ms] dart_build: Complete
[        ] [   +2 ms] install_code_assets: Starting due to {}
[        ] [   +1 ms] Writing native assets json to file:///Users/florian/Code/substitution/.dart_tool/flutter_build/3bfb3c276b9b7beea06ab8178cc8e51f/native_assets.json.
[        ] [   +1 ms] Found plugin video_player at /Users/florian/.pub-cache/hosted/pub.dev/video_player-2.10.1/
[        ] [        ] Writing /Users/florian/Code/substitution/.dart_tool/flutter_build/3bfb3c276b9b7beea06ab8178cc8e51f/native_assets.json done.
[        ] [        ] install_code_assets: Complete
[        ] [   +1 ms] Found plugin video_player_web at /Users/florian/.pub-cache/hosted/pub.dev/video_player_web-2.4.0/
[        ] [   +1 ms] Found plugin video_player_avfoundation at /Users/florian/.pub-cache/hosted/pub.dev/video_player_avfoundation-2.9.1/
[        ] [        ] Found plugin video_player_android at /Users/florian/.pub-cache/hosted/pub.dev/video_player_android-2.9.1/
[        ] [        ] Found plugin url_launcher at /Users/florian/.pub-cache/hosted/pub.dev/url_launcher-6.3.2/
[        ] [        ] Found plugin url_launcher_windows at /Users/florian/.pub-cache/hosted/pub.dev/url_launcher_windows-3.1.5/
[        ] [        ] Found plugin url_launcher_web at /Users/florian/.pub-cache/hosted/pub.dev/url_launcher_web-2.4.2/
[        ] [        ] Found plugin url_launcher_macos at /Users/florian/.pub-cache/hosted/pub.dev/url_launcher_macos-3.2.5/
[        ] [        ] Found plugin url_launcher_linux at /Users/florian/.pub-cache/hosted/pub.dev/url_launcher_linux-3.2.2/
[        ] [        ] Found plugin url_launcher_ios at /Users/florian/.pub-cache/hosted/pub.dev/url_launcher_ios-6.3.6/
[        ] [        ] Found plugin url_launcher_android at /Users/florian/.pub-cache/hosted/pub.dev/url_launcher_android-6.3.28/
[        ] [   +2 ms] Found plugin sqflite at /Users/florian/.pub-cache/hosted/pub.dev/sqflite-2.4.2/
[        ] [        ] Found plugin sqflite_darwin at /Users/florian/.pub-cache/hosted/pub.dev/sqflite_darwin-2.4.2/
[        ] [        ] Found plugin sqflite_android at /Users/florian/.pub-cache/hosted/pub.dev/sqflite_android-2.4.2+2/
[        ] [   +1 ms] Found plugin path_provider at /Users/florian/.pub-cache/hosted/pub.dev/path_provider-2.1.5/
[        ] [        ] Found plugin path_provider_windows at /Users/florian/.pub-cache/hosted/pub.dev/path_provider_windows-2.3.0/
[        ] [        ] Found plugin path_provider_linux at /Users/florian/.pub-cache/hosted/pub.dev/path_provider_linux-2.2.1/
[        ] [        ] Found plugin path_provider_foundation at /Users/florian/.pub-cache/hosted/pub.dev/path_provider_foundation-2.6.0/
[        ] [   +2 ms] Found plugin path_provider_android at /Users/florian/.pub-cache/hosted/pub.dev/path_provider_android-2.2.22/
[        ] [  +18 ms] Found plugin flutter_keyboard_visibility_temp_fork at /Users/florian/.pub-cache/hosted/pub.dev/flutter_keyboard_visibility_temp_fork-0.1.5/
[        ] [        ] Found plugin flutter_keyboard_visibility_windows at /Users/florian/.pub-cache/hosted/pub.dev/flutter_keyboard_visibility_windows-1.0.0/
[        ] [   +1 ms] Found plugin flutter_keyboard_visibility_macos at /Users/florian/.pub-cache/hosted/pub.dev/flutter_keyboard_visibility_macos-1.0.0/
[        ] [        ] Found plugin flutter_keyboard_visibility_linux at /Users/florian/.pub-cache/hosted/pub.dev/flutter_keyboard_visibility_linux-1.0.0/
[        ] [   +9 ms] Found plugin quill_native_bridge at /Users/florian/.pub-cache/hosted/pub.dev/quill_native_bridge-11.1.0/
[        ] [   +1 ms] Found plugin quill_native_bridge_windows at /Users/florian/.pub-cache/hosted/pub.dev/quill_native_bridge_windows-0.0.2/
[        ] [  +12 ms] Found plugin file_selector_windows at /Users/florian/.pub-cache/hosted/pub.dev/file_selector_windows-0.9.3+5/
[        ] [   +2 ms] Found plugin quill_native_bridge_web at /Users/florian/.pub-cache/hosted/pub.dev/quill_native_bridge_web-0.0.2/
[        ] [        ] Found plugin quill_native_bridge_macos at /Users/florian/.pub-cache/hosted/pub.dev/quill_native_bridge_macos-0.0.1/
[        ] [   +1 ms] Found plugin quill_native_bridge_ios at /Users/florian/.pub-cache/hosted/pub.dev/quill_native_bridge_ios-0.0.1/
[        ] [   +1 ms] Found plugin quill_native_bridge_android at /Users/florian/.pub-cache/hosted/pub.dev/quill_native_bridge_android-0.0.1+2/
[        ] [   +4 ms] Found plugin flutter_openssl_crypto at /Users/florian/.pub-cache/hosted/pub.dev/flutter_openssl_crypto-0.5.0/
[        ] [        ] Found plugin flutter_olm at /Users/florian/.pub-cache/hosted/pub.dev/flutter_olm-2.0.0/
[        ] [   +2 ms] Found plugin file_selector at /Users/florian/.pub-cache/hosted/pub.dev/file_selector-1.1.0/
[        ] [        ] Found plugin file_selector_web at /Users/florian/.pub-cache/hosted/pub.dev/file_selector_web-0.9.4+2/
[        ] [        ] Found plugin file_selector_macos at /Users/florian/.pub-cache/hosted/pub.dev/file_selector_macos-0.9.5/
[        ] [        ] Found plugin file_selector_linux at /Users/florian/.pub-cache/hosted/pub.dev/file_selector_linux-0.9.4/
[        ] [        ] Found plugin file_selector_ios at /Users/florian/.pub-cache/hosted/pub.dev/file_selector_ios-0.5.3+5/
[        ] [        ] Found plugin file_selector_android at /Users/florian/.pub-cache/hosted/pub.dev/file_selector_android-0.5.2+4/
[        ] [        ] Found plugin emoji_picker_flutter at /Users/florian/.pub-cache/hosted/pub.dev/emoji_picker_flutter-4.4.0/
[        ] [   +2 ms] Found plugin shared_preferences at /Users/florian/.pub-cache/hosted/pub.dev/shared_preferences-2.5.4/
[        ] [   +1 ms] Found plugin shared_preferences_windows at /Users/florian/.pub-cache/hosted/pub.dev/shared_preferences_windows-2.4.1/
[        ] [   +2 ms] Found plugin shared_preferences_web at /Users/florian/.pub-cache/hosted/pub.dev/shared_preferences_web-2.4.3/
[        ] [   +1 ms] Found plugin shared_preferences_linux at /Users/florian/.pub-cache/hosted/pub.dev/shared_preferences_linux-2.4.1/
[        ] [   +1 ms] Found plugin shared_preferences_foundation at /Users/florian/.pub-cache/hosted/pub.dev/shared_preferences_foundation-2.5.6/
[        ] [        ] Found plugin shared_preferences_android at /Users/florian/.pub-cache/hosted/pub.dev/shared_preferences_android-2.4.20/
[        ] [  +17 ms] Skipping generating dart_plugin_registrant.dart because it is up-to-date.
[        ] [        ] gen_dart_plugin_registrant: Complete
[        ] [   +1 ms] kernel_snapshot_program: Starting due to {}
[        ] [   +7 ms] /opt/homebrew/share/flutter/bin/cache/dart-sdk/bin/dartaotruntime /opt/homebrew/share/flutter/bin/cache/dart-sdk/bin/snapshots/frontend_server_aot.dart.snapshot --sdk-root /opt/homebrew/share/flutter/bin/cache/artifacts/engine/common/flutter_patched_sdk/ --target=flutter --no-print-incremental-dependencies -DMATRIX_SERVER=http://localhost:8008 -DMATRIX_TEST_USER= -DMATRIX_TEST_PASSWORD= -DFLUTTER_VERSION=3.38.9 -DFLUTTER_CHANNEL=stable -DFLUTTER_GIT_URL=https://github.com/flutter/flutter.git -DFLUTTER_FRAMEWORK_REVISION=67323de285 -DFLUTTER_ENGINE_REVISION=587c18f873 -DFLUTTER_DART_VERSION=3.10.8 -DINTEGRATION_TEST_SHOULD_REPORT_RESULTS_TO_NATIVE=false -DFLUTTER_APP_FLAVOR= -Ddart.vm.profile=false -Ddart.vm.product=false --enable-asserts --track-widget-creation --no-link-platform --packages /Users/florian/Code/substitution/.dart_tool/package_config.json --output-dill /Users/florian/Code/substitution/.dart_tool/flutter_build/3bfb3c276b9b7beea06ab8178cc8e51f/app.dill --depfile /Users/florian/Code/substitution/.dart_tool/flutter_build/3bfb3c276b9b7beea06ab8178cc8e51f/kernel_snapshot_program.d --incremental --initialize-from-dill /Users/florian/Code/substitution/.dart_tool/flutter_build/3bfb3c276b9b7beea06ab8178cc8e51f/app.dill --source file:///Users/florian/Code/substitution/.dart_tool/flutter_build/dart_plugin_registrant.dart --source package:flutter/src/dart_plugin_registrant.dart -Dflutter.dart_plugin_registrant=file:///Users/florian/Code/substitution/.dart_tool/flutter_build/dart_plugin_registrant.dart --verbosity=error file:///var/folders/l_/w8pnbb9d38n57pzg9j98fmy80000gn/T/flutter_tools.wuOse9/flutter_test_listener.gUynlZ/listener.dart
04:11 +1 -11: loading /Users/florian/Code/substitution/integration_test/feed_with_matrix_test.dart                                                                                                     04:12 +1 -11: loading /Users/florian/Code/substitution/integration_test/feed_with_matrix_test.dart                                                                                                     04:13 +1 -11: loading /Users/florian/Code/substitution/integration_test/feed_with_matrix_test.dart                                                                                                     04:14 +1 -11: loading /Users/florian/Code/substitution/integration_test/feed_with_matrix_test.dart                                                                                                     04:15 +1 -11: loading /Users/florian/Code/substitution/integration_test/feed_with_matrix_test.dart                                                                                                     [+5391 ms] [+6853 ms] kernel_snapshot_program: Complete
04:16 +1 -11: loading /Users/florian/Code/substitution/integration_test/feed_with_matrix_test.dart                                                                                                     [+1106 ms] [+1115 ms] debug_android_application: Starting due to {}
[  +93 ms] [ +105 ms] Manifest contained wildcard assets. Inserting missing file into build graph to force rerun. for more information see #56466.
[        ] [   +3 ms] shaderc command: [/opt/homebrew/share/flutter/bin/cache/artifacts/engine/darwin-x64/impellerc, --sksl, --runtime-stage-gles, --runtime-stage-gles3, --runtime-stage-vulkan, --iplr, --sl=/Users/florian/Code/substitution/build/app/intermediates/flutter/debug/flutter_assets/shaders/ink_sparkle.frag, --spirv=/Users/florian/Code/substitution/build/app/intermediates/flutter/debug/flutter_assets/shaders/ink_sparkle.frag.spirv, --input=/opt/homebrew/share/flutter/packages/flutter/lib/src/material/shaders/ink_sparkle.frag, --input-type=frag, --include=/opt/homebrew/share/flutter/packages/flutter/lib/src/material/shaders, --include=/opt/homebrew/share/flutter/bin/cache/artifacts/engine/darwin-x64/shader_lib]
[        ] [        ] shaderc command: [/opt/homebrew/share/flutter/bin/cache/artifacts/engine/darwin-x64/impellerc, --sksl, --runtime-stage-gles, --runtime-stage-gles3, --runtime-stage-vulkan, --iplr, --sl=/Users/florian/Code/substitution/build/app/intermediates/flutter/debug/flutter_assets/shaders/stretch_effect.frag, --spirv=/Users/florian/Code/substitution/build/app/intermediates/flutter/debug/flutter_assets/shaders/stretch_effect.frag.spirv, --input=/opt/homebrew/share/flutter/packages/flutter/lib/src/material/shaders/stretch_effect.frag, --input-type=frag, --include=/opt/homebrew/share/flutter/packages/flutter/lib/src/material/shaders, --include=/opt/homebrew/share/flutter/bin/cache/artifacts/engine/darwin-x64/shader_lib]
[ +300 ms] [ +317 ms] debug_android_application: Complete
04:17 +1 -11: loading /Users/florian/Code/substitution/integration_test/feed_with_matrix_test.dart                                                                                                     [ +997 ms] [ +938 ms] Persisting file store
[        ] [   +6 ms] Done persisting file store
[        ] [  +15 ms] build succeeded.
[        ] [   +3 ms] "flutter assemble" took 9.668ms.
[        ] [   +2 ms] executing: sw_vers -productName
[        ] [  +13 ms] Exit code 0 from: sw_vers -productName
[        ] [        ] macOS
[        ] [        ] executing: sw_vers -productVersion
[        ] [   +8 ms] Exit code 0 from: sw_vers -productVersion
[        ] [        ] 26.1
[        ] [        ] executing: sw_vers -buildVersion
[        ] [   +8 ms] Exit code 0 from: sw_vers -buildVersion
[        ] [        ] 25B78
[        ] [        ] executing: uname -m
[        ] [   +3 ms] Exit code 0 from: uname -m
[        ] [        ] arm64
[        ] [  +23 ms] Running 1 shutdown hook
[        ] [        ] Shutdown hooks complete
04:18 +1 -11: loading /Users/florian/Code/substitution/integration_test/feed_with_matrix_test.dart                                                                                                     [  +98 ms] [  +51 ms] exiting with code 0
[ +109 ms] Resolve mutations for :app:packJniLibsflutterBuildDebug (Thread[#38524,Execution worker Thread 2,5,main]) started.
[ +100 ms] :app:packJniLibsflutterBuildDebug (Thread[#38524,Execution worker Thread 2,5,main]) started.
[        ] > Task :app:packJniLibsflutterBuildDebug UP-TO-DATE
[        ] Caching disabled for task ':app:packJniLibsflutterBuildDebug' because:
[        ]   Build cache is disabled
[        ]   Not worth caching
[        ] Skipping task ':app:packJniLibsflutterBuildDebug' as it is up-to-date.
[        ] Resolve mutations for :connectivity_plus:preBuild (Thread[#38524,Execution worker Thread 2,5,main]) started.
[        ] :connectivity_plus:preBuild (Thread[#38553,Execution worker Thread 30,5,main]) started.
[        ] > Task :connectivity_plus:preBuild UP-TO-DATE
[        ] Skipping task ':connectivity_plus:preBuild' as it has no actions.
[        ] Resolve mutations for :connectivity_plus:preDebugBuild (Thread[#38553,Execution worker Thread 30,5,main]) started.
[        ] :connectivity_plus:preDebugBuild (Thread[#38553,Execution worker Thread 30,5,main]) started.
[        ] > Task :connectivity_plus:preDebugBuild UP-TO-DATE
[        ] Skipping task ':connectivity_plus:preDebugBuild' as it has no actions.
[        ] Resolve mutations for :connectivity_plus:writeDebugAarMetadata (Thread[#38553,Execution worker Thread 30,5,main]) started.
[        ] :connectivity_plus:writeDebugAarMetadata (Thread[#38553,Execution worker Thread 30,5,main]) started.
[        ] > Task :connectivity_plus:writeDebugAarMetadata UP-TO-DATE
[        ] Caching disabled for task ':connectivity_plus:writeDebugAarMetadata' because:
[        ]   Build cache is disabled
[        ]   Caching has been disabled for the task
[        ] Skipping task ':connectivity_plus:writeDebugAarMetadata' as it is up-to-date.
[        ] work action resolve aar-metadata.properties (project :connectivity_plus) (Thread[#38553,Execution worker Thread 30,5,main]) started.
[        ] Resolve mutations for :emoji_picker_flutter:preBuild (Thread[#38553,Execution worker Thread 30,5,main]) started.
[        ] :emoji_picker_flutter:preBuild (Thread[#38553,Execution worker Thread 30,5,main]) started.
[        ] > Task :emoji_picker_flutter:preBuild UP-TO-DATE
[        ] Skipping task ':emoji_picker_flutter:preBuild' as it has no actions.
[        ] Resolve mutations for :emoji_picker_flutter:preDebugBuild (Thread[#38553,Execution worker Thread 30,5,main]) started.
[        ] :emoji_picker_flutter:preDebugBuild (Thread[#38553,Execution worker Thread 30,5,main]) started.
[        ] > Task :emoji_picker_flutter:preDebugBuild UP-TO-DATE
[        ] Skipping task ':emoji_picker_flutter:preDebugBuild' as it has no actions.
[        ] Resolve mutations for :emoji_picker_flutter:writeDebugAarMetadata (Thread[#38553,Execution worker Thread 30,5,main]) started.
[        ] :emoji_picker_flutter:writeDebugAarMetadata (Thread[#38553,Execution worker Thread 30,5,main]) started.
[        ] > Task :emoji_picker_flutter:writeDebugAarMetadata UP-TO-DATE
[        ] Caching disabled for task ':emoji_picker_flutter:writeDebugAarMetadata' because:
[        ]   Build cache is disabled
[        ]   Caching has been disabled for the task
[        ] Skipping task ':emoji_picker_flutter:writeDebugAarMetadata' as it is up-to-date.
[        ] work action resolve aar-metadata.properties (project :emoji_picker_flutter) (Thread[#38553,Execution worker Thread 30,5,main]) started.
[        ] Resolve mutations for :file_selector_android:preBuild (Thread[#38553,Execution worker Thread 30,5,main]) started.
[        ] :file_selector_android:preBuild (Thread[#38553,Execution worker Thread 30,5,main]) started.
[        ] > Task :file_selector_android:preBuild UP-TO-DATE
[        ] Skipping task ':file_selector_android:preBuild' as it has no actions.
[        ] Resolve mutations for :file_selector_android:preDebugBuild (Thread[#38553,Execution worker Thread 30,5,main]) started.
[        ] :file_selector_android:preDebugBuild (Thread[#38553,Execution worker Thread 30,5,main]) started.
[        ] > Task :file_selector_android:preDebugBuild UP-TO-DATE
[        ] Skipping task ':file_selector_android:preDebugBuild' as it has no actions.
[        ] Resolve mutations for :file_selector_android:writeDebugAarMetadata (Thread[#38553,Execution worker Thread 30,5,main]) started.
[        ] :file_selector_android:writeDebugAarMetadata (Thread[#38553,Execution worker Thread 30,5,main]) started.
[        ] > Task :file_selector_android:writeDebugAarMetadata UP-TO-DATE
[        ] Caching disabled for task ':file_selector_android:writeDebugAarMetadata' because:
[        ]   Build cache is disabled
[        ]   Caching has been disabled for the task
[        ] Skipping task ':file_selector_android:writeDebugAarMetadata' as it is up-to-date.
[        ] work action resolve aar-metadata.properties (project :file_selector_android) (Thread[#38553,Execution worker Thread 30,5,main]) started.
[        ] Resolve mutations for :flutter_keyboard_visibility_temp_fork:preBuild (Thread[#38553,Execution worker Thread 30,5,main]) started.
[        ] :flutter_keyboard_visibility_temp_fork:preBuild (Thread[#38553,Execution worker Thread 30,5,main]) started.
[        ] > Task :flutter_keyboard_visibility_temp_fork:preBuild UP-TO-DATE
[        ] Skipping task ':flutter_keyboard_visibility_temp_fork:preBuild' as it has no actions.
[        ] Resolve mutations for :flutter_keyboard_visibility_temp_fork:preDebugBuild (Thread[#38553,Execution worker Thread 30,5,main]) started.
[        ] :flutter_keyboard_visibility_temp_fork:preDebugBuild (Thread[#38553,Execution worker Thread 30,5,main]) started.
[        ] > Task :flutter_keyboard_visibility_temp_fork:preDebugBuild UP-TO-DATE
[        ] Skipping task ':flutter_keyboard_visibility_temp_fork:preDebugBuild' as it has no actions.
[        ] Resolve mutations for :flutter_keyboard_visibility_temp_fork:writeDebugAarMetadata (Thread[#38553,Execution worker Thread 30,5,main]) started.
[        ] :flutter_keyboard_visibility_temp_fork:writeDebugAarMetadata (Thread[#38553,Execution worker Thread 30,5,main]) started.
[        ] > Task :flutter_keyboard_visibility_temp_fork:writeDebugAarMetadata UP-TO-DATE
[        ] Caching disabled for task ':flutter_keyboard_visibility_temp_fork:writeDebugAarMetadata' because:
[        ]   Build cache is disabled
[        ]   Caching has been disabled for the task
[        ] Skipping task ':flutter_keyboard_visibility_temp_fork:writeDebugAarMetadata' as it is up-to-date.
[        ] work action resolve aar-metadata.properties (project :flutter_keyboard_visibility_temp_fork) (Thread[#38553,Execution worker Thread 30,5,main]) started.
[        ] Resolve mutations for :flutter_native_splash:preBuild (Thread[#38553,Execution worker Thread 30,5,main]) started.
[        ] :flutter_native_splash:preBuild (Thread[#38553,Execution worker Thread 30,5,main]) started.
[        ] > Task :flutter_native_splash:preBuild UP-TO-DATE
[        ] Skipping task ':flutter_native_splash:preBuild' as it has no actions.
[        ] Resolve mutations for :flutter_native_splash:preDebugBuild (Thread[#38553,Execution worker Thread 30,5,main]) started.
[        ] :flutter_native_splash:preDebugBuild (Thread[#38553,Execution worker Thread 30,5,main]) started.
[        ] > Task :flutter_native_splash:preDebugBuild UP-TO-DATE
[        ] Skipping task ':flutter_native_splash:preDebugBuild' as it has no actions.
[        ] Resolve mutations for :flutter_native_splash:writeDebugAarMetadata (Thread[#38553,Execution worker Thread 30,5,main]) started.
[        ] :flutter_native_splash:writeDebugAarMetadata (Thread[#38553,Execution worker Thread 30,5,main]) started.
[        ] > Task :flutter_native_splash:writeDebugAarMetadata UP-TO-DATE
[        ] Caching disabled for task ':flutter_native_splash:writeDebugAarMetadata' because:
[        ]   Build cache is disabled
[        ]   Caching has been disabled for the task
[        ] Skipping task ':flutter_native_splash:writeDebugAarMetadata' as it is up-to-date.
[        ] work action resolve aar-metadata.properties (project :flutter_native_splash) (Thread[#38553,Execution worker Thread 30,5,main]) started.
[        ] Resolve mutations for :flutter_olm:preBuild (Thread[#38553,Execution worker Thread 30,5,main]) started.
[        ] :flutter_olm:preBuild (Thread[#38553,Execution worker Thread 30,5,main]) started.
[        ] > Task :flutter_olm:preBuild UP-TO-DATE
[        ] Skipping task ':flutter_olm:preBuild' as it has no actions.
[        ] Resolve mutations for :flutter_olm:preDebugBuild (Thread[#38553,Execution worker Thread 30,5,main]) started.
[        ] :flutter_olm:preDebugBuild (Thread[#38553,Execution worker Thread 30,5,main]) started.
[        ] > Task :flutter_olm:preDebugBuild UP-TO-DATE
[        ] Skipping task ':flutter_olm:preDebugBuild' as it has no actions.
[        ] Resolve mutations for :flutter_olm:writeDebugAarMetadata (Thread[#38553,Execution worker Thread 30,5,main]) started.
[        ] :flutter_olm:writeDebugAarMetadata (Thread[#38553,Execution worker Thread 30,5,main]) started.
[        ] > Task :flutter_olm:writeDebugAarMetadata UP-TO-DATE
[        ] Caching disabled for task ':flutter_olm:writeDebugAarMetadata' because:
[        ]   Build cache is disabled
[        ]   Caching has been disabled for the task
[        ] Skipping task ':flutter_olm:writeDebugAarMetadata' as it is up-to-date.
[        ] work action resolve aar-metadata.properties (project :flutter_olm) (Thread[#38553,Execution worker Thread 30,5,main]) started.
[        ] Resolve mutations for :flutter_openssl_crypto:preBuild (Thread[#38553,Execution worker Thread 30,5,main]) started.
[        ] :flutter_openssl_crypto:preBuild (Thread[#38553,Execution worker Thread 30,5,main]) started.
[        ] > Task :flutter_openssl_crypto:preBuild UP-TO-DATE
[        ] Skipping task ':flutter_openssl_crypto:preBuild' as it has no actions.
[        ] Resolve mutations for :flutter_openssl_crypto:preDebugBuild (Thread[#38553,Execution worker Thread 30,5,main]) started.
[        ] :flutter_openssl_crypto:preDebugBuild (Thread[#38553,Execution worker Thread 30,5,main]) started.
[        ] > Task :flutter_openssl_crypto:preDebugBuild UP-TO-DATE
[        ] Skipping task ':flutter_openssl_crypto:preDebugBuild' as it has no actions.
[        ] Resolve mutations for :flutter_openssl_crypto:writeDebugAarMetadata (Thread[#38553,Execution worker Thread 30,5,main]) started.
[        ] :flutter_openssl_crypto:writeDebugAarMetadata (Thread[#38553,Execution worker Thread 30,5,main]) started.
[        ] > Task :flutter_openssl_crypto:writeDebugAarMetadata UP-TO-DATE
[        ] Caching disabled for task ':flutter_openssl_crypto:writeDebugAarMetadata' because:
[        ]   Build cache is disabled
[        ]   Caching has been disabled for the task
[        ] Skipping task ':flutter_openssl_crypto:writeDebugAarMetadata' as it is up-to-date.
[        ] work action resolve aar-metadata.properties (project :flutter_openssl_crypto) (Thread[#38553,Execution worker Thread 30,5,main]) started.
[        ] Resolve mutations for :integration_test:preBuild (Thread[#38553,Execution worker Thread 30,5,main]) started.
[        ] :integration_test:preBuild (Thread[#38553,Execution worker Thread 30,5,main]) started.
[        ] > Task :integration_test:preBuild UP-TO-DATE
[        ] Skipping task ':integration_test:preBuild' as it has no actions.
[        ] Resolve mutations for :integration_test:preDebugBuild (Thread[#38542,Execution worker Thread 19,5,main]) started.
[        ] :integration_test:preDebugBuild (Thread[#38542,Execution worker Thread 19,5,main]) started.
[        ] > Task :integration_test:preDebugBuild UP-TO-DATE
[        ] Skipping task ':integration_test:preDebugBuild' as it has no actions.
[        ] Resolve mutations for :integration_test:writeDebugAarMetadata (Thread[#38542,Execution worker Thread 19,5,main]) started.
[        ] :integration_test:writeDebugAarMetadata (Thread[#38542,Execution worker Thread 19,5,main]) started.
[        ] > Task :integration_test:writeDebugAarMetadata UP-TO-DATE
[        ] Caching disabled for task ':integration_test:writeDebugAarMetadata' because:
[        ]   Build cache is disabled
[        ]   Caching has been disabled for the task
[        ] Skipping task ':integration_test:writeDebugAarMetadata' as it is up-to-date.
[        ] work action resolve aar-metadata.properties (project :integration_test) (Thread[#38542,Execution worker Thread 19,5,main]) started.
[        ] Resolve mutations for :path_provider_android:preBuild (Thread[#38542,Execution worker Thread 19,5,main]) started.
[        ] :path_provider_android:preBuild (Thread[#38542,Execution worker Thread 19,5,main]) started.
[        ] > Task :path_provider_android:preBuild UP-TO-DATE
[        ] Skipping task ':path_provider_android:preBuild' as it has no actions.
[        ] Resolve mutations for :path_provider_android:preDebugBuild (Thread[#38542,Execution worker Thread 19,5,main]) started.
[        ] :path_provider_android:preDebugBuild (Thread[#38542,Execution worker Thread 19,5,main]) started.
[        ] > Task :path_provider_android:preDebugBuild UP-TO-DATE
[        ] Skipping task ':path_provider_android:preDebugBuild' as it has no actions.
[        ] Resolve mutations for :path_provider_android:writeDebugAarMetadata (Thread[#38542,Execution worker Thread 19,5,main]) started.
[        ] :path_provider_android:writeDebugAarMetadata (Thread[#38542,Execution worker Thread 19,5,main]) started.
[        ] > Task :path_provider_android:writeDebugAarMetadata UP-TO-DATE
[        ] Caching disabled for task ':path_provider_android:writeDebugAarMetadata' because:
[        ]   Build cache is disabled
[        ]   Caching has been disabled for the task
[        ] Skipping task ':path_provider_android:writeDebugAarMetadata' as it is up-to-date.
[        ] work action resolve aar-metadata.properties (project :path_provider_android) (Thread[#38542,Execution worker Thread 19,5,main]) started.
[        ] Resolve mutations for :quill_native_bridge_android:preBuild (Thread[#38542,Execution worker Thread 19,5,main]) started.
[        ] :quill_native_bridge_android:preBuild (Thread[#38542,Execution worker Thread 19,5,main]) started.
[        ] > Task :quill_native_bridge_android:preBuild UP-TO-DATE
[        ] Skipping task ':quill_native_bridge_android:preBuild' as it has no actions.
[        ] Resolve mutations for :quill_native_bridge_android:preDebugBuild (Thread[#38542,Execution worker Thread 19,5,main]) started.
[        ] :quill_native_bridge_android:preDebugBuild (Thread[#38542,Execution worker Thread 19,5,main]) started.
[        ] > Task :quill_native_bridge_android:preDebugBuild UP-TO-DATE
[        ] Skipping task ':quill_native_bridge_android:preDebugBuild' as it has no actions.
[        ] Resolve mutations for :quill_native_bridge_android:writeDebugAarMetadata (Thread[#38542,Execution worker Thread 19,5,main]) started.
[        ] :quill_native_bridge_android:writeDebugAarMetadata (Thread[#38542,Execution worker Thread 19,5,main]) started.
[        ] > Task :quill_native_bridge_android:writeDebugAarMetadata UP-TO-DATE
[        ] Caching disabled for task ':quill_native_bridge_android:writeDebugAarMetadata' because:
[        ]   Build cache is disabled
[        ]   Caching has been disabled for the task
[        ] Skipping task ':quill_native_bridge_android:writeDebugAarMetadata' as it is up-to-date.
[        ] work action resolve aar-metadata.properties (project :quill_native_bridge_android) (Thread[#38542,Execution worker Thread 19,5,main]) started.
[        ] Resolve mutations for :shared_preferences_android:preBuild (Thread[#38542,Execution worker Thread 19,5,main]) started.
[        ] :shared_preferences_android:preBuild (Thread[#38542,Execution worker Thread 19,5,main]) started.
[        ] > Task :shared_preferences_android:preBuild UP-TO-DATE
[        ] Skipping task ':shared_preferences_android:preBuild' as it has no actions.
[        ] Resolve mutations for :shared_preferences_android:preDebugBuild (Thread[#38542,Execution worker Thread 19,5,main]) started.
[        ] :shared_preferences_android:preDebugBuild (Thread[#38542,Execution worker Thread 19,5,main]) started.
[        ] > Task :shared_preferences_android:preDebugBuild UP-TO-DATE
[        ] Skipping task ':shared_preferences_android:preDebugBuild' as it has no actions.
[        ] Resolve mutations for :shared_preferences_android:writeDebugAarMetadata (Thread[#38542,Execution worker Thread 19,5,main]) started.
[        ] :shared_preferences_android:writeDebugAarMetadata (Thread[#38542,Execution worker Thread 19,5,main]) started.
[        ] > Task :shared_preferences_android:writeDebugAarMetadata UP-TO-DATE
[        ] Caching disabled for task ':shared_preferences_android:writeDebugAarMetadata' because:
[        ]   Build cache is disabled
[        ]   Caching has been disabled for the task
[        ] Skipping task ':shared_preferences_android:writeDebugAarMetadata' as it is up-to-date.
[        ] work action resolve aar-metadata.properties (project :shared_preferences_android) (Thread[#38542,Execution worker Thread 19,5,main]) started.
[        ] Resolve mutations for :sqflite_android:preBuild (Thread[#38542,Execution worker Thread 19,5,main]) started.
[        ] :sqflite_android:preBuild (Thread[#38542,Execution worker Thread 19,5,main]) started.
[        ] > Task :sqflite_android:preBuild UP-TO-DATE
[        ] Skipping task ':sqflite_android:preBuild' as it has no actions.
[        ] Resolve mutations for :sqflite_android:preDebugBuild (Thread[#38542,Execution worker Thread 19,5,main]) started.
[        ] :sqflite_android:preDebugBuild (Thread[#38542,Execution worker Thread 19,5,main]) started.
[        ] > Task :sqflite_android:preDebugBuild UP-TO-DATE
[        ] Skipping task ':sqflite_android:preDebugBuild' as it has no actions.
[        ] Resolve mutations for :sqflite_android:writeDebugAarMetadata (Thread[#38542,Execution worker Thread 19,5,main]) started.
[        ] :sqflite_android:writeDebugAarMetadata (Thread[#38542,Execution worker Thread 19,5,main]) started.
[        ] > Task :sqflite_android:writeDebugAarMetadata UP-TO-DATE
[        ] Caching disabled for task ':sqflite_android:writeDebugAarMetadata' because:
[        ]   Build cache is disabled
[        ]   Caching has been disabled for the task
[        ] Skipping task ':sqflite_android:writeDebugAarMetadata' as it is up-to-date.
[        ] work action resolve aar-metadata.properties (project :sqflite_android) (Thread[#38542,Execution worker Thread 19,5,main]) started.
[        ] Resolve mutations for :url_launcher_android:preBuild (Thread[#38542,Execution worker Thread 19,5,main]) started.
[        ] :url_launcher_android:preBuild (Thread[#38542,Execution worker Thread 19,5,main]) started.
[        ] > Task :url_launcher_android:preBuild UP-TO-DATE
[        ] Skipping task ':url_launcher_android:preBuild' as it has no actions.
[        ] Resolve mutations for :url_launcher_android:preDebugBuild (Thread[#38542,Execution worker Thread 19,5,main]) started.
[        ] :url_launcher_android:preDebugBuild (Thread[#38542,Execution worker Thread 19,5,main]) started.
[        ] > Task :url_launcher_android:preDebugBuild UP-TO-DATE
[        ] Skipping task ':url_launcher_android:preDebugBuild' as it has no actions.
[        ] Resolve mutations for :url_launcher_android:writeDebugAarMetadata (Thread[#38542,Execution worker Thread 19,5,main]) started.
[        ] :url_launcher_android:writeDebugAarMetadata (Thread[#38542,Execution worker Thread 19,5,main]) started.
[        ] > Task :url_launcher_android:writeDebugAarMetadata UP-TO-DATE
[        ] Caching disabled for task ':url_launcher_android:writeDebugAarMetadata' because:
[        ]   Build cache is disabled
[        ]   Caching has been disabled for the task
[        ] Skipping task ':url_launcher_android:writeDebugAarMetadata' as it is up-to-date.
[        ] work action resolve aar-metadata.properties (project :url_launcher_android) (Thread[#38542,Execution worker Thread 19,5,main]) started.
[        ] Resolve mutations for :video_player_android:preBuild (Thread[#38542,Execution worker Thread 19,5,main]) started.
[        ] :video_player_android:preBuild (Thread[#38542,Execution worker Thread 19,5,main]) started.
[        ] > Task :video_player_android:preBuild UP-TO-DATE
[        ] Skipping task ':video_player_android:preBuild' as it has no actions.
[        ] Resolve mutations for :video_player_android:preDebugBuild (Thread[#38542,Execution worker Thread 19,5,main]) started.
[        ] :video_player_android:preDebugBuild (Thread[#38542,Execution worker Thread 19,5,main]) started.
[        ] > Task :video_player_android:preDebugBuild UP-TO-DATE
[        ] Skipping task ':video_player_android:preDebugBuild' as it has no actions.
[        ] Resolve mutations for :video_player_android:writeDebugAarMetadata (Thread[#38542,Execution worker Thread 19,5,main]) started.
[        ] :video_player_android:writeDebugAarMetadata (Thread[#38542,Execution worker Thread 19,5,main]) started.
[        ] > Task :video_player_android:writeDebugAarMetadata UP-TO-DATE
[        ] Caching disabled for task ':video_player_android:writeDebugAarMetadata' because:
[        ]   Build cache is disabled
[        ]   Caching has been disabled for the task
[        ] Skipping task ':video_player_android:writeDebugAarMetadata' as it is up-to-date.
[        ] work action resolve aar-metadata.properties (project :video_player_android) (Thread[#38542,Execution worker Thread 19,5,main]) started.
[        ] Resolve mutations for :app:checkDebugAarMetadata (Thread[#38542,Execution worker Thread 19,5,main]) started.
[        ] :app:checkDebugAarMetadata (Thread[#38542,Execution worker Thread 19,5,main]) started.
[        ] > Task :app:checkDebugAarMetadata UP-TO-DATE
[        ] Caching disabled for task ':app:checkDebugAarMetadata' because:
[        ]   Build cache is disabled
[        ]   Caching has been disabled for the task
[        ] Skipping task ':app:checkDebugAarMetadata' as it is up-to-date.
[        ] Resolve mutations for :app:cleanMergeDebugAssets (Thread[#38542,Execution worker Thread 19,5,main]) started.
[        ] :app:cleanMergeDebugAssets (Thread[#38538,Execution worker Thread 15,5,main]) started.
[        ] > Task :app:cleanMergeDebugAssets
[        ] Caching disabled for task ':app:cleanMergeDebugAssets' because:
[        ]   Build cache is disabled
[        ] Task ':app:cleanMergeDebugAssets' is not up-to-date because:
[        ]   Task has not declared any outputs despite executing actions.
[        ] Resolve mutations for :app:mergeDebugShaders (Thread[#38538,Execution worker Thread 15,5,main]) started.
[        ] :app:mergeDebugShaders (Thread[#38540,Execution worker Thread 17,5,main]) started.
[        ] > Task :app:mergeDebugShaders UP-TO-DATE
[        ] Caching disabled for task ':app:mergeDebugShaders' because:
[        ]   Build cache is disabled
[        ]   Simple merging task
[        ] Skipping task ':app:mergeDebugShaders' as it is up-to-date.
[        ] Resolve mutations for :app:compileDebugShaders (Thread[#38540,Execution worker Thread 17,5,main]) started.
[        ] :app:compileDebugShaders (Thread[#38522,included builds,5,main]) started.
[        ] > Task :app:compileDebugShaders NO-SOURCE
[        ] Skipping task ':app:compileDebugShaders' as it has no source files and no previous output files.
[        ] Resolve mutations for :app:generateDebugAssets (Thread[#38522,included builds,5,main]) started.
[        ] :app:generateDebugAssets (Thread[#38522,included builds,5,main]) started.
[        ] > Task :app:generateDebugAssets UP-TO-DATE
[        ] Skipping task ':app:generateDebugAssets' as it has no actions.
[        ] Resolve mutations for :connectivity_plus:mergeDebugShaders (Thread[#38522,included builds,5,main]) started.
[        ] :connectivity_plus:mergeDebugShaders (Thread[#38522,included builds,5,main]) started.
[        ] > Task :connectivity_plus:mergeDebugShaders UP-TO-DATE
[        ] Caching disabled for task ':connectivity_plus:mergeDebugShaders' because:
[        ]   Build cache is disabled
[        ]   Simple merging task
[        ] Skipping task ':connectivity_plus:mergeDebugShaders' as it is up-to-date.
[        ] Resolve mutations for :connectivity_plus:compileDebugShaders (Thread[#38522,included builds,5,main]) started.
[        ] :connectivity_plus:compileDebugShaders (Thread[#38522,included builds,5,main]) started.
[        ] > Task :connectivity_plus:compileDebugShaders NO-SOURCE
[        ] Skipping task ':connectivity_plus:compileDebugShaders' as it has no source files and no previous output files.
[        ] Resolve mutations for :connectivity_plus:generateDebugAssets (Thread[#38522,included builds,5,main]) started.
[        ] :connectivity_plus:generateDebugAssets (Thread[#38522,included builds,5,main]) started.
[        ] > Task :connectivity_plus:generateDebugAssets UP-TO-DATE
[        ] Skipping task ':connectivity_plus:generateDebugAssets' as it has no actions.
[        ] Resolve mutations for :connectivity_plus:mergeDebugAssets (Thread[#38522,included builds,5,main]) started.
[        ] :connectivity_plus:mergeDebugAssets (Thread[#38522,included builds,5,main]) started.
[        ] > Task :connectivity_plus:mergeDebugAssets UP-TO-DATE
[        ] Caching disabled for task ':connectivity_plus:mergeDebugAssets' because:
[        ]   Build cache is disabled
[        ]   Simple merging task
[        ] Skipping task ':connectivity_plus:mergeDebugAssets' as it is up-to-date.
[        ] work action resolve mergeDebugAssets (project :connectivity_plus) (Thread[#38522,included builds,5,main]) started.
[        ] Resolve mutations for :emoji_picker_flutter:mergeDebugShaders (Thread[#38522,included builds,5,main]) started.
[        ] :emoji_picker_flutter:mergeDebugShaders (Thread[#38522,included builds,5,main]) started.
[        ] > Task :emoji_picker_flutter:mergeDebugShaders UP-TO-DATE
[        ] Caching disabled for task ':emoji_picker_flutter:mergeDebugShaders' because:
[        ]   Build cache is disabled
[        ]   Simple merging task
[        ] Skipping task ':emoji_picker_flutter:mergeDebugShaders' as it is up-to-date.
[        ] Resolve mutations for :emoji_picker_flutter:compileDebugShaders (Thread[#38522,included builds,5,main]) started.
[        ] :emoji_picker_flutter:compileDebugShaders (Thread[#38522,included builds,5,main]) started.
[        ] > Task :emoji_picker_flutter:compileDebugShaders NO-SOURCE
[        ] Skipping task ':emoji_picker_flutter:compileDebugShaders' as it has no source files and no previous output files.
[        ] Resolve mutations for :emoji_picker_flutter:generateDebugAssets (Thread[#38522,included builds,5,main]) started.
[        ] :emoji_picker_flutter:generateDebugAssets (Thread[#38522,included builds,5,main]) started.
[        ] > Task :emoji_picker_flutter:generateDebugAssets UP-TO-DATE
[        ] Skipping task ':emoji_picker_flutter:generateDebugAssets' as it has no actions.
[        ] Resolve mutations for :emoji_picker_flutter:mergeDebugAssets (Thread[#38522,included builds,5,main]) started.
[        ] :emoji_picker_flutter:mergeDebugAssets (Thread[#38522,included builds,5,main]) started.
[        ] > Task :emoji_picker_flutter:mergeDebugAssets UP-TO-DATE
[        ] Caching disabled for task ':emoji_picker_flutter:mergeDebugAssets' because:
[        ]   Build cache is disabled
[        ]   Simple merging task
[        ] Skipping task ':emoji_picker_flutter:mergeDebugAssets' as it is up-to-date.
[        ] work action resolve mergeDebugAssets (project :emoji_picker_flutter) (Thread[#38522,included builds,5,main]) started.
[        ] Resolve mutations for :file_selector_android:mergeDebugShaders (Thread[#38522,included builds,5,main]) started.
[        ] :file_selector_android:mergeDebugShaders (Thread[#38522,included builds,5,main]) started.
[        ] > Task :file_selector_android:mergeDebugShaders UP-TO-DATE
[        ] Caching disabled for task ':file_selector_android:mergeDebugShaders' because:
[        ]   Build cache is disabled
[        ]   Simple merging task
[        ] Skipping task ':file_selector_android:mergeDebugShaders' as it is up-to-date.
[        ] Resolve mutations for :file_selector_android:compileDebugShaders (Thread[#38522,included builds,5,main]) started.
[        ] :file_selector_android:compileDebugShaders (Thread[#38522,included builds,5,main]) started.
[        ] > Task :file_selector_android:compileDebugShaders NO-SOURCE
[        ] Skipping task ':file_selector_android:compileDebugShaders' as it has no source files and no previous output files.
[        ] Resolve mutations for :file_selector_android:generateDebugAssets (Thread[#38522,included builds,5,main]) started.
[        ] :file_selector_android:generateDebugAssets (Thread[#38522,included builds,5,main]) started.
[        ] > Task :file_selector_android:generateDebugAssets UP-TO-DATE
[        ] Skipping task ':file_selector_android:generateDebugAssets' as it has no actions.
[        ] Resolve mutations for :file_selector_android:mergeDebugAssets (Thread[#38522,included builds,5,main]) started.
[        ] :file_selector_android:mergeDebugAssets (Thread[#38522,included builds,5,main]) started.
[        ] > Task :file_selector_android:mergeDebugAssets UP-TO-DATE
[        ] Caching disabled for task ':file_selector_android:mergeDebugAssets' because:
[        ]   Build cache is disabled
[        ]   Simple merging task
[        ] Skipping task ':file_selector_android:mergeDebugAssets' as it is up-to-date.
[        ] work action resolve mergeDebugAssets (project :file_selector_android) (Thread[#38522,included builds,5,main]) started.
[        ] Resolve mutations for :flutter_keyboard_visibility_temp_fork:mergeDebugShaders (Thread[#38522,included builds,5,main]) started.
[        ] :flutter_keyboard_visibility_temp_fork:mergeDebugShaders (Thread[#38522,included builds,5,main]) started.
[        ] > Task :flutter_keyboard_visibility_temp_fork:mergeDebugShaders UP-TO-DATE
[        ] Caching disabled for task ':flutter_keyboard_visibility_temp_fork:mergeDebugShaders' because:
[        ]   Build cache is disabled
[        ]   Simple merging task
[        ] Skipping task ':flutter_keyboard_visibility_temp_fork:mergeDebugShaders' as it is up-to-date.
[        ] Resolve mutations for :flutter_keyboard_visibility_temp_fork:compileDebugShaders (Thread[#38522,included builds,5,main]) started.
[        ] :flutter_keyboard_visibility_temp_fork:compileDebugShaders (Thread[#38522,included builds,5,main]) started.
[        ] > Task :flutter_keyboard_visibility_temp_fork:compileDebugShaders NO-SOURCE
[        ] Skipping task ':flutter_keyboard_visibility_temp_fork:compileDebugShaders' as it has no source files and no previous output files.
[        ] Resolve mutations for :flutter_keyboard_visibility_temp_fork:generateDebugAssets (Thread[#38522,included builds,5,main]) started.
[        ] :flutter_keyboard_visibility_temp_fork:generateDebugAssets (Thread[#38522,included builds,5,main]) started.
[        ] > Task :flutter_keyboard_visibility_temp_fork:generateDebugAssets UP-TO-DATE
[        ] Skipping task ':flutter_keyboard_visibility_temp_fork:generateDebugAssets' as it has no actions.
[        ] Resolve mutations for :flutter_keyboard_visibility_temp_fork:mergeDebugAssets (Thread[#38522,included builds,5,main]) started.
[        ] :flutter_keyboard_visibility_temp_fork:mergeDebugAssets (Thread[#38522,included builds,5,main]) started.
[        ] > Task :flutter_keyboard_visibility_temp_fork:mergeDebugAssets UP-TO-DATE
[        ] Caching disabled for task ':flutter_keyboard_visibility_temp_fork:mergeDebugAssets' because:
[        ]   Build cache is disabled
[        ]   Simple merging task
[        ] Skipping task ':flutter_keyboard_visibility_temp_fork:mergeDebugAssets' as it is up-to-date.
[        ] work action resolve mergeDebugAssets (project :flutter_keyboard_visibility_temp_fork) (Thread[#38522,included builds,5,main]) started.
[        ] Resolve mutations for :flutter_native_splash:mergeDebugShaders (Thread[#38522,included builds,5,main]) started.
[        ] :flutter_native_splash:mergeDebugShaders (Thread[#38522,included builds,5,main]) started.
[        ] > Task :flutter_native_splash:mergeDebugShaders UP-TO-DATE
[        ] Caching disabled for task ':flutter_native_splash:mergeDebugShaders' because:
[        ]   Build cache is disabled
[        ]   Simple merging task
[        ] Skipping task ':flutter_native_splash:mergeDebugShaders' as it is up-to-date.
[        ] Resolve mutations for :flutter_native_splash:compileDebugShaders (Thread[#38522,included builds,5,main]) started.
[        ] :flutter_native_splash:compileDebugShaders (Thread[#38522,included builds,5,main]) started.
[        ] > Task :flutter_native_splash:compileDebugShaders NO-SOURCE
[        ] Skipping task ':flutter_native_splash:compileDebugShaders' as it has no source files and no previous output files.
[        ] Resolve mutations for :flutter_native_splash:generateDebugAssets (Thread[#38522,included builds,5,main]) started.
[        ] :flutter_native_splash:generateDebugAssets (Thread[#38522,included builds,5,main]) started.
[        ] > Task :flutter_native_splash:generateDebugAssets UP-TO-DATE
[        ] Skipping task ':flutter_native_splash:generateDebugAssets' as it has no actions.
[        ] Resolve mutations for :flutter_native_splash:mergeDebugAssets (Thread[#38522,included builds,5,main]) started.
[        ] :flutter_native_splash:mergeDebugAssets (Thread[#38522,included builds,5,main]) started.
[        ] > Task :flutter_native_splash:mergeDebugAssets UP-TO-DATE
[        ] Caching disabled for task ':flutter_native_splash:mergeDebugAssets' because:
[        ]   Build cache is disabled
[        ]   Simple merging task
[        ] Skipping task ':flutter_native_splash:mergeDebugAssets' as it is up-to-date.
[        ] work action resolve mergeDebugAssets (project :flutter_native_splash) (Thread[#38522,included builds,5,main]) started.
[        ] Resolve mutations for :flutter_olm:mergeDebugShaders (Thread[#38522,included builds,5,main]) started.
[        ] :flutter_olm:mergeDebugShaders (Thread[#38522,included builds,5,main]) started.
[        ] > Task :flutter_olm:mergeDebugShaders UP-TO-DATE
[        ] Caching disabled for task ':flutter_olm:mergeDebugShaders' because:
[        ]   Build cache is disabled
[        ]   Simple merging task
[        ] Skipping task ':flutter_olm:mergeDebugShaders' as it is up-to-date.
[        ] Resolve mutations for :flutter_olm:compileDebugShaders (Thread[#38522,included builds,5,main]) started.
[        ] :flutter_olm:compileDebugShaders (Thread[#38522,included builds,5,main]) started.
[        ] > Task :flutter_olm:compileDebugShaders NO-SOURCE
[        ] Skipping task ':flutter_olm:compileDebugShaders' as it has no source files and no previous output files.
[        ] Resolve mutations for :flutter_olm:generateDebugAssets (Thread[#38522,included builds,5,main]) started.
[        ] :flutter_olm:generateDebugAssets (Thread[#38522,included builds,5,main]) started.
[        ] > Task :flutter_olm:generateDebugAssets UP-TO-DATE
[        ] Skipping task ':flutter_olm:generateDebugAssets' as it has no actions.
[        ] Resolve mutations for :flutter_olm:mergeDebugAssets (Thread[#38522,included builds,5,main]) started.
[        ] :flutter_olm:mergeDebugAssets (Thread[#38522,included builds,5,main]) started.
[        ] > Task :flutter_olm:mergeDebugAssets UP-TO-DATE
[        ] Caching disabled for task ':flutter_olm:mergeDebugAssets' because:
[        ]   Build cache is disabled
[        ]   Simple merging task
[        ] Skipping task ':flutter_olm:mergeDebugAssets' as it is up-to-date.
[        ] work action resolve mergeDebugAssets (project :flutter_olm) (Thread[#38522,included builds,5,main]) started.
[        ] Resolve mutations for :flutter_openssl_crypto:mergeDebugShaders (Thread[#38522,included builds,5,main]) started.
[        ] :flutter_openssl_crypto:mergeDebugShaders (Thread[#38522,included builds,5,main]) started.
[        ] > Task :flutter_openssl_crypto:mergeDebugShaders UP-TO-DATE
[        ] Caching disabled for task ':flutter_openssl_crypto:mergeDebugShaders' because:
[        ]   Build cache is disabled
[        ]   Simple merging task
[        ] Skipping task ':flutter_openssl_crypto:mergeDebugShaders' as it is up-to-date.
[        ] Resolve mutations for :flutter_openssl_crypto:compileDebugShaders (Thread[#38522,included builds,5,main]) started.
[        ] :flutter_openssl_crypto:compileDebugShaders (Thread[#38522,included builds,5,main]) started.
[        ] > Task :flutter_openssl_crypto:compileDebugShaders NO-SOURCE
[        ] Skipping task ':flutter_openssl_crypto:compileDebugShaders' as it has no source files and no previous output files.
[        ] Resolve mutations for :flutter_openssl_crypto:generateDebugAssets (Thread[#38522,included builds,5,main]) started.
[        ] :flutter_openssl_crypto:generateDebugAssets (Thread[#38522,included builds,5,main]) started.
[        ] > Task :flutter_openssl_crypto:generateDebugAssets UP-TO-DATE
[        ] Skipping task ':flutter_openssl_crypto:generateDebugAssets' as it has no actions.
[        ] Resolve mutations for :flutter_openssl_crypto:mergeDebugAssets (Thread[#38522,included builds,5,main]) started.
[        ] :flutter_openssl_crypto:mergeDebugAssets (Thread[#38522,included builds,5,main]) started.
[        ] > Task :flutter_openssl_crypto:mergeDebugAssets UP-TO-DATE
[        ] Caching disabled for task ':flutter_openssl_crypto:mergeDebugAssets' because:
[        ]   Build cache is disabled
[        ]   Simple merging task
[        ] Skipping task ':flutter_openssl_crypto:mergeDebugAssets' as it is up-to-date.
[        ] work action resolve mergeDebugAssets (project :flutter_openssl_crypto) (Thread[#38522,included builds,5,main]) started.
[        ] Resolve mutations for :integration_test:mergeDebugShaders (Thread[#38522,included builds,5,main]) started.
[        ] :integration_test:mergeDebugShaders (Thread[#38522,included builds,5,main]) started.
[        ] > Task :integration_test:mergeDebugShaders UP-TO-DATE
[        ] Caching disabled for task ':integration_test:mergeDebugShaders' because:
[        ]   Build cache is disabled
[        ]   Simple merging task
[        ] Skipping task ':integration_test:mergeDebugShaders' as it is up-to-date.
[        ] Resolve mutations for :integration_test:compileDebugShaders (Thread[#38522,included builds,5,main]) started.
[        ] :integration_test:compileDebugShaders (Thread[#38522,included builds,5,main]) started.
[        ] > Task :integration_test:compileDebugShaders NO-SOURCE
[        ] Skipping task ':integration_test:compileDebugShaders' as it has no source files and no previous output files.
[        ] Resolve mutations for :integration_test:generateDebugAssets (Thread[#38522,included builds,5,main]) started.
[        ] :integration_test:generateDebugAssets (Thread[#38522,included builds,5,main]) started.
[        ] > Task :integration_test:generateDebugAssets UP-TO-DATE
[        ] Skipping task ':integration_test:generateDebugAssets' as it has no actions.
[        ] Resolve mutations for :integration_test:mergeDebugAssets (Thread[#38522,included builds,5,main]) started.
[        ] :integration_test:mergeDebugAssets (Thread[#38522,included builds,5,main]) started.
[        ] > Task :integration_test:mergeDebugAssets UP-TO-DATE
[        ] Caching disabled for task ':integration_test:mergeDebugAssets' because:
[        ]   Build cache is disabled
[        ]   Simple merging task
[        ] Skipping task ':integration_test:mergeDebugAssets' as it is up-to-date.
[        ] work action resolve mergeDebugAssets (project :integration_test) (Thread[#38527,Execution worker Thread 5,5,main]) started.
[        ] Resolve mutations for :path_provider_android:mergeDebugShaders (Thread[#38527,Execution worker Thread 5,5,main]) started.
[        ] :path_provider_android:mergeDebugShaders (Thread[#38527,Execution worker Thread 5,5,main]) started.
[        ] > Task :path_provider_android:mergeDebugShaders UP-TO-DATE
[        ] Caching disabled for task ':path_provider_android:mergeDebugShaders' because:
[        ]   Build cache is disabled
[        ]   Simple merging task
[        ] Skipping task ':path_provider_android:mergeDebugShaders' as it is up-to-date.
[        ] Resolve mutations for :path_provider_android:compileDebugShaders (Thread[#38527,Execution worker Thread 5,5,main]) started.
[        ] :path_provider_android:compileDebugShaders (Thread[#38527,Execution worker Thread 5,5,main]) started.
[        ] > Task :path_provider_android:compileDebugShaders NO-SOURCE
[        ] Skipping task ':path_provider_android:compileDebugShaders' as it has no source files and no previous output files.
[        ] Resolve mutations for :path_provider_android:generateDebugAssets (Thread[#38527,Execution worker Thread 5,5,main]) started.
[        ] :path_provider_android:generateDebugAssets (Thread[#38527,Execution worker Thread 5,5,main]) started.
[        ] > Task :path_provider_android:generateDebugAssets UP-TO-DATE
[        ] Skipping task ':path_provider_android:generateDebugAssets' as it has no actions.
[        ] Resolve mutations for :path_provider_android:mergeDebugAssets (Thread[#38527,Execution worker Thread 5,5,main]) started.
[        ] :path_provider_android:mergeDebugAssets (Thread[#38527,Execution worker Thread 5,5,main]) started.
[        ] > Task :path_provider_android:mergeDebugAssets UP-TO-DATE
[        ] Caching disabled for task ':path_provider_android:mergeDebugAssets' because:
[        ]   Build cache is disabled
[        ]   Simple merging task
[        ] Skipping task ':path_provider_android:mergeDebugAssets' as it is up-to-date.
[        ] work action resolve mergeDebugAssets (project :path_provider_android) (Thread[#38527,Execution worker Thread 5,5,main]) started.
[        ] Resolve mutations for :quill_native_bridge_android:mergeDebugShaders (Thread[#38527,Execution worker Thread 5,5,main]) started.
[        ] :quill_native_bridge_android:mergeDebugShaders (Thread[#38527,Execution worker Thread 5,5,main]) started.
[        ] > Task :quill_native_bridge_android:mergeDebugShaders UP-TO-DATE
[        ] Caching disabled for task ':quill_native_bridge_android:mergeDebugShaders' because:
[        ]   Build cache is disabled
[        ]   Simple merging task
[        ] Skipping task ':quill_native_bridge_android:mergeDebugShaders' as it is up-to-date.
[        ] Resolve mutations for :quill_native_bridge_android:compileDebugShaders (Thread[#38527,Execution worker Thread 5,5,main]) started.
[        ] :quill_native_bridge_android:compileDebugShaders (Thread[#38527,Execution worker Thread 5,5,main]) started.
[        ] > Task :quill_native_bridge_android:compileDebugShaders NO-SOURCE
[        ] Skipping task ':quill_native_bridge_android:compileDebugShaders' as it has no source files and no previous output files.
[        ] Resolve mutations for :quill_native_bridge_android:generateDebugAssets (Thread[#38527,Execution worker Thread 5,5,main]) started.
[        ] :quill_native_bridge_android:generateDebugAssets (Thread[#38527,Execution worker Thread 5,5,main]) started.
[        ] > Task :quill_native_bridge_android:generateDebugAssets UP-TO-DATE
[        ] Skipping task ':quill_native_bridge_android:generateDebugAssets' as it has no actions.
[        ] Resolve mutations for :quill_native_bridge_android:mergeDebugAssets (Thread[#38527,Execution worker Thread 5,5,main]) started.
[        ] :quill_native_bridge_android:mergeDebugAssets (Thread[#38527,Execution worker Thread 5,5,main]) started.
[        ] > Task :quill_native_bridge_android:mergeDebugAssets UP-TO-DATE
[        ] Caching disabled for task ':quill_native_bridge_android:mergeDebugAssets' because:
[        ]   Build cache is disabled
[        ]   Simple merging task
[        ] Skipping task ':quill_native_bridge_android:mergeDebugAssets' as it is up-to-date.
[        ] work action resolve mergeDebugAssets (project :quill_native_bridge_android) (Thread[#38527,Execution worker Thread 5,5,main]) started.
[        ] Resolve mutations for :shared_preferences_android:mergeDebugShaders (Thread[#38527,Execution worker Thread 5,5,main]) started.
[        ] :shared_preferences_android:mergeDebugShaders (Thread[#38527,Execution worker Thread 5,5,main]) started.
[        ] > Task :shared_preferences_android:mergeDebugShaders UP-TO-DATE
[        ] Caching disabled for task ':shared_preferences_android:mergeDebugShaders' because:
[        ]   Build cache is disabled
[        ]   Simple merging task
[        ] Skipping task ':shared_preferences_android:mergeDebugShaders' as it is up-to-date.
[        ] Resolve mutations for :shared_preferences_android:compileDebugShaders (Thread[#38527,Execution worker Thread 5,5,main]) started.
[        ] :shared_preferences_android:compileDebugShaders (Thread[#38527,Execution worker Thread 5,5,main]) started.
[        ] > Task :shared_preferences_android:compileDebugShaders NO-SOURCE
[        ] Skipping task ':shared_preferences_android:compileDebugShaders' as it has no source files and no previous output files.
[        ] Resolve mutations for :shared_preferences_android:generateDebugAssets (Thread[#38527,Execution worker Thread 5,5,main]) started.
[        ] :shared_preferences_android:generateDebugAssets (Thread[#38527,Execution worker Thread 5,5,main]) started.
[        ] > Task :shared_preferences_android:generateDebugAssets UP-TO-DATE
[        ] Skipping task ':shared_preferences_android:generateDebugAssets' as it has no actions.
[        ] Resolve mutations for :shared_preferences_android:mergeDebugAssets (Thread[#38527,Execution worker Thread 5,5,main]) started.
[        ] :shared_preferences_android:mergeDebugAssets (Thread[#38527,Execution worker Thread 5,5,main]) started.
[        ] > Task :shared_preferences_android:mergeDebugAssets UP-TO-DATE
[        ] Caching disabled for task ':shared_preferences_android:mergeDebugAssets' because:
[        ]   Build cache is disabled
[        ]   Simple merging task
[        ] Skipping task ':shared_preferences_android:mergeDebugAssets' as it is up-to-date.
[        ] work action resolve mergeDebugAssets (project :shared_preferences_android) (Thread[#38527,Execution worker Thread 5,5,main]) started.
[        ] Resolve mutations for :sqflite_android:mergeDebugShaders (Thread[#38527,Execution worker Thread 5,5,main]) started.
[        ] :sqflite_android:mergeDebugShaders (Thread[#38540,Execution worker Thread 17,5,main]) started.
[        ] > Task :sqflite_android:mergeDebugShaders UP-TO-DATE
[        ] Caching disabled for task ':sqflite_android:mergeDebugShaders' because:
[        ]   Build cache is disabled
[        ]   Simple merging task
[        ] Skipping task ':sqflite_android:mergeDebugShaders' as it is up-to-date.
[        ] Resolve mutations for :sqflite_android:compileDebugShaders (Thread[#38540,Execution worker Thread 17,5,main]) started.
[        ] :sqflite_android:compileDebugShaders (Thread[#38553,Execution worker Thread 30,5,main]) started.
[        ] > Task :sqflite_android:compileDebugShaders NO-SOURCE
[        ] Skipping task ':sqflite_android:compileDebugShaders' as it has no source files and no previous output files.
[        ] Resolve mutations for :sqflite_android:generateDebugAssets (Thread[#38553,Execution worker Thread 30,5,main]) started.
[        ] :sqflite_android:generateDebugAssets (Thread[#38553,Execution worker Thread 30,5,main]) started.
[        ] > Task :sqflite_android:generateDebugAssets UP-TO-DATE
[        ] Skipping task ':sqflite_android:generateDebugAssets' as it has no actions.
[        ] Resolve mutations for :sqflite_android:mergeDebugAssets (Thread[#38553,Execution worker Thread 30,5,main]) started.
[        ] :sqflite_android:mergeDebugAssets (Thread[#38553,Execution worker Thread 30,5,main]) started.
[        ] > Task :sqflite_android:mergeDebugAssets UP-TO-DATE
[        ] Caching disabled for task ':sqflite_android:mergeDebugAssets' because:
[        ]   Build cache is disabled
[        ]   Simple merging task
[        ] Skipping task ':sqflite_android:mergeDebugAssets' as it is up-to-date.
[        ] work action resolve mergeDebugAssets (project :sqflite_android) (Thread[#38553,Execution worker Thread 30,5,main]) started.
[        ] Resolve mutations for :url_launcher_android:mergeDebugShaders (Thread[#38553,Execution worker Thread 30,5,main]) started.
[        ] :url_launcher_android:mergeDebugShaders (Thread[#38553,Execution worker Thread 30,5,main]) started.
[        ] > Task :url_launcher_android:mergeDebugShaders UP-TO-DATE
[        ] Caching disabled for task ':url_launcher_android:mergeDebugShaders' because:
[        ]   Build cache is disabled
[        ]   Simple merging task
[        ] Skipping task ':url_launcher_android:mergeDebugShaders' as it is up-to-date.
[        ] Resolve mutations for :url_launcher_android:compileDebugShaders (Thread[#38553,Execution worker Thread 30,5,main]) started.
[        ] :url_launcher_android:compileDebugShaders (Thread[#38553,Execution worker Thread 30,5,main]) started.
[        ] > Task :url_launcher_android:compileDebugShaders NO-SOURCE
[        ] Skipping task ':url_launcher_android:compileDebugShaders' as it has no source files and no previous output files.
[        ] Resolve mutations for :url_launcher_android:generateDebugAssets (Thread[#38553,Execution worker Thread 30,5,main]) started.
[        ] :url_launcher_android:generateDebugAssets (Thread[#38553,Execution worker Thread 30,5,main]) started.
[        ] > Task :url_launcher_android:generateDebugAssets UP-TO-DATE
[        ] Skipping task ':url_launcher_android:generateDebugAssets' as it has no actions.
[        ] Resolve mutations for :url_launcher_android:mergeDebugAssets (Thread[#38553,Execution worker Thread 30,5,main]) started.
[        ] :url_launcher_android:mergeDebugAssets (Thread[#38553,Execution worker Thread 30,5,main]) started.
[        ] > Task :url_launcher_android:mergeDebugAssets UP-TO-DATE
[        ] Caching disabled for task ':url_launcher_android:mergeDebugAssets' because:
[        ]   Build cache is disabled
[        ]   Simple merging task
[        ] Skipping task ':url_launcher_android:mergeDebugAssets' as it is up-to-date.
[        ] work action resolve mergeDebugAssets (project :url_launcher_android) (Thread[#38553,Execution worker Thread 30,5,main]) started.
[        ] Resolve mutations for :video_player_android:mergeDebugShaders (Thread[#38553,Execution worker Thread 30,5,main]) started.
[        ] :video_player_android:mergeDebugShaders (Thread[#38553,Execution worker Thread 30,5,main]) started.
[        ] > Task :video_player_android:mergeDebugShaders UP-TO-DATE
[        ] Caching disabled for task ':video_player_android:mergeDebugShaders' because:
[        ]   Build cache is disabled
[        ]   Simple merging task
[        ] Skipping task ':video_player_android:mergeDebugShaders' as it is up-to-date.
[        ] Resolve mutations for :video_player_android:compileDebugShaders (Thread[#38553,Execution worker Thread 30,5,main]) started.
[        ] :video_player_android:compileDebugShaders (Thread[#38553,Execution worker Thread 30,5,main]) started.
[        ] > Task :video_player_android:compileDebugShaders NO-SOURCE
[        ] Skipping task ':video_player_android:compileDebugShaders' as it has no source files and no previous output files.
[        ] Resolve mutations for :video_player_android:generateDebugAssets (Thread[#38553,Execution worker Thread 30,5,main]) started.
[        ] :video_player_android:generateDebugAssets (Thread[#38553,Execution worker Thread 30,5,main]) started.
[        ] > Task :video_player_android:generateDebugAssets UP-TO-DATE
[        ] Skipping task ':video_player_android:generateDebugAssets' as it has no actions.
[        ] Resolve mutations for :video_player_android:mergeDebugAssets (Thread[#38553,Execution worker Thread 30,5,main]) started.
[        ] :video_player_android:mergeDebugAssets (Thread[#38553,Execution worker Thread 30,5,main]) started.
[        ] > Task :video_player_android:mergeDebugAssets UP-TO-DATE
[        ] Caching disabled for task ':video_player_android:mergeDebugAssets' because:
[        ]   Build cache is disabled
[        ]   Simple merging task
[        ] Skipping task ':video_player_android:mergeDebugAssets' as it is up-to-date.
[        ] work action resolve mergeDebugAssets (project :video_player_android) (Thread[#38553,Execution worker Thread 30,5,main]) started.
[        ] Resolve mutations for :app:mergeDebugAssets (Thread[#38553,Execution worker Thread 30,5,main]) started.
[        ] :app:mergeDebugAssets (Thread[#38553,Execution worker Thread 30,5,main]) started.
[        ] > Task :app:mergeDebugAssets
[        ] Caching disabled for task ':app:mergeDebugAssets' because:
[        ]   Build cache is disabled
[        ]   Simple merging task
[        ] Task ':app:mergeDebugAssets' is not up-to-date because:
[        ]   Output property 'outputDir' file /Users/florian/Code/substitution/build/app/intermediates/assets/debug/mergeDebugAssets has been removed.
[        ] The input changes require a full rebuild for incremental task ':app:mergeDebugAssets'.
[        ] Resolve mutations for :app:copyFlutterAssetsDebug (Thread[#38553,Execution worker Thread 30,5,main]) started.
[        ] :app:copyFlutterAssetsDebug (Thread[#38553,Execution worker Thread 30,5,main]) started.
[ +185 ms] > Task :app:copyFlutterAssetsDebug
[        ] Caching disabled for task ':app:copyFlutterAssetsDebug' because:
[        ]   Build cache is disabled
[        ]   Not worth caching
[        ] Task ':app:copyFlutterAssetsDebug' is not up-to-date because:
[        ]   Output property 'destinationDir' file /Users/florian/Code/substitution/build/app/intermediates/assets/debug/mergeDebugAssets/flutter_assets has been removed.
[        ]   Output property 'destinationDir' file /Users/florian/Code/substitution/build/app/intermediates/assets/debug/mergeDebugAssets/flutter_assets/AssetManifest.bin has been removed.
[        ]   Output property 'destinationDir' file /Users/florian/Code/substitution/build/app/intermediates/assets/debug/mergeDebugAssets/flutter_assets/FontManifest.json has been removed.
[        ]   and more...
[        ] Resolve mutations for :app:generateDebugResValues (Thread[#38553,Execution worker Thread 30,5,main]) started.
[        ] :app:generateDebugResValues (Thread[#38552,Execution worker Thread 29,5,main]) started.
[        ] > Task :app:generateDebugResValues UP-TO-DATE
[        ] Caching disabled for task ':app:generateDebugResValues' because:
[        ]   Build cache is disabled
[        ] Skipping task ':app:generateDebugResValues' as it is up-to-date.
[        ] Resolve mutations for :connectivity_plus:generateDebugResValues (Thread[#38552,Execution worker Thread 29,5,main]) started.
[        ] :connectivity_plus:generateDebugResValues (Thread[#38552,Execution worker Thread 29,5,main]) started.
[        ] > Task :connectivity_plus:generateDebugResValues UP-TO-DATE
[        ] Caching disabled for task ':connectivity_plus:generateDebugResValues' because:
[        ]   Build cache is disabled
[        ] Skipping task ':connectivity_plus:generateDebugResValues' as it is up-to-date.
[        ] Resolve mutations for :connectivity_plus:generateDebugResources (Thread[#38552,Execution worker Thread 29,5,main]) started.
[        ] :connectivity_plus:generateDebugResources (Thread[#38552,Execution worker Thread 29,5,main]) started.
[        ] > Task :connectivity_plus:generateDebugResources UP-TO-DATE
[        ] Caching disabled for task ':connectivity_plus:generateDebugResources' because:
[        ]   Build cache is disabled
[        ] Skipping task ':connectivity_plus:generateDebugResources' as it is up-to-date.
[        ] Resolve mutations for :connectivity_plus:packageDebugResources (Thread[#38552,Execution worker Thread 29,5,main]) started.
[        ] :connectivity_plus:packageDebugResources (Thread[#38528,Execution worker Thread 6,5,main]) started.
[        ] > Task :connectivity_plus:packageDebugResources UP-TO-DATE
[        ] Caching disabled for task ':connectivity_plus:packageDebugResources' because:
[        ]   Build cache is disabled
[        ] Skipping task ':connectivity_plus:packageDebugResources' as it is up-to-date.
[        ] work action resolve packageDebugResources (project :connectivity_plus) (Thread[#38528,Execution worker Thread 6,5,main]) started.
[        ] Resolve mutations for :emoji_picker_flutter:generateDebugResValues (Thread[#38528,Execution worker Thread 6,5,main]) started.
[        ] :emoji_picker_flutter:generateDebugResValues (Thread[#38528,Execution worker Thread 6,5,main]) started.
[        ] > Task :emoji_picker_flutter:generateDebugResValues UP-TO-DATE
[        ] Caching disabled for task ':emoji_picker_flutter:generateDebugResValues' because:
[        ]   Build cache is disabled
[        ] Skipping task ':emoji_picker_flutter:generateDebugResValues' as it is up-to-date.
[        ] Resolve mutations for :emoji_picker_flutter:generateDebugResources (Thread[#38528,Execution worker Thread 6,5,main]) started.
[        ] :emoji_picker_flutter:generateDebugResources (Thread[#38528,Execution worker Thread 6,5,main]) started.
[        ] > Task :emoji_picker_flutter:generateDebugResources UP-TO-DATE
[        ] Caching disabled for task ':emoji_picker_flutter:generateDebugResources' because:
[        ]   Build cache is disabled
[        ] Skipping task ':emoji_picker_flutter:generateDebugResources' as it is up-to-date.
[        ] Resolve mutations for :emoji_picker_flutter:packageDebugResources (Thread[#38528,Execution worker Thread 6,5,main]) started.
[        ] :emoji_picker_flutter:packageDebugResources (Thread[#38528,Execution worker Thread 6,5,main]) started.
[        ] > Task :emoji_picker_flutter:packageDebugResources UP-TO-DATE
[        ] Caching disabled for task ':emoji_picker_flutter:packageDebugResources' because:
[        ]   Build cache is disabled
[        ] Skipping task ':emoji_picker_flutter:packageDebugResources' as it is up-to-date.
[        ] work action resolve packageDebugResources (project :emoji_picker_flutter) (Thread[#38528,Execution worker Thread 6,5,main]) started.
[        ] Resolve mutations for :file_selector_android:generateDebugResValues (Thread[#38528,Execution worker Thread 6,5,main]) started.
[        ] :file_selector_android:generateDebugResValues (Thread[#38528,Execution worker Thread 6,5,main]) started.
[        ] > Task :file_selector_android:generateDebugResValues UP-TO-DATE
[        ] Caching disabled for task ':file_selector_android:generateDebugResValues' because:
[        ]   Build cache is disabled
[        ] Skipping task ':file_selector_android:generateDebugResValues' as it is up-to-date.
[        ] Resolve mutations for :file_selector_android:generateDebugResources (Thread[#38528,Execution worker Thread 6,5,main]) started.
[        ] :file_selector_android:generateDebugResources (Thread[#38528,Execution worker Thread 6,5,main]) started.
[        ] > Task :file_selector_android:generateDebugResources UP-TO-DATE
[        ] Caching disabled for task ':file_selector_android:generateDebugResources' because:
[        ]   Build cache is disabled
[        ] Skipping task ':file_selector_android:generateDebugResources' as it is up-to-date.
[        ] Resolve mutations for :file_selector_android:packageDebugResources (Thread[#38528,Execution worker Thread 6,5,main]) started.
[        ] :file_selector_android:packageDebugResources (Thread[#38538,Execution worker Thread 15,5,main]) started.
[        ] > Task :file_selector_android:packageDebugResources UP-TO-DATE
[        ] Caching disabled for task ':file_selector_android:packageDebugResources' because:
[        ]   Build cache is disabled
[        ] Skipping task ':file_selector_android:packageDebugResources' as it is up-to-date.
[        ] work action resolve packageDebugResources (project :file_selector_android) (Thread[#38538,Execution worker Thread 15,5,main]) started.
[        ] Resolve mutations for :flutter_keyboard_visibility_temp_fork:generateDebugResValues (Thread[#38538,Execution worker Thread 15,5,main]) started.
[        ] :flutter_keyboard_visibility_temp_fork:generateDebugResValues (Thread[#38538,Execution worker Thread 15,5,main]) started.
[        ] > Task :flutter_keyboard_visibility_temp_fork:generateDebugResValues UP-TO-DATE
[        ] Caching disabled for task ':flutter_keyboard_visibility_temp_fork:generateDebugResValues' because:
[        ]   Build cache is disabled
[        ] Skipping task ':flutter_keyboard_visibility_temp_fork:generateDebugResValues' as it is up-to-date.
[        ] Resolve mutations for :flutter_keyboard_visibility_temp_fork:generateDebugResources (Thread[#38538,Execution worker Thread 15,5,main]) started.
[        ] :flutter_keyboard_visibility_temp_fork:generateDebugResources (Thread[#38538,Execution worker Thread 15,5,main]) started.
[        ] > Task :flutter_keyboard_visibility_temp_fork:generateDebugResources UP-TO-DATE
[        ] Caching disabled for task ':flutter_keyboard_visibility_temp_fork:generateDebugResources' because:
[        ]   Build cache is disabled
[        ] Skipping task ':flutter_keyboard_visibility_temp_fork:generateDebugResources' as it is up-to-date.
[        ] Resolve mutations for :flutter_keyboard_visibility_temp_fork:packageDebugResources (Thread[#38538,Execution worker Thread 15,5,main]) started.
[        ] :flutter_keyboard_visibility_temp_fork:packageDebugResources (Thread[#38540,Execution worker Thread 17,5,main]) started.
[        ] > Task :flutter_keyboard_visibility_temp_fork:packageDebugResources UP-TO-DATE
[        ] Caching disabled for task ':flutter_keyboard_visibility_temp_fork:packageDebugResources' because:
[        ]   Build cache is disabled
[        ] Skipping task ':flutter_keyboard_visibility_temp_fork:packageDebugResources' as it is up-to-date.
[        ] work action resolve packageDebugResources (project :flutter_keyboard_visibility_temp_fork) (Thread[#38540,Execution worker Thread 17,5,main]) started.
[        ] Resolve mutations for :flutter_native_splash:generateDebugResValues (Thread[#38540,Execution worker Thread 17,5,main]) started.
[        ] :flutter_native_splash:generateDebugResValues (Thread[#38532,Execution worker Thread 10,5,main]) started.
[        ] > Task :flutter_native_splash:generateDebugResValues UP-TO-DATE
[        ] Caching disabled for task ':flutter_native_splash:generateDebugResValues' because:
[        ]   Build cache is disabled
[        ] Skipping task ':flutter_native_splash:generateDebugResValues' as it is up-to-date.
[        ] Resolve mutations for :flutter_native_splash:generateDebugResources (Thread[#38532,Execution worker Thread 10,5,main]) started.
[        ] :flutter_native_splash:generateDebugResources (Thread[#38532,Execution worker Thread 10,5,main]) started.
[        ] > Task :flutter_native_splash:generateDebugResources UP-TO-DATE
[        ] Caching disabled for task ':flutter_native_splash:generateDebugResources' because:
[        ]   Build cache is disabled
[        ] Skipping task ':flutter_native_splash:generateDebugResources' as it is up-to-date.
[        ] Resolve mutations for :flutter_native_splash:packageDebugResources (Thread[#38532,Execution worker Thread 10,5,main]) started.
[        ] :flutter_native_splash:packageDebugResources (Thread[#38532,Execution worker Thread 10,5,main]) started.
[        ] > Task :flutter_native_splash:packageDebugResources UP-TO-DATE
[        ] Caching disabled for task ':flutter_native_splash:packageDebugResources' because:
[        ]   Build cache is disabled
[        ] Skipping task ':flutter_native_splash:packageDebugResources' as it is up-to-date.
[        ] work action resolve packageDebugResources (project :flutter_native_splash) (Thread[#38532,Execution worker Thread 10,5,main]) started.
[        ] Resolve mutations for :flutter_olm:generateDebugResValues (Thread[#38532,Execution worker Thread 10,5,main]) started.
[        ] :flutter_olm:generateDebugResValues (Thread[#38532,Execution worker Thread 10,5,main]) started.
[        ] > Task :flutter_olm:generateDebugResValues UP-TO-DATE
[        ] Caching disabled for task ':flutter_olm:generateDebugResValues' because:
[        ]   Build cache is disabled
[        ] Skipping task ':flutter_olm:generateDebugResValues' as it is up-to-date.
[        ] Resolve mutations for :flutter_olm:generateDebugResources (Thread[#38532,Execution worker Thread 10,5,main]) started.
[        ] :flutter_olm:generateDebugResources (Thread[#38532,Execution worker Thread 10,5,main]) started.
[        ] > Task :flutter_olm:generateDebugResources UP-TO-DATE
[        ] Caching disabled for task ':flutter_olm:generateDebugResources' because:
[        ]   Build cache is disabled
[        ] Skipping task ':flutter_olm:generateDebugResources' as it is up-to-date.
[        ] Resolve mutations for :flutter_olm:packageDebugResources (Thread[#38532,Execution worker Thread 10,5,main]) started.
[        ] :flutter_olm:packageDebugResources (Thread[#38532,Execution worker Thread 10,5,main]) started.
[        ] > Task :flutter_olm:packageDebugResources UP-TO-DATE
[        ] Caching disabled for task ':flutter_olm:packageDebugResources' because:
[        ]   Build cache is disabled
[        ] Skipping task ':flutter_olm:packageDebugResources' as it is up-to-date.
[        ] work action resolve packageDebugResources (project :flutter_olm) (Thread[#38532,Execution worker Thread 10,5,main]) started.
[        ] Resolve mutations for :flutter_openssl_crypto:generateDebugResValues (Thread[#38532,Execution worker Thread 10,5,main]) started.
[        ] :flutter_openssl_crypto:generateDebugResValues (Thread[#38541,Execution worker Thread 18,5,main]) started.
[        ] > Task :flutter_openssl_crypto:generateDebugResValues UP-TO-DATE
[        ] Caching disabled for task ':flutter_openssl_crypto:generateDebugResValues' because:
[        ]   Build cache is disabled
[        ] Skipping task ':flutter_openssl_crypto:generateDebugResValues' as it is up-to-date.
[        ] Resolve mutations for :flutter_openssl_crypto:generateDebugResources (Thread[#38541,Execution worker Thread 18,5,main]) started.
[        ] :flutter_openssl_crypto:generateDebugResources (Thread[#38541,Execution worker Thread 18,5,main]) started.
[        ] > Task :flutter_openssl_crypto:generateDebugResources UP-TO-DATE
[        ] Caching disabled for task ':flutter_openssl_crypto:generateDebugResources' because:
[        ]   Build cache is disabled
[        ] Skipping task ':flutter_openssl_crypto:generateDebugResources' as it is up-to-date.
[        ] Resolve mutations for :flutter_openssl_crypto:packageDebugResources (Thread[#38541,Execution worker Thread 18,5,main]) started.
[        ] :flutter_openssl_crypto:packageDebugResources (Thread[#38541,Execution worker Thread 18,5,main]) started.
[        ] > Task :flutter_openssl_crypto:packageDebugResources UP-TO-DATE
[        ] Caching disabled for task ':flutter_openssl_crypto:packageDebugResources' because:
[        ]   Build cache is disabled
[        ] Skipping task ':flutter_openssl_crypto:packageDebugResources' as it is up-to-date.
[        ] work action resolve packageDebugResources (project :flutter_openssl_crypto) (Thread[#38541,Execution worker Thread 18,5,main]) started.
[        ] Resolve mutations for :integration_test:generateDebugResValues (Thread[#38541,Execution worker Thread 18,5,main]) started.
[        ] :integration_test:generateDebugResValues (Thread[#38541,Execution worker Thread 18,5,main]) started.
[        ] > Task :integration_test:generateDebugResValues UP-TO-DATE
[        ] Caching disabled for task ':integration_test:generateDebugResValues' because:
[        ]   Build cache is disabled
[        ] Skipping task ':integration_test:generateDebugResValues' as it is up-to-date.
[        ] Resolve mutations for :integration_test:generateDebugResources (Thread[#38541,Execution worker Thread 18,5,main]) started.
[        ] :integration_test:generateDebugResources (Thread[#38541,Execution worker Thread 18,5,main]) started.
[        ] > Task :integration_test:generateDebugResources UP-TO-DATE
[        ] Caching disabled for task ':integration_test:generateDebugResources' because:
[        ]   Build cache is disabled
[        ] Skipping task ':integration_test:generateDebugResources' as it is up-to-date.
[        ] Resolve mutations for :integration_test:packageDebugResources (Thread[#38541,Execution worker Thread 18,5,main]) started.
[        ] :integration_test:packageDebugResources (Thread[#38541,Execution worker Thread 18,5,main]) started.
[        ] > Task :integration_test:packageDebugResources UP-TO-DATE
[        ] Caching disabled for task ':integration_test:packageDebugResources' because:
[        ]   Build cache is disabled
[        ] Skipping task ':integration_test:packageDebugResources' as it is up-to-date.
[        ] work action resolve packageDebugResources (project :integration_test) (Thread[#38541,Execution worker Thread 18,5,main]) started.
[        ] Resolve mutations for :path_provider_android:generateDebugResValues (Thread[#38541,Execution worker Thread 18,5,main]) started.
[        ] :path_provider_android:generateDebugResValues (Thread[#38541,Execution worker Thread 18,5,main]) started.
[        ] > Task :path_provider_android:generateDebugResValues UP-TO-DATE
[        ] Caching disabled for task ':path_provider_android:generateDebugResValues' because:
[        ]   Build cache is disabled
[        ] Skipping task ':path_provider_android:generateDebugResValues' as it is up-to-date.
[        ] Resolve mutations for :path_provider_android:generateDebugResources (Thread[#38541,Execution worker Thread 18,5,main]) started.
[        ] :path_provider_android:generateDebugResources (Thread[#38541,Execution worker Thread 18,5,main]) started.
[        ] > Task :path_provider_android:generateDebugResources UP-TO-DATE
[        ] Caching disabled for task ':path_provider_android:generateDebugResources' because:
[        ]   Build cache is disabled
[        ] Skipping task ':path_provider_android:generateDebugResources' as it is up-to-date.
[        ] Resolve mutations for :path_provider_android:packageDebugResources (Thread[#38541,Execution worker Thread 18,5,main]) started.
[        ] :path_provider_android:packageDebugResources (Thread[#38541,Execution worker Thread 18,5,main]) started.
[        ] > Task :path_provider_android:packageDebugResources UP-TO-DATE
[        ] Caching disabled for task ':path_provider_android:packageDebugResources' because:
[        ]   Build cache is disabled
[        ] Skipping task ':path_provider_android:packageDebugResources' as it is up-to-date.
[        ] work action resolve packageDebugResources (project :path_provider_android) (Thread[#38541,Execution worker Thread 18,5,main]) started.
[        ] Resolve mutations for :quill_native_bridge_android:generateDebugResValues (Thread[#38541,Execution worker Thread 18,5,main]) started.
[        ] :quill_native_bridge_android:generateDebugResValues (Thread[#38541,Execution worker Thread 18,5,main]) started.
[        ] > Task :quill_native_bridge_android:generateDebugResValues UP-TO-DATE
[        ] Caching disabled for task ':quill_native_bridge_android:generateDebugResValues' because:
[        ]   Build cache is disabled
[        ] Skipping task ':quill_native_bridge_android:generateDebugResValues' as it is up-to-date.
[        ] Resolve mutations for :quill_native_bridge_android:generateDebugResources (Thread[#38541,Execution worker Thread 18,5,main]) started.
[        ] :quill_native_bridge_android:generateDebugResources (Thread[#38541,Execution worker Thread 18,5,main]) started.
[        ] > Task :quill_native_bridge_android:generateDebugResources UP-TO-DATE
[        ] Caching disabled for task ':quill_native_bridge_android:generateDebugResources' because:
[        ]   Build cache is disabled
[        ] Skipping task ':quill_native_bridge_android:generateDebugResources' as it is up-to-date.
[        ] Resolve mutations for :quill_native_bridge_android:packageDebugResources (Thread[#38541,Execution worker Thread 18,5,main]) started.
[        ] :quill_native_bridge_android:packageDebugResources (Thread[#38541,Execution worker Thread 18,5,main]) started.
[        ] > Task :quill_native_bridge_android:packageDebugResources UP-TO-DATE
[        ] Caching disabled for task ':quill_native_bridge_android:packageDebugResources' because:
[        ]   Build cache is disabled
[        ] Skipping task ':quill_native_bridge_android:packageDebugResources' as it is up-to-date.
[        ] work action resolve packageDebugResources (project :quill_native_bridge_android) (Thread[#38541,Execution worker Thread 18,5,main]) started.
[        ] Resolve mutations for :shared_preferences_android:generateDebugResValues (Thread[#38541,Execution worker Thread 18,5,main]) started.
[        ] :shared_preferences_android:generateDebugResValues (Thread[#38541,Execution worker Thread 18,5,main]) started.
[        ] > Task :shared_preferences_android:generateDebugResValues UP-TO-DATE
[        ] Caching disabled for task ':shared_preferences_android:generateDebugResValues' because:
[        ]   Build cache is disabled
[        ] Skipping task ':shared_preferences_android:generateDebugResValues' as it is up-to-date.
[  +95 ms] Resolve mutations for :shared_preferences_android:generateDebugResources (Thread[#38541,Execution worker Thread 18,5,main]) started.
[        ] :shared_preferences_android:generateDebugResources (Thread[#38541,Execution worker Thread 18,5,main]) started.
[        ] > Task :shared_preferences_android:generateDebugResources UP-TO-DATE
[        ] Caching disabled for task ':shared_preferences_android:generateDebugResources' because:
[        ]   Build cache is disabled
[        ] Skipping task ':shared_preferences_android:generateDebugResources' as it is up-to-date.
[        ] Resolve mutations for :shared_preferences_android:packageDebugResources (Thread[#38541,Execution worker Thread 18,5,main]) started.
[        ] :shared_preferences_android:packageDebugResources (Thread[#38541,Execution worker Thread 18,5,main]) started.
[        ] > Task :shared_preferences_android:packageDebugResources UP-TO-DATE
[        ] Caching disabled for task ':shared_preferences_android:packageDebugResources' because:
[        ]   Build cache is disabled
[        ] Skipping task ':shared_preferences_android:packageDebugResources' as it is up-to-date.
[        ] work action resolve packageDebugResources (project :shared_preferences_android) (Thread[#38541,Execution worker Thread 18,5,main]) started.
[        ] Resolve mutations for :sqflite_android:generateDebugResValues (Thread[#38541,Execution worker Thread 18,5,main]) started.
[        ] :sqflite_android:generateDebugResValues (Thread[#38532,Execution worker Thread 10,5,main]) started.
[        ] > Task :sqflite_android:generateDebugResValues UP-TO-DATE
[        ] Caching disabled for task ':sqflite_android:generateDebugResValues' because:
[        ]   Build cache is disabled
[        ] Skipping task ':sqflite_android:generateDebugResValues' as it is up-to-date.
[        ] Resolve mutations for :sqflite_android:generateDebugResources (Thread[#38532,Execution worker Thread 10,5,main]) started.
[        ] :sqflite_android:generateDebugResources (Thread[#38532,Execution worker Thread 10,5,main]) started.
[        ] > Task :sqflite_android:generateDebugResources UP-TO-DATE
[        ] Caching disabled for task ':sqflite_android:generateDebugResources' because:
[        ]   Build cache is disabled
[        ] Skipping task ':sqflite_android:generateDebugResources' as it is up-to-date.
[        ] Resolve mutations for :sqflite_android:packageDebugResources (Thread[#38532,Execution worker Thread 10,5,main]) started.
[        ] :sqflite_android:packageDebugResources (Thread[#38532,Execution worker Thread 10,5,main]) started.
[        ] > Task :sqflite_android:packageDebugResources UP-TO-DATE
[        ] Caching disabled for task ':sqflite_android:packageDebugResources' because:
[        ]   Build cache is disabled
[        ] Skipping task ':sqflite_android:packageDebugResources' as it is up-to-date.
[        ] work action resolve packageDebugResources (project :sqflite_android) (Thread[#38532,Execution worker Thread 10,5,main]) started.
[        ] Resolve mutations for :url_launcher_android:generateDebugResValues (Thread[#38532,Execution worker Thread 10,5,main]) started.
[        ] :url_launcher_android:generateDebugResValues (Thread[#38532,Execution worker Thread 10,5,main]) started.
[        ] > Task :url_launcher_android:generateDebugResValues UP-TO-DATE
[        ] Caching disabled for task ':url_launcher_android:generateDebugResValues' because:
[        ]   Build cache is disabled
[        ] Skipping task ':url_launcher_android:generateDebugResValues' as it is up-to-date.
[        ] Resolve mutations for :url_launcher_android:generateDebugResources (Thread[#38532,Execution worker Thread 10,5,main]) started.
[        ] :url_launcher_android:generateDebugResources (Thread[#38532,Execution worker Thread 10,5,main]) started.
[        ] > Task :url_launcher_android:generateDebugResources UP-TO-DATE
[        ] Caching disabled for task ':url_launcher_android:generateDebugResources' because:
[        ]   Build cache is disabled
[        ] Skipping task ':url_launcher_android:generateDebugResources' as it is up-to-date.
[        ] Resolve mutations for :url_launcher_android:packageDebugResources (Thread[#38532,Execution worker Thread 10,5,main]) started.
[        ] :url_launcher_android:packageDebugResources (Thread[#38532,Execution worker Thread 10,5,main]) started.
[        ] > Task :url_launcher_android:packageDebugResources UP-TO-DATE
[        ] Caching disabled for task ':url_launcher_android:packageDebugResources' because:
[        ]   Build cache is disabled
[        ] Skipping task ':url_launcher_android:packageDebugResources' as it is up-to-date.
[        ] work action resolve packageDebugResources (project :url_launcher_android) (Thread[#38532,Execution worker Thread 10,5,main]) started.
[        ] Resolve mutations for :video_player_android:generateDebugResValues (Thread[#38532,Execution worker Thread 10,5,main]) started.
[        ] :video_player_android:generateDebugResValues (Thread[#38532,Execution worker Thread 10,5,main]) started.
[        ] > Task :video_player_android:generateDebugResValues UP-TO-DATE
[        ] Caching disabled for task ':video_player_android:generateDebugResValues' because:
[        ]   Build cache is disabled
[        ] Skipping task ':video_player_android:generateDebugResValues' as it is up-to-date.
[        ] Resolve mutations for :video_player_android:generateDebugResources (Thread[#38532,Execution worker Thread 10,5,main]) started.
[        ] :video_player_android:generateDebugResources (Thread[#38532,Execution worker Thread 10,5,main]) started.
[        ] > Task :video_player_android:generateDebugResources UP-TO-DATE
[        ] Caching disabled for task ':video_player_android:generateDebugResources' because:
[        ]   Build cache is disabled
[        ] Skipping task ':video_player_android:generateDebugResources' as it is up-to-date.
[        ] Resolve mutations for :video_player_android:packageDebugResources (Thread[#38532,Execution worker Thread 10,5,main]) started.
[        ] :video_player_android:packageDebugResources (Thread[#38532,Execution worker Thread 10,5,main]) started.
[        ] > Task :video_player_android:packageDebugResources UP-TO-DATE
[        ] Caching disabled for task ':video_player_android:packageDebugResources' because:
[        ]   Build cache is disabled
[        ] Skipping task ':video_player_android:packageDebugResources' as it is up-to-date.
[        ] work action resolve packageDebugResources (project :video_player_android) (Thread[#38532,Execution worker Thread 10,5,main]) started.
[        ] Resolve mutations for :app:mapDebugSourceSetPaths (Thread[#38532,Execution worker Thread 10,5,main]) started.
[        ] :app:mapDebugSourceSetPaths (Thread[#38532,Execution worker Thread 10,5,main]) started.
[        ] > Task :app:mapDebugSourceSetPaths UP-TO-DATE
[        ] Caching disabled for task ':app:mapDebugSourceSetPaths' because:
[        ]   Build cache is disabled
[        ]   Caching has been disabled for the task
[        ] Skipping task ':app:mapDebugSourceSetPaths' as it is up-to-date.
[        ] Resolve mutations for :app:generateDebugResources (Thread[#38532,Execution worker Thread 10,5,main]) started.
[        ] :app:generateDebugResources (Thread[#38532,Execution worker Thread 10,5,main]) started.
[        ] > Task :app:generateDebugResources UP-TO-DATE
[        ] Caching disabled for task ':app:generateDebugResources' because:
[        ]   Build cache is disabled
[        ] Skipping task ':app:generateDebugResources' as it is up-to-date.
[        ] Resolve mutations for :app:mergeDebugResources (Thread[#38532,Execution worker Thread 10,5,main]) started.
[        ] :app:mergeDebugResources (Thread[#38532,Execution worker Thread 10,5,main]) started.
[        ] > Task :app:mergeDebugResources UP-TO-DATE
[        ] Caching disabled for task ':app:mergeDebugResources' because:
[        ]   Build cache is disabled
[        ] Skipping task ':app:mergeDebugResources' as it is up-to-date.
[        ] Resolve mutations for :app:packageDebugResources (Thread[#38532,Execution worker Thread 10,5,main]) started.
[        ] :app:packageDebugResources (Thread[#38532,Execution worker Thread 10,5,main]) started.
[        ] > Task :app:packageDebugResources UP-TO-DATE
[        ] Caching disabled for task ':app:packageDebugResources' because:
[        ]   Build cache is disabled
[        ] Skipping task ':app:packageDebugResources' as it is up-to-date.
[        ] Resolve mutations for :app:parseDebugLocalResources (Thread[#38532,Execution worker Thread 10,5,main]) started.
[        ] :app:parseDebugLocalResources (Thread[#38532,Execution worker Thread 10,5,main]) started.
[        ] > Task :app:parseDebugLocalResources UP-TO-DATE
[        ] Caching disabled for task ':app:parseDebugLocalResources' because:
[        ]   Build cache is disabled
[        ] Skipping task ':app:parseDebugLocalResources' as it is up-to-date.
[        ] Resolve mutations for :app:createDebugCompatibleScreenManifests (Thread[#38532,Execution worker Thread 10,5,main]) started.
[        ] :app:createDebugCompatibleScreenManifests (Thread[#38532,Execution worker Thread 10,5,main]) started.
[        ] > Task :app:createDebugCompatibleScreenManifests UP-TO-DATE
[        ] Caching disabled for task ':app:createDebugCompatibleScreenManifests' because:
[        ]   Build cache is disabled
[        ]   Caching has been disabled for the task
[        ] Skipping task ':app:createDebugCompatibleScreenManifests' as it is up-to-date.
[        ] Resolve mutations for :app:extractDeepLinksDebug (Thread[#38532,Execution worker Thread 10,5,main]) started.
[        ] :app:extractDeepLinksDebug (Thread[#38532,Execution worker Thread 10,5,main]) started.
[        ] > Task :app:extractDeepLinksDebug UP-TO-DATE
[        ] Caching disabled for task ':app:extractDeepLinksDebug' because:
[        ]   Build cache is disabled
[        ] Skipping task ':app:extractDeepLinksDebug' as it is up-to-date.
[        ] Resolve mutations for :connectivity_plus:extractDeepLinksDebug (Thread[#38532,Execution worker Thread 10,5,main]) started.
[        ] :connectivity_plus:extractDeepLinksDebug (Thread[#38532,Execution worker Thread 10,5,main]) started.
[        ] > Task :connectivity_plus:extractDeepLinksDebug UP-TO-DATE
[        ] Caching disabled for task ':connectivity_plus:extractDeepLinksDebug' because:
[        ]   Build cache is disabled
[        ] Skipping task ':connectivity_plus:extractDeepLinksDebug' as it is up-to-date.
[        ] work action resolve navigation.json (project :connectivity_plus) (Thread[#38532,Execution worker Thread 10,5,main]) started.
[        ] Resolve mutations for :connectivity_plus:processDebugManifest (Thread[#38532,Execution worker Thread 10,5,main]) started.
[        ] :connectivity_plus:processDebugManifest (Thread[#38532,Execution worker Thread 10,5,main]) started.
[        ] > Task :connectivity_plus:processDebugManifest UP-TO-DATE
[        ] Caching disabled for task ':connectivity_plus:processDebugManifest' because:
[        ]   Build cache is disabled
[        ] Skipping task ':connectivity_plus:processDebugManifest' as it is up-to-date.
[        ] work action resolve AndroidManifest.xml (project :connectivity_plus) (Thread[#38532,Execution worker Thread 10,5,main]) started.
[        ] Resolve mutations for :emoji_picker_flutter:extractDeepLinksDebug (Thread[#38532,Execution worker Thread 10,5,main]) started.
[        ] :emoji_picker_flutter:extractDeepLinksDebug (Thread[#38532,Execution worker Thread 10,5,main]) started.
[        ] > Task :emoji_picker_flutter:extractDeepLinksDebug UP-TO-DATE
[        ] Caching disabled for task ':emoji_picker_flutter:extractDeepLinksDebug' because:
[        ]   Build cache is disabled
[        ] Skipping task ':emoji_picker_flutter:extractDeepLinksDebug' as it is up-to-date.
[        ] work action resolve navigation.json (project :emoji_picker_flutter) (Thread[#38532,Execution worker Thread 10,5,main]) started.
[        ] Resolve mutations for :emoji_picker_flutter:processDebugManifest (Thread[#38532,Execution worker Thread 10,5,main]) started.
[        ] :emoji_picker_flutter:processDebugManifest (Thread[#38532,Execution worker Thread 10,5,main]) started.
[        ] > Task :emoji_picker_flutter:processDebugManifest UP-TO-DATE
[        ] Caching disabled for task ':emoji_picker_flutter:processDebugManifest' because:
[        ]   Build cache is disabled
[        ] Skipping task ':emoji_picker_flutter:processDebugManifest' as it is up-to-date.
[        ] work action resolve AndroidManifest.xml (project :emoji_picker_flutter) (Thread[#38532,Execution worker Thread 10,5,main]) started.
[        ] Resolve mutations for :file_selector_android:extractDeepLinksDebug (Thread[#38532,Execution worker Thread 10,5,main]) started.
[        ] :file_selector_android:extractDeepLinksDebug (Thread[#38532,Execution worker Thread 10,5,main]) started.
[        ] > Task :file_selector_android:extractDeepLinksDebug UP-TO-DATE
[        ] Caching disabled for task ':file_selector_android:extractDeepLinksDebug' because:
[        ]   Build cache is disabled
[        ] Skipping task ':file_selector_android:extractDeepLinksDebug' as it is up-to-date.
[        ] work action resolve navigation.json (project :file_selector_android) (Thread[#38532,Execution worker Thread 10,5,main]) started.
[        ] Resolve mutations for :file_selector_android:processDebugManifest (Thread[#38532,Execution worker Thread 10,5,main]) started.
[        ] :file_selector_android:processDebugManifest (Thread[#38532,Execution worker Thread 10,5,main]) started.
[        ] > Task :file_selector_android:processDebugManifest UP-TO-DATE
[        ] Caching disabled for task ':file_selector_android:processDebugManifest' because:
[        ]   Build cache is disabled
[        ] Skipping task ':file_selector_android:processDebugManifest' as it is up-to-date.
[        ] work action resolve AndroidManifest.xml (project :file_selector_android) (Thread[#38532,Execution worker Thread 10,5,main]) started.
[        ] Resolve mutations for :flutter_keyboard_visibility_temp_fork:extractDeepLinksDebug (Thread[#38532,Execution worker Thread 10,5,main]) started.
[        ] :flutter_keyboard_visibility_temp_fork:extractDeepLinksDebug (Thread[#38532,Execution worker Thread 10,5,main]) started.
[        ] > Task :flutter_keyboard_visibility_temp_fork:extractDeepLinksDebug UP-TO-DATE
[        ] Caching disabled for task ':flutter_keyboard_visibility_temp_fork:extractDeepLinksDebug' because:
[        ]   Build cache is disabled
[        ] Skipping task ':flutter_keyboard_visibility_temp_fork:extractDeepLinksDebug' as it is up-to-date.
[        ] work action resolve navigation.json (project :flutter_keyboard_visibility_temp_fork) (Thread[#38532,Execution worker Thread 10,5,main]) started.
[        ] Resolve mutations for :flutter_keyboard_visibility_temp_fork:processDebugManifest (Thread[#38532,Execution worker Thread 10,5,main]) started.
[        ] :flutter_keyboard_visibility_temp_fork:processDebugManifest (Thread[#38532,Execution worker Thread 10,5,main]) started.
[        ] > Task :flutter_keyboard_visibility_temp_fork:processDebugManifest UP-TO-DATE
[        ] Caching disabled for task ':flutter_keyboard_visibility_temp_fork:processDebugManifest' because:
[        ]   Build cache is disabled
[        ] Skipping task ':flutter_keyboard_visibility_temp_fork:processDebugManifest' as it is up-to-date.
[        ] work action resolve AndroidManifest.xml (project :flutter_keyboard_visibility_temp_fork) (Thread[#38532,Execution worker Thread 10,5,main]) started.
[        ] Resolve mutations for :flutter_native_splash:extractDeepLinksDebug (Thread[#38532,Execution worker Thread 10,5,main]) started.
[        ] :flutter_native_splash:extractDeepLinksDebug (Thread[#38532,Execution worker Thread 10,5,main]) started.
[        ] > Task :flutter_native_splash:extractDeepLinksDebug UP-TO-DATE
[        ] Caching disabled for task ':flutter_native_splash:extractDeepLinksDebug' because:
[        ]   Build cache is disabled
[        ] Skipping task ':flutter_native_splash:extractDeepLinksDebug' as it is up-to-date.
[        ] work action resolve navigation.json (project :flutter_native_splash) (Thread[#38532,Execution worker Thread 10,5,main]) started.
[        ] Resolve mutations for :flutter_native_splash:processDebugManifest (Thread[#38532,Execution worker Thread 10,5,main]) started.
[        ] :flutter_native_splash:processDebugManifest (Thread[#38532,Execution worker Thread 10,5,main]) started.
[        ] > Task :flutter_native_splash:processDebugManifest UP-TO-DATE
[        ] Caching disabled for task ':flutter_native_splash:processDebugManifest' because:
[        ]   Build cache is disabled
[        ] Skipping task ':flutter_native_splash:processDebugManifest' as it is up-to-date.
[        ] work action resolve AndroidManifest.xml (project :flutter_native_splash) (Thread[#38532,Execution worker Thread 10,5,main]) started.
[        ] Resolve mutations for :flutter_olm:extractDeepLinksDebug (Thread[#38532,Execution worker Thread 10,5,main]) started.
[        ] :flutter_olm:extractDeepLinksDebug (Thread[#38532,Execution worker Thread 10,5,main]) started.
[        ] > Task :flutter_olm:extractDeepLinksDebug UP-TO-DATE
[        ] Caching disabled for task ':flutter_olm:extractDeepLinksDebug' because:
[        ]   Build cache is disabled
[        ] Skipping task ':flutter_olm:extractDeepLinksDebug' as it is up-to-date.
[        ] work action resolve navigation.json (project :flutter_olm) (Thread[#38532,Execution worker Thread 10,5,main]) started.
[        ] Resolve mutations for :flutter_olm:processDebugManifest (Thread[#38532,Execution worker Thread 10,5,main]) started.
[        ] :flutter_olm:processDebugManifest (Thread[#38532,Execution worker Thread 10,5,main]) started.
[        ] > Task :flutter_olm:processDebugManifest UP-TO-DATE
[        ] Caching disabled for task ':flutter_olm:processDebugManifest' because:
[        ]   Build cache is disabled
[        ] Skipping task ':flutter_olm:processDebugManifest' as it is up-to-date.
[        ] work action resolve AndroidManifest.xml (project :flutter_olm) (Thread[#38532,Execution worker Thread 10,5,main]) started.
[        ] Resolve mutations for :flutter_openssl_crypto:extractDeepLinksDebug (Thread[#38532,Execution worker Thread 10,5,main]) started.
[        ] :flutter_openssl_crypto:extractDeepLinksDebug (Thread[#38532,Execution worker Thread 10,5,main]) started.
[        ] > Task :flutter_openssl_crypto:extractDeepLinksDebug UP-TO-DATE
[        ] Caching disabled for task ':flutter_openssl_crypto:extractDeepLinksDebug' because:
[        ]   Build cache is disabled
[        ] Skipping task ':flutter_openssl_crypto:extractDeepLinksDebug' as it is up-to-date.
[        ] work action resolve navigation.json (project :flutter_openssl_crypto) (Thread[#38532,Execution worker Thread 10,5,main]) started.
[        ] Resolve mutations for :flutter_openssl_crypto:processDebugManifest (Thread[#38532,Execution worker Thread 10,5,main]) started.
[        ] :flutter_openssl_crypto:processDebugManifest (Thread[#38532,Execution worker Thread 10,5,main]) started.
[        ] > Task :flutter_openssl_crypto:processDebugManifest UP-TO-DATE
[        ] Caching disabled for task ':flutter_openssl_crypto:processDebugManifest' because:
[        ]   Build cache is disabled
[        ] Skipping task ':flutter_openssl_crypto:processDebugManifest' as it is up-to-date.
[        ] work action resolve AndroidManifest.xml (project :flutter_openssl_crypto) (Thread[#38532,Execution worker Thread 10,5,main]) started.
[        ] Resolve mutations for :integration_test:extractDeepLinksDebug (Thread[#38532,Execution worker Thread 10,5,main]) started.
[        ] :integration_test:extractDeepLinksDebug (Thread[#38532,Execution worker Thread 10,5,main]) started.
[        ] > Task :integration_test:extractDeepLinksDebug UP-TO-DATE
[        ] Caching disabled for task ':integration_test:extractDeepLinksDebug' because:
[        ]   Build cache is disabled
[        ] Skipping task ':integration_test:extractDeepLinksDebug' as it is up-to-date.
[        ] work action resolve navigation.json (project :integration_test) (Thread[#38532,Execution worker Thread 10,5,main]) started.
[        ] Resolve mutations for :integration_test:processDebugManifest (Thread[#38532,Execution worker Thread 10,5,main]) started.
[        ] :integration_test:processDebugManifest (Thread[#38532,Execution worker Thread 10,5,main]) started.
[        ] > Task :integration_test:processDebugManifest UP-TO-DATE
[        ] Caching disabled for task ':integration_test:processDebugManifest' because:
[        ]   Build cache is disabled
[        ] Skipping task ':integration_test:processDebugManifest' as it is up-to-date.
[        ] work action resolve AndroidManifest.xml (project :integration_test) (Thread[#38532,Execution worker Thread 10,5,main]) started.
[        ] Resolve mutations for :path_provider_android:extractDeepLinksDebug (Thread[#38532,Execution worker Thread 10,5,main]) started.
[        ] :path_provider_android:extractDeepLinksDebug (Thread[#38532,Execution worker Thread 10,5,main]) started.
[        ] > Task :path_provider_android:extractDeepLinksDebug UP-TO-DATE
[        ] Caching disabled for task ':path_provider_android:extractDeepLinksDebug' because:
[        ]   Build cache is disabled
[        ] Skipping task ':path_provider_android:extractDeepLinksDebug' as it is up-to-date.
[        ] work action resolve navigation.json (project :path_provider_android) (Thread[#38532,Execution worker Thread 10,5,main]) started.
[        ] Resolve mutations for :path_provider_android:processDebugManifest (Thread[#38532,Execution worker Thread 10,5,main]) started.
[        ] :path_provider_android:processDebugManifest (Thread[#38532,Execution worker Thread 10,5,main]) started.
[        ] > Task :path_provider_android:processDebugManifest UP-TO-DATE
[        ] Caching disabled for task ':path_provider_android:processDebugManifest' because:
[        ]   Build cache is disabled
[        ] Skipping task ':path_provider_android:processDebugManifest' as it is up-to-date.
[        ] work action resolve AndroidManifest.xml (project :path_provider_android) (Thread[#38532,Execution worker Thread 10,5,main]) started.
[        ] Resolve mutations for :quill_native_bridge_android:extractDeepLinksDebug (Thread[#38532,Execution worker Thread 10,5,main]) started.
[        ] :quill_native_bridge_android:extractDeepLinksDebug (Thread[#38532,Execution worker Thread 10,5,main]) started.
[        ] > Task :quill_native_bridge_android:extractDeepLinksDebug UP-TO-DATE
[        ] Caching disabled for task ':quill_native_bridge_android:extractDeepLinksDebug' because:
[        ]   Build cache is disabled
[        ] Skipping task ':quill_native_bridge_android:extractDeepLinksDebug' as it is up-to-date.
[        ] work action resolve navigation.json (project :quill_native_bridge_android) (Thread[#38532,Execution worker Thread 10,5,main]) started.
[        ] Resolve mutations for :quill_native_bridge_android:processDebugManifest (Thread[#38532,Execution worker Thread 10,5,main]) started.
[        ] :quill_native_bridge_android:processDebugManifest (Thread[#38532,Execution worker Thread 10,5,main]) started.
[        ] > Task :quill_native_bridge_android:processDebugManifest UP-TO-DATE
[        ] Caching disabled for task ':quill_native_bridge_android:processDebugManifest' because:
[        ]   Build cache is disabled
[        ] Skipping task ':quill_native_bridge_android:processDebugManifest' as it is up-to-date.
[        ] work action resolve AndroidManifest.xml (project :quill_native_bridge_android) (Thread[#38532,Execution worker Thread 10,5,main]) started.
[        ] Resolve mutations for :shared_preferences_android:extractDeepLinksDebug (Thread[#38532,Execution worker Thread 10,5,main]) started.
[        ] :shared_preferences_android:extractDeepLinksDebug (Thread[#38532,Execution worker Thread 10,5,main]) started.
[        ] > Task :shared_preferences_android:extractDeepLinksDebug UP-TO-DATE
[        ] Caching disabled for task ':shared_preferences_android:extractDeepLinksDebug' because:
[        ]   Build cache is disabled
[        ] Skipping task ':shared_preferences_android:extractDeepLinksDebug' as it is up-to-date.
[        ] work action resolve navigation.json (project :shared_preferences_android) (Thread[#38532,Execution worker Thread 10,5,main]) started.
[        ] Resolve mutations for :shared_preferences_android:processDebugManifest (Thread[#38532,Execution worker Thread 10,5,main]) started.
[        ] :shared_preferences_android:processDebugManifest (Thread[#38532,Execution worker Thread 10,5,main]) started.
[        ] > Task :shared_preferences_android:processDebugManifest UP-TO-DATE
[        ] Caching disabled for task ':shared_preferences_android:processDebugManifest' because:
[        ]   Build cache is disabled
[        ] Skipping task ':shared_preferences_android:processDebugManifest' as it is up-to-date.
[        ] work action resolve AndroidManifest.xml (project :shared_preferences_android) (Thread[#38532,Execution worker Thread 10,5,main]) started.
[        ] Resolve mutations for :sqflite_android:extractDeepLinksDebug (Thread[#38532,Execution worker Thread 10,5,main]) started.
[        ] :sqflite_android:extractDeepLinksDebug (Thread[#38532,Execution worker Thread 10,5,main]) started.
[        ] > Task :sqflite_android:extractDeepLinksDebug UP-TO-DATE
[        ] Caching disabled for task ':sqflite_android:extractDeepLinksDebug' because:
[        ]   Build cache is disabled
[        ] Skipping task ':sqflite_android:extractDeepLinksDebug' as it is up-to-date.
[        ] work action resolve navigation.json (project :sqflite_android) (Thread[#38532,Execution worker Thread 10,5,main]) started.
[        ] Resolve mutations for :sqflite_android:processDebugManifest (Thread[#38532,Execution worker Thread 10,5,main]) started.
[        ] :sqflite_android:processDebugManifest (Thread[#38532,Execution worker Thread 10,5,main]) started.
[        ] > Task :sqflite_android:processDebugManifest UP-TO-DATE
[        ] Caching disabled for task ':sqflite_android:processDebugManifest' because:
[        ]   Build cache is disabled
[        ] Skipping task ':sqflite_android:processDebugManifest' as it is up-to-date.
[        ] work action resolve AndroidManifest.xml (project :sqflite_android) (Thread[#38532,Execution worker Thread 10,5,main]) started.
[        ] Resolve mutations for :url_launcher_android:extractDeepLinksDebug (Thread[#38532,Execution worker Thread 10,5,main]) started.
[        ] :url_launcher_android:extractDeepLinksDebug (Thread[#38532,Execution worker Thread 10,5,main]) started.
[        ] > Task :url_launcher_android:extractDeepLinksDebug UP-TO-DATE
[        ] Caching disabled for task ':url_launcher_android:extractDeepLinksDebug' because:
[        ]   Build cache is disabled
[        ] Skipping task ':url_launcher_android:extractDeepLinksDebug' as it is up-to-date.
[        ] work action resolve navigation.json (project :url_launcher_android) (Thread[#38532,Execution worker Thread 10,5,main]) started.
[        ] Resolve mutations for :url_launcher_android:processDebugManifest (Thread[#38532,Execution worker Thread 10,5,main]) started.
[        ] :url_launcher_android:processDebugManifest (Thread[#38532,Execution worker Thread 10,5,main]) started.
[        ] > Task :url_launcher_android:processDebugManifest UP-TO-DATE
[        ] Caching disabled for task ':url_launcher_android:processDebugManifest' because:
[        ]   Build cache is disabled
[        ] Skipping task ':url_launcher_android:processDebugManifest' as it is up-to-date.
[        ] work action resolve AndroidManifest.xml (project :url_launcher_android) (Thread[#38532,Execution worker Thread 10,5,main]) started.
[        ] Resolve mutations for :video_player_android:extractDeepLinksDebug (Thread[#38532,Execution worker Thread 10,5,main]) started.
[        ] :video_player_android:extractDeepLinksDebug (Thread[#38532,Execution worker Thread 10,5,main]) started.
[        ] > Task :video_player_android:extractDeepLinksDebug UP-TO-DATE
[        ] Caching disabled for task ':video_player_android:extractDeepLinksDebug' because:
[        ]   Build cache is disabled
[        ] Skipping task ':video_player_android:extractDeepLinksDebug' as it is up-to-date.
[        ] work action resolve navigation.json (project :video_player_android) (Thread[#38532,Execution worker Thread 10,5,main]) started.
[        ] Resolve mutations for :video_player_android:processDebugManifest (Thread[#38532,Execution worker Thread 10,5,main]) started.
[        ] :video_player_android:processDebugManifest (Thread[#38532,Execution worker Thread 10,5,main]) started.
[        ] > Task :video_player_android:processDebugManifest UP-TO-DATE
[        ] Caching disabled for task ':video_player_android:processDebugManifest' because:
[        ]   Build cache is disabled
[        ] Skipping task ':video_player_android:processDebugManifest' as it is up-to-date.
[        ] work action resolve AndroidManifest.xml (project :video_player_android) (Thread[#38532,Execution worker Thread 10,5,main]) started.
[        ] Resolve mutations for :app:processDebugMainManifest (Thread[#38532,Execution worker Thread 10,5,main]) started.
[        ] :app:processDebugMainManifest (Thread[#38532,Execution worker Thread 10,5,main]) started.
[        ] > Task :app:processDebugMainManifest UP-TO-DATE
[        ] Caching disabled for task ':app:processDebugMainManifest' because:
[        ]   Build cache is disabled
[        ] Skipping task ':app:processDebugMainManifest' as it is up-to-date.
[        ] Resolve mutations for :app:outputDebugAppLinkSettings (Thread[#38532,Execution worker Thread 10,5,main]) started.
[        ] :app:outputDebugAppLinkSettings (Thread[#38532,Execution worker Thread 10,5,main]) started.
[        ] > Task :app:outputDebugAppLinkSettings UP-TO-DATE
[        ] Caching disabled for task ':app:outputDebugAppLinkSettings' because:
[        ]   Build cache is disabled
[        ]   Caching has not been enabled for the task
[        ] Skipping task ':app:outputDebugAppLinkSettings' as it is up-to-date.
[        ] Resolve mutations for :app:processDebugManifest (Thread[#38532,Execution worker Thread 10,5,main]) started.
[        ] :app:processDebugManifest (Thread[#38532,Execution worker Thread 10,5,main]) started.
[        ] > Task :app:processDebugManifest UP-TO-DATE
[        ] Caching disabled for task ':app:processDebugManifest' because:
[        ]   Build cache is disabled
[        ] Skipping task ':app:processDebugManifest' as it is up-to-date.
[        ] Resolve mutations for :app:processDebugManifestForPackage (Thread[#38532,Execution worker Thread 10,5,main]) started.
[        ] :app:processDebugManifestForPackage (Thread[#38532,Execution worker Thread 10,5,main]) started.
[        ] > Task :app:processDebugManifestForPackage UP-TO-DATE
[        ] Custom actions are attached to task ':app:processDebugManifestForPackage'.
[        ] Caching disabled for task ':app:processDebugManifestForPackage' because:
[        ]   Build cache is disabled
[        ] Skipping task ':app:processDebugManifestForPackage' as it is up-to-date.
[        ] Resolve mutations for :connectivity_plus:compileDebugLibraryResources (Thread[#38532,Execution worker Thread 10,5,main]) started.
[        ] :connectivity_plus:compileDebugLibraryResources (Thread[#38532,Execution worker Thread 10,5,main]) started.
[        ] > Task :connectivity_plus:compileDebugLibraryResources UP-TO-DATE
[        ] Caching disabled for task ':connectivity_plus:compileDebugLibraryResources' because:
[        ]   Build cache is disabled
[        ] Skipping task ':connectivity_plus:compileDebugLibraryResources' as it is up-to-date.
[        ] work action resolve out (project :connectivity_plus) (Thread[#38532,Execution worker Thread 10,5,main]) started.
[        ] Resolve mutations for :connectivity_plus:parseDebugLocalResources (Thread[#38532,Execution worker Thread 10,5,main]) started.
[        ] :connectivity_plus:parseDebugLocalResources (Thread[#38532,Execution worker Thread 10,5,main]) started.
[        ] > Task :connectivity_plus:parseDebugLocalResources UP-TO-DATE
[        ] Caching disabled for task ':connectivity_plus:parseDebugLocalResources' because:
[        ]   Build cache is disabled
[        ] Skipping task ':connectivity_plus:parseDebugLocalResources' as it is up-to-date.
[        ] Resolve mutations for :connectivity_plus:generateDebugRFile (Thread[#38532,Execution worker Thread 10,5,main]) started.
[        ] :connectivity_plus:generateDebugRFile (Thread[#38532,Execution worker Thread 10,5,main]) started.
[        ] > Task :connectivity_plus:generateDebugRFile UP-TO-DATE
[        ] Caching disabled for task ':connectivity_plus:generateDebugRFile' because:
[        ]   Build cache is disabled
[        ] Skipping task ':connectivity_plus:generateDebugRFile' as it is up-to-date.
[        ] work action resolve package-aware-r.txt (project :connectivity_plus) (Thread[#38532,Execution worker Thread 10,5,main]) started.
[        ] Resolve mutations for :emoji_picker_flutter:compileDebugLibraryResources (Thread[#38532,Execution worker Thread 10,5,main]) started.
[        ] :emoji_picker_flutter:compileDebugLibraryResources (Thread[#38532,Execution worker Thread 10,5,main]) started.
[        ] > Task :emoji_picker_flutter:compileDebugLibraryResources UP-TO-DATE
[        ] Caching disabled for task ':emoji_picker_flutter:compileDebugLibraryResources' because:
[        ]   Build cache is disabled
[        ] Skipping task ':emoji_picker_flutter:compileDebugLibraryResources' as it is up-to-date.
[        ] work action resolve out (project :emoji_picker_flutter) (Thread[#38532,Execution worker Thread 10,5,main]) started.
[        ] Resolve mutations for :emoji_picker_flutter:parseDebugLocalResources (Thread[#38532,Execution worker Thread 10,5,main]) started.
[        ] :emoji_picker_flutter:parseDebugLocalResources (Thread[#38532,Execution worker Thread 10,5,main]) started.
[        ] > Task :emoji_picker_flutter:parseDebugLocalResources UP-TO-DATE
[        ] Caching disabled for task ':emoji_picker_flutter:parseDebugLocalResources' because:
[        ]   Build cache is disabled
[        ] Skipping task ':emoji_picker_flutter:parseDebugLocalResources' as it is up-to-date.
[        ] Resolve mutations for :emoji_picker_flutter:generateDebugRFile (Thread[#38532,Execution worker Thread 10,5,main]) started.
[        ] :emoji_picker_flutter:generateDebugRFile (Thread[#38532,Execution worker Thread 10,5,main]) started.
[        ] > Task :emoji_picker_flutter:generateDebugRFile UP-TO-DATE
[        ] Caching disabled for task ':emoji_picker_flutter:generateDebugRFile' because:
[        ]   Build cache is disabled
[        ] Skipping task ':emoji_picker_flutter:generateDebugRFile' as it is up-to-date.
[        ] work action resolve package-aware-r.txt (project :emoji_picker_flutter) (Thread[#38532,Execution worker Thread 10,5,main]) started.
[        ] Resolve mutations for :file_selector_android:compileDebugLibraryResources (Thread[#38532,Execution worker Thread 10,5,main]) started.
[        ] :file_selector_android:compileDebugLibraryResources (Thread[#38532,Execution worker Thread 10,5,main]) started.
[        ] > Task :file_selector_android:compileDebugLibraryResources UP-TO-DATE
[        ] Caching disabled for task ':file_selector_android:compileDebugLibraryResources' because:
[        ]   Build cache is disabled
[        ] Skipping task ':file_selector_android:compileDebugLibraryResources' as it is up-to-date.
[        ] work action resolve out (project :file_selector_android) (Thread[#38532,Execution worker Thread 10,5,main]) started.
[        ] Resolve mutations for :file_selector_android:parseDebugLocalResources (Thread[#38532,Execution worker Thread 10,5,main]) started.
[        ] :file_selector_android:parseDebugLocalResources (Thread[#38532,Execution worker Thread 10,5,main]) started.
[        ] > Task :file_selector_android:parseDebugLocalResources UP-TO-DATE
[        ] Caching disabled for task ':file_selector_android:parseDebugLocalResources' because:
[        ]   Build cache is disabled
[        ] Skipping task ':file_selector_android:parseDebugLocalResources' as it is up-to-date.
[        ] Resolve mutations for :file_selector_android:generateDebugRFile (Thread[#38532,Execution worker Thread 10,5,main]) started.
[        ] :file_selector_android:generateDebugRFile (Thread[#38544,Execution worker Thread 21,5,main]) started.
[        ] > Task :file_selector_android:generateDebugRFile UP-TO-DATE
[        ] Caching disabled for task ':file_selector_android:generateDebugRFile' because:
[        ]   Build cache is disabled
[        ] Skipping task ':file_selector_android:generateDebugRFile' as it is up-to-date.
[        ] work action resolve package-aware-r.txt (project :file_selector_android) (Thread[#38544,Execution worker Thread 21,5,main]) started.
[        ] Resolve mutations for :flutter_keyboard_visibility_temp_fork:compileDebugLibraryResources (Thread[#38544,Execution worker Thread 21,5,main]) started.
[        ] :flutter_keyboard_visibility_temp_fork:compileDebugLibraryResources (Thread[#38544,Execution worker Thread 21,5,main]) started.
[        ] > Task :flutter_keyboard_visibility_temp_fork:compileDebugLibraryResources UP-TO-DATE
[        ] Caching disabled for task ':flutter_keyboard_visibility_temp_fork:compileDebugLibraryResources' because:
[        ]   Build cache is disabled
[        ] Skipping task ':flutter_keyboard_visibility_temp_fork:compileDebugLibraryResources' as it is up-to-date.
[        ] work action resolve out (project :flutter_keyboard_visibility_temp_fork) (Thread[#38544,Execution worker Thread 21,5,main]) started.
[        ] Resolve mutations for :flutter_keyboard_visibility_temp_fork:parseDebugLocalResources (Thread[#38544,Execution worker Thread 21,5,main]) started.
[        ] :flutter_keyboard_visibility_temp_fork:parseDebugLocalResources (Thread[#38544,Execution worker Thread 21,5,main]) started.
[        ] > Task :flutter_keyboard_visibility_temp_fork:parseDebugLocalResources UP-TO-DATE
[        ] Caching disabled for task ':flutter_keyboard_visibility_temp_fork:parseDebugLocalResources' because:
[        ]   Build cache is disabled
[        ] Skipping task ':flutter_keyboard_visibility_temp_fork:parseDebugLocalResources' as it is up-to-date.
[        ] Resolve mutations for :flutter_keyboard_visibility_temp_fork:generateDebugRFile (Thread[#38544,Execution worker Thread 21,5,main]) started.
[        ] :flutter_keyboard_visibility_temp_fork:generateDebugRFile (Thread[#38544,Execution worker Thread 21,5,main]) started.
[        ] > Task :flutter_keyboard_visibility_temp_fork:generateDebugRFile UP-TO-DATE
[        ] Caching disabled for task ':flutter_keyboard_visibility_temp_fork:generateDebugRFile' because:
[        ]   Build cache is disabled
[        ] Skipping task ':flutter_keyboard_visibility_temp_fork:generateDebugRFile' as it is up-to-date.
[        ] work action resolve package-aware-r.txt (project :flutter_keyboard_visibility_temp_fork) (Thread[#38544,Execution worker Thread 21,5,main]) started.
[        ] Resolve mutations for :flutter_native_splash:compileDebugLibraryResources (Thread[#38544,Execution worker Thread 21,5,main]) started.
[        ] :flutter_native_splash:compileDebugLibraryResources (Thread[#38544,Execution worker Thread 21,5,main]) started.
[        ] > Task :flutter_native_splash:compileDebugLibraryResources UP-TO-DATE
[        ] Caching disabled for task ':flutter_native_splash:compileDebugLibraryResources' because:
[        ]   Build cache is disabled
[        ] Skipping task ':flutter_native_splash:compileDebugLibraryResources' as it is up-to-date.
[        ] work action resolve out (project :flutter_native_splash) (Thread[#38544,Execution worker Thread 21,5,main]) started.
[        ] Resolve mutations for :flutter_native_splash:parseDebugLocalResources (Thread[#38544,Execution worker Thread 21,5,main]) started.
[        ] :flutter_native_splash:parseDebugLocalResources (Thread[#38544,Execution worker Thread 21,5,main]) started.
[        ] > Task :flutter_native_splash:parseDebugLocalResources UP-TO-DATE
[        ] Caching disabled for task ':flutter_native_splash:parseDebugLocalResources' because:
[        ]   Build cache is disabled
[        ] Skipping task ':flutter_native_splash:parseDebugLocalResources' as it is up-to-date.
[        ] Resolve mutations for :flutter_native_splash:generateDebugRFile (Thread[#38544,Execution worker Thread 21,5,main]) started.
[        ] :flutter_native_splash:generateDebugRFile (Thread[#38544,Execution worker Thread 21,5,main]) started.
[        ] > Task :flutter_native_splash:generateDebugRFile UP-TO-DATE
[        ] Caching disabled for task ':flutter_native_splash:generateDebugRFile' because:
[        ]   Build cache is disabled
[        ] Skipping task ':flutter_native_splash:generateDebugRFile' as it is up-to-date.
[        ] work action resolve package-aware-r.txt (project :flutter_native_splash) (Thread[#38544,Execution worker Thread 21,5,main]) started.
[        ] Resolve mutations for :flutter_olm:compileDebugLibraryResources (Thread[#38544,Execution worker Thread 21,5,main]) started.
[        ] :flutter_olm:compileDebugLibraryResources (Thread[#38544,Execution worker Thread 21,5,main]) started.
[        ] > Task :flutter_olm:compileDebugLibraryResources UP-TO-DATE
[        ] Caching disabled for task ':flutter_olm:compileDebugLibraryResources' because:
[        ]   Build cache is disabled
[        ] Skipping task ':flutter_olm:compileDebugLibraryResources' as it is up-to-date.
[        ] work action resolve out (project :flutter_olm) (Thread[#38544,Execution worker Thread 21,5,main]) started.
[        ] Resolve mutations for :flutter_olm:parseDebugLocalResources (Thread[#38544,Execution worker Thread 21,5,main]) started.
[        ] :flutter_olm:parseDebugLocalResources (Thread[#38544,Execution worker Thread 21,5,main]) started.
[        ] > Task :flutter_olm:parseDebugLocalResources UP-TO-DATE
[        ] Caching disabled for task ':flutter_olm:parseDebugLocalResources' because:
[        ]   Build cache is disabled
[        ] Skipping task ':flutter_olm:parseDebugLocalResources' as it is up-to-date.
[        ] Resolve mutations for :flutter_olm:generateDebugRFile (Thread[#38544,Execution worker Thread 21,5,main]) started.
[        ] :flutter_olm:generateDebugRFile (Thread[#38544,Execution worker Thread 21,5,main]) started.
[        ] > Task :flutter_olm:generateDebugRFile UP-TO-DATE
[        ] Caching disabled for task ':flutter_olm:generateDebugRFile' because:
[        ]   Build cache is disabled
[        ] Skipping task ':flutter_olm:generateDebugRFile' as it is up-to-date.
[        ] work action resolve package-aware-r.txt (project :flutter_olm) (Thread[#38544,Execution worker Thread 21,5,main]) started.
[        ] Resolve mutations for :flutter_openssl_crypto:compileDebugLibraryResources (Thread[#38544,Execution worker Thread 21,5,main]) started.
[        ] :flutter_openssl_crypto:compileDebugLibraryResources (Thread[#38544,Execution worker Thread 21,5,main]) started.
[        ] > Task :flutter_openssl_crypto:compileDebugLibraryResources UP-TO-DATE
[        ] Caching disabled for task ':flutter_openssl_crypto:compileDebugLibraryResources' because:
[        ]   Build cache is disabled
[        ] Skipping task ':flutter_openssl_crypto:compileDebugLibraryResources' as it is up-to-date.
[        ] work action resolve out (project :flutter_openssl_crypto) (Thread[#38544,Execution worker Thread 21,5,main]) started.
[        ] Resolve mutations for :flutter_openssl_crypto:parseDebugLocalResources (Thread[#38544,Execution worker Thread 21,5,main]) started.
[        ] :flutter_openssl_crypto:parseDebugLocalResources (Thread[#38544,Execution worker Thread 21,5,main]) started.
[        ] > Task :flutter_openssl_crypto:parseDebugLocalResources UP-TO-DATE
[        ] Caching disabled for task ':flutter_openssl_crypto:parseDebugLocalResources' because:
[        ]   Build cache is disabled
[        ] Skipping task ':flutter_openssl_crypto:parseDebugLocalResources' as it is up-to-date.
[        ] Resolve mutations for :flutter_openssl_crypto:generateDebugRFile (Thread[#38544,Execution worker Thread 21,5,main]) started.
[        ] :flutter_openssl_crypto:generateDebugRFile (Thread[#38544,Execution worker Thread 21,5,main]) started.
[        ] > Task :flutter_openssl_crypto:generateDebugRFile UP-TO-DATE
[        ] Caching disabled for task ':flutter_openssl_crypto:generateDebugRFile' because:
[        ]   Build cache is disabled
[        ] Skipping task ':flutter_openssl_crypto:generateDebugRFile' as it is up-to-date.
[        ] work action resolve package-aware-r.txt (project :flutter_openssl_crypto) (Thread[#38544,Execution worker Thread 21,5,main]) started.
[        ] Resolve mutations for :integration_test:compileDebugLibraryResources (Thread[#38544,Execution worker Thread 21,5,main]) started.
[        ] :integration_test:compileDebugLibraryResources (Thread[#38544,Execution worker Thread 21,5,main]) started.
[        ] > Task :integration_test:compileDebugLibraryResources UP-TO-DATE
[        ] Caching disabled for task ':integration_test:compileDebugLibraryResources' because:
[        ]   Build cache is disabled
[        ] Skipping task ':integration_test:compileDebugLibraryResources' as it is up-to-date.
[        ] work action resolve out (project :integration_test) (Thread[#38544,Execution worker Thread 21,5,main]) started.
[        ] Resolve mutations for :integration_test:parseDebugLocalResources (Thread[#38544,Execution worker Thread 21,5,main]) started.
[        ] :integration_test:parseDebugLocalResources (Thread[#38544,Execution worker Thread 21,5,main]) started.
[        ] > Task :integration_test:parseDebugLocalResources UP-TO-DATE
[        ] Caching disabled for task ':integration_test:parseDebugLocalResources' because:
[        ]   Build cache is disabled
[        ] Skipping task ':integration_test:parseDebugLocalResources' as it is up-to-date.
[        ] Resolve mutations for :integration_test:generateDebugRFile (Thread[#38544,Execution worker Thread 21,5,main]) started.
[        ] :integration_test:generateDebugRFile (Thread[#38544,Execution worker Thread 21,5,main]) started.
[        ] > Task :integration_test:generateDebugRFile UP-TO-DATE
[        ] Caching disabled for task ':integration_test:generateDebugRFile' because:
[        ]   Build cache is disabled
[        ] Skipping task ':integration_test:generateDebugRFile' as it is up-to-date.
[        ] work action resolve package-aware-r.txt (project :integration_test) (Thread[#38544,Execution worker Thread 21,5,main]) started.
[        ] Resolve mutations for :path_provider_android:compileDebugLibraryResources (Thread[#38544,Execution worker Thread 21,5,main]) started.
[        ] :path_provider_android:compileDebugLibraryResources (Thread[#38544,Execution worker Thread 21,5,main]) started.
[        ] > Task :path_provider_android:compileDebugLibraryResources UP-TO-DATE
[        ] Caching disabled for task ':path_provider_android:compileDebugLibraryResources' because:
[        ]   Build cache is disabled
[        ] Skipping task ':path_provider_android:compileDebugLibraryResources' as it is up-to-date.
[        ] work action resolve out (project :path_provider_android) (Thread[#38544,Execution worker Thread 21,5,main]) started.
[        ] Resolve mutations for :path_provider_android:parseDebugLocalResources (Thread[#38544,Execution worker Thread 21,5,main]) started.
[        ] :path_provider_android:parseDebugLocalResources (Thread[#38544,Execution worker Thread 21,5,main]) started.
[        ] > Task :path_provider_android:parseDebugLocalResources UP-TO-DATE
[        ] Caching disabled for task ':path_provider_android:parseDebugLocalResources' because:
[        ]   Build cache is disabled
[        ] Skipping task ':path_provider_android:parseDebugLocalResources' as it is up-to-date.
[        ] Resolve mutations for :path_provider_android:generateDebugRFile (Thread[#38544,Execution worker Thread 21,5,main]) started.
[        ] :path_provider_android:generateDebugRFile (Thread[#38544,Execution worker Thread 21,5,main]) started.
[        ] > Task :path_provider_android:generateDebugRFile UP-TO-DATE
[        ] Caching disabled for task ':path_provider_android:generateDebugRFile' because:
[        ]   Build cache is disabled
[        ] Skipping task ':path_provider_android:generateDebugRFile' as it is up-to-date.
[        ] work action resolve package-aware-r.txt (project :path_provider_android) (Thread[#38544,Execution worker Thread 21,5,main]) started.
[        ] Resolve mutations for :quill_native_bridge_android:compileDebugLibraryResources (Thread[#38544,Execution worker Thread 21,5,main]) started.
[        ] :quill_native_bridge_android:compileDebugLibraryResources (Thread[#38544,Execution worker Thread 21,5,main]) started.
[        ] > Task :quill_native_bridge_android:compileDebugLibraryResources UP-TO-DATE
[        ] Caching disabled for task ':quill_native_bridge_android:compileDebugLibraryResources' because:
[        ]   Build cache is disabled
[        ] Skipping task ':quill_native_bridge_android:compileDebugLibraryResources' as it is up-to-date.
[        ] work action resolve out (project :quill_native_bridge_android) (Thread[#38544,Execution worker Thread 21,5,main]) started.
[        ] Resolve mutations for :quill_native_bridge_android:parseDebugLocalResources (Thread[#38544,Execution worker Thread 21,5,main]) started.
[        ] :quill_native_bridge_android:parseDebugLocalResources (Thread[#38544,Execution worker Thread 21,5,main]) started.
[        ] > Task :quill_native_bridge_android:parseDebugLocalResources UP-TO-DATE
[        ] Caching disabled for task ':quill_native_bridge_android:parseDebugLocalResources' because:
[        ]   Build cache is disabled
[        ] Skipping task ':quill_native_bridge_android:parseDebugLocalResources' as it is up-to-date.
[        ] Resolve mutations for :quill_native_bridge_android:generateDebugRFile (Thread[#38544,Execution worker Thread 21,5,main]) started.
[        ] :quill_native_bridge_android:generateDebugRFile (Thread[#38544,Execution worker Thread 21,5,main]) started.
[        ] > Task :quill_native_bridge_android:generateDebugRFile UP-TO-DATE
[        ] Caching disabled for task ':quill_native_bridge_android:generateDebugRFile' because:
[        ]   Build cache is disabled
[        ] Skipping task ':quill_native_bridge_android:generateDebugRFile' as it is up-to-date.
[        ] work action resolve package-aware-r.txt (project :quill_native_bridge_android) (Thread[#38544,Execution worker Thread 21,5,main]) started.
[        ] Resolve mutations for :shared_preferences_android:compileDebugLibraryResources (Thread[#38544,Execution worker Thread 21,5,main]) started.
[        ] :shared_preferences_android:compileDebugLibraryResources (Thread[#38544,Execution worker Thread 21,5,main]) started.
[        ] > Task :shared_preferences_android:compileDebugLibraryResources UP-TO-DATE
[        ] Caching disabled for task ':shared_preferences_android:compileDebugLibraryResources' because:
[        ]   Build cache is disabled
[        ] Skipping task ':shared_preferences_android:compileDebugLibraryResources' as it is up-to-date.
[        ] work action resolve out (project :shared_preferences_android) (Thread[#38544,Execution worker Thread 21,5,main]) started.
[        ] Resolve mutations for :shared_preferences_android:parseDebugLocalResources (Thread[#38544,Execution worker Thread 21,5,main]) started.
[        ] :shared_preferences_android:parseDebugLocalResources (Thread[#38544,Execution worker Thread 21,5,main]) started.
[        ] > Task :shared_preferences_android:parseDebugLocalResources UP-TO-DATE
[        ] Caching disabled for task ':shared_preferences_android:parseDebugLocalResources' because:
[        ]   Build cache is disabled
[        ] Skipping task ':shared_preferences_android:parseDebugLocalResources' as it is up-to-date.
[        ] Resolve mutations for :shared_preferences_android:generateDebugRFile (Thread[#38544,Execution worker Thread 21,5,main]) started.
[        ] :shared_preferences_android:generateDebugRFile (Thread[#38544,Execution worker Thread 21,5,main]) started.
[        ] > Task :shared_preferences_android:generateDebugRFile UP-TO-DATE
[        ] Caching disabled for task ':shared_preferences_android:generateDebugRFile' because:
[        ]   Build cache is disabled
[        ] Skipping task ':shared_preferences_android:generateDebugRFile' as it is up-to-date.
[        ] work action resolve package-aware-r.txt (project :shared_preferences_android) (Thread[#38544,Execution worker Thread 21,5,main]) started.
[        ] Resolve mutations for :sqflite_android:compileDebugLibraryResources (Thread[#38544,Execution worker Thread 21,5,main]) started.
[        ] :sqflite_android:compileDebugLibraryResources (Thread[#38544,Execution worker Thread 21,5,main]) started.
[        ] > Task :sqflite_android:compileDebugLibraryResources UP-TO-DATE
[        ] Caching disabled for task ':sqflite_android:compileDebugLibraryResources' because:
[        ]   Build cache is disabled
[        ] Skipping task ':sqflite_android:compileDebugLibraryResources' as it is up-to-date.
[        ] work action resolve out (project :sqflite_android) (Thread[#38544,Execution worker Thread 21,5,main]) started.
[        ] Resolve mutations for :sqflite_android:parseDebugLocalResources (Thread[#38544,Execution worker Thread 21,5,main]) started.
[        ] :sqflite_android:parseDebugLocalResources (Thread[#38544,Execution worker Thread 21,5,main]) started.
[        ] > Task :sqflite_android:parseDebugLocalResources UP-TO-DATE
[        ] Caching disabled for task ':sqflite_android:parseDebugLocalResources' because:
[        ]   Build cache is disabled
[        ] Skipping task ':sqflite_android:parseDebugLocalResources' as it is up-to-date.
[        ] Resolve mutations for :sqflite_android:generateDebugRFile (Thread[#38544,Execution worker Thread 21,5,main]) started.
[        ] :sqflite_android:generateDebugRFile (Thread[#38544,Execution worker Thread 21,5,main]) started.
[        ] > Task :sqflite_android:generateDebugRFile UP-TO-DATE
[        ] Caching disabled for task ':sqflite_android:generateDebugRFile' because:
[        ]   Build cache is disabled
[        ] Skipping task ':sqflite_android:generateDebugRFile' as it is up-to-date.
[        ] work action resolve package-aware-r.txt (project :sqflite_android) (Thread[#38544,Execution worker Thread 21,5,main]) started.
[        ] Resolve mutations for :url_launcher_android:compileDebugLibraryResources (Thread[#38544,Execution worker Thread 21,5,main]) started.
[        ] :url_launcher_android:compileDebugLibraryResources (Thread[#38544,Execution worker Thread 21,5,main]) started.
[        ] > Task :url_launcher_android:compileDebugLibraryResources UP-TO-DATE
[        ] Caching disabled for task ':url_launcher_android:compileDebugLibraryResources' because:
[        ]   Build cache is disabled
[        ] Skipping task ':url_launcher_android:compileDebugLibraryResources' as it is up-to-date.
[        ] work action resolve out (project :url_launcher_android) (Thread[#38544,Execution worker Thread 21,5,main]) started.
[        ] Resolve mutations for :url_launcher_android:parseDebugLocalResources (Thread[#38544,Execution worker Thread 21,5,main]) started.
[        ] :url_launcher_android:parseDebugLocalResources (Thread[#38544,Execution worker Thread 21,5,main]) started.
[        ] > Task :url_launcher_android:parseDebugLocalResources UP-TO-DATE
[        ] Caching disabled for task ':url_launcher_android:parseDebugLocalResources' because:
[        ]   Build cache is disabled
[        ] Skipping task ':url_launcher_android:parseDebugLocalResources' as it is up-to-date.
[        ] Resolve mutations for :url_launcher_android:generateDebugRFile (Thread[#38544,Execution worker Thread 21,5,main]) started.
[        ] :url_launcher_android:generateDebugRFile (Thread[#38544,Execution worker Thread 21,5,main]) started.
[        ] > Task :url_launcher_android:generateDebugRFile UP-TO-DATE
[        ] Caching disabled for task ':url_launcher_android:generateDebugRFile' because:
[        ]   Build cache is disabled
[        ] Skipping task ':url_launcher_android:generateDebugRFile' as it is up-to-date.
[        ] work action resolve package-aware-r.txt (project :url_launcher_android) (Thread[#38544,Execution worker Thread 21,5,main]) started.
[        ] Resolve mutations for :video_player_android:compileDebugLibraryResources (Thread[#38544,Execution worker Thread 21,5,main]) started.
[        ] :video_player_android:compileDebugLibraryResources (Thread[#38544,Execution worker Thread 21,5,main]) started.
[        ] > Task :video_player_android:compileDebugLibraryResources UP-TO-DATE
[        ] Caching disabled for task ':video_player_android:compileDebugLibraryResources' because:
[        ]   Build cache is disabled
[        ] Skipping task ':video_player_android:compileDebugLibraryResources' as it is up-to-date.
[        ] work action resolve out (project :video_player_android) (Thread[#38544,Execution worker Thread 21,5,main]) started.
[        ] Resolve mutations for :video_player_android:parseDebugLocalResources (Thread[#38544,Execution worker Thread 21,5,main]) started.
[        ] :video_player_android:parseDebugLocalResources (Thread[#38544,Execution worker Thread 21,5,main]) started.
[        ] > Task :video_player_android:parseDebugLocalResources UP-TO-DATE
[        ] Caching disabled for task ':video_player_android:parseDebugLocalResources' because:
[        ]   Build cache is disabled
[        ] Skipping task ':video_player_android:parseDebugLocalResources' as it is up-to-date.
[        ] Resolve mutations for :video_player_android:generateDebugRFile (Thread[#38544,Execution worker Thread 21,5,main]) started.
[        ] :video_player_android:generateDebugRFile (Thread[#38544,Execution worker Thread 21,5,main]) started.
[        ] > Task :video_player_android:generateDebugRFile UP-TO-DATE
[        ] Caching disabled for task ':video_player_android:generateDebugRFile' because:
[        ]   Build cache is disabled
[        ] Skipping task ':video_player_android:generateDebugRFile' as it is up-to-date.
[        ] work action resolve package-aware-r.txt (project :video_player_android) (Thread[#38544,Execution worker Thread 21,5,main]) started.
[        ] Resolve mutations for :app:processDebugResources (Thread[#38544,Execution worker Thread 21,5,main]) started.
[        ] :app:processDebugResources (Thread[#38544,Execution worker Thread 21,5,main]) started.
[        ] > Task :app:processDebugResources UP-TO-DATE
[        ] Caching disabled for task ':app:processDebugResources' because:
[        ]   Build cache is disabled
[        ] Skipping task ':app:processDebugResources' as it is up-to-date.
[        ] Resolve mutations for :connectivity_plus:javaPreCompileDebug (Thread[#38544,Execution worker Thread 21,5,main]) started.
[        ] :connectivity_plus:javaPreCompileDebug (Thread[#38544,Execution worker Thread 21,5,main]) started.
[        ] > Task :connectivity_plus:javaPreCompileDebug UP-TO-DATE
[        ] Caching disabled for task ':connectivity_plus:javaPreCompileDebug' because:
[        ]   Build cache is disabled
[        ] Skipping task ':connectivity_plus:javaPreCompileDebug' as it is up-to-date.
[        ] Resolve mutations for :connectivity_plus:compileDebugJavaWithJavac (Thread[#38544,Execution worker Thread 21,5,main]) started.
[        ] :connectivity_plus:compileDebugJavaWithJavac (Thread[#38544,Execution worker Thread 21,5,main]) started.
[        ] > Task :connectivity_plus:compileDebugJavaWithJavac UP-TO-DATE
[        ] Custom actions are attached to task ':connectivity_plus:compileDebugJavaWithJavac'.
[        ] Caching disabled for task ':connectivity_plus:compileDebugJavaWithJavac' because:
[        ]   Build cache is disabled
[        ] Skipping task ':connectivity_plus:compileDebugJavaWithJavac' as it is up-to-date.
[        ] No compile result for :connectivity_plus:compileDebugJavaWithJavac
[        ] No compile result for :connectivity_plus:compileDebugJavaWithJavac
[        ] Resolve mutations for :connectivity_plus:bundleLibCompileToJarDebug (Thread[#38544,Execution worker Thread 21,5,main]) started.
[        ] :connectivity_plus:bundleLibCompileToJarDebug (Thread[#38544,Execution worker Thread 21,5,main]) started.
[        ] > Task :connectivity_plus:bundleLibCompileToJarDebug UP-TO-DATE
[        ] Caching disabled for task ':connectivity_plus:bundleLibCompileToJarDebug' because:
[        ]   Build cache is disabled
[        ]   Simple merging task
[        ] Skipping task ':connectivity_plus:bundleLibCompileToJarDebug' as it is up-to-date.
[        ] work action resolve classes.jar (project :connectivity_plus) (Thread[#38544,Execution worker Thread 21,5,main]) started.
[        ] Resolve mutations for :emoji_picker_flutter:checkKotlinGradlePluginConfigurationErrors (Thread[#38544,Execution worker Thread 21,5,main]) started.
[        ] :emoji_picker_flutter:checkKotlinGradlePluginConfigurationErrors (Thread[#38544,Execution worker Thread 21,5,main]) started.
[        ] > Task :emoji_picker_flutter:checkKotlinGradlePluginConfigurationErrors SKIPPED
[        ] Skipping task ':emoji_picker_flutter:checkKotlinGradlePluginConfigurationErrors' as task onlyIf 'errorDiagnostics are present' is false.
[        ] Resolve mutations for :emoji_picker_flutter:compileDebugKotlin (Thread[#38544,Execution worker Thread 21,5,main]) started.
[        ] :emoji_picker_flutter:compileDebugKotlin (Thread[#38544,Execution worker Thread 21,5,main]) started.
[        ] > Task :emoji_picker_flutter:compileDebugKotlin UP-TO-DATE
[        ] Adding -Xuse-inline-scopes-numbers Kotlin compiler flag for task :emoji_picker_flutter:compileDebugAndroidTestKotlin
[        ] Caching disabled for task ':emoji_picker_flutter:compileDebugKotlin' because:
[        ]   Build cache is disabled
[        ] Skipping task ':emoji_picker_flutter:compileDebugKotlin' as it is up-to-date.
[        ] Resolve mutations for :emoji_picker_flutter:javaPreCompileDebug (Thread[#38544,Execution worker Thread 21,5,main]) started.
[        ] :emoji_picker_flutter:javaPreCompileDebug (Thread[#38544,Execution worker Thread 21,5,main]) started.
[        ] > Task :emoji_picker_flutter:javaPreCompileDebug UP-TO-DATE
[        ] Caching disabled for task ':emoji_picker_flutter:javaPreCompileDebug' because:
[        ]   Build cache is disabled
[        ] Skipping task ':emoji_picker_flutter:javaPreCompileDebug' as it is up-to-date.
[        ] Resolve mutations for :emoji_picker_flutter:compileDebugJavaWithJavac (Thread[#38544,Execution worker Thread 21,5,main]) started.
[        ] :emoji_picker_flutter:compileDebugJavaWithJavac (Thread[#38544,Execution worker Thread 21,5,main]) started.
[        ] > Task :emoji_picker_flutter:compileDebugJavaWithJavac NO-SOURCE
[        ] Skipping task ':emoji_picker_flutter:compileDebugJavaWithJavac' as it has no source files and no previous output files.
[        ] Resolve mutations for :emoji_picker_flutter:bundleLibCompileToJarDebug (Thread[#38544,Execution worker Thread 21,5,main]) started.
[        ] :emoji_picker_flutter:bundleLibCompileToJarDebug (Thread[#38544,Execution worker Thread 21,5,main]) started.
[        ] > Task :emoji_picker_flutter:bundleLibCompileToJarDebug UP-TO-DATE
[        ] Caching disabled for task ':emoji_picker_flutter:bundleLibCompileToJarDebug' because:
[        ]   Build cache is disabled
[        ]   Simple merging task
[        ] Skipping task ':emoji_picker_flutter:bundleLibCompileToJarDebug' as it is up-to-date.
[        ] work action resolve classes.jar (project :emoji_picker_flutter) (Thread[#38544,Execution worker Thread 21,5,main]) started.
[        ] Resolve mutations for :file_selector_android:javaPreCompileDebug (Thread[#38544,Execution worker Thread 21,5,main]) started.
[        ] :file_selector_android:javaPreCompileDebug (Thread[#38544,Execution worker Thread 21,5,main]) started.
[        ] > Task :file_selector_android:javaPreCompileDebug UP-TO-DATE
[        ] Caching disabled for task ':file_selector_android:javaPreCompileDebug' because:
[        ]   Build cache is disabled
[        ] Skipping task ':file_selector_android:javaPreCompileDebug' as it is up-to-date.
[        ] Resolve mutations for :file_selector_android:compileDebugJavaWithJavac (Thread[#38544,Execution worker Thread 21,5,main]) started.
[        ] :file_selector_android:compileDebugJavaWithJavac (Thread[#38544,Execution worker Thread 21,5,main]) started.
[        ] > Task :file_selector_android:compileDebugJavaWithJavac UP-TO-DATE
[        ] Custom actions are attached to task ':file_selector_android:compileDebugJavaWithJavac'.
[        ] Caching disabled for task ':file_selector_android:compileDebugJavaWithJavac' because:
[        ]   Build cache is disabled
[        ] Skipping task ':file_selector_android:compileDebugJavaWithJavac' as it is up-to-date.
[        ] No compile result for :file_selector_android:compileDebugJavaWithJavac
[        ] No compile result for :file_selector_android:compileDebugJavaWithJavac
[        ] Resolve mutations for :file_selector_android:bundleLibCompileToJarDebug (Thread[#38544,Execution worker Thread 21,5,main]) started.
[        ] :file_selector_android:bundleLibCompileToJarDebug (Thread[#38544,Execution worker Thread 21,5,main]) started.
[        ] > Task :file_selector_android:bundleLibCompileToJarDebug UP-TO-DATE
[        ] Caching disabled for task ':file_selector_android:bundleLibCompileToJarDebug' because:
[        ]   Build cache is disabled
[        ]   Simple merging task
[        ] Skipping task ':file_selector_android:bundleLibCompileToJarDebug' as it is up-to-date.
[        ] work action resolve classes.jar (project :file_selector_android) (Thread[#38544,Execution worker Thread 21,5,main]) started.
[        ] Resolve mutations for :flutter_keyboard_visibility_temp_fork:javaPreCompileDebug (Thread[#38544,Execution worker Thread 21,5,main]) started.
[        ] :flutter_keyboard_visibility_temp_fork:javaPreCompileDebug (Thread[#38544,Execution worker Thread 21,5,main]) started.
[        ] > Task :flutter_keyboard_visibility_temp_fork:javaPreCompileDebug UP-TO-DATE
[        ] Caching disabled for task ':flutter_keyboard_visibility_temp_fork:javaPreCompileDebug' because:
[        ]   Build cache is disabled
[        ] Skipping task ':flutter_keyboard_visibility_temp_fork:javaPreCompileDebug' as it is up-to-date.
[        ] Resolve mutations for :flutter_keyboard_visibility_temp_fork:compileDebugJavaWithJavac (Thread[#38544,Execution worker Thread 21,5,main]) started.
[        ] :flutter_keyboard_visibility_temp_fork:compileDebugJavaWithJavac (Thread[#38544,Execution worker Thread 21,5,main]) started.
[        ] > Task :flutter_keyboard_visibility_temp_fork:compileDebugJavaWithJavac UP-TO-DATE
[        ] Custom actions are attached to task ':flutter_keyboard_visibility_temp_fork:compileDebugJavaWithJavac'.
[        ] Caching disabled for task ':flutter_keyboard_visibility_temp_fork:compileDebugJavaWithJavac' because:
[        ]   Build cache is disabled
[        ] Skipping task ':flutter_keyboard_visibility_temp_fork:compileDebugJavaWithJavac' as it is up-to-date.
[        ] No compile result for :flutter_keyboard_visibility_temp_fork:compileDebugJavaWithJavac
[        ] No compile result for :flutter_keyboard_visibility_temp_fork:compileDebugJavaWithJavac
[        ] Resolve mutations for :flutter_keyboard_visibility_temp_fork:bundleLibCompileToJarDebug (Thread[#38544,Execution worker Thread 21,5,main]) started.
[        ] :flutter_keyboard_visibility_temp_fork:bundleLibCompileToJarDebug (Thread[#38544,Execution worker Thread 21,5,main]) started.
[        ] > Task :flutter_keyboard_visibility_temp_fork:bundleLibCompileToJarDebug UP-TO-DATE
[        ] Caching disabled for task ':flutter_keyboard_visibility_temp_fork:bundleLibCompileToJarDebug' because:
[        ]   Build cache is disabled
[        ]   Simple merging task
[        ] Skipping task ':flutter_keyboard_visibility_temp_fork:bundleLibCompileToJarDebug' as it is up-to-date.
[        ] work action resolve classes.jar (project :flutter_keyboard_visibility_temp_fork) (Thread[#38544,Execution worker Thread 21,5,main]) started.
[        ] Resolve mutations for :flutter_native_splash:javaPreCompileDebug (Thread[#38544,Execution worker Thread 21,5,main]) started.
[        ] :flutter_native_splash:javaPreCompileDebug (Thread[#38544,Execution worker Thread 21,5,main]) started.
[        ] > Task :flutter_native_splash:javaPreCompileDebug UP-TO-DATE
[        ] Caching disabled for task ':flutter_native_splash:javaPreCompileDebug' because:
[        ]   Build cache is disabled
[        ] Skipping task ':flutter_native_splash:javaPreCompileDebug' as it is up-to-date.
[        ] Resolve mutations for :flutter_native_splash:compileDebugJavaWithJavac (Thread[#38544,Execution worker Thread 21,5,main]) started.
[        ] :flutter_native_splash:compileDebugJavaWithJavac (Thread[#38544,Execution worker Thread 21,5,main]) started.
[        ] > Task :flutter_native_splash:compileDebugJavaWithJavac UP-TO-DATE
[        ] Custom actions are attached to task ':flutter_native_splash:compileDebugJavaWithJavac'.
[        ] Caching disabled for task ':flutter_native_splash:compileDebugJavaWithJavac' because:
[        ]   Build cache is disabled
[        ] Skipping task ':flutter_native_splash:compileDebugJavaWithJavac' as it is up-to-date.
[        ] No compile result for :flutter_native_splash:compileDebugJavaWithJavac
[        ] No compile result for :flutter_native_splash:compileDebugJavaWithJavac
[        ] Resolve mutations for :flutter_native_splash:bundleLibCompileToJarDebug (Thread[#38544,Execution worker Thread 21,5,main]) started.
[        ] :flutter_native_splash:bundleLibCompileToJarDebug (Thread[#38544,Execution worker Thread 21,5,main]) started.
[        ] > Task :flutter_native_splash:bundleLibCompileToJarDebug UP-TO-DATE
[        ] Caching disabled for task ':flutter_native_splash:bundleLibCompileToJarDebug' because:
[        ]   Build cache is disabled
[        ]   Simple merging task
[        ] Skipping task ':flutter_native_splash:bundleLibCompileToJarDebug' as it is up-to-date.
[        ] work action resolve classes.jar (project :flutter_native_splash) (Thread[#38544,Execution worker Thread 21,5,main]) started.
[        ] Resolve mutations for :flutter_olm:checkKotlinGradlePluginConfigurationErrors (Thread[#38544,Execution worker Thread 21,5,main]) started.
[        ] :flutter_olm:checkKotlinGradlePluginConfigurationErrors (Thread[#38544,Execution worker Thread 21,5,main]) started.
[        ] > Task :flutter_olm:checkKotlinGradlePluginConfigurationErrors SKIPPED
[        ] Skipping task ':flutter_olm:checkKotlinGradlePluginConfigurationErrors' as task onlyIf 'errorDiagnostics are present' is false.
[        ] Resolve mutations for :flutter_olm:compileDebugKotlin (Thread[#38544,Execution worker Thread 21,5,main]) started.
[        ] :flutter_olm:compileDebugKotlin (Thread[#38544,Execution worker Thread 21,5,main]) started.
[        ] > Task :flutter_olm:compileDebugKotlin UP-TO-DATE
[        ] Adding -Xuse-inline-scopes-numbers Kotlin compiler flag for task :flutter_olm:compileDebugAndroidTestKotlin
[        ] Caching disabled for task ':flutter_olm:compileDebugKotlin' because:
[        ]   Build cache is disabled
[        ] Skipping task ':flutter_olm:compileDebugKotlin' as it is up-to-date.
[        ] Resolve mutations for :flutter_olm:javaPreCompileDebug (Thread[#38544,Execution worker Thread 21,5,main]) started.
[        ] :flutter_olm:javaPreCompileDebug (Thread[#38544,Execution worker Thread 21,5,main]) started.
[        ] > Task :flutter_olm:javaPreCompileDebug UP-TO-DATE
[        ] Caching disabled for task ':flutter_olm:javaPreCompileDebug' because:
[        ]   Build cache is disabled
[        ] Skipping task ':flutter_olm:javaPreCompileDebug' as it is up-to-date.
[        ] Resolve mutations for :flutter_olm:compileDebugJavaWithJavac (Thread[#38544,Execution worker Thread 21,5,main]) started.
[        ] :flutter_olm:compileDebugJavaWithJavac (Thread[#38544,Execution worker Thread 21,5,main]) started.
[        ] > Task :flutter_olm:compileDebugJavaWithJavac NO-SOURCE
[        ] Skipping task ':flutter_olm:compileDebugJavaWithJavac' as it has no source files and no previous output files.
[        ] Resolve mutations for :flutter_olm:bundleLibCompileToJarDebug (Thread[#38544,Execution worker Thread 21,5,main]) started.
[        ] :flutter_olm:bundleLibCompileToJarDebug (Thread[#38544,Execution worker Thread 21,5,main]) started.
[        ] > Task :flutter_olm:bundleLibCompileToJarDebug UP-TO-DATE
[        ] Caching disabled for task ':flutter_olm:bundleLibCompileToJarDebug' because:
[        ]   Build cache is disabled
[        ]   Simple merging task
[        ] Skipping task ':flutter_olm:bundleLibCompileToJarDebug' as it is up-to-date.
[        ] work action resolve classes.jar (project :flutter_olm) (Thread[#38544,Execution worker Thread 21,5,main]) started.
[        ] Resolve mutations for :flutter_openssl_crypto:checkKotlinGradlePluginConfigurationErrors (Thread[#38544,Execution worker Thread 21,5,main]) started.
[        ] :flutter_openssl_crypto:checkKotlinGradlePluginConfigurationErrors (Thread[#38544,Execution worker Thread 21,5,main]) started.
[        ] > Task :flutter_openssl_crypto:checkKotlinGradlePluginConfigurationErrors SKIPPED
[        ] Skipping task ':flutter_openssl_crypto:checkKotlinGradlePluginConfigurationErrors' as task onlyIf 'errorDiagnostics are present' is false.
[        ] Resolve mutations for :flutter_openssl_crypto:compileDebugKotlin (Thread[#38544,Execution worker Thread 21,5,main]) started.
[        ] :flutter_openssl_crypto:compileDebugKotlin (Thread[#38544,Execution worker Thread 21,5,main]) started.
[        ] > Task :flutter_openssl_crypto:compileDebugKotlin UP-TO-DATE
[        ] Adding -Xuse-inline-scopes-numbers Kotlin compiler flag for task :flutter_openssl_crypto:compileDebugAndroidTestKotlin
[        ] Caching disabled for task ':flutter_openssl_crypto:compileDebugKotlin' because:
[        ]   Build cache is disabled
[        ] Skipping task ':flutter_openssl_crypto:compileDebugKotlin' as it is up-to-date.
[        ] Resolve mutations for :flutter_openssl_crypto:javaPreCompileDebug (Thread[#38544,Execution worker Thread 21,5,main]) started.
[        ] :flutter_openssl_crypto:javaPreCompileDebug (Thread[#38544,Execution worker Thread 21,5,main]) started.
[        ] > Task :flutter_openssl_crypto:javaPreCompileDebug UP-TO-DATE
[        ] Caching disabled for task ':flutter_openssl_crypto:javaPreCompileDebug' because:
[        ]   Build cache is disabled
[        ] Skipping task ':flutter_openssl_crypto:javaPreCompileDebug' as it is up-to-date.
[        ] Resolve mutations for :flutter_openssl_crypto:compileDebugJavaWithJavac (Thread[#38544,Execution worker Thread 21,5,main]) started.
[        ] :flutter_openssl_crypto:compileDebugJavaWithJavac (Thread[#38544,Execution worker Thread 21,5,main]) started.
[        ] > Task :flutter_openssl_crypto:compileDebugJavaWithJavac NO-SOURCE
[        ] Skipping task ':flutter_openssl_crypto:compileDebugJavaWithJavac' as it has no source files and no previous output files.
[        ] Resolve mutations for :flutter_openssl_crypto:bundleLibCompileToJarDebug (Thread[#38544,Execution worker Thread 21,5,main]) started.
[        ] :flutter_openssl_crypto:bundleLibCompileToJarDebug (Thread[#38544,Execution worker Thread 21,5,main]) started.
[        ] > Task :flutter_openssl_crypto:bundleLibCompileToJarDebug UP-TO-DATE
[        ] Caching disabled for task ':flutter_openssl_crypto:bundleLibCompileToJarDebug' because:
[        ]   Build cache is disabled
[        ]   Simple merging task
[        ] Skipping task ':flutter_openssl_crypto:bundleLibCompileToJarDebug' as it is up-to-date.
[        ] work action resolve classes.jar (project :flutter_openssl_crypto) (Thread[#38544,Execution worker Thread 21,5,main]) started.
[        ] Resolve mutations for :integration_test:javaPreCompileDebug (Thread[#38544,Execution worker Thread 21,5,main]) started.
[        ] :integration_test:javaPreCompileDebug (Thread[#38544,Execution worker Thread 21,5,main]) started.
[        ] > Task :integration_test:javaPreCompileDebug UP-TO-DATE
[        ] Caching disabled for task ':integration_test:javaPreCompileDebug' because:
[        ]   Build cache is disabled
[        ] Skipping task ':integration_test:javaPreCompileDebug' as it is up-to-date.
[        ] Resolve mutations for :integration_test:compileDebugJavaWithJavac (Thread[#38544,Execution worker Thread 21,5,main]) started.
[        ] :integration_test:compileDebugJavaWithJavac (Thread[#38544,Execution worker Thread 21,5,main]) started.
[        ] > Task :integration_test:compileDebugJavaWithJavac UP-TO-DATE
[        ] Custom actions are attached to task ':integration_test:compileDebugJavaWithJavac'.
[        ] Caching disabled for task ':integration_test:compileDebugJavaWithJavac' because:
[        ]   Build cache is disabled
[        ] Skipping task ':integration_test:compileDebugJavaWithJavac' as it is up-to-date.
[        ] No compile result for :integration_test:compileDebugJavaWithJavac
[        ] No compile result for :integration_test:compileDebugJavaWithJavac
[        ] Resolve mutations for :integration_test:bundleLibCompileToJarDebug (Thread[#38544,Execution worker Thread 21,5,main]) started.
[        ] :integration_test:bundleLibCompileToJarDebug (Thread[#38536,Execution worker Thread 13,5,main]) started.
[        ] > Task :integration_test:bundleLibCompileToJarDebug UP-TO-DATE
[        ] Caching disabled for task ':integration_test:bundleLibCompileToJarDebug' because:
[        ]   Build cache is disabled
[        ]   Simple merging task
[        ] Skipping task ':integration_test:bundleLibCompileToJarDebug' as it is up-to-date.
[        ] work action resolve classes.jar (project :integration_test) (Thread[#38536,Execution worker Thread 13,5,main]) started.
[        ] Resolve mutations for :path_provider_android:javaPreCompileDebug (Thread[#38536,Execution worker Thread 13,5,main]) started.
[        ] :path_provider_android:javaPreCompileDebug (Thread[#38536,Execution worker Thread 13,5,main]) started.
[        ] > Task :path_provider_android:javaPreCompileDebug UP-TO-DATE
[        ] Caching disabled for task ':path_provider_android:javaPreCompileDebug' because:
[        ]   Build cache is disabled
[        ] Skipping task ':path_provider_android:javaPreCompileDebug' as it is up-to-date.
[        ] Resolve mutations for :path_provider_android:compileDebugJavaWithJavac (Thread[#38536,Execution worker Thread 13,5,main]) started.
[        ] :path_provider_android:compileDebugJavaWithJavac (Thread[#38536,Execution worker Thread 13,5,main]) started.
[  +91 ms] > Task :path_provider_android:compileDebugJavaWithJavac UP-TO-DATE
[        ] Custom actions are attached to task ':path_provider_android:compileDebugJavaWithJavac'.
[        ] Caching disabled for task ':path_provider_android:compileDebugJavaWithJavac' because:
[        ]   Build cache is disabled
[        ] Skipping task ':path_provider_android:compileDebugJavaWithJavac' as it is up-to-date.
[        ] No compile result for :path_provider_android:compileDebugJavaWithJavac
[        ] No compile result for :path_provider_android:compileDebugJavaWithJavac
[        ] Resolve mutations for :path_provider_android:bundleLibCompileToJarDebug (Thread[#38536,Execution worker Thread 13,5,main]) started.
[        ] :path_provider_android:bundleLibCompileToJarDebug (Thread[#38536,Execution worker Thread 13,5,main]) started.
[        ] > Task :path_provider_android:bundleLibCompileToJarDebug UP-TO-DATE
[        ] Caching disabled for task ':path_provider_android:bundleLibCompileToJarDebug' because:
[        ]   Build cache is disabled
[        ]   Simple merging task
[        ] Skipping task ':path_provider_android:bundleLibCompileToJarDebug' as it is up-to-date.
[        ] work action resolve classes.jar (project :path_provider_android) (Thread[#38536,Execution worker Thread 13,5,main]) started.
[        ] Resolve mutations for :quill_native_bridge_android:checkKotlinGradlePluginConfigurationErrors (Thread[#38536,Execution worker Thread 13,5,main]) started.
[        ] :quill_native_bridge_android:checkKotlinGradlePluginConfigurationErrors (Thread[#38536,Execution worker Thread 13,5,main]) started.
[        ] > Task :quill_native_bridge_android:checkKotlinGradlePluginConfigurationErrors SKIPPED
[        ] Skipping task ':quill_native_bridge_android:checkKotlinGradlePluginConfigurationErrors' as task onlyIf 'errorDiagnostics are present' is false.
[        ] Resolve mutations for :quill_native_bridge_android:compileDebugKotlin (Thread[#38536,Execution worker Thread 13,5,main]) started.
[        ] :quill_native_bridge_android:compileDebugKotlin (Thread[#38536,Execution worker Thread 13,5,main]) started.
[        ] > Task :quill_native_bridge_android:compileDebugKotlin UP-TO-DATE
[        ] Adding -Xuse-inline-scopes-numbers Kotlin compiler flag for task :quill_native_bridge_android:compileDebugAndroidTestKotlin
[        ] Caching disabled for task ':quill_native_bridge_android:compileDebugKotlin' because:
[        ]   Build cache is disabled
[        ] Skipping task ':quill_native_bridge_android:compileDebugKotlin' as it is up-to-date.
[        ] Resolve mutations for :quill_native_bridge_android:javaPreCompileDebug (Thread[#38536,Execution worker Thread 13,5,main]) started.
[        ] :quill_native_bridge_android:javaPreCompileDebug (Thread[#38536,Execution worker Thread 13,5,main]) started.
[        ] > Task :quill_native_bridge_android:javaPreCompileDebug UP-TO-DATE
[        ] Caching disabled for task ':quill_native_bridge_android:javaPreCompileDebug' because:
[        ]   Build cache is disabled
[        ] Skipping task ':quill_native_bridge_android:javaPreCompileDebug' as it is up-to-date.
[        ] Resolve mutations for :quill_native_bridge_android:compileDebugJavaWithJavac (Thread[#38536,Execution worker Thread 13,5,main]) started.
[        ] :quill_native_bridge_android:compileDebugJavaWithJavac (Thread[#38536,Execution worker Thread 13,5,main]) started.
[        ] > Task :quill_native_bridge_android:compileDebugJavaWithJavac NO-SOURCE
[        ] Skipping task ':quill_native_bridge_android:compileDebugJavaWithJavac' as it has no source files and no previous output files.
[        ] Resolve mutations for :quill_native_bridge_android:bundleLibCompileToJarDebug (Thread[#38536,Execution worker Thread 13,5,main]) started.
[        ] :quill_native_bridge_android:bundleLibCompileToJarDebug (Thread[#38536,Execution worker Thread 13,5,main]) started.
[        ] > Task :quill_native_bridge_android:bundleLibCompileToJarDebug UP-TO-DATE
[        ] Caching disabled for task ':quill_native_bridge_android:bundleLibCompileToJarDebug' because:
[        ]   Build cache is disabled
[        ]   Simple merging task
[        ] Skipping task ':quill_native_bridge_android:bundleLibCompileToJarDebug' as it is up-to-date.
[        ] work action resolve classes.jar (project :quill_native_bridge_android) (Thread[#38536,Execution worker Thread 13,5,main]) started.
[        ] Resolve mutations for :shared_preferences_android:checkKotlinGradlePluginConfigurationErrors (Thread[#38536,Execution worker Thread 13,5,main]) started.
[        ] :shared_preferences_android:checkKotlinGradlePluginConfigurationErrors (Thread[#38548,Execution worker Thread 25,5,main]) started.
[        ] > Task :shared_preferences_android:checkKotlinGradlePluginConfigurationErrors SKIPPED
[        ] Skipping task ':shared_preferences_android:checkKotlinGradlePluginConfigurationErrors' as task onlyIf 'errorDiagnostics are present' is false.
[        ] Resolve mutations for :shared_preferences_android:compileDebugKotlin (Thread[#38548,Execution worker Thread 25,5,main]) started.
[        ] :shared_preferences_android:compileDebugKotlin (Thread[#38548,Execution worker Thread 25,5,main]) started.
[        ] > Task :shared_preferences_android:compileDebugKotlin UP-TO-DATE
[        ] Adding -Xuse-inline-scopes-numbers Kotlin compiler flag for task :shared_preferences_android:compileDebugAndroidTestKotlin
[        ] Caching disabled for task ':shared_preferences_android:compileDebugKotlin' because:
[        ]   Build cache is disabled
[        ] Skipping task ':shared_preferences_android:compileDebugKotlin' as it is up-to-date.
[        ] Resolve mutations for :shared_preferences_android:javaPreCompileDebug (Thread[#38548,Execution worker Thread 25,5,main]) started.
[        ] :shared_preferences_android:javaPreCompileDebug (Thread[#38548,Execution worker Thread 25,5,main]) started.
[        ] > Task :shared_preferences_android:javaPreCompileDebug UP-TO-DATE
[        ] Caching disabled for task ':shared_preferences_android:javaPreCompileDebug' because:
[        ]   Build cache is disabled
[        ] Skipping task ':shared_preferences_android:javaPreCompileDebug' as it is up-to-date.
[        ] Resolve mutations for :shared_preferences_android:compileDebugJavaWithJavac (Thread[#38548,Execution worker Thread 25,5,main]) started.
[        ] :shared_preferences_android:compileDebugJavaWithJavac (Thread[#38548,Execution worker Thread 25,5,main]) started.
[        ] > Task :shared_preferences_android:compileDebugJavaWithJavac UP-TO-DATE
[        ] Custom actions are attached to task ':shared_preferences_android:compileDebugJavaWithJavac'.
[        ] Caching disabled for task ':shared_preferences_android:compileDebugJavaWithJavac' because:
[        ]   Build cache is disabled
[        ] Skipping task ':shared_preferences_android:compileDebugJavaWithJavac' as it is up-to-date.
[        ] No compile result for :shared_preferences_android:compileDebugJavaWithJavac
[        ] No compile result for :shared_preferences_android:compileDebugJavaWithJavac
[        ] Resolve mutations for :shared_preferences_android:bundleLibCompileToJarDebug (Thread[#38548,Execution worker Thread 25,5,main]) started.
[        ] :shared_preferences_android:bundleLibCompileToJarDebug (Thread[#38548,Execution worker Thread 25,5,main]) started.
[        ] > Task :shared_preferences_android:bundleLibCompileToJarDebug UP-TO-DATE
[        ] Caching disabled for task ':shared_preferences_android:bundleLibCompileToJarDebug' because:
[        ]   Build cache is disabled
[        ]   Simple merging task
[        ] Skipping task ':shared_preferences_android:bundleLibCompileToJarDebug' as it is up-to-date.
[        ] work action resolve classes.jar (project :shared_preferences_android) (Thread[#38548,Execution worker Thread 25,5,main]) started.
[        ] Resolve mutations for :sqflite_android:javaPreCompileDebug (Thread[#38548,Execution worker Thread 25,5,main]) started.
[        ] :sqflite_android:javaPreCompileDebug (Thread[#38548,Execution worker Thread 25,5,main]) started.
[        ] > Task :sqflite_android:javaPreCompileDebug UP-TO-DATE
[        ] Caching disabled for task ':sqflite_android:javaPreCompileDebug' because:
[        ]   Build cache is disabled
[        ] Skipping task ':sqflite_android:javaPreCompileDebug' as it is up-to-date.
[        ] Resolve mutations for :sqflite_android:compileDebugJavaWithJavac (Thread[#38548,Execution worker Thread 25,5,main]) started.
[        ] :sqflite_android:compileDebugJavaWithJavac (Thread[#38548,Execution worker Thread 25,5,main]) started.
[        ] > Task :sqflite_android:compileDebugJavaWithJavac UP-TO-DATE
[        ] Custom actions are attached to task ':sqflite_android:compileDebugJavaWithJavac'.
[        ] Caching disabled for task ':sqflite_android:compileDebugJavaWithJavac' because:
[        ]   Build cache is disabled
[        ] Skipping task ':sqflite_android:compileDebugJavaWithJavac' as it is up-to-date.
[        ] No compile result for :sqflite_android:compileDebugJavaWithJavac
[        ] No compile result for :sqflite_android:compileDebugJavaWithJavac
[        ] Resolve mutations for :sqflite_android:bundleLibCompileToJarDebug (Thread[#38548,Execution worker Thread 25,5,main]) started.
[        ] :sqflite_android:bundleLibCompileToJarDebug (Thread[#38548,Execution worker Thread 25,5,main]) started.
[        ] > Task :sqflite_android:bundleLibCompileToJarDebug UP-TO-DATE
[        ] Caching disabled for task ':sqflite_android:bundleLibCompileToJarDebug' because:
[        ]   Build cache is disabled
[        ]   Simple merging task
[        ] Skipping task ':sqflite_android:bundleLibCompileToJarDebug' as it is up-to-date.
[        ] work action resolve classes.jar (project :sqflite_android) (Thread[#38548,Execution worker Thread 25,5,main]) started.
[        ] Resolve mutations for :url_launcher_android:generateDebugBuildConfig (Thread[#38548,Execution worker Thread 25,5,main]) started.
[        ] :url_launcher_android:generateDebugBuildConfig (Thread[#38548,Execution worker Thread 25,5,main]) started.
[        ] > Task :url_launcher_android:generateDebugBuildConfig UP-TO-DATE
[        ] Caching disabled for task ':url_launcher_android:generateDebugBuildConfig' because:
[        ]   Build cache is disabled
[        ] Skipping task ':url_launcher_android:generateDebugBuildConfig' as it is up-to-date.
[        ] Resolve mutations for :url_launcher_android:javaPreCompileDebug (Thread[#38548,Execution worker Thread 25,5,main]) started.
[        ] :url_launcher_android:javaPreCompileDebug (Thread[#38548,Execution worker Thread 25,5,main]) started.
[        ] > Task :url_launcher_android:javaPreCompileDebug UP-TO-DATE
[        ] Caching disabled for task ':url_launcher_android:javaPreCompileDebug' because:
[        ]   Build cache is disabled
[        ] Skipping task ':url_launcher_android:javaPreCompileDebug' as it is up-to-date.
[        ] Resolve mutations for :url_launcher_android:compileDebugJavaWithJavac (Thread[#38548,Execution worker Thread 25,5,main]) started.
[        ] :url_launcher_android:compileDebugJavaWithJavac (Thread[#38548,Execution worker Thread 25,5,main]) started.
[        ] > Task :url_launcher_android:compileDebugJavaWithJavac UP-TO-DATE
[        ] Custom actions are attached to task ':url_launcher_android:compileDebugJavaWithJavac'.
[        ] Caching disabled for task ':url_launcher_android:compileDebugJavaWithJavac' because:
[        ]   Build cache is disabled
[        ] Skipping task ':url_launcher_android:compileDebugJavaWithJavac' as it is up-to-date.
[        ] No compile result for :url_launcher_android:compileDebugJavaWithJavac
[        ] No compile result for :url_launcher_android:compileDebugJavaWithJavac
[        ] Resolve mutations for :url_launcher_android:bundleLibCompileToJarDebug (Thread[#38548,Execution worker Thread 25,5,main]) started.
[        ] :url_launcher_android:bundleLibCompileToJarDebug (Thread[#38548,Execution worker Thread 25,5,main]) started.
[        ] > Task :url_launcher_android:bundleLibCompileToJarDebug UP-TO-DATE
[        ] Caching disabled for task ':url_launcher_android:bundleLibCompileToJarDebug' because:
[        ]   Build cache is disabled
[        ]   Simple merging task
[        ] Skipping task ':url_launcher_android:bundleLibCompileToJarDebug' as it is up-to-date.
[        ] work action resolve classes.jar (project :url_launcher_android) (Thread[#38548,Execution worker Thread 25,5,main]) started.
[        ] Resolve mutations for :video_player_android:checkKotlinGradlePluginConfigurationErrors (Thread[#38548,Execution worker Thread 25,5,main]) started.
[        ] :video_player_android:checkKotlinGradlePluginConfigurationErrors (Thread[#38548,Execution worker Thread 25,5,main]) started.
[        ] > Task :video_player_android:checkKotlinGradlePluginConfigurationErrors SKIPPED
[        ] Skipping task ':video_player_android:checkKotlinGradlePluginConfigurationErrors' as task onlyIf 'errorDiagnostics are present' is false.
[        ] Resolve mutations for :video_player_android:compileDebugKotlin (Thread[#38548,Execution worker Thread 25,5,main]) started.
[        ] :video_player_android:compileDebugKotlin (Thread[#38548,Execution worker Thread 25,5,main]) started.
[        ] > Task :video_player_android:compileDebugKotlin UP-TO-DATE
[        ] Adding -Xuse-inline-scopes-numbers Kotlin compiler flag for task :video_player_android:compileDebugAndroidTestKotlin
[        ] Caching disabled for task ':video_player_android:compileDebugKotlin' because:
[        ]   Build cache is disabled
[        ] Skipping task ':video_player_android:compileDebugKotlin' as it is up-to-date.
[        ] Resolve mutations for :video_player_android:javaPreCompileDebug (Thread[#38548,Execution worker Thread 25,5,main]) started.
[        ] :video_player_android:javaPreCompileDebug (Thread[#38548,Execution worker Thread 25,5,main]) started.
[        ] > Task :video_player_android:javaPreCompileDebug UP-TO-DATE
[        ] Caching disabled for task ':video_player_android:javaPreCompileDebug' because:
[        ]   Build cache is disabled
[        ] Skipping task ':video_player_android:javaPreCompileDebug' as it is up-to-date.
[        ] Resolve mutations for :video_player_android:compileDebugJavaWithJavac (Thread[#38548,Execution worker Thread 25,5,main]) started.
[        ] :video_player_android:compileDebugJavaWithJavac (Thread[#38548,Execution worker Thread 25,5,main]) started.
[        ] > Task :video_player_android:compileDebugJavaWithJavac UP-TO-DATE
[        ] Custom actions are attached to task ':video_player_android:compileDebugJavaWithJavac'.
[        ] Caching disabled for task ':video_player_android:compileDebugJavaWithJavac' because:
[        ]   Build cache is disabled
[        ] Skipping task ':video_player_android:compileDebugJavaWithJavac' as it is up-to-date.
[        ] No compile result for :video_player_android:compileDebugJavaWithJavac
[        ] No compile result for :video_player_android:compileDebugJavaWithJavac
[        ] Resolve mutations for :video_player_android:bundleLibCompileToJarDebug (Thread[#38548,Execution worker Thread 25,5,main]) started.
[        ] :video_player_android:bundleLibCompileToJarDebug (Thread[#38548,Execution worker Thread 25,5,main]) started.
[        ] > Task :video_player_android:bundleLibCompileToJarDebug UP-TO-DATE
[        ] Caching disabled for task ':video_player_android:bundleLibCompileToJarDebug' because:
[        ]   Build cache is disabled
[        ]   Simple merging task
[        ] Skipping task ':video_player_android:bundleLibCompileToJarDebug' as it is up-to-date.
[        ] work action resolve classes.jar (project :video_player_android) (Thread[#38548,Execution worker Thread 25,5,main]) started.
[        ] Resolve mutations for :app:compileDebugKotlin (Thread[#38548,Execution worker Thread 25,5,main]) started.
[        ] :app:compileDebugKotlin (Thread[#38548,Execution worker Thread 25,5,main]) started.
[        ] > Task :app:compileDebugKotlin UP-TO-DATE
[        ] Adding -Xuse-inline-scopes-numbers Kotlin compiler flag for task :app:compileDebugAndroidTestKotlin
[        ] Caching disabled for task ':app:compileDebugKotlin' because:
[        ]   Build cache is disabled
[        ] Skipping task ':app:compileDebugKotlin' as it is up-to-date.
[        ] Resolve mutations for :app:javaPreCompileDebug (Thread[#38548,Execution worker Thread 25,5,main]) started.
[        ] :app:javaPreCompileDebug (Thread[#38548,Execution worker Thread 25,5,main]) started.
[        ] > Task :app:javaPreCompileDebug UP-TO-DATE
[        ] Caching disabled for task ':app:javaPreCompileDebug' because:
[        ]   Build cache is disabled
[        ] Skipping task ':app:javaPreCompileDebug' as it is up-to-date.
[        ] Resolve mutations for :app:compileDebugJavaWithJavac (Thread[#38548,Execution worker Thread 25,5,main]) started.
[        ] :app:compileDebugJavaWithJavac (Thread[#38548,Execution worker Thread 25,5,main]) started.
[        ] > Task :app:compileDebugJavaWithJavac UP-TO-DATE
[        ] Custom actions are attached to task ':app:compileDebugJavaWithJavac'.
[        ] Caching disabled for task ':app:compileDebugJavaWithJavac' because:
[        ]   Build cache is disabled
[        ] Skipping task ':app:compileDebugJavaWithJavac' as it is up-to-date.
[        ] No compile result for :app:compileDebugJavaWithJavac
[        ] No compile result for :app:compileDebugJavaWithJavac
[        ] Resolve mutations for :app:compressDebugAssets (Thread[#38548,Execution worker Thread 25,5,main]) started.
[        ] :app:compressDebugAssets (Thread[#38548,Execution worker Thread 25,5,main]) started.
[        ] Resolve mutations for :app:processDebugJavaRes (Thread[#38531,Execution worker Thread 9,5,main]) started.
[        ] :app:processDebugJavaRes (Thread[#38531,Execution worker Thread 9,5,main]) started.
[        ] > Task :app:processDebugJavaRes UP-TO-DATE
[        ] file or directory '/Users/florian/Code/substitution/android/app/src/main/resources', not found
[        ] file or directory '/Users/florian/Code/substitution/android/app/src/debug/resources', not found
[        ] file or directory '/Users/florian/Code/substitution/android/app/src/main/resources', not found
[        ] file or directory '/Users/florian/Code/substitution/android/app/src/debug/resources', not found
[        ] Caching disabled for task ':app:processDebugJavaRes' because:
[        ]   Build cache is disabled
[        ]   Caching has been disabled for the task
[        ] Skipping task ':app:processDebugJavaRes' as it is up-to-date.
[        ] Resolve mutations for :connectivity_plus:processDebugJavaRes (Thread[#38531,Execution worker Thread 9,5,main]) started.
[        ] :connectivity_plus:processDebugJavaRes (Thread[#38531,Execution worker Thread 9,5,main]) started.
[        ] > Task :connectivity_plus:processDebugJavaRes NO-SOURCE
[        ] file or directory '/Users/florian/.pub-cache/hosted/pub.dev/connectivity_plus-5.0.2/android/src/main/resources', not found
[        ] file or directory '/Users/florian/.pub-cache/hosted/pub.dev/connectivity_plus-5.0.2/android/src/debug/resources', not found
[        ] Skipping task ':connectivity_plus:processDebugJavaRes' as it has no source files and no previous output files.
[        ] work action resolve out (project :connectivity_plus) (Thread[#38531,Execution worker Thread 9,5,main]) started.
[        ] Resolve mutations for :emoji_picker_flutter:processDebugJavaRes (Thread[#38531,Execution worker Thread 9,5,main]) started.
[        ] :emoji_picker_flutter:processDebugJavaRes (Thread[#38531,Execution worker Thread 9,5,main]) started.
[        ] > Task :emoji_picker_flutter:processDebugJavaRes UP-TO-DATE
[        ] file or directory '/Users/florian/.pub-cache/hosted/pub.dev/emoji_picker_flutter-4.4.0/android/src/main/resources', not found
[        ] file or directory '/Users/florian/.pub-cache/hosted/pub.dev/emoji_picker_flutter-4.4.0/android/src/debug/resources', not found
[        ] file or directory '/Users/florian/.pub-cache/hosted/pub.dev/emoji_picker_flutter-4.4.0/android/src/main/resources', not found
[        ] file or directory '/Users/florian/.pub-cache/hosted/pub.dev/emoji_picker_flutter-4.4.0/android/src/debug/resources', not found
[        ] Caching disabled for task ':emoji_picker_flutter:processDebugJavaRes' because:
[        ]   Build cache is disabled
[        ]   Caching has been disabled for the task
[        ] Skipping task ':emoji_picker_flutter:processDebugJavaRes' as it is up-to-date.
[        ] work action resolve out (project :emoji_picker_flutter) (Thread[#38531,Execution worker Thread 9,5,main]) started.
[        ] Resolve mutations for :file_selector_android:processDebugJavaRes (Thread[#38531,Execution worker Thread 9,5,main]) started.
[        ] :file_selector_android:processDebugJavaRes (Thread[#38531,Execution worker Thread 9,5,main]) started.
[        ] > Task :file_selector_android:processDebugJavaRes NO-SOURCE
[        ] file or directory '/Users/florian/.pub-cache/hosted/pub.dev/file_selector_android-0.5.2+4/android/src/main/resources', not found
[        ] file or directory '/Users/florian/.pub-cache/hosted/pub.dev/file_selector_android-0.5.2+4/android/src/debug/resources', not found
[        ] Skipping task ':file_selector_android:processDebugJavaRes' as it has no source files and no previous output files.
[        ] work action resolve out (project :file_selector_android) (Thread[#38531,Execution worker Thread 9,5,main]) started.
[        ] Resolve mutations for :flutter_keyboard_visibility_temp_fork:processDebugJavaRes (Thread[#38531,Execution worker Thread 9,5,main]) started.
[        ] :flutter_keyboard_visibility_temp_fork:processDebugJavaRes (Thread[#38531,Execution worker Thread 9,5,main]) started.
[        ] > Task :flutter_keyboard_visibility_temp_fork:processDebugJavaRes NO-SOURCE
[        ] file or directory '/Users/florian/.pub-cache/hosted/pub.dev/flutter_keyboard_visibility_temp_fork-0.1.5/android/src/main/resources', not found
[        ] file or directory '/Users/florian/.pub-cache/hosted/pub.dev/flutter_keyboard_visibility_temp_fork-0.1.5/android/src/debug/resources', not found
[        ] Skipping task ':flutter_keyboard_visibility_temp_fork:processDebugJavaRes' as it has no source files and no previous output files.
[        ] work action resolve out (project :flutter_keyboard_visibility_temp_fork) (Thread[#38531,Execution worker Thread 9,5,main]) started.
[        ] Resolve mutations for :flutter_native_splash:processDebugJavaRes (Thread[#38531,Execution worker Thread 9,5,main]) started.
[        ] :flutter_native_splash:processDebugJavaRes (Thread[#38531,Execution worker Thread 9,5,main]) started.
[        ] > Task :flutter_native_splash:processDebugJavaRes NO-SOURCE
[        ] file or directory '/Users/florian/.pub-cache/hosted/pub.dev/flutter_native_splash-2.4.7/android/src/main/resources', not found
[        ] file or directory '/Users/florian/.pub-cache/hosted/pub.dev/flutter_native_splash-2.4.7/android/src/debug/resources', not found
[        ] Skipping task ':flutter_native_splash:processDebugJavaRes' as it has no source files and no previous output files.
[        ] work action resolve out (project :flutter_native_splash) (Thread[#38531,Execution worker Thread 9,5,main]) started.
[        ] Resolve mutations for :flutter_olm:processDebugJavaRes (Thread[#38531,Execution worker Thread 9,5,main]) started.
[        ] :flutter_olm:processDebugJavaRes (Thread[#38531,Execution worker Thread 9,5,main]) started.
[        ] > Task :flutter_olm:processDebugJavaRes UP-TO-DATE
[        ] file or directory '/Users/florian/.pub-cache/hosted/pub.dev/flutter_olm-2.0.0/android/src/main/resources', not found
[        ] file or directory '/Users/florian/.pub-cache/hosted/pub.dev/flutter_olm-2.0.0/android/src/debug/resources', not found
[        ] file or directory '/Users/florian/.pub-cache/hosted/pub.dev/flutter_olm-2.0.0/android/src/main/resources', not found
[        ] file or directory '/Users/florian/.pub-cache/hosted/pub.dev/flutter_olm-2.0.0/android/src/debug/resources', not found
[        ] Caching disabled for task ':flutter_olm:processDebugJavaRes' because:
[        ]   Build cache is disabled
[        ]   Caching has been disabled for the task
[        ] Skipping task ':flutter_olm:processDebugJavaRes' as it is up-to-date.
[        ] work action resolve out (project :flutter_olm) (Thread[#38531,Execution worker Thread 9,5,main]) started.
[        ] Resolve mutations for :flutter_openssl_crypto:processDebugJavaRes (Thread[#38531,Execution worker Thread 9,5,main]) started.
[        ] :flutter_openssl_crypto:processDebugJavaRes (Thread[#38531,Execution worker Thread 9,5,main]) started.
[        ] > Task :flutter_openssl_crypto:processDebugJavaRes UP-TO-DATE
[        ] file or directory '/Users/florian/.pub-cache/hosted/pub.dev/flutter_openssl_crypto-0.5.0/android/src/main/resources', not found
[        ] file or directory '/Users/florian/.pub-cache/hosted/pub.dev/flutter_openssl_crypto-0.5.0/android/src/debug/resources', not found
[        ] file or directory '/Users/florian/.pub-cache/hosted/pub.dev/flutter_openssl_crypto-0.5.0/android/src/main/resources', not found
[        ] file or directory '/Users/florian/.pub-cache/hosted/pub.dev/flutter_openssl_crypto-0.5.0/android/src/debug/resources', not found
[        ] Caching disabled for task ':flutter_openssl_crypto:processDebugJavaRes' because:
[        ]   Build cache is disabled
[        ]   Caching has been disabled for the task
[        ] Skipping task ':flutter_openssl_crypto:processDebugJavaRes' as it is up-to-date.
[        ] work action resolve out (project :flutter_openssl_crypto) (Thread[#38531,Execution worker Thread 9,5,main]) started.
[        ] Resolve mutations for :integration_test:processDebugJavaRes (Thread[#38531,Execution worker Thread 9,5,main]) started.
[        ] :integration_test:processDebugJavaRes (Thread[#38531,Execution worker Thread 9,5,main]) started.
[        ] > Task :integration_test:processDebugJavaRes NO-SOURCE
[        ] file or directory '/opt/homebrew/share/flutter/packages/integration_test/android/src/main/resources', not found
[        ] file or directory '/opt/homebrew/share/flutter/packages/integration_test/android/src/debug/resources', not found
[        ] Skipping task ':integration_test:processDebugJavaRes' as it has no source files and no previous output files.
[        ] work action resolve out (project :integration_test) (Thread[#38531,Execution worker Thread 9,5,main]) started.
[        ] Resolve mutations for :path_provider_android:processDebugJavaRes (Thread[#38531,Execution worker Thread 9,5,main]) started.
[        ] :path_provider_android:processDebugJavaRes (Thread[#38531,Execution worker Thread 9,5,main]) started.
[        ] > Task :path_provider_android:processDebugJavaRes NO-SOURCE
[        ] file or directory '/Users/florian/.pub-cache/hosted/pub.dev/path_provider_android-2.2.22/android/src/main/resources', not found
[        ] file or directory '/Users/florian/.pub-cache/hosted/pub.dev/path_provider_android-2.2.22/android/src/debug/resources', not found
[        ] Skipping task ':path_provider_android:processDebugJavaRes' as it has no source files and no previous output files.
[        ] work action resolve out (project :path_provider_android) (Thread[#38531,Execution worker Thread 9,5,main]) started.
[        ] Resolve mutations for :quill_native_bridge_android:processDebugJavaRes (Thread[#38531,Execution worker Thread 9,5,main]) started.
[        ] :quill_native_bridge_android:processDebugJavaRes (Thread[#38531,Execution worker Thread 9,5,main]) started.
[        ] > Task :quill_native_bridge_android:processDebugJavaRes UP-TO-DATE
[        ] file or directory '/Users/florian/.pub-cache/hosted/pub.dev/quill_native_bridge_android-0.0.1+2/android/src/main/resources', not found
[        ] file or directory '/Users/florian/.pub-cache/hosted/pub.dev/quill_native_bridge_android-0.0.1+2/android/src/debug/resources', not found
[        ] file or directory '/Users/florian/.pub-cache/hosted/pub.dev/quill_native_bridge_android-0.0.1+2/android/src/main/resources', not found
[        ] file or directory '/Users/florian/.pub-cache/hosted/pub.dev/quill_native_bridge_android-0.0.1+2/android/src/debug/resources', not found
[        ] Caching disabled for task ':quill_native_bridge_android:processDebugJavaRes' because:
[        ]   Build cache is disabled
[        ]   Caching has been disabled for the task
[        ] Skipping task ':quill_native_bridge_android:processDebugJavaRes' as it is up-to-date.
[        ] work action resolve out (project :quill_native_bridge_android) (Thread[#38531,Execution worker Thread 9,5,main]) started.
[        ] Resolve mutations for :shared_preferences_android:processDebugJavaRes (Thread[#38531,Execution worker Thread 9,5,main]) started.
[        ] :shared_preferences_android:processDebugJavaRes (Thread[#38531,Execution worker Thread 9,5,main]) started.
[        ] > Task :shared_preferences_android:processDebugJavaRes UP-TO-DATE
[        ] file or directory '/Users/florian/.pub-cache/hosted/pub.dev/shared_preferences_android-2.4.20/android/src/main/resources', not found
[        ] file or directory '/Users/florian/.pub-cache/hosted/pub.dev/shared_preferences_android-2.4.20/android/src/debug/resources', not found
[        ] file or directory '/Users/florian/.pub-cache/hosted/pub.dev/shared_preferences_android-2.4.20/android/src/main/resources', not found
[        ] file or directory '/Users/florian/.pub-cache/hosted/pub.dev/shared_preferences_android-2.4.20/android/src/debug/resources', not found
[        ] Caching disabled for task ':shared_preferences_android:processDebugJavaRes' because:
[        ]   Build cache is disabled
[        ]   Caching has been disabled for the task
[        ] Skipping task ':shared_preferences_android:processDebugJavaRes' as it is up-to-date.
[        ] work action resolve out (project :shared_preferences_android) (Thread[#38531,Execution worker Thread 9,5,main]) started.
[        ] Resolve mutations for :sqflite_android:processDebugJavaRes (Thread[#38531,Execution worker Thread 9,5,main]) started.
[        ] :sqflite_android:processDebugJavaRes (Thread[#38531,Execution worker Thread 9,5,main]) started.
[        ] > Task :sqflite_android:processDebugJavaRes NO-SOURCE
[        ] file or directory '/Users/florian/.pub-cache/hosted/pub.dev/sqflite_android-2.4.2+2/android/src/main/resources', not found
[        ] file or directory '/Users/florian/.pub-cache/hosted/pub.dev/sqflite_android-2.4.2+2/android/src/debug/resources', not found
[        ] Skipping task ':sqflite_android:processDebugJavaRes' as it has no source files and no previous output files.
[        ] work action resolve out (project :sqflite_android) (Thread[#38531,Execution worker Thread 9,5,main]) started.
[        ] Resolve mutations for :url_launcher_android:processDebugJavaRes (Thread[#38531,Execution worker Thread 9,5,main]) started.
[        ] :url_launcher_android:processDebugJavaRes (Thread[#38531,Execution worker Thread 9,5,main]) started.
[        ] > Task :url_launcher_android:processDebugJavaRes NO-SOURCE
[        ] file or directory '/Users/florian/.pub-cache/hosted/pub.dev/url_launcher_android-6.3.28/android/src/main/resources', not found
[        ] file or directory '/Users/florian/.pub-cache/hosted/pub.dev/url_launcher_android-6.3.28/android/src/debug/resources', not found
[        ] Skipping task ':url_launcher_android:processDebugJavaRes' as it has no source files and no previous output files.
[        ] work action resolve out (project :url_launcher_android) (Thread[#38531,Execution worker Thread 9,5,main]) started.
[        ] Resolve mutations for :video_player_android:processDebugJavaRes (Thread[#38531,Execution worker Thread 9,5,main]) started.
[        ] :video_player_android:processDebugJavaRes (Thread[#38531,Execution worker Thread 9,5,main]) started.
[        ] > Task :video_player_android:processDebugJavaRes UP-TO-DATE
[        ] file or directory '/Users/florian/.pub-cache/hosted/pub.dev/video_player_android-2.9.1/android/src/main/resources', not found
[        ] file or directory '/Users/florian/.pub-cache/hosted/pub.dev/video_player_android-2.9.1/android/src/debug/resources', not found
[        ] file or directory '/Users/florian/.pub-cache/hosted/pub.dev/video_player_android-2.9.1/android/src/main/resources', not found
[        ] file or directory '/Users/florian/.pub-cache/hosted/pub.dev/video_player_android-2.9.1/android/src/debug/resources', not found
[        ] Caching disabled for task ':video_player_android:processDebugJavaRes' because:
[        ]   Build cache is disabled
[        ]   Caching has been disabled for the task
[        ] Skipping task ':video_player_android:processDebugJavaRes' as it is up-to-date.
[        ] work action resolve out (project :video_player_android) (Thread[#38531,Execution worker Thread 9,5,main]) started.
[        ] Resolve mutations for :app:mergeDebugJavaResource (Thread[#38531,Execution worker Thread 9,5,main]) started.
[        ] :app:mergeDebugJavaResource (Thread[#38531,Execution worker Thread 9,5,main]) started.
[        ] > Task :app:mergeDebugJavaResource UP-TO-DATE
[        ] Caching disabled for task ':app:mergeDebugJavaResource' because:
[        ]   Build cache is disabled
[        ]   Caching has been disabled for the task
[        ] Skipping task ':app:mergeDebugJavaResource' as it is up-to-date.
[        ] Resolve mutations for :app:checkDebugDuplicateClasses (Thread[#38531,Execution worker Thread 9,5,main]) started.
[        ] :app:checkDebugDuplicateClasses (Thread[#38531,Execution worker Thread 9,5,main]) started.
[        ] > Task :app:checkDebugDuplicateClasses UP-TO-DATE
[        ] Caching disabled for task ':app:checkDebugDuplicateClasses' because:
[        ]   Build cache is disabled
[        ]   Caching has been disabled for the task
[        ] Skipping task ':app:checkDebugDuplicateClasses' as it is up-to-date.
[        ] Resolve mutations for :app:desugarDebugFileDependencies (Thread[#38531,Execution worker Thread 9,5,main]) started.
[        ] :app:desugarDebugFileDependencies (Thread[#38531,Execution worker Thread 9,5,main]) started.
[        ] > Task :app:desugarDebugFileDependencies UP-TO-DATE
[        ] Caching disabled for task ':app:desugarDebugFileDependencies' because:
[        ]   Build cache is disabled
[        ] Skipping task ':app:desugarDebugFileDependencies' as it is up-to-date.
[        ] Resolve mutations for :app:mergeExtDexDebug (Thread[#38531,Execution worker Thread 9,5,main]) started.
[        ] :app:mergeExtDexDebug (Thread[#38531,Execution worker Thread 9,5,main]) started.
[        ] > Task :app:mergeExtDexDebug UP-TO-DATE
[        ] Caching disabled for task ':app:mergeExtDexDebug' because:
[        ]   Build cache is disabled
[        ] Skipping task ':app:mergeExtDexDebug' as it is up-to-date.
[        ] Resolve mutations for :connectivity_plus:bundleLibRuntimeToDirDebug (Thread[#38531,Execution worker Thread 9,5,main]) started.
[        ] :connectivity_plus:bundleLibRuntimeToDirDebug (Thread[#38531,Execution worker Thread 9,5,main]) started.
[        ] > Task :connectivity_plus:bundleLibRuntimeToDirDebug UP-TO-DATE
[        ] Caching disabled for task ':connectivity_plus:bundleLibRuntimeToDirDebug' because:
[        ]   Build cache is disabled
[        ]   Simple merging task
[        ] Skipping task ':connectivity_plus:bundleLibRuntimeToDirDebug' as it is up-to-date.
[        ] work action resolve bundleLibRuntimeToDirDebug (project :connectivity_plus) (Thread[#38531,Execution worker Thread 9,5,main]) started.
[        ] ClassesDirToClassesTransform (Thread[#38531,Execution worker Thread 9,5,main]) started.
[        ] Resolve mutations for :emoji_picker_flutter:bundleLibRuntimeToDirDebug (Thread[#38551,Execution worker Thread 28,5,main]) started.
[        ] :emoji_picker_flutter:bundleLibRuntimeToDirDebug (Thread[#38551,Execution worker Thread 28,5,main]) started.
[        ] DexingNoClasspathTransform (Thread[#38531,Execution worker Thread 9,5,main]) started.
[        ] > Task :emoji_picker_flutter:bundleLibRuntimeToDirDebug UP-TO-DATE
[        ] Caching disabled for task ':emoji_picker_flutter:bundleLibRuntimeToDirDebug' because:
[        ]   Build cache is disabled
[        ]   Simple merging task
[        ] Skipping task ':emoji_picker_flutter:bundleLibRuntimeToDirDebug' as it is up-to-date.
[        ] work action resolve bundleLibRuntimeToDirDebug (project :emoji_picker_flutter) (Thread[#38551,Execution worker Thread 28,5,main]) started.
[        ] ClassesDirToClassesTransform (Thread[#38551,Execution worker Thread 28,5,main]) started.
[        ] Resolve mutations for :file_selector_android:bundleLibRuntimeToDirDebug (Thread[#38544,Execution worker Thread 21,5,main]) started.
[        ] :file_selector_android:bundleLibRuntimeToDirDebug (Thread[#38544,Execution worker Thread 21,5,main]) started.
[        ] DexingNoClasspathTransform (Thread[#38551,Execution worker Thread 28,5,main]) started.
[        ] > Transform bundleLibRuntimeToDirDebug (project :connectivity_plus) with DexingNoClasspathTransform
[        ] Caching disabled for DexingNoClasspathTransform: /Users/florian/Code/substitution/build/connectivity_plus/intermediates/runtime_library_classes_dir/debug/bundleLibRuntimeToDirDebug because:
[        ]   Build cache is disabled
[        ] Skipping DexingNoClasspathTransform: /Users/florian/Code/substitution/build/connectivity_plus/intermediates/runtime_library_classes_dir/debug/bundleLibRuntimeToDirDebug as it is up-to-date.
[        ] > Transform bundleLibRuntimeToDirDebug (project :emoji_picker_flutter) with DexingNoClasspathTransform
[        ] Caching disabled for DexingNoClasspathTransform: /Users/florian/Code/substitution/build/emoji_picker_flutter/intermediates/runtime_library_classes_dir/debug/bundleLibRuntimeToDirDebug because:
[        ]   Build cache is disabled
[        ] Skipping DexingNoClasspathTransform: /Users/florian/Code/substitution/build/emoji_picker_flutter/intermediates/runtime_library_classes_dir/debug/bundleLibRuntimeToDirDebug as it is up-to-date.
[        ] > Task :file_selector_android:bundleLibRuntimeToDirDebug UP-TO-DATE
[        ] Caching disabled for task ':file_selector_android:bundleLibRuntimeToDirDebug' because:
[        ]   Build cache is disabled
[        ]   Simple merging task
[        ] Skipping task ':file_selector_android:bundleLibRuntimeToDirDebug' as it is up-to-date.
[        ] work action resolve bundleLibRuntimeToDirDebug (project :file_selector_android) (Thread[#38544,Execution worker Thread 21,5,main]) started.
[        ] ClassesDirToClassesTransform (Thread[#38544,Execution worker Thread 21,5,main]) started.
[        ] Resolve mutations for :flutter_keyboard_visibility_temp_fork:bundleLibRuntimeToDirDebug (Thread[#38538,Execution worker Thread 15,5,main]) started.
[        ] :flutter_keyboard_visibility_temp_fork:bundleLibRuntimeToDirDebug (Thread[#38538,Execution worker Thread 15,5,main]) started.
[        ] DexingNoClasspathTransform (Thread[#38544,Execution worker Thread 21,5,main]) started.
[        ] > Task :flutter_keyboard_visibility_temp_fork:bundleLibRuntimeToDirDebug UP-TO-DATE
[        ] Caching disabled for task ':flutter_keyboard_visibility_temp_fork:bundleLibRuntimeToDirDebug' because:
[        ]   Build cache is disabled
[        ]   Simple merging task
[        ] Skipping task ':flutter_keyboard_visibility_temp_fork:bundleLibRuntimeToDirDebug' as it is up-to-date.
[        ] work action resolve bundleLibRuntimeToDirDebug (project :flutter_keyboard_visibility_temp_fork) (Thread[#38538,Execution worker Thread 15,5,main]) started.
[        ] ClassesDirToClassesTransform (Thread[#38538,Execution worker Thread 15,5,main]) started.
[        ] Resolve mutations for :flutter_native_splash:bundleLibRuntimeToDirDebug (Thread[#38552,Execution worker Thread 29,5,main]) started.
[        ] :flutter_native_splash:bundleLibRuntimeToDirDebug (Thread[#38552,Execution worker Thread 29,5,main]) started.
[        ] DexingNoClasspathTransform (Thread[#38538,Execution worker Thread 15,5,main]) started.
[        ] > Transform bundleLibRuntimeToDirDebug (project :file_selector_android) with DexingNoClasspathTransform
[        ] Caching disabled for DexingNoClasspathTransform: /Users/florian/Code/substitution/build/file_selector_android/intermediates/runtime_library_classes_dir/debug/bundleLibRuntimeToDirDebug because:
[        ]   Build cache is disabled
[        ] Skipping DexingNoClasspathTransform: /Users/florian/Code/substitution/build/file_selector_android/intermediates/runtime_library_classes_dir/debug/bundleLibRuntimeToDirDebug as it is up-to-date.
[        ] > Task :flutter_native_splash:bundleLibRuntimeToDirDebug UP-TO-DATE
[        ] Caching disabled for task ':flutter_native_splash:bundleLibRuntimeToDirDebug' because:
[        ]   Build cache is disabled
[        ]   Simple merging task
[        ] Skipping task ':flutter_native_splash:bundleLibRuntimeToDirDebug' as it is up-to-date.
[        ] work action resolve bundleLibRuntimeToDirDebug (project :flutter_native_splash) (Thread[#38552,Execution worker Thread 29,5,main]) started.
[        ] ClassesDirToClassesTransform (Thread[#38552,Execution worker Thread 29,5,main]) started.
[        ] Resolve mutations for :flutter_olm:bundleLibRuntimeToDirDebug (Thread[#38545,Execution worker Thread 22,5,main]) started.
[        ] > Transform bundleLibRuntimeToDirDebug (project :flutter_keyboard_visibility_temp_fork) with DexingNoClasspathTransform
[        ] Caching disabled for DexingNoClasspathTransform: /Users/florian/Code/substitution/build/flutter_keyboard_visibility_temp_fork/intermediates/runtime_library_classes_dir/debug/bundleLibRuntimeToDirDebug because:
[        ]   Build cache is disabled
[        ] Skipping DexingNoClasspathTransform: /Users/florian/Code/substitution/build/flutter_keyboard_visibility_temp_fork/intermediates/runtime_library_classes_dir/debug/bundleLibRuntimeToDirDebug as it is up-to-date.
[        ] DexingNoClasspathTransform (Thread[#38552,Execution worker Thread 29,5,main]) started.
[        ] :flutter_olm:bundleLibRuntimeToDirDebug (Thread[#38545,Execution worker Thread 22,5,main]) started.
[        ] > Transform bundleLibRuntimeToDirDebug (project :flutter_native_splash) with DexingNoClasspathTransform
[        ] Caching disabled for DexingNoClasspathTransform: /Users/florian/Code/substitution/build/flutter_native_splash/intermediates/runtime_library_classes_dir/debug/bundleLibRuntimeToDirDebug because:
[        ]   Build cache is disabled
[        ] Skipping DexingNoClasspathTransform: /Users/florian/Code/substitution/build/flutter_native_splash/intermediates/runtime_library_classes_dir/debug/bundleLibRuntimeToDirDebug as it is up-to-date.
[        ] > Task :flutter_olm:bundleLibRuntimeToDirDebug UP-TO-DATE
[        ] Caching disabled for task ':flutter_olm:bundleLibRuntimeToDirDebug' because:
[        ]   Build cache is disabled
[        ]   Simple merging task
[        ] Skipping task ':flutter_olm:bundleLibRuntimeToDirDebug' as it is up-to-date.
[        ] work action resolve bundleLibRuntimeToDirDebug (project :flutter_olm) (Thread[#38545,Execution worker Thread 22,5,main]) started.
[        ] ClassesDirToClassesTransform (Thread[#38545,Execution worker Thread 22,5,main]) started.
[        ] Resolve mutations for :flutter_openssl_crypto:bundleLibRuntimeToDirDebug (Thread[#38539,Execution worker Thread 16,5,main]) started.
[        ] DexingNoClasspathTransform (Thread[#38545,Execution worker Thread 22,5,main]) started.
[        ] :flutter_openssl_crypto:bundleLibRuntimeToDirDebug (Thread[#38539,Execution worker Thread 16,5,main]) started.
[        ] > Transform bundleLibRuntimeToDirDebug (project :flutter_olm) with DexingNoClasspathTransform
[        ] Caching disabled for DexingNoClasspathTransform: /Users/florian/Code/substitution/build/flutter_olm/intermediates/runtime_library_classes_dir/debug/bundleLibRuntimeToDirDebug because:
[        ]   Build cache is disabled
[        ] Skipping DexingNoClasspathTransform: /Users/florian/Code/substitution/build/flutter_olm/intermediates/runtime_library_classes_dir/debug/bundleLibRuntimeToDirDebug as it is up-to-date.
[        ] > Task :flutter_openssl_crypto:bundleLibRuntimeToDirDebug UP-TO-DATE
[        ] Caching disabled for task ':flutter_openssl_crypto:bundleLibRuntimeToDirDebug' because:
[        ]   Build cache is disabled
[        ]   Simple merging task
[        ] Skipping task ':flutter_openssl_crypto:bundleLibRuntimeToDirDebug' as it is up-to-date.
[        ] work action resolve bundleLibRuntimeToDirDebug (project :flutter_openssl_crypto) (Thread[#38539,Execution worker Thread 16,5,main]) started.
[        ] ClassesDirToClassesTransform (Thread[#38539,Execution worker Thread 16,5,main]) started.
[        ] Resolve mutations for :integration_test:bundleLibRuntimeToDirDebug (Thread[#38524,Execution worker Thread 2,5,main]) started.
[        ] :integration_test:bundleLibRuntimeToDirDebug (Thread[#38553,Execution worker Thread 30,5,main]) started.
[        ] DexingNoClasspathTransform (Thread[#38539,Execution worker Thread 16,5,main]) started.
[        ] > Task :integration_test:bundleLibRuntimeToDirDebug UP-TO-DATE
[        ] Caching disabled for task ':integration_test:bundleLibRuntimeToDirDebug' because:
[        ]   Build cache is disabled
[        ]   Simple merging task
[        ] Skipping task ':integration_test:bundleLibRuntimeToDirDebug' as it is up-to-date.
[        ] work action resolve bundleLibRuntimeToDirDebug (project :integration_test) (Thread[#38553,Execution worker Thread 30,5,main]) started.
[        ] ClassesDirToClassesTransform (Thread[#38553,Execution worker Thread 30,5,main]) started.
[        ] Resolve mutations for :path_provider_android:bundleLibRuntimeToDirDebug (Thread[#38545,Execution worker Thread 22,5,main]) started.
[        ] DexingNoClasspathTransform (Thread[#38553,Execution worker Thread 30,5,main]) started.
[        ] :path_provider_android:bundleLibRuntimeToDirDebug (Thread[#38545,Execution worker Thread 22,5,main]) started.
[        ] > Transform bundleLibRuntimeToDirDebug (project :flutter_openssl_crypto) with DexingNoClasspathTransform
[        ] Caching disabled for DexingNoClasspathTransform: /Users/florian/Code/substitution/build/flutter_openssl_crypto/intermediates/runtime_library_classes_dir/debug/bundleLibRuntimeToDirDebug because:
[        ]   Build cache is disabled
[        ] Skipping DexingNoClasspathTransform: /Users/florian/Code/substitution/build/flutter_openssl_crypto/intermediates/runtime_library_classes_dir/debug/bundleLibRuntimeToDirDebug as it is up-to-date.
[        ] > Task :path_provider_android:bundleLibRuntimeToDirDebug UP-TO-DATE
[        ] Caching disabled for task ':path_provider_android:bundleLibRuntimeToDirDebug' because:
[        ]   Build cache is disabled
[        ]   Simple merging task
[        ] Skipping task ':path_provider_android:bundleLibRuntimeToDirDebug' as it is up-to-date.
[        ] work action resolve bundleLibRuntimeToDirDebug (project :path_provider_android) (Thread[#38545,Execution worker Thread 22,5,main]) started.
[        ] ClassesDirToClassesTransform (Thread[#38545,Execution worker Thread 22,5,main]) started.
[        ] Resolve mutations for :quill_native_bridge_android:bundleLibRuntimeToDirDebug (Thread[#38529,Execution worker Thread 7,5,main]) started.
[        ] > Transform bundleLibRuntimeToDirDebug (project :integration_test) with DexingNoClasspathTransform
[        ] Caching disabled for DexingNoClasspathTransform: /Users/florian/Code/substitution/build/integration_test/intermediates/runtime_library_classes_dir/debug/bundleLibRuntimeToDirDebug because:
[        ]   Build cache is disabled
[        ] Skipping DexingNoClasspathTransform: /Users/florian/Code/substitution/build/integration_test/intermediates/runtime_library_classes_dir/debug/bundleLibRuntimeToDirDebug as it is up-to-date.
[        ] :quill_native_bridge_android:bundleLibRuntimeToDirDebug (Thread[#38529,Execution worker Thread 7,5,main]) started.
[        ] DexingNoClasspathTransform (Thread[#38545,Execution worker Thread 22,5,main]) started.
[        ] > Transform bundleLibRuntimeToDirDebug (project :path_provider_android) with DexingNoClasspathTransform
[        ] Caching disabled for DexingNoClasspathTransform: /Users/florian/Code/substitution/build/path_provider_android/intermediates/runtime_library_classes_dir/debug/bundleLibRuntimeToDirDebug because:
[        ]   Build cache is disabled
[        ] Skipping DexingNoClasspathTransform: /Users/florian/Code/substitution/build/path_provider_android/intermediates/runtime_library_classes_dir/debug/bundleLibRuntimeToDirDebug as it is up-to-date.
[        ] > Task :quill_native_bridge_android:bundleLibRuntimeToDirDebug UP-TO-DATE
[        ] Caching disabled for task ':quill_native_bridge_android:bundleLibRuntimeToDirDebug' because:
[        ]   Build cache is disabled
[        ]   Simple merging task
[        ] Skipping task ':quill_native_bridge_android:bundleLibRuntimeToDirDebug' as it is up-to-date.
[        ] work action resolve bundleLibRuntimeToDirDebug (project :quill_native_bridge_android) (Thread[#38529,Execution worker Thread 7,5,main]) started.
[        ] ClassesDirToClassesTransform (Thread[#38529,Execution worker Thread 7,5,main]) started.
[        ] Resolve mutations for :shared_preferences_android:bundleLibRuntimeToDirDebug (Thread[#38525,Execution worker Thread 3,5,main]) started.
[        ] DexingNoClasspathTransform (Thread[#38525,Execution worker Thread 3,5,main]) started.
[        ] :shared_preferences_android:bundleLibRuntimeToDirDebug (Thread[#38529,Execution worker Thread 7,5,main]) started.
[        ] > Transform bundleLibRuntimeToDirDebug (project :quill_native_bridge_android) with DexingNoClasspathTransform
[        ] Caching disabled for DexingNoClasspathTransform: /Users/florian/Code/substitution/build/quill_native_bridge_android/intermediates/runtime_library_classes_dir/debug/bundleLibRuntimeToDirDebug because:
[        ]   Build cache is disabled
[        ] Skipping DexingNoClasspathTransform: /Users/florian/Code/substitution/build/quill_native_bridge_android/intermediates/runtime_library_classes_dir/debug/bundleLibRuntimeToDirDebug as it is up-to-date.
[        ] > Task :shared_preferences_android:bundleLibRuntimeToDirDebug UP-TO-DATE
[        ] Caching disabled for task ':shared_preferences_android:bundleLibRuntimeToDirDebug' because:
[        ]   Build cache is disabled
[        ]   Simple merging task
[        ] Skipping task ':shared_preferences_android:bundleLibRuntimeToDirDebug' as it is up-to-date.
[        ] work action resolve bundleLibRuntimeToDirDebug (project :shared_preferences_android) (Thread[#38529,Execution worker Thread 7,5,main]) started.
[        ] ClassesDirToClassesTransform (Thread[#38529,Execution worker Thread 7,5,main]) started.
[        ] Resolve mutations for :sqflite_android:bundleLibRuntimeToDirDebug (Thread[#38530,Execution worker Thread 8,5,main]) started.
[        ] :sqflite_android:bundleLibRuntimeToDirDebug (Thread[#38530,Execution worker Thread 8,5,main]) started.
[        ] DexingNoClasspathTransform (Thread[#38529,Execution worker Thread 7,5,main]) started.
[        ] > Task :sqflite_android:bundleLibRuntimeToDirDebug UP-TO-DATE
[        ] Caching disabled for task ':sqflite_android:bundleLibRuntimeToDirDebug' because:
[        ]   Build cache is disabled
[        ]   Simple merging task
[        ] Skipping task ':sqflite_android:bundleLibRuntimeToDirDebug' as it is up-to-date.
[        ] work action resolve bundleLibRuntimeToDirDebug (project :sqflite_android) (Thread[#38530,Execution worker Thread 8,5,main]) started.
[        ] ClassesDirToClassesTransform (Thread[#38530,Execution worker Thread 8,5,main]) started.
[        ] Resolve mutations for :url_launcher_android:bundleLibRuntimeToDirDebug (Thread[#38524,Execution worker Thread 2,5,main]) started.
[        ] :url_launcher_android:bundleLibRuntimeToDirDebug (Thread[#38524,Execution worker Thread 2,5,main]) started.
[        ] DexingNoClasspathTransform (Thread[#38530,Execution worker Thread 8,5,main]) started.
[        ] > Transform bundleLibRuntimeToDirDebug (project :shared_preferences_android) with DexingNoClasspathTransform
[        ] Caching disabled for DexingNoClasspathTransform: /Users/florian/Code/substitution/build/shared_preferences_android/intermediates/runtime_library_classes_dir/debug/bundleLibRuntimeToDirDebug because:
[        ]   Build cache is disabled
[        ] Skipping DexingNoClasspathTransform: /Users/florian/Code/substitution/build/shared_preferences_android/intermediates/runtime_library_classes_dir/debug/bundleLibRuntimeToDirDebug as it is up-to-date.
[        ] > Task :url_launcher_android:bundleLibRuntimeToDirDebug UP-TO-DATE
[        ] Caching disabled for task ':url_launcher_android:bundleLibRuntimeToDirDebug' because:
[        ]   Build cache is disabled
[        ]   Simple merging task
[        ] Skipping task ':url_launcher_android:bundleLibRuntimeToDirDebug' as it is up-to-date.
[        ] work action resolve bundleLibRuntimeToDirDebug (project :url_launcher_android) (Thread[#38524,Execution worker Thread 2,5,main]) started.
[        ] ClassesDirToClassesTransform (Thread[#38524,Execution worker Thread 2,5,main]) started.
[        ] Resolve mutations for :video_player_android:bundleLibRuntimeToDirDebug (Thread[#38527,Execution worker Thread 5,5,main]) started.
[        ] > Transform bundleLibRuntimeToDirDebug (project :sqflite_android) with DexingNoClasspathTransform
[        ] Caching disabled for DexingNoClasspathTransform: /Users/florian/Code/substitution/build/sqflite_android/intermediates/runtime_library_classes_dir/debug/bundleLibRuntimeToDirDebug because:
[        ]   Build cache is disabled
[        ] Skipping DexingNoClasspathTransform: /Users/florian/Code/substitution/build/sqflite_android/intermediates/runtime_library_classes_dir/debug/bundleLibRuntimeToDirDebug as it is up-to-date.
[        ] DexingNoClasspathTransform (Thread[#38524,Execution worker Thread 2,5,main]) started.
[        ] :video_player_android:bundleLibRuntimeToDirDebug (Thread[#38527,Execution worker Thread 5,5,main]) started.
[        ] > Transform bundleLibRuntimeToDirDebug (project :url_launcher_android) with DexingNoClasspathTransform
[        ] Caching disabled for DexingNoClasspathTransform: /Users/florian/Code/substitution/build/url_launcher_android/intermediates/runtime_library_classes_dir/debug/bundleLibRuntimeToDirDebug because:
[        ]   Build cache is disabled
[        ] Skipping DexingNoClasspathTransform: /Users/florian/Code/substitution/build/url_launcher_android/intermediates/runtime_library_classes_dir/debug/bundleLibRuntimeToDirDebug as it is up-to-date.
[        ] > Task :video_player_android:bundleLibRuntimeToDirDebug UP-TO-DATE
[        ] Caching disabled for task ':video_player_android:bundleLibRuntimeToDirDebug' because:
[        ]   Build cache is disabled
[        ]   Simple merging task
[        ] Skipping task ':video_player_android:bundleLibRuntimeToDirDebug' as it is up-to-date.
[        ] work action resolve bundleLibRuntimeToDirDebug (project :video_player_android) (Thread[#38527,Execution worker Thread 5,5,main]) started.
[        ] ClassesDirToClassesTransform (Thread[#38527,Execution worker Thread 5,5,main]) started.
[        ] Resolve mutations for :app:dexBuilderDebug (Thread[#38524,Execution worker Thread 2,5,main]) started.
[        ] DexingNoClasspathTransform (Thread[#38527,Execution worker Thread 5,5,main]) started.
[        ] :app:dexBuilderDebug (Thread[#38524,Execution worker Thread 2,5,main]) started.
[        ] > Transform bundleLibRuntimeToDirDebug (project :video_player_android) with DexingNoClasspathTransform
[        ] Caching disabled for DexingNoClasspathTransform: /Users/florian/Code/substitution/build/video_player_android/intermediates/runtime_library_classes_dir/debug/bundleLibRuntimeToDirDebug because:
[        ]   Build cache is disabled
[        ] Skipping DexingNoClasspathTransform: /Users/florian/Code/substitution/build/video_player_android/intermediates/runtime_library_classes_dir/debug/bundleLibRuntimeToDirDebug as it is up-to-date.
[        ] > Task :app:dexBuilderDebug UP-TO-DATE
[        ] Caching disabled for task ':app:dexBuilderDebug' because:
[        ]   Build cache is disabled
[        ] Skipping task ':app:dexBuilderDebug' as it is up-to-date.
[        ] Resolve mutations for :app:mergeLibDexDebug (Thread[#38524,Execution worker Thread 2,5,main]) started.
[        ] :app:mergeLibDexDebug (Thread[#38524,Execution worker Thread 2,5,main]) started.
[        ] > Task :app:mergeLibDexDebug UP-TO-DATE
[        ] Caching disabled for task ':app:mergeLibDexDebug' because:
[        ]   Build cache is disabled
[        ] Skipping task ':app:mergeLibDexDebug' as it is up-to-date.
[        ] Resolve mutations for :app:mergeProjectDexDebug (Thread[#38524,Execution worker Thread 2,5,main]) started.
[        ] :app:mergeProjectDexDebug (Thread[#38524,Execution worker Thread 2,5,main]) started.
[        ] > Task :app:mergeProjectDexDebug UP-TO-DATE
[        ] Caching disabled for task ':app:mergeProjectDexDebug' because:
[        ]   Build cache is disabled
[        ] Skipping task ':app:mergeProjectDexDebug' as it is up-to-date.
[        ] Resolve mutations for :app:configureCMakeDebug[arm64-v8a] (Thread[#38524,Execution worker Thread 2,5,main]) started.
[        ] :app:configureCMakeDebug[arm64-v8a] (Thread[#38524,Execution worker Thread 2,5,main]) started.
[        ] > Task :app:configureCMakeDebug[arm64-v8a]
[        ] Caching disabled for task ':app:configureCMakeDebug[arm64-v8a]' because:
[        ]   Build cache is disabled
[        ]   Caching has been disabled for the task
[        ] Task ':app:configureCMakeDebug[arm64-v8a]' is not up-to-date because:
[        ]   Task.upToDateWhen is false.
[        ] C/C++: /opt/homebrew/share/flutter/packages/flutter_tools/gradle/src/main/scripts/CMakeLists.txt debug|arm64-v8a : Start JSON generation. Platform version: 24 min SDK version: arm64-v8a
[        ] C/C++: /opt/homebrew/share/flutter/packages/flutter_tools/gradle/src/main/scripts/CMakeLists.txt debug|arm64-v8a : JSON '/Users/florian/Code/substitution/build/.cxx/debug/x6546535/arm64-v8a/android_gradle_build.json' was up-to-date
[        ] C/C++: /opt/homebrew/share/flutter/packages/flutter_tools/gradle/src/main/scripts/CMakeLists.txt debug|arm64-v8a : JSON generation completed without problems
[        ] C/C++: /opt/homebrew/share/flutter/packages/flutter_tools/gradle/src/main/scripts/CMakeLists.txt debug|arm64-v8a : Writing build model to /Users/florian/Code/substitution/build/app/intermediates/cxx/debug/x6546535/logs/arm64-v8a/build_model.json
[        ] Resolve mutations for :app:buildCMakeDebug[arm64-v8a] (Thread[#38524,Execution worker Thread 2,5,main]) started.
[        ] :app:buildCMakeDebug[arm64-v8a] (Thread[#38524,Execution worker Thread 2,5,main]) started.
[        ] > Task :app:buildCMakeDebug[arm64-v8a]
[        ] Caching disabled for task ':app:buildCMakeDebug[arm64-v8a]' because:
[        ]   Build cache is disabled
[        ]   Caching has been disabled for the task
[        ] Task ':app:buildCMakeDebug[arm64-v8a]' is not up-to-date because:
[        ]   Task.upToDateWhen is false.
[        ] C/C++: starting build
[        ] C/C++: reading expected JSONs
[        ] C/C++: done reading expected JSONs
[        ] C/C++: executing build commands for targets that produce .so files or executables
[        ] C/C++: evaluate miniconfig
[        ] C/C++: no libraries
[        ] Resolve mutations for :app:configureCMakeDebug[armeabi-v7a] (Thread[#38524,Execution worker Thread 2,5,main]) started.
[        ] :app:configureCMakeDebug[armeabi-v7a] (Thread[#38524,Execution worker Thread 2,5,main]) started.
[        ] > Task :app:configureCMakeDebug[armeabi-v7a]
[        ] Caching disabled for task ':app:configureCMakeDebug[armeabi-v7a]' because:
[        ]   Build cache is disabled
[        ]   Caching has been disabled for the task
[        ] Task ':app:configureCMakeDebug[armeabi-v7a]' is not up-to-date because:
[        ]   Task.upToDateWhen is false.
[        ] C/C++: /opt/homebrew/share/flutter/packages/flutter_tools/gradle/src/main/scripts/CMakeLists.txt debug|armeabi-v7a : Start JSON generation. Platform version: 24 min SDK version: armeabi-v7a
[        ] C/C++: /opt/homebrew/share/flutter/packages/flutter_tools/gradle/src/main/scripts/CMakeLists.txt debug|armeabi-v7a : JSON '/Users/florian/Code/substitution/build/.cxx/debug/x6546535/armeabi-v7a/android_gradle_build.json' was up-to-date
[        ] C/C++: /opt/homebrew/share/flutter/packages/flutter_tools/gradle/src/main/scripts/CMakeLists.txt debug|armeabi-v7a : JSON generation completed without problems
[        ] C/C++: /opt/homebrew/share/flutter/packages/flutter_tools/gradle/src/main/scripts/CMakeLists.txt debug|armeabi-v7a : Writing build model to /Users/florian/Code/substitution/build/app/intermediates/cxx/debug/x6546535/logs/armeabi-v7a/build_model.json
[        ] Resolve mutations for :app:buildCMakeDebug[armeabi-v7a] (Thread[#38524,Execution worker Thread 2,5,main]) started.
[        ] :app:buildCMakeDebug[armeabi-v7a] (Thread[#38524,Execution worker Thread 2,5,main]) started.
[        ] > Task :app:buildCMakeDebug[armeabi-v7a]
[        ] Caching disabled for task ':app:buildCMakeDebug[armeabi-v7a]' because:
[        ]   Build cache is disabled
[        ]   Caching has been disabled for the task
[        ] Task ':app:buildCMakeDebug[armeabi-v7a]' is not up-to-date because:
[        ]   Task.upToDateWhen is false.
[        ] C/C++: starting build
[        ] C/C++: reading expected JSONs
[        ] C/C++: done reading expected JSONs
[        ] C/C++: executing build commands for targets that produce .so files or executables
[        ] C/C++: evaluate miniconfig
[        ] C/C++: no libraries
[        ] Resolve mutations for :app:configureCMakeDebug[x86_64] (Thread[#38524,Execution worker Thread 2,5,main]) started.
[        ] :app:configureCMakeDebug[x86_64] (Thread[#38524,Execution worker Thread 2,5,main]) started.
[        ] > Task :app:configureCMakeDebug[x86_64]
[        ] Caching disabled for task ':app:configureCMakeDebug[x86_64]' because:
[        ]   Build cache is disabled
[        ]   Caching has been disabled for the task
[        ] Task ':app:configureCMakeDebug[x86_64]' is not up-to-date because:
[        ]   Task.upToDateWhen is false.
[        ] C/C++: /opt/homebrew/share/flutter/packages/flutter_tools/gradle/src/main/scripts/CMakeLists.txt debug|x86_64 : Start JSON generation. Platform version: 24 min SDK version: x86_64
[        ] C/C++: /opt/homebrew/share/flutter/packages/flutter_tools/gradle/src/main/scripts/CMakeLists.txt debug|x86_64 : JSON '/Users/florian/Code/substitution/build/.cxx/debug/x6546535/x86_64/android_gradle_build.json' was up-to-date
[        ] C/C++: /opt/homebrew/share/flutter/packages/flutter_tools/gradle/src/main/scripts/CMakeLists.txt debug|x86_64 : JSON generation completed without problems
[        ] C/C++: /opt/homebrew/share/flutter/packages/flutter_tools/gradle/src/main/scripts/CMakeLists.txt debug|x86_64 : Writing build model to /Users/florian/Code/substitution/build/app/intermediates/cxx/debug/x6546535/logs/x86_64/build_model.json
[        ] Resolve mutations for :app:buildCMakeDebug[x86_64] (Thread[#38524,Execution worker Thread 2,5,main]) started.
[        ] :app:buildCMakeDebug[x86_64] (Thread[#38524,Execution worker Thread 2,5,main]) started.
[        ] > Task :app:buildCMakeDebug[x86_64]
[        ] Caching disabled for task ':app:buildCMakeDebug[x86_64]' because:
[        ]   Build cache is disabled
[        ]   Caching has been disabled for the task
[        ] Task ':app:buildCMakeDebug[x86_64]' is not up-to-date because:
[        ]   Task.upToDateWhen is false.
[        ] C/C++: starting build
[        ] C/C++: reading expected JSONs
[        ] C/C++: done reading expected JSONs
[        ] C/C++: executing build commands for targets that produce .so files or executables
[        ] C/C++: evaluate miniconfig
[        ] C/C++: no libraries
[        ] Resolve mutations for :app:mergeDebugJniLibFolders (Thread[#38524,Execution worker Thread 2,5,main]) started.
[        ] :app:mergeDebugJniLibFolders (Thread[#38524,Execution worker Thread 2,5,main]) started.
[        ] > Task :app:mergeDebugJniLibFolders UP-TO-DATE
[        ] Caching disabled for task ':app:mergeDebugJniLibFolders' because:
[        ]   Build cache is disabled
[        ]   Simple merging task
[        ] Skipping task ':app:mergeDebugJniLibFolders' as it is up-to-date.
[        ] Resolve mutations for :connectivity_plus:mergeDebugJniLibFolders (Thread[#38524,Execution worker Thread 2,5,main]) started.
[        ] :connectivity_plus:mergeDebugJniLibFolders (Thread[#38524,Execution worker Thread 2,5,main]) started.
[        ] > Task :connectivity_plus:mergeDebugJniLibFolders UP-TO-DATE
[        ] Caching disabled for task ':connectivity_plus:mergeDebugJniLibFolders' because:
[        ]   Build cache is disabled
[        ]   Simple merging task
[        ] Skipping task ':connectivity_plus:mergeDebugJniLibFolders' as it is up-to-date.
[        ] Resolve mutations for :connectivity_plus:mergeDebugNativeLibs (Thread[#38524,Execution worker Thread 2,5,main]) started.
[        ] :connectivity_plus:mergeDebugNativeLibs (Thread[#38524,Execution worker Thread 2,5,main]) started.
[        ] > Task :connectivity_plus:mergeDebugNativeLibs NO-SOURCE
[        ] Skipping task ':connectivity_plus:mergeDebugNativeLibs' as it has no source files and no previous output files.
[        ] Resolve mutations for :connectivity_plus:copyDebugJniLibsProjectOnly (Thread[#38524,Execution worker Thread 2,5,main]) started.
[        ] :connectivity_plus:copyDebugJniLibsProjectOnly (Thread[#38524,Execution worker Thread 2,5,main]) started.
[        ] > Task :connectivity_plus:copyDebugJniLibsProjectOnly UP-TO-DATE
[        ] Caching disabled for task ':connectivity_plus:copyDebugJniLibsProjectOnly' because:
[        ]   Build cache is disabled
[        ]   Caching has been disabled for the task
[        ] Skipping task ':connectivity_plus:copyDebugJniLibsProjectOnly' as it is up-to-date.
[        ] work action resolve jni (project :connectivity_plus) (Thread[#38524,Execution worker Thread 2,5,main]) started.
[        ] Resolve mutations for :emoji_picker_flutter:mergeDebugJniLibFolders (Thread[#38524,Execution worker Thread 2,5,main]) started.
[        ] :emoji_picker_flutter:mergeDebugJniLibFolders (Thread[#38524,Execution worker Thread 2,5,main]) started.
[        ] > Task :emoji_picker_flutter:mergeDebugJniLibFolders UP-TO-DATE
[        ] Caching disabled for task ':emoji_picker_flutter:mergeDebugJniLibFolders' because:
[        ]   Build cache is disabled
[        ]   Simple merging task
[        ] Skipping task ':emoji_picker_flutter:mergeDebugJniLibFolders' as it is up-to-date.
[        ] Resolve mutations for :emoji_picker_flutter:mergeDebugNativeLibs (Thread[#38524,Execution worker Thread 2,5,main]) started.
[        ] :emoji_picker_flutter:mergeDebugNativeLibs (Thread[#38524,Execution worker Thread 2,5,main]) started.
[        ] > Task :emoji_picker_flutter:mergeDebugNativeLibs NO-SOURCE
[        ] Skipping task ':emoji_picker_flutter:mergeDebugNativeLibs' as it has no source files and no previous output files.
[        ] Resolve mutations for :emoji_picker_flutter:copyDebugJniLibsProjectOnly (Thread[#38524,Execution worker Thread 2,5,main]) started.
[        ] :emoji_picker_flutter:copyDebugJniLibsProjectOnly (Thread[#38524,Execution worker Thread 2,5,main]) started.
[        ] > Task :emoji_picker_flutter:copyDebugJniLibsProjectOnly UP-TO-DATE
[        ] Caching disabled for task ':emoji_picker_flutter:copyDebugJniLibsProjectOnly' because:
[        ]   Build cache is disabled
[        ]   Caching has been disabled for the task
[        ] Skipping task ':emoji_picker_flutter:copyDebugJniLibsProjectOnly' as it is up-to-date.
[        ] work action resolve jni (project :emoji_picker_flutter) (Thread[#38524,Execution worker Thread 2,5,main]) started.
[        ] Resolve mutations for :file_selector_android:mergeDebugJniLibFolders (Thread[#38524,Execution worker Thread 2,5,main]) started.
[        ] :file_selector_android:mergeDebugJniLibFolders (Thread[#38524,Execution worker Thread 2,5,main]) started.
[        ] > Task :file_selector_android:mergeDebugJniLibFolders UP-TO-DATE
[        ] Caching disabled for task ':file_selector_android:mergeDebugJniLibFolders' because:
[        ]   Build cache is disabled
[        ]   Simple merging task
[        ] Skipping task ':file_selector_android:mergeDebugJniLibFolders' as it is up-to-date.
[        ] Resolve mutations for :file_selector_android:mergeDebugNativeLibs (Thread[#38524,Execution worker Thread 2,5,main]) started.
[        ] :file_selector_android:mergeDebugNativeLibs (Thread[#38524,Execution worker Thread 2,5,main]) started.
[        ] > Task :file_selector_android:mergeDebugNativeLibs NO-SOURCE
[        ] Skipping task ':file_selector_android:mergeDebugNativeLibs' as it has no source files and no previous output files.
[        ] Resolve mutations for :file_selector_android:copyDebugJniLibsProjectOnly (Thread[#38524,Execution worker Thread 2,5,main]) started.
[        ] :file_selector_android:copyDebugJniLibsProjectOnly (Thread[#38524,Execution worker Thread 2,5,main]) started.
[        ] > Task :file_selector_android:copyDebugJniLibsProjectOnly UP-TO-DATE
[        ] Caching disabled for task ':file_selector_android:copyDebugJniLibsProjectOnly' because:
[        ]   Build cache is disabled
[        ]   Caching has been disabled for the task
[        ] Skipping task ':file_selector_android:copyDebugJniLibsProjectOnly' as it is up-to-date.
[        ] work action resolve jni (project :file_selector_android) (Thread[#38524,Execution worker Thread 2,5,main]) started.
[        ] Resolve mutations for :flutter_keyboard_visibility_temp_fork:mergeDebugJniLibFolders (Thread[#38524,Execution worker Thread 2,5,main]) started.
[        ] :flutter_keyboard_visibility_temp_fork:mergeDebugJniLibFolders (Thread[#38524,Execution worker Thread 2,5,main]) started.
[        ] > Task :flutter_keyboard_visibility_temp_fork:mergeDebugJniLibFolders UP-TO-DATE
[        ] Caching disabled for task ':flutter_keyboard_visibility_temp_fork:mergeDebugJniLibFolders' because:
[        ]   Build cache is disabled
[        ]   Simple merging task
[        ] Skipping task ':flutter_keyboard_visibility_temp_fork:mergeDebugJniLibFolders' as it is up-to-date.
[        ] Resolve mutations for :flutter_keyboard_visibility_temp_fork:mergeDebugNativeLibs (Thread[#38524,Execution worker Thread 2,5,main]) started.
[        ] :flutter_keyboard_visibility_temp_fork:mergeDebugNativeLibs (Thread[#38524,Execution worker Thread 2,5,main]) started.
[        ] > Task :flutter_keyboard_visibility_temp_fork:mergeDebugNativeLibs NO-SOURCE
[        ] Skipping task ':flutter_keyboard_visibility_temp_fork:mergeDebugNativeLibs' as it has no source files and no previous output files.
[        ] Resolve mutations for :flutter_keyboard_visibility_temp_fork:copyDebugJniLibsProjectOnly (Thread[#38524,Execution worker Thread 2,5,main]) started.
[        ] :flutter_keyboard_visibility_temp_fork:copyDebugJniLibsProjectOnly (Thread[#38524,Execution worker Thread 2,5,main]) started.
[        ] > Task :flutter_keyboard_visibility_temp_fork:copyDebugJniLibsProjectOnly UP-TO-DATE
[        ] Caching disabled for task ':flutter_keyboard_visibility_temp_fork:copyDebugJniLibsProjectOnly' because:
[        ]   Build cache is disabled
[        ]   Caching has been disabled for the task
[        ] Skipping task ':flutter_keyboard_visibility_temp_fork:copyDebugJniLibsProjectOnly' as it is up-to-date.
[        ] work action resolve jni (project :flutter_keyboard_visibility_temp_fork) (Thread[#38524,Execution worker Thread 2,5,main]) started.
[        ] Resolve mutations for :flutter_native_splash:mergeDebugJniLibFolders (Thread[#38524,Execution worker Thread 2,5,main]) started.
[        ] :flutter_native_splash:mergeDebugJniLibFolders (Thread[#38524,Execution worker Thread 2,5,main]) started.
[        ] > Task :flutter_native_splash:mergeDebugJniLibFolders UP-TO-DATE
[        ] Caching disabled for task ':flutter_native_splash:mergeDebugJniLibFolders' because:
[        ]   Build cache is disabled
[        ]   Simple merging task
[        ] Skipping task ':flutter_native_splash:mergeDebugJniLibFolders' as it is up-to-date.
[        ] Resolve mutations for :flutter_native_splash:mergeDebugNativeLibs (Thread[#38524,Execution worker Thread 2,5,main]) started.
[        ] :flutter_native_splash:mergeDebugNativeLibs (Thread[#38524,Execution worker Thread 2,5,main]) started.
[        ] > Task :flutter_native_splash:mergeDebugNativeLibs NO-SOURCE
[        ] Skipping task ':flutter_native_splash:mergeDebugNativeLibs' as it has no source files and no previous output files.
[        ] Resolve mutations for :flutter_native_splash:copyDebugJniLibsProjectOnly (Thread[#38524,Execution worker Thread 2,5,main]) started.
[        ] :flutter_native_splash:copyDebugJniLibsProjectOnly (Thread[#38524,Execution worker Thread 2,5,main]) started.
[        ] > Task :flutter_native_splash:copyDebugJniLibsProjectOnly UP-TO-DATE
[        ] Caching disabled for task ':flutter_native_splash:copyDebugJniLibsProjectOnly' because:
[        ]   Build cache is disabled
[        ]   Caching has been disabled for the task
[        ] Skipping task ':flutter_native_splash:copyDebugJniLibsProjectOnly' as it is up-to-date.
[        ] work action resolve jni (project :flutter_native_splash) (Thread[#38524,Execution worker Thread 2,5,main]) started.
[        ] Resolve mutations for :flutter_olm:preProfileBuild (Thread[#38524,Execution worker Thread 2,5,main]) started.
[        ] :flutter_olm:preProfileBuild (Thread[#38524,Execution worker Thread 2,5,main]) started.
[        ] > Task :flutter_olm:preProfileBuild UP-TO-DATE
[        ] Skipping task ':flutter_olm:preProfileBuild' as it has no actions.
[        ] Resolve mutations for :flutter_olm:configureCMakeDebug[arm64-v8a] (Thread[#38524,Execution worker Thread 2,5,main]) started.
[        ] :flutter_olm:configureCMakeDebug[arm64-v8a] (Thread[#38524,Execution worker Thread 2,5,main]) started.
[        ] > Task :flutter_olm:configureCMakeDebug[arm64-v8a]
[        ] Caching disabled for task ':flutter_olm:configureCMakeDebug[arm64-v8a]' because:
[        ]   Build cache is disabled
[        ]   Caching has been disabled for the task
[        ] Task ':flutter_olm:configureCMakeDebug[arm64-v8a]' is not up-to-date because:
[        ]   Task.upToDateWhen is false.
[        ] C/C++: /Users/florian/.pub-cache/hosted/pub.dev/flutter_olm-2.0.0/ios/CMakeLists.txt profile|arm64-v8a : Start JSON generation. Platform version: 21 min SDK version: arm64-v8a
[        ] C/C++: /Users/florian/.pub-cache/hosted/pub.dev/flutter_olm-2.0.0/ios/CMakeLists.txt profile|arm64-v8a : JSON '/Users/florian/.pub-cache/hosted/pub.dev/flutter_olm-2.0.0/android/.cxx/Debug/611a6669/arm64-v8a/android_gradle_build.json' was up-to-date
[        ] C/C++: /Users/florian/.pub-cache/hosted/pub.dev/flutter_olm-2.0.0/ios/CMakeLists.txt profile|arm64-v8a : JSON generation completed without problems
[        ] C/C++: /Users/florian/.pub-cache/hosted/pub.dev/flutter_olm-2.0.0/ios/CMakeLists.txt profile|arm64-v8a : Writing build model to /Users/florian/Code/substitution/build/flutter_olm/intermediates/cxx/Debug/611a6669/logs/arm64-v8a/build_model.json
[        ] Resolve mutations for :flutter_olm:buildCMakeDebug[arm64-v8a] (Thread[#38524,Execution worker Thread 2,5,main]) started.
[        ] :flutter_olm:buildCMakeDebug[arm64-v8a] (Thread[#38524,Execution worker Thread 2,5,main]) started.
[        ] > Task :flutter_olm:buildCMakeDebug[arm64-v8a]
[        ] Caching disabled for task ':flutter_olm:buildCMakeDebug[arm64-v8a]' because:
[        ]   Build cache is disabled
[        ]   Caching has been disabled for the task
[        ] Task ':flutter_olm:buildCMakeDebug[arm64-v8a]' is not up-to-date because:
[        ]   Task.upToDateWhen is false.
[        ] C/C++: starting build
[        ] C/C++: reading expected JSONs
[        ] C/C++: done reading expected JSONs
[        ] C/C++: executing build commands for targets that produce .so files or executables
[        ] C/C++: evaluate miniconfig
[        ] C/C++: evaluate library olm (arm64-v8a)
[        ] C/C++: building target library olm because no targets are specified.
[        ] C/C++: about to build targets olm
[        ] C/C++: Build olm
[        ] C/C++: /Users/florian/Library/Android/sdk/cmake/3.22.1/bin/ninja \
[        ]   -C \
[        ]   /Users/florian/.pub-cache/hosted/pub.dev/flutter_olm-2.0.0/android/.cxx/Debug/611a6669/arm64-v8a \
[        ]   olm
[        ] Starting process 'command '/Users/florian/Library/Android/sdk/cmake/3.22.1/bin/ninja''. Working directory: /Users/florian/.pub-cache/hosted/pub.dev/flutter_olm-2.0.0/android Command: /Users/florian/Library/Android/sdk/cmake/3.22.1/bin/ninja -C /Users/florian/.pub-cache/hosted/pub.dev/flutter_olm-2.0.0/android/.cxx/Debug/611a6669/arm64-v8a olm
[        ] Successfully started process 'command '/Users/florian/Library/Android/sdk/cmake/3.22.1/bin/ninja''
[        ] C/C++: Received process result: 0
[        ] C/C++: check expected build outputs
[        ] C/C++: build complete
[        ] Resolve mutations for :flutter_olm:configureCMakeDebug[armeabi-v7a] (Thread[#38524,Execution worker Thread 2,5,main]) started.
[        ] :flutter_olm:configureCMakeDebug[armeabi-v7a] (Thread[#38524,Execution worker Thread 2,5,main]) started.
[        ] > Task :flutter_olm:configureCMakeDebug[armeabi-v7a]
[        ] Caching disabled for task ':flutter_olm:configureCMakeDebug[armeabi-v7a]' because:
[        ]   Build cache is disabled
[        ]   Caching has been disabled for the task
[        ] Task ':flutter_olm:configureCMakeDebug[armeabi-v7a]' is not up-to-date because:
[        ]   Task.upToDateWhen is false.
[        ] C/C++: /Users/florian/.pub-cache/hosted/pub.dev/flutter_olm-2.0.0/ios/CMakeLists.txt profile|armeabi-v7a : Start JSON generation. Platform version: 21 min SDK version: armeabi-v7a
[        ] C/C++: /Users/florian/.pub-cache/hosted/pub.dev/flutter_olm-2.0.0/ios/CMakeLists.txt profile|armeabi-v7a : JSON '/Users/florian/.pub-cache/hosted/pub.dev/flutter_olm-2.0.0/android/.cxx/Debug/611a6669/armeabi-v7a/android_gradle_build.json' was up-to-date
[        ] C/C++: /Users/florian/.pub-cache/hosted/pub.dev/flutter_olm-2.0.0/ios/CMakeLists.txt profile|armeabi-v7a : JSON generation completed without problems
[        ] C/C++: /Users/florian/.pub-cache/hosted/pub.dev/flutter_olm-2.0.0/ios/CMakeLists.txt profile|armeabi-v7a : Writing build model to /Users/florian/Code/substitution/build/flutter_olm/intermediates/cxx/Debug/611a6669/logs/armeabi-v7a/build_model.json
[        ] Resolve mutations for :flutter_olm:buildCMakeDebug[armeabi-v7a] (Thread[#38524,Execution worker Thread 2,5,main]) started.
[        ] :flutter_olm:buildCMakeDebug[armeabi-v7a] (Thread[#38524,Execution worker Thread 2,5,main]) started.
[  +86 ms] > Task :flutter_olm:buildCMakeDebug[armeabi-v7a]
[        ] Caching disabled for task ':flutter_olm:buildCMakeDebug[armeabi-v7a]' because:
[        ]   Build cache is disabled
[        ]   Caching has been disabled for the task
[        ] Task ':flutter_olm:buildCMakeDebug[armeabi-v7a]' is not up-to-date because:
[        ]   Task.upToDateWhen is false.
[        ] C/C++: starting build
[        ] C/C++: reading expected JSONs
[        ] C/C++: done reading expected JSONs
[        ] C/C++: executing build commands for targets that produce .so files or executables
[        ] C/C++: evaluate miniconfig
[        ] C/C++: evaluate library olm (armeabi-v7a)
[        ] C/C++: building target library olm because no targets are specified.
[        ] C/C++: about to build targets olm
[        ] C/C++: Build olm
[        ] C/C++: /Users/florian/Library/Android/sdk/cmake/3.22.1/bin/ninja \
[        ]   -C \
[        ]   /Users/florian/.pub-cache/hosted/pub.dev/flutter_olm-2.0.0/android/.cxx/Debug/611a6669/armeabi-v7a \
[        ]   olm
[        ] Starting process 'command '/Users/florian/Library/Android/sdk/cmake/3.22.1/bin/ninja''. Working directory: /Users/florian/.pub-cache/hosted/pub.dev/flutter_olm-2.0.0/android Command: /Users/florian/Library/Android/sdk/cmake/3.22.1/bin/ninja -C /Users/florian/.pub-cache/hosted/pub.dev/flutter_olm-2.0.0/android/.cxx/Debug/611a6669/armeabi-v7a olm
[        ] Successfully started process 'command '/Users/florian/Library/Android/sdk/cmake/3.22.1/bin/ninja''
[        ] C/C++: Received process result: 0
[        ] C/C++: check expected build outputs
[        ] C/C++: build complete
[        ] Resolve mutations for :flutter_olm:configureCMakeDebug[x86] (Thread[#38524,Execution worker Thread 2,5,main]) started.
[        ] :flutter_olm:configureCMakeDebug[x86] (Thread[#38524,Execution worker Thread 2,5,main]) started.
[        ] > Task :flutter_olm:configureCMakeDebug[x86]
[        ] Caching disabled for task ':flutter_olm:configureCMakeDebug[x86]' because:
[        ]   Build cache is disabled
[        ]   Caching has been disabled for the task
[        ] Task ':flutter_olm:configureCMakeDebug[x86]' is not up-to-date because:
[        ]   Task.upToDateWhen is false.
[        ] C/C++: /Users/florian/.pub-cache/hosted/pub.dev/flutter_olm-2.0.0/ios/CMakeLists.txt profile|x86 : Start JSON generation. Platform version: 21 min SDK version: x86
[        ] C/C++: /Users/florian/.pub-cache/hosted/pub.dev/flutter_olm-2.0.0/ios/CMakeLists.txt profile|x86 : JSON '/Users/florian/.pub-cache/hosted/pub.dev/flutter_olm-2.0.0/android/.cxx/Debug/611a6669/x86/android_gradle_build.json' was up-to-date
[        ] C/C++: /Users/florian/.pub-cache/hosted/pub.dev/flutter_olm-2.0.0/ios/CMakeLists.txt profile|x86 : JSON generation completed without problems
[        ] C/C++: /Users/florian/.pub-cache/hosted/pub.dev/flutter_olm-2.0.0/ios/CMakeLists.txt profile|x86 : Writing build model to /Users/florian/Code/substitution/build/flutter_olm/intermediates/cxx/Debug/611a6669/logs/x86/build_model.json
[        ] Resolve mutations for :flutter_olm:buildCMakeDebug[x86] (Thread[#38524,Execution worker Thread 2,5,main]) started.
[        ] :flutter_olm:buildCMakeDebug[x86] (Thread[#38524,Execution worker Thread 2,5,main]) started.
[        ] > Task :flutter_olm:buildCMakeDebug[x86]
[        ] Caching disabled for task ':flutter_olm:buildCMakeDebug[x86]' because:
[        ]   Build cache is disabled
[        ]   Caching has been disabled for the task
[        ] Task ':flutter_olm:buildCMakeDebug[x86]' is not up-to-date because:
[        ]   Task.upToDateWhen is false.
[        ] C/C++: starting build
[        ] C/C++: reading expected JSONs
[        ] C/C++: done reading expected JSONs
[        ] C/C++: executing build commands for targets that produce .so files or executables
[        ] C/C++: evaluate miniconfig
[        ] C/C++: evaluate library olm (x86)
[        ] C/C++: building target library olm because no targets are specified.
[        ] C/C++: about to build targets olm
[        ] C/C++: Build olm
[        ] C/C++: /Users/florian/Library/Android/sdk/cmake/3.22.1/bin/ninja \
[        ]   -C \
[        ]   /Users/florian/.pub-cache/hosted/pub.dev/flutter_olm-2.0.0/android/.cxx/Debug/611a6669/x86 \
[        ]   olm
[        ] Starting process 'command '/Users/florian/Library/Android/sdk/cmake/3.22.1/bin/ninja''. Working directory: /Users/florian/.pub-cache/hosted/pub.dev/flutter_olm-2.0.0/android Command: /Users/florian/Library/Android/sdk/cmake/3.22.1/bin/ninja -C /Users/florian/.pub-cache/hosted/pub.dev/flutter_olm-2.0.0/android/.cxx/Debug/611a6669/x86 olm
[        ] Successfully started process 'command '/Users/florian/Library/Android/sdk/cmake/3.22.1/bin/ninja''
[        ] C/C++: Received process result: 0
[        ] C/C++: check expected build outputs
[        ] C/C++: build complete
[        ] Resolve mutations for :flutter_olm:configureCMakeDebug[x86_64] (Thread[#38524,Execution worker Thread 2,5,main]) started.
[        ] :flutter_olm:configureCMakeDebug[x86_64] (Thread[#38524,Execution worker Thread 2,5,main]) started.
[        ] > Task :flutter_olm:configureCMakeDebug[x86_64]
[        ] Caching disabled for task ':flutter_olm:configureCMakeDebug[x86_64]' because:
[        ]   Build cache is disabled
[        ]   Caching has been disabled for the task
[        ] Task ':flutter_olm:configureCMakeDebug[x86_64]' is not up-to-date because:
[        ]   Task.upToDateWhen is false.
[        ] C/C++: /Users/florian/.pub-cache/hosted/pub.dev/flutter_olm-2.0.0/ios/CMakeLists.txt profile|x86_64 : Start JSON generation. Platform version: 21 min SDK version: x86_64
[        ] C/C++: /Users/florian/.pub-cache/hosted/pub.dev/flutter_olm-2.0.0/ios/CMakeLists.txt profile|x86_64 : JSON '/Users/florian/.pub-cache/hosted/pub.dev/flutter_olm-2.0.0/android/.cxx/Debug/611a6669/x86_64/android_gradle_build.json' was up-to-date
[        ] C/C++: /Users/florian/.pub-cache/hosted/pub.dev/flutter_olm-2.0.0/ios/CMakeLists.txt profile|x86_64 : JSON generation completed without problems
[        ] C/C++: /Users/florian/.pub-cache/hosted/pub.dev/flutter_olm-2.0.0/ios/CMakeLists.txt profile|x86_64 : Writing build model to /Users/florian/Code/substitution/build/flutter_olm/intermediates/cxx/Debug/611a6669/logs/x86_64/build_model.json
[        ] Resolve mutations for :flutter_olm:buildCMakeDebug[x86_64] (Thread[#38524,Execution worker Thread 2,5,main]) started.
[        ] :flutter_olm:buildCMakeDebug[x86_64] (Thread[#38524,Execution worker Thread 2,5,main]) started.
[        ] > Task :flutter_olm:buildCMakeDebug[x86_64]
[        ] Caching disabled for task ':flutter_olm:buildCMakeDebug[x86_64]' because:
[        ]   Build cache is disabled
[        ]   Caching has been disabled for the task
[        ] Task ':flutter_olm:buildCMakeDebug[x86_64]' is not up-to-date because:
[        ]   Task.upToDateWhen is false.
[        ] C/C++: starting build
[        ] C/C++: reading expected JSONs
[        ] C/C++: done reading expected JSONs
[        ] C/C++: executing build commands for targets that produce .so files or executables
[        ] C/C++: evaluate miniconfig
[        ] C/C++: evaluate library olm (x86_64)
[        ] C/C++: building target library olm because no targets are specified.
[        ] C/C++: about to build targets olm
[        ] C/C++: Build olm
[        ] C/C++: /Users/florian/Library/Android/sdk/cmake/3.22.1/bin/ninja \
[        ]   -C \
[        ]   /Users/florian/.pub-cache/hosted/pub.dev/flutter_olm-2.0.0/android/.cxx/Debug/611a6669/x86_64 \
[        ]   olm
[        ] Starting process 'command '/Users/florian/Library/Android/sdk/cmake/3.22.1/bin/ninja''. Working directory: /Users/florian/.pub-cache/hosted/pub.dev/flutter_olm-2.0.0/android Command: /Users/florian/Library/Android/sdk/cmake/3.22.1/bin/ninja -C /Users/florian/.pub-cache/hosted/pub.dev/flutter_olm-2.0.0/android/.cxx/Debug/611a6669/x86_64 olm
[        ] Successfully started process 'command '/Users/florian/Library/Android/sdk/cmake/3.22.1/bin/ninja''
[        ] C/C++: Received process result: 0
[        ] C/C++: check expected build outputs
[        ] C/C++: build complete
[        ] Resolve mutations for :flutter_olm:mergeDebugJniLibFolders (Thread[#38524,Execution worker Thread 2,5,main]) started.
[        ] :flutter_olm:mergeDebugJniLibFolders (Thread[#38524,Execution worker Thread 2,5,main]) started.
[        ] > Task :flutter_olm:mergeDebugJniLibFolders UP-TO-DATE
[        ] Caching disabled for task ':flutter_olm:mergeDebugJniLibFolders' because:
[        ]   Build cache is disabled
[        ]   Simple merging task
[        ] Skipping task ':flutter_olm:mergeDebugJniLibFolders' as it is up-to-date.
[        ] Resolve mutations for :flutter_olm:mergeDebugNativeLibs (Thread[#38524,Execution worker Thread 2,5,main]) started.
[        ] :flutter_olm:mergeDebugNativeLibs (Thread[#38524,Execution worker Thread 2,5,main]) started.
[        ] > Task :flutter_olm:mergeDebugNativeLibs UP-TO-DATE
[        ] Caching disabled for task ':flutter_olm:mergeDebugNativeLibs' because:
[        ]   Build cache is disabled
[        ]   Caching has been disabled for the task
[        ] Skipping task ':flutter_olm:mergeDebugNativeLibs' as it is up-to-date.
[        ] Resolve mutations for :flutter_olm:copyDebugJniLibsProjectOnly (Thread[#38524,Execution worker Thread 2,5,main]) started.
[        ] :flutter_olm:copyDebugJniLibsProjectOnly (Thread[#38524,Execution worker Thread 2,5,main]) started.
[        ] > Task :flutter_olm:copyDebugJniLibsProjectOnly UP-TO-DATE
[        ] Caching disabled for task ':flutter_olm:copyDebugJniLibsProjectOnly' because:
[        ]   Build cache is disabled
[        ]   Caching has been disabled for the task
[        ] Skipping task ':flutter_olm:copyDebugJniLibsProjectOnly' as it is up-to-date.
[        ] work action resolve jni (project :flutter_olm) (Thread[#38524,Execution worker Thread 2,5,main]) started.
[        ] Resolve mutations for :flutter_openssl_crypto:preProfileBuild (Thread[#38524,Execution worker Thread 2,5,main]) started.
[        ] :flutter_openssl_crypto:preProfileBuild (Thread[#38524,Execution worker Thread 2,5,main]) started.
[        ] > Task :flutter_openssl_crypto:preProfileBuild UP-TO-DATE
[        ] Skipping task ':flutter_openssl_crypto:preProfileBuild' as it has no actions.
[        ] Resolve mutations for :flutter_openssl_crypto:configureCMakeDebug[arm64-v8a] (Thread[#38524,Execution worker Thread 2,5,main]) started.
[        ] :flutter_openssl_crypto:configureCMakeDebug[arm64-v8a] (Thread[#38524,Execution worker Thread 2,5,main]) started.
[        ] > Task :flutter_openssl_crypto:configureCMakeDebug[arm64-v8a]
[        ] Caching disabled for task ':flutter_openssl_crypto:configureCMakeDebug[arm64-v8a]' because:
[        ]   Build cache is disabled
[        ]   Caching has been disabled for the task
[        ] Task ':flutter_openssl_crypto:configureCMakeDebug[arm64-v8a]' is not up-to-date because:
[        ]   Task.upToDateWhen is false.
[        ] C/C++: /Users/florian/.pub-cache/hosted/pub.dev/flutter_openssl_crypto-0.5.0/android/CMakeLists.txt profile|arm64-v8a : Start JSON generation. Platform version: 21 min SDK version: arm64-v8a
[        ] C/C++: /Users/florian/.pub-cache/hosted/pub.dev/flutter_openssl_crypto-0.5.0/android/CMakeLists.txt profile|arm64-v8a : JSON '/Users/florian/.pub-cache/hosted/pub.dev/flutter_openssl_crypto-0.5.0/android/.cxx/Debug/42n1p1e4/arm64-v8a/android_gradle_build.json' was up-to-date
[        ] C/C++: /Users/florian/.pub-cache/hosted/pub.dev/flutter_openssl_crypto-0.5.0/android/CMakeLists.txt profile|arm64-v8a : JSON generation completed without problems
[        ] C/C++: /Users/florian/.pub-cache/hosted/pub.dev/flutter_openssl_crypto-0.5.0/android/CMakeLists.txt profile|arm64-v8a : Writing build model to /Users/florian/Code/substitution/build/flutter_openssl_crypto/intermediates/cxx/Debug/42n1p1e4/logs/arm64-v8a/build_model.json
[        ] Resolve mutations for :flutter_openssl_crypto:buildCMakeDebug[arm64-v8a] (Thread[#38524,Execution worker Thread 2,5,main]) started.
[        ] :flutter_openssl_crypto:buildCMakeDebug[arm64-v8a] (Thread[#38524,Execution worker Thread 2,5,main]) started.
[        ] > Task :flutter_openssl_crypto:buildCMakeDebug[arm64-v8a]
[        ] Caching disabled for task ':flutter_openssl_crypto:buildCMakeDebug[arm64-v8a]' because:
[        ]   Build cache is disabled
[        ]   Caching has been disabled for the task
[        ] Task ':flutter_openssl_crypto:buildCMakeDebug[arm64-v8a]' is not up-to-date because:
[        ]   Task.upToDateWhen is false.
[        ] C/C++: starting build
[        ] C/C++: reading expected JSONs
[        ] C/C++: done reading expected JSONs
[        ] C/C++: executing build commands for targets that produce .so files or executables
[        ] C/C++: evaluate miniconfig
[        ] C/C++: evaluate library flutter_openssl_crypto (arm64-v8a)
[        ] C/C++: building target library flutter_openssl_crypto because no targets are specified.
[        ] C/C++: about to build targets flutter_openssl_crypto
[        ] C/C++: Build flutter_openssl_crypto
[        ] C/C++: /Users/florian/Library/Android/sdk/cmake/3.22.1/bin/ninja \
[        ]   -C \
[        ]   /Users/florian/.pub-cache/hosted/pub.dev/flutter_openssl_crypto-0.5.0/android/.cxx/Debug/42n1p1e4/arm64-v8a \
[        ]   flutter_openssl_crypto
[        ] Starting process 'command '/Users/florian/Library/Android/sdk/cmake/3.22.1/bin/ninja''. Working directory: /Users/florian/.pub-cache/hosted/pub.dev/flutter_openssl_crypto-0.5.0/android Command: /Users/florian/Library/Android/sdk/cmake/3.22.1/bin/ninja -C /Users/florian/.pub-cache/hosted/pub.dev/flutter_openssl_crypto-0.5.0/android/.cxx/Debug/42n1p1e4/arm64-v8a flutter_openssl_crypto
[        ] Successfully started process 'command '/Users/florian/Library/Android/sdk/cmake/3.22.1/bin/ninja''
[        ] C/C++: Received process result: 0
[        ] C/C++: check expected build outputs
[        ] C/C++: build complete
[        ] Resolve mutations for :flutter_openssl_crypto:configureCMakeDebug[armeabi-v7a] (Thread[#38524,Execution worker Thread 2,5,main]) started.
[        ] :flutter_openssl_crypto:configureCMakeDebug[armeabi-v7a] (Thread[#38524,Execution worker Thread 2,5,main]) started.
[        ] > Task :flutter_openssl_crypto:configureCMakeDebug[armeabi-v7a]
[        ] Caching disabled for task ':flutter_openssl_crypto:configureCMakeDebug[armeabi-v7a]' because:
[        ]   Build cache is disabled
[        ]   Caching has been disabled for the task
[        ] Task ':flutter_openssl_crypto:configureCMakeDebug[armeabi-v7a]' is not up-to-date because:
[        ]   Task.upToDateWhen is false.
[        ] C/C++: /Users/florian/.pub-cache/hosted/pub.dev/flutter_openssl_crypto-0.5.0/android/CMakeLists.txt profile|armeabi-v7a : Start JSON generation. Platform version: 21 min SDK version: armeabi-v7a
[        ] C/C++: /Users/florian/.pub-cache/hosted/pub.dev/flutter_openssl_crypto-0.5.0/android/CMakeLists.txt profile|armeabi-v7a : JSON '/Users/florian/.pub-cache/hosted/pub.dev/flutter_openssl_crypto-0.5.0/android/.cxx/Debug/42n1p1e4/armeabi-v7a/android_gradle_build.json' was up-to-date
[        ] C/C++: /Users/florian/.pub-cache/hosted/pub.dev/flutter_openssl_crypto-0.5.0/android/CMakeLists.txt profile|armeabi-v7a : JSON generation completed without problems
[        ] C/C++: /Users/florian/.pub-cache/hosted/pub.dev/flutter_openssl_crypto-0.5.0/android/CMakeLists.txt profile|armeabi-v7a : Writing build model to /Users/florian/Code/substitution/build/flutter_openssl_crypto/intermediates/cxx/Debug/42n1p1e4/logs/armeabi-v7a/build_model.json
[        ] Resolve mutations for :flutter_openssl_crypto:buildCMakeDebug[armeabi-v7a] (Thread[#38524,Execution worker Thread 2,5,main]) started.
[        ] :flutter_openssl_crypto:buildCMakeDebug[armeabi-v7a] (Thread[#38524,Execution worker Thread 2,5,main]) started.
[        ] > Task :flutter_openssl_crypto:buildCMakeDebug[armeabi-v7a]
[        ] Caching disabled for task ':flutter_openssl_crypto:buildCMakeDebug[armeabi-v7a]' because:
[        ]   Build cache is disabled
[        ]   Caching has been disabled for the task
[        ] Task ':flutter_openssl_crypto:buildCMakeDebug[armeabi-v7a]' is not up-to-date because:
[        ]   Task.upToDateWhen is false.
[        ] C/C++: starting build
[        ] C/C++: reading expected JSONs
[        ] C/C++: done reading expected JSONs
[        ] C/C++: executing build commands for targets that produce .so files or executables
[        ] C/C++: evaluate miniconfig
[        ] C/C++: evaluate library flutter_openssl_crypto (armeabi-v7a)
[        ] C/C++: building target library flutter_openssl_crypto because no targets are specified.
[        ] C/C++: about to build targets flutter_openssl_crypto
[        ] C/C++: Build flutter_openssl_crypto
[        ] C/C++: /Users/florian/Library/Android/sdk/cmake/3.22.1/bin/ninja \
[        ]   -C \
[        ]   /Users/florian/.pub-cache/hosted/pub.dev/flutter_openssl_crypto-0.5.0/android/.cxx/Debug/42n1p1e4/armeabi-v7a \
[        ]   flutter_openssl_crypto
[        ] Starting process 'command '/Users/florian/Library/Android/sdk/cmake/3.22.1/bin/ninja''. Working directory: /Users/florian/.pub-cache/hosted/pub.dev/flutter_openssl_crypto-0.5.0/android Command: /Users/florian/Library/Android/sdk/cmake/3.22.1/bin/ninja -C /Users/florian/.pub-cache/hosted/pub.dev/flutter_openssl_crypto-0.5.0/android/.cxx/Debug/42n1p1e4/armeabi-v7a flutter_openssl_crypto
[        ] Successfully started process 'command '/Users/florian/Library/Android/sdk/cmake/3.22.1/bin/ninja''
[        ] C/C++: Received process result: 0
[        ] C/C++: check expected build outputs
[        ] C/C++: build complete
[        ] Resolve mutations for :flutter_openssl_crypto:configureCMakeDebug[x86] (Thread[#38524,Execution worker Thread 2,5,main]) started.
[        ] :flutter_openssl_crypto:configureCMakeDebug[x86] (Thread[#38524,Execution worker Thread 2,5,main]) started.
[        ] > Task :flutter_openssl_crypto:configureCMakeDebug[x86]
[        ] Caching disabled for task ':flutter_openssl_crypto:configureCMakeDebug[x86]' because:
[        ]   Build cache is disabled
[        ]   Caching has been disabled for the task
[        ] Task ':flutter_openssl_crypto:configureCMakeDebug[x86]' is not up-to-date because:
[        ]   Task.upToDateWhen is false.
[        ] C/C++: /Users/florian/.pub-cache/hosted/pub.dev/flutter_openssl_crypto-0.5.0/android/CMakeLists.txt profile|x86 : Start JSON generation. Platform version: 21 min SDK version: x86
[        ] C/C++: /Users/florian/.pub-cache/hosted/pub.dev/flutter_openssl_crypto-0.5.0/android/CMakeLists.txt profile|x86 : JSON '/Users/florian/.pub-cache/hosted/pub.dev/flutter_openssl_crypto-0.5.0/android/.cxx/Debug/42n1p1e4/x86/android_gradle_build.json' was up-to-date
[        ] C/C++: /Users/florian/.pub-cache/hosted/pub.dev/flutter_openssl_crypto-0.5.0/android/CMakeLists.txt profile|x86 : JSON generation completed without problems
[        ] C/C++: /Users/florian/.pub-cache/hosted/pub.dev/flutter_openssl_crypto-0.5.0/android/CMakeLists.txt profile|x86 : Writing build model to /Users/florian/Code/substitution/build/flutter_openssl_crypto/intermediates/cxx/Debug/42n1p1e4/logs/x86/build_model.json
[        ] Resolve mutations for :flutter_openssl_crypto:buildCMakeDebug[x86] (Thread[#38524,Execution worker Thread 2,5,main]) started.
[        ] :flutter_openssl_crypto:buildCMakeDebug[x86] (Thread[#38524,Execution worker Thread 2,5,main]) started.
[        ] > Task :flutter_openssl_crypto:buildCMakeDebug[x86]
[        ] Caching disabled for task ':flutter_openssl_crypto:buildCMakeDebug[x86]' because:
[        ]   Build cache is disabled
[        ]   Caching has been disabled for the task
[        ] Task ':flutter_openssl_crypto:buildCMakeDebug[x86]' is not up-to-date because:
[        ]   Task.upToDateWhen is false.
[        ] C/C++: starting build
[        ] C/C++: reading expected JSONs
[        ] C/C++: done reading expected JSONs
[        ] C/C++: executing build commands for targets that produce .so files or executables
[        ] C/C++: evaluate miniconfig
[        ] C/C++: evaluate library flutter_openssl_crypto (x86)
[        ] C/C++: building target library flutter_openssl_crypto because no targets are specified.
[        ] C/C++: about to build targets flutter_openssl_crypto
[        ] C/C++: Build flutter_openssl_crypto
[        ] C/C++: /Users/florian/Library/Android/sdk/cmake/3.22.1/bin/ninja \
[        ]   -C \
[        ]   /Users/florian/.pub-cache/hosted/pub.dev/flutter_openssl_crypto-0.5.0/android/.cxx/Debug/42n1p1e4/x86 \
[        ]   flutter_openssl_crypto
[        ] Starting process 'command '/Users/florian/Library/Android/sdk/cmake/3.22.1/bin/ninja''. Working directory: /Users/florian/.pub-cache/hosted/pub.dev/flutter_openssl_crypto-0.5.0/android Command: /Users/florian/Library/Android/sdk/cmake/3.22.1/bin/ninja -C /Users/florian/.pub-cache/hosted/pub.dev/flutter_openssl_crypto-0.5.0/android/.cxx/Debug/42n1p1e4/x86 flutter_openssl_crypto
[        ] Successfully started process 'command '/Users/florian/Library/Android/sdk/cmake/3.22.1/bin/ninja''
[        ] C/C++: Received process result: 0
[        ] C/C++: check expected build outputs
[        ] C/C++: build complete
[        ] Resolve mutations for :flutter_openssl_crypto:configureCMakeDebug[x86_64] (Thread[#38524,Execution worker Thread 2,5,main]) started.
[        ] :flutter_openssl_crypto:configureCMakeDebug[x86_64] (Thread[#38524,Execution worker Thread 2,5,main]) started.
[        ] > Task :flutter_openssl_crypto:configureCMakeDebug[x86_64]
[        ] Caching disabled for task ':flutter_openssl_crypto:configureCMakeDebug[x86_64]' because:
[        ]   Build cache is disabled
[        ]   Caching has been disabled for the task
[        ] Task ':flutter_openssl_crypto:configureCMakeDebug[x86_64]' is not up-to-date because:
[        ]   Task.upToDateWhen is false.
[        ] C/C++: /Users/florian/.pub-cache/hosted/pub.dev/flutter_openssl_crypto-0.5.0/android/CMakeLists.txt profile|x86_64 : Start JSON generation. Platform version: 21 min SDK version: x86_64
[        ] C/C++: /Users/florian/.pub-cache/hosted/pub.dev/flutter_openssl_crypto-0.5.0/android/CMakeLists.txt profile|x86_64 : JSON '/Users/florian/.pub-cache/hosted/pub.dev/flutter_openssl_crypto-0.5.0/android/.cxx/Debug/42n1p1e4/x86_64/android_gradle_build.json' was up-to-date
[        ] C/C++: /Users/florian/.pub-cache/hosted/pub.dev/flutter_openssl_crypto-0.5.0/android/CMakeLists.txt profile|x86_64 : JSON generation completed without problems
[        ] C/C++: /Users/florian/.pub-cache/hosted/pub.dev/flutter_openssl_crypto-0.5.0/android/CMakeLists.txt profile|x86_64 : Writing build model to /Users/florian/Code/substitution/build/flutter_openssl_crypto/intermediates/cxx/Debug/42n1p1e4/logs/x86_64/build_model.json
[        ] Resolve mutations for :flutter_openssl_crypto:buildCMakeDebug[x86_64] (Thread[#38524,Execution worker Thread 2,5,main]) started.
[        ] :flutter_openssl_crypto:buildCMakeDebug[x86_64] (Thread[#38524,Execution worker Thread 2,5,main]) started.
[        ] > Task :flutter_openssl_crypto:buildCMakeDebug[x86_64]
[        ] Caching disabled for task ':flutter_openssl_crypto:buildCMakeDebug[x86_64]' because:
[        ]   Build cache is disabled
[        ]   Caching has been disabled for the task
[        ] Task ':flutter_openssl_crypto:buildCMakeDebug[x86_64]' is not up-to-date because:
[        ]   Task.upToDateWhen is false.
[        ] C/C++: starting build
[        ] C/C++: reading expected JSONs
[        ] C/C++: done reading expected JSONs
[        ] C/C++: executing build commands for targets that produce .so files or executables
[        ] C/C++: evaluate miniconfig
[        ] C/C++: evaluate library flutter_openssl_crypto (x86_64)
[        ] C/C++: building target library flutter_openssl_crypto because no targets are specified.
[        ] C/C++: about to build targets flutter_openssl_crypto
[        ] C/C++: Build flutter_openssl_crypto
[        ] C/C++: /Users/florian/Library/Android/sdk/cmake/3.22.1/bin/ninja \
[        ]   -C \
[        ]   /Users/florian/.pub-cache/hosted/pub.dev/flutter_openssl_crypto-0.5.0/android/.cxx/Debug/42n1p1e4/x86_64 \
[        ]   flutter_openssl_crypto
[        ] Starting process 'command '/Users/florian/Library/Android/sdk/cmake/3.22.1/bin/ninja''. Working directory: /Users/florian/.pub-cache/hosted/pub.dev/flutter_openssl_crypto-0.5.0/android Command: /Users/florian/Library/Android/sdk/cmake/3.22.1/bin/ninja -C /Users/florian/.pub-cache/hosted/pub.dev/flutter_openssl_crypto-0.5.0/android/.cxx/Debug/42n1p1e4/x86_64 flutter_openssl_crypto
[        ] Successfully started process 'command '/Users/florian/Library/Android/sdk/cmake/3.22.1/bin/ninja''
[        ] C/C++: Received process result: 0
[        ] C/C++: check expected build outputs
[        ] C/C++: build complete
[        ] Resolve mutations for :flutter_openssl_crypto:mergeDebugJniLibFolders (Thread[#38524,Execution worker Thread 2,5,main]) started.
[        ] :flutter_openssl_crypto:mergeDebugJniLibFolders (Thread[#38524,Execution worker Thread 2,5,main]) started.
[        ] > Task :flutter_openssl_crypto:mergeDebugJniLibFolders UP-TO-DATE
[        ] Caching disabled for task ':flutter_openssl_crypto:mergeDebugJniLibFolders' because:
[        ]   Build cache is disabled
[        ]   Simple merging task
[        ] Skipping task ':flutter_openssl_crypto:mergeDebugJniLibFolders' as it is up-to-date.
[        ] Resolve mutations for :flutter_openssl_crypto:mergeDebugNativeLibs (Thread[#38524,Execution worker Thread 2,5,main]) started.
[        ] :flutter_openssl_crypto:mergeDebugNativeLibs (Thread[#38524,Execution worker Thread 2,5,main]) started.
[        ] > Task :flutter_openssl_crypto:mergeDebugNativeLibs UP-TO-DATE
[        ] Caching disabled for task ':flutter_openssl_crypto:mergeDebugNativeLibs' because:
[        ]   Build cache is disabled
[        ]   Caching has been disabled for the task
[        ] Skipping task ':flutter_openssl_crypto:mergeDebugNativeLibs' as it is up-to-date.
[        ] Resolve mutations for :flutter_openssl_crypto:copyDebugJniLibsProjectOnly (Thread[#38524,Execution worker Thread 2,5,main]) started.
[        ] :flutter_openssl_crypto:copyDebugJniLibsProjectOnly (Thread[#38524,Execution worker Thread 2,5,main]) started.
[        ] > Task :flutter_openssl_crypto:copyDebugJniLibsProjectOnly UP-TO-DATE
[        ] Caching disabled for task ':flutter_openssl_crypto:copyDebugJniLibsProjectOnly' because:
[        ]   Build cache is disabled
[        ]   Caching has been disabled for the task
[        ] Skipping task ':flutter_openssl_crypto:copyDebugJniLibsProjectOnly' as it is up-to-date.
[        ] work action resolve jni (project :flutter_openssl_crypto) (Thread[#38524,Execution worker Thread 2,5,main]) started.
[        ] Resolve mutations for :integration_test:mergeDebugJniLibFolders (Thread[#38524,Execution worker Thread 2,5,main]) started.
[        ] :integration_test:mergeDebugJniLibFolders (Thread[#38524,Execution worker Thread 2,5,main]) started.
[        ] > Task :integration_test:mergeDebugJniLibFolders UP-TO-DATE
[        ] Caching disabled for task ':integration_test:mergeDebugJniLibFolders' because:
[        ]   Build cache is disabled
[        ]   Simple merging task
[        ] Skipping task ':integration_test:mergeDebugJniLibFolders' as it is up-to-date.
[        ] Resolve mutations for :integration_test:mergeDebugNativeLibs (Thread[#38524,Execution worker Thread 2,5,main]) started.
[        ] :integration_test:mergeDebugNativeLibs (Thread[#38524,Execution worker Thread 2,5,main]) started.
[        ] > Task :integration_test:mergeDebugNativeLibs NO-SOURCE
[        ] Skipping task ':integration_test:mergeDebugNativeLibs' as it has no source files and no previous output files.
[        ] Resolve mutations for :integration_test:copyDebugJniLibsProjectOnly (Thread[#38524,Execution worker Thread 2,5,main]) started.
[        ] :integration_test:copyDebugJniLibsProjectOnly (Thread[#38524,Execution worker Thread 2,5,main]) started.
[        ] > Task :integration_test:copyDebugJniLibsProjectOnly UP-TO-DATE
[        ] Caching disabled for task ':integration_test:copyDebugJniLibsProjectOnly' because:
[        ]   Build cache is disabled
[        ]   Caching has been disabled for the task
[        ] Skipping task ':integration_test:copyDebugJniLibsProjectOnly' as it is up-to-date.
[        ] work action resolve jni (project :integration_test) (Thread[#38524,Execution worker Thread 2,5,main]) started.
[        ] Resolve mutations for :path_provider_android:mergeDebugJniLibFolders (Thread[#38524,Execution worker Thread 2,5,main]) started.
[        ] :path_provider_android:mergeDebugJniLibFolders (Thread[#38524,Execution worker Thread 2,5,main]) started.
[        ] > Task :path_provider_android:mergeDebugJniLibFolders UP-TO-DATE
[        ] Caching disabled for task ':path_provider_android:mergeDebugJniLibFolders' because:
[        ]   Build cache is disabled
[        ]   Simple merging task
[        ] Skipping task ':path_provider_android:mergeDebugJniLibFolders' as it is up-to-date.
[        ] Resolve mutations for :path_provider_android:mergeDebugNativeLibs (Thread[#38524,Execution worker Thread 2,5,main]) started.
[        ] :path_provider_android:mergeDebugNativeLibs (Thread[#38524,Execution worker Thread 2,5,main]) started.
[        ] > Task :path_provider_android:mergeDebugNativeLibs NO-SOURCE
[        ] Skipping task ':path_provider_android:mergeDebugNativeLibs' as it has no source files and no previous output files.
[        ] Resolve mutations for :path_provider_android:copyDebugJniLibsProjectOnly (Thread[#38524,Execution worker Thread 2,5,main]) started.
[        ] :path_provider_android:copyDebugJniLibsProjectOnly (Thread[#38524,Execution worker Thread 2,5,main]) started.
[        ] > Task :path_provider_android:copyDebugJniLibsProjectOnly UP-TO-DATE
[        ] Caching disabled for task ':path_provider_android:copyDebugJniLibsProjectOnly' because:
[        ]   Build cache is disabled
[        ]   Caching has been disabled for the task
[        ] Skipping task ':path_provider_android:copyDebugJniLibsProjectOnly' as it is up-to-date.
[        ] work action resolve jni (project :path_provider_android) (Thread[#38524,Execution worker Thread 2,5,main]) started.
[        ] Resolve mutations for :quill_native_bridge_android:mergeDebugJniLibFolders (Thread[#38524,Execution worker Thread 2,5,main]) started.
[        ] :quill_native_bridge_android:mergeDebugJniLibFolders (Thread[#38524,Execution worker Thread 2,5,main]) started.
[        ] > Task :quill_native_bridge_android:mergeDebugJniLibFolders UP-TO-DATE
[        ] Caching disabled for task ':quill_native_bridge_android:mergeDebugJniLibFolders' because:
[        ]   Build cache is disabled
[        ]   Simple merging task
[        ] Skipping task ':quill_native_bridge_android:mergeDebugJniLibFolders' as it is up-to-date.
[        ] Resolve mutations for :quill_native_bridge_android:mergeDebugNativeLibs (Thread[#38524,Execution worker Thread 2,5,main]) started.
[        ] :quill_native_bridge_android:mergeDebugNativeLibs (Thread[#38524,Execution worker Thread 2,5,main]) started.
[        ] > Task :quill_native_bridge_android:mergeDebugNativeLibs NO-SOURCE
[        ] Skipping task ':quill_native_bridge_android:mergeDebugNativeLibs' as it has no source files and no previous output files.
[        ] Resolve mutations for :quill_native_bridge_android:copyDebugJniLibsProjectOnly (Thread[#38524,Execution worker Thread 2,5,main]) started.
[        ] :quill_native_bridge_android:copyDebugJniLibsProjectOnly (Thread[#38524,Execution worker Thread 2,5,main]) started.
[        ] > Task :quill_native_bridge_android:copyDebugJniLibsProjectOnly UP-TO-DATE
[        ] Caching disabled for task ':quill_native_bridge_android:copyDebugJniLibsProjectOnly' because:
[        ]   Build cache is disabled
[        ]   Caching has been disabled for the task
[        ] Skipping task ':quill_native_bridge_android:copyDebugJniLibsProjectOnly' as it is up-to-date.
[        ] work action resolve jni (project :quill_native_bridge_android) (Thread[#38524,Execution worker Thread 2,5,main]) started.
[        ] Resolve mutations for :shared_preferences_android:mergeDebugJniLibFolders (Thread[#38524,Execution worker Thread 2,5,main]) started.
[        ] :shared_preferences_android:mergeDebugJniLibFolders (Thread[#38524,Execution worker Thread 2,5,main]) started.
[        ] > Task :shared_preferences_android:mergeDebugJniLibFolders UP-TO-DATE
[        ] Caching disabled for task ':shared_preferences_android:mergeDebugJniLibFolders' because:
[        ]   Build cache is disabled
[        ]   Simple merging task
[        ] Skipping task ':shared_preferences_android:mergeDebugJniLibFolders' as it is up-to-date.
[        ] Resolve mutations for :shared_preferences_android:mergeDebugNativeLibs (Thread[#38524,Execution worker Thread 2,5,main]) started.
[        ] :shared_preferences_android:mergeDebugNativeLibs (Thread[#38524,Execution worker Thread 2,5,main]) started.
[        ] > Task :shared_preferences_android:mergeDebugNativeLibs NO-SOURCE
[        ] Skipping task ':shared_preferences_android:mergeDebugNativeLibs' as it has no source files and no previous output files.
[        ] Resolve mutations for :shared_preferences_android:copyDebugJniLibsProjectOnly (Thread[#38524,Execution worker Thread 2,5,main]) started.
[        ] :shared_preferences_android:copyDebugJniLibsProjectOnly (Thread[#38524,Execution worker Thread 2,5,main]) started.
[        ] > Task :shared_preferences_android:copyDebugJniLibsProjectOnly UP-TO-DATE
[        ] Caching disabled for task ':shared_preferences_android:copyDebugJniLibsProjectOnly' because:
[        ]   Build cache is disabled
[        ]   Caching has been disabled for the task
[        ] Skipping task ':shared_preferences_android:copyDebugJniLibsProjectOnly' as it is up-to-date.
[        ] work action resolve jni (project :shared_preferences_android) (Thread[#38524,Execution worker Thread 2,5,main]) started.
[        ] Resolve mutations for :sqflite_android:mergeDebugJniLibFolders (Thread[#38524,Execution worker Thread 2,5,main]) started.
[        ] :sqflite_android:mergeDebugJniLibFolders (Thread[#38524,Execution worker Thread 2,5,main]) started.
[        ] > Task :sqflite_android:mergeDebugJniLibFolders UP-TO-DATE
[        ] Caching disabled for task ':sqflite_android:mergeDebugJniLibFolders' because:
[        ]   Build cache is disabled
[        ]   Simple merging task
[        ] Skipping task ':sqflite_android:mergeDebugJniLibFolders' as it is up-to-date.
[        ] Resolve mutations for :sqflite_android:mergeDebugNativeLibs (Thread[#38524,Execution worker Thread 2,5,main]) started.
[        ] :sqflite_android:mergeDebugNativeLibs (Thread[#38524,Execution worker Thread 2,5,main]) started.
[        ] > Task :sqflite_android:mergeDebugNativeLibs NO-SOURCE
[        ] Skipping task ':sqflite_android:mergeDebugNativeLibs' as it has no source files and no previous output files.
[        ] Resolve mutations for :sqflite_android:copyDebugJniLibsProjectOnly (Thread[#38524,Execution worker Thread 2,5,main]) started.
[        ] :sqflite_android:copyDebugJniLibsProjectOnly (Thread[#38524,Execution worker Thread 2,5,main]) started.
[        ] > Task :sqflite_android:copyDebugJniLibsProjectOnly UP-TO-DATE
[        ] Caching disabled for task ':sqflite_android:copyDebugJniLibsProjectOnly' because:
[        ]   Build cache is disabled
[        ]   Caching has been disabled for the task
[        ] Skipping task ':sqflite_android:copyDebugJniLibsProjectOnly' as it is up-to-date.
[        ] work action resolve jni (project :sqflite_android) (Thread[#38524,Execution worker Thread 2,5,main]) started.
[        ] Resolve mutations for :url_launcher_android:mergeDebugJniLibFolders (Thread[#38524,Execution worker Thread 2,5,main]) started.
[        ] :url_launcher_android:mergeDebugJniLibFolders (Thread[#38524,Execution worker Thread 2,5,main]) started.
[        ] > Task :url_launcher_android:mergeDebugJniLibFolders UP-TO-DATE
[        ] Caching disabled for task ':url_launcher_android:mergeDebugJniLibFolders' because:
[        ]   Build cache is disabled
[        ]   Simple merging task
[        ] Skipping task ':url_launcher_android:mergeDebugJniLibFolders' as it is up-to-date.
[        ] Resolve mutations for :url_launcher_android:mergeDebugNativeLibs (Thread[#38524,Execution worker Thread 2,5,main]) started.
[        ] :url_launcher_android:mergeDebugNativeLibs (Thread[#38524,Execution worker Thread 2,5,main]) started.
[        ] > Task :url_launcher_android:mergeDebugNativeLibs NO-SOURCE
[        ] Skipping task ':url_launcher_android:mergeDebugNativeLibs' as it has no source files and no previous output files.
[        ] Resolve mutations for :url_launcher_android:copyDebugJniLibsProjectOnly (Thread[#38524,Execution worker Thread 2,5,main]) started.
[        ] :url_launcher_android:copyDebugJniLibsProjectOnly (Thread[#38524,Execution worker Thread 2,5,main]) started.
[        ] > Task :url_launcher_android:copyDebugJniLibsProjectOnly UP-TO-DATE
[        ] Caching disabled for task ':url_launcher_android:copyDebugJniLibsProjectOnly' because:
[        ]   Build cache is disabled
[        ]   Caching has been disabled for the task
[        ] Skipping task ':url_launcher_android:copyDebugJniLibsProjectOnly' as it is up-to-date.
[        ] work action resolve jni (project :url_launcher_android) (Thread[#38524,Execution worker Thread 2,5,main]) started.
[        ] Resolve mutations for :video_player_android:mergeDebugJniLibFolders (Thread[#38524,Execution worker Thread 2,5,main]) started.
[        ] :video_player_android:mergeDebugJniLibFolders (Thread[#38524,Execution worker Thread 2,5,main]) started.
[        ] > Task :video_player_android:mergeDebugJniLibFolders UP-TO-DATE
[        ] Caching disabled for task ':video_player_android:mergeDebugJniLibFolders' because:
[        ]   Build cache is disabled
[        ]   Simple merging task
[        ] Skipping task ':video_player_android:mergeDebugJniLibFolders' as it is up-to-date.
[        ] Resolve mutations for :video_player_android:mergeDebugNativeLibs (Thread[#38524,Execution worker Thread 2,5,main]) started.
[        ] :video_player_android:mergeDebugNativeLibs (Thread[#38524,Execution worker Thread 2,5,main]) started.
[        ] > Task :video_player_android:mergeDebugNativeLibs NO-SOURCE
[        ] Skipping task ':video_player_android:mergeDebugNativeLibs' as it has no source files and no previous output files.
[        ] Resolve mutations for :video_player_android:copyDebugJniLibsProjectOnly (Thread[#38524,Execution worker Thread 2,5,main]) started.
[        ] :video_player_android:copyDebugJniLibsProjectOnly (Thread[#38524,Execution worker Thread 2,5,main]) started.
[        ] > Task :video_player_android:copyDebugJniLibsProjectOnly UP-TO-DATE
[        ] Caching disabled for task ':video_player_android:copyDebugJniLibsProjectOnly' because:
[        ]   Build cache is disabled
[        ]   Caching has been disabled for the task
[        ] Skipping task ':video_player_android:copyDebugJniLibsProjectOnly' as it is up-to-date.
[        ] work action resolve jni (project :video_player_android) (Thread[#38524,Execution worker Thread 2,5,main]) started.
[        ] Resolve mutations for :app:mergeDebugNativeLibs (Thread[#38524,Execution worker Thread 2,5,main]) started.
[        ] :app:mergeDebugNativeLibs (Thread[#38524,Execution worker Thread 2,5,main]) started.
[        ] > Task :app:mergeDebugNativeLibs UP-TO-DATE
[        ] Caching disabled for task ':app:mergeDebugNativeLibs' because:
[        ]   Build cache is disabled
[        ]   Caching has been disabled for the task
[        ] Skipping task ':app:mergeDebugNativeLibs' as it is up-to-date.
[        ] Resolve mutations for :app:stripDebugDebugSymbols (Thread[#38524,Execution worker Thread 2,5,main]) started.
[        ] :app:stripDebugDebugSymbols (Thread[#38524,Execution worker Thread 2,5,main]) started.
[        ] > Task :app:stripDebugDebugSymbols UP-TO-DATE
[        ] Caching disabled for task ':app:stripDebugDebugSymbols' because:
[        ]   Build cache is disabled
[        ]   Caching has been disabled for the task
[        ] Skipping task ':app:stripDebugDebugSymbols' as it is up-to-date.
[        ] Resolve mutations for :app:validateSigningDebug (Thread[#38524,Execution worker Thread 2,5,main]) started.
[        ] :app:validateSigningDebug (Thread[#38524,Execution worker Thread 2,5,main]) started.
[        ] > Task :app:validateSigningDebug UP-TO-DATE
[        ] Caching disabled for task ':app:validateSigningDebug' because:
[        ]   Build cache is disabled
[        ]   Caching has been disabled for the task
[        ] Skipping task ':app:validateSigningDebug' as it is up-to-date.
[        ] Resolve mutations for :app:writeDebugAppMetadata (Thread[#38524,Execution worker Thread 2,5,main]) started.
[        ] :app:writeDebugAppMetadata (Thread[#38524,Execution worker Thread 2,5,main]) started.
[        ] > Task :app:writeDebugAppMetadata UP-TO-DATE
[        ] Caching disabled for task ':app:writeDebugAppMetadata' because:
[        ]   Build cache is disabled
[        ]   Caching has been disabled for the task
[        ] Skipping task ':app:writeDebugAppMetadata' as it is up-to-date.
[        ] Resolve mutations for :app:writeDebugSigningConfigVersions (Thread[#38524,Execution worker Thread 2,5,main]) started.
[        ] :app:writeDebugSigningConfigVersions (Thread[#38524,Execution worker Thread 2,5,main]) started.
[        ] > Task :app:writeDebugSigningConfigVersions UP-TO-DATE
[        ] Caching disabled for task ':app:writeDebugSigningConfigVersions' because:
[        ]   Build cache is disabled
[        ]   Caching has been disabled for the task
[        ] Skipping task ':app:writeDebugSigningConfigVersions' as it is up-to-date.
[        ] Resolve mutations for :connectivity_plus:stripDebugDebugSymbols (Thread[#38524,Execution worker Thread 2,5,main]) started.
[        ] :connectivity_plus:stripDebugDebugSymbols (Thread[#38524,Execution worker Thread 2,5,main]) started.
[        ] > Task :connectivity_plus:stripDebugDebugSymbols NO-SOURCE
[        ] Skipping task ':connectivity_plus:stripDebugDebugSymbols' as it has no source files and no previous output files.
[        ] Resolve mutations for :connectivity_plus:copyDebugJniLibsProjectAndLocalJars (Thread[#38524,Execution worker Thread 2,5,main]) started.
[        ] :connectivity_plus:copyDebugJniLibsProjectAndLocalJars (Thread[#38524,Execution worker Thread 2,5,main]) started.
[        ] > Task :connectivity_plus:copyDebugJniLibsProjectAndLocalJars UP-TO-DATE
[        ] Caching disabled for task ':connectivity_plus:copyDebugJniLibsProjectAndLocalJars' because:
[        ]   Build cache is disabled
[        ]   Caching has been disabled for the task
[        ] Skipping task ':connectivity_plus:copyDebugJniLibsProjectAndLocalJars' as it is up-to-date.
[        ] Resolve mutations for :connectivity_plus:extractDebugAnnotations (Thread[#38524,Execution worker Thread 2,5,main]) started.
[        ] :connectivity_plus:extractDebugAnnotations (Thread[#38524,Execution worker Thread 2,5,main]) started.
[        ] > Task :connectivity_plus:extractDebugAnnotations UP-TO-DATE
[        ] Caching disabled for task ':connectivity_plus:extractDebugAnnotations' because:
[        ]   Build cache is disabled
[        ] Skipping task ':connectivity_plus:extractDebugAnnotations' as it is up-to-date.
[        ] Resolve mutations for :connectivity_plus:extractDeepLinksForAarDebug (Thread[#38524,Execution worker Thread 2,5,main]) started.
[        ] :connectivity_plus:extractDeepLinksForAarDebug (Thread[#38524,Execution worker Thread 2,5,main]) started.
[        ] > Task :connectivity_plus:extractDeepLinksForAarDebug UP-TO-DATE
[        ] Caching disabled for task ':connectivity_plus:extractDeepLinksForAarDebug' because:
[        ]   Build cache is disabled
[        ] Skipping task ':connectivity_plus:extractDeepLinksForAarDebug' as it is up-to-date.
[        ] Resolve mutations for :connectivity_plus:mergeDebugGeneratedProguardFiles (Thread[#38524,Execution worker Thread 2,5,main]) started.
[        ] :connectivity_plus:mergeDebugGeneratedProguardFiles (Thread[#38524,Execution worker Thread 2,5,main]) started.
[        ] > Task :connectivity_plus:mergeDebugGeneratedProguardFiles UP-TO-DATE
[        ] Caching disabled for task ':connectivity_plus:mergeDebugGeneratedProguardFiles' because:
[        ]   Build cache is disabled
[        ]   Simple merging task
[        ] Skipping task ':connectivity_plus:mergeDebugGeneratedProguardFiles' as it is up-to-date.
[        ] Resolve mutations for :connectivity_plus:mergeDebugConsumerProguardFiles (Thread[#38524,Execution worker Thread 2,5,main]) started.
[        ] :connectivity_plus:mergeDebugConsumerProguardFiles (Thread[#38524,Execution worker Thread 2,5,main]) started.
[        ] > Task :connectivity_plus:mergeDebugConsumerProguardFiles UP-TO-DATE
[        ] Caching disabled for task ':connectivity_plus:mergeDebugConsumerProguardFiles' because:
[        ]   Build cache is disabled
[        ]   Simple merging task
[        ] Skipping task ':connectivity_plus:mergeDebugConsumerProguardFiles' as it is up-to-date.
[        ] Resolve mutations for :connectivity_plus:prepareDebugArtProfile (Thread[#38524,Execution worker Thread 2,5,main]) started.
[        ] :connectivity_plus:prepareDebugArtProfile (Thread[#38524,Execution worker Thread 2,5,main]) started.
[        ] > Task :connectivity_plus:prepareDebugArtProfile UP-TO-DATE
[        ] Caching disabled for task ':connectivity_plus:prepareDebugArtProfile' because:
[        ]   Build cache is disabled
[        ]   Caching has been disabled for the task
[        ] Skipping task ':connectivity_plus:prepareDebugArtProfile' as it is up-to-date.
[        ] Resolve mutations for :connectivity_plus:prepareLintJarForPublish (Thread[#38524,Execution worker Thread 2,5,main]) started.
[        ] :connectivity_plus:prepareLintJarForPublish (Thread[#38524,Execution worker Thread 2,5,main]) started.
[        ] > Task :connectivity_plus:prepareLintJarForPublish UP-TO-DATE
[        ] Caching disabled for task ':connectivity_plus:prepareLintJarForPublish' because:
[        ]   Build cache is disabled
[        ]   Caching has been disabled for the task
[        ] Skipping task ':connectivity_plus:prepareLintJarForPublish' as it is up-to-date.
[        ] Resolve mutations for :connectivity_plus:mergeDebugJavaResource (Thread[#38524,Execution worker Thread 2,5,main]) started.
[        ] :connectivity_plus:mergeDebugJavaResource (Thread[#38524,Execution worker Thread 2,5,main]) started.
[        ] > Task :connectivity_plus:mergeDebugJavaResource UP-TO-DATE
[        ] Caching disabled for task ':connectivity_plus:mergeDebugJavaResource' because:
[        ]   Build cache is disabled
[        ]   Caching has been disabled for the task
[        ] Skipping task ':connectivity_plus:mergeDebugJavaResource' as it is up-to-date.
[        ] Resolve mutations for :connectivity_plus:syncDebugLibJars (Thread[#38524,Execution worker Thread 2,5,main]) started.
[        ] :connectivity_plus:syncDebugLibJars (Thread[#38524,Execution worker Thread 2,5,main]) started.
[        ] > Task :connectivity_plus:syncDebugLibJars UP-TO-DATE
[        ] Caching disabled for task ':connectivity_plus:syncDebugLibJars' because:
[        ]   Build cache is disabled
[        ] Skipping task ':connectivity_plus:syncDebugLibJars' as it is up-to-date.
[        ] Resolve mutations for :connectivity_plus:bundleDebugAar (Thread[#38524,Execution worker Thread 2,5,main]) started.
[        ] :connectivity_plus:bundleDebugAar (Thread[#38524,Execution worker Thread 2,5,main]) started.
[        ] > Task :connectivity_plus:bundleDebugAar UP-TO-DATE
[        ] Caching disabled for task ':connectivity_plus:bundleDebugAar' because:
[        ]   Build cache is disabled
[        ]   Caching has been disabled for the task
[        ] Skipping task ':connectivity_plus:bundleDebugAar' as it is up-to-date.
[        ] Resolve mutations for :connectivity_plus:assembleDebug (Thread[#38524,Execution worker Thread 2,5,main]) started.
[        ] :connectivity_plus:assembleDebug (Thread[#38524,Execution worker Thread 2,5,main]) started.
[        ] > Task :connectivity_plus:assembleDebug UP-TO-DATE
[        ] Skipping task ':connectivity_plus:assembleDebug' as it has no actions.
[        ] Resolve mutations for :emoji_picker_flutter:stripDebugDebugSymbols (Thread[#38524,Execution worker Thread 2,5,main]) started.
[        ] :emoji_picker_flutter:stripDebugDebugSymbols (Thread[#38524,Execution worker Thread 2,5,main]) started.
[        ] > Task :emoji_picker_flutter:stripDebugDebugSymbols NO-SOURCE
[        ] Skipping task ':emoji_picker_flutter:stripDebugDebugSymbols' as it has no source files and no previous output files.
[        ] Resolve mutations for :emoji_picker_flutter:copyDebugJniLibsProjectAndLocalJars (Thread[#38524,Execution worker Thread 2,5,main]) started.
[        ] :emoji_picker_flutter:copyDebugJniLibsProjectAndLocalJars (Thread[#38524,Execution worker Thread 2,5,main]) started.
[        ] > Task :emoji_picker_flutter:copyDebugJniLibsProjectAndLocalJars UP-TO-DATE
[        ] Caching disabled for task ':emoji_picker_flutter:copyDebugJniLibsProjectAndLocalJars' because:
[        ]   Build cache is disabled
[        ]   Caching has been disabled for the task
[        ] Skipping task ':emoji_picker_flutter:copyDebugJniLibsProjectAndLocalJars' as it is up-to-date.
[        ] Resolve mutations for :emoji_picker_flutter:extractDebugAnnotations (Thread[#38524,Execution worker Thread 2,5,main]) started.
[        ] :emoji_picker_flutter:extractDebugAnnotations (Thread[#38524,Execution worker Thread 2,5,main]) started.
[        ] > Task :emoji_picker_flutter:extractDebugAnnotations UP-TO-DATE
[        ] Caching disabled for task ':emoji_picker_flutter:extractDebugAnnotations' because:
[        ]   Build cache is disabled
[        ] Skipping task ':emoji_picker_flutter:extractDebugAnnotations' as it is up-to-date.
[        ] Resolve mutations for :emoji_picker_flutter:extractDeepLinksForAarDebug (Thread[#38524,Execution worker Thread 2,5,main]) started.
[        ] :emoji_picker_flutter:extractDeepLinksForAarDebug (Thread[#38524,Execution worker Thread 2,5,main]) started.
[        ] > Task :emoji_picker_flutter:extractDeepLinksForAarDebug UP-TO-DATE
[        ] Caching disabled for task ':emoji_picker_flutter:extractDeepLinksForAarDebug' because:
[        ]   Build cache is disabled
[        ] Skipping task ':emoji_picker_flutter:extractDeepLinksForAarDebug' as it is up-to-date.
[        ] Resolve mutations for :emoji_picker_flutter:mergeDebugGeneratedProguardFiles (Thread[#38524,Execution worker Thread 2,5,main]) started.
[        ] :emoji_picker_flutter:mergeDebugGeneratedProguardFiles (Thread[#38524,Execution worker Thread 2,5,main]) started.
[        ] > Task :emoji_picker_flutter:mergeDebugGeneratedProguardFiles UP-TO-DATE
[        ] Caching disabled for task ':emoji_picker_flutter:mergeDebugGeneratedProguardFiles' because:
[        ]   Build cache is disabled
[        ]   Simple merging task
[        ] Skipping task ':emoji_picker_flutter:mergeDebugGeneratedProguardFiles' as it is up-to-date.
[        ] Resolve mutations for :emoji_picker_flutter:mergeDebugConsumerProguardFiles (Thread[#38524,Execution worker Thread 2,5,main]) started.
[        ] :emoji_picker_flutter:mergeDebugConsumerProguardFiles (Thread[#38524,Execution worker Thread 2,5,main]) started.
[        ] > Task :emoji_picker_flutter:mergeDebugConsumerProguardFiles UP-TO-DATE
[        ] Caching disabled for task ':emoji_picker_flutter:mergeDebugConsumerProguardFiles' because:
[        ]   Build cache is disabled
[        ]   Simple merging task
[        ] Skipping task ':emoji_picker_flutter:mergeDebugConsumerProguardFiles' as it is up-to-date.
[        ] Resolve mutations for :emoji_picker_flutter:prepareDebugArtProfile (Thread[#38524,Execution worker Thread 2,5,main]) started.
[        ] :emoji_picker_flutter:prepareDebugArtProfile (Thread[#38524,Execution worker Thread 2,5,main]) started.
[        ] > Task :emoji_picker_flutter:prepareDebugArtProfile UP-TO-DATE
[        ] Caching disabled for task ':emoji_picker_flutter:prepareDebugArtProfile' because:
[        ]   Build cache is disabled
[        ]   Caching has been disabled for the task
[        ] Skipping task ':emoji_picker_flutter:prepareDebugArtProfile' as it is up-to-date.
[        ] Resolve mutations for :emoji_picker_flutter:prepareLintJarForPublish (Thread[#38524,Execution worker Thread 2,5,main]) started.
[        ] :emoji_picker_flutter:prepareLintJarForPublish (Thread[#38524,Execution worker Thread 2,5,main]) started.
[        ] > Task :emoji_picker_flutter:prepareLintJarForPublish UP-TO-DATE
[        ] Caching disabled for task ':emoji_picker_flutter:prepareLintJarForPublish' because:
[        ]   Build cache is disabled
[        ]   Caching has been disabled for the task
[        ] Skipping task ':emoji_picker_flutter:prepareLintJarForPublish' as it is up-to-date.
[        ] Resolve mutations for :emoji_picker_flutter:mergeDebugJavaResource (Thread[#38524,Execution worker Thread 2,5,main]) started.
[        ] :emoji_picker_flutter:mergeDebugJavaResource (Thread[#38524,Execution worker Thread 2,5,main]) started.
[        ] > Task :emoji_picker_flutter:mergeDebugJavaResource UP-TO-DATE
[        ] Caching disabled for task ':emoji_picker_flutter:mergeDebugJavaResource' because:
[        ]   Build cache is disabled
[        ]   Caching has been disabled for the task
[        ] Skipping task ':emoji_picker_flutter:mergeDebugJavaResource' as it is up-to-date.
[        ] Resolve mutations for :emoji_picker_flutter:syncDebugLibJars (Thread[#38524,Execution worker Thread 2,5,main]) started.
[        ] :emoji_picker_flutter:syncDebugLibJars (Thread[#38524,Execution worker Thread 2,5,main]) started.
[        ] > Task :emoji_picker_flutter:syncDebugLibJars UP-TO-DATE
[        ] Caching disabled for task ':emoji_picker_flutter:syncDebugLibJars' because:
[        ]   Build cache is disabled
[        ] Skipping task ':emoji_picker_flutter:syncDebugLibJars' as it is up-to-date.
[        ] Resolve mutations for :emoji_picker_flutter:bundleDebugAar (Thread[#38524,Execution worker Thread 2,5,main]) started.
[        ] :emoji_picker_flutter:bundleDebugAar (Thread[#38524,Execution worker Thread 2,5,main]) started.
[        ] > Task :emoji_picker_flutter:bundleDebugAar UP-TO-DATE
[        ] Caching disabled for task ':emoji_picker_flutter:bundleDebugAar' because:
[        ]   Build cache is disabled
[        ]   Caching has been disabled for the task
[        ] Skipping task ':emoji_picker_flutter:bundleDebugAar' as it is up-to-date.
[        ] Resolve mutations for :emoji_picker_flutter:assembleDebug (Thread[#38524,Execution worker Thread 2,5,main]) started.
[        ] :emoji_picker_flutter:assembleDebug (Thread[#38524,Execution worker Thread 2,5,main]) started.
[        ] > Task :emoji_picker_flutter:assembleDebug UP-TO-DATE
[        ] Skipping task ':emoji_picker_flutter:assembleDebug' as it has no actions.
[        ] Resolve mutations for :file_selector_android:stripDebugDebugSymbols (Thread[#38524,Execution worker Thread 2,5,main]) started.
[        ] :file_selector_android:stripDebugDebugSymbols (Thread[#38524,Execution worker Thread 2,5,main]) started.
[        ] > Task :file_selector_android:stripDebugDebugSymbols NO-SOURCE
[        ] Skipping task ':file_selector_android:stripDebugDebugSymbols' as it has no source files and no previous output files.
[        ] Resolve mutations for :file_selector_android:copyDebugJniLibsProjectAndLocalJars (Thread[#38524,Execution worker Thread 2,5,main]) started.
[        ] :file_selector_android:copyDebugJniLibsProjectAndLocalJars (Thread[#38524,Execution worker Thread 2,5,main]) started.
[        ] > Task :file_selector_android:copyDebugJniLibsProjectAndLocalJars UP-TO-DATE
[        ] Caching disabled for task ':file_selector_android:copyDebugJniLibsProjectAndLocalJars' because:
[        ]   Build cache is disabled
[        ]   Caching has been disabled for the task
[        ] Skipping task ':file_selector_android:copyDebugJniLibsProjectAndLocalJars' as it is up-to-date.
[        ] Resolve mutations for :file_selector_android:extractDebugAnnotations (Thread[#38524,Execution worker Thread 2,5,main]) started.
[        ] :file_selector_android:extractDebugAnnotations (Thread[#38524,Execution worker Thread 2,5,main]) started.
[        ] > Task :file_selector_android:extractDebugAnnotations UP-TO-DATE
[        ] Caching disabled for task ':file_selector_android:extractDebugAnnotations' because:
[        ]   Build cache is disabled
[        ] Skipping task ':file_selector_android:extractDebugAnnotations' as it is up-to-date.
[        ] Resolve mutations for :file_selector_android:extractDeepLinksForAarDebug (Thread[#38524,Execution worker Thread 2,5,main]) started.
[        ] :file_selector_android:extractDeepLinksForAarDebug (Thread[#38524,Execution worker Thread 2,5,main]) started.
[        ] > Task :file_selector_android:extractDeepLinksForAarDebug UP-TO-DATE
[        ] Caching disabled for task ':file_selector_android:extractDeepLinksForAarDebug' because:
[        ]   Build cache is disabled
[        ] Skipping task ':file_selector_android:extractDeepLinksForAarDebug' as it is up-to-date.
[        ] Resolve mutations for :file_selector_android:mergeDebugGeneratedProguardFiles (Thread[#38524,Execution worker Thread 2,5,main]) started.
[        ] :file_selector_android:mergeDebugGeneratedProguardFiles (Thread[#38524,Execution worker Thread 2,5,main]) started.
[        ] > Task :file_selector_android:mergeDebugGeneratedProguardFiles UP-TO-DATE
[        ] Caching disabled for task ':file_selector_android:mergeDebugGeneratedProguardFiles' because:
[        ]   Build cache is disabled
[        ]   Simple merging task
[        ] Skipping task ':file_selector_android:mergeDebugGeneratedProguardFiles' as it is up-to-date.
[        ] Resolve mutations for :file_selector_android:mergeDebugConsumerProguardFiles (Thread[#38524,Execution worker Thread 2,5,main]) started.
[        ] :file_selector_android:mergeDebugConsumerProguardFiles (Thread[#38524,Execution worker Thread 2,5,main]) started.
[        ] > Task :file_selector_android:mergeDebugConsumerProguardFiles UP-TO-DATE
[        ] Caching disabled for task ':file_selector_android:mergeDebugConsumerProguardFiles' because:
[        ]   Build cache is disabled
[        ]   Simple merging task
[        ] Skipping task ':file_selector_android:mergeDebugConsumerProguardFiles' as it is up-to-date.
[        ] Resolve mutations for :file_selector_android:prepareDebugArtProfile (Thread[#38524,Execution worker Thread 2,5,main]) started.
[        ] :file_selector_android:prepareDebugArtProfile (Thread[#38524,Execution worker Thread 2,5,main]) started.
[        ] > Task :file_selector_android:prepareDebugArtProfile UP-TO-DATE
[        ] Caching disabled for task ':file_selector_android:prepareDebugArtProfile' because:
[        ]   Build cache is disabled
[        ]   Caching has been disabled for the task
[        ] Skipping task ':file_selector_android:prepareDebugArtProfile' as it is up-to-date.
[        ] Resolve mutations for :file_selector_android:prepareLintJarForPublish (Thread[#38524,Execution worker Thread 2,5,main]) started.
[        ] :file_selector_android:prepareLintJarForPublish (Thread[#38524,Execution worker Thread 2,5,main]) started.
[        ] > Task :file_selector_android:prepareLintJarForPublish UP-TO-DATE
[        ] Caching disabled for task ':file_selector_android:prepareLintJarForPublish' because:
[        ]   Build cache is disabled
[        ]   Caching has been disabled for the task
[        ] Skipping task ':file_selector_android:prepareLintJarForPublish' as it is up-to-date.
[        ] Resolve mutations for :file_selector_android:mergeDebugJavaResource (Thread[#38524,Execution worker Thread 2,5,main]) started.
[        ] :file_selector_android:mergeDebugJavaResource (Thread[#38524,Execution worker Thread 2,5,main]) started.
[        ] > Task :file_selector_android:mergeDebugJavaResource UP-TO-DATE
[        ] Caching disabled for task ':file_selector_android:mergeDebugJavaResource' because:
[        ]   Build cache is disabled
[        ]   Caching has been disabled for the task
[        ] Skipping task ':file_selector_android:mergeDebugJavaResource' as it is up-to-date.
[        ] Resolve mutations for :file_selector_android:syncDebugLibJars (Thread[#38524,Execution worker Thread 2,5,main]) started.
[        ] :file_selector_android:syncDebugLibJars (Thread[#38524,Execution worker Thread 2,5,main]) started.
[        ] > Task :file_selector_android:syncDebugLibJars UP-TO-DATE
[        ] Caching disabled for task ':file_selector_android:syncDebugLibJars' because:
[        ]   Build cache is disabled
[        ] Skipping task ':file_selector_android:syncDebugLibJars' as it is up-to-date.
[        ] Resolve mutations for :file_selector_android:bundleDebugAar (Thread[#38524,Execution worker Thread 2,5,main]) started.
[        ] :file_selector_android:bundleDebugAar (Thread[#38524,Execution worker Thread 2,5,main]) started.
[        ] > Task :file_selector_android:bundleDebugAar UP-TO-DATE
[        ] Caching disabled for task ':file_selector_android:bundleDebugAar' because:
[        ]   Build cache is disabled
[        ]   Caching has been disabled for the task
[        ] Skipping task ':file_selector_android:bundleDebugAar' as it is up-to-date.
[        ] Resolve mutations for :file_selector_android:assembleDebug (Thread[#38524,Execution worker Thread 2,5,main]) started.
[        ] :file_selector_android:assembleDebug (Thread[#38524,Execution worker Thread 2,5,main]) started.
[        ] > Task :file_selector_android:assembleDebug UP-TO-DATE
[        ] Skipping task ':file_selector_android:assembleDebug' as it has no actions.
[        ] Resolve mutations for :flutter_keyboard_visibility_temp_fork:stripDebugDebugSymbols (Thread[#38524,Execution worker Thread 2,5,main]) started.
[        ] :flutter_keyboard_visibility_temp_fork:stripDebugDebugSymbols (Thread[#38524,Execution worker Thread 2,5,main]) started.
[        ] > Task :flutter_keyboard_visibility_temp_fork:stripDebugDebugSymbols NO-SOURCE
[        ] Skipping task ':flutter_keyboard_visibility_temp_fork:stripDebugDebugSymbols' as it has no source files and no previous output files.
[        ] Resolve mutations for :flutter_keyboard_visibility_temp_fork:copyDebugJniLibsProjectAndLocalJars (Thread[#38524,Execution worker Thread 2,5,main]) started.
[        ] :flutter_keyboard_visibility_temp_fork:copyDebugJniLibsProjectAndLocalJars (Thread[#38524,Execution worker Thread 2,5,main]) started.
[        ] > Task :flutter_keyboard_visibility_temp_fork:copyDebugJniLibsProjectAndLocalJars UP-TO-DATE
[        ] Caching disabled for task ':flutter_keyboard_visibility_temp_fork:copyDebugJniLibsProjectAndLocalJars' because:
[        ]   Build cache is disabled
[        ]   Caching has been disabled for the task
[        ] Skipping task ':flutter_keyboard_visibility_temp_fork:copyDebugJniLibsProjectAndLocalJars' as it is up-to-date.
[        ] Resolve mutations for :flutter_keyboard_visibility_temp_fork:extractDebugAnnotations (Thread[#38524,Execution worker Thread 2,5,main]) started.
[        ] :flutter_keyboard_visibility_temp_fork:extractDebugAnnotations (Thread[#38524,Execution worker Thread 2,5,main]) started.
[        ] > Task :flutter_keyboard_visibility_temp_fork:extractDebugAnnotations UP-TO-DATE
[        ] Caching disabled for task ':flutter_keyboard_visibility_temp_fork:extractDebugAnnotations' because:
[        ]   Build cache is disabled
[        ] Skipping task ':flutter_keyboard_visibility_temp_fork:extractDebugAnnotations' as it is up-to-date.
[        ] Resolve mutations for :flutter_keyboard_visibility_temp_fork:extractDeepLinksForAarDebug (Thread[#38524,Execution worker Thread 2,5,main]) started.
[        ] :flutter_keyboard_visibility_temp_fork:extractDeepLinksForAarDebug (Thread[#38524,Execution worker Thread 2,5,main]) started.
[        ] > Task :flutter_keyboard_visibility_temp_fork:extractDeepLinksForAarDebug UP-TO-DATE
[        ] Caching disabled for task ':flutter_keyboard_visibility_temp_fork:extractDeepLinksForAarDebug' because:
[        ]   Build cache is disabled
[        ] Skipping task ':flutter_keyboard_visibility_temp_fork:extractDeepLinksForAarDebug' as it is up-to-date.
[        ] Resolve mutations for :flutter_keyboard_visibility_temp_fork:mergeDebugGeneratedProguardFiles (Thread[#38524,Execution worker Thread 2,5,main]) started.
[        ] :flutter_keyboard_visibility_temp_fork:mergeDebugGeneratedProguardFiles (Thread[#38524,Execution worker Thread 2,5,main]) started.
[        ] > Task :flutter_keyboard_visibility_temp_fork:mergeDebugGeneratedProguardFiles UP-TO-DATE
[        ] Caching disabled for task ':flutter_keyboard_visibility_temp_fork:mergeDebugGeneratedProguardFiles' because:
[        ]   Build cache is disabled
[        ]   Simple merging task
[        ] Skipping task ':flutter_keyboard_visibility_temp_fork:mergeDebugGeneratedProguardFiles' as it is up-to-date.
[        ] Resolve mutations for :flutter_keyboard_visibility_temp_fork:mergeDebugConsumerProguardFiles (Thread[#38524,Execution worker Thread 2,5,main]) started.
[        ] :flutter_keyboard_visibility_temp_fork:mergeDebugConsumerProguardFiles (Thread[#38524,Execution worker Thread 2,5,main]) started.
[        ] > Task :flutter_keyboard_visibility_temp_fork:mergeDebugConsumerProguardFiles UP-TO-DATE
[        ] Caching disabled for task ':flutter_keyboard_visibility_temp_fork:mergeDebugConsumerProguardFiles' because:
[        ]   Build cache is disabled
[        ]   Simple merging task
[        ] Skipping task ':flutter_keyboard_visibility_temp_fork:mergeDebugConsumerProguardFiles' as it is up-to-date.
[        ] Resolve mutations for :flutter_keyboard_visibility_temp_fork:prepareDebugArtProfile (Thread[#38524,Execution worker Thread 2,5,main]) started.
[        ] :flutter_keyboard_visibility_temp_fork:prepareDebugArtProfile (Thread[#38524,Execution worker Thread 2,5,main]) started.
[        ] > Task :flutter_keyboard_visibility_temp_fork:prepareDebugArtProfile UP-TO-DATE
[        ] Caching disabled for task ':flutter_keyboard_visibility_temp_fork:prepareDebugArtProfile' because:
[        ]   Build cache is disabled
[        ]   Caching has been disabled for the task
[        ] Skipping task ':flutter_keyboard_visibility_temp_fork:prepareDebugArtProfile' as it is up-to-date.
[        ] Resolve mutations for :flutter_keyboard_visibility_temp_fork:prepareLintJarForPublish (Thread[#38524,Execution worker Thread 2,5,main]) started.
[        ] :flutter_keyboard_visibility_temp_fork:prepareLintJarForPublish (Thread[#38524,Execution worker Thread 2,5,main]) started.
[        ] > Task :flutter_keyboard_visibility_temp_fork:prepareLintJarForPublish UP-TO-DATE
[        ] Caching disabled for task ':flutter_keyboard_visibility_temp_fork:prepareLintJarForPublish' because:
[        ]   Build cache is disabled
[        ]   Caching has been disabled for the task
[        ] Skipping task ':flutter_keyboard_visibility_temp_fork:prepareLintJarForPublish' as it is up-to-date.
[        ] Resolve mutations for :flutter_keyboard_visibility_temp_fork:mergeDebugJavaResource (Thread[#38524,Execution worker Thread 2,5,main]) started.
[        ] :flutter_keyboard_visibility_temp_fork:mergeDebugJavaResource (Thread[#38524,Execution worker Thread 2,5,main]) started.
[        ] > Task :flutter_keyboard_visibility_temp_fork:mergeDebugJavaResource UP-TO-DATE
[        ] Caching disabled for task ':flutter_keyboard_visibility_temp_fork:mergeDebugJavaResource' because:
[        ]   Build cache is disabled
[        ]   Caching has been disabled for the task
[        ] Skipping task ':flutter_keyboard_visibility_temp_fork:mergeDebugJavaResource' as it is up-to-date.
[        ] Resolve mutations for :flutter_keyboard_visibility_temp_fork:syncDebugLibJars (Thread[#38524,Execution worker Thread 2,5,main]) started.
[        ] :flutter_keyboard_visibility_temp_fork:syncDebugLibJars (Thread[#38524,Execution worker Thread 2,5,main]) started.
[        ] > Task :flutter_keyboard_visibility_temp_fork:syncDebugLibJars UP-TO-DATE
[        ] Caching disabled for task ':flutter_keyboard_visibility_temp_fork:syncDebugLibJars' because:
[        ]   Build cache is disabled
[        ] Skipping task ':flutter_keyboard_visibility_temp_fork:syncDebugLibJars' as it is up-to-date.
[        ] Resolve mutations for :flutter_keyboard_visibility_temp_fork:bundleDebugAar (Thread[#38524,Execution worker Thread 2,5,main]) started.
[        ] :flutter_keyboard_visibility_temp_fork:bundleDebugAar (Thread[#38524,Execution worker Thread 2,5,main]) started.
[        ] > Task :flutter_keyboard_visibility_temp_fork:bundleDebugAar UP-TO-DATE
[        ] Caching disabled for task ':flutter_keyboard_visibility_temp_fork:bundleDebugAar' because:
[        ]   Build cache is disabled
[        ]   Caching has been disabled for the task
[        ] Skipping task ':flutter_keyboard_visibility_temp_fork:bundleDebugAar' as it is up-to-date.
[        ] Resolve mutations for :flutter_keyboard_visibility_temp_fork:assembleDebug (Thread[#38524,Execution worker Thread 2,5,main]) started.
[        ] :flutter_keyboard_visibility_temp_fork:assembleDebug (Thread[#38524,Execution worker Thread 2,5,main]) started.
[        ] > Task :flutter_keyboard_visibility_temp_fork:assembleDebug UP-TO-DATE
[        ] Skipping task ':flutter_keyboard_visibility_temp_fork:assembleDebug' as it has no actions.
[        ] Resolve mutations for :flutter_native_splash:stripDebugDebugSymbols (Thread[#38524,Execution worker Thread 2,5,main]) started.
[        ] :flutter_native_splash:stripDebugDebugSymbols (Thread[#38524,Execution worker Thread 2,5,main]) started.
[        ] > Task :flutter_native_splash:stripDebugDebugSymbols NO-SOURCE
[        ] Skipping task ':flutter_native_splash:stripDebugDebugSymbols' as it has no source files and no previous output files.
[        ] Resolve mutations for :flutter_native_splash:copyDebugJniLibsProjectAndLocalJars (Thread[#38524,Execution worker Thread 2,5,main]) started.
[        ] :flutter_native_splash:copyDebugJniLibsProjectAndLocalJars (Thread[#38524,Execution worker Thread 2,5,main]) started.
[        ] > Task :flutter_native_splash:copyDebugJniLibsProjectAndLocalJars UP-TO-DATE
[        ] Caching disabled for task ':flutter_native_splash:copyDebugJniLibsProjectAndLocalJars' because:
[        ]   Build cache is disabled
[        ]   Caching has been disabled for the task
[        ] Skipping task ':flutter_native_splash:copyDebugJniLibsProjectAndLocalJars' as it is up-to-date.
[        ] Resolve mutations for :flutter_native_splash:extractDebugAnnotations (Thread[#38524,Execution worker Thread 2,5,main]) started.
[        ] :flutter_native_splash:extractDebugAnnotations (Thread[#38524,Execution worker Thread 2,5,main]) started.
[        ] > Task :flutter_native_splash:extractDebugAnnotations UP-TO-DATE
[        ] Caching disabled for task ':flutter_native_splash:extractDebugAnnotations' because:
[        ]   Build cache is disabled
[        ] Skipping task ':flutter_native_splash:extractDebugAnnotations' as it is up-to-date.
[        ] Resolve mutations for :flutter_native_splash:extractDeepLinksForAarDebug (Thread[#38524,Execution worker Thread 2,5,main]) started.
[        ] :flutter_native_splash:extractDeepLinksForAarDebug (Thread[#38524,Execution worker Thread 2,5,main]) started.
[        ] > Task :flutter_native_splash:extractDeepLinksForAarDebug UP-TO-DATE
[        ] Caching disabled for task ':flutter_native_splash:extractDeepLinksForAarDebug' because:
[        ]   Build cache is disabled
[        ] Skipping task ':flutter_native_splash:extractDeepLinksForAarDebug' as it is up-to-date.
[        ] Resolve mutations for :flutter_native_splash:mergeDebugGeneratedProguardFiles (Thread[#38524,Execution worker Thread 2,5,main]) started.
[        ] :flutter_native_splash:mergeDebugGeneratedProguardFiles (Thread[#38524,Execution worker Thread 2,5,main]) started.
[        ] > Task :flutter_native_splash:mergeDebugGeneratedProguardFiles UP-TO-DATE
[        ] Caching disabled for task ':flutter_native_splash:mergeDebugGeneratedProguardFiles' because:
[        ]   Build cache is disabled
[        ]   Simple merging task
[        ] Skipping task ':flutter_native_splash:mergeDebugGeneratedProguardFiles' as it is up-to-date.
[        ] Resolve mutations for :flutter_native_splash:mergeDebugConsumerProguardFiles (Thread[#38524,Execution worker Thread 2,5,main]) started.
[        ] :flutter_native_splash:mergeDebugConsumerProguardFiles (Thread[#38524,Execution worker Thread 2,5,main]) started.
[        ] > Task :flutter_native_splash:mergeDebugConsumerProguardFiles UP-TO-DATE
[        ] Caching disabled for task ':flutter_native_splash:mergeDebugConsumerProguardFiles' because:
[        ]   Build cache is disabled
[        ]   Simple merging task
[        ] Skipping task ':flutter_native_splash:mergeDebugConsumerProguardFiles' as it is up-to-date.
[        ] Resolve mutations for :flutter_native_splash:prepareDebugArtProfile (Thread[#38524,Execution worker Thread 2,5,main]) started.
[        ] :flutter_native_splash:prepareDebugArtProfile (Thread[#38524,Execution worker Thread 2,5,main]) started.
[        ] > Task :flutter_native_splash:prepareDebugArtProfile UP-TO-DATE
[        ] Caching disabled for task ':flutter_native_splash:prepareDebugArtProfile' because:
[        ]   Build cache is disabled
[        ]   Caching has been disabled for the task
[        ] Skipping task ':flutter_native_splash:prepareDebugArtProfile' as it is up-to-date.
[        ] Resolve mutations for :flutter_native_splash:prepareLintJarForPublish (Thread[#38524,Execution worker Thread 2,5,main]) started.
[        ] :flutter_native_splash:prepareLintJarForPublish (Thread[#38524,Execution worker Thread 2,5,main]) started.
[        ] > Task :flutter_native_splash:prepareLintJarForPublish UP-TO-DATE
[        ] Caching disabled for task ':flutter_native_splash:prepareLintJarForPublish' because:
[        ]   Build cache is disabled
[        ]   Caching has been disabled for the task
[        ] Skipping task ':flutter_native_splash:prepareLintJarForPublish' as it is up-to-date.
[        ] Resolve mutations for :flutter_native_splash:mergeDebugJavaResource (Thread[#38524,Execution worker Thread 2,5,main]) started.
[        ] :flutter_native_splash:mergeDebugJavaResource (Thread[#38524,Execution worker Thread 2,5,main]) started.
[        ] > Task :flutter_native_splash:mergeDebugJavaResource UP-TO-DATE
[        ] Caching disabled for task ':flutter_native_splash:mergeDebugJavaResource' because:
[        ]   Build cache is disabled
[        ]   Caching has been disabled for the task
[        ] Skipping task ':flutter_native_splash:mergeDebugJavaResource' as it is up-to-date.
[        ] Resolve mutations for :flutter_native_splash:syncDebugLibJars (Thread[#38524,Execution worker Thread 2,5,main]) started.
[        ] :flutter_native_splash:syncDebugLibJars (Thread[#38524,Execution worker Thread 2,5,main]) started.
[        ] > Task :flutter_native_splash:syncDebugLibJars UP-TO-DATE
[        ] Caching disabled for task ':flutter_native_splash:syncDebugLibJars' because:
[        ]   Build cache is disabled
[        ] Skipping task ':flutter_native_splash:syncDebugLibJars' as it is up-to-date.
[        ] Resolve mutations for :flutter_native_splash:bundleDebugAar (Thread[#38524,Execution worker Thread 2,5,main]) started.
[        ] :flutter_native_splash:bundleDebugAar (Thread[#38524,Execution worker Thread 2,5,main]) started.
[        ] > Task :flutter_native_splash:bundleDebugAar UP-TO-DATE
[        ] Caching disabled for task ':flutter_native_splash:bundleDebugAar' because:
[        ]   Build cache is disabled
[        ]   Caching has been disabled for the task
[        ] Skipping task ':flutter_native_splash:bundleDebugAar' as it is up-to-date.
[        ] Resolve mutations for :flutter_native_splash:assembleDebug (Thread[#38524,Execution worker Thread 2,5,main]) started.
[        ] :flutter_native_splash:assembleDebug (Thread[#38524,Execution worker Thread 2,5,main]) started.
[        ] > Task :flutter_native_splash:assembleDebug UP-TO-DATE
[        ] Skipping task ':flutter_native_splash:assembleDebug' as it has no actions.
[        ] Resolve mutations for :flutter_olm:stripDebugDebugSymbols (Thread[#38524,Execution worker Thread 2,5,main]) started.
[        ] :flutter_olm:stripDebugDebugSymbols (Thread[#38524,Execution worker Thread 2,5,main]) started.
[        ] > Task :flutter_olm:stripDebugDebugSymbols UP-TO-DATE
[        ] Caching disabled for task ':flutter_olm:stripDebugDebugSymbols' because:
[        ]   Build cache is disabled
[        ]   Caching has been disabled for the task
[        ] Skipping task ':flutter_olm:stripDebugDebugSymbols' as it is up-to-date.
[        ] Resolve mutations for :flutter_olm:copyDebugJniLibsProjectAndLocalJars (Thread[#38524,Execution worker Thread 2,5,main]) started.
[        ] :flutter_olm:copyDebugJniLibsProjectAndLocalJars (Thread[#38524,Execution worker Thread 2,5,main]) started.
[        ] > Task :flutter_olm:copyDebugJniLibsProjectAndLocalJars UP-TO-DATE
[        ] Caching disabled for task ':flutter_olm:copyDebugJniLibsProjectAndLocalJars' because:
[        ]   Build cache is disabled
[        ]   Caching has been disabled for the task
[        ] Skipping task ':flutter_olm:copyDebugJniLibsProjectAndLocalJars' as it is up-to-date.
[        ] Resolve mutations for :flutter_olm:extractDebugAnnotations (Thread[#38524,Execution worker Thread 2,5,main]) started.
[        ] :flutter_olm:extractDebugAnnotations (Thread[#38524,Execution worker Thread 2,5,main]) started.
[        ] > Task :flutter_olm:extractDebugAnnotations UP-TO-DATE
[        ] Caching disabled for task ':flutter_olm:extractDebugAnnotations' because:
[        ]   Build cache is disabled
[        ] Skipping task ':flutter_olm:extractDebugAnnotations' as it is up-to-date.
[        ] Resolve mutations for :flutter_olm:extractDeepLinksForAarDebug (Thread[#38524,Execution worker Thread 2,5,main]) started.
[        ] :flutter_olm:extractDeepLinksForAarDebug (Thread[#38524,Execution worker Thread 2,5,main]) started.
[        ] > Task :flutter_olm:extractDeepLinksForAarDebug UP-TO-DATE
[        ] Caching disabled for task ':flutter_olm:extractDeepLinksForAarDebug' because:
[        ]   Build cache is disabled
[        ] Skipping task ':flutter_olm:extractDeepLinksForAarDebug' as it is up-to-date.
[        ] Resolve mutations for :flutter_olm:mergeDebugGeneratedProguardFiles (Thread[#38524,Execution worker Thread 2,5,main]) started.
[        ] :flutter_olm:mergeDebugGeneratedProguardFiles (Thread[#38524,Execution worker Thread 2,5,main]) started.
[        ] > Task :flutter_olm:mergeDebugGeneratedProguardFiles UP-TO-DATE
[        ] Caching disabled for task ':flutter_olm:mergeDebugGeneratedProguardFiles' because:
[        ]   Build cache is disabled
[        ]   Simple merging task
[        ] Skipping task ':flutter_olm:mergeDebugGeneratedProguardFiles' as it is up-to-date.
[        ] Resolve mutations for :flutter_olm:mergeDebugConsumerProguardFiles (Thread[#38524,Execution worker Thread 2,5,main]) started.
[        ] :flutter_olm:mergeDebugConsumerProguardFiles (Thread[#38524,Execution worker Thread 2,5,main]) started.
[        ] > Task :flutter_olm:mergeDebugConsumerProguardFiles UP-TO-DATE
[        ] Caching disabled for task ':flutter_olm:mergeDebugConsumerProguardFiles' because:
[        ]   Build cache is disabled
[        ]   Simple merging task
[        ] Skipping task ':flutter_olm:mergeDebugConsumerProguardFiles' as it is up-to-date.
[        ] Resolve mutations for :flutter_olm:prepareDebugArtProfile (Thread[#38524,Execution worker Thread 2,5,main]) started.
[        ] :flutter_olm:prepareDebugArtProfile (Thread[#38524,Execution worker Thread 2,5,main]) started.
[        ] > Task :flutter_olm:prepareDebugArtProfile UP-TO-DATE
[        ] Caching disabled for task ':flutter_olm:prepareDebugArtProfile' because:
[        ]   Build cache is disabled
[        ]   Caching has been disabled for the task
[        ] Skipping task ':flutter_olm:prepareDebugArtProfile' as it is up-to-date.
[        ] Resolve mutations for :flutter_olm:prepareLintJarForPublish (Thread[#38524,Execution worker Thread 2,5,main]) started.
[        ] :flutter_olm:prepareLintJarForPublish (Thread[#38524,Execution worker Thread 2,5,main]) started.
[        ] > Task :flutter_olm:prepareLintJarForPublish UP-TO-DATE
[        ] Caching disabled for task ':flutter_olm:prepareLintJarForPublish' because:
[        ]   Build cache is disabled
[        ]   Caching has been disabled for the task
[        ] Skipping task ':flutter_olm:prepareLintJarForPublish' as it is up-to-date.
[        ] Resolve mutations for :flutter_olm:mergeDebugJavaResource (Thread[#38524,Execution worker Thread 2,5,main]) started.
[        ] :flutter_olm:mergeDebugJavaResource (Thread[#38524,Execution worker Thread 2,5,main]) started.
[        ] > Task :flutter_olm:mergeDebugJavaResource UP-TO-DATE
[        ] Caching disabled for task ':flutter_olm:mergeDebugJavaResource' because:
[        ]   Build cache is disabled
[        ]   Caching has been disabled for the task
[        ] Skipping task ':flutter_olm:mergeDebugJavaResource' as it is up-to-date.
[        ] Resolve mutations for :flutter_olm:syncDebugLibJars (Thread[#38524,Execution worker Thread 2,5,main]) started.
[        ] :flutter_olm:syncDebugLibJars (Thread[#38524,Execution worker Thread 2,5,main]) started.
[        ] > Task :flutter_olm:syncDebugLibJars UP-TO-DATE
[        ] Caching disabled for task ':flutter_olm:syncDebugLibJars' because:
[        ]   Build cache is disabled
[        ] Skipping task ':flutter_olm:syncDebugLibJars' as it is up-to-date.
[        ] Resolve mutations for :flutter_olm:bundleDebugAar (Thread[#38524,Execution worker Thread 2,5,main]) started.
[        ] :flutter_olm:bundleDebugAar (Thread[#38524,Execution worker Thread 2,5,main]) started.
[        ] > Task :flutter_olm:bundleDebugAar UP-TO-DATE
[        ] Caching disabled for task ':flutter_olm:bundleDebugAar' because:
[        ]   Build cache is disabled
[        ]   Caching has been disabled for the task
[        ] Skipping task ':flutter_olm:bundleDebugAar' as it is up-to-date.
[        ] Resolve mutations for :flutter_olm:assembleDebug (Thread[#38524,Execution worker Thread 2,5,main]) started.
[        ] :flutter_olm:assembleDebug (Thread[#38524,Execution worker Thread 2,5,main]) started.
[        ] > Task :flutter_olm:assembleDebug UP-TO-DATE
[        ] Skipping task ':flutter_olm:assembleDebug' as it has no actions.
[        ] Resolve mutations for :flutter_openssl_crypto:stripDebugDebugSymbols (Thread[#38524,Execution worker Thread 2,5,main]) started.
[        ] :flutter_openssl_crypto:stripDebugDebugSymbols (Thread[#38524,Execution worker Thread 2,5,main]) started.
[        ] > Task :flutter_openssl_crypto:stripDebugDebugSymbols UP-TO-DATE
[        ] Caching disabled for task ':flutter_openssl_crypto:stripDebugDebugSymbols' because:
[        ]   Build cache is disabled
[        ]   Caching has been disabled for the task
[        ] Skipping task ':flutter_openssl_crypto:stripDebugDebugSymbols' as it is up-to-date.
[        ] Resolve mutations for :flutter_openssl_crypto:copyDebugJniLibsProjectAndLocalJars (Thread[#38524,Execution worker Thread 2,5,main]) started.
[        ] :flutter_openssl_crypto:copyDebugJniLibsProjectAndLocalJars (Thread[#38524,Execution worker Thread 2,5,main]) started.
[        ] > Task :flutter_openssl_crypto:copyDebugJniLibsProjectAndLocalJars UP-TO-DATE
[        ] Caching disabled for task ':flutter_openssl_crypto:copyDebugJniLibsProjectAndLocalJars' because:
[        ]   Build cache is disabled
[        ]   Caching has been disabled for the task
[        ] Skipping task ':flutter_openssl_crypto:copyDebugJniLibsProjectAndLocalJars' as it is up-to-date.
[        ] Resolve mutations for :flutter_openssl_crypto:extractDebugAnnotations (Thread[#38524,Execution worker Thread 2,5,main]) started.
[        ] :flutter_openssl_crypto:extractDebugAnnotations (Thread[#38524,Execution worker Thread 2,5,main]) started.
[        ] > Task :flutter_openssl_crypto:extractDebugAnnotations UP-TO-DATE
[        ] Caching disabled for task ':flutter_openssl_crypto:extractDebugAnnotations' because:
[        ]   Build cache is disabled
[        ] Skipping task ':flutter_openssl_crypto:extractDebugAnnotations' as it is up-to-date.
[        ] Resolve mutations for :flutter_openssl_crypto:extractDeepLinksForAarDebug (Thread[#38524,Execution worker Thread 2,5,main]) started.
[        ] :flutter_openssl_crypto:extractDeepLinksForAarDebug (Thread[#38524,Execution worker Thread 2,5,main]) started.
[        ] > Task :flutter_openssl_crypto:extractDeepLinksForAarDebug UP-TO-DATE
[        ] Caching disabled for task ':flutter_openssl_crypto:extractDeepLinksForAarDebug' because:
[        ]   Build cache is disabled
[        ] Skipping task ':flutter_openssl_crypto:extractDeepLinksForAarDebug' as it is up-to-date.
[        ] Resolve mutations for :flutter_openssl_crypto:mergeDebugGeneratedProguardFiles (Thread[#38524,Execution worker Thread 2,5,main]) started.
[        ] :flutter_openssl_crypto:mergeDebugGeneratedProguardFiles (Thread[#38524,Execution worker Thread 2,5,main]) started.
[        ] > Task :flutter_openssl_crypto:mergeDebugGeneratedProguardFiles UP-TO-DATE
[        ] Caching disabled for task ':flutter_openssl_crypto:mergeDebugGeneratedProguardFiles' because:
[        ]   Build cache is disabled
[        ]   Simple merging task
[        ] Skipping task ':flutter_openssl_crypto:mergeDebugGeneratedProguardFiles' as it is up-to-date.
[        ] Resolve mutations for :flutter_openssl_crypto:mergeDebugConsumerProguardFiles (Thread[#38524,Execution worker Thread 2,5,main]) started.
[        ] :flutter_openssl_crypto:mergeDebugConsumerProguardFiles (Thread[#38524,Execution worker Thread 2,5,main]) started.
[        ] > Task :flutter_openssl_crypto:mergeDebugConsumerProguardFiles UP-TO-DATE
[        ] Caching disabled for task ':flutter_openssl_crypto:mergeDebugConsumerProguardFiles' because:
[        ]   Build cache is disabled
[        ]   Simple merging task
[        ] Skipping task ':flutter_openssl_crypto:mergeDebugConsumerProguardFiles' as it is up-to-date.
[        ] Resolve mutations for :flutter_openssl_crypto:prepareDebugArtProfile (Thread[#38524,Execution worker Thread 2,5,main]) started.
[        ] :flutter_openssl_crypto:prepareDebugArtProfile (Thread[#38524,Execution worker Thread 2,5,main]) started.
[        ] > Task :flutter_openssl_crypto:prepareDebugArtProfile UP-TO-DATE
[        ] Caching disabled for task ':flutter_openssl_crypto:prepareDebugArtProfile' because:
[        ]   Build cache is disabled
[        ]   Caching has been disabled for the task
[        ] Skipping task ':flutter_openssl_crypto:prepareDebugArtProfile' as it is up-to-date.
[        ] Resolve mutations for :flutter_openssl_crypto:prepareLintJarForPublish (Thread[#38524,Execution worker Thread 2,5,main]) started.
[        ] :flutter_openssl_crypto:prepareLintJarForPublish (Thread[#38524,Execution worker Thread 2,5,main]) started.
[  +94 ms] > Task :flutter_openssl_crypto:prepareLintJarForPublish UP-TO-DATE
[        ] Caching disabled for task ':flutter_openssl_crypto:prepareLintJarForPublish' because:
[        ]   Build cache is disabled
[        ]   Caching has been disabled for the task
[        ] Skipping task ':flutter_openssl_crypto:prepareLintJarForPublish' as it is up-to-date.
[        ] Resolve mutations for :flutter_openssl_crypto:mergeDebugJavaResource (Thread[#38524,Execution worker Thread 2,5,main]) started.
[        ] :flutter_openssl_crypto:mergeDebugJavaResource (Thread[#38524,Execution worker Thread 2,5,main]) started.
[        ] > Task :flutter_openssl_crypto:mergeDebugJavaResource UP-TO-DATE
[        ] Caching disabled for task ':flutter_openssl_crypto:mergeDebugJavaResource' because:
[        ]   Build cache is disabled
[        ]   Caching has been disabled for the task
[        ] Skipping task ':flutter_openssl_crypto:mergeDebugJavaResource' as it is up-to-date.
[        ] Resolve mutations for :flutter_openssl_crypto:syncDebugLibJars (Thread[#38524,Execution worker Thread 2,5,main]) started.
[        ] :flutter_openssl_crypto:syncDebugLibJars (Thread[#38524,Execution worker Thread 2,5,main]) started.
[        ] > Task :flutter_openssl_crypto:syncDebugLibJars UP-TO-DATE
[        ] Caching disabled for task ':flutter_openssl_crypto:syncDebugLibJars' because:
[        ]   Build cache is disabled
[        ] Skipping task ':flutter_openssl_crypto:syncDebugLibJars' as it is up-to-date.
[        ] Resolve mutations for :flutter_openssl_crypto:bundleDebugAar (Thread[#38524,Execution worker Thread 2,5,main]) started.
[        ] :flutter_openssl_crypto:bundleDebugAar (Thread[#38524,Execution worker Thread 2,5,main]) started.
[        ] > Task :flutter_openssl_crypto:bundleDebugAar UP-TO-DATE
[        ] Caching disabled for task ':flutter_openssl_crypto:bundleDebugAar' because:
[        ]   Build cache is disabled
[        ]   Caching has been disabled for the task
[        ] Skipping task ':flutter_openssl_crypto:bundleDebugAar' as it is up-to-date.
[        ] Resolve mutations for :flutter_openssl_crypto:assembleDebug (Thread[#38524,Execution worker Thread 2,5,main]) started.
[        ] :flutter_openssl_crypto:assembleDebug (Thread[#38524,Execution worker Thread 2,5,main]) started.
[        ] > Task :flutter_openssl_crypto:assembleDebug UP-TO-DATE
[        ] Skipping task ':flutter_openssl_crypto:assembleDebug' as it has no actions.
[        ] Resolve mutations for :integration_test:stripDebugDebugSymbols (Thread[#38524,Execution worker Thread 2,5,main]) started.
[        ] :integration_test:stripDebugDebugSymbols (Thread[#38524,Execution worker Thread 2,5,main]) started.
[        ] > Task :integration_test:stripDebugDebugSymbols NO-SOURCE
[        ] Skipping task ':integration_test:stripDebugDebugSymbols' as it has no source files and no previous output files.
[        ] Resolve mutations for :integration_test:copyDebugJniLibsProjectAndLocalJars (Thread[#38524,Execution worker Thread 2,5,main]) started.
[        ] :integration_test:copyDebugJniLibsProjectAndLocalJars (Thread[#38524,Execution worker Thread 2,5,main]) started.
[        ] > Task :integration_test:copyDebugJniLibsProjectAndLocalJars UP-TO-DATE
[        ] Caching disabled for task ':integration_test:copyDebugJniLibsProjectAndLocalJars' because:
[        ]   Build cache is disabled
[        ]   Caching has been disabled for the task
[        ] Skipping task ':integration_test:copyDebugJniLibsProjectAndLocalJars' as it is up-to-date.
[        ] Resolve mutations for :integration_test:extractDebugAnnotations (Thread[#38524,Execution worker Thread 2,5,main]) started.
[        ] :integration_test:extractDebugAnnotations (Thread[#38524,Execution worker Thread 2,5,main]) started.
[        ] > Task :integration_test:extractDebugAnnotations UP-TO-DATE
[        ] Caching disabled for task ':integration_test:extractDebugAnnotations' because:
[        ]   Build cache is disabled
[        ] Skipping task ':integration_test:extractDebugAnnotations' as it is up-to-date.
[        ] Resolve mutations for :integration_test:extractDeepLinksForAarDebug (Thread[#38524,Execution worker Thread 2,5,main]) started.
[        ] :integration_test:extractDeepLinksForAarDebug (Thread[#38524,Execution worker Thread 2,5,main]) started.
[        ] > Task :integration_test:extractDeepLinksForAarDebug UP-TO-DATE
[        ] Caching disabled for task ':integration_test:extractDeepLinksForAarDebug' because:
[        ]   Build cache is disabled
[        ] Skipping task ':integration_test:extractDeepLinksForAarDebug' as it is up-to-date.
[        ] Resolve mutations for :integration_test:mergeDebugGeneratedProguardFiles (Thread[#38524,Execution worker Thread 2,5,main]) started.
[        ] :integration_test:mergeDebugGeneratedProguardFiles (Thread[#38524,Execution worker Thread 2,5,main]) started.
[        ] > Task :integration_test:mergeDebugGeneratedProguardFiles UP-TO-DATE
[        ] Caching disabled for task ':integration_test:mergeDebugGeneratedProguardFiles' because:
[        ]   Build cache is disabled
[        ]   Simple merging task
[        ] Skipping task ':integration_test:mergeDebugGeneratedProguardFiles' as it is up-to-date.
[        ] Resolve mutations for :integration_test:mergeDebugConsumerProguardFiles (Thread[#38524,Execution worker Thread 2,5,main]) started.
[        ] :integration_test:mergeDebugConsumerProguardFiles (Thread[#38524,Execution worker Thread 2,5,main]) started.
[        ] > Task :integration_test:mergeDebugConsumerProguardFiles UP-TO-DATE
[        ] Caching disabled for task ':integration_test:mergeDebugConsumerProguardFiles' because:
[        ]   Build cache is disabled
[        ]   Simple merging task
[        ] Skipping task ':integration_test:mergeDebugConsumerProguardFiles' as it is up-to-date.
[        ] Resolve mutations for :integration_test:prepareDebugArtProfile (Thread[#38524,Execution worker Thread 2,5,main]) started.
[        ] :integration_test:prepareDebugArtProfile (Thread[#38524,Execution worker Thread 2,5,main]) started.
[        ] > Task :integration_test:prepareDebugArtProfile UP-TO-DATE
[        ] Caching disabled for task ':integration_test:prepareDebugArtProfile' because:
[        ]   Build cache is disabled
[        ]   Caching has been disabled for the task
[        ] Skipping task ':integration_test:prepareDebugArtProfile' as it is up-to-date.
[        ] Resolve mutations for :integration_test:prepareLintJarForPublish (Thread[#38524,Execution worker Thread 2,5,main]) started.
[        ] :integration_test:prepareLintJarForPublish (Thread[#38524,Execution worker Thread 2,5,main]) started.
[        ] > Task :integration_test:prepareLintJarForPublish UP-TO-DATE
[        ] Caching disabled for task ':integration_test:prepareLintJarForPublish' because:
[        ]   Build cache is disabled
[        ]   Caching has been disabled for the task
[        ] Skipping task ':integration_test:prepareLintJarForPublish' as it is up-to-date.
[        ] Resolve mutations for :integration_test:mergeDebugJavaResource (Thread[#38524,Execution worker Thread 2,5,main]) started.
[        ] :integration_test:mergeDebugJavaResource (Thread[#38524,Execution worker Thread 2,5,main]) started.
[        ] > Task :integration_test:mergeDebugJavaResource UP-TO-DATE
[        ] Caching disabled for task ':integration_test:mergeDebugJavaResource' because:
[        ]   Build cache is disabled
[        ]   Caching has been disabled for the task
[        ] Skipping task ':integration_test:mergeDebugJavaResource' as it is up-to-date.
[        ] Resolve mutations for :integration_test:syncDebugLibJars (Thread[#38524,Execution worker Thread 2,5,main]) started.
[        ] :integration_test:syncDebugLibJars (Thread[#38524,Execution worker Thread 2,5,main]) started.
[        ] > Task :integration_test:syncDebugLibJars UP-TO-DATE
[        ] Caching disabled for task ':integration_test:syncDebugLibJars' because:
[        ]   Build cache is disabled
[        ] Skipping task ':integration_test:syncDebugLibJars' as it is up-to-date.
[        ] Resolve mutations for :integration_test:bundleDebugAar (Thread[#38524,Execution worker Thread 2,5,main]) started.
[        ] :integration_test:bundleDebugAar (Thread[#38524,Execution worker Thread 2,5,main]) started.
[        ] > Task :integration_test:bundleDebugAar UP-TO-DATE
[        ] Caching disabled for task ':integration_test:bundleDebugAar' because:
[        ]   Build cache is disabled
[        ]   Caching has been disabled for the task
[        ] Skipping task ':integration_test:bundleDebugAar' as it is up-to-date.
[        ] Resolve mutations for :integration_test:assembleDebug (Thread[#38524,Execution worker Thread 2,5,main]) started.
[        ] :integration_test:assembleDebug (Thread[#38524,Execution worker Thread 2,5,main]) started.
[        ] > Task :integration_test:assembleDebug UP-TO-DATE
[        ] Skipping task ':integration_test:assembleDebug' as it has no actions.
[        ] Resolve mutations for :path_provider_android:stripDebugDebugSymbols (Thread[#38524,Execution worker Thread 2,5,main]) started.
[        ] :path_provider_android:stripDebugDebugSymbols (Thread[#38524,Execution worker Thread 2,5,main]) started.
[        ] > Task :path_provider_android:stripDebugDebugSymbols NO-SOURCE
[        ] Skipping task ':path_provider_android:stripDebugDebugSymbols' as it has no source files and no previous output files.
[        ] Resolve mutations for :path_provider_android:copyDebugJniLibsProjectAndLocalJars (Thread[#38524,Execution worker Thread 2,5,main]) started.
[        ] :path_provider_android:copyDebugJniLibsProjectAndLocalJars (Thread[#38524,Execution worker Thread 2,5,main]) started.
[        ] > Task :path_provider_android:copyDebugJniLibsProjectAndLocalJars UP-TO-DATE
[        ] Caching disabled for task ':path_provider_android:copyDebugJniLibsProjectAndLocalJars' because:
[        ]   Build cache is disabled
[        ]   Caching has been disabled for the task
[        ] Skipping task ':path_provider_android:copyDebugJniLibsProjectAndLocalJars' as it is up-to-date.
[        ] Resolve mutations for :path_provider_android:extractDebugAnnotations (Thread[#38524,Execution worker Thread 2,5,main]) started.
[        ] :path_provider_android:extractDebugAnnotations (Thread[#38524,Execution worker Thread 2,5,main]) started.
[        ] > Task :path_provider_android:extractDebugAnnotations UP-TO-DATE
[        ] Caching disabled for task ':path_provider_android:extractDebugAnnotations' because:
[        ]   Build cache is disabled
[        ] Skipping task ':path_provider_android:extractDebugAnnotations' as it is up-to-date.
[        ] Resolve mutations for :path_provider_android:extractDeepLinksForAarDebug (Thread[#38524,Execution worker Thread 2,5,main]) started.
[        ] :path_provider_android:extractDeepLinksForAarDebug (Thread[#38524,Execution worker Thread 2,5,main]) started.
[        ] > Task :path_provider_android:extractDeepLinksForAarDebug UP-TO-DATE
[        ] Caching disabled for task ':path_provider_android:extractDeepLinksForAarDebug' because:
[        ]   Build cache is disabled
[        ] Skipping task ':path_provider_android:extractDeepLinksForAarDebug' as it is up-to-date.
[        ] Resolve mutations for :path_provider_android:mergeDebugGeneratedProguardFiles (Thread[#38524,Execution worker Thread 2,5,main]) started.
[        ] :path_provider_android:mergeDebugGeneratedProguardFiles (Thread[#38524,Execution worker Thread 2,5,main]) started.
[        ] > Task :path_provider_android:mergeDebugGeneratedProguardFiles UP-TO-DATE
[        ] Caching disabled for task ':path_provider_android:mergeDebugGeneratedProguardFiles' because:
[        ]   Build cache is disabled
[        ]   Simple merging task
[        ] Skipping task ':path_provider_android:mergeDebugGeneratedProguardFiles' as it is up-to-date.
[        ] Resolve mutations for :path_provider_android:mergeDebugConsumerProguardFiles (Thread[#38524,Execution worker Thread 2,5,main]) started.
[        ] :path_provider_android:mergeDebugConsumerProguardFiles (Thread[#38524,Execution worker Thread 2,5,main]) started.
[        ] > Task :path_provider_android:mergeDebugConsumerProguardFiles UP-TO-DATE
[        ] Caching disabled for task ':path_provider_android:mergeDebugConsumerProguardFiles' because:
[        ]   Build cache is disabled
[        ]   Simple merging task
[        ] Skipping task ':path_provider_android:mergeDebugConsumerProguardFiles' as it is up-to-date.
[        ] Resolve mutations for :path_provider_android:prepareDebugArtProfile (Thread[#38524,Execution worker Thread 2,5,main]) started.
[        ] :path_provider_android:prepareDebugArtProfile (Thread[#38524,Execution worker Thread 2,5,main]) started.
[        ] > Task :path_provider_android:prepareDebugArtProfile UP-TO-DATE
[        ] Caching disabled for task ':path_provider_android:prepareDebugArtProfile' because:
[        ]   Build cache is disabled
[        ]   Caching has been disabled for the task
[        ] Skipping task ':path_provider_android:prepareDebugArtProfile' as it is up-to-date.
[        ] Resolve mutations for :path_provider_android:prepareLintJarForPublish (Thread[#38524,Execution worker Thread 2,5,main]) started.
[        ] :path_provider_android:prepareLintJarForPublish (Thread[#38524,Execution worker Thread 2,5,main]) started.
[        ] > Task :path_provider_android:prepareLintJarForPublish UP-TO-DATE
[        ] Caching disabled for task ':path_provider_android:prepareLintJarForPublish' because:
[        ]   Build cache is disabled
[        ]   Caching has been disabled for the task
[        ] Skipping task ':path_provider_android:prepareLintJarForPublish' as it is up-to-date.
[        ] Resolve mutations for :path_provider_android:mergeDebugJavaResource (Thread[#38524,Execution worker Thread 2,5,main]) started.
[        ] :path_provider_android:mergeDebugJavaResource (Thread[#38524,Execution worker Thread 2,5,main]) started.
[        ] > Task :path_provider_android:mergeDebugJavaResource UP-TO-DATE
[        ] Caching disabled for task ':path_provider_android:mergeDebugJavaResource' because:
[        ]   Build cache is disabled
[        ]   Caching has been disabled for the task
[        ] Skipping task ':path_provider_android:mergeDebugJavaResource' as it is up-to-date.
[        ] Resolve mutations for :path_provider_android:syncDebugLibJars (Thread[#38524,Execution worker Thread 2,5,main]) started.
[        ] :path_provider_android:syncDebugLibJars (Thread[#38524,Execution worker Thread 2,5,main]) started.
[        ] > Task :path_provider_android:syncDebugLibJars UP-TO-DATE
[        ] Caching disabled for task ':path_provider_android:syncDebugLibJars' because:
[        ]   Build cache is disabled
[        ] Skipping task ':path_provider_android:syncDebugLibJars' as it is up-to-date.
[        ] Resolve mutations for :path_provider_android:bundleDebugAar (Thread[#38524,Execution worker Thread 2,5,main]) started.
[        ] :path_provider_android:bundleDebugAar (Thread[#38524,Execution worker Thread 2,5,main]) started.
[        ] > Task :path_provider_android:bundleDebugAar UP-TO-DATE
[        ] Caching disabled for task ':path_provider_android:bundleDebugAar' because:
[        ]   Build cache is disabled
[        ]   Caching has been disabled for the task
[        ] Skipping task ':path_provider_android:bundleDebugAar' as it is up-to-date.
[        ] Resolve mutations for :path_provider_android:assembleDebug (Thread[#38524,Execution worker Thread 2,5,main]) started.
[        ] :path_provider_android:assembleDebug (Thread[#38524,Execution worker Thread 2,5,main]) started.
[        ] > Task :path_provider_android:assembleDebug UP-TO-DATE
[        ] Skipping task ':path_provider_android:assembleDebug' as it has no actions.
[        ] Resolve mutations for :quill_native_bridge_android:stripDebugDebugSymbols (Thread[#38524,Execution worker Thread 2,5,main]) started.
[        ] :quill_native_bridge_android:stripDebugDebugSymbols (Thread[#38524,Execution worker Thread 2,5,main]) started.
[        ] > Task :quill_native_bridge_android:stripDebugDebugSymbols NO-SOURCE
[        ] Skipping task ':quill_native_bridge_android:stripDebugDebugSymbols' as it has no source files and no previous output files.
[        ] Resolve mutations for :quill_native_bridge_android:copyDebugJniLibsProjectAndLocalJars (Thread[#38524,Execution worker Thread 2,5,main]) started.
[        ] :quill_native_bridge_android:copyDebugJniLibsProjectAndLocalJars (Thread[#38524,Execution worker Thread 2,5,main]) started.
[        ] > Task :quill_native_bridge_android:copyDebugJniLibsProjectAndLocalJars UP-TO-DATE
[        ] Caching disabled for task ':quill_native_bridge_android:copyDebugJniLibsProjectAndLocalJars' because:
[        ]   Build cache is disabled
[        ]   Caching has been disabled for the task
[        ] Skipping task ':quill_native_bridge_android:copyDebugJniLibsProjectAndLocalJars' as it is up-to-date.
[        ] Resolve mutations for :quill_native_bridge_android:extractDebugAnnotations (Thread[#38524,Execution worker Thread 2,5,main]) started.
[        ] :quill_native_bridge_android:extractDebugAnnotations (Thread[#38524,Execution worker Thread 2,5,main]) started.
[        ] > Task :quill_native_bridge_android:extractDebugAnnotations UP-TO-DATE
[        ] Caching disabled for task ':quill_native_bridge_android:extractDebugAnnotations' because:
[        ]   Build cache is disabled
[        ] Skipping task ':quill_native_bridge_android:extractDebugAnnotations' as it is up-to-date.
[        ] Resolve mutations for :quill_native_bridge_android:extractDeepLinksForAarDebug (Thread[#38524,Execution worker Thread 2,5,main]) started.
[        ] :quill_native_bridge_android:extractDeepLinksForAarDebug (Thread[#38524,Execution worker Thread 2,5,main]) started.
[        ] > Task :quill_native_bridge_android:extractDeepLinksForAarDebug UP-TO-DATE
[        ] Caching disabled for task ':quill_native_bridge_android:extractDeepLinksForAarDebug' because:
[        ]   Build cache is disabled
[        ] Skipping task ':quill_native_bridge_android:extractDeepLinksForAarDebug' as it is up-to-date.
[        ] Resolve mutations for :quill_native_bridge_android:mergeDebugGeneratedProguardFiles (Thread[#38524,Execution worker Thread 2,5,main]) started.
[        ] :quill_native_bridge_android:mergeDebugGeneratedProguardFiles (Thread[#38524,Execution worker Thread 2,5,main]) started.
[        ] > Task :quill_native_bridge_android:mergeDebugGeneratedProguardFiles UP-TO-DATE
[        ] Caching disabled for task ':quill_native_bridge_android:mergeDebugGeneratedProguardFiles' because:
[        ]   Build cache is disabled
[        ]   Simple merging task
[        ] Skipping task ':quill_native_bridge_android:mergeDebugGeneratedProguardFiles' as it is up-to-date.
[        ] Resolve mutations for :quill_native_bridge_android:mergeDebugConsumerProguardFiles (Thread[#38524,Execution worker Thread 2,5,main]) started.
[        ] :quill_native_bridge_android:mergeDebugConsumerProguardFiles (Thread[#38524,Execution worker Thread 2,5,main]) started.
[        ] > Task :quill_native_bridge_android:mergeDebugConsumerProguardFiles UP-TO-DATE
[        ] Caching disabled for task ':quill_native_bridge_android:mergeDebugConsumerProguardFiles' because:
[        ]   Build cache is disabled
[        ]   Simple merging task
[        ] Skipping task ':quill_native_bridge_android:mergeDebugConsumerProguardFiles' as it is up-to-date.
[        ] Resolve mutations for :quill_native_bridge_android:prepareDebugArtProfile (Thread[#38524,Execution worker Thread 2,5,main]) started.
[        ] :quill_native_bridge_android:prepareDebugArtProfile (Thread[#38524,Execution worker Thread 2,5,main]) started.
[        ] > Task :quill_native_bridge_android:prepareDebugArtProfile UP-TO-DATE
[        ] Caching disabled for task ':quill_native_bridge_android:prepareDebugArtProfile' because:
[        ]   Build cache is disabled
[        ]   Caching has been disabled for the task
[        ] Skipping task ':quill_native_bridge_android:prepareDebugArtProfile' as it is up-to-date.
[        ] Resolve mutations for :quill_native_bridge_android:prepareLintJarForPublish (Thread[#38524,Execution worker Thread 2,5,main]) started.
[        ] :quill_native_bridge_android:prepareLintJarForPublish (Thread[#38524,Execution worker Thread 2,5,main]) started.
[        ] > Task :quill_native_bridge_android:prepareLintJarForPublish UP-TO-DATE
[        ] Caching disabled for task ':quill_native_bridge_android:prepareLintJarForPublish' because:
[        ]   Build cache is disabled
[        ]   Caching has been disabled for the task
[        ] Skipping task ':quill_native_bridge_android:prepareLintJarForPublish' as it is up-to-date.
[        ] Resolve mutations for :quill_native_bridge_android:mergeDebugJavaResource (Thread[#38524,Execution worker Thread 2,5,main]) started.
[        ] :quill_native_bridge_android:mergeDebugJavaResource (Thread[#38524,Execution worker Thread 2,5,main]) started.
[        ] > Task :quill_native_bridge_android:mergeDebugJavaResource UP-TO-DATE
[        ] Caching disabled for task ':quill_native_bridge_android:mergeDebugJavaResource' because:
[        ]   Build cache is disabled
[        ]   Caching has been disabled for the task
[        ] Skipping task ':quill_native_bridge_android:mergeDebugJavaResource' as it is up-to-date.
[        ] Resolve mutations for :quill_native_bridge_android:syncDebugLibJars (Thread[#38524,Execution worker Thread 2,5,main]) started.
[        ] :quill_native_bridge_android:syncDebugLibJars (Thread[#38524,Execution worker Thread 2,5,main]) started.
[        ] > Task :quill_native_bridge_android:syncDebugLibJars UP-TO-DATE
[        ] Caching disabled for task ':quill_native_bridge_android:syncDebugLibJars' because:
[        ]   Build cache is disabled
[        ] Skipping task ':quill_native_bridge_android:syncDebugLibJars' as it is up-to-date.
[        ] Resolve mutations for :quill_native_bridge_android:bundleDebugAar (Thread[#38524,Execution worker Thread 2,5,main]) started.
[        ] :quill_native_bridge_android:bundleDebugAar (Thread[#38524,Execution worker Thread 2,5,main]) started.
[        ] > Task :quill_native_bridge_android:bundleDebugAar UP-TO-DATE
[        ] Caching disabled for task ':quill_native_bridge_android:bundleDebugAar' because:
[        ]   Build cache is disabled
[        ]   Caching has been disabled for the task
[        ] Skipping task ':quill_native_bridge_android:bundleDebugAar' as it is up-to-date.
[        ] Resolve mutations for :quill_native_bridge_android:assembleDebug (Thread[#38524,Execution worker Thread 2,5,main]) started.
[        ] :quill_native_bridge_android:assembleDebug (Thread[#38524,Execution worker Thread 2,5,main]) started.
[        ] > Task :quill_native_bridge_android:assembleDebug UP-TO-DATE
[        ] Skipping task ':quill_native_bridge_android:assembleDebug' as it has no actions.
[        ] Resolve mutations for :shared_preferences_android:stripDebugDebugSymbols (Thread[#38524,Execution worker Thread 2,5,main]) started.
[        ] :shared_preferences_android:stripDebugDebugSymbols (Thread[#38524,Execution worker Thread 2,5,main]) started.
[        ] > Task :shared_preferences_android:stripDebugDebugSymbols NO-SOURCE
[        ] Skipping task ':shared_preferences_android:stripDebugDebugSymbols' as it has no source files and no previous output files.
[        ] Resolve mutations for :shared_preferences_android:copyDebugJniLibsProjectAndLocalJars (Thread[#38524,Execution worker Thread 2,5,main]) started.
[        ] :shared_preferences_android:copyDebugJniLibsProjectAndLocalJars (Thread[#38524,Execution worker Thread 2,5,main]) started.
[        ] > Task :shared_preferences_android:copyDebugJniLibsProjectAndLocalJars UP-TO-DATE
[        ] Caching disabled for task ':shared_preferences_android:copyDebugJniLibsProjectAndLocalJars' because:
[        ]   Build cache is disabled
[        ]   Caching has been disabled for the task
[        ] Skipping task ':shared_preferences_android:copyDebugJniLibsProjectAndLocalJars' as it is up-to-date.
[        ] Resolve mutations for :shared_preferences_android:extractDebugAnnotations (Thread[#38524,Execution worker Thread 2,5,main]) started.
[        ] :shared_preferences_android:extractDebugAnnotations (Thread[#38524,Execution worker Thread 2,5,main]) started.
[        ] > Task :shared_preferences_android:extractDebugAnnotations UP-TO-DATE
[        ] Caching disabled for task ':shared_preferences_android:extractDebugAnnotations' because:
[        ]   Build cache is disabled
[        ] Skipping task ':shared_preferences_android:extractDebugAnnotations' as it is up-to-date.
[        ] Resolve mutations for :shared_preferences_android:extractDeepLinksForAarDebug (Thread[#38524,Execution worker Thread 2,5,main]) started.
[        ] :shared_preferences_android:extractDeepLinksForAarDebug (Thread[#38524,Execution worker Thread 2,5,main]) started.
[        ] > Task :shared_preferences_android:extractDeepLinksForAarDebug UP-TO-DATE
[        ] Caching disabled for task ':shared_preferences_android:extractDeepLinksForAarDebug' because:
[        ]   Build cache is disabled
[        ] Skipping task ':shared_preferences_android:extractDeepLinksForAarDebug' as it is up-to-date.
[        ] Resolve mutations for :shared_preferences_android:mergeDebugGeneratedProguardFiles (Thread[#38524,Execution worker Thread 2,5,main]) started.
[        ] :shared_preferences_android:mergeDebugGeneratedProguardFiles (Thread[#38524,Execution worker Thread 2,5,main]) started.
[        ] > Task :shared_preferences_android:mergeDebugGeneratedProguardFiles UP-TO-DATE
[        ] Caching disabled for task ':shared_preferences_android:mergeDebugGeneratedProguardFiles' because:
[        ]   Build cache is disabled
[        ]   Simple merging task
[        ] Skipping task ':shared_preferences_android:mergeDebugGeneratedProguardFiles' as it is up-to-date.
[        ] Resolve mutations for :shared_preferences_android:mergeDebugConsumerProguardFiles (Thread[#38524,Execution worker Thread 2,5,main]) started.
[        ] :shared_preferences_android:mergeDebugConsumerProguardFiles (Thread[#38524,Execution worker Thread 2,5,main]) started.
[        ] > Task :shared_preferences_android:mergeDebugConsumerProguardFiles UP-TO-DATE
[        ] Caching disabled for task ':shared_preferences_android:mergeDebugConsumerProguardFiles' because:
[        ]   Build cache is disabled
[        ]   Simple merging task
[        ] Skipping task ':shared_preferences_android:mergeDebugConsumerProguardFiles' as it is up-to-date.
[        ] Resolve mutations for :shared_preferences_android:prepareDebugArtProfile (Thread[#38524,Execution worker Thread 2,5,main]) started.
[        ] :shared_preferences_android:prepareDebugArtProfile (Thread[#38524,Execution worker Thread 2,5,main]) started.
[        ] > Task :shared_preferences_android:prepareDebugArtProfile UP-TO-DATE
[        ] Caching disabled for task ':shared_preferences_android:prepareDebugArtProfile' because:
[        ]   Build cache is disabled
[        ]   Caching has been disabled for the task
[        ] Skipping task ':shared_preferences_android:prepareDebugArtProfile' as it is up-to-date.
[        ] Resolve mutations for :shared_preferences_android:prepareLintJarForPublish (Thread[#38524,Execution worker Thread 2,5,main]) started.
[        ] :shared_preferences_android:prepareLintJarForPublish (Thread[#38524,Execution worker Thread 2,5,main]) started.
[        ] > Task :shared_preferences_android:prepareLintJarForPublish UP-TO-DATE
[        ] Caching disabled for task ':shared_preferences_android:prepareLintJarForPublish' because:
[        ]   Build cache is disabled
[        ]   Caching has been disabled for the task
[        ] Skipping task ':shared_preferences_android:prepareLintJarForPublish' as it is up-to-date.
[        ] Resolve mutations for :shared_preferences_android:mergeDebugJavaResource (Thread[#38524,Execution worker Thread 2,5,main]) started.
[        ] :shared_preferences_android:mergeDebugJavaResource (Thread[#38524,Execution worker Thread 2,5,main]) started.
[        ] > Task :shared_preferences_android:mergeDebugJavaResource UP-TO-DATE
[        ] Caching disabled for task ':shared_preferences_android:mergeDebugJavaResource' because:
[        ]   Build cache is disabled
[        ]   Caching has been disabled for the task
[        ] Skipping task ':shared_preferences_android:mergeDebugJavaResource' as it is up-to-date.
[        ] Resolve mutations for :shared_preferences_android:syncDebugLibJars (Thread[#38524,Execution worker Thread 2,5,main]) started.
[        ] :shared_preferences_android:syncDebugLibJars (Thread[#38524,Execution worker Thread 2,5,main]) started.
[        ] > Task :shared_preferences_android:syncDebugLibJars UP-TO-DATE
[        ] Caching disabled for task ':shared_preferences_android:syncDebugLibJars' because:
[        ]   Build cache is disabled
[        ] Skipping task ':shared_preferences_android:syncDebugLibJars' as it is up-to-date.
[        ] Resolve mutations for :shared_preferences_android:bundleDebugAar (Thread[#38524,Execution worker Thread 2,5,main]) started.
[        ] :shared_preferences_android:bundleDebugAar (Thread[#38524,Execution worker Thread 2,5,main]) started.
[        ] > Task :shared_preferences_android:bundleDebugAar UP-TO-DATE
[        ] Caching disabled for task ':shared_preferences_android:bundleDebugAar' because:
[        ]   Build cache is disabled
[        ]   Caching has been disabled for the task
[        ] Skipping task ':shared_preferences_android:bundleDebugAar' as it is up-to-date.
[        ] Resolve mutations for :shared_preferences_android:assembleDebug (Thread[#38524,Execution worker Thread 2,5,main]) started.
[        ] :shared_preferences_android:assembleDebug (Thread[#38524,Execution worker Thread 2,5,main]) started.
[        ] > Task :shared_preferences_android:assembleDebug UP-TO-DATE
[        ] Skipping task ':shared_preferences_android:assembleDebug' as it has no actions.
[        ] Resolve mutations for :sqflite_android:stripDebugDebugSymbols (Thread[#38524,Execution worker Thread 2,5,main]) started.
[        ] :sqflite_android:stripDebugDebugSymbols (Thread[#38524,Execution worker Thread 2,5,main]) started.
[        ] > Task :sqflite_android:stripDebugDebugSymbols NO-SOURCE
[        ] Skipping task ':sqflite_android:stripDebugDebugSymbols' as it has no source files and no previous output files.
[        ] Resolve mutations for :sqflite_android:copyDebugJniLibsProjectAndLocalJars (Thread[#38524,Execution worker Thread 2,5,main]) started.
[        ] :sqflite_android:copyDebugJniLibsProjectAndLocalJars (Thread[#38524,Execution worker Thread 2,5,main]) started.
[        ] > Task :sqflite_android:copyDebugJniLibsProjectAndLocalJars UP-TO-DATE
[        ] Caching disabled for task ':sqflite_android:copyDebugJniLibsProjectAndLocalJars' because:
[        ]   Build cache is disabled
[        ]   Caching has been disabled for the task
[        ] Skipping task ':sqflite_android:copyDebugJniLibsProjectAndLocalJars' as it is up-to-date.
[        ] Resolve mutations for :sqflite_android:extractDebugAnnotations (Thread[#38524,Execution worker Thread 2,5,main]) started.
[        ] :sqflite_android:extractDebugAnnotations (Thread[#38524,Execution worker Thread 2,5,main]) started.
[        ] > Task :sqflite_android:extractDebugAnnotations UP-TO-DATE
[        ] Caching disabled for task ':sqflite_android:extractDebugAnnotations' because:
[        ]   Build cache is disabled
[        ] Skipping task ':sqflite_android:extractDebugAnnotations' as it is up-to-date.
[        ] Resolve mutations for :sqflite_android:extractDeepLinksForAarDebug (Thread[#38524,Execution worker Thread 2,5,main]) started.
[        ] :sqflite_android:extractDeepLinksForAarDebug (Thread[#38524,Execution worker Thread 2,5,main]) started.
[        ] > Task :sqflite_android:extractDeepLinksForAarDebug UP-TO-DATE
[        ] Caching disabled for task ':sqflite_android:extractDeepLinksForAarDebug' because:
[        ]   Build cache is disabled
[        ] Skipping task ':sqflite_android:extractDeepLinksForAarDebug' as it is up-to-date.
[        ] Resolve mutations for :sqflite_android:mergeDebugGeneratedProguardFiles (Thread[#38524,Execution worker Thread 2,5,main]) started.
[        ] :sqflite_android:mergeDebugGeneratedProguardFiles (Thread[#38524,Execution worker Thread 2,5,main]) started.
[        ] > Task :sqflite_android:mergeDebugGeneratedProguardFiles UP-TO-DATE
[        ] Caching disabled for task ':sqflite_android:mergeDebugGeneratedProguardFiles' because:
[        ]   Build cache is disabled
[        ]   Simple merging task
[        ] Skipping task ':sqflite_android:mergeDebugGeneratedProguardFiles' as it is up-to-date.
[        ] Resolve mutations for :sqflite_android:mergeDebugConsumerProguardFiles (Thread[#38524,Execution worker Thread 2,5,main]) started.
[        ] :sqflite_android:mergeDebugConsumerProguardFiles (Thread[#38524,Execution worker Thread 2,5,main]) started.
[        ] > Task :sqflite_android:mergeDebugConsumerProguardFiles UP-TO-DATE
[        ] Caching disabled for task ':sqflite_android:mergeDebugConsumerProguardFiles' because:
[        ]   Build cache is disabled
[        ]   Simple merging task
[        ] Skipping task ':sqflite_android:mergeDebugConsumerProguardFiles' as it is up-to-date.
[        ] Resolve mutations for :sqflite_android:prepareDebugArtProfile (Thread[#38524,Execution worker Thread 2,5,main]) started.
[        ] :sqflite_android:prepareDebugArtProfile (Thread[#38524,Execution worker Thread 2,5,main]) started.
[        ] > Task :sqflite_android:prepareDebugArtProfile UP-TO-DATE
[        ] Caching disabled for task ':sqflite_android:prepareDebugArtProfile' because:
[        ]   Build cache is disabled
[        ]   Caching has been disabled for the task
[        ] Skipping task ':sqflite_android:prepareDebugArtProfile' as it is up-to-date.
[        ] Resolve mutations for :sqflite_android:prepareLintJarForPublish (Thread[#38524,Execution worker Thread 2,5,main]) started.
[        ] :sqflite_android:prepareLintJarForPublish (Thread[#38524,Execution worker Thread 2,5,main]) started.
[        ] > Task :sqflite_android:prepareLintJarForPublish UP-TO-DATE
[        ] Caching disabled for task ':sqflite_android:prepareLintJarForPublish' because:
[        ]   Build cache is disabled
[        ]   Caching has been disabled for the task
[        ] Skipping task ':sqflite_android:prepareLintJarForPublish' as it is up-to-date.
[        ] Resolve mutations for :sqflite_android:mergeDebugJavaResource (Thread[#38524,Execution worker Thread 2,5,main]) started.
[        ] :sqflite_android:mergeDebugJavaResource (Thread[#38524,Execution worker Thread 2,5,main]) started.
[        ] > Task :sqflite_android:mergeDebugJavaResource UP-TO-DATE
[        ] Caching disabled for task ':sqflite_android:mergeDebugJavaResource' because:
[        ]   Build cache is disabled
[        ]   Caching has been disabled for the task
[        ] Skipping task ':sqflite_android:mergeDebugJavaResource' as it is up-to-date.
[        ] Resolve mutations for :sqflite_android:syncDebugLibJars (Thread[#38524,Execution worker Thread 2,5,main]) started.
[        ] :sqflite_android:syncDebugLibJars (Thread[#38524,Execution worker Thread 2,5,main]) started.
[        ] > Task :sqflite_android:syncDebugLibJars UP-TO-DATE
[        ] Caching disabled for task ':sqflite_android:syncDebugLibJars' because:
[        ]   Build cache is disabled
[        ] Skipping task ':sqflite_android:syncDebugLibJars' as it is up-to-date.
[        ] Resolve mutations for :sqflite_android:bundleDebugAar (Thread[#38524,Execution worker Thread 2,5,main]) started.
[        ] :sqflite_android:bundleDebugAar (Thread[#38524,Execution worker Thread 2,5,main]) started.
[        ] > Task :sqflite_android:bundleDebugAar UP-TO-DATE
[        ] Caching disabled for task ':sqflite_android:bundleDebugAar' because:
[        ]   Build cache is disabled
[        ]   Caching has been disabled for the task
[        ] Skipping task ':sqflite_android:bundleDebugAar' as it is up-to-date.
[        ] Resolve mutations for :sqflite_android:assembleDebug (Thread[#38524,Execution worker Thread 2,5,main]) started.
[        ] :sqflite_android:assembleDebug (Thread[#38524,Execution worker Thread 2,5,main]) started.
[        ] > Task :sqflite_android:assembleDebug UP-TO-DATE
[        ] Skipping task ':sqflite_android:assembleDebug' as it has no actions.
[        ] Resolve mutations for :url_launcher_android:stripDebugDebugSymbols (Thread[#38524,Execution worker Thread 2,5,main]) started.
[        ] :url_launcher_android:stripDebugDebugSymbols (Thread[#38524,Execution worker Thread 2,5,main]) started.
[        ] > Task :url_launcher_android:stripDebugDebugSymbols NO-SOURCE
[        ] Skipping task ':url_launcher_android:stripDebugDebugSymbols' as it has no source files and no previous output files.
[        ] Resolve mutations for :url_launcher_android:copyDebugJniLibsProjectAndLocalJars (Thread[#38524,Execution worker Thread 2,5,main]) started.
[        ] :url_launcher_android:copyDebugJniLibsProjectAndLocalJars (Thread[#38524,Execution worker Thread 2,5,main]) started.
[        ] > Task :url_launcher_android:copyDebugJniLibsProjectAndLocalJars UP-TO-DATE
[        ] Caching disabled for task ':url_launcher_android:copyDebugJniLibsProjectAndLocalJars' because:
[        ]   Build cache is disabled
[        ]   Caching has been disabled for the task
[        ] Skipping task ':url_launcher_android:copyDebugJniLibsProjectAndLocalJars' as it is up-to-date.
[        ] Resolve mutations for :url_launcher_android:extractDebugAnnotations (Thread[#38524,Execution worker Thread 2,5,main]) started.
[        ] :url_launcher_android:extractDebugAnnotations (Thread[#38524,Execution worker Thread 2,5,main]) started.
[        ] > Task :url_launcher_android:extractDebugAnnotations UP-TO-DATE
[        ] Caching disabled for task ':url_launcher_android:extractDebugAnnotations' because:
[        ]   Build cache is disabled
[        ] Skipping task ':url_launcher_android:extractDebugAnnotations' as it is up-to-date.
[        ] Resolve mutations for :url_launcher_android:extractDeepLinksForAarDebug (Thread[#38524,Execution worker Thread 2,5,main]) started.
[        ] :url_launcher_android:extractDeepLinksForAarDebug (Thread[#38524,Execution worker Thread 2,5,main]) started.
[        ] > Task :url_launcher_android:extractDeepLinksForAarDebug UP-TO-DATE
[        ] Caching disabled for task ':url_launcher_android:extractDeepLinksForAarDebug' because:
[        ]   Build cache is disabled
[        ] Skipping task ':url_launcher_android:extractDeepLinksForAarDebug' as it is up-to-date.
[        ] Resolve mutations for :url_launcher_android:mergeDebugGeneratedProguardFiles (Thread[#38524,Execution worker Thread 2,5,main]) started.
[        ] :url_launcher_android:mergeDebugGeneratedProguardFiles (Thread[#38524,Execution worker Thread 2,5,main]) started.
[        ] > Task :url_launcher_android:mergeDebugGeneratedProguardFiles UP-TO-DATE
[        ] Caching disabled for task ':url_launcher_android:mergeDebugGeneratedProguardFiles' because:
[        ]   Build cache is disabled
[        ]   Simple merging task
[        ] Skipping task ':url_launcher_android:mergeDebugGeneratedProguardFiles' as it is up-to-date.
[        ] Resolve mutations for :url_launcher_android:mergeDebugConsumerProguardFiles (Thread[#38524,Execution worker Thread 2,5,main]) started.
[        ] :url_launcher_android:mergeDebugConsumerProguardFiles (Thread[#38524,Execution worker Thread 2,5,main]) started.
[        ] > Task :url_launcher_android:mergeDebugConsumerProguardFiles UP-TO-DATE
[        ] Caching disabled for task ':url_launcher_android:mergeDebugConsumerProguardFiles' because:
[        ]   Build cache is disabled
[        ]   Simple merging task
[        ] Skipping task ':url_launcher_android:mergeDebugConsumerProguardFiles' as it is up-to-date.
[        ] Resolve mutations for :url_launcher_android:prepareDebugArtProfile (Thread[#38524,Execution worker Thread 2,5,main]) started.
[        ] :url_launcher_android:prepareDebugArtProfile (Thread[#38524,Execution worker Thread 2,5,main]) started.
[        ] > Task :url_launcher_android:prepareDebugArtProfile UP-TO-DATE
[        ] Caching disabled for task ':url_launcher_android:prepareDebugArtProfile' because:
[        ]   Build cache is disabled
[        ]   Caching has been disabled for the task
[        ] Skipping task ':url_launcher_android:prepareDebugArtProfile' as it is up-to-date.
[        ] Resolve mutations for :url_launcher_android:prepareLintJarForPublish (Thread[#38524,Execution worker Thread 2,5,main]) started.
[        ] :url_launcher_android:prepareLintJarForPublish (Thread[#38524,Execution worker Thread 2,5,main]) started.
[        ] > Task :url_launcher_android:prepareLintJarForPublish UP-TO-DATE
[        ] Caching disabled for task ':url_launcher_android:prepareLintJarForPublish' because:
[        ]   Build cache is disabled
[        ]   Caching has been disabled for the task
[        ] Skipping task ':url_launcher_android:prepareLintJarForPublish' as it is up-to-date.
[        ] Resolve mutations for :url_launcher_android:mergeDebugJavaResource (Thread[#38524,Execution worker Thread 2,5,main]) started.
[        ] :url_launcher_android:mergeDebugJavaResource (Thread[#38524,Execution worker Thread 2,5,main]) started.
[        ] > Task :url_launcher_android:mergeDebugJavaResource UP-TO-DATE
[        ] Caching disabled for task ':url_launcher_android:mergeDebugJavaResource' because:
[        ]   Build cache is disabled
[        ]   Caching has been disabled for the task
[        ] Skipping task ':url_launcher_android:mergeDebugJavaResource' as it is up-to-date.
[        ] Resolve mutations for :url_launcher_android:syncDebugLibJars (Thread[#38524,Execution worker Thread 2,5,main]) started.
[        ] :url_launcher_android:syncDebugLibJars (Thread[#38524,Execution worker Thread 2,5,main]) started.
[        ] > Task :url_launcher_android:syncDebugLibJars UP-TO-DATE
[        ] Caching disabled for task ':url_launcher_android:syncDebugLibJars' because:
[        ]   Build cache is disabled
[        ] Skipping task ':url_launcher_android:syncDebugLibJars' as it is up-to-date.
[        ] Resolve mutations for :url_launcher_android:bundleDebugAar (Thread[#38524,Execution worker Thread 2,5,main]) started.
[        ] :url_launcher_android:bundleDebugAar (Thread[#38524,Execution worker Thread 2,5,main]) started.
[        ] > Task :url_launcher_android:bundleDebugAar UP-TO-DATE
[        ] Caching disabled for task ':url_launcher_android:bundleDebugAar' because:
[        ]   Build cache is disabled
[        ]   Caching has been disabled for the task
[        ] Skipping task ':url_launcher_android:bundleDebugAar' as it is up-to-date.
[        ] Resolve mutations for :url_launcher_android:assembleDebug (Thread[#38524,Execution worker Thread 2,5,main]) started.
[        ] :url_launcher_android:assembleDebug (Thread[#38524,Execution worker Thread 2,5,main]) started.
[        ] > Task :url_launcher_android:assembleDebug UP-TO-DATE
[        ] Skipping task ':url_launcher_android:assembleDebug' as it has no actions.
[        ] Resolve mutations for :video_player_android:stripDebugDebugSymbols (Thread[#38524,Execution worker Thread 2,5,main]) started.
[        ] :video_player_android:stripDebugDebugSymbols (Thread[#38524,Execution worker Thread 2,5,main]) started.
[        ] > Task :video_player_android:stripDebugDebugSymbols NO-SOURCE
[        ] Skipping task ':video_player_android:stripDebugDebugSymbols' as it has no source files and no previous output files.
[        ] Resolve mutations for :video_player_android:copyDebugJniLibsProjectAndLocalJars (Thread[#38524,Execution worker Thread 2,5,main]) started.
[        ] :video_player_android:copyDebugJniLibsProjectAndLocalJars (Thread[#38524,Execution worker Thread 2,5,main]) started.
[        ] > Task :video_player_android:copyDebugJniLibsProjectAndLocalJars UP-TO-DATE
[        ] Caching disabled for task ':video_player_android:copyDebugJniLibsProjectAndLocalJars' because:
[        ]   Build cache is disabled
[        ]   Caching has been disabled for the task
[        ] Skipping task ':video_player_android:copyDebugJniLibsProjectAndLocalJars' as it is up-to-date.
[        ] Resolve mutations for :video_player_android:extractDebugAnnotations (Thread[#38524,Execution worker Thread 2,5,main]) started.
[        ] :video_player_android:extractDebugAnnotations (Thread[#38524,Execution worker Thread 2,5,main]) started.
[        ] > Task :video_player_android:extractDebugAnnotations UP-TO-DATE
[        ] Caching disabled for task ':video_player_android:extractDebugAnnotations' because:
[        ]   Build cache is disabled
[        ] Skipping task ':video_player_android:extractDebugAnnotations' as it is up-to-date.
[        ] Resolve mutations for :video_player_android:extractDeepLinksForAarDebug (Thread[#38524,Execution worker Thread 2,5,main]) started.
[        ] :video_player_android:extractDeepLinksForAarDebug (Thread[#38524,Execution worker Thread 2,5,main]) started.
[        ] > Task :video_player_android:extractDeepLinksForAarDebug UP-TO-DATE
[        ] Caching disabled for task ':video_player_android:extractDeepLinksForAarDebug' because:
[        ]   Build cache is disabled
[        ] Skipping task ':video_player_android:extractDeepLinksForAarDebug' as it is up-to-date.
[        ] Resolve mutations for :video_player_android:mergeDebugGeneratedProguardFiles (Thread[#38524,Execution worker Thread 2,5,main]) started.
[        ] :video_player_android:mergeDebugGeneratedProguardFiles (Thread[#38524,Execution worker Thread 2,5,main]) started.
[        ] > Task :video_player_android:mergeDebugGeneratedProguardFiles UP-TO-DATE
[        ] Caching disabled for task ':video_player_android:mergeDebugGeneratedProguardFiles' because:
[        ]   Build cache is disabled
[        ]   Simple merging task
[        ] Skipping task ':video_player_android:mergeDebugGeneratedProguardFiles' as it is up-to-date.
[        ] Resolve mutations for :video_player_android:mergeDebugConsumerProguardFiles (Thread[#38524,Execution worker Thread 2,5,main]) started.
[        ] :video_player_android:mergeDebugConsumerProguardFiles (Thread[#38524,Execution worker Thread 2,5,main]) started.
[        ] > Task :video_player_android:mergeDebugConsumerProguardFiles UP-TO-DATE
[        ] Caching disabled for task ':video_player_android:mergeDebugConsumerProguardFiles' because:
[        ]   Build cache is disabled
[        ]   Simple merging task
[        ] Skipping task ':video_player_android:mergeDebugConsumerProguardFiles' as it is up-to-date.
[        ] Resolve mutations for :video_player_android:prepareDebugArtProfile (Thread[#38524,Execution worker Thread 2,5,main]) started.
[        ] :video_player_android:prepareDebugArtProfile (Thread[#38524,Execution worker Thread 2,5,main]) started.
[        ] > Task :video_player_android:prepareDebugArtProfile UP-TO-DATE
[        ] Caching disabled for task ':video_player_android:prepareDebugArtProfile' because:
[        ]   Build cache is disabled
[        ]   Caching has been disabled for the task
[        ] Skipping task ':video_player_android:prepareDebugArtProfile' as it is up-to-date.
[        ] Resolve mutations for :video_player_android:prepareLintJarForPublish (Thread[#38524,Execution worker Thread 2,5,main]) started.
[        ] :video_player_android:prepareLintJarForPublish (Thread[#38524,Execution worker Thread 2,5,main]) started.
[        ] > Task :video_player_android:prepareLintJarForPublish UP-TO-DATE
[        ] Caching disabled for task ':video_player_android:prepareLintJarForPublish' because:
[        ]   Build cache is disabled
[        ]   Caching has been disabled for the task
[        ] Skipping task ':video_player_android:prepareLintJarForPublish' as it is up-to-date.
[        ] Resolve mutations for :video_player_android:mergeDebugJavaResource (Thread[#38524,Execution worker Thread 2,5,main]) started.
[        ] :video_player_android:mergeDebugJavaResource (Thread[#38524,Execution worker Thread 2,5,main]) started.
[        ] > Task :video_player_android:mergeDebugJavaResource UP-TO-DATE
[        ] Caching disabled for task ':video_player_android:mergeDebugJavaResource' because:
[        ]   Build cache is disabled
[        ]   Caching has been disabled for the task
[        ] Skipping task ':video_player_android:mergeDebugJavaResource' as it is up-to-date.
[        ] Resolve mutations for :video_player_android:syncDebugLibJars (Thread[#38524,Execution worker Thread 2,5,main]) started.
[        ] :video_player_android:syncDebugLibJars (Thread[#38524,Execution worker Thread 2,5,main]) started.
[        ] > Task :video_player_android:syncDebugLibJars UP-TO-DATE
[        ] Caching disabled for task ':video_player_android:syncDebugLibJars' because:
[        ]   Build cache is disabled
[        ] Skipping task ':video_player_android:syncDebugLibJars' as it is up-to-date.
[        ] Resolve mutations for :video_player_android:bundleDebugAar (Thread[#38524,Execution worker Thread 2,5,main]) started.
[        ] :video_player_android:bundleDebugAar (Thread[#38524,Execution worker Thread 2,5,main]) started.
[        ] > Task :video_player_android:bundleDebugAar UP-TO-DATE
[        ] Caching disabled for task ':video_player_android:bundleDebugAar' because:
[        ]   Build cache is disabled
[        ]   Caching has been disabled for the task
[        ] Skipping task ':video_player_android:bundleDebugAar' as it is up-to-date.
[        ] Resolve mutations for :video_player_android:assembleDebug (Thread[#38524,Execution worker Thread 2,5,main]) started.
[        ] :video_player_android:assembleDebug (Thread[#38524,Execution worker Thread 2,5,main]) started.
[        ] > Task :video_player_android:assembleDebug UP-TO-DATE
[        ] Skipping task ':video_player_android:assembleDebug' as it has no actions.
04:19 +1 -11: loading /Users/florian/Code/substitution/integration_test/feed_with_matrix_test.dart                                                                                                     [ +495 ms] > Task :app:compressDebugAssets
[        ] Caching disabled for task ':app:compressDebugAssets' because:
[        ]   Build cache is disabled
[        ] Task ':app:compressDebugAssets' is not up-to-date because:
[        ]   Input property 'inputDirs' file /Users/florian/Code/substitution/build/app/intermediates/assets/debug/mergeDebugAssets/flutter_assets/kernel_blob.bin has changed.
[        ] Resolve mutations for :app:packageDebug (Thread[#38548,Execution worker Thread 25,5,main]) started.
[        ] :app:packageDebug (Thread[#38548,Execution worker Thread 25,5,main]) started.
[ +299 ms] > Task :app:packageDebug
[        ] Custom actions are attached to task ':app:packageDebug'.
[        ] Caching disabled for task ':app:packageDebug' because:
[        ]   Build cache is disabled
[        ]   Caching has been disabled for the task
[        ] Task ':app:packageDebug' is not up-to-date because:
[        ]   Input property 'assets' file /Users/florian/Code/substitution/build/app/intermediates/compressed_assets/debug/compressDebugAssets/out/assets/flutter_assets/kernel_blob.bin.jar has changed.
[        ] Resolve mutations for :app:createDebugApkListingFileRedirect (Thread[#38548,Execution worker Thread 25,5,main]) started.
[        ] :app:createDebugApkListingFileRedirect (Thread[#38548,Execution worker Thread 25,5,main]) started.
[        ] > Task :app:createDebugApkListingFileRedirect UP-TO-DATE
[        ] Caching disabled for task ':app:createDebugApkListingFileRedirect' because:
[        ]   Build cache is disabled
[        ]   Caching has been disabled for the task
[        ] Skipping task ':app:createDebugApkListingFileRedirect' as it is up-to-date.
[        ] Resolve mutations for :app:assembleDebug (Thread[#38548,Execution worker Thread 25,5,main]) started.
[        ] :app:assembleDebug (Thread[#38548,Execution worker Thread 25,5,main]) started.
[  +91 ms] > Task :app:assembleDebug
[        ] Caching disabled for task ':app:assembleDebug' because:
[        ]   Build cache is disabled
[        ] Task ':app:assembleDebug' is not up-to-date because:
[        ]   Task has not declared any outputs despite executing actions.
[        ] [Incubating] Problems report is available at: file:///Users/florian/Code/substitution/build/reports/problems/problems-report.html
[        ] Deprecated Gradle features were used in this build, making it incompatible with Gradle 9.0.
[        ] You can use '--warning-mode all' to show the individual deprecation warnings and determine if they come from your own scripts or plugins.
[        ] For more on this, please refer to https://docs.gradle.org/8.12.1/userguide/command_line_interface.html#sec:command_line_warnings in the Gradle documentation.
[        ] BUILD SUCCESSFUL in 12s
[        ] 458 actionable tasks: 29 executed, 429 up-to-date
[        ] Watched directory hierarchies: [/opt/homebrew/share/flutter/packages/flutter_tools/gradle, /Users/florian/Code/substitution/android]
[  +24 ms] Running Gradle task 'assembleDebug'... (completed in 12,6s)
[   +6 ms] Calculate SHA1: LocalDirectory: '/Users/florian/Code/substitution/build/app/outputs/flutter-apk'/app-debug.apk
[+1052 ms] ✓ Built build/app/outputs/flutter-apk/app-debug.apk
[   +1 ms] executing: /Users/florian/Library/Android/sdk/build-tools/36.1.0/aapt dump xmltree /Users/florian/Code/substitution/build/app/outputs/flutter-apk/app-debug.apk AndroidManifest.xml
[  +13 ms] Exit code 0 from: /Users/florian/Library/Android/sdk/build-tools/36.1.0/aapt dump xmltree /Users/florian/Code/substitution/build/app/outputs/flutter-apk/app-debug.apk AndroidManifest.xml
[        ] N: android=http://schemas.android.com/apk/res/android
             E: manifest (line=2)
               A: android:versionCode(0x0101021b)=(type 0x10)0x7
               A: android:versionName(0x0101021c)="1.0.0" (Raw: "1.0.0")
               A: android:compileSdkVersion(0x01010572)=(type 0x10)0x24
               A: android:compileSdkVersionCodename(0x01010573)="16" (Raw: "16")
               A: package="art.substitution.substitution" (Raw: "art.substitution.substitution")
               A: platformBuildVersionCode=(type 0x10)0x24
               A: platformBuildVersionName=(type 0x10)0x10
               E: uses-sdk (line=7)
                 A: android:minSdkVersion(0x0101020c)=(type 0x10)0x18
                 A: android:targetSdkVersion(0x01010270)=(type 0x10)0x22
               E: uses-permission (line=15)
                 A: android:name(0x01010003)="android.permission.INTERNET" (Raw: "android.permission.INTERNET")
               E: uses-permission (line=16)
                 A: android:name(0x01010003)="android.permission.ACCESS_NETWORK_STATE" (Raw: "android.permission.ACCESS_NETWORK_STATE")
               E: permission (line=18)
                 A: android:name(0x01010003)="art.substitution.substitution.DYNAMIC_RECEIVER_NOT_EXPORTED_PERMISSION" (Raw: "art.substitution.substitution.DYNAMIC_RECEIVER_NOT_EXPORTED_PERMISSION")
                 A: android:protectionLevel(0x01010009)=(type 0x11)0x2
               E: uses-permission (line=22)
                 A: android:name(0x01010003)="art.substitution.substitution.DYNAMIC_RECEIVER_NOT_EXPORTED_PERMISSION" (Raw: "art.substitution.substitution.DYNAMIC_RECEIVER_NOT_EXPORTED_PERMISSION")
               E: application (line=24)
                 A: android:label(0x01010001)="substitution" (Raw: "substitution")
                 A: android:icon(0x01010002)=@0x7f0c0000
                 A: android:name(0x01010003)="android.app.Application" (Raw: "android.app.Application")
                 A: android:debuggable(0x0101000f)=(type 0x12)0xffffffff
                 A: android:extractNativeLibs(0x010104ea)=(type 0x12)0x0
                 A: android:appComponentFactory(0x0101057a)="androidx.core.app.CoreComponentFactory" (Raw: "androidx.core.app.CoreComponentFactory")
                 E: activity (line=31)
                   A: android:theme(0x01010000)=@0x7f0e00a2
                   A: android:name(0x01010003)="art.substitution.substitution.MainActivity" (Raw: "art.substitution.substitution.MainActivity")
                   A: android:exported(0x01010010)=(type 0x12)0xffffffff
                   A: android:launchMode(0x0101001d)=(type 0x10)0x1
                   A: android:configChanges(0x0101001f)=(type 0x11)0x40003fb4
                   A: android:windowSoftInputMode(0x0101022b)=(type 0x11)0x10
                   A: android:hardwareAccelerated(0x010102d3)=(type 0x12)0xffffffff
                   E: meta-data (line=46)
                     A: android:name(0x01010003)="io.flutter.embedding.android.NormalTheme" (Raw: "io.flutter.embedding.android.NormalTheme")
                     A: android:resource(0x01010025)=@0x7f0e00a3
                   E: intent-filter (line=50)
                     E: action (line=51)
                       A: android:name(0x01010003)="android.intent.action.MAIN" (Raw: "android.intent.action.MAIN")
                     E: category (line=53)
                       A: android:name(0x01010003)="android.intent.category.LAUNCHER" (Raw: "android.intent.category.LAUNCHER")
                   E: intent-filter (line=56)
                     E: action (line=57)
                       A: android:name(0x01010003)="android.intent.action.VIEW" (Raw: "android.intent.action.VIEW")
                     E: category (line=59)
                       A: android:name(0x01010003)="android.intent.category.DEFAULT" (Raw: "android.intent.category.DEFAULT")
                     E: category (line=60)
                       A: android:name(0x01010003)="android.intent.category.BROWSABLE" (Raw: "android.intent.category.BROWSABLE")
                     E: data (line=62)
                       A: android:scheme(0x01010027)="substitution" (Raw: "substitution")
                       A: android:host(0x01010028)="auth" (Raw: "auth")
                       A: android:pathPrefix(0x0101002b)="/login-callback" (Raw: "/login-callback")
                 E: meta-data (line=72)
                   A: android:name(0x01010003)="flutterEmbedding" (Raw: "flutterEmbedding")
                   A: android:value(0x01010024)=(type 0x10)0x2
                 E: activity (line=76)
                   A: android:theme(0x01010000)=@0x01030007
                   A: android:name(0x01010003)="io.flutter.plugins.urllauncher.WebViewActivity" (Raw: "io.flutter.plugins.urllauncher.WebViewActivity")
                   A: android:exported(0x01010010)=(type 0x12)0x0
                 E: uses-library (line=81)
                   A: android:name(0x01010003)="androidx.window.extensions" (Raw: "androidx.window.extensions")
                   A: android:required(0x0101028e)=(type 0x12)0x0
                 E: uses-library (line=84)
                   A: android:name(0x01010003)="androidx.window.sidecar" (Raw: "androidx.window.sidecar")
                   A: android:required(0x0101028e)=(type 0x12)0x0
                 E: provider (line=88)
                   A: android:name(0x01010003)="androidx.startup.InitializationProvider" (Raw: "androidx.startup.InitializationProvider")
                   A: android:exported(0x01010010)=(type 0x12)0x0
                   A: android:authorities(0x01010018)="art.substitution.substitution.androidx-startup" (Raw: "art.substitution.substitution.androidx-startup")
                   E: meta-data (line=92)
                     A: android:name(0x01010003)="androidx.lifecycle.ProcessLifecycleInitializer" (Raw: "androidx.lifecycle.ProcessLifecycleInitializer")
                     A: android:value(0x01010024)="androidx.startup" (Raw: "androidx.startup")
                   E: meta-data (line=95)
                     A: android:name(0x01010003)="androidx.profileinstaller.ProfileInstallerInitializer" (Raw: "androidx.profileinstaller.ProfileInstallerInitializer")
                     A: android:value(0x01010024)="androidx.startup" (Raw: "androidx.startup")
                 E: receiver (line=100)
                   A: android:name(0x01010003)="androidx.profileinstaller.ProfileInstallReceiver" (Raw: "androidx.profileinstaller.ProfileInstallReceiver")
                   A: android:permission(0x01010006)="android.permission.DUMP" (Raw: "android.permission.DUMP")
                   A: android:enabled(0x0101000e)=(type 0x12)0xffffffff
                   A: android:exported(0x01010010)=(type 0x12)0xffffffff
                   A: android:directBootAware(0x01010505)=(type 0x12)0x0
                   E: intent-filter (line=106)
                     E: action (line=107)
                       A: android:name(0x01010003)="androidx.profileinstaller.action.INSTALL_PROFILE" (Raw: "androidx.profileinstaller.action.INSTALL_PROFILE")
                   E: intent-filter (line=109)
                     E: action (line=110)
                       A: android:name(0x01010003)="androidx.profileinstaller.action.SKIP_FILE" (Raw: "androidx.profileinstaller.action.SKIP_FILE")
                   E: intent-filter (line=112)
                     E: action (line=113)
                       A: android:name(0x01010003)="androidx.profileinstaller.action.SAVE_PROFILE" (Raw: "androidx.profileinstaller.action.SAVE_PROFILE")
                   E: intent-filter (line=115)
                     E: action (line=116)
                       A: android:name(0x01010003)="androidx.profileinstaller.action.BENCHMARK_OPERATION" (Raw: "androidx.profileinstaller.action.BENCHMARK_OPERATION")
[        ] Stopping app 'app-debug.apk' on sdk gphone64 arm64.
[        ] executing: /Users/florian/Library/Android/sdk/platform-tools/adb -s emulator-5554 shell am force-stop art.substitution.substitution
04:20 +1 -11: loading /Users/florian/Code/substitution/integration_test/feed_with_matrix_test.dart                                                                                                     [  +23 ms] Installing APK.
[        ] Installing build/app/outputs/flutter-apk/app-debug.apk...
[        ] executing: /Users/florian/Library/Android/sdk/platform-tools/adb -s emulator-5554 install -t -r /Users/florian/Code/substitution/build/app/outputs/flutter-apk/app-debug.apk
04:21 +1 -11: loading /Users/florian/Code/substitution/integration_test/feed_with_matrix_test.dart                                                                                                     [ +384 ms] Performing Streamed Install
           Success
[        ] Installing build/app/outputs/flutter-apk/app-debug.apk... (completed in 384ms)
[        ] executing: /Users/florian/Library/Android/sdk/platform-tools/adb -s emulator-5554 shell echo -n a0cdf0fb9830134a77b2655d1f78e3e39429eb64 > /data/local/tmp/sky.art.substitution.substitution.sha1
[  +19 ms] executing: /Users/florian/Library/Android/sdk/platform-tools/adb -s emulator-5554 shell -x logcat -v time -t 1
[ +110 ms] --------- beginning of main
           02-16 23:59:12.530 W/HWUI    ( 1098): Failed to initialize 101010-2 format, error = EGL_SUCCESS
[   +4 ms] executing: /Users/florian/Library/Android/sdk/platform-tools/adb -s emulator-5554 shell am start -a android.intent.action.MAIN -c android.intent.category.LAUNCHER -f 0x20000000 --ez enable-dart-profiling true --ez enable-checked-mode true --ez verify-entry-points true art.substitution.substitution/art.substitution.substitution.MainActivity
[ +147 ms] Starting: Intent { act=android.intent.action.MAIN cat=[android.intent.category.LAUNCHER] flg=0x20000000 cmp=art.substitution.substitution/.MainActivity (has extras) }
[        ] Waiting for VM Service port to be available...
04:22 +1 -11: loading /Users/florian/Code/substitution/integration_test/feed_with_matrix_test.dart                                                                                                     04:23 +1 -11: loading /Users/florian/Code/substitution/integration_test/feed_with_matrix_test.dart                                                                                                     [+2000 ms] VM Service URL on device: http://127.0.0.1:42867/39gxZN7tHWs=/
[        ] executing: /Users/florian/Library/Android/sdk/platform-tools/adb -s emulator-5554 forward tcp:0 tcp:42867
[  +14 ms] 54602
[        ] Forwarded host port 54602 to device port 42867 for VM Service
[        ] test 3: Starting Dart Development Service
[        ] Launching a Dart Developer Service (DDS) instance at http://127.0.0.1:0, connecting to VM service at http://127.0.0.1:54602/39gxZN7tHWs=/.
[ +148 ms] test 3: Dart Development Service started at http://127.0.0.1:54605/_kKFUCjb-mQ=/, forwarding to VM service at http://127.0.0.1:54602/39gxZN7tHWs=/.
[        ] test 3: Connecting to vm service
[        ] test 3: VM Service uri is available at http://127.0.0.1:54605/_kKFUCjb-mQ=/
[   +3 ms] test 3: Finding the correct isolate with the integration test service extension
[ +137 ms] test 3: connected to test device, now awaiting test result
[        ] test 3: Waiting for test harness or tests to finish
04:24 +1 -11: loading /Users/florian/Code/substitution/integration_test/feed_with_matrix_test.dart                                                                                                     04:24 +1 -11: /Users/florian/Code/substitution/integration_test/feed_with_matrix_test.dart: Feed with Real Matrix Server Display unified feed from multiple rooms                                      04:24 +1 -11: /Users/florian/Code/substitution/integration_test/feed_with_matrix_test.dart: Feed with Real Matrix Server Display unified feed from multiple rooms                                      
[90m[🌎 Easy Localization] [DEBUG] Localization initialized[0m
[Matrix] [32mInitialize client Substitution[0m
[Matrix] [32mUser is not logged in.[0m
[90m[🌎 Easy Localization] [DEBUG] Start[0m
[90m[🌎 Easy Localization] [DEBUG] Init state[0m
[90m[🌎 Easy Localization] [DEBUG] Build[0m
[90m[🌎 Easy Localization] [DEBUG] Init Localization Delegate[0m
[90m[🌎 Easy Localization] [DEBUG] Init provider[0m
[90m[🌎 Easy Localization] [DEBUG] Load Localization Delegate[0m
[90m[🌎 Easy Localization] [DEBUG] Load asset from assets/translations[0m
[90m[🌎 Easy Localization] [DEBUG] Build[0m
[90m[🌎 Easy Localization] [DEBUG] Init Localization Delegate[0m
[90m[🌎 Easy Localization] [DEBUG] Init provider[0m
══╡ EXCEPTION CAUGHT BY FLUTTER TEST FRAMEWORK ╞════════════════════════════════════════════════════
The following TestFailure was thrown running a test:
Expected: exactly one matching candidate
  Actual: _KeyWidgetFinder:<Found 0 widgets with key [<'loginUsernameInput'>]: []>
   Which: means none were found but one was expected
Username field should be visible on login page

When the exception was thrown, this was the stack:
#4      main.<anonymous closure>.loginUser (file:///Users/florian/Code/substitution/integration_test/feed_with_matrix_test.dart:95:7)
<asynchronous suspension>
#5      main.<anonymous closure>.<anonymous closure> (file:///Users/florian/Code/substitution/integration_test/feed_with_matrix_test.dart:125:9)
<asynchronous suspension>
#6      testWidgets.<anonymous closure>.<anonymous closure> (package:flutter_test/src/widget_tester.dart:192:15)
<asynchronous suspension>
#7      TestWidgetsFlutterBinding._runTestBody (package:flutter_test/src/binding.dart:1059:5)
<asynchronous suspension>
<asynchronous suspension>
(elided one frame from package:stack_trace)

This was caught by the test expectation on the following line:
  file:///Users/florian/Code/substitution/integration_test/feed_with_matrix_test.dart line 95
The test description was:
  Display unified feed from multiple rooms
════════════════════════════════════════════════════════════════════════════════════════════════════
04:39 +1 -12: /Users/florian/Code/substitution/integration_test/feed_with_matrix_test.dart: Feed with Real Matrix Server Display unified feed from multiple rooms [E]                                  
  Test failed. See exception logs above.
  The test description was: Display unified feed from multiple rooms
  

To run this test again: /opt/homebrew/share/flutter/bin/cache/dart-sdk/bin/dart test /Users/florian/Code/substitution/integration_test/feed_with_matrix_test.dart -p vm --plain-name 'Feed with Real Matrix Server Display unified feed from multiple rooms'
04:39 +1 -12: /Users/florian/Code/substitution/integration_test/feed_with_matrix_test.dart: Feed with Real Matrix Server Feed displays content from test_general room (has 5 messages)                 04:40 +1 -12: /Users/florian/Code/substitution/integration_test/feed_with_matrix_test.dart: Feed with Real Matrix Server Feed displays content from test_general room (has 5 messages)                 04:40 +1 -12: /Users/florian/Code/substitution/integration_test/feed_with_matrix_test.dart: Feed with Real Matrix Server Feed displays content from test_general room (has 5 messages)                 
[90m[🌎 Easy Localization] [DEBUG] Localization initialized[0m
[Matrix] [32mInitialize client Substitution[0m
[Matrix] [32mUser is not logged in.[0m
[90m[🌎 Easy Localization] [DEBUG] Start[0m
04:42 +1 -12: /Users/florian/Code/substitution/integration_test/feed_with_matrix_test.dart: Feed with Real Matrix Server Display unified feed from multiple rooms                                      
[90m[🌎 Easy Localization] [DEBUG] Init state[0m
[90m[🌎 Easy Localization] [DEBUG] Build[0m
[90m[🌎 Easy Localization] [DEBUG] Init Localization Delegate[0m
[90m[🌎 Easy Localization] [DEBUG] Init provider[0m
[90m[🌎 Easy Localization] [DEBUG] Load Localization Delegate[0m
[90m[🌎 Easy Localization] [DEBUG] Load asset from assets/translations[0m
[90m[🌎 Easy Localization] [DEBUG] Build[0m
[90m[🌎 Easy Localization] [DEBUG] Init Localization Delegate[0m
[90m[🌎 Easy Localization] [DEBUG] Init provider[0m
04:58 +1 -12: /Users/florian/Code/substitution/integration_test/feed_with_matrix_test.dart: Feed with Real Matrix Server Feed displays content from test_general room (has 5 messages)                 
══╡ EXCEPTION CAUGHT BY FLUTTER TEST FRAMEWORK ╞════════════════════════════════════════════════════
The following TestFailure was thrown running a test:
Expected: exactly one matching candidate
  Actual: _KeyWidgetFinder:<Found 0 widgets with key [<'loginUsernameInput'>]: []>
   Which: means none were found but one was expected
Username field should be visible on login page

When the exception was thrown, this was the stack:
#4      main.<anonymous closure>.loginUser (file:///Users/florian/Code/substitution/integration_test/feed_with_matrix_test.dart:95:7)
<asynchronous suspension>
#5      main.<anonymous closure>.<anonymous closure> (file:///Users/florian/Code/substitution/integration_test/feed_with_matrix_test.dart:153:9)
<asynchronous suspension>
#6      testWidgets.<anonymous closure>.<anonymous closure> (package:flutter_test/src/widget_tester.dart:192:15)
<asynchronous suspension>
#7      TestWidgetsFlutterBinding._runTestBody (package:flutter_test/src/binding.dart:1059:5)
<asynchronous suspension>
<asynchronous suspension>
(elided one frame from package:stack_trace)

This was caught by the test expectation on the following line:
  file:///Users/florian/Code/substitution/integration_test/feed_with_matrix_test.dart line 95
The test description was:
  Feed displays content from test_general room (has 5 messages)
════════════════════════════════════════════════════════════════════════════════════════════════════
04:58 +1 -13: /Users/florian/Code/substitution/integration_test/feed_with_matrix_test.dart: Feed with Real Matrix Server Feed displays content from test_general room (has 5 messages) [E]             
  Test failed. See exception logs above.
  The test description was: Feed displays content from test_general room (has 5 messages)
  

To run this test again: /opt/homebrew/share/flutter/bin/cache/dart-sdk/bin/dart test /Users/florian/Code/substitution/integration_test/feed_with_matrix_test.dart -p vm --plain-name 'Feed with Real Matrix Server Feed displays content from test_general room (has 5 messages)'
04:58 +1 -13: /Users/florian/Code/substitution/integration_test/feed_with_matrix_test.dart: Feed with Real Matrix Server Feed displays content from test_photos room (has 3 messages)                  04:58 +1 -13: /Users/florian/Code/substitution/integration_test/feed_with_matrix_test.dart: Feed with Real Matrix Server Feed displays content from test_photos room (has 3 messages)                  
[90m[🌎 Easy Localization] [DEBUG] Localization initialized[0m
[Matrix] [32mInitialize client Substitution[0m
[Matrix] [32mUser is not logged in.[0m
[90m[🌎 Easy Localization] [DEBUG] Start[0m
05:00 +1 -13: /Users/florian/Code/substitution/integration_test/feed_with_matrix_test.dart: Feed with Real Matrix Server Display unified feed from multiple rooms                                      
[90m[🌎 Easy Localization] [DEBUG] Init state[0m
[90m[🌎 Easy Localization] [DEBUG] Build[0m
[90m[🌎 Easy Localization] [DEBUG] Init Localization Delegate[0m
[90m[🌎 Easy Localization] [DEBUG] Init provider[0m
[90m[🌎 Easy Localization] [DEBUG] Load Localization Delegate[0m
[90m[🌎 Easy Localization] [DEBUG] Load asset from assets/translations[0m
[90m[🌎 Easy Localization] [DEBUG] Build[0m
[90m[🌎 Easy Localization] [DEBUG] Init Localization Delegate[0m
[90m[🌎 Easy Localization] [DEBUG] Init provider[0m
05:17 +1 -13: /Users/florian/Code/substitution/integration_test/feed_with_matrix_test.dart: Feed with Real Matrix Server Feed displays content from test_photos room (has 3 messages)                  
══╡ EXCEPTION CAUGHT BY FLUTTER TEST FRAMEWORK ╞════════════════════════════════════════════════════
The following TestFailure was thrown running a test:
Expected: exactly one matching candidate
  Actual: _KeyWidgetFinder:<Found 0 widgets with key [<'loginUsernameInput'>]: []>
   Which: means none were found but one was expected
Username field should be visible on login page

When the exception was thrown, this was the stack:
#4      main.<anonymous closure>.loginUser (file:///Users/florian/Code/substitution/integration_test/feed_with_matrix_test.dart:95:7)
<asynchronous suspension>
#5      main.<anonymous closure>.<anonymous closure> (file:///Users/florian/Code/substitution/integration_test/feed_with_matrix_test.dart:177:9)
<asynchronous suspension>
#6      testWidgets.<anonymous closure>.<anonymous closure> (package:flutter_test/src/widget_tester.dart:192:15)
<asynchronous suspension>
#7      TestWidgetsFlutterBinding._runTestBody (package:flutter_test/src/binding.dart:1059:5)
<asynchronous suspension>
<asynchronous suspension>
(elided one frame from package:stack_trace)

This was caught by the test expectation on the following line:
  file:///Users/florian/Code/substitution/integration_test/feed_with_matrix_test.dart line 95
The test description was:
  Feed displays content from test_photos room (has 3 messages)
════════════════════════════════════════════════════════════════════════════════════════════════════
05:17 +1 -14: /Users/florian/Code/substitution/integration_test/feed_with_matrix_test.dart: Feed with Real Matrix Server Feed displays content from test_photos room (has 3 messages) [E]              
  Test failed. See exception logs above.
  The test description was: Feed displays content from test_photos room (has 3 messages)
  

To run this test again: /opt/homebrew/share/flutter/bin/cache/dart-sdk/bin/dart test /Users/florian/Code/substitution/integration_test/feed_with_matrix_test.dart -p vm --plain-name 'Feed with Real Matrix Server Feed displays content from test_photos room (has 3 messages)'
05:17 +1 -14: /Users/florian/Code/substitution/integration_test/feed_with_matrix_test.dart: Feed with Real Matrix Server Feed loads and shows messages chronologically                                 05:17 +1 -14: /Users/florian/Code/substitution/integration_test/feed_with_matrix_test.dart: Feed with Real Matrix Server Feed loads and shows messages chronologically                                 
[90m[🌎 Easy Localization] [DEBUG] Localization initialized[0m
[Matrix] [32mInitialize client Substitution[0m
[Matrix] [32mUser is not logged in.[0m
[90m[🌎 Easy Localization] [DEBUG] Start[0m
05:19 +1 -14: /Users/florian/Code/substitution/integration_test/feed_with_matrix_test.dart: Feed with Real Matrix Server Display unified feed from multiple rooms                                      
[90m[🌎 Easy Localization] [DEBUG] Init state[0m
[90m[🌎 Easy Localization] [DEBUG] Build[0m
[90m[🌎 Easy Localization] [DEBUG] Init Localization Delegate[0m
[90m[🌎 Easy Localization] [DEBUG] Init provider[0m
[90m[🌎 Easy Localization] [DEBUG] Load Localization Delegate[0m
[90m[🌎 Easy Localization] [DEBUG] Load asset from assets/translations[0m
[90m[🌎 Easy Localization] [DEBUG] Build[0m
[90m[🌎 Easy Localization] [DEBUG] Init Localization Delegate[0m
[90m[🌎 Easy Localization] [DEBUG] Init provider[0m
05:36 +1 -14: /Users/florian/Code/substitution/integration_test/feed_with_matrix_test.dart: Feed with Real Matrix Server Feed loads and shows messages chronologically                                 
══╡ EXCEPTION CAUGHT BY FLUTTER TEST FRAMEWORK ╞════════════════════════════════════════════════════
The following TestFailure was thrown running a test:
Expected: exactly one matching candidate
  Actual: _KeyWidgetFinder:<Found 0 widgets with key [<'loginUsernameInput'>]: []>
   Which: means none were found but one was expected
Username field should be visible on login page

When the exception was thrown, this was the stack:
#4      main.<anonymous closure>.loginUser (file:///Users/florian/Code/substitution/integration_test/feed_with_matrix_test.dart:95:7)
<asynchronous suspension>
#5      main.<anonymous closure>.<anonymous closure> (file:///Users/florian/Code/substitution/integration_test/feed_with_matrix_test.dart:201:9)
<asynchronous suspension>
#6      testWidgets.<anonymous closure>.<anonymous closure> (package:flutter_test/src/widget_tester.dart:192:15)
<asynchronous suspension>
#7      TestWidgetsFlutterBinding._runTestBody (package:flutter_test/src/binding.dart:1059:5)
<asynchronous suspension>
<asynchronous suspension>
(elided one frame from package:stack_trace)

This was caught by the test expectation on the following line:
  file:///Users/florian/Code/substitution/integration_test/feed_with_matrix_test.dart line 95
The test description was:
  Feed loads and shows messages chronologically
════════════════════════════════════════════════════════════════════════════════════════════════════
05:36 +1 -15: /Users/florian/Code/substitution/integration_test/feed_with_matrix_test.dart: Feed with Real Matrix Server Feed loads and shows messages chronologically [E]                             
  Test failed. See exception logs above.
  The test description was: Feed loads and shows messages chronologically
  

To run this test again: /opt/homebrew/share/flutter/bin/cache/dart-sdk/bin/dart test /Users/florian/Code/substitution/integration_test/feed_with_matrix_test.dart -p vm --plain-name 'Feed with Real Matrix Server Feed loads and shows messages chronologically'
05:36 +1 -15: /Users/florian/Code/substitution/integration_test/feed_with_matrix_test.dart: Feed with Real Matrix Server Feed excludes test_art room (empty room)                                      05:36 +1 -15: /Users/florian/Code/substitution/integration_test/feed_with_matrix_test.dart: Feed with Real Matrix Server Feed excludes test_art room (empty room)                                      
[90m[🌎 Easy Localization] [DEBUG] Localization initialized[0m
[Matrix] [32mInitialize client Substitution[0m
[Matrix] [32mUser is not logged in.[0m
[90m[🌎 Easy Localization] [DEBUG] Start[0m
05:38 +1 -15: /Users/florian/Code/substitution/integration_test/feed_with_matrix_test.dart: Feed with Real Matrix Server Display unified feed from multiple rooms                                      
[90m[🌎 Easy Localization] [DEBUG] Init state[0m
[90m[🌎 Easy Localization] [DEBUG] Build[0m
[90m[🌎 Easy Localization] [DEBUG] Init Localization Delegate[0m
[90m[🌎 Easy Localization] [DEBUG] Init provider[0m
[90m[🌎 Easy Localization] [DEBUG] Load Localization Delegate[0m
[90m[🌎 Easy Localization] [DEBUG] Load asset from assets/translations[0m
[90m[🌎 Easy Localization] [DEBUG] Build[0m
[90m[🌎 Easy Localization] [DEBUG] Init Localization Delegate[0m
[90m[🌎 Easy Localization] [DEBUG] Init provider[0m
05:55 +1 -15: /Users/florian/Code/substitution/integration_test/feed_with_matrix_test.dart: Feed with Real Matrix Server Feed excludes test_art room (empty room)                                      
══╡ EXCEPTION CAUGHT BY FLUTTER TEST FRAMEWORK ╞════════════════════════════════════════════════════
The following TestFailure was thrown running a test:
Expected: exactly one matching candidate
  Actual: _KeyWidgetFinder:<Found 0 widgets with key [<'loginUsernameInput'>]: []>
   Which: means none were found but one was expected
Username field should be visible on login page

When the exception was thrown, this was the stack:
#4      main.<anonymous closure>.loginUser (file:///Users/florian/Code/substitution/integration_test/feed_with_matrix_test.dart:95:7)
<asynchronous suspension>
#5      main.<anonymous closure>.<anonymous closure> (file:///Users/florian/Code/substitution/integration_test/feed_with_matrix_test.dart:229:9)
<asynchronous suspension>
#6      testWidgets.<anonymous closure>.<anonymous closure> (package:flutter_test/src/widget_tester.dart:192:15)
<asynchronous suspension>
#7      TestWidgetsFlutterBinding._runTestBody (package:flutter_test/src/binding.dart:1059:5)
<asynchronous suspension>
<asynchronous suspension>
(elided one frame from package:stack_trace)

This was caught by the test expectation on the following line:
  file:///Users/florian/Code/substitution/integration_test/feed_with_matrix_test.dart line 95
The test description was:
  Feed excludes test_art room (empty room)
════════════════════════════════════════════════════════════════════════════════════════════════════
05:55 +1 -16: /Users/florian/Code/substitution/integration_test/feed_with_matrix_test.dart: Feed with Real Matrix Server Feed excludes test_art room (empty room) [E]                                  
  Test failed. See exception logs above.
  The test description was: Feed excludes test_art room (empty room)
  

To run this test again: /opt/homebrew/share/flutter/bin/cache/dart-sdk/bin/dart test /Users/florian/Code/substitution/integration_test/feed_with_matrix_test.dart -p vm --plain-name 'Feed with Real Matrix Server Feed excludes test_art room (empty room)'
05:55 +1 -16: /Users/florian/Code/substitution/integration_test/feed_with_matrix_test.dart: (tearDownAll)                                                                                              [+91602 ms] test 3: Test harness is no longer needed by test process
[        ] test 3: finished
[        ] test 3: cleaning up...
[        ] test 3: ensuring test device is terminated.
[        ] executing: /Users/florian/Library/Android/sdk/platform-tools/adb -s emulator-5554 shell am force-stop art.substitution.substitution
[        ] test 3: Test process is no longer needed by test harness
[  +63 ms] executing: /Users/florian/Library/Android/sdk/platform-tools/adb -s emulator-5554 uninstall art.substitution.substitution
[ +421 ms] Success
[        ] test 3: deleting temporary directory
[        ] test 3: finished
05:55 +1 -16: loading /Users/florian/Code/substitution/integration_test/clear_cache_test.dart                                                                                                          [        ] test 4: starting test /Users/florian/Code/substitution/integration_test/clear_cache_test.dart
[        ] Stopping scan for flutter_test_config.dart; found project root at /Users/florian/Code/substitution
[        ] test 4: starting test device
[        ] test 4: awaiting connection to test device
[   +1 ms] executing: /Users/florian/Library/Android/sdk/build-tools/36.1.0/aapt dump xmltree /Users/florian/Code/substitution/build/app/outputs/flutter-apk/app-debug.apk AndroidManifest.xml
[  +11 ms] Exit code 0 from: /Users/florian/Library/Android/sdk/build-tools/36.1.0/aapt dump xmltree /Users/florian/Code/substitution/build/app/outputs/flutter-apk/app-debug.apk AndroidManifest.xml
[        ] N: android=http://schemas.android.com/apk/res/android
             E: manifest (line=2)
               A: android:versionCode(0x0101021b)=(type 0x10)0x7
               A: android:versionName(0x0101021c)="1.0.0" (Raw: "1.0.0")
               A: android:compileSdkVersion(0x01010572)=(type 0x10)0x24
               A: android:compileSdkVersionCodename(0x01010573)="16" (Raw: "16")
               A: package="art.substitution.substitution" (Raw: "art.substitution.substitution")
               A: platformBuildVersionCode=(type 0x10)0x24
               A: platformBuildVersionName=(type 0x10)0x10
               E: uses-sdk (line=7)
                 A: android:minSdkVersion(0x0101020c)=(type 0x10)0x18
                 A: android:targetSdkVersion(0x01010270)=(type 0x10)0x22
               E: uses-permission (line=15)
                 A: android:name(0x01010003)="android.permission.INTERNET" (Raw: "android.permission.INTERNET")
               E: uses-permission (line=16)
                 A: android:name(0x01010003)="android.permission.ACCESS_NETWORK_STATE" (Raw: "android.permission.ACCESS_NETWORK_STATE")
               E: permission (line=18)
                 A: android:name(0x01010003)="art.substitution.substitution.DYNAMIC_RECEIVER_NOT_EXPORTED_PERMISSION" (Raw: "art.substitution.substitution.DYNAMIC_RECEIVER_NOT_EXPORTED_PERMISSION")
                 A: android:protectionLevel(0x01010009)=(type 0x11)0x2
               E: uses-permission (line=22)
                 A: android:name(0x01010003)="art.substitution.substitution.DYNAMIC_RECEIVER_NOT_EXPORTED_PERMISSION" (Raw: "art.substitution.substitution.DYNAMIC_RECEIVER_NOT_EXPORTED_PERMISSION")
               E: application (line=24)
                 A: android:label(0x01010001)="substitution" (Raw: "substitution")
                 A: android:icon(0x01010002)=@0x7f0c0000
                 A: android:name(0x01010003)="android.app.Application" (Raw: "android.app.Application")
                 A: android:debuggable(0x0101000f)=(type 0x12)0xffffffff
                 A: android:extractNativeLibs(0x010104ea)=(type 0x12)0x0
                 A: android:appComponentFactory(0x0101057a)="androidx.core.app.CoreComponentFactory" (Raw: "androidx.core.app.CoreComponentFactory")
                 E: activity (line=31)
                   A: android:theme(0x01010000)=@0x7f0e00a2
                   A: android:name(0x01010003)="art.substitution.substitution.MainActivity" (Raw: "art.substitution.substitution.MainActivity")
                   A: android:exported(0x01010010)=(type 0x12)0xffffffff
                   A: android:launchMode(0x0101001d)=(type 0x10)0x1
                   A: android:configChanges(0x0101001f)=(type 0x11)0x40003fb4
                   A: android:windowSoftInputMode(0x0101022b)=(type 0x11)0x10
                   A: android:hardwareAccelerated(0x010102d3)=(type 0x12)0xffffffff
                   E: meta-data (line=46)
                     A: android:name(0x01010003)="io.flutter.embedding.android.NormalTheme" (Raw: "io.flutter.embedding.android.NormalTheme")
                     A: android:resource(0x01010025)=@0x7f0e00a3
                   E: intent-filter (line=50)
                     E: action (line=51)
                       A: android:name(0x01010003)="android.intent.action.MAIN" (Raw: "android.intent.action.MAIN")
                     E: category (line=53)
                       A: android:name(0x01010003)="android.intent.category.LAUNCHER" (Raw: "android.intent.category.LAUNCHER")
                   E: intent-filter (line=56)
                     E: action (line=57)
                       A: android:name(0x01010003)="android.intent.action.VIEW" (Raw: "android.intent.action.VIEW")
                     E: category (line=59)
                       A: android:name(0x01010003)="android.intent.category.DEFAULT" (Raw: "android.intent.category.DEFAULT")
                     E: category (line=60)
                       A: android:name(0x01010003)="android.intent.category.BROWSABLE" (Raw: "android.intent.category.BROWSABLE")
                     E: data (line=62)
                       A: android:scheme(0x01010027)="substitution" (Raw: "substitution")
                       A: android:host(0x01010028)="auth" (Raw: "auth")
                       A: android:pathPrefix(0x0101002b)="/login-callback" (Raw: "/login-callback")
                 E: meta-data (line=72)
                   A: android:name(0x01010003)="flutterEmbedding" (Raw: "flutterEmbedding")
                   A: android:value(0x01010024)=(type 0x10)0x2
                 E: activity (line=76)
                   A: android:theme(0x01010000)=@0x01030007
                   A: android:name(0x01010003)="io.flutter.plugins.urllauncher.WebViewActivity" (Raw: "io.flutter.plugins.urllauncher.WebViewActivity")
                   A: android:exported(0x01010010)=(type 0x12)0x0
                 E: uses-library (line=81)
                   A: android:name(0x01010003)="androidx.window.extensions" (Raw: "androidx.window.extensions")
                   A: android:required(0x0101028e)=(type 0x12)0x0
                 E: uses-library (line=84)
                   A: android:name(0x01010003)="androidx.window.sidecar" (Raw: "androidx.window.sidecar")
                   A: android:required(0x0101028e)=(type 0x12)0x0
                 E: provider (line=88)
                   A: android:name(0x01010003)="androidx.startup.InitializationProvider" (Raw: "androidx.startup.InitializationProvider")
                   A: android:exported(0x01010010)=(type 0x12)0x0
                   A: android:authorities(0x01010018)="art.substitution.substitution.androidx-startup" (Raw: "art.substitution.substitution.androidx-startup")
                   E: meta-data (line=92)
                     A: android:name(0x01010003)="androidx.lifecycle.ProcessLifecycleInitializer" (Raw: "androidx.lifecycle.ProcessLifecycleInitializer")
                     A: android:value(0x01010024)="androidx.startup" (Raw: "androidx.startup")
                   E: meta-data (line=95)
                     A: android:name(0x01010003)="androidx.profileinstaller.ProfileInstallerInitializer" (Raw: "androidx.profileinstaller.ProfileInstallerInitializer")
                     A: android:value(0x01010024)="androidx.startup" (Raw: "androidx.startup")
                 E: receiver (line=100)
                   A: android:name(0x01010003)="androidx.profileinstaller.ProfileInstallReceiver" (Raw: "androidx.profileinstaller.ProfileInstallReceiver")
                   A: android:permission(0x01010006)="android.permission.DUMP" (Raw: "android.permission.DUMP")
                   A: android:enabled(0x0101000e)=(type 0x12)0xffffffff
                   A: android:exported(0x01010010)=(type 0x12)0xffffffff
                   A: android:directBootAware(0x01010505)=(type 0x12)0x0
                   E: intent-filter (line=106)
                     E: action (line=107)
                       A: android:name(0x01010003)="androidx.profileinstaller.action.INSTALL_PROFILE" (Raw: "androidx.profileinstaller.action.INSTALL_PROFILE")
                   E: intent-filter (line=109)
                     E: action (line=110)
                       A: android:name(0x01010003)="androidx.profileinstaller.action.SKIP_FILE" (Raw: "androidx.profileinstaller.action.SKIP_FILE")
                   E: intent-filter (line=112)
                     E: action (line=113)
                       A: android:name(0x01010003)="androidx.profileinstaller.action.SAVE_PROFILE" (Raw: "androidx.profileinstaller.action.SAVE_PROFILE")
                   E: intent-filter (line=115)
                     E: action (line=116)
                       A: android:name(0x01010003)="androidx.profileinstaller.action.BENCHMARK_OPERATION" (Raw: "androidx.profileinstaller.action.BENCHMARK_OPERATION")
[        ] Building APK
[   +1 ms] Version of Java is different than impacted version, no migration attempted.
[        ] CMake project not found, skipping support Android 15 16k page size migration.
[        ] Using gradle from /Users/florian/Code/substitution/android/gradlew.
[   +5 ms] LocalFile: '/Users/florian/Code/substitution/android/build.gradle' provides AGP version from classpath: 8.6.0
[  +10 ms] Running Gradle task 'assembleDebug'...
[        ] executing: [/Users/florian/Code/substitution/android/] /Users/florian/Code/substitution/android/gradlew --full-stacktrace --info -Pverbose=true -PskipDependencyChecks=true -Ptarget-platform=android-arm64 -Ptarget=/var/folders/l_/w8pnbb9d38n57pzg9j98fmy80000gn/T/flutter_tools.wuOse9/flutter_test_listener.sWfpbX/listener.dart -Pbase-application-name=android.app.Application -Pdart-defines=TUFUUklYX1NFUlZFUj1odHRwOi8vbG9jYWxob3N0OjgwMDg=,TUFUUklYX1RFU1RfVVNFUj0=,TUFUUklYX1RFU1RfUEFTU1dPUkQ9,RkxVVFRFUl9WRVJTSU9OPTMuMzguOQ==,RkxVVFRFUl9DSEFOTkVMPXN0YWJsZQ==,RkxVVFRFUl9HSVRfVVJMPWh0dHBzOi8vZ2l0aHViLmNvbS9mbHV0dGVyL2ZsdXR0ZXIuZ2l0,RkxVVFRFUl9GUkFNRVdPUktfUkVWSVNJT049NjczMjNkZTI4NQ==,RkxVVFRFUl9FTkdJTkVfUkVWSVNJT049NTg3YzE4Zjg3Mw==,RkxVVFRFUl9EQVJUX1ZFUlNJT049My4xMC44,SU5URUdSQVRJT05fVEVTVF9TSE9VTERfUkVQT1JUX1JFU1VMVFNfVE9fTkFUSVZFPWZhbHNl -Pdart-obfuscation=false -Ptrack-widget-creation=true -Ptree-shake-icons=false assembleDebug
05:56 +1 -16: loading /Users/florian/Code/substitution/integration_test/clear_cache_test.dart                                                                                                          [ +320 ms] Initialized native services in: /Users/florian/.gradle/native
[   +1 ms] Initialized jansi services in: /Users/florian/.gradle/native
[ +208 ms] The client will now receive all logging from the daemon (pid: 43439). The daemon log file: /Users/florian/.gradle/daemon/8.12.1/daemon-43439.out.log
[        ] Starting 97th build in daemon [uptime: 2 hrs 3 mins 45.676 secs, performance: 100%, GC rate: 0.00/s, heap usage: 0% of 4 GiB]
[        ] Using 32 worker leases.
[        ] Now considering [/Users/florian/Code/substitution/android, /opt/homebrew/share/flutter/packages/flutter_tools/gradle] as hierarchies to watch
[        ] Watching the file system is configured to be enabled if available
[        ] File system watching is active
[        ] Starting Build
[        ] Now considering [/opt/homebrew/share/flutter/packages/flutter_tools/gradle, /Users/florian/Code/substitution/android] as hierarchies to watch
[        ] > Configure project :gradle
[        ] Evaluating project ':gradle' using build file '/opt/homebrew/share/flutter/packages/flutter_tools/gradle/build.gradle.kts'.
[        ] Resolved plugin [id: 'org.gradle.java-gradle-plugin']
[        ] Resolved plugin [id: 'org.gradle.groovy']
[        ] Resolved plugin [id: 'org.gradle.kotlin.kotlin-dsl', version: '5.1.2']
[        ] Resolved plugin [id: 'org.jetbrains.kotlin.jvm', version: '1.9.20']
[        ] Using Kotlin Gradle Plugin gradle85 variant
[        ] kotlin scripting plugin: created the scripting discovery configuration: kotlinScriptDef
[        ] kotlin scripting plugin: created the scripting discovery configuration: testKotlinScriptDef
[        ] file or directory '/opt/homebrew/share/flutter/packages/flutter_tools/gradle/src/main/java', not found
[        ] Resolved plugin [id: 'dev.flutter.flutter-plugin-loader', version: '1.0.0']
[        ] Resolved plugin [id: 'com.android.application', version: '8.9.1', apply: false]
[        ] Resolved plugin [id: 'org.jetbrains.kotlin.android', version: '2.1.0', apply: false]
[        ] Resolve mutations for :gradle:checkKotlinGradlePluginConfigurationErrors (Thread[#38934,Execution worker,5,main]) started.
[        ] :gradle:checkKotlinGradlePluginConfigurationErrors (Thread[#38937,Execution worker Thread 4,5,main]) started.
[        ] > Task :gradle:checkKotlinGradlePluginConfigurationErrors SKIPPED
[        ] Skipping task ':gradle:checkKotlinGradlePluginConfigurationErrors' as task onlyIf 'errorDiagnostics are present' is false.
[        ] Resolve mutations for :gradle:compileKotlin (Thread[#38937,Execution worker Thread 4,5,main]) started.
[        ] :gradle:compileKotlin (Thread[#38937,Execution worker Thread 4,5,main]) started.
[        ] > Task :gradle:compileKotlin UP-TO-DATE
[        ] Caching disabled for task ':gradle:compileKotlin' because:
[        ]   Build cache is disabled
[        ] Skipping task ':gradle:compileKotlin' as it is up-to-date.
[        ] Resolve mutations for :gradle:compileJava (Thread[#38937,Execution worker Thread 4,5,main]) started.
[        ] :gradle:compileJava (Thread[#38937,Execution worker Thread 4,5,main]) started.
[        ] > Task :gradle:compileJava NO-SOURCE
[        ] Skipping task ':gradle:compileJava' as it has no source files and no previous output files.
[        ] Resolve mutations for :gradle:compileGroovy (Thread[#38937,Execution worker Thread 4,5,main]) started.
[        ] :gradle:compileGroovy (Thread[#38950,Execution worker Thread 16,5,main]) started.
[        ] > Task :gradle:compileGroovy NO-SOURCE
[        ] Skipping task ':gradle:compileGroovy' as it has no source files and no previous output files.
[        ] Resolve mutations for :gradle:pluginDescriptors (Thread[#38950,Execution worker Thread 16,5,main]) started.
[        ] :gradle:pluginDescriptors (Thread[#38963,Execution worker Thread 29,5,main]) started.
[        ] > Task :gradle:pluginDescriptors UP-TO-DATE
[        ] Caching disabled for task ':gradle:pluginDescriptors' because:
[        ]   Build cache is disabled
[        ]   Not worth caching
[        ] Skipping task ':gradle:pluginDescriptors' as it is up-to-date.
[        ] Resolve mutations for :gradle:processResources (Thread[#38963,Execution worker Thread 29,5,main]) started.
[        ] :gradle:processResources (Thread[#38963,Execution worker Thread 29,5,main]) started.
[        ] > Task :gradle:processResources UP-TO-DATE
[        ] Caching disabled for task ':gradle:processResources' because:
[        ]   Build cache is disabled
[        ]   Not worth caching
[        ] Skipping task ':gradle:processResources' as it is up-to-date.
[        ] Resolve mutations for :gradle:classes (Thread[#38963,Execution worker Thread 29,5,main]) started.
[        ] :gradle:classes (Thread[#38963,Execution worker Thread 29,5,main]) started.
[        ] > Task :gradle:classes UP-TO-DATE
[        ] Skipping task ':gradle:classes' as it has no actions.
[        ] Resolve mutations for :gradle:jar (Thread[#38963,Execution worker Thread 29,5,main]) started.
[        ] :gradle:jar (Thread[#38963,Execution worker Thread 29,5,main]) started.
[        ] > Task :gradle:jar UP-TO-DATE
[        ] Caching disabled for task ':gradle:jar' because:
[        ]   Build cache is disabled
[        ]   Not worth caching
[        ] Skipping task ':gradle:jar' as it is up-to-date.
[  +97 ms] Settings evaluated using settings file '/Users/florian/Code/substitution/android/settings.gradle'.
[        ] Projects loaded. Root project using build file '/Users/florian/Code/substitution/android/build.gradle'.
[        ] Included projects: [root project 'android', project ':app', project ':connectivity_plus', project ':emoji_picker_flutter', project ':file_selector_android', project ':flutter_keyboard_visibility_temp_fork', project ':flutter_native_splash', project ':flutter_olm', project ':flutter_openssl_crypto', project ':integration_test', project ':path_provider_android', project ':quill_native_bridge_android', project ':shared_preferences_android', project ':sqflite_android', project ':url_launcher_android', project ':video_player_android']
[        ] > Configure project :app
[        ] Evaluating project ':app' using build file '/Users/florian/Code/substitution/android/app/build.gradle'.
[        ] Resolved plugin [id: 'com.android.application']
[        ] Resolved plugin [id: 'kotlin-android']
[        ] Resolved plugin [id: 'dev.flutter.flutter-gradle-plugin']
[        ] Using default execution profile
[        ] Using Kotlin Gradle Plugin gradle85 variant
[        ] C/C++: android.ndkVersion from module build.gradle is [28.2.13676358]
[        ] C/C++: android.ndkPath from module build.gradle is not set
[        ] C/C++: ndk.dir in local.properties is not set
[        ] C/C++: Not considering ANDROID_NDK_HOME because support was removed after deprecation period.
[        ] C/C++: sdkFolder is /Users/florian/Library/Android/sdk
[        ] C/C++: android.ndkVersion from module build.gradle is [28.2.13676358]
[        ] C/C++: android.ndkPath from module build.gradle is not set
[        ] C/C++: ndk.dir in local.properties is not set
[        ] C/C++: Not considering ANDROID_NDK_HOME because support was removed after deprecation period.
[        ] C/C++: sdkFolder is /Users/florian/Library/Android/sdk
[        ] C/C++: android.ndkVersion from module build.gradle is [28.2.13676358]
[        ] C/C++: android.ndkPath from module build.gradle is not set
[        ] C/C++: ndk.dir in local.properties is not set
[        ] C/C++: Not considering ANDROID_NDK_HOME because support was removed after deprecation period.
[        ] C/C++: sdkFolder is /Users/florian/Library/Android/sdk
[        ] C/C++: android.ndkVersion from module build.gradle is [28.2.13676358]
[        ] C/C++: android.ndkPath from module build.gradle is not set
[        ] C/C++: ndk.dir in local.properties is not set
[        ] C/C++: Not considering ANDROID_NDK_HOME because support was removed after deprecation period.
[        ] C/C++: sdkFolder is /Users/florian/Library/Android/sdk
[        ] C/C++: android.ndkVersion from module build.gradle is [28.2.13676358]
[        ] C/C++: android.ndkPath from module build.gradle is not set
[        ] C/C++: ndk.dir in local.properties is not set
[        ] C/C++: Not considering ANDROID_NDK_HOME because support was removed after deprecation period.
[        ] C/C++: sdkFolder is /Users/florian/Library/Android/sdk
[        ] C/C++: android.ndkVersion from module build.gradle is [28.2.13676358]
[        ] C/C++: android.ndkPath from module build.gradle is not set
[        ] C/C++: ndk.dir in local.properties is not set
[        ] C/C++: Not considering ANDROID_NDK_HOME because support was removed after deprecation period.
[        ] C/C++: sdkFolder is /Users/florian/Library/Android/sdk
[        ] C/C++: android.ndkVersion from module build.gradle is [28.2.13676358]
[        ] C/C++: android.ndkPath from module build.gradle is not set
[        ] C/C++: ndk.dir in local.properties is not set
[        ] C/C++: Not considering ANDROID_NDK_HOME because support was removed after deprecation period.
[        ] C/C++: sdkFolder is /Users/florian/Library/Android/sdk
[        ] C/C++: android.ndkVersion from module build.gradle is [28.2.13676358]
[        ] C/C++: android.ndkPath from module build.gradle is not set
[        ] C/C++: ndk.dir in local.properties is not set
[        ] C/C++: Not considering ANDROID_NDK_HOME because support was removed after deprecation period.
[        ] C/C++: sdkFolder is /Users/florian/Library/Android/sdk
[        ] C/C++: android.ndkVersion from module build.gradle is [28.2.13676358]
[        ] C/C++: android.ndkPath from module build.gradle is not set
[        ] C/C++: ndk.dir in local.properties is not set
[        ] C/C++: Not considering ANDROID_NDK_HOME because support was removed after deprecation period.
[        ] C/C++: sdkFolder is /Users/florian/Library/Android/sdk
[        ] C/C++: android.ndkVersion from module build.gradle is [28.2.13676358]
[        ] C/C++: android.ndkPath from module build.gradle is not set
[        ] C/C++: ndk.dir in local.properties is not set
[        ] C/C++: Not considering ANDROID_NDK_HOME because support was removed after deprecation period.
[        ] C/C++: sdkFolder is /Users/florian/Library/Android/sdk
[        ] C/C++: android.ndkVersion from module build.gradle is [28.2.13676358]
[        ] C/C++: android.ndkPath from module build.gradle is not set
[        ] C/C++: ndk.dir in local.properties is not set
[        ] C/C++: Not considering ANDROID_NDK_HOME because support was removed after deprecation period.
[        ] C/C++: sdkFolder is /Users/florian/Library/Android/sdk
[        ] C/C++: android.ndkVersion from module build.gradle is [28.2.13676358]
[        ] C/C++: android.ndkPath from module build.gradle is not set
[        ] C/C++: ndk.dir in local.properties is not set
[        ] C/C++: Not considering ANDROID_NDK_HOME because support was removed after deprecation period.
[        ] C/C++: sdkFolder is /Users/florian/Library/Android/sdk
[        ] C/C++: android.ndkVersion from module build.gradle is [28.2.13676358]
[        ] C/C++: android.ndkPath from module build.gradle is not set
[        ] C/C++: ndk.dir in local.properties is not set
[        ] C/C++: Not considering ANDROID_NDK_HOME because support was removed after deprecation period.
[        ] C/C++: sdkFolder is /Users/florian/Library/Android/sdk
[        ] C/C++: android.ndkVersion from module build.gradle is [28.2.13676358]
[        ] C/C++: android.ndkPath from module build.gradle is not set
[        ] C/C++: ndk.dir in local.properties is not set
[        ] C/C++: Not considering ANDROID_NDK_HOME because support was removed after deprecation period.
[        ] C/C++: sdkFolder is /Users/florian/Library/Android/sdk
[        ] C/C++: android.ndkVersion from module build.gradle is [28.2.13676358]
[        ] C/C++: android.ndkPath from module build.gradle is not set
[        ] C/C++: ndk.dir in local.properties is not set
[        ] C/C++: Not considering ANDROID_NDK_HOME because support was removed after deprecation period.
[        ] C/C++: sdkFolder is /Users/florian/Library/Android/sdk
[        ] C/C++: android.ndkVersion from module build.gradle is [28.2.13676358]
[        ] C/C++: android.ndkPath from module build.gradle is not set
[        ] C/C++: ndk.dir in local.properties is not set
[        ] C/C++: Not considering ANDROID_NDK_HOME because support was removed after deprecation period.
[        ] C/C++: sdkFolder is /Users/florian/Library/Android/sdk
[        ] C/C++: android.ndkVersion from module build.gradle is [28.2.13676358]
[        ] C/C++: android.ndkPath from module build.gradle is not set
[        ] C/C++: ndk.dir in local.properties is not set
[        ] C/C++: Not considering ANDROID_NDK_HOME because support was removed after deprecation period.
[        ] C/C++: sdkFolder is /Users/florian/Library/Android/sdk
[        ] C/C++: android.ndkVersion from module build.gradle is [28.2.13676358]
[        ] C/C++: android.ndkPath from module build.gradle is not set
[        ] C/C++: ndk.dir in local.properties is not set
[        ] C/C++: Not considering ANDROID_NDK_HOME because support was removed after deprecation period.
[        ] C/C++: sdkFolder is /Users/florian/Library/Android/sdk
[        ] C/C++: android.ndkVersion from module build.gradle is [28.2.13676358]
[        ] C/C++: android.ndkPath from module build.gradle is not set
[        ] C/C++: ndk.dir in local.properties is not set
[        ] C/C++: Not considering ANDROID_NDK_HOME because support was removed after deprecation period.
[        ] C/C++: sdkFolder is /Users/florian/Library/Android/sdk
[        ] > Configure project :
[        ] Evaluating root project 'android' using build file '/Users/florian/Code/substitution/android/build.gradle'.
[        ] > Configure project :connectivity_plus
[        ] Evaluating project ':connectivity_plus' using build file '/Users/florian/.pub-cache/hosted/pub.dev/connectivity_plus-5.0.2/android/build.gradle'.
[        ] Using default execution profile
[  +93 ms] > Configure project :emoji_picker_flutter
[        ] Evaluating project ':emoji_picker_flutter' using build file '/Users/florian/.pub-cache/hosted/pub.dev/emoji_picker_flutter-4.4.0/android/build.gradle'.
[        ] Using default execution profile
[        ] Using Kotlin Gradle Plugin gradle85 variant
[        ] > Configure project :file_selector_android
[        ] Evaluating project ':file_selector_android' using build file '/Users/florian/.pub-cache/hosted/pub.dev/file_selector_android-0.5.2+4/android/build.gradle'.
[        ] Using default execution profile
[        ] > Configure project :flutter_keyboard_visibility_temp_fork
[        ] Evaluating project ':flutter_keyboard_visibility_temp_fork' using build file '/Users/florian/.pub-cache/hosted/pub.dev/flutter_keyboard_visibility_temp_fork-0.1.5/android/build.gradle'.
[        ] Using default execution profile
[        ] > Configure project :flutter_native_splash
[        ] Evaluating project ':flutter_native_splash' using build file '/Users/florian/.pub-cache/hosted/pub.dev/flutter_native_splash-2.4.7/android/build.gradle'.
[        ] Using default execution profile
[        ] > Configure project :flutter_olm
[        ] Evaluating project ':flutter_olm' using build file '/Users/florian/.pub-cache/hosted/pub.dev/flutter_olm-2.0.0/android/build.gradle'.
[        ] Using default execution profile
[        ] Using Kotlin Gradle Plugin gradle85 variant
[        ] C/C++: android.ndkVersion from module build.gradle is [27.0.12077973]
[        ] C/C++: android.ndkPath from module build.gradle is not set
[        ] C/C++: ndk.dir in local.properties is not set
[        ] C/C++: Not considering ANDROID_NDK_HOME because support was removed after deprecation period.
[        ] C/C++: sdkFolder is /Users/florian/Library/Android/sdk
[        ] C/C++: android.ndkVersion from module build.gradle is [27.0.12077973]
[        ] C/C++: android.ndkPath from module build.gradle is not set
[        ] C/C++: ndk.dir in local.properties is not set
[        ] C/C++: Not considering ANDROID_NDK_HOME because support was removed after deprecation period.
[        ] C/C++: sdkFolder is /Users/florian/Library/Android/sdk
[        ] C/C++: android.ndkVersion from module build.gradle is [27.0.12077973]
[        ] C/C++: android.ndkPath from module build.gradle is not set
[        ] C/C++: ndk.dir in local.properties is not set
[        ] C/C++: Not considering ANDROID_NDK_HOME because support was removed after deprecation period.
[        ] C/C++: sdkFolder is /Users/florian/Library/Android/sdk
[        ] C/C++: android.ndkVersion from module build.gradle is [27.0.12077973]
[        ] C/C++: android.ndkPath from module build.gradle is not set
[        ] C/C++: ndk.dir in local.properties is not set
[        ] C/C++: Not considering ANDROID_NDK_HOME because support was removed after deprecation period.
[        ] C/C++: sdkFolder is /Users/florian/Library/Android/sdk
[        ] C/C++: android.ndkVersion from module build.gradle is [27.0.12077973]
[        ] C/C++: android.ndkPath from module build.gradle is not set
[        ] C/C++: ndk.dir in local.properties is not set
[        ] C/C++: Not considering ANDROID_NDK_HOME because support was removed after deprecation period.
[        ] C/C++: sdkFolder is /Users/florian/Library/Android/sdk
[        ] C/C++: android.ndkVersion from module build.gradle is [27.0.12077973]
[        ] C/C++: android.ndkPath from module build.gradle is not set
[        ] C/C++: ndk.dir in local.properties is not set
[        ] C/C++: Not considering ANDROID_NDK_HOME because support was removed after deprecation period.
[        ] C/C++: sdkFolder is /Users/florian/Library/Android/sdk
[        ] C/C++: android.ndkVersion from module build.gradle is [27.0.12077973]
[        ] C/C++: android.ndkPath from module build.gradle is not set
[        ] C/C++: ndk.dir in local.properties is not set
[        ] C/C++: Not considering ANDROID_NDK_HOME because support was removed after deprecation period.
[        ] C/C++: sdkFolder is /Users/florian/Library/Android/sdk
[        ] C/C++: android.ndkVersion from module build.gradle is [27.0.12077973]
[        ] C/C++: android.ndkPath from module build.gradle is not set
[        ] C/C++: ndk.dir in local.properties is not set
[        ] C/C++: Not considering ANDROID_NDK_HOME because support was removed after deprecation period.
[        ] C/C++: sdkFolder is /Users/florian/Library/Android/sdk
[        ] C/C++: android.ndkVersion from module build.gradle is [27.0.12077973]
[        ] C/C++: android.ndkPath from module build.gradle is not set
[        ] C/C++: ndk.dir in local.properties is not set
[        ] C/C++: Not considering ANDROID_NDK_HOME because support was removed after deprecation period.
[        ] C/C++: sdkFolder is /Users/florian/Library/Android/sdk
[        ] C/C++: android.ndkVersion from module build.gradle is [27.0.12077973]
[        ] C/C++: android.ndkPath from module build.gradle is not set
[        ] C/C++: ndk.dir in local.properties is not set
[        ] C/C++: Not considering ANDROID_NDK_HOME because support was removed after deprecation period.
[        ] C/C++: sdkFolder is /Users/florian/Library/Android/sdk
[        ] C/C++: android.ndkVersion from module build.gradle is [27.0.12077973]
[        ] C/C++: android.ndkPath from module build.gradle is not set
[        ] C/C++: ndk.dir in local.properties is not set
[        ] C/C++: Not considering ANDROID_NDK_HOME because support was removed after deprecation period.
[        ] C/C++: sdkFolder is /Users/florian/Library/Android/sdk
[        ] C/C++: android.ndkVersion from module build.gradle is [27.0.12077973]
[        ] C/C++: android.ndkPath from module build.gradle is not set
[        ] C/C++: ndk.dir in local.properties is not set
[        ] C/C++: Not considering ANDROID_NDK_HOME because support was removed after deprecation period.
[        ] C/C++: sdkFolder is /Users/florian/Library/Android/sdk
[        ] C/C++: android.ndkVersion from module build.gradle is [27.0.12077973]
[        ] C/C++: android.ndkPath from module build.gradle is not set
[        ] C/C++: ndk.dir in local.properties is not set
[        ] C/C++: Not considering ANDROID_NDK_HOME because support was removed after deprecation period.
[        ] C/C++: sdkFolder is /Users/florian/Library/Android/sdk
[        ] C/C++: android.ndkVersion from module build.gradle is [27.0.12077973]
[        ] C/C++: android.ndkPath from module build.gradle is not set
[        ] C/C++: ndk.dir in local.properties is not set
[        ] C/C++: Not considering ANDROID_NDK_HOME because support was removed after deprecation period.
[        ] C/C++: sdkFolder is /Users/florian/Library/Android/sdk
[        ] C/C++: android.ndkVersion from module build.gradle is [27.0.12077973]
[        ] C/C++: android.ndkPath from module build.gradle is not set
[        ] C/C++: ndk.dir in local.properties is not set
[        ] C/C++: Not considering ANDROID_NDK_HOME because support was removed after deprecation period.
[        ] C/C++: sdkFolder is /Users/florian/Library/Android/sdk
[        ] C/C++: android.ndkVersion from module build.gradle is [27.0.12077973]
[        ] C/C++: android.ndkPath from module build.gradle is not set
[        ] C/C++: ndk.dir in local.properties is not set
[        ] C/C++: Not considering ANDROID_NDK_HOME because support was removed after deprecation period.
[        ] C/C++: sdkFolder is /Users/florian/Library/Android/sdk
[        ] C/C++: android.ndkVersion from module build.gradle is [27.0.12077973]
[        ] C/C++: android.ndkPath from module build.gradle is not set
[        ] C/C++: ndk.dir in local.properties is not set
[        ] C/C++: Not considering ANDROID_NDK_HOME because support was removed after deprecation period.
[        ] C/C++: sdkFolder is /Users/florian/Library/Android/sdk
[        ] C/C++: android.ndkVersion from module build.gradle is [27.0.12077973]
[        ] C/C++: android.ndkPath from module build.gradle is not set
[        ] C/C++: ndk.dir in local.properties is not set
[        ] C/C++: Not considering ANDROID_NDK_HOME because support was removed after deprecation period.
[        ] C/C++: sdkFolder is /Users/florian/Library/Android/sdk
[        ] C/C++: android.ndkVersion from module build.gradle is [27.0.12077973]
[        ] C/C++: android.ndkPath from module build.gradle is not set
[        ] C/C++: ndk.dir in local.properties is not set
[        ] C/C++: Not considering ANDROID_NDK_HOME because support was removed after deprecation period.
[        ] C/C++: sdkFolder is /Users/florian/Library/Android/sdk
[  +98 ms] > Configure project :flutter_openssl_crypto
[        ] Evaluating project ':flutter_openssl_crypto' using build file '/Users/florian/.pub-cache/hosted/pub.dev/flutter_openssl_crypto-0.5.0/android/build.gradle'.
[        ] Using default execution profile
[        ] Using Kotlin Gradle Plugin gradle85 variant
[        ] C/C++: android.ndkVersion from module build.gradle is [27.0.12077973]
[        ] C/C++: android.ndkPath from module build.gradle is not set
[        ] C/C++: ndk.dir in local.properties is not set
[        ] C/C++: Not considering ANDROID_NDK_HOME because support was removed after deprecation period.
[        ] C/C++: sdkFolder is /Users/florian/Library/Android/sdk
[        ] C/C++: android.ndkVersion from module build.gradle is [27.0.12077973]
[        ] C/C++: android.ndkPath from module build.gradle is not set
[        ] C/C++: ndk.dir in local.properties is not set
[        ] C/C++: Not considering ANDROID_NDK_HOME because support was removed after deprecation period.
[        ] C/C++: sdkFolder is /Users/florian/Library/Android/sdk
[        ] C/C++: android.ndkVersion from module build.gradle is [27.0.12077973]
[        ] C/C++: android.ndkPath from module build.gradle is not set
[        ] C/C++: ndk.dir in local.properties is not set
[        ] C/C++: Not considering ANDROID_NDK_HOME because support was removed after deprecation period.
[        ] C/C++: sdkFolder is /Users/florian/Library/Android/sdk
[        ] C/C++: android.ndkVersion from module build.gradle is [27.0.12077973]
[        ] C/C++: android.ndkPath from module build.gradle is not set
[        ] C/C++: ndk.dir in local.properties is not set
[        ] C/C++: Not considering ANDROID_NDK_HOME because support was removed after deprecation period.
[        ] C/C++: sdkFolder is /Users/florian/Library/Android/sdk
[        ] C/C++: android.ndkVersion from module build.gradle is [27.0.12077973]
[        ] C/C++: android.ndkPath from module build.gradle is not set
[        ] C/C++: ndk.dir in local.properties is not set
[        ] C/C++: Not considering ANDROID_NDK_HOME because support was removed after deprecation period.
[        ] C/C++: sdkFolder is /Users/florian/Library/Android/sdk
[        ] C/C++: android.ndkVersion from module build.gradle is [27.0.12077973]
[        ] C/C++: android.ndkPath from module build.gradle is not set
[        ] C/C++: ndk.dir in local.properties is not set
[        ] C/C++: Not considering ANDROID_NDK_HOME because support was removed after deprecation period.
[        ] C/C++: sdkFolder is /Users/florian/Library/Android/sdk
[        ] C/C++: android.ndkVersion from module build.gradle is [27.0.12077973]
[        ] C/C++: android.ndkPath from module build.gradle is not set
[        ] C/C++: ndk.dir in local.properties is not set
[        ] C/C++: Not considering ANDROID_NDK_HOME because support was removed after deprecation period.
[        ] C/C++: sdkFolder is /Users/florian/Library/Android/sdk
[        ] C/C++: android.ndkVersion from module build.gradle is [27.0.12077973]
[        ] C/C++: android.ndkPath from module build.gradle is not set
[        ] C/C++: ndk.dir in local.properties is not set
[        ] C/C++: Not considering ANDROID_NDK_HOME because support was removed after deprecation period.
[        ] C/C++: sdkFolder is /Users/florian/Library/Android/sdk
[        ] C/C++: android.ndkVersion from module build.gradle is [27.0.12077973]
[        ] C/C++: android.ndkPath from module build.gradle is not set
[        ] C/C++: ndk.dir in local.properties is not set
[        ] C/C++: Not considering ANDROID_NDK_HOME because support was removed after deprecation period.
[        ] C/C++: sdkFolder is /Users/florian/Library/Android/sdk
[        ] C/C++: android.ndkVersion from module build.gradle is [27.0.12077973]
[        ] C/C++: android.ndkPath from module build.gradle is not set
[        ] C/C++: ndk.dir in local.properties is not set
[        ] C/C++: Not considering ANDROID_NDK_HOME because support was removed after deprecation period.
[        ] C/C++: sdkFolder is /Users/florian/Library/Android/sdk
[        ] C/C++: android.ndkVersion from module build.gradle is [27.0.12077973]
[        ] C/C++: android.ndkPath from module build.gradle is not set
[        ] C/C++: ndk.dir in local.properties is not set
[        ] C/C++: Not considering ANDROID_NDK_HOME because support was removed after deprecation period.
[        ] C/C++: sdkFolder is /Users/florian/Library/Android/sdk
[        ] C/C++: android.ndkVersion from module build.gradle is [27.0.12077973]
[        ] C/C++: android.ndkPath from module build.gradle is not set
[        ] C/C++: ndk.dir in local.properties is not set
[        ] C/C++: Not considering ANDROID_NDK_HOME because support was removed after deprecation period.
[        ] C/C++: sdkFolder is /Users/florian/Library/Android/sdk
[        ] C/C++: android.ndkVersion from module build.gradle is [27.0.12077973]
[        ] C/C++: android.ndkPath from module build.gradle is not set
[        ] C/C++: ndk.dir in local.properties is not set
[        ] C/C++: Not considering ANDROID_NDK_HOME because support was removed after deprecation period.
[        ] C/C++: sdkFolder is /Users/florian/Library/Android/sdk
[        ] C/C++: android.ndkVersion from module build.gradle is [27.0.12077973]
[        ] C/C++: android.ndkPath from module build.gradle is not set
[        ] C/C++: ndk.dir in local.properties is not set
[        ] C/C++: Not considering ANDROID_NDK_HOME because support was removed after deprecation period.
[        ] C/C++: sdkFolder is /Users/florian/Library/Android/sdk
[        ] C/C++: android.ndkVersion from module build.gradle is [27.0.12077973]
[        ] C/C++: android.ndkPath from module build.gradle is not set
[        ] C/C++: ndk.dir in local.properties is not set
[        ] C/C++: Not considering ANDROID_NDK_HOME because support was removed after deprecation period.
[        ] C/C++: sdkFolder is /Users/florian/Library/Android/sdk
[        ] C/C++: android.ndkVersion from module build.gradle is [27.0.12077973]
[        ] C/C++: android.ndkPath from module build.gradle is not set
[        ] C/C++: ndk.dir in local.properties is not set
[        ] C/C++: Not considering ANDROID_NDK_HOME because support was removed after deprecation period.
[        ] C/C++: sdkFolder is /Users/florian/Library/Android/sdk
[        ] C/C++: android.ndkVersion from module build.gradle is [27.0.12077973]
[        ] C/C++: android.ndkPath from module build.gradle is not set
[        ] C/C++: ndk.dir in local.properties is not set
[        ] C/C++: Not considering ANDROID_NDK_HOME because support was removed after deprecation period.
[        ] C/C++: sdkFolder is /Users/florian/Library/Android/sdk
[        ] C/C++: android.ndkVersion from module build.gradle is [27.0.12077973]
[        ] C/C++: android.ndkPath from module build.gradle is not set
[        ] C/C++: ndk.dir in local.properties is not set
[        ] C/C++: Not considering ANDROID_NDK_HOME because support was removed after deprecation period.
[        ] C/C++: sdkFolder is /Users/florian/Library/Android/sdk
[        ] C/C++: android.ndkVersion from module build.gradle is [27.0.12077973]
[        ] C/C++: android.ndkPath from module build.gradle is not set
[        ] C/C++: ndk.dir in local.properties is not set
[        ] C/C++: Not considering ANDROID_NDK_HOME because support was removed after deprecation period.
[        ] C/C++: sdkFolder is /Users/florian/Library/Android/sdk
[        ] > Configure project :integration_test
[        ] Evaluating project ':integration_test' using build file '/opt/homebrew/share/flutter/packages/integration_test/android/build.gradle.kts'.
[        ] Resolved plugin [id: 'com.android.library']
[        ] Using default execution profile
[        ] > Configure project :path_provider_android
[        ] Evaluating project ':path_provider_android' using build file '/Users/florian/.pub-cache/hosted/pub.dev/path_provider_android-2.2.22/android/build.gradle'.
[        ] Using default execution profile
[        ] > Configure project :quill_native_bridge_android
[        ] Evaluating project ':quill_native_bridge_android' using build file '/Users/florian/.pub-cache/hosted/pub.dev/quill_native_bridge_android-0.0.1+2/android/build.gradle'.
[        ] Using default execution profile
[        ] Using Kotlin Gradle Plugin gradle85 variant
[        ] > Configure project :shared_preferences_android
[        ] Evaluating project ':shared_preferences_android' using build file '/Users/florian/.pub-cache/hosted/pub.dev/shared_preferences_android-2.4.20/android/build.gradle'.
[        ] Using default execution profile
[        ] Using Kotlin Gradle Plugin gradle85 variant
[ +100 ms] > Configure project :sqflite_android
[        ] Evaluating project ':sqflite_android' using build file '/Users/florian/.pub-cache/hosted/pub.dev/sqflite_android-2.4.2+2/android/build.gradle'.
[        ] Using default execution profile
[        ] > Configure project :url_launcher_android
[        ] Evaluating project ':url_launcher_android' using build file '/Users/florian/.pub-cache/hosted/pub.dev/url_launcher_android-6.3.28/android/build.gradle'.
[        ] Using default execution profile
[        ] > Configure project :video_player_android
[        ] Evaluating project ':video_player_android' using build file '/Users/florian/.pub-cache/hosted/pub.dev/video_player_android-2.9.1/android/build.gradle'.
[        ] Using default execution profile
[        ] Using Kotlin Gradle Plugin gradle85 variant
[        ] All projects evaluated.
[        ] Task name matched 'assembleDebug'
[        ] Selected primary task 'assembleDebug' from project :
[        ] Adding -Xuse-inline-scopes-numbers Kotlin compiler flag for task :app:compileDebugKotlin
05:57 +1 -16: loading /Users/florian/Code/substitution/integration_test/clear_cache_test.dart                                                                                                          [ +103 ms] Tasks to be executed: [task ':app:preBuild', task ':app:preDebugBuild', task ':app:mergeDebugNativeDebugMetadata', task ':app:checkKotlinGradlePluginConfigurationErrors', task ':app:compileFlutterBuildDebug', task ':app:packJniLibsflutterBuildDebug', task ':connectivity_plus:preBuild', task ':connectivity_plus:preDebugBuild', task ':connectivity_plus:writeDebugAarMetadata', task ':emoji_picker_flutter:preBuild', task ':emoji_picker_flutter:preDebugBuild', task ':emoji_picker_flutter:writeDebugAarMetadata', task ':file_selector_android:preBuild', task ':file_selector_android:preDebugBuild', task ':file_selector_android:writeDebugAarMetadata', task ':flutter_keyboard_visibility_temp_fork:preBuild', task ':flutter_keyboard_visibility_temp_fork:preDebugBuild', task ':flutter_keyboard_visibility_temp_fork:writeDebugAarMetadata', task ':flutter_native_splash:preBuild', task ':flutter_native_splash:preDebugBuild', task ':flutter_native_splash:writeDebugAarMetadata', task ':flutter_olm:preBuild', task ':flutter_olm:preDebugBuild', task ':flutter_olm:writeDebugAarMetadata', task ':flutter_openssl_crypto:preBuild', task ':flutter_openssl_crypto:preDebugBuild', task ':flutter_openssl_crypto:writeDebugAarMetadata', task ':integration_test:preBuild', task ':integration_test:preDebugBuild', task ':integration_test:writeDebugAarMetadata', task ':path_provider_android:preBuild', task ':path_provider_android:preDebugBuild', task ':path_provider_android:writeDebugAarMetadata', task ':quill_native_bridge_android:preBuild', task ':quill_native_bridge_android:preDebugBuild', task ':quill_native_bridge_android:writeDebugAarMetadata', task ':shared_preferences_android:preBuild', task ':shared_preferences_android:preDebugBuild', task ':shared_preferences_android:writeDebugAarMetadata', task ':sqflite_android:preBuild', task ':sqflite_android:preDebugBuild', task ':sqflite_android:writeDebugAarMetadata', task ':url_launcher_android:preBuild', task ':url_launcher_android:preDebugBuild', task ':url_launcher_android:writeDebugAarMetadata', task ':video_player_android:preBuild', task ':video_player_android:preDebugBuild', task ':video_player_android:writeDebugAarMetadata', task ':app:checkDebugAarMetadata', task ':app:cleanMergeDebugAssets', task ':app:mergeDebugShaders', task ':app:compileDebugShaders', task ':app:generateDebugAssets', task ':connectivity_plus:mergeDebugShaders', task ':connectivity_plus:compileDebugShaders', task ':connectivity_plus:generateDebugAssets', task ':connectivity_plus:mergeDebugAssets', task ':emoji_picker_flutter:mergeDebugShaders', task ':emoji_picker_flutter:compileDebugShaders', task ':emoji_picker_flutter:generateDebugAssets', task ':emoji_picker_flutter:mergeDebugAssets', task ':file_selector_android:mergeDebugShaders', task ':file_selector_android:compileDebugShaders', task ':file_selector_android:generateDebugAssets', task ':file_selector_android:mergeDebugAssets', task ':flutter_keyboard_visibility_temp_fork:mergeDebugShaders', task ':flutter_keyboard_visibility_temp_fork:compileDebugShaders', task ':flutter_keyboard_visibility_temp_fork:generateDebugAssets', task ':flutter_keyboard_visibility_temp_fork:mergeDebugAssets', task ':flutter_native_splash:mergeDebugShaders', task ':flutter_native_splash:compileDebugShaders', task ':flutter_native_splash:generateDebugAssets', task ':flutter_native_splash:mergeDebugAssets', task ':flutter_olm:mergeDebugShaders', task ':flutter_olm:compileDebugShaders', task ':flutter_olm:generateDebugAssets', task ':flutter_olm:mergeDebugAssets', task ':flutter_openssl_crypto:mergeDebugShaders', task ':flutter_openssl_crypto:compileDebugShaders', task ':flutter_openssl_crypto:generateDebugAssets', task ':flutter_openssl_crypto:mergeDebugAssets', task ':integration_test:mergeDebugShaders', task ':integration_test:compileDebugShaders', task ':integration_test:generateDebugAssets', task ':integration_test:mergeDebugAssets', task ':path_provider_android:mergeDebugShaders', task ':path_provider_android:compileDebugShaders', task ':path_provider_android:generateDebugAssets', task ':path_provider_android:mergeDebugAssets', task ':quill_native_bridge_android:mergeDebugShaders', task ':quill_native_bridge_android:compileDebugShaders', task ':quill_native_bridge_android:generateDebugAssets', task ':quill_native_bridge_android:mergeDebugAssets', task ':shared_preferences_android:mergeDebugShaders', task ':shared_preferences_android:compileDebugShaders', task ':shared_preferences_android:generateDebugAssets', task ':shared_preferences_android:mergeDebugAssets', task ':sqflite_android:mergeDebugShaders', task ':sqflite_android:compileDebugShaders', task ':sqflite_android:generateDebugAssets', task ':sqflite_android:mergeDebugAssets', task ':url_launcher_android:mergeDebugShaders', task ':url_launcher_android:compileDebugShaders', task ':url_launcher_android:generateDebugAssets', task ':url_launcher_android:mergeDebugAssets', task ':video_player_android:mergeDebugShaders', task ':video_player_android:compileDebugShaders', task ':video_player_android:generateDebugAssets', task ':video_player_android:mergeDebugAssets', task ':app:mergeDebugAssets', task ':app:copyFlutterAssetsDebug', task ':app:generateDebugResValues', task ':connectivity_plus:generateDebugResValues', task ':connectivity_plus:generateDebugResources', task ':connectivity_plus:packageDebugResources', task ':emoji_picker_flutter:generateDebugResValues', task ':emoji_picker_flutter:generateDebugResources', task ':emoji_picker_flutter:packageDebugResources', task ':file_selector_android:generateDebugResValues', task ':file_selector_android:generateDebugResources', task ':file_selector_android:packageDebugResources', task ':flutter_keyboard_visibility_temp_fork:generateDebugResValues', task ':flutter_keyboard_visibility_temp_fork:generateDebugResources', task ':flutter_keyboard_visibility_temp_fork:packageDebugResources', task ':flutter_native_splash:generateDebugResValues', task ':flutter_native_splash:generateDebugResources', task ':flutter_native_splash:packageDebugResources', task ':flutter_olm:generateDebugResValues', task ':flutter_olm:generateDebugResources', task ':flutter_olm:packageDebugResources', task ':flutter_openssl_crypto:generateDebugResValues', task ':flutter_openssl_crypto:generateDebugResources', task ':flutter_openssl_crypto:packageDebugResources', task ':integration_test:generateDebugResValues', task ':integration_test:generateDebugResources', task ':integration_test:packageDebugResources', task ':path_provider_android:generateDebugResValues', task ':path_provider_android:generateDebugResources', task ':path_provider_android:packageDebugResources', task ':quill_native_bridge_android:generateDebugResValues', task ':quill_native_bridge_android:generateDebugResources', task ':quill_native_bridge_android:packageDebugResources', task ':shared_preferences_android:generateDebugResValues', task ':shared_preferences_android:generateDebugResources', task ':shared_preferences_android:packageDebugResources', task ':sqflite_android:generateDebugResValues', task ':sqflite_android:generateDebugResources', task ':sqflite_android:packageDebugResources', task ':url_launcher_android:generateDebugResValues', task ':url_launcher_android:generateDebugResources', task ':url_launcher_android:packageDebugResources', task ':video_player_android:generateDebugResValues', task ':video_player_android:generateDebugResources', task ':video_player_android:packageDebugResources', task ':app:mapDebugSourceSetPaths', task ':app:generateDebugResources', task ':app:mergeDebugResources', task ':app:packageDebugResources', task ':app:parseDebugLocalResources', task ':app:createDebugCompatibleScreenManifests', task ':app:extractDeepLinksDebug', task ':connectivity_plus:extractDeepLinksDebug', task ':connectivity_plus:processDebugManifest', task ':emoji_picker_flutter:extractDeepLinksDebug', task ':emoji_picker_flutter:processDebugManifest', task ':file_selector_android:extractDeepLinksDebug', task ':file_selector_android:processDebugManifest', task ':flutter_keyboard_visibility_temp_fork:extractDeepLinksDebug', task ':flutter_keyboard_visibility_temp_fork:processDebugManifest', task ':flutter_native_splash:extractDeepLinksDebug', task ':flutter_native_splash:processDebugManifest', task ':flutter_olm:extractDeepLinksDebug', task ':flutter_olm:processDebugManifest', task ':flutter_openssl_crypto:extractDeepLinksDebug', task ':flutter_openssl_crypto:processDebugManifest', task ':integration_test:extractDeepLinksDebug', task ':integration_test:processDebugManifest', task ':path_provider_android:extractDeepLinksDebug', task ':path_provider_android:processDebugManifest', task ':quill_native_bridge_android:extractDeepLinksDebug', task ':quill_native_bridge_android:processDebugManifest', task ':shared_preferences_android:extractDeepLinksDebug', task ':shared_preferences_android:processDebugManifest', task ':sqflite_android:extractDeepLinksDebug', task ':sqflite_android:processDebugManifest', task ':url_launcher_android:extractDeepLinksDebug', task ':url_launcher_android:processDebugManifest', task ':video_player_android:extractDeepLinksDebug', task ':video_player_android:processDebugManifest', task ':app:processDebugMainManifest', task ':app:outputDebugAppLinkSettings', task ':app:processDebugManifest', task ':app:processDebugManifestForPackage', task ':connectivity_plus:compileDebugLibraryResources', task ':connectivity_plus:parseDebugLocalResources', task ':connectivity_plus:generateDebugRFile', task ':emoji_picker_flutter:compileDebugLibraryResources', task ':emoji_picker_flutter:parseDebugLocalResources', task ':emoji_picker_flutter:generateDebugRFile', task ':file_selector_android:compileDebugLibraryResources', task ':file_selector_android:parseDebugLocalResources', task ':file_selector_android:generateDebugRFile', task ':flutter_keyboard_visibility_temp_fork:compileDebugLibraryResources', task ':flutter_keyboard_visibility_temp_fork:parseDebugLocalResources', task ':flutter_keyboard_visibility_temp_fork:generateDebugRFile', task ':flutter_native_splash:compileDebugLibraryResources', task ':flutter_native_splash:parseDebugLocalResources', task ':flutter_native_splash:generateDebugRFile', task ':flutter_olm:compileDebugLibraryResources', task ':flutter_olm:parseDebugLocalResources', task ':flutter_olm:generateDebugRFile', task ':flutter_openssl_crypto:compileDebugLibraryResources', task ':flutter_openssl_crypto:parseDebugLocalResources', task ':flutter_openssl_crypto:generateDebugRFile', task ':integration_test:compileDebugLibraryResources', task ':integration_test:parseDebugLocalResources', task ':integration_test:generateDebugRFile', task ':path_provider_android:compileDebugLibraryResources', task ':path_provider_android:parseDebugLocalResources', task ':path_provider_android:generateDebugRFile', task ':quill_native_bridge_android:compileDebugLibraryResources', task ':quill_native_bridge_android:parseDebugLocalResources', task ':quill_native_bridge_android:generateDebugRFile', task ':shared_preferences_android:compileDebugLibraryResources', task ':shared_preferences_android:parseDebugLocalResources', task ':shared_preferences_android:generateDebugRFile', task ':sqflite_android:compileDebugLibraryResources', task ':sqflite_android:parseDebugLocalResources', task ':sqflite_android:generateDebugRFile', task ':url_launcher_android:compileDebugLibraryResources', task ':url_launcher_android:parseDebugLocalResources', task ':url_launcher_android:generateDebugRFile', task ':video_player_android:compileDebugLibraryResources', task ':video_player_android:parseDebugLocalResources', task ':video_player_android:generateDebugRFile', task ':app:processDebugResources', task ':connectivity_plus:javaPreCompileDebug', task ':connectivity_plus:compileDebugJavaWithJavac', task ':connectivity_plus:bundleLibCompileToJarDebug', task ':emoji_picker_flutter:checkKotlinGradlePluginConfigurationErrors', task ':emoji_picker_flutter:compileDebugKotlin', task ':emoji_picker_flutter:javaPreCompileDebug', task ':emoji_picker_flutter:compileDebugJavaWithJavac', task ':emoji_picker_flutter:bundleLibCompileToJarDebug', task ':file_selector_android:javaPreCompileDebug', task ':file_selector_android:compileDebugJavaWithJavac', task ':file_selector_android:bundleLibCompileToJarDebug', task ':flutter_keyboard_visibility_temp_fork:javaPreCompileDebug', task ':flutter_keyboard_visibility_temp_fork:compileDebugJavaWithJavac', task ':flutter_keyboard_visibility_temp_fork:bundleLibCompileToJarDebug', task ':flutter_native_splash:javaPreCompileDebug', task ':flutter_native_splash:compileDebugJavaWithJavac', task ':flutter_native_splash:bundleLibCompileToJarDebug', task ':flutter_olm:checkKotlinGradlePluginConfigurationErrors', task ':flutter_olm:compileDebugKotlin', task ':flutter_olm:javaPreCompileDebug', task ':flutter_olm:compileDebugJavaWithJavac', task ':flutter_olm:bundleLibCompileToJarDebug', task ':flutter_openssl_crypto:checkKotlinGradlePluginConfigurationErrors', task ':flutter_openssl_crypto:compileDebugKotlin', task ':flutter_openssl_crypto:javaPreCompileDebug', task ':flutter_openssl_crypto:compileDebugJavaWithJavac', task ':flutter_openssl_crypto:bundleLibCompileToJarDebug', task ':integration_test:javaPreCompileDebug', task ':integration_test:compileDebugJavaWithJavac', task ':integration_test:bundleLibCompileToJarDebug', task ':path_provider_android:javaPreCompileDebug', task ':path_provider_android:compileDebugJavaWithJavac', task ':path_provider_android:bundleLibCompileToJarDebug', task ':quill_native_bridge_android:checkKotlinGradlePluginConfigurationErrors', task ':quill_native_bridge_android:compileDebugKotlin', task ':quill_native_bridge_android:javaPreCompileDebug', task ':quill_native_bridge_android:compileDebugJavaWithJavac', task ':quill_native_bridge_android:bundleLibCompileToJarDebug', task ':shared_preferences_android:checkKotlinGradlePluginConfigurationErrors', task ':shared_preferences_android:compileDebugKotlin', task ':shared_preferences_android:javaPreCompileDebug', task ':shared_preferences_android:compileDebugJavaWithJavac', task ':shared_preferences_android:bundleLibCompileToJarDebug', task ':sqflite_android:javaPreCompileDebug', task ':sqflite_android:compileDebugJavaWithJavac', task ':sqflite_android:bundleLibCompileToJarDebug', task ':url_launcher_android:generateDebugBuildConfig', task ':url_launcher_android:javaPreCompileDebug', task ':url_launcher_android:compileDebugJavaWithJavac', task ':url_launcher_android:bundleLibCompileToJarDebug', task ':video_player_android:checkKotlinGradlePluginConfigurationErrors', task ':video_player_android:compileDebugKotlin', task ':video_player_android:javaPreCompileDebug', task ':video_player_android:compileDebugJavaWithJavac', task ':video_player_android:bundleLibCompileToJarDebug', task ':app:compileDebugKotlin', task ':app:javaPreCompileDebug', task ':app:compileDebugJavaWithJavac', task ':app:compressDebugAssets', task ':app:processDebugJavaRes', task ':connectivity_plus:processDebugJavaRes', task ':emoji_picker_flutter:processDebugJavaRes', task ':file_selector_android:processDebugJavaRes', task ':flutter_keyboard_visibility_temp_fork:processDebugJavaRes', task ':flutter_native_splash:processDebugJavaRes', task ':flutter_olm:processDebugJavaRes', task ':flutter_openssl_crypto:processDebugJavaRes', task ':integration_test:processDebugJavaRes', task ':path_provider_android:processDebugJavaRes', task ':quill_native_bridge_android:processDebugJavaRes', task ':shared_preferences_android:processDebugJavaRes', task ':sqflite_android:processDebugJavaRes', task ':url_launcher_android:processDebugJavaRes', task ':video_player_android:processDebugJavaRes', task ':app:mergeDebugJavaResource', task ':app:checkDebugDuplicateClasses', task ':app:desugarDebugFileDependencies', task ':app:mergeExtDexDebug', task ':connectivity_plus:bundleLibRuntimeToDirDebug', task ':emoji_picker_flutter:bundleLibRuntimeToDirDebug', task ':file_selector_android:bundleLibRuntimeToDirDebug', task ':flutter_keyboard_visibility_temp_fork:bundleLibRuntimeToDirDebug', task ':flutter_native_splash:bundleLibRuntimeToDirDebug', task ':flutter_olm:bundleLibRuntimeToDirDebug', task ':flutter_openssl_crypto:bundleLibRuntimeToDirDebug', task ':integration_test:bundleLibRuntimeToDirDebug', task ':path_provider_android:bundleLibRuntimeToDirDebug', task ':quill_native_bridge_android:bundleLibRuntimeToDirDebug', task ':shared_preferences_android:bundleLibRuntimeToDirDebug', task ':sqflite_android:bundleLibRuntimeToDirDebug', task ':url_launcher_android:bundleLibRuntimeToDirDebug', task ':video_player_android:bundleLibRuntimeToDirDebug', task ':app:mergeLibDexDebug', task ':app:dexBuilderDebug', task ':app:mergeProjectDexDebug', task ':app:configureCMakeDebug[arm64-v8a]', task ':app:buildCMakeDebug[arm64-v8a]', task ':app:configureCMakeDebug[armeabi-v7a]', task ':app:buildCMakeDebug[armeabi-v7a]', task ':app:configureCMakeDebug[x86_64]', task ':app:buildCMakeDebug[x86_64]', task ':app:mergeDebugJniLibFolders', task ':connectivity_plus:mergeDebugJniLibFolders', task ':connectivity_plus:mergeDebugNativeLibs', task ':connectivity_plus:copyDebugJniLibsProjectOnly', task ':emoji_picker_flutter:mergeDebugJniLibFolders', task ':emoji_picker_flutter:mergeDebugNativeLibs', task ':emoji_picker_flutter:copyDebugJniLibsProjectOnly', task ':file_selector_android:mergeDebugJniLibFolders', task ':file_selector_android:mergeDebugNativeLibs', task ':file_selector_android:copyDebugJniLibsProjectOnly', task ':flutter_keyboard_visibility_temp_fork:mergeDebugJniLibFolders', task ':flutter_keyboard_visibility_temp_fork:mergeDebugNativeLibs', task ':flutter_keyboard_visibility_temp_fork:copyDebugJniLibsProjectOnly', task ':flutter_native_splash:mergeDebugJniLibFolders', task ':flutter_native_splash:mergeDebugNativeLibs', task ':flutter_native_splash:copyDebugJniLibsProjectOnly', task ':flutter_olm:preProfileBuild', task ':flutter_olm:configureCMakeDebug[arm64-v8a]', task ':flutter_olm:buildCMakeDebug[arm64-v8a]', task ':flutter_olm:configureCMakeDebug[armeabi-v7a]', task ':flutter_olm:buildCMakeDebug[armeabi-v7a]', task ':flutter_olm:configureCMakeDebug[x86]', task ':flutter_olm:buildCMakeDebug[x86]', task ':flutter_olm:configureCMakeDebug[x86_64]', task ':flutter_olm:buildCMakeDebug[x86_64]', task ':flutter_olm:mergeDebugJniLibFolders', task ':flutter_olm:mergeDebugNativeLibs', task ':flutter_olm:copyDebugJniLibsProjectOnly', task ':flutter_openssl_crypto:preProfileBuild', task ':flutter_openssl_crypto:configureCMakeDebug[arm64-v8a]', task ':flutter_openssl_crypto:buildCMakeDebug[arm64-v8a]', task ':flutter_openssl_crypto:configureCMakeDebug[armeabi-v7a]', task ':flutter_openssl_crypto:buildCMakeDebug[armeabi-v7a]', task ':flutter_openssl_crypto:configureCMakeDebug[x86]', task ':flutter_openssl_crypto:buildCMakeDebug[x86]', task ':flutter_openssl_crypto:configureCMakeDebug[x86_64]', task ':flutter_openssl_crypto:buildCMakeDebug[x86_64]', task ':flutter_openssl_crypto:mergeDebugJniLibFolders', task ':flutter_openssl_crypto:mergeDebugNativeLibs', task ':flutter_openssl_crypto:copyDebugJniLibsProjectOnly', task ':integration_test:mergeDebugJniLibFolders', task ':integration_test:mergeDebugNativeLibs', task ':integration_test:copyDebugJniLibsProjectOnly', task ':path_provider_android:mergeDebugJniLibFolders', task ':path_provider_android:mergeDebugNativeLibs', task ':path_provider_android:copyDebugJniLibsProjectOnly', task ':quill_native_bridge_android:mergeDebugJniLibFolders', task ':quill_native_bridge_android:mergeDebugNativeLibs', task ':quill_native_bridge_android:copyDebugJniLibsProjectOnly', task ':shared_preferences_android:mergeDebugJniLibFolders', task ':shared_preferences_android:mergeDebugNativeLibs', task ':shared_preferences_android:copyDebugJniLibsProjectOnly', task ':sqflite_android:mergeDebugJniLibFolders', task ':sqflite_android:mergeDebugNativeLibs', task ':sqflite_android:copyDebugJniLibsProjectOnly', task ':url_launcher_android:mergeDebugJniLibFolders', task ':url_launcher_android:mergeDebugNativeLibs', task ':url_launcher_android:copyDebugJniLibsProjectOnly', task ':video_player_android:mergeDebugJniLibFolders', task ':video_player_android:mergeDebugNativeLibs', task ':video_player_android:copyDebugJniLibsProjectOnly', task ':app:mergeDebugNativeLibs', task ':app:stripDebugDebugSymbols', task ':app:validateSigningDebug', task ':app:writeDebugAppMetadata', task ':app:writeDebugSigningConfigVersions', task ':app:packageDebug', task ':app:createDebugApkListingFileRedirect', task ':app:assembleDebug', task ':connectivity_plus:stripDebugDebugSymbols', task ':connectivity_plus:copyDebugJniLibsProjectAndLocalJars', task ':connectivity_plus:extractDebugAnnotations', task ':connectivity_plus:extractDeepLinksForAarDebug', task ':connectivity_plus:mergeDebugGeneratedProguardFiles', task ':connectivity_plus:mergeDebugConsumerProguardFiles', task ':connectivity_plus:prepareDebugArtProfile', task ':connectivity_plus:prepareLintJarForPublish', task ':connectivity_plus:mergeDebugJavaResource', task ':connectivity_plus:syncDebugLibJars', task ':connectivity_plus:bundleDebugAar', task ':connectivity_plus:assembleDebug', task ':emoji_picker_flutter:stripDebugDebugSymbols', task ':emoji_picker_flutter:copyDebugJniLibsProjectAndLocalJars', task ':emoji_picker_flutter:extractDebugAnnotations', task ':emoji_picker_flutter:extractDeepLinksForAarDebug', task ':emoji_picker_flutter:mergeDebugGeneratedProguardFiles', task ':emoji_picker_flutter:mergeDebugConsumerProguardFiles', task ':emoji_picker_flutter:prepareDebugArtProfile', task ':emoji_picker_flutter:prepareLintJarForPublish', task ':emoji_picker_flutter:mergeDebugJavaResource', task ':emoji_picker_flutter:syncDebugLibJars', task ':emoji_picker_flutter:bundleDebugAar', task ':emoji_picker_flutter:assembleDebug', task ':file_selector_android:stripDebugDebugSymbols', task ':file_selector_android:copyDebugJniLibsProjectAndLocalJars', task ':file_selector_android:extractDebugAnnotations', task ':file_selector_android:extractDeepLinksForAarDebug', task ':file_selector_android:mergeDebugGeneratedProguardFiles', task ':file_selector_android:mergeDebugConsumerProguardFiles', task ':file_selector_android:prepareDebugArtProfile', task ':file_selector_android:prepareLintJarForPublish', task ':file_selector_android:mergeDebugJavaResource', task ':file_selector_android:syncDebugLibJars', task ':file_selector_android:bundleDebugAar', task ':file_selector_android:assembleDebug', task ':flutter_keyboard_visibility_temp_fork:stripDebugDebugSymbols', task ':flutter_keyboard_visibility_temp_fork:copyDebugJniLibsProjectAndLocalJars', task ':flutter_keyboard_visibility_temp_fork:extractDebugAnnotations', task ':flutter_keyboard_visibility_temp_fork:extractDeepLinksForAarDebug', task ':flutter_keyboard_visibility_temp_fork:mergeDebugGeneratedProguardFiles', task ':flutter_keyboard_visibility_temp_fork:mergeDebugConsumerProguardFiles', task ':flutter_keyboard_visibility_temp_fork:prepareDebugArtProfile', task ':flutter_keyboard_visibility_temp_fork:prepareLintJarForPublish', task ':flutter_keyboard_visibility_temp_fork:mergeDebugJavaResource', task ':flutter_keyboard_visibility_temp_fork:syncDebugLibJars', task ':flutter_keyboard_visibility_temp_fork:bundleDebugAar', task ':flutter_keyboard_visibility_temp_fork:assembleDebug', task ':flutter_native_splash:stripDebugDebugSymbols', task ':flutter_native_splash:copyDebugJniLibsProjectAndLocalJars', task ':flutter_native_splash:extractDebugAnnotations', task ':flutter_native_splash:extractDeepLinksForAarDebug', task ':flutter_native_splash:mergeDebugGeneratedProguardFiles', task ':flutter_native_splash:mergeDebugConsumerProguardFiles', task ':flutter_native_splash:prepareDebugArtProfile', task ':flutter_native_splash:prepareLintJarForPublish', task ':flutter_native_splash:mergeDebugJavaResource', task ':flutter_native_splash:syncDebugLibJars', task ':flutter_native_splash:bundleDebugAar', task ':flutter_native_splash:assembleDebug', task ':flutter_olm:stripDebugDebugSymbols', task ':flutter_olm:copyDebugJniLibsProjectAndLocalJars', task ':flutter_olm:extractDebugAnnotations', task ':flutter_olm:extractDeepLinksForAarDebug', task ':flutter_olm:mergeDebugGeneratedProguardFiles', task ':flutter_olm:mergeDebugConsumerProguardFiles', task ':flutter_olm:prepareDebugArtProfile', task ':flutter_olm:prepareLintJarForPublish', task ':flutter_olm:mergeDebugJavaResource', task ':flutter_olm:syncDebugLibJars', task ':flutter_olm:bundleDebugAar', task ':flutter_olm:assembleDebug', task ':flutter_openssl_crypto:stripDebugDebugSymbols', task ':flutter_openssl_crypto:copyDebugJniLibsProjectAndLocalJars', task ':flutter_openssl_crypto:extractDebugAnnotations', task ':flutter_openssl_crypto:extractDeepLinksForAarDebug', task ':flutter_openssl_crypto:mergeDebugGeneratedProguardFiles', task ':flutter_openssl_crypto:mergeDebugConsumerProguardFiles', task ':flutter_openssl_crypto:prepareDebugArtProfile', task ':flutter_openssl_crypto:prepareLintJarForPublish', task ':flutter_openssl_crypto:mergeDebugJavaResource', task ':flutter_openssl_crypto:syncDebugLibJars', task ':flutter_openssl_crypto:bundleDebugAar', task ':flutter_openssl_crypto:assembleDebug', task ':integration_test:stripDebugDebugSymbols', task ':integration_test:copyDebugJniLibsProjectAndLocalJars', task ':integration_test:extractDebugAnnotations', task ':integration_test:extractDeepLinksForAarDebug', task ':integration_test:mergeDebugGeneratedProguardFiles', task ':integration_test:mergeDebugConsumerProguardFiles', task ':integration_test:prepareDebugArtProfile', task ':integration_test:prepareLintJarForPublish', task ':integration_test:mergeDebugJavaResource', task ':integration_test:syncDebugLibJars', task ':integration_test:bundleDebugAar', task ':integration_test:assembleDebug', task ':path_provider_android:stripDebugDebugSymbols', task ':path_provider_android:copyDebugJniLibsProjectAndLocalJars', task ':path_provider_android:extractDebugAnnotations', task ':path_provider_android:extractDeepLinksForAarDebug', task ':path_provider_android:mergeDebugGeneratedProguardFiles', task ':path_provider_android:mergeDebugConsumerProguardFiles', task ':path_provider_android:prepareDebugArtProfile', task ':path_provider_android:prepareLintJarForPublish', task ':path_provider_android:mergeDebugJavaResource', task ':path_provider_android:syncDebugLibJars', task ':path_provider_android:bundleDebugAar', task ':path_provider_android:assembleDebug', task ':quill_native_bridge_android:stripDebugDebugSymbols', task ':quill_native_bridge_android:copyDebugJniLibsProjectAndLocalJars', task ':quill_native_bridge_android:extractDebugAnnotations', task ':quill_native_bridge_android:extractDeepLinksForAarDebug', task ':quill_native_bridge_android:mergeDebugGeneratedProguardFiles', task ':quill_native_bridge_android:mergeDebugConsumerProguardFiles', task ':quill_native_bridge_android:prepareDebugArtProfile', task ':quill_native_bridge_android:prepareLintJarForPublish', task ':quill_native_bridge_android:mergeDebugJavaResource', task ':quill_native_bridge_android:syncDebugLibJars', task ':quill_native_bridge_android:bundleDebugAar', task ':quill_native_bridge_android:assembleDebug', task ':shared_preferences_android:stripDebugDebugSymbols', task ':shared_preferences_android:copyDebugJniLibsProjectAndLocalJars', task ':shared_preferences_android:extractDebugAnnotations', task ':shared_preferences_android:extractDeepLinksForAarDebug', task ':shared_preferences_android:mergeDebugGeneratedProguardFiles', task ':shared_preferences_android:mergeDebugConsumerProguardFiles', task ':shared_preferences_android:prepareDebugArtProfile', task ':shared_preferences_android:prepareLintJarForPublish', task ':shared_preferences_android:mergeDebugJavaResource', task ':shared_preferences_android:syncDebugLibJars', task ':shared_preferences_android:bundleDebugAar', task ':shared_preferences_android:assembleDebug', task ':sqflite_android:stripDebugDebugSymbols', task ':sqflite_android:copyDebugJniLibsProjectAndLocalJars', task ':sqflite_android:extractDebugAnnotations', task ':sqflite_android:extractDeepLinksForAarDebug', task ':sqflite_android:mergeDebugGeneratedProguardFiles', task ':sqflite_android:mergeDebugConsumerProguardFiles', task ':sqflite_android:prepareDebugArtProfile', task ':sqflite_android:prepareLintJarForPublish', task ':sqflite_android:mergeDebugJavaResource', task ':sqflite_android:syncDebugLibJars', task ':sqflite_android:bundleDebugAar', task ':sqflite_android:assembleDebug', task ':url_launcher_android:stripDebugDebugSymbols', task ':url_launcher_android:copyDebugJniLibsProjectAndLocalJars', task ':url_launcher_android:extractDebugAnnotations', task ':url_launcher_android:extractDeepLinksForAarDebug', task ':url_launcher_android:mergeDebugGeneratedProguardFiles', task ':url_launcher_android:mergeDebugConsumerProguardFiles', task ':url_launcher_android:prepareDebugArtProfile', task ':url_launcher_android:prepareLintJarForPublish', task ':url_launcher_android:mergeDebugJavaResource', task ':url_launcher_android:syncDebugLibJars', task ':url_launcher_android:bundleDebugAar', task ':url_launcher_android:assembleDebug', task ':video_player_android:stripDebugDebugSymbols', task ':video_player_android:copyDebugJniLibsProjectAndLocalJars', task ':video_player_android:extractDebugAnnotations', task ':video_player_android:extractDeepLinksForAarDebug', task ':video_player_android:mergeDebugGeneratedProguardFiles', task ':video_player_android:mergeDebugConsumerProguardFiles', task ':video_player_android:prepareDebugArtProfile', task ':video_player_android:prepareLintJarForPublish', task ':video_player_android:mergeDebugJavaResource', task ':video_player_android:syncDebugLibJars', task ':video_player_android:bundleDebugAar', task ':video_player_android:assembleDebug']
[        ] Tasks that were excluded: []
[        ] work action Parameters of ClassesDirToClassesTransform (Thread[#38954,Execution worker Thread 20,5,main]) started.
[        ] work action Parameters of DexingNoClasspathTransform (Thread[#38954,Execution worker Thread 20,5,main]) started.
[        ] Resolve mutations for :app:preBuild (Thread[#38954,Execution worker Thread 20,5,main]) started.
[        ] :app:preBuild (Thread[#38954,Execution worker Thread 20,5,main]) started.
[        ] > Task :app:preBuild UP-TO-DATE
[        ] Skipping task ':app:preBuild' as it has no actions.
[        ] Resolve mutations for :app:preDebugBuild (Thread[#38954,Execution worker Thread 20,5,main]) started.
[        ] :app:preDebugBuild (Thread[#38954,Execution worker Thread 20,5,main]) started.
[        ] > Task :app:preDebugBuild UP-TO-DATE
[        ] Skipping task ':app:preDebugBuild' as it has no actions.
[        ] Resolve mutations for :app:mergeDebugNativeDebugMetadata (Thread[#38954,Execution worker Thread 20,5,main]) started.
[        ] :app:mergeDebugNativeDebugMetadata (Thread[#38954,Execution worker Thread 20,5,main]) started.
[        ] > Task :app:mergeDebugNativeDebugMetadata NO-SOURCE
[        ] Skipping task ':app:mergeDebugNativeDebugMetadata' as it has no source files and no previous output files.
[        ] Resolve mutations for :app:checkKotlinGradlePluginConfigurationErrors (Thread[#38954,Execution worker Thread 20,5,main]) started.
[        ] :app:checkKotlinGradlePluginConfigurationErrors (Thread[#38954,Execution worker Thread 20,5,main]) started.
[        ] > Task :app:checkKotlinGradlePluginConfigurationErrors SKIPPED
[        ] Skipping task ':app:checkKotlinGradlePluginConfigurationErrors' as task onlyIf 'errorDiagnostics are present' is false.
[        ] Resolve mutations for :app:compileFlutterBuildDebug (Thread[#38954,Execution worker Thread 20,5,main]) started.
[        ] :app:compileFlutterBuildDebug (Thread[#38954,Execution worker Thread 20,5,main]) started.
05:58 +1 -16: loading /Users/florian/Code/substitution/integration_test/clear_cache_test.dart                                                                                                          05:59 +1 -16: loading /Users/florian/Code/substitution/integration_test/clear_cache_test.dart                                                                                                          [+1994 ms] > Task :app:compileFlutterBuildDebug
[        ] Caching disabled for task ':app:compileFlutterBuildDebug' because:
[        ]   Build cache is disabled
[        ]   Caching has not been enabled for the task
[        ] Task ':app:compileFlutterBuildDebug' is not up-to-date because:
[        ]   Value of input property 'targetPath' has changed for task ':app:compileFlutterBuildDebug'
[        ] Starting process 'command '/opt/homebrew/share/flutter/bin/flutter''. Working directory: /Users/florian/Code/substitution Command: /opt/homebrew/share/flutter/bin/flutter --verbose assemble --no-version-check --depfile /Users/florian/Code/substitution/build/app/intermediates/flutter/debug/flutter_build.d --output /Users/florian/Code/substitution/build/app/intermediates/flutter/debug -dTargetFile=/var/folders/l_/w8pnbb9d38n57pzg9j98fmy80000gn/T/flutter_tools.wuOse9/flutter_test_listener.sWfpbX/listener.dart -dTargetPlatform=android -dBuildMode=debug -dTrackWidgetCreation=true --DartDefines=TUFUUklYX1NFUlZFUj1odHRwOi8vbG9jYWxob3N0OjgwMDg=,TUFUUklYX1RFU1RfVVNFUj0=,TUFUUklYX1RFU1RfUEFTU1dPUkQ9,RkxVVFRFUl9WRVJTSU9OPTMuMzguOQ==,RkxVVFRFUl9DSEFOTkVMPXN0YWJsZQ==,RkxVVFRFUl9HSVRfVVJMPWh0dHBzOi8vZ2l0aHViLmNvbS9mbHV0dGVyL2ZsdXR0ZXIuZ2l0,RkxVVFRFUl9GUkFNRVdPUktfUkVWSVNJT049NjczMjNkZTI4NQ==,RkxVVFRFUl9FTkdJTkVfUkVWSVNJT049NTg3YzE4Zjg3Mw==,RkxVVFRFUl9EQVJUX1ZFUlNJT049My4xMC44,SU5URUdSQVRJT05fVEVTVF9TSE9VTERfUkVQT1JUX1JFU1VMVFNfVE9fTkFUSVZFPWZhbHNl -dFlavor= -dAndroidArchs=android-arm64 -dMinSdkVersion=24 debug_android_application
[        ] Successfully started process 'command '/opt/homebrew/share/flutter/bin/flutter''
[        ] [  +21 ms] executing: sysctl hw.optional.arm64
[        ] [   +4 ms] Exit code 0 from: sysctl hw.optional.arm64
[        ] [        ] hw.optional.arm64: 1
[        ] [   +4 ms] Artifact Instance of 'MaterialFonts' is not required, skipping update.
[        ] [        ] Artifact Instance of 'GradleWrapper' is not required, skipping update.
[        ] [        ] Artifact Instance of 'AndroidGenSnapshotArtifacts' is not required, skipping update.
[        ] [        ] Artifact Instance of 'AndroidInternalBuildArtifacts' is not required, skipping update.
[        ] [        ] Artifact Instance of 'IOSEngineArtifacts' is not required, skipping update.
[        ] [        ] Artifact Instance of 'FlutterWebSdk' is not required, skipping update.
[        ] [        ] Artifact Instance of 'LegacyCanvasKitRemover' is not required, skipping update.
[        ] [        ] Artifact Instance of 'FlutterSdk' is not required, skipping update.
[        ] [        ] Artifact Instance of 'WindowsEngineArtifacts' is not required, skipping update.
[        ] [        ] Artifact Instance of 'MacOSEngineArtifacts' is not required, skipping update.
[        ] [        ] Artifact Instance of 'LinuxEngineArtifacts' is not required, skipping update.
[        ] [        ] Artifact Instance of 'LinuxFuchsiaSDKArtifacts' is not required, skipping update.
[        ] [        ] Artifact Instance of 'MacOSFuchsiaSDKArtifacts' is not required, skipping update.
[        ] [        ] Artifact Instance of 'FlutterRunnerSDKArtifacts' is not required, skipping update.
[        ] [        ] Artifact Instance of 'FlutterRunnerDebugSymbols' is not required, skipping update.
[        ] [        ] Artifact Instance of 'IosUsbArtifacts' is not required, skipping update.
[        ] [        ] Artifact Instance of 'IosUsbArtifacts' is not required, skipping update.
[        ] [        ] Artifact Instance of 'IosUsbArtifacts' is not required, skipping update.
[        ] [        ] Artifact Instance of 'IosUsbArtifacts' is not required, skipping update.
[        ] [        ] Artifact Instance of 'IosUsbArtifacts' is not required, skipping update.
[        ] [        ] Artifact Instance of 'IosUsbArtifacts' is not required, skipping update.
[        ] [        ] Artifact Instance of 'FontSubsetArtifacts' is not required, skipping update.
[        ] [        ] Artifact Instance of 'PubDependencies' is not required, skipping update.
[        ] [   +3 ms] Artifact Instance of 'AndroidGenSnapshotArtifacts' is not required, skipping update.
[        ] [        ] Artifact Instance of 'AndroidInternalBuildArtifacts' is not required, skipping update.
[        ] [        ] Artifact Instance of 'IOSEngineArtifacts' is not required, skipping update.
[        ] [        ] Artifact Instance of 'FlutterWebSdk' is not required, skipping update.
[        ] [        ] Artifact Instance of 'FlutterEngineStamp' is not required, skipping update.
[        ] [        ] Artifact Instance of 'LegacyCanvasKitRemover' is not required, skipping update.
[        ] [        ] Artifact Instance of 'WindowsEngineArtifacts' is not required, skipping update.
[        ] [        ] Artifact Instance of 'MacOSEngineArtifacts' is not required, skipping update.
[        ] [        ] Artifact Instance of 'LinuxEngineArtifacts' is not required, skipping update.
[        ] [        ] Artifact Instance of 'LinuxFuchsiaSDKArtifacts' is not required, skipping update.
[        ] [        ] Artifact Instance of 'MacOSFuchsiaSDKArtifacts' is not required, skipping update.
[        ] [        ] Artifact Instance of 'FlutterRunnerSDKArtifacts' is not required, skipping update.
[        ] [        ] Artifact Instance of 'FlutterRunnerDebugSymbols' is not required, skipping update.
[        ] [  +24 ms] Artifact Instance of 'MaterialFonts' is not required, skipping update.
[        ] [        ] Artifact Instance of 'GradleWrapper' is not required, skipping update.
[        ] [        ] Artifact Instance of 'AndroidInternalBuildArtifacts' is not required, skipping update.
[        ] [        ] Artifact Instance of 'IOSEngineArtifacts' is not required, skipping update.
[        ] [        ] Artifact Instance of 'FlutterWebSdk' is not required, skipping update.
[        ] [        ] Artifact Instance of 'FlutterEngineStamp' is not required, skipping update.
[        ] [        ] Artifact Instance of 'LegacyCanvasKitRemover' is not required, skipping update.
[        ] [        ] Artifact Instance of 'FlutterSdk' is not required, skipping update.
[        ] [        ] Artifact Instance of 'WindowsEngineArtifacts' is not required, skipping update.
[        ] [        ] Artifact Instance of 'MacOSEngineArtifacts' is not required, skipping update.
[        ] [        ] Artifact Instance of 'LinuxEngineArtifacts' is not required, skipping update.
[        ] [        ] Artifact Instance of 'LinuxFuchsiaSDKArtifacts' is not required, skipping update.
[        ] [        ] Artifact Instance of 'MacOSFuchsiaSDKArtifacts' is not required, skipping update.
[        ] [        ] Artifact Instance of 'FlutterRunnerSDKArtifacts' is not required, skipping update.
[        ] [        ] Artifact Instance of 'FlutterRunnerDebugSymbols' is not required, skipping update.
[        ] [        ] Artifact Instance of 'IosUsbArtifacts' is not required, skipping update.
[        ] [        ] Artifact Instance of 'IosUsbArtifacts' is not required, skipping update.
[        ] [        ] Artifact Instance of 'IosUsbArtifacts' is not required, skipping update.
[        ] [        ] Artifact Instance of 'IosUsbArtifacts' is not required, skipping update.
[        ] [        ] Artifact Instance of 'IosUsbArtifacts' is not required, skipping update.
[        ] [        ] Artifact Instance of 'IosUsbArtifacts' is not required, skipping update.
[        ] [        ] Artifact Instance of 'FontSubsetArtifacts' is not required, skipping update.
[        ] [        ] Artifact Instance of 'PubDependencies' is not required, skipping update.
[        ] [  +20 ms] Initializing file store
[        ] [  +12 ms] dart_build: Starting due to {}
[        ] [        ] Skipping target: gen_localizations
[        ] [        ] gen_dart_plugin_registrant: Starting due to {InvalidatedReasonKind.outputSetAddition: The following outputs were added to the output set: /Users/florian/Code/substitution/.dart_tool/flutter_build/dart_plugin_registrant.dart, InvalidatedReasonKind.inputChanged: The following inputs have updated contents: /Users/florian/Code/substitution/.dart_tool/package_config.json}
[        ] [  +46 ms] Found plugin integration_test at /opt/homebrew/share/flutter/packages/integration_test/
[        ] [  +17 ms] Found plugin flutter_native_splash at /Users/florian/.pub-cache/hosted/pub.dev/flutter_native_splash-2.4.7/
[        ] [  +17 ms] Building native assets for android_arm64.
[        ] [  +27 ms] Found plugin connectivity_plus at /Users/florian/.pub-cache/hosted/pub.dev/connectivity_plus-5.0.2/
[        ] [   +7 ms] input.json contents:
[        ]            {
[        ]              "assets": {},
[        ]              "config": {
[        ]                "build_asset_types": [
[        ]                  "code_assets/code"
[        ]                ],
[        ]                "extensions": {
[        ]                  "code_assets": {
[        ]                    "android": {
[        ]                      "target_ndk_api": 24
[        ]                    },
[        ]                    "c_compiler": {
[        ]                      "ar": "/Users/florian/Library/Android/sdk/ndk/28.2.13676358/toolchains/llvm/prebuilt/darwin-x86_64/bin/llvm-ar",
[        ]                      "cc": "/Users/florian/Library/Android/sdk/ndk/28.2.13676358/toolchains/llvm/prebuilt/darwin-x86_64/bin/clang",
[        ]                      "ld": "/Users/florian/Library/Android/sdk/ndk/28.2.13676358/toolchains/llvm/prebuilt/darwin-x86_64/bin/ld.lld"
[        ]                    },
[        ]                    "link_mode_preference": "dynamic",
[        ]                    "target_architecture": "arm64",
[        ]                    "target_os": "android"
[        ]                  }
[        ]                },
[        ]                "linking_enabled": false
[        ]              },
[        ]              "out_dir_shared": "/Users/florian/Code/substitution/.dart_tool/hooks_runner/shared/objective_c/build/",
[        ]              "out_file": "/Users/florian/Code/substitution/.dart_tool/hooks_runner/objective_c/842b8c761140c2c0e73191c57a372e73/output.json",
[        ]              "package_name": "objective_c",
[        ]              "package_root": "/Users/florian/.pub-cache/hosted/pub.dev/objective_c-9.2.5/",
[        ]              "user_defines": {}
[        ]            }
[        ] [   +3 ms] output.json contents:
[        ]            {
[        ]              "assets_for_linking": {},
[        ]              "status": "success",
[        ]              "timestamp": "2026-02-16 21:57:23.000"
[        ]            }
[        ] [   +1 ms] Skipping build for objective_c in /Users/florian/Code/substitution/.dart_tool/hooks_runner/objective_c/842b8c761140c2c0e73191c57a372e73/. Last build on 2026-02-16 21:57:23.000.
[        ] [   +2 ms] Building native assets for android_arm64 done.
[        ] [   +1 ms] dart_build: Complete
[        ] [   +2 ms] install_code_assets: Starting due to {}
[        ] [   +1 ms] Writing native assets json to file:///Users/florian/Code/substitution/.dart_tool/flutter_build/a022a601426833d8c7e417e673fba575/native_assets.json.
[        ] [   +1 ms] Found plugin video_player at /Users/florian/.pub-cache/hosted/pub.dev/video_player-2.10.1/
[        ] [        ] Found plugin video_player_web at /Users/florian/.pub-cache/hosted/pub.dev/video_player_web-2.4.0/
[        ] [        ] Writing /Users/florian/Code/substitution/.dart_tool/flutter_build/a022a601426833d8c7e417e673fba575/native_assets.json done.
[        ] [        ] install_code_assets: Complete
[        ] [   +2 ms] Found plugin video_player_avfoundation at /Users/florian/.pub-cache/hosted/pub.dev/video_player_avfoundation-2.9.1/
[        ] [        ] Found plugin video_player_android at /Users/florian/.pub-cache/hosted/pub.dev/video_player_android-2.9.1/
[        ] [        ] Found plugin url_launcher at /Users/florian/.pub-cache/hosted/pub.dev/url_launcher-6.3.2/
[        ] [        ] Found plugin url_launcher_windows at /Users/florian/.pub-cache/hosted/pub.dev/url_launcher_windows-3.1.5/
[        ] [        ] Found plugin url_launcher_web at /Users/florian/.pub-cache/hosted/pub.dev/url_launcher_web-2.4.2/
[        ] [        ] Found plugin url_launcher_macos at /Users/florian/.pub-cache/hosted/pub.dev/url_launcher_macos-3.2.5/
[        ] [        ] Found plugin url_launcher_linux at /Users/florian/.pub-cache/hosted/pub.dev/url_launcher_linux-3.2.2/
[        ] [        ] Found plugin url_launcher_ios at /Users/florian/.pub-cache/hosted/pub.dev/url_launcher_ios-6.3.6/
[        ] [        ] Found plugin url_launcher_android at /Users/florian/.pub-cache/hosted/pub.dev/url_launcher_android-6.3.28/
[        ] [   +3 ms] Found plugin sqflite at /Users/florian/.pub-cache/hosted/pub.dev/sqflite-2.4.2/
[        ] [   +1 ms] Found plugin sqflite_darwin at /Users/florian/.pub-cache/hosted/pub.dev/sqflite_darwin-2.4.2/
[        ] [        ] Found plugin sqflite_android at /Users/florian/.pub-cache/hosted/pub.dev/sqflite_android-2.4.2+2/
[        ] [   +1 ms] Found plugin path_provider at /Users/florian/.pub-cache/hosted/pub.dev/path_provider-2.1.5/
[        ] [        ] Found plugin path_provider_windows at /Users/florian/.pub-cache/hosted/pub.dev/path_provider_windows-2.3.0/
[        ] [        ] Found plugin path_provider_linux at /Users/florian/.pub-cache/hosted/pub.dev/path_provider_linux-2.2.1/
[        ] [        ] Found plugin path_provider_foundation at /Users/florian/.pub-cache/hosted/pub.dev/path_provider_foundation-2.6.0/
[        ] [   +2 ms] Found plugin path_provider_android at /Users/florian/.pub-cache/hosted/pub.dev/path_provider_android-2.2.22/
[        ] [  +17 ms] Found plugin flutter_keyboard_visibility_temp_fork at /Users/florian/.pub-cache/hosted/pub.dev/flutter_keyboard_visibility_temp_fork-0.1.5/
[        ] [        ] Found plugin flutter_keyboard_visibility_windows at /Users/florian/.pub-cache/hosted/pub.dev/flutter_keyboard_visibility_windows-1.0.0/
[        ] [   +1 ms] Found plugin flutter_keyboard_visibility_macos at /Users/florian/.pub-cache/hosted/pub.dev/flutter_keyboard_visibility_macos-1.0.0/
[        ] [        ] Found plugin flutter_keyboard_visibility_linux at /Users/florian/.pub-cache/hosted/pub.dev/flutter_keyboard_visibility_linux-1.0.0/
[        ] [  +10 ms] Found plugin quill_native_bridge at /Users/florian/.pub-cache/hosted/pub.dev/quill_native_bridge-11.1.0/
[        ] [   +1 ms] Found plugin quill_native_bridge_windows at /Users/florian/.pub-cache/hosted/pub.dev/quill_native_bridge_windows-0.0.2/
[        ] [  +12 ms] Found plugin file_selector_windows at /Users/florian/.pub-cache/hosted/pub.dev/file_selector_windows-0.9.3+5/
[        ] [   +2 ms] Found plugin quill_native_bridge_web at /Users/florian/.pub-cache/hosted/pub.dev/quill_native_bridge_web-0.0.2/
[        ] [   +1 ms] Found plugin quill_native_bridge_macos at /Users/florian/.pub-cache/hosted/pub.dev/quill_native_bridge_macos-0.0.1/
[        ] [   +1 ms] Found plugin quill_native_bridge_ios at /Users/florian/.pub-cache/hosted/pub.dev/quill_native_bridge_ios-0.0.1/
[        ] [   +1 ms] Found plugin quill_native_bridge_android at /Users/florian/.pub-cache/hosted/pub.dev/quill_native_bridge_android-0.0.1+2/
[        ] [   +4 ms] Found plugin flutter_openssl_crypto at /Users/florian/.pub-cache/hosted/pub.dev/flutter_openssl_crypto-0.5.0/
[        ] [        ] Found plugin flutter_olm at /Users/florian/.pub-cache/hosted/pub.dev/flutter_olm-2.0.0/
[        ] [   +2 ms] Found plugin file_selector at /Users/florian/.pub-cache/hosted/pub.dev/file_selector-1.1.0/
[        ] [        ] Found plugin file_selector_web at /Users/florian/.pub-cache/hosted/pub.dev/file_selector_web-0.9.4+2/
[        ] [   +1 ms] Found plugin file_selector_macos at /Users/florian/.pub-cache/hosted/pub.dev/file_selector_macos-0.9.5/
[        ] [   +1 ms] Found plugin file_selector_linux at /Users/florian/.pub-cache/hosted/pub.dev/file_selector_linux-0.9.4/
[        ] [   +1 ms] Found plugin file_selector_ios at /Users/florian/.pub-cache/hosted/pub.dev/file_selector_ios-0.5.3+5/
[        ] [   +1 ms] Found plugin file_selector_android at /Users/florian/.pub-cache/hosted/pub.dev/file_selector_android-0.5.2+4/
[        ] [   +1 ms] Found plugin emoji_picker_flutter at /Users/florian/.pub-cache/hosted/pub.dev/emoji_picker_flutter-4.4.0/
[        ] [   +1 ms] Found plugin shared_preferences at /Users/florian/.pub-cache/hosted/pub.dev/shared_preferences-2.5.4/
[        ] [        ] Found plugin shared_preferences_windows at /Users/florian/.pub-cache/hosted/pub.dev/shared_preferences_windows-2.4.1/
[        ] [   +1 ms] Found plugin shared_preferences_web at /Users/florian/.pub-cache/hosted/pub.dev/shared_preferences_web-2.4.3/
[        ] [   +1 ms] Found plugin shared_preferences_linux at /Users/florian/.pub-cache/hosted/pub.dev/shared_preferences_linux-2.4.1/
[        ] [   +1 ms] Found plugin shared_preferences_foundation at /Users/florian/.pub-cache/hosted/pub.dev/shared_preferences_foundation-2.5.6/
[        ] [        ] Found plugin shared_preferences_android at /Users/florian/.pub-cache/hosted/pub.dev/shared_preferences_android-2.4.20/
[        ] [  +21 ms] Skipping generating dart_plugin_registrant.dart because it is up-to-date.
[        ] [        ] gen_dart_plugin_registrant: Complete
[        ] [   +2 ms] kernel_snapshot_program: Starting due to {}
[        ] [   +6 ms] /opt/homebrew/share/flutter/bin/cache/dart-sdk/bin/dartaotruntime /opt/homebrew/share/flutter/bin/cache/dart-sdk/bin/snapshots/frontend_server_aot.dart.snapshot --sdk-root /opt/homebrew/share/flutter/bin/cache/artifacts/engine/common/flutter_patched_sdk/ --target=flutter --no-print-incremental-dependencies -DMATRIX_SERVER=http://localhost:8008 -DMATRIX_TEST_USER= -DMATRIX_TEST_PASSWORD= -DFLUTTER_VERSION=3.38.9 -DFLUTTER_CHANNEL=stable -DFLUTTER_GIT_URL=https://github.com/flutter/flutter.git -DFLUTTER_FRAMEWORK_REVISION=67323de285 -DFLUTTER_ENGINE_REVISION=587c18f873 -DFLUTTER_DART_VERSION=3.10.8 -DINTEGRATION_TEST_SHOULD_REPORT_RESULTS_TO_NATIVE=false -DFLUTTER_APP_FLAVOR= -Ddart.vm.profile=false -Ddart.vm.product=false --enable-asserts --track-widget-creation --no-link-platform --packages /Users/florian/Code/substitution/.dart_tool/package_config.json --output-dill /Users/florian/Code/substitution/.dart_tool/flutter_build/a022a601426833d8c7e417e673fba575/app.dill --depfile /Users/florian/Code/substitution/.dart_tool/flutter_build/a022a601426833d8c7e417e673fba575/kernel_snapshot_program.d --incremental --initialize-from-dill /Users/florian/Code/substitution/.dart_tool/flutter_build/a022a601426833d8c7e417e673fba575/app.dill --source file:///Users/florian/Code/substitution/.dart_tool/flutter_build/dart_plugin_registrant.dart --source package:flutter/src/dart_plugin_registrant.dart -Dflutter.dart_plugin_registrant=file:///Users/florian/Code/substitution/.dart_tool/flutter_build/dart_plugin_registrant.dart --verbosity=error file:///var/folders/l_/w8pnbb9d38n57pzg9j98fmy80000gn/T/flutter_tools.wuOse9/flutter_test_listener.sWfpbX/listener.dart
06:00 +1 -16: loading /Users/florian/Code/substitution/integration_test/clear_cache_test.dart                                                                                                          06:01 +1 -16: loading /Users/florian/Code/substitution/integration_test/clear_cache_test.dart                                                                                                          [+2902 ms] [+4418 ms] kernel_snapshot_program: Complete
06:02 +1 -16: loading /Users/florian/Code/substitution/integration_test/clear_cache_test.dart                                                                                                          [ +693 ms] [ +708 ms] debug_android_application: Starting due to {}
[ +107 ms] [ +100 ms] Manifest contained wildcard assets. Inserting missing file into build graph to force rerun. for more information see #56466.
[        ] [   +3 ms] shaderc command: [/opt/homebrew/share/flutter/bin/cache/artifacts/engine/darwin-x64/impellerc, --sksl, --runtime-stage-gles, --runtime-stage-gles3, --runtime-stage-vulkan, --iplr, --sl=/Users/florian/Code/substitution/build/app/intermediates/flutter/debug/flutter_assets/shaders/ink_sparkle.frag, --spirv=/Users/florian/Code/substitution/build/app/intermediates/flutter/debug/flutter_assets/shaders/ink_sparkle.frag.spirv, --input=/opt/homebrew/share/flutter/packages/flutter/lib/src/material/shaders/ink_sparkle.frag, --input-type=frag, --include=/opt/homebrew/share/flutter/packages/flutter/lib/src/material/shaders, --include=/opt/homebrew/share/flutter/bin/cache/artifacts/engine/darwin-x64/shader_lib]
[        ] [        ] shaderc command: [/opt/homebrew/share/flutter/bin/cache/artifacts/engine/darwin-x64/impellerc, --sksl, --runtime-stage-gles, --runtime-stage-gles3, --runtime-stage-vulkan, --iplr, --sl=/Users/florian/Code/substitution/build/app/intermediates/flutter/debug/flutter_assets/shaders/stretch_effect.frag, --spirv=/Users/florian/Code/substitution/build/app/intermediates/flutter/debug/flutter_assets/shaders/stretch_effect.frag.spirv, --input=/opt/homebrew/share/flutter/packages/flutter/lib/src/material/shaders/stretch_effect.frag, --input-type=frag, --include=/opt/homebrew/share/flutter/packages/flutter/lib/src/material/shaders, --include=/opt/homebrew/share/flutter/bin/cache/artifacts/engine/darwin-x64/shader_lib]
06:03 +1 -16: loading /Users/florian/Code/substitution/integration_test/clear_cache_test.dart                                                                                                          [ +290 ms] [ +342 ms] debug_android_application: Complete
[ +708 ms] [ +697 ms] Persisting file store
[        ] [   +4 ms] Done persisting file store
[        ] [   +9 ms] build succeeded.
[  +94 ms] [   +2 ms] "flutter assemble" took 6.608ms.
[        ] [   +2 ms] executing: sw_vers -productName
[        ] [  +10 ms] Exit code 0 from: sw_vers -productName
[        ] [        ] macOS
[        ] [        ] executing: sw_vers -productVersion
[        ] [   +8 ms] Exit code 0 from: sw_vers -productVersion
[        ] [        ] 26.1
[        ] [        ] executing: sw_vers -buildVersion
[        ] [   +7 ms] Exit code 0 from: sw_vers -buildVersion
[        ] [        ] 25B78
[        ] [        ] executing: uname -m
[        ] [   +3 ms] Exit code 0 from: uname -m
[        ] [        ] arm64
[        ] [  +18 ms] Running 1 shutdown hook
[        ] [        ] Shutdown hooks complete
[ +101 ms] [  +53 ms] exiting with code 0
[        ] Resolve mutations for :app:packJniLibsflutterBuildDebug (Thread[#38954,Execution worker Thread 20,5,main]) started.
[        ] :app:packJniLibsflutterBuildDebug (Thread[#38954,Execution worker Thread 20,5,main]) started.
[        ] > Task :app:packJniLibsflutterBuildDebug UP-TO-DATE
[        ] Caching disabled for task ':app:packJniLibsflutterBuildDebug' because:
[        ]   Build cache is disabled
[        ]   Not worth caching
[        ] Skipping task ':app:packJniLibsflutterBuildDebug' as it is up-to-date.
[        ] Resolve mutations for :connectivity_plus:preBuild (Thread[#38954,Execution worker Thread 20,5,main]) started.
[        ] :connectivity_plus:preBuild (Thread[#38960,Execution worker Thread 26,5,main]) started.
[        ] > Task :connectivity_plus:preBuild UP-TO-DATE
[        ] Skipping task ':connectivity_plus:preBuild' as it has no actions.
[        ] Resolve mutations for :connectivity_plus:preDebugBuild (Thread[#38960,Execution worker Thread 26,5,main]) started.
[        ] :connectivity_plus:preDebugBuild (Thread[#38950,Execution worker Thread 16,5,main]) started.
[        ] > Task :connectivity_plus:preDebugBuild UP-TO-DATE
[        ] Skipping task ':connectivity_plus:preDebugBuild' as it has no actions.
[        ] Resolve mutations for :connectivity_plus:writeDebugAarMetadata (Thread[#38950,Execution worker Thread 16,5,main]) started.
[        ] :connectivity_plus:writeDebugAarMetadata (Thread[#38948,Execution worker Thread 14,5,main]) started.
06:04 +1 -16: loading /Users/florian/Code/substitution/integration_test/clear_cache_test.dart                                                                                                          [  +99 ms] > Task :connectivity_plus:writeDebugAarMetadata UP-TO-DATE
[        ] Caching disabled for task ':connectivity_plus:writeDebugAarMetadata' because:
[        ]   Build cache is disabled
[        ]   Caching has been disabled for the task
[        ] Skipping task ':connectivity_plus:writeDebugAarMetadata' as it is up-to-date.
[        ] work action resolve aar-metadata.properties (project :connectivity_plus) (Thread[#38948,Execution worker Thread 14,5,main]) started.
[        ] Resolve mutations for :emoji_picker_flutter:preBuild (Thread[#38948,Execution worker Thread 14,5,main]) started.
[        ] :emoji_picker_flutter:preBuild (Thread[#38948,Execution worker Thread 14,5,main]) started.
[        ] > Task :emoji_picker_flutter:preBuild UP-TO-DATE
[        ] Skipping task ':emoji_picker_flutter:preBuild' as it has no actions.
[        ] Resolve mutations for :emoji_picker_flutter:preDebugBuild (Thread[#38948,Execution worker Thread 14,5,main]) started.
[        ] :emoji_picker_flutter:preDebugBuild (Thread[#38948,Execution worker Thread 14,5,main]) started.
[        ] > Task :emoji_picker_flutter:preDebugBuild UP-TO-DATE
[        ] Skipping task ':emoji_picker_flutter:preDebugBuild' as it has no actions.
[        ] Resolve mutations for :emoji_picker_flutter:writeDebugAarMetadata (Thread[#38948,Execution worker Thread 14,5,main]) started.
[        ] :emoji_picker_flutter:writeDebugAarMetadata (Thread[#38948,Execution worker Thread 14,5,main]) started.
[        ] > Task :emoji_picker_flutter:writeDebugAarMetadata UP-TO-DATE
[        ] Caching disabled for task ':emoji_picker_flutter:writeDebugAarMetadata' because:
[        ]   Build cache is disabled
[        ]   Caching has been disabled for the task
[        ] Skipping task ':emoji_picker_flutter:writeDebugAarMetadata' as it is up-to-date.
[        ] work action resolve aar-metadata.properties (project :emoji_picker_flutter) (Thread[#38948,Execution worker Thread 14,5,main]) started.
[        ] Resolve mutations for :file_selector_android:preBuild (Thread[#38948,Execution worker Thread 14,5,main]) started.
[        ] :file_selector_android:preBuild (Thread[#38948,Execution worker Thread 14,5,main]) started.
[        ] > Task :file_selector_android:preBuild UP-TO-DATE
[        ] Skipping task ':file_selector_android:preBuild' as it has no actions.
[        ] Resolve mutations for :file_selector_android:preDebugBuild (Thread[#38948,Execution worker Thread 14,5,main]) started.
[        ] :file_selector_android:preDebugBuild (Thread[#38948,Execution worker Thread 14,5,main]) started.
[        ] > Task :file_selector_android:preDebugBuild UP-TO-DATE
[        ] Skipping task ':file_selector_android:preDebugBuild' as it has no actions.
[        ] Resolve mutations for :file_selector_android:writeDebugAarMetadata (Thread[#38948,Execution worker Thread 14,5,main]) started.
[        ] :file_selector_android:writeDebugAarMetadata (Thread[#38948,Execution worker Thread 14,5,main]) started.
[        ] > Task :file_selector_android:writeDebugAarMetadata UP-TO-DATE
[        ] Caching disabled for task ':file_selector_android:writeDebugAarMetadata' because:
[        ]   Build cache is disabled
[        ]   Caching has been disabled for the task
[        ] Skipping task ':file_selector_android:writeDebugAarMetadata' as it is up-to-date.
[        ] work action resolve aar-metadata.properties (project :file_selector_android) (Thread[#38948,Execution worker Thread 14,5,main]) started.
[        ] Resolve mutations for :flutter_keyboard_visibility_temp_fork:preBuild (Thread[#38948,Execution worker Thread 14,5,main]) started.
[        ] :flutter_keyboard_visibility_temp_fork:preBuild (Thread[#38948,Execution worker Thread 14,5,main]) started.
[        ] > Task :flutter_keyboard_visibility_temp_fork:preBuild UP-TO-DATE
[        ] Skipping task ':flutter_keyboard_visibility_temp_fork:preBuild' as it has no actions.
[        ] Resolve mutations for :flutter_keyboard_visibility_temp_fork:preDebugBuild (Thread[#38948,Execution worker Thread 14,5,main]) started.
[        ] :flutter_keyboard_visibility_temp_fork:preDebugBuild (Thread[#38948,Execution worker Thread 14,5,main]) started.
[        ] > Task :flutter_keyboard_visibility_temp_fork:preDebugBuild UP-TO-DATE
[        ] Skipping task ':flutter_keyboard_visibility_temp_fork:preDebugBuild' as it has no actions.
[        ] Resolve mutations for :flutter_keyboard_visibility_temp_fork:writeDebugAarMetadata (Thread[#38948,Execution worker Thread 14,5,main]) started.
[        ] :flutter_keyboard_visibility_temp_fork:writeDebugAarMetadata (Thread[#38948,Execution worker Thread 14,5,main]) started.
[        ] > Task :flutter_keyboard_visibility_temp_fork:writeDebugAarMetadata UP-TO-DATE
[        ] Caching disabled for task ':flutter_keyboard_visibility_temp_fork:writeDebugAarMetadata' because:
[        ]   Build cache is disabled
[        ]   Caching has been disabled for the task
[        ] Skipping task ':flutter_keyboard_visibility_temp_fork:writeDebugAarMetadata' as it is up-to-date.
[        ] work action resolve aar-metadata.properties (project :flutter_keyboard_visibility_temp_fork) (Thread[#38948,Execution worker Thread 14,5,main]) started.
[        ] Resolve mutations for :flutter_native_splash:preBuild (Thread[#38948,Execution worker Thread 14,5,main]) started.
[        ] :flutter_native_splash:preBuild (Thread[#38948,Execution worker Thread 14,5,main]) started.
[        ] > Task :flutter_native_splash:preBuild UP-TO-DATE
[        ] Skipping task ':flutter_native_splash:preBuild' as it has no actions.
[        ] Resolve mutations for :flutter_native_splash:preDebugBuild (Thread[#38948,Execution worker Thread 14,5,main]) started.
[        ] :flutter_native_splash:preDebugBuild (Thread[#38948,Execution worker Thread 14,5,main]) started.
[        ] > Task :flutter_native_splash:preDebugBuild UP-TO-DATE
[        ] Skipping task ':flutter_native_splash:preDebugBuild' as it has no actions.
[        ] Resolve mutations for :flutter_native_splash:writeDebugAarMetadata (Thread[#38948,Execution worker Thread 14,5,main]) started.
[        ] :flutter_native_splash:writeDebugAarMetadata (Thread[#38948,Execution worker Thread 14,5,main]) started.
[        ] > Task :flutter_native_splash:writeDebugAarMetadata UP-TO-DATE
[        ] Caching disabled for task ':flutter_native_splash:writeDebugAarMetadata' because:
[        ]   Build cache is disabled
[        ]   Caching has been disabled for the task
[        ] Skipping task ':flutter_native_splash:writeDebugAarMetadata' as it is up-to-date.
[        ] work action resolve aar-metadata.properties (project :flutter_native_splash) (Thread[#38948,Execution worker Thread 14,5,main]) started.
[        ] Resolve mutations for :flutter_olm:preBuild (Thread[#38948,Execution worker Thread 14,5,main]) started.
[        ] :flutter_olm:preBuild (Thread[#38948,Execution worker Thread 14,5,main]) started.
[        ] > Task :flutter_olm:preBuild UP-TO-DATE
[        ] Skipping task ':flutter_olm:preBuild' as it has no actions.
[        ] Resolve mutations for :flutter_olm:preDebugBuild (Thread[#38948,Execution worker Thread 14,5,main]) started.
[        ] :flutter_olm:preDebugBuild (Thread[#38948,Execution worker Thread 14,5,main]) started.
[        ] > Task :flutter_olm:preDebugBuild UP-TO-DATE
[        ] Skipping task ':flutter_olm:preDebugBuild' as it has no actions.
[        ] Resolve mutations for :flutter_olm:writeDebugAarMetadata (Thread[#38948,Execution worker Thread 14,5,main]) started.
[        ] :flutter_olm:writeDebugAarMetadata (Thread[#38948,Execution worker Thread 14,5,main]) started.
[        ] > Task :flutter_olm:writeDebugAarMetadata UP-TO-DATE
[        ] Caching disabled for task ':flutter_olm:writeDebugAarMetadata' because:
[        ]   Build cache is disabled
[        ]   Caching has been disabled for the task
[        ] Skipping task ':flutter_olm:writeDebugAarMetadata' as it is up-to-date.
[        ] work action resolve aar-metadata.properties (project :flutter_olm) (Thread[#38948,Execution worker Thread 14,5,main]) started.
[        ] Resolve mutations for :flutter_openssl_crypto:preBuild (Thread[#38948,Execution worker Thread 14,5,main]) started.
[        ] :flutter_openssl_crypto:preBuild (Thread[#38948,Execution worker Thread 14,5,main]) started.
[        ] > Task :flutter_openssl_crypto:preBuild UP-TO-DATE
[        ] Skipping task ':flutter_openssl_crypto:preBuild' as it has no actions.
[        ] Resolve mutations for :flutter_openssl_crypto:preDebugBuild (Thread[#38948,Execution worker Thread 14,5,main]) started.
[        ] :flutter_openssl_crypto:preDebugBuild (Thread[#38948,Execution worker Thread 14,5,main]) started.
[        ] > Task :flutter_openssl_crypto:preDebugBuild UP-TO-DATE
[        ] Skipping task ':flutter_openssl_crypto:preDebugBuild' as it has no actions.
[        ] Resolve mutations for :flutter_openssl_crypto:writeDebugAarMetadata (Thread[#38948,Execution worker Thread 14,5,main]) started.
[        ] :flutter_openssl_crypto:writeDebugAarMetadata (Thread[#38948,Execution worker Thread 14,5,main]) started.
[        ] > Task :flutter_openssl_crypto:writeDebugAarMetadata UP-TO-DATE
[        ] Caching disabled for task ':flutter_openssl_crypto:writeDebugAarMetadata' because:
[        ]   Build cache is disabled
[        ]   Caching has been disabled for the task
[        ] Skipping task ':flutter_openssl_crypto:writeDebugAarMetadata' as it is up-to-date.
[        ] work action resolve aar-metadata.properties (project :flutter_openssl_crypto) (Thread[#38948,Execution worker Thread 14,5,main]) started.
[        ] Resolve mutations for :integration_test:preBuild (Thread[#38948,Execution worker Thread 14,5,main]) started.
[        ] :integration_test:preBuild (Thread[#38948,Execution worker Thread 14,5,main]) started.
[        ] > Task :integration_test:preBuild UP-TO-DATE
[        ] Skipping task ':integration_test:preBuild' as it has no actions.
[        ] Resolve mutations for :integration_test:preDebugBuild (Thread[#38948,Execution worker Thread 14,5,main]) started.
[        ] :integration_test:preDebugBuild (Thread[#38948,Execution worker Thread 14,5,main]) started.
[        ] > Task :integration_test:preDebugBuild UP-TO-DATE
[        ] Skipping task ':integration_test:preDebugBuild' as it has no actions.
[        ] Resolve mutations for :integration_test:writeDebugAarMetadata (Thread[#38948,Execution worker Thread 14,5,main]) started.
[        ] :integration_test:writeDebugAarMetadata (Thread[#38948,Execution worker Thread 14,5,main]) started.
[        ] > Task :integration_test:writeDebugAarMetadata UP-TO-DATE
[        ] Caching disabled for task ':integration_test:writeDebugAarMetadata' because:
[        ]   Build cache is disabled
[        ]   Caching has been disabled for the task
[        ] Skipping task ':integration_test:writeDebugAarMetadata' as it is up-to-date.
[        ] work action resolve aar-metadata.properties (project :integration_test) (Thread[#38948,Execution worker Thread 14,5,main]) started.
[        ] Resolve mutations for :path_provider_android:preBuild (Thread[#38948,Execution worker Thread 14,5,main]) started.
[        ] :path_provider_android:preBuild (Thread[#38948,Execution worker Thread 14,5,main]) started.
[        ] > Task :path_provider_android:preBuild UP-TO-DATE
[        ] Skipping task ':path_provider_android:preBuild' as it has no actions.
[        ] Resolve mutations for :path_provider_android:preDebugBuild (Thread[#38948,Execution worker Thread 14,5,main]) started.
[        ] :path_provider_android:preDebugBuild (Thread[#38948,Execution worker Thread 14,5,main]) started.
[        ] > Task :path_provider_android:preDebugBuild UP-TO-DATE
[        ] Skipping task ':path_provider_android:preDebugBuild' as it has no actions.
[        ] Resolve mutations for :path_provider_android:writeDebugAarMetadata (Thread[#38948,Execution worker Thread 14,5,main]) started.
[        ] :path_provider_android:writeDebugAarMetadata (Thread[#38948,Execution worker Thread 14,5,main]) started.
[        ] > Task :path_provider_android:writeDebugAarMetadata UP-TO-DATE
[        ] Caching disabled for task ':path_provider_android:writeDebugAarMetadata' because:
[        ]   Build cache is disabled
[        ]   Caching has been disabled for the task
[        ] Skipping task ':path_provider_android:writeDebugAarMetadata' as it is up-to-date.
[        ] work action resolve aar-metadata.properties (project :path_provider_android) (Thread[#38948,Execution worker Thread 14,5,main]) started.
[        ] Resolve mutations for :quill_native_bridge_android:preBuild (Thread[#38948,Execution worker Thread 14,5,main]) started.
[        ] :quill_native_bridge_android:preBuild (Thread[#38948,Execution worker Thread 14,5,main]) started.
[        ] > Task :quill_native_bridge_android:preBuild UP-TO-DATE
[        ] Skipping task ':quill_native_bridge_android:preBuild' as it has no actions.
[        ] Resolve mutations for :quill_native_bridge_android:preDebugBuild (Thread[#38948,Execution worker Thread 14,5,main]) started.
[        ] :quill_native_bridge_android:preDebugBuild (Thread[#38948,Execution worker Thread 14,5,main]) started.
[        ] > Task :quill_native_bridge_android:preDebugBuild UP-TO-DATE
[        ] Skipping task ':quill_native_bridge_android:preDebugBuild' as it has no actions.
[        ] Resolve mutations for :quill_native_bridge_android:writeDebugAarMetadata (Thread[#38948,Execution worker Thread 14,5,main]) started.
[        ] :quill_native_bridge_android:writeDebugAarMetadata (Thread[#38948,Execution worker Thread 14,5,main]) started.
[        ] > Task :quill_native_bridge_android:writeDebugAarMetadata UP-TO-DATE
[        ] Caching disabled for task ':quill_native_bridge_android:writeDebugAarMetadata' because:
[        ]   Build cache is disabled
[        ]   Caching has been disabled for the task
[        ] Skipping task ':quill_native_bridge_android:writeDebugAarMetadata' as it is up-to-date.
[        ] work action resolve aar-metadata.properties (project :quill_native_bridge_android) (Thread[#38948,Execution worker Thread 14,5,main]) started.
[        ] Resolve mutations for :shared_preferences_android:preBuild (Thread[#38948,Execution worker Thread 14,5,main]) started.
[        ] :shared_preferences_android:preBuild (Thread[#38948,Execution worker Thread 14,5,main]) started.
[        ] > Task :shared_preferences_android:preBuild UP-TO-DATE
[        ] Skipping task ':shared_preferences_android:preBuild' as it has no actions.
[        ] Resolve mutations for :shared_preferences_android:preDebugBuild (Thread[#38948,Execution worker Thread 14,5,main]) started.
[        ] :shared_preferences_android:preDebugBuild (Thread[#38948,Execution worker Thread 14,5,main]) started.
[        ] > Task :shared_preferences_android:preDebugBuild UP-TO-DATE
[        ] Skipping task ':shared_preferences_android:preDebugBuild' as it has no actions.
[        ] Resolve mutations for :shared_preferences_android:writeDebugAarMetadata (Thread[#38948,Execution worker Thread 14,5,main]) started.
[        ] :shared_preferences_android:writeDebugAarMetadata (Thread[#38948,Execution worker Thread 14,5,main]) started.
[        ] > Task :shared_preferences_android:writeDebugAarMetadata UP-TO-DATE
[        ] Caching disabled for task ':shared_preferences_android:writeDebugAarMetadata' because:
[        ]   Build cache is disabled
[        ]   Caching has been disabled for the task
[        ] Skipping task ':shared_preferences_android:writeDebugAarMetadata' as it is up-to-date.
[        ] work action resolve aar-metadata.properties (project :shared_preferences_android) (Thread[#38948,Execution worker Thread 14,5,main]) started.
[        ] Resolve mutations for :sqflite_android:preBuild (Thread[#38948,Execution worker Thread 14,5,main]) started.
[        ] :sqflite_android:preBuild (Thread[#38948,Execution worker Thread 14,5,main]) started.
[        ] > Task :sqflite_android:preBuild UP-TO-DATE
[        ] Skipping task ':sqflite_android:preBuild' as it has no actions.
[        ] Resolve mutations for :sqflite_android:preDebugBuild (Thread[#38948,Execution worker Thread 14,5,main]) started.
[        ] :sqflite_android:preDebugBuild (Thread[#38948,Execution worker Thread 14,5,main]) started.
[        ] > Task :sqflite_android:preDebugBuild UP-TO-DATE
[        ] Skipping task ':sqflite_android:preDebugBuild' as it has no actions.
[        ] Resolve mutations for :sqflite_android:writeDebugAarMetadata (Thread[#38948,Execution worker Thread 14,5,main]) started.
[        ] :sqflite_android:writeDebugAarMetadata (Thread[#38948,Execution worker Thread 14,5,main]) started.
[        ] > Task :sqflite_android:writeDebugAarMetadata UP-TO-DATE
[        ] Caching disabled for task ':sqflite_android:writeDebugAarMetadata' because:
[        ]   Build cache is disabled
[        ]   Caching has been disabled for the task
[        ] Skipping task ':sqflite_android:writeDebugAarMetadata' as it is up-to-date.
[        ] work action resolve aar-metadata.properties (project :sqflite_android) (Thread[#38948,Execution worker Thread 14,5,main]) started.
[        ] Resolve mutations for :url_launcher_android:preBuild (Thread[#38948,Execution worker Thread 14,5,main]) started.
[        ] :url_launcher_android:preBuild (Thread[#38948,Execution worker Thread 14,5,main]) started.
[        ] > Task :url_launcher_android:preBuild UP-TO-DATE
[        ] Skipping task ':url_launcher_android:preBuild' as it has no actions.
[        ] Resolve mutations for :url_launcher_android:preDebugBuild (Thread[#38948,Execution worker Thread 14,5,main]) started.
[        ] :url_launcher_android:preDebugBuild (Thread[#38948,Execution worker Thread 14,5,main]) started.
[        ] > Task :url_launcher_android:preDebugBuild UP-TO-DATE
[        ] Skipping task ':url_launcher_android:preDebugBuild' as it has no actions.
[        ] Resolve mutations for :url_launcher_android:writeDebugAarMetadata (Thread[#38948,Execution worker Thread 14,5,main]) started.
[        ] :url_launcher_android:writeDebugAarMetadata (Thread[#38948,Execution worker Thread 14,5,main]) started.
[        ] > Task :url_launcher_android:writeDebugAarMetadata UP-TO-DATE
[        ] Caching disabled for task ':url_launcher_android:writeDebugAarMetadata' because:
[        ]   Build cache is disabled
[        ]   Caching has been disabled for the task
[        ] Skipping task ':url_launcher_android:writeDebugAarMetadata' as it is up-to-date.
[        ] work action resolve aar-metadata.properties (project :url_launcher_android) (Thread[#38948,Execution worker Thread 14,5,main]) started.
[        ] Resolve mutations for :video_player_android:preBuild (Thread[#38948,Execution worker Thread 14,5,main]) started.
[        ] :video_player_android:preBuild (Thread[#38948,Execution worker Thread 14,5,main]) started.
[        ] > Task :video_player_android:preBuild UP-TO-DATE
[        ] Skipping task ':video_player_android:preBuild' as it has no actions.
[        ] Resolve mutations for :video_player_android:preDebugBuild (Thread[#38948,Execution worker Thread 14,5,main]) started.
[        ] :video_player_android:preDebugBuild (Thread[#38948,Execution worker Thread 14,5,main]) started.
[        ] > Task :video_player_android:preDebugBuild UP-TO-DATE
[        ] Skipping task ':video_player_android:preDebugBuild' as it has no actions.
[        ] Resolve mutations for :video_player_android:writeDebugAarMetadata (Thread[#38948,Execution worker Thread 14,5,main]) started.
[        ] :video_player_android:writeDebugAarMetadata (Thread[#38948,Execution worker Thread 14,5,main]) started.
[        ] > Task :video_player_android:writeDebugAarMetadata UP-TO-DATE
[        ] Caching disabled for task ':video_player_android:writeDebugAarMetadata' because:
[        ]   Build cache is disabled
[        ]   Caching has been disabled for the task
[        ] Skipping task ':video_player_android:writeDebugAarMetadata' as it is up-to-date.
[        ] work action resolve aar-metadata.properties (project :video_player_android) (Thread[#38948,Execution worker Thread 14,5,main]) started.
[        ] Resolve mutations for :app:checkDebugAarMetadata (Thread[#38948,Execution worker Thread 14,5,main]) started.
[        ] :app:checkDebugAarMetadata (Thread[#38948,Execution worker Thread 14,5,main]) started.
[        ] > Task :app:checkDebugAarMetadata UP-TO-DATE
[        ] Caching disabled for task ':app:checkDebugAarMetadata' because:
[        ]   Build cache is disabled
[        ]   Caching has been disabled for the task
[        ] Skipping task ':app:checkDebugAarMetadata' as it is up-to-date.
[        ] Resolve mutations for :app:cleanMergeDebugAssets (Thread[#38948,Execution worker Thread 14,5,main]) started.
[        ] :app:cleanMergeDebugAssets (Thread[#38948,Execution worker Thread 14,5,main]) started.
[        ] > Task :app:cleanMergeDebugAssets
[        ] Caching disabled for task ':app:cleanMergeDebugAssets' because:
[        ]   Build cache is disabled
[        ] Task ':app:cleanMergeDebugAssets' is not up-to-date because:
[        ]   Task has not declared any outputs despite executing actions.
[        ] Resolve mutations for :app:mergeDebugShaders (Thread[#38948,Execution worker Thread 14,5,main]) started.
[        ] :app:mergeDebugShaders (Thread[#38948,Execution worker Thread 14,5,main]) started.
[        ] > Task :app:mergeDebugShaders UP-TO-DATE
[        ] Caching disabled for task ':app:mergeDebugShaders' because:
[        ]   Build cache is disabled
[        ]   Simple merging task
[        ] Skipping task ':app:mergeDebugShaders' as it is up-to-date.
[        ] Resolve mutations for :app:compileDebugShaders (Thread[#38948,Execution worker Thread 14,5,main]) started.
[        ] :app:compileDebugShaders (Thread[#38948,Execution worker Thread 14,5,main]) started.
[        ] > Task :app:compileDebugShaders NO-SOURCE
[        ] Skipping task ':app:compileDebugShaders' as it has no source files and no previous output files.
[        ] Resolve mutations for :app:generateDebugAssets (Thread[#38948,Execution worker Thread 14,5,main]) started.
[        ] :app:generateDebugAssets (Thread[#38948,Execution worker Thread 14,5,main]) started.
[        ] > Task :app:generateDebugAssets UP-TO-DATE
[        ] Skipping task ':app:generateDebugAssets' as it has no actions.
[        ] Resolve mutations for :connectivity_plus:mergeDebugShaders (Thread[#38948,Execution worker Thread 14,5,main]) started.
[        ] :connectivity_plus:mergeDebugShaders (Thread[#38944,Execution worker Thread 10,5,main]) started.
[        ] > Task :connectivity_plus:mergeDebugShaders UP-TO-DATE
[        ] Caching disabled for task ':connectivity_plus:mergeDebugShaders' because:
[        ]   Build cache is disabled
[        ]   Simple merging task
[        ] Skipping task ':connectivity_plus:mergeDebugShaders' as it is up-to-date.
[        ] Resolve mutations for :connectivity_plus:compileDebugShaders (Thread[#38944,Execution worker Thread 10,5,main]) started.
[        ] :connectivity_plus:compileDebugShaders (Thread[#38937,Execution worker Thread 4,5,main]) started.
[        ] > Task :connectivity_plus:compileDebugShaders NO-SOURCE
[        ] Skipping task ':connectivity_plus:compileDebugShaders' as it has no source files and no previous output files.
[        ] Resolve mutations for :connectivity_plus:generateDebugAssets (Thread[#38937,Execution worker Thread 4,5,main]) started.
[        ] :connectivity_plus:generateDebugAssets (Thread[#38937,Execution worker Thread 4,5,main]) started.
[        ] > Task :connectivity_plus:generateDebugAssets UP-TO-DATE
[        ] Skipping task ':connectivity_plus:generateDebugAssets' as it has no actions.
[        ] Resolve mutations for :connectivity_plus:mergeDebugAssets (Thread[#38937,Execution worker Thread 4,5,main]) started.
[        ] :connectivity_plus:mergeDebugAssets (Thread[#38937,Execution worker Thread 4,5,main]) started.
[        ] > Task :connectivity_plus:mergeDebugAssets UP-TO-DATE
[        ] Caching disabled for task ':connectivity_plus:mergeDebugAssets' because:
[        ]   Build cache is disabled
[        ]   Simple merging task
[        ] Skipping task ':connectivity_plus:mergeDebugAssets' as it is up-to-date.
[        ] work action resolve mergeDebugAssets (project :connectivity_plus) (Thread[#38937,Execution worker Thread 4,5,main]) started.
[        ] Resolve mutations for :emoji_picker_flutter:mergeDebugShaders (Thread[#38937,Execution worker Thread 4,5,main]) started.
[        ] :emoji_picker_flutter:mergeDebugShaders (Thread[#38937,Execution worker Thread 4,5,main]) started.
[        ] > Task :emoji_picker_flutter:mergeDebugShaders UP-TO-DATE
[        ] Caching disabled for task ':emoji_picker_flutter:mergeDebugShaders' because:
[        ]   Build cache is disabled
[        ]   Simple merging task
[        ] Skipping task ':emoji_picker_flutter:mergeDebugShaders' as it is up-to-date.
[        ] Resolve mutations for :emoji_picker_flutter:compileDebugShaders (Thread[#38937,Execution worker Thread 4,5,main]) started.
[        ] :emoji_picker_flutter:compileDebugShaders (Thread[#38937,Execution worker Thread 4,5,main]) started.
[        ] > Task :emoji_picker_flutter:compileDebugShaders NO-SOURCE
[        ] Skipping task ':emoji_picker_flutter:compileDebugShaders' as it has no source files and no previous output files.
[        ] Resolve mutations for :emoji_picker_flutter:generateDebugAssets (Thread[#38937,Execution worker Thread 4,5,main]) started.
[        ] :emoji_picker_flutter:generateDebugAssets (Thread[#38937,Execution worker Thread 4,5,main]) started.
[        ] > Task :emoji_picker_flutter:generateDebugAssets UP-TO-DATE
[        ] Skipping task ':emoji_picker_flutter:generateDebugAssets' as it has no actions.
[        ] Resolve mutations for :emoji_picker_flutter:mergeDebugAssets (Thread[#38937,Execution worker Thread 4,5,main]) started.
[        ] :emoji_picker_flutter:mergeDebugAssets (Thread[#38937,Execution worker Thread 4,5,main]) started.
[        ] > Task :emoji_picker_flutter:mergeDebugAssets UP-TO-DATE
[        ] Caching disabled for task ':emoji_picker_flutter:mergeDebugAssets' because:
[        ]   Build cache is disabled
[        ]   Simple merging task
[        ] Skipping task ':emoji_picker_flutter:mergeDebugAssets' as it is up-to-date.
[        ] work action resolve mergeDebugAssets (project :emoji_picker_flutter) (Thread[#38937,Execution worker Thread 4,5,main]) started.
[        ] Resolve mutations for :file_selector_android:mergeDebugShaders (Thread[#38937,Execution worker Thread 4,5,main]) started.
[        ] :file_selector_android:mergeDebugShaders (Thread[#38937,Execution worker Thread 4,5,main]) started.
[        ] > Task :file_selector_android:mergeDebugShaders UP-TO-DATE
[        ] Caching disabled for task ':file_selector_android:mergeDebugShaders' because:
[        ]   Build cache is disabled
[        ]   Simple merging task
[        ] Skipping task ':file_selector_android:mergeDebugShaders' as it is up-to-date.
[        ] Resolve mutations for :file_selector_android:compileDebugShaders (Thread[#38937,Execution worker Thread 4,5,main]) started.
[        ] :file_selector_android:compileDebugShaders (Thread[#38937,Execution worker Thread 4,5,main]) started.
[        ] > Task :file_selector_android:compileDebugShaders NO-SOURCE
[        ] Skipping task ':file_selector_android:compileDebugShaders' as it has no source files and no previous output files.
[        ] Resolve mutations for :file_selector_android:generateDebugAssets (Thread[#38937,Execution worker Thread 4,5,main]) started.
[        ] :file_selector_android:generateDebugAssets (Thread[#38937,Execution worker Thread 4,5,main]) started.
[        ] > Task :file_selector_android:generateDebugAssets UP-TO-DATE
[        ] Skipping task ':file_selector_android:generateDebugAssets' as it has no actions.
[        ] Resolve mutations for :file_selector_android:mergeDebugAssets (Thread[#38937,Execution worker Thread 4,5,main]) started.
[        ] :file_selector_android:mergeDebugAssets (Thread[#38937,Execution worker Thread 4,5,main]) started.
[        ] > Task :file_selector_android:mergeDebugAssets UP-TO-DATE
[        ] Caching disabled for task ':file_selector_android:mergeDebugAssets' because:
[        ]   Build cache is disabled
[        ]   Simple merging task
[        ] Skipping task ':file_selector_android:mergeDebugAssets' as it is up-to-date.
[        ] work action resolve mergeDebugAssets (project :file_selector_android) (Thread[#38937,Execution worker Thread 4,5,main]) started.
[        ] Resolve mutations for :flutter_keyboard_visibility_temp_fork:mergeDebugShaders (Thread[#38937,Execution worker Thread 4,5,main]) started.
[        ] :flutter_keyboard_visibility_temp_fork:mergeDebugShaders (Thread[#38937,Execution worker Thread 4,5,main]) started.
[        ] > Task :flutter_keyboard_visibility_temp_fork:mergeDebugShaders UP-TO-DATE
[        ] Caching disabled for task ':flutter_keyboard_visibility_temp_fork:mergeDebugShaders' because:
[        ]   Build cache is disabled
[        ]   Simple merging task
[        ] Skipping task ':flutter_keyboard_visibility_temp_fork:mergeDebugShaders' as it is up-to-date.
[        ] Resolve mutations for :flutter_keyboard_visibility_temp_fork:compileDebugShaders (Thread[#38937,Execution worker Thread 4,5,main]) started.
[        ] :flutter_keyboard_visibility_temp_fork:compileDebugShaders (Thread[#38937,Execution worker Thread 4,5,main]) started.
[        ] > Task :flutter_keyboard_visibility_temp_fork:compileDebugShaders NO-SOURCE
[        ] Skipping task ':flutter_keyboard_visibility_temp_fork:compileDebugShaders' as it has no source files and no previous output files.
[        ] Resolve mutations for :flutter_keyboard_visibility_temp_fork:generateDebugAssets (Thread[#38937,Execution worker Thread 4,5,main]) started.
[        ] :flutter_keyboard_visibility_temp_fork:generateDebugAssets (Thread[#38937,Execution worker Thread 4,5,main]) started.
[        ] > Task :flutter_keyboard_visibility_temp_fork:generateDebugAssets UP-TO-DATE
[        ] Skipping task ':flutter_keyboard_visibility_temp_fork:generateDebugAssets' as it has no actions.
[        ] Resolve mutations for :flutter_keyboard_visibility_temp_fork:mergeDebugAssets (Thread[#38937,Execution worker Thread 4,5,main]) started.
[        ] :flutter_keyboard_visibility_temp_fork:mergeDebugAssets (Thread[#38937,Execution worker Thread 4,5,main]) started.
[        ] > Task :flutter_keyboard_visibility_temp_fork:mergeDebugAssets UP-TO-DATE
[        ] Caching disabled for task ':flutter_keyboard_visibility_temp_fork:mergeDebugAssets' because:
[        ]   Build cache is disabled
[        ]   Simple merging task
[        ] Skipping task ':flutter_keyboard_visibility_temp_fork:mergeDebugAssets' as it is up-to-date.
[        ] work action resolve mergeDebugAssets (project :flutter_keyboard_visibility_temp_fork) (Thread[#38937,Execution worker Thread 4,5,main]) started.
[        ] Resolve mutations for :flutter_native_splash:mergeDebugShaders (Thread[#38937,Execution worker Thread 4,5,main]) started.
[        ] :flutter_native_splash:mergeDebugShaders (Thread[#38937,Execution worker Thread 4,5,main]) started.
[        ] > Task :flutter_native_splash:mergeDebugShaders UP-TO-DATE
[        ] Caching disabled for task ':flutter_native_splash:mergeDebugShaders' because:
[        ]   Build cache is disabled
[        ]   Simple merging task
[        ] Skipping task ':flutter_native_splash:mergeDebugShaders' as it is up-to-date.
[        ] Resolve mutations for :flutter_native_splash:compileDebugShaders (Thread[#38937,Execution worker Thread 4,5,main]) started.
[        ] :flutter_native_splash:compileDebugShaders (Thread[#38937,Execution worker Thread 4,5,main]) started.
[        ] > Task :flutter_native_splash:compileDebugShaders NO-SOURCE
[        ] Skipping task ':flutter_native_splash:compileDebugShaders' as it has no source files and no previous output files.
[        ] Resolve mutations for :flutter_native_splash:generateDebugAssets (Thread[#38937,Execution worker Thread 4,5,main]) started.
[        ] :flutter_native_splash:generateDebugAssets (Thread[#38937,Execution worker Thread 4,5,main]) started.
[        ] > Task :flutter_native_splash:generateDebugAssets UP-TO-DATE
[        ] Skipping task ':flutter_native_splash:generateDebugAssets' as it has no actions.
[        ] Resolve mutations for :flutter_native_splash:mergeDebugAssets (Thread[#38937,Execution worker Thread 4,5,main]) started.
[        ] :flutter_native_splash:mergeDebugAssets (Thread[#38937,Execution worker Thread 4,5,main]) started.
[        ] > Task :flutter_native_splash:mergeDebugAssets UP-TO-DATE
[        ] Caching disabled for task ':flutter_native_splash:mergeDebugAssets' because:
[        ]   Build cache is disabled
[        ]   Simple merging task
[        ] Skipping task ':flutter_native_splash:mergeDebugAssets' as it is up-to-date.
[        ] work action resolve mergeDebugAssets (project :flutter_native_splash) (Thread[#38937,Execution worker Thread 4,5,main]) started.
[        ] Resolve mutations for :flutter_olm:mergeDebugShaders (Thread[#38937,Execution worker Thread 4,5,main]) started.
[        ] :flutter_olm:mergeDebugShaders (Thread[#38937,Execution worker Thread 4,5,main]) started.
[        ] > Task :flutter_olm:mergeDebugShaders UP-TO-DATE
[        ] Caching disabled for task ':flutter_olm:mergeDebugShaders' because:
[        ]   Build cache is disabled
[        ]   Simple merging task
[        ] Skipping task ':flutter_olm:mergeDebugShaders' as it is up-to-date.
[        ] Resolve mutations for :flutter_olm:compileDebugShaders (Thread[#38937,Execution worker Thread 4,5,main]) started.
[        ] :flutter_olm:compileDebugShaders (Thread[#38937,Execution worker Thread 4,5,main]) started.
[        ] > Task :flutter_olm:compileDebugShaders NO-SOURCE
[        ] Skipping task ':flutter_olm:compileDebugShaders' as it has no source files and no previous output files.
[        ] Resolve mutations for :flutter_olm:generateDebugAssets (Thread[#38937,Execution worker Thread 4,5,main]) started.
[        ] :flutter_olm:generateDebugAssets (Thread[#38937,Execution worker Thread 4,5,main]) started.
[        ] > Task :flutter_olm:generateDebugAssets UP-TO-DATE
[        ] Skipping task ':flutter_olm:generateDebugAssets' as it has no actions.
[        ] Resolve mutations for :flutter_olm:mergeDebugAssets (Thread[#38937,Execution worker Thread 4,5,main]) started.
[        ] :flutter_olm:mergeDebugAssets (Thread[#38937,Execution worker Thread 4,5,main]) started.
[        ] > Task :flutter_olm:mergeDebugAssets UP-TO-DATE
[        ] Caching disabled for task ':flutter_olm:mergeDebugAssets' because:
[        ]   Build cache is disabled
[        ]   Simple merging task
[        ] Skipping task ':flutter_olm:mergeDebugAssets' as it is up-to-date.
[        ] work action resolve mergeDebugAssets (project :flutter_olm) (Thread[#38937,Execution worker Thread 4,5,main]) started.
[        ] Resolve mutations for :flutter_openssl_crypto:mergeDebugShaders (Thread[#38937,Execution worker Thread 4,5,main]) started.
[        ] :flutter_openssl_crypto:mergeDebugShaders (Thread[#38937,Execution worker Thread 4,5,main]) started.
[        ] > Task :flutter_openssl_crypto:mergeDebugShaders UP-TO-DATE
[        ] Caching disabled for task ':flutter_openssl_crypto:mergeDebugShaders' because:
[        ]   Build cache is disabled
[        ]   Simple merging task
[        ] Skipping task ':flutter_openssl_crypto:mergeDebugShaders' as it is up-to-date.
[        ] Resolve mutations for :flutter_openssl_crypto:compileDebugShaders (Thread[#38937,Execution worker Thread 4,5,main]) started.
[        ] :flutter_openssl_crypto:compileDebugShaders (Thread[#38937,Execution worker Thread 4,5,main]) started.
[        ] > Task :flutter_openssl_crypto:compileDebugShaders NO-SOURCE
[        ] Skipping task ':flutter_openssl_crypto:compileDebugShaders' as it has no source files and no previous output files.
[        ] Resolve mutations for :flutter_openssl_crypto:generateDebugAssets (Thread[#38937,Execution worker Thread 4,5,main]) started.
[        ] :flutter_openssl_crypto:generateDebugAssets (Thread[#38937,Execution worker Thread 4,5,main]) started.
[        ] > Task :flutter_openssl_crypto:generateDebugAssets UP-TO-DATE
[        ] Skipping task ':flutter_openssl_crypto:generateDebugAssets' as it has no actions.
[        ] Resolve mutations for :flutter_openssl_crypto:mergeDebugAssets (Thread[#38937,Execution worker Thread 4,5,main]) started.
[        ] :flutter_openssl_crypto:mergeDebugAssets (Thread[#38937,Execution worker Thread 4,5,main]) started.
[        ] > Task :flutter_openssl_crypto:mergeDebugAssets UP-TO-DATE
[        ] Caching disabled for task ':flutter_openssl_crypto:mergeDebugAssets' because:
[        ]   Build cache is disabled
[        ]   Simple merging task
[        ] Skipping task ':flutter_openssl_crypto:mergeDebugAssets' as it is up-to-date.
[        ] work action resolve mergeDebugAssets (project :flutter_openssl_crypto) (Thread[#38937,Execution worker Thread 4,5,main]) started.
[        ] Resolve mutations for :integration_test:mergeDebugShaders (Thread[#38937,Execution worker Thread 4,5,main]) started.
[        ] :integration_test:mergeDebugShaders (Thread[#38937,Execution worker Thread 4,5,main]) started.
[        ] > Task :integration_test:mergeDebugShaders UP-TO-DATE
[        ] Caching disabled for task ':integration_test:mergeDebugShaders' because:
[        ]   Build cache is disabled
[        ]   Simple merging task
[        ] Skipping task ':integration_test:mergeDebugShaders' as it is up-to-date.
[        ] Resolve mutations for :integration_test:compileDebugShaders (Thread[#38937,Execution worker Thread 4,5,main]) started.
[        ] :integration_test:compileDebugShaders (Thread[#38937,Execution worker Thread 4,5,main]) started.
[        ] > Task :integration_test:compileDebugShaders NO-SOURCE
[        ] Skipping task ':integration_test:compileDebugShaders' as it has no source files and no previous output files.
[        ] Resolve mutations for :integration_test:generateDebugAssets (Thread[#38937,Execution worker Thread 4,5,main]) started.
[        ] :integration_test:generateDebugAssets (Thread[#38937,Execution worker Thread 4,5,main]) started.
[        ] > Task :integration_test:generateDebugAssets UP-TO-DATE
[        ] Skipping task ':integration_test:generateDebugAssets' as it has no actions.
[        ] Resolve mutations for :integration_test:mergeDebugAssets (Thread[#38937,Execution worker Thread 4,5,main]) started.
[        ] :integration_test:mergeDebugAssets (Thread[#38937,Execution worker Thread 4,5,main]) started.
[        ] > Task :integration_test:mergeDebugAssets UP-TO-DATE
[        ] Caching disabled for task ':integration_test:mergeDebugAssets' because:
[        ]   Build cache is disabled
[        ]   Simple merging task
[        ] Skipping task ':integration_test:mergeDebugAssets' as it is up-to-date.
[        ] work action resolve mergeDebugAssets (project :integration_test) (Thread[#38937,Execution worker Thread 4,5,main]) started.
[        ] Resolve mutations for :path_provider_android:mergeDebugShaders (Thread[#38937,Execution worker Thread 4,5,main]) started.
[        ] :path_provider_android:mergeDebugShaders (Thread[#38937,Execution worker Thread 4,5,main]) started.
[        ] > Task :path_provider_android:mergeDebugShaders UP-TO-DATE
[        ] Caching disabled for task ':path_provider_android:mergeDebugShaders' because:
[        ]   Build cache is disabled
[        ]   Simple merging task
[        ] Skipping task ':path_provider_android:mergeDebugShaders' as it is up-to-date.
[        ] Resolve mutations for :path_provider_android:compileDebugShaders (Thread[#38937,Execution worker Thread 4,5,main]) started.
[        ] :path_provider_android:compileDebugShaders (Thread[#38937,Execution worker Thread 4,5,main]) started.
[        ] > Task :path_provider_android:compileDebugShaders NO-SOURCE
[        ] Skipping task ':path_provider_android:compileDebugShaders' as it has no source files and no previous output files.
[        ] Resolve mutations for :path_provider_android:generateDebugAssets (Thread[#38937,Execution worker Thread 4,5,main]) started.
[        ] :path_provider_android:generateDebugAssets (Thread[#38937,Execution worker Thread 4,5,main]) started.
[        ] > Task :path_provider_android:generateDebugAssets UP-TO-DATE
[        ] Skipping task ':path_provider_android:generateDebugAssets' as it has no actions.
[        ] Resolve mutations for :path_provider_android:mergeDebugAssets (Thread[#38937,Execution worker Thread 4,5,main]) started.
[        ] :path_provider_android:mergeDebugAssets (Thread[#38937,Execution worker Thread 4,5,main]) started.
[        ] > Task :path_provider_android:mergeDebugAssets UP-TO-DATE
[        ] Caching disabled for task ':path_provider_android:mergeDebugAssets' because:
[        ]   Build cache is disabled
[        ]   Simple merging task
[        ] Skipping task ':path_provider_android:mergeDebugAssets' as it is up-to-date.
[        ] work action resolve mergeDebugAssets (project :path_provider_android) (Thread[#38937,Execution worker Thread 4,5,main]) started.
[        ] Resolve mutations for :quill_native_bridge_android:mergeDebugShaders (Thread[#38937,Execution worker Thread 4,5,main]) started.
[        ] :quill_native_bridge_android:mergeDebugShaders (Thread[#38937,Execution worker Thread 4,5,main]) started.
[        ] > Task :quill_native_bridge_android:mergeDebugShaders UP-TO-DATE
[        ] Caching disabled for task ':quill_native_bridge_android:mergeDebugShaders' because:
[        ]   Build cache is disabled
[        ]   Simple merging task
[        ] Skipping task ':quill_native_bridge_android:mergeDebugShaders' as it is up-to-date.
[        ] Resolve mutations for :quill_native_bridge_android:compileDebugShaders (Thread[#38937,Execution worker Thread 4,5,main]) started.
[        ] :quill_native_bridge_android:compileDebugShaders (Thread[#38937,Execution worker Thread 4,5,main]) started.
[        ] > Task :quill_native_bridge_android:compileDebugShaders NO-SOURCE
[        ] Skipping task ':quill_native_bridge_android:compileDebugShaders' as it has no source files and no previous output files.
[        ] Resolve mutations for :quill_native_bridge_android:generateDebugAssets (Thread[#38937,Execution worker Thread 4,5,main]) started.
[        ] :quill_native_bridge_android:generateDebugAssets (Thread[#38937,Execution worker Thread 4,5,main]) started.
[        ] > Task :quill_native_bridge_android:generateDebugAssets UP-TO-DATE
[        ] Skipping task ':quill_native_bridge_android:generateDebugAssets' as it has no actions.
[        ] Resolve mutations for :quill_native_bridge_android:mergeDebugAssets (Thread[#38937,Execution worker Thread 4,5,main]) started.
[        ] :quill_native_bridge_android:mergeDebugAssets (Thread[#38937,Execution worker Thread 4,5,main]) started.
[        ] > Task :quill_native_bridge_android:mergeDebugAssets UP-TO-DATE
[        ] Caching disabled for task ':quill_native_bridge_android:mergeDebugAssets' because:
[        ]   Build cache is disabled
[        ]   Simple merging task
[        ] Skipping task ':quill_native_bridge_android:mergeDebugAssets' as it is up-to-date.
[        ] work action resolve mergeDebugAssets (project :quill_native_bridge_android) (Thread[#38937,Execution worker Thread 4,5,main]) started.
[        ] Resolve mutations for :shared_preferences_android:mergeDebugShaders (Thread[#38937,Execution worker Thread 4,5,main]) started.
[        ] :shared_preferences_android:mergeDebugShaders (Thread[#38937,Execution worker Thread 4,5,main]) started.
[        ] > Task :shared_preferences_android:mergeDebugShaders UP-TO-DATE
[        ] Caching disabled for task ':shared_preferences_android:mergeDebugShaders' because:
[        ]   Build cache is disabled
[        ]   Simple merging task
[        ] Skipping task ':shared_preferences_android:mergeDebugShaders' as it is up-to-date.
[        ] Resolve mutations for :shared_preferences_android:compileDebugShaders (Thread[#38937,Execution worker Thread 4,5,main]) started.
[        ] :shared_preferences_android:compileDebugShaders (Thread[#38937,Execution worker Thread 4,5,main]) started.
[        ] > Task :shared_preferences_android:compileDebugShaders NO-SOURCE
[        ] Skipping task ':shared_preferences_android:compileDebugShaders' as it has no source files and no previous output files.
[        ] Resolve mutations for :shared_preferences_android:generateDebugAssets (Thread[#38937,Execution worker Thread 4,5,main]) started.
[        ] :shared_preferences_android:generateDebugAssets (Thread[#38937,Execution worker Thread 4,5,main]) started.
[        ] > Task :shared_preferences_android:generateDebugAssets UP-TO-DATE
[        ] Skipping task ':shared_preferences_android:generateDebugAssets' as it has no actions.
[        ] Resolve mutations for :shared_preferences_android:mergeDebugAssets (Thread[#38937,Execution worker Thread 4,5,main]) started.
[        ] :shared_preferences_android:mergeDebugAssets (Thread[#38937,Execution worker Thread 4,5,main]) started.
[        ] > Task :shared_preferences_android:mergeDebugAssets UP-TO-DATE
[        ] Caching disabled for task ':shared_preferences_android:mergeDebugAssets' because:
[        ]   Build cache is disabled
[        ]   Simple merging task
[        ] Skipping task ':shared_preferences_android:mergeDebugAssets' as it is up-to-date.
[        ] work action resolve mergeDebugAssets (project :shared_preferences_android) (Thread[#38937,Execution worker Thread 4,5,main]) started.
[        ] Resolve mutations for :sqflite_android:mergeDebugShaders (Thread[#38937,Execution worker Thread 4,5,main]) started.
[        ] :sqflite_android:mergeDebugShaders (Thread[#38937,Execution worker Thread 4,5,main]) started.
[        ] > Task :sqflite_android:mergeDebugShaders UP-TO-DATE
[        ] Caching disabled for task ':sqflite_android:mergeDebugShaders' because:
[        ]   Build cache is disabled
[        ]   Simple merging task
[        ] Skipping task ':sqflite_android:mergeDebugShaders' as it is up-to-date.
[        ] Resolve mutations for :sqflite_android:compileDebugShaders (Thread[#38937,Execution worker Thread 4,5,main]) started.
[        ] :sqflite_android:compileDebugShaders (Thread[#38937,Execution worker Thread 4,5,main]) started.
[        ] > Task :sqflite_android:compileDebugShaders NO-SOURCE
[        ] Skipping task ':sqflite_android:compileDebugShaders' as it has no source files and no previous output files.
[        ] Resolve mutations for :sqflite_android:generateDebugAssets (Thread[#38937,Execution worker Thread 4,5,main]) started.
[        ] :sqflite_android:generateDebugAssets (Thread[#38937,Execution worker Thread 4,5,main]) started.
[        ] > Task :sqflite_android:generateDebugAssets UP-TO-DATE
[        ] Skipping task ':sqflite_android:generateDebugAssets' as it has no actions.
[        ] Resolve mutations for :sqflite_android:mergeDebugAssets (Thread[#38937,Execution worker Thread 4,5,main]) started.
[        ] :sqflite_android:mergeDebugAssets (Thread[#38937,Execution worker Thread 4,5,main]) started.
[        ] > Task :sqflite_android:mergeDebugAssets UP-TO-DATE
[        ] Caching disabled for task ':sqflite_android:mergeDebugAssets' because:
[        ]   Build cache is disabled
[        ]   Simple merging task
[        ] Skipping task ':sqflite_android:mergeDebugAssets' as it is up-to-date.
[        ] work action resolve mergeDebugAssets (project :sqflite_android) (Thread[#38937,Execution worker Thread 4,5,main]) started.
[        ] Resolve mutations for :url_launcher_android:mergeDebugShaders (Thread[#38937,Execution worker Thread 4,5,main]) started.
[        ] :url_launcher_android:mergeDebugShaders (Thread[#38937,Execution worker Thread 4,5,main]) started.
[        ] > Task :url_launcher_android:mergeDebugShaders UP-TO-DATE
[        ] Caching disabled for task ':url_launcher_android:mergeDebugShaders' because:
[        ]   Build cache is disabled
[        ]   Simple merging task
[        ] Skipping task ':url_launcher_android:mergeDebugShaders' as it is up-to-date.
[        ] Resolve mutations for :url_launcher_android:compileDebugShaders (Thread[#38937,Execution worker Thread 4,5,main]) started.
[        ] :url_launcher_android:compileDebugShaders (Thread[#38937,Execution worker Thread 4,5,main]) started.
[        ] > Task :url_launcher_android:compileDebugShaders NO-SOURCE
[        ] Skipping task ':url_launcher_android:compileDebugShaders' as it has no source files and no previous output files.
[        ] Resolve mutations for :url_launcher_android:generateDebugAssets (Thread[#38937,Execution worker Thread 4,5,main]) started.
[        ] :url_launcher_android:generateDebugAssets (Thread[#38937,Execution worker Thread 4,5,main]) started.
[        ] > Task :url_launcher_android:generateDebugAssets UP-TO-DATE
[        ] Skipping task ':url_launcher_android:generateDebugAssets' as it has no actions.
[        ] Resolve mutations for :url_launcher_android:mergeDebugAssets (Thread[#38937,Execution worker Thread 4,5,main]) started.
[        ] :url_launcher_android:mergeDebugAssets (Thread[#38937,Execution worker Thread 4,5,main]) started.
[        ] > Task :url_launcher_android:mergeDebugAssets UP-TO-DATE
[        ] Caching disabled for task ':url_launcher_android:mergeDebugAssets' because:
[        ]   Build cache is disabled
[        ]   Simple merging task
[        ] Skipping task ':url_launcher_android:mergeDebugAssets' as it is up-to-date.
[        ] work action resolve mergeDebugAssets (project :url_launcher_android) (Thread[#38937,Execution worker Thread 4,5,main]) started.
[        ] Resolve mutations for :video_player_android:mergeDebugShaders (Thread[#38937,Execution worker Thread 4,5,main]) started.
[        ] :video_player_android:mergeDebugShaders (Thread[#38937,Execution worker Thread 4,5,main]) started.
[        ] > Task :video_player_android:mergeDebugShaders UP-TO-DATE
[        ] Caching disabled for task ':video_player_android:mergeDebugShaders' because:
[        ]   Build cache is disabled
[        ]   Simple merging task
[        ] Skipping task ':video_player_android:mergeDebugShaders' as it is up-to-date.
[        ] Resolve mutations for :video_player_android:compileDebugShaders (Thread[#38937,Execution worker Thread 4,5,main]) started.
[        ] :video_player_android:compileDebugShaders (Thread[#38937,Execution worker Thread 4,5,main]) started.
[        ] > Task :video_player_android:compileDebugShaders NO-SOURCE
[        ] Skipping task ':video_player_android:compileDebugShaders' as it has no source files and no previous output files.
[        ] Resolve mutations for :video_player_android:generateDebugAssets (Thread[#38937,Execution worker Thread 4,5,main]) started.
[        ] :video_player_android:generateDebugAssets (Thread[#38937,Execution worker Thread 4,5,main]) started.
[        ] > Task :video_player_android:generateDebugAssets UP-TO-DATE
[        ] Skipping task ':video_player_android:generateDebugAssets' as it has no actions.
[        ] Resolve mutations for :video_player_android:mergeDebugAssets (Thread[#38937,Execution worker Thread 4,5,main]) started.
[        ] :video_player_android:mergeDebugAssets (Thread[#38937,Execution worker Thread 4,5,main]) started.
[        ] > Task :video_player_android:mergeDebugAssets UP-TO-DATE
[        ] Caching disabled for task ':video_player_android:mergeDebugAssets' because:
[        ]   Build cache is disabled
[        ]   Simple merging task
[        ] Skipping task ':video_player_android:mergeDebugAssets' as it is up-to-date.
[        ] work action resolve mergeDebugAssets (project :video_player_android) (Thread[#38937,Execution worker Thread 4,5,main]) started.
[        ] Resolve mutations for :app:mergeDebugAssets (Thread[#38937,Execution worker Thread 4,5,main]) started.
[        ] :app:mergeDebugAssets (Thread[#38937,Execution worker Thread 4,5,main]) started.
[        ] > Task :app:mergeDebugAssets
[        ] Caching disabled for task ':app:mergeDebugAssets' because:
[        ]   Build cache is disabled
[        ]   Simple merging task
[        ] Task ':app:mergeDebugAssets' is not up-to-date because:
[        ]   Output property 'outputDir' file /Users/florian/Code/substitution/build/app/intermediates/assets/debug/mergeDebugAssets has been removed.
[        ] The input changes require a full rebuild for incremental task ':app:mergeDebugAssets'.
[        ] Resolve mutations for :app:copyFlutterAssetsDebug (Thread[#38937,Execution worker Thread 4,5,main]) started.
[        ] :app:copyFlutterAssetsDebug (Thread[#38937,Execution worker Thread 4,5,main]) started.
[ +195 ms] > Task :app:copyFlutterAssetsDebug
[        ] Caching disabled for task ':app:copyFlutterAssetsDebug' because:
[        ]   Build cache is disabled
[        ]   Not worth caching
[        ] Task ':app:copyFlutterAssetsDebug' is not up-to-date because:
[        ]   Output property 'destinationDir' file /Users/florian/Code/substitution/build/app/intermediates/assets/debug/mergeDebugAssets/flutter_assets has been removed.
[        ]   Output property 'destinationDir' file /Users/florian/Code/substitution/build/app/intermediates/assets/debug/mergeDebugAssets/flutter_assets/AssetManifest.bin has been removed.
[        ]   Output property 'destinationDir' file /Users/florian/Code/substitution/build/app/intermediates/assets/debug/mergeDebugAssets/flutter_assets/FontManifest.json has been removed.
[        ]   and more...
[        ] Resolve mutations for :app:generateDebugResValues (Thread[#38937,Execution worker Thread 4,5,main]) started.
[        ] :app:generateDebugResValues (Thread[#38963,Execution worker Thread 29,5,main]) started.
[        ] > Task :app:generateDebugResValues UP-TO-DATE
[        ] Caching disabled for task ':app:generateDebugResValues' because:
[        ]   Build cache is disabled
[        ] Skipping task ':app:generateDebugResValues' as it is up-to-date.
[        ] Resolve mutations for :connectivity_plus:generateDebugResValues (Thread[#38963,Execution worker Thread 29,5,main]) started.
[        ] :connectivity_plus:generateDebugResValues (Thread[#38963,Execution worker Thread 29,5,main]) started.
[        ] > Task :connectivity_plus:generateDebugResValues UP-TO-DATE
[        ] Caching disabled for task ':connectivity_plus:generateDebugResValues' because:
[        ]   Build cache is disabled
[        ] Skipping task ':connectivity_plus:generateDebugResValues' as it is up-to-date.
[        ] Resolve mutations for :connectivity_plus:generateDebugResources (Thread[#38963,Execution worker Thread 29,5,main]) started.
[        ] :connectivity_plus:generateDebugResources (Thread[#38963,Execution worker Thread 29,5,main]) started.
[        ] > Task :connectivity_plus:generateDebugResources UP-TO-DATE
[        ] Caching disabled for task ':connectivity_plus:generateDebugResources' because:
[        ]   Build cache is disabled
[        ] Skipping task ':connectivity_plus:generateDebugResources' as it is up-to-date.
[        ] Resolve mutations for :connectivity_plus:packageDebugResources (Thread[#38963,Execution worker Thread 29,5,main]) started.
[        ] :connectivity_plus:packageDebugResources (Thread[#38963,Execution worker Thread 29,5,main]) started.
[        ] > Task :connectivity_plus:packageDebugResources UP-TO-DATE
[        ] Caching disabled for task ':connectivity_plus:packageDebugResources' because:
[        ]   Build cache is disabled
[        ] Skipping task ':connectivity_plus:packageDebugResources' as it is up-to-date.
[        ] work action resolve packageDebugResources (project :connectivity_plus) (Thread[#38963,Execution worker Thread 29,5,main]) started.
[        ] Resolve mutations for :emoji_picker_flutter:generateDebugResValues (Thread[#38963,Execution worker Thread 29,5,main]) started.
[        ] :emoji_picker_flutter:generateDebugResValues (Thread[#38963,Execution worker Thread 29,5,main]) started.
[        ] > Task :emoji_picker_flutter:generateDebugResValues UP-TO-DATE
[        ] Caching disabled for task ':emoji_picker_flutter:generateDebugResValues' because:
[        ]   Build cache is disabled
[        ] Skipping task ':emoji_picker_flutter:generateDebugResValues' as it is up-to-date.
[        ] Resolve mutations for :emoji_picker_flutter:generateDebugResources (Thread[#38963,Execution worker Thread 29,5,main]) started.
[        ] :emoji_picker_flutter:generateDebugResources (Thread[#38963,Execution worker Thread 29,5,main]) started.
[        ] > Task :emoji_picker_flutter:generateDebugResources UP-TO-DATE
[        ] Caching disabled for task ':emoji_picker_flutter:generateDebugResources' because:
[        ]   Build cache is disabled
[        ] Skipping task ':emoji_picker_flutter:generateDebugResources' as it is up-to-date.
[        ] Resolve mutations for :emoji_picker_flutter:packageDebugResources (Thread[#38963,Execution worker Thread 29,5,main]) started.
[        ] :emoji_picker_flutter:packageDebugResources (Thread[#38963,Execution worker Thread 29,5,main]) started.
[        ] > Task :emoji_picker_flutter:packageDebugResources UP-TO-DATE
[        ] Caching disabled for task ':emoji_picker_flutter:packageDebugResources' because:
[        ]   Build cache is disabled
[        ] Skipping task ':emoji_picker_flutter:packageDebugResources' as it is up-to-date.
[        ] work action resolve packageDebugResources (project :emoji_picker_flutter) (Thread[#38963,Execution worker Thread 29,5,main]) started.
[        ] Resolve mutations for :file_selector_android:generateDebugResValues (Thread[#38963,Execution worker Thread 29,5,main]) started.
[        ] :file_selector_android:generateDebugResValues (Thread[#38963,Execution worker Thread 29,5,main]) started.
[        ] > Task :file_selector_android:generateDebugResValues UP-TO-DATE
[        ] Caching disabled for task ':file_selector_android:generateDebugResValues' because:
[        ]   Build cache is disabled
[        ] Skipping task ':file_selector_android:generateDebugResValues' as it is up-to-date.
[        ] Resolve mutations for :file_selector_android:generateDebugResources (Thread[#38963,Execution worker Thread 29,5,main]) started.
[        ] :file_selector_android:generateDebugResources (Thread[#38963,Execution worker Thread 29,5,main]) started.
[        ] > Task :file_selector_android:generateDebugResources UP-TO-DATE
[        ] Caching disabled for task ':file_selector_android:generateDebugResources' because:
[        ]   Build cache is disabled
[        ] Skipping task ':file_selector_android:generateDebugResources' as it is up-to-date.
[        ] Resolve mutations for :file_selector_android:packageDebugResources (Thread[#38963,Execution worker Thread 29,5,main]) started.
[        ] :file_selector_android:packageDebugResources (Thread[#38963,Execution worker Thread 29,5,main]) started.
[        ] > Task :file_selector_android:packageDebugResources UP-TO-DATE
[        ] Caching disabled for task ':file_selector_android:packageDebugResources' because:
[        ]   Build cache is disabled
[        ] Skipping task ':file_selector_android:packageDebugResources' as it is up-to-date.
[        ] work action resolve packageDebugResources (project :file_selector_android) (Thread[#38963,Execution worker Thread 29,5,main]) started.
[        ] Resolve mutations for :flutter_keyboard_visibility_temp_fork:generateDebugResValues (Thread[#38963,Execution worker Thread 29,5,main]) started.
[        ] :flutter_keyboard_visibility_temp_fork:generateDebugResValues (Thread[#38963,Execution worker Thread 29,5,main]) started.
[        ] > Task :flutter_keyboard_visibility_temp_fork:generateDebugResValues UP-TO-DATE
[        ] Caching disabled for task ':flutter_keyboard_visibility_temp_fork:generateDebugResValues' because:
[        ]   Build cache is disabled
[        ] Skipping task ':flutter_keyboard_visibility_temp_fork:generateDebugResValues' as it is up-to-date.
[        ] Resolve mutations for :flutter_keyboard_visibility_temp_fork:generateDebugResources (Thread[#38963,Execution worker Thread 29,5,main]) started.
[        ] :flutter_keyboard_visibility_temp_fork:generateDebugResources (Thread[#38963,Execution worker Thread 29,5,main]) started.
[        ] > Task :flutter_keyboard_visibility_temp_fork:generateDebugResources UP-TO-DATE
[        ] Caching disabled for task ':flutter_keyboard_visibility_temp_fork:generateDebugResources' because:
[        ]   Build cache is disabled
[        ] Skipping task ':flutter_keyboard_visibility_temp_fork:generateDebugResources' as it is up-to-date.
[        ] Resolve mutations for :flutter_keyboard_visibility_temp_fork:packageDebugResources (Thread[#38963,Execution worker Thread 29,5,main]) started.
[        ] :flutter_keyboard_visibility_temp_fork:packageDebugResources (Thread[#38963,Execution worker Thread 29,5,main]) started.
[        ] > Task :flutter_keyboard_visibility_temp_fork:packageDebugResources UP-TO-DATE
[        ] Caching disabled for task ':flutter_keyboard_visibility_temp_fork:packageDebugResources' because:
[        ]   Build cache is disabled
[        ] Skipping task ':flutter_keyboard_visibility_temp_fork:packageDebugResources' as it is up-to-date.
[        ] work action resolve packageDebugResources (project :flutter_keyboard_visibility_temp_fork) (Thread[#38963,Execution worker Thread 29,5,main]) started.
[        ] Resolve mutations for :flutter_native_splash:generateDebugResValues (Thread[#38963,Execution worker Thread 29,5,main]) started.
[        ] :flutter_native_splash:generateDebugResValues (Thread[#38945,Execution worker Thread 11,5,main]) started.
[        ] > Task :flutter_native_splash:generateDebugResValues UP-TO-DATE
[        ] Caching disabled for task ':flutter_native_splash:generateDebugResValues' because:
[        ]   Build cache is disabled
[        ] Skipping task ':flutter_native_splash:generateDebugResValues' as it is up-to-date.
[        ] Resolve mutations for :flutter_native_splash:generateDebugResources (Thread[#38945,Execution worker Thread 11,5,main]) started.
[        ] :flutter_native_splash:generateDebugResources (Thread[#38945,Execution worker Thread 11,5,main]) started.
[        ] > Task :flutter_native_splash:generateDebugResources UP-TO-DATE
[        ] Caching disabled for task ':flutter_native_splash:generateDebugResources' because:
[        ]   Build cache is disabled
[        ] Skipping task ':flutter_native_splash:generateDebugResources' as it is up-to-date.
[        ] Resolve mutations for :flutter_native_splash:packageDebugResources (Thread[#38945,Execution worker Thread 11,5,main]) started.
[        ] :flutter_native_splash:packageDebugResources (Thread[#38946,Execution worker Thread 12,5,main]) started.
[        ] > Task :flutter_native_splash:packageDebugResources UP-TO-DATE
[        ] Caching disabled for task ':flutter_native_splash:packageDebugResources' because:
[        ]   Build cache is disabled
[        ] Skipping task ':flutter_native_splash:packageDebugResources' as it is up-to-date.
[        ] work action resolve packageDebugResources (project :flutter_native_splash) (Thread[#38946,Execution worker Thread 12,5,main]) started.
[        ] Resolve mutations for :flutter_olm:generateDebugResValues (Thread[#38946,Execution worker Thread 12,5,main]) started.
[        ] :flutter_olm:generateDebugResValues (Thread[#38946,Execution worker Thread 12,5,main]) started.
[        ] > Task :flutter_olm:generateDebugResValues UP-TO-DATE
[        ] Caching disabled for task ':flutter_olm:generateDebugResValues' because:
[        ]   Build cache is disabled
[        ] Skipping task ':flutter_olm:generateDebugResValues' as it is up-to-date.
[        ] Resolve mutations for :flutter_olm:generateDebugResources (Thread[#38946,Execution worker Thread 12,5,main]) started.
[        ] :flutter_olm:generateDebugResources (Thread[#38946,Execution worker Thread 12,5,main]) started.
[        ] > Task :flutter_olm:generateDebugResources UP-TO-DATE
[        ] Caching disabled for task ':flutter_olm:generateDebugResources' because:
[        ]   Build cache is disabled
[        ] Skipping task ':flutter_olm:generateDebugResources' as it is up-to-date.
[        ] Resolve mutations for :flutter_olm:packageDebugResources (Thread[#38946,Execution worker Thread 12,5,main]) started.
[        ] :flutter_olm:packageDebugResources (Thread[#38946,Execution worker Thread 12,5,main]) started.
[        ] > Task :flutter_olm:packageDebugResources UP-TO-DATE
[        ] Caching disabled for task ':flutter_olm:packageDebugResources' because:
[        ]   Build cache is disabled
[        ] Skipping task ':flutter_olm:packageDebugResources' as it is up-to-date.
[        ] work action resolve packageDebugResources (project :flutter_olm) (Thread[#38946,Execution worker Thread 12,5,main]) started.
[        ] Resolve mutations for :flutter_openssl_crypto:generateDebugResValues (Thread[#38946,Execution worker Thread 12,5,main]) started.
[        ] :flutter_openssl_crypto:generateDebugResValues (Thread[#38946,Execution worker Thread 12,5,main]) started.
[        ] > Task :flutter_openssl_crypto:generateDebugResValues UP-TO-DATE
[        ] Caching disabled for task ':flutter_openssl_crypto:generateDebugResValues' because:
[        ]   Build cache is disabled
[        ] Skipping task ':flutter_openssl_crypto:generateDebugResValues' as it is up-to-date.
[        ] Resolve mutations for :flutter_openssl_crypto:generateDebugResources (Thread[#38946,Execution worker Thread 12,5,main]) started.
[        ] :flutter_openssl_crypto:generateDebugResources (Thread[#38946,Execution worker Thread 12,5,main]) started.
[        ] > Task :flutter_openssl_crypto:generateDebugResources UP-TO-DATE
[        ] Caching disabled for task ':flutter_openssl_crypto:generateDebugResources' because:
[        ]   Build cache is disabled
[        ] Skipping task ':flutter_openssl_crypto:generateDebugResources' as it is up-to-date.
[        ] Resolve mutations for :flutter_openssl_crypto:packageDebugResources (Thread[#38946,Execution worker Thread 12,5,main]) started.
[        ] :flutter_openssl_crypto:packageDebugResources (Thread[#38946,Execution worker Thread 12,5,main]) started.
[        ] > Task :flutter_openssl_crypto:packageDebugResources UP-TO-DATE
[        ] Caching disabled for task ':flutter_openssl_crypto:packageDebugResources' because:
[        ]   Build cache is disabled
[        ] Skipping task ':flutter_openssl_crypto:packageDebugResources' as it is up-to-date.
[        ] work action resolve packageDebugResources (project :flutter_openssl_crypto) (Thread[#38946,Execution worker Thread 12,5,main]) started.
[        ] Resolve mutations for :integration_test:generateDebugResValues (Thread[#38946,Execution worker Thread 12,5,main]) started.
[        ] :integration_test:generateDebugResValues (Thread[#38946,Execution worker Thread 12,5,main]) started.
[        ] > Task :integration_test:generateDebugResValues UP-TO-DATE
[        ] Caching disabled for task ':integration_test:generateDebugResValues' because:
[        ]   Build cache is disabled
[        ] Skipping task ':integration_test:generateDebugResValues' as it is up-to-date.
[        ] Resolve mutations for :integration_test:generateDebugResources (Thread[#38946,Execution worker Thread 12,5,main]) started.
[        ] :integration_test:generateDebugResources (Thread[#38946,Execution worker Thread 12,5,main]) started.
[        ] > Task :integration_test:generateDebugResources UP-TO-DATE
[        ] Caching disabled for task ':integration_test:generateDebugResources' because:
[        ]   Build cache is disabled
[        ] Skipping task ':integration_test:generateDebugResources' as it is up-to-date.
[        ] Resolve mutations for :integration_test:packageDebugResources (Thread[#38946,Execution worker Thread 12,5,main]) started.
[        ] :integration_test:packageDebugResources (Thread[#38946,Execution worker Thread 12,5,main]) started.
[        ] > Task :integration_test:packageDebugResources UP-TO-DATE
[        ] Caching disabled for task ':integration_test:packageDebugResources' because:
[        ]   Build cache is disabled
[        ] Skipping task ':integration_test:packageDebugResources' as it is up-to-date.
[        ] work action resolve packageDebugResources (project :integration_test) (Thread[#38946,Execution worker Thread 12,5,main]) started.
[        ] Resolve mutations for :path_provider_android:generateDebugResValues (Thread[#38946,Execution worker Thread 12,5,main]) started.
[        ] :path_provider_android:generateDebugResValues (Thread[#38946,Execution worker Thread 12,5,main]) started.
[        ] > Task :path_provider_android:generateDebugResValues UP-TO-DATE
[        ] Caching disabled for task ':path_provider_android:generateDebugResValues' because:
[        ]   Build cache is disabled
[        ] Skipping task ':path_provider_android:generateDebugResValues' as it is up-to-date.
[        ] Resolve mutations for :path_provider_android:generateDebugResources (Thread[#38946,Execution worker Thread 12,5,main]) started.
[        ] :path_provider_android:generateDebugResources (Thread[#38946,Execution worker Thread 12,5,main]) started.
[        ] > Task :path_provider_android:generateDebugResources UP-TO-DATE
[        ] Caching disabled for task ':path_provider_android:generateDebugResources' because:
[        ]   Build cache is disabled
[        ] Skipping task ':path_provider_android:generateDebugResources' as it is up-to-date.
[        ] Resolve mutations for :path_provider_android:packageDebugResources (Thread[#38946,Execution worker Thread 12,5,main]) started.
[        ] :path_provider_android:packageDebugResources (Thread[#38946,Execution worker Thread 12,5,main]) started.
[        ] > Task :path_provider_android:packageDebugResources UP-TO-DATE
[        ] Caching disabled for task ':path_provider_android:packageDebugResources' because:
[        ]   Build cache is disabled
[        ] Skipping task ':path_provider_android:packageDebugResources' as it is up-to-date.
[        ] work action resolve packageDebugResources (project :path_provider_android) (Thread[#38946,Execution worker Thread 12,5,main]) started.
[        ] Resolve mutations for :quill_native_bridge_android:generateDebugResValues (Thread[#38946,Execution worker Thread 12,5,main]) started.
[        ] :quill_native_bridge_android:generateDebugResValues (Thread[#38946,Execution worker Thread 12,5,main]) started.
[        ] > Task :quill_native_bridge_android:generateDebugResValues UP-TO-DATE
[        ] Caching disabled for task ':quill_native_bridge_android:generateDebugResValues' because:
[        ]   Build cache is disabled
[        ] Skipping task ':quill_native_bridge_android:generateDebugResValues' as it is up-to-date.
[        ] Resolve mutations for :quill_native_bridge_android:generateDebugResources (Thread[#38946,Execution worker Thread 12,5,main]) started.
[        ] :quill_native_bridge_android:generateDebugResources (Thread[#38946,Execution worker Thread 12,5,main]) started.
[        ] > Task :quill_native_bridge_android:generateDebugResources UP-TO-DATE
[        ] Caching disabled for task ':quill_native_bridge_android:generateDebugResources' because:
[        ]   Build cache is disabled
[        ] Skipping task ':quill_native_bridge_android:generateDebugResources' as it is up-to-date.
[        ] Resolve mutations for :quill_native_bridge_android:packageDebugResources (Thread[#38946,Execution worker Thread 12,5,main]) started.
[        ] :quill_native_bridge_android:packageDebugResources (Thread[#38946,Execution worker Thread 12,5,main]) started.
[        ] > Task :quill_native_bridge_android:packageDebugResources UP-TO-DATE
[        ] Caching disabled for task ':quill_native_bridge_android:packageDebugResources' because:
[        ]   Build cache is disabled
[        ] Skipping task ':quill_native_bridge_android:packageDebugResources' as it is up-to-date.
[        ] work action resolve packageDebugResources (project :quill_native_bridge_android) (Thread[#38946,Execution worker Thread 12,5,main]) started.
[        ] Resolve mutations for :shared_preferences_android:generateDebugResValues (Thread[#38946,Execution worker Thread 12,5,main]) started.
[        ] :shared_preferences_android:generateDebugResValues (Thread[#38946,Execution worker Thread 12,5,main]) started.
[        ] > Task :shared_preferences_android:generateDebugResValues UP-TO-DATE
[        ] Caching disabled for task ':shared_preferences_android:generateDebugResValues' because:
[        ]   Build cache is disabled
[        ] Skipping task ':shared_preferences_android:generateDebugResValues' as it is up-to-date.
[        ] Resolve mutations for :shared_preferences_android:generateDebugResources (Thread[#38946,Execution worker Thread 12,5,main]) started.
[        ] :shared_preferences_android:generateDebugResources (Thread[#38946,Execution worker Thread 12,5,main]) started.
[        ] > Task :shared_preferences_android:generateDebugResources UP-TO-DATE
[        ] Caching disabled for task ':shared_preferences_android:generateDebugResources' because:
[        ]   Build cache is disabled
[        ] Skipping task ':shared_preferences_android:generateDebugResources' as it is up-to-date.
[        ] Resolve mutations for :shared_preferences_android:packageDebugResources (Thread[#38946,Execution worker Thread 12,5,main]) started.
[        ] :shared_preferences_android:packageDebugResources (Thread[#38946,Execution worker Thread 12,5,main]) started.
[        ] > Task :shared_preferences_android:packageDebugResources UP-TO-DATE
[        ] Caching disabled for task ':shared_preferences_android:packageDebugResources' because:
[        ]   Build cache is disabled
[        ] Skipping task ':shared_preferences_android:packageDebugResources' as it is up-to-date.
[        ] work action resolve packageDebugResources (project :shared_preferences_android) (Thread[#38946,Execution worker Thread 12,5,main]) started.
[        ] Resolve mutations for :sqflite_android:generateDebugResValues (Thread[#38946,Execution worker Thread 12,5,main]) started.
[        ] :sqflite_android:generateDebugResValues (Thread[#38946,Execution worker Thread 12,5,main]) started.
[        ] > Task :sqflite_android:generateDebugResValues UP-TO-DATE
[        ] Caching disabled for task ':sqflite_android:generateDebugResValues' because:
[        ]   Build cache is disabled
[        ] Skipping task ':sqflite_android:generateDebugResValues' as it is up-to-date.
[        ] Resolve mutations for :sqflite_android:generateDebugResources (Thread[#38946,Execution worker Thread 12,5,main]) started.
[        ] :sqflite_android:generateDebugResources (Thread[#38946,Execution worker Thread 12,5,main]) started.
[        ] > Task :sqflite_android:generateDebugResources UP-TO-DATE
[        ] Caching disabled for task ':sqflite_android:generateDebugResources' because:
[        ]   Build cache is disabled
[        ] Skipping task ':sqflite_android:generateDebugResources' as it is up-to-date.
[        ] Resolve mutations for :sqflite_android:packageDebugResources (Thread[#38946,Execution worker Thread 12,5,main]) started.
[        ] :sqflite_android:packageDebugResources (Thread[#38946,Execution worker Thread 12,5,main]) started.
[        ] > Task :sqflite_android:packageDebugResources UP-TO-DATE
[        ] Caching disabled for task ':sqflite_android:packageDebugResources' because:
[        ]   Build cache is disabled
[        ] Skipping task ':sqflite_android:packageDebugResources' as it is up-to-date.
[        ] work action resolve packageDebugResources (project :sqflite_android) (Thread[#38946,Execution worker Thread 12,5,main]) started.
[        ] Resolve mutations for :url_launcher_android:generateDebugResValues (Thread[#38946,Execution worker Thread 12,5,main]) started.
[        ] :url_launcher_android:generateDebugResValues (Thread[#38946,Execution worker Thread 12,5,main]) started.
[        ] > Task :url_launcher_android:generateDebugResValues UP-TO-DATE
[        ] Caching disabled for task ':url_launcher_android:generateDebugResValues' because:
[        ]   Build cache is disabled
[        ] Skipping task ':url_launcher_android:generateDebugResValues' as it is up-to-date.
[        ] Resolve mutations for :url_launcher_android:generateDebugResources (Thread[#38946,Execution worker Thread 12,5,main]) started.
[        ] :url_launcher_android:generateDebugResources (Thread[#38946,Execution worker Thread 12,5,main]) started.
[        ] > Task :url_launcher_android:generateDebugResources UP-TO-DATE
[        ] Caching disabled for task ':url_launcher_android:generateDebugResources' because:
[        ]   Build cache is disabled
[        ] Skipping task ':url_launcher_android:generateDebugResources' as it is up-to-date.
[        ] Resolve mutations for :url_launcher_android:packageDebugResources (Thread[#38946,Execution worker Thread 12,5,main]) started.
[        ] :url_launcher_android:packageDebugResources (Thread[#38946,Execution worker Thread 12,5,main]) started.
[        ] > Task :url_launcher_android:packageDebugResources UP-TO-DATE
[        ] Caching disabled for task ':url_launcher_android:packageDebugResources' because:
[        ]   Build cache is disabled
[        ] Skipping task ':url_launcher_android:packageDebugResources' as it is up-to-date.
[        ] work action resolve packageDebugResources (project :url_launcher_android) (Thread[#38946,Execution worker Thread 12,5,main]) started.
[        ] Resolve mutations for :video_player_android:generateDebugResValues (Thread[#38946,Execution worker Thread 12,5,main]) started.
[        ] :video_player_android:generateDebugResValues (Thread[#38946,Execution worker Thread 12,5,main]) started.
[        ] > Task :video_player_android:generateDebugResValues UP-TO-DATE
[        ] Caching disabled for task ':video_player_android:generateDebugResValues' because:
[        ]   Build cache is disabled
[        ] Skipping task ':video_player_android:generateDebugResValues' as it is up-to-date.
[        ] Resolve mutations for :video_player_android:generateDebugResources (Thread[#38946,Execution worker Thread 12,5,main]) started.
[        ] :video_player_android:generateDebugResources (Thread[#38946,Execution worker Thread 12,5,main]) started.
[        ] > Task :video_player_android:generateDebugResources UP-TO-DATE
[        ] Caching disabled for task ':video_player_android:generateDebugResources' because:
[        ]   Build cache is disabled
[        ] Skipping task ':video_player_android:generateDebugResources' as it is up-to-date.
[        ] Resolve mutations for :video_player_android:packageDebugResources (Thread[#38946,Execution worker Thread 12,5,main]) started.
[        ] :video_player_android:packageDebugResources (Thread[#38946,Execution worker Thread 12,5,main]) started.
[        ] > Task :video_player_android:packageDebugResources UP-TO-DATE
[        ] Caching disabled for task ':video_player_android:packageDebugResources' because:
[        ]   Build cache is disabled
[        ] Skipping task ':video_player_android:packageDebugResources' as it is up-to-date.
[        ] work action resolve packageDebugResources (project :video_player_android) (Thread[#38946,Execution worker Thread 12,5,main]) started.
[        ] Resolve mutations for :app:mapDebugSourceSetPaths (Thread[#38946,Execution worker Thread 12,5,main]) started.
[        ] :app:mapDebugSourceSetPaths (Thread[#38946,Execution worker Thread 12,5,main]) started.
[        ] > Task :app:mapDebugSourceSetPaths UP-TO-DATE
[        ] Caching disabled for task ':app:mapDebugSourceSetPaths' because:
[        ]   Build cache is disabled
[        ]   Caching has been disabled for the task
[        ] Skipping task ':app:mapDebugSourceSetPaths' as it is up-to-date.
[        ] Resolve mutations for :app:generateDebugResources (Thread[#38946,Execution worker Thread 12,5,main]) started.
[        ] :app:generateDebugResources (Thread[#38946,Execution worker Thread 12,5,main]) started.
[        ] > Task :app:generateDebugResources UP-TO-DATE
[        ] Caching disabled for task ':app:generateDebugResources' because:
[        ]   Build cache is disabled
[        ] Skipping task ':app:generateDebugResources' as it is up-to-date.
[        ] Resolve mutations for :app:mergeDebugResources (Thread[#38946,Execution worker Thread 12,5,main]) started.
[        ] :app:mergeDebugResources (Thread[#38946,Execution worker Thread 12,5,main]) started.
[        ] > Task :app:mergeDebugResources UP-TO-DATE
[        ] Caching disabled for task ':app:mergeDebugResources' because:
[        ]   Build cache is disabled
[        ] Skipping task ':app:mergeDebugResources' as it is up-to-date.
[        ] Resolve mutations for :app:packageDebugResources (Thread[#38946,Execution worker Thread 12,5,main]) started.
[        ] :app:packageDebugResources (Thread[#38946,Execution worker Thread 12,5,main]) started.
[        ] > Task :app:packageDebugResources UP-TO-DATE
[        ] Caching disabled for task ':app:packageDebugResources' because:
[        ]   Build cache is disabled
[        ] Skipping task ':app:packageDebugResources' as it is up-to-date.
[        ] Resolve mutations for :app:parseDebugLocalResources (Thread[#38946,Execution worker Thread 12,5,main]) started.
[        ] :app:parseDebugLocalResources (Thread[#38946,Execution worker Thread 12,5,main]) started.
[        ] > Task :app:parseDebugLocalResources UP-TO-DATE
[        ] Caching disabled for task ':app:parseDebugLocalResources' because:
[        ]   Build cache is disabled
[        ] Skipping task ':app:parseDebugLocalResources' as it is up-to-date.
[        ] Resolve mutations for :app:createDebugCompatibleScreenManifests (Thread[#38946,Execution worker Thread 12,5,main]) started.
[        ] :app:createDebugCompatibleScreenManifests (Thread[#38946,Execution worker Thread 12,5,main]) started.
[        ] > Task :app:createDebugCompatibleScreenManifests UP-TO-DATE
[        ] Caching disabled for task ':app:createDebugCompatibleScreenManifests' because:
[        ]   Build cache is disabled
[        ]   Caching has been disabled for the task
[        ] Skipping task ':app:createDebugCompatibleScreenManifests' as it is up-to-date.
[        ] Resolve mutations for :app:extractDeepLinksDebug (Thread[#38946,Execution worker Thread 12,5,main]) started.
[        ] :app:extractDeepLinksDebug (Thread[#38946,Execution worker Thread 12,5,main]) started.
[        ] > Task :app:extractDeepLinksDebug UP-TO-DATE
[        ] Caching disabled for task ':app:extractDeepLinksDebug' because:
[        ]   Build cache is disabled
[        ] Skipping task ':app:extractDeepLinksDebug' as it is up-to-date.
[        ] Resolve mutations for :connectivity_plus:extractDeepLinksDebug (Thread[#38946,Execution worker Thread 12,5,main]) started.
[        ] :connectivity_plus:extractDeepLinksDebug (Thread[#38946,Execution worker Thread 12,5,main]) started.
[        ] > Task :connectivity_plus:extractDeepLinksDebug UP-TO-DATE
[        ] Caching disabled for task ':connectivity_plus:extractDeepLinksDebug' because:
[        ]   Build cache is disabled
[        ] Skipping task ':connectivity_plus:extractDeepLinksDebug' as it is up-to-date.
[        ] work action resolve navigation.json (project :connectivity_plus) (Thread[#38946,Execution worker Thread 12,5,main]) started.
[        ] Resolve mutations for :connectivity_plus:processDebugManifest (Thread[#38946,Execution worker Thread 12,5,main]) started.
[        ] :connectivity_plus:processDebugManifest (Thread[#38946,Execution worker Thread 12,5,main]) started.
[        ] > Task :connectivity_plus:processDebugManifest UP-TO-DATE
[        ] Caching disabled for task ':connectivity_plus:processDebugManifest' because:
[        ]   Build cache is disabled
[        ] Skipping task ':connectivity_plus:processDebugManifest' as it is up-to-date.
[        ] work action resolve AndroidManifest.xml (project :connectivity_plus) (Thread[#38946,Execution worker Thread 12,5,main]) started.
[        ] Resolve mutations for :emoji_picker_flutter:extractDeepLinksDebug (Thread[#38946,Execution worker Thread 12,5,main]) started.
[        ] :emoji_picker_flutter:extractDeepLinksDebug (Thread[#38946,Execution worker Thread 12,5,main]) started.
[        ] > Task :emoji_picker_flutter:extractDeepLinksDebug UP-TO-DATE
[        ] Caching disabled for task ':emoji_picker_flutter:extractDeepLinksDebug' because:
[        ]   Build cache is disabled
[        ] Skipping task ':emoji_picker_flutter:extractDeepLinksDebug' as it is up-to-date.
[        ] work action resolve navigation.json (project :emoji_picker_flutter) (Thread[#38946,Execution worker Thread 12,5,main]) started.
[        ] Resolve mutations for :emoji_picker_flutter:processDebugManifest (Thread[#38946,Execution worker Thread 12,5,main]) started.
[        ] :emoji_picker_flutter:processDebugManifest (Thread[#38946,Execution worker Thread 12,5,main]) started.
[        ] > Task :emoji_picker_flutter:processDebugManifest UP-TO-DATE
[        ] Caching disabled for task ':emoji_picker_flutter:processDebugManifest' because:
[        ]   Build cache is disabled
[        ] Skipping task ':emoji_picker_flutter:processDebugManifest' as it is up-to-date.
[        ] work action resolve AndroidManifest.xml (project :emoji_picker_flutter) (Thread[#38946,Execution worker Thread 12,5,main]) started.
[        ] Resolve mutations for :file_selector_android:extractDeepLinksDebug (Thread[#38946,Execution worker Thread 12,5,main]) started.
[        ] :file_selector_android:extractDeepLinksDebug (Thread[#38946,Execution worker Thread 12,5,main]) started.
[        ] > Task :file_selector_android:extractDeepLinksDebug UP-TO-DATE
[        ] Caching disabled for task ':file_selector_android:extractDeepLinksDebug' because:
[        ]   Build cache is disabled
[        ] Skipping task ':file_selector_android:extractDeepLinksDebug' as it is up-to-date.
[        ] work action resolve navigation.json (project :file_selector_android) (Thread[#38946,Execution worker Thread 12,5,main]) started.
[        ] Resolve mutations for :file_selector_android:processDebugManifest (Thread[#38946,Execution worker Thread 12,5,main]) started.
[        ] :file_selector_android:processDebugManifest (Thread[#38946,Execution worker Thread 12,5,main]) started.
[        ] > Task :file_selector_android:processDebugManifest UP-TO-DATE
[        ] Caching disabled for task ':file_selector_android:processDebugManifest' because:
[        ]   Build cache is disabled
[        ] Skipping task ':file_selector_android:processDebugManifest' as it is up-to-date.
[        ] work action resolve AndroidManifest.xml (project :file_selector_android) (Thread[#38946,Execution worker Thread 12,5,main]) started.
[        ] Resolve mutations for :flutter_keyboard_visibility_temp_fork:extractDeepLinksDebug (Thread[#38946,Execution worker Thread 12,5,main]) started.
[        ] :flutter_keyboard_visibility_temp_fork:extractDeepLinksDebug (Thread[#38946,Execution worker Thread 12,5,main]) started.
[        ] > Task :flutter_keyboard_visibility_temp_fork:extractDeepLinksDebug UP-TO-DATE
[        ] Caching disabled for task ':flutter_keyboard_visibility_temp_fork:extractDeepLinksDebug' because:
[        ]   Build cache is disabled
[        ] Skipping task ':flutter_keyboard_visibility_temp_fork:extractDeepLinksDebug' as it is up-to-date.
[        ] work action resolve navigation.json (project :flutter_keyboard_visibility_temp_fork) (Thread[#38946,Execution worker Thread 12,5,main]) started.
[        ] Resolve mutations for :flutter_keyboard_visibility_temp_fork:processDebugManifest (Thread[#38946,Execution worker Thread 12,5,main]) started.
[        ] :flutter_keyboard_visibility_temp_fork:processDebugManifest (Thread[#38946,Execution worker Thread 12,5,main]) started.
[        ] > Task :flutter_keyboard_visibility_temp_fork:processDebugManifest UP-TO-DATE
[        ] Caching disabled for task ':flutter_keyboard_visibility_temp_fork:processDebugManifest' because:
[        ]   Build cache is disabled
[        ] Skipping task ':flutter_keyboard_visibility_temp_fork:processDebugManifest' as it is up-to-date.
[        ] work action resolve AndroidManifest.xml (project :flutter_keyboard_visibility_temp_fork) (Thread[#38946,Execution worker Thread 12,5,main]) started.
[        ] Resolve mutations for :flutter_native_splash:extractDeepLinksDebug (Thread[#38946,Execution worker Thread 12,5,main]) started.
[        ] :flutter_native_splash:extractDeepLinksDebug (Thread[#38946,Execution worker Thread 12,5,main]) started.
[        ] > Task :flutter_native_splash:extractDeepLinksDebug UP-TO-DATE
[        ] Caching disabled for task ':flutter_native_splash:extractDeepLinksDebug' because:
[        ]   Build cache is disabled
[        ] Skipping task ':flutter_native_splash:extractDeepLinksDebug' as it is up-to-date.
[        ] work action resolve navigation.json (project :flutter_native_splash) (Thread[#38946,Execution worker Thread 12,5,main]) started.
[        ] Resolve mutations for :flutter_native_splash:processDebugManifest (Thread[#38946,Execution worker Thread 12,5,main]) started.
[        ] :flutter_native_splash:processDebugManifest (Thread[#38946,Execution worker Thread 12,5,main]) started.
[        ] > Task :flutter_native_splash:processDebugManifest UP-TO-DATE
[        ] Caching disabled for task ':flutter_native_splash:processDebugManifest' because:
[        ]   Build cache is disabled
[        ] Skipping task ':flutter_native_splash:processDebugManifest' as it is up-to-date.
[        ] work action resolve AndroidManifest.xml (project :flutter_native_splash) (Thread[#38946,Execution worker Thread 12,5,main]) started.
[        ] Resolve mutations for :flutter_olm:extractDeepLinksDebug (Thread[#38946,Execution worker Thread 12,5,main]) started.
[        ] :flutter_olm:extractDeepLinksDebug (Thread[#38946,Execution worker Thread 12,5,main]) started.
[        ] > Task :flutter_olm:extractDeepLinksDebug UP-TO-DATE
[        ] Caching disabled for task ':flutter_olm:extractDeepLinksDebug' because:
[        ]   Build cache is disabled
[        ] Skipping task ':flutter_olm:extractDeepLinksDebug' as it is up-to-date.
[        ] work action resolve navigation.json (project :flutter_olm) (Thread[#38946,Execution worker Thread 12,5,main]) started.
[        ] Resolve mutations for :flutter_olm:processDebugManifest (Thread[#38946,Execution worker Thread 12,5,main]) started.
[        ] :flutter_olm:processDebugManifest (Thread[#38946,Execution worker Thread 12,5,main]) started.
[        ] > Task :flutter_olm:processDebugManifest UP-TO-DATE
[        ] Caching disabled for task ':flutter_olm:processDebugManifest' because:
[        ]   Build cache is disabled
[        ] Skipping task ':flutter_olm:processDebugManifest' as it is up-to-date.
[        ] work action resolve AndroidManifest.xml (project :flutter_olm) (Thread[#38946,Execution worker Thread 12,5,main]) started.
[        ] Resolve mutations for :flutter_openssl_crypto:extractDeepLinksDebug (Thread[#38946,Execution worker Thread 12,5,main]) started.
[        ] :flutter_openssl_crypto:extractDeepLinksDebug (Thread[#38946,Execution worker Thread 12,5,main]) started.
[        ] > Task :flutter_openssl_crypto:extractDeepLinksDebug UP-TO-DATE
[        ] Caching disabled for task ':flutter_openssl_crypto:extractDeepLinksDebug' because:
[        ]   Build cache is disabled
[        ] Skipping task ':flutter_openssl_crypto:extractDeepLinksDebug' as it is up-to-date.
[        ] work action resolve navigation.json (project :flutter_openssl_crypto) (Thread[#38946,Execution worker Thread 12,5,main]) started.
[        ] Resolve mutations for :flutter_openssl_crypto:processDebugManifest (Thread[#38955,Execution worker Thread 21,5,main]) started.
[        ] :flutter_openssl_crypto:processDebugManifest (Thread[#38955,Execution worker Thread 21,5,main]) started.
[        ] > Task :flutter_openssl_crypto:processDebugManifest UP-TO-DATE
[        ] Caching disabled for task ':flutter_openssl_crypto:processDebugManifest' because:
[        ]   Build cache is disabled
[        ] Skipping task ':flutter_openssl_crypto:processDebugManifest' as it is up-to-date.
[        ] work action resolve AndroidManifest.xml (project :flutter_openssl_crypto) (Thread[#38955,Execution worker Thread 21,5,main]) started.
[        ] Resolve mutations for :integration_test:extractDeepLinksDebug (Thread[#38955,Execution worker Thread 21,5,main]) started.
[        ] :integration_test:extractDeepLinksDebug (Thread[#38955,Execution worker Thread 21,5,main]) started.
[        ] > Task :integration_test:extractDeepLinksDebug UP-TO-DATE
[        ] Caching disabled for task ':integration_test:extractDeepLinksDebug' because:
[        ]   Build cache is disabled
[        ] Skipping task ':integration_test:extractDeepLinksDebug' as it is up-to-date.
[        ] work action resolve navigation.json (project :integration_test) (Thread[#38955,Execution worker Thread 21,5,main]) started.
[        ] Resolve mutations for :integration_test:processDebugManifest (Thread[#38955,Execution worker Thread 21,5,main]) started.
[        ] :integration_test:processDebugManifest (Thread[#38955,Execution worker Thread 21,5,main]) started.
[        ] > Task :integration_test:processDebugManifest UP-TO-DATE
[        ] Caching disabled for task ':integration_test:processDebugManifest' because:
[        ]   Build cache is disabled
[        ] Skipping task ':integration_test:processDebugManifest' as it is up-to-date.
[        ] work action resolve AndroidManifest.xml (project :integration_test) (Thread[#38955,Execution worker Thread 21,5,main]) started.
[        ] Resolve mutations for :path_provider_android:extractDeepLinksDebug (Thread[#38955,Execution worker Thread 21,5,main]) started.
[        ] :path_provider_android:extractDeepLinksDebug (Thread[#38955,Execution worker Thread 21,5,main]) started.
[        ] > Task :path_provider_android:extractDeepLinksDebug UP-TO-DATE
[        ] Caching disabled for task ':path_provider_android:extractDeepLinksDebug' because:
[        ]   Build cache is disabled
[        ] Skipping task ':path_provider_android:extractDeepLinksDebug' as it is up-to-date.
[        ] work action resolve navigation.json (project :path_provider_android) (Thread[#38955,Execution worker Thread 21,5,main]) started.
[        ] Resolve mutations for :path_provider_android:processDebugManifest (Thread[#38955,Execution worker Thread 21,5,main]) started.
[        ] :path_provider_android:processDebugManifest (Thread[#38955,Execution worker Thread 21,5,main]) started.
[        ] > Task :path_provider_android:processDebugManifest UP-TO-DATE
[        ] Caching disabled for task ':path_provider_android:processDebugManifest' because:
[        ]   Build cache is disabled
[        ] Skipping task ':path_provider_android:processDebugManifest' as it is up-to-date.
[        ] work action resolve AndroidManifest.xml (project :path_provider_android) (Thread[#38955,Execution worker Thread 21,5,main]) started.
[        ] Resolve mutations for :quill_native_bridge_android:extractDeepLinksDebug (Thread[#38955,Execution worker Thread 21,5,main]) started.
[        ] :quill_native_bridge_android:extractDeepLinksDebug (Thread[#38955,Execution worker Thread 21,5,main]) started.
[        ] > Task :quill_native_bridge_android:extractDeepLinksDebug UP-TO-DATE
[        ] Caching disabled for task ':quill_native_bridge_android:extractDeepLinksDebug' because:
[        ]   Build cache is disabled
[        ] Skipping task ':quill_native_bridge_android:extractDeepLinksDebug' as it is up-to-date.
[        ] work action resolve navigation.json (project :quill_native_bridge_android) (Thread[#38955,Execution worker Thread 21,5,main]) started.
[        ] Resolve mutations for :quill_native_bridge_android:processDebugManifest (Thread[#38955,Execution worker Thread 21,5,main]) started.
[        ] :quill_native_bridge_android:processDebugManifest (Thread[#38955,Execution worker Thread 21,5,main]) started.
[        ] > Task :quill_native_bridge_android:processDebugManifest UP-TO-DATE
[        ] Caching disabled for task ':quill_native_bridge_android:processDebugManifest' because:
[        ]   Build cache is disabled
[        ] Skipping task ':quill_native_bridge_android:processDebugManifest' as it is up-to-date.
[        ] work action resolve AndroidManifest.xml (project :quill_native_bridge_android) (Thread[#38955,Execution worker Thread 21,5,main]) started.
[        ] Resolve mutations for :shared_preferences_android:extractDeepLinksDebug (Thread[#38955,Execution worker Thread 21,5,main]) started.
[        ] :shared_preferences_android:extractDeepLinksDebug (Thread[#38955,Execution worker Thread 21,5,main]) started.
[        ] > Task :shared_preferences_android:extractDeepLinksDebug UP-TO-DATE
[        ] Caching disabled for task ':shared_preferences_android:extractDeepLinksDebug' because:
[        ]   Build cache is disabled
[        ] Skipping task ':shared_preferences_android:extractDeepLinksDebug' as it is up-to-date.
[        ] work action resolve navigation.json (project :shared_preferences_android) (Thread[#38955,Execution worker Thread 21,5,main]) started.
[        ] Resolve mutations for :shared_preferences_android:processDebugManifest (Thread[#38955,Execution worker Thread 21,5,main]) started.
[        ] :shared_preferences_android:processDebugManifest (Thread[#38955,Execution worker Thread 21,5,main]) started.
[        ] > Task :shared_preferences_android:processDebugManifest UP-TO-DATE
[        ] Caching disabled for task ':shared_preferences_android:processDebugManifest' because:
[        ]   Build cache is disabled
[        ] Skipping task ':shared_preferences_android:processDebugManifest' as it is up-to-date.
[        ] work action resolve AndroidManifest.xml (project :shared_preferences_android) (Thread[#38955,Execution worker Thread 21,5,main]) started.
[        ] Resolve mutations for :sqflite_android:extractDeepLinksDebug (Thread[#38955,Execution worker Thread 21,5,main]) started.
[        ] :sqflite_android:extractDeepLinksDebug (Thread[#38955,Execution worker Thread 21,5,main]) started.
[        ] > Task :sqflite_android:extractDeepLinksDebug UP-TO-DATE
[        ] Caching disabled for task ':sqflite_android:extractDeepLinksDebug' because:
[        ]   Build cache is disabled
[        ] Skipping task ':sqflite_android:extractDeepLinksDebug' as it is up-to-date.
[        ] work action resolve navigation.json (project :sqflite_android) (Thread[#38955,Execution worker Thread 21,5,main]) started.
[        ] Resolve mutations for :sqflite_android:processDebugManifest (Thread[#38955,Execution worker Thread 21,5,main]) started.
[        ] :sqflite_android:processDebugManifest (Thread[#38955,Execution worker Thread 21,5,main]) started.
[        ] > Task :sqflite_android:processDebugManifest UP-TO-DATE
[        ] Caching disabled for task ':sqflite_android:processDebugManifest' because:
[        ]   Build cache is disabled
[        ] Skipping task ':sqflite_android:processDebugManifest' as it is up-to-date.
[        ] work action resolve AndroidManifest.xml (project :sqflite_android) (Thread[#38955,Execution worker Thread 21,5,main]) started.
[        ] Resolve mutations for :url_launcher_android:extractDeepLinksDebug (Thread[#38955,Execution worker Thread 21,5,main]) started.
[        ] :url_launcher_android:extractDeepLinksDebug (Thread[#38955,Execution worker Thread 21,5,main]) started.
[        ] > Task :url_launcher_android:extractDeepLinksDebug UP-TO-DATE
[        ] Caching disabled for task ':url_launcher_android:extractDeepLinksDebug' because:
[        ]   Build cache is disabled
[        ] Skipping task ':url_launcher_android:extractDeepLinksDebug' as it is up-to-date.
[        ] work action resolve navigation.json (project :url_launcher_android) (Thread[#38955,Execution worker Thread 21,5,main]) started.
[        ] Resolve mutations for :url_launcher_android:processDebugManifest (Thread[#38955,Execution worker Thread 21,5,main]) started.
[        ] :url_launcher_android:processDebugManifest (Thread[#38955,Execution worker Thread 21,5,main]) started.
[        ] > Task :url_launcher_android:processDebugManifest UP-TO-DATE
[        ] Caching disabled for task ':url_launcher_android:processDebugManifest' because:
[        ]   Build cache is disabled
[        ] Skipping task ':url_launcher_android:processDebugManifest' as it is up-to-date.
[        ] work action resolve AndroidManifest.xml (project :url_launcher_android) (Thread[#38955,Execution worker Thread 21,5,main]) started.
[        ] Resolve mutations for :video_player_android:extractDeepLinksDebug (Thread[#38955,Execution worker Thread 21,5,main]) started.
[        ] :video_player_android:extractDeepLinksDebug (Thread[#38955,Execution worker Thread 21,5,main]) started.
[        ] > Task :video_player_android:extractDeepLinksDebug UP-TO-DATE
[        ] Caching disabled for task ':video_player_android:extractDeepLinksDebug' because:
[        ]   Build cache is disabled
[        ] Skipping task ':video_player_android:extractDeepLinksDebug' as it is up-to-date.
[        ] work action resolve navigation.json (project :video_player_android) (Thread[#38955,Execution worker Thread 21,5,main]) started.
[        ] Resolve mutations for :video_player_android:processDebugManifest (Thread[#38955,Execution worker Thread 21,5,main]) started.
[        ] :video_player_android:processDebugManifest (Thread[#38955,Execution worker Thread 21,5,main]) started.
[        ] > Task :video_player_android:processDebugManifest UP-TO-DATE
[        ] Caching disabled for task ':video_player_android:processDebugManifest' because:
[        ]   Build cache is disabled
[        ] Skipping task ':video_player_android:processDebugManifest' as it is up-to-date.
[        ] work action resolve AndroidManifest.xml (project :video_player_android) (Thread[#38955,Execution worker Thread 21,5,main]) started.
[        ] Resolve mutations for :app:processDebugMainManifest (Thread[#38955,Execution worker Thread 21,5,main]) started.
[        ] :app:processDebugMainManifest (Thread[#38955,Execution worker Thread 21,5,main]) started.
[        ] > Task :app:processDebugMainManifest UP-TO-DATE
[        ] Caching disabled for task ':app:processDebugMainManifest' because:
[        ]   Build cache is disabled
[        ] Skipping task ':app:processDebugMainManifest' as it is up-to-date.
[        ] Resolve mutations for :app:outputDebugAppLinkSettings (Thread[#38955,Execution worker Thread 21,5,main]) started.
[        ] :app:outputDebugAppLinkSettings (Thread[#38955,Execution worker Thread 21,5,main]) started.
[        ] > Task :app:outputDebugAppLinkSettings UP-TO-DATE
[        ] Caching disabled for task ':app:outputDebugAppLinkSettings' because:
[        ]   Build cache is disabled
[        ]   Caching has not been enabled for the task
[        ] Skipping task ':app:outputDebugAppLinkSettings' as it is up-to-date.
[        ] Resolve mutations for :app:processDebugManifest (Thread[#38955,Execution worker Thread 21,5,main]) started.
[        ] :app:processDebugManifest (Thread[#38955,Execution worker Thread 21,5,main]) started.
[        ] > Task :app:processDebugManifest UP-TO-DATE
[        ] Caching disabled for task ':app:processDebugManifest' because:
[        ]   Build cache is disabled
[        ] Skipping task ':app:processDebugManifest' as it is up-to-date.
[        ] Resolve mutations for :app:processDebugManifestForPackage (Thread[#38955,Execution worker Thread 21,5,main]) started.
[        ] :app:processDebugManifestForPackage (Thread[#38955,Execution worker Thread 21,5,main]) started.
[        ] > Task :app:processDebugManifestForPackage UP-TO-DATE
[        ] Custom actions are attached to task ':app:processDebugManifestForPackage'.
[        ] Caching disabled for task ':app:processDebugManifestForPackage' because:
[        ]   Build cache is disabled
[        ] Skipping task ':app:processDebugManifestForPackage' as it is up-to-date.
[        ] Resolve mutations for :connectivity_plus:compileDebugLibraryResources (Thread[#38955,Execution worker Thread 21,5,main]) started.
[        ] :connectivity_plus:compileDebugLibraryResources (Thread[#38955,Execution worker Thread 21,5,main]) started.
[        ] > Task :connectivity_plus:compileDebugLibraryResources UP-TO-DATE
[        ] Caching disabled for task ':connectivity_plus:compileDebugLibraryResources' because:
[        ]   Build cache is disabled
[        ] Skipping task ':connectivity_plus:compileDebugLibraryResources' as it is up-to-date.
[        ] work action resolve out (project :connectivity_plus) (Thread[#38955,Execution worker Thread 21,5,main]) started.
[        ] Resolve mutations for :connectivity_plus:parseDebugLocalResources (Thread[#38955,Execution worker Thread 21,5,main]) started.
[        ] :connectivity_plus:parseDebugLocalResources (Thread[#38955,Execution worker Thread 21,5,main]) started.
[        ] > Task :connectivity_plus:parseDebugLocalResources UP-TO-DATE
[        ] Caching disabled for task ':connectivity_plus:parseDebugLocalResources' because:
[        ]   Build cache is disabled
[        ] Skipping task ':connectivity_plus:parseDebugLocalResources' as it is up-to-date.
[        ] Resolve mutations for :connectivity_plus:generateDebugRFile (Thread[#38955,Execution worker Thread 21,5,main]) started.
[        ] :connectivity_plus:generateDebugRFile (Thread[#38955,Execution worker Thread 21,5,main]) started.
[        ] > Task :connectivity_plus:generateDebugRFile UP-TO-DATE
[        ] Caching disabled for task ':connectivity_plus:generateDebugRFile' because:
[        ]   Build cache is disabled
[        ] Skipping task ':connectivity_plus:generateDebugRFile' as it is up-to-date.
[        ] work action resolve package-aware-r.txt (project :connectivity_plus) (Thread[#38955,Execution worker Thread 21,5,main]) started.
[        ] Resolve mutations for :emoji_picker_flutter:compileDebugLibraryResources (Thread[#38955,Execution worker Thread 21,5,main]) started.
[        ] :emoji_picker_flutter:compileDebugLibraryResources (Thread[#38955,Execution worker Thread 21,5,main]) started.
[        ] > Task :emoji_picker_flutter:compileDebugLibraryResources UP-TO-DATE
[        ] Caching disabled for task ':emoji_picker_flutter:compileDebugLibraryResources' because:
[        ]   Build cache is disabled
[        ] Skipping task ':emoji_picker_flutter:compileDebugLibraryResources' as it is up-to-date.
[        ] work action resolve out (project :emoji_picker_flutter) (Thread[#38955,Execution worker Thread 21,5,main]) started.
[        ] Resolve mutations for :emoji_picker_flutter:parseDebugLocalResources (Thread[#38955,Execution worker Thread 21,5,main]) started.
[        ] :emoji_picker_flutter:parseDebugLocalResources (Thread[#38955,Execution worker Thread 21,5,main]) started.
[        ] > Task :emoji_picker_flutter:parseDebugLocalResources UP-TO-DATE
[        ] Caching disabled for task ':emoji_picker_flutter:parseDebugLocalResources' because:
[        ]   Build cache is disabled
[        ] Skipping task ':emoji_picker_flutter:parseDebugLocalResources' as it is up-to-date.
[        ] Resolve mutations for :emoji_picker_flutter:generateDebugRFile (Thread[#38955,Execution worker Thread 21,5,main]) started.
[        ] :emoji_picker_flutter:generateDebugRFile (Thread[#38955,Execution worker Thread 21,5,main]) started.
[        ] > Task :emoji_picker_flutter:generateDebugRFile UP-TO-DATE
[        ] Caching disabled for task ':emoji_picker_flutter:generateDebugRFile' because:
[        ]   Build cache is disabled
[        ] Skipping task ':emoji_picker_flutter:generateDebugRFile' as it is up-to-date.
[        ] work action resolve package-aware-r.txt (project :emoji_picker_flutter) (Thread[#38955,Execution worker Thread 21,5,main]) started.
[        ] Resolve mutations for :file_selector_android:compileDebugLibraryResources (Thread[#38955,Execution worker Thread 21,5,main]) started.
[        ] :file_selector_android:compileDebugLibraryResources (Thread[#38955,Execution worker Thread 21,5,main]) started.
[        ] > Task :file_selector_android:compileDebugLibraryResources UP-TO-DATE
[        ] Caching disabled for task ':file_selector_android:compileDebugLibraryResources' because:
[        ]   Build cache is disabled
[        ] Skipping task ':file_selector_android:compileDebugLibraryResources' as it is up-to-date.
[        ] work action resolve out (project :file_selector_android) (Thread[#38955,Execution worker Thread 21,5,main]) started.
[        ] Resolve mutations for :file_selector_android:parseDebugLocalResources (Thread[#38955,Execution worker Thread 21,5,main]) started.
[        ] :file_selector_android:parseDebugLocalResources (Thread[#38955,Execution worker Thread 21,5,main]) started.
[        ] > Task :file_selector_android:parseDebugLocalResources UP-TO-DATE
[        ] Caching disabled for task ':file_selector_android:parseDebugLocalResources' because:
[        ]   Build cache is disabled
[        ] Skipping task ':file_selector_android:parseDebugLocalResources' as it is up-to-date.
[        ] Resolve mutations for :file_selector_android:generateDebugRFile (Thread[#38955,Execution worker Thread 21,5,main]) started.
[        ] :file_selector_android:generateDebugRFile (Thread[#38955,Execution worker Thread 21,5,main]) started.
[        ] > Task :file_selector_android:generateDebugRFile UP-TO-DATE
[        ] Caching disabled for task ':file_selector_android:generateDebugRFile' because:
[        ]   Build cache is disabled
[        ] Skipping task ':file_selector_android:generateDebugRFile' as it is up-to-date.
[        ] work action resolve package-aware-r.txt (project :file_selector_android) (Thread[#38955,Execution worker Thread 21,5,main]) started.
[        ] Resolve mutations for :flutter_keyboard_visibility_temp_fork:compileDebugLibraryResources (Thread[#38955,Execution worker Thread 21,5,main]) started.
[        ] :flutter_keyboard_visibility_temp_fork:compileDebugLibraryResources (Thread[#38955,Execution worker Thread 21,5,main]) started.
[        ] > Task :flutter_keyboard_visibility_temp_fork:compileDebugLibraryResources UP-TO-DATE
[        ] Caching disabled for task ':flutter_keyboard_visibility_temp_fork:compileDebugLibraryResources' because:
[        ]   Build cache is disabled
[        ] Skipping task ':flutter_keyboard_visibility_temp_fork:compileDebugLibraryResources' as it is up-to-date.
[        ] work action resolve out (project :flutter_keyboard_visibility_temp_fork) (Thread[#38955,Execution worker Thread 21,5,main]) started.
[        ] Resolve mutations for :flutter_keyboard_visibility_temp_fork:parseDebugLocalResources (Thread[#38955,Execution worker Thread 21,5,main]) started.
[        ] :flutter_keyboard_visibility_temp_fork:parseDebugLocalResources (Thread[#38955,Execution worker Thread 21,5,main]) started.
[        ] > Task :flutter_keyboard_visibility_temp_fork:parseDebugLocalResources UP-TO-DATE
[        ] Caching disabled for task ':flutter_keyboard_visibility_temp_fork:parseDebugLocalResources' because:
[        ]   Build cache is disabled
[        ] Skipping task ':flutter_keyboard_visibility_temp_fork:parseDebugLocalResources' as it is up-to-date.
[        ] Resolve mutations for :flutter_keyboard_visibility_temp_fork:generateDebugRFile (Thread[#38955,Execution worker Thread 21,5,main]) started.
[        ] :flutter_keyboard_visibility_temp_fork:generateDebugRFile (Thread[#38955,Execution worker Thread 21,5,main]) started.
[        ] > Task :flutter_keyboard_visibility_temp_fork:generateDebugRFile UP-TO-DATE
[        ] Caching disabled for task ':flutter_keyboard_visibility_temp_fork:generateDebugRFile' because:
[        ]   Build cache is disabled
[        ] Skipping task ':flutter_keyboard_visibility_temp_fork:generateDebugRFile' as it is up-to-date.
[        ] work action resolve package-aware-r.txt (project :flutter_keyboard_visibility_temp_fork) (Thread[#38955,Execution worker Thread 21,5,main]) started.
[        ] Resolve mutations for :flutter_native_splash:compileDebugLibraryResources (Thread[#38955,Execution worker Thread 21,5,main]) started.
[        ] :flutter_native_splash:compileDebugLibraryResources (Thread[#38955,Execution worker Thread 21,5,main]) started.
[        ] > Task :flutter_native_splash:compileDebugLibraryResources UP-TO-DATE
[        ] Caching disabled for task ':flutter_native_splash:compileDebugLibraryResources' because:
[        ]   Build cache is disabled
[        ] Skipping task ':flutter_native_splash:compileDebugLibraryResources' as it is up-to-date.
[        ] work action resolve out (project :flutter_native_splash) (Thread[#38955,Execution worker Thread 21,5,main]) started.
[        ] Resolve mutations for :flutter_native_splash:parseDebugLocalResources (Thread[#38955,Execution worker Thread 21,5,main]) started.
[        ] :flutter_native_splash:parseDebugLocalResources (Thread[#38955,Execution worker Thread 21,5,main]) started.
[        ] > Task :flutter_native_splash:parseDebugLocalResources UP-TO-DATE
[        ] Caching disabled for task ':flutter_native_splash:parseDebugLocalResources' because:
[        ]   Build cache is disabled
[        ] Skipping task ':flutter_native_splash:parseDebugLocalResources' as it is up-to-date.
[        ] Resolve mutations for :flutter_native_splash:generateDebugRFile (Thread[#38955,Execution worker Thread 21,5,main]) started.
[        ] :flutter_native_splash:generateDebugRFile (Thread[#38955,Execution worker Thread 21,5,main]) started.
[        ] > Task :flutter_native_splash:generateDebugRFile UP-TO-DATE
[        ] Caching disabled for task ':flutter_native_splash:generateDebugRFile' because:
[        ]   Build cache is disabled
[        ] Skipping task ':flutter_native_splash:generateDebugRFile' as it is up-to-date.
[        ] work action resolve package-aware-r.txt (project :flutter_native_splash) (Thread[#38955,Execution worker Thread 21,5,main]) started.
[        ] Resolve mutations for :flutter_olm:compileDebugLibraryResources (Thread[#38955,Execution worker Thread 21,5,main]) started.
[        ] :flutter_olm:compileDebugLibraryResources (Thread[#38955,Execution worker Thread 21,5,main]) started.
[        ] > Task :flutter_olm:compileDebugLibraryResources UP-TO-DATE
[        ] Caching disabled for task ':flutter_olm:compileDebugLibraryResources' because:
[        ]   Build cache is disabled
[        ] Skipping task ':flutter_olm:compileDebugLibraryResources' as it is up-to-date.
[        ] work action resolve out (project :flutter_olm) (Thread[#38955,Execution worker Thread 21,5,main]) started.
[        ] Resolve mutations for :flutter_olm:parseDebugLocalResources (Thread[#38955,Execution worker Thread 21,5,main]) started.
[        ] :flutter_olm:parseDebugLocalResources (Thread[#38955,Execution worker Thread 21,5,main]) started.
[        ] > Task :flutter_olm:parseDebugLocalResources UP-TO-DATE
[        ] Caching disabled for task ':flutter_olm:parseDebugLocalResources' because:
[        ]   Build cache is disabled
[        ] Skipping task ':flutter_olm:parseDebugLocalResources' as it is up-to-date.
[        ] Resolve mutations for :flutter_olm:generateDebugRFile (Thread[#38955,Execution worker Thread 21,5,main]) started.
[        ] :flutter_olm:generateDebugRFile (Thread[#38955,Execution worker Thread 21,5,main]) started.
[        ] > Task :flutter_olm:generateDebugRFile UP-TO-DATE
[        ] Caching disabled for task ':flutter_olm:generateDebugRFile' because:
[        ]   Build cache is disabled
[        ] Skipping task ':flutter_olm:generateDebugRFile' as it is up-to-date.
[        ] work action resolve package-aware-r.txt (project :flutter_olm) (Thread[#38955,Execution worker Thread 21,5,main]) started.
[        ] Resolve mutations for :flutter_openssl_crypto:compileDebugLibraryResources (Thread[#38955,Execution worker Thread 21,5,main]) started.
[        ] :flutter_openssl_crypto:compileDebugLibraryResources (Thread[#38955,Execution worker Thread 21,5,main]) started.
[        ] > Task :flutter_openssl_crypto:compileDebugLibraryResources UP-TO-DATE
[        ] Caching disabled for task ':flutter_openssl_crypto:compileDebugLibraryResources' because:
[        ]   Build cache is disabled
[        ] Skipping task ':flutter_openssl_crypto:compileDebugLibraryResources' as it is up-to-date.
[        ] work action resolve out (project :flutter_openssl_crypto) (Thread[#38955,Execution worker Thread 21,5,main]) started.
[        ] Resolve mutations for :flutter_openssl_crypto:parseDebugLocalResources (Thread[#38955,Execution worker Thread 21,5,main]) started.
[        ] :flutter_openssl_crypto:parseDebugLocalResources (Thread[#38955,Execution worker Thread 21,5,main]) started.
[        ] > Task :flutter_openssl_crypto:parseDebugLocalResources UP-TO-DATE
[        ] Caching disabled for task ':flutter_openssl_crypto:parseDebugLocalResources' because:
[        ]   Build cache is disabled
[        ] Skipping task ':flutter_openssl_crypto:parseDebugLocalResources' as it is up-to-date.
[        ] Resolve mutations for :flutter_openssl_crypto:generateDebugRFile (Thread[#38955,Execution worker Thread 21,5,main]) started.
[        ] :flutter_openssl_crypto:generateDebugRFile (Thread[#38955,Execution worker Thread 21,5,main]) started.
[        ] > Task :flutter_openssl_crypto:generateDebugRFile UP-TO-DATE
[        ] Caching disabled for task ':flutter_openssl_crypto:generateDebugRFile' because:
[        ]   Build cache is disabled
[        ] Skipping task ':flutter_openssl_crypto:generateDebugRFile' as it is up-to-date.
[        ] work action resolve package-aware-r.txt (project :flutter_openssl_crypto) (Thread[#38955,Execution worker Thread 21,5,main]) started.
[        ] Resolve mutations for :integration_test:compileDebugLibraryResources (Thread[#38955,Execution worker Thread 21,5,main]) started.
[        ] :integration_test:compileDebugLibraryResources (Thread[#38955,Execution worker Thread 21,5,main]) started.
[        ] > Task :integration_test:compileDebugLibraryResources UP-TO-DATE
[        ] Caching disabled for task ':integration_test:compileDebugLibraryResources' because:
[        ]   Build cache is disabled
[        ] Skipping task ':integration_test:compileDebugLibraryResources' as it is up-to-date.
[        ] work action resolve out (project :integration_test) (Thread[#38955,Execution worker Thread 21,5,main]) started.
[        ] Resolve mutations for :integration_test:parseDebugLocalResources (Thread[#38955,Execution worker Thread 21,5,main]) started.
[        ] :integration_test:parseDebugLocalResources (Thread[#38955,Execution worker Thread 21,5,main]) started.
[        ] > Task :integration_test:parseDebugLocalResources UP-TO-DATE
[        ] Caching disabled for task ':integration_test:parseDebugLocalResources' because:
[        ]   Build cache is disabled
[        ] Skipping task ':integration_test:parseDebugLocalResources' as it is up-to-date.
[        ] Resolve mutations for :integration_test:generateDebugRFile (Thread[#38955,Execution worker Thread 21,5,main]) started.
[        ] :integration_test:generateDebugRFile (Thread[#38955,Execution worker Thread 21,5,main]) started.
[        ] > Task :integration_test:generateDebugRFile UP-TO-DATE
[        ] Caching disabled for task ':integration_test:generateDebugRFile' because:
[        ]   Build cache is disabled
[        ] Skipping task ':integration_test:generateDebugRFile' as it is up-to-date.
[        ] work action resolve package-aware-r.txt (project :integration_test) (Thread[#38955,Execution worker Thread 21,5,main]) started.
[        ] Resolve mutations for :path_provider_android:compileDebugLibraryResources (Thread[#38955,Execution worker Thread 21,5,main]) started.
[        ] :path_provider_android:compileDebugLibraryResources (Thread[#38955,Execution worker Thread 21,5,main]) started.
[        ] > Task :path_provider_android:compileDebugLibraryResources UP-TO-DATE
[        ] Caching disabled for task ':path_provider_android:compileDebugLibraryResources' because:
[        ]   Build cache is disabled
[        ] Skipping task ':path_provider_android:compileDebugLibraryResources' as it is up-to-date.
[        ] work action resolve out (project :path_provider_android) (Thread[#38955,Execution worker Thread 21,5,main]) started.
[        ] Resolve mutations for :path_provider_android:parseDebugLocalResources (Thread[#38955,Execution worker Thread 21,5,main]) started.
[        ] :path_provider_android:parseDebugLocalResources (Thread[#38955,Execution worker Thread 21,5,main]) started.
[        ] > Task :path_provider_android:parseDebugLocalResources UP-TO-DATE
[        ] Caching disabled for task ':path_provider_android:parseDebugLocalResources' because:
[        ]   Build cache is disabled
[        ] Skipping task ':path_provider_android:parseDebugLocalResources' as it is up-to-date.
[        ] Resolve mutations for :path_provider_android:generateDebugRFile (Thread[#38955,Execution worker Thread 21,5,main]) started.
[        ] :path_provider_android:generateDebugRFile (Thread[#38955,Execution worker Thread 21,5,main]) started.
[        ] > Task :path_provider_android:generateDebugRFile UP-TO-DATE
[        ] Caching disabled for task ':path_provider_android:generateDebugRFile' because:
[        ]   Build cache is disabled
[        ] Skipping task ':path_provider_android:generateDebugRFile' as it is up-to-date.
[        ] work action resolve package-aware-r.txt (project :path_provider_android) (Thread[#38955,Execution worker Thread 21,5,main]) started.
[        ] Resolve mutations for :quill_native_bridge_android:compileDebugLibraryResources (Thread[#38955,Execution worker Thread 21,5,main]) started.
[        ] :quill_native_bridge_android:compileDebugLibraryResources (Thread[#38955,Execution worker Thread 21,5,main]) started.
[        ] > Task :quill_native_bridge_android:compileDebugLibraryResources UP-TO-DATE
[        ] Caching disabled for task ':quill_native_bridge_android:compileDebugLibraryResources' because:
[        ]   Build cache is disabled
[        ] Skipping task ':quill_native_bridge_android:compileDebugLibraryResources' as it is up-to-date.
[        ] work action resolve out (project :quill_native_bridge_android) (Thread[#38955,Execution worker Thread 21,5,main]) started.
[        ] Resolve mutations for :quill_native_bridge_android:parseDebugLocalResources (Thread[#38955,Execution worker Thread 21,5,main]) started.
[        ] :quill_native_bridge_android:parseDebugLocalResources (Thread[#38955,Execution worker Thread 21,5,main]) started.
[        ] > Task :quill_native_bridge_android:parseDebugLocalResources UP-TO-DATE
[        ] Caching disabled for task ':quill_native_bridge_android:parseDebugLocalResources' because:
[        ]   Build cache is disabled
[        ] Skipping task ':quill_native_bridge_android:parseDebugLocalResources' as it is up-to-date.
[        ] Resolve mutations for :quill_native_bridge_android:generateDebugRFile (Thread[#38955,Execution worker Thread 21,5,main]) started.
[        ] :quill_native_bridge_android:generateDebugRFile (Thread[#38955,Execution worker Thread 21,5,main]) started.
[        ] > Task :quill_native_bridge_android:generateDebugRFile UP-TO-DATE
[        ] Caching disabled for task ':quill_native_bridge_android:generateDebugRFile' because:
[        ]   Build cache is disabled
[        ] Skipping task ':quill_native_bridge_android:generateDebugRFile' as it is up-to-date.
[        ] work action resolve package-aware-r.txt (project :quill_native_bridge_android) (Thread[#38955,Execution worker Thread 21,5,main]) started.
[        ] Resolve mutations for :shared_preferences_android:compileDebugLibraryResources (Thread[#38955,Execution worker Thread 21,5,main]) started.
[        ] :shared_preferences_android:compileDebugLibraryResources (Thread[#38955,Execution worker Thread 21,5,main]) started.
[        ] > Task :shared_preferences_android:compileDebugLibraryResources UP-TO-DATE
[        ] Caching disabled for task ':shared_preferences_android:compileDebugLibraryResources' because:
[        ]   Build cache is disabled
[        ] Skipping task ':shared_preferences_android:compileDebugLibraryResources' as it is up-to-date.
[        ] work action resolve out (project :shared_preferences_android) (Thread[#38955,Execution worker Thread 21,5,main]) started.
[        ] Resolve mutations for :shared_preferences_android:parseDebugLocalResources (Thread[#38955,Execution worker Thread 21,5,main]) started.
[        ] :shared_preferences_android:parseDebugLocalResources (Thread[#38955,Execution worker Thread 21,5,main]) started.
[        ] > Task :shared_preferences_android:parseDebugLocalResources UP-TO-DATE
[        ] Caching disabled for task ':shared_preferences_android:parseDebugLocalResources' because:
[        ]   Build cache is disabled
[        ] Skipping task ':shared_preferences_android:parseDebugLocalResources' as it is up-to-date.
[        ] Resolve mutations for :shared_preferences_android:generateDebugRFile (Thread[#38955,Execution worker Thread 21,5,main]) started.
[        ] :shared_preferences_android:generateDebugRFile (Thread[#38955,Execution worker Thread 21,5,main]) started.
[        ] > Task :shared_preferences_android:generateDebugRFile UP-TO-DATE
[        ] Caching disabled for task ':shared_preferences_android:generateDebugRFile' because:
[        ]   Build cache is disabled
[        ] Skipping task ':shared_preferences_android:generateDebugRFile' as it is up-to-date.
[        ] work action resolve package-aware-r.txt (project :shared_preferences_android) (Thread[#38955,Execution worker Thread 21,5,main]) started.
[        ] Resolve mutations for :sqflite_android:compileDebugLibraryResources (Thread[#38955,Execution worker Thread 21,5,main]) started.
[        ] :sqflite_android:compileDebugLibraryResources (Thread[#38955,Execution worker Thread 21,5,main]) started.
[        ] > Task :sqflite_android:compileDebugLibraryResources UP-TO-DATE
[        ] Caching disabled for task ':sqflite_android:compileDebugLibraryResources' because:
[        ]   Build cache is disabled
[        ] Skipping task ':sqflite_android:compileDebugLibraryResources' as it is up-to-date.
[        ] work action resolve out (project :sqflite_android) (Thread[#38955,Execution worker Thread 21,5,main]) started.
[        ] Resolve mutations for :sqflite_android:parseDebugLocalResources (Thread[#38955,Execution worker Thread 21,5,main]) started.
[        ] :sqflite_android:parseDebugLocalResources (Thread[#38955,Execution worker Thread 21,5,main]) started.
[        ] > Task :sqflite_android:parseDebugLocalResources UP-TO-DATE
[        ] Caching disabled for task ':sqflite_android:parseDebugLocalResources' because:
[        ]   Build cache is disabled
[        ] Skipping task ':sqflite_android:parseDebugLocalResources' as it is up-to-date.
[        ] Resolve mutations for :sqflite_android:generateDebugRFile (Thread[#38955,Execution worker Thread 21,5,main]) started.
[        ] :sqflite_android:generateDebugRFile (Thread[#38955,Execution worker Thread 21,5,main]) started.
[        ] > Task :sqflite_android:generateDebugRFile UP-TO-DATE
[        ] Caching disabled for task ':sqflite_android:generateDebugRFile' because:
[        ]   Build cache is disabled
[        ] Skipping task ':sqflite_android:generateDebugRFile' as it is up-to-date.
[        ] work action resolve package-aware-r.txt (project :sqflite_android) (Thread[#38955,Execution worker Thread 21,5,main]) started.
[        ] Resolve mutations for :url_launcher_android:compileDebugLibraryResources (Thread[#38955,Execution worker Thread 21,5,main]) started.
[        ] :url_launcher_android:compileDebugLibraryResources (Thread[#38955,Execution worker Thread 21,5,main]) started.
[        ] > Task :url_launcher_android:compileDebugLibraryResources UP-TO-DATE
[        ] Caching disabled for task ':url_launcher_android:compileDebugLibraryResources' because:
[        ]   Build cache is disabled
[        ] Skipping task ':url_launcher_android:compileDebugLibraryResources' as it is up-to-date.
[        ] work action resolve out (project :url_launcher_android) (Thread[#38955,Execution worker Thread 21,5,main]) started.
[        ] Resolve mutations for :url_launcher_android:parseDebugLocalResources (Thread[#38955,Execution worker Thread 21,5,main]) started.
[        ] :url_launcher_android:parseDebugLocalResources (Thread[#38955,Execution worker Thread 21,5,main]) started.
[        ] > Task :url_launcher_android:parseDebugLocalResources UP-TO-DATE
[        ] Caching disabled for task ':url_launcher_android:parseDebugLocalResources' because:
[        ]   Build cache is disabled
[        ] Skipping task ':url_launcher_android:parseDebugLocalResources' as it is up-to-date.
[        ] Resolve mutations for :url_launcher_android:generateDebugRFile (Thread[#38955,Execution worker Thread 21,5,main]) started.
[        ] :url_launcher_android:generateDebugRFile (Thread[#38955,Execution worker Thread 21,5,main]) started.
[        ] > Task :url_launcher_android:generateDebugRFile UP-TO-DATE
[        ] Caching disabled for task ':url_launcher_android:generateDebugRFile' because:
[        ]   Build cache is disabled
[        ] Skipping task ':url_launcher_android:generateDebugRFile' as it is up-to-date.
[        ] work action resolve package-aware-r.txt (project :url_launcher_android) (Thread[#38955,Execution worker Thread 21,5,main]) started.
[        ] Resolve mutations for :video_player_android:compileDebugLibraryResources (Thread[#38955,Execution worker Thread 21,5,main]) started.
[        ] :video_player_android:compileDebugLibraryResources (Thread[#38955,Execution worker Thread 21,5,main]) started.
[        ] > Task :video_player_android:compileDebugLibraryResources UP-TO-DATE
[        ] Caching disabled for task ':video_player_android:compileDebugLibraryResources' because:
[        ]   Build cache is disabled
[        ] Skipping task ':video_player_android:compileDebugLibraryResources' as it is up-to-date.
[        ] work action resolve out (project :video_player_android) (Thread[#38955,Execution worker Thread 21,5,main]) started.
[        ] Resolve mutations for :video_player_android:parseDebugLocalResources (Thread[#38955,Execution worker Thread 21,5,main]) started.
[        ] :video_player_android:parseDebugLocalResources (Thread[#38955,Execution worker Thread 21,5,main]) started.
[        ] > Task :video_player_android:parseDebugLocalResources UP-TO-DATE
[        ] Caching disabled for task ':video_player_android:parseDebugLocalResources' because:
[        ]   Build cache is disabled
[        ] Skipping task ':video_player_android:parseDebugLocalResources' as it is up-to-date.
[        ] Resolve mutations for :video_player_android:generateDebugRFile (Thread[#38955,Execution worker Thread 21,5,main]) started.
[        ] :video_player_android:generateDebugRFile (Thread[#38955,Execution worker Thread 21,5,main]) started.
[        ] > Task :video_player_android:generateDebugRFile UP-TO-DATE
[        ] Caching disabled for task ':video_player_android:generateDebugRFile' because:
[        ]   Build cache is disabled
[        ] Skipping task ':video_player_android:generateDebugRFile' as it is up-to-date.
[        ] work action resolve package-aware-r.txt (project :video_player_android) (Thread[#38955,Execution worker Thread 21,5,main]) started.
[        ] Resolve mutations for :app:processDebugResources (Thread[#38955,Execution worker Thread 21,5,main]) started.
[        ] :app:processDebugResources (Thread[#38955,Execution worker Thread 21,5,main]) started.
[        ] > Task :app:processDebugResources UP-TO-DATE
[        ] Caching disabled for task ':app:processDebugResources' because:
[        ]   Build cache is disabled
[        ] Skipping task ':app:processDebugResources' as it is up-to-date.
[        ] Resolve mutations for :connectivity_plus:javaPreCompileDebug (Thread[#38955,Execution worker Thread 21,5,main]) started.
[        ] :connectivity_plus:javaPreCompileDebug (Thread[#38955,Execution worker Thread 21,5,main]) started.
[        ] > Task :connectivity_plus:javaPreCompileDebug UP-TO-DATE
[        ] Caching disabled for task ':connectivity_plus:javaPreCompileDebug' because:
[        ]   Build cache is disabled
[        ] Skipping task ':connectivity_plus:javaPreCompileDebug' as it is up-to-date.
[        ] Resolve mutations for :connectivity_plus:compileDebugJavaWithJavac (Thread[#38955,Execution worker Thread 21,5,main]) started.
[        ] :connectivity_plus:compileDebugJavaWithJavac (Thread[#38955,Execution worker Thread 21,5,main]) started.
[        ] > Task :connectivity_plus:compileDebugJavaWithJavac UP-TO-DATE
[        ] Custom actions are attached to task ':connectivity_plus:compileDebugJavaWithJavac'.
[        ] Caching disabled for task ':connectivity_plus:compileDebugJavaWithJavac' because:
[        ]   Build cache is disabled
[        ] Skipping task ':connectivity_plus:compileDebugJavaWithJavac' as it is up-to-date.
[        ] No compile result for :connectivity_plus:compileDebugJavaWithJavac
[        ] No compile result for :connectivity_plus:compileDebugJavaWithJavac
[        ] Resolve mutations for :connectivity_plus:bundleLibCompileToJarDebug (Thread[#38955,Execution worker Thread 21,5,main]) started.
[        ] :connectivity_plus:bundleLibCompileToJarDebug (Thread[#38955,Execution worker Thread 21,5,main]) started.
[        ] > Task :connectivity_plus:bundleLibCompileToJarDebug UP-TO-DATE
[        ] Caching disabled for task ':connectivity_plus:bundleLibCompileToJarDebug' because:
[        ]   Build cache is disabled
[        ]   Simple merging task
[        ] Skipping task ':connectivity_plus:bundleLibCompileToJarDebug' as it is up-to-date.
[        ] work action resolve classes.jar (project :connectivity_plus) (Thread[#38955,Execution worker Thread 21,5,main]) started.
[        ] Resolve mutations for :emoji_picker_flutter:checkKotlinGradlePluginConfigurationErrors (Thread[#38955,Execution worker Thread 21,5,main]) started.
[        ] :emoji_picker_flutter:checkKotlinGradlePluginConfigurationErrors (Thread[#38955,Execution worker Thread 21,5,main]) started.
[        ] > Task :emoji_picker_flutter:checkKotlinGradlePluginConfigurationErrors SKIPPED
[        ] Skipping task ':emoji_picker_flutter:checkKotlinGradlePluginConfigurationErrors' as task onlyIf 'errorDiagnostics are present' is false.
[        ] Resolve mutations for :emoji_picker_flutter:compileDebugKotlin (Thread[#38955,Execution worker Thread 21,5,main]) started.
[        ] :emoji_picker_flutter:compileDebugKotlin (Thread[#38955,Execution worker Thread 21,5,main]) started.
[        ] > Task :emoji_picker_flutter:compileDebugKotlin UP-TO-DATE
[        ] Adding -Xuse-inline-scopes-numbers Kotlin compiler flag for task :emoji_picker_flutter:compileDebugAndroidTestKotlin
[        ] Caching disabled for task ':emoji_picker_flutter:compileDebugKotlin' because:
[        ]   Build cache is disabled
[        ] Skipping task ':emoji_picker_flutter:compileDebugKotlin' as it is up-to-date.
[        ] Resolve mutations for :emoji_picker_flutter:javaPreCompileDebug (Thread[#38955,Execution worker Thread 21,5,main]) started.
[        ] :emoji_picker_flutter:javaPreCompileDebug (Thread[#38934,Execution worker,5,main]) started.
[        ] > Task :emoji_picker_flutter:javaPreCompileDebug UP-TO-DATE
[        ] Caching disabled for task ':emoji_picker_flutter:javaPreCompileDebug' because:
[        ]   Build cache is disabled
[        ] Skipping task ':emoji_picker_flutter:javaPreCompileDebug' as it is up-to-date.
[        ] Resolve mutations for :emoji_picker_flutter:compileDebugJavaWithJavac (Thread[#38934,Execution worker,5,main]) started.
[        ] :emoji_picker_flutter:compileDebugJavaWithJavac (Thread[#38934,Execution worker,5,main]) started.
[        ] > Task :emoji_picker_flutter:compileDebugJavaWithJavac NO-SOURCE
[        ] Skipping task ':emoji_picker_flutter:compileDebugJavaWithJavac' as it has no source files and no previous output files.
[        ] Resolve mutations for :emoji_picker_flutter:bundleLibCompileToJarDebug (Thread[#38934,Execution worker,5,main]) started.
[        ] :emoji_picker_flutter:bundleLibCompileToJarDebug (Thread[#38934,Execution worker,5,main]) started.
[        ] > Task :emoji_picker_flutter:bundleLibCompileToJarDebug UP-TO-DATE
[        ] Caching disabled for task ':emoji_picker_flutter:bundleLibCompileToJarDebug' because:
[        ]   Build cache is disabled
[        ]   Simple merging task
[        ] Skipping task ':emoji_picker_flutter:bundleLibCompileToJarDebug' as it is up-to-date.
[        ] work action resolve classes.jar (project :emoji_picker_flutter) (Thread[#38934,Execution worker,5,main]) started.
[        ] Resolve mutations for :file_selector_android:javaPreCompileDebug (Thread[#38934,Execution worker,5,main]) started.
[        ] :file_selector_android:javaPreCompileDebug (Thread[#38934,Execution worker,5,main]) started.
[        ] > Task :file_selector_android:javaPreCompileDebug UP-TO-DATE
[        ] Caching disabled for task ':file_selector_android:javaPreCompileDebug' because:
[        ]   Build cache is disabled
[        ] Skipping task ':file_selector_android:javaPreCompileDebug' as it is up-to-date.
[        ] Resolve mutations for :file_selector_android:compileDebugJavaWithJavac (Thread[#38934,Execution worker,5,main]) started.
[        ] :file_selector_android:compileDebugJavaWithJavac (Thread[#38934,Execution worker,5,main]) started.
[        ] > Task :file_selector_android:compileDebugJavaWithJavac UP-TO-DATE
[        ] Custom actions are attached to task ':file_selector_android:compileDebugJavaWithJavac'.
[        ] Caching disabled for task ':file_selector_android:compileDebugJavaWithJavac' because:
[        ]   Build cache is disabled
[        ] Skipping task ':file_selector_android:compileDebugJavaWithJavac' as it is up-to-date.
[        ] No compile result for :file_selector_android:compileDebugJavaWithJavac
[        ] No compile result for :file_selector_android:compileDebugJavaWithJavac
[        ] Resolve mutations for :file_selector_android:bundleLibCompileToJarDebug (Thread[#38934,Execution worker,5,main]) started.
[        ] :file_selector_android:bundleLibCompileToJarDebug (Thread[#38934,Execution worker,5,main]) started.
[        ] > Task :file_selector_android:bundleLibCompileToJarDebug UP-TO-DATE
[        ] Caching disabled for task ':file_selector_android:bundleLibCompileToJarDebug' because:
[        ]   Build cache is disabled
[        ]   Simple merging task
[        ] Skipping task ':file_selector_android:bundleLibCompileToJarDebug' as it is up-to-date.
[        ] work action resolve classes.jar (project :file_selector_android) (Thread[#38934,Execution worker,5,main]) started.
[        ] Resolve mutations for :flutter_keyboard_visibility_temp_fork:javaPreCompileDebug (Thread[#38934,Execution worker,5,main]) started.
[        ] :flutter_keyboard_visibility_temp_fork:javaPreCompileDebug (Thread[#38934,Execution worker,5,main]) started.
[        ] > Task :flutter_keyboard_visibility_temp_fork:javaPreCompileDebug UP-TO-DATE
[        ] Caching disabled for task ':flutter_keyboard_visibility_temp_fork:javaPreCompileDebug' because:
[        ]   Build cache is disabled
[        ] Skipping task ':flutter_keyboard_visibility_temp_fork:javaPreCompileDebug' as it is up-to-date.
[        ] Resolve mutations for :flutter_keyboard_visibility_temp_fork:compileDebugJavaWithJavac (Thread[#38934,Execution worker,5,main]) started.
[        ] :flutter_keyboard_visibility_temp_fork:compileDebugJavaWithJavac (Thread[#38934,Execution worker,5,main]) started.
[        ] > Task :flutter_keyboard_visibility_temp_fork:compileDebugJavaWithJavac UP-TO-DATE
[        ] Custom actions are attached to task ':flutter_keyboard_visibility_temp_fork:compileDebugJavaWithJavac'.
[        ] Caching disabled for task ':flutter_keyboard_visibility_temp_fork:compileDebugJavaWithJavac' because:
[        ]   Build cache is disabled
[        ] Skipping task ':flutter_keyboard_visibility_temp_fork:compileDebugJavaWithJavac' as it is up-to-date.
[        ] No compile result for :flutter_keyboard_visibility_temp_fork:compileDebugJavaWithJavac
[        ] No compile result for :flutter_keyboard_visibility_temp_fork:compileDebugJavaWithJavac
[        ] Resolve mutations for :flutter_keyboard_visibility_temp_fork:bundleLibCompileToJarDebug (Thread[#38934,Execution worker,5,main]) started.
[        ] :flutter_keyboard_visibility_temp_fork:bundleLibCompileToJarDebug (Thread[#38934,Execution worker,5,main]) started.
[        ] > Task :flutter_keyboard_visibility_temp_fork:bundleLibCompileToJarDebug UP-TO-DATE
[        ] Caching disabled for task ':flutter_keyboard_visibility_temp_fork:bundleLibCompileToJarDebug' because:
[        ]   Build cache is disabled
[        ]   Simple merging task
[        ] Skipping task ':flutter_keyboard_visibility_temp_fork:bundleLibCompileToJarDebug' as it is up-to-date.
[        ] work action resolve classes.jar (project :flutter_keyboard_visibility_temp_fork) (Thread[#38934,Execution worker,5,main]) started.
[        ] Resolve mutations for :flutter_native_splash:javaPreCompileDebug (Thread[#38934,Execution worker,5,main]) started.
[        ] :flutter_native_splash:javaPreCompileDebug (Thread[#38934,Execution worker,5,main]) started.
[        ] > Task :flutter_native_splash:javaPreCompileDebug UP-TO-DATE
[        ] Caching disabled for task ':flutter_native_splash:javaPreCompileDebug' because:
[        ]   Build cache is disabled
[        ] Skipping task ':flutter_native_splash:javaPreCompileDebug' as it is up-to-date.
[        ] Resolve mutations for :flutter_native_splash:compileDebugJavaWithJavac (Thread[#38934,Execution worker,5,main]) started.
[        ] :flutter_native_splash:compileDebugJavaWithJavac (Thread[#38934,Execution worker,5,main]) started.
[        ] > Task :flutter_native_splash:compileDebugJavaWithJavac UP-TO-DATE
[        ] Custom actions are attached to task ':flutter_native_splash:compileDebugJavaWithJavac'.
[        ] Caching disabled for task ':flutter_native_splash:compileDebugJavaWithJavac' because:
[        ]   Build cache is disabled
[        ] Skipping task ':flutter_native_splash:compileDebugJavaWithJavac' as it is up-to-date.
[        ] No compile result for :flutter_native_splash:compileDebugJavaWithJavac
[        ] No compile result for :flutter_native_splash:compileDebugJavaWithJavac
[        ] Resolve mutations for :flutter_native_splash:bundleLibCompileToJarDebug (Thread[#38934,Execution worker,5,main]) started.
[        ] :flutter_native_splash:bundleLibCompileToJarDebug (Thread[#38934,Execution worker,5,main]) started.
[        ] > Task :flutter_native_splash:bundleLibCompileToJarDebug UP-TO-DATE
[        ] Caching disabled for task ':flutter_native_splash:bundleLibCompileToJarDebug' because:
[        ]   Build cache is disabled
[        ]   Simple merging task
[        ] Skipping task ':flutter_native_splash:bundleLibCompileToJarDebug' as it is up-to-date.
[        ] work action resolve classes.jar (project :flutter_native_splash) (Thread[#38934,Execution worker,5,main]) started.
[        ] Resolve mutations for :flutter_olm:checkKotlinGradlePluginConfigurationErrors (Thread[#38934,Execution worker,5,main]) started.
[        ] :flutter_olm:checkKotlinGradlePluginConfigurationErrors (Thread[#38934,Execution worker,5,main]) started.
[        ] > Task :flutter_olm:checkKotlinGradlePluginConfigurationErrors SKIPPED
[        ] Skipping task ':flutter_olm:checkKotlinGradlePluginConfigurationErrors' as task onlyIf 'errorDiagnostics are present' is false.
[        ] Resolve mutations for :flutter_olm:compileDebugKotlin (Thread[#38934,Execution worker,5,main]) started.
[        ] :flutter_olm:compileDebugKotlin (Thread[#38934,Execution worker,5,main]) started.
[  +85 ms] > Task :flutter_olm:compileDebugKotlin UP-TO-DATE
[        ] Adding -Xuse-inline-scopes-numbers Kotlin compiler flag for task :flutter_olm:compileDebugAndroidTestKotlin
[        ] Caching disabled for task ':flutter_olm:compileDebugKotlin' because:
[        ]   Build cache is disabled
[        ] Skipping task ':flutter_olm:compileDebugKotlin' as it is up-to-date.
[        ] Resolve mutations for :flutter_olm:javaPreCompileDebug (Thread[#38934,Execution worker,5,main]) started.
[        ] :flutter_olm:javaPreCompileDebug (Thread[#38934,Execution worker,5,main]) started.
[        ] > Task :flutter_olm:javaPreCompileDebug UP-TO-DATE
[        ] Caching disabled for task ':flutter_olm:javaPreCompileDebug' because:
[        ]   Build cache is disabled
[        ] Skipping task ':flutter_olm:javaPreCompileDebug' as it is up-to-date.
[        ] Resolve mutations for :flutter_olm:compileDebugJavaWithJavac (Thread[#38934,Execution worker,5,main]) started.
[        ] :flutter_olm:compileDebugJavaWithJavac (Thread[#38934,Execution worker,5,main]) started.
[        ] > Task :flutter_olm:compileDebugJavaWithJavac NO-SOURCE
[        ] Skipping task ':flutter_olm:compileDebugJavaWithJavac' as it has no source files and no previous output files.
[        ] Resolve mutations for :flutter_olm:bundleLibCompileToJarDebug (Thread[#38934,Execution worker,5,main]) started.
[        ] :flutter_olm:bundleLibCompileToJarDebug (Thread[#38934,Execution worker,5,main]) started.
[        ] > Task :flutter_olm:bundleLibCompileToJarDebug UP-TO-DATE
[        ] Caching disabled for task ':flutter_olm:bundleLibCompileToJarDebug' because:
[        ]   Build cache is disabled
[        ]   Simple merging task
[        ] Skipping task ':flutter_olm:bundleLibCompileToJarDebug' as it is up-to-date.
[        ] work action resolve classes.jar (project :flutter_olm) (Thread[#38934,Execution worker,5,main]) started.
[        ] Resolve mutations for :flutter_openssl_crypto:checkKotlinGradlePluginConfigurationErrors (Thread[#38934,Execution worker,5,main]) started.
[        ] :flutter_openssl_crypto:checkKotlinGradlePluginConfigurationErrors (Thread[#38934,Execution worker,5,main]) started.
[        ] > Task :flutter_openssl_crypto:checkKotlinGradlePluginConfigurationErrors SKIPPED
[        ] Skipping task ':flutter_openssl_crypto:checkKotlinGradlePluginConfigurationErrors' as task onlyIf 'errorDiagnostics are present' is false.
[        ] Resolve mutations for :flutter_openssl_crypto:compileDebugKotlin (Thread[#38934,Execution worker,5,main]) started.
[        ] :flutter_openssl_crypto:compileDebugKotlin (Thread[#38934,Execution worker,5,main]) started.
[        ] > Task :flutter_openssl_crypto:compileDebugKotlin UP-TO-DATE
[        ] Adding -Xuse-inline-scopes-numbers Kotlin compiler flag for task :flutter_openssl_crypto:compileDebugAndroidTestKotlin
[        ] Caching disabled for task ':flutter_openssl_crypto:compileDebugKotlin' because:
[        ]   Build cache is disabled
[        ] Skipping task ':flutter_openssl_crypto:compileDebugKotlin' as it is up-to-date.
[        ] Resolve mutations for :flutter_openssl_crypto:javaPreCompileDebug (Thread[#38934,Execution worker,5,main]) started.
[        ] :flutter_openssl_crypto:javaPreCompileDebug (Thread[#38934,Execution worker,5,main]) started.
[        ] > Task :flutter_openssl_crypto:javaPreCompileDebug UP-TO-DATE
[        ] Caching disabled for task ':flutter_openssl_crypto:javaPreCompileDebug' because:
[        ]   Build cache is disabled
[        ] Skipping task ':flutter_openssl_crypto:javaPreCompileDebug' as it is up-to-date.
[        ] Resolve mutations for :flutter_openssl_crypto:compileDebugJavaWithJavac (Thread[#38934,Execution worker,5,main]) started.
[        ] :flutter_openssl_crypto:compileDebugJavaWithJavac (Thread[#38934,Execution worker,5,main]) started.
[        ] > Task :flutter_openssl_crypto:compileDebugJavaWithJavac NO-SOURCE
[        ] Skipping task ':flutter_openssl_crypto:compileDebugJavaWithJavac' as it has no source files and no previous output files.
[        ] Resolve mutations for :flutter_openssl_crypto:bundleLibCompileToJarDebug (Thread[#38934,Execution worker,5,main]) started.
[        ] :flutter_openssl_crypto:bundleLibCompileToJarDebug (Thread[#38934,Execution worker,5,main]) started.
[        ] > Task :flutter_openssl_crypto:bundleLibCompileToJarDebug UP-TO-DATE
[        ] Caching disabled for task ':flutter_openssl_crypto:bundleLibCompileToJarDebug' because:
[        ]   Build cache is disabled
[        ]   Simple merging task
[        ] Skipping task ':flutter_openssl_crypto:bundleLibCompileToJarDebug' as it is up-to-date.
[        ] work action resolve classes.jar (project :flutter_openssl_crypto) (Thread[#38934,Execution worker,5,main]) started.
[        ] Resolve mutations for :integration_test:javaPreCompileDebug (Thread[#38934,Execution worker,5,main]) started.
[        ] :integration_test:javaPreCompileDebug (Thread[#38934,Execution worker,5,main]) started.
[        ] > Task :integration_test:javaPreCompileDebug UP-TO-DATE
[        ] Caching disabled for task ':integration_test:javaPreCompileDebug' because:
[        ]   Build cache is disabled
[        ] Skipping task ':integration_test:javaPreCompileDebug' as it is up-to-date.
[        ] Resolve mutations for :integration_test:compileDebugJavaWithJavac (Thread[#38934,Execution worker,5,main]) started.
[        ] :integration_test:compileDebugJavaWithJavac (Thread[#38934,Execution worker,5,main]) started.
[        ] > Task :integration_test:compileDebugJavaWithJavac UP-TO-DATE
[        ] Custom actions are attached to task ':integration_test:compileDebugJavaWithJavac'.
[        ] Caching disabled for task ':integration_test:compileDebugJavaWithJavac' because:
[        ]   Build cache is disabled
[        ] Skipping task ':integration_test:compileDebugJavaWithJavac' as it is up-to-date.
[        ] No compile result for :integration_test:compileDebugJavaWithJavac
[        ] No compile result for :integration_test:compileDebugJavaWithJavac
[        ] Resolve mutations for :integration_test:bundleLibCompileToJarDebug (Thread[#38934,Execution worker,5,main]) started.
[        ] :integration_test:bundleLibCompileToJarDebug (Thread[#38934,Execution worker,5,main]) started.
[        ] > Task :integration_test:bundleLibCompileToJarDebug UP-TO-DATE
[        ] Caching disabled for task ':integration_test:bundleLibCompileToJarDebug' because:
[        ]   Build cache is disabled
[        ]   Simple merging task
[        ] Skipping task ':integration_test:bundleLibCompileToJarDebug' as it is up-to-date.
[        ] work action resolve classes.jar (project :integration_test) (Thread[#38934,Execution worker,5,main]) started.
[        ] Resolve mutations for :path_provider_android:javaPreCompileDebug (Thread[#38934,Execution worker,5,main]) started.
[        ] :path_provider_android:javaPreCompileDebug (Thread[#38934,Execution worker,5,main]) started.
[        ] > Task :path_provider_android:javaPreCompileDebug UP-TO-DATE
[        ] Caching disabled for task ':path_provider_android:javaPreCompileDebug' because:
[        ]   Build cache is disabled
[        ] Skipping task ':path_provider_android:javaPreCompileDebug' as it is up-to-date.
[        ] Resolve mutations for :path_provider_android:compileDebugJavaWithJavac (Thread[#38934,Execution worker,5,main]) started.
[        ] :path_provider_android:compileDebugJavaWithJavac (Thread[#38934,Execution worker,5,main]) started.
[        ] > Task :path_provider_android:compileDebugJavaWithJavac UP-TO-DATE
[        ] Custom actions are attached to task ':path_provider_android:compileDebugJavaWithJavac'.
[        ] Caching disabled for task ':path_provider_android:compileDebugJavaWithJavac' because:
[        ]   Build cache is disabled
[        ] Skipping task ':path_provider_android:compileDebugJavaWithJavac' as it is up-to-date.
[        ] No compile result for :path_provider_android:compileDebugJavaWithJavac
[        ] No compile result for :path_provider_android:compileDebugJavaWithJavac
[        ] Resolve mutations for :path_provider_android:bundleLibCompileToJarDebug (Thread[#38934,Execution worker,5,main]) started.
[        ] :path_provider_android:bundleLibCompileToJarDebug (Thread[#38934,Execution worker,5,main]) started.
[        ] > Task :path_provider_android:bundleLibCompileToJarDebug UP-TO-DATE
[        ] Caching disabled for task ':path_provider_android:bundleLibCompileToJarDebug' because:
[        ]   Build cache is disabled
[        ]   Simple merging task
[        ] Skipping task ':path_provider_android:bundleLibCompileToJarDebug' as it is up-to-date.
[        ] work action resolve classes.jar (project :path_provider_android) (Thread[#38934,Execution worker,5,main]) started.
[        ] Resolve mutations for :quill_native_bridge_android:checkKotlinGradlePluginConfigurationErrors (Thread[#38934,Execution worker,5,main]) started.
[        ] :quill_native_bridge_android:checkKotlinGradlePluginConfigurationErrors (Thread[#38934,Execution worker,5,main]) started.
[        ] > Task :quill_native_bridge_android:checkKotlinGradlePluginConfigurationErrors SKIPPED
[        ] Skipping task ':quill_native_bridge_android:checkKotlinGradlePluginConfigurationErrors' as task onlyIf 'errorDiagnostics are present' is false.
[        ] Resolve mutations for :quill_native_bridge_android:compileDebugKotlin (Thread[#38934,Execution worker,5,main]) started.
[        ] :quill_native_bridge_android:compileDebugKotlin (Thread[#38934,Execution worker,5,main]) started.
[        ] > Task :quill_native_bridge_android:compileDebugKotlin UP-TO-DATE
[        ] Adding -Xuse-inline-scopes-numbers Kotlin compiler flag for task :quill_native_bridge_android:compileDebugAndroidTestKotlin
[        ] Caching disabled for task ':quill_native_bridge_android:compileDebugKotlin' because:
[        ]   Build cache is disabled
[        ] Skipping task ':quill_native_bridge_android:compileDebugKotlin' as it is up-to-date.
[        ] Resolve mutations for :quill_native_bridge_android:javaPreCompileDebug (Thread[#38934,Execution worker,5,main]) started.
[        ] :quill_native_bridge_android:javaPreCompileDebug (Thread[#38934,Execution worker,5,main]) started.
[        ] > Task :quill_native_bridge_android:javaPreCompileDebug UP-TO-DATE
[        ] Caching disabled for task ':quill_native_bridge_android:javaPreCompileDebug' because:
[        ]   Build cache is disabled
[        ] Skipping task ':quill_native_bridge_android:javaPreCompileDebug' as it is up-to-date.
[        ] Resolve mutations for :quill_native_bridge_android:compileDebugJavaWithJavac (Thread[#38934,Execution worker,5,main]) started.
[        ] :quill_native_bridge_android:compileDebugJavaWithJavac (Thread[#38934,Execution worker,5,main]) started.
[        ] > Task :quill_native_bridge_android:compileDebugJavaWithJavac NO-SOURCE
[        ] Skipping task ':quill_native_bridge_android:compileDebugJavaWithJavac' as it has no source files and no previous output files.
[        ] Resolve mutations for :quill_native_bridge_android:bundleLibCompileToJarDebug (Thread[#38934,Execution worker,5,main]) started.
[        ] :quill_native_bridge_android:bundleLibCompileToJarDebug (Thread[#38934,Execution worker,5,main]) started.
[        ] > Task :quill_native_bridge_android:bundleLibCompileToJarDebug UP-TO-DATE
[        ] Caching disabled for task ':quill_native_bridge_android:bundleLibCompileToJarDebug' because:
[        ]   Build cache is disabled
[        ]   Simple merging task
[        ] Skipping task ':quill_native_bridge_android:bundleLibCompileToJarDebug' as it is up-to-date.
[        ] work action resolve classes.jar (project :quill_native_bridge_android) (Thread[#38934,Execution worker,5,main]) started.
[        ] Resolve mutations for :shared_preferences_android:checkKotlinGradlePluginConfigurationErrors (Thread[#38934,Execution worker,5,main]) started.
[        ] :shared_preferences_android:checkKotlinGradlePluginConfigurationErrors (Thread[#38934,Execution worker,5,main]) started.
[        ] > Task :shared_preferences_android:checkKotlinGradlePluginConfigurationErrors SKIPPED
[        ] Skipping task ':shared_preferences_android:checkKotlinGradlePluginConfigurationErrors' as task onlyIf 'errorDiagnostics are present' is false.
[        ] Resolve mutations for :shared_preferences_android:compileDebugKotlin (Thread[#38934,Execution worker,5,main]) started.
[        ] :shared_preferences_android:compileDebugKotlin (Thread[#38934,Execution worker,5,main]) started.
[        ] > Task :shared_preferences_android:compileDebugKotlin UP-TO-DATE
[        ] Adding -Xuse-inline-scopes-numbers Kotlin compiler flag for task :shared_preferences_android:compileDebugAndroidTestKotlin
[        ] Caching disabled for task ':shared_preferences_android:compileDebugKotlin' because:
[        ]   Build cache is disabled
[        ] Skipping task ':shared_preferences_android:compileDebugKotlin' as it is up-to-date.
[        ] Resolve mutations for :shared_preferences_android:javaPreCompileDebug (Thread[#38934,Execution worker,5,main]) started.
[        ] :shared_preferences_android:javaPreCompileDebug (Thread[#38934,Execution worker,5,main]) started.
[        ] > Task :shared_preferences_android:javaPreCompileDebug UP-TO-DATE
[        ] Caching disabled for task ':shared_preferences_android:javaPreCompileDebug' because:
[        ]   Build cache is disabled
[        ] Skipping task ':shared_preferences_android:javaPreCompileDebug' as it is up-to-date.
[        ] Resolve mutations for :shared_preferences_android:compileDebugJavaWithJavac (Thread[#38934,Execution worker,5,main]) started.
[        ] :shared_preferences_android:compileDebugJavaWithJavac (Thread[#38934,Execution worker,5,main]) started.
[        ] > Task :shared_preferences_android:compileDebugJavaWithJavac UP-TO-DATE
[        ] Custom actions are attached to task ':shared_preferences_android:compileDebugJavaWithJavac'.
[        ] Caching disabled for task ':shared_preferences_android:compileDebugJavaWithJavac' because:
[        ]   Build cache is disabled
[        ] Skipping task ':shared_preferences_android:compileDebugJavaWithJavac' as it is up-to-date.
[        ] No compile result for :shared_preferences_android:compileDebugJavaWithJavac
[        ] No compile result for :shared_preferences_android:compileDebugJavaWithJavac
[        ] Resolve mutations for :shared_preferences_android:bundleLibCompileToJarDebug (Thread[#38934,Execution worker,5,main]) started.
[        ] :shared_preferences_android:bundleLibCompileToJarDebug (Thread[#38934,Execution worker,5,main]) started.
[        ] > Task :shared_preferences_android:bundleLibCompileToJarDebug UP-TO-DATE
[        ] Caching disabled for task ':shared_preferences_android:bundleLibCompileToJarDebug' because:
[        ]   Build cache is disabled
[        ]   Simple merging task
[        ] Skipping task ':shared_preferences_android:bundleLibCompileToJarDebug' as it is up-to-date.
[        ] work action resolve classes.jar (project :shared_preferences_android) (Thread[#38934,Execution worker,5,main]) started.
[        ] Resolve mutations for :sqflite_android:javaPreCompileDebug (Thread[#38934,Execution worker,5,main]) started.
[        ] :sqflite_android:javaPreCompileDebug (Thread[#38934,Execution worker,5,main]) started.
[        ] > Task :sqflite_android:javaPreCompileDebug UP-TO-DATE
[        ] Caching disabled for task ':sqflite_android:javaPreCompileDebug' because:
[        ]   Build cache is disabled
[        ] Skipping task ':sqflite_android:javaPreCompileDebug' as it is up-to-date.
[        ] Resolve mutations for :sqflite_android:compileDebugJavaWithJavac (Thread[#38934,Execution worker,5,main]) started.
[        ] :sqflite_android:compileDebugJavaWithJavac (Thread[#38934,Execution worker,5,main]) started.
[        ] > Task :sqflite_android:compileDebugJavaWithJavac UP-TO-DATE
[        ] Custom actions are attached to task ':sqflite_android:compileDebugJavaWithJavac'.
[        ] Caching disabled for task ':sqflite_android:compileDebugJavaWithJavac' because:
[        ]   Build cache is disabled
[        ] Skipping task ':sqflite_android:compileDebugJavaWithJavac' as it is up-to-date.
[        ] No compile result for :sqflite_android:compileDebugJavaWithJavac
[        ] No compile result for :sqflite_android:compileDebugJavaWithJavac
[        ] Resolve mutations for :sqflite_android:bundleLibCompileToJarDebug (Thread[#38934,Execution worker,5,main]) started.
[        ] :sqflite_android:bundleLibCompileToJarDebug (Thread[#38934,Execution worker,5,main]) started.
[        ] > Task :sqflite_android:bundleLibCompileToJarDebug UP-TO-DATE
[        ] Caching disabled for task ':sqflite_android:bundleLibCompileToJarDebug' because:
[        ]   Build cache is disabled
[        ]   Simple merging task
[        ] Skipping task ':sqflite_android:bundleLibCompileToJarDebug' as it is up-to-date.
[        ] work action resolve classes.jar (project :sqflite_android) (Thread[#38934,Execution worker,5,main]) started.
[        ] Resolve mutations for :url_launcher_android:generateDebugBuildConfig (Thread[#38934,Execution worker,5,main]) started.
[        ] :url_launcher_android:generateDebugBuildConfig (Thread[#38934,Execution worker,5,main]) started.
[        ] > Task :url_launcher_android:generateDebugBuildConfig UP-TO-DATE
[        ] Caching disabled for task ':url_launcher_android:generateDebugBuildConfig' because:
[        ]   Build cache is disabled
[        ] Skipping task ':url_launcher_android:generateDebugBuildConfig' as it is up-to-date.
[        ] Resolve mutations for :url_launcher_android:javaPreCompileDebug (Thread[#38934,Execution worker,5,main]) started.
[        ] :url_launcher_android:javaPreCompileDebug (Thread[#38934,Execution worker,5,main]) started.
[        ] > Task :url_launcher_android:javaPreCompileDebug UP-TO-DATE
[        ] Caching disabled for task ':url_launcher_android:javaPreCompileDebug' because:
[        ]   Build cache is disabled
[        ] Skipping task ':url_launcher_android:javaPreCompileDebug' as it is up-to-date.
[        ] Resolve mutations for :url_launcher_android:compileDebugJavaWithJavac (Thread[#38934,Execution worker,5,main]) started.
[        ] :url_launcher_android:compileDebugJavaWithJavac (Thread[#38934,Execution worker,5,main]) started.
[        ] > Task :url_launcher_android:compileDebugJavaWithJavac UP-TO-DATE
[        ] Custom actions are attached to task ':url_launcher_android:compileDebugJavaWithJavac'.
[        ] Caching disabled for task ':url_launcher_android:compileDebugJavaWithJavac' because:
[        ]   Build cache is disabled
[        ] Skipping task ':url_launcher_android:compileDebugJavaWithJavac' as it is up-to-date.
[        ] No compile result for :url_launcher_android:compileDebugJavaWithJavac
[        ] No compile result for :url_launcher_android:compileDebugJavaWithJavac
[        ] Resolve mutations for :url_launcher_android:bundleLibCompileToJarDebug (Thread[#38934,Execution worker,5,main]) started.
[        ] :url_launcher_android:bundleLibCompileToJarDebug (Thread[#38934,Execution worker,5,main]) started.
[        ] > Task :url_launcher_android:bundleLibCompileToJarDebug UP-TO-DATE
[        ] Caching disabled for task ':url_launcher_android:bundleLibCompileToJarDebug' because:
[        ]   Build cache is disabled
[        ]   Simple merging task
[        ] Skipping task ':url_launcher_android:bundleLibCompileToJarDebug' as it is up-to-date.
[        ] work action resolve classes.jar (project :url_launcher_android) (Thread[#38934,Execution worker,5,main]) started.
[        ] Resolve mutations for :video_player_android:checkKotlinGradlePluginConfigurationErrors (Thread[#38934,Execution worker,5,main]) started.
[        ] :video_player_android:checkKotlinGradlePluginConfigurationErrors (Thread[#38934,Execution worker,5,main]) started.
[        ] > Task :video_player_android:checkKotlinGradlePluginConfigurationErrors SKIPPED
[        ] Skipping task ':video_player_android:checkKotlinGradlePluginConfigurationErrors' as task onlyIf 'errorDiagnostics are present' is false.
[        ] Resolve mutations for :video_player_android:compileDebugKotlin (Thread[#38934,Execution worker,5,main]) started.
[        ] :video_player_android:compileDebugKotlin (Thread[#38934,Execution worker,5,main]) started.
[        ] > Task :video_player_android:compileDebugKotlin UP-TO-DATE
[        ] Adding -Xuse-inline-scopes-numbers Kotlin compiler flag for task :video_player_android:compileDebugAndroidTestKotlin
[        ] Caching disabled for task ':video_player_android:compileDebugKotlin' because:
[        ]   Build cache is disabled
[        ] Skipping task ':video_player_android:compileDebugKotlin' as it is up-to-date.
[        ] Resolve mutations for :video_player_android:javaPreCompileDebug (Thread[#38934,Execution worker,5,main]) started.
[        ] :video_player_android:javaPreCompileDebug (Thread[#38934,Execution worker,5,main]) started.
[        ] > Task :video_player_android:javaPreCompileDebug UP-TO-DATE
[        ] Caching disabled for task ':video_player_android:javaPreCompileDebug' because:
[        ]   Build cache is disabled
[        ] Skipping task ':video_player_android:javaPreCompileDebug' as it is up-to-date.
[        ] Resolve mutations for :video_player_android:compileDebugJavaWithJavac (Thread[#38934,Execution worker,5,main]) started.
[        ] :video_player_android:compileDebugJavaWithJavac (Thread[#38934,Execution worker,5,main]) started.
[        ] > Task :video_player_android:compileDebugJavaWithJavac UP-TO-DATE
[        ] Custom actions are attached to task ':video_player_android:compileDebugJavaWithJavac'.
[        ] Caching disabled for task ':video_player_android:compileDebugJavaWithJavac' because:
[        ]   Build cache is disabled
[        ] Skipping task ':video_player_android:compileDebugJavaWithJavac' as it is up-to-date.
[        ] No compile result for :video_player_android:compileDebugJavaWithJavac
[        ] No compile result for :video_player_android:compileDebugJavaWithJavac
[        ] Resolve mutations for :video_player_android:bundleLibCompileToJarDebug (Thread[#38934,Execution worker,5,main]) started.
[        ] :video_player_android:bundleLibCompileToJarDebug (Thread[#38934,Execution worker,5,main]) started.
[        ] > Task :video_player_android:bundleLibCompileToJarDebug UP-TO-DATE
[        ] Caching disabled for task ':video_player_android:bundleLibCompileToJarDebug' because:
[        ]   Build cache is disabled
[        ]   Simple merging task
[        ] Skipping task ':video_player_android:bundleLibCompileToJarDebug' as it is up-to-date.
[        ] work action resolve classes.jar (project :video_player_android) (Thread[#38934,Execution worker,5,main]) started.
[        ] Resolve mutations for :app:compileDebugKotlin (Thread[#38934,Execution worker,5,main]) started.
[        ] :app:compileDebugKotlin (Thread[#38934,Execution worker,5,main]) started.
[        ] > Task :app:compileDebugKotlin UP-TO-DATE
[        ] Adding -Xuse-inline-scopes-numbers Kotlin compiler flag for task :app:compileDebugAndroidTestKotlin
[        ] Caching disabled for task ':app:compileDebugKotlin' because:
[        ]   Build cache is disabled
[        ] Skipping task ':app:compileDebugKotlin' as it is up-to-date.
[        ] Resolve mutations for :app:javaPreCompileDebug (Thread[#38934,Execution worker,5,main]) started.
[        ] :app:javaPreCompileDebug (Thread[#38934,Execution worker,5,main]) started.
[        ] > Task :app:javaPreCompileDebug UP-TO-DATE
[        ] Caching disabled for task ':app:javaPreCompileDebug' because:
[        ]   Build cache is disabled
[        ] Skipping task ':app:javaPreCompileDebug' as it is up-to-date.
[        ] Resolve mutations for :app:compileDebugJavaWithJavac (Thread[#38934,Execution worker,5,main]) started.
[        ] :app:compileDebugJavaWithJavac (Thread[#38934,Execution worker,5,main]) started.
[        ] > Task :app:compileDebugJavaWithJavac UP-TO-DATE
[        ] Custom actions are attached to task ':app:compileDebugJavaWithJavac'.
[        ] Caching disabled for task ':app:compileDebugJavaWithJavac' because:
[        ]   Build cache is disabled
[        ] Skipping task ':app:compileDebugJavaWithJavac' as it is up-to-date.
[        ] No compile result for :app:compileDebugJavaWithJavac
[        ] No compile result for :app:compileDebugJavaWithJavac
[        ] Resolve mutations for :app:compressDebugAssets (Thread[#38934,Execution worker,5,main]) started.
[        ] :app:compressDebugAssets (Thread[#38934,Execution worker,5,main]) started.
[        ] Resolve mutations for :app:processDebugJavaRes (Thread[#38942,Execution worker Thread 8,5,main]) started.
[        ] :app:processDebugJavaRes (Thread[#38942,Execution worker Thread 8,5,main]) started.
[        ] > Task :app:processDebugJavaRes UP-TO-DATE
[        ] file or directory '/Users/florian/Code/substitution/android/app/src/main/resources', not found
[        ] file or directory '/Users/florian/Code/substitution/android/app/src/debug/resources', not found
[        ] file or directory '/Users/florian/Code/substitution/android/app/src/main/resources', not found
[        ] file or directory '/Users/florian/Code/substitution/android/app/src/debug/resources', not found
[        ] Caching disabled for task ':app:processDebugJavaRes' because:
[        ]   Build cache is disabled
[        ]   Caching has been disabled for the task
[        ] Skipping task ':app:processDebugJavaRes' as it is up-to-date.
[        ] Resolve mutations for :connectivity_plus:processDebugJavaRes (Thread[#38942,Execution worker Thread 8,5,main]) started.
[        ] :connectivity_plus:processDebugJavaRes (Thread[#38942,Execution worker Thread 8,5,main]) started.
[        ] > Task :connectivity_plus:processDebugJavaRes NO-SOURCE
[        ] file or directory '/Users/florian/.pub-cache/hosted/pub.dev/connectivity_plus-5.0.2/android/src/main/resources', not found
[        ] file or directory '/Users/florian/.pub-cache/hosted/pub.dev/connectivity_plus-5.0.2/android/src/debug/resources', not found
[        ] Skipping task ':connectivity_plus:processDebugJavaRes' as it has no source files and no previous output files.
[        ] work action resolve out (project :connectivity_plus) (Thread[#38942,Execution worker Thread 8,5,main]) started.
[        ] Resolve mutations for :emoji_picker_flutter:processDebugJavaRes (Thread[#38942,Execution worker Thread 8,5,main]) started.
[        ] :emoji_picker_flutter:processDebugJavaRes (Thread[#38942,Execution worker Thread 8,5,main]) started.
[        ] > Task :emoji_picker_flutter:processDebugJavaRes UP-TO-DATE
[        ] file or directory '/Users/florian/.pub-cache/hosted/pub.dev/emoji_picker_flutter-4.4.0/android/src/main/resources', not found
[        ] file or directory '/Users/florian/.pub-cache/hosted/pub.dev/emoji_picker_flutter-4.4.0/android/src/debug/resources', not found
[        ] file or directory '/Users/florian/.pub-cache/hosted/pub.dev/emoji_picker_flutter-4.4.0/android/src/main/resources', not found
[        ] file or directory '/Users/florian/.pub-cache/hosted/pub.dev/emoji_picker_flutter-4.4.0/android/src/debug/resources', not found
[        ] Caching disabled for task ':emoji_picker_flutter:processDebugJavaRes' because:
[        ]   Build cache is disabled
[        ]   Caching has been disabled for the task
[        ] Skipping task ':emoji_picker_flutter:processDebugJavaRes' as it is up-to-date.
[        ] work action resolve out (project :emoji_picker_flutter) (Thread[#38942,Execution worker Thread 8,5,main]) started.
[        ] Resolve mutations for :file_selector_android:processDebugJavaRes (Thread[#38942,Execution worker Thread 8,5,main]) started.
[        ] :file_selector_android:processDebugJavaRes (Thread[#38942,Execution worker Thread 8,5,main]) started.
[        ] > Task :file_selector_android:processDebugJavaRes NO-SOURCE
[        ] file or directory '/Users/florian/.pub-cache/hosted/pub.dev/file_selector_android-0.5.2+4/android/src/main/resources', not found
[        ] file or directory '/Users/florian/.pub-cache/hosted/pub.dev/file_selector_android-0.5.2+4/android/src/debug/resources', not found
[        ] Skipping task ':file_selector_android:processDebugJavaRes' as it has no source files and no previous output files.
[        ] work action resolve out (project :file_selector_android) (Thread[#38942,Execution worker Thread 8,5,main]) started.
[        ] Resolve mutations for :flutter_keyboard_visibility_temp_fork:processDebugJavaRes (Thread[#38942,Execution worker Thread 8,5,main]) started.
[        ] :flutter_keyboard_visibility_temp_fork:processDebugJavaRes (Thread[#38942,Execution worker Thread 8,5,main]) started.
[        ] > Task :flutter_keyboard_visibility_temp_fork:processDebugJavaRes NO-SOURCE
[        ] file or directory '/Users/florian/.pub-cache/hosted/pub.dev/flutter_keyboard_visibility_temp_fork-0.1.5/android/src/main/resources', not found
[        ] file or directory '/Users/florian/.pub-cache/hosted/pub.dev/flutter_keyboard_visibility_temp_fork-0.1.5/android/src/debug/resources', not found
[        ] Skipping task ':flutter_keyboard_visibility_temp_fork:processDebugJavaRes' as it has no source files and no previous output files.
[        ] work action resolve out (project :flutter_keyboard_visibility_temp_fork) (Thread[#38942,Execution worker Thread 8,5,main]) started.
[        ] Resolve mutations for :flutter_native_splash:processDebugJavaRes (Thread[#38942,Execution worker Thread 8,5,main]) started.
[        ] :flutter_native_splash:processDebugJavaRes (Thread[#38942,Execution worker Thread 8,5,main]) started.
[        ] > Task :flutter_native_splash:processDebugJavaRes NO-SOURCE
[        ] file or directory '/Users/florian/.pub-cache/hosted/pub.dev/flutter_native_splash-2.4.7/android/src/main/resources', not found
[        ] file or directory '/Users/florian/.pub-cache/hosted/pub.dev/flutter_native_splash-2.4.7/android/src/debug/resources', not found
[        ] Skipping task ':flutter_native_splash:processDebugJavaRes' as it has no source files and no previous output files.
[        ] work action resolve out (project :flutter_native_splash) (Thread[#38942,Execution worker Thread 8,5,main]) started.
[        ] Resolve mutations for :flutter_olm:processDebugJavaRes (Thread[#38942,Execution worker Thread 8,5,main]) started.
[        ] :flutter_olm:processDebugJavaRes (Thread[#38942,Execution worker Thread 8,5,main]) started.
[        ] > Task :flutter_olm:processDebugJavaRes UP-TO-DATE
[        ] file or directory '/Users/florian/.pub-cache/hosted/pub.dev/flutter_olm-2.0.0/android/src/main/resources', not found
[        ] file or directory '/Users/florian/.pub-cache/hosted/pub.dev/flutter_olm-2.0.0/android/src/debug/resources', not found
[        ] file or directory '/Users/florian/.pub-cache/hosted/pub.dev/flutter_olm-2.0.0/android/src/main/resources', not found
[        ] file or directory '/Users/florian/.pub-cache/hosted/pub.dev/flutter_olm-2.0.0/android/src/debug/resources', not found
[        ] Caching disabled for task ':flutter_olm:processDebugJavaRes' because:
[        ]   Build cache is disabled
[        ]   Caching has been disabled for the task
[        ] Skipping task ':flutter_olm:processDebugJavaRes' as it is up-to-date.
[        ] work action resolve out (project :flutter_olm) (Thread[#38942,Execution worker Thread 8,5,main]) started.
[        ] Resolve mutations for :flutter_openssl_crypto:processDebugJavaRes (Thread[#38942,Execution worker Thread 8,5,main]) started.
[        ] :flutter_openssl_crypto:processDebugJavaRes (Thread[#38942,Execution worker Thread 8,5,main]) started.
[        ] > Task :flutter_openssl_crypto:processDebugJavaRes UP-TO-DATE
[        ] file or directory '/Users/florian/.pub-cache/hosted/pub.dev/flutter_openssl_crypto-0.5.0/android/src/main/resources', not found
[        ] file or directory '/Users/florian/.pub-cache/hosted/pub.dev/flutter_openssl_crypto-0.5.0/android/src/debug/resources', not found
[        ] file or directory '/Users/florian/.pub-cache/hosted/pub.dev/flutter_openssl_crypto-0.5.0/android/src/main/resources', not found
[        ] file or directory '/Users/florian/.pub-cache/hosted/pub.dev/flutter_openssl_crypto-0.5.0/android/src/debug/resources', not found
[        ] Caching disabled for task ':flutter_openssl_crypto:processDebugJavaRes' because:
[        ]   Build cache is disabled
[        ]   Caching has been disabled for the task
[        ] Skipping task ':flutter_openssl_crypto:processDebugJavaRes' as it is up-to-date.
[        ] work action resolve out (project :flutter_openssl_crypto) (Thread[#38942,Execution worker Thread 8,5,main]) started.
[        ] Resolve mutations for :integration_test:processDebugJavaRes (Thread[#38942,Execution worker Thread 8,5,main]) started.
[        ] :integration_test:processDebugJavaRes (Thread[#38942,Execution worker Thread 8,5,main]) started.
[        ] > Task :integration_test:processDebugJavaRes NO-SOURCE
[        ] file or directory '/opt/homebrew/share/flutter/packages/integration_test/android/src/main/resources', not found
[        ] file or directory '/opt/homebrew/share/flutter/packages/integration_test/android/src/debug/resources', not found
[        ] Skipping task ':integration_test:processDebugJavaRes' as it has no source files and no previous output files.
[        ] work action resolve out (project :integration_test) (Thread[#38942,Execution worker Thread 8,5,main]) started.
[        ] Resolve mutations for :path_provider_android:processDebugJavaRes (Thread[#38942,Execution worker Thread 8,5,main]) started.
[        ] :path_provider_android:processDebugJavaRes (Thread[#38942,Execution worker Thread 8,5,main]) started.
[        ] > Task :path_provider_android:processDebugJavaRes NO-SOURCE
[        ] file or directory '/Users/florian/.pub-cache/hosted/pub.dev/path_provider_android-2.2.22/android/src/main/resources', not found
[        ] file or directory '/Users/florian/.pub-cache/hosted/pub.dev/path_provider_android-2.2.22/android/src/debug/resources', not found
[        ] Skipping task ':path_provider_android:processDebugJavaRes' as it has no source files and no previous output files.
[        ] work action resolve out (project :path_provider_android) (Thread[#38942,Execution worker Thread 8,5,main]) started.
[        ] Resolve mutations for :quill_native_bridge_android:processDebugJavaRes (Thread[#38958,Execution worker Thread 24,5,main]) started.
[        ] :quill_native_bridge_android:processDebugJavaRes (Thread[#38958,Execution worker Thread 24,5,main]) started.
[        ] > Task :quill_native_bridge_android:processDebugJavaRes UP-TO-DATE
[        ] file or directory '/Users/florian/.pub-cache/hosted/pub.dev/quill_native_bridge_android-0.0.1+2/android/src/main/resources', not found
[        ] file or directory '/Users/florian/.pub-cache/hosted/pub.dev/quill_native_bridge_android-0.0.1+2/android/src/debug/resources', not found
[        ] file or directory '/Users/florian/.pub-cache/hosted/pub.dev/quill_native_bridge_android-0.0.1+2/android/src/main/resources', not found
[        ] file or directory '/Users/florian/.pub-cache/hosted/pub.dev/quill_native_bridge_android-0.0.1+2/android/src/debug/resources', not found
[        ] Caching disabled for task ':quill_native_bridge_android:processDebugJavaRes' because:
[        ]   Build cache is disabled
[        ]   Caching has been disabled for the task
[        ] Skipping task ':quill_native_bridge_android:processDebugJavaRes' as it is up-to-date.
[        ] work action resolve out (project :quill_native_bridge_android) (Thread[#38958,Execution worker Thread 24,5,main]) started.
[        ] Resolve mutations for :shared_preferences_android:processDebugJavaRes (Thread[#38958,Execution worker Thread 24,5,main]) started.
[        ] :shared_preferences_android:processDebugJavaRes (Thread[#38958,Execution worker Thread 24,5,main]) started.
[        ] > Task :shared_preferences_android:processDebugJavaRes UP-TO-DATE
[        ] file or directory '/Users/florian/.pub-cache/hosted/pub.dev/shared_preferences_android-2.4.20/android/src/main/resources', not found
[        ] file or directory '/Users/florian/.pub-cache/hosted/pub.dev/shared_preferences_android-2.4.20/android/src/debug/resources', not found
[        ] file or directory '/Users/florian/.pub-cache/hosted/pub.dev/shared_preferences_android-2.4.20/android/src/main/resources', not found
[        ] file or directory '/Users/florian/.pub-cache/hosted/pub.dev/shared_preferences_android-2.4.20/android/src/debug/resources', not found
[        ] Caching disabled for task ':shared_preferences_android:processDebugJavaRes' because:
[        ]   Build cache is disabled
[        ]   Caching has been disabled for the task
[        ] Skipping task ':shared_preferences_android:processDebugJavaRes' as it is up-to-date.
[        ] work action resolve out (project :shared_preferences_android) (Thread[#38958,Execution worker Thread 24,5,main]) started.
[        ] Resolve mutations for :sqflite_android:processDebugJavaRes (Thread[#38958,Execution worker Thread 24,5,main]) started.
[        ] :sqflite_android:processDebugJavaRes (Thread[#38958,Execution worker Thread 24,5,main]) started.
[        ] > Task :sqflite_android:processDebugJavaRes NO-SOURCE
[        ] file or directory '/Users/florian/.pub-cache/hosted/pub.dev/sqflite_android-2.4.2+2/android/src/main/resources', not found
[        ] file or directory '/Users/florian/.pub-cache/hosted/pub.dev/sqflite_android-2.4.2+2/android/src/debug/resources', not found
[        ] Skipping task ':sqflite_android:processDebugJavaRes' as it has no source files and no previous output files.
[        ] work action resolve out (project :sqflite_android) (Thread[#38958,Execution worker Thread 24,5,main]) started.
[        ] Resolve mutations for :url_launcher_android:processDebugJavaRes (Thread[#38958,Execution worker Thread 24,5,main]) started.
[        ] :url_launcher_android:processDebugJavaRes (Thread[#38958,Execution worker Thread 24,5,main]) started.
[        ] > Task :url_launcher_android:processDebugJavaRes NO-SOURCE
[        ] file or directory '/Users/florian/.pub-cache/hosted/pub.dev/url_launcher_android-6.3.28/android/src/main/resources', not found
[        ] file or directory '/Users/florian/.pub-cache/hosted/pub.dev/url_launcher_android-6.3.28/android/src/debug/resources', not found
[        ] Skipping task ':url_launcher_android:processDebugJavaRes' as it has no source files and no previous output files.
[        ] work action resolve out (project :url_launcher_android) (Thread[#38958,Execution worker Thread 24,5,main]) started.
[        ] Resolve mutations for :video_player_android:processDebugJavaRes (Thread[#38958,Execution worker Thread 24,5,main]) started.
[        ] :video_player_android:processDebugJavaRes (Thread[#38958,Execution worker Thread 24,5,main]) started.
[        ] > Task :video_player_android:processDebugJavaRes UP-TO-DATE
[        ] file or directory '/Users/florian/.pub-cache/hosted/pub.dev/video_player_android-2.9.1/android/src/main/resources', not found
[        ] file or directory '/Users/florian/.pub-cache/hosted/pub.dev/video_player_android-2.9.1/android/src/debug/resources', not found
[        ] file or directory '/Users/florian/.pub-cache/hosted/pub.dev/video_player_android-2.9.1/android/src/main/resources', not found
[        ] file or directory '/Users/florian/.pub-cache/hosted/pub.dev/video_player_android-2.9.1/android/src/debug/resources', not found
[        ] Caching disabled for task ':video_player_android:processDebugJavaRes' because:
[        ]   Build cache is disabled
[        ]   Caching has been disabled for the task
[        ] Skipping task ':video_player_android:processDebugJavaRes' as it is up-to-date.
[        ] work action resolve out (project :video_player_android) (Thread[#38958,Execution worker Thread 24,5,main]) started.
[        ] Resolve mutations for :app:mergeDebugJavaResource (Thread[#38958,Execution worker Thread 24,5,main]) started.
[        ] :app:mergeDebugJavaResource (Thread[#38958,Execution worker Thread 24,5,main]) started.
[        ] > Task :app:mergeDebugJavaResource UP-TO-DATE
[        ] Caching disabled for task ':app:mergeDebugJavaResource' because:
[        ]   Build cache is disabled
[        ]   Caching has been disabled for the task
[        ] Skipping task ':app:mergeDebugJavaResource' as it is up-to-date.
[        ] Resolve mutations for :app:checkDebugDuplicateClasses (Thread[#38958,Execution worker Thread 24,5,main]) started.
[        ] :app:checkDebugDuplicateClasses (Thread[#38958,Execution worker Thread 24,5,main]) started.
[        ] > Task :app:checkDebugDuplicateClasses UP-TO-DATE
[        ] Caching disabled for task ':app:checkDebugDuplicateClasses' because:
[        ]   Build cache is disabled
[        ]   Caching has been disabled for the task
[        ] Skipping task ':app:checkDebugDuplicateClasses' as it is up-to-date.
[        ] Resolve mutations for :app:desugarDebugFileDependencies (Thread[#38958,Execution worker Thread 24,5,main]) started.
[        ] :app:desugarDebugFileDependencies (Thread[#38958,Execution worker Thread 24,5,main]) started.
[        ] > Task :app:desugarDebugFileDependencies UP-TO-DATE
[        ] Caching disabled for task ':app:desugarDebugFileDependencies' because:
[        ]   Build cache is disabled
[        ] Skipping task ':app:desugarDebugFileDependencies' as it is up-to-date.
[        ] Resolve mutations for :app:mergeExtDexDebug (Thread[#38958,Execution worker Thread 24,5,main]) started.
[        ] :app:mergeExtDexDebug (Thread[#38958,Execution worker Thread 24,5,main]) started.
[        ] > Task :app:mergeExtDexDebug UP-TO-DATE
[        ] Caching disabled for task ':app:mergeExtDexDebug' because:
[        ]   Build cache is disabled
[        ] Skipping task ':app:mergeExtDexDebug' as it is up-to-date.
[        ] Resolve mutations for :connectivity_plus:bundleLibRuntimeToDirDebug (Thread[#38958,Execution worker Thread 24,5,main]) started.
[        ] :connectivity_plus:bundleLibRuntimeToDirDebug (Thread[#38958,Execution worker Thread 24,5,main]) started.
[        ] > Task :connectivity_plus:bundleLibRuntimeToDirDebug UP-TO-DATE
[        ] Caching disabled for task ':connectivity_plus:bundleLibRuntimeToDirDebug' because:
[        ]   Build cache is disabled
[        ]   Simple merging task
[        ] Skipping task ':connectivity_plus:bundleLibRuntimeToDirDebug' as it is up-to-date.
[        ] work action resolve bundleLibRuntimeToDirDebug (project :connectivity_plus) (Thread[#38958,Execution worker Thread 24,5,main]) started.
[        ] ClassesDirToClassesTransform (Thread[#38958,Execution worker Thread 24,5,main]) started.
[        ] Resolve mutations for :emoji_picker_flutter:bundleLibRuntimeToDirDebug (Thread[#38956,Execution worker Thread 22,5,main]) started.
[        ] :emoji_picker_flutter:bundleLibRuntimeToDirDebug (Thread[#38956,Execution worker Thread 22,5,main]) started.
[        ] DexingNoClasspathTransform (Thread[#38958,Execution worker Thread 24,5,main]) started.
[        ] > Task :emoji_picker_flutter:bundleLibRuntimeToDirDebug UP-TO-DATE
[        ] Caching disabled for task ':emoji_picker_flutter:bundleLibRuntimeToDirDebug' because:
[        ]   Build cache is disabled
[        ]   Simple merging task
[        ] Skipping task ':emoji_picker_flutter:bundleLibRuntimeToDirDebug' as it is up-to-date.
[        ] work action resolve bundleLibRuntimeToDirDebug (project :emoji_picker_flutter) (Thread[#38956,Execution worker Thread 22,5,main]) started.
[        ] > Transform bundleLibRuntimeToDirDebug (project :connectivity_plus) with DexingNoClasspathTransform
[        ] Caching disabled for DexingNoClasspathTransform: /Users/florian/Code/substitution/build/connectivity_plus/intermediates/runtime_library_classes_dir/debug/bundleLibRuntimeToDirDebug because:
[        ]   Build cache is disabled
[        ] Skipping DexingNoClasspathTransform: /Users/florian/Code/substitution/build/connectivity_plus/intermediates/runtime_library_classes_dir/debug/bundleLibRuntimeToDirDebug as it is up-to-date.
[        ] ClassesDirToClassesTransform (Thread[#38956,Execution worker Thread 22,5,main]) started.
[        ] Resolve mutations for :file_selector_android:bundleLibRuntimeToDirDebug (Thread[#38938,Execution worker Thread 5,5,main]) started.
[        ] :file_selector_android:bundleLibRuntimeToDirDebug (Thread[#38938,Execution worker Thread 5,5,main]) started.
[        ] DexingNoClasspathTransform (Thread[#38956,Execution worker Thread 22,5,main]) started.
[        ] > Transform bundleLibRuntimeToDirDebug (project :emoji_picker_flutter) with DexingNoClasspathTransform
[        ] Caching disabled for DexingNoClasspathTransform: /Users/florian/Code/substitution/build/emoji_picker_flutter/intermediates/runtime_library_classes_dir/debug/bundleLibRuntimeToDirDebug because:
[        ]   Build cache is disabled
[        ] Skipping DexingNoClasspathTransform: /Users/florian/Code/substitution/build/emoji_picker_flutter/intermediates/runtime_library_classes_dir/debug/bundleLibRuntimeToDirDebug as it is up-to-date.
[        ] > Task :file_selector_android:bundleLibRuntimeToDirDebug UP-TO-DATE
[        ] Caching disabled for task ':file_selector_android:bundleLibRuntimeToDirDebug' because:
[        ]   Build cache is disabled
[        ]   Simple merging task
[        ] Skipping task ':file_selector_android:bundleLibRuntimeToDirDebug' as it is up-to-date.
[        ] work action resolve bundleLibRuntimeToDirDebug (project :file_selector_android) (Thread[#38938,Execution worker Thread 5,5,main]) started.
[        ] ClassesDirToClassesTransform (Thread[#38938,Execution worker Thread 5,5,main]) started.
[        ] Resolve mutations for :flutter_keyboard_visibility_temp_fork:bundleLibRuntimeToDirDebug (Thread[#38953,Execution worker Thread 19,5,main]) started.
[        ] DexingNoClasspathTransform (Thread[#38938,Execution worker Thread 5,5,main]) started.
[        ] :flutter_keyboard_visibility_temp_fork:bundleLibRuntimeToDirDebug (Thread[#38953,Execution worker Thread 19,5,main]) started.
[        ] > Task :flutter_keyboard_visibility_temp_fork:bundleLibRuntimeToDirDebug UP-TO-DATE
[        ] Caching disabled for task ':flutter_keyboard_visibility_temp_fork:bundleLibRuntimeToDirDebug' because:
[        ]   Build cache is disabled
[        ]   Simple merging task
[        ] Skipping task ':flutter_keyboard_visibility_temp_fork:bundleLibRuntimeToDirDebug' as it is up-to-date.
[        ] work action resolve bundleLibRuntimeToDirDebug (project :flutter_keyboard_visibility_temp_fork) (Thread[#38953,Execution worker Thread 19,5,main]) started.
[        ] ClassesDirToClassesTransform (Thread[#38953,Execution worker Thread 19,5,main]) started.
[        ] Resolve mutations for :flutter_native_splash:bundleLibRuntimeToDirDebug (Thread[#38958,Execution worker Thread 24,5,main]) started.
[        ] DexingNoClasspathTransform (Thread[#38953,Execution worker Thread 19,5,main]) started.
[        ] :flutter_native_splash:bundleLibRuntimeToDirDebug (Thread[#38958,Execution worker Thread 24,5,main]) started.
[        ] > Transform bundleLibRuntimeToDirDebug (project :file_selector_android) with DexingNoClasspathTransform
[        ] Caching disabled for DexingNoClasspathTransform: /Users/florian/Code/substitution/build/file_selector_android/intermediates/runtime_library_classes_dir/debug/bundleLibRuntimeToDirDebug because:
[        ]   Build cache is disabled
[        ] Skipping DexingNoClasspathTransform: /Users/florian/Code/substitution/build/file_selector_android/intermediates/runtime_library_classes_dir/debug/bundleLibRuntimeToDirDebug as it is up-to-date.
[        ] > Task :flutter_native_splash:bundleLibRuntimeToDirDebug UP-TO-DATE
[        ] Caching disabled for task ':flutter_native_splash:bundleLibRuntimeToDirDebug' because:
[        ]   Build cache is disabled
[        ]   Simple merging task
[        ] Skipping task ':flutter_native_splash:bundleLibRuntimeToDirDebug' as it is up-to-date.
[        ] work action resolve bundleLibRuntimeToDirDebug (project :flutter_native_splash) (Thread[#38958,Execution worker Thread 24,5,main]) started.
[        ] ClassesDirToClassesTransform (Thread[#38958,Execution worker Thread 24,5,main]) started.
[        ] Resolve mutations for :flutter_olm:bundleLibRuntimeToDirDebug (Thread[#38946,Execution worker Thread 12,5,main]) started.
[        ] > Transform bundleLibRuntimeToDirDebug (project :flutter_keyboard_visibility_temp_fork) with DexingNoClasspathTransform
[        ] Caching disabled for DexingNoClasspathTransform: /Users/florian/Code/substitution/build/flutter_keyboard_visibility_temp_fork/intermediates/runtime_library_classes_dir/debug/bundleLibRuntimeToDirDebug because:
[        ]   Build cache is disabled
[        ] Skipping DexingNoClasspathTransform: /Users/florian/Code/substitution/build/flutter_keyboard_visibility_temp_fork/intermediates/runtime_library_classes_dir/debug/bundleLibRuntimeToDirDebug as it is up-to-date.
[        ] :flutter_olm:bundleLibRuntimeToDirDebug (Thread[#38946,Execution worker Thread 12,5,main]) started.
[        ] DexingNoClasspathTransform (Thread[#38958,Execution worker Thread 24,5,main]) started.
[        ] > Task :flutter_olm:bundleLibRuntimeToDirDebug UP-TO-DATE
[        ] Caching disabled for task ':flutter_olm:bundleLibRuntimeToDirDebug' because:
[        ]   Build cache is disabled
[        ]   Simple merging task
[        ] Skipping task ':flutter_olm:bundleLibRuntimeToDirDebug' as it is up-to-date.
[        ] work action resolve bundleLibRuntimeToDirDebug (project :flutter_olm) (Thread[#38946,Execution worker Thread 12,5,main]) started.
[        ] ClassesDirToClassesTransform (Thread[#38946,Execution worker Thread 12,5,main]) started.
[        ] Resolve mutations for :flutter_openssl_crypto:bundleLibRuntimeToDirDebug (Thread[#38943,Execution worker Thread 9,5,main]) started.
[        ] DexingNoClasspathTransform (Thread[#38946,Execution worker Thread 12,5,main]) started.
[        ] :flutter_openssl_crypto:bundleLibRuntimeToDirDebug (Thread[#38943,Execution worker Thread 9,5,main]) started.
[        ] > Transform bundleLibRuntimeToDirDebug (project :flutter_native_splash) with DexingNoClasspathTransform
[        ] Caching disabled for DexingNoClasspathTransform: /Users/florian/Code/substitution/build/flutter_native_splash/intermediates/runtime_library_classes_dir/debug/bundleLibRuntimeToDirDebug because:
[        ]   Build cache is disabled
[        ] Skipping DexingNoClasspathTransform: /Users/florian/Code/substitution/build/flutter_native_splash/intermediates/runtime_library_classes_dir/debug/bundleLibRuntimeToDirDebug as it is up-to-date.
[        ] > Transform bundleLibRuntimeToDirDebug (project :flutter_olm) with DexingNoClasspathTransform
[        ] Caching disabled for DexingNoClasspathTransform: /Users/florian/Code/substitution/build/flutter_olm/intermediates/runtime_library_classes_dir/debug/bundleLibRuntimeToDirDebug because:
[        ]   Build cache is disabled
[        ] Skipping DexingNoClasspathTransform: /Users/florian/Code/substitution/build/flutter_olm/intermediates/runtime_library_classes_dir/debug/bundleLibRuntimeToDirDebug as it is up-to-date.
[        ] > Task :flutter_openssl_crypto:bundleLibRuntimeToDirDebug UP-TO-DATE
[        ] Caching disabled for task ':flutter_openssl_crypto:bundleLibRuntimeToDirDebug' because:
[        ]   Build cache is disabled
[        ]   Simple merging task
[        ] Skipping task ':flutter_openssl_crypto:bundleLibRuntimeToDirDebug' as it is up-to-date.
[        ] work action resolve bundleLibRuntimeToDirDebug (project :flutter_openssl_crypto) (Thread[#38943,Execution worker Thread 9,5,main]) started.
[        ] ClassesDirToClassesTransform (Thread[#38943,Execution worker Thread 9,5,main]) started.
[        ] Resolve mutations for :integration_test:bundleLibRuntimeToDirDebug (Thread[#38958,Execution worker Thread 24,5,main]) started.
[        ] :integration_test:bundleLibRuntimeToDirDebug (Thread[#38958,Execution worker Thread 24,5,main]) started.
[        ] DexingNoClasspathTransform (Thread[#38943,Execution worker Thread 9,5,main]) started.
[        ] > Task :integration_test:bundleLibRuntimeToDirDebug UP-TO-DATE
[        ] Caching disabled for task ':integration_test:bundleLibRuntimeToDirDebug' because:
[        ]   Build cache is disabled
[        ]   Simple merging task
[        ] Skipping task ':integration_test:bundleLibRuntimeToDirDebug' as it is up-to-date.
[        ] work action resolve bundleLibRuntimeToDirDebug (project :integration_test) (Thread[#38958,Execution worker Thread 24,5,main]) started.
[        ] ClassesDirToClassesTransform (Thread[#38958,Execution worker Thread 24,5,main]) started.
[        ] Resolve mutations for :path_provider_android:bundleLibRuntimeToDirDebug (Thread[#38940,Execution worker Thread 7,5,main]) started.
[        ] :path_provider_android:bundleLibRuntimeToDirDebug (Thread[#38940,Execution worker Thread 7,5,main]) started.
[        ] > Transform bundleLibRuntimeToDirDebug (project :flutter_openssl_crypto) with DexingNoClasspathTransform
[        ] Caching disabled for DexingNoClasspathTransform: /Users/florian/Code/substitution/build/flutter_openssl_crypto/intermediates/runtime_library_classes_dir/debug/bundleLibRuntimeToDirDebug because:
[        ]   Build cache is disabled
[        ] Skipping DexingNoClasspathTransform: /Users/florian/Code/substitution/build/flutter_openssl_crypto/intermediates/runtime_library_classes_dir/debug/bundleLibRuntimeToDirDebug as it is up-to-date.
[        ] DexingNoClasspathTransform (Thread[#38958,Execution worker Thread 24,5,main]) started.
[        ] > Task :path_provider_android:bundleLibRuntimeToDirDebug UP-TO-DATE
[        ] Caching disabled for task ':path_provider_android:bundleLibRuntimeToDirDebug' because:
[        ]   Build cache is disabled
[        ]   Simple merging task
[        ] Skipping task ':path_provider_android:bundleLibRuntimeToDirDebug' as it is up-to-date.
[        ] work action resolve bundleLibRuntimeToDirDebug (project :path_provider_android) (Thread[#38940,Execution worker Thread 7,5,main]) started.
[        ] Resolve mutations for :quill_native_bridge_android:bundleLibRuntimeToDirDebug (Thread[#38942,Execution worker Thread 8,5,main]) started.
[        ] ClassesDirToClassesTransform (Thread[#38940,Execution worker Thread 7,5,main]) started.
[        ] :quill_native_bridge_android:bundleLibRuntimeToDirDebug (Thread[#38942,Execution worker Thread 8,5,main]) started.
[        ] DexingNoClasspathTransform (Thread[#38940,Execution worker Thread 7,5,main]) started.
[        ] > Transform bundleLibRuntimeToDirDebug (project :integration_test) with DexingNoClasspathTransform
[        ] Caching disabled for DexingNoClasspathTransform: /Users/florian/Code/substitution/build/integration_test/intermediates/runtime_library_classes_dir/debug/bundleLibRuntimeToDirDebug because:
[        ]   Build cache is disabled
[        ] Skipping DexingNoClasspathTransform: /Users/florian/Code/substitution/build/integration_test/intermediates/runtime_library_classes_dir/debug/bundleLibRuntimeToDirDebug as it is up-to-date.
[        ] > Transform bundleLibRuntimeToDirDebug (project :path_provider_android) with DexingNoClasspathTransform
[        ] Caching disabled for DexingNoClasspathTransform: /Users/florian/Code/substitution/build/path_provider_android/intermediates/runtime_library_classes_dir/debug/bundleLibRuntimeToDirDebug because:
[        ]   Build cache is disabled
[        ] Skipping DexingNoClasspathTransform: /Users/florian/Code/substitution/build/path_provider_android/intermediates/runtime_library_classes_dir/debug/bundleLibRuntimeToDirDebug as it is up-to-date.
[        ] > Task :quill_native_bridge_android:bundleLibRuntimeToDirDebug UP-TO-DATE
[        ] Caching disabled for task ':quill_native_bridge_android:bundleLibRuntimeToDirDebug' because:
[        ]   Build cache is disabled
[        ]   Simple merging task
[        ] Skipping task ':quill_native_bridge_android:bundleLibRuntimeToDirDebug' as it is up-to-date.
[        ] work action resolve bundleLibRuntimeToDirDebug (project :quill_native_bridge_android) (Thread[#38942,Execution worker Thread 8,5,main]) started.
[        ] ClassesDirToClassesTransform (Thread[#38942,Execution worker Thread 8,5,main]) started.
[        ] Resolve mutations for :shared_preferences_android:bundleLibRuntimeToDirDebug (Thread[#38938,Execution worker Thread 5,5,main]) started.
[        ] :shared_preferences_android:bundleLibRuntimeToDirDebug (Thread[#38938,Execution worker Thread 5,5,main]) started.
[        ] DexingNoClasspathTransform (Thread[#38942,Execution worker Thread 8,5,main]) started.
[        ] > Transform bundleLibRuntimeToDirDebug (project :quill_native_bridge_android) with DexingNoClasspathTransform
[        ] Caching disabled for DexingNoClasspathTransform: /Users/florian/Code/substitution/build/quill_native_bridge_android/intermediates/runtime_library_classes_dir/debug/bundleLibRuntimeToDirDebug because:
[        ]   Build cache is disabled
[        ] Skipping DexingNoClasspathTransform: /Users/florian/Code/substitution/build/quill_native_bridge_android/intermediates/runtime_library_classes_dir/debug/bundleLibRuntimeToDirDebug as it is up-to-date.
[        ] > Task :shared_preferences_android:bundleLibRuntimeToDirDebug UP-TO-DATE
[        ] Caching disabled for task ':shared_preferences_android:bundleLibRuntimeToDirDebug' because:
[        ]   Build cache is disabled
[        ]   Simple merging task
[        ] Skipping task ':shared_preferences_android:bundleLibRuntimeToDirDebug' as it is up-to-date.
[        ] work action resolve bundleLibRuntimeToDirDebug (project :shared_preferences_android) (Thread[#38938,Execution worker Thread 5,5,main]) started.
[        ] ClassesDirToClassesTransform (Thread[#38938,Execution worker Thread 5,5,main]) started.
[        ] Resolve mutations for :sqflite_android:bundleLibRuntimeToDirDebug (Thread[#38942,Execution worker Thread 8,5,main]) started.
[        ] :sqflite_android:bundleLibRuntimeToDirDebug (Thread[#38942,Execution worker Thread 8,5,main]) started.
[        ] DexingNoClasspathTransform (Thread[#38938,Execution worker Thread 5,5,main]) started.
[        ] > Task :sqflite_android:bundleLibRuntimeToDirDebug UP-TO-DATE
[        ] Caching disabled for task ':sqflite_android:bundleLibRuntimeToDirDebug' because:
[        ]   Build cache is disabled
[        ]   Simple merging task
[        ] Skipping task ':sqflite_android:bundleLibRuntimeToDirDebug' as it is up-to-date.
[        ] work action resolve bundleLibRuntimeToDirDebug (project :sqflite_android) (Thread[#38942,Execution worker Thread 8,5,main]) started.
[  +92 ms] ClassesDirToClassesTransform (Thread[#38942,Execution worker Thread 8,5,main]) started.
[        ] Resolve mutations for :url_launcher_android:bundleLibRuntimeToDirDebug (Thread[#38948,Execution worker Thread 14,5,main]) started.
[        ] > Transform bundleLibRuntimeToDirDebug (project :shared_preferences_android) with DexingNoClasspathTransform
[        ] Caching disabled for DexingNoClasspathTransform: /Users/florian/Code/substitution/build/shared_preferences_android/intermediates/runtime_library_classes_dir/debug/bundleLibRuntimeToDirDebug because:
[        ]   Build cache is disabled
[        ] Skipping DexingNoClasspathTransform: /Users/florian/Code/substitution/build/shared_preferences_android/intermediates/runtime_library_classes_dir/debug/bundleLibRuntimeToDirDebug as it is up-to-date.
[        ] :url_launcher_android:bundleLibRuntimeToDirDebug (Thread[#38948,Execution worker Thread 14,5,main]) started.
[        ] DexingNoClasspathTransform (Thread[#38942,Execution worker Thread 8,5,main]) started.
[        ] > Task :url_launcher_android:bundleLibRuntimeToDirDebug UP-TO-DATE
[        ] Caching disabled for task ':url_launcher_android:bundleLibRuntimeToDirDebug' because:
[        ]   Build cache is disabled
[        ]   Simple merging task
[        ] Skipping task ':url_launcher_android:bundleLibRuntimeToDirDebug' as it is up-to-date.
[        ] work action resolve bundleLibRuntimeToDirDebug (project :url_launcher_android) (Thread[#38948,Execution worker Thread 14,5,main]) started.
[        ] ClassesDirToClassesTransform (Thread[#38948,Execution worker Thread 14,5,main]) started.
[        ] Resolve mutations for :video_player_android:bundleLibRuntimeToDirDebug (Thread[#38943,Execution worker Thread 9,5,main]) started.
[        ] :video_player_android:bundleLibRuntimeToDirDebug (Thread[#38943,Execution worker Thread 9,5,main]) started.
[        ] DexingNoClasspathTransform (Thread[#38948,Execution worker Thread 14,5,main]) started.
[        ] > Transform bundleLibRuntimeToDirDebug (project :sqflite_android) with DexingNoClasspathTransform
[        ] Caching disabled for DexingNoClasspathTransform: /Users/florian/Code/substitution/build/sqflite_android/intermediates/runtime_library_classes_dir/debug/bundleLibRuntimeToDirDebug because:
[        ]   Build cache is disabled
[        ] Skipping DexingNoClasspathTransform: /Users/florian/Code/substitution/build/sqflite_android/intermediates/runtime_library_classes_dir/debug/bundleLibRuntimeToDirDebug as it is up-to-date.
[        ] > Transform bundleLibRuntimeToDirDebug (project :url_launcher_android) with DexingNoClasspathTransform
[        ] Caching disabled for DexingNoClasspathTransform: /Users/florian/Code/substitution/build/url_launcher_android/intermediates/runtime_library_classes_dir/debug/bundleLibRuntimeToDirDebug because:
[        ]   Build cache is disabled
[        ] Skipping DexingNoClasspathTransform: /Users/florian/Code/substitution/build/url_launcher_android/intermediates/runtime_library_classes_dir/debug/bundleLibRuntimeToDirDebug as it is up-to-date.
[        ] > Task :video_player_android:bundleLibRuntimeToDirDebug UP-TO-DATE
[        ] Caching disabled for task ':video_player_android:bundleLibRuntimeToDirDebug' because:
[        ]   Build cache is disabled
[        ]   Simple merging task
[        ] Skipping task ':video_player_android:bundleLibRuntimeToDirDebug' as it is up-to-date.
[        ] work action resolve bundleLibRuntimeToDirDebug (project :video_player_android) (Thread[#38943,Execution worker Thread 9,5,main]) started.
[        ] ClassesDirToClassesTransform (Thread[#38943,Execution worker Thread 9,5,main]) started.
[        ] Resolve mutations for :app:dexBuilderDebug (Thread[#38955,Execution worker Thread 21,5,main]) started.
[        ] :app:dexBuilderDebug (Thread[#38955,Execution worker Thread 21,5,main]) started.
[        ] DexingNoClasspathTransform (Thread[#38943,Execution worker Thread 9,5,main]) started.
[        ] > Task :app:dexBuilderDebug UP-TO-DATE
[        ] Caching disabled for task ':app:dexBuilderDebug' because:
[        ]   Build cache is disabled
[        ] Skipping task ':app:dexBuilderDebug' as it is up-to-date.
[        ] > Transform bundleLibRuntimeToDirDebug (project :video_player_android) with DexingNoClasspathTransform
[        ] Caching disabled for DexingNoClasspathTransform: /Users/florian/Code/substitution/build/video_player_android/intermediates/runtime_library_classes_dir/debug/bundleLibRuntimeToDirDebug because:
[        ]   Build cache is disabled
[        ] Skipping DexingNoClasspathTransform: /Users/florian/Code/substitution/build/video_player_android/intermediates/runtime_library_classes_dir/debug/bundleLibRuntimeToDirDebug as it is up-to-date.
[        ] Resolve mutations for :app:mergeProjectDexDebug (Thread[#38955,Execution worker Thread 21,5,main]) started.
[        ] Resolve mutations for :app:mergeLibDexDebug (Thread[#38955,Execution worker Thread 21,5,main]) started.
[        ] :app:mergeLibDexDebug (Thread[#38955,Execution worker Thread 21,5,main]) started.
[        ] > Task :app:mergeLibDexDebug UP-TO-DATE
[        ] Caching disabled for task ':app:mergeLibDexDebug' because:
[        ]   Build cache is disabled
[        ] Skipping task ':app:mergeLibDexDebug' as it is up-to-date.
[        ] :app:mergeProjectDexDebug (Thread[#38955,Execution worker Thread 21,5,main]) started.
[        ] > Task :app:mergeProjectDexDebug UP-TO-DATE
[        ] Caching disabled for task ':app:mergeProjectDexDebug' because:
[        ]   Build cache is disabled
[        ] Skipping task ':app:mergeProjectDexDebug' as it is up-to-date.
[        ] Resolve mutations for :app:configureCMakeDebug[arm64-v8a] (Thread[#38955,Execution worker Thread 21,5,main]) started.
[        ] :app:configureCMakeDebug[arm64-v8a] (Thread[#38955,Execution worker Thread 21,5,main]) started.
[        ] > Task :app:configureCMakeDebug[arm64-v8a]
[        ] Caching disabled for task ':app:configureCMakeDebug[arm64-v8a]' because:
[        ]   Build cache is disabled
[        ]   Caching has been disabled for the task
[        ] Task ':app:configureCMakeDebug[arm64-v8a]' is not up-to-date because:
[        ]   Task.upToDateWhen is false.
[        ] C/C++: /opt/homebrew/share/flutter/packages/flutter_tools/gradle/src/main/scripts/CMakeLists.txt debug|arm64-v8a : Start JSON generation. Platform version: 24 min SDK version: arm64-v8a
[        ] C/C++: /opt/homebrew/share/flutter/packages/flutter_tools/gradle/src/main/scripts/CMakeLists.txt debug|arm64-v8a : JSON '/Users/florian/Code/substitution/build/.cxx/debug/x6546535/arm64-v8a/android_gradle_build.json' was up-to-date
[        ] C/C++: /opt/homebrew/share/flutter/packages/flutter_tools/gradle/src/main/scripts/CMakeLists.txt debug|arm64-v8a : JSON generation completed without problems
[        ] C/C++: /opt/homebrew/share/flutter/packages/flutter_tools/gradle/src/main/scripts/CMakeLists.txt debug|arm64-v8a : Writing build model to /Users/florian/Code/substitution/build/app/intermediates/cxx/debug/x6546535/logs/arm64-v8a/build_model.json
[        ] Resolve mutations for :app:buildCMakeDebug[arm64-v8a] (Thread[#38955,Execution worker Thread 21,5,main]) started.
[        ] :app:buildCMakeDebug[arm64-v8a] (Thread[#38955,Execution worker Thread 21,5,main]) started.
[        ] > Task :app:buildCMakeDebug[arm64-v8a]
[        ] Caching disabled for task ':app:buildCMakeDebug[arm64-v8a]' because:
[        ]   Build cache is disabled
[        ]   Caching has been disabled for the task
[        ] Task ':app:buildCMakeDebug[arm64-v8a]' is not up-to-date because:
[        ]   Task.upToDateWhen is false.
[        ] C/C++: starting build
[        ] C/C++: reading expected JSONs
[        ] C/C++: done reading expected JSONs
[        ] C/C++: executing build commands for targets that produce .so files or executables
[        ] C/C++: evaluate miniconfig
[        ] C/C++: no libraries
[        ] Resolve mutations for :app:configureCMakeDebug[armeabi-v7a] (Thread[#38955,Execution worker Thread 21,5,main]) started.
[        ] :app:configureCMakeDebug[armeabi-v7a] (Thread[#38955,Execution worker Thread 21,5,main]) started.
[        ] > Task :app:configureCMakeDebug[armeabi-v7a]
[        ] Caching disabled for task ':app:configureCMakeDebug[armeabi-v7a]' because:
[        ]   Build cache is disabled
[        ]   Caching has been disabled for the task
[        ] Task ':app:configureCMakeDebug[armeabi-v7a]' is not up-to-date because:
[        ]   Task.upToDateWhen is false.
[        ] C/C++: /opt/homebrew/share/flutter/packages/flutter_tools/gradle/src/main/scripts/CMakeLists.txt debug|armeabi-v7a : Start JSON generation. Platform version: 24 min SDK version: armeabi-v7a
[        ] C/C++: /opt/homebrew/share/flutter/packages/flutter_tools/gradle/src/main/scripts/CMakeLists.txt debug|armeabi-v7a : JSON '/Users/florian/Code/substitution/build/.cxx/debug/x6546535/armeabi-v7a/android_gradle_build.json' was up-to-date
[        ] C/C++: /opt/homebrew/share/flutter/packages/flutter_tools/gradle/src/main/scripts/CMakeLists.txt debug|armeabi-v7a : JSON generation completed without problems
[        ] C/C++: /opt/homebrew/share/flutter/packages/flutter_tools/gradle/src/main/scripts/CMakeLists.txt debug|armeabi-v7a : Writing build model to /Users/florian/Code/substitution/build/app/intermediates/cxx/debug/x6546535/logs/armeabi-v7a/build_model.json
[        ] Resolve mutations for :app:buildCMakeDebug[armeabi-v7a] (Thread[#38955,Execution worker Thread 21,5,main]) started.
[        ] :app:buildCMakeDebug[armeabi-v7a] (Thread[#38955,Execution worker Thread 21,5,main]) started.
[        ] > Task :app:buildCMakeDebug[armeabi-v7a]
[        ] Caching disabled for task ':app:buildCMakeDebug[armeabi-v7a]' because:
[        ]   Build cache is disabled
[        ]   Caching has been disabled for the task
[        ] Task ':app:buildCMakeDebug[armeabi-v7a]' is not up-to-date because:
[        ]   Task.upToDateWhen is false.
[        ] C/C++: starting build
[        ] C/C++: reading expected JSONs
[        ] C/C++: done reading expected JSONs
[        ] C/C++: executing build commands for targets that produce .so files or executables
[        ] C/C++: evaluate miniconfig
[        ] C/C++: no libraries
[        ] Resolve mutations for :app:configureCMakeDebug[x86_64] (Thread[#38955,Execution worker Thread 21,5,main]) started.
[        ] :app:configureCMakeDebug[x86_64] (Thread[#38955,Execution worker Thread 21,5,main]) started.
[        ] > Task :app:configureCMakeDebug[x86_64]
[        ] Caching disabled for task ':app:configureCMakeDebug[x86_64]' because:
[        ]   Build cache is disabled
[        ]   Caching has been disabled for the task
[        ] Task ':app:configureCMakeDebug[x86_64]' is not up-to-date because:
[        ]   Task.upToDateWhen is false.
[        ] C/C++: /opt/homebrew/share/flutter/packages/flutter_tools/gradle/src/main/scripts/CMakeLists.txt debug|x86_64 : Start JSON generation. Platform version: 24 min SDK version: x86_64
[        ] C/C++: /opt/homebrew/share/flutter/packages/flutter_tools/gradle/src/main/scripts/CMakeLists.txt debug|x86_64 : JSON '/Users/florian/Code/substitution/build/.cxx/debug/x6546535/x86_64/android_gradle_build.json' was up-to-date
[        ] C/C++: /opt/homebrew/share/flutter/packages/flutter_tools/gradle/src/main/scripts/CMakeLists.txt debug|x86_64 : JSON generation completed without problems
[        ] C/C++: /opt/homebrew/share/flutter/packages/flutter_tools/gradle/src/main/scripts/CMakeLists.txt debug|x86_64 : Writing build model to /Users/florian/Code/substitution/build/app/intermediates/cxx/debug/x6546535/logs/x86_64/build_model.json
[        ] Resolve mutations for :app:buildCMakeDebug[x86_64] (Thread[#38955,Execution worker Thread 21,5,main]) started.
[        ] :app:buildCMakeDebug[x86_64] (Thread[#38955,Execution worker Thread 21,5,main]) started.
[        ] > Task :app:buildCMakeDebug[x86_64]
[        ] Caching disabled for task ':app:buildCMakeDebug[x86_64]' because:
[        ]   Build cache is disabled
[        ]   Caching has been disabled for the task
[        ] Task ':app:buildCMakeDebug[x86_64]' is not up-to-date because:
[        ]   Task.upToDateWhen is false.
[        ] C/C++: starting build
[        ] C/C++: reading expected JSONs
[        ] C/C++: done reading expected JSONs
[        ] C/C++: executing build commands for targets that produce .so files or executables
[        ] C/C++: evaluate miniconfig
[        ] C/C++: no libraries
[        ] Resolve mutations for :app:mergeDebugJniLibFolders (Thread[#38955,Execution worker Thread 21,5,main]) started.
[        ] :app:mergeDebugJniLibFolders (Thread[#38955,Execution worker Thread 21,5,main]) started.
[        ] > Task :app:mergeDebugJniLibFolders UP-TO-DATE
[        ] Caching disabled for task ':app:mergeDebugJniLibFolders' because:
[        ]   Build cache is disabled
[        ]   Simple merging task
[        ] Skipping task ':app:mergeDebugJniLibFolders' as it is up-to-date.
[        ] Resolve mutations for :connectivity_plus:mergeDebugJniLibFolders (Thread[#38955,Execution worker Thread 21,5,main]) started.
[        ] :connectivity_plus:mergeDebugJniLibFolders (Thread[#38955,Execution worker Thread 21,5,main]) started.
[        ] > Task :connectivity_plus:mergeDebugJniLibFolders UP-TO-DATE
[        ] Caching disabled for task ':connectivity_plus:mergeDebugJniLibFolders' because:
[        ]   Build cache is disabled
[        ]   Simple merging task
[        ] Skipping task ':connectivity_plus:mergeDebugJniLibFolders' as it is up-to-date.
[        ] Resolve mutations for :connectivity_plus:mergeDebugNativeLibs (Thread[#38955,Execution worker Thread 21,5,main]) started.
[        ] :connectivity_plus:mergeDebugNativeLibs (Thread[#38955,Execution worker Thread 21,5,main]) started.
[        ] > Task :connectivity_plus:mergeDebugNativeLibs NO-SOURCE
[        ] Skipping task ':connectivity_plus:mergeDebugNativeLibs' as it has no source files and no previous output files.
[        ] Resolve mutations for :connectivity_plus:copyDebugJniLibsProjectOnly (Thread[#38955,Execution worker Thread 21,5,main]) started.
[        ] :connectivity_plus:copyDebugJniLibsProjectOnly (Thread[#38955,Execution worker Thread 21,5,main]) started.
[        ] > Task :connectivity_plus:copyDebugJniLibsProjectOnly UP-TO-DATE
[        ] Caching disabled for task ':connectivity_plus:copyDebugJniLibsProjectOnly' because:
[        ]   Build cache is disabled
[        ]   Caching has been disabled for the task
[        ] Skipping task ':connectivity_plus:copyDebugJniLibsProjectOnly' as it is up-to-date.
[        ] work action resolve jni (project :connectivity_plus) (Thread[#38955,Execution worker Thread 21,5,main]) started.
[        ] Resolve mutations for :emoji_picker_flutter:mergeDebugJniLibFolders (Thread[#38955,Execution worker Thread 21,5,main]) started.
[        ] :emoji_picker_flutter:mergeDebugJniLibFolders (Thread[#38955,Execution worker Thread 21,5,main]) started.
[        ] > Task :emoji_picker_flutter:mergeDebugJniLibFolders UP-TO-DATE
[        ] Caching disabled for task ':emoji_picker_flutter:mergeDebugJniLibFolders' because:
[        ]   Build cache is disabled
[        ]   Simple merging task
[        ] Skipping task ':emoji_picker_flutter:mergeDebugJniLibFolders' as it is up-to-date.
[        ] Resolve mutations for :emoji_picker_flutter:mergeDebugNativeLibs (Thread[#38955,Execution worker Thread 21,5,main]) started.
[        ] :emoji_picker_flutter:mergeDebugNativeLibs (Thread[#38955,Execution worker Thread 21,5,main]) started.
[        ] > Task :emoji_picker_flutter:mergeDebugNativeLibs NO-SOURCE
[        ] Skipping task ':emoji_picker_flutter:mergeDebugNativeLibs' as it has no source files and no previous output files.
[        ] Resolve mutations for :emoji_picker_flutter:copyDebugJniLibsProjectOnly (Thread[#38955,Execution worker Thread 21,5,main]) started.
[        ] :emoji_picker_flutter:copyDebugJniLibsProjectOnly (Thread[#38955,Execution worker Thread 21,5,main]) started.
[        ] > Task :emoji_picker_flutter:copyDebugJniLibsProjectOnly UP-TO-DATE
[        ] Caching disabled for task ':emoji_picker_flutter:copyDebugJniLibsProjectOnly' because:
[        ]   Build cache is disabled
[        ]   Caching has been disabled for the task
[        ] Skipping task ':emoji_picker_flutter:copyDebugJniLibsProjectOnly' as it is up-to-date.
[        ] work action resolve jni (project :emoji_picker_flutter) (Thread[#38955,Execution worker Thread 21,5,main]) started.
[        ] Resolve mutations for :file_selector_android:mergeDebugJniLibFolders (Thread[#38955,Execution worker Thread 21,5,main]) started.
[        ] :file_selector_android:mergeDebugJniLibFolders (Thread[#38955,Execution worker Thread 21,5,main]) started.
[        ] > Task :file_selector_android:mergeDebugJniLibFolders UP-TO-DATE
[        ] Caching disabled for task ':file_selector_android:mergeDebugJniLibFolders' because:
[        ]   Build cache is disabled
[        ]   Simple merging task
[        ] Skipping task ':file_selector_android:mergeDebugJniLibFolders' as it is up-to-date.
[        ] Resolve mutations for :file_selector_android:mergeDebugNativeLibs (Thread[#38955,Execution worker Thread 21,5,main]) started.
[        ] :file_selector_android:mergeDebugNativeLibs (Thread[#38955,Execution worker Thread 21,5,main]) started.
[        ] > Task :file_selector_android:mergeDebugNativeLibs NO-SOURCE
[        ] Skipping task ':file_selector_android:mergeDebugNativeLibs' as it has no source files and no previous output files.
[        ] Resolve mutations for :file_selector_android:copyDebugJniLibsProjectOnly (Thread[#38955,Execution worker Thread 21,5,main]) started.
[        ] :file_selector_android:copyDebugJniLibsProjectOnly (Thread[#38955,Execution worker Thread 21,5,main]) started.
[        ] > Task :file_selector_android:copyDebugJniLibsProjectOnly UP-TO-DATE
[        ] Caching disabled for task ':file_selector_android:copyDebugJniLibsProjectOnly' because:
[        ]   Build cache is disabled
[        ]   Caching has been disabled for the task
[        ] Skipping task ':file_selector_android:copyDebugJniLibsProjectOnly' as it is up-to-date.
[        ] work action resolve jni (project :file_selector_android) (Thread[#38955,Execution worker Thread 21,5,main]) started.
[        ] Resolve mutations for :flutter_keyboard_visibility_temp_fork:mergeDebugJniLibFolders (Thread[#38955,Execution worker Thread 21,5,main]) started.
[        ] :flutter_keyboard_visibility_temp_fork:mergeDebugJniLibFolders (Thread[#38955,Execution worker Thread 21,5,main]) started.
[        ] > Task :flutter_keyboard_visibility_temp_fork:mergeDebugJniLibFolders UP-TO-DATE
[        ] Caching disabled for task ':flutter_keyboard_visibility_temp_fork:mergeDebugJniLibFolders' because:
[        ]   Build cache is disabled
[        ]   Simple merging task
[        ] Skipping task ':flutter_keyboard_visibility_temp_fork:mergeDebugJniLibFolders' as it is up-to-date.
[        ] Resolve mutations for :flutter_keyboard_visibility_temp_fork:mergeDebugNativeLibs (Thread[#38955,Execution worker Thread 21,5,main]) started.
[        ] :flutter_keyboard_visibility_temp_fork:mergeDebugNativeLibs (Thread[#38955,Execution worker Thread 21,5,main]) started.
[        ] > Task :flutter_keyboard_visibility_temp_fork:mergeDebugNativeLibs NO-SOURCE
[        ] Skipping task ':flutter_keyboard_visibility_temp_fork:mergeDebugNativeLibs' as it has no source files and no previous output files.
[        ] Resolve mutations for :flutter_keyboard_visibility_temp_fork:copyDebugJniLibsProjectOnly (Thread[#38955,Execution worker Thread 21,5,main]) started.
[        ] :flutter_keyboard_visibility_temp_fork:copyDebugJniLibsProjectOnly (Thread[#38955,Execution worker Thread 21,5,main]) started.
[        ] > Task :flutter_keyboard_visibility_temp_fork:copyDebugJniLibsProjectOnly UP-TO-DATE
[        ] Caching disabled for task ':flutter_keyboard_visibility_temp_fork:copyDebugJniLibsProjectOnly' because:
[        ]   Build cache is disabled
[        ]   Caching has been disabled for the task
[        ] Skipping task ':flutter_keyboard_visibility_temp_fork:copyDebugJniLibsProjectOnly' as it is up-to-date.
[        ] work action resolve jni (project :flutter_keyboard_visibility_temp_fork) (Thread[#38955,Execution worker Thread 21,5,main]) started.
[        ] Resolve mutations for :flutter_native_splash:mergeDebugJniLibFolders (Thread[#38955,Execution worker Thread 21,5,main]) started.
[        ] :flutter_native_splash:mergeDebugJniLibFolders (Thread[#38955,Execution worker Thread 21,5,main]) started.
[        ] > Task :flutter_native_splash:mergeDebugJniLibFolders UP-TO-DATE
[        ] Caching disabled for task ':flutter_native_splash:mergeDebugJniLibFolders' because:
[        ]   Build cache is disabled
[        ]   Simple merging task
[        ] Skipping task ':flutter_native_splash:mergeDebugJniLibFolders' as it is up-to-date.
[        ] Resolve mutations for :flutter_native_splash:mergeDebugNativeLibs (Thread[#38955,Execution worker Thread 21,5,main]) started.
[        ] :flutter_native_splash:mergeDebugNativeLibs (Thread[#38955,Execution worker Thread 21,5,main]) started.
[        ] > Task :flutter_native_splash:mergeDebugNativeLibs NO-SOURCE
[        ] Skipping task ':flutter_native_splash:mergeDebugNativeLibs' as it has no source files and no previous output files.
[        ] Resolve mutations for :flutter_native_splash:copyDebugJniLibsProjectOnly (Thread[#38955,Execution worker Thread 21,5,main]) started.
[        ] :flutter_native_splash:copyDebugJniLibsProjectOnly (Thread[#38955,Execution worker Thread 21,5,main]) started.
[        ] > Task :flutter_native_splash:copyDebugJniLibsProjectOnly UP-TO-DATE
[        ] Caching disabled for task ':flutter_native_splash:copyDebugJniLibsProjectOnly' because:
[        ]   Build cache is disabled
[        ]   Caching has been disabled for the task
[        ] Skipping task ':flutter_native_splash:copyDebugJniLibsProjectOnly' as it is up-to-date.
[        ] work action resolve jni (project :flutter_native_splash) (Thread[#38955,Execution worker Thread 21,5,main]) started.
[        ] Resolve mutations for :flutter_olm:preProfileBuild (Thread[#38955,Execution worker Thread 21,5,main]) started.
[        ] :flutter_olm:preProfileBuild (Thread[#38955,Execution worker Thread 21,5,main]) started.
[        ] > Task :flutter_olm:preProfileBuild UP-TO-DATE
[        ] Skipping task ':flutter_olm:preProfileBuild' as it has no actions.
[        ] Resolve mutations for :flutter_olm:configureCMakeDebug[arm64-v8a] (Thread[#38955,Execution worker Thread 21,5,main]) started.
[        ] :flutter_olm:configureCMakeDebug[arm64-v8a] (Thread[#38955,Execution worker Thread 21,5,main]) started.
[        ] > Task :flutter_olm:configureCMakeDebug[arm64-v8a]
[        ] Caching disabled for task ':flutter_olm:configureCMakeDebug[arm64-v8a]' because:
[        ]   Build cache is disabled
[        ]   Caching has been disabled for the task
[        ] Task ':flutter_olm:configureCMakeDebug[arm64-v8a]' is not up-to-date because:
[        ]   Task.upToDateWhen is false.
[        ] C/C++: /Users/florian/.pub-cache/hosted/pub.dev/flutter_olm-2.0.0/ios/CMakeLists.txt profile|arm64-v8a : Start JSON generation. Platform version: 21 min SDK version: arm64-v8a
[        ] C/C++: /Users/florian/.pub-cache/hosted/pub.dev/flutter_olm-2.0.0/ios/CMakeLists.txt profile|arm64-v8a : JSON '/Users/florian/.pub-cache/hosted/pub.dev/flutter_olm-2.0.0/android/.cxx/Debug/611a6669/arm64-v8a/android_gradle_build.json' was up-to-date
[        ] C/C++: /Users/florian/.pub-cache/hosted/pub.dev/flutter_olm-2.0.0/ios/CMakeLists.txt profile|arm64-v8a : JSON generation completed without problems
[        ] C/C++: /Users/florian/.pub-cache/hosted/pub.dev/flutter_olm-2.0.0/ios/CMakeLists.txt profile|arm64-v8a : Writing build model to /Users/florian/Code/substitution/build/flutter_olm/intermediates/cxx/Debug/611a6669/logs/arm64-v8a/build_model.json
[        ] Resolve mutations for :flutter_olm:buildCMakeDebug[arm64-v8a] (Thread[#38955,Execution worker Thread 21,5,main]) started.
[        ] :flutter_olm:buildCMakeDebug[arm64-v8a] (Thread[#38955,Execution worker Thread 21,5,main]) started.
[        ] > Task :flutter_olm:buildCMakeDebug[arm64-v8a]
[        ] Caching disabled for task ':flutter_olm:buildCMakeDebug[arm64-v8a]' because:
[        ]   Build cache is disabled
[        ]   Caching has been disabled for the task
[        ] Task ':flutter_olm:buildCMakeDebug[arm64-v8a]' is not up-to-date because:
[        ]   Task.upToDateWhen is false.
[        ] C/C++: starting build
[        ] C/C++: reading expected JSONs
[        ] C/C++: done reading expected JSONs
[        ] C/C++: executing build commands for targets that produce .so files or executables
[        ] C/C++: evaluate miniconfig
[        ] C/C++: evaluate library olm (arm64-v8a)
[        ] C/C++: building target library olm because no targets are specified.
[        ] C/C++: about to build targets olm
[        ] C/C++: Build olm
[        ] C/C++: /Users/florian/Library/Android/sdk/cmake/3.22.1/bin/ninja \
[        ]   -C \
[        ]   /Users/florian/.pub-cache/hosted/pub.dev/flutter_olm-2.0.0/android/.cxx/Debug/611a6669/arm64-v8a \
[        ]   olm
[        ] Starting process 'command '/Users/florian/Library/Android/sdk/cmake/3.22.1/bin/ninja''. Working directory: /Users/florian/.pub-cache/hosted/pub.dev/flutter_olm-2.0.0/android Command: /Users/florian/Library/Android/sdk/cmake/3.22.1/bin/ninja -C /Users/florian/.pub-cache/hosted/pub.dev/flutter_olm-2.0.0/android/.cxx/Debug/611a6669/arm64-v8a olm
[        ] Successfully started process 'command '/Users/florian/Library/Android/sdk/cmake/3.22.1/bin/ninja''
[        ] C/C++: Received process result: 0
[        ] C/C++: check expected build outputs
[        ] C/C++: build complete
[        ] Resolve mutations for :flutter_olm:configureCMakeDebug[armeabi-v7a] (Thread[#38955,Execution worker Thread 21,5,main]) started.
[        ] :flutter_olm:configureCMakeDebug[armeabi-v7a] (Thread[#38955,Execution worker Thread 21,5,main]) started.
[        ] > Task :flutter_olm:configureCMakeDebug[armeabi-v7a]
[        ] Caching disabled for task ':flutter_olm:configureCMakeDebug[armeabi-v7a]' because:
[        ]   Build cache is disabled
[        ]   Caching has been disabled for the task
[        ] Task ':flutter_olm:configureCMakeDebug[armeabi-v7a]' is not up-to-date because:
[        ]   Task.upToDateWhen is false.
[        ] C/C++: /Users/florian/.pub-cache/hosted/pub.dev/flutter_olm-2.0.0/ios/CMakeLists.txt profile|armeabi-v7a : Start JSON generation. Platform version: 21 min SDK version: armeabi-v7a
[        ] C/C++: /Users/florian/.pub-cache/hosted/pub.dev/flutter_olm-2.0.0/ios/CMakeLists.txt profile|armeabi-v7a : JSON '/Users/florian/.pub-cache/hosted/pub.dev/flutter_olm-2.0.0/android/.cxx/Debug/611a6669/armeabi-v7a/android_gradle_build.json' was up-to-date
[        ] C/C++: /Users/florian/.pub-cache/hosted/pub.dev/flutter_olm-2.0.0/ios/CMakeLists.txt profile|armeabi-v7a : JSON generation completed without problems
[        ] C/C++: /Users/florian/.pub-cache/hosted/pub.dev/flutter_olm-2.0.0/ios/CMakeLists.txt profile|armeabi-v7a : Writing build model to /Users/florian/Code/substitution/build/flutter_olm/intermediates/cxx/Debug/611a6669/logs/armeabi-v7a/build_model.json
[        ] Resolve mutations for :flutter_olm:buildCMakeDebug[armeabi-v7a] (Thread[#38955,Execution worker Thread 21,5,main]) started.
[        ] :flutter_olm:buildCMakeDebug[armeabi-v7a] (Thread[#38955,Execution worker Thread 21,5,main]) started.
[        ] > Task :flutter_olm:buildCMakeDebug[armeabi-v7a]
[        ] Caching disabled for task ':flutter_olm:buildCMakeDebug[armeabi-v7a]' because:
[        ]   Build cache is disabled
[        ]   Caching has been disabled for the task
[        ] Task ':flutter_olm:buildCMakeDebug[armeabi-v7a]' is not up-to-date because:
[        ]   Task.upToDateWhen is false.
[        ] C/C++: starting build
[        ] C/C++: reading expected JSONs
[        ] C/C++: done reading expected JSONs
[        ] C/C++: executing build commands for targets that produce .so files or executables
[        ] C/C++: evaluate miniconfig
[        ] C/C++: evaluate library olm (armeabi-v7a)
[        ] C/C++: building target library olm because no targets are specified.
[        ] C/C++: about to build targets olm
[        ] C/C++: Build olm
[        ] C/C++: /Users/florian/Library/Android/sdk/cmake/3.22.1/bin/ninja \
[        ]   -C \
[        ]   /Users/florian/.pub-cache/hosted/pub.dev/flutter_olm-2.0.0/android/.cxx/Debug/611a6669/armeabi-v7a \
[        ]   olm
[        ] Starting process 'command '/Users/florian/Library/Android/sdk/cmake/3.22.1/bin/ninja''. Working directory: /Users/florian/.pub-cache/hosted/pub.dev/flutter_olm-2.0.0/android Command: /Users/florian/Library/Android/sdk/cmake/3.22.1/bin/ninja -C /Users/florian/.pub-cache/hosted/pub.dev/flutter_olm-2.0.0/android/.cxx/Debug/611a6669/armeabi-v7a olm
[        ] Successfully started process 'command '/Users/florian/Library/Android/sdk/cmake/3.22.1/bin/ninja''
[        ] C/C++: Received process result: 0
[        ] C/C++: check expected build outputs
[        ] C/C++: build complete
[        ] Resolve mutations for :flutter_olm:configureCMakeDebug[x86] (Thread[#38955,Execution worker Thread 21,5,main]) started.
[        ] :flutter_olm:configureCMakeDebug[x86] (Thread[#38955,Execution worker Thread 21,5,main]) started.
[        ] > Task :flutter_olm:configureCMakeDebug[x86]
[        ] Caching disabled for task ':flutter_olm:configureCMakeDebug[x86]' because:
[        ]   Build cache is disabled
[        ]   Caching has been disabled for the task
[        ] Task ':flutter_olm:configureCMakeDebug[x86]' is not up-to-date because:
[        ]   Task.upToDateWhen is false.
[        ] C/C++: /Users/florian/.pub-cache/hosted/pub.dev/flutter_olm-2.0.0/ios/CMakeLists.txt profile|x86 : Start JSON generation. Platform version: 21 min SDK version: x86
[        ] C/C++: /Users/florian/.pub-cache/hosted/pub.dev/flutter_olm-2.0.0/ios/CMakeLists.txt profile|x86 : JSON '/Users/florian/.pub-cache/hosted/pub.dev/flutter_olm-2.0.0/android/.cxx/Debug/611a6669/x86/android_gradle_build.json' was up-to-date
[        ] C/C++: /Users/florian/.pub-cache/hosted/pub.dev/flutter_olm-2.0.0/ios/CMakeLists.txt profile|x86 : JSON generation completed without problems
[        ] C/C++: /Users/florian/.pub-cache/hosted/pub.dev/flutter_olm-2.0.0/ios/CMakeLists.txt profile|x86 : Writing build model to /Users/florian/Code/substitution/build/flutter_olm/intermediates/cxx/Debug/611a6669/logs/x86/build_model.json
[        ] Resolve mutations for :flutter_olm:buildCMakeDebug[x86] (Thread[#38955,Execution worker Thread 21,5,main]) started.
[        ] :flutter_olm:buildCMakeDebug[x86] (Thread[#38955,Execution worker Thread 21,5,main]) started.
[        ] > Task :flutter_olm:buildCMakeDebug[x86]
[        ] Caching disabled for task ':flutter_olm:buildCMakeDebug[x86]' because:
[        ]   Build cache is disabled
[        ]   Caching has been disabled for the task
[        ] Task ':flutter_olm:buildCMakeDebug[x86]' is not up-to-date because:
[        ]   Task.upToDateWhen is false.
[        ] C/C++: starting build
[        ] C/C++: reading expected JSONs
[        ] C/C++: done reading expected JSONs
[        ] C/C++: executing build commands for targets that produce .so files or executables
[        ] C/C++: evaluate miniconfig
[        ] C/C++: evaluate library olm (x86)
[        ] C/C++: building target library olm because no targets are specified.
[        ] C/C++: about to build targets olm
[        ] C/C++: Build olm
[        ] C/C++: /Users/florian/Library/Android/sdk/cmake/3.22.1/bin/ninja \
[        ]   -C \
[        ]   /Users/florian/.pub-cache/hosted/pub.dev/flutter_olm-2.0.0/android/.cxx/Debug/611a6669/x86 \
[        ]   olm
[        ] Starting process 'command '/Users/florian/Library/Android/sdk/cmake/3.22.1/bin/ninja''. Working directory: /Users/florian/.pub-cache/hosted/pub.dev/flutter_olm-2.0.0/android Command: /Users/florian/Library/Android/sdk/cmake/3.22.1/bin/ninja -C /Users/florian/.pub-cache/hosted/pub.dev/flutter_olm-2.0.0/android/.cxx/Debug/611a6669/x86 olm
[        ] Successfully started process 'command '/Users/florian/Library/Android/sdk/cmake/3.22.1/bin/ninja''
[        ] C/C++: Received process result: 0
[        ] C/C++: check expected build outputs
[        ] C/C++: build complete
[        ] Resolve mutations for :flutter_olm:configureCMakeDebug[x86_64] (Thread[#38955,Execution worker Thread 21,5,main]) started.
[        ] :flutter_olm:configureCMakeDebug[x86_64] (Thread[#38955,Execution worker Thread 21,5,main]) started.
[        ] > Task :flutter_olm:configureCMakeDebug[x86_64]
[        ] Caching disabled for task ':flutter_olm:configureCMakeDebug[x86_64]' because:
[        ]   Build cache is disabled
[        ]   Caching has been disabled for the task
[        ] Task ':flutter_olm:configureCMakeDebug[x86_64]' is not up-to-date because:
[        ]   Task.upToDateWhen is false.
[        ] C/C++: /Users/florian/.pub-cache/hosted/pub.dev/flutter_olm-2.0.0/ios/CMakeLists.txt profile|x86_64 : Start JSON generation. Platform version: 21 min SDK version: x86_64
[        ] C/C++: /Users/florian/.pub-cache/hosted/pub.dev/flutter_olm-2.0.0/ios/CMakeLists.txt profile|x86_64 : JSON '/Users/florian/.pub-cache/hosted/pub.dev/flutter_olm-2.0.0/android/.cxx/Debug/611a6669/x86_64/android_gradle_build.json' was up-to-date
[        ] C/C++: /Users/florian/.pub-cache/hosted/pub.dev/flutter_olm-2.0.0/ios/CMakeLists.txt profile|x86_64 : JSON generation completed without problems
[        ] C/C++: /Users/florian/.pub-cache/hosted/pub.dev/flutter_olm-2.0.0/ios/CMakeLists.txt profile|x86_64 : Writing build model to /Users/florian/Code/substitution/build/flutter_olm/intermediates/cxx/Debug/611a6669/logs/x86_64/build_model.json
[        ] Resolve mutations for :flutter_olm:buildCMakeDebug[x86_64] (Thread[#38955,Execution worker Thread 21,5,main]) started.
[        ] :flutter_olm:buildCMakeDebug[x86_64] (Thread[#38955,Execution worker Thread 21,5,main]) started.
[        ] > Task :flutter_olm:buildCMakeDebug[x86_64]
[        ] Caching disabled for task ':flutter_olm:buildCMakeDebug[x86_64]' because:
[        ]   Build cache is disabled
[        ]   Caching has been disabled for the task
[        ] Task ':flutter_olm:buildCMakeDebug[x86_64]' is not up-to-date because:
[        ]   Task.upToDateWhen is false.
[        ] C/C++: starting build
[        ] C/C++: reading expected JSONs
[        ] C/C++: done reading expected JSONs
[        ] C/C++: executing build commands for targets that produce .so files or executables
[        ] C/C++: evaluate miniconfig
[        ] C/C++: evaluate library olm (x86_64)
[        ] C/C++: building target library olm because no targets are specified.
[        ] C/C++: about to build targets olm
[        ] C/C++: Build olm
[        ] C/C++: /Users/florian/Library/Android/sdk/cmake/3.22.1/bin/ninja \
[        ]   -C \
[        ]   /Users/florian/.pub-cache/hosted/pub.dev/flutter_olm-2.0.0/android/.cxx/Debug/611a6669/x86_64 \
[        ]   olm
[        ] Starting process 'command '/Users/florian/Library/Android/sdk/cmake/3.22.1/bin/ninja''. Working directory: /Users/florian/.pub-cache/hosted/pub.dev/flutter_olm-2.0.0/android Command: /Users/florian/Library/Android/sdk/cmake/3.22.1/bin/ninja -C /Users/florian/.pub-cache/hosted/pub.dev/flutter_olm-2.0.0/android/.cxx/Debug/611a6669/x86_64 olm
[        ] Successfully started process 'command '/Users/florian/Library/Android/sdk/cmake/3.22.1/bin/ninja''
[        ] C/C++: Received process result: 0
[        ] C/C++: check expected build outputs
[        ] C/C++: build complete
[        ] Resolve mutations for :flutter_olm:mergeDebugJniLibFolders (Thread[#38955,Execution worker Thread 21,5,main]) started.
[        ] :flutter_olm:mergeDebugJniLibFolders (Thread[#38955,Execution worker Thread 21,5,main]) started.
[        ] > Task :flutter_olm:mergeDebugJniLibFolders UP-TO-DATE
[        ] Caching disabled for task ':flutter_olm:mergeDebugJniLibFolders' because:
[        ]   Build cache is disabled
[        ]   Simple merging task
[        ] Skipping task ':flutter_olm:mergeDebugJniLibFolders' as it is up-to-date.
[        ] Resolve mutations for :flutter_olm:mergeDebugNativeLibs (Thread[#38955,Execution worker Thread 21,5,main]) started.
[        ] :flutter_olm:mergeDebugNativeLibs (Thread[#38955,Execution worker Thread 21,5,main]) started.
[        ] > Task :flutter_olm:mergeDebugNativeLibs UP-TO-DATE
[        ] Caching disabled for task ':flutter_olm:mergeDebugNativeLibs' because:
[        ]   Build cache is disabled
[        ]   Caching has been disabled for the task
[        ] Skipping task ':flutter_olm:mergeDebugNativeLibs' as it is up-to-date.
[        ] Resolve mutations for :flutter_olm:copyDebugJniLibsProjectOnly (Thread[#38955,Execution worker Thread 21,5,main]) started.
[        ] :flutter_olm:copyDebugJniLibsProjectOnly (Thread[#38955,Execution worker Thread 21,5,main]) started.
[        ] > Task :flutter_olm:copyDebugJniLibsProjectOnly UP-TO-DATE
[        ] Caching disabled for task ':flutter_olm:copyDebugJniLibsProjectOnly' because:
[        ]   Build cache is disabled
[        ]   Caching has been disabled for the task
[        ] Skipping task ':flutter_olm:copyDebugJniLibsProjectOnly' as it is up-to-date.
[        ] work action resolve jni (project :flutter_olm) (Thread[#38955,Execution worker Thread 21,5,main]) started.
[        ] Resolve mutations for :flutter_openssl_crypto:preProfileBuild (Thread[#38955,Execution worker Thread 21,5,main]) started.
[        ] :flutter_openssl_crypto:preProfileBuild (Thread[#38955,Execution worker Thread 21,5,main]) started.
[        ] > Task :flutter_openssl_crypto:preProfileBuild UP-TO-DATE
[        ] Skipping task ':flutter_openssl_crypto:preProfileBuild' as it has no actions.
[        ] Resolve mutations for :flutter_openssl_crypto:configureCMakeDebug[arm64-v8a] (Thread[#38955,Execution worker Thread 21,5,main]) started.
[        ] :flutter_openssl_crypto:configureCMakeDebug[arm64-v8a] (Thread[#38955,Execution worker Thread 21,5,main]) started.
[        ] > Task :flutter_openssl_crypto:configureCMakeDebug[arm64-v8a]
[        ] Caching disabled for task ':flutter_openssl_crypto:configureCMakeDebug[arm64-v8a]' because:
[        ]   Build cache is disabled
[        ]   Caching has been disabled for the task
[        ] Task ':flutter_openssl_crypto:configureCMakeDebug[arm64-v8a]' is not up-to-date because:
[        ]   Task.upToDateWhen is false.
[        ] C/C++: /Users/florian/.pub-cache/hosted/pub.dev/flutter_openssl_crypto-0.5.0/android/CMakeLists.txt profile|arm64-v8a : Start JSON generation. Platform version: 21 min SDK version: arm64-v8a
[        ] C/C++: /Users/florian/.pub-cache/hosted/pub.dev/flutter_openssl_crypto-0.5.0/android/CMakeLists.txt profile|arm64-v8a : JSON '/Users/florian/.pub-cache/hosted/pub.dev/flutter_openssl_crypto-0.5.0/android/.cxx/Debug/42n1p1e4/arm64-v8a/android_gradle_build.json' was up-to-date
[        ] C/C++: /Users/florian/.pub-cache/hosted/pub.dev/flutter_openssl_crypto-0.5.0/android/CMakeLists.txt profile|arm64-v8a : JSON generation completed without problems
[        ] C/C++: /Users/florian/.pub-cache/hosted/pub.dev/flutter_openssl_crypto-0.5.0/android/CMakeLists.txt profile|arm64-v8a : Writing build model to /Users/florian/Code/substitution/build/flutter_openssl_crypto/intermediates/cxx/Debug/42n1p1e4/logs/arm64-v8a/build_model.json
[        ] Resolve mutations for :flutter_openssl_crypto:buildCMakeDebug[arm64-v8a] (Thread[#38955,Execution worker Thread 21,5,main]) started.
[        ] :flutter_openssl_crypto:buildCMakeDebug[arm64-v8a] (Thread[#38955,Execution worker Thread 21,5,main]) started.
[        ] > Task :flutter_openssl_crypto:buildCMakeDebug[arm64-v8a]
[        ] Caching disabled for task ':flutter_openssl_crypto:buildCMakeDebug[arm64-v8a]' because:
[        ]   Build cache is disabled
[        ]   Caching has been disabled for the task
[        ] Task ':flutter_openssl_crypto:buildCMakeDebug[arm64-v8a]' is not up-to-date because:
[        ]   Task.upToDateWhen is false.
[        ] C/C++: starting build
[        ] C/C++: reading expected JSONs
[        ] C/C++: done reading expected JSONs
[        ] C/C++: executing build commands for targets that produce .so files or executables
[        ] C/C++: evaluate miniconfig
[        ] C/C++: evaluate library flutter_openssl_crypto (arm64-v8a)
[        ] C/C++: building target library flutter_openssl_crypto because no targets are specified.
[        ] C/C++: about to build targets flutter_openssl_crypto
[        ] C/C++: Build flutter_openssl_crypto
[        ] C/C++: /Users/florian/Library/Android/sdk/cmake/3.22.1/bin/ninja \
[        ]   -C \
[        ]   /Users/florian/.pub-cache/hosted/pub.dev/flutter_openssl_crypto-0.5.0/android/.cxx/Debug/42n1p1e4/arm64-v8a \
[        ]   flutter_openssl_crypto
[        ] Starting process 'command '/Users/florian/Library/Android/sdk/cmake/3.22.1/bin/ninja''. Working directory: /Users/florian/.pub-cache/hosted/pub.dev/flutter_openssl_crypto-0.5.0/android Command: /Users/florian/Library/Android/sdk/cmake/3.22.1/bin/ninja -C /Users/florian/.pub-cache/hosted/pub.dev/flutter_openssl_crypto-0.5.0/android/.cxx/Debug/42n1p1e4/arm64-v8a flutter_openssl_crypto
[        ] Successfully started process 'command '/Users/florian/Library/Android/sdk/cmake/3.22.1/bin/ninja''
[        ] C/C++: Received process result: 0
[        ] C/C++: check expected build outputs
[        ] C/C++: build complete
[        ] Resolve mutations for :flutter_openssl_crypto:configureCMakeDebug[armeabi-v7a] (Thread[#38955,Execution worker Thread 21,5,main]) started.
[        ] :flutter_openssl_crypto:configureCMakeDebug[armeabi-v7a] (Thread[#38955,Execution worker Thread 21,5,main]) started.
[        ] > Task :flutter_openssl_crypto:configureCMakeDebug[armeabi-v7a]
[        ] Caching disabled for task ':flutter_openssl_crypto:configureCMakeDebug[armeabi-v7a]' because:
[        ]   Build cache is disabled
[        ]   Caching has been disabled for the task
[        ] Task ':flutter_openssl_crypto:configureCMakeDebug[armeabi-v7a]' is not up-to-date because:
[        ]   Task.upToDateWhen is false.
[        ] C/C++: /Users/florian/.pub-cache/hosted/pub.dev/flutter_openssl_crypto-0.5.0/android/CMakeLists.txt profile|armeabi-v7a : Start JSON generation. Platform version: 21 min SDK version: armeabi-v7a
[        ] C/C++: /Users/florian/.pub-cache/hosted/pub.dev/flutter_openssl_crypto-0.5.0/android/CMakeLists.txt profile|armeabi-v7a : JSON '/Users/florian/.pub-cache/hosted/pub.dev/flutter_openssl_crypto-0.5.0/android/.cxx/Debug/42n1p1e4/armeabi-v7a/android_gradle_build.json' was up-to-date
[        ] C/C++: /Users/florian/.pub-cache/hosted/pub.dev/flutter_openssl_crypto-0.5.0/android/CMakeLists.txt profile|armeabi-v7a : JSON generation completed without problems
[        ] C/C++: /Users/florian/.pub-cache/hosted/pub.dev/flutter_openssl_crypto-0.5.0/android/CMakeLists.txt profile|armeabi-v7a : Writing build model to /Users/florian/Code/substitution/build/flutter_openssl_crypto/intermediates/cxx/Debug/42n1p1e4/logs/armeabi-v7a/build_model.json
[        ] Resolve mutations for :flutter_openssl_crypto:buildCMakeDebug[armeabi-v7a] (Thread[#38955,Execution worker Thread 21,5,main]) started.
[        ] :flutter_openssl_crypto:buildCMakeDebug[armeabi-v7a] (Thread[#38943,Execution worker Thread 9,5,main]) started.
[        ] > Task :flutter_openssl_crypto:buildCMakeDebug[armeabi-v7a]
[        ] Caching disabled for task ':flutter_openssl_crypto:buildCMakeDebug[armeabi-v7a]' because:
[        ]   Build cache is disabled
[        ]   Caching has been disabled for the task
[        ] Task ':flutter_openssl_crypto:buildCMakeDebug[armeabi-v7a]' is not up-to-date because:
[        ]   Task.upToDateWhen is false.
[        ] C/C++: starting build
[        ] C/C++: reading expected JSONs
[        ] C/C++: done reading expected JSONs
[        ] C/C++: executing build commands for targets that produce .so files or executables
[        ] C/C++: evaluate miniconfig
[        ] C/C++: evaluate library flutter_openssl_crypto (armeabi-v7a)
[        ] C/C++: building target library flutter_openssl_crypto because no targets are specified.
[        ] C/C++: about to build targets flutter_openssl_crypto
[        ] C/C++: Build flutter_openssl_crypto
[        ] C/C++: /Users/florian/Library/Android/sdk/cmake/3.22.1/bin/ninja \
[        ]   -C \
[        ]   /Users/florian/.pub-cache/hosted/pub.dev/flutter_openssl_crypto-0.5.0/android/.cxx/Debug/42n1p1e4/armeabi-v7a \
[        ]   flutter_openssl_crypto
[        ] Starting process 'command '/Users/florian/Library/Android/sdk/cmake/3.22.1/bin/ninja''. Working directory: /Users/florian/.pub-cache/hosted/pub.dev/flutter_openssl_crypto-0.5.0/android Command: /Users/florian/Library/Android/sdk/cmake/3.22.1/bin/ninja -C /Users/florian/.pub-cache/hosted/pub.dev/flutter_openssl_crypto-0.5.0/android/.cxx/Debug/42n1p1e4/armeabi-v7a flutter_openssl_crypto
[        ] Successfully started process 'command '/Users/florian/Library/Android/sdk/cmake/3.22.1/bin/ninja''
[        ] C/C++: Received process result: 0
[        ] C/C++: check expected build outputs
[        ] C/C++: build complete
[        ] Resolve mutations for :flutter_openssl_crypto:configureCMakeDebug[x86] (Thread[#38943,Execution worker Thread 9,5,main]) started.
[        ] :flutter_openssl_crypto:configureCMakeDebug[x86] (Thread[#38943,Execution worker Thread 9,5,main]) started.
[        ] > Task :flutter_openssl_crypto:configureCMakeDebug[x86]
[        ] Caching disabled for task ':flutter_openssl_crypto:configureCMakeDebug[x86]' because:
[        ]   Build cache is disabled
[        ]   Caching has been disabled for the task
[        ] Task ':flutter_openssl_crypto:configureCMakeDebug[x86]' is not up-to-date because:
[        ]   Task.upToDateWhen is false.
[        ] C/C++: /Users/florian/.pub-cache/hosted/pub.dev/flutter_openssl_crypto-0.5.0/android/CMakeLists.txt profile|x86 : Start JSON generation. Platform version: 21 min SDK version: x86
[        ] C/C++: /Users/florian/.pub-cache/hosted/pub.dev/flutter_openssl_crypto-0.5.0/android/CMakeLists.txt profile|x86 : JSON '/Users/florian/.pub-cache/hosted/pub.dev/flutter_openssl_crypto-0.5.0/android/.cxx/Debug/42n1p1e4/x86/android_gradle_build.json' was up-to-date
[        ] C/C++: /Users/florian/.pub-cache/hosted/pub.dev/flutter_openssl_crypto-0.5.0/android/CMakeLists.txt profile|x86 : JSON generation completed without problems
[        ] C/C++: /Users/florian/.pub-cache/hosted/pub.dev/flutter_openssl_crypto-0.5.0/android/CMakeLists.txt profile|x86 : Writing build model to /Users/florian/Code/substitution/build/flutter_openssl_crypto/intermediates/cxx/Debug/42n1p1e4/logs/x86/build_model.json
[        ] Resolve mutations for :flutter_openssl_crypto:buildCMakeDebug[x86] (Thread[#38943,Execution worker Thread 9,5,main]) started.
[        ] :flutter_openssl_crypto:buildCMakeDebug[x86] (Thread[#38943,Execution worker Thread 9,5,main]) started.
[        ] > Task :flutter_openssl_crypto:buildCMakeDebug[x86]
[        ] Caching disabled for task ':flutter_openssl_crypto:buildCMakeDebug[x86]' because:
[        ]   Build cache is disabled
[        ]   Caching has been disabled for the task
[        ] Task ':flutter_openssl_crypto:buildCMakeDebug[x86]' is not up-to-date because:
[        ]   Task.upToDateWhen is false.
[        ] C/C++: starting build
[        ] C/C++: reading expected JSONs
[        ] C/C++: done reading expected JSONs
[        ] C/C++: executing build commands for targets that produce .so files or executables
[        ] C/C++: evaluate miniconfig
[        ] C/C++: evaluate library flutter_openssl_crypto (x86)
[        ] C/C++: building target library flutter_openssl_crypto because no targets are specified.
[        ] C/C++: about to build targets flutter_openssl_crypto
[        ] C/C++: Build flutter_openssl_crypto
[        ] C/C++: /Users/florian/Library/Android/sdk/cmake/3.22.1/bin/ninja \
[        ]   -C \
[        ]   /Users/florian/.pub-cache/hosted/pub.dev/flutter_openssl_crypto-0.5.0/android/.cxx/Debug/42n1p1e4/x86 \
[        ]   flutter_openssl_crypto
[        ] Starting process 'command '/Users/florian/Library/Android/sdk/cmake/3.22.1/bin/ninja''. Working directory: /Users/florian/.pub-cache/hosted/pub.dev/flutter_openssl_crypto-0.5.0/android Command: /Users/florian/Library/Android/sdk/cmake/3.22.1/bin/ninja -C /Users/florian/.pub-cache/hosted/pub.dev/flutter_openssl_crypto-0.5.0/android/.cxx/Debug/42n1p1e4/x86 flutter_openssl_crypto
[        ] Successfully started process 'command '/Users/florian/Library/Android/sdk/cmake/3.22.1/bin/ninja''
[        ] C/C++: Received process result: 0
[        ] C/C++: check expected build outputs
[        ] C/C++: build complete
[        ] Resolve mutations for :flutter_openssl_crypto:configureCMakeDebug[x86_64] (Thread[#38943,Execution worker Thread 9,5,main]) started.
[        ] :flutter_openssl_crypto:configureCMakeDebug[x86_64] (Thread[#38943,Execution worker Thread 9,5,main]) started.
[  +97 ms] > Task :flutter_openssl_crypto:configureCMakeDebug[x86_64]
[        ] Caching disabled for task ':flutter_openssl_crypto:configureCMakeDebug[x86_64]' because:
[        ]   Build cache is disabled
[        ]   Caching has been disabled for the task
[        ] Task ':flutter_openssl_crypto:configureCMakeDebug[x86_64]' is not up-to-date because:
[        ]   Task.upToDateWhen is false.
[        ] C/C++: /Users/florian/.pub-cache/hosted/pub.dev/flutter_openssl_crypto-0.5.0/android/CMakeLists.txt profile|x86_64 : Start JSON generation. Platform version: 21 min SDK version: x86_64
[        ] C/C++: /Users/florian/.pub-cache/hosted/pub.dev/flutter_openssl_crypto-0.5.0/android/CMakeLists.txt profile|x86_64 : JSON '/Users/florian/.pub-cache/hosted/pub.dev/flutter_openssl_crypto-0.5.0/android/.cxx/Debug/42n1p1e4/x86_64/android_gradle_build.json' was up-to-date
[        ] C/C++: /Users/florian/.pub-cache/hosted/pub.dev/flutter_openssl_crypto-0.5.0/android/CMakeLists.txt profile|x86_64 : JSON generation completed without problems
[        ] C/C++: /Users/florian/.pub-cache/hosted/pub.dev/flutter_openssl_crypto-0.5.0/android/CMakeLists.txt profile|x86_64 : Writing build model to /Users/florian/Code/substitution/build/flutter_openssl_crypto/intermediates/cxx/Debug/42n1p1e4/logs/x86_64/build_model.json
[        ] Resolve mutations for :flutter_openssl_crypto:buildCMakeDebug[x86_64] (Thread[#38943,Execution worker Thread 9,5,main]) started.
[        ] :flutter_openssl_crypto:buildCMakeDebug[x86_64] (Thread[#38943,Execution worker Thread 9,5,main]) started.
[        ] > Task :flutter_openssl_crypto:buildCMakeDebug[x86_64]
[        ] Caching disabled for task ':flutter_openssl_crypto:buildCMakeDebug[x86_64]' because:
[        ]   Build cache is disabled
[        ]   Caching has been disabled for the task
[        ] Task ':flutter_openssl_crypto:buildCMakeDebug[x86_64]' is not up-to-date because:
[        ]   Task.upToDateWhen is false.
[        ] C/C++: starting build
[        ] C/C++: reading expected JSONs
[        ] C/C++: done reading expected JSONs
[        ] C/C++: executing build commands for targets that produce .so files or executables
[        ] C/C++: evaluate miniconfig
[        ] C/C++: evaluate library flutter_openssl_crypto (x86_64)
[        ] C/C++: building target library flutter_openssl_crypto because no targets are specified.
[        ] C/C++: about to build targets flutter_openssl_crypto
[        ] C/C++: Build flutter_openssl_crypto
[        ] C/C++: /Users/florian/Library/Android/sdk/cmake/3.22.1/bin/ninja \
[        ]   -C \
[        ]   /Users/florian/.pub-cache/hosted/pub.dev/flutter_openssl_crypto-0.5.0/android/.cxx/Debug/42n1p1e4/x86_64 \
[        ]   flutter_openssl_crypto
[        ] Starting process 'command '/Users/florian/Library/Android/sdk/cmake/3.22.1/bin/ninja''. Working directory: /Users/florian/.pub-cache/hosted/pub.dev/flutter_openssl_crypto-0.5.0/android Command: /Users/florian/Library/Android/sdk/cmake/3.22.1/bin/ninja -C /Users/florian/.pub-cache/hosted/pub.dev/flutter_openssl_crypto-0.5.0/android/.cxx/Debug/42n1p1e4/x86_64 flutter_openssl_crypto
[        ] Successfully started process 'command '/Users/florian/Library/Android/sdk/cmake/3.22.1/bin/ninja''
[        ] C/C++: Received process result: 0
[        ] C/C++: check expected build outputs
[        ] C/C++: build complete
[        ] Resolve mutations for :flutter_openssl_crypto:mergeDebugJniLibFolders (Thread[#38943,Execution worker Thread 9,5,main]) started.
[        ] :flutter_openssl_crypto:mergeDebugJniLibFolders (Thread[#38943,Execution worker Thread 9,5,main]) started.
[        ] > Task :flutter_openssl_crypto:mergeDebugJniLibFolders UP-TO-DATE
[        ] Caching disabled for task ':flutter_openssl_crypto:mergeDebugJniLibFolders' because:
[        ]   Build cache is disabled
[        ]   Simple merging task
[        ] Skipping task ':flutter_openssl_crypto:mergeDebugJniLibFolders' as it is up-to-date.
[        ] Resolve mutations for :flutter_openssl_crypto:mergeDebugNativeLibs (Thread[#38943,Execution worker Thread 9,5,main]) started.
[        ] :flutter_openssl_crypto:mergeDebugNativeLibs (Thread[#38943,Execution worker Thread 9,5,main]) started.
[        ] > Task :flutter_openssl_crypto:mergeDebugNativeLibs UP-TO-DATE
[        ] Caching disabled for task ':flutter_openssl_crypto:mergeDebugNativeLibs' because:
[        ]   Build cache is disabled
[        ]   Caching has been disabled for the task
[        ] Skipping task ':flutter_openssl_crypto:mergeDebugNativeLibs' as it is up-to-date.
[        ] Resolve mutations for :flutter_openssl_crypto:copyDebugJniLibsProjectOnly (Thread[#38943,Execution worker Thread 9,5,main]) started.
[        ] :flutter_openssl_crypto:copyDebugJniLibsProjectOnly (Thread[#38943,Execution worker Thread 9,5,main]) started.
[        ] > Task :flutter_openssl_crypto:copyDebugJniLibsProjectOnly UP-TO-DATE
[        ] Caching disabled for task ':flutter_openssl_crypto:copyDebugJniLibsProjectOnly' because:
[        ]   Build cache is disabled
[        ]   Caching has been disabled for the task
[        ] Skipping task ':flutter_openssl_crypto:copyDebugJniLibsProjectOnly' as it is up-to-date.
[        ] work action resolve jni (project :flutter_openssl_crypto) (Thread[#38943,Execution worker Thread 9,5,main]) started.
[        ] Resolve mutations for :integration_test:mergeDebugJniLibFolders (Thread[#38943,Execution worker Thread 9,5,main]) started.
[        ] :integration_test:mergeDebugJniLibFolders (Thread[#38943,Execution worker Thread 9,5,main]) started.
[        ] > Task :integration_test:mergeDebugJniLibFolders UP-TO-DATE
[        ] Caching disabled for task ':integration_test:mergeDebugJniLibFolders' because:
[        ]   Build cache is disabled
[        ]   Simple merging task
[        ] Skipping task ':integration_test:mergeDebugJniLibFolders' as it is up-to-date.
[        ] Resolve mutations for :integration_test:mergeDebugNativeLibs (Thread[#38943,Execution worker Thread 9,5,main]) started.
[        ] :integration_test:mergeDebugNativeLibs (Thread[#38943,Execution worker Thread 9,5,main]) started.
[        ] > Task :integration_test:mergeDebugNativeLibs NO-SOURCE
[        ] Skipping task ':integration_test:mergeDebugNativeLibs' as it has no source files and no previous output files.
[        ] Resolve mutations for :integration_test:copyDebugJniLibsProjectOnly (Thread[#38943,Execution worker Thread 9,5,main]) started.
[        ] :integration_test:copyDebugJniLibsProjectOnly (Thread[#38943,Execution worker Thread 9,5,main]) started.
[        ] > Task :integration_test:copyDebugJniLibsProjectOnly UP-TO-DATE
[        ] Caching disabled for task ':integration_test:copyDebugJniLibsProjectOnly' because:
[        ]   Build cache is disabled
[        ]   Caching has been disabled for the task
[        ] Skipping task ':integration_test:copyDebugJniLibsProjectOnly' as it is up-to-date.
[        ] work action resolve jni (project :integration_test) (Thread[#38943,Execution worker Thread 9,5,main]) started.
[        ] Resolve mutations for :path_provider_android:mergeDebugJniLibFolders (Thread[#38943,Execution worker Thread 9,5,main]) started.
[        ] :path_provider_android:mergeDebugJniLibFolders (Thread[#38943,Execution worker Thread 9,5,main]) started.
[        ] > Task :path_provider_android:mergeDebugJniLibFolders UP-TO-DATE
[        ] Caching disabled for task ':path_provider_android:mergeDebugJniLibFolders' because:
[        ]   Build cache is disabled
[        ]   Simple merging task
[        ] Skipping task ':path_provider_android:mergeDebugJniLibFolders' as it is up-to-date.
[        ] Resolve mutations for :path_provider_android:mergeDebugNativeLibs (Thread[#38943,Execution worker Thread 9,5,main]) started.
[        ] :path_provider_android:mergeDebugNativeLibs (Thread[#38943,Execution worker Thread 9,5,main]) started.
[        ] > Task :path_provider_android:mergeDebugNativeLibs NO-SOURCE
[        ] Skipping task ':path_provider_android:mergeDebugNativeLibs' as it has no source files and no previous output files.
[        ] Resolve mutations for :path_provider_android:copyDebugJniLibsProjectOnly (Thread[#38943,Execution worker Thread 9,5,main]) started.
[        ] :path_provider_android:copyDebugJniLibsProjectOnly (Thread[#38943,Execution worker Thread 9,5,main]) started.
[        ] > Task :path_provider_android:copyDebugJniLibsProjectOnly UP-TO-DATE
[        ] Caching disabled for task ':path_provider_android:copyDebugJniLibsProjectOnly' because:
[        ]   Build cache is disabled
[        ]   Caching has been disabled for the task
[        ] Skipping task ':path_provider_android:copyDebugJniLibsProjectOnly' as it is up-to-date.
[        ] work action resolve jni (project :path_provider_android) (Thread[#38943,Execution worker Thread 9,5,main]) started.
[        ] Resolve mutations for :quill_native_bridge_android:mergeDebugJniLibFolders (Thread[#38943,Execution worker Thread 9,5,main]) started.
[        ] :quill_native_bridge_android:mergeDebugJniLibFolders (Thread[#38943,Execution worker Thread 9,5,main]) started.
[        ] > Task :quill_native_bridge_android:mergeDebugJniLibFolders UP-TO-DATE
[        ] Caching disabled for task ':quill_native_bridge_android:mergeDebugJniLibFolders' because:
[        ]   Build cache is disabled
[        ]   Simple merging task
[        ] Skipping task ':quill_native_bridge_android:mergeDebugJniLibFolders' as it is up-to-date.
[        ] Resolve mutations for :quill_native_bridge_android:mergeDebugNativeLibs (Thread[#38943,Execution worker Thread 9,5,main]) started.
[        ] :quill_native_bridge_android:mergeDebugNativeLibs (Thread[#38943,Execution worker Thread 9,5,main]) started.
[        ] > Task :quill_native_bridge_android:mergeDebugNativeLibs NO-SOURCE
[        ] Skipping task ':quill_native_bridge_android:mergeDebugNativeLibs' as it has no source files and no previous output files.
[        ] Resolve mutations for :quill_native_bridge_android:copyDebugJniLibsProjectOnly (Thread[#38943,Execution worker Thread 9,5,main]) started.
[        ] :quill_native_bridge_android:copyDebugJniLibsProjectOnly (Thread[#38943,Execution worker Thread 9,5,main]) started.
[        ] > Task :quill_native_bridge_android:copyDebugJniLibsProjectOnly UP-TO-DATE
[        ] Caching disabled for task ':quill_native_bridge_android:copyDebugJniLibsProjectOnly' because:
[        ]   Build cache is disabled
[        ]   Caching has been disabled for the task
[        ] Skipping task ':quill_native_bridge_android:copyDebugJniLibsProjectOnly' as it is up-to-date.
[        ] work action resolve jni (project :quill_native_bridge_android) (Thread[#38943,Execution worker Thread 9,5,main]) started.
[        ] Resolve mutations for :shared_preferences_android:mergeDebugJniLibFolders (Thread[#38943,Execution worker Thread 9,5,main]) started.
[        ] :shared_preferences_android:mergeDebugJniLibFolders (Thread[#38943,Execution worker Thread 9,5,main]) started.
[        ] > Task :shared_preferences_android:mergeDebugJniLibFolders UP-TO-DATE
[        ] Caching disabled for task ':shared_preferences_android:mergeDebugJniLibFolders' because:
[        ]   Build cache is disabled
[        ]   Simple merging task
[        ] Skipping task ':shared_preferences_android:mergeDebugJniLibFolders' as it is up-to-date.
[        ] Resolve mutations for :shared_preferences_android:mergeDebugNativeLibs (Thread[#38943,Execution worker Thread 9,5,main]) started.
[        ] :shared_preferences_android:mergeDebugNativeLibs (Thread[#38943,Execution worker Thread 9,5,main]) started.
[        ] > Task :shared_preferences_android:mergeDebugNativeLibs NO-SOURCE
[        ] Skipping task ':shared_preferences_android:mergeDebugNativeLibs' as it has no source files and no previous output files.
[        ] Resolve mutations for :shared_preferences_android:copyDebugJniLibsProjectOnly (Thread[#38943,Execution worker Thread 9,5,main]) started.
[        ] :shared_preferences_android:copyDebugJniLibsProjectOnly (Thread[#38943,Execution worker Thread 9,5,main]) started.
[        ] > Task :shared_preferences_android:copyDebugJniLibsProjectOnly UP-TO-DATE
[        ] Caching disabled for task ':shared_preferences_android:copyDebugJniLibsProjectOnly' because:
[        ]   Build cache is disabled
[        ]   Caching has been disabled for the task
[        ] Skipping task ':shared_preferences_android:copyDebugJniLibsProjectOnly' as it is up-to-date.
[        ] work action resolve jni (project :shared_preferences_android) (Thread[#38943,Execution worker Thread 9,5,main]) started.
[        ] Resolve mutations for :sqflite_android:mergeDebugJniLibFolders (Thread[#38943,Execution worker Thread 9,5,main]) started.
[        ] :sqflite_android:mergeDebugJniLibFolders (Thread[#38943,Execution worker Thread 9,5,main]) started.
[        ] > Task :sqflite_android:mergeDebugJniLibFolders UP-TO-DATE
[        ] Caching disabled for task ':sqflite_android:mergeDebugJniLibFolders' because:
[        ]   Build cache is disabled
[        ]   Simple merging task
[        ] Skipping task ':sqflite_android:mergeDebugJniLibFolders' as it is up-to-date.
[        ] Resolve mutations for :sqflite_android:mergeDebugNativeLibs (Thread[#38943,Execution worker Thread 9,5,main]) started.
[        ] :sqflite_android:mergeDebugNativeLibs (Thread[#38943,Execution worker Thread 9,5,main]) started.
[        ] > Task :sqflite_android:mergeDebugNativeLibs NO-SOURCE
[        ] Skipping task ':sqflite_android:mergeDebugNativeLibs' as it has no source files and no previous output files.
[        ] Resolve mutations for :sqflite_android:copyDebugJniLibsProjectOnly (Thread[#38943,Execution worker Thread 9,5,main]) started.
[        ] :sqflite_android:copyDebugJniLibsProjectOnly (Thread[#38943,Execution worker Thread 9,5,main]) started.
[        ] > Task :sqflite_android:copyDebugJniLibsProjectOnly UP-TO-DATE
[        ] Caching disabled for task ':sqflite_android:copyDebugJniLibsProjectOnly' because:
[        ]   Build cache is disabled
[        ]   Caching has been disabled for the task
[        ] Skipping task ':sqflite_android:copyDebugJniLibsProjectOnly' as it is up-to-date.
[        ] work action resolve jni (project :sqflite_android) (Thread[#38943,Execution worker Thread 9,5,main]) started.
[        ] Resolve mutations for :url_launcher_android:mergeDebugJniLibFolders (Thread[#38943,Execution worker Thread 9,5,main]) started.
[        ] :url_launcher_android:mergeDebugJniLibFolders (Thread[#38943,Execution worker Thread 9,5,main]) started.
[        ] > Task :url_launcher_android:mergeDebugJniLibFolders UP-TO-DATE
[        ] Caching disabled for task ':url_launcher_android:mergeDebugJniLibFolders' because:
[        ]   Build cache is disabled
[        ]   Simple merging task
[        ] Skipping task ':url_launcher_android:mergeDebugJniLibFolders' as it is up-to-date.
[        ] Resolve mutations for :url_launcher_android:mergeDebugNativeLibs (Thread[#38943,Execution worker Thread 9,5,main]) started.
[        ] :url_launcher_android:mergeDebugNativeLibs (Thread[#38943,Execution worker Thread 9,5,main]) started.
[        ] > Task :url_launcher_android:mergeDebugNativeLibs NO-SOURCE
[        ] Skipping task ':url_launcher_android:mergeDebugNativeLibs' as it has no source files and no previous output files.
[        ] Resolve mutations for :url_launcher_android:copyDebugJniLibsProjectOnly (Thread[#38943,Execution worker Thread 9,5,main]) started.
[        ] :url_launcher_android:copyDebugJniLibsProjectOnly (Thread[#38943,Execution worker Thread 9,5,main]) started.
[        ] > Task :url_launcher_android:copyDebugJniLibsProjectOnly UP-TO-DATE
[        ] Caching disabled for task ':url_launcher_android:copyDebugJniLibsProjectOnly' because:
[        ]   Build cache is disabled
[        ]   Caching has been disabled for the task
[        ] Skipping task ':url_launcher_android:copyDebugJniLibsProjectOnly' as it is up-to-date.
[        ] work action resolve jni (project :url_launcher_android) (Thread[#38943,Execution worker Thread 9,5,main]) started.
[        ] Resolve mutations for :video_player_android:mergeDebugJniLibFolders (Thread[#38943,Execution worker Thread 9,5,main]) started.
[        ] :video_player_android:mergeDebugJniLibFolders (Thread[#38943,Execution worker Thread 9,5,main]) started.
[        ] > Task :video_player_android:mergeDebugJniLibFolders UP-TO-DATE
[        ] Caching disabled for task ':video_player_android:mergeDebugJniLibFolders' because:
[        ]   Build cache is disabled
[        ]   Simple merging task
[        ] Skipping task ':video_player_android:mergeDebugJniLibFolders' as it is up-to-date.
[        ] Resolve mutations for :video_player_android:mergeDebugNativeLibs (Thread[#38943,Execution worker Thread 9,5,main]) started.
[        ] :video_player_android:mergeDebugNativeLibs (Thread[#38943,Execution worker Thread 9,5,main]) started.
[        ] > Task :video_player_android:mergeDebugNativeLibs NO-SOURCE
[        ] Skipping task ':video_player_android:mergeDebugNativeLibs' as it has no source files and no previous output files.
[        ] Resolve mutations for :video_player_android:copyDebugJniLibsProjectOnly (Thread[#38943,Execution worker Thread 9,5,main]) started.
[        ] :video_player_android:copyDebugJniLibsProjectOnly (Thread[#38943,Execution worker Thread 9,5,main]) started.
[        ] > Task :video_player_android:copyDebugJniLibsProjectOnly UP-TO-DATE
[        ] Caching disabled for task ':video_player_android:copyDebugJniLibsProjectOnly' because:
[        ]   Build cache is disabled
[        ]   Caching has been disabled for the task
[        ] Skipping task ':video_player_android:copyDebugJniLibsProjectOnly' as it is up-to-date.
[        ] work action resolve jni (project :video_player_android) (Thread[#38943,Execution worker Thread 9,5,main]) started.
[        ] Resolve mutations for :app:mergeDebugNativeLibs (Thread[#38943,Execution worker Thread 9,5,main]) started.
[        ] :app:mergeDebugNativeLibs (Thread[#38943,Execution worker Thread 9,5,main]) started.
[        ] > Task :app:mergeDebugNativeLibs UP-TO-DATE
[        ] Caching disabled for task ':app:mergeDebugNativeLibs' because:
[        ]   Build cache is disabled
[        ]   Caching has been disabled for the task
[        ] Skipping task ':app:mergeDebugNativeLibs' as it is up-to-date.
[        ] Resolve mutations for :app:stripDebugDebugSymbols (Thread[#38943,Execution worker Thread 9,5,main]) started.
[        ] :app:stripDebugDebugSymbols (Thread[#38943,Execution worker Thread 9,5,main]) started.
[        ] > Task :app:stripDebugDebugSymbols UP-TO-DATE
[        ] Caching disabled for task ':app:stripDebugDebugSymbols' because:
[        ]   Build cache is disabled
[        ]   Caching has been disabled for the task
[        ] Skipping task ':app:stripDebugDebugSymbols' as it is up-to-date.
[        ] Resolve mutations for :app:validateSigningDebug (Thread[#38943,Execution worker Thread 9,5,main]) started.
[        ] :app:validateSigningDebug (Thread[#38943,Execution worker Thread 9,5,main]) started.
[        ] > Task :app:validateSigningDebug UP-TO-DATE
[        ] Caching disabled for task ':app:validateSigningDebug' because:
[        ]   Build cache is disabled
[        ]   Caching has been disabled for the task
[        ] Skipping task ':app:validateSigningDebug' as it is up-to-date.
[        ] Resolve mutations for :app:writeDebugAppMetadata (Thread[#38943,Execution worker Thread 9,5,main]) started.
[        ] :app:writeDebugAppMetadata (Thread[#38943,Execution worker Thread 9,5,main]) started.
[        ] > Task :app:writeDebugAppMetadata UP-TO-DATE
[        ] Caching disabled for task ':app:writeDebugAppMetadata' because:
[        ]   Build cache is disabled
[        ]   Caching has been disabled for the task
[        ] Skipping task ':app:writeDebugAppMetadata' as it is up-to-date.
[        ] Resolve mutations for :app:writeDebugSigningConfigVersions (Thread[#38943,Execution worker Thread 9,5,main]) started.
[        ] :app:writeDebugSigningConfigVersions (Thread[#38943,Execution worker Thread 9,5,main]) started.
[        ] > Task :app:writeDebugSigningConfigVersions UP-TO-DATE
[        ] Caching disabled for task ':app:writeDebugSigningConfigVersions' because:
[        ]   Build cache is disabled
[        ]   Caching has been disabled for the task
[        ] Skipping task ':app:writeDebugSigningConfigVersions' as it is up-to-date.
[        ] Resolve mutations for :connectivity_plus:stripDebugDebugSymbols (Thread[#38943,Execution worker Thread 9,5,main]) started.
[        ] :connectivity_plus:stripDebugDebugSymbols (Thread[#38943,Execution worker Thread 9,5,main]) started.
[        ] > Task :connectivity_plus:stripDebugDebugSymbols NO-SOURCE
[        ] Skipping task ':connectivity_plus:stripDebugDebugSymbols' as it has no source files and no previous output files.
[        ] Resolve mutations for :connectivity_plus:copyDebugJniLibsProjectAndLocalJars (Thread[#38943,Execution worker Thread 9,5,main]) started.
[        ] :connectivity_plus:copyDebugJniLibsProjectAndLocalJars (Thread[#38943,Execution worker Thread 9,5,main]) started.
[        ] > Task :connectivity_plus:copyDebugJniLibsProjectAndLocalJars UP-TO-DATE
[        ] Caching disabled for task ':connectivity_plus:copyDebugJniLibsProjectAndLocalJars' because:
[        ]   Build cache is disabled
[        ]   Caching has been disabled for the task
[        ] Skipping task ':connectivity_plus:copyDebugJniLibsProjectAndLocalJars' as it is up-to-date.
[        ] Resolve mutations for :connectivity_plus:extractDebugAnnotations (Thread[#38943,Execution worker Thread 9,5,main]) started.
[        ] :connectivity_plus:extractDebugAnnotations (Thread[#38943,Execution worker Thread 9,5,main]) started.
[        ] > Task :connectivity_plus:extractDebugAnnotations UP-TO-DATE
[        ] Caching disabled for task ':connectivity_plus:extractDebugAnnotations' because:
[        ]   Build cache is disabled
[        ] Skipping task ':connectivity_plus:extractDebugAnnotations' as it is up-to-date.
[        ] Resolve mutations for :connectivity_plus:extractDeepLinksForAarDebug (Thread[#38943,Execution worker Thread 9,5,main]) started.
[        ] :connectivity_plus:extractDeepLinksForAarDebug (Thread[#38943,Execution worker Thread 9,5,main]) started.
[        ] > Task :connectivity_plus:extractDeepLinksForAarDebug UP-TO-DATE
[        ] Caching disabled for task ':connectivity_plus:extractDeepLinksForAarDebug' because:
[        ]   Build cache is disabled
[        ] Skipping task ':connectivity_plus:extractDeepLinksForAarDebug' as it is up-to-date.
[        ] Resolve mutations for :connectivity_plus:mergeDebugGeneratedProguardFiles (Thread[#38943,Execution worker Thread 9,5,main]) started.
[        ] :connectivity_plus:mergeDebugGeneratedProguardFiles (Thread[#38943,Execution worker Thread 9,5,main]) started.
[        ] > Task :connectivity_plus:mergeDebugGeneratedProguardFiles UP-TO-DATE
[        ] Caching disabled for task ':connectivity_plus:mergeDebugGeneratedProguardFiles' because:
[        ]   Build cache is disabled
[        ]   Simple merging task
[        ] Skipping task ':connectivity_plus:mergeDebugGeneratedProguardFiles' as it is up-to-date.
[        ] Resolve mutations for :connectivity_plus:mergeDebugConsumerProguardFiles (Thread[#38943,Execution worker Thread 9,5,main]) started.
[        ] :connectivity_plus:mergeDebugConsumerProguardFiles (Thread[#38943,Execution worker Thread 9,5,main]) started.
[        ] > Task :connectivity_plus:mergeDebugConsumerProguardFiles UP-TO-DATE
[        ] Caching disabled for task ':connectivity_plus:mergeDebugConsumerProguardFiles' because:
[        ]   Build cache is disabled
[        ]   Simple merging task
[        ] Skipping task ':connectivity_plus:mergeDebugConsumerProguardFiles' as it is up-to-date.
[        ] Resolve mutations for :connectivity_plus:prepareDebugArtProfile (Thread[#38943,Execution worker Thread 9,5,main]) started.
[        ] :connectivity_plus:prepareDebugArtProfile (Thread[#38943,Execution worker Thread 9,5,main]) started.
[        ] > Task :connectivity_plus:prepareDebugArtProfile UP-TO-DATE
[        ] Caching disabled for task ':connectivity_plus:prepareDebugArtProfile' because:
[        ]   Build cache is disabled
[        ]   Caching has been disabled for the task
[        ] Skipping task ':connectivity_plus:prepareDebugArtProfile' as it is up-to-date.
[        ] Resolve mutations for :connectivity_plus:prepareLintJarForPublish (Thread[#38943,Execution worker Thread 9,5,main]) started.
[        ] :connectivity_plus:prepareLintJarForPublish (Thread[#38943,Execution worker Thread 9,5,main]) started.
[        ] > Task :connectivity_plus:prepareLintJarForPublish UP-TO-DATE
[        ] Caching disabled for task ':connectivity_plus:prepareLintJarForPublish' because:
[        ]   Build cache is disabled
[        ]   Caching has been disabled for the task
[        ] Skipping task ':connectivity_plus:prepareLintJarForPublish' as it is up-to-date.
[        ] Resolve mutations for :connectivity_plus:mergeDebugJavaResource (Thread[#38943,Execution worker Thread 9,5,main]) started.
[        ] :connectivity_plus:mergeDebugJavaResource (Thread[#38938,Execution worker Thread 5,5,main]) started.
[        ] > Task :connectivity_plus:mergeDebugJavaResource UP-TO-DATE
[        ] Caching disabled for task ':connectivity_plus:mergeDebugJavaResource' because:
[        ]   Build cache is disabled
[        ]   Caching has been disabled for the task
[        ] Skipping task ':connectivity_plus:mergeDebugJavaResource' as it is up-to-date.
[        ] Resolve mutations for :connectivity_plus:syncDebugLibJars (Thread[#38938,Execution worker Thread 5,5,main]) started.
[        ] :connectivity_plus:syncDebugLibJars (Thread[#38938,Execution worker Thread 5,5,main]) started.
[        ] > Task :connectivity_plus:syncDebugLibJars UP-TO-DATE
[        ] Caching disabled for task ':connectivity_plus:syncDebugLibJars' because:
[        ]   Build cache is disabled
[        ] Skipping task ':connectivity_plus:syncDebugLibJars' as it is up-to-date.
[        ] Resolve mutations for :connectivity_plus:bundleDebugAar (Thread[#38938,Execution worker Thread 5,5,main]) started.
[        ] :connectivity_plus:bundleDebugAar (Thread[#38938,Execution worker Thread 5,5,main]) started.
[        ] > Task :connectivity_plus:bundleDebugAar UP-TO-DATE
[        ] Caching disabled for task ':connectivity_plus:bundleDebugAar' because:
[        ]   Build cache is disabled
[        ]   Caching has been disabled for the task
[        ] Skipping task ':connectivity_plus:bundleDebugAar' as it is up-to-date.
[        ] Resolve mutations for :connectivity_plus:assembleDebug (Thread[#38938,Execution worker Thread 5,5,main]) started.
[        ] :connectivity_plus:assembleDebug (Thread[#38938,Execution worker Thread 5,5,main]) started.
[        ] > Task :connectivity_plus:assembleDebug UP-TO-DATE
[        ] Skipping task ':connectivity_plus:assembleDebug' as it has no actions.
[        ] Resolve mutations for :emoji_picker_flutter:stripDebugDebugSymbols (Thread[#38938,Execution worker Thread 5,5,main]) started.
[        ] :emoji_picker_flutter:stripDebugDebugSymbols (Thread[#38938,Execution worker Thread 5,5,main]) started.
[        ] > Task :emoji_picker_flutter:stripDebugDebugSymbols NO-SOURCE
[        ] Skipping task ':emoji_picker_flutter:stripDebugDebugSymbols' as it has no source files and no previous output files.
[        ] Resolve mutations for :emoji_picker_flutter:copyDebugJniLibsProjectAndLocalJars (Thread[#38938,Execution worker Thread 5,5,main]) started.
[        ] :emoji_picker_flutter:copyDebugJniLibsProjectAndLocalJars (Thread[#38938,Execution worker Thread 5,5,main]) started.
[        ] > Task :emoji_picker_flutter:copyDebugJniLibsProjectAndLocalJars UP-TO-DATE
[        ] Caching disabled for task ':emoji_picker_flutter:copyDebugJniLibsProjectAndLocalJars' because:
[        ]   Build cache is disabled
[        ]   Caching has been disabled for the task
[        ] Skipping task ':emoji_picker_flutter:copyDebugJniLibsProjectAndLocalJars' as it is up-to-date.
[        ] Resolve mutations for :emoji_picker_flutter:extractDebugAnnotations (Thread[#38938,Execution worker Thread 5,5,main]) started.
[        ] :emoji_picker_flutter:extractDebugAnnotations (Thread[#38938,Execution worker Thread 5,5,main]) started.
[        ] > Task :emoji_picker_flutter:extractDebugAnnotations UP-TO-DATE
[        ] Caching disabled for task ':emoji_picker_flutter:extractDebugAnnotations' because:
[        ]   Build cache is disabled
[        ] Skipping task ':emoji_picker_flutter:extractDebugAnnotations' as it is up-to-date.
[        ] Resolve mutations for :emoji_picker_flutter:extractDeepLinksForAarDebug (Thread[#38938,Execution worker Thread 5,5,main]) started.
[        ] :emoji_picker_flutter:extractDeepLinksForAarDebug (Thread[#38938,Execution worker Thread 5,5,main]) started.
[        ] > Task :emoji_picker_flutter:extractDeepLinksForAarDebug UP-TO-DATE
[        ] Caching disabled for task ':emoji_picker_flutter:extractDeepLinksForAarDebug' because:
[        ]   Build cache is disabled
[        ] Skipping task ':emoji_picker_flutter:extractDeepLinksForAarDebug' as it is up-to-date.
[        ] Resolve mutations for :emoji_picker_flutter:mergeDebugGeneratedProguardFiles (Thread[#38938,Execution worker Thread 5,5,main]) started.
[        ] :emoji_picker_flutter:mergeDebugGeneratedProguardFiles (Thread[#38938,Execution worker Thread 5,5,main]) started.
[        ] > Task :emoji_picker_flutter:mergeDebugGeneratedProguardFiles UP-TO-DATE
[        ] Caching disabled for task ':emoji_picker_flutter:mergeDebugGeneratedProguardFiles' because:
[        ]   Build cache is disabled
[        ]   Simple merging task
[        ] Skipping task ':emoji_picker_flutter:mergeDebugGeneratedProguardFiles' as it is up-to-date.
[        ] Resolve mutations for :emoji_picker_flutter:mergeDebugConsumerProguardFiles (Thread[#38938,Execution worker Thread 5,5,main]) started.
[        ] :emoji_picker_flutter:mergeDebugConsumerProguardFiles (Thread[#38938,Execution worker Thread 5,5,main]) started.
[        ] > Task :emoji_picker_flutter:mergeDebugConsumerProguardFiles UP-TO-DATE
[        ] Caching disabled for task ':emoji_picker_flutter:mergeDebugConsumerProguardFiles' because:
[        ]   Build cache is disabled
[        ]   Simple merging task
[        ] Skipping task ':emoji_picker_flutter:mergeDebugConsumerProguardFiles' as it is up-to-date.
[        ] Resolve mutations for :emoji_picker_flutter:prepareDebugArtProfile (Thread[#38938,Execution worker Thread 5,5,main]) started.
[        ] :emoji_picker_flutter:prepareDebugArtProfile (Thread[#38938,Execution worker Thread 5,5,main]) started.
[        ] > Task :emoji_picker_flutter:prepareDebugArtProfile UP-TO-DATE
[        ] Caching disabled for task ':emoji_picker_flutter:prepareDebugArtProfile' because:
[        ]   Build cache is disabled
[        ]   Caching has been disabled for the task
[        ] Skipping task ':emoji_picker_flutter:prepareDebugArtProfile' as it is up-to-date.
[        ] Resolve mutations for :emoji_picker_flutter:prepareLintJarForPublish (Thread[#38938,Execution worker Thread 5,5,main]) started.
[        ] :emoji_picker_flutter:prepareLintJarForPublish (Thread[#38938,Execution worker Thread 5,5,main]) started.
[        ] > Task :emoji_picker_flutter:prepareLintJarForPublish UP-TO-DATE
[        ] Caching disabled for task ':emoji_picker_flutter:prepareLintJarForPublish' because:
[        ]   Build cache is disabled
[        ]   Caching has been disabled for the task
[        ] Skipping task ':emoji_picker_flutter:prepareLintJarForPublish' as it is up-to-date.
[        ] Resolve mutations for :emoji_picker_flutter:mergeDebugJavaResource (Thread[#38938,Execution worker Thread 5,5,main]) started.
[        ] :emoji_picker_flutter:mergeDebugJavaResource (Thread[#38938,Execution worker Thread 5,5,main]) started.
[        ] > Task :emoji_picker_flutter:mergeDebugJavaResource UP-TO-DATE
[        ] Caching disabled for task ':emoji_picker_flutter:mergeDebugJavaResource' because:
[        ]   Build cache is disabled
[        ]   Caching has been disabled for the task
[        ] Skipping task ':emoji_picker_flutter:mergeDebugJavaResource' as it is up-to-date.
[        ] Resolve mutations for :emoji_picker_flutter:syncDebugLibJars (Thread[#38938,Execution worker Thread 5,5,main]) started.
[        ] :emoji_picker_flutter:syncDebugLibJars (Thread[#38938,Execution worker Thread 5,5,main]) started.
[        ] > Task :emoji_picker_flutter:syncDebugLibJars UP-TO-DATE
[        ] Caching disabled for task ':emoji_picker_flutter:syncDebugLibJars' because:
[        ]   Build cache is disabled
[        ] Skipping task ':emoji_picker_flutter:syncDebugLibJars' as it is up-to-date.
[        ] Resolve mutations for :emoji_picker_flutter:bundleDebugAar (Thread[#38938,Execution worker Thread 5,5,main]) started.
[        ] :emoji_picker_flutter:bundleDebugAar (Thread[#38938,Execution worker Thread 5,5,main]) started.
[        ] > Task :emoji_picker_flutter:bundleDebugAar UP-TO-DATE
[        ] Caching disabled for task ':emoji_picker_flutter:bundleDebugAar' because:
[        ]   Build cache is disabled
[        ]   Caching has been disabled for the task
[        ] Skipping task ':emoji_picker_flutter:bundleDebugAar' as it is up-to-date.
[        ] Resolve mutations for :emoji_picker_flutter:assembleDebug (Thread[#38938,Execution worker Thread 5,5,main]) started.
[        ] :emoji_picker_flutter:assembleDebug (Thread[#38938,Execution worker Thread 5,5,main]) started.
[        ] > Task :emoji_picker_flutter:assembleDebug UP-TO-DATE
[        ] Skipping task ':emoji_picker_flutter:assembleDebug' as it has no actions.
[        ] Resolve mutations for :file_selector_android:stripDebugDebugSymbols (Thread[#38938,Execution worker Thread 5,5,main]) started.
[        ] :file_selector_android:stripDebugDebugSymbols (Thread[#38938,Execution worker Thread 5,5,main]) started.
[        ] > Task :file_selector_android:stripDebugDebugSymbols NO-SOURCE
[        ] Skipping task ':file_selector_android:stripDebugDebugSymbols' as it has no source files and no previous output files.
[        ] Resolve mutations for :file_selector_android:copyDebugJniLibsProjectAndLocalJars (Thread[#38938,Execution worker Thread 5,5,main]) started.
[        ] :file_selector_android:copyDebugJniLibsProjectAndLocalJars (Thread[#38938,Execution worker Thread 5,5,main]) started.
[        ] > Task :file_selector_android:copyDebugJniLibsProjectAndLocalJars UP-TO-DATE
[        ] Caching disabled for task ':file_selector_android:copyDebugJniLibsProjectAndLocalJars' because:
[        ]   Build cache is disabled
[        ]   Caching has been disabled for the task
[        ] Skipping task ':file_selector_android:copyDebugJniLibsProjectAndLocalJars' as it is up-to-date.
[        ] Resolve mutations for :file_selector_android:extractDebugAnnotations (Thread[#38938,Execution worker Thread 5,5,main]) started.
[        ] :file_selector_android:extractDebugAnnotations (Thread[#38938,Execution worker Thread 5,5,main]) started.
[        ] > Task :file_selector_android:extractDebugAnnotations UP-TO-DATE
[        ] Caching disabled for task ':file_selector_android:extractDebugAnnotations' because:
[        ]   Build cache is disabled
[        ] Skipping task ':file_selector_android:extractDebugAnnotations' as it is up-to-date.
[        ] Resolve mutations for :file_selector_android:extractDeepLinksForAarDebug (Thread[#38938,Execution worker Thread 5,5,main]) started.
[        ] :file_selector_android:extractDeepLinksForAarDebug (Thread[#38938,Execution worker Thread 5,5,main]) started.
[        ] > Task :file_selector_android:extractDeepLinksForAarDebug UP-TO-DATE
[        ] Caching disabled for task ':file_selector_android:extractDeepLinksForAarDebug' because:
[        ]   Build cache is disabled
[        ] Skipping task ':file_selector_android:extractDeepLinksForAarDebug' as it is up-to-date.
[        ] Resolve mutations for :file_selector_android:mergeDebugGeneratedProguardFiles (Thread[#38938,Execution worker Thread 5,5,main]) started.
[        ] :file_selector_android:mergeDebugGeneratedProguardFiles (Thread[#38938,Execution worker Thread 5,5,main]) started.
[        ] > Task :file_selector_android:mergeDebugGeneratedProguardFiles UP-TO-DATE
[        ] Caching disabled for task ':file_selector_android:mergeDebugGeneratedProguardFiles' because:
[        ]   Build cache is disabled
[        ]   Simple merging task
[        ] Skipping task ':file_selector_android:mergeDebugGeneratedProguardFiles' as it is up-to-date.
[        ] Resolve mutations for :file_selector_android:mergeDebugConsumerProguardFiles (Thread[#38938,Execution worker Thread 5,5,main]) started.
[        ] :file_selector_android:mergeDebugConsumerProguardFiles (Thread[#38938,Execution worker Thread 5,5,main]) started.
[        ] > Task :file_selector_android:mergeDebugConsumerProguardFiles UP-TO-DATE
[        ] Caching disabled for task ':file_selector_android:mergeDebugConsumerProguardFiles' because:
[        ]   Build cache is disabled
[        ]   Simple merging task
[        ] Skipping task ':file_selector_android:mergeDebugConsumerProguardFiles' as it is up-to-date.
[        ] Resolve mutations for :file_selector_android:prepareDebugArtProfile (Thread[#38938,Execution worker Thread 5,5,main]) started.
[        ] :file_selector_android:prepareDebugArtProfile (Thread[#38938,Execution worker Thread 5,5,main]) started.
[        ] > Task :file_selector_android:prepareDebugArtProfile UP-TO-DATE
[        ] Caching disabled for task ':file_selector_android:prepareDebugArtProfile' because:
[        ]   Build cache is disabled
[        ]   Caching has been disabled for the task
[        ] Skipping task ':file_selector_android:prepareDebugArtProfile' as it is up-to-date.
[        ] Resolve mutations for :file_selector_android:prepareLintJarForPublish (Thread[#38938,Execution worker Thread 5,5,main]) started.
[        ] :file_selector_android:prepareLintJarForPublish (Thread[#38938,Execution worker Thread 5,5,main]) started.
[        ] > Task :file_selector_android:prepareLintJarForPublish UP-TO-DATE
[        ] Caching disabled for task ':file_selector_android:prepareLintJarForPublish' because:
[        ]   Build cache is disabled
[        ]   Caching has been disabled for the task
[        ] Skipping task ':file_selector_android:prepareLintJarForPublish' as it is up-to-date.
[        ] Resolve mutations for :file_selector_android:mergeDebugJavaResource (Thread[#38938,Execution worker Thread 5,5,main]) started.
[        ] :file_selector_android:mergeDebugJavaResource (Thread[#38938,Execution worker Thread 5,5,main]) started.
[        ] > Task :file_selector_android:mergeDebugJavaResource UP-TO-DATE
[        ] Caching disabled for task ':file_selector_android:mergeDebugJavaResource' because:
[        ]   Build cache is disabled
[        ]   Caching has been disabled for the task
[        ] Skipping task ':file_selector_android:mergeDebugJavaResource' as it is up-to-date.
[        ] Resolve mutations for :file_selector_android:syncDebugLibJars (Thread[#38938,Execution worker Thread 5,5,main]) started.
[        ] :file_selector_android:syncDebugLibJars (Thread[#38938,Execution worker Thread 5,5,main]) started.
[        ] > Task :file_selector_android:syncDebugLibJars UP-TO-DATE
[        ] Caching disabled for task ':file_selector_android:syncDebugLibJars' because:
[        ]   Build cache is disabled
[        ] Skipping task ':file_selector_android:syncDebugLibJars' as it is up-to-date.
[        ] Resolve mutations for :file_selector_android:bundleDebugAar (Thread[#38938,Execution worker Thread 5,5,main]) started.
[        ] :file_selector_android:bundleDebugAar (Thread[#38938,Execution worker Thread 5,5,main]) started.
[        ] > Task :file_selector_android:bundleDebugAar UP-TO-DATE
[        ] Caching disabled for task ':file_selector_android:bundleDebugAar' because:
[        ]   Build cache is disabled
[        ]   Caching has been disabled for the task
[        ] Skipping task ':file_selector_android:bundleDebugAar' as it is up-to-date.
[        ] Resolve mutations for :file_selector_android:assembleDebug (Thread[#38938,Execution worker Thread 5,5,main]) started.
[        ] :file_selector_android:assembleDebug (Thread[#38938,Execution worker Thread 5,5,main]) started.
[        ] > Task :file_selector_android:assembleDebug UP-TO-DATE
[        ] Skipping task ':file_selector_android:assembleDebug' as it has no actions.
[        ] Resolve mutations for :flutter_keyboard_visibility_temp_fork:stripDebugDebugSymbols (Thread[#38938,Execution worker Thread 5,5,main]) started.
[        ] :flutter_keyboard_visibility_temp_fork:stripDebugDebugSymbols (Thread[#38938,Execution worker Thread 5,5,main]) started.
[        ] > Task :flutter_keyboard_visibility_temp_fork:stripDebugDebugSymbols NO-SOURCE
[        ] Skipping task ':flutter_keyboard_visibility_temp_fork:stripDebugDebugSymbols' as it has no source files and no previous output files.
[        ] Resolve mutations for :flutter_keyboard_visibility_temp_fork:copyDebugJniLibsProjectAndLocalJars (Thread[#38938,Execution worker Thread 5,5,main]) started.
[        ] :flutter_keyboard_visibility_temp_fork:copyDebugJniLibsProjectAndLocalJars (Thread[#38938,Execution worker Thread 5,5,main]) started.
[        ] > Task :flutter_keyboard_visibility_temp_fork:copyDebugJniLibsProjectAndLocalJars UP-TO-DATE
[        ] Caching disabled for task ':flutter_keyboard_visibility_temp_fork:copyDebugJniLibsProjectAndLocalJars' because:
[        ]   Build cache is disabled
[        ]   Caching has been disabled for the task
[        ] Skipping task ':flutter_keyboard_visibility_temp_fork:copyDebugJniLibsProjectAndLocalJars' as it is up-to-date.
[        ] Resolve mutations for :flutter_keyboard_visibility_temp_fork:extractDebugAnnotations (Thread[#38938,Execution worker Thread 5,5,main]) started.
[        ] :flutter_keyboard_visibility_temp_fork:extractDebugAnnotations (Thread[#38938,Execution worker Thread 5,5,main]) started.
[        ] > Task :flutter_keyboard_visibility_temp_fork:extractDebugAnnotations UP-TO-DATE
[        ] Caching disabled for task ':flutter_keyboard_visibility_temp_fork:extractDebugAnnotations' because:
[        ]   Build cache is disabled
[        ] Skipping task ':flutter_keyboard_visibility_temp_fork:extractDebugAnnotations' as it is up-to-date.
[        ] Resolve mutations for :flutter_keyboard_visibility_temp_fork:extractDeepLinksForAarDebug (Thread[#38938,Execution worker Thread 5,5,main]) started.
[        ] :flutter_keyboard_visibility_temp_fork:extractDeepLinksForAarDebug (Thread[#38938,Execution worker Thread 5,5,main]) started.
[        ] > Task :flutter_keyboard_visibility_temp_fork:extractDeepLinksForAarDebug UP-TO-DATE
[        ] Caching disabled for task ':flutter_keyboard_visibility_temp_fork:extractDeepLinksForAarDebug' because:
[        ]   Build cache is disabled
[        ] Skipping task ':flutter_keyboard_visibility_temp_fork:extractDeepLinksForAarDebug' as it is up-to-date.
[        ] Resolve mutations for :flutter_keyboard_visibility_temp_fork:mergeDebugGeneratedProguardFiles (Thread[#38938,Execution worker Thread 5,5,main]) started.
[        ] :flutter_keyboard_visibility_temp_fork:mergeDebugGeneratedProguardFiles (Thread[#38938,Execution worker Thread 5,5,main]) started.
[        ] > Task :flutter_keyboard_visibility_temp_fork:mergeDebugGeneratedProguardFiles UP-TO-DATE
[        ] Caching disabled for task ':flutter_keyboard_visibility_temp_fork:mergeDebugGeneratedProguardFiles' because:
[        ]   Build cache is disabled
[        ]   Simple merging task
[        ] Skipping task ':flutter_keyboard_visibility_temp_fork:mergeDebugGeneratedProguardFiles' as it is up-to-date.
[        ] Resolve mutations for :flutter_keyboard_visibility_temp_fork:mergeDebugConsumerProguardFiles (Thread[#38938,Execution worker Thread 5,5,main]) started.
[        ] :flutter_keyboard_visibility_temp_fork:mergeDebugConsumerProguardFiles (Thread[#38938,Execution worker Thread 5,5,main]) started.
[        ] > Task :flutter_keyboard_visibility_temp_fork:mergeDebugConsumerProguardFiles UP-TO-DATE
[        ] Caching disabled for task ':flutter_keyboard_visibility_temp_fork:mergeDebugConsumerProguardFiles' because:
[        ]   Build cache is disabled
[        ]   Simple merging task
[        ] Skipping task ':flutter_keyboard_visibility_temp_fork:mergeDebugConsumerProguardFiles' as it is up-to-date.
[        ] Resolve mutations for :flutter_keyboard_visibility_temp_fork:prepareDebugArtProfile (Thread[#38938,Execution worker Thread 5,5,main]) started.
[        ] :flutter_keyboard_visibility_temp_fork:prepareDebugArtProfile (Thread[#38938,Execution worker Thread 5,5,main]) started.
[        ] > Task :flutter_keyboard_visibility_temp_fork:prepareDebugArtProfile UP-TO-DATE
[        ] Caching disabled for task ':flutter_keyboard_visibility_temp_fork:prepareDebugArtProfile' because:
[        ]   Build cache is disabled
[        ]   Caching has been disabled for the task
[        ] Skipping task ':flutter_keyboard_visibility_temp_fork:prepareDebugArtProfile' as it is up-to-date.
[        ] Resolve mutations for :flutter_keyboard_visibility_temp_fork:prepareLintJarForPublish (Thread[#38938,Execution worker Thread 5,5,main]) started.
[        ] :flutter_keyboard_visibility_temp_fork:prepareLintJarForPublish (Thread[#38938,Execution worker Thread 5,5,main]) started.
[        ] > Task :flutter_keyboard_visibility_temp_fork:prepareLintJarForPublish UP-TO-DATE
[        ] Caching disabled for task ':flutter_keyboard_visibility_temp_fork:prepareLintJarForPublish' because:
[        ]   Build cache is disabled
[        ]   Caching has been disabled for the task
[        ] Skipping task ':flutter_keyboard_visibility_temp_fork:prepareLintJarForPublish' as it is up-to-date.
[        ] Resolve mutations for :flutter_keyboard_visibility_temp_fork:mergeDebugJavaResource (Thread[#38938,Execution worker Thread 5,5,main]) started.
[        ] :flutter_keyboard_visibility_temp_fork:mergeDebugJavaResource (Thread[#38938,Execution worker Thread 5,5,main]) started.
[        ] > Task :flutter_keyboard_visibility_temp_fork:mergeDebugJavaResource UP-TO-DATE
[        ] Caching disabled for task ':flutter_keyboard_visibility_temp_fork:mergeDebugJavaResource' because:
[        ]   Build cache is disabled
[        ]   Caching has been disabled for the task
[        ] Skipping task ':flutter_keyboard_visibility_temp_fork:mergeDebugJavaResource' as it is up-to-date.
[        ] Resolve mutations for :flutter_keyboard_visibility_temp_fork:syncDebugLibJars (Thread[#38938,Execution worker Thread 5,5,main]) started.
[        ] :flutter_keyboard_visibility_temp_fork:syncDebugLibJars (Thread[#38938,Execution worker Thread 5,5,main]) started.
[        ] > Task :flutter_keyboard_visibility_temp_fork:syncDebugLibJars UP-TO-DATE
[        ] Caching disabled for task ':flutter_keyboard_visibility_temp_fork:syncDebugLibJars' because:
[        ]   Build cache is disabled
[        ] Skipping task ':flutter_keyboard_visibility_temp_fork:syncDebugLibJars' as it is up-to-date.
[        ] Resolve mutations for :flutter_keyboard_visibility_temp_fork:bundleDebugAar (Thread[#38938,Execution worker Thread 5,5,main]) started.
[        ] :flutter_keyboard_visibility_temp_fork:bundleDebugAar (Thread[#38938,Execution worker Thread 5,5,main]) started.
[        ] > Task :flutter_keyboard_visibility_temp_fork:bundleDebugAar UP-TO-DATE
[        ] Caching disabled for task ':flutter_keyboard_visibility_temp_fork:bundleDebugAar' because:
[        ]   Build cache is disabled
[        ]   Caching has been disabled for the task
[        ] Skipping task ':flutter_keyboard_visibility_temp_fork:bundleDebugAar' as it is up-to-date.
[        ] Resolve mutations for :flutter_keyboard_visibility_temp_fork:assembleDebug (Thread[#38938,Execution worker Thread 5,5,main]) started.
[        ] :flutter_keyboard_visibility_temp_fork:assembleDebug (Thread[#38938,Execution worker Thread 5,5,main]) started.
[        ] > Task :flutter_keyboard_visibility_temp_fork:assembleDebug UP-TO-DATE
[        ] Skipping task ':flutter_keyboard_visibility_temp_fork:assembleDebug' as it has no actions.
[        ] Resolve mutations for :flutter_native_splash:stripDebugDebugSymbols (Thread[#38938,Execution worker Thread 5,5,main]) started.
[        ] :flutter_native_splash:stripDebugDebugSymbols (Thread[#38938,Execution worker Thread 5,5,main]) started.
[        ] > Task :flutter_native_splash:stripDebugDebugSymbols NO-SOURCE
[        ] Skipping task ':flutter_native_splash:stripDebugDebugSymbols' as it has no source files and no previous output files.
[        ] Resolve mutations for :flutter_native_splash:copyDebugJniLibsProjectAndLocalJars (Thread[#38938,Execution worker Thread 5,5,main]) started.
[        ] :flutter_native_splash:copyDebugJniLibsProjectAndLocalJars (Thread[#38938,Execution worker Thread 5,5,main]) started.
[        ] > Task :flutter_native_splash:copyDebugJniLibsProjectAndLocalJars UP-TO-DATE
[        ] Caching disabled for task ':flutter_native_splash:copyDebugJniLibsProjectAndLocalJars' because:
[        ]   Build cache is disabled
[        ]   Caching has been disabled for the task
[        ] Skipping task ':flutter_native_splash:copyDebugJniLibsProjectAndLocalJars' as it is up-to-date.
[        ] Resolve mutations for :flutter_native_splash:extractDebugAnnotations (Thread[#38938,Execution worker Thread 5,5,main]) started.
[        ] :flutter_native_splash:extractDebugAnnotations (Thread[#38938,Execution worker Thread 5,5,main]) started.
[        ] > Task :flutter_native_splash:extractDebugAnnotations UP-TO-DATE
[        ] Caching disabled for task ':flutter_native_splash:extractDebugAnnotations' because:
[        ]   Build cache is disabled
[        ] Skipping task ':flutter_native_splash:extractDebugAnnotations' as it is up-to-date.
[        ] Resolve mutations for :flutter_native_splash:extractDeepLinksForAarDebug (Thread[#38938,Execution worker Thread 5,5,main]) started.
[        ] :flutter_native_splash:extractDeepLinksForAarDebug (Thread[#38938,Execution worker Thread 5,5,main]) started.
[        ] > Task :flutter_native_splash:extractDeepLinksForAarDebug UP-TO-DATE
[        ] Caching disabled for task ':flutter_native_splash:extractDeepLinksForAarDebug' because:
[        ]   Build cache is disabled
[        ] Skipping task ':flutter_native_splash:extractDeepLinksForAarDebug' as it is up-to-date.
[        ] Resolve mutations for :flutter_native_splash:mergeDebugGeneratedProguardFiles (Thread[#38938,Execution worker Thread 5,5,main]) started.
[        ] :flutter_native_splash:mergeDebugGeneratedProguardFiles (Thread[#38938,Execution worker Thread 5,5,main]) started.
[        ] > Task :flutter_native_splash:mergeDebugGeneratedProguardFiles UP-TO-DATE
[        ] Caching disabled for task ':flutter_native_splash:mergeDebugGeneratedProguardFiles' because:
[        ]   Build cache is disabled
[        ]   Simple merging task
[        ] Skipping task ':flutter_native_splash:mergeDebugGeneratedProguardFiles' as it is up-to-date.
[        ] Resolve mutations for :flutter_native_splash:mergeDebugConsumerProguardFiles (Thread[#38938,Execution worker Thread 5,5,main]) started.
[        ] :flutter_native_splash:mergeDebugConsumerProguardFiles (Thread[#38938,Execution worker Thread 5,5,main]) started.
[        ] > Task :flutter_native_splash:mergeDebugConsumerProguardFiles UP-TO-DATE
[        ] Caching disabled for task ':flutter_native_splash:mergeDebugConsumerProguardFiles' because:
[        ]   Build cache is disabled
[        ]   Simple merging task
[        ] Skipping task ':flutter_native_splash:mergeDebugConsumerProguardFiles' as it is up-to-date.
[        ] Resolve mutations for :flutter_native_splash:prepareDebugArtProfile (Thread[#38938,Execution worker Thread 5,5,main]) started.
[        ] :flutter_native_splash:prepareDebugArtProfile (Thread[#38938,Execution worker Thread 5,5,main]) started.
[        ] > Task :flutter_native_splash:prepareDebugArtProfile UP-TO-DATE
[        ] Caching disabled for task ':flutter_native_splash:prepareDebugArtProfile' because:
[        ]   Build cache is disabled
[        ]   Caching has been disabled for the task
[        ] Skipping task ':flutter_native_splash:prepareDebugArtProfile' as it is up-to-date.
[        ] Resolve mutations for :flutter_native_splash:prepareLintJarForPublish (Thread[#38938,Execution worker Thread 5,5,main]) started.
[        ] :flutter_native_splash:prepareLintJarForPublish (Thread[#38938,Execution worker Thread 5,5,main]) started.
[        ] > Task :flutter_native_splash:prepareLintJarForPublish UP-TO-DATE
[        ] Caching disabled for task ':flutter_native_splash:prepareLintJarForPublish' because:
[        ]   Build cache is disabled
[        ]   Caching has been disabled for the task
[        ] Skipping task ':flutter_native_splash:prepareLintJarForPublish' as it is up-to-date.
[        ] Resolve mutations for :flutter_native_splash:mergeDebugJavaResource (Thread[#38938,Execution worker Thread 5,5,main]) started.
[        ] :flutter_native_splash:mergeDebugJavaResource (Thread[#38938,Execution worker Thread 5,5,main]) started.
[        ] > Task :flutter_native_splash:mergeDebugJavaResource UP-TO-DATE
[        ] Caching disabled for task ':flutter_native_splash:mergeDebugJavaResource' because:
[        ]   Build cache is disabled
[        ]   Caching has been disabled for the task
[        ] Skipping task ':flutter_native_splash:mergeDebugJavaResource' as it is up-to-date.
[        ] Resolve mutations for :flutter_native_splash:syncDebugLibJars (Thread[#38938,Execution worker Thread 5,5,main]) started.
[        ] :flutter_native_splash:syncDebugLibJars (Thread[#38938,Execution worker Thread 5,5,main]) started.
[        ] > Task :flutter_native_splash:syncDebugLibJars UP-TO-DATE
[        ] Caching disabled for task ':flutter_native_splash:syncDebugLibJars' because:
[        ]   Build cache is disabled
[        ] Skipping task ':flutter_native_splash:syncDebugLibJars' as it is up-to-date.
[        ] Resolve mutations for :flutter_native_splash:bundleDebugAar (Thread[#38938,Execution worker Thread 5,5,main]) started.
[        ] :flutter_native_splash:bundleDebugAar (Thread[#38938,Execution worker Thread 5,5,main]) started.
[        ] > Task :flutter_native_splash:bundleDebugAar UP-TO-DATE
[        ] Caching disabled for task ':flutter_native_splash:bundleDebugAar' because:
[        ]   Build cache is disabled
[        ]   Caching has been disabled for the task
[        ] Skipping task ':flutter_native_splash:bundleDebugAar' as it is up-to-date.
[        ] Resolve mutations for :flutter_native_splash:assembleDebug (Thread[#38938,Execution worker Thread 5,5,main]) started.
[        ] :flutter_native_splash:assembleDebug (Thread[#38938,Execution worker Thread 5,5,main]) started.
[        ] > Task :flutter_native_splash:assembleDebug UP-TO-DATE
[        ] Skipping task ':flutter_native_splash:assembleDebug' as it has no actions.
[        ] Resolve mutations for :flutter_olm:stripDebugDebugSymbols (Thread[#38938,Execution worker Thread 5,5,main]) started.
[        ] :flutter_olm:stripDebugDebugSymbols (Thread[#38938,Execution worker Thread 5,5,main]) started.
[        ] > Task :flutter_olm:stripDebugDebugSymbols UP-TO-DATE
[        ] Caching disabled for task ':flutter_olm:stripDebugDebugSymbols' because:
[        ]   Build cache is disabled
[        ]   Caching has been disabled for the task
[        ] Skipping task ':flutter_olm:stripDebugDebugSymbols' as it is up-to-date.
[        ] Resolve mutations for :flutter_olm:copyDebugJniLibsProjectAndLocalJars (Thread[#38938,Execution worker Thread 5,5,main]) started.
[        ] :flutter_olm:copyDebugJniLibsProjectAndLocalJars (Thread[#38938,Execution worker Thread 5,5,main]) started.
[        ] > Task :flutter_olm:copyDebugJniLibsProjectAndLocalJars UP-TO-DATE
[        ] Caching disabled for task ':flutter_olm:copyDebugJniLibsProjectAndLocalJars' because:
[        ]   Build cache is disabled
[        ]   Caching has been disabled for the task
[        ] Skipping task ':flutter_olm:copyDebugJniLibsProjectAndLocalJars' as it is up-to-date.
[        ] Resolve mutations for :flutter_olm:extractDebugAnnotations (Thread[#38938,Execution worker Thread 5,5,main]) started.
[        ] :flutter_olm:extractDebugAnnotations (Thread[#38938,Execution worker Thread 5,5,main]) started.
[        ] > Task :flutter_olm:extractDebugAnnotations UP-TO-DATE
[        ] Caching disabled for task ':flutter_olm:extractDebugAnnotations' because:
[        ]   Build cache is disabled
[        ] Skipping task ':flutter_olm:extractDebugAnnotations' as it is up-to-date.
[        ] Resolve mutations for :flutter_olm:extractDeepLinksForAarDebug (Thread[#38938,Execution worker Thread 5,5,main]) started.
[        ] :flutter_olm:extractDeepLinksForAarDebug (Thread[#38938,Execution worker Thread 5,5,main]) started.
[        ] > Task :flutter_olm:extractDeepLinksForAarDebug UP-TO-DATE
[        ] Caching disabled for task ':flutter_olm:extractDeepLinksForAarDebug' because:
[        ]   Build cache is disabled
[        ] Skipping task ':flutter_olm:extractDeepLinksForAarDebug' as it is up-to-date.
[        ] Resolve mutations for :flutter_olm:mergeDebugGeneratedProguardFiles (Thread[#38938,Execution worker Thread 5,5,main]) started.
[        ] :flutter_olm:mergeDebugGeneratedProguardFiles (Thread[#38938,Execution worker Thread 5,5,main]) started.
[        ] > Task :flutter_olm:mergeDebugGeneratedProguardFiles UP-TO-DATE
[        ] Caching disabled for task ':flutter_olm:mergeDebugGeneratedProguardFiles' because:
[        ]   Build cache is disabled
[        ]   Simple merging task
[        ] Skipping task ':flutter_olm:mergeDebugGeneratedProguardFiles' as it is up-to-date.
[        ] Resolve mutations for :flutter_olm:mergeDebugConsumerProguardFiles (Thread[#38938,Execution worker Thread 5,5,main]) started.
[        ] :flutter_olm:mergeDebugConsumerProguardFiles (Thread[#38938,Execution worker Thread 5,5,main]) started.
[        ] > Task :flutter_olm:mergeDebugConsumerProguardFiles UP-TO-DATE
[        ] Caching disabled for task ':flutter_olm:mergeDebugConsumerProguardFiles' because:
[        ]   Build cache is disabled
[        ]   Simple merging task
[        ] Skipping task ':flutter_olm:mergeDebugConsumerProguardFiles' as it is up-to-date.
[        ] Resolve mutations for :flutter_olm:prepareDebugArtProfile (Thread[#38938,Execution worker Thread 5,5,main]) started.
[        ] :flutter_olm:prepareDebugArtProfile (Thread[#38938,Execution worker Thread 5,5,main]) started.
[        ] > Task :flutter_olm:prepareDebugArtProfile UP-TO-DATE
[        ] Caching disabled for task ':flutter_olm:prepareDebugArtProfile' because:
[        ]   Build cache is disabled
[        ]   Caching has been disabled for the task
[        ] Skipping task ':flutter_olm:prepareDebugArtProfile' as it is up-to-date.
[        ] Resolve mutations for :flutter_olm:prepareLintJarForPublish (Thread[#38938,Execution worker Thread 5,5,main]) started.
[        ] :flutter_olm:prepareLintJarForPublish (Thread[#38938,Execution worker Thread 5,5,main]) started.
[        ] > Task :flutter_olm:prepareLintJarForPublish UP-TO-DATE
[        ] Caching disabled for task ':flutter_olm:prepareLintJarForPublish' because:
[        ]   Build cache is disabled
[        ]   Caching has been disabled for the task
[        ] Skipping task ':flutter_olm:prepareLintJarForPublish' as it is up-to-date.
[        ] Resolve mutations for :flutter_olm:mergeDebugJavaResource (Thread[#38938,Execution worker Thread 5,5,main]) started.
[        ] :flutter_olm:mergeDebugJavaResource (Thread[#38938,Execution worker Thread 5,5,main]) started.
[        ] > Task :flutter_olm:mergeDebugJavaResource UP-TO-DATE
[        ] Caching disabled for task ':flutter_olm:mergeDebugJavaResource' because:
[        ]   Build cache is disabled
[        ]   Caching has been disabled for the task
[        ] Skipping task ':flutter_olm:mergeDebugJavaResource' as it is up-to-date.
[        ] Resolve mutations for :flutter_olm:syncDebugLibJars (Thread[#38938,Execution worker Thread 5,5,main]) started.
[        ] :flutter_olm:syncDebugLibJars (Thread[#38938,Execution worker Thread 5,5,main]) started.
[        ] > Task :flutter_olm:syncDebugLibJars UP-TO-DATE
[        ] Caching disabled for task ':flutter_olm:syncDebugLibJars' because:
[        ]   Build cache is disabled
[        ] Skipping task ':flutter_olm:syncDebugLibJars' as it is up-to-date.
[        ] Resolve mutations for :flutter_olm:bundleDebugAar (Thread[#38938,Execution worker Thread 5,5,main]) started.
[        ] :flutter_olm:bundleDebugAar (Thread[#38938,Execution worker Thread 5,5,main]) started.
[        ] > Task :flutter_olm:bundleDebugAar UP-TO-DATE
[        ] Caching disabled for task ':flutter_olm:bundleDebugAar' because:
[        ]   Build cache is disabled
[        ]   Caching has been disabled for the task
[        ] Skipping task ':flutter_olm:bundleDebugAar' as it is up-to-date.
[        ] Resolve mutations for :flutter_olm:assembleDebug (Thread[#38938,Execution worker Thread 5,5,main]) started.
[        ] :flutter_olm:assembleDebug (Thread[#38938,Execution worker Thread 5,5,main]) started.
[        ] > Task :flutter_olm:assembleDebug UP-TO-DATE
[        ] Skipping task ':flutter_olm:assembleDebug' as it has no actions.
[        ] Resolve mutations for :flutter_openssl_crypto:stripDebugDebugSymbols (Thread[#38938,Execution worker Thread 5,5,main]) started.
[        ] :flutter_openssl_crypto:stripDebugDebugSymbols (Thread[#38938,Execution worker Thread 5,5,main]) started.
[        ] > Task :flutter_openssl_crypto:stripDebugDebugSymbols UP-TO-DATE
[        ] Caching disabled for task ':flutter_openssl_crypto:stripDebugDebugSymbols' because:
[        ]   Build cache is disabled
[        ]   Caching has been disabled for the task
[        ] Skipping task ':flutter_openssl_crypto:stripDebugDebugSymbols' as it is up-to-date.
[        ] Resolve mutations for :flutter_openssl_crypto:copyDebugJniLibsProjectAndLocalJars (Thread[#38938,Execution worker Thread 5,5,main]) started.
[        ] :flutter_openssl_crypto:copyDebugJniLibsProjectAndLocalJars (Thread[#38938,Execution worker Thread 5,5,main]) started.
[        ] > Task :flutter_openssl_crypto:copyDebugJniLibsProjectAndLocalJars UP-TO-DATE
[        ] Caching disabled for task ':flutter_openssl_crypto:copyDebugJniLibsProjectAndLocalJars' because:
[        ]   Build cache is disabled
[        ]   Caching has been disabled for the task
[        ] Skipping task ':flutter_openssl_crypto:copyDebugJniLibsProjectAndLocalJars' as it is up-to-date.
[        ] Resolve mutations for :flutter_openssl_crypto:extractDebugAnnotations (Thread[#38938,Execution worker Thread 5,5,main]) started.
[        ] :flutter_openssl_crypto:extractDebugAnnotations (Thread[#38938,Execution worker Thread 5,5,main]) started.
[        ] > Task :flutter_openssl_crypto:extractDebugAnnotations UP-TO-DATE
[        ] Caching disabled for task ':flutter_openssl_crypto:extractDebugAnnotations' because:
[        ]   Build cache is disabled
[        ] Skipping task ':flutter_openssl_crypto:extractDebugAnnotations' as it is up-to-date.
[        ] Resolve mutations for :flutter_openssl_crypto:extractDeepLinksForAarDebug (Thread[#38938,Execution worker Thread 5,5,main]) started.
[        ] :flutter_openssl_crypto:extractDeepLinksForAarDebug (Thread[#38938,Execution worker Thread 5,5,main]) started.
[        ] > Task :flutter_openssl_crypto:extractDeepLinksForAarDebug UP-TO-DATE
[        ] Caching disabled for task ':flutter_openssl_crypto:extractDeepLinksForAarDebug' because:
[        ]   Build cache is disabled
[        ] Skipping task ':flutter_openssl_crypto:extractDeepLinksForAarDebug' as it is up-to-date.
[        ] Resolve mutations for :flutter_openssl_crypto:mergeDebugGeneratedProguardFiles (Thread[#38938,Execution worker Thread 5,5,main]) started.
[        ] :flutter_openssl_crypto:mergeDebugGeneratedProguardFiles (Thread[#38939,Execution worker Thread 6,5,main]) started.
[        ] > Task :flutter_openssl_crypto:mergeDebugGeneratedProguardFiles UP-TO-DATE
[        ] Caching disabled for task ':flutter_openssl_crypto:mergeDebugGeneratedProguardFiles' because:
[        ]   Build cache is disabled
[        ]   Simple merging task
[        ] Skipping task ':flutter_openssl_crypto:mergeDebugGeneratedProguardFiles' as it is up-to-date.
[        ] Resolve mutations for :flutter_openssl_crypto:mergeDebugConsumerProguardFiles (Thread[#38939,Execution worker Thread 6,5,main]) started.
[        ] :flutter_openssl_crypto:mergeDebugConsumerProguardFiles (Thread[#38939,Execution worker Thread 6,5,main]) started.
[        ] > Task :flutter_openssl_crypto:mergeDebugConsumerProguardFiles UP-TO-DATE
[        ] Caching disabled for task ':flutter_openssl_crypto:mergeDebugConsumerProguardFiles' because:
[        ]   Build cache is disabled
[        ]   Simple merging task
[        ] Skipping task ':flutter_openssl_crypto:mergeDebugConsumerProguardFiles' as it is up-to-date.
[        ] Resolve mutations for :flutter_openssl_crypto:prepareDebugArtProfile (Thread[#38939,Execution worker Thread 6,5,main]) started.
[        ] :flutter_openssl_crypto:prepareDebugArtProfile (Thread[#38939,Execution worker Thread 6,5,main]) started.
[        ] > Task :flutter_openssl_crypto:prepareDebugArtProfile UP-TO-DATE
[        ] Caching disabled for task ':flutter_openssl_crypto:prepareDebugArtProfile' because:
[        ]   Build cache is disabled
[        ]   Caching has been disabled for the task
[        ] Skipping task ':flutter_openssl_crypto:prepareDebugArtProfile' as it is up-to-date.
[        ] Resolve mutations for :flutter_openssl_crypto:prepareLintJarForPublish (Thread[#38939,Execution worker Thread 6,5,main]) started.
[        ] :flutter_openssl_crypto:prepareLintJarForPublish (Thread[#38939,Execution worker Thread 6,5,main]) started.
[        ] > Task :flutter_openssl_crypto:prepareLintJarForPublish UP-TO-DATE
[        ] Caching disabled for task ':flutter_openssl_crypto:prepareLintJarForPublish' because:
[        ]   Build cache is disabled
[        ]   Caching has been disabled for the task
[        ] Skipping task ':flutter_openssl_crypto:prepareLintJarForPublish' as it is up-to-date.
[        ] Resolve mutations for :flutter_openssl_crypto:mergeDebugJavaResource (Thread[#38939,Execution worker Thread 6,5,main]) started.
[        ] :flutter_openssl_crypto:mergeDebugJavaResource (Thread[#38939,Execution worker Thread 6,5,main]) started.
[        ] > Task :flutter_openssl_crypto:mergeDebugJavaResource UP-TO-DATE
[        ] Caching disabled for task ':flutter_openssl_crypto:mergeDebugJavaResource' because:
[        ]   Build cache is disabled
[        ]   Caching has been disabled for the task
[        ] Skipping task ':flutter_openssl_crypto:mergeDebugJavaResource' as it is up-to-date.
[        ] Resolve mutations for :flutter_openssl_crypto:syncDebugLibJars (Thread[#38939,Execution worker Thread 6,5,main]) started.
[        ] :flutter_openssl_crypto:syncDebugLibJars (Thread[#38939,Execution worker Thread 6,5,main]) started.
[        ] > Task :flutter_openssl_crypto:syncDebugLibJars UP-TO-DATE
[        ] Caching disabled for task ':flutter_openssl_crypto:syncDebugLibJars' because:
[        ]   Build cache is disabled
[        ] Skipping task ':flutter_openssl_crypto:syncDebugLibJars' as it is up-to-date.
[        ] Resolve mutations for :flutter_openssl_crypto:bundleDebugAar (Thread[#38939,Execution worker Thread 6,5,main]) started.
[        ] :flutter_openssl_crypto:bundleDebugAar (Thread[#38939,Execution worker Thread 6,5,main]) started.
[        ] > Task :flutter_openssl_crypto:bundleDebugAar UP-TO-DATE
[        ] Caching disabled for task ':flutter_openssl_crypto:bundleDebugAar' because:
[        ]   Build cache is disabled
[        ]   Caching has been disabled for the task
[        ] Skipping task ':flutter_openssl_crypto:bundleDebugAar' as it is up-to-date.
[        ] Resolve mutations for :flutter_openssl_crypto:assembleDebug (Thread[#38939,Execution worker Thread 6,5,main]) started.
[        ] :flutter_openssl_crypto:assembleDebug (Thread[#38939,Execution worker Thread 6,5,main]) started.
[        ] > Task :flutter_openssl_crypto:assembleDebug UP-TO-DATE
[        ] Skipping task ':flutter_openssl_crypto:assembleDebug' as it has no actions.
[        ] Resolve mutations for :integration_test:stripDebugDebugSymbols (Thread[#38939,Execution worker Thread 6,5,main]) started.
[        ] :integration_test:stripDebugDebugSymbols (Thread[#38939,Execution worker Thread 6,5,main]) started.
[        ] > Task :integration_test:stripDebugDebugSymbols NO-SOURCE
[        ] Skipping task ':integration_test:stripDebugDebugSymbols' as it has no source files and no previous output files.
[        ] Resolve mutations for :integration_test:copyDebugJniLibsProjectAndLocalJars (Thread[#38939,Execution worker Thread 6,5,main]) started.
[        ] :integration_test:copyDebugJniLibsProjectAndLocalJars (Thread[#38939,Execution worker Thread 6,5,main]) started.
[        ] > Task :integration_test:copyDebugJniLibsProjectAndLocalJars UP-TO-DATE
[        ] Caching disabled for task ':integration_test:copyDebugJniLibsProjectAndLocalJars' because:
[        ]   Build cache is disabled
[        ]   Caching has been disabled for the task
[        ] Skipping task ':integration_test:copyDebugJniLibsProjectAndLocalJars' as it is up-to-date.
[        ] Resolve mutations for :integration_test:extractDebugAnnotations (Thread[#38939,Execution worker Thread 6,5,main]) started.
[        ] :integration_test:extractDebugAnnotations (Thread[#38939,Execution worker Thread 6,5,main]) started.
[        ] > Task :integration_test:extractDebugAnnotations UP-TO-DATE
[        ] Caching disabled for task ':integration_test:extractDebugAnnotations' because:
[        ]   Build cache is disabled
[        ] Skipping task ':integration_test:extractDebugAnnotations' as it is up-to-date.
[        ] Resolve mutations for :integration_test:extractDeepLinksForAarDebug (Thread[#38939,Execution worker Thread 6,5,main]) started.
[        ] :integration_test:extractDeepLinksForAarDebug (Thread[#38939,Execution worker Thread 6,5,main]) started.
[        ] > Task :integration_test:extractDeepLinksForAarDebug UP-TO-DATE
[        ] Caching disabled for task ':integration_test:extractDeepLinksForAarDebug' because:
[        ]   Build cache is disabled
[        ] Skipping task ':integration_test:extractDeepLinksForAarDebug' as it is up-to-date.
[        ] Resolve mutations for :integration_test:mergeDebugGeneratedProguardFiles (Thread[#38939,Execution worker Thread 6,5,main]) started.
[        ] :integration_test:mergeDebugGeneratedProguardFiles (Thread[#38939,Execution worker Thread 6,5,main]) started.
[        ] > Task :integration_test:mergeDebugGeneratedProguardFiles UP-TO-DATE
[        ] Caching disabled for task ':integration_test:mergeDebugGeneratedProguardFiles' because:
[        ]   Build cache is disabled
[        ]   Simple merging task
[        ] Skipping task ':integration_test:mergeDebugGeneratedProguardFiles' as it is up-to-date.
[        ] Resolve mutations for :integration_test:mergeDebugConsumerProguardFiles (Thread[#38939,Execution worker Thread 6,5,main]) started.
[        ] :integration_test:mergeDebugConsumerProguardFiles (Thread[#38939,Execution worker Thread 6,5,main]) started.
[        ] > Task :integration_test:mergeDebugConsumerProguardFiles UP-TO-DATE
[        ] Caching disabled for task ':integration_test:mergeDebugConsumerProguardFiles' because:
[        ]   Build cache is disabled
[        ]   Simple merging task
[        ] Skipping task ':integration_test:mergeDebugConsumerProguardFiles' as it is up-to-date.
[        ] Resolve mutations for :integration_test:prepareDebugArtProfile (Thread[#38939,Execution worker Thread 6,5,main]) started.
[        ] :integration_test:prepareDebugArtProfile (Thread[#38939,Execution worker Thread 6,5,main]) started.
[        ] > Task :integration_test:prepareDebugArtProfile UP-TO-DATE
[        ] Caching disabled for task ':integration_test:prepareDebugArtProfile' because:
[        ]   Build cache is disabled
[        ]   Caching has been disabled for the task
[        ] Skipping task ':integration_test:prepareDebugArtProfile' as it is up-to-date.
[        ] Resolve mutations for :integration_test:prepareLintJarForPublish (Thread[#38939,Execution worker Thread 6,5,main]) started.
[        ] :integration_test:prepareLintJarForPublish (Thread[#38939,Execution worker Thread 6,5,main]) started.
[        ] > Task :integration_test:prepareLintJarForPublish UP-TO-DATE
[        ] Caching disabled for task ':integration_test:prepareLintJarForPublish' because:
[        ]   Build cache is disabled
[        ]   Caching has been disabled for the task
[        ] Skipping task ':integration_test:prepareLintJarForPublish' as it is up-to-date.
[        ] Resolve mutations for :integration_test:mergeDebugJavaResource (Thread[#38939,Execution worker Thread 6,5,main]) started.
[        ] :integration_test:mergeDebugJavaResource (Thread[#38939,Execution worker Thread 6,5,main]) started.
[        ] > Task :integration_test:mergeDebugJavaResource UP-TO-DATE
[        ] Caching disabled for task ':integration_test:mergeDebugJavaResource' because:
[        ]   Build cache is disabled
[        ]   Caching has been disabled for the task
[        ] Skipping task ':integration_test:mergeDebugJavaResource' as it is up-to-date.
[        ] Resolve mutations for :integration_test:syncDebugLibJars (Thread[#38939,Execution worker Thread 6,5,main]) started.
[        ] :integration_test:syncDebugLibJars (Thread[#38939,Execution worker Thread 6,5,main]) started.
[        ] > Task :integration_test:syncDebugLibJars UP-TO-DATE
[        ] Caching disabled for task ':integration_test:syncDebugLibJars' because:
[        ]   Build cache is disabled
[        ] Skipping task ':integration_test:syncDebugLibJars' as it is up-to-date.
[        ] Resolve mutations for :integration_test:bundleDebugAar (Thread[#38939,Execution worker Thread 6,5,main]) started.
[        ] :integration_test:bundleDebugAar (Thread[#38939,Execution worker Thread 6,5,main]) started.
[        ] > Task :integration_test:bundleDebugAar UP-TO-DATE
[        ] Caching disabled for task ':integration_test:bundleDebugAar' because:
[        ]   Build cache is disabled
[        ]   Caching has been disabled for the task
[        ] Skipping task ':integration_test:bundleDebugAar' as it is up-to-date.
[        ] Resolve mutations for :integration_test:assembleDebug (Thread[#38939,Execution worker Thread 6,5,main]) started.
[        ] :integration_test:assembleDebug (Thread[#38939,Execution worker Thread 6,5,main]) started.
[        ] > Task :integration_test:assembleDebug UP-TO-DATE
[        ] Skipping task ':integration_test:assembleDebug' as it has no actions.
[        ] Resolve mutations for :path_provider_android:stripDebugDebugSymbols (Thread[#38939,Execution worker Thread 6,5,main]) started.
[        ] :path_provider_android:stripDebugDebugSymbols (Thread[#38939,Execution worker Thread 6,5,main]) started.
[        ] > Task :path_provider_android:stripDebugDebugSymbols NO-SOURCE
[        ] Skipping task ':path_provider_android:stripDebugDebugSymbols' as it has no source files and no previous output files.
[        ] Resolve mutations for :path_provider_android:copyDebugJniLibsProjectAndLocalJars (Thread[#38939,Execution worker Thread 6,5,main]) started.
[        ] :path_provider_android:copyDebugJniLibsProjectAndLocalJars (Thread[#38939,Execution worker Thread 6,5,main]) started.
[        ] > Task :path_provider_android:copyDebugJniLibsProjectAndLocalJars UP-TO-DATE
[        ] Caching disabled for task ':path_provider_android:copyDebugJniLibsProjectAndLocalJars' because:
[        ]   Build cache is disabled
[        ]   Caching has been disabled for the task
[        ] Skipping task ':path_provider_android:copyDebugJniLibsProjectAndLocalJars' as it is up-to-date.
[        ] Resolve mutations for :path_provider_android:extractDebugAnnotations (Thread[#38939,Execution worker Thread 6,5,main]) started.
[        ] :path_provider_android:extractDebugAnnotations (Thread[#38939,Execution worker Thread 6,5,main]) started.
[        ] > Task :path_provider_android:extractDebugAnnotations UP-TO-DATE
[        ] Caching disabled for task ':path_provider_android:extractDebugAnnotations' because:
[        ]   Build cache is disabled
[        ] Skipping task ':path_provider_android:extractDebugAnnotations' as it is up-to-date.
[        ] Resolve mutations for :path_provider_android:extractDeepLinksForAarDebug (Thread[#38939,Execution worker Thread 6,5,main]) started.
[        ] :path_provider_android:extractDeepLinksForAarDebug (Thread[#38939,Execution worker Thread 6,5,main]) started.
[        ] > Task :path_provider_android:extractDeepLinksForAarDebug UP-TO-DATE
[        ] Caching disabled for task ':path_provider_android:extractDeepLinksForAarDebug' because:
[        ]   Build cache is disabled
[        ] Skipping task ':path_provider_android:extractDeepLinksForAarDebug' as it is up-to-date.
[        ] Resolve mutations for :path_provider_android:mergeDebugGeneratedProguardFiles (Thread[#38939,Execution worker Thread 6,5,main]) started.
[        ] :path_provider_android:mergeDebugGeneratedProguardFiles (Thread[#38939,Execution worker Thread 6,5,main]) started.
[        ] > Task :path_provider_android:mergeDebugGeneratedProguardFiles UP-TO-DATE
[        ] Caching disabled for task ':path_provider_android:mergeDebugGeneratedProguardFiles' because:
[        ]   Build cache is disabled
[        ]   Simple merging task
[        ] Skipping task ':path_provider_android:mergeDebugGeneratedProguardFiles' as it is up-to-date.
[        ] Resolve mutations for :path_provider_android:mergeDebugConsumerProguardFiles (Thread[#38939,Execution worker Thread 6,5,main]) started.
[        ] :path_provider_android:mergeDebugConsumerProguardFiles (Thread[#38939,Execution worker Thread 6,5,main]) started.
[        ] > Task :path_provider_android:mergeDebugConsumerProguardFiles UP-TO-DATE
[        ] Caching disabled for task ':path_provider_android:mergeDebugConsumerProguardFiles' because:
[        ]   Build cache is disabled
[        ]   Simple merging task
[        ] Skipping task ':path_provider_android:mergeDebugConsumerProguardFiles' as it is up-to-date.
[        ] Resolve mutations for :path_provider_android:prepareDebugArtProfile (Thread[#38939,Execution worker Thread 6,5,main]) started.
[        ] :path_provider_android:prepareDebugArtProfile (Thread[#38939,Execution worker Thread 6,5,main]) started.
[        ] > Task :path_provider_android:prepareDebugArtProfile UP-TO-DATE
[        ] Caching disabled for task ':path_provider_android:prepareDebugArtProfile' because:
[        ]   Build cache is disabled
[        ]   Caching has been disabled for the task
[        ] Skipping task ':path_provider_android:prepareDebugArtProfile' as it is up-to-date.
[        ] Resolve mutations for :path_provider_android:prepareLintJarForPublish (Thread[#38939,Execution worker Thread 6,5,main]) started.
[        ] :path_provider_android:prepareLintJarForPublish (Thread[#38939,Execution worker Thread 6,5,main]) started.
[        ] > Task :path_provider_android:prepareLintJarForPublish UP-TO-DATE
[        ] Caching disabled for task ':path_provider_android:prepareLintJarForPublish' because:
[        ]   Build cache is disabled
[        ]   Caching has been disabled for the task
[        ] Skipping task ':path_provider_android:prepareLintJarForPublish' as it is up-to-date.
[        ] Resolve mutations for :path_provider_android:mergeDebugJavaResource (Thread[#38939,Execution worker Thread 6,5,main]) started.
[        ] :path_provider_android:mergeDebugJavaResource (Thread[#38939,Execution worker Thread 6,5,main]) started.
[        ] > Task :path_provider_android:mergeDebugJavaResource UP-TO-DATE
[        ] Caching disabled for task ':path_provider_android:mergeDebugJavaResource' because:
[        ]   Build cache is disabled
[        ]   Caching has been disabled for the task
[        ] Skipping task ':path_provider_android:mergeDebugJavaResource' as it is up-to-date.
[        ] Resolve mutations for :path_provider_android:syncDebugLibJars (Thread[#38939,Execution worker Thread 6,5,main]) started.
[        ] :path_provider_android:syncDebugLibJars (Thread[#38939,Execution worker Thread 6,5,main]) started.
[        ] > Task :path_provider_android:syncDebugLibJars UP-TO-DATE
[        ] Caching disabled for task ':path_provider_android:syncDebugLibJars' because:
[        ]   Build cache is disabled
[        ] Skipping task ':path_provider_android:syncDebugLibJars' as it is up-to-date.
[        ] Resolve mutations for :path_provider_android:bundleDebugAar (Thread[#38939,Execution worker Thread 6,5,main]) started.
[        ] :path_provider_android:bundleDebugAar (Thread[#38939,Execution worker Thread 6,5,main]) started.
[        ] > Task :path_provider_android:bundleDebugAar UP-TO-DATE
[        ] Caching disabled for task ':path_provider_android:bundleDebugAar' because:
[        ]   Build cache is disabled
[        ]   Caching has been disabled for the task
[        ] Skipping task ':path_provider_android:bundleDebugAar' as it is up-to-date.
[        ] Resolve mutations for :path_provider_android:assembleDebug (Thread[#38939,Execution worker Thread 6,5,main]) started.
[        ] :path_provider_android:assembleDebug (Thread[#38939,Execution worker Thread 6,5,main]) started.
[        ] > Task :path_provider_android:assembleDebug UP-TO-DATE
[        ] Skipping task ':path_provider_android:assembleDebug' as it has no actions.
[        ] Resolve mutations for :quill_native_bridge_android:stripDebugDebugSymbols (Thread[#38939,Execution worker Thread 6,5,main]) started.
[        ] :quill_native_bridge_android:stripDebugDebugSymbols (Thread[#38939,Execution worker Thread 6,5,main]) started.
[        ] > Task :quill_native_bridge_android:stripDebugDebugSymbols NO-SOURCE
[        ] Skipping task ':quill_native_bridge_android:stripDebugDebugSymbols' as it has no source files and no previous output files.
[        ] Resolve mutations for :quill_native_bridge_android:copyDebugJniLibsProjectAndLocalJars (Thread[#38939,Execution worker Thread 6,5,main]) started.
[        ] :quill_native_bridge_android:copyDebugJniLibsProjectAndLocalJars (Thread[#38939,Execution worker Thread 6,5,main]) started.
[        ] > Task :quill_native_bridge_android:copyDebugJniLibsProjectAndLocalJars UP-TO-DATE
[        ] Caching disabled for task ':quill_native_bridge_android:copyDebugJniLibsProjectAndLocalJars' because:
[        ]   Build cache is disabled
[        ]   Caching has been disabled for the task
[        ] Skipping task ':quill_native_bridge_android:copyDebugJniLibsProjectAndLocalJars' as it is up-to-date.
[        ] Resolve mutations for :quill_native_bridge_android:extractDebugAnnotations (Thread[#38939,Execution worker Thread 6,5,main]) started.
[        ] :quill_native_bridge_android:extractDebugAnnotations (Thread[#38939,Execution worker Thread 6,5,main]) started.
[        ] > Task :quill_native_bridge_android:extractDebugAnnotations UP-TO-DATE
[        ] Caching disabled for task ':quill_native_bridge_android:extractDebugAnnotations' because:
[        ]   Build cache is disabled
[        ] Skipping task ':quill_native_bridge_android:extractDebugAnnotations' as it is up-to-date.
[        ] Resolve mutations for :quill_native_bridge_android:extractDeepLinksForAarDebug (Thread[#38939,Execution worker Thread 6,5,main]) started.
[        ] :quill_native_bridge_android:extractDeepLinksForAarDebug (Thread[#38939,Execution worker Thread 6,5,main]) started.
[        ] > Task :quill_native_bridge_android:extractDeepLinksForAarDebug UP-TO-DATE
[        ] Caching disabled for task ':quill_native_bridge_android:extractDeepLinksForAarDebug' because:
[        ]   Build cache is disabled
[        ] Skipping task ':quill_native_bridge_android:extractDeepLinksForAarDebug' as it is up-to-date.
[        ] Resolve mutations for :quill_native_bridge_android:mergeDebugGeneratedProguardFiles (Thread[#38939,Execution worker Thread 6,5,main]) started.
[        ] :quill_native_bridge_android:mergeDebugGeneratedProguardFiles (Thread[#38939,Execution worker Thread 6,5,main]) started.
[        ] > Task :quill_native_bridge_android:mergeDebugGeneratedProguardFiles UP-TO-DATE
[        ] Caching disabled for task ':quill_native_bridge_android:mergeDebugGeneratedProguardFiles' because:
[        ]   Build cache is disabled
[        ]   Simple merging task
[        ] Skipping task ':quill_native_bridge_android:mergeDebugGeneratedProguardFiles' as it is up-to-date.
[        ] Resolve mutations for :quill_native_bridge_android:mergeDebugConsumerProguardFiles (Thread[#38939,Execution worker Thread 6,5,main]) started.
[        ] :quill_native_bridge_android:mergeDebugConsumerProguardFiles (Thread[#38939,Execution worker Thread 6,5,main]) started.
[        ] > Task :quill_native_bridge_android:mergeDebugConsumerProguardFiles UP-TO-DATE
[        ] Caching disabled for task ':quill_native_bridge_android:mergeDebugConsumerProguardFiles' because:
[        ]   Build cache is disabled
[        ]   Simple merging task
[        ] Skipping task ':quill_native_bridge_android:mergeDebugConsumerProguardFiles' as it is up-to-date.
[        ] Resolve mutations for :quill_native_bridge_android:prepareDebugArtProfile (Thread[#38939,Execution worker Thread 6,5,main]) started.
[        ] :quill_native_bridge_android:prepareDebugArtProfile (Thread[#38939,Execution worker Thread 6,5,main]) started.
[        ] > Task :quill_native_bridge_android:prepareDebugArtProfile UP-TO-DATE
[        ] Caching disabled for task ':quill_native_bridge_android:prepareDebugArtProfile' because:
[        ]   Build cache is disabled
[        ]   Caching has been disabled for the task
[        ] Skipping task ':quill_native_bridge_android:prepareDebugArtProfile' as it is up-to-date.
[        ] Resolve mutations for :quill_native_bridge_android:prepareLintJarForPublish (Thread[#38939,Execution worker Thread 6,5,main]) started.
[        ] :quill_native_bridge_android:prepareLintJarForPublish (Thread[#38939,Execution worker Thread 6,5,main]) started.
[        ] > Task :quill_native_bridge_android:prepareLintJarForPublish UP-TO-DATE
[        ] Caching disabled for task ':quill_native_bridge_android:prepareLintJarForPublish' because:
[        ]   Build cache is disabled
[        ]   Caching has been disabled for the task
[        ] Skipping task ':quill_native_bridge_android:prepareLintJarForPublish' as it is up-to-date.
[        ] Resolve mutations for :quill_native_bridge_android:mergeDebugJavaResource (Thread[#38939,Execution worker Thread 6,5,main]) started.
[        ] :quill_native_bridge_android:mergeDebugJavaResource (Thread[#38939,Execution worker Thread 6,5,main]) started.
[        ] > Task :quill_native_bridge_android:mergeDebugJavaResource UP-TO-DATE
[        ] Caching disabled for task ':quill_native_bridge_android:mergeDebugJavaResource' because:
[        ]   Build cache is disabled
[        ]   Caching has been disabled for the task
[        ] Skipping task ':quill_native_bridge_android:mergeDebugJavaResource' as it is up-to-date.
[        ] Resolve mutations for :quill_native_bridge_android:syncDebugLibJars (Thread[#38939,Execution worker Thread 6,5,main]) started.
[        ] :quill_native_bridge_android:syncDebugLibJars (Thread[#38939,Execution worker Thread 6,5,main]) started.
[        ] > Task :quill_native_bridge_android:syncDebugLibJars UP-TO-DATE
[        ] Caching disabled for task ':quill_native_bridge_android:syncDebugLibJars' because:
[        ]   Build cache is disabled
[        ] Skipping task ':quill_native_bridge_android:syncDebugLibJars' as it is up-to-date.
[        ] Resolve mutations for :quill_native_bridge_android:bundleDebugAar (Thread[#38939,Execution worker Thread 6,5,main]) started.
[        ] :quill_native_bridge_android:bundleDebugAar (Thread[#38939,Execution worker Thread 6,5,main]) started.
[        ] > Task :quill_native_bridge_android:bundleDebugAar UP-TO-DATE
[        ] Caching disabled for task ':quill_native_bridge_android:bundleDebugAar' because:
[        ]   Build cache is disabled
[        ]   Caching has been disabled for the task
[        ] Skipping task ':quill_native_bridge_android:bundleDebugAar' as it is up-to-date.
[        ] Resolve mutations for :quill_native_bridge_android:assembleDebug (Thread[#38939,Execution worker Thread 6,5,main]) started.
[        ] :quill_native_bridge_android:assembleDebug (Thread[#38939,Execution worker Thread 6,5,main]) started.
[        ] > Task :quill_native_bridge_android:assembleDebug UP-TO-DATE
[        ] Skipping task ':quill_native_bridge_android:assembleDebug' as it has no actions.
[        ] Resolve mutations for :shared_preferences_android:stripDebugDebugSymbols (Thread[#38939,Execution worker Thread 6,5,main]) started.
[        ] :shared_preferences_android:stripDebugDebugSymbols (Thread[#38939,Execution worker Thread 6,5,main]) started.
[        ] > Task :shared_preferences_android:stripDebugDebugSymbols NO-SOURCE
[        ] Skipping task ':shared_preferences_android:stripDebugDebugSymbols' as it has no source files and no previous output files.
[        ] Resolve mutations for :shared_preferences_android:copyDebugJniLibsProjectAndLocalJars (Thread[#38939,Execution worker Thread 6,5,main]) started.
[        ] :shared_preferences_android:copyDebugJniLibsProjectAndLocalJars (Thread[#38939,Execution worker Thread 6,5,main]) started.
[        ] > Task :shared_preferences_android:copyDebugJniLibsProjectAndLocalJars UP-TO-DATE
[        ] Caching disabled for task ':shared_preferences_android:copyDebugJniLibsProjectAndLocalJars' because:
[        ]   Build cache is disabled
[        ]   Caching has been disabled for the task
[        ] Skipping task ':shared_preferences_android:copyDebugJniLibsProjectAndLocalJars' as it is up-to-date.
[        ] Resolve mutations for :shared_preferences_android:extractDebugAnnotations (Thread[#38939,Execution worker Thread 6,5,main]) started.
[        ] :shared_preferences_android:extractDebugAnnotations (Thread[#38939,Execution worker Thread 6,5,main]) started.
[        ] > Task :shared_preferences_android:extractDebugAnnotations UP-TO-DATE
[        ] Caching disabled for task ':shared_preferences_android:extractDebugAnnotations' because:
[        ]   Build cache is disabled
[        ] Skipping task ':shared_preferences_android:extractDebugAnnotations' as it is up-to-date.
[        ] Resolve mutations for :shared_preferences_android:extractDeepLinksForAarDebug (Thread[#38939,Execution worker Thread 6,5,main]) started.
[        ] :shared_preferences_android:extractDeepLinksForAarDebug (Thread[#38939,Execution worker Thread 6,5,main]) started.
[        ] > Task :shared_preferences_android:extractDeepLinksForAarDebug UP-TO-DATE
[        ] Caching disabled for task ':shared_preferences_android:extractDeepLinksForAarDebug' because:
[        ]   Build cache is disabled
[        ] Skipping task ':shared_preferences_android:extractDeepLinksForAarDebug' as it is up-to-date.
[        ] Resolve mutations for :shared_preferences_android:mergeDebugGeneratedProguardFiles (Thread[#38939,Execution worker Thread 6,5,main]) started.
[        ] :shared_preferences_android:mergeDebugGeneratedProguardFiles (Thread[#38939,Execution worker Thread 6,5,main]) started.
[        ] > Task :shared_preferences_android:mergeDebugGeneratedProguardFiles UP-TO-DATE
[        ] Caching disabled for task ':shared_preferences_android:mergeDebugGeneratedProguardFiles' because:
[        ]   Build cache is disabled
[        ]   Simple merging task
[        ] Skipping task ':shared_preferences_android:mergeDebugGeneratedProguardFiles' as it is up-to-date.
[        ] Resolve mutations for :shared_preferences_android:mergeDebugConsumerProguardFiles (Thread[#38939,Execution worker Thread 6,5,main]) started.
[        ] :shared_preferences_android:mergeDebugConsumerProguardFiles (Thread[#38939,Execution worker Thread 6,5,main]) started.
[        ] > Task :shared_preferences_android:mergeDebugConsumerProguardFiles UP-TO-DATE
[        ] Caching disabled for task ':shared_preferences_android:mergeDebugConsumerProguardFiles' because:
[        ]   Build cache is disabled
[        ]   Simple merging task
[        ] Skipping task ':shared_preferences_android:mergeDebugConsumerProguardFiles' as it is up-to-date.
[        ] Resolve mutations for :shared_preferences_android:prepareDebugArtProfile (Thread[#38939,Execution worker Thread 6,5,main]) started.
[        ] :shared_preferences_android:prepareDebugArtProfile (Thread[#38939,Execution worker Thread 6,5,main]) started.
[        ] > Task :shared_preferences_android:prepareDebugArtProfile UP-TO-DATE
[        ] Caching disabled for task ':shared_preferences_android:prepareDebugArtProfile' because:
[        ]   Build cache is disabled
[        ]   Caching has been disabled for the task
[        ] Skipping task ':shared_preferences_android:prepareDebugArtProfile' as it is up-to-date.
[        ] Resolve mutations for :shared_preferences_android:prepareLintJarForPublish (Thread[#38939,Execution worker Thread 6,5,main]) started.
[        ] :shared_preferences_android:prepareLintJarForPublish (Thread[#38939,Execution worker Thread 6,5,main]) started.
[        ] > Task :shared_preferences_android:prepareLintJarForPublish UP-TO-DATE
[        ] Caching disabled for task ':shared_preferences_android:prepareLintJarForPublish' because:
[        ]   Build cache is disabled
[        ]   Caching has been disabled for the task
[        ] Skipping task ':shared_preferences_android:prepareLintJarForPublish' as it is up-to-date.
[        ] Resolve mutations for :shared_preferences_android:mergeDebugJavaResource (Thread[#38939,Execution worker Thread 6,5,main]) started.
[        ] :shared_preferences_android:mergeDebugJavaResource (Thread[#38939,Execution worker Thread 6,5,main]) started.
[        ] > Task :shared_preferences_android:mergeDebugJavaResource UP-TO-DATE
[        ] Caching disabled for task ':shared_preferences_android:mergeDebugJavaResource' because:
[        ]   Build cache is disabled
[        ]   Caching has been disabled for the task
[        ] Skipping task ':shared_preferences_android:mergeDebugJavaResource' as it is up-to-date.
[        ] Resolve mutations for :shared_preferences_android:syncDebugLibJars (Thread[#38939,Execution worker Thread 6,5,main]) started.
[        ] :shared_preferences_android:syncDebugLibJars (Thread[#38939,Execution worker Thread 6,5,main]) started.
[        ] > Task :shared_preferences_android:syncDebugLibJars UP-TO-DATE
[        ] Caching disabled for task ':shared_preferences_android:syncDebugLibJars' because:
[        ]   Build cache is disabled
[        ] Skipping task ':shared_preferences_android:syncDebugLibJars' as it is up-to-date.
[        ] Resolve mutations for :shared_preferences_android:bundleDebugAar (Thread[#38939,Execution worker Thread 6,5,main]) started.
[        ] :shared_preferences_android:bundleDebugAar (Thread[#38939,Execution worker Thread 6,5,main]) started.
[        ] > Task :shared_preferences_android:bundleDebugAar UP-TO-DATE
[        ] Caching disabled for task ':shared_preferences_android:bundleDebugAar' because:
[        ]   Build cache is disabled
[        ]   Caching has been disabled for the task
[        ] Skipping task ':shared_preferences_android:bundleDebugAar' as it is up-to-date.
[        ] Resolve mutations for :shared_preferences_android:assembleDebug (Thread[#38939,Execution worker Thread 6,5,main]) started.
[        ] :shared_preferences_android:assembleDebug (Thread[#38939,Execution worker Thread 6,5,main]) started.
[        ] > Task :shared_preferences_android:assembleDebug UP-TO-DATE
[        ] Skipping task ':shared_preferences_android:assembleDebug' as it has no actions.
[        ] Resolve mutations for :sqflite_android:stripDebugDebugSymbols (Thread[#38939,Execution worker Thread 6,5,main]) started.
[        ] :sqflite_android:stripDebugDebugSymbols (Thread[#38939,Execution worker Thread 6,5,main]) started.
[        ] > Task :sqflite_android:stripDebugDebugSymbols NO-SOURCE
[        ] Skipping task ':sqflite_android:stripDebugDebugSymbols' as it has no source files and no previous output files.
[        ] Resolve mutations for :sqflite_android:copyDebugJniLibsProjectAndLocalJars (Thread[#38939,Execution worker Thread 6,5,main]) started.
[        ] :sqflite_android:copyDebugJniLibsProjectAndLocalJars (Thread[#38939,Execution worker Thread 6,5,main]) started.
[        ] > Task :sqflite_android:copyDebugJniLibsProjectAndLocalJars UP-TO-DATE
[        ] Caching disabled for task ':sqflite_android:copyDebugJniLibsProjectAndLocalJars' because:
[        ]   Build cache is disabled
[        ]   Caching has been disabled for the task
[        ] Skipping task ':sqflite_android:copyDebugJniLibsProjectAndLocalJars' as it is up-to-date.
[        ] Resolve mutations for :sqflite_android:extractDebugAnnotations (Thread[#38939,Execution worker Thread 6,5,main]) started.
[        ] :sqflite_android:extractDebugAnnotations (Thread[#38939,Execution worker Thread 6,5,main]) started.
[        ] > Task :sqflite_android:extractDebugAnnotations UP-TO-DATE
[        ] Caching disabled for task ':sqflite_android:extractDebugAnnotations' because:
[        ]   Build cache is disabled
[        ] Skipping task ':sqflite_android:extractDebugAnnotations' as it is up-to-date.
[        ] Resolve mutations for :sqflite_android:extractDeepLinksForAarDebug (Thread[#38939,Execution worker Thread 6,5,main]) started.
[        ] :sqflite_android:extractDeepLinksForAarDebug (Thread[#38939,Execution worker Thread 6,5,main]) started.
[        ] > Task :sqflite_android:extractDeepLinksForAarDebug UP-TO-DATE
[        ] Caching disabled for task ':sqflite_android:extractDeepLinksForAarDebug' because:
[        ]   Build cache is disabled
[        ] Skipping task ':sqflite_android:extractDeepLinksForAarDebug' as it is up-to-date.
[        ] Resolve mutations for :sqflite_android:mergeDebugGeneratedProguardFiles (Thread[#38939,Execution worker Thread 6,5,main]) started.
[        ] :sqflite_android:mergeDebugGeneratedProguardFiles (Thread[#38939,Execution worker Thread 6,5,main]) started.
[        ] > Task :sqflite_android:mergeDebugGeneratedProguardFiles UP-TO-DATE
[        ] Caching disabled for task ':sqflite_android:mergeDebugGeneratedProguardFiles' because:
[        ]   Build cache is disabled
[        ]   Simple merging task
[        ] Skipping task ':sqflite_android:mergeDebugGeneratedProguardFiles' as it is up-to-date.
[        ] Resolve mutations for :sqflite_android:mergeDebugConsumerProguardFiles (Thread[#38939,Execution worker Thread 6,5,main]) started.
[        ] :sqflite_android:mergeDebugConsumerProguardFiles (Thread[#38939,Execution worker Thread 6,5,main]) started.
[        ] > Task :sqflite_android:mergeDebugConsumerProguardFiles UP-TO-DATE
[        ] Caching disabled for task ':sqflite_android:mergeDebugConsumerProguardFiles' because:
[        ]   Build cache is disabled
[        ]   Simple merging task
[        ] Skipping task ':sqflite_android:mergeDebugConsumerProguardFiles' as it is up-to-date.
[        ] Resolve mutations for :sqflite_android:prepareDebugArtProfile (Thread[#38939,Execution worker Thread 6,5,main]) started.
[        ] :sqflite_android:prepareDebugArtProfile (Thread[#38939,Execution worker Thread 6,5,main]) started.
[        ] > Task :sqflite_android:prepareDebugArtProfile UP-TO-DATE
[        ] Caching disabled for task ':sqflite_android:prepareDebugArtProfile' because:
[        ]   Build cache is disabled
[        ]   Caching has been disabled for the task
[        ] Skipping task ':sqflite_android:prepareDebugArtProfile' as it is up-to-date.
[        ] Resolve mutations for :sqflite_android:prepareLintJarForPublish (Thread[#38939,Execution worker Thread 6,5,main]) started.
[        ] :sqflite_android:prepareLintJarForPublish (Thread[#38939,Execution worker Thread 6,5,main]) started.
[        ] > Task :sqflite_android:prepareLintJarForPublish UP-TO-DATE
[        ] Caching disabled for task ':sqflite_android:prepareLintJarForPublish' because:
[        ]   Build cache is disabled
[        ]   Caching has been disabled for the task
[        ] Skipping task ':sqflite_android:prepareLintJarForPublish' as it is up-to-date.
[        ] Resolve mutations for :sqflite_android:mergeDebugJavaResource (Thread[#38939,Execution worker Thread 6,5,main]) started.
[        ] :sqflite_android:mergeDebugJavaResource (Thread[#38939,Execution worker Thread 6,5,main]) started.
[        ] > Task :sqflite_android:mergeDebugJavaResource UP-TO-DATE
[        ] Caching disabled for task ':sqflite_android:mergeDebugJavaResource' because:
[        ]   Build cache is disabled
[        ]   Caching has been disabled for the task
[        ] Skipping task ':sqflite_android:mergeDebugJavaResource' as it is up-to-date.
[        ] Resolve mutations for :sqflite_android:syncDebugLibJars (Thread[#38939,Execution worker Thread 6,5,main]) started.
[        ] :sqflite_android:syncDebugLibJars (Thread[#38939,Execution worker Thread 6,5,main]) started.
[        ] > Task :sqflite_android:syncDebugLibJars UP-TO-DATE
[        ] Caching disabled for task ':sqflite_android:syncDebugLibJars' because:
[        ]   Build cache is disabled
[        ] Skipping task ':sqflite_android:syncDebugLibJars' as it is up-to-date.
[        ] Resolve mutations for :sqflite_android:bundleDebugAar (Thread[#38939,Execution worker Thread 6,5,main]) started.
[        ] :sqflite_android:bundleDebugAar (Thread[#38939,Execution worker Thread 6,5,main]) started.
[        ] > Task :sqflite_android:bundleDebugAar UP-TO-DATE
[        ] Caching disabled for task ':sqflite_android:bundleDebugAar' because:
[        ]   Build cache is disabled
[        ]   Caching has been disabled for the task
[        ] Skipping task ':sqflite_android:bundleDebugAar' as it is up-to-date.
[        ] Resolve mutations for :sqflite_android:assembleDebug (Thread[#38939,Execution worker Thread 6,5,main]) started.
[        ] :sqflite_android:assembleDebug (Thread[#38939,Execution worker Thread 6,5,main]) started.
[        ] > Task :sqflite_android:assembleDebug UP-TO-DATE
[        ] Skipping task ':sqflite_android:assembleDebug' as it has no actions.
[        ] Resolve mutations for :url_launcher_android:stripDebugDebugSymbols (Thread[#38939,Execution worker Thread 6,5,main]) started.
[        ] :url_launcher_android:stripDebugDebugSymbols (Thread[#38939,Execution worker Thread 6,5,main]) started.
[        ] > Task :url_launcher_android:stripDebugDebugSymbols NO-SOURCE
[        ] Skipping task ':url_launcher_android:stripDebugDebugSymbols' as it has no source files and no previous output files.
[        ] Resolve mutations for :url_launcher_android:copyDebugJniLibsProjectAndLocalJars (Thread[#38939,Execution worker Thread 6,5,main]) started.
[        ] :url_launcher_android:copyDebugJniLibsProjectAndLocalJars (Thread[#38939,Execution worker Thread 6,5,main]) started.
[        ] > Task :url_launcher_android:copyDebugJniLibsProjectAndLocalJars UP-TO-DATE
[        ] Caching disabled for task ':url_launcher_android:copyDebugJniLibsProjectAndLocalJars' because:
[        ]   Build cache is disabled
[        ]   Caching has been disabled for the task
[        ] Skipping task ':url_launcher_android:copyDebugJniLibsProjectAndLocalJars' as it is up-to-date.
[        ] Resolve mutations for :url_launcher_android:extractDebugAnnotations (Thread[#38939,Execution worker Thread 6,5,main]) started.
[        ] :url_launcher_android:extractDebugAnnotations (Thread[#38939,Execution worker Thread 6,5,main]) started.
[        ] > Task :url_launcher_android:extractDebugAnnotations UP-TO-DATE
[        ] Caching disabled for task ':url_launcher_android:extractDebugAnnotations' because:
[        ]   Build cache is disabled
[        ] Skipping task ':url_launcher_android:extractDebugAnnotations' as it is up-to-date.
[        ] Resolve mutations for :url_launcher_android:extractDeepLinksForAarDebug (Thread[#38939,Execution worker Thread 6,5,main]) started.
[        ] :url_launcher_android:extractDeepLinksForAarDebug (Thread[#38939,Execution worker Thread 6,5,main]) started.
[        ] > Task :url_launcher_android:extractDeepLinksForAarDebug UP-TO-DATE
[        ] Caching disabled for task ':url_launcher_android:extractDeepLinksForAarDebug' because:
[        ]   Build cache is disabled
[        ] Skipping task ':url_launcher_android:extractDeepLinksForAarDebug' as it is up-to-date.
[        ] Resolve mutations for :url_launcher_android:mergeDebugGeneratedProguardFiles (Thread[#38939,Execution worker Thread 6,5,main]) started.
[        ] :url_launcher_android:mergeDebugGeneratedProguardFiles (Thread[#38939,Execution worker Thread 6,5,main]) started.
[        ] > Task :url_launcher_android:mergeDebugGeneratedProguardFiles UP-TO-DATE
[        ] Caching disabled for task ':url_launcher_android:mergeDebugGeneratedProguardFiles' because:
[        ]   Build cache is disabled
[        ]   Simple merging task
[        ] Skipping task ':url_launcher_android:mergeDebugGeneratedProguardFiles' as it is up-to-date.
[        ] Resolve mutations for :url_launcher_android:mergeDebugConsumerProguardFiles (Thread[#38939,Execution worker Thread 6,5,main]) started.
[        ] :url_launcher_android:mergeDebugConsumerProguardFiles (Thread[#38939,Execution worker Thread 6,5,main]) started.
[        ] > Task :url_launcher_android:mergeDebugConsumerProguardFiles UP-TO-DATE
[        ] Caching disabled for task ':url_launcher_android:mergeDebugConsumerProguardFiles' because:
[        ]   Build cache is disabled
[        ]   Simple merging task
[        ] Skipping task ':url_launcher_android:mergeDebugConsumerProguardFiles' as it is up-to-date.
[        ] Resolve mutations for :url_launcher_android:prepareDebugArtProfile (Thread[#38939,Execution worker Thread 6,5,main]) started.
[        ] :url_launcher_android:prepareDebugArtProfile (Thread[#38939,Execution worker Thread 6,5,main]) started.
[        ] > Task :url_launcher_android:prepareDebugArtProfile UP-TO-DATE
[        ] Caching disabled for task ':url_launcher_android:prepareDebugArtProfile' because:
[        ]   Build cache is disabled
[        ]   Caching has been disabled for the task
[        ] Skipping task ':url_launcher_android:prepareDebugArtProfile' as it is up-to-date.
[        ] Resolve mutations for :url_launcher_android:prepareLintJarForPublish (Thread[#38939,Execution worker Thread 6,5,main]) started.
[        ] :url_launcher_android:prepareLintJarForPublish (Thread[#38939,Execution worker Thread 6,5,main]) started.
[        ] > Task :url_launcher_android:prepareLintJarForPublish UP-TO-DATE
[        ] Caching disabled for task ':url_launcher_android:prepareLintJarForPublish' because:
[        ]   Build cache is disabled
[        ]   Caching has been disabled for the task
[        ] Skipping task ':url_launcher_android:prepareLintJarForPublish' as it is up-to-date.
[        ] Resolve mutations for :url_launcher_android:mergeDebugJavaResource (Thread[#38939,Execution worker Thread 6,5,main]) started.
[        ] :url_launcher_android:mergeDebugJavaResource (Thread[#38939,Execution worker Thread 6,5,main]) started.
[        ] > Task :url_launcher_android:mergeDebugJavaResource UP-TO-DATE
[        ] Caching disabled for task ':url_launcher_android:mergeDebugJavaResource' because:
[        ]   Build cache is disabled
[        ]   Caching has been disabled for the task
[        ] Skipping task ':url_launcher_android:mergeDebugJavaResource' as it is up-to-date.
[        ] Resolve mutations for :url_launcher_android:syncDebugLibJars (Thread[#38939,Execution worker Thread 6,5,main]) started.
[        ] :url_launcher_android:syncDebugLibJars (Thread[#38939,Execution worker Thread 6,5,main]) started.
[        ] > Task :url_launcher_android:syncDebugLibJars UP-TO-DATE
[        ] Caching disabled for task ':url_launcher_android:syncDebugLibJars' because:
[        ]   Build cache is disabled
[        ] Skipping task ':url_launcher_android:syncDebugLibJars' as it is up-to-date.
[        ] Resolve mutations for :url_launcher_android:bundleDebugAar (Thread[#38939,Execution worker Thread 6,5,main]) started.
[        ] :url_launcher_android:bundleDebugAar (Thread[#38939,Execution worker Thread 6,5,main]) started.
[        ] > Task :url_launcher_android:bundleDebugAar UP-TO-DATE
[        ] Caching disabled for task ':url_launcher_android:bundleDebugAar' because:
[        ]   Build cache is disabled
[        ]   Caching has been disabled for the task
[        ] Skipping task ':url_launcher_android:bundleDebugAar' as it is up-to-date.
[        ] Resolve mutations for :url_launcher_android:assembleDebug (Thread[#38939,Execution worker Thread 6,5,main]) started.
[        ] :url_launcher_android:assembleDebug (Thread[#38939,Execution worker Thread 6,5,main]) started.
[        ] > Task :url_launcher_android:assembleDebug UP-TO-DATE
[        ] Skipping task ':url_launcher_android:assembleDebug' as it has no actions.
[        ] Resolve mutations for :video_player_android:stripDebugDebugSymbols (Thread[#38939,Execution worker Thread 6,5,main]) started.
[        ] :video_player_android:stripDebugDebugSymbols (Thread[#38939,Execution worker Thread 6,5,main]) started.
[        ] > Task :video_player_android:stripDebugDebugSymbols NO-SOURCE
[        ] Skipping task ':video_player_android:stripDebugDebugSymbols' as it has no source files and no previous output files.
[        ] Resolve mutations for :video_player_android:copyDebugJniLibsProjectAndLocalJars (Thread[#38939,Execution worker Thread 6,5,main]) started.
[        ] :video_player_android:copyDebugJniLibsProjectAndLocalJars (Thread[#38939,Execution worker Thread 6,5,main]) started.
[        ] > Task :video_player_android:copyDebugJniLibsProjectAndLocalJars UP-TO-DATE
[        ] Caching disabled for task ':video_player_android:copyDebugJniLibsProjectAndLocalJars' because:
[        ]   Build cache is disabled
[        ]   Caching has been disabled for the task
[        ] Skipping task ':video_player_android:copyDebugJniLibsProjectAndLocalJars' as it is up-to-date.
[        ] Resolve mutations for :video_player_android:extractDebugAnnotations (Thread[#38939,Execution worker Thread 6,5,main]) started.
[        ] :video_player_android:extractDebugAnnotations (Thread[#38939,Execution worker Thread 6,5,main]) started.
[        ] > Task :video_player_android:extractDebugAnnotations UP-TO-DATE
[        ] Caching disabled for task ':video_player_android:extractDebugAnnotations' because:
[        ]   Build cache is disabled
[        ] Skipping task ':video_player_android:extractDebugAnnotations' as it is up-to-date.
[        ] Resolve mutations for :video_player_android:extractDeepLinksForAarDebug (Thread[#38939,Execution worker Thread 6,5,main]) started.
[        ] :video_player_android:extractDeepLinksForAarDebug (Thread[#38939,Execution worker Thread 6,5,main]) started.
[        ] > Task :video_player_android:extractDeepLinksForAarDebug UP-TO-DATE
[        ] Caching disabled for task ':video_player_android:extractDeepLinksForAarDebug' because:
[        ]   Build cache is disabled
[        ] Skipping task ':video_player_android:extractDeepLinksForAarDebug' as it is up-to-date.
[        ] Resolve mutations for :video_player_android:mergeDebugGeneratedProguardFiles (Thread[#38939,Execution worker Thread 6,5,main]) started.
[        ] :video_player_android:mergeDebugGeneratedProguardFiles (Thread[#38939,Execution worker Thread 6,5,main]) started.
[        ] > Task :video_player_android:mergeDebugGeneratedProguardFiles UP-TO-DATE
[        ] Caching disabled for task ':video_player_android:mergeDebugGeneratedProguardFiles' because:
[        ]   Build cache is disabled
[        ]   Simple merging task
[        ] Skipping task ':video_player_android:mergeDebugGeneratedProguardFiles' as it is up-to-date.
[        ] Resolve mutations for :video_player_android:mergeDebugConsumerProguardFiles (Thread[#38939,Execution worker Thread 6,5,main]) started.
[        ] :video_player_android:mergeDebugConsumerProguardFiles (Thread[#38939,Execution worker Thread 6,5,main]) started.
[        ] > Task :video_player_android:mergeDebugConsumerProguardFiles UP-TO-DATE
[        ] Caching disabled for task ':video_player_android:mergeDebugConsumerProguardFiles' because:
[        ]   Build cache is disabled
[        ]   Simple merging task
[        ] Skipping task ':video_player_android:mergeDebugConsumerProguardFiles' as it is up-to-date.
[        ] Resolve mutations for :video_player_android:prepareDebugArtProfile (Thread[#38939,Execution worker Thread 6,5,main]) started.
[        ] :video_player_android:prepareDebugArtProfile (Thread[#38939,Execution worker Thread 6,5,main]) started.
[        ] > Task :video_player_android:prepareDebugArtProfile UP-TO-DATE
[        ] Caching disabled for task ':video_player_android:prepareDebugArtProfile' because:
[        ]   Build cache is disabled
[        ]   Caching has been disabled for the task
[        ] Skipping task ':video_player_android:prepareDebugArtProfile' as it is up-to-date.
[        ] Resolve mutations for :video_player_android:prepareLintJarForPublish (Thread[#38939,Execution worker Thread 6,5,main]) started.
[        ] :video_player_android:prepareLintJarForPublish (Thread[#38939,Execution worker Thread 6,5,main]) started.
[        ] > Task :video_player_android:prepareLintJarForPublish UP-TO-DATE
[        ] Caching disabled for task ':video_player_android:prepareLintJarForPublish' because:
[        ]   Build cache is disabled
[        ]   Caching has been disabled for the task
[        ] Skipping task ':video_player_android:prepareLintJarForPublish' as it is up-to-date.
[        ] Resolve mutations for :video_player_android:mergeDebugJavaResource (Thread[#38939,Execution worker Thread 6,5,main]) started.
[        ] :video_player_android:mergeDebugJavaResource (Thread[#38939,Execution worker Thread 6,5,main]) started.
[        ] > Task :video_player_android:mergeDebugJavaResource UP-TO-DATE
[        ] Caching disabled for task ':video_player_android:mergeDebugJavaResource' because:
[        ]   Build cache is disabled
[        ]   Caching has been disabled for the task
[        ] Skipping task ':video_player_android:mergeDebugJavaResource' as it is up-to-date.
[        ] Resolve mutations for :video_player_android:syncDebugLibJars (Thread[#38939,Execution worker Thread 6,5,main]) started.
[        ] :video_player_android:syncDebugLibJars (Thread[#38939,Execution worker Thread 6,5,main]) started.
[        ] > Task :video_player_android:syncDebugLibJars UP-TO-DATE
[        ] Caching disabled for task ':video_player_android:syncDebugLibJars' because:
[        ]   Build cache is disabled
[        ] Skipping task ':video_player_android:syncDebugLibJars' as it is up-to-date.
[        ] Resolve mutations for :video_player_android:bundleDebugAar (Thread[#38939,Execution worker Thread 6,5,main]) started.
[        ] :video_player_android:bundleDebugAar (Thread[#38939,Execution worker Thread 6,5,main]) started.
[        ] > Task :video_player_android:bundleDebugAar UP-TO-DATE
[        ] Caching disabled for task ':video_player_android:bundleDebugAar' because:
[        ]   Build cache is disabled
[        ]   Caching has been disabled for the task
[        ] Skipping task ':video_player_android:bundleDebugAar' as it is up-to-date.
[        ] Resolve mutations for :video_player_android:assembleDebug (Thread[#38939,Execution worker Thread 6,5,main]) started.
[        ] :video_player_android:assembleDebug (Thread[#38939,Execution worker Thread 6,5,main]) started.
[        ] > Task :video_player_android:assembleDebug UP-TO-DATE
[        ] Skipping task ':video_player_android:assembleDebug' as it has no actions.
[ +277 ms] > Task :app:compressDebugAssets
[        ] Caching disabled for task ':app:compressDebugAssets' because:
[        ]   Build cache is disabled
[        ] Task ':app:compressDebugAssets' is not up-to-date because:
[        ]   Input property 'inputDirs' file /Users/florian/Code/substitution/build/app/intermediates/assets/debug/mergeDebugAssets/flutter_assets/kernel_blob.bin has changed.
[        ] Resolve mutations for :app:packageDebug (Thread[#38934,Execution worker,5,main]) started.
[        ] :app:packageDebug (Thread[#38934,Execution worker,5,main]) started.
06:05 +1 -16: loading /Users/florian/Code/substitution/integration_test/clear_cache_test.dart                                                                                                          [ +305 ms] > Task :app:packageDebug
[        ] Custom actions are attached to task ':app:packageDebug'.
[        ] Caching disabled for task ':app:packageDebug' because:
[        ]   Build cache is disabled
[        ]   Caching has been disabled for the task
[        ] Task ':app:packageDebug' is not up-to-date because:
[        ]   Input property 'assets' file /Users/florian/Code/substitution/build/app/intermediates/compressed_assets/debug/compressDebugAssets/out/assets/flutter_assets/kernel_blob.bin.jar has changed.
[        ] Resolve mutations for :app:createDebugApkListingFileRedirect (Thread[#38934,Execution worker,5,main]) started.
[        ] :app:createDebugApkListingFileRedirect (Thread[#38934,Execution worker,5,main]) started.
[        ] > Task :app:createDebugApkListingFileRedirect UP-TO-DATE
[        ] Caching disabled for task ':app:createDebugApkListingFileRedirect' because:
[        ]   Build cache is disabled
[        ]   Caching has been disabled for the task
[        ] Skipping task ':app:createDebugApkListingFileRedirect' as it is up-to-date.
[        ] Resolve mutations for :app:assembleDebug (Thread[#38934,Execution worker,5,main]) started.
[        ] :app:assembleDebug (Thread[#38934,Execution worker,5,main]) started.
[  +91 ms] > Task :app:assembleDebug
[        ] Caching disabled for task ':app:assembleDebug' because:
[        ]   Build cache is disabled
[        ] Task ':app:assembleDebug' is not up-to-date because:
[        ]   Task has not declared any outputs despite executing actions.
[        ] [Incubating] Problems report is available at: file:///Users/florian/Code/substitution/build/reports/problems/problems-report.html
[        ] Deprecated Gradle features were used in this build, making it incompatible with Gradle 9.0.
[        ] You can use '--warning-mode all' to show the individual deprecation warnings and determine if they come from your own scripts or plugins.
[        ] For more on this, please refer to https://docs.gradle.org/8.12.1/userguide/command_line_interface.html#sec:command_line_warnings in the Gradle documentation.
[        ] BUILD SUCCESSFUL in 9s
[        ] 458 actionable tasks: 29 executed, 429 up-to-date
[  +21 ms] Watched directory hierarchies: [/opt/homebrew/share/flutter/packages/flutter_tools/gradle, /Users/florian/Code/substitution/android]
[  +21 ms] Running Gradle task 'assembleDebug'... (completed in 9,3s)
[   +8 ms] Calculate SHA1: LocalDirectory: '/Users/florian/Code/substitution/build/app/outputs/flutter-apk'/app-debug.apk
[+1082 ms] ✓ Built build/app/outputs/flutter-apk/app-debug.apk
[   +1 ms] executing: /Users/florian/Library/Android/sdk/build-tools/36.1.0/aapt dump xmltree /Users/florian/Code/substitution/build/app/outputs/flutter-apk/app-debug.apk AndroidManifest.xml
[  +13 ms] Exit code 0 from: /Users/florian/Library/Android/sdk/build-tools/36.1.0/aapt dump xmltree /Users/florian/Code/substitution/build/app/outputs/flutter-apk/app-debug.apk AndroidManifest.xml
[        ] N: android=http://schemas.android.com/apk/res/android
             E: manifest (line=2)
               A: android:versionCode(0x0101021b)=(type 0x10)0x7
               A: android:versionName(0x0101021c)="1.0.0" (Raw: "1.0.0")
               A: android:compileSdkVersion(0x01010572)=(type 0x10)0x24
               A: android:compileSdkVersionCodename(0x01010573)="16" (Raw: "16")
               A: package="art.substitution.substitution" (Raw: "art.substitution.substitution")
               A: platformBuildVersionCode=(type 0x10)0x24
               A: platformBuildVersionName=(type 0x10)0x10
               E: uses-sdk (line=7)
                 A: android:minSdkVersion(0x0101020c)=(type 0x10)0x18
                 A: android:targetSdkVersion(0x01010270)=(type 0x10)0x22
               E: uses-permission (line=15)
                 A: android:name(0x01010003)="android.permission.INTERNET" (Raw: "android.permission.INTERNET")
               E: uses-permission (line=16)
                 A: android:name(0x01010003)="android.permission.ACCESS_NETWORK_STATE" (Raw: "android.permission.ACCESS_NETWORK_STATE")
               E: permission (line=18)
                 A: android:name(0x01010003)="art.substitution.substitution.DYNAMIC_RECEIVER_NOT_EXPORTED_PERMISSION" (Raw: "art.substitution.substitution.DYNAMIC_RECEIVER_NOT_EXPORTED_PERMISSION")
                 A: android:protectionLevel(0x01010009)=(type 0x11)0x2
               E: uses-permission (line=22)
                 A: android:name(0x01010003)="art.substitution.substitution.DYNAMIC_RECEIVER_NOT_EXPORTED_PERMISSION" (Raw: "art.substitution.substitution.DYNAMIC_RECEIVER_NOT_EXPORTED_PERMISSION")
               E: application (line=24)
                 A: android:label(0x01010001)="substitution" (Raw: "substitution")
                 A: android:icon(0x01010002)=@0x7f0c0000
                 A: android:name(0x01010003)="android.app.Application" (Raw: "android.app.Application")
                 A: android:debuggable(0x0101000f)=(type 0x12)0xffffffff
                 A: android:extractNativeLibs(0x010104ea)=(type 0x12)0x0
                 A: android:appComponentFactory(0x0101057a)="androidx.core.app.CoreComponentFactory" (Raw: "androidx.core.app.CoreComponentFactory")
                 E: activity (line=31)
                   A: android:theme(0x01010000)=@0x7f0e00a2
                   A: android:name(0x01010003)="art.substitution.substitution.MainActivity" (Raw: "art.substitution.substitution.MainActivity")
                   A: android:exported(0x01010010)=(type 0x12)0xffffffff
                   A: android:launchMode(0x0101001d)=(type 0x10)0x1
                   A: android:configChanges(0x0101001f)=(type 0x11)0x40003fb4
                   A: android:windowSoftInputMode(0x0101022b)=(type 0x11)0x10
                   A: android:hardwareAccelerated(0x010102d3)=(type 0x12)0xffffffff
                   E: meta-data (line=46)
                     A: android:name(0x01010003)="io.flutter.embedding.android.NormalTheme" (Raw: "io.flutter.embedding.android.NormalTheme")
                     A: android:resource(0x01010025)=@0x7f0e00a3
                   E: intent-filter (line=50)
                     E: action (line=51)
                       A: android:name(0x01010003)="android.intent.action.MAIN" (Raw: "android.intent.action.MAIN")
                     E: category (line=53)
                       A: android:name(0x01010003)="android.intent.category.LAUNCHER" (Raw: "android.intent.category.LAUNCHER")
                   E: intent-filter (line=56)
                     E: action (line=57)
                       A: android:name(0x01010003)="android.intent.action.VIEW" (Raw: "android.intent.action.VIEW")
                     E: category (line=59)
                       A: android:name(0x01010003)="android.intent.category.DEFAULT" (Raw: "android.intent.category.DEFAULT")
                     E: category (line=60)
                       A: android:name(0x01010003)="android.intent.category.BROWSABLE" (Raw: "android.intent.category.BROWSABLE")
                     E: data (line=62)
                       A: android:scheme(0x01010027)="substitution" (Raw: "substitution")
                       A: android:host(0x01010028)="auth" (Raw: "auth")
                       A: android:pathPrefix(0x0101002b)="/login-callback" (Raw: "/login-callback")
                 E: meta-data (line=72)
                   A: android:name(0x01010003)="flutterEmbedding" (Raw: "flutterEmbedding")
                   A: android:value(0x01010024)=(type 0x10)0x2
                 E: activity (line=76)
                   A: android:theme(0x01010000)=@0x01030007
                   A: android:name(0x01010003)="io.flutter.plugins.urllauncher.WebViewActivity" (Raw: "io.flutter.plugins.urllauncher.WebViewActivity")
                   A: android:exported(0x01010010)=(type 0x12)0x0
                 E: uses-library (line=81)
                   A: android:name(0x01010003)="androidx.window.extensions" (Raw: "androidx.window.extensions")
                   A: android:required(0x0101028e)=(type 0x12)0x0
                 E: uses-library (line=84)
                   A: android:name(0x01010003)="androidx.window.sidecar" (Raw: "androidx.window.sidecar")
                   A: android:required(0x0101028e)=(type 0x12)0x0
                 E: provider (line=88)
                   A: android:name(0x01010003)="androidx.startup.InitializationProvider" (Raw: "androidx.startup.InitializationProvider")
                   A: android:exported(0x01010010)=(type 0x12)0x0
                   A: android:authorities(0x01010018)="art.substitution.substitution.androidx-startup" (Raw: "art.substitution.substitution.androidx-startup")
                   E: meta-data (line=92)
                     A: android:name(0x01010003)="androidx.lifecycle.ProcessLifecycleInitializer" (Raw: "androidx.lifecycle.ProcessLifecycleInitializer")
                     A: android:value(0x01010024)="androidx.startup" (Raw: "androidx.startup")
                   E: meta-data (line=95)
                     A: android:name(0x01010003)="androidx.profileinstaller.ProfileInstallerInitializer" (Raw: "androidx.profileinstaller.ProfileInstallerInitializer")
                     A: android:value(0x01010024)="androidx.startup" (Raw: "androidx.startup")
                 E: receiver (line=100)
                   A: android:name(0x01010003)="androidx.profileinstaller.ProfileInstallReceiver" (Raw: "androidx.profileinstaller.ProfileInstallReceiver")
                   A: android:permission(0x01010006)="android.permission.DUMP" (Raw: "android.permission.DUMP")
                   A: android:enabled(0x0101000e)=(type 0x12)0xffffffff
                   A: android:exported(0x01010010)=(type 0x12)0xffffffff
                   A: android:directBootAware(0x01010505)=(type 0x12)0x0
                   E: intent-filter (line=106)
                     E: action (line=107)
                       A: android:name(0x01010003)="androidx.profileinstaller.action.INSTALL_PROFILE" (Raw: "androidx.profileinstaller.action.INSTALL_PROFILE")
                   E: intent-filter (line=109)
                     E: action (line=110)
                       A: android:name(0x01010003)="androidx.profileinstaller.action.SKIP_FILE" (Raw: "androidx.profileinstaller.action.SKIP_FILE")
                   E: intent-filter (line=112)
                     E: action (line=113)
                       A: android:name(0x01010003)="androidx.profileinstaller.action.SAVE_PROFILE" (Raw: "androidx.profileinstaller.action.SAVE_PROFILE")
                   E: intent-filter (line=115)
                     E: action (line=116)
                       A: android:name(0x01010003)="androidx.profileinstaller.action.BENCHMARK_OPERATION" (Raw: "androidx.profileinstaller.action.BENCHMARK_OPERATION")
[        ] Stopping app 'app-debug.apk' on sdk gphone64 arm64.
[        ] executing: /Users/florian/Library/Android/sdk/platform-tools/adb -s emulator-5554 shell am force-stop art.substitution.substitution
06:06 +1 -16: loading /Users/florian/Code/substitution/integration_test/clear_cache_test.dart                                                                                                          [  +23 ms] Installing APK.
[        ] Installing build/app/outputs/flutter-apk/app-debug.apk...
[        ] executing: /Users/florian/Library/Android/sdk/platform-tools/adb -s emulator-5554 install -t -r /Users/florian/Code/substitution/build/app/outputs/flutter-apk/app-debug.apk
[ +451 ms] Performing Streamed Install
           Success
[        ] Installing build/app/outputs/flutter-apk/app-debug.apk... (completed in 451ms)
[        ] executing: /Users/florian/Library/Android/sdk/platform-tools/adb -s emulator-5554 shell echo -n e35ca9e28979f0564cf2deb9331edd4250fb146e > /data/local/tmp/sky.art.substitution.substitution.sha1
[  +24 ms] executing: /Users/florian/Library/Android/sdk/platform-tools/adb -s emulator-5554 shell -x logcat -v time -t 1
[ +106 ms] --------- beginning of system
           02-17 00:00:58.096 D/BackupManagerConstants(  668): getFullBackupRequireCharging(...) returns true
[   +4 ms] executing: /Users/florian/Library/Android/sdk/platform-tools/adb -s emulator-5554 shell am start -a android.intent.action.MAIN -c android.intent.category.LAUNCHER -f 0x20000000 --ez enable-dart-profiling true --ez enable-checked-mode true --ez verify-entry-points true art.substitution.substitution/art.substitution.substitution.MainActivity
06:07 +1 -16: loading /Users/florian/Code/substitution/integration_test/clear_cache_test.dart                                                                                                          [ +145 ms] Starting: Intent { act=android.intent.action.MAIN cat=[android.intent.category.LAUNCHER] flg=0x20000000 cmp=art.substitution.substitution/.MainActivity (has extras) }
[        ] Waiting for VM Service port to be available...
06:08 +1 -16: loading /Users/florian/Code/substitution/integration_test/clear_cache_test.dart                                                                                                          [+1841 ms] VM Service URL on device: http://127.0.0.1:44681/ljWJ0NqnKzg=/
[        ] executing: /Users/florian/Library/Android/sdk/platform-tools/adb -s emulator-5554 forward tcp:0 tcp:44681
06:09 +1 -16: loading /Users/florian/Code/substitution/integration_test/clear_cache_test.dart                                                                                                          [  +14 ms] 54713
[        ] Forwarded host port 54713 to device port 44681 for VM Service
[        ] test 4: Starting Dart Development Service
[        ] Launching a Dart Developer Service (DDS) instance at http://127.0.0.1:0, connecting to VM service at http://127.0.0.1:54713/ljWJ0NqnKzg=/.
[ +154 ms] test 4: Dart Development Service started at http://127.0.0.1:54716/XLRBicaDOmQ=/, forwarding to VM service at http://127.0.0.1:54713/ljWJ0NqnKzg=/.
[        ] test 4: Connecting to vm service
[        ] test 4: VM Service uri is available at http://127.0.0.1:54716/XLRBicaDOmQ=/
[   +3 ms] test 4: Finding the correct isolate with the integration test service extension
[  +75 ms] test 4: connected to test device, now awaiting test result
[        ] test 4: Waiting for test harness or tests to finish
06:09 +1 -16: loading /Users/florian/Code/substitution/integration_test/clear_cache_test.dart                                                                                                          
Warning: A tag was used that wasn't specified in dart_test.yaml.
  integration was used in the suite itself

06:09 +1 -16: /Users/florian/Code/substitution/integration_test/clear_cache_test.dart: Login -> menu -> clear cache -> verify redirected to intro                                                      06:09 +2 -16: /Users/florian/Code/substitution/integration_test/clear_cache_test.dart: Login -> menu -> clear cache -> verify redirected to intro                                                      06:09 +2 -16: /Users/florian/Code/substitution/integration_test/clear_cache_test.dart: (tearDownAll)                                                                                                   [ +470 ms] test 4: Test harness is no longer needed by test process
[        ] test 4: finished
[        ] test 4: cleaning up...
[        ] test 4: ensuring test device is terminated.
[        ] executing: /Users/florian/Library/Android/sdk/platform-tools/adb -s emulator-5554 shell am force-stop art.substitution.substitution
[        ] test 4: Test process is no longer needed by test harness
[ +152 ms] executing: /Users/florian/Library/Android/sdk/platform-tools/adb -s emulator-5554 uninstall art.substitution.substitution
[ +125 ms] Success
[        ] test 4: deleting temporary directory
[        ] test 4: finished
06:09 +2 -16: loading /Users/florian/Code/substitution/integration_test/room_feed_test.dart                                                                                                            [        ] test 5: starting test /Users/florian/Code/substitution/integration_test/room_feed_test.dart
[        ] Stopping scan for flutter_test_config.dart; found project root at /Users/florian/Code/substitution
[        ] test 5: starting test device
[        ] test 5: awaiting connection to test device
[   +1 ms] executing: /Users/florian/Library/Android/sdk/build-tools/36.1.0/aapt dump xmltree /Users/florian/Code/substitution/build/app/outputs/flutter-apk/app-debug.apk AndroidManifest.xml
[  +11 ms] Exit code 0 from: /Users/florian/Library/Android/sdk/build-tools/36.1.0/aapt dump xmltree /Users/florian/Code/substitution/build/app/outputs/flutter-apk/app-debug.apk AndroidManifest.xml
[        ] N: android=http://schemas.android.com/apk/res/android
             E: manifest (line=2)
               A: android:versionCode(0x0101021b)=(type 0x10)0x7
               A: android:versionName(0x0101021c)="1.0.0" (Raw: "1.0.0")
               A: android:compileSdkVersion(0x01010572)=(type 0x10)0x24
               A: android:compileSdkVersionCodename(0x01010573)="16" (Raw: "16")
               A: package="art.substitution.substitution" (Raw: "art.substitution.substitution")
               A: platformBuildVersionCode=(type 0x10)0x24
               A: platformBuildVersionName=(type 0x10)0x10
               E: uses-sdk (line=7)
                 A: android:minSdkVersion(0x0101020c)=(type 0x10)0x18
                 A: android:targetSdkVersion(0x01010270)=(type 0x10)0x22
               E: uses-permission (line=15)
                 A: android:name(0x01010003)="android.permission.INTERNET" (Raw: "android.permission.INTERNET")
               E: uses-permission (line=16)
                 A: android:name(0x01010003)="android.permission.ACCESS_NETWORK_STATE" (Raw: "android.permission.ACCESS_NETWORK_STATE")
               E: permission (line=18)
                 A: android:name(0x01010003)="art.substitution.substitution.DYNAMIC_RECEIVER_NOT_EXPORTED_PERMISSION" (Raw: "art.substitution.substitution.DYNAMIC_RECEIVER_NOT_EXPORTED_PERMISSION")
                 A: android:protectionLevel(0x01010009)=(type 0x11)0x2
               E: uses-permission (line=22)
                 A: android:name(0x01010003)="art.substitution.substitution.DYNAMIC_RECEIVER_NOT_EXPORTED_PERMISSION" (Raw: "art.substitution.substitution.DYNAMIC_RECEIVER_NOT_EXPORTED_PERMISSION")
               E: application (line=24)
                 A: android:label(0x01010001)="substitution" (Raw: "substitution")
                 A: android:icon(0x01010002)=@0x7f0c0000
                 A: android:name(0x01010003)="android.app.Application" (Raw: "android.app.Application")
                 A: android:debuggable(0x0101000f)=(type 0x12)0xffffffff
                 A: android:extractNativeLibs(0x010104ea)=(type 0x12)0x0
                 A: android:appComponentFactory(0x0101057a)="androidx.core.app.CoreComponentFactory" (Raw: "androidx.core.app.CoreComponentFactory")
                 E: activity (line=31)
                   A: android:theme(0x01010000)=@0x7f0e00a2
                   A: android:name(0x01010003)="art.substitution.substitution.MainActivity" (Raw: "art.substitution.substitution.MainActivity")
                   A: android:exported(0x01010010)=(type 0x12)0xffffffff
                   A: android:launchMode(0x0101001d)=(type 0x10)0x1
                   A: android:configChanges(0x0101001f)=(type 0x11)0x40003fb4
                   A: android:windowSoftInputMode(0x0101022b)=(type 0x11)0x10
                   A: android:hardwareAccelerated(0x010102d3)=(type 0x12)0xffffffff
                   E: meta-data (line=46)
                     A: android:name(0x01010003)="io.flutter.embedding.android.NormalTheme" (Raw: "io.flutter.embedding.android.NormalTheme")
                     A: android:resource(0x01010025)=@0x7f0e00a3
                   E: intent-filter (line=50)
                     E: action (line=51)
                       A: android:name(0x01010003)="android.intent.action.MAIN" (Raw: "android.intent.action.MAIN")
                     E: category (line=53)
                       A: android:name(0x01010003)="android.intent.category.LAUNCHER" (Raw: "android.intent.category.LAUNCHER")
                   E: intent-filter (line=56)
                     E: action (line=57)
                       A: android:name(0x01010003)="android.intent.action.VIEW" (Raw: "android.intent.action.VIEW")
                     E: category (line=59)
                       A: android:name(0x01010003)="android.intent.category.DEFAULT" (Raw: "android.intent.category.DEFAULT")
                     E: category (line=60)
                       A: android:name(0x01010003)="android.intent.category.BROWSABLE" (Raw: "android.intent.category.BROWSABLE")
                     E: data (line=62)
                       A: android:scheme(0x01010027)="substitution" (Raw: "substitution")
                       A: android:host(0x01010028)="auth" (Raw: "auth")
                       A: android:pathPrefix(0x0101002b)="/login-callback" (Raw: "/login-callback")
                 E: meta-data (line=72)
                   A: android:name(0x01010003)="flutterEmbedding" (Raw: "flutterEmbedding")
                   A: android:value(0x01010024)=(type 0x10)0x2
                 E: activity (line=76)
                   A: android:theme(0x01010000)=@0x01030007
                   A: android:name(0x01010003)="io.flutter.plugins.urllauncher.WebViewActivity" (Raw: "io.flutter.plugins.urllauncher.WebViewActivity")
                   A: android:exported(0x01010010)=(type 0x12)0x0
                 E: uses-library (line=81)
                   A: android:name(0x01010003)="androidx.window.extensions" (Raw: "androidx.window.extensions")
                   A: android:required(0x0101028e)=(type 0x12)0x0
                 E: uses-library (line=84)
                   A: android:name(0x01010003)="androidx.window.sidecar" (Raw: "androidx.window.sidecar")
                   A: android:required(0x0101028e)=(type 0x12)0x0
                 E: provider (line=88)
                   A: android:name(0x01010003)="androidx.startup.InitializationProvider" (Raw: "androidx.startup.InitializationProvider")
                   A: android:exported(0x01010010)=(type 0x12)0x0
                   A: android:authorities(0x01010018)="art.substitution.substitution.androidx-startup" (Raw: "art.substitution.substitution.androidx-startup")
                   E: meta-data (line=92)
                     A: android:name(0x01010003)="androidx.lifecycle.ProcessLifecycleInitializer" (Raw: "androidx.lifecycle.ProcessLifecycleInitializer")
                     A: android:value(0x01010024)="androidx.startup" (Raw: "androidx.startup")
                   E: meta-data (line=95)
                     A: android:name(0x01010003)="androidx.profileinstaller.ProfileInstallerInitializer" (Raw: "androidx.profileinstaller.ProfileInstallerInitializer")
                     A: android:value(0x01010024)="androidx.startup" (Raw: "androidx.startup")
                 E: receiver (line=100)
                   A: android:name(0x01010003)="androidx.profileinstaller.ProfileInstallReceiver" (Raw: "androidx.profileinstaller.ProfileInstallReceiver")
                   A: android:permission(0x01010006)="android.permission.DUMP" (Raw: "android.permission.DUMP")
                   A: android:enabled(0x0101000e)=(type 0x12)0xffffffff
                   A: android:exported(0x01010010)=(type 0x12)0xffffffff
                   A: android:directBootAware(0x01010505)=(type 0x12)0x0
                   E: intent-filter (line=106)
                     E: action (line=107)
                       A: android:name(0x01010003)="androidx.profileinstaller.action.INSTALL_PROFILE" (Raw: "androidx.profileinstaller.action.INSTALL_PROFILE")
                   E: intent-filter (line=109)
                     E: action (line=110)
                       A: android:name(0x01010003)="androidx.profileinstaller.action.SKIP_FILE" (Raw: "androidx.profileinstaller.action.SKIP_FILE")
                   E: intent-filter (line=112)
                     E: action (line=113)
                       A: android:name(0x01010003)="androidx.profileinstaller.action.SAVE_PROFILE" (Raw: "androidx.profileinstaller.action.SAVE_PROFILE")
                   E: intent-filter (line=115)
                     E: action (line=116)
                       A: android:name(0x01010003)="androidx.profileinstaller.action.BENCHMARK_OPERATION" (Raw: "androidx.profileinstaller.action.BENCHMARK_OPERATION")
[        ] Building APK
[        ] Version of Java is different than impacted version, no migration attempted.
[        ] CMake project not found, skipping support Android 15 16k page size migration.
[        ] Using gradle from /Users/florian/Code/substitution/android/gradlew.
[   +5 ms] LocalFile: '/Users/florian/Code/substitution/android/build.gradle' provides AGP version from classpath: 8.6.0
[  +10 ms] Running Gradle task 'assembleDebug'...
[        ] executing: [/Users/florian/Code/substitution/android/] /Users/florian/Code/substitution/android/gradlew --full-stacktrace --info -Pverbose=true -PskipDependencyChecks=true -Ptarget-platform=android-arm64 -Ptarget=/var/folders/l_/w8pnbb9d38n57pzg9j98fmy80000gn/T/flutter_tools.wuOse9/flutter_test_listener.5Q3mvD/listener.dart -Pbase-application-name=android.app.Application -Pdart-defines=TUFUUklYX1NFUlZFUj1odHRwOi8vbG9jYWxob3N0OjgwMDg=,TUFUUklYX1RFU1RfVVNFUj0=,TUFUUklYX1RFU1RfUEFTU1dPUkQ9,RkxVVFRFUl9WRVJTSU9OPTMuMzguOQ==,RkxVVFRFUl9DSEFOTkVMPXN0YWJsZQ==,RkxVVFRFUl9HSVRfVVJMPWh0dHBzOi8vZ2l0aHViLmNvbS9mbHV0dGVyL2ZsdXR0ZXIuZ2l0,RkxVVFRFUl9GUkFNRVdPUktfUkVWSVNJT049NjczMjNkZTI4NQ==,RkxVVFRFUl9FTkdJTkVfUkVWSVNJT049NTg3YzE4Zjg3Mw==,RkxVVFRFUl9EQVJUX1ZFUlNJT049My4xMC44,SU5URUdSQVRJT05fVEVTVF9TSE9VTERfUkVQT1JUX1JFU1VMVFNfVE9fTkFUSVZFPWZhbHNl -Pdart-obfuscation=false -Ptrack-widget-creation=true -Ptree-shake-icons=false assembleDebug
06:10 +2 -16: loading /Users/florian/Code/substitution/integration_test/room_feed_test.dart                                                                                                            [ +278 ms] Initialized native services in: /Users/florian/.gradle/native
[        ] Initialized jansi services in: /Users/florian/.gradle/native
[ +211 ms] The client will now receive all logging from the daemon (pid: 43439). The daemon log file: /Users/florian/.gradle/daemon/8.12.1/daemon-43439.out.log
[        ] Starting 98th build in daemon [uptime: 2 hrs 3 mins 59.633 secs, performance: 100%, GC rate: 0.00/s, heap usage: 0% of 4 GiB]
[        ] Using 32 worker leases.
[        ] Now considering [/Users/florian/Code/substitution/android, /opt/homebrew/share/flutter/packages/flutter_tools/gradle] as hierarchies to watch
[        ] Watching the file system is configured to be enabled if available
[        ] File system watching is active
[        ] Starting Build
[        ] Now considering [/opt/homebrew/share/flutter/packages/flutter_tools/gradle, /Users/florian/Code/substitution/android] as hierarchies to watch
[        ] > Configure project :gradle
[        ] Evaluating project ':gradle' using build file '/opt/homebrew/share/flutter/packages/flutter_tools/gradle/build.gradle.kts'.
[        ] Resolved plugin [id: 'org.gradle.java-gradle-plugin']
[        ] Resolved plugin [id: 'org.gradle.groovy']
[        ] Resolved plugin [id: 'org.gradle.kotlin.kotlin-dsl', version: '5.1.2']
[        ] Resolved plugin [id: 'org.jetbrains.kotlin.jvm', version: '1.9.20']
[        ] Using Kotlin Gradle Plugin gradle85 variant
[        ] kotlin scripting plugin: created the scripting discovery configuration: kotlinScriptDef
[        ] kotlin scripting plugin: created the scripting discovery configuration: testKotlinScriptDef
[        ] file or directory '/opt/homebrew/share/flutter/packages/flutter_tools/gradle/src/main/java', not found
[        ] Resolved plugin [id: 'dev.flutter.flutter-plugin-loader', version: '1.0.0']
[        ] Resolved plugin [id: 'com.android.application', version: '8.9.1', apply: false]
[        ] Resolved plugin [id: 'org.jetbrains.kotlin.android', version: '2.1.0', apply: false]
[        ] Resolve mutations for :gradle:checkKotlinGradlePluginConfigurationErrors (Thread[#39344,Execution worker,5,main]) started.
[        ] :gradle:checkKotlinGradlePluginConfigurationErrors (Thread[#39344,Execution worker,5,main]) started.
[        ] > Task :gradle:checkKotlinGradlePluginConfigurationErrors SKIPPED
[        ] Skipping task ':gradle:checkKotlinGradlePluginConfigurationErrors' as task onlyIf 'errorDiagnostics are present' is false.
[        ] Resolve mutations for :gradle:compileKotlin (Thread[#39344,Execution worker,5,main]) started.
[        ] :gradle:compileKotlin (Thread[#39344,Execution worker,5,main]) started.
[        ] > Task :gradle:compileKotlin UP-TO-DATE
[        ] Caching disabled for task ':gradle:compileKotlin' because:
[        ]   Build cache is disabled
[        ] Skipping task ':gradle:compileKotlin' as it is up-to-date.
[        ] Resolve mutations for :gradle:compileJava (Thread[#39344,Execution worker,5,main]) started.
[        ] :gradle:compileJava (Thread[#39344,Execution worker,5,main]) started.
[        ] > Task :gradle:compileJava NO-SOURCE
[        ] Skipping task ':gradle:compileJava' as it has no source files and no previous output files.
[        ] Resolve mutations for :gradle:compileGroovy (Thread[#39344,Execution worker,5,main]) started.
[        ] :gradle:compileGroovy (Thread[#39344,Execution worker,5,main]) started.
[        ] > Task :gradle:compileGroovy NO-SOURCE
[        ] Skipping task ':gradle:compileGroovy' as it has no source files and no previous output files.
[        ] Resolve mutations for :gradle:pluginDescriptors (Thread[#39370,Execution worker Thread 26,5,main]) started.
[        ] :gradle:pluginDescriptors (Thread[#39370,Execution worker Thread 26,5,main]) started.
[        ] > Task :gradle:pluginDescriptors UP-TO-DATE
[        ] Caching disabled for task ':gradle:pluginDescriptors' because:
[        ]   Build cache is disabled
[        ]   Not worth caching
[        ] Skipping task ':gradle:pluginDescriptors' as it is up-to-date.
[        ] Resolve mutations for :gradle:processResources (Thread[#39370,Execution worker Thread 26,5,main]) started.
[        ] :gradle:processResources (Thread[#39370,Execution worker Thread 26,5,main]) started.
[        ] > Task :gradle:processResources UP-TO-DATE
[        ] Caching disabled for task ':gradle:processResources' because:
[        ]   Build cache is disabled
[        ]   Not worth caching
[        ] Skipping task ':gradle:processResources' as it is up-to-date.
[        ] Resolve mutations for :gradle:classes (Thread[#39370,Execution worker Thread 26,5,main]) started.
[        ] :gradle:classes (Thread[#39370,Execution worker Thread 26,5,main]) started.
[        ] > Task :gradle:classes UP-TO-DATE
[        ] Skipping task ':gradle:classes' as it has no actions.
[        ] Resolve mutations for :gradle:jar (Thread[#39370,Execution worker Thread 26,5,main]) started.
[        ] :gradle:jar (Thread[#39370,Execution worker Thread 26,5,main]) started.
[        ] > Task :gradle:jar UP-TO-DATE
[        ] Caching disabled for task ':gradle:jar' because:
[        ]   Build cache is disabled
[        ]   Not worth caching
[        ] Skipping task ':gradle:jar' as it is up-to-date.
[        ] Settings evaluated using settings file '/Users/florian/Code/substitution/android/settings.gradle'.
[        ] Projects loaded. Root project using build file '/Users/florian/Code/substitution/android/build.gradle'.
[        ] Included projects: [root project 'android', project ':app', project ':connectivity_plus', project ':emoji_picker_flutter', project ':file_selector_android', project ':flutter_keyboard_visibility_temp_fork', project ':flutter_native_splash', project ':flutter_olm', project ':flutter_openssl_crypto', project ':integration_test', project ':path_provider_android', project ':quill_native_bridge_android', project ':shared_preferences_android', project ':sqflite_android', project ':url_launcher_android', project ':video_player_android']
[  +99 ms] > Configure project :app
[        ] Evaluating project ':app' using build file '/Users/florian/Code/substitution/android/app/build.gradle'.
[        ] Resolved plugin [id: 'com.android.application']
[        ] Resolved plugin [id: 'kotlin-android']
[        ] Resolved plugin [id: 'dev.flutter.flutter-gradle-plugin']
[        ] Using default execution profile
[        ] Using Kotlin Gradle Plugin gradle85 variant
[        ] C/C++: android.ndkVersion from module build.gradle is [28.2.13676358]
[        ] C/C++: android.ndkPath from module build.gradle is not set
[        ] C/C++: ndk.dir in local.properties is not set
[        ] C/C++: Not considering ANDROID_NDK_HOME because support was removed after deprecation period.
[        ] C/C++: sdkFolder is /Users/florian/Library/Android/sdk
[        ] C/C++: android.ndkVersion from module build.gradle is [28.2.13676358]
[        ] C/C++: android.ndkPath from module build.gradle is not set
[        ] C/C++: ndk.dir in local.properties is not set
[        ] C/C++: Not considering ANDROID_NDK_HOME because support was removed after deprecation period.
[        ] C/C++: sdkFolder is /Users/florian/Library/Android/sdk
[        ] C/C++: android.ndkVersion from module build.gradle is [28.2.13676358]
[        ] C/C++: android.ndkPath from module build.gradle is not set
[        ] C/C++: ndk.dir in local.properties is not set
[        ] C/C++: Not considering ANDROID_NDK_HOME because support was removed after deprecation period.
[        ] C/C++: sdkFolder is /Users/florian/Library/Android/sdk
[        ] C/C++: android.ndkVersion from module build.gradle is [28.2.13676358]
[        ] C/C++: android.ndkPath from module build.gradle is not set
[        ] C/C++: ndk.dir in local.properties is not set
[        ] C/C++: Not considering ANDROID_NDK_HOME because support was removed after deprecation period.
[        ] C/C++: sdkFolder is /Users/florian/Library/Android/sdk
[        ] C/C++: android.ndkVersion from module build.gradle is [28.2.13676358]
[        ] C/C++: android.ndkPath from module build.gradle is not set
[        ] C/C++: ndk.dir in local.properties is not set
[        ] C/C++: Not considering ANDROID_NDK_HOME because support was removed after deprecation period.
[        ] C/C++: sdkFolder is /Users/florian/Library/Android/sdk
[        ] C/C++: android.ndkVersion from module build.gradle is [28.2.13676358]
[        ] C/C++: android.ndkPath from module build.gradle is not set
[        ] C/C++: ndk.dir in local.properties is not set
[        ] C/C++: Not considering ANDROID_NDK_HOME because support was removed after deprecation period.
[        ] C/C++: sdkFolder is /Users/florian/Library/Android/sdk
[        ] C/C++: android.ndkVersion from module build.gradle is [28.2.13676358]
[        ] C/C++: android.ndkPath from module build.gradle is not set
[        ] C/C++: ndk.dir in local.properties is not set
[        ] C/C++: Not considering ANDROID_NDK_HOME because support was removed after deprecation period.
[        ] C/C++: sdkFolder is /Users/florian/Library/Android/sdk
[        ] C/C++: android.ndkVersion from module build.gradle is [28.2.13676358]
[        ] C/C++: android.ndkPath from module build.gradle is not set
[        ] C/C++: ndk.dir in local.properties is not set
[        ] C/C++: Not considering ANDROID_NDK_HOME because support was removed after deprecation period.
[        ] C/C++: sdkFolder is /Users/florian/Library/Android/sdk
[        ] C/C++: android.ndkVersion from module build.gradle is [28.2.13676358]
[        ] C/C++: android.ndkPath from module build.gradle is not set
[        ] C/C++: ndk.dir in local.properties is not set
[        ] C/C++: Not considering ANDROID_NDK_HOME because support was removed after deprecation period.
[        ] C/C++: sdkFolder is /Users/florian/Library/Android/sdk
[        ] C/C++: android.ndkVersion from module build.gradle is [28.2.13676358]
[        ] C/C++: android.ndkPath from module build.gradle is not set
[        ] C/C++: ndk.dir in local.properties is not set
[        ] C/C++: Not considering ANDROID_NDK_HOME because support was removed after deprecation period.
[        ] C/C++: sdkFolder is /Users/florian/Library/Android/sdk
[        ] C/C++: android.ndkVersion from module build.gradle is [28.2.13676358]
[        ] C/C++: android.ndkPath from module build.gradle is not set
[        ] C/C++: ndk.dir in local.properties is not set
[        ] C/C++: Not considering ANDROID_NDK_HOME because support was removed after deprecation period.
[        ] C/C++: sdkFolder is /Users/florian/Library/Android/sdk
[        ] C/C++: android.ndkVersion from module build.gradle is [28.2.13676358]
[        ] C/C++: android.ndkPath from module build.gradle is not set
[        ] C/C++: ndk.dir in local.properties is not set
[        ] C/C++: Not considering ANDROID_NDK_HOME because support was removed after deprecation period.
[        ] C/C++: sdkFolder is /Users/florian/Library/Android/sdk
[        ] C/C++: android.ndkVersion from module build.gradle is [28.2.13676358]
[        ] C/C++: android.ndkPath from module build.gradle is not set
[        ] C/C++: ndk.dir in local.properties is not set
[        ] C/C++: Not considering ANDROID_NDK_HOME because support was removed after deprecation period.
[        ] C/C++: sdkFolder is /Users/florian/Library/Android/sdk
[        ] C/C++: android.ndkVersion from module build.gradle is [28.2.13676358]
[        ] C/C++: android.ndkPath from module build.gradle is not set
[        ] C/C++: ndk.dir in local.properties is not set
[        ] C/C++: Not considering ANDROID_NDK_HOME because support was removed after deprecation period.
[        ] C/C++: sdkFolder is /Users/florian/Library/Android/sdk
[        ] C/C++: android.ndkVersion from module build.gradle is [28.2.13676358]
[        ] C/C++: android.ndkPath from module build.gradle is not set
[        ] C/C++: ndk.dir in local.properties is not set
[        ] C/C++: Not considering ANDROID_NDK_HOME because support was removed after deprecation period.
[        ] C/C++: sdkFolder is /Users/florian/Library/Android/sdk
[        ] C/C++: android.ndkVersion from module build.gradle is [28.2.13676358]
[        ] C/C++: android.ndkPath from module build.gradle is not set
[        ] C/C++: ndk.dir in local.properties is not set
[        ] C/C++: Not considering ANDROID_NDK_HOME because support was removed after deprecation period.
[        ] C/C++: sdkFolder is /Users/florian/Library/Android/sdk
[        ] C/C++: android.ndkVersion from module build.gradle is [28.2.13676358]
[        ] C/C++: android.ndkPath from module build.gradle is not set
[        ] C/C++: ndk.dir in local.properties is not set
[        ] C/C++: Not considering ANDROID_NDK_HOME because support was removed after deprecation period.
[        ] C/C++: sdkFolder is /Users/florian/Library/Android/sdk
[        ] C/C++: android.ndkVersion from module build.gradle is [28.2.13676358]
[        ] C/C++: android.ndkPath from module build.gradle is not set
[        ] C/C++: ndk.dir in local.properties is not set
[        ] C/C++: Not considering ANDROID_NDK_HOME because support was removed after deprecation period.
[        ] C/C++: sdkFolder is /Users/florian/Library/Android/sdk
[        ] C/C++: android.ndkVersion from module build.gradle is [28.2.13676358]
[        ] C/C++: android.ndkPath from module build.gradle is not set
[        ] C/C++: ndk.dir in local.properties is not set
[        ] C/C++: Not considering ANDROID_NDK_HOME because support was removed after deprecation period.
[        ] C/C++: sdkFolder is /Users/florian/Library/Android/sdk
[        ] > Configure project :
[        ] Evaluating root project 'android' using build file '/Users/florian/Code/substitution/android/build.gradle'.
[        ] > Configure project :connectivity_plus
[        ] Evaluating project ':connectivity_plus' using build file '/Users/florian/.pub-cache/hosted/pub.dev/connectivity_plus-5.0.2/android/build.gradle'.
[        ] Using default execution profile
[        ] > Configure project :emoji_picker_flutter
[        ] Evaluating project ':emoji_picker_flutter' using build file '/Users/florian/.pub-cache/hosted/pub.dev/emoji_picker_flutter-4.4.0/android/build.gradle'.
[        ] Using default execution profile
[        ] Using Kotlin Gradle Plugin gradle85 variant
[        ] > Configure project :file_selector_android
[        ] Evaluating project ':file_selector_android' using build file '/Users/florian/.pub-cache/hosted/pub.dev/file_selector_android-0.5.2+4/android/build.gradle'.
[        ] Using default execution profile
[  +97 ms] > Configure project :flutter_keyboard_visibility_temp_fork
[        ] Evaluating project ':flutter_keyboard_visibility_temp_fork' using build file '/Users/florian/.pub-cache/hosted/pub.dev/flutter_keyboard_visibility_temp_fork-0.1.5/android/build.gradle'.
[        ] Using default execution profile
[        ] > Configure project :flutter_native_splash
[        ] Evaluating project ':flutter_native_splash' using build file '/Users/florian/.pub-cache/hosted/pub.dev/flutter_native_splash-2.4.7/android/build.gradle'.
[        ] Using default execution profile
[        ] > Configure project :flutter_olm
[        ] Evaluating project ':flutter_olm' using build file '/Users/florian/.pub-cache/hosted/pub.dev/flutter_olm-2.0.0/android/build.gradle'.
[        ] Using default execution profile
[        ] Using Kotlin Gradle Plugin gradle85 variant
[        ] C/C++: android.ndkVersion from module build.gradle is [27.0.12077973]
[        ] C/C++: android.ndkPath from module build.gradle is not set
[        ] C/C++: ndk.dir in local.properties is not set
[        ] C/C++: Not considering ANDROID_NDK_HOME because support was removed after deprecation period.
[        ] C/C++: sdkFolder is /Users/florian/Library/Android/sdk
[        ] C/C++: android.ndkVersion from module build.gradle is [27.0.12077973]
[        ] C/C++: android.ndkPath from module build.gradle is not set
[        ] C/C++: ndk.dir in local.properties is not set
[        ] C/C++: Not considering ANDROID_NDK_HOME because support was removed after deprecation period.
[        ] C/C++: sdkFolder is /Users/florian/Library/Android/sdk
[        ] C/C++: android.ndkVersion from module build.gradle is [27.0.12077973]
[        ] C/C++: android.ndkPath from module build.gradle is not set
[        ] C/C++: ndk.dir in local.properties is not set
[        ] C/C++: Not considering ANDROID_NDK_HOME because support was removed after deprecation period.
[        ] C/C++: sdkFolder is /Users/florian/Library/Android/sdk
[        ] C/C++: android.ndkVersion from module build.gradle is [27.0.12077973]
[        ] C/C++: android.ndkPath from module build.gradle is not set
[        ] C/C++: ndk.dir in local.properties is not set
[        ] C/C++: Not considering ANDROID_NDK_HOME because support was removed after deprecation period.
[        ] C/C++: sdkFolder is /Users/florian/Library/Android/sdk
[        ] C/C++: android.ndkVersion from module build.gradle is [27.0.12077973]
[        ] C/C++: android.ndkPath from module build.gradle is not set
[        ] C/C++: ndk.dir in local.properties is not set
[        ] C/C++: Not considering ANDROID_NDK_HOME because support was removed after deprecation period.
[        ] C/C++: sdkFolder is /Users/florian/Library/Android/sdk
[        ] C/C++: android.ndkVersion from module build.gradle is [27.0.12077973]
[        ] C/C++: android.ndkPath from module build.gradle is not set
[        ] C/C++: ndk.dir in local.properties is not set
[        ] C/C++: Not considering ANDROID_NDK_HOME because support was removed after deprecation period.
[        ] C/C++: sdkFolder is /Users/florian/Library/Android/sdk
[        ] C/C++: android.ndkVersion from module build.gradle is [27.0.12077973]
[        ] C/C++: android.ndkPath from module build.gradle is not set
[        ] C/C++: ndk.dir in local.properties is not set
[        ] C/C++: Not considering ANDROID_NDK_HOME because support was removed after deprecation period.
[        ] C/C++: sdkFolder is /Users/florian/Library/Android/sdk
[        ] C/C++: android.ndkVersion from module build.gradle is [27.0.12077973]
[        ] C/C++: android.ndkPath from module build.gradle is not set
[        ] C/C++: ndk.dir in local.properties is not set
[        ] C/C++: Not considering ANDROID_NDK_HOME because support was removed after deprecation period.
[        ] C/C++: sdkFolder is /Users/florian/Library/Android/sdk
[        ] C/C++: android.ndkVersion from module build.gradle is [27.0.12077973]
[        ] C/C++: android.ndkPath from module build.gradle is not set
[        ] C/C++: ndk.dir in local.properties is not set
[        ] C/C++: Not considering ANDROID_NDK_HOME because support was removed after deprecation period.
[        ] C/C++: sdkFolder is /Users/florian/Library/Android/sdk
[        ] C/C++: android.ndkVersion from module build.gradle is [27.0.12077973]
[        ] C/C++: android.ndkPath from module build.gradle is not set
[        ] C/C++: ndk.dir in local.properties is not set
[        ] C/C++: Not considering ANDROID_NDK_HOME because support was removed after deprecation period.
[        ] C/C++: sdkFolder is /Users/florian/Library/Android/sdk
[        ] C/C++: android.ndkVersion from module build.gradle is [27.0.12077973]
[        ] C/C++: android.ndkPath from module build.gradle is not set
[        ] C/C++: ndk.dir in local.properties is not set
[        ] C/C++: Not considering ANDROID_NDK_HOME because support was removed after deprecation period.
[        ] C/C++: sdkFolder is /Users/florian/Library/Android/sdk
[        ] C/C++: android.ndkVersion from module build.gradle is [27.0.12077973]
[        ] C/C++: android.ndkPath from module build.gradle is not set
[        ] C/C++: ndk.dir in local.properties is not set
[        ] C/C++: Not considering ANDROID_NDK_HOME because support was removed after deprecation period.
[        ] C/C++: sdkFolder is /Users/florian/Library/Android/sdk
[        ] C/C++: android.ndkVersion from module build.gradle is [27.0.12077973]
[        ] C/C++: android.ndkPath from module build.gradle is not set
[        ] C/C++: ndk.dir in local.properties is not set
[        ] C/C++: Not considering ANDROID_NDK_HOME because support was removed after deprecation period.
[        ] C/C++: sdkFolder is /Users/florian/Library/Android/sdk
[        ] C/C++: android.ndkVersion from module build.gradle is [27.0.12077973]
[        ] C/C++: android.ndkPath from module build.gradle is not set
[        ] C/C++: ndk.dir in local.properties is not set
[        ] C/C++: Not considering ANDROID_NDK_HOME because support was removed after deprecation period.
[        ] C/C++: sdkFolder is /Users/florian/Library/Android/sdk
[        ] C/C++: android.ndkVersion from module build.gradle is [27.0.12077973]
[        ] C/C++: android.ndkPath from module build.gradle is not set
[        ] C/C++: ndk.dir in local.properties is not set
[        ] C/C++: Not considering ANDROID_NDK_HOME because support was removed after deprecation period.
[        ] C/C++: sdkFolder is /Users/florian/Library/Android/sdk
[        ] C/C++: android.ndkVersion from module build.gradle is [27.0.12077973]
[        ] C/C++: android.ndkPath from module build.gradle is not set
[        ] C/C++: ndk.dir in local.properties is not set
[        ] C/C++: Not considering ANDROID_NDK_HOME because support was removed after deprecation period.
[        ] C/C++: sdkFolder is /Users/florian/Library/Android/sdk
[        ] C/C++: android.ndkVersion from module build.gradle is [27.0.12077973]
[        ] C/C++: android.ndkPath from module build.gradle is not set
[        ] C/C++: ndk.dir in local.properties is not set
[        ] C/C++: Not considering ANDROID_NDK_HOME because support was removed after deprecation period.
[        ] C/C++: sdkFolder is /Users/florian/Library/Android/sdk
[        ] C/C++: android.ndkVersion from module build.gradle is [27.0.12077973]
[        ] C/C++: android.ndkPath from module build.gradle is not set
[        ] C/C++: ndk.dir in local.properties is not set
[        ] C/C++: Not considering ANDROID_NDK_HOME because support was removed after deprecation period.
[        ] C/C++: sdkFolder is /Users/florian/Library/Android/sdk
[        ] C/C++: android.ndkVersion from module build.gradle is [27.0.12077973]
[        ] C/C++: android.ndkPath from module build.gradle is not set
[        ] C/C++: ndk.dir in local.properties is not set
[        ] C/C++: Not considering ANDROID_NDK_HOME because support was removed after deprecation period.
[        ] C/C++: sdkFolder is /Users/florian/Library/Android/sdk
[        ] > Configure project :flutter_openssl_crypto
[        ] Evaluating project ':flutter_openssl_crypto' using build file '/Users/florian/.pub-cache/hosted/pub.dev/flutter_openssl_crypto-0.5.0/android/build.gradle'.
[        ] Using default execution profile
[        ] Using Kotlin Gradle Plugin gradle85 variant
[        ] C/C++: android.ndkVersion from module build.gradle is [27.0.12077973]
[        ] C/C++: android.ndkPath from module build.gradle is not set
[        ] C/C++: ndk.dir in local.properties is not set
[        ] C/C++: Not considering ANDROID_NDK_HOME because support was removed after deprecation period.
[        ] C/C++: sdkFolder is /Users/florian/Library/Android/sdk
[        ] C/C++: android.ndkVersion from module build.gradle is [27.0.12077973]
[        ] C/C++: android.ndkPath from module build.gradle is not set
[        ] C/C++: ndk.dir in local.properties is not set
[        ] C/C++: Not considering ANDROID_NDK_HOME because support was removed after deprecation period.
[        ] C/C++: sdkFolder is /Users/florian/Library/Android/sdk
[        ] C/C++: android.ndkVersion from module build.gradle is [27.0.12077973]
[        ] C/C++: android.ndkPath from module build.gradle is not set
[        ] C/C++: ndk.dir in local.properties is not set
[        ] C/C++: Not considering ANDROID_NDK_HOME because support was removed after deprecation period.
[        ] C/C++: sdkFolder is /Users/florian/Library/Android/sdk
[        ] C/C++: android.ndkVersion from module build.gradle is [27.0.12077973]
[        ] C/C++: android.ndkPath from module build.gradle is not set
[        ] C/C++: ndk.dir in local.properties is not set
[        ] C/C++: Not considering ANDROID_NDK_HOME because support was removed after deprecation period.
[        ] C/C++: sdkFolder is /Users/florian/Library/Android/sdk
[        ] C/C++: android.ndkVersion from module build.gradle is [27.0.12077973]
[        ] C/C++: android.ndkPath from module build.gradle is not set
[        ] C/C++: ndk.dir in local.properties is not set
[        ] C/C++: Not considering ANDROID_NDK_HOME because support was removed after deprecation period.
[        ] C/C++: sdkFolder is /Users/florian/Library/Android/sdk
[        ] C/C++: android.ndkVersion from module build.gradle is [27.0.12077973]
[        ] C/C++: android.ndkPath from module build.gradle is not set
[        ] C/C++: ndk.dir in local.properties is not set
[        ] C/C++: Not considering ANDROID_NDK_HOME because support was removed after deprecation period.
[        ] C/C++: sdkFolder is /Users/florian/Library/Android/sdk
[        ] C/C++: android.ndkVersion from module build.gradle is [27.0.12077973]
[        ] C/C++: android.ndkPath from module build.gradle is not set
[        ] C/C++: ndk.dir in local.properties is not set
[        ] C/C++: Not considering ANDROID_NDK_HOME because support was removed after deprecation period.
[        ] C/C++: sdkFolder is /Users/florian/Library/Android/sdk
[        ] C/C++: android.ndkVersion from module build.gradle is [27.0.12077973]
[        ] C/C++: android.ndkPath from module build.gradle is not set
[        ] C/C++: ndk.dir in local.properties is not set
[        ] C/C++: Not considering ANDROID_NDK_HOME because support was removed after deprecation period.
[        ] C/C++: sdkFolder is /Users/florian/Library/Android/sdk
[        ] C/C++: android.ndkVersion from module build.gradle is [27.0.12077973]
[        ] C/C++: android.ndkPath from module build.gradle is not set
[        ] C/C++: ndk.dir in local.properties is not set
[        ] C/C++: Not considering ANDROID_NDK_HOME because support was removed after deprecation period.
[        ] C/C++: sdkFolder is /Users/florian/Library/Android/sdk
[        ] C/C++: android.ndkVersion from module build.gradle is [27.0.12077973]
[        ] C/C++: android.ndkPath from module build.gradle is not set
[        ] C/C++: ndk.dir in local.properties is not set
[        ] C/C++: Not considering ANDROID_NDK_HOME because support was removed after deprecation period.
[        ] C/C++: sdkFolder is /Users/florian/Library/Android/sdk
[        ] C/C++: android.ndkVersion from module build.gradle is [27.0.12077973]
[        ] C/C++: android.ndkPath from module build.gradle is not set
[        ] C/C++: ndk.dir in local.properties is not set
[        ] C/C++: Not considering ANDROID_NDK_HOME because support was removed after deprecation period.
[        ] C/C++: sdkFolder is /Users/florian/Library/Android/sdk
[        ] C/C++: android.ndkVersion from module build.gradle is [27.0.12077973]
[        ] C/C++: android.ndkPath from module build.gradle is not set
[        ] C/C++: ndk.dir in local.properties is not set
[        ] C/C++: Not considering ANDROID_NDK_HOME because support was removed after deprecation period.
[        ] C/C++: sdkFolder is /Users/florian/Library/Android/sdk
[        ] C/C++: android.ndkVersion from module build.gradle is [27.0.12077973]
[        ] C/C++: android.ndkPath from module build.gradle is not set
[        ] C/C++: ndk.dir in local.properties is not set
[        ] C/C++: Not considering ANDROID_NDK_HOME because support was removed after deprecation period.
[        ] C/C++: sdkFolder is /Users/florian/Library/Android/sdk
[        ] C/C++: android.ndkVersion from module build.gradle is [27.0.12077973]
[        ] C/C++: android.ndkPath from module build.gradle is not set
[        ] C/C++: ndk.dir in local.properties is not set
[        ] C/C++: Not considering ANDROID_NDK_HOME because support was removed after deprecation period.
[        ] C/C++: sdkFolder is /Users/florian/Library/Android/sdk
[        ] C/C++: android.ndkVersion from module build.gradle is [27.0.12077973]
[        ] C/C++: android.ndkPath from module build.gradle is not set
[        ] C/C++: ndk.dir in local.properties is not set
[        ] C/C++: Not considering ANDROID_NDK_HOME because support was removed after deprecation period.
[        ] C/C++: sdkFolder is /Users/florian/Library/Android/sdk
[        ] C/C++: android.ndkVersion from module build.gradle is [27.0.12077973]
[        ] C/C++: android.ndkPath from module build.gradle is not set
[        ] C/C++: ndk.dir in local.properties is not set
[        ] C/C++: Not considering ANDROID_NDK_HOME because support was removed after deprecation period.
[        ] C/C++: sdkFolder is /Users/florian/Library/Android/sdk
[        ] C/C++: android.ndkVersion from module build.gradle is [27.0.12077973]
[        ] C/C++: android.ndkPath from module build.gradle is not set
[        ] C/C++: ndk.dir in local.properties is not set
[        ] C/C++: Not considering ANDROID_NDK_HOME because support was removed after deprecation period.
[        ] C/C++: sdkFolder is /Users/florian/Library/Android/sdk
[        ] C/C++: android.ndkVersion from module build.gradle is [27.0.12077973]
[        ] C/C++: android.ndkPath from module build.gradle is not set
[        ] C/C++: ndk.dir in local.properties is not set
[        ] C/C++: Not considering ANDROID_NDK_HOME because support was removed after deprecation period.
[        ] C/C++: sdkFolder is /Users/florian/Library/Android/sdk
[        ] C/C++: android.ndkVersion from module build.gradle is [27.0.12077973]
[        ] C/C++: android.ndkPath from module build.gradle is not set
[        ] C/C++: ndk.dir in local.properties is not set
[        ] C/C++: Not considering ANDROID_NDK_HOME because support was removed after deprecation period.
[        ] C/C++: sdkFolder is /Users/florian/Library/Android/sdk
[  +97 ms] > Configure project :integration_test
[        ] Evaluating project ':integration_test' using build file '/opt/homebrew/share/flutter/packages/integration_test/android/build.gradle.kts'.
[        ] Resolved plugin [id: 'com.android.library']
[        ] Using default execution profile
[        ] > Configure project :path_provider_android
[        ] Evaluating project ':path_provider_android' using build file '/Users/florian/.pub-cache/hosted/pub.dev/path_provider_android-2.2.22/android/build.gradle'.
[        ] Using default execution profile
[        ] > Configure project :quill_native_bridge_android
[        ] Evaluating project ':quill_native_bridge_android' using build file '/Users/florian/.pub-cache/hosted/pub.dev/quill_native_bridge_android-0.0.1+2/android/build.gradle'.
[        ] Using default execution profile
[        ] Using Kotlin Gradle Plugin gradle85 variant
[        ] > Configure project :shared_preferences_android
[        ] Evaluating project ':shared_preferences_android' using build file '/Users/florian/.pub-cache/hosted/pub.dev/shared_preferences_android-2.4.20/android/build.gradle'.
[        ] Using default execution profile
[        ] Using Kotlin Gradle Plugin gradle85 variant
[        ] > Configure project :sqflite_android
[        ] Evaluating project ':sqflite_android' using build file '/Users/florian/.pub-cache/hosted/pub.dev/sqflite_android-2.4.2+2/android/build.gradle'.
[        ] Using default execution profile
[        ] > Configure project :url_launcher_android
[        ] Evaluating project ':url_launcher_android' using build file '/Users/florian/.pub-cache/hosted/pub.dev/url_launcher_android-6.3.28/android/build.gradle'.
[        ] Using default execution profile
[  +94 ms] > Configure project :video_player_android
[        ] Evaluating project ':video_player_android' using build file '/Users/florian/.pub-cache/hosted/pub.dev/video_player_android-2.9.1/android/build.gradle'.
[        ] Using default execution profile
[        ] Using Kotlin Gradle Plugin gradle85 variant
[        ] All projects evaluated.
[        ] Task name matched 'assembleDebug'
[        ] Selected primary task 'assembleDebug' from project :
[        ] Adding -Xuse-inline-scopes-numbers Kotlin compiler flag for task :app:compileDebugKotlin
[   +2 ms] Tasks to be executed: [task ':app:preBuild', task ':app:preDebugBuild', task ':app:mergeDebugNativeDebugMetadata', task ':app:checkKotlinGradlePluginConfigurationErrors', task ':app:compileFlutterBuildDebug', task ':app:packJniLibsflutterBuildDebug', task ':connectivity_plus:preBuild', task ':connectivity_plus:preDebugBuild', task ':connectivity_plus:writeDebugAarMetadata', task ':emoji_picker_flutter:preBuild', task ':emoji_picker_flutter:preDebugBuild', task ':emoji_picker_flutter:writeDebugAarMetadata', task ':file_selector_android:preBuild', task ':file_selector_android:preDebugBuild', task ':file_selector_android:writeDebugAarMetadata', task ':flutter_keyboard_visibility_temp_fork:preBuild', task ':flutter_keyboard_visibility_temp_fork:preDebugBuild', task ':flutter_keyboard_visibility_temp_fork:writeDebugAarMetadata', task ':flutter_native_splash:preBuild', task ':flutter_native_splash:preDebugBuild', task ':flutter_native_splash:writeDebugAarMetadata', task ':flutter_olm:preBuild', task ':flutter_olm:preDebugBuild', task ':flutter_olm:writeDebugAarMetadata', task ':flutter_openssl_crypto:preBuild', task ':flutter_openssl_crypto:preDebugBuild', task ':flutter_openssl_crypto:writeDebugAarMetadata', task ':integration_test:preBuild', task ':integration_test:preDebugBuild', task ':integration_test:writeDebugAarMetadata', task ':path_provider_android:preBuild', task ':path_provider_android:preDebugBuild', task ':path_provider_android:writeDebugAarMetadata', task ':quill_native_bridge_android:preBuild', task ':quill_native_bridge_android:preDebugBuild', task ':quill_native_bridge_android:writeDebugAarMetadata', task ':shared_preferences_android:preBuild', task ':shared_preferences_android:preDebugBuild', task ':shared_preferences_android:writeDebugAarMetadata', task ':sqflite_android:preBuild', task ':sqflite_android:preDebugBuild', task ':sqflite_android:writeDebugAarMetadata', task ':url_launcher_android:preBuild', task ':url_launcher_android:preDebugBuild', task ':url_launcher_android:writeDebugAarMetadata', task ':video_player_android:preBuild', task ':video_player_android:preDebugBuild', task ':video_player_android:writeDebugAarMetadata', task ':app:checkDebugAarMetadata', task ':app:cleanMergeDebugAssets', task ':app:mergeDebugShaders', task ':app:compileDebugShaders', task ':app:generateDebugAssets', task ':connectivity_plus:mergeDebugShaders', task ':connectivity_plus:compileDebugShaders', task ':connectivity_plus:generateDebugAssets', task ':connectivity_plus:mergeDebugAssets', task ':emoji_picker_flutter:mergeDebugShaders', task ':emoji_picker_flutter:compileDebugShaders', task ':emoji_picker_flutter:generateDebugAssets', task ':emoji_picker_flutter:mergeDebugAssets', task ':file_selector_android:mergeDebugShaders', task ':file_selector_android:compileDebugShaders', task ':file_selector_android:generateDebugAssets', task ':file_selector_android:mergeDebugAssets', task ':flutter_keyboard_visibility_temp_fork:mergeDebugShaders', task ':flutter_keyboard_visibility_temp_fork:compileDebugShaders', task ':flutter_keyboard_visibility_temp_fork:generateDebugAssets', task ':flutter_keyboard_visibility_temp_fork:mergeDebugAssets', task ':flutter_native_splash:mergeDebugShaders', task ':flutter_native_splash:compileDebugShaders', task ':flutter_native_splash:generateDebugAssets', task ':flutter_native_splash:mergeDebugAssets', task ':flutter_olm:mergeDebugShaders', task ':flutter_olm:compileDebugShaders', task ':flutter_olm:generateDebugAssets', task ':flutter_olm:mergeDebugAssets', task ':flutter_openssl_crypto:mergeDebugShaders', task ':flutter_openssl_crypto:compileDebugShaders', task ':flutter_openssl_crypto:generateDebugAssets', task ':flutter_openssl_crypto:mergeDebugAssets', task ':integration_test:mergeDebugShaders', task ':integration_test:compileDebugShaders', task ':integration_test:generateDebugAssets', task ':integration_test:mergeDebugAssets', task ':path_provider_android:mergeDebugShaders', task ':path_provider_android:compileDebugShaders', task ':path_provider_android:generateDebugAssets', task ':path_provider_android:mergeDebugAssets', task ':quill_native_bridge_android:mergeDebugShaders', task ':quill_native_bridge_android:compileDebugShaders', task ':quill_native_bridge_android:generateDebugAssets', task ':quill_native_bridge_android:mergeDebugAssets', task ':shared_preferences_android:mergeDebugShaders', task ':shared_preferences_android:compileDebugShaders', task ':shared_preferences_android:generateDebugAssets', task ':shared_preferences_android:mergeDebugAssets', task ':sqflite_android:mergeDebugShaders', task ':sqflite_android:compileDebugShaders', task ':sqflite_android:generateDebugAssets', task ':sqflite_android:mergeDebugAssets', task ':url_launcher_android:mergeDebugShaders', task ':url_launcher_android:compileDebugShaders', task ':url_launcher_android:generateDebugAssets', task ':url_launcher_android:mergeDebugAssets', task ':video_player_android:mergeDebugShaders', task ':video_player_android:compileDebugShaders', task ':video_player_android:generateDebugAssets', task ':video_player_android:mergeDebugAssets', task ':app:mergeDebugAssets', task ':app:copyFlutterAssetsDebug', task ':app:generateDebugResValues', task ':connectivity_plus:generateDebugResValues', task ':connectivity_plus:generateDebugResources', task ':connectivity_plus:packageDebugResources', task ':emoji_picker_flutter:generateDebugResValues', task ':emoji_picker_flutter:generateDebugResources', task ':emoji_picker_flutter:packageDebugResources', task ':file_selector_android:generateDebugResValues', task ':file_selector_android:generateDebugResources', task ':file_selector_android:packageDebugResources', task ':flutter_keyboard_visibility_temp_fork:generateDebugResValues', task ':flutter_keyboard_visibility_temp_fork:generateDebugResources', task ':flutter_keyboard_visibility_temp_fork:packageDebugResources', task ':flutter_native_splash:generateDebugResValues', task ':flutter_native_splash:generateDebugResources', task ':flutter_native_splash:packageDebugResources', task ':flutter_olm:generateDebugResValues', task ':flutter_olm:generateDebugResources', task ':flutter_olm:packageDebugResources', task ':flutter_openssl_crypto:generateDebugResValues', task ':flutter_openssl_crypto:generateDebugResources', task ':flutter_openssl_crypto:packageDebugResources', task ':integration_test:generateDebugResValues', task ':integration_test:generateDebugResources', task ':integration_test:packageDebugResources', task ':path_provider_android:generateDebugResValues', task ':path_provider_android:generateDebugResources', task ':path_provider_android:packageDebugResources', task ':quill_native_bridge_android:generateDebugResValues', task ':quill_native_bridge_android:generateDebugResources', task ':quill_native_bridge_android:packageDebugResources', task ':shared_preferences_android:generateDebugResValues', task ':shared_preferences_android:generateDebugResources', task ':shared_preferences_android:packageDebugResources', task ':sqflite_android:generateDebugResValues', task ':sqflite_android:generateDebugResources', task ':sqflite_android:packageDebugResources', task ':url_launcher_android:generateDebugResValues', task ':url_launcher_android:generateDebugResources', task ':url_launcher_android:packageDebugResources', task ':video_player_android:generateDebugResValues', task ':video_player_android:generateDebugResources', task ':video_player_android:packageDebugResources', task ':app:mapDebugSourceSetPaths', task ':app:generateDebugResources', task ':app:mergeDebugResources', task ':app:packageDebugResources', task ':app:parseDebugLocalResources', task ':app:createDebugCompatibleScreenManifests', task ':app:extractDeepLinksDebug', task ':connectivity_plus:extractDeepLinksDebug', task ':connectivity_plus:processDebugManifest', task ':emoji_picker_flutter:extractDeepLinksDebug', task ':emoji_picker_flutter:processDebugManifest', task ':file_selector_android:extractDeepLinksDebug', task ':file_selector_android:processDebugManifest', task ':flutter_keyboard_visibility_temp_fork:extractDeepLinksDebug', task ':flutter_keyboard_visibility_temp_fork:processDebugManifest', task ':flutter_native_splash:extractDeepLinksDebug', task ':flutter_native_splash:processDebugManifest', task ':flutter_olm:extractDeepLinksDebug', task ':flutter_olm:processDebugManifest', task ':flutter_openssl_crypto:extractDeepLinksDebug', task ':flutter_openssl_crypto:processDebugManifest', task ':integration_test:extractDeepLinksDebug', task ':integration_test:processDebugManifest', task ':path_provider_android:extractDeepLinksDebug', task ':path_provider_android:processDebugManifest', task ':quill_native_bridge_android:extractDeepLinksDebug', task ':quill_native_bridge_android:processDebugManifest', task ':shared_preferences_android:extractDeepLinksDebug', task ':shared_preferences_android:processDebugManifest', task ':sqflite_android:extractDeepLinksDebug', task ':sqflite_android:processDebugManifest', task ':url_launcher_android:extractDeepLinksDebug', task ':url_launcher_android:processDebugManifest', task ':video_player_android:extractDeepLinksDebug', task ':video_player_android:processDebugManifest', task ':app:processDebugMainManifest', task ':app:outputDebugAppLinkSettings', task ':app:processDebugManifest', task ':app:processDebugManifestForPackage', task ':connectivity_plus:compileDebugLibraryResources', task ':connectivity_plus:parseDebugLocalResources', task ':connectivity_plus:generateDebugRFile', task ':emoji_picker_flutter:compileDebugLibraryResources', task ':emoji_picker_flutter:parseDebugLocalResources', task ':emoji_picker_flutter:generateDebugRFile', task ':file_selector_android:compileDebugLibraryResources', task ':file_selector_android:parseDebugLocalResources', task ':file_selector_android:generateDebugRFile', task ':flutter_keyboard_visibility_temp_fork:compileDebugLibraryResources', task ':flutter_keyboard_visibility_temp_fork:parseDebugLocalResources', task ':flutter_keyboard_visibility_temp_fork:generateDebugRFile', task ':flutter_native_splash:compileDebugLibraryResources', task ':flutter_native_splash:parseDebugLocalResources', task ':flutter_native_splash:generateDebugRFile', task ':flutter_olm:compileDebugLibraryResources', task ':flutter_olm:parseDebugLocalResources', task ':flutter_olm:generateDebugRFile', task ':flutter_openssl_crypto:compileDebugLibraryResources', task ':flutter_openssl_crypto:parseDebugLocalResources', task ':flutter_openssl_crypto:generateDebugRFile', task ':integration_test:compileDebugLibraryResources', task ':integration_test:parseDebugLocalResources', task ':integration_test:generateDebugRFile', task ':path_provider_android:compileDebugLibraryResources', task ':path_provider_android:parseDebugLocalResources', task ':path_provider_android:generateDebugRFile', task ':quill_native_bridge_android:compileDebugLibraryResources', task ':quill_native_bridge_android:parseDebugLocalResources', task ':quill_native_bridge_android:generateDebugRFile', task ':shared_preferences_android:compileDebugLibraryResources', task ':shared_preferences_android:parseDebugLocalResources', task ':shared_preferences_android:generateDebugRFile', task ':sqflite_android:compileDebugLibraryResources', task ':sqflite_android:parseDebugLocalResources', task ':sqflite_android:generateDebugRFile', task ':url_launcher_android:compileDebugLibraryResources', task ':url_launcher_android:parseDebugLocalResources', task ':url_launcher_android:generateDebugRFile', task ':video_player_android:compileDebugLibraryResources', task ':video_player_android:parseDebugLocalResources', task ':video_player_android:generateDebugRFile', task ':app:processDebugResources', task ':connectivity_plus:javaPreCompileDebug', task ':connectivity_plus:compileDebugJavaWithJavac', task ':connectivity_plus:bundleLibCompileToJarDebug', task ':emoji_picker_flutter:checkKotlinGradlePluginConfigurationErrors', task ':emoji_picker_flutter:compileDebugKotlin', task ':emoji_picker_flutter:javaPreCompileDebug', task ':emoji_picker_flutter:compileDebugJavaWithJavac', task ':emoji_picker_flutter:bundleLibCompileToJarDebug', task ':file_selector_android:javaPreCompileDebug', task ':file_selector_android:compileDebugJavaWithJavac', task ':file_selector_android:bundleLibCompileToJarDebug', task ':flutter_keyboard_visibility_temp_fork:javaPreCompileDebug', task ':flutter_keyboard_visibility_temp_fork:compileDebugJavaWithJavac', task ':flutter_keyboard_visibility_temp_fork:bundleLibCompileToJarDebug', task ':flutter_native_splash:javaPreCompileDebug', task ':flutter_native_splash:compileDebugJavaWithJavac', task ':flutter_native_splash:bundleLibCompileToJarDebug', task ':flutter_olm:checkKotlinGradlePluginConfigurationErrors', task ':flutter_olm:compileDebugKotlin', task ':flutter_olm:javaPreCompileDebug', task ':flutter_olm:compileDebugJavaWithJavac', task ':flutter_olm:bundleLibCompileToJarDebug', task ':flutter_openssl_crypto:checkKotlinGradlePluginConfigurationErrors', task ':flutter_openssl_crypto:compileDebugKotlin', task ':flutter_openssl_crypto:javaPreCompileDebug', task ':flutter_openssl_crypto:compileDebugJavaWithJavac', task ':flutter_openssl_crypto:bundleLibCompileToJarDebug', task ':integration_test:javaPreCompileDebug', task ':integration_test:compileDebugJavaWithJavac', task ':integration_test:bundleLibCompileToJarDebug', task ':path_provider_android:javaPreCompileDebug', task ':path_provider_android:compileDebugJavaWithJavac', task ':path_provider_android:bundleLibCompileToJarDebug', task ':quill_native_bridge_android:checkKotlinGradlePluginConfigurationErrors', task ':quill_native_bridge_android:compileDebugKotlin', task ':quill_native_bridge_android:javaPreCompileDebug', task ':quill_native_bridge_android:compileDebugJavaWithJavac', task ':quill_native_bridge_android:bundleLibCompileToJarDebug', task ':shared_preferences_android:checkKotlinGradlePluginConfigurationErrors', task ':shared_preferences_android:compileDebugKotlin', task ':shared_preferences_android:javaPreCompileDebug', task ':shared_preferences_android:compileDebugJavaWithJavac', task ':shared_preferences_android:bundleLibCompileToJarDebug', task ':sqflite_android:javaPreCompileDebug', task ':sqflite_android:compileDebugJavaWithJavac', task ':sqflite_android:bundleLibCompileToJarDebug', task ':url_launcher_android:generateDebugBuildConfig', task ':url_launcher_android:javaPreCompileDebug', task ':url_launcher_android:compileDebugJavaWithJavac', task ':url_launcher_android:bundleLibCompileToJarDebug', task ':video_player_android:checkKotlinGradlePluginConfigurationErrors', task ':video_player_android:compileDebugKotlin', task ':video_player_android:javaPreCompileDebug', task ':video_player_android:compileDebugJavaWithJavac', task ':video_player_android:bundleLibCompileToJarDebug', task ':app:compileDebugKotlin', task ':app:javaPreCompileDebug', task ':app:compileDebugJavaWithJavac', task ':app:compressDebugAssets', task ':app:processDebugJavaRes', task ':connectivity_plus:processDebugJavaRes', task ':emoji_picker_flutter:processDebugJavaRes', task ':file_selector_android:processDebugJavaRes', task ':flutter_keyboard_visibility_temp_fork:processDebugJavaRes', task ':flutter_native_splash:processDebugJavaRes', task ':flutter_olm:processDebugJavaRes', task ':flutter_openssl_crypto:processDebugJavaRes', task ':integration_test:processDebugJavaRes', task ':path_provider_android:processDebugJavaRes', task ':quill_native_bridge_android:processDebugJavaRes', task ':shared_preferences_android:processDebugJavaRes', task ':sqflite_android:processDebugJavaRes', task ':url_launcher_android:processDebugJavaRes', task ':video_player_android:processDebugJavaRes', task ':app:mergeDebugJavaResource', task ':app:checkDebugDuplicateClasses', task ':app:desugarDebugFileDependencies', task ':app:mergeExtDexDebug', task ':connectivity_plus:bundleLibRuntimeToDirDebug', task ':emoji_picker_flutter:bundleLibRuntimeToDirDebug', task ':file_selector_android:bundleLibRuntimeToDirDebug', task ':flutter_keyboard_visibility_temp_fork:bundleLibRuntimeToDirDebug', task ':flutter_native_splash:bundleLibRuntimeToDirDebug', task ':flutter_olm:bundleLibRuntimeToDirDebug', task ':flutter_openssl_crypto:bundleLibRuntimeToDirDebug', task ':integration_test:bundleLibRuntimeToDirDebug', task ':path_provider_android:bundleLibRuntimeToDirDebug', task ':quill_native_bridge_android:bundleLibRuntimeToDirDebug', task ':shared_preferences_android:bundleLibRuntimeToDirDebug', task ':sqflite_android:bundleLibRuntimeToDirDebug', task ':url_launcher_android:bundleLibRuntimeToDirDebug', task ':video_player_android:bundleLibRuntimeToDirDebug', task ':app:mergeLibDexDebug', task ':app:dexBuilderDebug', task ':app:mergeProjectDexDebug', task ':app:configureCMakeDebug[arm64-v8a]', task ':app:buildCMakeDebug[arm64-v8a]', task ':app:configureCMakeDebug[armeabi-v7a]', task ':app:buildCMakeDebug[armeabi-v7a]', task ':app:configureCMakeDebug[x86_64]', task ':app:buildCMakeDebug[x86_64]', task ':app:mergeDebugJniLibFolders', task ':connectivity_plus:mergeDebugJniLibFolders', task ':connectivity_plus:mergeDebugNativeLibs', task ':connectivity_plus:copyDebugJniLibsProjectOnly', task ':emoji_picker_flutter:mergeDebugJniLibFolders', task ':emoji_picker_flutter:mergeDebugNativeLibs', task ':emoji_picker_flutter:copyDebugJniLibsProjectOnly', task ':file_selector_android:mergeDebugJniLibFolders', task ':file_selector_android:mergeDebugNativeLibs', task ':file_selector_android:copyDebugJniLibsProjectOnly', task ':flutter_keyboard_visibility_temp_fork:mergeDebugJniLibFolders', task ':flutter_keyboard_visibility_temp_fork:mergeDebugNativeLibs', task ':flutter_keyboard_visibility_temp_fork:copyDebugJniLibsProjectOnly', task ':flutter_native_splash:mergeDebugJniLibFolders', task ':flutter_native_splash:mergeDebugNativeLibs', task ':flutter_native_splash:copyDebugJniLibsProjectOnly', task ':flutter_olm:preProfileBuild', task ':flutter_olm:configureCMakeDebug[arm64-v8a]', task ':flutter_olm:buildCMakeDebug[arm64-v8a]', task ':flutter_olm:configureCMakeDebug[armeabi-v7a]', task ':flutter_olm:buildCMakeDebug[armeabi-v7a]', task ':flutter_olm:configureCMakeDebug[x86]', task ':flutter_olm:buildCMakeDebug[x86]', task ':flutter_olm:configureCMakeDebug[x86_64]', task ':flutter_olm:buildCMakeDebug[x86_64]', task ':flutter_olm:mergeDebugJniLibFolders', task ':flutter_olm:mergeDebugNativeLibs', task ':flutter_olm:copyDebugJniLibsProjectOnly', task ':flutter_openssl_crypto:preProfileBuild', task ':flutter_openssl_crypto:configureCMakeDebug[arm64-v8a]', task ':flutter_openssl_crypto:buildCMakeDebug[arm64-v8a]', task ':flutter_openssl_crypto:configureCMakeDebug[armeabi-v7a]', task ':flutter_openssl_crypto:buildCMakeDebug[armeabi-v7a]', task ':flutter_openssl_crypto:configureCMakeDebug[x86]', task ':flutter_openssl_crypto:buildCMakeDebug[x86]', task ':flutter_openssl_crypto:configureCMakeDebug[x86_64]', task ':flutter_openssl_crypto:buildCMakeDebug[x86_64]', task ':flutter_openssl_crypto:mergeDebugJniLibFolders', task ':flutter_openssl_crypto:mergeDebugNativeLibs', task ':flutter_openssl_crypto:copyDebugJniLibsProjectOnly', task ':integration_test:mergeDebugJniLibFolders', task ':integration_test:mergeDebugNativeLibs', task ':integration_test:copyDebugJniLibsProjectOnly', task ':path_provider_android:mergeDebugJniLibFolders', task ':path_provider_android:mergeDebugNativeLibs', task ':path_provider_android:copyDebugJniLibsProjectOnly', task ':quill_native_bridge_android:mergeDebugJniLibFolders', task ':quill_native_bridge_android:mergeDebugNativeLibs', task ':quill_native_bridge_android:copyDebugJniLibsProjectOnly', task ':shared_preferences_android:mergeDebugJniLibFolders', task ':shared_preferences_android:mergeDebugNativeLibs', task ':shared_preferences_android:copyDebugJniLibsProjectOnly', task ':sqflite_android:mergeDebugJniLibFolders', task ':sqflite_android:mergeDebugNativeLibs', task ':sqflite_android:copyDebugJniLibsProjectOnly', task ':url_launcher_android:mergeDebugJniLibFolders', task ':url_launcher_android:mergeDebugNativeLibs', task ':url_launcher_android:copyDebugJniLibsProjectOnly', task ':video_player_android:mergeDebugJniLibFolders', task ':video_player_android:mergeDebugNativeLibs', task ':video_player_android:copyDebugJniLibsProjectOnly', task ':app:mergeDebugNativeLibs', task ':app:stripDebugDebugSymbols', task ':app:validateSigningDebug', task ':app:writeDebugAppMetadata', task ':app:writeDebugSigningConfigVersions', task ':app:packageDebug', task ':app:createDebugApkListingFileRedirect', task ':app:assembleDebug', task ':connectivity_plus:stripDebugDebugSymbols', task ':connectivity_plus:copyDebugJniLibsProjectAndLocalJars', task ':connectivity_plus:extractDebugAnnotations', task ':connectivity_plus:extractDeepLinksForAarDebug', task ':connectivity_plus:mergeDebugGeneratedProguardFiles', task ':connectivity_plus:mergeDebugConsumerProguardFiles', task ':connectivity_plus:prepareDebugArtProfile', task ':connectivity_plus:prepareLintJarForPublish', task ':connectivity_plus:mergeDebugJavaResource', task ':connectivity_plus:syncDebugLibJars', task ':connectivity_plus:bundleDebugAar', task ':connectivity_plus:assembleDebug', task ':emoji_picker_flutter:stripDebugDebugSymbols', task ':emoji_picker_flutter:copyDebugJniLibsProjectAndLocalJars', task ':emoji_picker_flutter:extractDebugAnnotations', task ':emoji_picker_flutter:extractDeepLinksForAarDebug', task ':emoji_picker_flutter:mergeDebugGeneratedProguardFiles', task ':emoji_picker_flutter:mergeDebugConsumerProguardFiles', task ':emoji_picker_flutter:prepareDebugArtProfile', task ':emoji_picker_flutter:prepareLintJarForPublish', task ':emoji_picker_flutter:mergeDebugJavaResource', task ':emoji_picker_flutter:syncDebugLibJars', task ':emoji_picker_flutter:bundleDebugAar', task ':emoji_picker_flutter:assembleDebug', task ':file_selector_android:stripDebugDebugSymbols', task ':file_selector_android:copyDebugJniLibsProjectAndLocalJars', task ':file_selector_android:extractDebugAnnotations', task ':file_selector_android:extractDeepLinksForAarDebug', task ':file_selector_android:mergeDebugGeneratedProguardFiles', task ':file_selector_android:mergeDebugConsumerProguardFiles', task ':file_selector_android:prepareDebugArtProfile', task ':file_selector_android:prepareLintJarForPublish', task ':file_selector_android:mergeDebugJavaResource', task ':file_selector_android:syncDebugLibJars', task ':file_selector_android:bundleDebugAar', task ':file_selector_android:assembleDebug', task ':flutter_keyboard_visibility_temp_fork:stripDebugDebugSymbols', task ':flutter_keyboard_visibility_temp_fork:copyDebugJniLibsProjectAndLocalJars', task ':flutter_keyboard_visibility_temp_fork:extractDebugAnnotations', task ':flutter_keyboard_visibility_temp_fork:extractDeepLinksForAarDebug', task ':flutter_keyboard_visibility_temp_fork:mergeDebugGeneratedProguardFiles', task ':flutter_keyboard_visibility_temp_fork:mergeDebugConsumerProguardFiles', task ':flutter_keyboard_visibility_temp_fork:prepareDebugArtProfile', task ':flutter_keyboard_visibility_temp_fork:prepareLintJarForPublish', task ':flutter_keyboard_visibility_temp_fork:mergeDebugJavaResource', task ':flutter_keyboard_visibility_temp_fork:syncDebugLibJars', task ':flutter_keyboard_visibility_temp_fork:bundleDebugAar', task ':flutter_keyboard_visibility_temp_fork:assembleDebug', task ':flutter_native_splash:stripDebugDebugSymbols', task ':flutter_native_splash:copyDebugJniLibsProjectAndLocalJars', task ':flutter_native_splash:extractDebugAnnotations', task ':flutter_native_splash:extractDeepLinksForAarDebug', task ':flutter_native_splash:mergeDebugGeneratedProguardFiles', task ':flutter_native_splash:mergeDebugConsumerProguardFiles', task ':flutter_native_splash:prepareDebugArtProfile', task ':flutter_native_splash:prepareLintJarForPublish', task ':flutter_native_splash:mergeDebugJavaResource', task ':flutter_native_splash:syncDebugLibJars', task ':flutter_native_splash:bundleDebugAar', task ':flutter_native_splash:assembleDebug', task ':flutter_olm:stripDebugDebugSymbols', task ':flutter_olm:copyDebugJniLibsProjectAndLocalJars', task ':flutter_olm:extractDebugAnnotations', task ':flutter_olm:extractDeepLinksForAarDebug', task ':flutter_olm:mergeDebugGeneratedProguardFiles', task ':flutter_olm:mergeDebugConsumerProguardFiles', task ':flutter_olm:prepareDebugArtProfile', task ':flutter_olm:prepareLintJarForPublish', task ':flutter_olm:mergeDebugJavaResource', task ':flutter_olm:syncDebugLibJars', task ':flutter_olm:bundleDebugAar', task ':flutter_olm:assembleDebug', task ':flutter_openssl_crypto:stripDebugDebugSymbols', task ':flutter_openssl_crypto:copyDebugJniLibsProjectAndLocalJars', task ':flutter_openssl_crypto:extractDebugAnnotations', task ':flutter_openssl_crypto:extractDeepLinksForAarDebug', task ':flutter_openssl_crypto:mergeDebugGeneratedProguardFiles', task ':flutter_openssl_crypto:mergeDebugConsumerProguardFiles', task ':flutter_openssl_crypto:prepareDebugArtProfile', task ':flutter_openssl_crypto:prepareLintJarForPublish', task ':flutter_openssl_crypto:mergeDebugJavaResource', task ':flutter_openssl_crypto:syncDebugLibJars', task ':flutter_openssl_crypto:bundleDebugAar', task ':flutter_openssl_crypto:assembleDebug', task ':integration_test:stripDebugDebugSymbols', task ':integration_test:copyDebugJniLibsProjectAndLocalJars', task ':integration_test:extractDebugAnnotations', task ':integration_test:extractDeepLinksForAarDebug', task ':integration_test:mergeDebugGeneratedProguardFiles', task ':integration_test:mergeDebugConsumerProguardFiles', task ':integration_test:prepareDebugArtProfile', task ':integration_test:prepareLintJarForPublish', task ':integration_test:mergeDebugJavaResource', task ':integration_test:syncDebugLibJars', task ':integration_test:bundleDebugAar', task ':integration_test:assembleDebug', task ':path_provider_android:stripDebugDebugSymbols', task ':path_provider_android:copyDebugJniLibsProjectAndLocalJars', task ':path_provider_android:extractDebugAnnotations', task ':path_provider_android:extractDeepLinksForAarDebug', task ':path_provider_android:mergeDebugGeneratedProguardFiles', task ':path_provider_android:mergeDebugConsumerProguardFiles', task ':path_provider_android:prepareDebugArtProfile', task ':path_provider_android:prepareLintJarForPublish', task ':path_provider_android:mergeDebugJavaResource', task ':path_provider_android:syncDebugLibJars', task ':path_provider_android:bundleDebugAar', task ':path_provider_android:assembleDebug', task ':quill_native_bridge_android:stripDebugDebugSymbols', task ':quill_native_bridge_android:copyDebugJniLibsProjectAndLocalJars', task ':quill_native_bridge_android:extractDebugAnnotations', task ':quill_native_bridge_android:extractDeepLinksForAarDebug', task ':quill_native_bridge_android:mergeDebugGeneratedProguardFiles', task ':quill_native_bridge_android:mergeDebugConsumerProguardFiles', task ':quill_native_bridge_android:prepareDebugArtProfile', task ':quill_native_bridge_android:prepareLintJarForPublish', task ':quill_native_bridge_android:mergeDebugJavaResource', task ':quill_native_bridge_android:syncDebugLibJars', task ':quill_native_bridge_android:bundleDebugAar', task ':quill_native_bridge_android:assembleDebug', task ':shared_preferences_android:stripDebugDebugSymbols', task ':shared_preferences_android:copyDebugJniLibsProjectAndLocalJars', task ':shared_preferences_android:extractDebugAnnotations', task ':shared_preferences_android:extractDeepLinksForAarDebug', task ':shared_preferences_android:mergeDebugGeneratedProguardFiles', task ':shared_preferences_android:mergeDebugConsumerProguardFiles', task ':shared_preferences_android:prepareDebugArtProfile', task ':shared_preferences_android:prepareLintJarForPublish', task ':shared_preferences_android:mergeDebugJavaResource', task ':shared_preferences_android:syncDebugLibJars', task ':shared_preferences_android:bundleDebugAar', task ':shared_preferences_android:assembleDebug', task ':sqflite_android:stripDebugDebugSymbols', task ':sqflite_android:copyDebugJniLibsProjectAndLocalJars', task ':sqflite_android:extractDebugAnnotations', task ':sqflite_android:extractDeepLinksForAarDebug', task ':sqflite_android:mergeDebugGeneratedProguardFiles', task ':sqflite_android:mergeDebugConsumerProguardFiles', task ':sqflite_android:prepareDebugArtProfile', task ':sqflite_android:prepareLintJarForPublish', task ':sqflite_android:mergeDebugJavaResource', task ':sqflite_android:syncDebugLibJars', task ':sqflite_android:bundleDebugAar', task ':sqflite_android:assembleDebug', task ':url_launcher_android:stripDebugDebugSymbols', task ':url_launcher_android:copyDebugJniLibsProjectAndLocalJars', task ':url_launcher_android:extractDebugAnnotations', task ':url_launcher_android:extractDeepLinksForAarDebug', task ':url_launcher_android:mergeDebugGeneratedProguardFiles', task ':url_launcher_android:mergeDebugConsumerProguardFiles', task ':url_launcher_android:prepareDebugArtProfile', task ':url_launcher_android:prepareLintJarForPublish', task ':url_launcher_android:mergeDebugJavaResource', task ':url_launcher_android:syncDebugLibJars', task ':url_launcher_android:bundleDebugAar', task ':url_launcher_android:assembleDebug', task ':video_player_android:stripDebugDebugSymbols', task ':video_player_android:copyDebugJniLibsProjectAndLocalJars', task ':video_player_android:extractDebugAnnotations', task ':video_player_android:extractDeepLinksForAarDebug', task ':video_player_android:mergeDebugGeneratedProguardFiles', task ':video_player_android:mergeDebugConsumerProguardFiles', task ':video_player_android:prepareDebugArtProfile', task ':video_player_android:prepareLintJarForPublish', task ':video_player_android:mergeDebugJavaResource', task ':video_player_android:syncDebugLibJars', task ':video_player_android:bundleDebugAar', task ':video_player_android:assembleDebug']
[        ] Tasks that were excluded: []
[        ] work action Parameters of ClassesDirToClassesTransform (Thread[#39369,Execution worker Thread 25,5,main]) started.
[        ] work action Parameters of DexingNoClasspathTransform (Thread[#39359,Execution worker Thread 15,5,main]) started.
[        ] Resolve mutations for :app:preBuild (Thread[#39359,Execution worker Thread 15,5,main]) started.
[        ] :app:preBuild (Thread[#39359,Execution worker Thread 15,5,main]) started.
[        ] > Task :app:preBuild UP-TO-DATE
[        ] Skipping task ':app:preBuild' as it has no actions.
[        ] Resolve mutations for :app:preDebugBuild (Thread[#39359,Execution worker Thread 15,5,main]) started.
[        ] :app:preDebugBuild (Thread[#39359,Execution worker Thread 15,5,main]) started.
[        ] > Task :app:preDebugBuild UP-TO-DATE
[        ] Skipping task ':app:preDebugBuild' as it has no actions.
[        ] Resolve mutations for :app:mergeDebugNativeDebugMetadata (Thread[#39359,Execution worker Thread 15,5,main]) started.
[        ] :app:mergeDebugNativeDebugMetadata (Thread[#39359,Execution worker Thread 15,5,main]) started.
[        ] > Task :app:mergeDebugNativeDebugMetadata NO-SOURCE
[        ] Skipping task ':app:mergeDebugNativeDebugMetadata' as it has no source files and no previous output files.
[        ] Resolve mutations for :app:checkKotlinGradlePluginConfigurationErrors (Thread[#39359,Execution worker Thread 15,5,main]) started.
[        ] :app:checkKotlinGradlePluginConfigurationErrors (Thread[#39359,Execution worker Thread 15,5,main]) started.
[        ] > Task :app:checkKotlinGradlePluginConfigurationErrors SKIPPED
[        ] Skipping task ':app:checkKotlinGradlePluginConfigurationErrors' as task onlyIf 'errorDiagnostics are present' is false.
[        ] Resolve mutations for :app:compileFlutterBuildDebug (Thread[#39359,Execution worker Thread 15,5,main]) started.
[        ] :app:compileFlutterBuildDebug (Thread[#39359,Execution worker Thread 15,5,main]) started.
06:11 +2 -16: loading /Users/florian/Code/substitution/integration_test/room_feed_test.dart                                                                                                            06:12 +2 -16: loading /Users/florian/Code/substitution/integration_test/room_feed_test.dart                                                                                                            [+1993 ms] > Task :app:compileFlutterBuildDebug
[        ] Caching disabled for task ':app:compileFlutterBuildDebug' because:
[        ]   Build cache is disabled
[        ]   Caching has not been enabled for the task
[        ] Task ':app:compileFlutterBuildDebug' is not up-to-date because:
[        ]   Value of input property 'targetPath' has changed for task ':app:compileFlutterBuildDebug'
[        ] Starting process 'command '/opt/homebrew/share/flutter/bin/flutter''. Working directory: /Users/florian/Code/substitution Command: /opt/homebrew/share/flutter/bin/flutter --verbose assemble --no-version-check --depfile /Users/florian/Code/substitution/build/app/intermediates/flutter/debug/flutter_build.d --output /Users/florian/Code/substitution/build/app/intermediates/flutter/debug -dTargetFile=/var/folders/l_/w8pnbb9d38n57pzg9j98fmy80000gn/T/flutter_tools.wuOse9/flutter_test_listener.5Q3mvD/listener.dart -dTargetPlatform=android -dBuildMode=debug -dTrackWidgetCreation=true --DartDefines=TUFUUklYX1NFUlZFUj1odHRwOi8vbG9jYWxob3N0OjgwMDg=,TUFUUklYX1RFU1RfVVNFUj0=,TUFUUklYX1RFU1RfUEFTU1dPUkQ9,RkxVVFRFUl9WRVJTSU9OPTMuMzguOQ==,RkxVVFRFUl9DSEFOTkVMPXN0YWJsZQ==,RkxVVFRFUl9HSVRfVVJMPWh0dHBzOi8vZ2l0aHViLmNvbS9mbHV0dGVyL2ZsdXR0ZXIuZ2l0,RkxVVFRFUl9GUkFNRVdPUktfUkVWSVNJT049NjczMjNkZTI4NQ==,RkxVVFRFUl9FTkdJTkVfUkVWSVNJT049NTg3YzE4Zjg3Mw==,RkxVVFRFUl9EQVJUX1ZFUlNJT049My4xMC44,SU5URUdSQVRJT05fVEVTVF9TSE9VTERfUkVQT1JUX1JFU1VMVFNfVE9fTkFUSVZFPWZhbHNl -dFlavor= -dAndroidArchs=android-arm64 -dMinSdkVersion=24 debug_android_application
[        ] Successfully started process 'command '/opt/homebrew/share/flutter/bin/flutter''
[        ] [  +20 ms] executing: sysctl hw.optional.arm64
[        ] [   +4 ms] Exit code 0 from: sysctl hw.optional.arm64
[        ] [        ] hw.optional.arm64: 1
[        ] [   +4 ms] Artifact Instance of 'MaterialFonts' is not required, skipping update.
[        ] [        ] Artifact Instance of 'GradleWrapper' is not required, skipping update.
[        ] [        ] Artifact Instance of 'AndroidGenSnapshotArtifacts' is not required, skipping update.
[        ] [        ] Artifact Instance of 'AndroidInternalBuildArtifacts' is not required, skipping update.
[        ] [        ] Artifact Instance of 'IOSEngineArtifacts' is not required, skipping update.
[        ] [        ] Artifact Instance of 'FlutterWebSdk' is not required, skipping update.
[        ] [        ] Artifact Instance of 'LegacyCanvasKitRemover' is not required, skipping update.
[        ] [        ] Artifact Instance of 'FlutterSdk' is not required, skipping update.
[        ] [        ] Artifact Instance of 'WindowsEngineArtifacts' is not required, skipping update.
[        ] [        ] Artifact Instance of 'MacOSEngineArtifacts' is not required, skipping update.
[        ] [        ] Artifact Instance of 'LinuxEngineArtifacts' is not required, skipping update.
[        ] [        ] Artifact Instance of 'LinuxFuchsiaSDKArtifacts' is not required, skipping update.
[        ] [        ] Artifact Instance of 'MacOSFuchsiaSDKArtifacts' is not required, skipping update.
[        ] [        ] Artifact Instance of 'FlutterRunnerSDKArtifacts' is not required, skipping update.
[        ] [        ] Artifact Instance of 'FlutterRunnerDebugSymbols' is not required, skipping update.
[        ] [        ] Artifact Instance of 'IosUsbArtifacts' is not required, skipping update.
[        ] [        ] Artifact Instance of 'IosUsbArtifacts' is not required, skipping update.
[        ] [        ] Artifact Instance of 'IosUsbArtifacts' is not required, skipping update.
[        ] [        ] Artifact Instance of 'IosUsbArtifacts' is not required, skipping update.
[        ] [        ] Artifact Instance of 'IosUsbArtifacts' is not required, skipping update.
[        ] [        ] Artifact Instance of 'IosUsbArtifacts' is not required, skipping update.
[        ] [        ] Artifact Instance of 'FontSubsetArtifacts' is not required, skipping update.
[        ] [        ] Artifact Instance of 'PubDependencies' is not required, skipping update.
[        ] [   +3 ms] Artifact Instance of 'AndroidGenSnapshotArtifacts' is not required, skipping update.
[        ] [        ] Artifact Instance of 'AndroidInternalBuildArtifacts' is not required, skipping update.
[        ] [        ] Artifact Instance of 'IOSEngineArtifacts' is not required, skipping update.
[        ] [        ] Artifact Instance of 'FlutterWebSdk' is not required, skipping update.
[        ] [        ] Artifact Instance of 'FlutterEngineStamp' is not required, skipping update.
[        ] [        ] Artifact Instance of 'LegacyCanvasKitRemover' is not required, skipping update.
[        ] [        ] Artifact Instance of 'WindowsEngineArtifacts' is not required, skipping update.
[        ] [        ] Artifact Instance of 'MacOSEngineArtifacts' is not required, skipping update.
[        ] [        ] Artifact Instance of 'LinuxEngineArtifacts' is not required, skipping update.
[        ] [        ] Artifact Instance of 'LinuxFuchsiaSDKArtifacts' is not required, skipping update.
[        ] [        ] Artifact Instance of 'MacOSFuchsiaSDKArtifacts' is not required, skipping update.
[        ] [        ] Artifact Instance of 'FlutterRunnerSDKArtifacts' is not required, skipping update.
[        ] [        ] Artifact Instance of 'FlutterRunnerDebugSymbols' is not required, skipping update.
[        ] [  +23 ms] Artifact Instance of 'MaterialFonts' is not required, skipping update.
[        ] [        ] Artifact Instance of 'GradleWrapper' is not required, skipping update.
[        ] [        ] Artifact Instance of 'AndroidInternalBuildArtifacts' is not required, skipping update.
[        ] [        ] Artifact Instance of 'IOSEngineArtifacts' is not required, skipping update.
[        ] [        ] Artifact Instance of 'FlutterWebSdk' is not required, skipping update.
[        ] [        ] Artifact Instance of 'FlutterEngineStamp' is not required, skipping update.
[        ] [        ] Artifact Instance of 'LegacyCanvasKitRemover' is not required, skipping update.
[        ] [        ] Artifact Instance of 'FlutterSdk' is not required, skipping update.
[        ] [        ] Artifact Instance of 'WindowsEngineArtifacts' is not required, skipping update.
[        ] [        ] Artifact Instance of 'MacOSEngineArtifacts' is not required, skipping update.
[        ] [        ] Artifact Instance of 'LinuxEngineArtifacts' is not required, skipping update.
[        ] [        ] Artifact Instance of 'LinuxFuchsiaSDKArtifacts' is not required, skipping update.
[        ] [        ] Artifact Instance of 'MacOSFuchsiaSDKArtifacts' is not required, skipping update.
[        ] [        ] Artifact Instance of 'FlutterRunnerSDKArtifacts' is not required, skipping update.
[        ] [        ] Artifact Instance of 'FlutterRunnerDebugSymbols' is not required, skipping update.
[        ] [        ] Artifact Instance of 'IosUsbArtifacts' is not required, skipping update.
[        ] [        ] Artifact Instance of 'IosUsbArtifacts' is not required, skipping update.
[        ] [        ] Artifact Instance of 'IosUsbArtifacts' is not required, skipping update.
[        ] [        ] Artifact Instance of 'IosUsbArtifacts' is not required, skipping update.
[        ] [        ] Artifact Instance of 'IosUsbArtifacts' is not required, skipping update.
[        ] [        ] Artifact Instance of 'IosUsbArtifacts' is not required, skipping update.
[        ] [        ] Artifact Instance of 'FontSubsetArtifacts' is not required, skipping update.
[        ] [        ] Artifact Instance of 'PubDependencies' is not required, skipping update.
[        ] [  +21 ms] Initializing file store
[        ] [  +11 ms] dart_build: Starting due to {}
[        ] [        ] Skipping target: gen_localizations
[        ] [        ] gen_dart_plugin_registrant: Starting due to {InvalidatedReasonKind.outputSetAddition: The following outputs were added to the output set: /Users/florian/Code/substitution/.dart_tool/flutter_build/dart_plugin_registrant.dart, InvalidatedReasonKind.inputChanged: The following inputs have updated contents: /Users/florian/Code/substitution/.dart_tool/package_config.json}
[        ] [  +51 ms] Found plugin integration_test at /opt/homebrew/share/flutter/packages/integration_test/
[        ] [  +18 ms] Found plugin flutter_native_splash at /Users/florian/.pub-cache/hosted/pub.dev/flutter_native_splash-2.4.7/
[        ] [  +12 ms] Building native assets for android_arm64.
[        ] [  +24 ms] Found plugin connectivity_plus at /Users/florian/.pub-cache/hosted/pub.dev/connectivity_plus-5.0.2/
[        ] [   +5 ms] input.json contents:
[        ]            {
[        ]              "assets": {},
[        ]              "config": {
[        ]                "build_asset_types": [
[        ]                  "code_assets/code"
[        ]                ],
[        ]                "extensions": {
[        ]                  "code_assets": {
[        ]                    "android": {
[        ]                      "target_ndk_api": 24
[        ]                    },
[        ]                    "c_compiler": {
[        ]                      "ar": "/Users/florian/Library/Android/sdk/ndk/28.2.13676358/toolchains/llvm/prebuilt/darwin-x86_64/bin/llvm-ar",
[        ]                      "cc": "/Users/florian/Library/Android/sdk/ndk/28.2.13676358/toolchains/llvm/prebuilt/darwin-x86_64/bin/clang",
[        ]                      "ld": "/Users/florian/Library/Android/sdk/ndk/28.2.13676358/toolchains/llvm/prebuilt/darwin-x86_64/bin/ld.lld"
[        ]                    },
[        ]                    "link_mode_preference": "dynamic",
[        ]                    "target_architecture": "arm64",
[        ]                    "target_os": "android"
[        ]                  }
[        ]                },
[        ]                "linking_enabled": false
[        ]              },
[        ]              "out_dir_shared": "/Users/florian/Code/substitution/.dart_tool/hooks_runner/shared/objective_c/build/",
[        ]              "out_file": "/Users/florian/Code/substitution/.dart_tool/hooks_runner/objective_c/842b8c761140c2c0e73191c57a372e73/output.json",
[        ]              "package_name": "objective_c",
[        ]              "package_root": "/Users/florian/.pub-cache/hosted/pub.dev/objective_c-9.2.5/",
[        ]              "user_defines": {}
[        ]            }
[        ] [   +2 ms] output.json contents:
[        ]            {
[        ]              "assets_for_linking": {},
[        ]              "status": "success",
[        ]              "timestamp": "2026-02-16 21:57:23.000"
[        ]            }
[        ] [   +1 ms] Skipping build for objective_c in /Users/florian/Code/substitution/.dart_tool/hooks_runner/objective_c/842b8c761140c2c0e73191c57a372e73/. Last build on 2026-02-16 21:57:23.000.
[        ] [   +2 ms] Building native assets for android_arm64 done.
[        ] [   +1 ms] dart_build: Complete
[        ] [   +1 ms] install_code_assets: Starting due to {}
[        ] [   +1 ms] Writing native assets json to file:///Users/florian/Code/substitution/.dart_tool/flutter_build/1e26506c39cf72721e62df60f5fb28f3/native_assets.json.
[        ] [   +1 ms] Writing /Users/florian/Code/substitution/.dart_tool/flutter_build/1e26506c39cf72721e62df60f5fb28f3/native_assets.json done.
[        ] [        ] install_code_assets: Complete
[        ] [   +1 ms] Found plugin video_player at /Users/florian/.pub-cache/hosted/pub.dev/video_player-2.10.1/
[        ] [        ] Found plugin video_player_web at /Users/florian/.pub-cache/hosted/pub.dev/video_player_web-2.4.0/
[        ] [   +1 ms] Found plugin video_player_avfoundation at /Users/florian/.pub-cache/hosted/pub.dev/video_player_avfoundation-2.9.1/
[        ] [        ] Found plugin video_player_android at /Users/florian/.pub-cache/hosted/pub.dev/video_player_android-2.9.1/
[        ] [        ] Found plugin url_launcher at /Users/florian/.pub-cache/hosted/pub.dev/url_launcher-6.3.2/
[        ] [        ] Found plugin url_launcher_windows at /Users/florian/.pub-cache/hosted/pub.dev/url_launcher_windows-3.1.5/
[        ] [        ] Found plugin url_launcher_web at /Users/florian/.pub-cache/hosted/pub.dev/url_launcher_web-2.4.2/
[        ] [        ] Found plugin url_launcher_macos at /Users/florian/.pub-cache/hosted/pub.dev/url_launcher_macos-3.2.5/
[        ] [        ] Found plugin url_launcher_linux at /Users/florian/.pub-cache/hosted/pub.dev/url_launcher_linux-3.2.2/
[        ] [        ] Found plugin url_launcher_ios at /Users/florian/.pub-cache/hosted/pub.dev/url_launcher_ios-6.3.6/
[        ] [        ] Found plugin url_launcher_android at /Users/florian/.pub-cache/hosted/pub.dev/url_launcher_android-6.3.28/
[        ] [   +2 ms] Found plugin sqflite at /Users/florian/.pub-cache/hosted/pub.dev/sqflite-2.4.2/
[        ] [        ] Found plugin sqflite_darwin at /Users/florian/.pub-cache/hosted/pub.dev/sqflite_darwin-2.4.2/
[        ] [        ] Found plugin sqflite_android at /Users/florian/.pub-cache/hosted/pub.dev/sqflite_android-2.4.2+2/
[        ] [        ] Found plugin path_provider at /Users/florian/.pub-cache/hosted/pub.dev/path_provider-2.1.5/
[        ] [        ] Found plugin path_provider_windows at /Users/florian/.pub-cache/hosted/pub.dev/path_provider_windows-2.3.0/
[        ] [        ] Found plugin path_provider_linux at /Users/florian/.pub-cache/hosted/pub.dev/path_provider_linux-2.2.1/
[        ] [        ] Found plugin path_provider_foundation at /Users/florian/.pub-cache/hosted/pub.dev/path_provider_foundation-2.6.0/
[        ] [   +2 ms] Found plugin path_provider_android at /Users/florian/.pub-cache/hosted/pub.dev/path_provider_android-2.2.22/
[        ] [  +17 ms] Found plugin flutter_keyboard_visibility_temp_fork at /Users/florian/.pub-cache/hosted/pub.dev/flutter_keyboard_visibility_temp_fork-0.1.5/
[        ] [        ] Found plugin flutter_keyboard_visibility_windows at /Users/florian/.pub-cache/hosted/pub.dev/flutter_keyboard_visibility_windows-1.0.0/
[        ] [   +1 ms] Found plugin flutter_keyboard_visibility_macos at /Users/florian/.pub-cache/hosted/pub.dev/flutter_keyboard_visibility_macos-1.0.0/
[        ] [        ] Found plugin flutter_keyboard_visibility_linux at /Users/florian/.pub-cache/hosted/pub.dev/flutter_keyboard_visibility_linux-1.0.0/
[        ] [   +9 ms] Found plugin quill_native_bridge at /Users/florian/.pub-cache/hosted/pub.dev/quill_native_bridge-11.1.0/
[        ] [        ] Found plugin quill_native_bridge_windows at /Users/florian/.pub-cache/hosted/pub.dev/quill_native_bridge_windows-0.0.2/
[        ] [  +13 ms] Found plugin file_selector_windows at /Users/florian/.pub-cache/hosted/pub.dev/file_selector_windows-0.9.3+5/
[        ] [   +2 ms] Found plugin quill_native_bridge_web at /Users/florian/.pub-cache/hosted/pub.dev/quill_native_bridge_web-0.0.2/
[        ] [        ] Found plugin quill_native_bridge_macos at /Users/florian/.pub-cache/hosted/pub.dev/quill_native_bridge_macos-0.0.1/
[        ] [        ] Found plugin quill_native_bridge_ios at /Users/florian/.pub-cache/hosted/pub.dev/quill_native_bridge_ios-0.0.1/
[        ] [        ] Found plugin quill_native_bridge_android at /Users/florian/.pub-cache/hosted/pub.dev/quill_native_bridge_android-0.0.1+2/
[        ] [   +3 ms] Found plugin flutter_openssl_crypto at /Users/florian/.pub-cache/hosted/pub.dev/flutter_openssl_crypto-0.5.0/
[        ] [        ] Found plugin flutter_olm at /Users/florian/.pub-cache/hosted/pub.dev/flutter_olm-2.0.0/
[        ] [   +2 ms] Found plugin file_selector at /Users/florian/.pub-cache/hosted/pub.dev/file_selector-1.1.0/
[        ] [        ] Found plugin file_selector_web at /Users/florian/.pub-cache/hosted/pub.dev/file_selector_web-0.9.4+2/
[        ] [        ] Found plugin file_selector_macos at /Users/florian/.pub-cache/hosted/pub.dev/file_selector_macos-0.9.5/
[        ] [        ] Found plugin file_selector_linux at /Users/florian/.pub-cache/hosted/pub.dev/file_selector_linux-0.9.4/
[        ] [        ] Found plugin file_selector_ios at /Users/florian/.pub-cache/hosted/pub.dev/file_selector_ios-0.5.3+5/
[        ] [        ] Found plugin file_selector_android at /Users/florian/.pub-cache/hosted/pub.dev/file_selector_android-0.5.2+4/
[        ] [        ] Found plugin emoji_picker_flutter at /Users/florian/.pub-cache/hosted/pub.dev/emoji_picker_flutter-4.4.0/
[        ] [   +1 ms] Found plugin shared_preferences at /Users/florian/.pub-cache/hosted/pub.dev/shared_preferences-2.5.4/
[        ] [        ] Found plugin shared_preferences_windows at /Users/florian/.pub-cache/hosted/pub.dev/shared_preferences_windows-2.4.1/
[        ] [   +2 ms] Found plugin shared_preferences_web at /Users/florian/.pub-cache/hosted/pub.dev/shared_preferences_web-2.4.3/
[        ] [        ] Found plugin shared_preferences_linux at /Users/florian/.pub-cache/hosted/pub.dev/shared_preferences_linux-2.4.1/
[        ] [        ] Found plugin shared_preferences_foundation at /Users/florian/.pub-cache/hosted/pub.dev/shared_preferences_foundation-2.5.6/
[        ] [        ] Found plugin shared_preferences_android at /Users/florian/.pub-cache/hosted/pub.dev/shared_preferences_android-2.4.20/
[        ] [  +17 ms] Skipping generating dart_plugin_registrant.dart because it is up-to-date.
[        ] [        ] gen_dart_plugin_registrant: Complete
[        ] [   +2 ms] kernel_snapshot_program: Starting due to {}
[        ] [   +6 ms] /opt/homebrew/share/flutter/bin/cache/dart-sdk/bin/dartaotruntime /opt/homebrew/share/flutter/bin/cache/dart-sdk/bin/snapshots/frontend_server_aot.dart.snapshot --sdk-root /opt/homebrew/share/flutter/bin/cache/artifacts/engine/common/flutter_patched_sdk/ --target=flutter --no-print-incremental-dependencies -DMATRIX_SERVER=http://localhost:8008 -DMATRIX_TEST_USER= -DMATRIX_TEST_PASSWORD= -DFLUTTER_VERSION=3.38.9 -DFLUTTER_CHANNEL=stable -DFLUTTER_GIT_URL=https://github.com/flutter/flutter.git -DFLUTTER_FRAMEWORK_REVISION=67323de285 -DFLUTTER_ENGINE_REVISION=587c18f873 -DFLUTTER_DART_VERSION=3.10.8 -DINTEGRATION_TEST_SHOULD_REPORT_RESULTS_TO_NATIVE=false -DFLUTTER_APP_FLAVOR= -Ddart.vm.profile=false -Ddart.vm.product=false --enable-asserts --track-widget-creation --no-link-platform --packages /Users/florian/Code/substitution/.dart_tool/package_config.json --output-dill /Users/florian/Code/substitution/.dart_tool/flutter_build/1e26506c39cf72721e62df60f5fb28f3/app.dill --depfile /Users/florian/Code/substitution/.dart_tool/flutter_build/1e26506c39cf72721e62df60f5fb28f3/kernel_snapshot_program.d --incremental --initialize-from-dill /Users/florian/Code/substitution/.dart_tool/flutter_build/1e26506c39cf72721e62df60f5fb28f3/app.dill --source file:///Users/florian/Code/substitution/.dart_tool/flutter_build/dart_plugin_registrant.dart --source package:flutter/src/dart_plugin_registrant.dart -Dflutter.dart_plugin_registrant=file:///Users/florian/Code/substitution/.dart_tool/flutter_build/dart_plugin_registrant.dart --verbosity=error file:///var/folders/l_/w8pnbb9d38n57pzg9j98fmy80000gn/T/flutter_tools.wuOse9/flutter_test_listener.5Q3mvD/listener.dart
06:13 +2 -16: loading /Users/florian/Code/substitution/integration_test/room_feed_test.dart                                                                                                            06:14 +2 -16: loading /Users/florian/Code/substitution/integration_test/room_feed_test.dart                                                                                                            06:15 +2 -16: loading /Users/florian/Code/substitution/integration_test/room_feed_test.dart                                                                                                            [+2806 ms] [+4303 ms] kernel_snapshot_program: Complete
06:16 +2 -16: loading /Users/florian/Code/substitution/integration_test/room_feed_test.dart                                                                                                            [ +697 ms] [ +702 ms] debug_android_application: Starting due to {}
[  +96 ms] [  +96 ms] Manifest contained wildcard assets. Inserting missing file into build graph to force rerun. for more information see #56466.
[        ] [   +2 ms] shaderc command: [/opt/homebrew/share/flutter/bin/cache/artifacts/engine/darwin-x64/impellerc, --sksl, --runtime-stage-gles, --runtime-stage-gles3, --runtime-stage-vulkan, --iplr, --sl=/Users/florian/Code/substitution/build/app/intermediates/flutter/debug/flutter_assets/shaders/ink_sparkle.frag, --spirv=/Users/florian/Code/substitution/build/app/intermediates/flutter/debug/flutter_assets/shaders/ink_sparkle.frag.spirv, --input=/opt/homebrew/share/flutter/packages/flutter/lib/src/material/shaders/ink_sparkle.frag, --input-type=frag, --include=/opt/homebrew/share/flutter/packages/flutter/lib/src/material/shaders, --include=/opt/homebrew/share/flutter/bin/cache/artifacts/engine/darwin-x64/shader_lib]
[        ] [        ] shaderc command: [/opt/homebrew/share/flutter/bin/cache/artifacts/engine/darwin-x64/impellerc, --sksl, --runtime-stage-gles, --runtime-stage-gles3, --runtime-stage-vulkan, --iplr, --sl=/Users/florian/Code/substitution/build/app/intermediates/flutter/debug/flutter_assets/shaders/stretch_effect.frag, --spirv=/Users/florian/Code/substitution/build/app/intermediates/flutter/debug/flutter_assets/shaders/stretch_effect.frag.spirv, --input=/opt/homebrew/share/flutter/packages/flutter/lib/src/material/shaders/stretch_effect.frag, --input-type=frag, --include=/opt/homebrew/share/flutter/packages/flutter/lib/src/material/shaders, --include=/opt/homebrew/share/flutter/bin/cache/artifacts/engine/darwin-x64/shader_lib]
[ +296 ms] [ +317 ms] debug_android_application: Complete
06:17 +2 -16: loading /Users/florian/Code/substitution/integration_test/room_feed_test.dart                                                                                                            [ +705 ms] [ +662 ms] Persisting file store
[        ] [   +4 ms] Done persisting file store
[        ] [   +9 ms] build succeeded.
[        ] [   +2 ms] "flutter assemble" took 6.401ms.
[        ] [   +2 ms] executing: sw_vers -productName
[        ] [   +9 ms] Exit code 0 from: sw_vers -productName
[        ] [        ] macOS
[        ] [        ] executing: sw_vers -productVersion
[        ] [   +8 ms] Exit code 0 from: sw_vers -productVersion
[        ] [        ] 26.1
[        ] [        ] executing: sw_vers -buildVersion
[        ] [   +7 ms] Exit code 0 from: sw_vers -buildVersion
[        ] [        ] 25B78
[        ] [        ] executing: uname -m
[        ] [   +2 ms] Exit code 0 from: uname -m
[        ] [        ] arm64
[  +93 ms] [  +20 ms] Running 1 shutdown hook
[        ] [        ] Shutdown hooks complete
[        ] [  +55 ms] exiting with code 0
[ +103 ms] Resolve mutations for :app:packJniLibsflutterBuildDebug (Thread[#39359,Execution worker Thread 15,5,main]) started.
[        ] :app:packJniLibsflutterBuildDebug (Thread[#39359,Execution worker Thread 15,5,main]) started.
[        ] > Task :app:packJniLibsflutterBuildDebug UP-TO-DATE
[        ] Caching disabled for task ':app:packJniLibsflutterBuildDebug' because:
[        ]   Build cache is disabled
[        ]   Not worth caching
[        ] Skipping task ':app:packJniLibsflutterBuildDebug' as it is up-to-date.
[        ] Resolve mutations for :connectivity_plus:preBuild (Thread[#39359,Execution worker Thread 15,5,main]) started.
[        ] :connectivity_plus:preBuild (Thread[#39359,Execution worker Thread 15,5,main]) started.
[        ] > Task :connectivity_plus:preBuild UP-TO-DATE
[        ] Skipping task ':connectivity_plus:preBuild' as it has no actions.
[        ] Resolve mutations for :connectivity_plus:preDebugBuild (Thread[#39359,Execution worker Thread 15,5,main]) started.
[        ] :connectivity_plus:preDebugBuild (Thread[#39359,Execution worker Thread 15,5,main]) started.
[        ] > Task :connectivity_plus:preDebugBuild UP-TO-DATE
[        ] Skipping task ':connectivity_plus:preDebugBuild' as it has no actions.
[        ] Resolve mutations for :connectivity_plus:writeDebugAarMetadata (Thread[#39359,Execution worker Thread 15,5,main]) started.
[        ] :connectivity_plus:writeDebugAarMetadata (Thread[#39365,Execution worker Thread 21,5,main]) started.
[        ] > Task :connectivity_plus:writeDebugAarMetadata UP-TO-DATE
[        ] Caching disabled for task ':connectivity_plus:writeDebugAarMetadata' because:
[        ]   Build cache is disabled
[        ]   Caching has been disabled for the task
[        ] Skipping task ':connectivity_plus:writeDebugAarMetadata' as it is up-to-date.
[        ] work action resolve aar-metadata.properties (project :connectivity_plus) (Thread[#39365,Execution worker Thread 21,5,main]) started.
[        ] Resolve mutations for :emoji_picker_flutter:preBuild (Thread[#39365,Execution worker Thread 21,5,main]) started.
[        ] :emoji_picker_flutter:preBuild (Thread[#39365,Execution worker Thread 21,5,main]) started.
[        ] > Task :emoji_picker_flutter:preBuild UP-TO-DATE
[        ] Skipping task ':emoji_picker_flutter:preBuild' as it has no actions.
[        ] Resolve mutations for :emoji_picker_flutter:preDebugBuild (Thread[#39365,Execution worker Thread 21,5,main]) started.
[        ] :emoji_picker_flutter:preDebugBuild (Thread[#39365,Execution worker Thread 21,5,main]) started.
[        ] > Task :emoji_picker_flutter:preDebugBuild UP-TO-DATE
[        ] Skipping task ':emoji_picker_flutter:preDebugBuild' as it has no actions.
[        ] Resolve mutations for :emoji_picker_flutter:writeDebugAarMetadata (Thread[#39365,Execution worker Thread 21,5,main]) started.
[        ] :emoji_picker_flutter:writeDebugAarMetadata (Thread[#39365,Execution worker Thread 21,5,main]) started.
[        ] > Task :emoji_picker_flutter:writeDebugAarMetadata UP-TO-DATE
[        ] Caching disabled for task ':emoji_picker_flutter:writeDebugAarMetadata' because:
[        ]   Build cache is disabled
[        ]   Caching has been disabled for the task
[        ] Skipping task ':emoji_picker_flutter:writeDebugAarMetadata' as it is up-to-date.
[        ] work action resolve aar-metadata.properties (project :emoji_picker_flutter) (Thread[#39365,Execution worker Thread 21,5,main]) started.
[        ] Resolve mutations for :file_selector_android:preBuild (Thread[#39365,Execution worker Thread 21,5,main]) started.
[        ] :file_selector_android:preBuild (Thread[#39365,Execution worker Thread 21,5,main]) started.
[        ] > Task :file_selector_android:preBuild UP-TO-DATE
[        ] Skipping task ':file_selector_android:preBuild' as it has no actions.
[        ] Resolve mutations for :file_selector_android:preDebugBuild (Thread[#39365,Execution worker Thread 21,5,main]) started.
[        ] :file_selector_android:preDebugBuild (Thread[#39365,Execution worker Thread 21,5,main]) started.
[        ] > Task :file_selector_android:preDebugBuild UP-TO-DATE
[        ] Skipping task ':file_selector_android:preDebugBuild' as it has no actions.
[        ] Resolve mutations for :file_selector_android:writeDebugAarMetadata (Thread[#39365,Execution worker Thread 21,5,main]) started.
[        ] :file_selector_android:writeDebugAarMetadata (Thread[#39365,Execution worker Thread 21,5,main]) started.
[        ] > Task :file_selector_android:writeDebugAarMetadata UP-TO-DATE
[        ] Caching disabled for task ':file_selector_android:writeDebugAarMetadata' because:
[        ]   Build cache is disabled
[        ]   Caching has been disabled for the task
[        ] Skipping task ':file_selector_android:writeDebugAarMetadata' as it is up-to-date.
[        ] work action resolve aar-metadata.properties (project :file_selector_android) (Thread[#39365,Execution worker Thread 21,5,main]) started.
[        ] Resolve mutations for :flutter_keyboard_visibility_temp_fork:preBuild (Thread[#39365,Execution worker Thread 21,5,main]) started.
[        ] :flutter_keyboard_visibility_temp_fork:preBuild (Thread[#39365,Execution worker Thread 21,5,main]) started.
[        ] > Task :flutter_keyboard_visibility_temp_fork:preBuild UP-TO-DATE
[        ] Skipping task ':flutter_keyboard_visibility_temp_fork:preBuild' as it has no actions.
[        ] Resolve mutations for :flutter_keyboard_visibility_temp_fork:preDebugBuild (Thread[#39365,Execution worker Thread 21,5,main]) started.
[        ] :flutter_keyboard_visibility_temp_fork:preDebugBuild (Thread[#39365,Execution worker Thread 21,5,main]) started.
[        ] > Task :flutter_keyboard_visibility_temp_fork:preDebugBuild UP-TO-DATE
[        ] Skipping task ':flutter_keyboard_visibility_temp_fork:preDebugBuild' as it has no actions.
[        ] Resolve mutations for :flutter_keyboard_visibility_temp_fork:writeDebugAarMetadata (Thread[#39365,Execution worker Thread 21,5,main]) started.
[        ] :flutter_keyboard_visibility_temp_fork:writeDebugAarMetadata (Thread[#39365,Execution worker Thread 21,5,main]) started.
[        ] > Task :flutter_keyboard_visibility_temp_fork:writeDebugAarMetadata UP-TO-DATE
[        ] Caching disabled for task ':flutter_keyboard_visibility_temp_fork:writeDebugAarMetadata' because:
[        ]   Build cache is disabled
[        ]   Caching has been disabled for the task
[        ] Skipping task ':flutter_keyboard_visibility_temp_fork:writeDebugAarMetadata' as it is up-to-date.
[        ] work action resolve aar-metadata.properties (project :flutter_keyboard_visibility_temp_fork) (Thread[#39365,Execution worker Thread 21,5,main]) started.
[        ] Resolve mutations for :flutter_native_splash:preBuild (Thread[#39365,Execution worker Thread 21,5,main]) started.
[        ] :flutter_native_splash:preBuild (Thread[#39365,Execution worker Thread 21,5,main]) started.
[        ] > Task :flutter_native_splash:preBuild UP-TO-DATE
[        ] Skipping task ':flutter_native_splash:preBuild' as it has no actions.
[        ] Resolve mutations for :flutter_native_splash:preDebugBuild (Thread[#39365,Execution worker Thread 21,5,main]) started.
[        ] :flutter_native_splash:preDebugBuild (Thread[#39365,Execution worker Thread 21,5,main]) started.
[        ] > Task :flutter_native_splash:preDebugBuild UP-TO-DATE
[        ] Skipping task ':flutter_native_splash:preDebugBuild' as it has no actions.
[        ] Resolve mutations for :flutter_native_splash:writeDebugAarMetadata (Thread[#39365,Execution worker Thread 21,5,main]) started.
[        ] :flutter_native_splash:writeDebugAarMetadata (Thread[#39365,Execution worker Thread 21,5,main]) started.
[        ] > Task :flutter_native_splash:writeDebugAarMetadata UP-TO-DATE
[        ] Caching disabled for task ':flutter_native_splash:writeDebugAarMetadata' because:
[        ]   Build cache is disabled
[        ]   Caching has been disabled for the task
[        ] Skipping task ':flutter_native_splash:writeDebugAarMetadata' as it is up-to-date.
[        ] work action resolve aar-metadata.properties (project :flutter_native_splash) (Thread[#39365,Execution worker Thread 21,5,main]) started.
[        ] Resolve mutations for :flutter_olm:preBuild (Thread[#39365,Execution worker Thread 21,5,main]) started.
[        ] :flutter_olm:preBuild (Thread[#39365,Execution worker Thread 21,5,main]) started.
[        ] > Task :flutter_olm:preBuild UP-TO-DATE
[        ] Skipping task ':flutter_olm:preBuild' as it has no actions.
[        ] Resolve mutations for :flutter_olm:preDebugBuild (Thread[#39365,Execution worker Thread 21,5,main]) started.
[        ] :flutter_olm:preDebugBuild (Thread[#39365,Execution worker Thread 21,5,main]) started.
[        ] > Task :flutter_olm:preDebugBuild UP-TO-DATE
[        ] Skipping task ':flutter_olm:preDebugBuild' as it has no actions.
[        ] Resolve mutations for :flutter_olm:writeDebugAarMetadata (Thread[#39365,Execution worker Thread 21,5,main]) started.
[        ] :flutter_olm:writeDebugAarMetadata (Thread[#39365,Execution worker Thread 21,5,main]) started.
[        ] > Task :flutter_olm:writeDebugAarMetadata UP-TO-DATE
[        ] Caching disabled for task ':flutter_olm:writeDebugAarMetadata' because:
[        ]   Build cache is disabled
[        ]   Caching has been disabled for the task
[        ] Skipping task ':flutter_olm:writeDebugAarMetadata' as it is up-to-date.
[        ] work action resolve aar-metadata.properties (project :flutter_olm) (Thread[#39365,Execution worker Thread 21,5,main]) started.
[        ] Resolve mutations for :flutter_openssl_crypto:preBuild (Thread[#39365,Execution worker Thread 21,5,main]) started.
[        ] :flutter_openssl_crypto:preBuild (Thread[#39350,Execution worker Thread 7,5,main]) started.
[        ] > Task :flutter_openssl_crypto:preBuild UP-TO-DATE
[        ] Skipping task ':flutter_openssl_crypto:preBuild' as it has no actions.
[        ] Resolve mutations for :flutter_openssl_crypto:preDebugBuild (Thread[#39350,Execution worker Thread 7,5,main]) started.
[        ] :flutter_openssl_crypto:preDebugBuild (Thread[#39350,Execution worker Thread 7,5,main]) started.
[        ] > Task :flutter_openssl_crypto:preDebugBuild UP-TO-DATE
[        ] Skipping task ':flutter_openssl_crypto:preDebugBuild' as it has no actions.
[        ] Resolve mutations for :flutter_openssl_crypto:writeDebugAarMetadata (Thread[#39350,Execution worker Thread 7,5,main]) started.
[        ] :flutter_openssl_crypto:writeDebugAarMetadata (Thread[#39350,Execution worker Thread 7,5,main]) started.
[        ] > Task :flutter_openssl_crypto:writeDebugAarMetadata UP-TO-DATE
[        ] Caching disabled for task ':flutter_openssl_crypto:writeDebugAarMetadata' because:
[        ]   Build cache is disabled
[        ]   Caching has been disabled for the task
[        ] Skipping task ':flutter_openssl_crypto:writeDebugAarMetadata' as it is up-to-date.
[        ] work action resolve aar-metadata.properties (project :flutter_openssl_crypto) (Thread[#39350,Execution worker Thread 7,5,main]) started.
[        ] Resolve mutations for :integration_test:preBuild (Thread[#39350,Execution worker Thread 7,5,main]) started.
[        ] :integration_test:preBuild (Thread[#39350,Execution worker Thread 7,5,main]) started.
[        ] > Task :integration_test:preBuild UP-TO-DATE
[        ] Skipping task ':integration_test:preBuild' as it has no actions.
[        ] Resolve mutations for :integration_test:preDebugBuild (Thread[#39350,Execution worker Thread 7,5,main]) started.
[        ] :integration_test:preDebugBuild (Thread[#39350,Execution worker Thread 7,5,main]) started.
[        ] > Task :integration_test:preDebugBuild UP-TO-DATE
[        ] Skipping task ':integration_test:preDebugBuild' as it has no actions.
[        ] Resolve mutations for :integration_test:writeDebugAarMetadata (Thread[#39350,Execution worker Thread 7,5,main]) started.
[        ] :integration_test:writeDebugAarMetadata (Thread[#39350,Execution worker Thread 7,5,main]) started.
[        ] > Task :integration_test:writeDebugAarMetadata UP-TO-DATE
[        ] Caching disabled for task ':integration_test:writeDebugAarMetadata' because:
[        ]   Build cache is disabled
[        ]   Caching has been disabled for the task
[        ] Skipping task ':integration_test:writeDebugAarMetadata' as it is up-to-date.
[        ] work action resolve aar-metadata.properties (project :integration_test) (Thread[#39350,Execution worker Thread 7,5,main]) started.
[        ] Resolve mutations for :path_provider_android:preBuild (Thread[#39350,Execution worker Thread 7,5,main]) started.
[        ] :path_provider_android:preBuild (Thread[#39350,Execution worker Thread 7,5,main]) started.
[        ] > Task :path_provider_android:preBuild UP-TO-DATE
[        ] Skipping task ':path_provider_android:preBuild' as it has no actions.
[        ] Resolve mutations for :path_provider_android:preDebugBuild (Thread[#39350,Execution worker Thread 7,5,main]) started.
[        ] :path_provider_android:preDebugBuild (Thread[#39350,Execution worker Thread 7,5,main]) started.
[        ] > Task :path_provider_android:preDebugBuild UP-TO-DATE
[        ] Skipping task ':path_provider_android:preDebugBuild' as it has no actions.
[        ] Resolve mutations for :path_provider_android:writeDebugAarMetadata (Thread[#39350,Execution worker Thread 7,5,main]) started.
[        ] :path_provider_android:writeDebugAarMetadata (Thread[#39350,Execution worker Thread 7,5,main]) started.
[        ] > Task :path_provider_android:writeDebugAarMetadata UP-TO-DATE
[        ] Caching disabled for task ':path_provider_android:writeDebugAarMetadata' because:
[        ]   Build cache is disabled
[        ]   Caching has been disabled for the task
[        ] Skipping task ':path_provider_android:writeDebugAarMetadata' as it is up-to-date.
[        ] work action resolve aar-metadata.properties (project :path_provider_android) (Thread[#39350,Execution worker Thread 7,5,main]) started.
[        ] Resolve mutations for :quill_native_bridge_android:preBuild (Thread[#39350,Execution worker Thread 7,5,main]) started.
[        ] :quill_native_bridge_android:preBuild (Thread[#39350,Execution worker Thread 7,5,main]) started.
[        ] > Task :quill_native_bridge_android:preBuild UP-TO-DATE
[        ] Skipping task ':quill_native_bridge_android:preBuild' as it has no actions.
[        ] Resolve mutations for :quill_native_bridge_android:preDebugBuild (Thread[#39350,Execution worker Thread 7,5,main]) started.
[        ] :quill_native_bridge_android:preDebugBuild (Thread[#39350,Execution worker Thread 7,5,main]) started.
[        ] > Task :quill_native_bridge_android:preDebugBuild UP-TO-DATE
[        ] Skipping task ':quill_native_bridge_android:preDebugBuild' as it has no actions.
[        ] Resolve mutations for :quill_native_bridge_android:writeDebugAarMetadata (Thread[#39350,Execution worker Thread 7,5,main]) started.
[        ] :quill_native_bridge_android:writeDebugAarMetadata (Thread[#39350,Execution worker Thread 7,5,main]) started.
[        ] > Task :quill_native_bridge_android:writeDebugAarMetadata UP-TO-DATE
[        ] Caching disabled for task ':quill_native_bridge_android:writeDebugAarMetadata' because:
[        ]   Build cache is disabled
[        ]   Caching has been disabled for the task
[        ] Skipping task ':quill_native_bridge_android:writeDebugAarMetadata' as it is up-to-date.
[        ] work action resolve aar-metadata.properties (project :quill_native_bridge_android) (Thread[#39350,Execution worker Thread 7,5,main]) started.
[        ] Resolve mutations for :shared_preferences_android:preBuild (Thread[#39350,Execution worker Thread 7,5,main]) started.
[        ] :shared_preferences_android:preBuild (Thread[#39350,Execution worker Thread 7,5,main]) started.
[        ] > Task :shared_preferences_android:preBuild UP-TO-DATE
[        ] Skipping task ':shared_preferences_android:preBuild' as it has no actions.
[        ] Resolve mutations for :shared_preferences_android:preDebugBuild (Thread[#39350,Execution worker Thread 7,5,main]) started.
[        ] :shared_preferences_android:preDebugBuild (Thread[#39350,Execution worker Thread 7,5,main]) started.
[        ] > Task :shared_preferences_android:preDebugBuild UP-TO-DATE
[        ] Skipping task ':shared_preferences_android:preDebugBuild' as it has no actions.
[        ] Resolve mutations for :shared_preferences_android:writeDebugAarMetadata (Thread[#39350,Execution worker Thread 7,5,main]) started.
[        ] :shared_preferences_android:writeDebugAarMetadata (Thread[#39350,Execution worker Thread 7,5,main]) started.
[        ] > Task :shared_preferences_android:writeDebugAarMetadata UP-TO-DATE
[        ] Caching disabled for task ':shared_preferences_android:writeDebugAarMetadata' because:
[        ]   Build cache is disabled
[        ]   Caching has been disabled for the task
[        ] Skipping task ':shared_preferences_android:writeDebugAarMetadata' as it is up-to-date.
[        ] work action resolve aar-metadata.properties (project :shared_preferences_android) (Thread[#39350,Execution worker Thread 7,5,main]) started.
[        ] Resolve mutations for :sqflite_android:preBuild (Thread[#39350,Execution worker Thread 7,5,main]) started.
[        ] :sqflite_android:preBuild (Thread[#39350,Execution worker Thread 7,5,main]) started.
[        ] > Task :sqflite_android:preBuild UP-TO-DATE
[        ] Skipping task ':sqflite_android:preBuild' as it has no actions.
[        ] Resolve mutations for :sqflite_android:preDebugBuild (Thread[#39350,Execution worker Thread 7,5,main]) started.
[        ] :sqflite_android:preDebugBuild (Thread[#39350,Execution worker Thread 7,5,main]) started.
[        ] > Task :sqflite_android:preDebugBuild UP-TO-DATE
[        ] Skipping task ':sqflite_android:preDebugBuild' as it has no actions.
[        ] Resolve mutations for :sqflite_android:writeDebugAarMetadata (Thread[#39350,Execution worker Thread 7,5,main]) started.
[        ] :sqflite_android:writeDebugAarMetadata (Thread[#39350,Execution worker Thread 7,5,main]) started.
[        ] > Task :sqflite_android:writeDebugAarMetadata UP-TO-DATE
[        ] Caching disabled for task ':sqflite_android:writeDebugAarMetadata' because:
[        ]   Build cache is disabled
[        ]   Caching has been disabled for the task
[        ] Skipping task ':sqflite_android:writeDebugAarMetadata' as it is up-to-date.
[        ] work action resolve aar-metadata.properties (project :sqflite_android) (Thread[#39350,Execution worker Thread 7,5,main]) started.
[        ] Resolve mutations for :url_launcher_android:preBuild (Thread[#39350,Execution worker Thread 7,5,main]) started.
[        ] :url_launcher_android:preBuild (Thread[#39350,Execution worker Thread 7,5,main]) started.
[        ] > Task :url_launcher_android:preBuild UP-TO-DATE
[        ] Skipping task ':url_launcher_android:preBuild' as it has no actions.
[        ] Resolve mutations for :url_launcher_android:preDebugBuild (Thread[#39350,Execution worker Thread 7,5,main]) started.
[        ] :url_launcher_android:preDebugBuild (Thread[#39350,Execution worker Thread 7,5,main]) started.
[        ] > Task :url_launcher_android:preDebugBuild UP-TO-DATE
[        ] Skipping task ':url_launcher_android:preDebugBuild' as it has no actions.
[        ] Resolve mutations for :url_launcher_android:writeDebugAarMetadata (Thread[#39350,Execution worker Thread 7,5,main]) started.
[        ] :url_launcher_android:writeDebugAarMetadata (Thread[#39350,Execution worker Thread 7,5,main]) started.
[        ] > Task :url_launcher_android:writeDebugAarMetadata UP-TO-DATE
[        ] Caching disabled for task ':url_launcher_android:writeDebugAarMetadata' because:
[        ]   Build cache is disabled
[        ]   Caching has been disabled for the task
[        ] Skipping task ':url_launcher_android:writeDebugAarMetadata' as it is up-to-date.
[        ] work action resolve aar-metadata.properties (project :url_launcher_android) (Thread[#39350,Execution worker Thread 7,5,main]) started.
[        ] Resolve mutations for :video_player_android:preBuild (Thread[#39350,Execution worker Thread 7,5,main]) started.
[        ] :video_player_android:preBuild (Thread[#39350,Execution worker Thread 7,5,main]) started.
[        ] > Task :video_player_android:preBuild UP-TO-DATE
[        ] Skipping task ':video_player_android:preBuild' as it has no actions.
[        ] Resolve mutations for :video_player_android:preDebugBuild (Thread[#39350,Execution worker Thread 7,5,main]) started.
[        ] :video_player_android:preDebugBuild (Thread[#39350,Execution worker Thread 7,5,main]) started.
[        ] > Task :video_player_android:preDebugBuild UP-TO-DATE
[        ] Skipping task ':video_player_android:preDebugBuild' as it has no actions.
[        ] Resolve mutations for :video_player_android:writeDebugAarMetadata (Thread[#39350,Execution worker Thread 7,5,main]) started.
[        ] :video_player_android:writeDebugAarMetadata (Thread[#39350,Execution worker Thread 7,5,main]) started.
[        ] > Task :video_player_android:writeDebugAarMetadata UP-TO-DATE
[        ] Caching disabled for task ':video_player_android:writeDebugAarMetadata' because:
[        ]   Build cache is disabled
[        ]   Caching has been disabled for the task
[        ] Skipping task ':video_player_android:writeDebugAarMetadata' as it is up-to-date.
[        ] work action resolve aar-metadata.properties (project :video_player_android) (Thread[#39350,Execution worker Thread 7,5,main]) started.
[        ] Resolve mutations for :app:checkDebugAarMetadata (Thread[#39350,Execution worker Thread 7,5,main]) started.
[        ] :app:checkDebugAarMetadata (Thread[#39350,Execution worker Thread 7,5,main]) started.
[        ] > Task :app:checkDebugAarMetadata UP-TO-DATE
[        ] Caching disabled for task ':app:checkDebugAarMetadata' because:
[        ]   Build cache is disabled
[        ]   Caching has been disabled for the task
[        ] Skipping task ':app:checkDebugAarMetadata' as it is up-to-date.
[        ] Resolve mutations for :app:cleanMergeDebugAssets (Thread[#39350,Execution worker Thread 7,5,main]) started.
[        ] :app:cleanMergeDebugAssets (Thread[#39350,Execution worker Thread 7,5,main]) started.
[        ] > Task :app:cleanMergeDebugAssets
[        ] Caching disabled for task ':app:cleanMergeDebugAssets' because:
[        ]   Build cache is disabled
[        ] Task ':app:cleanMergeDebugAssets' is not up-to-date because:
[        ]   Task has not declared any outputs despite executing actions.
[        ] Resolve mutations for :app:mergeDebugShaders (Thread[#39350,Execution worker Thread 7,5,main]) started.
[        ] :app:mergeDebugShaders (Thread[#39350,Execution worker Thread 7,5,main]) started.
[        ] > Task :app:mergeDebugShaders UP-TO-DATE
[        ] Caching disabled for task ':app:mergeDebugShaders' because:
[        ]   Build cache is disabled
[        ]   Simple merging task
[        ] Skipping task ':app:mergeDebugShaders' as it is up-to-date.
[        ] Resolve mutations for :app:compileDebugShaders (Thread[#39350,Execution worker Thread 7,5,main]) started.
[        ] :app:compileDebugShaders (Thread[#39350,Execution worker Thread 7,5,main]) started.
[        ] > Task :app:compileDebugShaders NO-SOURCE
[        ] Skipping task ':app:compileDebugShaders' as it has no source files and no previous output files.
[        ] Resolve mutations for :app:generateDebugAssets (Thread[#39350,Execution worker Thread 7,5,main]) started.
[        ] :app:generateDebugAssets (Thread[#39350,Execution worker Thread 7,5,main]) started.
[        ] > Task :app:generateDebugAssets UP-TO-DATE
[        ] Skipping task ':app:generateDebugAssets' as it has no actions.
[        ] Resolve mutations for :connectivity_plus:mergeDebugShaders (Thread[#39350,Execution worker Thread 7,5,main]) started.
[        ] :connectivity_plus:mergeDebugShaders (Thread[#39350,Execution worker Thread 7,5,main]) started.
[        ] > Task :connectivity_plus:mergeDebugShaders UP-TO-DATE
[        ] Caching disabled for task ':connectivity_plus:mergeDebugShaders' because:
[        ]   Build cache is disabled
[        ]   Simple merging task
[        ] Skipping task ':connectivity_plus:mergeDebugShaders' as it is up-to-date.
[        ] Resolve mutations for :connectivity_plus:compileDebugShaders (Thread[#39350,Execution worker Thread 7,5,main]) started.
[        ] :connectivity_plus:compileDebugShaders (Thread[#39350,Execution worker Thread 7,5,main]) started.
[        ] > Task :connectivity_plus:compileDebugShaders NO-SOURCE
[        ] Skipping task ':connectivity_plus:compileDebugShaders' as it has no source files and no previous output files.
[        ] Resolve mutations for :connectivity_plus:generateDebugAssets (Thread[#39350,Execution worker Thread 7,5,main]) started.
[        ] :connectivity_plus:generateDebugAssets (Thread[#39350,Execution worker Thread 7,5,main]) started.
[        ] > Task :connectivity_plus:generateDebugAssets UP-TO-DATE
[        ] Skipping task ':connectivity_plus:generateDebugAssets' as it has no actions.
[        ] Resolve mutations for :connectivity_plus:mergeDebugAssets (Thread[#39350,Execution worker Thread 7,5,main]) started.
[        ] :connectivity_plus:mergeDebugAssets (Thread[#39350,Execution worker Thread 7,5,main]) started.
[        ] > Task :connectivity_plus:mergeDebugAssets UP-TO-DATE
[        ] Caching disabled for task ':connectivity_plus:mergeDebugAssets' because:
[        ]   Build cache is disabled
[        ]   Simple merging task
[        ] Skipping task ':connectivity_plus:mergeDebugAssets' as it is up-to-date.
[        ] work action resolve mergeDebugAssets (project :connectivity_plus) (Thread[#39350,Execution worker Thread 7,5,main]) started.
[        ] Resolve mutations for :emoji_picker_flutter:mergeDebugShaders (Thread[#39350,Execution worker Thread 7,5,main]) started.
[        ] :emoji_picker_flutter:mergeDebugShaders (Thread[#39350,Execution worker Thread 7,5,main]) started.
[        ] > Task :emoji_picker_flutter:mergeDebugShaders UP-TO-DATE
[        ] Caching disabled for task ':emoji_picker_flutter:mergeDebugShaders' because:
[        ]   Build cache is disabled
[        ]   Simple merging task
[        ] Skipping task ':emoji_picker_flutter:mergeDebugShaders' as it is up-to-date.
[        ] Resolve mutations for :emoji_picker_flutter:compileDebugShaders (Thread[#39350,Execution worker Thread 7,5,main]) started.
[        ] :emoji_picker_flutter:compileDebugShaders (Thread[#39350,Execution worker Thread 7,5,main]) started.
[        ] > Task :emoji_picker_flutter:compileDebugShaders NO-SOURCE
[        ] Skipping task ':emoji_picker_flutter:compileDebugShaders' as it has no source files and no previous output files.
[        ] Resolve mutations for :emoji_picker_flutter:generateDebugAssets (Thread[#39350,Execution worker Thread 7,5,main]) started.
[        ] :emoji_picker_flutter:generateDebugAssets (Thread[#39350,Execution worker Thread 7,5,main]) started.
[        ] > Task :emoji_picker_flutter:generateDebugAssets UP-TO-DATE
[        ] Skipping task ':emoji_picker_flutter:generateDebugAssets' as it has no actions.
[        ] Resolve mutations for :emoji_picker_flutter:mergeDebugAssets (Thread[#39350,Execution worker Thread 7,5,main]) started.
[        ] :emoji_picker_flutter:mergeDebugAssets (Thread[#39350,Execution worker Thread 7,5,main]) started.
[        ] > Task :emoji_picker_flutter:mergeDebugAssets UP-TO-DATE
[        ] Caching disabled for task ':emoji_picker_flutter:mergeDebugAssets' because:
[        ]   Build cache is disabled
[        ]   Simple merging task
[        ] Skipping task ':emoji_picker_flutter:mergeDebugAssets' as it is up-to-date.
[        ] work action resolve mergeDebugAssets (project :emoji_picker_flutter) (Thread[#39350,Execution worker Thread 7,5,main]) started.
[        ] Resolve mutations for :file_selector_android:mergeDebugShaders (Thread[#39350,Execution worker Thread 7,5,main]) started.
[        ] :file_selector_android:mergeDebugShaders (Thread[#39350,Execution worker Thread 7,5,main]) started.
[        ] > Task :file_selector_android:mergeDebugShaders UP-TO-DATE
[        ] Caching disabled for task ':file_selector_android:mergeDebugShaders' because:
[        ]   Build cache is disabled
[        ]   Simple merging task
[        ] Skipping task ':file_selector_android:mergeDebugShaders' as it is up-to-date.
[        ] Resolve mutations for :file_selector_android:compileDebugShaders (Thread[#39350,Execution worker Thread 7,5,main]) started.
[        ] :file_selector_android:compileDebugShaders (Thread[#39350,Execution worker Thread 7,5,main]) started.
[        ] > Task :file_selector_android:compileDebugShaders NO-SOURCE
[        ] Skipping task ':file_selector_android:compileDebugShaders' as it has no source files and no previous output files.
[        ] Resolve mutations for :file_selector_android:generateDebugAssets (Thread[#39350,Execution worker Thread 7,5,main]) started.
[        ] :file_selector_android:generateDebugAssets (Thread[#39350,Execution worker Thread 7,5,main]) started.
[        ] > Task :file_selector_android:generateDebugAssets UP-TO-DATE
[        ] Skipping task ':file_selector_android:generateDebugAssets' as it has no actions.
[        ] Resolve mutations for :file_selector_android:mergeDebugAssets (Thread[#39350,Execution worker Thread 7,5,main]) started.
[        ] :file_selector_android:mergeDebugAssets (Thread[#39350,Execution worker Thread 7,5,main]) started.
[        ] > Task :file_selector_android:mergeDebugAssets UP-TO-DATE
[        ] Caching disabled for task ':file_selector_android:mergeDebugAssets' because:
[        ]   Build cache is disabled
[        ]   Simple merging task
[        ] Skipping task ':file_selector_android:mergeDebugAssets' as it is up-to-date.
[        ] work action resolve mergeDebugAssets (project :file_selector_android) (Thread[#39350,Execution worker Thread 7,5,main]) started.
[        ] Resolve mutations for :flutter_keyboard_visibility_temp_fork:mergeDebugShaders (Thread[#39350,Execution worker Thread 7,5,main]) started.
[        ] :flutter_keyboard_visibility_temp_fork:mergeDebugShaders (Thread[#39362,Execution worker Thread 18,5,main]) started.
[ +101 ms] > Task :flutter_keyboard_visibility_temp_fork:mergeDebugShaders UP-TO-DATE
[        ] Caching disabled for task ':flutter_keyboard_visibility_temp_fork:mergeDebugShaders' because:
[        ]   Build cache is disabled
[        ]   Simple merging task
[        ] Skipping task ':flutter_keyboard_visibility_temp_fork:mergeDebugShaders' as it is up-to-date.
[        ] Resolve mutations for :flutter_keyboard_visibility_temp_fork:compileDebugShaders (Thread[#39362,Execution worker Thread 18,5,main]) started.
[        ] :flutter_keyboard_visibility_temp_fork:compileDebugShaders (Thread[#39362,Execution worker Thread 18,5,main]) started.
[        ] > Task :flutter_keyboard_visibility_temp_fork:compileDebugShaders NO-SOURCE
[        ] Skipping task ':flutter_keyboard_visibility_temp_fork:compileDebugShaders' as it has no source files and no previous output files.
[        ] Resolve mutations for :flutter_keyboard_visibility_temp_fork:generateDebugAssets (Thread[#39362,Execution worker Thread 18,5,main]) started.
[        ] :flutter_keyboard_visibility_temp_fork:generateDebugAssets (Thread[#39362,Execution worker Thread 18,5,main]) started.
[        ] > Task :flutter_keyboard_visibility_temp_fork:generateDebugAssets UP-TO-DATE
[        ] Skipping task ':flutter_keyboard_visibility_temp_fork:generateDebugAssets' as it has no actions.
[        ] Resolve mutations for :flutter_keyboard_visibility_temp_fork:mergeDebugAssets (Thread[#39362,Execution worker Thread 18,5,main]) started.
[        ] :flutter_keyboard_visibility_temp_fork:mergeDebugAssets (Thread[#39362,Execution worker Thread 18,5,main]) started.
[        ] > Task :flutter_keyboard_visibility_temp_fork:mergeDebugAssets UP-TO-DATE
[        ] Caching disabled for task ':flutter_keyboard_visibility_temp_fork:mergeDebugAssets' because:
[        ]   Build cache is disabled
[        ]   Simple merging task
[        ] Skipping task ':flutter_keyboard_visibility_temp_fork:mergeDebugAssets' as it is up-to-date.
[        ] work action resolve mergeDebugAssets (project :flutter_keyboard_visibility_temp_fork) (Thread[#39362,Execution worker Thread 18,5,main]) started.
[        ] Resolve mutations for :flutter_native_splash:mergeDebugShaders (Thread[#39362,Execution worker Thread 18,5,main]) started.
[        ] :flutter_native_splash:mergeDebugShaders (Thread[#39362,Execution worker Thread 18,5,main]) started.
[        ] > Task :flutter_native_splash:mergeDebugShaders UP-TO-DATE
[        ] Caching disabled for task ':flutter_native_splash:mergeDebugShaders' because:
[        ]   Build cache is disabled
[        ]   Simple merging task
[        ] Skipping task ':flutter_native_splash:mergeDebugShaders' as it is up-to-date.
[        ] Resolve mutations for :flutter_native_splash:compileDebugShaders (Thread[#39362,Execution worker Thread 18,5,main]) started.
[        ] :flutter_native_splash:compileDebugShaders (Thread[#39362,Execution worker Thread 18,5,main]) started.
[        ] > Task :flutter_native_splash:compileDebugShaders NO-SOURCE
[        ] Skipping task ':flutter_native_splash:compileDebugShaders' as it has no source files and no previous output files.
[        ] Resolve mutations for :flutter_native_splash:generateDebugAssets (Thread[#39362,Execution worker Thread 18,5,main]) started.
[        ] :flutter_native_splash:generateDebugAssets (Thread[#39369,Execution worker Thread 25,5,main]) started.
[        ] > Task :flutter_native_splash:generateDebugAssets UP-TO-DATE
[        ] Skipping task ':flutter_native_splash:generateDebugAssets' as it has no actions.
[        ] Resolve mutations for :flutter_native_splash:mergeDebugAssets (Thread[#39369,Execution worker Thread 25,5,main]) started.
[        ] :flutter_native_splash:mergeDebugAssets (Thread[#39369,Execution worker Thread 25,5,main]) started.
[        ] > Task :flutter_native_splash:mergeDebugAssets UP-TO-DATE
[        ] Caching disabled for task ':flutter_native_splash:mergeDebugAssets' because:
[        ]   Build cache is disabled
[        ]   Simple merging task
[        ] Skipping task ':flutter_native_splash:mergeDebugAssets' as it is up-to-date.
[        ] work action resolve mergeDebugAssets (project :flutter_native_splash) (Thread[#39369,Execution worker Thread 25,5,main]) started.
[        ] Resolve mutations for :flutter_olm:mergeDebugShaders (Thread[#39369,Execution worker Thread 25,5,main]) started.
[        ] :flutter_olm:mergeDebugShaders (Thread[#39369,Execution worker Thread 25,5,main]) started.
[        ] > Task :flutter_olm:mergeDebugShaders UP-TO-DATE
[        ] Caching disabled for task ':flutter_olm:mergeDebugShaders' because:
[        ]   Build cache is disabled
[        ]   Simple merging task
[        ] Skipping task ':flutter_olm:mergeDebugShaders' as it is up-to-date.
[        ] Resolve mutations for :flutter_olm:compileDebugShaders (Thread[#39369,Execution worker Thread 25,5,main]) started.
[        ] :flutter_olm:compileDebugShaders (Thread[#39369,Execution worker Thread 25,5,main]) started.
[        ] > Task :flutter_olm:compileDebugShaders NO-SOURCE
[        ] Skipping task ':flutter_olm:compileDebugShaders' as it has no source files and no previous output files.
[        ] Resolve mutations for :flutter_olm:generateDebugAssets (Thread[#39345,Execution worker Thread 2,5,main]) started.
[        ] :flutter_olm:generateDebugAssets (Thread[#39345,Execution worker Thread 2,5,main]) started.
[        ] > Task :flutter_olm:generateDebugAssets UP-TO-DATE
[        ] Skipping task ':flutter_olm:generateDebugAssets' as it has no actions.
[        ] Resolve mutations for :flutter_olm:mergeDebugAssets (Thread[#39345,Execution worker Thread 2,5,main]) started.
[        ] :flutter_olm:mergeDebugAssets (Thread[#39345,Execution worker Thread 2,5,main]) started.
[        ] > Task :flutter_olm:mergeDebugAssets UP-TO-DATE
[        ] Caching disabled for task ':flutter_olm:mergeDebugAssets' because:
[        ]   Build cache is disabled
[        ]   Simple merging task
[        ] Skipping task ':flutter_olm:mergeDebugAssets' as it is up-to-date.
[        ] work action resolve mergeDebugAssets (project :flutter_olm) (Thread[#39345,Execution worker Thread 2,5,main]) started.
[        ] Resolve mutations for :flutter_openssl_crypto:mergeDebugShaders (Thread[#39345,Execution worker Thread 2,5,main]) started.
[        ] :flutter_openssl_crypto:mergeDebugShaders (Thread[#39345,Execution worker Thread 2,5,main]) started.
[        ] > Task :flutter_openssl_crypto:mergeDebugShaders UP-TO-DATE
[        ] Caching disabled for task ':flutter_openssl_crypto:mergeDebugShaders' because:
[        ]   Build cache is disabled
[        ]   Simple merging task
[        ] Skipping task ':flutter_openssl_crypto:mergeDebugShaders' as it is up-to-date.
[        ] Resolve mutations for :flutter_openssl_crypto:compileDebugShaders (Thread[#39345,Execution worker Thread 2,5,main]) started.
[        ] :flutter_openssl_crypto:compileDebugShaders (Thread[#39345,Execution worker Thread 2,5,main]) started.
[        ] > Task :flutter_openssl_crypto:compileDebugShaders NO-SOURCE
[        ] Skipping task ':flutter_openssl_crypto:compileDebugShaders' as it has no source files and no previous output files.
[        ] Resolve mutations for :flutter_openssl_crypto:generateDebugAssets (Thread[#39345,Execution worker Thread 2,5,main]) started.
[        ] :flutter_openssl_crypto:generateDebugAssets (Thread[#39345,Execution worker Thread 2,5,main]) started.
[        ] > Task :flutter_openssl_crypto:generateDebugAssets UP-TO-DATE
[        ] Skipping task ':flutter_openssl_crypto:generateDebugAssets' as it has no actions.
[        ] Resolve mutations for :flutter_openssl_crypto:mergeDebugAssets (Thread[#39345,Execution worker Thread 2,5,main]) started.
[        ] :flutter_openssl_crypto:mergeDebugAssets (Thread[#39345,Execution worker Thread 2,5,main]) started.
[        ] > Task :flutter_openssl_crypto:mergeDebugAssets UP-TO-DATE
[        ] Caching disabled for task ':flutter_openssl_crypto:mergeDebugAssets' because:
[        ]   Build cache is disabled
[        ]   Simple merging task
[        ] Skipping task ':flutter_openssl_crypto:mergeDebugAssets' as it is up-to-date.
[        ] work action resolve mergeDebugAssets (project :flutter_openssl_crypto) (Thread[#39345,Execution worker Thread 2,5,main]) started.
[        ] Resolve mutations for :integration_test:mergeDebugShaders (Thread[#39345,Execution worker Thread 2,5,main]) started.
[        ] :integration_test:mergeDebugShaders (Thread[#39345,Execution worker Thread 2,5,main]) started.
[        ] > Task :integration_test:mergeDebugShaders UP-TO-DATE
[        ] Caching disabled for task ':integration_test:mergeDebugShaders' because:
[        ]   Build cache is disabled
[        ]   Simple merging task
[        ] Skipping task ':integration_test:mergeDebugShaders' as it is up-to-date.
[        ] Resolve mutations for :integration_test:compileDebugShaders (Thread[#39345,Execution worker Thread 2,5,main]) started.
[        ] :integration_test:compileDebugShaders (Thread[#39345,Execution worker Thread 2,5,main]) started.
[        ] > Task :integration_test:compileDebugShaders NO-SOURCE
[        ] Skipping task ':integration_test:compileDebugShaders' as it has no source files and no previous output files.
[        ] Resolve mutations for :integration_test:generateDebugAssets (Thread[#39345,Execution worker Thread 2,5,main]) started.
[        ] :integration_test:generateDebugAssets (Thread[#39345,Execution worker Thread 2,5,main]) started.
[        ] > Task :integration_test:generateDebugAssets UP-TO-DATE
[        ] Skipping task ':integration_test:generateDebugAssets' as it has no actions.
[        ] Resolve mutations for :integration_test:mergeDebugAssets (Thread[#39345,Execution worker Thread 2,5,main]) started.
[        ] :integration_test:mergeDebugAssets (Thread[#39345,Execution worker Thread 2,5,main]) started.
[        ] > Task :integration_test:mergeDebugAssets UP-TO-DATE
[        ] Caching disabled for task ':integration_test:mergeDebugAssets' because:
[        ]   Build cache is disabled
[        ]   Simple merging task
[        ] Skipping task ':integration_test:mergeDebugAssets' as it is up-to-date.
[        ] work action resolve mergeDebugAssets (project :integration_test) (Thread[#39345,Execution worker Thread 2,5,main]) started.
[        ] Resolve mutations for :path_provider_android:mergeDebugShaders (Thread[#39345,Execution worker Thread 2,5,main]) started.
[        ] :path_provider_android:mergeDebugShaders (Thread[#39345,Execution worker Thread 2,5,main]) started.
[        ] > Task :path_provider_android:mergeDebugShaders UP-TO-DATE
[        ] Caching disabled for task ':path_provider_android:mergeDebugShaders' because:
[        ]   Build cache is disabled
[        ]   Simple merging task
[        ] Skipping task ':path_provider_android:mergeDebugShaders' as it is up-to-date.
[        ] Resolve mutations for :path_provider_android:compileDebugShaders (Thread[#39345,Execution worker Thread 2,5,main]) started.
[        ] :path_provider_android:compileDebugShaders (Thread[#39345,Execution worker Thread 2,5,main]) started.
[        ] > Task :path_provider_android:compileDebugShaders NO-SOURCE
[        ] Skipping task ':path_provider_android:compileDebugShaders' as it has no source files and no previous output files.
[        ] Resolve mutations for :path_provider_android:generateDebugAssets (Thread[#39345,Execution worker Thread 2,5,main]) started.
[        ] :path_provider_android:generateDebugAssets (Thread[#39345,Execution worker Thread 2,5,main]) started.
[        ] > Task :path_provider_android:generateDebugAssets UP-TO-DATE
[        ] Skipping task ':path_provider_android:generateDebugAssets' as it has no actions.
[        ] Resolve mutations for :path_provider_android:mergeDebugAssets (Thread[#39345,Execution worker Thread 2,5,main]) started.
[        ] :path_provider_android:mergeDebugAssets (Thread[#39345,Execution worker Thread 2,5,main]) started.
[        ] > Task :path_provider_android:mergeDebugAssets UP-TO-DATE
[        ] Caching disabled for task ':path_provider_android:mergeDebugAssets' because:
[        ]   Build cache is disabled
[        ]   Simple merging task
[        ] Skipping task ':path_provider_android:mergeDebugAssets' as it is up-to-date.
[        ] work action resolve mergeDebugAssets (project :path_provider_android) (Thread[#39345,Execution worker Thread 2,5,main]) started.
[        ] Resolve mutations for :quill_native_bridge_android:mergeDebugShaders (Thread[#39345,Execution worker Thread 2,5,main]) started.
[        ] :quill_native_bridge_android:mergeDebugShaders (Thread[#39345,Execution worker Thread 2,5,main]) started.
[        ] > Task :quill_native_bridge_android:mergeDebugShaders UP-TO-DATE
[        ] Caching disabled for task ':quill_native_bridge_android:mergeDebugShaders' because:
[        ]   Build cache is disabled
[        ]   Simple merging task
[        ] Skipping task ':quill_native_bridge_android:mergeDebugShaders' as it is up-to-date.
[        ] Resolve mutations for :quill_native_bridge_android:compileDebugShaders (Thread[#39345,Execution worker Thread 2,5,main]) started.
[        ] :quill_native_bridge_android:compileDebugShaders (Thread[#39345,Execution worker Thread 2,5,main]) started.
[        ] > Task :quill_native_bridge_android:compileDebugShaders NO-SOURCE
[        ] Skipping task ':quill_native_bridge_android:compileDebugShaders' as it has no source files and no previous output files.
[        ] Resolve mutations for :quill_native_bridge_android:generateDebugAssets (Thread[#39345,Execution worker Thread 2,5,main]) started.
[        ] :quill_native_bridge_android:generateDebugAssets (Thread[#39345,Execution worker Thread 2,5,main]) started.
[        ] > Task :quill_native_bridge_android:generateDebugAssets UP-TO-DATE
[        ] Skipping task ':quill_native_bridge_android:generateDebugAssets' as it has no actions.
[        ] Resolve mutations for :quill_native_bridge_android:mergeDebugAssets (Thread[#39345,Execution worker Thread 2,5,main]) started.
[        ] :quill_native_bridge_android:mergeDebugAssets (Thread[#39345,Execution worker Thread 2,5,main]) started.
[        ] > Task :quill_native_bridge_android:mergeDebugAssets UP-TO-DATE
[        ] Caching disabled for task ':quill_native_bridge_android:mergeDebugAssets' because:
[        ]   Build cache is disabled
[        ]   Simple merging task
[        ] Skipping task ':quill_native_bridge_android:mergeDebugAssets' as it is up-to-date.
[        ] work action resolve mergeDebugAssets (project :quill_native_bridge_android) (Thread[#39345,Execution worker Thread 2,5,main]) started.
[        ] Resolve mutations for :shared_preferences_android:mergeDebugShaders (Thread[#39345,Execution worker Thread 2,5,main]) started.
[        ] :shared_preferences_android:mergeDebugShaders (Thread[#39345,Execution worker Thread 2,5,main]) started.
[        ] > Task :shared_preferences_android:mergeDebugShaders UP-TO-DATE
[        ] Caching disabled for task ':shared_preferences_android:mergeDebugShaders' because:
[        ]   Build cache is disabled
[        ]   Simple merging task
[        ] Skipping task ':shared_preferences_android:mergeDebugShaders' as it is up-to-date.
[        ] Resolve mutations for :shared_preferences_android:compileDebugShaders (Thread[#39345,Execution worker Thread 2,5,main]) started.
[        ] :shared_preferences_android:compileDebugShaders (Thread[#39345,Execution worker Thread 2,5,main]) started.
[        ] > Task :shared_preferences_android:compileDebugShaders NO-SOURCE
[        ] Skipping task ':shared_preferences_android:compileDebugShaders' as it has no source files and no previous output files.
[        ] Resolve mutations for :shared_preferences_android:generateDebugAssets (Thread[#39345,Execution worker Thread 2,5,main]) started.
[        ] :shared_preferences_android:generateDebugAssets (Thread[#39345,Execution worker Thread 2,5,main]) started.
[        ] > Task :shared_preferences_android:generateDebugAssets UP-TO-DATE
[        ] Skipping task ':shared_preferences_android:generateDebugAssets' as it has no actions.
[        ] Resolve mutations for :shared_preferences_android:mergeDebugAssets (Thread[#39345,Execution worker Thread 2,5,main]) started.
[        ] :shared_preferences_android:mergeDebugAssets (Thread[#39345,Execution worker Thread 2,5,main]) started.
[        ] > Task :shared_preferences_android:mergeDebugAssets UP-TO-DATE
[        ] Caching disabled for task ':shared_preferences_android:mergeDebugAssets' because:
[        ]   Build cache is disabled
[        ]   Simple merging task
[        ] Skipping task ':shared_preferences_android:mergeDebugAssets' as it is up-to-date.
[        ] work action resolve mergeDebugAssets (project :shared_preferences_android) (Thread[#39345,Execution worker Thread 2,5,main]) started.
[        ] Resolve mutations for :sqflite_android:mergeDebugShaders (Thread[#39345,Execution worker Thread 2,5,main]) started.
[        ] :sqflite_android:mergeDebugShaders (Thread[#39345,Execution worker Thread 2,5,main]) started.
[        ] > Task :sqflite_android:mergeDebugShaders UP-TO-DATE
[        ] Caching disabled for task ':sqflite_android:mergeDebugShaders' because:
[        ]   Build cache is disabled
[        ]   Simple merging task
[        ] Skipping task ':sqflite_android:mergeDebugShaders' as it is up-to-date.
[        ] Resolve mutations for :sqflite_android:compileDebugShaders (Thread[#39345,Execution worker Thread 2,5,main]) started.
[        ] :sqflite_android:compileDebugShaders (Thread[#39345,Execution worker Thread 2,5,main]) started.
[        ] > Task :sqflite_android:compileDebugShaders NO-SOURCE
[        ] Skipping task ':sqflite_android:compileDebugShaders' as it has no source files and no previous output files.
[        ] Resolve mutations for :sqflite_android:generateDebugAssets (Thread[#39345,Execution worker Thread 2,5,main]) started.
[        ] :sqflite_android:generateDebugAssets (Thread[#39345,Execution worker Thread 2,5,main]) started.
[        ] > Task :sqflite_android:generateDebugAssets UP-TO-DATE
[        ] Skipping task ':sqflite_android:generateDebugAssets' as it has no actions.
[        ] Resolve mutations for :sqflite_android:mergeDebugAssets (Thread[#39345,Execution worker Thread 2,5,main]) started.
[        ] :sqflite_android:mergeDebugAssets (Thread[#39345,Execution worker Thread 2,5,main]) started.
[        ] > Task :sqflite_android:mergeDebugAssets UP-TO-DATE
[        ] Caching disabled for task ':sqflite_android:mergeDebugAssets' because:
[        ]   Build cache is disabled
[        ]   Simple merging task
[        ] Skipping task ':sqflite_android:mergeDebugAssets' as it is up-to-date.
[        ] work action resolve mergeDebugAssets (project :sqflite_android) (Thread[#39345,Execution worker Thread 2,5,main]) started.
[        ] Resolve mutations for :url_launcher_android:mergeDebugShaders (Thread[#39345,Execution worker Thread 2,5,main]) started.
[        ] :url_launcher_android:mergeDebugShaders (Thread[#39345,Execution worker Thread 2,5,main]) started.
[        ] > Task :url_launcher_android:mergeDebugShaders UP-TO-DATE
[        ] Caching disabled for task ':url_launcher_android:mergeDebugShaders' because:
[        ]   Build cache is disabled
[        ]   Simple merging task
[        ] Skipping task ':url_launcher_android:mergeDebugShaders' as it is up-to-date.
[        ] Resolve mutations for :url_launcher_android:compileDebugShaders (Thread[#39345,Execution worker Thread 2,5,main]) started.
[        ] :url_launcher_android:compileDebugShaders (Thread[#39345,Execution worker Thread 2,5,main]) started.
[        ] > Task :url_launcher_android:compileDebugShaders NO-SOURCE
[        ] Skipping task ':url_launcher_android:compileDebugShaders' as it has no source files and no previous output files.
[        ] Resolve mutations for :url_launcher_android:generateDebugAssets (Thread[#39345,Execution worker Thread 2,5,main]) started.
[        ] :url_launcher_android:generateDebugAssets (Thread[#39345,Execution worker Thread 2,5,main]) started.
[        ] > Task :url_launcher_android:generateDebugAssets UP-TO-DATE
[        ] Skipping task ':url_launcher_android:generateDebugAssets' as it has no actions.
[        ] Resolve mutations for :url_launcher_android:mergeDebugAssets (Thread[#39345,Execution worker Thread 2,5,main]) started.
[        ] :url_launcher_android:mergeDebugAssets (Thread[#39345,Execution worker Thread 2,5,main]) started.
[        ] > Task :url_launcher_android:mergeDebugAssets UP-TO-DATE
[        ] Caching disabled for task ':url_launcher_android:mergeDebugAssets' because:
[        ]   Build cache is disabled
[        ]   Simple merging task
[        ] Skipping task ':url_launcher_android:mergeDebugAssets' as it is up-to-date.
[        ] work action resolve mergeDebugAssets (project :url_launcher_android) (Thread[#39345,Execution worker Thread 2,5,main]) started.
[        ] Resolve mutations for :video_player_android:mergeDebugShaders (Thread[#39345,Execution worker Thread 2,5,main]) started.
[        ] :video_player_android:mergeDebugShaders (Thread[#39345,Execution worker Thread 2,5,main]) started.
[        ] > Task :video_player_android:mergeDebugShaders UP-TO-DATE
[        ] Caching disabled for task ':video_player_android:mergeDebugShaders' because:
[        ]   Build cache is disabled
[        ]   Simple merging task
[        ] Skipping task ':video_player_android:mergeDebugShaders' as it is up-to-date.
[        ] Resolve mutations for :video_player_android:compileDebugShaders (Thread[#39345,Execution worker Thread 2,5,main]) started.
[        ] :video_player_android:compileDebugShaders (Thread[#39345,Execution worker Thread 2,5,main]) started.
[        ] > Task :video_player_android:compileDebugShaders NO-SOURCE
[        ] Skipping task ':video_player_android:compileDebugShaders' as it has no source files and no previous output files.
[        ] Resolve mutations for :video_player_android:generateDebugAssets (Thread[#39345,Execution worker Thread 2,5,main]) started.
[        ] :video_player_android:generateDebugAssets (Thread[#39345,Execution worker Thread 2,5,main]) started.
[        ] > Task :video_player_android:generateDebugAssets UP-TO-DATE
[        ] Skipping task ':video_player_android:generateDebugAssets' as it has no actions.
[        ] Resolve mutations for :video_player_android:mergeDebugAssets (Thread[#39345,Execution worker Thread 2,5,main]) started.
[        ] :video_player_android:mergeDebugAssets (Thread[#39361,Execution worker Thread 17,5,main]) started.
[        ] > Task :video_player_android:mergeDebugAssets UP-TO-DATE
[        ] Caching disabled for task ':video_player_android:mergeDebugAssets' because:
[        ]   Build cache is disabled
[        ]   Simple merging task
[        ] Skipping task ':video_player_android:mergeDebugAssets' as it is up-to-date.
[        ] work action resolve mergeDebugAssets (project :video_player_android) (Thread[#39361,Execution worker Thread 17,5,main]) started.
[        ] Resolve mutations for :app:mergeDebugAssets (Thread[#39361,Execution worker Thread 17,5,main]) started.
[        ] :app:mergeDebugAssets (Thread[#39366,Execution worker Thread 22,5,main]) started.
[        ] > Task :app:mergeDebugAssets
[        ] Caching disabled for task ':app:mergeDebugAssets' because:
[        ]   Build cache is disabled
[        ]   Simple merging task
[        ] Task ':app:mergeDebugAssets' is not up-to-date because:
[        ]   Output property 'outputDir' file /Users/florian/Code/substitution/build/app/intermediates/assets/debug/mergeDebugAssets has been removed.
[        ] The input changes require a full rebuild for incremental task ':app:mergeDebugAssets'.
[        ] Resolve mutations for :app:copyFlutterAssetsDebug (Thread[#39366,Execution worker Thread 22,5,main]) started.
[        ] :app:copyFlutterAssetsDebug (Thread[#39357,Execution worker Thread 13,5,main]) started.
[  +88 ms] > Task :app:copyFlutterAssetsDebug
[        ] Caching disabled for task ':app:copyFlutterAssetsDebug' because:
[        ]   Build cache is disabled
[        ]   Not worth caching
[        ] Task ':app:copyFlutterAssetsDebug' is not up-to-date because:
[        ]   Output property 'destinationDir' file /Users/florian/Code/substitution/build/app/intermediates/assets/debug/mergeDebugAssets/flutter_assets has been removed.
[        ]   Output property 'destinationDir' file /Users/florian/Code/substitution/build/app/intermediates/assets/debug/mergeDebugAssets/flutter_assets/AssetManifest.bin has been removed.
[        ]   Output property 'destinationDir' file /Users/florian/Code/substitution/build/app/intermediates/assets/debug/mergeDebugAssets/flutter_assets/FontManifest.json has been removed.
[        ]   and more...
[        ] Resolve mutations for :app:generateDebugResValues (Thread[#39357,Execution worker Thread 13,5,main]) started.
[        ] :app:generateDebugResValues (Thread[#39357,Execution worker Thread 13,5,main]) started.
[        ] > Task :app:generateDebugResValues UP-TO-DATE
[        ] Caching disabled for task ':app:generateDebugResValues' because:
[        ]   Build cache is disabled
[        ] Skipping task ':app:generateDebugResValues' as it is up-to-date.
[        ] Resolve mutations for :connectivity_plus:generateDebugResValues (Thread[#39357,Execution worker Thread 13,5,main]) started.
[        ] :connectivity_plus:generateDebugResValues (Thread[#39357,Execution worker Thread 13,5,main]) started.
[        ] > Task :connectivity_plus:generateDebugResValues UP-TO-DATE
[        ] Caching disabled for task ':connectivity_plus:generateDebugResValues' because:
[        ]   Build cache is disabled
[        ] Skipping task ':connectivity_plus:generateDebugResValues' as it is up-to-date.
[        ] Resolve mutations for :connectivity_plus:generateDebugResources (Thread[#39357,Execution worker Thread 13,5,main]) started.
[        ] :connectivity_plus:generateDebugResources (Thread[#39357,Execution worker Thread 13,5,main]) started.
[        ] > Task :connectivity_plus:generateDebugResources UP-TO-DATE
[        ] Caching disabled for task ':connectivity_plus:generateDebugResources' because:
[        ]   Build cache is disabled
[        ] Skipping task ':connectivity_plus:generateDebugResources' as it is up-to-date.
[        ] Resolve mutations for :connectivity_plus:packageDebugResources (Thread[#39357,Execution worker Thread 13,5,main]) started.
[        ] :connectivity_plus:packageDebugResources (Thread[#39357,Execution worker Thread 13,5,main]) started.
[        ] > Task :connectivity_plus:packageDebugResources UP-TO-DATE
[        ] Caching disabled for task ':connectivity_plus:packageDebugResources' because:
[        ]   Build cache is disabled
[        ] Skipping task ':connectivity_plus:packageDebugResources' as it is up-to-date.
[        ] work action resolve packageDebugResources (project :connectivity_plus) (Thread[#39357,Execution worker Thread 13,5,main]) started.
[        ] Resolve mutations for :emoji_picker_flutter:generateDebugResValues (Thread[#39357,Execution worker Thread 13,5,main]) started.
[        ] :emoji_picker_flutter:generateDebugResValues (Thread[#39357,Execution worker Thread 13,5,main]) started.
[        ] > Task :emoji_picker_flutter:generateDebugResValues UP-TO-DATE
[        ] Caching disabled for task ':emoji_picker_flutter:generateDebugResValues' because:
[        ]   Build cache is disabled
[        ] Skipping task ':emoji_picker_flutter:generateDebugResValues' as it is up-to-date.
[        ] Resolve mutations for :emoji_picker_flutter:generateDebugResources (Thread[#39357,Execution worker Thread 13,5,main]) started.
[        ] :emoji_picker_flutter:generateDebugResources (Thread[#39357,Execution worker Thread 13,5,main]) started.
[        ] > Task :emoji_picker_flutter:generateDebugResources UP-TO-DATE
[        ] Caching disabled for task ':emoji_picker_flutter:generateDebugResources' because:
[        ]   Build cache is disabled
[        ] Skipping task ':emoji_picker_flutter:generateDebugResources' as it is up-to-date.
[        ] Resolve mutations for :emoji_picker_flutter:packageDebugResources (Thread[#39357,Execution worker Thread 13,5,main]) started.
[        ] :emoji_picker_flutter:packageDebugResources (Thread[#39357,Execution worker Thread 13,5,main]) started.
[        ] > Task :emoji_picker_flutter:packageDebugResources UP-TO-DATE
[        ] Caching disabled for task ':emoji_picker_flutter:packageDebugResources' because:
[        ]   Build cache is disabled
[        ] Skipping task ':emoji_picker_flutter:packageDebugResources' as it is up-to-date.
[        ] work action resolve packageDebugResources (project :emoji_picker_flutter) (Thread[#39357,Execution worker Thread 13,5,main]) started.
[        ] Resolve mutations for :file_selector_android:generateDebugResValues (Thread[#39357,Execution worker Thread 13,5,main]) started.
[        ] :file_selector_android:generateDebugResValues (Thread[#39357,Execution worker Thread 13,5,main]) started.
[        ] > Task :file_selector_android:generateDebugResValues UP-TO-DATE
[        ] Caching disabled for task ':file_selector_android:generateDebugResValues' because:
[        ]   Build cache is disabled
[        ] Skipping task ':file_selector_android:generateDebugResValues' as it is up-to-date.
[        ] Resolve mutations for :file_selector_android:generateDebugResources (Thread[#39357,Execution worker Thread 13,5,main]) started.
[        ] :file_selector_android:generateDebugResources (Thread[#39357,Execution worker Thread 13,5,main]) started.
[        ] > Task :file_selector_android:generateDebugResources UP-TO-DATE
[        ] Caching disabled for task ':file_selector_android:generateDebugResources' because:
[        ]   Build cache is disabled
[        ] Skipping task ':file_selector_android:generateDebugResources' as it is up-to-date.
[        ] Resolve mutations for :file_selector_android:packageDebugResources (Thread[#39357,Execution worker Thread 13,5,main]) started.
[        ] :file_selector_android:packageDebugResources (Thread[#39357,Execution worker Thread 13,5,main]) started.
[        ] > Task :file_selector_android:packageDebugResources UP-TO-DATE
[        ] Caching disabled for task ':file_selector_android:packageDebugResources' because:
[        ]   Build cache is disabled
[        ] Skipping task ':file_selector_android:packageDebugResources' as it is up-to-date.
[        ] work action resolve packageDebugResources (project :file_selector_android) (Thread[#39357,Execution worker Thread 13,5,main]) started.
[        ] Resolve mutations for :flutter_keyboard_visibility_temp_fork:generateDebugResValues (Thread[#39357,Execution worker Thread 13,5,main]) started.
[        ] :flutter_keyboard_visibility_temp_fork:generateDebugResValues (Thread[#39374,Execution worker Thread 30,5,main]) started.
[        ] > Task :flutter_keyboard_visibility_temp_fork:generateDebugResValues UP-TO-DATE
[        ] Caching disabled for task ':flutter_keyboard_visibility_temp_fork:generateDebugResValues' because:
[        ]   Build cache is disabled
[        ] Skipping task ':flutter_keyboard_visibility_temp_fork:generateDebugResValues' as it is up-to-date.
[        ] Resolve mutations for :flutter_keyboard_visibility_temp_fork:generateDebugResources (Thread[#39374,Execution worker Thread 30,5,main]) started.
[        ] :flutter_keyboard_visibility_temp_fork:generateDebugResources (Thread[#39359,Execution worker Thread 15,5,main]) started.
[        ] > Task :flutter_keyboard_visibility_temp_fork:generateDebugResources UP-TO-DATE
[        ] Caching disabled for task ':flutter_keyboard_visibility_temp_fork:generateDebugResources' because:
[        ]   Build cache is disabled
[        ] Skipping task ':flutter_keyboard_visibility_temp_fork:generateDebugResources' as it is up-to-date.
[        ] Resolve mutations for :flutter_keyboard_visibility_temp_fork:packageDebugResources (Thread[#39359,Execution worker Thread 15,5,main]) started.
06:18 +2 -16: loading /Users/florian/Code/substitution/integration_test/room_feed_test.dart                                                                                                            [ +105 ms] :flutter_keyboard_visibility_temp_fork:packageDebugResources (Thread[#39359,Execution worker Thread 15,5,main]) started.
[        ] > Task :flutter_keyboard_visibility_temp_fork:packageDebugResources UP-TO-DATE
[        ] Caching disabled for task ':flutter_keyboard_visibility_temp_fork:packageDebugResources' because:
[        ]   Build cache is disabled
[        ] Skipping task ':flutter_keyboard_visibility_temp_fork:packageDebugResources' as it is up-to-date.
[        ] work action resolve packageDebugResources (project :flutter_keyboard_visibility_temp_fork) (Thread[#39359,Execution worker Thread 15,5,main]) started.
[        ] Resolve mutations for :flutter_native_splash:generateDebugResValues (Thread[#39359,Execution worker Thread 15,5,main]) started.
[        ] :flutter_native_splash:generateDebugResValues (Thread[#39359,Execution worker Thread 15,5,main]) started.
[        ] > Task :flutter_native_splash:generateDebugResValues UP-TO-DATE
[        ] Caching disabled for task ':flutter_native_splash:generateDebugResValues' because:
[        ]   Build cache is disabled
[        ] Skipping task ':flutter_native_splash:generateDebugResValues' as it is up-to-date.
[        ] Resolve mutations for :flutter_native_splash:generateDebugResources (Thread[#39359,Execution worker Thread 15,5,main]) started.
[        ] :flutter_native_splash:generateDebugResources (Thread[#39359,Execution worker Thread 15,5,main]) started.
[        ] > Task :flutter_native_splash:generateDebugResources UP-TO-DATE
[        ] Caching disabled for task ':flutter_native_splash:generateDebugResources' because:
[        ]   Build cache is disabled
[        ] Skipping task ':flutter_native_splash:generateDebugResources' as it is up-to-date.
[        ] Resolve mutations for :flutter_native_splash:packageDebugResources (Thread[#39359,Execution worker Thread 15,5,main]) started.
[        ] :flutter_native_splash:packageDebugResources (Thread[#39359,Execution worker Thread 15,5,main]) started.
[        ] > Task :flutter_native_splash:packageDebugResources UP-TO-DATE
[        ] Caching disabled for task ':flutter_native_splash:packageDebugResources' because:
[        ]   Build cache is disabled
[        ] Skipping task ':flutter_native_splash:packageDebugResources' as it is up-to-date.
[        ] work action resolve packageDebugResources (project :flutter_native_splash) (Thread[#39359,Execution worker Thread 15,5,main]) started.
[        ] Resolve mutations for :flutter_olm:generateDebugResValues (Thread[#39359,Execution worker Thread 15,5,main]) started.
[        ] :flutter_olm:generateDebugResValues (Thread[#39359,Execution worker Thread 15,5,main]) started.
[        ] > Task :flutter_olm:generateDebugResValues UP-TO-DATE
[        ] Caching disabled for task ':flutter_olm:generateDebugResValues' because:
[        ]   Build cache is disabled
[        ] Skipping task ':flutter_olm:generateDebugResValues' as it is up-to-date.
[        ] Resolve mutations for :flutter_olm:generateDebugResources (Thread[#39359,Execution worker Thread 15,5,main]) started.
[        ] :flutter_olm:generateDebugResources (Thread[#39359,Execution worker Thread 15,5,main]) started.
[        ] > Task :flutter_olm:generateDebugResources UP-TO-DATE
[        ] Caching disabled for task ':flutter_olm:generateDebugResources' because:
[        ]   Build cache is disabled
[        ] Skipping task ':flutter_olm:generateDebugResources' as it is up-to-date.
[        ] Resolve mutations for :flutter_olm:packageDebugResources (Thread[#39359,Execution worker Thread 15,5,main]) started.
[        ] :flutter_olm:packageDebugResources (Thread[#39359,Execution worker Thread 15,5,main]) started.
[        ] > Task :flutter_olm:packageDebugResources UP-TO-DATE
[        ] Caching disabled for task ':flutter_olm:packageDebugResources' because:
[        ]   Build cache is disabled
[        ] Skipping task ':flutter_olm:packageDebugResources' as it is up-to-date.
[        ] work action resolve packageDebugResources (project :flutter_olm) (Thread[#39359,Execution worker Thread 15,5,main]) started.
[        ] Resolve mutations for :flutter_openssl_crypto:generateDebugResValues (Thread[#39359,Execution worker Thread 15,5,main]) started.
[        ] :flutter_openssl_crypto:generateDebugResValues (Thread[#39348,Execution worker Thread 5,5,main]) started.
[        ] > Task :flutter_openssl_crypto:generateDebugResValues UP-TO-DATE
[        ] Caching disabled for task ':flutter_openssl_crypto:generateDebugResValues' because:
[        ]   Build cache is disabled
[        ] Skipping task ':flutter_openssl_crypto:generateDebugResValues' as it is up-to-date.
[        ] Resolve mutations for :flutter_openssl_crypto:generateDebugResources (Thread[#39348,Execution worker Thread 5,5,main]) started.
[        ] :flutter_openssl_crypto:generateDebugResources (Thread[#39348,Execution worker Thread 5,5,main]) started.
[        ] > Task :flutter_openssl_crypto:generateDebugResources UP-TO-DATE
[        ] Caching disabled for task ':flutter_openssl_crypto:generateDebugResources' because:
[        ]   Build cache is disabled
[        ] Skipping task ':flutter_openssl_crypto:generateDebugResources' as it is up-to-date.
[        ] Resolve mutations for :flutter_openssl_crypto:packageDebugResources (Thread[#39348,Execution worker Thread 5,5,main]) started.
[        ] :flutter_openssl_crypto:packageDebugResources (Thread[#39348,Execution worker Thread 5,5,main]) started.
[        ] > Task :flutter_openssl_crypto:packageDebugResources UP-TO-DATE
[        ] Caching disabled for task ':flutter_openssl_crypto:packageDebugResources' because:
[        ]   Build cache is disabled
[        ] Skipping task ':flutter_openssl_crypto:packageDebugResources' as it is up-to-date.
[        ] work action resolve packageDebugResources (project :flutter_openssl_crypto) (Thread[#39348,Execution worker Thread 5,5,main]) started.
[        ] Resolve mutations for :integration_test:generateDebugResValues (Thread[#39348,Execution worker Thread 5,5,main]) started.
[        ] :integration_test:generateDebugResValues (Thread[#39344,Execution worker,5,main]) started.
[        ] > Task :integration_test:generateDebugResValues UP-TO-DATE
[        ] Caching disabled for task ':integration_test:generateDebugResValues' because:
[        ]   Build cache is disabled
[        ] Skipping task ':integration_test:generateDebugResValues' as it is up-to-date.
[        ] Resolve mutations for :integration_test:generateDebugResources (Thread[#39344,Execution worker,5,main]) started.
[        ] :integration_test:generateDebugResources (Thread[#39344,Execution worker,5,main]) started.
[        ] > Task :integration_test:generateDebugResources UP-TO-DATE
[        ] Caching disabled for task ':integration_test:generateDebugResources' because:
[        ]   Build cache is disabled
[        ] Skipping task ':integration_test:generateDebugResources' as it is up-to-date.
[        ] Resolve mutations for :integration_test:packageDebugResources (Thread[#39344,Execution worker,5,main]) started.
[        ] :integration_test:packageDebugResources (Thread[#39344,Execution worker,5,main]) started.
[        ] > Task :integration_test:packageDebugResources UP-TO-DATE
[        ] Caching disabled for task ':integration_test:packageDebugResources' because:
[        ]   Build cache is disabled
[        ] Skipping task ':integration_test:packageDebugResources' as it is up-to-date.
[        ] work action resolve packageDebugResources (project :integration_test) (Thread[#39344,Execution worker,5,main]) started.
[        ] Resolve mutations for :path_provider_android:generateDebugResValues (Thread[#39344,Execution worker,5,main]) started.
[        ] :path_provider_android:generateDebugResValues (Thread[#39344,Execution worker,5,main]) started.
[        ] > Task :path_provider_android:generateDebugResValues UP-TO-DATE
[        ] Caching disabled for task ':path_provider_android:generateDebugResValues' because:
[        ]   Build cache is disabled
[        ] Skipping task ':path_provider_android:generateDebugResValues' as it is up-to-date.
[        ] Resolve mutations for :path_provider_android:generateDebugResources (Thread[#39344,Execution worker,5,main]) started.
[        ] :path_provider_android:generateDebugResources (Thread[#39344,Execution worker,5,main]) started.
[        ] > Task :path_provider_android:generateDebugResources UP-TO-DATE
[        ] Caching disabled for task ':path_provider_android:generateDebugResources' because:
[        ]   Build cache is disabled
[        ] Skipping task ':path_provider_android:generateDebugResources' as it is up-to-date.
[        ] Resolve mutations for :path_provider_android:packageDebugResources (Thread[#39344,Execution worker,5,main]) started.
[        ] :path_provider_android:packageDebugResources (Thread[#39344,Execution worker,5,main]) started.
[        ] > Task :path_provider_android:packageDebugResources UP-TO-DATE
[        ] Caching disabled for task ':path_provider_android:packageDebugResources' because:
[        ]   Build cache is disabled
[        ] Skipping task ':path_provider_android:packageDebugResources' as it is up-to-date.
[        ] work action resolve packageDebugResources (project :path_provider_android) (Thread[#39344,Execution worker,5,main]) started.
[        ] Resolve mutations for :quill_native_bridge_android:generateDebugResValues (Thread[#39344,Execution worker,5,main]) started.
[        ] :quill_native_bridge_android:generateDebugResValues (Thread[#39344,Execution worker,5,main]) started.
[        ] > Task :quill_native_bridge_android:generateDebugResValues UP-TO-DATE
[        ] Caching disabled for task ':quill_native_bridge_android:generateDebugResValues' because:
[        ]   Build cache is disabled
[        ] Skipping task ':quill_native_bridge_android:generateDebugResValues' as it is up-to-date.
[        ] Resolve mutations for :quill_native_bridge_android:generateDebugResources (Thread[#39344,Execution worker,5,main]) started.
[        ] :quill_native_bridge_android:generateDebugResources (Thread[#39361,Execution worker Thread 17,5,main]) started.
[        ] > Task :quill_native_bridge_android:generateDebugResources UP-TO-DATE
[        ] Caching disabled for task ':quill_native_bridge_android:generateDebugResources' because:
[        ]   Build cache is disabled
[        ] Skipping task ':quill_native_bridge_android:generateDebugResources' as it is up-to-date.
[        ] Resolve mutations for :quill_native_bridge_android:packageDebugResources (Thread[#39361,Execution worker Thread 17,5,main]) started.
[        ] :quill_native_bridge_android:packageDebugResources (Thread[#39361,Execution worker Thread 17,5,main]) started.
[        ] > Task :quill_native_bridge_android:packageDebugResources UP-TO-DATE
[        ] Caching disabled for task ':quill_native_bridge_android:packageDebugResources' because:
[        ]   Build cache is disabled
[        ] Skipping task ':quill_native_bridge_android:packageDebugResources' as it is up-to-date.
[        ] work action resolve packageDebugResources (project :quill_native_bridge_android) (Thread[#39361,Execution worker Thread 17,5,main]) started.
[        ] Resolve mutations for :shared_preferences_android:generateDebugResValues (Thread[#39361,Execution worker Thread 17,5,main]) started.
[        ] :shared_preferences_android:generateDebugResValues (Thread[#39344,Execution worker,5,main]) started.
[        ] > Task :shared_preferences_android:generateDebugResValues UP-TO-DATE
[        ] Caching disabled for task ':shared_preferences_android:generateDebugResValues' because:
[        ]   Build cache is disabled
[        ] Skipping task ':shared_preferences_android:generateDebugResValues' as it is up-to-date.
[        ] Resolve mutations for :shared_preferences_android:generateDebugResources (Thread[#39344,Execution worker,5,main]) started.
[        ] :shared_preferences_android:generateDebugResources (Thread[#39344,Execution worker,5,main]) started.
[        ] > Task :shared_preferences_android:generateDebugResources UP-TO-DATE
[        ] Caching disabled for task ':shared_preferences_android:generateDebugResources' because:
[        ]   Build cache is disabled
[        ] Skipping task ':shared_preferences_android:generateDebugResources' as it is up-to-date.
[        ] Resolve mutations for :shared_preferences_android:packageDebugResources (Thread[#39344,Execution worker,5,main]) started.
[        ] :shared_preferences_android:packageDebugResources (Thread[#39344,Execution worker,5,main]) started.
[        ] > Task :shared_preferences_android:packageDebugResources UP-TO-DATE
[        ] Caching disabled for task ':shared_preferences_android:packageDebugResources' because:
[        ]   Build cache is disabled
[        ] Skipping task ':shared_preferences_android:packageDebugResources' as it is up-to-date.
[        ] work action resolve packageDebugResources (project :shared_preferences_android) (Thread[#39344,Execution worker,5,main]) started.
[        ] Resolve mutations for :sqflite_android:generateDebugResValues (Thread[#39344,Execution worker,5,main]) started.
[        ] :sqflite_android:generateDebugResValues (Thread[#39344,Execution worker,5,main]) started.
[        ] > Task :sqflite_android:generateDebugResValues UP-TO-DATE
[        ] Caching disabled for task ':sqflite_android:generateDebugResValues' because:
[        ]   Build cache is disabled
[        ] Skipping task ':sqflite_android:generateDebugResValues' as it is up-to-date.
[        ] Resolve mutations for :sqflite_android:generateDebugResources (Thread[#39344,Execution worker,5,main]) started.
[        ] :sqflite_android:generateDebugResources (Thread[#39344,Execution worker,5,main]) started.
[        ] > Task :sqflite_android:generateDebugResources UP-TO-DATE
[        ] Caching disabled for task ':sqflite_android:generateDebugResources' because:
[        ]   Build cache is disabled
[        ] Skipping task ':sqflite_android:generateDebugResources' as it is up-to-date.
[        ] Resolve mutations for :sqflite_android:packageDebugResources (Thread[#39344,Execution worker,5,main]) started.
[        ] :sqflite_android:packageDebugResources (Thread[#39375,Execution worker Thread 31,5,main]) started.
[        ] > Task :sqflite_android:packageDebugResources UP-TO-DATE
[        ] Caching disabled for task ':sqflite_android:packageDebugResources' because:
[        ]   Build cache is disabled
[        ] Skipping task ':sqflite_android:packageDebugResources' as it is up-to-date.
[        ] work action resolve packageDebugResources (project :sqflite_android) (Thread[#39375,Execution worker Thread 31,5,main]) started.
[        ] Resolve mutations for :url_launcher_android:generateDebugResValues (Thread[#39375,Execution worker Thread 31,5,main]) started.
[        ] :url_launcher_android:generateDebugResValues (Thread[#39375,Execution worker Thread 31,5,main]) started.
[        ] > Task :url_launcher_android:generateDebugResValues UP-TO-DATE
[        ] Caching disabled for task ':url_launcher_android:generateDebugResValues' because:
[        ]   Build cache is disabled
[        ] Skipping task ':url_launcher_android:generateDebugResValues' as it is up-to-date.
[        ] Resolve mutations for :url_launcher_android:generateDebugResources (Thread[#39375,Execution worker Thread 31,5,main]) started.
[        ] :url_launcher_android:generateDebugResources (Thread[#39375,Execution worker Thread 31,5,main]) started.
[        ] > Task :url_launcher_android:generateDebugResources UP-TO-DATE
[        ] Caching disabled for task ':url_launcher_android:generateDebugResources' because:
[        ]   Build cache is disabled
[        ] Skipping task ':url_launcher_android:generateDebugResources' as it is up-to-date.
[        ] Resolve mutations for :url_launcher_android:packageDebugResources (Thread[#39375,Execution worker Thread 31,5,main]) started.
[        ] :url_launcher_android:packageDebugResources (Thread[#39375,Execution worker Thread 31,5,main]) started.
[        ] > Task :url_launcher_android:packageDebugResources UP-TO-DATE
[        ] Caching disabled for task ':url_launcher_android:packageDebugResources' because:
[        ]   Build cache is disabled
[        ] Skipping task ':url_launcher_android:packageDebugResources' as it is up-to-date.
[        ] work action resolve packageDebugResources (project :url_launcher_android) (Thread[#39375,Execution worker Thread 31,5,main]) started.
[        ] Resolve mutations for :video_player_android:generateDebugResValues (Thread[#39375,Execution worker Thread 31,5,main]) started.
[        ] :video_player_android:generateDebugResValues (Thread[#39375,Execution worker Thread 31,5,main]) started.
[        ] > Task :video_player_android:generateDebugResValues UP-TO-DATE
[        ] Caching disabled for task ':video_player_android:generateDebugResValues' because:
[        ]   Build cache is disabled
[        ] Skipping task ':video_player_android:generateDebugResValues' as it is up-to-date.
[        ] Resolve mutations for :video_player_android:generateDebugResources (Thread[#39375,Execution worker Thread 31,5,main]) started.
[        ] :video_player_android:generateDebugResources (Thread[#39375,Execution worker Thread 31,5,main]) started.
[        ] > Task :video_player_android:generateDebugResources UP-TO-DATE
[        ] Caching disabled for task ':video_player_android:generateDebugResources' because:
[        ]   Build cache is disabled
[        ] Skipping task ':video_player_android:generateDebugResources' as it is up-to-date.
[        ] Resolve mutations for :video_player_android:packageDebugResources (Thread[#39375,Execution worker Thread 31,5,main]) started.
[        ] :video_player_android:packageDebugResources (Thread[#39375,Execution worker Thread 31,5,main]) started.
[        ] > Task :video_player_android:packageDebugResources UP-TO-DATE
[        ] Caching disabled for task ':video_player_android:packageDebugResources' because:
[        ]   Build cache is disabled
[        ] Skipping task ':video_player_android:packageDebugResources' as it is up-to-date.
[        ] work action resolve packageDebugResources (project :video_player_android) (Thread[#39375,Execution worker Thread 31,5,main]) started.
[        ] Resolve mutations for :app:mapDebugSourceSetPaths (Thread[#39375,Execution worker Thread 31,5,main]) started.
[        ] :app:mapDebugSourceSetPaths (Thread[#39375,Execution worker Thread 31,5,main]) started.
[        ] > Task :app:mapDebugSourceSetPaths UP-TO-DATE
[        ] Caching disabled for task ':app:mapDebugSourceSetPaths' because:
[        ]   Build cache is disabled
[        ]   Caching has been disabled for the task
[        ] Skipping task ':app:mapDebugSourceSetPaths' as it is up-to-date.
[        ] Resolve mutations for :app:generateDebugResources (Thread[#39375,Execution worker Thread 31,5,main]) started.
[        ] :app:generateDebugResources (Thread[#39375,Execution worker Thread 31,5,main]) started.
[        ] > Task :app:generateDebugResources UP-TO-DATE
[        ] Caching disabled for task ':app:generateDebugResources' because:
[        ]   Build cache is disabled
[        ] Skipping task ':app:generateDebugResources' as it is up-to-date.
[        ] Resolve mutations for :app:mergeDebugResources (Thread[#39375,Execution worker Thread 31,5,main]) started.
[        ] :app:mergeDebugResources (Thread[#39375,Execution worker Thread 31,5,main]) started.
[        ] > Task :app:mergeDebugResources UP-TO-DATE
[        ] Caching disabled for task ':app:mergeDebugResources' because:
[        ]   Build cache is disabled
[        ] Skipping task ':app:mergeDebugResources' as it is up-to-date.
[        ] Resolve mutations for :app:packageDebugResources (Thread[#39375,Execution worker Thread 31,5,main]) started.
[        ] :app:packageDebugResources (Thread[#39375,Execution worker Thread 31,5,main]) started.
[        ] > Task :app:packageDebugResources UP-TO-DATE
[        ] Caching disabled for task ':app:packageDebugResources' because:
[        ]   Build cache is disabled
[        ] Skipping task ':app:packageDebugResources' as it is up-to-date.
[        ] Resolve mutations for :app:parseDebugLocalResources (Thread[#39375,Execution worker Thread 31,5,main]) started.
[        ] :app:parseDebugLocalResources (Thread[#39355,Execution worker Thread 11,5,main]) started.
[        ] > Task :app:parseDebugLocalResources UP-TO-DATE
[        ] Caching disabled for task ':app:parseDebugLocalResources' because:
[        ]   Build cache is disabled
[        ] Skipping task ':app:parseDebugLocalResources' as it is up-to-date.
[        ] Resolve mutations for :app:createDebugCompatibleScreenManifests (Thread[#39355,Execution worker Thread 11,5,main]) started.
[        ] :app:createDebugCompatibleScreenManifests (Thread[#39355,Execution worker Thread 11,5,main]) started.
[        ] > Task :app:createDebugCompatibleScreenManifests UP-TO-DATE
[        ] Caching disabled for task ':app:createDebugCompatibleScreenManifests' because:
[        ]   Build cache is disabled
[        ]   Caching has been disabled for the task
[        ] Skipping task ':app:createDebugCompatibleScreenManifests' as it is up-to-date.
[        ] Resolve mutations for :app:extractDeepLinksDebug (Thread[#39355,Execution worker Thread 11,5,main]) started.
[        ] :app:extractDeepLinksDebug (Thread[#39355,Execution worker Thread 11,5,main]) started.
[        ] > Task :app:extractDeepLinksDebug UP-TO-DATE
[        ] Caching disabled for task ':app:extractDeepLinksDebug' because:
[        ]   Build cache is disabled
[        ] Skipping task ':app:extractDeepLinksDebug' as it is up-to-date.
[        ] Resolve mutations for :connectivity_plus:extractDeepLinksDebug (Thread[#39355,Execution worker Thread 11,5,main]) started.
[        ] :connectivity_plus:extractDeepLinksDebug (Thread[#39355,Execution worker Thread 11,5,main]) started.
[        ] > Task :connectivity_plus:extractDeepLinksDebug UP-TO-DATE
[        ] Caching disabled for task ':connectivity_plus:extractDeepLinksDebug' because:
[        ]   Build cache is disabled
[        ] Skipping task ':connectivity_plus:extractDeepLinksDebug' as it is up-to-date.
[        ] work action resolve navigation.json (project :connectivity_plus) (Thread[#39355,Execution worker Thread 11,5,main]) started.
[        ] Resolve mutations for :connectivity_plus:processDebugManifest (Thread[#39355,Execution worker Thread 11,5,main]) started.
[        ] :connectivity_plus:processDebugManifest (Thread[#39355,Execution worker Thread 11,5,main]) started.
[        ] > Task :connectivity_plus:processDebugManifest UP-TO-DATE
[        ] Caching disabled for task ':connectivity_plus:processDebugManifest' because:
[        ]   Build cache is disabled
[        ] Skipping task ':connectivity_plus:processDebugManifest' as it is up-to-date.
[        ] work action resolve AndroidManifest.xml (project :connectivity_plus) (Thread[#39355,Execution worker Thread 11,5,main]) started.
[        ] Resolve mutations for :emoji_picker_flutter:extractDeepLinksDebug (Thread[#39355,Execution worker Thread 11,5,main]) started.
[        ] :emoji_picker_flutter:extractDeepLinksDebug (Thread[#39355,Execution worker Thread 11,5,main]) started.
[        ] > Task :emoji_picker_flutter:extractDeepLinksDebug UP-TO-DATE
[        ] Caching disabled for task ':emoji_picker_flutter:extractDeepLinksDebug' because:
[        ]   Build cache is disabled
[        ] Skipping task ':emoji_picker_flutter:extractDeepLinksDebug' as it is up-to-date.
[        ] work action resolve navigation.json (project :emoji_picker_flutter) (Thread[#39355,Execution worker Thread 11,5,main]) started.
[        ] Resolve mutations for :emoji_picker_flutter:processDebugManifest (Thread[#39355,Execution worker Thread 11,5,main]) started.
[        ] :emoji_picker_flutter:processDebugManifest (Thread[#39355,Execution worker Thread 11,5,main]) started.
[        ] > Task :emoji_picker_flutter:processDebugManifest UP-TO-DATE
[        ] Caching disabled for task ':emoji_picker_flutter:processDebugManifest' because:
[        ]   Build cache is disabled
[        ] Skipping task ':emoji_picker_flutter:processDebugManifest' as it is up-to-date.
[        ] work action resolve AndroidManifest.xml (project :emoji_picker_flutter) (Thread[#39355,Execution worker Thread 11,5,main]) started.
[        ] Resolve mutations for :file_selector_android:extractDeepLinksDebug (Thread[#39355,Execution worker Thread 11,5,main]) started.
[        ] :file_selector_android:extractDeepLinksDebug (Thread[#39355,Execution worker Thread 11,5,main]) started.
[        ] > Task :file_selector_android:extractDeepLinksDebug UP-TO-DATE
[        ] Caching disabled for task ':file_selector_android:extractDeepLinksDebug' because:
[        ]   Build cache is disabled
[        ] Skipping task ':file_selector_android:extractDeepLinksDebug' as it is up-to-date.
[        ] work action resolve navigation.json (project :file_selector_android) (Thread[#39355,Execution worker Thread 11,5,main]) started.
[        ] Resolve mutations for :file_selector_android:processDebugManifest (Thread[#39355,Execution worker Thread 11,5,main]) started.
[        ] :file_selector_android:processDebugManifest (Thread[#39355,Execution worker Thread 11,5,main]) started.
[        ] > Task :file_selector_android:processDebugManifest UP-TO-DATE
[        ] Caching disabled for task ':file_selector_android:processDebugManifest' because:
[        ]   Build cache is disabled
[        ] Skipping task ':file_selector_android:processDebugManifest' as it is up-to-date.
[        ] work action resolve AndroidManifest.xml (project :file_selector_android) (Thread[#39355,Execution worker Thread 11,5,main]) started.
[        ] Resolve mutations for :flutter_keyboard_visibility_temp_fork:extractDeepLinksDebug (Thread[#39355,Execution worker Thread 11,5,main]) started.
[        ] :flutter_keyboard_visibility_temp_fork:extractDeepLinksDebug (Thread[#39355,Execution worker Thread 11,5,main]) started.
[        ] > Task :flutter_keyboard_visibility_temp_fork:extractDeepLinksDebug UP-TO-DATE
[        ] Caching disabled for task ':flutter_keyboard_visibility_temp_fork:extractDeepLinksDebug' because:
[        ]   Build cache is disabled
[        ] Skipping task ':flutter_keyboard_visibility_temp_fork:extractDeepLinksDebug' as it is up-to-date.
[        ] work action resolve navigation.json (project :flutter_keyboard_visibility_temp_fork) (Thread[#39355,Execution worker Thread 11,5,main]) started.
[        ] Resolve mutations for :flutter_keyboard_visibility_temp_fork:processDebugManifest (Thread[#39355,Execution worker Thread 11,5,main]) started.
[        ] :flutter_keyboard_visibility_temp_fork:processDebugManifest (Thread[#39355,Execution worker Thread 11,5,main]) started.
[        ] > Task :flutter_keyboard_visibility_temp_fork:processDebugManifest UP-TO-DATE
[        ] Caching disabled for task ':flutter_keyboard_visibility_temp_fork:processDebugManifest' because:
[        ]   Build cache is disabled
[        ] Skipping task ':flutter_keyboard_visibility_temp_fork:processDebugManifest' as it is up-to-date.
[        ] work action resolve AndroidManifest.xml (project :flutter_keyboard_visibility_temp_fork) (Thread[#39355,Execution worker Thread 11,5,main]) started.
[        ] Resolve mutations for :flutter_native_splash:extractDeepLinksDebug (Thread[#39355,Execution worker Thread 11,5,main]) started.
[        ] :flutter_native_splash:extractDeepLinksDebug (Thread[#39355,Execution worker Thread 11,5,main]) started.
[        ] > Task :flutter_native_splash:extractDeepLinksDebug UP-TO-DATE
[        ] Caching disabled for task ':flutter_native_splash:extractDeepLinksDebug' because:
[        ]   Build cache is disabled
[        ] Skipping task ':flutter_native_splash:extractDeepLinksDebug' as it is up-to-date.
[        ] work action resolve navigation.json (project :flutter_native_splash) (Thread[#39355,Execution worker Thread 11,5,main]) started.
[        ] Resolve mutations for :flutter_native_splash:processDebugManifest (Thread[#39355,Execution worker Thread 11,5,main]) started.
[        ] :flutter_native_splash:processDebugManifest (Thread[#39355,Execution worker Thread 11,5,main]) started.
[        ] > Task :flutter_native_splash:processDebugManifest UP-TO-DATE
[        ] Caching disabled for task ':flutter_native_splash:processDebugManifest' because:
[        ]   Build cache is disabled
[        ] Skipping task ':flutter_native_splash:processDebugManifest' as it is up-to-date.
[        ] work action resolve AndroidManifest.xml (project :flutter_native_splash) (Thread[#39355,Execution worker Thread 11,5,main]) started.
[        ] Resolve mutations for :flutter_olm:extractDeepLinksDebug (Thread[#39355,Execution worker Thread 11,5,main]) started.
[        ] :flutter_olm:extractDeepLinksDebug (Thread[#39355,Execution worker Thread 11,5,main]) started.
[        ] > Task :flutter_olm:extractDeepLinksDebug UP-TO-DATE
[        ] Caching disabled for task ':flutter_olm:extractDeepLinksDebug' because:
[        ]   Build cache is disabled
[        ] Skipping task ':flutter_olm:extractDeepLinksDebug' as it is up-to-date.
[        ] work action resolve navigation.json (project :flutter_olm) (Thread[#39355,Execution worker Thread 11,5,main]) started.
[        ] Resolve mutations for :flutter_olm:processDebugManifest (Thread[#39355,Execution worker Thread 11,5,main]) started.
[        ] :flutter_olm:processDebugManifest (Thread[#39355,Execution worker Thread 11,5,main]) started.
[        ] > Task :flutter_olm:processDebugManifest UP-TO-DATE
[        ] Caching disabled for task ':flutter_olm:processDebugManifest' because:
[        ]   Build cache is disabled
[        ] Skipping task ':flutter_olm:processDebugManifest' as it is up-to-date.
[        ] work action resolve AndroidManifest.xml (project :flutter_olm) (Thread[#39355,Execution worker Thread 11,5,main]) started.
[        ] Resolve mutations for :flutter_openssl_crypto:extractDeepLinksDebug (Thread[#39355,Execution worker Thread 11,5,main]) started.
[        ] :flutter_openssl_crypto:extractDeepLinksDebug (Thread[#39355,Execution worker Thread 11,5,main]) started.
[        ] > Task :flutter_openssl_crypto:extractDeepLinksDebug UP-TO-DATE
[        ] Caching disabled for task ':flutter_openssl_crypto:extractDeepLinksDebug' because:
[        ]   Build cache is disabled
[        ] Skipping task ':flutter_openssl_crypto:extractDeepLinksDebug' as it is up-to-date.
[        ] work action resolve navigation.json (project :flutter_openssl_crypto) (Thread[#39355,Execution worker Thread 11,5,main]) started.
[        ] Resolve mutations for :flutter_openssl_crypto:processDebugManifest (Thread[#39355,Execution worker Thread 11,5,main]) started.
[        ] :flutter_openssl_crypto:processDebugManifest (Thread[#39355,Execution worker Thread 11,5,main]) started.
[        ] > Task :flutter_openssl_crypto:processDebugManifest UP-TO-DATE
[        ] Caching disabled for task ':flutter_openssl_crypto:processDebugManifest' because:
[        ]   Build cache is disabled
[        ] Skipping task ':flutter_openssl_crypto:processDebugManifest' as it is up-to-date.
[        ] work action resolve AndroidManifest.xml (project :flutter_openssl_crypto) (Thread[#39355,Execution worker Thread 11,5,main]) started.
[        ] Resolve mutations for :integration_test:extractDeepLinksDebug (Thread[#39355,Execution worker Thread 11,5,main]) started.
[        ] :integration_test:extractDeepLinksDebug (Thread[#39355,Execution worker Thread 11,5,main]) started.
[        ] > Task :integration_test:extractDeepLinksDebug UP-TO-DATE
[        ] Caching disabled for task ':integration_test:extractDeepLinksDebug' because:
[        ]   Build cache is disabled
[        ] Skipping task ':integration_test:extractDeepLinksDebug' as it is up-to-date.
[        ] work action resolve navigation.json (project :integration_test) (Thread[#39355,Execution worker Thread 11,5,main]) started.
[        ] Resolve mutations for :integration_test:processDebugManifest (Thread[#39355,Execution worker Thread 11,5,main]) started.
[        ] :integration_test:processDebugManifest (Thread[#39355,Execution worker Thread 11,5,main]) started.
[        ] > Task :integration_test:processDebugManifest UP-TO-DATE
[        ] Caching disabled for task ':integration_test:processDebugManifest' because:
[        ]   Build cache is disabled
[        ] Skipping task ':integration_test:processDebugManifest' as it is up-to-date.
[        ] work action resolve AndroidManifest.xml (project :integration_test) (Thread[#39355,Execution worker Thread 11,5,main]) started.
[        ] Resolve mutations for :path_provider_android:extractDeepLinksDebug (Thread[#39355,Execution worker Thread 11,5,main]) started.
[        ] :path_provider_android:extractDeepLinksDebug (Thread[#39355,Execution worker Thread 11,5,main]) started.
[        ] > Task :path_provider_android:extractDeepLinksDebug UP-TO-DATE
[        ] Caching disabled for task ':path_provider_android:extractDeepLinksDebug' because:
[        ]   Build cache is disabled
[        ] Skipping task ':path_provider_android:extractDeepLinksDebug' as it is up-to-date.
[        ] work action resolve navigation.json (project :path_provider_android) (Thread[#39355,Execution worker Thread 11,5,main]) started.
[        ] Resolve mutations for :path_provider_android:processDebugManifest (Thread[#39355,Execution worker Thread 11,5,main]) started.
[        ] :path_provider_android:processDebugManifest (Thread[#39355,Execution worker Thread 11,5,main]) started.
[        ] > Task :path_provider_android:processDebugManifest UP-TO-DATE
[        ] Caching disabled for task ':path_provider_android:processDebugManifest' because:
[        ]   Build cache is disabled
[        ] Skipping task ':path_provider_android:processDebugManifest' as it is up-to-date.
[        ] work action resolve AndroidManifest.xml (project :path_provider_android) (Thread[#39355,Execution worker Thread 11,5,main]) started.
[        ] Resolve mutations for :quill_native_bridge_android:extractDeepLinksDebug (Thread[#39355,Execution worker Thread 11,5,main]) started.
[        ] :quill_native_bridge_android:extractDeepLinksDebug (Thread[#39355,Execution worker Thread 11,5,main]) started.
[        ] > Task :quill_native_bridge_android:extractDeepLinksDebug UP-TO-DATE
[        ] Caching disabled for task ':quill_native_bridge_android:extractDeepLinksDebug' because:
[        ]   Build cache is disabled
[        ] Skipping task ':quill_native_bridge_android:extractDeepLinksDebug' as it is up-to-date.
[        ] work action resolve navigation.json (project :quill_native_bridge_android) (Thread[#39355,Execution worker Thread 11,5,main]) started.
[        ] Resolve mutations for :quill_native_bridge_android:processDebugManifest (Thread[#39355,Execution worker Thread 11,5,main]) started.
[        ] :quill_native_bridge_android:processDebugManifest (Thread[#39355,Execution worker Thread 11,5,main]) started.
[        ] > Task :quill_native_bridge_android:processDebugManifest UP-TO-DATE
[        ] Caching disabled for task ':quill_native_bridge_android:processDebugManifest' because:
[        ]   Build cache is disabled
[        ] Skipping task ':quill_native_bridge_android:processDebugManifest' as it is up-to-date.
[        ] work action resolve AndroidManifest.xml (project :quill_native_bridge_android) (Thread[#39355,Execution worker Thread 11,5,main]) started.
[        ] Resolve mutations for :shared_preferences_android:extractDeepLinksDebug (Thread[#39355,Execution worker Thread 11,5,main]) started.
[        ] :shared_preferences_android:extractDeepLinksDebug (Thread[#39355,Execution worker Thread 11,5,main]) started.
[        ] > Task :shared_preferences_android:extractDeepLinksDebug UP-TO-DATE
[        ] Caching disabled for task ':shared_preferences_android:extractDeepLinksDebug' because:
[        ]   Build cache is disabled
[        ] Skipping task ':shared_preferences_android:extractDeepLinksDebug' as it is up-to-date.
[        ] work action resolve navigation.json (project :shared_preferences_android) (Thread[#39355,Execution worker Thread 11,5,main]) started.
[        ] Resolve mutations for :shared_preferences_android:processDebugManifest (Thread[#39355,Execution worker Thread 11,5,main]) started.
[        ] :shared_preferences_android:processDebugManifest (Thread[#39355,Execution worker Thread 11,5,main]) started.
[        ] > Task :shared_preferences_android:processDebugManifest UP-TO-DATE
[        ] Caching disabled for task ':shared_preferences_android:processDebugManifest' because:
[        ]   Build cache is disabled
[        ] Skipping task ':shared_preferences_android:processDebugManifest' as it is up-to-date.
[        ] work action resolve AndroidManifest.xml (project :shared_preferences_android) (Thread[#39355,Execution worker Thread 11,5,main]) started.
[        ] Resolve mutations for :sqflite_android:extractDeepLinksDebug (Thread[#39355,Execution worker Thread 11,5,main]) started.
[        ] :sqflite_android:extractDeepLinksDebug (Thread[#39355,Execution worker Thread 11,5,main]) started.
[        ] > Task :sqflite_android:extractDeepLinksDebug UP-TO-DATE
[        ] Caching disabled for task ':sqflite_android:extractDeepLinksDebug' because:
[        ]   Build cache is disabled
[        ] Skipping task ':sqflite_android:extractDeepLinksDebug' as it is up-to-date.
[        ] work action resolve navigation.json (project :sqflite_android) (Thread[#39355,Execution worker Thread 11,5,main]) started.
[        ] Resolve mutations for :sqflite_android:processDebugManifest (Thread[#39355,Execution worker Thread 11,5,main]) started.
[        ] :sqflite_android:processDebugManifest (Thread[#39355,Execution worker Thread 11,5,main]) started.
[        ] > Task :sqflite_android:processDebugManifest UP-TO-DATE
[        ] Caching disabled for task ':sqflite_android:processDebugManifest' because:
[        ]   Build cache is disabled
[        ] Skipping task ':sqflite_android:processDebugManifest' as it is up-to-date.
[        ] work action resolve AndroidManifest.xml (project :sqflite_android) (Thread[#39355,Execution worker Thread 11,5,main]) started.
[        ] Resolve mutations for :url_launcher_android:extractDeepLinksDebug (Thread[#39355,Execution worker Thread 11,5,main]) started.
[        ] :url_launcher_android:extractDeepLinksDebug (Thread[#39355,Execution worker Thread 11,5,main]) started.
[        ] > Task :url_launcher_android:extractDeepLinksDebug UP-TO-DATE
[        ] Caching disabled for task ':url_launcher_android:extractDeepLinksDebug' because:
[        ]   Build cache is disabled
[        ] Skipping task ':url_launcher_android:extractDeepLinksDebug' as it is up-to-date.
[        ] work action resolve navigation.json (project :url_launcher_android) (Thread[#39355,Execution worker Thread 11,5,main]) started.
[        ] Resolve mutations for :url_launcher_android:processDebugManifest (Thread[#39355,Execution worker Thread 11,5,main]) started.
[        ] :url_launcher_android:processDebugManifest (Thread[#39355,Execution worker Thread 11,5,main]) started.
[        ] > Task :url_launcher_android:processDebugManifest UP-TO-DATE
[        ] Caching disabled for task ':url_launcher_android:processDebugManifest' because:
[        ]   Build cache is disabled
[        ] Skipping task ':url_launcher_android:processDebugManifest' as it is up-to-date.
[        ] work action resolve AndroidManifest.xml (project :url_launcher_android) (Thread[#39355,Execution worker Thread 11,5,main]) started.
[        ] Resolve mutations for :video_player_android:extractDeepLinksDebug (Thread[#39355,Execution worker Thread 11,5,main]) started.
[        ] :video_player_android:extractDeepLinksDebug (Thread[#39355,Execution worker Thread 11,5,main]) started.
[        ] > Task :video_player_android:extractDeepLinksDebug UP-TO-DATE
[        ] Caching disabled for task ':video_player_android:extractDeepLinksDebug' because:
[        ]   Build cache is disabled
[        ] Skipping task ':video_player_android:extractDeepLinksDebug' as it is up-to-date.
[        ] work action resolve navigation.json (project :video_player_android) (Thread[#39355,Execution worker Thread 11,5,main]) started.
[        ] Resolve mutations for :video_player_android:processDebugManifest (Thread[#39355,Execution worker Thread 11,5,main]) started.
[        ] :video_player_android:processDebugManifest (Thread[#39355,Execution worker Thread 11,5,main]) started.
[        ] > Task :video_player_android:processDebugManifest UP-TO-DATE
[        ] Caching disabled for task ':video_player_android:processDebugManifest' because:
[        ]   Build cache is disabled
[        ] Skipping task ':video_player_android:processDebugManifest' as it is up-to-date.
[        ] work action resolve AndroidManifest.xml (project :video_player_android) (Thread[#39355,Execution worker Thread 11,5,main]) started.
[        ] Resolve mutations for :app:processDebugMainManifest (Thread[#39355,Execution worker Thread 11,5,main]) started.
[        ] :app:processDebugMainManifest (Thread[#39355,Execution worker Thread 11,5,main]) started.
[        ] > Task :app:processDebugMainManifest UP-TO-DATE
[        ] Caching disabled for task ':app:processDebugMainManifest' because:
[        ]   Build cache is disabled
[        ] Skipping task ':app:processDebugMainManifest' as it is up-to-date.
[        ] Resolve mutations for :app:outputDebugAppLinkSettings (Thread[#39355,Execution worker Thread 11,5,main]) started.
[        ] :app:outputDebugAppLinkSettings (Thread[#39355,Execution worker Thread 11,5,main]) started.
[        ] > Task :app:outputDebugAppLinkSettings UP-TO-DATE
[        ] Caching disabled for task ':app:outputDebugAppLinkSettings' because:
[        ]   Build cache is disabled
[        ]   Caching has not been enabled for the task
[        ] Skipping task ':app:outputDebugAppLinkSettings' as it is up-to-date.
[        ] Resolve mutations for :app:processDebugManifest (Thread[#39355,Execution worker Thread 11,5,main]) started.
[        ] :app:processDebugManifest (Thread[#39355,Execution worker Thread 11,5,main]) started.
[        ] > Task :app:processDebugManifest UP-TO-DATE
[        ] Caching disabled for task ':app:processDebugManifest' because:
[        ]   Build cache is disabled
[        ] Skipping task ':app:processDebugManifest' as it is up-to-date.
[        ] Resolve mutations for :app:processDebugManifestForPackage (Thread[#39355,Execution worker Thread 11,5,main]) started.
[        ] :app:processDebugManifestForPackage (Thread[#39355,Execution worker Thread 11,5,main]) started.
[        ] > Task :app:processDebugManifestForPackage UP-TO-DATE
[        ] Custom actions are attached to task ':app:processDebugManifestForPackage'.
[        ] Caching disabled for task ':app:processDebugManifestForPackage' because:
[        ]   Build cache is disabled
[        ] Skipping task ':app:processDebugManifestForPackage' as it is up-to-date.
[        ] Resolve mutations for :connectivity_plus:compileDebugLibraryResources (Thread[#39355,Execution worker Thread 11,5,main]) started.
[        ] :connectivity_plus:compileDebugLibraryResources (Thread[#39355,Execution worker Thread 11,5,main]) started.
[        ] > Task :connectivity_plus:compileDebugLibraryResources UP-TO-DATE
[        ] Caching disabled for task ':connectivity_plus:compileDebugLibraryResources' because:
[        ]   Build cache is disabled
[        ] Skipping task ':connectivity_plus:compileDebugLibraryResources' as it is up-to-date.
[        ] work action resolve out (project :connectivity_plus) (Thread[#39355,Execution worker Thread 11,5,main]) started.
[        ] Resolve mutations for :connectivity_plus:parseDebugLocalResources (Thread[#39355,Execution worker Thread 11,5,main]) started.
[        ] :connectivity_plus:parseDebugLocalResources (Thread[#39355,Execution worker Thread 11,5,main]) started.
[        ] > Task :connectivity_plus:parseDebugLocalResources UP-TO-DATE
[        ] Caching disabled for task ':connectivity_plus:parseDebugLocalResources' because:
[        ]   Build cache is disabled
[        ] Skipping task ':connectivity_plus:parseDebugLocalResources' as it is up-to-date.
[        ] Resolve mutations for :connectivity_plus:generateDebugRFile (Thread[#39355,Execution worker Thread 11,5,main]) started.
[        ] :connectivity_plus:generateDebugRFile (Thread[#39355,Execution worker Thread 11,5,main]) started.
[        ] > Task :connectivity_plus:generateDebugRFile UP-TO-DATE
[        ] Caching disabled for task ':connectivity_plus:generateDebugRFile' because:
[        ]   Build cache is disabled
[        ] Skipping task ':connectivity_plus:generateDebugRFile' as it is up-to-date.
[        ] work action resolve package-aware-r.txt (project :connectivity_plus) (Thread[#39355,Execution worker Thread 11,5,main]) started.
[        ] Resolve mutations for :emoji_picker_flutter:compileDebugLibraryResources (Thread[#39355,Execution worker Thread 11,5,main]) started.
[        ] :emoji_picker_flutter:compileDebugLibraryResources (Thread[#39355,Execution worker Thread 11,5,main]) started.
[        ] > Task :emoji_picker_flutter:compileDebugLibraryResources UP-TO-DATE
[        ] Caching disabled for task ':emoji_picker_flutter:compileDebugLibraryResources' because:
[        ]   Build cache is disabled
[        ] Skipping task ':emoji_picker_flutter:compileDebugLibraryResources' as it is up-to-date.
[        ] work action resolve out (project :emoji_picker_flutter) (Thread[#39355,Execution worker Thread 11,5,main]) started.
[        ] Resolve mutations for :emoji_picker_flutter:parseDebugLocalResources (Thread[#39355,Execution worker Thread 11,5,main]) started.
[        ] :emoji_picker_flutter:parseDebugLocalResources (Thread[#39355,Execution worker Thread 11,5,main]) started.
[        ] > Task :emoji_picker_flutter:parseDebugLocalResources UP-TO-DATE
[        ] Caching disabled for task ':emoji_picker_flutter:parseDebugLocalResources' because:
[        ]   Build cache is disabled
[        ] Skipping task ':emoji_picker_flutter:parseDebugLocalResources' as it is up-to-date.
[        ] Resolve mutations for :emoji_picker_flutter:generateDebugRFile (Thread[#39355,Execution worker Thread 11,5,main]) started.
[        ] :emoji_picker_flutter:generateDebugRFile (Thread[#39355,Execution worker Thread 11,5,main]) started.
[        ] > Task :emoji_picker_flutter:generateDebugRFile UP-TO-DATE
[        ] Caching disabled for task ':emoji_picker_flutter:generateDebugRFile' because:
[        ]   Build cache is disabled
[        ] Skipping task ':emoji_picker_flutter:generateDebugRFile' as it is up-to-date.
[        ] work action resolve package-aware-r.txt (project :emoji_picker_flutter) (Thread[#39355,Execution worker Thread 11,5,main]) started.
[        ] Resolve mutations for :file_selector_android:compileDebugLibraryResources (Thread[#39355,Execution worker Thread 11,5,main]) started.
[        ] :file_selector_android:compileDebugLibraryResources (Thread[#39355,Execution worker Thread 11,5,main]) started.
[        ] > Task :file_selector_android:compileDebugLibraryResources UP-TO-DATE
[        ] Caching disabled for task ':file_selector_android:compileDebugLibraryResources' because:
[        ]   Build cache is disabled
[        ] Skipping task ':file_selector_android:compileDebugLibraryResources' as it is up-to-date.
[        ] work action resolve out (project :file_selector_android) (Thread[#39355,Execution worker Thread 11,5,main]) started.
[        ] Resolve mutations for :file_selector_android:parseDebugLocalResources (Thread[#39355,Execution worker Thread 11,5,main]) started.
[        ] :file_selector_android:parseDebugLocalResources (Thread[#39355,Execution worker Thread 11,5,main]) started.
[        ] > Task :file_selector_android:parseDebugLocalResources UP-TO-DATE
[        ] Caching disabled for task ':file_selector_android:parseDebugLocalResources' because:
[        ]   Build cache is disabled
[        ] Skipping task ':file_selector_android:parseDebugLocalResources' as it is up-to-date.
[        ] Resolve mutations for :file_selector_android:generateDebugRFile (Thread[#39355,Execution worker Thread 11,5,main]) started.
[        ] :file_selector_android:generateDebugRFile (Thread[#39355,Execution worker Thread 11,5,main]) started.
[        ] > Task :file_selector_android:generateDebugRFile UP-TO-DATE
[        ] Caching disabled for task ':file_selector_android:generateDebugRFile' because:
[        ]   Build cache is disabled
[        ] Skipping task ':file_selector_android:generateDebugRFile' as it is up-to-date.
[        ] work action resolve package-aware-r.txt (project :file_selector_android) (Thread[#39355,Execution worker Thread 11,5,main]) started.
[        ] Resolve mutations for :flutter_keyboard_visibility_temp_fork:compileDebugLibraryResources (Thread[#39355,Execution worker Thread 11,5,main]) started.
[        ] :flutter_keyboard_visibility_temp_fork:compileDebugLibraryResources (Thread[#39355,Execution worker Thread 11,5,main]) started.
[        ] > Task :flutter_keyboard_visibility_temp_fork:compileDebugLibraryResources UP-TO-DATE
[        ] Caching disabled for task ':flutter_keyboard_visibility_temp_fork:compileDebugLibraryResources' because:
[        ]   Build cache is disabled
[        ] Skipping task ':flutter_keyboard_visibility_temp_fork:compileDebugLibraryResources' as it is up-to-date.
[        ] work action resolve out (project :flutter_keyboard_visibility_temp_fork) (Thread[#39355,Execution worker Thread 11,5,main]) started.
[        ] Resolve mutations for :flutter_keyboard_visibility_temp_fork:parseDebugLocalResources (Thread[#39355,Execution worker Thread 11,5,main]) started.
[        ] :flutter_keyboard_visibility_temp_fork:parseDebugLocalResources (Thread[#39355,Execution worker Thread 11,5,main]) started.
[        ] > Task :flutter_keyboard_visibility_temp_fork:parseDebugLocalResources UP-TO-DATE
[        ] Caching disabled for task ':flutter_keyboard_visibility_temp_fork:parseDebugLocalResources' because:
[        ]   Build cache is disabled
[        ] Skipping task ':flutter_keyboard_visibility_temp_fork:parseDebugLocalResources' as it is up-to-date.
[        ] Resolve mutations for :flutter_keyboard_visibility_temp_fork:generateDebugRFile (Thread[#39355,Execution worker Thread 11,5,main]) started.
[        ] :flutter_keyboard_visibility_temp_fork:generateDebugRFile (Thread[#39355,Execution worker Thread 11,5,main]) started.
[        ] > Task :flutter_keyboard_visibility_temp_fork:generateDebugRFile UP-TO-DATE
[        ] Caching disabled for task ':flutter_keyboard_visibility_temp_fork:generateDebugRFile' because:
[        ]   Build cache is disabled
[        ] Skipping task ':flutter_keyboard_visibility_temp_fork:generateDebugRFile' as it is up-to-date.
[        ] work action resolve package-aware-r.txt (project :flutter_keyboard_visibility_temp_fork) (Thread[#39355,Execution worker Thread 11,5,main]) started.
[        ] Resolve mutations for :flutter_native_splash:compileDebugLibraryResources (Thread[#39355,Execution worker Thread 11,5,main]) started.
[        ] :flutter_native_splash:compileDebugLibraryResources (Thread[#39355,Execution worker Thread 11,5,main]) started.
[        ] > Task :flutter_native_splash:compileDebugLibraryResources UP-TO-DATE
[        ] Caching disabled for task ':flutter_native_splash:compileDebugLibraryResources' because:
[        ]   Build cache is disabled
[        ] Skipping task ':flutter_native_splash:compileDebugLibraryResources' as it is up-to-date.
[        ] work action resolve out (project :flutter_native_splash) (Thread[#39355,Execution worker Thread 11,5,main]) started.
[        ] Resolve mutations for :flutter_native_splash:parseDebugLocalResources (Thread[#39355,Execution worker Thread 11,5,main]) started.
[        ] :flutter_native_splash:parseDebugLocalResources (Thread[#39355,Execution worker Thread 11,5,main]) started.
[        ] > Task :flutter_native_splash:parseDebugLocalResources UP-TO-DATE
[        ] Caching disabled for task ':flutter_native_splash:parseDebugLocalResources' because:
[        ]   Build cache is disabled
[        ] Skipping task ':flutter_native_splash:parseDebugLocalResources' as it is up-to-date.
[        ] Resolve mutations for :flutter_native_splash:generateDebugRFile (Thread[#39355,Execution worker Thread 11,5,main]) started.
[        ] :flutter_native_splash:generateDebugRFile (Thread[#39355,Execution worker Thread 11,5,main]) started.
[        ] > Task :flutter_native_splash:generateDebugRFile UP-TO-DATE
[        ] Caching disabled for task ':flutter_native_splash:generateDebugRFile' because:
[        ]   Build cache is disabled
[        ] Skipping task ':flutter_native_splash:generateDebugRFile' as it is up-to-date.
[        ] work action resolve package-aware-r.txt (project :flutter_native_splash) (Thread[#39355,Execution worker Thread 11,5,main]) started.
[        ] Resolve mutations for :flutter_olm:compileDebugLibraryResources (Thread[#39355,Execution worker Thread 11,5,main]) started.
[        ] :flutter_olm:compileDebugLibraryResources (Thread[#39355,Execution worker Thread 11,5,main]) started.
[        ] > Task :flutter_olm:compileDebugLibraryResources UP-TO-DATE
[        ] Caching disabled for task ':flutter_olm:compileDebugLibraryResources' because:
[        ]   Build cache is disabled
[        ] Skipping task ':flutter_olm:compileDebugLibraryResources' as it is up-to-date.
[        ] work action resolve out (project :flutter_olm) (Thread[#39355,Execution worker Thread 11,5,main]) started.
[        ] Resolve mutations for :flutter_olm:parseDebugLocalResources (Thread[#39355,Execution worker Thread 11,5,main]) started.
[        ] :flutter_olm:parseDebugLocalResources (Thread[#39355,Execution worker Thread 11,5,main]) started.
[        ] > Task :flutter_olm:parseDebugLocalResources UP-TO-DATE
[        ] Caching disabled for task ':flutter_olm:parseDebugLocalResources' because:
[        ]   Build cache is disabled
[        ] Skipping task ':flutter_olm:parseDebugLocalResources' as it is up-to-date.
[        ] Resolve mutations for :flutter_olm:generateDebugRFile (Thread[#39355,Execution worker Thread 11,5,main]) started.
[        ] :flutter_olm:generateDebugRFile (Thread[#39355,Execution worker Thread 11,5,main]) started.
[        ] > Task :flutter_olm:generateDebugRFile UP-TO-DATE
[        ] Caching disabled for task ':flutter_olm:generateDebugRFile' because:
[        ]   Build cache is disabled
[        ] Skipping task ':flutter_olm:generateDebugRFile' as it is up-to-date.
[        ] work action resolve package-aware-r.txt (project :flutter_olm) (Thread[#39355,Execution worker Thread 11,5,main]) started.
[        ] Resolve mutations for :flutter_openssl_crypto:compileDebugLibraryResources (Thread[#39355,Execution worker Thread 11,5,main]) started.
[        ] :flutter_openssl_crypto:compileDebugLibraryResources (Thread[#39355,Execution worker Thread 11,5,main]) started.
[        ] > Task :flutter_openssl_crypto:compileDebugLibraryResources UP-TO-DATE
[        ] Caching disabled for task ':flutter_openssl_crypto:compileDebugLibraryResources' because:
[        ]   Build cache is disabled
[        ] Skipping task ':flutter_openssl_crypto:compileDebugLibraryResources' as it is up-to-date.
[        ] work action resolve out (project :flutter_openssl_crypto) (Thread[#39355,Execution worker Thread 11,5,main]) started.
[        ] Resolve mutations for :flutter_openssl_crypto:parseDebugLocalResources (Thread[#39355,Execution worker Thread 11,5,main]) started.
[        ] :flutter_openssl_crypto:parseDebugLocalResources (Thread[#39355,Execution worker Thread 11,5,main]) started.
[        ] > Task :flutter_openssl_crypto:parseDebugLocalResources UP-TO-DATE
[        ] Caching disabled for task ':flutter_openssl_crypto:parseDebugLocalResources' because:
[        ]   Build cache is disabled
[        ] Skipping task ':flutter_openssl_crypto:parseDebugLocalResources' as it is up-to-date.
[        ] Resolve mutations for :flutter_openssl_crypto:generateDebugRFile (Thread[#39355,Execution worker Thread 11,5,main]) started.
[        ] :flutter_openssl_crypto:generateDebugRFile (Thread[#39355,Execution worker Thread 11,5,main]) started.
[        ] > Task :flutter_openssl_crypto:generateDebugRFile UP-TO-DATE
[        ] Caching disabled for task ':flutter_openssl_crypto:generateDebugRFile' because:
[        ]   Build cache is disabled
[        ] Skipping task ':flutter_openssl_crypto:generateDebugRFile' as it is up-to-date.
[        ] work action resolve package-aware-r.txt (project :flutter_openssl_crypto) (Thread[#39355,Execution worker Thread 11,5,main]) started.
[        ] Resolve mutations for :integration_test:compileDebugLibraryResources (Thread[#39355,Execution worker Thread 11,5,main]) started.
[        ] :integration_test:compileDebugLibraryResources (Thread[#39355,Execution worker Thread 11,5,main]) started.
[        ] > Task :integration_test:compileDebugLibraryResources UP-TO-DATE
[        ] Caching disabled for task ':integration_test:compileDebugLibraryResources' because:
[        ]   Build cache is disabled
[        ] Skipping task ':integration_test:compileDebugLibraryResources' as it is up-to-date.
[        ] work action resolve out (project :integration_test) (Thread[#39355,Execution worker Thread 11,5,main]) started.
[        ] Resolve mutations for :integration_test:parseDebugLocalResources (Thread[#39355,Execution worker Thread 11,5,main]) started.
[        ] :integration_test:parseDebugLocalResources (Thread[#39355,Execution worker Thread 11,5,main]) started.
[        ] > Task :integration_test:parseDebugLocalResources UP-TO-DATE
[        ] Caching disabled for task ':integration_test:parseDebugLocalResources' because:
[        ]   Build cache is disabled
[        ] Skipping task ':integration_test:parseDebugLocalResources' as it is up-to-date.
[        ] Resolve mutations for :integration_test:generateDebugRFile (Thread[#39355,Execution worker Thread 11,5,main]) started.
[        ] :integration_test:generateDebugRFile (Thread[#39355,Execution worker Thread 11,5,main]) started.
[        ] > Task :integration_test:generateDebugRFile UP-TO-DATE
[        ] Caching disabled for task ':integration_test:generateDebugRFile' because:
[        ]   Build cache is disabled
[        ] Skipping task ':integration_test:generateDebugRFile' as it is up-to-date.
[        ] work action resolve package-aware-r.txt (project :integration_test) (Thread[#39355,Execution worker Thread 11,5,main]) started.
[        ] Resolve mutations for :path_provider_android:compileDebugLibraryResources (Thread[#39355,Execution worker Thread 11,5,main]) started.
[        ] :path_provider_android:compileDebugLibraryResources (Thread[#39355,Execution worker Thread 11,5,main]) started.
[        ] > Task :path_provider_android:compileDebugLibraryResources UP-TO-DATE
[        ] Caching disabled for task ':path_provider_android:compileDebugLibraryResources' because:
[        ]   Build cache is disabled
[        ] Skipping task ':path_provider_android:compileDebugLibraryResources' as it is up-to-date.
[        ] work action resolve out (project :path_provider_android) (Thread[#39355,Execution worker Thread 11,5,main]) started.
[        ] Resolve mutations for :path_provider_android:parseDebugLocalResources (Thread[#39355,Execution worker Thread 11,5,main]) started.
[        ] :path_provider_android:parseDebugLocalResources (Thread[#39355,Execution worker Thread 11,5,main]) started.
[        ] > Task :path_provider_android:parseDebugLocalResources UP-TO-DATE
[        ] Caching disabled for task ':path_provider_android:parseDebugLocalResources' because:
[        ]   Build cache is disabled
[        ] Skipping task ':path_provider_android:parseDebugLocalResources' as it is up-to-date.
[        ] Resolve mutations for :path_provider_android:generateDebugRFile (Thread[#39355,Execution worker Thread 11,5,main]) started.
[        ] :path_provider_android:generateDebugRFile (Thread[#39355,Execution worker Thread 11,5,main]) started.
[        ] > Task :path_provider_android:generateDebugRFile UP-TO-DATE
[        ] Caching disabled for task ':path_provider_android:generateDebugRFile' because:
[        ]   Build cache is disabled
[        ] Skipping task ':path_provider_android:generateDebugRFile' as it is up-to-date.
[        ] work action resolve package-aware-r.txt (project :path_provider_android) (Thread[#39355,Execution worker Thread 11,5,main]) started.
[        ] Resolve mutations for :quill_native_bridge_android:compileDebugLibraryResources (Thread[#39355,Execution worker Thread 11,5,main]) started.
[        ] :quill_native_bridge_android:compileDebugLibraryResources (Thread[#39355,Execution worker Thread 11,5,main]) started.
[        ] > Task :quill_native_bridge_android:compileDebugLibraryResources UP-TO-DATE
[        ] Caching disabled for task ':quill_native_bridge_android:compileDebugLibraryResources' because:
[        ]   Build cache is disabled
[        ] Skipping task ':quill_native_bridge_android:compileDebugLibraryResources' as it is up-to-date.
[        ] work action resolve out (project :quill_native_bridge_android) (Thread[#39355,Execution worker Thread 11,5,main]) started.
[        ] Resolve mutations for :quill_native_bridge_android:parseDebugLocalResources (Thread[#39355,Execution worker Thread 11,5,main]) started.
[        ] :quill_native_bridge_android:parseDebugLocalResources (Thread[#39355,Execution worker Thread 11,5,main]) started.
[        ] > Task :quill_native_bridge_android:parseDebugLocalResources UP-TO-DATE
[        ] Caching disabled for task ':quill_native_bridge_android:parseDebugLocalResources' because:
[        ]   Build cache is disabled
[        ] Skipping task ':quill_native_bridge_android:parseDebugLocalResources' as it is up-to-date.
[        ] Resolve mutations for :quill_native_bridge_android:generateDebugRFile (Thread[#39355,Execution worker Thread 11,5,main]) started.
[        ] :quill_native_bridge_android:generateDebugRFile (Thread[#39355,Execution worker Thread 11,5,main]) started.
[        ] > Task :quill_native_bridge_android:generateDebugRFile UP-TO-DATE
[        ] Caching disabled for task ':quill_native_bridge_android:generateDebugRFile' because:
[        ]   Build cache is disabled
[        ] Skipping task ':quill_native_bridge_android:generateDebugRFile' as it is up-to-date.
[        ] work action resolve package-aware-r.txt (project :quill_native_bridge_android) (Thread[#39355,Execution worker Thread 11,5,main]) started.
[        ] Resolve mutations for :shared_preferences_android:compileDebugLibraryResources (Thread[#39355,Execution worker Thread 11,5,main]) started.
[        ] :shared_preferences_android:compileDebugLibraryResources (Thread[#39355,Execution worker Thread 11,5,main]) started.
[        ] > Task :shared_preferences_android:compileDebugLibraryResources UP-TO-DATE
[        ] Caching disabled for task ':shared_preferences_android:compileDebugLibraryResources' because:
[        ]   Build cache is disabled
[        ] Skipping task ':shared_preferences_android:compileDebugLibraryResources' as it is up-to-date.
[        ] work action resolve out (project :shared_preferences_android) (Thread[#39355,Execution worker Thread 11,5,main]) started.
[        ] Resolve mutations for :shared_preferences_android:parseDebugLocalResources (Thread[#39355,Execution worker Thread 11,5,main]) started.
[        ] :shared_preferences_android:parseDebugLocalResources (Thread[#39355,Execution worker Thread 11,5,main]) started.
[        ] > Task :shared_preferences_android:parseDebugLocalResources UP-TO-DATE
[        ] Caching disabled for task ':shared_preferences_android:parseDebugLocalResources' because:
[        ]   Build cache is disabled
[        ] Skipping task ':shared_preferences_android:parseDebugLocalResources' as it is up-to-date.
[        ] Resolve mutations for :shared_preferences_android:generateDebugRFile (Thread[#39355,Execution worker Thread 11,5,main]) started.
[        ] :shared_preferences_android:generateDebugRFile (Thread[#39355,Execution worker Thread 11,5,main]) started.
[        ] > Task :shared_preferences_android:generateDebugRFile UP-TO-DATE
[        ] Caching disabled for task ':shared_preferences_android:generateDebugRFile' because:
[        ]   Build cache is disabled
[        ] Skipping task ':shared_preferences_android:generateDebugRFile' as it is up-to-date.
[        ] work action resolve package-aware-r.txt (project :shared_preferences_android) (Thread[#39355,Execution worker Thread 11,5,main]) started.
[        ] Resolve mutations for :sqflite_android:compileDebugLibraryResources (Thread[#39355,Execution worker Thread 11,5,main]) started.
[        ] :sqflite_android:compileDebugLibraryResources (Thread[#39355,Execution worker Thread 11,5,main]) started.
[        ] > Task :sqflite_android:compileDebugLibraryResources UP-TO-DATE
[        ] Caching disabled for task ':sqflite_android:compileDebugLibraryResources' because:
[        ]   Build cache is disabled
[        ] Skipping task ':sqflite_android:compileDebugLibraryResources' as it is up-to-date.
[        ] work action resolve out (project :sqflite_android) (Thread[#39355,Execution worker Thread 11,5,main]) started.
[        ] Resolve mutations for :sqflite_android:parseDebugLocalResources (Thread[#39355,Execution worker Thread 11,5,main]) started.
[        ] :sqflite_android:parseDebugLocalResources (Thread[#39355,Execution worker Thread 11,5,main]) started.
[        ] > Task :sqflite_android:parseDebugLocalResources UP-TO-DATE
[        ] Caching disabled for task ':sqflite_android:parseDebugLocalResources' because:
[        ]   Build cache is disabled
[        ] Skipping task ':sqflite_android:parseDebugLocalResources' as it is up-to-date.
[        ] Resolve mutations for :sqflite_android:generateDebugRFile (Thread[#39355,Execution worker Thread 11,5,main]) started.
[        ] :sqflite_android:generateDebugRFile (Thread[#39355,Execution worker Thread 11,5,main]) started.
[        ] > Task :sqflite_android:generateDebugRFile UP-TO-DATE
[        ] Caching disabled for task ':sqflite_android:generateDebugRFile' because:
[        ]   Build cache is disabled
[        ] Skipping task ':sqflite_android:generateDebugRFile' as it is up-to-date.
[        ] work action resolve package-aware-r.txt (project :sqflite_android) (Thread[#39355,Execution worker Thread 11,5,main]) started.
[        ] Resolve mutations for :url_launcher_android:compileDebugLibraryResources (Thread[#39355,Execution worker Thread 11,5,main]) started.
[        ] :url_launcher_android:compileDebugLibraryResources (Thread[#39355,Execution worker Thread 11,5,main]) started.
[        ] > Task :url_launcher_android:compileDebugLibraryResources UP-TO-DATE
[        ] Caching disabled for task ':url_launcher_android:compileDebugLibraryResources' because:
[        ]   Build cache is disabled
[        ] Skipping task ':url_launcher_android:compileDebugLibraryResources' as it is up-to-date.
[        ] work action resolve out (project :url_launcher_android) (Thread[#39355,Execution worker Thread 11,5,main]) started.
[        ] Resolve mutations for :url_launcher_android:parseDebugLocalResources (Thread[#39355,Execution worker Thread 11,5,main]) started.
[        ] :url_launcher_android:parseDebugLocalResources (Thread[#39355,Execution worker Thread 11,5,main]) started.
[        ] > Task :url_launcher_android:parseDebugLocalResources UP-TO-DATE
[        ] Caching disabled for task ':url_launcher_android:parseDebugLocalResources' because:
[        ]   Build cache is disabled
[        ] Skipping task ':url_launcher_android:parseDebugLocalResources' as it is up-to-date.
[        ] Resolve mutations for :url_launcher_android:generateDebugRFile (Thread[#39355,Execution worker Thread 11,5,main]) started.
[        ] :url_launcher_android:generateDebugRFile (Thread[#39355,Execution worker Thread 11,5,main]) started.
[        ] > Task :url_launcher_android:generateDebugRFile UP-TO-DATE
[        ] Caching disabled for task ':url_launcher_android:generateDebugRFile' because:
[        ]   Build cache is disabled
[        ] Skipping task ':url_launcher_android:generateDebugRFile' as it is up-to-date.
[        ] work action resolve package-aware-r.txt (project :url_launcher_android) (Thread[#39355,Execution worker Thread 11,5,main]) started.
[        ] Resolve mutations for :video_player_android:compileDebugLibraryResources (Thread[#39355,Execution worker Thread 11,5,main]) started.
[        ] :video_player_android:compileDebugLibraryResources (Thread[#39355,Execution worker Thread 11,5,main]) started.
[        ] > Task :video_player_android:compileDebugLibraryResources UP-TO-DATE
[        ] Caching disabled for task ':video_player_android:compileDebugLibraryResources' because:
[        ]   Build cache is disabled
[        ] Skipping task ':video_player_android:compileDebugLibraryResources' as it is up-to-date.
[        ] work action resolve out (project :video_player_android) (Thread[#39355,Execution worker Thread 11,5,main]) started.
[        ] Resolve mutations for :video_player_android:parseDebugLocalResources (Thread[#39355,Execution worker Thread 11,5,main]) started.
[        ] :video_player_android:parseDebugLocalResources (Thread[#39355,Execution worker Thread 11,5,main]) started.
[        ] > Task :video_player_android:parseDebugLocalResources UP-TO-DATE
[        ] Caching disabled for task ':video_player_android:parseDebugLocalResources' because:
[        ]   Build cache is disabled
[        ] Skipping task ':video_player_android:parseDebugLocalResources' as it is up-to-date.
[        ] Resolve mutations for :video_player_android:generateDebugRFile (Thread[#39355,Execution worker Thread 11,5,main]) started.
[        ] :video_player_android:generateDebugRFile (Thread[#39355,Execution worker Thread 11,5,main]) started.
[        ] > Task :video_player_android:generateDebugRFile UP-TO-DATE
[        ] Caching disabled for task ':video_player_android:generateDebugRFile' because:
[        ]   Build cache is disabled
[        ] Skipping task ':video_player_android:generateDebugRFile' as it is up-to-date.
[        ] work action resolve package-aware-r.txt (project :video_player_android) (Thread[#39355,Execution worker Thread 11,5,main]) started.
[        ] Resolve mutations for :app:processDebugResources (Thread[#39355,Execution worker Thread 11,5,main]) started.
[        ] :app:processDebugResources (Thread[#39355,Execution worker Thread 11,5,main]) started.
[        ] > Task :app:processDebugResources UP-TO-DATE
[        ] Caching disabled for task ':app:processDebugResources' because:
[        ]   Build cache is disabled
[        ] Skipping task ':app:processDebugResources' as it is up-to-date.
[        ] Resolve mutations for :connectivity_plus:javaPreCompileDebug (Thread[#39355,Execution worker Thread 11,5,main]) started.
[        ] :connectivity_plus:javaPreCompileDebug (Thread[#39355,Execution worker Thread 11,5,main]) started.
[        ] > Task :connectivity_plus:javaPreCompileDebug UP-TO-DATE
[        ] Caching disabled for task ':connectivity_plus:javaPreCompileDebug' because:
[        ]   Build cache is disabled
[        ] Skipping task ':connectivity_plus:javaPreCompileDebug' as it is up-to-date.
[        ] Resolve mutations for :connectivity_plus:compileDebugJavaWithJavac (Thread[#39355,Execution worker Thread 11,5,main]) started.
[        ] :connectivity_plus:compileDebugJavaWithJavac (Thread[#39355,Execution worker Thread 11,5,main]) started.
[        ] > Task :connectivity_plus:compileDebugJavaWithJavac UP-TO-DATE
[        ] Custom actions are attached to task ':connectivity_plus:compileDebugJavaWithJavac'.
[        ] Caching disabled for task ':connectivity_plus:compileDebugJavaWithJavac' because:
[        ]   Build cache is disabled
[        ] Skipping task ':connectivity_plus:compileDebugJavaWithJavac' as it is up-to-date.
[        ] No compile result for :connectivity_plus:compileDebugJavaWithJavac
[        ] No compile result for :connectivity_plus:compileDebugJavaWithJavac
[        ] Resolve mutations for :connectivity_plus:bundleLibCompileToJarDebug (Thread[#39355,Execution worker Thread 11,5,main]) started.
[        ] :connectivity_plus:bundleLibCompileToJarDebug (Thread[#39355,Execution worker Thread 11,5,main]) started.
[        ] > Task :connectivity_plus:bundleLibCompileToJarDebug UP-TO-DATE
[        ] Caching disabled for task ':connectivity_plus:bundleLibCompileToJarDebug' because:
[        ]   Build cache is disabled
[        ]   Simple merging task
[        ] Skipping task ':connectivity_plus:bundleLibCompileToJarDebug' as it is up-to-date.
[        ] work action resolve classes.jar (project :connectivity_plus) (Thread[#39355,Execution worker Thread 11,5,main]) started.
[        ] Resolve mutations for :emoji_picker_flutter:checkKotlinGradlePluginConfigurationErrors (Thread[#39355,Execution worker Thread 11,5,main]) started.
[        ] :emoji_picker_flutter:checkKotlinGradlePluginConfigurationErrors (Thread[#39355,Execution worker Thread 11,5,main]) started.
[        ] > Task :emoji_picker_flutter:checkKotlinGradlePluginConfigurationErrors SKIPPED
[        ] Skipping task ':emoji_picker_flutter:checkKotlinGradlePluginConfigurationErrors' as task onlyIf 'errorDiagnostics are present' is false.
[        ] Resolve mutations for :emoji_picker_flutter:compileDebugKotlin (Thread[#39355,Execution worker Thread 11,5,main]) started.
[        ] :emoji_picker_flutter:compileDebugKotlin (Thread[#39355,Execution worker Thread 11,5,main]) started.
[        ] > Task :emoji_picker_flutter:compileDebugKotlin UP-TO-DATE
[        ] Adding -Xuse-inline-scopes-numbers Kotlin compiler flag for task :emoji_picker_flutter:compileDebugAndroidTestKotlin
[        ] Caching disabled for task ':emoji_picker_flutter:compileDebugKotlin' because:
[        ]   Build cache is disabled
[        ] Skipping task ':emoji_picker_flutter:compileDebugKotlin' as it is up-to-date.
[        ] Resolve mutations for :emoji_picker_flutter:javaPreCompileDebug (Thread[#39355,Execution worker Thread 11,5,main]) started.
[        ] :emoji_picker_flutter:javaPreCompileDebug (Thread[#39355,Execution worker Thread 11,5,main]) started.
[        ] > Task :emoji_picker_flutter:javaPreCompileDebug UP-TO-DATE
[        ] Caching disabled for task ':emoji_picker_flutter:javaPreCompileDebug' because:
[        ]   Build cache is disabled
[        ] Skipping task ':emoji_picker_flutter:javaPreCompileDebug' as it is up-to-date.
[        ] Resolve mutations for :emoji_picker_flutter:compileDebugJavaWithJavac (Thread[#39355,Execution worker Thread 11,5,main]) started.
[        ] :emoji_picker_flutter:compileDebugJavaWithJavac (Thread[#39355,Execution worker Thread 11,5,main]) started.
[        ] > Task :emoji_picker_flutter:compileDebugJavaWithJavac NO-SOURCE
[        ] Skipping task ':emoji_picker_flutter:compileDebugJavaWithJavac' as it has no source files and no previous output files.
[        ] Resolve mutations for :emoji_picker_flutter:bundleLibCompileToJarDebug (Thread[#39355,Execution worker Thread 11,5,main]) started.
[        ] :emoji_picker_flutter:bundleLibCompileToJarDebug (Thread[#39355,Execution worker Thread 11,5,main]) started.
[        ] > Task :emoji_picker_flutter:bundleLibCompileToJarDebug UP-TO-DATE
[        ] Caching disabled for task ':emoji_picker_flutter:bundleLibCompileToJarDebug' because:
[        ]   Build cache is disabled
[        ]   Simple merging task
[        ] Skipping task ':emoji_picker_flutter:bundleLibCompileToJarDebug' as it is up-to-date.
[        ] work action resolve classes.jar (project :emoji_picker_flutter) (Thread[#39355,Execution worker Thread 11,5,main]) started.
[        ] Resolve mutations for :file_selector_android:javaPreCompileDebug (Thread[#39355,Execution worker Thread 11,5,main]) started.
[        ] :file_selector_android:javaPreCompileDebug (Thread[#39355,Execution worker Thread 11,5,main]) started.
[        ] > Task :file_selector_android:javaPreCompileDebug UP-TO-DATE
[        ] Caching disabled for task ':file_selector_android:javaPreCompileDebug' because:
[        ]   Build cache is disabled
[        ] Skipping task ':file_selector_android:javaPreCompileDebug' as it is up-to-date.
[        ] Resolve mutations for :file_selector_android:compileDebugJavaWithJavac (Thread[#39355,Execution worker Thread 11,5,main]) started.
[        ] :file_selector_android:compileDebugJavaWithJavac (Thread[#39355,Execution worker Thread 11,5,main]) started.
[        ] > Task :file_selector_android:compileDebugJavaWithJavac UP-TO-DATE
[        ] Custom actions are attached to task ':file_selector_android:compileDebugJavaWithJavac'.
[        ] Caching disabled for task ':file_selector_android:compileDebugJavaWithJavac' because:
[        ]   Build cache is disabled
[        ] Skipping task ':file_selector_android:compileDebugJavaWithJavac' as it is up-to-date.
[        ] No compile result for :file_selector_android:compileDebugJavaWithJavac
[        ] No compile result for :file_selector_android:compileDebugJavaWithJavac
[        ] Resolve mutations for :file_selector_android:bundleLibCompileToJarDebug (Thread[#39355,Execution worker Thread 11,5,main]) started.
[        ] :file_selector_android:bundleLibCompileToJarDebug (Thread[#39355,Execution worker Thread 11,5,main]) started.
[        ] > Task :file_selector_android:bundleLibCompileToJarDebug UP-TO-DATE
[        ] Caching disabled for task ':file_selector_android:bundleLibCompileToJarDebug' because:
[        ]   Build cache is disabled
[        ]   Simple merging task
[        ] Skipping task ':file_selector_android:bundleLibCompileToJarDebug' as it is up-to-date.
[        ] work action resolve classes.jar (project :file_selector_android) (Thread[#39355,Execution worker Thread 11,5,main]) started.
[        ] Resolve mutations for :flutter_keyboard_visibility_temp_fork:javaPreCompileDebug (Thread[#39355,Execution worker Thread 11,5,main]) started.
[        ] :flutter_keyboard_visibility_temp_fork:javaPreCompileDebug (Thread[#39355,Execution worker Thread 11,5,main]) started.
[        ] > Task :flutter_keyboard_visibility_temp_fork:javaPreCompileDebug UP-TO-DATE
[        ] Caching disabled for task ':flutter_keyboard_visibility_temp_fork:javaPreCompileDebug' because:
[        ]   Build cache is disabled
[        ] Skipping task ':flutter_keyboard_visibility_temp_fork:javaPreCompileDebug' as it is up-to-date.
[        ] Resolve mutations for :flutter_keyboard_visibility_temp_fork:compileDebugJavaWithJavac (Thread[#39355,Execution worker Thread 11,5,main]) started.
[        ] :flutter_keyboard_visibility_temp_fork:compileDebugJavaWithJavac (Thread[#39365,Execution worker Thread 21,5,main]) started.
[        ] > Task :flutter_keyboard_visibility_temp_fork:compileDebugJavaWithJavac UP-TO-DATE
[        ] Custom actions are attached to task ':flutter_keyboard_visibility_temp_fork:compileDebugJavaWithJavac'.
[        ] Caching disabled for task ':flutter_keyboard_visibility_temp_fork:compileDebugJavaWithJavac' because:
[        ]   Build cache is disabled
[        ] Skipping task ':flutter_keyboard_visibility_temp_fork:compileDebugJavaWithJavac' as it is up-to-date.
[        ] No compile result for :flutter_keyboard_visibility_temp_fork:compileDebugJavaWithJavac
[        ] No compile result for :flutter_keyboard_visibility_temp_fork:compileDebugJavaWithJavac
[        ] Resolve mutations for :flutter_keyboard_visibility_temp_fork:bundleLibCompileToJarDebug (Thread[#39365,Execution worker Thread 21,5,main]) started.
[        ] :flutter_keyboard_visibility_temp_fork:bundleLibCompileToJarDebug (Thread[#39365,Execution worker Thread 21,5,main]) started.
[        ] > Task :flutter_keyboard_visibility_temp_fork:bundleLibCompileToJarDebug UP-TO-DATE
[        ] Caching disabled for task ':flutter_keyboard_visibility_temp_fork:bundleLibCompileToJarDebug' because:
[        ]   Build cache is disabled
[        ]   Simple merging task
[        ] Skipping task ':flutter_keyboard_visibility_temp_fork:bundleLibCompileToJarDebug' as it is up-to-date.
[        ] work action resolve classes.jar (project :flutter_keyboard_visibility_temp_fork) (Thread[#39365,Execution worker Thread 21,5,main]) started.
[        ] Resolve mutations for :flutter_native_splash:javaPreCompileDebug (Thread[#39365,Execution worker Thread 21,5,main]) started.
[        ] :flutter_native_splash:javaPreCompileDebug (Thread[#39365,Execution worker Thread 21,5,main]) started.
[        ] > Task :flutter_native_splash:javaPreCompileDebug UP-TO-DATE
[        ] Caching disabled for task ':flutter_native_splash:javaPreCompileDebug' because:
[        ]   Build cache is disabled
[        ] Skipping task ':flutter_native_splash:javaPreCompileDebug' as it is up-to-date.
[        ] Resolve mutations for :flutter_native_splash:compileDebugJavaWithJavac (Thread[#39365,Execution worker Thread 21,5,main]) started.
[        ] :flutter_native_splash:compileDebugJavaWithJavac (Thread[#39365,Execution worker Thread 21,5,main]) started.
[        ] > Task :flutter_native_splash:compileDebugJavaWithJavac UP-TO-DATE
[        ] Custom actions are attached to task ':flutter_native_splash:compileDebugJavaWithJavac'.
[        ] Caching disabled for task ':flutter_native_splash:compileDebugJavaWithJavac' because:
[        ]   Build cache is disabled
[        ] Skipping task ':flutter_native_splash:compileDebugJavaWithJavac' as it is up-to-date.
[        ] No compile result for :flutter_native_splash:compileDebugJavaWithJavac
[        ] No compile result for :flutter_native_splash:compileDebugJavaWithJavac
[        ] Resolve mutations for :flutter_native_splash:bundleLibCompileToJarDebug (Thread[#39365,Execution worker Thread 21,5,main]) started.
[        ] :flutter_native_splash:bundleLibCompileToJarDebug (Thread[#39365,Execution worker Thread 21,5,main]) started.
[        ] > Task :flutter_native_splash:bundleLibCompileToJarDebug UP-TO-DATE
[        ] Caching disabled for task ':flutter_native_splash:bundleLibCompileToJarDebug' because:
[        ]   Build cache is disabled
[        ]   Simple merging task
[        ] Skipping task ':flutter_native_splash:bundleLibCompileToJarDebug' as it is up-to-date.
[        ] work action resolve classes.jar (project :flutter_native_splash) (Thread[#39365,Execution worker Thread 21,5,main]) started.
[        ] Resolve mutations for :flutter_olm:checkKotlinGradlePluginConfigurationErrors (Thread[#39365,Execution worker Thread 21,5,main]) started.
[        ] :flutter_olm:checkKotlinGradlePluginConfigurationErrors (Thread[#39365,Execution worker Thread 21,5,main]) started.
[        ] > Task :flutter_olm:checkKotlinGradlePluginConfigurationErrors SKIPPED
[        ] Skipping task ':flutter_olm:checkKotlinGradlePluginConfigurationErrors' as task onlyIf 'errorDiagnostics are present' is false.
[        ] Resolve mutations for :flutter_olm:compileDebugKotlin (Thread[#39365,Execution worker Thread 21,5,main]) started.
[        ] :flutter_olm:compileDebugKotlin (Thread[#39365,Execution worker Thread 21,5,main]) started.
[        ] > Task :flutter_olm:compileDebugKotlin UP-TO-DATE
[        ] Adding -Xuse-inline-scopes-numbers Kotlin compiler flag for task :flutter_olm:compileDebugAndroidTestKotlin
[        ] Caching disabled for task ':flutter_olm:compileDebugKotlin' because:
[        ]   Build cache is disabled
[        ] Skipping task ':flutter_olm:compileDebugKotlin' as it is up-to-date.
[        ] Resolve mutations for :flutter_olm:javaPreCompileDebug (Thread[#39365,Execution worker Thread 21,5,main]) started.
[        ] :flutter_olm:javaPreCompileDebug (Thread[#39365,Execution worker Thread 21,5,main]) started.
[        ] > Task :flutter_olm:javaPreCompileDebug UP-TO-DATE
[        ] Caching disabled for task ':flutter_olm:javaPreCompileDebug' because:
[        ]   Build cache is disabled
[        ] Skipping task ':flutter_olm:javaPreCompileDebug' as it is up-to-date.
[        ] Resolve mutations for :flutter_olm:compileDebugJavaWithJavac (Thread[#39365,Execution worker Thread 21,5,main]) started.
[        ] :flutter_olm:compileDebugJavaWithJavac (Thread[#39365,Execution worker Thread 21,5,main]) started.
[        ] > Task :flutter_olm:compileDebugJavaWithJavac NO-SOURCE
[        ] Skipping task ':flutter_olm:compileDebugJavaWithJavac' as it has no source files and no previous output files.
[        ] Resolve mutations for :flutter_olm:bundleLibCompileToJarDebug (Thread[#39365,Execution worker Thread 21,5,main]) started.
[        ] :flutter_olm:bundleLibCompileToJarDebug (Thread[#39365,Execution worker Thread 21,5,main]) started.
[        ] > Task :flutter_olm:bundleLibCompileToJarDebug UP-TO-DATE
[        ] Caching disabled for task ':flutter_olm:bundleLibCompileToJarDebug' because:
[        ]   Build cache is disabled
[        ]   Simple merging task
[        ] Skipping task ':flutter_olm:bundleLibCompileToJarDebug' as it is up-to-date.
[        ] work action resolve classes.jar (project :flutter_olm) (Thread[#39365,Execution worker Thread 21,5,main]) started.
[        ] Resolve mutations for :flutter_openssl_crypto:checkKotlinGradlePluginConfigurationErrors (Thread[#39365,Execution worker Thread 21,5,main]) started.
[        ] :flutter_openssl_crypto:checkKotlinGradlePluginConfigurationErrors (Thread[#39365,Execution worker Thread 21,5,main]) started.
[        ] > Task :flutter_openssl_crypto:checkKotlinGradlePluginConfigurationErrors SKIPPED
[        ] Skipping task ':flutter_openssl_crypto:checkKotlinGradlePluginConfigurationErrors' as task onlyIf 'errorDiagnostics are present' is false.
[        ] Resolve mutations for :flutter_openssl_crypto:compileDebugKotlin (Thread[#39365,Execution worker Thread 21,5,main]) started.
[        ] :flutter_openssl_crypto:compileDebugKotlin (Thread[#39365,Execution worker Thread 21,5,main]) started.
[        ] > Task :flutter_openssl_crypto:compileDebugKotlin UP-TO-DATE
[        ] Adding -Xuse-inline-scopes-numbers Kotlin compiler flag for task :flutter_openssl_crypto:compileDebugAndroidTestKotlin
[        ] Caching disabled for task ':flutter_openssl_crypto:compileDebugKotlin' because:
[        ]   Build cache is disabled
[        ] Skipping task ':flutter_openssl_crypto:compileDebugKotlin' as it is up-to-date.
[        ] Resolve mutations for :flutter_openssl_crypto:javaPreCompileDebug (Thread[#39365,Execution worker Thread 21,5,main]) started.
[        ] :flutter_openssl_crypto:javaPreCompileDebug (Thread[#39365,Execution worker Thread 21,5,main]) started.
[        ] > Task :flutter_openssl_crypto:javaPreCompileDebug UP-TO-DATE
[        ] Caching disabled for task ':flutter_openssl_crypto:javaPreCompileDebug' because:
[        ]   Build cache is disabled
[        ] Skipping task ':flutter_openssl_crypto:javaPreCompileDebug' as it is up-to-date.
[        ] Resolve mutations for :flutter_openssl_crypto:compileDebugJavaWithJavac (Thread[#39365,Execution worker Thread 21,5,main]) started.
[        ] :flutter_openssl_crypto:compileDebugJavaWithJavac (Thread[#39365,Execution worker Thread 21,5,main]) started.
[        ] > Task :flutter_openssl_crypto:compileDebugJavaWithJavac NO-SOURCE
[        ] Skipping task ':flutter_openssl_crypto:compileDebugJavaWithJavac' as it has no source files and no previous output files.
[        ] Resolve mutations for :flutter_openssl_crypto:bundleLibCompileToJarDebug (Thread[#39365,Execution worker Thread 21,5,main]) started.
[        ] :flutter_openssl_crypto:bundleLibCompileToJarDebug (Thread[#39365,Execution worker Thread 21,5,main]) started.
[        ] > Task :flutter_openssl_crypto:bundleLibCompileToJarDebug UP-TO-DATE
[        ] Caching disabled for task ':flutter_openssl_crypto:bundleLibCompileToJarDebug' because:
[        ]   Build cache is disabled
[        ]   Simple merging task
[        ] Skipping task ':flutter_openssl_crypto:bundleLibCompileToJarDebug' as it is up-to-date.
[        ] work action resolve classes.jar (project :flutter_openssl_crypto) (Thread[#39365,Execution worker Thread 21,5,main]) started.
[        ] Resolve mutations for :integration_test:javaPreCompileDebug (Thread[#39365,Execution worker Thread 21,5,main]) started.
[        ] :integration_test:javaPreCompileDebug (Thread[#39365,Execution worker Thread 21,5,main]) started.
[        ] > Task :integration_test:javaPreCompileDebug UP-TO-DATE
[        ] Caching disabled for task ':integration_test:javaPreCompileDebug' because:
[        ]   Build cache is disabled
[        ] Skipping task ':integration_test:javaPreCompileDebug' as it is up-to-date.
[        ] Resolve mutations for :integration_test:compileDebugJavaWithJavac (Thread[#39365,Execution worker Thread 21,5,main]) started.
[        ] :integration_test:compileDebugJavaWithJavac (Thread[#39356,Execution worker Thread 12,5,main]) started.
[        ] > Task :integration_test:compileDebugJavaWithJavac UP-TO-DATE
[        ] Custom actions are attached to task ':integration_test:compileDebugJavaWithJavac'.
[        ] Caching disabled for task ':integration_test:compileDebugJavaWithJavac' because:
[        ]   Build cache is disabled
[        ] Skipping task ':integration_test:compileDebugJavaWithJavac' as it is up-to-date.
[        ] No compile result for :integration_test:compileDebugJavaWithJavac
[        ] No compile result for :integration_test:compileDebugJavaWithJavac
[        ] Resolve mutations for :integration_test:bundleLibCompileToJarDebug (Thread[#39356,Execution worker Thread 12,5,main]) started.
[        ] :integration_test:bundleLibCompileToJarDebug (Thread[#39356,Execution worker Thread 12,5,main]) started.
[        ] > Task :integration_test:bundleLibCompileToJarDebug UP-TO-DATE
[        ] Caching disabled for task ':integration_test:bundleLibCompileToJarDebug' because:
[        ]   Build cache is disabled
[        ]   Simple merging task
[        ] Skipping task ':integration_test:bundleLibCompileToJarDebug' as it is up-to-date.
[        ] work action resolve classes.jar (project :integration_test) (Thread[#39356,Execution worker Thread 12,5,main]) started.
[        ] Resolve mutations for :path_provider_android:javaPreCompileDebug (Thread[#39356,Execution worker Thread 12,5,main]) started.
[        ] :path_provider_android:javaPreCompileDebug (Thread[#39356,Execution worker Thread 12,5,main]) started.
[        ] > Task :path_provider_android:javaPreCompileDebug UP-TO-DATE
[        ] Caching disabled for task ':path_provider_android:javaPreCompileDebug' because:
[        ]   Build cache is disabled
[        ] Skipping task ':path_provider_android:javaPreCompileDebug' as it is up-to-date.
[        ] Resolve mutations for :path_provider_android:compileDebugJavaWithJavac (Thread[#39356,Execution worker Thread 12,5,main]) started.
[        ] :path_provider_android:compileDebugJavaWithJavac (Thread[#39356,Execution worker Thread 12,5,main]) started.
[        ] > Task :path_provider_android:compileDebugJavaWithJavac UP-TO-DATE
[        ] Custom actions are attached to task ':path_provider_android:compileDebugJavaWithJavac'.
[        ] Caching disabled for task ':path_provider_android:compileDebugJavaWithJavac' because:
[        ]   Build cache is disabled
[        ] Skipping task ':path_provider_android:compileDebugJavaWithJavac' as it is up-to-date.
[        ] No compile result for :path_provider_android:compileDebugJavaWithJavac
[        ] No compile result for :path_provider_android:compileDebugJavaWithJavac
[        ] Resolve mutations for :path_provider_android:bundleLibCompileToJarDebug (Thread[#39356,Execution worker Thread 12,5,main]) started.
[        ] :path_provider_android:bundleLibCompileToJarDebug (Thread[#39356,Execution worker Thread 12,5,main]) started.
[        ] > Task :path_provider_android:bundleLibCompileToJarDebug UP-TO-DATE
[        ] Caching disabled for task ':path_provider_android:bundleLibCompileToJarDebug' because:
[        ]   Build cache is disabled
[        ]   Simple merging task
[        ] Skipping task ':path_provider_android:bundleLibCompileToJarDebug' as it is up-to-date.
[        ] work action resolve classes.jar (project :path_provider_android) (Thread[#39356,Execution worker Thread 12,5,main]) started.
[        ] Resolve mutations for :quill_native_bridge_android:checkKotlinGradlePluginConfigurationErrors (Thread[#39356,Execution worker Thread 12,5,main]) started.
[        ] :quill_native_bridge_android:checkKotlinGradlePluginConfigurationErrors (Thread[#39356,Execution worker Thread 12,5,main]) started.
[        ] > Task :quill_native_bridge_android:checkKotlinGradlePluginConfigurationErrors SKIPPED
[        ] Skipping task ':quill_native_bridge_android:checkKotlinGradlePluginConfigurationErrors' as task onlyIf 'errorDiagnostics are present' is false.
[        ] Resolve mutations for :quill_native_bridge_android:compileDebugKotlin (Thread[#39356,Execution worker Thread 12,5,main]) started.
[        ] :quill_native_bridge_android:compileDebugKotlin (Thread[#39356,Execution worker Thread 12,5,main]) started.
[  +84 ms] > Task :quill_native_bridge_android:compileDebugKotlin UP-TO-DATE
[        ] Adding -Xuse-inline-scopes-numbers Kotlin compiler flag for task :quill_native_bridge_android:compileDebugAndroidTestKotlin
[        ] Caching disabled for task ':quill_native_bridge_android:compileDebugKotlin' because:
[        ]   Build cache is disabled
[        ] Skipping task ':quill_native_bridge_android:compileDebugKotlin' as it is up-to-date.
[        ] Resolve mutations for :quill_native_bridge_android:javaPreCompileDebug (Thread[#39356,Execution worker Thread 12,5,main]) started.
[        ] :quill_native_bridge_android:javaPreCompileDebug (Thread[#39356,Execution worker Thread 12,5,main]) started.
[        ] > Task :quill_native_bridge_android:javaPreCompileDebug UP-TO-DATE
[        ] Caching disabled for task ':quill_native_bridge_android:javaPreCompileDebug' because:
[        ]   Build cache is disabled
[        ] Skipping task ':quill_native_bridge_android:javaPreCompileDebug' as it is up-to-date.
[        ] Resolve mutations for :quill_native_bridge_android:compileDebugJavaWithJavac (Thread[#39356,Execution worker Thread 12,5,main]) started.
[        ] :quill_native_bridge_android:compileDebugJavaWithJavac (Thread[#39356,Execution worker Thread 12,5,main]) started.
[        ] > Task :quill_native_bridge_android:compileDebugJavaWithJavac NO-SOURCE
[        ] Skipping task ':quill_native_bridge_android:compileDebugJavaWithJavac' as it has no source files and no previous output files.
[        ] Resolve mutations for :quill_native_bridge_android:bundleLibCompileToJarDebug (Thread[#39356,Execution worker Thread 12,5,main]) started.
[        ] :quill_native_bridge_android:bundleLibCompileToJarDebug (Thread[#39356,Execution worker Thread 12,5,main]) started.
[        ] > Task :quill_native_bridge_android:bundleLibCompileToJarDebug UP-TO-DATE
[        ] Caching disabled for task ':quill_native_bridge_android:bundleLibCompileToJarDebug' because:
[        ]   Build cache is disabled
[        ]   Simple merging task
[        ] Skipping task ':quill_native_bridge_android:bundleLibCompileToJarDebug' as it is up-to-date.
[        ] work action resolve classes.jar (project :quill_native_bridge_android) (Thread[#39356,Execution worker Thread 12,5,main]) started.
[        ] Resolve mutations for :shared_preferences_android:checkKotlinGradlePluginConfigurationErrors (Thread[#39356,Execution worker Thread 12,5,main]) started.
[        ] :shared_preferences_android:checkKotlinGradlePluginConfigurationErrors (Thread[#39356,Execution worker Thread 12,5,main]) started.
[        ] > Task :shared_preferences_android:checkKotlinGradlePluginConfigurationErrors SKIPPED
[        ] Skipping task ':shared_preferences_android:checkKotlinGradlePluginConfigurationErrors' as task onlyIf 'errorDiagnostics are present' is false.
[        ] Resolve mutations for :shared_preferences_android:compileDebugKotlin (Thread[#39356,Execution worker Thread 12,5,main]) started.
[        ] :shared_preferences_android:compileDebugKotlin (Thread[#39356,Execution worker Thread 12,5,main]) started.
[        ] > Task :shared_preferences_android:compileDebugKotlin UP-TO-DATE
[        ] Adding -Xuse-inline-scopes-numbers Kotlin compiler flag for task :shared_preferences_android:compileDebugAndroidTestKotlin
[        ] Caching disabled for task ':shared_preferences_android:compileDebugKotlin' because:
[        ]   Build cache is disabled
[        ] Skipping task ':shared_preferences_android:compileDebugKotlin' as it is up-to-date.
[        ] Resolve mutations for :shared_preferences_android:javaPreCompileDebug (Thread[#39356,Execution worker Thread 12,5,main]) started.
[        ] :shared_preferences_android:javaPreCompileDebug (Thread[#39356,Execution worker Thread 12,5,main]) started.
[        ] > Task :shared_preferences_android:javaPreCompileDebug UP-TO-DATE
[        ] Caching disabled for task ':shared_preferences_android:javaPreCompileDebug' because:
[        ]   Build cache is disabled
[        ] Skipping task ':shared_preferences_android:javaPreCompileDebug' as it is up-to-date.
[        ] Resolve mutations for :shared_preferences_android:compileDebugJavaWithJavac (Thread[#39356,Execution worker Thread 12,5,main]) started.
[        ] :shared_preferences_android:compileDebugJavaWithJavac (Thread[#39356,Execution worker Thread 12,5,main]) started.
[        ] > Task :shared_preferences_android:compileDebugJavaWithJavac UP-TO-DATE
[        ] Custom actions are attached to task ':shared_preferences_android:compileDebugJavaWithJavac'.
[        ] Caching disabled for task ':shared_preferences_android:compileDebugJavaWithJavac' because:
[        ]   Build cache is disabled
[        ] Skipping task ':shared_preferences_android:compileDebugJavaWithJavac' as it is up-to-date.
[        ] No compile result for :shared_preferences_android:compileDebugJavaWithJavac
[        ] No compile result for :shared_preferences_android:compileDebugJavaWithJavac
[        ] Resolve mutations for :shared_preferences_android:bundleLibCompileToJarDebug (Thread[#39356,Execution worker Thread 12,5,main]) started.
[        ] :shared_preferences_android:bundleLibCompileToJarDebug (Thread[#39356,Execution worker Thread 12,5,main]) started.
[        ] > Task :shared_preferences_android:bundleLibCompileToJarDebug UP-TO-DATE
[        ] Caching disabled for task ':shared_preferences_android:bundleLibCompileToJarDebug' because:
[        ]   Build cache is disabled
[        ]   Simple merging task
[        ] Skipping task ':shared_preferences_android:bundleLibCompileToJarDebug' as it is up-to-date.
[        ] work action resolve classes.jar (project :shared_preferences_android) (Thread[#39356,Execution worker Thread 12,5,main]) started.
[        ] Resolve mutations for :sqflite_android:javaPreCompileDebug (Thread[#39356,Execution worker Thread 12,5,main]) started.
[        ] :sqflite_android:javaPreCompileDebug (Thread[#39356,Execution worker Thread 12,5,main]) started.
[        ] > Task :sqflite_android:javaPreCompileDebug UP-TO-DATE
[        ] Caching disabled for task ':sqflite_android:javaPreCompileDebug' because:
[        ]   Build cache is disabled
[        ] Skipping task ':sqflite_android:javaPreCompileDebug' as it is up-to-date.
[        ] Resolve mutations for :sqflite_android:compileDebugJavaWithJavac (Thread[#39356,Execution worker Thread 12,5,main]) started.
[        ] :sqflite_android:compileDebugJavaWithJavac (Thread[#39356,Execution worker Thread 12,5,main]) started.
[        ] > Task :sqflite_android:compileDebugJavaWithJavac UP-TO-DATE
[        ] Custom actions are attached to task ':sqflite_android:compileDebugJavaWithJavac'.
[        ] Caching disabled for task ':sqflite_android:compileDebugJavaWithJavac' because:
[        ]   Build cache is disabled
[        ] Skipping task ':sqflite_android:compileDebugJavaWithJavac' as it is up-to-date.
[        ] No compile result for :sqflite_android:compileDebugJavaWithJavac
[        ] No compile result for :sqflite_android:compileDebugJavaWithJavac
[        ] Resolve mutations for :sqflite_android:bundleLibCompileToJarDebug (Thread[#39356,Execution worker Thread 12,5,main]) started.
[        ] :sqflite_android:bundleLibCompileToJarDebug (Thread[#39356,Execution worker Thread 12,5,main]) started.
[        ] > Task :sqflite_android:bundleLibCompileToJarDebug UP-TO-DATE
[        ] Caching disabled for task ':sqflite_android:bundleLibCompileToJarDebug' because:
[        ]   Build cache is disabled
[        ]   Simple merging task
[        ] Skipping task ':sqflite_android:bundleLibCompileToJarDebug' as it is up-to-date.
[        ] work action resolve classes.jar (project :sqflite_android) (Thread[#39356,Execution worker Thread 12,5,main]) started.
[        ] Resolve mutations for :url_launcher_android:generateDebugBuildConfig (Thread[#39356,Execution worker Thread 12,5,main]) started.
[        ] :url_launcher_android:generateDebugBuildConfig (Thread[#39356,Execution worker Thread 12,5,main]) started.
[        ] > Task :url_launcher_android:generateDebugBuildConfig UP-TO-DATE
[        ] Caching disabled for task ':url_launcher_android:generateDebugBuildConfig' because:
[        ]   Build cache is disabled
[        ] Skipping task ':url_launcher_android:generateDebugBuildConfig' as it is up-to-date.
[        ] Resolve mutations for :url_launcher_android:javaPreCompileDebug (Thread[#39356,Execution worker Thread 12,5,main]) started.
[        ] :url_launcher_android:javaPreCompileDebug (Thread[#39356,Execution worker Thread 12,5,main]) started.
[        ] > Task :url_launcher_android:javaPreCompileDebug UP-TO-DATE
[        ] Caching disabled for task ':url_launcher_android:javaPreCompileDebug' because:
[        ]   Build cache is disabled
[        ] Skipping task ':url_launcher_android:javaPreCompileDebug' as it is up-to-date.
[        ] Resolve mutations for :url_launcher_android:compileDebugJavaWithJavac (Thread[#39356,Execution worker Thread 12,5,main]) started.
[        ] :url_launcher_android:compileDebugJavaWithJavac (Thread[#39356,Execution worker Thread 12,5,main]) started.
[        ] > Task :url_launcher_android:compileDebugJavaWithJavac UP-TO-DATE
[        ] Custom actions are attached to task ':url_launcher_android:compileDebugJavaWithJavac'.
[        ] Caching disabled for task ':url_launcher_android:compileDebugJavaWithJavac' because:
[        ]   Build cache is disabled
[        ] Skipping task ':url_launcher_android:compileDebugJavaWithJavac' as it is up-to-date.
[        ] No compile result for :url_launcher_android:compileDebugJavaWithJavac
[        ] No compile result for :url_launcher_android:compileDebugJavaWithJavac
[        ] Resolve mutations for :url_launcher_android:bundleLibCompileToJarDebug (Thread[#39356,Execution worker Thread 12,5,main]) started.
[        ] :url_launcher_android:bundleLibCompileToJarDebug (Thread[#39356,Execution worker Thread 12,5,main]) started.
[        ] > Task :url_launcher_android:bundleLibCompileToJarDebug UP-TO-DATE
[        ] Caching disabled for task ':url_launcher_android:bundleLibCompileToJarDebug' because:
[        ]   Build cache is disabled
[        ]   Simple merging task
[        ] Skipping task ':url_launcher_android:bundleLibCompileToJarDebug' as it is up-to-date.
[        ] work action resolve classes.jar (project :url_launcher_android) (Thread[#39356,Execution worker Thread 12,5,main]) started.
[        ] Resolve mutations for :video_player_android:checkKotlinGradlePluginConfigurationErrors (Thread[#39356,Execution worker Thread 12,5,main]) started.
[        ] :video_player_android:checkKotlinGradlePluginConfigurationErrors (Thread[#39356,Execution worker Thread 12,5,main]) started.
[        ] > Task :video_player_android:checkKotlinGradlePluginConfigurationErrors SKIPPED
[        ] Skipping task ':video_player_android:checkKotlinGradlePluginConfigurationErrors' as task onlyIf 'errorDiagnostics are present' is false.
[        ] Resolve mutations for :video_player_android:compileDebugKotlin (Thread[#39356,Execution worker Thread 12,5,main]) started.
[        ] :video_player_android:compileDebugKotlin (Thread[#39356,Execution worker Thread 12,5,main]) started.
[        ] > Task :video_player_android:compileDebugKotlin UP-TO-DATE
[        ] Adding -Xuse-inline-scopes-numbers Kotlin compiler flag for task :video_player_android:compileDebugAndroidTestKotlin
[        ] Caching disabled for task ':video_player_android:compileDebugKotlin' because:
[        ]   Build cache is disabled
[        ] Skipping task ':video_player_android:compileDebugKotlin' as it is up-to-date.
[        ] Resolve mutations for :video_player_android:javaPreCompileDebug (Thread[#39356,Execution worker Thread 12,5,main]) started.
[        ] :video_player_android:javaPreCompileDebug (Thread[#39356,Execution worker Thread 12,5,main]) started.
[        ] > Task :video_player_android:javaPreCompileDebug UP-TO-DATE
[        ] Caching disabled for task ':video_player_android:javaPreCompileDebug' because:
[        ]   Build cache is disabled
[        ] Skipping task ':video_player_android:javaPreCompileDebug' as it is up-to-date.
[        ] Resolve mutations for :video_player_android:compileDebugJavaWithJavac (Thread[#39356,Execution worker Thread 12,5,main]) started.
[        ] :video_player_android:compileDebugJavaWithJavac (Thread[#39356,Execution worker Thread 12,5,main]) started.
[        ] > Task :video_player_android:compileDebugJavaWithJavac UP-TO-DATE
[        ] Custom actions are attached to task ':video_player_android:compileDebugJavaWithJavac'.
[        ] Caching disabled for task ':video_player_android:compileDebugJavaWithJavac' because:
[        ]   Build cache is disabled
[        ] Skipping task ':video_player_android:compileDebugJavaWithJavac' as it is up-to-date.
[        ] No compile result for :video_player_android:compileDebugJavaWithJavac
[        ] No compile result for :video_player_android:compileDebugJavaWithJavac
[        ] Resolve mutations for :video_player_android:bundleLibCompileToJarDebug (Thread[#39356,Execution worker Thread 12,5,main]) started.
[        ] :video_player_android:bundleLibCompileToJarDebug (Thread[#39356,Execution worker Thread 12,5,main]) started.
[        ] > Task :video_player_android:bundleLibCompileToJarDebug UP-TO-DATE
[        ] Caching disabled for task ':video_player_android:bundleLibCompileToJarDebug' because:
[        ]   Build cache is disabled
[        ]   Simple merging task
[        ] Skipping task ':video_player_android:bundleLibCompileToJarDebug' as it is up-to-date.
[        ] work action resolve classes.jar (project :video_player_android) (Thread[#39356,Execution worker Thread 12,5,main]) started.
[        ] Resolve mutations for :app:compileDebugKotlin (Thread[#39356,Execution worker Thread 12,5,main]) started.
[        ] :app:compileDebugKotlin (Thread[#39356,Execution worker Thread 12,5,main]) started.
[        ] > Task :app:compileDebugKotlin UP-TO-DATE
[        ] Adding -Xuse-inline-scopes-numbers Kotlin compiler flag for task :app:compileDebugAndroidTestKotlin
[        ] Caching disabled for task ':app:compileDebugKotlin' because:
[        ]   Build cache is disabled
[        ] Skipping task ':app:compileDebugKotlin' as it is up-to-date.
[        ] Resolve mutations for :app:javaPreCompileDebug (Thread[#39356,Execution worker Thread 12,5,main]) started.
[        ] :app:javaPreCompileDebug (Thread[#39356,Execution worker Thread 12,5,main]) started.
[        ] > Task :app:javaPreCompileDebug UP-TO-DATE
[        ] Caching disabled for task ':app:javaPreCompileDebug' because:
[        ]   Build cache is disabled
[        ] Skipping task ':app:javaPreCompileDebug' as it is up-to-date.
[        ] Resolve mutations for :app:compileDebugJavaWithJavac (Thread[#39356,Execution worker Thread 12,5,main]) started.
[        ] :app:compileDebugJavaWithJavac (Thread[#39356,Execution worker Thread 12,5,main]) started.
[        ] > Task :app:compileDebugJavaWithJavac UP-TO-DATE
[        ] Custom actions are attached to task ':app:compileDebugJavaWithJavac'.
[        ] Caching disabled for task ':app:compileDebugJavaWithJavac' because:
[        ]   Build cache is disabled
[        ] Skipping task ':app:compileDebugJavaWithJavac' as it is up-to-date.
[        ] No compile result for :app:compileDebugJavaWithJavac
[        ] No compile result for :app:compileDebugJavaWithJavac
[        ] Resolve mutations for :app:compressDebugAssets (Thread[#39356,Execution worker Thread 12,5,main]) started.
[        ] :app:compressDebugAssets (Thread[#39356,Execution worker Thread 12,5,main]) started.
[        ] Resolve mutations for :app:processDebugJavaRes (Thread[#39353,Execution worker Thread 9,5,main]) started.
[        ] :app:processDebugJavaRes (Thread[#39353,Execution worker Thread 9,5,main]) started.
[        ] > Task :app:processDebugJavaRes UP-TO-DATE
[        ] file or directory '/Users/florian/Code/substitution/android/app/src/main/resources', not found
[        ] file or directory '/Users/florian/Code/substitution/android/app/src/debug/resources', not found
[        ] file or directory '/Users/florian/Code/substitution/android/app/src/main/resources', not found
[        ] file or directory '/Users/florian/Code/substitution/android/app/src/debug/resources', not found
[        ] Caching disabled for task ':app:processDebugJavaRes' because:
[        ]   Build cache is disabled
[        ]   Caching has been disabled for the task
[        ] Skipping task ':app:processDebugJavaRes' as it is up-to-date.
[        ] Resolve mutations for :connectivity_plus:processDebugJavaRes (Thread[#39353,Execution worker Thread 9,5,main]) started.
[        ] :connectivity_plus:processDebugJavaRes (Thread[#39353,Execution worker Thread 9,5,main]) started.
[        ] > Task :connectivity_plus:processDebugJavaRes NO-SOURCE
[        ] file or directory '/Users/florian/.pub-cache/hosted/pub.dev/connectivity_plus-5.0.2/android/src/main/resources', not found
[        ] file or directory '/Users/florian/.pub-cache/hosted/pub.dev/connectivity_plus-5.0.2/android/src/debug/resources', not found
[        ] Skipping task ':connectivity_plus:processDebugJavaRes' as it has no source files and no previous output files.
[        ] work action resolve out (project :connectivity_plus) (Thread[#39353,Execution worker Thread 9,5,main]) started.
[        ] Resolve mutations for :emoji_picker_flutter:processDebugJavaRes (Thread[#39353,Execution worker Thread 9,5,main]) started.
[        ] :emoji_picker_flutter:processDebugJavaRes (Thread[#39353,Execution worker Thread 9,5,main]) started.
[        ] > Task :emoji_picker_flutter:processDebugJavaRes UP-TO-DATE
[        ] file or directory '/Users/florian/.pub-cache/hosted/pub.dev/emoji_picker_flutter-4.4.0/android/src/main/resources', not found
[        ] file or directory '/Users/florian/.pub-cache/hosted/pub.dev/emoji_picker_flutter-4.4.0/android/src/debug/resources', not found
[        ] file or directory '/Users/florian/.pub-cache/hosted/pub.dev/emoji_picker_flutter-4.4.0/android/src/main/resources', not found
[        ] file or directory '/Users/florian/.pub-cache/hosted/pub.dev/emoji_picker_flutter-4.4.0/android/src/debug/resources', not found
[        ] Caching disabled for task ':emoji_picker_flutter:processDebugJavaRes' because:
[        ]   Build cache is disabled
[        ]   Caching has been disabled for the task
[        ] Skipping task ':emoji_picker_flutter:processDebugJavaRes' as it is up-to-date.
[        ] work action resolve out (project :emoji_picker_flutter) (Thread[#39353,Execution worker Thread 9,5,main]) started.
[        ] Resolve mutations for :file_selector_android:processDebugJavaRes (Thread[#39353,Execution worker Thread 9,5,main]) started.
[        ] :file_selector_android:processDebugJavaRes (Thread[#39353,Execution worker Thread 9,5,main]) started.
[        ] > Task :file_selector_android:processDebugJavaRes NO-SOURCE
[        ] file or directory '/Users/florian/.pub-cache/hosted/pub.dev/file_selector_android-0.5.2+4/android/src/main/resources', not found
[        ] file or directory '/Users/florian/.pub-cache/hosted/pub.dev/file_selector_android-0.5.2+4/android/src/debug/resources', not found
[        ] Skipping task ':file_selector_android:processDebugJavaRes' as it has no source files and no previous output files.
[        ] work action resolve out (project :file_selector_android) (Thread[#39353,Execution worker Thread 9,5,main]) started.
[        ] Resolve mutations for :flutter_keyboard_visibility_temp_fork:processDebugJavaRes (Thread[#39353,Execution worker Thread 9,5,main]) started.
[        ] :flutter_keyboard_visibility_temp_fork:processDebugJavaRes (Thread[#39353,Execution worker Thread 9,5,main]) started.
[        ] > Task :flutter_keyboard_visibility_temp_fork:processDebugJavaRes NO-SOURCE
[        ] file or directory '/Users/florian/.pub-cache/hosted/pub.dev/flutter_keyboard_visibility_temp_fork-0.1.5/android/src/main/resources', not found
[        ] file or directory '/Users/florian/.pub-cache/hosted/pub.dev/flutter_keyboard_visibility_temp_fork-0.1.5/android/src/debug/resources', not found
[        ] Skipping task ':flutter_keyboard_visibility_temp_fork:processDebugJavaRes' as it has no source files and no previous output files.
[        ] work action resolve out (project :flutter_keyboard_visibility_temp_fork) (Thread[#39353,Execution worker Thread 9,5,main]) started.
[        ] Resolve mutations for :flutter_native_splash:processDebugJavaRes (Thread[#39353,Execution worker Thread 9,5,main]) started.
[        ] :flutter_native_splash:processDebugJavaRes (Thread[#39353,Execution worker Thread 9,5,main]) started.
[        ] > Task :flutter_native_splash:processDebugJavaRes NO-SOURCE
[        ] file or directory '/Users/florian/.pub-cache/hosted/pub.dev/flutter_native_splash-2.4.7/android/src/main/resources', not found
[        ] file or directory '/Users/florian/.pub-cache/hosted/pub.dev/flutter_native_splash-2.4.7/android/src/debug/resources', not found
[        ] Skipping task ':flutter_native_splash:processDebugJavaRes' as it has no source files and no previous output files.
[        ] work action resolve out (project :flutter_native_splash) (Thread[#39353,Execution worker Thread 9,5,main]) started.
[        ] Resolve mutations for :flutter_olm:processDebugJavaRes (Thread[#39353,Execution worker Thread 9,5,main]) started.
[        ] :flutter_olm:processDebugJavaRes (Thread[#39353,Execution worker Thread 9,5,main]) started.
[        ] > Task :flutter_olm:processDebugJavaRes UP-TO-DATE
[        ] file or directory '/Users/florian/.pub-cache/hosted/pub.dev/flutter_olm-2.0.0/android/src/main/resources', not found
[        ] file or directory '/Users/florian/.pub-cache/hosted/pub.dev/flutter_olm-2.0.0/android/src/debug/resources', not found
[        ] file or directory '/Users/florian/.pub-cache/hosted/pub.dev/flutter_olm-2.0.0/android/src/main/resources', not found
[        ] file or directory '/Users/florian/.pub-cache/hosted/pub.dev/flutter_olm-2.0.0/android/src/debug/resources', not found
[        ] Caching disabled for task ':flutter_olm:processDebugJavaRes' because:
[        ]   Build cache is disabled
[        ]   Caching has been disabled for the task
[        ] Skipping task ':flutter_olm:processDebugJavaRes' as it is up-to-date.
[        ] work action resolve out (project :flutter_olm) (Thread[#39353,Execution worker Thread 9,5,main]) started.
[        ] Resolve mutations for :flutter_openssl_crypto:processDebugJavaRes (Thread[#39353,Execution worker Thread 9,5,main]) started.
[        ] :flutter_openssl_crypto:processDebugJavaRes (Thread[#39353,Execution worker Thread 9,5,main]) started.
[        ] > Task :flutter_openssl_crypto:processDebugJavaRes UP-TO-DATE
[        ] file or directory '/Users/florian/.pub-cache/hosted/pub.dev/flutter_openssl_crypto-0.5.0/android/src/main/resources', not found
[        ] file or directory '/Users/florian/.pub-cache/hosted/pub.dev/flutter_openssl_crypto-0.5.0/android/src/debug/resources', not found
[        ] file or directory '/Users/florian/.pub-cache/hosted/pub.dev/flutter_openssl_crypto-0.5.0/android/src/main/resources', not found
[        ] file or directory '/Users/florian/.pub-cache/hosted/pub.dev/flutter_openssl_crypto-0.5.0/android/src/debug/resources', not found
[        ] Caching disabled for task ':flutter_openssl_crypto:processDebugJavaRes' because:
[        ]   Build cache is disabled
[        ]   Caching has been disabled for the task
[        ] Skipping task ':flutter_openssl_crypto:processDebugJavaRes' as it is up-to-date.
[        ] work action resolve out (project :flutter_openssl_crypto) (Thread[#39353,Execution worker Thread 9,5,main]) started.
[        ] Resolve mutations for :integration_test:processDebugJavaRes (Thread[#39353,Execution worker Thread 9,5,main]) started.
[        ] :integration_test:processDebugJavaRes (Thread[#39353,Execution worker Thread 9,5,main]) started.
[        ] > Task :integration_test:processDebugJavaRes NO-SOURCE
[        ] file or directory '/opt/homebrew/share/flutter/packages/integration_test/android/src/main/resources', not found
[        ] file or directory '/opt/homebrew/share/flutter/packages/integration_test/android/src/debug/resources', not found
[        ] Skipping task ':integration_test:processDebugJavaRes' as it has no source files and no previous output files.
[        ] work action resolve out (project :integration_test) (Thread[#39353,Execution worker Thread 9,5,main]) started.
[        ] Resolve mutations for :path_provider_android:processDebugJavaRes (Thread[#39353,Execution worker Thread 9,5,main]) started.
[        ] :path_provider_android:processDebugJavaRes (Thread[#39353,Execution worker Thread 9,5,main]) started.
[        ] > Task :path_provider_android:processDebugJavaRes NO-SOURCE
[        ] file or directory '/Users/florian/.pub-cache/hosted/pub.dev/path_provider_android-2.2.22/android/src/main/resources', not found
[        ] file or directory '/Users/florian/.pub-cache/hosted/pub.dev/path_provider_android-2.2.22/android/src/debug/resources', not found
[        ] Skipping task ':path_provider_android:processDebugJavaRes' as it has no source files and no previous output files.
[        ] work action resolve out (project :path_provider_android) (Thread[#39353,Execution worker Thread 9,5,main]) started.
[        ] Resolve mutations for :quill_native_bridge_android:processDebugJavaRes (Thread[#39353,Execution worker Thread 9,5,main]) started.
[        ] :quill_native_bridge_android:processDebugJavaRes (Thread[#39353,Execution worker Thread 9,5,main]) started.
[        ] > Task :quill_native_bridge_android:processDebugJavaRes UP-TO-DATE
[        ] file or directory '/Users/florian/.pub-cache/hosted/pub.dev/quill_native_bridge_android-0.0.1+2/android/src/main/resources', not found
[        ] file or directory '/Users/florian/.pub-cache/hosted/pub.dev/quill_native_bridge_android-0.0.1+2/android/src/debug/resources', not found
[        ] file or directory '/Users/florian/.pub-cache/hosted/pub.dev/quill_native_bridge_android-0.0.1+2/android/src/main/resources', not found
[        ] file or directory '/Users/florian/.pub-cache/hosted/pub.dev/quill_native_bridge_android-0.0.1+2/android/src/debug/resources', not found
[        ] Caching disabled for task ':quill_native_bridge_android:processDebugJavaRes' because:
[        ]   Build cache is disabled
[        ]   Caching has been disabled for the task
[        ] Skipping task ':quill_native_bridge_android:processDebugJavaRes' as it is up-to-date.
[        ] work action resolve out (project :quill_native_bridge_android) (Thread[#39353,Execution worker Thread 9,5,main]) started.
[        ] Resolve mutations for :shared_preferences_android:processDebugJavaRes (Thread[#39353,Execution worker Thread 9,5,main]) started.
[        ] :shared_preferences_android:processDebugJavaRes (Thread[#39353,Execution worker Thread 9,5,main]) started.
[        ] > Task :shared_preferences_android:processDebugJavaRes UP-TO-DATE
[        ] file or directory '/Users/florian/.pub-cache/hosted/pub.dev/shared_preferences_android-2.4.20/android/src/main/resources', not found
[        ] file or directory '/Users/florian/.pub-cache/hosted/pub.dev/shared_preferences_android-2.4.20/android/src/debug/resources', not found
[        ] file or directory '/Users/florian/.pub-cache/hosted/pub.dev/shared_preferences_android-2.4.20/android/src/main/resources', not found
[        ] file or directory '/Users/florian/.pub-cache/hosted/pub.dev/shared_preferences_android-2.4.20/android/src/debug/resources', not found
[        ] Caching disabled for task ':shared_preferences_android:processDebugJavaRes' because:
[        ]   Build cache is disabled
[        ]   Caching has been disabled for the task
[        ] Skipping task ':shared_preferences_android:processDebugJavaRes' as it is up-to-date.
[        ] work action resolve out (project :shared_preferences_android) (Thread[#39353,Execution worker Thread 9,5,main]) started.
[        ] Resolve mutations for :sqflite_android:processDebugJavaRes (Thread[#39353,Execution worker Thread 9,5,main]) started.
[        ] :sqflite_android:processDebugJavaRes (Thread[#39353,Execution worker Thread 9,5,main]) started.
[        ] > Task :sqflite_android:processDebugJavaRes NO-SOURCE
[        ] file or directory '/Users/florian/.pub-cache/hosted/pub.dev/sqflite_android-2.4.2+2/android/src/main/resources', not found
[        ] file or directory '/Users/florian/.pub-cache/hosted/pub.dev/sqflite_android-2.4.2+2/android/src/debug/resources', not found
[        ] Skipping task ':sqflite_android:processDebugJavaRes' as it has no source files and no previous output files.
[        ] work action resolve out (project :sqflite_android) (Thread[#39353,Execution worker Thread 9,5,main]) started.
[        ] Resolve mutations for :url_launcher_android:processDebugJavaRes (Thread[#39353,Execution worker Thread 9,5,main]) started.
[        ] :url_launcher_android:processDebugJavaRes (Thread[#39353,Execution worker Thread 9,5,main]) started.
[        ] > Task :url_launcher_android:processDebugJavaRes NO-SOURCE
[        ] file or directory '/Users/florian/.pub-cache/hosted/pub.dev/url_launcher_android-6.3.28/android/src/main/resources', not found
[        ] file or directory '/Users/florian/.pub-cache/hosted/pub.dev/url_launcher_android-6.3.28/android/src/debug/resources', not found
[        ] Skipping task ':url_launcher_android:processDebugJavaRes' as it has no source files and no previous output files.
[        ] work action resolve out (project :url_launcher_android) (Thread[#39353,Execution worker Thread 9,5,main]) started.
[        ] Resolve mutations for :video_player_android:processDebugJavaRes (Thread[#39353,Execution worker Thread 9,5,main]) started.
[        ] :video_player_android:processDebugJavaRes (Thread[#39353,Execution worker Thread 9,5,main]) started.
[        ] > Task :video_player_android:processDebugJavaRes UP-TO-DATE
[        ] file or directory '/Users/florian/.pub-cache/hosted/pub.dev/video_player_android-2.9.1/android/src/main/resources', not found
[        ] file or directory '/Users/florian/.pub-cache/hosted/pub.dev/video_player_android-2.9.1/android/src/debug/resources', not found
[        ] file or directory '/Users/florian/.pub-cache/hosted/pub.dev/video_player_android-2.9.1/android/src/main/resources', not found
[        ] file or directory '/Users/florian/.pub-cache/hosted/pub.dev/video_player_android-2.9.1/android/src/debug/resources', not found
[        ] Caching disabled for task ':video_player_android:processDebugJavaRes' because:
[        ]   Build cache is disabled
[        ]   Caching has been disabled for the task
[        ] Skipping task ':video_player_android:processDebugJavaRes' as it is up-to-date.
[        ] work action resolve out (project :video_player_android) (Thread[#39353,Execution worker Thread 9,5,main]) started.
[        ] Resolve mutations for :app:mergeDebugJavaResource (Thread[#39353,Execution worker Thread 9,5,main]) started.
[        ] :app:mergeDebugJavaResource (Thread[#39353,Execution worker Thread 9,5,main]) started.
[        ] > Task :app:mergeDebugJavaResource UP-TO-DATE
[        ] Caching disabled for task ':app:mergeDebugJavaResource' because:
[        ]   Build cache is disabled
[        ]   Caching has been disabled for the task
[        ] Skipping task ':app:mergeDebugJavaResource' as it is up-to-date.
[        ] Resolve mutations for :app:checkDebugDuplicateClasses (Thread[#39353,Execution worker Thread 9,5,main]) started.
[        ] :app:checkDebugDuplicateClasses (Thread[#39353,Execution worker Thread 9,5,main]) started.
[        ] > Task :app:checkDebugDuplicateClasses UP-TO-DATE
[        ] Caching disabled for task ':app:checkDebugDuplicateClasses' because:
[        ]   Build cache is disabled
[        ]   Caching has been disabled for the task
[        ] Skipping task ':app:checkDebugDuplicateClasses' as it is up-to-date.
[        ] Resolve mutations for :app:desugarDebugFileDependencies (Thread[#39353,Execution worker Thread 9,5,main]) started.
[        ] :app:desugarDebugFileDependencies (Thread[#39353,Execution worker Thread 9,5,main]) started.
[        ] > Task :app:desugarDebugFileDependencies UP-TO-DATE
[        ] Caching disabled for task ':app:desugarDebugFileDependencies' because:
[        ]   Build cache is disabled
[        ] Skipping task ':app:desugarDebugFileDependencies' as it is up-to-date.
[        ] Resolve mutations for :app:mergeExtDexDebug (Thread[#39353,Execution worker Thread 9,5,main]) started.
[        ] :app:mergeExtDexDebug (Thread[#39362,Execution worker Thread 18,5,main]) started.
[        ] > Task :app:mergeExtDexDebug UP-TO-DATE
[        ] Caching disabled for task ':app:mergeExtDexDebug' because:
[        ]   Build cache is disabled
[        ] Skipping task ':app:mergeExtDexDebug' as it is up-to-date.
[        ] Resolve mutations for :connectivity_plus:bundleLibRuntimeToDirDebug (Thread[#39362,Execution worker Thread 18,5,main]) started.
[        ] :connectivity_plus:bundleLibRuntimeToDirDebug (Thread[#39362,Execution worker Thread 18,5,main]) started.
[        ] > Task :connectivity_plus:bundleLibRuntimeToDirDebug UP-TO-DATE
[        ] Caching disabled for task ':connectivity_plus:bundleLibRuntimeToDirDebug' because:
[        ]   Build cache is disabled
[        ]   Simple merging task
[        ] Skipping task ':connectivity_plus:bundleLibRuntimeToDirDebug' as it is up-to-date.
[        ] work action resolve bundleLibRuntimeToDirDebug (project :connectivity_plus) (Thread[#39362,Execution worker Thread 18,5,main]) started.
[        ] ClassesDirToClassesTransform (Thread[#39362,Execution worker Thread 18,5,main]) started.
[        ] Resolve mutations for :emoji_picker_flutter:bundleLibRuntimeToDirDebug (Thread[#39368,Execution worker Thread 24,5,main]) started.
[        ] :emoji_picker_flutter:bundleLibRuntimeToDirDebug (Thread[#39368,Execution worker Thread 24,5,main]) started.
[        ] DexingNoClasspathTransform (Thread[#39362,Execution worker Thread 18,5,main]) started.
[        ] > Task :emoji_picker_flutter:bundleLibRuntimeToDirDebug UP-TO-DATE
[        ] Caching disabled for task ':emoji_picker_flutter:bundleLibRuntimeToDirDebug' because:
[        ]   Build cache is disabled
[        ]   Simple merging task
[        ] Skipping task ':emoji_picker_flutter:bundleLibRuntimeToDirDebug' as it is up-to-date.
[        ] work action resolve bundleLibRuntimeToDirDebug (project :emoji_picker_flutter) (Thread[#39368,Execution worker Thread 24,5,main]) started.
[        ] ClassesDirToClassesTransform (Thread[#39368,Execution worker Thread 24,5,main]) started.
[        ] Resolve mutations for :file_selector_android:bundleLibRuntimeToDirDebug (Thread[#39353,Execution worker Thread 9,5,main]) started.
[        ] :file_selector_android:bundleLibRuntimeToDirDebug (Thread[#39353,Execution worker Thread 9,5,main]) started.
[        ] DexingNoClasspathTransform (Thread[#39368,Execution worker Thread 24,5,main]) started.
[        ] > Transform bundleLibRuntimeToDirDebug (project :connectivity_plus) with DexingNoClasspathTransform
[        ] Caching disabled for DexingNoClasspathTransform: /Users/florian/Code/substitution/build/connectivity_plus/intermediates/runtime_library_classes_dir/debug/bundleLibRuntimeToDirDebug because:
[        ]   Build cache is disabled
[        ] Skipping DexingNoClasspathTransform: /Users/florian/Code/substitution/build/connectivity_plus/intermediates/runtime_library_classes_dir/debug/bundleLibRuntimeToDirDebug as it is up-to-date.
[        ] > Transform bundleLibRuntimeToDirDebug (project :emoji_picker_flutter) with DexingNoClasspathTransform
[        ] Caching disabled for DexingNoClasspathTransform: /Users/florian/Code/substitution/build/emoji_picker_flutter/intermediates/runtime_library_classes_dir/debug/bundleLibRuntimeToDirDebug because:
[        ]   Build cache is disabled
[        ] Skipping DexingNoClasspathTransform: /Users/florian/Code/substitution/build/emoji_picker_flutter/intermediates/runtime_library_classes_dir/debug/bundleLibRuntimeToDirDebug as it is up-to-date.
[        ] > Task :file_selector_android:bundleLibRuntimeToDirDebug UP-TO-DATE
[        ] Caching disabled for task ':file_selector_android:bundleLibRuntimeToDirDebug' because:
[        ]   Build cache is disabled
[        ]   Simple merging task
[        ] Skipping task ':file_selector_android:bundleLibRuntimeToDirDebug' as it is up-to-date.
[        ] work action resolve bundleLibRuntimeToDirDebug (project :file_selector_android) (Thread[#39353,Execution worker Thread 9,5,main]) started.
[        ] ClassesDirToClassesTransform (Thread[#39353,Execution worker Thread 9,5,main]) started.
[        ] Resolve mutations for :flutter_keyboard_visibility_temp_fork:bundleLibRuntimeToDirDebug (Thread[#39372,Execution worker Thread 28,5,main]) started.
[        ] :flutter_keyboard_visibility_temp_fork:bundleLibRuntimeToDirDebug (Thread[#39372,Execution worker Thread 28,5,main]) started.
[        ] DexingNoClasspathTransform (Thread[#39353,Execution worker Thread 9,5,main]) started.
[        ] > Task :flutter_keyboard_visibility_temp_fork:bundleLibRuntimeToDirDebug UP-TO-DATE
[        ] Caching disabled for task ':flutter_keyboard_visibility_temp_fork:bundleLibRuntimeToDirDebug' because:
[        ]   Build cache is disabled
[        ]   Simple merging task
[        ] Skipping task ':flutter_keyboard_visibility_temp_fork:bundleLibRuntimeToDirDebug' as it is up-to-date.
[        ] work action resolve bundleLibRuntimeToDirDebug (project :flutter_keyboard_visibility_temp_fork) (Thread[#39372,Execution worker Thread 28,5,main]) started.
[        ] ClassesDirToClassesTransform (Thread[#39372,Execution worker Thread 28,5,main]) started.
[        ] DexingNoClasspathTransform (Thread[#39372,Execution worker Thread 28,5,main]) started.
[        ] Resolve mutations for :flutter_native_splash:bundleLibRuntimeToDirDebug (Thread[#39346,Execution worker Thread 3,5,main]) started.
[        ] :flutter_native_splash:bundleLibRuntimeToDirDebug (Thread[#39346,Execution worker Thread 3,5,main]) started.
[        ] > Transform bundleLibRuntimeToDirDebug (project :file_selector_android) with DexingNoClasspathTransform
[        ] Caching disabled for DexingNoClasspathTransform: /Users/florian/Code/substitution/build/file_selector_android/intermediates/runtime_library_classes_dir/debug/bundleLibRuntimeToDirDebug because:
[        ]   Build cache is disabled
[        ] Skipping DexingNoClasspathTransform: /Users/florian/Code/substitution/build/file_selector_android/intermediates/runtime_library_classes_dir/debug/bundleLibRuntimeToDirDebug as it is up-to-date.
[        ] > Task :flutter_native_splash:bundleLibRuntimeToDirDebug UP-TO-DATE
[        ] Caching disabled for task ':flutter_native_splash:bundleLibRuntimeToDirDebug' because:
[        ]   Build cache is disabled
[        ]   Simple merging task
[        ] Skipping task ':flutter_native_splash:bundleLibRuntimeToDirDebug' as it is up-to-date.
[        ] > Transform bundleLibRuntimeToDirDebug (project :flutter_keyboard_visibility_temp_fork) with DexingNoClasspathTransform
[        ] Caching disabled for DexingNoClasspathTransform: /Users/florian/Code/substitution/build/flutter_keyboard_visibility_temp_fork/intermediates/runtime_library_classes_dir/debug/bundleLibRuntimeToDirDebug because:
[        ]   Build cache is disabled
[        ] Skipping DexingNoClasspathTransform: /Users/florian/Code/substitution/build/flutter_keyboard_visibility_temp_fork/intermediates/runtime_library_classes_dir/debug/bundleLibRuntimeToDirDebug as it is up-to-date.
[        ] work action resolve bundleLibRuntimeToDirDebug (project :flutter_native_splash) (Thread[#39346,Execution worker Thread 3,5,main]) started.
[        ] ClassesDirToClassesTransform (Thread[#39346,Execution worker Thread 3,5,main]) started.
[        ] Resolve mutations for :flutter_olm:bundleLibRuntimeToDirDebug (Thread[#39372,Execution worker Thread 28,5,main]) started.
[        ] DexingNoClasspathTransform (Thread[#39346,Execution worker Thread 3,5,main]) started.
[        ] :flutter_olm:bundleLibRuntimeToDirDebug (Thread[#39372,Execution worker Thread 28,5,main]) started.
[        ] > Transform bundleLibRuntimeToDirDebug (project :flutter_native_splash) with DexingNoClasspathTransform
[        ] Caching disabled for DexingNoClasspathTransform: /Users/florian/Code/substitution/build/flutter_native_splash/intermediates/runtime_library_classes_dir/debug/bundleLibRuntimeToDirDebug because:
[        ]   Build cache is disabled
[        ] Skipping DexingNoClasspathTransform: /Users/florian/Code/substitution/build/flutter_native_splash/intermediates/runtime_library_classes_dir/debug/bundleLibRuntimeToDirDebug as it is up-to-date.
[        ] > Task :flutter_olm:bundleLibRuntimeToDirDebug UP-TO-DATE
[        ] Caching disabled for task ':flutter_olm:bundleLibRuntimeToDirDebug' because:
[        ]   Build cache is disabled
[        ]   Simple merging task
[        ] Skipping task ':flutter_olm:bundleLibRuntimeToDirDebug' as it is up-to-date.
[        ] work action resolve bundleLibRuntimeToDirDebug (project :flutter_olm) (Thread[#39372,Execution worker Thread 28,5,main]) started.
[        ] ClassesDirToClassesTransform (Thread[#39372,Execution worker Thread 28,5,main]) started.
[        ] Resolve mutations for :flutter_openssl_crypto:bundleLibRuntimeToDirDebug (Thread[#39353,Execution worker Thread 9,5,main]) started.
[        ] :flutter_openssl_crypto:bundleLibRuntimeToDirDebug (Thread[#39353,Execution worker Thread 9,5,main]) started.
[        ] DexingNoClasspathTransform (Thread[#39372,Execution worker Thread 28,5,main]) started.
[        ] > Task :flutter_openssl_crypto:bundleLibRuntimeToDirDebug UP-TO-DATE
[        ] Caching disabled for task ':flutter_openssl_crypto:bundleLibRuntimeToDirDebug' because:
[        ]   Build cache is disabled
[        ]   Simple merging task
[        ] Skipping task ':flutter_openssl_crypto:bundleLibRuntimeToDirDebug' as it is up-to-date.
[        ] work action resolve bundleLibRuntimeToDirDebug (project :flutter_openssl_crypto) (Thread[#39353,Execution worker Thread 9,5,main]) started.
[        ] ClassesDirToClassesTransform (Thread[#39353,Execution worker Thread 9,5,main]) started.
[        ] Resolve mutations for :integration_test:bundleLibRuntimeToDirDebug (Thread[#39355,Execution worker Thread 11,5,main]) started.
[        ] :integration_test:bundleLibRuntimeToDirDebug (Thread[#39355,Execution worker Thread 11,5,main]) started.
[        ] > Transform bundleLibRuntimeToDirDebug (project :flutter_olm) with DexingNoClasspathTransform
[        ] Caching disabled for DexingNoClasspathTransform: /Users/florian/Code/substitution/build/flutter_olm/intermediates/runtime_library_classes_dir/debug/bundleLibRuntimeToDirDebug because:
[        ]   Build cache is disabled
[        ] Skipping DexingNoClasspathTransform: /Users/florian/Code/substitution/build/flutter_olm/intermediates/runtime_library_classes_dir/debug/bundleLibRuntimeToDirDebug as it is up-to-date.
[        ] DexingNoClasspathTransform (Thread[#39353,Execution worker Thread 9,5,main]) started.
[        ] > Task :integration_test:bundleLibRuntimeToDirDebug UP-TO-DATE
[        ] Caching disabled for task ':integration_test:bundleLibRuntimeToDirDebug' because:
[        ]   Build cache is disabled
[        ]   Simple merging task
[        ] Skipping task ':integration_test:bundleLibRuntimeToDirDebug' as it is up-to-date.
[        ] work action resolve bundleLibRuntimeToDirDebug (project :integration_test) (Thread[#39355,Execution worker Thread 11,5,main]) started.
[        ] ClassesDirToClassesTransform (Thread[#39355,Execution worker Thread 11,5,main]) started.
[        ] Resolve mutations for :path_provider_android:bundleLibRuntimeToDirDebug (Thread[#39372,Execution worker Thread 28,5,main]) started.
[        ] DexingNoClasspathTransform (Thread[#39355,Execution worker Thread 11,5,main]) started.
[        ] > Transform bundleLibRuntimeToDirDebug (project :flutter_openssl_crypto) with DexingNoClasspathTransform
[        ] Caching disabled for DexingNoClasspathTransform: /Users/florian/Code/substitution/build/flutter_openssl_crypto/intermediates/runtime_library_classes_dir/debug/bundleLibRuntimeToDirDebug because:
[        ]   Build cache is disabled
[        ] Skipping DexingNoClasspathTransform: /Users/florian/Code/substitution/build/flutter_openssl_crypto/intermediates/runtime_library_classes_dir/debug/bundleLibRuntimeToDirDebug as it is up-to-date.
[        ] :path_provider_android:bundleLibRuntimeToDirDebug (Thread[#39372,Execution worker Thread 28,5,main]) started.
[        ] > Transform bundleLibRuntimeToDirDebug (project :integration_test) with DexingNoClasspathTransform
[        ] Caching disabled for DexingNoClasspathTransform: /Users/florian/Code/substitution/build/integration_test/intermediates/runtime_library_classes_dir/debug/bundleLibRuntimeToDirDebug because:
[        ]   Build cache is disabled
[        ] Skipping DexingNoClasspathTransform: /Users/florian/Code/substitution/build/integration_test/intermediates/runtime_library_classes_dir/debug/bundleLibRuntimeToDirDebug as it is up-to-date.
[        ] > Task :path_provider_android:bundleLibRuntimeToDirDebug UP-TO-DATE
[        ] Caching disabled for task ':path_provider_android:bundleLibRuntimeToDirDebug' because:
[        ]   Build cache is disabled
[        ]   Simple merging task
[        ] Skipping task ':path_provider_android:bundleLibRuntimeToDirDebug' as it is up-to-date.
[        ] work action resolve bundleLibRuntimeToDirDebug (project :path_provider_android) (Thread[#39372,Execution worker Thread 28,5,main]) started.
[        ] ClassesDirToClassesTransform (Thread[#39372,Execution worker Thread 28,5,main]) started.
[        ] Resolve mutations for :quill_native_bridge_android:bundleLibRuntimeToDirDebug (Thread[#39345,Execution worker Thread 2,5,main]) started.
[        ] DexingNoClasspathTransform (Thread[#39372,Execution worker Thread 28,5,main]) started.
[        ] :quill_native_bridge_android:bundleLibRuntimeToDirDebug (Thread[#39345,Execution worker Thread 2,5,main]) started.
[        ] > Transform bundleLibRuntimeToDirDebug (project :path_provider_android) with DexingNoClasspathTransform
[        ] Caching disabled for DexingNoClasspathTransform: /Users/florian/Code/substitution/build/path_provider_android/intermediates/runtime_library_classes_dir/debug/bundleLibRuntimeToDirDebug because:
[        ]   Build cache is disabled
[        ] Skipping DexingNoClasspathTransform: /Users/florian/Code/substitution/build/path_provider_android/intermediates/runtime_library_classes_dir/debug/bundleLibRuntimeToDirDebug as it is up-to-date.
[        ] > Task :quill_native_bridge_android:bundleLibRuntimeToDirDebug UP-TO-DATE
[        ] Caching disabled for task ':quill_native_bridge_android:bundleLibRuntimeToDirDebug' because:
[        ]   Build cache is disabled
[        ]   Simple merging task
[        ] Skipping task ':quill_native_bridge_android:bundleLibRuntimeToDirDebug' as it is up-to-date.
[        ] work action resolve bundleLibRuntimeToDirDebug (project :quill_native_bridge_android) (Thread[#39345,Execution worker Thread 2,5,main]) started.
[        ] ClassesDirToClassesTransform (Thread[#39345,Execution worker Thread 2,5,main]) started.
[        ] Resolve mutations for :shared_preferences_android:bundleLibRuntimeToDirDebug (Thread[#39372,Execution worker Thread 28,5,main]) started.
[        ] DexingNoClasspathTransform (Thread[#39345,Execution worker Thread 2,5,main]) started.
[        ] :shared_preferences_android:bundleLibRuntimeToDirDebug (Thread[#39372,Execution worker Thread 28,5,main]) started.
[        ] > Transform bundleLibRuntimeToDirDebug (project :quill_native_bridge_android) with DexingNoClasspathTransform
[        ] Caching disabled for DexingNoClasspathTransform: /Users/florian/Code/substitution/build/quill_native_bridge_android/intermediates/runtime_library_classes_dir/debug/bundleLibRuntimeToDirDebug because:
[        ]   Build cache is disabled
[        ] Skipping DexingNoClasspathTransform: /Users/florian/Code/substitution/build/quill_native_bridge_android/intermediates/runtime_library_classes_dir/debug/bundleLibRuntimeToDirDebug as it is up-to-date.
[        ] > Task :shared_preferences_android:bundleLibRuntimeToDirDebug UP-TO-DATE
[        ] Caching disabled for task ':shared_preferences_android:bundleLibRuntimeToDirDebug' because:
[        ]   Build cache is disabled
[        ]   Simple merging task
[        ] Skipping task ':shared_preferences_android:bundleLibRuntimeToDirDebug' as it is up-to-date.
[        ] work action resolve bundleLibRuntimeToDirDebug (project :shared_preferences_android) (Thread[#39372,Execution worker Thread 28,5,main]) started.
[        ] ClassesDirToClassesTransform (Thread[#39372,Execution worker Thread 28,5,main]) started.
[        ] Resolve mutations for :sqflite_android:bundleLibRuntimeToDirDebug (Thread[#39354,Execution worker Thread 10,5,main]) started.
[        ] :sqflite_android:bundleLibRuntimeToDirDebug (Thread[#39354,Execution worker Thread 10,5,main]) started.
[        ] DexingNoClasspathTransform (Thread[#39372,Execution worker Thread 28,5,main]) started.
[        ] > Task :sqflite_android:bundleLibRuntimeToDirDebug UP-TO-DATE
[        ] Caching disabled for task ':sqflite_android:bundleLibRuntimeToDirDebug' because:
[        ]   Build cache is disabled
[        ]   Simple merging task
[        ] Skipping task ':sqflite_android:bundleLibRuntimeToDirDebug' as it is up-to-date.
[        ] work action resolve bundleLibRuntimeToDirDebug (project :sqflite_android) (Thread[#39354,Execution worker Thread 10,5,main]) started.
[        ] ClassesDirToClassesTransform (Thread[#39354,Execution worker Thread 10,5,main]) started.
[        ] Resolve mutations for :url_launcher_android:bundleLibRuntimeToDirDebug (Thread[#39363,Execution worker Thread 19,5,main]) started.
[        ] DexingNoClasspathTransform (Thread[#39354,Execution worker Thread 10,5,main]) started.
[        ] :url_launcher_android:bundleLibRuntimeToDirDebug (Thread[#39363,Execution worker Thread 19,5,main]) started.
[        ] > Transform bundleLibRuntimeToDirDebug (project :shared_preferences_android) with DexingNoClasspathTransform
[        ] Caching disabled for DexingNoClasspathTransform: /Users/florian/Code/substitution/build/shared_preferences_android/intermediates/runtime_library_classes_dir/debug/bundleLibRuntimeToDirDebug because:
[        ]   Build cache is disabled
[        ] Skipping DexingNoClasspathTransform: /Users/florian/Code/substitution/build/shared_preferences_android/intermediates/runtime_library_classes_dir/debug/bundleLibRuntimeToDirDebug as it is up-to-date.
[        ] > Task :url_launcher_android:bundleLibRuntimeToDirDebug UP-TO-DATE
[        ] Caching disabled for task ':url_launcher_android:bundleLibRuntimeToDirDebug' because:
[        ]   Build cache is disabled
[        ]   Simple merging task
[        ] Skipping task ':url_launcher_android:bundleLibRuntimeToDirDebug' as it is up-to-date.
[        ] work action resolve bundleLibRuntimeToDirDebug (project :url_launcher_android) (Thread[#39363,Execution worker Thread 19,5,main]) started.
[        ] ClassesDirToClassesTransform (Thread[#39363,Execution worker Thread 19,5,main]) started.
[        ] Resolve mutations for :video_player_android:bundleLibRuntimeToDirDebug (Thread[#39344,Execution worker,5,main]) started.
[        ] > Transform bundleLibRuntimeToDirDebug (project :sqflite_android) with DexingNoClasspathTransform
[        ] Caching disabled for DexingNoClasspathTransform: /Users/florian/Code/substitution/build/sqflite_android/intermediates/runtime_library_classes_dir/debug/bundleLibRuntimeToDirDebug because:
[        ]   Build cache is disabled
[        ] Skipping DexingNoClasspathTransform: /Users/florian/Code/substitution/build/sqflite_android/intermediates/runtime_library_classes_dir/debug/bundleLibRuntimeToDirDebug as it is up-to-date.
[        ] :video_player_android:bundleLibRuntimeToDirDebug (Thread[#39344,Execution worker,5,main]) started.
[        ] DexingNoClasspathTransform (Thread[#39363,Execution worker Thread 19,5,main]) started.
[        ] > Transform bundleLibRuntimeToDirDebug (project :url_launcher_android) with DexingNoClasspathTransform
[        ] Caching disabled for DexingNoClasspathTransform: /Users/florian/Code/substitution/build/url_launcher_android/intermediates/runtime_library_classes_dir/debug/bundleLibRuntimeToDirDebug because:
[        ]   Build cache is disabled
[        ] Skipping DexingNoClasspathTransform: /Users/florian/Code/substitution/build/url_launcher_android/intermediates/runtime_library_classes_dir/debug/bundleLibRuntimeToDirDebug as it is up-to-date.
[        ] > Task :video_player_android:bundleLibRuntimeToDirDebug UP-TO-DATE
[        ] Caching disabled for task ':video_player_android:bundleLibRuntimeToDirDebug' because:
[        ]   Build cache is disabled
[        ]   Simple merging task
[        ] Skipping task ':video_player_android:bundleLibRuntimeToDirDebug' as it is up-to-date.
[        ] work action resolve bundleLibRuntimeToDirDebug (project :video_player_android) (Thread[#39344,Execution worker,5,main]) started.
[        ] ClassesDirToClassesTransform (Thread[#39344,Execution worker,5,main]) started.
[        ] Resolve mutations for :app:dexBuilderDebug (Thread[#39363,Execution worker Thread 19,5,main]) started.
[        ] DexingNoClasspathTransform (Thread[#39344,Execution worker,5,main]) started.
[        ] :app:dexBuilderDebug (Thread[#39363,Execution worker Thread 19,5,main]) started.
[        ] > Task :app:dexBuilderDebug UP-TO-DATE
[        ] Caching disabled for task ':app:dexBuilderDebug' because:
[        ]   Build cache is disabled
[        ] Skipping task ':app:dexBuilderDebug' as it is up-to-date.
[        ] > Transform bundleLibRuntimeToDirDebug (project :video_player_android) with DexingNoClasspathTransform
[        ] Caching disabled for DexingNoClasspathTransform: /Users/florian/Code/substitution/build/video_player_android/intermediates/runtime_library_classes_dir/debug/bundleLibRuntimeToDirDebug because:
[        ]   Build cache is disabled
[        ] Skipping DexingNoClasspathTransform: /Users/florian/Code/substitution/build/video_player_android/intermediates/runtime_library_classes_dir/debug/bundleLibRuntimeToDirDebug as it is up-to-date.
[        ] Resolve mutations for :app:mergeLibDexDebug (Thread[#39344,Execution worker,5,main]) started.
[        ] :app:mergeLibDexDebug (Thread[#39344,Execution worker,5,main]) started.
[        ] > Task :app:mergeLibDexDebug UP-TO-DATE
[        ] Caching disabled for task ':app:mergeLibDexDebug' because:
[        ]   Build cache is disabled
[        ] Skipping task ':app:mergeLibDexDebug' as it is up-to-date.
[        ] Resolve mutations for :app:mergeProjectDexDebug (Thread[#39344,Execution worker,5,main]) started.
[        ] :app:mergeProjectDexDebug (Thread[#39344,Execution worker,5,main]) started.
[        ] > Task :app:mergeProjectDexDebug UP-TO-DATE
[        ] Caching disabled for task ':app:mergeProjectDexDebug' because:
[        ]   Build cache is disabled
[        ] Skipping task ':app:mergeProjectDexDebug' as it is up-to-date.
[        ] Resolve mutations for :app:configureCMakeDebug[arm64-v8a] (Thread[#39344,Execution worker,5,main]) started.
[        ] :app:configureCMakeDebug[arm64-v8a] (Thread[#39344,Execution worker,5,main]) started.
[        ] > Task :app:configureCMakeDebug[arm64-v8a]
[        ] Caching disabled for task ':app:configureCMakeDebug[arm64-v8a]' because:
[        ]   Build cache is disabled
[        ]   Caching has been disabled for the task
[        ] Task ':app:configureCMakeDebug[arm64-v8a]' is not up-to-date because:
[        ]   Task.upToDateWhen is false.
[        ] C/C++: /opt/homebrew/share/flutter/packages/flutter_tools/gradle/src/main/scripts/CMakeLists.txt debug|arm64-v8a : Start JSON generation. Platform version: 24 min SDK version: arm64-v8a
[        ] C/C++: /opt/homebrew/share/flutter/packages/flutter_tools/gradle/src/main/scripts/CMakeLists.txt debug|arm64-v8a : JSON '/Users/florian/Code/substitution/build/.cxx/debug/x6546535/arm64-v8a/android_gradle_build.json' was up-to-date
[        ] C/C++: /opt/homebrew/share/flutter/packages/flutter_tools/gradle/src/main/scripts/CMakeLists.txt debug|arm64-v8a : JSON generation completed without problems
[        ] C/C++: /opt/homebrew/share/flutter/packages/flutter_tools/gradle/src/main/scripts/CMakeLists.txt debug|arm64-v8a : Writing build model to /Users/florian/Code/substitution/build/app/intermediates/cxx/debug/x6546535/logs/arm64-v8a/build_model.json
[        ] Resolve mutations for :app:buildCMakeDebug[arm64-v8a] (Thread[#39344,Execution worker,5,main]) started.
[        ] :app:buildCMakeDebug[arm64-v8a] (Thread[#39344,Execution worker,5,main]) started.
[        ] > Task :app:buildCMakeDebug[arm64-v8a]
[        ] Caching disabled for task ':app:buildCMakeDebug[arm64-v8a]' because:
[        ]   Build cache is disabled
[        ]   Caching has been disabled for the task
[        ] Task ':app:buildCMakeDebug[arm64-v8a]' is not up-to-date because:
[        ]   Task.upToDateWhen is false.
[        ] C/C++: starting build
[        ] C/C++: reading expected JSONs
[        ] C/C++: done reading expected JSONs
[        ] C/C++: executing build commands for targets that produce .so files or executables
[        ] C/C++: evaluate miniconfig
[        ] C/C++: no libraries
[        ] Resolve mutations for :app:configureCMakeDebug[armeabi-v7a] (Thread[#39344,Execution worker,5,main]) started.
[        ] :app:configureCMakeDebug[armeabi-v7a] (Thread[#39344,Execution worker,5,main]) started.
[        ] > Task :app:configureCMakeDebug[armeabi-v7a]
[        ] Caching disabled for task ':app:configureCMakeDebug[armeabi-v7a]' because:
[        ]   Build cache is disabled
[        ]   Caching has been disabled for the task
[        ] Task ':app:configureCMakeDebug[armeabi-v7a]' is not up-to-date because:
[        ]   Task.upToDateWhen is false.
[        ] C/C++: /opt/homebrew/share/flutter/packages/flutter_tools/gradle/src/main/scripts/CMakeLists.txt debug|armeabi-v7a : Start JSON generation. Platform version: 24 min SDK version: armeabi-v7a
[        ] C/C++: /opt/homebrew/share/flutter/packages/flutter_tools/gradle/src/main/scripts/CMakeLists.txt debug|armeabi-v7a : JSON '/Users/florian/Code/substitution/build/.cxx/debug/x6546535/armeabi-v7a/android_gradle_build.json' was up-to-date
[        ] C/C++: /opt/homebrew/share/flutter/packages/flutter_tools/gradle/src/main/scripts/CMakeLists.txt debug|armeabi-v7a : JSON generation completed without problems
[        ] C/C++: /opt/homebrew/share/flutter/packages/flutter_tools/gradle/src/main/scripts/CMakeLists.txt debug|armeabi-v7a : Writing build model to /Users/florian/Code/substitution/build/app/intermediates/cxx/debug/x6546535/logs/armeabi-v7a/build_model.json
[        ] Resolve mutations for :app:buildCMakeDebug[armeabi-v7a] (Thread[#39344,Execution worker,5,main]) started.
[        ] :app:buildCMakeDebug[armeabi-v7a] (Thread[#39344,Execution worker,5,main]) started.
[        ] > Task :app:buildCMakeDebug[armeabi-v7a]
[        ] Caching disabled for task ':app:buildCMakeDebug[armeabi-v7a]' because:
[        ]   Build cache is disabled
[        ]   Caching has been disabled for the task
[        ] Task ':app:buildCMakeDebug[armeabi-v7a]' is not up-to-date because:
[        ]   Task.upToDateWhen is false.
[        ] C/C++: starting build
[        ] C/C++: reading expected JSONs
[        ] C/C++: done reading expected JSONs
[        ] C/C++: executing build commands for targets that produce .so files or executables
[        ] C/C++: evaluate miniconfig
[        ] C/C++: no libraries
[        ] Resolve mutations for :app:configureCMakeDebug[x86_64] (Thread[#39344,Execution worker,5,main]) started.
[        ] :app:configureCMakeDebug[x86_64] (Thread[#39344,Execution worker,5,main]) started.
[        ] > Task :app:configureCMakeDebug[x86_64]
[        ] Caching disabled for task ':app:configureCMakeDebug[x86_64]' because:
[        ]   Build cache is disabled
[        ]   Caching has been disabled for the task
[        ] Task ':app:configureCMakeDebug[x86_64]' is not up-to-date because:
[        ]   Task.upToDateWhen is false.
[        ] C/C++: /opt/homebrew/share/flutter/packages/flutter_tools/gradle/src/main/scripts/CMakeLists.txt debug|x86_64 : Start JSON generation. Platform version: 24 min SDK version: x86_64
[        ] C/C++: /opt/homebrew/share/flutter/packages/flutter_tools/gradle/src/main/scripts/CMakeLists.txt debug|x86_64 : JSON '/Users/florian/Code/substitution/build/.cxx/debug/x6546535/x86_64/android_gradle_build.json' was up-to-date
[        ] C/C++: /opt/homebrew/share/flutter/packages/flutter_tools/gradle/src/main/scripts/CMakeLists.txt debug|x86_64 : JSON generation completed without problems
[        ] C/C++: /opt/homebrew/share/flutter/packages/flutter_tools/gradle/src/main/scripts/CMakeLists.txt debug|x86_64 : Writing build model to /Users/florian/Code/substitution/build/app/intermediates/cxx/debug/x6546535/logs/x86_64/build_model.json
[        ] Resolve mutations for :app:buildCMakeDebug[x86_64] (Thread[#39344,Execution worker,5,main]) started.
[        ] :app:buildCMakeDebug[x86_64] (Thread[#39344,Execution worker,5,main]) started.
[        ] > Task :app:buildCMakeDebug[x86_64]
[        ] Caching disabled for task ':app:buildCMakeDebug[x86_64]' because:
[        ]   Build cache is disabled
[        ]   Caching has been disabled for the task
[        ] Task ':app:buildCMakeDebug[x86_64]' is not up-to-date because:
[        ]   Task.upToDateWhen is false.
[        ] C/C++: starting build
[        ] C/C++: reading expected JSONs
[        ] C/C++: done reading expected JSONs
[        ] C/C++: executing build commands for targets that produce .so files or executables
[        ] C/C++: evaluate miniconfig
[        ] C/C++: no libraries
[        ] Resolve mutations for :app:mergeDebugJniLibFolders (Thread[#39344,Execution worker,5,main]) started.
[        ] :app:mergeDebugJniLibFolders (Thread[#39344,Execution worker,5,main]) started.
[        ] > Task :app:mergeDebugJniLibFolders UP-TO-DATE
[        ] Caching disabled for task ':app:mergeDebugJniLibFolders' because:
[        ]   Build cache is disabled
[        ]   Simple merging task
[        ] Skipping task ':app:mergeDebugJniLibFolders' as it is up-to-date.
[        ] Resolve mutations for :connectivity_plus:mergeDebugJniLibFolders (Thread[#39344,Execution worker,5,main]) started.
[        ] :connectivity_plus:mergeDebugJniLibFolders (Thread[#39344,Execution worker,5,main]) started.
[        ] > Task :connectivity_plus:mergeDebugJniLibFolders UP-TO-DATE
[        ] Caching disabled for task ':connectivity_plus:mergeDebugJniLibFolders' because:
[        ]   Build cache is disabled
[        ]   Simple merging task
[        ] Skipping task ':connectivity_plus:mergeDebugJniLibFolders' as it is up-to-date.
[        ] Resolve mutations for :connectivity_plus:mergeDebugNativeLibs (Thread[#39344,Execution worker,5,main]) started.
[        ] :connectivity_plus:mergeDebugNativeLibs (Thread[#39344,Execution worker,5,main]) started.
[        ] > Task :connectivity_plus:mergeDebugNativeLibs NO-SOURCE
[        ] Skipping task ':connectivity_plus:mergeDebugNativeLibs' as it has no source files and no previous output files.
[        ] Resolve mutations for :connectivity_plus:copyDebugJniLibsProjectOnly (Thread[#39344,Execution worker,5,main]) started.
[        ] :connectivity_plus:copyDebugJniLibsProjectOnly (Thread[#39344,Execution worker,5,main]) started.
[        ] > Task :connectivity_plus:copyDebugJniLibsProjectOnly UP-TO-DATE
[        ] Caching disabled for task ':connectivity_plus:copyDebugJniLibsProjectOnly' because:
[        ]   Build cache is disabled
[        ]   Caching has been disabled for the task
[        ] Skipping task ':connectivity_plus:copyDebugJniLibsProjectOnly' as it is up-to-date.
[        ] work action resolve jni (project :connectivity_plus) (Thread[#39344,Execution worker,5,main]) started.
[        ] Resolve mutations for :emoji_picker_flutter:mergeDebugJniLibFolders (Thread[#39344,Execution worker,5,main]) started.
[        ] :emoji_picker_flutter:mergeDebugJniLibFolders (Thread[#39344,Execution worker,5,main]) started.
[        ] > Task :emoji_picker_flutter:mergeDebugJniLibFolders UP-TO-DATE
[        ] Caching disabled for task ':emoji_picker_flutter:mergeDebugJniLibFolders' because:
[        ]   Build cache is disabled
[        ]   Simple merging task
[        ] Skipping task ':emoji_picker_flutter:mergeDebugJniLibFolders' as it is up-to-date.
[        ] Resolve mutations for :emoji_picker_flutter:mergeDebugNativeLibs (Thread[#39344,Execution worker,5,main]) started.
[        ] :emoji_picker_flutter:mergeDebugNativeLibs (Thread[#39344,Execution worker,5,main]) started.
[        ] > Task :emoji_picker_flutter:mergeDebugNativeLibs NO-SOURCE
[        ] Skipping task ':emoji_picker_flutter:mergeDebugNativeLibs' as it has no source files and no previous output files.
[        ] Resolve mutations for :emoji_picker_flutter:copyDebugJniLibsProjectOnly (Thread[#39344,Execution worker,5,main]) started.
[        ] :emoji_picker_flutter:copyDebugJniLibsProjectOnly (Thread[#39344,Execution worker,5,main]) started.
[        ] > Task :emoji_picker_flutter:copyDebugJniLibsProjectOnly UP-TO-DATE
[        ] Caching disabled for task ':emoji_picker_flutter:copyDebugJniLibsProjectOnly' because:
[        ]   Build cache is disabled
[        ]   Caching has been disabled for the task
[        ] Skipping task ':emoji_picker_flutter:copyDebugJniLibsProjectOnly' as it is up-to-date.
[        ] work action resolve jni (project :emoji_picker_flutter) (Thread[#39344,Execution worker,5,main]) started.
[        ] Resolve mutations for :file_selector_android:mergeDebugJniLibFolders (Thread[#39344,Execution worker,5,main]) started.
[        ] :file_selector_android:mergeDebugJniLibFolders (Thread[#39344,Execution worker,5,main]) started.
[        ] > Task :file_selector_android:mergeDebugJniLibFolders UP-TO-DATE
[        ] Caching disabled for task ':file_selector_android:mergeDebugJniLibFolders' because:
[        ]   Build cache is disabled
[        ]   Simple merging task
[        ] Skipping task ':file_selector_android:mergeDebugJniLibFolders' as it is up-to-date.
[        ] Resolve mutations for :file_selector_android:mergeDebugNativeLibs (Thread[#39344,Execution worker,5,main]) started.
[        ] :file_selector_android:mergeDebugNativeLibs (Thread[#39344,Execution worker,5,main]) started.
[        ] > Task :file_selector_android:mergeDebugNativeLibs NO-SOURCE
[        ] Skipping task ':file_selector_android:mergeDebugNativeLibs' as it has no source files and no previous output files.
[        ] Resolve mutations for :file_selector_android:copyDebugJniLibsProjectOnly (Thread[#39344,Execution worker,5,main]) started.
[        ] :file_selector_android:copyDebugJniLibsProjectOnly (Thread[#39344,Execution worker,5,main]) started.
[        ] > Task :file_selector_android:copyDebugJniLibsProjectOnly UP-TO-DATE
[        ] Caching disabled for task ':file_selector_android:copyDebugJniLibsProjectOnly' because:
[        ]   Build cache is disabled
[        ]   Caching has been disabled for the task
[        ] Skipping task ':file_selector_android:copyDebugJniLibsProjectOnly' as it is up-to-date.
[        ] work action resolve jni (project :file_selector_android) (Thread[#39344,Execution worker,5,main]) started.
[        ] Resolve mutations for :flutter_keyboard_visibility_temp_fork:mergeDebugJniLibFolders (Thread[#39344,Execution worker,5,main]) started.
[        ] :flutter_keyboard_visibility_temp_fork:mergeDebugJniLibFolders (Thread[#39344,Execution worker,5,main]) started.
[        ] > Task :flutter_keyboard_visibility_temp_fork:mergeDebugJniLibFolders UP-TO-DATE
[        ] Caching disabled for task ':flutter_keyboard_visibility_temp_fork:mergeDebugJniLibFolders' because:
[        ]   Build cache is disabled
[        ]   Simple merging task
[        ] Skipping task ':flutter_keyboard_visibility_temp_fork:mergeDebugJniLibFolders' as it is up-to-date.
[        ] Resolve mutations for :flutter_keyboard_visibility_temp_fork:mergeDebugNativeLibs (Thread[#39344,Execution worker,5,main]) started.
[        ] :flutter_keyboard_visibility_temp_fork:mergeDebugNativeLibs (Thread[#39344,Execution worker,5,main]) started.
[        ] > Task :flutter_keyboard_visibility_temp_fork:mergeDebugNativeLibs NO-SOURCE
[        ] Skipping task ':flutter_keyboard_visibility_temp_fork:mergeDebugNativeLibs' as it has no source files and no previous output files.
[        ] Resolve mutations for :flutter_keyboard_visibility_temp_fork:copyDebugJniLibsProjectOnly (Thread[#39344,Execution worker,5,main]) started.
[        ] :flutter_keyboard_visibility_temp_fork:copyDebugJniLibsProjectOnly (Thread[#39344,Execution worker,5,main]) started.
[        ] > Task :flutter_keyboard_visibility_temp_fork:copyDebugJniLibsProjectOnly UP-TO-DATE
[        ] Caching disabled for task ':flutter_keyboard_visibility_temp_fork:copyDebugJniLibsProjectOnly' because:
[        ]   Build cache is disabled
[        ]   Caching has been disabled for the task
[        ] Skipping task ':flutter_keyboard_visibility_temp_fork:copyDebugJniLibsProjectOnly' as it is up-to-date.
[        ] work action resolve jni (project :flutter_keyboard_visibility_temp_fork) (Thread[#39344,Execution worker,5,main]) started.
[        ] Resolve mutations for :flutter_native_splash:mergeDebugJniLibFolders (Thread[#39344,Execution worker,5,main]) started.
[        ] :flutter_native_splash:mergeDebugJniLibFolders (Thread[#39344,Execution worker,5,main]) started.
[        ] > Task :flutter_native_splash:mergeDebugJniLibFolders UP-TO-DATE
[        ] Caching disabled for task ':flutter_native_splash:mergeDebugJniLibFolders' because:
[        ]   Build cache is disabled
[        ]   Simple merging task
[        ] Skipping task ':flutter_native_splash:mergeDebugJniLibFolders' as it is up-to-date.
[        ] Resolve mutations for :flutter_native_splash:mergeDebugNativeLibs (Thread[#39344,Execution worker,5,main]) started.
[        ] :flutter_native_splash:mergeDebugNativeLibs (Thread[#39344,Execution worker,5,main]) started.
[        ] > Task :flutter_native_splash:mergeDebugNativeLibs NO-SOURCE
[        ] Skipping task ':flutter_native_splash:mergeDebugNativeLibs' as it has no source files and no previous output files.
[        ] Resolve mutations for :flutter_native_splash:copyDebugJniLibsProjectOnly (Thread[#39344,Execution worker,5,main]) started.
[        ] :flutter_native_splash:copyDebugJniLibsProjectOnly (Thread[#39344,Execution worker,5,main]) started.
[        ] > Task :flutter_native_splash:copyDebugJniLibsProjectOnly UP-TO-DATE
[        ] Caching disabled for task ':flutter_native_splash:copyDebugJniLibsProjectOnly' because:
[        ]   Build cache is disabled
[        ]   Caching has been disabled for the task
[        ] Skipping task ':flutter_native_splash:copyDebugJniLibsProjectOnly' as it is up-to-date.
[        ] work action resolve jni (project :flutter_native_splash) (Thread[#39344,Execution worker,5,main]) started.
[        ] Resolve mutations for :flutter_olm:preProfileBuild (Thread[#39344,Execution worker,5,main]) started.
[        ] :flutter_olm:preProfileBuild (Thread[#39344,Execution worker,5,main]) started.
[        ] > Task :flutter_olm:preProfileBuild UP-TO-DATE
[        ] Skipping task ':flutter_olm:preProfileBuild' as it has no actions.
[        ] Resolve mutations for :flutter_olm:configureCMakeDebug[arm64-v8a] (Thread[#39344,Execution worker,5,main]) started.
[        ] :flutter_olm:configureCMakeDebug[arm64-v8a] (Thread[#39344,Execution worker,5,main]) started.
[        ] > Task :flutter_olm:configureCMakeDebug[arm64-v8a]
[        ] Caching disabled for task ':flutter_olm:configureCMakeDebug[arm64-v8a]' because:
[        ]   Build cache is disabled
[        ]   Caching has been disabled for the task
[        ] Task ':flutter_olm:configureCMakeDebug[arm64-v8a]' is not up-to-date because:
[        ]   Task.upToDateWhen is false.
[        ] C/C++: /Users/florian/.pub-cache/hosted/pub.dev/flutter_olm-2.0.0/ios/CMakeLists.txt profile|arm64-v8a : Start JSON generation. Platform version: 21 min SDK version: arm64-v8a
[        ] C/C++: /Users/florian/.pub-cache/hosted/pub.dev/flutter_olm-2.0.0/ios/CMakeLists.txt profile|arm64-v8a : JSON '/Users/florian/.pub-cache/hosted/pub.dev/flutter_olm-2.0.0/android/.cxx/Debug/611a6669/arm64-v8a/android_gradle_build.json' was up-to-date
[        ] C/C++: /Users/florian/.pub-cache/hosted/pub.dev/flutter_olm-2.0.0/ios/CMakeLists.txt profile|arm64-v8a : JSON generation completed without problems
[        ] C/C++: /Users/florian/.pub-cache/hosted/pub.dev/flutter_olm-2.0.0/ios/CMakeLists.txt profile|arm64-v8a : Writing build model to /Users/florian/Code/substitution/build/flutter_olm/intermediates/cxx/Debug/611a6669/logs/arm64-v8a/build_model.json
[        ] Resolve mutations for :flutter_olm:buildCMakeDebug[arm64-v8a] (Thread[#39344,Execution worker,5,main]) started.
[        ] :flutter_olm:buildCMakeDebug[arm64-v8a] (Thread[#39344,Execution worker,5,main]) started.
[        ] > Task :flutter_olm:buildCMakeDebug[arm64-v8a]
[        ] Caching disabled for task ':flutter_olm:buildCMakeDebug[arm64-v8a]' because:
[        ]   Build cache is disabled
[        ]   Caching has been disabled for the task
[        ] Task ':flutter_olm:buildCMakeDebug[arm64-v8a]' is not up-to-date because:
[        ]   Task.upToDateWhen is false.
[        ] C/C++: starting build
[        ] C/C++: reading expected JSONs
[        ] C/C++: done reading expected JSONs
[        ] C/C++: executing build commands for targets that produce .so files or executables
[        ] C/C++: evaluate miniconfig
[        ] C/C++: evaluate library olm (arm64-v8a)
[        ] C/C++: building target library olm because no targets are specified.
[        ] C/C++: about to build targets olm
[        ] C/C++: Build olm
[        ] C/C++: /Users/florian/Library/Android/sdk/cmake/3.22.1/bin/ninja \
[        ]   -C \
[        ]   /Users/florian/.pub-cache/hosted/pub.dev/flutter_olm-2.0.0/android/.cxx/Debug/611a6669/arm64-v8a \
[        ]   olm
[        ] Starting process 'command '/Users/florian/Library/Android/sdk/cmake/3.22.1/bin/ninja''. Working directory: /Users/florian/.pub-cache/hosted/pub.dev/flutter_olm-2.0.0/android Command: /Users/florian/Library/Android/sdk/cmake/3.22.1/bin/ninja -C /Users/florian/.pub-cache/hosted/pub.dev/flutter_olm-2.0.0/android/.cxx/Debug/611a6669/arm64-v8a olm
[        ] Successfully started process 'command '/Users/florian/Library/Android/sdk/cmake/3.22.1/bin/ninja''
[        ] C/C++: Received process result: 0
[        ] C/C++: check expected build outputs
[        ] C/C++: build complete
[        ] Resolve mutations for :flutter_olm:configureCMakeDebug[armeabi-v7a] (Thread[#39344,Execution worker,5,main]) started.
[        ] :flutter_olm:configureCMakeDebug[armeabi-v7a] (Thread[#39344,Execution worker,5,main]) started.
[  +93 ms] > Task :flutter_olm:configureCMakeDebug[armeabi-v7a]
[        ] Caching disabled for task ':flutter_olm:configureCMakeDebug[armeabi-v7a]' because:
[        ]   Build cache is disabled
[        ]   Caching has been disabled for the task
[        ] Task ':flutter_olm:configureCMakeDebug[armeabi-v7a]' is not up-to-date because:
[        ]   Task.upToDateWhen is false.
[        ] C/C++: /Users/florian/.pub-cache/hosted/pub.dev/flutter_olm-2.0.0/ios/CMakeLists.txt profile|armeabi-v7a : Start JSON generation. Platform version: 21 min SDK version: armeabi-v7a
[        ] C/C++: /Users/florian/.pub-cache/hosted/pub.dev/flutter_olm-2.0.0/ios/CMakeLists.txt profile|armeabi-v7a : JSON '/Users/florian/.pub-cache/hosted/pub.dev/flutter_olm-2.0.0/android/.cxx/Debug/611a6669/armeabi-v7a/android_gradle_build.json' was up-to-date
[        ] C/C++: /Users/florian/.pub-cache/hosted/pub.dev/flutter_olm-2.0.0/ios/CMakeLists.txt profile|armeabi-v7a : JSON generation completed without problems
[        ] C/C++: /Users/florian/.pub-cache/hosted/pub.dev/flutter_olm-2.0.0/ios/CMakeLists.txt profile|armeabi-v7a : Writing build model to /Users/florian/Code/substitution/build/flutter_olm/intermediates/cxx/Debug/611a6669/logs/armeabi-v7a/build_model.json
[        ] Resolve mutations for :flutter_olm:buildCMakeDebug[armeabi-v7a] (Thread[#39344,Execution worker,5,main]) started.
[        ] :flutter_olm:buildCMakeDebug[armeabi-v7a] (Thread[#39344,Execution worker,5,main]) started.
[        ] > Task :flutter_olm:buildCMakeDebug[armeabi-v7a]
[        ] Caching disabled for task ':flutter_olm:buildCMakeDebug[armeabi-v7a]' because:
[        ]   Build cache is disabled
[        ]   Caching has been disabled for the task
[        ] Task ':flutter_olm:buildCMakeDebug[armeabi-v7a]' is not up-to-date because:
[        ]   Task.upToDateWhen is false.
[        ] C/C++: starting build
[        ] C/C++: reading expected JSONs
[        ] C/C++: done reading expected JSONs
[        ] C/C++: executing build commands for targets that produce .so files or executables
[        ] C/C++: evaluate miniconfig
[        ] C/C++: evaluate library olm (armeabi-v7a)
[        ] C/C++: building target library olm because no targets are specified.
[        ] C/C++: about to build targets olm
[        ] C/C++: Build olm
[        ] C/C++: /Users/florian/Library/Android/sdk/cmake/3.22.1/bin/ninja \
[        ]   -C \
[        ]   /Users/florian/.pub-cache/hosted/pub.dev/flutter_olm-2.0.0/android/.cxx/Debug/611a6669/armeabi-v7a \
[        ]   olm
[        ] Starting process 'command '/Users/florian/Library/Android/sdk/cmake/3.22.1/bin/ninja''. Working directory: /Users/florian/.pub-cache/hosted/pub.dev/flutter_olm-2.0.0/android Command: /Users/florian/Library/Android/sdk/cmake/3.22.1/bin/ninja -C /Users/florian/.pub-cache/hosted/pub.dev/flutter_olm-2.0.0/android/.cxx/Debug/611a6669/armeabi-v7a olm
[        ] Successfully started process 'command '/Users/florian/Library/Android/sdk/cmake/3.22.1/bin/ninja''
[        ] C/C++: Received process result: 0
[        ] C/C++: check expected build outputs
[        ] C/C++: build complete
[        ] Resolve mutations for :flutter_olm:configureCMakeDebug[x86] (Thread[#39344,Execution worker,5,main]) started.
[        ] :flutter_olm:configureCMakeDebug[x86] (Thread[#39344,Execution worker,5,main]) started.
[        ] > Task :flutter_olm:configureCMakeDebug[x86]
[        ] Caching disabled for task ':flutter_olm:configureCMakeDebug[x86]' because:
[        ]   Build cache is disabled
[        ]   Caching has been disabled for the task
[        ] Task ':flutter_olm:configureCMakeDebug[x86]' is not up-to-date because:
[        ]   Task.upToDateWhen is false.
[        ] C/C++: /Users/florian/.pub-cache/hosted/pub.dev/flutter_olm-2.0.0/ios/CMakeLists.txt profile|x86 : Start JSON generation. Platform version: 21 min SDK version: x86
[        ] C/C++: /Users/florian/.pub-cache/hosted/pub.dev/flutter_olm-2.0.0/ios/CMakeLists.txt profile|x86 : JSON '/Users/florian/.pub-cache/hosted/pub.dev/flutter_olm-2.0.0/android/.cxx/Debug/611a6669/x86/android_gradle_build.json' was up-to-date
[        ] C/C++: /Users/florian/.pub-cache/hosted/pub.dev/flutter_olm-2.0.0/ios/CMakeLists.txt profile|x86 : JSON generation completed without problems
[        ] C/C++: /Users/florian/.pub-cache/hosted/pub.dev/flutter_olm-2.0.0/ios/CMakeLists.txt profile|x86 : Writing build model to /Users/florian/Code/substitution/build/flutter_olm/intermediates/cxx/Debug/611a6669/logs/x86/build_model.json
[        ] Resolve mutations for :flutter_olm:buildCMakeDebug[x86] (Thread[#39344,Execution worker,5,main]) started.
[        ] :flutter_olm:buildCMakeDebug[x86] (Thread[#39344,Execution worker,5,main]) started.
[        ] > Task :flutter_olm:buildCMakeDebug[x86]
[        ] Caching disabled for task ':flutter_olm:buildCMakeDebug[x86]' because:
[        ]   Build cache is disabled
[        ]   Caching has been disabled for the task
[        ] Task ':flutter_olm:buildCMakeDebug[x86]' is not up-to-date because:
[        ]   Task.upToDateWhen is false.
[        ] C/C++: starting build
[        ] C/C++: reading expected JSONs
[        ] C/C++: done reading expected JSONs
[        ] C/C++: executing build commands for targets that produce .so files or executables
[        ] C/C++: evaluate miniconfig
[        ] C/C++: evaluate library olm (x86)
[        ] C/C++: building target library olm because no targets are specified.
[        ] C/C++: about to build targets olm
[        ] C/C++: Build olm
[        ] C/C++: /Users/florian/Library/Android/sdk/cmake/3.22.1/bin/ninja \
[        ]   -C \
[        ]   /Users/florian/.pub-cache/hosted/pub.dev/flutter_olm-2.0.0/android/.cxx/Debug/611a6669/x86 \
[        ]   olm
[        ] Starting process 'command '/Users/florian/Library/Android/sdk/cmake/3.22.1/bin/ninja''. Working directory: /Users/florian/.pub-cache/hosted/pub.dev/flutter_olm-2.0.0/android Command: /Users/florian/Library/Android/sdk/cmake/3.22.1/bin/ninja -C /Users/florian/.pub-cache/hosted/pub.dev/flutter_olm-2.0.0/android/.cxx/Debug/611a6669/x86 olm
[        ] Successfully started process 'command '/Users/florian/Library/Android/sdk/cmake/3.22.1/bin/ninja''
[        ] C/C++: Received process result: 0
[        ] C/C++: check expected build outputs
[        ] C/C++: build complete
[        ] Resolve mutations for :flutter_olm:configureCMakeDebug[x86_64] (Thread[#39344,Execution worker,5,main]) started.
[        ] :flutter_olm:configureCMakeDebug[x86_64] (Thread[#39344,Execution worker,5,main]) started.
[        ] > Task :flutter_olm:configureCMakeDebug[x86_64]
[        ] Caching disabled for task ':flutter_olm:configureCMakeDebug[x86_64]' because:
[        ]   Build cache is disabled
[        ]   Caching has been disabled for the task
[        ] Task ':flutter_olm:configureCMakeDebug[x86_64]' is not up-to-date because:
[        ]   Task.upToDateWhen is false.
[        ] C/C++: /Users/florian/.pub-cache/hosted/pub.dev/flutter_olm-2.0.0/ios/CMakeLists.txt profile|x86_64 : Start JSON generation. Platform version: 21 min SDK version: x86_64
[        ] C/C++: /Users/florian/.pub-cache/hosted/pub.dev/flutter_olm-2.0.0/ios/CMakeLists.txt profile|x86_64 : JSON '/Users/florian/.pub-cache/hosted/pub.dev/flutter_olm-2.0.0/android/.cxx/Debug/611a6669/x86_64/android_gradle_build.json' was up-to-date
[        ] C/C++: /Users/florian/.pub-cache/hosted/pub.dev/flutter_olm-2.0.0/ios/CMakeLists.txt profile|x86_64 : JSON generation completed without problems
[        ] C/C++: /Users/florian/.pub-cache/hosted/pub.dev/flutter_olm-2.0.0/ios/CMakeLists.txt profile|x86_64 : Writing build model to /Users/florian/Code/substitution/build/flutter_olm/intermediates/cxx/Debug/611a6669/logs/x86_64/build_model.json
[        ] Resolve mutations for :flutter_olm:buildCMakeDebug[x86_64] (Thread[#39344,Execution worker,5,main]) started.
[        ] :flutter_olm:buildCMakeDebug[x86_64] (Thread[#39344,Execution worker,5,main]) started.
[        ] > Task :flutter_olm:buildCMakeDebug[x86_64]
[        ] Caching disabled for task ':flutter_olm:buildCMakeDebug[x86_64]' because:
[        ]   Build cache is disabled
[        ]   Caching has been disabled for the task
[        ] Task ':flutter_olm:buildCMakeDebug[x86_64]' is not up-to-date because:
[        ]   Task.upToDateWhen is false.
[        ] C/C++: starting build
[        ] C/C++: reading expected JSONs
[        ] C/C++: done reading expected JSONs
[        ] C/C++: executing build commands for targets that produce .so files or executables
[        ] C/C++: evaluate miniconfig
[        ] C/C++: evaluate library olm (x86_64)
[        ] C/C++: building target library olm because no targets are specified.
[        ] C/C++: about to build targets olm
[        ] C/C++: Build olm
[        ] C/C++: /Users/florian/Library/Android/sdk/cmake/3.22.1/bin/ninja \
[        ]   -C \
[        ]   /Users/florian/.pub-cache/hosted/pub.dev/flutter_olm-2.0.0/android/.cxx/Debug/611a6669/x86_64 \
[        ]   olm
[        ] Starting process 'command '/Users/florian/Library/Android/sdk/cmake/3.22.1/bin/ninja''. Working directory: /Users/florian/.pub-cache/hosted/pub.dev/flutter_olm-2.0.0/android Command: /Users/florian/Library/Android/sdk/cmake/3.22.1/bin/ninja -C /Users/florian/.pub-cache/hosted/pub.dev/flutter_olm-2.0.0/android/.cxx/Debug/611a6669/x86_64 olm
[        ] Successfully started process 'command '/Users/florian/Library/Android/sdk/cmake/3.22.1/bin/ninja''
[        ] C/C++: Received process result: 0
[        ] C/C++: check expected build outputs
[        ] C/C++: build complete
[        ] Resolve mutations for :flutter_olm:mergeDebugJniLibFolders (Thread[#39344,Execution worker,5,main]) started.
[        ] :flutter_olm:mergeDebugJniLibFolders (Thread[#39344,Execution worker,5,main]) started.
[        ] > Task :flutter_olm:mergeDebugJniLibFolders UP-TO-DATE
[        ] Caching disabled for task ':flutter_olm:mergeDebugJniLibFolders' because:
[        ]   Build cache is disabled
[        ]   Simple merging task
[        ] Skipping task ':flutter_olm:mergeDebugJniLibFolders' as it is up-to-date.
[        ] Resolve mutations for :flutter_olm:mergeDebugNativeLibs (Thread[#39344,Execution worker,5,main]) started.
[        ] :flutter_olm:mergeDebugNativeLibs (Thread[#39344,Execution worker,5,main]) started.
[        ] > Task :flutter_olm:mergeDebugNativeLibs UP-TO-DATE
[        ] Caching disabled for task ':flutter_olm:mergeDebugNativeLibs' because:
[        ]   Build cache is disabled
[        ]   Caching has been disabled for the task
[        ] Skipping task ':flutter_olm:mergeDebugNativeLibs' as it is up-to-date.
[        ] Resolve mutations for :flutter_olm:copyDebugJniLibsProjectOnly (Thread[#39344,Execution worker,5,main]) started.
[        ] :flutter_olm:copyDebugJniLibsProjectOnly (Thread[#39344,Execution worker,5,main]) started.
[        ] > Task :flutter_olm:copyDebugJniLibsProjectOnly UP-TO-DATE
[        ] Caching disabled for task ':flutter_olm:copyDebugJniLibsProjectOnly' because:
[        ]   Build cache is disabled
[        ]   Caching has been disabled for the task
[        ] Skipping task ':flutter_olm:copyDebugJniLibsProjectOnly' as it is up-to-date.
[        ] work action resolve jni (project :flutter_olm) (Thread[#39344,Execution worker,5,main]) started.
[        ] Resolve mutations for :flutter_openssl_crypto:preProfileBuild (Thread[#39344,Execution worker,5,main]) started.
[        ] :flutter_openssl_crypto:preProfileBuild (Thread[#39344,Execution worker,5,main]) started.
[        ] > Task :flutter_openssl_crypto:preProfileBuild UP-TO-DATE
[        ] Skipping task ':flutter_openssl_crypto:preProfileBuild' as it has no actions.
[        ] Resolve mutations for :flutter_openssl_crypto:configureCMakeDebug[arm64-v8a] (Thread[#39344,Execution worker,5,main]) started.
[        ] :flutter_openssl_crypto:configureCMakeDebug[arm64-v8a] (Thread[#39344,Execution worker,5,main]) started.
[        ] > Task :flutter_openssl_crypto:configureCMakeDebug[arm64-v8a]
[        ] Caching disabled for task ':flutter_openssl_crypto:configureCMakeDebug[arm64-v8a]' because:
[        ]   Build cache is disabled
[        ]   Caching has been disabled for the task
[        ] Task ':flutter_openssl_crypto:configureCMakeDebug[arm64-v8a]' is not up-to-date because:
[        ]   Task.upToDateWhen is false.
[        ] C/C++: /Users/florian/.pub-cache/hosted/pub.dev/flutter_openssl_crypto-0.5.0/android/CMakeLists.txt profile|arm64-v8a : Start JSON generation. Platform version: 21 min SDK version: arm64-v8a
[        ] C/C++: /Users/florian/.pub-cache/hosted/pub.dev/flutter_openssl_crypto-0.5.0/android/CMakeLists.txt profile|arm64-v8a : JSON '/Users/florian/.pub-cache/hosted/pub.dev/flutter_openssl_crypto-0.5.0/android/.cxx/Debug/42n1p1e4/arm64-v8a/android_gradle_build.json' was up-to-date
[        ] C/C++: /Users/florian/.pub-cache/hosted/pub.dev/flutter_openssl_crypto-0.5.0/android/CMakeLists.txt profile|arm64-v8a : JSON generation completed without problems
[        ] C/C++: /Users/florian/.pub-cache/hosted/pub.dev/flutter_openssl_crypto-0.5.0/android/CMakeLists.txt profile|arm64-v8a : Writing build model to /Users/florian/Code/substitution/build/flutter_openssl_crypto/intermediates/cxx/Debug/42n1p1e4/logs/arm64-v8a/build_model.json
[        ] Resolve mutations for :flutter_openssl_crypto:buildCMakeDebug[arm64-v8a] (Thread[#39344,Execution worker,5,main]) started.
[        ] :flutter_openssl_crypto:buildCMakeDebug[arm64-v8a] (Thread[#39344,Execution worker,5,main]) started.
[        ] > Task :flutter_openssl_crypto:buildCMakeDebug[arm64-v8a]
[        ] Caching disabled for task ':flutter_openssl_crypto:buildCMakeDebug[arm64-v8a]' because:
[        ]   Build cache is disabled
[        ]   Caching has been disabled for the task
[        ] Task ':flutter_openssl_crypto:buildCMakeDebug[arm64-v8a]' is not up-to-date because:
[        ]   Task.upToDateWhen is false.
[        ] C/C++: starting build
[        ] C/C++: reading expected JSONs
[        ] C/C++: done reading expected JSONs
[        ] C/C++: executing build commands for targets that produce .so files or executables
[        ] C/C++: evaluate miniconfig
[        ] C/C++: evaluate library flutter_openssl_crypto (arm64-v8a)
[        ] C/C++: building target library flutter_openssl_crypto because no targets are specified.
[        ] C/C++: about to build targets flutter_openssl_crypto
[        ] C/C++: Build flutter_openssl_crypto
[        ] C/C++: /Users/florian/Library/Android/sdk/cmake/3.22.1/bin/ninja \
[        ]   -C \
[        ]   /Users/florian/.pub-cache/hosted/pub.dev/flutter_openssl_crypto-0.5.0/android/.cxx/Debug/42n1p1e4/arm64-v8a \
[        ]   flutter_openssl_crypto
[        ] Starting process 'command '/Users/florian/Library/Android/sdk/cmake/3.22.1/bin/ninja''. Working directory: /Users/florian/.pub-cache/hosted/pub.dev/flutter_openssl_crypto-0.5.0/android Command: /Users/florian/Library/Android/sdk/cmake/3.22.1/bin/ninja -C /Users/florian/.pub-cache/hosted/pub.dev/flutter_openssl_crypto-0.5.0/android/.cxx/Debug/42n1p1e4/arm64-v8a flutter_openssl_crypto
[        ] Successfully started process 'command '/Users/florian/Library/Android/sdk/cmake/3.22.1/bin/ninja''
[        ] C/C++: Received process result: 0
[        ] C/C++: check expected build outputs
[        ] C/C++: build complete
[        ] Resolve mutations for :flutter_openssl_crypto:configureCMakeDebug[armeabi-v7a] (Thread[#39344,Execution worker,5,main]) started.
[        ] :flutter_openssl_crypto:configureCMakeDebug[armeabi-v7a] (Thread[#39344,Execution worker,5,main]) started.
[        ] > Task :flutter_openssl_crypto:configureCMakeDebug[armeabi-v7a]
[        ] Caching disabled for task ':flutter_openssl_crypto:configureCMakeDebug[armeabi-v7a]' because:
[        ]   Build cache is disabled
[        ]   Caching has been disabled for the task
[        ] Task ':flutter_openssl_crypto:configureCMakeDebug[armeabi-v7a]' is not up-to-date because:
[        ]   Task.upToDateWhen is false.
[        ] C/C++: /Users/florian/.pub-cache/hosted/pub.dev/flutter_openssl_crypto-0.5.0/android/CMakeLists.txt profile|armeabi-v7a : Start JSON generation. Platform version: 21 min SDK version: armeabi-v7a
[        ] C/C++: /Users/florian/.pub-cache/hosted/pub.dev/flutter_openssl_crypto-0.5.0/android/CMakeLists.txt profile|armeabi-v7a : JSON '/Users/florian/.pub-cache/hosted/pub.dev/flutter_openssl_crypto-0.5.0/android/.cxx/Debug/42n1p1e4/armeabi-v7a/android_gradle_build.json' was up-to-date
[        ] C/C++: /Users/florian/.pub-cache/hosted/pub.dev/flutter_openssl_crypto-0.5.0/android/CMakeLists.txt profile|armeabi-v7a : JSON generation completed without problems
[        ] C/C++: /Users/florian/.pub-cache/hosted/pub.dev/flutter_openssl_crypto-0.5.0/android/CMakeLists.txt profile|armeabi-v7a : Writing build model to /Users/florian/Code/substitution/build/flutter_openssl_crypto/intermediates/cxx/Debug/42n1p1e4/logs/armeabi-v7a/build_model.json
[        ] Resolve mutations for :flutter_openssl_crypto:buildCMakeDebug[armeabi-v7a] (Thread[#39344,Execution worker,5,main]) started.
[        ] :flutter_openssl_crypto:buildCMakeDebug[armeabi-v7a] (Thread[#39344,Execution worker,5,main]) started.
[        ] > Task :flutter_openssl_crypto:buildCMakeDebug[armeabi-v7a]
[        ] Caching disabled for task ':flutter_openssl_crypto:buildCMakeDebug[armeabi-v7a]' because:
[        ]   Build cache is disabled
[        ]   Caching has been disabled for the task
[        ] Task ':flutter_openssl_crypto:buildCMakeDebug[armeabi-v7a]' is not up-to-date because:
[        ]   Task.upToDateWhen is false.
[        ] C/C++: starting build
[        ] C/C++: reading expected JSONs
[        ] C/C++: done reading expected JSONs
[        ] C/C++: executing build commands for targets that produce .so files or executables
[        ] C/C++: evaluate miniconfig
[        ] C/C++: evaluate library flutter_openssl_crypto (armeabi-v7a)
[        ] C/C++: building target library flutter_openssl_crypto because no targets are specified.
[        ] C/C++: about to build targets flutter_openssl_crypto
[        ] C/C++: Build flutter_openssl_crypto
[        ] C/C++: /Users/florian/Library/Android/sdk/cmake/3.22.1/bin/ninja \
[        ]   -C \
[        ]   /Users/florian/.pub-cache/hosted/pub.dev/flutter_openssl_crypto-0.5.0/android/.cxx/Debug/42n1p1e4/armeabi-v7a \
[        ]   flutter_openssl_crypto
[        ] Starting process 'command '/Users/florian/Library/Android/sdk/cmake/3.22.1/bin/ninja''. Working directory: /Users/florian/.pub-cache/hosted/pub.dev/flutter_openssl_crypto-0.5.0/android Command: /Users/florian/Library/Android/sdk/cmake/3.22.1/bin/ninja -C /Users/florian/.pub-cache/hosted/pub.dev/flutter_openssl_crypto-0.5.0/android/.cxx/Debug/42n1p1e4/armeabi-v7a flutter_openssl_crypto
[        ] Successfully started process 'command '/Users/florian/Library/Android/sdk/cmake/3.22.1/bin/ninja''
[        ] C/C++: Received process result: 0
[        ] C/C++: check expected build outputs
[        ] C/C++: build complete
[        ] Resolve mutations for :flutter_openssl_crypto:configureCMakeDebug[x86] (Thread[#39344,Execution worker,5,main]) started.
[        ] :flutter_openssl_crypto:configureCMakeDebug[x86] (Thread[#39344,Execution worker,5,main]) started.
[        ] > Task :flutter_openssl_crypto:configureCMakeDebug[x86]
[        ] Caching disabled for task ':flutter_openssl_crypto:configureCMakeDebug[x86]' because:
[        ]   Build cache is disabled
[        ]   Caching has been disabled for the task
[        ] Task ':flutter_openssl_crypto:configureCMakeDebug[x86]' is not up-to-date because:
[        ]   Task.upToDateWhen is false.
[        ] C/C++: /Users/florian/.pub-cache/hosted/pub.dev/flutter_openssl_crypto-0.5.0/android/CMakeLists.txt profile|x86 : Start JSON generation. Platform version: 21 min SDK version: x86
[        ] C/C++: /Users/florian/.pub-cache/hosted/pub.dev/flutter_openssl_crypto-0.5.0/android/CMakeLists.txt profile|x86 : JSON '/Users/florian/.pub-cache/hosted/pub.dev/flutter_openssl_crypto-0.5.0/android/.cxx/Debug/42n1p1e4/x86/android_gradle_build.json' was up-to-date
[        ] C/C++: /Users/florian/.pub-cache/hosted/pub.dev/flutter_openssl_crypto-0.5.0/android/CMakeLists.txt profile|x86 : JSON generation completed without problems
[        ] C/C++: /Users/florian/.pub-cache/hosted/pub.dev/flutter_openssl_crypto-0.5.0/android/CMakeLists.txt profile|x86 : Writing build model to /Users/florian/Code/substitution/build/flutter_openssl_crypto/intermediates/cxx/Debug/42n1p1e4/logs/x86/build_model.json
[        ] Resolve mutations for :flutter_openssl_crypto:buildCMakeDebug[x86] (Thread[#39344,Execution worker,5,main]) started.
[        ] :flutter_openssl_crypto:buildCMakeDebug[x86] (Thread[#39344,Execution worker,5,main]) started.
[        ] > Task :flutter_openssl_crypto:buildCMakeDebug[x86]
[        ] Caching disabled for task ':flutter_openssl_crypto:buildCMakeDebug[x86]' because:
[        ]   Build cache is disabled
[        ]   Caching has been disabled for the task
[        ] Task ':flutter_openssl_crypto:buildCMakeDebug[x86]' is not up-to-date because:
[        ]   Task.upToDateWhen is false.
[        ] C/C++: starting build
[        ] C/C++: reading expected JSONs
[        ] C/C++: done reading expected JSONs
[        ] C/C++: executing build commands for targets that produce .so files or executables
[        ] C/C++: evaluate miniconfig
[        ] C/C++: evaluate library flutter_openssl_crypto (x86)
[        ] C/C++: building target library flutter_openssl_crypto because no targets are specified.
[        ] C/C++: about to build targets flutter_openssl_crypto
[        ] C/C++: Build flutter_openssl_crypto
[        ] C/C++: /Users/florian/Library/Android/sdk/cmake/3.22.1/bin/ninja \
[        ]   -C \
[        ]   /Users/florian/.pub-cache/hosted/pub.dev/flutter_openssl_crypto-0.5.0/android/.cxx/Debug/42n1p1e4/x86 \
[        ]   flutter_openssl_crypto
[        ] Starting process 'command '/Users/florian/Library/Android/sdk/cmake/3.22.1/bin/ninja''. Working directory: /Users/florian/.pub-cache/hosted/pub.dev/flutter_openssl_crypto-0.5.0/android Command: /Users/florian/Library/Android/sdk/cmake/3.22.1/bin/ninja -C /Users/florian/.pub-cache/hosted/pub.dev/flutter_openssl_crypto-0.5.0/android/.cxx/Debug/42n1p1e4/x86 flutter_openssl_crypto
[        ] Successfully started process 'command '/Users/florian/Library/Android/sdk/cmake/3.22.1/bin/ninja''
[        ] C/C++: Received process result: 0
[        ] C/C++: check expected build outputs
[        ] C/C++: build complete
[        ] Resolve mutations for :flutter_openssl_crypto:configureCMakeDebug[x86_64] (Thread[#39344,Execution worker,5,main]) started.
[        ] :flutter_openssl_crypto:configureCMakeDebug[x86_64] (Thread[#39344,Execution worker,5,main]) started.
[        ] > Task :flutter_openssl_crypto:configureCMakeDebug[x86_64]
[        ] Caching disabled for task ':flutter_openssl_crypto:configureCMakeDebug[x86_64]' because:
[        ]   Build cache is disabled
[        ]   Caching has been disabled for the task
[        ] Task ':flutter_openssl_crypto:configureCMakeDebug[x86_64]' is not up-to-date because:
[        ]   Task.upToDateWhen is false.
[        ] C/C++: /Users/florian/.pub-cache/hosted/pub.dev/flutter_openssl_crypto-0.5.0/android/CMakeLists.txt profile|x86_64 : Start JSON generation. Platform version: 21 min SDK version: x86_64
[        ] C/C++: /Users/florian/.pub-cache/hosted/pub.dev/flutter_openssl_crypto-0.5.0/android/CMakeLists.txt profile|x86_64 : JSON '/Users/florian/.pub-cache/hosted/pub.dev/flutter_openssl_crypto-0.5.0/android/.cxx/Debug/42n1p1e4/x86_64/android_gradle_build.json' was up-to-date
[        ] C/C++: /Users/florian/.pub-cache/hosted/pub.dev/flutter_openssl_crypto-0.5.0/android/CMakeLists.txt profile|x86_64 : JSON generation completed without problems
[        ] C/C++: /Users/florian/.pub-cache/hosted/pub.dev/flutter_openssl_crypto-0.5.0/android/CMakeLists.txt profile|x86_64 : Writing build model to /Users/florian/Code/substitution/build/flutter_openssl_crypto/intermediates/cxx/Debug/42n1p1e4/logs/x86_64/build_model.json
[        ] Resolve mutations for :flutter_openssl_crypto:buildCMakeDebug[x86_64] (Thread[#39344,Execution worker,5,main]) started.
[        ] :flutter_openssl_crypto:buildCMakeDebug[x86_64] (Thread[#39344,Execution worker,5,main]) started.
[        ] > Task :flutter_openssl_crypto:buildCMakeDebug[x86_64]
[        ] Caching disabled for task ':flutter_openssl_crypto:buildCMakeDebug[x86_64]' because:
[        ]   Build cache is disabled
[        ]   Caching has been disabled for the task
[        ] Task ':flutter_openssl_crypto:buildCMakeDebug[x86_64]' is not up-to-date because:
[        ]   Task.upToDateWhen is false.
[        ] C/C++: starting build
[        ] C/C++: reading expected JSONs
[        ] C/C++: done reading expected JSONs
[        ] C/C++: executing build commands for targets that produce .so files or executables
[        ] C/C++: evaluate miniconfig
[        ] C/C++: evaluate library flutter_openssl_crypto (x86_64)
[        ] C/C++: building target library flutter_openssl_crypto because no targets are specified.
[        ] C/C++: about to build targets flutter_openssl_crypto
[        ] C/C++: Build flutter_openssl_crypto
[        ] C/C++: /Users/florian/Library/Android/sdk/cmake/3.22.1/bin/ninja \
[        ]   -C \
[        ]   /Users/florian/.pub-cache/hosted/pub.dev/flutter_openssl_crypto-0.5.0/android/.cxx/Debug/42n1p1e4/x86_64 \
[        ]   flutter_openssl_crypto
[        ] Starting process 'command '/Users/florian/Library/Android/sdk/cmake/3.22.1/bin/ninja''. Working directory: /Users/florian/.pub-cache/hosted/pub.dev/flutter_openssl_crypto-0.5.0/android Command: /Users/florian/Library/Android/sdk/cmake/3.22.1/bin/ninja -C /Users/florian/.pub-cache/hosted/pub.dev/flutter_openssl_crypto-0.5.0/android/.cxx/Debug/42n1p1e4/x86_64 flutter_openssl_crypto
[        ] Successfully started process 'command '/Users/florian/Library/Android/sdk/cmake/3.22.1/bin/ninja''
[        ] C/C++: Received process result: 0
[        ] C/C++: check expected build outputs
[        ] C/C++: build complete
[        ] Resolve mutations for :flutter_openssl_crypto:mergeDebugJniLibFolders (Thread[#39344,Execution worker,5,main]) started.
[        ] :flutter_openssl_crypto:mergeDebugJniLibFolders (Thread[#39344,Execution worker,5,main]) started.
[        ] > Task :flutter_openssl_crypto:mergeDebugJniLibFolders UP-TO-DATE
[        ] Caching disabled for task ':flutter_openssl_crypto:mergeDebugJniLibFolders' because:
[        ]   Build cache is disabled
[        ]   Simple merging task
[        ] Skipping task ':flutter_openssl_crypto:mergeDebugJniLibFolders' as it is up-to-date.
[        ] Resolve mutations for :flutter_openssl_crypto:mergeDebugNativeLibs (Thread[#39344,Execution worker,5,main]) started.
[        ] :flutter_openssl_crypto:mergeDebugNativeLibs (Thread[#39344,Execution worker,5,main]) started.
[        ] > Task :flutter_openssl_crypto:mergeDebugNativeLibs UP-TO-DATE
[        ] Caching disabled for task ':flutter_openssl_crypto:mergeDebugNativeLibs' because:
[        ]   Build cache is disabled
[        ]   Caching has been disabled for the task
[        ] Skipping task ':flutter_openssl_crypto:mergeDebugNativeLibs' as it is up-to-date.
[        ] Resolve mutations for :flutter_openssl_crypto:copyDebugJniLibsProjectOnly (Thread[#39344,Execution worker,5,main]) started.
[        ] :flutter_openssl_crypto:copyDebugJniLibsProjectOnly (Thread[#39344,Execution worker,5,main]) started.
[        ] > Task :flutter_openssl_crypto:copyDebugJniLibsProjectOnly UP-TO-DATE
[        ] Caching disabled for task ':flutter_openssl_crypto:copyDebugJniLibsProjectOnly' because:
[        ]   Build cache is disabled
[        ]   Caching has been disabled for the task
[        ] Skipping task ':flutter_openssl_crypto:copyDebugJniLibsProjectOnly' as it is up-to-date.
[        ] work action resolve jni (project :flutter_openssl_crypto) (Thread[#39344,Execution worker,5,main]) started.
[        ] Resolve mutations for :integration_test:mergeDebugJniLibFolders (Thread[#39344,Execution worker,5,main]) started.
[        ] :integration_test:mergeDebugJniLibFolders (Thread[#39344,Execution worker,5,main]) started.
[        ] > Task :integration_test:mergeDebugJniLibFolders UP-TO-DATE
[        ] Caching disabled for task ':integration_test:mergeDebugJniLibFolders' because:
[        ]   Build cache is disabled
[        ]   Simple merging task
[        ] Skipping task ':integration_test:mergeDebugJniLibFolders' as it is up-to-date.
[        ] Resolve mutations for :integration_test:mergeDebugNativeLibs (Thread[#39344,Execution worker,5,main]) started.
[        ] :integration_test:mergeDebugNativeLibs (Thread[#39344,Execution worker,5,main]) started.
[        ] > Task :integration_test:mergeDebugNativeLibs NO-SOURCE
[        ] Skipping task ':integration_test:mergeDebugNativeLibs' as it has no source files and no previous output files.
[        ] Resolve mutations for :integration_test:copyDebugJniLibsProjectOnly (Thread[#39344,Execution worker,5,main]) started.
[        ] :integration_test:copyDebugJniLibsProjectOnly (Thread[#39344,Execution worker,5,main]) started.
[        ] > Task :integration_test:copyDebugJniLibsProjectOnly UP-TO-DATE
[        ] Caching disabled for task ':integration_test:copyDebugJniLibsProjectOnly' because:
[        ]   Build cache is disabled
[        ]   Caching has been disabled for the task
[        ] Skipping task ':integration_test:copyDebugJniLibsProjectOnly' as it is up-to-date.
[        ] work action resolve jni (project :integration_test) (Thread[#39344,Execution worker,5,main]) started.
[        ] Resolve mutations for :path_provider_android:mergeDebugJniLibFolders (Thread[#39344,Execution worker,5,main]) started.
[        ] :path_provider_android:mergeDebugJniLibFolders (Thread[#39344,Execution worker,5,main]) started.
[        ] > Task :path_provider_android:mergeDebugJniLibFolders UP-TO-DATE
[        ] Caching disabled for task ':path_provider_android:mergeDebugJniLibFolders' because:
[        ]   Build cache is disabled
[        ]   Simple merging task
[        ] Skipping task ':path_provider_android:mergeDebugJniLibFolders' as it is up-to-date.
[        ] Resolve mutations for :path_provider_android:mergeDebugNativeLibs (Thread[#39344,Execution worker,5,main]) started.
[        ] :path_provider_android:mergeDebugNativeLibs (Thread[#39363,Execution worker Thread 19,5,main]) started.
[        ] > Task :path_provider_android:mergeDebugNativeLibs NO-SOURCE
[        ] Skipping task ':path_provider_android:mergeDebugNativeLibs' as it has no source files and no previous output files.
[        ] Resolve mutations for :path_provider_android:copyDebugJniLibsProjectOnly (Thread[#39363,Execution worker Thread 19,5,main]) started.
[        ] :path_provider_android:copyDebugJniLibsProjectOnly (Thread[#39363,Execution worker Thread 19,5,main]) started.
[        ] > Task :path_provider_android:copyDebugJniLibsProjectOnly UP-TO-DATE
[        ] Caching disabled for task ':path_provider_android:copyDebugJniLibsProjectOnly' because:
[        ]   Build cache is disabled
[        ]   Caching has been disabled for the task
[        ] Skipping task ':path_provider_android:copyDebugJniLibsProjectOnly' as it is up-to-date.
[        ] work action resolve jni (project :path_provider_android) (Thread[#39363,Execution worker Thread 19,5,main]) started.
[        ] Resolve mutations for :quill_native_bridge_android:mergeDebugJniLibFolders (Thread[#39363,Execution worker Thread 19,5,main]) started.
[        ] :quill_native_bridge_android:mergeDebugJniLibFolders (Thread[#39363,Execution worker Thread 19,5,main]) started.
[        ] > Task :quill_native_bridge_android:mergeDebugJniLibFolders UP-TO-DATE
[        ] Caching disabled for task ':quill_native_bridge_android:mergeDebugJniLibFolders' because:
[        ]   Build cache is disabled
[        ]   Simple merging task
[        ] Skipping task ':quill_native_bridge_android:mergeDebugJniLibFolders' as it is up-to-date.
[        ] Resolve mutations for :quill_native_bridge_android:mergeDebugNativeLibs (Thread[#39363,Execution worker Thread 19,5,main]) started.
[        ] :quill_native_bridge_android:mergeDebugNativeLibs (Thread[#39363,Execution worker Thread 19,5,main]) started.
[        ] > Task :quill_native_bridge_android:mergeDebugNativeLibs NO-SOURCE
[        ] Skipping task ':quill_native_bridge_android:mergeDebugNativeLibs' as it has no source files and no previous output files.
[        ] Resolve mutations for :quill_native_bridge_android:copyDebugJniLibsProjectOnly (Thread[#39363,Execution worker Thread 19,5,main]) started.
[        ] :quill_native_bridge_android:copyDebugJniLibsProjectOnly (Thread[#39363,Execution worker Thread 19,5,main]) started.
[        ] > Task :quill_native_bridge_android:copyDebugJniLibsProjectOnly UP-TO-DATE
[        ] Caching disabled for task ':quill_native_bridge_android:copyDebugJniLibsProjectOnly' because:
[        ]   Build cache is disabled
[        ]   Caching has been disabled for the task
[        ] Skipping task ':quill_native_bridge_android:copyDebugJniLibsProjectOnly' as it is up-to-date.
[        ] work action resolve jni (project :quill_native_bridge_android) (Thread[#39363,Execution worker Thread 19,5,main]) started.
[        ] Resolve mutations for :shared_preferences_android:mergeDebugJniLibFolders (Thread[#39363,Execution worker Thread 19,5,main]) started.
[        ] :shared_preferences_android:mergeDebugJniLibFolders (Thread[#39363,Execution worker Thread 19,5,main]) started.
[        ] > Task :shared_preferences_android:mergeDebugJniLibFolders UP-TO-DATE
[        ] Caching disabled for task ':shared_preferences_android:mergeDebugJniLibFolders' because:
[        ]   Build cache is disabled
[        ]   Simple merging task
[        ] Skipping task ':shared_preferences_android:mergeDebugJniLibFolders' as it is up-to-date.
[        ] Resolve mutations for :shared_preferences_android:mergeDebugNativeLibs (Thread[#39363,Execution worker Thread 19,5,main]) started.
[        ] :shared_preferences_android:mergeDebugNativeLibs (Thread[#39363,Execution worker Thread 19,5,main]) started.
[        ] > Task :shared_preferences_android:mergeDebugNativeLibs NO-SOURCE
[        ] Skipping task ':shared_preferences_android:mergeDebugNativeLibs' as it has no source files and no previous output files.
[        ] Resolve mutations for :shared_preferences_android:copyDebugJniLibsProjectOnly (Thread[#39363,Execution worker Thread 19,5,main]) started.
[        ] :shared_preferences_android:copyDebugJniLibsProjectOnly (Thread[#39363,Execution worker Thread 19,5,main]) started.
[        ] > Task :shared_preferences_android:copyDebugJniLibsProjectOnly UP-TO-DATE
[        ] Caching disabled for task ':shared_preferences_android:copyDebugJniLibsProjectOnly' because:
[        ]   Build cache is disabled
[        ]   Caching has been disabled for the task
[        ] Skipping task ':shared_preferences_android:copyDebugJniLibsProjectOnly' as it is up-to-date.
[        ] work action resolve jni (project :shared_preferences_android) (Thread[#39363,Execution worker Thread 19,5,main]) started.
[        ] Resolve mutations for :sqflite_android:mergeDebugJniLibFolders (Thread[#39363,Execution worker Thread 19,5,main]) started.
[        ] :sqflite_android:mergeDebugJniLibFolders (Thread[#39363,Execution worker Thread 19,5,main]) started.
[        ] > Task :sqflite_android:mergeDebugJniLibFolders UP-TO-DATE
[        ] Caching disabled for task ':sqflite_android:mergeDebugJniLibFolders' because:
[        ]   Build cache is disabled
[        ]   Simple merging task
[        ] Skipping task ':sqflite_android:mergeDebugJniLibFolders' as it is up-to-date.
[        ] Resolve mutations for :sqflite_android:mergeDebugNativeLibs (Thread[#39363,Execution worker Thread 19,5,main]) started.
[        ] :sqflite_android:mergeDebugNativeLibs (Thread[#39363,Execution worker Thread 19,5,main]) started.
[        ] > Task :sqflite_android:mergeDebugNativeLibs NO-SOURCE
[        ] Skipping task ':sqflite_android:mergeDebugNativeLibs' as it has no source files and no previous output files.
[        ] Resolve mutations for :sqflite_android:copyDebugJniLibsProjectOnly (Thread[#39363,Execution worker Thread 19,5,main]) started.
[        ] :sqflite_android:copyDebugJniLibsProjectOnly (Thread[#39363,Execution worker Thread 19,5,main]) started.
[        ] > Task :sqflite_android:copyDebugJniLibsProjectOnly UP-TO-DATE
[        ] Caching disabled for task ':sqflite_android:copyDebugJniLibsProjectOnly' because:
[        ]   Build cache is disabled
[        ]   Caching has been disabled for the task
[        ] Skipping task ':sqflite_android:copyDebugJniLibsProjectOnly' as it is up-to-date.
[        ] work action resolve jni (project :sqflite_android) (Thread[#39363,Execution worker Thread 19,5,main]) started.
[        ] Resolve mutations for :url_launcher_android:mergeDebugJniLibFolders (Thread[#39363,Execution worker Thread 19,5,main]) started.
[        ] :url_launcher_android:mergeDebugJniLibFolders (Thread[#39363,Execution worker Thread 19,5,main]) started.
[        ] > Task :url_launcher_android:mergeDebugJniLibFolders UP-TO-DATE
[        ] Caching disabled for task ':url_launcher_android:mergeDebugJniLibFolders' because:
[        ]   Build cache is disabled
[        ]   Simple merging task
[        ] Skipping task ':url_launcher_android:mergeDebugJniLibFolders' as it is up-to-date.
[        ] Resolve mutations for :url_launcher_android:mergeDebugNativeLibs (Thread[#39363,Execution worker Thread 19,5,main]) started.
[        ] :url_launcher_android:mergeDebugNativeLibs (Thread[#39363,Execution worker Thread 19,5,main]) started.
[        ] > Task :url_launcher_android:mergeDebugNativeLibs NO-SOURCE
[        ] Skipping task ':url_launcher_android:mergeDebugNativeLibs' as it has no source files and no previous output files.
[        ] Resolve mutations for :url_launcher_android:copyDebugJniLibsProjectOnly (Thread[#39363,Execution worker Thread 19,5,main]) started.
[        ] :url_launcher_android:copyDebugJniLibsProjectOnly (Thread[#39363,Execution worker Thread 19,5,main]) started.
[        ] > Task :url_launcher_android:copyDebugJniLibsProjectOnly UP-TO-DATE
[        ] Caching disabled for task ':url_launcher_android:copyDebugJniLibsProjectOnly' because:
[        ]   Build cache is disabled
[        ]   Caching has been disabled for the task
[        ] Skipping task ':url_launcher_android:copyDebugJniLibsProjectOnly' as it is up-to-date.
[        ] work action resolve jni (project :url_launcher_android) (Thread[#39363,Execution worker Thread 19,5,main]) started.
[        ] Resolve mutations for :video_player_android:mergeDebugJniLibFolders (Thread[#39363,Execution worker Thread 19,5,main]) started.
[        ] :video_player_android:mergeDebugJniLibFolders (Thread[#39363,Execution worker Thread 19,5,main]) started.
[        ] > Task :video_player_android:mergeDebugJniLibFolders UP-TO-DATE
[        ] Caching disabled for task ':video_player_android:mergeDebugJniLibFolders' because:
[        ]   Build cache is disabled
[        ]   Simple merging task
[        ] Skipping task ':video_player_android:mergeDebugJniLibFolders' as it is up-to-date.
[        ] Resolve mutations for :video_player_android:mergeDebugNativeLibs (Thread[#39363,Execution worker Thread 19,5,main]) started.
[        ] :video_player_android:mergeDebugNativeLibs (Thread[#39363,Execution worker Thread 19,5,main]) started.
[        ] > Task :video_player_android:mergeDebugNativeLibs NO-SOURCE
[        ] Skipping task ':video_player_android:mergeDebugNativeLibs' as it has no source files and no previous output files.
[        ] Resolve mutations for :video_player_android:copyDebugJniLibsProjectOnly (Thread[#39363,Execution worker Thread 19,5,main]) started.
[        ] :video_player_android:copyDebugJniLibsProjectOnly (Thread[#39363,Execution worker Thread 19,5,main]) started.
[        ] > Task :video_player_android:copyDebugJniLibsProjectOnly UP-TO-DATE
[        ] Caching disabled for task ':video_player_android:copyDebugJniLibsProjectOnly' because:
[        ]   Build cache is disabled
[        ]   Caching has been disabled for the task
[        ] Skipping task ':video_player_android:copyDebugJniLibsProjectOnly' as it is up-to-date.
[        ] work action resolve jni (project :video_player_android) (Thread[#39363,Execution worker Thread 19,5,main]) started.
[        ] Resolve mutations for :app:mergeDebugNativeLibs (Thread[#39363,Execution worker Thread 19,5,main]) started.
[        ] :app:mergeDebugNativeLibs (Thread[#39363,Execution worker Thread 19,5,main]) started.
[        ] > Task :app:mergeDebugNativeLibs UP-TO-DATE
[        ] Caching disabled for task ':app:mergeDebugNativeLibs' because:
[        ]   Build cache is disabled
[        ]   Caching has been disabled for the task
[        ] Skipping task ':app:mergeDebugNativeLibs' as it is up-to-date.
[        ] Resolve mutations for :app:stripDebugDebugSymbols (Thread[#39363,Execution worker Thread 19,5,main]) started.
[        ] :app:stripDebugDebugSymbols (Thread[#39363,Execution worker Thread 19,5,main]) started.
[        ] > Task :app:stripDebugDebugSymbols UP-TO-DATE
[        ] Caching disabled for task ':app:stripDebugDebugSymbols' because:
[        ]   Build cache is disabled
[        ]   Caching has been disabled for the task
[        ] Skipping task ':app:stripDebugDebugSymbols' as it is up-to-date.
[        ] Resolve mutations for :app:validateSigningDebug (Thread[#39363,Execution worker Thread 19,5,main]) started.
[        ] :app:validateSigningDebug (Thread[#39363,Execution worker Thread 19,5,main]) started.
[        ] > Task :app:validateSigningDebug UP-TO-DATE
[        ] Caching disabled for task ':app:validateSigningDebug' because:
[        ]   Build cache is disabled
[        ]   Caching has been disabled for the task
[        ] Skipping task ':app:validateSigningDebug' as it is up-to-date.
[        ] Resolve mutations for :app:writeDebugAppMetadata (Thread[#39363,Execution worker Thread 19,5,main]) started.
[        ] :app:writeDebugAppMetadata (Thread[#39363,Execution worker Thread 19,5,main]) started.
[        ] > Task :app:writeDebugAppMetadata UP-TO-DATE
[        ] Caching disabled for task ':app:writeDebugAppMetadata' because:
[        ]   Build cache is disabled
[        ]   Caching has been disabled for the task
[        ] Skipping task ':app:writeDebugAppMetadata' as it is up-to-date.
[        ] Resolve mutations for :app:writeDebugSigningConfigVersions (Thread[#39363,Execution worker Thread 19,5,main]) started.
[        ] :app:writeDebugSigningConfigVersions (Thread[#39363,Execution worker Thread 19,5,main]) started.
[        ] > Task :app:writeDebugSigningConfigVersions UP-TO-DATE
[        ] Caching disabled for task ':app:writeDebugSigningConfigVersions' because:
[        ]   Build cache is disabled
[        ]   Caching has been disabled for the task
[        ] Skipping task ':app:writeDebugSigningConfigVersions' as it is up-to-date.
[        ] Resolve mutations for :connectivity_plus:stripDebugDebugSymbols (Thread[#39363,Execution worker Thread 19,5,main]) started.
[        ] :connectivity_plus:stripDebugDebugSymbols (Thread[#39363,Execution worker Thread 19,5,main]) started.
[        ] > Task :connectivity_plus:stripDebugDebugSymbols NO-SOURCE
[        ] Skipping task ':connectivity_plus:stripDebugDebugSymbols' as it has no source files and no previous output files.
[        ] Resolve mutations for :connectivity_plus:copyDebugJniLibsProjectAndLocalJars (Thread[#39363,Execution worker Thread 19,5,main]) started.
[        ] :connectivity_plus:copyDebugJniLibsProjectAndLocalJars (Thread[#39363,Execution worker Thread 19,5,main]) started.
[        ] > Task :connectivity_plus:copyDebugJniLibsProjectAndLocalJars UP-TO-DATE
[        ] Caching disabled for task ':connectivity_plus:copyDebugJniLibsProjectAndLocalJars' because:
[        ]   Build cache is disabled
[        ]   Caching has been disabled for the task
[        ] Skipping task ':connectivity_plus:copyDebugJniLibsProjectAndLocalJars' as it is up-to-date.
[        ] Resolve mutations for :connectivity_plus:extractDebugAnnotations (Thread[#39363,Execution worker Thread 19,5,main]) started.
[        ] :connectivity_plus:extractDebugAnnotations (Thread[#39363,Execution worker Thread 19,5,main]) started.
[        ] > Task :connectivity_plus:extractDebugAnnotations UP-TO-DATE
[        ] Caching disabled for task ':connectivity_plus:extractDebugAnnotations' because:
[        ]   Build cache is disabled
[        ] Skipping task ':connectivity_plus:extractDebugAnnotations' as it is up-to-date.
[        ] Resolve mutations for :connectivity_plus:extractDeepLinksForAarDebug (Thread[#39363,Execution worker Thread 19,5,main]) started.
[        ] :connectivity_plus:extractDeepLinksForAarDebug (Thread[#39361,Execution worker Thread 17,5,main]) started.
[        ] > Task :connectivity_plus:extractDeepLinksForAarDebug UP-TO-DATE
[        ] Caching disabled for task ':connectivity_plus:extractDeepLinksForAarDebug' because:
[        ]   Build cache is disabled
[        ] Skipping task ':connectivity_plus:extractDeepLinksForAarDebug' as it is up-to-date.
[        ] Resolve mutations for :connectivity_plus:mergeDebugGeneratedProguardFiles (Thread[#39361,Execution worker Thread 17,5,main]) started.
[        ] :connectivity_plus:mergeDebugGeneratedProguardFiles (Thread[#39343,included builds,5,main]) started.
[        ] > Task :connectivity_plus:mergeDebugGeneratedProguardFiles UP-TO-DATE
[        ] Caching disabled for task ':connectivity_plus:mergeDebugGeneratedProguardFiles' because:
[        ]   Build cache is disabled
[        ]   Simple merging task
[        ] Skipping task ':connectivity_plus:mergeDebugGeneratedProguardFiles' as it is up-to-date.
[        ] Resolve mutations for :connectivity_plus:mergeDebugConsumerProguardFiles (Thread[#39343,included builds,5,main]) started.
[        ] :connectivity_plus:mergeDebugConsumerProguardFiles (Thread[#39343,included builds,5,main]) started.
[        ] > Task :connectivity_plus:mergeDebugConsumerProguardFiles UP-TO-DATE
[        ] Caching disabled for task ':connectivity_plus:mergeDebugConsumerProguardFiles' because:
[        ]   Build cache is disabled
[        ]   Simple merging task
[        ] Skipping task ':connectivity_plus:mergeDebugConsumerProguardFiles' as it is up-to-date.
[        ] Resolve mutations for :connectivity_plus:prepareDebugArtProfile (Thread[#39343,included builds,5,main]) started.
[        ] :connectivity_plus:prepareDebugArtProfile (Thread[#39343,included builds,5,main]) started.
[        ] > Task :connectivity_plus:prepareDebugArtProfile UP-TO-DATE
[        ] Caching disabled for task ':connectivity_plus:prepareDebugArtProfile' because:
[        ]   Build cache is disabled
[        ]   Caching has been disabled for the task
[        ] Skipping task ':connectivity_plus:prepareDebugArtProfile' as it is up-to-date.
[        ] Resolve mutations for :connectivity_plus:prepareLintJarForPublish (Thread[#39343,included builds,5,main]) started.
[        ] :connectivity_plus:prepareLintJarForPublish (Thread[#39343,included builds,5,main]) started.
[        ] > Task :connectivity_plus:prepareLintJarForPublish UP-TO-DATE
[        ] Caching disabled for task ':connectivity_plus:prepareLintJarForPublish' because:
[        ]   Build cache is disabled
[        ]   Caching has been disabled for the task
[        ] Skipping task ':connectivity_plus:prepareLintJarForPublish' as it is up-to-date.
[        ] Resolve mutations for :connectivity_plus:mergeDebugJavaResource (Thread[#39343,included builds,5,main]) started.
[        ] :connectivity_plus:mergeDebugJavaResource (Thread[#39343,included builds,5,main]) started.
[        ] > Task :connectivity_plus:mergeDebugJavaResource UP-TO-DATE
[        ] Caching disabled for task ':connectivity_plus:mergeDebugJavaResource' because:
[        ]   Build cache is disabled
[        ]   Caching has been disabled for the task
[        ] Skipping task ':connectivity_plus:mergeDebugJavaResource' as it is up-to-date.
[        ] Resolve mutations for :connectivity_plus:syncDebugLibJars (Thread[#39343,included builds,5,main]) started.
[        ] :connectivity_plus:syncDebugLibJars (Thread[#39343,included builds,5,main]) started.
[        ] > Task :connectivity_plus:syncDebugLibJars UP-TO-DATE
[        ] Caching disabled for task ':connectivity_plus:syncDebugLibJars' because:
[        ]   Build cache is disabled
[        ] Skipping task ':connectivity_plus:syncDebugLibJars' as it is up-to-date.
[        ] Resolve mutations for :connectivity_plus:bundleDebugAar (Thread[#39343,included builds,5,main]) started.
[        ] :connectivity_plus:bundleDebugAar (Thread[#39343,included builds,5,main]) started.
[        ] > Task :connectivity_plus:bundleDebugAar UP-TO-DATE
[        ] Caching disabled for task ':connectivity_plus:bundleDebugAar' because:
[        ]   Build cache is disabled
[        ]   Caching has been disabled for the task
[        ] Skipping task ':connectivity_plus:bundleDebugAar' as it is up-to-date.
[        ] Resolve mutations for :connectivity_plus:assembleDebug (Thread[#39343,included builds,5,main]) started.
[        ] :connectivity_plus:assembleDebug (Thread[#39343,included builds,5,main]) started.
[        ] > Task :connectivity_plus:assembleDebug UP-TO-DATE
[        ] Skipping task ':connectivity_plus:assembleDebug' as it has no actions.
[        ] Resolve mutations for :emoji_picker_flutter:stripDebugDebugSymbols (Thread[#39343,included builds,5,main]) started.
[        ] :emoji_picker_flutter:stripDebugDebugSymbols (Thread[#39343,included builds,5,main]) started.
[        ] > Task :emoji_picker_flutter:stripDebugDebugSymbols NO-SOURCE
[        ] Skipping task ':emoji_picker_flutter:stripDebugDebugSymbols' as it has no source files and no previous output files.
[        ] Resolve mutations for :emoji_picker_flutter:copyDebugJniLibsProjectAndLocalJars (Thread[#39343,included builds,5,main]) started.
[        ] :emoji_picker_flutter:copyDebugJniLibsProjectAndLocalJars (Thread[#39343,included builds,5,main]) started.
[        ] > Task :emoji_picker_flutter:copyDebugJniLibsProjectAndLocalJars UP-TO-DATE
[        ] Caching disabled for task ':emoji_picker_flutter:copyDebugJniLibsProjectAndLocalJars' because:
[        ]   Build cache is disabled
[        ]   Caching has been disabled for the task
[        ] Skipping task ':emoji_picker_flutter:copyDebugJniLibsProjectAndLocalJars' as it is up-to-date.
[        ] Resolve mutations for :emoji_picker_flutter:extractDebugAnnotations (Thread[#39343,included builds,5,main]) started.
[        ] :emoji_picker_flutter:extractDebugAnnotations (Thread[#39343,included builds,5,main]) started.
[        ] > Task :emoji_picker_flutter:extractDebugAnnotations UP-TO-DATE
[        ] Caching disabled for task ':emoji_picker_flutter:extractDebugAnnotations' because:
[        ]   Build cache is disabled
[        ] Skipping task ':emoji_picker_flutter:extractDebugAnnotations' as it is up-to-date.
[        ] Resolve mutations for :emoji_picker_flutter:extractDeepLinksForAarDebug (Thread[#39343,included builds,5,main]) started.
[        ] :emoji_picker_flutter:extractDeepLinksForAarDebug (Thread[#39343,included builds,5,main]) started.
[        ] > Task :emoji_picker_flutter:extractDeepLinksForAarDebug UP-TO-DATE
[        ] Caching disabled for task ':emoji_picker_flutter:extractDeepLinksForAarDebug' because:
[        ]   Build cache is disabled
[        ] Skipping task ':emoji_picker_flutter:extractDeepLinksForAarDebug' as it is up-to-date.
[        ] Resolve mutations for :emoji_picker_flutter:mergeDebugGeneratedProguardFiles (Thread[#39343,included builds,5,main]) started.
[        ] :emoji_picker_flutter:mergeDebugGeneratedProguardFiles (Thread[#39343,included builds,5,main]) started.
[        ] > Task :emoji_picker_flutter:mergeDebugGeneratedProguardFiles UP-TO-DATE
[        ] Caching disabled for task ':emoji_picker_flutter:mergeDebugGeneratedProguardFiles' because:
[        ]   Build cache is disabled
[        ]   Simple merging task
[        ] Skipping task ':emoji_picker_flutter:mergeDebugGeneratedProguardFiles' as it is up-to-date.
[        ] Resolve mutations for :emoji_picker_flutter:mergeDebugConsumerProguardFiles (Thread[#39343,included builds,5,main]) started.
[        ] :emoji_picker_flutter:mergeDebugConsumerProguardFiles (Thread[#39343,included builds,5,main]) started.
[        ] > Task :emoji_picker_flutter:mergeDebugConsumerProguardFiles UP-TO-DATE
[        ] Caching disabled for task ':emoji_picker_flutter:mergeDebugConsumerProguardFiles' because:
[        ]   Build cache is disabled
[        ]   Simple merging task
[        ] Skipping task ':emoji_picker_flutter:mergeDebugConsumerProguardFiles' as it is up-to-date.
[        ] Resolve mutations for :emoji_picker_flutter:prepareDebugArtProfile (Thread[#39343,included builds,5,main]) started.
[        ] :emoji_picker_flutter:prepareDebugArtProfile (Thread[#39343,included builds,5,main]) started.
[        ] > Task :emoji_picker_flutter:prepareDebugArtProfile UP-TO-DATE
[        ] Caching disabled for task ':emoji_picker_flutter:prepareDebugArtProfile' because:
[        ]   Build cache is disabled
[        ]   Caching has been disabled for the task
[        ] Skipping task ':emoji_picker_flutter:prepareDebugArtProfile' as it is up-to-date.
[        ] Resolve mutations for :emoji_picker_flutter:prepareLintJarForPublish (Thread[#39343,included builds,5,main]) started.
[        ] :emoji_picker_flutter:prepareLintJarForPublish (Thread[#39343,included builds,5,main]) started.
[        ] > Task :emoji_picker_flutter:prepareLintJarForPublish UP-TO-DATE
[        ] Caching disabled for task ':emoji_picker_flutter:prepareLintJarForPublish' because:
[        ]   Build cache is disabled
[        ]   Caching has been disabled for the task
[        ] Skipping task ':emoji_picker_flutter:prepareLintJarForPublish' as it is up-to-date.
[        ] Resolve mutations for :emoji_picker_flutter:mergeDebugJavaResource (Thread[#39343,included builds,5,main]) started.
[        ] :emoji_picker_flutter:mergeDebugJavaResource (Thread[#39343,included builds,5,main]) started.
[        ] > Task :emoji_picker_flutter:mergeDebugJavaResource UP-TO-DATE
[        ] Caching disabled for task ':emoji_picker_flutter:mergeDebugJavaResource' because:
[        ]   Build cache is disabled
[        ]   Caching has been disabled for the task
[        ] Skipping task ':emoji_picker_flutter:mergeDebugJavaResource' as it is up-to-date.
[        ] Resolve mutations for :emoji_picker_flutter:syncDebugLibJars (Thread[#39343,included builds,5,main]) started.
[        ] :emoji_picker_flutter:syncDebugLibJars (Thread[#39343,included builds,5,main]) started.
[        ] > Task :emoji_picker_flutter:syncDebugLibJars UP-TO-DATE
[        ] Caching disabled for task ':emoji_picker_flutter:syncDebugLibJars' because:
[        ]   Build cache is disabled
[        ] Skipping task ':emoji_picker_flutter:syncDebugLibJars' as it is up-to-date.
[        ] Resolve mutations for :emoji_picker_flutter:bundleDebugAar (Thread[#39343,included builds,5,main]) started.
[        ] :emoji_picker_flutter:bundleDebugAar (Thread[#39343,included builds,5,main]) started.
[        ] > Task :emoji_picker_flutter:bundleDebugAar UP-TO-DATE
[        ] Caching disabled for task ':emoji_picker_flutter:bundleDebugAar' because:
[        ]   Build cache is disabled
[        ]   Caching has been disabled for the task
[        ] Skipping task ':emoji_picker_flutter:bundleDebugAar' as it is up-to-date.
[        ] Resolve mutations for :emoji_picker_flutter:assembleDebug (Thread[#39343,included builds,5,main]) started.
[        ] :emoji_picker_flutter:assembleDebug (Thread[#39343,included builds,5,main]) started.
[        ] > Task :emoji_picker_flutter:assembleDebug UP-TO-DATE
[        ] Skipping task ':emoji_picker_flutter:assembleDebug' as it has no actions.
[        ] Resolve mutations for :file_selector_android:stripDebugDebugSymbols (Thread[#39343,included builds,5,main]) started.
[        ] :file_selector_android:stripDebugDebugSymbols (Thread[#39343,included builds,5,main]) started.
[        ] > Task :file_selector_android:stripDebugDebugSymbols NO-SOURCE
[        ] Skipping task ':file_selector_android:stripDebugDebugSymbols' as it has no source files and no previous output files.
[        ] Resolve mutations for :file_selector_android:copyDebugJniLibsProjectAndLocalJars (Thread[#39343,included builds,5,main]) started.
[        ] :file_selector_android:copyDebugJniLibsProjectAndLocalJars (Thread[#39343,included builds,5,main]) started.
[        ] > Task :file_selector_android:copyDebugJniLibsProjectAndLocalJars UP-TO-DATE
[        ] Caching disabled for task ':file_selector_android:copyDebugJniLibsProjectAndLocalJars' because:
[        ]   Build cache is disabled
[        ]   Caching has been disabled for the task
[        ] Skipping task ':file_selector_android:copyDebugJniLibsProjectAndLocalJars' as it is up-to-date.
[        ] Resolve mutations for :file_selector_android:extractDebugAnnotations (Thread[#39343,included builds,5,main]) started.
[        ] :file_selector_android:extractDebugAnnotations (Thread[#39343,included builds,5,main]) started.
[        ] > Task :file_selector_android:extractDebugAnnotations UP-TO-DATE
[        ] Caching disabled for task ':file_selector_android:extractDebugAnnotations' because:
[        ]   Build cache is disabled
[        ] Skipping task ':file_selector_android:extractDebugAnnotations' as it is up-to-date.
[        ] Resolve mutations for :file_selector_android:extractDeepLinksForAarDebug (Thread[#39343,included builds,5,main]) started.
[        ] :file_selector_android:extractDeepLinksForAarDebug (Thread[#39343,included builds,5,main]) started.
[        ] > Task :file_selector_android:extractDeepLinksForAarDebug UP-TO-DATE
[        ] Caching disabled for task ':file_selector_android:extractDeepLinksForAarDebug' because:
[        ]   Build cache is disabled
[        ] Skipping task ':file_selector_android:extractDeepLinksForAarDebug' as it is up-to-date.
[        ] Resolve mutations for :file_selector_android:mergeDebugGeneratedProguardFiles (Thread[#39343,included builds,5,main]) started.
[        ] :file_selector_android:mergeDebugGeneratedProguardFiles (Thread[#39343,included builds,5,main]) started.
[        ] > Task :file_selector_android:mergeDebugGeneratedProguardFiles UP-TO-DATE
[        ] Caching disabled for task ':file_selector_android:mergeDebugGeneratedProguardFiles' because:
[        ]   Build cache is disabled
[        ]   Simple merging task
[        ] Skipping task ':file_selector_android:mergeDebugGeneratedProguardFiles' as it is up-to-date.
[        ] Resolve mutations for :file_selector_android:mergeDebugConsumerProguardFiles (Thread[#39343,included builds,5,main]) started.
[        ] :file_selector_android:mergeDebugConsumerProguardFiles (Thread[#39343,included builds,5,main]) started.
[        ] > Task :file_selector_android:mergeDebugConsumerProguardFiles UP-TO-DATE
[        ] Caching disabled for task ':file_selector_android:mergeDebugConsumerProguardFiles' because:
[        ]   Build cache is disabled
[        ]   Simple merging task
[        ] Skipping task ':file_selector_android:mergeDebugConsumerProguardFiles' as it is up-to-date.
[        ] Resolve mutations for :file_selector_android:prepareDebugArtProfile (Thread[#39343,included builds,5,main]) started.
[        ] :file_selector_android:prepareDebugArtProfile (Thread[#39343,included builds,5,main]) started.
[        ] > Task :file_selector_android:prepareDebugArtProfile UP-TO-DATE
[        ] Caching disabled for task ':file_selector_android:prepareDebugArtProfile' because:
[        ]   Build cache is disabled
[        ]   Caching has been disabled for the task
[        ] Skipping task ':file_selector_android:prepareDebugArtProfile' as it is up-to-date.
[        ] Resolve mutations for :file_selector_android:prepareLintJarForPublish (Thread[#39343,included builds,5,main]) started.
[        ] :file_selector_android:prepareLintJarForPublish (Thread[#39343,included builds,5,main]) started.
[        ] > Task :file_selector_android:prepareLintJarForPublish UP-TO-DATE
[        ] Caching disabled for task ':file_selector_android:prepareLintJarForPublish' because:
[        ]   Build cache is disabled
[        ]   Caching has been disabled for the task
[        ] Skipping task ':file_selector_android:prepareLintJarForPublish' as it is up-to-date.
[        ] Resolve mutations for :file_selector_android:mergeDebugJavaResource (Thread[#39343,included builds,5,main]) started.
[        ] :file_selector_android:mergeDebugJavaResource (Thread[#39343,included builds,5,main]) started.
[        ] > Task :file_selector_android:mergeDebugJavaResource UP-TO-DATE
[        ] Caching disabled for task ':file_selector_android:mergeDebugJavaResource' because:
[        ]   Build cache is disabled
[        ]   Caching has been disabled for the task
[        ] Skipping task ':file_selector_android:mergeDebugJavaResource' as it is up-to-date.
[        ] Resolve mutations for :file_selector_android:syncDebugLibJars (Thread[#39343,included builds,5,main]) started.
[        ] :file_selector_android:syncDebugLibJars (Thread[#39343,included builds,5,main]) started.
[        ] > Task :file_selector_android:syncDebugLibJars UP-TO-DATE
[        ] Caching disabled for task ':file_selector_android:syncDebugLibJars' because:
[        ]   Build cache is disabled
[        ] Skipping task ':file_selector_android:syncDebugLibJars' as it is up-to-date.
[        ] Resolve mutations for :file_selector_android:bundleDebugAar (Thread[#39343,included builds,5,main]) started.
[        ] :file_selector_android:bundleDebugAar (Thread[#39343,included builds,5,main]) started.
[        ] > Task :file_selector_android:bundleDebugAar UP-TO-DATE
[        ] Caching disabled for task ':file_selector_android:bundleDebugAar' because:
[        ]   Build cache is disabled
[        ]   Caching has been disabled for the task
[        ] Skipping task ':file_selector_android:bundleDebugAar' as it is up-to-date.
[        ] Resolve mutations for :file_selector_android:assembleDebug (Thread[#39343,included builds,5,main]) started.
[        ] :file_selector_android:assembleDebug (Thread[#39343,included builds,5,main]) started.
[        ] > Task :file_selector_android:assembleDebug UP-TO-DATE
[        ] Skipping task ':file_selector_android:assembleDebug' as it has no actions.
[        ] Resolve mutations for :flutter_keyboard_visibility_temp_fork:stripDebugDebugSymbols (Thread[#39343,included builds,5,main]) started.
[        ] :flutter_keyboard_visibility_temp_fork:stripDebugDebugSymbols (Thread[#39343,included builds,5,main]) started.
[        ] > Task :flutter_keyboard_visibility_temp_fork:stripDebugDebugSymbols NO-SOURCE
[        ] Skipping task ':flutter_keyboard_visibility_temp_fork:stripDebugDebugSymbols' as it has no source files and no previous output files.
[        ] Resolve mutations for :flutter_keyboard_visibility_temp_fork:copyDebugJniLibsProjectAndLocalJars (Thread[#39343,included builds,5,main]) started.
[        ] :flutter_keyboard_visibility_temp_fork:copyDebugJniLibsProjectAndLocalJars (Thread[#39343,included builds,5,main]) started.
[        ] > Task :flutter_keyboard_visibility_temp_fork:copyDebugJniLibsProjectAndLocalJars UP-TO-DATE
[        ] Caching disabled for task ':flutter_keyboard_visibility_temp_fork:copyDebugJniLibsProjectAndLocalJars' because:
[        ]   Build cache is disabled
[        ]   Caching has been disabled for the task
[        ] Skipping task ':flutter_keyboard_visibility_temp_fork:copyDebugJniLibsProjectAndLocalJars' as it is up-to-date.
[        ] Resolve mutations for :flutter_keyboard_visibility_temp_fork:extractDebugAnnotations (Thread[#39343,included builds,5,main]) started.
[        ] :flutter_keyboard_visibility_temp_fork:extractDebugAnnotations (Thread[#39343,included builds,5,main]) started.
[        ] > Task :flutter_keyboard_visibility_temp_fork:extractDebugAnnotations UP-TO-DATE
[        ] Caching disabled for task ':flutter_keyboard_visibility_temp_fork:extractDebugAnnotations' because:
[        ]   Build cache is disabled
[        ] Skipping task ':flutter_keyboard_visibility_temp_fork:extractDebugAnnotations' as it is up-to-date.
[        ] Resolve mutations for :flutter_keyboard_visibility_temp_fork:extractDeepLinksForAarDebug (Thread[#39343,included builds,5,main]) started.
[        ] :flutter_keyboard_visibility_temp_fork:extractDeepLinksForAarDebug (Thread[#39343,included builds,5,main]) started.
[        ] > Task :flutter_keyboard_visibility_temp_fork:extractDeepLinksForAarDebug UP-TO-DATE
[        ] Caching disabled for task ':flutter_keyboard_visibility_temp_fork:extractDeepLinksForAarDebug' because:
[        ]   Build cache is disabled
[        ] Skipping task ':flutter_keyboard_visibility_temp_fork:extractDeepLinksForAarDebug' as it is up-to-date.
[        ] Resolve mutations for :flutter_keyboard_visibility_temp_fork:mergeDebugGeneratedProguardFiles (Thread[#39343,included builds,5,main]) started.
[        ] :flutter_keyboard_visibility_temp_fork:mergeDebugGeneratedProguardFiles (Thread[#39343,included builds,5,main]) started.
[        ] > Task :flutter_keyboard_visibility_temp_fork:mergeDebugGeneratedProguardFiles UP-TO-DATE
[        ] Caching disabled for task ':flutter_keyboard_visibility_temp_fork:mergeDebugGeneratedProguardFiles' because:
[        ]   Build cache is disabled
[        ]   Simple merging task
[        ] Skipping task ':flutter_keyboard_visibility_temp_fork:mergeDebugGeneratedProguardFiles' as it is up-to-date.
[        ] Resolve mutations for :flutter_keyboard_visibility_temp_fork:mergeDebugConsumerProguardFiles (Thread[#39343,included builds,5,main]) started.
[        ] :flutter_keyboard_visibility_temp_fork:mergeDebugConsumerProguardFiles (Thread[#39343,included builds,5,main]) started.
[        ] > Task :flutter_keyboard_visibility_temp_fork:mergeDebugConsumerProguardFiles UP-TO-DATE
[        ] Caching disabled for task ':flutter_keyboard_visibility_temp_fork:mergeDebugConsumerProguardFiles' because:
[        ]   Build cache is disabled
[        ]   Simple merging task
[        ] Skipping task ':flutter_keyboard_visibility_temp_fork:mergeDebugConsumerProguardFiles' as it is up-to-date.
[        ] Resolve mutations for :flutter_keyboard_visibility_temp_fork:prepareDebugArtProfile (Thread[#39343,included builds,5,main]) started.
[        ] :flutter_keyboard_visibility_temp_fork:prepareDebugArtProfile (Thread[#39343,included builds,5,main]) started.
[        ] > Task :flutter_keyboard_visibility_temp_fork:prepareDebugArtProfile UP-TO-DATE
[        ] Caching disabled for task ':flutter_keyboard_visibility_temp_fork:prepareDebugArtProfile' because:
[        ]   Build cache is disabled
[        ]   Caching has been disabled for the task
[        ] Skipping task ':flutter_keyboard_visibility_temp_fork:prepareDebugArtProfile' as it is up-to-date.
[        ] Resolve mutations for :flutter_keyboard_visibility_temp_fork:prepareLintJarForPublish (Thread[#39343,included builds,5,main]) started.
[        ] :flutter_keyboard_visibility_temp_fork:prepareLintJarForPublish (Thread[#39343,included builds,5,main]) started.
[        ] > Task :flutter_keyboard_visibility_temp_fork:prepareLintJarForPublish UP-TO-DATE
[        ] Caching disabled for task ':flutter_keyboard_visibility_temp_fork:prepareLintJarForPublish' because:
[        ]   Build cache is disabled
[        ]   Caching has been disabled for the task
[        ] Skipping task ':flutter_keyboard_visibility_temp_fork:prepareLintJarForPublish' as it is up-to-date.
[        ] Resolve mutations for :flutter_keyboard_visibility_temp_fork:mergeDebugJavaResource (Thread[#39343,included builds,5,main]) started.
[        ] :flutter_keyboard_visibility_temp_fork:mergeDebugJavaResource (Thread[#39343,included builds,5,main]) started.
[        ] > Task :flutter_keyboard_visibility_temp_fork:mergeDebugJavaResource UP-TO-DATE
[        ] Caching disabled for task ':flutter_keyboard_visibility_temp_fork:mergeDebugJavaResource' because:
[        ]   Build cache is disabled
[        ]   Caching has been disabled for the task
[        ] Skipping task ':flutter_keyboard_visibility_temp_fork:mergeDebugJavaResource' as it is up-to-date.
[        ] Resolve mutations for :flutter_keyboard_visibility_temp_fork:syncDebugLibJars (Thread[#39343,included builds,5,main]) started.
[        ] :flutter_keyboard_visibility_temp_fork:syncDebugLibJars (Thread[#39343,included builds,5,main]) started.
[        ] > Task :flutter_keyboard_visibility_temp_fork:syncDebugLibJars UP-TO-DATE
[        ] Caching disabled for task ':flutter_keyboard_visibility_temp_fork:syncDebugLibJars' because:
[        ]   Build cache is disabled
[        ] Skipping task ':flutter_keyboard_visibility_temp_fork:syncDebugLibJars' as it is up-to-date.
[        ] Resolve mutations for :flutter_keyboard_visibility_temp_fork:bundleDebugAar (Thread[#39343,included builds,5,main]) started.
[        ] :flutter_keyboard_visibility_temp_fork:bundleDebugAar (Thread[#39343,included builds,5,main]) started.
[        ] > Task :flutter_keyboard_visibility_temp_fork:bundleDebugAar UP-TO-DATE
[        ] Caching disabled for task ':flutter_keyboard_visibility_temp_fork:bundleDebugAar' because:
[        ]   Build cache is disabled
[        ]   Caching has been disabled for the task
[        ] Skipping task ':flutter_keyboard_visibility_temp_fork:bundleDebugAar' as it is up-to-date.
[        ] Resolve mutations for :flutter_keyboard_visibility_temp_fork:assembleDebug (Thread[#39343,included builds,5,main]) started.
[        ] :flutter_keyboard_visibility_temp_fork:assembleDebug (Thread[#39343,included builds,5,main]) started.
[        ] > Task :flutter_keyboard_visibility_temp_fork:assembleDebug UP-TO-DATE
[        ] Skipping task ':flutter_keyboard_visibility_temp_fork:assembleDebug' as it has no actions.
[        ] Resolve mutations for :flutter_native_splash:stripDebugDebugSymbols (Thread[#39343,included builds,5,main]) started.
[        ] :flutter_native_splash:stripDebugDebugSymbols (Thread[#39343,included builds,5,main]) started.
[        ] > Task :flutter_native_splash:stripDebugDebugSymbols NO-SOURCE
[        ] Skipping task ':flutter_native_splash:stripDebugDebugSymbols' as it has no source files and no previous output files.
[        ] Resolve mutations for :flutter_native_splash:copyDebugJniLibsProjectAndLocalJars (Thread[#39343,included builds,5,main]) started.
[        ] :flutter_native_splash:copyDebugJniLibsProjectAndLocalJars (Thread[#39343,included builds,5,main]) started.
[        ] > Task :flutter_native_splash:copyDebugJniLibsProjectAndLocalJars UP-TO-DATE
[        ] Caching disabled for task ':flutter_native_splash:copyDebugJniLibsProjectAndLocalJars' because:
[        ]   Build cache is disabled
[        ]   Caching has been disabled for the task
[        ] Skipping task ':flutter_native_splash:copyDebugJniLibsProjectAndLocalJars' as it is up-to-date.
[        ] Resolve mutations for :flutter_native_splash:extractDebugAnnotations (Thread[#39343,included builds,5,main]) started.
[        ] :flutter_native_splash:extractDebugAnnotations (Thread[#39343,included builds,5,main]) started.
[        ] > Task :flutter_native_splash:extractDebugAnnotations UP-TO-DATE
[        ] Caching disabled for task ':flutter_native_splash:extractDebugAnnotations' because:
[        ]   Build cache is disabled
[        ] Skipping task ':flutter_native_splash:extractDebugAnnotations' as it is up-to-date.
[        ] Resolve mutations for :flutter_native_splash:extractDeepLinksForAarDebug (Thread[#39343,included builds,5,main]) started.
[        ] :flutter_native_splash:extractDeepLinksForAarDebug (Thread[#39343,included builds,5,main]) started.
[        ] > Task :flutter_native_splash:extractDeepLinksForAarDebug UP-TO-DATE
[        ] Caching disabled for task ':flutter_native_splash:extractDeepLinksForAarDebug' because:
[        ]   Build cache is disabled
[        ] Skipping task ':flutter_native_splash:extractDeepLinksForAarDebug' as it is up-to-date.
[        ] Resolve mutations for :flutter_native_splash:mergeDebugGeneratedProguardFiles (Thread[#39343,included builds,5,main]) started.
[        ] :flutter_native_splash:mergeDebugGeneratedProguardFiles (Thread[#39343,included builds,5,main]) started.
[        ] > Task :flutter_native_splash:mergeDebugGeneratedProguardFiles UP-TO-DATE
[        ] Caching disabled for task ':flutter_native_splash:mergeDebugGeneratedProguardFiles' because:
[        ]   Build cache is disabled
[        ]   Simple merging task
[        ] Skipping task ':flutter_native_splash:mergeDebugGeneratedProguardFiles' as it is up-to-date.
[        ] Resolve mutations for :flutter_native_splash:mergeDebugConsumerProguardFiles (Thread[#39343,included builds,5,main]) started.
[        ] :flutter_native_splash:mergeDebugConsumerProguardFiles (Thread[#39343,included builds,5,main]) started.
[        ] > Task :flutter_native_splash:mergeDebugConsumerProguardFiles UP-TO-DATE
[        ] Caching disabled for task ':flutter_native_splash:mergeDebugConsumerProguardFiles' because:
[        ]   Build cache is disabled
[        ]   Simple merging task
[        ] Skipping task ':flutter_native_splash:mergeDebugConsumerProguardFiles' as it is up-to-date.
[        ] Resolve mutations for :flutter_native_splash:prepareDebugArtProfile (Thread[#39343,included builds,5,main]) started.
[        ] :flutter_native_splash:prepareDebugArtProfile (Thread[#39343,included builds,5,main]) started.
[        ] > Task :flutter_native_splash:prepareDebugArtProfile UP-TO-DATE
[        ] Caching disabled for task ':flutter_native_splash:prepareDebugArtProfile' because:
[        ]   Build cache is disabled
[        ]   Caching has been disabled for the task
[        ] Skipping task ':flutter_native_splash:prepareDebugArtProfile' as it is up-to-date.
[        ] Resolve mutations for :flutter_native_splash:prepareLintJarForPublish (Thread[#39343,included builds,5,main]) started.
[        ] :flutter_native_splash:prepareLintJarForPublish (Thread[#39343,included builds,5,main]) started.
[        ] > Task :flutter_native_splash:prepareLintJarForPublish UP-TO-DATE
[        ] Caching disabled for task ':flutter_native_splash:prepareLintJarForPublish' because:
[        ]   Build cache is disabled
[        ]   Caching has been disabled for the task
[        ] Skipping task ':flutter_native_splash:prepareLintJarForPublish' as it is up-to-date.
[        ] Resolve mutations for :flutter_native_splash:mergeDebugJavaResource (Thread[#39343,included builds,5,main]) started.
[        ] :flutter_native_splash:mergeDebugJavaResource (Thread[#39343,included builds,5,main]) started.
[        ] > Task :flutter_native_splash:mergeDebugJavaResource UP-TO-DATE
[        ] Caching disabled for task ':flutter_native_splash:mergeDebugJavaResource' because:
[        ]   Build cache is disabled
[        ]   Caching has been disabled for the task
[        ] Skipping task ':flutter_native_splash:mergeDebugJavaResource' as it is up-to-date.
[        ] Resolve mutations for :flutter_native_splash:syncDebugLibJars (Thread[#39343,included builds,5,main]) started.
[        ] :flutter_native_splash:syncDebugLibJars (Thread[#39343,included builds,5,main]) started.
[        ] > Task :flutter_native_splash:syncDebugLibJars UP-TO-DATE
[        ] Caching disabled for task ':flutter_native_splash:syncDebugLibJars' because:
[        ]   Build cache is disabled
[        ] Skipping task ':flutter_native_splash:syncDebugLibJars' as it is up-to-date.
[        ] Resolve mutations for :flutter_native_splash:bundleDebugAar (Thread[#39343,included builds,5,main]) started.
[        ] :flutter_native_splash:bundleDebugAar (Thread[#39343,included builds,5,main]) started.
[        ] > Task :flutter_native_splash:bundleDebugAar UP-TO-DATE
[        ] Caching disabled for task ':flutter_native_splash:bundleDebugAar' because:
[        ]   Build cache is disabled
[        ]   Caching has been disabled for the task
[        ] Skipping task ':flutter_native_splash:bundleDebugAar' as it is up-to-date.
[        ] Resolve mutations for :flutter_native_splash:assembleDebug (Thread[#39343,included builds,5,main]) started.
[        ] :flutter_native_splash:assembleDebug (Thread[#39343,included builds,5,main]) started.
[        ] > Task :flutter_native_splash:assembleDebug UP-TO-DATE
[        ] Skipping task ':flutter_native_splash:assembleDebug' as it has no actions.
[        ] Resolve mutations for :flutter_olm:stripDebugDebugSymbols (Thread[#39343,included builds,5,main]) started.
[        ] :flutter_olm:stripDebugDebugSymbols (Thread[#39343,included builds,5,main]) started.
[        ] > Task :flutter_olm:stripDebugDebugSymbols UP-TO-DATE
[        ] Caching disabled for task ':flutter_olm:stripDebugDebugSymbols' because:
[        ]   Build cache is disabled
[        ]   Caching has been disabled for the task
[        ] Skipping task ':flutter_olm:stripDebugDebugSymbols' as it is up-to-date.
[        ] Resolve mutations for :flutter_olm:copyDebugJniLibsProjectAndLocalJars (Thread[#39343,included builds,5,main]) started.
[        ] :flutter_olm:copyDebugJniLibsProjectAndLocalJars (Thread[#39343,included builds,5,main]) started.
[        ] > Task :flutter_olm:copyDebugJniLibsProjectAndLocalJars UP-TO-DATE
[        ] Caching disabled for task ':flutter_olm:copyDebugJniLibsProjectAndLocalJars' because:
[        ]   Build cache is disabled
[        ]   Caching has been disabled for the task
[        ] Skipping task ':flutter_olm:copyDebugJniLibsProjectAndLocalJars' as it is up-to-date.
[        ] Resolve mutations for :flutter_olm:extractDebugAnnotations (Thread[#39343,included builds,5,main]) started.
[        ] :flutter_olm:extractDebugAnnotations (Thread[#39343,included builds,5,main]) started.
[        ] > Task :flutter_olm:extractDebugAnnotations UP-TO-DATE
[        ] Caching disabled for task ':flutter_olm:extractDebugAnnotations' because:
[        ]   Build cache is disabled
[        ] Skipping task ':flutter_olm:extractDebugAnnotations' as it is up-to-date.
[        ] Resolve mutations for :flutter_olm:extractDeepLinksForAarDebug (Thread[#39343,included builds,5,main]) started.
[        ] :flutter_olm:extractDeepLinksForAarDebug (Thread[#39343,included builds,5,main]) started.
[        ] > Task :flutter_olm:extractDeepLinksForAarDebug UP-TO-DATE
[        ] Caching disabled for task ':flutter_olm:extractDeepLinksForAarDebug' because:
[        ]   Build cache is disabled
[        ] Skipping task ':flutter_olm:extractDeepLinksForAarDebug' as it is up-to-date.
[        ] Resolve mutations for :flutter_olm:mergeDebugGeneratedProguardFiles (Thread[#39343,included builds,5,main]) started.
[        ] :flutter_olm:mergeDebugGeneratedProguardFiles (Thread[#39343,included builds,5,main]) started.
[        ] > Task :flutter_olm:mergeDebugGeneratedProguardFiles UP-TO-DATE
[        ] Caching disabled for task ':flutter_olm:mergeDebugGeneratedProguardFiles' because:
[        ]   Build cache is disabled
[        ]   Simple merging task
[        ] Skipping task ':flutter_olm:mergeDebugGeneratedProguardFiles' as it is up-to-date.
[        ] Resolve mutations for :flutter_olm:mergeDebugConsumerProguardFiles (Thread[#39343,included builds,5,main]) started.
[        ] :flutter_olm:mergeDebugConsumerProguardFiles (Thread[#39343,included builds,5,main]) started.
[        ] > Task :flutter_olm:mergeDebugConsumerProguardFiles UP-TO-DATE
[        ] Caching disabled for task ':flutter_olm:mergeDebugConsumerProguardFiles' because:
[        ]   Build cache is disabled
[        ]   Simple merging task
[        ] Skipping task ':flutter_olm:mergeDebugConsumerProguardFiles' as it is up-to-date.
[        ] Resolve mutations for :flutter_olm:prepareDebugArtProfile (Thread[#39343,included builds,5,main]) started.
[        ] :flutter_olm:prepareDebugArtProfile (Thread[#39343,included builds,5,main]) started.
[        ] > Task :flutter_olm:prepareDebugArtProfile UP-TO-DATE
[        ] Caching disabled for task ':flutter_olm:prepareDebugArtProfile' because:
[        ]   Build cache is disabled
[        ]   Caching has been disabled for the task
[        ] Skipping task ':flutter_olm:prepareDebugArtProfile' as it is up-to-date.
[        ] Resolve mutations for :flutter_olm:prepareLintJarForPublish (Thread[#39343,included builds,5,main]) started.
[        ] :flutter_olm:prepareLintJarForPublish (Thread[#39343,included builds,5,main]) started.
[        ] > Task :flutter_olm:prepareLintJarForPublish UP-TO-DATE
[        ] Caching disabled for task ':flutter_olm:prepareLintJarForPublish' because:
[        ]   Build cache is disabled
[        ]   Caching has been disabled for the task
[        ] Skipping task ':flutter_olm:prepareLintJarForPublish' as it is up-to-date.
[        ] Resolve mutations for :flutter_olm:mergeDebugJavaResource (Thread[#39343,included builds,5,main]) started.
[        ] :flutter_olm:mergeDebugJavaResource (Thread[#39343,included builds,5,main]) started.
[        ] > Task :flutter_olm:mergeDebugJavaResource UP-TO-DATE
[        ] Caching disabled for task ':flutter_olm:mergeDebugJavaResource' because:
[        ]   Build cache is disabled
[        ]   Caching has been disabled for the task
[        ] Skipping task ':flutter_olm:mergeDebugJavaResource' as it is up-to-date.
[        ] Resolve mutations for :flutter_olm:syncDebugLibJars (Thread[#39343,included builds,5,main]) started.
[        ] :flutter_olm:syncDebugLibJars (Thread[#39343,included builds,5,main]) started.
[        ] > Task :flutter_olm:syncDebugLibJars UP-TO-DATE
[        ] Caching disabled for task ':flutter_olm:syncDebugLibJars' because:
[        ]   Build cache is disabled
[        ] Skipping task ':flutter_olm:syncDebugLibJars' as it is up-to-date.
[        ] Resolve mutations for :flutter_olm:bundleDebugAar (Thread[#39343,included builds,5,main]) started.
[        ] :flutter_olm:bundleDebugAar (Thread[#39343,included builds,5,main]) started.
[        ] > Task :flutter_olm:bundleDebugAar UP-TO-DATE
[        ] Caching disabled for task ':flutter_olm:bundleDebugAar' because:
[        ]   Build cache is disabled
[        ]   Caching has been disabled for the task
[        ] Skipping task ':flutter_olm:bundleDebugAar' as it is up-to-date.
[        ] Resolve mutations for :flutter_olm:assembleDebug (Thread[#39343,included builds,5,main]) started.
[        ] :flutter_olm:assembleDebug (Thread[#39343,included builds,5,main]) started.
[        ] > Task :flutter_olm:assembleDebug UP-TO-DATE
[        ] Skipping task ':flutter_olm:assembleDebug' as it has no actions.
[        ] Resolve mutations for :flutter_openssl_crypto:stripDebugDebugSymbols (Thread[#39343,included builds,5,main]) started.
[        ] :flutter_openssl_crypto:stripDebugDebugSymbols (Thread[#39343,included builds,5,main]) started.
[        ] > Task :flutter_openssl_crypto:stripDebugDebugSymbols UP-TO-DATE
[        ] Caching disabled for task ':flutter_openssl_crypto:stripDebugDebugSymbols' because:
[        ]   Build cache is disabled
[        ]   Caching has been disabled for the task
[        ] Skipping task ':flutter_openssl_crypto:stripDebugDebugSymbols' as it is up-to-date.
[        ] Resolve mutations for :flutter_openssl_crypto:copyDebugJniLibsProjectAndLocalJars (Thread[#39343,included builds,5,main]) started.
[        ] :flutter_openssl_crypto:copyDebugJniLibsProjectAndLocalJars (Thread[#39343,included builds,5,main]) started.
[        ] > Task :flutter_openssl_crypto:copyDebugJniLibsProjectAndLocalJars UP-TO-DATE
[        ] Caching disabled for task ':flutter_openssl_crypto:copyDebugJniLibsProjectAndLocalJars' because:
[        ]   Build cache is disabled
[        ]   Caching has been disabled for the task
[        ] Skipping task ':flutter_openssl_crypto:copyDebugJniLibsProjectAndLocalJars' as it is up-to-date.
[        ] Resolve mutations for :flutter_openssl_crypto:extractDebugAnnotations (Thread[#39343,included builds,5,main]) started.
[        ] :flutter_openssl_crypto:extractDebugAnnotations (Thread[#39343,included builds,5,main]) started.
[        ] > Task :flutter_openssl_crypto:extractDebugAnnotations UP-TO-DATE
[        ] Caching disabled for task ':flutter_openssl_crypto:extractDebugAnnotations' because:
[        ]   Build cache is disabled
[        ] Skipping task ':flutter_openssl_crypto:extractDebugAnnotations' as it is up-to-date.
[        ] Resolve mutations for :flutter_openssl_crypto:extractDeepLinksForAarDebug (Thread[#39343,included builds,5,main]) started.
[        ] :flutter_openssl_crypto:extractDeepLinksForAarDebug (Thread[#39343,included builds,5,main]) started.
[        ] > Task :flutter_openssl_crypto:extractDeepLinksForAarDebug UP-TO-DATE
[        ] Caching disabled for task ':flutter_openssl_crypto:extractDeepLinksForAarDebug' because:
[        ]   Build cache is disabled
[        ] Skipping task ':flutter_openssl_crypto:extractDeepLinksForAarDebug' as it is up-to-date.
[        ] Resolve mutations for :flutter_openssl_crypto:mergeDebugGeneratedProguardFiles (Thread[#39343,included builds,5,main]) started.
[        ] :flutter_openssl_crypto:mergeDebugGeneratedProguardFiles (Thread[#39343,included builds,5,main]) started.
[        ] > Task :flutter_openssl_crypto:mergeDebugGeneratedProguardFiles UP-TO-DATE
[        ] Caching disabled for task ':flutter_openssl_crypto:mergeDebugGeneratedProguardFiles' because:
[        ]   Build cache is disabled
[        ]   Simple merging task
[        ] Skipping task ':flutter_openssl_crypto:mergeDebugGeneratedProguardFiles' as it is up-to-date.
[        ] Resolve mutations for :flutter_openssl_crypto:mergeDebugConsumerProguardFiles (Thread[#39343,included builds,5,main]) started.
[        ] :flutter_openssl_crypto:mergeDebugConsumerProguardFiles (Thread[#39343,included builds,5,main]) started.
[        ] > Task :flutter_openssl_crypto:mergeDebugConsumerProguardFiles UP-TO-DATE
[        ] Caching disabled for task ':flutter_openssl_crypto:mergeDebugConsumerProguardFiles' because:
[        ]   Build cache is disabled
[        ]   Simple merging task
[        ] Skipping task ':flutter_openssl_crypto:mergeDebugConsumerProguardFiles' as it is up-to-date.
[        ] Resolve mutations for :flutter_openssl_crypto:prepareDebugArtProfile (Thread[#39343,included builds,5,main]) started.
[        ] :flutter_openssl_crypto:prepareDebugArtProfile (Thread[#39343,included builds,5,main]) started.
[        ] > Task :flutter_openssl_crypto:prepareDebugArtProfile UP-TO-DATE
[        ] Caching disabled for task ':flutter_openssl_crypto:prepareDebugArtProfile' because:
[        ]   Build cache is disabled
[        ]   Caching has been disabled for the task
[        ] Skipping task ':flutter_openssl_crypto:prepareDebugArtProfile' as it is up-to-date.
[        ] Resolve mutations for :flutter_openssl_crypto:prepareLintJarForPublish (Thread[#39343,included builds,5,main]) started.
[        ] :flutter_openssl_crypto:prepareLintJarForPublish (Thread[#39343,included builds,5,main]) started.
[        ] > Task :flutter_openssl_crypto:prepareLintJarForPublish UP-TO-DATE
[        ] Caching disabled for task ':flutter_openssl_crypto:prepareLintJarForPublish' because:
[        ]   Build cache is disabled
[        ]   Caching has been disabled for the task
[        ] Skipping task ':flutter_openssl_crypto:prepareLintJarForPublish' as it is up-to-date.
[        ] Resolve mutations for :flutter_openssl_crypto:mergeDebugJavaResource (Thread[#39343,included builds,5,main]) started.
[        ] :flutter_openssl_crypto:mergeDebugJavaResource (Thread[#39343,included builds,5,main]) started.
[        ] > Task :flutter_openssl_crypto:mergeDebugJavaResource UP-TO-DATE
[        ] Caching disabled for task ':flutter_openssl_crypto:mergeDebugJavaResource' because:
[        ]   Build cache is disabled
[        ]   Caching has been disabled for the task
[        ] Skipping task ':flutter_openssl_crypto:mergeDebugJavaResource' as it is up-to-date.
[        ] Resolve mutations for :flutter_openssl_crypto:syncDebugLibJars (Thread[#39343,included builds,5,main]) started.
[        ] :flutter_openssl_crypto:syncDebugLibJars (Thread[#39343,included builds,5,main]) started.
[  +87 ms] > Task :flutter_openssl_crypto:syncDebugLibJars UP-TO-DATE
[        ] Caching disabled for task ':flutter_openssl_crypto:syncDebugLibJars' because:
[        ]   Build cache is disabled
[        ] Skipping task ':flutter_openssl_crypto:syncDebugLibJars' as it is up-to-date.
[        ] Resolve mutations for :flutter_openssl_crypto:bundleDebugAar (Thread[#39343,included builds,5,main]) started.
[        ] :flutter_openssl_crypto:bundleDebugAar (Thread[#39343,included builds,5,main]) started.
[        ] > Task :flutter_openssl_crypto:bundleDebugAar UP-TO-DATE
[        ] Caching disabled for task ':flutter_openssl_crypto:bundleDebugAar' because:
[        ]   Build cache is disabled
[        ]   Caching has been disabled for the task
[        ] Skipping task ':flutter_openssl_crypto:bundleDebugAar' as it is up-to-date.
[        ] Resolve mutations for :flutter_openssl_crypto:assembleDebug (Thread[#39343,included builds,5,main]) started.
[        ] :flutter_openssl_crypto:assembleDebug (Thread[#39343,included builds,5,main]) started.
[        ] > Task :flutter_openssl_crypto:assembleDebug UP-TO-DATE
[        ] Skipping task ':flutter_openssl_crypto:assembleDebug' as it has no actions.
[        ] Resolve mutations for :integration_test:stripDebugDebugSymbols (Thread[#39343,included builds,5,main]) started.
[        ] :integration_test:stripDebugDebugSymbols (Thread[#39343,included builds,5,main]) started.
[        ] > Task :integration_test:stripDebugDebugSymbols NO-SOURCE
[        ] Skipping task ':integration_test:stripDebugDebugSymbols' as it has no source files and no previous output files.
[        ] Resolve mutations for :integration_test:copyDebugJniLibsProjectAndLocalJars (Thread[#39343,included builds,5,main]) started.
[        ] :integration_test:copyDebugJniLibsProjectAndLocalJars (Thread[#39343,included builds,5,main]) started.
[        ] > Task :integration_test:copyDebugJniLibsProjectAndLocalJars UP-TO-DATE
[        ] Caching disabled for task ':integration_test:copyDebugJniLibsProjectAndLocalJars' because:
[        ]   Build cache is disabled
[        ]   Caching has been disabled for the task
[        ] Skipping task ':integration_test:copyDebugJniLibsProjectAndLocalJars' as it is up-to-date.
[        ] Resolve mutations for :integration_test:extractDebugAnnotations (Thread[#39343,included builds,5,main]) started.
[        ] :integration_test:extractDebugAnnotations (Thread[#39343,included builds,5,main]) started.
[        ] > Task :integration_test:extractDebugAnnotations UP-TO-DATE
[        ] Caching disabled for task ':integration_test:extractDebugAnnotations' because:
[        ]   Build cache is disabled
[        ] Skipping task ':integration_test:extractDebugAnnotations' as it is up-to-date.
[        ] Resolve mutations for :integration_test:extractDeepLinksForAarDebug (Thread[#39343,included builds,5,main]) started.
[        ] :integration_test:extractDeepLinksForAarDebug (Thread[#39343,included builds,5,main]) started.
[        ] > Task :integration_test:extractDeepLinksForAarDebug UP-TO-DATE
[        ] Caching disabled for task ':integration_test:extractDeepLinksForAarDebug' because:
[        ]   Build cache is disabled
[        ] Skipping task ':integration_test:extractDeepLinksForAarDebug' as it is up-to-date.
[        ] Resolve mutations for :integration_test:mergeDebugGeneratedProguardFiles (Thread[#39343,included builds,5,main]) started.
[        ] :integration_test:mergeDebugGeneratedProguardFiles (Thread[#39343,included builds,5,main]) started.
[        ] > Task :integration_test:mergeDebugGeneratedProguardFiles UP-TO-DATE
[        ] Caching disabled for task ':integration_test:mergeDebugGeneratedProguardFiles' because:
[        ]   Build cache is disabled
[        ]   Simple merging task
[        ] Skipping task ':integration_test:mergeDebugGeneratedProguardFiles' as it is up-to-date.
[        ] Resolve mutations for :integration_test:mergeDebugConsumerProguardFiles (Thread[#39343,included builds,5,main]) started.
[        ] :integration_test:mergeDebugConsumerProguardFiles (Thread[#39343,included builds,5,main]) started.
[        ] > Task :integration_test:mergeDebugConsumerProguardFiles UP-TO-DATE
[        ] Caching disabled for task ':integration_test:mergeDebugConsumerProguardFiles' because:
[        ]   Build cache is disabled
[        ]   Simple merging task
[        ] Skipping task ':integration_test:mergeDebugConsumerProguardFiles' as it is up-to-date.
[        ] Resolve mutations for :integration_test:prepareDebugArtProfile (Thread[#39343,included builds,5,main]) started.
[        ] :integration_test:prepareDebugArtProfile (Thread[#39343,included builds,5,main]) started.
[        ] > Task :integration_test:prepareDebugArtProfile UP-TO-DATE
[        ] Caching disabled for task ':integration_test:prepareDebugArtProfile' because:
[        ]   Build cache is disabled
[        ]   Caching has been disabled for the task
[        ] Skipping task ':integration_test:prepareDebugArtProfile' as it is up-to-date.
[        ] Resolve mutations for :integration_test:prepareLintJarForPublish (Thread[#39343,included builds,5,main]) started.
[        ] :integration_test:prepareLintJarForPublish (Thread[#39343,included builds,5,main]) started.
[        ] > Task :integration_test:prepareLintJarForPublish UP-TO-DATE
[        ] Caching disabled for task ':integration_test:prepareLintJarForPublish' because:
[        ]   Build cache is disabled
[        ]   Caching has been disabled for the task
[        ] Skipping task ':integration_test:prepareLintJarForPublish' as it is up-to-date.
[        ] Resolve mutations for :integration_test:mergeDebugJavaResource (Thread[#39343,included builds,5,main]) started.
[        ] :integration_test:mergeDebugJavaResource (Thread[#39343,included builds,5,main]) started.
[        ] > Task :integration_test:mergeDebugJavaResource UP-TO-DATE
[        ] Caching disabled for task ':integration_test:mergeDebugJavaResource' because:
[        ]   Build cache is disabled
[        ]   Caching has been disabled for the task
[        ] Skipping task ':integration_test:mergeDebugJavaResource' as it is up-to-date.
[        ] Resolve mutations for :integration_test:syncDebugLibJars (Thread[#39343,included builds,5,main]) started.
[        ] :integration_test:syncDebugLibJars (Thread[#39343,included builds,5,main]) started.
[        ] > Task :integration_test:syncDebugLibJars UP-TO-DATE
[        ] Caching disabled for task ':integration_test:syncDebugLibJars' because:
[        ]   Build cache is disabled
[        ] Skipping task ':integration_test:syncDebugLibJars' as it is up-to-date.
[        ] Resolve mutations for :integration_test:bundleDebugAar (Thread[#39343,included builds,5,main]) started.
[        ] :integration_test:bundleDebugAar (Thread[#39343,included builds,5,main]) started.
[        ] > Task :integration_test:bundleDebugAar UP-TO-DATE
[        ] Caching disabled for task ':integration_test:bundleDebugAar' because:
[        ]   Build cache is disabled
[        ]   Caching has been disabled for the task
[        ] Skipping task ':integration_test:bundleDebugAar' as it is up-to-date.
[        ] Resolve mutations for :integration_test:assembleDebug (Thread[#39343,included builds,5,main]) started.
[        ] :integration_test:assembleDebug (Thread[#39343,included builds,5,main]) started.
[        ] > Task :integration_test:assembleDebug UP-TO-DATE
[        ] Skipping task ':integration_test:assembleDebug' as it has no actions.
[        ] Resolve mutations for :path_provider_android:stripDebugDebugSymbols (Thread[#39343,included builds,5,main]) started.
[        ] :path_provider_android:stripDebugDebugSymbols (Thread[#39343,included builds,5,main]) started.
[        ] > Task :path_provider_android:stripDebugDebugSymbols NO-SOURCE
[        ] Skipping task ':path_provider_android:stripDebugDebugSymbols' as it has no source files and no previous output files.
[        ] Resolve mutations for :path_provider_android:copyDebugJniLibsProjectAndLocalJars (Thread[#39343,included builds,5,main]) started.
[        ] :path_provider_android:copyDebugJniLibsProjectAndLocalJars (Thread[#39343,included builds,5,main]) started.
[        ] > Task :path_provider_android:copyDebugJniLibsProjectAndLocalJars UP-TO-DATE
[        ] Caching disabled for task ':path_provider_android:copyDebugJniLibsProjectAndLocalJars' because:
[        ]   Build cache is disabled
[        ]   Caching has been disabled for the task
[        ] Skipping task ':path_provider_android:copyDebugJniLibsProjectAndLocalJars' as it is up-to-date.
[        ] Resolve mutations for :path_provider_android:extractDebugAnnotations (Thread[#39343,included builds,5,main]) started.
[        ] :path_provider_android:extractDebugAnnotations (Thread[#39343,included builds,5,main]) started.
[        ] > Task :path_provider_android:extractDebugAnnotations UP-TO-DATE
[        ] Caching disabled for task ':path_provider_android:extractDebugAnnotations' because:
[        ]   Build cache is disabled
[        ] Skipping task ':path_provider_android:extractDebugAnnotations' as it is up-to-date.
[        ] Resolve mutations for :path_provider_android:extractDeepLinksForAarDebug (Thread[#39343,included builds,5,main]) started.
[        ] :path_provider_android:extractDeepLinksForAarDebug (Thread[#39343,included builds,5,main]) started.
[        ] > Task :path_provider_android:extractDeepLinksForAarDebug UP-TO-DATE
[        ] Caching disabled for task ':path_provider_android:extractDeepLinksForAarDebug' because:
[        ]   Build cache is disabled
[        ] Skipping task ':path_provider_android:extractDeepLinksForAarDebug' as it is up-to-date.
[        ] Resolve mutations for :path_provider_android:mergeDebugGeneratedProguardFiles (Thread[#39343,included builds,5,main]) started.
[        ] :path_provider_android:mergeDebugGeneratedProguardFiles (Thread[#39343,included builds,5,main]) started.
[        ] > Task :path_provider_android:mergeDebugGeneratedProguardFiles UP-TO-DATE
[        ] Caching disabled for task ':path_provider_android:mergeDebugGeneratedProguardFiles' because:
[        ]   Build cache is disabled
[        ]   Simple merging task
[        ] Skipping task ':path_provider_android:mergeDebugGeneratedProguardFiles' as it is up-to-date.
[        ] Resolve mutations for :path_provider_android:mergeDebugConsumerProguardFiles (Thread[#39343,included builds,5,main]) started.
[        ] :path_provider_android:mergeDebugConsumerProguardFiles (Thread[#39343,included builds,5,main]) started.
[        ] > Task :path_provider_android:mergeDebugConsumerProguardFiles UP-TO-DATE
[        ] Caching disabled for task ':path_provider_android:mergeDebugConsumerProguardFiles' because:
[        ]   Build cache is disabled
[        ]   Simple merging task
[        ] Skipping task ':path_provider_android:mergeDebugConsumerProguardFiles' as it is up-to-date.
[        ] Resolve mutations for :path_provider_android:prepareDebugArtProfile (Thread[#39343,included builds,5,main]) started.
[        ] :path_provider_android:prepareDebugArtProfile (Thread[#39343,included builds,5,main]) started.
[        ] > Task :path_provider_android:prepareDebugArtProfile UP-TO-DATE
[        ] Caching disabled for task ':path_provider_android:prepareDebugArtProfile' because:
[        ]   Build cache is disabled
[        ]   Caching has been disabled for the task
[        ] Skipping task ':path_provider_android:prepareDebugArtProfile' as it is up-to-date.
[        ] Resolve mutations for :path_provider_android:prepareLintJarForPublish (Thread[#39343,included builds,5,main]) started.
[        ] :path_provider_android:prepareLintJarForPublish (Thread[#39343,included builds,5,main]) started.
[        ] > Task :path_provider_android:prepareLintJarForPublish UP-TO-DATE
[        ] Caching disabled for task ':path_provider_android:prepareLintJarForPublish' because:
[        ]   Build cache is disabled
[        ]   Caching has been disabled for the task
[        ] Skipping task ':path_provider_android:prepareLintJarForPublish' as it is up-to-date.
[        ] Resolve mutations for :path_provider_android:mergeDebugJavaResource (Thread[#39343,included builds,5,main]) started.
[        ] :path_provider_android:mergeDebugJavaResource (Thread[#39343,included builds,5,main]) started.
[        ] > Task :path_provider_android:mergeDebugJavaResource UP-TO-DATE
[        ] Caching disabled for task ':path_provider_android:mergeDebugJavaResource' because:
[        ]   Build cache is disabled
[        ]   Caching has been disabled for the task
[        ] Skipping task ':path_provider_android:mergeDebugJavaResource' as it is up-to-date.
[        ] Resolve mutations for :path_provider_android:syncDebugLibJars (Thread[#39343,included builds,5,main]) started.
[        ] :path_provider_android:syncDebugLibJars (Thread[#39343,included builds,5,main]) started.
[        ] > Task :path_provider_android:syncDebugLibJars UP-TO-DATE
[        ] Caching disabled for task ':path_provider_android:syncDebugLibJars' because:
[        ]   Build cache is disabled
[        ] Skipping task ':path_provider_android:syncDebugLibJars' as it is up-to-date.
[        ] Resolve mutations for :path_provider_android:bundleDebugAar (Thread[#39343,included builds,5,main]) started.
[        ] :path_provider_android:bundleDebugAar (Thread[#39343,included builds,5,main]) started.
[        ] > Task :path_provider_android:bundleDebugAar UP-TO-DATE
[        ] Caching disabled for task ':path_provider_android:bundleDebugAar' because:
[        ]   Build cache is disabled
[        ]   Caching has been disabled for the task
[        ] Skipping task ':path_provider_android:bundleDebugAar' as it is up-to-date.
[        ] Resolve mutations for :path_provider_android:assembleDebug (Thread[#39343,included builds,5,main]) started.
[        ] :path_provider_android:assembleDebug (Thread[#39343,included builds,5,main]) started.
[        ] > Task :path_provider_android:assembleDebug UP-TO-DATE
[        ] Skipping task ':path_provider_android:assembleDebug' as it has no actions.
[        ] Resolve mutations for :quill_native_bridge_android:stripDebugDebugSymbols (Thread[#39343,included builds,5,main]) started.
[        ] :quill_native_bridge_android:stripDebugDebugSymbols (Thread[#39343,included builds,5,main]) started.
[        ] > Task :quill_native_bridge_android:stripDebugDebugSymbols NO-SOURCE
[        ] Skipping task ':quill_native_bridge_android:stripDebugDebugSymbols' as it has no source files and no previous output files.
[        ] Resolve mutations for :quill_native_bridge_android:copyDebugJniLibsProjectAndLocalJars (Thread[#39343,included builds,5,main]) started.
[        ] :quill_native_bridge_android:copyDebugJniLibsProjectAndLocalJars (Thread[#39343,included builds,5,main]) started.
[        ] > Task :quill_native_bridge_android:copyDebugJniLibsProjectAndLocalJars UP-TO-DATE
[        ] Caching disabled for task ':quill_native_bridge_android:copyDebugJniLibsProjectAndLocalJars' because:
[        ]   Build cache is disabled
[        ]   Caching has been disabled for the task
[        ] Skipping task ':quill_native_bridge_android:copyDebugJniLibsProjectAndLocalJars' as it is up-to-date.
[        ] Resolve mutations for :quill_native_bridge_android:extractDebugAnnotations (Thread[#39343,included builds,5,main]) started.
[        ] :quill_native_bridge_android:extractDebugAnnotations (Thread[#39343,included builds,5,main]) started.
[        ] > Task :quill_native_bridge_android:extractDebugAnnotations UP-TO-DATE
[        ] Caching disabled for task ':quill_native_bridge_android:extractDebugAnnotations' because:
[        ]   Build cache is disabled
[        ] Skipping task ':quill_native_bridge_android:extractDebugAnnotations' as it is up-to-date.
[        ] Resolve mutations for :quill_native_bridge_android:extractDeepLinksForAarDebug (Thread[#39343,included builds,5,main]) started.
[        ] :quill_native_bridge_android:extractDeepLinksForAarDebug (Thread[#39343,included builds,5,main]) started.
[        ] > Task :quill_native_bridge_android:extractDeepLinksForAarDebug UP-TO-DATE
[        ] Caching disabled for task ':quill_native_bridge_android:extractDeepLinksForAarDebug' because:
[        ]   Build cache is disabled
[        ] Skipping task ':quill_native_bridge_android:extractDeepLinksForAarDebug' as it is up-to-date.
[        ] Resolve mutations for :quill_native_bridge_android:mergeDebugGeneratedProguardFiles (Thread[#39343,included builds,5,main]) started.
[        ] :quill_native_bridge_android:mergeDebugGeneratedProguardFiles (Thread[#39343,included builds,5,main]) started.
[        ] > Task :quill_native_bridge_android:mergeDebugGeneratedProguardFiles UP-TO-DATE
[        ] Caching disabled for task ':quill_native_bridge_android:mergeDebugGeneratedProguardFiles' because:
[        ]   Build cache is disabled
[        ]   Simple merging task
[        ] Skipping task ':quill_native_bridge_android:mergeDebugGeneratedProguardFiles' as it is up-to-date.
[        ] Resolve mutations for :quill_native_bridge_android:mergeDebugConsumerProguardFiles (Thread[#39343,included builds,5,main]) started.
[        ] :quill_native_bridge_android:mergeDebugConsumerProguardFiles (Thread[#39343,included builds,5,main]) started.
[        ] > Task :quill_native_bridge_android:mergeDebugConsumerProguardFiles UP-TO-DATE
[        ] Caching disabled for task ':quill_native_bridge_android:mergeDebugConsumerProguardFiles' because:
[        ]   Build cache is disabled
[        ]   Simple merging task
[        ] Skipping task ':quill_native_bridge_android:mergeDebugConsumerProguardFiles' as it is up-to-date.
[        ] Resolve mutations for :quill_native_bridge_android:prepareDebugArtProfile (Thread[#39343,included builds,5,main]) started.
[        ] :quill_native_bridge_android:prepareDebugArtProfile (Thread[#39343,included builds,5,main]) started.
[        ] > Task :quill_native_bridge_android:prepareDebugArtProfile UP-TO-DATE
[        ] Caching disabled for task ':quill_native_bridge_android:prepareDebugArtProfile' because:
[        ]   Build cache is disabled
[        ]   Caching has been disabled for the task
[        ] Skipping task ':quill_native_bridge_android:prepareDebugArtProfile' as it is up-to-date.
[        ] Resolve mutations for :quill_native_bridge_android:prepareLintJarForPublish (Thread[#39343,included builds,5,main]) started.
[        ] :quill_native_bridge_android:prepareLintJarForPublish (Thread[#39343,included builds,5,main]) started.
[        ] > Task :quill_native_bridge_android:prepareLintJarForPublish UP-TO-DATE
[        ] Caching disabled for task ':quill_native_bridge_android:prepareLintJarForPublish' because:
[        ]   Build cache is disabled
[        ]   Caching has been disabled for the task
[        ] Skipping task ':quill_native_bridge_android:prepareLintJarForPublish' as it is up-to-date.
[        ] Resolve mutations for :quill_native_bridge_android:mergeDebugJavaResource (Thread[#39343,included builds,5,main]) started.
[        ] :quill_native_bridge_android:mergeDebugJavaResource (Thread[#39343,included builds,5,main]) started.
[        ] > Task :quill_native_bridge_android:mergeDebugJavaResource UP-TO-DATE
[        ] Caching disabled for task ':quill_native_bridge_android:mergeDebugJavaResource' because:
[        ]   Build cache is disabled
[        ]   Caching has been disabled for the task
[        ] Skipping task ':quill_native_bridge_android:mergeDebugJavaResource' as it is up-to-date.
[        ] Resolve mutations for :quill_native_bridge_android:syncDebugLibJars (Thread[#39343,included builds,5,main]) started.
[        ] :quill_native_bridge_android:syncDebugLibJars (Thread[#39343,included builds,5,main]) started.
[        ] > Task :quill_native_bridge_android:syncDebugLibJars UP-TO-DATE
[        ] Caching disabled for task ':quill_native_bridge_android:syncDebugLibJars' because:
[        ]   Build cache is disabled
[        ] Skipping task ':quill_native_bridge_android:syncDebugLibJars' as it is up-to-date.
[        ] Resolve mutations for :quill_native_bridge_android:bundleDebugAar (Thread[#39343,included builds,5,main]) started.
[        ] :quill_native_bridge_android:bundleDebugAar (Thread[#39343,included builds,5,main]) started.
[        ] > Task :quill_native_bridge_android:bundleDebugAar UP-TO-DATE
[        ] Caching disabled for task ':quill_native_bridge_android:bundleDebugAar' because:
[        ]   Build cache is disabled
[        ]   Caching has been disabled for the task
[        ] Skipping task ':quill_native_bridge_android:bundleDebugAar' as it is up-to-date.
[        ] Resolve mutations for :quill_native_bridge_android:assembleDebug (Thread[#39343,included builds,5,main]) started.
[        ] :quill_native_bridge_android:assembleDebug (Thread[#39343,included builds,5,main]) started.
[        ] > Task :quill_native_bridge_android:assembleDebug UP-TO-DATE
[        ] Skipping task ':quill_native_bridge_android:assembleDebug' as it has no actions.
[        ] Resolve mutations for :shared_preferences_android:stripDebugDebugSymbols (Thread[#39343,included builds,5,main]) started.
[        ] :shared_preferences_android:stripDebugDebugSymbols (Thread[#39343,included builds,5,main]) started.
[        ] > Task :shared_preferences_android:stripDebugDebugSymbols NO-SOURCE
[        ] Skipping task ':shared_preferences_android:stripDebugDebugSymbols' as it has no source files and no previous output files.
[        ] Resolve mutations for :shared_preferences_android:copyDebugJniLibsProjectAndLocalJars (Thread[#39343,included builds,5,main]) started.
[        ] :shared_preferences_android:copyDebugJniLibsProjectAndLocalJars (Thread[#39343,included builds,5,main]) started.
[        ] > Task :shared_preferences_android:copyDebugJniLibsProjectAndLocalJars UP-TO-DATE
[        ] Caching disabled for task ':shared_preferences_android:copyDebugJniLibsProjectAndLocalJars' because:
[        ]   Build cache is disabled
[        ]   Caching has been disabled for the task
[        ] Skipping task ':shared_preferences_android:copyDebugJniLibsProjectAndLocalJars' as it is up-to-date.
[        ] Resolve mutations for :shared_preferences_android:extractDebugAnnotations (Thread[#39343,included builds,5,main]) started.
[        ] :shared_preferences_android:extractDebugAnnotations (Thread[#39343,included builds,5,main]) started.
[        ] > Task :shared_preferences_android:extractDebugAnnotations UP-TO-DATE
[        ] Caching disabled for task ':shared_preferences_android:extractDebugAnnotations' because:
[        ]   Build cache is disabled
[        ] Skipping task ':shared_preferences_android:extractDebugAnnotations' as it is up-to-date.
[        ] Resolve mutations for :shared_preferences_android:extractDeepLinksForAarDebug (Thread[#39343,included builds,5,main]) started.
[        ] :shared_preferences_android:extractDeepLinksForAarDebug (Thread[#39343,included builds,5,main]) started.
[        ] > Task :shared_preferences_android:extractDeepLinksForAarDebug UP-TO-DATE
[        ] Caching disabled for task ':shared_preferences_android:extractDeepLinksForAarDebug' because:
[        ]   Build cache is disabled
[        ] Skipping task ':shared_preferences_android:extractDeepLinksForAarDebug' as it is up-to-date.
[        ] Resolve mutations for :shared_preferences_android:mergeDebugGeneratedProguardFiles (Thread[#39343,included builds,5,main]) started.
[        ] :shared_preferences_android:mergeDebugGeneratedProguardFiles (Thread[#39343,included builds,5,main]) started.
[        ] > Task :shared_preferences_android:mergeDebugGeneratedProguardFiles UP-TO-DATE
[        ] Caching disabled for task ':shared_preferences_android:mergeDebugGeneratedProguardFiles' because:
[        ]   Build cache is disabled
[        ]   Simple merging task
[        ] Skipping task ':shared_preferences_android:mergeDebugGeneratedProguardFiles' as it is up-to-date.
[        ] Resolve mutations for :shared_preferences_android:mergeDebugConsumerProguardFiles (Thread[#39343,included builds,5,main]) started.
[        ] :shared_preferences_android:mergeDebugConsumerProguardFiles (Thread[#39343,included builds,5,main]) started.
[        ] > Task :shared_preferences_android:mergeDebugConsumerProguardFiles UP-TO-DATE
[        ] Caching disabled for task ':shared_preferences_android:mergeDebugConsumerProguardFiles' because:
[        ]   Build cache is disabled
[        ]   Simple merging task
[        ] Skipping task ':shared_preferences_android:mergeDebugConsumerProguardFiles' as it is up-to-date.
[        ] Resolve mutations for :shared_preferences_android:prepareDebugArtProfile (Thread[#39343,included builds,5,main]) started.
[        ] :shared_preferences_android:prepareDebugArtProfile (Thread[#39343,included builds,5,main]) started.
[        ] > Task :shared_preferences_android:prepareDebugArtProfile UP-TO-DATE
[        ] Caching disabled for task ':shared_preferences_android:prepareDebugArtProfile' because:
[        ]   Build cache is disabled
[        ]   Caching has been disabled for the task
[        ] Skipping task ':shared_preferences_android:prepareDebugArtProfile' as it is up-to-date.
[        ] Resolve mutations for :shared_preferences_android:prepareLintJarForPublish (Thread[#39343,included builds,5,main]) started.
[        ] :shared_preferences_android:prepareLintJarForPublish (Thread[#39343,included builds,5,main]) started.
[        ] > Task :shared_preferences_android:prepareLintJarForPublish UP-TO-DATE
[        ] Caching disabled for task ':shared_preferences_android:prepareLintJarForPublish' because:
[        ]   Build cache is disabled
[        ]   Caching has been disabled for the task
[        ] Skipping task ':shared_preferences_android:prepareLintJarForPublish' as it is up-to-date.
[        ] Resolve mutations for :shared_preferences_android:mergeDebugJavaResource (Thread[#39343,included builds,5,main]) started.
[        ] :shared_preferences_android:mergeDebugJavaResource (Thread[#39343,included builds,5,main]) started.
[        ] > Task :shared_preferences_android:mergeDebugJavaResource UP-TO-DATE
[        ] Caching disabled for task ':shared_preferences_android:mergeDebugJavaResource' because:
[        ]   Build cache is disabled
[        ]   Caching has been disabled for the task
[        ] Skipping task ':shared_preferences_android:mergeDebugJavaResource' as it is up-to-date.
[        ] Resolve mutations for :shared_preferences_android:syncDebugLibJars (Thread[#39343,included builds,5,main]) started.
[        ] :shared_preferences_android:syncDebugLibJars (Thread[#39343,included builds,5,main]) started.
[        ] > Task :shared_preferences_android:syncDebugLibJars UP-TO-DATE
[        ] Caching disabled for task ':shared_preferences_android:syncDebugLibJars' because:
[        ]   Build cache is disabled
[        ] Skipping task ':shared_preferences_android:syncDebugLibJars' as it is up-to-date.
[        ] Resolve mutations for :shared_preferences_android:bundleDebugAar (Thread[#39343,included builds,5,main]) started.
[        ] :shared_preferences_android:bundleDebugAar (Thread[#39343,included builds,5,main]) started.
[        ] > Task :shared_preferences_android:bundleDebugAar UP-TO-DATE
[        ] Caching disabled for task ':shared_preferences_android:bundleDebugAar' because:
[        ]   Build cache is disabled
[        ]   Caching has been disabled for the task
[        ] Skipping task ':shared_preferences_android:bundleDebugAar' as it is up-to-date.
[        ] Resolve mutations for :shared_preferences_android:assembleDebug (Thread[#39343,included builds,5,main]) started.
[        ] :shared_preferences_android:assembleDebug (Thread[#39343,included builds,5,main]) started.
[        ] > Task :shared_preferences_android:assembleDebug UP-TO-DATE
[        ] Skipping task ':shared_preferences_android:assembleDebug' as it has no actions.
[        ] Resolve mutations for :sqflite_android:stripDebugDebugSymbols (Thread[#39343,included builds,5,main]) started.
[        ] :sqflite_android:stripDebugDebugSymbols (Thread[#39343,included builds,5,main]) started.
[        ] > Task :sqflite_android:stripDebugDebugSymbols NO-SOURCE
[        ] Skipping task ':sqflite_android:stripDebugDebugSymbols' as it has no source files and no previous output files.
[        ] Resolve mutations for :sqflite_android:copyDebugJniLibsProjectAndLocalJars (Thread[#39343,included builds,5,main]) started.
[        ] :sqflite_android:copyDebugJniLibsProjectAndLocalJars (Thread[#39343,included builds,5,main]) started.
[        ] > Task :sqflite_android:copyDebugJniLibsProjectAndLocalJars UP-TO-DATE
[        ] Caching disabled for task ':sqflite_android:copyDebugJniLibsProjectAndLocalJars' because:
[        ]   Build cache is disabled
[        ]   Caching has been disabled for the task
[        ] Skipping task ':sqflite_android:copyDebugJniLibsProjectAndLocalJars' as it is up-to-date.
[        ] Resolve mutations for :sqflite_android:extractDebugAnnotations (Thread[#39343,included builds,5,main]) started.
[        ] :sqflite_android:extractDebugAnnotations (Thread[#39343,included builds,5,main]) started.
[        ] > Task :sqflite_android:extractDebugAnnotations UP-TO-DATE
[        ] Caching disabled for task ':sqflite_android:extractDebugAnnotations' because:
[        ]   Build cache is disabled
[        ] Skipping task ':sqflite_android:extractDebugAnnotations' as it is up-to-date.
[        ] Resolve mutations for :sqflite_android:extractDeepLinksForAarDebug (Thread[#39343,included builds,5,main]) started.
[        ] :sqflite_android:extractDeepLinksForAarDebug (Thread[#39343,included builds,5,main]) started.
[        ] > Task :sqflite_android:extractDeepLinksForAarDebug UP-TO-DATE
[        ] Caching disabled for task ':sqflite_android:extractDeepLinksForAarDebug' because:
[        ]   Build cache is disabled
[        ] Skipping task ':sqflite_android:extractDeepLinksForAarDebug' as it is up-to-date.
[        ] Resolve mutations for :sqflite_android:mergeDebugGeneratedProguardFiles (Thread[#39343,included builds,5,main]) started.
[        ] :sqflite_android:mergeDebugGeneratedProguardFiles (Thread[#39343,included builds,5,main]) started.
[        ] > Task :sqflite_android:mergeDebugGeneratedProguardFiles UP-TO-DATE
[        ] Caching disabled for task ':sqflite_android:mergeDebugGeneratedProguardFiles' because:
[        ]   Build cache is disabled
[        ]   Simple merging task
[        ] Skipping task ':sqflite_android:mergeDebugGeneratedProguardFiles' as it is up-to-date.
[        ] Resolve mutations for :sqflite_android:mergeDebugConsumerProguardFiles (Thread[#39343,included builds,5,main]) started.
[        ] :sqflite_android:mergeDebugConsumerProguardFiles (Thread[#39343,included builds,5,main]) started.
[        ] > Task :sqflite_android:mergeDebugConsumerProguardFiles UP-TO-DATE
[        ] Caching disabled for task ':sqflite_android:mergeDebugConsumerProguardFiles' because:
[        ]   Build cache is disabled
[        ]   Simple merging task
[        ] Skipping task ':sqflite_android:mergeDebugConsumerProguardFiles' as it is up-to-date.
[        ] Resolve mutations for :sqflite_android:prepareDebugArtProfile (Thread[#39343,included builds,5,main]) started.
[        ] :sqflite_android:prepareDebugArtProfile (Thread[#39343,included builds,5,main]) started.
[        ] > Task :sqflite_android:prepareDebugArtProfile UP-TO-DATE
[        ] Caching disabled for task ':sqflite_android:prepareDebugArtProfile' because:
[        ]   Build cache is disabled
[        ]   Caching has been disabled for the task
[        ] Skipping task ':sqflite_android:prepareDebugArtProfile' as it is up-to-date.
[        ] Resolve mutations for :sqflite_android:prepareLintJarForPublish (Thread[#39343,included builds,5,main]) started.
[        ] :sqflite_android:prepareLintJarForPublish (Thread[#39343,included builds,5,main]) started.
[        ] > Task :sqflite_android:prepareLintJarForPublish UP-TO-DATE
[        ] Caching disabled for task ':sqflite_android:prepareLintJarForPublish' because:
[        ]   Build cache is disabled
[        ]   Caching has been disabled for the task
[        ] Skipping task ':sqflite_android:prepareLintJarForPublish' as it is up-to-date.
[        ] Resolve mutations for :sqflite_android:mergeDebugJavaResource (Thread[#39343,included builds,5,main]) started.
[        ] :sqflite_android:mergeDebugJavaResource (Thread[#39343,included builds,5,main]) started.
[        ] > Task :sqflite_android:mergeDebugJavaResource UP-TO-DATE
[        ] Caching disabled for task ':sqflite_android:mergeDebugJavaResource' because:
[        ]   Build cache is disabled
[        ]   Caching has been disabled for the task
[        ] Skipping task ':sqflite_android:mergeDebugJavaResource' as it is up-to-date.
[        ] Resolve mutations for :sqflite_android:syncDebugLibJars (Thread[#39343,included builds,5,main]) started.
[        ] :sqflite_android:syncDebugLibJars (Thread[#39343,included builds,5,main]) started.
[        ] > Task :sqflite_android:syncDebugLibJars UP-TO-DATE
[        ] Caching disabled for task ':sqflite_android:syncDebugLibJars' because:
[        ]   Build cache is disabled
[        ] Skipping task ':sqflite_android:syncDebugLibJars' as it is up-to-date.
[        ] Resolve mutations for :sqflite_android:bundleDebugAar (Thread[#39343,included builds,5,main]) started.
[        ] :sqflite_android:bundleDebugAar (Thread[#39343,included builds,5,main]) started.
[        ] > Task :sqflite_android:bundleDebugAar UP-TO-DATE
[        ] Caching disabled for task ':sqflite_android:bundleDebugAar' because:
[        ]   Build cache is disabled
[        ]   Caching has been disabled for the task
[        ] Skipping task ':sqflite_android:bundleDebugAar' as it is up-to-date.
[        ] Resolve mutations for :sqflite_android:assembleDebug (Thread[#39343,included builds,5,main]) started.
[        ] :sqflite_android:assembleDebug (Thread[#39343,included builds,5,main]) started.
[        ] > Task :sqflite_android:assembleDebug UP-TO-DATE
[        ] Skipping task ':sqflite_android:assembleDebug' as it has no actions.
[        ] Resolve mutations for :url_launcher_android:stripDebugDebugSymbols (Thread[#39343,included builds,5,main]) started.
[        ] :url_launcher_android:stripDebugDebugSymbols (Thread[#39343,included builds,5,main]) started.
[        ] > Task :url_launcher_android:stripDebugDebugSymbols NO-SOURCE
[        ] Skipping task ':url_launcher_android:stripDebugDebugSymbols' as it has no source files and no previous output files.
[        ] Resolve mutations for :url_launcher_android:copyDebugJniLibsProjectAndLocalJars (Thread[#39343,included builds,5,main]) started.
[        ] :url_launcher_android:copyDebugJniLibsProjectAndLocalJars (Thread[#39343,included builds,5,main]) started.
[        ] > Task :url_launcher_android:copyDebugJniLibsProjectAndLocalJars UP-TO-DATE
[        ] Caching disabled for task ':url_launcher_android:copyDebugJniLibsProjectAndLocalJars' because:
[        ]   Build cache is disabled
[        ]   Caching has been disabled for the task
[        ] Skipping task ':url_launcher_android:copyDebugJniLibsProjectAndLocalJars' as it is up-to-date.
[        ] Resolve mutations for :url_launcher_android:extractDebugAnnotations (Thread[#39343,included builds,5,main]) started.
[        ] :url_launcher_android:extractDebugAnnotations (Thread[#39343,included builds,5,main]) started.
[        ] > Task :url_launcher_android:extractDebugAnnotations UP-TO-DATE
[        ] Caching disabled for task ':url_launcher_android:extractDebugAnnotations' because:
[        ]   Build cache is disabled
[        ] Skipping task ':url_launcher_android:extractDebugAnnotations' as it is up-to-date.
[        ] Resolve mutations for :url_launcher_android:extractDeepLinksForAarDebug (Thread[#39343,included builds,5,main]) started.
[        ] :url_launcher_android:extractDeepLinksForAarDebug (Thread[#39343,included builds,5,main]) started.
[        ] > Task :url_launcher_android:extractDeepLinksForAarDebug UP-TO-DATE
[        ] Caching disabled for task ':url_launcher_android:extractDeepLinksForAarDebug' because:
[        ]   Build cache is disabled
[        ] Skipping task ':url_launcher_android:extractDeepLinksForAarDebug' as it is up-to-date.
[        ] Resolve mutations for :url_launcher_android:mergeDebugGeneratedProguardFiles (Thread[#39343,included builds,5,main]) started.
[        ] :url_launcher_android:mergeDebugGeneratedProguardFiles (Thread[#39343,included builds,5,main]) started.
[        ] > Task :url_launcher_android:mergeDebugGeneratedProguardFiles UP-TO-DATE
[        ] Caching disabled for task ':url_launcher_android:mergeDebugGeneratedProguardFiles' because:
[        ]   Build cache is disabled
[        ]   Simple merging task
[        ] Skipping task ':url_launcher_android:mergeDebugGeneratedProguardFiles' as it is up-to-date.
[        ] Resolve mutations for :url_launcher_android:mergeDebugConsumerProguardFiles (Thread[#39343,included builds,5,main]) started.
[        ] :url_launcher_android:mergeDebugConsumerProguardFiles (Thread[#39343,included builds,5,main]) started.
[        ] > Task :url_launcher_android:mergeDebugConsumerProguardFiles UP-TO-DATE
[        ] Caching disabled for task ':url_launcher_android:mergeDebugConsumerProguardFiles' because:
[        ]   Build cache is disabled
[        ]   Simple merging task
[        ] Skipping task ':url_launcher_android:mergeDebugConsumerProguardFiles' as it is up-to-date.
[        ] Resolve mutations for :url_launcher_android:prepareDebugArtProfile (Thread[#39343,included builds,5,main]) started.
[        ] :url_launcher_android:prepareDebugArtProfile (Thread[#39343,included builds,5,main]) started.
[        ] > Task :url_launcher_android:prepareDebugArtProfile UP-TO-DATE
[        ] Caching disabled for task ':url_launcher_android:prepareDebugArtProfile' because:
[        ]   Build cache is disabled
[        ]   Caching has been disabled for the task
[        ] Skipping task ':url_launcher_android:prepareDebugArtProfile' as it is up-to-date.
[        ] Resolve mutations for :url_launcher_android:prepareLintJarForPublish (Thread[#39343,included builds,5,main]) started.
[        ] :url_launcher_android:prepareLintJarForPublish (Thread[#39343,included builds,5,main]) started.
[        ] > Task :url_launcher_android:prepareLintJarForPublish UP-TO-DATE
[        ] Caching disabled for task ':url_launcher_android:prepareLintJarForPublish' because:
[        ]   Build cache is disabled
[        ]   Caching has been disabled for the task
[        ] Skipping task ':url_launcher_android:prepareLintJarForPublish' as it is up-to-date.
[        ] Resolve mutations for :url_launcher_android:mergeDebugJavaResource (Thread[#39343,included builds,5,main]) started.
[        ] :url_launcher_android:mergeDebugJavaResource (Thread[#39343,included builds,5,main]) started.
[        ] > Task :url_launcher_android:mergeDebugJavaResource UP-TO-DATE
[        ] Caching disabled for task ':url_launcher_android:mergeDebugJavaResource' because:
[        ]   Build cache is disabled
[        ]   Caching has been disabled for the task
[        ] Skipping task ':url_launcher_android:mergeDebugJavaResource' as it is up-to-date.
[        ] Resolve mutations for :url_launcher_android:syncDebugLibJars (Thread[#39343,included builds,5,main]) started.
[        ] :url_launcher_android:syncDebugLibJars (Thread[#39343,included builds,5,main]) started.
[        ] > Task :url_launcher_android:syncDebugLibJars UP-TO-DATE
[        ] Caching disabled for task ':url_launcher_android:syncDebugLibJars' because:
[        ]   Build cache is disabled
[        ] Skipping task ':url_launcher_android:syncDebugLibJars' as it is up-to-date.
[        ] Resolve mutations for :url_launcher_android:bundleDebugAar (Thread[#39370,Execution worker Thread 26,5,main]) started.
[        ] :url_launcher_android:bundleDebugAar (Thread[#39370,Execution worker Thread 26,5,main]) started.
[        ] > Task :url_launcher_android:bundleDebugAar UP-TO-DATE
[        ] Caching disabled for task ':url_launcher_android:bundleDebugAar' because:
[        ]   Build cache is disabled
[        ]   Caching has been disabled for the task
[        ] Skipping task ':url_launcher_android:bundleDebugAar' as it is up-to-date.
[        ] Resolve mutations for :url_launcher_android:assembleDebug (Thread[#39370,Execution worker Thread 26,5,main]) started.
[        ] :url_launcher_android:assembleDebug (Thread[#39370,Execution worker Thread 26,5,main]) started.
[        ] > Task :url_launcher_android:assembleDebug UP-TO-DATE
[        ] Skipping task ':url_launcher_android:assembleDebug' as it has no actions.
[        ] Resolve mutations for :video_player_android:stripDebugDebugSymbols (Thread[#39370,Execution worker Thread 26,5,main]) started.
[        ] :video_player_android:stripDebugDebugSymbols (Thread[#39370,Execution worker Thread 26,5,main]) started.
[        ] > Task :video_player_android:stripDebugDebugSymbols NO-SOURCE
[        ] Skipping task ':video_player_android:stripDebugDebugSymbols' as it has no source files and no previous output files.
[        ] Resolve mutations for :video_player_android:copyDebugJniLibsProjectAndLocalJars (Thread[#39370,Execution worker Thread 26,5,main]) started.
[        ] :video_player_android:copyDebugJniLibsProjectAndLocalJars (Thread[#39370,Execution worker Thread 26,5,main]) started.
[        ] > Task :video_player_android:copyDebugJniLibsProjectAndLocalJars UP-TO-DATE
[        ] Caching disabled for task ':video_player_android:copyDebugJniLibsProjectAndLocalJars' because:
[        ]   Build cache is disabled
[        ]   Caching has been disabled for the task
[        ] Skipping task ':video_player_android:copyDebugJniLibsProjectAndLocalJars' as it is up-to-date.
[        ] Resolve mutations for :video_player_android:extractDebugAnnotations (Thread[#39370,Execution worker Thread 26,5,main]) started.
[        ] :video_player_android:extractDebugAnnotations (Thread[#39370,Execution worker Thread 26,5,main]) started.
[        ] > Task :video_player_android:extractDebugAnnotations UP-TO-DATE
[        ] Caching disabled for task ':video_player_android:extractDebugAnnotations' because:
[        ]   Build cache is disabled
[        ] Skipping task ':video_player_android:extractDebugAnnotations' as it is up-to-date.
[        ] Resolve mutations for :video_player_android:extractDeepLinksForAarDebug (Thread[#39370,Execution worker Thread 26,5,main]) started.
[        ] :video_player_android:extractDeepLinksForAarDebug (Thread[#39370,Execution worker Thread 26,5,main]) started.
[        ] > Task :video_player_android:extractDeepLinksForAarDebug UP-TO-DATE
[        ] Caching disabled for task ':video_player_android:extractDeepLinksForAarDebug' because:
[        ]   Build cache is disabled
[        ] Skipping task ':video_player_android:extractDeepLinksForAarDebug' as it is up-to-date.
[        ] Resolve mutations for :video_player_android:mergeDebugGeneratedProguardFiles (Thread[#39370,Execution worker Thread 26,5,main]) started.
[        ] :video_player_android:mergeDebugGeneratedProguardFiles (Thread[#39370,Execution worker Thread 26,5,main]) started.
[        ] > Task :video_player_android:mergeDebugGeneratedProguardFiles UP-TO-DATE
[        ] Caching disabled for task ':video_player_android:mergeDebugGeneratedProguardFiles' because:
[        ]   Build cache is disabled
[        ]   Simple merging task
[        ] Skipping task ':video_player_android:mergeDebugGeneratedProguardFiles' as it is up-to-date.
[        ] Resolve mutations for :video_player_android:mergeDebugConsumerProguardFiles (Thread[#39370,Execution worker Thread 26,5,main]) started.
[        ] :video_player_android:mergeDebugConsumerProguardFiles (Thread[#39370,Execution worker Thread 26,5,main]) started.
[        ] > Task :video_player_android:mergeDebugConsumerProguardFiles UP-TO-DATE
[        ] Caching disabled for task ':video_player_android:mergeDebugConsumerProguardFiles' because:
[        ]   Build cache is disabled
[        ]   Simple merging task
[        ] Skipping task ':video_player_android:mergeDebugConsumerProguardFiles' as it is up-to-date.
[        ] Resolve mutations for :video_player_android:prepareDebugArtProfile (Thread[#39370,Execution worker Thread 26,5,main]) started.
[        ] :video_player_android:prepareDebugArtProfile (Thread[#39370,Execution worker Thread 26,5,main]) started.
[        ] > Task :video_player_android:prepareDebugArtProfile UP-TO-DATE
[        ] Caching disabled for task ':video_player_android:prepareDebugArtProfile' because:
[        ]   Build cache is disabled
[        ]   Caching has been disabled for the task
[        ] Skipping task ':video_player_android:prepareDebugArtProfile' as it is up-to-date.
[        ] Resolve mutations for :video_player_android:prepareLintJarForPublish (Thread[#39370,Execution worker Thread 26,5,main]) started.
[        ] :video_player_android:prepareLintJarForPublish (Thread[#39370,Execution worker Thread 26,5,main]) started.
[        ] > Task :video_player_android:prepareLintJarForPublish UP-TO-DATE
[        ] Caching disabled for task ':video_player_android:prepareLintJarForPublish' because:
[        ]   Build cache is disabled
[        ]   Caching has been disabled for the task
[        ] Skipping task ':video_player_android:prepareLintJarForPublish' as it is up-to-date.
[        ] Resolve mutations for :video_player_android:mergeDebugJavaResource (Thread[#39370,Execution worker Thread 26,5,main]) started.
[        ] :video_player_android:mergeDebugJavaResource (Thread[#39370,Execution worker Thread 26,5,main]) started.
[        ] > Task :video_player_android:mergeDebugJavaResource UP-TO-DATE
[        ] Caching disabled for task ':video_player_android:mergeDebugJavaResource' because:
[        ]   Build cache is disabled
[        ]   Caching has been disabled for the task
[        ] Skipping task ':video_player_android:mergeDebugJavaResource' as it is up-to-date.
[        ] Resolve mutations for :video_player_android:syncDebugLibJars (Thread[#39370,Execution worker Thread 26,5,main]) started.
[        ] :video_player_android:syncDebugLibJars (Thread[#39370,Execution worker Thread 26,5,main]) started.
[        ] > Task :video_player_android:syncDebugLibJars UP-TO-DATE
[        ] Caching disabled for task ':video_player_android:syncDebugLibJars' because:
[        ]   Build cache is disabled
[        ] Skipping task ':video_player_android:syncDebugLibJars' as it is up-to-date.
[        ] Resolve mutations for :video_player_android:bundleDebugAar (Thread[#39370,Execution worker Thread 26,5,main]) started.
[        ] :video_player_android:bundleDebugAar (Thread[#39370,Execution worker Thread 26,5,main]) started.
[        ] > Task :video_player_android:bundleDebugAar UP-TO-DATE
[        ] Caching disabled for task ':video_player_android:bundleDebugAar' because:
[        ]   Build cache is disabled
[        ]   Caching has been disabled for the task
[        ] Skipping task ':video_player_android:bundleDebugAar' as it is up-to-date.
[        ] Resolve mutations for :video_player_android:assembleDebug (Thread[#39370,Execution worker Thread 26,5,main]) started.
[        ] :video_player_android:assembleDebug (Thread[#39370,Execution worker Thread 26,5,main]) started.
[        ] > Task :video_player_android:assembleDebug UP-TO-DATE
[        ] Skipping task ':video_player_android:assembleDebug' as it has no actions.
[ +288 ms] > Task :app:compressDebugAssets
[        ] Caching disabled for task ':app:compressDebugAssets' because:
[        ]   Build cache is disabled
[        ] Task ':app:compressDebugAssets' is not up-to-date because:
[        ]   Input property 'inputDirs' file /Users/florian/Code/substitution/build/app/intermediates/assets/debug/mergeDebugAssets/flutter_assets/kernel_blob.bin has changed.
[        ] Resolve mutations for :app:packageDebug (Thread[#39356,Execution worker Thread 12,5,main]) started.
[        ] :app:packageDebug (Thread[#39356,Execution worker Thread 12,5,main]) started.
[ +300 ms] > Task :app:packageDebug
[        ] Custom actions are attached to task ':app:packageDebug'.
[        ] Caching disabled for task ':app:packageDebug' because:
[        ]   Build cache is disabled
[        ]   Caching has been disabled for the task
[        ] Task ':app:packageDebug' is not up-to-date because:
[        ]   Input property 'assets' file /Users/florian/Code/substitution/build/app/intermediates/compressed_assets/debug/compressDebugAssets/out/assets/flutter_assets/kernel_blob.bin.jar has changed.
[        ] Resolve mutations for :app:createDebugApkListingFileRedirect (Thread[#39356,Execution worker Thread 12,5,main]) started.
[        ] :app:createDebugApkListingFileRedirect (Thread[#39356,Execution worker Thread 12,5,main]) started.
[        ] > Task :app:createDebugApkListingFileRedirect UP-TO-DATE
[        ] Caching disabled for task ':app:createDebugApkListingFileRedirect' because:
[        ]   Build cache is disabled
[        ]   Caching has been disabled for the task
[        ] Skipping task ':app:createDebugApkListingFileRedirect' as it is up-to-date.
[        ] Resolve mutations for :app:assembleDebug (Thread[#39356,Execution worker Thread 12,5,main]) started.
[        ] :app:assembleDebug (Thread[#39356,Execution worker Thread 12,5,main]) started.
[  +38 ms] > Task :app:assembleDebug
[        ] Caching disabled for task ':app:assembleDebug' because:
[        ]   Build cache is disabled
[        ] Task ':app:assembleDebug' is not up-to-date because:
[        ]   Task has not declared any outputs despite executing actions.
[        ] [Incubating] Problems report is available at: file:///Users/florian/Code/substitution/build/reports/problems/problems-report.html
[        ] Deprecated Gradle features were used in this build, making it incompatible with Gradle 9.0.
[        ] You can use '--warning-mode all' to show the individual deprecation warnings and determine if they come from your own scripts or plugins.
[        ] For more on this, please refer to https://docs.gradle.org/8.12.1/userguide/command_line_interface.html#sec:command_line_warnings in the Gradle documentation.
[        ] BUILD SUCCESSFUL in 8s
[        ] 458 actionable tasks: 29 executed, 429 up-to-date
[        ] Watched directory hierarchies: [/opt/homebrew/share/flutter/packages/flutter_tools/gradle, /Users/florian/Code/substitution/android]
[  +20 ms] Running Gradle task 'assembleDebug'... (completed in 8,9s)
[   +6 ms] Calculate SHA1: LocalDirectory: '/Users/florian/Code/substitution/build/app/outputs/flutter-apk'/app-debug.apk
[+1060 ms] ✓ Built build/app/outputs/flutter-apk/app-debug.apk
[   +1 ms] executing: /Users/florian/Library/Android/sdk/build-tools/36.1.0/aapt dump xmltree /Users/florian/Code/substitution/build/app/outputs/flutter-apk/app-debug.apk AndroidManifest.xml
[  +13 ms] Exit code 0 from: /Users/florian/Library/Android/sdk/build-tools/36.1.0/aapt dump xmltree /Users/florian/Code/substitution/build/app/outputs/flutter-apk/app-debug.apk AndroidManifest.xml
[        ] N: android=http://schemas.android.com/apk/res/android
             E: manifest (line=2)
               A: android:versionCode(0x0101021b)=(type 0x10)0x7
               A: android:versionName(0x0101021c)="1.0.0" (Raw: "1.0.0")
               A: android:compileSdkVersion(0x01010572)=(type 0x10)0x24
               A: android:compileSdkVersionCodename(0x01010573)="16" (Raw: "16")
               A: package="art.substitution.substitution" (Raw: "art.substitution.substitution")
               A: platformBuildVersionCode=(type 0x10)0x24
               A: platformBuildVersionName=(type 0x10)0x10
               E: uses-sdk (line=7)
                 A: android:minSdkVersion(0x0101020c)=(type 0x10)0x18
                 A: android:targetSdkVersion(0x01010270)=(type 0x10)0x22
               E: uses-permission (line=15)
                 A: android:name(0x01010003)="android.permission.INTERNET" (Raw: "android.permission.INTERNET")
               E: uses-permission (line=16)
                 A: android:name(0x01010003)="android.permission.ACCESS_NETWORK_STATE" (Raw: "android.permission.ACCESS_NETWORK_STATE")
               E: permission (line=18)
                 A: android:name(0x01010003)="art.substitution.substitution.DYNAMIC_RECEIVER_NOT_EXPORTED_PERMISSION" (Raw: "art.substitution.substitution.DYNAMIC_RECEIVER_NOT_EXPORTED_PERMISSION")
                 A: android:protectionLevel(0x01010009)=(type 0x11)0x2
               E: uses-permission (line=22)
                 A: android:name(0x01010003)="art.substitution.substitution.DYNAMIC_RECEIVER_NOT_EXPORTED_PERMISSION" (Raw: "art.substitution.substitution.DYNAMIC_RECEIVER_NOT_EXPORTED_PERMISSION")
               E: application (line=24)
                 A: android:label(0x01010001)="substitution" (Raw: "substitution")
                 A: android:icon(0x01010002)=@0x7f0c0000
                 A: android:name(0x01010003)="android.app.Application" (Raw: "android.app.Application")
                 A: android:debuggable(0x0101000f)=(type 0x12)0xffffffff
                 A: android:extractNativeLibs(0x010104ea)=(type 0x12)0x0
                 A: android:appComponentFactory(0x0101057a)="androidx.core.app.CoreComponentFactory" (Raw: "androidx.core.app.CoreComponentFactory")
                 E: activity (line=31)
                   A: android:theme(0x01010000)=@0x7f0e00a2
                   A: android:name(0x01010003)="art.substitution.substitution.MainActivity" (Raw: "art.substitution.substitution.MainActivity")
                   A: android:exported(0x01010010)=(type 0x12)0xffffffff
                   A: android:launchMode(0x0101001d)=(type 0x10)0x1
                   A: android:configChanges(0x0101001f)=(type 0x11)0x40003fb4
                   A: android:windowSoftInputMode(0x0101022b)=(type 0x11)0x10
                   A: android:hardwareAccelerated(0x010102d3)=(type 0x12)0xffffffff
                   E: meta-data (line=46)
                     A: android:name(0x01010003)="io.flutter.embedding.android.NormalTheme" (Raw: "io.flutter.embedding.android.NormalTheme")
                     A: android:resource(0x01010025)=@0x7f0e00a3
                   E: intent-filter (line=50)
                     E: action (line=51)
                       A: android:name(0x01010003)="android.intent.action.MAIN" (Raw: "android.intent.action.MAIN")
                     E: category (line=53)
                       A: android:name(0x01010003)="android.intent.category.LAUNCHER" (Raw: "android.intent.category.LAUNCHER")
                   E: intent-filter (line=56)
                     E: action (line=57)
                       A: android:name(0x01010003)="android.intent.action.VIEW" (Raw: "android.intent.action.VIEW")
                     E: category (line=59)
                       A: android:name(0x01010003)="android.intent.category.DEFAULT" (Raw: "android.intent.category.DEFAULT")
                     E: category (line=60)
                       A: android:name(0x01010003)="android.intent.category.BROWSABLE" (Raw: "android.intent.category.BROWSABLE")
                     E: data (line=62)
                       A: android:scheme(0x01010027)="substitution" (Raw: "substitution")
                       A: android:host(0x01010028)="auth" (Raw: "auth")
                       A: android:pathPrefix(0x0101002b)="/login-callback" (Raw: "/login-callback")
                 E: meta-data (line=72)
                   A: android:name(0x01010003)="flutterEmbedding" (Raw: "flutterEmbedding")
                   A: android:value(0x01010024)=(type 0x10)0x2
                 E: activity (line=76)
                   A: android:theme(0x01010000)=@0x01030007
                   A: android:name(0x01010003)="io.flutter.plugins.urllauncher.WebViewActivity" (Raw: "io.flutter.plugins.urllauncher.WebViewActivity")
                   A: android:exported(0x01010010)=(type 0x12)0x0
                 E: uses-library (line=81)
                   A: android:name(0x01010003)="androidx.window.extensions" (Raw: "androidx.window.extensions")
                   A: android:required(0x0101028e)=(type 0x12)0x0
                 E: uses-library (line=84)
                   A: android:name(0x01010003)="androidx.window.sidecar" (Raw: "androidx.window.sidecar")
                   A: android:required(0x0101028e)=(type 0x12)0x0
                 E: provider (line=88)
                   A: android:name(0x01010003)="androidx.startup.InitializationProvider" (Raw: "androidx.startup.InitializationProvider")
                   A: android:exported(0x01010010)=(type 0x12)0x0
                   A: android:authorities(0x01010018)="art.substitution.substitution.androidx-startup" (Raw: "art.substitution.substitution.androidx-startup")
                   E: meta-data (line=92)
                     A: android:name(0x01010003)="androidx.lifecycle.ProcessLifecycleInitializer" (Raw: "androidx.lifecycle.ProcessLifecycleInitializer")
                     A: android:value(0x01010024)="androidx.startup" (Raw: "androidx.startup")
                   E: meta-data (line=95)
                     A: android:name(0x01010003)="androidx.profileinstaller.ProfileInstallerInitializer" (Raw: "androidx.profileinstaller.ProfileInstallerInitializer")
                     A: android:value(0x01010024)="androidx.startup" (Raw: "androidx.startup")
                 E: receiver (line=100)
                   A: android:name(0x01010003)="androidx.profileinstaller.ProfileInstallReceiver" (Raw: "androidx.profileinstaller.ProfileInstallReceiver")
                   A: android:permission(0x01010006)="android.permission.DUMP" (Raw: "android.permission.DUMP")
                   A: android:enabled(0x0101000e)=(type 0x12)0xffffffff
                   A: android:exported(0x01010010)=(type 0x12)0xffffffff
                   A: android:directBootAware(0x01010505)=(type 0x12)0x0
                   E: intent-filter (line=106)
                     E: action (line=107)
                       A: android:name(0x01010003)="androidx.profileinstaller.action.INSTALL_PROFILE" (Raw: "androidx.profileinstaller.action.INSTALL_PROFILE")
                   E: intent-filter (line=109)
                     E: action (line=110)
                       A: android:name(0x01010003)="androidx.profileinstaller.action.SKIP_FILE" (Raw: "androidx.profileinstaller.action.SKIP_FILE")
                   E: intent-filter (line=112)
                     E: action (line=113)
                       A: android:name(0x01010003)="androidx.profileinstaller.action.SAVE_PROFILE" (Raw: "androidx.profileinstaller.action.SAVE_PROFILE")
                   E: intent-filter (line=115)
                     E: action (line=116)
                       A: android:name(0x01010003)="androidx.profileinstaller.action.BENCHMARK_OPERATION" (Raw: "androidx.profileinstaller.action.BENCHMARK_OPERATION")
[        ] Stopping app 'app-debug.apk' on sdk gphone64 arm64.
[        ] executing: /Users/florian/Library/Android/sdk/platform-tools/adb -s emulator-5554 shell am force-stop art.substitution.substitution
06:20 +2 -16: loading /Users/florian/Code/substitution/integration_test/room_feed_test.dart                                                                                                            [  +23 ms] Installing APK.
[        ] Installing build/app/outputs/flutter-apk/app-debug.apk...
[        ] executing: /Users/florian/Library/Android/sdk/platform-tools/adb -s emulator-5554 install -t -r /Users/florian/Code/substitution/build/app/outputs/flutter-apk/app-debug.apk
[ +383 ms] Performing Streamed Install
           Success
[        ] Installing build/app/outputs/flutter-apk/app-debug.apk... (completed in 383ms)
[        ] executing: /Users/florian/Library/Android/sdk/platform-tools/adb -s emulator-5554 shell echo -n 2bacaef42271ab26f082077a5d5d8a95788facad > /data/local/tmp/sky.art.substitution.substitution.sha1
[  +21 ms] executing: /Users/florian/Library/Android/sdk/platform-tools/adb -s emulator-5554 shell -x logcat -v time -t 1
[  +86 ms] --------- beginning of main
           02-17 00:01:11.681 E/SmsApplication( 1077): com.google.android.apps.messaging lost android:read_cell_broadcasts:  (fixing)
[   +3 ms] executing: /Users/florian/Library/Android/sdk/platform-tools/adb -s emulator-5554 shell am start -a android.intent.action.MAIN -c android.intent.category.LAUNCHER -f 0x20000000 --ez enable-dart-profiling true --ez enable-checked-mode true --ez verify-entry-points true art.substitution.substitution/art.substitution.substitution.MainActivity
[ +157 ms] Starting: Intent { act=android.intent.action.MAIN cat=[android.intent.category.LAUNCHER] flg=0x20000000 cmp=art.substitution.substitution/.MainActivity (has extras) }
[        ] Waiting for VM Service port to be available...
06:21 +2 -16: loading /Users/florian/Code/substitution/integration_test/room_feed_test.dart                                                                                                            06:22 +2 -16: loading /Users/florian/Code/substitution/integration_test/room_feed_test.dart                                                                                                            [+1703 ms] VM Service URL on device: http://127.0.0.1:44941/snAAUtSktbc=/
[        ] executing: /Users/florian/Library/Android/sdk/platform-tools/adb -s emulator-5554 forward tcp:0 tcp:44941
[  +14 ms] 54771
[        ] Forwarded host port 54771 to device port 44941 for VM Service
[        ] test 5: Starting Dart Development Service
[        ] Launching a Dart Developer Service (DDS) instance at http://127.0.0.1:0, connecting to VM service at http://127.0.0.1:54771/snAAUtSktbc=/.
[ +179 ms] test 5: Dart Development Service started at http://127.0.0.1:54774/R8wiBoR8zzA=/, forwarding to VM service at http://127.0.0.1:54771/snAAUtSktbc=/.
[        ] test 5: Connecting to vm service
[        ] test 5: VM Service uri is available at http://127.0.0.1:54774/R8wiBoR8zzA=/
[   +4 ms] test 5: Finding the correct isolate with the integration test service extension
[  +41 ms] test 5: connected to test device, now awaiting test result
[        ] test 5: Waiting for test harness or tests to finish
06:22 +2 -16: loading /Users/florian/Code/substitution/integration_test/room_feed_test.dart                                                                                                            
Warning: A tag was used that wasn't specified in dart_test.yaml.
  integration was used in the suite itself

06:22 +2 -16: /Users/florian/Code/substitution/integration_test/room_feed_test.dart: Room Feed Integration Tests Main feed -> tap room-specific link -> verify only that room's posts show             06:23 +2 -16: /Users/florian/Code/substitution/integration_test/room_feed_test.dart: Room Feed Integration Tests Main feed -> tap room-specific link -> verify only that room's posts show             06:23 +3 -16: /Users/florian/Code/substitution/integration_test/room_feed_test.dart: Room Feed Integration Tests Main feed -> tap room-specific link -> verify only that room's posts show             06:23 +3 -16: /Users/florian/Code/substitution/integration_test/room_feed_test.dart: (tearDownAll)                                                                                                     [ +433 ms] test 5: Test harness is no longer needed by test process
[        ] test 5: finished
[        ] test 5: cleaning up...
[        ] test 5: ensuring test device is terminated.
[        ] executing: /Users/florian/Library/Android/sdk/platform-tools/adb -s emulator-5554 shell am force-stop art.substitution.substitution
[        ] test 5: Test process is no longer needed by test harness
[ +109 ms] executing: /Users/florian/Library/Android/sdk/platform-tools/adb -s emulator-5554 uninstall art.substitution.substitution
[ +175 ms] Success
[        ] test 5: deleting temporary directory
[        ] test 5: finished
06:23 +3 -16: loading /Users/florian/Code/substitution/integration_test/key_verification_test.dart                                                                                                     [        ] test 6: starting test /Users/florian/Code/substitution/integration_test/key_verification_test.dart
[        ] Stopping scan for flutter_test_config.dart; found project root at /Users/florian/Code/substitution
[        ] test 6: starting test device
[        ] test 6: awaiting connection to test device
[        ] executing: /Users/florian/Library/Android/sdk/build-tools/36.1.0/aapt dump xmltree /Users/florian/Code/substitution/build/app/outputs/flutter-apk/app-debug.apk AndroidManifest.xml
[  +11 ms] Exit code 0 from: /Users/florian/Library/Android/sdk/build-tools/36.1.0/aapt dump xmltree /Users/florian/Code/substitution/build/app/outputs/flutter-apk/app-debug.apk AndroidManifest.xml
[        ] N: android=http://schemas.android.com/apk/res/android
             E: manifest (line=2)
               A: android:versionCode(0x0101021b)=(type 0x10)0x7
               A: android:versionName(0x0101021c)="1.0.0" (Raw: "1.0.0")
               A: android:compileSdkVersion(0x01010572)=(type 0x10)0x24
               A: android:compileSdkVersionCodename(0x01010573)="16" (Raw: "16")
               A: package="art.substitution.substitution" (Raw: "art.substitution.substitution")
               A: platformBuildVersionCode=(type 0x10)0x24
               A: platformBuildVersionName=(type 0x10)0x10
               E: uses-sdk (line=7)
                 A: android:minSdkVersion(0x0101020c)=(type 0x10)0x18
                 A: android:targetSdkVersion(0x01010270)=(type 0x10)0x22
               E: uses-permission (line=15)
                 A: android:name(0x01010003)="android.permission.INTERNET" (Raw: "android.permission.INTERNET")
               E: uses-permission (line=16)
                 A: android:name(0x01010003)="android.permission.ACCESS_NETWORK_STATE" (Raw: "android.permission.ACCESS_NETWORK_STATE")
               E: permission (line=18)
                 A: android:name(0x01010003)="art.substitution.substitution.DYNAMIC_RECEIVER_NOT_EXPORTED_PERMISSION" (Raw: "art.substitution.substitution.DYNAMIC_RECEIVER_NOT_EXPORTED_PERMISSION")
                 A: android:protectionLevel(0x01010009)=(type 0x11)0x2
               E: uses-permission (line=22)
                 A: android:name(0x01010003)="art.substitution.substitution.DYNAMIC_RECEIVER_NOT_EXPORTED_PERMISSION" (Raw: "art.substitution.substitution.DYNAMIC_RECEIVER_NOT_EXPORTED_PERMISSION")
               E: application (line=24)
                 A: android:label(0x01010001)="substitution" (Raw: "substitution")
                 A: android:icon(0x01010002)=@0x7f0c0000
                 A: android:name(0x01010003)="android.app.Application" (Raw: "android.app.Application")
                 A: android:debuggable(0x0101000f)=(type 0x12)0xffffffff
                 A: android:extractNativeLibs(0x010104ea)=(type 0x12)0x0
                 A: android:appComponentFactory(0x0101057a)="androidx.core.app.CoreComponentFactory" (Raw: "androidx.core.app.CoreComponentFactory")
                 E: activity (line=31)
                   A: android:theme(0x01010000)=@0x7f0e00a2
                   A: android:name(0x01010003)="art.substitution.substitution.MainActivity" (Raw: "art.substitution.substitution.MainActivity")
                   A: android:exported(0x01010010)=(type 0x12)0xffffffff
                   A: android:launchMode(0x0101001d)=(type 0x10)0x1
                   A: android:configChanges(0x0101001f)=(type 0x11)0x40003fb4
                   A: android:windowSoftInputMode(0x0101022b)=(type 0x11)0x10
                   A: android:hardwareAccelerated(0x010102d3)=(type 0x12)0xffffffff
                   E: meta-data (line=46)
                     A: android:name(0x01010003)="io.flutter.embedding.android.NormalTheme" (Raw: "io.flutter.embedding.android.NormalTheme")
                     A: android:resource(0x01010025)=@0x7f0e00a3
                   E: intent-filter (line=50)
                     E: action (line=51)
                       A: android:name(0x01010003)="android.intent.action.MAIN" (Raw: "android.intent.action.MAIN")
                     E: category (line=53)
                       A: android:name(0x01010003)="android.intent.category.LAUNCHER" (Raw: "android.intent.category.LAUNCHER")
                   E: intent-filter (line=56)
                     E: action (line=57)
                       A: android:name(0x01010003)="android.intent.action.VIEW" (Raw: "android.intent.action.VIEW")
                     E: category (line=59)
                       A: android:name(0x01010003)="android.intent.category.DEFAULT" (Raw: "android.intent.category.DEFAULT")
                     E: category (line=60)
                       A: android:name(0x01010003)="android.intent.category.BROWSABLE" (Raw: "android.intent.category.BROWSABLE")
                     E: data (line=62)
                       A: android:scheme(0x01010027)="substitution" (Raw: "substitution")
                       A: android:host(0x01010028)="auth" (Raw: "auth")
                       A: android:pathPrefix(0x0101002b)="/login-callback" (Raw: "/login-callback")
                 E: meta-data (line=72)
                   A: android:name(0x01010003)="flutterEmbedding" (Raw: "flutterEmbedding")
                   A: android:value(0x01010024)=(type 0x10)0x2
                 E: activity (line=76)
                   A: android:theme(0x01010000)=@0x01030007
                   A: android:name(0x01010003)="io.flutter.plugins.urllauncher.WebViewActivity" (Raw: "io.flutter.plugins.urllauncher.WebViewActivity")
                   A: android:exported(0x01010010)=(type 0x12)0x0
                 E: uses-library (line=81)
                   A: android:name(0x01010003)="androidx.window.extensions" (Raw: "androidx.window.extensions")
                   A: android:required(0x0101028e)=(type 0x12)0x0
                 E: uses-library (line=84)
                   A: android:name(0x01010003)="androidx.window.sidecar" (Raw: "androidx.window.sidecar")
                   A: android:required(0x0101028e)=(type 0x12)0x0
                 E: provider (line=88)
                   A: android:name(0x01010003)="androidx.startup.InitializationProvider" (Raw: "androidx.startup.InitializationProvider")
                   A: android:exported(0x01010010)=(type 0x12)0x0
                   A: android:authorities(0x01010018)="art.substitution.substitution.androidx-startup" (Raw: "art.substitution.substitution.androidx-startup")
                   E: meta-data (line=92)
                     A: android:name(0x01010003)="androidx.lifecycle.ProcessLifecycleInitializer" (Raw: "androidx.lifecycle.ProcessLifecycleInitializer")
                     A: android:value(0x01010024)="androidx.startup" (Raw: "androidx.startup")
                   E: meta-data (line=95)
                     A: android:name(0x01010003)="androidx.profileinstaller.ProfileInstallerInitializer" (Raw: "androidx.profileinstaller.ProfileInstallerInitializer")
                     A: android:value(0x01010024)="androidx.startup" (Raw: "androidx.startup")
                 E: receiver (line=100)
                   A: android:name(0x01010003)="androidx.profileinstaller.ProfileInstallReceiver" (Raw: "androidx.profileinstaller.ProfileInstallReceiver")
                   A: android:permission(0x01010006)="android.permission.DUMP" (Raw: "android.permission.DUMP")
                   A: android:enabled(0x0101000e)=(type 0x12)0xffffffff
                   A: android:exported(0x01010010)=(type 0x12)0xffffffff
                   A: android:directBootAware(0x01010505)=(type 0x12)0x0
                   E: intent-filter (line=106)
                     E: action (line=107)
                       A: android:name(0x01010003)="androidx.profileinstaller.action.INSTALL_PROFILE" (Raw: "androidx.profileinstaller.action.INSTALL_PROFILE")
                   E: intent-filter (line=109)
                     E: action (line=110)
                       A: android:name(0x01010003)="androidx.profileinstaller.action.SKIP_FILE" (Raw: "androidx.profileinstaller.action.SKIP_FILE")
                   E: intent-filter (line=112)
                     E: action (line=113)
                       A: android:name(0x01010003)="androidx.profileinstaller.action.SAVE_PROFILE" (Raw: "androidx.profileinstaller.action.SAVE_PROFILE")
                   E: intent-filter (line=115)
                     E: action (line=116)
                       A: android:name(0x01010003)="androidx.profileinstaller.action.BENCHMARK_OPERATION" (Raw: "androidx.profileinstaller.action.BENCHMARK_OPERATION")
[        ] Building APK
[   +1 ms] Version of Java is different than impacted version, no migration attempted.
[        ] CMake project not found, skipping support Android 15 16k page size migration.
[        ] Using gradle from /Users/florian/Code/substitution/android/gradlew.
[   +6 ms] LocalFile: '/Users/florian/Code/substitution/android/build.gradle' provides AGP version from classpath: 8.6.0
[   +7 ms] Running Gradle task 'assembleDebug'...
[        ] executing: [/Users/florian/Code/substitution/android/] /Users/florian/Code/substitution/android/gradlew --full-stacktrace --info -Pverbose=true -PskipDependencyChecks=true -Ptarget-platform=android-arm64 -Ptarget=/var/folders/l_/w8pnbb9d38n57pzg9j98fmy80000gn/T/flutter_tools.wuOse9/flutter_test_listener.2z90el/listener.dart -Pbase-application-name=android.app.Application -Pdart-defines=TUFUUklYX1NFUlZFUj1odHRwOi8vbG9jYWxob3N0OjgwMDg=,TUFUUklYX1RFU1RfVVNFUj0=,TUFUUklYX1RFU1RfUEFTU1dPUkQ9,RkxVVFRFUl9WRVJTSU9OPTMuMzguOQ==,RkxVVFRFUl9DSEFOTkVMPXN0YWJsZQ==,RkxVVFRFUl9HSVRfVVJMPWh0dHBzOi8vZ2l0aHViLmNvbS9mbHV0dGVyL2ZsdXR0ZXIuZ2l0,RkxVVFRFUl9GUkFNRVdPUktfUkVWSVNJT049NjczMjNkZTI4NQ==,RkxVVFRFUl9FTkdJTkVfUkVWSVNJT049NTg3YzE4Zjg3Mw==,RkxVVFRFUl9EQVJUX1ZFUlNJT049My4xMC44,SU5URUdSQVRJT05fVEVTVF9TSE9VTERfUkVQT1JUX1JFU1VMVFNfVE9fTkFUSVZFPWZhbHNl -Pdart-obfuscation=false -Ptrack-widget-creation=true -Ptree-shake-icons=false assembleDebug
[ +277 ms] Initialized native services in: /Users/florian/.gradle/native
[        ] Initialized jansi services in: /Users/florian/.gradle/native
[ +215 ms] The client will now receive all logging from the daemon (pid: 43439). The daemon log file: /Users/florian/.gradle/daemon/8.12.1/daemon-43439.out.log
[        ] Starting 99th build in daemon [uptime: 2 hrs 4 mins 13.033 secs, performance: 100%, GC rate: 0.00/s, heap usage: 0% of 4 GiB]
[        ] Using 32 worker leases.
[        ] Now considering [/Users/florian/Code/substitution/android, /opt/homebrew/share/flutter/packages/flutter_tools/gradle] as hierarchies to watch
[        ] Watching the file system is configured to be enabled if available
[        ] File system watching is active
[        ] Starting Build
[        ] Now considering [/opt/homebrew/share/flutter/packages/flutter_tools/gradle, /Users/florian/Code/substitution/android] as hierarchies to watch
[   +1 ms] > Configure project :gradle
[        ] Evaluating project ':gradle' using build file '/opt/homebrew/share/flutter/packages/flutter_tools/gradle/build.gradle.kts'.
[        ] Resolved plugin [id: 'org.gradle.java-gradle-plugin']
[        ] Resolved plugin [id: 'org.gradle.groovy']
[        ] Resolved plugin [id: 'org.gradle.kotlin.kotlin-dsl', version: '5.1.2']
[        ] Resolved plugin [id: 'org.jetbrains.kotlin.jvm', version: '1.9.20']
[        ] Using Kotlin Gradle Plugin gradle85 variant
[        ] kotlin scripting plugin: created the scripting discovery configuration: kotlinScriptDef
[        ] kotlin scripting plugin: created the scripting discovery configuration: testKotlinScriptDef
[        ] file or directory '/opt/homebrew/share/flutter/packages/flutter_tools/gradle/src/main/java', not found
[        ] Resolved plugin [id: 'dev.flutter.flutter-plugin-loader', version: '1.0.0']
[        ] Resolved plugin [id: 'com.android.application', version: '8.9.1', apply: false]
[        ] Resolved plugin [id: 'org.jetbrains.kotlin.android', version: '2.1.0', apply: false]
[        ] Resolve mutations for :gradle:checkKotlinGradlePluginConfigurationErrors (Thread[#39725,Execution worker,5,main]) started.
[        ] :gradle:checkKotlinGradlePluginConfigurationErrors (Thread[#39725,Execution worker,5,main]) started.
[        ] > Task :gradle:checkKotlinGradlePluginConfigurationErrors SKIPPED
[        ] Skipping task ':gradle:checkKotlinGradlePluginConfigurationErrors' as task onlyIf 'errorDiagnostics are present' is false.
[        ] Resolve mutations for :gradle:compileKotlin (Thread[#39736,Execution worker Thread 11,5,main]) started.
[        ] :gradle:compileKotlin (Thread[#39736,Execution worker Thread 11,5,main]) started.
[        ] > Task :gradle:compileKotlin UP-TO-DATE
[        ] Caching disabled for task ':gradle:compileKotlin' because:
[        ]   Build cache is disabled
[        ] Skipping task ':gradle:compileKotlin' as it is up-to-date.
[        ] Resolve mutations for :gradle:compileJava (Thread[#39736,Execution worker Thread 11,5,main]) started.
[        ] :gradle:compileJava (Thread[#39736,Execution worker Thread 11,5,main]) started.
[        ] > Task :gradle:compileJava NO-SOURCE
[        ] Skipping task ':gradle:compileJava' as it has no source files and no previous output files.
[        ] Resolve mutations for :gradle:compileGroovy (Thread[#39736,Execution worker Thread 11,5,main]) started.
[        ] :gradle:compileGroovy (Thread[#39736,Execution worker Thread 11,5,main]) started.
[        ] > Task :gradle:compileGroovy NO-SOURCE
[        ] Skipping task ':gradle:compileGroovy' as it has no source files and no previous output files.
[        ] Resolve mutations for :gradle:pluginDescriptors (Thread[#39736,Execution worker Thread 11,5,main]) started.
[        ] :gradle:pluginDescriptors (Thread[#39736,Execution worker Thread 11,5,main]) started.
[        ] > Task :gradle:pluginDescriptors UP-TO-DATE
[        ] Caching disabled for task ':gradle:pluginDescriptors' because:
[        ]   Build cache is disabled
[        ]   Not worth caching
[        ] Skipping task ':gradle:pluginDescriptors' as it is up-to-date.
[        ] Resolve mutations for :gradle:processResources (Thread[#39736,Execution worker Thread 11,5,main]) started.
[        ] :gradle:processResources (Thread[#39736,Execution worker Thread 11,5,main]) started.
[        ] > Task :gradle:processResources UP-TO-DATE
[        ] Caching disabled for task ':gradle:processResources' because:
[        ]   Build cache is disabled
[        ]   Not worth caching
[        ] Skipping task ':gradle:processResources' as it is up-to-date.
[        ] Resolve mutations for :gradle:classes (Thread[#39736,Execution worker Thread 11,5,main]) started.
[        ] :gradle:classes (Thread[#39736,Execution worker Thread 11,5,main]) started.
[        ] > Task :gradle:classes UP-TO-DATE
[        ] Skipping task ':gradle:classes' as it has no actions.
[        ] Resolve mutations for :gradle:jar (Thread[#39736,Execution worker Thread 11,5,main]) started.
[        ] :gradle:jar (Thread[#39736,Execution worker Thread 11,5,main]) started.
[        ] > Task :gradle:jar UP-TO-DATE
[        ] Caching disabled for task ':gradle:jar' because:
[        ]   Build cache is disabled
[        ]   Not worth caching
[        ] Skipping task ':gradle:jar' as it is up-to-date.
[        ] Settings evaluated using settings file '/Users/florian/Code/substitution/android/settings.gradle'.
[        ] Projects loaded. Root project using build file '/Users/florian/Code/substitution/android/build.gradle'.
[        ] Included projects: [root project 'android', project ':app', project ':connectivity_plus', project ':emoji_picker_flutter', project ':file_selector_android', project ':flutter_keyboard_visibility_temp_fork', project ':flutter_native_splash', project ':flutter_olm', project ':flutter_openssl_crypto', project ':integration_test', project ':path_provider_android', project ':quill_native_bridge_android', project ':shared_preferences_android', project ':sqflite_android', project ':url_launcher_android', project ':video_player_android']
06:24 +3 -16: loading /Users/florian/Code/substitution/integration_test/key_verification_test.dart                                                                                                     [  +90 ms] > Configure project :app
[        ] Evaluating project ':app' using build file '/Users/florian/Code/substitution/android/app/build.gradle'.
[        ] Resolved plugin [id: 'com.android.application']
[        ] Resolved plugin [id: 'kotlin-android']
[        ] Resolved plugin [id: 'dev.flutter.flutter-gradle-plugin']
[        ] Using default execution profile
[        ] Using Kotlin Gradle Plugin gradle85 variant
[        ] C/C++: android.ndkVersion from module build.gradle is [28.2.13676358]
[        ] C/C++: android.ndkPath from module build.gradle is not set
[        ] C/C++: ndk.dir in local.properties is not set
[        ] C/C++: Not considering ANDROID_NDK_HOME because support was removed after deprecation period.
[        ] C/C++: sdkFolder is /Users/florian/Library/Android/sdk
[        ] C/C++: android.ndkVersion from module build.gradle is [28.2.13676358]
[        ] C/C++: android.ndkPath from module build.gradle is not set
[        ] C/C++: ndk.dir in local.properties is not set
[        ] C/C++: Not considering ANDROID_NDK_HOME because support was removed after deprecation period.
[        ] C/C++: sdkFolder is /Users/florian/Library/Android/sdk
[        ] C/C++: android.ndkVersion from module build.gradle is [28.2.13676358]
[        ] C/C++: android.ndkPath from module build.gradle is not set
[        ] C/C++: ndk.dir in local.properties is not set
[        ] C/C++: Not considering ANDROID_NDK_HOME because support was removed after deprecation period.
[        ] C/C++: sdkFolder is /Users/florian/Library/Android/sdk
[        ] C/C++: android.ndkVersion from module build.gradle is [28.2.13676358]
[        ] C/C++: android.ndkPath from module build.gradle is not set
[        ] C/C++: ndk.dir in local.properties is not set
[        ] C/C++: Not considering ANDROID_NDK_HOME because support was removed after deprecation period.
[        ] C/C++: sdkFolder is /Users/florian/Library/Android/sdk
[        ] C/C++: android.ndkVersion from module build.gradle is [28.2.13676358]
[        ] C/C++: android.ndkPath from module build.gradle is not set
[        ] C/C++: ndk.dir in local.properties is not set
[        ] C/C++: Not considering ANDROID_NDK_HOME because support was removed after deprecation period.
[        ] C/C++: sdkFolder is /Users/florian/Library/Android/sdk
[        ] C/C++: android.ndkVersion from module build.gradle is [28.2.13676358]
[        ] C/C++: android.ndkPath from module build.gradle is not set
[        ] C/C++: ndk.dir in local.properties is not set
[        ] C/C++: Not considering ANDROID_NDK_HOME because support was removed after deprecation period.
[        ] C/C++: sdkFolder is /Users/florian/Library/Android/sdk
[        ] C/C++: android.ndkVersion from module build.gradle is [28.2.13676358]
[        ] C/C++: android.ndkPath from module build.gradle is not set
[        ] C/C++: ndk.dir in local.properties is not set
[        ] C/C++: Not considering ANDROID_NDK_HOME because support was removed after deprecation period.
[        ] C/C++: sdkFolder is /Users/florian/Library/Android/sdk
[        ] C/C++: android.ndkVersion from module build.gradle is [28.2.13676358]
[        ] C/C++: android.ndkPath from module build.gradle is not set
[        ] C/C++: ndk.dir in local.properties is not set
[        ] C/C++: Not considering ANDROID_NDK_HOME because support was removed after deprecation period.
[        ] C/C++: sdkFolder is /Users/florian/Library/Android/sdk
[        ] C/C++: android.ndkVersion from module build.gradle is [28.2.13676358]
[        ] C/C++: android.ndkPath from module build.gradle is not set
[        ] C/C++: ndk.dir in local.properties is not set
[        ] C/C++: Not considering ANDROID_NDK_HOME because support was removed after deprecation period.
[        ] C/C++: sdkFolder is /Users/florian/Library/Android/sdk
[        ] C/C++: android.ndkVersion from module build.gradle is [28.2.13676358]
[        ] C/C++: android.ndkPath from module build.gradle is not set
[        ] C/C++: ndk.dir in local.properties is not set
[        ] C/C++: Not considering ANDROID_NDK_HOME because support was removed after deprecation period.
[        ] C/C++: sdkFolder is /Users/florian/Library/Android/sdk
[        ] C/C++: android.ndkVersion from module build.gradle is [28.2.13676358]
[        ] C/C++: android.ndkPath from module build.gradle is not set
[        ] C/C++: ndk.dir in local.properties is not set
[        ] C/C++: Not considering ANDROID_NDK_HOME because support was removed after deprecation period.
[        ] C/C++: sdkFolder is /Users/florian/Library/Android/sdk
[        ] C/C++: android.ndkVersion from module build.gradle is [28.2.13676358]
[        ] C/C++: android.ndkPath from module build.gradle is not set
[        ] C/C++: ndk.dir in local.properties is not set
[        ] C/C++: Not considering ANDROID_NDK_HOME because support was removed after deprecation period.
[        ] C/C++: sdkFolder is /Users/florian/Library/Android/sdk
[        ] C/C++: android.ndkVersion from module build.gradle is [28.2.13676358]
[        ] C/C++: android.ndkPath from module build.gradle is not set
[        ] C/C++: ndk.dir in local.properties is not set
[        ] C/C++: Not considering ANDROID_NDK_HOME because support was removed after deprecation period.
[        ] C/C++: sdkFolder is /Users/florian/Library/Android/sdk
[        ] C/C++: android.ndkVersion from module build.gradle is [28.2.13676358]
[        ] C/C++: android.ndkPath from module build.gradle is not set
[        ] C/C++: ndk.dir in local.properties is not set
[        ] C/C++: Not considering ANDROID_NDK_HOME because support was removed after deprecation period.
[        ] C/C++: sdkFolder is /Users/florian/Library/Android/sdk
[        ] C/C++: android.ndkVersion from module build.gradle is [28.2.13676358]
[        ] C/C++: android.ndkPath from module build.gradle is not set
[        ] C/C++: ndk.dir in local.properties is not set
[        ] C/C++: Not considering ANDROID_NDK_HOME because support was removed after deprecation period.
[        ] C/C++: sdkFolder is /Users/florian/Library/Android/sdk
[        ] C/C++: android.ndkVersion from module build.gradle is [28.2.13676358]
[        ] C/C++: android.ndkPath from module build.gradle is not set
[        ] C/C++: ndk.dir in local.properties is not set
[        ] C/C++: Not considering ANDROID_NDK_HOME because support was removed after deprecation period.
[        ] C/C++: sdkFolder is /Users/florian/Library/Android/sdk
[        ] C/C++: android.ndkVersion from module build.gradle is [28.2.13676358]
[        ] C/C++: android.ndkPath from module build.gradle is not set
[        ] C/C++: ndk.dir in local.properties is not set
[        ] C/C++: Not considering ANDROID_NDK_HOME because support was removed after deprecation period.
[        ] C/C++: sdkFolder is /Users/florian/Library/Android/sdk
[        ] C/C++: android.ndkVersion from module build.gradle is [28.2.13676358]
[        ] C/C++: android.ndkPath from module build.gradle is not set
[        ] C/C++: ndk.dir in local.properties is not set
[        ] C/C++: Not considering ANDROID_NDK_HOME because support was removed after deprecation period.
[        ] C/C++: sdkFolder is /Users/florian/Library/Android/sdk
[        ] C/C++: android.ndkVersion from module build.gradle is [28.2.13676358]
[        ] C/C++: android.ndkPath from module build.gradle is not set
[        ] C/C++: ndk.dir in local.properties is not set
[        ] C/C++: Not considering ANDROID_NDK_HOME because support was removed after deprecation period.
[        ] C/C++: sdkFolder is /Users/florian/Library/Android/sdk
[        ] > Configure project :
[        ] Evaluating root project 'android' using build file '/Users/florian/Code/substitution/android/build.gradle'.
[        ] > Configure project :connectivity_plus
[        ] Evaluating project ':connectivity_plus' using build file '/Users/florian/.pub-cache/hosted/pub.dev/connectivity_plus-5.0.2/android/build.gradle'.
[        ] Using default execution profile
[        ] > Configure project :emoji_picker_flutter
[        ] Evaluating project ':emoji_picker_flutter' using build file '/Users/florian/.pub-cache/hosted/pub.dev/emoji_picker_flutter-4.4.0/android/build.gradle'.
[        ] Using default execution profile
[        ] Using Kotlin Gradle Plugin gradle85 variant
[ +101 ms] > Configure project :file_selector_android
[        ] Evaluating project ':file_selector_android' using build file '/Users/florian/.pub-cache/hosted/pub.dev/file_selector_android-0.5.2+4/android/build.gradle'.
[        ] Using default execution profile
[        ] > Configure project :flutter_keyboard_visibility_temp_fork
[        ] Evaluating project ':flutter_keyboard_visibility_temp_fork' using build file '/Users/florian/.pub-cache/hosted/pub.dev/flutter_keyboard_visibility_temp_fork-0.1.5/android/build.gradle'.
[        ] Using default execution profile
[        ] > Configure project :flutter_native_splash
[        ] Evaluating project ':flutter_native_splash' using build file '/Users/florian/.pub-cache/hosted/pub.dev/flutter_native_splash-2.4.7/android/build.gradle'.
[        ] Using default execution profile
[        ] > Configure project :flutter_olm
[        ] Evaluating project ':flutter_olm' using build file '/Users/florian/.pub-cache/hosted/pub.dev/flutter_olm-2.0.0/android/build.gradle'.
[        ] Using default execution profile
[        ] Using Kotlin Gradle Plugin gradle85 variant
[        ] C/C++: android.ndkVersion from module build.gradle is [27.0.12077973]
[        ] C/C++: android.ndkPath from module build.gradle is not set
[        ] C/C++: ndk.dir in local.properties is not set
[        ] C/C++: Not considering ANDROID_NDK_HOME because support was removed after deprecation period.
[        ] C/C++: sdkFolder is /Users/florian/Library/Android/sdk
[        ] C/C++: android.ndkVersion from module build.gradle is [27.0.12077973]
[        ] C/C++: android.ndkPath from module build.gradle is not set
[        ] C/C++: ndk.dir in local.properties is not set
[        ] C/C++: Not considering ANDROID_NDK_HOME because support was removed after deprecation period.
[        ] C/C++: sdkFolder is /Users/florian/Library/Android/sdk
[        ] C/C++: android.ndkVersion from module build.gradle is [27.0.12077973]
[        ] C/C++: android.ndkPath from module build.gradle is not set
[        ] C/C++: ndk.dir in local.properties is not set
[        ] C/C++: Not considering ANDROID_NDK_HOME because support was removed after deprecation period.
[        ] C/C++: sdkFolder is /Users/florian/Library/Android/sdk
[        ] C/C++: android.ndkVersion from module build.gradle is [27.0.12077973]
[        ] C/C++: android.ndkPath from module build.gradle is not set
[        ] C/C++: ndk.dir in local.properties is not set
[        ] C/C++: Not considering ANDROID_NDK_HOME because support was removed after deprecation period.
[        ] C/C++: sdkFolder is /Users/florian/Library/Android/sdk
[        ] C/C++: android.ndkVersion from module build.gradle is [27.0.12077973]
[        ] C/C++: android.ndkPath from module build.gradle is not set
[        ] C/C++: ndk.dir in local.properties is not set
[        ] C/C++: Not considering ANDROID_NDK_HOME because support was removed after deprecation period.
[        ] C/C++: sdkFolder is /Users/florian/Library/Android/sdk
[        ] C/C++: android.ndkVersion from module build.gradle is [27.0.12077973]
[        ] C/C++: android.ndkPath from module build.gradle is not set
[        ] C/C++: ndk.dir in local.properties is not set
[        ] C/C++: Not considering ANDROID_NDK_HOME because support was removed after deprecation period.
[        ] C/C++: sdkFolder is /Users/florian/Library/Android/sdk
[        ] C/C++: android.ndkVersion from module build.gradle is [27.0.12077973]
[        ] C/C++: android.ndkPath from module build.gradle is not set
[        ] C/C++: ndk.dir in local.properties is not set
[        ] C/C++: Not considering ANDROID_NDK_HOME because support was removed after deprecation period.
[        ] C/C++: sdkFolder is /Users/florian/Library/Android/sdk
[        ] C/C++: android.ndkVersion from module build.gradle is [27.0.12077973]
[        ] C/C++: android.ndkPath from module build.gradle is not set
[        ] C/C++: ndk.dir in local.properties is not set
[        ] C/C++: Not considering ANDROID_NDK_HOME because support was removed after deprecation period.
[        ] C/C++: sdkFolder is /Users/florian/Library/Android/sdk
[        ] C/C++: android.ndkVersion from module build.gradle is [27.0.12077973]
[        ] C/C++: android.ndkPath from module build.gradle is not set
[        ] C/C++: ndk.dir in local.properties is not set
[        ] C/C++: Not considering ANDROID_NDK_HOME because support was removed after deprecation period.
[        ] C/C++: sdkFolder is /Users/florian/Library/Android/sdk
[        ] C/C++: android.ndkVersion from module build.gradle is [27.0.12077973]
[        ] C/C++: android.ndkPath from module build.gradle is not set
[        ] C/C++: ndk.dir in local.properties is not set
[        ] C/C++: Not considering ANDROID_NDK_HOME because support was removed after deprecation period.
[        ] C/C++: sdkFolder is /Users/florian/Library/Android/sdk
[        ] C/C++: android.ndkVersion from module build.gradle is [27.0.12077973]
[        ] C/C++: android.ndkPath from module build.gradle is not set
[        ] C/C++: ndk.dir in local.properties is not set
[        ] C/C++: Not considering ANDROID_NDK_HOME because support was removed after deprecation period.
[        ] C/C++: sdkFolder is /Users/florian/Library/Android/sdk
[        ] C/C++: android.ndkVersion from module build.gradle is [27.0.12077973]
[        ] C/C++: android.ndkPath from module build.gradle is not set
[        ] C/C++: ndk.dir in local.properties is not set
[        ] C/C++: Not considering ANDROID_NDK_HOME because support was removed after deprecation period.
[        ] C/C++: sdkFolder is /Users/florian/Library/Android/sdk
[        ] C/C++: android.ndkVersion from module build.gradle is [27.0.12077973]
[        ] C/C++: android.ndkPath from module build.gradle is not set
[        ] C/C++: ndk.dir in local.properties is not set
[        ] C/C++: Not considering ANDROID_NDK_HOME because support was removed after deprecation period.
[        ] C/C++: sdkFolder is /Users/florian/Library/Android/sdk
[        ] C/C++: android.ndkVersion from module build.gradle is [27.0.12077973]
[        ] C/C++: android.ndkPath from module build.gradle is not set
[        ] C/C++: ndk.dir in local.properties is not set
[        ] C/C++: Not considering ANDROID_NDK_HOME because support was removed after deprecation period.
[        ] C/C++: sdkFolder is /Users/florian/Library/Android/sdk
[        ] C/C++: android.ndkVersion from module build.gradle is [27.0.12077973]
[        ] C/C++: android.ndkPath from module build.gradle is not set
[        ] C/C++: ndk.dir in local.properties is not set
[        ] C/C++: Not considering ANDROID_NDK_HOME because support was removed after deprecation period.
[        ] C/C++: sdkFolder is /Users/florian/Library/Android/sdk
[        ] C/C++: android.ndkVersion from module build.gradle is [27.0.12077973]
[        ] C/C++: android.ndkPath from module build.gradle is not set
[        ] C/C++: ndk.dir in local.properties is not set
[        ] C/C++: Not considering ANDROID_NDK_HOME because support was removed after deprecation period.
[        ] C/C++: sdkFolder is /Users/florian/Library/Android/sdk
[        ] C/C++: android.ndkVersion from module build.gradle is [27.0.12077973]
[        ] C/C++: android.ndkPath from module build.gradle is not set
[        ] C/C++: ndk.dir in local.properties is not set
[        ] C/C++: Not considering ANDROID_NDK_HOME because support was removed after deprecation period.
[        ] C/C++: sdkFolder is /Users/florian/Library/Android/sdk
[        ] C/C++: android.ndkVersion from module build.gradle is [27.0.12077973]
[        ] C/C++: android.ndkPath from module build.gradle is not set
[        ] C/C++: ndk.dir in local.properties is not set
[        ] C/C++: Not considering ANDROID_NDK_HOME because support was removed after deprecation period.
[        ] C/C++: sdkFolder is /Users/florian/Library/Android/sdk
[        ] C/C++: android.ndkVersion from module build.gradle is [27.0.12077973]
[        ] C/C++: android.ndkPath from module build.gradle is not set
[        ] C/C++: ndk.dir in local.properties is not set
[        ] C/C++: Not considering ANDROID_NDK_HOME because support was removed after deprecation period.
[        ] C/C++: sdkFolder is /Users/florian/Library/Android/sdk
[        ] > Configure project :flutter_openssl_crypto
[        ] Evaluating project ':flutter_openssl_crypto' using build file '/Users/florian/.pub-cache/hosted/pub.dev/flutter_openssl_crypto-0.5.0/android/build.gradle'.
[        ] Using default execution profile
[        ] Using Kotlin Gradle Plugin gradle85 variant
[        ] C/C++: android.ndkVersion from module build.gradle is [27.0.12077973]
[        ] C/C++: android.ndkPath from module build.gradle is not set
[        ] C/C++: ndk.dir in local.properties is not set
[        ] C/C++: Not considering ANDROID_NDK_HOME because support was removed after deprecation period.
[        ] C/C++: sdkFolder is /Users/florian/Library/Android/sdk
[        ] C/C++: android.ndkVersion from module build.gradle is [27.0.12077973]
[        ] C/C++: android.ndkPath from module build.gradle is not set
[        ] C/C++: ndk.dir in local.properties is not set
[        ] C/C++: Not considering ANDROID_NDK_HOME because support was removed after deprecation period.
[        ] C/C++: sdkFolder is /Users/florian/Library/Android/sdk
[        ] C/C++: android.ndkVersion from module build.gradle is [27.0.12077973]
[        ] C/C++: android.ndkPath from module build.gradle is not set
[        ] C/C++: ndk.dir in local.properties is not set
[        ] C/C++: Not considering ANDROID_NDK_HOME because support was removed after deprecation period.
[        ] C/C++: sdkFolder is /Users/florian/Library/Android/sdk
[        ] C/C++: android.ndkVersion from module build.gradle is [27.0.12077973]
[        ] C/C++: android.ndkPath from module build.gradle is not set
[        ] C/C++: ndk.dir in local.properties is not set
[        ] C/C++: Not considering ANDROID_NDK_HOME because support was removed after deprecation period.
[        ] C/C++: sdkFolder is /Users/florian/Library/Android/sdk
[        ] C/C++: android.ndkVersion from module build.gradle is [27.0.12077973]
[        ] C/C++: android.ndkPath from module build.gradle is not set
[        ] C/C++: ndk.dir in local.properties is not set
[        ] C/C++: Not considering ANDROID_NDK_HOME because support was removed after deprecation period.
[        ] C/C++: sdkFolder is /Users/florian/Library/Android/sdk
[        ] C/C++: android.ndkVersion from module build.gradle is [27.0.12077973]
[        ] C/C++: android.ndkPath from module build.gradle is not set
[        ] C/C++: ndk.dir in local.properties is not set
[        ] C/C++: Not considering ANDROID_NDK_HOME because support was removed after deprecation period.
[        ] C/C++: sdkFolder is /Users/florian/Library/Android/sdk
[        ] C/C++: android.ndkVersion from module build.gradle is [27.0.12077973]
[        ] C/C++: android.ndkPath from module build.gradle is not set
[        ] C/C++: ndk.dir in local.properties is not set
[        ] C/C++: Not considering ANDROID_NDK_HOME because support was removed after deprecation period.
[        ] C/C++: sdkFolder is /Users/florian/Library/Android/sdk
[        ] C/C++: android.ndkVersion from module build.gradle is [27.0.12077973]
[        ] C/C++: android.ndkPath from module build.gradle is not set
[        ] C/C++: ndk.dir in local.properties is not set
[        ] C/C++: Not considering ANDROID_NDK_HOME because support was removed after deprecation period.
[        ] C/C++: sdkFolder is /Users/florian/Library/Android/sdk
[        ] C/C++: android.ndkVersion from module build.gradle is [27.0.12077973]
[        ] C/C++: android.ndkPath from module build.gradle is not set
[        ] C/C++: ndk.dir in local.properties is not set
[        ] C/C++: Not considering ANDROID_NDK_HOME because support was removed after deprecation period.
[        ] C/C++: sdkFolder is /Users/florian/Library/Android/sdk
[        ] C/C++: android.ndkVersion from module build.gradle is [27.0.12077973]
[        ] C/C++: android.ndkPath from module build.gradle is not set
[        ] C/C++: ndk.dir in local.properties is not set
[        ] C/C++: Not considering ANDROID_NDK_HOME because support was removed after deprecation period.
[        ] C/C++: sdkFolder is /Users/florian/Library/Android/sdk
[        ] C/C++: android.ndkVersion from module build.gradle is [27.0.12077973]
[        ] C/C++: android.ndkPath from module build.gradle is not set
[        ] C/C++: ndk.dir in local.properties is not set
[        ] C/C++: Not considering ANDROID_NDK_HOME because support was removed after deprecation period.
[        ] C/C++: sdkFolder is /Users/florian/Library/Android/sdk
[        ] C/C++: android.ndkVersion from module build.gradle is [27.0.12077973]
[        ] C/C++: android.ndkPath from module build.gradle is not set
[        ] C/C++: ndk.dir in local.properties is not set
[        ] C/C++: Not considering ANDROID_NDK_HOME because support was removed after deprecation period.
[        ] C/C++: sdkFolder is /Users/florian/Library/Android/sdk
[        ] C/C++: android.ndkVersion from module build.gradle is [27.0.12077973]
[        ] C/C++: android.ndkPath from module build.gradle is not set
[        ] C/C++: ndk.dir in local.properties is not set
[        ] C/C++: Not considering ANDROID_NDK_HOME because support was removed after deprecation period.
[        ] C/C++: sdkFolder is /Users/florian/Library/Android/sdk
[        ] C/C++: android.ndkVersion from module build.gradle is [27.0.12077973]
[        ] C/C++: android.ndkPath from module build.gradle is not set
[        ] C/C++: ndk.dir in local.properties is not set
[        ] C/C++: Not considering ANDROID_NDK_HOME because support was removed after deprecation period.
[        ] C/C++: sdkFolder is /Users/florian/Library/Android/sdk
[        ] C/C++: android.ndkVersion from module build.gradle is [27.0.12077973]
[        ] C/C++: android.ndkPath from module build.gradle is not set
[        ] C/C++: ndk.dir in local.properties is not set
[        ] C/C++: Not considering ANDROID_NDK_HOME because support was removed after deprecation period.
[        ] C/C++: sdkFolder is /Users/florian/Library/Android/sdk
[        ] C/C++: android.ndkVersion from module build.gradle is [27.0.12077973]
[        ] C/C++: android.ndkPath from module build.gradle is not set
[        ] C/C++: ndk.dir in local.properties is not set
[        ] C/C++: Not considering ANDROID_NDK_HOME because support was removed after deprecation period.
[        ] C/C++: sdkFolder is /Users/florian/Library/Android/sdk
[        ] C/C++: android.ndkVersion from module build.gradle is [27.0.12077973]
[        ] C/C++: android.ndkPath from module build.gradle is not set
[        ] C/C++: ndk.dir in local.properties is not set
[        ] C/C++: Not considering ANDROID_NDK_HOME because support was removed after deprecation period.
[        ] C/C++: sdkFolder is /Users/florian/Library/Android/sdk
[        ] C/C++: android.ndkVersion from module build.gradle is [27.0.12077973]
[        ] C/C++: android.ndkPath from module build.gradle is not set
[        ] C/C++: ndk.dir in local.properties is not set
[        ] C/C++: Not considering ANDROID_NDK_HOME because support was removed after deprecation period.
[        ] C/C++: sdkFolder is /Users/florian/Library/Android/sdk
[        ] C/C++: android.ndkVersion from module build.gradle is [27.0.12077973]
[        ] C/C++: android.ndkPath from module build.gradle is not set
[        ] C/C++: ndk.dir in local.properties is not set
[        ] C/C++: Not considering ANDROID_NDK_HOME because support was removed after deprecation period.
[        ] C/C++: sdkFolder is /Users/florian/Library/Android/sdk
[  +97 ms] > Configure project :integration_test
[        ] Evaluating project ':integration_test' using build file '/opt/homebrew/share/flutter/packages/integration_test/android/build.gradle.kts'.
[        ] Resolved plugin [id: 'com.android.library']
[        ] Using default execution profile
[        ] > Configure project :path_provider_android
[        ] Evaluating project ':path_provider_android' using build file '/Users/florian/.pub-cache/hosted/pub.dev/path_provider_android-2.2.22/android/build.gradle'.
[        ] Using default execution profile
[        ] > Configure project :quill_native_bridge_android
[        ] Evaluating project ':quill_native_bridge_android' using build file '/Users/florian/.pub-cache/hosted/pub.dev/quill_native_bridge_android-0.0.1+2/android/build.gradle'.
[        ] Using default execution profile
[        ] Using Kotlin Gradle Plugin gradle85 variant
[        ] > Configure project :shared_preferences_android
[        ] Evaluating project ':shared_preferences_android' using build file '/Users/florian/.pub-cache/hosted/pub.dev/shared_preferences_android-2.4.20/android/build.gradle'.
[        ] Using default execution profile
[        ] Using Kotlin Gradle Plugin gradle85 variant
[        ] > Configure project :sqflite_android
[        ] Evaluating project ':sqflite_android' using build file '/Users/florian/.pub-cache/hosted/pub.dev/sqflite_android-2.4.2+2/android/build.gradle'.
[        ] Using default execution profile
[        ] > Configure project :url_launcher_android
[        ] Evaluating project ':url_launcher_android' using build file '/Users/florian/.pub-cache/hosted/pub.dev/url_launcher_android-6.3.28/android/build.gradle'.
[        ] Using default execution profile
[  +95 ms] > Configure project :video_player_android
[        ] Evaluating project ':video_player_android' using build file '/Users/florian/.pub-cache/hosted/pub.dev/video_player_android-2.9.1/android/build.gradle'.
[        ] Using default execution profile
[        ] Using Kotlin Gradle Plugin gradle85 variant
[        ] All projects evaluated.
[        ] Task name matched 'assembleDebug'
[        ] Selected primary task 'assembleDebug' from project :
[        ] Adding -Xuse-inline-scopes-numbers Kotlin compiler flag for task :app:compileDebugKotlin
[   +2 ms] Tasks to be executed: [task ':app:preBuild', task ':app:preDebugBuild', task ':app:mergeDebugNativeDebugMetadata', task ':app:checkKotlinGradlePluginConfigurationErrors', task ':app:compileFlutterBuildDebug', task ':app:packJniLibsflutterBuildDebug', task ':connectivity_plus:preBuild', task ':connectivity_plus:preDebugBuild', task ':connectivity_plus:writeDebugAarMetadata', task ':emoji_picker_flutter:preBuild', task ':emoji_picker_flutter:preDebugBuild', task ':emoji_picker_flutter:writeDebugAarMetadata', task ':file_selector_android:preBuild', task ':file_selector_android:preDebugBuild', task ':file_selector_android:writeDebugAarMetadata', task ':flutter_keyboard_visibility_temp_fork:preBuild', task ':flutter_keyboard_visibility_temp_fork:preDebugBuild', task ':flutter_keyboard_visibility_temp_fork:writeDebugAarMetadata', task ':flutter_native_splash:preBuild', task ':flutter_native_splash:preDebugBuild', task ':flutter_native_splash:writeDebugAarMetadata', task ':flutter_olm:preBuild', task ':flutter_olm:preDebugBuild', task ':flutter_olm:writeDebugAarMetadata', task ':flutter_openssl_crypto:preBuild', task ':flutter_openssl_crypto:preDebugBuild', task ':flutter_openssl_crypto:writeDebugAarMetadata', task ':integration_test:preBuild', task ':integration_test:preDebugBuild', task ':integration_test:writeDebugAarMetadata', task ':path_provider_android:preBuild', task ':path_provider_android:preDebugBuild', task ':path_provider_android:writeDebugAarMetadata', task ':quill_native_bridge_android:preBuild', task ':quill_native_bridge_android:preDebugBuild', task ':quill_native_bridge_android:writeDebugAarMetadata', task ':shared_preferences_android:preBuild', task ':shared_preferences_android:preDebugBuild', task ':shared_preferences_android:writeDebugAarMetadata', task ':sqflite_android:preBuild', task ':sqflite_android:preDebugBuild', task ':sqflite_android:writeDebugAarMetadata', task ':url_launcher_android:preBuild', task ':url_launcher_android:preDebugBuild', task ':url_launcher_android:writeDebugAarMetadata', task ':video_player_android:preBuild', task ':video_player_android:preDebugBuild', task ':video_player_android:writeDebugAarMetadata', task ':app:checkDebugAarMetadata', task ':app:cleanMergeDebugAssets', task ':app:mergeDebugShaders', task ':app:compileDebugShaders', task ':app:generateDebugAssets', task ':connectivity_plus:mergeDebugShaders', task ':connectivity_plus:compileDebugShaders', task ':connectivity_plus:generateDebugAssets', task ':connectivity_plus:mergeDebugAssets', task ':emoji_picker_flutter:mergeDebugShaders', task ':emoji_picker_flutter:compileDebugShaders', task ':emoji_picker_flutter:generateDebugAssets', task ':emoji_picker_flutter:mergeDebugAssets', task ':file_selector_android:mergeDebugShaders', task ':file_selector_android:compileDebugShaders', task ':file_selector_android:generateDebugAssets', task ':file_selector_android:mergeDebugAssets', task ':flutter_keyboard_visibility_temp_fork:mergeDebugShaders', task ':flutter_keyboard_visibility_temp_fork:compileDebugShaders', task ':flutter_keyboard_visibility_temp_fork:generateDebugAssets', task ':flutter_keyboard_visibility_temp_fork:mergeDebugAssets', task ':flutter_native_splash:mergeDebugShaders', task ':flutter_native_splash:compileDebugShaders', task ':flutter_native_splash:generateDebugAssets', task ':flutter_native_splash:mergeDebugAssets', task ':flutter_olm:mergeDebugShaders', task ':flutter_olm:compileDebugShaders', task ':flutter_olm:generateDebugAssets', task ':flutter_olm:mergeDebugAssets', task ':flutter_openssl_crypto:mergeDebugShaders', task ':flutter_openssl_crypto:compileDebugShaders', task ':flutter_openssl_crypto:generateDebugAssets', task ':flutter_openssl_crypto:mergeDebugAssets', task ':integration_test:mergeDebugShaders', task ':integration_test:compileDebugShaders', task ':integration_test:generateDebugAssets', task ':integration_test:mergeDebugAssets', task ':path_provider_android:mergeDebugShaders', task ':path_provider_android:compileDebugShaders', task ':path_provider_android:generateDebugAssets', task ':path_provider_android:mergeDebugAssets', task ':quill_native_bridge_android:mergeDebugShaders', task ':quill_native_bridge_android:compileDebugShaders', task ':quill_native_bridge_android:generateDebugAssets', task ':quill_native_bridge_android:mergeDebugAssets', task ':shared_preferences_android:mergeDebugShaders', task ':shared_preferences_android:compileDebugShaders', task ':shared_preferences_android:generateDebugAssets', task ':shared_preferences_android:mergeDebugAssets', task ':sqflite_android:mergeDebugShaders', task ':sqflite_android:compileDebugShaders', task ':sqflite_android:generateDebugAssets', task ':sqflite_android:mergeDebugAssets', task ':url_launcher_android:mergeDebugShaders', task ':url_launcher_android:compileDebugShaders', task ':url_launcher_android:generateDebugAssets', task ':url_launcher_android:mergeDebugAssets', task ':video_player_android:mergeDebugShaders', task ':video_player_android:compileDebugShaders', task ':video_player_android:generateDebugAssets', task ':video_player_android:mergeDebugAssets', task ':app:mergeDebugAssets', task ':app:copyFlutterAssetsDebug', task ':app:generateDebugResValues', task ':connectivity_plus:generateDebugResValues', task ':connectivity_plus:generateDebugResources', task ':connectivity_plus:packageDebugResources', task ':emoji_picker_flutter:generateDebugResValues', task ':emoji_picker_flutter:generateDebugResources', task ':emoji_picker_flutter:packageDebugResources', task ':file_selector_android:generateDebugResValues', task ':file_selector_android:generateDebugResources', task ':file_selector_android:packageDebugResources', task ':flutter_keyboard_visibility_temp_fork:generateDebugResValues', task ':flutter_keyboard_visibility_temp_fork:generateDebugResources', task ':flutter_keyboard_visibility_temp_fork:packageDebugResources', task ':flutter_native_splash:generateDebugResValues', task ':flutter_native_splash:generateDebugResources', task ':flutter_native_splash:packageDebugResources', task ':flutter_olm:generateDebugResValues', task ':flutter_olm:generateDebugResources', task ':flutter_olm:packageDebugResources', task ':flutter_openssl_crypto:generateDebugResValues', task ':flutter_openssl_crypto:generateDebugResources', task ':flutter_openssl_crypto:packageDebugResources', task ':integration_test:generateDebugResValues', task ':integration_test:generateDebugResources', task ':integration_test:packageDebugResources', task ':path_provider_android:generateDebugResValues', task ':path_provider_android:generateDebugResources', task ':path_provider_android:packageDebugResources', task ':quill_native_bridge_android:generateDebugResValues', task ':quill_native_bridge_android:generateDebugResources', task ':quill_native_bridge_android:packageDebugResources', task ':shared_preferences_android:generateDebugResValues', task ':shared_preferences_android:generateDebugResources', task ':shared_preferences_android:packageDebugResources', task ':sqflite_android:generateDebugResValues', task ':sqflite_android:generateDebugResources', task ':sqflite_android:packageDebugResources', task ':url_launcher_android:generateDebugResValues', task ':url_launcher_android:generateDebugResources', task ':url_launcher_android:packageDebugResources', task ':video_player_android:generateDebugResValues', task ':video_player_android:generateDebugResources', task ':video_player_android:packageDebugResources', task ':app:mapDebugSourceSetPaths', task ':app:generateDebugResources', task ':app:mergeDebugResources', task ':app:packageDebugResources', task ':app:parseDebugLocalResources', task ':app:createDebugCompatibleScreenManifests', task ':app:extractDeepLinksDebug', task ':connectivity_plus:extractDeepLinksDebug', task ':connectivity_plus:processDebugManifest', task ':emoji_picker_flutter:extractDeepLinksDebug', task ':emoji_picker_flutter:processDebugManifest', task ':file_selector_android:extractDeepLinksDebug', task ':file_selector_android:processDebugManifest', task ':flutter_keyboard_visibility_temp_fork:extractDeepLinksDebug', task ':flutter_keyboard_visibility_temp_fork:processDebugManifest', task ':flutter_native_splash:extractDeepLinksDebug', task ':flutter_native_splash:processDebugManifest', task ':flutter_olm:extractDeepLinksDebug', task ':flutter_olm:processDebugManifest', task ':flutter_openssl_crypto:extractDeepLinksDebug', task ':flutter_openssl_crypto:processDebugManifest', task ':integration_test:extractDeepLinksDebug', task ':integration_test:processDebugManifest', task ':path_provider_android:extractDeepLinksDebug', task ':path_provider_android:processDebugManifest', task ':quill_native_bridge_android:extractDeepLinksDebug', task ':quill_native_bridge_android:processDebugManifest', task ':shared_preferences_android:extractDeepLinksDebug', task ':shared_preferences_android:processDebugManifest', task ':sqflite_android:extractDeepLinksDebug', task ':sqflite_android:processDebugManifest', task ':url_launcher_android:extractDeepLinksDebug', task ':url_launcher_android:processDebugManifest', task ':video_player_android:extractDeepLinksDebug', task ':video_player_android:processDebugManifest', task ':app:processDebugMainManifest', task ':app:outputDebugAppLinkSettings', task ':app:processDebugManifest', task ':app:processDebugManifestForPackage', task ':connectivity_plus:compileDebugLibraryResources', task ':connectivity_plus:parseDebugLocalResources', task ':connectivity_plus:generateDebugRFile', task ':emoji_picker_flutter:compileDebugLibraryResources', task ':emoji_picker_flutter:parseDebugLocalResources', task ':emoji_picker_flutter:generateDebugRFile', task ':file_selector_android:compileDebugLibraryResources', task ':file_selector_android:parseDebugLocalResources', task ':file_selector_android:generateDebugRFile', task ':flutter_keyboard_visibility_temp_fork:compileDebugLibraryResources', task ':flutter_keyboard_visibility_temp_fork:parseDebugLocalResources', task ':flutter_keyboard_visibility_temp_fork:generateDebugRFile', task ':flutter_native_splash:compileDebugLibraryResources', task ':flutter_native_splash:parseDebugLocalResources', task ':flutter_native_splash:generateDebugRFile', task ':flutter_olm:compileDebugLibraryResources', task ':flutter_olm:parseDebugLocalResources', task ':flutter_olm:generateDebugRFile', task ':flutter_openssl_crypto:compileDebugLibraryResources', task ':flutter_openssl_crypto:parseDebugLocalResources', task ':flutter_openssl_crypto:generateDebugRFile', task ':integration_test:compileDebugLibraryResources', task ':integration_test:parseDebugLocalResources', task ':integration_test:generateDebugRFile', task ':path_provider_android:compileDebugLibraryResources', task ':path_provider_android:parseDebugLocalResources', task ':path_provider_android:generateDebugRFile', task ':quill_native_bridge_android:compileDebugLibraryResources', task ':quill_native_bridge_android:parseDebugLocalResources', task ':quill_native_bridge_android:generateDebugRFile', task ':shared_preferences_android:compileDebugLibraryResources', task ':shared_preferences_android:parseDebugLocalResources', task ':shared_preferences_android:generateDebugRFile', task ':sqflite_android:compileDebugLibraryResources', task ':sqflite_android:parseDebugLocalResources', task ':sqflite_android:generateDebugRFile', task ':url_launcher_android:compileDebugLibraryResources', task ':url_launcher_android:parseDebugLocalResources', task ':url_launcher_android:generateDebugRFile', task ':video_player_android:compileDebugLibraryResources', task ':video_player_android:parseDebugLocalResources', task ':video_player_android:generateDebugRFile', task ':app:processDebugResources', task ':connectivity_plus:javaPreCompileDebug', task ':connectivity_plus:compileDebugJavaWithJavac', task ':connectivity_plus:bundleLibCompileToJarDebug', task ':emoji_picker_flutter:checkKotlinGradlePluginConfigurationErrors', task ':emoji_picker_flutter:compileDebugKotlin', task ':emoji_picker_flutter:javaPreCompileDebug', task ':emoji_picker_flutter:compileDebugJavaWithJavac', task ':emoji_picker_flutter:bundleLibCompileToJarDebug', task ':file_selector_android:javaPreCompileDebug', task ':file_selector_android:compileDebugJavaWithJavac', task ':file_selector_android:bundleLibCompileToJarDebug', task ':flutter_keyboard_visibility_temp_fork:javaPreCompileDebug', task ':flutter_keyboard_visibility_temp_fork:compileDebugJavaWithJavac', task ':flutter_keyboard_visibility_temp_fork:bundleLibCompileToJarDebug', task ':flutter_native_splash:javaPreCompileDebug', task ':flutter_native_splash:compileDebugJavaWithJavac', task ':flutter_native_splash:bundleLibCompileToJarDebug', task ':flutter_olm:checkKotlinGradlePluginConfigurationErrors', task ':flutter_olm:compileDebugKotlin', task ':flutter_olm:javaPreCompileDebug', task ':flutter_olm:compileDebugJavaWithJavac', task ':flutter_olm:bundleLibCompileToJarDebug', task ':flutter_openssl_crypto:checkKotlinGradlePluginConfigurationErrors', task ':flutter_openssl_crypto:compileDebugKotlin', task ':flutter_openssl_crypto:javaPreCompileDebug', task ':flutter_openssl_crypto:compileDebugJavaWithJavac', task ':flutter_openssl_crypto:bundleLibCompileToJarDebug', task ':integration_test:javaPreCompileDebug', task ':integration_test:compileDebugJavaWithJavac', task ':integration_test:bundleLibCompileToJarDebug', task ':path_provider_android:javaPreCompileDebug', task ':path_provider_android:compileDebugJavaWithJavac', task ':path_provider_android:bundleLibCompileToJarDebug', task ':quill_native_bridge_android:checkKotlinGradlePluginConfigurationErrors', task ':quill_native_bridge_android:compileDebugKotlin', task ':quill_native_bridge_android:javaPreCompileDebug', task ':quill_native_bridge_android:compileDebugJavaWithJavac', task ':quill_native_bridge_android:bundleLibCompileToJarDebug', task ':shared_preferences_android:checkKotlinGradlePluginConfigurationErrors', task ':shared_preferences_android:compileDebugKotlin', task ':shared_preferences_android:javaPreCompileDebug', task ':shared_preferences_android:compileDebugJavaWithJavac', task ':shared_preferences_android:bundleLibCompileToJarDebug', task ':sqflite_android:javaPreCompileDebug', task ':sqflite_android:compileDebugJavaWithJavac', task ':sqflite_android:bundleLibCompileToJarDebug', task ':url_launcher_android:generateDebugBuildConfig', task ':url_launcher_android:javaPreCompileDebug', task ':url_launcher_android:compileDebugJavaWithJavac', task ':url_launcher_android:bundleLibCompileToJarDebug', task ':video_player_android:checkKotlinGradlePluginConfigurationErrors', task ':video_player_android:compileDebugKotlin', task ':video_player_android:javaPreCompileDebug', task ':video_player_android:compileDebugJavaWithJavac', task ':video_player_android:bundleLibCompileToJarDebug', task ':app:compileDebugKotlin', task ':app:javaPreCompileDebug', task ':app:compileDebugJavaWithJavac', task ':app:compressDebugAssets', task ':app:processDebugJavaRes', task ':connectivity_plus:processDebugJavaRes', task ':emoji_picker_flutter:processDebugJavaRes', task ':file_selector_android:processDebugJavaRes', task ':flutter_keyboard_visibility_temp_fork:processDebugJavaRes', task ':flutter_native_splash:processDebugJavaRes', task ':flutter_olm:processDebugJavaRes', task ':flutter_openssl_crypto:processDebugJavaRes', task ':integration_test:processDebugJavaRes', task ':path_provider_android:processDebugJavaRes', task ':quill_native_bridge_android:processDebugJavaRes', task ':shared_preferences_android:processDebugJavaRes', task ':sqflite_android:processDebugJavaRes', task ':url_launcher_android:processDebugJavaRes', task ':video_player_android:processDebugJavaRes', task ':app:mergeDebugJavaResource', task ':app:checkDebugDuplicateClasses', task ':app:desugarDebugFileDependencies', task ':app:mergeExtDexDebug', task ':connectivity_plus:bundleLibRuntimeToDirDebug', task ':emoji_picker_flutter:bundleLibRuntimeToDirDebug', task ':file_selector_android:bundleLibRuntimeToDirDebug', task ':flutter_keyboard_visibility_temp_fork:bundleLibRuntimeToDirDebug', task ':flutter_native_splash:bundleLibRuntimeToDirDebug', task ':flutter_olm:bundleLibRuntimeToDirDebug', task ':flutter_openssl_crypto:bundleLibRuntimeToDirDebug', task ':integration_test:bundleLibRuntimeToDirDebug', task ':path_provider_android:bundleLibRuntimeToDirDebug', task ':quill_native_bridge_android:bundleLibRuntimeToDirDebug', task ':shared_preferences_android:bundleLibRuntimeToDirDebug', task ':sqflite_android:bundleLibRuntimeToDirDebug', task ':url_launcher_android:bundleLibRuntimeToDirDebug', task ':video_player_android:bundleLibRuntimeToDirDebug', task ':app:mergeLibDexDebug', task ':app:dexBuilderDebug', task ':app:mergeProjectDexDebug', task ':app:configureCMakeDebug[arm64-v8a]', task ':app:buildCMakeDebug[arm64-v8a]', task ':app:configureCMakeDebug[armeabi-v7a]', task ':app:buildCMakeDebug[armeabi-v7a]', task ':app:configureCMakeDebug[x86_64]', task ':app:buildCMakeDebug[x86_64]', task ':app:mergeDebugJniLibFolders', task ':connectivity_plus:mergeDebugJniLibFolders', task ':connectivity_plus:mergeDebugNativeLibs', task ':connectivity_plus:copyDebugJniLibsProjectOnly', task ':emoji_picker_flutter:mergeDebugJniLibFolders', task ':emoji_picker_flutter:mergeDebugNativeLibs', task ':emoji_picker_flutter:copyDebugJniLibsProjectOnly', task ':file_selector_android:mergeDebugJniLibFolders', task ':file_selector_android:mergeDebugNativeLibs', task ':file_selector_android:copyDebugJniLibsProjectOnly', task ':flutter_keyboard_visibility_temp_fork:mergeDebugJniLibFolders', task ':flutter_keyboard_visibility_temp_fork:mergeDebugNativeLibs', task ':flutter_keyboard_visibility_temp_fork:copyDebugJniLibsProjectOnly', task ':flutter_native_splash:mergeDebugJniLibFolders', task ':flutter_native_splash:mergeDebugNativeLibs', task ':flutter_native_splash:copyDebugJniLibsProjectOnly', task ':flutter_olm:preProfileBuild', task ':flutter_olm:configureCMakeDebug[arm64-v8a]', task ':flutter_olm:buildCMakeDebug[arm64-v8a]', task ':flutter_olm:configureCMakeDebug[armeabi-v7a]', task ':flutter_olm:buildCMakeDebug[armeabi-v7a]', task ':flutter_olm:configureCMakeDebug[x86]', task ':flutter_olm:buildCMakeDebug[x86]', task ':flutter_olm:configureCMakeDebug[x86_64]', task ':flutter_olm:buildCMakeDebug[x86_64]', task ':flutter_olm:mergeDebugJniLibFolders', task ':flutter_olm:mergeDebugNativeLibs', task ':flutter_olm:copyDebugJniLibsProjectOnly', task ':flutter_openssl_crypto:preProfileBuild', task ':flutter_openssl_crypto:configureCMakeDebug[arm64-v8a]', task ':flutter_openssl_crypto:buildCMakeDebug[arm64-v8a]', task ':flutter_openssl_crypto:configureCMakeDebug[armeabi-v7a]', task ':flutter_openssl_crypto:buildCMakeDebug[armeabi-v7a]', task ':flutter_openssl_crypto:configureCMakeDebug[x86]', task ':flutter_openssl_crypto:buildCMakeDebug[x86]', task ':flutter_openssl_crypto:configureCMakeDebug[x86_64]', task ':flutter_openssl_crypto:buildCMakeDebug[x86_64]', task ':flutter_openssl_crypto:mergeDebugJniLibFolders', task ':flutter_openssl_crypto:mergeDebugNativeLibs', task ':flutter_openssl_crypto:copyDebugJniLibsProjectOnly', task ':integration_test:mergeDebugJniLibFolders', task ':integration_test:mergeDebugNativeLibs', task ':integration_test:copyDebugJniLibsProjectOnly', task ':path_provider_android:mergeDebugJniLibFolders', task ':path_provider_android:mergeDebugNativeLibs', task ':path_provider_android:copyDebugJniLibsProjectOnly', task ':quill_native_bridge_android:mergeDebugJniLibFolders', task ':quill_native_bridge_android:mergeDebugNativeLibs', task ':quill_native_bridge_android:copyDebugJniLibsProjectOnly', task ':shared_preferences_android:mergeDebugJniLibFolders', task ':shared_preferences_android:mergeDebugNativeLibs', task ':shared_preferences_android:copyDebugJniLibsProjectOnly', task ':sqflite_android:mergeDebugJniLibFolders', task ':sqflite_android:mergeDebugNativeLibs', task ':sqflite_android:copyDebugJniLibsProjectOnly', task ':url_launcher_android:mergeDebugJniLibFolders', task ':url_launcher_android:mergeDebugNativeLibs', task ':url_launcher_android:copyDebugJniLibsProjectOnly', task ':video_player_android:mergeDebugJniLibFolders', task ':video_player_android:mergeDebugNativeLibs', task ':video_player_android:copyDebugJniLibsProjectOnly', task ':app:mergeDebugNativeLibs', task ':app:stripDebugDebugSymbols', task ':app:validateSigningDebug', task ':app:writeDebugAppMetadata', task ':app:writeDebugSigningConfigVersions', task ':app:packageDebug', task ':app:createDebugApkListingFileRedirect', task ':app:assembleDebug', task ':connectivity_plus:stripDebugDebugSymbols', task ':connectivity_plus:copyDebugJniLibsProjectAndLocalJars', task ':connectivity_plus:extractDebugAnnotations', task ':connectivity_plus:extractDeepLinksForAarDebug', task ':connectivity_plus:mergeDebugGeneratedProguardFiles', task ':connectivity_plus:mergeDebugConsumerProguardFiles', task ':connectivity_plus:prepareDebugArtProfile', task ':connectivity_plus:prepareLintJarForPublish', task ':connectivity_plus:mergeDebugJavaResource', task ':connectivity_plus:syncDebugLibJars', task ':connectivity_plus:bundleDebugAar', task ':connectivity_plus:assembleDebug', task ':emoji_picker_flutter:stripDebugDebugSymbols', task ':emoji_picker_flutter:copyDebugJniLibsProjectAndLocalJars', task ':emoji_picker_flutter:extractDebugAnnotations', task ':emoji_picker_flutter:extractDeepLinksForAarDebug', task ':emoji_picker_flutter:mergeDebugGeneratedProguardFiles', task ':emoji_picker_flutter:mergeDebugConsumerProguardFiles', task ':emoji_picker_flutter:prepareDebugArtProfile', task ':emoji_picker_flutter:prepareLintJarForPublish', task ':emoji_picker_flutter:mergeDebugJavaResource', task ':emoji_picker_flutter:syncDebugLibJars', task ':emoji_picker_flutter:bundleDebugAar', task ':emoji_picker_flutter:assembleDebug', task ':file_selector_android:stripDebugDebugSymbols', task ':file_selector_android:copyDebugJniLibsProjectAndLocalJars', task ':file_selector_android:extractDebugAnnotations', task ':file_selector_android:extractDeepLinksForAarDebug', task ':file_selector_android:mergeDebugGeneratedProguardFiles', task ':file_selector_android:mergeDebugConsumerProguardFiles', task ':file_selector_android:prepareDebugArtProfile', task ':file_selector_android:prepareLintJarForPublish', task ':file_selector_android:mergeDebugJavaResource', task ':file_selector_android:syncDebugLibJars', task ':file_selector_android:bundleDebugAar', task ':file_selector_android:assembleDebug', task ':flutter_keyboard_visibility_temp_fork:stripDebugDebugSymbols', task ':flutter_keyboard_visibility_temp_fork:copyDebugJniLibsProjectAndLocalJars', task ':flutter_keyboard_visibility_temp_fork:extractDebugAnnotations', task ':flutter_keyboard_visibility_temp_fork:extractDeepLinksForAarDebug', task ':flutter_keyboard_visibility_temp_fork:mergeDebugGeneratedProguardFiles', task ':flutter_keyboard_visibility_temp_fork:mergeDebugConsumerProguardFiles', task ':flutter_keyboard_visibility_temp_fork:prepareDebugArtProfile', task ':flutter_keyboard_visibility_temp_fork:prepareLintJarForPublish', task ':flutter_keyboard_visibility_temp_fork:mergeDebugJavaResource', task ':flutter_keyboard_visibility_temp_fork:syncDebugLibJars', task ':flutter_keyboard_visibility_temp_fork:bundleDebugAar', task ':flutter_keyboard_visibility_temp_fork:assembleDebug', task ':flutter_native_splash:stripDebugDebugSymbols', task ':flutter_native_splash:copyDebugJniLibsProjectAndLocalJars', task ':flutter_native_splash:extractDebugAnnotations', task ':flutter_native_splash:extractDeepLinksForAarDebug', task ':flutter_native_splash:mergeDebugGeneratedProguardFiles', task ':flutter_native_splash:mergeDebugConsumerProguardFiles', task ':flutter_native_splash:prepareDebugArtProfile', task ':flutter_native_splash:prepareLintJarForPublish', task ':flutter_native_splash:mergeDebugJavaResource', task ':flutter_native_splash:syncDebugLibJars', task ':flutter_native_splash:bundleDebugAar', task ':flutter_native_splash:assembleDebug', task ':flutter_olm:stripDebugDebugSymbols', task ':flutter_olm:copyDebugJniLibsProjectAndLocalJars', task ':flutter_olm:extractDebugAnnotations', task ':flutter_olm:extractDeepLinksForAarDebug', task ':flutter_olm:mergeDebugGeneratedProguardFiles', task ':flutter_olm:mergeDebugConsumerProguardFiles', task ':flutter_olm:prepareDebugArtProfile', task ':flutter_olm:prepareLintJarForPublish', task ':flutter_olm:mergeDebugJavaResource', task ':flutter_olm:syncDebugLibJars', task ':flutter_olm:bundleDebugAar', task ':flutter_olm:assembleDebug', task ':flutter_openssl_crypto:stripDebugDebugSymbols', task ':flutter_openssl_crypto:copyDebugJniLibsProjectAndLocalJars', task ':flutter_openssl_crypto:extractDebugAnnotations', task ':flutter_openssl_crypto:extractDeepLinksForAarDebug', task ':flutter_openssl_crypto:mergeDebugGeneratedProguardFiles', task ':flutter_openssl_crypto:mergeDebugConsumerProguardFiles', task ':flutter_openssl_crypto:prepareDebugArtProfile', task ':flutter_openssl_crypto:prepareLintJarForPublish', task ':flutter_openssl_crypto:mergeDebugJavaResource', task ':flutter_openssl_crypto:syncDebugLibJars', task ':flutter_openssl_crypto:bundleDebugAar', task ':flutter_openssl_crypto:assembleDebug', task ':integration_test:stripDebugDebugSymbols', task ':integration_test:copyDebugJniLibsProjectAndLocalJars', task ':integration_test:extractDebugAnnotations', task ':integration_test:extractDeepLinksForAarDebug', task ':integration_test:mergeDebugGeneratedProguardFiles', task ':integration_test:mergeDebugConsumerProguardFiles', task ':integration_test:prepareDebugArtProfile', task ':integration_test:prepareLintJarForPublish', task ':integration_test:mergeDebugJavaResource', task ':integration_test:syncDebugLibJars', task ':integration_test:bundleDebugAar', task ':integration_test:assembleDebug', task ':path_provider_android:stripDebugDebugSymbols', task ':path_provider_android:copyDebugJniLibsProjectAndLocalJars', task ':path_provider_android:extractDebugAnnotations', task ':path_provider_android:extractDeepLinksForAarDebug', task ':path_provider_android:mergeDebugGeneratedProguardFiles', task ':path_provider_android:mergeDebugConsumerProguardFiles', task ':path_provider_android:prepareDebugArtProfile', task ':path_provider_android:prepareLintJarForPublish', task ':path_provider_android:mergeDebugJavaResource', task ':path_provider_android:syncDebugLibJars', task ':path_provider_android:bundleDebugAar', task ':path_provider_android:assembleDebug', task ':quill_native_bridge_android:stripDebugDebugSymbols', task ':quill_native_bridge_android:copyDebugJniLibsProjectAndLocalJars', task ':quill_native_bridge_android:extractDebugAnnotations', task ':quill_native_bridge_android:extractDeepLinksForAarDebug', task ':quill_native_bridge_android:mergeDebugGeneratedProguardFiles', task ':quill_native_bridge_android:mergeDebugConsumerProguardFiles', task ':quill_native_bridge_android:prepareDebugArtProfile', task ':quill_native_bridge_android:prepareLintJarForPublish', task ':quill_native_bridge_android:mergeDebugJavaResource', task ':quill_native_bridge_android:syncDebugLibJars', task ':quill_native_bridge_android:bundleDebugAar', task ':quill_native_bridge_android:assembleDebug', task ':shared_preferences_android:stripDebugDebugSymbols', task ':shared_preferences_android:copyDebugJniLibsProjectAndLocalJars', task ':shared_preferences_android:extractDebugAnnotations', task ':shared_preferences_android:extractDeepLinksForAarDebug', task ':shared_preferences_android:mergeDebugGeneratedProguardFiles', task ':shared_preferences_android:mergeDebugConsumerProguardFiles', task ':shared_preferences_android:prepareDebugArtProfile', task ':shared_preferences_android:prepareLintJarForPublish', task ':shared_preferences_android:mergeDebugJavaResource', task ':shared_preferences_android:syncDebugLibJars', task ':shared_preferences_android:bundleDebugAar', task ':shared_preferences_android:assembleDebug', task ':sqflite_android:stripDebugDebugSymbols', task ':sqflite_android:copyDebugJniLibsProjectAndLocalJars', task ':sqflite_android:extractDebugAnnotations', task ':sqflite_android:extractDeepLinksForAarDebug', task ':sqflite_android:mergeDebugGeneratedProguardFiles', task ':sqflite_android:mergeDebugConsumerProguardFiles', task ':sqflite_android:prepareDebugArtProfile', task ':sqflite_android:prepareLintJarForPublish', task ':sqflite_android:mergeDebugJavaResource', task ':sqflite_android:syncDebugLibJars', task ':sqflite_android:bundleDebugAar', task ':sqflite_android:assembleDebug', task ':url_launcher_android:stripDebugDebugSymbols', task ':url_launcher_android:copyDebugJniLibsProjectAndLocalJars', task ':url_launcher_android:extractDebugAnnotations', task ':url_launcher_android:extractDeepLinksForAarDebug', task ':url_launcher_android:mergeDebugGeneratedProguardFiles', task ':url_launcher_android:mergeDebugConsumerProguardFiles', task ':url_launcher_android:prepareDebugArtProfile', task ':url_launcher_android:prepareLintJarForPublish', task ':url_launcher_android:mergeDebugJavaResource', task ':url_launcher_android:syncDebugLibJars', task ':url_launcher_android:bundleDebugAar', task ':url_launcher_android:assembleDebug', task ':video_player_android:stripDebugDebugSymbols', task ':video_player_android:copyDebugJniLibsProjectAndLocalJars', task ':video_player_android:extractDebugAnnotations', task ':video_player_android:extractDeepLinksForAarDebug', task ':video_player_android:mergeDebugGeneratedProguardFiles', task ':video_player_android:mergeDebugConsumerProguardFiles', task ':video_player_android:prepareDebugArtProfile', task ':video_player_android:prepareLintJarForPublish', task ':video_player_android:mergeDebugJavaResource', task ':video_player_android:syncDebugLibJars', task ':video_player_android:bundleDebugAar', task ':video_player_android:assembleDebug']
[        ] Tasks that were excluded: []
[        ] work action Parameters of ClassesDirToClassesTransform (Thread[#39741,Execution worker Thread 16,5,main]) started.
[        ] work action Parameters of DexingNoClasspathTransform (Thread[#39741,Execution worker Thread 16,5,main]) started.
[        ] Resolve mutations for :app:preBuild (Thread[#39741,Execution worker Thread 16,5,main]) started.
[        ] :app:preBuild (Thread[#39741,Execution worker Thread 16,5,main]) started.
[        ] > Task :app:preBuild UP-TO-DATE
[        ] Skipping task ':app:preBuild' as it has no actions.
[        ] Resolve mutations for :app:preDebugBuild (Thread[#39741,Execution worker Thread 16,5,main]) started.
[        ] :app:preDebugBuild (Thread[#39737,Execution worker Thread 12,5,main]) started.
[        ] > Task :app:preDebugBuild UP-TO-DATE
[        ] Skipping task ':app:preDebugBuild' as it has no actions.
[        ] Resolve mutations for :app:mergeDebugNativeDebugMetadata (Thread[#39737,Execution worker Thread 12,5,main]) started.
[        ] :app:mergeDebugNativeDebugMetadata (Thread[#39737,Execution worker Thread 12,5,main]) started.
[        ] > Task :app:mergeDebugNativeDebugMetadata NO-SOURCE
[        ] Skipping task ':app:mergeDebugNativeDebugMetadata' as it has no source files and no previous output files.
[        ] Resolve mutations for :app:checkKotlinGradlePluginConfigurationErrors (Thread[#39730,Execution worker Thread 5,5,main]) started.
[        ] :app:checkKotlinGradlePluginConfigurationErrors (Thread[#39730,Execution worker Thread 5,5,main]) started.
[        ] > Task :app:checkKotlinGradlePluginConfigurationErrors SKIPPED
[        ] Skipping task ':app:checkKotlinGradlePluginConfigurationErrors' as task onlyIf 'errorDiagnostics are present' is false.
[        ] Resolve mutations for :app:compileFlutterBuildDebug (Thread[#39730,Execution worker Thread 5,5,main]) started.
[        ] :app:compileFlutterBuildDebug (Thread[#39730,Execution worker Thread 5,5,main]) started.
06:25 +3 -16: loading /Users/florian/Code/substitution/integration_test/key_verification_test.dart                                                                                                     06:26 +3 -16: loading /Users/florian/Code/substitution/integration_test/key_verification_test.dart                                                                                                     [+1991 ms] > Task :app:compileFlutterBuildDebug
[        ] Caching disabled for task ':app:compileFlutterBuildDebug' because:
[        ]   Build cache is disabled
[        ]   Caching has not been enabled for the task
[        ] Task ':app:compileFlutterBuildDebug' is not up-to-date because:
[        ]   Value of input property 'targetPath' has changed for task ':app:compileFlutterBuildDebug'
[        ] Starting process 'command '/opt/homebrew/share/flutter/bin/flutter''. Working directory: /Users/florian/Code/substitution Command: /opt/homebrew/share/flutter/bin/flutter --verbose assemble --no-version-check --depfile /Users/florian/Code/substitution/build/app/intermediates/flutter/debug/flutter_build.d --output /Users/florian/Code/substitution/build/app/intermediates/flutter/debug -dTargetFile=/var/folders/l_/w8pnbb9d38n57pzg9j98fmy80000gn/T/flutter_tools.wuOse9/flutter_test_listener.2z90el/listener.dart -dTargetPlatform=android -dBuildMode=debug -dTrackWidgetCreation=true --DartDefines=TUFUUklYX1NFUlZFUj1odHRwOi8vbG9jYWxob3N0OjgwMDg=,TUFUUklYX1RFU1RfVVNFUj0=,TUFUUklYX1RFU1RfUEFTU1dPUkQ9,RkxVVFRFUl9WRVJTSU9OPTMuMzguOQ==,RkxVVFRFUl9DSEFOTkVMPXN0YWJsZQ==,RkxVVFRFUl9HSVRfVVJMPWh0dHBzOi8vZ2l0aHViLmNvbS9mbHV0dGVyL2ZsdXR0ZXIuZ2l0,RkxVVFRFUl9GUkFNRVdPUktfUkVWSVNJT049NjczMjNkZTI4NQ==,RkxVVFRFUl9FTkdJTkVfUkVWSVNJT049NTg3YzE4Zjg3Mw==,RkxVVFRFUl9EQVJUX1ZFUlNJT049My4xMC44,SU5URUdSQVRJT05fVEVTVF9TSE9VTERfUkVQT1JUX1JFU1VMVFNfVE9fTkFUSVZFPWZhbHNl -dFlavor= -dAndroidArchs=android-arm64 -dMinSdkVersion=24 debug_android_application
[        ] Successfully started process 'command '/opt/homebrew/share/flutter/bin/flutter''
[        ] [  +20 ms] executing: sysctl hw.optional.arm64
[        ] [   +4 ms] Exit code 0 from: sysctl hw.optional.arm64
[        ] [        ] hw.optional.arm64: 1
[        ] [   +3 ms] Artifact Instance of 'MaterialFonts' is not required, skipping update.
[        ] [        ] Artifact Instance of 'GradleWrapper' is not required, skipping update.
[        ] [        ] Artifact Instance of 'AndroidGenSnapshotArtifacts' is not required, skipping update.
[        ] [        ] Artifact Instance of 'AndroidInternalBuildArtifacts' is not required, skipping update.
[        ] [        ] Artifact Instance of 'IOSEngineArtifacts' is not required, skipping update.
[        ] [        ] Artifact Instance of 'FlutterWebSdk' is not required, skipping update.
[        ] [        ] Artifact Instance of 'LegacyCanvasKitRemover' is not required, skipping update.
[        ] [        ] Artifact Instance of 'FlutterSdk' is not required, skipping update.
[        ] [        ] Artifact Instance of 'WindowsEngineArtifacts' is not required, skipping update.
[        ] [        ] Artifact Instance of 'MacOSEngineArtifacts' is not required, skipping update.
[        ] [        ] Artifact Instance of 'LinuxEngineArtifacts' is not required, skipping update.
[        ] [        ] Artifact Instance of 'LinuxFuchsiaSDKArtifacts' is not required, skipping update.
[        ] [        ] Artifact Instance of 'MacOSFuchsiaSDKArtifacts' is not required, skipping update.
[        ] [        ] Artifact Instance of 'FlutterRunnerSDKArtifacts' is not required, skipping update.
[        ] [        ] Artifact Instance of 'FlutterRunnerDebugSymbols' is not required, skipping update.
[        ] [        ] Artifact Instance of 'IosUsbArtifacts' is not required, skipping update.
[        ] [        ] Artifact Instance of 'IosUsbArtifacts' is not required, skipping update.
[        ] [        ] Artifact Instance of 'IosUsbArtifacts' is not required, skipping update.
[        ] [        ] Artifact Instance of 'IosUsbArtifacts' is not required, skipping update.
[        ] [        ] Artifact Instance of 'IosUsbArtifacts' is not required, skipping update.
[        ] [        ] Artifact Instance of 'IosUsbArtifacts' is not required, skipping update.
[        ] [        ] Artifact Instance of 'FontSubsetArtifacts' is not required, skipping update.
[        ] [        ] Artifact Instance of 'PubDependencies' is not required, skipping update.
[        ] [   +3 ms] Artifact Instance of 'AndroidGenSnapshotArtifacts' is not required, skipping update.
[        ] [        ] Artifact Instance of 'AndroidInternalBuildArtifacts' is not required, skipping update.
[        ] [        ] Artifact Instance of 'IOSEngineArtifacts' is not required, skipping update.
[        ] [        ] Artifact Instance of 'FlutterWebSdk' is not required, skipping update.
[        ] [        ] Artifact Instance of 'FlutterEngineStamp' is not required, skipping update.
[        ] [        ] Artifact Instance of 'LegacyCanvasKitRemover' is not required, skipping update.
[        ] [        ] Artifact Instance of 'WindowsEngineArtifacts' is not required, skipping update.
[        ] [        ] Artifact Instance of 'MacOSEngineArtifacts' is not required, skipping update.
[        ] [        ] Artifact Instance of 'LinuxEngineArtifacts' is not required, skipping update.
[        ] [        ] Artifact Instance of 'LinuxFuchsiaSDKArtifacts' is not required, skipping update.
[        ] [        ] Artifact Instance of 'MacOSFuchsiaSDKArtifacts' is not required, skipping update.
[        ] [        ] Artifact Instance of 'FlutterRunnerSDKArtifacts' is not required, skipping update.
[        ] [        ] Artifact Instance of 'FlutterRunnerDebugSymbols' is not required, skipping update.
[        ] [  +22 ms] Artifact Instance of 'MaterialFonts' is not required, skipping update.
[        ] [        ] Artifact Instance of 'GradleWrapper' is not required, skipping update.
[        ] [        ] Artifact Instance of 'AndroidInternalBuildArtifacts' is not required, skipping update.
[        ] [        ] Artifact Instance of 'IOSEngineArtifacts' is not required, skipping update.
[        ] [        ] Artifact Instance of 'FlutterWebSdk' is not required, skipping update.
[        ] [        ] Artifact Instance of 'FlutterEngineStamp' is not required, skipping update.
[        ] [        ] Artifact Instance of 'LegacyCanvasKitRemover' is not required, skipping update.
[        ] [        ] Artifact Instance of 'FlutterSdk' is not required, skipping update.
[        ] [        ] Artifact Instance of 'WindowsEngineArtifacts' is not required, skipping update.
[        ] [        ] Artifact Instance of 'MacOSEngineArtifacts' is not required, skipping update.
[        ] [        ] Artifact Instance of 'LinuxEngineArtifacts' is not required, skipping update.
[        ] [        ] Artifact Instance of 'LinuxFuchsiaSDKArtifacts' is not required, skipping update.
[        ] [        ] Artifact Instance of 'MacOSFuchsiaSDKArtifacts' is not required, skipping update.
[        ] [        ] Artifact Instance of 'FlutterRunnerSDKArtifacts' is not required, skipping update.
[        ] [        ] Artifact Instance of 'FlutterRunnerDebugSymbols' is not required, skipping update.
[        ] [        ] Artifact Instance of 'IosUsbArtifacts' is not required, skipping update.
[        ] [        ] Artifact Instance of 'IosUsbArtifacts' is not required, skipping update.
[        ] [        ] Artifact Instance of 'IosUsbArtifacts' is not required, skipping update.
[        ] [        ] Artifact Instance of 'IosUsbArtifacts' is not required, skipping update.
[        ] [        ] Artifact Instance of 'IosUsbArtifacts' is not required, skipping update.
[        ] [        ] Artifact Instance of 'IosUsbArtifacts' is not required, skipping update.
[        ] [        ] Artifact Instance of 'FontSubsetArtifacts' is not required, skipping update.
[        ] [        ] Artifact Instance of 'PubDependencies' is not required, skipping update.
[        ] [  +19 ms] Initializing file store
[        ] [  +11 ms] dart_build: Starting due to {}
[        ] [        ] Skipping target: gen_localizations
[        ] [        ] gen_dart_plugin_registrant: Starting due to {InvalidatedReasonKind.outputSetAddition: The following outputs were added to the output set: /Users/florian/Code/substitution/.dart_tool/flutter_build/dart_plugin_registrant.dart, InvalidatedReasonKind.inputChanged: The following inputs have updated contents: /Users/florian/Code/substitution/.dart_tool/package_config.json}
[        ] [  +42 ms] Found plugin integration_test at /opt/homebrew/share/flutter/packages/integration_test/
[        ] [  +18 ms] Found plugin flutter_native_splash at /Users/florian/.pub-cache/hosted/pub.dev/flutter_native_splash-2.4.7/
[        ] [  +13 ms] Building native assets for android_arm64.
[        ] [  +24 ms] Found plugin connectivity_plus at /Users/florian/.pub-cache/hosted/pub.dev/connectivity_plus-5.0.2/
[        ] [   +7 ms] input.json contents:
[        ]            {
[        ]              "assets": {},
[        ]              "config": {
[        ]                "build_asset_types": [
[        ]                  "code_assets/code"
[        ]                ],
[        ]                "extensions": {
[        ]                  "code_assets": {
[        ]                    "android": {
[        ]                      "target_ndk_api": 24
[        ]                    },
[        ]                    "c_compiler": {
[        ]                      "ar": "/Users/florian/Library/Android/sdk/ndk/28.2.13676358/toolchains/llvm/prebuilt/darwin-x86_64/bin/llvm-ar",
[        ]                      "cc": "/Users/florian/Library/Android/sdk/ndk/28.2.13676358/toolchains/llvm/prebuilt/darwin-x86_64/bin/clang",
[        ]                      "ld": "/Users/florian/Library/Android/sdk/ndk/28.2.13676358/toolchains/llvm/prebuilt/darwin-x86_64/bin/ld.lld"
[        ]                    },
[        ]                    "link_mode_preference": "dynamic",
[        ]                    "target_architecture": "arm64",
[        ]                    "target_os": "android"
[        ]                  }
[        ]                },
[        ]                "linking_enabled": false
[        ]              },
[        ]              "out_dir_shared": "/Users/florian/Code/substitution/.dart_tool/hooks_runner/shared/objective_c/build/",
[        ]              "out_file": "/Users/florian/Code/substitution/.dart_tool/hooks_runner/objective_c/842b8c761140c2c0e73191c57a372e73/output.json",
[        ]              "package_name": "objective_c",
[        ]              "package_root": "/Users/florian/.pub-cache/hosted/pub.dev/objective_c-9.2.5/",
[        ]              "user_defines": {}
[        ]            }
[        ] [   +2 ms] output.json contents:
[        ]            {
[        ]              "assets_for_linking": {},
[        ]              "status": "success",
[        ]              "timestamp": "2026-02-16 21:57:23.000"
[        ]            }
[        ] [   +1 ms] Skipping build for objective_c in /Users/florian/Code/substitution/.dart_tool/hooks_runner/objective_c/842b8c761140c2c0e73191c57a372e73/. Last build on 2026-02-16 21:57:23.000.
[        ] [   +2 ms] Building native assets for android_arm64 done.
[        ] [   +1 ms] dart_build: Complete
[        ] [   +1 ms] install_code_assets: Starting due to {}
[        ] [   +1 ms] Writing native assets json to file:///Users/florian/Code/substitution/.dart_tool/flutter_build/0116350b72ded8c7bf2231cb7ad8b644/native_assets.json.
[        ] [        ] Found plugin video_player at /Users/florian/.pub-cache/hosted/pub.dev/video_player-2.10.1/
[        ] [        ] Found plugin video_player_web at /Users/florian/.pub-cache/hosted/pub.dev/video_player_web-2.4.0/
[        ] [        ] Writing /Users/florian/Code/substitution/.dart_tool/flutter_build/0116350b72ded8c7bf2231cb7ad8b644/native_assets.json done.
[        ] [        ] install_code_assets: Complete
[        ] [   +1 ms] Found plugin video_player_avfoundation at /Users/florian/.pub-cache/hosted/pub.dev/video_player_avfoundation-2.9.1/
[        ] [        ] Found plugin video_player_android at /Users/florian/.pub-cache/hosted/pub.dev/video_player_android-2.9.1/
[        ] [        ] Found plugin url_launcher at /Users/florian/.pub-cache/hosted/pub.dev/url_launcher-6.3.2/
[        ] [        ] Found plugin url_launcher_windows at /Users/florian/.pub-cache/hosted/pub.dev/url_launcher_windows-3.1.5/
[        ] [        ] Found plugin url_launcher_web at /Users/florian/.pub-cache/hosted/pub.dev/url_launcher_web-2.4.2/
[        ] [        ] Found plugin url_launcher_macos at /Users/florian/.pub-cache/hosted/pub.dev/url_launcher_macos-3.2.5/
[        ] [        ] Found plugin url_launcher_linux at /Users/florian/.pub-cache/hosted/pub.dev/url_launcher_linux-3.2.2/
[        ] [        ] Found plugin url_launcher_ios at /Users/florian/.pub-cache/hosted/pub.dev/url_launcher_ios-6.3.6/
[        ] [        ] Found plugin url_launcher_android at /Users/florian/.pub-cache/hosted/pub.dev/url_launcher_android-6.3.28/
[        ] [   +2 ms] Found plugin sqflite at /Users/florian/.pub-cache/hosted/pub.dev/sqflite-2.4.2/
[        ] [        ] Found plugin sqflite_darwin at /Users/florian/.pub-cache/hosted/pub.dev/sqflite_darwin-2.4.2/
[        ] [        ] Found plugin sqflite_android at /Users/florian/.pub-cache/hosted/pub.dev/sqflite_android-2.4.2+2/
[        ] [   +1 ms] Found plugin path_provider at /Users/florian/.pub-cache/hosted/pub.dev/path_provider-2.1.5/
[        ] [        ] Found plugin path_provider_windows at /Users/florian/.pub-cache/hosted/pub.dev/path_provider_windows-2.3.0/
[        ] [        ] Found plugin path_provider_linux at /Users/florian/.pub-cache/hosted/pub.dev/path_provider_linux-2.2.1/
[        ] [        ] Found plugin path_provider_foundation at /Users/florian/.pub-cache/hosted/pub.dev/path_provider_foundation-2.6.0/
[        ] [   +2 ms] Found plugin path_provider_android at /Users/florian/.pub-cache/hosted/pub.dev/path_provider_android-2.2.22/
[        ] [  +20 ms] Found plugin flutter_keyboard_visibility_temp_fork at /Users/florian/.pub-cache/hosted/pub.dev/flutter_keyboard_visibility_temp_fork-0.1.5/
[        ] [        ] Found plugin flutter_keyboard_visibility_windows at /Users/florian/.pub-cache/hosted/pub.dev/flutter_keyboard_visibility_windows-1.0.0/
[        ] [   +1 ms] Found plugin flutter_keyboard_visibility_macos at /Users/florian/.pub-cache/hosted/pub.dev/flutter_keyboard_visibility_macos-1.0.0/
[        ] [        ] Found plugin flutter_keyboard_visibility_linux at /Users/florian/.pub-cache/hosted/pub.dev/flutter_keyboard_visibility_linux-1.0.0/
[        ] [   +9 ms] Found plugin quill_native_bridge at /Users/florian/.pub-cache/hosted/pub.dev/quill_native_bridge-11.1.0/
[        ] [        ] Found plugin quill_native_bridge_windows at /Users/florian/.pub-cache/hosted/pub.dev/quill_native_bridge_windows-0.0.2/
[        ] [  +13 ms] Found plugin file_selector_windows at /Users/florian/.pub-cache/hosted/pub.dev/file_selector_windows-0.9.3+5/
[        ] [   +1 ms] Found plugin quill_native_bridge_web at /Users/florian/.pub-cache/hosted/pub.dev/quill_native_bridge_web-0.0.2/
[        ] [        ] Found plugin quill_native_bridge_macos at /Users/florian/.pub-cache/hosted/pub.dev/quill_native_bridge_macos-0.0.1/
[        ] [        ] Found plugin quill_native_bridge_ios at /Users/florian/.pub-cache/hosted/pub.dev/quill_native_bridge_ios-0.0.1/
[        ] [        ] Found plugin quill_native_bridge_android at /Users/florian/.pub-cache/hosted/pub.dev/quill_native_bridge_android-0.0.1+2/
[        ] [   +3 ms] Found plugin flutter_openssl_crypto at /Users/florian/.pub-cache/hosted/pub.dev/flutter_openssl_crypto-0.5.0/
[        ] [        ] Found plugin flutter_olm at /Users/florian/.pub-cache/hosted/pub.dev/flutter_olm-2.0.0/
[        ] [   +2 ms] Found plugin file_selector at /Users/florian/.pub-cache/hosted/pub.dev/file_selector-1.1.0/
[        ] [        ] Found plugin file_selector_web at /Users/florian/.pub-cache/hosted/pub.dev/file_selector_web-0.9.4+2/
[        ] [        ] Found plugin file_selector_macos at /Users/florian/.pub-cache/hosted/pub.dev/file_selector_macos-0.9.5/
[        ] [        ] Found plugin file_selector_linux at /Users/florian/.pub-cache/hosted/pub.dev/file_selector_linux-0.9.4/
[        ] [        ] Found plugin file_selector_ios at /Users/florian/.pub-cache/hosted/pub.dev/file_selector_ios-0.5.3+5/
[        ] [   +1 ms] Found plugin file_selector_android at /Users/florian/.pub-cache/hosted/pub.dev/file_selector_android-0.5.2+4/
[        ] [   +1 ms] Found plugin emoji_picker_flutter at /Users/florian/.pub-cache/hosted/pub.dev/emoji_picker_flutter-4.4.0/
[        ] [   +1 ms] Found plugin shared_preferences at /Users/florian/.pub-cache/hosted/pub.dev/shared_preferences-2.5.4/
[        ] [        ] Found plugin shared_preferences_windows at /Users/florian/.pub-cache/hosted/pub.dev/shared_preferences_windows-2.4.1/
[        ] [   +1 ms] Found plugin shared_preferences_web at /Users/florian/.pub-cache/hosted/pub.dev/shared_preferences_web-2.4.3/
[        ] [        ] Found plugin shared_preferences_linux at /Users/florian/.pub-cache/hosted/pub.dev/shared_preferences_linux-2.4.1/
[        ] [        ] Found plugin shared_preferences_foundation at /Users/florian/.pub-cache/hosted/pub.dev/shared_preferences_foundation-2.5.6/
[        ] [        ] Found plugin shared_preferences_android at /Users/florian/.pub-cache/hosted/pub.dev/shared_preferences_android-2.4.20/
[        ] [  +14 ms] Skipping generating dart_plugin_registrant.dart because it is up-to-date.
[        ] [        ] gen_dart_plugin_registrant: Complete
[        ] [   +1 ms] kernel_snapshot_program: Starting due to {}
[        ] [   +6 ms] /opt/homebrew/share/flutter/bin/cache/dart-sdk/bin/dartaotruntime /opt/homebrew/share/flutter/bin/cache/dart-sdk/bin/snapshots/frontend_server_aot.dart.snapshot --sdk-root /opt/homebrew/share/flutter/bin/cache/artifacts/engine/common/flutter_patched_sdk/ --target=flutter --no-print-incremental-dependencies -DMATRIX_SERVER=http://localhost:8008 -DMATRIX_TEST_USER= -DMATRIX_TEST_PASSWORD= -DFLUTTER_VERSION=3.38.9 -DFLUTTER_CHANNEL=stable -DFLUTTER_GIT_URL=https://github.com/flutter/flutter.git -DFLUTTER_FRAMEWORK_REVISION=67323de285 -DFLUTTER_ENGINE_REVISION=587c18f873 -DFLUTTER_DART_VERSION=3.10.8 -DINTEGRATION_TEST_SHOULD_REPORT_RESULTS_TO_NATIVE=false -DFLUTTER_APP_FLAVOR= -Ddart.vm.profile=false -Ddart.vm.product=false --enable-asserts --track-widget-creation --no-link-platform --packages /Users/florian/Code/substitution/.dart_tool/package_config.json --output-dill /Users/florian/Code/substitution/.dart_tool/flutter_build/0116350b72ded8c7bf2231cb7ad8b644/app.dill --depfile /Users/florian/Code/substitution/.dart_tool/flutter_build/0116350b72ded8c7bf2231cb7ad8b644/kernel_snapshot_program.d --incremental --initialize-from-dill /Users/florian/Code/substitution/.dart_tool/flutter_build/0116350b72ded8c7bf2231cb7ad8b644/app.dill --source file:///Users/florian/Code/substitution/.dart_tool/flutter_build/dart_plugin_registrant.dart --source package:flutter/src/dart_plugin_registrant.dart -Dflutter.dart_plugin_registrant=file:///Users/florian/Code/substitution/.dart_tool/flutter_build/dart_plugin_registrant.dart --verbosity=error file:///var/folders/l_/w8pnbb9d38n57pzg9j98fmy80000gn/T/flutter_tools.wuOse9/flutter_test_listener.2z90el/listener.dart
06:27 +3 -16: loading /Users/florian/Code/substitution/integration_test/key_verification_test.dart                                                                                                     06:28 +3 -16: loading /Users/florian/Code/substitution/integration_test/key_verification_test.dart                                                                                                     [+2606 ms] [+4113 ms] kernel_snapshot_program: Complete
06:29 +3 -16: loading /Users/florian/Code/substitution/integration_test/key_verification_test.dart                                                                                                     [ +693 ms] [ +674 ms] debug_android_application: Starting due to {}
[ +106 ms] [  +88 ms] Manifest contained wildcard assets. Inserting missing file into build graph to force rerun. for more information see #56466.
[        ] [   +3 ms] shaderc command: [/opt/homebrew/share/flutter/bin/cache/artifacts/engine/darwin-x64/impellerc, --sksl, --runtime-stage-gles, --runtime-stage-gles3, --runtime-stage-vulkan, --iplr, --sl=/Users/florian/Code/substitution/build/app/intermediates/flutter/debug/flutter_assets/shaders/ink_sparkle.frag, --spirv=/Users/florian/Code/substitution/build/app/intermediates/flutter/debug/flutter_assets/shaders/ink_sparkle.frag.spirv, --input=/opt/homebrew/share/flutter/packages/flutter/lib/src/material/shaders/ink_sparkle.frag, --input-type=frag, --include=/opt/homebrew/share/flutter/packages/flutter/lib/src/material/shaders, --include=/opt/homebrew/share/flutter/bin/cache/artifacts/engine/darwin-x64/shader_lib]
[        ] [        ] shaderc command: [/opt/homebrew/share/flutter/bin/cache/artifacts/engine/darwin-x64/impellerc, --sksl, --runtime-stage-gles, --runtime-stage-gles3, --runtime-stage-vulkan, --iplr, --sl=/Users/florian/Code/substitution/build/app/intermediates/flutter/debug/flutter_assets/shaders/stretch_effect.frag, --spirv=/Users/florian/Code/substitution/build/app/intermediates/flutter/debug/flutter_assets/shaders/stretch_effect.frag.spirv, --input=/opt/homebrew/share/flutter/packages/flutter/lib/src/material/shaders/stretch_effect.frag, --input-type=frag, --include=/opt/homebrew/share/flutter/packages/flutter/lib/src/material/shaders, --include=/opt/homebrew/share/flutter/bin/cache/artifacts/engine/darwin-x64/shader_lib]
06:30 +3 -16: loading /Users/florian/Code/substitution/integration_test/key_verification_test.dart                                                                                                     [ +298 ms] [ +318 ms] debug_android_application: Complete
[ +591 ms] [ +665 ms] Persisting file store
[        ] [   +4 ms] Done persisting file store
[ +103 ms] [   +9 ms] build succeeded.
[        ] [   +2 ms] "flutter assemble" took 6.167ms.
[        ] [   +2 ms] executing: sw_vers -productName
[        ] [   +9 ms] Exit code 0 from: sw_vers -productName
[        ] [        ] macOS
[        ] [        ] executing: sw_vers -productVersion
[        ] [   +8 ms] Exit code 0 from: sw_vers -productVersion
[        ] [        ] 26.1
[        ] [        ] executing: sw_vers -buildVersion
[        ] [   +7 ms] Exit code 0 from: sw_vers -buildVersion
[        ] [        ] 25B78
[        ] [        ] executing: uname -m
[        ] [   +2 ms] Exit code 0 from: uname -m
[        ] [        ] arm64
[        ] [  +20 ms] Running 1 shutdown hook
[        ] [        ] Shutdown hooks complete
[  +97 ms] [  +55 ms] exiting with code 0
[ +107 ms] Resolve mutations for :app:packJniLibsflutterBuildDebug (Thread[#39730,Execution worker Thread 5,5,main]) started.
[        ] :app:packJniLibsflutterBuildDebug (Thread[#39750,Execution worker Thread 25,5,main]) started.
[        ] > Task :app:packJniLibsflutterBuildDebug UP-TO-DATE
[        ] Caching disabled for task ':app:packJniLibsflutterBuildDebug' because:
[        ]   Build cache is disabled
[        ]   Not worth caching
[        ] Skipping task ':app:packJniLibsflutterBuildDebug' as it is up-to-date.
[        ] Resolve mutations for :connectivity_plus:preBuild (Thread[#39750,Execution worker Thread 25,5,main]) started.
[        ] :connectivity_plus:preBuild (Thread[#39736,Execution worker Thread 11,5,main]) started.
[        ] > Task :connectivity_plus:preBuild UP-TO-DATE
[        ] Skipping task ':connectivity_plus:preBuild' as it has no actions.
[        ] Resolve mutations for :connectivity_plus:preDebugBuild (Thread[#39736,Execution worker Thread 11,5,main]) started.
[        ] :connectivity_plus:preDebugBuild (Thread[#39746,Execution worker Thread 21,5,main]) started.
[        ] > Task :connectivity_plus:preDebugBuild UP-TO-DATE
[        ] Skipping task ':connectivity_plus:preDebugBuild' as it has no actions.
[        ] Resolve mutations for :connectivity_plus:writeDebugAarMetadata (Thread[#39746,Execution worker Thread 21,5,main]) started.
[        ] :connectivity_plus:writeDebugAarMetadata (Thread[#39746,Execution worker Thread 21,5,main]) started.
[        ] > Task :connectivity_plus:writeDebugAarMetadata UP-TO-DATE
[        ] Caching disabled for task ':connectivity_plus:writeDebugAarMetadata' because:
[        ]   Build cache is disabled
[        ]   Caching has been disabled for the task
[        ] Skipping task ':connectivity_plus:writeDebugAarMetadata' as it is up-to-date.
[        ] work action resolve aar-metadata.properties (project :connectivity_plus) (Thread[#39746,Execution worker Thread 21,5,main]) started.
[        ] Resolve mutations for :emoji_picker_flutter:preBuild (Thread[#39746,Execution worker Thread 21,5,main]) started.
[        ] :emoji_picker_flutter:preBuild (Thread[#39746,Execution worker Thread 21,5,main]) started.
[        ] > Task :emoji_picker_flutter:preBuild UP-TO-DATE
[        ] Skipping task ':emoji_picker_flutter:preBuild' as it has no actions.
[        ] Resolve mutations for :emoji_picker_flutter:preDebugBuild (Thread[#39746,Execution worker Thread 21,5,main]) started.
[        ] :emoji_picker_flutter:preDebugBuild (Thread[#39746,Execution worker Thread 21,5,main]) started.
[        ] > Task :emoji_picker_flutter:preDebugBuild UP-TO-DATE
[        ] Skipping task ':emoji_picker_flutter:preDebugBuild' as it has no actions.
[        ] Resolve mutations for :emoji_picker_flutter:writeDebugAarMetadata (Thread[#39746,Execution worker Thread 21,5,main]) started.
[        ] :emoji_picker_flutter:writeDebugAarMetadata (Thread[#39746,Execution worker Thread 21,5,main]) started.
[        ] > Task :emoji_picker_flutter:writeDebugAarMetadata UP-TO-DATE
[        ] Caching disabled for task ':emoji_picker_flutter:writeDebugAarMetadata' because:
[        ]   Build cache is disabled
[        ]   Caching has been disabled for the task
[        ] Skipping task ':emoji_picker_flutter:writeDebugAarMetadata' as it is up-to-date.
[        ] work action resolve aar-metadata.properties (project :emoji_picker_flutter) (Thread[#39746,Execution worker Thread 21,5,main]) started.
[        ] Resolve mutations for :file_selector_android:preBuild (Thread[#39746,Execution worker Thread 21,5,main]) started.
[        ] :file_selector_android:preBuild (Thread[#39746,Execution worker Thread 21,5,main]) started.
[        ] > Task :file_selector_android:preBuild UP-TO-DATE
[        ] Skipping task ':file_selector_android:preBuild' as it has no actions.
[        ] Resolve mutations for :file_selector_android:preDebugBuild (Thread[#39746,Execution worker Thread 21,5,main]) started.
[        ] :file_selector_android:preDebugBuild (Thread[#39746,Execution worker Thread 21,5,main]) started.
[        ] > Task :file_selector_android:preDebugBuild UP-TO-DATE
[        ] Skipping task ':file_selector_android:preDebugBuild' as it has no actions.
[        ] Resolve mutations for :file_selector_android:writeDebugAarMetadata (Thread[#39746,Execution worker Thread 21,5,main]) started.
[        ] :file_selector_android:writeDebugAarMetadata (Thread[#39746,Execution worker Thread 21,5,main]) started.
[        ] > Task :file_selector_android:writeDebugAarMetadata UP-TO-DATE
[        ] Caching disabled for task ':file_selector_android:writeDebugAarMetadata' because:
[        ]   Build cache is disabled
[        ]   Caching has been disabled for the task
[        ] Skipping task ':file_selector_android:writeDebugAarMetadata' as it is up-to-date.
[        ] work action resolve aar-metadata.properties (project :file_selector_android) (Thread[#39746,Execution worker Thread 21,5,main]) started.
[        ] Resolve mutations for :flutter_keyboard_visibility_temp_fork:preBuild (Thread[#39746,Execution worker Thread 21,5,main]) started.
[        ] :flutter_keyboard_visibility_temp_fork:preBuild (Thread[#39746,Execution worker Thread 21,5,main]) started.
[        ] > Task :flutter_keyboard_visibility_temp_fork:preBuild UP-TO-DATE
[        ] Skipping task ':flutter_keyboard_visibility_temp_fork:preBuild' as it has no actions.
[        ] Resolve mutations for :flutter_keyboard_visibility_temp_fork:preDebugBuild (Thread[#39746,Execution worker Thread 21,5,main]) started.
[        ] :flutter_keyboard_visibility_temp_fork:preDebugBuild (Thread[#39746,Execution worker Thread 21,5,main]) started.
[        ] > Task :flutter_keyboard_visibility_temp_fork:preDebugBuild UP-TO-DATE
[        ] Skipping task ':flutter_keyboard_visibility_temp_fork:preDebugBuild' as it has no actions.
[        ] Resolve mutations for :flutter_keyboard_visibility_temp_fork:writeDebugAarMetadata (Thread[#39746,Execution worker Thread 21,5,main]) started.
[        ] :flutter_keyboard_visibility_temp_fork:writeDebugAarMetadata (Thread[#39746,Execution worker Thread 21,5,main]) started.
[        ] > Task :flutter_keyboard_visibility_temp_fork:writeDebugAarMetadata UP-TO-DATE
[        ] Caching disabled for task ':flutter_keyboard_visibility_temp_fork:writeDebugAarMetadata' because:
[        ]   Build cache is disabled
[        ]   Caching has been disabled for the task
[        ] Skipping task ':flutter_keyboard_visibility_temp_fork:writeDebugAarMetadata' as it is up-to-date.
[        ] work action resolve aar-metadata.properties (project :flutter_keyboard_visibility_temp_fork) (Thread[#39746,Execution worker Thread 21,5,main]) started.
[        ] Resolve mutations for :flutter_native_splash:preBuild (Thread[#39746,Execution worker Thread 21,5,main]) started.
[        ] :flutter_native_splash:preBuild (Thread[#39746,Execution worker Thread 21,5,main]) started.
[        ] > Task :flutter_native_splash:preBuild UP-TO-DATE
[        ] Skipping task ':flutter_native_splash:preBuild' as it has no actions.
[        ] Resolve mutations for :flutter_native_splash:preDebugBuild (Thread[#39746,Execution worker Thread 21,5,main]) started.
[        ] :flutter_native_splash:preDebugBuild (Thread[#39746,Execution worker Thread 21,5,main]) started.
[        ] > Task :flutter_native_splash:preDebugBuild UP-TO-DATE
[        ] Skipping task ':flutter_native_splash:preDebugBuild' as it has no actions.
[        ] Resolve mutations for :flutter_native_splash:writeDebugAarMetadata (Thread[#39746,Execution worker Thread 21,5,main]) started.
[        ] :flutter_native_splash:writeDebugAarMetadata (Thread[#39746,Execution worker Thread 21,5,main]) started.
[        ] > Task :flutter_native_splash:writeDebugAarMetadata UP-TO-DATE
[        ] Caching disabled for task ':flutter_native_splash:writeDebugAarMetadata' because:
[        ]   Build cache is disabled
[        ]   Caching has been disabled for the task
[        ] Skipping task ':flutter_native_splash:writeDebugAarMetadata' as it is up-to-date.
[        ] work action resolve aar-metadata.properties (project :flutter_native_splash) (Thread[#39746,Execution worker Thread 21,5,main]) started.
[        ] Resolve mutations for :flutter_olm:preBuild (Thread[#39746,Execution worker Thread 21,5,main]) started.
[        ] :flutter_olm:preBuild (Thread[#39746,Execution worker Thread 21,5,main]) started.
[        ] > Task :flutter_olm:preBuild UP-TO-DATE
[        ] Skipping task ':flutter_olm:preBuild' as it has no actions.
[        ] Resolve mutations for :flutter_olm:preDebugBuild (Thread[#39746,Execution worker Thread 21,5,main]) started.
[        ] :flutter_olm:preDebugBuild (Thread[#39746,Execution worker Thread 21,5,main]) started.
[        ] > Task :flutter_olm:preDebugBuild UP-TO-DATE
[        ] Skipping task ':flutter_olm:preDebugBuild' as it has no actions.
[        ] Resolve mutations for :flutter_olm:writeDebugAarMetadata (Thread[#39746,Execution worker Thread 21,5,main]) started.
[        ] :flutter_olm:writeDebugAarMetadata (Thread[#39746,Execution worker Thread 21,5,main]) started.
[        ] > Task :flutter_olm:writeDebugAarMetadata UP-TO-DATE
[        ] Caching disabled for task ':flutter_olm:writeDebugAarMetadata' because:
[        ]   Build cache is disabled
[        ]   Caching has been disabled for the task
[        ] Skipping task ':flutter_olm:writeDebugAarMetadata' as it is up-to-date.
[        ] work action resolve aar-metadata.properties (project :flutter_olm) (Thread[#39746,Execution worker Thread 21,5,main]) started.
[        ] Resolve mutations for :flutter_openssl_crypto:preBuild (Thread[#39746,Execution worker Thread 21,5,main]) started.
[        ] :flutter_openssl_crypto:preBuild (Thread[#39746,Execution worker Thread 21,5,main]) started.
[        ] > Task :flutter_openssl_crypto:preBuild UP-TO-DATE
[        ] Skipping task ':flutter_openssl_crypto:preBuild' as it has no actions.
[        ] Resolve mutations for :flutter_openssl_crypto:preDebugBuild (Thread[#39746,Execution worker Thread 21,5,main]) started.
[        ] :flutter_openssl_crypto:preDebugBuild (Thread[#39746,Execution worker Thread 21,5,main]) started.
[        ] > Task :flutter_openssl_crypto:preDebugBuild UP-TO-DATE
[        ] Skipping task ':flutter_openssl_crypto:preDebugBuild' as it has no actions.
[        ] Resolve mutations for :flutter_openssl_crypto:writeDebugAarMetadata (Thread[#39746,Execution worker Thread 21,5,main]) started.
[        ] :flutter_openssl_crypto:writeDebugAarMetadata (Thread[#39746,Execution worker Thread 21,5,main]) started.
[        ] > Task :flutter_openssl_crypto:writeDebugAarMetadata UP-TO-DATE
[        ] Caching disabled for task ':flutter_openssl_crypto:writeDebugAarMetadata' because:
[        ]   Build cache is disabled
[        ]   Caching has been disabled for the task
[        ] Skipping task ':flutter_openssl_crypto:writeDebugAarMetadata' as it is up-to-date.
[        ] work action resolve aar-metadata.properties (project :flutter_openssl_crypto) (Thread[#39746,Execution worker Thread 21,5,main]) started.
[        ] Resolve mutations for :integration_test:preBuild (Thread[#39746,Execution worker Thread 21,5,main]) started.
[        ] :integration_test:preBuild (Thread[#39746,Execution worker Thread 21,5,main]) started.
[        ] > Task :integration_test:preBuild UP-TO-DATE
[        ] Skipping task ':integration_test:preBuild' as it has no actions.
[        ] Resolve mutations for :integration_test:preDebugBuild (Thread[#39746,Execution worker Thread 21,5,main]) started.
[        ] :integration_test:preDebugBuild (Thread[#39746,Execution worker Thread 21,5,main]) started.
[        ] > Task :integration_test:preDebugBuild UP-TO-DATE
[        ] Skipping task ':integration_test:preDebugBuild' as it has no actions.
[        ] Resolve mutations for :integration_test:writeDebugAarMetadata (Thread[#39746,Execution worker Thread 21,5,main]) started.
[        ] :integration_test:writeDebugAarMetadata (Thread[#39746,Execution worker Thread 21,5,main]) started.
[        ] > Task :integration_test:writeDebugAarMetadata UP-TO-DATE
[        ] Caching disabled for task ':integration_test:writeDebugAarMetadata' because:
[        ]   Build cache is disabled
[        ]   Caching has been disabled for the task
[        ] Skipping task ':integration_test:writeDebugAarMetadata' as it is up-to-date.
[        ] work action resolve aar-metadata.properties (project :integration_test) (Thread[#39746,Execution worker Thread 21,5,main]) started.
[        ] Resolve mutations for :path_provider_android:preBuild (Thread[#39746,Execution worker Thread 21,5,main]) started.
[        ] :path_provider_android:preBuild (Thread[#39743,Execution worker Thread 18,5,main]) started.
[        ] > Task :path_provider_android:preBuild UP-TO-DATE
[        ] Skipping task ':path_provider_android:preBuild' as it has no actions.
[        ] Resolve mutations for :path_provider_android:preDebugBuild (Thread[#39743,Execution worker Thread 18,5,main]) started.
[        ] :path_provider_android:preDebugBuild (Thread[#39750,Execution worker Thread 25,5,main]) started.
[        ] > Task :path_provider_android:preDebugBuild UP-TO-DATE
[        ] Skipping task ':path_provider_android:preDebugBuild' as it has no actions.
[        ] Resolve mutations for :path_provider_android:writeDebugAarMetadata (Thread[#39750,Execution worker Thread 25,5,main]) started.
[        ] :path_provider_android:writeDebugAarMetadata (Thread[#39750,Execution worker Thread 25,5,main]) started.
[        ] > Task :path_provider_android:writeDebugAarMetadata UP-TO-DATE
[        ] Caching disabled for task ':path_provider_android:writeDebugAarMetadata' because:
[        ]   Build cache is disabled
[        ]   Caching has been disabled for the task
[        ] Skipping task ':path_provider_android:writeDebugAarMetadata' as it is up-to-date.
[        ] work action resolve aar-metadata.properties (project :path_provider_android) (Thread[#39750,Execution worker Thread 25,5,main]) started.
[        ] Resolve mutations for :quill_native_bridge_android:preBuild (Thread[#39750,Execution worker Thread 25,5,main]) started.
[        ] :quill_native_bridge_android:preBuild (Thread[#39746,Execution worker Thread 21,5,main]) started.
[        ] > Task :quill_native_bridge_android:preBuild UP-TO-DATE
[        ] Skipping task ':quill_native_bridge_android:preBuild' as it has no actions.
[        ] Resolve mutations for :quill_native_bridge_android:preDebugBuild (Thread[#39746,Execution worker Thread 21,5,main]) started.
[        ] :quill_native_bridge_android:preDebugBuild (Thread[#39746,Execution worker Thread 21,5,main]) started.
[        ] > Task :quill_native_bridge_android:preDebugBuild UP-TO-DATE
[        ] Skipping task ':quill_native_bridge_android:preDebugBuild' as it has no actions.
[        ] Resolve mutations for :quill_native_bridge_android:writeDebugAarMetadata (Thread[#39746,Execution worker Thread 21,5,main]) started.
[        ] :quill_native_bridge_android:writeDebugAarMetadata (Thread[#39746,Execution worker Thread 21,5,main]) started.
[        ] > Task :quill_native_bridge_android:writeDebugAarMetadata UP-TO-DATE
[        ] Caching disabled for task ':quill_native_bridge_android:writeDebugAarMetadata' because:
[        ]   Build cache is disabled
[        ]   Caching has been disabled for the task
[        ] Skipping task ':quill_native_bridge_android:writeDebugAarMetadata' as it is up-to-date.
[        ] work action resolve aar-metadata.properties (project :quill_native_bridge_android) (Thread[#39746,Execution worker Thread 21,5,main]) started.
[        ] Resolve mutations for :shared_preferences_android:preBuild (Thread[#39746,Execution worker Thread 21,5,main]) started.
[        ] :shared_preferences_android:preBuild (Thread[#39746,Execution worker Thread 21,5,main]) started.
[        ] > Task :shared_preferences_android:preBuild UP-TO-DATE
[        ] Skipping task ':shared_preferences_android:preBuild' as it has no actions.
[        ] Resolve mutations for :shared_preferences_android:preDebugBuild (Thread[#39746,Execution worker Thread 21,5,main]) started.
[        ] :shared_preferences_android:preDebugBuild (Thread[#39746,Execution worker Thread 21,5,main]) started.
[        ] > Task :shared_preferences_android:preDebugBuild UP-TO-DATE
[        ] Skipping task ':shared_preferences_android:preDebugBuild' as it has no actions.
[        ] Resolve mutations for :shared_preferences_android:writeDebugAarMetadata (Thread[#39746,Execution worker Thread 21,5,main]) started.
[        ] :shared_preferences_android:writeDebugAarMetadata (Thread[#39746,Execution worker Thread 21,5,main]) started.
[        ] > Task :shared_preferences_android:writeDebugAarMetadata UP-TO-DATE
[        ] Caching disabled for task ':shared_preferences_android:writeDebugAarMetadata' because:
[        ]   Build cache is disabled
[        ]   Caching has been disabled for the task
[        ] Skipping task ':shared_preferences_android:writeDebugAarMetadata' as it is up-to-date.
[        ] work action resolve aar-metadata.properties (project :shared_preferences_android) (Thread[#39746,Execution worker Thread 21,5,main]) started.
[        ] Resolve mutations for :sqflite_android:preBuild (Thread[#39746,Execution worker Thread 21,5,main]) started.
[        ] :sqflite_android:preBuild (Thread[#39746,Execution worker Thread 21,5,main]) started.
[        ] > Task :sqflite_android:preBuild UP-TO-DATE
[        ] Skipping task ':sqflite_android:preBuild' as it has no actions.
[        ] Resolve mutations for :sqflite_android:preDebugBuild (Thread[#39746,Execution worker Thread 21,5,main]) started.
[        ] :sqflite_android:preDebugBuild (Thread[#39746,Execution worker Thread 21,5,main]) started.
[        ] > Task :sqflite_android:preDebugBuild UP-TO-DATE
[        ] Skipping task ':sqflite_android:preDebugBuild' as it has no actions.
[        ] Resolve mutations for :sqflite_android:writeDebugAarMetadata (Thread[#39746,Execution worker Thread 21,5,main]) started.
[        ] :sqflite_android:writeDebugAarMetadata (Thread[#39746,Execution worker Thread 21,5,main]) started.
[        ] > Task :sqflite_android:writeDebugAarMetadata UP-TO-DATE
[        ] Caching disabled for task ':sqflite_android:writeDebugAarMetadata' because:
[        ]   Build cache is disabled
[        ]   Caching has been disabled for the task
[        ] Skipping task ':sqflite_android:writeDebugAarMetadata' as it is up-to-date.
[        ] work action resolve aar-metadata.properties (project :sqflite_android) (Thread[#39746,Execution worker Thread 21,5,main]) started.
[        ] Resolve mutations for :url_launcher_android:preBuild (Thread[#39746,Execution worker Thread 21,5,main]) started.
[        ] :url_launcher_android:preBuild (Thread[#39746,Execution worker Thread 21,5,main]) started.
[        ] > Task :url_launcher_android:preBuild UP-TO-DATE
[        ] Skipping task ':url_launcher_android:preBuild' as it has no actions.
[        ] Resolve mutations for :url_launcher_android:preDebugBuild (Thread[#39746,Execution worker Thread 21,5,main]) started.
[        ] :url_launcher_android:preDebugBuild (Thread[#39746,Execution worker Thread 21,5,main]) started.
[        ] > Task :url_launcher_android:preDebugBuild UP-TO-DATE
[        ] Skipping task ':url_launcher_android:preDebugBuild' as it has no actions.
[        ] Resolve mutations for :url_launcher_android:writeDebugAarMetadata (Thread[#39746,Execution worker Thread 21,5,main]) started.
[        ] :url_launcher_android:writeDebugAarMetadata (Thread[#39746,Execution worker Thread 21,5,main]) started.
[        ] > Task :url_launcher_android:writeDebugAarMetadata UP-TO-DATE
[        ] Caching disabled for task ':url_launcher_android:writeDebugAarMetadata' because:
[        ]   Build cache is disabled
[        ]   Caching has been disabled for the task
[        ] Skipping task ':url_launcher_android:writeDebugAarMetadata' as it is up-to-date.
[        ] work action resolve aar-metadata.properties (project :url_launcher_android) (Thread[#39746,Execution worker Thread 21,5,main]) started.
[        ] Resolve mutations for :video_player_android:preBuild (Thread[#39746,Execution worker Thread 21,5,main]) started.
[        ] :video_player_android:preBuild (Thread[#39746,Execution worker Thread 21,5,main]) started.
[        ] > Task :video_player_android:preBuild UP-TO-DATE
[        ] Skipping task ':video_player_android:preBuild' as it has no actions.
[        ] Resolve mutations for :video_player_android:preDebugBuild (Thread[#39746,Execution worker Thread 21,5,main]) started.
[        ] :video_player_android:preDebugBuild (Thread[#39746,Execution worker Thread 21,5,main]) started.
[        ] > Task :video_player_android:preDebugBuild UP-TO-DATE
[        ] Skipping task ':video_player_android:preDebugBuild' as it has no actions.
[        ] Resolve mutations for :video_player_android:writeDebugAarMetadata (Thread[#39746,Execution worker Thread 21,5,main]) started.
[        ] :video_player_android:writeDebugAarMetadata (Thread[#39746,Execution worker Thread 21,5,main]) started.
[        ] > Task :video_player_android:writeDebugAarMetadata UP-TO-DATE
[        ] Caching disabled for task ':video_player_android:writeDebugAarMetadata' because:
[        ]   Build cache is disabled
[        ]   Caching has been disabled for the task
[        ] Skipping task ':video_player_android:writeDebugAarMetadata' as it is up-to-date.
[        ] work action resolve aar-metadata.properties (project :video_player_android) (Thread[#39746,Execution worker Thread 21,5,main]) started.
[        ] Resolve mutations for :app:checkDebugAarMetadata (Thread[#39746,Execution worker Thread 21,5,main]) started.
[        ] :app:checkDebugAarMetadata (Thread[#39746,Execution worker Thread 21,5,main]) started.
[        ] > Task :app:checkDebugAarMetadata UP-TO-DATE
[        ] Caching disabled for task ':app:checkDebugAarMetadata' because:
[        ]   Build cache is disabled
[        ]   Caching has been disabled for the task
[        ] Skipping task ':app:checkDebugAarMetadata' as it is up-to-date.
[        ] Resolve mutations for :app:cleanMergeDebugAssets (Thread[#39746,Execution worker Thread 21,5,main]) started.
[        ] :app:cleanMergeDebugAssets (Thread[#39746,Execution worker Thread 21,5,main]) started.
[        ] > Task :app:cleanMergeDebugAssets
[        ] Caching disabled for task ':app:cleanMergeDebugAssets' because:
[        ]   Build cache is disabled
[        ] Task ':app:cleanMergeDebugAssets' is not up-to-date because:
[        ]   Task has not declared any outputs despite executing actions.
[        ] Resolve mutations for :app:mergeDebugShaders (Thread[#39746,Execution worker Thread 21,5,main]) started.
[        ] :app:mergeDebugShaders (Thread[#39746,Execution worker Thread 21,5,main]) started.
[        ] > Task :app:mergeDebugShaders UP-TO-DATE
[        ] Caching disabled for task ':app:mergeDebugShaders' because:
[        ]   Build cache is disabled
[        ]   Simple merging task
[        ] Skipping task ':app:mergeDebugShaders' as it is up-to-date.
[        ] Resolve mutations for :app:compileDebugShaders (Thread[#39746,Execution worker Thread 21,5,main]) started.
[        ] :app:compileDebugShaders (Thread[#39746,Execution worker Thread 21,5,main]) started.
[        ] > Task :app:compileDebugShaders NO-SOURCE
[        ] Skipping task ':app:compileDebugShaders' as it has no source files and no previous output files.
[        ] Resolve mutations for :app:generateDebugAssets (Thread[#39746,Execution worker Thread 21,5,main]) started.
[        ] :app:generateDebugAssets (Thread[#39746,Execution worker Thread 21,5,main]) started.
[        ] > Task :app:generateDebugAssets UP-TO-DATE
[        ] Skipping task ':app:generateDebugAssets' as it has no actions.
[        ] Resolve mutations for :connectivity_plus:mergeDebugShaders (Thread[#39746,Execution worker Thread 21,5,main]) started.
[        ] :connectivity_plus:mergeDebugShaders (Thread[#39746,Execution worker Thread 21,5,main]) started.
[        ] > Task :connectivity_plus:mergeDebugShaders UP-TO-DATE
[        ] Caching disabled for task ':connectivity_plus:mergeDebugShaders' because:
[        ]   Build cache is disabled
[        ]   Simple merging task
[        ] Skipping task ':connectivity_plus:mergeDebugShaders' as it is up-to-date.
[        ] Resolve mutations for :connectivity_plus:compileDebugShaders (Thread[#39746,Execution worker Thread 21,5,main]) started.
[        ] :connectivity_plus:compileDebugShaders (Thread[#39746,Execution worker Thread 21,5,main]) started.
[        ] > Task :connectivity_plus:compileDebugShaders NO-SOURCE
[        ] Skipping task ':connectivity_plus:compileDebugShaders' as it has no source files and no previous output files.
[        ] Resolve mutations for :connectivity_plus:generateDebugAssets (Thread[#39746,Execution worker Thread 21,5,main]) started.
[        ] :connectivity_plus:generateDebugAssets (Thread[#39746,Execution worker Thread 21,5,main]) started.
[        ] > Task :connectivity_plus:generateDebugAssets UP-TO-DATE
[        ] Skipping task ':connectivity_plus:generateDebugAssets' as it has no actions.
[        ] Resolve mutations for :connectivity_plus:mergeDebugAssets (Thread[#39746,Execution worker Thread 21,5,main]) started.
[        ] :connectivity_plus:mergeDebugAssets (Thread[#39746,Execution worker Thread 21,5,main]) started.
[        ] > Task :connectivity_plus:mergeDebugAssets UP-TO-DATE
[        ] Caching disabled for task ':connectivity_plus:mergeDebugAssets' because:
[        ]   Build cache is disabled
[        ]   Simple merging task
[        ] Skipping task ':connectivity_plus:mergeDebugAssets' as it is up-to-date.
[        ] work action resolve mergeDebugAssets (project :connectivity_plus) (Thread[#39746,Execution worker Thread 21,5,main]) started.
[        ] Resolve mutations for :emoji_picker_flutter:mergeDebugShaders (Thread[#39746,Execution worker Thread 21,5,main]) started.
[        ] :emoji_picker_flutter:mergeDebugShaders (Thread[#39746,Execution worker Thread 21,5,main]) started.
[        ] > Task :emoji_picker_flutter:mergeDebugShaders UP-TO-DATE
[        ] Caching disabled for task ':emoji_picker_flutter:mergeDebugShaders' because:
[        ]   Build cache is disabled
[        ]   Simple merging task
[        ] Skipping task ':emoji_picker_flutter:mergeDebugShaders' as it is up-to-date.
[        ] Resolve mutations for :emoji_picker_flutter:compileDebugShaders (Thread[#39746,Execution worker Thread 21,5,main]) started.
[        ] :emoji_picker_flutter:compileDebugShaders (Thread[#39746,Execution worker Thread 21,5,main]) started.
[        ] > Task :emoji_picker_flutter:compileDebugShaders NO-SOURCE
[        ] Skipping task ':emoji_picker_flutter:compileDebugShaders' as it has no source files and no previous output files.
[        ] Resolve mutations for :emoji_picker_flutter:generateDebugAssets (Thread[#39746,Execution worker Thread 21,5,main]) started.
[        ] :emoji_picker_flutter:generateDebugAssets (Thread[#39746,Execution worker Thread 21,5,main]) started.
[        ] > Task :emoji_picker_flutter:generateDebugAssets UP-TO-DATE
[        ] Skipping task ':emoji_picker_flutter:generateDebugAssets' as it has no actions.
[        ] Resolve mutations for :emoji_picker_flutter:mergeDebugAssets (Thread[#39746,Execution worker Thread 21,5,main]) started.
[        ] :emoji_picker_flutter:mergeDebugAssets (Thread[#39746,Execution worker Thread 21,5,main]) started.
[        ] > Task :emoji_picker_flutter:mergeDebugAssets UP-TO-DATE
[        ] Caching disabled for task ':emoji_picker_flutter:mergeDebugAssets' because:
[        ]   Build cache is disabled
[        ]   Simple merging task
[        ] Skipping task ':emoji_picker_flutter:mergeDebugAssets' as it is up-to-date.
[        ] work action resolve mergeDebugAssets (project :emoji_picker_flutter) (Thread[#39746,Execution worker Thread 21,5,main]) started.
[        ] Resolve mutations for :file_selector_android:mergeDebugShaders (Thread[#39746,Execution worker Thread 21,5,main]) started.
[        ] :file_selector_android:mergeDebugShaders (Thread[#39746,Execution worker Thread 21,5,main]) started.
[        ] > Task :file_selector_android:mergeDebugShaders UP-TO-DATE
[        ] Caching disabled for task ':file_selector_android:mergeDebugShaders' because:
[        ]   Build cache is disabled
[        ]   Simple merging task
[        ] Skipping task ':file_selector_android:mergeDebugShaders' as it is up-to-date.
[        ] Resolve mutations for :file_selector_android:compileDebugShaders (Thread[#39746,Execution worker Thread 21,5,main]) started.
[        ] :file_selector_android:compileDebugShaders (Thread[#39746,Execution worker Thread 21,5,main]) started.
[        ] > Task :file_selector_android:compileDebugShaders NO-SOURCE
[        ] Skipping task ':file_selector_android:compileDebugShaders' as it has no source files and no previous output files.
[        ] Resolve mutations for :file_selector_android:generateDebugAssets (Thread[#39746,Execution worker Thread 21,5,main]) started.
[        ] :file_selector_android:generateDebugAssets (Thread[#39746,Execution worker Thread 21,5,main]) started.
[        ] > Task :file_selector_android:generateDebugAssets UP-TO-DATE
[        ] Skipping task ':file_selector_android:generateDebugAssets' as it has no actions.
[        ] Resolve mutations for :file_selector_android:mergeDebugAssets (Thread[#39746,Execution worker Thread 21,5,main]) started.
[        ] :file_selector_android:mergeDebugAssets (Thread[#39746,Execution worker Thread 21,5,main]) started.
[        ] > Task :file_selector_android:mergeDebugAssets UP-TO-DATE
[        ] Caching disabled for task ':file_selector_android:mergeDebugAssets' because:
[        ]   Build cache is disabled
[        ]   Simple merging task
[        ] Skipping task ':file_selector_android:mergeDebugAssets' as it is up-to-date.
[        ] work action resolve mergeDebugAssets (project :file_selector_android) (Thread[#39746,Execution worker Thread 21,5,main]) started.
[        ] Resolve mutations for :flutter_keyboard_visibility_temp_fork:mergeDebugShaders (Thread[#39746,Execution worker Thread 21,5,main]) started.
[        ] :flutter_keyboard_visibility_temp_fork:mergeDebugShaders (Thread[#39746,Execution worker Thread 21,5,main]) started.
[        ] > Task :flutter_keyboard_visibility_temp_fork:mergeDebugShaders UP-TO-DATE
[        ] Caching disabled for task ':flutter_keyboard_visibility_temp_fork:mergeDebugShaders' because:
[        ]   Build cache is disabled
[        ]   Simple merging task
[        ] Skipping task ':flutter_keyboard_visibility_temp_fork:mergeDebugShaders' as it is up-to-date.
[        ] Resolve mutations for :flutter_keyboard_visibility_temp_fork:compileDebugShaders (Thread[#39746,Execution worker Thread 21,5,main]) started.
[        ] :flutter_keyboard_visibility_temp_fork:compileDebugShaders (Thread[#39746,Execution worker Thread 21,5,main]) started.
[        ] > Task :flutter_keyboard_visibility_temp_fork:compileDebugShaders NO-SOURCE
[        ] Skipping task ':flutter_keyboard_visibility_temp_fork:compileDebugShaders' as it has no source files and no previous output files.
[        ] Resolve mutations for :flutter_keyboard_visibility_temp_fork:generateDebugAssets (Thread[#39746,Execution worker Thread 21,5,main]) started.
[        ] :flutter_keyboard_visibility_temp_fork:generateDebugAssets (Thread[#39746,Execution worker Thread 21,5,main]) started.
[        ] > Task :flutter_keyboard_visibility_temp_fork:generateDebugAssets UP-TO-DATE
[        ] Skipping task ':flutter_keyboard_visibility_temp_fork:generateDebugAssets' as it has no actions.
[        ] Resolve mutations for :flutter_keyboard_visibility_temp_fork:mergeDebugAssets (Thread[#39746,Execution worker Thread 21,5,main]) started.
[        ] :flutter_keyboard_visibility_temp_fork:mergeDebugAssets (Thread[#39746,Execution worker Thread 21,5,main]) started.
[        ] > Task :flutter_keyboard_visibility_temp_fork:mergeDebugAssets UP-TO-DATE
[        ] Caching disabled for task ':flutter_keyboard_visibility_temp_fork:mergeDebugAssets' because:
[        ]   Build cache is disabled
[        ]   Simple merging task
[        ] Skipping task ':flutter_keyboard_visibility_temp_fork:mergeDebugAssets' as it is up-to-date.
[        ] work action resolve mergeDebugAssets (project :flutter_keyboard_visibility_temp_fork) (Thread[#39746,Execution worker Thread 21,5,main]) started.
[        ] Resolve mutations for :flutter_native_splash:mergeDebugShaders (Thread[#39746,Execution worker Thread 21,5,main]) started.
[        ] :flutter_native_splash:mergeDebugShaders (Thread[#39746,Execution worker Thread 21,5,main]) started.
[        ] > Task :flutter_native_splash:mergeDebugShaders UP-TO-DATE
[        ] Caching disabled for task ':flutter_native_splash:mergeDebugShaders' because:
[        ]   Build cache is disabled
[        ]   Simple merging task
[        ] Skipping task ':flutter_native_splash:mergeDebugShaders' as it is up-to-date.
[        ] Resolve mutations for :flutter_native_splash:compileDebugShaders (Thread[#39746,Execution worker Thread 21,5,main]) started.
[        ] :flutter_native_splash:compileDebugShaders (Thread[#39746,Execution worker Thread 21,5,main]) started.
[        ] > Task :flutter_native_splash:compileDebugShaders NO-SOURCE
[        ] Skipping task ':flutter_native_splash:compileDebugShaders' as it has no source files and no previous output files.
[        ] Resolve mutations for :flutter_native_splash:generateDebugAssets (Thread[#39746,Execution worker Thread 21,5,main]) started.
[        ] :flutter_native_splash:generateDebugAssets (Thread[#39746,Execution worker Thread 21,5,main]) started.
[        ] > Task :flutter_native_splash:generateDebugAssets UP-TO-DATE
[        ] Skipping task ':flutter_native_splash:generateDebugAssets' as it has no actions.
[        ] Resolve mutations for :flutter_native_splash:mergeDebugAssets (Thread[#39746,Execution worker Thread 21,5,main]) started.
[        ] :flutter_native_splash:mergeDebugAssets (Thread[#39746,Execution worker Thread 21,5,main]) started.
[        ] > Task :flutter_native_splash:mergeDebugAssets UP-TO-DATE
[        ] Caching disabled for task ':flutter_native_splash:mergeDebugAssets' because:
[        ]   Build cache is disabled
[        ]   Simple merging task
[        ] Skipping task ':flutter_native_splash:mergeDebugAssets' as it is up-to-date.
[        ] work action resolve mergeDebugAssets (project :flutter_native_splash) (Thread[#39746,Execution worker Thread 21,5,main]) started.
[        ] Resolve mutations for :flutter_olm:mergeDebugShaders (Thread[#39746,Execution worker Thread 21,5,main]) started.
[        ] :flutter_olm:mergeDebugShaders (Thread[#39746,Execution worker Thread 21,5,main]) started.
[        ] > Task :flutter_olm:mergeDebugShaders UP-TO-DATE
[        ] Caching disabled for task ':flutter_olm:mergeDebugShaders' because:
[        ]   Build cache is disabled
[        ]   Simple merging task
[        ] Skipping task ':flutter_olm:mergeDebugShaders' as it is up-to-date.
[        ] Resolve mutations for :flutter_olm:compileDebugShaders (Thread[#39746,Execution worker Thread 21,5,main]) started.
[        ] :flutter_olm:compileDebugShaders (Thread[#39746,Execution worker Thread 21,5,main]) started.
[        ] > Task :flutter_olm:compileDebugShaders NO-SOURCE
[        ] Skipping task ':flutter_olm:compileDebugShaders' as it has no source files and no previous output files.
[        ] Resolve mutations for :flutter_olm:generateDebugAssets (Thread[#39746,Execution worker Thread 21,5,main]) started.
[        ] :flutter_olm:generateDebugAssets (Thread[#39746,Execution worker Thread 21,5,main]) started.
[        ] > Task :flutter_olm:generateDebugAssets UP-TO-DATE
[        ] Skipping task ':flutter_olm:generateDebugAssets' as it has no actions.
[        ] Resolve mutations for :flutter_olm:mergeDebugAssets (Thread[#39746,Execution worker Thread 21,5,main]) started.
[        ] :flutter_olm:mergeDebugAssets (Thread[#39746,Execution worker Thread 21,5,main]) started.
[        ] > Task :flutter_olm:mergeDebugAssets UP-TO-DATE
[        ] Caching disabled for task ':flutter_olm:mergeDebugAssets' because:
[        ]   Build cache is disabled
[        ]   Simple merging task
[        ] Skipping task ':flutter_olm:mergeDebugAssets' as it is up-to-date.
[        ] work action resolve mergeDebugAssets (project :flutter_olm) (Thread[#39746,Execution worker Thread 21,5,main]) started.
[        ] Resolve mutations for :flutter_openssl_crypto:mergeDebugShaders (Thread[#39746,Execution worker Thread 21,5,main]) started.
[        ] :flutter_openssl_crypto:mergeDebugShaders (Thread[#39746,Execution worker Thread 21,5,main]) started.
[        ] > Task :flutter_openssl_crypto:mergeDebugShaders UP-TO-DATE
[        ] Caching disabled for task ':flutter_openssl_crypto:mergeDebugShaders' because:
[        ]   Build cache is disabled
[        ]   Simple merging task
[        ] Skipping task ':flutter_openssl_crypto:mergeDebugShaders' as it is up-to-date.
[        ] Resolve mutations for :flutter_openssl_crypto:compileDebugShaders (Thread[#39746,Execution worker Thread 21,5,main]) started.
[        ] :flutter_openssl_crypto:compileDebugShaders (Thread[#39746,Execution worker Thread 21,5,main]) started.
[        ] > Task :flutter_openssl_crypto:compileDebugShaders NO-SOURCE
[        ] Skipping task ':flutter_openssl_crypto:compileDebugShaders' as it has no source files and no previous output files.
[        ] Resolve mutations for :flutter_openssl_crypto:generateDebugAssets (Thread[#39746,Execution worker Thread 21,5,main]) started.
[        ] :flutter_openssl_crypto:generateDebugAssets (Thread[#39746,Execution worker Thread 21,5,main]) started.
[        ] > Task :flutter_openssl_crypto:generateDebugAssets UP-TO-DATE
[        ] Skipping task ':flutter_openssl_crypto:generateDebugAssets' as it has no actions.
[        ] Resolve mutations for :flutter_openssl_crypto:mergeDebugAssets (Thread[#39746,Execution worker Thread 21,5,main]) started.
[        ] :flutter_openssl_crypto:mergeDebugAssets (Thread[#39746,Execution worker Thread 21,5,main]) started.
[        ] > Task :flutter_openssl_crypto:mergeDebugAssets UP-TO-DATE
[        ] Caching disabled for task ':flutter_openssl_crypto:mergeDebugAssets' because:
[        ]   Build cache is disabled
[        ]   Simple merging task
[        ] Skipping task ':flutter_openssl_crypto:mergeDebugAssets' as it is up-to-date.
[        ] work action resolve mergeDebugAssets (project :flutter_openssl_crypto) (Thread[#39746,Execution worker Thread 21,5,main]) started.
[        ] Resolve mutations for :integration_test:mergeDebugShaders (Thread[#39746,Execution worker Thread 21,5,main]) started.
[        ] :integration_test:mergeDebugShaders (Thread[#39746,Execution worker Thread 21,5,main]) started.
[        ] > Task :integration_test:mergeDebugShaders UP-TO-DATE
[        ] Caching disabled for task ':integration_test:mergeDebugShaders' because:
[        ]   Build cache is disabled
[        ]   Simple merging task
[        ] Skipping task ':integration_test:mergeDebugShaders' as it is up-to-date.
[        ] Resolve mutations for :integration_test:compileDebugShaders (Thread[#39746,Execution worker Thread 21,5,main]) started.
[        ] :integration_test:compileDebugShaders (Thread[#39746,Execution worker Thread 21,5,main]) started.
[        ] > Task :integration_test:compileDebugShaders NO-SOURCE
[        ] Skipping task ':integration_test:compileDebugShaders' as it has no source files and no previous output files.
[        ] Resolve mutations for :integration_test:generateDebugAssets (Thread[#39746,Execution worker Thread 21,5,main]) started.
[        ] :integration_test:generateDebugAssets (Thread[#39746,Execution worker Thread 21,5,main]) started.
[        ] > Task :integration_test:generateDebugAssets UP-TO-DATE
[        ] Skipping task ':integration_test:generateDebugAssets' as it has no actions.
[        ] Resolve mutations for :integration_test:mergeDebugAssets (Thread[#39746,Execution worker Thread 21,5,main]) started.
[        ] :integration_test:mergeDebugAssets (Thread[#39746,Execution worker Thread 21,5,main]) started.
[        ] > Task :integration_test:mergeDebugAssets UP-TO-DATE
[        ] Caching disabled for task ':integration_test:mergeDebugAssets' because:
[        ]   Build cache is disabled
[        ]   Simple merging task
[        ] Skipping task ':integration_test:mergeDebugAssets' as it is up-to-date.
[        ] work action resolve mergeDebugAssets (project :integration_test) (Thread[#39746,Execution worker Thread 21,5,main]) started.
[        ] Resolve mutations for :path_provider_android:mergeDebugShaders (Thread[#39746,Execution worker Thread 21,5,main]) started.
[        ] :path_provider_android:mergeDebugShaders (Thread[#39746,Execution worker Thread 21,5,main]) started.
[        ] > Task :path_provider_android:mergeDebugShaders UP-TO-DATE
[        ] Caching disabled for task ':path_provider_android:mergeDebugShaders' because:
[        ]   Build cache is disabled
[        ]   Simple merging task
[        ] Skipping task ':path_provider_android:mergeDebugShaders' as it is up-to-date.
[        ] Resolve mutations for :path_provider_android:compileDebugShaders (Thread[#39746,Execution worker Thread 21,5,main]) started.
[        ] :path_provider_android:compileDebugShaders (Thread[#39746,Execution worker Thread 21,5,main]) started.
[        ] > Task :path_provider_android:compileDebugShaders NO-SOURCE
[        ] Skipping task ':path_provider_android:compileDebugShaders' as it has no source files and no previous output files.
[        ] Resolve mutations for :path_provider_android:generateDebugAssets (Thread[#39746,Execution worker Thread 21,5,main]) started.
[        ] :path_provider_android:generateDebugAssets (Thread[#39746,Execution worker Thread 21,5,main]) started.
[        ] > Task :path_provider_android:generateDebugAssets UP-TO-DATE
[        ] Skipping task ':path_provider_android:generateDebugAssets' as it has no actions.
[        ] Resolve mutations for :path_provider_android:mergeDebugAssets (Thread[#39746,Execution worker Thread 21,5,main]) started.
[        ] :path_provider_android:mergeDebugAssets (Thread[#39746,Execution worker Thread 21,5,main]) started.
[        ] > Task :path_provider_android:mergeDebugAssets UP-TO-DATE
[        ] Caching disabled for task ':path_provider_android:mergeDebugAssets' because:
[        ]   Build cache is disabled
[        ]   Simple merging task
[        ] Skipping task ':path_provider_android:mergeDebugAssets' as it is up-to-date.
[        ] work action resolve mergeDebugAssets (project :path_provider_android) (Thread[#39746,Execution worker Thread 21,5,main]) started.
[        ] Resolve mutations for :quill_native_bridge_android:mergeDebugShaders (Thread[#39746,Execution worker Thread 21,5,main]) started.
[        ] :quill_native_bridge_android:mergeDebugShaders (Thread[#39746,Execution worker Thread 21,5,main]) started.
[        ] > Task :quill_native_bridge_android:mergeDebugShaders UP-TO-DATE
[        ] Caching disabled for task ':quill_native_bridge_android:mergeDebugShaders' because:
[        ]   Build cache is disabled
[        ]   Simple merging task
[        ] Skipping task ':quill_native_bridge_android:mergeDebugShaders' as it is up-to-date.
[        ] Resolve mutations for :quill_native_bridge_android:compileDebugShaders (Thread[#39746,Execution worker Thread 21,5,main]) started.
[        ] :quill_native_bridge_android:compileDebugShaders (Thread[#39746,Execution worker Thread 21,5,main]) started.
[        ] > Task :quill_native_bridge_android:compileDebugShaders NO-SOURCE
[        ] Skipping task ':quill_native_bridge_android:compileDebugShaders' as it has no source files and no previous output files.
[        ] Resolve mutations for :quill_native_bridge_android:generateDebugAssets (Thread[#39746,Execution worker Thread 21,5,main]) started.
[        ] :quill_native_bridge_android:generateDebugAssets (Thread[#39746,Execution worker Thread 21,5,main]) started.
[        ] > Task :quill_native_bridge_android:generateDebugAssets UP-TO-DATE
[        ] Skipping task ':quill_native_bridge_android:generateDebugAssets' as it has no actions.
[        ] Resolve mutations for :quill_native_bridge_android:mergeDebugAssets (Thread[#39746,Execution worker Thread 21,5,main]) started.
[        ] :quill_native_bridge_android:mergeDebugAssets (Thread[#39746,Execution worker Thread 21,5,main]) started.
[        ] > Task :quill_native_bridge_android:mergeDebugAssets UP-TO-DATE
[        ] Caching disabled for task ':quill_native_bridge_android:mergeDebugAssets' because:
[        ]   Build cache is disabled
[        ]   Simple merging task
[        ] Skipping task ':quill_native_bridge_android:mergeDebugAssets' as it is up-to-date.
[        ] work action resolve mergeDebugAssets (project :quill_native_bridge_android) (Thread[#39746,Execution worker Thread 21,5,main]) started.
[        ] Resolve mutations for :shared_preferences_android:mergeDebugShaders (Thread[#39746,Execution worker Thread 21,5,main]) started.
[        ] :shared_preferences_android:mergeDebugShaders (Thread[#39746,Execution worker Thread 21,5,main]) started.
[        ] > Task :shared_preferences_android:mergeDebugShaders UP-TO-DATE
[        ] Caching disabled for task ':shared_preferences_android:mergeDebugShaders' because:
[        ]   Build cache is disabled
[        ]   Simple merging task
[        ] Skipping task ':shared_preferences_android:mergeDebugShaders' as it is up-to-date.
[        ] Resolve mutations for :shared_preferences_android:compileDebugShaders (Thread[#39746,Execution worker Thread 21,5,main]) started.
[        ] :shared_preferences_android:compileDebugShaders (Thread[#39746,Execution worker Thread 21,5,main]) started.
[        ] > Task :shared_preferences_android:compileDebugShaders NO-SOURCE
[        ] Skipping task ':shared_preferences_android:compileDebugShaders' as it has no source files and no previous output files.
[        ] Resolve mutations for :shared_preferences_android:generateDebugAssets (Thread[#39746,Execution worker Thread 21,5,main]) started.
[        ] :shared_preferences_android:generateDebugAssets (Thread[#39746,Execution worker Thread 21,5,main]) started.
[        ] > Task :shared_preferences_android:generateDebugAssets UP-TO-DATE
[        ] Skipping task ':shared_preferences_android:generateDebugAssets' as it has no actions.
[        ] Resolve mutations for :shared_preferences_android:mergeDebugAssets (Thread[#39746,Execution worker Thread 21,5,main]) started.
[        ] :shared_preferences_android:mergeDebugAssets (Thread[#39746,Execution worker Thread 21,5,main]) started.
[        ] > Task :shared_preferences_android:mergeDebugAssets UP-TO-DATE
[        ] Caching disabled for task ':shared_preferences_android:mergeDebugAssets' because:
[        ]   Build cache is disabled
[        ]   Simple merging task
[        ] Skipping task ':shared_preferences_android:mergeDebugAssets' as it is up-to-date.
[        ] work action resolve mergeDebugAssets (project :shared_preferences_android) (Thread[#39746,Execution worker Thread 21,5,main]) started.
[        ] Resolve mutations for :sqflite_android:mergeDebugShaders (Thread[#39746,Execution worker Thread 21,5,main]) started.
[        ] :sqflite_android:mergeDebugShaders (Thread[#39746,Execution worker Thread 21,5,main]) started.
[        ] > Task :sqflite_android:mergeDebugShaders UP-TO-DATE
[        ] Caching disabled for task ':sqflite_android:mergeDebugShaders' because:
[        ]   Build cache is disabled
[        ]   Simple merging task
[        ] Skipping task ':sqflite_android:mergeDebugShaders' as it is up-to-date.
[        ] Resolve mutations for :sqflite_android:compileDebugShaders (Thread[#39746,Execution worker Thread 21,5,main]) started.
[        ] :sqflite_android:compileDebugShaders (Thread[#39746,Execution worker Thread 21,5,main]) started.
[        ] > Task :sqflite_android:compileDebugShaders NO-SOURCE
[        ] Skipping task ':sqflite_android:compileDebugShaders' as it has no source files and no previous output files.
[        ] Resolve mutations for :sqflite_android:generateDebugAssets (Thread[#39746,Execution worker Thread 21,5,main]) started.
[        ] :sqflite_android:generateDebugAssets (Thread[#39746,Execution worker Thread 21,5,main]) started.
[        ] > Task :sqflite_android:generateDebugAssets UP-TO-DATE
[        ] Skipping task ':sqflite_android:generateDebugAssets' as it has no actions.
[        ] Resolve mutations for :sqflite_android:mergeDebugAssets (Thread[#39746,Execution worker Thread 21,5,main]) started.
[        ] :sqflite_android:mergeDebugAssets (Thread[#39746,Execution worker Thread 21,5,main]) started.
[        ] > Task :sqflite_android:mergeDebugAssets UP-TO-DATE
[        ] Caching disabled for task ':sqflite_android:mergeDebugAssets' because:
[        ]   Build cache is disabled
[        ]   Simple merging task
[        ] Skipping task ':sqflite_android:mergeDebugAssets' as it is up-to-date.
[        ] work action resolve mergeDebugAssets (project :sqflite_android) (Thread[#39746,Execution worker Thread 21,5,main]) started.
[        ] Resolve mutations for :url_launcher_android:mergeDebugShaders (Thread[#39746,Execution worker Thread 21,5,main]) started.
[        ] :url_launcher_android:mergeDebugShaders (Thread[#39746,Execution worker Thread 21,5,main]) started.
[        ] > Task :url_launcher_android:mergeDebugShaders UP-TO-DATE
[        ] Caching disabled for task ':url_launcher_android:mergeDebugShaders' because:
[        ]   Build cache is disabled
[        ]   Simple merging task
[        ] Skipping task ':url_launcher_android:mergeDebugShaders' as it is up-to-date.
[        ] Resolve mutations for :url_launcher_android:compileDebugShaders (Thread[#39747,Execution worker Thread 22,5,main]) started.
[        ] :url_launcher_android:compileDebugShaders (Thread[#39747,Execution worker Thread 22,5,main]) started.
[        ] > Task :url_launcher_android:compileDebugShaders NO-SOURCE
[        ] Skipping task ':url_launcher_android:compileDebugShaders' as it has no source files and no previous output files.
[        ] Resolve mutations for :url_launcher_android:generateDebugAssets (Thread[#39747,Execution worker Thread 22,5,main]) started.
[        ] :url_launcher_android:generateDebugAssets (Thread[#39747,Execution worker Thread 22,5,main]) started.
[        ] > Task :url_launcher_android:generateDebugAssets UP-TO-DATE
[        ] Skipping task ':url_launcher_android:generateDebugAssets' as it has no actions.
[        ] Resolve mutations for :url_launcher_android:mergeDebugAssets (Thread[#39747,Execution worker Thread 22,5,main]) started.
[        ] :url_launcher_android:mergeDebugAssets (Thread[#39747,Execution worker Thread 22,5,main]) started.
[        ] > Task :url_launcher_android:mergeDebugAssets UP-TO-DATE
[        ] Caching disabled for task ':url_launcher_android:mergeDebugAssets' because:
[        ]   Build cache is disabled
[        ]   Simple merging task
[        ] Skipping task ':url_launcher_android:mergeDebugAssets' as it is up-to-date.
[        ] work action resolve mergeDebugAssets (project :url_launcher_android) (Thread[#39747,Execution worker Thread 22,5,main]) started.
[        ] Resolve mutations for :video_player_android:mergeDebugShaders (Thread[#39747,Execution worker Thread 22,5,main]) started.
[        ] :video_player_android:mergeDebugShaders (Thread[#39747,Execution worker Thread 22,5,main]) started.
[        ] > Task :video_player_android:mergeDebugShaders UP-TO-DATE
[        ] Caching disabled for task ':video_player_android:mergeDebugShaders' because:
[        ]   Build cache is disabled
[        ]   Simple merging task
[        ] Skipping task ':video_player_android:mergeDebugShaders' as it is up-to-date.
[        ] Resolve mutations for :video_player_android:compileDebugShaders (Thread[#39747,Execution worker Thread 22,5,main]) started.
[        ] :video_player_android:compileDebugShaders (Thread[#39747,Execution worker Thread 22,5,main]) started.
[        ] > Task :video_player_android:compileDebugShaders NO-SOURCE
[        ] Skipping task ':video_player_android:compileDebugShaders' as it has no source files and no previous output files.
[        ] Resolve mutations for :video_player_android:generateDebugAssets (Thread[#39747,Execution worker Thread 22,5,main]) started.
[        ] :video_player_android:generateDebugAssets (Thread[#39747,Execution worker Thread 22,5,main]) started.
[        ] > Task :video_player_android:generateDebugAssets UP-TO-DATE
[        ] Skipping task ':video_player_android:generateDebugAssets' as it has no actions.
[        ] Resolve mutations for :video_player_android:mergeDebugAssets (Thread[#39747,Execution worker Thread 22,5,main]) started.
[        ] :video_player_android:mergeDebugAssets (Thread[#39747,Execution worker Thread 22,5,main]) started.
[        ] > Task :video_player_android:mergeDebugAssets UP-TO-DATE
[        ] Caching disabled for task ':video_player_android:mergeDebugAssets' because:
[        ]   Build cache is disabled
[        ]   Simple merging task
[        ] Skipping task ':video_player_android:mergeDebugAssets' as it is up-to-date.
[        ] work action resolve mergeDebugAssets (project :video_player_android) (Thread[#39747,Execution worker Thread 22,5,main]) started.
[        ] Resolve mutations for :app:mergeDebugAssets (Thread[#39747,Execution worker Thread 22,5,main]) started.
[        ] :app:mergeDebugAssets (Thread[#39747,Execution worker Thread 22,5,main]) started.
[        ] > Task :app:mergeDebugAssets
[        ] Caching disabled for task ':app:mergeDebugAssets' because:
[        ]   Build cache is disabled
[        ]   Simple merging task
[        ] Task ':app:mergeDebugAssets' is not up-to-date because:
[        ]   Output property 'outputDir' file /Users/florian/Code/substitution/build/app/intermediates/assets/debug/mergeDebugAssets has been removed.
[        ] The input changes require a full rebuild for incremental task ':app:mergeDebugAssets'.
[        ] Resolve mutations for :app:copyFlutterAssetsDebug (Thread[#39747,Execution worker Thread 22,5,main]) started.
[        ] :app:copyFlutterAssetsDebug (Thread[#39753,Execution worker Thread 28,5,main]) started.
06:31 +3 -16: loading /Users/florian/Code/substitution/integration_test/key_verification_test.dart                                                                                                     [ +185 ms] > Task :app:copyFlutterAssetsDebug
[        ] Caching disabled for task ':app:copyFlutterAssetsDebug' because:
[        ]   Build cache is disabled
[        ]   Not worth caching
[        ] Task ':app:copyFlutterAssetsDebug' is not up-to-date because:
[        ]   Output property 'destinationDir' file /Users/florian/Code/substitution/build/app/intermediates/assets/debug/mergeDebugAssets/flutter_assets has been removed.
[        ]   Output property 'destinationDir' file /Users/florian/Code/substitution/build/app/intermediates/assets/debug/mergeDebugAssets/flutter_assets/AssetManifest.bin has been removed.
[        ]   Output property 'destinationDir' file /Users/florian/Code/substitution/build/app/intermediates/assets/debug/mergeDebugAssets/flutter_assets/FontManifest.json has been removed.
[        ]   and more...
[        ] Resolve mutations for :app:generateDebugResValues (Thread[#39753,Execution worker Thread 28,5,main]) started.
[        ] :app:generateDebugResValues (Thread[#39753,Execution worker Thread 28,5,main]) started.
[        ] > Task :app:generateDebugResValues UP-TO-DATE
[        ] Caching disabled for task ':app:generateDebugResValues' because:
[        ]   Build cache is disabled
[        ] Skipping task ':app:generateDebugResValues' as it is up-to-date.
[        ] Resolve mutations for :connectivity_plus:generateDebugResValues (Thread[#39753,Execution worker Thread 28,5,main]) started.
[        ] :connectivity_plus:generateDebugResValues (Thread[#39753,Execution worker Thread 28,5,main]) started.
[        ] > Task :connectivity_plus:generateDebugResValues UP-TO-DATE
[        ] Caching disabled for task ':connectivity_plus:generateDebugResValues' because:
[        ]   Build cache is disabled
[        ] Skipping task ':connectivity_plus:generateDebugResValues' as it is up-to-date.
[        ] Resolve mutations for :connectivity_plus:generateDebugResources (Thread[#39753,Execution worker Thread 28,5,main]) started.
[        ] :connectivity_plus:generateDebugResources (Thread[#39751,Execution worker Thread 26,5,main]) started.
[        ] > Task :connectivity_plus:generateDebugResources UP-TO-DATE
[        ] Caching disabled for task ':connectivity_plus:generateDebugResources' because:
[        ]   Build cache is disabled
[        ] Skipping task ':connectivity_plus:generateDebugResources' as it is up-to-date.
[        ] Resolve mutations for :connectivity_plus:packageDebugResources (Thread[#39751,Execution worker Thread 26,5,main]) started.
[        ] :connectivity_plus:packageDebugResources (Thread[#39744,Execution worker Thread 19,5,main]) started.
[        ] > Task :connectivity_plus:packageDebugResources UP-TO-DATE
[        ] Caching disabled for task ':connectivity_plus:packageDebugResources' because:
[        ]   Build cache is disabled
[        ] Skipping task ':connectivity_plus:packageDebugResources' as it is up-to-date.
[        ] work action resolve packageDebugResources (project :connectivity_plus) (Thread[#39744,Execution worker Thread 19,5,main]) started.
[        ] Resolve mutations for :emoji_picker_flutter:generateDebugResValues (Thread[#39744,Execution worker Thread 19,5,main]) started.
[        ] :emoji_picker_flutter:generateDebugResValues (Thread[#39739,Execution worker Thread 14,5,main]) started.
[        ] > Task :emoji_picker_flutter:generateDebugResValues UP-TO-DATE
[        ] Caching disabled for task ':emoji_picker_flutter:generateDebugResValues' because:
[        ]   Build cache is disabled
[        ] Skipping task ':emoji_picker_flutter:generateDebugResValues' as it is up-to-date.
[        ] Resolve mutations for :emoji_picker_flutter:generateDebugResources (Thread[#39739,Execution worker Thread 14,5,main]) started.
[        ] :emoji_picker_flutter:generateDebugResources (Thread[#39739,Execution worker Thread 14,5,main]) started.
[        ] > Task :emoji_picker_flutter:generateDebugResources UP-TO-DATE
[        ] Caching disabled for task ':emoji_picker_flutter:generateDebugResources' because:
[        ]   Build cache is disabled
[        ] Skipping task ':emoji_picker_flutter:generateDebugResources' as it is up-to-date.
[        ] Resolve mutations for :emoji_picker_flutter:packageDebugResources (Thread[#39739,Execution worker Thread 14,5,main]) started.
[        ] :emoji_picker_flutter:packageDebugResources (Thread[#39739,Execution worker Thread 14,5,main]) started.
[        ] > Task :emoji_picker_flutter:packageDebugResources UP-TO-DATE
[        ] Caching disabled for task ':emoji_picker_flutter:packageDebugResources' because:
[        ]   Build cache is disabled
[        ] Skipping task ':emoji_picker_flutter:packageDebugResources' as it is up-to-date.
[        ] work action resolve packageDebugResources (project :emoji_picker_flutter) (Thread[#39739,Execution worker Thread 14,5,main]) started.
[        ] Resolve mutations for :file_selector_android:generateDebugResValues (Thread[#39739,Execution worker Thread 14,5,main]) started.
[        ] :file_selector_android:generateDebugResValues (Thread[#39739,Execution worker Thread 14,5,main]) started.
[        ] > Task :file_selector_android:generateDebugResValues UP-TO-DATE
[        ] Caching disabled for task ':file_selector_android:generateDebugResValues' because:
[        ]   Build cache is disabled
[        ] Skipping task ':file_selector_android:generateDebugResValues' as it is up-to-date.
[        ] Resolve mutations for :file_selector_android:generateDebugResources (Thread[#39739,Execution worker Thread 14,5,main]) started.
[        ] :file_selector_android:generateDebugResources (Thread[#39739,Execution worker Thread 14,5,main]) started.
[        ] > Task :file_selector_android:generateDebugResources UP-TO-DATE
[        ] Caching disabled for task ':file_selector_android:generateDebugResources' because:
[        ]   Build cache is disabled
[        ] Skipping task ':file_selector_android:generateDebugResources' as it is up-to-date.
[        ] Resolve mutations for :file_selector_android:packageDebugResources (Thread[#39739,Execution worker Thread 14,5,main]) started.
[        ] :file_selector_android:packageDebugResources (Thread[#39739,Execution worker Thread 14,5,main]) started.
[        ] > Task :file_selector_android:packageDebugResources UP-TO-DATE
[        ] Caching disabled for task ':file_selector_android:packageDebugResources' because:
[        ]   Build cache is disabled
[        ] Skipping task ':file_selector_android:packageDebugResources' as it is up-to-date.
[        ] work action resolve packageDebugResources (project :file_selector_android) (Thread[#39739,Execution worker Thread 14,5,main]) started.
[        ] Resolve mutations for :flutter_keyboard_visibility_temp_fork:generateDebugResValues (Thread[#39739,Execution worker Thread 14,5,main]) started.
[        ] :flutter_keyboard_visibility_temp_fork:generateDebugResValues (Thread[#39739,Execution worker Thread 14,5,main]) started.
[        ] > Task :flutter_keyboard_visibility_temp_fork:generateDebugResValues UP-TO-DATE
[        ] Caching disabled for task ':flutter_keyboard_visibility_temp_fork:generateDebugResValues' because:
[        ]   Build cache is disabled
[        ] Skipping task ':flutter_keyboard_visibility_temp_fork:generateDebugResValues' as it is up-to-date.
[        ] Resolve mutations for :flutter_keyboard_visibility_temp_fork:generateDebugResources (Thread[#39739,Execution worker Thread 14,5,main]) started.
[        ] :flutter_keyboard_visibility_temp_fork:generateDebugResources (Thread[#39739,Execution worker Thread 14,5,main]) started.
[        ] > Task :flutter_keyboard_visibility_temp_fork:generateDebugResources UP-TO-DATE
[        ] Caching disabled for task ':flutter_keyboard_visibility_temp_fork:generateDebugResources' because:
[        ]   Build cache is disabled
[        ] Skipping task ':flutter_keyboard_visibility_temp_fork:generateDebugResources' as it is up-to-date.
[        ] Resolve mutations for :flutter_keyboard_visibility_temp_fork:packageDebugResources (Thread[#39739,Execution worker Thread 14,5,main]) started.
[        ] :flutter_keyboard_visibility_temp_fork:packageDebugResources (Thread[#39739,Execution worker Thread 14,5,main]) started.
[        ] > Task :flutter_keyboard_visibility_temp_fork:packageDebugResources UP-TO-DATE
[        ] Caching disabled for task ':flutter_keyboard_visibility_temp_fork:packageDebugResources' because:
[        ]   Build cache is disabled
[        ] Skipping task ':flutter_keyboard_visibility_temp_fork:packageDebugResources' as it is up-to-date.
[        ] work action resolve packageDebugResources (project :flutter_keyboard_visibility_temp_fork) (Thread[#39739,Execution worker Thread 14,5,main]) started.
[        ] Resolve mutations for :flutter_native_splash:generateDebugResValues (Thread[#39739,Execution worker Thread 14,5,main]) started.
[        ] :flutter_native_splash:generateDebugResValues (Thread[#39735,Execution worker Thread 10,5,main]) started.
[        ] > Task :flutter_native_splash:generateDebugResValues UP-TO-DATE
[        ] Caching disabled for task ':flutter_native_splash:generateDebugResValues' because:
[        ]   Build cache is disabled
[        ] Skipping task ':flutter_native_splash:generateDebugResValues' as it is up-to-date.
[        ] Resolve mutations for :flutter_native_splash:generateDebugResources (Thread[#39735,Execution worker Thread 10,5,main]) started.
[        ] :flutter_native_splash:generateDebugResources (Thread[#39745,Execution worker Thread 20,5,main]) started.
[        ] > Task :flutter_native_splash:generateDebugResources UP-TO-DATE
[        ] Caching disabled for task ':flutter_native_splash:generateDebugResources' because:
[        ]   Build cache is disabled
[        ] Skipping task ':flutter_native_splash:generateDebugResources' as it is up-to-date.
[        ] Resolve mutations for :flutter_native_splash:packageDebugResources (Thread[#39745,Execution worker Thread 20,5,main]) started.
[        ] :flutter_native_splash:packageDebugResources (Thread[#39727,Execution worker Thread 3,5,main]) started.
[        ] > Task :flutter_native_splash:packageDebugResources UP-TO-DATE
[        ] Caching disabled for task ':flutter_native_splash:packageDebugResources' because:
[        ]   Build cache is disabled
[        ] Skipping task ':flutter_native_splash:packageDebugResources' as it is up-to-date.
[        ] work action resolve packageDebugResources (project :flutter_native_splash) (Thread[#39727,Execution worker Thread 3,5,main]) started.
[        ] Resolve mutations for :flutter_olm:generateDebugResValues (Thread[#39727,Execution worker Thread 3,5,main]) started.
[        ] :flutter_olm:generateDebugResValues (Thread[#39727,Execution worker Thread 3,5,main]) started.
[        ] > Task :flutter_olm:generateDebugResValues UP-TO-DATE
[        ] Caching disabled for task ':flutter_olm:generateDebugResValues' because:
[        ]   Build cache is disabled
[        ] Skipping task ':flutter_olm:generateDebugResValues' as it is up-to-date.
[        ] Resolve mutations for :flutter_olm:generateDebugResources (Thread[#39727,Execution worker Thread 3,5,main]) started.
[        ] :flutter_olm:generateDebugResources (Thread[#39727,Execution worker Thread 3,5,main]) started.
[        ] > Task :flutter_olm:generateDebugResources UP-TO-DATE
[        ] Caching disabled for task ':flutter_olm:generateDebugResources' because:
[        ]   Build cache is disabled
[        ] Skipping task ':flutter_olm:generateDebugResources' as it is up-to-date.
[        ] Resolve mutations for :flutter_olm:packageDebugResources (Thread[#39727,Execution worker Thread 3,5,main]) started.
[        ] :flutter_olm:packageDebugResources (Thread[#39727,Execution worker Thread 3,5,main]) started.
[        ] > Task :flutter_olm:packageDebugResources UP-TO-DATE
[        ] Caching disabled for task ':flutter_olm:packageDebugResources' because:
[        ]   Build cache is disabled
[        ] Skipping task ':flutter_olm:packageDebugResources' as it is up-to-date.
[        ] work action resolve packageDebugResources (project :flutter_olm) (Thread[#39727,Execution worker Thread 3,5,main]) started.
[        ] Resolve mutations for :flutter_openssl_crypto:generateDebugResValues (Thread[#39727,Execution worker Thread 3,5,main]) started.
[        ] :flutter_openssl_crypto:generateDebugResValues (Thread[#39744,Execution worker Thread 19,5,main]) started.
[        ] > Task :flutter_openssl_crypto:generateDebugResValues UP-TO-DATE
[        ] Caching disabled for task ':flutter_openssl_crypto:generateDebugResValues' because:
[        ]   Build cache is disabled
[        ] Skipping task ':flutter_openssl_crypto:generateDebugResValues' as it is up-to-date.
[        ] Resolve mutations for :flutter_openssl_crypto:generateDebugResources (Thread[#39744,Execution worker Thread 19,5,main]) started.
[        ] :flutter_openssl_crypto:generateDebugResources (Thread[#39744,Execution worker Thread 19,5,main]) started.
[        ] > Task :flutter_openssl_crypto:generateDebugResources UP-TO-DATE
[        ] Caching disabled for task ':flutter_openssl_crypto:generateDebugResources' because:
[        ]   Build cache is disabled
[        ] Skipping task ':flutter_openssl_crypto:generateDebugResources' as it is up-to-date.
[        ] Resolve mutations for :flutter_openssl_crypto:packageDebugResources (Thread[#39744,Execution worker Thread 19,5,main]) started.
[        ] :flutter_openssl_crypto:packageDebugResources (Thread[#39744,Execution worker Thread 19,5,main]) started.
[        ] > Task :flutter_openssl_crypto:packageDebugResources UP-TO-DATE
[        ] Caching disabled for task ':flutter_openssl_crypto:packageDebugResources' because:
[        ]   Build cache is disabled
[        ] Skipping task ':flutter_openssl_crypto:packageDebugResources' as it is up-to-date.
[        ] work action resolve packageDebugResources (project :flutter_openssl_crypto) (Thread[#39744,Execution worker Thread 19,5,main]) started.
[        ] Resolve mutations for :integration_test:generateDebugResValues (Thread[#39744,Execution worker Thread 19,5,main]) started.
[        ] :integration_test:generateDebugResValues (Thread[#39746,Execution worker Thread 21,5,main]) started.
[        ] > Task :integration_test:generateDebugResValues UP-TO-DATE
[        ] Caching disabled for task ':integration_test:generateDebugResValues' because:
[        ]   Build cache is disabled
[        ] Skipping task ':integration_test:generateDebugResValues' as it is up-to-date.
[        ] Resolve mutations for :integration_test:generateDebugResources (Thread[#39746,Execution worker Thread 21,5,main]) started.
[        ] :integration_test:generateDebugResources (Thread[#39746,Execution worker Thread 21,5,main]) started.
[        ] > Task :integration_test:generateDebugResources UP-TO-DATE
[        ] Caching disabled for task ':integration_test:generateDebugResources' because:
[        ]   Build cache is disabled
[        ] Skipping task ':integration_test:generateDebugResources' as it is up-to-date.
[        ] Resolve mutations for :integration_test:packageDebugResources (Thread[#39746,Execution worker Thread 21,5,main]) started.
[        ] :integration_test:packageDebugResources (Thread[#39746,Execution worker Thread 21,5,main]) started.
[        ] > Task :integration_test:packageDebugResources UP-TO-DATE
[        ] Caching disabled for task ':integration_test:packageDebugResources' because:
[        ]   Build cache is disabled
[        ] Skipping task ':integration_test:packageDebugResources' as it is up-to-date.
[        ] work action resolve packageDebugResources (project :integration_test) (Thread[#39746,Execution worker Thread 21,5,main]) started.
[        ] Resolve mutations for :path_provider_android:generateDebugResValues (Thread[#39746,Execution worker Thread 21,5,main]) started.
[        ] :path_provider_android:generateDebugResValues (Thread[#39746,Execution worker Thread 21,5,main]) started.
[        ] > Task :path_provider_android:generateDebugResValues UP-TO-DATE
[        ] Caching disabled for task ':path_provider_android:generateDebugResValues' because:
[        ]   Build cache is disabled
[        ] Skipping task ':path_provider_android:generateDebugResValues' as it is up-to-date.
[        ] Resolve mutations for :path_provider_android:generateDebugResources (Thread[#39746,Execution worker Thread 21,5,main]) started.
[        ] :path_provider_android:generateDebugResources (Thread[#39746,Execution worker Thread 21,5,main]) started.
[        ] > Task :path_provider_android:generateDebugResources UP-TO-DATE
[        ] Caching disabled for task ':path_provider_android:generateDebugResources' because:
[        ]   Build cache is disabled
[        ] Skipping task ':path_provider_android:generateDebugResources' as it is up-to-date.
[        ] Resolve mutations for :path_provider_android:packageDebugResources (Thread[#39746,Execution worker Thread 21,5,main]) started.
[        ] :path_provider_android:packageDebugResources (Thread[#39746,Execution worker Thread 21,5,main]) started.
[        ] > Task :path_provider_android:packageDebugResources UP-TO-DATE
[        ] Caching disabled for task ':path_provider_android:packageDebugResources' because:
[        ]   Build cache is disabled
[        ] Skipping task ':path_provider_android:packageDebugResources' as it is up-to-date.
[        ] work action resolve packageDebugResources (project :path_provider_android) (Thread[#39746,Execution worker Thread 21,5,main]) started.
[        ] Resolve mutations for :quill_native_bridge_android:generateDebugResValues (Thread[#39746,Execution worker Thread 21,5,main]) started.
[        ] :quill_native_bridge_android:generateDebugResValues (Thread[#39746,Execution worker Thread 21,5,main]) started.
[        ] > Task :quill_native_bridge_android:generateDebugResValues UP-TO-DATE
[        ] Caching disabled for task ':quill_native_bridge_android:generateDebugResValues' because:
[        ]   Build cache is disabled
[        ] Skipping task ':quill_native_bridge_android:generateDebugResValues' as it is up-to-date.
[        ] Resolve mutations for :quill_native_bridge_android:generateDebugResources (Thread[#39746,Execution worker Thread 21,5,main]) started.
[        ] :quill_native_bridge_android:generateDebugResources (Thread[#39746,Execution worker Thread 21,5,main]) started.
[        ] > Task :quill_native_bridge_android:generateDebugResources UP-TO-DATE
[        ] Caching disabled for task ':quill_native_bridge_android:generateDebugResources' because:
[        ]   Build cache is disabled
[        ] Skipping task ':quill_native_bridge_android:generateDebugResources' as it is up-to-date.
[        ] Resolve mutations for :quill_native_bridge_android:packageDebugResources (Thread[#39746,Execution worker Thread 21,5,main]) started.
[        ] :quill_native_bridge_android:packageDebugResources (Thread[#39746,Execution worker Thread 21,5,main]) started.
[        ] > Task :quill_native_bridge_android:packageDebugResources UP-TO-DATE
[        ] Caching disabled for task ':quill_native_bridge_android:packageDebugResources' because:
[        ]   Build cache is disabled
[        ] Skipping task ':quill_native_bridge_android:packageDebugResources' as it is up-to-date.
[        ] work action resolve packageDebugResources (project :quill_native_bridge_android) (Thread[#39746,Execution worker Thread 21,5,main]) started.
[        ] Resolve mutations for :shared_preferences_android:generateDebugResValues (Thread[#39746,Execution worker Thread 21,5,main]) started.
[        ] :shared_preferences_android:generateDebugResValues (Thread[#39753,Execution worker Thread 28,5,main]) started.
[        ] > Task :shared_preferences_android:generateDebugResValues UP-TO-DATE
[        ] Caching disabled for task ':shared_preferences_android:generateDebugResValues' because:
[        ]   Build cache is disabled
[        ] Skipping task ':shared_preferences_android:generateDebugResValues' as it is up-to-date.
[        ] Resolve mutations for :shared_preferences_android:generateDebugResources (Thread[#39753,Execution worker Thread 28,5,main]) started.
[        ] :shared_preferences_android:generateDebugResources (Thread[#39753,Execution worker Thread 28,5,main]) started.
[        ] > Task :shared_preferences_android:generateDebugResources UP-TO-DATE
[        ] Caching disabled for task ':shared_preferences_android:generateDebugResources' because:
[        ]   Build cache is disabled
[        ] Skipping task ':shared_preferences_android:generateDebugResources' as it is up-to-date.
[        ] Resolve mutations for :shared_preferences_android:packageDebugResources (Thread[#39753,Execution worker Thread 28,5,main]) started.
[        ] :shared_preferences_android:packageDebugResources (Thread[#39753,Execution worker Thread 28,5,main]) started.
[        ] > Task :shared_preferences_android:packageDebugResources UP-TO-DATE
[        ] Caching disabled for task ':shared_preferences_android:packageDebugResources' because:
[        ]   Build cache is disabled
[        ] Skipping task ':shared_preferences_android:packageDebugResources' as it is up-to-date.
[        ] work action resolve packageDebugResources (project :shared_preferences_android) (Thread[#39753,Execution worker Thread 28,5,main]) started.
[        ] Resolve mutations for :sqflite_android:generateDebugResValues (Thread[#39753,Execution worker Thread 28,5,main]) started.
[        ] :sqflite_android:generateDebugResValues (Thread[#39753,Execution worker Thread 28,5,main]) started.
[        ] > Task :sqflite_android:generateDebugResValues UP-TO-DATE
[        ] Caching disabled for task ':sqflite_android:generateDebugResValues' because:
[        ]   Build cache is disabled
[        ] Skipping task ':sqflite_android:generateDebugResValues' as it is up-to-date.
[        ] Resolve mutations for :sqflite_android:generateDebugResources (Thread[#39753,Execution worker Thread 28,5,main]) started.
[        ] :sqflite_android:generateDebugResources (Thread[#39753,Execution worker Thread 28,5,main]) started.
[        ] > Task :sqflite_android:generateDebugResources UP-TO-DATE
[        ] Caching disabled for task ':sqflite_android:generateDebugResources' because:
[        ]   Build cache is disabled
[        ] Skipping task ':sqflite_android:generateDebugResources' as it is up-to-date.
[        ] Resolve mutations for :sqflite_android:packageDebugResources (Thread[#39753,Execution worker Thread 28,5,main]) started.
[        ] :sqflite_android:packageDebugResources (Thread[#39753,Execution worker Thread 28,5,main]) started.
[        ] > Task :sqflite_android:packageDebugResources UP-TO-DATE
[        ] Caching disabled for task ':sqflite_android:packageDebugResources' because:
[        ]   Build cache is disabled
[        ] Skipping task ':sqflite_android:packageDebugResources' as it is up-to-date.
[        ] work action resolve packageDebugResources (project :sqflite_android) (Thread[#39753,Execution worker Thread 28,5,main]) started.
[        ] Resolve mutations for :url_launcher_android:generateDebugResValues (Thread[#39753,Execution worker Thread 28,5,main]) started.
[        ] :url_launcher_android:generateDebugResValues (Thread[#39753,Execution worker Thread 28,5,main]) started.
[        ] > Task :url_launcher_android:generateDebugResValues UP-TO-DATE
[        ] Caching disabled for task ':url_launcher_android:generateDebugResValues' because:
[        ]   Build cache is disabled
[        ] Skipping task ':url_launcher_android:generateDebugResValues' as it is up-to-date.
[        ] Resolve mutations for :url_launcher_android:generateDebugResources (Thread[#39753,Execution worker Thread 28,5,main]) started.
[        ] :url_launcher_android:generateDebugResources (Thread[#39753,Execution worker Thread 28,5,main]) started.
[        ] > Task :url_launcher_android:generateDebugResources UP-TO-DATE
[        ] Caching disabled for task ':url_launcher_android:generateDebugResources' because:
[        ]   Build cache is disabled
[        ] Skipping task ':url_launcher_android:generateDebugResources' as it is up-to-date.
[        ] Resolve mutations for :url_launcher_android:packageDebugResources (Thread[#39753,Execution worker Thread 28,5,main]) started.
[        ] :url_launcher_android:packageDebugResources (Thread[#39753,Execution worker Thread 28,5,main]) started.
[        ] > Task :url_launcher_android:packageDebugResources UP-TO-DATE
[        ] Caching disabled for task ':url_launcher_android:packageDebugResources' because:
[        ]   Build cache is disabled
[        ] Skipping task ':url_launcher_android:packageDebugResources' as it is up-to-date.
[        ] work action resolve packageDebugResources (project :url_launcher_android) (Thread[#39753,Execution worker Thread 28,5,main]) started.
[        ] Resolve mutations for :video_player_android:generateDebugResValues (Thread[#39753,Execution worker Thread 28,5,main]) started.
[        ] :video_player_android:generateDebugResValues (Thread[#39753,Execution worker Thread 28,5,main]) started.
[        ] > Task :video_player_android:generateDebugResValues UP-TO-DATE
[        ] Caching disabled for task ':video_player_android:generateDebugResValues' because:
[        ]   Build cache is disabled
[        ] Skipping task ':video_player_android:generateDebugResValues' as it is up-to-date.
[        ] Resolve mutations for :video_player_android:generateDebugResources (Thread[#39753,Execution worker Thread 28,5,main]) started.
[        ] :video_player_android:generateDebugResources (Thread[#39753,Execution worker Thread 28,5,main]) started.
[        ] > Task :video_player_android:generateDebugResources UP-TO-DATE
[        ] Caching disabled for task ':video_player_android:generateDebugResources' because:
[        ]   Build cache is disabled
[        ] Skipping task ':video_player_android:generateDebugResources' as it is up-to-date.
[        ] Resolve mutations for :video_player_android:packageDebugResources (Thread[#39753,Execution worker Thread 28,5,main]) started.
[        ] :video_player_android:packageDebugResources (Thread[#39753,Execution worker Thread 28,5,main]) started.
[        ] > Task :video_player_android:packageDebugResources UP-TO-DATE
[        ] Caching disabled for task ':video_player_android:packageDebugResources' because:
[        ]   Build cache is disabled
[        ] Skipping task ':video_player_android:packageDebugResources' as it is up-to-date.
[        ] work action resolve packageDebugResources (project :video_player_android) (Thread[#39753,Execution worker Thread 28,5,main]) started.
[        ] Resolve mutations for :app:mapDebugSourceSetPaths (Thread[#39753,Execution worker Thread 28,5,main]) started.
[        ] :app:mapDebugSourceSetPaths (Thread[#39753,Execution worker Thread 28,5,main]) started.
[        ] > Task :app:mapDebugSourceSetPaths UP-TO-DATE
[        ] Caching disabled for task ':app:mapDebugSourceSetPaths' because:
[        ]   Build cache is disabled
[        ]   Caching has been disabled for the task
[        ] Skipping task ':app:mapDebugSourceSetPaths' as it is up-to-date.
[        ] Resolve mutations for :app:generateDebugResources (Thread[#39753,Execution worker Thread 28,5,main]) started.
[        ] :app:generateDebugResources (Thread[#39753,Execution worker Thread 28,5,main]) started.
[        ] > Task :app:generateDebugResources UP-TO-DATE
[        ] Caching disabled for task ':app:generateDebugResources' because:
[        ]   Build cache is disabled
[        ] Skipping task ':app:generateDebugResources' as it is up-to-date.
[        ] Resolve mutations for :app:mergeDebugResources (Thread[#39753,Execution worker Thread 28,5,main]) started.
[        ] :app:mergeDebugResources (Thread[#39753,Execution worker Thread 28,5,main]) started.
[        ] > Task :app:mergeDebugResources UP-TO-DATE
[        ] Caching disabled for task ':app:mergeDebugResources' because:
[        ]   Build cache is disabled
[        ] Skipping task ':app:mergeDebugResources' as it is up-to-date.
[        ] Resolve mutations for :app:packageDebugResources (Thread[#39753,Execution worker Thread 28,5,main]) started.
[        ] :app:packageDebugResources (Thread[#39753,Execution worker Thread 28,5,main]) started.
[        ] > Task :app:packageDebugResources UP-TO-DATE
[        ] Caching disabled for task ':app:packageDebugResources' because:
[        ]   Build cache is disabled
[        ] Skipping task ':app:packageDebugResources' as it is up-to-date.
[        ] Resolve mutations for :app:parseDebugLocalResources (Thread[#39753,Execution worker Thread 28,5,main]) started.
[        ] :app:parseDebugLocalResources (Thread[#39753,Execution worker Thread 28,5,main]) started.
[        ] > Task :app:parseDebugLocalResources UP-TO-DATE
[        ] Caching disabled for task ':app:parseDebugLocalResources' because:
[        ]   Build cache is disabled
[        ] Skipping task ':app:parseDebugLocalResources' as it is up-to-date.
[        ] Resolve mutations for :app:createDebugCompatibleScreenManifests (Thread[#39753,Execution worker Thread 28,5,main]) started.
[        ] :app:createDebugCompatibleScreenManifests (Thread[#39753,Execution worker Thread 28,5,main]) started.
[        ] > Task :app:createDebugCompatibleScreenManifests UP-TO-DATE
[        ] Caching disabled for task ':app:createDebugCompatibleScreenManifests' because:
[        ]   Build cache is disabled
[        ]   Caching has been disabled for the task
[        ] Skipping task ':app:createDebugCompatibleScreenManifests' as it is up-to-date.
[        ] Resolve mutations for :app:extractDeepLinksDebug (Thread[#39753,Execution worker Thread 28,5,main]) started.
[        ] :app:extractDeepLinksDebug (Thread[#39753,Execution worker Thread 28,5,main]) started.
[        ] > Task :app:extractDeepLinksDebug UP-TO-DATE
[        ] Caching disabled for task ':app:extractDeepLinksDebug' because:
[        ]   Build cache is disabled
[        ] Skipping task ':app:extractDeepLinksDebug' as it is up-to-date.
[        ] Resolve mutations for :connectivity_plus:extractDeepLinksDebug (Thread[#39753,Execution worker Thread 28,5,main]) started.
[        ] :connectivity_plus:extractDeepLinksDebug (Thread[#39753,Execution worker Thread 28,5,main]) started.
[        ] > Task :connectivity_plus:extractDeepLinksDebug UP-TO-DATE
[        ] Caching disabled for task ':connectivity_plus:extractDeepLinksDebug' because:
[        ]   Build cache is disabled
[        ] Skipping task ':connectivity_plus:extractDeepLinksDebug' as it is up-to-date.
[        ] work action resolve navigation.json (project :connectivity_plus) (Thread[#39753,Execution worker Thread 28,5,main]) started.
[        ] Resolve mutations for :connectivity_plus:processDebugManifest (Thread[#39753,Execution worker Thread 28,5,main]) started.
[        ] :connectivity_plus:processDebugManifest (Thread[#39753,Execution worker Thread 28,5,main]) started.
[        ] > Task :connectivity_plus:processDebugManifest UP-TO-DATE
[        ] Caching disabled for task ':connectivity_plus:processDebugManifest' because:
[        ]   Build cache is disabled
[        ] Skipping task ':connectivity_plus:processDebugManifest' as it is up-to-date.
[        ] work action resolve AndroidManifest.xml (project :connectivity_plus) (Thread[#39753,Execution worker Thread 28,5,main]) started.
[        ] Resolve mutations for :emoji_picker_flutter:extractDeepLinksDebug (Thread[#39753,Execution worker Thread 28,5,main]) started.
[        ] :emoji_picker_flutter:extractDeepLinksDebug (Thread[#39753,Execution worker Thread 28,5,main]) started.
[        ] > Task :emoji_picker_flutter:extractDeepLinksDebug UP-TO-DATE
[        ] Caching disabled for task ':emoji_picker_flutter:extractDeepLinksDebug' because:
[        ]   Build cache is disabled
[        ] Skipping task ':emoji_picker_flutter:extractDeepLinksDebug' as it is up-to-date.
[        ] work action resolve navigation.json (project :emoji_picker_flutter) (Thread[#39753,Execution worker Thread 28,5,main]) started.
[        ] Resolve mutations for :emoji_picker_flutter:processDebugManifest (Thread[#39753,Execution worker Thread 28,5,main]) started.
[        ] :emoji_picker_flutter:processDebugManifest (Thread[#39753,Execution worker Thread 28,5,main]) started.
[        ] > Task :emoji_picker_flutter:processDebugManifest UP-TO-DATE
[        ] Caching disabled for task ':emoji_picker_flutter:processDebugManifest' because:
[        ]   Build cache is disabled
[        ] Skipping task ':emoji_picker_flutter:processDebugManifest' as it is up-to-date.
[        ] work action resolve AndroidManifest.xml (project :emoji_picker_flutter) (Thread[#39753,Execution worker Thread 28,5,main]) started.
[        ] Resolve mutations for :file_selector_android:extractDeepLinksDebug (Thread[#39753,Execution worker Thread 28,5,main]) started.
[        ] :file_selector_android:extractDeepLinksDebug (Thread[#39753,Execution worker Thread 28,5,main]) started.
[        ] > Task :file_selector_android:extractDeepLinksDebug UP-TO-DATE
[        ] Caching disabled for task ':file_selector_android:extractDeepLinksDebug' because:
[        ]   Build cache is disabled
[        ] Skipping task ':file_selector_android:extractDeepLinksDebug' as it is up-to-date.
[        ] work action resolve navigation.json (project :file_selector_android) (Thread[#39753,Execution worker Thread 28,5,main]) started.
[        ] Resolve mutations for :file_selector_android:processDebugManifest (Thread[#39753,Execution worker Thread 28,5,main]) started.
[        ] :file_selector_android:processDebugManifest (Thread[#39753,Execution worker Thread 28,5,main]) started.
[        ] > Task :file_selector_android:processDebugManifest UP-TO-DATE
[        ] Caching disabled for task ':file_selector_android:processDebugManifest' because:
[        ]   Build cache is disabled
[        ] Skipping task ':file_selector_android:processDebugManifest' as it is up-to-date.
[        ] work action resolve AndroidManifest.xml (project :file_selector_android) (Thread[#39753,Execution worker Thread 28,5,main]) started.
[        ] Resolve mutations for :flutter_keyboard_visibility_temp_fork:extractDeepLinksDebug (Thread[#39753,Execution worker Thread 28,5,main]) started.
[        ] :flutter_keyboard_visibility_temp_fork:extractDeepLinksDebug (Thread[#39753,Execution worker Thread 28,5,main]) started.
[        ] > Task :flutter_keyboard_visibility_temp_fork:extractDeepLinksDebug UP-TO-DATE
[        ] Caching disabled for task ':flutter_keyboard_visibility_temp_fork:extractDeepLinksDebug' because:
[        ]   Build cache is disabled
[        ] Skipping task ':flutter_keyboard_visibility_temp_fork:extractDeepLinksDebug' as it is up-to-date.
[        ] work action resolve navigation.json (project :flutter_keyboard_visibility_temp_fork) (Thread[#39753,Execution worker Thread 28,5,main]) started.
[        ] Resolve mutations for :flutter_keyboard_visibility_temp_fork:processDebugManifest (Thread[#39753,Execution worker Thread 28,5,main]) started.
[        ] :flutter_keyboard_visibility_temp_fork:processDebugManifest (Thread[#39753,Execution worker Thread 28,5,main]) started.
[        ] > Task :flutter_keyboard_visibility_temp_fork:processDebugManifest UP-TO-DATE
[        ] Caching disabled for task ':flutter_keyboard_visibility_temp_fork:processDebugManifest' because:
[        ]   Build cache is disabled
[        ] Skipping task ':flutter_keyboard_visibility_temp_fork:processDebugManifest' as it is up-to-date.
[        ] work action resolve AndroidManifest.xml (project :flutter_keyboard_visibility_temp_fork) (Thread[#39753,Execution worker Thread 28,5,main]) started.
[        ] Resolve mutations for :flutter_native_splash:extractDeepLinksDebug (Thread[#39753,Execution worker Thread 28,5,main]) started.
[        ] :flutter_native_splash:extractDeepLinksDebug (Thread[#39753,Execution worker Thread 28,5,main]) started.
[        ] > Task :flutter_native_splash:extractDeepLinksDebug UP-TO-DATE
[        ] Caching disabled for task ':flutter_native_splash:extractDeepLinksDebug' because:
[        ]   Build cache is disabled
[        ] Skipping task ':flutter_native_splash:extractDeepLinksDebug' as it is up-to-date.
[        ] work action resolve navigation.json (project :flutter_native_splash) (Thread[#39753,Execution worker Thread 28,5,main]) started.
[        ] Resolve mutations for :flutter_native_splash:processDebugManifest (Thread[#39753,Execution worker Thread 28,5,main]) started.
[        ] :flutter_native_splash:processDebugManifest (Thread[#39753,Execution worker Thread 28,5,main]) started.
[        ] > Task :flutter_native_splash:processDebugManifest UP-TO-DATE
[        ] Caching disabled for task ':flutter_native_splash:processDebugManifest' because:
[        ]   Build cache is disabled
[        ] Skipping task ':flutter_native_splash:processDebugManifest' as it is up-to-date.
[        ] work action resolve AndroidManifest.xml (project :flutter_native_splash) (Thread[#39753,Execution worker Thread 28,5,main]) started.
[        ] Resolve mutations for :flutter_olm:extractDeepLinksDebug (Thread[#39753,Execution worker Thread 28,5,main]) started.
[        ] :flutter_olm:extractDeepLinksDebug (Thread[#39753,Execution worker Thread 28,5,main]) started.
[        ] > Task :flutter_olm:extractDeepLinksDebug UP-TO-DATE
[        ] Caching disabled for task ':flutter_olm:extractDeepLinksDebug' because:
[        ]   Build cache is disabled
[        ] Skipping task ':flutter_olm:extractDeepLinksDebug' as it is up-to-date.
[        ] work action resolve navigation.json (project :flutter_olm) (Thread[#39753,Execution worker Thread 28,5,main]) started.
[        ] Resolve mutations for :flutter_olm:processDebugManifest (Thread[#39753,Execution worker Thread 28,5,main]) started.
[        ] :flutter_olm:processDebugManifest (Thread[#39753,Execution worker Thread 28,5,main]) started.
[        ] > Task :flutter_olm:processDebugManifest UP-TO-DATE
[        ] Caching disabled for task ':flutter_olm:processDebugManifest' because:
[        ]   Build cache is disabled
[        ] Skipping task ':flutter_olm:processDebugManifest' as it is up-to-date.
[        ] work action resolve AndroidManifest.xml (project :flutter_olm) (Thread[#39753,Execution worker Thread 28,5,main]) started.
[        ] Resolve mutations for :flutter_openssl_crypto:extractDeepLinksDebug (Thread[#39753,Execution worker Thread 28,5,main]) started.
[        ] :flutter_openssl_crypto:extractDeepLinksDebug (Thread[#39753,Execution worker Thread 28,5,main]) started.
[        ] > Task :flutter_openssl_crypto:extractDeepLinksDebug UP-TO-DATE
[        ] Caching disabled for task ':flutter_openssl_crypto:extractDeepLinksDebug' because:
[        ]   Build cache is disabled
[        ] Skipping task ':flutter_openssl_crypto:extractDeepLinksDebug' as it is up-to-date.
[        ] work action resolve navigation.json (project :flutter_openssl_crypto) (Thread[#39753,Execution worker Thread 28,5,main]) started.
[        ] Resolve mutations for :flutter_openssl_crypto:processDebugManifest (Thread[#39753,Execution worker Thread 28,5,main]) started.
[        ] :flutter_openssl_crypto:processDebugManifest (Thread[#39753,Execution worker Thread 28,5,main]) started.
[        ] > Task :flutter_openssl_crypto:processDebugManifest UP-TO-DATE
[        ] Caching disabled for task ':flutter_openssl_crypto:processDebugManifest' because:
[        ]   Build cache is disabled
[        ] Skipping task ':flutter_openssl_crypto:processDebugManifest' as it is up-to-date.
[        ] work action resolve AndroidManifest.xml (project :flutter_openssl_crypto) (Thread[#39753,Execution worker Thread 28,5,main]) started.
[        ] Resolve mutations for :integration_test:extractDeepLinksDebug (Thread[#39753,Execution worker Thread 28,5,main]) started.
[        ] :integration_test:extractDeepLinksDebug (Thread[#39753,Execution worker Thread 28,5,main]) started.
[        ] > Task :integration_test:extractDeepLinksDebug UP-TO-DATE
[        ] Caching disabled for task ':integration_test:extractDeepLinksDebug' because:
[        ]   Build cache is disabled
[        ] Skipping task ':integration_test:extractDeepLinksDebug' as it is up-to-date.
[        ] work action resolve navigation.json (project :integration_test) (Thread[#39753,Execution worker Thread 28,5,main]) started.
[        ] Resolve mutations for :integration_test:processDebugManifest (Thread[#39753,Execution worker Thread 28,5,main]) started.
[        ] :integration_test:processDebugManifest (Thread[#39753,Execution worker Thread 28,5,main]) started.
[        ] > Task :integration_test:processDebugManifest UP-TO-DATE
[        ] Caching disabled for task ':integration_test:processDebugManifest' because:
[        ]   Build cache is disabled
[        ] Skipping task ':integration_test:processDebugManifest' as it is up-to-date.
[        ] work action resolve AndroidManifest.xml (project :integration_test) (Thread[#39753,Execution worker Thread 28,5,main]) started.
[        ] Resolve mutations for :path_provider_android:extractDeepLinksDebug (Thread[#39753,Execution worker Thread 28,5,main]) started.
[        ] :path_provider_android:extractDeepLinksDebug (Thread[#39753,Execution worker Thread 28,5,main]) started.
[        ] > Task :path_provider_android:extractDeepLinksDebug UP-TO-DATE
[        ] Caching disabled for task ':path_provider_android:extractDeepLinksDebug' because:
[        ]   Build cache is disabled
[        ] Skipping task ':path_provider_android:extractDeepLinksDebug' as it is up-to-date.
[        ] work action resolve navigation.json (project :path_provider_android) (Thread[#39753,Execution worker Thread 28,5,main]) started.
[        ] Resolve mutations for :path_provider_android:processDebugManifest (Thread[#39753,Execution worker Thread 28,5,main]) started.
[        ] :path_provider_android:processDebugManifest (Thread[#39753,Execution worker Thread 28,5,main]) started.
[        ] > Task :path_provider_android:processDebugManifest UP-TO-DATE
[        ] Caching disabled for task ':path_provider_android:processDebugManifest' because:
[        ]   Build cache is disabled
[        ] Skipping task ':path_provider_android:processDebugManifest' as it is up-to-date.
[        ] work action resolve AndroidManifest.xml (project :path_provider_android) (Thread[#39753,Execution worker Thread 28,5,main]) started.
[        ] Resolve mutations for :quill_native_bridge_android:extractDeepLinksDebug (Thread[#39753,Execution worker Thread 28,5,main]) started.
[        ] :quill_native_bridge_android:extractDeepLinksDebug (Thread[#39753,Execution worker Thread 28,5,main]) started.
[        ] > Task :quill_native_bridge_android:extractDeepLinksDebug UP-TO-DATE
[        ] Caching disabled for task ':quill_native_bridge_android:extractDeepLinksDebug' because:
[        ]   Build cache is disabled
[        ] Skipping task ':quill_native_bridge_android:extractDeepLinksDebug' as it is up-to-date.
[        ] work action resolve navigation.json (project :quill_native_bridge_android) (Thread[#39753,Execution worker Thread 28,5,main]) started.
[        ] Resolve mutations for :quill_native_bridge_android:processDebugManifest (Thread[#39753,Execution worker Thread 28,5,main]) started.
[        ] :quill_native_bridge_android:processDebugManifest (Thread[#39753,Execution worker Thread 28,5,main]) started.
[        ] > Task :quill_native_bridge_android:processDebugManifest UP-TO-DATE
[        ] Caching disabled for task ':quill_native_bridge_android:processDebugManifest' because:
[        ]   Build cache is disabled
[        ] Skipping task ':quill_native_bridge_android:processDebugManifest' as it is up-to-date.
[        ] work action resolve AndroidManifest.xml (project :quill_native_bridge_android) (Thread[#39753,Execution worker Thread 28,5,main]) started.
[        ] Resolve mutations for :shared_preferences_android:extractDeepLinksDebug (Thread[#39753,Execution worker Thread 28,5,main]) started.
[        ] :shared_preferences_android:extractDeepLinksDebug (Thread[#39753,Execution worker Thread 28,5,main]) started.
[        ] > Task :shared_preferences_android:extractDeepLinksDebug UP-TO-DATE
[        ] Caching disabled for task ':shared_preferences_android:extractDeepLinksDebug' because:
[        ]   Build cache is disabled
[        ] Skipping task ':shared_preferences_android:extractDeepLinksDebug' as it is up-to-date.
[        ] work action resolve navigation.json (project :shared_preferences_android) (Thread[#39753,Execution worker Thread 28,5,main]) started.
[        ] Resolve mutations for :shared_preferences_android:processDebugManifest (Thread[#39753,Execution worker Thread 28,5,main]) started.
[        ] :shared_preferences_android:processDebugManifest (Thread[#39753,Execution worker Thread 28,5,main]) started.
[        ] > Task :shared_preferences_android:processDebugManifest UP-TO-DATE
[        ] Caching disabled for task ':shared_preferences_android:processDebugManifest' because:
[        ]   Build cache is disabled
[        ] Skipping task ':shared_preferences_android:processDebugManifest' as it is up-to-date.
[        ] work action resolve AndroidManifest.xml (project :shared_preferences_android) (Thread[#39753,Execution worker Thread 28,5,main]) started.
[        ] Resolve mutations for :sqflite_android:extractDeepLinksDebug (Thread[#39753,Execution worker Thread 28,5,main]) started.
[        ] :sqflite_android:extractDeepLinksDebug (Thread[#39753,Execution worker Thread 28,5,main]) started.
[        ] > Task :sqflite_android:extractDeepLinksDebug UP-TO-DATE
[        ] Caching disabled for task ':sqflite_android:extractDeepLinksDebug' because:
[        ]   Build cache is disabled
[        ] Skipping task ':sqflite_android:extractDeepLinksDebug' as it is up-to-date.
[        ] work action resolve navigation.json (project :sqflite_android) (Thread[#39753,Execution worker Thread 28,5,main]) started.
[        ] Resolve mutations for :sqflite_android:processDebugManifest (Thread[#39753,Execution worker Thread 28,5,main]) started.
[        ] :sqflite_android:processDebugManifest (Thread[#39753,Execution worker Thread 28,5,main]) started.
[        ] > Task :sqflite_android:processDebugManifest UP-TO-DATE
[        ] Caching disabled for task ':sqflite_android:processDebugManifest' because:
[        ]   Build cache is disabled
[        ] Skipping task ':sqflite_android:processDebugManifest' as it is up-to-date.
[        ] work action resolve AndroidManifest.xml (project :sqflite_android) (Thread[#39753,Execution worker Thread 28,5,main]) started.
[        ] Resolve mutations for :url_launcher_android:extractDeepLinksDebug (Thread[#39753,Execution worker Thread 28,5,main]) started.
[        ] :url_launcher_android:extractDeepLinksDebug (Thread[#39753,Execution worker Thread 28,5,main]) started.
[        ] > Task :url_launcher_android:extractDeepLinksDebug UP-TO-DATE
[        ] Caching disabled for task ':url_launcher_android:extractDeepLinksDebug' because:
[        ]   Build cache is disabled
[        ] Skipping task ':url_launcher_android:extractDeepLinksDebug' as it is up-to-date.
[        ] work action resolve navigation.json (project :url_launcher_android) (Thread[#39753,Execution worker Thread 28,5,main]) started.
[        ] Resolve mutations for :url_launcher_android:processDebugManifest (Thread[#39753,Execution worker Thread 28,5,main]) started.
[        ] :url_launcher_android:processDebugManifest (Thread[#39753,Execution worker Thread 28,5,main]) started.
[        ] > Task :url_launcher_android:processDebugManifest UP-TO-DATE
[        ] Caching disabled for task ':url_launcher_android:processDebugManifest' because:
[        ]   Build cache is disabled
[        ] Skipping task ':url_launcher_android:processDebugManifest' as it is up-to-date.
[        ] work action resolve AndroidManifest.xml (project :url_launcher_android) (Thread[#39753,Execution worker Thread 28,5,main]) started.
[        ] Resolve mutations for :video_player_android:extractDeepLinksDebug (Thread[#39753,Execution worker Thread 28,5,main]) started.
[        ] :video_player_android:extractDeepLinksDebug (Thread[#39753,Execution worker Thread 28,5,main]) started.
[        ] > Task :video_player_android:extractDeepLinksDebug UP-TO-DATE
[        ] Caching disabled for task ':video_player_android:extractDeepLinksDebug' because:
[        ]   Build cache is disabled
[        ] Skipping task ':video_player_android:extractDeepLinksDebug' as it is up-to-date.
[        ] work action resolve navigation.json (project :video_player_android) (Thread[#39753,Execution worker Thread 28,5,main]) started.
[        ] Resolve mutations for :video_player_android:processDebugManifest (Thread[#39753,Execution worker Thread 28,5,main]) started.
[        ] :video_player_android:processDebugManifest (Thread[#39753,Execution worker Thread 28,5,main]) started.
[        ] > Task :video_player_android:processDebugManifest UP-TO-DATE
[        ] Caching disabled for task ':video_player_android:processDebugManifest' because:
[        ]   Build cache is disabled
[        ] Skipping task ':video_player_android:processDebugManifest' as it is up-to-date.
[        ] work action resolve AndroidManifest.xml (project :video_player_android) (Thread[#39753,Execution worker Thread 28,5,main]) started.
[        ] Resolve mutations for :app:processDebugMainManifest (Thread[#39753,Execution worker Thread 28,5,main]) started.
[        ] :app:processDebugMainManifest (Thread[#39753,Execution worker Thread 28,5,main]) started.
[        ] > Task :app:processDebugMainManifest UP-TO-DATE
[        ] Caching disabled for task ':app:processDebugMainManifest' because:
[        ]   Build cache is disabled
[        ] Skipping task ':app:processDebugMainManifest' as it is up-to-date.
[        ] Resolve mutations for :app:outputDebugAppLinkSettings (Thread[#39753,Execution worker Thread 28,5,main]) started.
[        ] :app:outputDebugAppLinkSettings (Thread[#39753,Execution worker Thread 28,5,main]) started.
[        ] > Task :app:outputDebugAppLinkSettings UP-TO-DATE
[        ] Caching disabled for task ':app:outputDebugAppLinkSettings' because:
[        ]   Build cache is disabled
[        ]   Caching has not been enabled for the task
[        ] Skipping task ':app:outputDebugAppLinkSettings' as it is up-to-date.
[        ] Resolve mutations for :app:processDebugManifest (Thread[#39753,Execution worker Thread 28,5,main]) started.
[        ] :app:processDebugManifest (Thread[#39753,Execution worker Thread 28,5,main]) started.
[        ] > Task :app:processDebugManifest UP-TO-DATE
[        ] Caching disabled for task ':app:processDebugManifest' because:
[        ]   Build cache is disabled
[        ] Skipping task ':app:processDebugManifest' as it is up-to-date.
[        ] Resolve mutations for :app:processDebugManifestForPackage (Thread[#39753,Execution worker Thread 28,5,main]) started.
[        ] :app:processDebugManifestForPackage (Thread[#39753,Execution worker Thread 28,5,main]) started.
[        ] > Task :app:processDebugManifestForPackage UP-TO-DATE
[        ] Custom actions are attached to task ':app:processDebugManifestForPackage'.
[        ] Caching disabled for task ':app:processDebugManifestForPackage' because:
[        ]   Build cache is disabled
[        ] Skipping task ':app:processDebugManifestForPackage' as it is up-to-date.
[        ] Resolve mutations for :connectivity_plus:compileDebugLibraryResources (Thread[#39753,Execution worker Thread 28,5,main]) started.
[        ] :connectivity_plus:compileDebugLibraryResources (Thread[#39753,Execution worker Thread 28,5,main]) started.
[        ] > Task :connectivity_plus:compileDebugLibraryResources UP-TO-DATE
[        ] Caching disabled for task ':connectivity_plus:compileDebugLibraryResources' because:
[        ]   Build cache is disabled
[        ] Skipping task ':connectivity_plus:compileDebugLibraryResources' as it is up-to-date.
[        ] work action resolve out (project :connectivity_plus) (Thread[#39753,Execution worker Thread 28,5,main]) started.
[        ] Resolve mutations for :connectivity_plus:parseDebugLocalResources (Thread[#39753,Execution worker Thread 28,5,main]) started.
[        ] :connectivity_plus:parseDebugLocalResources (Thread[#39753,Execution worker Thread 28,5,main]) started.
[        ] > Task :connectivity_plus:parseDebugLocalResources UP-TO-DATE
[        ] Caching disabled for task ':connectivity_plus:parseDebugLocalResources' because:
[        ]   Build cache is disabled
[        ] Skipping task ':connectivity_plus:parseDebugLocalResources' as it is up-to-date.
[        ] Resolve mutations for :connectivity_plus:generateDebugRFile (Thread[#39753,Execution worker Thread 28,5,main]) started.
[        ] :connectivity_plus:generateDebugRFile (Thread[#39753,Execution worker Thread 28,5,main]) started.
[        ] > Task :connectivity_plus:generateDebugRFile UP-TO-DATE
[        ] Caching disabled for task ':connectivity_plus:generateDebugRFile' because:
[        ]   Build cache is disabled
[        ] Skipping task ':connectivity_plus:generateDebugRFile' as it is up-to-date.
[        ] work action resolve package-aware-r.txt (project :connectivity_plus) (Thread[#39753,Execution worker Thread 28,5,main]) started.
[        ] Resolve mutations for :emoji_picker_flutter:compileDebugLibraryResources (Thread[#39753,Execution worker Thread 28,5,main]) started.
[        ] :emoji_picker_flutter:compileDebugLibraryResources (Thread[#39753,Execution worker Thread 28,5,main]) started.
[        ] > Task :emoji_picker_flutter:compileDebugLibraryResources UP-TO-DATE
[        ] Caching disabled for task ':emoji_picker_flutter:compileDebugLibraryResources' because:
[        ]   Build cache is disabled
[        ] Skipping task ':emoji_picker_flutter:compileDebugLibraryResources' as it is up-to-date.
[        ] work action resolve out (project :emoji_picker_flutter) (Thread[#39753,Execution worker Thread 28,5,main]) started.
[        ] Resolve mutations for :emoji_picker_flutter:parseDebugLocalResources (Thread[#39753,Execution worker Thread 28,5,main]) started.
[        ] :emoji_picker_flutter:parseDebugLocalResources (Thread[#39753,Execution worker Thread 28,5,main]) started.
[        ] > Task :emoji_picker_flutter:parseDebugLocalResources UP-TO-DATE
[        ] Caching disabled for task ':emoji_picker_flutter:parseDebugLocalResources' because:
[        ]   Build cache is disabled
[        ] Skipping task ':emoji_picker_flutter:parseDebugLocalResources' as it is up-to-date.
[        ] Resolve mutations for :emoji_picker_flutter:generateDebugRFile (Thread[#39753,Execution worker Thread 28,5,main]) started.
[        ] :emoji_picker_flutter:generateDebugRFile (Thread[#39753,Execution worker Thread 28,5,main]) started.
[        ] > Task :emoji_picker_flutter:generateDebugRFile UP-TO-DATE
[        ] Caching disabled for task ':emoji_picker_flutter:generateDebugRFile' because:
[        ]   Build cache is disabled
[        ] Skipping task ':emoji_picker_flutter:generateDebugRFile' as it is up-to-date.
[        ] work action resolve package-aware-r.txt (project :emoji_picker_flutter) (Thread[#39753,Execution worker Thread 28,5,main]) started.
[        ] Resolve mutations for :file_selector_android:compileDebugLibraryResources (Thread[#39753,Execution worker Thread 28,5,main]) started.
[        ] :file_selector_android:compileDebugLibraryResources (Thread[#39753,Execution worker Thread 28,5,main]) started.
[        ] > Task :file_selector_android:compileDebugLibraryResources UP-TO-DATE
[        ] Caching disabled for task ':file_selector_android:compileDebugLibraryResources' because:
[        ]   Build cache is disabled
[        ] Skipping task ':file_selector_android:compileDebugLibraryResources' as it is up-to-date.
[        ] work action resolve out (project :file_selector_android) (Thread[#39753,Execution worker Thread 28,5,main]) started.
[        ] Resolve mutations for :file_selector_android:parseDebugLocalResources (Thread[#39753,Execution worker Thread 28,5,main]) started.
[        ] :file_selector_android:parseDebugLocalResources (Thread[#39753,Execution worker Thread 28,5,main]) started.
[        ] > Task :file_selector_android:parseDebugLocalResources UP-TO-DATE
[        ] Caching disabled for task ':file_selector_android:parseDebugLocalResources' because:
[        ]   Build cache is disabled
[        ] Skipping task ':file_selector_android:parseDebugLocalResources' as it is up-to-date.
[        ] Resolve mutations for :file_selector_android:generateDebugRFile (Thread[#39753,Execution worker Thread 28,5,main]) started.
[        ] :file_selector_android:generateDebugRFile (Thread[#39753,Execution worker Thread 28,5,main]) started.
[        ] > Task :file_selector_android:generateDebugRFile UP-TO-DATE
[        ] Caching disabled for task ':file_selector_android:generateDebugRFile' because:
[        ]   Build cache is disabled
[        ] Skipping task ':file_selector_android:generateDebugRFile' as it is up-to-date.
[        ] work action resolve package-aware-r.txt (project :file_selector_android) (Thread[#39753,Execution worker Thread 28,5,main]) started.
[        ] Resolve mutations for :flutter_keyboard_visibility_temp_fork:compileDebugLibraryResources (Thread[#39753,Execution worker Thread 28,5,main]) started.
[        ] :flutter_keyboard_visibility_temp_fork:compileDebugLibraryResources (Thread[#39753,Execution worker Thread 28,5,main]) started.
[        ] > Task :flutter_keyboard_visibility_temp_fork:compileDebugLibraryResources UP-TO-DATE
[        ] Caching disabled for task ':flutter_keyboard_visibility_temp_fork:compileDebugLibraryResources' because:
[        ]   Build cache is disabled
[        ] Skipping task ':flutter_keyboard_visibility_temp_fork:compileDebugLibraryResources' as it is up-to-date.
[        ] work action resolve out (project :flutter_keyboard_visibility_temp_fork) (Thread[#39753,Execution worker Thread 28,5,main]) started.
[        ] Resolve mutations for :flutter_keyboard_visibility_temp_fork:parseDebugLocalResources (Thread[#39753,Execution worker Thread 28,5,main]) started.
[        ] :flutter_keyboard_visibility_temp_fork:parseDebugLocalResources (Thread[#39753,Execution worker Thread 28,5,main]) started.
[        ] > Task :flutter_keyboard_visibility_temp_fork:parseDebugLocalResources UP-TO-DATE
[        ] Caching disabled for task ':flutter_keyboard_visibility_temp_fork:parseDebugLocalResources' because:
[        ]   Build cache is disabled
[        ] Skipping task ':flutter_keyboard_visibility_temp_fork:parseDebugLocalResources' as it is up-to-date.
[        ] Resolve mutations for :flutter_keyboard_visibility_temp_fork:generateDebugRFile (Thread[#39753,Execution worker Thread 28,5,main]) started.
[        ] :flutter_keyboard_visibility_temp_fork:generateDebugRFile (Thread[#39753,Execution worker Thread 28,5,main]) started.
[        ] > Task :flutter_keyboard_visibility_temp_fork:generateDebugRFile UP-TO-DATE
[        ] Caching disabled for task ':flutter_keyboard_visibility_temp_fork:generateDebugRFile' because:
[        ]   Build cache is disabled
[        ] Skipping task ':flutter_keyboard_visibility_temp_fork:generateDebugRFile' as it is up-to-date.
[        ] work action resolve package-aware-r.txt (project :flutter_keyboard_visibility_temp_fork) (Thread[#39753,Execution worker Thread 28,5,main]) started.
[        ] Resolve mutations for :flutter_native_splash:compileDebugLibraryResources (Thread[#39753,Execution worker Thread 28,5,main]) started.
[        ] :flutter_native_splash:compileDebugLibraryResources (Thread[#39753,Execution worker Thread 28,5,main]) started.
[        ] > Task :flutter_native_splash:compileDebugLibraryResources UP-TO-DATE
[        ] Caching disabled for task ':flutter_native_splash:compileDebugLibraryResources' because:
[        ]   Build cache is disabled
[        ] Skipping task ':flutter_native_splash:compileDebugLibraryResources' as it is up-to-date.
[        ] work action resolve out (project :flutter_native_splash) (Thread[#39753,Execution worker Thread 28,5,main]) started.
[        ] Resolve mutations for :flutter_native_splash:parseDebugLocalResources (Thread[#39753,Execution worker Thread 28,5,main]) started.
[        ] :flutter_native_splash:parseDebugLocalResources (Thread[#39753,Execution worker Thread 28,5,main]) started.
[        ] > Task :flutter_native_splash:parseDebugLocalResources UP-TO-DATE
[        ] Caching disabled for task ':flutter_native_splash:parseDebugLocalResources' because:
[        ]   Build cache is disabled
[        ] Skipping task ':flutter_native_splash:parseDebugLocalResources' as it is up-to-date.
[        ] Resolve mutations for :flutter_native_splash:generateDebugRFile (Thread[#39753,Execution worker Thread 28,5,main]) started.
[        ] :flutter_native_splash:generateDebugRFile (Thread[#39753,Execution worker Thread 28,5,main]) started.
[        ] > Task :flutter_native_splash:generateDebugRFile UP-TO-DATE
[        ] Caching disabled for task ':flutter_native_splash:generateDebugRFile' because:
[        ]   Build cache is disabled
[        ] Skipping task ':flutter_native_splash:generateDebugRFile' as it is up-to-date.
[        ] work action resolve package-aware-r.txt (project :flutter_native_splash) (Thread[#39753,Execution worker Thread 28,5,main]) started.
[        ] Resolve mutations for :flutter_olm:compileDebugLibraryResources (Thread[#39753,Execution worker Thread 28,5,main]) started.
[        ] :flutter_olm:compileDebugLibraryResources (Thread[#39753,Execution worker Thread 28,5,main]) started.
[        ] > Task :flutter_olm:compileDebugLibraryResources UP-TO-DATE
[        ] Caching disabled for task ':flutter_olm:compileDebugLibraryResources' because:
[        ]   Build cache is disabled
[        ] Skipping task ':flutter_olm:compileDebugLibraryResources' as it is up-to-date.
[        ] work action resolve out (project :flutter_olm) (Thread[#39753,Execution worker Thread 28,5,main]) started.
[        ] Resolve mutations for :flutter_olm:parseDebugLocalResources (Thread[#39753,Execution worker Thread 28,5,main]) started.
[        ] :flutter_olm:parseDebugLocalResources (Thread[#39753,Execution worker Thread 28,5,main]) started.
[        ] > Task :flutter_olm:parseDebugLocalResources UP-TO-DATE
[        ] Caching disabled for task ':flutter_olm:parseDebugLocalResources' because:
[        ]   Build cache is disabled
[        ] Skipping task ':flutter_olm:parseDebugLocalResources' as it is up-to-date.
[        ] Resolve mutations for :flutter_olm:generateDebugRFile (Thread[#39753,Execution worker Thread 28,5,main]) started.
[        ] :flutter_olm:generateDebugRFile (Thread[#39753,Execution worker Thread 28,5,main]) started.
[        ] > Task :flutter_olm:generateDebugRFile UP-TO-DATE
[        ] Caching disabled for task ':flutter_olm:generateDebugRFile' because:
[        ]   Build cache is disabled
[        ] Skipping task ':flutter_olm:generateDebugRFile' as it is up-to-date.
[        ] work action resolve package-aware-r.txt (project :flutter_olm) (Thread[#39753,Execution worker Thread 28,5,main]) started.
[        ] Resolve mutations for :flutter_openssl_crypto:compileDebugLibraryResources (Thread[#39753,Execution worker Thread 28,5,main]) started.
[        ] :flutter_openssl_crypto:compileDebugLibraryResources (Thread[#39753,Execution worker Thread 28,5,main]) started.
[        ] > Task :flutter_openssl_crypto:compileDebugLibraryResources UP-TO-DATE
[        ] Caching disabled for task ':flutter_openssl_crypto:compileDebugLibraryResources' because:
[        ]   Build cache is disabled
[        ] Skipping task ':flutter_openssl_crypto:compileDebugLibraryResources' as it is up-to-date.
[        ] work action resolve out (project :flutter_openssl_crypto) (Thread[#39753,Execution worker Thread 28,5,main]) started.
[        ] Resolve mutations for :flutter_openssl_crypto:parseDebugLocalResources (Thread[#39753,Execution worker Thread 28,5,main]) started.
[        ] :flutter_openssl_crypto:parseDebugLocalResources (Thread[#39753,Execution worker Thread 28,5,main]) started.
[        ] > Task :flutter_openssl_crypto:parseDebugLocalResources UP-TO-DATE
[        ] Caching disabled for task ':flutter_openssl_crypto:parseDebugLocalResources' because:
[        ]   Build cache is disabled
[        ] Skipping task ':flutter_openssl_crypto:parseDebugLocalResources' as it is up-to-date.
[        ] Resolve mutations for :flutter_openssl_crypto:generateDebugRFile (Thread[#39753,Execution worker Thread 28,5,main]) started.
[        ] :flutter_openssl_crypto:generateDebugRFile (Thread[#39753,Execution worker Thread 28,5,main]) started.
[        ] > Task :flutter_openssl_crypto:generateDebugRFile UP-TO-DATE
[        ] Caching disabled for task ':flutter_openssl_crypto:generateDebugRFile' because:
[        ]   Build cache is disabled
[        ] Skipping task ':flutter_openssl_crypto:generateDebugRFile' as it is up-to-date.
[        ] work action resolve package-aware-r.txt (project :flutter_openssl_crypto) (Thread[#39753,Execution worker Thread 28,5,main]) started.
[        ] Resolve mutations for :integration_test:compileDebugLibraryResources (Thread[#39753,Execution worker Thread 28,5,main]) started.
[        ] :integration_test:compileDebugLibraryResources (Thread[#39753,Execution worker Thread 28,5,main]) started.
[        ] > Task :integration_test:compileDebugLibraryResources UP-TO-DATE
[        ] Caching disabled for task ':integration_test:compileDebugLibraryResources' because:
[        ]   Build cache is disabled
[        ] Skipping task ':integration_test:compileDebugLibraryResources' as it is up-to-date.
[        ] work action resolve out (project :integration_test) (Thread[#39753,Execution worker Thread 28,5,main]) started.
[        ] Resolve mutations for :integration_test:parseDebugLocalResources (Thread[#39753,Execution worker Thread 28,5,main]) started.
[        ] :integration_test:parseDebugLocalResources (Thread[#39753,Execution worker Thread 28,5,main]) started.
[        ] > Task :integration_test:parseDebugLocalResources UP-TO-DATE
[        ] Caching disabled for task ':integration_test:parseDebugLocalResources' because:
[        ]   Build cache is disabled
[        ] Skipping task ':integration_test:parseDebugLocalResources' as it is up-to-date.
[        ] Resolve mutations for :integration_test:generateDebugRFile (Thread[#39753,Execution worker Thread 28,5,main]) started.
[        ] :integration_test:generateDebugRFile (Thread[#39753,Execution worker Thread 28,5,main]) started.
[        ] > Task :integration_test:generateDebugRFile UP-TO-DATE
[        ] Caching disabled for task ':integration_test:generateDebugRFile' because:
[        ]   Build cache is disabled
[        ] Skipping task ':integration_test:generateDebugRFile' as it is up-to-date.
[        ] work action resolve package-aware-r.txt (project :integration_test) (Thread[#39753,Execution worker Thread 28,5,main]) started.
[        ] Resolve mutations for :path_provider_android:compileDebugLibraryResources (Thread[#39753,Execution worker Thread 28,5,main]) started.
[        ] :path_provider_android:compileDebugLibraryResources (Thread[#39753,Execution worker Thread 28,5,main]) started.
[        ] > Task :path_provider_android:compileDebugLibraryResources UP-TO-DATE
[        ] Caching disabled for task ':path_provider_android:compileDebugLibraryResources' because:
[        ]   Build cache is disabled
[        ] Skipping task ':path_provider_android:compileDebugLibraryResources' as it is up-to-date.
[        ] work action resolve out (project :path_provider_android) (Thread[#39753,Execution worker Thread 28,5,main]) started.
[        ] Resolve mutations for :path_provider_android:parseDebugLocalResources (Thread[#39753,Execution worker Thread 28,5,main]) started.
[        ] :path_provider_android:parseDebugLocalResources (Thread[#39753,Execution worker Thread 28,5,main]) started.
[        ] > Task :path_provider_android:parseDebugLocalResources UP-TO-DATE
[        ] Caching disabled for task ':path_provider_android:parseDebugLocalResources' because:
[        ]   Build cache is disabled
[        ] Skipping task ':path_provider_android:parseDebugLocalResources' as it is up-to-date.
[        ] Resolve mutations for :path_provider_android:generateDebugRFile (Thread[#39753,Execution worker Thread 28,5,main]) started.
[        ] :path_provider_android:generateDebugRFile (Thread[#39753,Execution worker Thread 28,5,main]) started.
[        ] > Task :path_provider_android:generateDebugRFile UP-TO-DATE
[        ] Caching disabled for task ':path_provider_android:generateDebugRFile' because:
[        ]   Build cache is disabled
[        ] Skipping task ':path_provider_android:generateDebugRFile' as it is up-to-date.
[        ] work action resolve package-aware-r.txt (project :path_provider_android) (Thread[#39753,Execution worker Thread 28,5,main]) started.
[        ] Resolve mutations for :quill_native_bridge_android:compileDebugLibraryResources (Thread[#39753,Execution worker Thread 28,5,main]) started.
[        ] :quill_native_bridge_android:compileDebugLibraryResources (Thread[#39753,Execution worker Thread 28,5,main]) started.
[        ] > Task :quill_native_bridge_android:compileDebugLibraryResources UP-TO-DATE
[        ] Caching disabled for task ':quill_native_bridge_android:compileDebugLibraryResources' because:
[        ]   Build cache is disabled
[        ] Skipping task ':quill_native_bridge_android:compileDebugLibraryResources' as it is up-to-date.
[        ] work action resolve out (project :quill_native_bridge_android) (Thread[#39753,Execution worker Thread 28,5,main]) started.
[        ] Resolve mutations for :quill_native_bridge_android:parseDebugLocalResources (Thread[#39753,Execution worker Thread 28,5,main]) started.
[        ] :quill_native_bridge_android:parseDebugLocalResources (Thread[#39753,Execution worker Thread 28,5,main]) started.
[        ] > Task :quill_native_bridge_android:parseDebugLocalResources UP-TO-DATE
[        ] Caching disabled for task ':quill_native_bridge_android:parseDebugLocalResources' because:
[        ]   Build cache is disabled
[        ] Skipping task ':quill_native_bridge_android:parseDebugLocalResources' as it is up-to-date.
[        ] Resolve mutations for :quill_native_bridge_android:generateDebugRFile (Thread[#39753,Execution worker Thread 28,5,main]) started.
[        ] :quill_native_bridge_android:generateDebugRFile (Thread[#39753,Execution worker Thread 28,5,main]) started.
[        ] > Task :quill_native_bridge_android:generateDebugRFile UP-TO-DATE
[        ] Caching disabled for task ':quill_native_bridge_android:generateDebugRFile' because:
[        ]   Build cache is disabled
[        ] Skipping task ':quill_native_bridge_android:generateDebugRFile' as it is up-to-date.
[        ] work action resolve package-aware-r.txt (project :quill_native_bridge_android) (Thread[#39753,Execution worker Thread 28,5,main]) started.
[        ] Resolve mutations for :shared_preferences_android:compileDebugLibraryResources (Thread[#39753,Execution worker Thread 28,5,main]) started.
[        ] :shared_preferences_android:compileDebugLibraryResources (Thread[#39753,Execution worker Thread 28,5,main]) started.
[        ] > Task :shared_preferences_android:compileDebugLibraryResources UP-TO-DATE
[        ] Caching disabled for task ':shared_preferences_android:compileDebugLibraryResources' because:
[        ]   Build cache is disabled
[        ] Skipping task ':shared_preferences_android:compileDebugLibraryResources' as it is up-to-date.
[        ] work action resolve out (project :shared_preferences_android) (Thread[#39753,Execution worker Thread 28,5,main]) started.
[        ] Resolve mutations for :shared_preferences_android:parseDebugLocalResources (Thread[#39753,Execution worker Thread 28,5,main]) started.
[        ] :shared_preferences_android:parseDebugLocalResources (Thread[#39753,Execution worker Thread 28,5,main]) started.
[        ] > Task :shared_preferences_android:parseDebugLocalResources UP-TO-DATE
[        ] Caching disabled for task ':shared_preferences_android:parseDebugLocalResources' because:
[        ]   Build cache is disabled
[        ] Skipping task ':shared_preferences_android:parseDebugLocalResources' as it is up-to-date.
[        ] Resolve mutations for :shared_preferences_android:generateDebugRFile (Thread[#39753,Execution worker Thread 28,5,main]) started.
[        ] :shared_preferences_android:generateDebugRFile (Thread[#39753,Execution worker Thread 28,5,main]) started.
[        ] > Task :shared_preferences_android:generateDebugRFile UP-TO-DATE
[        ] Caching disabled for task ':shared_preferences_android:generateDebugRFile' because:
[        ]   Build cache is disabled
[        ] Skipping task ':shared_preferences_android:generateDebugRFile' as it is up-to-date.
[        ] work action resolve package-aware-r.txt (project :shared_preferences_android) (Thread[#39753,Execution worker Thread 28,5,main]) started.
[        ] Resolve mutations for :sqflite_android:compileDebugLibraryResources (Thread[#39753,Execution worker Thread 28,5,main]) started.
[        ] :sqflite_android:compileDebugLibraryResources (Thread[#39753,Execution worker Thread 28,5,main]) started.
[        ] > Task :sqflite_android:compileDebugLibraryResources UP-TO-DATE
[        ] Caching disabled for task ':sqflite_android:compileDebugLibraryResources' because:
[        ]   Build cache is disabled
[        ] Skipping task ':sqflite_android:compileDebugLibraryResources' as it is up-to-date.
[        ] work action resolve out (project :sqflite_android) (Thread[#39753,Execution worker Thread 28,5,main]) started.
[        ] Resolve mutations for :sqflite_android:parseDebugLocalResources (Thread[#39753,Execution worker Thread 28,5,main]) started.
[        ] :sqflite_android:parseDebugLocalResources (Thread[#39753,Execution worker Thread 28,5,main]) started.
[        ] > Task :sqflite_android:parseDebugLocalResources UP-TO-DATE
[        ] Caching disabled for task ':sqflite_android:parseDebugLocalResources' because:
[        ]   Build cache is disabled
[        ] Skipping task ':sqflite_android:parseDebugLocalResources' as it is up-to-date.
[        ] Resolve mutations for :sqflite_android:generateDebugRFile (Thread[#39753,Execution worker Thread 28,5,main]) started.
[        ] :sqflite_android:generateDebugRFile (Thread[#39753,Execution worker Thread 28,5,main]) started.
[        ] > Task :sqflite_android:generateDebugRFile UP-TO-DATE
[        ] Caching disabled for task ':sqflite_android:generateDebugRFile' because:
[        ]   Build cache is disabled
[        ] Skipping task ':sqflite_android:generateDebugRFile' as it is up-to-date.
[        ] work action resolve package-aware-r.txt (project :sqflite_android) (Thread[#39753,Execution worker Thread 28,5,main]) started.
[        ] Resolve mutations for :url_launcher_android:compileDebugLibraryResources (Thread[#39753,Execution worker Thread 28,5,main]) started.
[        ] :url_launcher_android:compileDebugLibraryResources (Thread[#39753,Execution worker Thread 28,5,main]) started.
[        ] > Task :url_launcher_android:compileDebugLibraryResources UP-TO-DATE
[        ] Caching disabled for task ':url_launcher_android:compileDebugLibraryResources' because:
[        ]   Build cache is disabled
[        ] Skipping task ':url_launcher_android:compileDebugLibraryResources' as it is up-to-date.
[        ] work action resolve out (project :url_launcher_android) (Thread[#39753,Execution worker Thread 28,5,main]) started.
[        ] Resolve mutations for :url_launcher_android:parseDebugLocalResources (Thread[#39753,Execution worker Thread 28,5,main]) started.
[        ] :url_launcher_android:parseDebugLocalResources (Thread[#39753,Execution worker Thread 28,5,main]) started.
[        ] > Task :url_launcher_android:parseDebugLocalResources UP-TO-DATE
[        ] Caching disabled for task ':url_launcher_android:parseDebugLocalResources' because:
[        ]   Build cache is disabled
[        ] Skipping task ':url_launcher_android:parseDebugLocalResources' as it is up-to-date.
[        ] Resolve mutations for :url_launcher_android:generateDebugRFile (Thread[#39753,Execution worker Thread 28,5,main]) started.
[        ] :url_launcher_android:generateDebugRFile (Thread[#39753,Execution worker Thread 28,5,main]) started.
[        ] > Task :url_launcher_android:generateDebugRFile UP-TO-DATE
[        ] Caching disabled for task ':url_launcher_android:generateDebugRFile' because:
[        ]   Build cache is disabled
[        ] Skipping task ':url_launcher_android:generateDebugRFile' as it is up-to-date.
[        ] work action resolve package-aware-r.txt (project :url_launcher_android) (Thread[#39753,Execution worker Thread 28,5,main]) started.
[        ] Resolve mutations for :video_player_android:compileDebugLibraryResources (Thread[#39753,Execution worker Thread 28,5,main]) started.
[        ] :video_player_android:compileDebugLibraryResources (Thread[#39753,Execution worker Thread 28,5,main]) started.
[        ] > Task :video_player_android:compileDebugLibraryResources UP-TO-DATE
[        ] Caching disabled for task ':video_player_android:compileDebugLibraryResources' because:
[        ]   Build cache is disabled
[        ] Skipping task ':video_player_android:compileDebugLibraryResources' as it is up-to-date.
[        ] work action resolve out (project :video_player_android) (Thread[#39753,Execution worker Thread 28,5,main]) started.
[        ] Resolve mutations for :video_player_android:parseDebugLocalResources (Thread[#39753,Execution worker Thread 28,5,main]) started.
[        ] :video_player_android:parseDebugLocalResources (Thread[#39753,Execution worker Thread 28,5,main]) started.
[        ] > Task :video_player_android:parseDebugLocalResources UP-TO-DATE
[        ] Caching disabled for task ':video_player_android:parseDebugLocalResources' because:
[        ]   Build cache is disabled
[        ] Skipping task ':video_player_android:parseDebugLocalResources' as it is up-to-date.
[        ] Resolve mutations for :video_player_android:generateDebugRFile (Thread[#39753,Execution worker Thread 28,5,main]) started.
[        ] :video_player_android:generateDebugRFile (Thread[#39753,Execution worker Thread 28,5,main]) started.
[        ] > Task :video_player_android:generateDebugRFile UP-TO-DATE
[        ] Caching disabled for task ':video_player_android:generateDebugRFile' because:
[        ]   Build cache is disabled
[        ] Skipping task ':video_player_android:generateDebugRFile' as it is up-to-date.
[        ] work action resolve package-aware-r.txt (project :video_player_android) (Thread[#39753,Execution worker Thread 28,5,main]) started.
[        ] Resolve mutations for :app:processDebugResources (Thread[#39753,Execution worker Thread 28,5,main]) started.
[        ] :app:processDebugResources (Thread[#39753,Execution worker Thread 28,5,main]) started.
[        ] > Task :app:processDebugResources UP-TO-DATE
[        ] Caching disabled for task ':app:processDebugResources' because:
[        ]   Build cache is disabled
[        ] Skipping task ':app:processDebugResources' as it is up-to-date.
[        ] Resolve mutations for :connectivity_plus:javaPreCompileDebug (Thread[#39753,Execution worker Thread 28,5,main]) started.
[        ] :connectivity_plus:javaPreCompileDebug (Thread[#39753,Execution worker Thread 28,5,main]) started.
[        ] > Task :connectivity_plus:javaPreCompileDebug UP-TO-DATE
[        ] Caching disabled for task ':connectivity_plus:javaPreCompileDebug' because:
[        ]   Build cache is disabled
[        ] Skipping task ':connectivity_plus:javaPreCompileDebug' as it is up-to-date.
[        ] Resolve mutations for :connectivity_plus:compileDebugJavaWithJavac (Thread[#39753,Execution worker Thread 28,5,main]) started.
[        ] :connectivity_plus:compileDebugJavaWithJavac (Thread[#39753,Execution worker Thread 28,5,main]) started.
[        ] > Task :connectivity_plus:compileDebugJavaWithJavac UP-TO-DATE
[        ] Custom actions are attached to task ':connectivity_plus:compileDebugJavaWithJavac'.
[        ] Caching disabled for task ':connectivity_plus:compileDebugJavaWithJavac' because:
[        ]   Build cache is disabled
[        ] Skipping task ':connectivity_plus:compileDebugJavaWithJavac' as it is up-to-date.
[        ] No compile result for :connectivity_plus:compileDebugJavaWithJavac
[        ] No compile result for :connectivity_plus:compileDebugJavaWithJavac
[        ] Resolve mutations for :connectivity_plus:bundleLibCompileToJarDebug (Thread[#39753,Execution worker Thread 28,5,main]) started.
[        ] :connectivity_plus:bundleLibCompileToJarDebug (Thread[#39753,Execution worker Thread 28,5,main]) started.
[        ] > Task :connectivity_plus:bundleLibCompileToJarDebug UP-TO-DATE
[        ] Caching disabled for task ':connectivity_plus:bundleLibCompileToJarDebug' because:
[        ]   Build cache is disabled
[        ]   Simple merging task
[        ] Skipping task ':connectivity_plus:bundleLibCompileToJarDebug' as it is up-to-date.
[        ] work action resolve classes.jar (project :connectivity_plus) (Thread[#39753,Execution worker Thread 28,5,main]) started.
[        ] Resolve mutations for :emoji_picker_flutter:checkKotlinGradlePluginConfigurationErrors (Thread[#39753,Execution worker Thread 28,5,main]) started.
[        ] :emoji_picker_flutter:checkKotlinGradlePluginConfigurationErrors (Thread[#39753,Execution worker Thread 28,5,main]) started.
[        ] > Task :emoji_picker_flutter:checkKotlinGradlePluginConfigurationErrors SKIPPED
[        ] Skipping task ':emoji_picker_flutter:checkKotlinGradlePluginConfigurationErrors' as task onlyIf 'errorDiagnostics are present' is false.
[        ] Resolve mutations for :emoji_picker_flutter:compileDebugKotlin (Thread[#39753,Execution worker Thread 28,5,main]) started.
[        ] :emoji_picker_flutter:compileDebugKotlin (Thread[#39753,Execution worker Thread 28,5,main]) started.
[        ] > Task :emoji_picker_flutter:compileDebugKotlin UP-TO-DATE
[        ] Adding -Xuse-inline-scopes-numbers Kotlin compiler flag for task :emoji_picker_flutter:compileDebugAndroidTestKotlin
[        ] Caching disabled for task ':emoji_picker_flutter:compileDebugKotlin' because:
[        ]   Build cache is disabled
[        ] Skipping task ':emoji_picker_flutter:compileDebugKotlin' as it is up-to-date.
[        ] Resolve mutations for :emoji_picker_flutter:javaPreCompileDebug (Thread[#39753,Execution worker Thread 28,5,main]) started.
[        ] :emoji_picker_flutter:javaPreCompileDebug (Thread[#39753,Execution worker Thread 28,5,main]) started.
[        ] > Task :emoji_picker_flutter:javaPreCompileDebug UP-TO-DATE
[        ] Caching disabled for task ':emoji_picker_flutter:javaPreCompileDebug' because:
[        ]   Build cache is disabled
[        ] Skipping task ':emoji_picker_flutter:javaPreCompileDebug' as it is up-to-date.
[        ] Resolve mutations for :emoji_picker_flutter:compileDebugJavaWithJavac (Thread[#39753,Execution worker Thread 28,5,main]) started.
[        ] :emoji_picker_flutter:compileDebugJavaWithJavac (Thread[#39753,Execution worker Thread 28,5,main]) started.
[        ] > Task :emoji_picker_flutter:compileDebugJavaWithJavac NO-SOURCE
[        ] Skipping task ':emoji_picker_flutter:compileDebugJavaWithJavac' as it has no source files and no previous output files.
[        ] Resolve mutations for :emoji_picker_flutter:bundleLibCompileToJarDebug (Thread[#39753,Execution worker Thread 28,5,main]) started.
[        ] :emoji_picker_flutter:bundleLibCompileToJarDebug (Thread[#39753,Execution worker Thread 28,5,main]) started.
[        ] > Task :emoji_picker_flutter:bundleLibCompileToJarDebug UP-TO-DATE
[        ] Caching disabled for task ':emoji_picker_flutter:bundleLibCompileToJarDebug' because:
[        ]   Build cache is disabled
[        ]   Simple merging task
[        ] Skipping task ':emoji_picker_flutter:bundleLibCompileToJarDebug' as it is up-to-date.
[        ] work action resolve classes.jar (project :emoji_picker_flutter) (Thread[#39753,Execution worker Thread 28,5,main]) started.
[        ] Resolve mutations for :file_selector_android:javaPreCompileDebug (Thread[#39753,Execution worker Thread 28,5,main]) started.
[        ] :file_selector_android:javaPreCompileDebug (Thread[#39753,Execution worker Thread 28,5,main]) started.
[        ] > Task :file_selector_android:javaPreCompileDebug UP-TO-DATE
[        ] Caching disabled for task ':file_selector_android:javaPreCompileDebug' because:
[        ]   Build cache is disabled
[        ] Skipping task ':file_selector_android:javaPreCompileDebug' as it is up-to-date.
[        ] Resolve mutations for :file_selector_android:compileDebugJavaWithJavac (Thread[#39753,Execution worker Thread 28,5,main]) started.
[        ] :file_selector_android:compileDebugJavaWithJavac (Thread[#39753,Execution worker Thread 28,5,main]) started.
[        ] > Task :file_selector_android:compileDebugJavaWithJavac UP-TO-DATE
[        ] Custom actions are attached to task ':file_selector_android:compileDebugJavaWithJavac'.
[        ] Caching disabled for task ':file_selector_android:compileDebugJavaWithJavac' because:
[        ]   Build cache is disabled
[        ] Skipping task ':file_selector_android:compileDebugJavaWithJavac' as it is up-to-date.
[        ] No compile result for :file_selector_android:compileDebugJavaWithJavac
[        ] No compile result for :file_selector_android:compileDebugJavaWithJavac
[        ] Resolve mutations for :file_selector_android:bundleLibCompileToJarDebug (Thread[#39753,Execution worker Thread 28,5,main]) started.
[        ] :file_selector_android:bundleLibCompileToJarDebug (Thread[#39753,Execution worker Thread 28,5,main]) started.
[        ] > Task :file_selector_android:bundleLibCompileToJarDebug UP-TO-DATE
[        ] Caching disabled for task ':file_selector_android:bundleLibCompileToJarDebug' because:
[        ]   Build cache is disabled
[        ]   Simple merging task
[        ] Skipping task ':file_selector_android:bundleLibCompileToJarDebug' as it is up-to-date.
[        ] work action resolve classes.jar (project :file_selector_android) (Thread[#39753,Execution worker Thread 28,5,main]) started.
[        ] Resolve mutations for :flutter_keyboard_visibility_temp_fork:javaPreCompileDebug (Thread[#39753,Execution worker Thread 28,5,main]) started.
[        ] :flutter_keyboard_visibility_temp_fork:javaPreCompileDebug (Thread[#39753,Execution worker Thread 28,5,main]) started.
[        ] > Task :flutter_keyboard_visibility_temp_fork:javaPreCompileDebug UP-TO-DATE
[        ] Caching disabled for task ':flutter_keyboard_visibility_temp_fork:javaPreCompileDebug' because:
[        ]   Build cache is disabled
[        ] Skipping task ':flutter_keyboard_visibility_temp_fork:javaPreCompileDebug' as it is up-to-date.
[        ] Resolve mutations for :flutter_keyboard_visibility_temp_fork:compileDebugJavaWithJavac (Thread[#39753,Execution worker Thread 28,5,main]) started.
[        ] :flutter_keyboard_visibility_temp_fork:compileDebugJavaWithJavac (Thread[#39753,Execution worker Thread 28,5,main]) started.
[        ] > Task :flutter_keyboard_visibility_temp_fork:compileDebugJavaWithJavac UP-TO-DATE
[        ] Custom actions are attached to task ':flutter_keyboard_visibility_temp_fork:compileDebugJavaWithJavac'.
[        ] Caching disabled for task ':flutter_keyboard_visibility_temp_fork:compileDebugJavaWithJavac' because:
[        ]   Build cache is disabled
[        ] Skipping task ':flutter_keyboard_visibility_temp_fork:compileDebugJavaWithJavac' as it is up-to-date.
[        ] No compile result for :flutter_keyboard_visibility_temp_fork:compileDebugJavaWithJavac
[        ] No compile result for :flutter_keyboard_visibility_temp_fork:compileDebugJavaWithJavac
[        ] Resolve mutations for :flutter_keyboard_visibility_temp_fork:bundleLibCompileToJarDebug (Thread[#39753,Execution worker Thread 28,5,main]) started.
[        ] :flutter_keyboard_visibility_temp_fork:bundleLibCompileToJarDebug (Thread[#39753,Execution worker Thread 28,5,main]) started.
[        ] > Task :flutter_keyboard_visibility_temp_fork:bundleLibCompileToJarDebug UP-TO-DATE
[        ] Caching disabled for task ':flutter_keyboard_visibility_temp_fork:bundleLibCompileToJarDebug' because:
[        ]   Build cache is disabled
[        ]   Simple merging task
[        ] Skipping task ':flutter_keyboard_visibility_temp_fork:bundleLibCompileToJarDebug' as it is up-to-date.
[        ] work action resolve classes.jar (project :flutter_keyboard_visibility_temp_fork) (Thread[#39753,Execution worker Thread 28,5,main]) started.
[        ] Resolve mutations for :flutter_native_splash:javaPreCompileDebug (Thread[#39753,Execution worker Thread 28,5,main]) started.
[        ] :flutter_native_splash:javaPreCompileDebug (Thread[#39753,Execution worker Thread 28,5,main]) started.
[        ] > Task :flutter_native_splash:javaPreCompileDebug UP-TO-DATE
[        ] Caching disabled for task ':flutter_native_splash:javaPreCompileDebug' because:
[        ]   Build cache is disabled
[        ] Skipping task ':flutter_native_splash:javaPreCompileDebug' as it is up-to-date.
[        ] Resolve mutations for :flutter_native_splash:compileDebugJavaWithJavac (Thread[#39753,Execution worker Thread 28,5,main]) started.
[        ] :flutter_native_splash:compileDebugJavaWithJavac (Thread[#39753,Execution worker Thread 28,5,main]) started.
[        ] > Task :flutter_native_splash:compileDebugJavaWithJavac UP-TO-DATE
[        ] Custom actions are attached to task ':flutter_native_splash:compileDebugJavaWithJavac'.
[        ] Caching disabled for task ':flutter_native_splash:compileDebugJavaWithJavac' because:
[        ]   Build cache is disabled
[        ] Skipping task ':flutter_native_splash:compileDebugJavaWithJavac' as it is up-to-date.
[        ] No compile result for :flutter_native_splash:compileDebugJavaWithJavac
[        ] No compile result for :flutter_native_splash:compileDebugJavaWithJavac
[        ] Resolve mutations for :flutter_native_splash:bundleLibCompileToJarDebug (Thread[#39753,Execution worker Thread 28,5,main]) started.
[        ] :flutter_native_splash:bundleLibCompileToJarDebug (Thread[#39753,Execution worker Thread 28,5,main]) started.
[        ] > Task :flutter_native_splash:bundleLibCompileToJarDebug UP-TO-DATE
[        ] Caching disabled for task ':flutter_native_splash:bundleLibCompileToJarDebug' because:
[        ]   Build cache is disabled
[        ]   Simple merging task
[        ] Skipping task ':flutter_native_splash:bundleLibCompileToJarDebug' as it is up-to-date.
[        ] work action resolve classes.jar (project :flutter_native_splash) (Thread[#39753,Execution worker Thread 28,5,main]) started.
[        ] Resolve mutations for :flutter_olm:checkKotlinGradlePluginConfigurationErrors (Thread[#39753,Execution worker Thread 28,5,main]) started.
[        ] :flutter_olm:checkKotlinGradlePluginConfigurationErrors (Thread[#39753,Execution worker Thread 28,5,main]) started.
[        ] > Task :flutter_olm:checkKotlinGradlePluginConfigurationErrors SKIPPED
[        ] Skipping task ':flutter_olm:checkKotlinGradlePluginConfigurationErrors' as task onlyIf 'errorDiagnostics are present' is false.
[        ] Resolve mutations for :flutter_olm:compileDebugKotlin (Thread[#39753,Execution worker Thread 28,5,main]) started.
[        ] :flutter_olm:compileDebugKotlin (Thread[#39753,Execution worker Thread 28,5,main]) started.
[  +92 ms] > Task :flutter_olm:compileDebugKotlin UP-TO-DATE
[        ] Adding -Xuse-inline-scopes-numbers Kotlin compiler flag for task :flutter_olm:compileDebugAndroidTestKotlin
[        ] Caching disabled for task ':flutter_olm:compileDebugKotlin' because:
[        ]   Build cache is disabled
[        ] Skipping task ':flutter_olm:compileDebugKotlin' as it is up-to-date.
[        ] Resolve mutations for :flutter_olm:javaPreCompileDebug (Thread[#39753,Execution worker Thread 28,5,main]) started.
[        ] :flutter_olm:javaPreCompileDebug (Thread[#39753,Execution worker Thread 28,5,main]) started.
[        ] > Task :flutter_olm:javaPreCompileDebug UP-TO-DATE
[        ] Caching disabled for task ':flutter_olm:javaPreCompileDebug' because:
[        ]   Build cache is disabled
[        ] Skipping task ':flutter_olm:javaPreCompileDebug' as it is up-to-date.
[        ] Resolve mutations for :flutter_olm:compileDebugJavaWithJavac (Thread[#39753,Execution worker Thread 28,5,main]) started.
[        ] :flutter_olm:compileDebugJavaWithJavac (Thread[#39753,Execution worker Thread 28,5,main]) started.
[        ] > Task :flutter_olm:compileDebugJavaWithJavac NO-SOURCE
[        ] Skipping task ':flutter_olm:compileDebugJavaWithJavac' as it has no source files and no previous output files.
[        ] Resolve mutations for :flutter_olm:bundleLibCompileToJarDebug (Thread[#39753,Execution worker Thread 28,5,main]) started.
[        ] :flutter_olm:bundleLibCompileToJarDebug (Thread[#39753,Execution worker Thread 28,5,main]) started.
[        ] > Task :flutter_olm:bundleLibCompileToJarDebug UP-TO-DATE
[        ] Caching disabled for task ':flutter_olm:bundleLibCompileToJarDebug' because:
[        ]   Build cache is disabled
[        ]   Simple merging task
[        ] Skipping task ':flutter_olm:bundleLibCompileToJarDebug' as it is up-to-date.
[        ] work action resolve classes.jar (project :flutter_olm) (Thread[#39753,Execution worker Thread 28,5,main]) started.
[        ] Resolve mutations for :flutter_openssl_crypto:checkKotlinGradlePluginConfigurationErrors (Thread[#39753,Execution worker Thread 28,5,main]) started.
[        ] :flutter_openssl_crypto:checkKotlinGradlePluginConfigurationErrors (Thread[#39753,Execution worker Thread 28,5,main]) started.
[        ] > Task :flutter_openssl_crypto:checkKotlinGradlePluginConfigurationErrors SKIPPED
[        ] Skipping task ':flutter_openssl_crypto:checkKotlinGradlePluginConfigurationErrors' as task onlyIf 'errorDiagnostics are present' is false.
[        ] Resolve mutations for :flutter_openssl_crypto:compileDebugKotlin (Thread[#39753,Execution worker Thread 28,5,main]) started.
[        ] :flutter_openssl_crypto:compileDebugKotlin (Thread[#39753,Execution worker Thread 28,5,main]) started.
[        ] > Task :flutter_openssl_crypto:compileDebugKotlin UP-TO-DATE
[        ] Adding -Xuse-inline-scopes-numbers Kotlin compiler flag for task :flutter_openssl_crypto:compileDebugAndroidTestKotlin
[        ] Caching disabled for task ':flutter_openssl_crypto:compileDebugKotlin' because:
[        ]   Build cache is disabled
[        ] Skipping task ':flutter_openssl_crypto:compileDebugKotlin' as it is up-to-date.
[        ] Resolve mutations for :flutter_openssl_crypto:javaPreCompileDebug (Thread[#39753,Execution worker Thread 28,5,main]) started.
[        ] :flutter_openssl_crypto:javaPreCompileDebug (Thread[#39753,Execution worker Thread 28,5,main]) started.
[        ] > Task :flutter_openssl_crypto:javaPreCompileDebug UP-TO-DATE
[        ] Caching disabled for task ':flutter_openssl_crypto:javaPreCompileDebug' because:
[        ]   Build cache is disabled
[        ] Skipping task ':flutter_openssl_crypto:javaPreCompileDebug' as it is up-to-date.
[        ] Resolve mutations for :flutter_openssl_crypto:compileDebugJavaWithJavac (Thread[#39753,Execution worker Thread 28,5,main]) started.
[        ] :flutter_openssl_crypto:compileDebugJavaWithJavac (Thread[#39753,Execution worker Thread 28,5,main]) started.
[        ] > Task :flutter_openssl_crypto:compileDebugJavaWithJavac NO-SOURCE
[        ] Skipping task ':flutter_openssl_crypto:compileDebugJavaWithJavac' as it has no source files and no previous output files.
[        ] Resolve mutations for :flutter_openssl_crypto:bundleLibCompileToJarDebug (Thread[#39753,Execution worker Thread 28,5,main]) started.
[        ] :flutter_openssl_crypto:bundleLibCompileToJarDebug (Thread[#39753,Execution worker Thread 28,5,main]) started.
[        ] > Task :flutter_openssl_crypto:bundleLibCompileToJarDebug UP-TO-DATE
[        ] Caching disabled for task ':flutter_openssl_crypto:bundleLibCompileToJarDebug' because:
[        ]   Build cache is disabled
[        ]   Simple merging task
[        ] Skipping task ':flutter_openssl_crypto:bundleLibCompileToJarDebug' as it is up-to-date.
[        ] work action resolve classes.jar (project :flutter_openssl_crypto) (Thread[#39753,Execution worker Thread 28,5,main]) started.
[        ] Resolve mutations for :integration_test:javaPreCompileDebug (Thread[#39753,Execution worker Thread 28,5,main]) started.
[        ] :integration_test:javaPreCompileDebug (Thread[#39753,Execution worker Thread 28,5,main]) started.
[        ] > Task :integration_test:javaPreCompileDebug UP-TO-DATE
[        ] Caching disabled for task ':integration_test:javaPreCompileDebug' because:
[        ]   Build cache is disabled
[        ] Skipping task ':integration_test:javaPreCompileDebug' as it is up-to-date.
[        ] Resolve mutations for :integration_test:compileDebugJavaWithJavac (Thread[#39753,Execution worker Thread 28,5,main]) started.
[        ] :integration_test:compileDebugJavaWithJavac (Thread[#39753,Execution worker Thread 28,5,main]) started.
[        ] > Task :integration_test:compileDebugJavaWithJavac UP-TO-DATE
[        ] Custom actions are attached to task ':integration_test:compileDebugJavaWithJavac'.
[        ] Caching disabled for task ':integration_test:compileDebugJavaWithJavac' because:
[        ]   Build cache is disabled
[        ] Skipping task ':integration_test:compileDebugJavaWithJavac' as it is up-to-date.
[        ] No compile result for :integration_test:compileDebugJavaWithJavac
[        ] No compile result for :integration_test:compileDebugJavaWithJavac
[        ] Resolve mutations for :integration_test:bundleLibCompileToJarDebug (Thread[#39753,Execution worker Thread 28,5,main]) started.
[        ] :integration_test:bundleLibCompileToJarDebug (Thread[#39753,Execution worker Thread 28,5,main]) started.
[        ] > Task :integration_test:bundleLibCompileToJarDebug UP-TO-DATE
[        ] Caching disabled for task ':integration_test:bundleLibCompileToJarDebug' because:
[        ]   Build cache is disabled
[        ]   Simple merging task
[        ] Skipping task ':integration_test:bundleLibCompileToJarDebug' as it is up-to-date.
[        ] work action resolve classes.jar (project :integration_test) (Thread[#39753,Execution worker Thread 28,5,main]) started.
[        ] Resolve mutations for :path_provider_android:javaPreCompileDebug (Thread[#39753,Execution worker Thread 28,5,main]) started.
[        ] :path_provider_android:javaPreCompileDebug (Thread[#39753,Execution worker Thread 28,5,main]) started.
[        ] > Task :path_provider_android:javaPreCompileDebug UP-TO-DATE
[        ] Caching disabled for task ':path_provider_android:javaPreCompileDebug' because:
[        ]   Build cache is disabled
[        ] Skipping task ':path_provider_android:javaPreCompileDebug' as it is up-to-date.
[        ] Resolve mutations for :path_provider_android:compileDebugJavaWithJavac (Thread[#39753,Execution worker Thread 28,5,main]) started.
[        ] :path_provider_android:compileDebugJavaWithJavac (Thread[#39753,Execution worker Thread 28,5,main]) started.
[        ] > Task :path_provider_android:compileDebugJavaWithJavac UP-TO-DATE
[        ] Custom actions are attached to task ':path_provider_android:compileDebugJavaWithJavac'.
[        ] Caching disabled for task ':path_provider_android:compileDebugJavaWithJavac' because:
[        ]   Build cache is disabled
[        ] Skipping task ':path_provider_android:compileDebugJavaWithJavac' as it is up-to-date.
[        ] No compile result for :path_provider_android:compileDebugJavaWithJavac
[        ] No compile result for :path_provider_android:compileDebugJavaWithJavac
[        ] Resolve mutations for :path_provider_android:bundleLibCompileToJarDebug (Thread[#39753,Execution worker Thread 28,5,main]) started.
[        ] :path_provider_android:bundleLibCompileToJarDebug (Thread[#39753,Execution worker Thread 28,5,main]) started.
[        ] > Task :path_provider_android:bundleLibCompileToJarDebug UP-TO-DATE
[        ] Caching disabled for task ':path_provider_android:bundleLibCompileToJarDebug' because:
[        ]   Build cache is disabled
[        ]   Simple merging task
[        ] Skipping task ':path_provider_android:bundleLibCompileToJarDebug' as it is up-to-date.
[        ] work action resolve classes.jar (project :path_provider_android) (Thread[#39753,Execution worker Thread 28,5,main]) started.
[        ] Resolve mutations for :quill_native_bridge_android:checkKotlinGradlePluginConfigurationErrors (Thread[#39753,Execution worker Thread 28,5,main]) started.
[        ] :quill_native_bridge_android:checkKotlinGradlePluginConfigurationErrors (Thread[#39753,Execution worker Thread 28,5,main]) started.
[        ] > Task :quill_native_bridge_android:checkKotlinGradlePluginConfigurationErrors SKIPPED
[        ] Skipping task ':quill_native_bridge_android:checkKotlinGradlePluginConfigurationErrors' as task onlyIf 'errorDiagnostics are present' is false.
[        ] Resolve mutations for :quill_native_bridge_android:compileDebugKotlin (Thread[#39753,Execution worker Thread 28,5,main]) started.
[        ] :quill_native_bridge_android:compileDebugKotlin (Thread[#39753,Execution worker Thread 28,5,main]) started.
[        ] > Task :quill_native_bridge_android:compileDebugKotlin UP-TO-DATE
[        ] Adding -Xuse-inline-scopes-numbers Kotlin compiler flag for task :quill_native_bridge_android:compileDebugAndroidTestKotlin
[        ] Caching disabled for task ':quill_native_bridge_android:compileDebugKotlin' because:
[        ]   Build cache is disabled
[        ] Skipping task ':quill_native_bridge_android:compileDebugKotlin' as it is up-to-date.
[        ] Resolve mutations for :quill_native_bridge_android:javaPreCompileDebug (Thread[#39753,Execution worker Thread 28,5,main]) started.
[        ] :quill_native_bridge_android:javaPreCompileDebug (Thread[#39753,Execution worker Thread 28,5,main]) started.
[        ] > Task :quill_native_bridge_android:javaPreCompileDebug UP-TO-DATE
[        ] Caching disabled for task ':quill_native_bridge_android:javaPreCompileDebug' because:
[        ]   Build cache is disabled
[        ] Skipping task ':quill_native_bridge_android:javaPreCompileDebug' as it is up-to-date.
[        ] Resolve mutations for :quill_native_bridge_android:compileDebugJavaWithJavac (Thread[#39753,Execution worker Thread 28,5,main]) started.
[        ] :quill_native_bridge_android:compileDebugJavaWithJavac (Thread[#39753,Execution worker Thread 28,5,main]) started.
[        ] > Task :quill_native_bridge_android:compileDebugJavaWithJavac NO-SOURCE
[        ] Skipping task ':quill_native_bridge_android:compileDebugJavaWithJavac' as it has no source files and no previous output files.
[        ] Resolve mutations for :quill_native_bridge_android:bundleLibCompileToJarDebug (Thread[#39753,Execution worker Thread 28,5,main]) started.
[        ] :quill_native_bridge_android:bundleLibCompileToJarDebug (Thread[#39753,Execution worker Thread 28,5,main]) started.
[        ] > Task :quill_native_bridge_android:bundleLibCompileToJarDebug UP-TO-DATE
[        ] Caching disabled for task ':quill_native_bridge_android:bundleLibCompileToJarDebug' because:
[        ]   Build cache is disabled
[        ]   Simple merging task
[        ] Skipping task ':quill_native_bridge_android:bundleLibCompileToJarDebug' as it is up-to-date.
[        ] work action resolve classes.jar (project :quill_native_bridge_android) (Thread[#39753,Execution worker Thread 28,5,main]) started.
[        ] Resolve mutations for :shared_preferences_android:checkKotlinGradlePluginConfigurationErrors (Thread[#39753,Execution worker Thread 28,5,main]) started.
[        ] :shared_preferences_android:checkKotlinGradlePluginConfigurationErrors (Thread[#39753,Execution worker Thread 28,5,main]) started.
[        ] > Task :shared_preferences_android:checkKotlinGradlePluginConfigurationErrors SKIPPED
[        ] Skipping task ':shared_preferences_android:checkKotlinGradlePluginConfigurationErrors' as task onlyIf 'errorDiagnostics are present' is false.
[        ] Resolve mutations for :shared_preferences_android:compileDebugKotlin (Thread[#39753,Execution worker Thread 28,5,main]) started.
[        ] :shared_preferences_android:compileDebugKotlin (Thread[#39753,Execution worker Thread 28,5,main]) started.
[        ] > Task :shared_preferences_android:compileDebugKotlin UP-TO-DATE
[        ] Adding -Xuse-inline-scopes-numbers Kotlin compiler flag for task :shared_preferences_android:compileDebugAndroidTestKotlin
[        ] Caching disabled for task ':shared_preferences_android:compileDebugKotlin' because:
[        ]   Build cache is disabled
[        ] Skipping task ':shared_preferences_android:compileDebugKotlin' as it is up-to-date.
[        ] Resolve mutations for :shared_preferences_android:javaPreCompileDebug (Thread[#39753,Execution worker Thread 28,5,main]) started.
[        ] :shared_preferences_android:javaPreCompileDebug (Thread[#39753,Execution worker Thread 28,5,main]) started.
[        ] > Task :shared_preferences_android:javaPreCompileDebug UP-TO-DATE
[        ] Caching disabled for task ':shared_preferences_android:javaPreCompileDebug' because:
[        ]   Build cache is disabled
[        ] Skipping task ':shared_preferences_android:javaPreCompileDebug' as it is up-to-date.
[        ] Resolve mutations for :shared_preferences_android:compileDebugJavaWithJavac (Thread[#39753,Execution worker Thread 28,5,main]) started.
[        ] :shared_preferences_android:compileDebugJavaWithJavac (Thread[#39753,Execution worker Thread 28,5,main]) started.
[        ] > Task :shared_preferences_android:compileDebugJavaWithJavac UP-TO-DATE
[        ] Custom actions are attached to task ':shared_preferences_android:compileDebugJavaWithJavac'.
[        ] Caching disabled for task ':shared_preferences_android:compileDebugJavaWithJavac' because:
[        ]   Build cache is disabled
[        ] Skipping task ':shared_preferences_android:compileDebugJavaWithJavac' as it is up-to-date.
[        ] No compile result for :shared_preferences_android:compileDebugJavaWithJavac
[        ] No compile result for :shared_preferences_android:compileDebugJavaWithJavac
[        ] Resolve mutations for :shared_preferences_android:bundleLibCompileToJarDebug (Thread[#39753,Execution worker Thread 28,5,main]) started.
[        ] :shared_preferences_android:bundleLibCompileToJarDebug (Thread[#39753,Execution worker Thread 28,5,main]) started.
[        ] > Task :shared_preferences_android:bundleLibCompileToJarDebug UP-TO-DATE
[        ] Caching disabled for task ':shared_preferences_android:bundleLibCompileToJarDebug' because:
[        ]   Build cache is disabled
[        ]   Simple merging task
[        ] Skipping task ':shared_preferences_android:bundleLibCompileToJarDebug' as it is up-to-date.
[        ] work action resolve classes.jar (project :shared_preferences_android) (Thread[#39753,Execution worker Thread 28,5,main]) started.
[        ] Resolve mutations for :sqflite_android:javaPreCompileDebug (Thread[#39753,Execution worker Thread 28,5,main]) started.
[        ] :sqflite_android:javaPreCompileDebug (Thread[#39753,Execution worker Thread 28,5,main]) started.
[        ] > Task :sqflite_android:javaPreCompileDebug UP-TO-DATE
[        ] Caching disabled for task ':sqflite_android:javaPreCompileDebug' because:
[        ]   Build cache is disabled
[        ] Skipping task ':sqflite_android:javaPreCompileDebug' as it is up-to-date.
[        ] Resolve mutations for :sqflite_android:compileDebugJavaWithJavac (Thread[#39753,Execution worker Thread 28,5,main]) started.
[        ] :sqflite_android:compileDebugJavaWithJavac (Thread[#39753,Execution worker Thread 28,5,main]) started.
[        ] > Task :sqflite_android:compileDebugJavaWithJavac UP-TO-DATE
[        ] Custom actions are attached to task ':sqflite_android:compileDebugJavaWithJavac'.
[        ] Caching disabled for task ':sqflite_android:compileDebugJavaWithJavac' because:
[        ]   Build cache is disabled
[        ] Skipping task ':sqflite_android:compileDebugJavaWithJavac' as it is up-to-date.
[        ] No compile result for :sqflite_android:compileDebugJavaWithJavac
[        ] No compile result for :sqflite_android:compileDebugJavaWithJavac
[        ] Resolve mutations for :sqflite_android:bundleLibCompileToJarDebug (Thread[#39753,Execution worker Thread 28,5,main]) started.
[        ] :sqflite_android:bundleLibCompileToJarDebug (Thread[#39753,Execution worker Thread 28,5,main]) started.
[        ] > Task :sqflite_android:bundleLibCompileToJarDebug UP-TO-DATE
[        ] Caching disabled for task ':sqflite_android:bundleLibCompileToJarDebug' because:
[        ]   Build cache is disabled
[        ]   Simple merging task
[        ] Skipping task ':sqflite_android:bundleLibCompileToJarDebug' as it is up-to-date.
[        ] work action resolve classes.jar (project :sqflite_android) (Thread[#39753,Execution worker Thread 28,5,main]) started.
[        ] Resolve mutations for :url_launcher_android:generateDebugBuildConfig (Thread[#39753,Execution worker Thread 28,5,main]) started.
[        ] :url_launcher_android:generateDebugBuildConfig (Thread[#39753,Execution worker Thread 28,5,main]) started.
[        ] > Task :url_launcher_android:generateDebugBuildConfig UP-TO-DATE
[        ] Caching disabled for task ':url_launcher_android:generateDebugBuildConfig' because:
[        ]   Build cache is disabled
[        ] Skipping task ':url_launcher_android:generateDebugBuildConfig' as it is up-to-date.
[        ] Resolve mutations for :url_launcher_android:javaPreCompileDebug (Thread[#39753,Execution worker Thread 28,5,main]) started.
[        ] :url_launcher_android:javaPreCompileDebug (Thread[#39753,Execution worker Thread 28,5,main]) started.
[        ] > Task :url_launcher_android:javaPreCompileDebug UP-TO-DATE
[        ] Caching disabled for task ':url_launcher_android:javaPreCompileDebug' because:
[        ]   Build cache is disabled
[        ] Skipping task ':url_launcher_android:javaPreCompileDebug' as it is up-to-date.
[        ] Resolve mutations for :url_launcher_android:compileDebugJavaWithJavac (Thread[#39753,Execution worker Thread 28,5,main]) started.
[        ] :url_launcher_android:compileDebugJavaWithJavac (Thread[#39753,Execution worker Thread 28,5,main]) started.
[        ] > Task :url_launcher_android:compileDebugJavaWithJavac UP-TO-DATE
[        ] Custom actions are attached to task ':url_launcher_android:compileDebugJavaWithJavac'.
[        ] Caching disabled for task ':url_launcher_android:compileDebugJavaWithJavac' because:
[        ]   Build cache is disabled
[        ] Skipping task ':url_launcher_android:compileDebugJavaWithJavac' as it is up-to-date.
[        ] No compile result for :url_launcher_android:compileDebugJavaWithJavac
[        ] No compile result for :url_launcher_android:compileDebugJavaWithJavac
[        ] Resolve mutations for :url_launcher_android:bundleLibCompileToJarDebug (Thread[#39753,Execution worker Thread 28,5,main]) started.
[        ] :url_launcher_android:bundleLibCompileToJarDebug (Thread[#39753,Execution worker Thread 28,5,main]) started.
[        ] > Task :url_launcher_android:bundleLibCompileToJarDebug UP-TO-DATE
[        ] Caching disabled for task ':url_launcher_android:bundleLibCompileToJarDebug' because:
[        ]   Build cache is disabled
[        ]   Simple merging task
[        ] Skipping task ':url_launcher_android:bundleLibCompileToJarDebug' as it is up-to-date.
[        ] work action resolve classes.jar (project :url_launcher_android) (Thread[#39753,Execution worker Thread 28,5,main]) started.
[        ] Resolve mutations for :video_player_android:checkKotlinGradlePluginConfigurationErrors (Thread[#39753,Execution worker Thread 28,5,main]) started.
[        ] :video_player_android:checkKotlinGradlePluginConfigurationErrors (Thread[#39753,Execution worker Thread 28,5,main]) started.
[        ] > Task :video_player_android:checkKotlinGradlePluginConfigurationErrors SKIPPED
[        ] Skipping task ':video_player_android:checkKotlinGradlePluginConfigurationErrors' as task onlyIf 'errorDiagnostics are present' is false.
[        ] Resolve mutations for :video_player_android:compileDebugKotlin (Thread[#39753,Execution worker Thread 28,5,main]) started.
[        ] :video_player_android:compileDebugKotlin (Thread[#39753,Execution worker Thread 28,5,main]) started.
[        ] > Task :video_player_android:compileDebugKotlin UP-TO-DATE
[        ] Adding -Xuse-inline-scopes-numbers Kotlin compiler flag for task :video_player_android:compileDebugAndroidTestKotlin
[        ] Caching disabled for task ':video_player_android:compileDebugKotlin' because:
[        ]   Build cache is disabled
[        ] Skipping task ':video_player_android:compileDebugKotlin' as it is up-to-date.
[        ] Resolve mutations for :video_player_android:javaPreCompileDebug (Thread[#39753,Execution worker Thread 28,5,main]) started.
[        ] :video_player_android:javaPreCompileDebug (Thread[#39753,Execution worker Thread 28,5,main]) started.
[        ] > Task :video_player_android:javaPreCompileDebug UP-TO-DATE
[        ] Caching disabled for task ':video_player_android:javaPreCompileDebug' because:
[        ]   Build cache is disabled
[        ] Skipping task ':video_player_android:javaPreCompileDebug' as it is up-to-date.
[        ] Resolve mutations for :video_player_android:compileDebugJavaWithJavac (Thread[#39753,Execution worker Thread 28,5,main]) started.
[        ] :video_player_android:compileDebugJavaWithJavac (Thread[#39753,Execution worker Thread 28,5,main]) started.
[        ] > Task :video_player_android:compileDebugJavaWithJavac UP-TO-DATE
[        ] Custom actions are attached to task ':video_player_android:compileDebugJavaWithJavac'.
[        ] Caching disabled for task ':video_player_android:compileDebugJavaWithJavac' because:
[        ]   Build cache is disabled
[        ] Skipping task ':video_player_android:compileDebugJavaWithJavac' as it is up-to-date.
[        ] No compile result for :video_player_android:compileDebugJavaWithJavac
[        ] No compile result for :video_player_android:compileDebugJavaWithJavac
[        ] Resolve mutations for :video_player_android:bundleLibCompileToJarDebug (Thread[#39753,Execution worker Thread 28,5,main]) started.
[        ] :video_player_android:bundleLibCompileToJarDebug (Thread[#39731,Execution worker Thread 6,5,main]) started.
[        ] > Task :video_player_android:bundleLibCompileToJarDebug UP-TO-DATE
[        ] Caching disabled for task ':video_player_android:bundleLibCompileToJarDebug' because:
[        ]   Build cache is disabled
[        ]   Simple merging task
[        ] Skipping task ':video_player_android:bundleLibCompileToJarDebug' as it is up-to-date.
[        ] work action resolve classes.jar (project :video_player_android) (Thread[#39731,Execution worker Thread 6,5,main]) started.
[        ] Resolve mutations for :app:compileDebugKotlin (Thread[#39731,Execution worker Thread 6,5,main]) started.
[        ] :app:compileDebugKotlin (Thread[#39731,Execution worker Thread 6,5,main]) started.
[        ] > Task :app:compileDebugKotlin UP-TO-DATE
[        ] Adding -Xuse-inline-scopes-numbers Kotlin compiler flag for task :app:compileDebugAndroidTestKotlin
[        ] Caching disabled for task ':app:compileDebugKotlin' because:
[        ]   Build cache is disabled
[        ] Skipping task ':app:compileDebugKotlin' as it is up-to-date.
[        ] Resolve mutations for :app:javaPreCompileDebug (Thread[#39731,Execution worker Thread 6,5,main]) started.
[        ] :app:javaPreCompileDebug (Thread[#39731,Execution worker Thread 6,5,main]) started.
[        ] > Task :app:javaPreCompileDebug UP-TO-DATE
[        ] Caching disabled for task ':app:javaPreCompileDebug' because:
[        ]   Build cache is disabled
[        ] Skipping task ':app:javaPreCompileDebug' as it is up-to-date.
[        ] Resolve mutations for :app:compileDebugJavaWithJavac (Thread[#39731,Execution worker Thread 6,5,main]) started.
[        ] :app:compileDebugJavaWithJavac (Thread[#39731,Execution worker Thread 6,5,main]) started.
[        ] > Task :app:compileDebugJavaWithJavac UP-TO-DATE
[        ] Custom actions are attached to task ':app:compileDebugJavaWithJavac'.
[        ] Caching disabled for task ':app:compileDebugJavaWithJavac' because:
[        ]   Build cache is disabled
[        ] Skipping task ':app:compileDebugJavaWithJavac' as it is up-to-date.
[        ] No compile result for :app:compileDebugJavaWithJavac
[        ] No compile result for :app:compileDebugJavaWithJavac
[        ] Resolve mutations for :app:compressDebugAssets (Thread[#39731,Execution worker Thread 6,5,main]) started.
[        ] :app:compressDebugAssets (Thread[#39731,Execution worker Thread 6,5,main]) started.
[        ] Resolve mutations for :app:processDebugJavaRes (Thread[#39746,Execution worker Thread 21,5,main]) started.
[        ] :app:processDebugJavaRes (Thread[#39746,Execution worker Thread 21,5,main]) started.
[        ] > Task :app:processDebugJavaRes UP-TO-DATE
[        ] file or directory '/Users/florian/Code/substitution/android/app/src/main/resources', not found
[        ] file or directory '/Users/florian/Code/substitution/android/app/src/debug/resources', not found
[        ] file or directory '/Users/florian/Code/substitution/android/app/src/main/resources', not found
[        ] file or directory '/Users/florian/Code/substitution/android/app/src/debug/resources', not found
[        ] Caching disabled for task ':app:processDebugJavaRes' because:
[        ]   Build cache is disabled
[        ]   Caching has been disabled for the task
[        ] Skipping task ':app:processDebugJavaRes' as it is up-to-date.
[        ] Resolve mutations for :connectivity_plus:processDebugJavaRes (Thread[#39746,Execution worker Thread 21,5,main]) started.
[        ] :connectivity_plus:processDebugJavaRes (Thread[#39746,Execution worker Thread 21,5,main]) started.
[        ] > Task :connectivity_plus:processDebugJavaRes NO-SOURCE
[        ] file or directory '/Users/florian/.pub-cache/hosted/pub.dev/connectivity_plus-5.0.2/android/src/main/resources', not found
[        ] file or directory '/Users/florian/.pub-cache/hosted/pub.dev/connectivity_plus-5.0.2/android/src/debug/resources', not found
[        ] Skipping task ':connectivity_plus:processDebugJavaRes' as it has no source files and no previous output files.
[        ] work action resolve out (project :connectivity_plus) (Thread[#39746,Execution worker Thread 21,5,main]) started.
[        ] Resolve mutations for :emoji_picker_flutter:processDebugJavaRes (Thread[#39746,Execution worker Thread 21,5,main]) started.
[        ] :emoji_picker_flutter:processDebugJavaRes (Thread[#39746,Execution worker Thread 21,5,main]) started.
[        ] > Task :emoji_picker_flutter:processDebugJavaRes UP-TO-DATE
[        ] file or directory '/Users/florian/.pub-cache/hosted/pub.dev/emoji_picker_flutter-4.4.0/android/src/main/resources', not found
[        ] file or directory '/Users/florian/.pub-cache/hosted/pub.dev/emoji_picker_flutter-4.4.0/android/src/debug/resources', not found
[        ] file or directory '/Users/florian/.pub-cache/hosted/pub.dev/emoji_picker_flutter-4.4.0/android/src/main/resources', not found
[        ] file or directory '/Users/florian/.pub-cache/hosted/pub.dev/emoji_picker_flutter-4.4.0/android/src/debug/resources', not found
[        ] Caching disabled for task ':emoji_picker_flutter:processDebugJavaRes' because:
[        ]   Build cache is disabled
[        ]   Caching has been disabled for the task
[        ] Skipping task ':emoji_picker_flutter:processDebugJavaRes' as it is up-to-date.
[        ] work action resolve out (project :emoji_picker_flutter) (Thread[#39746,Execution worker Thread 21,5,main]) started.
[        ] Resolve mutations for :file_selector_android:processDebugJavaRes (Thread[#39746,Execution worker Thread 21,5,main]) started.
[        ] :file_selector_android:processDebugJavaRes (Thread[#39746,Execution worker Thread 21,5,main]) started.
[        ] > Task :file_selector_android:processDebugJavaRes NO-SOURCE
[        ] file or directory '/Users/florian/.pub-cache/hosted/pub.dev/file_selector_android-0.5.2+4/android/src/main/resources', not found
[        ] file or directory '/Users/florian/.pub-cache/hosted/pub.dev/file_selector_android-0.5.2+4/android/src/debug/resources', not found
[        ] Skipping task ':file_selector_android:processDebugJavaRes' as it has no source files and no previous output files.
[        ] work action resolve out (project :file_selector_android) (Thread[#39746,Execution worker Thread 21,5,main]) started.
[        ] Resolve mutations for :flutter_keyboard_visibility_temp_fork:processDebugJavaRes (Thread[#39746,Execution worker Thread 21,5,main]) started.
[        ] :flutter_keyboard_visibility_temp_fork:processDebugJavaRes (Thread[#39746,Execution worker Thread 21,5,main]) started.
[        ] > Task :flutter_keyboard_visibility_temp_fork:processDebugJavaRes NO-SOURCE
[        ] file or directory '/Users/florian/.pub-cache/hosted/pub.dev/flutter_keyboard_visibility_temp_fork-0.1.5/android/src/main/resources', not found
[        ] file or directory '/Users/florian/.pub-cache/hosted/pub.dev/flutter_keyboard_visibility_temp_fork-0.1.5/android/src/debug/resources', not found
[        ] Skipping task ':flutter_keyboard_visibility_temp_fork:processDebugJavaRes' as it has no source files and no previous output files.
[        ] work action resolve out (project :flutter_keyboard_visibility_temp_fork) (Thread[#39746,Execution worker Thread 21,5,main]) started.
[        ] Resolve mutations for :flutter_native_splash:processDebugJavaRes (Thread[#39746,Execution worker Thread 21,5,main]) started.
[        ] :flutter_native_splash:processDebugJavaRes (Thread[#39746,Execution worker Thread 21,5,main]) started.
[        ] > Task :flutter_native_splash:processDebugJavaRes NO-SOURCE
[        ] file or directory '/Users/florian/.pub-cache/hosted/pub.dev/flutter_native_splash-2.4.7/android/src/main/resources', not found
[        ] file or directory '/Users/florian/.pub-cache/hosted/pub.dev/flutter_native_splash-2.4.7/android/src/debug/resources', not found
[        ] Skipping task ':flutter_native_splash:processDebugJavaRes' as it has no source files and no previous output files.
[        ] work action resolve out (project :flutter_native_splash) (Thread[#39746,Execution worker Thread 21,5,main]) started.
[        ] Resolve mutations for :flutter_olm:processDebugJavaRes (Thread[#39746,Execution worker Thread 21,5,main]) started.
[        ] :flutter_olm:processDebugJavaRes (Thread[#39746,Execution worker Thread 21,5,main]) started.
[        ] > Task :flutter_olm:processDebugJavaRes UP-TO-DATE
[        ] file or directory '/Users/florian/.pub-cache/hosted/pub.dev/flutter_olm-2.0.0/android/src/main/resources', not found
[        ] file or directory '/Users/florian/.pub-cache/hosted/pub.dev/flutter_olm-2.0.0/android/src/debug/resources', not found
[        ] file or directory '/Users/florian/.pub-cache/hosted/pub.dev/flutter_olm-2.0.0/android/src/main/resources', not found
[        ] file or directory '/Users/florian/.pub-cache/hosted/pub.dev/flutter_olm-2.0.0/android/src/debug/resources', not found
[        ] Caching disabled for task ':flutter_olm:processDebugJavaRes' because:
[        ]   Build cache is disabled
[        ]   Caching has been disabled for the task
[        ] Skipping task ':flutter_olm:processDebugJavaRes' as it is up-to-date.
[        ] work action resolve out (project :flutter_olm) (Thread[#39746,Execution worker Thread 21,5,main]) started.
[        ] Resolve mutations for :flutter_openssl_crypto:processDebugJavaRes (Thread[#39746,Execution worker Thread 21,5,main]) started.
[        ] :flutter_openssl_crypto:processDebugJavaRes (Thread[#39746,Execution worker Thread 21,5,main]) started.
[        ] > Task :flutter_openssl_crypto:processDebugJavaRes UP-TO-DATE
[        ] file or directory '/Users/florian/.pub-cache/hosted/pub.dev/flutter_openssl_crypto-0.5.0/android/src/main/resources', not found
[        ] file or directory '/Users/florian/.pub-cache/hosted/pub.dev/flutter_openssl_crypto-0.5.0/android/src/debug/resources', not found
[        ] file or directory '/Users/florian/.pub-cache/hosted/pub.dev/flutter_openssl_crypto-0.5.0/android/src/main/resources', not found
[        ] file or directory '/Users/florian/.pub-cache/hosted/pub.dev/flutter_openssl_crypto-0.5.0/android/src/debug/resources', not found
[        ] Caching disabled for task ':flutter_openssl_crypto:processDebugJavaRes' because:
[        ]   Build cache is disabled
[        ]   Caching has been disabled for the task
[        ] Skipping task ':flutter_openssl_crypto:processDebugJavaRes' as it is up-to-date.
[        ] work action resolve out (project :flutter_openssl_crypto) (Thread[#39746,Execution worker Thread 21,5,main]) started.
[        ] Resolve mutations for :integration_test:processDebugJavaRes (Thread[#39746,Execution worker Thread 21,5,main]) started.
[        ] :integration_test:processDebugJavaRes (Thread[#39746,Execution worker Thread 21,5,main]) started.
[        ] > Task :integration_test:processDebugJavaRes NO-SOURCE
[        ] file or directory '/opt/homebrew/share/flutter/packages/integration_test/android/src/main/resources', not found
[        ] file or directory '/opt/homebrew/share/flutter/packages/integration_test/android/src/debug/resources', not found
[        ] Skipping task ':integration_test:processDebugJavaRes' as it has no source files and no previous output files.
[        ] work action resolve out (project :integration_test) (Thread[#39746,Execution worker Thread 21,5,main]) started.
[        ] Resolve mutations for :path_provider_android:processDebugJavaRes (Thread[#39746,Execution worker Thread 21,5,main]) started.
[        ] :path_provider_android:processDebugJavaRes (Thread[#39746,Execution worker Thread 21,5,main]) started.
[        ] > Task :path_provider_android:processDebugJavaRes NO-SOURCE
[        ] file or directory '/Users/florian/.pub-cache/hosted/pub.dev/path_provider_android-2.2.22/android/src/main/resources', not found
[        ] file or directory '/Users/florian/.pub-cache/hosted/pub.dev/path_provider_android-2.2.22/android/src/debug/resources', not found
[        ] Skipping task ':path_provider_android:processDebugJavaRes' as it has no source files and no previous output files.
[        ] work action resolve out (project :path_provider_android) (Thread[#39746,Execution worker Thread 21,5,main]) started.
[        ] Resolve mutations for :quill_native_bridge_android:processDebugJavaRes (Thread[#39746,Execution worker Thread 21,5,main]) started.
[        ] :quill_native_bridge_android:processDebugJavaRes (Thread[#39746,Execution worker Thread 21,5,main]) started.
[        ] > Task :quill_native_bridge_android:processDebugJavaRes UP-TO-DATE
[        ] file or directory '/Users/florian/.pub-cache/hosted/pub.dev/quill_native_bridge_android-0.0.1+2/android/src/main/resources', not found
[        ] file or directory '/Users/florian/.pub-cache/hosted/pub.dev/quill_native_bridge_android-0.0.1+2/android/src/debug/resources', not found
[        ] file or directory '/Users/florian/.pub-cache/hosted/pub.dev/quill_native_bridge_android-0.0.1+2/android/src/main/resources', not found
[        ] file or directory '/Users/florian/.pub-cache/hosted/pub.dev/quill_native_bridge_android-0.0.1+2/android/src/debug/resources', not found
[        ] Caching disabled for task ':quill_native_bridge_android:processDebugJavaRes' because:
[        ]   Build cache is disabled
[        ]   Caching has been disabled for the task
[        ] Skipping task ':quill_native_bridge_android:processDebugJavaRes' as it is up-to-date.
[        ] work action resolve out (project :quill_native_bridge_android) (Thread[#39746,Execution worker Thread 21,5,main]) started.
[        ] Resolve mutations for :shared_preferences_android:processDebugJavaRes (Thread[#39746,Execution worker Thread 21,5,main]) started.
[        ] :shared_preferences_android:processDebugJavaRes (Thread[#39746,Execution worker Thread 21,5,main]) started.
[        ] > Task :shared_preferences_android:processDebugJavaRes UP-TO-DATE
[        ] file or directory '/Users/florian/.pub-cache/hosted/pub.dev/shared_preferences_android-2.4.20/android/src/main/resources', not found
[        ] file or directory '/Users/florian/.pub-cache/hosted/pub.dev/shared_preferences_android-2.4.20/android/src/debug/resources', not found
[        ] file or directory '/Users/florian/.pub-cache/hosted/pub.dev/shared_preferences_android-2.4.20/android/src/main/resources', not found
[        ] file or directory '/Users/florian/.pub-cache/hosted/pub.dev/shared_preferences_android-2.4.20/android/src/debug/resources', not found
[        ] Caching disabled for task ':shared_preferences_android:processDebugJavaRes' because:
[        ]   Build cache is disabled
[        ]   Caching has been disabled for the task
[        ] Skipping task ':shared_preferences_android:processDebugJavaRes' as it is up-to-date.
[        ] work action resolve out (project :shared_preferences_android) (Thread[#39746,Execution worker Thread 21,5,main]) started.
[        ] Resolve mutations for :sqflite_android:processDebugJavaRes (Thread[#39746,Execution worker Thread 21,5,main]) started.
[        ] :sqflite_android:processDebugJavaRes (Thread[#39746,Execution worker Thread 21,5,main]) started.
[        ] > Task :sqflite_android:processDebugJavaRes NO-SOURCE
[        ] file or directory '/Users/florian/.pub-cache/hosted/pub.dev/sqflite_android-2.4.2+2/android/src/main/resources', not found
[        ] file or directory '/Users/florian/.pub-cache/hosted/pub.dev/sqflite_android-2.4.2+2/android/src/debug/resources', not found
[        ] Skipping task ':sqflite_android:processDebugJavaRes' as it has no source files and no previous output files.
[        ] work action resolve out (project :sqflite_android) (Thread[#39746,Execution worker Thread 21,5,main]) started.
[        ] Resolve mutations for :url_launcher_android:processDebugJavaRes (Thread[#39746,Execution worker Thread 21,5,main]) started.
[        ] :url_launcher_android:processDebugJavaRes (Thread[#39746,Execution worker Thread 21,5,main]) started.
[        ] > Task :url_launcher_android:processDebugJavaRes NO-SOURCE
[        ] file or directory '/Users/florian/.pub-cache/hosted/pub.dev/url_launcher_android-6.3.28/android/src/main/resources', not found
[        ] file or directory '/Users/florian/.pub-cache/hosted/pub.dev/url_launcher_android-6.3.28/android/src/debug/resources', not found
[        ] Skipping task ':url_launcher_android:processDebugJavaRes' as it has no source files and no previous output files.
[        ] work action resolve out (project :url_launcher_android) (Thread[#39746,Execution worker Thread 21,5,main]) started.
[        ] Resolve mutations for :video_player_android:processDebugJavaRes (Thread[#39746,Execution worker Thread 21,5,main]) started.
[        ] :video_player_android:processDebugJavaRes (Thread[#39746,Execution worker Thread 21,5,main]) started.
[        ] > Task :video_player_android:processDebugJavaRes UP-TO-DATE
[        ] file or directory '/Users/florian/.pub-cache/hosted/pub.dev/video_player_android-2.9.1/android/src/main/resources', not found
[        ] file or directory '/Users/florian/.pub-cache/hosted/pub.dev/video_player_android-2.9.1/android/src/debug/resources', not found
[        ] file or directory '/Users/florian/.pub-cache/hosted/pub.dev/video_player_android-2.9.1/android/src/main/resources', not found
[        ] file or directory '/Users/florian/.pub-cache/hosted/pub.dev/video_player_android-2.9.1/android/src/debug/resources', not found
[        ] Caching disabled for task ':video_player_android:processDebugJavaRes' because:
[        ]   Build cache is disabled
[        ]   Caching has been disabled for the task
[        ] Skipping task ':video_player_android:processDebugJavaRes' as it is up-to-date.
[        ] work action resolve out (project :video_player_android) (Thread[#39746,Execution worker Thread 21,5,main]) started.
[        ] Resolve mutations for :app:mergeDebugJavaResource (Thread[#39746,Execution worker Thread 21,5,main]) started.
[        ] :app:mergeDebugJavaResource (Thread[#39746,Execution worker Thread 21,5,main]) started.
[        ] > Task :app:mergeDebugJavaResource UP-TO-DATE
[        ] Caching disabled for task ':app:mergeDebugJavaResource' because:
[        ]   Build cache is disabled
[        ]   Caching has been disabled for the task
[        ] Skipping task ':app:mergeDebugJavaResource' as it is up-to-date.
[        ] Resolve mutations for :app:checkDebugDuplicateClasses (Thread[#39746,Execution worker Thread 21,5,main]) started.
[        ] :app:checkDebugDuplicateClasses (Thread[#39746,Execution worker Thread 21,5,main]) started.
[        ] > Task :app:checkDebugDuplicateClasses UP-TO-DATE
[        ] Caching disabled for task ':app:checkDebugDuplicateClasses' because:
[        ]   Build cache is disabled
[        ]   Caching has been disabled for the task
[        ] Skipping task ':app:checkDebugDuplicateClasses' as it is up-to-date.
[        ] Resolve mutations for :app:desugarDebugFileDependencies (Thread[#39746,Execution worker Thread 21,5,main]) started.
[        ] :app:desugarDebugFileDependencies (Thread[#39746,Execution worker Thread 21,5,main]) started.
[        ] > Task :app:desugarDebugFileDependencies UP-TO-DATE
[        ] Caching disabled for task ':app:desugarDebugFileDependencies' because:
[        ]   Build cache is disabled
[        ] Skipping task ':app:desugarDebugFileDependencies' as it is up-to-date.
[        ] Resolve mutations for :app:mergeExtDexDebug (Thread[#39746,Execution worker Thread 21,5,main]) started.
[        ] :app:mergeExtDexDebug (Thread[#39746,Execution worker Thread 21,5,main]) started.
[        ] > Task :app:mergeExtDexDebug UP-TO-DATE
[        ] Caching disabled for task ':app:mergeExtDexDebug' because:
[        ]   Build cache is disabled
[        ] Skipping task ':app:mergeExtDexDebug' as it is up-to-date.
[        ] Resolve mutations for :connectivity_plus:bundleLibRuntimeToDirDebug (Thread[#39746,Execution worker Thread 21,5,main]) started.
[        ] :connectivity_plus:bundleLibRuntimeToDirDebug (Thread[#39746,Execution worker Thread 21,5,main]) started.
[        ] > Task :connectivity_plus:bundleLibRuntimeToDirDebug UP-TO-DATE
[        ] Caching disabled for task ':connectivity_plus:bundleLibRuntimeToDirDebug' because:
[        ]   Build cache is disabled
[        ]   Simple merging task
[        ] Skipping task ':connectivity_plus:bundleLibRuntimeToDirDebug' as it is up-to-date.
[        ] work action resolve bundleLibRuntimeToDirDebug (project :connectivity_plus) (Thread[#39746,Execution worker Thread 21,5,main]) started.
[        ] ClassesDirToClassesTransform (Thread[#39746,Execution worker Thread 21,5,main]) started.
[        ] Resolve mutations for :emoji_picker_flutter:bundleLibRuntimeToDirDebug (Thread[#39750,Execution worker Thread 25,5,main]) started.
[        ] :emoji_picker_flutter:bundleLibRuntimeToDirDebug (Thread[#39750,Execution worker Thread 25,5,main]) started.
[        ] DexingNoClasspathTransform (Thread[#39746,Execution worker Thread 21,5,main]) started.
[        ] > Task :emoji_picker_flutter:bundleLibRuntimeToDirDebug UP-TO-DATE
[        ] Caching disabled for task ':emoji_picker_flutter:bundleLibRuntimeToDirDebug' because:
[        ]   Build cache is disabled
[        ]   Simple merging task
[        ] Skipping task ':emoji_picker_flutter:bundleLibRuntimeToDirDebug' as it is up-to-date.
[        ] work action resolve bundleLibRuntimeToDirDebug (project :emoji_picker_flutter) (Thread[#39750,Execution worker Thread 25,5,main]) started.
[        ] ClassesDirToClassesTransform (Thread[#39750,Execution worker Thread 25,5,main]) started.
[        ] Resolve mutations for :file_selector_android:bundleLibRuntimeToDirDebug (Thread[#39745,Execution worker Thread 20,5,main]) started.
[        ] > Transform bundleLibRuntimeToDirDebug (project :connectivity_plus) with DexingNoClasspathTransform
[        ] Caching disabled for DexingNoClasspathTransform: /Users/florian/Code/substitution/build/connectivity_plus/intermediates/runtime_library_classes_dir/debug/bundleLibRuntimeToDirDebug because:
[        ]   Build cache is disabled
[        ] Skipping DexingNoClasspathTransform: /Users/florian/Code/substitution/build/connectivity_plus/intermediates/runtime_library_classes_dir/debug/bundleLibRuntimeToDirDebug as it is up-to-date.
[        ] :file_selector_android:bundleLibRuntimeToDirDebug (Thread[#39746,Execution worker Thread 21,5,main]) started.
[        ] DexingNoClasspathTransform (Thread[#39750,Execution worker Thread 25,5,main]) started.
[        ] > Transform bundleLibRuntimeToDirDebug (project :emoji_picker_flutter) with DexingNoClasspathTransform
[        ] Caching disabled for DexingNoClasspathTransform: /Users/florian/Code/substitution/build/emoji_picker_flutter/intermediates/runtime_library_classes_dir/debug/bundleLibRuntimeToDirDebug because:
[        ]   Build cache is disabled
[        ] Skipping DexingNoClasspathTransform: /Users/florian/Code/substitution/build/emoji_picker_flutter/intermediates/runtime_library_classes_dir/debug/bundleLibRuntimeToDirDebug as it is up-to-date.
[        ] > Task :file_selector_android:bundleLibRuntimeToDirDebug UP-TO-DATE
[        ] Caching disabled for task ':file_selector_android:bundleLibRuntimeToDirDebug' because:
[        ]   Build cache is disabled
[        ]   Simple merging task
[        ] Skipping task ':file_selector_android:bundleLibRuntimeToDirDebug' as it is up-to-date.
[        ] work action resolve bundleLibRuntimeToDirDebug (project :file_selector_android) (Thread[#39746,Execution worker Thread 21,5,main]) started.
[        ] ClassesDirToClassesTransform (Thread[#39746,Execution worker Thread 21,5,main]) started.
[        ] Resolve mutations for :flutter_keyboard_visibility_temp_fork:bundleLibRuntimeToDirDebug (Thread[#39745,Execution worker Thread 20,5,main]) started.
[        ] :flutter_keyboard_visibility_temp_fork:bundleLibRuntimeToDirDebug (Thread[#39745,Execution worker Thread 20,5,main]) started.
[        ] DexingNoClasspathTransform (Thread[#39746,Execution worker Thread 21,5,main]) started.
[        ] > Task :flutter_keyboard_visibility_temp_fork:bundleLibRuntimeToDirDebug UP-TO-DATE
[        ] Caching disabled for task ':flutter_keyboard_visibility_temp_fork:bundleLibRuntimeToDirDebug' because:
[        ]   Build cache is disabled
[        ]   Simple merging task
[        ] Skipping task ':flutter_keyboard_visibility_temp_fork:bundleLibRuntimeToDirDebug' as it is up-to-date.
[        ] work action resolve bundleLibRuntimeToDirDebug (project :flutter_keyboard_visibility_temp_fork) (Thread[#39745,Execution worker Thread 20,5,main]) started.
[        ] ClassesDirToClassesTransform (Thread[#39745,Execution worker Thread 20,5,main]) started.
[        ] DexingNoClasspathTransform (Thread[#39745,Execution worker Thread 20,5,main]) started.
[        ] Resolve mutations for :flutter_native_splash:bundleLibRuntimeToDirDebug (Thread[#39739,Execution worker Thread 14,5,main]) started.
[        ] :flutter_native_splash:bundleLibRuntimeToDirDebug (Thread[#39739,Execution worker Thread 14,5,main]) started.
[        ] > Transform bundleLibRuntimeToDirDebug (project :file_selector_android) with DexingNoClasspathTransform
[        ] Caching disabled for DexingNoClasspathTransform: /Users/florian/Code/substitution/build/file_selector_android/intermediates/runtime_library_classes_dir/debug/bundleLibRuntimeToDirDebug because:
[        ]   Build cache is disabled
[        ] Skipping DexingNoClasspathTransform: /Users/florian/Code/substitution/build/file_selector_android/intermediates/runtime_library_classes_dir/debug/bundleLibRuntimeToDirDebug as it is up-to-date.
[        ] > Transform bundleLibRuntimeToDirDebug (project :flutter_keyboard_visibility_temp_fork) with DexingNoClasspathTransform
[        ] Caching disabled for DexingNoClasspathTransform: /Users/florian/Code/substitution/build/flutter_keyboard_visibility_temp_fork/intermediates/runtime_library_classes_dir/debug/bundleLibRuntimeToDirDebug because:
[        ]   Build cache is disabled
[        ] Skipping DexingNoClasspathTransform: /Users/florian/Code/substitution/build/flutter_keyboard_visibility_temp_fork/intermediates/runtime_library_classes_dir/debug/bundleLibRuntimeToDirDebug as it is up-to-date.
[        ] > Task :flutter_native_splash:bundleLibRuntimeToDirDebug UP-TO-DATE
[        ] Caching disabled for task ':flutter_native_splash:bundleLibRuntimeToDirDebug' because:
[        ]   Build cache is disabled
[        ]   Simple merging task
[        ] Skipping task ':flutter_native_splash:bundleLibRuntimeToDirDebug' as it is up-to-date.
[        ] work action resolve bundleLibRuntimeToDirDebug (project :flutter_native_splash) (Thread[#39739,Execution worker Thread 14,5,main]) started.
[        ] ClassesDirToClassesTransform (Thread[#39739,Execution worker Thread 14,5,main]) started.
[        ] Resolve mutations for :flutter_olm:bundleLibRuntimeToDirDebug (Thread[#39726,Execution worker Thread 2,5,main]) started.
[        ] DexingNoClasspathTransform (Thread[#39739,Execution worker Thread 14,5,main]) started.
[        ] :flutter_olm:bundleLibRuntimeToDirDebug (Thread[#39726,Execution worker Thread 2,5,main]) started.
[        ] > Transform bundleLibRuntimeToDirDebug (project :flutter_native_splash) with DexingNoClasspathTransform
[        ] Caching disabled for DexingNoClasspathTransform: /Users/florian/Code/substitution/build/flutter_native_splash/intermediates/runtime_library_classes_dir/debug/bundleLibRuntimeToDirDebug because:
[        ]   Build cache is disabled
[        ] Skipping DexingNoClasspathTransform: /Users/florian/Code/substitution/build/flutter_native_splash/intermediates/runtime_library_classes_dir/debug/bundleLibRuntimeToDirDebug as it is up-to-date.
[        ] > Task :flutter_olm:bundleLibRuntimeToDirDebug UP-TO-DATE
[        ] Caching disabled for task ':flutter_olm:bundleLibRuntimeToDirDebug' because:
[        ]   Build cache is disabled
[        ]   Simple merging task
[        ] Skipping task ':flutter_olm:bundleLibRuntimeToDirDebug' as it is up-to-date.
[        ] work action resolve bundleLibRuntimeToDirDebug (project :flutter_olm) (Thread[#39726,Execution worker Thread 2,5,main]) started.
[        ] ClassesDirToClassesTransform (Thread[#39726,Execution worker Thread 2,5,main]) started.
[        ] Resolve mutations for :flutter_openssl_crypto:bundleLibRuntimeToDirDebug (Thread[#39743,Execution worker Thread 18,5,main]) started.
[        ] :flutter_openssl_crypto:bundleLibRuntimeToDirDebug (Thread[#39743,Execution worker Thread 18,5,main]) started.
[        ] DexingNoClasspathTransform (Thread[#39726,Execution worker Thread 2,5,main]) started.
[        ] > Task :flutter_openssl_crypto:bundleLibRuntimeToDirDebug UP-TO-DATE
[        ] Caching disabled for task ':flutter_openssl_crypto:bundleLibRuntimeToDirDebug' because:
[        ]   Build cache is disabled
[        ]   Simple merging task
[        ] Skipping task ':flutter_openssl_crypto:bundleLibRuntimeToDirDebug' as it is up-to-date.
[        ] work action resolve bundleLibRuntimeToDirDebug (project :flutter_openssl_crypto) (Thread[#39743,Execution worker Thread 18,5,main]) started.
[        ] > Transform bundleLibRuntimeToDirDebug (project :flutter_olm) with DexingNoClasspathTransform
[        ] Caching disabled for DexingNoClasspathTransform: /Users/florian/Code/substitution/build/flutter_olm/intermediates/runtime_library_classes_dir/debug/bundleLibRuntimeToDirDebug because:
[        ]   Build cache is disabled
[        ] Skipping DexingNoClasspathTransform: /Users/florian/Code/substitution/build/flutter_olm/intermediates/runtime_library_classes_dir/debug/bundleLibRuntimeToDirDebug as it is up-to-date.
[        ] ClassesDirToClassesTransform (Thread[#39743,Execution worker Thread 18,5,main]) started.
[        ] Resolve mutations for :integration_test:bundleLibRuntimeToDirDebug (Thread[#39726,Execution worker Thread 2,5,main]) started.
[        ] :integration_test:bundleLibRuntimeToDirDebug (Thread[#39726,Execution worker Thread 2,5,main]) started.
[        ] DexingNoClasspathTransform (Thread[#39743,Execution worker Thread 18,5,main]) started.
[        ] > Task :integration_test:bundleLibRuntimeToDirDebug UP-TO-DATE
[        ] Caching disabled for task ':integration_test:bundleLibRuntimeToDirDebug' because:
[        ]   Build cache is disabled
[        ]   Simple merging task
[        ] Skipping task ':integration_test:bundleLibRuntimeToDirDebug' as it is up-to-date.
[        ] work action resolve bundleLibRuntimeToDirDebug (project :integration_test) (Thread[#39726,Execution worker Thread 2,5,main]) started.
[        ] > Transform bundleLibRuntimeToDirDebug (project :flutter_openssl_crypto) with DexingNoClasspathTransform
[        ] Caching disabled for DexingNoClasspathTransform: /Users/florian/Code/substitution/build/flutter_openssl_crypto/intermediates/runtime_library_classes_dir/debug/bundleLibRuntimeToDirDebug because:
[        ]   Build cache is disabled
[        ] Skipping DexingNoClasspathTransform: /Users/florian/Code/substitution/build/flutter_openssl_crypto/intermediates/runtime_library_classes_dir/debug/bundleLibRuntimeToDirDebug as it is up-to-date.
[        ] ClassesDirToClassesTransform (Thread[#39726,Execution worker Thread 2,5,main]) started.
[        ] Resolve mutations for :path_provider_android:bundleLibRuntimeToDirDebug (Thread[#39743,Execution worker Thread 18,5,main]) started.
[        ] :path_provider_android:bundleLibRuntimeToDirDebug (Thread[#39743,Execution worker Thread 18,5,main]) started.
[        ] DexingNoClasspathTransform (Thread[#39726,Execution worker Thread 2,5,main]) started.
[        ] > Task :path_provider_android:bundleLibRuntimeToDirDebug UP-TO-DATE
[        ] Caching disabled for task ':path_provider_android:bundleLibRuntimeToDirDebug' because:
[        ]   Build cache is disabled
[        ]   Simple merging task
[        ] Skipping task ':path_provider_android:bundleLibRuntimeToDirDebug' as it is up-to-date.
[        ] work action resolve bundleLibRuntimeToDirDebug (project :path_provider_android) (Thread[#39743,Execution worker Thread 18,5,main]) started.
[        ] Resolve mutations for :quill_native_bridge_android:bundleLibRuntimeToDirDebug (Thread[#39749,Execution worker Thread 24,5,main]) started.
[        ] ClassesDirToClassesTransform (Thread[#39743,Execution worker Thread 18,5,main]) started.
[        ] :quill_native_bridge_android:bundleLibRuntimeToDirDebug (Thread[#39749,Execution worker Thread 24,5,main]) started.
[        ] DexingNoClasspathTransform (Thread[#39743,Execution worker Thread 18,5,main]) started.
[        ] > Transform bundleLibRuntimeToDirDebug (project :integration_test) with DexingNoClasspathTransform
[        ] Caching disabled for DexingNoClasspathTransform: /Users/florian/Code/substitution/build/integration_test/intermediates/runtime_library_classes_dir/debug/bundleLibRuntimeToDirDebug because:
[        ]   Build cache is disabled
[        ] Skipping DexingNoClasspathTransform: /Users/florian/Code/substitution/build/integration_test/intermediates/runtime_library_classes_dir/debug/bundleLibRuntimeToDirDebug as it is up-to-date.
[        ] > Transform bundleLibRuntimeToDirDebug (project :path_provider_android) with DexingNoClasspathTransform
[        ] Caching disabled for DexingNoClasspathTransform: /Users/florian/Code/substitution/build/path_provider_android/intermediates/runtime_library_classes_dir/debug/bundleLibRuntimeToDirDebug because:
[        ]   Build cache is disabled
[        ] Skipping DexingNoClasspathTransform: /Users/florian/Code/substitution/build/path_provider_android/intermediates/runtime_library_classes_dir/debug/bundleLibRuntimeToDirDebug as it is up-to-date.
[        ] > Task :quill_native_bridge_android:bundleLibRuntimeToDirDebug UP-TO-DATE
[        ] Caching disabled for task ':quill_native_bridge_android:bundleLibRuntimeToDirDebug' because:
[        ]   Build cache is disabled
[        ]   Simple merging task
[        ] Skipping task ':quill_native_bridge_android:bundleLibRuntimeToDirDebug' as it is up-to-date.
[        ] work action resolve bundleLibRuntimeToDirDebug (project :quill_native_bridge_android) (Thread[#39749,Execution worker Thread 24,5,main]) started.
[        ] ClassesDirToClassesTransform (Thread[#39749,Execution worker Thread 24,5,main]) started.
[        ] Resolve mutations for :shared_preferences_android:bundleLibRuntimeToDirDebug (Thread[#39738,Execution worker Thread 13,5,main]) started.
[        ] :shared_preferences_android:bundleLibRuntimeToDirDebug (Thread[#39738,Execution worker Thread 13,5,main]) started.
[        ] DexingNoClasspathTransform (Thread[#39749,Execution worker Thread 24,5,main]) started.
[        ] > Transform bundleLibRuntimeToDirDebug (project :quill_native_bridge_android) with DexingNoClasspathTransform
[        ] Caching disabled for DexingNoClasspathTransform: /Users/florian/Code/substitution/build/quill_native_bridge_android/intermediates/runtime_library_classes_dir/debug/bundleLibRuntimeToDirDebug because:
[        ]   Build cache is disabled
[        ] Skipping DexingNoClasspathTransform: /Users/florian/Code/substitution/build/quill_native_bridge_android/intermediates/runtime_library_classes_dir/debug/bundleLibRuntimeToDirDebug as it is up-to-date.
[        ] > Task :shared_preferences_android:bundleLibRuntimeToDirDebug UP-TO-DATE
[        ] Caching disabled for task ':shared_preferences_android:bundleLibRuntimeToDirDebug' because:
[        ]   Build cache is disabled
[        ]   Simple merging task
[        ] Skipping task ':shared_preferences_android:bundleLibRuntimeToDirDebug' as it is up-to-date.
[        ] work action resolve bundleLibRuntimeToDirDebug (project :shared_preferences_android) (Thread[#39738,Execution worker Thread 13,5,main]) started.
[        ] ClassesDirToClassesTransform (Thread[#39738,Execution worker Thread 13,5,main]) started.
[        ] Resolve mutations for :sqflite_android:bundleLibRuntimeToDirDebug (Thread[#39749,Execution worker Thread 24,5,main]) started.
[        ] DexingNoClasspathTransform (Thread[#39738,Execution worker Thread 13,5,main]) started.
[        ] :sqflite_android:bundleLibRuntimeToDirDebug (Thread[#39749,Execution worker Thread 24,5,main]) started.
[        ] > Task :sqflite_android:bundleLibRuntimeToDirDebug UP-TO-DATE
[        ] Caching disabled for task ':sqflite_android:bundleLibRuntimeToDirDebug' because:
[        ]   Build cache is disabled
[        ]   Simple merging task
[        ] Skipping task ':sqflite_android:bundleLibRuntimeToDirDebug' as it is up-to-date.
[        ] work action resolve bundleLibRuntimeToDirDebug (project :sqflite_android) (Thread[#39749,Execution worker Thread 24,5,main]) started.
[        ] ClassesDirToClassesTransform (Thread[#39749,Execution worker Thread 24,5,main]) started.
[        ] Resolve mutations for :url_launcher_android:bundleLibRuntimeToDirDebug (Thread[#39753,Execution worker Thread 28,5,main]) started.
[        ] > Transform bundleLibRuntimeToDirDebug (project :shared_preferences_android) with DexingNoClasspathTransform
[        ] Caching disabled for DexingNoClasspathTransform: /Users/florian/Code/substitution/build/shared_preferences_android/intermediates/runtime_library_classes_dir/debug/bundleLibRuntimeToDirDebug because:
[        ]   Build cache is disabled
[        ] Skipping DexingNoClasspathTransform: /Users/florian/Code/substitution/build/shared_preferences_android/intermediates/runtime_library_classes_dir/debug/bundleLibRuntimeToDirDebug as it is up-to-date.
[        ] :url_launcher_android:bundleLibRuntimeToDirDebug (Thread[#39753,Execution worker Thread 28,5,main]) started.
[        ] DexingNoClasspathTransform (Thread[#39749,Execution worker Thread 24,5,main]) started.
[        ] > Task :url_launcher_android:bundleLibRuntimeToDirDebug UP-TO-DATE
[        ] Caching disabled for task ':url_launcher_android:bundleLibRuntimeToDirDebug' because:
[        ]   Build cache is disabled
[        ]   Simple merging task
[        ] Skipping task ':url_launcher_android:bundleLibRuntimeToDirDebug' as it is up-to-date.
[        ] work action resolve bundleLibRuntimeToDirDebug (project :url_launcher_android) (Thread[#39753,Execution worker Thread 28,5,main]) started.
[        ] ClassesDirToClassesTransform (Thread[#39753,Execution worker Thread 28,5,main]) started.
[        ] Resolve mutations for :video_player_android:bundleLibRuntimeToDirDebug (Thread[#39727,Execution worker Thread 3,5,main]) started.
[        ] :video_player_android:bundleLibRuntimeToDirDebug (Thread[#39727,Execution worker Thread 3,5,main]) started.
[        ] DexingNoClasspathTransform (Thread[#39753,Execution worker Thread 28,5,main]) started.
[        ] > Transform bundleLibRuntimeToDirDebug (project :sqflite_android) with DexingNoClasspathTransform
[        ] Caching disabled for DexingNoClasspathTransform: /Users/florian/Code/substitution/build/sqflite_android/intermediates/runtime_library_classes_dir/debug/bundleLibRuntimeToDirDebug because:
[        ]   Build cache is disabled
[        ] Skipping DexingNoClasspathTransform: /Users/florian/Code/substitution/build/sqflite_android/intermediates/runtime_library_classes_dir/debug/bundleLibRuntimeToDirDebug as it is up-to-date.
[        ] > Transform bundleLibRuntimeToDirDebug (project :url_launcher_android) with DexingNoClasspathTransform
[        ] Caching disabled for DexingNoClasspathTransform: /Users/florian/Code/substitution/build/url_launcher_android/intermediates/runtime_library_classes_dir/debug/bundleLibRuntimeToDirDebug because:
[        ]   Build cache is disabled
[        ] Skipping DexingNoClasspathTransform: /Users/florian/Code/substitution/build/url_launcher_android/intermediates/runtime_library_classes_dir/debug/bundleLibRuntimeToDirDebug as it is up-to-date.
[        ] > Task :video_player_android:bundleLibRuntimeToDirDebug UP-TO-DATE
[        ] Caching disabled for task ':video_player_android:bundleLibRuntimeToDirDebug' because:
[        ]   Build cache is disabled
[        ]   Simple merging task
[        ] Skipping task ':video_player_android:bundleLibRuntimeToDirDebug' as it is up-to-date.
[        ] work action resolve bundleLibRuntimeToDirDebug (project :video_player_android) (Thread[#39727,Execution worker Thread 3,5,main]) started.
[        ] ClassesDirToClassesTransform (Thread[#39727,Execution worker Thread 3,5,main]) started.
[        ] Resolve mutations for :app:dexBuilderDebug (Thread[#39753,Execution worker Thread 28,5,main]) started.
[        ] DexingNoClasspathTransform (Thread[#39727,Execution worker Thread 3,5,main]) started.
[        ] :app:dexBuilderDebug (Thread[#39753,Execution worker Thread 28,5,main]) started.
[        ] > Task :app:dexBuilderDebug UP-TO-DATE
[        ] Caching disabled for task ':app:dexBuilderDebug' because:
[        ]   Build cache is disabled
[        ] Skipping task ':app:dexBuilderDebug' as it is up-to-date.
[        ] Resolve mutations for :app:mergeProjectDexDebug (Thread[#39753,Execution worker Thread 28,5,main]) started.
[        ] > Transform bundleLibRuntimeToDirDebug (project :video_player_android) with DexingNoClasspathTransform
[        ] Caching disabled for DexingNoClasspathTransform: /Users/florian/Code/substitution/build/video_player_android/intermediates/runtime_library_classes_dir/debug/bundleLibRuntimeToDirDebug because:
[        ]   Build cache is disabled
[        ] Skipping DexingNoClasspathTransform: /Users/florian/Code/substitution/build/video_player_android/intermediates/runtime_library_classes_dir/debug/bundleLibRuntimeToDirDebug as it is up-to-date.
[        ] Resolve mutations for :app:mergeLibDexDebug (Thread[#39753,Execution worker Thread 28,5,main]) started.
[        ] :app:mergeLibDexDebug (Thread[#39753,Execution worker Thread 28,5,main]) started.
[        ] > Task :app:mergeLibDexDebug UP-TO-DATE
[        ] Caching disabled for task ':app:mergeLibDexDebug' because:
[        ]   Build cache is disabled
[        ] Skipping task ':app:mergeLibDexDebug' as it is up-to-date.
[        ] :app:mergeProjectDexDebug (Thread[#39753,Execution worker Thread 28,5,main]) started.
[        ] > Task :app:mergeProjectDexDebug UP-TO-DATE
[        ] Caching disabled for task ':app:mergeProjectDexDebug' because:
[        ]   Build cache is disabled
[        ] Skipping task ':app:mergeProjectDexDebug' as it is up-to-date.
[        ] Resolve mutations for :app:configureCMakeDebug[arm64-v8a] (Thread[#39753,Execution worker Thread 28,5,main]) started.
[        ] :app:configureCMakeDebug[arm64-v8a] (Thread[#39753,Execution worker Thread 28,5,main]) started.
[        ] > Task :app:configureCMakeDebug[arm64-v8a]
[        ] Caching disabled for task ':app:configureCMakeDebug[arm64-v8a]' because:
[        ]   Build cache is disabled
[        ]   Caching has been disabled for the task
[        ] Task ':app:configureCMakeDebug[arm64-v8a]' is not up-to-date because:
[        ]   Task.upToDateWhen is false.
[        ] C/C++: /opt/homebrew/share/flutter/packages/flutter_tools/gradle/src/main/scripts/CMakeLists.txt debug|arm64-v8a : Start JSON generation. Platform version: 24 min SDK version: arm64-v8a
[        ] C/C++: /opt/homebrew/share/flutter/packages/flutter_tools/gradle/src/main/scripts/CMakeLists.txt debug|arm64-v8a : JSON '/Users/florian/Code/substitution/build/.cxx/debug/x6546535/arm64-v8a/android_gradle_build.json' was up-to-date
[        ] C/C++: /opt/homebrew/share/flutter/packages/flutter_tools/gradle/src/main/scripts/CMakeLists.txt debug|arm64-v8a : JSON generation completed without problems
[        ] C/C++: /opt/homebrew/share/flutter/packages/flutter_tools/gradle/src/main/scripts/CMakeLists.txt debug|arm64-v8a : Writing build model to /Users/florian/Code/substitution/build/app/intermediates/cxx/debug/x6546535/logs/arm64-v8a/build_model.json
[        ] Resolve mutations for :app:buildCMakeDebug[arm64-v8a] (Thread[#39753,Execution worker Thread 28,5,main]) started.
[        ] :app:buildCMakeDebug[arm64-v8a] (Thread[#39753,Execution worker Thread 28,5,main]) started.
[        ] > Task :app:buildCMakeDebug[arm64-v8a]
[        ] Caching disabled for task ':app:buildCMakeDebug[arm64-v8a]' because:
[        ]   Build cache is disabled
[        ]   Caching has been disabled for the task
[        ] Task ':app:buildCMakeDebug[arm64-v8a]' is not up-to-date because:
[        ]   Task.upToDateWhen is false.
[        ] C/C++: starting build
[        ] C/C++: reading expected JSONs
[        ] C/C++: done reading expected JSONs
[        ] C/C++: executing build commands for targets that produce .so files or executables
[        ] C/C++: evaluate miniconfig
[        ] C/C++: no libraries
[        ] Resolve mutations for :app:configureCMakeDebug[armeabi-v7a] (Thread[#39753,Execution worker Thread 28,5,main]) started.
[        ] :app:configureCMakeDebug[armeabi-v7a] (Thread[#39753,Execution worker Thread 28,5,main]) started.
[        ] > Task :app:configureCMakeDebug[armeabi-v7a]
[        ] Caching disabled for task ':app:configureCMakeDebug[armeabi-v7a]' because:
[        ]   Build cache is disabled
[        ]   Caching has been disabled for the task
[        ] Task ':app:configureCMakeDebug[armeabi-v7a]' is not up-to-date because:
[        ]   Task.upToDateWhen is false.
[        ] C/C++: /opt/homebrew/share/flutter/packages/flutter_tools/gradle/src/main/scripts/CMakeLists.txt debug|armeabi-v7a : Start JSON generation. Platform version: 24 min SDK version: armeabi-v7a
[        ] C/C++: /opt/homebrew/share/flutter/packages/flutter_tools/gradle/src/main/scripts/CMakeLists.txt debug|armeabi-v7a : JSON '/Users/florian/Code/substitution/build/.cxx/debug/x6546535/armeabi-v7a/android_gradle_build.json' was up-to-date
[        ] C/C++: /opt/homebrew/share/flutter/packages/flutter_tools/gradle/src/main/scripts/CMakeLists.txt debug|armeabi-v7a : JSON generation completed without problems
[        ] C/C++: /opt/homebrew/share/flutter/packages/flutter_tools/gradle/src/main/scripts/CMakeLists.txt debug|armeabi-v7a : Writing build model to /Users/florian/Code/substitution/build/app/intermediates/cxx/debug/x6546535/logs/armeabi-v7a/build_model.json
[        ] Resolve mutations for :app:buildCMakeDebug[armeabi-v7a] (Thread[#39753,Execution worker Thread 28,5,main]) started.
[        ] :app:buildCMakeDebug[armeabi-v7a] (Thread[#39753,Execution worker Thread 28,5,main]) started.
[        ] > Task :app:buildCMakeDebug[armeabi-v7a]
[        ] Caching disabled for task ':app:buildCMakeDebug[armeabi-v7a]' because:
[        ]   Build cache is disabled
[        ]   Caching has been disabled for the task
[        ] Task ':app:buildCMakeDebug[armeabi-v7a]' is not up-to-date because:
[        ]   Task.upToDateWhen is false.
[        ] C/C++: starting build
[        ] C/C++: reading expected JSONs
[        ] C/C++: done reading expected JSONs
[        ] C/C++: executing build commands for targets that produce .so files or executables
[        ] C/C++: evaluate miniconfig
[        ] C/C++: no libraries
[        ] Resolve mutations for :app:configureCMakeDebug[x86_64] (Thread[#39753,Execution worker Thread 28,5,main]) started.
[        ] :app:configureCMakeDebug[x86_64] (Thread[#39753,Execution worker Thread 28,5,main]) started.
[        ] > Task :app:configureCMakeDebug[x86_64]
[        ] Caching disabled for task ':app:configureCMakeDebug[x86_64]' because:
[        ]   Build cache is disabled
[        ]   Caching has been disabled for the task
[        ] Task ':app:configureCMakeDebug[x86_64]' is not up-to-date because:
[        ]   Task.upToDateWhen is false.
[        ] C/C++: /opt/homebrew/share/flutter/packages/flutter_tools/gradle/src/main/scripts/CMakeLists.txt debug|x86_64 : Start JSON generation. Platform version: 24 min SDK version: x86_64
[        ] C/C++: /opt/homebrew/share/flutter/packages/flutter_tools/gradle/src/main/scripts/CMakeLists.txt debug|x86_64 : JSON '/Users/florian/Code/substitution/build/.cxx/debug/x6546535/x86_64/android_gradle_build.json' was up-to-date
[        ] C/C++: /opt/homebrew/share/flutter/packages/flutter_tools/gradle/src/main/scripts/CMakeLists.txt debug|x86_64 : JSON generation completed without problems
[        ] C/C++: /opt/homebrew/share/flutter/packages/flutter_tools/gradle/src/main/scripts/CMakeLists.txt debug|x86_64 : Writing build model to /Users/florian/Code/substitution/build/app/intermediates/cxx/debug/x6546535/logs/x86_64/build_model.json
[        ] Resolve mutations for :app:buildCMakeDebug[x86_64] (Thread[#39753,Execution worker Thread 28,5,main]) started.
[        ] :app:buildCMakeDebug[x86_64] (Thread[#39753,Execution worker Thread 28,5,main]) started.
[        ] > Task :app:buildCMakeDebug[x86_64]
[        ] Caching disabled for task ':app:buildCMakeDebug[x86_64]' because:
[        ]   Build cache is disabled
[        ]   Caching has been disabled for the task
[        ] Task ':app:buildCMakeDebug[x86_64]' is not up-to-date because:
[        ]   Task.upToDateWhen is false.
[        ] C/C++: starting build
[        ] C/C++: reading expected JSONs
[        ] C/C++: done reading expected JSONs
[        ] C/C++: executing build commands for targets that produce .so files or executables
[        ] C/C++: evaluate miniconfig
[        ] C/C++: no libraries
[        ] Resolve mutations for :app:mergeDebugJniLibFolders (Thread[#39753,Execution worker Thread 28,5,main]) started.
[        ] :app:mergeDebugJniLibFolders (Thread[#39753,Execution worker Thread 28,5,main]) started.
[        ] > Task :app:mergeDebugJniLibFolders UP-TO-DATE
[        ] Caching disabled for task ':app:mergeDebugJniLibFolders' because:
[        ]   Build cache is disabled
[        ]   Simple merging task
[        ] Skipping task ':app:mergeDebugJniLibFolders' as it is up-to-date.
[        ] Resolve mutations for :connectivity_plus:mergeDebugJniLibFolders (Thread[#39753,Execution worker Thread 28,5,main]) started.
[        ] :connectivity_plus:mergeDebugJniLibFolders (Thread[#39753,Execution worker Thread 28,5,main]) started.
[        ] > Task :connectivity_plus:mergeDebugJniLibFolders UP-TO-DATE
[        ] Caching disabled for task ':connectivity_plus:mergeDebugJniLibFolders' because:
[        ]   Build cache is disabled
[        ]   Simple merging task
[        ] Skipping task ':connectivity_plus:mergeDebugJniLibFolders' as it is up-to-date.
[        ] Resolve mutations for :connectivity_plus:mergeDebugNativeLibs (Thread[#39753,Execution worker Thread 28,5,main]) started.
[        ] :connectivity_plus:mergeDebugNativeLibs (Thread[#39753,Execution worker Thread 28,5,main]) started.
[        ] > Task :connectivity_plus:mergeDebugNativeLibs NO-SOURCE
[        ] Skipping task ':connectivity_plus:mergeDebugNativeLibs' as it has no source files and no previous output files.
[        ] Resolve mutations for :connectivity_plus:copyDebugJniLibsProjectOnly (Thread[#39753,Execution worker Thread 28,5,main]) started.
[        ] :connectivity_plus:copyDebugJniLibsProjectOnly (Thread[#39753,Execution worker Thread 28,5,main]) started.
[        ] > Task :connectivity_plus:copyDebugJniLibsProjectOnly UP-TO-DATE
[        ] Caching disabled for task ':connectivity_plus:copyDebugJniLibsProjectOnly' because:
[        ]   Build cache is disabled
[        ]   Caching has been disabled for the task
[        ] Skipping task ':connectivity_plus:copyDebugJniLibsProjectOnly' as it is up-to-date.
[        ] work action resolve jni (project :connectivity_plus) (Thread[#39753,Execution worker Thread 28,5,main]) started.
[        ] Resolve mutations for :emoji_picker_flutter:mergeDebugJniLibFolders (Thread[#39753,Execution worker Thread 28,5,main]) started.
[        ] :emoji_picker_flutter:mergeDebugJniLibFolders (Thread[#39753,Execution worker Thread 28,5,main]) started.
[        ] > Task :emoji_picker_flutter:mergeDebugJniLibFolders UP-TO-DATE
[        ] Caching disabled for task ':emoji_picker_flutter:mergeDebugJniLibFolders' because:
[        ]   Build cache is disabled
[        ]   Simple merging task
[        ] Skipping task ':emoji_picker_flutter:mergeDebugJniLibFolders' as it is up-to-date.
[        ] Resolve mutations for :emoji_picker_flutter:mergeDebugNativeLibs (Thread[#39753,Execution worker Thread 28,5,main]) started.
[        ] :emoji_picker_flutter:mergeDebugNativeLibs (Thread[#39753,Execution worker Thread 28,5,main]) started.
[        ] > Task :emoji_picker_flutter:mergeDebugNativeLibs NO-SOURCE
[        ] Skipping task ':emoji_picker_flutter:mergeDebugNativeLibs' as it has no source files and no previous output files.
[        ] Resolve mutations for :emoji_picker_flutter:copyDebugJniLibsProjectOnly (Thread[#39753,Execution worker Thread 28,5,main]) started.
[        ] :emoji_picker_flutter:copyDebugJniLibsProjectOnly (Thread[#39753,Execution worker Thread 28,5,main]) started.
[        ] > Task :emoji_picker_flutter:copyDebugJniLibsProjectOnly UP-TO-DATE
[        ] Caching disabled for task ':emoji_picker_flutter:copyDebugJniLibsProjectOnly' because:
[        ]   Build cache is disabled
[        ]   Caching has been disabled for the task
[        ] Skipping task ':emoji_picker_flutter:copyDebugJniLibsProjectOnly' as it is up-to-date.
[        ] work action resolve jni (project :emoji_picker_flutter) (Thread[#39753,Execution worker Thread 28,5,main]) started.
[        ] Resolve mutations for :file_selector_android:mergeDebugJniLibFolders (Thread[#39753,Execution worker Thread 28,5,main]) started.
[        ] :file_selector_android:mergeDebugJniLibFolders (Thread[#39753,Execution worker Thread 28,5,main]) started.
[        ] > Task :file_selector_android:mergeDebugJniLibFolders UP-TO-DATE
[        ] Caching disabled for task ':file_selector_android:mergeDebugJniLibFolders' because:
[        ]   Build cache is disabled
[        ]   Simple merging task
[        ] Skipping task ':file_selector_android:mergeDebugJniLibFolders' as it is up-to-date.
[        ] Resolve mutations for :file_selector_android:mergeDebugNativeLibs (Thread[#39753,Execution worker Thread 28,5,main]) started.
[        ] :file_selector_android:mergeDebugNativeLibs (Thread[#39753,Execution worker Thread 28,5,main]) started.
[        ] > Task :file_selector_android:mergeDebugNativeLibs NO-SOURCE
[        ] Skipping task ':file_selector_android:mergeDebugNativeLibs' as it has no source files and no previous output files.
[        ] Resolve mutations for :file_selector_android:copyDebugJniLibsProjectOnly (Thread[#39753,Execution worker Thread 28,5,main]) started.
[        ] :file_selector_android:copyDebugJniLibsProjectOnly (Thread[#39753,Execution worker Thread 28,5,main]) started.
[        ] > Task :file_selector_android:copyDebugJniLibsProjectOnly UP-TO-DATE
[        ] Caching disabled for task ':file_selector_android:copyDebugJniLibsProjectOnly' because:
[        ]   Build cache is disabled
[        ]   Caching has been disabled for the task
[        ] Skipping task ':file_selector_android:copyDebugJniLibsProjectOnly' as it is up-to-date.
[        ] work action resolve jni (project :file_selector_android) (Thread[#39753,Execution worker Thread 28,5,main]) started.
[        ] Resolve mutations for :flutter_keyboard_visibility_temp_fork:mergeDebugJniLibFolders (Thread[#39753,Execution worker Thread 28,5,main]) started.
[        ] :flutter_keyboard_visibility_temp_fork:mergeDebugJniLibFolders (Thread[#39753,Execution worker Thread 28,5,main]) started.
[        ] > Task :flutter_keyboard_visibility_temp_fork:mergeDebugJniLibFolders UP-TO-DATE
[        ] Caching disabled for task ':flutter_keyboard_visibility_temp_fork:mergeDebugJniLibFolders' because:
[        ]   Build cache is disabled
[        ]   Simple merging task
[        ] Skipping task ':flutter_keyboard_visibility_temp_fork:mergeDebugJniLibFolders' as it is up-to-date.
[        ] Resolve mutations for :flutter_keyboard_visibility_temp_fork:mergeDebugNativeLibs (Thread[#39753,Execution worker Thread 28,5,main]) started.
[        ] :flutter_keyboard_visibility_temp_fork:mergeDebugNativeLibs (Thread[#39753,Execution worker Thread 28,5,main]) started.
[        ] > Task :flutter_keyboard_visibility_temp_fork:mergeDebugNativeLibs NO-SOURCE
[        ] Skipping task ':flutter_keyboard_visibility_temp_fork:mergeDebugNativeLibs' as it has no source files and no previous output files.
[        ] Resolve mutations for :flutter_keyboard_visibility_temp_fork:copyDebugJniLibsProjectOnly (Thread[#39753,Execution worker Thread 28,5,main]) started.
[        ] :flutter_keyboard_visibility_temp_fork:copyDebugJniLibsProjectOnly (Thread[#39753,Execution worker Thread 28,5,main]) started.
[        ] > Task :flutter_keyboard_visibility_temp_fork:copyDebugJniLibsProjectOnly UP-TO-DATE
[        ] Caching disabled for task ':flutter_keyboard_visibility_temp_fork:copyDebugJniLibsProjectOnly' because:
[        ]   Build cache is disabled
[        ]   Caching has been disabled for the task
[        ] Skipping task ':flutter_keyboard_visibility_temp_fork:copyDebugJniLibsProjectOnly' as it is up-to-date.
[        ] work action resolve jni (project :flutter_keyboard_visibility_temp_fork) (Thread[#39753,Execution worker Thread 28,5,main]) started.
[        ] Resolve mutations for :flutter_native_splash:mergeDebugJniLibFolders (Thread[#39753,Execution worker Thread 28,5,main]) started.
[        ] :flutter_native_splash:mergeDebugJniLibFolders (Thread[#39753,Execution worker Thread 28,5,main]) started.
[        ] > Task :flutter_native_splash:mergeDebugJniLibFolders UP-TO-DATE
[        ] Caching disabled for task ':flutter_native_splash:mergeDebugJniLibFolders' because:
[        ]   Build cache is disabled
[        ]   Simple merging task
[        ] Skipping task ':flutter_native_splash:mergeDebugJniLibFolders' as it is up-to-date.
[        ] Resolve mutations for :flutter_native_splash:mergeDebugNativeLibs (Thread[#39753,Execution worker Thread 28,5,main]) started.
[        ] :flutter_native_splash:mergeDebugNativeLibs (Thread[#39753,Execution worker Thread 28,5,main]) started.
[        ] > Task :flutter_native_splash:mergeDebugNativeLibs NO-SOURCE
[        ] Skipping task ':flutter_native_splash:mergeDebugNativeLibs' as it has no source files and no previous output files.
[        ] Resolve mutations for :flutter_native_splash:copyDebugJniLibsProjectOnly (Thread[#39753,Execution worker Thread 28,5,main]) started.
[        ] :flutter_native_splash:copyDebugJniLibsProjectOnly (Thread[#39753,Execution worker Thread 28,5,main]) started.
[        ] > Task :flutter_native_splash:copyDebugJniLibsProjectOnly UP-TO-DATE
[        ] Caching disabled for task ':flutter_native_splash:copyDebugJniLibsProjectOnly' because:
[        ]   Build cache is disabled
[        ]   Caching has been disabled for the task
[        ] Skipping task ':flutter_native_splash:copyDebugJniLibsProjectOnly' as it is up-to-date.
[        ] work action resolve jni (project :flutter_native_splash) (Thread[#39753,Execution worker Thread 28,5,main]) started.
[        ] Resolve mutations for :flutter_olm:preProfileBuild (Thread[#39753,Execution worker Thread 28,5,main]) started.
[        ] :flutter_olm:preProfileBuild (Thread[#39753,Execution worker Thread 28,5,main]) started.
[        ] > Task :flutter_olm:preProfileBuild UP-TO-DATE
[        ] Skipping task ':flutter_olm:preProfileBuild' as it has no actions.
[        ] Resolve mutations for :flutter_olm:configureCMakeDebug[arm64-v8a] (Thread[#39753,Execution worker Thread 28,5,main]) started.
[        ] :flutter_olm:configureCMakeDebug[arm64-v8a] (Thread[#39753,Execution worker Thread 28,5,main]) started.
[        ] > Task :flutter_olm:configureCMakeDebug[arm64-v8a]
[        ] Caching disabled for task ':flutter_olm:configureCMakeDebug[arm64-v8a]' because:
[        ]   Build cache is disabled
[        ]   Caching has been disabled for the task
[        ] Task ':flutter_olm:configureCMakeDebug[arm64-v8a]' is not up-to-date because:
[        ]   Task.upToDateWhen is false.
[        ] C/C++: /Users/florian/.pub-cache/hosted/pub.dev/flutter_olm-2.0.0/ios/CMakeLists.txt profile|arm64-v8a : Start JSON generation. Platform version: 21 min SDK version: arm64-v8a
[        ] C/C++: /Users/florian/.pub-cache/hosted/pub.dev/flutter_olm-2.0.0/ios/CMakeLists.txt profile|arm64-v8a : JSON '/Users/florian/.pub-cache/hosted/pub.dev/flutter_olm-2.0.0/android/.cxx/Debug/611a6669/arm64-v8a/android_gradle_build.json' was up-to-date
[        ] C/C++: /Users/florian/.pub-cache/hosted/pub.dev/flutter_olm-2.0.0/ios/CMakeLists.txt profile|arm64-v8a : JSON generation completed without problems
[        ] C/C++: /Users/florian/.pub-cache/hosted/pub.dev/flutter_olm-2.0.0/ios/CMakeLists.txt profile|arm64-v8a : Writing build model to /Users/florian/Code/substitution/build/flutter_olm/intermediates/cxx/Debug/611a6669/logs/arm64-v8a/build_model.json
[        ] Resolve mutations for :flutter_olm:buildCMakeDebug[arm64-v8a] (Thread[#39753,Execution worker Thread 28,5,main]) started.
[        ] :flutter_olm:buildCMakeDebug[arm64-v8a] (Thread[#39753,Execution worker Thread 28,5,main]) started.
[  +87 ms] > Task :flutter_olm:buildCMakeDebug[arm64-v8a]
[        ] Caching disabled for task ':flutter_olm:buildCMakeDebug[arm64-v8a]' because:
[        ]   Build cache is disabled
[        ]   Caching has been disabled for the task
[        ] Task ':flutter_olm:buildCMakeDebug[arm64-v8a]' is not up-to-date because:
[        ]   Task.upToDateWhen is false.
[        ] C/C++: starting build
[        ] C/C++: reading expected JSONs
[        ] C/C++: done reading expected JSONs
[        ] C/C++: executing build commands for targets that produce .so files or executables
[        ] C/C++: evaluate miniconfig
[        ] C/C++: evaluate library olm (arm64-v8a)
[        ] C/C++: building target library olm because no targets are specified.
[        ] C/C++: about to build targets olm
[        ] C/C++: Build olm
[        ] C/C++: /Users/florian/Library/Android/sdk/cmake/3.22.1/bin/ninja \
[        ]   -C \
[        ]   /Users/florian/.pub-cache/hosted/pub.dev/flutter_olm-2.0.0/android/.cxx/Debug/611a6669/arm64-v8a \
[        ]   olm
[        ] Starting process 'command '/Users/florian/Library/Android/sdk/cmake/3.22.1/bin/ninja''. Working directory: /Users/florian/.pub-cache/hosted/pub.dev/flutter_olm-2.0.0/android Command: /Users/florian/Library/Android/sdk/cmake/3.22.1/bin/ninja -C /Users/florian/.pub-cache/hosted/pub.dev/flutter_olm-2.0.0/android/.cxx/Debug/611a6669/arm64-v8a olm
[        ] Successfully started process 'command '/Users/florian/Library/Android/sdk/cmake/3.22.1/bin/ninja''
[        ] C/C++: Received process result: 0
[        ] C/C++: check expected build outputs
[        ] C/C++: build complete
[        ] Resolve mutations for :flutter_olm:configureCMakeDebug[armeabi-v7a] (Thread[#39753,Execution worker Thread 28,5,main]) started.
[        ] :flutter_olm:configureCMakeDebug[armeabi-v7a] (Thread[#39753,Execution worker Thread 28,5,main]) started.
[        ] > Task :flutter_olm:configureCMakeDebug[armeabi-v7a]
[        ] Caching disabled for task ':flutter_olm:configureCMakeDebug[armeabi-v7a]' because:
[        ]   Build cache is disabled
[        ]   Caching has been disabled for the task
[        ] Task ':flutter_olm:configureCMakeDebug[armeabi-v7a]' is not up-to-date because:
[        ]   Task.upToDateWhen is false.
[        ] C/C++: /Users/florian/.pub-cache/hosted/pub.dev/flutter_olm-2.0.0/ios/CMakeLists.txt profile|armeabi-v7a : Start JSON generation. Platform version: 21 min SDK version: armeabi-v7a
[        ] C/C++: /Users/florian/.pub-cache/hosted/pub.dev/flutter_olm-2.0.0/ios/CMakeLists.txt profile|armeabi-v7a : JSON '/Users/florian/.pub-cache/hosted/pub.dev/flutter_olm-2.0.0/android/.cxx/Debug/611a6669/armeabi-v7a/android_gradle_build.json' was up-to-date
[        ] C/C++: /Users/florian/.pub-cache/hosted/pub.dev/flutter_olm-2.0.0/ios/CMakeLists.txt profile|armeabi-v7a : JSON generation completed without problems
[        ] C/C++: /Users/florian/.pub-cache/hosted/pub.dev/flutter_olm-2.0.0/ios/CMakeLists.txt profile|armeabi-v7a : Writing build model to /Users/florian/Code/substitution/build/flutter_olm/intermediates/cxx/Debug/611a6669/logs/armeabi-v7a/build_model.json
[        ] Resolve mutations for :flutter_olm:buildCMakeDebug[armeabi-v7a] (Thread[#39753,Execution worker Thread 28,5,main]) started.
[        ] :flutter_olm:buildCMakeDebug[armeabi-v7a] (Thread[#39753,Execution worker Thread 28,5,main]) started.
[        ] > Task :flutter_olm:buildCMakeDebug[armeabi-v7a]
[        ] Caching disabled for task ':flutter_olm:buildCMakeDebug[armeabi-v7a]' because:
[        ]   Build cache is disabled
[        ]   Caching has been disabled for the task
[        ] Task ':flutter_olm:buildCMakeDebug[armeabi-v7a]' is not up-to-date because:
[        ]   Task.upToDateWhen is false.
[        ] C/C++: starting build
[        ] C/C++: reading expected JSONs
[        ] C/C++: done reading expected JSONs
[        ] C/C++: executing build commands for targets that produce .so files or executables
[        ] C/C++: evaluate miniconfig
[        ] C/C++: evaluate library olm (armeabi-v7a)
[        ] C/C++: building target library olm because no targets are specified.
[        ] C/C++: about to build targets olm
[        ] C/C++: Build olm
[        ] C/C++: /Users/florian/Library/Android/sdk/cmake/3.22.1/bin/ninja \
[        ]   -C \
[        ]   /Users/florian/.pub-cache/hosted/pub.dev/flutter_olm-2.0.0/android/.cxx/Debug/611a6669/armeabi-v7a \
[        ]   olm
[        ] Starting process 'command '/Users/florian/Library/Android/sdk/cmake/3.22.1/bin/ninja''. Working directory: /Users/florian/.pub-cache/hosted/pub.dev/flutter_olm-2.0.0/android Command: /Users/florian/Library/Android/sdk/cmake/3.22.1/bin/ninja -C /Users/florian/.pub-cache/hosted/pub.dev/flutter_olm-2.0.0/android/.cxx/Debug/611a6669/armeabi-v7a olm
[        ] Successfully started process 'command '/Users/florian/Library/Android/sdk/cmake/3.22.1/bin/ninja''
[        ] C/C++: Received process result: 0
[        ] C/C++: check expected build outputs
[        ] C/C++: build complete
[        ] Resolve mutations for :flutter_olm:configureCMakeDebug[x86] (Thread[#39753,Execution worker Thread 28,5,main]) started.
[        ] :flutter_olm:configureCMakeDebug[x86] (Thread[#39753,Execution worker Thread 28,5,main]) started.
[        ] > Task :flutter_olm:configureCMakeDebug[x86]
[        ] Caching disabled for task ':flutter_olm:configureCMakeDebug[x86]' because:
[        ]   Build cache is disabled
[        ]   Caching has been disabled for the task
[        ] Task ':flutter_olm:configureCMakeDebug[x86]' is not up-to-date because:
[        ]   Task.upToDateWhen is false.
[        ] C/C++: /Users/florian/.pub-cache/hosted/pub.dev/flutter_olm-2.0.0/ios/CMakeLists.txt profile|x86 : Start JSON generation. Platform version: 21 min SDK version: x86
[        ] C/C++: /Users/florian/.pub-cache/hosted/pub.dev/flutter_olm-2.0.0/ios/CMakeLists.txt profile|x86 : JSON '/Users/florian/.pub-cache/hosted/pub.dev/flutter_olm-2.0.0/android/.cxx/Debug/611a6669/x86/android_gradle_build.json' was up-to-date
[        ] C/C++: /Users/florian/.pub-cache/hosted/pub.dev/flutter_olm-2.0.0/ios/CMakeLists.txt profile|x86 : JSON generation completed without problems
[        ] C/C++: /Users/florian/.pub-cache/hosted/pub.dev/flutter_olm-2.0.0/ios/CMakeLists.txt profile|x86 : Writing build model to /Users/florian/Code/substitution/build/flutter_olm/intermediates/cxx/Debug/611a6669/logs/x86/build_model.json
[        ] Resolve mutations for :flutter_olm:buildCMakeDebug[x86] (Thread[#39753,Execution worker Thread 28,5,main]) started.
[        ] :flutter_olm:buildCMakeDebug[x86] (Thread[#39753,Execution worker Thread 28,5,main]) started.
[        ] > Task :flutter_olm:buildCMakeDebug[x86]
[        ] Caching disabled for task ':flutter_olm:buildCMakeDebug[x86]' because:
[        ]   Build cache is disabled
[        ]   Caching has been disabled for the task
[        ] Task ':flutter_olm:buildCMakeDebug[x86]' is not up-to-date because:
[        ]   Task.upToDateWhen is false.
[        ] C/C++: starting build
[        ] C/C++: reading expected JSONs
[        ] C/C++: done reading expected JSONs
[        ] C/C++: executing build commands for targets that produce .so files or executables
[        ] C/C++: evaluate miniconfig
[        ] C/C++: evaluate library olm (x86)
[        ] C/C++: building target library olm because no targets are specified.
[        ] C/C++: about to build targets olm
[        ] C/C++: Build olm
[        ] C/C++: /Users/florian/Library/Android/sdk/cmake/3.22.1/bin/ninja \
[        ]   -C \
[        ]   /Users/florian/.pub-cache/hosted/pub.dev/flutter_olm-2.0.0/android/.cxx/Debug/611a6669/x86 \
[        ]   olm
[        ] Starting process 'command '/Users/florian/Library/Android/sdk/cmake/3.22.1/bin/ninja''. Working directory: /Users/florian/.pub-cache/hosted/pub.dev/flutter_olm-2.0.0/android Command: /Users/florian/Library/Android/sdk/cmake/3.22.1/bin/ninja -C /Users/florian/.pub-cache/hosted/pub.dev/flutter_olm-2.0.0/android/.cxx/Debug/611a6669/x86 olm
[        ] Successfully started process 'command '/Users/florian/Library/Android/sdk/cmake/3.22.1/bin/ninja''
[        ] C/C++: Received process result: 0
[        ] C/C++: check expected build outputs
[        ] C/C++: build complete
[        ] Resolve mutations for :flutter_olm:configureCMakeDebug[x86_64] (Thread[#39753,Execution worker Thread 28,5,main]) started.
[        ] :flutter_olm:configureCMakeDebug[x86_64] (Thread[#39753,Execution worker Thread 28,5,main]) started.
[        ] > Task :flutter_olm:configureCMakeDebug[x86_64]
[        ] Caching disabled for task ':flutter_olm:configureCMakeDebug[x86_64]' because:
[        ]   Build cache is disabled
[        ]   Caching has been disabled for the task
[        ] Task ':flutter_olm:configureCMakeDebug[x86_64]' is not up-to-date because:
[        ]   Task.upToDateWhen is false.
[        ] C/C++: /Users/florian/.pub-cache/hosted/pub.dev/flutter_olm-2.0.0/ios/CMakeLists.txt profile|x86_64 : Start JSON generation. Platform version: 21 min SDK version: x86_64
[        ] C/C++: /Users/florian/.pub-cache/hosted/pub.dev/flutter_olm-2.0.0/ios/CMakeLists.txt profile|x86_64 : JSON '/Users/florian/.pub-cache/hosted/pub.dev/flutter_olm-2.0.0/android/.cxx/Debug/611a6669/x86_64/android_gradle_build.json' was up-to-date
[        ] C/C++: /Users/florian/.pub-cache/hosted/pub.dev/flutter_olm-2.0.0/ios/CMakeLists.txt profile|x86_64 : JSON generation completed without problems
[        ] C/C++: /Users/florian/.pub-cache/hosted/pub.dev/flutter_olm-2.0.0/ios/CMakeLists.txt profile|x86_64 : Writing build model to /Users/florian/Code/substitution/build/flutter_olm/intermediates/cxx/Debug/611a6669/logs/x86_64/build_model.json
[        ] Resolve mutations for :flutter_olm:buildCMakeDebug[x86_64] (Thread[#39753,Execution worker Thread 28,5,main]) started.
[        ] :flutter_olm:buildCMakeDebug[x86_64] (Thread[#39753,Execution worker Thread 28,5,main]) started.
[        ] > Task :flutter_olm:buildCMakeDebug[x86_64]
[        ] Caching disabled for task ':flutter_olm:buildCMakeDebug[x86_64]' because:
[        ]   Build cache is disabled
[        ]   Caching has been disabled for the task
[        ] Task ':flutter_olm:buildCMakeDebug[x86_64]' is not up-to-date because:
[        ]   Task.upToDateWhen is false.
[        ] C/C++: starting build
[        ] C/C++: reading expected JSONs
[        ] C/C++: done reading expected JSONs
[        ] C/C++: executing build commands for targets that produce .so files or executables
[        ] C/C++: evaluate miniconfig
[        ] C/C++: evaluate library olm (x86_64)
[        ] C/C++: building target library olm because no targets are specified.
[        ] C/C++: about to build targets olm
[        ] C/C++: Build olm
[        ] C/C++: /Users/florian/Library/Android/sdk/cmake/3.22.1/bin/ninja \
[        ]   -C \
[        ]   /Users/florian/.pub-cache/hosted/pub.dev/flutter_olm-2.0.0/android/.cxx/Debug/611a6669/x86_64 \
[        ]   olm
[        ] Starting process 'command '/Users/florian/Library/Android/sdk/cmake/3.22.1/bin/ninja''. Working directory: /Users/florian/.pub-cache/hosted/pub.dev/flutter_olm-2.0.0/android Command: /Users/florian/Library/Android/sdk/cmake/3.22.1/bin/ninja -C /Users/florian/.pub-cache/hosted/pub.dev/flutter_olm-2.0.0/android/.cxx/Debug/611a6669/x86_64 olm
[        ] Successfully started process 'command '/Users/florian/Library/Android/sdk/cmake/3.22.1/bin/ninja''
[        ] C/C++: Received process result: 0
[        ] C/C++: check expected build outputs
[        ] C/C++: build complete
[        ] Resolve mutations for :flutter_olm:mergeDebugJniLibFolders (Thread[#39753,Execution worker Thread 28,5,main]) started.
[        ] :flutter_olm:mergeDebugJniLibFolders (Thread[#39753,Execution worker Thread 28,5,main]) started.
[        ] > Task :flutter_olm:mergeDebugJniLibFolders UP-TO-DATE
[        ] Caching disabled for task ':flutter_olm:mergeDebugJniLibFolders' because:
[        ]   Build cache is disabled
[        ]   Simple merging task
[        ] Skipping task ':flutter_olm:mergeDebugJniLibFolders' as it is up-to-date.
[        ] Resolve mutations for :flutter_olm:mergeDebugNativeLibs (Thread[#39753,Execution worker Thread 28,5,main]) started.
[        ] :flutter_olm:mergeDebugNativeLibs (Thread[#39753,Execution worker Thread 28,5,main]) started.
[        ] > Task :flutter_olm:mergeDebugNativeLibs UP-TO-DATE
[        ] Caching disabled for task ':flutter_olm:mergeDebugNativeLibs' because:
[        ]   Build cache is disabled
[        ]   Caching has been disabled for the task
[        ] Skipping task ':flutter_olm:mergeDebugNativeLibs' as it is up-to-date.
[        ] Resolve mutations for :flutter_olm:copyDebugJniLibsProjectOnly (Thread[#39753,Execution worker Thread 28,5,main]) started.
[        ] :flutter_olm:copyDebugJniLibsProjectOnly (Thread[#39753,Execution worker Thread 28,5,main]) started.
[        ] > Task :flutter_olm:copyDebugJniLibsProjectOnly UP-TO-DATE
[        ] Caching disabled for task ':flutter_olm:copyDebugJniLibsProjectOnly' because:
[        ]   Build cache is disabled
[        ]   Caching has been disabled for the task
[        ] Skipping task ':flutter_olm:copyDebugJniLibsProjectOnly' as it is up-to-date.
[        ] work action resolve jni (project :flutter_olm) (Thread[#39753,Execution worker Thread 28,5,main]) started.
[        ] Resolve mutations for :flutter_openssl_crypto:preProfileBuild (Thread[#39753,Execution worker Thread 28,5,main]) started.
[        ] :flutter_openssl_crypto:preProfileBuild (Thread[#39753,Execution worker Thread 28,5,main]) started.
[        ] > Task :flutter_openssl_crypto:preProfileBuild UP-TO-DATE
[        ] Skipping task ':flutter_openssl_crypto:preProfileBuild' as it has no actions.
[        ] Resolve mutations for :flutter_openssl_crypto:configureCMakeDebug[arm64-v8a] (Thread[#39753,Execution worker Thread 28,5,main]) started.
[        ] :flutter_openssl_crypto:configureCMakeDebug[arm64-v8a] (Thread[#39753,Execution worker Thread 28,5,main]) started.
[        ] > Task :flutter_openssl_crypto:configureCMakeDebug[arm64-v8a]
[        ] Caching disabled for task ':flutter_openssl_crypto:configureCMakeDebug[arm64-v8a]' because:
[        ]   Build cache is disabled
[        ]   Caching has been disabled for the task
[        ] Task ':flutter_openssl_crypto:configureCMakeDebug[arm64-v8a]' is not up-to-date because:
[        ]   Task.upToDateWhen is false.
[        ] C/C++: /Users/florian/.pub-cache/hosted/pub.dev/flutter_openssl_crypto-0.5.0/android/CMakeLists.txt profile|arm64-v8a : Start JSON generation. Platform version: 21 min SDK version: arm64-v8a
[        ] C/C++: /Users/florian/.pub-cache/hosted/pub.dev/flutter_openssl_crypto-0.5.0/android/CMakeLists.txt profile|arm64-v8a : JSON '/Users/florian/.pub-cache/hosted/pub.dev/flutter_openssl_crypto-0.5.0/android/.cxx/Debug/42n1p1e4/arm64-v8a/android_gradle_build.json' was up-to-date
[        ] C/C++: /Users/florian/.pub-cache/hosted/pub.dev/flutter_openssl_crypto-0.5.0/android/CMakeLists.txt profile|arm64-v8a : JSON generation completed without problems
[        ] C/C++: /Users/florian/.pub-cache/hosted/pub.dev/flutter_openssl_crypto-0.5.0/android/CMakeLists.txt profile|arm64-v8a : Writing build model to /Users/florian/Code/substitution/build/flutter_openssl_crypto/intermediates/cxx/Debug/42n1p1e4/logs/arm64-v8a/build_model.json
[        ] Resolve mutations for :flutter_openssl_crypto:buildCMakeDebug[arm64-v8a] (Thread[#39753,Execution worker Thread 28,5,main]) started.
[        ] :flutter_openssl_crypto:buildCMakeDebug[arm64-v8a] (Thread[#39753,Execution worker Thread 28,5,main]) started.
[        ] > Task :flutter_openssl_crypto:buildCMakeDebug[arm64-v8a]
[        ] Caching disabled for task ':flutter_openssl_crypto:buildCMakeDebug[arm64-v8a]' because:
[        ]   Build cache is disabled
[        ]   Caching has been disabled for the task
[        ] Task ':flutter_openssl_crypto:buildCMakeDebug[arm64-v8a]' is not up-to-date because:
[        ]   Task.upToDateWhen is false.
[        ] C/C++: starting build
[        ] C/C++: reading expected JSONs
[        ] C/C++: done reading expected JSONs
[        ] C/C++: executing build commands for targets that produce .so files or executables
[        ] C/C++: evaluate miniconfig
[        ] C/C++: evaluate library flutter_openssl_crypto (arm64-v8a)
[        ] C/C++: building target library flutter_openssl_crypto because no targets are specified.
[        ] C/C++: about to build targets flutter_openssl_crypto
[        ] C/C++: Build flutter_openssl_crypto
[        ] C/C++: /Users/florian/Library/Android/sdk/cmake/3.22.1/bin/ninja \
[        ]   -C \
[        ]   /Users/florian/.pub-cache/hosted/pub.dev/flutter_openssl_crypto-0.5.0/android/.cxx/Debug/42n1p1e4/arm64-v8a \
[        ]   flutter_openssl_crypto
[        ] Starting process 'command '/Users/florian/Library/Android/sdk/cmake/3.22.1/bin/ninja''. Working directory: /Users/florian/.pub-cache/hosted/pub.dev/flutter_openssl_crypto-0.5.0/android Command: /Users/florian/Library/Android/sdk/cmake/3.22.1/bin/ninja -C /Users/florian/.pub-cache/hosted/pub.dev/flutter_openssl_crypto-0.5.0/android/.cxx/Debug/42n1p1e4/arm64-v8a flutter_openssl_crypto
[        ] Successfully started process 'command '/Users/florian/Library/Android/sdk/cmake/3.22.1/bin/ninja''
[        ] C/C++: Received process result: 0
[        ] C/C++: check expected build outputs
[        ] C/C++: build complete
[        ] Resolve mutations for :flutter_openssl_crypto:configureCMakeDebug[armeabi-v7a] (Thread[#39753,Execution worker Thread 28,5,main]) started.
[        ] :flutter_openssl_crypto:configureCMakeDebug[armeabi-v7a] (Thread[#39753,Execution worker Thread 28,5,main]) started.
[        ] > Task :flutter_openssl_crypto:configureCMakeDebug[armeabi-v7a]
[        ] Caching disabled for task ':flutter_openssl_crypto:configureCMakeDebug[armeabi-v7a]' because:
[        ]   Build cache is disabled
[        ]   Caching has been disabled for the task
[        ] Task ':flutter_openssl_crypto:configureCMakeDebug[armeabi-v7a]' is not up-to-date because:
[        ]   Task.upToDateWhen is false.
[        ] C/C++: /Users/florian/.pub-cache/hosted/pub.dev/flutter_openssl_crypto-0.5.0/android/CMakeLists.txt profile|armeabi-v7a : Start JSON generation. Platform version: 21 min SDK version: armeabi-v7a
[        ] C/C++: /Users/florian/.pub-cache/hosted/pub.dev/flutter_openssl_crypto-0.5.0/android/CMakeLists.txt profile|armeabi-v7a : JSON '/Users/florian/.pub-cache/hosted/pub.dev/flutter_openssl_crypto-0.5.0/android/.cxx/Debug/42n1p1e4/armeabi-v7a/android_gradle_build.json' was up-to-date
[        ] C/C++: /Users/florian/.pub-cache/hosted/pub.dev/flutter_openssl_crypto-0.5.0/android/CMakeLists.txt profile|armeabi-v7a : JSON generation completed without problems
[        ] C/C++: /Users/florian/.pub-cache/hosted/pub.dev/flutter_openssl_crypto-0.5.0/android/CMakeLists.txt profile|armeabi-v7a : Writing build model to /Users/florian/Code/substitution/build/flutter_openssl_crypto/intermediates/cxx/Debug/42n1p1e4/logs/armeabi-v7a/build_model.json
[        ] Resolve mutations for :flutter_openssl_crypto:buildCMakeDebug[armeabi-v7a] (Thread[#39753,Execution worker Thread 28,5,main]) started.
[        ] :flutter_openssl_crypto:buildCMakeDebug[armeabi-v7a] (Thread[#39753,Execution worker Thread 28,5,main]) started.
[        ] > Task :flutter_openssl_crypto:buildCMakeDebug[armeabi-v7a]
[        ] Caching disabled for task ':flutter_openssl_crypto:buildCMakeDebug[armeabi-v7a]' because:
[        ]   Build cache is disabled
[        ]   Caching has been disabled for the task
[        ] Task ':flutter_openssl_crypto:buildCMakeDebug[armeabi-v7a]' is not up-to-date because:
[        ]   Task.upToDateWhen is false.
[        ] C/C++: starting build
[        ] C/C++: reading expected JSONs
[        ] C/C++: done reading expected JSONs
[        ] C/C++: executing build commands for targets that produce .so files or executables
[        ] C/C++: evaluate miniconfig
[        ] C/C++: evaluate library flutter_openssl_crypto (armeabi-v7a)
[        ] C/C++: building target library flutter_openssl_crypto because no targets are specified.
[        ] C/C++: about to build targets flutter_openssl_crypto
[        ] C/C++: Build flutter_openssl_crypto
[        ] C/C++: /Users/florian/Library/Android/sdk/cmake/3.22.1/bin/ninja \
[        ]   -C \
[        ]   /Users/florian/.pub-cache/hosted/pub.dev/flutter_openssl_crypto-0.5.0/android/.cxx/Debug/42n1p1e4/armeabi-v7a \
[        ]   flutter_openssl_crypto
[        ] Starting process 'command '/Users/florian/Library/Android/sdk/cmake/3.22.1/bin/ninja''. Working directory: /Users/florian/.pub-cache/hosted/pub.dev/flutter_openssl_crypto-0.5.0/android Command: /Users/florian/Library/Android/sdk/cmake/3.22.1/bin/ninja -C /Users/florian/.pub-cache/hosted/pub.dev/flutter_openssl_crypto-0.5.0/android/.cxx/Debug/42n1p1e4/armeabi-v7a flutter_openssl_crypto
[        ] Successfully started process 'command '/Users/florian/Library/Android/sdk/cmake/3.22.1/bin/ninja''
[        ] C/C++: Received process result: 0
[        ] C/C++: check expected build outputs
[        ] C/C++: build complete
[        ] Resolve mutations for :flutter_openssl_crypto:configureCMakeDebug[x86] (Thread[#39753,Execution worker Thread 28,5,main]) started.
[        ] :flutter_openssl_crypto:configureCMakeDebug[x86] (Thread[#39753,Execution worker Thread 28,5,main]) started.
[        ] > Task :flutter_openssl_crypto:configureCMakeDebug[x86]
[        ] Caching disabled for task ':flutter_openssl_crypto:configureCMakeDebug[x86]' because:
[        ]   Build cache is disabled
[        ]   Caching has been disabled for the task
[        ] Task ':flutter_openssl_crypto:configureCMakeDebug[x86]' is not up-to-date because:
[        ]   Task.upToDateWhen is false.
[        ] C/C++: /Users/florian/.pub-cache/hosted/pub.dev/flutter_openssl_crypto-0.5.0/android/CMakeLists.txt profile|x86 : Start JSON generation. Platform version: 21 min SDK version: x86
[        ] C/C++: /Users/florian/.pub-cache/hosted/pub.dev/flutter_openssl_crypto-0.5.0/android/CMakeLists.txt profile|x86 : JSON '/Users/florian/.pub-cache/hosted/pub.dev/flutter_openssl_crypto-0.5.0/android/.cxx/Debug/42n1p1e4/x86/android_gradle_build.json' was up-to-date
[        ] C/C++: /Users/florian/.pub-cache/hosted/pub.dev/flutter_openssl_crypto-0.5.0/android/CMakeLists.txt profile|x86 : JSON generation completed without problems
[        ] C/C++: /Users/florian/.pub-cache/hosted/pub.dev/flutter_openssl_crypto-0.5.0/android/CMakeLists.txt profile|x86 : Writing build model to /Users/florian/Code/substitution/build/flutter_openssl_crypto/intermediates/cxx/Debug/42n1p1e4/logs/x86/build_model.json
[        ] Resolve mutations for :flutter_openssl_crypto:buildCMakeDebug[x86] (Thread[#39753,Execution worker Thread 28,5,main]) started.
[        ] :flutter_openssl_crypto:buildCMakeDebug[x86] (Thread[#39753,Execution worker Thread 28,5,main]) started.
[        ] > Task :flutter_openssl_crypto:buildCMakeDebug[x86]
[        ] Caching disabled for task ':flutter_openssl_crypto:buildCMakeDebug[x86]' because:
[        ]   Build cache is disabled
[        ]   Caching has been disabled for the task
[        ] Task ':flutter_openssl_crypto:buildCMakeDebug[x86]' is not up-to-date because:
[        ]   Task.upToDateWhen is false.
[        ] C/C++: starting build
[        ] C/C++: reading expected JSONs
[        ] C/C++: done reading expected JSONs
[        ] C/C++: executing build commands for targets that produce .so files or executables
[        ] C/C++: evaluate miniconfig
[        ] C/C++: evaluate library flutter_openssl_crypto (x86)
[        ] C/C++: building target library flutter_openssl_crypto because no targets are specified.
[        ] C/C++: about to build targets flutter_openssl_crypto
[        ] C/C++: Build flutter_openssl_crypto
[        ] C/C++: /Users/florian/Library/Android/sdk/cmake/3.22.1/bin/ninja \
[        ]   -C \
[        ]   /Users/florian/.pub-cache/hosted/pub.dev/flutter_openssl_crypto-0.5.0/android/.cxx/Debug/42n1p1e4/x86 \
[        ]   flutter_openssl_crypto
[        ] Starting process 'command '/Users/florian/Library/Android/sdk/cmake/3.22.1/bin/ninja''. Working directory: /Users/florian/.pub-cache/hosted/pub.dev/flutter_openssl_crypto-0.5.0/android Command: /Users/florian/Library/Android/sdk/cmake/3.22.1/bin/ninja -C /Users/florian/.pub-cache/hosted/pub.dev/flutter_openssl_crypto-0.5.0/android/.cxx/Debug/42n1p1e4/x86 flutter_openssl_crypto
[        ] Successfully started process 'command '/Users/florian/Library/Android/sdk/cmake/3.22.1/bin/ninja''
[        ] C/C++: Received process result: 0
[        ] C/C++: check expected build outputs
[        ] C/C++: build complete
[        ] Resolve mutations for :flutter_openssl_crypto:configureCMakeDebug[x86_64] (Thread[#39753,Execution worker Thread 28,5,main]) started.
[        ] :flutter_openssl_crypto:configureCMakeDebug[x86_64] (Thread[#39753,Execution worker Thread 28,5,main]) started.
[        ] > Task :flutter_openssl_crypto:configureCMakeDebug[x86_64]
[        ] Caching disabled for task ':flutter_openssl_crypto:configureCMakeDebug[x86_64]' because:
[        ]   Build cache is disabled
[        ]   Caching has been disabled for the task
[        ] Task ':flutter_openssl_crypto:configureCMakeDebug[x86_64]' is not up-to-date because:
[        ]   Task.upToDateWhen is false.
[        ] C/C++: /Users/florian/.pub-cache/hosted/pub.dev/flutter_openssl_crypto-0.5.0/android/CMakeLists.txt profile|x86_64 : Start JSON generation. Platform version: 21 min SDK version: x86_64
[        ] C/C++: /Users/florian/.pub-cache/hosted/pub.dev/flutter_openssl_crypto-0.5.0/android/CMakeLists.txt profile|x86_64 : JSON '/Users/florian/.pub-cache/hosted/pub.dev/flutter_openssl_crypto-0.5.0/android/.cxx/Debug/42n1p1e4/x86_64/android_gradle_build.json' was up-to-date
[        ] C/C++: /Users/florian/.pub-cache/hosted/pub.dev/flutter_openssl_crypto-0.5.0/android/CMakeLists.txt profile|x86_64 : JSON generation completed without problems
[        ] C/C++: /Users/florian/.pub-cache/hosted/pub.dev/flutter_openssl_crypto-0.5.0/android/CMakeLists.txt profile|x86_64 : Writing build model to /Users/florian/Code/substitution/build/flutter_openssl_crypto/intermediates/cxx/Debug/42n1p1e4/logs/x86_64/build_model.json
[        ] Resolve mutations for :flutter_openssl_crypto:buildCMakeDebug[x86_64] (Thread[#39753,Execution worker Thread 28,5,main]) started.
[        ] :flutter_openssl_crypto:buildCMakeDebug[x86_64] (Thread[#39753,Execution worker Thread 28,5,main]) started.
[        ] > Task :flutter_openssl_crypto:buildCMakeDebug[x86_64]
[        ] Caching disabled for task ':flutter_openssl_crypto:buildCMakeDebug[x86_64]' because:
[        ]   Build cache is disabled
[        ]   Caching has been disabled for the task
[        ] Task ':flutter_openssl_crypto:buildCMakeDebug[x86_64]' is not up-to-date because:
[        ]   Task.upToDateWhen is false.
[        ] C/C++: starting build
[        ] C/C++: reading expected JSONs
[        ] C/C++: done reading expected JSONs
[        ] C/C++: executing build commands for targets that produce .so files or executables
[        ] C/C++: evaluate miniconfig
[        ] C/C++: evaluate library flutter_openssl_crypto (x86_64)
[        ] C/C++: building target library flutter_openssl_crypto because no targets are specified.
[        ] C/C++: about to build targets flutter_openssl_crypto
[        ] C/C++: Build flutter_openssl_crypto
[        ] C/C++: /Users/florian/Library/Android/sdk/cmake/3.22.1/bin/ninja \
[        ]   -C \
[        ]   /Users/florian/.pub-cache/hosted/pub.dev/flutter_openssl_crypto-0.5.0/android/.cxx/Debug/42n1p1e4/x86_64 \
[        ]   flutter_openssl_crypto
[        ] Starting process 'command '/Users/florian/Library/Android/sdk/cmake/3.22.1/bin/ninja''. Working directory: /Users/florian/.pub-cache/hosted/pub.dev/flutter_openssl_crypto-0.5.0/android Command: /Users/florian/Library/Android/sdk/cmake/3.22.1/bin/ninja -C /Users/florian/.pub-cache/hosted/pub.dev/flutter_openssl_crypto-0.5.0/android/.cxx/Debug/42n1p1e4/x86_64 flutter_openssl_crypto
[        ] Successfully started process 'command '/Users/florian/Library/Android/sdk/cmake/3.22.1/bin/ninja''
[        ] C/C++: Received process result: 0
[        ] C/C++: check expected build outputs
[        ] C/C++: build complete
[        ] Resolve mutations for :flutter_openssl_crypto:mergeDebugJniLibFolders (Thread[#39753,Execution worker Thread 28,5,main]) started.
[        ] :flutter_openssl_crypto:mergeDebugJniLibFolders (Thread[#39753,Execution worker Thread 28,5,main]) started.
[        ] > Task :flutter_openssl_crypto:mergeDebugJniLibFolders UP-TO-DATE
[        ] Caching disabled for task ':flutter_openssl_crypto:mergeDebugJniLibFolders' because:
[        ]   Build cache is disabled
[        ]   Simple merging task
[        ] Skipping task ':flutter_openssl_crypto:mergeDebugJniLibFolders' as it is up-to-date.
[        ] Resolve mutations for :flutter_openssl_crypto:mergeDebugNativeLibs (Thread[#39753,Execution worker Thread 28,5,main]) started.
[        ] :flutter_openssl_crypto:mergeDebugNativeLibs (Thread[#39753,Execution worker Thread 28,5,main]) started.
[        ] > Task :flutter_openssl_crypto:mergeDebugNativeLibs UP-TO-DATE
[        ] Caching disabled for task ':flutter_openssl_crypto:mergeDebugNativeLibs' because:
[        ]   Build cache is disabled
[        ]   Caching has been disabled for the task
[        ] Skipping task ':flutter_openssl_crypto:mergeDebugNativeLibs' as it is up-to-date.
[        ] Resolve mutations for :flutter_openssl_crypto:copyDebugJniLibsProjectOnly (Thread[#39753,Execution worker Thread 28,5,main]) started.
[        ] :flutter_openssl_crypto:copyDebugJniLibsProjectOnly (Thread[#39753,Execution worker Thread 28,5,main]) started.
[        ] > Task :flutter_openssl_crypto:copyDebugJniLibsProjectOnly UP-TO-DATE
[        ] Caching disabled for task ':flutter_openssl_crypto:copyDebugJniLibsProjectOnly' because:
[        ]   Build cache is disabled
[        ]   Caching has been disabled for the task
[        ] Skipping task ':flutter_openssl_crypto:copyDebugJniLibsProjectOnly' as it is up-to-date.
[        ] work action resolve jni (project :flutter_openssl_crypto) (Thread[#39753,Execution worker Thread 28,5,main]) started.
[        ] Resolve mutations for :integration_test:mergeDebugJniLibFolders (Thread[#39753,Execution worker Thread 28,5,main]) started.
[        ] :integration_test:mergeDebugJniLibFolders (Thread[#39753,Execution worker Thread 28,5,main]) started.
[        ] > Task :integration_test:mergeDebugJniLibFolders UP-TO-DATE
[        ] Caching disabled for task ':integration_test:mergeDebugJniLibFolders' because:
[        ]   Build cache is disabled
[        ]   Simple merging task
[        ] Skipping task ':integration_test:mergeDebugJniLibFolders' as it is up-to-date.
[        ] Resolve mutations for :integration_test:mergeDebugNativeLibs (Thread[#39753,Execution worker Thread 28,5,main]) started.
[        ] :integration_test:mergeDebugNativeLibs (Thread[#39753,Execution worker Thread 28,5,main]) started.
[        ] > Task :integration_test:mergeDebugNativeLibs NO-SOURCE
[        ] Skipping task ':integration_test:mergeDebugNativeLibs' as it has no source files and no previous output files.
[        ] Resolve mutations for :integration_test:copyDebugJniLibsProjectOnly (Thread[#39753,Execution worker Thread 28,5,main]) started.
[        ] :integration_test:copyDebugJniLibsProjectOnly (Thread[#39753,Execution worker Thread 28,5,main]) started.
[        ] > Task :integration_test:copyDebugJniLibsProjectOnly UP-TO-DATE
[        ] Caching disabled for task ':integration_test:copyDebugJniLibsProjectOnly' because:
[        ]   Build cache is disabled
[        ]   Caching has been disabled for the task
[        ] Skipping task ':integration_test:copyDebugJniLibsProjectOnly' as it is up-to-date.
[        ] work action resolve jni (project :integration_test) (Thread[#39753,Execution worker Thread 28,5,main]) started.
[        ] Resolve mutations for :path_provider_android:mergeDebugJniLibFolders (Thread[#39753,Execution worker Thread 28,5,main]) started.
[        ] :path_provider_android:mergeDebugJniLibFolders (Thread[#39753,Execution worker Thread 28,5,main]) started.
[        ] > Task :path_provider_android:mergeDebugJniLibFolders UP-TO-DATE
[        ] Caching disabled for task ':path_provider_android:mergeDebugJniLibFolders' because:
[        ]   Build cache is disabled
[        ]   Simple merging task
[        ] Skipping task ':path_provider_android:mergeDebugJniLibFolders' as it is up-to-date.
[        ] Resolve mutations for :path_provider_android:mergeDebugNativeLibs (Thread[#39753,Execution worker Thread 28,5,main]) started.
[        ] :path_provider_android:mergeDebugNativeLibs (Thread[#39753,Execution worker Thread 28,5,main]) started.
[        ] > Task :path_provider_android:mergeDebugNativeLibs NO-SOURCE
[        ] Skipping task ':path_provider_android:mergeDebugNativeLibs' as it has no source files and no previous output files.
[        ] Resolve mutations for :path_provider_android:copyDebugJniLibsProjectOnly (Thread[#39753,Execution worker Thread 28,5,main]) started.
[        ] :path_provider_android:copyDebugJniLibsProjectOnly (Thread[#39753,Execution worker Thread 28,5,main]) started.
[        ] > Task :path_provider_android:copyDebugJniLibsProjectOnly UP-TO-DATE
[        ] Caching disabled for task ':path_provider_android:copyDebugJniLibsProjectOnly' because:
[        ]   Build cache is disabled
[        ]   Caching has been disabled for the task
[        ] Skipping task ':path_provider_android:copyDebugJniLibsProjectOnly' as it is up-to-date.
[        ] work action resolve jni (project :path_provider_android) (Thread[#39753,Execution worker Thread 28,5,main]) started.
[        ] Resolve mutations for :quill_native_bridge_android:mergeDebugJniLibFolders (Thread[#39753,Execution worker Thread 28,5,main]) started.
[        ] :quill_native_bridge_android:mergeDebugJniLibFolders (Thread[#39753,Execution worker Thread 28,5,main]) started.
[        ] > Task :quill_native_bridge_android:mergeDebugJniLibFolders UP-TO-DATE
[        ] Caching disabled for task ':quill_native_bridge_android:mergeDebugJniLibFolders' because:
[        ]   Build cache is disabled
[        ]   Simple merging task
[        ] Skipping task ':quill_native_bridge_android:mergeDebugJniLibFolders' as it is up-to-date.
[        ] Resolve mutations for :quill_native_bridge_android:mergeDebugNativeLibs (Thread[#39753,Execution worker Thread 28,5,main]) started.
[        ] :quill_native_bridge_android:mergeDebugNativeLibs (Thread[#39753,Execution worker Thread 28,5,main]) started.
[        ] > Task :quill_native_bridge_android:mergeDebugNativeLibs NO-SOURCE
[        ] Skipping task ':quill_native_bridge_android:mergeDebugNativeLibs' as it has no source files and no previous output files.
[        ] Resolve mutations for :quill_native_bridge_android:copyDebugJniLibsProjectOnly (Thread[#39753,Execution worker Thread 28,5,main]) started.
[        ] :quill_native_bridge_android:copyDebugJniLibsProjectOnly (Thread[#39753,Execution worker Thread 28,5,main]) started.
[        ] > Task :quill_native_bridge_android:copyDebugJniLibsProjectOnly UP-TO-DATE
[        ] Caching disabled for task ':quill_native_bridge_android:copyDebugJniLibsProjectOnly' because:
[        ]   Build cache is disabled
[        ]   Caching has been disabled for the task
[        ] Skipping task ':quill_native_bridge_android:copyDebugJniLibsProjectOnly' as it is up-to-date.
[        ] work action resolve jni (project :quill_native_bridge_android) (Thread[#39753,Execution worker Thread 28,5,main]) started.
[        ] Resolve mutations for :shared_preferences_android:mergeDebugJniLibFolders (Thread[#39753,Execution worker Thread 28,5,main]) started.
[        ] :shared_preferences_android:mergeDebugJniLibFolders (Thread[#39753,Execution worker Thread 28,5,main]) started.
[        ] > Task :shared_preferences_android:mergeDebugJniLibFolders UP-TO-DATE
[        ] Caching disabled for task ':shared_preferences_android:mergeDebugJniLibFolders' because:
[        ]   Build cache is disabled
[        ]   Simple merging task
[        ] Skipping task ':shared_preferences_android:mergeDebugJniLibFolders' as it is up-to-date.
[        ] Resolve mutations for :shared_preferences_android:mergeDebugNativeLibs (Thread[#39753,Execution worker Thread 28,5,main]) started.
[        ] :shared_preferences_android:mergeDebugNativeLibs (Thread[#39753,Execution worker Thread 28,5,main]) started.
[        ] > Task :shared_preferences_android:mergeDebugNativeLibs NO-SOURCE
[        ] Skipping task ':shared_preferences_android:mergeDebugNativeLibs' as it has no source files and no previous output files.
[        ] Resolve mutations for :shared_preferences_android:copyDebugJniLibsProjectOnly (Thread[#39753,Execution worker Thread 28,5,main]) started.
[        ] :shared_preferences_android:copyDebugJniLibsProjectOnly (Thread[#39753,Execution worker Thread 28,5,main]) started.
[        ] > Task :shared_preferences_android:copyDebugJniLibsProjectOnly UP-TO-DATE
[        ] Caching disabled for task ':shared_preferences_android:copyDebugJniLibsProjectOnly' because:
[        ]   Build cache is disabled
[        ]   Caching has been disabled for the task
[        ] Skipping task ':shared_preferences_android:copyDebugJniLibsProjectOnly' as it is up-to-date.
[        ] work action resolve jni (project :shared_preferences_android) (Thread[#39753,Execution worker Thread 28,5,main]) started.
[        ] Resolve mutations for :sqflite_android:mergeDebugJniLibFolders (Thread[#39753,Execution worker Thread 28,5,main]) started.
[        ] :sqflite_android:mergeDebugJniLibFolders (Thread[#39753,Execution worker Thread 28,5,main]) started.
[        ] > Task :sqflite_android:mergeDebugJniLibFolders UP-TO-DATE
[        ] Caching disabled for task ':sqflite_android:mergeDebugJniLibFolders' because:
[        ]   Build cache is disabled
[        ]   Simple merging task
[        ] Skipping task ':sqflite_android:mergeDebugJniLibFolders' as it is up-to-date.
[        ] Resolve mutations for :sqflite_android:mergeDebugNativeLibs (Thread[#39753,Execution worker Thread 28,5,main]) started.
[        ] :sqflite_android:mergeDebugNativeLibs (Thread[#39753,Execution worker Thread 28,5,main]) started.
[        ] > Task :sqflite_android:mergeDebugNativeLibs NO-SOURCE
[        ] Skipping task ':sqflite_android:mergeDebugNativeLibs' as it has no source files and no previous output files.
[        ] Resolve mutations for :sqflite_android:copyDebugJniLibsProjectOnly (Thread[#39753,Execution worker Thread 28,5,main]) started.
[        ] :sqflite_android:copyDebugJniLibsProjectOnly (Thread[#39753,Execution worker Thread 28,5,main]) started.
[        ] > Task :sqflite_android:copyDebugJniLibsProjectOnly UP-TO-DATE
[        ] Caching disabled for task ':sqflite_android:copyDebugJniLibsProjectOnly' because:
[        ]   Build cache is disabled
[        ]   Caching has been disabled for the task
[        ] Skipping task ':sqflite_android:copyDebugJniLibsProjectOnly' as it is up-to-date.
[        ] work action resolve jni (project :sqflite_android) (Thread[#39753,Execution worker Thread 28,5,main]) started.
[        ] Resolve mutations for :url_launcher_android:mergeDebugJniLibFolders (Thread[#39753,Execution worker Thread 28,5,main]) started.
[        ] :url_launcher_android:mergeDebugJniLibFolders (Thread[#39753,Execution worker Thread 28,5,main]) started.
[        ] > Task :url_launcher_android:mergeDebugJniLibFolders UP-TO-DATE
[        ] Caching disabled for task ':url_launcher_android:mergeDebugJniLibFolders' because:
[        ]   Build cache is disabled
[        ]   Simple merging task
[        ] Skipping task ':url_launcher_android:mergeDebugJniLibFolders' as it is up-to-date.
[        ] Resolve mutations for :url_launcher_android:mergeDebugNativeLibs (Thread[#39753,Execution worker Thread 28,5,main]) started.
[        ] :url_launcher_android:mergeDebugNativeLibs (Thread[#39753,Execution worker Thread 28,5,main]) started.
[        ] > Task :url_launcher_android:mergeDebugNativeLibs NO-SOURCE
[        ] Skipping task ':url_launcher_android:mergeDebugNativeLibs' as it has no source files and no previous output files.
[        ] Resolve mutations for :url_launcher_android:copyDebugJniLibsProjectOnly (Thread[#39753,Execution worker Thread 28,5,main]) started.
[        ] :url_launcher_android:copyDebugJniLibsProjectOnly (Thread[#39753,Execution worker Thread 28,5,main]) started.
[        ] > Task :url_launcher_android:copyDebugJniLibsProjectOnly UP-TO-DATE
[        ] Caching disabled for task ':url_launcher_android:copyDebugJniLibsProjectOnly' because:
[        ]   Build cache is disabled
[        ]   Caching has been disabled for the task
[        ] Skipping task ':url_launcher_android:copyDebugJniLibsProjectOnly' as it is up-to-date.
[        ] work action resolve jni (project :url_launcher_android) (Thread[#39753,Execution worker Thread 28,5,main]) started.
[        ] Resolve mutations for :video_player_android:mergeDebugJniLibFolders (Thread[#39753,Execution worker Thread 28,5,main]) started.
[        ] :video_player_android:mergeDebugJniLibFolders (Thread[#39753,Execution worker Thread 28,5,main]) started.
[        ] > Task :video_player_android:mergeDebugJniLibFolders UP-TO-DATE
[        ] Caching disabled for task ':video_player_android:mergeDebugJniLibFolders' because:
[        ]   Build cache is disabled
[        ]   Simple merging task
[        ] Skipping task ':video_player_android:mergeDebugJniLibFolders' as it is up-to-date.
[        ] Resolve mutations for :video_player_android:mergeDebugNativeLibs (Thread[#39753,Execution worker Thread 28,5,main]) started.
[        ] :video_player_android:mergeDebugNativeLibs (Thread[#39753,Execution worker Thread 28,5,main]) started.
[        ] > Task :video_player_android:mergeDebugNativeLibs NO-SOURCE
[        ] Skipping task ':video_player_android:mergeDebugNativeLibs' as it has no source files and no previous output files.
[        ] Resolve mutations for :video_player_android:copyDebugJniLibsProjectOnly (Thread[#39753,Execution worker Thread 28,5,main]) started.
[        ] :video_player_android:copyDebugJniLibsProjectOnly (Thread[#39753,Execution worker Thread 28,5,main]) started.
[        ] > Task :video_player_android:copyDebugJniLibsProjectOnly UP-TO-DATE
[        ] Caching disabled for task ':video_player_android:copyDebugJniLibsProjectOnly' because:
[        ]   Build cache is disabled
[        ]   Caching has been disabled for the task
[        ] Skipping task ':video_player_android:copyDebugJniLibsProjectOnly' as it is up-to-date.
[        ] work action resolve jni (project :video_player_android) (Thread[#39753,Execution worker Thread 28,5,main]) started.
[        ] Resolve mutations for :app:mergeDebugNativeLibs (Thread[#39753,Execution worker Thread 28,5,main]) started.
[        ] :app:mergeDebugNativeLibs (Thread[#39753,Execution worker Thread 28,5,main]) started.
[        ] > Task :app:mergeDebugNativeLibs UP-TO-DATE
[        ] Caching disabled for task ':app:mergeDebugNativeLibs' because:
[        ]   Build cache is disabled
[        ]   Caching has been disabled for the task
[        ] Skipping task ':app:mergeDebugNativeLibs' as it is up-to-date.
[        ] Resolve mutations for :app:stripDebugDebugSymbols (Thread[#39753,Execution worker Thread 28,5,main]) started.
[        ] :app:stripDebugDebugSymbols (Thread[#39753,Execution worker Thread 28,5,main]) started.
[        ] > Task :app:stripDebugDebugSymbols UP-TO-DATE
[        ] Caching disabled for task ':app:stripDebugDebugSymbols' because:
[        ]   Build cache is disabled
[        ]   Caching has been disabled for the task
[        ] Skipping task ':app:stripDebugDebugSymbols' as it is up-to-date.
[        ] Resolve mutations for :app:validateSigningDebug (Thread[#39753,Execution worker Thread 28,5,main]) started.
[        ] :app:validateSigningDebug (Thread[#39753,Execution worker Thread 28,5,main]) started.
[        ] > Task :app:validateSigningDebug UP-TO-DATE
[        ] Caching disabled for task ':app:validateSigningDebug' because:
[        ]   Build cache is disabled
[        ]   Caching has been disabled for the task
[        ] Skipping task ':app:validateSigningDebug' as it is up-to-date.
[        ] Resolve mutations for :app:writeDebugAppMetadata (Thread[#39753,Execution worker Thread 28,5,main]) started.
[        ] :app:writeDebugAppMetadata (Thread[#39753,Execution worker Thread 28,5,main]) started.
[        ] > Task :app:writeDebugAppMetadata UP-TO-DATE
[        ] Caching disabled for task ':app:writeDebugAppMetadata' because:
[        ]   Build cache is disabled
[        ]   Caching has been disabled for the task
[        ] Skipping task ':app:writeDebugAppMetadata' as it is up-to-date.
[  +99 ms] Resolve mutations for :app:writeDebugSigningConfigVersions (Thread[#39753,Execution worker Thread 28,5,main]) started.
[        ] :app:writeDebugSigningConfigVersions (Thread[#39753,Execution worker Thread 28,5,main]) started.
[        ] > Task :app:writeDebugSigningConfigVersions UP-TO-DATE
[        ] Caching disabled for task ':app:writeDebugSigningConfigVersions' because:
[        ]   Build cache is disabled
[        ]   Caching has been disabled for the task
[        ] Skipping task ':app:writeDebugSigningConfigVersions' as it is up-to-date.
[        ] Resolve mutations for :connectivity_plus:stripDebugDebugSymbols (Thread[#39753,Execution worker Thread 28,5,main]) started.
[        ] :connectivity_plus:stripDebugDebugSymbols (Thread[#39753,Execution worker Thread 28,5,main]) started.
[        ] > Task :connectivity_plus:stripDebugDebugSymbols NO-SOURCE
[        ] Skipping task ':connectivity_plus:stripDebugDebugSymbols' as it has no source files and no previous output files.
[        ] Resolve mutations for :connectivity_plus:copyDebugJniLibsProjectAndLocalJars (Thread[#39753,Execution worker Thread 28,5,main]) started.
[        ] :connectivity_plus:copyDebugJniLibsProjectAndLocalJars (Thread[#39753,Execution worker Thread 28,5,main]) started.
[        ] > Task :connectivity_plus:copyDebugJniLibsProjectAndLocalJars UP-TO-DATE
[        ] Caching disabled for task ':connectivity_plus:copyDebugJniLibsProjectAndLocalJars' because:
[        ]   Build cache is disabled
[        ]   Caching has been disabled for the task
[        ] Skipping task ':connectivity_plus:copyDebugJniLibsProjectAndLocalJars' as it is up-to-date.
[        ] Resolve mutations for :connectivity_plus:extractDebugAnnotations (Thread[#39753,Execution worker Thread 28,5,main]) started.
[        ] :connectivity_plus:extractDebugAnnotations (Thread[#39753,Execution worker Thread 28,5,main]) started.
[        ] > Task :connectivity_plus:extractDebugAnnotations UP-TO-DATE
[        ] Caching disabled for task ':connectivity_plus:extractDebugAnnotations' because:
[        ]   Build cache is disabled
[        ] Skipping task ':connectivity_plus:extractDebugAnnotations' as it is up-to-date.
[        ] Resolve mutations for :connectivity_plus:extractDeepLinksForAarDebug (Thread[#39753,Execution worker Thread 28,5,main]) started.
[        ] :connectivity_plus:extractDeepLinksForAarDebug (Thread[#39753,Execution worker Thread 28,5,main]) started.
[        ] > Task :connectivity_plus:extractDeepLinksForAarDebug UP-TO-DATE
[        ] Caching disabled for task ':connectivity_plus:extractDeepLinksForAarDebug' because:
[        ]   Build cache is disabled
[        ] Skipping task ':connectivity_plus:extractDeepLinksForAarDebug' as it is up-to-date.
[        ] Resolve mutations for :connectivity_plus:mergeDebugGeneratedProguardFiles (Thread[#39753,Execution worker Thread 28,5,main]) started.
[        ] :connectivity_plus:mergeDebugGeneratedProguardFiles (Thread[#39753,Execution worker Thread 28,5,main]) started.
[        ] > Task :connectivity_plus:mergeDebugGeneratedProguardFiles UP-TO-DATE
[        ] Caching disabled for task ':connectivity_plus:mergeDebugGeneratedProguardFiles' because:
[        ]   Build cache is disabled
[        ]   Simple merging task
[        ] Skipping task ':connectivity_plus:mergeDebugGeneratedProguardFiles' as it is up-to-date.
[        ] Resolve mutations for :connectivity_plus:mergeDebugConsumerProguardFiles (Thread[#39753,Execution worker Thread 28,5,main]) started.
[        ] :connectivity_plus:mergeDebugConsumerProguardFiles (Thread[#39753,Execution worker Thread 28,5,main]) started.
[        ] > Task :connectivity_plus:mergeDebugConsumerProguardFiles UP-TO-DATE
[        ] Caching disabled for task ':connectivity_plus:mergeDebugConsumerProguardFiles' because:
[        ]   Build cache is disabled
[        ]   Simple merging task
[        ] Skipping task ':connectivity_plus:mergeDebugConsumerProguardFiles' as it is up-to-date.
[        ] Resolve mutations for :connectivity_plus:prepareDebugArtProfile (Thread[#39753,Execution worker Thread 28,5,main]) started.
[        ] :connectivity_plus:prepareDebugArtProfile (Thread[#39753,Execution worker Thread 28,5,main]) started.
[        ] > Task :connectivity_plus:prepareDebugArtProfile UP-TO-DATE
[        ] Caching disabled for task ':connectivity_plus:prepareDebugArtProfile' because:
[        ]   Build cache is disabled
[        ]   Caching has been disabled for the task
[        ] Skipping task ':connectivity_plus:prepareDebugArtProfile' as it is up-to-date.
[        ] Resolve mutations for :connectivity_plus:prepareLintJarForPublish (Thread[#39753,Execution worker Thread 28,5,main]) started.
[        ] :connectivity_plus:prepareLintJarForPublish (Thread[#39753,Execution worker Thread 28,5,main]) started.
[        ] > Task :connectivity_plus:prepareLintJarForPublish UP-TO-DATE
[        ] Caching disabled for task ':connectivity_plus:prepareLintJarForPublish' because:
[        ]   Build cache is disabled
[        ]   Caching has been disabled for the task
[        ] Skipping task ':connectivity_plus:prepareLintJarForPublish' as it is up-to-date.
[        ] Resolve mutations for :connectivity_plus:mergeDebugJavaResource (Thread[#39753,Execution worker Thread 28,5,main]) started.
[        ] :connectivity_plus:mergeDebugJavaResource (Thread[#39753,Execution worker Thread 28,5,main]) started.
[        ] > Task :connectivity_plus:mergeDebugJavaResource UP-TO-DATE
[        ] Caching disabled for task ':connectivity_plus:mergeDebugJavaResource' because:
[        ]   Build cache is disabled
[        ]   Caching has been disabled for the task
[        ] Skipping task ':connectivity_plus:mergeDebugJavaResource' as it is up-to-date.
[        ] Resolve mutations for :connectivity_plus:syncDebugLibJars (Thread[#39753,Execution worker Thread 28,5,main]) started.
[        ] :connectivity_plus:syncDebugLibJars (Thread[#39753,Execution worker Thread 28,5,main]) started.
[        ] > Task :connectivity_plus:syncDebugLibJars UP-TO-DATE
[        ] Caching disabled for task ':connectivity_plus:syncDebugLibJars' because:
[        ]   Build cache is disabled
[        ] Skipping task ':connectivity_plus:syncDebugLibJars' as it is up-to-date.
[        ] Resolve mutations for :connectivity_plus:bundleDebugAar (Thread[#39753,Execution worker Thread 28,5,main]) started.
[        ] :connectivity_plus:bundleDebugAar (Thread[#39753,Execution worker Thread 28,5,main]) started.
[        ] > Task :connectivity_plus:bundleDebugAar UP-TO-DATE
[        ] Caching disabled for task ':connectivity_plus:bundleDebugAar' because:
[        ]   Build cache is disabled
[        ]   Caching has been disabled for the task
[        ] Skipping task ':connectivity_plus:bundleDebugAar' as it is up-to-date.
[        ] Resolve mutations for :connectivity_plus:assembleDebug (Thread[#39753,Execution worker Thread 28,5,main]) started.
[        ] :connectivity_plus:assembleDebug (Thread[#39753,Execution worker Thread 28,5,main]) started.
[        ] > Task :connectivity_plus:assembleDebug UP-TO-DATE
[        ] Skipping task ':connectivity_plus:assembleDebug' as it has no actions.
[        ] Resolve mutations for :emoji_picker_flutter:stripDebugDebugSymbols (Thread[#39753,Execution worker Thread 28,5,main]) started.
[        ] :emoji_picker_flutter:stripDebugDebugSymbols (Thread[#39753,Execution worker Thread 28,5,main]) started.
[        ] > Task :emoji_picker_flutter:stripDebugDebugSymbols NO-SOURCE
[        ] Skipping task ':emoji_picker_flutter:stripDebugDebugSymbols' as it has no source files and no previous output files.
[        ] Resolve mutations for :emoji_picker_flutter:copyDebugJniLibsProjectAndLocalJars (Thread[#39753,Execution worker Thread 28,5,main]) started.
[        ] :emoji_picker_flutter:copyDebugJniLibsProjectAndLocalJars (Thread[#39753,Execution worker Thread 28,5,main]) started.
[        ] > Task :emoji_picker_flutter:copyDebugJniLibsProjectAndLocalJars UP-TO-DATE
[        ] Caching disabled for task ':emoji_picker_flutter:copyDebugJniLibsProjectAndLocalJars' because:
[        ]   Build cache is disabled
[        ]   Caching has been disabled for the task
[        ] Skipping task ':emoji_picker_flutter:copyDebugJniLibsProjectAndLocalJars' as it is up-to-date.
[        ] Resolve mutations for :emoji_picker_flutter:extractDebugAnnotations (Thread[#39753,Execution worker Thread 28,5,main]) started.
[        ] :emoji_picker_flutter:extractDebugAnnotations (Thread[#39753,Execution worker Thread 28,5,main]) started.
[        ] > Task :emoji_picker_flutter:extractDebugAnnotations UP-TO-DATE
[        ] Caching disabled for task ':emoji_picker_flutter:extractDebugAnnotations' because:
[        ]   Build cache is disabled
[        ] Skipping task ':emoji_picker_flutter:extractDebugAnnotations' as it is up-to-date.
[        ] Resolve mutations for :emoji_picker_flutter:extractDeepLinksForAarDebug (Thread[#39753,Execution worker Thread 28,5,main]) started.
[        ] :emoji_picker_flutter:extractDeepLinksForAarDebug (Thread[#39753,Execution worker Thread 28,5,main]) started.
[        ] > Task :emoji_picker_flutter:extractDeepLinksForAarDebug UP-TO-DATE
[        ] Caching disabled for task ':emoji_picker_flutter:extractDeepLinksForAarDebug' because:
[        ]   Build cache is disabled
[        ] Skipping task ':emoji_picker_flutter:extractDeepLinksForAarDebug' as it is up-to-date.
[        ] Resolve mutations for :emoji_picker_flutter:mergeDebugGeneratedProguardFiles (Thread[#39753,Execution worker Thread 28,5,main]) started.
[        ] :emoji_picker_flutter:mergeDebugGeneratedProguardFiles (Thread[#39753,Execution worker Thread 28,5,main]) started.
[        ] > Task :emoji_picker_flutter:mergeDebugGeneratedProguardFiles UP-TO-DATE
[        ] Caching disabled for task ':emoji_picker_flutter:mergeDebugGeneratedProguardFiles' because:
[        ]   Build cache is disabled
[        ]   Simple merging task
[        ] Skipping task ':emoji_picker_flutter:mergeDebugGeneratedProguardFiles' as it is up-to-date.
[        ] Resolve mutations for :emoji_picker_flutter:mergeDebugConsumerProguardFiles (Thread[#39753,Execution worker Thread 28,5,main]) started.
[        ] :emoji_picker_flutter:mergeDebugConsumerProguardFiles (Thread[#39753,Execution worker Thread 28,5,main]) started.
[        ] > Task :emoji_picker_flutter:mergeDebugConsumerProguardFiles UP-TO-DATE
[        ] Caching disabled for task ':emoji_picker_flutter:mergeDebugConsumerProguardFiles' because:
[        ]   Build cache is disabled
[        ]   Simple merging task
[        ] Skipping task ':emoji_picker_flutter:mergeDebugConsumerProguardFiles' as it is up-to-date.
[        ] Resolve mutations for :emoji_picker_flutter:prepareDebugArtProfile (Thread[#39753,Execution worker Thread 28,5,main]) started.
[        ] :emoji_picker_flutter:prepareDebugArtProfile (Thread[#39753,Execution worker Thread 28,5,main]) started.
[        ] > Task :emoji_picker_flutter:prepareDebugArtProfile UP-TO-DATE
[        ] Caching disabled for task ':emoji_picker_flutter:prepareDebugArtProfile' because:
[        ]   Build cache is disabled
[        ]   Caching has been disabled for the task
[        ] Skipping task ':emoji_picker_flutter:prepareDebugArtProfile' as it is up-to-date.
[        ] Resolve mutations for :emoji_picker_flutter:prepareLintJarForPublish (Thread[#39753,Execution worker Thread 28,5,main]) started.
[        ] :emoji_picker_flutter:prepareLintJarForPublish (Thread[#39753,Execution worker Thread 28,5,main]) started.
[        ] > Task :emoji_picker_flutter:prepareLintJarForPublish UP-TO-DATE
[        ] Caching disabled for task ':emoji_picker_flutter:prepareLintJarForPublish' because:
[        ]   Build cache is disabled
[        ]   Caching has been disabled for the task
[        ] Skipping task ':emoji_picker_flutter:prepareLintJarForPublish' as it is up-to-date.
[        ] Resolve mutations for :emoji_picker_flutter:mergeDebugJavaResource (Thread[#39753,Execution worker Thread 28,5,main]) started.
[        ] :emoji_picker_flutter:mergeDebugJavaResource (Thread[#39753,Execution worker Thread 28,5,main]) started.
[        ] > Task :emoji_picker_flutter:mergeDebugJavaResource UP-TO-DATE
[        ] Caching disabled for task ':emoji_picker_flutter:mergeDebugJavaResource' because:
[        ]   Build cache is disabled
[        ]   Caching has been disabled for the task
[        ] Skipping task ':emoji_picker_flutter:mergeDebugJavaResource' as it is up-to-date.
[        ] Resolve mutations for :emoji_picker_flutter:syncDebugLibJars (Thread[#39753,Execution worker Thread 28,5,main]) started.
[        ] :emoji_picker_flutter:syncDebugLibJars (Thread[#39753,Execution worker Thread 28,5,main]) started.
[        ] > Task :emoji_picker_flutter:syncDebugLibJars UP-TO-DATE
[        ] Caching disabled for task ':emoji_picker_flutter:syncDebugLibJars' because:
[        ]   Build cache is disabled
[        ] Skipping task ':emoji_picker_flutter:syncDebugLibJars' as it is up-to-date.
[        ] Resolve mutations for :emoji_picker_flutter:bundleDebugAar (Thread[#39753,Execution worker Thread 28,5,main]) started.
[        ] :emoji_picker_flutter:bundleDebugAar (Thread[#39753,Execution worker Thread 28,5,main]) started.
[        ] > Task :emoji_picker_flutter:bundleDebugAar UP-TO-DATE
[        ] Caching disabled for task ':emoji_picker_flutter:bundleDebugAar' because:
[        ]   Build cache is disabled
[        ]   Caching has been disabled for the task
[        ] Skipping task ':emoji_picker_flutter:bundleDebugAar' as it is up-to-date.
[        ] Resolve mutations for :emoji_picker_flutter:assembleDebug (Thread[#39753,Execution worker Thread 28,5,main]) started.
[        ] :emoji_picker_flutter:assembleDebug (Thread[#39753,Execution worker Thread 28,5,main]) started.
[        ] > Task :emoji_picker_flutter:assembleDebug UP-TO-DATE
[        ] Skipping task ':emoji_picker_flutter:assembleDebug' as it has no actions.
[        ] Resolve mutations for :file_selector_android:stripDebugDebugSymbols (Thread[#39753,Execution worker Thread 28,5,main]) started.
[        ] :file_selector_android:stripDebugDebugSymbols (Thread[#39753,Execution worker Thread 28,5,main]) started.
[        ] > Task :file_selector_android:stripDebugDebugSymbols NO-SOURCE
[        ] Skipping task ':file_selector_android:stripDebugDebugSymbols' as it has no source files and no previous output files.
[        ] Resolve mutations for :file_selector_android:copyDebugJniLibsProjectAndLocalJars (Thread[#39753,Execution worker Thread 28,5,main]) started.
[        ] :file_selector_android:copyDebugJniLibsProjectAndLocalJars (Thread[#39753,Execution worker Thread 28,5,main]) started.
[        ] > Task :file_selector_android:copyDebugJniLibsProjectAndLocalJars UP-TO-DATE
[        ] Caching disabled for task ':file_selector_android:copyDebugJniLibsProjectAndLocalJars' because:
[        ]   Build cache is disabled
[        ]   Caching has been disabled for the task
[        ] Skipping task ':file_selector_android:copyDebugJniLibsProjectAndLocalJars' as it is up-to-date.
[        ] Resolve mutations for :file_selector_android:extractDebugAnnotations (Thread[#39753,Execution worker Thread 28,5,main]) started.
[        ] :file_selector_android:extractDebugAnnotations (Thread[#39753,Execution worker Thread 28,5,main]) started.
[        ] > Task :file_selector_android:extractDebugAnnotations UP-TO-DATE
[        ] Caching disabled for task ':file_selector_android:extractDebugAnnotations' because:
[        ]   Build cache is disabled
[        ] Skipping task ':file_selector_android:extractDebugAnnotations' as it is up-to-date.
[        ] Resolve mutations for :file_selector_android:extractDeepLinksForAarDebug (Thread[#39753,Execution worker Thread 28,5,main]) started.
[        ] :file_selector_android:extractDeepLinksForAarDebug (Thread[#39753,Execution worker Thread 28,5,main]) started.
[        ] > Task :file_selector_android:extractDeepLinksForAarDebug UP-TO-DATE
[        ] Caching disabled for task ':file_selector_android:extractDeepLinksForAarDebug' because:
[        ]   Build cache is disabled
[        ] Skipping task ':file_selector_android:extractDeepLinksForAarDebug' as it is up-to-date.
[        ] Resolve mutations for :file_selector_android:mergeDebugGeneratedProguardFiles (Thread[#39753,Execution worker Thread 28,5,main]) started.
[        ] :file_selector_android:mergeDebugGeneratedProguardFiles (Thread[#39753,Execution worker Thread 28,5,main]) started.
[        ] > Task :file_selector_android:mergeDebugGeneratedProguardFiles UP-TO-DATE
[        ] Caching disabled for task ':file_selector_android:mergeDebugGeneratedProguardFiles' because:
[        ]   Build cache is disabled
[        ]   Simple merging task
[        ] Skipping task ':file_selector_android:mergeDebugGeneratedProguardFiles' as it is up-to-date.
[        ] Resolve mutations for :file_selector_android:mergeDebugConsumerProguardFiles (Thread[#39753,Execution worker Thread 28,5,main]) started.
[        ] :file_selector_android:mergeDebugConsumerProguardFiles (Thread[#39753,Execution worker Thread 28,5,main]) started.
[        ] > Task :file_selector_android:mergeDebugConsumerProguardFiles UP-TO-DATE
[        ] Caching disabled for task ':file_selector_android:mergeDebugConsumerProguardFiles' because:
[        ]   Build cache is disabled
[        ]   Simple merging task
[        ] Skipping task ':file_selector_android:mergeDebugConsumerProguardFiles' as it is up-to-date.
[        ] Resolve mutations for :file_selector_android:prepareDebugArtProfile (Thread[#39753,Execution worker Thread 28,5,main]) started.
[        ] :file_selector_android:prepareDebugArtProfile (Thread[#39753,Execution worker Thread 28,5,main]) started.
[        ] > Task :file_selector_android:prepareDebugArtProfile UP-TO-DATE
[        ] Caching disabled for task ':file_selector_android:prepareDebugArtProfile' because:
[        ]   Build cache is disabled
[        ]   Caching has been disabled for the task
[        ] Skipping task ':file_selector_android:prepareDebugArtProfile' as it is up-to-date.
[        ] Resolve mutations for :file_selector_android:prepareLintJarForPublish (Thread[#39753,Execution worker Thread 28,5,main]) started.
[        ] :file_selector_android:prepareLintJarForPublish (Thread[#39753,Execution worker Thread 28,5,main]) started.
[        ] > Task :file_selector_android:prepareLintJarForPublish UP-TO-DATE
[        ] Caching disabled for task ':file_selector_android:prepareLintJarForPublish' because:
[        ]   Build cache is disabled
[        ]   Caching has been disabled for the task
[        ] Skipping task ':file_selector_android:prepareLintJarForPublish' as it is up-to-date.
[        ] Resolve mutations for :file_selector_android:mergeDebugJavaResource (Thread[#39753,Execution worker Thread 28,5,main]) started.
[        ] :file_selector_android:mergeDebugJavaResource (Thread[#39753,Execution worker Thread 28,5,main]) started.
[        ] > Task :file_selector_android:mergeDebugJavaResource UP-TO-DATE
[        ] Caching disabled for task ':file_selector_android:mergeDebugJavaResource' because:
[        ]   Build cache is disabled
[        ]   Caching has been disabled for the task
[        ] Skipping task ':file_selector_android:mergeDebugJavaResource' as it is up-to-date.
[        ] Resolve mutations for :file_selector_android:syncDebugLibJars (Thread[#39753,Execution worker Thread 28,5,main]) started.
[        ] :file_selector_android:syncDebugLibJars (Thread[#39753,Execution worker Thread 28,5,main]) started.
[        ] > Task :file_selector_android:syncDebugLibJars UP-TO-DATE
[        ] Caching disabled for task ':file_selector_android:syncDebugLibJars' because:
[        ]   Build cache is disabled
[        ] Skipping task ':file_selector_android:syncDebugLibJars' as it is up-to-date.
[        ] Resolve mutations for :file_selector_android:bundleDebugAar (Thread[#39753,Execution worker Thread 28,5,main]) started.
[        ] :file_selector_android:bundleDebugAar (Thread[#39753,Execution worker Thread 28,5,main]) started.
[        ] > Task :file_selector_android:bundleDebugAar UP-TO-DATE
[        ] Caching disabled for task ':file_selector_android:bundleDebugAar' because:
[        ]   Build cache is disabled
[        ]   Caching has been disabled for the task
[        ] Skipping task ':file_selector_android:bundleDebugAar' as it is up-to-date.
[        ] Resolve mutations for :file_selector_android:assembleDebug (Thread[#39753,Execution worker Thread 28,5,main]) started.
[        ] :file_selector_android:assembleDebug (Thread[#39753,Execution worker Thread 28,5,main]) started.
[        ] > Task :file_selector_android:assembleDebug UP-TO-DATE
[        ] Skipping task ':file_selector_android:assembleDebug' as it has no actions.
[        ] Resolve mutations for :flutter_keyboard_visibility_temp_fork:stripDebugDebugSymbols (Thread[#39753,Execution worker Thread 28,5,main]) started.
[        ] :flutter_keyboard_visibility_temp_fork:stripDebugDebugSymbols (Thread[#39753,Execution worker Thread 28,5,main]) started.
[        ] > Task :flutter_keyboard_visibility_temp_fork:stripDebugDebugSymbols NO-SOURCE
[        ] Skipping task ':flutter_keyboard_visibility_temp_fork:stripDebugDebugSymbols' as it has no source files and no previous output files.
[        ] Resolve mutations for :flutter_keyboard_visibility_temp_fork:copyDebugJniLibsProjectAndLocalJars (Thread[#39753,Execution worker Thread 28,5,main]) started.
[        ] :flutter_keyboard_visibility_temp_fork:copyDebugJniLibsProjectAndLocalJars (Thread[#39753,Execution worker Thread 28,5,main]) started.
[        ] > Task :flutter_keyboard_visibility_temp_fork:copyDebugJniLibsProjectAndLocalJars UP-TO-DATE
[        ] Caching disabled for task ':flutter_keyboard_visibility_temp_fork:copyDebugJniLibsProjectAndLocalJars' because:
[        ]   Build cache is disabled
[        ]   Caching has been disabled for the task
[        ] Skipping task ':flutter_keyboard_visibility_temp_fork:copyDebugJniLibsProjectAndLocalJars' as it is up-to-date.
[        ] Resolve mutations for :flutter_keyboard_visibility_temp_fork:extractDebugAnnotations (Thread[#39753,Execution worker Thread 28,5,main]) started.
[        ] :flutter_keyboard_visibility_temp_fork:extractDebugAnnotations (Thread[#39753,Execution worker Thread 28,5,main]) started.
[        ] > Task :flutter_keyboard_visibility_temp_fork:extractDebugAnnotations UP-TO-DATE
[        ] Caching disabled for task ':flutter_keyboard_visibility_temp_fork:extractDebugAnnotations' because:
[        ]   Build cache is disabled
[        ] Skipping task ':flutter_keyboard_visibility_temp_fork:extractDebugAnnotations' as it is up-to-date.
[        ] Resolve mutations for :flutter_keyboard_visibility_temp_fork:extractDeepLinksForAarDebug (Thread[#39753,Execution worker Thread 28,5,main]) started.
[        ] :flutter_keyboard_visibility_temp_fork:extractDeepLinksForAarDebug (Thread[#39753,Execution worker Thread 28,5,main]) started.
[        ] > Task :flutter_keyboard_visibility_temp_fork:extractDeepLinksForAarDebug UP-TO-DATE
[        ] Caching disabled for task ':flutter_keyboard_visibility_temp_fork:extractDeepLinksForAarDebug' because:
[        ]   Build cache is disabled
[        ] Skipping task ':flutter_keyboard_visibility_temp_fork:extractDeepLinksForAarDebug' as it is up-to-date.
[        ] Resolve mutations for :flutter_keyboard_visibility_temp_fork:mergeDebugGeneratedProguardFiles (Thread[#39753,Execution worker Thread 28,5,main]) started.
[        ] :flutter_keyboard_visibility_temp_fork:mergeDebugGeneratedProguardFiles (Thread[#39753,Execution worker Thread 28,5,main]) started.
[        ] > Task :flutter_keyboard_visibility_temp_fork:mergeDebugGeneratedProguardFiles UP-TO-DATE
[        ] Caching disabled for task ':flutter_keyboard_visibility_temp_fork:mergeDebugGeneratedProguardFiles' because:
[        ]   Build cache is disabled
[        ]   Simple merging task
[        ] Skipping task ':flutter_keyboard_visibility_temp_fork:mergeDebugGeneratedProguardFiles' as it is up-to-date.
[        ] Resolve mutations for :flutter_keyboard_visibility_temp_fork:mergeDebugConsumerProguardFiles (Thread[#39753,Execution worker Thread 28,5,main]) started.
[        ] :flutter_keyboard_visibility_temp_fork:mergeDebugConsumerProguardFiles (Thread[#39753,Execution worker Thread 28,5,main]) started.
[        ] > Task :flutter_keyboard_visibility_temp_fork:mergeDebugConsumerProguardFiles UP-TO-DATE
[        ] Caching disabled for task ':flutter_keyboard_visibility_temp_fork:mergeDebugConsumerProguardFiles' because:
[        ]   Build cache is disabled
[        ]   Simple merging task
[        ] Skipping task ':flutter_keyboard_visibility_temp_fork:mergeDebugConsumerProguardFiles' as it is up-to-date.
[        ] Resolve mutations for :flutter_keyboard_visibility_temp_fork:prepareDebugArtProfile (Thread[#39753,Execution worker Thread 28,5,main]) started.
[        ] :flutter_keyboard_visibility_temp_fork:prepareDebugArtProfile (Thread[#39753,Execution worker Thread 28,5,main]) started.
[        ] > Task :flutter_keyboard_visibility_temp_fork:prepareDebugArtProfile UP-TO-DATE
[        ] Caching disabled for task ':flutter_keyboard_visibility_temp_fork:prepareDebugArtProfile' because:
[        ]   Build cache is disabled
[        ]   Caching has been disabled for the task
[        ] Skipping task ':flutter_keyboard_visibility_temp_fork:prepareDebugArtProfile' as it is up-to-date.
[        ] Resolve mutations for :flutter_keyboard_visibility_temp_fork:prepareLintJarForPublish (Thread[#39753,Execution worker Thread 28,5,main]) started.
[        ] :flutter_keyboard_visibility_temp_fork:prepareLintJarForPublish (Thread[#39753,Execution worker Thread 28,5,main]) started.
[        ] > Task :flutter_keyboard_visibility_temp_fork:prepareLintJarForPublish UP-TO-DATE
[        ] Caching disabled for task ':flutter_keyboard_visibility_temp_fork:prepareLintJarForPublish' because:
[        ]   Build cache is disabled
[        ]   Caching has been disabled for the task
[        ] Skipping task ':flutter_keyboard_visibility_temp_fork:prepareLintJarForPublish' as it is up-to-date.
[        ] Resolve mutations for :flutter_keyboard_visibility_temp_fork:mergeDebugJavaResource (Thread[#39753,Execution worker Thread 28,5,main]) started.
[        ] :flutter_keyboard_visibility_temp_fork:mergeDebugJavaResource (Thread[#39753,Execution worker Thread 28,5,main]) started.
[        ] > Task :flutter_keyboard_visibility_temp_fork:mergeDebugJavaResource UP-TO-DATE
[        ] Caching disabled for task ':flutter_keyboard_visibility_temp_fork:mergeDebugJavaResource' because:
[        ]   Build cache is disabled
[        ]   Caching has been disabled for the task
[        ] Skipping task ':flutter_keyboard_visibility_temp_fork:mergeDebugJavaResource' as it is up-to-date.
[        ] Resolve mutations for :flutter_keyboard_visibility_temp_fork:syncDebugLibJars (Thread[#39753,Execution worker Thread 28,5,main]) started.
[        ] :flutter_keyboard_visibility_temp_fork:syncDebugLibJars (Thread[#39753,Execution worker Thread 28,5,main]) started.
[        ] > Task :flutter_keyboard_visibility_temp_fork:syncDebugLibJars UP-TO-DATE
[        ] Caching disabled for task ':flutter_keyboard_visibility_temp_fork:syncDebugLibJars' because:
[        ]   Build cache is disabled
[        ] Skipping task ':flutter_keyboard_visibility_temp_fork:syncDebugLibJars' as it is up-to-date.
[        ] Resolve mutations for :flutter_keyboard_visibility_temp_fork:bundleDebugAar (Thread[#39753,Execution worker Thread 28,5,main]) started.
[        ] :flutter_keyboard_visibility_temp_fork:bundleDebugAar (Thread[#39753,Execution worker Thread 28,5,main]) started.
[        ] > Task :flutter_keyboard_visibility_temp_fork:bundleDebugAar UP-TO-DATE
[        ] Caching disabled for task ':flutter_keyboard_visibility_temp_fork:bundleDebugAar' because:
[        ]   Build cache is disabled
[        ]   Caching has been disabled for the task
[        ] Skipping task ':flutter_keyboard_visibility_temp_fork:bundleDebugAar' as it is up-to-date.
[        ] Resolve mutations for :flutter_keyboard_visibility_temp_fork:assembleDebug (Thread[#39753,Execution worker Thread 28,5,main]) started.
[        ] :flutter_keyboard_visibility_temp_fork:assembleDebug (Thread[#39753,Execution worker Thread 28,5,main]) started.
[        ] > Task :flutter_keyboard_visibility_temp_fork:assembleDebug UP-TO-DATE
[        ] Skipping task ':flutter_keyboard_visibility_temp_fork:assembleDebug' as it has no actions.
[        ] Resolve mutations for :flutter_native_splash:stripDebugDebugSymbols (Thread[#39753,Execution worker Thread 28,5,main]) started.
[        ] :flutter_native_splash:stripDebugDebugSymbols (Thread[#39753,Execution worker Thread 28,5,main]) started.
[        ] > Task :flutter_native_splash:stripDebugDebugSymbols NO-SOURCE
[        ] Skipping task ':flutter_native_splash:stripDebugDebugSymbols' as it has no source files and no previous output files.
[        ] Resolve mutations for :flutter_native_splash:copyDebugJniLibsProjectAndLocalJars (Thread[#39753,Execution worker Thread 28,5,main]) started.
[        ] :flutter_native_splash:copyDebugJniLibsProjectAndLocalJars (Thread[#39753,Execution worker Thread 28,5,main]) started.
[        ] > Task :flutter_native_splash:copyDebugJniLibsProjectAndLocalJars UP-TO-DATE
[        ] Caching disabled for task ':flutter_native_splash:copyDebugJniLibsProjectAndLocalJars' because:
[        ]   Build cache is disabled
[        ]   Caching has been disabled for the task
[        ] Skipping task ':flutter_native_splash:copyDebugJniLibsProjectAndLocalJars' as it is up-to-date.
[        ] Resolve mutations for :flutter_native_splash:extractDebugAnnotations (Thread[#39753,Execution worker Thread 28,5,main]) started.
[        ] :flutter_native_splash:extractDebugAnnotations (Thread[#39753,Execution worker Thread 28,5,main]) started.
[        ] > Task :flutter_native_splash:extractDebugAnnotations UP-TO-DATE
[        ] Caching disabled for task ':flutter_native_splash:extractDebugAnnotations' because:
[        ]   Build cache is disabled
[        ] Skipping task ':flutter_native_splash:extractDebugAnnotations' as it is up-to-date.
[        ] Resolve mutations for :flutter_native_splash:extractDeepLinksForAarDebug (Thread[#39753,Execution worker Thread 28,5,main]) started.
[        ] :flutter_native_splash:extractDeepLinksForAarDebug (Thread[#39753,Execution worker Thread 28,5,main]) started.
[        ] > Task :flutter_native_splash:extractDeepLinksForAarDebug UP-TO-DATE
[        ] Caching disabled for task ':flutter_native_splash:extractDeepLinksForAarDebug' because:
[        ]   Build cache is disabled
[        ] Skipping task ':flutter_native_splash:extractDeepLinksForAarDebug' as it is up-to-date.
[        ] Resolve mutations for :flutter_native_splash:mergeDebugGeneratedProguardFiles (Thread[#39753,Execution worker Thread 28,5,main]) started.
[        ] :flutter_native_splash:mergeDebugGeneratedProguardFiles (Thread[#39753,Execution worker Thread 28,5,main]) started.
[        ] > Task :flutter_native_splash:mergeDebugGeneratedProguardFiles UP-TO-DATE
[        ] Caching disabled for task ':flutter_native_splash:mergeDebugGeneratedProguardFiles' because:
[        ]   Build cache is disabled
[        ]   Simple merging task
[        ] Skipping task ':flutter_native_splash:mergeDebugGeneratedProguardFiles' as it is up-to-date.
[        ] Resolve mutations for :flutter_native_splash:mergeDebugConsumerProguardFiles (Thread[#39753,Execution worker Thread 28,5,main]) started.
[        ] :flutter_native_splash:mergeDebugConsumerProguardFiles (Thread[#39753,Execution worker Thread 28,5,main]) started.
[        ] > Task :flutter_native_splash:mergeDebugConsumerProguardFiles UP-TO-DATE
[        ] Caching disabled for task ':flutter_native_splash:mergeDebugConsumerProguardFiles' because:
[        ]   Build cache is disabled
[        ]   Simple merging task
[        ] Skipping task ':flutter_native_splash:mergeDebugConsumerProguardFiles' as it is up-to-date.
[        ] Resolve mutations for :flutter_native_splash:prepareDebugArtProfile (Thread[#39753,Execution worker Thread 28,5,main]) started.
[        ] :flutter_native_splash:prepareDebugArtProfile (Thread[#39753,Execution worker Thread 28,5,main]) started.
[        ] > Task :flutter_native_splash:prepareDebugArtProfile UP-TO-DATE
[        ] Caching disabled for task ':flutter_native_splash:prepareDebugArtProfile' because:
[        ]   Build cache is disabled
[        ]   Caching has been disabled for the task
[        ] Skipping task ':flutter_native_splash:prepareDebugArtProfile' as it is up-to-date.
[        ] Resolve mutations for :flutter_native_splash:prepareLintJarForPublish (Thread[#39753,Execution worker Thread 28,5,main]) started.
[        ] :flutter_native_splash:prepareLintJarForPublish (Thread[#39753,Execution worker Thread 28,5,main]) started.
[        ] > Task :flutter_native_splash:prepareLintJarForPublish UP-TO-DATE
[        ] Caching disabled for task ':flutter_native_splash:prepareLintJarForPublish' because:
[        ]   Build cache is disabled
[        ]   Caching has been disabled for the task
[        ] Skipping task ':flutter_native_splash:prepareLintJarForPublish' as it is up-to-date.
[        ] Resolve mutations for :flutter_native_splash:mergeDebugJavaResource (Thread[#39753,Execution worker Thread 28,5,main]) started.
[        ] :flutter_native_splash:mergeDebugJavaResource (Thread[#39753,Execution worker Thread 28,5,main]) started.
[        ] > Task :flutter_native_splash:mergeDebugJavaResource UP-TO-DATE
[        ] Caching disabled for task ':flutter_native_splash:mergeDebugJavaResource' because:
[        ]   Build cache is disabled
[        ]   Caching has been disabled for the task
[        ] Skipping task ':flutter_native_splash:mergeDebugJavaResource' as it is up-to-date.
[        ] Resolve mutations for :flutter_native_splash:syncDebugLibJars (Thread[#39753,Execution worker Thread 28,5,main]) started.
[        ] :flutter_native_splash:syncDebugLibJars (Thread[#39753,Execution worker Thread 28,5,main]) started.
[        ] > Task :flutter_native_splash:syncDebugLibJars UP-TO-DATE
[        ] Caching disabled for task ':flutter_native_splash:syncDebugLibJars' because:
[        ]   Build cache is disabled
[        ] Skipping task ':flutter_native_splash:syncDebugLibJars' as it is up-to-date.
[        ] Resolve mutations for :flutter_native_splash:bundleDebugAar (Thread[#39753,Execution worker Thread 28,5,main]) started.
[        ] :flutter_native_splash:bundleDebugAar (Thread[#39753,Execution worker Thread 28,5,main]) started.
[        ] > Task :flutter_native_splash:bundleDebugAar UP-TO-DATE
[        ] Caching disabled for task ':flutter_native_splash:bundleDebugAar' because:
[        ]   Build cache is disabled
[        ]   Caching has been disabled for the task
[        ] Skipping task ':flutter_native_splash:bundleDebugAar' as it is up-to-date.
[        ] Resolve mutations for :flutter_native_splash:assembleDebug (Thread[#39753,Execution worker Thread 28,5,main]) started.
[        ] :flutter_native_splash:assembleDebug (Thread[#39753,Execution worker Thread 28,5,main]) started.
[        ] > Task :flutter_native_splash:assembleDebug UP-TO-DATE
[        ] Skipping task ':flutter_native_splash:assembleDebug' as it has no actions.
[        ] Resolve mutations for :flutter_olm:stripDebugDebugSymbols (Thread[#39753,Execution worker Thread 28,5,main]) started.
[        ] :flutter_olm:stripDebugDebugSymbols (Thread[#39753,Execution worker Thread 28,5,main]) started.
[        ] > Task :flutter_olm:stripDebugDebugSymbols UP-TO-DATE
[        ] Caching disabled for task ':flutter_olm:stripDebugDebugSymbols' because:
[        ]   Build cache is disabled
[        ]   Caching has been disabled for the task
[        ] Skipping task ':flutter_olm:stripDebugDebugSymbols' as it is up-to-date.
[        ] Resolve mutations for :flutter_olm:copyDebugJniLibsProjectAndLocalJars (Thread[#39753,Execution worker Thread 28,5,main]) started.
[        ] :flutter_olm:copyDebugJniLibsProjectAndLocalJars (Thread[#39753,Execution worker Thread 28,5,main]) started.
[        ] > Task :flutter_olm:copyDebugJniLibsProjectAndLocalJars UP-TO-DATE
[        ] Caching disabled for task ':flutter_olm:copyDebugJniLibsProjectAndLocalJars' because:
[        ]   Build cache is disabled
[        ]   Caching has been disabled for the task
[        ] Skipping task ':flutter_olm:copyDebugJniLibsProjectAndLocalJars' as it is up-to-date.
[        ] Resolve mutations for :flutter_olm:extractDebugAnnotations (Thread[#39753,Execution worker Thread 28,5,main]) started.
[        ] :flutter_olm:extractDebugAnnotations (Thread[#39753,Execution worker Thread 28,5,main]) started.
[        ] > Task :flutter_olm:extractDebugAnnotations UP-TO-DATE
[        ] Caching disabled for task ':flutter_olm:extractDebugAnnotations' because:
[        ]   Build cache is disabled
[        ] Skipping task ':flutter_olm:extractDebugAnnotations' as it is up-to-date.
[        ] Resolve mutations for :flutter_olm:extractDeepLinksForAarDebug (Thread[#39753,Execution worker Thread 28,5,main]) started.
[        ] :flutter_olm:extractDeepLinksForAarDebug (Thread[#39753,Execution worker Thread 28,5,main]) started.
[        ] > Task :flutter_olm:extractDeepLinksForAarDebug UP-TO-DATE
[        ] Caching disabled for task ':flutter_olm:extractDeepLinksForAarDebug' because:
[        ]   Build cache is disabled
[        ] Skipping task ':flutter_olm:extractDeepLinksForAarDebug' as it is up-to-date.
[        ] Resolve mutations for :flutter_olm:mergeDebugGeneratedProguardFiles (Thread[#39753,Execution worker Thread 28,5,main]) started.
[        ] :flutter_olm:mergeDebugGeneratedProguardFiles (Thread[#39753,Execution worker Thread 28,5,main]) started.
[        ] > Task :flutter_olm:mergeDebugGeneratedProguardFiles UP-TO-DATE
[        ] Caching disabled for task ':flutter_olm:mergeDebugGeneratedProguardFiles' because:
[        ]   Build cache is disabled
[        ]   Simple merging task
[        ] Skipping task ':flutter_olm:mergeDebugGeneratedProguardFiles' as it is up-to-date.
[        ] Resolve mutations for :flutter_olm:mergeDebugConsumerProguardFiles (Thread[#39753,Execution worker Thread 28,5,main]) started.
[        ] :flutter_olm:mergeDebugConsumerProguardFiles (Thread[#39753,Execution worker Thread 28,5,main]) started.
[        ] > Task :flutter_olm:mergeDebugConsumerProguardFiles UP-TO-DATE
[        ] Caching disabled for task ':flutter_olm:mergeDebugConsumerProguardFiles' because:
[        ]   Build cache is disabled
[        ]   Simple merging task
[        ] Skipping task ':flutter_olm:mergeDebugConsumerProguardFiles' as it is up-to-date.
[        ] Resolve mutations for :flutter_olm:prepareDebugArtProfile (Thread[#39753,Execution worker Thread 28,5,main]) started.
[        ] :flutter_olm:prepareDebugArtProfile (Thread[#39753,Execution worker Thread 28,5,main]) started.
[        ] > Task :flutter_olm:prepareDebugArtProfile UP-TO-DATE
[        ] Caching disabled for task ':flutter_olm:prepareDebugArtProfile' because:
[        ]   Build cache is disabled
[        ]   Caching has been disabled for the task
[        ] Skipping task ':flutter_olm:prepareDebugArtProfile' as it is up-to-date.
[        ] Resolve mutations for :flutter_olm:prepareLintJarForPublish (Thread[#39753,Execution worker Thread 28,5,main]) started.
[        ] :flutter_olm:prepareLintJarForPublish (Thread[#39753,Execution worker Thread 28,5,main]) started.
[        ] > Task :flutter_olm:prepareLintJarForPublish UP-TO-DATE
[        ] Caching disabled for task ':flutter_olm:prepareLintJarForPublish' because:
[        ]   Build cache is disabled
[        ]   Caching has been disabled for the task
[        ] Skipping task ':flutter_olm:prepareLintJarForPublish' as it is up-to-date.
[        ] Resolve mutations for :flutter_olm:mergeDebugJavaResource (Thread[#39753,Execution worker Thread 28,5,main]) started.
[        ] :flutter_olm:mergeDebugJavaResource (Thread[#39753,Execution worker Thread 28,5,main]) started.
[        ] > Task :flutter_olm:mergeDebugJavaResource UP-TO-DATE
[        ] Caching disabled for task ':flutter_olm:mergeDebugJavaResource' because:
[        ]   Build cache is disabled
[        ]   Caching has been disabled for the task
[        ] Skipping task ':flutter_olm:mergeDebugJavaResource' as it is up-to-date.
[        ] Resolve mutations for :flutter_olm:syncDebugLibJars (Thread[#39753,Execution worker Thread 28,5,main]) started.
[        ] :flutter_olm:syncDebugLibJars (Thread[#39753,Execution worker Thread 28,5,main]) started.
[        ] > Task :flutter_olm:syncDebugLibJars UP-TO-DATE
[        ] Caching disabled for task ':flutter_olm:syncDebugLibJars' because:
[        ]   Build cache is disabled
[        ] Skipping task ':flutter_olm:syncDebugLibJars' as it is up-to-date.
[        ] Resolve mutations for :flutter_olm:bundleDebugAar (Thread[#39753,Execution worker Thread 28,5,main]) started.
[        ] :flutter_olm:bundleDebugAar (Thread[#39753,Execution worker Thread 28,5,main]) started.
[        ] > Task :flutter_olm:bundleDebugAar UP-TO-DATE
[        ] Caching disabled for task ':flutter_olm:bundleDebugAar' because:
[        ]   Build cache is disabled
[        ]   Caching has been disabled for the task
[        ] Skipping task ':flutter_olm:bundleDebugAar' as it is up-to-date.
[        ] Resolve mutations for :flutter_olm:assembleDebug (Thread[#39753,Execution worker Thread 28,5,main]) started.
[        ] :flutter_olm:assembleDebug (Thread[#39753,Execution worker Thread 28,5,main]) started.
[        ] > Task :flutter_olm:assembleDebug UP-TO-DATE
[        ] Skipping task ':flutter_olm:assembleDebug' as it has no actions.
[        ] Resolve mutations for :flutter_openssl_crypto:stripDebugDebugSymbols (Thread[#39753,Execution worker Thread 28,5,main]) started.
[        ] :flutter_openssl_crypto:stripDebugDebugSymbols (Thread[#39753,Execution worker Thread 28,5,main]) started.
[        ] > Task :flutter_openssl_crypto:stripDebugDebugSymbols UP-TO-DATE
[        ] Caching disabled for task ':flutter_openssl_crypto:stripDebugDebugSymbols' because:
[        ]   Build cache is disabled
[        ]   Caching has been disabled for the task
[        ] Skipping task ':flutter_openssl_crypto:stripDebugDebugSymbols' as it is up-to-date.
[        ] Resolve mutations for :flutter_openssl_crypto:copyDebugJniLibsProjectAndLocalJars (Thread[#39753,Execution worker Thread 28,5,main]) started.
[        ] :flutter_openssl_crypto:copyDebugJniLibsProjectAndLocalJars (Thread[#39753,Execution worker Thread 28,5,main]) started.
[        ] > Task :flutter_openssl_crypto:copyDebugJniLibsProjectAndLocalJars UP-TO-DATE
[        ] Caching disabled for task ':flutter_openssl_crypto:copyDebugJniLibsProjectAndLocalJars' because:
[        ]   Build cache is disabled
[        ]   Caching has been disabled for the task
[        ] Skipping task ':flutter_openssl_crypto:copyDebugJniLibsProjectAndLocalJars' as it is up-to-date.
[        ] Resolve mutations for :flutter_openssl_crypto:extractDebugAnnotations (Thread[#39753,Execution worker Thread 28,5,main]) started.
[        ] :flutter_openssl_crypto:extractDebugAnnotations (Thread[#39753,Execution worker Thread 28,5,main]) started.
[        ] > Task :flutter_openssl_crypto:extractDebugAnnotations UP-TO-DATE
[        ] Caching disabled for task ':flutter_openssl_crypto:extractDebugAnnotations' because:
[        ]   Build cache is disabled
[        ] Skipping task ':flutter_openssl_crypto:extractDebugAnnotations' as it is up-to-date.
[        ] Resolve mutations for :flutter_openssl_crypto:extractDeepLinksForAarDebug (Thread[#39753,Execution worker Thread 28,5,main]) started.
[        ] :flutter_openssl_crypto:extractDeepLinksForAarDebug (Thread[#39753,Execution worker Thread 28,5,main]) started.
[        ] > Task :flutter_openssl_crypto:extractDeepLinksForAarDebug UP-TO-DATE
[        ] Caching disabled for task ':flutter_openssl_crypto:extractDeepLinksForAarDebug' because:
[        ]   Build cache is disabled
[        ] Skipping task ':flutter_openssl_crypto:extractDeepLinksForAarDebug' as it is up-to-date.
[        ] Resolve mutations for :flutter_openssl_crypto:mergeDebugGeneratedProguardFiles (Thread[#39753,Execution worker Thread 28,5,main]) started.
[        ] :flutter_openssl_crypto:mergeDebugGeneratedProguardFiles (Thread[#39753,Execution worker Thread 28,5,main]) started.
[        ] > Task :flutter_openssl_crypto:mergeDebugGeneratedProguardFiles UP-TO-DATE
[        ] Caching disabled for task ':flutter_openssl_crypto:mergeDebugGeneratedProguardFiles' because:
[        ]   Build cache is disabled
[        ]   Simple merging task
[        ] Skipping task ':flutter_openssl_crypto:mergeDebugGeneratedProguardFiles' as it is up-to-date.
[        ] Resolve mutations for :flutter_openssl_crypto:mergeDebugConsumerProguardFiles (Thread[#39753,Execution worker Thread 28,5,main]) started.
[        ] :flutter_openssl_crypto:mergeDebugConsumerProguardFiles (Thread[#39753,Execution worker Thread 28,5,main]) started.
[        ] > Task :flutter_openssl_crypto:mergeDebugConsumerProguardFiles UP-TO-DATE
[        ] Caching disabled for task ':flutter_openssl_crypto:mergeDebugConsumerProguardFiles' because:
[        ]   Build cache is disabled
[        ]   Simple merging task
[        ] Skipping task ':flutter_openssl_crypto:mergeDebugConsumerProguardFiles' as it is up-to-date.
[        ] Resolve mutations for :flutter_openssl_crypto:prepareDebugArtProfile (Thread[#39753,Execution worker Thread 28,5,main]) started.
[        ] :flutter_openssl_crypto:prepareDebugArtProfile (Thread[#39753,Execution worker Thread 28,5,main]) started.
[        ] > Task :flutter_openssl_crypto:prepareDebugArtProfile UP-TO-DATE
[        ] Caching disabled for task ':flutter_openssl_crypto:prepareDebugArtProfile' because:
[        ]   Build cache is disabled
[        ]   Caching has been disabled for the task
[        ] Skipping task ':flutter_openssl_crypto:prepareDebugArtProfile' as it is up-to-date.
[        ] Resolve mutations for :flutter_openssl_crypto:prepareLintJarForPublish (Thread[#39753,Execution worker Thread 28,5,main]) started.
[        ] :flutter_openssl_crypto:prepareLintJarForPublish (Thread[#39753,Execution worker Thread 28,5,main]) started.
[        ] > Task :flutter_openssl_crypto:prepareLintJarForPublish UP-TO-DATE
[        ] Caching disabled for task ':flutter_openssl_crypto:prepareLintJarForPublish' because:
[        ]   Build cache is disabled
[        ]   Caching has been disabled for the task
[        ] Skipping task ':flutter_openssl_crypto:prepareLintJarForPublish' as it is up-to-date.
[        ] Resolve mutations for :flutter_openssl_crypto:mergeDebugJavaResource (Thread[#39753,Execution worker Thread 28,5,main]) started.
[        ] :flutter_openssl_crypto:mergeDebugJavaResource (Thread[#39753,Execution worker Thread 28,5,main]) started.
[        ] > Task :flutter_openssl_crypto:mergeDebugJavaResource UP-TO-DATE
[        ] Caching disabled for task ':flutter_openssl_crypto:mergeDebugJavaResource' because:
[        ]   Build cache is disabled
[        ]   Caching has been disabled for the task
[        ] Skipping task ':flutter_openssl_crypto:mergeDebugJavaResource' as it is up-to-date.
[        ] Resolve mutations for :flutter_openssl_crypto:syncDebugLibJars (Thread[#39753,Execution worker Thread 28,5,main]) started.
[        ] :flutter_openssl_crypto:syncDebugLibJars (Thread[#39753,Execution worker Thread 28,5,main]) started.
[        ] > Task :flutter_openssl_crypto:syncDebugLibJars UP-TO-DATE
[        ] Caching disabled for task ':flutter_openssl_crypto:syncDebugLibJars' because:
[        ]   Build cache is disabled
[        ] Skipping task ':flutter_openssl_crypto:syncDebugLibJars' as it is up-to-date.
[        ] Resolve mutations for :flutter_openssl_crypto:bundleDebugAar (Thread[#39753,Execution worker Thread 28,5,main]) started.
[        ] :flutter_openssl_crypto:bundleDebugAar (Thread[#39751,Execution worker Thread 26,5,main]) started.
[        ] > Task :flutter_openssl_crypto:bundleDebugAar UP-TO-DATE
[        ] Caching disabled for task ':flutter_openssl_crypto:bundleDebugAar' because:
[        ]   Build cache is disabled
[        ]   Caching has been disabled for the task
[        ] Skipping task ':flutter_openssl_crypto:bundleDebugAar' as it is up-to-date.
[        ] Resolve mutations for :flutter_openssl_crypto:assembleDebug (Thread[#39751,Execution worker Thread 26,5,main]) started.
[        ] :flutter_openssl_crypto:assembleDebug (Thread[#39751,Execution worker Thread 26,5,main]) started.
[        ] > Task :flutter_openssl_crypto:assembleDebug UP-TO-DATE
[        ] Skipping task ':flutter_openssl_crypto:assembleDebug' as it has no actions.
[        ] Resolve mutations for :integration_test:stripDebugDebugSymbols (Thread[#39751,Execution worker Thread 26,5,main]) started.
[        ] :integration_test:stripDebugDebugSymbols (Thread[#39751,Execution worker Thread 26,5,main]) started.
[        ] > Task :integration_test:stripDebugDebugSymbols NO-SOURCE
[        ] Skipping task ':integration_test:stripDebugDebugSymbols' as it has no source files and no previous output files.
[        ] Resolve mutations for :integration_test:copyDebugJniLibsProjectAndLocalJars (Thread[#39751,Execution worker Thread 26,5,main]) started.
[        ] :integration_test:copyDebugJniLibsProjectAndLocalJars (Thread[#39751,Execution worker Thread 26,5,main]) started.
[        ] > Task :integration_test:copyDebugJniLibsProjectAndLocalJars UP-TO-DATE
[        ] Caching disabled for task ':integration_test:copyDebugJniLibsProjectAndLocalJars' because:
[        ]   Build cache is disabled
[        ]   Caching has been disabled for the task
[        ] Skipping task ':integration_test:copyDebugJniLibsProjectAndLocalJars' as it is up-to-date.
[        ] Resolve mutations for :integration_test:extractDebugAnnotations (Thread[#39751,Execution worker Thread 26,5,main]) started.
[        ] :integration_test:extractDebugAnnotations (Thread[#39751,Execution worker Thread 26,5,main]) started.
[        ] > Task :integration_test:extractDebugAnnotations UP-TO-DATE
[        ] Caching disabled for task ':integration_test:extractDebugAnnotations' because:
[        ]   Build cache is disabled
[        ] Skipping task ':integration_test:extractDebugAnnotations' as it is up-to-date.
[        ] Resolve mutations for :integration_test:extractDeepLinksForAarDebug (Thread[#39751,Execution worker Thread 26,5,main]) started.
[        ] :integration_test:extractDeepLinksForAarDebug (Thread[#39751,Execution worker Thread 26,5,main]) started.
[        ] > Task :integration_test:extractDeepLinksForAarDebug UP-TO-DATE
[        ] Caching disabled for task ':integration_test:extractDeepLinksForAarDebug' because:
[        ]   Build cache is disabled
[        ] Skipping task ':integration_test:extractDeepLinksForAarDebug' as it is up-to-date.
[        ] Resolve mutations for :integration_test:mergeDebugGeneratedProguardFiles (Thread[#39751,Execution worker Thread 26,5,main]) started.
[        ] :integration_test:mergeDebugGeneratedProguardFiles (Thread[#39751,Execution worker Thread 26,5,main]) started.
[        ] > Task :integration_test:mergeDebugGeneratedProguardFiles UP-TO-DATE
[        ] Caching disabled for task ':integration_test:mergeDebugGeneratedProguardFiles' because:
[        ]   Build cache is disabled
[        ]   Simple merging task
[        ] Skipping task ':integration_test:mergeDebugGeneratedProguardFiles' as it is up-to-date.
[        ] Resolve mutations for :integration_test:mergeDebugConsumerProguardFiles (Thread[#39751,Execution worker Thread 26,5,main]) started.
[        ] :integration_test:mergeDebugConsumerProguardFiles (Thread[#39751,Execution worker Thread 26,5,main]) started.
[        ] > Task :integration_test:mergeDebugConsumerProguardFiles UP-TO-DATE
[        ] Caching disabled for task ':integration_test:mergeDebugConsumerProguardFiles' because:
[        ]   Build cache is disabled
[        ]   Simple merging task
[        ] Skipping task ':integration_test:mergeDebugConsumerProguardFiles' as it is up-to-date.
[        ] Resolve mutations for :integration_test:prepareDebugArtProfile (Thread[#39751,Execution worker Thread 26,5,main]) started.
[        ] :integration_test:prepareDebugArtProfile (Thread[#39751,Execution worker Thread 26,5,main]) started.
[        ] > Task :integration_test:prepareDebugArtProfile UP-TO-DATE
[        ] Caching disabled for task ':integration_test:prepareDebugArtProfile' because:
[        ]   Build cache is disabled
[        ]   Caching has been disabled for the task
[        ] Skipping task ':integration_test:prepareDebugArtProfile' as it is up-to-date.
[        ] Resolve mutations for :integration_test:prepareLintJarForPublish (Thread[#39751,Execution worker Thread 26,5,main]) started.
[        ] :integration_test:prepareLintJarForPublish (Thread[#39751,Execution worker Thread 26,5,main]) started.
[        ] > Task :integration_test:prepareLintJarForPublish UP-TO-DATE
[        ] Caching disabled for task ':integration_test:prepareLintJarForPublish' because:
[        ]   Build cache is disabled
[        ]   Caching has been disabled for the task
[        ] Skipping task ':integration_test:prepareLintJarForPublish' as it is up-to-date.
[        ] Resolve mutations for :integration_test:mergeDebugJavaResource (Thread[#39751,Execution worker Thread 26,5,main]) started.
[        ] :integration_test:mergeDebugJavaResource (Thread[#39751,Execution worker Thread 26,5,main]) started.
[        ] > Task :integration_test:mergeDebugJavaResource UP-TO-DATE
[        ] Caching disabled for task ':integration_test:mergeDebugJavaResource' because:
[        ]   Build cache is disabled
[        ]   Caching has been disabled for the task
[        ] Skipping task ':integration_test:mergeDebugJavaResource' as it is up-to-date.
[        ] Resolve mutations for :integration_test:syncDebugLibJars (Thread[#39751,Execution worker Thread 26,5,main]) started.
[        ] :integration_test:syncDebugLibJars (Thread[#39751,Execution worker Thread 26,5,main]) started.
[        ] > Task :integration_test:syncDebugLibJars UP-TO-DATE
[        ] Caching disabled for task ':integration_test:syncDebugLibJars' because:
[        ]   Build cache is disabled
[        ] Skipping task ':integration_test:syncDebugLibJars' as it is up-to-date.
[        ] Resolve mutations for :integration_test:bundleDebugAar (Thread[#39751,Execution worker Thread 26,5,main]) started.
[        ] :integration_test:bundleDebugAar (Thread[#39751,Execution worker Thread 26,5,main]) started.
[        ] > Task :integration_test:bundleDebugAar UP-TO-DATE
[        ] Caching disabled for task ':integration_test:bundleDebugAar' because:
[        ]   Build cache is disabled
[        ]   Caching has been disabled for the task
[        ] Skipping task ':integration_test:bundleDebugAar' as it is up-to-date.
[        ] Resolve mutations for :integration_test:assembleDebug (Thread[#39751,Execution worker Thread 26,5,main]) started.
[        ] :integration_test:assembleDebug (Thread[#39751,Execution worker Thread 26,5,main]) started.
[        ] > Task :integration_test:assembleDebug UP-TO-DATE
[        ] Skipping task ':integration_test:assembleDebug' as it has no actions.
[        ] Resolve mutations for :path_provider_android:stripDebugDebugSymbols (Thread[#39751,Execution worker Thread 26,5,main]) started.
[        ] :path_provider_android:stripDebugDebugSymbols (Thread[#39751,Execution worker Thread 26,5,main]) started.
[        ] > Task :path_provider_android:stripDebugDebugSymbols NO-SOURCE
[        ] Skipping task ':path_provider_android:stripDebugDebugSymbols' as it has no source files and no previous output files.
[        ] Resolve mutations for :path_provider_android:copyDebugJniLibsProjectAndLocalJars (Thread[#39751,Execution worker Thread 26,5,main]) started.
[        ] :path_provider_android:copyDebugJniLibsProjectAndLocalJars (Thread[#39751,Execution worker Thread 26,5,main]) started.
[        ] > Task :path_provider_android:copyDebugJniLibsProjectAndLocalJars UP-TO-DATE
[        ] Caching disabled for task ':path_provider_android:copyDebugJniLibsProjectAndLocalJars' because:
[        ]   Build cache is disabled
[        ]   Caching has been disabled for the task
[        ] Skipping task ':path_provider_android:copyDebugJniLibsProjectAndLocalJars' as it is up-to-date.
[        ] Resolve mutations for :path_provider_android:extractDebugAnnotations (Thread[#39751,Execution worker Thread 26,5,main]) started.
[        ] :path_provider_android:extractDebugAnnotations (Thread[#39751,Execution worker Thread 26,5,main]) started.
[        ] > Task :path_provider_android:extractDebugAnnotations UP-TO-DATE
[        ] Caching disabled for task ':path_provider_android:extractDebugAnnotations' because:
[        ]   Build cache is disabled
[        ] Skipping task ':path_provider_android:extractDebugAnnotations' as it is up-to-date.
[        ] Resolve mutations for :path_provider_android:extractDeepLinksForAarDebug (Thread[#39751,Execution worker Thread 26,5,main]) started.
[        ] :path_provider_android:extractDeepLinksForAarDebug (Thread[#39751,Execution worker Thread 26,5,main]) started.
[        ] > Task :path_provider_android:extractDeepLinksForAarDebug UP-TO-DATE
[        ] Caching disabled for task ':path_provider_android:extractDeepLinksForAarDebug' because:
[        ]   Build cache is disabled
[        ] Skipping task ':path_provider_android:extractDeepLinksForAarDebug' as it is up-to-date.
[        ] Resolve mutations for :path_provider_android:mergeDebugGeneratedProguardFiles (Thread[#39751,Execution worker Thread 26,5,main]) started.
[        ] :path_provider_android:mergeDebugGeneratedProguardFiles (Thread[#39751,Execution worker Thread 26,5,main]) started.
[        ] > Task :path_provider_android:mergeDebugGeneratedProguardFiles UP-TO-DATE
[        ] Caching disabled for task ':path_provider_android:mergeDebugGeneratedProguardFiles' because:
[        ]   Build cache is disabled
[        ]   Simple merging task
[        ] Skipping task ':path_provider_android:mergeDebugGeneratedProguardFiles' as it is up-to-date.
[        ] Resolve mutations for :path_provider_android:mergeDebugConsumerProguardFiles (Thread[#39751,Execution worker Thread 26,5,main]) started.
[        ] :path_provider_android:mergeDebugConsumerProguardFiles (Thread[#39751,Execution worker Thread 26,5,main]) started.
[        ] > Task :path_provider_android:mergeDebugConsumerProguardFiles UP-TO-DATE
[        ] Caching disabled for task ':path_provider_android:mergeDebugConsumerProguardFiles' because:
[        ]   Build cache is disabled
[        ]   Simple merging task
[        ] Skipping task ':path_provider_android:mergeDebugConsumerProguardFiles' as it is up-to-date.
[        ] Resolve mutations for :path_provider_android:prepareDebugArtProfile (Thread[#39751,Execution worker Thread 26,5,main]) started.
[        ] :path_provider_android:prepareDebugArtProfile (Thread[#39751,Execution worker Thread 26,5,main]) started.
[        ] > Task :path_provider_android:prepareDebugArtProfile UP-TO-DATE
[        ] Caching disabled for task ':path_provider_android:prepareDebugArtProfile' because:
[        ]   Build cache is disabled
[        ]   Caching has been disabled for the task
[        ] Skipping task ':path_provider_android:prepareDebugArtProfile' as it is up-to-date.
[        ] Resolve mutations for :path_provider_android:prepareLintJarForPublish (Thread[#39751,Execution worker Thread 26,5,main]) started.
[        ] :path_provider_android:prepareLintJarForPublish (Thread[#39751,Execution worker Thread 26,5,main]) started.
[        ] > Task :path_provider_android:prepareLintJarForPublish UP-TO-DATE
[        ] Caching disabled for task ':path_provider_android:prepareLintJarForPublish' because:
[        ]   Build cache is disabled
[        ]   Caching has been disabled for the task
[        ] Skipping task ':path_provider_android:prepareLintJarForPublish' as it is up-to-date.
[        ] Resolve mutations for :path_provider_android:mergeDebugJavaResource (Thread[#39751,Execution worker Thread 26,5,main]) started.
[        ] :path_provider_android:mergeDebugJavaResource (Thread[#39751,Execution worker Thread 26,5,main]) started.
[        ] > Task :path_provider_android:mergeDebugJavaResource UP-TO-DATE
[        ] Caching disabled for task ':path_provider_android:mergeDebugJavaResource' because:
[        ]   Build cache is disabled
[        ]   Caching has been disabled for the task
[        ] Skipping task ':path_provider_android:mergeDebugJavaResource' as it is up-to-date.
[        ] Resolve mutations for :path_provider_android:syncDebugLibJars (Thread[#39751,Execution worker Thread 26,5,main]) started.
[        ] :path_provider_android:syncDebugLibJars (Thread[#39751,Execution worker Thread 26,5,main]) started.
[        ] > Task :path_provider_android:syncDebugLibJars UP-TO-DATE
[        ] Caching disabled for task ':path_provider_android:syncDebugLibJars' because:
[        ]   Build cache is disabled
[        ] Skipping task ':path_provider_android:syncDebugLibJars' as it is up-to-date.
[        ] Resolve mutations for :path_provider_android:bundleDebugAar (Thread[#39751,Execution worker Thread 26,5,main]) started.
[        ] :path_provider_android:bundleDebugAar (Thread[#39751,Execution worker Thread 26,5,main]) started.
[        ] > Task :path_provider_android:bundleDebugAar UP-TO-DATE
[        ] Caching disabled for task ':path_provider_android:bundleDebugAar' because:
[        ]   Build cache is disabled
[        ]   Caching has been disabled for the task
[        ] Skipping task ':path_provider_android:bundleDebugAar' as it is up-to-date.
[        ] Resolve mutations for :path_provider_android:assembleDebug (Thread[#39751,Execution worker Thread 26,5,main]) started.
[        ] :path_provider_android:assembleDebug (Thread[#39751,Execution worker Thread 26,5,main]) started.
[        ] > Task :path_provider_android:assembleDebug UP-TO-DATE
[        ] Skipping task ':path_provider_android:assembleDebug' as it has no actions.
[        ] Resolve mutations for :quill_native_bridge_android:stripDebugDebugSymbols (Thread[#39751,Execution worker Thread 26,5,main]) started.
[        ] :quill_native_bridge_android:stripDebugDebugSymbols (Thread[#39751,Execution worker Thread 26,5,main]) started.
[        ] > Task :quill_native_bridge_android:stripDebugDebugSymbols NO-SOURCE
[        ] Skipping task ':quill_native_bridge_android:stripDebugDebugSymbols' as it has no source files and no previous output files.
[        ] Resolve mutations for :quill_native_bridge_android:copyDebugJniLibsProjectAndLocalJars (Thread[#39751,Execution worker Thread 26,5,main]) started.
[        ] :quill_native_bridge_android:copyDebugJniLibsProjectAndLocalJars (Thread[#39751,Execution worker Thread 26,5,main]) started.
[        ] > Task :quill_native_bridge_android:copyDebugJniLibsProjectAndLocalJars UP-TO-DATE
[        ] Caching disabled for task ':quill_native_bridge_android:copyDebugJniLibsProjectAndLocalJars' because:
[        ]   Build cache is disabled
[        ]   Caching has been disabled for the task
[        ] Skipping task ':quill_native_bridge_android:copyDebugJniLibsProjectAndLocalJars' as it is up-to-date.
[        ] Resolve mutations for :quill_native_bridge_android:extractDebugAnnotations (Thread[#39751,Execution worker Thread 26,5,main]) started.
[        ] :quill_native_bridge_android:extractDebugAnnotations (Thread[#39751,Execution worker Thread 26,5,main]) started.
[        ] > Task :quill_native_bridge_android:extractDebugAnnotations UP-TO-DATE
[        ] Caching disabled for task ':quill_native_bridge_android:extractDebugAnnotations' because:
[        ]   Build cache is disabled
[        ] Skipping task ':quill_native_bridge_android:extractDebugAnnotations' as it is up-to-date.
[        ] Resolve mutations for :quill_native_bridge_android:extractDeepLinksForAarDebug (Thread[#39751,Execution worker Thread 26,5,main]) started.
[        ] :quill_native_bridge_android:extractDeepLinksForAarDebug (Thread[#39751,Execution worker Thread 26,5,main]) started.
[        ] > Task :quill_native_bridge_android:extractDeepLinksForAarDebug UP-TO-DATE
[        ] Caching disabled for task ':quill_native_bridge_android:extractDeepLinksForAarDebug' because:
[        ]   Build cache is disabled
[        ] Skipping task ':quill_native_bridge_android:extractDeepLinksForAarDebug' as it is up-to-date.
[        ] Resolve mutations for :quill_native_bridge_android:mergeDebugGeneratedProguardFiles (Thread[#39751,Execution worker Thread 26,5,main]) started.
[        ] :quill_native_bridge_android:mergeDebugGeneratedProguardFiles (Thread[#39751,Execution worker Thread 26,5,main]) started.
[        ] > Task :quill_native_bridge_android:mergeDebugGeneratedProguardFiles UP-TO-DATE
[        ] Caching disabled for task ':quill_native_bridge_android:mergeDebugGeneratedProguardFiles' because:
[        ]   Build cache is disabled
[        ]   Simple merging task
[        ] Skipping task ':quill_native_bridge_android:mergeDebugGeneratedProguardFiles' as it is up-to-date.
[        ] Resolve mutations for :quill_native_bridge_android:mergeDebugConsumerProguardFiles (Thread[#39751,Execution worker Thread 26,5,main]) started.
[        ] :quill_native_bridge_android:mergeDebugConsumerProguardFiles (Thread[#39751,Execution worker Thread 26,5,main]) started.
[        ] > Task :quill_native_bridge_android:mergeDebugConsumerProguardFiles UP-TO-DATE
[        ] Caching disabled for task ':quill_native_bridge_android:mergeDebugConsumerProguardFiles' because:
[        ]   Build cache is disabled
[        ]   Simple merging task
[        ] Skipping task ':quill_native_bridge_android:mergeDebugConsumerProguardFiles' as it is up-to-date.
[        ] Resolve mutations for :quill_native_bridge_android:prepareDebugArtProfile (Thread[#39751,Execution worker Thread 26,5,main]) started.
[        ] :quill_native_bridge_android:prepareDebugArtProfile (Thread[#39751,Execution worker Thread 26,5,main]) started.
[        ] > Task :quill_native_bridge_android:prepareDebugArtProfile UP-TO-DATE
[        ] Caching disabled for task ':quill_native_bridge_android:prepareDebugArtProfile' because:
[        ]   Build cache is disabled
[        ]   Caching has been disabled for the task
[        ] Skipping task ':quill_native_bridge_android:prepareDebugArtProfile' as it is up-to-date.
[        ] Resolve mutations for :quill_native_bridge_android:prepareLintJarForPublish (Thread[#39751,Execution worker Thread 26,5,main]) started.
[        ] :quill_native_bridge_android:prepareLintJarForPublish (Thread[#39751,Execution worker Thread 26,5,main]) started.
[        ] > Task :quill_native_bridge_android:prepareLintJarForPublish UP-TO-DATE
[        ] Caching disabled for task ':quill_native_bridge_android:prepareLintJarForPublish' because:
[        ]   Build cache is disabled
[        ]   Caching has been disabled for the task
[        ] Skipping task ':quill_native_bridge_android:prepareLintJarForPublish' as it is up-to-date.
[        ] Resolve mutations for :quill_native_bridge_android:mergeDebugJavaResource (Thread[#39751,Execution worker Thread 26,5,main]) started.
[        ] :quill_native_bridge_android:mergeDebugJavaResource (Thread[#39751,Execution worker Thread 26,5,main]) started.
[        ] > Task :quill_native_bridge_android:mergeDebugJavaResource UP-TO-DATE
[        ] Caching disabled for task ':quill_native_bridge_android:mergeDebugJavaResource' because:
[        ]   Build cache is disabled
[        ]   Caching has been disabled for the task
[        ] Skipping task ':quill_native_bridge_android:mergeDebugJavaResource' as it is up-to-date.
[        ] Resolve mutations for :quill_native_bridge_android:syncDebugLibJars (Thread[#39751,Execution worker Thread 26,5,main]) started.
[        ] :quill_native_bridge_android:syncDebugLibJars (Thread[#39751,Execution worker Thread 26,5,main]) started.
[        ] > Task :quill_native_bridge_android:syncDebugLibJars UP-TO-DATE
[        ] Caching disabled for task ':quill_native_bridge_android:syncDebugLibJars' because:
[        ]   Build cache is disabled
[        ] Skipping task ':quill_native_bridge_android:syncDebugLibJars' as it is up-to-date.
[        ] Resolve mutations for :quill_native_bridge_android:bundleDebugAar (Thread[#39751,Execution worker Thread 26,5,main]) started.
[        ] :quill_native_bridge_android:bundleDebugAar (Thread[#39751,Execution worker Thread 26,5,main]) started.
[        ] > Task :quill_native_bridge_android:bundleDebugAar UP-TO-DATE
[        ] Caching disabled for task ':quill_native_bridge_android:bundleDebugAar' because:
[        ]   Build cache is disabled
[        ]   Caching has been disabled for the task
[        ] Skipping task ':quill_native_bridge_android:bundleDebugAar' as it is up-to-date.
[        ] Resolve mutations for :quill_native_bridge_android:assembleDebug (Thread[#39751,Execution worker Thread 26,5,main]) started.
[        ] :quill_native_bridge_android:assembleDebug (Thread[#39751,Execution worker Thread 26,5,main]) started.
[        ] > Task :quill_native_bridge_android:assembleDebug UP-TO-DATE
[        ] Skipping task ':quill_native_bridge_android:assembleDebug' as it has no actions.
[        ] Resolve mutations for :shared_preferences_android:stripDebugDebugSymbols (Thread[#39751,Execution worker Thread 26,5,main]) started.
[        ] :shared_preferences_android:stripDebugDebugSymbols (Thread[#39751,Execution worker Thread 26,5,main]) started.
[        ] > Task :shared_preferences_android:stripDebugDebugSymbols NO-SOURCE
[        ] Skipping task ':shared_preferences_android:stripDebugDebugSymbols' as it has no source files and no previous output files.
[        ] Resolve mutations for :shared_preferences_android:copyDebugJniLibsProjectAndLocalJars (Thread[#39751,Execution worker Thread 26,5,main]) started.
[        ] :shared_preferences_android:copyDebugJniLibsProjectAndLocalJars (Thread[#39751,Execution worker Thread 26,5,main]) started.
[        ] > Task :shared_preferences_android:copyDebugJniLibsProjectAndLocalJars UP-TO-DATE
[        ] Caching disabled for task ':shared_preferences_android:copyDebugJniLibsProjectAndLocalJars' because:
[        ]   Build cache is disabled
[        ]   Caching has been disabled for the task
[        ] Skipping task ':shared_preferences_android:copyDebugJniLibsProjectAndLocalJars' as it is up-to-date.
[        ] Resolve mutations for :shared_preferences_android:extractDebugAnnotations (Thread[#39751,Execution worker Thread 26,5,main]) started.
[        ] :shared_preferences_android:extractDebugAnnotations (Thread[#39751,Execution worker Thread 26,5,main]) started.
[        ] > Task :shared_preferences_android:extractDebugAnnotations UP-TO-DATE
[        ] Caching disabled for task ':shared_preferences_android:extractDebugAnnotations' because:
[        ]   Build cache is disabled
[        ] Skipping task ':shared_preferences_android:extractDebugAnnotations' as it is up-to-date.
[        ] Resolve mutations for :shared_preferences_android:extractDeepLinksForAarDebug (Thread[#39751,Execution worker Thread 26,5,main]) started.
[        ] :shared_preferences_android:extractDeepLinksForAarDebug (Thread[#39751,Execution worker Thread 26,5,main]) started.
[        ] > Task :shared_preferences_android:extractDeepLinksForAarDebug UP-TO-DATE
[        ] Caching disabled for task ':shared_preferences_android:extractDeepLinksForAarDebug' because:
[        ]   Build cache is disabled
[        ] Skipping task ':shared_preferences_android:extractDeepLinksForAarDebug' as it is up-to-date.
[        ] Resolve mutations for :shared_preferences_android:mergeDebugGeneratedProguardFiles (Thread[#39751,Execution worker Thread 26,5,main]) started.
[        ] :shared_preferences_android:mergeDebugGeneratedProguardFiles (Thread[#39751,Execution worker Thread 26,5,main]) started.
[        ] > Task :shared_preferences_android:mergeDebugGeneratedProguardFiles UP-TO-DATE
[        ] Caching disabled for task ':shared_preferences_android:mergeDebugGeneratedProguardFiles' because:
[        ]   Build cache is disabled
[        ]   Simple merging task
[        ] Skipping task ':shared_preferences_android:mergeDebugGeneratedProguardFiles' as it is up-to-date.
[        ] Resolve mutations for :shared_preferences_android:mergeDebugConsumerProguardFiles (Thread[#39751,Execution worker Thread 26,5,main]) started.
[        ] :shared_preferences_android:mergeDebugConsumerProguardFiles (Thread[#39751,Execution worker Thread 26,5,main]) started.
[        ] > Task :shared_preferences_android:mergeDebugConsumerProguardFiles UP-TO-DATE
[        ] Caching disabled for task ':shared_preferences_android:mergeDebugConsumerProguardFiles' because:
[        ]   Build cache is disabled
[        ]   Simple merging task
[        ] Skipping task ':shared_preferences_android:mergeDebugConsumerProguardFiles' as it is up-to-date.
[        ] Resolve mutations for :shared_preferences_android:prepareDebugArtProfile (Thread[#39751,Execution worker Thread 26,5,main]) started.
[        ] :shared_preferences_android:prepareDebugArtProfile (Thread[#39751,Execution worker Thread 26,5,main]) started.
[        ] > Task :shared_preferences_android:prepareDebugArtProfile UP-TO-DATE
[        ] Caching disabled for task ':shared_preferences_android:prepareDebugArtProfile' because:
[        ]   Build cache is disabled
[        ]   Caching has been disabled for the task
[        ] Skipping task ':shared_preferences_android:prepareDebugArtProfile' as it is up-to-date.
[        ] Resolve mutations for :shared_preferences_android:prepareLintJarForPublish (Thread[#39751,Execution worker Thread 26,5,main]) started.
[        ] :shared_preferences_android:prepareLintJarForPublish (Thread[#39751,Execution worker Thread 26,5,main]) started.
[        ] > Task :shared_preferences_android:prepareLintJarForPublish UP-TO-DATE
[        ] Caching disabled for task ':shared_preferences_android:prepareLintJarForPublish' because:
[        ]   Build cache is disabled
[        ]   Caching has been disabled for the task
[        ] Skipping task ':shared_preferences_android:prepareLintJarForPublish' as it is up-to-date.
[        ] Resolve mutations for :shared_preferences_android:mergeDebugJavaResource (Thread[#39751,Execution worker Thread 26,5,main]) started.
[        ] :shared_preferences_android:mergeDebugJavaResource (Thread[#39751,Execution worker Thread 26,5,main]) started.
[        ] > Task :shared_preferences_android:mergeDebugJavaResource UP-TO-DATE
[        ] Caching disabled for task ':shared_preferences_android:mergeDebugJavaResource' because:
[        ]   Build cache is disabled
[        ]   Caching has been disabled for the task
[        ] Skipping task ':shared_preferences_android:mergeDebugJavaResource' as it is up-to-date.
[        ] Resolve mutations for :shared_preferences_android:syncDebugLibJars (Thread[#39751,Execution worker Thread 26,5,main]) started.
[        ] :shared_preferences_android:syncDebugLibJars (Thread[#39751,Execution worker Thread 26,5,main]) started.
[        ] > Task :shared_preferences_android:syncDebugLibJars UP-TO-DATE
[        ] Caching disabled for task ':shared_preferences_android:syncDebugLibJars' because:
[        ]   Build cache is disabled
[        ] Skipping task ':shared_preferences_android:syncDebugLibJars' as it is up-to-date.
[        ] Resolve mutations for :shared_preferences_android:bundleDebugAar (Thread[#39751,Execution worker Thread 26,5,main]) started.
[        ] :shared_preferences_android:bundleDebugAar (Thread[#39751,Execution worker Thread 26,5,main]) started.
[        ] > Task :shared_preferences_android:bundleDebugAar UP-TO-DATE
[        ] Caching disabled for task ':shared_preferences_android:bundleDebugAar' because:
[        ]   Build cache is disabled
[        ]   Caching has been disabled for the task
[        ] Skipping task ':shared_preferences_android:bundleDebugAar' as it is up-to-date.
[        ] Resolve mutations for :shared_preferences_android:assembleDebug (Thread[#39751,Execution worker Thread 26,5,main]) started.
[        ] :shared_preferences_android:assembleDebug (Thread[#39751,Execution worker Thread 26,5,main]) started.
[        ] > Task :shared_preferences_android:assembleDebug UP-TO-DATE
[        ] Skipping task ':shared_preferences_android:assembleDebug' as it has no actions.
[        ] Resolve mutations for :sqflite_android:stripDebugDebugSymbols (Thread[#39751,Execution worker Thread 26,5,main]) started.
[        ] :sqflite_android:stripDebugDebugSymbols (Thread[#39751,Execution worker Thread 26,5,main]) started.
[        ] > Task :sqflite_android:stripDebugDebugSymbols NO-SOURCE
[        ] Skipping task ':sqflite_android:stripDebugDebugSymbols' as it has no source files and no previous output files.
[        ] Resolve mutations for :sqflite_android:copyDebugJniLibsProjectAndLocalJars (Thread[#39751,Execution worker Thread 26,5,main]) started.
[        ] :sqflite_android:copyDebugJniLibsProjectAndLocalJars (Thread[#39751,Execution worker Thread 26,5,main]) started.
[        ] > Task :sqflite_android:copyDebugJniLibsProjectAndLocalJars UP-TO-DATE
[        ] Caching disabled for task ':sqflite_android:copyDebugJniLibsProjectAndLocalJars' because:
[        ]   Build cache is disabled
[        ]   Caching has been disabled for the task
[        ] Skipping task ':sqflite_android:copyDebugJniLibsProjectAndLocalJars' as it is up-to-date.
[        ] Resolve mutations for :sqflite_android:extractDebugAnnotations (Thread[#39751,Execution worker Thread 26,5,main]) started.
[        ] :sqflite_android:extractDebugAnnotations (Thread[#39751,Execution worker Thread 26,5,main]) started.
[        ] > Task :sqflite_android:extractDebugAnnotations UP-TO-DATE
[        ] Caching disabled for task ':sqflite_android:extractDebugAnnotations' because:
[        ]   Build cache is disabled
[        ] Skipping task ':sqflite_android:extractDebugAnnotations' as it is up-to-date.
[        ] Resolve mutations for :sqflite_android:extractDeepLinksForAarDebug (Thread[#39751,Execution worker Thread 26,5,main]) started.
[        ] :sqflite_android:extractDeepLinksForAarDebug (Thread[#39751,Execution worker Thread 26,5,main]) started.
[        ] > Task :sqflite_android:extractDeepLinksForAarDebug UP-TO-DATE
[        ] Caching disabled for task ':sqflite_android:extractDeepLinksForAarDebug' because:
[        ]   Build cache is disabled
[        ] Skipping task ':sqflite_android:extractDeepLinksForAarDebug' as it is up-to-date.
[        ] Resolve mutations for :sqflite_android:mergeDebugGeneratedProguardFiles (Thread[#39751,Execution worker Thread 26,5,main]) started.
[        ] :sqflite_android:mergeDebugGeneratedProguardFiles (Thread[#39751,Execution worker Thread 26,5,main]) started.
[        ] > Task :sqflite_android:mergeDebugGeneratedProguardFiles UP-TO-DATE
[        ] Caching disabled for task ':sqflite_android:mergeDebugGeneratedProguardFiles' because:
[        ]   Build cache is disabled
[        ]   Simple merging task
[        ] Skipping task ':sqflite_android:mergeDebugGeneratedProguardFiles' as it is up-to-date.
[        ] Resolve mutations for :sqflite_android:mergeDebugConsumerProguardFiles (Thread[#39751,Execution worker Thread 26,5,main]) started.
[        ] :sqflite_android:mergeDebugConsumerProguardFiles (Thread[#39751,Execution worker Thread 26,5,main]) started.
[        ] > Task :sqflite_android:mergeDebugConsumerProguardFiles UP-TO-DATE
[        ] Caching disabled for task ':sqflite_android:mergeDebugConsumerProguardFiles' because:
[        ]   Build cache is disabled
[        ]   Simple merging task
[        ] Skipping task ':sqflite_android:mergeDebugConsumerProguardFiles' as it is up-to-date.
[        ] Resolve mutations for :sqflite_android:prepareDebugArtProfile (Thread[#39751,Execution worker Thread 26,5,main]) started.
[        ] :sqflite_android:prepareDebugArtProfile (Thread[#39751,Execution worker Thread 26,5,main]) started.
[        ] > Task :sqflite_android:prepareDebugArtProfile UP-TO-DATE
[        ] Caching disabled for task ':sqflite_android:prepareDebugArtProfile' because:
[        ]   Build cache is disabled
[        ]   Caching has been disabled for the task
[        ] Skipping task ':sqflite_android:prepareDebugArtProfile' as it is up-to-date.
[        ] Resolve mutations for :sqflite_android:prepareLintJarForPublish (Thread[#39751,Execution worker Thread 26,5,main]) started.
[        ] :sqflite_android:prepareLintJarForPublish (Thread[#39751,Execution worker Thread 26,5,main]) started.
[        ] > Task :sqflite_android:prepareLintJarForPublish UP-TO-DATE
[        ] Caching disabled for task ':sqflite_android:prepareLintJarForPublish' because:
[        ]   Build cache is disabled
[        ]   Caching has been disabled for the task
[        ] Skipping task ':sqflite_android:prepareLintJarForPublish' as it is up-to-date.
[        ] Resolve mutations for :sqflite_android:mergeDebugJavaResource (Thread[#39751,Execution worker Thread 26,5,main]) started.
[        ] :sqflite_android:mergeDebugJavaResource (Thread[#39751,Execution worker Thread 26,5,main]) started.
[        ] > Task :sqflite_android:mergeDebugJavaResource UP-TO-DATE
[        ] Caching disabled for task ':sqflite_android:mergeDebugJavaResource' because:
[        ]   Build cache is disabled
[        ]   Caching has been disabled for the task
[        ] Skipping task ':sqflite_android:mergeDebugJavaResource' as it is up-to-date.
[        ] Resolve mutations for :sqflite_android:syncDebugLibJars (Thread[#39751,Execution worker Thread 26,5,main]) started.
[        ] :sqflite_android:syncDebugLibJars (Thread[#39751,Execution worker Thread 26,5,main]) started.
[        ] > Task :sqflite_android:syncDebugLibJars UP-TO-DATE
[        ] Caching disabled for task ':sqflite_android:syncDebugLibJars' because:
[        ]   Build cache is disabled
[        ] Skipping task ':sqflite_android:syncDebugLibJars' as it is up-to-date.
[        ] Resolve mutations for :sqflite_android:bundleDebugAar (Thread[#39751,Execution worker Thread 26,5,main]) started.
[        ] :sqflite_android:bundleDebugAar (Thread[#39751,Execution worker Thread 26,5,main]) started.
[        ] > Task :sqflite_android:bundleDebugAar UP-TO-DATE
[        ] Caching disabled for task ':sqflite_android:bundleDebugAar' because:
[        ]   Build cache is disabled
[        ]   Caching has been disabled for the task
[        ] Skipping task ':sqflite_android:bundleDebugAar' as it is up-to-date.
[        ] Resolve mutations for :sqflite_android:assembleDebug (Thread[#39751,Execution worker Thread 26,5,main]) started.
[        ] :sqflite_android:assembleDebug (Thread[#39751,Execution worker Thread 26,5,main]) started.
[        ] > Task :sqflite_android:assembleDebug UP-TO-DATE
[        ] Skipping task ':sqflite_android:assembleDebug' as it has no actions.
[        ] Resolve mutations for :url_launcher_android:stripDebugDebugSymbols (Thread[#39751,Execution worker Thread 26,5,main]) started.
[        ] :url_launcher_android:stripDebugDebugSymbols (Thread[#39751,Execution worker Thread 26,5,main]) started.
[        ] > Task :url_launcher_android:stripDebugDebugSymbols NO-SOURCE
[        ] Skipping task ':url_launcher_android:stripDebugDebugSymbols' as it has no source files and no previous output files.
[        ] Resolve mutations for :url_launcher_android:copyDebugJniLibsProjectAndLocalJars (Thread[#39751,Execution worker Thread 26,5,main]) started.
[        ] :url_launcher_android:copyDebugJniLibsProjectAndLocalJars (Thread[#39751,Execution worker Thread 26,5,main]) started.
[        ] > Task :url_launcher_android:copyDebugJniLibsProjectAndLocalJars UP-TO-DATE
[        ] Caching disabled for task ':url_launcher_android:copyDebugJniLibsProjectAndLocalJars' because:
[        ]   Build cache is disabled
[        ]   Caching has been disabled for the task
[        ] Skipping task ':url_launcher_android:copyDebugJniLibsProjectAndLocalJars' as it is up-to-date.
[        ] Resolve mutations for :url_launcher_android:extractDebugAnnotations (Thread[#39751,Execution worker Thread 26,5,main]) started.
[        ] :url_launcher_android:extractDebugAnnotations (Thread[#39751,Execution worker Thread 26,5,main]) started.
[        ] > Task :url_launcher_android:extractDebugAnnotations UP-TO-DATE
[        ] Caching disabled for task ':url_launcher_android:extractDebugAnnotations' because:
[        ]   Build cache is disabled
[        ] Skipping task ':url_launcher_android:extractDebugAnnotations' as it is up-to-date.
[        ] Resolve mutations for :url_launcher_android:extractDeepLinksForAarDebug (Thread[#39751,Execution worker Thread 26,5,main]) started.
[        ] :url_launcher_android:extractDeepLinksForAarDebug (Thread[#39751,Execution worker Thread 26,5,main]) started.
[        ] > Task :url_launcher_android:extractDeepLinksForAarDebug UP-TO-DATE
[        ] Caching disabled for task ':url_launcher_android:extractDeepLinksForAarDebug' because:
[        ]   Build cache is disabled
[        ] Skipping task ':url_launcher_android:extractDeepLinksForAarDebug' as it is up-to-date.
[        ] Resolve mutations for :url_launcher_android:mergeDebugGeneratedProguardFiles (Thread[#39751,Execution worker Thread 26,5,main]) started.
[        ] :url_launcher_android:mergeDebugGeneratedProguardFiles (Thread[#39751,Execution worker Thread 26,5,main]) started.
[        ] > Task :url_launcher_android:mergeDebugGeneratedProguardFiles UP-TO-DATE
[        ] Caching disabled for task ':url_launcher_android:mergeDebugGeneratedProguardFiles' because:
[        ]   Build cache is disabled
[        ]   Simple merging task
[        ] Skipping task ':url_launcher_android:mergeDebugGeneratedProguardFiles' as it is up-to-date.
[        ] Resolve mutations for :url_launcher_android:mergeDebugConsumerProguardFiles (Thread[#39751,Execution worker Thread 26,5,main]) started.
[        ] :url_launcher_android:mergeDebugConsumerProguardFiles (Thread[#39751,Execution worker Thread 26,5,main]) started.
[        ] > Task :url_launcher_android:mergeDebugConsumerProguardFiles UP-TO-DATE
[        ] Caching disabled for task ':url_launcher_android:mergeDebugConsumerProguardFiles' because:
[        ]   Build cache is disabled
[        ]   Simple merging task
[        ] Skipping task ':url_launcher_android:mergeDebugConsumerProguardFiles' as it is up-to-date.
[        ] Resolve mutations for :url_launcher_android:prepareDebugArtProfile (Thread[#39751,Execution worker Thread 26,5,main]) started.
[        ] :url_launcher_android:prepareDebugArtProfile (Thread[#39751,Execution worker Thread 26,5,main]) started.
[        ] > Task :url_launcher_android:prepareDebugArtProfile UP-TO-DATE
[        ] Caching disabled for task ':url_launcher_android:prepareDebugArtProfile' because:
[        ]   Build cache is disabled
[        ]   Caching has been disabled for the task
[        ] Skipping task ':url_launcher_android:prepareDebugArtProfile' as it is up-to-date.
[        ] Resolve mutations for :url_launcher_android:prepareLintJarForPublish (Thread[#39751,Execution worker Thread 26,5,main]) started.
[        ] :url_launcher_android:prepareLintJarForPublish (Thread[#39751,Execution worker Thread 26,5,main]) started.
[        ] > Task :url_launcher_android:prepareLintJarForPublish UP-TO-DATE
[        ] Caching disabled for task ':url_launcher_android:prepareLintJarForPublish' because:
[        ]   Build cache is disabled
[        ]   Caching has been disabled for the task
[        ] Skipping task ':url_launcher_android:prepareLintJarForPublish' as it is up-to-date.
[        ] Resolve mutations for :url_launcher_android:mergeDebugJavaResource (Thread[#39751,Execution worker Thread 26,5,main]) started.
[        ] :url_launcher_android:mergeDebugJavaResource (Thread[#39751,Execution worker Thread 26,5,main]) started.
[        ] > Task :url_launcher_android:mergeDebugJavaResource UP-TO-DATE
[        ] Caching disabled for task ':url_launcher_android:mergeDebugJavaResource' because:
[        ]   Build cache is disabled
[        ]   Caching has been disabled for the task
[        ] Skipping task ':url_launcher_android:mergeDebugJavaResource' as it is up-to-date.
[        ] Resolve mutations for :url_launcher_android:syncDebugLibJars (Thread[#39751,Execution worker Thread 26,5,main]) started.
[        ] :url_launcher_android:syncDebugLibJars (Thread[#39751,Execution worker Thread 26,5,main]) started.
[        ] > Task :url_launcher_android:syncDebugLibJars UP-TO-DATE
[        ] Caching disabled for task ':url_launcher_android:syncDebugLibJars' because:
[        ]   Build cache is disabled
[        ] Skipping task ':url_launcher_android:syncDebugLibJars' as it is up-to-date.
[        ] Resolve mutations for :url_launcher_android:bundleDebugAar (Thread[#39751,Execution worker Thread 26,5,main]) started.
[        ] :url_launcher_android:bundleDebugAar (Thread[#39751,Execution worker Thread 26,5,main]) started.
[        ] > Task :url_launcher_android:bundleDebugAar UP-TO-DATE
[        ] Caching disabled for task ':url_launcher_android:bundleDebugAar' because:
[        ]   Build cache is disabled
[        ]   Caching has been disabled for the task
[        ] Skipping task ':url_launcher_android:bundleDebugAar' as it is up-to-date.
[        ] Resolve mutations for :url_launcher_android:assembleDebug (Thread[#39751,Execution worker Thread 26,5,main]) started.
[        ] :url_launcher_android:assembleDebug (Thread[#39751,Execution worker Thread 26,5,main]) started.
[        ] > Task :url_launcher_android:assembleDebug UP-TO-DATE
[        ] Skipping task ':url_launcher_android:assembleDebug' as it has no actions.
[        ] Resolve mutations for :video_player_android:stripDebugDebugSymbols (Thread[#39751,Execution worker Thread 26,5,main]) started.
[        ] :video_player_android:stripDebugDebugSymbols (Thread[#39751,Execution worker Thread 26,5,main]) started.
[        ] > Task :video_player_android:stripDebugDebugSymbols NO-SOURCE
[        ] Skipping task ':video_player_android:stripDebugDebugSymbols' as it has no source files and no previous output files.
[        ] Resolve mutations for :video_player_android:copyDebugJniLibsProjectAndLocalJars (Thread[#39751,Execution worker Thread 26,5,main]) started.
[        ] :video_player_android:copyDebugJniLibsProjectAndLocalJars (Thread[#39751,Execution worker Thread 26,5,main]) started.
[        ] > Task :video_player_android:copyDebugJniLibsProjectAndLocalJars UP-TO-DATE
[        ] Caching disabled for task ':video_player_android:copyDebugJniLibsProjectAndLocalJars' because:
[        ]   Build cache is disabled
[        ]   Caching has been disabled for the task
[        ] Skipping task ':video_player_android:copyDebugJniLibsProjectAndLocalJars' as it is up-to-date.
[        ] Resolve mutations for :video_player_android:extractDebugAnnotations (Thread[#39751,Execution worker Thread 26,5,main]) started.
[        ] :video_player_android:extractDebugAnnotations (Thread[#39751,Execution worker Thread 26,5,main]) started.
[        ] > Task :video_player_android:extractDebugAnnotations UP-TO-DATE
[        ] Caching disabled for task ':video_player_android:extractDebugAnnotations' because:
[        ]   Build cache is disabled
[        ] Skipping task ':video_player_android:extractDebugAnnotations' as it is up-to-date.
[        ] Resolve mutations for :video_player_android:extractDeepLinksForAarDebug (Thread[#39751,Execution worker Thread 26,5,main]) started.
[        ] :video_player_android:extractDeepLinksForAarDebug (Thread[#39751,Execution worker Thread 26,5,main]) started.
[        ] > Task :video_player_android:extractDeepLinksForAarDebug UP-TO-DATE
[        ] Caching disabled for task ':video_player_android:extractDeepLinksForAarDebug' because:
[        ]   Build cache is disabled
[        ] Skipping task ':video_player_android:extractDeepLinksForAarDebug' as it is up-to-date.
[        ] Resolve mutations for :video_player_android:mergeDebugGeneratedProguardFiles (Thread[#39751,Execution worker Thread 26,5,main]) started.
[        ] :video_player_android:mergeDebugGeneratedProguardFiles (Thread[#39751,Execution worker Thread 26,5,main]) started.
[        ] > Task :video_player_android:mergeDebugGeneratedProguardFiles UP-TO-DATE
[        ] Caching disabled for task ':video_player_android:mergeDebugGeneratedProguardFiles' because:
[        ]   Build cache is disabled
[        ]   Simple merging task
[        ] Skipping task ':video_player_android:mergeDebugGeneratedProguardFiles' as it is up-to-date.
[        ] Resolve mutations for :video_player_android:mergeDebugConsumerProguardFiles (Thread[#39751,Execution worker Thread 26,5,main]) started.
[        ] :video_player_android:mergeDebugConsumerProguardFiles (Thread[#39751,Execution worker Thread 26,5,main]) started.
[        ] > Task :video_player_android:mergeDebugConsumerProguardFiles UP-TO-DATE
[        ] Caching disabled for task ':video_player_android:mergeDebugConsumerProguardFiles' because:
[        ]   Build cache is disabled
[        ]   Simple merging task
[        ] Skipping task ':video_player_android:mergeDebugConsumerProguardFiles' as it is up-to-date.
[        ] Resolve mutations for :video_player_android:prepareDebugArtProfile (Thread[#39751,Execution worker Thread 26,5,main]) started.
[        ] :video_player_android:prepareDebugArtProfile (Thread[#39751,Execution worker Thread 26,5,main]) started.
[        ] > Task :video_player_android:prepareDebugArtProfile UP-TO-DATE
[        ] Caching disabled for task ':video_player_android:prepareDebugArtProfile' because:
[        ]   Build cache is disabled
[        ]   Caching has been disabled for the task
[        ] Skipping task ':video_player_android:prepareDebugArtProfile' as it is up-to-date.
[        ] Resolve mutations for :video_player_android:prepareLintJarForPublish (Thread[#39751,Execution worker Thread 26,5,main]) started.
[        ] :video_player_android:prepareLintJarForPublish (Thread[#39751,Execution worker Thread 26,5,main]) started.
[        ] > Task :video_player_android:prepareLintJarForPublish UP-TO-DATE
[        ] Caching disabled for task ':video_player_android:prepareLintJarForPublish' because:
[        ]   Build cache is disabled
[        ]   Caching has been disabled for the task
[        ] Skipping task ':video_player_android:prepareLintJarForPublish' as it is up-to-date.
[        ] Resolve mutations for :video_player_android:mergeDebugJavaResource (Thread[#39751,Execution worker Thread 26,5,main]) started.
[        ] :video_player_android:mergeDebugJavaResource (Thread[#39751,Execution worker Thread 26,5,main]) started.
[        ] > Task :video_player_android:mergeDebugJavaResource UP-TO-DATE
[        ] Caching disabled for task ':video_player_android:mergeDebugJavaResource' because:
[        ]   Build cache is disabled
[        ]   Caching has been disabled for the task
[        ] Skipping task ':video_player_android:mergeDebugJavaResource' as it is up-to-date.
[        ] Resolve mutations for :video_player_android:syncDebugLibJars (Thread[#39751,Execution worker Thread 26,5,main]) started.
[        ] :video_player_android:syncDebugLibJars (Thread[#39751,Execution worker Thread 26,5,main]) started.
[        ] > Task :video_player_android:syncDebugLibJars UP-TO-DATE
[        ] Caching disabled for task ':video_player_android:syncDebugLibJars' because:
[        ]   Build cache is disabled
[        ] Skipping task ':video_player_android:syncDebugLibJars' as it is up-to-date.
[        ] Resolve mutations for :video_player_android:bundleDebugAar (Thread[#39751,Execution worker Thread 26,5,main]) started.
[        ] :video_player_android:bundleDebugAar (Thread[#39751,Execution worker Thread 26,5,main]) started.
[        ] > Task :video_player_android:bundleDebugAar UP-TO-DATE
[        ] Caching disabled for task ':video_player_android:bundleDebugAar' because:
[        ]   Build cache is disabled
[        ]   Caching has been disabled for the task
[        ] Skipping task ':video_player_android:bundleDebugAar' as it is up-to-date.
[        ] Resolve mutations for :video_player_android:assembleDebug (Thread[#39751,Execution worker Thread 26,5,main]) started.
[        ] :video_player_android:assembleDebug (Thread[#39751,Execution worker Thread 26,5,main]) started.
[        ] > Task :video_player_android:assembleDebug UP-TO-DATE
[        ] Skipping task ':video_player_android:assembleDebug' as it has no actions.
[ +280 ms] > Task :app:compressDebugAssets
[        ] Caching disabled for task ':app:compressDebugAssets' because:
[        ]   Build cache is disabled
[        ] Task ':app:compressDebugAssets' is not up-to-date because:
[        ]   Input property 'inputDirs' file /Users/florian/Code/substitution/build/app/intermediates/assets/debug/mergeDebugAssets/flutter_assets/kernel_blob.bin has changed.
[        ] Resolve mutations for :app:packageDebug (Thread[#39731,Execution worker Thread 6,5,main]) started.
[        ] :app:packageDebug (Thread[#39731,Execution worker Thread 6,5,main]) started.
06:32 +3 -16: loading /Users/florian/Code/substitution/integration_test/key_verification_test.dart                                                                                                     [ +298 ms] > Task :app:packageDebug
[        ] Custom actions are attached to task ':app:packageDebug'.
[        ] Caching disabled for task ':app:packageDebug' because:
[        ]   Build cache is disabled
[        ]   Caching has been disabled for the task
[        ] Task ':app:packageDebug' is not up-to-date because:
[        ]   Input property 'assets' file /Users/florian/Code/substitution/build/app/intermediates/compressed_assets/debug/compressDebugAssets/out/assets/flutter_assets/kernel_blob.bin.jar has changed.
[        ] Resolve mutations for :app:createDebugApkListingFileRedirect (Thread[#39731,Execution worker Thread 6,5,main]) started.
[        ] :app:createDebugApkListingFileRedirect (Thread[#39731,Execution worker Thread 6,5,main]) started.
[        ] > Task :app:createDebugApkListingFileRedirect UP-TO-DATE
[        ] Caching disabled for task ':app:createDebugApkListingFileRedirect' because:
[        ]   Build cache is disabled
[        ]   Caching has been disabled for the task
[        ] Skipping task ':app:createDebugApkListingFileRedirect' as it is up-to-date.
[        ] Resolve mutations for :app:assembleDebug (Thread[#39731,Execution worker Thread 6,5,main]) started.
[        ] :app:assembleDebug (Thread[#39731,Execution worker Thread 6,5,main]) started.
[  +95 ms] > Task :app:assembleDebug
[        ] Caching disabled for task ':app:assembleDebug' because:
[        ]   Build cache is disabled
[        ] Task ':app:assembleDebug' is not up-to-date because:
[        ]   Task has not declared any outputs despite executing actions.
[        ] [Incubating] Problems report is available at: file:///Users/florian/Code/substitution/build/reports/problems/problems-report.html
[        ] Deprecated Gradle features were used in this build, making it incompatible with Gradle 9.0.
[        ] You can use '--warning-mode all' to show the individual deprecation warnings and determine if they come from your own scripts or plugins.
[        ] For more on this, please refer to https://docs.gradle.org/8.12.1/userguide/command_line_interface.html#sec:command_line_warnings in the Gradle documentation.
[        ] BUILD SUCCESSFUL in 8s
[        ] 458 actionable tasks: 29 executed, 429 up-to-date
[        ] Watched directory hierarchies: [/opt/homebrew/share/flutter/packages/flutter_tools/gradle, /Users/florian/Code/substitution/android]
[  +20 ms] Running Gradle task 'assembleDebug'... (completed in 8,7s)
[   +7 ms] Calculate SHA1: LocalDirectory: '/Users/florian/Code/substitution/build/app/outputs/flutter-apk'/app-debug.apk
[+1048 ms] ✓ Built build/app/outputs/flutter-apk/app-debug.apk
[   +1 ms] executing: /Users/florian/Library/Android/sdk/build-tools/36.1.0/aapt dump xmltree /Users/florian/Code/substitution/build/app/outputs/flutter-apk/app-debug.apk AndroidManifest.xml
[  +13 ms] Exit code 0 from: /Users/florian/Library/Android/sdk/build-tools/36.1.0/aapt dump xmltree /Users/florian/Code/substitution/build/app/outputs/flutter-apk/app-debug.apk AndroidManifest.xml
[        ] N: android=http://schemas.android.com/apk/res/android
             E: manifest (line=2)
               A: android:versionCode(0x0101021b)=(type 0x10)0x7
               A: android:versionName(0x0101021c)="1.0.0" (Raw: "1.0.0")
               A: android:compileSdkVersion(0x01010572)=(type 0x10)0x24
               A: android:compileSdkVersionCodename(0x01010573)="16" (Raw: "16")
               A: package="art.substitution.substitution" (Raw: "art.substitution.substitution")
               A: platformBuildVersionCode=(type 0x10)0x24
               A: platformBuildVersionName=(type 0x10)0x10
               E: uses-sdk (line=7)
                 A: android:minSdkVersion(0x0101020c)=(type 0x10)0x18
                 A: android:targetSdkVersion(0x01010270)=(type 0x10)0x22
               E: uses-permission (line=15)
                 A: android:name(0x01010003)="android.permission.INTERNET" (Raw: "android.permission.INTERNET")
               E: uses-permission (line=16)
                 A: android:name(0x01010003)="android.permission.ACCESS_NETWORK_STATE" (Raw: "android.permission.ACCESS_NETWORK_STATE")
               E: permission (line=18)
                 A: android:name(0x01010003)="art.substitution.substitution.DYNAMIC_RECEIVER_NOT_EXPORTED_PERMISSION" (Raw: "art.substitution.substitution.DYNAMIC_RECEIVER_NOT_EXPORTED_PERMISSION")
                 A: android:protectionLevel(0x01010009)=(type 0x11)0x2
               E: uses-permission (line=22)
                 A: android:name(0x01010003)="art.substitution.substitution.DYNAMIC_RECEIVER_NOT_EXPORTED_PERMISSION" (Raw: "art.substitution.substitution.DYNAMIC_RECEIVER_NOT_EXPORTED_PERMISSION")
               E: application (line=24)
                 A: android:label(0x01010001)="substitution" (Raw: "substitution")
                 A: android:icon(0x01010002)=@0x7f0c0000
                 A: android:name(0x01010003)="android.app.Application" (Raw: "android.app.Application")
                 A: android:debuggable(0x0101000f)=(type 0x12)0xffffffff
                 A: android:extractNativeLibs(0x010104ea)=(type 0x12)0x0
                 A: android:appComponentFactory(0x0101057a)="androidx.core.app.CoreComponentFactory" (Raw: "androidx.core.app.CoreComponentFactory")
                 E: activity (line=31)
                   A: android:theme(0x01010000)=@0x7f0e00a2
                   A: android:name(0x01010003)="art.substitution.substitution.MainActivity" (Raw: "art.substitution.substitution.MainActivity")
                   A: android:exported(0x01010010)=(type 0x12)0xffffffff
                   A: android:launchMode(0x0101001d)=(type 0x10)0x1
                   A: android:configChanges(0x0101001f)=(type 0x11)0x40003fb4
                   A: android:windowSoftInputMode(0x0101022b)=(type 0x11)0x10
                   A: android:hardwareAccelerated(0x010102d3)=(type 0x12)0xffffffff
                   E: meta-data (line=46)
                     A: android:name(0x01010003)="io.flutter.embedding.android.NormalTheme" (Raw: "io.flutter.embedding.android.NormalTheme")
                     A: android:resource(0x01010025)=@0x7f0e00a3
                   E: intent-filter (line=50)
                     E: action (line=51)
                       A: android:name(0x01010003)="android.intent.action.MAIN" (Raw: "android.intent.action.MAIN")
                     E: category (line=53)
                       A: android:name(0x01010003)="android.intent.category.LAUNCHER" (Raw: "android.intent.category.LAUNCHER")
                   E: intent-filter (line=56)
                     E: action (line=57)
                       A: android:name(0x01010003)="android.intent.action.VIEW" (Raw: "android.intent.action.VIEW")
                     E: category (line=59)
                       A: android:name(0x01010003)="android.intent.category.DEFAULT" (Raw: "android.intent.category.DEFAULT")
                     E: category (line=60)
                       A: android:name(0x01010003)="android.intent.category.BROWSABLE" (Raw: "android.intent.category.BROWSABLE")
                     E: data (line=62)
                       A: android:scheme(0x01010027)="substitution" (Raw: "substitution")
                       A: android:host(0x01010028)="auth" (Raw: "auth")
                       A: android:pathPrefix(0x0101002b)="/login-callback" (Raw: "/login-callback")
                 E: meta-data (line=72)
                   A: android:name(0x01010003)="flutterEmbedding" (Raw: "flutterEmbedding")
                   A: android:value(0x01010024)=(type 0x10)0x2
                 E: activity (line=76)
                   A: android:theme(0x01010000)=@0x01030007
                   A: android:name(0x01010003)="io.flutter.plugins.urllauncher.WebViewActivity" (Raw: "io.flutter.plugins.urllauncher.WebViewActivity")
                   A: android:exported(0x01010010)=(type 0x12)0x0
                 E: uses-library (line=81)
                   A: android:name(0x01010003)="androidx.window.extensions" (Raw: "androidx.window.extensions")
                   A: android:required(0x0101028e)=(type 0x12)0x0
                 E: uses-library (line=84)
                   A: android:name(0x01010003)="androidx.window.sidecar" (Raw: "androidx.window.sidecar")
                   A: android:required(0x0101028e)=(type 0x12)0x0
                 E: provider (line=88)
                   A: android:name(0x01010003)="androidx.startup.InitializationProvider" (Raw: "androidx.startup.InitializationProvider")
                   A: android:exported(0x01010010)=(type 0x12)0x0
                   A: android:authorities(0x01010018)="art.substitution.substitution.androidx-startup" (Raw: "art.substitution.substitution.androidx-startup")
                   E: meta-data (line=92)
                     A: android:name(0x01010003)="androidx.lifecycle.ProcessLifecycleInitializer" (Raw: "androidx.lifecycle.ProcessLifecycleInitializer")
                     A: android:value(0x01010024)="androidx.startup" (Raw: "androidx.startup")
                   E: meta-data (line=95)
                     A: android:name(0x01010003)="androidx.profileinstaller.ProfileInstallerInitializer" (Raw: "androidx.profileinstaller.ProfileInstallerInitializer")
                     A: android:value(0x01010024)="androidx.startup" (Raw: "androidx.startup")
                 E: receiver (line=100)
                   A: android:name(0x01010003)="androidx.profileinstaller.ProfileInstallReceiver" (Raw: "androidx.profileinstaller.ProfileInstallReceiver")
                   A: android:permission(0x01010006)="android.permission.DUMP" (Raw: "android.permission.DUMP")
                   A: android:enabled(0x0101000e)=(type 0x12)0xffffffff
                   A: android:exported(0x01010010)=(type 0x12)0xffffffff
                   A: android:directBootAware(0x01010505)=(type 0x12)0x0
                   E: intent-filter (line=106)
                     E: action (line=107)
                       A: android:name(0x01010003)="androidx.profileinstaller.action.INSTALL_PROFILE" (Raw: "androidx.profileinstaller.action.INSTALL_PROFILE")
                   E: intent-filter (line=109)
                     E: action (line=110)
                       A: android:name(0x01010003)="androidx.profileinstaller.action.SKIP_FILE" (Raw: "androidx.profileinstaller.action.SKIP_FILE")
                   E: intent-filter (line=112)
                     E: action (line=113)
                       A: android:name(0x01010003)="androidx.profileinstaller.action.SAVE_PROFILE" (Raw: "androidx.profileinstaller.action.SAVE_PROFILE")
                   E: intent-filter (line=115)
                     E: action (line=116)
                       A: android:name(0x01010003)="androidx.profileinstaller.action.BENCHMARK_OPERATION" (Raw: "androidx.profileinstaller.action.BENCHMARK_OPERATION")
[        ] Stopping app 'app-debug.apk' on sdk gphone64 arm64.
[        ] executing: /Users/florian/Library/Android/sdk/platform-tools/adb -s emulator-5554 shell am force-stop art.substitution.substitution
06:33 +3 -16: loading /Users/florian/Code/substitution/integration_test/key_verification_test.dart                                                                                                     [  +22 ms] Installing APK.
[        ] Installing build/app/outputs/flutter-apk/app-debug.apk...
[        ] executing: /Users/florian/Library/Android/sdk/platform-tools/adb -s emulator-5554 install -t -r /Users/florian/Code/substitution/build/app/outputs/flutter-apk/app-debug.apk
[ +437 ms] Performing Streamed Install
           Success
[        ] Installing build/app/outputs/flutter-apk/app-debug.apk... (completed in 437ms)
[        ] executing: /Users/florian/Library/Android/sdk/platform-tools/adb -s emulator-5554 shell echo -n 994e15dda0fde197bafa9f5f254bd2e7036f0457 > /data/local/tmp/sky.art.substitution.substitution.sha1
[  +19 ms] executing: /Users/florian/Library/Android/sdk/platform-tools/adb -s emulator-5554 shell -x logcat -v time -t 1
[  +87 ms] --------- beginning of main
           02-17 00:01:24.878 V/ImsResolver( 1077): searchForImsServices: package=art.substitution.substitution, users=[UserHandle{0}]
[   +3 ms] executing: /Users/florian/Library/Android/sdk/platform-tools/adb -s emulator-5554 shell am start -a android.intent.action.MAIN -c android.intent.category.LAUNCHER -f 0x20000000 --ez enable-dart-profiling true --ez enable-checked-mode true --ez verify-entry-points true art.substitution.substitution/art.substitution.substitution.MainActivity
[  +65 ms] Starting: Intent { act=android.intent.action.MAIN cat=[android.intent.category.LAUNCHER] flg=0x20000000 cmp=art.substitution.substitution/.MainActivity (has extras) }
[        ] Waiting for VM Service port to be available...
06:34 +3 -16: loading /Users/florian/Code/substitution/integration_test/key_verification_test.dart                                                                                                     06:35 +3 -16: loading /Users/florian/Code/substitution/integration_test/key_verification_test.dart                                                                                                     [+1778 ms] VM Service URL on device: http://127.0.0.1:38217/-3-Ldl9O2Tg=/
[        ] executing: /Users/florian/Library/Android/sdk/platform-tools/adb -s emulator-5554 forward tcp:0 tcp:38217
[  +14 ms] 54817
[        ] Forwarded host port 54817 to device port 38217 for VM Service
[        ] test 6: Starting Dart Development Service
[        ] Launching a Dart Developer Service (DDS) instance at http://127.0.0.1:0, connecting to VM service at http://127.0.0.1:54817/-3-Ldl9O2Tg=/.
[ +141 ms] test 6: Dart Development Service started at http://127.0.0.1:54820/15ryvW_QOTU=/, forwarding to VM service at http://127.0.0.1:54817/-3-Ldl9O2Tg=/.
[        ] test 6: Connecting to vm service
[        ] test 6: VM Service uri is available at http://127.0.0.1:54820/15ryvW_QOTU=/
[   +4 ms] test 6: Finding the correct isolate with the integration test service extension
[  +72 ms] test 6: connected to test device, now awaiting test result
[        ] test 6: Waiting for test harness or tests to finish
06:36 +3 -16: loading /Users/florian/Code/substitution/integration_test/key_verification_test.dart                                                                                                     06:36 +3 -16: loading /Users/florian/Code/substitution/integration_test/key_verification_test.dart                                                                                                     
Warning: A tag was used that wasn't specified in dart_test.yaml.
  integration was used in the suite itself

06:36 +3 -16: /Users/florian/Code/substitution/integration_test/key_verification_test.dart: Key Verification Integration Tests Menu -> Security -> see devices -> start verification -> complete flow  06:36 +4 -16: /Users/florian/Code/substitution/integration_test/key_verification_test.dart: Key Verification Integration Tests Menu -> Security -> see devices -> start verification -> complete flow  06:36 +4 -16: /Users/florian/Code/substitution/integration_test/key_verification_test.dart: (tearDownAll)                                                                                              [ +448 ms] test 6: Test harness is no longer needed by test process
[        ] test 6: finished
[        ] test 6: cleaning up...
[        ] test 6: ensuring test device is terminated.
[        ] executing: /Users/florian/Library/Android/sdk/platform-tools/adb -s emulator-5554 shell am force-stop art.substitution.substitution
[        ] test 6: Test process is no longer needed by test harness
[ +164 ms] executing: /Users/florian/Library/Android/sdk/platform-tools/adb -s emulator-5554 uninstall art.substitution.substitution
[ +131 ms] Success
[        ] test 6: deleting temporary directory
[        ] test 6: finished
06:36 +4 -16: loading /Users/florian/Code/substitution/integration_test/profile_edit_test.dart                                                                                                         [        ] test 7: starting test /Users/florian/Code/substitution/integration_test/profile_edit_test.dart
[        ] Stopping scan for flutter_test_config.dart; found project root at /Users/florian/Code/substitution
[        ] test 7: starting test device
[        ] test 7: awaiting connection to test device
[   +1 ms] executing: /Users/florian/Library/Android/sdk/build-tools/36.1.0/aapt dump xmltree /Users/florian/Code/substitution/build/app/outputs/flutter-apk/app-debug.apk AndroidManifest.xml
[  +11 ms] Exit code 0 from: /Users/florian/Library/Android/sdk/build-tools/36.1.0/aapt dump xmltree /Users/florian/Code/substitution/build/app/outputs/flutter-apk/app-debug.apk AndroidManifest.xml
[        ] N: android=http://schemas.android.com/apk/res/android
             E: manifest (line=2)
               A: android:versionCode(0x0101021b)=(type 0x10)0x7
               A: android:versionName(0x0101021c)="1.0.0" (Raw: "1.0.0")
               A: android:compileSdkVersion(0x01010572)=(type 0x10)0x24
               A: android:compileSdkVersionCodename(0x01010573)="16" (Raw: "16")
               A: package="art.substitution.substitution" (Raw: "art.substitution.substitution")
               A: platformBuildVersionCode=(type 0x10)0x24
               A: platformBuildVersionName=(type 0x10)0x10
               E: uses-sdk (line=7)
                 A: android:minSdkVersion(0x0101020c)=(type 0x10)0x18
                 A: android:targetSdkVersion(0x01010270)=(type 0x10)0x22
               E: uses-permission (line=15)
                 A: android:name(0x01010003)="android.permission.INTERNET" (Raw: "android.permission.INTERNET")
               E: uses-permission (line=16)
                 A: android:name(0x01010003)="android.permission.ACCESS_NETWORK_STATE" (Raw: "android.permission.ACCESS_NETWORK_STATE")
               E: permission (line=18)
                 A: android:name(0x01010003)="art.substitution.substitution.DYNAMIC_RECEIVER_NOT_EXPORTED_PERMISSION" (Raw: "art.substitution.substitution.DYNAMIC_RECEIVER_NOT_EXPORTED_PERMISSION")
                 A: android:protectionLevel(0x01010009)=(type 0x11)0x2
               E: uses-permission (line=22)
                 A: android:name(0x01010003)="art.substitution.substitution.DYNAMIC_RECEIVER_NOT_EXPORTED_PERMISSION" (Raw: "art.substitution.substitution.DYNAMIC_RECEIVER_NOT_EXPORTED_PERMISSION")
               E: application (line=24)
                 A: android:label(0x01010001)="substitution" (Raw: "substitution")
                 A: android:icon(0x01010002)=@0x7f0c0000
                 A: android:name(0x01010003)="android.app.Application" (Raw: "android.app.Application")
                 A: android:debuggable(0x0101000f)=(type 0x12)0xffffffff
                 A: android:extractNativeLibs(0x010104ea)=(type 0x12)0x0
                 A: android:appComponentFactory(0x0101057a)="androidx.core.app.CoreComponentFactory" (Raw: "androidx.core.app.CoreComponentFactory")
                 E: activity (line=31)
                   A: android:theme(0x01010000)=@0x7f0e00a2
                   A: android:name(0x01010003)="art.substitution.substitution.MainActivity" (Raw: "art.substitution.substitution.MainActivity")
                   A: android:exported(0x01010010)=(type 0x12)0xffffffff
                   A: android:launchMode(0x0101001d)=(type 0x10)0x1
                   A: android:configChanges(0x0101001f)=(type 0x11)0x40003fb4
                   A: android:windowSoftInputMode(0x0101022b)=(type 0x11)0x10
                   A: android:hardwareAccelerated(0x010102d3)=(type 0x12)0xffffffff
                   E: meta-data (line=46)
                     A: android:name(0x01010003)="io.flutter.embedding.android.NormalTheme" (Raw: "io.flutter.embedding.android.NormalTheme")
                     A: android:resource(0x01010025)=@0x7f0e00a3
                   E: intent-filter (line=50)
                     E: action (line=51)
                       A: android:name(0x01010003)="android.intent.action.MAIN" (Raw: "android.intent.action.MAIN")
                     E: category (line=53)
                       A: android:name(0x01010003)="android.intent.category.LAUNCHER" (Raw: "android.intent.category.LAUNCHER")
                   E: intent-filter (line=56)
                     E: action (line=57)
                       A: android:name(0x01010003)="android.intent.action.VIEW" (Raw: "android.intent.action.VIEW")
                     E: category (line=59)
                       A: android:name(0x01010003)="android.intent.category.DEFAULT" (Raw: "android.intent.category.DEFAULT")
                     E: category (line=60)
                       A: android:name(0x01010003)="android.intent.category.BROWSABLE" (Raw: "android.intent.category.BROWSABLE")
                     E: data (line=62)
                       A: android:scheme(0x01010027)="substitution" (Raw: "substitution")
                       A: android:host(0x01010028)="auth" (Raw: "auth")
                       A: android:pathPrefix(0x0101002b)="/login-callback" (Raw: "/login-callback")
                 E: meta-data (line=72)
                   A: android:name(0x01010003)="flutterEmbedding" (Raw: "flutterEmbedding")
                   A: android:value(0x01010024)=(type 0x10)0x2
                 E: activity (line=76)
                   A: android:theme(0x01010000)=@0x01030007
                   A: android:name(0x01010003)="io.flutter.plugins.urllauncher.WebViewActivity" (Raw: "io.flutter.plugins.urllauncher.WebViewActivity")
                   A: android:exported(0x01010010)=(type 0x12)0x0
                 E: uses-library (line=81)
                   A: android:name(0x01010003)="androidx.window.extensions" (Raw: "androidx.window.extensions")
                   A: android:required(0x0101028e)=(type 0x12)0x0
                 E: uses-library (line=84)
                   A: android:name(0x01010003)="androidx.window.sidecar" (Raw: "androidx.window.sidecar")
                   A: android:required(0x0101028e)=(type 0x12)0x0
                 E: provider (line=88)
                   A: android:name(0x01010003)="androidx.startup.InitializationProvider" (Raw: "androidx.startup.InitializationProvider")
                   A: android:exported(0x01010010)=(type 0x12)0x0
                   A: android:authorities(0x01010018)="art.substitution.substitution.androidx-startup" (Raw: "art.substitution.substitution.androidx-startup")
                   E: meta-data (line=92)
                     A: android:name(0x01010003)="androidx.lifecycle.ProcessLifecycleInitializer" (Raw: "androidx.lifecycle.ProcessLifecycleInitializer")
                     A: android:value(0x01010024)="androidx.startup" (Raw: "androidx.startup")
                   E: meta-data (line=95)
                     A: android:name(0x01010003)="androidx.profileinstaller.ProfileInstallerInitializer" (Raw: "androidx.profileinstaller.ProfileInstallerInitializer")
                     A: android:value(0x01010024)="androidx.startup" (Raw: "androidx.startup")
                 E: receiver (line=100)
                   A: android:name(0x01010003)="androidx.profileinstaller.ProfileInstallReceiver" (Raw: "androidx.profileinstaller.ProfileInstallReceiver")
                   A: android:permission(0x01010006)="android.permission.DUMP" (Raw: "android.permission.DUMP")
                   A: android:enabled(0x0101000e)=(type 0x12)0xffffffff
                   A: android:exported(0x01010010)=(type 0x12)0xffffffff
                   A: android:directBootAware(0x01010505)=(type 0x12)0x0
                   E: intent-filter (line=106)
                     E: action (line=107)
                       A: android:name(0x01010003)="androidx.profileinstaller.action.INSTALL_PROFILE" (Raw: "androidx.profileinstaller.action.INSTALL_PROFILE")
                   E: intent-filter (line=109)
                     E: action (line=110)
                       A: android:name(0x01010003)="androidx.profileinstaller.action.SKIP_FILE" (Raw: "androidx.profileinstaller.action.SKIP_FILE")
                   E: intent-filter (line=112)
                     E: action (line=113)
                       A: android:name(0x01010003)="androidx.profileinstaller.action.SAVE_PROFILE" (Raw: "androidx.profileinstaller.action.SAVE_PROFILE")
                   E: intent-filter (line=115)
                     E: action (line=116)
                       A: android:name(0x01010003)="androidx.profileinstaller.action.BENCHMARK_OPERATION" (Raw: "androidx.profileinstaller.action.BENCHMARK_OPERATION")
[        ] Building APK
[        ] Version of Java is different than impacted version, no migration attempted.
[        ] CMake project not found, skipping support Android 15 16k page size migration.
[        ] Using gradle from /Users/florian/Code/substitution/android/gradlew.
[   +5 ms] LocalFile: '/Users/florian/Code/substitution/android/build.gradle' provides AGP version from classpath: 8.6.0
[   +6 ms] Running Gradle task 'assembleDebug'...
[        ] executing: [/Users/florian/Code/substitution/android/] /Users/florian/Code/substitution/android/gradlew --full-stacktrace --info -Pverbose=true -PskipDependencyChecks=true -Ptarget-platform=android-arm64 -Ptarget=/var/folders/l_/w8pnbb9d38n57pzg9j98fmy80000gn/T/flutter_tools.wuOse9/flutter_test_listener.obwlhN/listener.dart -Pbase-application-name=android.app.Application -Pdart-defines=TUFUUklYX1NFUlZFUj1odHRwOi8vbG9jYWxob3N0OjgwMDg=,TUFUUklYX1RFU1RfVVNFUj0=,TUFUUklYX1RFU1RfUEFTU1dPUkQ9,RkxVVFRFUl9WRVJTSU9OPTMuMzguOQ==,RkxVVFRFUl9DSEFOTkVMPXN0YWJsZQ==,RkxVVFRFUl9HSVRfVVJMPWh0dHBzOi8vZ2l0aHViLmNvbS9mbHV0dGVyL2ZsdXR0ZXIuZ2l0,RkxVVFRFUl9GUkFNRVdPUktfUkVWSVNJT049NjczMjNkZTI4NQ==,RkxVVFRFUl9FTkdJTkVfUkVWSVNJT049NTg3YzE4Zjg3Mw==,RkxVVFRFUl9EQVJUX1ZFUlNJT049My4xMC44,SU5URUdSQVRJT05fVEVTVF9TSE9VTERfUkVQT1JUX1JFU1VMVFNfVE9fTkFUSVZFPWZhbHNl -Pdart-obfuscation=false -Ptrack-widget-creation=true -Ptree-shake-icons=false assembleDebug
[ +277 ms] Initialized native services in: /Users/florian/.gradle/native
[        ] Initialized jansi services in: /Users/florian/.gradle/native
06:37 +4 -16: loading /Users/florian/Code/substitution/integration_test/profile_edit_test.dart                                                                                                         [ +207 ms] The client will now receive all logging from the daemon (pid: 43439). The daemon log file: /Users/florian/.gradle/daemon/8.12.1/daemon-43439.out.log
[        ] Starting 100th build in daemon [uptime: 2 hrs 4 mins 26.233 secs, performance: 100%, GC rate: 0.00/s, heap usage: 0% of 4 GiB]
[        ] Using 32 worker leases.
[        ] Now considering [/Users/florian/Code/substitution/android, /opt/homebrew/share/flutter/packages/flutter_tools/gradle] as hierarchies to watch
[        ] Watching the file system is configured to be enabled if available
[        ] File system watching is active
[        ] Starting Build
[        ] Now considering [/opt/homebrew/share/flutter/packages/flutter_tools/gradle, /Users/florian/Code/substitution/android] as hierarchies to watch
[   +1 ms] > Configure project :gradle
[        ] Evaluating project ':gradle' using build file '/opt/homebrew/share/flutter/packages/flutter_tools/gradle/build.gradle.kts'.
[        ] Resolved plugin [id: 'org.gradle.java-gradle-plugin']
[        ] Resolved plugin [id: 'org.gradle.groovy']
[        ] Resolved plugin [id: 'org.gradle.kotlin.kotlin-dsl', version: '5.1.2']
[        ] Resolved plugin [id: 'org.jetbrains.kotlin.jvm', version: '1.9.20']
[        ] Using Kotlin Gradle Plugin gradle85 variant
[        ] kotlin scripting plugin: created the scripting discovery configuration: kotlinScriptDef
[        ] kotlin scripting plugin: created the scripting discovery configuration: testKotlinScriptDef
[        ] file or directory '/opt/homebrew/share/flutter/packages/flutter_tools/gradle/src/main/java', not found
[        ] Resolved plugin [id: 'dev.flutter.flutter-plugin-loader', version: '1.0.0']
[        ] Resolved plugin [id: 'com.android.application', version: '8.9.1', apply: false]
[        ] Resolved plugin [id: 'org.jetbrains.kotlin.android', version: '2.1.0', apply: false]
[        ] Resolve mutations for :gradle:checkKotlinGradlePluginConfigurationErrors (Thread[#40106,Execution worker,5,main]) started.
[        ] :gradle:checkKotlinGradlePluginConfigurationErrors (Thread[#40106,Execution worker,5,main]) started.
[        ] > Task :gradle:checkKotlinGradlePluginConfigurationErrors SKIPPED
[        ] Skipping task ':gradle:checkKotlinGradlePluginConfigurationErrors' as task onlyIf 'errorDiagnostics are present' is false.
[        ] Resolve mutations for :gradle:compileKotlin (Thread[#40106,Execution worker,5,main]) started.
[        ] :gradle:compileKotlin (Thread[#40106,Execution worker,5,main]) started.
[        ] > Task :gradle:compileKotlin UP-TO-DATE
[        ] Caching disabled for task ':gradle:compileKotlin' because:
[        ]   Build cache is disabled
[        ] Skipping task ':gradle:compileKotlin' as it is up-to-date.
[        ] Resolve mutations for :gradle:compileJava (Thread[#40106,Execution worker,5,main]) started.
[        ] :gradle:compileJava (Thread[#40106,Execution worker,5,main]) started.
[        ] > Task :gradle:compileJava NO-SOURCE
[        ] Skipping task ':gradle:compileJava' as it has no source files and no previous output files.
[        ] Resolve mutations for :gradle:compileGroovy (Thread[#40106,Execution worker,5,main]) started.
[        ] :gradle:compileGroovy (Thread[#40106,Execution worker,5,main]) started.
[        ] > Task :gradle:compileGroovy NO-SOURCE
[        ] Skipping task ':gradle:compileGroovy' as it has no source files and no previous output files.
[        ] Resolve mutations for :gradle:pluginDescriptors (Thread[#40106,Execution worker,5,main]) started.
[        ] :gradle:pluginDescriptors (Thread[#40106,Execution worker,5,main]) started.
[        ] > Task :gradle:pluginDescriptors UP-TO-DATE
[        ] Caching disabled for task ':gradle:pluginDescriptors' because:
[        ]   Build cache is disabled
[        ]   Not worth caching
[        ] Skipping task ':gradle:pluginDescriptors' as it is up-to-date.
[        ] Resolve mutations for :gradle:processResources (Thread[#40106,Execution worker,5,main]) started.
[        ] :gradle:processResources (Thread[#40106,Execution worker,5,main]) started.
[        ] > Task :gradle:processResources UP-TO-DATE
[        ] Caching disabled for task ':gradle:processResources' because:
[        ]   Build cache is disabled
[        ]   Not worth caching
[        ] Skipping task ':gradle:processResources' as it is up-to-date.
[        ] Resolve mutations for :gradle:classes (Thread[#40106,Execution worker,5,main]) started.
[        ] :gradle:classes (Thread[#40106,Execution worker,5,main]) started.
[        ] > Task :gradle:classes UP-TO-DATE
[        ] Skipping task ':gradle:classes' as it has no actions.
[        ] Resolve mutations for :gradle:jar (Thread[#40106,Execution worker,5,main]) started.
[        ] :gradle:jar (Thread[#40106,Execution worker,5,main]) started.
[        ] > Task :gradle:jar UP-TO-DATE
[        ] Caching disabled for task ':gradle:jar' because:
[        ]   Build cache is disabled
[        ]   Not worth caching
[        ] Skipping task ':gradle:jar' as it is up-to-date.
[        ] Settings evaluated using settings file '/Users/florian/Code/substitution/android/settings.gradle'.
[        ] Projects loaded. Root project using build file '/Users/florian/Code/substitution/android/build.gradle'.
[        ] Included projects: [root project 'android', project ':app', project ':connectivity_plus', project ':emoji_picker_flutter', project ':file_selector_android', project ':flutter_keyboard_visibility_temp_fork', project ':flutter_native_splash', project ':flutter_olm', project ':flutter_openssl_crypto', project ':integration_test', project ':path_provider_android', project ':quill_native_bridge_android', project ':shared_preferences_android', project ':sqflite_android', project ':url_launcher_android', project ':video_player_android']
[  +94 ms] > Configure project :app
[        ] Evaluating project ':app' using build file '/Users/florian/Code/substitution/android/app/build.gradle'.
[        ] Resolved plugin [id: 'com.android.application']
[        ] Resolved plugin [id: 'kotlin-android']
[        ] Resolved plugin [id: 'dev.flutter.flutter-gradle-plugin']
[        ] Using default execution profile
[        ] Using Kotlin Gradle Plugin gradle85 variant
[        ] C/C++: android.ndkVersion from module build.gradle is [28.2.13676358]
[        ] C/C++: android.ndkPath from module build.gradle is not set
[        ] C/C++: ndk.dir in local.properties is not set
[        ] C/C++: Not considering ANDROID_NDK_HOME because support was removed after deprecation period.
[        ] C/C++: sdkFolder is /Users/florian/Library/Android/sdk
[        ] C/C++: android.ndkVersion from module build.gradle is [28.2.13676358]
[        ] C/C++: android.ndkPath from module build.gradle is not set
[        ] C/C++: ndk.dir in local.properties is not set
[        ] C/C++: Not considering ANDROID_NDK_HOME because support was removed after deprecation period.
[        ] C/C++: sdkFolder is /Users/florian/Library/Android/sdk
[        ] C/C++: android.ndkVersion from module build.gradle is [28.2.13676358]
[        ] C/C++: android.ndkPath from module build.gradle is not set
[        ] C/C++: ndk.dir in local.properties is not set
[        ] C/C++: Not considering ANDROID_NDK_HOME because support was removed after deprecation period.
[        ] C/C++: sdkFolder is /Users/florian/Library/Android/sdk
[        ] C/C++: android.ndkVersion from module build.gradle is [28.2.13676358]
[        ] C/C++: android.ndkPath from module build.gradle is not set
[        ] C/C++: ndk.dir in local.properties is not set
[        ] C/C++: Not considering ANDROID_NDK_HOME because support was removed after deprecation period.
[        ] C/C++: sdkFolder is /Users/florian/Library/Android/sdk
[        ] C/C++: android.ndkVersion from module build.gradle is [28.2.13676358]
[        ] C/C++: android.ndkPath from module build.gradle is not set
[        ] C/C++: ndk.dir in local.properties is not set
[        ] C/C++: Not considering ANDROID_NDK_HOME because support was removed after deprecation period.
[        ] C/C++: sdkFolder is /Users/florian/Library/Android/sdk
[        ] C/C++: android.ndkVersion from module build.gradle is [28.2.13676358]
[        ] C/C++: android.ndkPath from module build.gradle is not set
[        ] C/C++: ndk.dir in local.properties is not set
[        ] C/C++: Not considering ANDROID_NDK_HOME because support was removed after deprecation period.
[        ] C/C++: sdkFolder is /Users/florian/Library/Android/sdk
[        ] C/C++: android.ndkVersion from module build.gradle is [28.2.13676358]
[        ] C/C++: android.ndkPath from module build.gradle is not set
[        ] C/C++: ndk.dir in local.properties is not set
[        ] C/C++: Not considering ANDROID_NDK_HOME because support was removed after deprecation period.
[        ] C/C++: sdkFolder is /Users/florian/Library/Android/sdk
[        ] C/C++: android.ndkVersion from module build.gradle is [28.2.13676358]
[        ] C/C++: android.ndkPath from module build.gradle is not set
[        ] C/C++: ndk.dir in local.properties is not set
[        ] C/C++: Not considering ANDROID_NDK_HOME because support was removed after deprecation period.
[        ] C/C++: sdkFolder is /Users/florian/Library/Android/sdk
[        ] C/C++: android.ndkVersion from module build.gradle is [28.2.13676358]
[        ] C/C++: android.ndkPath from module build.gradle is not set
[        ] C/C++: ndk.dir in local.properties is not set
[        ] C/C++: Not considering ANDROID_NDK_HOME because support was removed after deprecation period.
[        ] C/C++: sdkFolder is /Users/florian/Library/Android/sdk
[        ] C/C++: android.ndkVersion from module build.gradle is [28.2.13676358]
[        ] C/C++: android.ndkPath from module build.gradle is not set
[        ] C/C++: ndk.dir in local.properties is not set
[        ] C/C++: Not considering ANDROID_NDK_HOME because support was removed after deprecation period.
[        ] C/C++: sdkFolder is /Users/florian/Library/Android/sdk
[        ] C/C++: android.ndkVersion from module build.gradle is [28.2.13676358]
[        ] C/C++: android.ndkPath from module build.gradle is not set
[        ] C/C++: ndk.dir in local.properties is not set
[        ] C/C++: Not considering ANDROID_NDK_HOME because support was removed after deprecation period.
[        ] C/C++: sdkFolder is /Users/florian/Library/Android/sdk
[        ] C/C++: android.ndkVersion from module build.gradle is [28.2.13676358]
[        ] C/C++: android.ndkPath from module build.gradle is not set
[        ] C/C++: ndk.dir in local.properties is not set
[        ] C/C++: Not considering ANDROID_NDK_HOME because support was removed after deprecation period.
[        ] C/C++: sdkFolder is /Users/florian/Library/Android/sdk
[        ] C/C++: android.ndkVersion from module build.gradle is [28.2.13676358]
[        ] C/C++: android.ndkPath from module build.gradle is not set
[        ] C/C++: ndk.dir in local.properties is not set
[        ] C/C++: Not considering ANDROID_NDK_HOME because support was removed after deprecation period.
[        ] C/C++: sdkFolder is /Users/florian/Library/Android/sdk
[        ] C/C++: android.ndkVersion from module build.gradle is [28.2.13676358]
[        ] C/C++: android.ndkPath from module build.gradle is not set
[        ] C/C++: ndk.dir in local.properties is not set
[        ] C/C++: Not considering ANDROID_NDK_HOME because support was removed after deprecation period.
[        ] C/C++: sdkFolder is /Users/florian/Library/Android/sdk
[        ] C/C++: android.ndkVersion from module build.gradle is [28.2.13676358]
[        ] C/C++: android.ndkPath from module build.gradle is not set
[        ] C/C++: ndk.dir in local.properties is not set
[        ] C/C++: Not considering ANDROID_NDK_HOME because support was removed after deprecation period.
[        ] C/C++: sdkFolder is /Users/florian/Library/Android/sdk
[        ] C/C++: android.ndkVersion from module build.gradle is [28.2.13676358]
[        ] C/C++: android.ndkPath from module build.gradle is not set
[        ] C/C++: ndk.dir in local.properties is not set
[        ] C/C++: Not considering ANDROID_NDK_HOME because support was removed after deprecation period.
[        ] C/C++: sdkFolder is /Users/florian/Library/Android/sdk
[        ] C/C++: android.ndkVersion from module build.gradle is [28.2.13676358]
[        ] C/C++: android.ndkPath from module build.gradle is not set
[        ] C/C++: ndk.dir in local.properties is not set
[        ] C/C++: Not considering ANDROID_NDK_HOME because support was removed after deprecation period.
[        ] C/C++: sdkFolder is /Users/florian/Library/Android/sdk
[        ] C/C++: android.ndkVersion from module build.gradle is [28.2.13676358]
[        ] C/C++: android.ndkPath from module build.gradle is not set
[        ] C/C++: ndk.dir in local.properties is not set
[        ] C/C++: Not considering ANDROID_NDK_HOME because support was removed after deprecation period.
[        ] C/C++: sdkFolder is /Users/florian/Library/Android/sdk
[        ] C/C++: android.ndkVersion from module build.gradle is [28.2.13676358]
[        ] C/C++: android.ndkPath from module build.gradle is not set
[        ] C/C++: ndk.dir in local.properties is not set
[        ] C/C++: Not considering ANDROID_NDK_HOME because support was removed after deprecation period.
[        ] C/C++: sdkFolder is /Users/florian/Library/Android/sdk
[        ] > Configure project :
[        ] Evaluating root project 'android' using build file '/Users/florian/Code/substitution/android/build.gradle'.
[        ] > Configure project :connectivity_plus
[        ] Evaluating project ':connectivity_plus' using build file '/Users/florian/.pub-cache/hosted/pub.dev/connectivity_plus-5.0.2/android/build.gradle'.
[        ] Using default execution profile
[        ] > Configure project :emoji_picker_flutter
[        ] Evaluating project ':emoji_picker_flutter' using build file '/Users/florian/.pub-cache/hosted/pub.dev/emoji_picker_flutter-4.4.0/android/build.gradle'.
[        ] Using default execution profile
[        ] Using Kotlin Gradle Plugin gradle85 variant
[  +98 ms] > Configure project :file_selector_android
[        ] Evaluating project ':file_selector_android' using build file '/Users/florian/.pub-cache/hosted/pub.dev/file_selector_android-0.5.2+4/android/build.gradle'.
[        ] Using default execution profile
[        ] > Configure project :flutter_keyboard_visibility_temp_fork
[        ] Evaluating project ':flutter_keyboard_visibility_temp_fork' using build file '/Users/florian/.pub-cache/hosted/pub.dev/flutter_keyboard_visibility_temp_fork-0.1.5/android/build.gradle'.
[        ] Using default execution profile
[        ] > Configure project :flutter_native_splash
[        ] Evaluating project ':flutter_native_splash' using build file '/Users/florian/.pub-cache/hosted/pub.dev/flutter_native_splash-2.4.7/android/build.gradle'.
[        ] Using default execution profile
[        ] > Configure project :flutter_olm
[        ] Evaluating project ':flutter_olm' using build file '/Users/florian/.pub-cache/hosted/pub.dev/flutter_olm-2.0.0/android/build.gradle'.
[        ] Using default execution profile
[        ] Using Kotlin Gradle Plugin gradle85 variant
[        ] C/C++: android.ndkVersion from module build.gradle is [27.0.12077973]
[        ] C/C++: android.ndkPath from module build.gradle is not set
[        ] C/C++: ndk.dir in local.properties is not set
[        ] C/C++: Not considering ANDROID_NDK_HOME because support was removed after deprecation period.
[        ] C/C++: sdkFolder is /Users/florian/Library/Android/sdk
[        ] C/C++: android.ndkVersion from module build.gradle is [27.0.12077973]
[        ] C/C++: android.ndkPath from module build.gradle is not set
[        ] C/C++: ndk.dir in local.properties is not set
[        ] C/C++: Not considering ANDROID_NDK_HOME because support was removed after deprecation period.
[        ] C/C++: sdkFolder is /Users/florian/Library/Android/sdk
[        ] C/C++: android.ndkVersion from module build.gradle is [27.0.12077973]
[        ] C/C++: android.ndkPath from module build.gradle is not set
[        ] C/C++: ndk.dir in local.properties is not set
[        ] C/C++: Not considering ANDROID_NDK_HOME because support was removed after deprecation period.
[        ] C/C++: sdkFolder is /Users/florian/Library/Android/sdk
[        ] C/C++: android.ndkVersion from module build.gradle is [27.0.12077973]
[        ] C/C++: android.ndkPath from module build.gradle is not set
[        ] C/C++: ndk.dir in local.properties is not set
[        ] C/C++: Not considering ANDROID_NDK_HOME because support was removed after deprecation period.
[        ] C/C++: sdkFolder is /Users/florian/Library/Android/sdk
[        ] C/C++: android.ndkVersion from module build.gradle is [27.0.12077973]
[        ] C/C++: android.ndkPath from module build.gradle is not set
[        ] C/C++: ndk.dir in local.properties is not set
[        ] C/C++: Not considering ANDROID_NDK_HOME because support was removed after deprecation period.
[        ] C/C++: sdkFolder is /Users/florian/Library/Android/sdk
[        ] C/C++: android.ndkVersion from module build.gradle is [27.0.12077973]
[        ] C/C++: android.ndkPath from module build.gradle is not set
[        ] C/C++: ndk.dir in local.properties is not set
[        ] C/C++: Not considering ANDROID_NDK_HOME because support was removed after deprecation period.
[        ] C/C++: sdkFolder is /Users/florian/Library/Android/sdk
[        ] C/C++: android.ndkVersion from module build.gradle is [27.0.12077973]
[        ] C/C++: android.ndkPath from module build.gradle is not set
[        ] C/C++: ndk.dir in local.properties is not set
[        ] C/C++: Not considering ANDROID_NDK_HOME because support was removed after deprecation period.
[        ] C/C++: sdkFolder is /Users/florian/Library/Android/sdk
[        ] C/C++: android.ndkVersion from module build.gradle is [27.0.12077973]
[        ] C/C++: android.ndkPath from module build.gradle is not set
[        ] C/C++: ndk.dir in local.properties is not set
[        ] C/C++: Not considering ANDROID_NDK_HOME because support was removed after deprecation period.
[        ] C/C++: sdkFolder is /Users/florian/Library/Android/sdk
[        ] C/C++: android.ndkVersion from module build.gradle is [27.0.12077973]
[        ] C/C++: android.ndkPath from module build.gradle is not set
[        ] C/C++: ndk.dir in local.properties is not set
[        ] C/C++: Not considering ANDROID_NDK_HOME because support was removed after deprecation period.
[        ] C/C++: sdkFolder is /Users/florian/Library/Android/sdk
[        ] C/C++: android.ndkVersion from module build.gradle is [27.0.12077973]
[        ] C/C++: android.ndkPath from module build.gradle is not set
[        ] C/C++: ndk.dir in local.properties is not set
[        ] C/C++: Not considering ANDROID_NDK_HOME because support was removed after deprecation period.
[        ] C/C++: sdkFolder is /Users/florian/Library/Android/sdk
[        ] C/C++: android.ndkVersion from module build.gradle is [27.0.12077973]
[        ] C/C++: android.ndkPath from module build.gradle is not set
[        ] C/C++: ndk.dir in local.properties is not set
[        ] C/C++: Not considering ANDROID_NDK_HOME because support was removed after deprecation period.
[        ] C/C++: sdkFolder is /Users/florian/Library/Android/sdk
[        ] C/C++: android.ndkVersion from module build.gradle is [27.0.12077973]
[        ] C/C++: android.ndkPath from module build.gradle is not set
[        ] C/C++: ndk.dir in local.properties is not set
[        ] C/C++: Not considering ANDROID_NDK_HOME because support was removed after deprecation period.
[        ] C/C++: sdkFolder is /Users/florian/Library/Android/sdk
[        ] C/C++: android.ndkVersion from module build.gradle is [27.0.12077973]
[        ] C/C++: android.ndkPath from module build.gradle is not set
[        ] C/C++: ndk.dir in local.properties is not set
[        ] C/C++: Not considering ANDROID_NDK_HOME because support was removed after deprecation period.
[        ] C/C++: sdkFolder is /Users/florian/Library/Android/sdk
[        ] C/C++: android.ndkVersion from module build.gradle is [27.0.12077973]
[        ] C/C++: android.ndkPath from module build.gradle is not set
[        ] C/C++: ndk.dir in local.properties is not set
[        ] C/C++: Not considering ANDROID_NDK_HOME because support was removed after deprecation period.
[        ] C/C++: sdkFolder is /Users/florian/Library/Android/sdk
[        ] C/C++: android.ndkVersion from module build.gradle is [27.0.12077973]
[        ] C/C++: android.ndkPath from module build.gradle is not set
[        ] C/C++: ndk.dir in local.properties is not set
[        ] C/C++: Not considering ANDROID_NDK_HOME because support was removed after deprecation period.
[        ] C/C++: sdkFolder is /Users/florian/Library/Android/sdk
[        ] C/C++: android.ndkVersion from module build.gradle is [27.0.12077973]
[        ] C/C++: android.ndkPath from module build.gradle is not set
[        ] C/C++: ndk.dir in local.properties is not set
[        ] C/C++: Not considering ANDROID_NDK_HOME because support was removed after deprecation period.
[        ] C/C++: sdkFolder is /Users/florian/Library/Android/sdk
[        ] C/C++: android.ndkVersion from module build.gradle is [27.0.12077973]
[        ] C/C++: android.ndkPath from module build.gradle is not set
[        ] C/C++: ndk.dir in local.properties is not set
[        ] C/C++: Not considering ANDROID_NDK_HOME because support was removed after deprecation period.
[        ] C/C++: sdkFolder is /Users/florian/Library/Android/sdk
[        ] C/C++: android.ndkVersion from module build.gradle is [27.0.12077973]
[        ] C/C++: android.ndkPath from module build.gradle is not set
[        ] C/C++: ndk.dir in local.properties is not set
[        ] C/C++: Not considering ANDROID_NDK_HOME because support was removed after deprecation period.
[        ] C/C++: sdkFolder is /Users/florian/Library/Android/sdk
[        ] C/C++: android.ndkVersion from module build.gradle is [27.0.12077973]
[        ] C/C++: android.ndkPath from module build.gradle is not set
[        ] C/C++: ndk.dir in local.properties is not set
[        ] C/C++: Not considering ANDROID_NDK_HOME because support was removed after deprecation period.
[        ] C/C++: sdkFolder is /Users/florian/Library/Android/sdk
[ +106 ms] > Configure project :flutter_openssl_crypto
[        ] Evaluating project ':flutter_openssl_crypto' using build file '/Users/florian/.pub-cache/hosted/pub.dev/flutter_openssl_crypto-0.5.0/android/build.gradle'.
[        ] Using default execution profile
[        ] Using Kotlin Gradle Plugin gradle85 variant
[        ] C/C++: android.ndkVersion from module build.gradle is [27.0.12077973]
[        ] C/C++: android.ndkPath from module build.gradle is not set
[        ] C/C++: ndk.dir in local.properties is not set
[        ] C/C++: Not considering ANDROID_NDK_HOME because support was removed after deprecation period.
[        ] C/C++: sdkFolder is /Users/florian/Library/Android/sdk
[        ] C/C++: android.ndkVersion from module build.gradle is [27.0.12077973]
[        ] C/C++: android.ndkPath from module build.gradle is not set
[        ] C/C++: ndk.dir in local.properties is not set
[        ] C/C++: Not considering ANDROID_NDK_HOME because support was removed after deprecation period.
[        ] C/C++: sdkFolder is /Users/florian/Library/Android/sdk
[        ] C/C++: android.ndkVersion from module build.gradle is [27.0.12077973]
[        ] C/C++: android.ndkPath from module build.gradle is not set
[        ] C/C++: ndk.dir in local.properties is not set
[        ] C/C++: Not considering ANDROID_NDK_HOME because support was removed after deprecation period.
[        ] C/C++: sdkFolder is /Users/florian/Library/Android/sdk
[        ] C/C++: android.ndkVersion from module build.gradle is [27.0.12077973]
[        ] C/C++: android.ndkPath from module build.gradle is not set
[        ] C/C++: ndk.dir in local.properties is not set
[        ] C/C++: Not considering ANDROID_NDK_HOME because support was removed after deprecation period.
[        ] C/C++: sdkFolder is /Users/florian/Library/Android/sdk
[        ] C/C++: android.ndkVersion from module build.gradle is [27.0.12077973]
[        ] C/C++: android.ndkPath from module build.gradle is not set
[        ] C/C++: ndk.dir in local.properties is not set
[        ] C/C++: Not considering ANDROID_NDK_HOME because support was removed after deprecation period.
[        ] C/C++: sdkFolder is /Users/florian/Library/Android/sdk
[        ] C/C++: android.ndkVersion from module build.gradle is [27.0.12077973]
[        ] C/C++: android.ndkPath from module build.gradle is not set
[        ] C/C++: ndk.dir in local.properties is not set
[        ] C/C++: Not considering ANDROID_NDK_HOME because support was removed after deprecation period.
[        ] C/C++: sdkFolder is /Users/florian/Library/Android/sdk
[        ] C/C++: android.ndkVersion from module build.gradle is [27.0.12077973]
[        ] C/C++: android.ndkPath from module build.gradle is not set
[        ] C/C++: ndk.dir in local.properties is not set
[        ] C/C++: Not considering ANDROID_NDK_HOME because support was removed after deprecation period.
[        ] C/C++: sdkFolder is /Users/florian/Library/Android/sdk
[        ] C/C++: android.ndkVersion from module build.gradle is [27.0.12077973]
[        ] C/C++: android.ndkPath from module build.gradle is not set
[        ] C/C++: ndk.dir in local.properties is not set
[        ] C/C++: Not considering ANDROID_NDK_HOME because support was removed after deprecation period.
[        ] C/C++: sdkFolder is /Users/florian/Library/Android/sdk
[        ] C/C++: android.ndkVersion from module build.gradle is [27.0.12077973]
[        ] C/C++: android.ndkPath from module build.gradle is not set
[        ] C/C++: ndk.dir in local.properties is not set
[        ] C/C++: Not considering ANDROID_NDK_HOME because support was removed after deprecation period.
[        ] C/C++: sdkFolder is /Users/florian/Library/Android/sdk
[        ] C/C++: android.ndkVersion from module build.gradle is [27.0.12077973]
[        ] C/C++: android.ndkPath from module build.gradle is not set
[        ] C/C++: ndk.dir in local.properties is not set
[        ] C/C++: Not considering ANDROID_NDK_HOME because support was removed after deprecation period.
[        ] C/C++: sdkFolder is /Users/florian/Library/Android/sdk
[        ] C/C++: android.ndkVersion from module build.gradle is [27.0.12077973]
[        ] C/C++: android.ndkPath from module build.gradle is not set
[        ] C/C++: ndk.dir in local.properties is not set
[        ] C/C++: Not considering ANDROID_NDK_HOME because support was removed after deprecation period.
[        ] C/C++: sdkFolder is /Users/florian/Library/Android/sdk
[        ] C/C++: android.ndkVersion from module build.gradle is [27.0.12077973]
[        ] C/C++: android.ndkPath from module build.gradle is not set
[        ] C/C++: ndk.dir in local.properties is not set
[        ] C/C++: Not considering ANDROID_NDK_HOME because support was removed after deprecation period.
[        ] C/C++: sdkFolder is /Users/florian/Library/Android/sdk
[        ] C/C++: android.ndkVersion from module build.gradle is [27.0.12077973]
[        ] C/C++: android.ndkPath from module build.gradle is not set
[        ] C/C++: ndk.dir in local.properties is not set
[        ] C/C++: Not considering ANDROID_NDK_HOME because support was removed after deprecation period.
[        ] C/C++: sdkFolder is /Users/florian/Library/Android/sdk
[        ] C/C++: android.ndkVersion from module build.gradle is [27.0.12077973]
[        ] C/C++: android.ndkPath from module build.gradle is not set
[        ] C/C++: ndk.dir in local.properties is not set
[        ] C/C++: Not considering ANDROID_NDK_HOME because support was removed after deprecation period.
[        ] C/C++: sdkFolder is /Users/florian/Library/Android/sdk
[        ] C/C++: android.ndkVersion from module build.gradle is [27.0.12077973]
[        ] C/C++: android.ndkPath from module build.gradle is not set
[        ] C/C++: ndk.dir in local.properties is not set
[        ] C/C++: Not considering ANDROID_NDK_HOME because support was removed after deprecation period.
[        ] C/C++: sdkFolder is /Users/florian/Library/Android/sdk
[        ] C/C++: android.ndkVersion from module build.gradle is [27.0.12077973]
[        ] C/C++: android.ndkPath from module build.gradle is not set
[        ] C/C++: ndk.dir in local.properties is not set
[        ] C/C++: Not considering ANDROID_NDK_HOME because support was removed after deprecation period.
[        ] C/C++: sdkFolder is /Users/florian/Library/Android/sdk
[        ] C/C++: android.ndkVersion from module build.gradle is [27.0.12077973]
[        ] C/C++: android.ndkPath from module build.gradle is not set
[        ] C/C++: ndk.dir in local.properties is not set
[        ] C/C++: Not considering ANDROID_NDK_HOME because support was removed after deprecation period.
[        ] C/C++: sdkFolder is /Users/florian/Library/Android/sdk
[        ] C/C++: android.ndkVersion from module build.gradle is [27.0.12077973]
[        ] C/C++: android.ndkPath from module build.gradle is not set
[        ] C/C++: ndk.dir in local.properties is not set
[        ] C/C++: Not considering ANDROID_NDK_HOME because support was removed after deprecation period.
[        ] C/C++: sdkFolder is /Users/florian/Library/Android/sdk
[        ] C/C++: android.ndkVersion from module build.gradle is [27.0.12077973]
[        ] C/C++: android.ndkPath from module build.gradle is not set
[        ] C/C++: ndk.dir in local.properties is not set
[        ] C/C++: Not considering ANDROID_NDK_HOME because support was removed after deprecation period.
[        ] C/C++: sdkFolder is /Users/florian/Library/Android/sdk
[        ] > Configure project :integration_test
[        ] Evaluating project ':integration_test' using build file '/opt/homebrew/share/flutter/packages/integration_test/android/build.gradle.kts'.
[        ] Resolved plugin [id: 'com.android.library']
[        ] Using default execution profile
[        ] > Configure project :path_provider_android
[        ] Evaluating project ':path_provider_android' using build file '/Users/florian/.pub-cache/hosted/pub.dev/path_provider_android-2.2.22/android/build.gradle'.
[        ] Using default execution profile
[        ] > Configure project :quill_native_bridge_android
[        ] Evaluating project ':quill_native_bridge_android' using build file '/Users/florian/.pub-cache/hosted/pub.dev/quill_native_bridge_android-0.0.1+2/android/build.gradle'.
[        ] Using default execution profile
[        ] Using Kotlin Gradle Plugin gradle85 variant
[        ] > Configure project :shared_preferences_android
[        ] Evaluating project ':shared_preferences_android' using build file '/Users/florian/.pub-cache/hosted/pub.dev/shared_preferences_android-2.4.20/android/build.gradle'.
[        ] Using default execution profile
[        ] Using Kotlin Gradle Plugin gradle85 variant
[        ] > Configure project :sqflite_android
[        ] Evaluating project ':sqflite_android' using build file '/Users/florian/.pub-cache/hosted/pub.dev/sqflite_android-2.4.2+2/android/build.gradle'.
[        ] Using default execution profile
[        ] > Configure project :url_launcher_android
[        ] Evaluating project ':url_launcher_android' using build file '/Users/florian/.pub-cache/hosted/pub.dev/url_launcher_android-6.3.28/android/build.gradle'.
[        ] Using default execution profile
[  +98 ms] > Configure project :video_player_android
[        ] Evaluating project ':video_player_android' using build file '/Users/florian/.pub-cache/hosted/pub.dev/video_player_android-2.9.1/android/build.gradle'.
[        ] Using default execution profile
[        ] Using Kotlin Gradle Plugin gradle85 variant
[        ] All projects evaluated.
[        ] Task name matched 'assembleDebug'
[        ] Selected primary task 'assembleDebug' from project :
[        ] Adding -Xuse-inline-scopes-numbers Kotlin compiler flag for task :app:compileDebugKotlin
[   +2 ms] Tasks to be executed: [task ':app:preBuild', task ':app:preDebugBuild', task ':app:mergeDebugNativeDebugMetadata', task ':app:checkKotlinGradlePluginConfigurationErrors', task ':app:compileFlutterBuildDebug', task ':app:packJniLibsflutterBuildDebug', task ':connectivity_plus:preBuild', task ':connectivity_plus:preDebugBuild', task ':connectivity_plus:writeDebugAarMetadata', task ':emoji_picker_flutter:preBuild', task ':emoji_picker_flutter:preDebugBuild', task ':emoji_picker_flutter:writeDebugAarMetadata', task ':file_selector_android:preBuild', task ':file_selector_android:preDebugBuild', task ':file_selector_android:writeDebugAarMetadata', task ':flutter_keyboard_visibility_temp_fork:preBuild', task ':flutter_keyboard_visibility_temp_fork:preDebugBuild', task ':flutter_keyboard_visibility_temp_fork:writeDebugAarMetadata', task ':flutter_native_splash:preBuild', task ':flutter_native_splash:preDebugBuild', task ':flutter_native_splash:writeDebugAarMetadata', task ':flutter_olm:preBuild', task ':flutter_olm:preDebugBuild', task ':flutter_olm:writeDebugAarMetadata', task ':flutter_openssl_crypto:preBuild', task ':flutter_openssl_crypto:preDebugBuild', task ':flutter_openssl_crypto:writeDebugAarMetadata', task ':integration_test:preBuild', task ':integration_test:preDebugBuild', task ':integration_test:writeDebugAarMetadata', task ':path_provider_android:preBuild', task ':path_provider_android:preDebugBuild', task ':path_provider_android:writeDebugAarMetadata', task ':quill_native_bridge_android:preBuild', task ':quill_native_bridge_android:preDebugBuild', task ':quill_native_bridge_android:writeDebugAarMetadata', task ':shared_preferences_android:preBuild', task ':shared_preferences_android:preDebugBuild', task ':shared_preferences_android:writeDebugAarMetadata', task ':sqflite_android:preBuild', task ':sqflite_android:preDebugBuild', task ':sqflite_android:writeDebugAarMetadata', task ':url_launcher_android:preBuild', task ':url_launcher_android:preDebugBuild', task ':url_launcher_android:writeDebugAarMetadata', task ':video_player_android:preBuild', task ':video_player_android:preDebugBuild', task ':video_player_android:writeDebugAarMetadata', task ':app:checkDebugAarMetadata', task ':app:cleanMergeDebugAssets', task ':app:mergeDebugShaders', task ':app:compileDebugShaders', task ':app:generateDebugAssets', task ':connectivity_plus:mergeDebugShaders', task ':connectivity_plus:compileDebugShaders', task ':connectivity_plus:generateDebugAssets', task ':connectivity_plus:mergeDebugAssets', task ':emoji_picker_flutter:mergeDebugShaders', task ':emoji_picker_flutter:compileDebugShaders', task ':emoji_picker_flutter:generateDebugAssets', task ':emoji_picker_flutter:mergeDebugAssets', task ':file_selector_android:mergeDebugShaders', task ':file_selector_android:compileDebugShaders', task ':file_selector_android:generateDebugAssets', task ':file_selector_android:mergeDebugAssets', task ':flutter_keyboard_visibility_temp_fork:mergeDebugShaders', task ':flutter_keyboard_visibility_temp_fork:compileDebugShaders', task ':flutter_keyboard_visibility_temp_fork:generateDebugAssets', task ':flutter_keyboard_visibility_temp_fork:mergeDebugAssets', task ':flutter_native_splash:mergeDebugShaders', task ':flutter_native_splash:compileDebugShaders', task ':flutter_native_splash:generateDebugAssets', task ':flutter_native_splash:mergeDebugAssets', task ':flutter_olm:mergeDebugShaders', task ':flutter_olm:compileDebugShaders', task ':flutter_olm:generateDebugAssets', task ':flutter_olm:mergeDebugAssets', task ':flutter_openssl_crypto:mergeDebugShaders', task ':flutter_openssl_crypto:compileDebugShaders', task ':flutter_openssl_crypto:generateDebugAssets', task ':flutter_openssl_crypto:mergeDebugAssets', task ':integration_test:mergeDebugShaders', task ':integration_test:compileDebugShaders', task ':integration_test:generateDebugAssets', task ':integration_test:mergeDebugAssets', task ':path_provider_android:mergeDebugShaders', task ':path_provider_android:compileDebugShaders', task ':path_provider_android:generateDebugAssets', task ':path_provider_android:mergeDebugAssets', task ':quill_native_bridge_android:mergeDebugShaders', task ':quill_native_bridge_android:compileDebugShaders', task ':quill_native_bridge_android:generateDebugAssets', task ':quill_native_bridge_android:mergeDebugAssets', task ':shared_preferences_android:mergeDebugShaders', task ':shared_preferences_android:compileDebugShaders', task ':shared_preferences_android:generateDebugAssets', task ':shared_preferences_android:mergeDebugAssets', task ':sqflite_android:mergeDebugShaders', task ':sqflite_android:compileDebugShaders', task ':sqflite_android:generateDebugAssets', task ':sqflite_android:mergeDebugAssets', task ':url_launcher_android:mergeDebugShaders', task ':url_launcher_android:compileDebugShaders', task ':url_launcher_android:generateDebugAssets', task ':url_launcher_android:mergeDebugAssets', task ':video_player_android:mergeDebugShaders', task ':video_player_android:compileDebugShaders', task ':video_player_android:generateDebugAssets', task ':video_player_android:mergeDebugAssets', task ':app:mergeDebugAssets', task ':app:copyFlutterAssetsDebug', task ':app:generateDebugResValues', task ':connectivity_plus:generateDebugResValues', task ':connectivity_plus:generateDebugResources', task ':connectivity_plus:packageDebugResources', task ':emoji_picker_flutter:generateDebugResValues', task ':emoji_picker_flutter:generateDebugResources', task ':emoji_picker_flutter:packageDebugResources', task ':file_selector_android:generateDebugResValues', task ':file_selector_android:generateDebugResources', task ':file_selector_android:packageDebugResources', task ':flutter_keyboard_visibility_temp_fork:generateDebugResValues', task ':flutter_keyboard_visibility_temp_fork:generateDebugResources', task ':flutter_keyboard_visibility_temp_fork:packageDebugResources', task ':flutter_native_splash:generateDebugResValues', task ':flutter_native_splash:generateDebugResources', task ':flutter_native_splash:packageDebugResources', task ':flutter_olm:generateDebugResValues', task ':flutter_olm:generateDebugResources', task ':flutter_olm:packageDebugResources', task ':flutter_openssl_crypto:generateDebugResValues', task ':flutter_openssl_crypto:generateDebugResources', task ':flutter_openssl_crypto:packageDebugResources', task ':integration_test:generateDebugResValues', task ':integration_test:generateDebugResources', task ':integration_test:packageDebugResources', task ':path_provider_android:generateDebugResValues', task ':path_provider_android:generateDebugResources', task ':path_provider_android:packageDebugResources', task ':quill_native_bridge_android:generateDebugResValues', task ':quill_native_bridge_android:generateDebugResources', task ':quill_native_bridge_android:packageDebugResources', task ':shared_preferences_android:generateDebugResValues', task ':shared_preferences_android:generateDebugResources', task ':shared_preferences_android:packageDebugResources', task ':sqflite_android:generateDebugResValues', task ':sqflite_android:generateDebugResources', task ':sqflite_android:packageDebugResources', task ':url_launcher_android:generateDebugResValues', task ':url_launcher_android:generateDebugResources', task ':url_launcher_android:packageDebugResources', task ':video_player_android:generateDebugResValues', task ':video_player_android:generateDebugResources', task ':video_player_android:packageDebugResources', task ':app:mapDebugSourceSetPaths', task ':app:generateDebugResources', task ':app:mergeDebugResources', task ':app:packageDebugResources', task ':app:parseDebugLocalResources', task ':app:createDebugCompatibleScreenManifests', task ':app:extractDeepLinksDebug', task ':connectivity_plus:extractDeepLinksDebug', task ':connectivity_plus:processDebugManifest', task ':emoji_picker_flutter:extractDeepLinksDebug', task ':emoji_picker_flutter:processDebugManifest', task ':file_selector_android:extractDeepLinksDebug', task ':file_selector_android:processDebugManifest', task ':flutter_keyboard_visibility_temp_fork:extractDeepLinksDebug', task ':flutter_keyboard_visibility_temp_fork:processDebugManifest', task ':flutter_native_splash:extractDeepLinksDebug', task ':flutter_native_splash:processDebugManifest', task ':flutter_olm:extractDeepLinksDebug', task ':flutter_olm:processDebugManifest', task ':flutter_openssl_crypto:extractDeepLinksDebug', task ':flutter_openssl_crypto:processDebugManifest', task ':integration_test:extractDeepLinksDebug', task ':integration_test:processDebugManifest', task ':path_provider_android:extractDeepLinksDebug', task ':path_provider_android:processDebugManifest', task ':quill_native_bridge_android:extractDeepLinksDebug', task ':quill_native_bridge_android:processDebugManifest', task ':shared_preferences_android:extractDeepLinksDebug', task ':shared_preferences_android:processDebugManifest', task ':sqflite_android:extractDeepLinksDebug', task ':sqflite_android:processDebugManifest', task ':url_launcher_android:extractDeepLinksDebug', task ':url_launcher_android:processDebugManifest', task ':video_player_android:extractDeepLinksDebug', task ':video_player_android:processDebugManifest', task ':app:processDebugMainManifest', task ':app:outputDebugAppLinkSettings', task ':app:processDebugManifest', task ':app:processDebugManifestForPackage', task ':connectivity_plus:compileDebugLibraryResources', task ':connectivity_plus:parseDebugLocalResources', task ':connectivity_plus:generateDebugRFile', task ':emoji_picker_flutter:compileDebugLibraryResources', task ':emoji_picker_flutter:parseDebugLocalResources', task ':emoji_picker_flutter:generateDebugRFile', task ':file_selector_android:compileDebugLibraryResources', task ':file_selector_android:parseDebugLocalResources', task ':file_selector_android:generateDebugRFile', task ':flutter_keyboard_visibility_temp_fork:compileDebugLibraryResources', task ':flutter_keyboard_visibility_temp_fork:parseDebugLocalResources', task ':flutter_keyboard_visibility_temp_fork:generateDebugRFile', task ':flutter_native_splash:compileDebugLibraryResources', task ':flutter_native_splash:parseDebugLocalResources', task ':flutter_native_splash:generateDebugRFile', task ':flutter_olm:compileDebugLibraryResources', task ':flutter_olm:parseDebugLocalResources', task ':flutter_olm:generateDebugRFile', task ':flutter_openssl_crypto:compileDebugLibraryResources', task ':flutter_openssl_crypto:parseDebugLocalResources', task ':flutter_openssl_crypto:generateDebugRFile', task ':integration_test:compileDebugLibraryResources', task ':integration_test:parseDebugLocalResources', task ':integration_test:generateDebugRFile', task ':path_provider_android:compileDebugLibraryResources', task ':path_provider_android:parseDebugLocalResources', task ':path_provider_android:generateDebugRFile', task ':quill_native_bridge_android:compileDebugLibraryResources', task ':quill_native_bridge_android:parseDebugLocalResources', task ':quill_native_bridge_android:generateDebugRFile', task ':shared_preferences_android:compileDebugLibraryResources', task ':shared_preferences_android:parseDebugLocalResources', task ':shared_preferences_android:generateDebugRFile', task ':sqflite_android:compileDebugLibraryResources', task ':sqflite_android:parseDebugLocalResources', task ':sqflite_android:generateDebugRFile', task ':url_launcher_android:compileDebugLibraryResources', task ':url_launcher_android:parseDebugLocalResources', task ':url_launcher_android:generateDebugRFile', task ':video_player_android:compileDebugLibraryResources', task ':video_player_android:parseDebugLocalResources', task ':video_player_android:generateDebugRFile', task ':app:processDebugResources', task ':connectivity_plus:javaPreCompileDebug', task ':connectivity_plus:compileDebugJavaWithJavac', task ':connectivity_plus:bundleLibCompileToJarDebug', task ':emoji_picker_flutter:checkKotlinGradlePluginConfigurationErrors', task ':emoji_picker_flutter:compileDebugKotlin', task ':emoji_picker_flutter:javaPreCompileDebug', task ':emoji_picker_flutter:compileDebugJavaWithJavac', task ':emoji_picker_flutter:bundleLibCompileToJarDebug', task ':file_selector_android:javaPreCompileDebug', task ':file_selector_android:compileDebugJavaWithJavac', task ':file_selector_android:bundleLibCompileToJarDebug', task ':flutter_keyboard_visibility_temp_fork:javaPreCompileDebug', task ':flutter_keyboard_visibility_temp_fork:compileDebugJavaWithJavac', task ':flutter_keyboard_visibility_temp_fork:bundleLibCompileToJarDebug', task ':flutter_native_splash:javaPreCompileDebug', task ':flutter_native_splash:compileDebugJavaWithJavac', task ':flutter_native_splash:bundleLibCompileToJarDebug', task ':flutter_olm:checkKotlinGradlePluginConfigurationErrors', task ':flutter_olm:compileDebugKotlin', task ':flutter_olm:javaPreCompileDebug', task ':flutter_olm:compileDebugJavaWithJavac', task ':flutter_olm:bundleLibCompileToJarDebug', task ':flutter_openssl_crypto:checkKotlinGradlePluginConfigurationErrors', task ':flutter_openssl_crypto:compileDebugKotlin', task ':flutter_openssl_crypto:javaPreCompileDebug', task ':flutter_openssl_crypto:compileDebugJavaWithJavac', task ':flutter_openssl_crypto:bundleLibCompileToJarDebug', task ':integration_test:javaPreCompileDebug', task ':integration_test:compileDebugJavaWithJavac', task ':integration_test:bundleLibCompileToJarDebug', task ':path_provider_android:javaPreCompileDebug', task ':path_provider_android:compileDebugJavaWithJavac', task ':path_provider_android:bundleLibCompileToJarDebug', task ':quill_native_bridge_android:checkKotlinGradlePluginConfigurationErrors', task ':quill_native_bridge_android:compileDebugKotlin', task ':quill_native_bridge_android:javaPreCompileDebug', task ':quill_native_bridge_android:compileDebugJavaWithJavac', task ':quill_native_bridge_android:bundleLibCompileToJarDebug', task ':shared_preferences_android:checkKotlinGradlePluginConfigurationErrors', task ':shared_preferences_android:compileDebugKotlin', task ':shared_preferences_android:javaPreCompileDebug', task ':shared_preferences_android:compileDebugJavaWithJavac', task ':shared_preferences_android:bundleLibCompileToJarDebug', task ':sqflite_android:javaPreCompileDebug', task ':sqflite_android:compileDebugJavaWithJavac', task ':sqflite_android:bundleLibCompileToJarDebug', task ':url_launcher_android:generateDebugBuildConfig', task ':url_launcher_android:javaPreCompileDebug', task ':url_launcher_android:compileDebugJavaWithJavac', task ':url_launcher_android:bundleLibCompileToJarDebug', task ':video_player_android:checkKotlinGradlePluginConfigurationErrors', task ':video_player_android:compileDebugKotlin', task ':video_player_android:javaPreCompileDebug', task ':video_player_android:compileDebugJavaWithJavac', task ':video_player_android:bundleLibCompileToJarDebug', task ':app:compileDebugKotlin', task ':app:javaPreCompileDebug', task ':app:compileDebugJavaWithJavac', task ':app:compressDebugAssets', task ':app:processDebugJavaRes', task ':connectivity_plus:processDebugJavaRes', task ':emoji_picker_flutter:processDebugJavaRes', task ':file_selector_android:processDebugJavaRes', task ':flutter_keyboard_visibility_temp_fork:processDebugJavaRes', task ':flutter_native_splash:processDebugJavaRes', task ':flutter_olm:processDebugJavaRes', task ':flutter_openssl_crypto:processDebugJavaRes', task ':integration_test:processDebugJavaRes', task ':path_provider_android:processDebugJavaRes', task ':quill_native_bridge_android:processDebugJavaRes', task ':shared_preferences_android:processDebugJavaRes', task ':sqflite_android:processDebugJavaRes', task ':url_launcher_android:processDebugJavaRes', task ':video_player_android:processDebugJavaRes', task ':app:mergeDebugJavaResource', task ':app:checkDebugDuplicateClasses', task ':app:desugarDebugFileDependencies', task ':app:mergeExtDexDebug', task ':connectivity_plus:bundleLibRuntimeToDirDebug', task ':emoji_picker_flutter:bundleLibRuntimeToDirDebug', task ':file_selector_android:bundleLibRuntimeToDirDebug', task ':flutter_keyboard_visibility_temp_fork:bundleLibRuntimeToDirDebug', task ':flutter_native_splash:bundleLibRuntimeToDirDebug', task ':flutter_olm:bundleLibRuntimeToDirDebug', task ':flutter_openssl_crypto:bundleLibRuntimeToDirDebug', task ':integration_test:bundleLibRuntimeToDirDebug', task ':path_provider_android:bundleLibRuntimeToDirDebug', task ':quill_native_bridge_android:bundleLibRuntimeToDirDebug', task ':shared_preferences_android:bundleLibRuntimeToDirDebug', task ':sqflite_android:bundleLibRuntimeToDirDebug', task ':url_launcher_android:bundleLibRuntimeToDirDebug', task ':video_player_android:bundleLibRuntimeToDirDebug', task ':app:mergeLibDexDebug', task ':app:dexBuilderDebug', task ':app:mergeProjectDexDebug', task ':app:configureCMakeDebug[arm64-v8a]', task ':app:buildCMakeDebug[arm64-v8a]', task ':app:configureCMakeDebug[armeabi-v7a]', task ':app:buildCMakeDebug[armeabi-v7a]', task ':app:configureCMakeDebug[x86_64]', task ':app:buildCMakeDebug[x86_64]', task ':app:mergeDebugJniLibFolders', task ':connectivity_plus:mergeDebugJniLibFolders', task ':connectivity_plus:mergeDebugNativeLibs', task ':connectivity_plus:copyDebugJniLibsProjectOnly', task ':emoji_picker_flutter:mergeDebugJniLibFolders', task ':emoji_picker_flutter:mergeDebugNativeLibs', task ':emoji_picker_flutter:copyDebugJniLibsProjectOnly', task ':file_selector_android:mergeDebugJniLibFolders', task ':file_selector_android:mergeDebugNativeLibs', task ':file_selector_android:copyDebugJniLibsProjectOnly', task ':flutter_keyboard_visibility_temp_fork:mergeDebugJniLibFolders', task ':flutter_keyboard_visibility_temp_fork:mergeDebugNativeLibs', task ':flutter_keyboard_visibility_temp_fork:copyDebugJniLibsProjectOnly', task ':flutter_native_splash:mergeDebugJniLibFolders', task ':flutter_native_splash:mergeDebugNativeLibs', task ':flutter_native_splash:copyDebugJniLibsProjectOnly', task ':flutter_olm:preProfileBuild', task ':flutter_olm:configureCMakeDebug[arm64-v8a]', task ':flutter_olm:buildCMakeDebug[arm64-v8a]', task ':flutter_olm:configureCMakeDebug[armeabi-v7a]', task ':flutter_olm:buildCMakeDebug[armeabi-v7a]', task ':flutter_olm:configureCMakeDebug[x86]', task ':flutter_olm:buildCMakeDebug[x86]', task ':flutter_olm:configureCMakeDebug[x86_64]', task ':flutter_olm:buildCMakeDebug[x86_64]', task ':flutter_olm:mergeDebugJniLibFolders', task ':flutter_olm:mergeDebugNativeLibs', task ':flutter_olm:copyDebugJniLibsProjectOnly', task ':flutter_openssl_crypto:preProfileBuild', task ':flutter_openssl_crypto:configureCMakeDebug[arm64-v8a]', task ':flutter_openssl_crypto:buildCMakeDebug[arm64-v8a]', task ':flutter_openssl_crypto:configureCMakeDebug[armeabi-v7a]', task ':flutter_openssl_crypto:buildCMakeDebug[armeabi-v7a]', task ':flutter_openssl_crypto:configureCMakeDebug[x86]', task ':flutter_openssl_crypto:buildCMakeDebug[x86]', task ':flutter_openssl_crypto:configureCMakeDebug[x86_64]', task ':flutter_openssl_crypto:buildCMakeDebug[x86_64]', task ':flutter_openssl_crypto:mergeDebugJniLibFolders', task ':flutter_openssl_crypto:mergeDebugNativeLibs', task ':flutter_openssl_crypto:copyDebugJniLibsProjectOnly', task ':integration_test:mergeDebugJniLibFolders', task ':integration_test:mergeDebugNativeLibs', task ':integration_test:copyDebugJniLibsProjectOnly', task ':path_provider_android:mergeDebugJniLibFolders', task ':path_provider_android:mergeDebugNativeLibs', task ':path_provider_android:copyDebugJniLibsProjectOnly', task ':quill_native_bridge_android:mergeDebugJniLibFolders', task ':quill_native_bridge_android:mergeDebugNativeLibs', task ':quill_native_bridge_android:copyDebugJniLibsProjectOnly', task ':shared_preferences_android:mergeDebugJniLibFolders', task ':shared_preferences_android:mergeDebugNativeLibs', task ':shared_preferences_android:copyDebugJniLibsProjectOnly', task ':sqflite_android:mergeDebugJniLibFolders', task ':sqflite_android:mergeDebugNativeLibs', task ':sqflite_android:copyDebugJniLibsProjectOnly', task ':url_launcher_android:mergeDebugJniLibFolders', task ':url_launcher_android:mergeDebugNativeLibs', task ':url_launcher_android:copyDebugJniLibsProjectOnly', task ':video_player_android:mergeDebugJniLibFolders', task ':video_player_android:mergeDebugNativeLibs', task ':video_player_android:copyDebugJniLibsProjectOnly', task ':app:mergeDebugNativeLibs', task ':app:stripDebugDebugSymbols', task ':app:validateSigningDebug', task ':app:writeDebugAppMetadata', task ':app:writeDebugSigningConfigVersions', task ':app:packageDebug', task ':app:createDebugApkListingFileRedirect', task ':app:assembleDebug', task ':connectivity_plus:stripDebugDebugSymbols', task ':connectivity_plus:copyDebugJniLibsProjectAndLocalJars', task ':connectivity_plus:extractDebugAnnotations', task ':connectivity_plus:extractDeepLinksForAarDebug', task ':connectivity_plus:mergeDebugGeneratedProguardFiles', task ':connectivity_plus:mergeDebugConsumerProguardFiles', task ':connectivity_plus:prepareDebugArtProfile', task ':connectivity_plus:prepareLintJarForPublish', task ':connectivity_plus:mergeDebugJavaResource', task ':connectivity_plus:syncDebugLibJars', task ':connectivity_plus:bundleDebugAar', task ':connectivity_plus:assembleDebug', task ':emoji_picker_flutter:stripDebugDebugSymbols', task ':emoji_picker_flutter:copyDebugJniLibsProjectAndLocalJars', task ':emoji_picker_flutter:extractDebugAnnotations', task ':emoji_picker_flutter:extractDeepLinksForAarDebug', task ':emoji_picker_flutter:mergeDebugGeneratedProguardFiles', task ':emoji_picker_flutter:mergeDebugConsumerProguardFiles', task ':emoji_picker_flutter:prepareDebugArtProfile', task ':emoji_picker_flutter:prepareLintJarForPublish', task ':emoji_picker_flutter:mergeDebugJavaResource', task ':emoji_picker_flutter:syncDebugLibJars', task ':emoji_picker_flutter:bundleDebugAar', task ':emoji_picker_flutter:assembleDebug', task ':file_selector_android:stripDebugDebugSymbols', task ':file_selector_android:copyDebugJniLibsProjectAndLocalJars', task ':file_selector_android:extractDebugAnnotations', task ':file_selector_android:extractDeepLinksForAarDebug', task ':file_selector_android:mergeDebugGeneratedProguardFiles', task ':file_selector_android:mergeDebugConsumerProguardFiles', task ':file_selector_android:prepareDebugArtProfile', task ':file_selector_android:prepareLintJarForPublish', task ':file_selector_android:mergeDebugJavaResource', task ':file_selector_android:syncDebugLibJars', task ':file_selector_android:bundleDebugAar', task ':file_selector_android:assembleDebug', task ':flutter_keyboard_visibility_temp_fork:stripDebugDebugSymbols', task ':flutter_keyboard_visibility_temp_fork:copyDebugJniLibsProjectAndLocalJars', task ':flutter_keyboard_visibility_temp_fork:extractDebugAnnotations', task ':flutter_keyboard_visibility_temp_fork:extractDeepLinksForAarDebug', task ':flutter_keyboard_visibility_temp_fork:mergeDebugGeneratedProguardFiles', task ':flutter_keyboard_visibility_temp_fork:mergeDebugConsumerProguardFiles', task ':flutter_keyboard_visibility_temp_fork:prepareDebugArtProfile', task ':flutter_keyboard_visibility_temp_fork:prepareLintJarForPublish', task ':flutter_keyboard_visibility_temp_fork:mergeDebugJavaResource', task ':flutter_keyboard_visibility_temp_fork:syncDebugLibJars', task ':flutter_keyboard_visibility_temp_fork:bundleDebugAar', task ':flutter_keyboard_visibility_temp_fork:assembleDebug', task ':flutter_native_splash:stripDebugDebugSymbols', task ':flutter_native_splash:copyDebugJniLibsProjectAndLocalJars', task ':flutter_native_splash:extractDebugAnnotations', task ':flutter_native_splash:extractDeepLinksForAarDebug', task ':flutter_native_splash:mergeDebugGeneratedProguardFiles', task ':flutter_native_splash:mergeDebugConsumerProguardFiles', task ':flutter_native_splash:prepareDebugArtProfile', task ':flutter_native_splash:prepareLintJarForPublish', task ':flutter_native_splash:mergeDebugJavaResource', task ':flutter_native_splash:syncDebugLibJars', task ':flutter_native_splash:bundleDebugAar', task ':flutter_native_splash:assembleDebug', task ':flutter_olm:stripDebugDebugSymbols', task ':flutter_olm:copyDebugJniLibsProjectAndLocalJars', task ':flutter_olm:extractDebugAnnotations', task ':flutter_olm:extractDeepLinksForAarDebug', task ':flutter_olm:mergeDebugGeneratedProguardFiles', task ':flutter_olm:mergeDebugConsumerProguardFiles', task ':flutter_olm:prepareDebugArtProfile', task ':flutter_olm:prepareLintJarForPublish', task ':flutter_olm:mergeDebugJavaResource', task ':flutter_olm:syncDebugLibJars', task ':flutter_olm:bundleDebugAar', task ':flutter_olm:assembleDebug', task ':flutter_openssl_crypto:stripDebugDebugSymbols', task ':flutter_openssl_crypto:copyDebugJniLibsProjectAndLocalJars', task ':flutter_openssl_crypto:extractDebugAnnotations', task ':flutter_openssl_crypto:extractDeepLinksForAarDebug', task ':flutter_openssl_crypto:mergeDebugGeneratedProguardFiles', task ':flutter_openssl_crypto:mergeDebugConsumerProguardFiles', task ':flutter_openssl_crypto:prepareDebugArtProfile', task ':flutter_openssl_crypto:prepareLintJarForPublish', task ':flutter_openssl_crypto:mergeDebugJavaResource', task ':flutter_openssl_crypto:syncDebugLibJars', task ':flutter_openssl_crypto:bundleDebugAar', task ':flutter_openssl_crypto:assembleDebug', task ':integration_test:stripDebugDebugSymbols', task ':integration_test:copyDebugJniLibsProjectAndLocalJars', task ':integration_test:extractDebugAnnotations', task ':integration_test:extractDeepLinksForAarDebug', task ':integration_test:mergeDebugGeneratedProguardFiles', task ':integration_test:mergeDebugConsumerProguardFiles', task ':integration_test:prepareDebugArtProfile', task ':integration_test:prepareLintJarForPublish', task ':integration_test:mergeDebugJavaResource', task ':integration_test:syncDebugLibJars', task ':integration_test:bundleDebugAar', task ':integration_test:assembleDebug', task ':path_provider_android:stripDebugDebugSymbols', task ':path_provider_android:copyDebugJniLibsProjectAndLocalJars', task ':path_provider_android:extractDebugAnnotations', task ':path_provider_android:extractDeepLinksForAarDebug', task ':path_provider_android:mergeDebugGeneratedProguardFiles', task ':path_provider_android:mergeDebugConsumerProguardFiles', task ':path_provider_android:prepareDebugArtProfile', task ':path_provider_android:prepareLintJarForPublish', task ':path_provider_android:mergeDebugJavaResource', task ':path_provider_android:syncDebugLibJars', task ':path_provider_android:bundleDebugAar', task ':path_provider_android:assembleDebug', task ':quill_native_bridge_android:stripDebugDebugSymbols', task ':quill_native_bridge_android:copyDebugJniLibsProjectAndLocalJars', task ':quill_native_bridge_android:extractDebugAnnotations', task ':quill_native_bridge_android:extractDeepLinksForAarDebug', task ':quill_native_bridge_android:mergeDebugGeneratedProguardFiles', task ':quill_native_bridge_android:mergeDebugConsumerProguardFiles', task ':quill_native_bridge_android:prepareDebugArtProfile', task ':quill_native_bridge_android:prepareLintJarForPublish', task ':quill_native_bridge_android:mergeDebugJavaResource', task ':quill_native_bridge_android:syncDebugLibJars', task ':quill_native_bridge_android:bundleDebugAar', task ':quill_native_bridge_android:assembleDebug', task ':shared_preferences_android:stripDebugDebugSymbols', task ':shared_preferences_android:copyDebugJniLibsProjectAndLocalJars', task ':shared_preferences_android:extractDebugAnnotations', task ':shared_preferences_android:extractDeepLinksForAarDebug', task ':shared_preferences_android:mergeDebugGeneratedProguardFiles', task ':shared_preferences_android:mergeDebugConsumerProguardFiles', task ':shared_preferences_android:prepareDebugArtProfile', task ':shared_preferences_android:prepareLintJarForPublish', task ':shared_preferences_android:mergeDebugJavaResource', task ':shared_preferences_android:syncDebugLibJars', task ':shared_preferences_android:bundleDebugAar', task ':shared_preferences_android:assembleDebug', task ':sqflite_android:stripDebugDebugSymbols', task ':sqflite_android:copyDebugJniLibsProjectAndLocalJars', task ':sqflite_android:extractDebugAnnotations', task ':sqflite_android:extractDeepLinksForAarDebug', task ':sqflite_android:mergeDebugGeneratedProguardFiles', task ':sqflite_android:mergeDebugConsumerProguardFiles', task ':sqflite_android:prepareDebugArtProfile', task ':sqflite_android:prepareLintJarForPublish', task ':sqflite_android:mergeDebugJavaResource', task ':sqflite_android:syncDebugLibJars', task ':sqflite_android:bundleDebugAar', task ':sqflite_android:assembleDebug', task ':url_launcher_android:stripDebugDebugSymbols', task ':url_launcher_android:copyDebugJniLibsProjectAndLocalJars', task ':url_launcher_android:extractDebugAnnotations', task ':url_launcher_android:extractDeepLinksForAarDebug', task ':url_launcher_android:mergeDebugGeneratedProguardFiles', task ':url_launcher_android:mergeDebugConsumerProguardFiles', task ':url_launcher_android:prepareDebugArtProfile', task ':url_launcher_android:prepareLintJarForPublish', task ':url_launcher_android:mergeDebugJavaResource', task ':url_launcher_android:syncDebugLibJars', task ':url_launcher_android:bundleDebugAar', task ':url_launcher_android:assembleDebug', task ':video_player_android:stripDebugDebugSymbols', task ':video_player_android:copyDebugJniLibsProjectAndLocalJars', task ':video_player_android:extractDebugAnnotations', task ':video_player_android:extractDeepLinksForAarDebug', task ':video_player_android:mergeDebugGeneratedProguardFiles', task ':video_player_android:mergeDebugConsumerProguardFiles', task ':video_player_android:prepareDebugArtProfile', task ':video_player_android:prepareLintJarForPublish', task ':video_player_android:mergeDebugJavaResource', task ':video_player_android:syncDebugLibJars', task ':video_player_android:bundleDebugAar', task ':video_player_android:assembleDebug']
[        ] Tasks that were excluded: []
[        ] work action Parameters of ClassesDirToClassesTransform (Thread[#40106,Execution worker,5,main]) started.
[        ] work action Parameters of DexingNoClasspathTransform (Thread[#40106,Execution worker,5,main]) started.
[        ] Resolve mutations for :app:preBuild (Thread[#40106,Execution worker,5,main]) started.
[        ] :app:preBuild (Thread[#40106,Execution worker,5,main]) started.
[        ] > Task :app:preBuild UP-TO-DATE
[        ] Skipping task ':app:preBuild' as it has no actions.
[        ] Resolve mutations for :app:preDebugBuild (Thread[#40106,Execution worker,5,main]) started.
[        ] :app:preDebugBuild (Thread[#40106,Execution worker,5,main]) started.
[        ] > Task :app:preDebugBuild UP-TO-DATE
[        ] Skipping task ':app:preDebugBuild' as it has no actions.
[        ] Resolve mutations for :app:mergeDebugNativeDebugMetadata (Thread[#40106,Execution worker,5,main]) started.
[        ] :app:mergeDebugNativeDebugMetadata (Thread[#40106,Execution worker,5,main]) started.
[        ] > Task :app:mergeDebugNativeDebugMetadata NO-SOURCE
[        ] Skipping task ':app:mergeDebugNativeDebugMetadata' as it has no source files and no previous output files.
[        ] Resolve mutations for :app:checkKotlinGradlePluginConfigurationErrors (Thread[#40106,Execution worker,5,main]) started.
[        ] :app:checkKotlinGradlePluginConfigurationErrors (Thread[#40106,Execution worker,5,main]) started.
[        ] > Task :app:checkKotlinGradlePluginConfigurationErrors SKIPPED
[        ] Skipping task ':app:checkKotlinGradlePluginConfigurationErrors' as task onlyIf 'errorDiagnostics are present' is false.
[        ] Resolve mutations for :app:compileFlutterBuildDebug (Thread[#40106,Execution worker,5,main]) started.
[        ] :app:compileFlutterBuildDebug (Thread[#40106,Execution worker,5,main]) started.
06:38 +4 -16: loading /Users/florian/Code/substitution/integration_test/profile_edit_test.dart                                                                                                         06:39 +4 -16: loading /Users/florian/Code/substitution/integration_test/profile_edit_test.dart                                                                                                         [+1997 ms] > Task :app:compileFlutterBuildDebug
[        ] Caching disabled for task ':app:compileFlutterBuildDebug' because:
[        ]   Build cache is disabled
[        ]   Caching has not been enabled for the task
[        ] Task ':app:compileFlutterBuildDebug' is not up-to-date because:
[        ]   Value of input property 'targetPath' has changed for task ':app:compileFlutterBuildDebug'
[        ] Starting process 'command '/opt/homebrew/share/flutter/bin/flutter''. Working directory: /Users/florian/Code/substitution Command: /opt/homebrew/share/flutter/bin/flutter --verbose assemble --no-version-check --depfile /Users/florian/Code/substitution/build/app/intermediates/flutter/debug/flutter_build.d --output /Users/florian/Code/substitution/build/app/intermediates/flutter/debug -dTargetFile=/var/folders/l_/w8pnbb9d38n57pzg9j98fmy80000gn/T/flutter_tools.wuOse9/flutter_test_listener.obwlhN/listener.dart -dTargetPlatform=android -dBuildMode=debug -dTrackWidgetCreation=true --DartDefines=TUFUUklYX1NFUlZFUj1odHRwOi8vbG9jYWxob3N0OjgwMDg=,TUFUUklYX1RFU1RfVVNFUj0=,TUFUUklYX1RFU1RfUEFTU1dPUkQ9,RkxVVFRFUl9WRVJTSU9OPTMuMzguOQ==,RkxVVFRFUl9DSEFOTkVMPXN0YWJsZQ==,RkxVVFRFUl9HSVRfVVJMPWh0dHBzOi8vZ2l0aHViLmNvbS9mbHV0dGVyL2ZsdXR0ZXIuZ2l0,RkxVVFRFUl9GUkFNRVdPUktfUkVWSVNJT049NjczMjNkZTI4NQ==,RkxVVFRFUl9FTkdJTkVfUkVWSVNJT049NTg3YzE4Zjg3Mw==,RkxVVFRFUl9EQVJUX1ZFUlNJT049My4xMC44,SU5URUdSQVRJT05fVEVTVF9TSE9VTERfUkVQT1JUX1JFU1VMVFNfVE9fTkFUSVZFPWZhbHNl -dFlavor= -dAndroidArchs=android-arm64 -dMinSdkVersion=24 debug_android_application
[        ] Successfully started process 'command '/opt/homebrew/share/flutter/bin/flutter''
[        ] [  +19 ms] executing: sysctl hw.optional.arm64
[        ] [   +3 ms] Exit code 0 from: sysctl hw.optional.arm64
[        ] [        ] hw.optional.arm64: 1
[        ] [   +3 ms] Artifact Instance of 'MaterialFonts' is not required, skipping update.
[        ] [        ] Artifact Instance of 'GradleWrapper' is not required, skipping update.
[        ] [        ] Artifact Instance of 'AndroidGenSnapshotArtifacts' is not required, skipping update.
[        ] [        ] Artifact Instance of 'AndroidInternalBuildArtifacts' is not required, skipping update.
[        ] [        ] Artifact Instance of 'IOSEngineArtifacts' is not required, skipping update.
[        ] [        ] Artifact Instance of 'FlutterWebSdk' is not required, skipping update.
[        ] [        ] Artifact Instance of 'LegacyCanvasKitRemover' is not required, skipping update.
[        ] [        ] Artifact Instance of 'FlutterSdk' is not required, skipping update.
[        ] [        ] Artifact Instance of 'WindowsEngineArtifacts' is not required, skipping update.
[        ] [        ] Artifact Instance of 'MacOSEngineArtifacts' is not required, skipping update.
[        ] [        ] Artifact Instance of 'LinuxEngineArtifacts' is not required, skipping update.
[        ] [        ] Artifact Instance of 'LinuxFuchsiaSDKArtifacts' is not required, skipping update.
[        ] [        ] Artifact Instance of 'MacOSFuchsiaSDKArtifacts' is not required, skipping update.
[        ] [        ] Artifact Instance of 'FlutterRunnerSDKArtifacts' is not required, skipping update.
[        ] [        ] Artifact Instance of 'FlutterRunnerDebugSymbols' is not required, skipping update.
[        ] [        ] Artifact Instance of 'IosUsbArtifacts' is not required, skipping update.
[        ] [        ] Artifact Instance of 'IosUsbArtifacts' is not required, skipping update.
[        ] [        ] Artifact Instance of 'IosUsbArtifacts' is not required, skipping update.
[        ] [        ] Artifact Instance of 'IosUsbArtifacts' is not required, skipping update.
[        ] [        ] Artifact Instance of 'IosUsbArtifacts' is not required, skipping update.
[        ] [        ] Artifact Instance of 'IosUsbArtifacts' is not required, skipping update.
[        ] [        ] Artifact Instance of 'FontSubsetArtifacts' is not required, skipping update.
[        ] [        ] Artifact Instance of 'PubDependencies' is not required, skipping update.
[        ] [   +3 ms] Artifact Instance of 'AndroidGenSnapshotArtifacts' is not required, skipping update.
[        ] [        ] Artifact Instance of 'AndroidInternalBuildArtifacts' is not required, skipping update.
[        ] [        ] Artifact Instance of 'IOSEngineArtifacts' is not required, skipping update.
[        ] [        ] Artifact Instance of 'FlutterWebSdk' is not required, skipping update.
[        ] [        ] Artifact Instance of 'FlutterEngineStamp' is not required, skipping update.
[        ] [        ] Artifact Instance of 'LegacyCanvasKitRemover' is not required, skipping update.
[        ] [        ] Artifact Instance of 'WindowsEngineArtifacts' is not required, skipping update.
[        ] [        ] Artifact Instance of 'MacOSEngineArtifacts' is not required, skipping update.
[        ] [        ] Artifact Instance of 'LinuxEngineArtifacts' is not required, skipping update.
[        ] [        ] Artifact Instance of 'LinuxFuchsiaSDKArtifacts' is not required, skipping update.
[        ] [        ] Artifact Instance of 'MacOSFuchsiaSDKArtifacts' is not required, skipping update.
[        ] [        ] Artifact Instance of 'FlutterRunnerSDKArtifacts' is not required, skipping update.
[        ] [        ] Artifact Instance of 'FlutterRunnerDebugSymbols' is not required, skipping update.
[        ] [  +23 ms] Artifact Instance of 'MaterialFonts' is not required, skipping update.
[        ] [        ] Artifact Instance of 'GradleWrapper' is not required, skipping update.
[        ] [        ] Artifact Instance of 'AndroidInternalBuildArtifacts' is not required, skipping update.
[        ] [        ] Artifact Instance of 'IOSEngineArtifacts' is not required, skipping update.
[        ] [        ] Artifact Instance of 'FlutterWebSdk' is not required, skipping update.
[        ] [        ] Artifact Instance of 'FlutterEngineStamp' is not required, skipping update.
[        ] [        ] Artifact Instance of 'LegacyCanvasKitRemover' is not required, skipping update.
[        ] [        ] Artifact Instance of 'FlutterSdk' is not required, skipping update.
[        ] [        ] Artifact Instance of 'WindowsEngineArtifacts' is not required, skipping update.
[        ] [        ] Artifact Instance of 'MacOSEngineArtifacts' is not required, skipping update.
[        ] [        ] Artifact Instance of 'LinuxEngineArtifacts' is not required, skipping update.
[        ] [        ] Artifact Instance of 'LinuxFuchsiaSDKArtifacts' is not required, skipping update.
[        ] [        ] Artifact Instance of 'MacOSFuchsiaSDKArtifacts' is not required, skipping update.
[        ] [        ] Artifact Instance of 'FlutterRunnerSDKArtifacts' is not required, skipping update.
[        ] [        ] Artifact Instance of 'FlutterRunnerDebugSymbols' is not required, skipping update.
[        ] [        ] Artifact Instance of 'IosUsbArtifacts' is not required, skipping update.
[        ] [        ] Artifact Instance of 'IosUsbArtifacts' is not required, skipping update.
[        ] [        ] Artifact Instance of 'IosUsbArtifacts' is not required, skipping update.
[        ] [        ] Artifact Instance of 'IosUsbArtifacts' is not required, skipping update.
[        ] [        ] Artifact Instance of 'IosUsbArtifacts' is not required, skipping update.
[        ] [        ] Artifact Instance of 'IosUsbArtifacts' is not required, skipping update.
[        ] [        ] Artifact Instance of 'FontSubsetArtifacts' is not required, skipping update.
[        ] [        ] Artifact Instance of 'PubDependencies' is not required, skipping update.
[        ] [  +19 ms] Initializing file store
[        ] [  +11 ms] dart_build: Starting due to {}
[        ] [        ] Skipping target: gen_localizations
[        ] [        ] gen_dart_plugin_registrant: Starting due to {InvalidatedReasonKind.outputSetAddition: The following outputs were added to the output set: /Users/florian/Code/substitution/.dart_tool/flutter_build/dart_plugin_registrant.dart, InvalidatedReasonKind.inputChanged: The following inputs have updated contents: /Users/florian/Code/substitution/.dart_tool/package_config.json}
[        ] [  +43 ms] Found plugin integration_test at /opt/homebrew/share/flutter/packages/integration_test/
[        ] [  +18 ms] Found plugin flutter_native_splash at /Users/florian/.pub-cache/hosted/pub.dev/flutter_native_splash-2.4.7/
[        ] [  +12 ms] Building native assets for android_arm64.
[        ] [  +24 ms] Found plugin connectivity_plus at /Users/florian/.pub-cache/hosted/pub.dev/connectivity_plus-5.0.2/
[        ] [   +6 ms] input.json contents:
[        ]            {
[        ]              "assets": {},
[        ]              "config": {
[        ]                "build_asset_types": [
[        ]                  "code_assets/code"
[        ]                ],
[        ]                "extensions": {
[        ]                  "code_assets": {
[        ]                    "android": {
[        ]                      "target_ndk_api": 24
[        ]                    },
[        ]                    "c_compiler": {
[        ]                      "ar": "/Users/florian/Library/Android/sdk/ndk/28.2.13676358/toolchains/llvm/prebuilt/darwin-x86_64/bin/llvm-ar",
[        ]                      "cc": "/Users/florian/Library/Android/sdk/ndk/28.2.13676358/toolchains/llvm/prebuilt/darwin-x86_64/bin/clang",
[        ]                      "ld": "/Users/florian/Library/Android/sdk/ndk/28.2.13676358/toolchains/llvm/prebuilt/darwin-x86_64/bin/ld.lld"
[        ]                    },
[        ]                    "link_mode_preference": "dynamic",
[        ]                    "target_architecture": "arm64",
[        ]                    "target_os": "android"
[        ]                  }
[        ]                },
[        ]                "linking_enabled": false
[        ]              },
[        ]              "out_dir_shared": "/Users/florian/Code/substitution/.dart_tool/hooks_runner/shared/objective_c/build/",
[        ]              "out_file": "/Users/florian/Code/substitution/.dart_tool/hooks_runner/objective_c/842b8c761140c2c0e73191c57a372e73/output.json",
[        ]              "package_name": "objective_c",
[        ]              "package_root": "/Users/florian/.pub-cache/hosted/pub.dev/objective_c-9.2.5/",
[        ]              "user_defines": {}
[        ]            }
[        ] [   +3 ms] output.json contents:
[        ]            {
[        ]              "assets_for_linking": {},
[        ]              "status": "success",
[        ]              "timestamp": "2026-02-16 21:57:23.000"
[        ]            }
[        ] [   +1 ms] Skipping build for objective_c in /Users/florian/Code/substitution/.dart_tool/hooks_runner/objective_c/842b8c761140c2c0e73191c57a372e73/. Last build on 2026-02-16 21:57:23.000.
[        ] [   +2 ms] Building native assets for android_arm64 done.
[        ] [   +1 ms] dart_build: Complete
[        ] [   +1 ms] install_code_assets: Starting due to {}
[        ] [   +1 ms] Writing native assets json to file:///Users/florian/Code/substitution/.dart_tool/flutter_build/659d8e26a38e4a7ef41679740ea04652/native_assets.json.
[        ] [        ] Found plugin video_player at /Users/florian/.pub-cache/hosted/pub.dev/video_player-2.10.1/
[        ] [        ] Found plugin video_player_web at /Users/florian/.pub-cache/hosted/pub.dev/video_player_web-2.4.0/
[        ] [        ] Writing /Users/florian/Code/substitution/.dart_tool/flutter_build/659d8e26a38e4a7ef41679740ea04652/native_assets.json done.
[        ] [        ] install_code_assets: Complete
[        ] [   +1 ms] Found plugin video_player_avfoundation at /Users/florian/.pub-cache/hosted/pub.dev/video_player_avfoundation-2.9.1/
[        ] [        ] Found plugin video_player_android at /Users/florian/.pub-cache/hosted/pub.dev/video_player_android-2.9.1/
[        ] [        ] Found plugin url_launcher at /Users/florian/.pub-cache/hosted/pub.dev/url_launcher-6.3.2/
[        ] [        ] Found plugin url_launcher_windows at /Users/florian/.pub-cache/hosted/pub.dev/url_launcher_windows-3.1.5/
[        ] [        ] Found plugin url_launcher_web at /Users/florian/.pub-cache/hosted/pub.dev/url_launcher_web-2.4.2/
[        ] [        ] Found plugin url_launcher_macos at /Users/florian/.pub-cache/hosted/pub.dev/url_launcher_macos-3.2.5/
[        ] [        ] Found plugin url_launcher_linux at /Users/florian/.pub-cache/hosted/pub.dev/url_launcher_linux-3.2.2/
[        ] [        ] Found plugin url_launcher_ios at /Users/florian/.pub-cache/hosted/pub.dev/url_launcher_ios-6.3.6/
[        ] [        ] Found plugin url_launcher_android at /Users/florian/.pub-cache/hosted/pub.dev/url_launcher_android-6.3.28/
[        ] [   +2 ms] Found plugin sqflite at /Users/florian/.pub-cache/hosted/pub.dev/sqflite-2.4.2/
[        ] [   +1 ms] Found plugin sqflite_darwin at /Users/florian/.pub-cache/hosted/pub.dev/sqflite_darwin-2.4.2/
[        ] [        ] Found plugin sqflite_android at /Users/florian/.pub-cache/hosted/pub.dev/sqflite_android-2.4.2+2/
[        ] [   +1 ms] Found plugin path_provider at /Users/florian/.pub-cache/hosted/pub.dev/path_provider-2.1.5/
[        ] [        ] Found plugin path_provider_windows at /Users/florian/.pub-cache/hosted/pub.dev/path_provider_windows-2.3.0/
[        ] [        ] Found plugin path_provider_linux at /Users/florian/.pub-cache/hosted/pub.dev/path_provider_linux-2.2.1/
[        ] [        ] Found plugin path_provider_foundation at /Users/florian/.pub-cache/hosted/pub.dev/path_provider_foundation-2.6.0/
[        ] [   +2 ms] Found plugin path_provider_android at /Users/florian/.pub-cache/hosted/pub.dev/path_provider_android-2.2.22/
[        ] [  +20 ms] Found plugin flutter_keyboard_visibility_temp_fork at /Users/florian/.pub-cache/hosted/pub.dev/flutter_keyboard_visibility_temp_fork-0.1.5/
[        ] [        ] Found plugin flutter_keyboard_visibility_windows at /Users/florian/.pub-cache/hosted/pub.dev/flutter_keyboard_visibility_windows-1.0.0/
[        ] [   +1 ms] Found plugin flutter_keyboard_visibility_macos at /Users/florian/.pub-cache/hosted/pub.dev/flutter_keyboard_visibility_macos-1.0.0/
[        ] [        ] Found plugin flutter_keyboard_visibility_linux at /Users/florian/.pub-cache/hosted/pub.dev/flutter_keyboard_visibility_linux-1.0.0/
[        ] [   +9 ms] Found plugin quill_native_bridge at /Users/florian/.pub-cache/hosted/pub.dev/quill_native_bridge-11.1.0/
[        ] [   +1 ms] Found plugin quill_native_bridge_windows at /Users/florian/.pub-cache/hosted/pub.dev/quill_native_bridge_windows-0.0.2/
[        ] [  +14 ms] Found plugin file_selector_windows at /Users/florian/.pub-cache/hosted/pub.dev/file_selector_windows-0.9.3+5/
[        ] [   +2 ms] Found plugin quill_native_bridge_web at /Users/florian/.pub-cache/hosted/pub.dev/quill_native_bridge_web-0.0.2/
[        ] [        ] Found plugin quill_native_bridge_macos at /Users/florian/.pub-cache/hosted/pub.dev/quill_native_bridge_macos-0.0.1/
[        ] [        ] Found plugin quill_native_bridge_ios at /Users/florian/.pub-cache/hosted/pub.dev/quill_native_bridge_ios-0.0.1/
[        ] [        ] Found plugin quill_native_bridge_android at /Users/florian/.pub-cache/hosted/pub.dev/quill_native_bridge_android-0.0.1+2/
[        ] [   +4 ms] Found plugin flutter_openssl_crypto at /Users/florian/.pub-cache/hosted/pub.dev/flutter_openssl_crypto-0.5.0/
[        ] [        ] Found plugin flutter_olm at /Users/florian/.pub-cache/hosted/pub.dev/flutter_olm-2.0.0/
[        ] [   +2 ms] Found plugin file_selector at /Users/florian/.pub-cache/hosted/pub.dev/file_selector-1.1.0/
[        ] [        ] Found plugin file_selector_web at /Users/florian/.pub-cache/hosted/pub.dev/file_selector_web-0.9.4+2/
[        ] [        ] Found plugin file_selector_macos at /Users/florian/.pub-cache/hosted/pub.dev/file_selector_macos-0.9.5/
[        ] [        ] Found plugin file_selector_linux at /Users/florian/.pub-cache/hosted/pub.dev/file_selector_linux-0.9.4/
[        ] [        ] Found plugin file_selector_ios at /Users/florian/.pub-cache/hosted/pub.dev/file_selector_ios-0.5.3+5/
[        ] [        ] Found plugin file_selector_android at /Users/florian/.pub-cache/hosted/pub.dev/file_selector_android-0.5.2+4/
[        ] [   +1 ms] Found plugin emoji_picker_flutter at /Users/florian/.pub-cache/hosted/pub.dev/emoji_picker_flutter-4.4.0/
[        ] [   +1 ms] Found plugin shared_preferences at /Users/florian/.pub-cache/hosted/pub.dev/shared_preferences-2.5.4/
[        ] [   +1 ms] Found plugin shared_preferences_windows at /Users/florian/.pub-cache/hosted/pub.dev/shared_preferences_windows-2.4.1/
[        ] [   +1 ms] Found plugin shared_preferences_web at /Users/florian/.pub-cache/hosted/pub.dev/shared_preferences_web-2.4.3/
[        ] [        ] Found plugin shared_preferences_linux at /Users/florian/.pub-cache/hosted/pub.dev/shared_preferences_linux-2.4.1/
[        ] [        ] Found plugin shared_preferences_foundation at /Users/florian/.pub-cache/hosted/pub.dev/shared_preferences_foundation-2.5.6/
[        ] [        ] Found plugin shared_preferences_android at /Users/florian/.pub-cache/hosted/pub.dev/shared_preferences_android-2.4.20/
[        ] [  +15 ms] Skipping generating dart_plugin_registrant.dart because it is up-to-date.
[        ] [        ] gen_dart_plugin_registrant: Complete
[        ] [   +1 ms] kernel_snapshot_program: Starting due to {}
[        ] [   +6 ms] /opt/homebrew/share/flutter/bin/cache/dart-sdk/bin/dartaotruntime /opt/homebrew/share/flutter/bin/cache/dart-sdk/bin/snapshots/frontend_server_aot.dart.snapshot --sdk-root /opt/homebrew/share/flutter/bin/cache/artifacts/engine/common/flutter_patched_sdk/ --target=flutter --no-print-incremental-dependencies -DMATRIX_SERVER=http://localhost:8008 -DMATRIX_TEST_USER= -DMATRIX_TEST_PASSWORD= -DFLUTTER_VERSION=3.38.9 -DFLUTTER_CHANNEL=stable -DFLUTTER_GIT_URL=https://github.com/flutter/flutter.git -DFLUTTER_FRAMEWORK_REVISION=67323de285 -DFLUTTER_ENGINE_REVISION=587c18f873 -DFLUTTER_DART_VERSION=3.10.8 -DINTEGRATION_TEST_SHOULD_REPORT_RESULTS_TO_NATIVE=false -DFLUTTER_APP_FLAVOR= -Ddart.vm.profile=false -Ddart.vm.product=false --enable-asserts --track-widget-creation --no-link-platform --packages /Users/florian/Code/substitution/.dart_tool/package_config.json --output-dill /Users/florian/Code/substitution/.dart_tool/flutter_build/659d8e26a38e4a7ef41679740ea04652/app.dill --depfile /Users/florian/Code/substitution/.dart_tool/flutter_build/659d8e26a38e4a7ef41679740ea04652/kernel_snapshot_program.d --incremental --initialize-from-dill /Users/florian/Code/substitution/.dart_tool/flutter_build/659d8e26a38e4a7ef41679740ea04652/app.dill --source file:///Users/florian/Code/substitution/.dart_tool/flutter_build/dart_plugin_registrant.dart --source package:flutter/src/dart_plugin_registrant.dart -Dflutter.dart_plugin_registrant=file:///Users/florian/Code/substitution/.dart_tool/flutter_build/dart_plugin_registrant.dart --verbosity=error file:///var/folders/l_/w8pnbb9d38n57pzg9j98fmy80000gn/T/flutter_tools.wuOse9/flutter_test_listener.obwlhN/listener.dart
06:40 +4 -16: loading /Users/florian/Code/substitution/integration_test/profile_edit_test.dart                                                                                                         06:41 +4 -16: loading /Users/florian/Code/substitution/integration_test/profile_edit_test.dart                                                                                                         06:42 +4 -16: loading /Users/florian/Code/substitution/integration_test/profile_edit_test.dart                                                                                                         [+2488 ms] [+4041 ms] kernel_snapshot_program: Complete
[ +700 ms] [ +690 ms] debug_android_application: Starting due to {}
[ +107 ms] [  +93 ms] Manifest contained wildcard assets. Inserting missing file into build graph to force rerun. for more information see #56466.
[        ] [   +2 ms] shaderc command: [/opt/homebrew/share/flutter/bin/cache/artifacts/engine/darwin-x64/impellerc, --sksl, --runtime-stage-gles, --runtime-stage-gles3, --runtime-stage-vulkan, --iplr, --sl=/Users/florian/Code/substitution/build/app/intermediates/flutter/debug/flutter_assets/shaders/ink_sparkle.frag, --spirv=/Users/florian/Code/substitution/build/app/intermediates/flutter/debug/flutter_assets/shaders/ink_sparkle.frag.spirv, --input=/opt/homebrew/share/flutter/packages/flutter/lib/src/material/shaders/ink_sparkle.frag, --input-type=frag, --include=/opt/homebrew/share/flutter/packages/flutter/lib/src/material/shaders, --include=/opt/homebrew/share/flutter/bin/cache/artifacts/engine/darwin-x64/shader_lib]
[        ] [        ] shaderc command: [/opt/homebrew/share/flutter/bin/cache/artifacts/engine/darwin-x64/impellerc, --sksl, --runtime-stage-gles, --runtime-stage-gles3, --runtime-stage-vulkan, --iplr, --sl=/Users/florian/Code/substitution/build/app/intermediates/flutter/debug/flutter_assets/shaders/stretch_effect.frag, --spirv=/Users/florian/Code/substitution/build/app/intermediates/flutter/debug/flutter_assets/shaders/stretch_effect.frag.spirv, --input=/opt/homebrew/share/flutter/packages/flutter/lib/src/material/shaders/stretch_effect.frag, --input-type=frag, --include=/opt/homebrew/share/flutter/packages/flutter/lib/src/material/shaders, --include=/opt/homebrew/share/flutter/bin/cache/artifacts/engine/darwin-x64/shader_lib]
06:43 +4 -16: loading /Users/florian/Code/substitution/integration_test/profile_edit_test.dart                                                                                                         [ +294 ms] [ +317 ms] debug_android_application: Complete
[ +700 ms] [ +673 ms] Persisting file store
[        ] [   +4 ms] Done persisting file store
[        ] [   +8 ms] build succeeded.
[        ] [   +2 ms] "flutter assemble" took 6.125ms.
[        ] [   +2 ms] executing: sw_vers -productName
[        ] [   +9 ms] Exit code 0 from: sw_vers -productName
[        ] [        ] macOS
[        ] [        ] executing: sw_vers -productVersion
[        ] [   +7 ms] Exit code 0 from: sw_vers -productVersion
[        ] [        ] 26.1
[        ] [        ] executing: sw_vers -buildVersion
[        ] [   +7 ms] Exit code 0 from: sw_vers -buildVersion
[        ] [        ] 25B78
[        ] [        ] executing: uname -m
[        ] [   +2 ms] Exit code 0 from: uname -m
[        ] [        ] arm64
[  +95 ms] [  +20 ms] Running 1 shutdown hook
[        ] [        ] Shutdown hooks complete
[        ] [  +51 ms] exiting with code 0
06:44 +4 -16: loading /Users/florian/Code/substitution/integration_test/profile_edit_test.dart                                                                                                         [ +102 ms] Resolve mutations for :app:packJniLibsflutterBuildDebug (Thread[#40106,Execution worker,5,main]) started.
[        ] :app:packJniLibsflutterBuildDebug (Thread[#40106,Execution worker,5,main]) started.
[        ] > Task :app:packJniLibsflutterBuildDebug UP-TO-DATE
[        ] Caching disabled for task ':app:packJniLibsflutterBuildDebug' because:
[        ]   Build cache is disabled
[        ]   Not worth caching
[        ] Skipping task ':app:packJniLibsflutterBuildDebug' as it is up-to-date.
[        ] Resolve mutations for :connectivity_plus:preBuild (Thread[#40106,Execution worker,5,main]) started.
[        ] :connectivity_plus:preBuild (Thread[#40106,Execution worker,5,main]) started.
[        ] > Task :connectivity_plus:preBuild UP-TO-DATE
[        ] Skipping task ':connectivity_plus:preBuild' as it has no actions.
[        ] Resolve mutations for :connectivity_plus:preDebugBuild (Thread[#40106,Execution worker,5,main]) started.
[        ] :connectivity_plus:preDebugBuild (Thread[#40106,Execution worker,5,main]) started.
[        ] > Task :connectivity_plus:preDebugBuild UP-TO-DATE
[        ] Skipping task ':connectivity_plus:preDebugBuild' as it has no actions.
[        ] Resolve mutations for :connectivity_plus:writeDebugAarMetadata (Thread[#40125,Execution worker Thread 19,5,main]) started.
[        ] :connectivity_plus:writeDebugAarMetadata (Thread[#40131,Execution worker Thread 25,5,main]) started.
[        ] > Task :connectivity_plus:writeDebugAarMetadata UP-TO-DATE
[        ] Caching disabled for task ':connectivity_plus:writeDebugAarMetadata' because:
[        ]   Build cache is disabled
[        ]   Caching has been disabled for the task
[        ] Skipping task ':connectivity_plus:writeDebugAarMetadata' as it is up-to-date.
[        ] work action resolve aar-metadata.properties (project :connectivity_plus) (Thread[#40131,Execution worker Thread 25,5,main]) started.
[        ] Resolve mutations for :emoji_picker_flutter:preBuild (Thread[#40131,Execution worker Thread 25,5,main]) started.
[        ] :emoji_picker_flutter:preBuild (Thread[#40131,Execution worker Thread 25,5,main]) started.
[        ] > Task :emoji_picker_flutter:preBuild UP-TO-DATE
[        ] Skipping task ':emoji_picker_flutter:preBuild' as it has no actions.
[        ] Resolve mutations for :emoji_picker_flutter:preDebugBuild (Thread[#40131,Execution worker Thread 25,5,main]) started.
[        ] :emoji_picker_flutter:preDebugBuild (Thread[#40131,Execution worker Thread 25,5,main]) started.
[        ] > Task :emoji_picker_flutter:preDebugBuild UP-TO-DATE
[        ] Skipping task ':emoji_picker_flutter:preDebugBuild' as it has no actions.
[        ] Resolve mutations for :emoji_picker_flutter:writeDebugAarMetadata (Thread[#40131,Execution worker Thread 25,5,main]) started.
[        ] :emoji_picker_flutter:writeDebugAarMetadata (Thread[#40131,Execution worker Thread 25,5,main]) started.
[        ] > Task :emoji_picker_flutter:writeDebugAarMetadata UP-TO-DATE
[        ] Caching disabled for task ':emoji_picker_flutter:writeDebugAarMetadata' because:
[        ]   Build cache is disabled
[        ]   Caching has been disabled for the task
[        ] Skipping task ':emoji_picker_flutter:writeDebugAarMetadata' as it is up-to-date.
[        ] work action resolve aar-metadata.properties (project :emoji_picker_flutter) (Thread[#40131,Execution worker Thread 25,5,main]) started.
[        ] Resolve mutations for :file_selector_android:preBuild (Thread[#40131,Execution worker Thread 25,5,main]) started.
[        ] :file_selector_android:preBuild (Thread[#40131,Execution worker Thread 25,5,main]) started.
[        ] > Task :file_selector_android:preBuild UP-TO-DATE
[        ] Skipping task ':file_selector_android:preBuild' as it has no actions.
[        ] Resolve mutations for :file_selector_android:preDebugBuild (Thread[#40131,Execution worker Thread 25,5,main]) started.
[        ] :file_selector_android:preDebugBuild (Thread[#40131,Execution worker Thread 25,5,main]) started.
[        ] > Task :file_selector_android:preDebugBuild UP-TO-DATE
[        ] Skipping task ':file_selector_android:preDebugBuild' as it has no actions.
[        ] Resolve mutations for :file_selector_android:writeDebugAarMetadata (Thread[#40131,Execution worker Thread 25,5,main]) started.
[        ] :file_selector_android:writeDebugAarMetadata (Thread[#40131,Execution worker Thread 25,5,main]) started.
[        ] > Task :file_selector_android:writeDebugAarMetadata UP-TO-DATE
[        ] Caching disabled for task ':file_selector_android:writeDebugAarMetadata' because:
[        ]   Build cache is disabled
[        ]   Caching has been disabled for the task
[        ] Skipping task ':file_selector_android:writeDebugAarMetadata' as it is up-to-date.
[        ] work action resolve aar-metadata.properties (project :file_selector_android) (Thread[#40131,Execution worker Thread 25,5,main]) started.
[        ] Resolve mutations for :flutter_keyboard_visibility_temp_fork:preBuild (Thread[#40131,Execution worker Thread 25,5,main]) started.
[        ] :flutter_keyboard_visibility_temp_fork:preBuild (Thread[#40131,Execution worker Thread 25,5,main]) started.
[        ] > Task :flutter_keyboard_visibility_temp_fork:preBuild UP-TO-DATE
[        ] Skipping task ':flutter_keyboard_visibility_temp_fork:preBuild' as it has no actions.
[        ] Resolve mutations for :flutter_keyboard_visibility_temp_fork:preDebugBuild (Thread[#40131,Execution worker Thread 25,5,main]) started.
[        ] :flutter_keyboard_visibility_temp_fork:preDebugBuild (Thread[#40131,Execution worker Thread 25,5,main]) started.
[        ] > Task :flutter_keyboard_visibility_temp_fork:preDebugBuild UP-TO-DATE
[        ] Skipping task ':flutter_keyboard_visibility_temp_fork:preDebugBuild' as it has no actions.
[        ] Resolve mutations for :flutter_keyboard_visibility_temp_fork:writeDebugAarMetadata (Thread[#40131,Execution worker Thread 25,5,main]) started.
[        ] :flutter_keyboard_visibility_temp_fork:writeDebugAarMetadata (Thread[#40131,Execution worker Thread 25,5,main]) started.
[        ] > Task :flutter_keyboard_visibility_temp_fork:writeDebugAarMetadata UP-TO-DATE
[        ] Caching disabled for task ':flutter_keyboard_visibility_temp_fork:writeDebugAarMetadata' because:
[        ]   Build cache is disabled
[        ]   Caching has been disabled for the task
[        ] Skipping task ':flutter_keyboard_visibility_temp_fork:writeDebugAarMetadata' as it is up-to-date.
[        ] work action resolve aar-metadata.properties (project :flutter_keyboard_visibility_temp_fork) (Thread[#40131,Execution worker Thread 25,5,main]) started.
[        ] Resolve mutations for :flutter_native_splash:preBuild (Thread[#40131,Execution worker Thread 25,5,main]) started.
[        ] :flutter_native_splash:preBuild (Thread[#40131,Execution worker Thread 25,5,main]) started.
[        ] > Task :flutter_native_splash:preBuild UP-TO-DATE
[        ] Skipping task ':flutter_native_splash:preBuild' as it has no actions.
[        ] Resolve mutations for :flutter_native_splash:preDebugBuild (Thread[#40131,Execution worker Thread 25,5,main]) started.
[        ] :flutter_native_splash:preDebugBuild (Thread[#40131,Execution worker Thread 25,5,main]) started.
[        ] > Task :flutter_native_splash:preDebugBuild UP-TO-DATE
[        ] Skipping task ':flutter_native_splash:preDebugBuild' as it has no actions.
[        ] Resolve mutations for :flutter_native_splash:writeDebugAarMetadata (Thread[#40131,Execution worker Thread 25,5,main]) started.
[        ] :flutter_native_splash:writeDebugAarMetadata (Thread[#40131,Execution worker Thread 25,5,main]) started.
[        ] > Task :flutter_native_splash:writeDebugAarMetadata UP-TO-DATE
[        ] Caching disabled for task ':flutter_native_splash:writeDebugAarMetadata' because:
[        ]   Build cache is disabled
[        ]   Caching has been disabled for the task
[        ] Skipping task ':flutter_native_splash:writeDebugAarMetadata' as it is up-to-date.
[        ] work action resolve aar-metadata.properties (project :flutter_native_splash) (Thread[#40131,Execution worker Thread 25,5,main]) started.
[        ] Resolve mutations for :flutter_olm:preBuild (Thread[#40131,Execution worker Thread 25,5,main]) started.
[        ] :flutter_olm:preBuild (Thread[#40131,Execution worker Thread 25,5,main]) started.
[        ] > Task :flutter_olm:preBuild UP-TO-DATE
[        ] Skipping task ':flutter_olm:preBuild' as it has no actions.
[        ] Resolve mutations for :flutter_olm:preDebugBuild (Thread[#40131,Execution worker Thread 25,5,main]) started.
[        ] :flutter_olm:preDebugBuild (Thread[#40131,Execution worker Thread 25,5,main]) started.
[        ] > Task :flutter_olm:preDebugBuild UP-TO-DATE
[        ] Skipping task ':flutter_olm:preDebugBuild' as it has no actions.
[        ] Resolve mutations for :flutter_olm:writeDebugAarMetadata (Thread[#40131,Execution worker Thread 25,5,main]) started.
[        ] :flutter_olm:writeDebugAarMetadata (Thread[#40131,Execution worker Thread 25,5,main]) started.
[        ] > Task :flutter_olm:writeDebugAarMetadata UP-TO-DATE
[        ] Caching disabled for task ':flutter_olm:writeDebugAarMetadata' because:
[        ]   Build cache is disabled
[        ]   Caching has been disabled for the task
[        ] Skipping task ':flutter_olm:writeDebugAarMetadata' as it is up-to-date.
[        ] work action resolve aar-metadata.properties (project :flutter_olm) (Thread[#40131,Execution worker Thread 25,5,main]) started.
[        ] Resolve mutations for :flutter_openssl_crypto:preBuild (Thread[#40131,Execution worker Thread 25,5,main]) started.
[        ] :flutter_openssl_crypto:preBuild (Thread[#40131,Execution worker Thread 25,5,main]) started.
[        ] > Task :flutter_openssl_crypto:preBuild UP-TO-DATE
[        ] Skipping task ':flutter_openssl_crypto:preBuild' as it has no actions.
[        ] Resolve mutations for :flutter_openssl_crypto:preDebugBuild (Thread[#40131,Execution worker Thread 25,5,main]) started.
[        ] :flutter_openssl_crypto:preDebugBuild (Thread[#40131,Execution worker Thread 25,5,main]) started.
[        ] > Task :flutter_openssl_crypto:preDebugBuild UP-TO-DATE
[        ] Skipping task ':flutter_openssl_crypto:preDebugBuild' as it has no actions.
[        ] Resolve mutations for :flutter_openssl_crypto:writeDebugAarMetadata (Thread[#40131,Execution worker Thread 25,5,main]) started.
[        ] :flutter_openssl_crypto:writeDebugAarMetadata (Thread[#40131,Execution worker Thread 25,5,main]) started.
[        ] > Task :flutter_openssl_crypto:writeDebugAarMetadata UP-TO-DATE
[        ] Caching disabled for task ':flutter_openssl_crypto:writeDebugAarMetadata' because:
[        ]   Build cache is disabled
[        ]   Caching has been disabled for the task
[        ] Skipping task ':flutter_openssl_crypto:writeDebugAarMetadata' as it is up-to-date.
[        ] work action resolve aar-metadata.properties (project :flutter_openssl_crypto) (Thread[#40131,Execution worker Thread 25,5,main]) started.
[        ] Resolve mutations for :integration_test:preBuild (Thread[#40131,Execution worker Thread 25,5,main]) started.
[        ] :integration_test:preBuild (Thread[#40131,Execution worker Thread 25,5,main]) started.
[        ] > Task :integration_test:preBuild UP-TO-DATE
[        ] Skipping task ':integration_test:preBuild' as it has no actions.
[        ] Resolve mutations for :integration_test:preDebugBuild (Thread[#40131,Execution worker Thread 25,5,main]) started.
[        ] :integration_test:preDebugBuild (Thread[#40131,Execution worker Thread 25,5,main]) started.
[        ] > Task :integration_test:preDebugBuild UP-TO-DATE
[        ] Skipping task ':integration_test:preDebugBuild' as it has no actions.
[        ] Resolve mutations for :integration_test:writeDebugAarMetadata (Thread[#40131,Execution worker Thread 25,5,main]) started.
[        ] :integration_test:writeDebugAarMetadata (Thread[#40131,Execution worker Thread 25,5,main]) started.
[        ] > Task :integration_test:writeDebugAarMetadata UP-TO-DATE
[        ] Caching disabled for task ':integration_test:writeDebugAarMetadata' because:
[        ]   Build cache is disabled
[        ]   Caching has been disabled for the task
[        ] Skipping task ':integration_test:writeDebugAarMetadata' as it is up-to-date.
[        ] work action resolve aar-metadata.properties (project :integration_test) (Thread[#40131,Execution worker Thread 25,5,main]) started.
[        ] Resolve mutations for :path_provider_android:preBuild (Thread[#40131,Execution worker Thread 25,5,main]) started.
[        ] :path_provider_android:preBuild (Thread[#40131,Execution worker Thread 25,5,main]) started.
[        ] > Task :path_provider_android:preBuild UP-TO-DATE
[        ] Skipping task ':path_provider_android:preBuild' as it has no actions.
[        ] Resolve mutations for :path_provider_android:preDebugBuild (Thread[#40131,Execution worker Thread 25,5,main]) started.
[        ] :path_provider_android:preDebugBuild (Thread[#40131,Execution worker Thread 25,5,main]) started.
[        ] > Task :path_provider_android:preDebugBuild UP-TO-DATE
[        ] Skipping task ':path_provider_android:preDebugBuild' as it has no actions.
[        ] Resolve mutations for :path_provider_android:writeDebugAarMetadata (Thread[#40131,Execution worker Thread 25,5,main]) started.
[        ] :path_provider_android:writeDebugAarMetadata (Thread[#40131,Execution worker Thread 25,5,main]) started.
[        ] > Task :path_provider_android:writeDebugAarMetadata UP-TO-DATE
[        ] Caching disabled for task ':path_provider_android:writeDebugAarMetadata' because:
[        ]   Build cache is disabled
[        ]   Caching has been disabled for the task
[        ] Skipping task ':path_provider_android:writeDebugAarMetadata' as it is up-to-date.
[        ] work action resolve aar-metadata.properties (project :path_provider_android) (Thread[#40131,Execution worker Thread 25,5,main]) started.
[        ] Resolve mutations for :quill_native_bridge_android:preBuild (Thread[#40131,Execution worker Thread 25,5,main]) started.
[        ] :quill_native_bridge_android:preBuild (Thread[#40131,Execution worker Thread 25,5,main]) started.
[        ] > Task :quill_native_bridge_android:preBuild UP-TO-DATE
[        ] Skipping task ':quill_native_bridge_android:preBuild' as it has no actions.
[        ] Resolve mutations for :quill_native_bridge_android:preDebugBuild (Thread[#40131,Execution worker Thread 25,5,main]) started.
[        ] :quill_native_bridge_android:preDebugBuild (Thread[#40131,Execution worker Thread 25,5,main]) started.
[        ] > Task :quill_native_bridge_android:preDebugBuild UP-TO-DATE
[        ] Skipping task ':quill_native_bridge_android:preDebugBuild' as it has no actions.
[        ] Resolve mutations for :quill_native_bridge_android:writeDebugAarMetadata (Thread[#40131,Execution worker Thread 25,5,main]) started.
[        ] :quill_native_bridge_android:writeDebugAarMetadata (Thread[#40131,Execution worker Thread 25,5,main]) started.
[        ] > Task :quill_native_bridge_android:writeDebugAarMetadata UP-TO-DATE
[        ] Caching disabled for task ':quill_native_bridge_android:writeDebugAarMetadata' because:
[        ]   Build cache is disabled
[        ]   Caching has been disabled for the task
[        ] Skipping task ':quill_native_bridge_android:writeDebugAarMetadata' as it is up-to-date.
[        ] work action resolve aar-metadata.properties (project :quill_native_bridge_android) (Thread[#40131,Execution worker Thread 25,5,main]) started.
[        ] Resolve mutations for :shared_preferences_android:preBuild (Thread[#40131,Execution worker Thread 25,5,main]) started.
[        ] :shared_preferences_android:preBuild (Thread[#40131,Execution worker Thread 25,5,main]) started.
[        ] > Task :shared_preferences_android:preBuild UP-TO-DATE
[        ] Skipping task ':shared_preferences_android:preBuild' as it has no actions.
[        ] Resolve mutations for :shared_preferences_android:preDebugBuild (Thread[#40131,Execution worker Thread 25,5,main]) started.
[        ] :shared_preferences_android:preDebugBuild (Thread[#40131,Execution worker Thread 25,5,main]) started.
[        ] > Task :shared_preferences_android:preDebugBuild UP-TO-DATE
[        ] Skipping task ':shared_preferences_android:preDebugBuild' as it has no actions.
[        ] Resolve mutations for :shared_preferences_android:writeDebugAarMetadata (Thread[#40131,Execution worker Thread 25,5,main]) started.
[        ] :shared_preferences_android:writeDebugAarMetadata (Thread[#40131,Execution worker Thread 25,5,main]) started.
[        ] > Task :shared_preferences_android:writeDebugAarMetadata UP-TO-DATE
[        ] Caching disabled for task ':shared_preferences_android:writeDebugAarMetadata' because:
[        ]   Build cache is disabled
[        ]   Caching has been disabled for the task
[        ] Skipping task ':shared_preferences_android:writeDebugAarMetadata' as it is up-to-date.
[        ] work action resolve aar-metadata.properties (project :shared_preferences_android) (Thread[#40131,Execution worker Thread 25,5,main]) started.
[        ] Resolve mutations for :sqflite_android:preBuild (Thread[#40131,Execution worker Thread 25,5,main]) started.
[        ] :sqflite_android:preBuild (Thread[#40131,Execution worker Thread 25,5,main]) started.
[        ] > Task :sqflite_android:preBuild UP-TO-DATE
[        ] Skipping task ':sqflite_android:preBuild' as it has no actions.
[        ] Resolve mutations for :sqflite_android:preDebugBuild (Thread[#40131,Execution worker Thread 25,5,main]) started.
[        ] :sqflite_android:preDebugBuild (Thread[#40131,Execution worker Thread 25,5,main]) started.
[        ] > Task :sqflite_android:preDebugBuild UP-TO-DATE
[        ] Skipping task ':sqflite_android:preDebugBuild' as it has no actions.
[        ] Resolve mutations for :sqflite_android:writeDebugAarMetadata (Thread[#40131,Execution worker Thread 25,5,main]) started.
[        ] :sqflite_android:writeDebugAarMetadata (Thread[#40131,Execution worker Thread 25,5,main]) started.
[        ] > Task :sqflite_android:writeDebugAarMetadata UP-TO-DATE
[        ] Caching disabled for task ':sqflite_android:writeDebugAarMetadata' because:
[        ]   Build cache is disabled
[        ]   Caching has been disabled for the task
[        ] Skipping task ':sqflite_android:writeDebugAarMetadata' as it is up-to-date.
[        ] work action resolve aar-metadata.properties (project :sqflite_android) (Thread[#40131,Execution worker Thread 25,5,main]) started.
[        ] Resolve mutations for :url_launcher_android:preBuild (Thread[#40131,Execution worker Thread 25,5,main]) started.
[        ] :url_launcher_android:preBuild (Thread[#40131,Execution worker Thread 25,5,main]) started.
[        ] > Task :url_launcher_android:preBuild UP-TO-DATE
[        ] Skipping task ':url_launcher_android:preBuild' as it has no actions.
[        ] Resolve mutations for :url_launcher_android:preDebugBuild (Thread[#40131,Execution worker Thread 25,5,main]) started.
[        ] :url_launcher_android:preDebugBuild (Thread[#40131,Execution worker Thread 25,5,main]) started.
[        ] > Task :url_launcher_android:preDebugBuild UP-TO-DATE
[        ] Skipping task ':url_launcher_android:preDebugBuild' as it has no actions.
[        ] Resolve mutations for :url_launcher_android:writeDebugAarMetadata (Thread[#40131,Execution worker Thread 25,5,main]) started.
[        ] :url_launcher_android:writeDebugAarMetadata (Thread[#40131,Execution worker Thread 25,5,main]) started.
[        ] > Task :url_launcher_android:writeDebugAarMetadata UP-TO-DATE
[        ] Caching disabled for task ':url_launcher_android:writeDebugAarMetadata' because:
[        ]   Build cache is disabled
[        ]   Caching has been disabled for the task
[        ] Skipping task ':url_launcher_android:writeDebugAarMetadata' as it is up-to-date.
[        ] work action resolve aar-metadata.properties (project :url_launcher_android) (Thread[#40131,Execution worker Thread 25,5,main]) started.
[        ] Resolve mutations for :video_player_android:preBuild (Thread[#40131,Execution worker Thread 25,5,main]) started.
[        ] :video_player_android:preBuild (Thread[#40131,Execution worker Thread 25,5,main]) started.
[        ] > Task :video_player_android:preBuild UP-TO-DATE
[        ] Skipping task ':video_player_android:preBuild' as it has no actions.
[        ] Resolve mutations for :video_player_android:preDebugBuild (Thread[#40131,Execution worker Thread 25,5,main]) started.
[        ] :video_player_android:preDebugBuild (Thread[#40131,Execution worker Thread 25,5,main]) started.
[        ] > Task :video_player_android:preDebugBuild UP-TO-DATE
[        ] Skipping task ':video_player_android:preDebugBuild' as it has no actions.
[        ] Resolve mutations for :video_player_android:writeDebugAarMetadata (Thread[#40131,Execution worker Thread 25,5,main]) started.
[        ] :video_player_android:writeDebugAarMetadata (Thread[#40131,Execution worker Thread 25,5,main]) started.
[        ] > Task :video_player_android:writeDebugAarMetadata UP-TO-DATE
[        ] Caching disabled for task ':video_player_android:writeDebugAarMetadata' because:
[        ]   Build cache is disabled
[        ]   Caching has been disabled for the task
[        ] Skipping task ':video_player_android:writeDebugAarMetadata' as it is up-to-date.
[        ] work action resolve aar-metadata.properties (project :video_player_android) (Thread[#40131,Execution worker Thread 25,5,main]) started.
[        ] Resolve mutations for :app:checkDebugAarMetadata (Thread[#40131,Execution worker Thread 25,5,main]) started.
[        ] :app:checkDebugAarMetadata (Thread[#40131,Execution worker Thread 25,5,main]) started.
[        ] > Task :app:checkDebugAarMetadata UP-TO-DATE
[        ] Caching disabled for task ':app:checkDebugAarMetadata' because:
[        ]   Build cache is disabled
[        ]   Caching has been disabled for the task
[        ] Skipping task ':app:checkDebugAarMetadata' as it is up-to-date.
[        ] Resolve mutations for :app:cleanMergeDebugAssets (Thread[#40131,Execution worker Thread 25,5,main]) started.
[        ] :app:cleanMergeDebugAssets (Thread[#40131,Execution worker Thread 25,5,main]) started.
[        ] > Task :app:cleanMergeDebugAssets
[        ] Caching disabled for task ':app:cleanMergeDebugAssets' because:
[        ]   Build cache is disabled
[        ] Task ':app:cleanMergeDebugAssets' is not up-to-date because:
[        ]   Task has not declared any outputs despite executing actions.
[        ] Resolve mutations for :app:mergeDebugShaders (Thread[#40131,Execution worker Thread 25,5,main]) started.
[        ] :app:mergeDebugShaders (Thread[#40131,Execution worker Thread 25,5,main]) started.
[        ] > Task :app:mergeDebugShaders UP-TO-DATE
[        ] Caching disabled for task ':app:mergeDebugShaders' because:
[        ]   Build cache is disabled
[        ]   Simple merging task
[        ] Skipping task ':app:mergeDebugShaders' as it is up-to-date.
[        ] Resolve mutations for :app:compileDebugShaders (Thread[#40131,Execution worker Thread 25,5,main]) started.
[        ] :app:compileDebugShaders (Thread[#40131,Execution worker Thread 25,5,main]) started.
[        ] > Task :app:compileDebugShaders NO-SOURCE
[        ] Skipping task ':app:compileDebugShaders' as it has no source files and no previous output files.
[        ] Resolve mutations for :app:generateDebugAssets (Thread[#40131,Execution worker Thread 25,5,main]) started.
[        ] :app:generateDebugAssets (Thread[#40131,Execution worker Thread 25,5,main]) started.
[        ] > Task :app:generateDebugAssets UP-TO-DATE
[        ] Skipping task ':app:generateDebugAssets' as it has no actions.
[        ] Resolve mutations for :connectivity_plus:mergeDebugShaders (Thread[#40131,Execution worker Thread 25,5,main]) started.
[        ] :connectivity_plus:mergeDebugShaders (Thread[#40131,Execution worker Thread 25,5,main]) started.
[        ] > Task :connectivity_plus:mergeDebugShaders UP-TO-DATE
[        ] Caching disabled for task ':connectivity_plus:mergeDebugShaders' because:
[        ]   Build cache is disabled
[        ]   Simple merging task
[        ] Skipping task ':connectivity_plus:mergeDebugShaders' as it is up-to-date.
[        ] Resolve mutations for :connectivity_plus:compileDebugShaders (Thread[#40131,Execution worker Thread 25,5,main]) started.
[        ] :connectivity_plus:compileDebugShaders (Thread[#40131,Execution worker Thread 25,5,main]) started.
[        ] > Task :connectivity_plus:compileDebugShaders NO-SOURCE
[        ] Skipping task ':connectivity_plus:compileDebugShaders' as it has no source files and no previous output files.
[        ] Resolve mutations for :connectivity_plus:generateDebugAssets (Thread[#40131,Execution worker Thread 25,5,main]) started.
[        ] :connectivity_plus:generateDebugAssets (Thread[#40131,Execution worker Thread 25,5,main]) started.
[        ] > Task :connectivity_plus:generateDebugAssets UP-TO-DATE
[        ] Skipping task ':connectivity_plus:generateDebugAssets' as it has no actions.
[        ] Resolve mutations for :connectivity_plus:mergeDebugAssets (Thread[#40123,Execution worker Thread 17,5,main]) started.
[        ] :connectivity_plus:mergeDebugAssets (Thread[#40123,Execution worker Thread 17,5,main]) started.
[        ] > Task :connectivity_plus:mergeDebugAssets UP-TO-DATE
[        ] Caching disabled for task ':connectivity_plus:mergeDebugAssets' because:
[        ]   Build cache is disabled
[        ]   Simple merging task
[        ] Skipping task ':connectivity_plus:mergeDebugAssets' as it is up-to-date.
[        ] work action resolve mergeDebugAssets (project :connectivity_plus) (Thread[#40123,Execution worker Thread 17,5,main]) started.
[        ] Resolve mutations for :emoji_picker_flutter:mergeDebugShaders (Thread[#40123,Execution worker Thread 17,5,main]) started.
[        ] :emoji_picker_flutter:mergeDebugShaders (Thread[#40123,Execution worker Thread 17,5,main]) started.
[        ] > Task :emoji_picker_flutter:mergeDebugShaders UP-TO-DATE
[        ] Caching disabled for task ':emoji_picker_flutter:mergeDebugShaders' because:
[        ]   Build cache is disabled
[        ]   Simple merging task
[        ] Skipping task ':emoji_picker_flutter:mergeDebugShaders' as it is up-to-date.
[        ] Resolve mutations for :emoji_picker_flutter:compileDebugShaders (Thread[#40123,Execution worker Thread 17,5,main]) started.
[        ] :emoji_picker_flutter:compileDebugShaders (Thread[#40123,Execution worker Thread 17,5,main]) started.
[        ] > Task :emoji_picker_flutter:compileDebugShaders NO-SOURCE
[        ] Skipping task ':emoji_picker_flutter:compileDebugShaders' as it has no source files and no previous output files.
[        ] Resolve mutations for :emoji_picker_flutter:generateDebugAssets (Thread[#40123,Execution worker Thread 17,5,main]) started.
[        ] :emoji_picker_flutter:generateDebugAssets (Thread[#40123,Execution worker Thread 17,5,main]) started.
[        ] > Task :emoji_picker_flutter:generateDebugAssets UP-TO-DATE
[        ] Skipping task ':emoji_picker_flutter:generateDebugAssets' as it has no actions.
[        ] Resolve mutations for :emoji_picker_flutter:mergeDebugAssets (Thread[#40123,Execution worker Thread 17,5,main]) started.
[        ] :emoji_picker_flutter:mergeDebugAssets (Thread[#40123,Execution worker Thread 17,5,main]) started.
[ +104 ms] > Task :emoji_picker_flutter:mergeDebugAssets UP-TO-DATE
[        ] Caching disabled for task ':emoji_picker_flutter:mergeDebugAssets' because:
[        ]   Build cache is disabled
[        ]   Simple merging task
[        ] Skipping task ':emoji_picker_flutter:mergeDebugAssets' as it is up-to-date.
[        ] work action resolve mergeDebugAssets (project :emoji_picker_flutter) (Thread[#40123,Execution worker Thread 17,5,main]) started.
[        ] Resolve mutations for :file_selector_android:mergeDebugShaders (Thread[#40123,Execution worker Thread 17,5,main]) started.
[        ] :file_selector_android:mergeDebugShaders (Thread[#40123,Execution worker Thread 17,5,main]) started.
[        ] > Task :file_selector_android:mergeDebugShaders UP-TO-DATE
[        ] Caching disabled for task ':file_selector_android:mergeDebugShaders' because:
[        ]   Build cache is disabled
[        ]   Simple merging task
[        ] Skipping task ':file_selector_android:mergeDebugShaders' as it is up-to-date.
[        ] Resolve mutations for :file_selector_android:compileDebugShaders (Thread[#40123,Execution worker Thread 17,5,main]) started.
[        ] :file_selector_android:compileDebugShaders (Thread[#40123,Execution worker Thread 17,5,main]) started.
[        ] > Task :file_selector_android:compileDebugShaders NO-SOURCE
[        ] Skipping task ':file_selector_android:compileDebugShaders' as it has no source files and no previous output files.
[        ] Resolve mutations for :file_selector_android:generateDebugAssets (Thread[#40123,Execution worker Thread 17,5,main]) started.
[        ] :file_selector_android:generateDebugAssets (Thread[#40123,Execution worker Thread 17,5,main]) started.
[        ] > Task :file_selector_android:generateDebugAssets UP-TO-DATE
[        ] Skipping task ':file_selector_android:generateDebugAssets' as it has no actions.
[        ] Resolve mutations for :file_selector_android:mergeDebugAssets (Thread[#40123,Execution worker Thread 17,5,main]) started.
[        ] :file_selector_android:mergeDebugAssets (Thread[#40123,Execution worker Thread 17,5,main]) started.
[        ] > Task :file_selector_android:mergeDebugAssets UP-TO-DATE
[        ] Caching disabled for task ':file_selector_android:mergeDebugAssets' because:
[        ]   Build cache is disabled
[        ]   Simple merging task
[        ] Skipping task ':file_selector_android:mergeDebugAssets' as it is up-to-date.
[        ] work action resolve mergeDebugAssets (project :file_selector_android) (Thread[#40123,Execution worker Thread 17,5,main]) started.
[        ] Resolve mutations for :flutter_keyboard_visibility_temp_fork:mergeDebugShaders (Thread[#40123,Execution worker Thread 17,5,main]) started.
[        ] :flutter_keyboard_visibility_temp_fork:mergeDebugShaders (Thread[#40123,Execution worker Thread 17,5,main]) started.
[        ] > Task :flutter_keyboard_visibility_temp_fork:mergeDebugShaders UP-TO-DATE
[        ] Caching disabled for task ':flutter_keyboard_visibility_temp_fork:mergeDebugShaders' because:
[        ]   Build cache is disabled
[        ]   Simple merging task
[        ] Skipping task ':flutter_keyboard_visibility_temp_fork:mergeDebugShaders' as it is up-to-date.
[        ] Resolve mutations for :flutter_keyboard_visibility_temp_fork:compileDebugShaders (Thread[#40123,Execution worker Thread 17,5,main]) started.
[        ] :flutter_keyboard_visibility_temp_fork:compileDebugShaders (Thread[#40123,Execution worker Thread 17,5,main]) started.
[        ] > Task :flutter_keyboard_visibility_temp_fork:compileDebugShaders NO-SOURCE
[        ] Skipping task ':flutter_keyboard_visibility_temp_fork:compileDebugShaders' as it has no source files and no previous output files.
[        ] Resolve mutations for :flutter_keyboard_visibility_temp_fork:generateDebugAssets (Thread[#40123,Execution worker Thread 17,5,main]) started.
[        ] :flutter_keyboard_visibility_temp_fork:generateDebugAssets (Thread[#40123,Execution worker Thread 17,5,main]) started.
[        ] > Task :flutter_keyboard_visibility_temp_fork:generateDebugAssets UP-TO-DATE
[        ] Skipping task ':flutter_keyboard_visibility_temp_fork:generateDebugAssets' as it has no actions.
[        ] Resolve mutations for :flutter_keyboard_visibility_temp_fork:mergeDebugAssets (Thread[#40123,Execution worker Thread 17,5,main]) started.
[        ] :flutter_keyboard_visibility_temp_fork:mergeDebugAssets (Thread[#40123,Execution worker Thread 17,5,main]) started.
[        ] > Task :flutter_keyboard_visibility_temp_fork:mergeDebugAssets UP-TO-DATE
[        ] Caching disabled for task ':flutter_keyboard_visibility_temp_fork:mergeDebugAssets' because:
[        ]   Build cache is disabled
[        ]   Simple merging task
[        ] Skipping task ':flutter_keyboard_visibility_temp_fork:mergeDebugAssets' as it is up-to-date.
[        ] work action resolve mergeDebugAssets (project :flutter_keyboard_visibility_temp_fork) (Thread[#40123,Execution worker Thread 17,5,main]) started.
[        ] Resolve mutations for :flutter_native_splash:mergeDebugShaders (Thread[#40123,Execution worker Thread 17,5,main]) started.
[        ] :flutter_native_splash:mergeDebugShaders (Thread[#40123,Execution worker Thread 17,5,main]) started.
[        ] > Task :flutter_native_splash:mergeDebugShaders UP-TO-DATE
[        ] Caching disabled for task ':flutter_native_splash:mergeDebugShaders' because:
[        ]   Build cache is disabled
[        ]   Simple merging task
[        ] Skipping task ':flutter_native_splash:mergeDebugShaders' as it is up-to-date.
[        ] Resolve mutations for :flutter_native_splash:compileDebugShaders (Thread[#40123,Execution worker Thread 17,5,main]) started.
[        ] :flutter_native_splash:compileDebugShaders (Thread[#40123,Execution worker Thread 17,5,main]) started.
[        ] > Task :flutter_native_splash:compileDebugShaders NO-SOURCE
[        ] Skipping task ':flutter_native_splash:compileDebugShaders' as it has no source files and no previous output files.
[        ] Resolve mutations for :flutter_native_splash:generateDebugAssets (Thread[#40123,Execution worker Thread 17,5,main]) started.
[        ] :flutter_native_splash:generateDebugAssets (Thread[#40123,Execution worker Thread 17,5,main]) started.
[        ] > Task :flutter_native_splash:generateDebugAssets UP-TO-DATE
[        ] Skipping task ':flutter_native_splash:generateDebugAssets' as it has no actions.
[        ] Resolve mutations for :flutter_native_splash:mergeDebugAssets (Thread[#40123,Execution worker Thread 17,5,main]) started.
[        ] :flutter_native_splash:mergeDebugAssets (Thread[#40123,Execution worker Thread 17,5,main]) started.
[        ] > Task :flutter_native_splash:mergeDebugAssets UP-TO-DATE
[        ] Caching disabled for task ':flutter_native_splash:mergeDebugAssets' because:
[        ]   Build cache is disabled
[        ]   Simple merging task
[        ] Skipping task ':flutter_native_splash:mergeDebugAssets' as it is up-to-date.
[        ] work action resolve mergeDebugAssets (project :flutter_native_splash) (Thread[#40123,Execution worker Thread 17,5,main]) started.
[        ] Resolve mutations for :flutter_olm:mergeDebugShaders (Thread[#40123,Execution worker Thread 17,5,main]) started.
[        ] :flutter_olm:mergeDebugShaders (Thread[#40123,Execution worker Thread 17,5,main]) started.
[        ] > Task :flutter_olm:mergeDebugShaders UP-TO-DATE
[        ] Caching disabled for task ':flutter_olm:mergeDebugShaders' because:
[        ]   Build cache is disabled
[        ]   Simple merging task
[        ] Skipping task ':flutter_olm:mergeDebugShaders' as it is up-to-date.
[        ] Resolve mutations for :flutter_olm:compileDebugShaders (Thread[#40123,Execution worker Thread 17,5,main]) started.
[        ] :flutter_olm:compileDebugShaders (Thread[#40123,Execution worker Thread 17,5,main]) started.
[        ] > Task :flutter_olm:compileDebugShaders NO-SOURCE
[        ] Skipping task ':flutter_olm:compileDebugShaders' as it has no source files and no previous output files.
[        ] Resolve mutations for :flutter_olm:generateDebugAssets (Thread[#40123,Execution worker Thread 17,5,main]) started.
[        ] :flutter_olm:generateDebugAssets (Thread[#40123,Execution worker Thread 17,5,main]) started.
[        ] > Task :flutter_olm:generateDebugAssets UP-TO-DATE
[        ] Skipping task ':flutter_olm:generateDebugAssets' as it has no actions.
[        ] Resolve mutations for :flutter_olm:mergeDebugAssets (Thread[#40123,Execution worker Thread 17,5,main]) started.
[        ] :flutter_olm:mergeDebugAssets (Thread[#40123,Execution worker Thread 17,5,main]) started.
[        ] > Task :flutter_olm:mergeDebugAssets UP-TO-DATE
[        ] Caching disabled for task ':flutter_olm:mergeDebugAssets' because:
[        ]   Build cache is disabled
[        ]   Simple merging task
[        ] Skipping task ':flutter_olm:mergeDebugAssets' as it is up-to-date.
[        ] work action resolve mergeDebugAssets (project :flutter_olm) (Thread[#40123,Execution worker Thread 17,5,main]) started.
[        ] Resolve mutations for :flutter_openssl_crypto:mergeDebugShaders (Thread[#40123,Execution worker Thread 17,5,main]) started.
[        ] :flutter_openssl_crypto:mergeDebugShaders (Thread[#40123,Execution worker Thread 17,5,main]) started.
[        ] > Task :flutter_openssl_crypto:mergeDebugShaders UP-TO-DATE
[        ] Caching disabled for task ':flutter_openssl_crypto:mergeDebugShaders' because:
[        ]   Build cache is disabled
[        ]   Simple merging task
[        ] Skipping task ':flutter_openssl_crypto:mergeDebugShaders' as it is up-to-date.
[        ] Resolve mutations for :flutter_openssl_crypto:compileDebugShaders (Thread[#40123,Execution worker Thread 17,5,main]) started.
[        ] :flutter_openssl_crypto:compileDebugShaders (Thread[#40123,Execution worker Thread 17,5,main]) started.
[        ] > Task :flutter_openssl_crypto:compileDebugShaders NO-SOURCE
[        ] Skipping task ':flutter_openssl_crypto:compileDebugShaders' as it has no source files and no previous output files.
[        ] Resolve mutations for :flutter_openssl_crypto:generateDebugAssets (Thread[#40123,Execution worker Thread 17,5,main]) started.
[        ] :flutter_openssl_crypto:generateDebugAssets (Thread[#40123,Execution worker Thread 17,5,main]) started.
[        ] > Task :flutter_openssl_crypto:generateDebugAssets UP-TO-DATE
[        ] Skipping task ':flutter_openssl_crypto:generateDebugAssets' as it has no actions.
[        ] Resolve mutations for :flutter_openssl_crypto:mergeDebugAssets (Thread[#40123,Execution worker Thread 17,5,main]) started.
[        ] :flutter_openssl_crypto:mergeDebugAssets (Thread[#40123,Execution worker Thread 17,5,main]) started.
[        ] > Task :flutter_openssl_crypto:mergeDebugAssets UP-TO-DATE
[        ] Caching disabled for task ':flutter_openssl_crypto:mergeDebugAssets' because:
[        ]   Build cache is disabled
[        ]   Simple merging task
[        ] Skipping task ':flutter_openssl_crypto:mergeDebugAssets' as it is up-to-date.
[        ] work action resolve mergeDebugAssets (project :flutter_openssl_crypto) (Thread[#40123,Execution worker Thread 17,5,main]) started.
[        ] Resolve mutations for :integration_test:mergeDebugShaders (Thread[#40123,Execution worker Thread 17,5,main]) started.
[        ] :integration_test:mergeDebugShaders (Thread[#40123,Execution worker Thread 17,5,main]) started.
[        ] > Task :integration_test:mergeDebugShaders UP-TO-DATE
[        ] Caching disabled for task ':integration_test:mergeDebugShaders' because:
[        ]   Build cache is disabled
[        ]   Simple merging task
[        ] Skipping task ':integration_test:mergeDebugShaders' as it is up-to-date.
[        ] Resolve mutations for :integration_test:compileDebugShaders (Thread[#40123,Execution worker Thread 17,5,main]) started.
[        ] :integration_test:compileDebugShaders (Thread[#40127,Execution worker Thread 21,5,main]) started.
[        ] > Task :integration_test:compileDebugShaders NO-SOURCE
[        ] Skipping task ':integration_test:compileDebugShaders' as it has no source files and no previous output files.
[        ] Resolve mutations for :integration_test:generateDebugAssets (Thread[#40127,Execution worker Thread 21,5,main]) started.
[        ] :integration_test:generateDebugAssets (Thread[#40127,Execution worker Thread 21,5,main]) started.
[        ] > Task :integration_test:generateDebugAssets UP-TO-DATE
[        ] Skipping task ':integration_test:generateDebugAssets' as it has no actions.
[        ] Resolve mutations for :integration_test:mergeDebugAssets (Thread[#40115,Execution worker Thread 9,5,main]) started.
[        ] :integration_test:mergeDebugAssets (Thread[#40115,Execution worker Thread 9,5,main]) started.
[        ] > Task :integration_test:mergeDebugAssets UP-TO-DATE
[        ] Caching disabled for task ':integration_test:mergeDebugAssets' because:
[        ]   Build cache is disabled
[        ]   Simple merging task
[        ] Skipping task ':integration_test:mergeDebugAssets' as it is up-to-date.
[        ] work action resolve mergeDebugAssets (project :integration_test) (Thread[#40115,Execution worker Thread 9,5,main]) started.
[        ] Resolve mutations for :path_provider_android:mergeDebugShaders (Thread[#40115,Execution worker Thread 9,5,main]) started.
[        ] :path_provider_android:mergeDebugShaders (Thread[#40115,Execution worker Thread 9,5,main]) started.
[        ] > Task :path_provider_android:mergeDebugShaders UP-TO-DATE
[        ] Caching disabled for task ':path_provider_android:mergeDebugShaders' because:
[        ]   Build cache is disabled
[        ]   Simple merging task
[        ] Skipping task ':path_provider_android:mergeDebugShaders' as it is up-to-date.
[        ] Resolve mutations for :path_provider_android:compileDebugShaders (Thread[#40115,Execution worker Thread 9,5,main]) started.
[        ] :path_provider_android:compileDebugShaders (Thread[#40115,Execution worker Thread 9,5,main]) started.
[        ] > Task :path_provider_android:compileDebugShaders NO-SOURCE
[        ] Skipping task ':path_provider_android:compileDebugShaders' as it has no source files and no previous output files.
[        ] Resolve mutations for :path_provider_android:generateDebugAssets (Thread[#40115,Execution worker Thread 9,5,main]) started.
[        ] :path_provider_android:generateDebugAssets (Thread[#40115,Execution worker Thread 9,5,main]) started.
[        ] > Task :path_provider_android:generateDebugAssets UP-TO-DATE
[        ] Skipping task ':path_provider_android:generateDebugAssets' as it has no actions.
[        ] Resolve mutations for :path_provider_android:mergeDebugAssets (Thread[#40115,Execution worker Thread 9,5,main]) started.
[        ] :path_provider_android:mergeDebugAssets (Thread[#40115,Execution worker Thread 9,5,main]) started.
[        ] > Task :path_provider_android:mergeDebugAssets UP-TO-DATE
[        ] Caching disabled for task ':path_provider_android:mergeDebugAssets' because:
[        ]   Build cache is disabled
[        ]   Simple merging task
[        ] Skipping task ':path_provider_android:mergeDebugAssets' as it is up-to-date.
[        ] work action resolve mergeDebugAssets (project :path_provider_android) (Thread[#40115,Execution worker Thread 9,5,main]) started.
[        ] Resolve mutations for :quill_native_bridge_android:mergeDebugShaders (Thread[#40115,Execution worker Thread 9,5,main]) started.
[        ] :quill_native_bridge_android:mergeDebugShaders (Thread[#40115,Execution worker Thread 9,5,main]) started.
[        ] > Task :quill_native_bridge_android:mergeDebugShaders UP-TO-DATE
[        ] Caching disabled for task ':quill_native_bridge_android:mergeDebugShaders' because:
[        ]   Build cache is disabled
[        ]   Simple merging task
[        ] Skipping task ':quill_native_bridge_android:mergeDebugShaders' as it is up-to-date.
[        ] Resolve mutations for :quill_native_bridge_android:compileDebugShaders (Thread[#40115,Execution worker Thread 9,5,main]) started.
[        ] :quill_native_bridge_android:compileDebugShaders (Thread[#40115,Execution worker Thread 9,5,main]) started.
[        ] > Task :quill_native_bridge_android:compileDebugShaders NO-SOURCE
[        ] Skipping task ':quill_native_bridge_android:compileDebugShaders' as it has no source files and no previous output files.
[        ] Resolve mutations for :quill_native_bridge_android:generateDebugAssets (Thread[#40115,Execution worker Thread 9,5,main]) started.
[        ] :quill_native_bridge_android:generateDebugAssets (Thread[#40115,Execution worker Thread 9,5,main]) started.
[        ] > Task :quill_native_bridge_android:generateDebugAssets UP-TO-DATE
[        ] Skipping task ':quill_native_bridge_android:generateDebugAssets' as it has no actions.
[        ] Resolve mutations for :quill_native_bridge_android:mergeDebugAssets (Thread[#40115,Execution worker Thread 9,5,main]) started.
[        ] :quill_native_bridge_android:mergeDebugAssets (Thread[#40115,Execution worker Thread 9,5,main]) started.
[        ] > Task :quill_native_bridge_android:mergeDebugAssets UP-TO-DATE
[        ] Caching disabled for task ':quill_native_bridge_android:mergeDebugAssets' because:
[        ]   Build cache is disabled
[        ]   Simple merging task
[        ] Skipping task ':quill_native_bridge_android:mergeDebugAssets' as it is up-to-date.
[        ] work action resolve mergeDebugAssets (project :quill_native_bridge_android) (Thread[#40115,Execution worker Thread 9,5,main]) started.
[        ] Resolve mutations for :shared_preferences_android:mergeDebugShaders (Thread[#40115,Execution worker Thread 9,5,main]) started.
[        ] :shared_preferences_android:mergeDebugShaders (Thread[#40115,Execution worker Thread 9,5,main]) started.
[        ] > Task :shared_preferences_android:mergeDebugShaders UP-TO-DATE
[        ] Caching disabled for task ':shared_preferences_android:mergeDebugShaders' because:
[        ]   Build cache is disabled
[        ]   Simple merging task
[        ] Skipping task ':shared_preferences_android:mergeDebugShaders' as it is up-to-date.
[        ] Resolve mutations for :shared_preferences_android:compileDebugShaders (Thread[#40115,Execution worker Thread 9,5,main]) started.
[        ] :shared_preferences_android:compileDebugShaders (Thread[#40115,Execution worker Thread 9,5,main]) started.
[        ] > Task :shared_preferences_android:compileDebugShaders NO-SOURCE
[        ] Skipping task ':shared_preferences_android:compileDebugShaders' as it has no source files and no previous output files.
[        ] Resolve mutations for :shared_preferences_android:generateDebugAssets (Thread[#40115,Execution worker Thread 9,5,main]) started.
[        ] :shared_preferences_android:generateDebugAssets (Thread[#40115,Execution worker Thread 9,5,main]) started.
[        ] > Task :shared_preferences_android:generateDebugAssets UP-TO-DATE
[        ] Skipping task ':shared_preferences_android:generateDebugAssets' as it has no actions.
[        ] Resolve mutations for :shared_preferences_android:mergeDebugAssets (Thread[#40115,Execution worker Thread 9,5,main]) started.
[        ] :shared_preferences_android:mergeDebugAssets (Thread[#40115,Execution worker Thread 9,5,main]) started.
[        ] > Task :shared_preferences_android:mergeDebugAssets UP-TO-DATE
[        ] Caching disabled for task ':shared_preferences_android:mergeDebugAssets' because:
[        ]   Build cache is disabled
[        ]   Simple merging task
[        ] Skipping task ':shared_preferences_android:mergeDebugAssets' as it is up-to-date.
[        ] work action resolve mergeDebugAssets (project :shared_preferences_android) (Thread[#40115,Execution worker Thread 9,5,main]) started.
[        ] Resolve mutations for :sqflite_android:mergeDebugShaders (Thread[#40115,Execution worker Thread 9,5,main]) started.
[        ] :sqflite_android:mergeDebugShaders (Thread[#40115,Execution worker Thread 9,5,main]) started.
[        ] > Task :sqflite_android:mergeDebugShaders UP-TO-DATE
[        ] Caching disabled for task ':sqflite_android:mergeDebugShaders' because:
[        ]   Build cache is disabled
[        ]   Simple merging task
[        ] Skipping task ':sqflite_android:mergeDebugShaders' as it is up-to-date.
[        ] Resolve mutations for :sqflite_android:compileDebugShaders (Thread[#40115,Execution worker Thread 9,5,main]) started.
[        ] :sqflite_android:compileDebugShaders (Thread[#40115,Execution worker Thread 9,5,main]) started.
[        ] > Task :sqflite_android:compileDebugShaders NO-SOURCE
[        ] Skipping task ':sqflite_android:compileDebugShaders' as it has no source files and no previous output files.
[        ] Resolve mutations for :sqflite_android:generateDebugAssets (Thread[#40115,Execution worker Thread 9,5,main]) started.
[        ] :sqflite_android:generateDebugAssets (Thread[#40115,Execution worker Thread 9,5,main]) started.
[        ] > Task :sqflite_android:generateDebugAssets UP-TO-DATE
[        ] Skipping task ':sqflite_android:generateDebugAssets' as it has no actions.
[        ] Resolve mutations for :sqflite_android:mergeDebugAssets (Thread[#40115,Execution worker Thread 9,5,main]) started.
[        ] :sqflite_android:mergeDebugAssets (Thread[#40115,Execution worker Thread 9,5,main]) started.
[        ] > Task :sqflite_android:mergeDebugAssets UP-TO-DATE
[        ] Caching disabled for task ':sqflite_android:mergeDebugAssets' because:
[        ]   Build cache is disabled
[        ]   Simple merging task
[        ] Skipping task ':sqflite_android:mergeDebugAssets' as it is up-to-date.
[        ] work action resolve mergeDebugAssets (project :sqflite_android) (Thread[#40115,Execution worker Thread 9,5,main]) started.
[        ] Resolve mutations for :url_launcher_android:mergeDebugShaders (Thread[#40115,Execution worker Thread 9,5,main]) started.
[        ] :url_launcher_android:mergeDebugShaders (Thread[#40115,Execution worker Thread 9,5,main]) started.
[        ] > Task :url_launcher_android:mergeDebugShaders UP-TO-DATE
[        ] Caching disabled for task ':url_launcher_android:mergeDebugShaders' because:
[        ]   Build cache is disabled
[        ]   Simple merging task
[        ] Skipping task ':url_launcher_android:mergeDebugShaders' as it is up-to-date.
[        ] Resolve mutations for :url_launcher_android:compileDebugShaders (Thread[#40115,Execution worker Thread 9,5,main]) started.
[        ] :url_launcher_android:compileDebugShaders (Thread[#40115,Execution worker Thread 9,5,main]) started.
[        ] > Task :url_launcher_android:compileDebugShaders NO-SOURCE
[        ] Skipping task ':url_launcher_android:compileDebugShaders' as it has no source files and no previous output files.
[        ] Resolve mutations for :url_launcher_android:generateDebugAssets (Thread[#40115,Execution worker Thread 9,5,main]) started.
[        ] :url_launcher_android:generateDebugAssets (Thread[#40115,Execution worker Thread 9,5,main]) started.
[        ] > Task :url_launcher_android:generateDebugAssets UP-TO-DATE
[        ] Skipping task ':url_launcher_android:generateDebugAssets' as it has no actions.
[        ] Resolve mutations for :url_launcher_android:mergeDebugAssets (Thread[#40115,Execution worker Thread 9,5,main]) started.
[        ] :url_launcher_android:mergeDebugAssets (Thread[#40115,Execution worker Thread 9,5,main]) started.
[        ] > Task :url_launcher_android:mergeDebugAssets UP-TO-DATE
[        ] Caching disabled for task ':url_launcher_android:mergeDebugAssets' because:
[        ]   Build cache is disabled
[        ]   Simple merging task
[        ] Skipping task ':url_launcher_android:mergeDebugAssets' as it is up-to-date.
[        ] work action resolve mergeDebugAssets (project :url_launcher_android) (Thread[#40115,Execution worker Thread 9,5,main]) started.
[        ] Resolve mutations for :video_player_android:mergeDebugShaders (Thread[#40115,Execution worker Thread 9,5,main]) started.
[        ] :video_player_android:mergeDebugShaders (Thread[#40115,Execution worker Thread 9,5,main]) started.
[        ] > Task :video_player_android:mergeDebugShaders UP-TO-DATE
[        ] Caching disabled for task ':video_player_android:mergeDebugShaders' because:
[        ]   Build cache is disabled
[        ]   Simple merging task
[        ] Skipping task ':video_player_android:mergeDebugShaders' as it is up-to-date.
[        ] Resolve mutations for :video_player_android:compileDebugShaders (Thread[#40115,Execution worker Thread 9,5,main]) started.
[        ] :video_player_android:compileDebugShaders (Thread[#40115,Execution worker Thread 9,5,main]) started.
[        ] > Task :video_player_android:compileDebugShaders NO-SOURCE
[        ] Skipping task ':video_player_android:compileDebugShaders' as it has no source files and no previous output files.
[        ] Resolve mutations for :video_player_android:generateDebugAssets (Thread[#40115,Execution worker Thread 9,5,main]) started.
[        ] :video_player_android:generateDebugAssets (Thread[#40115,Execution worker Thread 9,5,main]) started.
[        ] > Task :video_player_android:generateDebugAssets UP-TO-DATE
[        ] Skipping task ':video_player_android:generateDebugAssets' as it has no actions.
[        ] Resolve mutations for :video_player_android:mergeDebugAssets (Thread[#40115,Execution worker Thread 9,5,main]) started.
[        ] :video_player_android:mergeDebugAssets (Thread[#40115,Execution worker Thread 9,5,main]) started.
[        ] > Task :video_player_android:mergeDebugAssets UP-TO-DATE
[        ] Caching disabled for task ':video_player_android:mergeDebugAssets' because:
[        ]   Build cache is disabled
[        ]   Simple merging task
[        ] Skipping task ':video_player_android:mergeDebugAssets' as it is up-to-date.
[        ] work action resolve mergeDebugAssets (project :video_player_android) (Thread[#40115,Execution worker Thread 9,5,main]) started.
[        ] Resolve mutations for :app:mergeDebugAssets (Thread[#40115,Execution worker Thread 9,5,main]) started.
[        ] :app:mergeDebugAssets (Thread[#40115,Execution worker Thread 9,5,main]) started.
[        ] > Task :app:mergeDebugAssets
[        ] Caching disabled for task ':app:mergeDebugAssets' because:
[        ]   Build cache is disabled
[        ]   Simple merging task
[        ] Task ':app:mergeDebugAssets' is not up-to-date because:
[        ]   Output property 'outputDir' file /Users/florian/Code/substitution/build/app/intermediates/assets/debug/mergeDebugAssets has been removed.
[        ] The input changes require a full rebuild for incremental task ':app:mergeDebugAssets'.
[        ] Resolve mutations for :app:copyFlutterAssetsDebug (Thread[#40115,Execution worker Thread 9,5,main]) started.
[        ] :app:copyFlutterAssetsDebug (Thread[#40121,Execution worker Thread 15,5,main]) started.
[  +96 ms] > Task :app:copyFlutterAssetsDebug
[        ] Caching disabled for task ':app:copyFlutterAssetsDebug' because:
[        ]   Build cache is disabled
[        ]   Not worth caching
[        ] Task ':app:copyFlutterAssetsDebug' is not up-to-date because:
[        ]   Output property 'destinationDir' file /Users/florian/Code/substitution/build/app/intermediates/assets/debug/mergeDebugAssets/flutter_assets has been removed.
[        ]   Output property 'destinationDir' file /Users/florian/Code/substitution/build/app/intermediates/assets/debug/mergeDebugAssets/flutter_assets/AssetManifest.bin has been removed.
[        ]   Output property 'destinationDir' file /Users/florian/Code/substitution/build/app/intermediates/assets/debug/mergeDebugAssets/flutter_assets/FontManifest.json has been removed.
[        ]   and more...
[        ] Resolve mutations for :app:generateDebugResValues (Thread[#40121,Execution worker Thread 15,5,main]) started.
[        ] :app:generateDebugResValues (Thread[#40123,Execution worker Thread 17,5,main]) started.
[        ] > Task :app:generateDebugResValues UP-TO-DATE
[        ] Caching disabled for task ':app:generateDebugResValues' because:
[        ]   Build cache is disabled
[        ] Skipping task ':app:generateDebugResValues' as it is up-to-date.
[        ] Resolve mutations for :connectivity_plus:generateDebugResValues (Thread[#40123,Execution worker Thread 17,5,main]) started.
[        ] :connectivity_plus:generateDebugResValues (Thread[#40123,Execution worker Thread 17,5,main]) started.
[        ] > Task :connectivity_plus:generateDebugResValues UP-TO-DATE
[        ] Caching disabled for task ':connectivity_plus:generateDebugResValues' because:
[        ]   Build cache is disabled
[        ] Skipping task ':connectivity_plus:generateDebugResValues' as it is up-to-date.
[        ] Resolve mutations for :connectivity_plus:generateDebugResources (Thread[#40123,Execution worker Thread 17,5,main]) started.
[        ] :connectivity_plus:generateDebugResources (Thread[#40128,Execution worker Thread 22,5,main]) started.
[        ] > Task :connectivity_plus:generateDebugResources UP-TO-DATE
[        ] Caching disabled for task ':connectivity_plus:generateDebugResources' because:
[        ]   Build cache is disabled
[        ] Skipping task ':connectivity_plus:generateDebugResources' as it is up-to-date.
[        ] Resolve mutations for :connectivity_plus:packageDebugResources (Thread[#40128,Execution worker Thread 22,5,main]) started.
[        ] :connectivity_plus:packageDebugResources (Thread[#40128,Execution worker Thread 22,5,main]) started.
[        ] > Task :connectivity_plus:packageDebugResources UP-TO-DATE
[        ] Caching disabled for task ':connectivity_plus:packageDebugResources' because:
[        ]   Build cache is disabled
[        ] Skipping task ':connectivity_plus:packageDebugResources' as it is up-to-date.
[        ] work action resolve packageDebugResources (project :connectivity_plus) (Thread[#40128,Execution worker Thread 22,5,main]) started.
[        ] Resolve mutations for :emoji_picker_flutter:generateDebugResValues (Thread[#40128,Execution worker Thread 22,5,main]) started.
[        ] :emoji_picker_flutter:generateDebugResValues (Thread[#40128,Execution worker Thread 22,5,main]) started.
[        ] > Task :emoji_picker_flutter:generateDebugResValues UP-TO-DATE
[        ] Caching disabled for task ':emoji_picker_flutter:generateDebugResValues' because:
[        ]   Build cache is disabled
[        ] Skipping task ':emoji_picker_flutter:generateDebugResValues' as it is up-to-date.
[        ] Resolve mutations for :emoji_picker_flutter:generateDebugResources (Thread[#40128,Execution worker Thread 22,5,main]) started.
[        ] :emoji_picker_flutter:generateDebugResources (Thread[#40128,Execution worker Thread 22,5,main]) started.
[        ] > Task :emoji_picker_flutter:generateDebugResources UP-TO-DATE
[        ] Caching disabled for task ':emoji_picker_flutter:generateDebugResources' because:
[        ]   Build cache is disabled
[        ] Skipping task ':emoji_picker_flutter:generateDebugResources' as it is up-to-date.
[        ] Resolve mutations for :emoji_picker_flutter:packageDebugResources (Thread[#40128,Execution worker Thread 22,5,main]) started.
[        ] :emoji_picker_flutter:packageDebugResources (Thread[#40128,Execution worker Thread 22,5,main]) started.
[        ] > Task :emoji_picker_flutter:packageDebugResources UP-TO-DATE
[        ] Caching disabled for task ':emoji_picker_flutter:packageDebugResources' because:
[        ]   Build cache is disabled
[        ] Skipping task ':emoji_picker_flutter:packageDebugResources' as it is up-to-date.
[        ] work action resolve packageDebugResources (project :emoji_picker_flutter) (Thread[#40128,Execution worker Thread 22,5,main]) started.
[        ] Resolve mutations for :file_selector_android:generateDebugResValues (Thread[#40128,Execution worker Thread 22,5,main]) started.
[        ] :file_selector_android:generateDebugResValues (Thread[#40128,Execution worker Thread 22,5,main]) started.
[        ] > Task :file_selector_android:generateDebugResValues UP-TO-DATE
[        ] Caching disabled for task ':file_selector_android:generateDebugResValues' because:
[        ]   Build cache is disabled
[        ] Skipping task ':file_selector_android:generateDebugResValues' as it is up-to-date.
[        ] Resolve mutations for :file_selector_android:generateDebugResources (Thread[#40128,Execution worker Thread 22,5,main]) started.
[        ] :file_selector_android:generateDebugResources (Thread[#40128,Execution worker Thread 22,5,main]) started.
[        ] > Task :file_selector_android:generateDebugResources UP-TO-DATE
[        ] Caching disabled for task ':file_selector_android:generateDebugResources' because:
[        ]   Build cache is disabled
[        ] Skipping task ':file_selector_android:generateDebugResources' as it is up-to-date.
[        ] Resolve mutations for :file_selector_android:packageDebugResources (Thread[#40128,Execution worker Thread 22,5,main]) started.
[        ] :file_selector_android:packageDebugResources (Thread[#40128,Execution worker Thread 22,5,main]) started.
[        ] > Task :file_selector_android:packageDebugResources UP-TO-DATE
[        ] Caching disabled for task ':file_selector_android:packageDebugResources' because:
[        ]   Build cache is disabled
[        ] Skipping task ':file_selector_android:packageDebugResources' as it is up-to-date.
[        ] work action resolve packageDebugResources (project :file_selector_android) (Thread[#40128,Execution worker Thread 22,5,main]) started.
[        ] Resolve mutations for :flutter_keyboard_visibility_temp_fork:generateDebugResValues (Thread[#40128,Execution worker Thread 22,5,main]) started.
[        ] :flutter_keyboard_visibility_temp_fork:generateDebugResValues (Thread[#40128,Execution worker Thread 22,5,main]) started.
[        ] > Task :flutter_keyboard_visibility_temp_fork:generateDebugResValues UP-TO-DATE
[        ] Caching disabled for task ':flutter_keyboard_visibility_temp_fork:generateDebugResValues' because:
[        ]   Build cache is disabled
[        ] Skipping task ':flutter_keyboard_visibility_temp_fork:generateDebugResValues' as it is up-to-date.
[        ] Resolve mutations for :flutter_keyboard_visibility_temp_fork:generateDebugResources (Thread[#40128,Execution worker Thread 22,5,main]) started.
[        ] :flutter_keyboard_visibility_temp_fork:generateDebugResources (Thread[#40128,Execution worker Thread 22,5,main]) started.
[        ] > Task :flutter_keyboard_visibility_temp_fork:generateDebugResources UP-TO-DATE
[        ] Caching disabled for task ':flutter_keyboard_visibility_temp_fork:generateDebugResources' because:
[        ]   Build cache is disabled
[        ] Skipping task ':flutter_keyboard_visibility_temp_fork:generateDebugResources' as it is up-to-date.
[        ] Resolve mutations for :flutter_keyboard_visibility_temp_fork:packageDebugResources (Thread[#40128,Execution worker Thread 22,5,main]) started.
[        ] :flutter_keyboard_visibility_temp_fork:packageDebugResources (Thread[#40128,Execution worker Thread 22,5,main]) started.
[        ] > Task :flutter_keyboard_visibility_temp_fork:packageDebugResources UP-TO-DATE
[        ] Caching disabled for task ':flutter_keyboard_visibility_temp_fork:packageDebugResources' because:
[        ]   Build cache is disabled
[        ] Skipping task ':flutter_keyboard_visibility_temp_fork:packageDebugResources' as it is up-to-date.
[        ] work action resolve packageDebugResources (project :flutter_keyboard_visibility_temp_fork) (Thread[#40128,Execution worker Thread 22,5,main]) started.
[        ] Resolve mutations for :flutter_native_splash:generateDebugResValues (Thread[#40128,Execution worker Thread 22,5,main]) started.
[        ] :flutter_native_splash:generateDebugResValues (Thread[#40128,Execution worker Thread 22,5,main]) started.
[        ] > Task :flutter_native_splash:generateDebugResValues UP-TO-DATE
[        ] Caching disabled for task ':flutter_native_splash:generateDebugResValues' because:
[        ]   Build cache is disabled
[        ] Skipping task ':flutter_native_splash:generateDebugResValues' as it is up-to-date.
[        ] Resolve mutations for :flutter_native_splash:generateDebugResources (Thread[#40128,Execution worker Thread 22,5,main]) started.
[        ] :flutter_native_splash:generateDebugResources (Thread[#40128,Execution worker Thread 22,5,main]) started.
[        ] > Task :flutter_native_splash:generateDebugResources UP-TO-DATE
[        ] Caching disabled for task ':flutter_native_splash:generateDebugResources' because:
[        ]   Build cache is disabled
[        ] Skipping task ':flutter_native_splash:generateDebugResources' as it is up-to-date.
[        ] Resolve mutations for :flutter_native_splash:packageDebugResources (Thread[#40128,Execution worker Thread 22,5,main]) started.
[        ] :flutter_native_splash:packageDebugResources (Thread[#40128,Execution worker Thread 22,5,main]) started.
[        ] > Task :flutter_native_splash:packageDebugResources UP-TO-DATE
[        ] Caching disabled for task ':flutter_native_splash:packageDebugResources' because:
[        ]   Build cache is disabled
[        ] Skipping task ':flutter_native_splash:packageDebugResources' as it is up-to-date.
[        ] work action resolve packageDebugResources (project :flutter_native_splash) (Thread[#40128,Execution worker Thread 22,5,main]) started.
[        ] Resolve mutations for :flutter_olm:generateDebugResValues (Thread[#40128,Execution worker Thread 22,5,main]) started.
[        ] :flutter_olm:generateDebugResValues (Thread[#40128,Execution worker Thread 22,5,main]) started.
[        ] > Task :flutter_olm:generateDebugResValues UP-TO-DATE
[        ] Caching disabled for task ':flutter_olm:generateDebugResValues' because:
[        ]   Build cache is disabled
[        ] Skipping task ':flutter_olm:generateDebugResValues' as it is up-to-date.
[        ] Resolve mutations for :flutter_olm:generateDebugResources (Thread[#40128,Execution worker Thread 22,5,main]) started.
[        ] :flutter_olm:generateDebugResources (Thread[#40128,Execution worker Thread 22,5,main]) started.
[        ] > Task :flutter_olm:generateDebugResources UP-TO-DATE
[        ] Caching disabled for task ':flutter_olm:generateDebugResources' because:
[        ]   Build cache is disabled
[        ] Skipping task ':flutter_olm:generateDebugResources' as it is up-to-date.
[        ] Resolve mutations for :flutter_olm:packageDebugResources (Thread[#40128,Execution worker Thread 22,5,main]) started.
[        ] :flutter_olm:packageDebugResources (Thread[#40128,Execution worker Thread 22,5,main]) started.
[        ] > Task :flutter_olm:packageDebugResources UP-TO-DATE
[        ] Caching disabled for task ':flutter_olm:packageDebugResources' because:
[        ]   Build cache is disabled
[        ] Skipping task ':flutter_olm:packageDebugResources' as it is up-to-date.
[        ] work action resolve packageDebugResources (project :flutter_olm) (Thread[#40128,Execution worker Thread 22,5,main]) started.
[        ] Resolve mutations for :flutter_openssl_crypto:generateDebugResValues (Thread[#40128,Execution worker Thread 22,5,main]) started.
[        ] :flutter_openssl_crypto:generateDebugResValues (Thread[#40128,Execution worker Thread 22,5,main]) started.
[        ] > Task :flutter_openssl_crypto:generateDebugResValues UP-TO-DATE
[        ] Caching disabled for task ':flutter_openssl_crypto:generateDebugResValues' because:
[        ]   Build cache is disabled
[        ] Skipping task ':flutter_openssl_crypto:generateDebugResValues' as it is up-to-date.
[        ] Resolve mutations for :flutter_openssl_crypto:generateDebugResources (Thread[#40128,Execution worker Thread 22,5,main]) started.
[        ] :flutter_openssl_crypto:generateDebugResources (Thread[#40128,Execution worker Thread 22,5,main]) started.
[        ] > Task :flutter_openssl_crypto:generateDebugResources UP-TO-DATE
[        ] Caching disabled for task ':flutter_openssl_crypto:generateDebugResources' because:
[        ]   Build cache is disabled
[        ] Skipping task ':flutter_openssl_crypto:generateDebugResources' as it is up-to-date.
[        ] Resolve mutations for :flutter_openssl_crypto:packageDebugResources (Thread[#40128,Execution worker Thread 22,5,main]) started.
[        ] :flutter_openssl_crypto:packageDebugResources (Thread[#40128,Execution worker Thread 22,5,main]) started.
[        ] > Task :flutter_openssl_crypto:packageDebugResources UP-TO-DATE
[        ] Caching disabled for task ':flutter_openssl_crypto:packageDebugResources' because:
[        ]   Build cache is disabled
[        ] Skipping task ':flutter_openssl_crypto:packageDebugResources' as it is up-to-date.
[        ] work action resolve packageDebugResources (project :flutter_openssl_crypto) (Thread[#40128,Execution worker Thread 22,5,main]) started.
[        ] Resolve mutations for :integration_test:generateDebugResValues (Thread[#40128,Execution worker Thread 22,5,main]) started.
[        ] :integration_test:generateDebugResValues (Thread[#40128,Execution worker Thread 22,5,main]) started.
[        ] > Task :integration_test:generateDebugResValues UP-TO-DATE
[        ] Caching disabled for task ':integration_test:generateDebugResValues' because:
[        ]   Build cache is disabled
[        ] Skipping task ':integration_test:generateDebugResValues' as it is up-to-date.
[        ] Resolve mutations for :integration_test:generateDebugResources (Thread[#40128,Execution worker Thread 22,5,main]) started.
[        ] :integration_test:generateDebugResources (Thread[#40128,Execution worker Thread 22,5,main]) started.
[        ] > Task :integration_test:generateDebugResources UP-TO-DATE
[        ] Caching disabled for task ':integration_test:generateDebugResources' because:
[        ]   Build cache is disabled
[        ] Skipping task ':integration_test:generateDebugResources' as it is up-to-date.
[        ] Resolve mutations for :integration_test:packageDebugResources (Thread[#40128,Execution worker Thread 22,5,main]) started.
[        ] :integration_test:packageDebugResources (Thread[#40128,Execution worker Thread 22,5,main]) started.
[        ] > Task :integration_test:packageDebugResources UP-TO-DATE
[        ] Caching disabled for task ':integration_test:packageDebugResources' because:
[        ]   Build cache is disabled
[        ] Skipping task ':integration_test:packageDebugResources' as it is up-to-date.
[        ] work action resolve packageDebugResources (project :integration_test) (Thread[#40128,Execution worker Thread 22,5,main]) started.
[        ] Resolve mutations for :path_provider_android:generateDebugResValues (Thread[#40128,Execution worker Thread 22,5,main]) started.
[        ] :path_provider_android:generateDebugResValues (Thread[#40128,Execution worker Thread 22,5,main]) started.
[        ] > Task :path_provider_android:generateDebugResValues UP-TO-DATE
[        ] Caching disabled for task ':path_provider_android:generateDebugResValues' because:
[        ]   Build cache is disabled
[        ] Skipping task ':path_provider_android:generateDebugResValues' as it is up-to-date.
[        ] Resolve mutations for :path_provider_android:generateDebugResources (Thread[#40128,Execution worker Thread 22,5,main]) started.
[        ] :path_provider_android:generateDebugResources (Thread[#40128,Execution worker Thread 22,5,main]) started.
[        ] > Task :path_provider_android:generateDebugResources UP-TO-DATE
[        ] Caching disabled for task ':path_provider_android:generateDebugResources' because:
[        ]   Build cache is disabled
[        ] Skipping task ':path_provider_android:generateDebugResources' as it is up-to-date.
[        ] Resolve mutations for :path_provider_android:packageDebugResources (Thread[#40128,Execution worker Thread 22,5,main]) started.
[        ] :path_provider_android:packageDebugResources (Thread[#40128,Execution worker Thread 22,5,main]) started.
[        ] > Task :path_provider_android:packageDebugResources UP-TO-DATE
[        ] Caching disabled for task ':path_provider_android:packageDebugResources' because:
[        ]   Build cache is disabled
[        ] Skipping task ':path_provider_android:packageDebugResources' as it is up-to-date.
[        ] work action resolve packageDebugResources (project :path_provider_android) (Thread[#40128,Execution worker Thread 22,5,main]) started.
[        ] Resolve mutations for :quill_native_bridge_android:generateDebugResValues (Thread[#40128,Execution worker Thread 22,5,main]) started.
[        ] :quill_native_bridge_android:generateDebugResValues (Thread[#40128,Execution worker Thread 22,5,main]) started.
[        ] > Task :quill_native_bridge_android:generateDebugResValues UP-TO-DATE
[        ] Caching disabled for task ':quill_native_bridge_android:generateDebugResValues' because:
[        ]   Build cache is disabled
[        ] Skipping task ':quill_native_bridge_android:generateDebugResValues' as it is up-to-date.
[        ] Resolve mutations for :quill_native_bridge_android:generateDebugResources (Thread[#40128,Execution worker Thread 22,5,main]) started.
[        ] :quill_native_bridge_android:generateDebugResources (Thread[#40128,Execution worker Thread 22,5,main]) started.
[        ] > Task :quill_native_bridge_android:generateDebugResources UP-TO-DATE
[        ] Caching disabled for task ':quill_native_bridge_android:generateDebugResources' because:
[        ]   Build cache is disabled
[        ] Skipping task ':quill_native_bridge_android:generateDebugResources' as it is up-to-date.
[        ] Resolve mutations for :quill_native_bridge_android:packageDebugResources (Thread[#40128,Execution worker Thread 22,5,main]) started.
[        ] :quill_native_bridge_android:packageDebugResources (Thread[#40128,Execution worker Thread 22,5,main]) started.
[        ] > Task :quill_native_bridge_android:packageDebugResources UP-TO-DATE
[        ] Caching disabled for task ':quill_native_bridge_android:packageDebugResources' because:
[        ]   Build cache is disabled
[        ] Skipping task ':quill_native_bridge_android:packageDebugResources' as it is up-to-date.
[        ] work action resolve packageDebugResources (project :quill_native_bridge_android) (Thread[#40128,Execution worker Thread 22,5,main]) started.
[        ] Resolve mutations for :shared_preferences_android:generateDebugResValues (Thread[#40128,Execution worker Thread 22,5,main]) started.
[        ] :shared_preferences_android:generateDebugResValues (Thread[#40128,Execution worker Thread 22,5,main]) started.
[        ] > Task :shared_preferences_android:generateDebugResValues UP-TO-DATE
[        ] Caching disabled for task ':shared_preferences_android:generateDebugResValues' because:
[        ]   Build cache is disabled
[        ] Skipping task ':shared_preferences_android:generateDebugResValues' as it is up-to-date.
[        ] Resolve mutations for :shared_preferences_android:generateDebugResources (Thread[#40128,Execution worker Thread 22,5,main]) started.
[        ] :shared_preferences_android:generateDebugResources (Thread[#40128,Execution worker Thread 22,5,main]) started.
[        ] > Task :shared_preferences_android:generateDebugResources UP-TO-DATE
[        ] Caching disabled for task ':shared_preferences_android:generateDebugResources' because:
[        ]   Build cache is disabled
[        ] Skipping task ':shared_preferences_android:generateDebugResources' as it is up-to-date.
[        ] Resolve mutations for :shared_preferences_android:packageDebugResources (Thread[#40128,Execution worker Thread 22,5,main]) started.
[        ] :shared_preferences_android:packageDebugResources (Thread[#40128,Execution worker Thread 22,5,main]) started.
[        ] > Task :shared_preferences_android:packageDebugResources UP-TO-DATE
[        ] Caching disabled for task ':shared_preferences_android:packageDebugResources' because:
[        ]   Build cache is disabled
[        ] Skipping task ':shared_preferences_android:packageDebugResources' as it is up-to-date.
[        ] work action resolve packageDebugResources (project :shared_preferences_android) (Thread[#40128,Execution worker Thread 22,5,main]) started.
[        ] Resolve mutations for :sqflite_android:generateDebugResValues (Thread[#40128,Execution worker Thread 22,5,main]) started.
[        ] :sqflite_android:generateDebugResValues (Thread[#40128,Execution worker Thread 22,5,main]) started.
[        ] > Task :sqflite_android:generateDebugResValues UP-TO-DATE
[        ] Caching disabled for task ':sqflite_android:generateDebugResValues' because:
[        ]   Build cache is disabled
[        ] Skipping task ':sqflite_android:generateDebugResValues' as it is up-to-date.
[        ] Resolve mutations for :sqflite_android:generateDebugResources (Thread[#40128,Execution worker Thread 22,5,main]) started.
[        ] :sqflite_android:generateDebugResources (Thread[#40128,Execution worker Thread 22,5,main]) started.
[        ] > Task :sqflite_android:generateDebugResources UP-TO-DATE
[        ] Caching disabled for task ':sqflite_android:generateDebugResources' because:
[        ]   Build cache is disabled
[        ] Skipping task ':sqflite_android:generateDebugResources' as it is up-to-date.
[        ] Resolve mutations for :sqflite_android:packageDebugResources (Thread[#40128,Execution worker Thread 22,5,main]) started.
[        ] :sqflite_android:packageDebugResources (Thread[#40128,Execution worker Thread 22,5,main]) started.
[        ] > Task :sqflite_android:packageDebugResources UP-TO-DATE
[        ] Caching disabled for task ':sqflite_android:packageDebugResources' because:
[        ]   Build cache is disabled
[        ] Skipping task ':sqflite_android:packageDebugResources' as it is up-to-date.
[        ] work action resolve packageDebugResources (project :sqflite_android) (Thread[#40128,Execution worker Thread 22,5,main]) started.
[        ] Resolve mutations for :url_launcher_android:generateDebugResValues (Thread[#40128,Execution worker Thread 22,5,main]) started.
[        ] :url_launcher_android:generateDebugResValues (Thread[#40128,Execution worker Thread 22,5,main]) started.
[        ] > Task :url_launcher_android:generateDebugResValues UP-TO-DATE
[        ] Caching disabled for task ':url_launcher_android:generateDebugResValues' because:
[        ]   Build cache is disabled
[        ] Skipping task ':url_launcher_android:generateDebugResValues' as it is up-to-date.
[        ] Resolve mutations for :url_launcher_android:generateDebugResources (Thread[#40128,Execution worker Thread 22,5,main]) started.
[        ] :url_launcher_android:generateDebugResources (Thread[#40128,Execution worker Thread 22,5,main]) started.
[        ] > Task :url_launcher_android:generateDebugResources UP-TO-DATE
[        ] Caching disabled for task ':url_launcher_android:generateDebugResources' because:
[        ]   Build cache is disabled
[        ] Skipping task ':url_launcher_android:generateDebugResources' as it is up-to-date.
[        ] Resolve mutations for :url_launcher_android:packageDebugResources (Thread[#40128,Execution worker Thread 22,5,main]) started.
[        ] :url_launcher_android:packageDebugResources (Thread[#40128,Execution worker Thread 22,5,main]) started.
[        ] > Task :url_launcher_android:packageDebugResources UP-TO-DATE
[        ] Caching disabled for task ':url_launcher_android:packageDebugResources' because:
[        ]   Build cache is disabled
[        ] Skipping task ':url_launcher_android:packageDebugResources' as it is up-to-date.
[        ] work action resolve packageDebugResources (project :url_launcher_android) (Thread[#40128,Execution worker Thread 22,5,main]) started.
[        ] Resolve mutations for :video_player_android:generateDebugResValues (Thread[#40128,Execution worker Thread 22,5,main]) started.
[        ] :video_player_android:generateDebugResValues (Thread[#40128,Execution worker Thread 22,5,main]) started.
[        ] > Task :video_player_android:generateDebugResValues UP-TO-DATE
[        ] Caching disabled for task ':video_player_android:generateDebugResValues' because:
[        ]   Build cache is disabled
[        ] Skipping task ':video_player_android:generateDebugResValues' as it is up-to-date.
[        ] Resolve mutations for :video_player_android:generateDebugResources (Thread[#40128,Execution worker Thread 22,5,main]) started.
[        ] :video_player_android:generateDebugResources (Thread[#40128,Execution worker Thread 22,5,main]) started.
[        ] > Task :video_player_android:generateDebugResources UP-TO-DATE
[        ] Caching disabled for task ':video_player_android:generateDebugResources' because:
[        ]   Build cache is disabled
[        ] Skipping task ':video_player_android:generateDebugResources' as it is up-to-date.
[        ] Resolve mutations for :video_player_android:packageDebugResources (Thread[#40128,Execution worker Thread 22,5,main]) started.
[        ] :video_player_android:packageDebugResources (Thread[#40128,Execution worker Thread 22,5,main]) started.
[        ] > Task :video_player_android:packageDebugResources UP-TO-DATE
[        ] Caching disabled for task ':video_player_android:packageDebugResources' because:
[        ]   Build cache is disabled
[        ] Skipping task ':video_player_android:packageDebugResources' as it is up-to-date.
[        ] work action resolve packageDebugResources (project :video_player_android) (Thread[#40128,Execution worker Thread 22,5,main]) started.
[        ] Resolve mutations for :app:mapDebugSourceSetPaths (Thread[#40128,Execution worker Thread 22,5,main]) started.
[        ] :app:mapDebugSourceSetPaths (Thread[#40128,Execution worker Thread 22,5,main]) started.
[        ] > Task :app:mapDebugSourceSetPaths UP-TO-DATE
[        ] Caching disabled for task ':app:mapDebugSourceSetPaths' because:
[        ]   Build cache is disabled
[        ]   Caching has been disabled for the task
[        ] Skipping task ':app:mapDebugSourceSetPaths' as it is up-to-date.
[        ] Resolve mutations for :app:generateDebugResources (Thread[#40128,Execution worker Thread 22,5,main]) started.
[        ] :app:generateDebugResources (Thread[#40128,Execution worker Thread 22,5,main]) started.
[        ] > Task :app:generateDebugResources UP-TO-DATE
[        ] Caching disabled for task ':app:generateDebugResources' because:
[        ]   Build cache is disabled
[        ] Skipping task ':app:generateDebugResources' as it is up-to-date.
[        ] Resolve mutations for :app:mergeDebugResources (Thread[#40128,Execution worker Thread 22,5,main]) started.
[        ] :app:mergeDebugResources (Thread[#40128,Execution worker Thread 22,5,main]) started.
[  +94 ms] > Task :app:mergeDebugResources UP-TO-DATE
[        ] Caching disabled for task ':app:mergeDebugResources' because:
[        ]   Build cache is disabled
[        ] Skipping task ':app:mergeDebugResources' as it is up-to-date.
[        ] Resolve mutations for :app:packageDebugResources (Thread[#40128,Execution worker Thread 22,5,main]) started.
[        ] :app:packageDebugResources (Thread[#40128,Execution worker Thread 22,5,main]) started.
[        ] > Task :app:packageDebugResources UP-TO-DATE
[        ] Caching disabled for task ':app:packageDebugResources' because:
[        ]   Build cache is disabled
[        ] Skipping task ':app:packageDebugResources' as it is up-to-date.
[        ] Resolve mutations for :app:parseDebugLocalResources (Thread[#40128,Execution worker Thread 22,5,main]) started.
[        ] :app:parseDebugLocalResources (Thread[#40128,Execution worker Thread 22,5,main]) started.
[        ] > Task :app:parseDebugLocalResources UP-TO-DATE
[        ] Caching disabled for task ':app:parseDebugLocalResources' because:
[        ]   Build cache is disabled
[        ] Skipping task ':app:parseDebugLocalResources' as it is up-to-date.
[        ] Resolve mutations for :app:createDebugCompatibleScreenManifests (Thread[#40128,Execution worker Thread 22,5,main]) started.
[        ] :app:createDebugCompatibleScreenManifests (Thread[#40128,Execution worker Thread 22,5,main]) started.
[        ] > Task :app:createDebugCompatibleScreenManifests UP-TO-DATE
[        ] Caching disabled for task ':app:createDebugCompatibleScreenManifests' because:
[        ]   Build cache is disabled
[        ]   Caching has been disabled for the task
[        ] Skipping task ':app:createDebugCompatibleScreenManifests' as it is up-to-date.
[        ] Resolve mutations for :app:extractDeepLinksDebug (Thread[#40128,Execution worker Thread 22,5,main]) started.
[        ] :app:extractDeepLinksDebug (Thread[#40128,Execution worker Thread 22,5,main]) started.
[        ] > Task :app:extractDeepLinksDebug UP-TO-DATE
[        ] Caching disabled for task ':app:extractDeepLinksDebug' because:
[        ]   Build cache is disabled
[        ] Skipping task ':app:extractDeepLinksDebug' as it is up-to-date.
[        ] Resolve mutations for :connectivity_plus:extractDeepLinksDebug (Thread[#40128,Execution worker Thread 22,5,main]) started.
[        ] :connectivity_plus:extractDeepLinksDebug (Thread[#40128,Execution worker Thread 22,5,main]) started.
[        ] > Task :connectivity_plus:extractDeepLinksDebug UP-TO-DATE
[        ] Caching disabled for task ':connectivity_plus:extractDeepLinksDebug' because:
[        ]   Build cache is disabled
[        ] Skipping task ':connectivity_plus:extractDeepLinksDebug' as it is up-to-date.
[        ] work action resolve navigation.json (project :connectivity_plus) (Thread[#40128,Execution worker Thread 22,5,main]) started.
[        ] Resolve mutations for :connectivity_plus:processDebugManifest (Thread[#40128,Execution worker Thread 22,5,main]) started.
[        ] :connectivity_plus:processDebugManifest (Thread[#40128,Execution worker Thread 22,5,main]) started.
[        ] > Task :connectivity_plus:processDebugManifest UP-TO-DATE
[        ] Caching disabled for task ':connectivity_plus:processDebugManifest' because:
[        ]   Build cache is disabled
[        ] Skipping task ':connectivity_plus:processDebugManifest' as it is up-to-date.
[        ] work action resolve AndroidManifest.xml (project :connectivity_plus) (Thread[#40128,Execution worker Thread 22,5,main]) started.
[        ] Resolve mutations for :emoji_picker_flutter:extractDeepLinksDebug (Thread[#40128,Execution worker Thread 22,5,main]) started.
[        ] :emoji_picker_flutter:extractDeepLinksDebug (Thread[#40128,Execution worker Thread 22,5,main]) started.
[        ] > Task :emoji_picker_flutter:extractDeepLinksDebug UP-TO-DATE
[        ] Caching disabled for task ':emoji_picker_flutter:extractDeepLinksDebug' because:
[        ]   Build cache is disabled
[        ] Skipping task ':emoji_picker_flutter:extractDeepLinksDebug' as it is up-to-date.
[        ] work action resolve navigation.json (project :emoji_picker_flutter) (Thread[#40128,Execution worker Thread 22,5,main]) started.
[        ] Resolve mutations for :emoji_picker_flutter:processDebugManifest (Thread[#40128,Execution worker Thread 22,5,main]) started.
[        ] :emoji_picker_flutter:processDebugManifest (Thread[#40128,Execution worker Thread 22,5,main]) started.
[        ] > Task :emoji_picker_flutter:processDebugManifest UP-TO-DATE
[        ] Caching disabled for task ':emoji_picker_flutter:processDebugManifest' because:
[        ]   Build cache is disabled
[        ] Skipping task ':emoji_picker_flutter:processDebugManifest' as it is up-to-date.
[        ] work action resolve AndroidManifest.xml (project :emoji_picker_flutter) (Thread[#40128,Execution worker Thread 22,5,main]) started.
[        ] Resolve mutations for :file_selector_android:extractDeepLinksDebug (Thread[#40128,Execution worker Thread 22,5,main]) started.
[        ] :file_selector_android:extractDeepLinksDebug (Thread[#40128,Execution worker Thread 22,5,main]) started.
[        ] > Task :file_selector_android:extractDeepLinksDebug UP-TO-DATE
[        ] Caching disabled for task ':file_selector_android:extractDeepLinksDebug' because:
[        ]   Build cache is disabled
[        ] Skipping task ':file_selector_android:extractDeepLinksDebug' as it is up-to-date.
[        ] work action resolve navigation.json (project :file_selector_android) (Thread[#40128,Execution worker Thread 22,5,main]) started.
[        ] Resolve mutations for :file_selector_android:processDebugManifest (Thread[#40128,Execution worker Thread 22,5,main]) started.
[        ] :file_selector_android:processDebugManifest (Thread[#40128,Execution worker Thread 22,5,main]) started.
[        ] > Task :file_selector_android:processDebugManifest UP-TO-DATE
[        ] Caching disabled for task ':file_selector_android:processDebugManifest' because:
[        ]   Build cache is disabled
[        ] Skipping task ':file_selector_android:processDebugManifest' as it is up-to-date.
[        ] work action resolve AndroidManifest.xml (project :file_selector_android) (Thread[#40128,Execution worker Thread 22,5,main]) started.
[        ] Resolve mutations for :flutter_keyboard_visibility_temp_fork:extractDeepLinksDebug (Thread[#40128,Execution worker Thread 22,5,main]) started.
[        ] :flutter_keyboard_visibility_temp_fork:extractDeepLinksDebug (Thread[#40128,Execution worker Thread 22,5,main]) started.
[        ] > Task :flutter_keyboard_visibility_temp_fork:extractDeepLinksDebug UP-TO-DATE
[        ] Caching disabled for task ':flutter_keyboard_visibility_temp_fork:extractDeepLinksDebug' because:
[        ]   Build cache is disabled
[        ] Skipping task ':flutter_keyboard_visibility_temp_fork:extractDeepLinksDebug' as it is up-to-date.
[        ] work action resolve navigation.json (project :flutter_keyboard_visibility_temp_fork) (Thread[#40128,Execution worker Thread 22,5,main]) started.
[        ] Resolve mutations for :flutter_keyboard_visibility_temp_fork:processDebugManifest (Thread[#40128,Execution worker Thread 22,5,main]) started.
[        ] :flutter_keyboard_visibility_temp_fork:processDebugManifest (Thread[#40128,Execution worker Thread 22,5,main]) started.
[        ] > Task :flutter_keyboard_visibility_temp_fork:processDebugManifest UP-TO-DATE
[        ] Caching disabled for task ':flutter_keyboard_visibility_temp_fork:processDebugManifest' because:
[        ]   Build cache is disabled
[        ] Skipping task ':flutter_keyboard_visibility_temp_fork:processDebugManifest' as it is up-to-date.
[        ] work action resolve AndroidManifest.xml (project :flutter_keyboard_visibility_temp_fork) (Thread[#40128,Execution worker Thread 22,5,main]) started.
[        ] Resolve mutations for :flutter_native_splash:extractDeepLinksDebug (Thread[#40128,Execution worker Thread 22,5,main]) started.
[        ] :flutter_native_splash:extractDeepLinksDebug (Thread[#40128,Execution worker Thread 22,5,main]) started.
[        ] > Task :flutter_native_splash:extractDeepLinksDebug UP-TO-DATE
[        ] Caching disabled for task ':flutter_native_splash:extractDeepLinksDebug' because:
[        ]   Build cache is disabled
[        ] Skipping task ':flutter_native_splash:extractDeepLinksDebug' as it is up-to-date.
[        ] work action resolve navigation.json (project :flutter_native_splash) (Thread[#40128,Execution worker Thread 22,5,main]) started.
[        ] Resolve mutations for :flutter_native_splash:processDebugManifest (Thread[#40128,Execution worker Thread 22,5,main]) started.
[        ] :flutter_native_splash:processDebugManifest (Thread[#40128,Execution worker Thread 22,5,main]) started.
[        ] > Task :flutter_native_splash:processDebugManifest UP-TO-DATE
[        ] Caching disabled for task ':flutter_native_splash:processDebugManifest' because:
[        ]   Build cache is disabled
[        ] Skipping task ':flutter_native_splash:processDebugManifest' as it is up-to-date.
[        ] work action resolve AndroidManifest.xml (project :flutter_native_splash) (Thread[#40128,Execution worker Thread 22,5,main]) started.
[        ] Resolve mutations for :flutter_olm:extractDeepLinksDebug (Thread[#40128,Execution worker Thread 22,5,main]) started.
[        ] :flutter_olm:extractDeepLinksDebug (Thread[#40128,Execution worker Thread 22,5,main]) started.
[        ] > Task :flutter_olm:extractDeepLinksDebug UP-TO-DATE
[        ] Caching disabled for task ':flutter_olm:extractDeepLinksDebug' because:
[        ]   Build cache is disabled
[        ] Skipping task ':flutter_olm:extractDeepLinksDebug' as it is up-to-date.
[        ] work action resolve navigation.json (project :flutter_olm) (Thread[#40128,Execution worker Thread 22,5,main]) started.
[        ] Resolve mutations for :flutter_olm:processDebugManifest (Thread[#40128,Execution worker Thread 22,5,main]) started.
[        ] :flutter_olm:processDebugManifest (Thread[#40128,Execution worker Thread 22,5,main]) started.
[        ] > Task :flutter_olm:processDebugManifest UP-TO-DATE
[        ] Caching disabled for task ':flutter_olm:processDebugManifest' because:
[        ]   Build cache is disabled
[        ] Skipping task ':flutter_olm:processDebugManifest' as it is up-to-date.
[        ] work action resolve AndroidManifest.xml (project :flutter_olm) (Thread[#40128,Execution worker Thread 22,5,main]) started.
[        ] Resolve mutations for :flutter_openssl_crypto:extractDeepLinksDebug (Thread[#40128,Execution worker Thread 22,5,main]) started.
[        ] :flutter_openssl_crypto:extractDeepLinksDebug (Thread[#40128,Execution worker Thread 22,5,main]) started.
[        ] > Task :flutter_openssl_crypto:extractDeepLinksDebug UP-TO-DATE
[        ] Caching disabled for task ':flutter_openssl_crypto:extractDeepLinksDebug' because:
[        ]   Build cache is disabled
[        ] Skipping task ':flutter_openssl_crypto:extractDeepLinksDebug' as it is up-to-date.
[        ] work action resolve navigation.json (project :flutter_openssl_crypto) (Thread[#40128,Execution worker Thread 22,5,main]) started.
[        ] Resolve mutations for :flutter_openssl_crypto:processDebugManifest (Thread[#40128,Execution worker Thread 22,5,main]) started.
[        ] :flutter_openssl_crypto:processDebugManifest (Thread[#40128,Execution worker Thread 22,5,main]) started.
[        ] > Task :flutter_openssl_crypto:processDebugManifest UP-TO-DATE
[        ] Caching disabled for task ':flutter_openssl_crypto:processDebugManifest' because:
[        ]   Build cache is disabled
[        ] Skipping task ':flutter_openssl_crypto:processDebugManifest' as it is up-to-date.
[        ] work action resolve AndroidManifest.xml (project :flutter_openssl_crypto) (Thread[#40128,Execution worker Thread 22,5,main]) started.
[        ] Resolve mutations for :integration_test:extractDeepLinksDebug (Thread[#40128,Execution worker Thread 22,5,main]) started.
[        ] :integration_test:extractDeepLinksDebug (Thread[#40128,Execution worker Thread 22,5,main]) started.
[        ] > Task :integration_test:extractDeepLinksDebug UP-TO-DATE
[        ] Caching disabled for task ':integration_test:extractDeepLinksDebug' because:
[        ]   Build cache is disabled
[        ] Skipping task ':integration_test:extractDeepLinksDebug' as it is up-to-date.
[        ] work action resolve navigation.json (project :integration_test) (Thread[#40128,Execution worker Thread 22,5,main]) started.
[        ] Resolve mutations for :integration_test:processDebugManifest (Thread[#40128,Execution worker Thread 22,5,main]) started.
[        ] :integration_test:processDebugManifest (Thread[#40126,Execution worker Thread 20,5,main]) started.
[        ] > Task :integration_test:processDebugManifest UP-TO-DATE
[        ] Caching disabled for task ':integration_test:processDebugManifest' because:
[        ]   Build cache is disabled
[        ] Skipping task ':integration_test:processDebugManifest' as it is up-to-date.
[        ] work action resolve AndroidManifest.xml (project :integration_test) (Thread[#40126,Execution worker Thread 20,5,main]) started.
[        ] Resolve mutations for :path_provider_android:extractDeepLinksDebug (Thread[#40126,Execution worker Thread 20,5,main]) started.
[        ] :path_provider_android:extractDeepLinksDebug (Thread[#40126,Execution worker Thread 20,5,main]) started.
[        ] > Task :path_provider_android:extractDeepLinksDebug UP-TO-DATE
[        ] Caching disabled for task ':path_provider_android:extractDeepLinksDebug' because:
[        ]   Build cache is disabled
[        ] Skipping task ':path_provider_android:extractDeepLinksDebug' as it is up-to-date.
[        ] work action resolve navigation.json (project :path_provider_android) (Thread[#40126,Execution worker Thread 20,5,main]) started.
[        ] Resolve mutations for :path_provider_android:processDebugManifest (Thread[#40126,Execution worker Thread 20,5,main]) started.
[        ] :path_provider_android:processDebugManifest (Thread[#40126,Execution worker Thread 20,5,main]) started.
[        ] > Task :path_provider_android:processDebugManifest UP-TO-DATE
[        ] Caching disabled for task ':path_provider_android:processDebugManifest' because:
[        ]   Build cache is disabled
[        ] Skipping task ':path_provider_android:processDebugManifest' as it is up-to-date.
[        ] work action resolve AndroidManifest.xml (project :path_provider_android) (Thread[#40126,Execution worker Thread 20,5,main]) started.
[        ] Resolve mutations for :quill_native_bridge_android:extractDeepLinksDebug (Thread[#40126,Execution worker Thread 20,5,main]) started.
[        ] :quill_native_bridge_android:extractDeepLinksDebug (Thread[#40126,Execution worker Thread 20,5,main]) started.
[        ] > Task :quill_native_bridge_android:extractDeepLinksDebug UP-TO-DATE
[        ] Caching disabled for task ':quill_native_bridge_android:extractDeepLinksDebug' because:
[        ]   Build cache is disabled
[        ] Skipping task ':quill_native_bridge_android:extractDeepLinksDebug' as it is up-to-date.
[        ] work action resolve navigation.json (project :quill_native_bridge_android) (Thread[#40126,Execution worker Thread 20,5,main]) started.
[        ] Resolve mutations for :quill_native_bridge_android:processDebugManifest (Thread[#40126,Execution worker Thread 20,5,main]) started.
[        ] :quill_native_bridge_android:processDebugManifest (Thread[#40126,Execution worker Thread 20,5,main]) started.
[        ] > Task :quill_native_bridge_android:processDebugManifest UP-TO-DATE
[        ] Caching disabled for task ':quill_native_bridge_android:processDebugManifest' because:
[        ]   Build cache is disabled
[        ] Skipping task ':quill_native_bridge_android:processDebugManifest' as it is up-to-date.
[        ] work action resolve AndroidManifest.xml (project :quill_native_bridge_android) (Thread[#40126,Execution worker Thread 20,5,main]) started.
[        ] Resolve mutations for :shared_preferences_android:extractDeepLinksDebug (Thread[#40126,Execution worker Thread 20,5,main]) started.
[        ] :shared_preferences_android:extractDeepLinksDebug (Thread[#40126,Execution worker Thread 20,5,main]) started.
[        ] > Task :shared_preferences_android:extractDeepLinksDebug UP-TO-DATE
[        ] Caching disabled for task ':shared_preferences_android:extractDeepLinksDebug' because:
[        ]   Build cache is disabled
[        ] Skipping task ':shared_preferences_android:extractDeepLinksDebug' as it is up-to-date.
[        ] work action resolve navigation.json (project :shared_preferences_android) (Thread[#40126,Execution worker Thread 20,5,main]) started.
[        ] Resolve mutations for :shared_preferences_android:processDebugManifest (Thread[#40126,Execution worker Thread 20,5,main]) started.
[        ] :shared_preferences_android:processDebugManifest (Thread[#40126,Execution worker Thread 20,5,main]) started.
[        ] > Task :shared_preferences_android:processDebugManifest UP-TO-DATE
[        ] Caching disabled for task ':shared_preferences_android:processDebugManifest' because:
[        ]   Build cache is disabled
[        ] Skipping task ':shared_preferences_android:processDebugManifest' as it is up-to-date.
[        ] work action resolve AndroidManifest.xml (project :shared_preferences_android) (Thread[#40126,Execution worker Thread 20,5,main]) started.
[        ] Resolve mutations for :sqflite_android:extractDeepLinksDebug (Thread[#40126,Execution worker Thread 20,5,main]) started.
[        ] :sqflite_android:extractDeepLinksDebug (Thread[#40126,Execution worker Thread 20,5,main]) started.
[        ] > Task :sqflite_android:extractDeepLinksDebug UP-TO-DATE
[        ] Caching disabled for task ':sqflite_android:extractDeepLinksDebug' because:
[        ]   Build cache is disabled
[        ] Skipping task ':sqflite_android:extractDeepLinksDebug' as it is up-to-date.
[        ] work action resolve navigation.json (project :sqflite_android) (Thread[#40126,Execution worker Thread 20,5,main]) started.
[        ] Resolve mutations for :sqflite_android:processDebugManifest (Thread[#40126,Execution worker Thread 20,5,main]) started.
[        ] :sqflite_android:processDebugManifest (Thread[#40126,Execution worker Thread 20,5,main]) started.
[        ] > Task :sqflite_android:processDebugManifest UP-TO-DATE
[        ] Caching disabled for task ':sqflite_android:processDebugManifest' because:
[        ]   Build cache is disabled
[        ] Skipping task ':sqflite_android:processDebugManifest' as it is up-to-date.
[        ] work action resolve AndroidManifest.xml (project :sqflite_android) (Thread[#40126,Execution worker Thread 20,5,main]) started.
[        ] Resolve mutations for :url_launcher_android:extractDeepLinksDebug (Thread[#40126,Execution worker Thread 20,5,main]) started.
[        ] :url_launcher_android:extractDeepLinksDebug (Thread[#40126,Execution worker Thread 20,5,main]) started.
[        ] > Task :url_launcher_android:extractDeepLinksDebug UP-TO-DATE
[        ] Caching disabled for task ':url_launcher_android:extractDeepLinksDebug' because:
[        ]   Build cache is disabled
[        ] Skipping task ':url_launcher_android:extractDeepLinksDebug' as it is up-to-date.
[        ] work action resolve navigation.json (project :url_launcher_android) (Thread[#40126,Execution worker Thread 20,5,main]) started.
[        ] Resolve mutations for :url_launcher_android:processDebugManifest (Thread[#40126,Execution worker Thread 20,5,main]) started.
[        ] :url_launcher_android:processDebugManifest (Thread[#40126,Execution worker Thread 20,5,main]) started.
[        ] > Task :url_launcher_android:processDebugManifest UP-TO-DATE
[        ] Caching disabled for task ':url_launcher_android:processDebugManifest' because:
[        ]   Build cache is disabled
[        ] Skipping task ':url_launcher_android:processDebugManifest' as it is up-to-date.
[        ] work action resolve AndroidManifest.xml (project :url_launcher_android) (Thread[#40126,Execution worker Thread 20,5,main]) started.
[        ] Resolve mutations for :video_player_android:extractDeepLinksDebug (Thread[#40126,Execution worker Thread 20,5,main]) started.
[        ] :video_player_android:extractDeepLinksDebug (Thread[#40126,Execution worker Thread 20,5,main]) started.
[        ] > Task :video_player_android:extractDeepLinksDebug UP-TO-DATE
[        ] Caching disabled for task ':video_player_android:extractDeepLinksDebug' because:
[        ]   Build cache is disabled
[        ] Skipping task ':video_player_android:extractDeepLinksDebug' as it is up-to-date.
[        ] work action resolve navigation.json (project :video_player_android) (Thread[#40126,Execution worker Thread 20,5,main]) started.
[        ] Resolve mutations for :video_player_android:processDebugManifest (Thread[#40126,Execution worker Thread 20,5,main]) started.
[        ] :video_player_android:processDebugManifest (Thread[#40126,Execution worker Thread 20,5,main]) started.
[        ] > Task :video_player_android:processDebugManifest UP-TO-DATE
[        ] Caching disabled for task ':video_player_android:processDebugManifest' because:
[        ]   Build cache is disabled
[        ] Skipping task ':video_player_android:processDebugManifest' as it is up-to-date.
[        ] work action resolve AndroidManifest.xml (project :video_player_android) (Thread[#40126,Execution worker Thread 20,5,main]) started.
[        ] Resolve mutations for :app:processDebugMainManifest (Thread[#40126,Execution worker Thread 20,5,main]) started.
[        ] :app:processDebugMainManifest (Thread[#40126,Execution worker Thread 20,5,main]) started.
[        ] > Task :app:processDebugMainManifest UP-TO-DATE
[        ] Caching disabled for task ':app:processDebugMainManifest' because:
[        ]   Build cache is disabled
[        ] Skipping task ':app:processDebugMainManifest' as it is up-to-date.
[        ] Resolve mutations for :app:outputDebugAppLinkSettings (Thread[#40126,Execution worker Thread 20,5,main]) started.
[        ] :app:outputDebugAppLinkSettings (Thread[#40126,Execution worker Thread 20,5,main]) started.
[        ] > Task :app:outputDebugAppLinkSettings UP-TO-DATE
[        ] Caching disabled for task ':app:outputDebugAppLinkSettings' because:
[        ]   Build cache is disabled
[        ]   Caching has not been enabled for the task
[        ] Skipping task ':app:outputDebugAppLinkSettings' as it is up-to-date.
[        ] Resolve mutations for :app:processDebugManifest (Thread[#40126,Execution worker Thread 20,5,main]) started.
[        ] :app:processDebugManifest (Thread[#40126,Execution worker Thread 20,5,main]) started.
[        ] > Task :app:processDebugManifest UP-TO-DATE
[        ] Caching disabled for task ':app:processDebugManifest' because:
[        ]   Build cache is disabled
[        ] Skipping task ':app:processDebugManifest' as it is up-to-date.
[        ] Resolve mutations for :app:processDebugManifestForPackage (Thread[#40126,Execution worker Thread 20,5,main]) started.
[        ] :app:processDebugManifestForPackage (Thread[#40126,Execution worker Thread 20,5,main]) started.
[        ] > Task :app:processDebugManifestForPackage UP-TO-DATE
[        ] Custom actions are attached to task ':app:processDebugManifestForPackage'.
[        ] Caching disabled for task ':app:processDebugManifestForPackage' because:
[        ]   Build cache is disabled
[        ] Skipping task ':app:processDebugManifestForPackage' as it is up-to-date.
[        ] Resolve mutations for :connectivity_plus:compileDebugLibraryResources (Thread[#40126,Execution worker Thread 20,5,main]) started.
[        ] :connectivity_plus:compileDebugLibraryResources (Thread[#40126,Execution worker Thread 20,5,main]) started.
[        ] > Task :connectivity_plus:compileDebugLibraryResources UP-TO-DATE
[        ] Caching disabled for task ':connectivity_plus:compileDebugLibraryResources' because:
[        ]   Build cache is disabled
[        ] Skipping task ':connectivity_plus:compileDebugLibraryResources' as it is up-to-date.
[        ] work action resolve out (project :connectivity_plus) (Thread[#40126,Execution worker Thread 20,5,main]) started.
[        ] Resolve mutations for :connectivity_plus:parseDebugLocalResources (Thread[#40126,Execution worker Thread 20,5,main]) started.
[        ] :connectivity_plus:parseDebugLocalResources (Thread[#40126,Execution worker Thread 20,5,main]) started.
[        ] > Task :connectivity_plus:parseDebugLocalResources UP-TO-DATE
[        ] Caching disabled for task ':connectivity_plus:parseDebugLocalResources' because:
[        ]   Build cache is disabled
[        ] Skipping task ':connectivity_plus:parseDebugLocalResources' as it is up-to-date.
[        ] Resolve mutations for :connectivity_plus:generateDebugRFile (Thread[#40126,Execution worker Thread 20,5,main]) started.
[        ] :connectivity_plus:generateDebugRFile (Thread[#40126,Execution worker Thread 20,5,main]) started.
[        ] > Task :connectivity_plus:generateDebugRFile UP-TO-DATE
[        ] Caching disabled for task ':connectivity_plus:generateDebugRFile' because:
[        ]   Build cache is disabled
[        ] Skipping task ':connectivity_plus:generateDebugRFile' as it is up-to-date.
[        ] work action resolve package-aware-r.txt (project :connectivity_plus) (Thread[#40126,Execution worker Thread 20,5,main]) started.
[        ] Resolve mutations for :emoji_picker_flutter:compileDebugLibraryResources (Thread[#40126,Execution worker Thread 20,5,main]) started.
[        ] :emoji_picker_flutter:compileDebugLibraryResources (Thread[#40126,Execution worker Thread 20,5,main]) started.
[        ] > Task :emoji_picker_flutter:compileDebugLibraryResources UP-TO-DATE
[        ] Caching disabled for task ':emoji_picker_flutter:compileDebugLibraryResources' because:
[        ]   Build cache is disabled
[        ] Skipping task ':emoji_picker_flutter:compileDebugLibraryResources' as it is up-to-date.
[        ] work action resolve out (project :emoji_picker_flutter) (Thread[#40126,Execution worker Thread 20,5,main]) started.
[        ] Resolve mutations for :emoji_picker_flutter:parseDebugLocalResources (Thread[#40126,Execution worker Thread 20,5,main]) started.
[        ] :emoji_picker_flutter:parseDebugLocalResources (Thread[#40126,Execution worker Thread 20,5,main]) started.
[        ] > Task :emoji_picker_flutter:parseDebugLocalResources UP-TO-DATE
[        ] Caching disabled for task ':emoji_picker_flutter:parseDebugLocalResources' because:
[        ]   Build cache is disabled
[        ] Skipping task ':emoji_picker_flutter:parseDebugLocalResources' as it is up-to-date.
[        ] Resolve mutations for :emoji_picker_flutter:generateDebugRFile (Thread[#40126,Execution worker Thread 20,5,main]) started.
[        ] :emoji_picker_flutter:generateDebugRFile (Thread[#40126,Execution worker Thread 20,5,main]) started.
[        ] > Task :emoji_picker_flutter:generateDebugRFile UP-TO-DATE
[        ] Caching disabled for task ':emoji_picker_flutter:generateDebugRFile' because:
[        ]   Build cache is disabled
[        ] Skipping task ':emoji_picker_flutter:generateDebugRFile' as it is up-to-date.
[        ] work action resolve package-aware-r.txt (project :emoji_picker_flutter) (Thread[#40126,Execution worker Thread 20,5,main]) started.
[        ] Resolve mutations for :file_selector_android:compileDebugLibraryResources (Thread[#40126,Execution worker Thread 20,5,main]) started.
[        ] :file_selector_android:compileDebugLibraryResources (Thread[#40126,Execution worker Thread 20,5,main]) started.
[        ] > Task :file_selector_android:compileDebugLibraryResources UP-TO-DATE
[        ] Caching disabled for task ':file_selector_android:compileDebugLibraryResources' because:
[        ]   Build cache is disabled
[        ] Skipping task ':file_selector_android:compileDebugLibraryResources' as it is up-to-date.
[        ] work action resolve out (project :file_selector_android) (Thread[#40126,Execution worker Thread 20,5,main]) started.
[        ] Resolve mutations for :file_selector_android:parseDebugLocalResources (Thread[#40126,Execution worker Thread 20,5,main]) started.
[        ] :file_selector_android:parseDebugLocalResources (Thread[#40126,Execution worker Thread 20,5,main]) started.
[        ] > Task :file_selector_android:parseDebugLocalResources UP-TO-DATE
[        ] Caching disabled for task ':file_selector_android:parseDebugLocalResources' because:
[        ]   Build cache is disabled
[        ] Skipping task ':file_selector_android:parseDebugLocalResources' as it is up-to-date.
[        ] Resolve mutations for :file_selector_android:generateDebugRFile (Thread[#40126,Execution worker Thread 20,5,main]) started.
[        ] :file_selector_android:generateDebugRFile (Thread[#40126,Execution worker Thread 20,5,main]) started.
[        ] > Task :file_selector_android:generateDebugRFile UP-TO-DATE
[        ] Caching disabled for task ':file_selector_android:generateDebugRFile' because:
[        ]   Build cache is disabled
[        ] Skipping task ':file_selector_android:generateDebugRFile' as it is up-to-date.
[        ] work action resolve package-aware-r.txt (project :file_selector_android) (Thread[#40126,Execution worker Thread 20,5,main]) started.
[        ] Resolve mutations for :flutter_keyboard_visibility_temp_fork:compileDebugLibraryResources (Thread[#40126,Execution worker Thread 20,5,main]) started.
[        ] :flutter_keyboard_visibility_temp_fork:compileDebugLibraryResources (Thread[#40126,Execution worker Thread 20,5,main]) started.
[        ] > Task :flutter_keyboard_visibility_temp_fork:compileDebugLibraryResources UP-TO-DATE
[        ] Caching disabled for task ':flutter_keyboard_visibility_temp_fork:compileDebugLibraryResources' because:
[        ]   Build cache is disabled
[        ] Skipping task ':flutter_keyboard_visibility_temp_fork:compileDebugLibraryResources' as it is up-to-date.
[        ] work action resolve out (project :flutter_keyboard_visibility_temp_fork) (Thread[#40126,Execution worker Thread 20,5,main]) started.
[        ] Resolve mutations for :flutter_keyboard_visibility_temp_fork:parseDebugLocalResources (Thread[#40126,Execution worker Thread 20,5,main]) started.
[        ] :flutter_keyboard_visibility_temp_fork:parseDebugLocalResources (Thread[#40126,Execution worker Thread 20,5,main]) started.
[        ] > Task :flutter_keyboard_visibility_temp_fork:parseDebugLocalResources UP-TO-DATE
[        ] Caching disabled for task ':flutter_keyboard_visibility_temp_fork:parseDebugLocalResources' because:
[        ]   Build cache is disabled
[        ] Skipping task ':flutter_keyboard_visibility_temp_fork:parseDebugLocalResources' as it is up-to-date.
[        ] Resolve mutations for :flutter_keyboard_visibility_temp_fork:generateDebugRFile (Thread[#40126,Execution worker Thread 20,5,main]) started.
[        ] :flutter_keyboard_visibility_temp_fork:generateDebugRFile (Thread[#40126,Execution worker Thread 20,5,main]) started.
[        ] > Task :flutter_keyboard_visibility_temp_fork:generateDebugRFile UP-TO-DATE
[        ] Caching disabled for task ':flutter_keyboard_visibility_temp_fork:generateDebugRFile' because:
[        ]   Build cache is disabled
[        ] Skipping task ':flutter_keyboard_visibility_temp_fork:generateDebugRFile' as it is up-to-date.
[        ] work action resolve package-aware-r.txt (project :flutter_keyboard_visibility_temp_fork) (Thread[#40126,Execution worker Thread 20,5,main]) started.
[        ] Resolve mutations for :flutter_native_splash:compileDebugLibraryResources (Thread[#40126,Execution worker Thread 20,5,main]) started.
[        ] :flutter_native_splash:compileDebugLibraryResources (Thread[#40126,Execution worker Thread 20,5,main]) started.
[        ] > Task :flutter_native_splash:compileDebugLibraryResources UP-TO-DATE
[        ] Caching disabled for task ':flutter_native_splash:compileDebugLibraryResources' because:
[        ]   Build cache is disabled
[        ] Skipping task ':flutter_native_splash:compileDebugLibraryResources' as it is up-to-date.
[        ] work action resolve out (project :flutter_native_splash) (Thread[#40126,Execution worker Thread 20,5,main]) started.
[        ] Resolve mutations for :flutter_native_splash:parseDebugLocalResources (Thread[#40126,Execution worker Thread 20,5,main]) started.
[        ] :flutter_native_splash:parseDebugLocalResources (Thread[#40126,Execution worker Thread 20,5,main]) started.
[        ] > Task :flutter_native_splash:parseDebugLocalResources UP-TO-DATE
[        ] Caching disabled for task ':flutter_native_splash:parseDebugLocalResources' because:
[        ]   Build cache is disabled
[        ] Skipping task ':flutter_native_splash:parseDebugLocalResources' as it is up-to-date.
[        ] Resolve mutations for :flutter_native_splash:generateDebugRFile (Thread[#40126,Execution worker Thread 20,5,main]) started.
[        ] :flutter_native_splash:generateDebugRFile (Thread[#40126,Execution worker Thread 20,5,main]) started.
[        ] > Task :flutter_native_splash:generateDebugRFile UP-TO-DATE
[        ] Caching disabled for task ':flutter_native_splash:generateDebugRFile' because:
[        ]   Build cache is disabled
[        ] Skipping task ':flutter_native_splash:generateDebugRFile' as it is up-to-date.
[        ] work action resolve package-aware-r.txt (project :flutter_native_splash) (Thread[#40126,Execution worker Thread 20,5,main]) started.
[        ] Resolve mutations for :flutter_olm:compileDebugLibraryResources (Thread[#40126,Execution worker Thread 20,5,main]) started.
[        ] :flutter_olm:compileDebugLibraryResources (Thread[#40126,Execution worker Thread 20,5,main]) started.
[        ] > Task :flutter_olm:compileDebugLibraryResources UP-TO-DATE
[        ] Caching disabled for task ':flutter_olm:compileDebugLibraryResources' because:
[        ]   Build cache is disabled
[        ] Skipping task ':flutter_olm:compileDebugLibraryResources' as it is up-to-date.
[        ] work action resolve out (project :flutter_olm) (Thread[#40126,Execution worker Thread 20,5,main]) started.
[        ] Resolve mutations for :flutter_olm:parseDebugLocalResources (Thread[#40126,Execution worker Thread 20,5,main]) started.
[        ] :flutter_olm:parseDebugLocalResources (Thread[#40126,Execution worker Thread 20,5,main]) started.
[        ] > Task :flutter_olm:parseDebugLocalResources UP-TO-DATE
[        ] Caching disabled for task ':flutter_olm:parseDebugLocalResources' because:
[        ]   Build cache is disabled
[        ] Skipping task ':flutter_olm:parseDebugLocalResources' as it is up-to-date.
[        ] Resolve mutations for :flutter_olm:generateDebugRFile (Thread[#40126,Execution worker Thread 20,5,main]) started.
[        ] :flutter_olm:generateDebugRFile (Thread[#40126,Execution worker Thread 20,5,main]) started.
[        ] > Task :flutter_olm:generateDebugRFile UP-TO-DATE
[        ] Caching disabled for task ':flutter_olm:generateDebugRFile' because:
[        ]   Build cache is disabled
[        ] Skipping task ':flutter_olm:generateDebugRFile' as it is up-to-date.
[        ] work action resolve package-aware-r.txt (project :flutter_olm) (Thread[#40126,Execution worker Thread 20,5,main]) started.
[        ] Resolve mutations for :flutter_openssl_crypto:compileDebugLibraryResources (Thread[#40126,Execution worker Thread 20,5,main]) started.
[        ] :flutter_openssl_crypto:compileDebugLibraryResources (Thread[#40126,Execution worker Thread 20,5,main]) started.
[        ] > Task :flutter_openssl_crypto:compileDebugLibraryResources UP-TO-DATE
[        ] Caching disabled for task ':flutter_openssl_crypto:compileDebugLibraryResources' because:
[        ]   Build cache is disabled
[        ] Skipping task ':flutter_openssl_crypto:compileDebugLibraryResources' as it is up-to-date.
[        ] work action resolve out (project :flutter_openssl_crypto) (Thread[#40126,Execution worker Thread 20,5,main]) started.
[        ] Resolve mutations for :flutter_openssl_crypto:parseDebugLocalResources (Thread[#40126,Execution worker Thread 20,5,main]) started.
[        ] :flutter_openssl_crypto:parseDebugLocalResources (Thread[#40126,Execution worker Thread 20,5,main]) started.
[        ] > Task :flutter_openssl_crypto:parseDebugLocalResources UP-TO-DATE
[        ] Caching disabled for task ':flutter_openssl_crypto:parseDebugLocalResources' because:
[        ]   Build cache is disabled
[        ] Skipping task ':flutter_openssl_crypto:parseDebugLocalResources' as it is up-to-date.
[        ] Resolve mutations for :flutter_openssl_crypto:generateDebugRFile (Thread[#40126,Execution worker Thread 20,5,main]) started.
[        ] :flutter_openssl_crypto:generateDebugRFile (Thread[#40126,Execution worker Thread 20,5,main]) started.
[        ] > Task :flutter_openssl_crypto:generateDebugRFile UP-TO-DATE
[        ] Caching disabled for task ':flutter_openssl_crypto:generateDebugRFile' because:
[        ]   Build cache is disabled
[        ] Skipping task ':flutter_openssl_crypto:generateDebugRFile' as it is up-to-date.
[        ] work action resolve package-aware-r.txt (project :flutter_openssl_crypto) (Thread[#40126,Execution worker Thread 20,5,main]) started.
[        ] Resolve mutations for :integration_test:compileDebugLibraryResources (Thread[#40126,Execution worker Thread 20,5,main]) started.
[        ] :integration_test:compileDebugLibraryResources (Thread[#40126,Execution worker Thread 20,5,main]) started.
[        ] > Task :integration_test:compileDebugLibraryResources UP-TO-DATE
[        ] Caching disabled for task ':integration_test:compileDebugLibraryResources' because:
[        ]   Build cache is disabled
[        ] Skipping task ':integration_test:compileDebugLibraryResources' as it is up-to-date.
[        ] work action resolve out (project :integration_test) (Thread[#40126,Execution worker Thread 20,5,main]) started.
[        ] Resolve mutations for :integration_test:parseDebugLocalResources (Thread[#40126,Execution worker Thread 20,5,main]) started.
[        ] :integration_test:parseDebugLocalResources (Thread[#40126,Execution worker Thread 20,5,main]) started.
[        ] > Task :integration_test:parseDebugLocalResources UP-TO-DATE
[        ] Caching disabled for task ':integration_test:parseDebugLocalResources' because:
[        ]   Build cache is disabled
[        ] Skipping task ':integration_test:parseDebugLocalResources' as it is up-to-date.
[        ] Resolve mutations for :integration_test:generateDebugRFile (Thread[#40126,Execution worker Thread 20,5,main]) started.
[        ] :integration_test:generateDebugRFile (Thread[#40126,Execution worker Thread 20,5,main]) started.
[        ] > Task :integration_test:generateDebugRFile UP-TO-DATE
[        ] Caching disabled for task ':integration_test:generateDebugRFile' because:
[        ]   Build cache is disabled
[        ] Skipping task ':integration_test:generateDebugRFile' as it is up-to-date.
[        ] work action resolve package-aware-r.txt (project :integration_test) (Thread[#40126,Execution worker Thread 20,5,main]) started.
[        ] Resolve mutations for :path_provider_android:compileDebugLibraryResources (Thread[#40126,Execution worker Thread 20,5,main]) started.
[        ] :path_provider_android:compileDebugLibraryResources (Thread[#40126,Execution worker Thread 20,5,main]) started.
[        ] > Task :path_provider_android:compileDebugLibraryResources UP-TO-DATE
[        ] Caching disabled for task ':path_provider_android:compileDebugLibraryResources' because:
[        ]   Build cache is disabled
[        ] Skipping task ':path_provider_android:compileDebugLibraryResources' as it is up-to-date.
[        ] work action resolve out (project :path_provider_android) (Thread[#40126,Execution worker Thread 20,5,main]) started.
[        ] Resolve mutations for :path_provider_android:parseDebugLocalResources (Thread[#40126,Execution worker Thread 20,5,main]) started.
[        ] :path_provider_android:parseDebugLocalResources (Thread[#40126,Execution worker Thread 20,5,main]) started.
[        ] > Task :path_provider_android:parseDebugLocalResources UP-TO-DATE
[        ] Caching disabled for task ':path_provider_android:parseDebugLocalResources' because:
[        ]   Build cache is disabled
[        ] Skipping task ':path_provider_android:parseDebugLocalResources' as it is up-to-date.
[        ] Resolve mutations for :path_provider_android:generateDebugRFile (Thread[#40126,Execution worker Thread 20,5,main]) started.
[        ] :path_provider_android:generateDebugRFile (Thread[#40126,Execution worker Thread 20,5,main]) started.
[        ] > Task :path_provider_android:generateDebugRFile UP-TO-DATE
[        ] Caching disabled for task ':path_provider_android:generateDebugRFile' because:
[        ]   Build cache is disabled
[        ] Skipping task ':path_provider_android:generateDebugRFile' as it is up-to-date.
[        ] work action resolve package-aware-r.txt (project :path_provider_android) (Thread[#40126,Execution worker Thread 20,5,main]) started.
[        ] Resolve mutations for :quill_native_bridge_android:compileDebugLibraryResources (Thread[#40126,Execution worker Thread 20,5,main]) started.
[        ] :quill_native_bridge_android:compileDebugLibraryResources (Thread[#40126,Execution worker Thread 20,5,main]) started.
[        ] > Task :quill_native_bridge_android:compileDebugLibraryResources UP-TO-DATE
[        ] Caching disabled for task ':quill_native_bridge_android:compileDebugLibraryResources' because:
[        ]   Build cache is disabled
[        ] Skipping task ':quill_native_bridge_android:compileDebugLibraryResources' as it is up-to-date.
[        ] work action resolve out (project :quill_native_bridge_android) (Thread[#40126,Execution worker Thread 20,5,main]) started.
[        ] Resolve mutations for :quill_native_bridge_android:parseDebugLocalResources (Thread[#40126,Execution worker Thread 20,5,main]) started.
[        ] :quill_native_bridge_android:parseDebugLocalResources (Thread[#40126,Execution worker Thread 20,5,main]) started.
[        ] > Task :quill_native_bridge_android:parseDebugLocalResources UP-TO-DATE
[        ] Caching disabled for task ':quill_native_bridge_android:parseDebugLocalResources' because:
[        ]   Build cache is disabled
[        ] Skipping task ':quill_native_bridge_android:parseDebugLocalResources' as it is up-to-date.
[        ] Resolve mutations for :quill_native_bridge_android:generateDebugRFile (Thread[#40126,Execution worker Thread 20,5,main]) started.
[        ] :quill_native_bridge_android:generateDebugRFile (Thread[#40126,Execution worker Thread 20,5,main]) started.
[        ] > Task :quill_native_bridge_android:generateDebugRFile UP-TO-DATE
[        ] Caching disabled for task ':quill_native_bridge_android:generateDebugRFile' because:
[        ]   Build cache is disabled
[        ] Skipping task ':quill_native_bridge_android:generateDebugRFile' as it is up-to-date.
[        ] work action resolve package-aware-r.txt (project :quill_native_bridge_android) (Thread[#40126,Execution worker Thread 20,5,main]) started.
[        ] Resolve mutations for :shared_preferences_android:compileDebugLibraryResources (Thread[#40126,Execution worker Thread 20,5,main]) started.
[        ] :shared_preferences_android:compileDebugLibraryResources (Thread[#40126,Execution worker Thread 20,5,main]) started.
[        ] > Task :shared_preferences_android:compileDebugLibraryResources UP-TO-DATE
[        ] Caching disabled for task ':shared_preferences_android:compileDebugLibraryResources' because:
[        ]   Build cache is disabled
[        ] Skipping task ':shared_preferences_android:compileDebugLibraryResources' as it is up-to-date.
[        ] work action resolve out (project :shared_preferences_android) (Thread[#40126,Execution worker Thread 20,5,main]) started.
[        ] Resolve mutations for :shared_preferences_android:parseDebugLocalResources (Thread[#40126,Execution worker Thread 20,5,main]) started.
[        ] :shared_preferences_android:parseDebugLocalResources (Thread[#40126,Execution worker Thread 20,5,main]) started.
[        ] > Task :shared_preferences_android:parseDebugLocalResources UP-TO-DATE
[        ] Caching disabled for task ':shared_preferences_android:parseDebugLocalResources' because:
[        ]   Build cache is disabled
[        ] Skipping task ':shared_preferences_android:parseDebugLocalResources' as it is up-to-date.
[        ] Resolve mutations for :shared_preferences_android:generateDebugRFile (Thread[#40126,Execution worker Thread 20,5,main]) started.
[        ] :shared_preferences_android:generateDebugRFile (Thread[#40126,Execution worker Thread 20,5,main]) started.
[        ] > Task :shared_preferences_android:generateDebugRFile UP-TO-DATE
[        ] Caching disabled for task ':shared_preferences_android:generateDebugRFile' because:
[        ]   Build cache is disabled
[        ] Skipping task ':shared_preferences_android:generateDebugRFile' as it is up-to-date.
[        ] work action resolve package-aware-r.txt (project :shared_preferences_android) (Thread[#40126,Execution worker Thread 20,5,main]) started.
[        ] Resolve mutations for :sqflite_android:compileDebugLibraryResources (Thread[#40126,Execution worker Thread 20,5,main]) started.
[        ] :sqflite_android:compileDebugLibraryResources (Thread[#40126,Execution worker Thread 20,5,main]) started.
[        ] > Task :sqflite_android:compileDebugLibraryResources UP-TO-DATE
[        ] Caching disabled for task ':sqflite_android:compileDebugLibraryResources' because:
[        ]   Build cache is disabled
[        ] Skipping task ':sqflite_android:compileDebugLibraryResources' as it is up-to-date.
[        ] work action resolve out (project :sqflite_android) (Thread[#40126,Execution worker Thread 20,5,main]) started.
[        ] Resolve mutations for :sqflite_android:parseDebugLocalResources (Thread[#40126,Execution worker Thread 20,5,main]) started.
[        ] :sqflite_android:parseDebugLocalResources (Thread[#40126,Execution worker Thread 20,5,main]) started.
[        ] > Task :sqflite_android:parseDebugLocalResources UP-TO-DATE
[        ] Caching disabled for task ':sqflite_android:parseDebugLocalResources' because:
[        ]   Build cache is disabled
[        ] Skipping task ':sqflite_android:parseDebugLocalResources' as it is up-to-date.
[        ] Resolve mutations for :sqflite_android:generateDebugRFile (Thread[#40126,Execution worker Thread 20,5,main]) started.
[        ] :sqflite_android:generateDebugRFile (Thread[#40126,Execution worker Thread 20,5,main]) started.
[        ] > Task :sqflite_android:generateDebugRFile UP-TO-DATE
[        ] Caching disabled for task ':sqflite_android:generateDebugRFile' because:
[        ]   Build cache is disabled
[        ] Skipping task ':sqflite_android:generateDebugRFile' as it is up-to-date.
[        ] work action resolve package-aware-r.txt (project :sqflite_android) (Thread[#40126,Execution worker Thread 20,5,main]) started.
[        ] Resolve mutations for :url_launcher_android:compileDebugLibraryResources (Thread[#40126,Execution worker Thread 20,5,main]) started.
[        ] :url_launcher_android:compileDebugLibraryResources (Thread[#40126,Execution worker Thread 20,5,main]) started.
[        ] > Task :url_launcher_android:compileDebugLibraryResources UP-TO-DATE
[        ] Caching disabled for task ':url_launcher_android:compileDebugLibraryResources' because:
[        ]   Build cache is disabled
[        ] Skipping task ':url_launcher_android:compileDebugLibraryResources' as it is up-to-date.
[        ] work action resolve out (project :url_launcher_android) (Thread[#40126,Execution worker Thread 20,5,main]) started.
[        ] Resolve mutations for :url_launcher_android:parseDebugLocalResources (Thread[#40126,Execution worker Thread 20,5,main]) started.
[        ] :url_launcher_android:parseDebugLocalResources (Thread[#40126,Execution worker Thread 20,5,main]) started.
[        ] > Task :url_launcher_android:parseDebugLocalResources UP-TO-DATE
[        ] Caching disabled for task ':url_launcher_android:parseDebugLocalResources' because:
[        ]   Build cache is disabled
[        ] Skipping task ':url_launcher_android:parseDebugLocalResources' as it is up-to-date.
[        ] Resolve mutations for :url_launcher_android:generateDebugRFile (Thread[#40126,Execution worker Thread 20,5,main]) started.
[        ] :url_launcher_android:generateDebugRFile (Thread[#40126,Execution worker Thread 20,5,main]) started.
[        ] > Task :url_launcher_android:generateDebugRFile UP-TO-DATE
[        ] Caching disabled for task ':url_launcher_android:generateDebugRFile' because:
[        ]   Build cache is disabled
[        ] Skipping task ':url_launcher_android:generateDebugRFile' as it is up-to-date.
[        ] work action resolve package-aware-r.txt (project :url_launcher_android) (Thread[#40126,Execution worker Thread 20,5,main]) started.
[        ] Resolve mutations for :video_player_android:compileDebugLibraryResources (Thread[#40126,Execution worker Thread 20,5,main]) started.
[        ] :video_player_android:compileDebugLibraryResources (Thread[#40126,Execution worker Thread 20,5,main]) started.
[        ] > Task :video_player_android:compileDebugLibraryResources UP-TO-DATE
[        ] Caching disabled for task ':video_player_android:compileDebugLibraryResources' because:
[        ]   Build cache is disabled
[        ] Skipping task ':video_player_android:compileDebugLibraryResources' as it is up-to-date.
[        ] work action resolve out (project :video_player_android) (Thread[#40126,Execution worker Thread 20,5,main]) started.
[        ] Resolve mutations for :video_player_android:parseDebugLocalResources (Thread[#40126,Execution worker Thread 20,5,main]) started.
[        ] :video_player_android:parseDebugLocalResources (Thread[#40126,Execution worker Thread 20,5,main]) started.
[        ] > Task :video_player_android:parseDebugLocalResources UP-TO-DATE
[        ] Caching disabled for task ':video_player_android:parseDebugLocalResources' because:
[        ]   Build cache is disabled
[        ] Skipping task ':video_player_android:parseDebugLocalResources' as it is up-to-date.
[        ] Resolve mutations for :video_player_android:generateDebugRFile (Thread[#40126,Execution worker Thread 20,5,main]) started.
[        ] :video_player_android:generateDebugRFile (Thread[#40126,Execution worker Thread 20,5,main]) started.
[        ] > Task :video_player_android:generateDebugRFile UP-TO-DATE
[        ] Caching disabled for task ':video_player_android:generateDebugRFile' because:
[        ]   Build cache is disabled
[        ] Skipping task ':video_player_android:generateDebugRFile' as it is up-to-date.
[        ] work action resolve package-aware-r.txt (project :video_player_android) (Thread[#40126,Execution worker Thread 20,5,main]) started.
[        ] Resolve mutations for :app:processDebugResources (Thread[#40126,Execution worker Thread 20,5,main]) started.
[        ] :app:processDebugResources (Thread[#40126,Execution worker Thread 20,5,main]) started.
[        ] > Task :app:processDebugResources UP-TO-DATE
[        ] Caching disabled for task ':app:processDebugResources' because:
[        ]   Build cache is disabled
[        ] Skipping task ':app:processDebugResources' as it is up-to-date.
[        ] Resolve mutations for :connectivity_plus:javaPreCompileDebug (Thread[#40126,Execution worker Thread 20,5,main]) started.
[        ] :connectivity_plus:javaPreCompileDebug (Thread[#40126,Execution worker Thread 20,5,main]) started.
[        ] > Task :connectivity_plus:javaPreCompileDebug UP-TO-DATE
[        ] Caching disabled for task ':connectivity_plus:javaPreCompileDebug' because:
[        ]   Build cache is disabled
[        ] Skipping task ':connectivity_plus:javaPreCompileDebug' as it is up-to-date.
[        ] Resolve mutations for :connectivity_plus:compileDebugJavaWithJavac (Thread[#40126,Execution worker Thread 20,5,main]) started.
[        ] :connectivity_plus:compileDebugJavaWithJavac (Thread[#40126,Execution worker Thread 20,5,main]) started.
[        ] > Task :connectivity_plus:compileDebugJavaWithJavac UP-TO-DATE
[        ] Custom actions are attached to task ':connectivity_plus:compileDebugJavaWithJavac'.
[        ] Caching disabled for task ':connectivity_plus:compileDebugJavaWithJavac' because:
[        ]   Build cache is disabled
[        ] Skipping task ':connectivity_plus:compileDebugJavaWithJavac' as it is up-to-date.
[        ] No compile result for :connectivity_plus:compileDebugJavaWithJavac
[        ] No compile result for :connectivity_plus:compileDebugJavaWithJavac
[        ] Resolve mutations for :connectivity_plus:bundleLibCompileToJarDebug (Thread[#40126,Execution worker Thread 20,5,main]) started.
[        ] :connectivity_plus:bundleLibCompileToJarDebug (Thread[#40126,Execution worker Thread 20,5,main]) started.
[        ] > Task :connectivity_plus:bundleLibCompileToJarDebug UP-TO-DATE
[        ] Caching disabled for task ':connectivity_plus:bundleLibCompileToJarDebug' because:
[        ]   Build cache is disabled
[        ]   Simple merging task
[        ] Skipping task ':connectivity_plus:bundleLibCompileToJarDebug' as it is up-to-date.
[        ] work action resolve classes.jar (project :connectivity_plus) (Thread[#40126,Execution worker Thread 20,5,main]) started.
[        ] Resolve mutations for :emoji_picker_flutter:checkKotlinGradlePluginConfigurationErrors (Thread[#40126,Execution worker Thread 20,5,main]) started.
[        ] :emoji_picker_flutter:checkKotlinGradlePluginConfigurationErrors (Thread[#40126,Execution worker Thread 20,5,main]) started.
[        ] > Task :emoji_picker_flutter:checkKotlinGradlePluginConfigurationErrors SKIPPED
[        ] Skipping task ':emoji_picker_flutter:checkKotlinGradlePluginConfigurationErrors' as task onlyIf 'errorDiagnostics are present' is false.
[        ] Resolve mutations for :emoji_picker_flutter:compileDebugKotlin (Thread[#40126,Execution worker Thread 20,5,main]) started.
[        ] :emoji_picker_flutter:compileDebugKotlin (Thread[#40126,Execution worker Thread 20,5,main]) started.
[        ] > Task :emoji_picker_flutter:compileDebugKotlin UP-TO-DATE
[        ] Adding -Xuse-inline-scopes-numbers Kotlin compiler flag for task :emoji_picker_flutter:compileDebugAndroidTestKotlin
[        ] Caching disabled for task ':emoji_picker_flutter:compileDebugKotlin' because:
[        ]   Build cache is disabled
[        ] Skipping task ':emoji_picker_flutter:compileDebugKotlin' as it is up-to-date.
[        ] Resolve mutations for :emoji_picker_flutter:javaPreCompileDebug (Thread[#40126,Execution worker Thread 20,5,main]) started.
[        ] :emoji_picker_flutter:javaPreCompileDebug (Thread[#40126,Execution worker Thread 20,5,main]) started.
[        ] > Task :emoji_picker_flutter:javaPreCompileDebug UP-TO-DATE
[        ] Caching disabled for task ':emoji_picker_flutter:javaPreCompileDebug' because:
[        ]   Build cache is disabled
[        ] Skipping task ':emoji_picker_flutter:javaPreCompileDebug' as it is up-to-date.
[        ] Resolve mutations for :emoji_picker_flutter:compileDebugJavaWithJavac (Thread[#40126,Execution worker Thread 20,5,main]) started.
[        ] :emoji_picker_flutter:compileDebugJavaWithJavac (Thread[#40126,Execution worker Thread 20,5,main]) started.
[        ] > Task :emoji_picker_flutter:compileDebugJavaWithJavac NO-SOURCE
[        ] Skipping task ':emoji_picker_flutter:compileDebugJavaWithJavac' as it has no source files and no previous output files.
[        ] Resolve mutations for :emoji_picker_flutter:bundleLibCompileToJarDebug (Thread[#40126,Execution worker Thread 20,5,main]) started.
[        ] :emoji_picker_flutter:bundleLibCompileToJarDebug (Thread[#40126,Execution worker Thread 20,5,main]) started.
[        ] > Task :emoji_picker_flutter:bundleLibCompileToJarDebug UP-TO-DATE
[        ] Caching disabled for task ':emoji_picker_flutter:bundleLibCompileToJarDebug' because:
[        ]   Build cache is disabled
[        ]   Simple merging task
[        ] Skipping task ':emoji_picker_flutter:bundleLibCompileToJarDebug' as it is up-to-date.
[        ] work action resolve classes.jar (project :emoji_picker_flutter) (Thread[#40126,Execution worker Thread 20,5,main]) started.
[        ] Resolve mutations for :file_selector_android:javaPreCompileDebug (Thread[#40126,Execution worker Thread 20,5,main]) started.
[        ] :file_selector_android:javaPreCompileDebug (Thread[#40126,Execution worker Thread 20,5,main]) started.
[        ] > Task :file_selector_android:javaPreCompileDebug UP-TO-DATE
[        ] Caching disabled for task ':file_selector_android:javaPreCompileDebug' because:
[        ]   Build cache is disabled
[        ] Skipping task ':file_selector_android:javaPreCompileDebug' as it is up-to-date.
[        ] Resolve mutations for :file_selector_android:compileDebugJavaWithJavac (Thread[#40126,Execution worker Thread 20,5,main]) started.
[        ] :file_selector_android:compileDebugJavaWithJavac (Thread[#40126,Execution worker Thread 20,5,main]) started.
[        ] > Task :file_selector_android:compileDebugJavaWithJavac UP-TO-DATE
[        ] Custom actions are attached to task ':file_selector_android:compileDebugJavaWithJavac'.
[        ] Caching disabled for task ':file_selector_android:compileDebugJavaWithJavac' because:
[        ]   Build cache is disabled
[        ] Skipping task ':file_selector_android:compileDebugJavaWithJavac' as it is up-to-date.
[        ] No compile result for :file_selector_android:compileDebugJavaWithJavac
[        ] No compile result for :file_selector_android:compileDebugJavaWithJavac
[        ] Resolve mutations for :file_selector_android:bundleLibCompileToJarDebug (Thread[#40126,Execution worker Thread 20,5,main]) started.
[        ] :file_selector_android:bundleLibCompileToJarDebug (Thread[#40126,Execution worker Thread 20,5,main]) started.
[        ] > Task :file_selector_android:bundleLibCompileToJarDebug UP-TO-DATE
[        ] Caching disabled for task ':file_selector_android:bundleLibCompileToJarDebug' because:
[        ]   Build cache is disabled
[        ]   Simple merging task
[        ] Skipping task ':file_selector_android:bundleLibCompileToJarDebug' as it is up-to-date.
[        ] work action resolve classes.jar (project :file_selector_android) (Thread[#40126,Execution worker Thread 20,5,main]) started.
[        ] Resolve mutations for :flutter_keyboard_visibility_temp_fork:javaPreCompileDebug (Thread[#40126,Execution worker Thread 20,5,main]) started.
[        ] :flutter_keyboard_visibility_temp_fork:javaPreCompileDebug (Thread[#40126,Execution worker Thread 20,5,main]) started.
[        ] > Task :flutter_keyboard_visibility_temp_fork:javaPreCompileDebug UP-TO-DATE
[        ] Caching disabled for task ':flutter_keyboard_visibility_temp_fork:javaPreCompileDebug' because:
[        ]   Build cache is disabled
[        ] Skipping task ':flutter_keyboard_visibility_temp_fork:javaPreCompileDebug' as it is up-to-date.
[        ] Resolve mutations for :flutter_keyboard_visibility_temp_fork:compileDebugJavaWithJavac (Thread[#40126,Execution worker Thread 20,5,main]) started.
[        ] :flutter_keyboard_visibility_temp_fork:compileDebugJavaWithJavac (Thread[#40126,Execution worker Thread 20,5,main]) started.
[        ] > Task :flutter_keyboard_visibility_temp_fork:compileDebugJavaWithJavac UP-TO-DATE
[        ] Custom actions are attached to task ':flutter_keyboard_visibility_temp_fork:compileDebugJavaWithJavac'.
[        ] Caching disabled for task ':flutter_keyboard_visibility_temp_fork:compileDebugJavaWithJavac' because:
[        ]   Build cache is disabled
[        ] Skipping task ':flutter_keyboard_visibility_temp_fork:compileDebugJavaWithJavac' as it is up-to-date.
[        ] No compile result for :flutter_keyboard_visibility_temp_fork:compileDebugJavaWithJavac
[        ] No compile result for :flutter_keyboard_visibility_temp_fork:compileDebugJavaWithJavac
[        ] Resolve mutations for :flutter_keyboard_visibility_temp_fork:bundleLibCompileToJarDebug (Thread[#40126,Execution worker Thread 20,5,main]) started.
[        ] :flutter_keyboard_visibility_temp_fork:bundleLibCompileToJarDebug (Thread[#40126,Execution worker Thread 20,5,main]) started.
[        ] > Task :flutter_keyboard_visibility_temp_fork:bundleLibCompileToJarDebug UP-TO-DATE
[        ] Caching disabled for task ':flutter_keyboard_visibility_temp_fork:bundleLibCompileToJarDebug' because:
[        ]   Build cache is disabled
[        ]   Simple merging task
[        ] Skipping task ':flutter_keyboard_visibility_temp_fork:bundleLibCompileToJarDebug' as it is up-to-date.
[        ] work action resolve classes.jar (project :flutter_keyboard_visibility_temp_fork) (Thread[#40126,Execution worker Thread 20,5,main]) started.
[        ] Resolve mutations for :flutter_native_splash:javaPreCompileDebug (Thread[#40126,Execution worker Thread 20,5,main]) started.
[        ] :flutter_native_splash:javaPreCompileDebug (Thread[#40126,Execution worker Thread 20,5,main]) started.
[        ] > Task :flutter_native_splash:javaPreCompileDebug UP-TO-DATE
[        ] Caching disabled for task ':flutter_native_splash:javaPreCompileDebug' because:
[        ]   Build cache is disabled
[        ] Skipping task ':flutter_native_splash:javaPreCompileDebug' as it is up-to-date.
[        ] Resolve mutations for :flutter_native_splash:compileDebugJavaWithJavac (Thread[#40126,Execution worker Thread 20,5,main]) started.
[        ] :flutter_native_splash:compileDebugJavaWithJavac (Thread[#40126,Execution worker Thread 20,5,main]) started.
[        ] > Task :flutter_native_splash:compileDebugJavaWithJavac UP-TO-DATE
[        ] Custom actions are attached to task ':flutter_native_splash:compileDebugJavaWithJavac'.
[        ] Caching disabled for task ':flutter_native_splash:compileDebugJavaWithJavac' because:
[        ]   Build cache is disabled
[        ] Skipping task ':flutter_native_splash:compileDebugJavaWithJavac' as it is up-to-date.
[        ] No compile result for :flutter_native_splash:compileDebugJavaWithJavac
[        ] No compile result for :flutter_native_splash:compileDebugJavaWithJavac
[        ] Resolve mutations for :flutter_native_splash:bundleLibCompileToJarDebug (Thread[#40126,Execution worker Thread 20,5,main]) started.
[        ] :flutter_native_splash:bundleLibCompileToJarDebug (Thread[#40126,Execution worker Thread 20,5,main]) started.
[        ] > Task :flutter_native_splash:bundleLibCompileToJarDebug UP-TO-DATE
[        ] Caching disabled for task ':flutter_native_splash:bundleLibCompileToJarDebug' because:
[        ]   Build cache is disabled
[        ]   Simple merging task
[        ] Skipping task ':flutter_native_splash:bundleLibCompileToJarDebug' as it is up-to-date.
[        ] work action resolve classes.jar (project :flutter_native_splash) (Thread[#40126,Execution worker Thread 20,5,main]) started.
[        ] Resolve mutations for :flutter_olm:checkKotlinGradlePluginConfigurationErrors (Thread[#40126,Execution worker Thread 20,5,main]) started.
[        ] :flutter_olm:checkKotlinGradlePluginConfigurationErrors (Thread[#40126,Execution worker Thread 20,5,main]) started.
[        ] > Task :flutter_olm:checkKotlinGradlePluginConfigurationErrors SKIPPED
[        ] Skipping task ':flutter_olm:checkKotlinGradlePluginConfigurationErrors' as task onlyIf 'errorDiagnostics are present' is false.
[        ] Resolve mutations for :flutter_olm:compileDebugKotlin (Thread[#40126,Execution worker Thread 20,5,main]) started.
[        ] :flutter_olm:compileDebugKotlin (Thread[#40126,Execution worker Thread 20,5,main]) started.
[        ] > Task :flutter_olm:compileDebugKotlin UP-TO-DATE
[        ] Adding -Xuse-inline-scopes-numbers Kotlin compiler flag for task :flutter_olm:compileDebugAndroidTestKotlin
[        ] Caching disabled for task ':flutter_olm:compileDebugKotlin' because:
[        ]   Build cache is disabled
[        ] Skipping task ':flutter_olm:compileDebugKotlin' as it is up-to-date.
[        ] Resolve mutations for :flutter_olm:javaPreCompileDebug (Thread[#40126,Execution worker Thread 20,5,main]) started.
[        ] :flutter_olm:javaPreCompileDebug (Thread[#40126,Execution worker Thread 20,5,main]) started.
[        ] > Task :flutter_olm:javaPreCompileDebug UP-TO-DATE
[        ] Caching disabled for task ':flutter_olm:javaPreCompileDebug' because:
[        ]   Build cache is disabled
[        ] Skipping task ':flutter_olm:javaPreCompileDebug' as it is up-to-date.
[        ] Resolve mutations for :flutter_olm:compileDebugJavaWithJavac (Thread[#40126,Execution worker Thread 20,5,main]) started.
[        ] :flutter_olm:compileDebugJavaWithJavac (Thread[#40126,Execution worker Thread 20,5,main]) started.
[        ] > Task :flutter_olm:compileDebugJavaWithJavac NO-SOURCE
[        ] Skipping task ':flutter_olm:compileDebugJavaWithJavac' as it has no source files and no previous output files.
[        ] Resolve mutations for :flutter_olm:bundleLibCompileToJarDebug (Thread[#40126,Execution worker Thread 20,5,main]) started.
[        ] :flutter_olm:bundleLibCompileToJarDebug (Thread[#40126,Execution worker Thread 20,5,main]) started.
[        ] > Task :flutter_olm:bundleLibCompileToJarDebug UP-TO-DATE
[        ] Caching disabled for task ':flutter_olm:bundleLibCompileToJarDebug' because:
[        ]   Build cache is disabled
[        ]   Simple merging task
[        ] Skipping task ':flutter_olm:bundleLibCompileToJarDebug' as it is up-to-date.
[        ] work action resolve classes.jar (project :flutter_olm) (Thread[#40126,Execution worker Thread 20,5,main]) started.
[        ] Resolve mutations for :flutter_openssl_crypto:checkKotlinGradlePluginConfigurationErrors (Thread[#40126,Execution worker Thread 20,5,main]) started.
[        ] :flutter_openssl_crypto:checkKotlinGradlePluginConfigurationErrors (Thread[#40126,Execution worker Thread 20,5,main]) started.
[        ] > Task :flutter_openssl_crypto:checkKotlinGradlePluginConfigurationErrors SKIPPED
[        ] Skipping task ':flutter_openssl_crypto:checkKotlinGradlePluginConfigurationErrors' as task onlyIf 'errorDiagnostics are present' is false.
[        ] Resolve mutations for :flutter_openssl_crypto:compileDebugKotlin (Thread[#40126,Execution worker Thread 20,5,main]) started.
[        ] :flutter_openssl_crypto:compileDebugKotlin (Thread[#40126,Execution worker Thread 20,5,main]) started.
[        ] > Task :flutter_openssl_crypto:compileDebugKotlin UP-TO-DATE
[        ] Adding -Xuse-inline-scopes-numbers Kotlin compiler flag for task :flutter_openssl_crypto:compileDebugAndroidTestKotlin
[        ] Caching disabled for task ':flutter_openssl_crypto:compileDebugKotlin' because:
[        ]   Build cache is disabled
[        ] Skipping task ':flutter_openssl_crypto:compileDebugKotlin' as it is up-to-date.
[        ] Resolve mutations for :flutter_openssl_crypto:javaPreCompileDebug (Thread[#40126,Execution worker Thread 20,5,main]) started.
[        ] :flutter_openssl_crypto:javaPreCompileDebug (Thread[#40126,Execution worker Thread 20,5,main]) started.
[        ] > Task :flutter_openssl_crypto:javaPreCompileDebug UP-TO-DATE
[        ] Caching disabled for task ':flutter_openssl_crypto:javaPreCompileDebug' because:
[        ]   Build cache is disabled
[        ] Skipping task ':flutter_openssl_crypto:javaPreCompileDebug' as it is up-to-date.
[        ] Resolve mutations for :flutter_openssl_crypto:compileDebugJavaWithJavac (Thread[#40126,Execution worker Thread 20,5,main]) started.
[        ] :flutter_openssl_crypto:compileDebugJavaWithJavac (Thread[#40126,Execution worker Thread 20,5,main]) started.
[        ] > Task :flutter_openssl_crypto:compileDebugJavaWithJavac NO-SOURCE
[        ] Skipping task ':flutter_openssl_crypto:compileDebugJavaWithJavac' as it has no source files and no previous output files.
[        ] Resolve mutations for :flutter_openssl_crypto:bundleLibCompileToJarDebug (Thread[#40126,Execution worker Thread 20,5,main]) started.
[        ] :flutter_openssl_crypto:bundleLibCompileToJarDebug (Thread[#40126,Execution worker Thread 20,5,main]) started.
[        ] > Task :flutter_openssl_crypto:bundleLibCompileToJarDebug UP-TO-DATE
[        ] Caching disabled for task ':flutter_openssl_crypto:bundleLibCompileToJarDebug' because:
[        ]   Build cache is disabled
[        ]   Simple merging task
[        ] Skipping task ':flutter_openssl_crypto:bundleLibCompileToJarDebug' as it is up-to-date.
[        ] work action resolve classes.jar (project :flutter_openssl_crypto) (Thread[#40126,Execution worker Thread 20,5,main]) started.
[        ] Resolve mutations for :integration_test:javaPreCompileDebug (Thread[#40126,Execution worker Thread 20,5,main]) started.
[        ] :integration_test:javaPreCompileDebug (Thread[#40126,Execution worker Thread 20,5,main]) started.
[        ] > Task :integration_test:javaPreCompileDebug UP-TO-DATE
[        ] Caching disabled for task ':integration_test:javaPreCompileDebug' because:
[        ]   Build cache is disabled
[        ] Skipping task ':integration_test:javaPreCompileDebug' as it is up-to-date.
[        ] Resolve mutations for :integration_test:compileDebugJavaWithJavac (Thread[#40126,Execution worker Thread 20,5,main]) started.
[        ] :integration_test:compileDebugJavaWithJavac (Thread[#40126,Execution worker Thread 20,5,main]) started.
[  +90 ms] > Task :integration_test:compileDebugJavaWithJavac UP-TO-DATE
[        ] Custom actions are attached to task ':integration_test:compileDebugJavaWithJavac'.
[        ] Caching disabled for task ':integration_test:compileDebugJavaWithJavac' because:
[        ]   Build cache is disabled
[        ] Skipping task ':integration_test:compileDebugJavaWithJavac' as it is up-to-date.
[        ] No compile result for :integration_test:compileDebugJavaWithJavac
[        ] No compile result for :integration_test:compileDebugJavaWithJavac
[        ] Resolve mutations for :integration_test:bundleLibCompileToJarDebug (Thread[#40126,Execution worker Thread 20,5,main]) started.
[        ] :integration_test:bundleLibCompileToJarDebug (Thread[#40126,Execution worker Thread 20,5,main]) started.
[        ] > Task :integration_test:bundleLibCompileToJarDebug UP-TO-DATE
[        ] Caching disabled for task ':integration_test:bundleLibCompileToJarDebug' because:
[        ]   Build cache is disabled
[        ]   Simple merging task
[        ] Skipping task ':integration_test:bundleLibCompileToJarDebug' as it is up-to-date.
[        ] work action resolve classes.jar (project :integration_test) (Thread[#40126,Execution worker Thread 20,5,main]) started.
[        ] Resolve mutations for :path_provider_android:javaPreCompileDebug (Thread[#40126,Execution worker Thread 20,5,main]) started.
[        ] :path_provider_android:javaPreCompileDebug (Thread[#40126,Execution worker Thread 20,5,main]) started.
[        ] > Task :path_provider_android:javaPreCompileDebug UP-TO-DATE
[        ] Caching disabled for task ':path_provider_android:javaPreCompileDebug' because:
[        ]   Build cache is disabled
[        ] Skipping task ':path_provider_android:javaPreCompileDebug' as it is up-to-date.
[        ] Resolve mutations for :path_provider_android:compileDebugJavaWithJavac (Thread[#40126,Execution worker Thread 20,5,main]) started.
[        ] :path_provider_android:compileDebugJavaWithJavac (Thread[#40126,Execution worker Thread 20,5,main]) started.
[        ] > Task :path_provider_android:compileDebugJavaWithJavac UP-TO-DATE
[        ] Custom actions are attached to task ':path_provider_android:compileDebugJavaWithJavac'.
[        ] Caching disabled for task ':path_provider_android:compileDebugJavaWithJavac' because:
[        ]   Build cache is disabled
[        ] Skipping task ':path_provider_android:compileDebugJavaWithJavac' as it is up-to-date.
[        ] No compile result for :path_provider_android:compileDebugJavaWithJavac
[        ] No compile result for :path_provider_android:compileDebugJavaWithJavac
[        ] Resolve mutations for :path_provider_android:bundleLibCompileToJarDebug (Thread[#40126,Execution worker Thread 20,5,main]) started.
[        ] :path_provider_android:bundleLibCompileToJarDebug (Thread[#40126,Execution worker Thread 20,5,main]) started.
[        ] > Task :path_provider_android:bundleLibCompileToJarDebug UP-TO-DATE
[        ] Caching disabled for task ':path_provider_android:bundleLibCompileToJarDebug' because:
[        ]   Build cache is disabled
[        ]   Simple merging task
[        ] Skipping task ':path_provider_android:bundleLibCompileToJarDebug' as it is up-to-date.
[        ] work action resolve classes.jar (project :path_provider_android) (Thread[#40126,Execution worker Thread 20,5,main]) started.
[        ] Resolve mutations for :quill_native_bridge_android:checkKotlinGradlePluginConfigurationErrors (Thread[#40126,Execution worker Thread 20,5,main]) started.
[        ] :quill_native_bridge_android:checkKotlinGradlePluginConfigurationErrors (Thread[#40126,Execution worker Thread 20,5,main]) started.
[        ] > Task :quill_native_bridge_android:checkKotlinGradlePluginConfigurationErrors SKIPPED
[        ] Skipping task ':quill_native_bridge_android:checkKotlinGradlePluginConfigurationErrors' as task onlyIf 'errorDiagnostics are present' is false.
[        ] Resolve mutations for :quill_native_bridge_android:compileDebugKotlin (Thread[#40126,Execution worker Thread 20,5,main]) started.
[        ] :quill_native_bridge_android:compileDebugKotlin (Thread[#40126,Execution worker Thread 20,5,main]) started.
[        ] > Task :quill_native_bridge_android:compileDebugKotlin UP-TO-DATE
[        ] Adding -Xuse-inline-scopes-numbers Kotlin compiler flag for task :quill_native_bridge_android:compileDebugAndroidTestKotlin
[        ] Caching disabled for task ':quill_native_bridge_android:compileDebugKotlin' because:
[        ]   Build cache is disabled
[        ] Skipping task ':quill_native_bridge_android:compileDebugKotlin' as it is up-to-date.
[        ] Resolve mutations for :quill_native_bridge_android:javaPreCompileDebug (Thread[#40126,Execution worker Thread 20,5,main]) started.
[        ] :quill_native_bridge_android:javaPreCompileDebug (Thread[#40126,Execution worker Thread 20,5,main]) started.
[        ] > Task :quill_native_bridge_android:javaPreCompileDebug UP-TO-DATE
[        ] Caching disabled for task ':quill_native_bridge_android:javaPreCompileDebug' because:
[        ]   Build cache is disabled
[        ] Skipping task ':quill_native_bridge_android:javaPreCompileDebug' as it is up-to-date.
[        ] Resolve mutations for :quill_native_bridge_android:compileDebugJavaWithJavac (Thread[#40126,Execution worker Thread 20,5,main]) started.
[        ] :quill_native_bridge_android:compileDebugJavaWithJavac (Thread[#40126,Execution worker Thread 20,5,main]) started.
[        ] > Task :quill_native_bridge_android:compileDebugJavaWithJavac NO-SOURCE
[        ] Skipping task ':quill_native_bridge_android:compileDebugJavaWithJavac' as it has no source files and no previous output files.
[        ] Resolve mutations for :quill_native_bridge_android:bundleLibCompileToJarDebug (Thread[#40126,Execution worker Thread 20,5,main]) started.
[        ] :quill_native_bridge_android:bundleLibCompileToJarDebug (Thread[#40126,Execution worker Thread 20,5,main]) started.
[        ] > Task :quill_native_bridge_android:bundleLibCompileToJarDebug UP-TO-DATE
[        ] Caching disabled for task ':quill_native_bridge_android:bundleLibCompileToJarDebug' because:
[        ]   Build cache is disabled
[        ]   Simple merging task
[        ] Skipping task ':quill_native_bridge_android:bundleLibCompileToJarDebug' as it is up-to-date.
[        ] work action resolve classes.jar (project :quill_native_bridge_android) (Thread[#40126,Execution worker Thread 20,5,main]) started.
[        ] Resolve mutations for :shared_preferences_android:checkKotlinGradlePluginConfigurationErrors (Thread[#40126,Execution worker Thread 20,5,main]) started.
[        ] :shared_preferences_android:checkKotlinGradlePluginConfigurationErrors (Thread[#40126,Execution worker Thread 20,5,main]) started.
[        ] > Task :shared_preferences_android:checkKotlinGradlePluginConfigurationErrors SKIPPED
[        ] Skipping task ':shared_preferences_android:checkKotlinGradlePluginConfigurationErrors' as task onlyIf 'errorDiagnostics are present' is false.
[        ] Resolve mutations for :shared_preferences_android:compileDebugKotlin (Thread[#40126,Execution worker Thread 20,5,main]) started.
[        ] :shared_preferences_android:compileDebugKotlin (Thread[#40126,Execution worker Thread 20,5,main]) started.
[        ] > Task :shared_preferences_android:compileDebugKotlin UP-TO-DATE
[        ] Adding -Xuse-inline-scopes-numbers Kotlin compiler flag for task :shared_preferences_android:compileDebugAndroidTestKotlin
[        ] Caching disabled for task ':shared_preferences_android:compileDebugKotlin' because:
[        ]   Build cache is disabled
[        ] Skipping task ':shared_preferences_android:compileDebugKotlin' as it is up-to-date.
[        ] Resolve mutations for :shared_preferences_android:javaPreCompileDebug (Thread[#40126,Execution worker Thread 20,5,main]) started.
[        ] :shared_preferences_android:javaPreCompileDebug (Thread[#40126,Execution worker Thread 20,5,main]) started.
[        ] > Task :shared_preferences_android:javaPreCompileDebug UP-TO-DATE
[        ] Caching disabled for task ':shared_preferences_android:javaPreCompileDebug' because:
[        ]   Build cache is disabled
[        ] Skipping task ':shared_preferences_android:javaPreCompileDebug' as it is up-to-date.
[        ] Resolve mutations for :shared_preferences_android:compileDebugJavaWithJavac (Thread[#40126,Execution worker Thread 20,5,main]) started.
[        ] :shared_preferences_android:compileDebugJavaWithJavac (Thread[#40126,Execution worker Thread 20,5,main]) started.
[        ] > Task :shared_preferences_android:compileDebugJavaWithJavac UP-TO-DATE
[        ] Custom actions are attached to task ':shared_preferences_android:compileDebugJavaWithJavac'.
[        ] Caching disabled for task ':shared_preferences_android:compileDebugJavaWithJavac' because:
[        ]   Build cache is disabled
[        ] Skipping task ':shared_preferences_android:compileDebugJavaWithJavac' as it is up-to-date.
[        ] No compile result for :shared_preferences_android:compileDebugJavaWithJavac
[        ] No compile result for :shared_preferences_android:compileDebugJavaWithJavac
[        ] Resolve mutations for :shared_preferences_android:bundleLibCompileToJarDebug (Thread[#40126,Execution worker Thread 20,5,main]) started.
[        ] :shared_preferences_android:bundleLibCompileToJarDebug (Thread[#40126,Execution worker Thread 20,5,main]) started.
[        ] > Task :shared_preferences_android:bundleLibCompileToJarDebug UP-TO-DATE
[        ] Caching disabled for task ':shared_preferences_android:bundleLibCompileToJarDebug' because:
[        ]   Build cache is disabled
[        ]   Simple merging task
[        ] Skipping task ':shared_preferences_android:bundleLibCompileToJarDebug' as it is up-to-date.
[        ] work action resolve classes.jar (project :shared_preferences_android) (Thread[#40126,Execution worker Thread 20,5,main]) started.
[        ] Resolve mutations for :sqflite_android:javaPreCompileDebug (Thread[#40126,Execution worker Thread 20,5,main]) started.
[        ] :sqflite_android:javaPreCompileDebug (Thread[#40126,Execution worker Thread 20,5,main]) started.
[        ] > Task :sqflite_android:javaPreCompileDebug UP-TO-DATE
[        ] Caching disabled for task ':sqflite_android:javaPreCompileDebug' because:
[        ]   Build cache is disabled
[        ] Skipping task ':sqflite_android:javaPreCompileDebug' as it is up-to-date.
[        ] Resolve mutations for :sqflite_android:compileDebugJavaWithJavac (Thread[#40126,Execution worker Thread 20,5,main]) started.
[        ] :sqflite_android:compileDebugJavaWithJavac (Thread[#40126,Execution worker Thread 20,5,main]) started.
[        ] > Task :sqflite_android:compileDebugJavaWithJavac UP-TO-DATE
[        ] Custom actions are attached to task ':sqflite_android:compileDebugJavaWithJavac'.
[        ] Caching disabled for task ':sqflite_android:compileDebugJavaWithJavac' because:
[        ]   Build cache is disabled
[        ] Skipping task ':sqflite_android:compileDebugJavaWithJavac' as it is up-to-date.
[        ] No compile result for :sqflite_android:compileDebugJavaWithJavac
[        ] No compile result for :sqflite_android:compileDebugJavaWithJavac
[        ] Resolve mutations for :sqflite_android:bundleLibCompileToJarDebug (Thread[#40126,Execution worker Thread 20,5,main]) started.
[        ] :sqflite_android:bundleLibCompileToJarDebug (Thread[#40126,Execution worker Thread 20,5,main]) started.
[        ] > Task :sqflite_android:bundleLibCompileToJarDebug UP-TO-DATE
[        ] Caching disabled for task ':sqflite_android:bundleLibCompileToJarDebug' because:
[        ]   Build cache is disabled
[        ]   Simple merging task
[        ] Skipping task ':sqflite_android:bundleLibCompileToJarDebug' as it is up-to-date.
[        ] work action resolve classes.jar (project :sqflite_android) (Thread[#40126,Execution worker Thread 20,5,main]) started.
[        ] Resolve mutations for :url_launcher_android:generateDebugBuildConfig (Thread[#40126,Execution worker Thread 20,5,main]) started.
[        ] :url_launcher_android:generateDebugBuildConfig (Thread[#40126,Execution worker Thread 20,5,main]) started.
[        ] > Task :url_launcher_android:generateDebugBuildConfig UP-TO-DATE
[        ] Caching disabled for task ':url_launcher_android:generateDebugBuildConfig' because:
[        ]   Build cache is disabled
[        ] Skipping task ':url_launcher_android:generateDebugBuildConfig' as it is up-to-date.
[        ] Resolve mutations for :url_launcher_android:javaPreCompileDebug (Thread[#40126,Execution worker Thread 20,5,main]) started.
[        ] :url_launcher_android:javaPreCompileDebug (Thread[#40126,Execution worker Thread 20,5,main]) started.
[        ] > Task :url_launcher_android:javaPreCompileDebug UP-TO-DATE
[        ] Caching disabled for task ':url_launcher_android:javaPreCompileDebug' because:
[        ]   Build cache is disabled
[        ] Skipping task ':url_launcher_android:javaPreCompileDebug' as it is up-to-date.
[        ] Resolve mutations for :url_launcher_android:compileDebugJavaWithJavac (Thread[#40126,Execution worker Thread 20,5,main]) started.
[        ] :url_launcher_android:compileDebugJavaWithJavac (Thread[#40126,Execution worker Thread 20,5,main]) started.
[        ] > Task :url_launcher_android:compileDebugJavaWithJavac UP-TO-DATE
[        ] Custom actions are attached to task ':url_launcher_android:compileDebugJavaWithJavac'.
[        ] Caching disabled for task ':url_launcher_android:compileDebugJavaWithJavac' because:
[        ]   Build cache is disabled
[        ] Skipping task ':url_launcher_android:compileDebugJavaWithJavac' as it is up-to-date.
[        ] No compile result for :url_launcher_android:compileDebugJavaWithJavac
[        ] No compile result for :url_launcher_android:compileDebugJavaWithJavac
[        ] Resolve mutations for :url_launcher_android:bundleLibCompileToJarDebug (Thread[#40126,Execution worker Thread 20,5,main]) started.
[        ] :url_launcher_android:bundleLibCompileToJarDebug (Thread[#40126,Execution worker Thread 20,5,main]) started.
[        ] > Task :url_launcher_android:bundleLibCompileToJarDebug UP-TO-DATE
[        ] Caching disabled for task ':url_launcher_android:bundleLibCompileToJarDebug' because:
[        ]   Build cache is disabled
[        ]   Simple merging task
[        ] Skipping task ':url_launcher_android:bundleLibCompileToJarDebug' as it is up-to-date.
[        ] work action resolve classes.jar (project :url_launcher_android) (Thread[#40126,Execution worker Thread 20,5,main]) started.
[        ] Resolve mutations for :video_player_android:checkKotlinGradlePluginConfigurationErrors (Thread[#40126,Execution worker Thread 20,5,main]) started.
[        ] :video_player_android:checkKotlinGradlePluginConfigurationErrors (Thread[#40126,Execution worker Thread 20,5,main]) started.
[        ] > Task :video_player_android:checkKotlinGradlePluginConfigurationErrors SKIPPED
[        ] Skipping task ':video_player_android:checkKotlinGradlePluginConfigurationErrors' as task onlyIf 'errorDiagnostics are present' is false.
[        ] Resolve mutations for :video_player_android:compileDebugKotlin (Thread[#40126,Execution worker Thread 20,5,main]) started.
[        ] :video_player_android:compileDebugKotlin (Thread[#40126,Execution worker Thread 20,5,main]) started.
[        ] > Task :video_player_android:compileDebugKotlin UP-TO-DATE
[        ] Adding -Xuse-inline-scopes-numbers Kotlin compiler flag for task :video_player_android:compileDebugAndroidTestKotlin
[        ] Caching disabled for task ':video_player_android:compileDebugKotlin' because:
[        ]   Build cache is disabled
[        ] Skipping task ':video_player_android:compileDebugKotlin' as it is up-to-date.
[        ] Resolve mutations for :video_player_android:javaPreCompileDebug (Thread[#40126,Execution worker Thread 20,5,main]) started.
[        ] :video_player_android:javaPreCompileDebug (Thread[#40126,Execution worker Thread 20,5,main]) started.
[        ] > Task :video_player_android:javaPreCompileDebug UP-TO-DATE
[        ] Caching disabled for task ':video_player_android:javaPreCompileDebug' because:
[        ]   Build cache is disabled
[        ] Skipping task ':video_player_android:javaPreCompileDebug' as it is up-to-date.
[        ] Resolve mutations for :video_player_android:compileDebugJavaWithJavac (Thread[#40126,Execution worker Thread 20,5,main]) started.
[        ] :video_player_android:compileDebugJavaWithJavac (Thread[#40126,Execution worker Thread 20,5,main]) started.
[        ] > Task :video_player_android:compileDebugJavaWithJavac UP-TO-DATE
[        ] Custom actions are attached to task ':video_player_android:compileDebugJavaWithJavac'.
[        ] Caching disabled for task ':video_player_android:compileDebugJavaWithJavac' because:
[        ]   Build cache is disabled
[        ] Skipping task ':video_player_android:compileDebugJavaWithJavac' as it is up-to-date.
[        ] No compile result for :video_player_android:compileDebugJavaWithJavac
[        ] No compile result for :video_player_android:compileDebugJavaWithJavac
[        ] Resolve mutations for :video_player_android:bundleLibCompileToJarDebug (Thread[#40126,Execution worker Thread 20,5,main]) started.
[        ] :video_player_android:bundleLibCompileToJarDebug (Thread[#40126,Execution worker Thread 20,5,main]) started.
[        ] > Task :video_player_android:bundleLibCompileToJarDebug UP-TO-DATE
[        ] Caching disabled for task ':video_player_android:bundleLibCompileToJarDebug' because:
[        ]   Build cache is disabled
[        ]   Simple merging task
[        ] Skipping task ':video_player_android:bundleLibCompileToJarDebug' as it is up-to-date.
[        ] work action resolve classes.jar (project :video_player_android) (Thread[#40126,Execution worker Thread 20,5,main]) started.
[        ] Resolve mutations for :app:compileDebugKotlin (Thread[#40126,Execution worker Thread 20,5,main]) started.
[        ] :app:compileDebugKotlin (Thread[#40126,Execution worker Thread 20,5,main]) started.
[        ] > Task :app:compileDebugKotlin UP-TO-DATE
[        ] Adding -Xuse-inline-scopes-numbers Kotlin compiler flag for task :app:compileDebugAndroidTestKotlin
[        ] Caching disabled for task ':app:compileDebugKotlin' because:
[        ]   Build cache is disabled
[        ] Skipping task ':app:compileDebugKotlin' as it is up-to-date.
[        ] Resolve mutations for :app:javaPreCompileDebug (Thread[#40126,Execution worker Thread 20,5,main]) started.
[        ] :app:javaPreCompileDebug (Thread[#40126,Execution worker Thread 20,5,main]) started.
[        ] > Task :app:javaPreCompileDebug UP-TO-DATE
[        ] Caching disabled for task ':app:javaPreCompileDebug' because:
[        ]   Build cache is disabled
[        ] Skipping task ':app:javaPreCompileDebug' as it is up-to-date.
[        ] Resolve mutations for :app:compileDebugJavaWithJavac (Thread[#40126,Execution worker Thread 20,5,main]) started.
[        ] :app:compileDebugJavaWithJavac (Thread[#40126,Execution worker Thread 20,5,main]) started.
[        ] > Task :app:compileDebugJavaWithJavac UP-TO-DATE
[        ] Custom actions are attached to task ':app:compileDebugJavaWithJavac'.
[        ] Caching disabled for task ':app:compileDebugJavaWithJavac' because:
[        ]   Build cache is disabled
[        ] Skipping task ':app:compileDebugJavaWithJavac' as it is up-to-date.
[        ] No compile result for :app:compileDebugJavaWithJavac
[        ] No compile result for :app:compileDebugJavaWithJavac
[        ] Resolve mutations for :app:compressDebugAssets (Thread[#40126,Execution worker Thread 20,5,main]) started.
[        ] :app:compressDebugAssets (Thread[#40126,Execution worker Thread 20,5,main]) started.
[        ] Resolve mutations for :app:processDebugJavaRes (Thread[#40132,Execution worker Thread 26,5,main]) started.
[        ] :app:processDebugJavaRes (Thread[#40132,Execution worker Thread 26,5,main]) started.
[        ] > Task :app:processDebugJavaRes UP-TO-DATE
[        ] file or directory '/Users/florian/Code/substitution/android/app/src/main/resources', not found
[        ] file or directory '/Users/florian/Code/substitution/android/app/src/debug/resources', not found
[        ] file or directory '/Users/florian/Code/substitution/android/app/src/main/resources', not found
[        ] file or directory '/Users/florian/Code/substitution/android/app/src/debug/resources', not found
[        ] Caching disabled for task ':app:processDebugJavaRes' because:
[        ]   Build cache is disabled
[        ]   Caching has been disabled for the task
[        ] Skipping task ':app:processDebugJavaRes' as it is up-to-date.
[        ] Resolve mutations for :connectivity_plus:processDebugJavaRes (Thread[#40132,Execution worker Thread 26,5,main]) started.
[        ] :connectivity_plus:processDebugJavaRes (Thread[#40132,Execution worker Thread 26,5,main]) started.
[        ] > Task :connectivity_plus:processDebugJavaRes NO-SOURCE
[        ] file or directory '/Users/florian/.pub-cache/hosted/pub.dev/connectivity_plus-5.0.2/android/src/main/resources', not found
[        ] file or directory '/Users/florian/.pub-cache/hosted/pub.dev/connectivity_plus-5.0.2/android/src/debug/resources', not found
[        ] Skipping task ':connectivity_plus:processDebugJavaRes' as it has no source files and no previous output files.
[        ] work action resolve out (project :connectivity_plus) (Thread[#40132,Execution worker Thread 26,5,main]) started.
[        ] Resolve mutations for :emoji_picker_flutter:processDebugJavaRes (Thread[#40132,Execution worker Thread 26,5,main]) started.
[        ] :emoji_picker_flutter:processDebugJavaRes (Thread[#40132,Execution worker Thread 26,5,main]) started.
[        ] > Task :emoji_picker_flutter:processDebugJavaRes UP-TO-DATE
[        ] file or directory '/Users/florian/.pub-cache/hosted/pub.dev/emoji_picker_flutter-4.4.0/android/src/main/resources', not found
[        ] file or directory '/Users/florian/.pub-cache/hosted/pub.dev/emoji_picker_flutter-4.4.0/android/src/debug/resources', not found
[        ] file or directory '/Users/florian/.pub-cache/hosted/pub.dev/emoji_picker_flutter-4.4.0/android/src/main/resources', not found
[        ] file or directory '/Users/florian/.pub-cache/hosted/pub.dev/emoji_picker_flutter-4.4.0/android/src/debug/resources', not found
[        ] Caching disabled for task ':emoji_picker_flutter:processDebugJavaRes' because:
[        ]   Build cache is disabled
[        ]   Caching has been disabled for the task
[        ] Skipping task ':emoji_picker_flutter:processDebugJavaRes' as it is up-to-date.
[        ] work action resolve out (project :emoji_picker_flutter) (Thread[#40132,Execution worker Thread 26,5,main]) started.
[        ] Resolve mutations for :file_selector_android:processDebugJavaRes (Thread[#40132,Execution worker Thread 26,5,main]) started.
[        ] :file_selector_android:processDebugJavaRes (Thread[#40127,Execution worker Thread 21,5,main]) started.
[        ] > Task :file_selector_android:processDebugJavaRes NO-SOURCE
[        ] file or directory '/Users/florian/.pub-cache/hosted/pub.dev/file_selector_android-0.5.2+4/android/src/main/resources', not found
[        ] file or directory '/Users/florian/.pub-cache/hosted/pub.dev/file_selector_android-0.5.2+4/android/src/debug/resources', not found
[        ] Skipping task ':file_selector_android:processDebugJavaRes' as it has no source files and no previous output files.
[        ] work action resolve out (project :file_selector_android) (Thread[#40127,Execution worker Thread 21,5,main]) started.
[        ] Resolve mutations for :flutter_keyboard_visibility_temp_fork:processDebugJavaRes (Thread[#40127,Execution worker Thread 21,5,main]) started.
[        ] :flutter_keyboard_visibility_temp_fork:processDebugJavaRes (Thread[#40127,Execution worker Thread 21,5,main]) started.
[        ] > Task :flutter_keyboard_visibility_temp_fork:processDebugJavaRes NO-SOURCE
[        ] file or directory '/Users/florian/.pub-cache/hosted/pub.dev/flutter_keyboard_visibility_temp_fork-0.1.5/android/src/main/resources', not found
[        ] file or directory '/Users/florian/.pub-cache/hosted/pub.dev/flutter_keyboard_visibility_temp_fork-0.1.5/android/src/debug/resources', not found
[        ] Skipping task ':flutter_keyboard_visibility_temp_fork:processDebugJavaRes' as it has no source files and no previous output files.
[        ] work action resolve out (project :flutter_keyboard_visibility_temp_fork) (Thread[#40127,Execution worker Thread 21,5,main]) started.
[        ] Resolve mutations for :flutter_native_splash:processDebugJavaRes (Thread[#40127,Execution worker Thread 21,5,main]) started.
[        ] :flutter_native_splash:processDebugJavaRes (Thread[#40127,Execution worker Thread 21,5,main]) started.
[        ] > Task :flutter_native_splash:processDebugJavaRes NO-SOURCE
[        ] file or directory '/Users/florian/.pub-cache/hosted/pub.dev/flutter_native_splash-2.4.7/android/src/main/resources', not found
[        ] file or directory '/Users/florian/.pub-cache/hosted/pub.dev/flutter_native_splash-2.4.7/android/src/debug/resources', not found
[        ] Skipping task ':flutter_native_splash:processDebugJavaRes' as it has no source files and no previous output files.
[        ] work action resolve out (project :flutter_native_splash) (Thread[#40127,Execution worker Thread 21,5,main]) started.
[        ] Resolve mutations for :flutter_olm:processDebugJavaRes (Thread[#40127,Execution worker Thread 21,5,main]) started.
[        ] :flutter_olm:processDebugJavaRes (Thread[#40127,Execution worker Thread 21,5,main]) started.
[        ] > Task :flutter_olm:processDebugJavaRes UP-TO-DATE
[        ] file or directory '/Users/florian/.pub-cache/hosted/pub.dev/flutter_olm-2.0.0/android/src/main/resources', not found
[        ] file or directory '/Users/florian/.pub-cache/hosted/pub.dev/flutter_olm-2.0.0/android/src/debug/resources', not found
[        ] file or directory '/Users/florian/.pub-cache/hosted/pub.dev/flutter_olm-2.0.0/android/src/main/resources', not found
[        ] file or directory '/Users/florian/.pub-cache/hosted/pub.dev/flutter_olm-2.0.0/android/src/debug/resources', not found
[        ] Caching disabled for task ':flutter_olm:processDebugJavaRes' because:
[        ]   Build cache is disabled
[        ]   Caching has been disabled for the task
[        ] Skipping task ':flutter_olm:processDebugJavaRes' as it is up-to-date.
[        ] work action resolve out (project :flutter_olm) (Thread[#40127,Execution worker Thread 21,5,main]) started.
[        ] Resolve mutations for :flutter_openssl_crypto:processDebugJavaRes (Thread[#40127,Execution worker Thread 21,5,main]) started.
[        ] :flutter_openssl_crypto:processDebugJavaRes (Thread[#40127,Execution worker Thread 21,5,main]) started.
[        ] > Task :flutter_openssl_crypto:processDebugJavaRes UP-TO-DATE
[        ] file or directory '/Users/florian/.pub-cache/hosted/pub.dev/flutter_openssl_crypto-0.5.0/android/src/main/resources', not found
[        ] file or directory '/Users/florian/.pub-cache/hosted/pub.dev/flutter_openssl_crypto-0.5.0/android/src/debug/resources', not found
[        ] file or directory '/Users/florian/.pub-cache/hosted/pub.dev/flutter_openssl_crypto-0.5.0/android/src/main/resources', not found
[        ] file or directory '/Users/florian/.pub-cache/hosted/pub.dev/flutter_openssl_crypto-0.5.0/android/src/debug/resources', not found
[        ] Caching disabled for task ':flutter_openssl_crypto:processDebugJavaRes' because:
[        ]   Build cache is disabled
[        ]   Caching has been disabled for the task
[        ] Skipping task ':flutter_openssl_crypto:processDebugJavaRes' as it is up-to-date.
[        ] work action resolve out (project :flutter_openssl_crypto) (Thread[#40127,Execution worker Thread 21,5,main]) started.
[        ] Resolve mutations for :integration_test:processDebugJavaRes (Thread[#40127,Execution worker Thread 21,5,main]) started.
[        ] :integration_test:processDebugJavaRes (Thread[#40127,Execution worker Thread 21,5,main]) started.
[        ] > Task :integration_test:processDebugJavaRes NO-SOURCE
[        ] file or directory '/opt/homebrew/share/flutter/packages/integration_test/android/src/main/resources', not found
[        ] file or directory '/opt/homebrew/share/flutter/packages/integration_test/android/src/debug/resources', not found
[        ] Skipping task ':integration_test:processDebugJavaRes' as it has no source files and no previous output files.
[        ] work action resolve out (project :integration_test) (Thread[#40127,Execution worker Thread 21,5,main]) started.
[        ] Resolve mutations for :path_provider_android:processDebugJavaRes (Thread[#40127,Execution worker Thread 21,5,main]) started.
[        ] :path_provider_android:processDebugJavaRes (Thread[#40127,Execution worker Thread 21,5,main]) started.
[        ] > Task :path_provider_android:processDebugJavaRes NO-SOURCE
[        ] file or directory '/Users/florian/.pub-cache/hosted/pub.dev/path_provider_android-2.2.22/android/src/main/resources', not found
[        ] file or directory '/Users/florian/.pub-cache/hosted/pub.dev/path_provider_android-2.2.22/android/src/debug/resources', not found
[        ] Skipping task ':path_provider_android:processDebugJavaRes' as it has no source files and no previous output files.
[        ] work action resolve out (project :path_provider_android) (Thread[#40127,Execution worker Thread 21,5,main]) started.
[        ] Resolve mutations for :quill_native_bridge_android:processDebugJavaRes (Thread[#40127,Execution worker Thread 21,5,main]) started.
[        ] :quill_native_bridge_android:processDebugJavaRes (Thread[#40127,Execution worker Thread 21,5,main]) started.
[        ] > Task :quill_native_bridge_android:processDebugJavaRes UP-TO-DATE
[        ] file or directory '/Users/florian/.pub-cache/hosted/pub.dev/quill_native_bridge_android-0.0.1+2/android/src/main/resources', not found
[        ] file or directory '/Users/florian/.pub-cache/hosted/pub.dev/quill_native_bridge_android-0.0.1+2/android/src/debug/resources', not found
[        ] file or directory '/Users/florian/.pub-cache/hosted/pub.dev/quill_native_bridge_android-0.0.1+2/android/src/main/resources', not found
[        ] file or directory '/Users/florian/.pub-cache/hosted/pub.dev/quill_native_bridge_android-0.0.1+2/android/src/debug/resources', not found
[        ] Caching disabled for task ':quill_native_bridge_android:processDebugJavaRes' because:
[        ]   Build cache is disabled
[        ]   Caching has been disabled for the task
[        ] Skipping task ':quill_native_bridge_android:processDebugJavaRes' as it is up-to-date.
[        ] work action resolve out (project :quill_native_bridge_android) (Thread[#40127,Execution worker Thread 21,5,main]) started.
[        ] Resolve mutations for :shared_preferences_android:processDebugJavaRes (Thread[#40127,Execution worker Thread 21,5,main]) started.
[        ] :shared_preferences_android:processDebugJavaRes (Thread[#40127,Execution worker Thread 21,5,main]) started.
[        ] > Task :shared_preferences_android:processDebugJavaRes UP-TO-DATE
[        ] file or directory '/Users/florian/.pub-cache/hosted/pub.dev/shared_preferences_android-2.4.20/android/src/main/resources', not found
[        ] file or directory '/Users/florian/.pub-cache/hosted/pub.dev/shared_preferences_android-2.4.20/android/src/debug/resources', not found
[        ] file or directory '/Users/florian/.pub-cache/hosted/pub.dev/shared_preferences_android-2.4.20/android/src/main/resources', not found
[        ] file or directory '/Users/florian/.pub-cache/hosted/pub.dev/shared_preferences_android-2.4.20/android/src/debug/resources', not found
[        ] Caching disabled for task ':shared_preferences_android:processDebugJavaRes' because:
[        ]   Build cache is disabled
[        ]   Caching has been disabled for the task
[        ] Skipping task ':shared_preferences_android:processDebugJavaRes' as it is up-to-date.
[        ] work action resolve out (project :shared_preferences_android) (Thread[#40127,Execution worker Thread 21,5,main]) started.
[        ] Resolve mutations for :sqflite_android:processDebugJavaRes (Thread[#40127,Execution worker Thread 21,5,main]) started.
[        ] :sqflite_android:processDebugJavaRes (Thread[#40127,Execution worker Thread 21,5,main]) started.
[        ] > Task :sqflite_android:processDebugJavaRes NO-SOURCE
[        ] file or directory '/Users/florian/.pub-cache/hosted/pub.dev/sqflite_android-2.4.2+2/android/src/main/resources', not found
[        ] file or directory '/Users/florian/.pub-cache/hosted/pub.dev/sqflite_android-2.4.2+2/android/src/debug/resources', not found
[        ] Skipping task ':sqflite_android:processDebugJavaRes' as it has no source files and no previous output files.
[        ] work action resolve out (project :sqflite_android) (Thread[#40127,Execution worker Thread 21,5,main]) started.
[        ] Resolve mutations for :url_launcher_android:processDebugJavaRes (Thread[#40127,Execution worker Thread 21,5,main]) started.
[        ] :url_launcher_android:processDebugJavaRes (Thread[#40127,Execution worker Thread 21,5,main]) started.
[        ] > Task :url_launcher_android:processDebugJavaRes NO-SOURCE
[        ] file or directory '/Users/florian/.pub-cache/hosted/pub.dev/url_launcher_android-6.3.28/android/src/main/resources', not found
[        ] file or directory '/Users/florian/.pub-cache/hosted/pub.dev/url_launcher_android-6.3.28/android/src/debug/resources', not found
[        ] Skipping task ':url_launcher_android:processDebugJavaRes' as it has no source files and no previous output files.
[        ] work action resolve out (project :url_launcher_android) (Thread[#40127,Execution worker Thread 21,5,main]) started.
[        ] Resolve mutations for :video_player_android:processDebugJavaRes (Thread[#40127,Execution worker Thread 21,5,main]) started.
[        ] :video_player_android:processDebugJavaRes (Thread[#40127,Execution worker Thread 21,5,main]) started.
[        ] > Task :video_player_android:processDebugJavaRes UP-TO-DATE
[        ] file or directory '/Users/florian/.pub-cache/hosted/pub.dev/video_player_android-2.9.1/android/src/main/resources', not found
[        ] file or directory '/Users/florian/.pub-cache/hosted/pub.dev/video_player_android-2.9.1/android/src/debug/resources', not found
[        ] file or directory '/Users/florian/.pub-cache/hosted/pub.dev/video_player_android-2.9.1/android/src/main/resources', not found
[        ] file or directory '/Users/florian/.pub-cache/hosted/pub.dev/video_player_android-2.9.1/android/src/debug/resources', not found
[        ] Caching disabled for task ':video_player_android:processDebugJavaRes' because:
[        ]   Build cache is disabled
[        ]   Caching has been disabled for the task
[        ] Skipping task ':video_player_android:processDebugJavaRes' as it is up-to-date.
[        ] work action resolve out (project :video_player_android) (Thread[#40127,Execution worker Thread 21,5,main]) started.
[        ] Resolve mutations for :app:mergeDebugJavaResource (Thread[#40127,Execution worker Thread 21,5,main]) started.
[        ] :app:mergeDebugJavaResource (Thread[#40127,Execution worker Thread 21,5,main]) started.
[        ] > Task :app:mergeDebugJavaResource UP-TO-DATE
[        ] Caching disabled for task ':app:mergeDebugJavaResource' because:
[        ]   Build cache is disabled
[        ]   Caching has been disabled for the task
[        ] Skipping task ':app:mergeDebugJavaResource' as it is up-to-date.
[        ] Resolve mutations for :app:checkDebugDuplicateClasses (Thread[#40127,Execution worker Thread 21,5,main]) started.
[        ] :app:checkDebugDuplicateClasses (Thread[#40127,Execution worker Thread 21,5,main]) started.
[        ] > Task :app:checkDebugDuplicateClasses UP-TO-DATE
[        ] Caching disabled for task ':app:checkDebugDuplicateClasses' because:
[        ]   Build cache is disabled
[        ]   Caching has been disabled for the task
[        ] Skipping task ':app:checkDebugDuplicateClasses' as it is up-to-date.
[        ] Resolve mutations for :app:desugarDebugFileDependencies (Thread[#40127,Execution worker Thread 21,5,main]) started.
[        ] :app:desugarDebugFileDependencies (Thread[#40127,Execution worker Thread 21,5,main]) started.
[        ] > Task :app:desugarDebugFileDependencies UP-TO-DATE
[        ] Caching disabled for task ':app:desugarDebugFileDependencies' because:
[        ]   Build cache is disabled
[        ] Skipping task ':app:desugarDebugFileDependencies' as it is up-to-date.
[        ] Resolve mutations for :app:mergeExtDexDebug (Thread[#40127,Execution worker Thread 21,5,main]) started.
[        ] :app:mergeExtDexDebug (Thread[#40127,Execution worker Thread 21,5,main]) started.
[        ] > Task :app:mergeExtDexDebug UP-TO-DATE
[        ] Caching disabled for task ':app:mergeExtDexDebug' because:
[        ]   Build cache is disabled
[        ] Skipping task ':app:mergeExtDexDebug' as it is up-to-date.
[        ] Resolve mutations for :connectivity_plus:bundleLibRuntimeToDirDebug (Thread[#40127,Execution worker Thread 21,5,main]) started.
[        ] :connectivity_plus:bundleLibRuntimeToDirDebug (Thread[#40127,Execution worker Thread 21,5,main]) started.
[        ] > Task :connectivity_plus:bundleLibRuntimeToDirDebug UP-TO-DATE
[        ] Caching disabled for task ':connectivity_plus:bundleLibRuntimeToDirDebug' because:
[        ]   Build cache is disabled
[        ]   Simple merging task
[        ] Skipping task ':connectivity_plus:bundleLibRuntimeToDirDebug' as it is up-to-date.
[        ] work action resolve bundleLibRuntimeToDirDebug (project :connectivity_plus) (Thread[#40127,Execution worker Thread 21,5,main]) started.
[        ] ClassesDirToClassesTransform (Thread[#40127,Execution worker Thread 21,5,main]) started.
[        ] Resolve mutations for :emoji_picker_flutter:bundleLibRuntimeToDirDebug (Thread[#40133,Execution worker Thread 27,5,main]) started.
[        ] :emoji_picker_flutter:bundleLibRuntimeToDirDebug (Thread[#40133,Execution worker Thread 27,5,main]) started.
[        ] DexingNoClasspathTransform (Thread[#40127,Execution worker Thread 21,5,main]) started.
[        ] > Task :emoji_picker_flutter:bundleLibRuntimeToDirDebug UP-TO-DATE
[        ] Caching disabled for task ':emoji_picker_flutter:bundleLibRuntimeToDirDebug' because:
[        ]   Build cache is disabled
[        ]   Simple merging task
[        ] Skipping task ':emoji_picker_flutter:bundleLibRuntimeToDirDebug' as it is up-to-date.
[        ] work action resolve bundleLibRuntimeToDirDebug (project :emoji_picker_flutter) (Thread[#40133,Execution worker Thread 27,5,main]) started.
[        ] ClassesDirToClassesTransform (Thread[#40133,Execution worker Thread 27,5,main]) started.
[        ] Resolve mutations for :file_selector_android:bundleLibRuntimeToDirDebug (Thread[#40119,Execution worker Thread 13,5,main]) started.
[        ] DexingNoClasspathTransform (Thread[#40133,Execution worker Thread 27,5,main]) started.
[        ] :file_selector_android:bundleLibRuntimeToDirDebug (Thread[#40119,Execution worker Thread 13,5,main]) started.
[        ] > Transform bundleLibRuntimeToDirDebug (project :connectivity_plus) with DexingNoClasspathTransform
[        ] Caching disabled for DexingNoClasspathTransform: /Users/florian/Code/substitution/build/connectivity_plus/intermediates/runtime_library_classes_dir/debug/bundleLibRuntimeToDirDebug because:
[        ]   Build cache is disabled
[        ] Skipping DexingNoClasspathTransform: /Users/florian/Code/substitution/build/connectivity_plus/intermediates/runtime_library_classes_dir/debug/bundleLibRuntimeToDirDebug as it is up-to-date.
[        ] > Task :file_selector_android:bundleLibRuntimeToDirDebug UP-TO-DATE
[        ] Caching disabled for task ':file_selector_android:bundleLibRuntimeToDirDebug' because:
[        ]   Build cache is disabled
[        ]   Simple merging task
[        ] Skipping task ':file_selector_android:bundleLibRuntimeToDirDebug' as it is up-to-date.
[        ] > Transform bundleLibRuntimeToDirDebug (project :emoji_picker_flutter) with DexingNoClasspathTransform
[        ] Caching disabled for DexingNoClasspathTransform: /Users/florian/Code/substitution/build/emoji_picker_flutter/intermediates/runtime_library_classes_dir/debug/bundleLibRuntimeToDirDebug because:
[        ]   Build cache is disabled
[        ] Skipping DexingNoClasspathTransform: /Users/florian/Code/substitution/build/emoji_picker_flutter/intermediates/runtime_library_classes_dir/debug/bundleLibRuntimeToDirDebug as it is up-to-date.
[        ] work action resolve bundleLibRuntimeToDirDebug (project :file_selector_android) (Thread[#40119,Execution worker Thread 13,5,main]) started.
[        ] ClassesDirToClassesTransform (Thread[#40119,Execution worker Thread 13,5,main]) started.
[        ] Resolve mutations for :flutter_keyboard_visibility_temp_fork:bundleLibRuntimeToDirDebug (Thread[#40134,Execution worker Thread 28,5,main]) started.
[        ] :flutter_keyboard_visibility_temp_fork:bundleLibRuntimeToDirDebug (Thread[#40134,Execution worker Thread 28,5,main]) started.
[        ] DexingNoClasspathTransform (Thread[#40119,Execution worker Thread 13,5,main]) started.
[        ] > Task :flutter_keyboard_visibility_temp_fork:bundleLibRuntimeToDirDebug UP-TO-DATE
[        ] Caching disabled for task ':flutter_keyboard_visibility_temp_fork:bundleLibRuntimeToDirDebug' because:
[        ]   Build cache is disabled
[        ]   Simple merging task
[        ] Skipping task ':flutter_keyboard_visibility_temp_fork:bundleLibRuntimeToDirDebug' as it is up-to-date.
[        ] work action resolve bundleLibRuntimeToDirDebug (project :flutter_keyboard_visibility_temp_fork) (Thread[#40134,Execution worker Thread 28,5,main]) started.
[        ] ClassesDirToClassesTransform (Thread[#40134,Execution worker Thread 28,5,main]) started.
[        ] Resolve mutations for :flutter_native_splash:bundleLibRuntimeToDirDebug (Thread[#40117,Execution worker Thread 11,5,main]) started.
[        ] :flutter_native_splash:bundleLibRuntimeToDirDebug (Thread[#40117,Execution worker Thread 11,5,main]) started.
[        ] DexingNoClasspathTransform (Thread[#40134,Execution worker Thread 28,5,main]) started.
[        ] > Transform bundleLibRuntimeToDirDebug (project :file_selector_android) with DexingNoClasspathTransform
[        ] Caching disabled for DexingNoClasspathTransform: /Users/florian/Code/substitution/build/file_selector_android/intermediates/runtime_library_classes_dir/debug/bundleLibRuntimeToDirDebug because:
[        ]   Build cache is disabled
[        ] Skipping DexingNoClasspathTransform: /Users/florian/Code/substitution/build/file_selector_android/intermediates/runtime_library_classes_dir/debug/bundleLibRuntimeToDirDebug as it is up-to-date.
[        ] > Task :flutter_native_splash:bundleLibRuntimeToDirDebug UP-TO-DATE
[        ] Caching disabled for task ':flutter_native_splash:bundleLibRuntimeToDirDebug' because:
[        ]   Build cache is disabled
[        ]   Simple merging task
[        ] Skipping task ':flutter_native_splash:bundleLibRuntimeToDirDebug' as it is up-to-date.
[        ] work action resolve bundleLibRuntimeToDirDebug (project :flutter_native_splash) (Thread[#40117,Execution worker Thread 11,5,main]) started.
[        ] ClassesDirToClassesTransform (Thread[#40117,Execution worker Thread 11,5,main]) started.
[        ] Resolve mutations for :flutter_olm:bundleLibRuntimeToDirDebug (Thread[#40107,Execution worker Thread 2,5,main]) started.
[        ] > Transform bundleLibRuntimeToDirDebug (project :flutter_keyboard_visibility_temp_fork) with DexingNoClasspathTransform
[        ] Caching disabled for DexingNoClasspathTransform: /Users/florian/Code/substitution/build/flutter_keyboard_visibility_temp_fork/intermediates/runtime_library_classes_dir/debug/bundleLibRuntimeToDirDebug because:
[        ]   Build cache is disabled
[        ] Skipping DexingNoClasspathTransform: /Users/florian/Code/substitution/build/flutter_keyboard_visibility_temp_fork/intermediates/runtime_library_classes_dir/debug/bundleLibRuntimeToDirDebug as it is up-to-date.
[        ] DexingNoClasspathTransform (Thread[#40117,Execution worker Thread 11,5,main]) started.
[        ] :flutter_olm:bundleLibRuntimeToDirDebug (Thread[#40107,Execution worker Thread 2,5,main]) started.
[        ] > Transform bundleLibRuntimeToDirDebug (project :flutter_native_splash) with DexingNoClasspathTransform
[        ] Caching disabled for DexingNoClasspathTransform: /Users/florian/Code/substitution/build/flutter_native_splash/intermediates/runtime_library_classes_dir/debug/bundleLibRuntimeToDirDebug because:
[        ]   Build cache is disabled
[        ] Skipping DexingNoClasspathTransform: /Users/florian/Code/substitution/build/flutter_native_splash/intermediates/runtime_library_classes_dir/debug/bundleLibRuntimeToDirDebug as it is up-to-date.
[        ] > Task :flutter_olm:bundleLibRuntimeToDirDebug UP-TO-DATE
[        ] Caching disabled for task ':flutter_olm:bundleLibRuntimeToDirDebug' because:
[        ]   Build cache is disabled
[        ]   Simple merging task
[        ] Skipping task ':flutter_olm:bundleLibRuntimeToDirDebug' as it is up-to-date.
[        ] work action resolve bundleLibRuntimeToDirDebug (project :flutter_olm) (Thread[#40107,Execution worker Thread 2,5,main]) started.
[        ] ClassesDirToClassesTransform (Thread[#40107,Execution worker Thread 2,5,main]) started.
[        ] Resolve mutations for :flutter_openssl_crypto:bundleLibRuntimeToDirDebug (Thread[#40134,Execution worker Thread 28,5,main]) started.
[        ] :flutter_openssl_crypto:bundleLibRuntimeToDirDebug (Thread[#40134,Execution worker Thread 28,5,main]) started.
[        ] DexingNoClasspathTransform (Thread[#40107,Execution worker Thread 2,5,main]) started.
[        ] > Task :flutter_openssl_crypto:bundleLibRuntimeToDirDebug UP-TO-DATE
[        ] Caching disabled for task ':flutter_openssl_crypto:bundleLibRuntimeToDirDebug' because:
[        ]   Build cache is disabled
[        ]   Simple merging task
[        ] Skipping task ':flutter_openssl_crypto:bundleLibRuntimeToDirDebug' as it is up-to-date.
[        ] work action resolve bundleLibRuntimeToDirDebug (project :flutter_openssl_crypto) (Thread[#40134,Execution worker Thread 28,5,main]) started.
[        ] > Transform bundleLibRuntimeToDirDebug (project :flutter_olm) with DexingNoClasspathTransform
[        ] Caching disabled for DexingNoClasspathTransform: /Users/florian/Code/substitution/build/flutter_olm/intermediates/runtime_library_classes_dir/debug/bundleLibRuntimeToDirDebug because:
[        ]   Build cache is disabled
[        ] Skipping DexingNoClasspathTransform: /Users/florian/Code/substitution/build/flutter_olm/intermediates/runtime_library_classes_dir/debug/bundleLibRuntimeToDirDebug as it is up-to-date.
[        ] ClassesDirToClassesTransform (Thread[#40134,Execution worker Thread 28,5,main]) started.
[        ] Resolve mutations for :integration_test:bundleLibRuntimeToDirDebug (Thread[#40117,Execution worker Thread 11,5,main]) started.
[        ] DexingNoClasspathTransform (Thread[#40134,Execution worker Thread 28,5,main]) started.
[        ] :integration_test:bundleLibRuntimeToDirDebug (Thread[#40117,Execution worker Thread 11,5,main]) started.
[        ] > Transform bundleLibRuntimeToDirDebug (project :flutter_openssl_crypto) with DexingNoClasspathTransform
[        ] Caching disabled for DexingNoClasspathTransform: /Users/florian/Code/substitution/build/flutter_openssl_crypto/intermediates/runtime_library_classes_dir/debug/bundleLibRuntimeToDirDebug because:
[        ]   Build cache is disabled
[        ] Skipping DexingNoClasspathTransform: /Users/florian/Code/substitution/build/flutter_openssl_crypto/intermediates/runtime_library_classes_dir/debug/bundleLibRuntimeToDirDebug as it is up-to-date.
[        ] > Task :integration_test:bundleLibRuntimeToDirDebug UP-TO-DATE
[        ] Caching disabled for task ':integration_test:bundleLibRuntimeToDirDebug' because:
[        ]   Build cache is disabled
[        ]   Simple merging task
[        ] Skipping task ':integration_test:bundleLibRuntimeToDirDebug' as it is up-to-date.
[        ] work action resolve bundleLibRuntimeToDirDebug (project :integration_test) (Thread[#40117,Execution worker Thread 11,5,main]) started.
[        ] ClassesDirToClassesTransform (Thread[#40117,Execution worker Thread 11,5,main]) started.
[        ] Resolve mutations for :path_provider_android:bundleLibRuntimeToDirDebug (Thread[#40132,Execution worker Thread 26,5,main]) started.
[        ] :path_provider_android:bundleLibRuntimeToDirDebug (Thread[#40132,Execution worker Thread 26,5,main]) started.
[        ] DexingNoClasspathTransform (Thread[#40117,Execution worker Thread 11,5,main]) started.
[        ] > Task :path_provider_android:bundleLibRuntimeToDirDebug UP-TO-DATE
[        ] Caching disabled for task ':path_provider_android:bundleLibRuntimeToDirDebug' because:
[        ]   Build cache is disabled
[        ]   Simple merging task
[        ] Skipping task ':path_provider_android:bundleLibRuntimeToDirDebug' as it is up-to-date.
[        ] work action resolve bundleLibRuntimeToDirDebug (project :path_provider_android) (Thread[#40132,Execution worker Thread 26,5,main]) started.
[        ] Resolve mutations for :quill_native_bridge_android:bundleLibRuntimeToDirDebug (Thread[#40127,Execution worker Thread 21,5,main]) started.
[        ] ClassesDirToClassesTransform (Thread[#40132,Execution worker Thread 26,5,main]) started.
[        ] DexingNoClasspathTransform (Thread[#40132,Execution worker Thread 26,5,main]) started.
[        ] > Transform bundleLibRuntimeToDirDebug (project :integration_test) with DexingNoClasspathTransform
[        ] Caching disabled for DexingNoClasspathTransform: /Users/florian/Code/substitution/build/integration_test/intermediates/runtime_library_classes_dir/debug/bundleLibRuntimeToDirDebug because:
[        ]   Build cache is disabled
[        ] Skipping DexingNoClasspathTransform: /Users/florian/Code/substitution/build/integration_test/intermediates/runtime_library_classes_dir/debug/bundleLibRuntimeToDirDebug as it is up-to-date.
[        ] :quill_native_bridge_android:bundleLibRuntimeToDirDebug (Thread[#40127,Execution worker Thread 21,5,main]) started.
[        ] > Transform bundleLibRuntimeToDirDebug (project :path_provider_android) with DexingNoClasspathTransform
[        ] Caching disabled for DexingNoClasspathTransform: /Users/florian/Code/substitution/build/path_provider_android/intermediates/runtime_library_classes_dir/debug/bundleLibRuntimeToDirDebug because:
[        ]   Build cache is disabled
[        ] Skipping DexingNoClasspathTransform: /Users/florian/Code/substitution/build/path_provider_android/intermediates/runtime_library_classes_dir/debug/bundleLibRuntimeToDirDebug as it is up-to-date.
[        ] > Task :quill_native_bridge_android:bundleLibRuntimeToDirDebug UP-TO-DATE
[        ] Caching disabled for task ':quill_native_bridge_android:bundleLibRuntimeToDirDebug' because:
[        ]   Build cache is disabled
[        ]   Simple merging task
[        ] Skipping task ':quill_native_bridge_android:bundleLibRuntimeToDirDebug' as it is up-to-date.
[        ] work action resolve bundleLibRuntimeToDirDebug (project :quill_native_bridge_android) (Thread[#40127,Execution worker Thread 21,5,main]) started.
[        ] ClassesDirToClassesTransform (Thread[#40127,Execution worker Thread 21,5,main]) started.
[        ] Resolve mutations for :shared_preferences_android:bundleLibRuntimeToDirDebug (Thread[#40124,Execution worker Thread 18,5,main]) started.
[        ] DexingNoClasspathTransform (Thread[#40127,Execution worker Thread 21,5,main]) started.
[        ] :shared_preferences_android:bundleLibRuntimeToDirDebug (Thread[#40124,Execution worker Thread 18,5,main]) started.
[        ] > Transform bundleLibRuntimeToDirDebug (project :quill_native_bridge_android) with DexingNoClasspathTransform
[        ] Caching disabled for DexingNoClasspathTransform: /Users/florian/Code/substitution/build/quill_native_bridge_android/intermediates/runtime_library_classes_dir/debug/bundleLibRuntimeToDirDebug because:
[        ]   Build cache is disabled
[        ] Skipping DexingNoClasspathTransform: /Users/florian/Code/substitution/build/quill_native_bridge_android/intermediates/runtime_library_classes_dir/debug/bundleLibRuntimeToDirDebug as it is up-to-date.
[        ] > Task :shared_preferences_android:bundleLibRuntimeToDirDebug UP-TO-DATE
[        ] Caching disabled for task ':shared_preferences_android:bundleLibRuntimeToDirDebug' because:
[        ]   Build cache is disabled
[        ]   Simple merging task
[        ] Skipping task ':shared_preferences_android:bundleLibRuntimeToDirDebug' as it is up-to-date.
[        ] work action resolve bundleLibRuntimeToDirDebug (project :shared_preferences_android) (Thread[#40124,Execution worker Thread 18,5,main]) started.
[        ] ClassesDirToClassesTransform (Thread[#40124,Execution worker Thread 18,5,main]) started.
[        ] Resolve mutations for :sqflite_android:bundleLibRuntimeToDirDebug (Thread[#40127,Execution worker Thread 21,5,main]) started.
[        ] :sqflite_android:bundleLibRuntimeToDirDebug (Thread[#40127,Execution worker Thread 21,5,main]) started.
[        ] DexingNoClasspathTransform (Thread[#40124,Execution worker Thread 18,5,main]) started.
[        ] > Task :sqflite_android:bundleLibRuntimeToDirDebug UP-TO-DATE
[        ] Caching disabled for task ':sqflite_android:bundleLibRuntimeToDirDebug' because:
[        ]   Build cache is disabled
[        ]   Simple merging task
[        ] Skipping task ':sqflite_android:bundleLibRuntimeToDirDebug' as it is up-to-date.
[        ] work action resolve bundleLibRuntimeToDirDebug (project :sqflite_android) (Thread[#40127,Execution worker Thread 21,5,main]) started.
[        ] ClassesDirToClassesTransform (Thread[#40127,Execution worker Thread 21,5,main]) started.
[        ] Resolve mutations for :url_launcher_android:bundleLibRuntimeToDirDebug (Thread[#40110,Execution worker Thread 5,5,main]) started.
[        ] :url_launcher_android:bundleLibRuntimeToDirDebug (Thread[#40110,Execution worker Thread 5,5,main]) started.
[        ] DexingNoClasspathTransform (Thread[#40127,Execution worker Thread 21,5,main]) started.
[        ] > Transform bundleLibRuntimeToDirDebug (project :shared_preferences_android) with DexingNoClasspathTransform
[        ] Caching disabled for DexingNoClasspathTransform: /Users/florian/Code/substitution/build/shared_preferences_android/intermediates/runtime_library_classes_dir/debug/bundleLibRuntimeToDirDebug because:
[        ]   Build cache is disabled
[        ] Skipping DexingNoClasspathTransform: /Users/florian/Code/substitution/build/shared_preferences_android/intermediates/runtime_library_classes_dir/debug/bundleLibRuntimeToDirDebug as it is up-to-date.
[        ] > Task :url_launcher_android:bundleLibRuntimeToDirDebug UP-TO-DATE
[        ] Caching disabled for task ':url_launcher_android:bundleLibRuntimeToDirDebug' because:
[        ]   Build cache is disabled
[        ]   Simple merging task
[        ] Skipping task ':url_launcher_android:bundleLibRuntimeToDirDebug' as it is up-to-date.
[        ] work action resolve bundleLibRuntimeToDirDebug (project :url_launcher_android) (Thread[#40110,Execution worker Thread 5,5,main]) started.
[        ] ClassesDirToClassesTransform (Thread[#40110,Execution worker Thread 5,5,main]) started.
[        ] Resolve mutations for :video_player_android:bundleLibRuntimeToDirDebug (Thread[#40124,Execution worker Thread 18,5,main]) started.
[        ] :video_player_android:bundleLibRuntimeToDirDebug (Thread[#40124,Execution worker Thread 18,5,main]) started.
[        ] DexingNoClasspathTransform (Thread[#40110,Execution worker Thread 5,5,main]) started.
[        ] > Transform bundleLibRuntimeToDirDebug (project :sqflite_android) with DexingNoClasspathTransform
[        ] Caching disabled for DexingNoClasspathTransform: /Users/florian/Code/substitution/build/sqflite_android/intermediates/runtime_library_classes_dir/debug/bundleLibRuntimeToDirDebug because:
[        ]   Build cache is disabled
[        ] Skipping DexingNoClasspathTransform: /Users/florian/Code/substitution/build/sqflite_android/intermediates/runtime_library_classes_dir/debug/bundleLibRuntimeToDirDebug as it is up-to-date.
[        ] > Transform bundleLibRuntimeToDirDebug (project :url_launcher_android) with DexingNoClasspathTransform
[        ] Caching disabled for DexingNoClasspathTransform: /Users/florian/Code/substitution/build/url_launcher_android/intermediates/runtime_library_classes_dir/debug/bundleLibRuntimeToDirDebug because:
[        ]   Build cache is disabled
[        ] Skipping DexingNoClasspathTransform: /Users/florian/Code/substitution/build/url_launcher_android/intermediates/runtime_library_classes_dir/debug/bundleLibRuntimeToDirDebug as it is up-to-date.
[        ] > Task :video_player_android:bundleLibRuntimeToDirDebug UP-TO-DATE
[        ] Caching disabled for task ':video_player_android:bundleLibRuntimeToDirDebug' because:
[        ]   Build cache is disabled
[        ]   Simple merging task
[        ] Skipping task ':video_player_android:bundleLibRuntimeToDirDebug' as it is up-to-date.
[        ] work action resolve bundleLibRuntimeToDirDebug (project :video_player_android) (Thread[#40124,Execution worker Thread 18,5,main]) started.
[        ] ClassesDirToClassesTransform (Thread[#40124,Execution worker Thread 18,5,main]) started.
[        ] Resolve mutations for :app:dexBuilderDebug (Thread[#40111,Execution worker Thread 6,5,main]) started.
[        ] DexingNoClasspathTransform (Thread[#40124,Execution worker Thread 18,5,main]) started.
[        ] :app:dexBuilderDebug (Thread[#40111,Execution worker Thread 6,5,main]) started.
[        ] > Task :app:dexBuilderDebug UP-TO-DATE
[        ] Caching disabled for task ':app:dexBuilderDebug' because:
[        ]   Build cache is disabled
[        ] Skipping task ':app:dexBuilderDebug' as it is up-to-date.
[        ] > Transform bundleLibRuntimeToDirDebug (project :video_player_android) with DexingNoClasspathTransform
[        ] Caching disabled for DexingNoClasspathTransform: /Users/florian/Code/substitution/build/video_player_android/intermediates/runtime_library_classes_dir/debug/bundleLibRuntimeToDirDebug because:
[        ]   Build cache is disabled
[        ] Skipping DexingNoClasspathTransform: /Users/florian/Code/substitution/build/video_player_android/intermediates/runtime_library_classes_dir/debug/bundleLibRuntimeToDirDebug as it is up-to-date.
[        ] Resolve mutations for :app:mergeProjectDexDebug (Thread[#40111,Execution worker Thread 6,5,main]) started.
[        ] Resolve mutations for :app:mergeLibDexDebug (Thread[#40111,Execution worker Thread 6,5,main]) started.
[        ] :app:mergeLibDexDebug (Thread[#40111,Execution worker Thread 6,5,main]) started.
[        ] > Task :app:mergeLibDexDebug UP-TO-DATE
[        ] Caching disabled for task ':app:mergeLibDexDebug' because:
[        ]   Build cache is disabled
[        ] Skipping task ':app:mergeLibDexDebug' as it is up-to-date.
[        ] :app:mergeProjectDexDebug (Thread[#40111,Execution worker Thread 6,5,main]) started.
[        ] > Task :app:mergeProjectDexDebug UP-TO-DATE
[        ] Caching disabled for task ':app:mergeProjectDexDebug' because:
[        ]   Build cache is disabled
[        ] Skipping task ':app:mergeProjectDexDebug' as it is up-to-date.
[        ] Resolve mutations for :app:configureCMakeDebug[arm64-v8a] (Thread[#40111,Execution worker Thread 6,5,main]) started.
[        ] :app:configureCMakeDebug[arm64-v8a] (Thread[#40111,Execution worker Thread 6,5,main]) started.
[        ] > Task :app:configureCMakeDebug[arm64-v8a]
[        ] Caching disabled for task ':app:configureCMakeDebug[arm64-v8a]' because:
[        ]   Build cache is disabled
[        ]   Caching has been disabled for the task
[        ] Task ':app:configureCMakeDebug[arm64-v8a]' is not up-to-date because:
[        ]   Task.upToDateWhen is false.
[        ] C/C++: /opt/homebrew/share/flutter/packages/flutter_tools/gradle/src/main/scripts/CMakeLists.txt debug|arm64-v8a : Start JSON generation. Platform version: 24 min SDK version: arm64-v8a
[        ] C/C++: /opt/homebrew/share/flutter/packages/flutter_tools/gradle/src/main/scripts/CMakeLists.txt debug|arm64-v8a : JSON '/Users/florian/Code/substitution/build/.cxx/debug/x6546535/arm64-v8a/android_gradle_build.json' was up-to-date
[        ] C/C++: /opt/homebrew/share/flutter/packages/flutter_tools/gradle/src/main/scripts/CMakeLists.txt debug|arm64-v8a : JSON generation completed without problems
[        ] C/C++: /opt/homebrew/share/flutter/packages/flutter_tools/gradle/src/main/scripts/CMakeLists.txt debug|arm64-v8a : Writing build model to /Users/florian/Code/substitution/build/app/intermediates/cxx/debug/x6546535/logs/arm64-v8a/build_model.json
[        ] Resolve mutations for :app:buildCMakeDebug[arm64-v8a] (Thread[#40111,Execution worker Thread 6,5,main]) started.
[        ] :app:buildCMakeDebug[arm64-v8a] (Thread[#40111,Execution worker Thread 6,5,main]) started.
[        ] > Task :app:buildCMakeDebug[arm64-v8a]
[        ] Caching disabled for task ':app:buildCMakeDebug[arm64-v8a]' because:
[        ]   Build cache is disabled
[        ]   Caching has been disabled for the task
[        ] Task ':app:buildCMakeDebug[arm64-v8a]' is not up-to-date because:
[        ]   Task.upToDateWhen is false.
[        ] C/C++: starting build
[        ] C/C++: reading expected JSONs
[        ] C/C++: done reading expected JSONs
[        ] C/C++: executing build commands for targets that produce .so files or executables
[        ] C/C++: evaluate miniconfig
[        ] C/C++: no libraries
[        ] Resolve mutations for :app:configureCMakeDebug[armeabi-v7a] (Thread[#40111,Execution worker Thread 6,5,main]) started.
[        ] :app:configureCMakeDebug[armeabi-v7a] (Thread[#40111,Execution worker Thread 6,5,main]) started.
[        ] > Task :app:configureCMakeDebug[armeabi-v7a]
[        ] Caching disabled for task ':app:configureCMakeDebug[armeabi-v7a]' because:
[        ]   Build cache is disabled
[        ]   Caching has been disabled for the task
[        ] Task ':app:configureCMakeDebug[armeabi-v7a]' is not up-to-date because:
[        ]   Task.upToDateWhen is false.
[        ] C/C++: /opt/homebrew/share/flutter/packages/flutter_tools/gradle/src/main/scripts/CMakeLists.txt debug|armeabi-v7a : Start JSON generation. Platform version: 24 min SDK version: armeabi-v7a
[        ] C/C++: /opt/homebrew/share/flutter/packages/flutter_tools/gradle/src/main/scripts/CMakeLists.txt debug|armeabi-v7a : JSON '/Users/florian/Code/substitution/build/.cxx/debug/x6546535/armeabi-v7a/android_gradle_build.json' was up-to-date
[        ] C/C++: /opt/homebrew/share/flutter/packages/flutter_tools/gradle/src/main/scripts/CMakeLists.txt debug|armeabi-v7a : JSON generation completed without problems
[        ] C/C++: /opt/homebrew/share/flutter/packages/flutter_tools/gradle/src/main/scripts/CMakeLists.txt debug|armeabi-v7a : Writing build model to /Users/florian/Code/substitution/build/app/intermediates/cxx/debug/x6546535/logs/armeabi-v7a/build_model.json
[        ] Resolve mutations for :app:buildCMakeDebug[armeabi-v7a] (Thread[#40111,Execution worker Thread 6,5,main]) started.
[        ] :app:buildCMakeDebug[armeabi-v7a] (Thread[#40111,Execution worker Thread 6,5,main]) started.
[        ] > Task :app:buildCMakeDebug[armeabi-v7a]
[        ] Caching disabled for task ':app:buildCMakeDebug[armeabi-v7a]' because:
[        ]   Build cache is disabled
[        ]   Caching has been disabled for the task
[        ] Task ':app:buildCMakeDebug[armeabi-v7a]' is not up-to-date because:
[        ]   Task.upToDateWhen is false.
[        ] C/C++: starting build
[        ] C/C++: reading expected JSONs
[        ] C/C++: done reading expected JSONs
[        ] C/C++: executing build commands for targets that produce .so files or executables
[        ] C/C++: evaluate miniconfig
[        ] C/C++: no libraries
[        ] Resolve mutations for :app:configureCMakeDebug[x86_64] (Thread[#40111,Execution worker Thread 6,5,main]) started.
[        ] :app:configureCMakeDebug[x86_64] (Thread[#40111,Execution worker Thread 6,5,main]) started.
[        ] > Task :app:configureCMakeDebug[x86_64]
[        ] Caching disabled for task ':app:configureCMakeDebug[x86_64]' because:
[        ]   Build cache is disabled
[        ]   Caching has been disabled for the task
[        ] Task ':app:configureCMakeDebug[x86_64]' is not up-to-date because:
[        ]   Task.upToDateWhen is false.
[        ] C/C++: /opt/homebrew/share/flutter/packages/flutter_tools/gradle/src/main/scripts/CMakeLists.txt debug|x86_64 : Start JSON generation. Platform version: 24 min SDK version: x86_64
[        ] C/C++: /opt/homebrew/share/flutter/packages/flutter_tools/gradle/src/main/scripts/CMakeLists.txt debug|x86_64 : JSON '/Users/florian/Code/substitution/build/.cxx/debug/x6546535/x86_64/android_gradle_build.json' was up-to-date
[        ] C/C++: /opt/homebrew/share/flutter/packages/flutter_tools/gradle/src/main/scripts/CMakeLists.txt debug|x86_64 : JSON generation completed without problems
[        ] C/C++: /opt/homebrew/share/flutter/packages/flutter_tools/gradle/src/main/scripts/CMakeLists.txt debug|x86_64 : Writing build model to /Users/florian/Code/substitution/build/app/intermediates/cxx/debug/x6546535/logs/x86_64/build_model.json
[        ] Resolve mutations for :app:buildCMakeDebug[x86_64] (Thread[#40111,Execution worker Thread 6,5,main]) started.
[        ] :app:buildCMakeDebug[x86_64] (Thread[#40111,Execution worker Thread 6,5,main]) started.
[        ] > Task :app:buildCMakeDebug[x86_64]
[        ] Caching disabled for task ':app:buildCMakeDebug[x86_64]' because:
[        ]   Build cache is disabled
[        ]   Caching has been disabled for the task
[        ] Task ':app:buildCMakeDebug[x86_64]' is not up-to-date because:
[        ]   Task.upToDateWhen is false.
[        ] C/C++: starting build
[        ] C/C++: reading expected JSONs
[        ] C/C++: done reading expected JSONs
[        ] C/C++: executing build commands for targets that produce .so files or executables
[        ] C/C++: evaluate miniconfig
[        ] C/C++: no libraries
[        ] Resolve mutations for :app:mergeDebugJniLibFolders (Thread[#40111,Execution worker Thread 6,5,main]) started.
[        ] :app:mergeDebugJniLibFolders (Thread[#40111,Execution worker Thread 6,5,main]) started.
[        ] > Task :app:mergeDebugJniLibFolders UP-TO-DATE
[        ] Caching disabled for task ':app:mergeDebugJniLibFolders' because:
[        ]   Build cache is disabled
[        ]   Simple merging task
[        ] Skipping task ':app:mergeDebugJniLibFolders' as it is up-to-date.
[        ] Resolve mutations for :connectivity_plus:mergeDebugJniLibFolders (Thread[#40111,Execution worker Thread 6,5,main]) started.
[        ] :connectivity_plus:mergeDebugJniLibFolders (Thread[#40111,Execution worker Thread 6,5,main]) started.
[        ] > Task :connectivity_plus:mergeDebugJniLibFolders UP-TO-DATE
[        ] Caching disabled for task ':connectivity_plus:mergeDebugJniLibFolders' because:
[        ]   Build cache is disabled
[        ]   Simple merging task
[        ] Skipping task ':connectivity_plus:mergeDebugJniLibFolders' as it is up-to-date.
[        ] Resolve mutations for :connectivity_plus:mergeDebugNativeLibs (Thread[#40111,Execution worker Thread 6,5,main]) started.
[        ] :connectivity_plus:mergeDebugNativeLibs (Thread[#40111,Execution worker Thread 6,5,main]) started.
[        ] > Task :connectivity_plus:mergeDebugNativeLibs NO-SOURCE
[        ] Skipping task ':connectivity_plus:mergeDebugNativeLibs' as it has no source files and no previous output files.
[        ] Resolve mutations for :connectivity_plus:copyDebugJniLibsProjectOnly (Thread[#40111,Execution worker Thread 6,5,main]) started.
[        ] :connectivity_plus:copyDebugJniLibsProjectOnly (Thread[#40111,Execution worker Thread 6,5,main]) started.
[        ] > Task :connectivity_plus:copyDebugJniLibsProjectOnly UP-TO-DATE
[        ] Caching disabled for task ':connectivity_plus:copyDebugJniLibsProjectOnly' because:
[        ]   Build cache is disabled
[        ]   Caching has been disabled for the task
[        ] Skipping task ':connectivity_plus:copyDebugJniLibsProjectOnly' as it is up-to-date.
[        ] work action resolve jni (project :connectivity_plus) (Thread[#40111,Execution worker Thread 6,5,main]) started.
[        ] Resolve mutations for :emoji_picker_flutter:mergeDebugJniLibFolders (Thread[#40111,Execution worker Thread 6,5,main]) started.
[        ] :emoji_picker_flutter:mergeDebugJniLibFolders (Thread[#40111,Execution worker Thread 6,5,main]) started.
[        ] > Task :emoji_picker_flutter:mergeDebugJniLibFolders UP-TO-DATE
[        ] Caching disabled for task ':emoji_picker_flutter:mergeDebugJniLibFolders' because:
[        ]   Build cache is disabled
[        ]   Simple merging task
[        ] Skipping task ':emoji_picker_flutter:mergeDebugJniLibFolders' as it is up-to-date.
[        ] Resolve mutations for :emoji_picker_flutter:mergeDebugNativeLibs (Thread[#40111,Execution worker Thread 6,5,main]) started.
[        ] :emoji_picker_flutter:mergeDebugNativeLibs (Thread[#40111,Execution worker Thread 6,5,main]) started.
[        ] > Task :emoji_picker_flutter:mergeDebugNativeLibs NO-SOURCE
[        ] Skipping task ':emoji_picker_flutter:mergeDebugNativeLibs' as it has no source files and no previous output files.
[        ] Resolve mutations for :emoji_picker_flutter:copyDebugJniLibsProjectOnly (Thread[#40111,Execution worker Thread 6,5,main]) started.
[        ] :emoji_picker_flutter:copyDebugJniLibsProjectOnly (Thread[#40111,Execution worker Thread 6,5,main]) started.
[        ] > Task :emoji_picker_flutter:copyDebugJniLibsProjectOnly UP-TO-DATE
[        ] Caching disabled for task ':emoji_picker_flutter:copyDebugJniLibsProjectOnly' because:
[        ]   Build cache is disabled
[        ]   Caching has been disabled for the task
[        ] Skipping task ':emoji_picker_flutter:copyDebugJniLibsProjectOnly' as it is up-to-date.
[        ] work action resolve jni (project :emoji_picker_flutter) (Thread[#40111,Execution worker Thread 6,5,main]) started.
[        ] Resolve mutations for :file_selector_android:mergeDebugJniLibFolders (Thread[#40111,Execution worker Thread 6,5,main]) started.
[        ] :file_selector_android:mergeDebugJniLibFolders (Thread[#40111,Execution worker Thread 6,5,main]) started.
[        ] > Task :file_selector_android:mergeDebugJniLibFolders UP-TO-DATE
[        ] Caching disabled for task ':file_selector_android:mergeDebugJniLibFolders' because:
[        ]   Build cache is disabled
[        ]   Simple merging task
[        ] Skipping task ':file_selector_android:mergeDebugJniLibFolders' as it is up-to-date.
[        ] Resolve mutations for :file_selector_android:mergeDebugNativeLibs (Thread[#40111,Execution worker Thread 6,5,main]) started.
[        ] :file_selector_android:mergeDebugNativeLibs (Thread[#40111,Execution worker Thread 6,5,main]) started.
[        ] > Task :file_selector_android:mergeDebugNativeLibs NO-SOURCE
[        ] Skipping task ':file_selector_android:mergeDebugNativeLibs' as it has no source files and no previous output files.
[        ] Resolve mutations for :file_selector_android:copyDebugJniLibsProjectOnly (Thread[#40111,Execution worker Thread 6,5,main]) started.
[        ] :file_selector_android:copyDebugJniLibsProjectOnly (Thread[#40111,Execution worker Thread 6,5,main]) started.
[        ] > Task :file_selector_android:copyDebugJniLibsProjectOnly UP-TO-DATE
[        ] Caching disabled for task ':file_selector_android:copyDebugJniLibsProjectOnly' because:
[        ]   Build cache is disabled
[        ]   Caching has been disabled for the task
[        ] Skipping task ':file_selector_android:copyDebugJniLibsProjectOnly' as it is up-to-date.
[        ] work action resolve jni (project :file_selector_android) (Thread[#40111,Execution worker Thread 6,5,main]) started.
[        ] Resolve mutations for :flutter_keyboard_visibility_temp_fork:mergeDebugJniLibFolders (Thread[#40111,Execution worker Thread 6,5,main]) started.
[        ] :flutter_keyboard_visibility_temp_fork:mergeDebugJniLibFolders (Thread[#40111,Execution worker Thread 6,5,main]) started.
[        ] > Task :flutter_keyboard_visibility_temp_fork:mergeDebugJniLibFolders UP-TO-DATE
[        ] Caching disabled for task ':flutter_keyboard_visibility_temp_fork:mergeDebugJniLibFolders' because:
[        ]   Build cache is disabled
[        ]   Simple merging task
[        ] Skipping task ':flutter_keyboard_visibility_temp_fork:mergeDebugJniLibFolders' as it is up-to-date.
[        ] Resolve mutations for :flutter_keyboard_visibility_temp_fork:mergeDebugNativeLibs (Thread[#40111,Execution worker Thread 6,5,main]) started.
[        ] :flutter_keyboard_visibility_temp_fork:mergeDebugNativeLibs (Thread[#40111,Execution worker Thread 6,5,main]) started.
[        ] > Task :flutter_keyboard_visibility_temp_fork:mergeDebugNativeLibs NO-SOURCE
[        ] Skipping task ':flutter_keyboard_visibility_temp_fork:mergeDebugNativeLibs' as it has no source files and no previous output files.
[        ] Resolve mutations for :flutter_keyboard_visibility_temp_fork:copyDebugJniLibsProjectOnly (Thread[#40111,Execution worker Thread 6,5,main]) started.
[        ] :flutter_keyboard_visibility_temp_fork:copyDebugJniLibsProjectOnly (Thread[#40111,Execution worker Thread 6,5,main]) started.
[        ] > Task :flutter_keyboard_visibility_temp_fork:copyDebugJniLibsProjectOnly UP-TO-DATE
[        ] Caching disabled for task ':flutter_keyboard_visibility_temp_fork:copyDebugJniLibsProjectOnly' because:
[        ]   Build cache is disabled
[        ]   Caching has been disabled for the task
[        ] Skipping task ':flutter_keyboard_visibility_temp_fork:copyDebugJniLibsProjectOnly' as it is up-to-date.
[        ] work action resolve jni (project :flutter_keyboard_visibility_temp_fork) (Thread[#40111,Execution worker Thread 6,5,main]) started.
[        ] Resolve mutations for :flutter_native_splash:mergeDebugJniLibFolders (Thread[#40111,Execution worker Thread 6,5,main]) started.
[        ] :flutter_native_splash:mergeDebugJniLibFolders (Thread[#40111,Execution worker Thread 6,5,main]) started.
[        ] > Task :flutter_native_splash:mergeDebugJniLibFolders UP-TO-DATE
[        ] Caching disabled for task ':flutter_native_splash:mergeDebugJniLibFolders' because:
[        ]   Build cache is disabled
[        ]   Simple merging task
[        ] Skipping task ':flutter_native_splash:mergeDebugJniLibFolders' as it is up-to-date.
[        ] Resolve mutations for :flutter_native_splash:mergeDebugNativeLibs (Thread[#40111,Execution worker Thread 6,5,main]) started.
[        ] :flutter_native_splash:mergeDebugNativeLibs (Thread[#40111,Execution worker Thread 6,5,main]) started.
[        ] > Task :flutter_native_splash:mergeDebugNativeLibs NO-SOURCE
[        ] Skipping task ':flutter_native_splash:mergeDebugNativeLibs' as it has no source files and no previous output files.
[        ] Resolve mutations for :flutter_native_splash:copyDebugJniLibsProjectOnly (Thread[#40111,Execution worker Thread 6,5,main]) started.
[        ] :flutter_native_splash:copyDebugJniLibsProjectOnly (Thread[#40111,Execution worker Thread 6,5,main]) started.
[        ] > Task :flutter_native_splash:copyDebugJniLibsProjectOnly UP-TO-DATE
[        ] Caching disabled for task ':flutter_native_splash:copyDebugJniLibsProjectOnly' because:
[        ]   Build cache is disabled
[        ]   Caching has been disabled for the task
[        ] Skipping task ':flutter_native_splash:copyDebugJniLibsProjectOnly' as it is up-to-date.
[        ] work action resolve jni (project :flutter_native_splash) (Thread[#40111,Execution worker Thread 6,5,main]) started.
[        ] Resolve mutations for :flutter_olm:preProfileBuild (Thread[#40111,Execution worker Thread 6,5,main]) started.
[        ] :flutter_olm:preProfileBuild (Thread[#40111,Execution worker Thread 6,5,main]) started.
[        ] > Task :flutter_olm:preProfileBuild UP-TO-DATE
[        ] Skipping task ':flutter_olm:preProfileBuild' as it has no actions.
[        ] Resolve mutations for :flutter_olm:configureCMakeDebug[arm64-v8a] (Thread[#40111,Execution worker Thread 6,5,main]) started.
[        ] :flutter_olm:configureCMakeDebug[arm64-v8a] (Thread[#40111,Execution worker Thread 6,5,main]) started.
[        ] > Task :flutter_olm:configureCMakeDebug[arm64-v8a]
[        ] Caching disabled for task ':flutter_olm:configureCMakeDebug[arm64-v8a]' because:
[        ]   Build cache is disabled
[        ]   Caching has been disabled for the task
[        ] Task ':flutter_olm:configureCMakeDebug[arm64-v8a]' is not up-to-date because:
[        ]   Task.upToDateWhen is false.
[        ] C/C++: /Users/florian/.pub-cache/hosted/pub.dev/flutter_olm-2.0.0/ios/CMakeLists.txt profile|arm64-v8a : Start JSON generation. Platform version: 21 min SDK version: arm64-v8a
[        ] C/C++: /Users/florian/.pub-cache/hosted/pub.dev/flutter_olm-2.0.0/ios/CMakeLists.txt profile|arm64-v8a : JSON '/Users/florian/.pub-cache/hosted/pub.dev/flutter_olm-2.0.0/android/.cxx/Debug/611a6669/arm64-v8a/android_gradle_build.json' was up-to-date
[        ] C/C++: /Users/florian/.pub-cache/hosted/pub.dev/flutter_olm-2.0.0/ios/CMakeLists.txt profile|arm64-v8a : JSON generation completed without problems
[        ] C/C++: /Users/florian/.pub-cache/hosted/pub.dev/flutter_olm-2.0.0/ios/CMakeLists.txt profile|arm64-v8a : Writing build model to /Users/florian/Code/substitution/build/flutter_olm/intermediates/cxx/Debug/611a6669/logs/arm64-v8a/build_model.json
[        ] Resolve mutations for :flutter_olm:buildCMakeDebug[arm64-v8a] (Thread[#40111,Execution worker Thread 6,5,main]) started.
[        ] :flutter_olm:buildCMakeDebug[arm64-v8a] (Thread[#40111,Execution worker Thread 6,5,main]) started.
[  +89 ms] > Task :flutter_olm:buildCMakeDebug[arm64-v8a]
[        ] Caching disabled for task ':flutter_olm:buildCMakeDebug[arm64-v8a]' because:
[        ]   Build cache is disabled
[        ]   Caching has been disabled for the task
[        ] Task ':flutter_olm:buildCMakeDebug[arm64-v8a]' is not up-to-date because:
[        ]   Task.upToDateWhen is false.
[        ] C/C++: starting build
[        ] C/C++: reading expected JSONs
[        ] C/C++: done reading expected JSONs
[        ] C/C++: executing build commands for targets that produce .so files or executables
[        ] C/C++: evaluate miniconfig
[        ] C/C++: evaluate library olm (arm64-v8a)
[        ] C/C++: building target library olm because no targets are specified.
[        ] C/C++: about to build targets olm
[        ] C/C++: Build olm
[        ] C/C++: /Users/florian/Library/Android/sdk/cmake/3.22.1/bin/ninja \
[        ]   -C \
[        ]   /Users/florian/.pub-cache/hosted/pub.dev/flutter_olm-2.0.0/android/.cxx/Debug/611a6669/arm64-v8a \
[        ]   olm
[        ] Starting process 'command '/Users/florian/Library/Android/sdk/cmake/3.22.1/bin/ninja''. Working directory: /Users/florian/.pub-cache/hosted/pub.dev/flutter_olm-2.0.0/android Command: /Users/florian/Library/Android/sdk/cmake/3.22.1/bin/ninja -C /Users/florian/.pub-cache/hosted/pub.dev/flutter_olm-2.0.0/android/.cxx/Debug/611a6669/arm64-v8a olm
[        ] Successfully started process 'command '/Users/florian/Library/Android/sdk/cmake/3.22.1/bin/ninja''
[        ] C/C++: Received process result: 0
[        ] C/C++: check expected build outputs
[        ] C/C++: build complete
[        ] Resolve mutations for :flutter_olm:configureCMakeDebug[armeabi-v7a] (Thread[#40111,Execution worker Thread 6,5,main]) started.
[        ] :flutter_olm:configureCMakeDebug[armeabi-v7a] (Thread[#40111,Execution worker Thread 6,5,main]) started.
[        ] > Task :flutter_olm:configureCMakeDebug[armeabi-v7a]
[        ] Caching disabled for task ':flutter_olm:configureCMakeDebug[armeabi-v7a]' because:
[        ]   Build cache is disabled
[        ]   Caching has been disabled for the task
[        ] Task ':flutter_olm:configureCMakeDebug[armeabi-v7a]' is not up-to-date because:
[        ]   Task.upToDateWhen is false.
[        ] C/C++: /Users/florian/.pub-cache/hosted/pub.dev/flutter_olm-2.0.0/ios/CMakeLists.txt profile|armeabi-v7a : Start JSON generation. Platform version: 21 min SDK version: armeabi-v7a
[        ] C/C++: /Users/florian/.pub-cache/hosted/pub.dev/flutter_olm-2.0.0/ios/CMakeLists.txt profile|armeabi-v7a : JSON '/Users/florian/.pub-cache/hosted/pub.dev/flutter_olm-2.0.0/android/.cxx/Debug/611a6669/armeabi-v7a/android_gradle_build.json' was up-to-date
[        ] C/C++: /Users/florian/.pub-cache/hosted/pub.dev/flutter_olm-2.0.0/ios/CMakeLists.txt profile|armeabi-v7a : JSON generation completed without problems
[        ] C/C++: /Users/florian/.pub-cache/hosted/pub.dev/flutter_olm-2.0.0/ios/CMakeLists.txt profile|armeabi-v7a : Writing build model to /Users/florian/Code/substitution/build/flutter_olm/intermediates/cxx/Debug/611a6669/logs/armeabi-v7a/build_model.json
[        ] Resolve mutations for :flutter_olm:buildCMakeDebug[armeabi-v7a] (Thread[#40111,Execution worker Thread 6,5,main]) started.
[        ] :flutter_olm:buildCMakeDebug[armeabi-v7a] (Thread[#40111,Execution worker Thread 6,5,main]) started.
[        ] > Task :flutter_olm:buildCMakeDebug[armeabi-v7a]
[        ] Caching disabled for task ':flutter_olm:buildCMakeDebug[armeabi-v7a]' because:
[        ]   Build cache is disabled
[        ]   Caching has been disabled for the task
[        ] Task ':flutter_olm:buildCMakeDebug[armeabi-v7a]' is not up-to-date because:
[        ]   Task.upToDateWhen is false.
[        ] C/C++: starting build
[        ] C/C++: reading expected JSONs
[        ] C/C++: done reading expected JSONs
[        ] C/C++: executing build commands for targets that produce .so files or executables
[        ] C/C++: evaluate miniconfig
[        ] C/C++: evaluate library olm (armeabi-v7a)
[        ] C/C++: building target library olm because no targets are specified.
[        ] C/C++: about to build targets olm
[        ] C/C++: Build olm
[        ] C/C++: /Users/florian/Library/Android/sdk/cmake/3.22.1/bin/ninja \
[        ]   -C \
[        ]   /Users/florian/.pub-cache/hosted/pub.dev/flutter_olm-2.0.0/android/.cxx/Debug/611a6669/armeabi-v7a \
[        ]   olm
[        ] Starting process 'command '/Users/florian/Library/Android/sdk/cmake/3.22.1/bin/ninja''. Working directory: /Users/florian/.pub-cache/hosted/pub.dev/flutter_olm-2.0.0/android Command: /Users/florian/Library/Android/sdk/cmake/3.22.1/bin/ninja -C /Users/florian/.pub-cache/hosted/pub.dev/flutter_olm-2.0.0/android/.cxx/Debug/611a6669/armeabi-v7a olm
[        ] Successfully started process 'command '/Users/florian/Library/Android/sdk/cmake/3.22.1/bin/ninja''
[        ] C/C++: Received process result: 0
[        ] C/C++: check expected build outputs
[        ] C/C++: build complete
[        ] Resolve mutations for :flutter_olm:configureCMakeDebug[x86] (Thread[#40111,Execution worker Thread 6,5,main]) started.
[        ] :flutter_olm:configureCMakeDebug[x86] (Thread[#40111,Execution worker Thread 6,5,main]) started.
[        ] > Task :flutter_olm:configureCMakeDebug[x86]
[        ] Caching disabled for task ':flutter_olm:configureCMakeDebug[x86]' because:
[        ]   Build cache is disabled
[        ]   Caching has been disabled for the task
[        ] Task ':flutter_olm:configureCMakeDebug[x86]' is not up-to-date because:
[        ]   Task.upToDateWhen is false.
[        ] C/C++: /Users/florian/.pub-cache/hosted/pub.dev/flutter_olm-2.0.0/ios/CMakeLists.txt profile|x86 : Start JSON generation. Platform version: 21 min SDK version: x86
[        ] C/C++: /Users/florian/.pub-cache/hosted/pub.dev/flutter_olm-2.0.0/ios/CMakeLists.txt profile|x86 : JSON '/Users/florian/.pub-cache/hosted/pub.dev/flutter_olm-2.0.0/android/.cxx/Debug/611a6669/x86/android_gradle_build.json' was up-to-date
[        ] C/C++: /Users/florian/.pub-cache/hosted/pub.dev/flutter_olm-2.0.0/ios/CMakeLists.txt profile|x86 : JSON generation completed without problems
[        ] C/C++: /Users/florian/.pub-cache/hosted/pub.dev/flutter_olm-2.0.0/ios/CMakeLists.txt profile|x86 : Writing build model to /Users/florian/Code/substitution/build/flutter_olm/intermediates/cxx/Debug/611a6669/logs/x86/build_model.json
[        ] Resolve mutations for :flutter_olm:buildCMakeDebug[x86] (Thread[#40111,Execution worker Thread 6,5,main]) started.
[        ] :flutter_olm:buildCMakeDebug[x86] (Thread[#40111,Execution worker Thread 6,5,main]) started.
[        ] > Task :flutter_olm:buildCMakeDebug[x86]
[        ] Caching disabled for task ':flutter_olm:buildCMakeDebug[x86]' because:
[        ]   Build cache is disabled
[        ]   Caching has been disabled for the task
[        ] Task ':flutter_olm:buildCMakeDebug[x86]' is not up-to-date because:
[        ]   Task.upToDateWhen is false.
[        ] C/C++: starting build
[        ] C/C++: reading expected JSONs
[        ] C/C++: done reading expected JSONs
[        ] C/C++: executing build commands for targets that produce .so files or executables
[        ] C/C++: evaluate miniconfig
[        ] C/C++: evaluate library olm (x86)
[        ] C/C++: building target library olm because no targets are specified.
[        ] C/C++: about to build targets olm
[        ] C/C++: Build olm
[        ] C/C++: /Users/florian/Library/Android/sdk/cmake/3.22.1/bin/ninja \
[        ]   -C \
[        ]   /Users/florian/.pub-cache/hosted/pub.dev/flutter_olm-2.0.0/android/.cxx/Debug/611a6669/x86 \
[        ]   olm
[        ] Starting process 'command '/Users/florian/Library/Android/sdk/cmake/3.22.1/bin/ninja''. Working directory: /Users/florian/.pub-cache/hosted/pub.dev/flutter_olm-2.0.0/android Command: /Users/florian/Library/Android/sdk/cmake/3.22.1/bin/ninja -C /Users/florian/.pub-cache/hosted/pub.dev/flutter_olm-2.0.0/android/.cxx/Debug/611a6669/x86 olm
[        ] Successfully started process 'command '/Users/florian/Library/Android/sdk/cmake/3.22.1/bin/ninja''
[        ] C/C++: Received process result: 0
[        ] C/C++: check expected build outputs
[        ] C/C++: build complete
[        ] Resolve mutations for :flutter_olm:configureCMakeDebug[x86_64] (Thread[#40111,Execution worker Thread 6,5,main]) started.
[        ] :flutter_olm:configureCMakeDebug[x86_64] (Thread[#40111,Execution worker Thread 6,5,main]) started.
[        ] > Task :flutter_olm:configureCMakeDebug[x86_64]
[        ] Caching disabled for task ':flutter_olm:configureCMakeDebug[x86_64]' because:
[        ]   Build cache is disabled
[        ]   Caching has been disabled for the task
[        ] Task ':flutter_olm:configureCMakeDebug[x86_64]' is not up-to-date because:
[        ]   Task.upToDateWhen is false.
[        ] C/C++: /Users/florian/.pub-cache/hosted/pub.dev/flutter_olm-2.0.0/ios/CMakeLists.txt profile|x86_64 : Start JSON generation. Platform version: 21 min SDK version: x86_64
[        ] C/C++: /Users/florian/.pub-cache/hosted/pub.dev/flutter_olm-2.0.0/ios/CMakeLists.txt profile|x86_64 : JSON '/Users/florian/.pub-cache/hosted/pub.dev/flutter_olm-2.0.0/android/.cxx/Debug/611a6669/x86_64/android_gradle_build.json' was up-to-date
[        ] C/C++: /Users/florian/.pub-cache/hosted/pub.dev/flutter_olm-2.0.0/ios/CMakeLists.txt profile|x86_64 : JSON generation completed without problems
[        ] C/C++: /Users/florian/.pub-cache/hosted/pub.dev/flutter_olm-2.0.0/ios/CMakeLists.txt profile|x86_64 : Writing build model to /Users/florian/Code/substitution/build/flutter_olm/intermediates/cxx/Debug/611a6669/logs/x86_64/build_model.json
[        ] Resolve mutations for :flutter_olm:buildCMakeDebug[x86_64] (Thread[#40111,Execution worker Thread 6,5,main]) started.
[        ] :flutter_olm:buildCMakeDebug[x86_64] (Thread[#40111,Execution worker Thread 6,5,main]) started.
[        ] > Task :flutter_olm:buildCMakeDebug[x86_64]
[        ] Caching disabled for task ':flutter_olm:buildCMakeDebug[x86_64]' because:
[        ]   Build cache is disabled
[        ]   Caching has been disabled for the task
[        ] Task ':flutter_olm:buildCMakeDebug[x86_64]' is not up-to-date because:
[        ]   Task.upToDateWhen is false.
[        ] C/C++: starting build
[        ] C/C++: reading expected JSONs
[        ] C/C++: done reading expected JSONs
[        ] C/C++: executing build commands for targets that produce .so files or executables
[        ] C/C++: evaluate miniconfig
[        ] C/C++: evaluate library olm (x86_64)
[        ] C/C++: building target library olm because no targets are specified.
[        ] C/C++: about to build targets olm
[        ] C/C++: Build olm
[        ] C/C++: /Users/florian/Library/Android/sdk/cmake/3.22.1/bin/ninja \
[        ]   -C \
[        ]   /Users/florian/.pub-cache/hosted/pub.dev/flutter_olm-2.0.0/android/.cxx/Debug/611a6669/x86_64 \
[        ]   olm
[        ] Starting process 'command '/Users/florian/Library/Android/sdk/cmake/3.22.1/bin/ninja''. Working directory: /Users/florian/.pub-cache/hosted/pub.dev/flutter_olm-2.0.0/android Command: /Users/florian/Library/Android/sdk/cmake/3.22.1/bin/ninja -C /Users/florian/.pub-cache/hosted/pub.dev/flutter_olm-2.0.0/android/.cxx/Debug/611a6669/x86_64 olm
[        ] Successfully started process 'command '/Users/florian/Library/Android/sdk/cmake/3.22.1/bin/ninja''
[        ] C/C++: Received process result: 0
[        ] C/C++: check expected build outputs
[        ] C/C++: build complete
[        ] Resolve mutations for :flutter_olm:mergeDebugJniLibFolders (Thread[#40111,Execution worker Thread 6,5,main]) started.
[        ] :flutter_olm:mergeDebugJniLibFolders (Thread[#40111,Execution worker Thread 6,5,main]) started.
[        ] > Task :flutter_olm:mergeDebugJniLibFolders UP-TO-DATE
[        ] Caching disabled for task ':flutter_olm:mergeDebugJniLibFolders' because:
[        ]   Build cache is disabled
[        ]   Simple merging task
[        ] Skipping task ':flutter_olm:mergeDebugJniLibFolders' as it is up-to-date.
[        ] Resolve mutations for :flutter_olm:mergeDebugNativeLibs (Thread[#40111,Execution worker Thread 6,5,main]) started.
[        ] :flutter_olm:mergeDebugNativeLibs (Thread[#40111,Execution worker Thread 6,5,main]) started.
[        ] > Task :flutter_olm:mergeDebugNativeLibs UP-TO-DATE
[        ] Caching disabled for task ':flutter_olm:mergeDebugNativeLibs' because:
[        ]   Build cache is disabled
[        ]   Caching has been disabled for the task
[        ] Skipping task ':flutter_olm:mergeDebugNativeLibs' as it is up-to-date.
[        ] Resolve mutations for :flutter_olm:copyDebugJniLibsProjectOnly (Thread[#40111,Execution worker Thread 6,5,main]) started.
[        ] :flutter_olm:copyDebugJniLibsProjectOnly (Thread[#40111,Execution worker Thread 6,5,main]) started.
[        ] > Task :flutter_olm:copyDebugJniLibsProjectOnly UP-TO-DATE
[        ] Caching disabled for task ':flutter_olm:copyDebugJniLibsProjectOnly' because:
[        ]   Build cache is disabled
[        ]   Caching has been disabled for the task
[        ] Skipping task ':flutter_olm:copyDebugJniLibsProjectOnly' as it is up-to-date.
[        ] work action resolve jni (project :flutter_olm) (Thread[#40111,Execution worker Thread 6,5,main]) started.
[        ] Resolve mutations for :flutter_openssl_crypto:preProfileBuild (Thread[#40111,Execution worker Thread 6,5,main]) started.
[        ] :flutter_openssl_crypto:preProfileBuild (Thread[#40111,Execution worker Thread 6,5,main]) started.
[        ] > Task :flutter_openssl_crypto:preProfileBuild UP-TO-DATE
[        ] Skipping task ':flutter_openssl_crypto:preProfileBuild' as it has no actions.
[        ] Resolve mutations for :flutter_openssl_crypto:configureCMakeDebug[arm64-v8a] (Thread[#40111,Execution worker Thread 6,5,main]) started.
[        ] :flutter_openssl_crypto:configureCMakeDebug[arm64-v8a] (Thread[#40111,Execution worker Thread 6,5,main]) started.
[        ] > Task :flutter_openssl_crypto:configureCMakeDebug[arm64-v8a]
[        ] Caching disabled for task ':flutter_openssl_crypto:configureCMakeDebug[arm64-v8a]' because:
[        ]   Build cache is disabled
[        ]   Caching has been disabled for the task
[        ] Task ':flutter_openssl_crypto:configureCMakeDebug[arm64-v8a]' is not up-to-date because:
[        ]   Task.upToDateWhen is false.
[        ] C/C++: /Users/florian/.pub-cache/hosted/pub.dev/flutter_openssl_crypto-0.5.0/android/CMakeLists.txt profile|arm64-v8a : Start JSON generation. Platform version: 21 min SDK version: arm64-v8a
[        ] C/C++: /Users/florian/.pub-cache/hosted/pub.dev/flutter_openssl_crypto-0.5.0/android/CMakeLists.txt profile|arm64-v8a : JSON '/Users/florian/.pub-cache/hosted/pub.dev/flutter_openssl_crypto-0.5.0/android/.cxx/Debug/42n1p1e4/arm64-v8a/android_gradle_build.json' was up-to-date
[        ] C/C++: /Users/florian/.pub-cache/hosted/pub.dev/flutter_openssl_crypto-0.5.0/android/CMakeLists.txt profile|arm64-v8a : JSON generation completed without problems
[        ] C/C++: /Users/florian/.pub-cache/hosted/pub.dev/flutter_openssl_crypto-0.5.0/android/CMakeLists.txt profile|arm64-v8a : Writing build model to /Users/florian/Code/substitution/build/flutter_openssl_crypto/intermediates/cxx/Debug/42n1p1e4/logs/arm64-v8a/build_model.json
[        ] Resolve mutations for :flutter_openssl_crypto:buildCMakeDebug[arm64-v8a] (Thread[#40111,Execution worker Thread 6,5,main]) started.
[        ] :flutter_openssl_crypto:buildCMakeDebug[arm64-v8a] (Thread[#40111,Execution worker Thread 6,5,main]) started.
[        ] > Task :flutter_openssl_crypto:buildCMakeDebug[arm64-v8a]
[        ] Caching disabled for task ':flutter_openssl_crypto:buildCMakeDebug[arm64-v8a]' because:
[        ]   Build cache is disabled
[        ]   Caching has been disabled for the task
[        ] Task ':flutter_openssl_crypto:buildCMakeDebug[arm64-v8a]' is not up-to-date because:
[        ]   Task.upToDateWhen is false.
[        ] C/C++: starting build
[        ] C/C++: reading expected JSONs
[        ] C/C++: done reading expected JSONs
[        ] C/C++: executing build commands for targets that produce .so files or executables
[        ] C/C++: evaluate miniconfig
[        ] C/C++: evaluate library flutter_openssl_crypto (arm64-v8a)
[        ] C/C++: building target library flutter_openssl_crypto because no targets are specified.
[        ] C/C++: about to build targets flutter_openssl_crypto
[        ] C/C++: Build flutter_openssl_crypto
[        ] C/C++: /Users/florian/Library/Android/sdk/cmake/3.22.1/bin/ninja \
[        ]   -C \
[        ]   /Users/florian/.pub-cache/hosted/pub.dev/flutter_openssl_crypto-0.5.0/android/.cxx/Debug/42n1p1e4/arm64-v8a \
[        ]   flutter_openssl_crypto
[        ] Starting process 'command '/Users/florian/Library/Android/sdk/cmake/3.22.1/bin/ninja''. Working directory: /Users/florian/.pub-cache/hosted/pub.dev/flutter_openssl_crypto-0.5.0/android Command: /Users/florian/Library/Android/sdk/cmake/3.22.1/bin/ninja -C /Users/florian/.pub-cache/hosted/pub.dev/flutter_openssl_crypto-0.5.0/android/.cxx/Debug/42n1p1e4/arm64-v8a flutter_openssl_crypto
[        ] Successfully started process 'command '/Users/florian/Library/Android/sdk/cmake/3.22.1/bin/ninja''
[        ] C/C++: Received process result: 0
[        ] C/C++: check expected build outputs
[        ] C/C++: build complete
[        ] Resolve mutations for :flutter_openssl_crypto:configureCMakeDebug[armeabi-v7a] (Thread[#40111,Execution worker Thread 6,5,main]) started.
[        ] :flutter_openssl_crypto:configureCMakeDebug[armeabi-v7a] (Thread[#40111,Execution worker Thread 6,5,main]) started.
[        ] > Task :flutter_openssl_crypto:configureCMakeDebug[armeabi-v7a]
[        ] Caching disabled for task ':flutter_openssl_crypto:configureCMakeDebug[armeabi-v7a]' because:
[        ]   Build cache is disabled
[        ]   Caching has been disabled for the task
[        ] Task ':flutter_openssl_crypto:configureCMakeDebug[armeabi-v7a]' is not up-to-date because:
[        ]   Task.upToDateWhen is false.
[        ] C/C++: /Users/florian/.pub-cache/hosted/pub.dev/flutter_openssl_crypto-0.5.0/android/CMakeLists.txt profile|armeabi-v7a : Start JSON generation. Platform version: 21 min SDK version: armeabi-v7a
[        ] C/C++: /Users/florian/.pub-cache/hosted/pub.dev/flutter_openssl_crypto-0.5.0/android/CMakeLists.txt profile|armeabi-v7a : JSON '/Users/florian/.pub-cache/hosted/pub.dev/flutter_openssl_crypto-0.5.0/android/.cxx/Debug/42n1p1e4/armeabi-v7a/android_gradle_build.json' was up-to-date
[        ] C/C++: /Users/florian/.pub-cache/hosted/pub.dev/flutter_openssl_crypto-0.5.0/android/CMakeLists.txt profile|armeabi-v7a : JSON generation completed without problems
[        ] C/C++: /Users/florian/.pub-cache/hosted/pub.dev/flutter_openssl_crypto-0.5.0/android/CMakeLists.txt profile|armeabi-v7a : Writing build model to /Users/florian/Code/substitution/build/flutter_openssl_crypto/intermediates/cxx/Debug/42n1p1e4/logs/armeabi-v7a/build_model.json
[        ] Resolve mutations for :flutter_openssl_crypto:buildCMakeDebug[armeabi-v7a] (Thread[#40111,Execution worker Thread 6,5,main]) started.
[        ] :flutter_openssl_crypto:buildCMakeDebug[armeabi-v7a] (Thread[#40111,Execution worker Thread 6,5,main]) started.
[        ] > Task :flutter_openssl_crypto:buildCMakeDebug[armeabi-v7a]
[        ] Caching disabled for task ':flutter_openssl_crypto:buildCMakeDebug[armeabi-v7a]' because:
[        ]   Build cache is disabled
[        ]   Caching has been disabled for the task
[        ] Task ':flutter_openssl_crypto:buildCMakeDebug[armeabi-v7a]' is not up-to-date because:
[        ]   Task.upToDateWhen is false.
[        ] C/C++: starting build
[        ] C/C++: reading expected JSONs
[        ] C/C++: done reading expected JSONs
[        ] C/C++: executing build commands for targets that produce .so files or executables
[        ] C/C++: evaluate miniconfig
[        ] C/C++: evaluate library flutter_openssl_crypto (armeabi-v7a)
[        ] C/C++: building target library flutter_openssl_crypto because no targets are specified.
[        ] C/C++: about to build targets flutter_openssl_crypto
[        ] C/C++: Build flutter_openssl_crypto
[        ] C/C++: /Users/florian/Library/Android/sdk/cmake/3.22.1/bin/ninja \
[        ]   -C \
[        ]   /Users/florian/.pub-cache/hosted/pub.dev/flutter_openssl_crypto-0.5.0/android/.cxx/Debug/42n1p1e4/armeabi-v7a \
[        ]   flutter_openssl_crypto
[        ] Starting process 'command '/Users/florian/Library/Android/sdk/cmake/3.22.1/bin/ninja''. Working directory: /Users/florian/.pub-cache/hosted/pub.dev/flutter_openssl_crypto-0.5.0/android Command: /Users/florian/Library/Android/sdk/cmake/3.22.1/bin/ninja -C /Users/florian/.pub-cache/hosted/pub.dev/flutter_openssl_crypto-0.5.0/android/.cxx/Debug/42n1p1e4/armeabi-v7a flutter_openssl_crypto
[        ] Successfully started process 'command '/Users/florian/Library/Android/sdk/cmake/3.22.1/bin/ninja''
[        ] C/C++: Received process result: 0
[        ] C/C++: check expected build outputs
[        ] C/C++: build complete
[        ] Resolve mutations for :flutter_openssl_crypto:configureCMakeDebug[x86] (Thread[#40111,Execution worker Thread 6,5,main]) started.
[        ] :flutter_openssl_crypto:configureCMakeDebug[x86] (Thread[#40111,Execution worker Thread 6,5,main]) started.
[        ] > Task :flutter_openssl_crypto:configureCMakeDebug[x86]
[        ] Caching disabled for task ':flutter_openssl_crypto:configureCMakeDebug[x86]' because:
[        ]   Build cache is disabled
[        ]   Caching has been disabled for the task
[        ] Task ':flutter_openssl_crypto:configureCMakeDebug[x86]' is not up-to-date because:
[        ]   Task.upToDateWhen is false.
[        ] C/C++: /Users/florian/.pub-cache/hosted/pub.dev/flutter_openssl_crypto-0.5.0/android/CMakeLists.txt profile|x86 : Start JSON generation. Platform version: 21 min SDK version: x86
[        ] C/C++: /Users/florian/.pub-cache/hosted/pub.dev/flutter_openssl_crypto-0.5.0/android/CMakeLists.txt profile|x86 : JSON '/Users/florian/.pub-cache/hosted/pub.dev/flutter_openssl_crypto-0.5.0/android/.cxx/Debug/42n1p1e4/x86/android_gradle_build.json' was up-to-date
[        ] C/C++: /Users/florian/.pub-cache/hosted/pub.dev/flutter_openssl_crypto-0.5.0/android/CMakeLists.txt profile|x86 : JSON generation completed without problems
[        ] C/C++: /Users/florian/.pub-cache/hosted/pub.dev/flutter_openssl_crypto-0.5.0/android/CMakeLists.txt profile|x86 : Writing build model to /Users/florian/Code/substitution/build/flutter_openssl_crypto/intermediates/cxx/Debug/42n1p1e4/logs/x86/build_model.json
[        ] Resolve mutations for :flutter_openssl_crypto:buildCMakeDebug[x86] (Thread[#40111,Execution worker Thread 6,5,main]) started.
[        ] :flutter_openssl_crypto:buildCMakeDebug[x86] (Thread[#40111,Execution worker Thread 6,5,main]) started.
[        ] > Task :flutter_openssl_crypto:buildCMakeDebug[x86]
[        ] Caching disabled for task ':flutter_openssl_crypto:buildCMakeDebug[x86]' because:
[        ]   Build cache is disabled
[        ]   Caching has been disabled for the task
[        ] Task ':flutter_openssl_crypto:buildCMakeDebug[x86]' is not up-to-date because:
[        ]   Task.upToDateWhen is false.
[        ] C/C++: starting build
[        ] C/C++: reading expected JSONs
[        ] C/C++: done reading expected JSONs
[        ] C/C++: executing build commands for targets that produce .so files or executables
[        ] C/C++: evaluate miniconfig
[        ] C/C++: evaluate library flutter_openssl_crypto (x86)
[        ] C/C++: building target library flutter_openssl_crypto because no targets are specified.
[        ] C/C++: about to build targets flutter_openssl_crypto
[        ] C/C++: Build flutter_openssl_crypto
[        ] C/C++: /Users/florian/Library/Android/sdk/cmake/3.22.1/bin/ninja \
[        ]   -C \
[        ]   /Users/florian/.pub-cache/hosted/pub.dev/flutter_openssl_crypto-0.5.0/android/.cxx/Debug/42n1p1e4/x86 \
[        ]   flutter_openssl_crypto
[        ] Starting process 'command '/Users/florian/Library/Android/sdk/cmake/3.22.1/bin/ninja''. Working directory: /Users/florian/.pub-cache/hosted/pub.dev/flutter_openssl_crypto-0.5.0/android Command: /Users/florian/Library/Android/sdk/cmake/3.22.1/bin/ninja -C /Users/florian/.pub-cache/hosted/pub.dev/flutter_openssl_crypto-0.5.0/android/.cxx/Debug/42n1p1e4/x86 flutter_openssl_crypto
[        ] Successfully started process 'command '/Users/florian/Library/Android/sdk/cmake/3.22.1/bin/ninja''
[        ] C/C++: Received process result: 0
[        ] C/C++: check expected build outputs
[        ] C/C++: build complete
[        ] Resolve mutations for :flutter_openssl_crypto:configureCMakeDebug[x86_64] (Thread[#40111,Execution worker Thread 6,5,main]) started.
[        ] :flutter_openssl_crypto:configureCMakeDebug[x86_64] (Thread[#40111,Execution worker Thread 6,5,main]) started.
[        ] > Task :flutter_openssl_crypto:configureCMakeDebug[x86_64]
[        ] Caching disabled for task ':flutter_openssl_crypto:configureCMakeDebug[x86_64]' because:
[        ]   Build cache is disabled
[        ]   Caching has been disabled for the task
[        ] Task ':flutter_openssl_crypto:configureCMakeDebug[x86_64]' is not up-to-date because:
[        ]   Task.upToDateWhen is false.
[        ] C/C++: /Users/florian/.pub-cache/hosted/pub.dev/flutter_openssl_crypto-0.5.0/android/CMakeLists.txt profile|x86_64 : Start JSON generation. Platform version: 21 min SDK version: x86_64
[        ] C/C++: /Users/florian/.pub-cache/hosted/pub.dev/flutter_openssl_crypto-0.5.0/android/CMakeLists.txt profile|x86_64 : JSON '/Users/florian/.pub-cache/hosted/pub.dev/flutter_openssl_crypto-0.5.0/android/.cxx/Debug/42n1p1e4/x86_64/android_gradle_build.json' was up-to-date
[        ] C/C++: /Users/florian/.pub-cache/hosted/pub.dev/flutter_openssl_crypto-0.5.0/android/CMakeLists.txt profile|x86_64 : JSON generation completed without problems
[        ] C/C++: /Users/florian/.pub-cache/hosted/pub.dev/flutter_openssl_crypto-0.5.0/android/CMakeLists.txt profile|x86_64 : Writing build model to /Users/florian/Code/substitution/build/flutter_openssl_crypto/intermediates/cxx/Debug/42n1p1e4/logs/x86_64/build_model.json
[        ] Resolve mutations for :flutter_openssl_crypto:buildCMakeDebug[x86_64] (Thread[#40111,Execution worker Thread 6,5,main]) started.
[        ] :flutter_openssl_crypto:buildCMakeDebug[x86_64] (Thread[#40111,Execution worker Thread 6,5,main]) started.
[        ] > Task :flutter_openssl_crypto:buildCMakeDebug[x86_64]
[        ] Caching disabled for task ':flutter_openssl_crypto:buildCMakeDebug[x86_64]' because:
[        ]   Build cache is disabled
[        ]   Caching has been disabled for the task
[        ] Task ':flutter_openssl_crypto:buildCMakeDebug[x86_64]' is not up-to-date because:
[        ]   Task.upToDateWhen is false.
[        ] C/C++: starting build
[        ] C/C++: reading expected JSONs
[        ] C/C++: done reading expected JSONs
[        ] C/C++: executing build commands for targets that produce .so files or executables
[        ] C/C++: evaluate miniconfig
[        ] C/C++: evaluate library flutter_openssl_crypto (x86_64)
[        ] C/C++: building target library flutter_openssl_crypto because no targets are specified.
[        ] C/C++: about to build targets flutter_openssl_crypto
[        ] C/C++: Build flutter_openssl_crypto
[        ] C/C++: /Users/florian/Library/Android/sdk/cmake/3.22.1/bin/ninja \
[        ]   -C \
[        ]   /Users/florian/.pub-cache/hosted/pub.dev/flutter_openssl_crypto-0.5.0/android/.cxx/Debug/42n1p1e4/x86_64 \
[        ]   flutter_openssl_crypto
[        ] Starting process 'command '/Users/florian/Library/Android/sdk/cmake/3.22.1/bin/ninja''. Working directory: /Users/florian/.pub-cache/hosted/pub.dev/flutter_openssl_crypto-0.5.0/android Command: /Users/florian/Library/Android/sdk/cmake/3.22.1/bin/ninja -C /Users/florian/.pub-cache/hosted/pub.dev/flutter_openssl_crypto-0.5.0/android/.cxx/Debug/42n1p1e4/x86_64 flutter_openssl_crypto
[        ] Successfully started process 'command '/Users/florian/Library/Android/sdk/cmake/3.22.1/bin/ninja''
[        ] C/C++: Received process result: 0
[        ] C/C++: check expected build outputs
[        ] C/C++: build complete
[        ] Resolve mutations for :flutter_openssl_crypto:mergeDebugJniLibFolders (Thread[#40111,Execution worker Thread 6,5,main]) started.
[        ] :flutter_openssl_crypto:mergeDebugJniLibFolders (Thread[#40111,Execution worker Thread 6,5,main]) started.
[        ] > Task :flutter_openssl_crypto:mergeDebugJniLibFolders UP-TO-DATE
[        ] Caching disabled for task ':flutter_openssl_crypto:mergeDebugJniLibFolders' because:
[        ]   Build cache is disabled
[        ]   Simple merging task
[        ] Skipping task ':flutter_openssl_crypto:mergeDebugJniLibFolders' as it is up-to-date.
[        ] Resolve mutations for :flutter_openssl_crypto:mergeDebugNativeLibs (Thread[#40111,Execution worker Thread 6,5,main]) started.
[        ] :flutter_openssl_crypto:mergeDebugNativeLibs (Thread[#40111,Execution worker Thread 6,5,main]) started.
[        ] > Task :flutter_openssl_crypto:mergeDebugNativeLibs UP-TO-DATE
[        ] Caching disabled for task ':flutter_openssl_crypto:mergeDebugNativeLibs' because:
[        ]   Build cache is disabled
[        ]   Caching has been disabled for the task
[        ] Skipping task ':flutter_openssl_crypto:mergeDebugNativeLibs' as it is up-to-date.
[        ] Resolve mutations for :flutter_openssl_crypto:copyDebugJniLibsProjectOnly (Thread[#40111,Execution worker Thread 6,5,main]) started.
[        ] :flutter_openssl_crypto:copyDebugJniLibsProjectOnly (Thread[#40111,Execution worker Thread 6,5,main]) started.
[        ] > Task :flutter_openssl_crypto:copyDebugJniLibsProjectOnly UP-TO-DATE
[        ] Caching disabled for task ':flutter_openssl_crypto:copyDebugJniLibsProjectOnly' because:
[        ]   Build cache is disabled
[        ]   Caching has been disabled for the task
[        ] Skipping task ':flutter_openssl_crypto:copyDebugJniLibsProjectOnly' as it is up-to-date.
[        ] work action resolve jni (project :flutter_openssl_crypto) (Thread[#40111,Execution worker Thread 6,5,main]) started.
[        ] Resolve mutations for :integration_test:mergeDebugJniLibFolders (Thread[#40111,Execution worker Thread 6,5,main]) started.
[        ] :integration_test:mergeDebugJniLibFolders (Thread[#40111,Execution worker Thread 6,5,main]) started.
[        ] > Task :integration_test:mergeDebugJniLibFolders UP-TO-DATE
[        ] Caching disabled for task ':integration_test:mergeDebugJniLibFolders' because:
[        ]   Build cache is disabled
[        ]   Simple merging task
[        ] Skipping task ':integration_test:mergeDebugJniLibFolders' as it is up-to-date.
[        ] Resolve mutations for :integration_test:mergeDebugNativeLibs (Thread[#40111,Execution worker Thread 6,5,main]) started.
[        ] :integration_test:mergeDebugNativeLibs (Thread[#40111,Execution worker Thread 6,5,main]) started.
[        ] > Task :integration_test:mergeDebugNativeLibs NO-SOURCE
[        ] Skipping task ':integration_test:mergeDebugNativeLibs' as it has no source files and no previous output files.
[        ] Resolve mutations for :integration_test:copyDebugJniLibsProjectOnly (Thread[#40111,Execution worker Thread 6,5,main]) started.
[        ] :integration_test:copyDebugJniLibsProjectOnly (Thread[#40111,Execution worker Thread 6,5,main]) started.
[        ] > Task :integration_test:copyDebugJniLibsProjectOnly UP-TO-DATE
[        ] Caching disabled for task ':integration_test:copyDebugJniLibsProjectOnly' because:
[        ]   Build cache is disabled
[        ]   Caching has been disabled for the task
[        ] Skipping task ':integration_test:copyDebugJniLibsProjectOnly' as it is up-to-date.
[        ] work action resolve jni (project :integration_test) (Thread[#40111,Execution worker Thread 6,5,main]) started.
[        ] Resolve mutations for :path_provider_android:mergeDebugJniLibFolders (Thread[#40111,Execution worker Thread 6,5,main]) started.
[        ] :path_provider_android:mergeDebugJniLibFolders (Thread[#40111,Execution worker Thread 6,5,main]) started.
[        ] > Task :path_provider_android:mergeDebugJniLibFolders UP-TO-DATE
[        ] Caching disabled for task ':path_provider_android:mergeDebugJniLibFolders' because:
[        ]   Build cache is disabled
[        ]   Simple merging task
[        ] Skipping task ':path_provider_android:mergeDebugJniLibFolders' as it is up-to-date.
[        ] Resolve mutations for :path_provider_android:mergeDebugNativeLibs (Thread[#40111,Execution worker Thread 6,5,main]) started.
[        ] :path_provider_android:mergeDebugNativeLibs (Thread[#40111,Execution worker Thread 6,5,main]) started.
[        ] > Task :path_provider_android:mergeDebugNativeLibs NO-SOURCE
[        ] Skipping task ':path_provider_android:mergeDebugNativeLibs' as it has no source files and no previous output files.
[        ] Resolve mutations for :path_provider_android:copyDebugJniLibsProjectOnly (Thread[#40111,Execution worker Thread 6,5,main]) started.
[        ] :path_provider_android:copyDebugJniLibsProjectOnly (Thread[#40111,Execution worker Thread 6,5,main]) started.
[        ] > Task :path_provider_android:copyDebugJniLibsProjectOnly UP-TO-DATE
[        ] Caching disabled for task ':path_provider_android:copyDebugJniLibsProjectOnly' because:
[        ]   Build cache is disabled
[        ]   Caching has been disabled for the task
[        ] Skipping task ':path_provider_android:copyDebugJniLibsProjectOnly' as it is up-to-date.
[        ] work action resolve jni (project :path_provider_android) (Thread[#40111,Execution worker Thread 6,5,main]) started.
[        ] Resolve mutations for :quill_native_bridge_android:mergeDebugJniLibFolders (Thread[#40111,Execution worker Thread 6,5,main]) started.
[        ] :quill_native_bridge_android:mergeDebugJniLibFolders (Thread[#40111,Execution worker Thread 6,5,main]) started.
[        ] > Task :quill_native_bridge_android:mergeDebugJniLibFolders UP-TO-DATE
[        ] Caching disabled for task ':quill_native_bridge_android:mergeDebugJniLibFolders' because:
[        ]   Build cache is disabled
[        ]   Simple merging task
[        ] Skipping task ':quill_native_bridge_android:mergeDebugJniLibFolders' as it is up-to-date.
[        ] Resolve mutations for :quill_native_bridge_android:mergeDebugNativeLibs (Thread[#40111,Execution worker Thread 6,5,main]) started.
[        ] :quill_native_bridge_android:mergeDebugNativeLibs (Thread[#40111,Execution worker Thread 6,5,main]) started.
[        ] > Task :quill_native_bridge_android:mergeDebugNativeLibs NO-SOURCE
[        ] Skipping task ':quill_native_bridge_android:mergeDebugNativeLibs' as it has no source files and no previous output files.
[        ] Resolve mutations for :quill_native_bridge_android:copyDebugJniLibsProjectOnly (Thread[#40111,Execution worker Thread 6,5,main]) started.
[        ] :quill_native_bridge_android:copyDebugJniLibsProjectOnly (Thread[#40111,Execution worker Thread 6,5,main]) started.
[        ] > Task :quill_native_bridge_android:copyDebugJniLibsProjectOnly UP-TO-DATE
[        ] Caching disabled for task ':quill_native_bridge_android:copyDebugJniLibsProjectOnly' because:
[        ]   Build cache is disabled
[        ]   Caching has been disabled for the task
[        ] Skipping task ':quill_native_bridge_android:copyDebugJniLibsProjectOnly' as it is up-to-date.
[        ] work action resolve jni (project :quill_native_bridge_android) (Thread[#40111,Execution worker Thread 6,5,main]) started.
[        ] Resolve mutations for :shared_preferences_android:mergeDebugJniLibFolders (Thread[#40111,Execution worker Thread 6,5,main]) started.
[        ] :shared_preferences_android:mergeDebugJniLibFolders (Thread[#40112,Execution worker Thread 7,5,main]) started.
[        ] > Task :shared_preferences_android:mergeDebugJniLibFolders UP-TO-DATE
[        ] Caching disabled for task ':shared_preferences_android:mergeDebugJniLibFolders' because:
[        ]   Build cache is disabled
[        ]   Simple merging task
[        ] Skipping task ':shared_preferences_android:mergeDebugJniLibFolders' as it is up-to-date.
[        ] Resolve mutations for :shared_preferences_android:mergeDebugNativeLibs (Thread[#40112,Execution worker Thread 7,5,main]) started.
[        ] :shared_preferences_android:mergeDebugNativeLibs (Thread[#40112,Execution worker Thread 7,5,main]) started.
[        ] > Task :shared_preferences_android:mergeDebugNativeLibs NO-SOURCE
[        ] Skipping task ':shared_preferences_android:mergeDebugNativeLibs' as it has no source files and no previous output files.
[        ] Resolve mutations for :shared_preferences_android:copyDebugJniLibsProjectOnly (Thread[#40112,Execution worker Thread 7,5,main]) started.
[        ] :shared_preferences_android:copyDebugJniLibsProjectOnly (Thread[#40112,Execution worker Thread 7,5,main]) started.
[        ] > Task :shared_preferences_android:copyDebugJniLibsProjectOnly UP-TO-DATE
[        ] Caching disabled for task ':shared_preferences_android:copyDebugJniLibsProjectOnly' because:
[        ]   Build cache is disabled
[        ]   Caching has been disabled for the task
[        ] Skipping task ':shared_preferences_android:copyDebugJniLibsProjectOnly' as it is up-to-date.
[        ] work action resolve jni (project :shared_preferences_android) (Thread[#40112,Execution worker Thread 7,5,main]) started.
[        ] Resolve mutations for :sqflite_android:mergeDebugJniLibFolders (Thread[#40112,Execution worker Thread 7,5,main]) started.
[        ] :sqflite_android:mergeDebugJniLibFolders (Thread[#40112,Execution worker Thread 7,5,main]) started.
[        ] > Task :sqflite_android:mergeDebugJniLibFolders UP-TO-DATE
[        ] Caching disabled for task ':sqflite_android:mergeDebugJniLibFolders' because:
[        ]   Build cache is disabled
[        ]   Simple merging task
[        ] Skipping task ':sqflite_android:mergeDebugJniLibFolders' as it is up-to-date.
[        ] Resolve mutations for :sqflite_android:mergeDebugNativeLibs (Thread[#40112,Execution worker Thread 7,5,main]) started.
[        ] :sqflite_android:mergeDebugNativeLibs (Thread[#40112,Execution worker Thread 7,5,main]) started.
[        ] > Task :sqflite_android:mergeDebugNativeLibs NO-SOURCE
[        ] Skipping task ':sqflite_android:mergeDebugNativeLibs' as it has no source files and no previous output files.
[        ] Resolve mutations for :sqflite_android:copyDebugJniLibsProjectOnly (Thread[#40112,Execution worker Thread 7,5,main]) started.
[        ] :sqflite_android:copyDebugJniLibsProjectOnly (Thread[#40112,Execution worker Thread 7,5,main]) started.
[        ] > Task :sqflite_android:copyDebugJniLibsProjectOnly UP-TO-DATE
[        ] Caching disabled for task ':sqflite_android:copyDebugJniLibsProjectOnly' because:
[        ]   Build cache is disabled
[        ]   Caching has been disabled for the task
[        ] Skipping task ':sqflite_android:copyDebugJniLibsProjectOnly' as it is up-to-date.
[        ] work action resolve jni (project :sqflite_android) (Thread[#40112,Execution worker Thread 7,5,main]) started.
[        ] Resolve mutations for :url_launcher_android:mergeDebugJniLibFolders (Thread[#40112,Execution worker Thread 7,5,main]) started.
[        ] :url_launcher_android:mergeDebugJniLibFolders (Thread[#40112,Execution worker Thread 7,5,main]) started.
[        ] > Task :url_launcher_android:mergeDebugJniLibFolders UP-TO-DATE
[        ] Caching disabled for task ':url_launcher_android:mergeDebugJniLibFolders' because:
[        ]   Build cache is disabled
[        ]   Simple merging task
[        ] Skipping task ':url_launcher_android:mergeDebugJniLibFolders' as it is up-to-date.
[        ] Resolve mutations for :url_launcher_android:mergeDebugNativeLibs (Thread[#40112,Execution worker Thread 7,5,main]) started.
[        ] :url_launcher_android:mergeDebugNativeLibs (Thread[#40112,Execution worker Thread 7,5,main]) started.
[        ] > Task :url_launcher_android:mergeDebugNativeLibs NO-SOURCE
[        ] Skipping task ':url_launcher_android:mergeDebugNativeLibs' as it has no source files and no previous output files.
[        ] Resolve mutations for :url_launcher_android:copyDebugJniLibsProjectOnly (Thread[#40112,Execution worker Thread 7,5,main]) started.
[        ] :url_launcher_android:copyDebugJniLibsProjectOnly (Thread[#40112,Execution worker Thread 7,5,main]) started.
[        ] > Task :url_launcher_android:copyDebugJniLibsProjectOnly UP-TO-DATE
[        ] Caching disabled for task ':url_launcher_android:copyDebugJniLibsProjectOnly' because:
[        ]   Build cache is disabled
[        ]   Caching has been disabled for the task
[        ] Skipping task ':url_launcher_android:copyDebugJniLibsProjectOnly' as it is up-to-date.
[        ] work action resolve jni (project :url_launcher_android) (Thread[#40112,Execution worker Thread 7,5,main]) started.
[        ] Resolve mutations for :video_player_android:mergeDebugJniLibFolders (Thread[#40112,Execution worker Thread 7,5,main]) started.
[        ] :video_player_android:mergeDebugJniLibFolders (Thread[#40112,Execution worker Thread 7,5,main]) started.
[        ] > Task :video_player_android:mergeDebugJniLibFolders UP-TO-DATE
[        ] Caching disabled for task ':video_player_android:mergeDebugJniLibFolders' because:
[        ]   Build cache is disabled
[        ]   Simple merging task
[        ] Skipping task ':video_player_android:mergeDebugJniLibFolders' as it is up-to-date.
[        ] Resolve mutations for :video_player_android:mergeDebugNativeLibs (Thread[#40112,Execution worker Thread 7,5,main]) started.
[        ] :video_player_android:mergeDebugNativeLibs (Thread[#40112,Execution worker Thread 7,5,main]) started.
[        ] > Task :video_player_android:mergeDebugNativeLibs NO-SOURCE
[        ] Skipping task ':video_player_android:mergeDebugNativeLibs' as it has no source files and no previous output files.
[        ] Resolve mutations for :video_player_android:copyDebugJniLibsProjectOnly (Thread[#40112,Execution worker Thread 7,5,main]) started.
[        ] :video_player_android:copyDebugJniLibsProjectOnly (Thread[#40112,Execution worker Thread 7,5,main]) started.
[        ] > Task :video_player_android:copyDebugJniLibsProjectOnly UP-TO-DATE
[        ] Caching disabled for task ':video_player_android:copyDebugJniLibsProjectOnly' because:
[        ]   Build cache is disabled
[        ]   Caching has been disabled for the task
[        ] Skipping task ':video_player_android:copyDebugJniLibsProjectOnly' as it is up-to-date.
[        ] work action resolve jni (project :video_player_android) (Thread[#40112,Execution worker Thread 7,5,main]) started.
[        ] Resolve mutations for :app:mergeDebugNativeLibs (Thread[#40112,Execution worker Thread 7,5,main]) started.
[        ] :app:mergeDebugNativeLibs (Thread[#40112,Execution worker Thread 7,5,main]) started.
[        ] > Task :app:mergeDebugNativeLibs UP-TO-DATE
[        ] Caching disabled for task ':app:mergeDebugNativeLibs' because:
[        ]   Build cache is disabled
[        ]   Caching has been disabled for the task
[        ] Skipping task ':app:mergeDebugNativeLibs' as it is up-to-date.
[        ] Resolve mutations for :app:stripDebugDebugSymbols (Thread[#40112,Execution worker Thread 7,5,main]) started.
[        ] :app:stripDebugDebugSymbols (Thread[#40112,Execution worker Thread 7,5,main]) started.
[        ] > Task :app:stripDebugDebugSymbols UP-TO-DATE
[        ] Caching disabled for task ':app:stripDebugDebugSymbols' because:
[        ]   Build cache is disabled
[        ]   Caching has been disabled for the task
[        ] Skipping task ':app:stripDebugDebugSymbols' as it is up-to-date.
[        ] Resolve mutations for :app:validateSigningDebug (Thread[#40112,Execution worker Thread 7,5,main]) started.
[        ] :app:validateSigningDebug (Thread[#40112,Execution worker Thread 7,5,main]) started.
[        ] > Task :app:validateSigningDebug UP-TO-DATE
[        ] Caching disabled for task ':app:validateSigningDebug' because:
[        ]   Build cache is disabled
[        ]   Caching has been disabled for the task
[        ] Skipping task ':app:validateSigningDebug' as it is up-to-date.
[        ] Resolve mutations for :app:writeDebugAppMetadata (Thread[#40112,Execution worker Thread 7,5,main]) started.
[        ] :app:writeDebugAppMetadata (Thread[#40112,Execution worker Thread 7,5,main]) started.
[        ] > Task :app:writeDebugAppMetadata UP-TO-DATE
[        ] Caching disabled for task ':app:writeDebugAppMetadata' because:
[        ]   Build cache is disabled
[        ]   Caching has been disabled for the task
[        ] Skipping task ':app:writeDebugAppMetadata' as it is up-to-date.
[        ] Resolve mutations for :app:writeDebugSigningConfigVersions (Thread[#40112,Execution worker Thread 7,5,main]) started.
[        ] :app:writeDebugSigningConfigVersions (Thread[#40112,Execution worker Thread 7,5,main]) started.
[        ] > Task :app:writeDebugSigningConfigVersions UP-TO-DATE
[        ] Caching disabled for task ':app:writeDebugSigningConfigVersions' because:
[        ]   Build cache is disabled
[        ]   Caching has been disabled for the task
[        ] Skipping task ':app:writeDebugSigningConfigVersions' as it is up-to-date.
[        ] Resolve mutations for :connectivity_plus:stripDebugDebugSymbols (Thread[#40112,Execution worker Thread 7,5,main]) started.
[        ] :connectivity_plus:stripDebugDebugSymbols (Thread[#40112,Execution worker Thread 7,5,main]) started.
[        ] > Task :connectivity_plus:stripDebugDebugSymbols NO-SOURCE
[        ] Skipping task ':connectivity_plus:stripDebugDebugSymbols' as it has no source files and no previous output files.
[        ] Resolve mutations for :connectivity_plus:copyDebugJniLibsProjectAndLocalJars (Thread[#40112,Execution worker Thread 7,5,main]) started.
[        ] :connectivity_plus:copyDebugJniLibsProjectAndLocalJars (Thread[#40112,Execution worker Thread 7,5,main]) started.
[        ] > Task :connectivity_plus:copyDebugJniLibsProjectAndLocalJars UP-TO-DATE
[        ] Caching disabled for task ':connectivity_plus:copyDebugJniLibsProjectAndLocalJars' because:
[        ]   Build cache is disabled
[        ]   Caching has been disabled for the task
[        ] Skipping task ':connectivity_plus:copyDebugJniLibsProjectAndLocalJars' as it is up-to-date.
[        ] Resolve mutations for :connectivity_plus:extractDebugAnnotations (Thread[#40112,Execution worker Thread 7,5,main]) started.
[        ] :connectivity_plus:extractDebugAnnotations (Thread[#40112,Execution worker Thread 7,5,main]) started.
[  +84 ms] > Task :connectivity_plus:extractDebugAnnotations UP-TO-DATE
[        ] Caching disabled for task ':connectivity_plus:extractDebugAnnotations' because:
[        ]   Build cache is disabled
[        ] Skipping task ':connectivity_plus:extractDebugAnnotations' as it is up-to-date.
[        ] Resolve mutations for :connectivity_plus:extractDeepLinksForAarDebug (Thread[#40112,Execution worker Thread 7,5,main]) started.
[        ] :connectivity_plus:extractDeepLinksForAarDebug (Thread[#40112,Execution worker Thread 7,5,main]) started.
[        ] > Task :connectivity_plus:extractDeepLinksForAarDebug UP-TO-DATE
[        ] Caching disabled for task ':connectivity_plus:extractDeepLinksForAarDebug' because:
[        ]   Build cache is disabled
[        ] Skipping task ':connectivity_plus:extractDeepLinksForAarDebug' as it is up-to-date.
[        ] Resolve mutations for :connectivity_plus:mergeDebugGeneratedProguardFiles (Thread[#40112,Execution worker Thread 7,5,main]) started.
[        ] :connectivity_plus:mergeDebugGeneratedProguardFiles (Thread[#40112,Execution worker Thread 7,5,main]) started.
[        ] > Task :connectivity_plus:mergeDebugGeneratedProguardFiles UP-TO-DATE
[        ] Caching disabled for task ':connectivity_plus:mergeDebugGeneratedProguardFiles' because:
[        ]   Build cache is disabled
[        ]   Simple merging task
[        ] Skipping task ':connectivity_plus:mergeDebugGeneratedProguardFiles' as it is up-to-date.
[        ] Resolve mutations for :connectivity_plus:mergeDebugConsumerProguardFiles (Thread[#40112,Execution worker Thread 7,5,main]) started.
[        ] :connectivity_plus:mergeDebugConsumerProguardFiles (Thread[#40112,Execution worker Thread 7,5,main]) started.
[        ] > Task :connectivity_plus:mergeDebugConsumerProguardFiles UP-TO-DATE
[        ] Caching disabled for task ':connectivity_plus:mergeDebugConsumerProguardFiles' because:
[        ]   Build cache is disabled
[        ]   Simple merging task
[        ] Skipping task ':connectivity_plus:mergeDebugConsumerProguardFiles' as it is up-to-date.
[        ] Resolve mutations for :connectivity_plus:prepareDebugArtProfile (Thread[#40112,Execution worker Thread 7,5,main]) started.
[        ] :connectivity_plus:prepareDebugArtProfile (Thread[#40112,Execution worker Thread 7,5,main]) started.
[        ] > Task :connectivity_plus:prepareDebugArtProfile UP-TO-DATE
[        ] Caching disabled for task ':connectivity_plus:prepareDebugArtProfile' because:
[        ]   Build cache is disabled
[        ]   Caching has been disabled for the task
[        ] Skipping task ':connectivity_plus:prepareDebugArtProfile' as it is up-to-date.
[        ] Resolve mutations for :connectivity_plus:prepareLintJarForPublish (Thread[#40112,Execution worker Thread 7,5,main]) started.
[        ] :connectivity_plus:prepareLintJarForPublish (Thread[#40112,Execution worker Thread 7,5,main]) started.
[        ] > Task :connectivity_plus:prepareLintJarForPublish UP-TO-DATE
[        ] Caching disabled for task ':connectivity_plus:prepareLintJarForPublish' because:
[        ]   Build cache is disabled
[        ]   Caching has been disabled for the task
[        ] Skipping task ':connectivity_plus:prepareLintJarForPublish' as it is up-to-date.
[        ] Resolve mutations for :connectivity_plus:mergeDebugJavaResource (Thread[#40112,Execution worker Thread 7,5,main]) started.
[        ] :connectivity_plus:mergeDebugJavaResource (Thread[#40112,Execution worker Thread 7,5,main]) started.
[        ] > Task :connectivity_plus:mergeDebugJavaResource UP-TO-DATE
[        ] Caching disabled for task ':connectivity_plus:mergeDebugJavaResource' because:
[        ]   Build cache is disabled
[        ]   Caching has been disabled for the task
[        ] Skipping task ':connectivity_plus:mergeDebugJavaResource' as it is up-to-date.
[        ] Resolve mutations for :connectivity_plus:syncDebugLibJars (Thread[#40112,Execution worker Thread 7,5,main]) started.
[        ] :connectivity_plus:syncDebugLibJars (Thread[#40112,Execution worker Thread 7,5,main]) started.
[        ] > Task :connectivity_plus:syncDebugLibJars UP-TO-DATE
[        ] Caching disabled for task ':connectivity_plus:syncDebugLibJars' because:
[        ]   Build cache is disabled
[        ] Skipping task ':connectivity_plus:syncDebugLibJars' as it is up-to-date.
[        ] Resolve mutations for :connectivity_plus:bundleDebugAar (Thread[#40112,Execution worker Thread 7,5,main]) started.
[        ] :connectivity_plus:bundleDebugAar (Thread[#40112,Execution worker Thread 7,5,main]) started.
[        ] > Task :connectivity_plus:bundleDebugAar UP-TO-DATE
[        ] Caching disabled for task ':connectivity_plus:bundleDebugAar' because:
[        ]   Build cache is disabled
[        ]   Caching has been disabled for the task
[        ] Skipping task ':connectivity_plus:bundleDebugAar' as it is up-to-date.
[        ] Resolve mutations for :connectivity_plus:assembleDebug (Thread[#40112,Execution worker Thread 7,5,main]) started.
[        ] :connectivity_plus:assembleDebug (Thread[#40112,Execution worker Thread 7,5,main]) started.
[        ] > Task :connectivity_plus:assembleDebug UP-TO-DATE
[        ] Skipping task ':connectivity_plus:assembleDebug' as it has no actions.
[        ] Resolve mutations for :emoji_picker_flutter:stripDebugDebugSymbols (Thread[#40112,Execution worker Thread 7,5,main]) started.
[        ] :emoji_picker_flutter:stripDebugDebugSymbols (Thread[#40112,Execution worker Thread 7,5,main]) started.
[        ] > Task :emoji_picker_flutter:stripDebugDebugSymbols NO-SOURCE
[        ] Skipping task ':emoji_picker_flutter:stripDebugDebugSymbols' as it has no source files and no previous output files.
[        ] Resolve mutations for :emoji_picker_flutter:copyDebugJniLibsProjectAndLocalJars (Thread[#40112,Execution worker Thread 7,5,main]) started.
[        ] :emoji_picker_flutter:copyDebugJniLibsProjectAndLocalJars (Thread[#40112,Execution worker Thread 7,5,main]) started.
[        ] > Task :emoji_picker_flutter:copyDebugJniLibsProjectAndLocalJars UP-TO-DATE
[        ] Caching disabled for task ':emoji_picker_flutter:copyDebugJniLibsProjectAndLocalJars' because:
[        ]   Build cache is disabled
[        ]   Caching has been disabled for the task
[        ] Skipping task ':emoji_picker_flutter:copyDebugJniLibsProjectAndLocalJars' as it is up-to-date.
[        ] Resolve mutations for :emoji_picker_flutter:extractDebugAnnotations (Thread[#40112,Execution worker Thread 7,5,main]) started.
[        ] :emoji_picker_flutter:extractDebugAnnotations (Thread[#40112,Execution worker Thread 7,5,main]) started.
[        ] > Task :emoji_picker_flutter:extractDebugAnnotations UP-TO-DATE
[        ] Caching disabled for task ':emoji_picker_flutter:extractDebugAnnotations' because:
[        ]   Build cache is disabled
[        ] Skipping task ':emoji_picker_flutter:extractDebugAnnotations' as it is up-to-date.
[        ] Resolve mutations for :emoji_picker_flutter:extractDeepLinksForAarDebug (Thread[#40112,Execution worker Thread 7,5,main]) started.
[        ] :emoji_picker_flutter:extractDeepLinksForAarDebug (Thread[#40112,Execution worker Thread 7,5,main]) started.
[        ] > Task :emoji_picker_flutter:extractDeepLinksForAarDebug UP-TO-DATE
[        ] Caching disabled for task ':emoji_picker_flutter:extractDeepLinksForAarDebug' because:
[        ]   Build cache is disabled
[        ] Skipping task ':emoji_picker_flutter:extractDeepLinksForAarDebug' as it is up-to-date.
[        ] Resolve mutations for :emoji_picker_flutter:mergeDebugGeneratedProguardFiles (Thread[#40112,Execution worker Thread 7,5,main]) started.
[        ] :emoji_picker_flutter:mergeDebugGeneratedProguardFiles (Thread[#40112,Execution worker Thread 7,5,main]) started.
[        ] > Task :emoji_picker_flutter:mergeDebugGeneratedProguardFiles UP-TO-DATE
[        ] Caching disabled for task ':emoji_picker_flutter:mergeDebugGeneratedProguardFiles' because:
[        ]   Build cache is disabled
[        ]   Simple merging task
[        ] Skipping task ':emoji_picker_flutter:mergeDebugGeneratedProguardFiles' as it is up-to-date.
[        ] Resolve mutations for :emoji_picker_flutter:mergeDebugConsumerProguardFiles (Thread[#40112,Execution worker Thread 7,5,main]) started.
[        ] :emoji_picker_flutter:mergeDebugConsumerProguardFiles (Thread[#40112,Execution worker Thread 7,5,main]) started.
[        ] > Task :emoji_picker_flutter:mergeDebugConsumerProguardFiles UP-TO-DATE
[        ] Caching disabled for task ':emoji_picker_flutter:mergeDebugConsumerProguardFiles' because:
[        ]   Build cache is disabled
[        ]   Simple merging task
[        ] Skipping task ':emoji_picker_flutter:mergeDebugConsumerProguardFiles' as it is up-to-date.
[        ] Resolve mutations for :emoji_picker_flutter:prepareDebugArtProfile (Thread[#40112,Execution worker Thread 7,5,main]) started.
[        ] :emoji_picker_flutter:prepareDebugArtProfile (Thread[#40112,Execution worker Thread 7,5,main]) started.
[        ] > Task :emoji_picker_flutter:prepareDebugArtProfile UP-TO-DATE
[        ] Caching disabled for task ':emoji_picker_flutter:prepareDebugArtProfile' because:
[        ]   Build cache is disabled
[        ]   Caching has been disabled for the task
[        ] Skipping task ':emoji_picker_flutter:prepareDebugArtProfile' as it is up-to-date.
[        ] Resolve mutations for :emoji_picker_flutter:prepareLintJarForPublish (Thread[#40112,Execution worker Thread 7,5,main]) started.
[        ] :emoji_picker_flutter:prepareLintJarForPublish (Thread[#40112,Execution worker Thread 7,5,main]) started.
[        ] > Task :emoji_picker_flutter:prepareLintJarForPublish UP-TO-DATE
[        ] Caching disabled for task ':emoji_picker_flutter:prepareLintJarForPublish' because:
[        ]   Build cache is disabled
[        ]   Caching has been disabled for the task
[        ] Skipping task ':emoji_picker_flutter:prepareLintJarForPublish' as it is up-to-date.
[        ] Resolve mutations for :emoji_picker_flutter:mergeDebugJavaResource (Thread[#40107,Execution worker Thread 2,5,main]) started.
[        ] :emoji_picker_flutter:mergeDebugJavaResource (Thread[#40107,Execution worker Thread 2,5,main]) started.
[        ] > Task :emoji_picker_flutter:mergeDebugJavaResource UP-TO-DATE
[        ] Caching disabled for task ':emoji_picker_flutter:mergeDebugJavaResource' because:
[        ]   Build cache is disabled
[        ]   Caching has been disabled for the task
[        ] Skipping task ':emoji_picker_flutter:mergeDebugJavaResource' as it is up-to-date.
[        ] Resolve mutations for :emoji_picker_flutter:syncDebugLibJars (Thread[#40107,Execution worker Thread 2,5,main]) started.
[        ] :emoji_picker_flutter:syncDebugLibJars (Thread[#40107,Execution worker Thread 2,5,main]) started.
[        ] > Task :emoji_picker_flutter:syncDebugLibJars UP-TO-DATE
[        ] Caching disabled for task ':emoji_picker_flutter:syncDebugLibJars' because:
[        ]   Build cache is disabled
[        ] Skipping task ':emoji_picker_flutter:syncDebugLibJars' as it is up-to-date.
[        ] Resolve mutations for :emoji_picker_flutter:bundleDebugAar (Thread[#40107,Execution worker Thread 2,5,main]) started.
[        ] :emoji_picker_flutter:bundleDebugAar (Thread[#40107,Execution worker Thread 2,5,main]) started.
[        ] > Task :emoji_picker_flutter:bundleDebugAar UP-TO-DATE
[        ] Caching disabled for task ':emoji_picker_flutter:bundleDebugAar' because:
[        ]   Build cache is disabled
[        ]   Caching has been disabled for the task
[        ] Skipping task ':emoji_picker_flutter:bundleDebugAar' as it is up-to-date.
[        ] Resolve mutations for :emoji_picker_flutter:assembleDebug (Thread[#40107,Execution worker Thread 2,5,main]) started.
[        ] :emoji_picker_flutter:assembleDebug (Thread[#40107,Execution worker Thread 2,5,main]) started.
[        ] > Task :emoji_picker_flutter:assembleDebug UP-TO-DATE
[        ] Skipping task ':emoji_picker_flutter:assembleDebug' as it has no actions.
[        ] Resolve mutations for :file_selector_android:stripDebugDebugSymbols (Thread[#40107,Execution worker Thread 2,5,main]) started.
[        ] :file_selector_android:stripDebugDebugSymbols (Thread[#40107,Execution worker Thread 2,5,main]) started.
[        ] > Task :file_selector_android:stripDebugDebugSymbols NO-SOURCE
[        ] Skipping task ':file_selector_android:stripDebugDebugSymbols' as it has no source files and no previous output files.
[        ] Resolve mutations for :file_selector_android:copyDebugJniLibsProjectAndLocalJars (Thread[#40107,Execution worker Thread 2,5,main]) started.
[        ] :file_selector_android:copyDebugJniLibsProjectAndLocalJars (Thread[#40107,Execution worker Thread 2,5,main]) started.
[        ] > Task :file_selector_android:copyDebugJniLibsProjectAndLocalJars UP-TO-DATE
[        ] Caching disabled for task ':file_selector_android:copyDebugJniLibsProjectAndLocalJars' because:
[        ]   Build cache is disabled
[        ]   Caching has been disabled for the task
[        ] Skipping task ':file_selector_android:copyDebugJniLibsProjectAndLocalJars' as it is up-to-date.
[        ] Resolve mutations for :file_selector_android:extractDebugAnnotations (Thread[#40107,Execution worker Thread 2,5,main]) started.
[        ] :file_selector_android:extractDebugAnnotations (Thread[#40107,Execution worker Thread 2,5,main]) started.
[        ] > Task :file_selector_android:extractDebugAnnotations UP-TO-DATE
[        ] Caching disabled for task ':file_selector_android:extractDebugAnnotations' because:
[        ]   Build cache is disabled
[        ] Skipping task ':file_selector_android:extractDebugAnnotations' as it is up-to-date.
[        ] Resolve mutations for :file_selector_android:extractDeepLinksForAarDebug (Thread[#40107,Execution worker Thread 2,5,main]) started.
[        ] :file_selector_android:extractDeepLinksForAarDebug (Thread[#40107,Execution worker Thread 2,5,main]) started.
[        ] > Task :file_selector_android:extractDeepLinksForAarDebug UP-TO-DATE
[        ] Caching disabled for task ':file_selector_android:extractDeepLinksForAarDebug' because:
[        ]   Build cache is disabled
[        ] Skipping task ':file_selector_android:extractDeepLinksForAarDebug' as it is up-to-date.
[        ] Resolve mutations for :file_selector_android:mergeDebugGeneratedProguardFiles (Thread[#40107,Execution worker Thread 2,5,main]) started.
[        ] :file_selector_android:mergeDebugGeneratedProguardFiles (Thread[#40107,Execution worker Thread 2,5,main]) started.
[        ] > Task :file_selector_android:mergeDebugGeneratedProguardFiles UP-TO-DATE
[        ] Caching disabled for task ':file_selector_android:mergeDebugGeneratedProguardFiles' because:
[        ]   Build cache is disabled
[        ]   Simple merging task
[        ] Skipping task ':file_selector_android:mergeDebugGeneratedProguardFiles' as it is up-to-date.
[        ] Resolve mutations for :file_selector_android:mergeDebugConsumerProguardFiles (Thread[#40107,Execution worker Thread 2,5,main]) started.
[        ] :file_selector_android:mergeDebugConsumerProguardFiles (Thread[#40107,Execution worker Thread 2,5,main]) started.
[        ] > Task :file_selector_android:mergeDebugConsumerProguardFiles UP-TO-DATE
[        ] Caching disabled for task ':file_selector_android:mergeDebugConsumerProguardFiles' because:
[        ]   Build cache is disabled
[        ]   Simple merging task
[        ] Skipping task ':file_selector_android:mergeDebugConsumerProguardFiles' as it is up-to-date.
[        ] Resolve mutations for :file_selector_android:prepareDebugArtProfile (Thread[#40107,Execution worker Thread 2,5,main]) started.
[        ] :file_selector_android:prepareDebugArtProfile (Thread[#40107,Execution worker Thread 2,5,main]) started.
[        ] > Task :file_selector_android:prepareDebugArtProfile UP-TO-DATE
[        ] Caching disabled for task ':file_selector_android:prepareDebugArtProfile' because:
[        ]   Build cache is disabled
[        ]   Caching has been disabled for the task
[        ] Skipping task ':file_selector_android:prepareDebugArtProfile' as it is up-to-date.
[        ] Resolve mutations for :file_selector_android:prepareLintJarForPublish (Thread[#40107,Execution worker Thread 2,5,main]) started.
[        ] :file_selector_android:prepareLintJarForPublish (Thread[#40107,Execution worker Thread 2,5,main]) started.
[        ] > Task :file_selector_android:prepareLintJarForPublish UP-TO-DATE
[        ] Caching disabled for task ':file_selector_android:prepareLintJarForPublish' because:
[        ]   Build cache is disabled
[        ]   Caching has been disabled for the task
[        ] Skipping task ':file_selector_android:prepareLintJarForPublish' as it is up-to-date.
[        ] Resolve mutations for :file_selector_android:mergeDebugJavaResource (Thread[#40107,Execution worker Thread 2,5,main]) started.
[        ] :file_selector_android:mergeDebugJavaResource (Thread[#40107,Execution worker Thread 2,5,main]) started.
[        ] > Task :file_selector_android:mergeDebugJavaResource UP-TO-DATE
[        ] Caching disabled for task ':file_selector_android:mergeDebugJavaResource' because:
[        ]   Build cache is disabled
[        ]   Caching has been disabled for the task
[        ] Skipping task ':file_selector_android:mergeDebugJavaResource' as it is up-to-date.
[        ] Resolve mutations for :file_selector_android:syncDebugLibJars (Thread[#40107,Execution worker Thread 2,5,main]) started.
[        ] :file_selector_android:syncDebugLibJars (Thread[#40107,Execution worker Thread 2,5,main]) started.
[        ] > Task :file_selector_android:syncDebugLibJars UP-TO-DATE
[        ] Caching disabled for task ':file_selector_android:syncDebugLibJars' because:
[        ]   Build cache is disabled
[        ] Skipping task ':file_selector_android:syncDebugLibJars' as it is up-to-date.
[        ] Resolve mutations for :file_selector_android:bundleDebugAar (Thread[#40107,Execution worker Thread 2,5,main]) started.
[        ] :file_selector_android:bundleDebugAar (Thread[#40107,Execution worker Thread 2,5,main]) started.
[        ] > Task :file_selector_android:bundleDebugAar UP-TO-DATE
[        ] Caching disabled for task ':file_selector_android:bundleDebugAar' because:
[        ]   Build cache is disabled
[        ]   Caching has been disabled for the task
[        ] Skipping task ':file_selector_android:bundleDebugAar' as it is up-to-date.
[        ] Resolve mutations for :file_selector_android:assembleDebug (Thread[#40107,Execution worker Thread 2,5,main]) started.
[        ] :file_selector_android:assembleDebug (Thread[#40107,Execution worker Thread 2,5,main]) started.
[        ] > Task :file_selector_android:assembleDebug UP-TO-DATE
[        ] Skipping task ':file_selector_android:assembleDebug' as it has no actions.
[        ] Resolve mutations for :flutter_keyboard_visibility_temp_fork:stripDebugDebugSymbols (Thread[#40107,Execution worker Thread 2,5,main]) started.
[        ] :flutter_keyboard_visibility_temp_fork:stripDebugDebugSymbols (Thread[#40107,Execution worker Thread 2,5,main]) started.
[        ] > Task :flutter_keyboard_visibility_temp_fork:stripDebugDebugSymbols NO-SOURCE
[        ] Skipping task ':flutter_keyboard_visibility_temp_fork:stripDebugDebugSymbols' as it has no source files and no previous output files.
[        ] Resolve mutations for :flutter_keyboard_visibility_temp_fork:copyDebugJniLibsProjectAndLocalJars (Thread[#40107,Execution worker Thread 2,5,main]) started.
[        ] :flutter_keyboard_visibility_temp_fork:copyDebugJniLibsProjectAndLocalJars (Thread[#40107,Execution worker Thread 2,5,main]) started.
[        ] > Task :flutter_keyboard_visibility_temp_fork:copyDebugJniLibsProjectAndLocalJars UP-TO-DATE
[        ] Caching disabled for task ':flutter_keyboard_visibility_temp_fork:copyDebugJniLibsProjectAndLocalJars' because:
[        ]   Build cache is disabled
[        ]   Caching has been disabled for the task
[        ] Skipping task ':flutter_keyboard_visibility_temp_fork:copyDebugJniLibsProjectAndLocalJars' as it is up-to-date.
[        ] Resolve mutations for :flutter_keyboard_visibility_temp_fork:extractDebugAnnotations (Thread[#40107,Execution worker Thread 2,5,main]) started.
[        ] :flutter_keyboard_visibility_temp_fork:extractDebugAnnotations (Thread[#40107,Execution worker Thread 2,5,main]) started.
[        ] > Task :flutter_keyboard_visibility_temp_fork:extractDebugAnnotations UP-TO-DATE
[        ] Caching disabled for task ':flutter_keyboard_visibility_temp_fork:extractDebugAnnotations' because:
[        ]   Build cache is disabled
[        ] Skipping task ':flutter_keyboard_visibility_temp_fork:extractDebugAnnotations' as it is up-to-date.
[        ] Resolve mutations for :flutter_keyboard_visibility_temp_fork:extractDeepLinksForAarDebug (Thread[#40107,Execution worker Thread 2,5,main]) started.
[        ] :flutter_keyboard_visibility_temp_fork:extractDeepLinksForAarDebug (Thread[#40107,Execution worker Thread 2,5,main]) started.
[        ] > Task :flutter_keyboard_visibility_temp_fork:extractDeepLinksForAarDebug UP-TO-DATE
[        ] Caching disabled for task ':flutter_keyboard_visibility_temp_fork:extractDeepLinksForAarDebug' because:
[        ]   Build cache is disabled
[        ] Skipping task ':flutter_keyboard_visibility_temp_fork:extractDeepLinksForAarDebug' as it is up-to-date.
[        ] Resolve mutations for :flutter_keyboard_visibility_temp_fork:mergeDebugGeneratedProguardFiles (Thread[#40107,Execution worker Thread 2,5,main]) started.
[        ] :flutter_keyboard_visibility_temp_fork:mergeDebugGeneratedProguardFiles (Thread[#40107,Execution worker Thread 2,5,main]) started.
[        ] > Task :flutter_keyboard_visibility_temp_fork:mergeDebugGeneratedProguardFiles UP-TO-DATE
[        ] Caching disabled for task ':flutter_keyboard_visibility_temp_fork:mergeDebugGeneratedProguardFiles' because:
[        ]   Build cache is disabled
[        ]   Simple merging task
[        ] Skipping task ':flutter_keyboard_visibility_temp_fork:mergeDebugGeneratedProguardFiles' as it is up-to-date.
[        ] Resolve mutations for :flutter_keyboard_visibility_temp_fork:mergeDebugConsumerProguardFiles (Thread[#40107,Execution worker Thread 2,5,main]) started.
[        ] :flutter_keyboard_visibility_temp_fork:mergeDebugConsumerProguardFiles (Thread[#40107,Execution worker Thread 2,5,main]) started.
[        ] > Task :flutter_keyboard_visibility_temp_fork:mergeDebugConsumerProguardFiles UP-TO-DATE
[        ] Caching disabled for task ':flutter_keyboard_visibility_temp_fork:mergeDebugConsumerProguardFiles' because:
[        ]   Build cache is disabled
[        ]   Simple merging task
[        ] Skipping task ':flutter_keyboard_visibility_temp_fork:mergeDebugConsumerProguardFiles' as it is up-to-date.
[        ] Resolve mutations for :flutter_keyboard_visibility_temp_fork:prepareDebugArtProfile (Thread[#40107,Execution worker Thread 2,5,main]) started.
[        ] :flutter_keyboard_visibility_temp_fork:prepareDebugArtProfile (Thread[#40107,Execution worker Thread 2,5,main]) started.
[        ] > Task :flutter_keyboard_visibility_temp_fork:prepareDebugArtProfile UP-TO-DATE
[        ] Caching disabled for task ':flutter_keyboard_visibility_temp_fork:prepareDebugArtProfile' because:
[        ]   Build cache is disabled
[        ]   Caching has been disabled for the task
[        ] Skipping task ':flutter_keyboard_visibility_temp_fork:prepareDebugArtProfile' as it is up-to-date.
[        ] Resolve mutations for :flutter_keyboard_visibility_temp_fork:prepareLintJarForPublish (Thread[#40107,Execution worker Thread 2,5,main]) started.
[        ] :flutter_keyboard_visibility_temp_fork:prepareLintJarForPublish (Thread[#40107,Execution worker Thread 2,5,main]) started.
[        ] > Task :flutter_keyboard_visibility_temp_fork:prepareLintJarForPublish UP-TO-DATE
[        ] Caching disabled for task ':flutter_keyboard_visibility_temp_fork:prepareLintJarForPublish' because:
[        ]   Build cache is disabled
[        ]   Caching has been disabled for the task
[        ] Skipping task ':flutter_keyboard_visibility_temp_fork:prepareLintJarForPublish' as it is up-to-date.
[        ] Resolve mutations for :flutter_keyboard_visibility_temp_fork:mergeDebugJavaResource (Thread[#40107,Execution worker Thread 2,5,main]) started.
[        ] :flutter_keyboard_visibility_temp_fork:mergeDebugJavaResource (Thread[#40107,Execution worker Thread 2,5,main]) started.
[        ] > Task :flutter_keyboard_visibility_temp_fork:mergeDebugJavaResource UP-TO-DATE
[        ] Caching disabled for task ':flutter_keyboard_visibility_temp_fork:mergeDebugJavaResource' because:
[        ]   Build cache is disabled
[        ]   Caching has been disabled for the task
[        ] Skipping task ':flutter_keyboard_visibility_temp_fork:mergeDebugJavaResource' as it is up-to-date.
[        ] Resolve mutations for :flutter_keyboard_visibility_temp_fork:syncDebugLibJars (Thread[#40107,Execution worker Thread 2,5,main]) started.
[        ] :flutter_keyboard_visibility_temp_fork:syncDebugLibJars (Thread[#40107,Execution worker Thread 2,5,main]) started.
[        ] > Task :flutter_keyboard_visibility_temp_fork:syncDebugLibJars UP-TO-DATE
[        ] Caching disabled for task ':flutter_keyboard_visibility_temp_fork:syncDebugLibJars' because:
[        ]   Build cache is disabled
[        ] Skipping task ':flutter_keyboard_visibility_temp_fork:syncDebugLibJars' as it is up-to-date.
[        ] Resolve mutations for :flutter_keyboard_visibility_temp_fork:bundleDebugAar (Thread[#40107,Execution worker Thread 2,5,main]) started.
[        ] :flutter_keyboard_visibility_temp_fork:bundleDebugAar (Thread[#40107,Execution worker Thread 2,5,main]) started.
[        ] > Task :flutter_keyboard_visibility_temp_fork:bundleDebugAar UP-TO-DATE
[        ] Caching disabled for task ':flutter_keyboard_visibility_temp_fork:bundleDebugAar' because:
[        ]   Build cache is disabled
[        ]   Caching has been disabled for the task
[        ] Skipping task ':flutter_keyboard_visibility_temp_fork:bundleDebugAar' as it is up-to-date.
[        ] Resolve mutations for :flutter_keyboard_visibility_temp_fork:assembleDebug (Thread[#40107,Execution worker Thread 2,5,main]) started.
[        ] :flutter_keyboard_visibility_temp_fork:assembleDebug (Thread[#40107,Execution worker Thread 2,5,main]) started.
[        ] > Task :flutter_keyboard_visibility_temp_fork:assembleDebug UP-TO-DATE
[        ] Skipping task ':flutter_keyboard_visibility_temp_fork:assembleDebug' as it has no actions.
[        ] Resolve mutations for :flutter_native_splash:stripDebugDebugSymbols (Thread[#40107,Execution worker Thread 2,5,main]) started.
[        ] :flutter_native_splash:stripDebugDebugSymbols (Thread[#40107,Execution worker Thread 2,5,main]) started.
[        ] > Task :flutter_native_splash:stripDebugDebugSymbols NO-SOURCE
[        ] Skipping task ':flutter_native_splash:stripDebugDebugSymbols' as it has no source files and no previous output files.
[        ] Resolve mutations for :flutter_native_splash:copyDebugJniLibsProjectAndLocalJars (Thread[#40107,Execution worker Thread 2,5,main]) started.
[        ] :flutter_native_splash:copyDebugJniLibsProjectAndLocalJars (Thread[#40107,Execution worker Thread 2,5,main]) started.
[        ] > Task :flutter_native_splash:copyDebugJniLibsProjectAndLocalJars UP-TO-DATE
[        ] Caching disabled for task ':flutter_native_splash:copyDebugJniLibsProjectAndLocalJars' because:
[        ]   Build cache is disabled
[        ]   Caching has been disabled for the task
[        ] Skipping task ':flutter_native_splash:copyDebugJniLibsProjectAndLocalJars' as it is up-to-date.
[        ] Resolve mutations for :flutter_native_splash:extractDebugAnnotations (Thread[#40107,Execution worker Thread 2,5,main]) started.
[        ] :flutter_native_splash:extractDebugAnnotations (Thread[#40107,Execution worker Thread 2,5,main]) started.
[        ] > Task :flutter_native_splash:extractDebugAnnotations UP-TO-DATE
[        ] Caching disabled for task ':flutter_native_splash:extractDebugAnnotations' because:
[        ]   Build cache is disabled
[        ] Skipping task ':flutter_native_splash:extractDebugAnnotations' as it is up-to-date.
[        ] Resolve mutations for :flutter_native_splash:extractDeepLinksForAarDebug (Thread[#40107,Execution worker Thread 2,5,main]) started.
[        ] :flutter_native_splash:extractDeepLinksForAarDebug (Thread[#40107,Execution worker Thread 2,5,main]) started.
[        ] > Task :flutter_native_splash:extractDeepLinksForAarDebug UP-TO-DATE
[        ] Caching disabled for task ':flutter_native_splash:extractDeepLinksForAarDebug' because:
[        ]   Build cache is disabled
[        ] Skipping task ':flutter_native_splash:extractDeepLinksForAarDebug' as it is up-to-date.
[        ] Resolve mutations for :flutter_native_splash:mergeDebugGeneratedProguardFiles (Thread[#40107,Execution worker Thread 2,5,main]) started.
[        ] :flutter_native_splash:mergeDebugGeneratedProguardFiles (Thread[#40107,Execution worker Thread 2,5,main]) started.
[        ] > Task :flutter_native_splash:mergeDebugGeneratedProguardFiles UP-TO-DATE
[        ] Caching disabled for task ':flutter_native_splash:mergeDebugGeneratedProguardFiles' because:
[        ]   Build cache is disabled
[        ]   Simple merging task
[        ] Skipping task ':flutter_native_splash:mergeDebugGeneratedProguardFiles' as it is up-to-date.
[        ] Resolve mutations for :flutter_native_splash:mergeDebugConsumerProguardFiles (Thread[#40107,Execution worker Thread 2,5,main]) started.
[        ] :flutter_native_splash:mergeDebugConsumerProguardFiles (Thread[#40107,Execution worker Thread 2,5,main]) started.
[        ] > Task :flutter_native_splash:mergeDebugConsumerProguardFiles UP-TO-DATE
[        ] Caching disabled for task ':flutter_native_splash:mergeDebugConsumerProguardFiles' because:
[        ]   Build cache is disabled
[        ]   Simple merging task
[        ] Skipping task ':flutter_native_splash:mergeDebugConsumerProguardFiles' as it is up-to-date.
[        ] Resolve mutations for :flutter_native_splash:prepareDebugArtProfile (Thread[#40107,Execution worker Thread 2,5,main]) started.
[        ] :flutter_native_splash:prepareDebugArtProfile (Thread[#40107,Execution worker Thread 2,5,main]) started.
[        ] > Task :flutter_native_splash:prepareDebugArtProfile UP-TO-DATE
[        ] Caching disabled for task ':flutter_native_splash:prepareDebugArtProfile' because:
[        ]   Build cache is disabled
[        ]   Caching has been disabled for the task
[        ] Skipping task ':flutter_native_splash:prepareDebugArtProfile' as it is up-to-date.
[        ] Resolve mutations for :flutter_native_splash:prepareLintJarForPublish (Thread[#40107,Execution worker Thread 2,5,main]) started.
[        ] :flutter_native_splash:prepareLintJarForPublish (Thread[#40107,Execution worker Thread 2,5,main]) started.
[        ] > Task :flutter_native_splash:prepareLintJarForPublish UP-TO-DATE
[        ] Caching disabled for task ':flutter_native_splash:prepareLintJarForPublish' because:
[        ]   Build cache is disabled
[        ]   Caching has been disabled for the task
[        ] Skipping task ':flutter_native_splash:prepareLintJarForPublish' as it is up-to-date.
[        ] Resolve mutations for :flutter_native_splash:mergeDebugJavaResource (Thread[#40107,Execution worker Thread 2,5,main]) started.
[        ] :flutter_native_splash:mergeDebugJavaResource (Thread[#40107,Execution worker Thread 2,5,main]) started.
[        ] > Task :flutter_native_splash:mergeDebugJavaResource UP-TO-DATE
[        ] Caching disabled for task ':flutter_native_splash:mergeDebugJavaResource' because:
[        ]   Build cache is disabled
[        ]   Caching has been disabled for the task
[        ] Skipping task ':flutter_native_splash:mergeDebugJavaResource' as it is up-to-date.
[        ] Resolve mutations for :flutter_native_splash:syncDebugLibJars (Thread[#40107,Execution worker Thread 2,5,main]) started.
[        ] :flutter_native_splash:syncDebugLibJars (Thread[#40107,Execution worker Thread 2,5,main]) started.
[        ] > Task :flutter_native_splash:syncDebugLibJars UP-TO-DATE
[        ] Caching disabled for task ':flutter_native_splash:syncDebugLibJars' because:
[        ]   Build cache is disabled
[        ] Skipping task ':flutter_native_splash:syncDebugLibJars' as it is up-to-date.
[        ] Resolve mutations for :flutter_native_splash:bundleDebugAar (Thread[#40107,Execution worker Thread 2,5,main]) started.
[        ] :flutter_native_splash:bundleDebugAar (Thread[#40107,Execution worker Thread 2,5,main]) started.
[        ] > Task :flutter_native_splash:bundleDebugAar UP-TO-DATE
[        ] Caching disabled for task ':flutter_native_splash:bundleDebugAar' because:
[        ]   Build cache is disabled
[        ]   Caching has been disabled for the task
[        ] Skipping task ':flutter_native_splash:bundleDebugAar' as it is up-to-date.
[        ] Resolve mutations for :flutter_native_splash:assembleDebug (Thread[#40107,Execution worker Thread 2,5,main]) started.
[        ] :flutter_native_splash:assembleDebug (Thread[#40107,Execution worker Thread 2,5,main]) started.
[        ] > Task :flutter_native_splash:assembleDebug UP-TO-DATE
[        ] Skipping task ':flutter_native_splash:assembleDebug' as it has no actions.
[        ] Resolve mutations for :flutter_olm:stripDebugDebugSymbols (Thread[#40107,Execution worker Thread 2,5,main]) started.
[        ] :flutter_olm:stripDebugDebugSymbols (Thread[#40107,Execution worker Thread 2,5,main]) started.
[        ] > Task :flutter_olm:stripDebugDebugSymbols UP-TO-DATE
[        ] Caching disabled for task ':flutter_olm:stripDebugDebugSymbols' because:
[        ]   Build cache is disabled
[        ]   Caching has been disabled for the task
[        ] Skipping task ':flutter_olm:stripDebugDebugSymbols' as it is up-to-date.
[        ] Resolve mutations for :flutter_olm:copyDebugJniLibsProjectAndLocalJars (Thread[#40107,Execution worker Thread 2,5,main]) started.
[        ] :flutter_olm:copyDebugJniLibsProjectAndLocalJars (Thread[#40107,Execution worker Thread 2,5,main]) started.
[        ] > Task :flutter_olm:copyDebugJniLibsProjectAndLocalJars UP-TO-DATE
[        ] Caching disabled for task ':flutter_olm:copyDebugJniLibsProjectAndLocalJars' because:
[        ]   Build cache is disabled
[        ]   Caching has been disabled for the task
[        ] Skipping task ':flutter_olm:copyDebugJniLibsProjectAndLocalJars' as it is up-to-date.
[        ] Resolve mutations for :flutter_olm:extractDebugAnnotations (Thread[#40107,Execution worker Thread 2,5,main]) started.
[        ] :flutter_olm:extractDebugAnnotations (Thread[#40132,Execution worker Thread 26,5,main]) started.
[        ] > Task :flutter_olm:extractDebugAnnotations UP-TO-DATE
[        ] Caching disabled for task ':flutter_olm:extractDebugAnnotations' because:
[        ]   Build cache is disabled
[        ] Skipping task ':flutter_olm:extractDebugAnnotations' as it is up-to-date.
[        ] Resolve mutations for :flutter_olm:extractDeepLinksForAarDebug (Thread[#40132,Execution worker Thread 26,5,main]) started.
[        ] :flutter_olm:extractDeepLinksForAarDebug (Thread[#40132,Execution worker Thread 26,5,main]) started.
[        ] > Task :flutter_olm:extractDeepLinksForAarDebug UP-TO-DATE
[        ] Caching disabled for task ':flutter_olm:extractDeepLinksForAarDebug' because:
[        ]   Build cache is disabled
[        ] Skipping task ':flutter_olm:extractDeepLinksForAarDebug' as it is up-to-date.
[        ] Resolve mutations for :flutter_olm:mergeDebugGeneratedProguardFiles (Thread[#40132,Execution worker Thread 26,5,main]) started.
[        ] :flutter_olm:mergeDebugGeneratedProguardFiles (Thread[#40132,Execution worker Thread 26,5,main]) started.
[        ] > Task :flutter_olm:mergeDebugGeneratedProguardFiles UP-TO-DATE
[        ] Caching disabled for task ':flutter_olm:mergeDebugGeneratedProguardFiles' because:
[        ]   Build cache is disabled
[        ]   Simple merging task
[        ] Skipping task ':flutter_olm:mergeDebugGeneratedProguardFiles' as it is up-to-date.
[        ] Resolve mutations for :flutter_olm:mergeDebugConsumerProguardFiles (Thread[#40132,Execution worker Thread 26,5,main]) started.
[        ] :flutter_olm:mergeDebugConsumerProguardFiles (Thread[#40132,Execution worker Thread 26,5,main]) started.
[        ] > Task :flutter_olm:mergeDebugConsumerProguardFiles UP-TO-DATE
[        ] Caching disabled for task ':flutter_olm:mergeDebugConsumerProguardFiles' because:
[        ]   Build cache is disabled
[        ]   Simple merging task
[        ] Skipping task ':flutter_olm:mergeDebugConsumerProguardFiles' as it is up-to-date.
[        ] Resolve mutations for :flutter_olm:prepareDebugArtProfile (Thread[#40132,Execution worker Thread 26,5,main]) started.
[        ] :flutter_olm:prepareDebugArtProfile (Thread[#40132,Execution worker Thread 26,5,main]) started.
[        ] > Task :flutter_olm:prepareDebugArtProfile UP-TO-DATE
[        ] Caching disabled for task ':flutter_olm:prepareDebugArtProfile' because:
[        ]   Build cache is disabled
[        ]   Caching has been disabled for the task
[        ] Skipping task ':flutter_olm:prepareDebugArtProfile' as it is up-to-date.
[        ] Resolve mutations for :flutter_olm:prepareLintJarForPublish (Thread[#40132,Execution worker Thread 26,5,main]) started.
[        ] :flutter_olm:prepareLintJarForPublish (Thread[#40132,Execution worker Thread 26,5,main]) started.
[        ] > Task :flutter_olm:prepareLintJarForPublish UP-TO-DATE
[        ] Caching disabled for task ':flutter_olm:prepareLintJarForPublish' because:
[        ]   Build cache is disabled
[        ]   Caching has been disabled for the task
[        ] Skipping task ':flutter_olm:prepareLintJarForPublish' as it is up-to-date.
[        ] Resolve mutations for :flutter_olm:mergeDebugJavaResource (Thread[#40132,Execution worker Thread 26,5,main]) started.
[        ] :flutter_olm:mergeDebugJavaResource (Thread[#40132,Execution worker Thread 26,5,main]) started.
[        ] > Task :flutter_olm:mergeDebugJavaResource UP-TO-DATE
[        ] Caching disabled for task ':flutter_olm:mergeDebugJavaResource' because:
[        ]   Build cache is disabled
[        ]   Caching has been disabled for the task
[        ] Skipping task ':flutter_olm:mergeDebugJavaResource' as it is up-to-date.
[        ] Resolve mutations for :flutter_olm:syncDebugLibJars (Thread[#40132,Execution worker Thread 26,5,main]) started.
[        ] :flutter_olm:syncDebugLibJars (Thread[#40132,Execution worker Thread 26,5,main]) started.
[        ] > Task :flutter_olm:syncDebugLibJars UP-TO-DATE
[        ] Caching disabled for task ':flutter_olm:syncDebugLibJars' because:
[        ]   Build cache is disabled
[        ] Skipping task ':flutter_olm:syncDebugLibJars' as it is up-to-date.
[        ] Resolve mutations for :flutter_olm:bundleDebugAar (Thread[#40132,Execution worker Thread 26,5,main]) started.
[        ] :flutter_olm:bundleDebugAar (Thread[#40132,Execution worker Thread 26,5,main]) started.
[        ] > Task :flutter_olm:bundleDebugAar UP-TO-DATE
[        ] Caching disabled for task ':flutter_olm:bundleDebugAar' because:
[        ]   Build cache is disabled
[        ]   Caching has been disabled for the task
[        ] Skipping task ':flutter_olm:bundleDebugAar' as it is up-to-date.
[        ] Resolve mutations for :flutter_olm:assembleDebug (Thread[#40132,Execution worker Thread 26,5,main]) started.
[        ] :flutter_olm:assembleDebug (Thread[#40132,Execution worker Thread 26,5,main]) started.
[        ] > Task :flutter_olm:assembleDebug UP-TO-DATE
[        ] Skipping task ':flutter_olm:assembleDebug' as it has no actions.
[        ] Resolve mutations for :flutter_openssl_crypto:stripDebugDebugSymbols (Thread[#40132,Execution worker Thread 26,5,main]) started.
[        ] :flutter_openssl_crypto:stripDebugDebugSymbols (Thread[#40132,Execution worker Thread 26,5,main]) started.
[        ] > Task :flutter_openssl_crypto:stripDebugDebugSymbols UP-TO-DATE
[        ] Caching disabled for task ':flutter_openssl_crypto:stripDebugDebugSymbols' because:
[        ]   Build cache is disabled
[        ]   Caching has been disabled for the task
[        ] Skipping task ':flutter_openssl_crypto:stripDebugDebugSymbols' as it is up-to-date.
[        ] Resolve mutations for :flutter_openssl_crypto:copyDebugJniLibsProjectAndLocalJars (Thread[#40132,Execution worker Thread 26,5,main]) started.
[        ] :flutter_openssl_crypto:copyDebugJniLibsProjectAndLocalJars (Thread[#40132,Execution worker Thread 26,5,main]) started.
[        ] > Task :flutter_openssl_crypto:copyDebugJniLibsProjectAndLocalJars UP-TO-DATE
[        ] Caching disabled for task ':flutter_openssl_crypto:copyDebugJniLibsProjectAndLocalJars' because:
[        ]   Build cache is disabled
[        ]   Caching has been disabled for the task
[        ] Skipping task ':flutter_openssl_crypto:copyDebugJniLibsProjectAndLocalJars' as it is up-to-date.
[        ] Resolve mutations for :flutter_openssl_crypto:extractDebugAnnotations (Thread[#40132,Execution worker Thread 26,5,main]) started.
[        ] :flutter_openssl_crypto:extractDebugAnnotations (Thread[#40132,Execution worker Thread 26,5,main]) started.
[        ] > Task :flutter_openssl_crypto:extractDebugAnnotations UP-TO-DATE
[        ] Caching disabled for task ':flutter_openssl_crypto:extractDebugAnnotations' because:
[        ]   Build cache is disabled
[        ] Skipping task ':flutter_openssl_crypto:extractDebugAnnotations' as it is up-to-date.
[        ] Resolve mutations for :flutter_openssl_crypto:extractDeepLinksForAarDebug (Thread[#40132,Execution worker Thread 26,5,main]) started.
[        ] :flutter_openssl_crypto:extractDeepLinksForAarDebug (Thread[#40132,Execution worker Thread 26,5,main]) started.
[        ] > Task :flutter_openssl_crypto:extractDeepLinksForAarDebug UP-TO-DATE
[        ] Caching disabled for task ':flutter_openssl_crypto:extractDeepLinksForAarDebug' because:
[        ]   Build cache is disabled
[        ] Skipping task ':flutter_openssl_crypto:extractDeepLinksForAarDebug' as it is up-to-date.
[        ] Resolve mutations for :flutter_openssl_crypto:mergeDebugGeneratedProguardFiles (Thread[#40132,Execution worker Thread 26,5,main]) started.
[        ] :flutter_openssl_crypto:mergeDebugGeneratedProguardFiles (Thread[#40132,Execution worker Thread 26,5,main]) started.
[        ] > Task :flutter_openssl_crypto:mergeDebugGeneratedProguardFiles UP-TO-DATE
[        ] Caching disabled for task ':flutter_openssl_crypto:mergeDebugGeneratedProguardFiles' because:
[        ]   Build cache is disabled
[        ]   Simple merging task
[        ] Skipping task ':flutter_openssl_crypto:mergeDebugGeneratedProguardFiles' as it is up-to-date.
[        ] Resolve mutations for :flutter_openssl_crypto:mergeDebugConsumerProguardFiles (Thread[#40132,Execution worker Thread 26,5,main]) started.
[        ] :flutter_openssl_crypto:mergeDebugConsumerProguardFiles (Thread[#40132,Execution worker Thread 26,5,main]) started.
[        ] > Task :flutter_openssl_crypto:mergeDebugConsumerProguardFiles UP-TO-DATE
[        ] Caching disabled for task ':flutter_openssl_crypto:mergeDebugConsumerProguardFiles' because:
[        ]   Build cache is disabled
[        ]   Simple merging task
[        ] Skipping task ':flutter_openssl_crypto:mergeDebugConsumerProguardFiles' as it is up-to-date.
[        ] Resolve mutations for :flutter_openssl_crypto:prepareDebugArtProfile (Thread[#40132,Execution worker Thread 26,5,main]) started.
[        ] :flutter_openssl_crypto:prepareDebugArtProfile (Thread[#40132,Execution worker Thread 26,5,main]) started.
[        ] > Task :flutter_openssl_crypto:prepareDebugArtProfile UP-TO-DATE
[        ] Caching disabled for task ':flutter_openssl_crypto:prepareDebugArtProfile' because:
[        ]   Build cache is disabled
[        ]   Caching has been disabled for the task
[        ] Skipping task ':flutter_openssl_crypto:prepareDebugArtProfile' as it is up-to-date.
[        ] Resolve mutations for :flutter_openssl_crypto:prepareLintJarForPublish (Thread[#40132,Execution worker Thread 26,5,main]) started.
[        ] :flutter_openssl_crypto:prepareLintJarForPublish (Thread[#40132,Execution worker Thread 26,5,main]) started.
[        ] > Task :flutter_openssl_crypto:prepareLintJarForPublish UP-TO-DATE
[        ] Caching disabled for task ':flutter_openssl_crypto:prepareLintJarForPublish' because:
[        ]   Build cache is disabled
[        ]   Caching has been disabled for the task
[        ] Skipping task ':flutter_openssl_crypto:prepareLintJarForPublish' as it is up-to-date.
[        ] Resolve mutations for :flutter_openssl_crypto:mergeDebugJavaResource (Thread[#40132,Execution worker Thread 26,5,main]) started.
[        ] :flutter_openssl_crypto:mergeDebugJavaResource (Thread[#40132,Execution worker Thread 26,5,main]) started.
[        ] > Task :flutter_openssl_crypto:mergeDebugJavaResource UP-TO-DATE
[        ] Caching disabled for task ':flutter_openssl_crypto:mergeDebugJavaResource' because:
[        ]   Build cache is disabled
[        ]   Caching has been disabled for the task
[        ] Skipping task ':flutter_openssl_crypto:mergeDebugJavaResource' as it is up-to-date.
[        ] Resolve mutations for :flutter_openssl_crypto:syncDebugLibJars (Thread[#40132,Execution worker Thread 26,5,main]) started.
[        ] :flutter_openssl_crypto:syncDebugLibJars (Thread[#40132,Execution worker Thread 26,5,main]) started.
[        ] > Task :flutter_openssl_crypto:syncDebugLibJars UP-TO-DATE
[        ] Caching disabled for task ':flutter_openssl_crypto:syncDebugLibJars' because:
[        ]   Build cache is disabled
[        ] Skipping task ':flutter_openssl_crypto:syncDebugLibJars' as it is up-to-date.
[        ] Resolve mutations for :flutter_openssl_crypto:bundleDebugAar (Thread[#40132,Execution worker Thread 26,5,main]) started.
[        ] :flutter_openssl_crypto:bundleDebugAar (Thread[#40132,Execution worker Thread 26,5,main]) started.
[        ] > Task :flutter_openssl_crypto:bundleDebugAar UP-TO-DATE
[        ] Caching disabled for task ':flutter_openssl_crypto:bundleDebugAar' because:
[        ]   Build cache is disabled
[        ]   Caching has been disabled for the task
[        ] Skipping task ':flutter_openssl_crypto:bundleDebugAar' as it is up-to-date.
[        ] Resolve mutations for :flutter_openssl_crypto:assembleDebug (Thread[#40132,Execution worker Thread 26,5,main]) started.
[        ] :flutter_openssl_crypto:assembleDebug (Thread[#40132,Execution worker Thread 26,5,main]) started.
[        ] > Task :flutter_openssl_crypto:assembleDebug UP-TO-DATE
[        ] Skipping task ':flutter_openssl_crypto:assembleDebug' as it has no actions.
[        ] Resolve mutations for :integration_test:stripDebugDebugSymbols (Thread[#40132,Execution worker Thread 26,5,main]) started.
[        ] :integration_test:stripDebugDebugSymbols (Thread[#40132,Execution worker Thread 26,5,main]) started.
[        ] > Task :integration_test:stripDebugDebugSymbols NO-SOURCE
[        ] Skipping task ':integration_test:stripDebugDebugSymbols' as it has no source files and no previous output files.
[        ] Resolve mutations for :integration_test:copyDebugJniLibsProjectAndLocalJars (Thread[#40132,Execution worker Thread 26,5,main]) started.
[        ] :integration_test:copyDebugJniLibsProjectAndLocalJars (Thread[#40132,Execution worker Thread 26,5,main]) started.
[        ] > Task :integration_test:copyDebugJniLibsProjectAndLocalJars UP-TO-DATE
[        ] Caching disabled for task ':integration_test:copyDebugJniLibsProjectAndLocalJars' because:
[        ]   Build cache is disabled
[        ]   Caching has been disabled for the task
[        ] Skipping task ':integration_test:copyDebugJniLibsProjectAndLocalJars' as it is up-to-date.
[        ] Resolve mutations for :integration_test:extractDebugAnnotations (Thread[#40132,Execution worker Thread 26,5,main]) started.
[        ] :integration_test:extractDebugAnnotations (Thread[#40132,Execution worker Thread 26,5,main]) started.
[        ] > Task :integration_test:extractDebugAnnotations UP-TO-DATE
[        ] Caching disabled for task ':integration_test:extractDebugAnnotations' because:
[        ]   Build cache is disabled
[        ] Skipping task ':integration_test:extractDebugAnnotations' as it is up-to-date.
[        ] Resolve mutations for :integration_test:extractDeepLinksForAarDebug (Thread[#40132,Execution worker Thread 26,5,main]) started.
[        ] :integration_test:extractDeepLinksForAarDebug (Thread[#40132,Execution worker Thread 26,5,main]) started.
[        ] > Task :integration_test:extractDeepLinksForAarDebug UP-TO-DATE
[        ] Caching disabled for task ':integration_test:extractDeepLinksForAarDebug' because:
[        ]   Build cache is disabled
[        ] Skipping task ':integration_test:extractDeepLinksForAarDebug' as it is up-to-date.
[        ] Resolve mutations for :integration_test:mergeDebugGeneratedProguardFiles (Thread[#40132,Execution worker Thread 26,5,main]) started.
[        ] :integration_test:mergeDebugGeneratedProguardFiles (Thread[#40132,Execution worker Thread 26,5,main]) started.
[        ] > Task :integration_test:mergeDebugGeneratedProguardFiles UP-TO-DATE
[        ] Caching disabled for task ':integration_test:mergeDebugGeneratedProguardFiles' because:
[        ]   Build cache is disabled
[        ]   Simple merging task
[        ] Skipping task ':integration_test:mergeDebugGeneratedProguardFiles' as it is up-to-date.
[        ] Resolve mutations for :integration_test:mergeDebugConsumerProguardFiles (Thread[#40132,Execution worker Thread 26,5,main]) started.
[        ] :integration_test:mergeDebugConsumerProguardFiles (Thread[#40132,Execution worker Thread 26,5,main]) started.
[        ] > Task :integration_test:mergeDebugConsumerProguardFiles UP-TO-DATE
[        ] Caching disabled for task ':integration_test:mergeDebugConsumerProguardFiles' because:
[        ]   Build cache is disabled
[        ]   Simple merging task
[        ] Skipping task ':integration_test:mergeDebugConsumerProguardFiles' as it is up-to-date.
[        ] Resolve mutations for :integration_test:prepareDebugArtProfile (Thread[#40132,Execution worker Thread 26,5,main]) started.
[        ] :integration_test:prepareDebugArtProfile (Thread[#40132,Execution worker Thread 26,5,main]) started.
[        ] > Task :integration_test:prepareDebugArtProfile UP-TO-DATE
[        ] Caching disabled for task ':integration_test:prepareDebugArtProfile' because:
[        ]   Build cache is disabled
[        ]   Caching has been disabled for the task
[        ] Skipping task ':integration_test:prepareDebugArtProfile' as it is up-to-date.
[        ] Resolve mutations for :integration_test:prepareLintJarForPublish (Thread[#40132,Execution worker Thread 26,5,main]) started.
[        ] :integration_test:prepareLintJarForPublish (Thread[#40132,Execution worker Thread 26,5,main]) started.
[        ] > Task :integration_test:prepareLintJarForPublish UP-TO-DATE
[        ] Caching disabled for task ':integration_test:prepareLintJarForPublish' because:
[        ]   Build cache is disabled
[        ]   Caching has been disabled for the task
[        ] Skipping task ':integration_test:prepareLintJarForPublish' as it is up-to-date.
[        ] Resolve mutations for :integration_test:mergeDebugJavaResource (Thread[#40132,Execution worker Thread 26,5,main]) started.
[        ] :integration_test:mergeDebugJavaResource (Thread[#40132,Execution worker Thread 26,5,main]) started.
[        ] > Task :integration_test:mergeDebugJavaResource UP-TO-DATE
[        ] Caching disabled for task ':integration_test:mergeDebugJavaResource' because:
[        ]   Build cache is disabled
[        ]   Caching has been disabled for the task
[        ] Skipping task ':integration_test:mergeDebugJavaResource' as it is up-to-date.
[        ] Resolve mutations for :integration_test:syncDebugLibJars (Thread[#40132,Execution worker Thread 26,5,main]) started.
[        ] :integration_test:syncDebugLibJars (Thread[#40132,Execution worker Thread 26,5,main]) started.
[        ] > Task :integration_test:syncDebugLibJars UP-TO-DATE
[        ] Caching disabled for task ':integration_test:syncDebugLibJars' because:
[        ]   Build cache is disabled
[        ] Skipping task ':integration_test:syncDebugLibJars' as it is up-to-date.
[        ] Resolve mutations for :integration_test:bundleDebugAar (Thread[#40132,Execution worker Thread 26,5,main]) started.
[        ] :integration_test:bundleDebugAar (Thread[#40132,Execution worker Thread 26,5,main]) started.
[        ] > Task :integration_test:bundleDebugAar UP-TO-DATE
[        ] Caching disabled for task ':integration_test:bundleDebugAar' because:
[        ]   Build cache is disabled
[        ]   Caching has been disabled for the task
[        ] Skipping task ':integration_test:bundleDebugAar' as it is up-to-date.
[        ] Resolve mutations for :integration_test:assembleDebug (Thread[#40132,Execution worker Thread 26,5,main]) started.
[        ] :integration_test:assembleDebug (Thread[#40132,Execution worker Thread 26,5,main]) started.
[        ] > Task :integration_test:assembleDebug UP-TO-DATE
[        ] Skipping task ':integration_test:assembleDebug' as it has no actions.
[        ] Resolve mutations for :path_provider_android:stripDebugDebugSymbols (Thread[#40132,Execution worker Thread 26,5,main]) started.
[        ] :path_provider_android:stripDebugDebugSymbols (Thread[#40132,Execution worker Thread 26,5,main]) started.
[        ] > Task :path_provider_android:stripDebugDebugSymbols NO-SOURCE
[        ] Skipping task ':path_provider_android:stripDebugDebugSymbols' as it has no source files and no previous output files.
[        ] Resolve mutations for :path_provider_android:copyDebugJniLibsProjectAndLocalJars (Thread[#40132,Execution worker Thread 26,5,main]) started.
[        ] :path_provider_android:copyDebugJniLibsProjectAndLocalJars (Thread[#40132,Execution worker Thread 26,5,main]) started.
[        ] > Task :path_provider_android:copyDebugJniLibsProjectAndLocalJars UP-TO-DATE
[        ] Caching disabled for task ':path_provider_android:copyDebugJniLibsProjectAndLocalJars' because:
[        ]   Build cache is disabled
[        ]   Caching has been disabled for the task
[        ] Skipping task ':path_provider_android:copyDebugJniLibsProjectAndLocalJars' as it is up-to-date.
[        ] Resolve mutations for :path_provider_android:extractDebugAnnotations (Thread[#40132,Execution worker Thread 26,5,main]) started.
[        ] :path_provider_android:extractDebugAnnotations (Thread[#40132,Execution worker Thread 26,5,main]) started.
[        ] > Task :path_provider_android:extractDebugAnnotations UP-TO-DATE
[        ] Caching disabled for task ':path_provider_android:extractDebugAnnotations' because:
[        ]   Build cache is disabled
[        ] Skipping task ':path_provider_android:extractDebugAnnotations' as it is up-to-date.
[        ] Resolve mutations for :path_provider_android:extractDeepLinksForAarDebug (Thread[#40132,Execution worker Thread 26,5,main]) started.
[        ] :path_provider_android:extractDeepLinksForAarDebug (Thread[#40132,Execution worker Thread 26,5,main]) started.
[        ] > Task :path_provider_android:extractDeepLinksForAarDebug UP-TO-DATE
[        ] Caching disabled for task ':path_provider_android:extractDeepLinksForAarDebug' because:
[        ]   Build cache is disabled
[        ] Skipping task ':path_provider_android:extractDeepLinksForAarDebug' as it is up-to-date.
[        ] Resolve mutations for :path_provider_android:mergeDebugGeneratedProguardFiles (Thread[#40132,Execution worker Thread 26,5,main]) started.
[        ] :path_provider_android:mergeDebugGeneratedProguardFiles (Thread[#40132,Execution worker Thread 26,5,main]) started.
[        ] > Task :path_provider_android:mergeDebugGeneratedProguardFiles UP-TO-DATE
[        ] Caching disabled for task ':path_provider_android:mergeDebugGeneratedProguardFiles' because:
[        ]   Build cache is disabled
[        ]   Simple merging task
[        ] Skipping task ':path_provider_android:mergeDebugGeneratedProguardFiles' as it is up-to-date.
[        ] Resolve mutations for :path_provider_android:mergeDebugConsumerProguardFiles (Thread[#40132,Execution worker Thread 26,5,main]) started.
[        ] :path_provider_android:mergeDebugConsumerProguardFiles (Thread[#40132,Execution worker Thread 26,5,main]) started.
[        ] > Task :path_provider_android:mergeDebugConsumerProguardFiles UP-TO-DATE
[        ] Caching disabled for task ':path_provider_android:mergeDebugConsumerProguardFiles' because:
[        ]   Build cache is disabled
[        ]   Simple merging task
[        ] Skipping task ':path_provider_android:mergeDebugConsumerProguardFiles' as it is up-to-date.
[        ] Resolve mutations for :path_provider_android:prepareDebugArtProfile (Thread[#40132,Execution worker Thread 26,5,main]) started.
[        ] :path_provider_android:prepareDebugArtProfile (Thread[#40132,Execution worker Thread 26,5,main]) started.
[        ] > Task :path_provider_android:prepareDebugArtProfile UP-TO-DATE
[        ] Caching disabled for task ':path_provider_android:prepareDebugArtProfile' because:
[        ]   Build cache is disabled
[        ]   Caching has been disabled for the task
[        ] Skipping task ':path_provider_android:prepareDebugArtProfile' as it is up-to-date.
[        ] Resolve mutations for :path_provider_android:prepareLintJarForPublish (Thread[#40132,Execution worker Thread 26,5,main]) started.
[        ] :path_provider_android:prepareLintJarForPublish (Thread[#40132,Execution worker Thread 26,5,main]) started.
[        ] > Task :path_provider_android:prepareLintJarForPublish UP-TO-DATE
[        ] Caching disabled for task ':path_provider_android:prepareLintJarForPublish' because:
[        ]   Build cache is disabled
[        ]   Caching has been disabled for the task
[        ] Skipping task ':path_provider_android:prepareLintJarForPublish' as it is up-to-date.
[        ] Resolve mutations for :path_provider_android:mergeDebugJavaResource (Thread[#40132,Execution worker Thread 26,5,main]) started.
[        ] :path_provider_android:mergeDebugJavaResource (Thread[#40132,Execution worker Thread 26,5,main]) started.
[        ] > Task :path_provider_android:mergeDebugJavaResource UP-TO-DATE
[        ] Caching disabled for task ':path_provider_android:mergeDebugJavaResource' because:
[        ]   Build cache is disabled
[        ]   Caching has been disabled for the task
[        ] Skipping task ':path_provider_android:mergeDebugJavaResource' as it is up-to-date.
[        ] Resolve mutations for :path_provider_android:syncDebugLibJars (Thread[#40132,Execution worker Thread 26,5,main]) started.
[        ] :path_provider_android:syncDebugLibJars (Thread[#40132,Execution worker Thread 26,5,main]) started.
[        ] > Task :path_provider_android:syncDebugLibJars UP-TO-DATE
[        ] Caching disabled for task ':path_provider_android:syncDebugLibJars' because:
[        ]   Build cache is disabled
[        ] Skipping task ':path_provider_android:syncDebugLibJars' as it is up-to-date.
[        ] Resolve mutations for :path_provider_android:bundleDebugAar (Thread[#40132,Execution worker Thread 26,5,main]) started.
[        ] :path_provider_android:bundleDebugAar (Thread[#40132,Execution worker Thread 26,5,main]) started.
[        ] > Task :path_provider_android:bundleDebugAar UP-TO-DATE
[        ] Caching disabled for task ':path_provider_android:bundleDebugAar' because:
[        ]   Build cache is disabled
[        ]   Caching has been disabled for the task
[        ] Skipping task ':path_provider_android:bundleDebugAar' as it is up-to-date.
[        ] Resolve mutations for :path_provider_android:assembleDebug (Thread[#40132,Execution worker Thread 26,5,main]) started.
[        ] :path_provider_android:assembleDebug (Thread[#40132,Execution worker Thread 26,5,main]) started.
[        ] > Task :path_provider_android:assembleDebug UP-TO-DATE
[        ] Skipping task ':path_provider_android:assembleDebug' as it has no actions.
[        ] Resolve mutations for :quill_native_bridge_android:stripDebugDebugSymbols (Thread[#40132,Execution worker Thread 26,5,main]) started.
[        ] :quill_native_bridge_android:stripDebugDebugSymbols (Thread[#40132,Execution worker Thread 26,5,main]) started.
[        ] > Task :quill_native_bridge_android:stripDebugDebugSymbols NO-SOURCE
[        ] Skipping task ':quill_native_bridge_android:stripDebugDebugSymbols' as it has no source files and no previous output files.
[        ] Resolve mutations for :quill_native_bridge_android:copyDebugJniLibsProjectAndLocalJars (Thread[#40132,Execution worker Thread 26,5,main]) started.
[        ] :quill_native_bridge_android:copyDebugJniLibsProjectAndLocalJars (Thread[#40132,Execution worker Thread 26,5,main]) started.
[        ] > Task :quill_native_bridge_android:copyDebugJniLibsProjectAndLocalJars UP-TO-DATE
[        ] Caching disabled for task ':quill_native_bridge_android:copyDebugJniLibsProjectAndLocalJars' because:
[        ]   Build cache is disabled
[        ]   Caching has been disabled for the task
[        ] Skipping task ':quill_native_bridge_android:copyDebugJniLibsProjectAndLocalJars' as it is up-to-date.
[        ] Resolve mutations for :quill_native_bridge_android:extractDebugAnnotations (Thread[#40132,Execution worker Thread 26,5,main]) started.
[        ] :quill_native_bridge_android:extractDebugAnnotations (Thread[#40132,Execution worker Thread 26,5,main]) started.
[        ] > Task :quill_native_bridge_android:extractDebugAnnotations UP-TO-DATE
[        ] Caching disabled for task ':quill_native_bridge_android:extractDebugAnnotations' because:
[        ]   Build cache is disabled
[        ] Skipping task ':quill_native_bridge_android:extractDebugAnnotations' as it is up-to-date.
[        ] Resolve mutations for :quill_native_bridge_android:extractDeepLinksForAarDebug (Thread[#40132,Execution worker Thread 26,5,main]) started.
[        ] :quill_native_bridge_android:extractDeepLinksForAarDebug (Thread[#40132,Execution worker Thread 26,5,main]) started.
[        ] > Task :quill_native_bridge_android:extractDeepLinksForAarDebug UP-TO-DATE
[        ] Caching disabled for task ':quill_native_bridge_android:extractDeepLinksForAarDebug' because:
[        ]   Build cache is disabled
[        ] Skipping task ':quill_native_bridge_android:extractDeepLinksForAarDebug' as it is up-to-date.
[        ] Resolve mutations for :quill_native_bridge_android:mergeDebugGeneratedProguardFiles (Thread[#40132,Execution worker Thread 26,5,main]) started.
[        ] :quill_native_bridge_android:mergeDebugGeneratedProguardFiles (Thread[#40132,Execution worker Thread 26,5,main]) started.
[        ] > Task :quill_native_bridge_android:mergeDebugGeneratedProguardFiles UP-TO-DATE
[        ] Caching disabled for task ':quill_native_bridge_android:mergeDebugGeneratedProguardFiles' because:
[        ]   Build cache is disabled
[        ]   Simple merging task
[        ] Skipping task ':quill_native_bridge_android:mergeDebugGeneratedProguardFiles' as it is up-to-date.
[        ] Resolve mutations for :quill_native_bridge_android:mergeDebugConsumerProguardFiles (Thread[#40132,Execution worker Thread 26,5,main]) started.
[        ] :quill_native_bridge_android:mergeDebugConsumerProguardFiles (Thread[#40132,Execution worker Thread 26,5,main]) started.
[        ] > Task :quill_native_bridge_android:mergeDebugConsumerProguardFiles UP-TO-DATE
[        ] Caching disabled for task ':quill_native_bridge_android:mergeDebugConsumerProguardFiles' because:
[        ]   Build cache is disabled
[        ]   Simple merging task
[        ] Skipping task ':quill_native_bridge_android:mergeDebugConsumerProguardFiles' as it is up-to-date.
[        ] Resolve mutations for :quill_native_bridge_android:prepareDebugArtProfile (Thread[#40132,Execution worker Thread 26,5,main]) started.
[        ] :quill_native_bridge_android:prepareDebugArtProfile (Thread[#40132,Execution worker Thread 26,5,main]) started.
[        ] > Task :quill_native_bridge_android:prepareDebugArtProfile UP-TO-DATE
[        ] Caching disabled for task ':quill_native_bridge_android:prepareDebugArtProfile' because:
[        ]   Build cache is disabled
[        ]   Caching has been disabled for the task
[        ] Skipping task ':quill_native_bridge_android:prepareDebugArtProfile' as it is up-to-date.
[        ] Resolve mutations for :quill_native_bridge_android:prepareLintJarForPublish (Thread[#40132,Execution worker Thread 26,5,main]) started.
[        ] :quill_native_bridge_android:prepareLintJarForPublish (Thread[#40132,Execution worker Thread 26,5,main]) started.
[        ] > Task :quill_native_bridge_android:prepareLintJarForPublish UP-TO-DATE
[        ] Caching disabled for task ':quill_native_bridge_android:prepareLintJarForPublish' because:
[        ]   Build cache is disabled
[        ]   Caching has been disabled for the task
[        ] Skipping task ':quill_native_bridge_android:prepareLintJarForPublish' as it is up-to-date.
[        ] Resolve mutations for :quill_native_bridge_android:mergeDebugJavaResource (Thread[#40132,Execution worker Thread 26,5,main]) started.
[        ] :quill_native_bridge_android:mergeDebugJavaResource (Thread[#40132,Execution worker Thread 26,5,main]) started.
[        ] > Task :quill_native_bridge_android:mergeDebugJavaResource UP-TO-DATE
[        ] Caching disabled for task ':quill_native_bridge_android:mergeDebugJavaResource' because:
[        ]   Build cache is disabled
[        ]   Caching has been disabled for the task
[        ] Skipping task ':quill_native_bridge_android:mergeDebugJavaResource' as it is up-to-date.
[        ] Resolve mutations for :quill_native_bridge_android:syncDebugLibJars (Thread[#40132,Execution worker Thread 26,5,main]) started.
[        ] :quill_native_bridge_android:syncDebugLibJars (Thread[#40132,Execution worker Thread 26,5,main]) started.
[        ] > Task :quill_native_bridge_android:syncDebugLibJars UP-TO-DATE
[        ] Caching disabled for task ':quill_native_bridge_android:syncDebugLibJars' because:
[        ]   Build cache is disabled
[        ] Skipping task ':quill_native_bridge_android:syncDebugLibJars' as it is up-to-date.
[        ] Resolve mutations for :quill_native_bridge_android:bundleDebugAar (Thread[#40132,Execution worker Thread 26,5,main]) started.
[        ] :quill_native_bridge_android:bundleDebugAar (Thread[#40132,Execution worker Thread 26,5,main]) started.
[        ] > Task :quill_native_bridge_android:bundleDebugAar UP-TO-DATE
[        ] Caching disabled for task ':quill_native_bridge_android:bundleDebugAar' because:
[        ]   Build cache is disabled
[        ]   Caching has been disabled for the task
[        ] Skipping task ':quill_native_bridge_android:bundleDebugAar' as it is up-to-date.
[        ] Resolve mutations for :quill_native_bridge_android:assembleDebug (Thread[#40132,Execution worker Thread 26,5,main]) started.
[        ] :quill_native_bridge_android:assembleDebug (Thread[#40132,Execution worker Thread 26,5,main]) started.
[        ] > Task :quill_native_bridge_android:assembleDebug UP-TO-DATE
[        ] Skipping task ':quill_native_bridge_android:assembleDebug' as it has no actions.
[        ] Resolve mutations for :shared_preferences_android:stripDebugDebugSymbols (Thread[#40132,Execution worker Thread 26,5,main]) started.
[        ] :shared_preferences_android:stripDebugDebugSymbols (Thread[#40132,Execution worker Thread 26,5,main]) started.
[        ] > Task :shared_preferences_android:stripDebugDebugSymbols NO-SOURCE
[        ] Skipping task ':shared_preferences_android:stripDebugDebugSymbols' as it has no source files and no previous output files.
[        ] Resolve mutations for :shared_preferences_android:copyDebugJniLibsProjectAndLocalJars (Thread[#40132,Execution worker Thread 26,5,main]) started.
[        ] :shared_preferences_android:copyDebugJniLibsProjectAndLocalJars (Thread[#40132,Execution worker Thread 26,5,main]) started.
[        ] > Task :shared_preferences_android:copyDebugJniLibsProjectAndLocalJars UP-TO-DATE
[        ] Caching disabled for task ':shared_preferences_android:copyDebugJniLibsProjectAndLocalJars' because:
[        ]   Build cache is disabled
[        ]   Caching has been disabled for the task
[        ] Skipping task ':shared_preferences_android:copyDebugJniLibsProjectAndLocalJars' as it is up-to-date.
[        ] Resolve mutations for :shared_preferences_android:extractDebugAnnotations (Thread[#40132,Execution worker Thread 26,5,main]) started.
[        ] :shared_preferences_android:extractDebugAnnotations (Thread[#40132,Execution worker Thread 26,5,main]) started.
[        ] > Task :shared_preferences_android:extractDebugAnnotations UP-TO-DATE
[        ] Caching disabled for task ':shared_preferences_android:extractDebugAnnotations' because:
[        ]   Build cache is disabled
[        ] Skipping task ':shared_preferences_android:extractDebugAnnotations' as it is up-to-date.
[        ] Resolve mutations for :shared_preferences_android:extractDeepLinksForAarDebug (Thread[#40132,Execution worker Thread 26,5,main]) started.
[        ] :shared_preferences_android:extractDeepLinksForAarDebug (Thread[#40132,Execution worker Thread 26,5,main]) started.
[        ] > Task :shared_preferences_android:extractDeepLinksForAarDebug UP-TO-DATE
[        ] Caching disabled for task ':shared_preferences_android:extractDeepLinksForAarDebug' because:
[        ]   Build cache is disabled
[        ] Skipping task ':shared_preferences_android:extractDeepLinksForAarDebug' as it is up-to-date.
[        ] Resolve mutations for :shared_preferences_android:mergeDebugGeneratedProguardFiles (Thread[#40132,Execution worker Thread 26,5,main]) started.
[        ] :shared_preferences_android:mergeDebugGeneratedProguardFiles (Thread[#40132,Execution worker Thread 26,5,main]) started.
[        ] > Task :shared_preferences_android:mergeDebugGeneratedProguardFiles UP-TO-DATE
[        ] Caching disabled for task ':shared_preferences_android:mergeDebugGeneratedProguardFiles' because:
[        ]   Build cache is disabled
[        ]   Simple merging task
[        ] Skipping task ':shared_preferences_android:mergeDebugGeneratedProguardFiles' as it is up-to-date.
[        ] Resolve mutations for :shared_preferences_android:mergeDebugConsumerProguardFiles (Thread[#40132,Execution worker Thread 26,5,main]) started.
[        ] :shared_preferences_android:mergeDebugConsumerProguardFiles (Thread[#40132,Execution worker Thread 26,5,main]) started.
[        ] > Task :shared_preferences_android:mergeDebugConsumerProguardFiles UP-TO-DATE
[        ] Caching disabled for task ':shared_preferences_android:mergeDebugConsumerProguardFiles' because:
[        ]   Build cache is disabled
[        ]   Simple merging task
[        ] Skipping task ':shared_preferences_android:mergeDebugConsumerProguardFiles' as it is up-to-date.
[        ] Resolve mutations for :shared_preferences_android:prepareDebugArtProfile (Thread[#40132,Execution worker Thread 26,5,main]) started.
[        ] :shared_preferences_android:prepareDebugArtProfile (Thread[#40132,Execution worker Thread 26,5,main]) started.
[        ] > Task :shared_preferences_android:prepareDebugArtProfile UP-TO-DATE
[        ] Caching disabled for task ':shared_preferences_android:prepareDebugArtProfile' because:
[        ]   Build cache is disabled
[        ]   Caching has been disabled for the task
[        ] Skipping task ':shared_preferences_android:prepareDebugArtProfile' as it is up-to-date.
[        ] Resolve mutations for :shared_preferences_android:prepareLintJarForPublish (Thread[#40132,Execution worker Thread 26,5,main]) started.
[        ] :shared_preferences_android:prepareLintJarForPublish (Thread[#40132,Execution worker Thread 26,5,main]) started.
[        ] > Task :shared_preferences_android:prepareLintJarForPublish UP-TO-DATE
[        ] Caching disabled for task ':shared_preferences_android:prepareLintJarForPublish' because:
[        ]   Build cache is disabled
[        ]   Caching has been disabled for the task
[        ] Skipping task ':shared_preferences_android:prepareLintJarForPublish' as it is up-to-date.
[        ] Resolve mutations for :shared_preferences_android:mergeDebugJavaResource (Thread[#40132,Execution worker Thread 26,5,main]) started.
[        ] :shared_preferences_android:mergeDebugJavaResource (Thread[#40132,Execution worker Thread 26,5,main]) started.
[        ] > Task :shared_preferences_android:mergeDebugJavaResource UP-TO-DATE
[        ] Caching disabled for task ':shared_preferences_android:mergeDebugJavaResource' because:
[        ]   Build cache is disabled
[        ]   Caching has been disabled for the task
[        ] Skipping task ':shared_preferences_android:mergeDebugJavaResource' as it is up-to-date.
[        ] Resolve mutations for :shared_preferences_android:syncDebugLibJars (Thread[#40132,Execution worker Thread 26,5,main]) started.
[        ] :shared_preferences_android:syncDebugLibJars (Thread[#40132,Execution worker Thread 26,5,main]) started.
[        ] > Task :shared_preferences_android:syncDebugLibJars UP-TO-DATE
[        ] Caching disabled for task ':shared_preferences_android:syncDebugLibJars' because:
[        ]   Build cache is disabled
[        ] Skipping task ':shared_preferences_android:syncDebugLibJars' as it is up-to-date.
[        ] Resolve mutations for :shared_preferences_android:bundleDebugAar (Thread[#40132,Execution worker Thread 26,5,main]) started.
[        ] :shared_preferences_android:bundleDebugAar (Thread[#40132,Execution worker Thread 26,5,main]) started.
[        ] > Task :shared_preferences_android:bundleDebugAar UP-TO-DATE
[        ] Caching disabled for task ':shared_preferences_android:bundleDebugAar' because:
[        ]   Build cache is disabled
[        ]   Caching has been disabled for the task
[        ] Skipping task ':shared_preferences_android:bundleDebugAar' as it is up-to-date.
[        ] Resolve mutations for :shared_preferences_android:assembleDebug (Thread[#40132,Execution worker Thread 26,5,main]) started.
[        ] :shared_preferences_android:assembleDebug (Thread[#40132,Execution worker Thread 26,5,main]) started.
[        ] > Task :shared_preferences_android:assembleDebug UP-TO-DATE
[        ] Skipping task ':shared_preferences_android:assembleDebug' as it has no actions.
[        ] Resolve mutations for :sqflite_android:stripDebugDebugSymbols (Thread[#40132,Execution worker Thread 26,5,main]) started.
[        ] :sqflite_android:stripDebugDebugSymbols (Thread[#40132,Execution worker Thread 26,5,main]) started.
[        ] > Task :sqflite_android:stripDebugDebugSymbols NO-SOURCE
[        ] Skipping task ':sqflite_android:stripDebugDebugSymbols' as it has no source files and no previous output files.
[        ] Resolve mutations for :sqflite_android:copyDebugJniLibsProjectAndLocalJars (Thread[#40132,Execution worker Thread 26,5,main]) started.
[        ] :sqflite_android:copyDebugJniLibsProjectAndLocalJars (Thread[#40132,Execution worker Thread 26,5,main]) started.
[        ] > Task :sqflite_android:copyDebugJniLibsProjectAndLocalJars UP-TO-DATE
[        ] Caching disabled for task ':sqflite_android:copyDebugJniLibsProjectAndLocalJars' because:
[        ]   Build cache is disabled
[        ]   Caching has been disabled for the task
[        ] Skipping task ':sqflite_android:copyDebugJniLibsProjectAndLocalJars' as it is up-to-date.
[        ] Resolve mutations for :sqflite_android:extractDebugAnnotations (Thread[#40132,Execution worker Thread 26,5,main]) started.
[        ] :sqflite_android:extractDebugAnnotations (Thread[#40132,Execution worker Thread 26,5,main]) started.
[        ] > Task :sqflite_android:extractDebugAnnotations UP-TO-DATE
[        ] Caching disabled for task ':sqflite_android:extractDebugAnnotations' because:
[        ]   Build cache is disabled
[        ] Skipping task ':sqflite_android:extractDebugAnnotations' as it is up-to-date.
[        ] Resolve mutations for :sqflite_android:extractDeepLinksForAarDebug (Thread[#40132,Execution worker Thread 26,5,main]) started.
[        ] :sqflite_android:extractDeepLinksForAarDebug (Thread[#40132,Execution worker Thread 26,5,main]) started.
[        ] > Task :sqflite_android:extractDeepLinksForAarDebug UP-TO-DATE
[        ] Caching disabled for task ':sqflite_android:extractDeepLinksForAarDebug' because:
[        ]   Build cache is disabled
[        ] Skipping task ':sqflite_android:extractDeepLinksForAarDebug' as it is up-to-date.
[        ] Resolve mutations for :sqflite_android:mergeDebugGeneratedProguardFiles (Thread[#40132,Execution worker Thread 26,5,main]) started.
[        ] :sqflite_android:mergeDebugGeneratedProguardFiles (Thread[#40132,Execution worker Thread 26,5,main]) started.
[        ] > Task :sqflite_android:mergeDebugGeneratedProguardFiles UP-TO-DATE
[        ] Caching disabled for task ':sqflite_android:mergeDebugGeneratedProguardFiles' because:
[        ]   Build cache is disabled
[        ]   Simple merging task
[        ] Skipping task ':sqflite_android:mergeDebugGeneratedProguardFiles' as it is up-to-date.
[        ] Resolve mutations for :sqflite_android:mergeDebugConsumerProguardFiles (Thread[#40132,Execution worker Thread 26,5,main]) started.
[        ] :sqflite_android:mergeDebugConsumerProguardFiles (Thread[#40132,Execution worker Thread 26,5,main]) started.
[        ] > Task :sqflite_android:mergeDebugConsumerProguardFiles UP-TO-DATE
[        ] Caching disabled for task ':sqflite_android:mergeDebugConsumerProguardFiles' because:
[        ]   Build cache is disabled
[        ]   Simple merging task
[        ] Skipping task ':sqflite_android:mergeDebugConsumerProguardFiles' as it is up-to-date.
[        ] Resolve mutations for :sqflite_android:prepareDebugArtProfile (Thread[#40132,Execution worker Thread 26,5,main]) started.
[        ] :sqflite_android:prepareDebugArtProfile (Thread[#40132,Execution worker Thread 26,5,main]) started.
[        ] > Task :sqflite_android:prepareDebugArtProfile UP-TO-DATE
[        ] Caching disabled for task ':sqflite_android:prepareDebugArtProfile' because:
[        ]   Build cache is disabled
[        ]   Caching has been disabled for the task
[        ] Skipping task ':sqflite_android:prepareDebugArtProfile' as it is up-to-date.
[        ] Resolve mutations for :sqflite_android:prepareLintJarForPublish (Thread[#40132,Execution worker Thread 26,5,main]) started.
[        ] :sqflite_android:prepareLintJarForPublish (Thread[#40132,Execution worker Thread 26,5,main]) started.
[        ] > Task :sqflite_android:prepareLintJarForPublish UP-TO-DATE
[        ] Caching disabled for task ':sqflite_android:prepareLintJarForPublish' because:
[        ]   Build cache is disabled
[        ]   Caching has been disabled for the task
[        ] Skipping task ':sqflite_android:prepareLintJarForPublish' as it is up-to-date.
[        ] Resolve mutations for :sqflite_android:mergeDebugJavaResource (Thread[#40132,Execution worker Thread 26,5,main]) started.
[        ] :sqflite_android:mergeDebugJavaResource (Thread[#40132,Execution worker Thread 26,5,main]) started.
[        ] > Task :sqflite_android:mergeDebugJavaResource UP-TO-DATE
[        ] Caching disabled for task ':sqflite_android:mergeDebugJavaResource' because:
[        ]   Build cache is disabled
[        ]   Caching has been disabled for the task
[        ] Skipping task ':sqflite_android:mergeDebugJavaResource' as it is up-to-date.
[        ] Resolve mutations for :sqflite_android:syncDebugLibJars (Thread[#40132,Execution worker Thread 26,5,main]) started.
[        ] :sqflite_android:syncDebugLibJars (Thread[#40132,Execution worker Thread 26,5,main]) started.
[        ] > Task :sqflite_android:syncDebugLibJars UP-TO-DATE
[        ] Caching disabled for task ':sqflite_android:syncDebugLibJars' because:
[        ]   Build cache is disabled
[        ] Skipping task ':sqflite_android:syncDebugLibJars' as it is up-to-date.
[        ] Resolve mutations for :sqflite_android:bundleDebugAar (Thread[#40132,Execution worker Thread 26,5,main]) started.
[        ] :sqflite_android:bundleDebugAar (Thread[#40132,Execution worker Thread 26,5,main]) started.
[        ] > Task :sqflite_android:bundleDebugAar UP-TO-DATE
[        ] Caching disabled for task ':sqflite_android:bundleDebugAar' because:
[        ]   Build cache is disabled
[        ]   Caching has been disabled for the task
[        ] Skipping task ':sqflite_android:bundleDebugAar' as it is up-to-date.
[        ] Resolve mutations for :sqflite_android:assembleDebug (Thread[#40132,Execution worker Thread 26,5,main]) started.
[        ] :sqflite_android:assembleDebug (Thread[#40132,Execution worker Thread 26,5,main]) started.
[        ] > Task :sqflite_android:assembleDebug UP-TO-DATE
[        ] Skipping task ':sqflite_android:assembleDebug' as it has no actions.
[        ] Resolve mutations for :url_launcher_android:stripDebugDebugSymbols (Thread[#40132,Execution worker Thread 26,5,main]) started.
[        ] :url_launcher_android:stripDebugDebugSymbols (Thread[#40132,Execution worker Thread 26,5,main]) started.
[        ] > Task :url_launcher_android:stripDebugDebugSymbols NO-SOURCE
[        ] Skipping task ':url_launcher_android:stripDebugDebugSymbols' as it has no source files and no previous output files.
[        ] Resolve mutations for :url_launcher_android:copyDebugJniLibsProjectAndLocalJars (Thread[#40132,Execution worker Thread 26,5,main]) started.
[        ] :url_launcher_android:copyDebugJniLibsProjectAndLocalJars (Thread[#40132,Execution worker Thread 26,5,main]) started.
[        ] > Task :url_launcher_android:copyDebugJniLibsProjectAndLocalJars UP-TO-DATE
[        ] Caching disabled for task ':url_launcher_android:copyDebugJniLibsProjectAndLocalJars' because:
[        ]   Build cache is disabled
[        ]   Caching has been disabled for the task
[        ] Skipping task ':url_launcher_android:copyDebugJniLibsProjectAndLocalJars' as it is up-to-date.
[        ] Resolve mutations for :url_launcher_android:extractDebugAnnotations (Thread[#40132,Execution worker Thread 26,5,main]) started.
[        ] :url_launcher_android:extractDebugAnnotations (Thread[#40132,Execution worker Thread 26,5,main]) started.
[        ] > Task :url_launcher_android:extractDebugAnnotations UP-TO-DATE
[        ] Caching disabled for task ':url_launcher_android:extractDebugAnnotations' because:
[        ]   Build cache is disabled
[        ] Skipping task ':url_launcher_android:extractDebugAnnotations' as it is up-to-date.
[        ] Resolve mutations for :url_launcher_android:extractDeepLinksForAarDebug (Thread[#40132,Execution worker Thread 26,5,main]) started.
[        ] :url_launcher_android:extractDeepLinksForAarDebug (Thread[#40132,Execution worker Thread 26,5,main]) started.
[        ] > Task :url_launcher_android:extractDeepLinksForAarDebug UP-TO-DATE
[        ] Caching disabled for task ':url_launcher_android:extractDeepLinksForAarDebug' because:
[        ]   Build cache is disabled
[        ] Skipping task ':url_launcher_android:extractDeepLinksForAarDebug' as it is up-to-date.
[        ] Resolve mutations for :url_launcher_android:mergeDebugGeneratedProguardFiles (Thread[#40132,Execution worker Thread 26,5,main]) started.
[        ] :url_launcher_android:mergeDebugGeneratedProguardFiles (Thread[#40132,Execution worker Thread 26,5,main]) started.
[        ] > Task :url_launcher_android:mergeDebugGeneratedProguardFiles UP-TO-DATE
[        ] Caching disabled for task ':url_launcher_android:mergeDebugGeneratedProguardFiles' because:
[        ]   Build cache is disabled
[        ]   Simple merging task
[        ] Skipping task ':url_launcher_android:mergeDebugGeneratedProguardFiles' as it is up-to-date.
[        ] Resolve mutations for :url_launcher_android:mergeDebugConsumerProguardFiles (Thread[#40132,Execution worker Thread 26,5,main]) started.
[        ] :url_launcher_android:mergeDebugConsumerProguardFiles (Thread[#40132,Execution worker Thread 26,5,main]) started.
[        ] > Task :url_launcher_android:mergeDebugConsumerProguardFiles UP-TO-DATE
[        ] Caching disabled for task ':url_launcher_android:mergeDebugConsumerProguardFiles' because:
[        ]   Build cache is disabled
[        ]   Simple merging task
[        ] Skipping task ':url_launcher_android:mergeDebugConsumerProguardFiles' as it is up-to-date.
[        ] Resolve mutations for :url_launcher_android:prepareDebugArtProfile (Thread[#40132,Execution worker Thread 26,5,main]) started.
[        ] :url_launcher_android:prepareDebugArtProfile (Thread[#40132,Execution worker Thread 26,5,main]) started.
[        ] > Task :url_launcher_android:prepareDebugArtProfile UP-TO-DATE
[        ] Caching disabled for task ':url_launcher_android:prepareDebugArtProfile' because:
[        ]   Build cache is disabled
[        ]   Caching has been disabled for the task
[        ] Skipping task ':url_launcher_android:prepareDebugArtProfile' as it is up-to-date.
[        ] Resolve mutations for :url_launcher_android:prepareLintJarForPublish (Thread[#40132,Execution worker Thread 26,5,main]) started.
[        ] :url_launcher_android:prepareLintJarForPublish (Thread[#40132,Execution worker Thread 26,5,main]) started.
[        ] > Task :url_launcher_android:prepareLintJarForPublish UP-TO-DATE
[        ] Caching disabled for task ':url_launcher_android:prepareLintJarForPublish' because:
[        ]   Build cache is disabled
[        ]   Caching has been disabled for the task
[        ] Skipping task ':url_launcher_android:prepareLintJarForPublish' as it is up-to-date.
[        ] Resolve mutations for :url_launcher_android:mergeDebugJavaResource (Thread[#40132,Execution worker Thread 26,5,main]) started.
[        ] :url_launcher_android:mergeDebugJavaResource (Thread[#40132,Execution worker Thread 26,5,main]) started.
[        ] > Task :url_launcher_android:mergeDebugJavaResource UP-TO-DATE
[        ] Caching disabled for task ':url_launcher_android:mergeDebugJavaResource' because:
[        ]   Build cache is disabled
[        ]   Caching has been disabled for the task
[        ] Skipping task ':url_launcher_android:mergeDebugJavaResource' as it is up-to-date.
[        ] Resolve mutations for :url_launcher_android:syncDebugLibJars (Thread[#40132,Execution worker Thread 26,5,main]) started.
[        ] :url_launcher_android:syncDebugLibJars (Thread[#40132,Execution worker Thread 26,5,main]) started.
[        ] > Task :url_launcher_android:syncDebugLibJars UP-TO-DATE
[        ] Caching disabled for task ':url_launcher_android:syncDebugLibJars' because:
[        ]   Build cache is disabled
[        ] Skipping task ':url_launcher_android:syncDebugLibJars' as it is up-to-date.
[        ] Resolve mutations for :url_launcher_android:bundleDebugAar (Thread[#40132,Execution worker Thread 26,5,main]) started.
[        ] :url_launcher_android:bundleDebugAar (Thread[#40132,Execution worker Thread 26,5,main]) started.
[        ] > Task :url_launcher_android:bundleDebugAar UP-TO-DATE
[        ] Caching disabled for task ':url_launcher_android:bundleDebugAar' because:
[        ]   Build cache is disabled
[        ]   Caching has been disabled for the task
[        ] Skipping task ':url_launcher_android:bundleDebugAar' as it is up-to-date.
[        ] Resolve mutations for :url_launcher_android:assembleDebug (Thread[#40132,Execution worker Thread 26,5,main]) started.
[        ] :url_launcher_android:assembleDebug (Thread[#40132,Execution worker Thread 26,5,main]) started.
[        ] > Task :url_launcher_android:assembleDebug UP-TO-DATE
[        ] Skipping task ':url_launcher_android:assembleDebug' as it has no actions.
[        ] Resolve mutations for :video_player_android:stripDebugDebugSymbols (Thread[#40132,Execution worker Thread 26,5,main]) started.
[        ] :video_player_android:stripDebugDebugSymbols (Thread[#40132,Execution worker Thread 26,5,main]) started.
[        ] > Task :video_player_android:stripDebugDebugSymbols NO-SOURCE
[        ] Skipping task ':video_player_android:stripDebugDebugSymbols' as it has no source files and no previous output files.
[        ] Resolve mutations for :video_player_android:copyDebugJniLibsProjectAndLocalJars (Thread[#40132,Execution worker Thread 26,5,main]) started.
[        ] :video_player_android:copyDebugJniLibsProjectAndLocalJars (Thread[#40132,Execution worker Thread 26,5,main]) started.
[        ] > Task :video_player_android:copyDebugJniLibsProjectAndLocalJars UP-TO-DATE
[        ] Caching disabled for task ':video_player_android:copyDebugJniLibsProjectAndLocalJars' because:
[        ]   Build cache is disabled
[        ]   Caching has been disabled for the task
[        ] Skipping task ':video_player_android:copyDebugJniLibsProjectAndLocalJars' as it is up-to-date.
[        ] Resolve mutations for :video_player_android:extractDebugAnnotations (Thread[#40132,Execution worker Thread 26,5,main]) started.
[        ] :video_player_android:extractDebugAnnotations (Thread[#40132,Execution worker Thread 26,5,main]) started.
[        ] > Task :video_player_android:extractDebugAnnotations UP-TO-DATE
[        ] Caching disabled for task ':video_player_android:extractDebugAnnotations' because:
[        ]   Build cache is disabled
[        ] Skipping task ':video_player_android:extractDebugAnnotations' as it is up-to-date.
[        ] Resolve mutations for :video_player_android:extractDeepLinksForAarDebug (Thread[#40132,Execution worker Thread 26,5,main]) started.
[        ] :video_player_android:extractDeepLinksForAarDebug (Thread[#40132,Execution worker Thread 26,5,main]) started.
[        ] > Task :video_player_android:extractDeepLinksForAarDebug UP-TO-DATE
[        ] Caching disabled for task ':video_player_android:extractDeepLinksForAarDebug' because:
[        ]   Build cache is disabled
[        ] Skipping task ':video_player_android:extractDeepLinksForAarDebug' as it is up-to-date.
[        ] Resolve mutations for :video_player_android:mergeDebugGeneratedProguardFiles (Thread[#40132,Execution worker Thread 26,5,main]) started.
[        ] :video_player_android:mergeDebugGeneratedProguardFiles (Thread[#40132,Execution worker Thread 26,5,main]) started.
[        ] > Task :video_player_android:mergeDebugGeneratedProguardFiles UP-TO-DATE
[        ] Caching disabled for task ':video_player_android:mergeDebugGeneratedProguardFiles' because:
[        ]   Build cache is disabled
[        ]   Simple merging task
[        ] Skipping task ':video_player_android:mergeDebugGeneratedProguardFiles' as it is up-to-date.
[        ] Resolve mutations for :video_player_android:mergeDebugConsumerProguardFiles (Thread[#40132,Execution worker Thread 26,5,main]) started.
[        ] :video_player_android:mergeDebugConsumerProguardFiles (Thread[#40132,Execution worker Thread 26,5,main]) started.
[        ] > Task :video_player_android:mergeDebugConsumerProguardFiles UP-TO-DATE
[        ] Caching disabled for task ':video_player_android:mergeDebugConsumerProguardFiles' because:
[        ]   Build cache is disabled
[        ]   Simple merging task
[        ] Skipping task ':video_player_android:mergeDebugConsumerProguardFiles' as it is up-to-date.
[        ] Resolve mutations for :video_player_android:prepareDebugArtProfile (Thread[#40132,Execution worker Thread 26,5,main]) started.
[        ] :video_player_android:prepareDebugArtProfile (Thread[#40132,Execution worker Thread 26,5,main]) started.
[        ] > Task :video_player_android:prepareDebugArtProfile UP-TO-DATE
[        ] Caching disabled for task ':video_player_android:prepareDebugArtProfile' because:
[        ]   Build cache is disabled
[        ]   Caching has been disabled for the task
[        ] Skipping task ':video_player_android:prepareDebugArtProfile' as it is up-to-date.
[        ] Resolve mutations for :video_player_android:prepareLintJarForPublish (Thread[#40132,Execution worker Thread 26,5,main]) started.
[        ] :video_player_android:prepareLintJarForPublish (Thread[#40132,Execution worker Thread 26,5,main]) started.
[        ] > Task :video_player_android:prepareLintJarForPublish UP-TO-DATE
[        ] Caching disabled for task ':video_player_android:prepareLintJarForPublish' because:
[        ]   Build cache is disabled
[        ]   Caching has been disabled for the task
[        ] Skipping task ':video_player_android:prepareLintJarForPublish' as it is up-to-date.
[        ] Resolve mutations for :video_player_android:mergeDebugJavaResource (Thread[#40132,Execution worker Thread 26,5,main]) started.
[        ] :video_player_android:mergeDebugJavaResource (Thread[#40132,Execution worker Thread 26,5,main]) started.
[        ] > Task :video_player_android:mergeDebugJavaResource UP-TO-DATE
[        ] Caching disabled for task ':video_player_android:mergeDebugJavaResource' because:
[        ]   Build cache is disabled
[        ]   Caching has been disabled for the task
[        ] Skipping task ':video_player_android:mergeDebugJavaResource' as it is up-to-date.
[        ] Resolve mutations for :video_player_android:syncDebugLibJars (Thread[#40132,Execution worker Thread 26,5,main]) started.
[        ] :video_player_android:syncDebugLibJars (Thread[#40132,Execution worker Thread 26,5,main]) started.
[        ] > Task :video_player_android:syncDebugLibJars UP-TO-DATE
[        ] Caching disabled for task ':video_player_android:syncDebugLibJars' because:
[        ]   Build cache is disabled
[        ] Skipping task ':video_player_android:syncDebugLibJars' as it is up-to-date.
[        ] Resolve mutations for :video_player_android:bundleDebugAar (Thread[#40132,Execution worker Thread 26,5,main]) started.
[        ] :video_player_android:bundleDebugAar (Thread[#40132,Execution worker Thread 26,5,main]) started.
[        ] > Task :video_player_android:bundleDebugAar UP-TO-DATE
[        ] Caching disabled for task ':video_player_android:bundleDebugAar' because:
[        ]   Build cache is disabled
[        ]   Caching has been disabled for the task
[        ] Skipping task ':video_player_android:bundleDebugAar' as it is up-to-date.
[        ] Resolve mutations for :video_player_android:assembleDebug (Thread[#40132,Execution worker Thread 26,5,main]) started.
[        ] :video_player_android:assembleDebug (Thread[#40132,Execution worker Thread 26,5,main]) started.
[        ] > Task :video_player_android:assembleDebug UP-TO-DATE
[        ] Skipping task ':video_player_android:assembleDebug' as it has no actions.
[ +289 ms] > Task :app:compressDebugAssets
[        ] Caching disabled for task ':app:compressDebugAssets' because:
[        ]   Build cache is disabled
[        ] Task ':app:compressDebugAssets' is not up-to-date because:
[        ]   Input property 'inputDirs' file /Users/florian/Code/substitution/build/app/intermediates/assets/debug/mergeDebugAssets/flutter_assets/kernel_blob.bin has changed.
[        ] Resolve mutations for :app:packageDebug (Thread[#40126,Execution worker Thread 20,5,main]) started.
[        ] :app:packageDebug (Thread[#40126,Execution worker Thread 20,5,main]) started.
06:45 +4 -16: loading /Users/florian/Code/substitution/integration_test/profile_edit_test.dart                                                                                                         [ +300 ms] > Task :app:packageDebug
[        ] Custom actions are attached to task ':app:packageDebug'.
[        ] Caching disabled for task ':app:packageDebug' because:
[        ]   Build cache is disabled
[        ]   Caching has been disabled for the task
[        ] Task ':app:packageDebug' is not up-to-date because:
[        ]   Input property 'assets' file /Users/florian/Code/substitution/build/app/intermediates/compressed_assets/debug/compressDebugAssets/out/assets/flutter_assets/kernel_blob.bin.jar has changed.
[        ] Resolve mutations for :app:createDebugApkListingFileRedirect (Thread[#40126,Execution worker Thread 20,5,main]) started.
[        ] :app:createDebugApkListingFileRedirect (Thread[#40126,Execution worker Thread 20,5,main]) started.
[        ] > Task :app:createDebugApkListingFileRedirect UP-TO-DATE
[        ] Caching disabled for task ':app:createDebugApkListingFileRedirect' because:
[        ]   Build cache is disabled
[        ]   Caching has been disabled for the task
[        ] Skipping task ':app:createDebugApkListingFileRedirect' as it is up-to-date.
[        ] Resolve mutations for :app:assembleDebug (Thread[#40126,Execution worker Thread 20,5,main]) started.
[        ] :app:assembleDebug (Thread[#40126,Execution worker Thread 20,5,main]) started.
[  +45 ms] > Task :app:assembleDebug
[        ] Caching disabled for task ':app:assembleDebug' because:
[        ]   Build cache is disabled
[        ] Task ':app:assembleDebug' is not up-to-date because:
[        ]   Task has not declared any outputs despite executing actions.
[        ] [Incubating] Problems report is available at: file:///Users/florian/Code/substitution/build/reports/problems/problems-report.html
[        ] Deprecated Gradle features were used in this build, making it incompatible with Gradle 9.0.
[        ] You can use '--warning-mode all' to show the individual deprecation warnings and determine if they come from your own scripts or plugins.
[        ] For more on this, please refer to https://docs.gradle.org/8.12.1/userguide/command_line_interface.html#sec:command_line_warnings in the Gradle documentation.
[        ] BUILD SUCCESSFUL in 8s
[        ] 458 actionable tasks: 29 executed, 429 up-to-date
[        ] Watched directory hierarchies: [/opt/homebrew/share/flutter/packages/flutter_tools/gradle, /Users/florian/Code/substitution/android]
[  +20 ms] Running Gradle task 'assembleDebug'... (completed in 8,7s)
[   +6 ms] Calculate SHA1: LocalDirectory: '/Users/florian/Code/substitution/build/app/outputs/flutter-apk'/app-debug.apk
[+1039 ms] ✓ Built build/app/outputs/flutter-apk/app-debug.apk
[   +2 ms] executing: /Users/florian/Library/Android/sdk/build-tools/36.1.0/aapt dump xmltree /Users/florian/Code/substitution/build/app/outputs/flutter-apk/app-debug.apk AndroidManifest.xml
[  +15 ms] Exit code 0 from: /Users/florian/Library/Android/sdk/build-tools/36.1.0/aapt dump xmltree /Users/florian/Code/substitution/build/app/outputs/flutter-apk/app-debug.apk AndroidManifest.xml
[        ] N: android=http://schemas.android.com/apk/res/android
             E: manifest (line=2)
               A: android:versionCode(0x0101021b)=(type 0x10)0x7
               A: android:versionName(0x0101021c)="1.0.0" (Raw: "1.0.0")
               A: android:compileSdkVersion(0x01010572)=(type 0x10)0x24
               A: android:compileSdkVersionCodename(0x01010573)="16" (Raw: "16")
               A: package="art.substitution.substitution" (Raw: "art.substitution.substitution")
               A: platformBuildVersionCode=(type 0x10)0x24
               A: platformBuildVersionName=(type 0x10)0x10
               E: uses-sdk (line=7)
                 A: android:minSdkVersion(0x0101020c)=(type 0x10)0x18
                 A: android:targetSdkVersion(0x01010270)=(type 0x10)0x22
               E: uses-permission (line=15)
                 A: android:name(0x01010003)="android.permission.INTERNET" (Raw: "android.permission.INTERNET")
               E: uses-permission (line=16)
                 A: android:name(0x01010003)="android.permission.ACCESS_NETWORK_STATE" (Raw: "android.permission.ACCESS_NETWORK_STATE")
               E: permission (line=18)
                 A: android:name(0x01010003)="art.substitution.substitution.DYNAMIC_RECEIVER_NOT_EXPORTED_PERMISSION" (Raw: "art.substitution.substitution.DYNAMIC_RECEIVER_NOT_EXPORTED_PERMISSION")
                 A: android:protectionLevel(0x01010009)=(type 0x11)0x2
               E: uses-permission (line=22)
                 A: android:name(0x01010003)="art.substitution.substitution.DYNAMIC_RECEIVER_NOT_EXPORTED_PERMISSION" (Raw: "art.substitution.substitution.DYNAMIC_RECEIVER_NOT_EXPORTED_PERMISSION")
               E: application (line=24)
                 A: android:label(0x01010001)="substitution" (Raw: "substitution")
                 A: android:icon(0x01010002)=@0x7f0c0000
                 A: android:name(0x01010003)="android.app.Application" (Raw: "android.app.Application")
                 A: android:debuggable(0x0101000f)=(type 0x12)0xffffffff
                 A: android:extractNativeLibs(0x010104ea)=(type 0x12)0x0
                 A: android:appComponentFactory(0x0101057a)="androidx.core.app.CoreComponentFactory" (Raw: "androidx.core.app.CoreComponentFactory")
                 E: activity (line=31)
                   A: android:theme(0x01010000)=@0x7f0e00a2
                   A: android:name(0x01010003)="art.substitution.substitution.MainActivity" (Raw: "art.substitution.substitution.MainActivity")
                   A: android:exported(0x01010010)=(type 0x12)0xffffffff
                   A: android:launchMode(0x0101001d)=(type 0x10)0x1
                   A: android:configChanges(0x0101001f)=(type 0x11)0x40003fb4
                   A: android:windowSoftInputMode(0x0101022b)=(type 0x11)0x10
                   A: android:hardwareAccelerated(0x010102d3)=(type 0x12)0xffffffff
                   E: meta-data (line=46)
                     A: android:name(0x01010003)="io.flutter.embedding.android.NormalTheme" (Raw: "io.flutter.embedding.android.NormalTheme")
                     A: android:resource(0x01010025)=@0x7f0e00a3
                   E: intent-filter (line=50)
                     E: action (line=51)
                       A: android:name(0x01010003)="android.intent.action.MAIN" (Raw: "android.intent.action.MAIN")
                     E: category (line=53)
                       A: android:name(0x01010003)="android.intent.category.LAUNCHER" (Raw: "android.intent.category.LAUNCHER")
                   E: intent-filter (line=56)
                     E: action (line=57)
                       A: android:name(0x01010003)="android.intent.action.VIEW" (Raw: "android.intent.action.VIEW")
                     E: category (line=59)
                       A: android:name(0x01010003)="android.intent.category.DEFAULT" (Raw: "android.intent.category.DEFAULT")
                     E: category (line=60)
                       A: android:name(0x01010003)="android.intent.category.BROWSABLE" (Raw: "android.intent.category.BROWSABLE")
                     E: data (line=62)
                       A: android:scheme(0x01010027)="substitution" (Raw: "substitution")
                       A: android:host(0x01010028)="auth" (Raw: "auth")
                       A: android:pathPrefix(0x0101002b)="/login-callback" (Raw: "/login-callback")
                 E: meta-data (line=72)
                   A: android:name(0x01010003)="flutterEmbedding" (Raw: "flutterEmbedding")
                   A: android:value(0x01010024)=(type 0x10)0x2
                 E: activity (line=76)
                   A: android:theme(0x01010000)=@0x01030007
                   A: android:name(0x01010003)="io.flutter.plugins.urllauncher.WebViewActivity" (Raw: "io.flutter.plugins.urllauncher.WebViewActivity")
                   A: android:exported(0x01010010)=(type 0x12)0x0
                 E: uses-library (line=81)
                   A: android:name(0x01010003)="androidx.window.extensions" (Raw: "androidx.window.extensions")
                   A: android:required(0x0101028e)=(type 0x12)0x0
                 E: uses-library (line=84)
                   A: android:name(0x01010003)="androidx.window.sidecar" (Raw: "androidx.window.sidecar")
                   A: android:required(0x0101028e)=(type 0x12)0x0
                 E: provider (line=88)
                   A: android:name(0x01010003)="androidx.startup.InitializationProvider" (Raw: "androidx.startup.InitializationProvider")
                   A: android:exported(0x01010010)=(type 0x12)0x0
                   A: android:authorities(0x01010018)="art.substitution.substitution.androidx-startup" (Raw: "art.substitution.substitution.androidx-startup")
                   E: meta-data (line=92)
                     A: android:name(0x01010003)="androidx.lifecycle.ProcessLifecycleInitializer" (Raw: "androidx.lifecycle.ProcessLifecycleInitializer")
                     A: android:value(0x01010024)="androidx.startup" (Raw: "androidx.startup")
                   E: meta-data (line=95)
                     A: android:name(0x01010003)="androidx.profileinstaller.ProfileInstallerInitializer" (Raw: "androidx.profileinstaller.ProfileInstallerInitializer")
                     A: android:value(0x01010024)="androidx.startup" (Raw: "androidx.startup")
                 E: receiver (line=100)
                   A: android:name(0x01010003)="androidx.profileinstaller.ProfileInstallReceiver" (Raw: "androidx.profileinstaller.ProfileInstallReceiver")
                   A: android:permission(0x01010006)="android.permission.DUMP" (Raw: "android.permission.DUMP")
                   A: android:enabled(0x0101000e)=(type 0x12)0xffffffff
                   A: android:exported(0x01010010)=(type 0x12)0xffffffff
                   A: android:directBootAware(0x01010505)=(type 0x12)0x0
                   E: intent-filter (line=106)
                     E: action (line=107)
                       A: android:name(0x01010003)="androidx.profileinstaller.action.INSTALL_PROFILE" (Raw: "androidx.profileinstaller.action.INSTALL_PROFILE")
                   E: intent-filter (line=109)
                     E: action (line=110)
                       A: android:name(0x01010003)="androidx.profileinstaller.action.SKIP_FILE" (Raw: "androidx.profileinstaller.action.SKIP_FILE")
                   E: intent-filter (line=112)
                     E: action (line=113)
                       A: android:name(0x01010003)="androidx.profileinstaller.action.SAVE_PROFILE" (Raw: "androidx.profileinstaller.action.SAVE_PROFILE")
                   E: intent-filter (line=115)
                     E: action (line=116)
                       A: android:name(0x01010003)="androidx.profileinstaller.action.BENCHMARK_OPERATION" (Raw: "androidx.profileinstaller.action.BENCHMARK_OPERATION")
[        ] Stopping app 'app-debug.apk' on sdk gphone64 arm64.
[        ] executing: /Users/florian/Library/Android/sdk/platform-tools/adb -s emulator-5554 shell am force-stop art.substitution.substitution
06:46 +4 -16: loading /Users/florian/Code/substitution/integration_test/profile_edit_test.dart                                                                                                         [  +22 ms] Installing APK.
[        ] Installing build/app/outputs/flutter-apk/app-debug.apk...
[        ] executing: /Users/florian/Library/Android/sdk/platform-tools/adb -s emulator-5554 install -t -r /Users/florian/Code/substitution/build/app/outputs/flutter-apk/app-debug.apk
[ +393 ms] Performing Streamed Install
           Success
[        ] Installing build/app/outputs/flutter-apk/app-debug.apk... (completed in 393ms)
[        ] executing: /Users/florian/Library/Android/sdk/platform-tools/adb -s emulator-5554 shell echo -n 98769fa08d5fde970a3186014b35e8754f7e7d72 > /data/local/tmp/sky.art.substitution.substitution.sha1
[  +20 ms] executing: /Users/florian/Library/Android/sdk/platform-tools/adb -s emulator-5554 shell -x logcat -v time -t 1
[  +76 ms] --------- beginning of main
           02-17 00:01:37.977 I/Finsky:background( 4806): [45] Current account updated in PVS
[   +3 ms] executing: /Users/florian/Library/Android/sdk/platform-tools/adb -s emulator-5554 shell am start -a android.intent.action.MAIN -c android.intent.category.LAUNCHER -f 0x20000000 --ez enable-dart-profiling true --ez enable-checked-mode true --ez verify-entry-points true art.substitution.substitution/art.substitution.substitution.MainActivity
06:47 +4 -16: loading /Users/florian/Code/substitution/integration_test/profile_edit_test.dart                                                                                                         [ +186 ms] Starting: Intent { act=android.intent.action.MAIN cat=[android.intent.category.LAUNCHER] flg=0x20000000 cmp=art.substitution.substitution/.MainActivity (has extras) }
[        ] Waiting for VM Service port to be available...
06:48 +4 -16: loading /Users/florian/Code/substitution/integration_test/profile_edit_test.dart                                                                                                         [+1474 ms] VM Service URL on device: http://127.0.0.1:42063/fDH0A95SX3Y=/
[        ] executing: /Users/florian/Library/Android/sdk/platform-tools/adb -s emulator-5554 forward tcp:0 tcp:42063
[  +14 ms] 54867
[        ] Forwarded host port 54867 to device port 42063 for VM Service
[        ] test 7: Starting Dart Development Service
[        ] Launching a Dart Developer Service (DDS) instance at http://127.0.0.1:0, connecting to VM service at http://127.0.0.1:54867/fDH0A95SX3Y=/.
[ +155 ms] test 7: Dart Development Service started at http://127.0.0.1:54870/lw-IApphl94=/, forwarding to VM service at http://127.0.0.1:54867/fDH0A95SX3Y=/.
[        ] test 7: Connecting to vm service
[        ] test 7: VM Service uri is available at http://127.0.0.1:54870/lw-IApphl94=/
[   +5 ms] test 7: Finding the correct isolate with the integration test service extension
[  +38 ms] test 7: connected to test device, now awaiting test result
[        ] test 7: Waiting for test harness or tests to finish
06:48 +4 -16: loading /Users/florian/Code/substitution/integration_test/profile_edit_test.dart                                                                                                         
Warning: A tag was used that wasn't specified in dart_test.yaml.
  integration was used in the suite itself

06:48 +4 -16: /Users/florian/Code/substitution/integration_test/profile_edit_test.dart: Menu -> "Edit Profile" -> edit name -> save -> verify updated                                                  06:49 +4 -16: /Users/florian/Code/substitution/integration_test/profile_edit_test.dart: Menu -> "Edit Profile" -> edit name -> save -> verify updated                                                  06:49 +5 -16: /Users/florian/Code/substitution/integration_test/profile_edit_test.dart: Menu -> "Edit Profile" -> edit name -> save -> verify updated                                                  06:49 +5 -16: /Users/florian/Code/substitution/integration_test/profile_edit_test.dart: (tearDownAll)                                                                                                  [ +400 ms] test 7: Test harness is no longer needed by test process
[        ] test 7: finished
[        ] test 7: cleaning up...
[        ] test 7: ensuring test device is terminated.
[        ] executing: /Users/florian/Library/Android/sdk/platform-tools/adb -s emulator-5554 shell am force-stop art.substitution.substitution
[        ] test 7: Test process is no longer needed by test harness
[  +91 ms] executing: /Users/florian/Library/Android/sdk/platform-tools/adb -s emulator-5554 uninstall art.substitution.substitution
[ +128 ms] Success
[        ] test 7: deleting temporary directory
[        ] test 7: finished
06:49 +5 -16: loading /Users/florian/Code/substitution/integration_test/onboarding_flow_test.dart                                                                                                      [        ] test 8: starting test /Users/florian/Code/substitution/integration_test/onboarding_flow_test.dart
[        ] Stopping scan for flutter_test_config.dart; found project root at /Users/florian/Code/substitution
[        ] test 8: starting test device
[        ] test 8: awaiting connection to test device
[        ] executing: /Users/florian/Library/Android/sdk/build-tools/36.1.0/aapt dump xmltree /Users/florian/Code/substitution/build/app/outputs/flutter-apk/app-debug.apk AndroidManifest.xml
[  +10 ms] Exit code 0 from: /Users/florian/Library/Android/sdk/build-tools/36.1.0/aapt dump xmltree /Users/florian/Code/substitution/build/app/outputs/flutter-apk/app-debug.apk AndroidManifest.xml
[        ] N: android=http://schemas.android.com/apk/res/android
             E: manifest (line=2)
               A: android:versionCode(0x0101021b)=(type 0x10)0x7
               A: android:versionName(0x0101021c)="1.0.0" (Raw: "1.0.0")
               A: android:compileSdkVersion(0x01010572)=(type 0x10)0x24
               A: android:compileSdkVersionCodename(0x01010573)="16" (Raw: "16")
               A: package="art.substitution.substitution" (Raw: "art.substitution.substitution")
               A: platformBuildVersionCode=(type 0x10)0x24
               A: platformBuildVersionName=(type 0x10)0x10
               E: uses-sdk (line=7)
                 A: android:minSdkVersion(0x0101020c)=(type 0x10)0x18
                 A: android:targetSdkVersion(0x01010270)=(type 0x10)0x22
               E: uses-permission (line=15)
                 A: android:name(0x01010003)="android.permission.INTERNET" (Raw: "android.permission.INTERNET")
               E: uses-permission (line=16)
                 A: android:name(0x01010003)="android.permission.ACCESS_NETWORK_STATE" (Raw: "android.permission.ACCESS_NETWORK_STATE")
               E: permission (line=18)
                 A: android:name(0x01010003)="art.substitution.substitution.DYNAMIC_RECEIVER_NOT_EXPORTED_PERMISSION" (Raw: "art.substitution.substitution.DYNAMIC_RECEIVER_NOT_EXPORTED_PERMISSION")
                 A: android:protectionLevel(0x01010009)=(type 0x11)0x2
               E: uses-permission (line=22)
                 A: android:name(0x01010003)="art.substitution.substitution.DYNAMIC_RECEIVER_NOT_EXPORTED_PERMISSION" (Raw: "art.substitution.substitution.DYNAMIC_RECEIVER_NOT_EXPORTED_PERMISSION")
               E: application (line=24)
                 A: android:label(0x01010001)="substitution" (Raw: "substitution")
                 A: android:icon(0x01010002)=@0x7f0c0000
                 A: android:name(0x01010003)="android.app.Application" (Raw: "android.app.Application")
                 A: android:debuggable(0x0101000f)=(type 0x12)0xffffffff
                 A: android:extractNativeLibs(0x010104ea)=(type 0x12)0x0
                 A: android:appComponentFactory(0x0101057a)="androidx.core.app.CoreComponentFactory" (Raw: "androidx.core.app.CoreComponentFactory")
                 E: activity (line=31)
                   A: android:theme(0x01010000)=@0x7f0e00a2
                   A: android:name(0x01010003)="art.substitution.substitution.MainActivity" (Raw: "art.substitution.substitution.MainActivity")
                   A: android:exported(0x01010010)=(type 0x12)0xffffffff
                   A: android:launchMode(0x0101001d)=(type 0x10)0x1
                   A: android:configChanges(0x0101001f)=(type 0x11)0x40003fb4
                   A: android:windowSoftInputMode(0x0101022b)=(type 0x11)0x10
                   A: android:hardwareAccelerated(0x010102d3)=(type 0x12)0xffffffff
                   E: meta-data (line=46)
                     A: android:name(0x01010003)="io.flutter.embedding.android.NormalTheme" (Raw: "io.flutter.embedding.android.NormalTheme")
                     A: android:resource(0x01010025)=@0x7f0e00a3
                   E: intent-filter (line=50)
                     E: action (line=51)
                       A: android:name(0x01010003)="android.intent.action.MAIN" (Raw: "android.intent.action.MAIN")
                     E: category (line=53)
                       A: android:name(0x01010003)="android.intent.category.LAUNCHER" (Raw: "android.intent.category.LAUNCHER")
                   E: intent-filter (line=56)
                     E: action (line=57)
                       A: android:name(0x01010003)="android.intent.action.VIEW" (Raw: "android.intent.action.VIEW")
                     E: category (line=59)
                       A: android:name(0x01010003)="android.intent.category.DEFAULT" (Raw: "android.intent.category.DEFAULT")
                     E: category (line=60)
                       A: android:name(0x01010003)="android.intent.category.BROWSABLE" (Raw: "android.intent.category.BROWSABLE")
                     E: data (line=62)
                       A: android:scheme(0x01010027)="substitution" (Raw: "substitution")
                       A: android:host(0x01010028)="auth" (Raw: "auth")
                       A: android:pathPrefix(0x0101002b)="/login-callback" (Raw: "/login-callback")
                 E: meta-data (line=72)
                   A: android:name(0x01010003)="flutterEmbedding" (Raw: "flutterEmbedding")
                   A: android:value(0x01010024)=(type 0x10)0x2
                 E: activity (line=76)
                   A: android:theme(0x01010000)=@0x01030007
                   A: android:name(0x01010003)="io.flutter.plugins.urllauncher.WebViewActivity" (Raw: "io.flutter.plugins.urllauncher.WebViewActivity")
                   A: android:exported(0x01010010)=(type 0x12)0x0
                 E: uses-library (line=81)
                   A: android:name(0x01010003)="androidx.window.extensions" (Raw: "androidx.window.extensions")
                   A: android:required(0x0101028e)=(type 0x12)0x0
                 E: uses-library (line=84)
                   A: android:name(0x01010003)="androidx.window.sidecar" (Raw: "androidx.window.sidecar")
                   A: android:required(0x0101028e)=(type 0x12)0x0
                 E: provider (line=88)
                   A: android:name(0x01010003)="androidx.startup.InitializationProvider" (Raw: "androidx.startup.InitializationProvider")
                   A: android:exported(0x01010010)=(type 0x12)0x0
                   A: android:authorities(0x01010018)="art.substitution.substitution.androidx-startup" (Raw: "art.substitution.substitution.androidx-startup")
                   E: meta-data (line=92)
                     A: android:name(0x01010003)="androidx.lifecycle.ProcessLifecycleInitializer" (Raw: "androidx.lifecycle.ProcessLifecycleInitializer")
                     A: android:value(0x01010024)="androidx.startup" (Raw: "androidx.startup")
                   E: meta-data (line=95)
                     A: android:name(0x01010003)="androidx.profileinstaller.ProfileInstallerInitializer" (Raw: "androidx.profileinstaller.ProfileInstallerInitializer")
                     A: android:value(0x01010024)="androidx.startup" (Raw: "androidx.startup")
                 E: receiver (line=100)
                   A: android:name(0x01010003)="androidx.profileinstaller.ProfileInstallReceiver" (Raw: "androidx.profileinstaller.ProfileInstallReceiver")
                   A: android:permission(0x01010006)="android.permission.DUMP" (Raw: "android.permission.DUMP")
                   A: android:enabled(0x0101000e)=(type 0x12)0xffffffff
                   A: android:exported(0x01010010)=(type 0x12)0xffffffff
                   A: android:directBootAware(0x01010505)=(type 0x12)0x0
                   E: intent-filter (line=106)
                     E: action (line=107)
                       A: android:name(0x01010003)="androidx.profileinstaller.action.INSTALL_PROFILE" (Raw: "androidx.profileinstaller.action.INSTALL_PROFILE")
                   E: intent-filter (line=109)
                     E: action (line=110)
                       A: android:name(0x01010003)="androidx.profileinstaller.action.SKIP_FILE" (Raw: "androidx.profileinstaller.action.SKIP_FILE")
                   E: intent-filter (line=112)
                     E: action (line=113)
                       A: android:name(0x01010003)="androidx.profileinstaller.action.SAVE_PROFILE" (Raw: "androidx.profileinstaller.action.SAVE_PROFILE")
                   E: intent-filter (line=115)
                     E: action (line=116)
                       A: android:name(0x01010003)="androidx.profileinstaller.action.BENCHMARK_OPERATION" (Raw: "androidx.profileinstaller.action.BENCHMARK_OPERATION")
[        ] Building APK
[        ] Version of Java is different than impacted version, no migration attempted.
[        ] CMake project not found, skipping support Android 15 16k page size migration.
[        ] Using gradle from /Users/florian/Code/substitution/android/gradlew.
[   +5 ms] LocalFile: '/Users/florian/Code/substitution/android/build.gradle' provides AGP version from classpath: 8.6.0
[   +7 ms] Running Gradle task 'assembleDebug'...
[        ] executing: [/Users/florian/Code/substitution/android/] /Users/florian/Code/substitution/android/gradlew --full-stacktrace --info -Pverbose=true -PskipDependencyChecks=true -Ptarget-platform=android-arm64 -Ptarget=/var/folders/l_/w8pnbb9d38n57pzg9j98fmy80000gn/T/flutter_tools.wuOse9/flutter_test_listener.yWB40I/listener.dart -Pbase-application-name=android.app.Application -Pdart-defines=TUFUUklYX1NFUlZFUj1odHRwOi8vbG9jYWxob3N0OjgwMDg=,TUFUUklYX1RFU1RfVVNFUj0=,TUFUUklYX1RFU1RfUEFTU1dPUkQ9,RkxVVFRFUl9WRVJTSU9OPTMuMzguOQ==,RkxVVFRFUl9DSEFOTkVMPXN0YWJsZQ==,RkxVVFRFUl9HSVRfVVJMPWh0dHBzOi8vZ2l0aHViLmNvbS9mbHV0dGVyL2ZsdXR0ZXIuZ2l0,RkxVVFRFUl9GUkFNRVdPUktfUkVWSVNJT049NjczMjNkZTI4NQ==,RkxVVFRFUl9FTkdJTkVfUkVWSVNJT049NTg3YzE4Zjg3Mw==,RkxVVFRFUl9EQVJUX1ZFUlNJT049My4xMC44,SU5URUdSQVRJT05fVEVTVF9TSE9VTERfUkVQT1JUX1JFU1VMVFNfVE9fTkFUSVZFPWZhbHNl -Pdart-obfuscation=false -Ptrack-widget-creation=true -Ptree-shake-icons=false assembleDebug
[ +276 ms] Initialized native services in: /Users/florian/.gradle/native
[        ] Initialized jansi services in: /Users/florian/.gradle/native
[ +215 ms] The client will now receive all logging from the daemon (pid: 43439). The daemon log file: /Users/florian/.gradle/daemon/8.12.1/daemon-43439.out.log
[        ] Starting 101st build in daemon [uptime: 2 hrs 4 mins 38.994 secs, performance: 100%, GC rate: 0.00/s, heap usage: 0% of 4 GiB]
[        ] Using 32 worker leases.
[        ] Now considering [/Users/florian/Code/substitution/android, /opt/homebrew/share/flutter/packages/flutter_tools/gradle] as hierarchies to watch
[        ] Watching the file system is configured to be enabled if available
[        ] File system watching is active
[        ] Starting Build
[        ] Now considering [/opt/homebrew/share/flutter/packages/flutter_tools/gradle, /Users/florian/Code/substitution/android] as hierarchies to watch
[        ] > Configure project :gradle
[        ] Evaluating project ':gradle' using build file '/opt/homebrew/share/flutter/packages/flutter_tools/gradle/build.gradle.kts'.
[        ] Resolved plugin [id: 'org.gradle.java-gradle-plugin']
[        ] Resolved plugin [id: 'org.gradle.groovy']
[        ] Resolved plugin [id: 'org.gradle.kotlin.kotlin-dsl', version: '5.1.2']
[        ] Resolved plugin [id: 'org.jetbrains.kotlin.jvm', version: '1.9.20']
[        ] Using Kotlin Gradle Plugin gradle85 variant
[        ] kotlin scripting plugin: created the scripting discovery configuration: kotlinScriptDef
[        ] kotlin scripting plugin: created the scripting discovery configuration: testKotlinScriptDef
[        ] file or directory '/opt/homebrew/share/flutter/packages/flutter_tools/gradle/src/main/java', not found
[        ] Resolved plugin [id: 'dev.flutter.flutter-plugin-loader', version: '1.0.0']
[        ] Resolved plugin [id: 'com.android.application', version: '8.9.1', apply: false]
[        ] Resolved plugin [id: 'org.jetbrains.kotlin.android', version: '2.1.0', apply: false]
[        ] Resolve mutations for :gradle:checkKotlinGradlePluginConfigurationErrors (Thread[#40487,Execution worker,5,main]) started.
[        ] :gradle:checkKotlinGradlePluginConfigurationErrors (Thread[#40487,Execution worker,5,main]) started.
[        ] > Task :gradle:checkKotlinGradlePluginConfigurationErrors SKIPPED
[        ] Skipping task ':gradle:checkKotlinGradlePluginConfigurationErrors' as task onlyIf 'errorDiagnostics are present' is false.
[        ] Resolve mutations for :gradle:compileKotlin (Thread[#40504,Execution worker Thread 17,5,main]) started.
[        ] :gradle:compileKotlin (Thread[#40504,Execution worker Thread 17,5,main]) started.
[        ] > Task :gradle:compileKotlin UP-TO-DATE
[        ] Caching disabled for task ':gradle:compileKotlin' because:
[        ]   Build cache is disabled
[        ] Skipping task ':gradle:compileKotlin' as it is up-to-date.
[        ] Resolve mutations for :gradle:compileJava (Thread[#40504,Execution worker Thread 17,5,main]) started.
[        ] :gradle:compileJava (Thread[#40504,Execution worker Thread 17,5,main]) started.
[        ] > Task :gradle:compileJava NO-SOURCE
[        ] Skipping task ':gradle:compileJava' as it has no source files and no previous output files.
[        ] Resolve mutations for :gradle:compileGroovy (Thread[#40504,Execution worker Thread 17,5,main]) started.
[        ] :gradle:compileGroovy (Thread[#40504,Execution worker Thread 17,5,main]) started.
[        ] > Task :gradle:compileGroovy NO-SOURCE
[        ] Skipping task ':gradle:compileGroovy' as it has no source files and no previous output files.
[        ] Resolve mutations for :gradle:pluginDescriptors (Thread[#40504,Execution worker Thread 17,5,main]) started.
[        ] :gradle:pluginDescriptors (Thread[#40504,Execution worker Thread 17,5,main]) started.
[        ] > Task :gradle:pluginDescriptors UP-TO-DATE
[        ] Caching disabled for task ':gradle:pluginDescriptors' because:
[        ]   Build cache is disabled
[        ]   Not worth caching
[        ] Skipping task ':gradle:pluginDescriptors' as it is up-to-date.
[        ] Resolve mutations for :gradle:processResources (Thread[#40504,Execution worker Thread 17,5,main]) started.
[        ] :gradle:processResources (Thread[#40504,Execution worker Thread 17,5,main]) started.
[        ] > Task :gradle:processResources UP-TO-DATE
[        ] Caching disabled for task ':gradle:processResources' because:
[        ]   Build cache is disabled
[        ]   Not worth caching
[        ] Skipping task ':gradle:processResources' as it is up-to-date.
[        ] Resolve mutations for :gradle:classes (Thread[#40504,Execution worker Thread 17,5,main]) started.
[        ] :gradle:classes (Thread[#40504,Execution worker Thread 17,5,main]) started.
[        ] > Task :gradle:classes UP-TO-DATE
[        ] Skipping task ':gradle:classes' as it has no actions.
[        ] Resolve mutations for :gradle:jar (Thread[#40504,Execution worker Thread 17,5,main]) started.
[        ] :gradle:jar (Thread[#40504,Execution worker Thread 17,5,main]) started.
[        ] > Task :gradle:jar UP-TO-DATE
[        ] Caching disabled for task ':gradle:jar' because:
[        ]   Build cache is disabled
[        ]   Not worth caching
[        ] Skipping task ':gradle:jar' as it is up-to-date.
[        ] Settings evaluated using settings file '/Users/florian/Code/substitution/android/settings.gradle'.
[        ] Projects loaded. Root project using build file '/Users/florian/Code/substitution/android/build.gradle'.
[        ] Included projects: [root project 'android', project ':app', project ':connectivity_plus', project ':emoji_picker_flutter', project ':file_selector_android', project ':flutter_keyboard_visibility_temp_fork', project ':flutter_native_splash', project ':flutter_olm', project ':flutter_openssl_crypto', project ':integration_test', project ':path_provider_android', project ':quill_native_bridge_android', project ':shared_preferences_android', project ':sqflite_android', project ':url_launcher_android', project ':video_player_android']
[  +90 ms] > Configure project :app
[        ] Evaluating project ':app' using build file '/Users/florian/Code/substitution/android/app/build.gradle'.
[        ] Resolved plugin [id: 'com.android.application']
[        ] Resolved plugin [id: 'kotlin-android']
[        ] Resolved plugin [id: 'dev.flutter.flutter-gradle-plugin']
[        ] Using default execution profile
[        ] Using Kotlin Gradle Plugin gradle85 variant
[        ] C/C++: android.ndkVersion from module build.gradle is [28.2.13676358]
[        ] C/C++: android.ndkPath from module build.gradle is not set
[        ] C/C++: ndk.dir in local.properties is not set
[        ] C/C++: Not considering ANDROID_NDK_HOME because support was removed after deprecation period.
[        ] C/C++: sdkFolder is /Users/florian/Library/Android/sdk
[        ] C/C++: android.ndkVersion from module build.gradle is [28.2.13676358]
[        ] C/C++: android.ndkPath from module build.gradle is not set
[        ] C/C++: ndk.dir in local.properties is not set
[        ] C/C++: Not considering ANDROID_NDK_HOME because support was removed after deprecation period.
[        ] C/C++: sdkFolder is /Users/florian/Library/Android/sdk
[        ] C/C++: android.ndkVersion from module build.gradle is [28.2.13676358]
[        ] C/C++: android.ndkPath from module build.gradle is not set
[        ] C/C++: ndk.dir in local.properties is not set
[        ] C/C++: Not considering ANDROID_NDK_HOME because support was removed after deprecation period.
[        ] C/C++: sdkFolder is /Users/florian/Library/Android/sdk
[        ] C/C++: android.ndkVersion from module build.gradle is [28.2.13676358]
[        ] C/C++: android.ndkPath from module build.gradle is not set
[        ] C/C++: ndk.dir in local.properties is not set
[        ] C/C++: Not considering ANDROID_NDK_HOME because support was removed after deprecation period.
[        ] C/C++: sdkFolder is /Users/florian/Library/Android/sdk
[        ] C/C++: android.ndkVersion from module build.gradle is [28.2.13676358]
[        ] C/C++: android.ndkPath from module build.gradle is not set
[        ] C/C++: ndk.dir in local.properties is not set
[        ] C/C++: Not considering ANDROID_NDK_HOME because support was removed after deprecation period.
[        ] C/C++: sdkFolder is /Users/florian/Library/Android/sdk
[        ] C/C++: android.ndkVersion from module build.gradle is [28.2.13676358]
[        ] C/C++: android.ndkPath from module build.gradle is not set
[        ] C/C++: ndk.dir in local.properties is not set
[        ] C/C++: Not considering ANDROID_NDK_HOME because support was removed after deprecation period.
[        ] C/C++: sdkFolder is /Users/florian/Library/Android/sdk
[        ] C/C++: android.ndkVersion from module build.gradle is [28.2.13676358]
[        ] C/C++: android.ndkPath from module build.gradle is not set
[        ] C/C++: ndk.dir in local.properties is not set
[        ] C/C++: Not considering ANDROID_NDK_HOME because support was removed after deprecation period.
[        ] C/C++: sdkFolder is /Users/florian/Library/Android/sdk
[        ] C/C++: android.ndkVersion from module build.gradle is [28.2.13676358]
[        ] C/C++: android.ndkPath from module build.gradle is not set
[        ] C/C++: ndk.dir in local.properties is not set
[        ] C/C++: Not considering ANDROID_NDK_HOME because support was removed after deprecation period.
[        ] C/C++: sdkFolder is /Users/florian/Library/Android/sdk
[        ] C/C++: android.ndkVersion from module build.gradle is [28.2.13676358]
[        ] C/C++: android.ndkPath from module build.gradle is not set
[        ] C/C++: ndk.dir in local.properties is not set
[        ] C/C++: Not considering ANDROID_NDK_HOME because support was removed after deprecation period.
[        ] C/C++: sdkFolder is /Users/florian/Library/Android/sdk
[        ] C/C++: android.ndkVersion from module build.gradle is [28.2.13676358]
[        ] C/C++: android.ndkPath from module build.gradle is not set
[        ] C/C++: ndk.dir in local.properties is not set
[        ] C/C++: Not considering ANDROID_NDK_HOME because support was removed after deprecation period.
[        ] C/C++: sdkFolder is /Users/florian/Library/Android/sdk
[        ] C/C++: android.ndkVersion from module build.gradle is [28.2.13676358]
[        ] C/C++: android.ndkPath from module build.gradle is not set
[        ] C/C++: ndk.dir in local.properties is not set
[        ] C/C++: Not considering ANDROID_NDK_HOME because support was removed after deprecation period.
[        ] C/C++: sdkFolder is /Users/florian/Library/Android/sdk
[        ] C/C++: android.ndkVersion from module build.gradle is [28.2.13676358]
[        ] C/C++: android.ndkPath from module build.gradle is not set
[        ] C/C++: ndk.dir in local.properties is not set
[        ] C/C++: Not considering ANDROID_NDK_HOME because support was removed after deprecation period.
[        ] C/C++: sdkFolder is /Users/florian/Library/Android/sdk
[        ] C/C++: android.ndkVersion from module build.gradle is [28.2.13676358]
[        ] C/C++: android.ndkPath from module build.gradle is not set
[        ] C/C++: ndk.dir in local.properties is not set
[        ] C/C++: Not considering ANDROID_NDK_HOME because support was removed after deprecation period.
[        ] C/C++: sdkFolder is /Users/florian/Library/Android/sdk
[        ] C/C++: android.ndkVersion from module build.gradle is [28.2.13676358]
[        ] C/C++: android.ndkPath from module build.gradle is not set
[        ] C/C++: ndk.dir in local.properties is not set
[        ] C/C++: Not considering ANDROID_NDK_HOME because support was removed after deprecation period.
[        ] C/C++: sdkFolder is /Users/florian/Library/Android/sdk
[        ] C/C++: android.ndkVersion from module build.gradle is [28.2.13676358]
[        ] C/C++: android.ndkPath from module build.gradle is not set
[        ] C/C++: ndk.dir in local.properties is not set
[        ] C/C++: Not considering ANDROID_NDK_HOME because support was removed after deprecation period.
[        ] C/C++: sdkFolder is /Users/florian/Library/Android/sdk
[        ] C/C++: android.ndkVersion from module build.gradle is [28.2.13676358]
[        ] C/C++: android.ndkPath from module build.gradle is not set
[        ] C/C++: ndk.dir in local.properties is not set
[        ] C/C++: Not considering ANDROID_NDK_HOME because support was removed after deprecation period.
[        ] C/C++: sdkFolder is /Users/florian/Library/Android/sdk
[        ] C/C++: android.ndkVersion from module build.gradle is [28.2.13676358]
[        ] C/C++: android.ndkPath from module build.gradle is not set
[        ] C/C++: ndk.dir in local.properties is not set
[        ] C/C++: Not considering ANDROID_NDK_HOME because support was removed after deprecation period.
[        ] C/C++: sdkFolder is /Users/florian/Library/Android/sdk
[        ] C/C++: android.ndkVersion from module build.gradle is [28.2.13676358]
[        ] C/C++: android.ndkPath from module build.gradle is not set
[        ] C/C++: ndk.dir in local.properties is not set
[        ] C/C++: Not considering ANDROID_NDK_HOME because support was removed after deprecation period.
[        ] C/C++: sdkFolder is /Users/florian/Library/Android/sdk
[        ] C/C++: android.ndkVersion from module build.gradle is [28.2.13676358]
[        ] C/C++: android.ndkPath from module build.gradle is not set
[        ] C/C++: ndk.dir in local.properties is not set
[        ] C/C++: Not considering ANDROID_NDK_HOME because support was removed after deprecation period.
[        ] C/C++: sdkFolder is /Users/florian/Library/Android/sdk
[        ] > Configure project :
[        ] Evaluating root project 'android' using build file '/Users/florian/Code/substitution/android/build.gradle'.
[        ] > Configure project :connectivity_plus
[        ] Evaluating project ':connectivity_plus' using build file '/Users/florian/.pub-cache/hosted/pub.dev/connectivity_plus-5.0.2/android/build.gradle'.
[        ] Using default execution profile
06:50 +5 -16: loading /Users/florian/Code/substitution/integration_test/onboarding_flow_test.dart                                                                                                      [  +99 ms] > Configure project :emoji_picker_flutter
[        ] Evaluating project ':emoji_picker_flutter' using build file '/Users/florian/.pub-cache/hosted/pub.dev/emoji_picker_flutter-4.4.0/android/build.gradle'.
[        ] Using default execution profile
[        ] Using Kotlin Gradle Plugin gradle85 variant
[        ] > Configure project :file_selector_android
[        ] Evaluating project ':file_selector_android' using build file '/Users/florian/.pub-cache/hosted/pub.dev/file_selector_android-0.5.2+4/android/build.gradle'.
[        ] Using default execution profile
[        ] > Configure project :flutter_keyboard_visibility_temp_fork
[        ] Evaluating project ':flutter_keyboard_visibility_temp_fork' using build file '/Users/florian/.pub-cache/hosted/pub.dev/flutter_keyboard_visibility_temp_fork-0.1.5/android/build.gradle'.
[        ] Using default execution profile
[        ] > Configure project :flutter_native_splash
[        ] Evaluating project ':flutter_native_splash' using build file '/Users/florian/.pub-cache/hosted/pub.dev/flutter_native_splash-2.4.7/android/build.gradle'.
[        ] Using default execution profile
[        ] > Configure project :flutter_olm
[        ] Evaluating project ':flutter_olm' using build file '/Users/florian/.pub-cache/hosted/pub.dev/flutter_olm-2.0.0/android/build.gradle'.
[        ] Using default execution profile
[        ] Using Kotlin Gradle Plugin gradle85 variant
[        ] C/C++: android.ndkVersion from module build.gradle is [27.0.12077973]
[        ] C/C++: android.ndkPath from module build.gradle is not set
[        ] C/C++: ndk.dir in local.properties is not set
[        ] C/C++: Not considering ANDROID_NDK_HOME because support was removed after deprecation period.
[        ] C/C++: sdkFolder is /Users/florian/Library/Android/sdk
[        ] C/C++: android.ndkVersion from module build.gradle is [27.0.12077973]
[        ] C/C++: android.ndkPath from module build.gradle is not set
[        ] C/C++: ndk.dir in local.properties is not set
[        ] C/C++: Not considering ANDROID_NDK_HOME because support was removed after deprecation period.
[        ] C/C++: sdkFolder is /Users/florian/Library/Android/sdk
[        ] C/C++: android.ndkVersion from module build.gradle is [27.0.12077973]
[        ] C/C++: android.ndkPath from module build.gradle is not set
[        ] C/C++: ndk.dir in local.properties is not set
[        ] C/C++: Not considering ANDROID_NDK_HOME because support was removed after deprecation period.
[        ] C/C++: sdkFolder is /Users/florian/Library/Android/sdk
[        ] C/C++: android.ndkVersion from module build.gradle is [27.0.12077973]
[        ] C/C++: android.ndkPath from module build.gradle is not set
[        ] C/C++: ndk.dir in local.properties is not set
[        ] C/C++: Not considering ANDROID_NDK_HOME because support was removed after deprecation period.
[        ] C/C++: sdkFolder is /Users/florian/Library/Android/sdk
[        ] C/C++: android.ndkVersion from module build.gradle is [27.0.12077973]
[        ] C/C++: android.ndkPath from module build.gradle is not set
[        ] C/C++: ndk.dir in local.properties is not set
[        ] C/C++: Not considering ANDROID_NDK_HOME because support was removed after deprecation period.
[        ] C/C++: sdkFolder is /Users/florian/Library/Android/sdk
[        ] C/C++: android.ndkVersion from module build.gradle is [27.0.12077973]
[        ] C/C++: android.ndkPath from module build.gradle is not set
[        ] C/C++: ndk.dir in local.properties is not set
[        ] C/C++: Not considering ANDROID_NDK_HOME because support was removed after deprecation period.
[        ] C/C++: sdkFolder is /Users/florian/Library/Android/sdk
[        ] C/C++: android.ndkVersion from module build.gradle is [27.0.12077973]
[        ] C/C++: android.ndkPath from module build.gradle is not set
[        ] C/C++: ndk.dir in local.properties is not set
[        ] C/C++: Not considering ANDROID_NDK_HOME because support was removed after deprecation period.
[        ] C/C++: sdkFolder is /Users/florian/Library/Android/sdk
[        ] C/C++: android.ndkVersion from module build.gradle is [27.0.12077973]
[        ] C/C++: android.ndkPath from module build.gradle is not set
[        ] C/C++: ndk.dir in local.properties is not set
[        ] C/C++: Not considering ANDROID_NDK_HOME because support was removed after deprecation period.
[        ] C/C++: sdkFolder is /Users/florian/Library/Android/sdk
[        ] C/C++: android.ndkVersion from module build.gradle is [27.0.12077973]
[        ] C/C++: android.ndkPath from module build.gradle is not set
[        ] C/C++: ndk.dir in local.properties is not set
[        ] C/C++: Not considering ANDROID_NDK_HOME because support was removed after deprecation period.
[        ] C/C++: sdkFolder is /Users/florian/Library/Android/sdk
[        ] C/C++: android.ndkVersion from module build.gradle is [27.0.12077973]
[        ] C/C++: android.ndkPath from module build.gradle is not set
[        ] C/C++: ndk.dir in local.properties is not set
[        ] C/C++: Not considering ANDROID_NDK_HOME because support was removed after deprecation period.
[        ] C/C++: sdkFolder is /Users/florian/Library/Android/sdk
[        ] C/C++: android.ndkVersion from module build.gradle is [27.0.12077973]
[        ] C/C++: android.ndkPath from module build.gradle is not set
[        ] C/C++: ndk.dir in local.properties is not set
[        ] C/C++: Not considering ANDROID_NDK_HOME because support was removed after deprecation period.
[        ] C/C++: sdkFolder is /Users/florian/Library/Android/sdk
[        ] C/C++: android.ndkVersion from module build.gradle is [27.0.12077973]
[        ] C/C++: android.ndkPath from module build.gradle is not set
[        ] C/C++: ndk.dir in local.properties is not set
[        ] C/C++: Not considering ANDROID_NDK_HOME because support was removed after deprecation period.
[        ] C/C++: sdkFolder is /Users/florian/Library/Android/sdk
[        ] C/C++: android.ndkVersion from module build.gradle is [27.0.12077973]
[        ] C/C++: android.ndkPath from module build.gradle is not set
[        ] C/C++: ndk.dir in local.properties is not set
[        ] C/C++: Not considering ANDROID_NDK_HOME because support was removed after deprecation period.
[        ] C/C++: sdkFolder is /Users/florian/Library/Android/sdk
[        ] C/C++: android.ndkVersion from module build.gradle is [27.0.12077973]
[        ] C/C++: android.ndkPath from module build.gradle is not set
[        ] C/C++: ndk.dir in local.properties is not set
[        ] C/C++: Not considering ANDROID_NDK_HOME because support was removed after deprecation period.
[        ] C/C++: sdkFolder is /Users/florian/Library/Android/sdk
[        ] C/C++: android.ndkVersion from module build.gradle is [27.0.12077973]
[        ] C/C++: android.ndkPath from module build.gradle is not set
[        ] C/C++: ndk.dir in local.properties is not set
[        ] C/C++: Not considering ANDROID_NDK_HOME because support was removed after deprecation period.
[        ] C/C++: sdkFolder is /Users/florian/Library/Android/sdk
[        ] C/C++: android.ndkVersion from module build.gradle is [27.0.12077973]
[        ] C/C++: android.ndkPath from module build.gradle is not set
[        ] C/C++: ndk.dir in local.properties is not set
[        ] C/C++: Not considering ANDROID_NDK_HOME because support was removed after deprecation period.
[        ] C/C++: sdkFolder is /Users/florian/Library/Android/sdk
[        ] C/C++: android.ndkVersion from module build.gradle is [27.0.12077973]
[        ] C/C++: android.ndkPath from module build.gradle is not set
[        ] C/C++: ndk.dir in local.properties is not set
[        ] C/C++: Not considering ANDROID_NDK_HOME because support was removed after deprecation period.
[        ] C/C++: sdkFolder is /Users/florian/Library/Android/sdk
[        ] C/C++: android.ndkVersion from module build.gradle is [27.0.12077973]
[        ] C/C++: android.ndkPath from module build.gradle is not set
[        ] C/C++: ndk.dir in local.properties is not set
[        ] C/C++: Not considering ANDROID_NDK_HOME because support was removed after deprecation period.
[        ] C/C++: sdkFolder is /Users/florian/Library/Android/sdk
[        ] C/C++: android.ndkVersion from module build.gradle is [27.0.12077973]
[        ] C/C++: android.ndkPath from module build.gradle is not set
[        ] C/C++: ndk.dir in local.properties is not set
[        ] C/C++: Not considering ANDROID_NDK_HOME because support was removed after deprecation period.
[        ] C/C++: sdkFolder is /Users/florian/Library/Android/sdk
[ +101 ms] > Configure project :flutter_openssl_crypto
[        ] Evaluating project ':flutter_openssl_crypto' using build file '/Users/florian/.pub-cache/hosted/pub.dev/flutter_openssl_crypto-0.5.0/android/build.gradle'.
[        ] Using default execution profile
[        ] Using Kotlin Gradle Plugin gradle85 variant
[        ] C/C++: android.ndkVersion from module build.gradle is [27.0.12077973]
[        ] C/C++: android.ndkPath from module build.gradle is not set
[        ] C/C++: ndk.dir in local.properties is not set
[        ] C/C++: Not considering ANDROID_NDK_HOME because support was removed after deprecation period.
[        ] C/C++: sdkFolder is /Users/florian/Library/Android/sdk
[        ] C/C++: android.ndkVersion from module build.gradle is [27.0.12077973]
[        ] C/C++: android.ndkPath from module build.gradle is not set
[        ] C/C++: ndk.dir in local.properties is not set
[        ] C/C++: Not considering ANDROID_NDK_HOME because support was removed after deprecation period.
[        ] C/C++: sdkFolder is /Users/florian/Library/Android/sdk
[        ] C/C++: android.ndkVersion from module build.gradle is [27.0.12077973]
[        ] C/C++: android.ndkPath from module build.gradle is not set
[        ] C/C++: ndk.dir in local.properties is not set
[        ] C/C++: Not considering ANDROID_NDK_HOME because support was removed after deprecation period.
[        ] C/C++: sdkFolder is /Users/florian/Library/Android/sdk
[        ] C/C++: android.ndkVersion from module build.gradle is [27.0.12077973]
[        ] C/C++: android.ndkPath from module build.gradle is not set
[        ] C/C++: ndk.dir in local.properties is not set
[        ] C/C++: Not considering ANDROID_NDK_HOME because support was removed after deprecation period.
[        ] C/C++: sdkFolder is /Users/florian/Library/Android/sdk
[        ] C/C++: android.ndkVersion from module build.gradle is [27.0.12077973]
[        ] C/C++: android.ndkPath from module build.gradle is not set
[        ] C/C++: ndk.dir in local.properties is not set
[        ] C/C++: Not considering ANDROID_NDK_HOME because support was removed after deprecation period.
[        ] C/C++: sdkFolder is /Users/florian/Library/Android/sdk
[        ] C/C++: android.ndkVersion from module build.gradle is [27.0.12077973]
[        ] C/C++: android.ndkPath from module build.gradle is not set
[        ] C/C++: ndk.dir in local.properties is not set
[        ] C/C++: Not considering ANDROID_NDK_HOME because support was removed after deprecation period.
[        ] C/C++: sdkFolder is /Users/florian/Library/Android/sdk
[        ] C/C++: android.ndkVersion from module build.gradle is [27.0.12077973]
[        ] C/C++: android.ndkPath from module build.gradle is not set
[        ] C/C++: ndk.dir in local.properties is not set
[        ] C/C++: Not considering ANDROID_NDK_HOME because support was removed after deprecation period.
[        ] C/C++: sdkFolder is /Users/florian/Library/Android/sdk
[        ] C/C++: android.ndkVersion from module build.gradle is [27.0.12077973]
[        ] C/C++: android.ndkPath from module build.gradle is not set
[        ] C/C++: ndk.dir in local.properties is not set
[        ] C/C++: Not considering ANDROID_NDK_HOME because support was removed after deprecation period.
[        ] C/C++: sdkFolder is /Users/florian/Library/Android/sdk
[        ] C/C++: android.ndkVersion from module build.gradle is [27.0.12077973]
[        ] C/C++: android.ndkPath from module build.gradle is not set
[        ] C/C++: ndk.dir in local.properties is not set
[        ] C/C++: Not considering ANDROID_NDK_HOME because support was removed after deprecation period.
[        ] C/C++: sdkFolder is /Users/florian/Library/Android/sdk
[        ] C/C++: android.ndkVersion from module build.gradle is [27.0.12077973]
[        ] C/C++: android.ndkPath from module build.gradle is not set
[        ] C/C++: ndk.dir in local.properties is not set
[        ] C/C++: Not considering ANDROID_NDK_HOME because support was removed after deprecation period.
[        ] C/C++: sdkFolder is /Users/florian/Library/Android/sdk
[        ] C/C++: android.ndkVersion from module build.gradle is [27.0.12077973]
[        ] C/C++: android.ndkPath from module build.gradle is not set
[        ] C/C++: ndk.dir in local.properties is not set
[        ] C/C++: Not considering ANDROID_NDK_HOME because support was removed after deprecation period.
[        ] C/C++: sdkFolder is /Users/florian/Library/Android/sdk
[        ] C/C++: android.ndkVersion from module build.gradle is [27.0.12077973]
[        ] C/C++: android.ndkPath from module build.gradle is not set
[        ] C/C++: ndk.dir in local.properties is not set
[        ] C/C++: Not considering ANDROID_NDK_HOME because support was removed after deprecation period.
[        ] C/C++: sdkFolder is /Users/florian/Library/Android/sdk
[        ] C/C++: android.ndkVersion from module build.gradle is [27.0.12077973]
[        ] C/C++: android.ndkPath from module build.gradle is not set
[        ] C/C++: ndk.dir in local.properties is not set
[        ] C/C++: Not considering ANDROID_NDK_HOME because support was removed after deprecation period.
[        ] C/C++: sdkFolder is /Users/florian/Library/Android/sdk
[        ] C/C++: android.ndkVersion from module build.gradle is [27.0.12077973]
[        ] C/C++: android.ndkPath from module build.gradle is not set
[        ] C/C++: ndk.dir in local.properties is not set
[        ] C/C++: Not considering ANDROID_NDK_HOME because support was removed after deprecation period.
[        ] C/C++: sdkFolder is /Users/florian/Library/Android/sdk
[        ] C/C++: android.ndkVersion from module build.gradle is [27.0.12077973]
[        ] C/C++: android.ndkPath from module build.gradle is not set
[        ] C/C++: ndk.dir in local.properties is not set
[        ] C/C++: Not considering ANDROID_NDK_HOME because support was removed after deprecation period.
[        ] C/C++: sdkFolder is /Users/florian/Library/Android/sdk
[        ] C/C++: android.ndkVersion from module build.gradle is [27.0.12077973]
[        ] C/C++: android.ndkPath from module build.gradle is not set
[        ] C/C++: ndk.dir in local.properties is not set
[        ] C/C++: Not considering ANDROID_NDK_HOME because support was removed after deprecation period.
[        ] C/C++: sdkFolder is /Users/florian/Library/Android/sdk
[        ] C/C++: android.ndkVersion from module build.gradle is [27.0.12077973]
[        ] C/C++: android.ndkPath from module build.gradle is not set
[        ] C/C++: ndk.dir in local.properties is not set
[        ] C/C++: Not considering ANDROID_NDK_HOME because support was removed after deprecation period.
[        ] C/C++: sdkFolder is /Users/florian/Library/Android/sdk
[        ] C/C++: android.ndkVersion from module build.gradle is [27.0.12077973]
[        ] C/C++: android.ndkPath from module build.gradle is not set
[        ] C/C++: ndk.dir in local.properties is not set
[        ] C/C++: Not considering ANDROID_NDK_HOME because support was removed after deprecation period.
[        ] C/C++: sdkFolder is /Users/florian/Library/Android/sdk
[        ] C/C++: android.ndkVersion from module build.gradle is [27.0.12077973]
[        ] C/C++: android.ndkPath from module build.gradle is not set
[        ] C/C++: ndk.dir in local.properties is not set
[        ] C/C++: Not considering ANDROID_NDK_HOME because support was removed after deprecation period.
[        ] C/C++: sdkFolder is /Users/florian/Library/Android/sdk
[        ] > Configure project :integration_test
[        ] Evaluating project ':integration_test' using build file '/opt/homebrew/share/flutter/packages/integration_test/android/build.gradle.kts'.
[        ] Resolved plugin [id: 'com.android.library']
[        ] Using default execution profile
[        ] > Configure project :path_provider_android
[        ] Evaluating project ':path_provider_android' using build file '/Users/florian/.pub-cache/hosted/pub.dev/path_provider_android-2.2.22/android/build.gradle'.
[        ] Using default execution profile
[        ] > Configure project :quill_native_bridge_android
[        ] Evaluating project ':quill_native_bridge_android' using build file '/Users/florian/.pub-cache/hosted/pub.dev/quill_native_bridge_android-0.0.1+2/android/build.gradle'.
[        ] Using default execution profile
[        ] Using Kotlin Gradle Plugin gradle85 variant
[        ] > Configure project :shared_preferences_android
[        ] Evaluating project ':shared_preferences_android' using build file '/Users/florian/.pub-cache/hosted/pub.dev/shared_preferences_android-2.4.20/android/build.gradle'.
[        ] Using default execution profile
[        ] Using Kotlin Gradle Plugin gradle85 variant
[        ] > Configure project :sqflite_android
[        ] Evaluating project ':sqflite_android' using build file '/Users/florian/.pub-cache/hosted/pub.dev/sqflite_android-2.4.2+2/android/build.gradle'.
[        ] Using default execution profile
[  +92 ms] > Configure project :url_launcher_android
[        ] Evaluating project ':url_launcher_android' using build file '/Users/florian/.pub-cache/hosted/pub.dev/url_launcher_android-6.3.28/android/build.gradle'.
[        ] Using default execution profile
[        ] > Configure project :video_player_android
[        ] Evaluating project ':video_player_android' using build file '/Users/florian/.pub-cache/hosted/pub.dev/video_player_android-2.9.1/android/build.gradle'.
[        ] Using default execution profile
[        ] Using Kotlin Gradle Plugin gradle85 variant
[        ] All projects evaluated.
[        ] Task name matched 'assembleDebug'
[        ] Selected primary task 'assembleDebug' from project :
[        ] Adding -Xuse-inline-scopes-numbers Kotlin compiler flag for task :app:compileDebugKotlin
[   +2 ms] Tasks to be executed: [task ':app:preBuild', task ':app:preDebugBuild', task ':app:mergeDebugNativeDebugMetadata', task ':app:checkKotlinGradlePluginConfigurationErrors', task ':app:compileFlutterBuildDebug', task ':app:packJniLibsflutterBuildDebug', task ':connectivity_plus:preBuild', task ':connectivity_plus:preDebugBuild', task ':connectivity_plus:writeDebugAarMetadata', task ':emoji_picker_flutter:preBuild', task ':emoji_picker_flutter:preDebugBuild', task ':emoji_picker_flutter:writeDebugAarMetadata', task ':file_selector_android:preBuild', task ':file_selector_android:preDebugBuild', task ':file_selector_android:writeDebugAarMetadata', task ':flutter_keyboard_visibility_temp_fork:preBuild', task ':flutter_keyboard_visibility_temp_fork:preDebugBuild', task ':flutter_keyboard_visibility_temp_fork:writeDebugAarMetadata', task ':flutter_native_splash:preBuild', task ':flutter_native_splash:preDebugBuild', task ':flutter_native_splash:writeDebugAarMetadata', task ':flutter_olm:preBuild', task ':flutter_olm:preDebugBuild', task ':flutter_olm:writeDebugAarMetadata', task ':flutter_openssl_crypto:preBuild', task ':flutter_openssl_crypto:preDebugBuild', task ':flutter_openssl_crypto:writeDebugAarMetadata', task ':integration_test:preBuild', task ':integration_test:preDebugBuild', task ':integration_test:writeDebugAarMetadata', task ':path_provider_android:preBuild', task ':path_provider_android:preDebugBuild', task ':path_provider_android:writeDebugAarMetadata', task ':quill_native_bridge_android:preBuild', task ':quill_native_bridge_android:preDebugBuild', task ':quill_native_bridge_android:writeDebugAarMetadata', task ':shared_preferences_android:preBuild', task ':shared_preferences_android:preDebugBuild', task ':shared_preferences_android:writeDebugAarMetadata', task ':sqflite_android:preBuild', task ':sqflite_android:preDebugBuild', task ':sqflite_android:writeDebugAarMetadata', task ':url_launcher_android:preBuild', task ':url_launcher_android:preDebugBuild', task ':url_launcher_android:writeDebugAarMetadata', task ':video_player_android:preBuild', task ':video_player_android:preDebugBuild', task ':video_player_android:writeDebugAarMetadata', task ':app:checkDebugAarMetadata', task ':app:cleanMergeDebugAssets', task ':app:mergeDebugShaders', task ':app:compileDebugShaders', task ':app:generateDebugAssets', task ':connectivity_plus:mergeDebugShaders', task ':connectivity_plus:compileDebugShaders', task ':connectivity_plus:generateDebugAssets', task ':connectivity_plus:mergeDebugAssets', task ':emoji_picker_flutter:mergeDebugShaders', task ':emoji_picker_flutter:compileDebugShaders', task ':emoji_picker_flutter:generateDebugAssets', task ':emoji_picker_flutter:mergeDebugAssets', task ':file_selector_android:mergeDebugShaders', task ':file_selector_android:compileDebugShaders', task ':file_selector_android:generateDebugAssets', task ':file_selector_android:mergeDebugAssets', task ':flutter_keyboard_visibility_temp_fork:mergeDebugShaders', task ':flutter_keyboard_visibility_temp_fork:compileDebugShaders', task ':flutter_keyboard_visibility_temp_fork:generateDebugAssets', task ':flutter_keyboard_visibility_temp_fork:mergeDebugAssets', task ':flutter_native_splash:mergeDebugShaders', task ':flutter_native_splash:compileDebugShaders', task ':flutter_native_splash:generateDebugAssets', task ':flutter_native_splash:mergeDebugAssets', task ':flutter_olm:mergeDebugShaders', task ':flutter_olm:compileDebugShaders', task ':flutter_olm:generateDebugAssets', task ':flutter_olm:mergeDebugAssets', task ':flutter_openssl_crypto:mergeDebugShaders', task ':flutter_openssl_crypto:compileDebugShaders', task ':flutter_openssl_crypto:generateDebugAssets', task ':flutter_openssl_crypto:mergeDebugAssets', task ':integration_test:mergeDebugShaders', task ':integration_test:compileDebugShaders', task ':integration_test:generateDebugAssets', task ':integration_test:mergeDebugAssets', task ':path_provider_android:mergeDebugShaders', task ':path_provider_android:compileDebugShaders', task ':path_provider_android:generateDebugAssets', task ':path_provider_android:mergeDebugAssets', task ':quill_native_bridge_android:mergeDebugShaders', task ':quill_native_bridge_android:compileDebugShaders', task ':quill_native_bridge_android:generateDebugAssets', task ':quill_native_bridge_android:mergeDebugAssets', task ':shared_preferences_android:mergeDebugShaders', task ':shared_preferences_android:compileDebugShaders', task ':shared_preferences_android:generateDebugAssets', task ':shared_preferences_android:mergeDebugAssets', task ':sqflite_android:mergeDebugShaders', task ':sqflite_android:compileDebugShaders', task ':sqflite_android:generateDebugAssets', task ':sqflite_android:mergeDebugAssets', task ':url_launcher_android:mergeDebugShaders', task ':url_launcher_android:compileDebugShaders', task ':url_launcher_android:generateDebugAssets', task ':url_launcher_android:mergeDebugAssets', task ':video_player_android:mergeDebugShaders', task ':video_player_android:compileDebugShaders', task ':video_player_android:generateDebugAssets', task ':video_player_android:mergeDebugAssets', task ':app:mergeDebugAssets', task ':app:copyFlutterAssetsDebug', task ':app:generateDebugResValues', task ':connectivity_plus:generateDebugResValues', task ':connectivity_plus:generateDebugResources', task ':connectivity_plus:packageDebugResources', task ':emoji_picker_flutter:generateDebugResValues', task ':emoji_picker_flutter:generateDebugResources', task ':emoji_picker_flutter:packageDebugResources', task ':file_selector_android:generateDebugResValues', task ':file_selector_android:generateDebugResources', task ':file_selector_android:packageDebugResources', task ':flutter_keyboard_visibility_temp_fork:generateDebugResValues', task ':flutter_keyboard_visibility_temp_fork:generateDebugResources', task ':flutter_keyboard_visibility_temp_fork:packageDebugResources', task ':flutter_native_splash:generateDebugResValues', task ':flutter_native_splash:generateDebugResources', task ':flutter_native_splash:packageDebugResources', task ':flutter_olm:generateDebugResValues', task ':flutter_olm:generateDebugResources', task ':flutter_olm:packageDebugResources', task ':flutter_openssl_crypto:generateDebugResValues', task ':flutter_openssl_crypto:generateDebugResources', task ':flutter_openssl_crypto:packageDebugResources', task ':integration_test:generateDebugResValues', task ':integration_test:generateDebugResources', task ':integration_test:packageDebugResources', task ':path_provider_android:generateDebugResValues', task ':path_provider_android:generateDebugResources', task ':path_provider_android:packageDebugResources', task ':quill_native_bridge_android:generateDebugResValues', task ':quill_native_bridge_android:generateDebugResources', task ':quill_native_bridge_android:packageDebugResources', task ':shared_preferences_android:generateDebugResValues', task ':shared_preferences_android:generateDebugResources', task ':shared_preferences_android:packageDebugResources', task ':sqflite_android:generateDebugResValues', task ':sqflite_android:generateDebugResources', task ':sqflite_android:packageDebugResources', task ':url_launcher_android:generateDebugResValues', task ':url_launcher_android:generateDebugResources', task ':url_launcher_android:packageDebugResources', task ':video_player_android:generateDebugResValues', task ':video_player_android:generateDebugResources', task ':video_player_android:packageDebugResources', task ':app:mapDebugSourceSetPaths', task ':app:generateDebugResources', task ':app:mergeDebugResources', task ':app:packageDebugResources', task ':app:parseDebugLocalResources', task ':app:createDebugCompatibleScreenManifests', task ':app:extractDeepLinksDebug', task ':connectivity_plus:extractDeepLinksDebug', task ':connectivity_plus:processDebugManifest', task ':emoji_picker_flutter:extractDeepLinksDebug', task ':emoji_picker_flutter:processDebugManifest', task ':file_selector_android:extractDeepLinksDebug', task ':file_selector_android:processDebugManifest', task ':flutter_keyboard_visibility_temp_fork:extractDeepLinksDebug', task ':flutter_keyboard_visibility_temp_fork:processDebugManifest', task ':flutter_native_splash:extractDeepLinksDebug', task ':flutter_native_splash:processDebugManifest', task ':flutter_olm:extractDeepLinksDebug', task ':flutter_olm:processDebugManifest', task ':flutter_openssl_crypto:extractDeepLinksDebug', task ':flutter_openssl_crypto:processDebugManifest', task ':integration_test:extractDeepLinksDebug', task ':integration_test:processDebugManifest', task ':path_provider_android:extractDeepLinksDebug', task ':path_provider_android:processDebugManifest', task ':quill_native_bridge_android:extractDeepLinksDebug', task ':quill_native_bridge_android:processDebugManifest', task ':shared_preferences_android:extractDeepLinksDebug', task ':shared_preferences_android:processDebugManifest', task ':sqflite_android:extractDeepLinksDebug', task ':sqflite_android:processDebugManifest', task ':url_launcher_android:extractDeepLinksDebug', task ':url_launcher_android:processDebugManifest', task ':video_player_android:extractDeepLinksDebug', task ':video_player_android:processDebugManifest', task ':app:processDebugMainManifest', task ':app:outputDebugAppLinkSettings', task ':app:processDebugManifest', task ':app:processDebugManifestForPackage', task ':connectivity_plus:compileDebugLibraryResources', task ':connectivity_plus:parseDebugLocalResources', task ':connectivity_plus:generateDebugRFile', task ':emoji_picker_flutter:compileDebugLibraryResources', task ':emoji_picker_flutter:parseDebugLocalResources', task ':emoji_picker_flutter:generateDebugRFile', task ':file_selector_android:compileDebugLibraryResources', task ':file_selector_android:parseDebugLocalResources', task ':file_selector_android:generateDebugRFile', task ':flutter_keyboard_visibility_temp_fork:compileDebugLibraryResources', task ':flutter_keyboard_visibility_temp_fork:parseDebugLocalResources', task ':flutter_keyboard_visibility_temp_fork:generateDebugRFile', task ':flutter_native_splash:compileDebugLibraryResources', task ':flutter_native_splash:parseDebugLocalResources', task ':flutter_native_splash:generateDebugRFile', task ':flutter_olm:compileDebugLibraryResources', task ':flutter_olm:parseDebugLocalResources', task ':flutter_olm:generateDebugRFile', task ':flutter_openssl_crypto:compileDebugLibraryResources', task ':flutter_openssl_crypto:parseDebugLocalResources', task ':flutter_openssl_crypto:generateDebugRFile', task ':integration_test:compileDebugLibraryResources', task ':integration_test:parseDebugLocalResources', task ':integration_test:generateDebugRFile', task ':path_provider_android:compileDebugLibraryResources', task ':path_provider_android:parseDebugLocalResources', task ':path_provider_android:generateDebugRFile', task ':quill_native_bridge_android:compileDebugLibraryResources', task ':quill_native_bridge_android:parseDebugLocalResources', task ':quill_native_bridge_android:generateDebugRFile', task ':shared_preferences_android:compileDebugLibraryResources', task ':shared_preferences_android:parseDebugLocalResources', task ':shared_preferences_android:generateDebugRFile', task ':sqflite_android:compileDebugLibraryResources', task ':sqflite_android:parseDebugLocalResources', task ':sqflite_android:generateDebugRFile', task ':url_launcher_android:compileDebugLibraryResources', task ':url_launcher_android:parseDebugLocalResources', task ':url_launcher_android:generateDebugRFile', task ':video_player_android:compileDebugLibraryResources', task ':video_player_android:parseDebugLocalResources', task ':video_player_android:generateDebugRFile', task ':app:processDebugResources', task ':connectivity_plus:javaPreCompileDebug', task ':connectivity_plus:compileDebugJavaWithJavac', task ':connectivity_plus:bundleLibCompileToJarDebug', task ':emoji_picker_flutter:checkKotlinGradlePluginConfigurationErrors', task ':emoji_picker_flutter:compileDebugKotlin', task ':emoji_picker_flutter:javaPreCompileDebug', task ':emoji_picker_flutter:compileDebugJavaWithJavac', task ':emoji_picker_flutter:bundleLibCompileToJarDebug', task ':file_selector_android:javaPreCompileDebug', task ':file_selector_android:compileDebugJavaWithJavac', task ':file_selector_android:bundleLibCompileToJarDebug', task ':flutter_keyboard_visibility_temp_fork:javaPreCompileDebug', task ':flutter_keyboard_visibility_temp_fork:compileDebugJavaWithJavac', task ':flutter_keyboard_visibility_temp_fork:bundleLibCompileToJarDebug', task ':flutter_native_splash:javaPreCompileDebug', task ':flutter_native_splash:compileDebugJavaWithJavac', task ':flutter_native_splash:bundleLibCompileToJarDebug', task ':flutter_olm:checkKotlinGradlePluginConfigurationErrors', task ':flutter_olm:compileDebugKotlin', task ':flutter_olm:javaPreCompileDebug', task ':flutter_olm:compileDebugJavaWithJavac', task ':flutter_olm:bundleLibCompileToJarDebug', task ':flutter_openssl_crypto:checkKotlinGradlePluginConfigurationErrors', task ':flutter_openssl_crypto:compileDebugKotlin', task ':flutter_openssl_crypto:javaPreCompileDebug', task ':flutter_openssl_crypto:compileDebugJavaWithJavac', task ':flutter_openssl_crypto:bundleLibCompileToJarDebug', task ':integration_test:javaPreCompileDebug', task ':integration_test:compileDebugJavaWithJavac', task ':integration_test:bundleLibCompileToJarDebug', task ':path_provider_android:javaPreCompileDebug', task ':path_provider_android:compileDebugJavaWithJavac', task ':path_provider_android:bundleLibCompileToJarDebug', task ':quill_native_bridge_android:checkKotlinGradlePluginConfigurationErrors', task ':quill_native_bridge_android:compileDebugKotlin', task ':quill_native_bridge_android:javaPreCompileDebug', task ':quill_native_bridge_android:compileDebugJavaWithJavac', task ':quill_native_bridge_android:bundleLibCompileToJarDebug', task ':shared_preferences_android:checkKotlinGradlePluginConfigurationErrors', task ':shared_preferences_android:compileDebugKotlin', task ':shared_preferences_android:javaPreCompileDebug', task ':shared_preferences_android:compileDebugJavaWithJavac', task ':shared_preferences_android:bundleLibCompileToJarDebug', task ':sqflite_android:javaPreCompileDebug', task ':sqflite_android:compileDebugJavaWithJavac', task ':sqflite_android:bundleLibCompileToJarDebug', task ':url_launcher_android:generateDebugBuildConfig', task ':url_launcher_android:javaPreCompileDebug', task ':url_launcher_android:compileDebugJavaWithJavac', task ':url_launcher_android:bundleLibCompileToJarDebug', task ':video_player_android:checkKotlinGradlePluginConfigurationErrors', task ':video_player_android:compileDebugKotlin', task ':video_player_android:javaPreCompileDebug', task ':video_player_android:compileDebugJavaWithJavac', task ':video_player_android:bundleLibCompileToJarDebug', task ':app:compileDebugKotlin', task ':app:javaPreCompileDebug', task ':app:compileDebugJavaWithJavac', task ':app:compressDebugAssets', task ':app:processDebugJavaRes', task ':connectivity_plus:processDebugJavaRes', task ':emoji_picker_flutter:processDebugJavaRes', task ':file_selector_android:processDebugJavaRes', task ':flutter_keyboard_visibility_temp_fork:processDebugJavaRes', task ':flutter_native_splash:processDebugJavaRes', task ':flutter_olm:processDebugJavaRes', task ':flutter_openssl_crypto:processDebugJavaRes', task ':integration_test:processDebugJavaRes', task ':path_provider_android:processDebugJavaRes', task ':quill_native_bridge_android:processDebugJavaRes', task ':shared_preferences_android:processDebugJavaRes', task ':sqflite_android:processDebugJavaRes', task ':url_launcher_android:processDebugJavaRes', task ':video_player_android:processDebugJavaRes', task ':app:mergeDebugJavaResource', task ':app:checkDebugDuplicateClasses', task ':app:desugarDebugFileDependencies', task ':app:mergeExtDexDebug', task ':connectivity_plus:bundleLibRuntimeToDirDebug', task ':emoji_picker_flutter:bundleLibRuntimeToDirDebug', task ':file_selector_android:bundleLibRuntimeToDirDebug', task ':flutter_keyboard_visibility_temp_fork:bundleLibRuntimeToDirDebug', task ':flutter_native_splash:bundleLibRuntimeToDirDebug', task ':flutter_olm:bundleLibRuntimeToDirDebug', task ':flutter_openssl_crypto:bundleLibRuntimeToDirDebug', task ':integration_test:bundleLibRuntimeToDirDebug', task ':path_provider_android:bundleLibRuntimeToDirDebug', task ':quill_native_bridge_android:bundleLibRuntimeToDirDebug', task ':shared_preferences_android:bundleLibRuntimeToDirDebug', task ':sqflite_android:bundleLibRuntimeToDirDebug', task ':url_launcher_android:bundleLibRuntimeToDirDebug', task ':video_player_android:bundleLibRuntimeToDirDebug', task ':app:mergeLibDexDebug', task ':app:dexBuilderDebug', task ':app:mergeProjectDexDebug', task ':app:configureCMakeDebug[arm64-v8a]', task ':app:buildCMakeDebug[arm64-v8a]', task ':app:configureCMakeDebug[armeabi-v7a]', task ':app:buildCMakeDebug[armeabi-v7a]', task ':app:configureCMakeDebug[x86_64]', task ':app:buildCMakeDebug[x86_64]', task ':app:mergeDebugJniLibFolders', task ':connectivity_plus:mergeDebugJniLibFolders', task ':connectivity_plus:mergeDebugNativeLibs', task ':connectivity_plus:copyDebugJniLibsProjectOnly', task ':emoji_picker_flutter:mergeDebugJniLibFolders', task ':emoji_picker_flutter:mergeDebugNativeLibs', task ':emoji_picker_flutter:copyDebugJniLibsProjectOnly', task ':file_selector_android:mergeDebugJniLibFolders', task ':file_selector_android:mergeDebugNativeLibs', task ':file_selector_android:copyDebugJniLibsProjectOnly', task ':flutter_keyboard_visibility_temp_fork:mergeDebugJniLibFolders', task ':flutter_keyboard_visibility_temp_fork:mergeDebugNativeLibs', task ':flutter_keyboard_visibility_temp_fork:copyDebugJniLibsProjectOnly', task ':flutter_native_splash:mergeDebugJniLibFolders', task ':flutter_native_splash:mergeDebugNativeLibs', task ':flutter_native_splash:copyDebugJniLibsProjectOnly', task ':flutter_olm:preProfileBuild', task ':flutter_olm:configureCMakeDebug[arm64-v8a]', task ':flutter_olm:buildCMakeDebug[arm64-v8a]', task ':flutter_olm:configureCMakeDebug[armeabi-v7a]', task ':flutter_olm:buildCMakeDebug[armeabi-v7a]', task ':flutter_olm:configureCMakeDebug[x86]', task ':flutter_olm:buildCMakeDebug[x86]', task ':flutter_olm:configureCMakeDebug[x86_64]', task ':flutter_olm:buildCMakeDebug[x86_64]', task ':flutter_olm:mergeDebugJniLibFolders', task ':flutter_olm:mergeDebugNativeLibs', task ':flutter_olm:copyDebugJniLibsProjectOnly', task ':flutter_openssl_crypto:preProfileBuild', task ':flutter_openssl_crypto:configureCMakeDebug[arm64-v8a]', task ':flutter_openssl_crypto:buildCMakeDebug[arm64-v8a]', task ':flutter_openssl_crypto:configureCMakeDebug[armeabi-v7a]', task ':flutter_openssl_crypto:buildCMakeDebug[armeabi-v7a]', task ':flutter_openssl_crypto:configureCMakeDebug[x86]', task ':flutter_openssl_crypto:buildCMakeDebug[x86]', task ':flutter_openssl_crypto:configureCMakeDebug[x86_64]', task ':flutter_openssl_crypto:buildCMakeDebug[x86_64]', task ':flutter_openssl_crypto:mergeDebugJniLibFolders', task ':flutter_openssl_crypto:mergeDebugNativeLibs', task ':flutter_openssl_crypto:copyDebugJniLibsProjectOnly', task ':integration_test:mergeDebugJniLibFolders', task ':integration_test:mergeDebugNativeLibs', task ':integration_test:copyDebugJniLibsProjectOnly', task ':path_provider_android:mergeDebugJniLibFolders', task ':path_provider_android:mergeDebugNativeLibs', task ':path_provider_android:copyDebugJniLibsProjectOnly', task ':quill_native_bridge_android:mergeDebugJniLibFolders', task ':quill_native_bridge_android:mergeDebugNativeLibs', task ':quill_native_bridge_android:copyDebugJniLibsProjectOnly', task ':shared_preferences_android:mergeDebugJniLibFolders', task ':shared_preferences_android:mergeDebugNativeLibs', task ':shared_preferences_android:copyDebugJniLibsProjectOnly', task ':sqflite_android:mergeDebugJniLibFolders', task ':sqflite_android:mergeDebugNativeLibs', task ':sqflite_android:copyDebugJniLibsProjectOnly', task ':url_launcher_android:mergeDebugJniLibFolders', task ':url_launcher_android:mergeDebugNativeLibs', task ':url_launcher_android:copyDebugJniLibsProjectOnly', task ':video_player_android:mergeDebugJniLibFolders', task ':video_player_android:mergeDebugNativeLibs', task ':video_player_android:copyDebugJniLibsProjectOnly', task ':app:mergeDebugNativeLibs', task ':app:stripDebugDebugSymbols', task ':app:validateSigningDebug', task ':app:writeDebugAppMetadata', task ':app:writeDebugSigningConfigVersions', task ':app:packageDebug', task ':app:createDebugApkListingFileRedirect', task ':app:assembleDebug', task ':connectivity_plus:stripDebugDebugSymbols', task ':connectivity_plus:copyDebugJniLibsProjectAndLocalJars', task ':connectivity_plus:extractDebugAnnotations', task ':connectivity_plus:extractDeepLinksForAarDebug', task ':connectivity_plus:mergeDebugGeneratedProguardFiles', task ':connectivity_plus:mergeDebugConsumerProguardFiles', task ':connectivity_plus:prepareDebugArtProfile', task ':connectivity_plus:prepareLintJarForPublish', task ':connectivity_plus:mergeDebugJavaResource', task ':connectivity_plus:syncDebugLibJars', task ':connectivity_plus:bundleDebugAar', task ':connectivity_plus:assembleDebug', task ':emoji_picker_flutter:stripDebugDebugSymbols', task ':emoji_picker_flutter:copyDebugJniLibsProjectAndLocalJars', task ':emoji_picker_flutter:extractDebugAnnotations', task ':emoji_picker_flutter:extractDeepLinksForAarDebug', task ':emoji_picker_flutter:mergeDebugGeneratedProguardFiles', task ':emoji_picker_flutter:mergeDebugConsumerProguardFiles', task ':emoji_picker_flutter:prepareDebugArtProfile', task ':emoji_picker_flutter:prepareLintJarForPublish', task ':emoji_picker_flutter:mergeDebugJavaResource', task ':emoji_picker_flutter:syncDebugLibJars', task ':emoji_picker_flutter:bundleDebugAar', task ':emoji_picker_flutter:assembleDebug', task ':file_selector_android:stripDebugDebugSymbols', task ':file_selector_android:copyDebugJniLibsProjectAndLocalJars', task ':file_selector_android:extractDebugAnnotations', task ':file_selector_android:extractDeepLinksForAarDebug', task ':file_selector_android:mergeDebugGeneratedProguardFiles', task ':file_selector_android:mergeDebugConsumerProguardFiles', task ':file_selector_android:prepareDebugArtProfile', task ':file_selector_android:prepareLintJarForPublish', task ':file_selector_android:mergeDebugJavaResource', task ':file_selector_android:syncDebugLibJars', task ':file_selector_android:bundleDebugAar', task ':file_selector_android:assembleDebug', task ':flutter_keyboard_visibility_temp_fork:stripDebugDebugSymbols', task ':flutter_keyboard_visibility_temp_fork:copyDebugJniLibsProjectAndLocalJars', task ':flutter_keyboard_visibility_temp_fork:extractDebugAnnotations', task ':flutter_keyboard_visibility_temp_fork:extractDeepLinksForAarDebug', task ':flutter_keyboard_visibility_temp_fork:mergeDebugGeneratedProguardFiles', task ':flutter_keyboard_visibility_temp_fork:mergeDebugConsumerProguardFiles', task ':flutter_keyboard_visibility_temp_fork:prepareDebugArtProfile', task ':flutter_keyboard_visibility_temp_fork:prepareLintJarForPublish', task ':flutter_keyboard_visibility_temp_fork:mergeDebugJavaResource', task ':flutter_keyboard_visibility_temp_fork:syncDebugLibJars', task ':flutter_keyboard_visibility_temp_fork:bundleDebugAar', task ':flutter_keyboard_visibility_temp_fork:assembleDebug', task ':flutter_native_splash:stripDebugDebugSymbols', task ':flutter_native_splash:copyDebugJniLibsProjectAndLocalJars', task ':flutter_native_splash:extractDebugAnnotations', task ':flutter_native_splash:extractDeepLinksForAarDebug', task ':flutter_native_splash:mergeDebugGeneratedProguardFiles', task ':flutter_native_splash:mergeDebugConsumerProguardFiles', task ':flutter_native_splash:prepareDebugArtProfile', task ':flutter_native_splash:prepareLintJarForPublish', task ':flutter_native_splash:mergeDebugJavaResource', task ':flutter_native_splash:syncDebugLibJars', task ':flutter_native_splash:bundleDebugAar', task ':flutter_native_splash:assembleDebug', task ':flutter_olm:stripDebugDebugSymbols', task ':flutter_olm:copyDebugJniLibsProjectAndLocalJars', task ':flutter_olm:extractDebugAnnotations', task ':flutter_olm:extractDeepLinksForAarDebug', task ':flutter_olm:mergeDebugGeneratedProguardFiles', task ':flutter_olm:mergeDebugConsumerProguardFiles', task ':flutter_olm:prepareDebugArtProfile', task ':flutter_olm:prepareLintJarForPublish', task ':flutter_olm:mergeDebugJavaResource', task ':flutter_olm:syncDebugLibJars', task ':flutter_olm:bundleDebugAar', task ':flutter_olm:assembleDebug', task ':flutter_openssl_crypto:stripDebugDebugSymbols', task ':flutter_openssl_crypto:copyDebugJniLibsProjectAndLocalJars', task ':flutter_openssl_crypto:extractDebugAnnotations', task ':flutter_openssl_crypto:extractDeepLinksForAarDebug', task ':flutter_openssl_crypto:mergeDebugGeneratedProguardFiles', task ':flutter_openssl_crypto:mergeDebugConsumerProguardFiles', task ':flutter_openssl_crypto:prepareDebugArtProfile', task ':flutter_openssl_crypto:prepareLintJarForPublish', task ':flutter_openssl_crypto:mergeDebugJavaResource', task ':flutter_openssl_crypto:syncDebugLibJars', task ':flutter_openssl_crypto:bundleDebugAar', task ':flutter_openssl_crypto:assembleDebug', task ':integration_test:stripDebugDebugSymbols', task ':integration_test:copyDebugJniLibsProjectAndLocalJars', task ':integration_test:extractDebugAnnotations', task ':integration_test:extractDeepLinksForAarDebug', task ':integration_test:mergeDebugGeneratedProguardFiles', task ':integration_test:mergeDebugConsumerProguardFiles', task ':integration_test:prepareDebugArtProfile', task ':integration_test:prepareLintJarForPublish', task ':integration_test:mergeDebugJavaResource', task ':integration_test:syncDebugLibJars', task ':integration_test:bundleDebugAar', task ':integration_test:assembleDebug', task ':path_provider_android:stripDebugDebugSymbols', task ':path_provider_android:copyDebugJniLibsProjectAndLocalJars', task ':path_provider_android:extractDebugAnnotations', task ':path_provider_android:extractDeepLinksForAarDebug', task ':path_provider_android:mergeDebugGeneratedProguardFiles', task ':path_provider_android:mergeDebugConsumerProguardFiles', task ':path_provider_android:prepareDebugArtProfile', task ':path_provider_android:prepareLintJarForPublish', task ':path_provider_android:mergeDebugJavaResource', task ':path_provider_android:syncDebugLibJars', task ':path_provider_android:bundleDebugAar', task ':path_provider_android:assembleDebug', task ':quill_native_bridge_android:stripDebugDebugSymbols', task ':quill_native_bridge_android:copyDebugJniLibsProjectAndLocalJars', task ':quill_native_bridge_android:extractDebugAnnotations', task ':quill_native_bridge_android:extractDeepLinksForAarDebug', task ':quill_native_bridge_android:mergeDebugGeneratedProguardFiles', task ':quill_native_bridge_android:mergeDebugConsumerProguardFiles', task ':quill_native_bridge_android:prepareDebugArtProfile', task ':quill_native_bridge_android:prepareLintJarForPublish', task ':quill_native_bridge_android:mergeDebugJavaResource', task ':quill_native_bridge_android:syncDebugLibJars', task ':quill_native_bridge_android:bundleDebugAar', task ':quill_native_bridge_android:assembleDebug', task ':shared_preferences_android:stripDebugDebugSymbols', task ':shared_preferences_android:copyDebugJniLibsProjectAndLocalJars', task ':shared_preferences_android:extractDebugAnnotations', task ':shared_preferences_android:extractDeepLinksForAarDebug', task ':shared_preferences_android:mergeDebugGeneratedProguardFiles', task ':shared_preferences_android:mergeDebugConsumerProguardFiles', task ':shared_preferences_android:prepareDebugArtProfile', task ':shared_preferences_android:prepareLintJarForPublish', task ':shared_preferences_android:mergeDebugJavaResource', task ':shared_preferences_android:syncDebugLibJars', task ':shared_preferences_android:bundleDebugAar', task ':shared_preferences_android:assembleDebug', task ':sqflite_android:stripDebugDebugSymbols', task ':sqflite_android:copyDebugJniLibsProjectAndLocalJars', task ':sqflite_android:extractDebugAnnotations', task ':sqflite_android:extractDeepLinksForAarDebug', task ':sqflite_android:mergeDebugGeneratedProguardFiles', task ':sqflite_android:mergeDebugConsumerProguardFiles', task ':sqflite_android:prepareDebugArtProfile', task ':sqflite_android:prepareLintJarForPublish', task ':sqflite_android:mergeDebugJavaResource', task ':sqflite_android:syncDebugLibJars', task ':sqflite_android:bundleDebugAar', task ':sqflite_android:assembleDebug', task ':url_launcher_android:stripDebugDebugSymbols', task ':url_launcher_android:copyDebugJniLibsProjectAndLocalJars', task ':url_launcher_android:extractDebugAnnotations', task ':url_launcher_android:extractDeepLinksForAarDebug', task ':url_launcher_android:mergeDebugGeneratedProguardFiles', task ':url_launcher_android:mergeDebugConsumerProguardFiles', task ':url_launcher_android:prepareDebugArtProfile', task ':url_launcher_android:prepareLintJarForPublish', task ':url_launcher_android:mergeDebugJavaResource', task ':url_launcher_android:syncDebugLibJars', task ':url_launcher_android:bundleDebugAar', task ':url_launcher_android:assembleDebug', task ':video_player_android:stripDebugDebugSymbols', task ':video_player_android:copyDebugJniLibsProjectAndLocalJars', task ':video_player_android:extractDebugAnnotations', task ':video_player_android:extractDeepLinksForAarDebug', task ':video_player_android:mergeDebugGeneratedProguardFiles', task ':video_player_android:mergeDebugConsumerProguardFiles', task ':video_player_android:prepareDebugArtProfile', task ':video_player_android:prepareLintJarForPublish', task ':video_player_android:mergeDebugJavaResource', task ':video_player_android:syncDebugLibJars', task ':video_player_android:bundleDebugAar', task ':video_player_android:assembleDebug']
[        ] Tasks that were excluded: []
[        ] work action Parameters of ClassesDirToClassesTransform (Thread[#40494,Execution worker Thread 7,5,main]) started.
[        ] work action Parameters of DexingNoClasspathTransform (Thread[#40494,Execution worker Thread 7,5,main]) started.
[        ] Resolve mutations for :app:preBuild (Thread[#40514,Execution worker Thread 27,5,main]) started.
[        ] :app:preBuild (Thread[#40506,Execution worker Thread 19,5,main]) started.
[ +101 ms] > Task :app:preBuild UP-TO-DATE
[        ] Skipping task ':app:preBuild' as it has no actions.
[        ] Resolve mutations for :app:preDebugBuild (Thread[#40506,Execution worker Thread 19,5,main]) started.
[        ] :app:preDebugBuild (Thread[#40506,Execution worker Thread 19,5,main]) started.
[        ] > Task :app:preDebugBuild UP-TO-DATE
[        ] Skipping task ':app:preDebugBuild' as it has no actions.
[        ] Resolve mutations for :app:mergeDebugNativeDebugMetadata (Thread[#40506,Execution worker Thread 19,5,main]) started.
[        ] :app:mergeDebugNativeDebugMetadata (Thread[#40506,Execution worker Thread 19,5,main]) started.
[        ] > Task :app:mergeDebugNativeDebugMetadata NO-SOURCE
[        ] Skipping task ':app:mergeDebugNativeDebugMetadata' as it has no source files and no previous output files.
[        ] Resolve mutations for :app:checkKotlinGradlePluginConfigurationErrors (Thread[#40506,Execution worker Thread 19,5,main]) started.
[        ] :app:checkKotlinGradlePluginConfigurationErrors (Thread[#40506,Execution worker Thread 19,5,main]) started.
[        ] > Task :app:checkKotlinGradlePluginConfigurationErrors SKIPPED
[        ] Skipping task ':app:checkKotlinGradlePluginConfigurationErrors' as task onlyIf 'errorDiagnostics are present' is false.
[        ] Resolve mutations for :app:compileFlutterBuildDebug (Thread[#40506,Execution worker Thread 19,5,main]) started.
[        ] :app:compileFlutterBuildDebug (Thread[#40506,Execution worker Thread 19,5,main]) started.
06:51 +5 -16: loading /Users/florian/Code/substitution/integration_test/onboarding_flow_test.dart                                                                                                      06:52 +5 -16: loading /Users/florian/Code/substitution/integration_test/onboarding_flow_test.dart                                                                                                      [+1995 ms] > Task :app:compileFlutterBuildDebug
[        ] Caching disabled for task ':app:compileFlutterBuildDebug' because:
[        ]   Build cache is disabled
[        ]   Caching has not been enabled for the task
[        ] Task ':app:compileFlutterBuildDebug' is not up-to-date because:
[        ]   Value of input property 'targetPath' has changed for task ':app:compileFlutterBuildDebug'
[        ] Starting process 'command '/opt/homebrew/share/flutter/bin/flutter''. Working directory: /Users/florian/Code/substitution Command: /opt/homebrew/share/flutter/bin/flutter --verbose assemble --no-version-check --depfile /Users/florian/Code/substitution/build/app/intermediates/flutter/debug/flutter_build.d --output /Users/florian/Code/substitution/build/app/intermediates/flutter/debug -dTargetFile=/var/folders/l_/w8pnbb9d38n57pzg9j98fmy80000gn/T/flutter_tools.wuOse9/flutter_test_listener.yWB40I/listener.dart -dTargetPlatform=android -dBuildMode=debug -dTrackWidgetCreation=true --DartDefines=TUFUUklYX1NFUlZFUj1odHRwOi8vbG9jYWxob3N0OjgwMDg=,TUFUUklYX1RFU1RfVVNFUj0=,TUFUUklYX1RFU1RfUEFTU1dPUkQ9,RkxVVFRFUl9WRVJTSU9OPTMuMzguOQ==,RkxVVFRFUl9DSEFOTkVMPXN0YWJsZQ==,RkxVVFRFUl9HSVRfVVJMPWh0dHBzOi8vZ2l0aHViLmNvbS9mbHV0dGVyL2ZsdXR0ZXIuZ2l0,RkxVVFRFUl9GUkFNRVdPUktfUkVWSVNJT049NjczMjNkZTI4NQ==,RkxVVFRFUl9FTkdJTkVfUkVWSVNJT049NTg3YzE4Zjg3Mw==,RkxVVFRFUl9EQVJUX1ZFUlNJT049My4xMC44,SU5URUdSQVRJT05fVEVTVF9TSE9VTERfUkVQT1JUX1JFU1VMVFNfVE9fTkFUSVZFPWZhbHNl -dFlavor= -dAndroidArchs=android-arm64 -dMinSdkVersion=24 debug_android_application
[        ] Successfully started process 'command '/opt/homebrew/share/flutter/bin/flutter''
[        ] [  +20 ms] executing: sysctl hw.optional.arm64
[        ] [   +3 ms] Exit code 0 from: sysctl hw.optional.arm64
[        ] [        ] hw.optional.arm64: 1
[        ] [   +3 ms] Artifact Instance of 'MaterialFonts' is not required, skipping update.
[        ] [        ] Artifact Instance of 'GradleWrapper' is not required, skipping update.
[        ] [        ] Artifact Instance of 'AndroidGenSnapshotArtifacts' is not required, skipping update.
[        ] [        ] Artifact Instance of 'AndroidInternalBuildArtifacts' is not required, skipping update.
[        ] [        ] Artifact Instance of 'IOSEngineArtifacts' is not required, skipping update.
[        ] [        ] Artifact Instance of 'FlutterWebSdk' is not required, skipping update.
[        ] [        ] Artifact Instance of 'LegacyCanvasKitRemover' is not required, skipping update.
[        ] [        ] Artifact Instance of 'FlutterSdk' is not required, skipping update.
[        ] [        ] Artifact Instance of 'WindowsEngineArtifacts' is not required, skipping update.
[        ] [        ] Artifact Instance of 'MacOSEngineArtifacts' is not required, skipping update.
[        ] [        ] Artifact Instance of 'LinuxEngineArtifacts' is not required, skipping update.
[        ] [        ] Artifact Instance of 'LinuxFuchsiaSDKArtifacts' is not required, skipping update.
[        ] [        ] Artifact Instance of 'MacOSFuchsiaSDKArtifacts' is not required, skipping update.
[        ] [        ] Artifact Instance of 'FlutterRunnerSDKArtifacts' is not required, skipping update.
[        ] [        ] Artifact Instance of 'FlutterRunnerDebugSymbols' is not required, skipping update.
[        ] [        ] Artifact Instance of 'IosUsbArtifacts' is not required, skipping update.
[        ] [        ] Artifact Instance of 'IosUsbArtifacts' is not required, skipping update.
[        ] [        ] Artifact Instance of 'IosUsbArtifacts' is not required, skipping update.
[        ] [        ] Artifact Instance of 'IosUsbArtifacts' is not required, skipping update.
[        ] [        ] Artifact Instance of 'IosUsbArtifacts' is not required, skipping update.
[        ] [        ] Artifact Instance of 'IosUsbArtifacts' is not required, skipping update.
[        ] [        ] Artifact Instance of 'FontSubsetArtifacts' is not required, skipping update.
[        ] [        ] Artifact Instance of 'PubDependencies' is not required, skipping update.
[        ] [   +3 ms] Artifact Instance of 'AndroidGenSnapshotArtifacts' is not required, skipping update.
[        ] [        ] Artifact Instance of 'AndroidInternalBuildArtifacts' is not required, skipping update.
[        ] [        ] Artifact Instance of 'IOSEngineArtifacts' is not required, skipping update.
[        ] [        ] Artifact Instance of 'FlutterWebSdk' is not required, skipping update.
[        ] [        ] Artifact Instance of 'FlutterEngineStamp' is not required, skipping update.
[        ] [        ] Artifact Instance of 'LegacyCanvasKitRemover' is not required, skipping update.
[        ] [        ] Artifact Instance of 'WindowsEngineArtifacts' is not required, skipping update.
[        ] [        ] Artifact Instance of 'MacOSEngineArtifacts' is not required, skipping update.
[        ] [        ] Artifact Instance of 'LinuxEngineArtifacts' is not required, skipping update.
[        ] [        ] Artifact Instance of 'LinuxFuchsiaSDKArtifacts' is not required, skipping update.
[        ] [        ] Artifact Instance of 'MacOSFuchsiaSDKArtifacts' is not required, skipping update.
[        ] [        ] Artifact Instance of 'FlutterRunnerSDKArtifacts' is not required, skipping update.
[        ] [        ] Artifact Instance of 'FlutterRunnerDebugSymbols' is not required, skipping update.
[        ] [  +22 ms] Artifact Instance of 'MaterialFonts' is not required, skipping update.
[        ] [        ] Artifact Instance of 'GradleWrapper' is not required, skipping update.
[        ] [        ] Artifact Instance of 'AndroidInternalBuildArtifacts' is not required, skipping update.
[        ] [        ] Artifact Instance of 'IOSEngineArtifacts' is not required, skipping update.
[        ] [        ] Artifact Instance of 'FlutterWebSdk' is not required, skipping update.
[        ] [        ] Artifact Instance of 'FlutterEngineStamp' is not required, skipping update.
[        ] [        ] Artifact Instance of 'LegacyCanvasKitRemover' is not required, skipping update.
[        ] [        ] Artifact Instance of 'FlutterSdk' is not required, skipping update.
[        ] [        ] Artifact Instance of 'WindowsEngineArtifacts' is not required, skipping update.
[        ] [        ] Artifact Instance of 'MacOSEngineArtifacts' is not required, skipping update.
[        ] [        ] Artifact Instance of 'LinuxEngineArtifacts' is not required, skipping update.
[        ] [        ] Artifact Instance of 'LinuxFuchsiaSDKArtifacts' is not required, skipping update.
[        ] [        ] Artifact Instance of 'MacOSFuchsiaSDKArtifacts' is not required, skipping update.
[        ] [        ] Artifact Instance of 'FlutterRunnerSDKArtifacts' is not required, skipping update.
[        ] [        ] Artifact Instance of 'FlutterRunnerDebugSymbols' is not required, skipping update.
[        ] [        ] Artifact Instance of 'IosUsbArtifacts' is not required, skipping update.
[        ] [        ] Artifact Instance of 'IosUsbArtifacts' is not required, skipping update.
[        ] [        ] Artifact Instance of 'IosUsbArtifacts' is not required, skipping update.
[        ] [        ] Artifact Instance of 'IosUsbArtifacts' is not required, skipping update.
[        ] [        ] Artifact Instance of 'IosUsbArtifacts' is not required, skipping update.
[        ] [        ] Artifact Instance of 'IosUsbArtifacts' is not required, skipping update.
[        ] [        ] Artifact Instance of 'FontSubsetArtifacts' is not required, skipping update.
[        ] [        ] Artifact Instance of 'PubDependencies' is not required, skipping update.
[        ] [  +20 ms] Initializing file store
[        ] [  +12 ms] dart_build: Starting due to {}
[        ] [        ] Skipping target: gen_localizations
[        ] [        ] gen_dart_plugin_registrant: Starting due to {InvalidatedReasonKind.outputSetAddition: The following outputs were added to the output set: /Users/florian/Code/substitution/.dart_tool/flutter_build/dart_plugin_registrant.dart, InvalidatedReasonKind.inputChanged: The following inputs have updated contents: /Users/florian/Code/substitution/.dart_tool/package_config.json}
[        ] [  +44 ms] Found plugin integration_test at /opt/homebrew/share/flutter/packages/integration_test/
[        ] [  +18 ms] Found plugin flutter_native_splash at /Users/florian/.pub-cache/hosted/pub.dev/flutter_native_splash-2.4.7/
[        ] [  +11 ms] Building native assets for android_arm64.
[        ] [  +21 ms] Found plugin connectivity_plus at /Users/florian/.pub-cache/hosted/pub.dev/connectivity_plus-5.0.2/
[        ] [   +5 ms] input.json contents:
[        ]            {
[        ]              "assets": {},
[        ]              "config": {
[        ]                "build_asset_types": [
[        ]                  "code_assets/code"
[        ]                ],
[        ]                "extensions": {
[        ]                  "code_assets": {
[        ]                    "android": {
[        ]                      "target_ndk_api": 24
[        ]                    },
[        ]                    "c_compiler": {
[        ]                      "ar": "/Users/florian/Library/Android/sdk/ndk/28.2.13676358/toolchains/llvm/prebuilt/darwin-x86_64/bin/llvm-ar",
[        ]                      "cc": "/Users/florian/Library/Android/sdk/ndk/28.2.13676358/toolchains/llvm/prebuilt/darwin-x86_64/bin/clang",
[        ]                      "ld": "/Users/florian/Library/Android/sdk/ndk/28.2.13676358/toolchains/llvm/prebuilt/darwin-x86_64/bin/ld.lld"
[        ]                    },
[        ]                    "link_mode_preference": "dynamic",
[        ]                    "target_architecture": "arm64",
[        ]                    "target_os": "android"
[        ]                  }
[        ]                },
[        ]                "linking_enabled": false
[        ]              },
[        ]              "out_dir_shared": "/Users/florian/Code/substitution/.dart_tool/hooks_runner/shared/objective_c/build/",
[        ]              "out_file": "/Users/florian/Code/substitution/.dart_tool/hooks_runner/objective_c/842b8c761140c2c0e73191c57a372e73/output.json",
[        ]              "package_name": "objective_c",
[        ]              "package_root": "/Users/florian/.pub-cache/hosted/pub.dev/objective_c-9.2.5/",
[        ]              "user_defines": {}
[        ]            }
[        ] [   +2 ms] output.json contents:
[        ]            {
[        ]              "assets_for_linking": {},
[        ]              "status": "success",
[        ]              "timestamp": "2026-02-16 21:57:23.000"
[        ]            }
[        ] [   +1 ms] Skipping build for objective_c in /Users/florian/Code/substitution/.dart_tool/hooks_runner/objective_c/842b8c761140c2c0e73191c57a372e73/. Last build on 2026-02-16 21:57:23.000.
[        ] [   +2 ms] Building native assets for android_arm64 done.
[        ] [        ] dart_build: Complete
[        ] [   +1 ms] install_code_assets: Starting due to {}
[        ] [   +1 ms] Writing native assets json to file:///Users/florian/Code/substitution/.dart_tool/flutter_build/2a3a0d41249c472bb2022aaa4b357fa3/native_assets.json.
[        ] [   +1 ms] Found plugin video_player at /Users/florian/.pub-cache/hosted/pub.dev/video_player-2.10.1/
[        ] [        ] Writing /Users/florian/Code/substitution/.dart_tool/flutter_build/2a3a0d41249c472bb2022aaa4b357fa3/native_assets.json done.
[        ] [        ] install_code_assets: Complete
[        ] [        ] Found plugin video_player_web at /Users/florian/.pub-cache/hosted/pub.dev/video_player_web-2.4.0/
[        ] [        ] Found plugin video_player_avfoundation at /Users/florian/.pub-cache/hosted/pub.dev/video_player_avfoundation-2.9.1/
[        ] [        ] Found plugin video_player_android at /Users/florian/.pub-cache/hosted/pub.dev/video_player_android-2.9.1/
[        ] [        ] Found plugin url_launcher at /Users/florian/.pub-cache/hosted/pub.dev/url_launcher-6.3.2/
[        ] [        ] Found plugin url_launcher_windows at /Users/florian/.pub-cache/hosted/pub.dev/url_launcher_windows-3.1.5/
[        ] [        ] Found plugin url_launcher_web at /Users/florian/.pub-cache/hosted/pub.dev/url_launcher_web-2.4.2/
[        ] [        ] Found plugin url_launcher_macos at /Users/florian/.pub-cache/hosted/pub.dev/url_launcher_macos-3.2.5/
[        ] [        ] Found plugin url_launcher_linux at /Users/florian/.pub-cache/hosted/pub.dev/url_launcher_linux-3.2.2/
[        ] [        ] Found plugin url_launcher_ios at /Users/florian/.pub-cache/hosted/pub.dev/url_launcher_ios-6.3.6/
[        ] [        ] Found plugin url_launcher_android at /Users/florian/.pub-cache/hosted/pub.dev/url_launcher_android-6.3.28/
[        ] [   +2 ms] Found plugin sqflite at /Users/florian/.pub-cache/hosted/pub.dev/sqflite-2.4.2/
[        ] [        ] Found plugin sqflite_darwin at /Users/florian/.pub-cache/hosted/pub.dev/sqflite_darwin-2.4.2/
[        ] [        ] Found plugin sqflite_android at /Users/florian/.pub-cache/hosted/pub.dev/sqflite_android-2.4.2+2/
[        ] [        ] Found plugin path_provider at /Users/florian/.pub-cache/hosted/pub.dev/path_provider-2.1.5/
[        ] [        ] Found plugin path_provider_windows at /Users/florian/.pub-cache/hosted/pub.dev/path_provider_windows-2.3.0/
[        ] [        ] Found plugin path_provider_linux at /Users/florian/.pub-cache/hosted/pub.dev/path_provider_linux-2.2.1/
[        ] [        ] Found plugin path_provider_foundation at /Users/florian/.pub-cache/hosted/pub.dev/path_provider_foundation-2.6.0/
[        ] [   +2 ms] Found plugin path_provider_android at /Users/florian/.pub-cache/hosted/pub.dev/path_provider_android-2.2.22/
[        ] [  +18 ms] Found plugin flutter_keyboard_visibility_temp_fork at /Users/florian/.pub-cache/hosted/pub.dev/flutter_keyboard_visibility_temp_fork-0.1.5/
[        ] [        ] Found plugin flutter_keyboard_visibility_windows at /Users/florian/.pub-cache/hosted/pub.dev/flutter_keyboard_visibility_windows-1.0.0/
[        ] [   +1 ms] Found plugin flutter_keyboard_visibility_macos at /Users/florian/.pub-cache/hosted/pub.dev/flutter_keyboard_visibility_macos-1.0.0/
[        ] [        ] Found plugin flutter_keyboard_visibility_linux at /Users/florian/.pub-cache/hosted/pub.dev/flutter_keyboard_visibility_linux-1.0.0/
[        ] [   +8 ms] Found plugin quill_native_bridge at /Users/florian/.pub-cache/hosted/pub.dev/quill_native_bridge-11.1.0/
[        ] [        ] Found plugin quill_native_bridge_windows at /Users/florian/.pub-cache/hosted/pub.dev/quill_native_bridge_windows-0.0.2/
[        ] [  +10 ms] Found plugin file_selector_windows at /Users/florian/.pub-cache/hosted/pub.dev/file_selector_windows-0.9.3+5/
[        ] [   +2 ms] Found plugin quill_native_bridge_web at /Users/florian/.pub-cache/hosted/pub.dev/quill_native_bridge_web-0.0.2/
[        ] [        ] Found plugin quill_native_bridge_macos at /Users/florian/.pub-cache/hosted/pub.dev/quill_native_bridge_macos-0.0.1/
[        ] [        ] Found plugin quill_native_bridge_ios at /Users/florian/.pub-cache/hosted/pub.dev/quill_native_bridge_ios-0.0.1/
[        ] [        ] Found plugin quill_native_bridge_android at /Users/florian/.pub-cache/hosted/pub.dev/quill_native_bridge_android-0.0.1+2/
[        ] [   +3 ms] Found plugin flutter_openssl_crypto at /Users/florian/.pub-cache/hosted/pub.dev/flutter_openssl_crypto-0.5.0/
[        ] [        ] Found plugin flutter_olm at /Users/florian/.pub-cache/hosted/pub.dev/flutter_olm-2.0.0/
[        ] [   +2 ms] Found plugin file_selector at /Users/florian/.pub-cache/hosted/pub.dev/file_selector-1.1.0/
[        ] [        ] Found plugin file_selector_web at /Users/florian/.pub-cache/hosted/pub.dev/file_selector_web-0.9.4+2/
[        ] [        ] Found plugin file_selector_macos at /Users/florian/.pub-cache/hosted/pub.dev/file_selector_macos-0.9.5/
[        ] [        ] Found plugin file_selector_linux at /Users/florian/.pub-cache/hosted/pub.dev/file_selector_linux-0.9.4/
[        ] [        ] Found plugin file_selector_ios at /Users/florian/.pub-cache/hosted/pub.dev/file_selector_ios-0.5.3+5/
[        ] [        ] Found plugin file_selector_android at /Users/florian/.pub-cache/hosted/pub.dev/file_selector_android-0.5.2+4/
[        ] [        ] Found plugin emoji_picker_flutter at /Users/florian/.pub-cache/hosted/pub.dev/emoji_picker_flutter-4.4.0/
[        ] [   +2 ms] Found plugin shared_preferences at /Users/florian/.pub-cache/hosted/pub.dev/shared_preferences-2.5.4/
[        ] [        ] Found plugin shared_preferences_windows at /Users/florian/.pub-cache/hosted/pub.dev/shared_preferences_windows-2.4.1/
[        ] [   +1 ms] Found plugin shared_preferences_web at /Users/florian/.pub-cache/hosted/pub.dev/shared_preferences_web-2.4.3/
[        ] [        ] Found plugin shared_preferences_linux at /Users/florian/.pub-cache/hosted/pub.dev/shared_preferences_linux-2.4.1/
[        ] [        ] Found plugin shared_preferences_foundation at /Users/florian/.pub-cache/hosted/pub.dev/shared_preferences_foundation-2.5.6/
[        ] [   +1 ms] Found plugin shared_preferences_android at /Users/florian/.pub-cache/hosted/pub.dev/shared_preferences_android-2.4.20/
[        ] [  +15 ms] Skipping generating dart_plugin_registrant.dart because it is up-to-date.
[        ] [        ] gen_dart_plugin_registrant: Complete
[        ] [   +1 ms] kernel_snapshot_program: Starting due to {}
[        ] [   +6 ms] /opt/homebrew/share/flutter/bin/cache/dart-sdk/bin/dartaotruntime /opt/homebrew/share/flutter/bin/cache/dart-sdk/bin/snapshots/frontend_server_aot.dart.snapshot --sdk-root /opt/homebrew/share/flutter/bin/cache/artifacts/engine/common/flutter_patched_sdk/ --target=flutter --no-print-incremental-dependencies -DMATRIX_SERVER=http://localhost:8008 -DMATRIX_TEST_USER= -DMATRIX_TEST_PASSWORD= -DFLUTTER_VERSION=3.38.9 -DFLUTTER_CHANNEL=stable -DFLUTTER_GIT_URL=https://github.com/flutter/flutter.git -DFLUTTER_FRAMEWORK_REVISION=67323de285 -DFLUTTER_ENGINE_REVISION=587c18f873 -DFLUTTER_DART_VERSION=3.10.8 -DINTEGRATION_TEST_SHOULD_REPORT_RESULTS_TO_NATIVE=false -DFLUTTER_APP_FLAVOR= -Ddart.vm.profile=false -Ddart.vm.product=false --enable-asserts --track-widget-creation --no-link-platform --packages /Users/florian/Code/substitution/.dart_tool/package_config.json --output-dill /Users/florian/Code/substitution/.dart_tool/flutter_build/2a3a0d41249c472bb2022aaa4b357fa3/app.dill --depfile /Users/florian/Code/substitution/.dart_tool/flutter_build/2a3a0d41249c472bb2022aaa4b357fa3/kernel_snapshot_program.d --incremental --initialize-from-dill /Users/florian/Code/substitution/.dart_tool/flutter_build/2a3a0d41249c472bb2022aaa4b357fa3/app.dill --source file:///Users/florian/Code/substitution/.dart_tool/flutter_build/dart_plugin_registrant.dart --source package:flutter/src/dart_plugin_registrant.dart -Dflutter.dart_plugin_registrant=file:///Users/florian/Code/substitution/.dart_tool/flutter_build/dart_plugin_registrant.dart --verbosity=error file:///var/folders/l_/w8pnbb9d38n57pzg9j98fmy80000gn/T/flutter_tools.wuOse9/flutter_test_listener.yWB40I/listener.dart
06:53 +5 -16: loading /Users/florian/Code/substitution/integration_test/onboarding_flow_test.dart                                                                                                      06:54 +5 -16: loading /Users/florian/Code/substitution/integration_test/onboarding_flow_test.dart                                                                                                      06:55 +5 -16: loading /Users/florian/Code/substitution/integration_test/onboarding_flow_test.dart                                                                                                      06:56 +5 -16: loading /Users/florian/Code/substitution/integration_test/onboarding_flow_test.dart                                                                                                      [+4102 ms] [+5735 ms] kernel_snapshot_program: Complete
06:57 +5 -16: loading /Users/florian/Code/substitution/integration_test/onboarding_flow_test.dart                                                                                                      [ +897 ms] [ +895 ms] debug_android_application: Starting due to {}
[ +100 ms] [  +98 ms] Manifest contained wildcard assets. Inserting missing file into build graph to force rerun. for more information see #56466.
[        ] [   +3 ms] shaderc command: [/opt/homebrew/share/flutter/bin/cache/artifacts/engine/darwin-x64/impellerc, --sksl, --runtime-stage-gles, --runtime-stage-gles3, --runtime-stage-vulkan, --iplr, --sl=/Users/florian/Code/substitution/build/app/intermediates/flutter/debug/flutter_assets/shaders/ink_sparkle.frag, --spirv=/Users/florian/Code/substitution/build/app/intermediates/flutter/debug/flutter_assets/shaders/ink_sparkle.frag.spirv, --input=/opt/homebrew/share/flutter/packages/flutter/lib/src/material/shaders/ink_sparkle.frag, --input-type=frag, --include=/opt/homebrew/share/flutter/packages/flutter/lib/src/material/shaders, --include=/opt/homebrew/share/flutter/bin/cache/artifacts/engine/darwin-x64/shader_lib]
[        ] [        ] shaderc command: [/opt/homebrew/share/flutter/bin/cache/artifacts/engine/darwin-x64/impellerc, --sksl, --runtime-stage-gles, --runtime-stage-gles3, --runtime-stage-vulkan, --iplr, --sl=/Users/florian/Code/substitution/build/app/intermediates/flutter/debug/flutter_assets/shaders/stretch_effect.frag, --spirv=/Users/florian/Code/substitution/build/app/intermediates/flutter/debug/flutter_assets/shaders/stretch_effect.frag.spirv, --input=/opt/homebrew/share/flutter/packages/flutter/lib/src/material/shaders/stretch_effect.frag, --input-type=frag, --include=/opt/homebrew/share/flutter/packages/flutter/lib/src/material/shaders, --include=/opt/homebrew/share/flutter/bin/cache/artifacts/engine/darwin-x64/shader_lib]
[ +303 ms] [ +323 ms] debug_android_application: Complete
06:58 +5 -16: loading /Users/florian/Code/substitution/integration_test/onboarding_flow_test.dart                                                                                                      [ +894 ms] [ +829 ms] Persisting file store
[        ] [   +5 ms] Done persisting file store
[        ] [  +13 ms] build succeeded.
[        ] [   +3 ms] "flutter assemble" took 8.185ms.
[        ] [   +2 ms] executing: sw_vers -productName
[        ] [   +9 ms] Exit code 0 from: sw_vers -productName
[        ] [        ] macOS
[        ] [        ] executing: sw_vers -productVersion
[        ] [   +8 ms] Exit code 0 from: sw_vers -productVersion
[        ] [        ] 26.1
[        ] [        ] executing: sw_vers -buildVersion
[        ] [   +7 ms] Exit code 0 from: sw_vers -buildVersion
[        ] [        ] 25B78
[        ] [        ] executing: uname -m
[        ] [   +2 ms] Exit code 0 from: uname -m
[        ] [        ] arm64
[        ] [  +18 ms] Running 1 shutdown hook
[        ] [        ] Shutdown hooks complete
[  +96 ms] [  +51 ms] exiting with code 0
[ +103 ms] Resolve mutations for :app:packJniLibsflutterBuildDebug (Thread[#40506,Execution worker Thread 19,5,main]) started.
[        ] :app:packJniLibsflutterBuildDebug (Thread[#40503,Execution worker Thread 16,5,main]) started.
[        ] > Task :app:packJniLibsflutterBuildDebug UP-TO-DATE
[        ] Caching disabled for task ':app:packJniLibsflutterBuildDebug' because:
[        ]   Build cache is disabled
[        ]   Not worth caching
[        ] Skipping task ':app:packJniLibsflutterBuildDebug' as it is up-to-date.
[        ] Resolve mutations for :connectivity_plus:preBuild (Thread[#40503,Execution worker Thread 16,5,main]) started.
[        ] :connectivity_plus:preBuild (Thread[#40510,Execution worker Thread 23,5,main]) started.
[        ] > Task :connectivity_plus:preBuild UP-TO-DATE
[        ] Skipping task ':connectivity_plus:preBuild' as it has no actions.
[        ] Resolve mutations for :connectivity_plus:preDebugBuild (Thread[#40510,Execution worker Thread 23,5,main]) started.
[        ] :connectivity_plus:preDebugBuild (Thread[#40510,Execution worker Thread 23,5,main]) started.
[        ] > Task :connectivity_plus:preDebugBuild UP-TO-DATE
[        ] Skipping task ':connectivity_plus:preDebugBuild' as it has no actions.
[        ] Resolve mutations for :connectivity_plus:writeDebugAarMetadata (Thread[#40510,Execution worker Thread 23,5,main]) started.
[        ] :connectivity_plus:writeDebugAarMetadata (Thread[#40495,Execution worker Thread 8,5,main]) started.
[        ] > Task :connectivity_plus:writeDebugAarMetadata UP-TO-DATE
[        ] Caching disabled for task ':connectivity_plus:writeDebugAarMetadata' because:
[        ]   Build cache is disabled
[        ]   Caching has been disabled for the task
[        ] Skipping task ':connectivity_plus:writeDebugAarMetadata' as it is up-to-date.
[        ] work action resolve aar-metadata.properties (project :connectivity_plus) (Thread[#40495,Execution worker Thread 8,5,main]) started.
[        ] Resolve mutations for :emoji_picker_flutter:preBuild (Thread[#40495,Execution worker Thread 8,5,main]) started.
[        ] :emoji_picker_flutter:preBuild (Thread[#40495,Execution worker Thread 8,5,main]) started.
[        ] > Task :emoji_picker_flutter:preBuild UP-TO-DATE
[        ] Skipping task ':emoji_picker_flutter:preBuild' as it has no actions.
[        ] Resolve mutations for :emoji_picker_flutter:preDebugBuild (Thread[#40495,Execution worker Thread 8,5,main]) started.
[        ] :emoji_picker_flutter:preDebugBuild (Thread[#40495,Execution worker Thread 8,5,main]) started.
[        ] > Task :emoji_picker_flutter:preDebugBuild UP-TO-DATE
[        ] Skipping task ':emoji_picker_flutter:preDebugBuild' as it has no actions.
[        ] Resolve mutations for :emoji_picker_flutter:writeDebugAarMetadata (Thread[#40495,Execution worker Thread 8,5,main]) started.
[        ] :emoji_picker_flutter:writeDebugAarMetadata (Thread[#40495,Execution worker Thread 8,5,main]) started.
[        ] > Task :emoji_picker_flutter:writeDebugAarMetadata UP-TO-DATE
[        ] Caching disabled for task ':emoji_picker_flutter:writeDebugAarMetadata' because:
[        ]   Build cache is disabled
[        ]   Caching has been disabled for the task
[        ] Skipping task ':emoji_picker_flutter:writeDebugAarMetadata' as it is up-to-date.
[        ] work action resolve aar-metadata.properties (project :emoji_picker_flutter) (Thread[#40495,Execution worker Thread 8,5,main]) started.
[        ] Resolve mutations for :file_selector_android:preBuild (Thread[#40495,Execution worker Thread 8,5,main]) started.
[        ] :file_selector_android:preBuild (Thread[#40495,Execution worker Thread 8,5,main]) started.
[        ] > Task :file_selector_android:preBuild UP-TO-DATE
[        ] Skipping task ':file_selector_android:preBuild' as it has no actions.
[        ] Resolve mutations for :file_selector_android:preDebugBuild (Thread[#40495,Execution worker Thread 8,5,main]) started.
[        ] :file_selector_android:preDebugBuild (Thread[#40495,Execution worker Thread 8,5,main]) started.
[        ] > Task :file_selector_android:preDebugBuild UP-TO-DATE
[        ] Skipping task ':file_selector_android:preDebugBuild' as it has no actions.
[        ] Resolve mutations for :file_selector_android:writeDebugAarMetadata (Thread[#40495,Execution worker Thread 8,5,main]) started.
[        ] :file_selector_android:writeDebugAarMetadata (Thread[#40495,Execution worker Thread 8,5,main]) started.
[        ] > Task :file_selector_android:writeDebugAarMetadata UP-TO-DATE
[        ] Caching disabled for task ':file_selector_android:writeDebugAarMetadata' because:
[        ]   Build cache is disabled
[        ]   Caching has been disabled for the task
[        ] Skipping task ':file_selector_android:writeDebugAarMetadata' as it is up-to-date.
[        ] work action resolve aar-metadata.properties (project :file_selector_android) (Thread[#40495,Execution worker Thread 8,5,main]) started.
[        ] Resolve mutations for :flutter_keyboard_visibility_temp_fork:preBuild (Thread[#40495,Execution worker Thread 8,5,main]) started.
[        ] :flutter_keyboard_visibility_temp_fork:preBuild (Thread[#40495,Execution worker Thread 8,5,main]) started.
[        ] > Task :flutter_keyboard_visibility_temp_fork:preBuild UP-TO-DATE
[        ] Skipping task ':flutter_keyboard_visibility_temp_fork:preBuild' as it has no actions.
[        ] Resolve mutations for :flutter_keyboard_visibility_temp_fork:preDebugBuild (Thread[#40495,Execution worker Thread 8,5,main]) started.
[        ] :flutter_keyboard_visibility_temp_fork:preDebugBuild (Thread[#40495,Execution worker Thread 8,5,main]) started.
[        ] > Task :flutter_keyboard_visibility_temp_fork:preDebugBuild UP-TO-DATE
[        ] Skipping task ':flutter_keyboard_visibility_temp_fork:preDebugBuild' as it has no actions.
[        ] Resolve mutations for :flutter_keyboard_visibility_temp_fork:writeDebugAarMetadata (Thread[#40495,Execution worker Thread 8,5,main]) started.
[        ] :flutter_keyboard_visibility_temp_fork:writeDebugAarMetadata (Thread[#40495,Execution worker Thread 8,5,main]) started.
[        ] > Task :flutter_keyboard_visibility_temp_fork:writeDebugAarMetadata UP-TO-DATE
[        ] Caching disabled for task ':flutter_keyboard_visibility_temp_fork:writeDebugAarMetadata' because:
[        ]   Build cache is disabled
[        ]   Caching has been disabled for the task
[        ] Skipping task ':flutter_keyboard_visibility_temp_fork:writeDebugAarMetadata' as it is up-to-date.
[        ] work action resolve aar-metadata.properties (project :flutter_keyboard_visibility_temp_fork) (Thread[#40495,Execution worker Thread 8,5,main]) started.
[        ] Resolve mutations for :flutter_native_splash:preBuild (Thread[#40495,Execution worker Thread 8,5,main]) started.
[        ] :flutter_native_splash:preBuild (Thread[#40495,Execution worker Thread 8,5,main]) started.
[        ] > Task :flutter_native_splash:preBuild UP-TO-DATE
[        ] Skipping task ':flutter_native_splash:preBuild' as it has no actions.
[        ] Resolve mutations for :flutter_native_splash:preDebugBuild (Thread[#40495,Execution worker Thread 8,5,main]) started.
[        ] :flutter_native_splash:preDebugBuild (Thread[#40495,Execution worker Thread 8,5,main]) started.
[        ] > Task :flutter_native_splash:preDebugBuild UP-TO-DATE
[        ] Skipping task ':flutter_native_splash:preDebugBuild' as it has no actions.
[        ] Resolve mutations for :flutter_native_splash:writeDebugAarMetadata (Thread[#40495,Execution worker Thread 8,5,main]) started.
[        ] :flutter_native_splash:writeDebugAarMetadata (Thread[#40495,Execution worker Thread 8,5,main]) started.
[        ] > Task :flutter_native_splash:writeDebugAarMetadata UP-TO-DATE
[        ] Caching disabled for task ':flutter_native_splash:writeDebugAarMetadata' because:
[        ]   Build cache is disabled
[        ]   Caching has been disabled for the task
[        ] Skipping task ':flutter_native_splash:writeDebugAarMetadata' as it is up-to-date.
[        ] work action resolve aar-metadata.properties (project :flutter_native_splash) (Thread[#40495,Execution worker Thread 8,5,main]) started.
[        ] Resolve mutations for :flutter_olm:preBuild (Thread[#40495,Execution worker Thread 8,5,main]) started.
[        ] :flutter_olm:preBuild (Thread[#40495,Execution worker Thread 8,5,main]) started.
[        ] > Task :flutter_olm:preBuild UP-TO-DATE
[        ] Skipping task ':flutter_olm:preBuild' as it has no actions.
[        ] Resolve mutations for :flutter_olm:preDebugBuild (Thread[#40495,Execution worker Thread 8,5,main]) started.
[        ] :flutter_olm:preDebugBuild (Thread[#40495,Execution worker Thread 8,5,main]) started.
[        ] > Task :flutter_olm:preDebugBuild UP-TO-DATE
[        ] Skipping task ':flutter_olm:preDebugBuild' as it has no actions.
[        ] Resolve mutations for :flutter_olm:writeDebugAarMetadata (Thread[#40495,Execution worker Thread 8,5,main]) started.
[        ] :flutter_olm:writeDebugAarMetadata (Thread[#40495,Execution worker Thread 8,5,main]) started.
[        ] > Task :flutter_olm:writeDebugAarMetadata UP-TO-DATE
[        ] Caching disabled for task ':flutter_olm:writeDebugAarMetadata' because:
[        ]   Build cache is disabled
[        ]   Caching has been disabled for the task
[        ] Skipping task ':flutter_olm:writeDebugAarMetadata' as it is up-to-date.
[        ] work action resolve aar-metadata.properties (project :flutter_olm) (Thread[#40495,Execution worker Thread 8,5,main]) started.
[        ] Resolve mutations for :flutter_openssl_crypto:preBuild (Thread[#40495,Execution worker Thread 8,5,main]) started.
[        ] :flutter_openssl_crypto:preBuild (Thread[#40495,Execution worker Thread 8,5,main]) started.
[        ] > Task :flutter_openssl_crypto:preBuild UP-TO-DATE
[        ] Skipping task ':flutter_openssl_crypto:preBuild' as it has no actions.
[        ] Resolve mutations for :flutter_openssl_crypto:preDebugBuild (Thread[#40495,Execution worker Thread 8,5,main]) started.
[        ] :flutter_openssl_crypto:preDebugBuild (Thread[#40495,Execution worker Thread 8,5,main]) started.
[        ] > Task :flutter_openssl_crypto:preDebugBuild UP-TO-DATE
[        ] Skipping task ':flutter_openssl_crypto:preDebugBuild' as it has no actions.
[        ] Resolve mutations for :flutter_openssl_crypto:writeDebugAarMetadata (Thread[#40495,Execution worker Thread 8,5,main]) started.
[        ] :flutter_openssl_crypto:writeDebugAarMetadata (Thread[#40495,Execution worker Thread 8,5,main]) started.
[        ] > Task :flutter_openssl_crypto:writeDebugAarMetadata UP-TO-DATE
[        ] Caching disabled for task ':flutter_openssl_crypto:writeDebugAarMetadata' because:
[        ]   Build cache is disabled
[        ]   Caching has been disabled for the task
[        ] Skipping task ':flutter_openssl_crypto:writeDebugAarMetadata' as it is up-to-date.
[        ] work action resolve aar-metadata.properties (project :flutter_openssl_crypto) (Thread[#40495,Execution worker Thread 8,5,main]) started.
[        ] Resolve mutations for :integration_test:preBuild (Thread[#40495,Execution worker Thread 8,5,main]) started.
[        ] :integration_test:preBuild (Thread[#40495,Execution worker Thread 8,5,main]) started.
[        ] > Task :integration_test:preBuild UP-TO-DATE
[        ] Skipping task ':integration_test:preBuild' as it has no actions.
[        ] Resolve mutations for :integration_test:preDebugBuild (Thread[#40495,Execution worker Thread 8,5,main]) started.
[        ] :integration_test:preDebugBuild (Thread[#40495,Execution worker Thread 8,5,main]) started.
[        ] > Task :integration_test:preDebugBuild UP-TO-DATE
[        ] Skipping task ':integration_test:preDebugBuild' as it has no actions.
[        ] Resolve mutations for :integration_test:writeDebugAarMetadata (Thread[#40495,Execution worker Thread 8,5,main]) started.
[        ] :integration_test:writeDebugAarMetadata (Thread[#40495,Execution worker Thread 8,5,main]) started.
[        ] > Task :integration_test:writeDebugAarMetadata UP-TO-DATE
[        ] Caching disabled for task ':integration_test:writeDebugAarMetadata' because:
[        ]   Build cache is disabled
[        ]   Caching has been disabled for the task
[        ] Skipping task ':integration_test:writeDebugAarMetadata' as it is up-to-date.
[        ] work action resolve aar-metadata.properties (project :integration_test) (Thread[#40495,Execution worker Thread 8,5,main]) started.
[        ] Resolve mutations for :path_provider_android:preBuild (Thread[#40495,Execution worker Thread 8,5,main]) started.
[        ] :path_provider_android:preBuild (Thread[#40495,Execution worker Thread 8,5,main]) started.
[        ] > Task :path_provider_android:preBuild UP-TO-DATE
[        ] Skipping task ':path_provider_android:preBuild' as it has no actions.
[        ] Resolve mutations for :path_provider_android:preDebugBuild (Thread[#40495,Execution worker Thread 8,5,main]) started.
[        ] :path_provider_android:preDebugBuild (Thread[#40495,Execution worker Thread 8,5,main]) started.
[        ] > Task :path_provider_android:preDebugBuild UP-TO-DATE
[        ] Skipping task ':path_provider_android:preDebugBuild' as it has no actions.
[        ] Resolve mutations for :path_provider_android:writeDebugAarMetadata (Thread[#40495,Execution worker Thread 8,5,main]) started.
[        ] :path_provider_android:writeDebugAarMetadata (Thread[#40495,Execution worker Thread 8,5,main]) started.
[        ] > Task :path_provider_android:writeDebugAarMetadata UP-TO-DATE
[        ] Caching disabled for task ':path_provider_android:writeDebugAarMetadata' because:
[        ]   Build cache is disabled
[        ]   Caching has been disabled for the task
[        ] Skipping task ':path_provider_android:writeDebugAarMetadata' as it is up-to-date.
[        ] work action resolve aar-metadata.properties (project :path_provider_android) (Thread[#40495,Execution worker Thread 8,5,main]) started.
[        ] Resolve mutations for :quill_native_bridge_android:preBuild (Thread[#40495,Execution worker Thread 8,5,main]) started.
[        ] :quill_native_bridge_android:preBuild (Thread[#40495,Execution worker Thread 8,5,main]) started.
[        ] > Task :quill_native_bridge_android:preBuild UP-TO-DATE
[        ] Skipping task ':quill_native_bridge_android:preBuild' as it has no actions.
[        ] Resolve mutations for :quill_native_bridge_android:preDebugBuild (Thread[#40495,Execution worker Thread 8,5,main]) started.
[        ] :quill_native_bridge_android:preDebugBuild (Thread[#40495,Execution worker Thread 8,5,main]) started.
[        ] > Task :quill_native_bridge_android:preDebugBuild UP-TO-DATE
[        ] Skipping task ':quill_native_bridge_android:preDebugBuild' as it has no actions.
[        ] Resolve mutations for :quill_native_bridge_android:writeDebugAarMetadata (Thread[#40495,Execution worker Thread 8,5,main]) started.
[        ] :quill_native_bridge_android:writeDebugAarMetadata (Thread[#40495,Execution worker Thread 8,5,main]) started.
[        ] > Task :quill_native_bridge_android:writeDebugAarMetadata UP-TO-DATE
[        ] Caching disabled for task ':quill_native_bridge_android:writeDebugAarMetadata' because:
[        ]   Build cache is disabled
[        ]   Caching has been disabled for the task
[        ] Skipping task ':quill_native_bridge_android:writeDebugAarMetadata' as it is up-to-date.
[        ] work action resolve aar-metadata.properties (project :quill_native_bridge_android) (Thread[#40495,Execution worker Thread 8,5,main]) started.
[        ] Resolve mutations for :shared_preferences_android:preBuild (Thread[#40495,Execution worker Thread 8,5,main]) started.
[        ] :shared_preferences_android:preBuild (Thread[#40495,Execution worker Thread 8,5,main]) started.
[        ] > Task :shared_preferences_android:preBuild UP-TO-DATE
[        ] Skipping task ':shared_preferences_android:preBuild' as it has no actions.
[        ] Resolve mutations for :shared_preferences_android:preDebugBuild (Thread[#40495,Execution worker Thread 8,5,main]) started.
[        ] :shared_preferences_android:preDebugBuild (Thread[#40495,Execution worker Thread 8,5,main]) started.
[        ] > Task :shared_preferences_android:preDebugBuild UP-TO-DATE
[        ] Skipping task ':shared_preferences_android:preDebugBuild' as it has no actions.
[        ] Resolve mutations for :shared_preferences_android:writeDebugAarMetadata (Thread[#40495,Execution worker Thread 8,5,main]) started.
[        ] :shared_preferences_android:writeDebugAarMetadata (Thread[#40495,Execution worker Thread 8,5,main]) started.
[        ] > Task :shared_preferences_android:writeDebugAarMetadata UP-TO-DATE
[        ] Caching disabled for task ':shared_preferences_android:writeDebugAarMetadata' because:
[        ]   Build cache is disabled
[        ]   Caching has been disabled for the task
[        ] Skipping task ':shared_preferences_android:writeDebugAarMetadata' as it is up-to-date.
[        ] work action resolve aar-metadata.properties (project :shared_preferences_android) (Thread[#40495,Execution worker Thread 8,5,main]) started.
[        ] Resolve mutations for :sqflite_android:preBuild (Thread[#40495,Execution worker Thread 8,5,main]) started.
[        ] :sqflite_android:preBuild (Thread[#40495,Execution worker Thread 8,5,main]) started.
[        ] > Task :sqflite_android:preBuild UP-TO-DATE
[        ] Skipping task ':sqflite_android:preBuild' as it has no actions.
[        ] Resolve mutations for :sqflite_android:preDebugBuild (Thread[#40495,Execution worker Thread 8,5,main]) started.
[        ] :sqflite_android:preDebugBuild (Thread[#40495,Execution worker Thread 8,5,main]) started.
[        ] > Task :sqflite_android:preDebugBuild UP-TO-DATE
[        ] Skipping task ':sqflite_android:preDebugBuild' as it has no actions.
[        ] Resolve mutations for :sqflite_android:writeDebugAarMetadata (Thread[#40495,Execution worker Thread 8,5,main]) started.
[        ] :sqflite_android:writeDebugAarMetadata (Thread[#40495,Execution worker Thread 8,5,main]) started.
[        ] > Task :sqflite_android:writeDebugAarMetadata UP-TO-DATE
[        ] Caching disabled for task ':sqflite_android:writeDebugAarMetadata' because:
[        ]   Build cache is disabled
[        ]   Caching has been disabled for the task
[        ] Skipping task ':sqflite_android:writeDebugAarMetadata' as it is up-to-date.
[        ] work action resolve aar-metadata.properties (project :sqflite_android) (Thread[#40495,Execution worker Thread 8,5,main]) started.
[        ] Resolve mutations for :url_launcher_android:preBuild (Thread[#40495,Execution worker Thread 8,5,main]) started.
[        ] :url_launcher_android:preBuild (Thread[#40495,Execution worker Thread 8,5,main]) started.
[        ] > Task :url_launcher_android:preBuild UP-TO-DATE
[        ] Skipping task ':url_launcher_android:preBuild' as it has no actions.
[        ] Resolve mutations for :url_launcher_android:preDebugBuild (Thread[#40495,Execution worker Thread 8,5,main]) started.
[        ] :url_launcher_android:preDebugBuild (Thread[#40495,Execution worker Thread 8,5,main]) started.
[        ] > Task :url_launcher_android:preDebugBuild UP-TO-DATE
[        ] Skipping task ':url_launcher_android:preDebugBuild' as it has no actions.
[        ] Resolve mutations for :url_launcher_android:writeDebugAarMetadata (Thread[#40495,Execution worker Thread 8,5,main]) started.
[        ] :url_launcher_android:writeDebugAarMetadata (Thread[#40495,Execution worker Thread 8,5,main]) started.
[        ] > Task :url_launcher_android:writeDebugAarMetadata UP-TO-DATE
[        ] Caching disabled for task ':url_launcher_android:writeDebugAarMetadata' because:
[        ]   Build cache is disabled
[        ]   Caching has been disabled for the task
[        ] Skipping task ':url_launcher_android:writeDebugAarMetadata' as it is up-to-date.
[        ] work action resolve aar-metadata.properties (project :url_launcher_android) (Thread[#40495,Execution worker Thread 8,5,main]) started.
[        ] Resolve mutations for :video_player_android:preBuild (Thread[#40496,Execution worker Thread 9,5,main]) started.
[        ] :video_player_android:preBuild (Thread[#40496,Execution worker Thread 9,5,main]) started.
[        ] > Task :video_player_android:preBuild UP-TO-DATE
[        ] Skipping task ':video_player_android:preBuild' as it has no actions.
[        ] Resolve mutations for :video_player_android:preDebugBuild (Thread[#40496,Execution worker Thread 9,5,main]) started.
[        ] :video_player_android:preDebugBuild (Thread[#40496,Execution worker Thread 9,5,main]) started.
[        ] > Task :video_player_android:preDebugBuild UP-TO-DATE
[        ] Skipping task ':video_player_android:preDebugBuild' as it has no actions.
[        ] Resolve mutations for :video_player_android:writeDebugAarMetadata (Thread[#40496,Execution worker Thread 9,5,main]) started.
[        ] :video_player_android:writeDebugAarMetadata (Thread[#40496,Execution worker Thread 9,5,main]) started.
[        ] > Task :video_player_android:writeDebugAarMetadata UP-TO-DATE
[        ] Caching disabled for task ':video_player_android:writeDebugAarMetadata' because:
[        ]   Build cache is disabled
[        ]   Caching has been disabled for the task
[        ] Skipping task ':video_player_android:writeDebugAarMetadata' as it is up-to-date.
[        ] work action resolve aar-metadata.properties (project :video_player_android) (Thread[#40496,Execution worker Thread 9,5,main]) started.
[        ] Resolve mutations for :app:checkDebugAarMetadata (Thread[#40496,Execution worker Thread 9,5,main]) started.
[        ] :app:checkDebugAarMetadata (Thread[#40496,Execution worker Thread 9,5,main]) started.
[        ] > Task :app:checkDebugAarMetadata UP-TO-DATE
[        ] Caching disabled for task ':app:checkDebugAarMetadata' because:
[        ]   Build cache is disabled
[        ]   Caching has been disabled for the task
[        ] Skipping task ':app:checkDebugAarMetadata' as it is up-to-date.
[        ] Resolve mutations for :app:cleanMergeDebugAssets (Thread[#40496,Execution worker Thread 9,5,main]) started.
[        ] :app:cleanMergeDebugAssets (Thread[#40501,Execution worker Thread 14,5,main]) started.
[        ] > Task :app:cleanMergeDebugAssets
[        ] Caching disabled for task ':app:cleanMergeDebugAssets' because:
[        ]   Build cache is disabled
[        ] Task ':app:cleanMergeDebugAssets' is not up-to-date because:
[        ]   Task has not declared any outputs despite executing actions.
[        ] Resolve mutations for :app:mergeDebugShaders (Thread[#40501,Execution worker Thread 14,5,main]) started.
[        ] :app:mergeDebugShaders (Thread[#40508,Execution worker Thread 21,5,main]) started.
[        ] > Task :app:mergeDebugShaders UP-TO-DATE
[        ] Caching disabled for task ':app:mergeDebugShaders' because:
[        ]   Build cache is disabled
[        ]   Simple merging task
[        ] Skipping task ':app:mergeDebugShaders' as it is up-to-date.
[        ] Resolve mutations for :app:compileDebugShaders (Thread[#40508,Execution worker Thread 21,5,main]) started.
[        ] :app:compileDebugShaders (Thread[#40508,Execution worker Thread 21,5,main]) started.
[        ] > Task :app:compileDebugShaders NO-SOURCE
[        ] Skipping task ':app:compileDebugShaders' as it has no source files and no previous output files.
[        ] Resolve mutations for :app:generateDebugAssets (Thread[#40508,Execution worker Thread 21,5,main]) started.
[        ] :app:generateDebugAssets (Thread[#40508,Execution worker Thread 21,5,main]) started.
[        ] > Task :app:generateDebugAssets UP-TO-DATE
[        ] Skipping task ':app:generateDebugAssets' as it has no actions.
[        ] Resolve mutations for :connectivity_plus:mergeDebugShaders (Thread[#40508,Execution worker Thread 21,5,main]) started.
[        ] :connectivity_plus:mergeDebugShaders (Thread[#40508,Execution worker Thread 21,5,main]) started.
[        ] > Task :connectivity_plus:mergeDebugShaders UP-TO-DATE
[        ] Caching disabled for task ':connectivity_plus:mergeDebugShaders' because:
[        ]   Build cache is disabled
[        ]   Simple merging task
[        ] Skipping task ':connectivity_plus:mergeDebugShaders' as it is up-to-date.
[        ] Resolve mutations for :connectivity_plus:compileDebugShaders (Thread[#40508,Execution worker Thread 21,5,main]) started.
[        ] :connectivity_plus:compileDebugShaders (Thread[#40508,Execution worker Thread 21,5,main]) started.
[        ] > Task :connectivity_plus:compileDebugShaders NO-SOURCE
[        ] Skipping task ':connectivity_plus:compileDebugShaders' as it has no source files and no previous output files.
[        ] Resolve mutations for :connectivity_plus:generateDebugAssets (Thread[#40508,Execution worker Thread 21,5,main]) started.
[        ] :connectivity_plus:generateDebugAssets (Thread[#40508,Execution worker Thread 21,5,main]) started.
[        ] > Task :connectivity_plus:generateDebugAssets UP-TO-DATE
[        ] Skipping task ':connectivity_plus:generateDebugAssets' as it has no actions.
[        ] Resolve mutations for :connectivity_plus:mergeDebugAssets (Thread[#40508,Execution worker Thread 21,5,main]) started.
[        ] :connectivity_plus:mergeDebugAssets (Thread[#40508,Execution worker Thread 21,5,main]) started.
[        ] > Task :connectivity_plus:mergeDebugAssets UP-TO-DATE
[        ] Caching disabled for task ':connectivity_plus:mergeDebugAssets' because:
[        ]   Build cache is disabled
[        ]   Simple merging task
[        ] Skipping task ':connectivity_plus:mergeDebugAssets' as it is up-to-date.
[        ] work action resolve mergeDebugAssets (project :connectivity_plus) (Thread[#40508,Execution worker Thread 21,5,main]) started.
[        ] Resolve mutations for :emoji_picker_flutter:mergeDebugShaders (Thread[#40508,Execution worker Thread 21,5,main]) started.
[        ] :emoji_picker_flutter:mergeDebugShaders (Thread[#40508,Execution worker Thread 21,5,main]) started.
[        ] > Task :emoji_picker_flutter:mergeDebugShaders UP-TO-DATE
[        ] Caching disabled for task ':emoji_picker_flutter:mergeDebugShaders' because:
[        ]   Build cache is disabled
[        ]   Simple merging task
[        ] Skipping task ':emoji_picker_flutter:mergeDebugShaders' as it is up-to-date.
[        ] Resolve mutations for :emoji_picker_flutter:compileDebugShaders (Thread[#40508,Execution worker Thread 21,5,main]) started.
[        ] :emoji_picker_flutter:compileDebugShaders (Thread[#40508,Execution worker Thread 21,5,main]) started.
[        ] > Task :emoji_picker_flutter:compileDebugShaders NO-SOURCE
[        ] Skipping task ':emoji_picker_flutter:compileDebugShaders' as it has no source files and no previous output files.
[        ] Resolve mutations for :emoji_picker_flutter:generateDebugAssets (Thread[#40508,Execution worker Thread 21,5,main]) started.
[        ] :emoji_picker_flutter:generateDebugAssets (Thread[#40508,Execution worker Thread 21,5,main]) started.
[        ] > Task :emoji_picker_flutter:generateDebugAssets UP-TO-DATE
[        ] Skipping task ':emoji_picker_flutter:generateDebugAssets' as it has no actions.
[        ] Resolve mutations for :emoji_picker_flutter:mergeDebugAssets (Thread[#40508,Execution worker Thread 21,5,main]) started.
[        ] :emoji_picker_flutter:mergeDebugAssets (Thread[#40508,Execution worker Thread 21,5,main]) started.
[        ] > Task :emoji_picker_flutter:mergeDebugAssets UP-TO-DATE
[        ] Caching disabled for task ':emoji_picker_flutter:mergeDebugAssets' because:
[        ]   Build cache is disabled
[        ]   Simple merging task
[        ] Skipping task ':emoji_picker_flutter:mergeDebugAssets' as it is up-to-date.
[        ] work action resolve mergeDebugAssets (project :emoji_picker_flutter) (Thread[#40508,Execution worker Thread 21,5,main]) started.
[        ] Resolve mutations for :file_selector_android:mergeDebugShaders (Thread[#40508,Execution worker Thread 21,5,main]) started.
[        ] :file_selector_android:mergeDebugShaders (Thread[#40508,Execution worker Thread 21,5,main]) started.
[        ] > Task :file_selector_android:mergeDebugShaders UP-TO-DATE
[        ] Caching disabled for task ':file_selector_android:mergeDebugShaders' because:
[        ]   Build cache is disabled
[        ]   Simple merging task
[        ] Skipping task ':file_selector_android:mergeDebugShaders' as it is up-to-date.
[        ] Resolve mutations for :file_selector_android:compileDebugShaders (Thread[#40508,Execution worker Thread 21,5,main]) started.
[        ] :file_selector_android:compileDebugShaders (Thread[#40508,Execution worker Thread 21,5,main]) started.
[        ] > Task :file_selector_android:compileDebugShaders NO-SOURCE
[        ] Skipping task ':file_selector_android:compileDebugShaders' as it has no source files and no previous output files.
[        ] Resolve mutations for :file_selector_android:generateDebugAssets (Thread[#40508,Execution worker Thread 21,5,main]) started.
[        ] :file_selector_android:generateDebugAssets (Thread[#40508,Execution worker Thread 21,5,main]) started.
[        ] > Task :file_selector_android:generateDebugAssets UP-TO-DATE
[        ] Skipping task ':file_selector_android:generateDebugAssets' as it has no actions.
[        ] Resolve mutations for :file_selector_android:mergeDebugAssets (Thread[#40508,Execution worker Thread 21,5,main]) started.
[        ] :file_selector_android:mergeDebugAssets (Thread[#40508,Execution worker Thread 21,5,main]) started.
[        ] > Task :file_selector_android:mergeDebugAssets UP-TO-DATE
[        ] Caching disabled for task ':file_selector_android:mergeDebugAssets' because:
[        ]   Build cache is disabled
[        ]   Simple merging task
[        ] Skipping task ':file_selector_android:mergeDebugAssets' as it is up-to-date.
[        ] work action resolve mergeDebugAssets (project :file_selector_android) (Thread[#40508,Execution worker Thread 21,5,main]) started.
[        ] Resolve mutations for :flutter_keyboard_visibility_temp_fork:mergeDebugShaders (Thread[#40508,Execution worker Thread 21,5,main]) started.
[        ] :flutter_keyboard_visibility_temp_fork:mergeDebugShaders (Thread[#40508,Execution worker Thread 21,5,main]) started.
[        ] > Task :flutter_keyboard_visibility_temp_fork:mergeDebugShaders UP-TO-DATE
[        ] Caching disabled for task ':flutter_keyboard_visibility_temp_fork:mergeDebugShaders' because:
[        ]   Build cache is disabled
[        ]   Simple merging task
[        ] Skipping task ':flutter_keyboard_visibility_temp_fork:mergeDebugShaders' as it is up-to-date.
[        ] Resolve mutations for :flutter_keyboard_visibility_temp_fork:compileDebugShaders (Thread[#40508,Execution worker Thread 21,5,main]) started.
[        ] :flutter_keyboard_visibility_temp_fork:compileDebugShaders (Thread[#40508,Execution worker Thread 21,5,main]) started.
[        ] > Task :flutter_keyboard_visibility_temp_fork:compileDebugShaders NO-SOURCE
[        ] Skipping task ':flutter_keyboard_visibility_temp_fork:compileDebugShaders' as it has no source files and no previous output files.
[        ] Resolve mutations for :flutter_keyboard_visibility_temp_fork:generateDebugAssets (Thread[#40508,Execution worker Thread 21,5,main]) started.
[        ] :flutter_keyboard_visibility_temp_fork:generateDebugAssets (Thread[#40508,Execution worker Thread 21,5,main]) started.
[        ] > Task :flutter_keyboard_visibility_temp_fork:generateDebugAssets UP-TO-DATE
[        ] Skipping task ':flutter_keyboard_visibility_temp_fork:generateDebugAssets' as it has no actions.
[        ] Resolve mutations for :flutter_keyboard_visibility_temp_fork:mergeDebugAssets (Thread[#40508,Execution worker Thread 21,5,main]) started.
[        ] :flutter_keyboard_visibility_temp_fork:mergeDebugAssets (Thread[#40508,Execution worker Thread 21,5,main]) started.
[        ] > Task :flutter_keyboard_visibility_temp_fork:mergeDebugAssets UP-TO-DATE
[        ] Caching disabled for task ':flutter_keyboard_visibility_temp_fork:mergeDebugAssets' because:
[        ]   Build cache is disabled
[        ]   Simple merging task
[        ] Skipping task ':flutter_keyboard_visibility_temp_fork:mergeDebugAssets' as it is up-to-date.
[        ] work action resolve mergeDebugAssets (project :flutter_keyboard_visibility_temp_fork) (Thread[#40508,Execution worker Thread 21,5,main]) started.
[        ] Resolve mutations for :flutter_native_splash:mergeDebugShaders (Thread[#40508,Execution worker Thread 21,5,main]) started.
[        ] :flutter_native_splash:mergeDebugShaders (Thread[#40508,Execution worker Thread 21,5,main]) started.
[        ] > Task :flutter_native_splash:mergeDebugShaders UP-TO-DATE
[        ] Caching disabled for task ':flutter_native_splash:mergeDebugShaders' because:
[        ]   Build cache is disabled
[        ]   Simple merging task
[        ] Skipping task ':flutter_native_splash:mergeDebugShaders' as it is up-to-date.
[        ] Resolve mutations for :flutter_native_splash:compileDebugShaders (Thread[#40508,Execution worker Thread 21,5,main]) started.
[        ] :flutter_native_splash:compileDebugShaders (Thread[#40508,Execution worker Thread 21,5,main]) started.
[        ] > Task :flutter_native_splash:compileDebugShaders NO-SOURCE
[        ] Skipping task ':flutter_native_splash:compileDebugShaders' as it has no source files and no previous output files.
[        ] Resolve mutations for :flutter_native_splash:generateDebugAssets (Thread[#40508,Execution worker Thread 21,5,main]) started.
[        ] :flutter_native_splash:generateDebugAssets (Thread[#40508,Execution worker Thread 21,5,main]) started.
[        ] > Task :flutter_native_splash:generateDebugAssets UP-TO-DATE
[        ] Skipping task ':flutter_native_splash:generateDebugAssets' as it has no actions.
[        ] Resolve mutations for :flutter_native_splash:mergeDebugAssets (Thread[#40508,Execution worker Thread 21,5,main]) started.
[        ] :flutter_native_splash:mergeDebugAssets (Thread[#40508,Execution worker Thread 21,5,main]) started.
[        ] > Task :flutter_native_splash:mergeDebugAssets UP-TO-DATE
[        ] Caching disabled for task ':flutter_native_splash:mergeDebugAssets' because:
[        ]   Build cache is disabled
[        ]   Simple merging task
[        ] Skipping task ':flutter_native_splash:mergeDebugAssets' as it is up-to-date.
[        ] work action resolve mergeDebugAssets (project :flutter_native_splash) (Thread[#40508,Execution worker Thread 21,5,main]) started.
[        ] Resolve mutations for :flutter_olm:mergeDebugShaders (Thread[#40508,Execution worker Thread 21,5,main]) started.
[        ] :flutter_olm:mergeDebugShaders (Thread[#40508,Execution worker Thread 21,5,main]) started.
[        ] > Task :flutter_olm:mergeDebugShaders UP-TO-DATE
[        ] Caching disabled for task ':flutter_olm:mergeDebugShaders' because:
[        ]   Build cache is disabled
[        ]   Simple merging task
[        ] Skipping task ':flutter_olm:mergeDebugShaders' as it is up-to-date.
[        ] Resolve mutations for :flutter_olm:compileDebugShaders (Thread[#40508,Execution worker Thread 21,5,main]) started.
[        ] :flutter_olm:compileDebugShaders (Thread[#40508,Execution worker Thread 21,5,main]) started.
[        ] > Task :flutter_olm:compileDebugShaders NO-SOURCE
[        ] Skipping task ':flutter_olm:compileDebugShaders' as it has no source files and no previous output files.
[        ] Resolve mutations for :flutter_olm:generateDebugAssets (Thread[#40508,Execution worker Thread 21,5,main]) started.
[        ] :flutter_olm:generateDebugAssets (Thread[#40508,Execution worker Thread 21,5,main]) started.
[        ] > Task :flutter_olm:generateDebugAssets UP-TO-DATE
[        ] Skipping task ':flutter_olm:generateDebugAssets' as it has no actions.
[        ] Resolve mutations for :flutter_olm:mergeDebugAssets (Thread[#40508,Execution worker Thread 21,5,main]) started.
[        ] :flutter_olm:mergeDebugAssets (Thread[#40508,Execution worker Thread 21,5,main]) started.
[        ] > Task :flutter_olm:mergeDebugAssets UP-TO-DATE
[        ] Caching disabled for task ':flutter_olm:mergeDebugAssets' because:
[        ]   Build cache is disabled
[        ]   Simple merging task
[        ] Skipping task ':flutter_olm:mergeDebugAssets' as it is up-to-date.
[        ] work action resolve mergeDebugAssets (project :flutter_olm) (Thread[#40508,Execution worker Thread 21,5,main]) started.
[        ] Resolve mutations for :flutter_openssl_crypto:mergeDebugShaders (Thread[#40508,Execution worker Thread 21,5,main]) started.
[        ] :flutter_openssl_crypto:mergeDebugShaders (Thread[#40508,Execution worker Thread 21,5,main]) started.
[        ] > Task :flutter_openssl_crypto:mergeDebugShaders UP-TO-DATE
[        ] Caching disabled for task ':flutter_openssl_crypto:mergeDebugShaders' because:
[        ]   Build cache is disabled
[        ]   Simple merging task
[        ] Skipping task ':flutter_openssl_crypto:mergeDebugShaders' as it is up-to-date.
[        ] Resolve mutations for :flutter_openssl_crypto:compileDebugShaders (Thread[#40508,Execution worker Thread 21,5,main]) started.
[        ] :flutter_openssl_crypto:compileDebugShaders (Thread[#40508,Execution worker Thread 21,5,main]) started.
[        ] > Task :flutter_openssl_crypto:compileDebugShaders NO-SOURCE
[        ] Skipping task ':flutter_openssl_crypto:compileDebugShaders' as it has no source files and no previous output files.
[        ] Resolve mutations for :flutter_openssl_crypto:generateDebugAssets (Thread[#40508,Execution worker Thread 21,5,main]) started.
[        ] :flutter_openssl_crypto:generateDebugAssets (Thread[#40508,Execution worker Thread 21,5,main]) started.
[        ] > Task :flutter_openssl_crypto:generateDebugAssets UP-TO-DATE
[        ] Skipping task ':flutter_openssl_crypto:generateDebugAssets' as it has no actions.
[        ] Resolve mutations for :flutter_openssl_crypto:mergeDebugAssets (Thread[#40508,Execution worker Thread 21,5,main]) started.
[        ] :flutter_openssl_crypto:mergeDebugAssets (Thread[#40508,Execution worker Thread 21,5,main]) started.
[        ] > Task :flutter_openssl_crypto:mergeDebugAssets UP-TO-DATE
[        ] Caching disabled for task ':flutter_openssl_crypto:mergeDebugAssets' because:
[        ]   Build cache is disabled
[        ]   Simple merging task
[        ] Skipping task ':flutter_openssl_crypto:mergeDebugAssets' as it is up-to-date.
[        ] work action resolve mergeDebugAssets (project :flutter_openssl_crypto) (Thread[#40508,Execution worker Thread 21,5,main]) started.
[        ] Resolve mutations for :integration_test:mergeDebugShaders (Thread[#40508,Execution worker Thread 21,5,main]) started.
[        ] :integration_test:mergeDebugShaders (Thread[#40508,Execution worker Thread 21,5,main]) started.
[        ] > Task :integration_test:mergeDebugShaders UP-TO-DATE
[        ] Caching disabled for task ':integration_test:mergeDebugShaders' because:
[        ]   Build cache is disabled
[        ]   Simple merging task
[        ] Skipping task ':integration_test:mergeDebugShaders' as it is up-to-date.
[        ] Resolve mutations for :integration_test:compileDebugShaders (Thread[#40508,Execution worker Thread 21,5,main]) started.
[        ] :integration_test:compileDebugShaders (Thread[#40508,Execution worker Thread 21,5,main]) started.
[        ] > Task :integration_test:compileDebugShaders NO-SOURCE
[        ] Skipping task ':integration_test:compileDebugShaders' as it has no source files and no previous output files.
[        ] Resolve mutations for :integration_test:generateDebugAssets (Thread[#40508,Execution worker Thread 21,5,main]) started.
[        ] :integration_test:generateDebugAssets (Thread[#40508,Execution worker Thread 21,5,main]) started.
[        ] > Task :integration_test:generateDebugAssets UP-TO-DATE
[        ] Skipping task ':integration_test:generateDebugAssets' as it has no actions.
[        ] Resolve mutations for :integration_test:mergeDebugAssets (Thread[#40508,Execution worker Thread 21,5,main]) started.
[        ] :integration_test:mergeDebugAssets (Thread[#40508,Execution worker Thread 21,5,main]) started.
[        ] > Task :integration_test:mergeDebugAssets UP-TO-DATE
[        ] Caching disabled for task ':integration_test:mergeDebugAssets' because:
[        ]   Build cache is disabled
[        ]   Simple merging task
[        ] Skipping task ':integration_test:mergeDebugAssets' as it is up-to-date.
[        ] work action resolve mergeDebugAssets (project :integration_test) (Thread[#40508,Execution worker Thread 21,5,main]) started.
[        ] Resolve mutations for :path_provider_android:mergeDebugShaders (Thread[#40508,Execution worker Thread 21,5,main]) started.
[        ] :path_provider_android:mergeDebugShaders (Thread[#40508,Execution worker Thread 21,5,main]) started.
[        ] > Task :path_provider_android:mergeDebugShaders UP-TO-DATE
[        ] Caching disabled for task ':path_provider_android:mergeDebugShaders' because:
[        ]   Build cache is disabled
[        ]   Simple merging task
[        ] Skipping task ':path_provider_android:mergeDebugShaders' as it is up-to-date.
[        ] Resolve mutations for :path_provider_android:compileDebugShaders (Thread[#40508,Execution worker Thread 21,5,main]) started.
[        ] :path_provider_android:compileDebugShaders (Thread[#40508,Execution worker Thread 21,5,main]) started.
[        ] > Task :path_provider_android:compileDebugShaders NO-SOURCE
[        ] Skipping task ':path_provider_android:compileDebugShaders' as it has no source files and no previous output files.
[        ] Resolve mutations for :path_provider_android:generateDebugAssets (Thread[#40508,Execution worker Thread 21,5,main]) started.
[        ] :path_provider_android:generateDebugAssets (Thread[#40508,Execution worker Thread 21,5,main]) started.
[        ] > Task :path_provider_android:generateDebugAssets UP-TO-DATE
[        ] Skipping task ':path_provider_android:generateDebugAssets' as it has no actions.
[        ] Resolve mutations for :path_provider_android:mergeDebugAssets (Thread[#40508,Execution worker Thread 21,5,main]) started.
[        ] :path_provider_android:mergeDebugAssets (Thread[#40508,Execution worker Thread 21,5,main]) started.
[        ] > Task :path_provider_android:mergeDebugAssets UP-TO-DATE
[        ] Caching disabled for task ':path_provider_android:mergeDebugAssets' because:
[        ]   Build cache is disabled
[        ]   Simple merging task
[        ] Skipping task ':path_provider_android:mergeDebugAssets' as it is up-to-date.
[        ] work action resolve mergeDebugAssets (project :path_provider_android) (Thread[#40508,Execution worker Thread 21,5,main]) started.
[        ] Resolve mutations for :quill_native_bridge_android:mergeDebugShaders (Thread[#40508,Execution worker Thread 21,5,main]) started.
[        ] :quill_native_bridge_android:mergeDebugShaders (Thread[#40508,Execution worker Thread 21,5,main]) started.
[        ] > Task :quill_native_bridge_android:mergeDebugShaders UP-TO-DATE
[        ] Caching disabled for task ':quill_native_bridge_android:mergeDebugShaders' because:
[        ]   Build cache is disabled
[        ]   Simple merging task
[        ] Skipping task ':quill_native_bridge_android:mergeDebugShaders' as it is up-to-date.
[        ] Resolve mutations for :quill_native_bridge_android:compileDebugShaders (Thread[#40508,Execution worker Thread 21,5,main]) started.
[        ] :quill_native_bridge_android:compileDebugShaders (Thread[#40508,Execution worker Thread 21,5,main]) started.
[        ] > Task :quill_native_bridge_android:compileDebugShaders NO-SOURCE
[        ] Skipping task ':quill_native_bridge_android:compileDebugShaders' as it has no source files and no previous output files.
[        ] Resolve mutations for :quill_native_bridge_android:generateDebugAssets (Thread[#40515,Execution worker Thread 28,5,main]) started.
[        ] :quill_native_bridge_android:generateDebugAssets (Thread[#40515,Execution worker Thread 28,5,main]) started.
[        ] > Task :quill_native_bridge_android:generateDebugAssets UP-TO-DATE
[        ] Skipping task ':quill_native_bridge_android:generateDebugAssets' as it has no actions.
[        ] Resolve mutations for :quill_native_bridge_android:mergeDebugAssets (Thread[#40515,Execution worker Thread 28,5,main]) started.
[        ] :quill_native_bridge_android:mergeDebugAssets (Thread[#40515,Execution worker Thread 28,5,main]) started.
[        ] > Task :quill_native_bridge_android:mergeDebugAssets UP-TO-DATE
[        ] Caching disabled for task ':quill_native_bridge_android:mergeDebugAssets' because:
[        ]   Build cache is disabled
[        ]   Simple merging task
[        ] Skipping task ':quill_native_bridge_android:mergeDebugAssets' as it is up-to-date.
[        ] work action resolve mergeDebugAssets (project :quill_native_bridge_android) (Thread[#40515,Execution worker Thread 28,5,main]) started.
[        ] Resolve mutations for :shared_preferences_android:mergeDebugShaders (Thread[#40515,Execution worker Thread 28,5,main]) started.
[        ] :shared_preferences_android:mergeDebugShaders (Thread[#40515,Execution worker Thread 28,5,main]) started.
[        ] > Task :shared_preferences_android:mergeDebugShaders UP-TO-DATE
[        ] Caching disabled for task ':shared_preferences_android:mergeDebugShaders' because:
[        ]   Build cache is disabled
[        ]   Simple merging task
[        ] Skipping task ':shared_preferences_android:mergeDebugShaders' as it is up-to-date.
[        ] Resolve mutations for :shared_preferences_android:compileDebugShaders (Thread[#40515,Execution worker Thread 28,5,main]) started.
[        ] :shared_preferences_android:compileDebugShaders (Thread[#40515,Execution worker Thread 28,5,main]) started.
[  +93 ms] > Task :shared_preferences_android:compileDebugShaders NO-SOURCE
[        ] Skipping task ':shared_preferences_android:compileDebugShaders' as it has no source files and no previous output files.
[        ] Resolve mutations for :shared_preferences_android:generateDebugAssets (Thread[#40515,Execution worker Thread 28,5,main]) started.
[        ] :shared_preferences_android:generateDebugAssets (Thread[#40515,Execution worker Thread 28,5,main]) started.
[        ] > Task :shared_preferences_android:generateDebugAssets UP-TO-DATE
[        ] Skipping task ':shared_preferences_android:generateDebugAssets' as it has no actions.
[        ] Resolve mutations for :shared_preferences_android:mergeDebugAssets (Thread[#40515,Execution worker Thread 28,5,main]) started.
[        ] :shared_preferences_android:mergeDebugAssets (Thread[#40515,Execution worker Thread 28,5,main]) started.
[        ] > Task :shared_preferences_android:mergeDebugAssets UP-TO-DATE
[        ] Caching disabled for task ':shared_preferences_android:mergeDebugAssets' because:
[        ]   Build cache is disabled
[        ]   Simple merging task
[        ] Skipping task ':shared_preferences_android:mergeDebugAssets' as it is up-to-date.
[        ] work action resolve mergeDebugAssets (project :shared_preferences_android) (Thread[#40515,Execution worker Thread 28,5,main]) started.
[        ] Resolve mutations for :sqflite_android:mergeDebugShaders (Thread[#40515,Execution worker Thread 28,5,main]) started.
[        ] :sqflite_android:mergeDebugShaders (Thread[#40515,Execution worker Thread 28,5,main]) started.
[        ] > Task :sqflite_android:mergeDebugShaders UP-TO-DATE
[        ] Caching disabled for task ':sqflite_android:mergeDebugShaders' because:
[        ]   Build cache is disabled
[        ]   Simple merging task
[        ] Skipping task ':sqflite_android:mergeDebugShaders' as it is up-to-date.
[        ] Resolve mutations for :sqflite_android:compileDebugShaders (Thread[#40515,Execution worker Thread 28,5,main]) started.
[        ] :sqflite_android:compileDebugShaders (Thread[#40515,Execution worker Thread 28,5,main]) started.
[        ] > Task :sqflite_android:compileDebugShaders NO-SOURCE
[        ] Skipping task ':sqflite_android:compileDebugShaders' as it has no source files and no previous output files.
[        ] Resolve mutations for :sqflite_android:generateDebugAssets (Thread[#40515,Execution worker Thread 28,5,main]) started.
[        ] :sqflite_android:generateDebugAssets (Thread[#40515,Execution worker Thread 28,5,main]) started.
[        ] > Task :sqflite_android:generateDebugAssets UP-TO-DATE
[        ] Skipping task ':sqflite_android:generateDebugAssets' as it has no actions.
[        ] Resolve mutations for :sqflite_android:mergeDebugAssets (Thread[#40515,Execution worker Thread 28,5,main]) started.
[        ] :sqflite_android:mergeDebugAssets (Thread[#40515,Execution worker Thread 28,5,main]) started.
[        ] > Task :sqflite_android:mergeDebugAssets UP-TO-DATE
[        ] Caching disabled for task ':sqflite_android:mergeDebugAssets' because:
[        ]   Build cache is disabled
[        ]   Simple merging task
[        ] Skipping task ':sqflite_android:mergeDebugAssets' as it is up-to-date.
[        ] work action resolve mergeDebugAssets (project :sqflite_android) (Thread[#40515,Execution worker Thread 28,5,main]) started.
[        ] Resolve mutations for :url_launcher_android:mergeDebugShaders (Thread[#40515,Execution worker Thread 28,5,main]) started.
[        ] :url_launcher_android:mergeDebugShaders (Thread[#40515,Execution worker Thread 28,5,main]) started.
[        ] > Task :url_launcher_android:mergeDebugShaders UP-TO-DATE
[        ] Caching disabled for task ':url_launcher_android:mergeDebugShaders' because:
[        ]   Build cache is disabled
[        ]   Simple merging task
[        ] Skipping task ':url_launcher_android:mergeDebugShaders' as it is up-to-date.
[        ] Resolve mutations for :url_launcher_android:compileDebugShaders (Thread[#40515,Execution worker Thread 28,5,main]) started.
[        ] :url_launcher_android:compileDebugShaders (Thread[#40515,Execution worker Thread 28,5,main]) started.
[        ] > Task :url_launcher_android:compileDebugShaders NO-SOURCE
[        ] Skipping task ':url_launcher_android:compileDebugShaders' as it has no source files and no previous output files.
[        ] Resolve mutations for :url_launcher_android:generateDebugAssets (Thread[#40515,Execution worker Thread 28,5,main]) started.
[        ] :url_launcher_android:generateDebugAssets (Thread[#40515,Execution worker Thread 28,5,main]) started.
[        ] > Task :url_launcher_android:generateDebugAssets UP-TO-DATE
[        ] Skipping task ':url_launcher_android:generateDebugAssets' as it has no actions.
[        ] Resolve mutations for :url_launcher_android:mergeDebugAssets (Thread[#40515,Execution worker Thread 28,5,main]) started.
[        ] :url_launcher_android:mergeDebugAssets (Thread[#40515,Execution worker Thread 28,5,main]) started.
[        ] > Task :url_launcher_android:mergeDebugAssets UP-TO-DATE
[        ] Caching disabled for task ':url_launcher_android:mergeDebugAssets' because:
[        ]   Build cache is disabled
[        ]   Simple merging task
[        ] Skipping task ':url_launcher_android:mergeDebugAssets' as it is up-to-date.
[        ] work action resolve mergeDebugAssets (project :url_launcher_android) (Thread[#40515,Execution worker Thread 28,5,main]) started.
[        ] Resolve mutations for :video_player_android:mergeDebugShaders (Thread[#40515,Execution worker Thread 28,5,main]) started.
[        ] :video_player_android:mergeDebugShaders (Thread[#40515,Execution worker Thread 28,5,main]) started.
[        ] > Task :video_player_android:mergeDebugShaders UP-TO-DATE
[        ] Caching disabled for task ':video_player_android:mergeDebugShaders' because:
[        ]   Build cache is disabled
[        ]   Simple merging task
[        ] Skipping task ':video_player_android:mergeDebugShaders' as it is up-to-date.
[        ] Resolve mutations for :video_player_android:compileDebugShaders (Thread[#40515,Execution worker Thread 28,5,main]) started.
[        ] :video_player_android:compileDebugShaders (Thread[#40515,Execution worker Thread 28,5,main]) started.
[        ] > Task :video_player_android:compileDebugShaders NO-SOURCE
[        ] Skipping task ':video_player_android:compileDebugShaders' as it has no source files and no previous output files.
[        ] Resolve mutations for :video_player_android:generateDebugAssets (Thread[#40515,Execution worker Thread 28,5,main]) started.
[        ] :video_player_android:generateDebugAssets (Thread[#40515,Execution worker Thread 28,5,main]) started.
[        ] > Task :video_player_android:generateDebugAssets UP-TO-DATE
[        ] Skipping task ':video_player_android:generateDebugAssets' as it has no actions.
[        ] Resolve mutations for :video_player_android:mergeDebugAssets (Thread[#40515,Execution worker Thread 28,5,main]) started.
[        ] :video_player_android:mergeDebugAssets (Thread[#40515,Execution worker Thread 28,5,main]) started.
[        ] > Task :video_player_android:mergeDebugAssets UP-TO-DATE
[        ] Caching disabled for task ':video_player_android:mergeDebugAssets' because:
[        ]   Build cache is disabled
[        ]   Simple merging task
[        ] Skipping task ':video_player_android:mergeDebugAssets' as it is up-to-date.
[        ] work action resolve mergeDebugAssets (project :video_player_android) (Thread[#40515,Execution worker Thread 28,5,main]) started.
[        ] Resolve mutations for :app:mergeDebugAssets (Thread[#40515,Execution worker Thread 28,5,main]) started.
[        ] :app:mergeDebugAssets (Thread[#40515,Execution worker Thread 28,5,main]) started.
[        ] > Task :app:mergeDebugAssets
[        ] Caching disabled for task ':app:mergeDebugAssets' because:
[        ]   Build cache is disabled
[        ]   Simple merging task
[        ] Task ':app:mergeDebugAssets' is not up-to-date because:
[        ]   Output property 'outputDir' file /Users/florian/Code/substitution/build/app/intermediates/assets/debug/mergeDebugAssets has been removed.
[        ] The input changes require a full rebuild for incremental task ':app:mergeDebugAssets'.
[        ] Resolve mutations for :app:copyFlutterAssetsDebug (Thread[#40515,Execution worker Thread 28,5,main]) started.
[        ] :app:copyFlutterAssetsDebug (Thread[#40515,Execution worker Thread 28,5,main]) started.
06:59 +5 -16: loading /Users/florian/Code/substitution/integration_test/onboarding_flow_test.dart                                                                                                      [ +198 ms] > Task :app:copyFlutterAssetsDebug
[        ] Caching disabled for task ':app:copyFlutterAssetsDebug' because:
[        ]   Build cache is disabled
[        ]   Not worth caching
[        ] Task ':app:copyFlutterAssetsDebug' is not up-to-date because:
[        ]   Output property 'destinationDir' file /Users/florian/Code/substitution/build/app/intermediates/assets/debug/mergeDebugAssets/flutter_assets has been removed.
[        ]   Output property 'destinationDir' file /Users/florian/Code/substitution/build/app/intermediates/assets/debug/mergeDebugAssets/flutter_assets/AssetManifest.bin has been removed.
[        ]   Output property 'destinationDir' file /Users/florian/Code/substitution/build/app/intermediates/assets/debug/mergeDebugAssets/flutter_assets/FontManifest.json has been removed.
[        ]   and more...
[        ] Resolve mutations for :app:generateDebugResValues (Thread[#40515,Execution worker Thread 28,5,main]) started.
[        ] :app:generateDebugResValues (Thread[#40489,Execution worker Thread 3,5,main]) started.
[        ] > Task :app:generateDebugResValues UP-TO-DATE
[        ] Caching disabled for task ':app:generateDebugResValues' because:
[        ]   Build cache is disabled
[        ] Skipping task ':app:generateDebugResValues' as it is up-to-date.
[        ] Resolve mutations for :connectivity_plus:generateDebugResValues (Thread[#40489,Execution worker Thread 3,5,main]) started.
[        ] :connectivity_plus:generateDebugResValues (Thread[#40489,Execution worker Thread 3,5,main]) started.
[        ] > Task :connectivity_plus:generateDebugResValues UP-TO-DATE
[        ] Caching disabled for task ':connectivity_plus:generateDebugResValues' because:
[        ]   Build cache is disabled
[        ] Skipping task ':connectivity_plus:generateDebugResValues' as it is up-to-date.
[        ] Resolve mutations for :connectivity_plus:generateDebugResources (Thread[#40489,Execution worker Thread 3,5,main]) started.
[        ] :connectivity_plus:generateDebugResources (Thread[#40498,Execution worker Thread 11,5,main]) started.
[        ] > Task :connectivity_plus:generateDebugResources UP-TO-DATE
[        ] Caching disabled for task ':connectivity_plus:generateDebugResources' because:
[        ]   Build cache is disabled
[        ] Skipping task ':connectivity_plus:generateDebugResources' as it is up-to-date.
[        ] Resolve mutations for :connectivity_plus:packageDebugResources (Thread[#40498,Execution worker Thread 11,5,main]) started.
[        ] :connectivity_plus:packageDebugResources (Thread[#40500,Execution worker Thread 13,5,main]) started.
[        ] > Task :connectivity_plus:packageDebugResources UP-TO-DATE
[        ] Caching disabled for task ':connectivity_plus:packageDebugResources' because:
[        ]   Build cache is disabled
[        ] Skipping task ':connectivity_plus:packageDebugResources' as it is up-to-date.
[        ] work action resolve packageDebugResources (project :connectivity_plus) (Thread[#40500,Execution worker Thread 13,5,main]) started.
[        ] Resolve mutations for :emoji_picker_flutter:generateDebugResValues (Thread[#40500,Execution worker Thread 13,5,main]) started.
[        ] :emoji_picker_flutter:generateDebugResValues (Thread[#40500,Execution worker Thread 13,5,main]) started.
[        ] > Task :emoji_picker_flutter:generateDebugResValues UP-TO-DATE
[        ] Caching disabled for task ':emoji_picker_flutter:generateDebugResValues' because:
[        ]   Build cache is disabled
[        ] Skipping task ':emoji_picker_flutter:generateDebugResValues' as it is up-to-date.
[        ] Resolve mutations for :emoji_picker_flutter:generateDebugResources (Thread[#40500,Execution worker Thread 13,5,main]) started.
[        ] :emoji_picker_flutter:generateDebugResources (Thread[#40500,Execution worker Thread 13,5,main]) started.
[        ] > Task :emoji_picker_flutter:generateDebugResources UP-TO-DATE
[        ] Caching disabled for task ':emoji_picker_flutter:generateDebugResources' because:
[        ]   Build cache is disabled
[        ] Skipping task ':emoji_picker_flutter:generateDebugResources' as it is up-to-date.
[        ] Resolve mutations for :emoji_picker_flutter:packageDebugResources (Thread[#40500,Execution worker Thread 13,5,main]) started.
[        ] :emoji_picker_flutter:packageDebugResources (Thread[#40487,Execution worker,5,main]) started.
[        ] > Task :emoji_picker_flutter:packageDebugResources UP-TO-DATE
[        ] Caching disabled for task ':emoji_picker_flutter:packageDebugResources' because:
[        ]   Build cache is disabled
[        ] Skipping task ':emoji_picker_flutter:packageDebugResources' as it is up-to-date.
[        ] work action resolve packageDebugResources (project :emoji_picker_flutter) (Thread[#40487,Execution worker,5,main]) started.
[        ] Resolve mutations for :file_selector_android:generateDebugResValues (Thread[#40487,Execution worker,5,main]) started.
[        ] :file_selector_android:generateDebugResValues (Thread[#40487,Execution worker,5,main]) started.
[        ] > Task :file_selector_android:generateDebugResValues UP-TO-DATE
[        ] Caching disabled for task ':file_selector_android:generateDebugResValues' because:
[        ]   Build cache is disabled
[        ] Skipping task ':file_selector_android:generateDebugResValues' as it is up-to-date.
[        ] Resolve mutations for :file_selector_android:generateDebugResources (Thread[#40487,Execution worker,5,main]) started.
[        ] :file_selector_android:generateDebugResources (Thread[#40487,Execution worker,5,main]) started.
[        ] > Task :file_selector_android:generateDebugResources UP-TO-DATE
[        ] Caching disabled for task ':file_selector_android:generateDebugResources' because:
[        ]   Build cache is disabled
[        ] Skipping task ':file_selector_android:generateDebugResources' as it is up-to-date.
[        ] Resolve mutations for :file_selector_android:packageDebugResources (Thread[#40487,Execution worker,5,main]) started.
[        ] :file_selector_android:packageDebugResources (Thread[#40487,Execution worker,5,main]) started.
[        ] > Task :file_selector_android:packageDebugResources UP-TO-DATE
[        ] Caching disabled for task ':file_selector_android:packageDebugResources' because:
[        ]   Build cache is disabled
[        ] Skipping task ':file_selector_android:packageDebugResources' as it is up-to-date.
[        ] work action resolve packageDebugResources (project :file_selector_android) (Thread[#40487,Execution worker,5,main]) started.
[        ] Resolve mutations for :flutter_keyboard_visibility_temp_fork:generateDebugResValues (Thread[#40487,Execution worker,5,main]) started.
[        ] :flutter_keyboard_visibility_temp_fork:generateDebugResValues (Thread[#40511,Execution worker Thread 24,5,main]) started.
[        ] > Task :flutter_keyboard_visibility_temp_fork:generateDebugResValues UP-TO-DATE
[        ] Caching disabled for task ':flutter_keyboard_visibility_temp_fork:generateDebugResValues' because:
[        ]   Build cache is disabled
[        ] Skipping task ':flutter_keyboard_visibility_temp_fork:generateDebugResValues' as it is up-to-date.
[        ] Resolve mutations for :flutter_keyboard_visibility_temp_fork:generateDebugResources (Thread[#40511,Execution worker Thread 24,5,main]) started.
[        ] :flutter_keyboard_visibility_temp_fork:generateDebugResources (Thread[#40511,Execution worker Thread 24,5,main]) started.
[        ] > Task :flutter_keyboard_visibility_temp_fork:generateDebugResources UP-TO-DATE
[        ] Caching disabled for task ':flutter_keyboard_visibility_temp_fork:generateDebugResources' because:
[        ]   Build cache is disabled
[        ] Skipping task ':flutter_keyboard_visibility_temp_fork:generateDebugResources' as it is up-to-date.
[        ] Resolve mutations for :flutter_keyboard_visibility_temp_fork:packageDebugResources (Thread[#40511,Execution worker Thread 24,5,main]) started.
[        ] :flutter_keyboard_visibility_temp_fork:packageDebugResources (Thread[#40511,Execution worker Thread 24,5,main]) started.
[        ] > Task :flutter_keyboard_visibility_temp_fork:packageDebugResources UP-TO-DATE
[        ] Caching disabled for task ':flutter_keyboard_visibility_temp_fork:packageDebugResources' because:
[        ]   Build cache is disabled
[        ] Skipping task ':flutter_keyboard_visibility_temp_fork:packageDebugResources' as it is up-to-date.
[        ] work action resolve packageDebugResources (project :flutter_keyboard_visibility_temp_fork) (Thread[#40511,Execution worker Thread 24,5,main]) started.
[        ] Resolve mutations for :flutter_native_splash:generateDebugResValues (Thread[#40511,Execution worker Thread 24,5,main]) started.
[        ] :flutter_native_splash:generateDebugResValues (Thread[#40511,Execution worker Thread 24,5,main]) started.
[        ] > Task :flutter_native_splash:generateDebugResValues UP-TO-DATE
[        ] Caching disabled for task ':flutter_native_splash:generateDebugResValues' because:
[        ]   Build cache is disabled
[        ] Skipping task ':flutter_native_splash:generateDebugResValues' as it is up-to-date.
[        ] Resolve mutations for :flutter_native_splash:generateDebugResources (Thread[#40511,Execution worker Thread 24,5,main]) started.
[        ] :flutter_native_splash:generateDebugResources (Thread[#40511,Execution worker Thread 24,5,main]) started.
[        ] > Task :flutter_native_splash:generateDebugResources UP-TO-DATE
[        ] Caching disabled for task ':flutter_native_splash:generateDebugResources' because:
[        ]   Build cache is disabled
[        ] Skipping task ':flutter_native_splash:generateDebugResources' as it is up-to-date.
[        ] Resolve mutations for :flutter_native_splash:packageDebugResources (Thread[#40511,Execution worker Thread 24,5,main]) started.
[        ] :flutter_native_splash:packageDebugResources (Thread[#40511,Execution worker Thread 24,5,main]) started.
[        ] > Task :flutter_native_splash:packageDebugResources UP-TO-DATE
[        ] Caching disabled for task ':flutter_native_splash:packageDebugResources' because:
[        ]   Build cache is disabled
[        ] Skipping task ':flutter_native_splash:packageDebugResources' as it is up-to-date.
[        ] work action resolve packageDebugResources (project :flutter_native_splash) (Thread[#40511,Execution worker Thread 24,5,main]) started.
[        ] Resolve mutations for :flutter_olm:generateDebugResValues (Thread[#40511,Execution worker Thread 24,5,main]) started.
[        ] :flutter_olm:generateDebugResValues (Thread[#40511,Execution worker Thread 24,5,main]) started.
[        ] > Task :flutter_olm:generateDebugResValues UP-TO-DATE
[        ] Caching disabled for task ':flutter_olm:generateDebugResValues' because:
[        ]   Build cache is disabled
[        ] Skipping task ':flutter_olm:generateDebugResValues' as it is up-to-date.
[        ] Resolve mutations for :flutter_olm:generateDebugResources (Thread[#40511,Execution worker Thread 24,5,main]) started.
[        ] :flutter_olm:generateDebugResources (Thread[#40511,Execution worker Thread 24,5,main]) started.
[        ] > Task :flutter_olm:generateDebugResources UP-TO-DATE
[        ] Caching disabled for task ':flutter_olm:generateDebugResources' because:
[        ]   Build cache is disabled
[        ] Skipping task ':flutter_olm:generateDebugResources' as it is up-to-date.
[        ] Resolve mutations for :flutter_olm:packageDebugResources (Thread[#40511,Execution worker Thread 24,5,main]) started.
[        ] :flutter_olm:packageDebugResources (Thread[#40511,Execution worker Thread 24,5,main]) started.
[        ] > Task :flutter_olm:packageDebugResources UP-TO-DATE
[        ] Caching disabled for task ':flutter_olm:packageDebugResources' because:
[        ]   Build cache is disabled
[        ] Skipping task ':flutter_olm:packageDebugResources' as it is up-to-date.
[        ] work action resolve packageDebugResources (project :flutter_olm) (Thread[#40511,Execution worker Thread 24,5,main]) started.
[        ] Resolve mutations for :flutter_openssl_crypto:generateDebugResValues (Thread[#40511,Execution worker Thread 24,5,main]) started.
[        ] :flutter_openssl_crypto:generateDebugResValues (Thread[#40511,Execution worker Thread 24,5,main]) started.
[        ] > Task :flutter_openssl_crypto:generateDebugResValues UP-TO-DATE
[        ] Caching disabled for task ':flutter_openssl_crypto:generateDebugResValues' because:
[        ]   Build cache is disabled
[        ] Skipping task ':flutter_openssl_crypto:generateDebugResValues' as it is up-to-date.
[        ] Resolve mutations for :flutter_openssl_crypto:generateDebugResources (Thread[#40511,Execution worker Thread 24,5,main]) started.
[        ] :flutter_openssl_crypto:generateDebugResources (Thread[#40511,Execution worker Thread 24,5,main]) started.
[        ] > Task :flutter_openssl_crypto:generateDebugResources UP-TO-DATE
[        ] Caching disabled for task ':flutter_openssl_crypto:generateDebugResources' because:
[        ]   Build cache is disabled
[        ] Skipping task ':flutter_openssl_crypto:generateDebugResources' as it is up-to-date.
[        ] Resolve mutations for :flutter_openssl_crypto:packageDebugResources (Thread[#40511,Execution worker Thread 24,5,main]) started.
[        ] :flutter_openssl_crypto:packageDebugResources (Thread[#40511,Execution worker Thread 24,5,main]) started.
[        ] > Task :flutter_openssl_crypto:packageDebugResources UP-TO-DATE
[        ] Caching disabled for task ':flutter_openssl_crypto:packageDebugResources' because:
[        ]   Build cache is disabled
[        ] Skipping task ':flutter_openssl_crypto:packageDebugResources' as it is up-to-date.
[        ] work action resolve packageDebugResources (project :flutter_openssl_crypto) (Thread[#40511,Execution worker Thread 24,5,main]) started.
[        ] Resolve mutations for :integration_test:generateDebugResValues (Thread[#40511,Execution worker Thread 24,5,main]) started.
[        ] :integration_test:generateDebugResValues (Thread[#40511,Execution worker Thread 24,5,main]) started.
[        ] > Task :integration_test:generateDebugResValues UP-TO-DATE
[        ] Caching disabled for task ':integration_test:generateDebugResValues' because:
[        ]   Build cache is disabled
[        ] Skipping task ':integration_test:generateDebugResValues' as it is up-to-date.
[        ] Resolve mutations for :integration_test:generateDebugResources (Thread[#40511,Execution worker Thread 24,5,main]) started.
[        ] :integration_test:generateDebugResources (Thread[#40511,Execution worker Thread 24,5,main]) started.
[        ] > Task :integration_test:generateDebugResources UP-TO-DATE
[        ] Caching disabled for task ':integration_test:generateDebugResources' because:
[        ]   Build cache is disabled
[        ] Skipping task ':integration_test:generateDebugResources' as it is up-to-date.
[        ] Resolve mutations for :integration_test:packageDebugResources (Thread[#40511,Execution worker Thread 24,5,main]) started.
[        ] :integration_test:packageDebugResources (Thread[#40511,Execution worker Thread 24,5,main]) started.
[        ] > Task :integration_test:packageDebugResources UP-TO-DATE
[        ] Caching disabled for task ':integration_test:packageDebugResources' because:
[        ]   Build cache is disabled
[        ] Skipping task ':integration_test:packageDebugResources' as it is up-to-date.
[        ] work action resolve packageDebugResources (project :integration_test) (Thread[#40511,Execution worker Thread 24,5,main]) started.
[        ] Resolve mutations for :path_provider_android:generateDebugResValues (Thread[#40511,Execution worker Thread 24,5,main]) started.
[        ] :path_provider_android:generateDebugResValues (Thread[#40511,Execution worker Thread 24,5,main]) started.
[        ] > Task :path_provider_android:generateDebugResValues UP-TO-DATE
[        ] Caching disabled for task ':path_provider_android:generateDebugResValues' because:
[        ]   Build cache is disabled
[        ] Skipping task ':path_provider_android:generateDebugResValues' as it is up-to-date.
[        ] Resolve mutations for :path_provider_android:generateDebugResources (Thread[#40511,Execution worker Thread 24,5,main]) started.
[        ] :path_provider_android:generateDebugResources (Thread[#40511,Execution worker Thread 24,5,main]) started.
[        ] > Task :path_provider_android:generateDebugResources UP-TO-DATE
[        ] Caching disabled for task ':path_provider_android:generateDebugResources' because:
[        ]   Build cache is disabled
[        ] Skipping task ':path_provider_android:generateDebugResources' as it is up-to-date.
[        ] Resolve mutations for :path_provider_android:packageDebugResources (Thread[#40511,Execution worker Thread 24,5,main]) started.
[        ] :path_provider_android:packageDebugResources (Thread[#40511,Execution worker Thread 24,5,main]) started.
[        ] > Task :path_provider_android:packageDebugResources UP-TO-DATE
[        ] Caching disabled for task ':path_provider_android:packageDebugResources' because:
[        ]   Build cache is disabled
[        ] Skipping task ':path_provider_android:packageDebugResources' as it is up-to-date.
[        ] work action resolve packageDebugResources (project :path_provider_android) (Thread[#40511,Execution worker Thread 24,5,main]) started.
[        ] Resolve mutations for :quill_native_bridge_android:generateDebugResValues (Thread[#40511,Execution worker Thread 24,5,main]) started.
[        ] :quill_native_bridge_android:generateDebugResValues (Thread[#40511,Execution worker Thread 24,5,main]) started.
[        ] > Task :quill_native_bridge_android:generateDebugResValues UP-TO-DATE
[        ] Caching disabled for task ':quill_native_bridge_android:generateDebugResValues' because:
[        ]   Build cache is disabled
[        ] Skipping task ':quill_native_bridge_android:generateDebugResValues' as it is up-to-date.
[        ] Resolve mutations for :quill_native_bridge_android:generateDebugResources (Thread[#40511,Execution worker Thread 24,5,main]) started.
[        ] :quill_native_bridge_android:generateDebugResources (Thread[#40511,Execution worker Thread 24,5,main]) started.
[        ] > Task :quill_native_bridge_android:generateDebugResources UP-TO-DATE
[        ] Caching disabled for task ':quill_native_bridge_android:generateDebugResources' because:
[        ]   Build cache is disabled
[        ] Skipping task ':quill_native_bridge_android:generateDebugResources' as it is up-to-date.
[        ] Resolve mutations for :quill_native_bridge_android:packageDebugResources (Thread[#40511,Execution worker Thread 24,5,main]) started.
[        ] :quill_native_bridge_android:packageDebugResources (Thread[#40511,Execution worker Thread 24,5,main]) started.
[        ] > Task :quill_native_bridge_android:packageDebugResources UP-TO-DATE
[        ] Caching disabled for task ':quill_native_bridge_android:packageDebugResources' because:
[        ]   Build cache is disabled
[        ] Skipping task ':quill_native_bridge_android:packageDebugResources' as it is up-to-date.
[        ] work action resolve packageDebugResources (project :quill_native_bridge_android) (Thread[#40511,Execution worker Thread 24,5,main]) started.
[        ] Resolve mutations for :shared_preferences_android:generateDebugResValues (Thread[#40511,Execution worker Thread 24,5,main]) started.
[        ] :shared_preferences_android:generateDebugResValues (Thread[#40511,Execution worker Thread 24,5,main]) started.
[        ] > Task :shared_preferences_android:generateDebugResValues UP-TO-DATE
[        ] Caching disabled for task ':shared_preferences_android:generateDebugResValues' because:
[        ]   Build cache is disabled
[        ] Skipping task ':shared_preferences_android:generateDebugResValues' as it is up-to-date.
[        ] Resolve mutations for :shared_preferences_android:generateDebugResources (Thread[#40511,Execution worker Thread 24,5,main]) started.
[        ] :shared_preferences_android:generateDebugResources (Thread[#40511,Execution worker Thread 24,5,main]) started.
[        ] > Task :shared_preferences_android:generateDebugResources UP-TO-DATE
[        ] Caching disabled for task ':shared_preferences_android:generateDebugResources' because:
[        ]   Build cache is disabled
[        ] Skipping task ':shared_preferences_android:generateDebugResources' as it is up-to-date.
[        ] Resolve mutations for :shared_preferences_android:packageDebugResources (Thread[#40511,Execution worker Thread 24,5,main]) started.
[        ] :shared_preferences_android:packageDebugResources (Thread[#40511,Execution worker Thread 24,5,main]) started.
[        ] > Task :shared_preferences_android:packageDebugResources UP-TO-DATE
[        ] Caching disabled for task ':shared_preferences_android:packageDebugResources' because:
[        ]   Build cache is disabled
[        ] Skipping task ':shared_preferences_android:packageDebugResources' as it is up-to-date.
[        ] work action resolve packageDebugResources (project :shared_preferences_android) (Thread[#40511,Execution worker Thread 24,5,main]) started.
[        ] Resolve mutations for :sqflite_android:generateDebugResValues (Thread[#40511,Execution worker Thread 24,5,main]) started.
[        ] :sqflite_android:generateDebugResValues (Thread[#40511,Execution worker Thread 24,5,main]) started.
[        ] > Task :sqflite_android:generateDebugResValues UP-TO-DATE
[        ] Caching disabled for task ':sqflite_android:generateDebugResValues' because:
[        ]   Build cache is disabled
[        ] Skipping task ':sqflite_android:generateDebugResValues' as it is up-to-date.
[        ] Resolve mutations for :sqflite_android:generateDebugResources (Thread[#40511,Execution worker Thread 24,5,main]) started.
[        ] :sqflite_android:generateDebugResources (Thread[#40511,Execution worker Thread 24,5,main]) started.
[        ] > Task :sqflite_android:generateDebugResources UP-TO-DATE
[        ] Caching disabled for task ':sqflite_android:generateDebugResources' because:
[        ]   Build cache is disabled
[        ] Skipping task ':sqflite_android:generateDebugResources' as it is up-to-date.
[        ] Resolve mutations for :sqflite_android:packageDebugResources (Thread[#40511,Execution worker Thread 24,5,main]) started.
[        ] :sqflite_android:packageDebugResources (Thread[#40511,Execution worker Thread 24,5,main]) started.
[        ] > Task :sqflite_android:packageDebugResources UP-TO-DATE
[        ] Caching disabled for task ':sqflite_android:packageDebugResources' because:
[        ]   Build cache is disabled
[        ] Skipping task ':sqflite_android:packageDebugResources' as it is up-to-date.
[        ] work action resolve packageDebugResources (project :sqflite_android) (Thread[#40511,Execution worker Thread 24,5,main]) started.
[        ] Resolve mutations for :url_launcher_android:generateDebugResValues (Thread[#40511,Execution worker Thread 24,5,main]) started.
[        ] :url_launcher_android:generateDebugResValues (Thread[#40511,Execution worker Thread 24,5,main]) started.
[        ] > Task :url_launcher_android:generateDebugResValues UP-TO-DATE
[        ] Caching disabled for task ':url_launcher_android:generateDebugResValues' because:
[        ]   Build cache is disabled
[        ] Skipping task ':url_launcher_android:generateDebugResValues' as it is up-to-date.
[        ] Resolve mutations for :url_launcher_android:generateDebugResources (Thread[#40511,Execution worker Thread 24,5,main]) started.
[        ] :url_launcher_android:generateDebugResources (Thread[#40511,Execution worker Thread 24,5,main]) started.
[        ] > Task :url_launcher_android:generateDebugResources UP-TO-DATE
[        ] Caching disabled for task ':url_launcher_android:generateDebugResources' because:
[        ]   Build cache is disabled
[        ] Skipping task ':url_launcher_android:generateDebugResources' as it is up-to-date.
[        ] Resolve mutations for :url_launcher_android:packageDebugResources (Thread[#40511,Execution worker Thread 24,5,main]) started.
[        ] :url_launcher_android:packageDebugResources (Thread[#40511,Execution worker Thread 24,5,main]) started.
[        ] > Task :url_launcher_android:packageDebugResources UP-TO-DATE
[        ] Caching disabled for task ':url_launcher_android:packageDebugResources' because:
[        ]   Build cache is disabled
[        ] Skipping task ':url_launcher_android:packageDebugResources' as it is up-to-date.
[        ] work action resolve packageDebugResources (project :url_launcher_android) (Thread[#40511,Execution worker Thread 24,5,main]) started.
[        ] Resolve mutations for :video_player_android:generateDebugResValues (Thread[#40511,Execution worker Thread 24,5,main]) started.
[        ] :video_player_android:generateDebugResValues (Thread[#40511,Execution worker Thread 24,5,main]) started.
[        ] > Task :video_player_android:generateDebugResValues UP-TO-DATE
[        ] Caching disabled for task ':video_player_android:generateDebugResValues' because:
[        ]   Build cache is disabled
[        ] Skipping task ':video_player_android:generateDebugResValues' as it is up-to-date.
[        ] Resolve mutations for :video_player_android:generateDebugResources (Thread[#40511,Execution worker Thread 24,5,main]) started.
[        ] :video_player_android:generateDebugResources (Thread[#40511,Execution worker Thread 24,5,main]) started.
[        ] > Task :video_player_android:generateDebugResources UP-TO-DATE
[        ] Caching disabled for task ':video_player_android:generateDebugResources' because:
[        ]   Build cache is disabled
[        ] Skipping task ':video_player_android:generateDebugResources' as it is up-to-date.
[        ] Resolve mutations for :video_player_android:packageDebugResources (Thread[#40511,Execution worker Thread 24,5,main]) started.
[        ] :video_player_android:packageDebugResources (Thread[#40511,Execution worker Thread 24,5,main]) started.
[        ] > Task :video_player_android:packageDebugResources UP-TO-DATE
[        ] Caching disabled for task ':video_player_android:packageDebugResources' because:
[        ]   Build cache is disabled
[        ] Skipping task ':video_player_android:packageDebugResources' as it is up-to-date.
[        ] work action resolve packageDebugResources (project :video_player_android) (Thread[#40511,Execution worker Thread 24,5,main]) started.
[        ] Resolve mutations for :app:mapDebugSourceSetPaths (Thread[#40511,Execution worker Thread 24,5,main]) started.
[        ] :app:mapDebugSourceSetPaths (Thread[#40511,Execution worker Thread 24,5,main]) started.
[        ] > Task :app:mapDebugSourceSetPaths UP-TO-DATE
[        ] Caching disabled for task ':app:mapDebugSourceSetPaths' because:
[        ]   Build cache is disabled
[        ]   Caching has been disabled for the task
[        ] Skipping task ':app:mapDebugSourceSetPaths' as it is up-to-date.
[        ] Resolve mutations for :app:generateDebugResources (Thread[#40511,Execution worker Thread 24,5,main]) started.
[        ] :app:generateDebugResources (Thread[#40511,Execution worker Thread 24,5,main]) started.
[        ] > Task :app:generateDebugResources UP-TO-DATE
[        ] Caching disabled for task ':app:generateDebugResources' because:
[        ]   Build cache is disabled
[        ] Skipping task ':app:generateDebugResources' as it is up-to-date.
[        ] Resolve mutations for :app:mergeDebugResources (Thread[#40511,Execution worker Thread 24,5,main]) started.
[        ] :app:mergeDebugResources (Thread[#40511,Execution worker Thread 24,5,main]) started.
[        ] > Task :app:mergeDebugResources UP-TO-DATE
[        ] Caching disabled for task ':app:mergeDebugResources' because:
[        ]   Build cache is disabled
[        ] Skipping task ':app:mergeDebugResources' as it is up-to-date.
[        ] Resolve mutations for :app:packageDebugResources (Thread[#40511,Execution worker Thread 24,5,main]) started.
[        ] :app:packageDebugResources (Thread[#40511,Execution worker Thread 24,5,main]) started.
[        ] > Task :app:packageDebugResources UP-TO-DATE
[        ] Caching disabled for task ':app:packageDebugResources' because:
[        ]   Build cache is disabled
[        ] Skipping task ':app:packageDebugResources' as it is up-to-date.
[        ] Resolve mutations for :app:parseDebugLocalResources (Thread[#40511,Execution worker Thread 24,5,main]) started.
[        ] :app:parseDebugLocalResources (Thread[#40511,Execution worker Thread 24,5,main]) started.
[        ] > Task :app:parseDebugLocalResources UP-TO-DATE
[        ] Caching disabled for task ':app:parseDebugLocalResources' because:
[        ]   Build cache is disabled
[        ] Skipping task ':app:parseDebugLocalResources' as it is up-to-date.
[        ] Resolve mutations for :app:createDebugCompatibleScreenManifests (Thread[#40511,Execution worker Thread 24,5,main]) started.
[        ] :app:createDebugCompatibleScreenManifests (Thread[#40511,Execution worker Thread 24,5,main]) started.
[        ] > Task :app:createDebugCompatibleScreenManifests UP-TO-DATE
[        ] Caching disabled for task ':app:createDebugCompatibleScreenManifests' because:
[        ]   Build cache is disabled
[        ]   Caching has been disabled for the task
[        ] Skipping task ':app:createDebugCompatibleScreenManifests' as it is up-to-date.
[        ] Resolve mutations for :app:extractDeepLinksDebug (Thread[#40511,Execution worker Thread 24,5,main]) started.
[        ] :app:extractDeepLinksDebug (Thread[#40511,Execution worker Thread 24,5,main]) started.
[        ] > Task :app:extractDeepLinksDebug UP-TO-DATE
[        ] Caching disabled for task ':app:extractDeepLinksDebug' because:
[        ]   Build cache is disabled
[        ] Skipping task ':app:extractDeepLinksDebug' as it is up-to-date.
[        ] Resolve mutations for :connectivity_plus:extractDeepLinksDebug (Thread[#40511,Execution worker Thread 24,5,main]) started.
[        ] :connectivity_plus:extractDeepLinksDebug (Thread[#40511,Execution worker Thread 24,5,main]) started.
[        ] > Task :connectivity_plus:extractDeepLinksDebug UP-TO-DATE
[        ] Caching disabled for task ':connectivity_plus:extractDeepLinksDebug' because:
[        ]   Build cache is disabled
[        ] Skipping task ':connectivity_plus:extractDeepLinksDebug' as it is up-to-date.
[        ] work action resolve navigation.json (project :connectivity_plus) (Thread[#40511,Execution worker Thread 24,5,main]) started.
[        ] Resolve mutations for :connectivity_plus:processDebugManifest (Thread[#40511,Execution worker Thread 24,5,main]) started.
[        ] :connectivity_plus:processDebugManifest (Thread[#40511,Execution worker Thread 24,5,main]) started.
[        ] > Task :connectivity_plus:processDebugManifest UP-TO-DATE
[        ] Caching disabled for task ':connectivity_plus:processDebugManifest' because:
[        ]   Build cache is disabled
[        ] Skipping task ':connectivity_plus:processDebugManifest' as it is up-to-date.
[        ] work action resolve AndroidManifest.xml (project :connectivity_plus) (Thread[#40511,Execution worker Thread 24,5,main]) started.
[        ] Resolve mutations for :emoji_picker_flutter:extractDeepLinksDebug (Thread[#40511,Execution worker Thread 24,5,main]) started.
[        ] :emoji_picker_flutter:extractDeepLinksDebug (Thread[#40511,Execution worker Thread 24,5,main]) started.
[        ] > Task :emoji_picker_flutter:extractDeepLinksDebug UP-TO-DATE
[        ] Caching disabled for task ':emoji_picker_flutter:extractDeepLinksDebug' because:
[        ]   Build cache is disabled
[        ] Skipping task ':emoji_picker_flutter:extractDeepLinksDebug' as it is up-to-date.
[        ] work action resolve navigation.json (project :emoji_picker_flutter) (Thread[#40511,Execution worker Thread 24,5,main]) started.
[        ] Resolve mutations for :emoji_picker_flutter:processDebugManifest (Thread[#40511,Execution worker Thread 24,5,main]) started.
[        ] :emoji_picker_flutter:processDebugManifest (Thread[#40511,Execution worker Thread 24,5,main]) started.
[        ] > Task :emoji_picker_flutter:processDebugManifest UP-TO-DATE
[        ] Caching disabled for task ':emoji_picker_flutter:processDebugManifest' because:
[        ]   Build cache is disabled
[        ] Skipping task ':emoji_picker_flutter:processDebugManifest' as it is up-to-date.
[        ] work action resolve AndroidManifest.xml (project :emoji_picker_flutter) (Thread[#40511,Execution worker Thread 24,5,main]) started.
[        ] Resolve mutations for :file_selector_android:extractDeepLinksDebug (Thread[#40511,Execution worker Thread 24,5,main]) started.
[        ] :file_selector_android:extractDeepLinksDebug (Thread[#40488,Execution worker Thread 2,5,main]) started.
[        ] > Task :file_selector_android:extractDeepLinksDebug UP-TO-DATE
[        ] Caching disabled for task ':file_selector_android:extractDeepLinksDebug' because:
[        ]   Build cache is disabled
[        ] Skipping task ':file_selector_android:extractDeepLinksDebug' as it is up-to-date.
[        ] work action resolve navigation.json (project :file_selector_android) (Thread[#40488,Execution worker Thread 2,5,main]) started.
[        ] Resolve mutations for :file_selector_android:processDebugManifest (Thread[#40488,Execution worker Thread 2,5,main]) started.
[        ] :file_selector_android:processDebugManifest (Thread[#40488,Execution worker Thread 2,5,main]) started.
[        ] > Task :file_selector_android:processDebugManifest UP-TO-DATE
[        ] Caching disabled for task ':file_selector_android:processDebugManifest' because:
[        ]   Build cache is disabled
[        ] Skipping task ':file_selector_android:processDebugManifest' as it is up-to-date.
[        ] work action resolve AndroidManifest.xml (project :file_selector_android) (Thread[#40488,Execution worker Thread 2,5,main]) started.
[        ] Resolve mutations for :flutter_keyboard_visibility_temp_fork:extractDeepLinksDebug (Thread[#40488,Execution worker Thread 2,5,main]) started.
[        ] :flutter_keyboard_visibility_temp_fork:extractDeepLinksDebug (Thread[#40488,Execution worker Thread 2,5,main]) started.
[        ] > Task :flutter_keyboard_visibility_temp_fork:extractDeepLinksDebug UP-TO-DATE
[        ] Caching disabled for task ':flutter_keyboard_visibility_temp_fork:extractDeepLinksDebug' because:
[        ]   Build cache is disabled
[        ] Skipping task ':flutter_keyboard_visibility_temp_fork:extractDeepLinksDebug' as it is up-to-date.
[        ] work action resolve navigation.json (project :flutter_keyboard_visibility_temp_fork) (Thread[#40488,Execution worker Thread 2,5,main]) started.
[        ] Resolve mutations for :flutter_keyboard_visibility_temp_fork:processDebugManifest (Thread[#40488,Execution worker Thread 2,5,main]) started.
[        ] :flutter_keyboard_visibility_temp_fork:processDebugManifest (Thread[#40488,Execution worker Thread 2,5,main]) started.
[        ] > Task :flutter_keyboard_visibility_temp_fork:processDebugManifest UP-TO-DATE
[        ] Caching disabled for task ':flutter_keyboard_visibility_temp_fork:processDebugManifest' because:
[        ]   Build cache is disabled
[        ] Skipping task ':flutter_keyboard_visibility_temp_fork:processDebugManifest' as it is up-to-date.
[        ] work action resolve AndroidManifest.xml (project :flutter_keyboard_visibility_temp_fork) (Thread[#40488,Execution worker Thread 2,5,main]) started.
[        ] Resolve mutations for :flutter_native_splash:extractDeepLinksDebug (Thread[#40488,Execution worker Thread 2,5,main]) started.
[        ] :flutter_native_splash:extractDeepLinksDebug (Thread[#40488,Execution worker Thread 2,5,main]) started.
[        ] > Task :flutter_native_splash:extractDeepLinksDebug UP-TO-DATE
[        ] Caching disabled for task ':flutter_native_splash:extractDeepLinksDebug' because:
[        ]   Build cache is disabled
[        ] Skipping task ':flutter_native_splash:extractDeepLinksDebug' as it is up-to-date.
[        ] work action resolve navigation.json (project :flutter_native_splash) (Thread[#40488,Execution worker Thread 2,5,main]) started.
[        ] Resolve mutations for :flutter_native_splash:processDebugManifest (Thread[#40488,Execution worker Thread 2,5,main]) started.
[        ] :flutter_native_splash:processDebugManifest (Thread[#40488,Execution worker Thread 2,5,main]) started.
[        ] > Task :flutter_native_splash:processDebugManifest UP-TO-DATE
[        ] Caching disabled for task ':flutter_native_splash:processDebugManifest' because:
[        ]   Build cache is disabled
[        ] Skipping task ':flutter_native_splash:processDebugManifest' as it is up-to-date.
[        ] work action resolve AndroidManifest.xml (project :flutter_native_splash) (Thread[#40488,Execution worker Thread 2,5,main]) started.
[        ] Resolve mutations for :flutter_olm:extractDeepLinksDebug (Thread[#40488,Execution worker Thread 2,5,main]) started.
[        ] :flutter_olm:extractDeepLinksDebug (Thread[#40488,Execution worker Thread 2,5,main]) started.
[        ] > Task :flutter_olm:extractDeepLinksDebug UP-TO-DATE
[        ] Caching disabled for task ':flutter_olm:extractDeepLinksDebug' because:
[        ]   Build cache is disabled
[        ] Skipping task ':flutter_olm:extractDeepLinksDebug' as it is up-to-date.
[        ] work action resolve navigation.json (project :flutter_olm) (Thread[#40488,Execution worker Thread 2,5,main]) started.
[        ] Resolve mutations for :flutter_olm:processDebugManifest (Thread[#40488,Execution worker Thread 2,5,main]) started.
[        ] :flutter_olm:processDebugManifest (Thread[#40488,Execution worker Thread 2,5,main]) started.
[        ] > Task :flutter_olm:processDebugManifest UP-TO-DATE
[        ] Caching disabled for task ':flutter_olm:processDebugManifest' because:
[        ]   Build cache is disabled
[        ] Skipping task ':flutter_olm:processDebugManifest' as it is up-to-date.
[        ] work action resolve AndroidManifest.xml (project :flutter_olm) (Thread[#40488,Execution worker Thread 2,5,main]) started.
[        ] Resolve mutations for :flutter_openssl_crypto:extractDeepLinksDebug (Thread[#40488,Execution worker Thread 2,5,main]) started.
[        ] :flutter_openssl_crypto:extractDeepLinksDebug (Thread[#40488,Execution worker Thread 2,5,main]) started.
[        ] > Task :flutter_openssl_crypto:extractDeepLinksDebug UP-TO-DATE
[        ] Caching disabled for task ':flutter_openssl_crypto:extractDeepLinksDebug' because:
[        ]   Build cache is disabled
[        ] Skipping task ':flutter_openssl_crypto:extractDeepLinksDebug' as it is up-to-date.
[        ] work action resolve navigation.json (project :flutter_openssl_crypto) (Thread[#40488,Execution worker Thread 2,5,main]) started.
[        ] Resolve mutations for :flutter_openssl_crypto:processDebugManifest (Thread[#40488,Execution worker Thread 2,5,main]) started.
[        ] :flutter_openssl_crypto:processDebugManifest (Thread[#40488,Execution worker Thread 2,5,main]) started.
[        ] > Task :flutter_openssl_crypto:processDebugManifest UP-TO-DATE
[        ] Caching disabled for task ':flutter_openssl_crypto:processDebugManifest' because:
[        ]   Build cache is disabled
[        ] Skipping task ':flutter_openssl_crypto:processDebugManifest' as it is up-to-date.
[        ] work action resolve AndroidManifest.xml (project :flutter_openssl_crypto) (Thread[#40488,Execution worker Thread 2,5,main]) started.
[        ] Resolve mutations for :integration_test:extractDeepLinksDebug (Thread[#40488,Execution worker Thread 2,5,main]) started.
[        ] :integration_test:extractDeepLinksDebug (Thread[#40488,Execution worker Thread 2,5,main]) started.
[        ] > Task :integration_test:extractDeepLinksDebug UP-TO-DATE
[        ] Caching disabled for task ':integration_test:extractDeepLinksDebug' because:
[        ]   Build cache is disabled
[        ] Skipping task ':integration_test:extractDeepLinksDebug' as it is up-to-date.
[        ] work action resolve navigation.json (project :integration_test) (Thread[#40488,Execution worker Thread 2,5,main]) started.
[        ] Resolve mutations for :integration_test:processDebugManifest (Thread[#40488,Execution worker Thread 2,5,main]) started.
[        ] :integration_test:processDebugManifest (Thread[#40488,Execution worker Thread 2,5,main]) started.
[        ] > Task :integration_test:processDebugManifest UP-TO-DATE
[        ] Caching disabled for task ':integration_test:processDebugManifest' because:
[        ]   Build cache is disabled
[        ] Skipping task ':integration_test:processDebugManifest' as it is up-to-date.
[        ] work action resolve AndroidManifest.xml (project :integration_test) (Thread[#40488,Execution worker Thread 2,5,main]) started.
[        ] Resolve mutations for :path_provider_android:extractDeepLinksDebug (Thread[#40488,Execution worker Thread 2,5,main]) started.
[        ] :path_provider_android:extractDeepLinksDebug (Thread[#40488,Execution worker Thread 2,5,main]) started.
[        ] > Task :path_provider_android:extractDeepLinksDebug UP-TO-DATE
[        ] Caching disabled for task ':path_provider_android:extractDeepLinksDebug' because:
[        ]   Build cache is disabled
[        ] Skipping task ':path_provider_android:extractDeepLinksDebug' as it is up-to-date.
[        ] work action resolve navigation.json (project :path_provider_android) (Thread[#40488,Execution worker Thread 2,5,main]) started.
[        ] Resolve mutations for :path_provider_android:processDebugManifest (Thread[#40488,Execution worker Thread 2,5,main]) started.
[        ] :path_provider_android:processDebugManifest (Thread[#40488,Execution worker Thread 2,5,main]) started.
[        ] > Task :path_provider_android:processDebugManifest UP-TO-DATE
[        ] Caching disabled for task ':path_provider_android:processDebugManifest' because:
[        ]   Build cache is disabled
[        ] Skipping task ':path_provider_android:processDebugManifest' as it is up-to-date.
[        ] work action resolve AndroidManifest.xml (project :path_provider_android) (Thread[#40488,Execution worker Thread 2,5,main]) started.
[        ] Resolve mutations for :quill_native_bridge_android:extractDeepLinksDebug (Thread[#40488,Execution worker Thread 2,5,main]) started.
[        ] :quill_native_bridge_android:extractDeepLinksDebug (Thread[#40488,Execution worker Thread 2,5,main]) started.
[        ] > Task :quill_native_bridge_android:extractDeepLinksDebug UP-TO-DATE
[        ] Caching disabled for task ':quill_native_bridge_android:extractDeepLinksDebug' because:
[        ]   Build cache is disabled
[        ] Skipping task ':quill_native_bridge_android:extractDeepLinksDebug' as it is up-to-date.
[        ] work action resolve navigation.json (project :quill_native_bridge_android) (Thread[#40488,Execution worker Thread 2,5,main]) started.
[        ] Resolve mutations for :quill_native_bridge_android:processDebugManifest (Thread[#40488,Execution worker Thread 2,5,main]) started.
[        ] :quill_native_bridge_android:processDebugManifest (Thread[#40488,Execution worker Thread 2,5,main]) started.
[        ] > Task :quill_native_bridge_android:processDebugManifest UP-TO-DATE
[        ] Caching disabled for task ':quill_native_bridge_android:processDebugManifest' because:
[        ]   Build cache is disabled
[        ] Skipping task ':quill_native_bridge_android:processDebugManifest' as it is up-to-date.
[        ] work action resolve AndroidManifest.xml (project :quill_native_bridge_android) (Thread[#40488,Execution worker Thread 2,5,main]) started.
[        ] Resolve mutations for :shared_preferences_android:extractDeepLinksDebug (Thread[#40488,Execution worker Thread 2,5,main]) started.
[        ] :shared_preferences_android:extractDeepLinksDebug (Thread[#40488,Execution worker Thread 2,5,main]) started.
[        ] > Task :shared_preferences_android:extractDeepLinksDebug UP-TO-DATE
[        ] Caching disabled for task ':shared_preferences_android:extractDeepLinksDebug' because:
[        ]   Build cache is disabled
[        ] Skipping task ':shared_preferences_android:extractDeepLinksDebug' as it is up-to-date.
[        ] work action resolve navigation.json (project :shared_preferences_android) (Thread[#40488,Execution worker Thread 2,5,main]) started.
[        ] Resolve mutations for :shared_preferences_android:processDebugManifest (Thread[#40488,Execution worker Thread 2,5,main]) started.
[        ] :shared_preferences_android:processDebugManifest (Thread[#40488,Execution worker Thread 2,5,main]) started.
[        ] > Task :shared_preferences_android:processDebugManifest UP-TO-DATE
[        ] Caching disabled for task ':shared_preferences_android:processDebugManifest' because:
[        ]   Build cache is disabled
[        ] Skipping task ':shared_preferences_android:processDebugManifest' as it is up-to-date.
[        ] work action resolve AndroidManifest.xml (project :shared_preferences_android) (Thread[#40488,Execution worker Thread 2,5,main]) started.
[        ] Resolve mutations for :sqflite_android:extractDeepLinksDebug (Thread[#40488,Execution worker Thread 2,5,main]) started.
[        ] :sqflite_android:extractDeepLinksDebug (Thread[#40488,Execution worker Thread 2,5,main]) started.
[        ] > Task :sqflite_android:extractDeepLinksDebug UP-TO-DATE
[        ] Caching disabled for task ':sqflite_android:extractDeepLinksDebug' because:
[        ]   Build cache is disabled
[        ] Skipping task ':sqflite_android:extractDeepLinksDebug' as it is up-to-date.
[        ] work action resolve navigation.json (project :sqflite_android) (Thread[#40488,Execution worker Thread 2,5,main]) started.
[        ] Resolve mutations for :sqflite_android:processDebugManifest (Thread[#40488,Execution worker Thread 2,5,main]) started.
[        ] :sqflite_android:processDebugManifest (Thread[#40488,Execution worker Thread 2,5,main]) started.
[        ] > Task :sqflite_android:processDebugManifest UP-TO-DATE
[        ] Caching disabled for task ':sqflite_android:processDebugManifest' because:
[        ]   Build cache is disabled
[        ] Skipping task ':sqflite_android:processDebugManifest' as it is up-to-date.
[        ] work action resolve AndroidManifest.xml (project :sqflite_android) (Thread[#40488,Execution worker Thread 2,5,main]) started.
[        ] Resolve mutations for :url_launcher_android:extractDeepLinksDebug (Thread[#40488,Execution worker Thread 2,5,main]) started.
[        ] :url_launcher_android:extractDeepLinksDebug (Thread[#40488,Execution worker Thread 2,5,main]) started.
[        ] > Task :url_launcher_android:extractDeepLinksDebug UP-TO-DATE
[        ] Caching disabled for task ':url_launcher_android:extractDeepLinksDebug' because:
[        ]   Build cache is disabled
[        ] Skipping task ':url_launcher_android:extractDeepLinksDebug' as it is up-to-date.
[        ] work action resolve navigation.json (project :url_launcher_android) (Thread[#40488,Execution worker Thread 2,5,main]) started.
[        ] Resolve mutations for :url_launcher_android:processDebugManifest (Thread[#40488,Execution worker Thread 2,5,main]) started.
[        ] :url_launcher_android:processDebugManifest (Thread[#40488,Execution worker Thread 2,5,main]) started.
[        ] > Task :url_launcher_android:processDebugManifest UP-TO-DATE
[        ] Caching disabled for task ':url_launcher_android:processDebugManifest' because:
[        ]   Build cache is disabled
[        ] Skipping task ':url_launcher_android:processDebugManifest' as it is up-to-date.
[        ] work action resolve AndroidManifest.xml (project :url_launcher_android) (Thread[#40488,Execution worker Thread 2,5,main]) started.
[        ] Resolve mutations for :video_player_android:extractDeepLinksDebug (Thread[#40488,Execution worker Thread 2,5,main]) started.
[        ] :video_player_android:extractDeepLinksDebug (Thread[#40488,Execution worker Thread 2,5,main]) started.
[        ] > Task :video_player_android:extractDeepLinksDebug UP-TO-DATE
[        ] Caching disabled for task ':video_player_android:extractDeepLinksDebug' because:
[        ]   Build cache is disabled
[        ] Skipping task ':video_player_android:extractDeepLinksDebug' as it is up-to-date.
[        ] work action resolve navigation.json (project :video_player_android) (Thread[#40488,Execution worker Thread 2,5,main]) started.
[        ] Resolve mutations for :video_player_android:processDebugManifest (Thread[#40488,Execution worker Thread 2,5,main]) started.
[        ] :video_player_android:processDebugManifest (Thread[#40488,Execution worker Thread 2,5,main]) started.
[        ] > Task :video_player_android:processDebugManifest UP-TO-DATE
[        ] Caching disabled for task ':video_player_android:processDebugManifest' because:
[        ]   Build cache is disabled
[        ] Skipping task ':video_player_android:processDebugManifest' as it is up-to-date.
[        ] work action resolve AndroidManifest.xml (project :video_player_android) (Thread[#40488,Execution worker Thread 2,5,main]) started.
[        ] Resolve mutations for :app:processDebugMainManifest (Thread[#40488,Execution worker Thread 2,5,main]) started.
[        ] :app:processDebugMainManifest (Thread[#40488,Execution worker Thread 2,5,main]) started.
[        ] > Task :app:processDebugMainManifest UP-TO-DATE
[        ] Caching disabled for task ':app:processDebugMainManifest' because:
[        ]   Build cache is disabled
[        ] Skipping task ':app:processDebugMainManifest' as it is up-to-date.
[        ] Resolve mutations for :app:outputDebugAppLinkSettings (Thread[#40488,Execution worker Thread 2,5,main]) started.
[        ] :app:outputDebugAppLinkSettings (Thread[#40488,Execution worker Thread 2,5,main]) started.
[        ] > Task :app:outputDebugAppLinkSettings UP-TO-DATE
[        ] Caching disabled for task ':app:outputDebugAppLinkSettings' because:
[        ]   Build cache is disabled
[        ]   Caching has not been enabled for the task
[        ] Skipping task ':app:outputDebugAppLinkSettings' as it is up-to-date.
[        ] Resolve mutations for :app:processDebugManifest (Thread[#40488,Execution worker Thread 2,5,main]) started.
[        ] :app:processDebugManifest (Thread[#40488,Execution worker Thread 2,5,main]) started.
[        ] > Task :app:processDebugManifest UP-TO-DATE
[        ] Caching disabled for task ':app:processDebugManifest' because:
[        ]   Build cache is disabled
[        ] Skipping task ':app:processDebugManifest' as it is up-to-date.
[        ] Resolve mutations for :app:processDebugManifestForPackage (Thread[#40488,Execution worker Thread 2,5,main]) started.
[        ] :app:processDebugManifestForPackage (Thread[#40488,Execution worker Thread 2,5,main]) started.
[        ] > Task :app:processDebugManifestForPackage UP-TO-DATE
[        ] Custom actions are attached to task ':app:processDebugManifestForPackage'.
[        ] Caching disabled for task ':app:processDebugManifestForPackage' because:
[        ]   Build cache is disabled
[        ] Skipping task ':app:processDebugManifestForPackage' as it is up-to-date.
[        ] Resolve mutations for :connectivity_plus:compileDebugLibraryResources (Thread[#40488,Execution worker Thread 2,5,main]) started.
[        ] :connectivity_plus:compileDebugLibraryResources (Thread[#40488,Execution worker Thread 2,5,main]) started.
[        ] > Task :connectivity_plus:compileDebugLibraryResources UP-TO-DATE
[        ] Caching disabled for task ':connectivity_plus:compileDebugLibraryResources' because:
[        ]   Build cache is disabled
[        ] Skipping task ':connectivity_plus:compileDebugLibraryResources' as it is up-to-date.
[        ] work action resolve out (project :connectivity_plus) (Thread[#40488,Execution worker Thread 2,5,main]) started.
[        ] Resolve mutations for :connectivity_plus:parseDebugLocalResources (Thread[#40488,Execution worker Thread 2,5,main]) started.
[        ] :connectivity_plus:parseDebugLocalResources (Thread[#40488,Execution worker Thread 2,5,main]) started.
[        ] > Task :connectivity_plus:parseDebugLocalResources UP-TO-DATE
[        ] Caching disabled for task ':connectivity_plus:parseDebugLocalResources' because:
[        ]   Build cache is disabled
[        ] Skipping task ':connectivity_plus:parseDebugLocalResources' as it is up-to-date.
[        ] Resolve mutations for :connectivity_plus:generateDebugRFile (Thread[#40488,Execution worker Thread 2,5,main]) started.
[        ] :connectivity_plus:generateDebugRFile (Thread[#40488,Execution worker Thread 2,5,main]) started.
[        ] > Task :connectivity_plus:generateDebugRFile UP-TO-DATE
[        ] Caching disabled for task ':connectivity_plus:generateDebugRFile' because:
[        ]   Build cache is disabled
[        ] Skipping task ':connectivity_plus:generateDebugRFile' as it is up-to-date.
[        ] work action resolve package-aware-r.txt (project :connectivity_plus) (Thread[#40488,Execution worker Thread 2,5,main]) started.
[        ] Resolve mutations for :emoji_picker_flutter:compileDebugLibraryResources (Thread[#40488,Execution worker Thread 2,5,main]) started.
[        ] :emoji_picker_flutter:compileDebugLibraryResources (Thread[#40488,Execution worker Thread 2,5,main]) started.
[        ] > Task :emoji_picker_flutter:compileDebugLibraryResources UP-TO-DATE
[        ] Caching disabled for task ':emoji_picker_flutter:compileDebugLibraryResources' because:
[        ]   Build cache is disabled
[        ] Skipping task ':emoji_picker_flutter:compileDebugLibraryResources' as it is up-to-date.
[        ] work action resolve out (project :emoji_picker_flutter) (Thread[#40488,Execution worker Thread 2,5,main]) started.
[        ] Resolve mutations for :emoji_picker_flutter:parseDebugLocalResources (Thread[#40488,Execution worker Thread 2,5,main]) started.
[        ] :emoji_picker_flutter:parseDebugLocalResources (Thread[#40488,Execution worker Thread 2,5,main]) started.
[        ] > Task :emoji_picker_flutter:parseDebugLocalResources UP-TO-DATE
[        ] Caching disabled for task ':emoji_picker_flutter:parseDebugLocalResources' because:
[        ]   Build cache is disabled
[        ] Skipping task ':emoji_picker_flutter:parseDebugLocalResources' as it is up-to-date.
[        ] Resolve mutations for :emoji_picker_flutter:generateDebugRFile (Thread[#40488,Execution worker Thread 2,5,main]) started.
[        ] :emoji_picker_flutter:generateDebugRFile (Thread[#40488,Execution worker Thread 2,5,main]) started.
[        ] > Task :emoji_picker_flutter:generateDebugRFile UP-TO-DATE
[        ] Caching disabled for task ':emoji_picker_flutter:generateDebugRFile' because:
[        ]   Build cache is disabled
[        ] Skipping task ':emoji_picker_flutter:generateDebugRFile' as it is up-to-date.
[        ] work action resolve package-aware-r.txt (project :emoji_picker_flutter) (Thread[#40488,Execution worker Thread 2,5,main]) started.
[        ] Resolve mutations for :file_selector_android:compileDebugLibraryResources (Thread[#40488,Execution worker Thread 2,5,main]) started.
[        ] :file_selector_android:compileDebugLibraryResources (Thread[#40488,Execution worker Thread 2,5,main]) started.
[        ] > Task :file_selector_android:compileDebugLibraryResources UP-TO-DATE
[        ] Caching disabled for task ':file_selector_android:compileDebugLibraryResources' because:
[        ]   Build cache is disabled
[        ] Skipping task ':file_selector_android:compileDebugLibraryResources' as it is up-to-date.
[        ] work action resolve out (project :file_selector_android) (Thread[#40488,Execution worker Thread 2,5,main]) started.
[        ] Resolve mutations for :file_selector_android:parseDebugLocalResources (Thread[#40488,Execution worker Thread 2,5,main]) started.
[        ] :file_selector_android:parseDebugLocalResources (Thread[#40488,Execution worker Thread 2,5,main]) started.
[        ] > Task :file_selector_android:parseDebugLocalResources UP-TO-DATE
[        ] Caching disabled for task ':file_selector_android:parseDebugLocalResources' because:
[        ]   Build cache is disabled
[        ] Skipping task ':file_selector_android:parseDebugLocalResources' as it is up-to-date.
[        ] Resolve mutations for :file_selector_android:generateDebugRFile (Thread[#40488,Execution worker Thread 2,5,main]) started.
[        ] :file_selector_android:generateDebugRFile (Thread[#40488,Execution worker Thread 2,5,main]) started.
[        ] > Task :file_selector_android:generateDebugRFile UP-TO-DATE
[        ] Caching disabled for task ':file_selector_android:generateDebugRFile' because:
[        ]   Build cache is disabled
[        ] Skipping task ':file_selector_android:generateDebugRFile' as it is up-to-date.
[        ] work action resolve package-aware-r.txt (project :file_selector_android) (Thread[#40488,Execution worker Thread 2,5,main]) started.
[        ] Resolve mutations for :flutter_keyboard_visibility_temp_fork:compileDebugLibraryResources (Thread[#40488,Execution worker Thread 2,5,main]) started.
[        ] :flutter_keyboard_visibility_temp_fork:compileDebugLibraryResources (Thread[#40488,Execution worker Thread 2,5,main]) started.
[        ] > Task :flutter_keyboard_visibility_temp_fork:compileDebugLibraryResources UP-TO-DATE
[        ] Caching disabled for task ':flutter_keyboard_visibility_temp_fork:compileDebugLibraryResources' because:
[        ]   Build cache is disabled
[        ] Skipping task ':flutter_keyboard_visibility_temp_fork:compileDebugLibraryResources' as it is up-to-date.
[        ] work action resolve out (project :flutter_keyboard_visibility_temp_fork) (Thread[#40488,Execution worker Thread 2,5,main]) started.
[        ] Resolve mutations for :flutter_keyboard_visibility_temp_fork:parseDebugLocalResources (Thread[#40488,Execution worker Thread 2,5,main]) started.
[        ] :flutter_keyboard_visibility_temp_fork:parseDebugLocalResources (Thread[#40488,Execution worker Thread 2,5,main]) started.
[        ] > Task :flutter_keyboard_visibility_temp_fork:parseDebugLocalResources UP-TO-DATE
[        ] Caching disabled for task ':flutter_keyboard_visibility_temp_fork:parseDebugLocalResources' because:
[        ]   Build cache is disabled
[        ] Skipping task ':flutter_keyboard_visibility_temp_fork:parseDebugLocalResources' as it is up-to-date.
[        ] Resolve mutations for :flutter_keyboard_visibility_temp_fork:generateDebugRFile (Thread[#40488,Execution worker Thread 2,5,main]) started.
[        ] :flutter_keyboard_visibility_temp_fork:generateDebugRFile (Thread[#40488,Execution worker Thread 2,5,main]) started.
[        ] > Task :flutter_keyboard_visibility_temp_fork:generateDebugRFile UP-TO-DATE
[        ] Caching disabled for task ':flutter_keyboard_visibility_temp_fork:generateDebugRFile' because:
[        ]   Build cache is disabled
[        ] Skipping task ':flutter_keyboard_visibility_temp_fork:generateDebugRFile' as it is up-to-date.
[        ] work action resolve package-aware-r.txt (project :flutter_keyboard_visibility_temp_fork) (Thread[#40488,Execution worker Thread 2,5,main]) started.
[        ] Resolve mutations for :flutter_native_splash:compileDebugLibraryResources (Thread[#40488,Execution worker Thread 2,5,main]) started.
[        ] :flutter_native_splash:compileDebugLibraryResources (Thread[#40488,Execution worker Thread 2,5,main]) started.
[        ] > Task :flutter_native_splash:compileDebugLibraryResources UP-TO-DATE
[        ] Caching disabled for task ':flutter_native_splash:compileDebugLibraryResources' because:
[        ]   Build cache is disabled
[        ] Skipping task ':flutter_native_splash:compileDebugLibraryResources' as it is up-to-date.
[        ] work action resolve out (project :flutter_native_splash) (Thread[#40488,Execution worker Thread 2,5,main]) started.
[        ] Resolve mutations for :flutter_native_splash:parseDebugLocalResources (Thread[#40488,Execution worker Thread 2,5,main]) started.
[        ] :flutter_native_splash:parseDebugLocalResources (Thread[#40488,Execution worker Thread 2,5,main]) started.
[        ] > Task :flutter_native_splash:parseDebugLocalResources UP-TO-DATE
[        ] Caching disabled for task ':flutter_native_splash:parseDebugLocalResources' because:
[        ]   Build cache is disabled
[        ] Skipping task ':flutter_native_splash:parseDebugLocalResources' as it is up-to-date.
[        ] Resolve mutations for :flutter_native_splash:generateDebugRFile (Thread[#40488,Execution worker Thread 2,5,main]) started.
[        ] :flutter_native_splash:generateDebugRFile (Thread[#40488,Execution worker Thread 2,5,main]) started.
[        ] > Task :flutter_native_splash:generateDebugRFile UP-TO-DATE
[        ] Caching disabled for task ':flutter_native_splash:generateDebugRFile' because:
[        ]   Build cache is disabled
[        ] Skipping task ':flutter_native_splash:generateDebugRFile' as it is up-to-date.
[        ] work action resolve package-aware-r.txt (project :flutter_native_splash) (Thread[#40488,Execution worker Thread 2,5,main]) started.
[        ] Resolve mutations for :flutter_olm:compileDebugLibraryResources (Thread[#40488,Execution worker Thread 2,5,main]) started.
[        ] :flutter_olm:compileDebugLibraryResources (Thread[#40488,Execution worker Thread 2,5,main]) started.
[        ] > Task :flutter_olm:compileDebugLibraryResources UP-TO-DATE
[        ] Caching disabled for task ':flutter_olm:compileDebugLibraryResources' because:
[        ]   Build cache is disabled
[        ] Skipping task ':flutter_olm:compileDebugLibraryResources' as it is up-to-date.
[        ] work action resolve out (project :flutter_olm) (Thread[#40488,Execution worker Thread 2,5,main]) started.
[        ] Resolve mutations for :flutter_olm:parseDebugLocalResources (Thread[#40488,Execution worker Thread 2,5,main]) started.
[        ] :flutter_olm:parseDebugLocalResources (Thread[#40488,Execution worker Thread 2,5,main]) started.
[        ] > Task :flutter_olm:parseDebugLocalResources UP-TO-DATE
[        ] Caching disabled for task ':flutter_olm:parseDebugLocalResources' because:
[        ]   Build cache is disabled
[        ] Skipping task ':flutter_olm:parseDebugLocalResources' as it is up-to-date.
[        ] Resolve mutations for :flutter_olm:generateDebugRFile (Thread[#40488,Execution worker Thread 2,5,main]) started.
[        ] :flutter_olm:generateDebugRFile (Thread[#40488,Execution worker Thread 2,5,main]) started.
[        ] > Task :flutter_olm:generateDebugRFile UP-TO-DATE
[        ] Caching disabled for task ':flutter_olm:generateDebugRFile' because:
[        ]   Build cache is disabled
[        ] Skipping task ':flutter_olm:generateDebugRFile' as it is up-to-date.
[        ] work action resolve package-aware-r.txt (project :flutter_olm) (Thread[#40488,Execution worker Thread 2,5,main]) started.
[        ] Resolve mutations for :flutter_openssl_crypto:compileDebugLibraryResources (Thread[#40488,Execution worker Thread 2,5,main]) started.
[        ] :flutter_openssl_crypto:compileDebugLibraryResources (Thread[#40488,Execution worker Thread 2,5,main]) started.
[        ] > Task :flutter_openssl_crypto:compileDebugLibraryResources UP-TO-DATE
[        ] Caching disabled for task ':flutter_openssl_crypto:compileDebugLibraryResources' because:
[        ]   Build cache is disabled
[        ] Skipping task ':flutter_openssl_crypto:compileDebugLibraryResources' as it is up-to-date.
[        ] work action resolve out (project :flutter_openssl_crypto) (Thread[#40488,Execution worker Thread 2,5,main]) started.
[        ] Resolve mutations for :flutter_openssl_crypto:parseDebugLocalResources (Thread[#40488,Execution worker Thread 2,5,main]) started.
[        ] :flutter_openssl_crypto:parseDebugLocalResources (Thread[#40488,Execution worker Thread 2,5,main]) started.
[        ] > Task :flutter_openssl_crypto:parseDebugLocalResources UP-TO-DATE
[        ] Caching disabled for task ':flutter_openssl_crypto:parseDebugLocalResources' because:
[        ]   Build cache is disabled
[        ] Skipping task ':flutter_openssl_crypto:parseDebugLocalResources' as it is up-to-date.
[        ] Resolve mutations for :flutter_openssl_crypto:generateDebugRFile (Thread[#40488,Execution worker Thread 2,5,main]) started.
[        ] :flutter_openssl_crypto:generateDebugRFile (Thread[#40488,Execution worker Thread 2,5,main]) started.
[        ] > Task :flutter_openssl_crypto:generateDebugRFile UP-TO-DATE
[        ] Caching disabled for task ':flutter_openssl_crypto:generateDebugRFile' because:
[        ]   Build cache is disabled
[        ] Skipping task ':flutter_openssl_crypto:generateDebugRFile' as it is up-to-date.
[        ] work action resolve package-aware-r.txt (project :flutter_openssl_crypto) (Thread[#40488,Execution worker Thread 2,5,main]) started.
[        ] Resolve mutations for :integration_test:compileDebugLibraryResources (Thread[#40488,Execution worker Thread 2,5,main]) started.
[        ] :integration_test:compileDebugLibraryResources (Thread[#40488,Execution worker Thread 2,5,main]) started.
[        ] > Task :integration_test:compileDebugLibraryResources UP-TO-DATE
[        ] Caching disabled for task ':integration_test:compileDebugLibraryResources' because:
[        ]   Build cache is disabled
[        ] Skipping task ':integration_test:compileDebugLibraryResources' as it is up-to-date.
[        ] work action resolve out (project :integration_test) (Thread[#40488,Execution worker Thread 2,5,main]) started.
[        ] Resolve mutations for :integration_test:parseDebugLocalResources (Thread[#40488,Execution worker Thread 2,5,main]) started.
[        ] :integration_test:parseDebugLocalResources (Thread[#40488,Execution worker Thread 2,5,main]) started.
[        ] > Task :integration_test:parseDebugLocalResources UP-TO-DATE
[        ] Caching disabled for task ':integration_test:parseDebugLocalResources' because:
[        ]   Build cache is disabled
[        ] Skipping task ':integration_test:parseDebugLocalResources' as it is up-to-date.
[        ] Resolve mutations for :integration_test:generateDebugRFile (Thread[#40488,Execution worker Thread 2,5,main]) started.
[        ] :integration_test:generateDebugRFile (Thread[#40488,Execution worker Thread 2,5,main]) started.
[        ] > Task :integration_test:generateDebugRFile UP-TO-DATE
[        ] Caching disabled for task ':integration_test:generateDebugRFile' because:
[        ]   Build cache is disabled
[        ] Skipping task ':integration_test:generateDebugRFile' as it is up-to-date.
[        ] work action resolve package-aware-r.txt (project :integration_test) (Thread[#40488,Execution worker Thread 2,5,main]) started.
[        ] Resolve mutations for :path_provider_android:compileDebugLibraryResources (Thread[#40488,Execution worker Thread 2,5,main]) started.
[        ] :path_provider_android:compileDebugLibraryResources (Thread[#40488,Execution worker Thread 2,5,main]) started.
[        ] > Task :path_provider_android:compileDebugLibraryResources UP-TO-DATE
[        ] Caching disabled for task ':path_provider_android:compileDebugLibraryResources' because:
[        ]   Build cache is disabled
[        ] Skipping task ':path_provider_android:compileDebugLibraryResources' as it is up-to-date.
[        ] work action resolve out (project :path_provider_android) (Thread[#40488,Execution worker Thread 2,5,main]) started.
[        ] Resolve mutations for :path_provider_android:parseDebugLocalResources (Thread[#40488,Execution worker Thread 2,5,main]) started.
[        ] :path_provider_android:parseDebugLocalResources (Thread[#40488,Execution worker Thread 2,5,main]) started.
[        ] > Task :path_provider_android:parseDebugLocalResources UP-TO-DATE
[        ] Caching disabled for task ':path_provider_android:parseDebugLocalResources' because:
[        ]   Build cache is disabled
[        ] Skipping task ':path_provider_android:parseDebugLocalResources' as it is up-to-date.
[        ] Resolve mutations for :path_provider_android:generateDebugRFile (Thread[#40488,Execution worker Thread 2,5,main]) started.
[        ] :path_provider_android:generateDebugRFile (Thread[#40488,Execution worker Thread 2,5,main]) started.
[        ] > Task :path_provider_android:generateDebugRFile UP-TO-DATE
[        ] Caching disabled for task ':path_provider_android:generateDebugRFile' because:
[        ]   Build cache is disabled
[        ] Skipping task ':path_provider_android:generateDebugRFile' as it is up-to-date.
[        ] work action resolve package-aware-r.txt (project :path_provider_android) (Thread[#40488,Execution worker Thread 2,5,main]) started.
[        ] Resolve mutations for :quill_native_bridge_android:compileDebugLibraryResources (Thread[#40488,Execution worker Thread 2,5,main]) started.
[        ] :quill_native_bridge_android:compileDebugLibraryResources (Thread[#40488,Execution worker Thread 2,5,main]) started.
[        ] > Task :quill_native_bridge_android:compileDebugLibraryResources UP-TO-DATE
[        ] Caching disabled for task ':quill_native_bridge_android:compileDebugLibraryResources' because:
[        ]   Build cache is disabled
[        ] Skipping task ':quill_native_bridge_android:compileDebugLibraryResources' as it is up-to-date.
[        ] work action resolve out (project :quill_native_bridge_android) (Thread[#40488,Execution worker Thread 2,5,main]) started.
[        ] Resolve mutations for :quill_native_bridge_android:parseDebugLocalResources (Thread[#40488,Execution worker Thread 2,5,main]) started.
[        ] :quill_native_bridge_android:parseDebugLocalResources (Thread[#40488,Execution worker Thread 2,5,main]) started.
[        ] > Task :quill_native_bridge_android:parseDebugLocalResources UP-TO-DATE
[        ] Caching disabled for task ':quill_native_bridge_android:parseDebugLocalResources' because:
[        ]   Build cache is disabled
[        ] Skipping task ':quill_native_bridge_android:parseDebugLocalResources' as it is up-to-date.
[        ] Resolve mutations for :quill_native_bridge_android:generateDebugRFile (Thread[#40488,Execution worker Thread 2,5,main]) started.
[        ] :quill_native_bridge_android:generateDebugRFile (Thread[#40488,Execution worker Thread 2,5,main]) started.
[        ] > Task :quill_native_bridge_android:generateDebugRFile UP-TO-DATE
[        ] Caching disabled for task ':quill_native_bridge_android:generateDebugRFile' because:
[        ]   Build cache is disabled
[        ] Skipping task ':quill_native_bridge_android:generateDebugRFile' as it is up-to-date.
[        ] work action resolve package-aware-r.txt (project :quill_native_bridge_android) (Thread[#40488,Execution worker Thread 2,5,main]) started.
[        ] Resolve mutations for :shared_preferences_android:compileDebugLibraryResources (Thread[#40488,Execution worker Thread 2,5,main]) started.
[        ] :shared_preferences_android:compileDebugLibraryResources (Thread[#40488,Execution worker Thread 2,5,main]) started.
[        ] > Task :shared_preferences_android:compileDebugLibraryResources UP-TO-DATE
[        ] Caching disabled for task ':shared_preferences_android:compileDebugLibraryResources' because:
[        ]   Build cache is disabled
[        ] Skipping task ':shared_preferences_android:compileDebugLibraryResources' as it is up-to-date.
[        ] work action resolve out (project :shared_preferences_android) (Thread[#40488,Execution worker Thread 2,5,main]) started.
[        ] Resolve mutations for :shared_preferences_android:parseDebugLocalResources (Thread[#40488,Execution worker Thread 2,5,main]) started.
[        ] :shared_preferences_android:parseDebugLocalResources (Thread[#40488,Execution worker Thread 2,5,main]) started.
[        ] > Task :shared_preferences_android:parseDebugLocalResources UP-TO-DATE
[        ] Caching disabled for task ':shared_preferences_android:parseDebugLocalResources' because:
[        ]   Build cache is disabled
[        ] Skipping task ':shared_preferences_android:parseDebugLocalResources' as it is up-to-date.
[        ] Resolve mutations for :shared_preferences_android:generateDebugRFile (Thread[#40488,Execution worker Thread 2,5,main]) started.
[        ] :shared_preferences_android:generateDebugRFile (Thread[#40488,Execution worker Thread 2,5,main]) started.
[        ] > Task :shared_preferences_android:generateDebugRFile UP-TO-DATE
[        ] Caching disabled for task ':shared_preferences_android:generateDebugRFile' because:
[        ]   Build cache is disabled
[        ] Skipping task ':shared_preferences_android:generateDebugRFile' as it is up-to-date.
[        ] work action resolve package-aware-r.txt (project :shared_preferences_android) (Thread[#40488,Execution worker Thread 2,5,main]) started.
[        ] Resolve mutations for :sqflite_android:compileDebugLibraryResources (Thread[#40488,Execution worker Thread 2,5,main]) started.
[        ] :sqflite_android:compileDebugLibraryResources (Thread[#40488,Execution worker Thread 2,5,main]) started.
[        ] > Task :sqflite_android:compileDebugLibraryResources UP-TO-DATE
[        ] Caching disabled for task ':sqflite_android:compileDebugLibraryResources' because:
[        ]   Build cache is disabled
[        ] Skipping task ':sqflite_android:compileDebugLibraryResources' as it is up-to-date.
[        ] work action resolve out (project :sqflite_android) (Thread[#40488,Execution worker Thread 2,5,main]) started.
[        ] Resolve mutations for :sqflite_android:parseDebugLocalResources (Thread[#40488,Execution worker Thread 2,5,main]) started.
[        ] :sqflite_android:parseDebugLocalResources (Thread[#40488,Execution worker Thread 2,5,main]) started.
[        ] > Task :sqflite_android:parseDebugLocalResources UP-TO-DATE
[        ] Caching disabled for task ':sqflite_android:parseDebugLocalResources' because:
[        ]   Build cache is disabled
[        ] Skipping task ':sqflite_android:parseDebugLocalResources' as it is up-to-date.
[        ] Resolve mutations for :sqflite_android:generateDebugRFile (Thread[#40488,Execution worker Thread 2,5,main]) started.
[        ] :sqflite_android:generateDebugRFile (Thread[#40488,Execution worker Thread 2,5,main]) started.
[        ] > Task :sqflite_android:generateDebugRFile UP-TO-DATE
[        ] Caching disabled for task ':sqflite_android:generateDebugRFile' because:
[        ]   Build cache is disabled
[        ] Skipping task ':sqflite_android:generateDebugRFile' as it is up-to-date.
[        ] work action resolve package-aware-r.txt (project :sqflite_android) (Thread[#40488,Execution worker Thread 2,5,main]) started.
[        ] Resolve mutations for :url_launcher_android:compileDebugLibraryResources (Thread[#40488,Execution worker Thread 2,5,main]) started.
[        ] :url_launcher_android:compileDebugLibraryResources (Thread[#40488,Execution worker Thread 2,5,main]) started.
[        ] > Task :url_launcher_android:compileDebugLibraryResources UP-TO-DATE
[        ] Caching disabled for task ':url_launcher_android:compileDebugLibraryResources' because:
[        ]   Build cache is disabled
[        ] Skipping task ':url_launcher_android:compileDebugLibraryResources' as it is up-to-date.
[        ] work action resolve out (project :url_launcher_android) (Thread[#40488,Execution worker Thread 2,5,main]) started.
[        ] Resolve mutations for :url_launcher_android:parseDebugLocalResources (Thread[#40488,Execution worker Thread 2,5,main]) started.
[        ] :url_launcher_android:parseDebugLocalResources (Thread[#40488,Execution worker Thread 2,5,main]) started.
[        ] > Task :url_launcher_android:parseDebugLocalResources UP-TO-DATE
[        ] Caching disabled for task ':url_launcher_android:parseDebugLocalResources' because:
[        ]   Build cache is disabled
[        ] Skipping task ':url_launcher_android:parseDebugLocalResources' as it is up-to-date.
[        ] Resolve mutations for :url_launcher_android:generateDebugRFile (Thread[#40488,Execution worker Thread 2,5,main]) started.
[        ] :url_launcher_android:generateDebugRFile (Thread[#40488,Execution worker Thread 2,5,main]) started.
[        ] > Task :url_launcher_android:generateDebugRFile UP-TO-DATE
[        ] Caching disabled for task ':url_launcher_android:generateDebugRFile' because:
[        ]   Build cache is disabled
[        ] Skipping task ':url_launcher_android:generateDebugRFile' as it is up-to-date.
[        ] work action resolve package-aware-r.txt (project :url_launcher_android) (Thread[#40488,Execution worker Thread 2,5,main]) started.
[        ] Resolve mutations for :video_player_android:compileDebugLibraryResources (Thread[#40488,Execution worker Thread 2,5,main]) started.
[        ] :video_player_android:compileDebugLibraryResources (Thread[#40488,Execution worker Thread 2,5,main]) started.
[        ] > Task :video_player_android:compileDebugLibraryResources UP-TO-DATE
[        ] Caching disabled for task ':video_player_android:compileDebugLibraryResources' because:
[        ]   Build cache is disabled
[        ] Skipping task ':video_player_android:compileDebugLibraryResources' as it is up-to-date.
[        ] work action resolve out (project :video_player_android) (Thread[#40488,Execution worker Thread 2,5,main]) started.
[        ] Resolve mutations for :video_player_android:parseDebugLocalResources (Thread[#40488,Execution worker Thread 2,5,main]) started.
[        ] :video_player_android:parseDebugLocalResources (Thread[#40488,Execution worker Thread 2,5,main]) started.
[        ] > Task :video_player_android:parseDebugLocalResources UP-TO-DATE
[        ] Caching disabled for task ':video_player_android:parseDebugLocalResources' because:
[        ]   Build cache is disabled
[        ] Skipping task ':video_player_android:parseDebugLocalResources' as it is up-to-date.
[        ] Resolve mutations for :video_player_android:generateDebugRFile (Thread[#40488,Execution worker Thread 2,5,main]) started.
[        ] :video_player_android:generateDebugRFile (Thread[#40488,Execution worker Thread 2,5,main]) started.
[        ] > Task :video_player_android:generateDebugRFile UP-TO-DATE
[        ] Caching disabled for task ':video_player_android:generateDebugRFile' because:
[        ]   Build cache is disabled
[        ] Skipping task ':video_player_android:generateDebugRFile' as it is up-to-date.
[        ] work action resolve package-aware-r.txt (project :video_player_android) (Thread[#40488,Execution worker Thread 2,5,main]) started.
[        ] Resolve mutations for :app:processDebugResources (Thread[#40488,Execution worker Thread 2,5,main]) started.
[        ] :app:processDebugResources (Thread[#40488,Execution worker Thread 2,5,main]) started.
[        ] > Task :app:processDebugResources UP-TO-DATE
[        ] Caching disabled for task ':app:processDebugResources' because:
[        ]   Build cache is disabled
[        ] Skipping task ':app:processDebugResources' as it is up-to-date.
[        ] Resolve mutations for :connectivity_plus:javaPreCompileDebug (Thread[#40488,Execution worker Thread 2,5,main]) started.
[        ] :connectivity_plus:javaPreCompileDebug (Thread[#40488,Execution worker Thread 2,5,main]) started.
[        ] > Task :connectivity_plus:javaPreCompileDebug UP-TO-DATE
[        ] Caching disabled for task ':connectivity_plus:javaPreCompileDebug' because:
[        ]   Build cache is disabled
[        ] Skipping task ':connectivity_plus:javaPreCompileDebug' as it is up-to-date.
[        ] Resolve mutations for :connectivity_plus:compileDebugJavaWithJavac (Thread[#40488,Execution worker Thread 2,5,main]) started.
[        ] :connectivity_plus:compileDebugJavaWithJavac (Thread[#40488,Execution worker Thread 2,5,main]) started.
[        ] > Task :connectivity_plus:compileDebugJavaWithJavac UP-TO-DATE
[        ] Custom actions are attached to task ':connectivity_plus:compileDebugJavaWithJavac'.
[        ] Caching disabled for task ':connectivity_plus:compileDebugJavaWithJavac' because:
[        ]   Build cache is disabled
[        ] Skipping task ':connectivity_plus:compileDebugJavaWithJavac' as it is up-to-date.
[        ] No compile result for :connectivity_plus:compileDebugJavaWithJavac
[        ] No compile result for :connectivity_plus:compileDebugJavaWithJavac
[        ] Resolve mutations for :connectivity_plus:bundleLibCompileToJarDebug (Thread[#40488,Execution worker Thread 2,5,main]) started.
[        ] :connectivity_plus:bundleLibCompileToJarDebug (Thread[#40488,Execution worker Thread 2,5,main]) started.
[        ] > Task :connectivity_plus:bundleLibCompileToJarDebug UP-TO-DATE
[        ] Caching disabled for task ':connectivity_plus:bundleLibCompileToJarDebug' because:
[        ]   Build cache is disabled
[        ]   Simple merging task
[        ] Skipping task ':connectivity_plus:bundleLibCompileToJarDebug' as it is up-to-date.
[        ] work action resolve classes.jar (project :connectivity_plus) (Thread[#40488,Execution worker Thread 2,5,main]) started.
[        ] Resolve mutations for :emoji_picker_flutter:checkKotlinGradlePluginConfigurationErrors (Thread[#40488,Execution worker Thread 2,5,main]) started.
[        ] :emoji_picker_flutter:checkKotlinGradlePluginConfigurationErrors (Thread[#40488,Execution worker Thread 2,5,main]) started.
[        ] > Task :emoji_picker_flutter:checkKotlinGradlePluginConfigurationErrors SKIPPED
[        ] Skipping task ':emoji_picker_flutter:checkKotlinGradlePluginConfigurationErrors' as task onlyIf 'errorDiagnostics are present' is false.
[        ] Resolve mutations for :emoji_picker_flutter:compileDebugKotlin (Thread[#40488,Execution worker Thread 2,5,main]) started.
[        ] :emoji_picker_flutter:compileDebugKotlin (Thread[#40488,Execution worker Thread 2,5,main]) started.
[        ] > Task :emoji_picker_flutter:compileDebugKotlin UP-TO-DATE
[        ] Adding -Xuse-inline-scopes-numbers Kotlin compiler flag for task :emoji_picker_flutter:compileDebugAndroidTestKotlin
[        ] Caching disabled for task ':emoji_picker_flutter:compileDebugKotlin' because:
[        ]   Build cache is disabled
[        ] Skipping task ':emoji_picker_flutter:compileDebugKotlin' as it is up-to-date.
[        ] Resolve mutations for :emoji_picker_flutter:javaPreCompileDebug (Thread[#40488,Execution worker Thread 2,5,main]) started.
[        ] :emoji_picker_flutter:javaPreCompileDebug (Thread[#40488,Execution worker Thread 2,5,main]) started.
[        ] > Task :emoji_picker_flutter:javaPreCompileDebug UP-TO-DATE
[        ] Caching disabled for task ':emoji_picker_flutter:javaPreCompileDebug' because:
[        ]   Build cache is disabled
[        ] Skipping task ':emoji_picker_flutter:javaPreCompileDebug' as it is up-to-date.
[        ] Resolve mutations for :emoji_picker_flutter:compileDebugJavaWithJavac (Thread[#40488,Execution worker Thread 2,5,main]) started.
[        ] :emoji_picker_flutter:compileDebugJavaWithJavac (Thread[#40488,Execution worker Thread 2,5,main]) started.
[        ] > Task :emoji_picker_flutter:compileDebugJavaWithJavac NO-SOURCE
[        ] Skipping task ':emoji_picker_flutter:compileDebugJavaWithJavac' as it has no source files and no previous output files.
[        ] Resolve mutations for :emoji_picker_flutter:bundleLibCompileToJarDebug (Thread[#40488,Execution worker Thread 2,5,main]) started.
[        ] :emoji_picker_flutter:bundleLibCompileToJarDebug (Thread[#40488,Execution worker Thread 2,5,main]) started.
[        ] > Task :emoji_picker_flutter:bundleLibCompileToJarDebug UP-TO-DATE
[        ] Caching disabled for task ':emoji_picker_flutter:bundleLibCompileToJarDebug' because:
[        ]   Build cache is disabled
[        ]   Simple merging task
[        ] Skipping task ':emoji_picker_flutter:bundleLibCompileToJarDebug' as it is up-to-date.
[        ] work action resolve classes.jar (project :emoji_picker_flutter) (Thread[#40488,Execution worker Thread 2,5,main]) started.
[        ] Resolve mutations for :file_selector_android:javaPreCompileDebug (Thread[#40488,Execution worker Thread 2,5,main]) started.
[        ] :file_selector_android:javaPreCompileDebug (Thread[#40488,Execution worker Thread 2,5,main]) started.
[        ] > Task :file_selector_android:javaPreCompileDebug UP-TO-DATE
[        ] Caching disabled for task ':file_selector_android:javaPreCompileDebug' because:
[        ]   Build cache is disabled
[        ] Skipping task ':file_selector_android:javaPreCompileDebug' as it is up-to-date.
[        ] Resolve mutations for :file_selector_android:compileDebugJavaWithJavac (Thread[#40488,Execution worker Thread 2,5,main]) started.
[        ] :file_selector_android:compileDebugJavaWithJavac (Thread[#40488,Execution worker Thread 2,5,main]) started.
[        ] > Task :file_selector_android:compileDebugJavaWithJavac UP-TO-DATE
[        ] Custom actions are attached to task ':file_selector_android:compileDebugJavaWithJavac'.
[        ] Caching disabled for task ':file_selector_android:compileDebugJavaWithJavac' because:
[        ]   Build cache is disabled
[        ] Skipping task ':file_selector_android:compileDebugJavaWithJavac' as it is up-to-date.
[        ] No compile result for :file_selector_android:compileDebugJavaWithJavac
[        ] No compile result for :file_selector_android:compileDebugJavaWithJavac
[        ] Resolve mutations for :file_selector_android:bundleLibCompileToJarDebug (Thread[#40488,Execution worker Thread 2,5,main]) started.
[        ] :file_selector_android:bundleLibCompileToJarDebug (Thread[#40488,Execution worker Thread 2,5,main]) started.
[        ] > Task :file_selector_android:bundleLibCompileToJarDebug UP-TO-DATE
[        ] Caching disabled for task ':file_selector_android:bundleLibCompileToJarDebug' because:
[        ]   Build cache is disabled
[        ]   Simple merging task
[        ] Skipping task ':file_selector_android:bundleLibCompileToJarDebug' as it is up-to-date.
[        ] work action resolve classes.jar (project :file_selector_android) (Thread[#40488,Execution worker Thread 2,5,main]) started.
[        ] Resolve mutations for :flutter_keyboard_visibility_temp_fork:javaPreCompileDebug (Thread[#40488,Execution worker Thread 2,5,main]) started.
[        ] :flutter_keyboard_visibility_temp_fork:javaPreCompileDebug (Thread[#40488,Execution worker Thread 2,5,main]) started.
[        ] > Task :flutter_keyboard_visibility_temp_fork:javaPreCompileDebug UP-TO-DATE
[        ] Caching disabled for task ':flutter_keyboard_visibility_temp_fork:javaPreCompileDebug' because:
[        ]   Build cache is disabled
[        ] Skipping task ':flutter_keyboard_visibility_temp_fork:javaPreCompileDebug' as it is up-to-date.
[        ] Resolve mutations for :flutter_keyboard_visibility_temp_fork:compileDebugJavaWithJavac (Thread[#40488,Execution worker Thread 2,5,main]) started.
[        ] :flutter_keyboard_visibility_temp_fork:compileDebugJavaWithJavac (Thread[#40488,Execution worker Thread 2,5,main]) started.
[  +93 ms] > Task :flutter_keyboard_visibility_temp_fork:compileDebugJavaWithJavac UP-TO-DATE
[        ] Custom actions are attached to task ':flutter_keyboard_visibility_temp_fork:compileDebugJavaWithJavac'.
[        ] Caching disabled for task ':flutter_keyboard_visibility_temp_fork:compileDebugJavaWithJavac' because:
[        ]   Build cache is disabled
[        ] Skipping task ':flutter_keyboard_visibility_temp_fork:compileDebugJavaWithJavac' as it is up-to-date.
[        ] No compile result for :flutter_keyboard_visibility_temp_fork:compileDebugJavaWithJavac
[        ] No compile result for :flutter_keyboard_visibility_temp_fork:compileDebugJavaWithJavac
[        ] Resolve mutations for :flutter_keyboard_visibility_temp_fork:bundleLibCompileToJarDebug (Thread[#40488,Execution worker Thread 2,5,main]) started.
[        ] :flutter_keyboard_visibility_temp_fork:bundleLibCompileToJarDebug (Thread[#40488,Execution worker Thread 2,5,main]) started.
[        ] > Task :flutter_keyboard_visibility_temp_fork:bundleLibCompileToJarDebug UP-TO-DATE
[        ] Caching disabled for task ':flutter_keyboard_visibility_temp_fork:bundleLibCompileToJarDebug' because:
[        ]   Build cache is disabled
[        ]   Simple merging task
[        ] Skipping task ':flutter_keyboard_visibility_temp_fork:bundleLibCompileToJarDebug' as it is up-to-date.
[        ] work action resolve classes.jar (project :flutter_keyboard_visibility_temp_fork) (Thread[#40488,Execution worker Thread 2,5,main]) started.
[        ] Resolve mutations for :flutter_native_splash:javaPreCompileDebug (Thread[#40488,Execution worker Thread 2,5,main]) started.
[        ] :flutter_native_splash:javaPreCompileDebug (Thread[#40488,Execution worker Thread 2,5,main]) started.
[        ] > Task :flutter_native_splash:javaPreCompileDebug UP-TO-DATE
[        ] Caching disabled for task ':flutter_native_splash:javaPreCompileDebug' because:
[        ]   Build cache is disabled
[        ] Skipping task ':flutter_native_splash:javaPreCompileDebug' as it is up-to-date.
[        ] Resolve mutations for :flutter_native_splash:compileDebugJavaWithJavac (Thread[#40488,Execution worker Thread 2,5,main]) started.
[        ] :flutter_native_splash:compileDebugJavaWithJavac (Thread[#40488,Execution worker Thread 2,5,main]) started.
[        ] > Task :flutter_native_splash:compileDebugJavaWithJavac UP-TO-DATE
[        ] Custom actions are attached to task ':flutter_native_splash:compileDebugJavaWithJavac'.
[        ] Caching disabled for task ':flutter_native_splash:compileDebugJavaWithJavac' because:
[        ]   Build cache is disabled
[        ] Skipping task ':flutter_native_splash:compileDebugJavaWithJavac' as it is up-to-date.
[        ] No compile result for :flutter_native_splash:compileDebugJavaWithJavac
[        ] No compile result for :flutter_native_splash:compileDebugJavaWithJavac
[        ] Resolve mutations for :flutter_native_splash:bundleLibCompileToJarDebug (Thread[#40488,Execution worker Thread 2,5,main]) started.
[        ] :flutter_native_splash:bundleLibCompileToJarDebug (Thread[#40488,Execution worker Thread 2,5,main]) started.
[        ] > Task :flutter_native_splash:bundleLibCompileToJarDebug UP-TO-DATE
[        ] Caching disabled for task ':flutter_native_splash:bundleLibCompileToJarDebug' because:
[        ]   Build cache is disabled
[        ]   Simple merging task
[        ] Skipping task ':flutter_native_splash:bundleLibCompileToJarDebug' as it is up-to-date.
[        ] work action resolve classes.jar (project :flutter_native_splash) (Thread[#40488,Execution worker Thread 2,5,main]) started.
[        ] Resolve mutations for :flutter_olm:checkKotlinGradlePluginConfigurationErrors (Thread[#40488,Execution worker Thread 2,5,main]) started.
[        ] :flutter_olm:checkKotlinGradlePluginConfigurationErrors (Thread[#40488,Execution worker Thread 2,5,main]) started.
[        ] > Task :flutter_olm:checkKotlinGradlePluginConfigurationErrors SKIPPED
[        ] Skipping task ':flutter_olm:checkKotlinGradlePluginConfigurationErrors' as task onlyIf 'errorDiagnostics are present' is false.
[        ] Resolve mutations for :flutter_olm:compileDebugKotlin (Thread[#40488,Execution worker Thread 2,5,main]) started.
[        ] :flutter_olm:compileDebugKotlin (Thread[#40488,Execution worker Thread 2,5,main]) started.
[        ] > Task :flutter_olm:compileDebugKotlin UP-TO-DATE
[        ] Adding -Xuse-inline-scopes-numbers Kotlin compiler flag for task :flutter_olm:compileDebugAndroidTestKotlin
[        ] Caching disabled for task ':flutter_olm:compileDebugKotlin' because:
[        ]   Build cache is disabled
[        ] Skipping task ':flutter_olm:compileDebugKotlin' as it is up-to-date.
[        ] Resolve mutations for :flutter_olm:javaPreCompileDebug (Thread[#40488,Execution worker Thread 2,5,main]) started.
[        ] :flutter_olm:javaPreCompileDebug (Thread[#40488,Execution worker Thread 2,5,main]) started.
[        ] > Task :flutter_olm:javaPreCompileDebug UP-TO-DATE
[        ] Caching disabled for task ':flutter_olm:javaPreCompileDebug' because:
[        ]   Build cache is disabled
[        ] Skipping task ':flutter_olm:javaPreCompileDebug' as it is up-to-date.
[        ] Resolve mutations for :flutter_olm:compileDebugJavaWithJavac (Thread[#40488,Execution worker Thread 2,5,main]) started.
[        ] :flutter_olm:compileDebugJavaWithJavac (Thread[#40488,Execution worker Thread 2,5,main]) started.
[        ] > Task :flutter_olm:compileDebugJavaWithJavac NO-SOURCE
[        ] Skipping task ':flutter_olm:compileDebugJavaWithJavac' as it has no source files and no previous output files.
[        ] Resolve mutations for :flutter_olm:bundleLibCompileToJarDebug (Thread[#40488,Execution worker Thread 2,5,main]) started.
[        ] :flutter_olm:bundleLibCompileToJarDebug (Thread[#40488,Execution worker Thread 2,5,main]) started.
[        ] > Task :flutter_olm:bundleLibCompileToJarDebug UP-TO-DATE
[        ] Caching disabled for task ':flutter_olm:bundleLibCompileToJarDebug' because:
[        ]   Build cache is disabled
[        ]   Simple merging task
[        ] Skipping task ':flutter_olm:bundleLibCompileToJarDebug' as it is up-to-date.
[        ] work action resolve classes.jar (project :flutter_olm) (Thread[#40488,Execution worker Thread 2,5,main]) started.
[        ] Resolve mutations for :flutter_openssl_crypto:checkKotlinGradlePluginConfigurationErrors (Thread[#40488,Execution worker Thread 2,5,main]) started.
[        ] :flutter_openssl_crypto:checkKotlinGradlePluginConfigurationErrors (Thread[#40488,Execution worker Thread 2,5,main]) started.
[        ] > Task :flutter_openssl_crypto:checkKotlinGradlePluginConfigurationErrors SKIPPED
[        ] Skipping task ':flutter_openssl_crypto:checkKotlinGradlePluginConfigurationErrors' as task onlyIf 'errorDiagnostics are present' is false.
[        ] Resolve mutations for :flutter_openssl_crypto:compileDebugKotlin (Thread[#40488,Execution worker Thread 2,5,main]) started.
[        ] :flutter_openssl_crypto:compileDebugKotlin (Thread[#40488,Execution worker Thread 2,5,main]) started.
[        ] > Task :flutter_openssl_crypto:compileDebugKotlin UP-TO-DATE
[        ] Adding -Xuse-inline-scopes-numbers Kotlin compiler flag for task :flutter_openssl_crypto:compileDebugAndroidTestKotlin
[        ] Caching disabled for task ':flutter_openssl_crypto:compileDebugKotlin' because:
[        ]   Build cache is disabled
[        ] Skipping task ':flutter_openssl_crypto:compileDebugKotlin' as it is up-to-date.
[        ] Resolve mutations for :flutter_openssl_crypto:javaPreCompileDebug (Thread[#40488,Execution worker Thread 2,5,main]) started.
[        ] :flutter_openssl_crypto:javaPreCompileDebug (Thread[#40488,Execution worker Thread 2,5,main]) started.
[        ] > Task :flutter_openssl_crypto:javaPreCompileDebug UP-TO-DATE
[        ] Caching disabled for task ':flutter_openssl_crypto:javaPreCompileDebug' because:
[        ]   Build cache is disabled
[        ] Skipping task ':flutter_openssl_crypto:javaPreCompileDebug' as it is up-to-date.
[        ] Resolve mutations for :flutter_openssl_crypto:compileDebugJavaWithJavac (Thread[#40488,Execution worker Thread 2,5,main]) started.
[        ] :flutter_openssl_crypto:compileDebugJavaWithJavac (Thread[#40488,Execution worker Thread 2,5,main]) started.
[        ] > Task :flutter_openssl_crypto:compileDebugJavaWithJavac NO-SOURCE
[        ] Skipping task ':flutter_openssl_crypto:compileDebugJavaWithJavac' as it has no source files and no previous output files.
[        ] Resolve mutations for :flutter_openssl_crypto:bundleLibCompileToJarDebug (Thread[#40488,Execution worker Thread 2,5,main]) started.
[        ] :flutter_openssl_crypto:bundleLibCompileToJarDebug (Thread[#40488,Execution worker Thread 2,5,main]) started.
[        ] > Task :flutter_openssl_crypto:bundleLibCompileToJarDebug UP-TO-DATE
[        ] Caching disabled for task ':flutter_openssl_crypto:bundleLibCompileToJarDebug' because:
[        ]   Build cache is disabled
[        ]   Simple merging task
[        ] Skipping task ':flutter_openssl_crypto:bundleLibCompileToJarDebug' as it is up-to-date.
[        ] work action resolve classes.jar (project :flutter_openssl_crypto) (Thread[#40488,Execution worker Thread 2,5,main]) started.
[        ] Resolve mutations for :integration_test:javaPreCompileDebug (Thread[#40488,Execution worker Thread 2,5,main]) started.
[        ] :integration_test:javaPreCompileDebug (Thread[#40488,Execution worker Thread 2,5,main]) started.
[        ] > Task :integration_test:javaPreCompileDebug UP-TO-DATE
[        ] Caching disabled for task ':integration_test:javaPreCompileDebug' because:
[        ]   Build cache is disabled
[        ] Skipping task ':integration_test:javaPreCompileDebug' as it is up-to-date.
[        ] Resolve mutations for :integration_test:compileDebugJavaWithJavac (Thread[#40488,Execution worker Thread 2,5,main]) started.
[        ] :integration_test:compileDebugJavaWithJavac (Thread[#40488,Execution worker Thread 2,5,main]) started.
[        ] > Task :integration_test:compileDebugJavaWithJavac UP-TO-DATE
[        ] Custom actions are attached to task ':integration_test:compileDebugJavaWithJavac'.
[        ] Caching disabled for task ':integration_test:compileDebugJavaWithJavac' because:
[        ]   Build cache is disabled
[        ] Skipping task ':integration_test:compileDebugJavaWithJavac' as it is up-to-date.
[        ] No compile result for :integration_test:compileDebugJavaWithJavac
[        ] No compile result for :integration_test:compileDebugJavaWithJavac
[        ] Resolve mutations for :integration_test:bundleLibCompileToJarDebug (Thread[#40488,Execution worker Thread 2,5,main]) started.
[        ] :integration_test:bundleLibCompileToJarDebug (Thread[#40488,Execution worker Thread 2,5,main]) started.
[        ] > Task :integration_test:bundleLibCompileToJarDebug UP-TO-DATE
[        ] Caching disabled for task ':integration_test:bundleLibCompileToJarDebug' because:
[        ]   Build cache is disabled
[        ]   Simple merging task
[        ] Skipping task ':integration_test:bundleLibCompileToJarDebug' as it is up-to-date.
[        ] work action resolve classes.jar (project :integration_test) (Thread[#40488,Execution worker Thread 2,5,main]) started.
[        ] Resolve mutations for :path_provider_android:javaPreCompileDebug (Thread[#40488,Execution worker Thread 2,5,main]) started.
[        ] :path_provider_android:javaPreCompileDebug (Thread[#40488,Execution worker Thread 2,5,main]) started.
[        ] > Task :path_provider_android:javaPreCompileDebug UP-TO-DATE
[        ] Caching disabled for task ':path_provider_android:javaPreCompileDebug' because:
[        ]   Build cache is disabled
[        ] Skipping task ':path_provider_android:javaPreCompileDebug' as it is up-to-date.
[        ] Resolve mutations for :path_provider_android:compileDebugJavaWithJavac (Thread[#40488,Execution worker Thread 2,5,main]) started.
[        ] :path_provider_android:compileDebugJavaWithJavac (Thread[#40488,Execution worker Thread 2,5,main]) started.
[        ] > Task :path_provider_android:compileDebugJavaWithJavac UP-TO-DATE
[        ] Custom actions are attached to task ':path_provider_android:compileDebugJavaWithJavac'.
[        ] Caching disabled for task ':path_provider_android:compileDebugJavaWithJavac' because:
[        ]   Build cache is disabled
[        ] Skipping task ':path_provider_android:compileDebugJavaWithJavac' as it is up-to-date.
[        ] No compile result for :path_provider_android:compileDebugJavaWithJavac
[        ] No compile result for :path_provider_android:compileDebugJavaWithJavac
[        ] Resolve mutations for :path_provider_android:bundleLibCompileToJarDebug (Thread[#40488,Execution worker Thread 2,5,main]) started.
[        ] :path_provider_android:bundleLibCompileToJarDebug (Thread[#40488,Execution worker Thread 2,5,main]) started.
[        ] > Task :path_provider_android:bundleLibCompileToJarDebug UP-TO-DATE
[        ] Caching disabled for task ':path_provider_android:bundleLibCompileToJarDebug' because:
[        ]   Build cache is disabled
[        ]   Simple merging task
[        ] Skipping task ':path_provider_android:bundleLibCompileToJarDebug' as it is up-to-date.
[        ] work action resolve classes.jar (project :path_provider_android) (Thread[#40488,Execution worker Thread 2,5,main]) started.
[        ] Resolve mutations for :quill_native_bridge_android:checkKotlinGradlePluginConfigurationErrors (Thread[#40488,Execution worker Thread 2,5,main]) started.
[        ] :quill_native_bridge_android:checkKotlinGradlePluginConfigurationErrors (Thread[#40488,Execution worker Thread 2,5,main]) started.
[        ] > Task :quill_native_bridge_android:checkKotlinGradlePluginConfigurationErrors SKIPPED
[        ] Skipping task ':quill_native_bridge_android:checkKotlinGradlePluginConfigurationErrors' as task onlyIf 'errorDiagnostics are present' is false.
[        ] Resolve mutations for :quill_native_bridge_android:compileDebugKotlin (Thread[#40488,Execution worker Thread 2,5,main]) started.
[        ] :quill_native_bridge_android:compileDebugKotlin (Thread[#40488,Execution worker Thread 2,5,main]) started.
[        ] > Task :quill_native_bridge_android:compileDebugKotlin UP-TO-DATE
[        ] Adding -Xuse-inline-scopes-numbers Kotlin compiler flag for task :quill_native_bridge_android:compileDebugAndroidTestKotlin
[        ] Caching disabled for task ':quill_native_bridge_android:compileDebugKotlin' because:
[        ]   Build cache is disabled
[        ] Skipping task ':quill_native_bridge_android:compileDebugKotlin' as it is up-to-date.
[        ] Resolve mutations for :quill_native_bridge_android:javaPreCompileDebug (Thread[#40488,Execution worker Thread 2,5,main]) started.
[        ] :quill_native_bridge_android:javaPreCompileDebug (Thread[#40488,Execution worker Thread 2,5,main]) started.
[        ] > Task :quill_native_bridge_android:javaPreCompileDebug UP-TO-DATE
[        ] Caching disabled for task ':quill_native_bridge_android:javaPreCompileDebug' because:
[        ]   Build cache is disabled
[        ] Skipping task ':quill_native_bridge_android:javaPreCompileDebug' as it is up-to-date.
[        ] Resolve mutations for :quill_native_bridge_android:compileDebugJavaWithJavac (Thread[#40488,Execution worker Thread 2,5,main]) started.
[        ] :quill_native_bridge_android:compileDebugJavaWithJavac (Thread[#40488,Execution worker Thread 2,5,main]) started.
[        ] > Task :quill_native_bridge_android:compileDebugJavaWithJavac NO-SOURCE
[        ] Skipping task ':quill_native_bridge_android:compileDebugJavaWithJavac' as it has no source files and no previous output files.
[        ] Resolve mutations for :quill_native_bridge_android:bundleLibCompileToJarDebug (Thread[#40488,Execution worker Thread 2,5,main]) started.
[        ] :quill_native_bridge_android:bundleLibCompileToJarDebug (Thread[#40488,Execution worker Thread 2,5,main]) started.
[        ] > Task :quill_native_bridge_android:bundleLibCompileToJarDebug UP-TO-DATE
[        ] Caching disabled for task ':quill_native_bridge_android:bundleLibCompileToJarDebug' because:
[        ]   Build cache is disabled
[        ]   Simple merging task
[        ] Skipping task ':quill_native_bridge_android:bundleLibCompileToJarDebug' as it is up-to-date.
[        ] work action resolve classes.jar (project :quill_native_bridge_android) (Thread[#40488,Execution worker Thread 2,5,main]) started.
[        ] Resolve mutations for :shared_preferences_android:checkKotlinGradlePluginConfigurationErrors (Thread[#40488,Execution worker Thread 2,5,main]) started.
[        ] :shared_preferences_android:checkKotlinGradlePluginConfigurationErrors (Thread[#40488,Execution worker Thread 2,5,main]) started.
[        ] > Task :shared_preferences_android:checkKotlinGradlePluginConfigurationErrors SKIPPED
[        ] Skipping task ':shared_preferences_android:checkKotlinGradlePluginConfigurationErrors' as task onlyIf 'errorDiagnostics are present' is false.
[        ] Resolve mutations for :shared_preferences_android:compileDebugKotlin (Thread[#40488,Execution worker Thread 2,5,main]) started.
[        ] :shared_preferences_android:compileDebugKotlin (Thread[#40488,Execution worker Thread 2,5,main]) started.
[        ] > Task :shared_preferences_android:compileDebugKotlin UP-TO-DATE
[        ] Adding -Xuse-inline-scopes-numbers Kotlin compiler flag for task :shared_preferences_android:compileDebugAndroidTestKotlin
[        ] Caching disabled for task ':shared_preferences_android:compileDebugKotlin' because:
[        ]   Build cache is disabled
[        ] Skipping task ':shared_preferences_android:compileDebugKotlin' as it is up-to-date.
[        ] Resolve mutations for :shared_preferences_android:javaPreCompileDebug (Thread[#40488,Execution worker Thread 2,5,main]) started.
[        ] :shared_preferences_android:javaPreCompileDebug (Thread[#40488,Execution worker Thread 2,5,main]) started.
[        ] > Task :shared_preferences_android:javaPreCompileDebug UP-TO-DATE
[        ] Caching disabled for task ':shared_preferences_android:javaPreCompileDebug' because:
[        ]   Build cache is disabled
[        ] Skipping task ':shared_preferences_android:javaPreCompileDebug' as it is up-to-date.
[        ] Resolve mutations for :shared_preferences_android:compileDebugJavaWithJavac (Thread[#40488,Execution worker Thread 2,5,main]) started.
[        ] :shared_preferences_android:compileDebugJavaWithJavac (Thread[#40488,Execution worker Thread 2,5,main]) started.
[        ] > Task :shared_preferences_android:compileDebugJavaWithJavac UP-TO-DATE
[        ] Custom actions are attached to task ':shared_preferences_android:compileDebugJavaWithJavac'.
[        ] Caching disabled for task ':shared_preferences_android:compileDebugJavaWithJavac' because:
[        ]   Build cache is disabled
[        ] Skipping task ':shared_preferences_android:compileDebugJavaWithJavac' as it is up-to-date.
[        ] No compile result for :shared_preferences_android:compileDebugJavaWithJavac
[        ] No compile result for :shared_preferences_android:compileDebugJavaWithJavac
[        ] Resolve mutations for :shared_preferences_android:bundleLibCompileToJarDebug (Thread[#40488,Execution worker Thread 2,5,main]) started.
[        ] :shared_preferences_android:bundleLibCompileToJarDebug (Thread[#40488,Execution worker Thread 2,5,main]) started.
[        ] > Task :shared_preferences_android:bundleLibCompileToJarDebug UP-TO-DATE
[        ] Caching disabled for task ':shared_preferences_android:bundleLibCompileToJarDebug' because:
[        ]   Build cache is disabled
[        ]   Simple merging task
[        ] Skipping task ':shared_preferences_android:bundleLibCompileToJarDebug' as it is up-to-date.
[        ] work action resolve classes.jar (project :shared_preferences_android) (Thread[#40488,Execution worker Thread 2,5,main]) started.
[        ] Resolve mutations for :sqflite_android:javaPreCompileDebug (Thread[#40488,Execution worker Thread 2,5,main]) started.
[        ] :sqflite_android:javaPreCompileDebug (Thread[#40488,Execution worker Thread 2,5,main]) started.
[        ] > Task :sqflite_android:javaPreCompileDebug UP-TO-DATE
[        ] Caching disabled for task ':sqflite_android:javaPreCompileDebug' because:
[        ]   Build cache is disabled
[        ] Skipping task ':sqflite_android:javaPreCompileDebug' as it is up-to-date.
[        ] Resolve mutations for :sqflite_android:compileDebugJavaWithJavac (Thread[#40488,Execution worker Thread 2,5,main]) started.
[        ] :sqflite_android:compileDebugJavaWithJavac (Thread[#40488,Execution worker Thread 2,5,main]) started.
[        ] > Task :sqflite_android:compileDebugJavaWithJavac UP-TO-DATE
[        ] Custom actions are attached to task ':sqflite_android:compileDebugJavaWithJavac'.
[        ] Caching disabled for task ':sqflite_android:compileDebugJavaWithJavac' because:
[        ]   Build cache is disabled
[        ] Skipping task ':sqflite_android:compileDebugJavaWithJavac' as it is up-to-date.
[        ] No compile result for :sqflite_android:compileDebugJavaWithJavac
[        ] No compile result for :sqflite_android:compileDebugJavaWithJavac
[        ] Resolve mutations for :sqflite_android:bundleLibCompileToJarDebug (Thread[#40488,Execution worker Thread 2,5,main]) started.
[        ] :sqflite_android:bundleLibCompileToJarDebug (Thread[#40488,Execution worker Thread 2,5,main]) started.
[        ] > Task :sqflite_android:bundleLibCompileToJarDebug UP-TO-DATE
[        ] Caching disabled for task ':sqflite_android:bundleLibCompileToJarDebug' because:
[        ]   Build cache is disabled
[        ]   Simple merging task
[        ] Skipping task ':sqflite_android:bundleLibCompileToJarDebug' as it is up-to-date.
[        ] work action resolve classes.jar (project :sqflite_android) (Thread[#40488,Execution worker Thread 2,5,main]) started.
[        ] Resolve mutations for :url_launcher_android:generateDebugBuildConfig (Thread[#40488,Execution worker Thread 2,5,main]) started.
[        ] :url_launcher_android:generateDebugBuildConfig (Thread[#40488,Execution worker Thread 2,5,main]) started.
[        ] > Task :url_launcher_android:generateDebugBuildConfig UP-TO-DATE
[        ] Caching disabled for task ':url_launcher_android:generateDebugBuildConfig' because:
[        ]   Build cache is disabled
[        ] Skipping task ':url_launcher_android:generateDebugBuildConfig' as it is up-to-date.
[        ] Resolve mutations for :url_launcher_android:javaPreCompileDebug (Thread[#40488,Execution worker Thread 2,5,main]) started.
[        ] :url_launcher_android:javaPreCompileDebug (Thread[#40488,Execution worker Thread 2,5,main]) started.
[        ] > Task :url_launcher_android:javaPreCompileDebug UP-TO-DATE
[        ] Caching disabled for task ':url_launcher_android:javaPreCompileDebug' because:
[        ]   Build cache is disabled
[        ] Skipping task ':url_launcher_android:javaPreCompileDebug' as it is up-to-date.
[        ] Resolve mutations for :url_launcher_android:compileDebugJavaWithJavac (Thread[#40488,Execution worker Thread 2,5,main]) started.
[        ] :url_launcher_android:compileDebugJavaWithJavac (Thread[#40488,Execution worker Thread 2,5,main]) started.
[        ] > Task :url_launcher_android:compileDebugJavaWithJavac UP-TO-DATE
[        ] Custom actions are attached to task ':url_launcher_android:compileDebugJavaWithJavac'.
[        ] Caching disabled for task ':url_launcher_android:compileDebugJavaWithJavac' because:
[        ]   Build cache is disabled
[        ] Skipping task ':url_launcher_android:compileDebugJavaWithJavac' as it is up-to-date.
[        ] No compile result for :url_launcher_android:compileDebugJavaWithJavac
[        ] No compile result for :url_launcher_android:compileDebugJavaWithJavac
[        ] Resolve mutations for :url_launcher_android:bundleLibCompileToJarDebug (Thread[#40488,Execution worker Thread 2,5,main]) started.
[        ] :url_launcher_android:bundleLibCompileToJarDebug (Thread[#40488,Execution worker Thread 2,5,main]) started.
[        ] > Task :url_launcher_android:bundleLibCompileToJarDebug UP-TO-DATE
[        ] Caching disabled for task ':url_launcher_android:bundleLibCompileToJarDebug' because:
[        ]   Build cache is disabled
[        ]   Simple merging task
[        ] Skipping task ':url_launcher_android:bundleLibCompileToJarDebug' as it is up-to-date.
[        ] work action resolve classes.jar (project :url_launcher_android) (Thread[#40488,Execution worker Thread 2,5,main]) started.
[        ] Resolve mutations for :video_player_android:checkKotlinGradlePluginConfigurationErrors (Thread[#40488,Execution worker Thread 2,5,main]) started.
[        ] :video_player_android:checkKotlinGradlePluginConfigurationErrors (Thread[#40488,Execution worker Thread 2,5,main]) started.
[        ] > Task :video_player_android:checkKotlinGradlePluginConfigurationErrors SKIPPED
[        ] Skipping task ':video_player_android:checkKotlinGradlePluginConfigurationErrors' as task onlyIf 'errorDiagnostics are present' is false.
[        ] Resolve mutations for :video_player_android:compileDebugKotlin (Thread[#40488,Execution worker Thread 2,5,main]) started.
[        ] :video_player_android:compileDebugKotlin (Thread[#40488,Execution worker Thread 2,5,main]) started.
[        ] > Task :video_player_android:compileDebugKotlin UP-TO-DATE
[        ] Adding -Xuse-inline-scopes-numbers Kotlin compiler flag for task :video_player_android:compileDebugAndroidTestKotlin
[        ] Caching disabled for task ':video_player_android:compileDebugKotlin' because:
[        ]   Build cache is disabled
[        ] Skipping task ':video_player_android:compileDebugKotlin' as it is up-to-date.
[        ] Resolve mutations for :video_player_android:javaPreCompileDebug (Thread[#40488,Execution worker Thread 2,5,main]) started.
[        ] :video_player_android:javaPreCompileDebug (Thread[#40488,Execution worker Thread 2,5,main]) started.
[        ] > Task :video_player_android:javaPreCompileDebug UP-TO-DATE
[        ] Caching disabled for task ':video_player_android:javaPreCompileDebug' because:
[        ]   Build cache is disabled
[        ] Skipping task ':video_player_android:javaPreCompileDebug' as it is up-to-date.
[        ] Resolve mutations for :video_player_android:compileDebugJavaWithJavac (Thread[#40488,Execution worker Thread 2,5,main]) started.
[        ] :video_player_android:compileDebugJavaWithJavac (Thread[#40488,Execution worker Thread 2,5,main]) started.
[        ] > Task :video_player_android:compileDebugJavaWithJavac UP-TO-DATE
[        ] Custom actions are attached to task ':video_player_android:compileDebugJavaWithJavac'.
[        ] Caching disabled for task ':video_player_android:compileDebugJavaWithJavac' because:
[        ]   Build cache is disabled
[        ] Skipping task ':video_player_android:compileDebugJavaWithJavac' as it is up-to-date.
[        ] No compile result for :video_player_android:compileDebugJavaWithJavac
[        ] No compile result for :video_player_android:compileDebugJavaWithJavac
[        ] Resolve mutations for :video_player_android:bundleLibCompileToJarDebug (Thread[#40488,Execution worker Thread 2,5,main]) started.
[        ] :video_player_android:bundleLibCompileToJarDebug (Thread[#40488,Execution worker Thread 2,5,main]) started.
[        ] > Task :video_player_android:bundleLibCompileToJarDebug UP-TO-DATE
[        ] Caching disabled for task ':video_player_android:bundleLibCompileToJarDebug' because:
[        ]   Build cache is disabled
[        ]   Simple merging task
[        ] Skipping task ':video_player_android:bundleLibCompileToJarDebug' as it is up-to-date.
[        ] work action resolve classes.jar (project :video_player_android) (Thread[#40488,Execution worker Thread 2,5,main]) started.
[        ] Resolve mutations for :app:compileDebugKotlin (Thread[#40488,Execution worker Thread 2,5,main]) started.
[        ] :app:compileDebugKotlin (Thread[#40488,Execution worker Thread 2,5,main]) started.
[        ] > Task :app:compileDebugKotlin UP-TO-DATE
[        ] Adding -Xuse-inline-scopes-numbers Kotlin compiler flag for task :app:compileDebugAndroidTestKotlin
[        ] Caching disabled for task ':app:compileDebugKotlin' because:
[        ]   Build cache is disabled
[        ] Skipping task ':app:compileDebugKotlin' as it is up-to-date.
[        ] Resolve mutations for :app:javaPreCompileDebug (Thread[#40488,Execution worker Thread 2,5,main]) started.
[        ] :app:javaPreCompileDebug (Thread[#40488,Execution worker Thread 2,5,main]) started.
[        ] > Task :app:javaPreCompileDebug UP-TO-DATE
[        ] Caching disabled for task ':app:javaPreCompileDebug' because:
[        ]   Build cache is disabled
[        ] Skipping task ':app:javaPreCompileDebug' as it is up-to-date.
[        ] Resolve mutations for :app:compileDebugJavaWithJavac (Thread[#40488,Execution worker Thread 2,5,main]) started.
[        ] :app:compileDebugJavaWithJavac (Thread[#40488,Execution worker Thread 2,5,main]) started.
[        ] > Task :app:compileDebugJavaWithJavac UP-TO-DATE
[        ] Custom actions are attached to task ':app:compileDebugJavaWithJavac'.
[        ] Caching disabled for task ':app:compileDebugJavaWithJavac' because:
[        ]   Build cache is disabled
[        ] Skipping task ':app:compileDebugJavaWithJavac' as it is up-to-date.
[        ] No compile result for :app:compileDebugJavaWithJavac
[        ] No compile result for :app:compileDebugJavaWithJavac
[        ] Resolve mutations for :app:compressDebugAssets (Thread[#40488,Execution worker Thread 2,5,main]) started.
[        ] :app:compressDebugAssets (Thread[#40488,Execution worker Thread 2,5,main]) started.
[        ] Resolve mutations for :app:processDebugJavaRes (Thread[#40518,Execution worker Thread 31,5,main]) started.
[        ] :app:processDebugJavaRes (Thread[#40518,Execution worker Thread 31,5,main]) started.
[        ] > Task :app:processDebugJavaRes UP-TO-DATE
[        ] file or directory '/Users/florian/Code/substitution/android/app/src/main/resources', not found
[        ] file or directory '/Users/florian/Code/substitution/android/app/src/debug/resources', not found
[        ] file or directory '/Users/florian/Code/substitution/android/app/src/main/resources', not found
[        ] file or directory '/Users/florian/Code/substitution/android/app/src/debug/resources', not found
[        ] Caching disabled for task ':app:processDebugJavaRes' because:
[        ]   Build cache is disabled
[        ]   Caching has been disabled for the task
[        ] Skipping task ':app:processDebugJavaRes' as it is up-to-date.
[        ] Resolve mutations for :connectivity_plus:processDebugJavaRes (Thread[#40518,Execution worker Thread 31,5,main]) started.
[        ] :connectivity_plus:processDebugJavaRes (Thread[#40518,Execution worker Thread 31,5,main]) started.
[        ] > Task :connectivity_plus:processDebugJavaRes NO-SOURCE
[        ] file or directory '/Users/florian/.pub-cache/hosted/pub.dev/connectivity_plus-5.0.2/android/src/main/resources', not found
[        ] file or directory '/Users/florian/.pub-cache/hosted/pub.dev/connectivity_plus-5.0.2/android/src/debug/resources', not found
[        ] Skipping task ':connectivity_plus:processDebugJavaRes' as it has no source files and no previous output files.
[        ] work action resolve out (project :connectivity_plus) (Thread[#40518,Execution worker Thread 31,5,main]) started.
[        ] Resolve mutations for :emoji_picker_flutter:processDebugJavaRes (Thread[#40518,Execution worker Thread 31,5,main]) started.
[        ] :emoji_picker_flutter:processDebugJavaRes (Thread[#40518,Execution worker Thread 31,5,main]) started.
[        ] > Task :emoji_picker_flutter:processDebugJavaRes UP-TO-DATE
[        ] file or directory '/Users/florian/.pub-cache/hosted/pub.dev/emoji_picker_flutter-4.4.0/android/src/main/resources', not found
[        ] file or directory '/Users/florian/.pub-cache/hosted/pub.dev/emoji_picker_flutter-4.4.0/android/src/debug/resources', not found
[        ] file or directory '/Users/florian/.pub-cache/hosted/pub.dev/emoji_picker_flutter-4.4.0/android/src/main/resources', not found
[        ] file or directory '/Users/florian/.pub-cache/hosted/pub.dev/emoji_picker_flutter-4.4.0/android/src/debug/resources', not found
[        ] Caching disabled for task ':emoji_picker_flutter:processDebugJavaRes' because:
[        ]   Build cache is disabled
[        ]   Caching has been disabled for the task
[        ] Skipping task ':emoji_picker_flutter:processDebugJavaRes' as it is up-to-date.
[        ] work action resolve out (project :emoji_picker_flutter) (Thread[#40518,Execution worker Thread 31,5,main]) started.
[        ] Resolve mutations for :file_selector_android:processDebugJavaRes (Thread[#40518,Execution worker Thread 31,5,main]) started.
[        ] :file_selector_android:processDebugJavaRes (Thread[#40518,Execution worker Thread 31,5,main]) started.
[        ] > Task :file_selector_android:processDebugJavaRes NO-SOURCE
[        ] file or directory '/Users/florian/.pub-cache/hosted/pub.dev/file_selector_android-0.5.2+4/android/src/main/resources', not found
[        ] file or directory '/Users/florian/.pub-cache/hosted/pub.dev/file_selector_android-0.5.2+4/android/src/debug/resources', not found
[        ] Skipping task ':file_selector_android:processDebugJavaRes' as it has no source files and no previous output files.
[        ] work action resolve out (project :file_selector_android) (Thread[#40518,Execution worker Thread 31,5,main]) started.
[        ] Resolve mutations for :flutter_keyboard_visibility_temp_fork:processDebugJavaRes (Thread[#40518,Execution worker Thread 31,5,main]) started.
[        ] :flutter_keyboard_visibility_temp_fork:processDebugJavaRes (Thread[#40518,Execution worker Thread 31,5,main]) started.
[        ] > Task :flutter_keyboard_visibility_temp_fork:processDebugJavaRes NO-SOURCE
[        ] file or directory '/Users/florian/.pub-cache/hosted/pub.dev/flutter_keyboard_visibility_temp_fork-0.1.5/android/src/main/resources', not found
[        ] file or directory '/Users/florian/.pub-cache/hosted/pub.dev/flutter_keyboard_visibility_temp_fork-0.1.5/android/src/debug/resources', not found
[        ] Skipping task ':flutter_keyboard_visibility_temp_fork:processDebugJavaRes' as it has no source files and no previous output files.
[        ] work action resolve out (project :flutter_keyboard_visibility_temp_fork) (Thread[#40518,Execution worker Thread 31,5,main]) started.
[        ] Resolve mutations for :flutter_native_splash:processDebugJavaRes (Thread[#40518,Execution worker Thread 31,5,main]) started.
[        ] :flutter_native_splash:processDebugJavaRes (Thread[#40511,Execution worker Thread 24,5,main]) started.
[        ] > Task :flutter_native_splash:processDebugJavaRes NO-SOURCE
[        ] file or directory '/Users/florian/.pub-cache/hosted/pub.dev/flutter_native_splash-2.4.7/android/src/main/resources', not found
[        ] file or directory '/Users/florian/.pub-cache/hosted/pub.dev/flutter_native_splash-2.4.7/android/src/debug/resources', not found
[        ] Skipping task ':flutter_native_splash:processDebugJavaRes' as it has no source files and no previous output files.
[        ] work action resolve out (project :flutter_native_splash) (Thread[#40511,Execution worker Thread 24,5,main]) started.
[        ] Resolve mutations for :flutter_olm:processDebugJavaRes (Thread[#40511,Execution worker Thread 24,5,main]) started.
[        ] :flutter_olm:processDebugJavaRes (Thread[#40511,Execution worker Thread 24,5,main]) started.
[        ] > Task :flutter_olm:processDebugJavaRes UP-TO-DATE
[        ] file or directory '/Users/florian/.pub-cache/hosted/pub.dev/flutter_olm-2.0.0/android/src/main/resources', not found
[        ] file or directory '/Users/florian/.pub-cache/hosted/pub.dev/flutter_olm-2.0.0/android/src/debug/resources', not found
[        ] file or directory '/Users/florian/.pub-cache/hosted/pub.dev/flutter_olm-2.0.0/android/src/main/resources', not found
[        ] file or directory '/Users/florian/.pub-cache/hosted/pub.dev/flutter_olm-2.0.0/android/src/debug/resources', not found
[        ] Caching disabled for task ':flutter_olm:processDebugJavaRes' because:
[        ]   Build cache is disabled
[        ]   Caching has been disabled for the task
[        ] Skipping task ':flutter_olm:processDebugJavaRes' as it is up-to-date.
[        ] work action resolve out (project :flutter_olm) (Thread[#40511,Execution worker Thread 24,5,main]) started.
[        ] Resolve mutations for :flutter_openssl_crypto:processDebugJavaRes (Thread[#40511,Execution worker Thread 24,5,main]) started.
[        ] :flutter_openssl_crypto:processDebugJavaRes (Thread[#40511,Execution worker Thread 24,5,main]) started.
[        ] > Task :flutter_openssl_crypto:processDebugJavaRes UP-TO-DATE
[        ] file or directory '/Users/florian/.pub-cache/hosted/pub.dev/flutter_openssl_crypto-0.5.0/android/src/main/resources', not found
[        ] file or directory '/Users/florian/.pub-cache/hosted/pub.dev/flutter_openssl_crypto-0.5.0/android/src/debug/resources', not found
[        ] file or directory '/Users/florian/.pub-cache/hosted/pub.dev/flutter_openssl_crypto-0.5.0/android/src/main/resources', not found
[        ] file or directory '/Users/florian/.pub-cache/hosted/pub.dev/flutter_openssl_crypto-0.5.0/android/src/debug/resources', not found
[        ] Caching disabled for task ':flutter_openssl_crypto:processDebugJavaRes' because:
[        ]   Build cache is disabled
[        ]   Caching has been disabled for the task
[        ] Skipping task ':flutter_openssl_crypto:processDebugJavaRes' as it is up-to-date.
[        ] work action resolve out (project :flutter_openssl_crypto) (Thread[#40511,Execution worker Thread 24,5,main]) started.
[        ] Resolve mutations for :integration_test:processDebugJavaRes (Thread[#40511,Execution worker Thread 24,5,main]) started.
[        ] :integration_test:processDebugJavaRes (Thread[#40511,Execution worker Thread 24,5,main]) started.
[        ] > Task :integration_test:processDebugJavaRes NO-SOURCE
[        ] file or directory '/opt/homebrew/share/flutter/packages/integration_test/android/src/main/resources', not found
[        ] file or directory '/opt/homebrew/share/flutter/packages/integration_test/android/src/debug/resources', not found
[        ] Skipping task ':integration_test:processDebugJavaRes' as it has no source files and no previous output files.
[        ] work action resolve out (project :integration_test) (Thread[#40511,Execution worker Thread 24,5,main]) started.
[        ] Resolve mutations for :path_provider_android:processDebugJavaRes (Thread[#40511,Execution worker Thread 24,5,main]) started.
[        ] :path_provider_android:processDebugJavaRes (Thread[#40511,Execution worker Thread 24,5,main]) started.
[        ] > Task :path_provider_android:processDebugJavaRes NO-SOURCE
[        ] file or directory '/Users/florian/.pub-cache/hosted/pub.dev/path_provider_android-2.2.22/android/src/main/resources', not found
[        ] file or directory '/Users/florian/.pub-cache/hosted/pub.dev/path_provider_android-2.2.22/android/src/debug/resources', not found
[        ] Skipping task ':path_provider_android:processDebugJavaRes' as it has no source files and no previous output files.
[        ] work action resolve out (project :path_provider_android) (Thread[#40511,Execution worker Thread 24,5,main]) started.
[        ] Resolve mutations for :quill_native_bridge_android:processDebugJavaRes (Thread[#40511,Execution worker Thread 24,5,main]) started.
[        ] :quill_native_bridge_android:processDebugJavaRes (Thread[#40511,Execution worker Thread 24,5,main]) started.
[        ] > Task :quill_native_bridge_android:processDebugJavaRes UP-TO-DATE
[        ] file or directory '/Users/florian/.pub-cache/hosted/pub.dev/quill_native_bridge_android-0.0.1+2/android/src/main/resources', not found
[        ] file or directory '/Users/florian/.pub-cache/hosted/pub.dev/quill_native_bridge_android-0.0.1+2/android/src/debug/resources', not found
[        ] file or directory '/Users/florian/.pub-cache/hosted/pub.dev/quill_native_bridge_android-0.0.1+2/android/src/main/resources', not found
[        ] file or directory '/Users/florian/.pub-cache/hosted/pub.dev/quill_native_bridge_android-0.0.1+2/android/src/debug/resources', not found
[        ] Caching disabled for task ':quill_native_bridge_android:processDebugJavaRes' because:
[        ]   Build cache is disabled
[        ]   Caching has been disabled for the task
[        ] Skipping task ':quill_native_bridge_android:processDebugJavaRes' as it is up-to-date.
[        ] work action resolve out (project :quill_native_bridge_android) (Thread[#40511,Execution worker Thread 24,5,main]) started.
[        ] Resolve mutations for :shared_preferences_android:processDebugJavaRes (Thread[#40511,Execution worker Thread 24,5,main]) started.
[        ] :shared_preferences_android:processDebugJavaRes (Thread[#40511,Execution worker Thread 24,5,main]) started.
[        ] > Task :shared_preferences_android:processDebugJavaRes UP-TO-DATE
[        ] file or directory '/Users/florian/.pub-cache/hosted/pub.dev/shared_preferences_android-2.4.20/android/src/main/resources', not found
[        ] file or directory '/Users/florian/.pub-cache/hosted/pub.dev/shared_preferences_android-2.4.20/android/src/debug/resources', not found
[        ] file or directory '/Users/florian/.pub-cache/hosted/pub.dev/shared_preferences_android-2.4.20/android/src/main/resources', not found
[        ] file or directory '/Users/florian/.pub-cache/hosted/pub.dev/shared_preferences_android-2.4.20/android/src/debug/resources', not found
[        ] Caching disabled for task ':shared_preferences_android:processDebugJavaRes' because:
[        ]   Build cache is disabled
[        ]   Caching has been disabled for the task
[        ] Skipping task ':shared_preferences_android:processDebugJavaRes' as it is up-to-date.
[        ] work action resolve out (project :shared_preferences_android) (Thread[#40511,Execution worker Thread 24,5,main]) started.
[        ] Resolve mutations for :sqflite_android:processDebugJavaRes (Thread[#40511,Execution worker Thread 24,5,main]) started.
[        ] :sqflite_android:processDebugJavaRes (Thread[#40511,Execution worker Thread 24,5,main]) started.
[        ] > Task :sqflite_android:processDebugJavaRes NO-SOURCE
[        ] file or directory '/Users/florian/.pub-cache/hosted/pub.dev/sqflite_android-2.4.2+2/android/src/main/resources', not found
[        ] file or directory '/Users/florian/.pub-cache/hosted/pub.dev/sqflite_android-2.4.2+2/android/src/debug/resources', not found
[        ] Skipping task ':sqflite_android:processDebugJavaRes' as it has no source files and no previous output files.
[        ] work action resolve out (project :sqflite_android) (Thread[#40511,Execution worker Thread 24,5,main]) started.
[        ] Resolve mutations for :url_launcher_android:processDebugJavaRes (Thread[#40511,Execution worker Thread 24,5,main]) started.
[        ] :url_launcher_android:processDebugJavaRes (Thread[#40511,Execution worker Thread 24,5,main]) started.
[        ] > Task :url_launcher_android:processDebugJavaRes NO-SOURCE
[        ] file or directory '/Users/florian/.pub-cache/hosted/pub.dev/url_launcher_android-6.3.28/android/src/main/resources', not found
[        ] file or directory '/Users/florian/.pub-cache/hosted/pub.dev/url_launcher_android-6.3.28/android/src/debug/resources', not found
[        ] Skipping task ':url_launcher_android:processDebugJavaRes' as it has no source files and no previous output files.
[        ] work action resolve out (project :url_launcher_android) (Thread[#40511,Execution worker Thread 24,5,main]) started.
[        ] Resolve mutations for :video_player_android:processDebugJavaRes (Thread[#40511,Execution worker Thread 24,5,main]) started.
[        ] :video_player_android:processDebugJavaRes (Thread[#40511,Execution worker Thread 24,5,main]) started.
[        ] > Task :video_player_android:processDebugJavaRes UP-TO-DATE
[        ] file or directory '/Users/florian/.pub-cache/hosted/pub.dev/video_player_android-2.9.1/android/src/main/resources', not found
[        ] file or directory '/Users/florian/.pub-cache/hosted/pub.dev/video_player_android-2.9.1/android/src/debug/resources', not found
[        ] file or directory '/Users/florian/.pub-cache/hosted/pub.dev/video_player_android-2.9.1/android/src/main/resources', not found
[        ] file or directory '/Users/florian/.pub-cache/hosted/pub.dev/video_player_android-2.9.1/android/src/debug/resources', not found
[        ] Caching disabled for task ':video_player_android:processDebugJavaRes' because:
[        ]   Build cache is disabled
[        ]   Caching has been disabled for the task
[        ] Skipping task ':video_player_android:processDebugJavaRes' as it is up-to-date.
[        ] work action resolve out (project :video_player_android) (Thread[#40511,Execution worker Thread 24,5,main]) started.
[        ] Resolve mutations for :app:mergeDebugJavaResource (Thread[#40511,Execution worker Thread 24,5,main]) started.
[        ] :app:mergeDebugJavaResource (Thread[#40511,Execution worker Thread 24,5,main]) started.
[        ] > Task :app:mergeDebugJavaResource UP-TO-DATE
[        ] Caching disabled for task ':app:mergeDebugJavaResource' because:
[        ]   Build cache is disabled
[        ]   Caching has been disabled for the task
[        ] Skipping task ':app:mergeDebugJavaResource' as it is up-to-date.
[        ] Resolve mutations for :app:checkDebugDuplicateClasses (Thread[#40511,Execution worker Thread 24,5,main]) started.
[        ] :app:checkDebugDuplicateClasses (Thread[#40511,Execution worker Thread 24,5,main]) started.
[        ] > Task :app:checkDebugDuplicateClasses UP-TO-DATE
[        ] Caching disabled for task ':app:checkDebugDuplicateClasses' because:
[        ]   Build cache is disabled
[        ]   Caching has been disabled for the task
[        ] Skipping task ':app:checkDebugDuplicateClasses' as it is up-to-date.
[        ] Resolve mutations for :app:desugarDebugFileDependencies (Thread[#40511,Execution worker Thread 24,5,main]) started.
[        ] :app:desugarDebugFileDependencies (Thread[#40511,Execution worker Thread 24,5,main]) started.
[        ] > Task :app:desugarDebugFileDependencies UP-TO-DATE
[        ] Caching disabled for task ':app:desugarDebugFileDependencies' because:
[        ]   Build cache is disabled
[        ] Skipping task ':app:desugarDebugFileDependencies' as it is up-to-date.
[        ] Resolve mutations for :app:mergeExtDexDebug (Thread[#40511,Execution worker Thread 24,5,main]) started.
[        ] :app:mergeExtDexDebug (Thread[#40511,Execution worker Thread 24,5,main]) started.
[        ] > Task :app:mergeExtDexDebug UP-TO-DATE
[        ] Caching disabled for task ':app:mergeExtDexDebug' because:
[        ]   Build cache is disabled
[        ] Skipping task ':app:mergeExtDexDebug' as it is up-to-date.
[        ] Resolve mutations for :connectivity_plus:bundleLibRuntimeToDirDebug (Thread[#40511,Execution worker Thread 24,5,main]) started.
[        ] :connectivity_plus:bundleLibRuntimeToDirDebug (Thread[#40511,Execution worker Thread 24,5,main]) started.
[        ] > Task :connectivity_plus:bundleLibRuntimeToDirDebug UP-TO-DATE
[        ] Caching disabled for task ':connectivity_plus:bundleLibRuntimeToDirDebug' because:
[        ]   Build cache is disabled
[        ]   Simple merging task
[        ] Skipping task ':connectivity_plus:bundleLibRuntimeToDirDebug' as it is up-to-date.
[        ] work action resolve bundleLibRuntimeToDirDebug (project :connectivity_plus) (Thread[#40511,Execution worker Thread 24,5,main]) started.
[        ] ClassesDirToClassesTransform (Thread[#40511,Execution worker Thread 24,5,main]) started.
[        ] Resolve mutations for :emoji_picker_flutter:bundleLibRuntimeToDirDebug (Thread[#40508,Execution worker Thread 21,5,main]) started.
[        ] :emoji_picker_flutter:bundleLibRuntimeToDirDebug (Thread[#40508,Execution worker Thread 21,5,main]) started.
[        ] DexingNoClasspathTransform (Thread[#40511,Execution worker Thread 24,5,main]) started.
[        ] > Task :emoji_picker_flutter:bundleLibRuntimeToDirDebug UP-TO-DATE
[        ] Caching disabled for task ':emoji_picker_flutter:bundleLibRuntimeToDirDebug' because:
[        ]   Build cache is disabled
[        ]   Simple merging task
[        ] Skipping task ':emoji_picker_flutter:bundleLibRuntimeToDirDebug' as it is up-to-date.
[        ] work action resolve bundleLibRuntimeToDirDebug (project :emoji_picker_flutter) (Thread[#40508,Execution worker Thread 21,5,main]) started.
[        ] ClassesDirToClassesTransform (Thread[#40508,Execution worker Thread 21,5,main]) started.
[        ] Resolve mutations for :file_selector_android:bundleLibRuntimeToDirDebug (Thread[#40491,Execution worker Thread 5,5,main]) started.
[        ] :file_selector_android:bundleLibRuntimeToDirDebug (Thread[#40491,Execution worker Thread 5,5,main]) started.
[        ] > Transform bundleLibRuntimeToDirDebug (project :connectivity_plus) with DexingNoClasspathTransform
[        ] Caching disabled for DexingNoClasspathTransform: /Users/florian/Code/substitution/build/connectivity_plus/intermediates/runtime_library_classes_dir/debug/bundleLibRuntimeToDirDebug because:
[        ]   Build cache is disabled
[        ] Skipping DexingNoClasspathTransform: /Users/florian/Code/substitution/build/connectivity_plus/intermediates/runtime_library_classes_dir/debug/bundleLibRuntimeToDirDebug as it is up-to-date.
[        ] DexingNoClasspathTransform (Thread[#40508,Execution worker Thread 21,5,main]) started.
[        ] > Transform bundleLibRuntimeToDirDebug (project :emoji_picker_flutter) with DexingNoClasspathTransform
[        ] Caching disabled for DexingNoClasspathTransform: /Users/florian/Code/substitution/build/emoji_picker_flutter/intermediates/runtime_library_classes_dir/debug/bundleLibRuntimeToDirDebug because:
[        ]   Build cache is disabled
[        ] Skipping DexingNoClasspathTransform: /Users/florian/Code/substitution/build/emoji_picker_flutter/intermediates/runtime_library_classes_dir/debug/bundleLibRuntimeToDirDebug as it is up-to-date.
[        ] > Task :file_selector_android:bundleLibRuntimeToDirDebug UP-TO-DATE
[        ] Caching disabled for task ':file_selector_android:bundleLibRuntimeToDirDebug' because:
[        ]   Build cache is disabled
[        ]   Simple merging task
[        ] Skipping task ':file_selector_android:bundleLibRuntimeToDirDebug' as it is up-to-date.
[        ] work action resolve bundleLibRuntimeToDirDebug (project :file_selector_android) (Thread[#40491,Execution worker Thread 5,5,main]) started.
[        ] ClassesDirToClassesTransform (Thread[#40491,Execution worker Thread 5,5,main]) started.
[        ] Resolve mutations for :flutter_keyboard_visibility_temp_fork:bundleLibRuntimeToDirDebug (Thread[#40512,Execution worker Thread 25,5,main]) started.
[        ] :flutter_keyboard_visibility_temp_fork:bundleLibRuntimeToDirDebug (Thread[#40512,Execution worker Thread 25,5,main]) started.
[        ] DexingNoClasspathTransform (Thread[#40491,Execution worker Thread 5,5,main]) started.
[        ] > Task :flutter_keyboard_visibility_temp_fork:bundleLibRuntimeToDirDebug UP-TO-DATE
[        ] Caching disabled for task ':flutter_keyboard_visibility_temp_fork:bundleLibRuntimeToDirDebug' because:
[        ]   Build cache is disabled
[        ]   Simple merging task
[        ] Skipping task ':flutter_keyboard_visibility_temp_fork:bundleLibRuntimeToDirDebug' as it is up-to-date.
[        ] work action resolve bundleLibRuntimeToDirDebug (project :flutter_keyboard_visibility_temp_fork) (Thread[#40512,Execution worker Thread 25,5,main]) started.
[        ] ClassesDirToClassesTransform (Thread[#40512,Execution worker Thread 25,5,main]) started.
[        ] Resolve mutations for :flutter_native_splash:bundleLibRuntimeToDirDebug (Thread[#40511,Execution worker Thread 24,5,main]) started.
[        ] DexingNoClasspathTransform (Thread[#40512,Execution worker Thread 25,5,main]) started.
[        ] :flutter_native_splash:bundleLibRuntimeToDirDebug (Thread[#40511,Execution worker Thread 24,5,main]) started.
[        ] > Transform bundleLibRuntimeToDirDebug (project :file_selector_android) with DexingNoClasspathTransform
[        ] Caching disabled for DexingNoClasspathTransform: /Users/florian/Code/substitution/build/file_selector_android/intermediates/runtime_library_classes_dir/debug/bundleLibRuntimeToDirDebug because:
[        ]   Build cache is disabled
[        ] Skipping DexingNoClasspathTransform: /Users/florian/Code/substitution/build/file_selector_android/intermediates/runtime_library_classes_dir/debug/bundleLibRuntimeToDirDebug as it is up-to-date.
[        ] > Task :flutter_native_splash:bundleLibRuntimeToDirDebug UP-TO-DATE
[        ] Caching disabled for task ':flutter_native_splash:bundleLibRuntimeToDirDebug' because:
[        ]   Build cache is disabled
[        ]   Simple merging task
[        ] Skipping task ':flutter_native_splash:bundleLibRuntimeToDirDebug' as it is up-to-date.
[        ] work action resolve bundleLibRuntimeToDirDebug (project :flutter_native_splash) (Thread[#40511,Execution worker Thread 24,5,main]) started.
[        ] > Transform bundleLibRuntimeToDirDebug (project :flutter_keyboard_visibility_temp_fork) with DexingNoClasspathTransform
[        ] Caching disabled for DexingNoClasspathTransform: /Users/florian/Code/substitution/build/flutter_keyboard_visibility_temp_fork/intermediates/runtime_library_classes_dir/debug/bundleLibRuntimeToDirDebug because:
[        ]   Build cache is disabled
[        ] Skipping DexingNoClasspathTransform: /Users/florian/Code/substitution/build/flutter_keyboard_visibility_temp_fork/intermediates/runtime_library_classes_dir/debug/bundleLibRuntimeToDirDebug as it is up-to-date.
[        ] ClassesDirToClassesTransform (Thread[#40511,Execution worker Thread 24,5,main]) started.
[        ] Resolve mutations for :flutter_olm:bundleLibRuntimeToDirDebug (Thread[#40502,Execution worker Thread 15,5,main]) started.
[        ] DexingNoClasspathTransform (Thread[#40502,Execution worker Thread 15,5,main]) started.
[        ] :flutter_olm:bundleLibRuntimeToDirDebug (Thread[#40508,Execution worker Thread 21,5,main]) started.
[        ] > Task :flutter_olm:bundleLibRuntimeToDirDebug UP-TO-DATE
[        ] Caching disabled for task ':flutter_olm:bundleLibRuntimeToDirDebug' because:
[        ]   Build cache is disabled
[        ]   Simple merging task
[        ] Skipping task ':flutter_olm:bundleLibRuntimeToDirDebug' as it is up-to-date.
[        ] work action resolve bundleLibRuntimeToDirDebug (project :flutter_olm) (Thread[#40508,Execution worker Thread 21,5,main]) started.
[        ] ClassesDirToClassesTransform (Thread[#40508,Execution worker Thread 21,5,main]) started.
[        ] Resolve mutations for :flutter_openssl_crypto:bundleLibRuntimeToDirDebug (Thread[#40511,Execution worker Thread 24,5,main]) started.
[        ] > Transform bundleLibRuntimeToDirDebug (project :flutter_native_splash) with DexingNoClasspathTransform
[        ] Caching disabled for DexingNoClasspathTransform: /Users/florian/Code/substitution/build/flutter_native_splash/intermediates/runtime_library_classes_dir/debug/bundleLibRuntimeToDirDebug because:
[        ]   Build cache is disabled
[        ] Skipping DexingNoClasspathTransform: /Users/florian/Code/substitution/build/flutter_native_splash/intermediates/runtime_library_classes_dir/debug/bundleLibRuntimeToDirDebug as it is up-to-date.
[        ] :flutter_openssl_crypto:bundleLibRuntimeToDirDebug (Thread[#40511,Execution worker Thread 24,5,main]) started.
[        ] DexingNoClasspathTransform (Thread[#40508,Execution worker Thread 21,5,main]) started.
[        ] > Task :flutter_openssl_crypto:bundleLibRuntimeToDirDebug UP-TO-DATE
[        ] Caching disabled for task ':flutter_openssl_crypto:bundleLibRuntimeToDirDebug' because:
[        ]   Build cache is disabled
[        ]   Simple merging task
[        ] Skipping task ':flutter_openssl_crypto:bundleLibRuntimeToDirDebug' as it is up-to-date.
[        ] work action resolve bundleLibRuntimeToDirDebug (project :flutter_openssl_crypto) (Thread[#40511,Execution worker Thread 24,5,main]) started.
[        ] ClassesDirToClassesTransform (Thread[#40511,Execution worker Thread 24,5,main]) started.
[        ] Resolve mutations for :integration_test:bundleLibRuntimeToDirDebug (Thread[#40516,Execution worker Thread 29,5,main]) started.
[        ] DexingNoClasspathTransform (Thread[#40511,Execution worker Thread 24,5,main]) started.
[        ] > Transform bundleLibRuntimeToDirDebug (project :flutter_olm) with DexingNoClasspathTransform
[        ] Caching disabled for DexingNoClasspathTransform: /Users/florian/Code/substitution/build/flutter_olm/intermediates/runtime_library_classes_dir/debug/bundleLibRuntimeToDirDebug because:
[        ]   Build cache is disabled
[        ] Skipping DexingNoClasspathTransform: /Users/florian/Code/substitution/build/flutter_olm/intermediates/runtime_library_classes_dir/debug/bundleLibRuntimeToDirDebug as it is up-to-date.
[        ] :integration_test:bundleLibRuntimeToDirDebug (Thread[#40516,Execution worker Thread 29,5,main]) started.
[        ] > Transform bundleLibRuntimeToDirDebug (project :flutter_openssl_crypto) with DexingNoClasspathTransform
[        ] Caching disabled for DexingNoClasspathTransform: /Users/florian/Code/substitution/build/flutter_openssl_crypto/intermediates/runtime_library_classes_dir/debug/bundleLibRuntimeToDirDebug because:
[        ]   Build cache is disabled
[        ] Skipping DexingNoClasspathTransform: /Users/florian/Code/substitution/build/flutter_openssl_crypto/intermediates/runtime_library_classes_dir/debug/bundleLibRuntimeToDirDebug as it is up-to-date.
[        ] > Task :integration_test:bundleLibRuntimeToDirDebug UP-TO-DATE
[        ] Caching disabled for task ':integration_test:bundleLibRuntimeToDirDebug' because:
[        ]   Build cache is disabled
[        ]   Simple merging task
[        ] Skipping task ':integration_test:bundleLibRuntimeToDirDebug' as it is up-to-date.
[        ] work action resolve bundleLibRuntimeToDirDebug (project :integration_test) (Thread[#40516,Execution worker Thread 29,5,main]) started.
[        ] ClassesDirToClassesTransform (Thread[#40516,Execution worker Thread 29,5,main]) started.
[        ] Resolve mutations for :path_provider_android:bundleLibRuntimeToDirDebug (Thread[#40486,included builds,5,main]) started.
[        ] :path_provider_android:bundleLibRuntimeToDirDebug (Thread[#40486,included builds,5,main]) started.
[        ] DexingNoClasspathTransform (Thread[#40516,Execution worker Thread 29,5,main]) started.
[        ] > Task :path_provider_android:bundleLibRuntimeToDirDebug UP-TO-DATE
[        ] Caching disabled for task ':path_provider_android:bundleLibRuntimeToDirDebug' because:
[        ]   Build cache is disabled
[        ]   Simple merging task
[        ] Skipping task ':path_provider_android:bundleLibRuntimeToDirDebug' as it is up-to-date.
[        ] work action resolve bundleLibRuntimeToDirDebug (project :path_provider_android) (Thread[#40486,included builds,5,main]) started.
[        ] > Transform bundleLibRuntimeToDirDebug (project :integration_test) with DexingNoClasspathTransform
[        ] Caching disabled for DexingNoClasspathTransform: /Users/florian/Code/substitution/build/integration_test/intermediates/runtime_library_classes_dir/debug/bundleLibRuntimeToDirDebug because:
[        ]   Build cache is disabled
[        ] Skipping DexingNoClasspathTransform: /Users/florian/Code/substitution/build/integration_test/intermediates/runtime_library_classes_dir/debug/bundleLibRuntimeToDirDebug as it is up-to-date.
[        ] ClassesDirToClassesTransform (Thread[#40486,included builds,5,main]) started.
[        ] Resolve mutations for :quill_native_bridge_android:bundleLibRuntimeToDirDebug (Thread[#40511,Execution worker Thread 24,5,main]) started.
[        ] :quill_native_bridge_android:bundleLibRuntimeToDirDebug (Thread[#40511,Execution worker Thread 24,5,main]) started.
[        ] DexingNoClasspathTransform (Thread[#40486,included builds,5,main]) started.
[        ] > Transform bundleLibRuntimeToDirDebug (project :path_provider_android) with DexingNoClasspathTransform
[        ] Caching disabled for DexingNoClasspathTransform: /Users/florian/Code/substitution/build/path_provider_android/intermediates/runtime_library_classes_dir/debug/bundleLibRuntimeToDirDebug because:
[        ]   Build cache is disabled
[        ] Skipping DexingNoClasspathTransform: /Users/florian/Code/substitution/build/path_provider_android/intermediates/runtime_library_classes_dir/debug/bundleLibRuntimeToDirDebug as it is up-to-date.
[        ] > Task :quill_native_bridge_android:bundleLibRuntimeToDirDebug UP-TO-DATE
[        ] Caching disabled for task ':quill_native_bridge_android:bundleLibRuntimeToDirDebug' because:
[        ]   Build cache is disabled
[        ]   Simple merging task
[        ] Skipping task ':quill_native_bridge_android:bundleLibRuntimeToDirDebug' as it is up-to-date.
[        ] work action resolve bundleLibRuntimeToDirDebug (project :quill_native_bridge_android) (Thread[#40511,Execution worker Thread 24,5,main]) started.
[        ] ClassesDirToClassesTransform (Thread[#40511,Execution worker Thread 24,5,main]) started.
[        ] Resolve mutations for :shared_preferences_android:bundleLibRuntimeToDirDebug (Thread[#40486,included builds,5,main]) started.
[        ] DexingNoClasspathTransform (Thread[#40511,Execution worker Thread 24,5,main]) started.
[        ] :shared_preferences_android:bundleLibRuntimeToDirDebug (Thread[#40487,Execution worker,5,main]) started.
[        ] > Transform bundleLibRuntimeToDirDebug (project :quill_native_bridge_android) with DexingNoClasspathTransform
[        ] Caching disabled for DexingNoClasspathTransform: /Users/florian/Code/substitution/build/quill_native_bridge_android/intermediates/runtime_library_classes_dir/debug/bundleLibRuntimeToDirDebug because:
[        ]   Build cache is disabled
[        ] Skipping DexingNoClasspathTransform: /Users/florian/Code/substitution/build/quill_native_bridge_android/intermediates/runtime_library_classes_dir/debug/bundleLibRuntimeToDirDebug as it is up-to-date.
[        ] > Task :shared_preferences_android:bundleLibRuntimeToDirDebug UP-TO-DATE
[        ] Caching disabled for task ':shared_preferences_android:bundleLibRuntimeToDirDebug' because:
[        ]   Build cache is disabled
[        ]   Simple merging task
[        ] Skipping task ':shared_preferences_android:bundleLibRuntimeToDirDebug' as it is up-to-date.
[        ] work action resolve bundleLibRuntimeToDirDebug (project :shared_preferences_android) (Thread[#40487,Execution worker,5,main]) started.
[        ] ClassesDirToClassesTransform (Thread[#40487,Execution worker,5,main]) started.
[        ] Resolve mutations for :sqflite_android:bundleLibRuntimeToDirDebug (Thread[#40511,Execution worker Thread 24,5,main]) started.
[        ] :sqflite_android:bundleLibRuntimeToDirDebug (Thread[#40511,Execution worker Thread 24,5,main]) started.
[        ] DexingNoClasspathTransform (Thread[#40487,Execution worker,5,main]) started.
[        ] > Task :sqflite_android:bundleLibRuntimeToDirDebug UP-TO-DATE
[        ] Caching disabled for task ':sqflite_android:bundleLibRuntimeToDirDebug' because:
[        ]   Build cache is disabled
[        ]   Simple merging task
[        ] Skipping task ':sqflite_android:bundleLibRuntimeToDirDebug' as it is up-to-date.
[        ] work action resolve bundleLibRuntimeToDirDebug (project :sqflite_android) (Thread[#40511,Execution worker Thread 24,5,main]) started.
[        ] ClassesDirToClassesTransform (Thread[#40511,Execution worker Thread 24,5,main]) started.
[        ] Resolve mutations for :url_launcher_android:bundleLibRuntimeToDirDebug (Thread[#40504,Execution worker Thread 17,5,main]) started.
[        ] :url_launcher_android:bundleLibRuntimeToDirDebug (Thread[#40504,Execution worker Thread 17,5,main]) started.
[        ] DexingNoClasspathTransform (Thread[#40511,Execution worker Thread 24,5,main]) started.
[        ] > Transform bundleLibRuntimeToDirDebug (project :shared_preferences_android) with DexingNoClasspathTransform
[        ] Caching disabled for DexingNoClasspathTransform: /Users/florian/Code/substitution/build/shared_preferences_android/intermediates/runtime_library_classes_dir/debug/bundleLibRuntimeToDirDebug because:
[        ]   Build cache is disabled
[        ] Skipping DexingNoClasspathTransform: /Users/florian/Code/substitution/build/shared_preferences_android/intermediates/runtime_library_classes_dir/debug/bundleLibRuntimeToDirDebug as it is up-to-date.
[        ] > Task :url_launcher_android:bundleLibRuntimeToDirDebug UP-TO-DATE
[        ] Caching disabled for task ':url_launcher_android:bundleLibRuntimeToDirDebug' because:
[        ]   Build cache is disabled
[        ]   Simple merging task
[        ] Skipping task ':url_launcher_android:bundleLibRuntimeToDirDebug' as it is up-to-date.
[        ] work action resolve bundleLibRuntimeToDirDebug (project :url_launcher_android) (Thread[#40504,Execution worker Thread 17,5,main]) started.
[        ] ClassesDirToClassesTransform (Thread[#40504,Execution worker Thread 17,5,main]) started.
[        ] Resolve mutations for :video_player_android:bundleLibRuntimeToDirDebug (Thread[#40512,Execution worker Thread 25,5,main]) started.
[        ] :video_player_android:bundleLibRuntimeToDirDebug (Thread[#40512,Execution worker Thread 25,5,main]) started.
[        ] DexingNoClasspathTransform (Thread[#40504,Execution worker Thread 17,5,main]) started.
[        ] > Transform bundleLibRuntimeToDirDebug (project :sqflite_android) with DexingNoClasspathTransform
[        ] Caching disabled for DexingNoClasspathTransform: /Users/florian/Code/substitution/build/sqflite_android/intermediates/runtime_library_classes_dir/debug/bundleLibRuntimeToDirDebug because:
[        ]   Build cache is disabled
[        ] Skipping DexingNoClasspathTransform: /Users/florian/Code/substitution/build/sqflite_android/intermediates/runtime_library_classes_dir/debug/bundleLibRuntimeToDirDebug as it is up-to-date.
[        ] > Transform bundleLibRuntimeToDirDebug (project :url_launcher_android) with DexingNoClasspathTransform
[        ] Caching disabled for DexingNoClasspathTransform: /Users/florian/Code/substitution/build/url_launcher_android/intermediates/runtime_library_classes_dir/debug/bundleLibRuntimeToDirDebug because:
[        ]   Build cache is disabled
[        ] Skipping DexingNoClasspathTransform: /Users/florian/Code/substitution/build/url_launcher_android/intermediates/runtime_library_classes_dir/debug/bundleLibRuntimeToDirDebug as it is up-to-date.
[        ] > Task :video_player_android:bundleLibRuntimeToDirDebug UP-TO-DATE
[        ] Caching disabled for task ':video_player_android:bundleLibRuntimeToDirDebug' because:
[        ]   Build cache is disabled
[        ]   Simple merging task
[        ] Skipping task ':video_player_android:bundleLibRuntimeToDirDebug' as it is up-to-date.
[        ] work action resolve bundleLibRuntimeToDirDebug (project :video_player_android) (Thread[#40512,Execution worker Thread 25,5,main]) started.
[        ] ClassesDirToClassesTransform (Thread[#40512,Execution worker Thread 25,5,main]) started.
[        ] Resolve mutations for :app:dexBuilderDebug (Thread[#40491,Execution worker Thread 5,5,main]) started.
[        ] DexingNoClasspathTransform (Thread[#40512,Execution worker Thread 25,5,main]) started.
[        ] :app:dexBuilderDebug (Thread[#40491,Execution worker Thread 5,5,main]) started.
[        ] > Task :app:dexBuilderDebug UP-TO-DATE
[        ] Caching disabled for task ':app:dexBuilderDebug' because:
[        ]   Build cache is disabled
[        ] Skipping task ':app:dexBuilderDebug' as it is up-to-date.
[        ] > Transform bundleLibRuntimeToDirDebug (project :video_player_android) with DexingNoClasspathTransform
[        ] Caching disabled for DexingNoClasspathTransform: /Users/florian/Code/substitution/build/video_player_android/intermediates/runtime_library_classes_dir/debug/bundleLibRuntimeToDirDebug because:
[        ]   Build cache is disabled
[        ] Skipping DexingNoClasspathTransform: /Users/florian/Code/substitution/build/video_player_android/intermediates/runtime_library_classes_dir/debug/bundleLibRuntimeToDirDebug as it is up-to-date.
[        ] Resolve mutations for :app:mergeProjectDexDebug (Thread[#40491,Execution worker Thread 5,5,main]) started.
[        ] Resolve mutations for :app:mergeLibDexDebug (Thread[#40491,Execution worker Thread 5,5,main]) started.
[        ] :app:mergeLibDexDebug (Thread[#40491,Execution worker Thread 5,5,main]) started.
[        ] > Task :app:mergeLibDexDebug UP-TO-DATE
[        ] Caching disabled for task ':app:mergeLibDexDebug' because:
[        ]   Build cache is disabled
[        ] Skipping task ':app:mergeLibDexDebug' as it is up-to-date.
[        ] :app:mergeProjectDexDebug (Thread[#40491,Execution worker Thread 5,5,main]) started.
[        ] > Task :app:mergeProjectDexDebug UP-TO-DATE
[        ] Caching disabled for task ':app:mergeProjectDexDebug' because:
[        ]   Build cache is disabled
[        ] Skipping task ':app:mergeProjectDexDebug' as it is up-to-date.
[        ] Resolve mutations for :app:configureCMakeDebug[arm64-v8a] (Thread[#40491,Execution worker Thread 5,5,main]) started.
[        ] :app:configureCMakeDebug[arm64-v8a] (Thread[#40491,Execution worker Thread 5,5,main]) started.
[        ] > Task :app:configureCMakeDebug[arm64-v8a]
[        ] Caching disabled for task ':app:configureCMakeDebug[arm64-v8a]' because:
[        ]   Build cache is disabled
[        ]   Caching has been disabled for the task
[        ] Task ':app:configureCMakeDebug[arm64-v8a]' is not up-to-date because:
[        ]   Task.upToDateWhen is false.
[        ] C/C++: /opt/homebrew/share/flutter/packages/flutter_tools/gradle/src/main/scripts/CMakeLists.txt debug|arm64-v8a : Start JSON generation. Platform version: 24 min SDK version: arm64-v8a
[        ] C/C++: /opt/homebrew/share/flutter/packages/flutter_tools/gradle/src/main/scripts/CMakeLists.txt debug|arm64-v8a : JSON '/Users/florian/Code/substitution/build/.cxx/debug/x6546535/arm64-v8a/android_gradle_build.json' was up-to-date
[        ] C/C++: /opt/homebrew/share/flutter/packages/flutter_tools/gradle/src/main/scripts/CMakeLists.txt debug|arm64-v8a : JSON generation completed without problems
[        ] C/C++: /opt/homebrew/share/flutter/packages/flutter_tools/gradle/src/main/scripts/CMakeLists.txt debug|arm64-v8a : Writing build model to /Users/florian/Code/substitution/build/app/intermediates/cxx/debug/x6546535/logs/arm64-v8a/build_model.json
[        ] Resolve mutations for :app:buildCMakeDebug[arm64-v8a] (Thread[#40491,Execution worker Thread 5,5,main]) started.
[        ] :app:buildCMakeDebug[arm64-v8a] (Thread[#40491,Execution worker Thread 5,5,main]) started.
[        ] > Task :app:buildCMakeDebug[arm64-v8a]
[        ] Caching disabled for task ':app:buildCMakeDebug[arm64-v8a]' because:
[        ]   Build cache is disabled
[        ]   Caching has been disabled for the task
[        ] Task ':app:buildCMakeDebug[arm64-v8a]' is not up-to-date because:
[        ]   Task.upToDateWhen is false.
[        ] C/C++: starting build
[        ] C/C++: reading expected JSONs
[        ] C/C++: done reading expected JSONs
[        ] C/C++: executing build commands for targets that produce .so files or executables
[        ] C/C++: evaluate miniconfig
[        ] C/C++: no libraries
[        ] Resolve mutations for :app:configureCMakeDebug[armeabi-v7a] (Thread[#40491,Execution worker Thread 5,5,main]) started.
[        ] :app:configureCMakeDebug[armeabi-v7a] (Thread[#40491,Execution worker Thread 5,5,main]) started.
[        ] > Task :app:configureCMakeDebug[armeabi-v7a]
[        ] Caching disabled for task ':app:configureCMakeDebug[armeabi-v7a]' because:
[        ]   Build cache is disabled
[        ]   Caching has been disabled for the task
[        ] Task ':app:configureCMakeDebug[armeabi-v7a]' is not up-to-date because:
[        ]   Task.upToDateWhen is false.
[        ] C/C++: /opt/homebrew/share/flutter/packages/flutter_tools/gradle/src/main/scripts/CMakeLists.txt debug|armeabi-v7a : Start JSON generation. Platform version: 24 min SDK version: armeabi-v7a
[        ] C/C++: /opt/homebrew/share/flutter/packages/flutter_tools/gradle/src/main/scripts/CMakeLists.txt debug|armeabi-v7a : JSON '/Users/florian/Code/substitution/build/.cxx/debug/x6546535/armeabi-v7a/android_gradle_build.json' was up-to-date
[        ] C/C++: /opt/homebrew/share/flutter/packages/flutter_tools/gradle/src/main/scripts/CMakeLists.txt debug|armeabi-v7a : JSON generation completed without problems
[        ] C/C++: /opt/homebrew/share/flutter/packages/flutter_tools/gradle/src/main/scripts/CMakeLists.txt debug|armeabi-v7a : Writing build model to /Users/florian/Code/substitution/build/app/intermediates/cxx/debug/x6546535/logs/armeabi-v7a/build_model.json
[        ] Resolve mutations for :app:buildCMakeDebug[armeabi-v7a] (Thread[#40491,Execution worker Thread 5,5,main]) started.
[        ] :app:buildCMakeDebug[armeabi-v7a] (Thread[#40491,Execution worker Thread 5,5,main]) started.
[        ] > Task :app:buildCMakeDebug[armeabi-v7a]
[        ] Caching disabled for task ':app:buildCMakeDebug[armeabi-v7a]' because:
[        ]   Build cache is disabled
[        ]   Caching has been disabled for the task
[        ] Task ':app:buildCMakeDebug[armeabi-v7a]' is not up-to-date because:
[        ]   Task.upToDateWhen is false.
[        ] C/C++: starting build
[        ] C/C++: reading expected JSONs
[        ] C/C++: done reading expected JSONs
[        ] C/C++: executing build commands for targets that produce .so files or executables
[        ] C/C++: evaluate miniconfig
[        ] C/C++: no libraries
[        ] Resolve mutations for :app:configureCMakeDebug[x86_64] (Thread[#40491,Execution worker Thread 5,5,main]) started.
[        ] :app:configureCMakeDebug[x86_64] (Thread[#40491,Execution worker Thread 5,5,main]) started.
[  +91 ms] > Task :app:configureCMakeDebug[x86_64]
[        ] Caching disabled for task ':app:configureCMakeDebug[x86_64]' because:
[        ]   Build cache is disabled
[        ]   Caching has been disabled for the task
[        ] Task ':app:configureCMakeDebug[x86_64]' is not up-to-date because:
[        ]   Task.upToDateWhen is false.
[        ] C/C++: /opt/homebrew/share/flutter/packages/flutter_tools/gradle/src/main/scripts/CMakeLists.txt debug|x86_64 : Start JSON generation. Platform version: 24 min SDK version: x86_64
[        ] C/C++: /opt/homebrew/share/flutter/packages/flutter_tools/gradle/src/main/scripts/CMakeLists.txt debug|x86_64 : JSON '/Users/florian/Code/substitution/build/.cxx/debug/x6546535/x86_64/android_gradle_build.json' was up-to-date
[        ] C/C++: /opt/homebrew/share/flutter/packages/flutter_tools/gradle/src/main/scripts/CMakeLists.txt debug|x86_64 : JSON generation completed without problems
[        ] C/C++: /opt/homebrew/share/flutter/packages/flutter_tools/gradle/src/main/scripts/CMakeLists.txt debug|x86_64 : Writing build model to /Users/florian/Code/substitution/build/app/intermediates/cxx/debug/x6546535/logs/x86_64/build_model.json
[        ] Resolve mutations for :app:buildCMakeDebug[x86_64] (Thread[#40491,Execution worker Thread 5,5,main]) started.
[        ] :app:buildCMakeDebug[x86_64] (Thread[#40491,Execution worker Thread 5,5,main]) started.
[        ] > Task :app:buildCMakeDebug[x86_64]
[        ] Caching disabled for task ':app:buildCMakeDebug[x86_64]' because:
[        ]   Build cache is disabled
[        ]   Caching has been disabled for the task
[        ] Task ':app:buildCMakeDebug[x86_64]' is not up-to-date because:
[        ]   Task.upToDateWhen is false.
[        ] C/C++: starting build
[        ] C/C++: reading expected JSONs
[        ] C/C++: done reading expected JSONs
[        ] C/C++: executing build commands for targets that produce .so files or executables
[        ] C/C++: evaluate miniconfig
[        ] C/C++: no libraries
[        ] Resolve mutations for :app:mergeDebugJniLibFolders (Thread[#40491,Execution worker Thread 5,5,main]) started.
[        ] :app:mergeDebugJniLibFolders (Thread[#40491,Execution worker Thread 5,5,main]) started.
[        ] > Task :app:mergeDebugJniLibFolders UP-TO-DATE
[        ] Caching disabled for task ':app:mergeDebugJniLibFolders' because:
[        ]   Build cache is disabled
[        ]   Simple merging task
[        ] Skipping task ':app:mergeDebugJniLibFolders' as it is up-to-date.
[        ] Resolve mutations for :connectivity_plus:mergeDebugJniLibFolders (Thread[#40491,Execution worker Thread 5,5,main]) started.
[        ] :connectivity_plus:mergeDebugJniLibFolders (Thread[#40491,Execution worker Thread 5,5,main]) started.
[        ] > Task :connectivity_plus:mergeDebugJniLibFolders UP-TO-DATE
[        ] Caching disabled for task ':connectivity_plus:mergeDebugJniLibFolders' because:
[        ]   Build cache is disabled
[        ]   Simple merging task
[        ] Skipping task ':connectivity_plus:mergeDebugJniLibFolders' as it is up-to-date.
[        ] Resolve mutations for :connectivity_plus:mergeDebugNativeLibs (Thread[#40491,Execution worker Thread 5,5,main]) started.
[        ] :connectivity_plus:mergeDebugNativeLibs (Thread[#40491,Execution worker Thread 5,5,main]) started.
[        ] > Task :connectivity_plus:mergeDebugNativeLibs NO-SOURCE
[        ] Skipping task ':connectivity_plus:mergeDebugNativeLibs' as it has no source files and no previous output files.
[        ] Resolve mutations for :connectivity_plus:copyDebugJniLibsProjectOnly (Thread[#40491,Execution worker Thread 5,5,main]) started.
[        ] :connectivity_plus:copyDebugJniLibsProjectOnly (Thread[#40491,Execution worker Thread 5,5,main]) started.
[        ] > Task :connectivity_plus:copyDebugJniLibsProjectOnly UP-TO-DATE
[        ] Caching disabled for task ':connectivity_plus:copyDebugJniLibsProjectOnly' because:
[        ]   Build cache is disabled
[        ]   Caching has been disabled for the task
[        ] Skipping task ':connectivity_plus:copyDebugJniLibsProjectOnly' as it is up-to-date.
[        ] work action resolve jni (project :connectivity_plus) (Thread[#40491,Execution worker Thread 5,5,main]) started.
[        ] Resolve mutations for :emoji_picker_flutter:mergeDebugJniLibFolders (Thread[#40491,Execution worker Thread 5,5,main]) started.
[        ] :emoji_picker_flutter:mergeDebugJniLibFolders (Thread[#40491,Execution worker Thread 5,5,main]) started.
[        ] > Task :emoji_picker_flutter:mergeDebugJniLibFolders UP-TO-DATE
[        ] Caching disabled for task ':emoji_picker_flutter:mergeDebugJniLibFolders' because:
[        ]   Build cache is disabled
[        ]   Simple merging task
[        ] Skipping task ':emoji_picker_flutter:mergeDebugJniLibFolders' as it is up-to-date.
[        ] Resolve mutations for :emoji_picker_flutter:mergeDebugNativeLibs (Thread[#40491,Execution worker Thread 5,5,main]) started.
[        ] :emoji_picker_flutter:mergeDebugNativeLibs (Thread[#40491,Execution worker Thread 5,5,main]) started.
[        ] > Task :emoji_picker_flutter:mergeDebugNativeLibs NO-SOURCE
[        ] Skipping task ':emoji_picker_flutter:mergeDebugNativeLibs' as it has no source files and no previous output files.
[        ] Resolve mutations for :emoji_picker_flutter:copyDebugJniLibsProjectOnly (Thread[#40491,Execution worker Thread 5,5,main]) started.
[        ] :emoji_picker_flutter:copyDebugJniLibsProjectOnly (Thread[#40491,Execution worker Thread 5,5,main]) started.
[        ] > Task :emoji_picker_flutter:copyDebugJniLibsProjectOnly UP-TO-DATE
[        ] Caching disabled for task ':emoji_picker_flutter:copyDebugJniLibsProjectOnly' because:
[        ]   Build cache is disabled
[        ]   Caching has been disabled for the task
[        ] Skipping task ':emoji_picker_flutter:copyDebugJniLibsProjectOnly' as it is up-to-date.
[        ] work action resolve jni (project :emoji_picker_flutter) (Thread[#40491,Execution worker Thread 5,5,main]) started.
[        ] Resolve mutations for :file_selector_android:mergeDebugJniLibFolders (Thread[#40491,Execution worker Thread 5,5,main]) started.
[        ] :file_selector_android:mergeDebugJniLibFolders (Thread[#40491,Execution worker Thread 5,5,main]) started.
[        ] > Task :file_selector_android:mergeDebugJniLibFolders UP-TO-DATE
[        ] Caching disabled for task ':file_selector_android:mergeDebugJniLibFolders' because:
[        ]   Build cache is disabled
[        ]   Simple merging task
[        ] Skipping task ':file_selector_android:mergeDebugJniLibFolders' as it is up-to-date.
[        ] Resolve mutations for :file_selector_android:mergeDebugNativeLibs (Thread[#40491,Execution worker Thread 5,5,main]) started.
[        ] :file_selector_android:mergeDebugNativeLibs (Thread[#40491,Execution worker Thread 5,5,main]) started.
[        ] > Task :file_selector_android:mergeDebugNativeLibs NO-SOURCE
[        ] Skipping task ':file_selector_android:mergeDebugNativeLibs' as it has no source files and no previous output files.
[        ] Resolve mutations for :file_selector_android:copyDebugJniLibsProjectOnly (Thread[#40491,Execution worker Thread 5,5,main]) started.
[        ] :file_selector_android:copyDebugJniLibsProjectOnly (Thread[#40491,Execution worker Thread 5,5,main]) started.
[        ] > Task :file_selector_android:copyDebugJniLibsProjectOnly UP-TO-DATE
[        ] Caching disabled for task ':file_selector_android:copyDebugJniLibsProjectOnly' because:
[        ]   Build cache is disabled
[        ]   Caching has been disabled for the task
[        ] Skipping task ':file_selector_android:copyDebugJniLibsProjectOnly' as it is up-to-date.
[        ] work action resolve jni (project :file_selector_android) (Thread[#40491,Execution worker Thread 5,5,main]) started.
[        ] Resolve mutations for :flutter_keyboard_visibility_temp_fork:mergeDebugJniLibFolders (Thread[#40491,Execution worker Thread 5,5,main]) started.
[        ] :flutter_keyboard_visibility_temp_fork:mergeDebugJniLibFolders (Thread[#40491,Execution worker Thread 5,5,main]) started.
[        ] > Task :flutter_keyboard_visibility_temp_fork:mergeDebugJniLibFolders UP-TO-DATE
[        ] Caching disabled for task ':flutter_keyboard_visibility_temp_fork:mergeDebugJniLibFolders' because:
[        ]   Build cache is disabled
[        ]   Simple merging task
[        ] Skipping task ':flutter_keyboard_visibility_temp_fork:mergeDebugJniLibFolders' as it is up-to-date.
[        ] Resolve mutations for :flutter_keyboard_visibility_temp_fork:mergeDebugNativeLibs (Thread[#40491,Execution worker Thread 5,5,main]) started.
[        ] :flutter_keyboard_visibility_temp_fork:mergeDebugNativeLibs (Thread[#40491,Execution worker Thread 5,5,main]) started.
[        ] > Task :flutter_keyboard_visibility_temp_fork:mergeDebugNativeLibs NO-SOURCE
[        ] Skipping task ':flutter_keyboard_visibility_temp_fork:mergeDebugNativeLibs' as it has no source files and no previous output files.
[        ] Resolve mutations for :flutter_keyboard_visibility_temp_fork:copyDebugJniLibsProjectOnly (Thread[#40491,Execution worker Thread 5,5,main]) started.
[        ] :flutter_keyboard_visibility_temp_fork:copyDebugJniLibsProjectOnly (Thread[#40491,Execution worker Thread 5,5,main]) started.
[        ] > Task :flutter_keyboard_visibility_temp_fork:copyDebugJniLibsProjectOnly UP-TO-DATE
[        ] Caching disabled for task ':flutter_keyboard_visibility_temp_fork:copyDebugJniLibsProjectOnly' because:
[        ]   Build cache is disabled
[        ]   Caching has been disabled for the task
[        ] Skipping task ':flutter_keyboard_visibility_temp_fork:copyDebugJniLibsProjectOnly' as it is up-to-date.
[        ] work action resolve jni (project :flutter_keyboard_visibility_temp_fork) (Thread[#40491,Execution worker Thread 5,5,main]) started.
[        ] Resolve mutations for :flutter_native_splash:mergeDebugJniLibFolders (Thread[#40491,Execution worker Thread 5,5,main]) started.
[        ] :flutter_native_splash:mergeDebugJniLibFolders (Thread[#40491,Execution worker Thread 5,5,main]) started.
[        ] > Task :flutter_native_splash:mergeDebugJniLibFolders UP-TO-DATE
[        ] Caching disabled for task ':flutter_native_splash:mergeDebugJniLibFolders' because:
[        ]   Build cache is disabled
[        ]   Simple merging task
[        ] Skipping task ':flutter_native_splash:mergeDebugJniLibFolders' as it is up-to-date.
[        ] Resolve mutations for :flutter_native_splash:mergeDebugNativeLibs (Thread[#40491,Execution worker Thread 5,5,main]) started.
[        ] :flutter_native_splash:mergeDebugNativeLibs (Thread[#40491,Execution worker Thread 5,5,main]) started.
[        ] > Task :flutter_native_splash:mergeDebugNativeLibs NO-SOURCE
[        ] Skipping task ':flutter_native_splash:mergeDebugNativeLibs' as it has no source files and no previous output files.
[        ] Resolve mutations for :flutter_native_splash:copyDebugJniLibsProjectOnly (Thread[#40491,Execution worker Thread 5,5,main]) started.
[        ] :flutter_native_splash:copyDebugJniLibsProjectOnly (Thread[#40491,Execution worker Thread 5,5,main]) started.
[        ] > Task :flutter_native_splash:copyDebugJniLibsProjectOnly UP-TO-DATE
[        ] Caching disabled for task ':flutter_native_splash:copyDebugJniLibsProjectOnly' because:
[        ]   Build cache is disabled
[        ]   Caching has been disabled for the task
[        ] Skipping task ':flutter_native_splash:copyDebugJniLibsProjectOnly' as it is up-to-date.
[        ] work action resolve jni (project :flutter_native_splash) (Thread[#40491,Execution worker Thread 5,5,main]) started.
[        ] Resolve mutations for :flutter_olm:preProfileBuild (Thread[#40491,Execution worker Thread 5,5,main]) started.
[        ] :flutter_olm:preProfileBuild (Thread[#40491,Execution worker Thread 5,5,main]) started.
[        ] > Task :flutter_olm:preProfileBuild UP-TO-DATE
[        ] Skipping task ':flutter_olm:preProfileBuild' as it has no actions.
[        ] Resolve mutations for :flutter_olm:configureCMakeDebug[arm64-v8a] (Thread[#40491,Execution worker Thread 5,5,main]) started.
[        ] :flutter_olm:configureCMakeDebug[arm64-v8a] (Thread[#40491,Execution worker Thread 5,5,main]) started.
[        ] > Task :flutter_olm:configureCMakeDebug[arm64-v8a]
[        ] Caching disabled for task ':flutter_olm:configureCMakeDebug[arm64-v8a]' because:
[        ]   Build cache is disabled
[        ]   Caching has been disabled for the task
[        ] Task ':flutter_olm:configureCMakeDebug[arm64-v8a]' is not up-to-date because:
[        ]   Task.upToDateWhen is false.
[        ] C/C++: /Users/florian/.pub-cache/hosted/pub.dev/flutter_olm-2.0.0/ios/CMakeLists.txt profile|arm64-v8a : Start JSON generation. Platform version: 21 min SDK version: arm64-v8a
[        ] C/C++: /Users/florian/.pub-cache/hosted/pub.dev/flutter_olm-2.0.0/ios/CMakeLists.txt profile|arm64-v8a : JSON '/Users/florian/.pub-cache/hosted/pub.dev/flutter_olm-2.0.0/android/.cxx/Debug/611a6669/arm64-v8a/android_gradle_build.json' was up-to-date
[        ] C/C++: /Users/florian/.pub-cache/hosted/pub.dev/flutter_olm-2.0.0/ios/CMakeLists.txt profile|arm64-v8a : JSON generation completed without problems
[        ] C/C++: /Users/florian/.pub-cache/hosted/pub.dev/flutter_olm-2.0.0/ios/CMakeLists.txt profile|arm64-v8a : Writing build model to /Users/florian/Code/substitution/build/flutter_olm/intermediates/cxx/Debug/611a6669/logs/arm64-v8a/build_model.json
[        ] Resolve mutations for :flutter_olm:buildCMakeDebug[arm64-v8a] (Thread[#40491,Execution worker Thread 5,5,main]) started.
[        ] :flutter_olm:buildCMakeDebug[arm64-v8a] (Thread[#40491,Execution worker Thread 5,5,main]) started.
[        ] > Task :flutter_olm:buildCMakeDebug[arm64-v8a]
[        ] Caching disabled for task ':flutter_olm:buildCMakeDebug[arm64-v8a]' because:
[        ]   Build cache is disabled
[        ]   Caching has been disabled for the task
[        ] Task ':flutter_olm:buildCMakeDebug[arm64-v8a]' is not up-to-date because:
[        ]   Task.upToDateWhen is false.
[        ] C/C++: starting build
[        ] C/C++: reading expected JSONs
[        ] C/C++: done reading expected JSONs
[        ] C/C++: executing build commands for targets that produce .so files or executables
[        ] C/C++: evaluate miniconfig
[        ] C/C++: evaluate library olm (arm64-v8a)
[        ] C/C++: building target library olm because no targets are specified.
[        ] C/C++: about to build targets olm
[        ] C/C++: Build olm
[        ] C/C++: /Users/florian/Library/Android/sdk/cmake/3.22.1/bin/ninja \
[        ]   -C \
[        ]   /Users/florian/.pub-cache/hosted/pub.dev/flutter_olm-2.0.0/android/.cxx/Debug/611a6669/arm64-v8a \
[        ]   olm
[        ] Starting process 'command '/Users/florian/Library/Android/sdk/cmake/3.22.1/bin/ninja''. Working directory: /Users/florian/.pub-cache/hosted/pub.dev/flutter_olm-2.0.0/android Command: /Users/florian/Library/Android/sdk/cmake/3.22.1/bin/ninja -C /Users/florian/.pub-cache/hosted/pub.dev/flutter_olm-2.0.0/android/.cxx/Debug/611a6669/arm64-v8a olm
[        ] Successfully started process 'command '/Users/florian/Library/Android/sdk/cmake/3.22.1/bin/ninja''
[        ] C/C++: Received process result: 0
[        ] C/C++: check expected build outputs
[        ] C/C++: build complete
[        ] Resolve mutations for :flutter_olm:configureCMakeDebug[armeabi-v7a] (Thread[#40491,Execution worker Thread 5,5,main]) started.
[        ] :flutter_olm:configureCMakeDebug[armeabi-v7a] (Thread[#40491,Execution worker Thread 5,5,main]) started.
[        ] > Task :flutter_olm:configureCMakeDebug[armeabi-v7a]
[        ] Caching disabled for task ':flutter_olm:configureCMakeDebug[armeabi-v7a]' because:
[        ]   Build cache is disabled
[        ]   Caching has been disabled for the task
[        ] Task ':flutter_olm:configureCMakeDebug[armeabi-v7a]' is not up-to-date because:
[        ]   Task.upToDateWhen is false.
[        ] C/C++: /Users/florian/.pub-cache/hosted/pub.dev/flutter_olm-2.0.0/ios/CMakeLists.txt profile|armeabi-v7a : Start JSON generation. Platform version: 21 min SDK version: armeabi-v7a
[        ] C/C++: /Users/florian/.pub-cache/hosted/pub.dev/flutter_olm-2.0.0/ios/CMakeLists.txt profile|armeabi-v7a : JSON '/Users/florian/.pub-cache/hosted/pub.dev/flutter_olm-2.0.0/android/.cxx/Debug/611a6669/armeabi-v7a/android_gradle_build.json' was up-to-date
[        ] C/C++: /Users/florian/.pub-cache/hosted/pub.dev/flutter_olm-2.0.0/ios/CMakeLists.txt profile|armeabi-v7a : JSON generation completed without problems
[        ] C/C++: /Users/florian/.pub-cache/hosted/pub.dev/flutter_olm-2.0.0/ios/CMakeLists.txt profile|armeabi-v7a : Writing build model to /Users/florian/Code/substitution/build/flutter_olm/intermediates/cxx/Debug/611a6669/logs/armeabi-v7a/build_model.json
[        ] Resolve mutations for :flutter_olm:buildCMakeDebug[armeabi-v7a] (Thread[#40491,Execution worker Thread 5,5,main]) started.
[        ] :flutter_olm:buildCMakeDebug[armeabi-v7a] (Thread[#40491,Execution worker Thread 5,5,main]) started.
[        ] > Task :flutter_olm:buildCMakeDebug[armeabi-v7a]
[        ] Caching disabled for task ':flutter_olm:buildCMakeDebug[armeabi-v7a]' because:
[        ]   Build cache is disabled
[        ]   Caching has been disabled for the task
[        ] Task ':flutter_olm:buildCMakeDebug[armeabi-v7a]' is not up-to-date because:
[        ]   Task.upToDateWhen is false.
[        ] C/C++: starting build
[        ] C/C++: reading expected JSONs
[        ] C/C++: done reading expected JSONs
[        ] C/C++: executing build commands for targets that produce .so files or executables
[        ] C/C++: evaluate miniconfig
[        ] C/C++: evaluate library olm (armeabi-v7a)
[        ] C/C++: building target library olm because no targets are specified.
[        ] C/C++: about to build targets olm
[        ] C/C++: Build olm
[        ] C/C++: /Users/florian/Library/Android/sdk/cmake/3.22.1/bin/ninja \
[        ]   -C \
[        ]   /Users/florian/.pub-cache/hosted/pub.dev/flutter_olm-2.0.0/android/.cxx/Debug/611a6669/armeabi-v7a \
[        ]   olm
[        ] Starting process 'command '/Users/florian/Library/Android/sdk/cmake/3.22.1/bin/ninja''. Working directory: /Users/florian/.pub-cache/hosted/pub.dev/flutter_olm-2.0.0/android Command: /Users/florian/Library/Android/sdk/cmake/3.22.1/bin/ninja -C /Users/florian/.pub-cache/hosted/pub.dev/flutter_olm-2.0.0/android/.cxx/Debug/611a6669/armeabi-v7a olm
[        ] Successfully started process 'command '/Users/florian/Library/Android/sdk/cmake/3.22.1/bin/ninja''
[        ] C/C++: Received process result: 0
[        ] C/C++: check expected build outputs
[        ] C/C++: build complete
[        ] Resolve mutations for :flutter_olm:configureCMakeDebug[x86] (Thread[#40491,Execution worker Thread 5,5,main]) started.
[        ] :flutter_olm:configureCMakeDebug[x86] (Thread[#40491,Execution worker Thread 5,5,main]) started.
[        ] > Task :flutter_olm:configureCMakeDebug[x86]
[        ] Caching disabled for task ':flutter_olm:configureCMakeDebug[x86]' because:
[        ]   Build cache is disabled
[        ]   Caching has been disabled for the task
[        ] Task ':flutter_olm:configureCMakeDebug[x86]' is not up-to-date because:
[        ]   Task.upToDateWhen is false.
[        ] C/C++: /Users/florian/.pub-cache/hosted/pub.dev/flutter_olm-2.0.0/ios/CMakeLists.txt profile|x86 : Start JSON generation. Platform version: 21 min SDK version: x86
[        ] C/C++: /Users/florian/.pub-cache/hosted/pub.dev/flutter_olm-2.0.0/ios/CMakeLists.txt profile|x86 : JSON '/Users/florian/.pub-cache/hosted/pub.dev/flutter_olm-2.0.0/android/.cxx/Debug/611a6669/x86/android_gradle_build.json' was up-to-date
[        ] C/C++: /Users/florian/.pub-cache/hosted/pub.dev/flutter_olm-2.0.0/ios/CMakeLists.txt profile|x86 : JSON generation completed without problems
[        ] C/C++: /Users/florian/.pub-cache/hosted/pub.dev/flutter_olm-2.0.0/ios/CMakeLists.txt profile|x86 : Writing build model to /Users/florian/Code/substitution/build/flutter_olm/intermediates/cxx/Debug/611a6669/logs/x86/build_model.json
[        ] Resolve mutations for :flutter_olm:buildCMakeDebug[x86] (Thread[#40491,Execution worker Thread 5,5,main]) started.
[        ] :flutter_olm:buildCMakeDebug[x86] (Thread[#40491,Execution worker Thread 5,5,main]) started.
[        ] > Task :flutter_olm:buildCMakeDebug[x86]
[        ] Caching disabled for task ':flutter_olm:buildCMakeDebug[x86]' because:
[        ]   Build cache is disabled
[        ]   Caching has been disabled for the task
[        ] Task ':flutter_olm:buildCMakeDebug[x86]' is not up-to-date because:
[        ]   Task.upToDateWhen is false.
[        ] C/C++: starting build
[        ] C/C++: reading expected JSONs
[        ] C/C++: done reading expected JSONs
[        ] C/C++: executing build commands for targets that produce .so files or executables
[        ] C/C++: evaluate miniconfig
[        ] C/C++: evaluate library olm (x86)
[        ] C/C++: building target library olm because no targets are specified.
[        ] C/C++: about to build targets olm
[        ] C/C++: Build olm
[        ] C/C++: /Users/florian/Library/Android/sdk/cmake/3.22.1/bin/ninja \
[        ]   -C \
[        ]   /Users/florian/.pub-cache/hosted/pub.dev/flutter_olm-2.0.0/android/.cxx/Debug/611a6669/x86 \
[        ]   olm
[        ] Starting process 'command '/Users/florian/Library/Android/sdk/cmake/3.22.1/bin/ninja''. Working directory: /Users/florian/.pub-cache/hosted/pub.dev/flutter_olm-2.0.0/android Command: /Users/florian/Library/Android/sdk/cmake/3.22.1/bin/ninja -C /Users/florian/.pub-cache/hosted/pub.dev/flutter_olm-2.0.0/android/.cxx/Debug/611a6669/x86 olm
[        ] Successfully started process 'command '/Users/florian/Library/Android/sdk/cmake/3.22.1/bin/ninja''
[        ] C/C++: Received process result: 0
[        ] C/C++: check expected build outputs
[        ] C/C++: build complete
[        ] Resolve mutations for :flutter_olm:configureCMakeDebug[x86_64] (Thread[#40491,Execution worker Thread 5,5,main]) started.
[        ] :flutter_olm:configureCMakeDebug[x86_64] (Thread[#40491,Execution worker Thread 5,5,main]) started.
[        ] > Task :flutter_olm:configureCMakeDebug[x86_64]
[        ] Caching disabled for task ':flutter_olm:configureCMakeDebug[x86_64]' because:
[        ]   Build cache is disabled
[        ]   Caching has been disabled for the task
[        ] Task ':flutter_olm:configureCMakeDebug[x86_64]' is not up-to-date because:
[        ]   Task.upToDateWhen is false.
[        ] C/C++: /Users/florian/.pub-cache/hosted/pub.dev/flutter_olm-2.0.0/ios/CMakeLists.txt profile|x86_64 : Start JSON generation. Platform version: 21 min SDK version: x86_64
[        ] C/C++: /Users/florian/.pub-cache/hosted/pub.dev/flutter_olm-2.0.0/ios/CMakeLists.txt profile|x86_64 : JSON '/Users/florian/.pub-cache/hosted/pub.dev/flutter_olm-2.0.0/android/.cxx/Debug/611a6669/x86_64/android_gradle_build.json' was up-to-date
[        ] C/C++: /Users/florian/.pub-cache/hosted/pub.dev/flutter_olm-2.0.0/ios/CMakeLists.txt profile|x86_64 : JSON generation completed without problems
[        ] C/C++: /Users/florian/.pub-cache/hosted/pub.dev/flutter_olm-2.0.0/ios/CMakeLists.txt profile|x86_64 : Writing build model to /Users/florian/Code/substitution/build/flutter_olm/intermediates/cxx/Debug/611a6669/logs/x86_64/build_model.json
[        ] Resolve mutations for :flutter_olm:buildCMakeDebug[x86_64] (Thread[#40491,Execution worker Thread 5,5,main]) started.
[        ] :flutter_olm:buildCMakeDebug[x86_64] (Thread[#40491,Execution worker Thread 5,5,main]) started.
[        ] > Task :flutter_olm:buildCMakeDebug[x86_64]
[        ] Caching disabled for task ':flutter_olm:buildCMakeDebug[x86_64]' because:
[        ]   Build cache is disabled
[        ]   Caching has been disabled for the task
[        ] Task ':flutter_olm:buildCMakeDebug[x86_64]' is not up-to-date because:
[        ]   Task.upToDateWhen is false.
[        ] C/C++: starting build
[        ] C/C++: reading expected JSONs
[        ] C/C++: done reading expected JSONs
[        ] C/C++: executing build commands for targets that produce .so files or executables
[        ] C/C++: evaluate miniconfig
[        ] C/C++: evaluate library olm (x86_64)
[        ] C/C++: building target library olm because no targets are specified.
[        ] C/C++: about to build targets olm
[        ] C/C++: Build olm
[        ] C/C++: /Users/florian/Library/Android/sdk/cmake/3.22.1/bin/ninja \
[        ]   -C \
[        ]   /Users/florian/.pub-cache/hosted/pub.dev/flutter_olm-2.0.0/android/.cxx/Debug/611a6669/x86_64 \
[        ]   olm
[        ] Starting process 'command '/Users/florian/Library/Android/sdk/cmake/3.22.1/bin/ninja''. Working directory: /Users/florian/.pub-cache/hosted/pub.dev/flutter_olm-2.0.0/android Command: /Users/florian/Library/Android/sdk/cmake/3.22.1/bin/ninja -C /Users/florian/.pub-cache/hosted/pub.dev/flutter_olm-2.0.0/android/.cxx/Debug/611a6669/x86_64 olm
[        ] Successfully started process 'command '/Users/florian/Library/Android/sdk/cmake/3.22.1/bin/ninja''
[        ] C/C++: Received process result: 0
[        ] C/C++: check expected build outputs
[        ] C/C++: build complete
[        ] Resolve mutations for :flutter_olm:mergeDebugJniLibFolders (Thread[#40491,Execution worker Thread 5,5,main]) started.
[        ] :flutter_olm:mergeDebugJniLibFolders (Thread[#40491,Execution worker Thread 5,5,main]) started.
[        ] > Task :flutter_olm:mergeDebugJniLibFolders UP-TO-DATE
[        ] Caching disabled for task ':flutter_olm:mergeDebugJniLibFolders' because:
[        ]   Build cache is disabled
[        ]   Simple merging task
[        ] Skipping task ':flutter_olm:mergeDebugJniLibFolders' as it is up-to-date.
[        ] Resolve mutations for :flutter_olm:mergeDebugNativeLibs (Thread[#40491,Execution worker Thread 5,5,main]) started.
[        ] :flutter_olm:mergeDebugNativeLibs (Thread[#40491,Execution worker Thread 5,5,main]) started.
[        ] > Task :flutter_olm:mergeDebugNativeLibs UP-TO-DATE
[        ] Caching disabled for task ':flutter_olm:mergeDebugNativeLibs' because:
[        ]   Build cache is disabled
[        ]   Caching has been disabled for the task
[        ] Skipping task ':flutter_olm:mergeDebugNativeLibs' as it is up-to-date.
[        ] Resolve mutations for :flutter_olm:copyDebugJniLibsProjectOnly (Thread[#40491,Execution worker Thread 5,5,main]) started.
[        ] :flutter_olm:copyDebugJniLibsProjectOnly (Thread[#40491,Execution worker Thread 5,5,main]) started.
[        ] > Task :flutter_olm:copyDebugJniLibsProjectOnly UP-TO-DATE
[        ] Caching disabled for task ':flutter_olm:copyDebugJniLibsProjectOnly' because:
[        ]   Build cache is disabled
[        ]   Caching has been disabled for the task
[        ] Skipping task ':flutter_olm:copyDebugJniLibsProjectOnly' as it is up-to-date.
[        ] work action resolve jni (project :flutter_olm) (Thread[#40491,Execution worker Thread 5,5,main]) started.
[        ] Resolve mutations for :flutter_openssl_crypto:preProfileBuild (Thread[#40491,Execution worker Thread 5,5,main]) started.
[        ] :flutter_openssl_crypto:preProfileBuild (Thread[#40491,Execution worker Thread 5,5,main]) started.
[        ] > Task :flutter_openssl_crypto:preProfileBuild UP-TO-DATE
[        ] Skipping task ':flutter_openssl_crypto:preProfileBuild' as it has no actions.
[        ] Resolve mutations for :flutter_openssl_crypto:configureCMakeDebug[arm64-v8a] (Thread[#40491,Execution worker Thread 5,5,main]) started.
[        ] :flutter_openssl_crypto:configureCMakeDebug[arm64-v8a] (Thread[#40491,Execution worker Thread 5,5,main]) started.
[        ] > Task :flutter_openssl_crypto:configureCMakeDebug[arm64-v8a]
[        ] Caching disabled for task ':flutter_openssl_crypto:configureCMakeDebug[arm64-v8a]' because:
[        ]   Build cache is disabled
[        ]   Caching has been disabled for the task
[        ] Task ':flutter_openssl_crypto:configureCMakeDebug[arm64-v8a]' is not up-to-date because:
[        ]   Task.upToDateWhen is false.
[        ] C/C++: /Users/florian/.pub-cache/hosted/pub.dev/flutter_openssl_crypto-0.5.0/android/CMakeLists.txt profile|arm64-v8a : Start JSON generation. Platform version: 21 min SDK version: arm64-v8a
[        ] C/C++: /Users/florian/.pub-cache/hosted/pub.dev/flutter_openssl_crypto-0.5.0/android/CMakeLists.txt profile|arm64-v8a : JSON '/Users/florian/.pub-cache/hosted/pub.dev/flutter_openssl_crypto-0.5.0/android/.cxx/Debug/42n1p1e4/arm64-v8a/android_gradle_build.json' was up-to-date
[        ] C/C++: /Users/florian/.pub-cache/hosted/pub.dev/flutter_openssl_crypto-0.5.0/android/CMakeLists.txt profile|arm64-v8a : JSON generation completed without problems
[        ] C/C++: /Users/florian/.pub-cache/hosted/pub.dev/flutter_openssl_crypto-0.5.0/android/CMakeLists.txt profile|arm64-v8a : Writing build model to /Users/florian/Code/substitution/build/flutter_openssl_crypto/intermediates/cxx/Debug/42n1p1e4/logs/arm64-v8a/build_model.json
[        ] Resolve mutations for :flutter_openssl_crypto:buildCMakeDebug[arm64-v8a] (Thread[#40491,Execution worker Thread 5,5,main]) started.
[        ] :flutter_openssl_crypto:buildCMakeDebug[arm64-v8a] (Thread[#40491,Execution worker Thread 5,5,main]) started.
[        ] > Task :flutter_openssl_crypto:buildCMakeDebug[arm64-v8a]
[        ] Caching disabled for task ':flutter_openssl_crypto:buildCMakeDebug[arm64-v8a]' because:
[        ]   Build cache is disabled
[        ]   Caching has been disabled for the task
[        ] Task ':flutter_openssl_crypto:buildCMakeDebug[arm64-v8a]' is not up-to-date because:
[        ]   Task.upToDateWhen is false.
[        ] C/C++: starting build
[        ] C/C++: reading expected JSONs
[        ] C/C++: done reading expected JSONs
[        ] C/C++: executing build commands for targets that produce .so files or executables
[        ] C/C++: evaluate miniconfig
[        ] C/C++: evaluate library flutter_openssl_crypto (arm64-v8a)
[        ] C/C++: building target library flutter_openssl_crypto because no targets are specified.
[        ] C/C++: about to build targets flutter_openssl_crypto
[        ] C/C++: Build flutter_openssl_crypto
[        ] C/C++: /Users/florian/Library/Android/sdk/cmake/3.22.1/bin/ninja \
[        ]   -C \
[        ]   /Users/florian/.pub-cache/hosted/pub.dev/flutter_openssl_crypto-0.5.0/android/.cxx/Debug/42n1p1e4/arm64-v8a \
[        ]   flutter_openssl_crypto
[        ] Starting process 'command '/Users/florian/Library/Android/sdk/cmake/3.22.1/bin/ninja''. Working directory: /Users/florian/.pub-cache/hosted/pub.dev/flutter_openssl_crypto-0.5.0/android Command: /Users/florian/Library/Android/sdk/cmake/3.22.1/bin/ninja -C /Users/florian/.pub-cache/hosted/pub.dev/flutter_openssl_crypto-0.5.0/android/.cxx/Debug/42n1p1e4/arm64-v8a flutter_openssl_crypto
[        ] Successfully started process 'command '/Users/florian/Library/Android/sdk/cmake/3.22.1/bin/ninja''
[        ] C/C++: Received process result: 0
[        ] C/C++: check expected build outputs
[        ] C/C++: build complete
[        ] Resolve mutations for :flutter_openssl_crypto:configureCMakeDebug[armeabi-v7a] (Thread[#40491,Execution worker Thread 5,5,main]) started.
[        ] :flutter_openssl_crypto:configureCMakeDebug[armeabi-v7a] (Thread[#40491,Execution worker Thread 5,5,main]) started.
[        ] > Task :flutter_openssl_crypto:configureCMakeDebug[armeabi-v7a]
[        ] Caching disabled for task ':flutter_openssl_crypto:configureCMakeDebug[armeabi-v7a]' because:
[        ]   Build cache is disabled
[        ]   Caching has been disabled for the task
[        ] Task ':flutter_openssl_crypto:configureCMakeDebug[armeabi-v7a]' is not up-to-date because:
[        ]   Task.upToDateWhen is false.
[        ] C/C++: /Users/florian/.pub-cache/hosted/pub.dev/flutter_openssl_crypto-0.5.0/android/CMakeLists.txt profile|armeabi-v7a : Start JSON generation. Platform version: 21 min SDK version: armeabi-v7a
[        ] C/C++: /Users/florian/.pub-cache/hosted/pub.dev/flutter_openssl_crypto-0.5.0/android/CMakeLists.txt profile|armeabi-v7a : JSON '/Users/florian/.pub-cache/hosted/pub.dev/flutter_openssl_crypto-0.5.0/android/.cxx/Debug/42n1p1e4/armeabi-v7a/android_gradle_build.json' was up-to-date
[        ] C/C++: /Users/florian/.pub-cache/hosted/pub.dev/flutter_openssl_crypto-0.5.0/android/CMakeLists.txt profile|armeabi-v7a : JSON generation completed without problems
[        ] C/C++: /Users/florian/.pub-cache/hosted/pub.dev/flutter_openssl_crypto-0.5.0/android/CMakeLists.txt profile|armeabi-v7a : Writing build model to /Users/florian/Code/substitution/build/flutter_openssl_crypto/intermediates/cxx/Debug/42n1p1e4/logs/armeabi-v7a/build_model.json
[        ] Resolve mutations for :flutter_openssl_crypto:buildCMakeDebug[armeabi-v7a] (Thread[#40491,Execution worker Thread 5,5,main]) started.
[        ] :flutter_openssl_crypto:buildCMakeDebug[armeabi-v7a] (Thread[#40491,Execution worker Thread 5,5,main]) started.
[        ] > Task :flutter_openssl_crypto:buildCMakeDebug[armeabi-v7a]
[        ] Caching disabled for task ':flutter_openssl_crypto:buildCMakeDebug[armeabi-v7a]' because:
[        ]   Build cache is disabled
[        ]   Caching has been disabled for the task
[        ] Task ':flutter_openssl_crypto:buildCMakeDebug[armeabi-v7a]' is not up-to-date because:
[        ]   Task.upToDateWhen is false.
[        ] C/C++: starting build
[        ] C/C++: reading expected JSONs
[        ] C/C++: done reading expected JSONs
[        ] C/C++: executing build commands for targets that produce .so files or executables
[        ] C/C++: evaluate miniconfig
[        ] C/C++: evaluate library flutter_openssl_crypto (armeabi-v7a)
[        ] C/C++: building target library flutter_openssl_crypto because no targets are specified.
[        ] C/C++: about to build targets flutter_openssl_crypto
[        ] C/C++: Build flutter_openssl_crypto
[        ] C/C++: /Users/florian/Library/Android/sdk/cmake/3.22.1/bin/ninja \
[        ]   -C \
[        ]   /Users/florian/.pub-cache/hosted/pub.dev/flutter_openssl_crypto-0.5.0/android/.cxx/Debug/42n1p1e4/armeabi-v7a \
[        ]   flutter_openssl_crypto
[        ] Starting process 'command '/Users/florian/Library/Android/sdk/cmake/3.22.1/bin/ninja''. Working directory: /Users/florian/.pub-cache/hosted/pub.dev/flutter_openssl_crypto-0.5.0/android Command: /Users/florian/Library/Android/sdk/cmake/3.22.1/bin/ninja -C /Users/florian/.pub-cache/hosted/pub.dev/flutter_openssl_crypto-0.5.0/android/.cxx/Debug/42n1p1e4/armeabi-v7a flutter_openssl_crypto
[        ] Successfully started process 'command '/Users/florian/Library/Android/sdk/cmake/3.22.1/bin/ninja''
[        ] C/C++: Received process result: 0
[        ] C/C++: check expected build outputs
[        ] C/C++: build complete
[        ] Resolve mutations for :flutter_openssl_crypto:configureCMakeDebug[x86] (Thread[#40491,Execution worker Thread 5,5,main]) started.
[        ] :flutter_openssl_crypto:configureCMakeDebug[x86] (Thread[#40491,Execution worker Thread 5,5,main]) started.
[        ] > Task :flutter_openssl_crypto:configureCMakeDebug[x86]
[        ] Caching disabled for task ':flutter_openssl_crypto:configureCMakeDebug[x86]' because:
[        ]   Build cache is disabled
[        ]   Caching has been disabled for the task
[        ] Task ':flutter_openssl_crypto:configureCMakeDebug[x86]' is not up-to-date because:
[        ]   Task.upToDateWhen is false.
[        ] C/C++: /Users/florian/.pub-cache/hosted/pub.dev/flutter_openssl_crypto-0.5.0/android/CMakeLists.txt profile|x86 : Start JSON generation. Platform version: 21 min SDK version: x86
[        ] C/C++: /Users/florian/.pub-cache/hosted/pub.dev/flutter_openssl_crypto-0.5.0/android/CMakeLists.txt profile|x86 : JSON '/Users/florian/.pub-cache/hosted/pub.dev/flutter_openssl_crypto-0.5.0/android/.cxx/Debug/42n1p1e4/x86/android_gradle_build.json' was up-to-date
[        ] C/C++: /Users/florian/.pub-cache/hosted/pub.dev/flutter_openssl_crypto-0.5.0/android/CMakeLists.txt profile|x86 : JSON generation completed without problems
[        ] C/C++: /Users/florian/.pub-cache/hosted/pub.dev/flutter_openssl_crypto-0.5.0/android/CMakeLists.txt profile|x86 : Writing build model to /Users/florian/Code/substitution/build/flutter_openssl_crypto/intermediates/cxx/Debug/42n1p1e4/logs/x86/build_model.json
[        ] Resolve mutations for :flutter_openssl_crypto:buildCMakeDebug[x86] (Thread[#40491,Execution worker Thread 5,5,main]) started.
[        ] :flutter_openssl_crypto:buildCMakeDebug[x86] (Thread[#40491,Execution worker Thread 5,5,main]) started.
[        ] > Task :flutter_openssl_crypto:buildCMakeDebug[x86]
[        ] Caching disabled for task ':flutter_openssl_crypto:buildCMakeDebug[x86]' because:
[        ]   Build cache is disabled
[        ]   Caching has been disabled for the task
[        ] Task ':flutter_openssl_crypto:buildCMakeDebug[x86]' is not up-to-date because:
[        ]   Task.upToDateWhen is false.
[        ] C/C++: starting build
[        ] C/C++: reading expected JSONs
[        ] C/C++: done reading expected JSONs
[        ] C/C++: executing build commands for targets that produce .so files or executables
[        ] C/C++: evaluate miniconfig
[        ] C/C++: evaluate library flutter_openssl_crypto (x86)
[        ] C/C++: building target library flutter_openssl_crypto because no targets are specified.
[        ] C/C++: about to build targets flutter_openssl_crypto
[        ] C/C++: Build flutter_openssl_crypto
[        ] C/C++: /Users/florian/Library/Android/sdk/cmake/3.22.1/bin/ninja \
[        ]   -C \
[        ]   /Users/florian/.pub-cache/hosted/pub.dev/flutter_openssl_crypto-0.5.0/android/.cxx/Debug/42n1p1e4/x86 \
[        ]   flutter_openssl_crypto
[        ] Starting process 'command '/Users/florian/Library/Android/sdk/cmake/3.22.1/bin/ninja''. Working directory: /Users/florian/.pub-cache/hosted/pub.dev/flutter_openssl_crypto-0.5.0/android Command: /Users/florian/Library/Android/sdk/cmake/3.22.1/bin/ninja -C /Users/florian/.pub-cache/hosted/pub.dev/flutter_openssl_crypto-0.5.0/android/.cxx/Debug/42n1p1e4/x86 flutter_openssl_crypto
[        ] Successfully started process 'command '/Users/florian/Library/Android/sdk/cmake/3.22.1/bin/ninja''
[        ] C/C++: Received process result: 0
[        ] C/C++: check expected build outputs
[        ] C/C++: build complete
[        ] Resolve mutations for :flutter_openssl_crypto:configureCMakeDebug[x86_64] (Thread[#40491,Execution worker Thread 5,5,main]) started.
[        ] :flutter_openssl_crypto:configureCMakeDebug[x86_64] (Thread[#40491,Execution worker Thread 5,5,main]) started.
[        ] > Task :flutter_openssl_crypto:configureCMakeDebug[x86_64]
[        ] Caching disabled for task ':flutter_openssl_crypto:configureCMakeDebug[x86_64]' because:
[        ]   Build cache is disabled
[        ]   Caching has been disabled for the task
[        ] Task ':flutter_openssl_crypto:configureCMakeDebug[x86_64]' is not up-to-date because:
[        ]   Task.upToDateWhen is false.
[        ] C/C++: /Users/florian/.pub-cache/hosted/pub.dev/flutter_openssl_crypto-0.5.0/android/CMakeLists.txt profile|x86_64 : Start JSON generation. Platform version: 21 min SDK version: x86_64
[        ] C/C++: /Users/florian/.pub-cache/hosted/pub.dev/flutter_openssl_crypto-0.5.0/android/CMakeLists.txt profile|x86_64 : JSON '/Users/florian/.pub-cache/hosted/pub.dev/flutter_openssl_crypto-0.5.0/android/.cxx/Debug/42n1p1e4/x86_64/android_gradle_build.json' was up-to-date
[        ] C/C++: /Users/florian/.pub-cache/hosted/pub.dev/flutter_openssl_crypto-0.5.0/android/CMakeLists.txt profile|x86_64 : JSON generation completed without problems
[        ] C/C++: /Users/florian/.pub-cache/hosted/pub.dev/flutter_openssl_crypto-0.5.0/android/CMakeLists.txt profile|x86_64 : Writing build model to /Users/florian/Code/substitution/build/flutter_openssl_crypto/intermediates/cxx/Debug/42n1p1e4/logs/x86_64/build_model.json
[        ] Resolve mutations for :flutter_openssl_crypto:buildCMakeDebug[x86_64] (Thread[#40491,Execution worker Thread 5,5,main]) started.
[        ] :flutter_openssl_crypto:buildCMakeDebug[x86_64] (Thread[#40491,Execution worker Thread 5,5,main]) started.
[        ] > Task :flutter_openssl_crypto:buildCMakeDebug[x86_64]
[        ] Caching disabled for task ':flutter_openssl_crypto:buildCMakeDebug[x86_64]' because:
[        ]   Build cache is disabled
[        ]   Caching has been disabled for the task
[        ] Task ':flutter_openssl_crypto:buildCMakeDebug[x86_64]' is not up-to-date because:
[        ]   Task.upToDateWhen is false.
[        ] C/C++: starting build
[        ] C/C++: reading expected JSONs
[        ] C/C++: done reading expected JSONs
[        ] C/C++: executing build commands for targets that produce .so files or executables
[        ] C/C++: evaluate miniconfig
[        ] C/C++: evaluate library flutter_openssl_crypto (x86_64)
[        ] C/C++: building target library flutter_openssl_crypto because no targets are specified.
[        ] C/C++: about to build targets flutter_openssl_crypto
[        ] C/C++: Build flutter_openssl_crypto
[        ] C/C++: /Users/florian/Library/Android/sdk/cmake/3.22.1/bin/ninja \
[        ]   -C \
[        ]   /Users/florian/.pub-cache/hosted/pub.dev/flutter_openssl_crypto-0.5.0/android/.cxx/Debug/42n1p1e4/x86_64 \
[        ]   flutter_openssl_crypto
[        ] Starting process 'command '/Users/florian/Library/Android/sdk/cmake/3.22.1/bin/ninja''. Working directory: /Users/florian/.pub-cache/hosted/pub.dev/flutter_openssl_crypto-0.5.0/android Command: /Users/florian/Library/Android/sdk/cmake/3.22.1/bin/ninja -C /Users/florian/.pub-cache/hosted/pub.dev/flutter_openssl_crypto-0.5.0/android/.cxx/Debug/42n1p1e4/x86_64 flutter_openssl_crypto
[        ] Successfully started process 'command '/Users/florian/Library/Android/sdk/cmake/3.22.1/bin/ninja''
[        ] C/C++: Received process result: 0
[        ] C/C++: check expected build outputs
[        ] C/C++: build complete
[        ] Resolve mutations for :flutter_openssl_crypto:mergeDebugJniLibFolders (Thread[#40491,Execution worker Thread 5,5,main]) started.
[        ] :flutter_openssl_crypto:mergeDebugJniLibFolders (Thread[#40491,Execution worker Thread 5,5,main]) started.
[        ] > Task :flutter_openssl_crypto:mergeDebugJniLibFolders UP-TO-DATE
[        ] Caching disabled for task ':flutter_openssl_crypto:mergeDebugJniLibFolders' because:
[        ]   Build cache is disabled
[        ]   Simple merging task
[        ] Skipping task ':flutter_openssl_crypto:mergeDebugJniLibFolders' as it is up-to-date.
[        ] Resolve mutations for :flutter_openssl_crypto:mergeDebugNativeLibs (Thread[#40491,Execution worker Thread 5,5,main]) started.
[        ] :flutter_openssl_crypto:mergeDebugNativeLibs (Thread[#40491,Execution worker Thread 5,5,main]) started.
[        ] > Task :flutter_openssl_crypto:mergeDebugNativeLibs UP-TO-DATE
[        ] Caching disabled for task ':flutter_openssl_crypto:mergeDebugNativeLibs' because:
[        ]   Build cache is disabled
[        ]   Caching has been disabled for the task
[        ] Skipping task ':flutter_openssl_crypto:mergeDebugNativeLibs' as it is up-to-date.
[        ] Resolve mutations for :flutter_openssl_crypto:copyDebugJniLibsProjectOnly (Thread[#40491,Execution worker Thread 5,5,main]) started.
[        ] :flutter_openssl_crypto:copyDebugJniLibsProjectOnly (Thread[#40491,Execution worker Thread 5,5,main]) started.
[        ] > Task :flutter_openssl_crypto:copyDebugJniLibsProjectOnly UP-TO-DATE
[        ] Caching disabled for task ':flutter_openssl_crypto:copyDebugJniLibsProjectOnly' because:
[        ]   Build cache is disabled
[        ]   Caching has been disabled for the task
[        ] Skipping task ':flutter_openssl_crypto:copyDebugJniLibsProjectOnly' as it is up-to-date.
[        ] work action resolve jni (project :flutter_openssl_crypto) (Thread[#40491,Execution worker Thread 5,5,main]) started.
[        ] Resolve mutations for :integration_test:mergeDebugJniLibFolders (Thread[#40491,Execution worker Thread 5,5,main]) started.
[        ] :integration_test:mergeDebugJniLibFolders (Thread[#40491,Execution worker Thread 5,5,main]) started.
[        ] > Task :integration_test:mergeDebugJniLibFolders UP-TO-DATE
[        ] Caching disabled for task ':integration_test:mergeDebugJniLibFolders' because:
[        ]   Build cache is disabled
[        ]   Simple merging task
[        ] Skipping task ':integration_test:mergeDebugJniLibFolders' as it is up-to-date.
[        ] Resolve mutations for :integration_test:mergeDebugNativeLibs (Thread[#40491,Execution worker Thread 5,5,main]) started.
[        ] :integration_test:mergeDebugNativeLibs (Thread[#40491,Execution worker Thread 5,5,main]) started.
[        ] > Task :integration_test:mergeDebugNativeLibs NO-SOURCE
[        ] Skipping task ':integration_test:mergeDebugNativeLibs' as it has no source files and no previous output files.
[        ] Resolve mutations for :integration_test:copyDebugJniLibsProjectOnly (Thread[#40491,Execution worker Thread 5,5,main]) started.
[        ] :integration_test:copyDebugJniLibsProjectOnly (Thread[#40491,Execution worker Thread 5,5,main]) started.
[        ] > Task :integration_test:copyDebugJniLibsProjectOnly UP-TO-DATE
[        ] Caching disabled for task ':integration_test:copyDebugJniLibsProjectOnly' because:
[        ]   Build cache is disabled
[        ]   Caching has been disabled for the task
[        ] Skipping task ':integration_test:copyDebugJniLibsProjectOnly' as it is up-to-date.
[        ] work action resolve jni (project :integration_test) (Thread[#40491,Execution worker Thread 5,5,main]) started.
[        ] Resolve mutations for :path_provider_android:mergeDebugJniLibFolders (Thread[#40491,Execution worker Thread 5,5,main]) started.
[        ] :path_provider_android:mergeDebugJniLibFolders (Thread[#40491,Execution worker Thread 5,5,main]) started.
[        ] > Task :path_provider_android:mergeDebugJniLibFolders UP-TO-DATE
[        ] Caching disabled for task ':path_provider_android:mergeDebugJniLibFolders' because:
[        ]   Build cache is disabled
[        ]   Simple merging task
[        ] Skipping task ':path_provider_android:mergeDebugJniLibFolders' as it is up-to-date.
[        ] Resolve mutations for :path_provider_android:mergeDebugNativeLibs (Thread[#40491,Execution worker Thread 5,5,main]) started.
[        ] :path_provider_android:mergeDebugNativeLibs (Thread[#40491,Execution worker Thread 5,5,main]) started.
[        ] > Task :path_provider_android:mergeDebugNativeLibs NO-SOURCE
[        ] Skipping task ':path_provider_android:mergeDebugNativeLibs' as it has no source files and no previous output files.
[        ] Resolve mutations for :path_provider_android:copyDebugJniLibsProjectOnly (Thread[#40491,Execution worker Thread 5,5,main]) started.
[        ] :path_provider_android:copyDebugJniLibsProjectOnly (Thread[#40491,Execution worker Thread 5,5,main]) started.
[        ] > Task :path_provider_android:copyDebugJniLibsProjectOnly UP-TO-DATE
[        ] Caching disabled for task ':path_provider_android:copyDebugJniLibsProjectOnly' because:
[        ]   Build cache is disabled
[        ]   Caching has been disabled for the task
[        ] Skipping task ':path_provider_android:copyDebugJniLibsProjectOnly' as it is up-to-date.
[        ] work action resolve jni (project :path_provider_android) (Thread[#40491,Execution worker Thread 5,5,main]) started.
[        ] Resolve mutations for :quill_native_bridge_android:mergeDebugJniLibFolders (Thread[#40491,Execution worker Thread 5,5,main]) started.
[        ] :quill_native_bridge_android:mergeDebugJniLibFolders (Thread[#40491,Execution worker Thread 5,5,main]) started.
[        ] > Task :quill_native_bridge_android:mergeDebugJniLibFolders UP-TO-DATE
[        ] Caching disabled for task ':quill_native_bridge_android:mergeDebugJniLibFolders' because:
[        ]   Build cache is disabled
[        ]   Simple merging task
[        ] Skipping task ':quill_native_bridge_android:mergeDebugJniLibFolders' as it is up-to-date.
[        ] Resolve mutations for :quill_native_bridge_android:mergeDebugNativeLibs (Thread[#40491,Execution worker Thread 5,5,main]) started.
[        ] :quill_native_bridge_android:mergeDebugNativeLibs (Thread[#40491,Execution worker Thread 5,5,main]) started.
[        ] > Task :quill_native_bridge_android:mergeDebugNativeLibs NO-SOURCE
[        ] Skipping task ':quill_native_bridge_android:mergeDebugNativeLibs' as it has no source files and no previous output files.
[        ] Resolve mutations for :quill_native_bridge_android:copyDebugJniLibsProjectOnly (Thread[#40491,Execution worker Thread 5,5,main]) started.
[        ] :quill_native_bridge_android:copyDebugJniLibsProjectOnly (Thread[#40491,Execution worker Thread 5,5,main]) started.
[        ] > Task :quill_native_bridge_android:copyDebugJniLibsProjectOnly UP-TO-DATE
[        ] Caching disabled for task ':quill_native_bridge_android:copyDebugJniLibsProjectOnly' because:
[        ]   Build cache is disabled
[        ]   Caching has been disabled for the task
[        ] Skipping task ':quill_native_bridge_android:copyDebugJniLibsProjectOnly' as it is up-to-date.
[        ] work action resolve jni (project :quill_native_bridge_android) (Thread[#40491,Execution worker Thread 5,5,main]) started.
[        ] Resolve mutations for :shared_preferences_android:mergeDebugJniLibFolders (Thread[#40491,Execution worker Thread 5,5,main]) started.
[        ] :shared_preferences_android:mergeDebugJniLibFolders (Thread[#40491,Execution worker Thread 5,5,main]) started.
[        ] > Task :shared_preferences_android:mergeDebugJniLibFolders UP-TO-DATE
[        ] Caching disabled for task ':shared_preferences_android:mergeDebugJniLibFolders' because:
[        ]   Build cache is disabled
[        ]   Simple merging task
[        ] Skipping task ':shared_preferences_android:mergeDebugJniLibFolders' as it is up-to-date.
[        ] Resolve mutations for :shared_preferences_android:mergeDebugNativeLibs (Thread[#40491,Execution worker Thread 5,5,main]) started.
[        ] :shared_preferences_android:mergeDebugNativeLibs (Thread[#40491,Execution worker Thread 5,5,main]) started.
[        ] > Task :shared_preferences_android:mergeDebugNativeLibs NO-SOURCE
[        ] Skipping task ':shared_preferences_android:mergeDebugNativeLibs' as it has no source files and no previous output files.
[        ] Resolve mutations for :shared_preferences_android:copyDebugJniLibsProjectOnly (Thread[#40491,Execution worker Thread 5,5,main]) started.
[        ] :shared_preferences_android:copyDebugJniLibsProjectOnly (Thread[#40491,Execution worker Thread 5,5,main]) started.
[        ] > Task :shared_preferences_android:copyDebugJniLibsProjectOnly UP-TO-DATE
[        ] Caching disabled for task ':shared_preferences_android:copyDebugJniLibsProjectOnly' because:
[        ]   Build cache is disabled
[        ]   Caching has been disabled for the task
[        ] Skipping task ':shared_preferences_android:copyDebugJniLibsProjectOnly' as it is up-to-date.
[        ] work action resolve jni (project :shared_preferences_android) (Thread[#40491,Execution worker Thread 5,5,main]) started.
[        ] Resolve mutations for :sqflite_android:mergeDebugJniLibFolders (Thread[#40491,Execution worker Thread 5,5,main]) started.
[        ] :sqflite_android:mergeDebugJniLibFolders (Thread[#40491,Execution worker Thread 5,5,main]) started.
[        ] > Task :sqflite_android:mergeDebugJniLibFolders UP-TO-DATE
[        ] Caching disabled for task ':sqflite_android:mergeDebugJniLibFolders' because:
[        ]   Build cache is disabled
[        ]   Simple merging task
[        ] Skipping task ':sqflite_android:mergeDebugJniLibFolders' as it is up-to-date.
[        ] Resolve mutations for :sqflite_android:mergeDebugNativeLibs (Thread[#40491,Execution worker Thread 5,5,main]) started.
[        ] :sqflite_android:mergeDebugNativeLibs (Thread[#40491,Execution worker Thread 5,5,main]) started.
[        ] > Task :sqflite_android:mergeDebugNativeLibs NO-SOURCE
[        ] Skipping task ':sqflite_android:mergeDebugNativeLibs' as it has no source files and no previous output files.
[        ] Resolve mutations for :sqflite_android:copyDebugJniLibsProjectOnly (Thread[#40491,Execution worker Thread 5,5,main]) started.
[        ] :sqflite_android:copyDebugJniLibsProjectOnly (Thread[#40491,Execution worker Thread 5,5,main]) started.
[        ] > Task :sqflite_android:copyDebugJniLibsProjectOnly UP-TO-DATE
[        ] Caching disabled for task ':sqflite_android:copyDebugJniLibsProjectOnly' because:
[        ]   Build cache is disabled
[        ]   Caching has been disabled for the task
[        ] Skipping task ':sqflite_android:copyDebugJniLibsProjectOnly' as it is up-to-date.
[        ] work action resolve jni (project :sqflite_android) (Thread[#40491,Execution worker Thread 5,5,main]) started.
[        ] Resolve mutations for :url_launcher_android:mergeDebugJniLibFolders (Thread[#40491,Execution worker Thread 5,5,main]) started.
[        ] :url_launcher_android:mergeDebugJniLibFolders (Thread[#40491,Execution worker Thread 5,5,main]) started.
[        ] > Task :url_launcher_android:mergeDebugJniLibFolders UP-TO-DATE
[        ] Caching disabled for task ':url_launcher_android:mergeDebugJniLibFolders' because:
[        ]   Build cache is disabled
[        ]   Simple merging task
[        ] Skipping task ':url_launcher_android:mergeDebugJniLibFolders' as it is up-to-date.
[        ] Resolve mutations for :url_launcher_android:mergeDebugNativeLibs (Thread[#40491,Execution worker Thread 5,5,main]) started.
[        ] :url_launcher_android:mergeDebugNativeLibs (Thread[#40491,Execution worker Thread 5,5,main]) started.
[        ] > Task :url_launcher_android:mergeDebugNativeLibs NO-SOURCE
[        ] Skipping task ':url_launcher_android:mergeDebugNativeLibs' as it has no source files and no previous output files.
[        ] Resolve mutations for :url_launcher_android:copyDebugJniLibsProjectOnly (Thread[#40491,Execution worker Thread 5,5,main]) started.
[        ] :url_launcher_android:copyDebugJniLibsProjectOnly (Thread[#40491,Execution worker Thread 5,5,main]) started.
[        ] > Task :url_launcher_android:copyDebugJniLibsProjectOnly UP-TO-DATE
[        ] Caching disabled for task ':url_launcher_android:copyDebugJniLibsProjectOnly' because:
[        ]   Build cache is disabled
[        ]   Caching has been disabled for the task
[        ] Skipping task ':url_launcher_android:copyDebugJniLibsProjectOnly' as it is up-to-date.
[        ] work action resolve jni (project :url_launcher_android) (Thread[#40491,Execution worker Thread 5,5,main]) started.
[        ] Resolve mutations for :video_player_android:mergeDebugJniLibFolders (Thread[#40491,Execution worker Thread 5,5,main]) started.
[        ] :video_player_android:mergeDebugJniLibFolders (Thread[#40491,Execution worker Thread 5,5,main]) started.
[        ] > Task :video_player_android:mergeDebugJniLibFolders UP-TO-DATE
[        ] Caching disabled for task ':video_player_android:mergeDebugJniLibFolders' because:
[        ]   Build cache is disabled
[        ]   Simple merging task
[        ] Skipping task ':video_player_android:mergeDebugJniLibFolders' as it is up-to-date.
[        ] Resolve mutations for :video_player_android:mergeDebugNativeLibs (Thread[#40491,Execution worker Thread 5,5,main]) started.
[        ] :video_player_android:mergeDebugNativeLibs (Thread[#40491,Execution worker Thread 5,5,main]) started.
[        ] > Task :video_player_android:mergeDebugNativeLibs NO-SOURCE
[        ] Skipping task ':video_player_android:mergeDebugNativeLibs' as it has no source files and no previous output files.
[        ] Resolve mutations for :video_player_android:copyDebugJniLibsProjectOnly (Thread[#40491,Execution worker Thread 5,5,main]) started.
[        ] :video_player_android:copyDebugJniLibsProjectOnly (Thread[#40491,Execution worker Thread 5,5,main]) started.
[        ] > Task :video_player_android:copyDebugJniLibsProjectOnly UP-TO-DATE
[        ] Caching disabled for task ':video_player_android:copyDebugJniLibsProjectOnly' because:
[        ]   Build cache is disabled
[        ]   Caching has been disabled for the task
[        ] Skipping task ':video_player_android:copyDebugJniLibsProjectOnly' as it is up-to-date.
[        ] work action resolve jni (project :video_player_android) (Thread[#40491,Execution worker Thread 5,5,main]) started.
[        ] Resolve mutations for :app:mergeDebugNativeLibs (Thread[#40491,Execution worker Thread 5,5,main]) started.
[        ] :app:mergeDebugNativeLibs (Thread[#40491,Execution worker Thread 5,5,main]) started.
[  +87 ms] > Task :app:mergeDebugNativeLibs UP-TO-DATE
[        ] Caching disabled for task ':app:mergeDebugNativeLibs' because:
[        ]   Build cache is disabled
[        ]   Caching has been disabled for the task
[        ] Skipping task ':app:mergeDebugNativeLibs' as it is up-to-date.
[        ] Resolve mutations for :app:stripDebugDebugSymbols (Thread[#40491,Execution worker Thread 5,5,main]) started.
[        ] :app:stripDebugDebugSymbols (Thread[#40491,Execution worker Thread 5,5,main]) started.
[        ] > Task :app:stripDebugDebugSymbols UP-TO-DATE
[        ] Caching disabled for task ':app:stripDebugDebugSymbols' because:
[        ]   Build cache is disabled
[        ]   Caching has been disabled for the task
[        ] Skipping task ':app:stripDebugDebugSymbols' as it is up-to-date.
[        ] Resolve mutations for :app:validateSigningDebug (Thread[#40491,Execution worker Thread 5,5,main]) started.
[        ] :app:validateSigningDebug (Thread[#40491,Execution worker Thread 5,5,main]) started.
[        ] > Task :app:validateSigningDebug UP-TO-DATE
[        ] Caching disabled for task ':app:validateSigningDebug' because:
[        ]   Build cache is disabled
[        ]   Caching has been disabled for the task
[        ] Skipping task ':app:validateSigningDebug' as it is up-to-date.
[        ] Resolve mutations for :app:writeDebugAppMetadata (Thread[#40491,Execution worker Thread 5,5,main]) started.
[        ] :app:writeDebugAppMetadata (Thread[#40491,Execution worker Thread 5,5,main]) started.
[        ] > Task :app:writeDebugAppMetadata UP-TO-DATE
[        ] Caching disabled for task ':app:writeDebugAppMetadata' because:
[        ]   Build cache is disabled
[        ]   Caching has been disabled for the task
[        ] Skipping task ':app:writeDebugAppMetadata' as it is up-to-date.
[        ] Resolve mutations for :app:writeDebugSigningConfigVersions (Thread[#40491,Execution worker Thread 5,5,main]) started.
[        ] :app:writeDebugSigningConfigVersions (Thread[#40491,Execution worker Thread 5,5,main]) started.
[        ] > Task :app:writeDebugSigningConfigVersions UP-TO-DATE
[        ] Caching disabled for task ':app:writeDebugSigningConfigVersions' because:
[        ]   Build cache is disabled
[        ]   Caching has been disabled for the task
[        ] Skipping task ':app:writeDebugSigningConfigVersions' as it is up-to-date.
[        ] Resolve mutations for :connectivity_plus:stripDebugDebugSymbols (Thread[#40491,Execution worker Thread 5,5,main]) started.
[        ] :connectivity_plus:stripDebugDebugSymbols (Thread[#40491,Execution worker Thread 5,5,main]) started.
[        ] > Task :connectivity_plus:stripDebugDebugSymbols NO-SOURCE
[        ] Skipping task ':connectivity_plus:stripDebugDebugSymbols' as it has no source files and no previous output files.
[        ] Resolve mutations for :connectivity_plus:copyDebugJniLibsProjectAndLocalJars (Thread[#40491,Execution worker Thread 5,5,main]) started.
[        ] :connectivity_plus:copyDebugJniLibsProjectAndLocalJars (Thread[#40491,Execution worker Thread 5,5,main]) started.
[        ] > Task :connectivity_plus:copyDebugJniLibsProjectAndLocalJars UP-TO-DATE
[        ] Caching disabled for task ':connectivity_plus:copyDebugJniLibsProjectAndLocalJars' because:
[        ]   Build cache is disabled
[        ]   Caching has been disabled for the task
[        ] Skipping task ':connectivity_plus:copyDebugJniLibsProjectAndLocalJars' as it is up-to-date.
[        ] Resolve mutations for :connectivity_plus:extractDebugAnnotations (Thread[#40491,Execution worker Thread 5,5,main]) started.
[        ] :connectivity_plus:extractDebugAnnotations (Thread[#40491,Execution worker Thread 5,5,main]) started.
[        ] > Task :connectivity_plus:extractDebugAnnotations UP-TO-DATE
[        ] Caching disabled for task ':connectivity_plus:extractDebugAnnotations' because:
[        ]   Build cache is disabled
[        ] Skipping task ':connectivity_plus:extractDebugAnnotations' as it is up-to-date.
[        ] Resolve mutations for :connectivity_plus:extractDeepLinksForAarDebug (Thread[#40491,Execution worker Thread 5,5,main]) started.
[        ] :connectivity_plus:extractDeepLinksForAarDebug (Thread[#40491,Execution worker Thread 5,5,main]) started.
[        ] > Task :connectivity_plus:extractDeepLinksForAarDebug UP-TO-DATE
[        ] Caching disabled for task ':connectivity_plus:extractDeepLinksForAarDebug' because:
[        ]   Build cache is disabled
[        ] Skipping task ':connectivity_plus:extractDeepLinksForAarDebug' as it is up-to-date.
[        ] Resolve mutations for :connectivity_plus:mergeDebugGeneratedProguardFiles (Thread[#40491,Execution worker Thread 5,5,main]) started.
[        ] :connectivity_plus:mergeDebugGeneratedProguardFiles (Thread[#40491,Execution worker Thread 5,5,main]) started.
[        ] > Task :connectivity_plus:mergeDebugGeneratedProguardFiles UP-TO-DATE
[        ] Caching disabled for task ':connectivity_plus:mergeDebugGeneratedProguardFiles' because:
[        ]   Build cache is disabled
[        ]   Simple merging task
[        ] Skipping task ':connectivity_plus:mergeDebugGeneratedProguardFiles' as it is up-to-date.
[        ] Resolve mutations for :connectivity_plus:mergeDebugConsumerProguardFiles (Thread[#40491,Execution worker Thread 5,5,main]) started.
[        ] :connectivity_plus:mergeDebugConsumerProguardFiles (Thread[#40491,Execution worker Thread 5,5,main]) started.
[        ] > Task :connectivity_plus:mergeDebugConsumerProguardFiles UP-TO-DATE
[        ] Caching disabled for task ':connectivity_plus:mergeDebugConsumerProguardFiles' because:
[        ]   Build cache is disabled
[        ]   Simple merging task
[        ] Skipping task ':connectivity_plus:mergeDebugConsumerProguardFiles' as it is up-to-date.
[        ] Resolve mutations for :connectivity_plus:prepareDebugArtProfile (Thread[#40491,Execution worker Thread 5,5,main]) started.
[        ] :connectivity_plus:prepareDebugArtProfile (Thread[#40491,Execution worker Thread 5,5,main]) started.
[        ] > Task :connectivity_plus:prepareDebugArtProfile UP-TO-DATE
[        ] Caching disabled for task ':connectivity_plus:prepareDebugArtProfile' because:
[        ]   Build cache is disabled
[        ]   Caching has been disabled for the task
[        ] Skipping task ':connectivity_plus:prepareDebugArtProfile' as it is up-to-date.
[        ] Resolve mutations for :connectivity_plus:prepareLintJarForPublish (Thread[#40491,Execution worker Thread 5,5,main]) started.
[        ] :connectivity_plus:prepareLintJarForPublish (Thread[#40491,Execution worker Thread 5,5,main]) started.
[        ] > Task :connectivity_plus:prepareLintJarForPublish UP-TO-DATE
[        ] Caching disabled for task ':connectivity_plus:prepareLintJarForPublish' because:
[        ]   Build cache is disabled
[        ]   Caching has been disabled for the task
[        ] Skipping task ':connectivity_plus:prepareLintJarForPublish' as it is up-to-date.
[        ] Resolve mutations for :connectivity_plus:mergeDebugJavaResource (Thread[#40491,Execution worker Thread 5,5,main]) started.
[        ] :connectivity_plus:mergeDebugJavaResource (Thread[#40491,Execution worker Thread 5,5,main]) started.
[        ] > Task :connectivity_plus:mergeDebugJavaResource UP-TO-DATE
[        ] Caching disabled for task ':connectivity_plus:mergeDebugJavaResource' because:
[        ]   Build cache is disabled
[        ]   Caching has been disabled for the task
[        ] Skipping task ':connectivity_plus:mergeDebugJavaResource' as it is up-to-date.
[        ] Resolve mutations for :connectivity_plus:syncDebugLibJars (Thread[#40491,Execution worker Thread 5,5,main]) started.
[        ] :connectivity_plus:syncDebugLibJars (Thread[#40491,Execution worker Thread 5,5,main]) started.
[        ] > Task :connectivity_plus:syncDebugLibJars UP-TO-DATE
[        ] Caching disabled for task ':connectivity_plus:syncDebugLibJars' because:
[        ]   Build cache is disabled
[        ] Skipping task ':connectivity_plus:syncDebugLibJars' as it is up-to-date.
[        ] Resolve mutations for :connectivity_plus:bundleDebugAar (Thread[#40491,Execution worker Thread 5,5,main]) started.
[        ] :connectivity_plus:bundleDebugAar (Thread[#40491,Execution worker Thread 5,5,main]) started.
[        ] > Task :connectivity_plus:bundleDebugAar UP-TO-DATE
[        ] Caching disabled for task ':connectivity_plus:bundleDebugAar' because:
[        ]   Build cache is disabled
[        ]   Caching has been disabled for the task
[        ] Skipping task ':connectivity_plus:bundleDebugAar' as it is up-to-date.
[        ] Resolve mutations for :connectivity_plus:assembleDebug (Thread[#40491,Execution worker Thread 5,5,main]) started.
[        ] :connectivity_plus:assembleDebug (Thread[#40491,Execution worker Thread 5,5,main]) started.
[        ] > Task :connectivity_plus:assembleDebug UP-TO-DATE
[        ] Skipping task ':connectivity_plus:assembleDebug' as it has no actions.
[        ] Resolve mutations for :emoji_picker_flutter:stripDebugDebugSymbols (Thread[#40491,Execution worker Thread 5,5,main]) started.
[        ] :emoji_picker_flutter:stripDebugDebugSymbols (Thread[#40491,Execution worker Thread 5,5,main]) started.
[        ] > Task :emoji_picker_flutter:stripDebugDebugSymbols NO-SOURCE
[        ] Skipping task ':emoji_picker_flutter:stripDebugDebugSymbols' as it has no source files and no previous output files.
[        ] Resolve mutations for :emoji_picker_flutter:copyDebugJniLibsProjectAndLocalJars (Thread[#40491,Execution worker Thread 5,5,main]) started.
[        ] :emoji_picker_flutter:copyDebugJniLibsProjectAndLocalJars (Thread[#40491,Execution worker Thread 5,5,main]) started.
[        ] > Task :emoji_picker_flutter:copyDebugJniLibsProjectAndLocalJars UP-TO-DATE
[        ] Caching disabled for task ':emoji_picker_flutter:copyDebugJniLibsProjectAndLocalJars' because:
[        ]   Build cache is disabled
[        ]   Caching has been disabled for the task
[        ] Skipping task ':emoji_picker_flutter:copyDebugJniLibsProjectAndLocalJars' as it is up-to-date.
[        ] Resolve mutations for :emoji_picker_flutter:extractDebugAnnotations (Thread[#40491,Execution worker Thread 5,5,main]) started.
[        ] :emoji_picker_flutter:extractDebugAnnotations (Thread[#40491,Execution worker Thread 5,5,main]) started.
[        ] > Task :emoji_picker_flutter:extractDebugAnnotations UP-TO-DATE
[        ] Caching disabled for task ':emoji_picker_flutter:extractDebugAnnotations' because:
[        ]   Build cache is disabled
[        ] Skipping task ':emoji_picker_flutter:extractDebugAnnotations' as it is up-to-date.
[        ] Resolve mutations for :emoji_picker_flutter:extractDeepLinksForAarDebug (Thread[#40491,Execution worker Thread 5,5,main]) started.
[        ] :emoji_picker_flutter:extractDeepLinksForAarDebug (Thread[#40491,Execution worker Thread 5,5,main]) started.
[        ] > Task :emoji_picker_flutter:extractDeepLinksForAarDebug UP-TO-DATE
[        ] Caching disabled for task ':emoji_picker_flutter:extractDeepLinksForAarDebug' because:
[        ]   Build cache is disabled
[        ] Skipping task ':emoji_picker_flutter:extractDeepLinksForAarDebug' as it is up-to-date.
[        ] Resolve mutations for :emoji_picker_flutter:mergeDebugGeneratedProguardFiles (Thread[#40491,Execution worker Thread 5,5,main]) started.
[        ] :emoji_picker_flutter:mergeDebugGeneratedProguardFiles (Thread[#40491,Execution worker Thread 5,5,main]) started.
[        ] > Task :emoji_picker_flutter:mergeDebugGeneratedProguardFiles UP-TO-DATE
[        ] Caching disabled for task ':emoji_picker_flutter:mergeDebugGeneratedProguardFiles' because:
[        ]   Build cache is disabled
[        ]   Simple merging task
[        ] Skipping task ':emoji_picker_flutter:mergeDebugGeneratedProguardFiles' as it is up-to-date.
[        ] Resolve mutations for :emoji_picker_flutter:mergeDebugConsumerProguardFiles (Thread[#40491,Execution worker Thread 5,5,main]) started.
[        ] :emoji_picker_flutter:mergeDebugConsumerProguardFiles (Thread[#40491,Execution worker Thread 5,5,main]) started.
[        ] > Task :emoji_picker_flutter:mergeDebugConsumerProguardFiles UP-TO-DATE
[        ] Caching disabled for task ':emoji_picker_flutter:mergeDebugConsumerProguardFiles' because:
[        ]   Build cache is disabled
[        ]   Simple merging task
[        ] Skipping task ':emoji_picker_flutter:mergeDebugConsumerProguardFiles' as it is up-to-date.
[        ] Resolve mutations for :emoji_picker_flutter:prepareDebugArtProfile (Thread[#40491,Execution worker Thread 5,5,main]) started.
[        ] :emoji_picker_flutter:prepareDebugArtProfile (Thread[#40491,Execution worker Thread 5,5,main]) started.
[        ] > Task :emoji_picker_flutter:prepareDebugArtProfile UP-TO-DATE
[        ] Caching disabled for task ':emoji_picker_flutter:prepareDebugArtProfile' because:
[        ]   Build cache is disabled
[        ]   Caching has been disabled for the task
[        ] Skipping task ':emoji_picker_flutter:prepareDebugArtProfile' as it is up-to-date.
[        ] Resolve mutations for :emoji_picker_flutter:prepareLintJarForPublish (Thread[#40491,Execution worker Thread 5,5,main]) started.
[        ] :emoji_picker_flutter:prepareLintJarForPublish (Thread[#40491,Execution worker Thread 5,5,main]) started.
[        ] > Task :emoji_picker_flutter:prepareLintJarForPublish UP-TO-DATE
[        ] Caching disabled for task ':emoji_picker_flutter:prepareLintJarForPublish' because:
[        ]   Build cache is disabled
[        ]   Caching has been disabled for the task
[        ] Skipping task ':emoji_picker_flutter:prepareLintJarForPublish' as it is up-to-date.
[        ] Resolve mutations for :emoji_picker_flutter:mergeDebugJavaResource (Thread[#40491,Execution worker Thread 5,5,main]) started.
[        ] :emoji_picker_flutter:mergeDebugJavaResource (Thread[#40491,Execution worker Thread 5,5,main]) started.
[        ] > Task :emoji_picker_flutter:mergeDebugJavaResource UP-TO-DATE
[        ] Caching disabled for task ':emoji_picker_flutter:mergeDebugJavaResource' because:
[        ]   Build cache is disabled
[        ]   Caching has been disabled for the task
[        ] Skipping task ':emoji_picker_flutter:mergeDebugJavaResource' as it is up-to-date.
[        ] Resolve mutations for :emoji_picker_flutter:syncDebugLibJars (Thread[#40491,Execution worker Thread 5,5,main]) started.
[        ] :emoji_picker_flutter:syncDebugLibJars (Thread[#40491,Execution worker Thread 5,5,main]) started.
[        ] > Task :emoji_picker_flutter:syncDebugLibJars UP-TO-DATE
[        ] Caching disabled for task ':emoji_picker_flutter:syncDebugLibJars' because:
[        ]   Build cache is disabled
[        ] Skipping task ':emoji_picker_flutter:syncDebugLibJars' as it is up-to-date.
[        ] Resolve mutations for :emoji_picker_flutter:bundleDebugAar (Thread[#40491,Execution worker Thread 5,5,main]) started.
[        ] :emoji_picker_flutter:bundleDebugAar (Thread[#40491,Execution worker Thread 5,5,main]) started.
[        ] > Task :emoji_picker_flutter:bundleDebugAar UP-TO-DATE
[        ] Caching disabled for task ':emoji_picker_flutter:bundleDebugAar' because:
[        ]   Build cache is disabled
[        ]   Caching has been disabled for the task
[        ] Skipping task ':emoji_picker_flutter:bundleDebugAar' as it is up-to-date.
[        ] Resolve mutations for :emoji_picker_flutter:assembleDebug (Thread[#40491,Execution worker Thread 5,5,main]) started.
[        ] :emoji_picker_flutter:assembleDebug (Thread[#40491,Execution worker Thread 5,5,main]) started.
[        ] > Task :emoji_picker_flutter:assembleDebug UP-TO-DATE
[        ] Skipping task ':emoji_picker_flutter:assembleDebug' as it has no actions.
[        ] Resolve mutations for :file_selector_android:stripDebugDebugSymbols (Thread[#40491,Execution worker Thread 5,5,main]) started.
[        ] :file_selector_android:stripDebugDebugSymbols (Thread[#40491,Execution worker Thread 5,5,main]) started.
[        ] > Task :file_selector_android:stripDebugDebugSymbols NO-SOURCE
[        ] Skipping task ':file_selector_android:stripDebugDebugSymbols' as it has no source files and no previous output files.
[        ] Resolve mutations for :file_selector_android:copyDebugJniLibsProjectAndLocalJars (Thread[#40491,Execution worker Thread 5,5,main]) started.
[        ] :file_selector_android:copyDebugJniLibsProjectAndLocalJars (Thread[#40491,Execution worker Thread 5,5,main]) started.
[        ] > Task :file_selector_android:copyDebugJniLibsProjectAndLocalJars UP-TO-DATE
[        ] Caching disabled for task ':file_selector_android:copyDebugJniLibsProjectAndLocalJars' because:
[        ]   Build cache is disabled
[        ]   Caching has been disabled for the task
[        ] Skipping task ':file_selector_android:copyDebugJniLibsProjectAndLocalJars' as it is up-to-date.
[        ] Resolve mutations for :file_selector_android:extractDebugAnnotations (Thread[#40491,Execution worker Thread 5,5,main]) started.
[        ] :file_selector_android:extractDebugAnnotations (Thread[#40491,Execution worker Thread 5,5,main]) started.
[        ] > Task :file_selector_android:extractDebugAnnotations UP-TO-DATE
[        ] Caching disabled for task ':file_selector_android:extractDebugAnnotations' because:
[        ]   Build cache is disabled
[        ] Skipping task ':file_selector_android:extractDebugAnnotations' as it is up-to-date.
[        ] Resolve mutations for :file_selector_android:extractDeepLinksForAarDebug (Thread[#40491,Execution worker Thread 5,5,main]) started.
[        ] :file_selector_android:extractDeepLinksForAarDebug (Thread[#40491,Execution worker Thread 5,5,main]) started.
[        ] > Task :file_selector_android:extractDeepLinksForAarDebug UP-TO-DATE
[        ] Caching disabled for task ':file_selector_android:extractDeepLinksForAarDebug' because:
[        ]   Build cache is disabled
[        ] Skipping task ':file_selector_android:extractDeepLinksForAarDebug' as it is up-to-date.
[        ] Resolve mutations for :file_selector_android:mergeDebugGeneratedProguardFiles (Thread[#40491,Execution worker Thread 5,5,main]) started.
[        ] :file_selector_android:mergeDebugGeneratedProguardFiles (Thread[#40491,Execution worker Thread 5,5,main]) started.
[        ] > Task :file_selector_android:mergeDebugGeneratedProguardFiles UP-TO-DATE
[        ] Caching disabled for task ':file_selector_android:mergeDebugGeneratedProguardFiles' because:
[        ]   Build cache is disabled
[        ]   Simple merging task
[        ] Skipping task ':file_selector_android:mergeDebugGeneratedProguardFiles' as it is up-to-date.
[        ] Resolve mutations for :file_selector_android:mergeDebugConsumerProguardFiles (Thread[#40491,Execution worker Thread 5,5,main]) started.
[        ] :file_selector_android:mergeDebugConsumerProguardFiles (Thread[#40491,Execution worker Thread 5,5,main]) started.
[        ] > Task :file_selector_android:mergeDebugConsumerProguardFiles UP-TO-DATE
[        ] Caching disabled for task ':file_selector_android:mergeDebugConsumerProguardFiles' because:
[        ]   Build cache is disabled
[        ]   Simple merging task
[        ] Skipping task ':file_selector_android:mergeDebugConsumerProguardFiles' as it is up-to-date.
[        ] Resolve mutations for :file_selector_android:prepareDebugArtProfile (Thread[#40491,Execution worker Thread 5,5,main]) started.
[        ] :file_selector_android:prepareDebugArtProfile (Thread[#40491,Execution worker Thread 5,5,main]) started.
[        ] > Task :file_selector_android:prepareDebugArtProfile UP-TO-DATE
[        ] Caching disabled for task ':file_selector_android:prepareDebugArtProfile' because:
[        ]   Build cache is disabled
[        ]   Caching has been disabled for the task
[        ] Skipping task ':file_selector_android:prepareDebugArtProfile' as it is up-to-date.
[        ] Resolve mutations for :file_selector_android:prepareLintJarForPublish (Thread[#40491,Execution worker Thread 5,5,main]) started.
[        ] :file_selector_android:prepareLintJarForPublish (Thread[#40491,Execution worker Thread 5,5,main]) started.
[        ] > Task :file_selector_android:prepareLintJarForPublish UP-TO-DATE
[        ] Caching disabled for task ':file_selector_android:prepareLintJarForPublish' because:
[        ]   Build cache is disabled
[        ]   Caching has been disabled for the task
[        ] Skipping task ':file_selector_android:prepareLintJarForPublish' as it is up-to-date.
[        ] Resolve mutations for :file_selector_android:mergeDebugJavaResource (Thread[#40491,Execution worker Thread 5,5,main]) started.
[        ] :file_selector_android:mergeDebugJavaResource (Thread[#40491,Execution worker Thread 5,5,main]) started.
[        ] > Task :file_selector_android:mergeDebugJavaResource UP-TO-DATE
[        ] Caching disabled for task ':file_selector_android:mergeDebugJavaResource' because:
[        ]   Build cache is disabled
[        ]   Caching has been disabled for the task
[        ] Skipping task ':file_selector_android:mergeDebugJavaResource' as it is up-to-date.
[        ] Resolve mutations for :file_selector_android:syncDebugLibJars (Thread[#40491,Execution worker Thread 5,5,main]) started.
[        ] :file_selector_android:syncDebugLibJars (Thread[#40491,Execution worker Thread 5,5,main]) started.
[        ] > Task :file_selector_android:syncDebugLibJars UP-TO-DATE
[        ] Caching disabled for task ':file_selector_android:syncDebugLibJars' because:
[        ]   Build cache is disabled
[        ] Skipping task ':file_selector_android:syncDebugLibJars' as it is up-to-date.
[        ] Resolve mutations for :file_selector_android:bundleDebugAar (Thread[#40491,Execution worker Thread 5,5,main]) started.
[        ] :file_selector_android:bundleDebugAar (Thread[#40491,Execution worker Thread 5,5,main]) started.
[        ] > Task :file_selector_android:bundleDebugAar UP-TO-DATE
[        ] Caching disabled for task ':file_selector_android:bundleDebugAar' because:
[        ]   Build cache is disabled
[        ]   Caching has been disabled for the task
[        ] Skipping task ':file_selector_android:bundleDebugAar' as it is up-to-date.
[        ] Resolve mutations for :file_selector_android:assembleDebug (Thread[#40491,Execution worker Thread 5,5,main]) started.
[        ] :file_selector_android:assembleDebug (Thread[#40491,Execution worker Thread 5,5,main]) started.
[        ] > Task :file_selector_android:assembleDebug UP-TO-DATE
[        ] Skipping task ':file_selector_android:assembleDebug' as it has no actions.
[        ] Resolve mutations for :flutter_keyboard_visibility_temp_fork:stripDebugDebugSymbols (Thread[#40491,Execution worker Thread 5,5,main]) started.
[        ] :flutter_keyboard_visibility_temp_fork:stripDebugDebugSymbols (Thread[#40491,Execution worker Thread 5,5,main]) started.
[        ] > Task :flutter_keyboard_visibility_temp_fork:stripDebugDebugSymbols NO-SOURCE
[        ] Skipping task ':flutter_keyboard_visibility_temp_fork:stripDebugDebugSymbols' as it has no source files and no previous output files.
[        ] Resolve mutations for :flutter_keyboard_visibility_temp_fork:copyDebugJniLibsProjectAndLocalJars (Thread[#40491,Execution worker Thread 5,5,main]) started.
[        ] :flutter_keyboard_visibility_temp_fork:copyDebugJniLibsProjectAndLocalJars (Thread[#40491,Execution worker Thread 5,5,main]) started.
[        ] > Task :flutter_keyboard_visibility_temp_fork:copyDebugJniLibsProjectAndLocalJars UP-TO-DATE
[        ] Caching disabled for task ':flutter_keyboard_visibility_temp_fork:copyDebugJniLibsProjectAndLocalJars' because:
[        ]   Build cache is disabled
[        ]   Caching has been disabled for the task
[        ] Skipping task ':flutter_keyboard_visibility_temp_fork:copyDebugJniLibsProjectAndLocalJars' as it is up-to-date.
[        ] Resolve mutations for :flutter_keyboard_visibility_temp_fork:extractDebugAnnotations (Thread[#40491,Execution worker Thread 5,5,main]) started.
[        ] :flutter_keyboard_visibility_temp_fork:extractDebugAnnotations (Thread[#40491,Execution worker Thread 5,5,main]) started.
[        ] > Task :flutter_keyboard_visibility_temp_fork:extractDebugAnnotations UP-TO-DATE
[        ] Caching disabled for task ':flutter_keyboard_visibility_temp_fork:extractDebugAnnotations' because:
[        ]   Build cache is disabled
[        ] Skipping task ':flutter_keyboard_visibility_temp_fork:extractDebugAnnotations' as it is up-to-date.
[        ] Resolve mutations for :flutter_keyboard_visibility_temp_fork:extractDeepLinksForAarDebug (Thread[#40491,Execution worker Thread 5,5,main]) started.
[        ] :flutter_keyboard_visibility_temp_fork:extractDeepLinksForAarDebug (Thread[#40491,Execution worker Thread 5,5,main]) started.
[        ] > Task :flutter_keyboard_visibility_temp_fork:extractDeepLinksForAarDebug UP-TO-DATE
[        ] Caching disabled for task ':flutter_keyboard_visibility_temp_fork:extractDeepLinksForAarDebug' because:
[        ]   Build cache is disabled
[        ] Skipping task ':flutter_keyboard_visibility_temp_fork:extractDeepLinksForAarDebug' as it is up-to-date.
[        ] Resolve mutations for :flutter_keyboard_visibility_temp_fork:mergeDebugGeneratedProguardFiles (Thread[#40491,Execution worker Thread 5,5,main]) started.
[        ] :flutter_keyboard_visibility_temp_fork:mergeDebugGeneratedProguardFiles (Thread[#40491,Execution worker Thread 5,5,main]) started.
[        ] > Task :flutter_keyboard_visibility_temp_fork:mergeDebugGeneratedProguardFiles UP-TO-DATE
[        ] Caching disabled for task ':flutter_keyboard_visibility_temp_fork:mergeDebugGeneratedProguardFiles' because:
[        ]   Build cache is disabled
[        ]   Simple merging task
[        ] Skipping task ':flutter_keyboard_visibility_temp_fork:mergeDebugGeneratedProguardFiles' as it is up-to-date.
[        ] Resolve mutations for :flutter_keyboard_visibility_temp_fork:mergeDebugConsumerProguardFiles (Thread[#40491,Execution worker Thread 5,5,main]) started.
[        ] :flutter_keyboard_visibility_temp_fork:mergeDebugConsumerProguardFiles (Thread[#40491,Execution worker Thread 5,5,main]) started.
[        ] > Task :flutter_keyboard_visibility_temp_fork:mergeDebugConsumerProguardFiles UP-TO-DATE
[        ] Caching disabled for task ':flutter_keyboard_visibility_temp_fork:mergeDebugConsumerProguardFiles' because:
[        ]   Build cache is disabled
[        ]   Simple merging task
[        ] Skipping task ':flutter_keyboard_visibility_temp_fork:mergeDebugConsumerProguardFiles' as it is up-to-date.
[        ] Resolve mutations for :flutter_keyboard_visibility_temp_fork:prepareDebugArtProfile (Thread[#40491,Execution worker Thread 5,5,main]) started.
[        ] :flutter_keyboard_visibility_temp_fork:prepareDebugArtProfile (Thread[#40491,Execution worker Thread 5,5,main]) started.
[        ] > Task :flutter_keyboard_visibility_temp_fork:prepareDebugArtProfile UP-TO-DATE
[        ] Caching disabled for task ':flutter_keyboard_visibility_temp_fork:prepareDebugArtProfile' because:
[        ]   Build cache is disabled
[        ]   Caching has been disabled for the task
[        ] Skipping task ':flutter_keyboard_visibility_temp_fork:prepareDebugArtProfile' as it is up-to-date.
[        ] Resolve mutations for :flutter_keyboard_visibility_temp_fork:prepareLintJarForPublish (Thread[#40491,Execution worker Thread 5,5,main]) started.
[        ] :flutter_keyboard_visibility_temp_fork:prepareLintJarForPublish (Thread[#40491,Execution worker Thread 5,5,main]) started.
[        ] > Task :flutter_keyboard_visibility_temp_fork:prepareLintJarForPublish UP-TO-DATE
[        ] Caching disabled for task ':flutter_keyboard_visibility_temp_fork:prepareLintJarForPublish' because:
[        ]   Build cache is disabled
[        ]   Caching has been disabled for the task
[        ] Skipping task ':flutter_keyboard_visibility_temp_fork:prepareLintJarForPublish' as it is up-to-date.
[        ] Resolve mutations for :flutter_keyboard_visibility_temp_fork:mergeDebugJavaResource (Thread[#40491,Execution worker Thread 5,5,main]) started.
[        ] :flutter_keyboard_visibility_temp_fork:mergeDebugJavaResource (Thread[#40491,Execution worker Thread 5,5,main]) started.
[        ] > Task :flutter_keyboard_visibility_temp_fork:mergeDebugJavaResource UP-TO-DATE
[        ] Caching disabled for task ':flutter_keyboard_visibility_temp_fork:mergeDebugJavaResource' because:
[        ]   Build cache is disabled
[        ]   Caching has been disabled for the task
[        ] Skipping task ':flutter_keyboard_visibility_temp_fork:mergeDebugJavaResource' as it is up-to-date.
[        ] Resolve mutations for :flutter_keyboard_visibility_temp_fork:syncDebugLibJars (Thread[#40491,Execution worker Thread 5,5,main]) started.
[        ] :flutter_keyboard_visibility_temp_fork:syncDebugLibJars (Thread[#40491,Execution worker Thread 5,5,main]) started.
[        ] > Task :flutter_keyboard_visibility_temp_fork:syncDebugLibJars UP-TO-DATE
[        ] Caching disabled for task ':flutter_keyboard_visibility_temp_fork:syncDebugLibJars' because:
[        ]   Build cache is disabled
[        ] Skipping task ':flutter_keyboard_visibility_temp_fork:syncDebugLibJars' as it is up-to-date.
[        ] Resolve mutations for :flutter_keyboard_visibility_temp_fork:bundleDebugAar (Thread[#40491,Execution worker Thread 5,5,main]) started.
[        ] :flutter_keyboard_visibility_temp_fork:bundleDebugAar (Thread[#40491,Execution worker Thread 5,5,main]) started.
[        ] > Task :flutter_keyboard_visibility_temp_fork:bundleDebugAar UP-TO-DATE
[        ] Caching disabled for task ':flutter_keyboard_visibility_temp_fork:bundleDebugAar' because:
[        ]   Build cache is disabled
[        ]   Caching has been disabled for the task
[        ] Skipping task ':flutter_keyboard_visibility_temp_fork:bundleDebugAar' as it is up-to-date.
[        ] Resolve mutations for :flutter_keyboard_visibility_temp_fork:assembleDebug (Thread[#40491,Execution worker Thread 5,5,main]) started.
[        ] :flutter_keyboard_visibility_temp_fork:assembleDebug (Thread[#40491,Execution worker Thread 5,5,main]) started.
[        ] > Task :flutter_keyboard_visibility_temp_fork:assembleDebug UP-TO-DATE
[        ] Skipping task ':flutter_keyboard_visibility_temp_fork:assembleDebug' as it has no actions.
[        ] Resolve mutations for :flutter_native_splash:stripDebugDebugSymbols (Thread[#40491,Execution worker Thread 5,5,main]) started.
[        ] :flutter_native_splash:stripDebugDebugSymbols (Thread[#40491,Execution worker Thread 5,5,main]) started.
[        ] > Task :flutter_native_splash:stripDebugDebugSymbols NO-SOURCE
[        ] Skipping task ':flutter_native_splash:stripDebugDebugSymbols' as it has no source files and no previous output files.
[        ] Resolve mutations for :flutter_native_splash:copyDebugJniLibsProjectAndLocalJars (Thread[#40491,Execution worker Thread 5,5,main]) started.
[        ] :flutter_native_splash:copyDebugJniLibsProjectAndLocalJars (Thread[#40491,Execution worker Thread 5,5,main]) started.
[        ] > Task :flutter_native_splash:copyDebugJniLibsProjectAndLocalJars UP-TO-DATE
[        ] Caching disabled for task ':flutter_native_splash:copyDebugJniLibsProjectAndLocalJars' because:
[        ]   Build cache is disabled
[        ]   Caching has been disabled for the task
[        ] Skipping task ':flutter_native_splash:copyDebugJniLibsProjectAndLocalJars' as it is up-to-date.
[        ] Resolve mutations for :flutter_native_splash:extractDebugAnnotations (Thread[#40491,Execution worker Thread 5,5,main]) started.
[        ] :flutter_native_splash:extractDebugAnnotations (Thread[#40491,Execution worker Thread 5,5,main]) started.
[        ] > Task :flutter_native_splash:extractDebugAnnotations UP-TO-DATE
[        ] Caching disabled for task ':flutter_native_splash:extractDebugAnnotations' because:
[        ]   Build cache is disabled
[        ] Skipping task ':flutter_native_splash:extractDebugAnnotations' as it is up-to-date.
[        ] Resolve mutations for :flutter_native_splash:extractDeepLinksForAarDebug (Thread[#40491,Execution worker Thread 5,5,main]) started.
[        ] :flutter_native_splash:extractDeepLinksForAarDebug (Thread[#40491,Execution worker Thread 5,5,main]) started.
[        ] > Task :flutter_native_splash:extractDeepLinksForAarDebug UP-TO-DATE
[        ] Caching disabled for task ':flutter_native_splash:extractDeepLinksForAarDebug' because:
[        ]   Build cache is disabled
[        ] Skipping task ':flutter_native_splash:extractDeepLinksForAarDebug' as it is up-to-date.
[        ] Resolve mutations for :flutter_native_splash:mergeDebugGeneratedProguardFiles (Thread[#40491,Execution worker Thread 5,5,main]) started.
[        ] :flutter_native_splash:mergeDebugGeneratedProguardFiles (Thread[#40491,Execution worker Thread 5,5,main]) started.
[        ] > Task :flutter_native_splash:mergeDebugGeneratedProguardFiles UP-TO-DATE
[        ] Caching disabled for task ':flutter_native_splash:mergeDebugGeneratedProguardFiles' because:
[        ]   Build cache is disabled
[        ]   Simple merging task
[        ] Skipping task ':flutter_native_splash:mergeDebugGeneratedProguardFiles' as it is up-to-date.
[        ] Resolve mutations for :flutter_native_splash:mergeDebugConsumerProguardFiles (Thread[#40491,Execution worker Thread 5,5,main]) started.
[        ] :flutter_native_splash:mergeDebugConsumerProguardFiles (Thread[#40491,Execution worker Thread 5,5,main]) started.
[        ] > Task :flutter_native_splash:mergeDebugConsumerProguardFiles UP-TO-DATE
[        ] Caching disabled for task ':flutter_native_splash:mergeDebugConsumerProguardFiles' because:
[        ]   Build cache is disabled
[        ]   Simple merging task
[        ] Skipping task ':flutter_native_splash:mergeDebugConsumerProguardFiles' as it is up-to-date.
[        ] Resolve mutations for :flutter_native_splash:prepareDebugArtProfile (Thread[#40491,Execution worker Thread 5,5,main]) started.
[        ] :flutter_native_splash:prepareDebugArtProfile (Thread[#40491,Execution worker Thread 5,5,main]) started.
[        ] > Task :flutter_native_splash:prepareDebugArtProfile UP-TO-DATE
[        ] Caching disabled for task ':flutter_native_splash:prepareDebugArtProfile' because:
[        ]   Build cache is disabled
[        ]   Caching has been disabled for the task
[        ] Skipping task ':flutter_native_splash:prepareDebugArtProfile' as it is up-to-date.
[        ] Resolve mutations for :flutter_native_splash:prepareLintJarForPublish (Thread[#40491,Execution worker Thread 5,5,main]) started.
[        ] :flutter_native_splash:prepareLintJarForPublish (Thread[#40491,Execution worker Thread 5,5,main]) started.
[        ] > Task :flutter_native_splash:prepareLintJarForPublish UP-TO-DATE
[        ] Caching disabled for task ':flutter_native_splash:prepareLintJarForPublish' because:
[        ]   Build cache is disabled
[        ]   Caching has been disabled for the task
[        ] Skipping task ':flutter_native_splash:prepareLintJarForPublish' as it is up-to-date.
[        ] Resolve mutations for :flutter_native_splash:mergeDebugJavaResource (Thread[#40491,Execution worker Thread 5,5,main]) started.
[        ] :flutter_native_splash:mergeDebugJavaResource (Thread[#40491,Execution worker Thread 5,5,main]) started.
[        ] > Task :flutter_native_splash:mergeDebugJavaResource UP-TO-DATE
[        ] Caching disabled for task ':flutter_native_splash:mergeDebugJavaResource' because:
[        ]   Build cache is disabled
[        ]   Caching has been disabled for the task
[        ] Skipping task ':flutter_native_splash:mergeDebugJavaResource' as it is up-to-date.
[        ] Resolve mutations for :flutter_native_splash:syncDebugLibJars (Thread[#40491,Execution worker Thread 5,5,main]) started.
[        ] :flutter_native_splash:syncDebugLibJars (Thread[#40491,Execution worker Thread 5,5,main]) started.
[        ] > Task :flutter_native_splash:syncDebugLibJars UP-TO-DATE
[        ] Caching disabled for task ':flutter_native_splash:syncDebugLibJars' because:
[        ]   Build cache is disabled
[        ] Skipping task ':flutter_native_splash:syncDebugLibJars' as it is up-to-date.
[        ] Resolve mutations for :flutter_native_splash:bundleDebugAar (Thread[#40491,Execution worker Thread 5,5,main]) started.
[        ] :flutter_native_splash:bundleDebugAar (Thread[#40491,Execution worker Thread 5,5,main]) started.
[        ] > Task :flutter_native_splash:bundleDebugAar UP-TO-DATE
[        ] Caching disabled for task ':flutter_native_splash:bundleDebugAar' because:
[        ]   Build cache is disabled
[        ]   Caching has been disabled for the task
[        ] Skipping task ':flutter_native_splash:bundleDebugAar' as it is up-to-date.
[        ] Resolve mutations for :flutter_native_splash:assembleDebug (Thread[#40491,Execution worker Thread 5,5,main]) started.
[        ] :flutter_native_splash:assembleDebug (Thread[#40491,Execution worker Thread 5,5,main]) started.
[        ] > Task :flutter_native_splash:assembleDebug UP-TO-DATE
[        ] Skipping task ':flutter_native_splash:assembleDebug' as it has no actions.
[        ] Resolve mutations for :flutter_olm:stripDebugDebugSymbols (Thread[#40491,Execution worker Thread 5,5,main]) started.
[        ] :flutter_olm:stripDebugDebugSymbols (Thread[#40491,Execution worker Thread 5,5,main]) started.
[        ] > Task :flutter_olm:stripDebugDebugSymbols UP-TO-DATE
[        ] Caching disabled for task ':flutter_olm:stripDebugDebugSymbols' because:
[        ]   Build cache is disabled
[        ]   Caching has been disabled for the task
[        ] Skipping task ':flutter_olm:stripDebugDebugSymbols' as it is up-to-date.
[        ] Resolve mutations for :flutter_olm:copyDebugJniLibsProjectAndLocalJars (Thread[#40491,Execution worker Thread 5,5,main]) started.
[        ] :flutter_olm:copyDebugJniLibsProjectAndLocalJars (Thread[#40491,Execution worker Thread 5,5,main]) started.
[        ] > Task :flutter_olm:copyDebugJniLibsProjectAndLocalJars UP-TO-DATE
[        ] Caching disabled for task ':flutter_olm:copyDebugJniLibsProjectAndLocalJars' because:
[        ]   Build cache is disabled
[        ]   Caching has been disabled for the task
[        ] Skipping task ':flutter_olm:copyDebugJniLibsProjectAndLocalJars' as it is up-to-date.
[        ] Resolve mutations for :flutter_olm:extractDebugAnnotations (Thread[#40491,Execution worker Thread 5,5,main]) started.
[        ] :flutter_olm:extractDebugAnnotations (Thread[#40491,Execution worker Thread 5,5,main]) started.
[        ] > Task :flutter_olm:extractDebugAnnotations UP-TO-DATE
[        ] Caching disabled for task ':flutter_olm:extractDebugAnnotations' because:
[        ]   Build cache is disabled
[        ] Skipping task ':flutter_olm:extractDebugAnnotations' as it is up-to-date.
[        ] Resolve mutations for :flutter_olm:extractDeepLinksForAarDebug (Thread[#40491,Execution worker Thread 5,5,main]) started.
[        ] :flutter_olm:extractDeepLinksForAarDebug (Thread[#40491,Execution worker Thread 5,5,main]) started.
[        ] > Task :flutter_olm:extractDeepLinksForAarDebug UP-TO-DATE
[        ] Caching disabled for task ':flutter_olm:extractDeepLinksForAarDebug' because:
[        ]   Build cache is disabled
[        ] Skipping task ':flutter_olm:extractDeepLinksForAarDebug' as it is up-to-date.
[        ] Resolve mutations for :flutter_olm:mergeDebugGeneratedProguardFiles (Thread[#40491,Execution worker Thread 5,5,main]) started.
[        ] :flutter_olm:mergeDebugGeneratedProguardFiles (Thread[#40491,Execution worker Thread 5,5,main]) started.
[        ] > Task :flutter_olm:mergeDebugGeneratedProguardFiles UP-TO-DATE
[        ] Caching disabled for task ':flutter_olm:mergeDebugGeneratedProguardFiles' because:
[        ]   Build cache is disabled
[        ]   Simple merging task
[        ] Skipping task ':flutter_olm:mergeDebugGeneratedProguardFiles' as it is up-to-date.
[        ] Resolve mutations for :flutter_olm:mergeDebugConsumerProguardFiles (Thread[#40491,Execution worker Thread 5,5,main]) started.
[        ] :flutter_olm:mergeDebugConsumerProguardFiles (Thread[#40491,Execution worker Thread 5,5,main]) started.
[        ] > Task :flutter_olm:mergeDebugConsumerProguardFiles UP-TO-DATE
[        ] Caching disabled for task ':flutter_olm:mergeDebugConsumerProguardFiles' because:
[        ]   Build cache is disabled
[        ]   Simple merging task
[        ] Skipping task ':flutter_olm:mergeDebugConsumerProguardFiles' as it is up-to-date.
[        ] Resolve mutations for :flutter_olm:prepareDebugArtProfile (Thread[#40491,Execution worker Thread 5,5,main]) started.
[        ] :flutter_olm:prepareDebugArtProfile (Thread[#40491,Execution worker Thread 5,5,main]) started.
[        ] > Task :flutter_olm:prepareDebugArtProfile UP-TO-DATE
[        ] Caching disabled for task ':flutter_olm:prepareDebugArtProfile' because:
[        ]   Build cache is disabled
[        ]   Caching has been disabled for the task
[        ] Skipping task ':flutter_olm:prepareDebugArtProfile' as it is up-to-date.
[        ] Resolve mutations for :flutter_olm:prepareLintJarForPublish (Thread[#40491,Execution worker Thread 5,5,main]) started.
[        ] :flutter_olm:prepareLintJarForPublish (Thread[#40491,Execution worker Thread 5,5,main]) started.
[        ] > Task :flutter_olm:prepareLintJarForPublish UP-TO-DATE
[        ] Caching disabled for task ':flutter_olm:prepareLintJarForPublish' because:
[        ]   Build cache is disabled
[        ]   Caching has been disabled for the task
[        ] Skipping task ':flutter_olm:prepareLintJarForPublish' as it is up-to-date.
[        ] Resolve mutations for :flutter_olm:mergeDebugJavaResource (Thread[#40491,Execution worker Thread 5,5,main]) started.
[        ] :flutter_olm:mergeDebugJavaResource (Thread[#40491,Execution worker Thread 5,5,main]) started.
[        ] > Task :flutter_olm:mergeDebugJavaResource UP-TO-DATE
[        ] Caching disabled for task ':flutter_olm:mergeDebugJavaResource' because:
[        ]   Build cache is disabled
[        ]   Caching has been disabled for the task
[        ] Skipping task ':flutter_olm:mergeDebugJavaResource' as it is up-to-date.
[        ] Resolve mutations for :flutter_olm:syncDebugLibJars (Thread[#40491,Execution worker Thread 5,5,main]) started.
[        ] :flutter_olm:syncDebugLibJars (Thread[#40491,Execution worker Thread 5,5,main]) started.
[        ] > Task :flutter_olm:syncDebugLibJars UP-TO-DATE
[        ] Caching disabled for task ':flutter_olm:syncDebugLibJars' because:
[        ]   Build cache is disabled
[        ] Skipping task ':flutter_olm:syncDebugLibJars' as it is up-to-date.
[        ] Resolve mutations for :flutter_olm:bundleDebugAar (Thread[#40491,Execution worker Thread 5,5,main]) started.
[        ] :flutter_olm:bundleDebugAar (Thread[#40491,Execution worker Thread 5,5,main]) started.
[        ] > Task :flutter_olm:bundleDebugAar UP-TO-DATE
[        ] Caching disabled for task ':flutter_olm:bundleDebugAar' because:
[        ]   Build cache is disabled
[        ]   Caching has been disabled for the task
[        ] Skipping task ':flutter_olm:bundleDebugAar' as it is up-to-date.
[        ] Resolve mutations for :flutter_olm:assembleDebug (Thread[#40491,Execution worker Thread 5,5,main]) started.
[        ] :flutter_olm:assembleDebug (Thread[#40491,Execution worker Thread 5,5,main]) started.
[        ] > Task :flutter_olm:assembleDebug UP-TO-DATE
[        ] Skipping task ':flutter_olm:assembleDebug' as it has no actions.
[        ] Resolve mutations for :flutter_openssl_crypto:stripDebugDebugSymbols (Thread[#40491,Execution worker Thread 5,5,main]) started.
[        ] :flutter_openssl_crypto:stripDebugDebugSymbols (Thread[#40491,Execution worker Thread 5,5,main]) started.
[        ] > Task :flutter_openssl_crypto:stripDebugDebugSymbols UP-TO-DATE
[        ] Caching disabled for task ':flutter_openssl_crypto:stripDebugDebugSymbols' because:
[        ]   Build cache is disabled
[        ]   Caching has been disabled for the task
[        ] Skipping task ':flutter_openssl_crypto:stripDebugDebugSymbols' as it is up-to-date.
[        ] Resolve mutations for :flutter_openssl_crypto:copyDebugJniLibsProjectAndLocalJars (Thread[#40491,Execution worker Thread 5,5,main]) started.
[        ] :flutter_openssl_crypto:copyDebugJniLibsProjectAndLocalJars (Thread[#40491,Execution worker Thread 5,5,main]) started.
[        ] > Task :flutter_openssl_crypto:copyDebugJniLibsProjectAndLocalJars UP-TO-DATE
[        ] Caching disabled for task ':flutter_openssl_crypto:copyDebugJniLibsProjectAndLocalJars' because:
[        ]   Build cache is disabled
[        ]   Caching has been disabled for the task
[        ] Skipping task ':flutter_openssl_crypto:copyDebugJniLibsProjectAndLocalJars' as it is up-to-date.
[        ] Resolve mutations for :flutter_openssl_crypto:extractDebugAnnotations (Thread[#40491,Execution worker Thread 5,5,main]) started.
[        ] :flutter_openssl_crypto:extractDebugAnnotations (Thread[#40491,Execution worker Thread 5,5,main]) started.
[        ] > Task :flutter_openssl_crypto:extractDebugAnnotations UP-TO-DATE
[        ] Caching disabled for task ':flutter_openssl_crypto:extractDebugAnnotations' because:
[        ]   Build cache is disabled
[        ] Skipping task ':flutter_openssl_crypto:extractDebugAnnotations' as it is up-to-date.
[        ] Resolve mutations for :flutter_openssl_crypto:extractDeepLinksForAarDebug (Thread[#40491,Execution worker Thread 5,5,main]) started.
[        ] :flutter_openssl_crypto:extractDeepLinksForAarDebug (Thread[#40491,Execution worker Thread 5,5,main]) started.
[        ] > Task :flutter_openssl_crypto:extractDeepLinksForAarDebug UP-TO-DATE
[        ] Caching disabled for task ':flutter_openssl_crypto:extractDeepLinksForAarDebug' because:
[        ]   Build cache is disabled
[        ] Skipping task ':flutter_openssl_crypto:extractDeepLinksForAarDebug' as it is up-to-date.
[        ] Resolve mutations for :flutter_openssl_crypto:mergeDebugGeneratedProguardFiles (Thread[#40491,Execution worker Thread 5,5,main]) started.
[        ] :flutter_openssl_crypto:mergeDebugGeneratedProguardFiles (Thread[#40491,Execution worker Thread 5,5,main]) started.
[        ] > Task :flutter_openssl_crypto:mergeDebugGeneratedProguardFiles UP-TO-DATE
[        ] Caching disabled for task ':flutter_openssl_crypto:mergeDebugGeneratedProguardFiles' because:
[        ]   Build cache is disabled
[        ]   Simple merging task
[        ] Skipping task ':flutter_openssl_crypto:mergeDebugGeneratedProguardFiles' as it is up-to-date.
[        ] Resolve mutations for :flutter_openssl_crypto:mergeDebugConsumerProguardFiles (Thread[#40491,Execution worker Thread 5,5,main]) started.
[        ] :flutter_openssl_crypto:mergeDebugConsumerProguardFiles (Thread[#40491,Execution worker Thread 5,5,main]) started.
[        ] > Task :flutter_openssl_crypto:mergeDebugConsumerProguardFiles UP-TO-DATE
[        ] Caching disabled for task ':flutter_openssl_crypto:mergeDebugConsumerProguardFiles' because:
[        ]   Build cache is disabled
[        ]   Simple merging task
[        ] Skipping task ':flutter_openssl_crypto:mergeDebugConsumerProguardFiles' as it is up-to-date.
[        ] Resolve mutations for :flutter_openssl_crypto:prepareDebugArtProfile (Thread[#40491,Execution worker Thread 5,5,main]) started.
[        ] :flutter_openssl_crypto:prepareDebugArtProfile (Thread[#40491,Execution worker Thread 5,5,main]) started.
[        ] > Task :flutter_openssl_crypto:prepareDebugArtProfile UP-TO-DATE
[        ] Caching disabled for task ':flutter_openssl_crypto:prepareDebugArtProfile' because:
[        ]   Build cache is disabled
[        ]   Caching has been disabled for the task
[        ] Skipping task ':flutter_openssl_crypto:prepareDebugArtProfile' as it is up-to-date.
[        ] Resolve mutations for :flutter_openssl_crypto:prepareLintJarForPublish (Thread[#40491,Execution worker Thread 5,5,main]) started.
[        ] :flutter_openssl_crypto:prepareLintJarForPublish (Thread[#40491,Execution worker Thread 5,5,main]) started.
[        ] > Task :flutter_openssl_crypto:prepareLintJarForPublish UP-TO-DATE
[        ] Caching disabled for task ':flutter_openssl_crypto:prepareLintJarForPublish' because:
[        ]   Build cache is disabled
[        ]   Caching has been disabled for the task
[        ] Skipping task ':flutter_openssl_crypto:prepareLintJarForPublish' as it is up-to-date.
[        ] Resolve mutations for :flutter_openssl_crypto:mergeDebugJavaResource (Thread[#40491,Execution worker Thread 5,5,main]) started.
[        ] :flutter_openssl_crypto:mergeDebugJavaResource (Thread[#40491,Execution worker Thread 5,5,main]) started.
[        ] > Task :flutter_openssl_crypto:mergeDebugJavaResource UP-TO-DATE
[        ] Caching disabled for task ':flutter_openssl_crypto:mergeDebugJavaResource' because:
[        ]   Build cache is disabled
[        ]   Caching has been disabled for the task
[        ] Skipping task ':flutter_openssl_crypto:mergeDebugJavaResource' as it is up-to-date.
[        ] Resolve mutations for :flutter_openssl_crypto:syncDebugLibJars (Thread[#40491,Execution worker Thread 5,5,main]) started.
[        ] :flutter_openssl_crypto:syncDebugLibJars (Thread[#40491,Execution worker Thread 5,5,main]) started.
[        ] > Task :flutter_openssl_crypto:syncDebugLibJars UP-TO-DATE
[        ] Caching disabled for task ':flutter_openssl_crypto:syncDebugLibJars' because:
[        ]   Build cache is disabled
[        ] Skipping task ':flutter_openssl_crypto:syncDebugLibJars' as it is up-to-date.
[        ] Resolve mutations for :flutter_openssl_crypto:bundleDebugAar (Thread[#40491,Execution worker Thread 5,5,main]) started.
[        ] :flutter_openssl_crypto:bundleDebugAar (Thread[#40491,Execution worker Thread 5,5,main]) started.
[        ] > Task :flutter_openssl_crypto:bundleDebugAar UP-TO-DATE
[        ] Caching disabled for task ':flutter_openssl_crypto:bundleDebugAar' because:
[        ]   Build cache is disabled
[        ]   Caching has been disabled for the task
[        ] Skipping task ':flutter_openssl_crypto:bundleDebugAar' as it is up-to-date.
[        ] Resolve mutations for :flutter_openssl_crypto:assembleDebug (Thread[#40491,Execution worker Thread 5,5,main]) started.
[        ] :flutter_openssl_crypto:assembleDebug (Thread[#40491,Execution worker Thread 5,5,main]) started.
[        ] > Task :flutter_openssl_crypto:assembleDebug UP-TO-DATE
[        ] Skipping task ':flutter_openssl_crypto:assembleDebug' as it has no actions.
[        ] Resolve mutations for :integration_test:stripDebugDebugSymbols (Thread[#40491,Execution worker Thread 5,5,main]) started.
[        ] :integration_test:stripDebugDebugSymbols (Thread[#40491,Execution worker Thread 5,5,main]) started.
[        ] > Task :integration_test:stripDebugDebugSymbols NO-SOURCE
[        ] Skipping task ':integration_test:stripDebugDebugSymbols' as it has no source files and no previous output files.
[        ] Resolve mutations for :integration_test:copyDebugJniLibsProjectAndLocalJars (Thread[#40491,Execution worker Thread 5,5,main]) started.
[        ] :integration_test:copyDebugJniLibsProjectAndLocalJars (Thread[#40491,Execution worker Thread 5,5,main]) started.
[        ] > Task :integration_test:copyDebugJniLibsProjectAndLocalJars UP-TO-DATE
[        ] Caching disabled for task ':integration_test:copyDebugJniLibsProjectAndLocalJars' because:
[        ]   Build cache is disabled
[        ]   Caching has been disabled for the task
[        ] Skipping task ':integration_test:copyDebugJniLibsProjectAndLocalJars' as it is up-to-date.
[        ] Resolve mutations for :integration_test:extractDebugAnnotations (Thread[#40491,Execution worker Thread 5,5,main]) started.
[        ] :integration_test:extractDebugAnnotations (Thread[#40491,Execution worker Thread 5,5,main]) started.
[        ] > Task :integration_test:extractDebugAnnotations UP-TO-DATE
[        ] Caching disabled for task ':integration_test:extractDebugAnnotations' because:
[        ]   Build cache is disabled
[        ] Skipping task ':integration_test:extractDebugAnnotations' as it is up-to-date.
[        ] Resolve mutations for :integration_test:extractDeepLinksForAarDebug (Thread[#40491,Execution worker Thread 5,5,main]) started.
[        ] :integration_test:extractDeepLinksForAarDebug (Thread[#40491,Execution worker Thread 5,5,main]) started.
[        ] > Task :integration_test:extractDeepLinksForAarDebug UP-TO-DATE
[        ] Caching disabled for task ':integration_test:extractDeepLinksForAarDebug' because:
[        ]   Build cache is disabled
[        ] Skipping task ':integration_test:extractDeepLinksForAarDebug' as it is up-to-date.
[        ] Resolve mutations for :integration_test:mergeDebugGeneratedProguardFiles (Thread[#40491,Execution worker Thread 5,5,main]) started.
[        ] :integration_test:mergeDebugGeneratedProguardFiles (Thread[#40491,Execution worker Thread 5,5,main]) started.
[        ] > Task :integration_test:mergeDebugGeneratedProguardFiles UP-TO-DATE
[        ] Caching disabled for task ':integration_test:mergeDebugGeneratedProguardFiles' because:
[        ]   Build cache is disabled
[        ]   Simple merging task
[        ] Skipping task ':integration_test:mergeDebugGeneratedProguardFiles' as it is up-to-date.
[        ] Resolve mutations for :integration_test:mergeDebugConsumerProguardFiles (Thread[#40491,Execution worker Thread 5,5,main]) started.
[        ] :integration_test:mergeDebugConsumerProguardFiles (Thread[#40491,Execution worker Thread 5,5,main]) started.
[        ] > Task :integration_test:mergeDebugConsumerProguardFiles UP-TO-DATE
[        ] Caching disabled for task ':integration_test:mergeDebugConsumerProguardFiles' because:
[        ]   Build cache is disabled
[        ]   Simple merging task
[        ] Skipping task ':integration_test:mergeDebugConsumerProguardFiles' as it is up-to-date.
[        ] Resolve mutations for :integration_test:prepareDebugArtProfile (Thread[#40491,Execution worker Thread 5,5,main]) started.
[        ] :integration_test:prepareDebugArtProfile (Thread[#40491,Execution worker Thread 5,5,main]) started.
[        ] > Task :integration_test:prepareDebugArtProfile UP-TO-DATE
[        ] Caching disabled for task ':integration_test:prepareDebugArtProfile' because:
[        ]   Build cache is disabled
[        ]   Caching has been disabled for the task
[        ] Skipping task ':integration_test:prepareDebugArtProfile' as it is up-to-date.
[        ] Resolve mutations for :integration_test:prepareLintJarForPublish (Thread[#40491,Execution worker Thread 5,5,main]) started.
[        ] :integration_test:prepareLintJarForPublish (Thread[#40491,Execution worker Thread 5,5,main]) started.
[        ] > Task :integration_test:prepareLintJarForPublish UP-TO-DATE
[        ] Caching disabled for task ':integration_test:prepareLintJarForPublish' because:
[        ]   Build cache is disabled
[        ]   Caching has been disabled for the task
[        ] Skipping task ':integration_test:prepareLintJarForPublish' as it is up-to-date.
[        ] Resolve mutations for :integration_test:mergeDebugJavaResource (Thread[#40491,Execution worker Thread 5,5,main]) started.
[        ] :integration_test:mergeDebugJavaResource (Thread[#40491,Execution worker Thread 5,5,main]) started.
[        ] > Task :integration_test:mergeDebugJavaResource UP-TO-DATE
[        ] Caching disabled for task ':integration_test:mergeDebugJavaResource' because:
[        ]   Build cache is disabled
[        ]   Caching has been disabled for the task
[        ] Skipping task ':integration_test:mergeDebugJavaResource' as it is up-to-date.
[        ] Resolve mutations for :integration_test:syncDebugLibJars (Thread[#40491,Execution worker Thread 5,5,main]) started.
[        ] :integration_test:syncDebugLibJars (Thread[#40491,Execution worker Thread 5,5,main]) started.
[        ] > Task :integration_test:syncDebugLibJars UP-TO-DATE
[        ] Caching disabled for task ':integration_test:syncDebugLibJars' because:
[        ]   Build cache is disabled
[        ] Skipping task ':integration_test:syncDebugLibJars' as it is up-to-date.
[        ] Resolve mutations for :integration_test:bundleDebugAar (Thread[#40491,Execution worker Thread 5,5,main]) started.
[        ] :integration_test:bundleDebugAar (Thread[#40491,Execution worker Thread 5,5,main]) started.
[        ] > Task :integration_test:bundleDebugAar UP-TO-DATE
[        ] Caching disabled for task ':integration_test:bundleDebugAar' because:
[        ]   Build cache is disabled
[        ]   Caching has been disabled for the task
[        ] Skipping task ':integration_test:bundleDebugAar' as it is up-to-date.
[        ] Resolve mutations for :integration_test:assembleDebug (Thread[#40491,Execution worker Thread 5,5,main]) started.
[        ] :integration_test:assembleDebug (Thread[#40491,Execution worker Thread 5,5,main]) started.
[        ] > Task :integration_test:assembleDebug UP-TO-DATE
[        ] Skipping task ':integration_test:assembleDebug' as it has no actions.
[        ] Resolve mutations for :path_provider_android:stripDebugDebugSymbols (Thread[#40491,Execution worker Thread 5,5,main]) started.
[        ] :path_provider_android:stripDebugDebugSymbols (Thread[#40491,Execution worker Thread 5,5,main]) started.
[        ] > Task :path_provider_android:stripDebugDebugSymbols NO-SOURCE
[        ] Skipping task ':path_provider_android:stripDebugDebugSymbols' as it has no source files and no previous output files.
[        ] Resolve mutations for :path_provider_android:copyDebugJniLibsProjectAndLocalJars (Thread[#40491,Execution worker Thread 5,5,main]) started.
[        ] :path_provider_android:copyDebugJniLibsProjectAndLocalJars (Thread[#40491,Execution worker Thread 5,5,main]) started.
[        ] > Task :path_provider_android:copyDebugJniLibsProjectAndLocalJars UP-TO-DATE
[        ] Caching disabled for task ':path_provider_android:copyDebugJniLibsProjectAndLocalJars' because:
[        ]   Build cache is disabled
[        ]   Caching has been disabled for the task
[        ] Skipping task ':path_provider_android:copyDebugJniLibsProjectAndLocalJars' as it is up-to-date.
[        ] Resolve mutations for :path_provider_android:extractDebugAnnotations (Thread[#40491,Execution worker Thread 5,5,main]) started.
[        ] :path_provider_android:extractDebugAnnotations (Thread[#40491,Execution worker Thread 5,5,main]) started.
[        ] > Task :path_provider_android:extractDebugAnnotations UP-TO-DATE
[        ] Caching disabled for task ':path_provider_android:extractDebugAnnotations' because:
[        ]   Build cache is disabled
[        ] Skipping task ':path_provider_android:extractDebugAnnotations' as it is up-to-date.
[        ] Resolve mutations for :path_provider_android:extractDeepLinksForAarDebug (Thread[#40491,Execution worker Thread 5,5,main]) started.
[        ] :path_provider_android:extractDeepLinksForAarDebug (Thread[#40491,Execution worker Thread 5,5,main]) started.
[        ] > Task :path_provider_android:extractDeepLinksForAarDebug UP-TO-DATE
[        ] Caching disabled for task ':path_provider_android:extractDeepLinksForAarDebug' because:
[        ]   Build cache is disabled
[        ] Skipping task ':path_provider_android:extractDeepLinksForAarDebug' as it is up-to-date.
[        ] Resolve mutations for :path_provider_android:mergeDebugGeneratedProguardFiles (Thread[#40491,Execution worker Thread 5,5,main]) started.
[        ] :path_provider_android:mergeDebugGeneratedProguardFiles (Thread[#40491,Execution worker Thread 5,5,main]) started.
[        ] > Task :path_provider_android:mergeDebugGeneratedProguardFiles UP-TO-DATE
[        ] Caching disabled for task ':path_provider_android:mergeDebugGeneratedProguardFiles' because:
[        ]   Build cache is disabled
[        ]   Simple merging task
[        ] Skipping task ':path_provider_android:mergeDebugGeneratedProguardFiles' as it is up-to-date.
[        ] Resolve mutations for :path_provider_android:mergeDebugConsumerProguardFiles (Thread[#40491,Execution worker Thread 5,5,main]) started.
[        ] :path_provider_android:mergeDebugConsumerProguardFiles (Thread[#40491,Execution worker Thread 5,5,main]) started.
[        ] > Task :path_provider_android:mergeDebugConsumerProguardFiles UP-TO-DATE
[        ] Caching disabled for task ':path_provider_android:mergeDebugConsumerProguardFiles' because:
[        ]   Build cache is disabled
[        ]   Simple merging task
[        ] Skipping task ':path_provider_android:mergeDebugConsumerProguardFiles' as it is up-to-date.
[        ] Resolve mutations for :path_provider_android:prepareDebugArtProfile (Thread[#40491,Execution worker Thread 5,5,main]) started.
[        ] :path_provider_android:prepareDebugArtProfile (Thread[#40491,Execution worker Thread 5,5,main]) started.
[        ] > Task :path_provider_android:prepareDebugArtProfile UP-TO-DATE
[        ] Caching disabled for task ':path_provider_android:prepareDebugArtProfile' because:
[        ]   Build cache is disabled
[        ]   Caching has been disabled for the task
[        ] Skipping task ':path_provider_android:prepareDebugArtProfile' as it is up-to-date.
[        ] Resolve mutations for :path_provider_android:prepareLintJarForPublish (Thread[#40491,Execution worker Thread 5,5,main]) started.
[        ] :path_provider_android:prepareLintJarForPublish (Thread[#40491,Execution worker Thread 5,5,main]) started.
[        ] > Task :path_provider_android:prepareLintJarForPublish UP-TO-DATE
[        ] Caching disabled for task ':path_provider_android:prepareLintJarForPublish' because:
[        ]   Build cache is disabled
[        ]   Caching has been disabled for the task
[        ] Skipping task ':path_provider_android:prepareLintJarForPublish' as it is up-to-date.
[        ] Resolve mutations for :path_provider_android:mergeDebugJavaResource (Thread[#40491,Execution worker Thread 5,5,main]) started.
[        ] :path_provider_android:mergeDebugJavaResource (Thread[#40491,Execution worker Thread 5,5,main]) started.
[        ] > Task :path_provider_android:mergeDebugJavaResource UP-TO-DATE
[        ] Caching disabled for task ':path_provider_android:mergeDebugJavaResource' because:
[        ]   Build cache is disabled
[        ]   Caching has been disabled for the task
[        ] Skipping task ':path_provider_android:mergeDebugJavaResource' as it is up-to-date.
[        ] Resolve mutations for :path_provider_android:syncDebugLibJars (Thread[#40491,Execution worker Thread 5,5,main]) started.
[        ] :path_provider_android:syncDebugLibJars (Thread[#40491,Execution worker Thread 5,5,main]) started.
[        ] > Task :path_provider_android:syncDebugLibJars UP-TO-DATE
[        ] Caching disabled for task ':path_provider_android:syncDebugLibJars' because:
[        ]   Build cache is disabled
[        ] Skipping task ':path_provider_android:syncDebugLibJars' as it is up-to-date.
[        ] Resolve mutations for :path_provider_android:bundleDebugAar (Thread[#40491,Execution worker Thread 5,5,main]) started.
[        ] :path_provider_android:bundleDebugAar (Thread[#40491,Execution worker Thread 5,5,main]) started.
[        ] > Task :path_provider_android:bundleDebugAar UP-TO-DATE
[        ] Caching disabled for task ':path_provider_android:bundleDebugAar' because:
[        ]   Build cache is disabled
[        ]   Caching has been disabled for the task
[        ] Skipping task ':path_provider_android:bundleDebugAar' as it is up-to-date.
[        ] Resolve mutations for :path_provider_android:assembleDebug (Thread[#40491,Execution worker Thread 5,5,main]) started.
[        ] :path_provider_android:assembleDebug (Thread[#40491,Execution worker Thread 5,5,main]) started.
[        ] > Task :path_provider_android:assembleDebug UP-TO-DATE
[        ] Skipping task ':path_provider_android:assembleDebug' as it has no actions.
[        ] Resolve mutations for :quill_native_bridge_android:stripDebugDebugSymbols (Thread[#40491,Execution worker Thread 5,5,main]) started.
[        ] :quill_native_bridge_android:stripDebugDebugSymbols (Thread[#40491,Execution worker Thread 5,5,main]) started.
[        ] > Task :quill_native_bridge_android:stripDebugDebugSymbols NO-SOURCE
[        ] Skipping task ':quill_native_bridge_android:stripDebugDebugSymbols' as it has no source files and no previous output files.
[        ] Resolve mutations for :quill_native_bridge_android:copyDebugJniLibsProjectAndLocalJars (Thread[#40491,Execution worker Thread 5,5,main]) started.
[        ] :quill_native_bridge_android:copyDebugJniLibsProjectAndLocalJars (Thread[#40491,Execution worker Thread 5,5,main]) started.
[        ] > Task :quill_native_bridge_android:copyDebugJniLibsProjectAndLocalJars UP-TO-DATE
[        ] Caching disabled for task ':quill_native_bridge_android:copyDebugJniLibsProjectAndLocalJars' because:
[        ]   Build cache is disabled
[        ]   Caching has been disabled for the task
[        ] Skipping task ':quill_native_bridge_android:copyDebugJniLibsProjectAndLocalJars' as it is up-to-date.
[        ] Resolve mutations for :quill_native_bridge_android:extractDebugAnnotations (Thread[#40491,Execution worker Thread 5,5,main]) started.
[        ] :quill_native_bridge_android:extractDebugAnnotations (Thread[#40491,Execution worker Thread 5,5,main]) started.
[        ] > Task :quill_native_bridge_android:extractDebugAnnotations UP-TO-DATE
[        ] Caching disabled for task ':quill_native_bridge_android:extractDebugAnnotations' because:
[        ]   Build cache is disabled
[        ] Skipping task ':quill_native_bridge_android:extractDebugAnnotations' as it is up-to-date.
[        ] Resolve mutations for :quill_native_bridge_android:extractDeepLinksForAarDebug (Thread[#40491,Execution worker Thread 5,5,main]) started.
[        ] :quill_native_bridge_android:extractDeepLinksForAarDebug (Thread[#40491,Execution worker Thread 5,5,main]) started.
[        ] > Task :quill_native_bridge_android:extractDeepLinksForAarDebug UP-TO-DATE
[        ] Caching disabled for task ':quill_native_bridge_android:extractDeepLinksForAarDebug' because:
[        ]   Build cache is disabled
[        ] Skipping task ':quill_native_bridge_android:extractDeepLinksForAarDebug' as it is up-to-date.
[        ] Resolve mutations for :quill_native_bridge_android:mergeDebugGeneratedProguardFiles (Thread[#40491,Execution worker Thread 5,5,main]) started.
[        ] :quill_native_bridge_android:mergeDebugGeneratedProguardFiles (Thread[#40491,Execution worker Thread 5,5,main]) started.
[        ] > Task :quill_native_bridge_android:mergeDebugGeneratedProguardFiles UP-TO-DATE
[        ] Caching disabled for task ':quill_native_bridge_android:mergeDebugGeneratedProguardFiles' because:
[        ]   Build cache is disabled
[        ]   Simple merging task
[        ] Skipping task ':quill_native_bridge_android:mergeDebugGeneratedProguardFiles' as it is up-to-date.
[        ] Resolve mutations for :quill_native_bridge_android:mergeDebugConsumerProguardFiles (Thread[#40491,Execution worker Thread 5,5,main]) started.
[        ] :quill_native_bridge_android:mergeDebugConsumerProguardFiles (Thread[#40491,Execution worker Thread 5,5,main]) started.
[        ] > Task :quill_native_bridge_android:mergeDebugConsumerProguardFiles UP-TO-DATE
[        ] Caching disabled for task ':quill_native_bridge_android:mergeDebugConsumerProguardFiles' because:
[        ]   Build cache is disabled
[        ]   Simple merging task
[        ] Skipping task ':quill_native_bridge_android:mergeDebugConsumerProguardFiles' as it is up-to-date.
[        ] Resolve mutations for :quill_native_bridge_android:prepareDebugArtProfile (Thread[#40491,Execution worker Thread 5,5,main]) started.
[        ] :quill_native_bridge_android:prepareDebugArtProfile (Thread[#40491,Execution worker Thread 5,5,main]) started.
[        ] > Task :quill_native_bridge_android:prepareDebugArtProfile UP-TO-DATE
[        ] Caching disabled for task ':quill_native_bridge_android:prepareDebugArtProfile' because:
[        ]   Build cache is disabled
[        ]   Caching has been disabled for the task
[        ] Skipping task ':quill_native_bridge_android:prepareDebugArtProfile' as it is up-to-date.
[        ] Resolve mutations for :quill_native_bridge_android:prepareLintJarForPublish (Thread[#40491,Execution worker Thread 5,5,main]) started.
[        ] :quill_native_bridge_android:prepareLintJarForPublish (Thread[#40491,Execution worker Thread 5,5,main]) started.
[        ] > Task :quill_native_bridge_android:prepareLintJarForPublish UP-TO-DATE
[        ] Caching disabled for task ':quill_native_bridge_android:prepareLintJarForPublish' because:
[        ]   Build cache is disabled
[        ]   Caching has been disabled for the task
[        ] Skipping task ':quill_native_bridge_android:prepareLintJarForPublish' as it is up-to-date.
[        ] Resolve mutations for :quill_native_bridge_android:mergeDebugJavaResource (Thread[#40491,Execution worker Thread 5,5,main]) started.
[        ] :quill_native_bridge_android:mergeDebugJavaResource (Thread[#40491,Execution worker Thread 5,5,main]) started.
[        ] > Task :quill_native_bridge_android:mergeDebugJavaResource UP-TO-DATE
[        ] Caching disabled for task ':quill_native_bridge_android:mergeDebugJavaResource' because:
[        ]   Build cache is disabled
[        ]   Caching has been disabled for the task
[        ] Skipping task ':quill_native_bridge_android:mergeDebugJavaResource' as it is up-to-date.
[        ] Resolve mutations for :quill_native_bridge_android:syncDebugLibJars (Thread[#40491,Execution worker Thread 5,5,main]) started.
[        ] :quill_native_bridge_android:syncDebugLibJars (Thread[#40491,Execution worker Thread 5,5,main]) started.
[        ] > Task :quill_native_bridge_android:syncDebugLibJars UP-TO-DATE
[        ] Caching disabled for task ':quill_native_bridge_android:syncDebugLibJars' because:
[        ]   Build cache is disabled
[        ] Skipping task ':quill_native_bridge_android:syncDebugLibJars' as it is up-to-date.
[        ] Resolve mutations for :quill_native_bridge_android:bundleDebugAar (Thread[#40491,Execution worker Thread 5,5,main]) started.
[        ] :quill_native_bridge_android:bundleDebugAar (Thread[#40491,Execution worker Thread 5,5,main]) started.
[        ] > Task :quill_native_bridge_android:bundleDebugAar UP-TO-DATE
[        ] Caching disabled for task ':quill_native_bridge_android:bundleDebugAar' because:
[        ]   Build cache is disabled
[        ]   Caching has been disabled for the task
[        ] Skipping task ':quill_native_bridge_android:bundleDebugAar' as it is up-to-date.
[        ] Resolve mutations for :quill_native_bridge_android:assembleDebug (Thread[#40491,Execution worker Thread 5,5,main]) started.
[        ] :quill_native_bridge_android:assembleDebug (Thread[#40491,Execution worker Thread 5,5,main]) started.
[        ] > Task :quill_native_bridge_android:assembleDebug UP-TO-DATE
[        ] Skipping task ':quill_native_bridge_android:assembleDebug' as it has no actions.
[        ] Resolve mutations for :shared_preferences_android:stripDebugDebugSymbols (Thread[#40491,Execution worker Thread 5,5,main]) started.
[        ] :shared_preferences_android:stripDebugDebugSymbols (Thread[#40491,Execution worker Thread 5,5,main]) started.
[        ] > Task :shared_preferences_android:stripDebugDebugSymbols NO-SOURCE
[        ] Skipping task ':shared_preferences_android:stripDebugDebugSymbols' as it has no source files and no previous output files.
[        ] Resolve mutations for :shared_preferences_android:copyDebugJniLibsProjectAndLocalJars (Thread[#40491,Execution worker Thread 5,5,main]) started.
[        ] :shared_preferences_android:copyDebugJniLibsProjectAndLocalJars (Thread[#40491,Execution worker Thread 5,5,main]) started.
[        ] > Task :shared_preferences_android:copyDebugJniLibsProjectAndLocalJars UP-TO-DATE
[        ] Caching disabled for task ':shared_preferences_android:copyDebugJniLibsProjectAndLocalJars' because:
[        ]   Build cache is disabled
[        ]   Caching has been disabled for the task
[        ] Skipping task ':shared_preferences_android:copyDebugJniLibsProjectAndLocalJars' as it is up-to-date.
[        ] Resolve mutations for :shared_preferences_android:extractDebugAnnotations (Thread[#40491,Execution worker Thread 5,5,main]) started.
[        ] :shared_preferences_android:extractDebugAnnotations (Thread[#40491,Execution worker Thread 5,5,main]) started.
[        ] > Task :shared_preferences_android:extractDebugAnnotations UP-TO-DATE
[        ] Caching disabled for task ':shared_preferences_android:extractDebugAnnotations' because:
[        ]   Build cache is disabled
[        ] Skipping task ':shared_preferences_android:extractDebugAnnotations' as it is up-to-date.
[        ] Resolve mutations for :shared_preferences_android:extractDeepLinksForAarDebug (Thread[#40491,Execution worker Thread 5,5,main]) started.
[        ] :shared_preferences_android:extractDeepLinksForAarDebug (Thread[#40491,Execution worker Thread 5,5,main]) started.
[        ] > Task :shared_preferences_android:extractDeepLinksForAarDebug UP-TO-DATE
[        ] Caching disabled for task ':shared_preferences_android:extractDeepLinksForAarDebug' because:
[        ]   Build cache is disabled
[        ] Skipping task ':shared_preferences_android:extractDeepLinksForAarDebug' as it is up-to-date.
[        ] Resolve mutations for :shared_preferences_android:mergeDebugGeneratedProguardFiles (Thread[#40491,Execution worker Thread 5,5,main]) started.
[        ] :shared_preferences_android:mergeDebugGeneratedProguardFiles (Thread[#40491,Execution worker Thread 5,5,main]) started.
[        ] > Task :shared_preferences_android:mergeDebugGeneratedProguardFiles UP-TO-DATE
[        ] Caching disabled for task ':shared_preferences_android:mergeDebugGeneratedProguardFiles' because:
[        ]   Build cache is disabled
[        ]   Simple merging task
[        ] Skipping task ':shared_preferences_android:mergeDebugGeneratedProguardFiles' as it is up-to-date.
[        ] Resolve mutations for :shared_preferences_android:mergeDebugConsumerProguardFiles (Thread[#40491,Execution worker Thread 5,5,main]) started.
[        ] :shared_preferences_android:mergeDebugConsumerProguardFiles (Thread[#40491,Execution worker Thread 5,5,main]) started.
[        ] > Task :shared_preferences_android:mergeDebugConsumerProguardFiles UP-TO-DATE
[        ] Caching disabled for task ':shared_preferences_android:mergeDebugConsumerProguardFiles' because:
[        ]   Build cache is disabled
[        ]   Simple merging task
[        ] Skipping task ':shared_preferences_android:mergeDebugConsumerProguardFiles' as it is up-to-date.
[        ] Resolve mutations for :shared_preferences_android:prepareDebugArtProfile (Thread[#40491,Execution worker Thread 5,5,main]) started.
[        ] :shared_preferences_android:prepareDebugArtProfile (Thread[#40491,Execution worker Thread 5,5,main]) started.
[        ] > Task :shared_preferences_android:prepareDebugArtProfile UP-TO-DATE
[        ] Caching disabled for task ':shared_preferences_android:prepareDebugArtProfile' because:
[        ]   Build cache is disabled
[        ]   Caching has been disabled for the task
[        ] Skipping task ':shared_preferences_android:prepareDebugArtProfile' as it is up-to-date.
[        ] Resolve mutations for :shared_preferences_android:prepareLintJarForPublish (Thread[#40491,Execution worker Thread 5,5,main]) started.
[        ] :shared_preferences_android:prepareLintJarForPublish (Thread[#40491,Execution worker Thread 5,5,main]) started.
[        ] > Task :shared_preferences_android:prepareLintJarForPublish UP-TO-DATE
[        ] Caching disabled for task ':shared_preferences_android:prepareLintJarForPublish' because:
[        ]   Build cache is disabled
[        ]   Caching has been disabled for the task
[        ] Skipping task ':shared_preferences_android:prepareLintJarForPublish' as it is up-to-date.
[        ] Resolve mutations for :shared_preferences_android:mergeDebugJavaResource (Thread[#40491,Execution worker Thread 5,5,main]) started.
[        ] :shared_preferences_android:mergeDebugJavaResource (Thread[#40491,Execution worker Thread 5,5,main]) started.
[        ] > Task :shared_preferences_android:mergeDebugJavaResource UP-TO-DATE
[        ] Caching disabled for task ':shared_preferences_android:mergeDebugJavaResource' because:
[        ]   Build cache is disabled
[        ]   Caching has been disabled for the task
[        ] Skipping task ':shared_preferences_android:mergeDebugJavaResource' as it is up-to-date.
[        ] Resolve mutations for :shared_preferences_android:syncDebugLibJars (Thread[#40491,Execution worker Thread 5,5,main]) started.
[        ] :shared_preferences_android:syncDebugLibJars (Thread[#40491,Execution worker Thread 5,5,main]) started.
[        ] > Task :shared_preferences_android:syncDebugLibJars UP-TO-DATE
[        ] Caching disabled for task ':shared_preferences_android:syncDebugLibJars' because:
[        ]   Build cache is disabled
[        ] Skipping task ':shared_preferences_android:syncDebugLibJars' as it is up-to-date.
[        ] Resolve mutations for :shared_preferences_android:bundleDebugAar (Thread[#40491,Execution worker Thread 5,5,main]) started.
[        ] :shared_preferences_android:bundleDebugAar (Thread[#40491,Execution worker Thread 5,5,main]) started.
[        ] > Task :shared_preferences_android:bundleDebugAar UP-TO-DATE
[        ] Caching disabled for task ':shared_preferences_android:bundleDebugAar' because:
[        ]   Build cache is disabled
[        ]   Caching has been disabled for the task
[        ] Skipping task ':shared_preferences_android:bundleDebugAar' as it is up-to-date.
[        ] Resolve mutations for :shared_preferences_android:assembleDebug (Thread[#40491,Execution worker Thread 5,5,main]) started.
[        ] :shared_preferences_android:assembleDebug (Thread[#40491,Execution worker Thread 5,5,main]) started.
[        ] > Task :shared_preferences_android:assembleDebug UP-TO-DATE
[        ] Skipping task ':shared_preferences_android:assembleDebug' as it has no actions.
[        ] Resolve mutations for :sqflite_android:stripDebugDebugSymbols (Thread[#40491,Execution worker Thread 5,5,main]) started.
[        ] :sqflite_android:stripDebugDebugSymbols (Thread[#40491,Execution worker Thread 5,5,main]) started.
[        ] > Task :sqflite_android:stripDebugDebugSymbols NO-SOURCE
[        ] Skipping task ':sqflite_android:stripDebugDebugSymbols' as it has no source files and no previous output files.
[        ] Resolve mutations for :sqflite_android:copyDebugJniLibsProjectAndLocalJars (Thread[#40491,Execution worker Thread 5,5,main]) started.
[        ] :sqflite_android:copyDebugJniLibsProjectAndLocalJars (Thread[#40491,Execution worker Thread 5,5,main]) started.
[        ] > Task :sqflite_android:copyDebugJniLibsProjectAndLocalJars UP-TO-DATE
[        ] Caching disabled for task ':sqflite_android:copyDebugJniLibsProjectAndLocalJars' because:
[        ]   Build cache is disabled
[        ]   Caching has been disabled for the task
[        ] Skipping task ':sqflite_android:copyDebugJniLibsProjectAndLocalJars' as it is up-to-date.
[        ] Resolve mutations for :sqflite_android:extractDebugAnnotations (Thread[#40491,Execution worker Thread 5,5,main]) started.
[        ] :sqflite_android:extractDebugAnnotations (Thread[#40491,Execution worker Thread 5,5,main]) started.
[        ] > Task :sqflite_android:extractDebugAnnotations UP-TO-DATE
[        ] Caching disabled for task ':sqflite_android:extractDebugAnnotations' because:
[        ]   Build cache is disabled
[        ] Skipping task ':sqflite_android:extractDebugAnnotations' as it is up-to-date.
[        ] Resolve mutations for :sqflite_android:extractDeepLinksForAarDebug (Thread[#40491,Execution worker Thread 5,5,main]) started.
[        ] :sqflite_android:extractDeepLinksForAarDebug (Thread[#40491,Execution worker Thread 5,5,main]) started.
[        ] > Task :sqflite_android:extractDeepLinksForAarDebug UP-TO-DATE
[        ] Caching disabled for task ':sqflite_android:extractDeepLinksForAarDebug' because:
[        ]   Build cache is disabled
[        ] Skipping task ':sqflite_android:extractDeepLinksForAarDebug' as it is up-to-date.
[        ] Resolve mutations for :sqflite_android:mergeDebugGeneratedProguardFiles (Thread[#40491,Execution worker Thread 5,5,main]) started.
[        ] :sqflite_android:mergeDebugGeneratedProguardFiles (Thread[#40491,Execution worker Thread 5,5,main]) started.
[        ] > Task :sqflite_android:mergeDebugGeneratedProguardFiles UP-TO-DATE
[        ] Caching disabled for task ':sqflite_android:mergeDebugGeneratedProguardFiles' because:
[        ]   Build cache is disabled
[        ]   Simple merging task
[        ] Skipping task ':sqflite_android:mergeDebugGeneratedProguardFiles' as it is up-to-date.
[        ] Resolve mutations for :sqflite_android:mergeDebugConsumerProguardFiles (Thread[#40491,Execution worker Thread 5,5,main]) started.
[        ] :sqflite_android:mergeDebugConsumerProguardFiles (Thread[#40491,Execution worker Thread 5,5,main]) started.
[        ] > Task :sqflite_android:mergeDebugConsumerProguardFiles UP-TO-DATE
[        ] Caching disabled for task ':sqflite_android:mergeDebugConsumerProguardFiles' because:
[        ]   Build cache is disabled
[        ]   Simple merging task
[        ] Skipping task ':sqflite_android:mergeDebugConsumerProguardFiles' as it is up-to-date.
[        ] Resolve mutations for :sqflite_android:prepareDebugArtProfile (Thread[#40491,Execution worker Thread 5,5,main]) started.
[        ] :sqflite_android:prepareDebugArtProfile (Thread[#40491,Execution worker Thread 5,5,main]) started.
[        ] > Task :sqflite_android:prepareDebugArtProfile UP-TO-DATE
[        ] Caching disabled for task ':sqflite_android:prepareDebugArtProfile' because:
[        ]   Build cache is disabled
[        ]   Caching has been disabled for the task
[        ] Skipping task ':sqflite_android:prepareDebugArtProfile' as it is up-to-date.
[        ] Resolve mutations for :sqflite_android:prepareLintJarForPublish (Thread[#40491,Execution worker Thread 5,5,main]) started.
[        ] :sqflite_android:prepareLintJarForPublish (Thread[#40491,Execution worker Thread 5,5,main]) started.
[        ] > Task :sqflite_android:prepareLintJarForPublish UP-TO-DATE
[        ] Caching disabled for task ':sqflite_android:prepareLintJarForPublish' because:
[        ]   Build cache is disabled
[        ]   Caching has been disabled for the task
[        ] Skipping task ':sqflite_android:prepareLintJarForPublish' as it is up-to-date.
[        ] Resolve mutations for :sqflite_android:mergeDebugJavaResource (Thread[#40491,Execution worker Thread 5,5,main]) started.
[        ] :sqflite_android:mergeDebugJavaResource (Thread[#40491,Execution worker Thread 5,5,main]) started.
[        ] > Task :sqflite_android:mergeDebugJavaResource UP-TO-DATE
[        ] Caching disabled for task ':sqflite_android:mergeDebugJavaResource' because:
[        ]   Build cache is disabled
[        ]   Caching has been disabled for the task
[        ] Skipping task ':sqflite_android:mergeDebugJavaResource' as it is up-to-date.
[        ] Resolve mutations for :sqflite_android:syncDebugLibJars (Thread[#40491,Execution worker Thread 5,5,main]) started.
[        ] :sqflite_android:syncDebugLibJars (Thread[#40491,Execution worker Thread 5,5,main]) started.
[        ] > Task :sqflite_android:syncDebugLibJars UP-TO-DATE
[        ] Caching disabled for task ':sqflite_android:syncDebugLibJars' because:
[        ]   Build cache is disabled
[        ] Skipping task ':sqflite_android:syncDebugLibJars' as it is up-to-date.
[        ] Resolve mutations for :sqflite_android:bundleDebugAar (Thread[#40491,Execution worker Thread 5,5,main]) started.
[        ] :sqflite_android:bundleDebugAar (Thread[#40491,Execution worker Thread 5,5,main]) started.
[        ] > Task :sqflite_android:bundleDebugAar UP-TO-DATE
[        ] Caching disabled for task ':sqflite_android:bundleDebugAar' because:
[        ]   Build cache is disabled
[        ]   Caching has been disabled for the task
[        ] Skipping task ':sqflite_android:bundleDebugAar' as it is up-to-date.
[        ] Resolve mutations for :sqflite_android:assembleDebug (Thread[#40491,Execution worker Thread 5,5,main]) started.
[        ] :sqflite_android:assembleDebug (Thread[#40491,Execution worker Thread 5,5,main]) started.
[        ] > Task :sqflite_android:assembleDebug UP-TO-DATE
[        ] Skipping task ':sqflite_android:assembleDebug' as it has no actions.
[        ] Resolve mutations for :url_launcher_android:stripDebugDebugSymbols (Thread[#40491,Execution worker Thread 5,5,main]) started.
[        ] :url_launcher_android:stripDebugDebugSymbols (Thread[#40491,Execution worker Thread 5,5,main]) started.
[        ] > Task :url_launcher_android:stripDebugDebugSymbols NO-SOURCE
[        ] Skipping task ':url_launcher_android:stripDebugDebugSymbols' as it has no source files and no previous output files.
[        ] Resolve mutations for :url_launcher_android:copyDebugJniLibsProjectAndLocalJars (Thread[#40491,Execution worker Thread 5,5,main]) started.
[        ] :url_launcher_android:copyDebugJniLibsProjectAndLocalJars (Thread[#40491,Execution worker Thread 5,5,main]) started.
[        ] > Task :url_launcher_android:copyDebugJniLibsProjectAndLocalJars UP-TO-DATE
[        ] Caching disabled for task ':url_launcher_android:copyDebugJniLibsProjectAndLocalJars' because:
[        ]   Build cache is disabled
[        ]   Caching has been disabled for the task
[        ] Skipping task ':url_launcher_android:copyDebugJniLibsProjectAndLocalJars' as it is up-to-date.
[        ] Resolve mutations for :url_launcher_android:extractDebugAnnotations (Thread[#40491,Execution worker Thread 5,5,main]) started.
[        ] :url_launcher_android:extractDebugAnnotations (Thread[#40491,Execution worker Thread 5,5,main]) started.
[        ] > Task :url_launcher_android:extractDebugAnnotations UP-TO-DATE
[        ] Caching disabled for task ':url_launcher_android:extractDebugAnnotations' because:
[        ]   Build cache is disabled
[        ] Skipping task ':url_launcher_android:extractDebugAnnotations' as it is up-to-date.
[        ] Resolve mutations for :url_launcher_android:extractDeepLinksForAarDebug (Thread[#40491,Execution worker Thread 5,5,main]) started.
[        ] :url_launcher_android:extractDeepLinksForAarDebug (Thread[#40491,Execution worker Thread 5,5,main]) started.
[        ] > Task :url_launcher_android:extractDeepLinksForAarDebug UP-TO-DATE
[        ] Caching disabled for task ':url_launcher_android:extractDeepLinksForAarDebug' because:
[        ]   Build cache is disabled
[        ] Skipping task ':url_launcher_android:extractDeepLinksForAarDebug' as it is up-to-date.
[        ] Resolve mutations for :url_launcher_android:mergeDebugGeneratedProguardFiles (Thread[#40491,Execution worker Thread 5,5,main]) started.
[        ] :url_launcher_android:mergeDebugGeneratedProguardFiles (Thread[#40491,Execution worker Thread 5,5,main]) started.
[        ] > Task :url_launcher_android:mergeDebugGeneratedProguardFiles UP-TO-DATE
[        ] Caching disabled for task ':url_launcher_android:mergeDebugGeneratedProguardFiles' because:
[        ]   Build cache is disabled
[        ]   Simple merging task
[        ] Skipping task ':url_launcher_android:mergeDebugGeneratedProguardFiles' as it is up-to-date.
[        ] Resolve mutations for :url_launcher_android:mergeDebugConsumerProguardFiles (Thread[#40491,Execution worker Thread 5,5,main]) started.
[        ] :url_launcher_android:mergeDebugConsumerProguardFiles (Thread[#40491,Execution worker Thread 5,5,main]) started.
[        ] > Task :url_launcher_android:mergeDebugConsumerProguardFiles UP-TO-DATE
[        ] Caching disabled for task ':url_launcher_android:mergeDebugConsumerProguardFiles' because:
[        ]   Build cache is disabled
[        ]   Simple merging task
[        ] Skipping task ':url_launcher_android:mergeDebugConsumerProguardFiles' as it is up-to-date.
[        ] Resolve mutations for :url_launcher_android:prepareDebugArtProfile (Thread[#40491,Execution worker Thread 5,5,main]) started.
[        ] :url_launcher_android:prepareDebugArtProfile (Thread[#40491,Execution worker Thread 5,5,main]) started.
[        ] > Task :url_launcher_android:prepareDebugArtProfile UP-TO-DATE
[        ] Caching disabled for task ':url_launcher_android:prepareDebugArtProfile' because:
[        ]   Build cache is disabled
[        ]   Caching has been disabled for the task
[        ] Skipping task ':url_launcher_android:prepareDebugArtProfile' as it is up-to-date.
[        ] Resolve mutations for :url_launcher_android:prepareLintJarForPublish (Thread[#40491,Execution worker Thread 5,5,main]) started.
[        ] :url_launcher_android:prepareLintJarForPublish (Thread[#40491,Execution worker Thread 5,5,main]) started.
[        ] > Task :url_launcher_android:prepareLintJarForPublish UP-TO-DATE
[        ] Caching disabled for task ':url_launcher_android:prepareLintJarForPublish' because:
[        ]   Build cache is disabled
[        ]   Caching has been disabled for the task
[        ] Skipping task ':url_launcher_android:prepareLintJarForPublish' as it is up-to-date.
[        ] Resolve mutations for :url_launcher_android:mergeDebugJavaResource (Thread[#40491,Execution worker Thread 5,5,main]) started.
[        ] :url_launcher_android:mergeDebugJavaResource (Thread[#40491,Execution worker Thread 5,5,main]) started.
[        ] > Task :url_launcher_android:mergeDebugJavaResource UP-TO-DATE
[        ] Caching disabled for task ':url_launcher_android:mergeDebugJavaResource' because:
[        ]   Build cache is disabled
[        ]   Caching has been disabled for the task
[        ] Skipping task ':url_launcher_android:mergeDebugJavaResource' as it is up-to-date.
[        ] Resolve mutations for :url_launcher_android:syncDebugLibJars (Thread[#40491,Execution worker Thread 5,5,main]) started.
[        ] :url_launcher_android:syncDebugLibJars (Thread[#40491,Execution worker Thread 5,5,main]) started.
[        ] > Task :url_launcher_android:syncDebugLibJars UP-TO-DATE
[        ] Caching disabled for task ':url_launcher_android:syncDebugLibJars' because:
[        ]   Build cache is disabled
[        ] Skipping task ':url_launcher_android:syncDebugLibJars' as it is up-to-date.
[        ] Resolve mutations for :url_launcher_android:bundleDebugAar (Thread[#40491,Execution worker Thread 5,5,main]) started.
[        ] :url_launcher_android:bundleDebugAar (Thread[#40491,Execution worker Thread 5,5,main]) started.
[        ] > Task :url_launcher_android:bundleDebugAar UP-TO-DATE
[        ] Caching disabled for task ':url_launcher_android:bundleDebugAar' because:
[        ]   Build cache is disabled
[        ]   Caching has been disabled for the task
[        ] Skipping task ':url_launcher_android:bundleDebugAar' as it is up-to-date.
[        ] Resolve mutations for :url_launcher_android:assembleDebug (Thread[#40491,Execution worker Thread 5,5,main]) started.
[        ] :url_launcher_android:assembleDebug (Thread[#40491,Execution worker Thread 5,5,main]) started.
[        ] > Task :url_launcher_android:assembleDebug UP-TO-DATE
[        ] Skipping task ':url_launcher_android:assembleDebug' as it has no actions.
[        ] Resolve mutations for :video_player_android:stripDebugDebugSymbols (Thread[#40491,Execution worker Thread 5,5,main]) started.
[        ] :video_player_android:stripDebugDebugSymbols (Thread[#40491,Execution worker Thread 5,5,main]) started.
[        ] > Task :video_player_android:stripDebugDebugSymbols NO-SOURCE
[        ] Skipping task ':video_player_android:stripDebugDebugSymbols' as it has no source files and no previous output files.
[        ] Resolve mutations for :video_player_android:copyDebugJniLibsProjectAndLocalJars (Thread[#40491,Execution worker Thread 5,5,main]) started.
[        ] :video_player_android:copyDebugJniLibsProjectAndLocalJars (Thread[#40491,Execution worker Thread 5,5,main]) started.
[        ] > Task :video_player_android:copyDebugJniLibsProjectAndLocalJars UP-TO-DATE
[        ] Caching disabled for task ':video_player_android:copyDebugJniLibsProjectAndLocalJars' because:
[        ]   Build cache is disabled
[        ]   Caching has been disabled for the task
[        ] Skipping task ':video_player_android:copyDebugJniLibsProjectAndLocalJars' as it is up-to-date.
[        ] Resolve mutations for :video_player_android:extractDebugAnnotations (Thread[#40491,Execution worker Thread 5,5,main]) started.
[        ] :video_player_android:extractDebugAnnotations (Thread[#40491,Execution worker Thread 5,5,main]) started.
[        ] > Task :video_player_android:extractDebugAnnotations UP-TO-DATE
[        ] Caching disabled for task ':video_player_android:extractDebugAnnotations' because:
[        ]   Build cache is disabled
[        ] Skipping task ':video_player_android:extractDebugAnnotations' as it is up-to-date.
[        ] Resolve mutations for :video_player_android:extractDeepLinksForAarDebug (Thread[#40491,Execution worker Thread 5,5,main]) started.
[        ] :video_player_android:extractDeepLinksForAarDebug (Thread[#40491,Execution worker Thread 5,5,main]) started.
[        ] > Task :video_player_android:extractDeepLinksForAarDebug UP-TO-DATE
[        ] Caching disabled for task ':video_player_android:extractDeepLinksForAarDebug' because:
[        ]   Build cache is disabled
[        ] Skipping task ':video_player_android:extractDeepLinksForAarDebug' as it is up-to-date.
[        ] Resolve mutations for :video_player_android:mergeDebugGeneratedProguardFiles (Thread[#40491,Execution worker Thread 5,5,main]) started.
[        ] :video_player_android:mergeDebugGeneratedProguardFiles (Thread[#40491,Execution worker Thread 5,5,main]) started.
[        ] > Task :video_player_android:mergeDebugGeneratedProguardFiles UP-TO-DATE
[        ] Caching disabled for task ':video_player_android:mergeDebugGeneratedProguardFiles' because:
[        ]   Build cache is disabled
[        ]   Simple merging task
[        ] Skipping task ':video_player_android:mergeDebugGeneratedProguardFiles' as it is up-to-date.
[        ] Resolve mutations for :video_player_android:mergeDebugConsumerProguardFiles (Thread[#40491,Execution worker Thread 5,5,main]) started.
[        ] :video_player_android:mergeDebugConsumerProguardFiles (Thread[#40491,Execution worker Thread 5,5,main]) started.
[        ] > Task :video_player_android:mergeDebugConsumerProguardFiles UP-TO-DATE
[        ] Caching disabled for task ':video_player_android:mergeDebugConsumerProguardFiles' because:
[        ]   Build cache is disabled
[        ]   Simple merging task
[        ] Skipping task ':video_player_android:mergeDebugConsumerProguardFiles' as it is up-to-date.
[        ] Resolve mutations for :video_player_android:prepareDebugArtProfile (Thread[#40491,Execution worker Thread 5,5,main]) started.
[        ] :video_player_android:prepareDebugArtProfile (Thread[#40491,Execution worker Thread 5,5,main]) started.
[        ] > Task :video_player_android:prepareDebugArtProfile UP-TO-DATE
[        ] Caching disabled for task ':video_player_android:prepareDebugArtProfile' because:
[        ]   Build cache is disabled
[        ]   Caching has been disabled for the task
[        ] Skipping task ':video_player_android:prepareDebugArtProfile' as it is up-to-date.
[        ] Resolve mutations for :video_player_android:prepareLintJarForPublish (Thread[#40491,Execution worker Thread 5,5,main]) started.
[        ] :video_player_android:prepareLintJarForPublish (Thread[#40491,Execution worker Thread 5,5,main]) started.
[        ] > Task :video_player_android:prepareLintJarForPublish UP-TO-DATE
[        ] Caching disabled for task ':video_player_android:prepareLintJarForPublish' because:
[        ]   Build cache is disabled
[        ]   Caching has been disabled for the task
[        ] Skipping task ':video_player_android:prepareLintJarForPublish' as it is up-to-date.
[        ] Resolve mutations for :video_player_android:mergeDebugJavaResource (Thread[#40491,Execution worker Thread 5,5,main]) started.
[        ] :video_player_android:mergeDebugJavaResource (Thread[#40491,Execution worker Thread 5,5,main]) started.
[        ] > Task :video_player_android:mergeDebugJavaResource UP-TO-DATE
[        ] Caching disabled for task ':video_player_android:mergeDebugJavaResource' because:
[        ]   Build cache is disabled
[        ]   Caching has been disabled for the task
[        ] Skipping task ':video_player_android:mergeDebugJavaResource' as it is up-to-date.
[        ] Resolve mutations for :video_player_android:syncDebugLibJars (Thread[#40491,Execution worker Thread 5,5,main]) started.
[        ] :video_player_android:syncDebugLibJars (Thread[#40491,Execution worker Thread 5,5,main]) started.
[        ] > Task :video_player_android:syncDebugLibJars UP-TO-DATE
[        ] Caching disabled for task ':video_player_android:syncDebugLibJars' because:
[        ]   Build cache is disabled
[        ] Skipping task ':video_player_android:syncDebugLibJars' as it is up-to-date.
[        ] Resolve mutations for :video_player_android:bundleDebugAar (Thread[#40491,Execution worker Thread 5,5,main]) started.
[        ] :video_player_android:bundleDebugAar (Thread[#40491,Execution worker Thread 5,5,main]) started.
[        ] > Task :video_player_android:bundleDebugAar UP-TO-DATE
[        ] Caching disabled for task ':video_player_android:bundleDebugAar' because:
[        ]   Build cache is disabled
[        ]   Caching has been disabled for the task
[        ] Skipping task ':video_player_android:bundleDebugAar' as it is up-to-date.
[        ] Resolve mutations for :video_player_android:assembleDebug (Thread[#40491,Execution worker Thread 5,5,main]) started.
[        ] :video_player_android:assembleDebug (Thread[#40491,Execution worker Thread 5,5,main]) started.
[        ] > Task :video_player_android:assembleDebug UP-TO-DATE
[        ] Skipping task ':video_player_android:assembleDebug' as it has no actions.
[ +388 ms] > Task :app:compressDebugAssets
[        ] Caching disabled for task ':app:compressDebugAssets' because:
[        ]   Build cache is disabled
[        ] Task ':app:compressDebugAssets' is not up-to-date because:
[        ]   Input property 'inputDirs' file /Users/florian/Code/substitution/build/app/intermediates/assets/debug/mergeDebugAssets/flutter_assets/kernel_blob.bin has changed.
[        ] Resolve mutations for :app:packageDebug (Thread[#40488,Execution worker Thread 2,5,main]) started.
[        ] :app:packageDebug (Thread[#40488,Execution worker Thread 2,5,main]) started.
07:00 +5 -16: loading /Users/florian/Code/substitution/integration_test/onboarding_flow_test.dart                                                                                                      [ +398 ms] > Task :app:packageDebug
[        ] Custom actions are attached to task ':app:packageDebug'.
[        ] Caching disabled for task ':app:packageDebug' because:
[        ]   Build cache is disabled
[        ]   Caching has been disabled for the task
[        ] Task ':app:packageDebug' is not up-to-date because:
[        ]   Input property 'assets' file /Users/florian/Code/substitution/build/app/intermediates/compressed_assets/debug/compressDebugAssets/out/assets/flutter_assets/kernel_blob.bin.jar has changed.
[        ] Resolve mutations for :app:createDebugApkListingFileRedirect (Thread[#40488,Execution worker Thread 2,5,main]) started.
[        ] :app:createDebugApkListingFileRedirect (Thread[#40488,Execution worker Thread 2,5,main]) started.
[        ] > Task :app:createDebugApkListingFileRedirect UP-TO-DATE
[        ] Caching disabled for task ':app:createDebugApkListingFileRedirect' because:
[        ]   Build cache is disabled
[        ]   Caching has been disabled for the task
[        ] Skipping task ':app:createDebugApkListingFileRedirect' as it is up-to-date.
[        ] Resolve mutations for :app:assembleDebug (Thread[#40488,Execution worker Thread 2,5,main]) started.
[        ] :app:assembleDebug (Thread[#40488,Execution worker Thread 2,5,main]) started.
[  +57 ms] > Task :app:assembleDebug
[        ] Caching disabled for task ':app:assembleDebug' because:
[        ]   Build cache is disabled
[        ] Task ':app:assembleDebug' is not up-to-date because:
[        ]   Task has not declared any outputs despite executing actions.
[        ] [Incubating] Problems report is available at: file:///Users/florian/Code/substitution/build/reports/problems/problems-report.html
[        ] Deprecated Gradle features were used in this build, making it incompatible with Gradle 9.0.
[        ] You can use '--warning-mode all' to show the individual deprecation warnings and determine if they come from your own scripts or plugins.
[        ] For more on this, please refer to https://docs.gradle.org/8.12.1/userguide/command_line_interface.html#sec:command_line_warnings in the Gradle documentation.
[        ] BUILD SUCCESSFUL in 10s
[        ] 458 actionable tasks: 29 executed, 429 up-to-date
[        ] Watched directory hierarchies: [/opt/homebrew/share/flutter/packages/flutter_tools/gradle, /Users/florian/Code/substitution/android]
[  +17 ms] Running Gradle task 'assembleDebug'... (completed in 11,0s)
[   +6 ms] Calculate SHA1: LocalDirectory: '/Users/florian/Code/substitution/build/app/outputs/flutter-apk'/app-debug.apk
[+1029 ms] ✓ Built build/app/outputs/flutter-apk/app-debug.apk
[   +1 ms] executing: /Users/florian/Library/Android/sdk/build-tools/36.1.0/aapt dump xmltree /Users/florian/Code/substitution/build/app/outputs/flutter-apk/app-debug.apk AndroidManifest.xml
[  +11 ms] Exit code 0 from: /Users/florian/Library/Android/sdk/build-tools/36.1.0/aapt dump xmltree /Users/florian/Code/substitution/build/app/outputs/flutter-apk/app-debug.apk AndroidManifest.xml
[        ] N: android=http://schemas.android.com/apk/res/android
             E: manifest (line=2)
               A: android:versionCode(0x0101021b)=(type 0x10)0x7
               A: android:versionName(0x0101021c)="1.0.0" (Raw: "1.0.0")
               A: android:compileSdkVersion(0x01010572)=(type 0x10)0x24
               A: android:compileSdkVersionCodename(0x01010573)="16" (Raw: "16")
               A: package="art.substitution.substitution" (Raw: "art.substitution.substitution")
               A: platformBuildVersionCode=(type 0x10)0x24
               A: platformBuildVersionName=(type 0x10)0x10
               E: uses-sdk (line=7)
                 A: android:minSdkVersion(0x0101020c)=(type 0x10)0x18
                 A: android:targetSdkVersion(0x01010270)=(type 0x10)0x22
               E: uses-permission (line=15)
                 A: android:name(0x01010003)="android.permission.INTERNET" (Raw: "android.permission.INTERNET")
               E: uses-permission (line=16)
                 A: android:name(0x01010003)="android.permission.ACCESS_NETWORK_STATE" (Raw: "android.permission.ACCESS_NETWORK_STATE")
               E: permission (line=18)
                 A: android:name(0x01010003)="art.substitution.substitution.DYNAMIC_RECEIVER_NOT_EXPORTED_PERMISSION" (Raw: "art.substitution.substitution.DYNAMIC_RECEIVER_NOT_EXPORTED_PERMISSION")
                 A: android:protectionLevel(0x01010009)=(type 0x11)0x2
               E: uses-permission (line=22)
                 A: android:name(0x01010003)="art.substitution.substitution.DYNAMIC_RECEIVER_NOT_EXPORTED_PERMISSION" (Raw: "art.substitution.substitution.DYNAMIC_RECEIVER_NOT_EXPORTED_PERMISSION")
               E: application (line=24)
                 A: android:label(0x01010001)="substitution" (Raw: "substitution")
                 A: android:icon(0x01010002)=@0x7f0c0000
                 A: android:name(0x01010003)="android.app.Application" (Raw: "android.app.Application")
                 A: android:debuggable(0x0101000f)=(type 0x12)0xffffffff
                 A: android:extractNativeLibs(0x010104ea)=(type 0x12)0x0
                 A: android:appComponentFactory(0x0101057a)="androidx.core.app.CoreComponentFactory" (Raw: "androidx.core.app.CoreComponentFactory")
                 E: activity (line=31)
                   A: android:theme(0x01010000)=@0x7f0e00a2
                   A: android:name(0x01010003)="art.substitution.substitution.MainActivity" (Raw: "art.substitution.substitution.MainActivity")
                   A: android:exported(0x01010010)=(type 0x12)0xffffffff
                   A: android:launchMode(0x0101001d)=(type 0x10)0x1
                   A: android:configChanges(0x0101001f)=(type 0x11)0x40003fb4
                   A: android:windowSoftInputMode(0x0101022b)=(type 0x11)0x10
                   A: android:hardwareAccelerated(0x010102d3)=(type 0x12)0xffffffff
                   E: meta-data (line=46)
                     A: android:name(0x01010003)="io.flutter.embedding.android.NormalTheme" (Raw: "io.flutter.embedding.android.NormalTheme")
                     A: android:resource(0x01010025)=@0x7f0e00a3
                   E: intent-filter (line=50)
                     E: action (line=51)
                       A: android:name(0x01010003)="android.intent.action.MAIN" (Raw: "android.intent.action.MAIN")
                     E: category (line=53)
                       A: android:name(0x01010003)="android.intent.category.LAUNCHER" (Raw: "android.intent.category.LAUNCHER")
                   E: intent-filter (line=56)
                     E: action (line=57)
                       A: android:name(0x01010003)="android.intent.action.VIEW" (Raw: "android.intent.action.VIEW")
                     E: category (line=59)
                       A: android:name(0x01010003)="android.intent.category.DEFAULT" (Raw: "android.intent.category.DEFAULT")
                     E: category (line=60)
                       A: android:name(0x01010003)="android.intent.category.BROWSABLE" (Raw: "android.intent.category.BROWSABLE")
                     E: data (line=62)
                       A: android:scheme(0x01010027)="substitution" (Raw: "substitution")
                       A: android:host(0x01010028)="auth" (Raw: "auth")
                       A: android:pathPrefix(0x0101002b)="/login-callback" (Raw: "/login-callback")
                 E: meta-data (line=72)
                   A: android:name(0x01010003)="flutterEmbedding" (Raw: "flutterEmbedding")
                   A: android:value(0x01010024)=(type 0x10)0x2
                 E: activity (line=76)
                   A: android:theme(0x01010000)=@0x01030007
                   A: android:name(0x01010003)="io.flutter.plugins.urllauncher.WebViewActivity" (Raw: "io.flutter.plugins.urllauncher.WebViewActivity")
                   A: android:exported(0x01010010)=(type 0x12)0x0
                 E: uses-library (line=81)
                   A: android:name(0x01010003)="androidx.window.extensions" (Raw: "androidx.window.extensions")
                   A: android:required(0x0101028e)=(type 0x12)0x0
                 E: uses-library (line=84)
                   A: android:name(0x01010003)="androidx.window.sidecar" (Raw: "androidx.window.sidecar")
                   A: android:required(0x0101028e)=(type 0x12)0x0
                 E: provider (line=88)
                   A: android:name(0x01010003)="androidx.startup.InitializationProvider" (Raw: "androidx.startup.InitializationProvider")
                   A: android:exported(0x01010010)=(type 0x12)0x0
                   A: android:authorities(0x01010018)="art.substitution.substitution.androidx-startup" (Raw: "art.substitution.substitution.androidx-startup")
                   E: meta-data (line=92)
                     A: android:name(0x01010003)="androidx.lifecycle.ProcessLifecycleInitializer" (Raw: "androidx.lifecycle.ProcessLifecycleInitializer")
                     A: android:value(0x01010024)="androidx.startup" (Raw: "androidx.startup")
                   E: meta-data (line=95)
                     A: android:name(0x01010003)="androidx.profileinstaller.ProfileInstallerInitializer" (Raw: "androidx.profileinstaller.ProfileInstallerInitializer")
                     A: android:value(0x01010024)="androidx.startup" (Raw: "androidx.startup")
                 E: receiver (line=100)
                   A: android:name(0x01010003)="androidx.profileinstaller.ProfileInstallReceiver" (Raw: "androidx.profileinstaller.ProfileInstallReceiver")
                   A: android:permission(0x01010006)="android.permission.DUMP" (Raw: "android.permission.DUMP")
                   A: android:enabled(0x0101000e)=(type 0x12)0xffffffff
                   A: android:exported(0x01010010)=(type 0x12)0xffffffff
                   A: android:directBootAware(0x01010505)=(type 0x12)0x0
                   E: intent-filter (line=106)
                     E: action (line=107)
                       A: android:name(0x01010003)="androidx.profileinstaller.action.INSTALL_PROFILE" (Raw: "androidx.profileinstaller.action.INSTALL_PROFILE")
                   E: intent-filter (line=109)
                     E: action (line=110)
                       A: android:name(0x01010003)="androidx.profileinstaller.action.SKIP_FILE" (Raw: "androidx.profileinstaller.action.SKIP_FILE")
                   E: intent-filter (line=112)
                     E: action (line=113)
                       A: android:name(0x01010003)="androidx.profileinstaller.action.SAVE_PROFILE" (Raw: "androidx.profileinstaller.action.SAVE_PROFILE")
                   E: intent-filter (line=115)
                     E: action (line=116)
                       A: android:name(0x01010003)="androidx.profileinstaller.action.BENCHMARK_OPERATION" (Raw: "androidx.profileinstaller.action.BENCHMARK_OPERATION")
[        ] Stopping app 'app-debug.apk' on sdk gphone64 arm64.
[        ] executing: /Users/florian/Library/Android/sdk/platform-tools/adb -s emulator-5554 shell am force-stop art.substitution.substitution
07:01 +5 -16: loading /Users/florian/Code/substitution/integration_test/onboarding_flow_test.dart                                                                                                      [  +21 ms] Installing APK.
[        ] Installing build/app/outputs/flutter-apk/app-debug.apk...
[        ] executing: /Users/florian/Library/Android/sdk/platform-tools/adb -s emulator-5554 install -t -r /Users/florian/Code/substitution/build/app/outputs/flutter-apk/app-debug.apk
[ +383 ms] Performing Streamed Install
           Success
[        ] Installing build/app/outputs/flutter-apk/app-debug.apk... (completed in 383ms)
[        ] executing: /Users/florian/Library/Android/sdk/platform-tools/adb -s emulator-5554 shell echo -n f4f9375200e5a76fbda1ee973556a97af8af6518 > /data/local/tmp/sky.art.substitution.substitution.sha1
[  +25 ms] executing: /Users/florian/Library/Android/sdk/platform-tools/adb -s emulator-5554 shell -x logcat -v time -t 1
[ +100 ms] --------- beginning of system
           02-17 00:01:53.024 D/ActivityManager(  668): sync unfroze 6967 com.google.android.packageinstaller for 3
[   +3 ms] executing: /Users/florian/Library/Android/sdk/platform-tools/adb -s emulator-5554 shell am start -a android.intent.action.MAIN -c android.intent.category.LAUNCHER -f 0x20000000 --ez enable-dart-profiling true --ez enable-checked-mode true --ez verify-entry-points true art.substitution.substitution/art.substitution.substitution.MainActivity
07:02 +5 -16: loading /Users/florian/Code/substitution/integration_test/onboarding_flow_test.dart                                                                                                      [ +128 ms] Starting: Intent { act=android.intent.action.MAIN cat=[android.intent.category.LAUNCHER] flg=0x20000000 cmp=art.substitution.substitution/.MainActivity (has extras) }
[        ] Waiting for VM Service port to be available...
07:03 +5 -16: loading /Users/florian/Code/substitution/integration_test/onboarding_flow_test.dart                                                                                                      [+1763 ms] VM Service URL on device: http://127.0.0.1:41739/YHGoWlW77cQ=/
[        ] executing: /Users/florian/Library/Android/sdk/platform-tools/adb -s emulator-5554 forward tcp:0 tcp:41739
[  +14 ms] 54917
[        ] Forwarded host port 54917 to device port 41739 for VM Service
[        ] test 8: Starting Dart Development Service
[        ] Launching a Dart Developer Service (DDS) instance at http://127.0.0.1:0, connecting to VM service at http://127.0.0.1:54917/YHGoWlW77cQ=/.
07:04 +5 -16: loading /Users/florian/Code/substitution/integration_test/onboarding_flow_test.dart                                                                                                      [ +173 ms] test 8: Dart Development Service started at http://127.0.0.1:54920/5ePoUwK0GPg=/, forwarding to VM service at http://127.0.0.1:54917/YHGoWlW77cQ=/.
[        ] test 8: Connecting to vm service
[        ] test 8: VM Service uri is available at http://127.0.0.1:54920/5ePoUwK0GPg=/
[   +6 ms] test 8: Finding the correct isolate with the integration test service extension
[  +95 ms] test 8: connected to test device, now awaiting test result
[        ] test 8: Waiting for test harness or tests to finish
07:04 +5 -16: loading /Users/florian/Code/substitution/integration_test/onboarding_flow_test.dart                                                                                                      
Warning: A tag was used that wasn't specified in dart_test.yaml.
  integration was used in the suite itself

07:04 +5 -16: /Users/florian/Code/substitution/integration_test/onboarding_flow_test.dart: (setUpAll)                                                                                                  07:04 +5 -16: /Users/florian/Code/substitution/integration_test/onboarding_flow_test.dart: (setUpAll)                                                                                                  
[90m[🌎 Easy Localization] [DEBUG] Localization initialized[0m
07:04 +5 -16: /Users/florian/Code/substitution/integration_test/onboarding_flow_test.dart: ... WI-1.2, WI-1.3) 1. Start at introduction -> select homeserver -> login -> verify session persists       07:04 +5 -17: /Users/florian/Code/substitution/integration_test/onboarding_flow_test.dart: Onboarding Flow Integration (WI-1.1, WI-1.2, WI-1.3) 1. Start at introduction -> select homeserver -> login -> verify session persists [E]
  type 'Null' is not a subtype of type '(DiscoveryInformation?, GetVersionsResponse, List<LoginFlow>, GetAuthMetadataResponse?)' in type cast
  dart:async                                                                                                             new Future.value
  Users/florian/Code/substitution/integration_test/onboarding_flow_test.dart 65:43                                       main.<fn>.<fn>.<fn>
  package:mocktail/src/mocktail.dart 131:37                                                                              Mock.noSuchMethod
  Users/florian/Code/substitution/integration_test/onboarding_flow_test.dart 13:7                                        MockClient.checkHomeserver
  Users/florian/Code/substitution/integration_test/onboarding_flow_test.dart 66:24                                       main.<fn>.<fn>
  ===== asynchronous gap ===========================
  package:stream_channel                                                                                                 _GuaranteeSink.add
  var/folders/l_/w8pnbb9d38n57pzg9j98fmy80000gn/T/flutter_tools.wuOse9/flutter_test_listener.yWB40I/listener.dart 56:22  main.<fn>
  

To run this test again: /opt/homebrew/share/flutter/bin/cache/dart-sdk/bin/dart test /Users/florian/Code/substitution/integration_test/onboarding_flow_test.dart -p vm --plain-name 'Onboarding Flow Integration (WI-1.1, WI-1.2, WI-1.3) 1. Start at introduction -> select homeserver -> login -> verify session persists'
07:04 +5 -17: /Users/florian/Code/substitution/integration_test/onboarding_flow_test.dart: (tearDownAll)                                                                                               [ +361 ms] test 8: Test harness is no longer needed by test process
[        ] test 8: finished
[        ] test 8: cleaning up...
[        ] test 8: ensuring test device is terminated.
[        ] executing: /Users/florian/Library/Android/sdk/platform-tools/adb -s emulator-5554 shell am force-stop art.substitution.substitution
[        ] test 8: Test process is no longer needed by test harness
[  +39 ms] executing: /Users/florian/Library/Android/sdk/platform-tools/adb -s emulator-5554 uninstall art.substitution.substitution
[ +129 ms] Success
[        ] test 8: deleting temporary directory
[        ] test 8: finished
07:04 +5 -17: loading /Users/florian/Code/substitution/integration_test/app_test.dart                                                                                                                  [        ] test 9: starting test /Users/florian/Code/substitution/integration_test/app_test.dart
[        ] Stopping scan for flutter_test_config.dart; found project root at /Users/florian/Code/substitution
[        ] test 9: starting test device
[        ] test 9: awaiting connection to test device
[        ] executing: /Users/florian/Library/Android/sdk/build-tools/36.1.0/aapt dump xmltree /Users/florian/Code/substitution/build/app/outputs/flutter-apk/app-debug.apk AndroidManifest.xml
[  +11 ms] Exit code 0 from: /Users/florian/Library/Android/sdk/build-tools/36.1.0/aapt dump xmltree /Users/florian/Code/substitution/build/app/outputs/flutter-apk/app-debug.apk AndroidManifest.xml
[        ] N: android=http://schemas.android.com/apk/res/android
             E: manifest (line=2)
               A: android:versionCode(0x0101021b)=(type 0x10)0x7
               A: android:versionName(0x0101021c)="1.0.0" (Raw: "1.0.0")
               A: android:compileSdkVersion(0x01010572)=(type 0x10)0x24
               A: android:compileSdkVersionCodename(0x01010573)="16" (Raw: "16")
               A: package="art.substitution.substitution" (Raw: "art.substitution.substitution")
               A: platformBuildVersionCode=(type 0x10)0x24
               A: platformBuildVersionName=(type 0x10)0x10
               E: uses-sdk (line=7)
                 A: android:minSdkVersion(0x0101020c)=(type 0x10)0x18
                 A: android:targetSdkVersion(0x01010270)=(type 0x10)0x22
               E: uses-permission (line=15)
                 A: android:name(0x01010003)="android.permission.INTERNET" (Raw: "android.permission.INTERNET")
               E: uses-permission (line=16)
                 A: android:name(0x01010003)="android.permission.ACCESS_NETWORK_STATE" (Raw: "android.permission.ACCESS_NETWORK_STATE")
               E: permission (line=18)
                 A: android:name(0x01010003)="art.substitution.substitution.DYNAMIC_RECEIVER_NOT_EXPORTED_PERMISSION" (Raw: "art.substitution.substitution.DYNAMIC_RECEIVER_NOT_EXPORTED_PERMISSION")
                 A: android:protectionLevel(0x01010009)=(type 0x11)0x2
               E: uses-permission (line=22)
                 A: android:name(0x01010003)="art.substitution.substitution.DYNAMIC_RECEIVER_NOT_EXPORTED_PERMISSION" (Raw: "art.substitution.substitution.DYNAMIC_RECEIVER_NOT_EXPORTED_PERMISSION")
               E: application (line=24)
                 A: android:label(0x01010001)="substitution" (Raw: "substitution")
                 A: android:icon(0x01010002)=@0x7f0c0000
                 A: android:name(0x01010003)="android.app.Application" (Raw: "android.app.Application")
                 A: android:debuggable(0x0101000f)=(type 0x12)0xffffffff
                 A: android:extractNativeLibs(0x010104ea)=(type 0x12)0x0
                 A: android:appComponentFactory(0x0101057a)="androidx.core.app.CoreComponentFactory" (Raw: "androidx.core.app.CoreComponentFactory")
                 E: activity (line=31)
                   A: android:theme(0x01010000)=@0x7f0e00a2
                   A: android:name(0x01010003)="art.substitution.substitution.MainActivity" (Raw: "art.substitution.substitution.MainActivity")
                   A: android:exported(0x01010010)=(type 0x12)0xffffffff
                   A: android:launchMode(0x0101001d)=(type 0x10)0x1
                   A: android:configChanges(0x0101001f)=(type 0x11)0x40003fb4
                   A: android:windowSoftInputMode(0x0101022b)=(type 0x11)0x10
                   A: android:hardwareAccelerated(0x010102d3)=(type 0x12)0xffffffff
                   E: meta-data (line=46)
                     A: android:name(0x01010003)="io.flutter.embedding.android.NormalTheme" (Raw: "io.flutter.embedding.android.NormalTheme")
                     A: android:resource(0x01010025)=@0x7f0e00a3
                   E: intent-filter (line=50)
                     E: action (line=51)
                       A: android:name(0x01010003)="android.intent.action.MAIN" (Raw: "android.intent.action.MAIN")
                     E: category (line=53)
                       A: android:name(0x01010003)="android.intent.category.LAUNCHER" (Raw: "android.intent.category.LAUNCHER")
                   E: intent-filter (line=56)
                     E: action (line=57)
                       A: android:name(0x01010003)="android.intent.action.VIEW" (Raw: "android.intent.action.VIEW")
                     E: category (line=59)
                       A: android:name(0x01010003)="android.intent.category.DEFAULT" (Raw: "android.intent.category.DEFAULT")
                     E: category (line=60)
                       A: android:name(0x01010003)="android.intent.category.BROWSABLE" (Raw: "android.intent.category.BROWSABLE")
                     E: data (line=62)
                       A: android:scheme(0x01010027)="substitution" (Raw: "substitution")
                       A: android:host(0x01010028)="auth" (Raw: "auth")
                       A: android:pathPrefix(0x0101002b)="/login-callback" (Raw: "/login-callback")
                 E: meta-data (line=72)
                   A: android:name(0x01010003)="flutterEmbedding" (Raw: "flutterEmbedding")
                   A: android:value(0x01010024)=(type 0x10)0x2
                 E: activity (line=76)
                   A: android:theme(0x01010000)=@0x01030007
                   A: android:name(0x01010003)="io.flutter.plugins.urllauncher.WebViewActivity" (Raw: "io.flutter.plugins.urllauncher.WebViewActivity")
                   A: android:exported(0x01010010)=(type 0x12)0x0
                 E: uses-library (line=81)
                   A: android:name(0x01010003)="androidx.window.extensions" (Raw: "androidx.window.extensions")
                   A: android:required(0x0101028e)=(type 0x12)0x0
                 E: uses-library (line=84)
                   A: android:name(0x01010003)="androidx.window.sidecar" (Raw: "androidx.window.sidecar")
                   A: android:required(0x0101028e)=(type 0x12)0x0
                 E: provider (line=88)
                   A: android:name(0x01010003)="androidx.startup.InitializationProvider" (Raw: "androidx.startup.InitializationProvider")
                   A: android:exported(0x01010010)=(type 0x12)0x0
                   A: android:authorities(0x01010018)="art.substitution.substitution.androidx-startup" (Raw: "art.substitution.substitution.androidx-startup")
                   E: meta-data (line=92)
                     A: android:name(0x01010003)="androidx.lifecycle.ProcessLifecycleInitializer" (Raw: "androidx.lifecycle.ProcessLifecycleInitializer")
                     A: android:value(0x01010024)="androidx.startup" (Raw: "androidx.startup")
                   E: meta-data (line=95)
                     A: android:name(0x01010003)="androidx.profileinstaller.ProfileInstallerInitializer" (Raw: "androidx.profileinstaller.ProfileInstallerInitializer")
                     A: android:value(0x01010024)="androidx.startup" (Raw: "androidx.startup")
                 E: receiver (line=100)
                   A: android:name(0x01010003)="androidx.profileinstaller.ProfileInstallReceiver" (Raw: "androidx.profileinstaller.ProfileInstallReceiver")
                   A: android:permission(0x01010006)="android.permission.DUMP" (Raw: "android.permission.DUMP")
                   A: android:enabled(0x0101000e)=(type 0x12)0xffffffff
                   A: android:exported(0x01010010)=(type 0x12)0xffffffff
                   A: android:directBootAware(0x01010505)=(type 0x12)0x0
                   E: intent-filter (line=106)
                     E: action (line=107)
                       A: android:name(0x01010003)="androidx.profileinstaller.action.INSTALL_PROFILE" (Raw: "androidx.profileinstaller.action.INSTALL_PROFILE")
                   E: intent-filter (line=109)
                     E: action (line=110)
                       A: android:name(0x01010003)="androidx.profileinstaller.action.SKIP_FILE" (Raw: "androidx.profileinstaller.action.SKIP_FILE")
                   E: intent-filter (line=112)
                     E: action (line=113)
                       A: android:name(0x01010003)="androidx.profileinstaller.action.SAVE_PROFILE" (Raw: "androidx.profileinstaller.action.SAVE_PROFILE")
                   E: intent-filter (line=115)
                     E: action (line=116)
                       A: android:name(0x01010003)="androidx.profileinstaller.action.BENCHMARK_OPERATION" (Raw: "androidx.profileinstaller.action.BENCHMARK_OPERATION")
[        ] Building APK
[        ] Version of Java is different than impacted version, no migration attempted.
[        ] CMake project not found, skipping support Android 15 16k page size migration.
[        ] Using gradle from /Users/florian/Code/substitution/android/gradlew.
[   +5 ms] LocalFile: '/Users/florian/Code/substitution/android/build.gradle' provides AGP version from classpath: 8.6.0
[   +7 ms] Running Gradle task 'assembleDebug'...
[        ] executing: [/Users/florian/Code/substitution/android/] /Users/florian/Code/substitution/android/gradlew --full-stacktrace --info -Pverbose=true -PskipDependencyChecks=true -Ptarget-platform=android-arm64 -Ptarget=/var/folders/l_/w8pnbb9d38n57pzg9j98fmy80000gn/T/flutter_tools.wuOse9/flutter_test_listener.UUWvNA/listener.dart -Pbase-application-name=android.app.Application -Pdart-defines=TUFUUklYX1NFUlZFUj1odHRwOi8vbG9jYWxob3N0OjgwMDg=,TUFUUklYX1RFU1RfVVNFUj0=,TUFUUklYX1RFU1RfUEFTU1dPUkQ9,RkxVVFRFUl9WRVJTSU9OPTMuMzguOQ==,RkxVVFRFUl9DSEFOTkVMPXN0YWJsZQ==,RkxVVFRFUl9HSVRfVVJMPWh0dHBzOi8vZ2l0aHViLmNvbS9mbHV0dGVyL2ZsdXR0ZXIuZ2l0,RkxVVFRFUl9GUkFNRVdPUktfUkVWSVNJT049NjczMjNkZTI4NQ==,RkxVVFRFUl9FTkdJTkVfUkVWSVNJT049NTg3YzE4Zjg3Mw==,RkxVVFRFUl9EQVJUX1ZFUlNJT049My4xMC44,SU5URUdSQVRJT05fVEVTVF9TSE9VTERfUkVQT1JUX1JFU1VMVFNfVE9fTkFUSVZFPWZhbHNl -Pdart-obfuscation=false -Ptrack-widget-creation=true -Ptree-shake-icons=false assembleDebug
[ +281 ms] Initialized native services in: /Users/florian/.gradle/native
[        ] Initialized jansi services in: /Users/florian/.gradle/native
07:05 +5 -17: loading /Users/florian/Code/substitution/integration_test/app_test.dart                                                                                                                  [ +212 ms] The client will now receive all logging from the daemon (pid: 43439). The daemon log file: /Users/florian/.gradle/daemon/8.12.1/daemon-43439.out.log
[        ] Starting 102nd build in daemon [uptime: 2 hrs 4 mins 54.283 secs, performance: 100%, GC rate: 0.00/s, heap usage: 0% of 4 GiB]
[        ] Using 32 worker leases.
[        ] Now considering [/Users/florian/Code/substitution/android, /opt/homebrew/share/flutter/packages/flutter_tools/gradle] as hierarchies to watch
[        ] Watching the file system is configured to be enabled if available
[        ] File system watching is active
[        ] Starting Build
[        ] Now considering [/opt/homebrew/share/flutter/packages/flutter_tools/gradle, /Users/florian/Code/substitution/android] as hierarchies to watch
[        ] > Configure project :gradle
[        ] Evaluating project ':gradle' using build file '/opt/homebrew/share/flutter/packages/flutter_tools/gradle/build.gradle.kts'.
[        ] Resolved plugin [id: 'org.gradle.java-gradle-plugin']
[        ] Resolved plugin [id: 'org.gradle.groovy']
[        ] Resolved plugin [id: 'org.gradle.kotlin.kotlin-dsl', version: '5.1.2']
[        ] Resolved plugin [id: 'org.jetbrains.kotlin.jvm', version: '1.9.20']
[        ] Using Kotlin Gradle Plugin gradle85 variant
[        ] kotlin scripting plugin: created the scripting discovery configuration: kotlinScriptDef
[        ] kotlin scripting plugin: created the scripting discovery configuration: testKotlinScriptDef
[        ] file or directory '/opt/homebrew/share/flutter/packages/flutter_tools/gradle/src/main/java', not found
[        ] Resolved plugin [id: 'dev.flutter.flutter-plugin-loader', version: '1.0.0']
[        ] Resolved plugin [id: 'com.android.application', version: '8.9.1', apply: false]
[        ] Resolved plugin [id: 'org.jetbrains.kotlin.android', version: '2.1.0', apply: false]
[        ] Resolve mutations for :gradle:checkKotlinGradlePluginConfigurationErrors (Thread[#40868,Execution worker,5,main]) started.
[        ] :gradle:checkKotlinGradlePluginConfigurationErrors (Thread[#40868,Execution worker,5,main]) started.
[        ] > Task :gradle:checkKotlinGradlePluginConfigurationErrors SKIPPED
[        ] Skipping task ':gradle:checkKotlinGradlePluginConfigurationErrors' as task onlyIf 'errorDiagnostics are present' is false.
[        ] Resolve mutations for :gradle:compileKotlin (Thread[#40868,Execution worker,5,main]) started.
[        ] :gradle:compileKotlin (Thread[#40868,Execution worker,5,main]) started.
[        ] > Task :gradle:compileKotlin UP-TO-DATE
[        ] Caching disabled for task ':gradle:compileKotlin' because:
[        ]   Build cache is disabled
[        ] Skipping task ':gradle:compileKotlin' as it is up-to-date.
[        ] Resolve mutations for :gradle:compileJava (Thread[#40868,Execution worker,5,main]) started.
[        ] :gradle:compileJava (Thread[#40896,Execution worker Thread 28,5,main]) started.
[        ] > Task :gradle:compileJava NO-SOURCE
[        ] Skipping task ':gradle:compileJava' as it has no source files and no previous output files.
[        ] Resolve mutations for :gradle:compileGroovy (Thread[#40896,Execution worker Thread 28,5,main]) started.
[        ] :gradle:compileGroovy (Thread[#40892,Execution worker Thread 24,5,main]) started.
[        ] > Task :gradle:compileGroovy NO-SOURCE
[        ] Skipping task ':gradle:compileGroovy' as it has no source files and no previous output files.
[        ] Resolve mutations for :gradle:pluginDescriptors (Thread[#40892,Execution worker Thread 24,5,main]) started.
[        ] :gradle:pluginDescriptors (Thread[#40870,Execution worker Thread 3,5,main]) started.
[        ] > Task :gradle:pluginDescriptors UP-TO-DATE
[        ] Caching disabled for task ':gradle:pluginDescriptors' because:
[        ]   Build cache is disabled
[        ]   Not worth caching
[        ] Skipping task ':gradle:pluginDescriptors' as it is up-to-date.
[        ] Resolve mutations for :gradle:processResources (Thread[#40870,Execution worker Thread 3,5,main]) started.
[        ] :gradle:processResources (Thread[#40870,Execution worker Thread 3,5,main]) started.
[        ] > Task :gradle:processResources UP-TO-DATE
[        ] Caching disabled for task ':gradle:processResources' because:
[        ]   Build cache is disabled
[        ]   Not worth caching
[        ] Skipping task ':gradle:processResources' as it is up-to-date.
[        ] Resolve mutations for :gradle:classes (Thread[#40870,Execution worker Thread 3,5,main]) started.
[        ] :gradle:classes (Thread[#40870,Execution worker Thread 3,5,main]) started.
[        ] > Task :gradle:classes UP-TO-DATE
[        ] Skipping task ':gradle:classes' as it has no actions.
[        ] Resolve mutations for :gradle:jar (Thread[#40870,Execution worker Thread 3,5,main]) started.
[        ] :gradle:jar (Thread[#40870,Execution worker Thread 3,5,main]) started.
[        ] > Task :gradle:jar UP-TO-DATE
[        ] Caching disabled for task ':gradle:jar' because:
[        ]   Build cache is disabled
[        ]   Not worth caching
[        ] Skipping task ':gradle:jar' as it is up-to-date.
[        ] Settings evaluated using settings file '/Users/florian/Code/substitution/android/settings.gradle'.
[        ] Projects loaded. Root project using build file '/Users/florian/Code/substitution/android/build.gradle'.
[        ] Included projects: [root project 'android', project ':app', project ':connectivity_plus', project ':emoji_picker_flutter', project ':file_selector_android', project ':flutter_keyboard_visibility_temp_fork', project ':flutter_native_splash', project ':flutter_olm', project ':flutter_openssl_crypto', project ':integration_test', project ':path_provider_android', project ':quill_native_bridge_android', project ':shared_preferences_android', project ':sqflite_android', project ':url_launcher_android', project ':video_player_android']
[  +97 ms] > Configure project :app
[        ] Evaluating project ':app' using build file '/Users/florian/Code/substitution/android/app/build.gradle'.
[        ] Resolved plugin [id: 'com.android.application']
[        ] Resolved plugin [id: 'kotlin-android']
[        ] Resolved plugin [id: 'dev.flutter.flutter-gradle-plugin']
[        ] Using default execution profile
[        ] Using Kotlin Gradle Plugin gradle85 variant
[        ] C/C++: android.ndkVersion from module build.gradle is [28.2.13676358]
[        ] C/C++: android.ndkPath from module build.gradle is not set
[        ] C/C++: ndk.dir in local.properties is not set
[        ] C/C++: Not considering ANDROID_NDK_HOME because support was removed after deprecation period.
[        ] C/C++: sdkFolder is /Users/florian/Library/Android/sdk
[        ] C/C++: android.ndkVersion from module build.gradle is [28.2.13676358]
[        ] C/C++: android.ndkPath from module build.gradle is not set
[        ] C/C++: ndk.dir in local.properties is not set
[        ] C/C++: Not considering ANDROID_NDK_HOME because support was removed after deprecation period.
[        ] C/C++: sdkFolder is /Users/florian/Library/Android/sdk
[        ] C/C++: android.ndkVersion from module build.gradle is [28.2.13676358]
[        ] C/C++: android.ndkPath from module build.gradle is not set
[        ] C/C++: ndk.dir in local.properties is not set
[        ] C/C++: Not considering ANDROID_NDK_HOME because support was removed after deprecation period.
[        ] C/C++: sdkFolder is /Users/florian/Library/Android/sdk
[        ] C/C++: android.ndkVersion from module build.gradle is [28.2.13676358]
[        ] C/C++: android.ndkPath from module build.gradle is not set
[        ] C/C++: ndk.dir in local.properties is not set
[        ] C/C++: Not considering ANDROID_NDK_HOME because support was removed after deprecation period.
[        ] C/C++: sdkFolder is /Users/florian/Library/Android/sdk
[        ] C/C++: android.ndkVersion from module build.gradle is [28.2.13676358]
[        ] C/C++: android.ndkPath from module build.gradle is not set
[        ] C/C++: ndk.dir in local.properties is not set
[        ] C/C++: Not considering ANDROID_NDK_HOME because support was removed after deprecation period.
[        ] C/C++: sdkFolder is /Users/florian/Library/Android/sdk
[        ] C/C++: android.ndkVersion from module build.gradle is [28.2.13676358]
[        ] C/C++: android.ndkPath from module build.gradle is not set
[        ] C/C++: ndk.dir in local.properties is not set
[        ] C/C++: Not considering ANDROID_NDK_HOME because support was removed after deprecation period.
[        ] C/C++: sdkFolder is /Users/florian/Library/Android/sdk
[        ] C/C++: android.ndkVersion from module build.gradle is [28.2.13676358]
[        ] C/C++: android.ndkPath from module build.gradle is not set
[        ] C/C++: ndk.dir in local.properties is not set
[        ] C/C++: Not considering ANDROID_NDK_HOME because support was removed after deprecation period.
[        ] C/C++: sdkFolder is /Users/florian/Library/Android/sdk
[        ] C/C++: android.ndkVersion from module build.gradle is [28.2.13676358]
[        ] C/C++: android.ndkPath from module build.gradle is not set
[        ] C/C++: ndk.dir in local.properties is not set
[        ] C/C++: Not considering ANDROID_NDK_HOME because support was removed after deprecation period.
[        ] C/C++: sdkFolder is /Users/florian/Library/Android/sdk
[        ] C/C++: android.ndkVersion from module build.gradle is [28.2.13676358]
[        ] C/C++: android.ndkPath from module build.gradle is not set
[        ] C/C++: ndk.dir in local.properties is not set
[        ] C/C++: Not considering ANDROID_NDK_HOME because support was removed after deprecation period.
[        ] C/C++: sdkFolder is /Users/florian/Library/Android/sdk
[        ] C/C++: android.ndkVersion from module build.gradle is [28.2.13676358]
[        ] C/C++: android.ndkPath from module build.gradle is not set
[        ] C/C++: ndk.dir in local.properties is not set
[        ] C/C++: Not considering ANDROID_NDK_HOME because support was removed after deprecation period.
[        ] C/C++: sdkFolder is /Users/florian/Library/Android/sdk
[        ] C/C++: android.ndkVersion from module build.gradle is [28.2.13676358]
[        ] C/C++: android.ndkPath from module build.gradle is not set
[        ] C/C++: ndk.dir in local.properties is not set
[        ] C/C++: Not considering ANDROID_NDK_HOME because support was removed after deprecation period.
[        ] C/C++: sdkFolder is /Users/florian/Library/Android/sdk
[        ] C/C++: android.ndkVersion from module build.gradle is [28.2.13676358]
[        ] C/C++: android.ndkPath from module build.gradle is not set
[        ] C/C++: ndk.dir in local.properties is not set
[        ] C/C++: Not considering ANDROID_NDK_HOME because support was removed after deprecation period.
[        ] C/C++: sdkFolder is /Users/florian/Library/Android/sdk
[        ] C/C++: android.ndkVersion from module build.gradle is [28.2.13676358]
[        ] C/C++: android.ndkPath from module build.gradle is not set
[        ] C/C++: ndk.dir in local.properties is not set
[        ] C/C++: Not considering ANDROID_NDK_HOME because support was removed after deprecation period.
[        ] C/C++: sdkFolder is /Users/florian/Library/Android/sdk
[        ] C/C++: android.ndkVersion from module build.gradle is [28.2.13676358]
[        ] C/C++: android.ndkPath from module build.gradle is not set
[        ] C/C++: ndk.dir in local.properties is not set
[        ] C/C++: Not considering ANDROID_NDK_HOME because support was removed after deprecation period.
[        ] C/C++: sdkFolder is /Users/florian/Library/Android/sdk
[        ] C/C++: android.ndkVersion from module build.gradle is [28.2.13676358]
[        ] C/C++: android.ndkPath from module build.gradle is not set
[        ] C/C++: ndk.dir in local.properties is not set
[        ] C/C++: Not considering ANDROID_NDK_HOME because support was removed after deprecation period.
[        ] C/C++: sdkFolder is /Users/florian/Library/Android/sdk
[        ] C/C++: android.ndkVersion from module build.gradle is [28.2.13676358]
[        ] C/C++: android.ndkPath from module build.gradle is not set
[        ] C/C++: ndk.dir in local.properties is not set
[        ] C/C++: Not considering ANDROID_NDK_HOME because support was removed after deprecation period.
[        ] C/C++: sdkFolder is /Users/florian/Library/Android/sdk
[        ] C/C++: android.ndkVersion from module build.gradle is [28.2.13676358]
[        ] C/C++: android.ndkPath from module build.gradle is not set
[        ] C/C++: ndk.dir in local.properties is not set
[        ] C/C++: Not considering ANDROID_NDK_HOME because support was removed after deprecation period.
[        ] C/C++: sdkFolder is /Users/florian/Library/Android/sdk
[        ] C/C++: android.ndkVersion from module build.gradle is [28.2.13676358]
[        ] C/C++: android.ndkPath from module build.gradle is not set
[        ] C/C++: ndk.dir in local.properties is not set
[        ] C/C++: Not considering ANDROID_NDK_HOME because support was removed after deprecation period.
[        ] C/C++: sdkFolder is /Users/florian/Library/Android/sdk
[        ] C/C++: android.ndkVersion from module build.gradle is [28.2.13676358]
[        ] C/C++: android.ndkPath from module build.gradle is not set
[        ] C/C++: ndk.dir in local.properties is not set
[        ] C/C++: Not considering ANDROID_NDK_HOME because support was removed after deprecation period.
[        ] C/C++: sdkFolder is /Users/florian/Library/Android/sdk
[        ] > Configure project :
[        ] Evaluating root project 'android' using build file '/Users/florian/Code/substitution/android/build.gradle'.
[        ] > Configure project :connectivity_plus
[        ] Evaluating project ':connectivity_plus' using build file '/Users/florian/.pub-cache/hosted/pub.dev/connectivity_plus-5.0.2/android/build.gradle'.
[        ] Using default execution profile
[        ] > Configure project :emoji_picker_flutter
[        ] Evaluating project ':emoji_picker_flutter' using build file '/Users/florian/.pub-cache/hosted/pub.dev/emoji_picker_flutter-4.4.0/android/build.gradle'.
[        ] Using default execution profile
[        ] Using Kotlin Gradle Plugin gradle85 variant
[  +99 ms] > Configure project :file_selector_android
[        ] Evaluating project ':file_selector_android' using build file '/Users/florian/.pub-cache/hosted/pub.dev/file_selector_android-0.5.2+4/android/build.gradle'.
[        ] Using default execution profile
[        ] > Configure project :flutter_keyboard_visibility_temp_fork
[        ] Evaluating project ':flutter_keyboard_visibility_temp_fork' using build file '/Users/florian/.pub-cache/hosted/pub.dev/flutter_keyboard_visibility_temp_fork-0.1.5/android/build.gradle'.
[        ] Using default execution profile
[        ] > Configure project :flutter_native_splash
[        ] Evaluating project ':flutter_native_splash' using build file '/Users/florian/.pub-cache/hosted/pub.dev/flutter_native_splash-2.4.7/android/build.gradle'.
[        ] Using default execution profile
[        ] > Configure project :flutter_olm
[        ] Evaluating project ':flutter_olm' using build file '/Users/florian/.pub-cache/hosted/pub.dev/flutter_olm-2.0.0/android/build.gradle'.
[        ] Using default execution profile
[        ] Using Kotlin Gradle Plugin gradle85 variant
[        ] C/C++: android.ndkVersion from module build.gradle is [27.0.12077973]
[        ] C/C++: android.ndkPath from module build.gradle is not set
[        ] C/C++: ndk.dir in local.properties is not set
[        ] C/C++: Not considering ANDROID_NDK_HOME because support was removed after deprecation period.
[        ] C/C++: sdkFolder is /Users/florian/Library/Android/sdk
[        ] C/C++: android.ndkVersion from module build.gradle is [27.0.12077973]
[        ] C/C++: android.ndkPath from module build.gradle is not set
[        ] C/C++: ndk.dir in local.properties is not set
[        ] C/C++: Not considering ANDROID_NDK_HOME because support was removed after deprecation period.
[        ] C/C++: sdkFolder is /Users/florian/Library/Android/sdk
[        ] C/C++: android.ndkVersion from module build.gradle is [27.0.12077973]
[        ] C/C++: android.ndkPath from module build.gradle is not set
[        ] C/C++: ndk.dir in local.properties is not set
[        ] C/C++: Not considering ANDROID_NDK_HOME because support was removed after deprecation period.
[        ] C/C++: sdkFolder is /Users/florian/Library/Android/sdk
[        ] C/C++: android.ndkVersion from module build.gradle is [27.0.12077973]
[        ] C/C++: android.ndkPath from module build.gradle is not set
[        ] C/C++: ndk.dir in local.properties is not set
[        ] C/C++: Not considering ANDROID_NDK_HOME because support was removed after deprecation period.
[        ] C/C++: sdkFolder is /Users/florian/Library/Android/sdk
[        ] C/C++: android.ndkVersion from module build.gradle is [27.0.12077973]
[        ] C/C++: android.ndkPath from module build.gradle is not set
[        ] C/C++: ndk.dir in local.properties is not set
[        ] C/C++: Not considering ANDROID_NDK_HOME because support was removed after deprecation period.
[        ] C/C++: sdkFolder is /Users/florian/Library/Android/sdk
[        ] C/C++: android.ndkVersion from module build.gradle is [27.0.12077973]
[        ] C/C++: android.ndkPath from module build.gradle is not set
[        ] C/C++: ndk.dir in local.properties is not set
[        ] C/C++: Not considering ANDROID_NDK_HOME because support was removed after deprecation period.
[        ] C/C++: sdkFolder is /Users/florian/Library/Android/sdk
[        ] C/C++: android.ndkVersion from module build.gradle is [27.0.12077973]
[        ] C/C++: android.ndkPath from module build.gradle is not set
[        ] C/C++: ndk.dir in local.properties is not set
[        ] C/C++: Not considering ANDROID_NDK_HOME because support was removed after deprecation period.
[        ] C/C++: sdkFolder is /Users/florian/Library/Android/sdk
[        ] C/C++: android.ndkVersion from module build.gradle is [27.0.12077973]
[        ] C/C++: android.ndkPath from module build.gradle is not set
[        ] C/C++: ndk.dir in local.properties is not set
[        ] C/C++: Not considering ANDROID_NDK_HOME because support was removed after deprecation period.
[        ] C/C++: sdkFolder is /Users/florian/Library/Android/sdk
[        ] C/C++: android.ndkVersion from module build.gradle is [27.0.12077973]
[        ] C/C++: android.ndkPath from module build.gradle is not set
[        ] C/C++: ndk.dir in local.properties is not set
[        ] C/C++: Not considering ANDROID_NDK_HOME because support was removed after deprecation period.
[        ] C/C++: sdkFolder is /Users/florian/Library/Android/sdk
[        ] C/C++: android.ndkVersion from module build.gradle is [27.0.12077973]
[        ] C/C++: android.ndkPath from module build.gradle is not set
[        ] C/C++: ndk.dir in local.properties is not set
[        ] C/C++: Not considering ANDROID_NDK_HOME because support was removed after deprecation period.
[        ] C/C++: sdkFolder is /Users/florian/Library/Android/sdk
[        ] C/C++: android.ndkVersion from module build.gradle is [27.0.12077973]
[        ] C/C++: android.ndkPath from module build.gradle is not set
[        ] C/C++: ndk.dir in local.properties is not set
[        ] C/C++: Not considering ANDROID_NDK_HOME because support was removed after deprecation period.
[        ] C/C++: sdkFolder is /Users/florian/Library/Android/sdk
[        ] C/C++: android.ndkVersion from module build.gradle is [27.0.12077973]
[        ] C/C++: android.ndkPath from module build.gradle is not set
[        ] C/C++: ndk.dir in local.properties is not set
[        ] C/C++: Not considering ANDROID_NDK_HOME because support was removed after deprecation period.
[        ] C/C++: sdkFolder is /Users/florian/Library/Android/sdk
[        ] C/C++: android.ndkVersion from module build.gradle is [27.0.12077973]
[        ] C/C++: android.ndkPath from module build.gradle is not set
[        ] C/C++: ndk.dir in local.properties is not set
[        ] C/C++: Not considering ANDROID_NDK_HOME because support was removed after deprecation period.
[        ] C/C++: sdkFolder is /Users/florian/Library/Android/sdk
[        ] C/C++: android.ndkVersion from module build.gradle is [27.0.12077973]
[        ] C/C++: android.ndkPath from module build.gradle is not set
[        ] C/C++: ndk.dir in local.properties is not set
[        ] C/C++: Not considering ANDROID_NDK_HOME because support was removed after deprecation period.
[        ] C/C++: sdkFolder is /Users/florian/Library/Android/sdk
[        ] C/C++: android.ndkVersion from module build.gradle is [27.0.12077973]
[        ] C/C++: android.ndkPath from module build.gradle is not set
[        ] C/C++: ndk.dir in local.properties is not set
[        ] C/C++: Not considering ANDROID_NDK_HOME because support was removed after deprecation period.
[        ] C/C++: sdkFolder is /Users/florian/Library/Android/sdk
[        ] C/C++: android.ndkVersion from module build.gradle is [27.0.12077973]
[        ] C/C++: android.ndkPath from module build.gradle is not set
[        ] C/C++: ndk.dir in local.properties is not set
[        ] C/C++: Not considering ANDROID_NDK_HOME because support was removed after deprecation period.
[        ] C/C++: sdkFolder is /Users/florian/Library/Android/sdk
[        ] C/C++: android.ndkVersion from module build.gradle is [27.0.12077973]
[        ] C/C++: android.ndkPath from module build.gradle is not set
[        ] C/C++: ndk.dir in local.properties is not set
[        ] C/C++: Not considering ANDROID_NDK_HOME because support was removed after deprecation period.
[        ] C/C++: sdkFolder is /Users/florian/Library/Android/sdk
[        ] C/C++: android.ndkVersion from module build.gradle is [27.0.12077973]
[        ] C/C++: android.ndkPath from module build.gradle is not set
[        ] C/C++: ndk.dir in local.properties is not set
[        ] C/C++: Not considering ANDROID_NDK_HOME because support was removed after deprecation period.
[        ] C/C++: sdkFolder is /Users/florian/Library/Android/sdk
[        ] C/C++: android.ndkVersion from module build.gradle is [27.0.12077973]
[        ] C/C++: android.ndkPath from module build.gradle is not set
[        ] C/C++: ndk.dir in local.properties is not set
[        ] C/C++: Not considering ANDROID_NDK_HOME because support was removed after deprecation period.
[        ] C/C++: sdkFolder is /Users/florian/Library/Android/sdk
[        ] > Configure project :flutter_openssl_crypto
[        ] Evaluating project ':flutter_openssl_crypto' using build file '/Users/florian/.pub-cache/hosted/pub.dev/flutter_openssl_crypto-0.5.0/android/build.gradle'.
[        ] Using default execution profile
[        ] Using Kotlin Gradle Plugin gradle85 variant
[        ] C/C++: android.ndkVersion from module build.gradle is [27.0.12077973]
[        ] C/C++: android.ndkPath from module build.gradle is not set
[        ] C/C++: ndk.dir in local.properties is not set
[        ] C/C++: Not considering ANDROID_NDK_HOME because support was removed after deprecation period.
[        ] C/C++: sdkFolder is /Users/florian/Library/Android/sdk
[        ] C/C++: android.ndkVersion from module build.gradle is [27.0.12077973]
[        ] C/C++: android.ndkPath from module build.gradle is not set
[        ] C/C++: ndk.dir in local.properties is not set
[        ] C/C++: Not considering ANDROID_NDK_HOME because support was removed after deprecation period.
[        ] C/C++: sdkFolder is /Users/florian/Library/Android/sdk
[        ] C/C++: android.ndkVersion from module build.gradle is [27.0.12077973]
[        ] C/C++: android.ndkPath from module build.gradle is not set
[        ] C/C++: ndk.dir in local.properties is not set
[        ] C/C++: Not considering ANDROID_NDK_HOME because support was removed after deprecation period.
[        ] C/C++: sdkFolder is /Users/florian/Library/Android/sdk
[        ] C/C++: android.ndkVersion from module build.gradle is [27.0.12077973]
[        ] C/C++: android.ndkPath from module build.gradle is not set
[        ] C/C++: ndk.dir in local.properties is not set
[        ] C/C++: Not considering ANDROID_NDK_HOME because support was removed after deprecation period.
[        ] C/C++: sdkFolder is /Users/florian/Library/Android/sdk
[        ] C/C++: android.ndkVersion from module build.gradle is [27.0.12077973]
[        ] C/C++: android.ndkPath from module build.gradle is not set
[        ] C/C++: ndk.dir in local.properties is not set
[        ] C/C++: Not considering ANDROID_NDK_HOME because support was removed after deprecation period.
[        ] C/C++: sdkFolder is /Users/florian/Library/Android/sdk
[        ] C/C++: android.ndkVersion from module build.gradle is [27.0.12077973]
[        ] C/C++: android.ndkPath from module build.gradle is not set
[        ] C/C++: ndk.dir in local.properties is not set
[        ] C/C++: Not considering ANDROID_NDK_HOME because support was removed after deprecation period.
[        ] C/C++: sdkFolder is /Users/florian/Library/Android/sdk
[        ] C/C++: android.ndkVersion from module build.gradle is [27.0.12077973]
[        ] C/C++: android.ndkPath from module build.gradle is not set
[        ] C/C++: ndk.dir in local.properties is not set
[        ] C/C++: Not considering ANDROID_NDK_HOME because support was removed after deprecation period.
[        ] C/C++: sdkFolder is /Users/florian/Library/Android/sdk
[        ] C/C++: android.ndkVersion from module build.gradle is [27.0.12077973]
[        ] C/C++: android.ndkPath from module build.gradle is not set
[        ] C/C++: ndk.dir in local.properties is not set
[        ] C/C++: Not considering ANDROID_NDK_HOME because support was removed after deprecation period.
[        ] C/C++: sdkFolder is /Users/florian/Library/Android/sdk
[        ] C/C++: android.ndkVersion from module build.gradle is [27.0.12077973]
[        ] C/C++: android.ndkPath from module build.gradle is not set
[        ] C/C++: ndk.dir in local.properties is not set
[        ] C/C++: Not considering ANDROID_NDK_HOME because support was removed after deprecation period.
[        ] C/C++: sdkFolder is /Users/florian/Library/Android/sdk
[        ] C/C++: android.ndkVersion from module build.gradle is [27.0.12077973]
[        ] C/C++: android.ndkPath from module build.gradle is not set
[        ] C/C++: ndk.dir in local.properties is not set
[        ] C/C++: Not considering ANDROID_NDK_HOME because support was removed after deprecation period.
[        ] C/C++: sdkFolder is /Users/florian/Library/Android/sdk
[        ] C/C++: android.ndkVersion from module build.gradle is [27.0.12077973]
[        ] C/C++: android.ndkPath from module build.gradle is not set
[        ] C/C++: ndk.dir in local.properties is not set
[        ] C/C++: Not considering ANDROID_NDK_HOME because support was removed after deprecation period.
[        ] C/C++: sdkFolder is /Users/florian/Library/Android/sdk
[        ] C/C++: android.ndkVersion from module build.gradle is [27.0.12077973]
[        ] C/C++: android.ndkPath from module build.gradle is not set
[        ] C/C++: ndk.dir in local.properties is not set
[        ] C/C++: Not considering ANDROID_NDK_HOME because support was removed after deprecation period.
[        ] C/C++: sdkFolder is /Users/florian/Library/Android/sdk
[        ] C/C++: android.ndkVersion from module build.gradle is [27.0.12077973]
[        ] C/C++: android.ndkPath from module build.gradle is not set
[        ] C/C++: ndk.dir in local.properties is not set
[        ] C/C++: Not considering ANDROID_NDK_HOME because support was removed after deprecation period.
[        ] C/C++: sdkFolder is /Users/florian/Library/Android/sdk
[        ] C/C++: android.ndkVersion from module build.gradle is [27.0.12077973]
[        ] C/C++: android.ndkPath from module build.gradle is not set
[        ] C/C++: ndk.dir in local.properties is not set
[        ] C/C++: Not considering ANDROID_NDK_HOME because support was removed after deprecation period.
[        ] C/C++: sdkFolder is /Users/florian/Library/Android/sdk
[        ] C/C++: android.ndkVersion from module build.gradle is [27.0.12077973]
[        ] C/C++: android.ndkPath from module build.gradle is not set
[        ] C/C++: ndk.dir in local.properties is not set
[        ] C/C++: Not considering ANDROID_NDK_HOME because support was removed after deprecation period.
[        ] C/C++: sdkFolder is /Users/florian/Library/Android/sdk
[        ] C/C++: android.ndkVersion from module build.gradle is [27.0.12077973]
[        ] C/C++: android.ndkPath from module build.gradle is not set
[        ] C/C++: ndk.dir in local.properties is not set
[        ] C/C++: Not considering ANDROID_NDK_HOME because support was removed after deprecation period.
[        ] C/C++: sdkFolder is /Users/florian/Library/Android/sdk
[        ] C/C++: android.ndkVersion from module build.gradle is [27.0.12077973]
[        ] C/C++: android.ndkPath from module build.gradle is not set
[        ] C/C++: ndk.dir in local.properties is not set
[        ] C/C++: Not considering ANDROID_NDK_HOME because support was removed after deprecation period.
[        ] C/C++: sdkFolder is /Users/florian/Library/Android/sdk
[        ] C/C++: android.ndkVersion from module build.gradle is [27.0.12077973]
[        ] C/C++: android.ndkPath from module build.gradle is not set
[        ] C/C++: ndk.dir in local.properties is not set
[        ] C/C++: Not considering ANDROID_NDK_HOME because support was removed after deprecation period.
[        ] C/C++: sdkFolder is /Users/florian/Library/Android/sdk
[        ] C/C++: android.ndkVersion from module build.gradle is [27.0.12077973]
[        ] C/C++: android.ndkPath from module build.gradle is not set
[        ] C/C++: ndk.dir in local.properties is not set
[        ] C/C++: Not considering ANDROID_NDK_HOME because support was removed after deprecation period.
[        ] C/C++: sdkFolder is /Users/florian/Library/Android/sdk
[  +95 ms] > Configure project :integration_test
[        ] Evaluating project ':integration_test' using build file '/opt/homebrew/share/flutter/packages/integration_test/android/build.gradle.kts'.
[        ] Resolved plugin [id: 'com.android.library']
[        ] Using default execution profile
[        ] > Configure project :path_provider_android
[        ] Evaluating project ':path_provider_android' using build file '/Users/florian/.pub-cache/hosted/pub.dev/path_provider_android-2.2.22/android/build.gradle'.
[        ] Using default execution profile
[        ] > Configure project :quill_native_bridge_android
[        ] Evaluating project ':quill_native_bridge_android' using build file '/Users/florian/.pub-cache/hosted/pub.dev/quill_native_bridge_android-0.0.1+2/android/build.gradle'.
[        ] Using default execution profile
[        ] Using Kotlin Gradle Plugin gradle85 variant
[        ] > Configure project :shared_preferences_android
[        ] Evaluating project ':shared_preferences_android' using build file '/Users/florian/.pub-cache/hosted/pub.dev/shared_preferences_android-2.4.20/android/build.gradle'.
[        ] Using default execution profile
[        ] Using Kotlin Gradle Plugin gradle85 variant
[        ] > Configure project :sqflite_android
[        ] Evaluating project ':sqflite_android' using build file '/Users/florian/.pub-cache/hosted/pub.dev/sqflite_android-2.4.2+2/android/build.gradle'.
[        ] Using default execution profile
[        ] > Configure project :url_launcher_android
[        ] Evaluating project ':url_launcher_android' using build file '/Users/florian/.pub-cache/hosted/pub.dev/url_launcher_android-6.3.28/android/build.gradle'.
[        ] Using default execution profile
[  +92 ms] > Configure project :video_player_android
[        ] Evaluating project ':video_player_android' using build file '/Users/florian/.pub-cache/hosted/pub.dev/video_player_android-2.9.1/android/build.gradle'.
[        ] Using default execution profile
[        ] Using Kotlin Gradle Plugin gradle85 variant
[        ] All projects evaluated.
[        ] Task name matched 'assembleDebug'
[        ] Selected primary task 'assembleDebug' from project :
[        ] Adding -Xuse-inline-scopes-numbers Kotlin compiler flag for task :app:compileDebugKotlin
[   +2 ms] Tasks to be executed: [task ':app:preBuild', task ':app:preDebugBuild', task ':app:mergeDebugNativeDebugMetadata', task ':app:checkKotlinGradlePluginConfigurationErrors', task ':app:compileFlutterBuildDebug', task ':app:packJniLibsflutterBuildDebug', task ':connectivity_plus:preBuild', task ':connectivity_plus:preDebugBuild', task ':connectivity_plus:writeDebugAarMetadata', task ':emoji_picker_flutter:preBuild', task ':emoji_picker_flutter:preDebugBuild', task ':emoji_picker_flutter:writeDebugAarMetadata', task ':file_selector_android:preBuild', task ':file_selector_android:preDebugBuild', task ':file_selector_android:writeDebugAarMetadata', task ':flutter_keyboard_visibility_temp_fork:preBuild', task ':flutter_keyboard_visibility_temp_fork:preDebugBuild', task ':flutter_keyboard_visibility_temp_fork:writeDebugAarMetadata', task ':flutter_native_splash:preBuild', task ':flutter_native_splash:preDebugBuild', task ':flutter_native_splash:writeDebugAarMetadata', task ':flutter_olm:preBuild', task ':flutter_olm:preDebugBuild', task ':flutter_olm:writeDebugAarMetadata', task ':flutter_openssl_crypto:preBuild', task ':flutter_openssl_crypto:preDebugBuild', task ':flutter_openssl_crypto:writeDebugAarMetadata', task ':integration_test:preBuild', task ':integration_test:preDebugBuild', task ':integration_test:writeDebugAarMetadata', task ':path_provider_android:preBuild', task ':path_provider_android:preDebugBuild', task ':path_provider_android:writeDebugAarMetadata', task ':quill_native_bridge_android:preBuild', task ':quill_native_bridge_android:preDebugBuild', task ':quill_native_bridge_android:writeDebugAarMetadata', task ':shared_preferences_android:preBuild', task ':shared_preferences_android:preDebugBuild', task ':shared_preferences_android:writeDebugAarMetadata', task ':sqflite_android:preBuild', task ':sqflite_android:preDebugBuild', task ':sqflite_android:writeDebugAarMetadata', task ':url_launcher_android:preBuild', task ':url_launcher_android:preDebugBuild', task ':url_launcher_android:writeDebugAarMetadata', task ':video_player_android:preBuild', task ':video_player_android:preDebugBuild', task ':video_player_android:writeDebugAarMetadata', task ':app:checkDebugAarMetadata', task ':app:cleanMergeDebugAssets', task ':app:mergeDebugShaders', task ':app:compileDebugShaders', task ':app:generateDebugAssets', task ':connectivity_plus:mergeDebugShaders', task ':connectivity_plus:compileDebugShaders', task ':connectivity_plus:generateDebugAssets', task ':connectivity_plus:mergeDebugAssets', task ':emoji_picker_flutter:mergeDebugShaders', task ':emoji_picker_flutter:compileDebugShaders', task ':emoji_picker_flutter:generateDebugAssets', task ':emoji_picker_flutter:mergeDebugAssets', task ':file_selector_android:mergeDebugShaders', task ':file_selector_android:compileDebugShaders', task ':file_selector_android:generateDebugAssets', task ':file_selector_android:mergeDebugAssets', task ':flutter_keyboard_visibility_temp_fork:mergeDebugShaders', task ':flutter_keyboard_visibility_temp_fork:compileDebugShaders', task ':flutter_keyboard_visibility_temp_fork:generateDebugAssets', task ':flutter_keyboard_visibility_temp_fork:mergeDebugAssets', task ':flutter_native_splash:mergeDebugShaders', task ':flutter_native_splash:compileDebugShaders', task ':flutter_native_splash:generateDebugAssets', task ':flutter_native_splash:mergeDebugAssets', task ':flutter_olm:mergeDebugShaders', task ':flutter_olm:compileDebugShaders', task ':flutter_olm:generateDebugAssets', task ':flutter_olm:mergeDebugAssets', task ':flutter_openssl_crypto:mergeDebugShaders', task ':flutter_openssl_crypto:compileDebugShaders', task ':flutter_openssl_crypto:generateDebugAssets', task ':flutter_openssl_crypto:mergeDebugAssets', task ':integration_test:mergeDebugShaders', task ':integration_test:compileDebugShaders', task ':integration_test:generateDebugAssets', task ':integration_test:mergeDebugAssets', task ':path_provider_android:mergeDebugShaders', task ':path_provider_android:compileDebugShaders', task ':path_provider_android:generateDebugAssets', task ':path_provider_android:mergeDebugAssets', task ':quill_native_bridge_android:mergeDebugShaders', task ':quill_native_bridge_android:compileDebugShaders', task ':quill_native_bridge_android:generateDebugAssets', task ':quill_native_bridge_android:mergeDebugAssets', task ':shared_preferences_android:mergeDebugShaders', task ':shared_preferences_android:compileDebugShaders', task ':shared_preferences_android:generateDebugAssets', task ':shared_preferences_android:mergeDebugAssets', task ':sqflite_android:mergeDebugShaders', task ':sqflite_android:compileDebugShaders', task ':sqflite_android:generateDebugAssets', task ':sqflite_android:mergeDebugAssets', task ':url_launcher_android:mergeDebugShaders', task ':url_launcher_android:compileDebugShaders', task ':url_launcher_android:generateDebugAssets', task ':url_launcher_android:mergeDebugAssets', task ':video_player_android:mergeDebugShaders', task ':video_player_android:compileDebugShaders', task ':video_player_android:generateDebugAssets', task ':video_player_android:mergeDebugAssets', task ':app:mergeDebugAssets', task ':app:copyFlutterAssetsDebug', task ':app:generateDebugResValues', task ':connectivity_plus:generateDebugResValues', task ':connectivity_plus:generateDebugResources', task ':connectivity_plus:packageDebugResources', task ':emoji_picker_flutter:generateDebugResValues', task ':emoji_picker_flutter:generateDebugResources', task ':emoji_picker_flutter:packageDebugResources', task ':file_selector_android:generateDebugResValues', task ':file_selector_android:generateDebugResources', task ':file_selector_android:packageDebugResources', task ':flutter_keyboard_visibility_temp_fork:generateDebugResValues', task ':flutter_keyboard_visibility_temp_fork:generateDebugResources', task ':flutter_keyboard_visibility_temp_fork:packageDebugResources', task ':flutter_native_splash:generateDebugResValues', task ':flutter_native_splash:generateDebugResources', task ':flutter_native_splash:packageDebugResources', task ':flutter_olm:generateDebugResValues', task ':flutter_olm:generateDebugResources', task ':flutter_olm:packageDebugResources', task ':flutter_openssl_crypto:generateDebugResValues', task ':flutter_openssl_crypto:generateDebugResources', task ':flutter_openssl_crypto:packageDebugResources', task ':integration_test:generateDebugResValues', task ':integration_test:generateDebugResources', task ':integration_test:packageDebugResources', task ':path_provider_android:generateDebugResValues', task ':path_provider_android:generateDebugResources', task ':path_provider_android:packageDebugResources', task ':quill_native_bridge_android:generateDebugResValues', task ':quill_native_bridge_android:generateDebugResources', task ':quill_native_bridge_android:packageDebugResources', task ':shared_preferences_android:generateDebugResValues', task ':shared_preferences_android:generateDebugResources', task ':shared_preferences_android:packageDebugResources', task ':sqflite_android:generateDebugResValues', task ':sqflite_android:generateDebugResources', task ':sqflite_android:packageDebugResources', task ':url_launcher_android:generateDebugResValues', task ':url_launcher_android:generateDebugResources', task ':url_launcher_android:packageDebugResources', task ':video_player_android:generateDebugResValues', task ':video_player_android:generateDebugResources', task ':video_player_android:packageDebugResources', task ':app:mapDebugSourceSetPaths', task ':app:generateDebugResources', task ':app:mergeDebugResources', task ':app:packageDebugResources', task ':app:parseDebugLocalResources', task ':app:createDebugCompatibleScreenManifests', task ':app:extractDeepLinksDebug', task ':connectivity_plus:extractDeepLinksDebug', task ':connectivity_plus:processDebugManifest', task ':emoji_picker_flutter:extractDeepLinksDebug', task ':emoji_picker_flutter:processDebugManifest', task ':file_selector_android:extractDeepLinksDebug', task ':file_selector_android:processDebugManifest', task ':flutter_keyboard_visibility_temp_fork:extractDeepLinksDebug', task ':flutter_keyboard_visibility_temp_fork:processDebugManifest', task ':flutter_native_splash:extractDeepLinksDebug', task ':flutter_native_splash:processDebugManifest', task ':flutter_olm:extractDeepLinksDebug', task ':flutter_olm:processDebugManifest', task ':flutter_openssl_crypto:extractDeepLinksDebug', task ':flutter_openssl_crypto:processDebugManifest', task ':integration_test:extractDeepLinksDebug', task ':integration_test:processDebugManifest', task ':path_provider_android:extractDeepLinksDebug', task ':path_provider_android:processDebugManifest', task ':quill_native_bridge_android:extractDeepLinksDebug', task ':quill_native_bridge_android:processDebugManifest', task ':shared_preferences_android:extractDeepLinksDebug', task ':shared_preferences_android:processDebugManifest', task ':sqflite_android:extractDeepLinksDebug', task ':sqflite_android:processDebugManifest', task ':url_launcher_android:extractDeepLinksDebug', task ':url_launcher_android:processDebugManifest', task ':video_player_android:extractDeepLinksDebug', task ':video_player_android:processDebugManifest', task ':app:processDebugMainManifest', task ':app:outputDebugAppLinkSettings', task ':app:processDebugManifest', task ':app:processDebugManifestForPackage', task ':connectivity_plus:compileDebugLibraryResources', task ':connectivity_plus:parseDebugLocalResources', task ':connectivity_plus:generateDebugRFile', task ':emoji_picker_flutter:compileDebugLibraryResources', task ':emoji_picker_flutter:parseDebugLocalResources', task ':emoji_picker_flutter:generateDebugRFile', task ':file_selector_android:compileDebugLibraryResources', task ':file_selector_android:parseDebugLocalResources', task ':file_selector_android:generateDebugRFile', task ':flutter_keyboard_visibility_temp_fork:compileDebugLibraryResources', task ':flutter_keyboard_visibility_temp_fork:parseDebugLocalResources', task ':flutter_keyboard_visibility_temp_fork:generateDebugRFile', task ':flutter_native_splash:compileDebugLibraryResources', task ':flutter_native_splash:parseDebugLocalResources', task ':flutter_native_splash:generateDebugRFile', task ':flutter_olm:compileDebugLibraryResources', task ':flutter_olm:parseDebugLocalResources', task ':flutter_olm:generateDebugRFile', task ':flutter_openssl_crypto:compileDebugLibraryResources', task ':flutter_openssl_crypto:parseDebugLocalResources', task ':flutter_openssl_crypto:generateDebugRFile', task ':integration_test:compileDebugLibraryResources', task ':integration_test:parseDebugLocalResources', task ':integration_test:generateDebugRFile', task ':path_provider_android:compileDebugLibraryResources', task ':path_provider_android:parseDebugLocalResources', task ':path_provider_android:generateDebugRFile', task ':quill_native_bridge_android:compileDebugLibraryResources', task ':quill_native_bridge_android:parseDebugLocalResources', task ':quill_native_bridge_android:generateDebugRFile', task ':shared_preferences_android:compileDebugLibraryResources', task ':shared_preferences_android:parseDebugLocalResources', task ':shared_preferences_android:generateDebugRFile', task ':sqflite_android:compileDebugLibraryResources', task ':sqflite_android:parseDebugLocalResources', task ':sqflite_android:generateDebugRFile', task ':url_launcher_android:compileDebugLibraryResources', task ':url_launcher_android:parseDebugLocalResources', task ':url_launcher_android:generateDebugRFile', task ':video_player_android:compileDebugLibraryResources', task ':video_player_android:parseDebugLocalResources', task ':video_player_android:generateDebugRFile', task ':app:processDebugResources', task ':connectivity_plus:javaPreCompileDebug', task ':connectivity_plus:compileDebugJavaWithJavac', task ':connectivity_plus:bundleLibCompileToJarDebug', task ':emoji_picker_flutter:checkKotlinGradlePluginConfigurationErrors', task ':emoji_picker_flutter:compileDebugKotlin', task ':emoji_picker_flutter:javaPreCompileDebug', task ':emoji_picker_flutter:compileDebugJavaWithJavac', task ':emoji_picker_flutter:bundleLibCompileToJarDebug', task ':file_selector_android:javaPreCompileDebug', task ':file_selector_android:compileDebugJavaWithJavac', task ':file_selector_android:bundleLibCompileToJarDebug', task ':flutter_keyboard_visibility_temp_fork:javaPreCompileDebug', task ':flutter_keyboard_visibility_temp_fork:compileDebugJavaWithJavac', task ':flutter_keyboard_visibility_temp_fork:bundleLibCompileToJarDebug', task ':flutter_native_splash:javaPreCompileDebug', task ':flutter_native_splash:compileDebugJavaWithJavac', task ':flutter_native_splash:bundleLibCompileToJarDebug', task ':flutter_olm:checkKotlinGradlePluginConfigurationErrors', task ':flutter_olm:compileDebugKotlin', task ':flutter_olm:javaPreCompileDebug', task ':flutter_olm:compileDebugJavaWithJavac', task ':flutter_olm:bundleLibCompileToJarDebug', task ':flutter_openssl_crypto:checkKotlinGradlePluginConfigurationErrors', task ':flutter_openssl_crypto:compileDebugKotlin', task ':flutter_openssl_crypto:javaPreCompileDebug', task ':flutter_openssl_crypto:compileDebugJavaWithJavac', task ':flutter_openssl_crypto:bundleLibCompileToJarDebug', task ':integration_test:javaPreCompileDebug', task ':integration_test:compileDebugJavaWithJavac', task ':integration_test:bundleLibCompileToJarDebug', task ':path_provider_android:javaPreCompileDebug', task ':path_provider_android:compileDebugJavaWithJavac', task ':path_provider_android:bundleLibCompileToJarDebug', task ':quill_native_bridge_android:checkKotlinGradlePluginConfigurationErrors', task ':quill_native_bridge_android:compileDebugKotlin', task ':quill_native_bridge_android:javaPreCompileDebug', task ':quill_native_bridge_android:compileDebugJavaWithJavac', task ':quill_native_bridge_android:bundleLibCompileToJarDebug', task ':shared_preferences_android:checkKotlinGradlePluginConfigurationErrors', task ':shared_preferences_android:compileDebugKotlin', task ':shared_preferences_android:javaPreCompileDebug', task ':shared_preferences_android:compileDebugJavaWithJavac', task ':shared_preferences_android:bundleLibCompileToJarDebug', task ':sqflite_android:javaPreCompileDebug', task ':sqflite_android:compileDebugJavaWithJavac', task ':sqflite_android:bundleLibCompileToJarDebug', task ':url_launcher_android:generateDebugBuildConfig', task ':url_launcher_android:javaPreCompileDebug', task ':url_launcher_android:compileDebugJavaWithJavac', task ':url_launcher_android:bundleLibCompileToJarDebug', task ':video_player_android:checkKotlinGradlePluginConfigurationErrors', task ':video_player_android:compileDebugKotlin', task ':video_player_android:javaPreCompileDebug', task ':video_player_android:compileDebugJavaWithJavac', task ':video_player_android:bundleLibCompileToJarDebug', task ':app:compileDebugKotlin', task ':app:javaPreCompileDebug', task ':app:compileDebugJavaWithJavac', task ':app:compressDebugAssets', task ':app:processDebugJavaRes', task ':connectivity_plus:processDebugJavaRes', task ':emoji_picker_flutter:processDebugJavaRes', task ':file_selector_android:processDebugJavaRes', task ':flutter_keyboard_visibility_temp_fork:processDebugJavaRes', task ':flutter_native_splash:processDebugJavaRes', task ':flutter_olm:processDebugJavaRes', task ':flutter_openssl_crypto:processDebugJavaRes', task ':integration_test:processDebugJavaRes', task ':path_provider_android:processDebugJavaRes', task ':quill_native_bridge_android:processDebugJavaRes', task ':shared_preferences_android:processDebugJavaRes', task ':sqflite_android:processDebugJavaRes', task ':url_launcher_android:processDebugJavaRes', task ':video_player_android:processDebugJavaRes', task ':app:mergeDebugJavaResource', task ':app:checkDebugDuplicateClasses', task ':app:desugarDebugFileDependencies', task ':app:mergeExtDexDebug', task ':connectivity_plus:bundleLibRuntimeToDirDebug', task ':emoji_picker_flutter:bundleLibRuntimeToDirDebug', task ':file_selector_android:bundleLibRuntimeToDirDebug', task ':flutter_keyboard_visibility_temp_fork:bundleLibRuntimeToDirDebug', task ':flutter_native_splash:bundleLibRuntimeToDirDebug', task ':flutter_olm:bundleLibRuntimeToDirDebug', task ':flutter_openssl_crypto:bundleLibRuntimeToDirDebug', task ':integration_test:bundleLibRuntimeToDirDebug', task ':path_provider_android:bundleLibRuntimeToDirDebug', task ':quill_native_bridge_android:bundleLibRuntimeToDirDebug', task ':shared_preferences_android:bundleLibRuntimeToDirDebug', task ':sqflite_android:bundleLibRuntimeToDirDebug', task ':url_launcher_android:bundleLibRuntimeToDirDebug', task ':video_player_android:bundleLibRuntimeToDirDebug', task ':app:mergeLibDexDebug', task ':app:dexBuilderDebug', task ':app:mergeProjectDexDebug', task ':app:configureCMakeDebug[arm64-v8a]', task ':app:buildCMakeDebug[arm64-v8a]', task ':app:configureCMakeDebug[armeabi-v7a]', task ':app:buildCMakeDebug[armeabi-v7a]', task ':app:configureCMakeDebug[x86_64]', task ':app:buildCMakeDebug[x86_64]', task ':app:mergeDebugJniLibFolders', task ':connectivity_plus:mergeDebugJniLibFolders', task ':connectivity_plus:mergeDebugNativeLibs', task ':connectivity_plus:copyDebugJniLibsProjectOnly', task ':emoji_picker_flutter:mergeDebugJniLibFolders', task ':emoji_picker_flutter:mergeDebugNativeLibs', task ':emoji_picker_flutter:copyDebugJniLibsProjectOnly', task ':file_selector_android:mergeDebugJniLibFolders', task ':file_selector_android:mergeDebugNativeLibs', task ':file_selector_android:copyDebugJniLibsProjectOnly', task ':flutter_keyboard_visibility_temp_fork:mergeDebugJniLibFolders', task ':flutter_keyboard_visibility_temp_fork:mergeDebugNativeLibs', task ':flutter_keyboard_visibility_temp_fork:copyDebugJniLibsProjectOnly', task ':flutter_native_splash:mergeDebugJniLibFolders', task ':flutter_native_splash:mergeDebugNativeLibs', task ':flutter_native_splash:copyDebugJniLibsProjectOnly', task ':flutter_olm:preProfileBuild', task ':flutter_olm:configureCMakeDebug[arm64-v8a]', task ':flutter_olm:buildCMakeDebug[arm64-v8a]', task ':flutter_olm:configureCMakeDebug[armeabi-v7a]', task ':flutter_olm:buildCMakeDebug[armeabi-v7a]', task ':flutter_olm:configureCMakeDebug[x86]', task ':flutter_olm:buildCMakeDebug[x86]', task ':flutter_olm:configureCMakeDebug[x86_64]', task ':flutter_olm:buildCMakeDebug[x86_64]', task ':flutter_olm:mergeDebugJniLibFolders', task ':flutter_olm:mergeDebugNativeLibs', task ':flutter_olm:copyDebugJniLibsProjectOnly', task ':flutter_openssl_crypto:preProfileBuild', task ':flutter_openssl_crypto:configureCMakeDebug[arm64-v8a]', task ':flutter_openssl_crypto:buildCMakeDebug[arm64-v8a]', task ':flutter_openssl_crypto:configureCMakeDebug[armeabi-v7a]', task ':flutter_openssl_crypto:buildCMakeDebug[armeabi-v7a]', task ':flutter_openssl_crypto:configureCMakeDebug[x86]', task ':flutter_openssl_crypto:buildCMakeDebug[x86]', task ':flutter_openssl_crypto:configureCMakeDebug[x86_64]', task ':flutter_openssl_crypto:buildCMakeDebug[x86_64]', task ':flutter_openssl_crypto:mergeDebugJniLibFolders', task ':flutter_openssl_crypto:mergeDebugNativeLibs', task ':flutter_openssl_crypto:copyDebugJniLibsProjectOnly', task ':integration_test:mergeDebugJniLibFolders', task ':integration_test:mergeDebugNativeLibs', task ':integration_test:copyDebugJniLibsProjectOnly', task ':path_provider_android:mergeDebugJniLibFolders', task ':path_provider_android:mergeDebugNativeLibs', task ':path_provider_android:copyDebugJniLibsProjectOnly', task ':quill_native_bridge_android:mergeDebugJniLibFolders', task ':quill_native_bridge_android:mergeDebugNativeLibs', task ':quill_native_bridge_android:copyDebugJniLibsProjectOnly', task ':shared_preferences_android:mergeDebugJniLibFolders', task ':shared_preferences_android:mergeDebugNativeLibs', task ':shared_preferences_android:copyDebugJniLibsProjectOnly', task ':sqflite_android:mergeDebugJniLibFolders', task ':sqflite_android:mergeDebugNativeLibs', task ':sqflite_android:copyDebugJniLibsProjectOnly', task ':url_launcher_android:mergeDebugJniLibFolders', task ':url_launcher_android:mergeDebugNativeLibs', task ':url_launcher_android:copyDebugJniLibsProjectOnly', task ':video_player_android:mergeDebugJniLibFolders', task ':video_player_android:mergeDebugNativeLibs', task ':video_player_android:copyDebugJniLibsProjectOnly', task ':app:mergeDebugNativeLibs', task ':app:stripDebugDebugSymbols', task ':app:validateSigningDebug', task ':app:writeDebugAppMetadata', task ':app:writeDebugSigningConfigVersions', task ':app:packageDebug', task ':app:createDebugApkListingFileRedirect', task ':app:assembleDebug', task ':connectivity_plus:stripDebugDebugSymbols', task ':connectivity_plus:copyDebugJniLibsProjectAndLocalJars', task ':connectivity_plus:extractDebugAnnotations', task ':connectivity_plus:extractDeepLinksForAarDebug', task ':connectivity_plus:mergeDebugGeneratedProguardFiles', task ':connectivity_plus:mergeDebugConsumerProguardFiles', task ':connectivity_plus:prepareDebugArtProfile', task ':connectivity_plus:prepareLintJarForPublish', task ':connectivity_plus:mergeDebugJavaResource', task ':connectivity_plus:syncDebugLibJars', task ':connectivity_plus:bundleDebugAar', task ':connectivity_plus:assembleDebug', task ':emoji_picker_flutter:stripDebugDebugSymbols', task ':emoji_picker_flutter:copyDebugJniLibsProjectAndLocalJars', task ':emoji_picker_flutter:extractDebugAnnotations', task ':emoji_picker_flutter:extractDeepLinksForAarDebug', task ':emoji_picker_flutter:mergeDebugGeneratedProguardFiles', task ':emoji_picker_flutter:mergeDebugConsumerProguardFiles', task ':emoji_picker_flutter:prepareDebugArtProfile', task ':emoji_picker_flutter:prepareLintJarForPublish', task ':emoji_picker_flutter:mergeDebugJavaResource', task ':emoji_picker_flutter:syncDebugLibJars', task ':emoji_picker_flutter:bundleDebugAar', task ':emoji_picker_flutter:assembleDebug', task ':file_selector_android:stripDebugDebugSymbols', task ':file_selector_android:copyDebugJniLibsProjectAndLocalJars', task ':file_selector_android:extractDebugAnnotations', task ':file_selector_android:extractDeepLinksForAarDebug', task ':file_selector_android:mergeDebugGeneratedProguardFiles', task ':file_selector_android:mergeDebugConsumerProguardFiles', task ':file_selector_android:prepareDebugArtProfile', task ':file_selector_android:prepareLintJarForPublish', task ':file_selector_android:mergeDebugJavaResource', task ':file_selector_android:syncDebugLibJars', task ':file_selector_android:bundleDebugAar', task ':file_selector_android:assembleDebug', task ':flutter_keyboard_visibility_temp_fork:stripDebugDebugSymbols', task ':flutter_keyboard_visibility_temp_fork:copyDebugJniLibsProjectAndLocalJars', task ':flutter_keyboard_visibility_temp_fork:extractDebugAnnotations', task ':flutter_keyboard_visibility_temp_fork:extractDeepLinksForAarDebug', task ':flutter_keyboard_visibility_temp_fork:mergeDebugGeneratedProguardFiles', task ':flutter_keyboard_visibility_temp_fork:mergeDebugConsumerProguardFiles', task ':flutter_keyboard_visibility_temp_fork:prepareDebugArtProfile', task ':flutter_keyboard_visibility_temp_fork:prepareLintJarForPublish', task ':flutter_keyboard_visibility_temp_fork:mergeDebugJavaResource', task ':flutter_keyboard_visibility_temp_fork:syncDebugLibJars', task ':flutter_keyboard_visibility_temp_fork:bundleDebugAar', task ':flutter_keyboard_visibility_temp_fork:assembleDebug', task ':flutter_native_splash:stripDebugDebugSymbols', task ':flutter_native_splash:copyDebugJniLibsProjectAndLocalJars', task ':flutter_native_splash:extractDebugAnnotations', task ':flutter_native_splash:extractDeepLinksForAarDebug', task ':flutter_native_splash:mergeDebugGeneratedProguardFiles', task ':flutter_native_splash:mergeDebugConsumerProguardFiles', task ':flutter_native_splash:prepareDebugArtProfile', task ':flutter_native_splash:prepareLintJarForPublish', task ':flutter_native_splash:mergeDebugJavaResource', task ':flutter_native_splash:syncDebugLibJars', task ':flutter_native_splash:bundleDebugAar', task ':flutter_native_splash:assembleDebug', task ':flutter_olm:stripDebugDebugSymbols', task ':flutter_olm:copyDebugJniLibsProjectAndLocalJars', task ':flutter_olm:extractDebugAnnotations', task ':flutter_olm:extractDeepLinksForAarDebug', task ':flutter_olm:mergeDebugGeneratedProguardFiles', task ':flutter_olm:mergeDebugConsumerProguardFiles', task ':flutter_olm:prepareDebugArtProfile', task ':flutter_olm:prepareLintJarForPublish', task ':flutter_olm:mergeDebugJavaResource', task ':flutter_olm:syncDebugLibJars', task ':flutter_olm:bundleDebugAar', task ':flutter_olm:assembleDebug', task ':flutter_openssl_crypto:stripDebugDebugSymbols', task ':flutter_openssl_crypto:copyDebugJniLibsProjectAndLocalJars', task ':flutter_openssl_crypto:extractDebugAnnotations', task ':flutter_openssl_crypto:extractDeepLinksForAarDebug', task ':flutter_openssl_crypto:mergeDebugGeneratedProguardFiles', task ':flutter_openssl_crypto:mergeDebugConsumerProguardFiles', task ':flutter_openssl_crypto:prepareDebugArtProfile', task ':flutter_openssl_crypto:prepareLintJarForPublish', task ':flutter_openssl_crypto:mergeDebugJavaResource', task ':flutter_openssl_crypto:syncDebugLibJars', task ':flutter_openssl_crypto:bundleDebugAar', task ':flutter_openssl_crypto:assembleDebug', task ':integration_test:stripDebugDebugSymbols', task ':integration_test:copyDebugJniLibsProjectAndLocalJars', task ':integration_test:extractDebugAnnotations', task ':integration_test:extractDeepLinksForAarDebug', task ':integration_test:mergeDebugGeneratedProguardFiles', task ':integration_test:mergeDebugConsumerProguardFiles', task ':integration_test:prepareDebugArtProfile', task ':integration_test:prepareLintJarForPublish', task ':integration_test:mergeDebugJavaResource', task ':integration_test:syncDebugLibJars', task ':integration_test:bundleDebugAar', task ':integration_test:assembleDebug', task ':path_provider_android:stripDebugDebugSymbols', task ':path_provider_android:copyDebugJniLibsProjectAndLocalJars', task ':path_provider_android:extractDebugAnnotations', task ':path_provider_android:extractDeepLinksForAarDebug', task ':path_provider_android:mergeDebugGeneratedProguardFiles', task ':path_provider_android:mergeDebugConsumerProguardFiles', task ':path_provider_android:prepareDebugArtProfile', task ':path_provider_android:prepareLintJarForPublish', task ':path_provider_android:mergeDebugJavaResource', task ':path_provider_android:syncDebugLibJars', task ':path_provider_android:bundleDebugAar', task ':path_provider_android:assembleDebug', task ':quill_native_bridge_android:stripDebugDebugSymbols', task ':quill_native_bridge_android:copyDebugJniLibsProjectAndLocalJars', task ':quill_native_bridge_android:extractDebugAnnotations', task ':quill_native_bridge_android:extractDeepLinksForAarDebug', task ':quill_native_bridge_android:mergeDebugGeneratedProguardFiles', task ':quill_native_bridge_android:mergeDebugConsumerProguardFiles', task ':quill_native_bridge_android:prepareDebugArtProfile', task ':quill_native_bridge_android:prepareLintJarForPublish', task ':quill_native_bridge_android:mergeDebugJavaResource', task ':quill_native_bridge_android:syncDebugLibJars', task ':quill_native_bridge_android:bundleDebugAar', task ':quill_native_bridge_android:assembleDebug', task ':shared_preferences_android:stripDebugDebugSymbols', task ':shared_preferences_android:copyDebugJniLibsProjectAndLocalJars', task ':shared_preferences_android:extractDebugAnnotations', task ':shared_preferences_android:extractDeepLinksForAarDebug', task ':shared_preferences_android:mergeDebugGeneratedProguardFiles', task ':shared_preferences_android:mergeDebugConsumerProguardFiles', task ':shared_preferences_android:prepareDebugArtProfile', task ':shared_preferences_android:prepareLintJarForPublish', task ':shared_preferences_android:mergeDebugJavaResource', task ':shared_preferences_android:syncDebugLibJars', task ':shared_preferences_android:bundleDebugAar', task ':shared_preferences_android:assembleDebug', task ':sqflite_android:stripDebugDebugSymbols', task ':sqflite_android:copyDebugJniLibsProjectAndLocalJars', task ':sqflite_android:extractDebugAnnotations', task ':sqflite_android:extractDeepLinksForAarDebug', task ':sqflite_android:mergeDebugGeneratedProguardFiles', task ':sqflite_android:mergeDebugConsumerProguardFiles', task ':sqflite_android:prepareDebugArtProfile', task ':sqflite_android:prepareLintJarForPublish', task ':sqflite_android:mergeDebugJavaResource', task ':sqflite_android:syncDebugLibJars', task ':sqflite_android:bundleDebugAar', task ':sqflite_android:assembleDebug', task ':url_launcher_android:stripDebugDebugSymbols', task ':url_launcher_android:copyDebugJniLibsProjectAndLocalJars', task ':url_launcher_android:extractDebugAnnotations', task ':url_launcher_android:extractDeepLinksForAarDebug', task ':url_launcher_android:mergeDebugGeneratedProguardFiles', task ':url_launcher_android:mergeDebugConsumerProguardFiles', task ':url_launcher_android:prepareDebugArtProfile', task ':url_launcher_android:prepareLintJarForPublish', task ':url_launcher_android:mergeDebugJavaResource', task ':url_launcher_android:syncDebugLibJars', task ':url_launcher_android:bundleDebugAar', task ':url_launcher_android:assembleDebug', task ':video_player_android:stripDebugDebugSymbols', task ':video_player_android:copyDebugJniLibsProjectAndLocalJars', task ':video_player_android:extractDebugAnnotations', task ':video_player_android:extractDeepLinksForAarDebug', task ':video_player_android:mergeDebugGeneratedProguardFiles', task ':video_player_android:mergeDebugConsumerProguardFiles', task ':video_player_android:prepareDebugArtProfile', task ':video_player_android:prepareLintJarForPublish', task ':video_player_android:mergeDebugJavaResource', task ':video_player_android:syncDebugLibJars', task ':video_player_android:bundleDebugAar', task ':video_player_android:assembleDebug']
[        ] Tasks that were excluded: []
[        ] work action Parameters of ClassesDirToClassesTransform (Thread[#40890,Execution worker Thread 22,5,main]) started.
[        ] work action Parameters of DexingNoClasspathTransform (Thread[#40890,Execution worker Thread 22,5,main]) started.
[        ] Resolve mutations for :app:preBuild (Thread[#40890,Execution worker Thread 22,5,main]) started.
[        ] :app:preBuild (Thread[#40890,Execution worker Thread 22,5,main]) started.
[        ] > Task :app:preBuild UP-TO-DATE
[        ] Skipping task ':app:preBuild' as it has no actions.
[        ] Resolve mutations for :app:preDebugBuild (Thread[#40890,Execution worker Thread 22,5,main]) started.
[        ] :app:preDebugBuild (Thread[#40890,Execution worker Thread 22,5,main]) started.
[        ] > Task :app:preDebugBuild UP-TO-DATE
[        ] Skipping task ':app:preDebugBuild' as it has no actions.
[        ] Resolve mutations for :app:mergeDebugNativeDebugMetadata (Thread[#40890,Execution worker Thread 22,5,main]) started.
[        ] :app:mergeDebugNativeDebugMetadata (Thread[#40890,Execution worker Thread 22,5,main]) started.
[        ] > Task :app:mergeDebugNativeDebugMetadata NO-SOURCE
[        ] Skipping task ':app:mergeDebugNativeDebugMetadata' as it has no source files and no previous output files.
[        ] Resolve mutations for :app:checkKotlinGradlePluginConfigurationErrors (Thread[#40890,Execution worker Thread 22,5,main]) started.
[        ] :app:checkKotlinGradlePluginConfigurationErrors (Thread[#40890,Execution worker Thread 22,5,main]) started.
[        ] > Task :app:checkKotlinGradlePluginConfigurationErrors SKIPPED
[        ] Skipping task ':app:checkKotlinGradlePluginConfigurationErrors' as task onlyIf 'errorDiagnostics are present' is false.
[        ] Resolve mutations for :app:compileFlutterBuildDebug (Thread[#40890,Execution worker Thread 22,5,main]) started.
[        ] :app:compileFlutterBuildDebug (Thread[#40890,Execution worker Thread 22,5,main]) started.
07:06 +5 -17: loading /Users/florian/Code/substitution/integration_test/app_test.dart                                                                                                                  07:07 +5 -17: loading /Users/florian/Code/substitution/integration_test/app_test.dart                                                                                                                  [+1998 ms] > Task :app:compileFlutterBuildDebug
[        ] Caching disabled for task ':app:compileFlutterBuildDebug' because:
[        ]   Build cache is disabled
[        ]   Caching has not been enabled for the task
[        ] Task ':app:compileFlutterBuildDebug' is not up-to-date because:
[        ]   Value of input property 'targetPath' has changed for task ':app:compileFlutterBuildDebug'
[        ] Starting process 'command '/opt/homebrew/share/flutter/bin/flutter''. Working directory: /Users/florian/Code/substitution Command: /opt/homebrew/share/flutter/bin/flutter --verbose assemble --no-version-check --depfile /Users/florian/Code/substitution/build/app/intermediates/flutter/debug/flutter_build.d --output /Users/florian/Code/substitution/build/app/intermediates/flutter/debug -dTargetFile=/var/folders/l_/w8pnbb9d38n57pzg9j98fmy80000gn/T/flutter_tools.wuOse9/flutter_test_listener.UUWvNA/listener.dart -dTargetPlatform=android -dBuildMode=debug -dTrackWidgetCreation=true --DartDefines=TUFUUklYX1NFUlZFUj1odHRwOi8vbG9jYWxob3N0OjgwMDg=,TUFUUklYX1RFU1RfVVNFUj0=,TUFUUklYX1RFU1RfUEFTU1dPUkQ9,RkxVVFRFUl9WRVJTSU9OPTMuMzguOQ==,RkxVVFRFUl9DSEFOTkVMPXN0YWJsZQ==,RkxVVFRFUl9HSVRfVVJMPWh0dHBzOi8vZ2l0aHViLmNvbS9mbHV0dGVyL2ZsdXR0ZXIuZ2l0,RkxVVFRFUl9GUkFNRVdPUktfUkVWSVNJT049NjczMjNkZTI4NQ==,RkxVVFRFUl9FTkdJTkVfUkVWSVNJT049NTg3YzE4Zjg3Mw==,RkxVVFRFUl9EQVJUX1ZFUlNJT049My4xMC44,SU5URUdSQVRJT05fVEVTVF9TSE9VTERfUkVQT1JUX1JFU1VMVFNfVE9fTkFUSVZFPWZhbHNl -dFlavor= -dAndroidArchs=android-arm64 -dMinSdkVersion=24 debug_android_application
[        ] Successfully started process 'command '/opt/homebrew/share/flutter/bin/flutter''
[        ] [  +21 ms] executing: sysctl hw.optional.arm64
[        ] [   +4 ms] Exit code 0 from: sysctl hw.optional.arm64
[        ] [        ] hw.optional.arm64: 1
[        ] [   +3 ms] Artifact Instance of 'MaterialFonts' is not required, skipping update.
[        ] [        ] Artifact Instance of 'GradleWrapper' is not required, skipping update.
[        ] [        ] Artifact Instance of 'AndroidGenSnapshotArtifacts' is not required, skipping update.
[        ] [        ] Artifact Instance of 'AndroidInternalBuildArtifacts' is not required, skipping update.
[        ] [        ] Artifact Instance of 'IOSEngineArtifacts' is not required, skipping update.
[        ] [        ] Artifact Instance of 'FlutterWebSdk' is not required, skipping update.
[        ] [        ] Artifact Instance of 'LegacyCanvasKitRemover' is not required, skipping update.
[        ] [        ] Artifact Instance of 'FlutterSdk' is not required, skipping update.
[        ] [        ] Artifact Instance of 'WindowsEngineArtifacts' is not required, skipping update.
[        ] [        ] Artifact Instance of 'MacOSEngineArtifacts' is not required, skipping update.
[        ] [        ] Artifact Instance of 'LinuxEngineArtifacts' is not required, skipping update.
[        ] [        ] Artifact Instance of 'LinuxFuchsiaSDKArtifacts' is not required, skipping update.
[        ] [        ] Artifact Instance of 'MacOSFuchsiaSDKArtifacts' is not required, skipping update.
[        ] [        ] Artifact Instance of 'FlutterRunnerSDKArtifacts' is not required, skipping update.
[        ] [        ] Artifact Instance of 'FlutterRunnerDebugSymbols' is not required, skipping update.
[        ] [        ] Artifact Instance of 'IosUsbArtifacts' is not required, skipping update.
[        ] [        ] Artifact Instance of 'IosUsbArtifacts' is not required, skipping update.
[        ] [        ] Artifact Instance of 'IosUsbArtifacts' is not required, skipping update.
[        ] [        ] Artifact Instance of 'IosUsbArtifacts' is not required, skipping update.
[        ] [        ] Artifact Instance of 'IosUsbArtifacts' is not required, skipping update.
[        ] [        ] Artifact Instance of 'IosUsbArtifacts' is not required, skipping update.
[        ] [        ] Artifact Instance of 'FontSubsetArtifacts' is not required, skipping update.
[        ] [        ] Artifact Instance of 'PubDependencies' is not required, skipping update.
[        ] [   +3 ms] Artifact Instance of 'AndroidGenSnapshotArtifacts' is not required, skipping update.
[        ] [        ] Artifact Instance of 'AndroidInternalBuildArtifacts' is not required, skipping update.
[        ] [        ] Artifact Instance of 'IOSEngineArtifacts' is not required, skipping update.
[        ] [        ] Artifact Instance of 'FlutterWebSdk' is not required, skipping update.
[        ] [        ] Artifact Instance of 'FlutterEngineStamp' is not required, skipping update.
[        ] [        ] Artifact Instance of 'LegacyCanvasKitRemover' is not required, skipping update.
[        ] [        ] Artifact Instance of 'WindowsEngineArtifacts' is not required, skipping update.
[        ] [        ] Artifact Instance of 'MacOSEngineArtifacts' is not required, skipping update.
[        ] [        ] Artifact Instance of 'LinuxEngineArtifacts' is not required, skipping update.
[        ] [        ] Artifact Instance of 'LinuxFuchsiaSDKArtifacts' is not required, skipping update.
[        ] [        ] Artifact Instance of 'MacOSFuchsiaSDKArtifacts' is not required, skipping update.
[        ] [        ] Artifact Instance of 'FlutterRunnerSDKArtifacts' is not required, skipping update.
[        ] [        ] Artifact Instance of 'FlutterRunnerDebugSymbols' is not required, skipping update.
[        ] [  +22 ms] Artifact Instance of 'MaterialFonts' is not required, skipping update.
[        ] [        ] Artifact Instance of 'GradleWrapper' is not required, skipping update.
[        ] [        ] Artifact Instance of 'AndroidInternalBuildArtifacts' is not required, skipping update.
[        ] [        ] Artifact Instance of 'IOSEngineArtifacts' is not required, skipping update.
[        ] [        ] Artifact Instance of 'FlutterWebSdk' is not required, skipping update.
[        ] [        ] Artifact Instance of 'FlutterEngineStamp' is not required, skipping update.
[        ] [        ] Artifact Instance of 'LegacyCanvasKitRemover' is not required, skipping update.
[        ] [        ] Artifact Instance of 'FlutterSdk' is not required, skipping update.
[        ] [        ] Artifact Instance of 'WindowsEngineArtifacts' is not required, skipping update.
[        ] [        ] Artifact Instance of 'MacOSEngineArtifacts' is not required, skipping update.
[        ] [        ] Artifact Instance of 'LinuxEngineArtifacts' is not required, skipping update.
[        ] [        ] Artifact Instance of 'LinuxFuchsiaSDKArtifacts' is not required, skipping update.
[        ] [        ] Artifact Instance of 'MacOSFuchsiaSDKArtifacts' is not required, skipping update.
[        ] [        ] Artifact Instance of 'FlutterRunnerSDKArtifacts' is not required, skipping update.
[        ] [        ] Artifact Instance of 'FlutterRunnerDebugSymbols' is not required, skipping update.
[        ] [        ] Artifact Instance of 'IosUsbArtifacts' is not required, skipping update.
[        ] [        ] Artifact Instance of 'IosUsbArtifacts' is not required, skipping update.
[        ] [        ] Artifact Instance of 'IosUsbArtifacts' is not required, skipping update.
[        ] [        ] Artifact Instance of 'IosUsbArtifacts' is not required, skipping update.
[        ] [        ] Artifact Instance of 'IosUsbArtifacts' is not required, skipping update.
[        ] [        ] Artifact Instance of 'IosUsbArtifacts' is not required, skipping update.
[        ] [        ] Artifact Instance of 'FontSubsetArtifacts' is not required, skipping update.
[        ] [        ] Artifact Instance of 'PubDependencies' is not required, skipping update.
[        ] [  +20 ms] Initializing file store
[        ] [  +12 ms] dart_build: Starting due to {}
[        ] [        ] Skipping target: gen_localizations
[        ] [        ] gen_dart_plugin_registrant: Starting due to {InvalidatedReasonKind.outputSetAddition: The following outputs were added to the output set: /Users/florian/Code/substitution/.dart_tool/flutter_build/dart_plugin_registrant.dart, InvalidatedReasonKind.inputChanged: The following inputs have updated contents: /Users/florian/Code/substitution/.dart_tool/package_config.json}
[        ] [  +46 ms] Found plugin integration_test at /opt/homebrew/share/flutter/packages/integration_test/
[        ] [  +19 ms] Found plugin flutter_native_splash at /Users/florian/.pub-cache/hosted/pub.dev/flutter_native_splash-2.4.7/
[        ] [  +12 ms] Building native assets for android_arm64.
[        ] [  +23 ms] Found plugin connectivity_plus at /Users/florian/.pub-cache/hosted/pub.dev/connectivity_plus-5.0.2/
[        ] [   +5 ms] input.json contents:
[        ]            {
[        ]              "assets": {},
[        ]              "config": {
[        ]                "build_asset_types": [
[        ]                  "code_assets/code"
[        ]                ],
[        ]                "extensions": {
[        ]                  "code_assets": {
[        ]                    "android": {
[        ]                      "target_ndk_api": 24
[        ]                    },
[        ]                    "c_compiler": {
[        ]                      "ar": "/Users/florian/Library/Android/sdk/ndk/28.2.13676358/toolchains/llvm/prebuilt/darwin-x86_64/bin/llvm-ar",
[        ]                      "cc": "/Users/florian/Library/Android/sdk/ndk/28.2.13676358/toolchains/llvm/prebuilt/darwin-x86_64/bin/clang",
[        ]                      "ld": "/Users/florian/Library/Android/sdk/ndk/28.2.13676358/toolchains/llvm/prebuilt/darwin-x86_64/bin/ld.lld"
[        ]                    },
[        ]                    "link_mode_preference": "dynamic",
[        ]                    "target_architecture": "arm64",
[        ]                    "target_os": "android"
[        ]                  }
[        ]                },
[        ]                "linking_enabled": false
[        ]              },
[        ]              "out_dir_shared": "/Users/florian/Code/substitution/.dart_tool/hooks_runner/shared/objective_c/build/",
[        ]              "out_file": "/Users/florian/Code/substitution/.dart_tool/hooks_runner/objective_c/842b8c761140c2c0e73191c57a372e73/output.json",
[        ]              "package_name": "objective_c",
[        ]              "package_root": "/Users/florian/.pub-cache/hosted/pub.dev/objective_c-9.2.5/",
[        ]              "user_defines": {}
[        ]            }
[        ] [   +2 ms] output.json contents:
[        ]            {
[        ]              "assets_for_linking": {},
[        ]              "status": "success",
[        ]              "timestamp": "2026-02-16 21:57:23.000"
[        ]            }
[        ] [   +1 ms] Skipping build for objective_c in /Users/florian/Code/substitution/.dart_tool/hooks_runner/objective_c/842b8c761140c2c0e73191c57a372e73/. Last build on 2026-02-16 21:57:23.000.
[        ] [   +2 ms] Building native assets for android_arm64 done.
[        ] [   +1 ms] dart_build: Complete
[        ] [   +1 ms] install_code_assets: Starting due to {}
[        ] [   +1 ms] Writing native assets json to file:///Users/florian/Code/substitution/.dart_tool/flutter_build/77e174c6dbf55de8c2ee6003a5e8e524/native_assets.json.
[        ] [   +1 ms] Found plugin video_player at /Users/florian/.pub-cache/hosted/pub.dev/video_player-2.10.1/
[        ] [        ] Writing /Users/florian/Code/substitution/.dart_tool/flutter_build/77e174c6dbf55de8c2ee6003a5e8e524/native_assets.json done.
[        ] [        ] install_code_assets: Complete
[        ] [   +1 ms] Found plugin video_player_web at /Users/florian/.pub-cache/hosted/pub.dev/video_player_web-2.4.0/
[        ] [   +1 ms] Found plugin video_player_avfoundation at /Users/florian/.pub-cache/hosted/pub.dev/video_player_avfoundation-2.9.1/
[        ] [        ] Found plugin video_player_android at /Users/florian/.pub-cache/hosted/pub.dev/video_player_android-2.9.1/
[        ] [        ] Found plugin url_launcher at /Users/florian/.pub-cache/hosted/pub.dev/url_launcher-6.3.2/
[        ] [        ] Found plugin url_launcher_windows at /Users/florian/.pub-cache/hosted/pub.dev/url_launcher_windows-3.1.5/
[        ] [        ] Found plugin url_launcher_web at /Users/florian/.pub-cache/hosted/pub.dev/url_launcher_web-2.4.2/
[        ] [        ] Found plugin url_launcher_macos at /Users/florian/.pub-cache/hosted/pub.dev/url_launcher_macos-3.2.5/
[        ] [        ] Found plugin url_launcher_linux at /Users/florian/.pub-cache/hosted/pub.dev/url_launcher_linux-3.2.2/
[        ] [        ] Found plugin url_launcher_ios at /Users/florian/.pub-cache/hosted/pub.dev/url_launcher_ios-6.3.6/
[        ] [        ] Found plugin url_launcher_android at /Users/florian/.pub-cache/hosted/pub.dev/url_launcher_android-6.3.28/
[        ] [   +2 ms] Found plugin sqflite at /Users/florian/.pub-cache/hosted/pub.dev/sqflite-2.4.2/
[        ] [        ] Found plugin sqflite_darwin at /Users/florian/.pub-cache/hosted/pub.dev/sqflite_darwin-2.4.2/
[        ] [        ] Found plugin sqflite_android at /Users/florian/.pub-cache/hosted/pub.dev/sqflite_android-2.4.2+2/
[        ] [        ] Found plugin path_provider at /Users/florian/.pub-cache/hosted/pub.dev/path_provider-2.1.5/
[        ] [        ] Found plugin path_provider_windows at /Users/florian/.pub-cache/hosted/pub.dev/path_provider_windows-2.3.0/
[        ] [        ] Found plugin path_provider_linux at /Users/florian/.pub-cache/hosted/pub.dev/path_provider_linux-2.2.1/
[        ] [        ] Found plugin path_provider_foundation at /Users/florian/.pub-cache/hosted/pub.dev/path_provider_foundation-2.6.0/
[        ] [   +2 ms] Found plugin path_provider_android at /Users/florian/.pub-cache/hosted/pub.dev/path_provider_android-2.2.22/
[        ] [  +20 ms] Found plugin flutter_keyboard_visibility_temp_fork at /Users/florian/.pub-cache/hosted/pub.dev/flutter_keyboard_visibility_temp_fork-0.1.5/
[        ] [        ] Found plugin flutter_keyboard_visibility_windows at /Users/florian/.pub-cache/hosted/pub.dev/flutter_keyboard_visibility_windows-1.0.0/
[        ] [   +1 ms] Found plugin flutter_keyboard_visibility_macos at /Users/florian/.pub-cache/hosted/pub.dev/flutter_keyboard_visibility_macos-1.0.0/
[        ] [        ] Found plugin flutter_keyboard_visibility_linux at /Users/florian/.pub-cache/hosted/pub.dev/flutter_keyboard_visibility_linux-1.0.0/
[        ] [   +8 ms] Found plugin quill_native_bridge at /Users/florian/.pub-cache/hosted/pub.dev/quill_native_bridge-11.1.0/
[        ] [   +1 ms] Found plugin quill_native_bridge_windows at /Users/florian/.pub-cache/hosted/pub.dev/quill_native_bridge_windows-0.0.2/
[        ] [  +14 ms] Found plugin file_selector_windows at /Users/florian/.pub-cache/hosted/pub.dev/file_selector_windows-0.9.3+5/
[        ] [   +2 ms] Found plugin quill_native_bridge_web at /Users/florian/.pub-cache/hosted/pub.dev/quill_native_bridge_web-0.0.2/
[        ] [        ] Found plugin quill_native_bridge_macos at /Users/florian/.pub-cache/hosted/pub.dev/quill_native_bridge_macos-0.0.1/
[        ] [        ] Found plugin quill_native_bridge_ios at /Users/florian/.pub-cache/hosted/pub.dev/quill_native_bridge_ios-0.0.1/
[        ] [        ] Found plugin quill_native_bridge_android at /Users/florian/.pub-cache/hosted/pub.dev/quill_native_bridge_android-0.0.1+2/
[        ] [   +4 ms] Found plugin flutter_openssl_crypto at /Users/florian/.pub-cache/hosted/pub.dev/flutter_openssl_crypto-0.5.0/
[        ] [        ] Found plugin flutter_olm at /Users/florian/.pub-cache/hosted/pub.dev/flutter_olm-2.0.0/
[        ] [   +2 ms] Found plugin file_selector at /Users/florian/.pub-cache/hosted/pub.dev/file_selector-1.1.0/
[        ] [        ] Found plugin file_selector_web at /Users/florian/.pub-cache/hosted/pub.dev/file_selector_web-0.9.4+2/
[        ] [        ] Found plugin file_selector_macos at /Users/florian/.pub-cache/hosted/pub.dev/file_selector_macos-0.9.5/
[        ] [        ] Found plugin file_selector_linux at /Users/florian/.pub-cache/hosted/pub.dev/file_selector_linux-0.9.4/
[        ] [        ] Found plugin file_selector_ios at /Users/florian/.pub-cache/hosted/pub.dev/file_selector_ios-0.5.3+5/
[        ] [        ] Found plugin file_selector_android at /Users/florian/.pub-cache/hosted/pub.dev/file_selector_android-0.5.2+4/
[        ] [   +1 ms] Found plugin emoji_picker_flutter at /Users/florian/.pub-cache/hosted/pub.dev/emoji_picker_flutter-4.4.0/
[        ] [   +1 ms] Found plugin shared_preferences at /Users/florian/.pub-cache/hosted/pub.dev/shared_preferences-2.5.4/
[        ] [        ] Found plugin shared_preferences_windows at /Users/florian/.pub-cache/hosted/pub.dev/shared_preferences_windows-2.4.1/
[        ] [   +1 ms] Found plugin shared_preferences_web at /Users/florian/.pub-cache/hosted/pub.dev/shared_preferences_web-2.4.3/
[        ] [   +1 ms] Found plugin shared_preferences_linux at /Users/florian/.pub-cache/hosted/pub.dev/shared_preferences_linux-2.4.1/
[        ] [        ] Found plugin shared_preferences_foundation at /Users/florian/.pub-cache/hosted/pub.dev/shared_preferences_foundation-2.5.6/
[        ] [        ] Found plugin shared_preferences_android at /Users/florian/.pub-cache/hosted/pub.dev/shared_preferences_android-2.4.20/
[        ] [  +15 ms] Skipping generating dart_plugin_registrant.dart because it is up-to-date.
[        ] [        ] gen_dart_plugin_registrant: Complete
[        ] [   +1 ms] kernel_snapshot_program: Starting due to {}
[        ] [   +6 ms] /opt/homebrew/share/flutter/bin/cache/dart-sdk/bin/dartaotruntime /opt/homebrew/share/flutter/bin/cache/dart-sdk/bin/snapshots/frontend_server_aot.dart.snapshot --sdk-root /opt/homebrew/share/flutter/bin/cache/artifacts/engine/common/flutter_patched_sdk/ --target=flutter --no-print-incremental-dependencies -DMATRIX_SERVER=http://localhost:8008 -DMATRIX_TEST_USER= -DMATRIX_TEST_PASSWORD= -DFLUTTER_VERSION=3.38.9 -DFLUTTER_CHANNEL=stable -DFLUTTER_GIT_URL=https://github.com/flutter/flutter.git -DFLUTTER_FRAMEWORK_REVISION=67323de285 -DFLUTTER_ENGINE_REVISION=587c18f873 -DFLUTTER_DART_VERSION=3.10.8 -DINTEGRATION_TEST_SHOULD_REPORT_RESULTS_TO_NATIVE=false -DFLUTTER_APP_FLAVOR= -Ddart.vm.profile=false -Ddart.vm.product=false --enable-asserts --track-widget-creation --no-link-platform --packages /Users/florian/Code/substitution/.dart_tool/package_config.json --output-dill /Users/florian/Code/substitution/.dart_tool/flutter_build/77e174c6dbf55de8c2ee6003a5e8e524/app.dill --depfile /Users/florian/Code/substitution/.dart_tool/flutter_build/77e174c6dbf55de8c2ee6003a5e8e524/kernel_snapshot_program.d --incremental --initialize-from-dill /Users/florian/Code/substitution/.dart_tool/flutter_build/77e174c6dbf55de8c2ee6003a5e8e524/app.dill --source file:///Users/florian/Code/substitution/.dart_tool/flutter_build/dart_plugin_registrant.dart --source package:flutter/src/dart_plugin_registrant.dart -Dflutter.dart_plugin_registrant=file:///Users/florian/Code/substitution/.dart_tool/flutter_build/dart_plugin_registrant.dart --verbosity=error file:///var/folders/l_/w8pnbb9d38n57pzg9j98fmy80000gn/T/flutter_tools.wuOse9/flutter_test_listener.UUWvNA/listener.dart
07:08 +5 -17: loading /Users/florian/Code/substitution/integration_test/app_test.dart                                                                                                                  07:09 +5 -17: loading /Users/florian/Code/substitution/integration_test/app_test.dart                                                                                                                  07:10 +5 -17: loading /Users/florian/Code/substitution/integration_test/app_test.dart                                                                                                                  07:11 +5 -17: loading /Users/florian/Code/substitution/integration_test/app_test.dart                                                                                                                  07:12 +5 -17: loading /Users/florian/Code/substitution/integration_test/app_test.dart                                                                                                                  [+5401 ms] [+6863 ms] kernel_snapshot_program: Complete
07:13 +5 -17: loading /Users/florian/Code/substitution/integration_test/app_test.dart                                                                                                                  [ +994 ms] [+1070 ms] debug_android_application: Starting due to {}
07:14 +5 -17: loading /Users/florian/Code/substitution/integration_test/app_test.dart                                                                                                                  [ +101 ms] [ +104 ms] Manifest contained wildcard assets. Inserting missing file into build graph to force rerun. for more information see #56466.
[        ] [   +3 ms] shaderc command: [/opt/homebrew/share/flutter/bin/cache/artifacts/engine/darwin-x64/impellerc, --sksl, --runtime-stage-gles, --runtime-stage-gles3, --runtime-stage-vulkan, --iplr, --sl=/Users/florian/Code/substitution/build/app/intermediates/flutter/debug/flutter_assets/shaders/ink_sparkle.frag, --spirv=/Users/florian/Code/substitution/build/app/intermediates/flutter/debug/flutter_assets/shaders/ink_sparkle.frag.spirv, --input=/opt/homebrew/share/flutter/packages/flutter/lib/src/material/shaders/ink_sparkle.frag, --input-type=frag, --include=/opt/homebrew/share/flutter/packages/flutter/lib/src/material/shaders, --include=/opt/homebrew/share/flutter/bin/cache/artifacts/engine/darwin-x64/shader_lib]
[        ] [        ] shaderc command: [/opt/homebrew/share/flutter/bin/cache/artifacts/engine/darwin-x64/impellerc, --sksl, --runtime-stage-gles, --runtime-stage-gles3, --runtime-stage-vulkan, --iplr, --sl=/Users/florian/Code/substitution/build/app/intermediates/flutter/debug/flutter_assets/shaders/stretch_effect.frag, --spirv=/Users/florian/Code/substitution/build/app/intermediates/flutter/debug/flutter_assets/shaders/stretch_effect.frag.spirv, --input=/opt/homebrew/share/flutter/packages/flutter/lib/src/material/shaders/stretch_effect.frag, --input-type=frag, --include=/opt/homebrew/share/flutter/packages/flutter/lib/src/material/shaders, --include=/opt/homebrew/share/flutter/bin/cache/artifacts/engine/darwin-x64/shader_lib]
[ +301 ms] [ +317 ms] debug_android_application: Complete
07:15 +5 -17: loading /Users/florian/Code/substitution/integration_test/app_test.dart                                                                                                                  [+1004 ms] [ +933 ms] Persisting file store
[        ] [   +7 ms] Done persisting file store
[        ] [  +15 ms] build succeeded.
[        ] [   +3 ms] "flutter assemble" took 9.609ms.
[        ] [   +2 ms] executing: sw_vers -productName
[        ] [   +8 ms] Exit code 0 from: sw_vers -productName
[        ] [        ] macOS
[        ] [        ] executing: sw_vers -productVersion
[        ] [   +7 ms] Exit code 0 from: sw_vers -productVersion
[        ] [        ] 26.1
[        ] [        ] executing: sw_vers -buildVersion
[        ] [   +7 ms] Exit code 0 from: sw_vers -buildVersion
[        ] [        ] 25B78
[        ] [        ] executing: uname -m
[        ] [   +2 ms] Exit code 0 from: uname -m
[        ] [        ] arm64
[ +100 ms] [  +20 ms] Running 1 shutdown hook
[        ] [        ] Shutdown hooks complete
[        ] [  +53 ms] exiting with code 0
[ +197 ms] Resolve mutations for :app:packJniLibsflutterBuildDebug (Thread[#40890,Execution worker Thread 22,5,main]) started.
[        ] :app:packJniLibsflutterBuildDebug (Thread[#40890,Execution worker Thread 22,5,main]) started.
[        ] > Task :app:packJniLibsflutterBuildDebug UP-TO-DATE
[        ] Caching disabled for task ':app:packJniLibsflutterBuildDebug' because:
[        ]   Build cache is disabled
[        ]   Not worth caching
[        ] Skipping task ':app:packJniLibsflutterBuildDebug' as it is up-to-date.
[        ] Resolve mutations for :connectivity_plus:preBuild (Thread[#40890,Execution worker Thread 22,5,main]) started.
[        ] :connectivity_plus:preBuild (Thread[#40890,Execution worker Thread 22,5,main]) started.
[        ] > Task :connectivity_plus:preBuild UP-TO-DATE
[        ] Skipping task ':connectivity_plus:preBuild' as it has no actions.
[        ] Resolve mutations for :connectivity_plus:preDebugBuild (Thread[#40890,Execution worker Thread 22,5,main]) started.
[        ] :connectivity_plus:preDebugBuild (Thread[#40890,Execution worker Thread 22,5,main]) started.
[        ] > Task :connectivity_plus:preDebugBuild UP-TO-DATE
[        ] Skipping task ':connectivity_plus:preDebugBuild' as it has no actions.
[        ] Resolve mutations for :connectivity_plus:writeDebugAarMetadata (Thread[#40890,Execution worker Thread 22,5,main]) started.
[        ] :connectivity_plus:writeDebugAarMetadata (Thread[#40890,Execution worker Thread 22,5,main]) started.
[        ] > Task :connectivity_plus:writeDebugAarMetadata UP-TO-DATE
[        ] Caching disabled for task ':connectivity_plus:writeDebugAarMetadata' because:
[        ]   Build cache is disabled
[        ]   Caching has been disabled for the task
[        ] Skipping task ':connectivity_plus:writeDebugAarMetadata' as it is up-to-date.
[        ] work action resolve aar-metadata.properties (project :connectivity_plus) (Thread[#40890,Execution worker Thread 22,5,main]) started.
[        ] Resolve mutations for :emoji_picker_flutter:preBuild (Thread[#40890,Execution worker Thread 22,5,main]) started.
[        ] :emoji_picker_flutter:preBuild (Thread[#40890,Execution worker Thread 22,5,main]) started.
[        ] > Task :emoji_picker_flutter:preBuild UP-TO-DATE
[        ] Skipping task ':emoji_picker_flutter:preBuild' as it has no actions.
[        ] Resolve mutations for :emoji_picker_flutter:preDebugBuild (Thread[#40890,Execution worker Thread 22,5,main]) started.
[        ] :emoji_picker_flutter:preDebugBuild (Thread[#40890,Execution worker Thread 22,5,main]) started.
[        ] > Task :emoji_picker_flutter:preDebugBuild UP-TO-DATE
[        ] Skipping task ':emoji_picker_flutter:preDebugBuild' as it has no actions.
[        ] Resolve mutations for :emoji_picker_flutter:writeDebugAarMetadata (Thread[#40890,Execution worker Thread 22,5,main]) started.
[        ] :emoji_picker_flutter:writeDebugAarMetadata (Thread[#40890,Execution worker Thread 22,5,main]) started.
[        ] > Task :emoji_picker_flutter:writeDebugAarMetadata UP-TO-DATE
[        ] Caching disabled for task ':emoji_picker_flutter:writeDebugAarMetadata' because:
[        ]   Build cache is disabled
[        ]   Caching has been disabled for the task
[        ] Skipping task ':emoji_picker_flutter:writeDebugAarMetadata' as it is up-to-date.
[        ] work action resolve aar-metadata.properties (project :emoji_picker_flutter) (Thread[#40890,Execution worker Thread 22,5,main]) started.
[        ] Resolve mutations for :file_selector_android:preBuild (Thread[#40890,Execution worker Thread 22,5,main]) started.
[        ] :file_selector_android:preBuild (Thread[#40890,Execution worker Thread 22,5,main]) started.
[        ] > Task :file_selector_android:preBuild UP-TO-DATE
[        ] Skipping task ':file_selector_android:preBuild' as it has no actions.
[        ] Resolve mutations for :file_selector_android:preDebugBuild (Thread[#40890,Execution worker Thread 22,5,main]) started.
[        ] :file_selector_android:preDebugBuild (Thread[#40890,Execution worker Thread 22,5,main]) started.
[        ] > Task :file_selector_android:preDebugBuild UP-TO-DATE
[        ] Skipping task ':file_selector_android:preDebugBuild' as it has no actions.
[        ] Resolve mutations for :file_selector_android:writeDebugAarMetadata (Thread[#40890,Execution worker Thread 22,5,main]) started.
[        ] :file_selector_android:writeDebugAarMetadata (Thread[#40890,Execution worker Thread 22,5,main]) started.
[        ] > Task :file_selector_android:writeDebugAarMetadata UP-TO-DATE
[        ] Caching disabled for task ':file_selector_android:writeDebugAarMetadata' because:
[        ]   Build cache is disabled
[        ]   Caching has been disabled for the task
[        ] Skipping task ':file_selector_android:writeDebugAarMetadata' as it is up-to-date.
[        ] work action resolve aar-metadata.properties (project :file_selector_android) (Thread[#40890,Execution worker Thread 22,5,main]) started.
[        ] Resolve mutations for :flutter_keyboard_visibility_temp_fork:preBuild (Thread[#40890,Execution worker Thread 22,5,main]) started.
[        ] :flutter_keyboard_visibility_temp_fork:preBuild (Thread[#40890,Execution worker Thread 22,5,main]) started.
[        ] > Task :flutter_keyboard_visibility_temp_fork:preBuild UP-TO-DATE
[        ] Skipping task ':flutter_keyboard_visibility_temp_fork:preBuild' as it has no actions.
[        ] Resolve mutations for :flutter_keyboard_visibility_temp_fork:preDebugBuild (Thread[#40890,Execution worker Thread 22,5,main]) started.
[        ] :flutter_keyboard_visibility_temp_fork:preDebugBuild (Thread[#40890,Execution worker Thread 22,5,main]) started.
[        ] > Task :flutter_keyboard_visibility_temp_fork:preDebugBuild UP-TO-DATE
[        ] Skipping task ':flutter_keyboard_visibility_temp_fork:preDebugBuild' as it has no actions.
[        ] Resolve mutations for :flutter_keyboard_visibility_temp_fork:writeDebugAarMetadata (Thread[#40890,Execution worker Thread 22,5,main]) started.
[        ] :flutter_keyboard_visibility_temp_fork:writeDebugAarMetadata (Thread[#40890,Execution worker Thread 22,5,main]) started.
[        ] > Task :flutter_keyboard_visibility_temp_fork:writeDebugAarMetadata UP-TO-DATE
[        ] Caching disabled for task ':flutter_keyboard_visibility_temp_fork:writeDebugAarMetadata' because:
[        ]   Build cache is disabled
[        ]   Caching has been disabled for the task
[        ] Skipping task ':flutter_keyboard_visibility_temp_fork:writeDebugAarMetadata' as it is up-to-date.
[        ] work action resolve aar-metadata.properties (project :flutter_keyboard_visibility_temp_fork) (Thread[#40890,Execution worker Thread 22,5,main]) started.
[        ] Resolve mutations for :flutter_native_splash:preBuild (Thread[#40890,Execution worker Thread 22,5,main]) started.
[        ] :flutter_native_splash:preBuild (Thread[#40890,Execution worker Thread 22,5,main]) started.
[        ] > Task :flutter_native_splash:preBuild UP-TO-DATE
[        ] Skipping task ':flutter_native_splash:preBuild' as it has no actions.
[        ] Resolve mutations for :flutter_native_splash:preDebugBuild (Thread[#40890,Execution worker Thread 22,5,main]) started.
[        ] :flutter_native_splash:preDebugBuild (Thread[#40890,Execution worker Thread 22,5,main]) started.
[        ] > Task :flutter_native_splash:preDebugBuild UP-TO-DATE
[        ] Skipping task ':flutter_native_splash:preDebugBuild' as it has no actions.
[        ] Resolve mutations for :flutter_native_splash:writeDebugAarMetadata (Thread[#40890,Execution worker Thread 22,5,main]) started.
[        ] :flutter_native_splash:writeDebugAarMetadata (Thread[#40890,Execution worker Thread 22,5,main]) started.
[        ] > Task :flutter_native_splash:writeDebugAarMetadata UP-TO-DATE
[        ] Caching disabled for task ':flutter_native_splash:writeDebugAarMetadata' because:
[        ]   Build cache is disabled
[        ]   Caching has been disabled for the task
[        ] Skipping task ':flutter_native_splash:writeDebugAarMetadata' as it is up-to-date.
[        ] work action resolve aar-metadata.properties (project :flutter_native_splash) (Thread[#40890,Execution worker Thread 22,5,main]) started.
[        ] Resolve mutations for :flutter_olm:preBuild (Thread[#40890,Execution worker Thread 22,5,main]) started.
[        ] :flutter_olm:preBuild (Thread[#40890,Execution worker Thread 22,5,main]) started.
[        ] > Task :flutter_olm:preBuild UP-TO-DATE
[        ] Skipping task ':flutter_olm:preBuild' as it has no actions.
[        ] Resolve mutations for :flutter_olm:preDebugBuild (Thread[#40890,Execution worker Thread 22,5,main]) started.
[        ] :flutter_olm:preDebugBuild (Thread[#40890,Execution worker Thread 22,5,main]) started.
[        ] > Task :flutter_olm:preDebugBuild UP-TO-DATE
[        ] Skipping task ':flutter_olm:preDebugBuild' as it has no actions.
[        ] Resolve mutations for :flutter_olm:writeDebugAarMetadata (Thread[#40890,Execution worker Thread 22,5,main]) started.
[        ] :flutter_olm:writeDebugAarMetadata (Thread[#40890,Execution worker Thread 22,5,main]) started.
[        ] > Task :flutter_olm:writeDebugAarMetadata UP-TO-DATE
[        ] Caching disabled for task ':flutter_olm:writeDebugAarMetadata' because:
[        ]   Build cache is disabled
[        ]   Caching has been disabled for the task
[        ] Skipping task ':flutter_olm:writeDebugAarMetadata' as it is up-to-date.
[        ] work action resolve aar-metadata.properties (project :flutter_olm) (Thread[#40890,Execution worker Thread 22,5,main]) started.
[        ] Resolve mutations for :flutter_openssl_crypto:preBuild (Thread[#40890,Execution worker Thread 22,5,main]) started.
[        ] :flutter_openssl_crypto:preBuild (Thread[#40890,Execution worker Thread 22,5,main]) started.
[        ] > Task :flutter_openssl_crypto:preBuild UP-TO-DATE
[        ] Skipping task ':flutter_openssl_crypto:preBuild' as it has no actions.
[        ] Resolve mutations for :flutter_openssl_crypto:preDebugBuild (Thread[#40890,Execution worker Thread 22,5,main]) started.
[        ] :flutter_openssl_crypto:preDebugBuild (Thread[#40890,Execution worker Thread 22,5,main]) started.
[        ] > Task :flutter_openssl_crypto:preDebugBuild UP-TO-DATE
[        ] Skipping task ':flutter_openssl_crypto:preDebugBuild' as it has no actions.
[        ] Resolve mutations for :flutter_openssl_crypto:writeDebugAarMetadata (Thread[#40890,Execution worker Thread 22,5,main]) started.
[        ] :flutter_openssl_crypto:writeDebugAarMetadata (Thread[#40890,Execution worker Thread 22,5,main]) started.
[        ] > Task :flutter_openssl_crypto:writeDebugAarMetadata UP-TO-DATE
[        ] Caching disabled for task ':flutter_openssl_crypto:writeDebugAarMetadata' because:
[        ]   Build cache is disabled
[        ]   Caching has been disabled for the task
[        ] Skipping task ':flutter_openssl_crypto:writeDebugAarMetadata' as it is up-to-date.
[        ] work action resolve aar-metadata.properties (project :flutter_openssl_crypto) (Thread[#40890,Execution worker Thread 22,5,main]) started.
[        ] Resolve mutations for :integration_test:preBuild (Thread[#40890,Execution worker Thread 22,5,main]) started.
[        ] :integration_test:preBuild (Thread[#40890,Execution worker Thread 22,5,main]) started.
[        ] > Task :integration_test:preBuild UP-TO-DATE
[        ] Skipping task ':integration_test:preBuild' as it has no actions.
[        ] Resolve mutations for :integration_test:preDebugBuild (Thread[#40890,Execution worker Thread 22,5,main]) started.
[        ] :integration_test:preDebugBuild (Thread[#40890,Execution worker Thread 22,5,main]) started.
[        ] > Task :integration_test:preDebugBuild UP-TO-DATE
[        ] Skipping task ':integration_test:preDebugBuild' as it has no actions.
[        ] Resolve mutations for :integration_test:writeDebugAarMetadata (Thread[#40890,Execution worker Thread 22,5,main]) started.
[        ] :integration_test:writeDebugAarMetadata (Thread[#40890,Execution worker Thread 22,5,main]) started.
[        ] > Task :integration_test:writeDebugAarMetadata UP-TO-DATE
[        ] Caching disabled for task ':integration_test:writeDebugAarMetadata' because:
[        ]   Build cache is disabled
[        ]   Caching has been disabled for the task
[        ] Skipping task ':integration_test:writeDebugAarMetadata' as it is up-to-date.
[        ] work action resolve aar-metadata.properties (project :integration_test) (Thread[#40890,Execution worker Thread 22,5,main]) started.
[        ] Resolve mutations for :path_provider_android:preBuild (Thread[#40890,Execution worker Thread 22,5,main]) started.
[        ] :path_provider_android:preBuild (Thread[#40890,Execution worker Thread 22,5,main]) started.
[        ] > Task :path_provider_android:preBuild UP-TO-DATE
[        ] Skipping task ':path_provider_android:preBuild' as it has no actions.
[        ] Resolve mutations for :path_provider_android:preDebugBuild (Thread[#40890,Execution worker Thread 22,5,main]) started.
[        ] :path_provider_android:preDebugBuild (Thread[#40890,Execution worker Thread 22,5,main]) started.
[        ] > Task :path_provider_android:preDebugBuild UP-TO-DATE
[        ] Skipping task ':path_provider_android:preDebugBuild' as it has no actions.
[        ] Resolve mutations for :path_provider_android:writeDebugAarMetadata (Thread[#40890,Execution worker Thread 22,5,main]) started.
[        ] :path_provider_android:writeDebugAarMetadata (Thread[#40890,Execution worker Thread 22,5,main]) started.
[        ] > Task :path_provider_android:writeDebugAarMetadata UP-TO-DATE
[        ] Caching disabled for task ':path_provider_android:writeDebugAarMetadata' because:
[        ]   Build cache is disabled
[        ]   Caching has been disabled for the task
[        ] Skipping task ':path_provider_android:writeDebugAarMetadata' as it is up-to-date.
[        ] work action resolve aar-metadata.properties (project :path_provider_android) (Thread[#40890,Execution worker Thread 22,5,main]) started.
[        ] Resolve mutations for :quill_native_bridge_android:preBuild (Thread[#40890,Execution worker Thread 22,5,main]) started.
[        ] :quill_native_bridge_android:preBuild (Thread[#40890,Execution worker Thread 22,5,main]) started.
[        ] > Task :quill_native_bridge_android:preBuild UP-TO-DATE
[        ] Skipping task ':quill_native_bridge_android:preBuild' as it has no actions.
[        ] Resolve mutations for :quill_native_bridge_android:preDebugBuild (Thread[#40890,Execution worker Thread 22,5,main]) started.
[        ] :quill_native_bridge_android:preDebugBuild (Thread[#40890,Execution worker Thread 22,5,main]) started.
[        ] > Task :quill_native_bridge_android:preDebugBuild UP-TO-DATE
[        ] Skipping task ':quill_native_bridge_android:preDebugBuild' as it has no actions.
[        ] Resolve mutations for :quill_native_bridge_android:writeDebugAarMetadata (Thread[#40890,Execution worker Thread 22,5,main]) started.
[        ] :quill_native_bridge_android:writeDebugAarMetadata (Thread[#40890,Execution worker Thread 22,5,main]) started.
[        ] > Task :quill_native_bridge_android:writeDebugAarMetadata UP-TO-DATE
[        ] Caching disabled for task ':quill_native_bridge_android:writeDebugAarMetadata' because:
[        ]   Build cache is disabled
[        ]   Caching has been disabled for the task
[        ] Skipping task ':quill_native_bridge_android:writeDebugAarMetadata' as it is up-to-date.
[        ] work action resolve aar-metadata.properties (project :quill_native_bridge_android) (Thread[#40890,Execution worker Thread 22,5,main]) started.
[        ] Resolve mutations for :shared_preferences_android:preBuild (Thread[#40890,Execution worker Thread 22,5,main]) started.
[        ] :shared_preferences_android:preBuild (Thread[#40890,Execution worker Thread 22,5,main]) started.
[        ] > Task :shared_preferences_android:preBuild UP-TO-DATE
[        ] Skipping task ':shared_preferences_android:preBuild' as it has no actions.
[        ] Resolve mutations for :shared_preferences_android:preDebugBuild (Thread[#40890,Execution worker Thread 22,5,main]) started.
[        ] :shared_preferences_android:preDebugBuild (Thread[#40890,Execution worker Thread 22,5,main]) started.
[        ] > Task :shared_preferences_android:preDebugBuild UP-TO-DATE
[        ] Skipping task ':shared_preferences_android:preDebugBuild' as it has no actions.
[        ] Resolve mutations for :shared_preferences_android:writeDebugAarMetadata (Thread[#40890,Execution worker Thread 22,5,main]) started.
[        ] :shared_preferences_android:writeDebugAarMetadata (Thread[#40890,Execution worker Thread 22,5,main]) started.
[        ] > Task :shared_preferences_android:writeDebugAarMetadata UP-TO-DATE
[        ] Caching disabled for task ':shared_preferences_android:writeDebugAarMetadata' because:
[        ]   Build cache is disabled
[        ]   Caching has been disabled for the task
[        ] Skipping task ':shared_preferences_android:writeDebugAarMetadata' as it is up-to-date.
[        ] work action resolve aar-metadata.properties (project :shared_preferences_android) (Thread[#40890,Execution worker Thread 22,5,main]) started.
[        ] Resolve mutations for :sqflite_android:preBuild (Thread[#40890,Execution worker Thread 22,5,main]) started.
[        ] :sqflite_android:preBuild (Thread[#40890,Execution worker Thread 22,5,main]) started.
[        ] > Task :sqflite_android:preBuild UP-TO-DATE
[        ] Skipping task ':sqflite_android:preBuild' as it has no actions.
[        ] Resolve mutations for :sqflite_android:preDebugBuild (Thread[#40890,Execution worker Thread 22,5,main]) started.
[        ] :sqflite_android:preDebugBuild (Thread[#40890,Execution worker Thread 22,5,main]) started.
[        ] > Task :sqflite_android:preDebugBuild UP-TO-DATE
[        ] Skipping task ':sqflite_android:preDebugBuild' as it has no actions.
[        ] Resolve mutations for :sqflite_android:writeDebugAarMetadata (Thread[#40890,Execution worker Thread 22,5,main]) started.
[        ] :sqflite_android:writeDebugAarMetadata (Thread[#40890,Execution worker Thread 22,5,main]) started.
[        ] > Task :sqflite_android:writeDebugAarMetadata UP-TO-DATE
[        ] Caching disabled for task ':sqflite_android:writeDebugAarMetadata' because:
[        ]   Build cache is disabled
[        ]   Caching has been disabled for the task
[        ] Skipping task ':sqflite_android:writeDebugAarMetadata' as it is up-to-date.
[        ] work action resolve aar-metadata.properties (project :sqflite_android) (Thread[#40890,Execution worker Thread 22,5,main]) started.
[        ] Resolve mutations for :url_launcher_android:preBuild (Thread[#40890,Execution worker Thread 22,5,main]) started.
[        ] :url_launcher_android:preBuild (Thread[#40890,Execution worker Thread 22,5,main]) started.
[        ] > Task :url_launcher_android:preBuild UP-TO-DATE
[        ] Skipping task ':url_launcher_android:preBuild' as it has no actions.
[        ] Resolve mutations for :url_launcher_android:preDebugBuild (Thread[#40890,Execution worker Thread 22,5,main]) started.
[        ] :url_launcher_android:preDebugBuild (Thread[#40890,Execution worker Thread 22,5,main]) started.
[        ] > Task :url_launcher_android:preDebugBuild UP-TO-DATE
[        ] Skipping task ':url_launcher_android:preDebugBuild' as it has no actions.
[        ] Resolve mutations for :url_launcher_android:writeDebugAarMetadata (Thread[#40890,Execution worker Thread 22,5,main]) started.
[        ] :url_launcher_android:writeDebugAarMetadata (Thread[#40890,Execution worker Thread 22,5,main]) started.
[        ] > Task :url_launcher_android:writeDebugAarMetadata UP-TO-DATE
[        ] Caching disabled for task ':url_launcher_android:writeDebugAarMetadata' because:
[        ]   Build cache is disabled
[        ]   Caching has been disabled for the task
[        ] Skipping task ':url_launcher_android:writeDebugAarMetadata' as it is up-to-date.
[        ] work action resolve aar-metadata.properties (project :url_launcher_android) (Thread[#40890,Execution worker Thread 22,5,main]) started.
[        ] Resolve mutations for :video_player_android:preBuild (Thread[#40890,Execution worker Thread 22,5,main]) started.
[        ] :video_player_android:preBuild (Thread[#40890,Execution worker Thread 22,5,main]) started.
[        ] > Task :video_player_android:preBuild UP-TO-DATE
[        ] Skipping task ':video_player_android:preBuild' as it has no actions.
[        ] Resolve mutations for :video_player_android:preDebugBuild (Thread[#40890,Execution worker Thread 22,5,main]) started.
[        ] :video_player_android:preDebugBuild (Thread[#40890,Execution worker Thread 22,5,main]) started.
[        ] > Task :video_player_android:preDebugBuild UP-TO-DATE
[        ] Skipping task ':video_player_android:preDebugBuild' as it has no actions.
[        ] Resolve mutations for :video_player_android:writeDebugAarMetadata (Thread[#40890,Execution worker Thread 22,5,main]) started.
[        ] :video_player_android:writeDebugAarMetadata (Thread[#40890,Execution worker Thread 22,5,main]) started.
[        ] > Task :video_player_android:writeDebugAarMetadata UP-TO-DATE
[        ] Caching disabled for task ':video_player_android:writeDebugAarMetadata' because:
[        ]   Build cache is disabled
[        ]   Caching has been disabled for the task
[        ] Skipping task ':video_player_android:writeDebugAarMetadata' as it is up-to-date.
[        ] work action resolve aar-metadata.properties (project :video_player_android) (Thread[#40890,Execution worker Thread 22,5,main]) started.
[        ] Resolve mutations for :app:checkDebugAarMetadata (Thread[#40890,Execution worker Thread 22,5,main]) started.
[        ] :app:checkDebugAarMetadata (Thread[#40890,Execution worker Thread 22,5,main]) started.
[        ] > Task :app:checkDebugAarMetadata UP-TO-DATE
[        ] Caching disabled for task ':app:checkDebugAarMetadata' because:
[        ]   Build cache is disabled
[        ]   Caching has been disabled for the task
[        ] Skipping task ':app:checkDebugAarMetadata' as it is up-to-date.
[        ] Resolve mutations for :app:cleanMergeDebugAssets (Thread[#40890,Execution worker Thread 22,5,main]) started.
[        ] :app:cleanMergeDebugAssets (Thread[#40890,Execution worker Thread 22,5,main]) started.
[        ] > Task :app:cleanMergeDebugAssets
[        ] Caching disabled for task ':app:cleanMergeDebugAssets' because:
[        ]   Build cache is disabled
[        ] Task ':app:cleanMergeDebugAssets' is not up-to-date because:
[        ]   Task has not declared any outputs despite executing actions.
[        ] Resolve mutations for :app:mergeDebugShaders (Thread[#40890,Execution worker Thread 22,5,main]) started.
[        ] :app:mergeDebugShaders (Thread[#40890,Execution worker Thread 22,5,main]) started.
[        ] > Task :app:mergeDebugShaders UP-TO-DATE
[        ] Caching disabled for task ':app:mergeDebugShaders' because:
[        ]   Build cache is disabled
[        ]   Simple merging task
[        ] Skipping task ':app:mergeDebugShaders' as it is up-to-date.
[        ] Resolve mutations for :app:compileDebugShaders (Thread[#40890,Execution worker Thread 22,5,main]) started.
[        ] :app:compileDebugShaders (Thread[#40890,Execution worker Thread 22,5,main]) started.
[        ] > Task :app:compileDebugShaders NO-SOURCE
[        ] Skipping task ':app:compileDebugShaders' as it has no source files and no previous output files.
[        ] Resolve mutations for :app:generateDebugAssets (Thread[#40890,Execution worker Thread 22,5,main]) started.
[        ] :app:generateDebugAssets (Thread[#40890,Execution worker Thread 22,5,main]) started.
[        ] > Task :app:generateDebugAssets UP-TO-DATE
[        ] Skipping task ':app:generateDebugAssets' as it has no actions.
[        ] Resolve mutations for :connectivity_plus:mergeDebugShaders (Thread[#40890,Execution worker Thread 22,5,main]) started.
[        ] :connectivity_plus:mergeDebugShaders (Thread[#40890,Execution worker Thread 22,5,main]) started.
[        ] > Task :connectivity_plus:mergeDebugShaders UP-TO-DATE
[        ] Caching disabled for task ':connectivity_plus:mergeDebugShaders' because:
[        ]   Build cache is disabled
[        ]   Simple merging task
[        ] Skipping task ':connectivity_plus:mergeDebugShaders' as it is up-to-date.
[        ] Resolve mutations for :connectivity_plus:compileDebugShaders (Thread[#40890,Execution worker Thread 22,5,main]) started.
[        ] :connectivity_plus:compileDebugShaders (Thread[#40890,Execution worker Thread 22,5,main]) started.
[        ] > Task :connectivity_plus:compileDebugShaders NO-SOURCE
[        ] Skipping task ':connectivity_plus:compileDebugShaders' as it has no source files and no previous output files.
[        ] Resolve mutations for :connectivity_plus:generateDebugAssets (Thread[#40890,Execution worker Thread 22,5,main]) started.
[        ] :connectivity_plus:generateDebugAssets (Thread[#40890,Execution worker Thread 22,5,main]) started.
[        ] > Task :connectivity_plus:generateDebugAssets UP-TO-DATE
[        ] Skipping task ':connectivity_plus:generateDebugAssets' as it has no actions.
[        ] Resolve mutations for :connectivity_plus:mergeDebugAssets (Thread[#40890,Execution worker Thread 22,5,main]) started.
[        ] :connectivity_plus:mergeDebugAssets (Thread[#40890,Execution worker Thread 22,5,main]) started.
[        ] > Task :connectivity_plus:mergeDebugAssets UP-TO-DATE
[        ] Caching disabled for task ':connectivity_plus:mergeDebugAssets' because:
[        ]   Build cache is disabled
[        ]   Simple merging task
[        ] Skipping task ':connectivity_plus:mergeDebugAssets' as it is up-to-date.
[        ] work action resolve mergeDebugAssets (project :connectivity_plus) (Thread[#40890,Execution worker Thread 22,5,main]) started.
[        ] Resolve mutations for :emoji_picker_flutter:mergeDebugShaders (Thread[#40890,Execution worker Thread 22,5,main]) started.
[        ] :emoji_picker_flutter:mergeDebugShaders (Thread[#40890,Execution worker Thread 22,5,main]) started.
[        ] > Task :emoji_picker_flutter:mergeDebugShaders UP-TO-DATE
[        ] Caching disabled for task ':emoji_picker_flutter:mergeDebugShaders' because:
[        ]   Build cache is disabled
[        ]   Simple merging task
[        ] Skipping task ':emoji_picker_flutter:mergeDebugShaders' as it is up-to-date.
[        ] Resolve mutations for :emoji_picker_flutter:compileDebugShaders (Thread[#40890,Execution worker Thread 22,5,main]) started.
[        ] :emoji_picker_flutter:compileDebugShaders (Thread[#40890,Execution worker Thread 22,5,main]) started.
[        ] > Task :emoji_picker_flutter:compileDebugShaders NO-SOURCE
[        ] Skipping task ':emoji_picker_flutter:compileDebugShaders' as it has no source files and no previous output files.
[        ] Resolve mutations for :emoji_picker_flutter:generateDebugAssets (Thread[#40890,Execution worker Thread 22,5,main]) started.
[        ] :emoji_picker_flutter:generateDebugAssets (Thread[#40890,Execution worker Thread 22,5,main]) started.
[        ] > Task :emoji_picker_flutter:generateDebugAssets UP-TO-DATE
[        ] Skipping task ':emoji_picker_flutter:generateDebugAssets' as it has no actions.
[        ] Resolve mutations for :emoji_picker_flutter:mergeDebugAssets (Thread[#40890,Execution worker Thread 22,5,main]) started.
[        ] :emoji_picker_flutter:mergeDebugAssets (Thread[#40890,Execution worker Thread 22,5,main]) started.
[        ] > Task :emoji_picker_flutter:mergeDebugAssets UP-TO-DATE
[        ] Caching disabled for task ':emoji_picker_flutter:mergeDebugAssets' because:
[        ]   Build cache is disabled
[        ]   Simple merging task
[        ] Skipping task ':emoji_picker_flutter:mergeDebugAssets' as it is up-to-date.
[        ] work action resolve mergeDebugAssets (project :emoji_picker_flutter) (Thread[#40890,Execution worker Thread 22,5,main]) started.
[        ] Resolve mutations for :file_selector_android:mergeDebugShaders (Thread[#40890,Execution worker Thread 22,5,main]) started.
[        ] :file_selector_android:mergeDebugShaders (Thread[#40890,Execution worker Thread 22,5,main]) started.
[        ] > Task :file_selector_android:mergeDebugShaders UP-TO-DATE
[        ] Caching disabled for task ':file_selector_android:mergeDebugShaders' because:
[        ]   Build cache is disabled
[        ]   Simple merging task
[        ] Skipping task ':file_selector_android:mergeDebugShaders' as it is up-to-date.
[        ] Resolve mutations for :file_selector_android:compileDebugShaders (Thread[#40890,Execution worker Thread 22,5,main]) started.
[        ] :file_selector_android:compileDebugShaders (Thread[#40890,Execution worker Thread 22,5,main]) started.
[        ] > Task :file_selector_android:compileDebugShaders NO-SOURCE
[        ] Skipping task ':file_selector_android:compileDebugShaders' as it has no source files and no previous output files.
[        ] Resolve mutations for :file_selector_android:generateDebugAssets (Thread[#40890,Execution worker Thread 22,5,main]) started.
[        ] :file_selector_android:generateDebugAssets (Thread[#40890,Execution worker Thread 22,5,main]) started.
[        ] > Task :file_selector_android:generateDebugAssets UP-TO-DATE
[        ] Skipping task ':file_selector_android:generateDebugAssets' as it has no actions.
[        ] Resolve mutations for :file_selector_android:mergeDebugAssets (Thread[#40890,Execution worker Thread 22,5,main]) started.
[        ] :file_selector_android:mergeDebugAssets (Thread[#40890,Execution worker Thread 22,5,main]) started.
[        ] > Task :file_selector_android:mergeDebugAssets UP-TO-DATE
[        ] Caching disabled for task ':file_selector_android:mergeDebugAssets' because:
[        ]   Build cache is disabled
[        ]   Simple merging task
[        ] Skipping task ':file_selector_android:mergeDebugAssets' as it is up-to-date.
[        ] work action resolve mergeDebugAssets (project :file_selector_android) (Thread[#40890,Execution worker Thread 22,5,main]) started.
[        ] Resolve mutations for :flutter_keyboard_visibility_temp_fork:mergeDebugShaders (Thread[#40890,Execution worker Thread 22,5,main]) started.
[        ] :flutter_keyboard_visibility_temp_fork:mergeDebugShaders (Thread[#40890,Execution worker Thread 22,5,main]) started.
[        ] > Task :flutter_keyboard_visibility_temp_fork:mergeDebugShaders UP-TO-DATE
[        ] Caching disabled for task ':flutter_keyboard_visibility_temp_fork:mergeDebugShaders' because:
[        ]   Build cache is disabled
[        ]   Simple merging task
[        ] Skipping task ':flutter_keyboard_visibility_temp_fork:mergeDebugShaders' as it is up-to-date.
[        ] Resolve mutations for :flutter_keyboard_visibility_temp_fork:compileDebugShaders (Thread[#40890,Execution worker Thread 22,5,main]) started.
[        ] :flutter_keyboard_visibility_temp_fork:compileDebugShaders (Thread[#40890,Execution worker Thread 22,5,main]) started.
[        ] > Task :flutter_keyboard_visibility_temp_fork:compileDebugShaders NO-SOURCE
[        ] Skipping task ':flutter_keyboard_visibility_temp_fork:compileDebugShaders' as it has no source files and no previous output files.
[        ] Resolve mutations for :flutter_keyboard_visibility_temp_fork:generateDebugAssets (Thread[#40890,Execution worker Thread 22,5,main]) started.
[        ] :flutter_keyboard_visibility_temp_fork:generateDebugAssets (Thread[#40890,Execution worker Thread 22,5,main]) started.
[        ] > Task :flutter_keyboard_visibility_temp_fork:generateDebugAssets UP-TO-DATE
[        ] Skipping task ':flutter_keyboard_visibility_temp_fork:generateDebugAssets' as it has no actions.
[        ] Resolve mutations for :flutter_keyboard_visibility_temp_fork:mergeDebugAssets (Thread[#40890,Execution worker Thread 22,5,main]) started.
[        ] :flutter_keyboard_visibility_temp_fork:mergeDebugAssets (Thread[#40890,Execution worker Thread 22,5,main]) started.
[        ] > Task :flutter_keyboard_visibility_temp_fork:mergeDebugAssets UP-TO-DATE
[        ] Caching disabled for task ':flutter_keyboard_visibility_temp_fork:mergeDebugAssets' because:
[        ]   Build cache is disabled
[        ]   Simple merging task
[        ] Skipping task ':flutter_keyboard_visibility_temp_fork:mergeDebugAssets' as it is up-to-date.
[        ] work action resolve mergeDebugAssets (project :flutter_keyboard_visibility_temp_fork) (Thread[#40890,Execution worker Thread 22,5,main]) started.
[        ] Resolve mutations for :flutter_native_splash:mergeDebugShaders (Thread[#40890,Execution worker Thread 22,5,main]) started.
[        ] :flutter_native_splash:mergeDebugShaders (Thread[#40890,Execution worker Thread 22,5,main]) started.
[        ] > Task :flutter_native_splash:mergeDebugShaders UP-TO-DATE
[        ] Caching disabled for task ':flutter_native_splash:mergeDebugShaders' because:
[        ]   Build cache is disabled
[        ]   Simple merging task
[        ] Skipping task ':flutter_native_splash:mergeDebugShaders' as it is up-to-date.
[        ] Resolve mutations for :flutter_native_splash:compileDebugShaders (Thread[#40890,Execution worker Thread 22,5,main]) started.
[        ] :flutter_native_splash:compileDebugShaders (Thread[#40890,Execution worker Thread 22,5,main]) started.
[        ] > Task :flutter_native_splash:compileDebugShaders NO-SOURCE
[        ] Skipping task ':flutter_native_splash:compileDebugShaders' as it has no source files and no previous output files.
[        ] Resolve mutations for :flutter_native_splash:generateDebugAssets (Thread[#40890,Execution worker Thread 22,5,main]) started.
[        ] :flutter_native_splash:generateDebugAssets (Thread[#40890,Execution worker Thread 22,5,main]) started.
[        ] > Task :flutter_native_splash:generateDebugAssets UP-TO-DATE
[        ] Skipping task ':flutter_native_splash:generateDebugAssets' as it has no actions.
[        ] Resolve mutations for :flutter_native_splash:mergeDebugAssets (Thread[#40890,Execution worker Thread 22,5,main]) started.
[        ] :flutter_native_splash:mergeDebugAssets (Thread[#40890,Execution worker Thread 22,5,main]) started.
[        ] > Task :flutter_native_splash:mergeDebugAssets UP-TO-DATE
[        ] Caching disabled for task ':flutter_native_splash:mergeDebugAssets' because:
[        ]   Build cache is disabled
[        ]   Simple merging task
[        ] Skipping task ':flutter_native_splash:mergeDebugAssets' as it is up-to-date.
[        ] work action resolve mergeDebugAssets (project :flutter_native_splash) (Thread[#40890,Execution worker Thread 22,5,main]) started.
[        ] Resolve mutations for :flutter_olm:mergeDebugShaders (Thread[#40890,Execution worker Thread 22,5,main]) started.
[        ] :flutter_olm:mergeDebugShaders (Thread[#40890,Execution worker Thread 22,5,main]) started.
[        ] > Task :flutter_olm:mergeDebugShaders UP-TO-DATE
[        ] Caching disabled for task ':flutter_olm:mergeDebugShaders' because:
[        ]   Build cache is disabled
[        ]   Simple merging task
[        ] Skipping task ':flutter_olm:mergeDebugShaders' as it is up-to-date.
[        ] Resolve mutations for :flutter_olm:compileDebugShaders (Thread[#40890,Execution worker Thread 22,5,main]) started.
[        ] :flutter_olm:compileDebugShaders (Thread[#40890,Execution worker Thread 22,5,main]) started.
[        ] > Task :flutter_olm:compileDebugShaders NO-SOURCE
[        ] Skipping task ':flutter_olm:compileDebugShaders' as it has no source files and no previous output files.
[        ] Resolve mutations for :flutter_olm:generateDebugAssets (Thread[#40890,Execution worker Thread 22,5,main]) started.
[        ] :flutter_olm:generateDebugAssets (Thread[#40890,Execution worker Thread 22,5,main]) started.
[        ] > Task :flutter_olm:generateDebugAssets UP-TO-DATE
[        ] Skipping task ':flutter_olm:generateDebugAssets' as it has no actions.
[        ] Resolve mutations for :flutter_olm:mergeDebugAssets (Thread[#40890,Execution worker Thread 22,5,main]) started.
[        ] :flutter_olm:mergeDebugAssets (Thread[#40897,Execution worker Thread 29,5,main]) started.
[        ] > Task :flutter_olm:mergeDebugAssets UP-TO-DATE
[        ] Caching disabled for task ':flutter_olm:mergeDebugAssets' because:
[        ]   Build cache is disabled
[        ]   Simple merging task
[        ] Skipping task ':flutter_olm:mergeDebugAssets' as it is up-to-date.
[        ] work action resolve mergeDebugAssets (project :flutter_olm) (Thread[#40897,Execution worker Thread 29,5,main]) started.
[        ] Resolve mutations for :flutter_openssl_crypto:mergeDebugShaders (Thread[#40897,Execution worker Thread 29,5,main]) started.
[        ] :flutter_openssl_crypto:mergeDebugShaders (Thread[#40897,Execution worker Thread 29,5,main]) started.
[        ] > Task :flutter_openssl_crypto:mergeDebugShaders UP-TO-DATE
[        ] Caching disabled for task ':flutter_openssl_crypto:mergeDebugShaders' because:
[        ]   Build cache is disabled
[        ]   Simple merging task
[        ] Skipping task ':flutter_openssl_crypto:mergeDebugShaders' as it is up-to-date.
[        ] Resolve mutations for :flutter_openssl_crypto:compileDebugShaders (Thread[#40897,Execution worker Thread 29,5,main]) started.
[        ] :flutter_openssl_crypto:compileDebugShaders (Thread[#40897,Execution worker Thread 29,5,main]) started.
[        ] > Task :flutter_openssl_crypto:compileDebugShaders NO-SOURCE
[        ] Skipping task ':flutter_openssl_crypto:compileDebugShaders' as it has no source files and no previous output files.
[        ] Resolve mutations for :flutter_openssl_crypto:generateDebugAssets (Thread[#40897,Execution worker Thread 29,5,main]) started.
[        ] :flutter_openssl_crypto:generateDebugAssets (Thread[#40897,Execution worker Thread 29,5,main]) started.
[        ] > Task :flutter_openssl_crypto:generateDebugAssets UP-TO-DATE
[        ] Skipping task ':flutter_openssl_crypto:generateDebugAssets' as it has no actions.
[        ] Resolve mutations for :flutter_openssl_crypto:mergeDebugAssets (Thread[#40897,Execution worker Thread 29,5,main]) started.
[        ] :flutter_openssl_crypto:mergeDebugAssets (Thread[#40897,Execution worker Thread 29,5,main]) started.
[        ] > Task :flutter_openssl_crypto:mergeDebugAssets UP-TO-DATE
[        ] Caching disabled for task ':flutter_openssl_crypto:mergeDebugAssets' because:
[        ]   Build cache is disabled
[        ]   Simple merging task
[        ] Skipping task ':flutter_openssl_crypto:mergeDebugAssets' as it is up-to-date.
[        ] work action resolve mergeDebugAssets (project :flutter_openssl_crypto) (Thread[#40897,Execution worker Thread 29,5,main]) started.
[        ] Resolve mutations for :integration_test:mergeDebugShaders (Thread[#40897,Execution worker Thread 29,5,main]) started.
[        ] :integration_test:mergeDebugShaders (Thread[#40897,Execution worker Thread 29,5,main]) started.
[        ] > Task :integration_test:mergeDebugShaders UP-TO-DATE
[        ] Caching disabled for task ':integration_test:mergeDebugShaders' because:
[        ]   Build cache is disabled
[        ]   Simple merging task
[        ] Skipping task ':integration_test:mergeDebugShaders' as it is up-to-date.
[        ] Resolve mutations for :integration_test:compileDebugShaders (Thread[#40897,Execution worker Thread 29,5,main]) started.
[        ] :integration_test:compileDebugShaders (Thread[#40897,Execution worker Thread 29,5,main]) started.
[        ] > Task :integration_test:compileDebugShaders NO-SOURCE
[        ] Skipping task ':integration_test:compileDebugShaders' as it has no source files and no previous output files.
[        ] Resolve mutations for :integration_test:generateDebugAssets (Thread[#40897,Execution worker Thread 29,5,main]) started.
[        ] :integration_test:generateDebugAssets (Thread[#40897,Execution worker Thread 29,5,main]) started.
[        ] > Task :integration_test:generateDebugAssets UP-TO-DATE
[        ] Skipping task ':integration_test:generateDebugAssets' as it has no actions.
[        ] Resolve mutations for :integration_test:mergeDebugAssets (Thread[#40897,Execution worker Thread 29,5,main]) started.
[        ] :integration_test:mergeDebugAssets (Thread[#40897,Execution worker Thread 29,5,main]) started.
[        ] > Task :integration_test:mergeDebugAssets UP-TO-DATE
[        ] Caching disabled for task ':integration_test:mergeDebugAssets' because:
[        ]   Build cache is disabled
[        ]   Simple merging task
[        ] Skipping task ':integration_test:mergeDebugAssets' as it is up-to-date.
[        ] work action resolve mergeDebugAssets (project :integration_test) (Thread[#40897,Execution worker Thread 29,5,main]) started.
[        ] Resolve mutations for :path_provider_android:mergeDebugShaders (Thread[#40897,Execution worker Thread 29,5,main]) started.
[        ] :path_provider_android:mergeDebugShaders (Thread[#40897,Execution worker Thread 29,5,main]) started.
[        ] > Task :path_provider_android:mergeDebugShaders UP-TO-DATE
[        ] Caching disabled for task ':path_provider_android:mergeDebugShaders' because:
[        ]   Build cache is disabled
[        ]   Simple merging task
[        ] Skipping task ':path_provider_android:mergeDebugShaders' as it is up-to-date.
[        ] Resolve mutations for :path_provider_android:compileDebugShaders (Thread[#40897,Execution worker Thread 29,5,main]) started.
[        ] :path_provider_android:compileDebugShaders (Thread[#40897,Execution worker Thread 29,5,main]) started.
[        ] > Task :path_provider_android:compileDebugShaders NO-SOURCE
[        ] Skipping task ':path_provider_android:compileDebugShaders' as it has no source files and no previous output files.
[        ] Resolve mutations for :path_provider_android:generateDebugAssets (Thread[#40897,Execution worker Thread 29,5,main]) started.
[        ] :path_provider_android:generateDebugAssets (Thread[#40897,Execution worker Thread 29,5,main]) started.
[        ] > Task :path_provider_android:generateDebugAssets UP-TO-DATE
[        ] Skipping task ':path_provider_android:generateDebugAssets' as it has no actions.
[        ] Resolve mutations for :path_provider_android:mergeDebugAssets (Thread[#40897,Execution worker Thread 29,5,main]) started.
[        ] :path_provider_android:mergeDebugAssets (Thread[#40897,Execution worker Thread 29,5,main]) started.
[        ] > Task :path_provider_android:mergeDebugAssets UP-TO-DATE
[        ] Caching disabled for task ':path_provider_android:mergeDebugAssets' because:
[        ]   Build cache is disabled
[        ]   Simple merging task
[        ] Skipping task ':path_provider_android:mergeDebugAssets' as it is up-to-date.
[        ] work action resolve mergeDebugAssets (project :path_provider_android) (Thread[#40897,Execution worker Thread 29,5,main]) started.
[        ] Resolve mutations for :quill_native_bridge_android:mergeDebugShaders (Thread[#40897,Execution worker Thread 29,5,main]) started.
[        ] :quill_native_bridge_android:mergeDebugShaders (Thread[#40897,Execution worker Thread 29,5,main]) started.
[        ] > Task :quill_native_bridge_android:mergeDebugShaders UP-TO-DATE
[        ] Caching disabled for task ':quill_native_bridge_android:mergeDebugShaders' because:
[        ]   Build cache is disabled
[        ]   Simple merging task
[        ] Skipping task ':quill_native_bridge_android:mergeDebugShaders' as it is up-to-date.
[        ] Resolve mutations for :quill_native_bridge_android:compileDebugShaders (Thread[#40897,Execution worker Thread 29,5,main]) started.
[        ] :quill_native_bridge_android:compileDebugShaders (Thread[#40897,Execution worker Thread 29,5,main]) started.
[        ] > Task :quill_native_bridge_android:compileDebugShaders NO-SOURCE
[        ] Skipping task ':quill_native_bridge_android:compileDebugShaders' as it has no source files and no previous output files.
[        ] Resolve mutations for :quill_native_bridge_android:generateDebugAssets (Thread[#40897,Execution worker Thread 29,5,main]) started.
[        ] :quill_native_bridge_android:generateDebugAssets (Thread[#40897,Execution worker Thread 29,5,main]) started.
[        ] > Task :quill_native_bridge_android:generateDebugAssets UP-TO-DATE
[        ] Skipping task ':quill_native_bridge_android:generateDebugAssets' as it has no actions.
[        ] Resolve mutations for :quill_native_bridge_android:mergeDebugAssets (Thread[#40897,Execution worker Thread 29,5,main]) started.
[        ] :quill_native_bridge_android:mergeDebugAssets (Thread[#40897,Execution worker Thread 29,5,main]) started.
[        ] > Task :quill_native_bridge_android:mergeDebugAssets UP-TO-DATE
[        ] Caching disabled for task ':quill_native_bridge_android:mergeDebugAssets' because:
[        ]   Build cache is disabled
[        ]   Simple merging task
[        ] Skipping task ':quill_native_bridge_android:mergeDebugAssets' as it is up-to-date.
[        ] work action resolve mergeDebugAssets (project :quill_native_bridge_android) (Thread[#40897,Execution worker Thread 29,5,main]) started.
[        ] Resolve mutations for :shared_preferences_android:mergeDebugShaders (Thread[#40897,Execution worker Thread 29,5,main]) started.
[        ] :shared_preferences_android:mergeDebugShaders (Thread[#40897,Execution worker Thread 29,5,main]) started.
[        ] > Task :shared_preferences_android:mergeDebugShaders UP-TO-DATE
[        ] Caching disabled for task ':shared_preferences_android:mergeDebugShaders' because:
[        ]   Build cache is disabled
[        ]   Simple merging task
[        ] Skipping task ':shared_preferences_android:mergeDebugShaders' as it is up-to-date.
[        ] Resolve mutations for :shared_preferences_android:compileDebugShaders (Thread[#40897,Execution worker Thread 29,5,main]) started.
[        ] :shared_preferences_android:compileDebugShaders (Thread[#40897,Execution worker Thread 29,5,main]) started.
[        ] > Task :shared_preferences_android:compileDebugShaders NO-SOURCE
[        ] Skipping task ':shared_preferences_android:compileDebugShaders' as it has no source files and no previous output files.
[        ] Resolve mutations for :shared_preferences_android:generateDebugAssets (Thread[#40897,Execution worker Thread 29,5,main]) started.
[        ] :shared_preferences_android:generateDebugAssets (Thread[#40897,Execution worker Thread 29,5,main]) started.
[        ] > Task :shared_preferences_android:generateDebugAssets UP-TO-DATE
[        ] Skipping task ':shared_preferences_android:generateDebugAssets' as it has no actions.
[        ] Resolve mutations for :shared_preferences_android:mergeDebugAssets (Thread[#40897,Execution worker Thread 29,5,main]) started.
[        ] :shared_preferences_android:mergeDebugAssets (Thread[#40897,Execution worker Thread 29,5,main]) started.
[        ] > Task :shared_preferences_android:mergeDebugAssets UP-TO-DATE
[        ] Caching disabled for task ':shared_preferences_android:mergeDebugAssets' because:
[        ]   Build cache is disabled
[        ]   Simple merging task
[        ] Skipping task ':shared_preferences_android:mergeDebugAssets' as it is up-to-date.
[        ] work action resolve mergeDebugAssets (project :shared_preferences_android) (Thread[#40897,Execution worker Thread 29,5,main]) started.
[        ] Resolve mutations for :sqflite_android:mergeDebugShaders (Thread[#40897,Execution worker Thread 29,5,main]) started.
[        ] :sqflite_android:mergeDebugShaders (Thread[#40897,Execution worker Thread 29,5,main]) started.
[        ] > Task :sqflite_android:mergeDebugShaders UP-TO-DATE
[        ] Caching disabled for task ':sqflite_android:mergeDebugShaders' because:
[        ]   Build cache is disabled
[        ]   Simple merging task
[        ] Skipping task ':sqflite_android:mergeDebugShaders' as it is up-to-date.
[        ] Resolve mutations for :sqflite_android:compileDebugShaders (Thread[#40897,Execution worker Thread 29,5,main]) started.
[        ] :sqflite_android:compileDebugShaders (Thread[#40897,Execution worker Thread 29,5,main]) started.
[        ] > Task :sqflite_android:compileDebugShaders NO-SOURCE
[        ] Skipping task ':sqflite_android:compileDebugShaders' as it has no source files and no previous output files.
[        ] Resolve mutations for :sqflite_android:generateDebugAssets (Thread[#40897,Execution worker Thread 29,5,main]) started.
[        ] :sqflite_android:generateDebugAssets (Thread[#40897,Execution worker Thread 29,5,main]) started.
[        ] > Task :sqflite_android:generateDebugAssets UP-TO-DATE
[        ] Skipping task ':sqflite_android:generateDebugAssets' as it has no actions.
[        ] Resolve mutations for :sqflite_android:mergeDebugAssets (Thread[#40897,Execution worker Thread 29,5,main]) started.
[        ] :sqflite_android:mergeDebugAssets (Thread[#40897,Execution worker Thread 29,5,main]) started.
[        ] > Task :sqflite_android:mergeDebugAssets UP-TO-DATE
[        ] Caching disabled for task ':sqflite_android:mergeDebugAssets' because:
[        ]   Build cache is disabled
[        ]   Simple merging task
[        ] Skipping task ':sqflite_android:mergeDebugAssets' as it is up-to-date.
[        ] work action resolve mergeDebugAssets (project :sqflite_android) (Thread[#40897,Execution worker Thread 29,5,main]) started.
[        ] Resolve mutations for :url_launcher_android:mergeDebugShaders (Thread[#40897,Execution worker Thread 29,5,main]) started.
[        ] :url_launcher_android:mergeDebugShaders (Thread[#40897,Execution worker Thread 29,5,main]) started.
[        ] > Task :url_launcher_android:mergeDebugShaders UP-TO-DATE
[        ] Caching disabled for task ':url_launcher_android:mergeDebugShaders' because:
[        ]   Build cache is disabled
[        ]   Simple merging task
[        ] Skipping task ':url_launcher_android:mergeDebugShaders' as it is up-to-date.
[        ] Resolve mutations for :url_launcher_android:compileDebugShaders (Thread[#40897,Execution worker Thread 29,5,main]) started.
[        ] :url_launcher_android:compileDebugShaders (Thread[#40897,Execution worker Thread 29,5,main]) started.
[        ] > Task :url_launcher_android:compileDebugShaders NO-SOURCE
[        ] Skipping task ':url_launcher_android:compileDebugShaders' as it has no source files and no previous output files.
[        ] Resolve mutations for :url_launcher_android:generateDebugAssets (Thread[#40897,Execution worker Thread 29,5,main]) started.
[        ] :url_launcher_android:generateDebugAssets (Thread[#40897,Execution worker Thread 29,5,main]) started.
[        ] > Task :url_launcher_android:generateDebugAssets UP-TO-DATE
[        ] Skipping task ':url_launcher_android:generateDebugAssets' as it has no actions.
[        ] Resolve mutations for :url_launcher_android:mergeDebugAssets (Thread[#40897,Execution worker Thread 29,5,main]) started.
[        ] :url_launcher_android:mergeDebugAssets (Thread[#40897,Execution worker Thread 29,5,main]) started.
[        ] > Task :url_launcher_android:mergeDebugAssets UP-TO-DATE
[        ] Caching disabled for task ':url_launcher_android:mergeDebugAssets' because:
[        ]   Build cache is disabled
[        ]   Simple merging task
[        ] Skipping task ':url_launcher_android:mergeDebugAssets' as it is up-to-date.
[        ] work action resolve mergeDebugAssets (project :url_launcher_android) (Thread[#40897,Execution worker Thread 29,5,main]) started.
[        ] Resolve mutations for :video_player_android:mergeDebugShaders (Thread[#40897,Execution worker Thread 29,5,main]) started.
[        ] :video_player_android:mergeDebugShaders (Thread[#40897,Execution worker Thread 29,5,main]) started.
[        ] > Task :video_player_android:mergeDebugShaders UP-TO-DATE
[        ] Caching disabled for task ':video_player_android:mergeDebugShaders' because:
[        ]   Build cache is disabled
[        ]   Simple merging task
[        ] Skipping task ':video_player_android:mergeDebugShaders' as it is up-to-date.
[        ] Resolve mutations for :video_player_android:compileDebugShaders (Thread[#40897,Execution worker Thread 29,5,main]) started.
[        ] :video_player_android:compileDebugShaders (Thread[#40897,Execution worker Thread 29,5,main]) started.
[        ] > Task :video_player_android:compileDebugShaders NO-SOURCE
[        ] Skipping task ':video_player_android:compileDebugShaders' as it has no source files and no previous output files.
[        ] Resolve mutations for :video_player_android:generateDebugAssets (Thread[#40897,Execution worker Thread 29,5,main]) started.
[        ] :video_player_android:generateDebugAssets (Thread[#40897,Execution worker Thread 29,5,main]) started.
[        ] > Task :video_player_android:generateDebugAssets UP-TO-DATE
[        ] Skipping task ':video_player_android:generateDebugAssets' as it has no actions.
[        ] Resolve mutations for :video_player_android:mergeDebugAssets (Thread[#40897,Execution worker Thread 29,5,main]) started.
[        ] :video_player_android:mergeDebugAssets (Thread[#40897,Execution worker Thread 29,5,main]) started.
[        ] > Task :video_player_android:mergeDebugAssets UP-TO-DATE
[        ] Caching disabled for task ':video_player_android:mergeDebugAssets' because:
[        ]   Build cache is disabled
[        ]   Simple merging task
[        ] Skipping task ':video_player_android:mergeDebugAssets' as it is up-to-date.
[        ] work action resolve mergeDebugAssets (project :video_player_android) (Thread[#40897,Execution worker Thread 29,5,main]) started.
[        ] Resolve mutations for :app:mergeDebugAssets (Thread[#40897,Execution worker Thread 29,5,main]) started.
[        ] :app:mergeDebugAssets (Thread[#40897,Execution worker Thread 29,5,main]) started.
[        ] > Task :app:mergeDebugAssets
[        ] Caching disabled for task ':app:mergeDebugAssets' because:
[        ]   Build cache is disabled
[        ]   Simple merging task
[        ] Task ':app:mergeDebugAssets' is not up-to-date because:
[        ]   Output property 'outputDir' file /Users/florian/Code/substitution/build/app/intermediates/assets/debug/mergeDebugAssets has been removed.
[        ] The input changes require a full rebuild for incremental task ':app:mergeDebugAssets'.
[        ] Resolve mutations for :app:copyFlutterAssetsDebug (Thread[#40897,Execution worker Thread 29,5,main]) started.
[        ] :app:copyFlutterAssetsDebug (Thread[#40897,Execution worker Thread 29,5,main]) started.
[ +292 ms] > Task :app:copyFlutterAssetsDebug
[        ] Caching disabled for task ':app:copyFlutterAssetsDebug' because:
[        ]   Build cache is disabled
[        ]   Not worth caching
[        ] Task ':app:copyFlutterAssetsDebug' is not up-to-date because:
[        ]   Output property 'destinationDir' file /Users/florian/Code/substitution/build/app/intermediates/assets/debug/mergeDebugAssets/flutter_assets has been removed.
[        ]   Output property 'destinationDir' file /Users/florian/Code/substitution/build/app/intermediates/assets/debug/mergeDebugAssets/flutter_assets/AssetManifest.bin has been removed.
[        ]   Output property 'destinationDir' file /Users/florian/Code/substitution/build/app/intermediates/assets/debug/mergeDebugAssets/flutter_assets/FontManifest.json has been removed.
[        ]   and more...
[        ] Resolve mutations for :app:generateDebugResValues (Thread[#40897,Execution worker Thread 29,5,main]) started.
[        ] :app:generateDebugResValues (Thread[#40897,Execution worker Thread 29,5,main]) started.
[        ] > Task :app:generateDebugResValues UP-TO-DATE
[        ] Caching disabled for task ':app:generateDebugResValues' because:
[        ]   Build cache is disabled
[        ] Skipping task ':app:generateDebugResValues' as it is up-to-date.
[        ] Resolve mutations for :connectivity_plus:generateDebugResValues (Thread[#40897,Execution worker Thread 29,5,main]) started.
[        ] :connectivity_plus:generateDebugResValues (Thread[#40897,Execution worker Thread 29,5,main]) started.
[        ] > Task :connectivity_plus:generateDebugResValues UP-TO-DATE
[        ] Caching disabled for task ':connectivity_plus:generateDebugResValues' because:
[        ]   Build cache is disabled
[        ] Skipping task ':connectivity_plus:generateDebugResValues' as it is up-to-date.
[        ] Resolve mutations for :connectivity_plus:generateDebugResources (Thread[#40897,Execution worker Thread 29,5,main]) started.
[        ] :connectivity_plus:generateDebugResources (Thread[#40897,Execution worker Thread 29,5,main]) started.
[        ] > Task :connectivity_plus:generateDebugResources UP-TO-DATE
[        ] Caching disabled for task ':connectivity_plus:generateDebugResources' because:
[        ]   Build cache is disabled
[        ] Skipping task ':connectivity_plus:generateDebugResources' as it is up-to-date.
[        ] Resolve mutations for :connectivity_plus:packageDebugResources (Thread[#40897,Execution worker Thread 29,5,main]) started.
[        ] :connectivity_plus:packageDebugResources (Thread[#40897,Execution worker Thread 29,5,main]) started.
[        ] > Task :connectivity_plus:packageDebugResources UP-TO-DATE
[        ] Caching disabled for task ':connectivity_plus:packageDebugResources' because:
[        ]   Build cache is disabled
[        ] Skipping task ':connectivity_plus:packageDebugResources' as it is up-to-date.
[        ] work action resolve packageDebugResources (project :connectivity_plus) (Thread[#40897,Execution worker Thread 29,5,main]) started.
[        ] Resolve mutations for :emoji_picker_flutter:generateDebugResValues (Thread[#40897,Execution worker Thread 29,5,main]) started.
[        ] :emoji_picker_flutter:generateDebugResValues (Thread[#40897,Execution worker Thread 29,5,main]) started.
[        ] > Task :emoji_picker_flutter:generateDebugResValues UP-TO-DATE
[        ] Caching disabled for task ':emoji_picker_flutter:generateDebugResValues' because:
[        ]   Build cache is disabled
[        ] Skipping task ':emoji_picker_flutter:generateDebugResValues' as it is up-to-date.
[        ] Resolve mutations for :emoji_picker_flutter:generateDebugResources (Thread[#40897,Execution worker Thread 29,5,main]) started.
[        ] :emoji_picker_flutter:generateDebugResources (Thread[#40897,Execution worker Thread 29,5,main]) started.
[        ] > Task :emoji_picker_flutter:generateDebugResources UP-TO-DATE
[        ] Caching disabled for task ':emoji_picker_flutter:generateDebugResources' because:
[        ]   Build cache is disabled
[        ] Skipping task ':emoji_picker_flutter:generateDebugResources' as it is up-to-date.
[        ] Resolve mutations for :emoji_picker_flutter:packageDebugResources (Thread[#40897,Execution worker Thread 29,5,main]) started.
[        ] :emoji_picker_flutter:packageDebugResources (Thread[#40897,Execution worker Thread 29,5,main]) started.
[        ] > Task :emoji_picker_flutter:packageDebugResources UP-TO-DATE
[        ] Caching disabled for task ':emoji_picker_flutter:packageDebugResources' because:
[        ]   Build cache is disabled
[        ] Skipping task ':emoji_picker_flutter:packageDebugResources' as it is up-to-date.
[        ] work action resolve packageDebugResources (project :emoji_picker_flutter) (Thread[#40897,Execution worker Thread 29,5,main]) started.
[        ] Resolve mutations for :file_selector_android:generateDebugResValues (Thread[#40897,Execution worker Thread 29,5,main]) started.
[        ] :file_selector_android:generateDebugResValues (Thread[#40897,Execution worker Thread 29,5,main]) started.
[        ] > Task :file_selector_android:generateDebugResValues UP-TO-DATE
[        ] Caching disabled for task ':file_selector_android:generateDebugResValues' because:
[        ]   Build cache is disabled
[        ] Skipping task ':file_selector_android:generateDebugResValues' as it is up-to-date.
[        ] Resolve mutations for :file_selector_android:generateDebugResources (Thread[#40897,Execution worker Thread 29,5,main]) started.
[        ] :file_selector_android:generateDebugResources (Thread[#40897,Execution worker Thread 29,5,main]) started.
[        ] > Task :file_selector_android:generateDebugResources UP-TO-DATE
[        ] Caching disabled for task ':file_selector_android:generateDebugResources' because:
[        ]   Build cache is disabled
[        ] Skipping task ':file_selector_android:generateDebugResources' as it is up-to-date.
[        ] Resolve mutations for :file_selector_android:packageDebugResources (Thread[#40897,Execution worker Thread 29,5,main]) started.
[        ] :file_selector_android:packageDebugResources (Thread[#40897,Execution worker Thread 29,5,main]) started.
[        ] > Task :file_selector_android:packageDebugResources UP-TO-DATE
[        ] Caching disabled for task ':file_selector_android:packageDebugResources' because:
[        ]   Build cache is disabled
[        ] Skipping task ':file_selector_android:packageDebugResources' as it is up-to-date.
[        ] work action resolve packageDebugResources (project :file_selector_android) (Thread[#40897,Execution worker Thread 29,5,main]) started.
[        ] Resolve mutations for :flutter_keyboard_visibility_temp_fork:generateDebugResValues (Thread[#40897,Execution worker Thread 29,5,main]) started.
[        ] :flutter_keyboard_visibility_temp_fork:generateDebugResValues (Thread[#40897,Execution worker Thread 29,5,main]) started.
[        ] > Task :flutter_keyboard_visibility_temp_fork:generateDebugResValues UP-TO-DATE
[        ] Caching disabled for task ':flutter_keyboard_visibility_temp_fork:generateDebugResValues' because:
[        ]   Build cache is disabled
[        ] Skipping task ':flutter_keyboard_visibility_temp_fork:generateDebugResValues' as it is up-to-date.
[        ] Resolve mutations for :flutter_keyboard_visibility_temp_fork:generateDebugResources (Thread[#40897,Execution worker Thread 29,5,main]) started.
[        ] :flutter_keyboard_visibility_temp_fork:generateDebugResources (Thread[#40897,Execution worker Thread 29,5,main]) started.
[        ] > Task :flutter_keyboard_visibility_temp_fork:generateDebugResources UP-TO-DATE
[        ] Caching disabled for task ':flutter_keyboard_visibility_temp_fork:generateDebugResources' because:
[        ]   Build cache is disabled
[        ] Skipping task ':flutter_keyboard_visibility_temp_fork:generateDebugResources' as it is up-to-date.
[        ] Resolve mutations for :flutter_keyboard_visibility_temp_fork:packageDebugResources (Thread[#40897,Execution worker Thread 29,5,main]) started.
[        ] :flutter_keyboard_visibility_temp_fork:packageDebugResources (Thread[#40897,Execution worker Thread 29,5,main]) started.
[        ] > Task :flutter_keyboard_visibility_temp_fork:packageDebugResources UP-TO-DATE
[        ] Caching disabled for task ':flutter_keyboard_visibility_temp_fork:packageDebugResources' because:
[        ]   Build cache is disabled
[        ] Skipping task ':flutter_keyboard_visibility_temp_fork:packageDebugResources' as it is up-to-date.
[        ] work action resolve packageDebugResources (project :flutter_keyboard_visibility_temp_fork) (Thread[#40897,Execution worker Thread 29,5,main]) started.
[        ] Resolve mutations for :flutter_native_splash:generateDebugResValues (Thread[#40897,Execution worker Thread 29,5,main]) started.
[        ] :flutter_native_splash:generateDebugResValues (Thread[#40897,Execution worker Thread 29,5,main]) started.
[        ] > Task :flutter_native_splash:generateDebugResValues UP-TO-DATE
[        ] Caching disabled for task ':flutter_native_splash:generateDebugResValues' because:
[        ]   Build cache is disabled
[        ] Skipping task ':flutter_native_splash:generateDebugResValues' as it is up-to-date.
[        ] Resolve mutations for :flutter_native_splash:generateDebugResources (Thread[#40897,Execution worker Thread 29,5,main]) started.
[        ] :flutter_native_splash:generateDebugResources (Thread[#40897,Execution worker Thread 29,5,main]) started.
[        ] > Task :flutter_native_splash:generateDebugResources UP-TO-DATE
[        ] Caching disabled for task ':flutter_native_splash:generateDebugResources' because:
[        ]   Build cache is disabled
[        ] Skipping task ':flutter_native_splash:generateDebugResources' as it is up-to-date.
[        ] Resolve mutations for :flutter_native_splash:packageDebugResources (Thread[#40897,Execution worker Thread 29,5,main]) started.
[        ] :flutter_native_splash:packageDebugResources (Thread[#40897,Execution worker Thread 29,5,main]) started.
[        ] > Task :flutter_native_splash:packageDebugResources UP-TO-DATE
[        ] Caching disabled for task ':flutter_native_splash:packageDebugResources' because:
[        ]   Build cache is disabled
[        ] Skipping task ':flutter_native_splash:packageDebugResources' as it is up-to-date.
[        ] work action resolve packageDebugResources (project :flutter_native_splash) (Thread[#40897,Execution worker Thread 29,5,main]) started.
[        ] Resolve mutations for :flutter_olm:generateDebugResValues (Thread[#40897,Execution worker Thread 29,5,main]) started.
[        ] :flutter_olm:generateDebugResValues (Thread[#40897,Execution worker Thread 29,5,main]) started.
[        ] > Task :flutter_olm:generateDebugResValues UP-TO-DATE
[        ] Caching disabled for task ':flutter_olm:generateDebugResValues' because:
[        ]   Build cache is disabled
[        ] Skipping task ':flutter_olm:generateDebugResValues' as it is up-to-date.
[        ] Resolve mutations for :flutter_olm:generateDebugResources (Thread[#40897,Execution worker Thread 29,5,main]) started.
[        ] :flutter_olm:generateDebugResources (Thread[#40897,Execution worker Thread 29,5,main]) started.
[        ] > Task :flutter_olm:generateDebugResources UP-TO-DATE
[        ] Caching disabled for task ':flutter_olm:generateDebugResources' because:
[        ]   Build cache is disabled
[        ] Skipping task ':flutter_olm:generateDebugResources' as it is up-to-date.
[        ] Resolve mutations for :flutter_olm:packageDebugResources (Thread[#40897,Execution worker Thread 29,5,main]) started.
[        ] :flutter_olm:packageDebugResources (Thread[#40897,Execution worker Thread 29,5,main]) started.
[        ] > Task :flutter_olm:packageDebugResources UP-TO-DATE
[        ] Caching disabled for task ':flutter_olm:packageDebugResources' because:
[        ]   Build cache is disabled
[        ] Skipping task ':flutter_olm:packageDebugResources' as it is up-to-date.
[        ] work action resolve packageDebugResources (project :flutter_olm) (Thread[#40897,Execution worker Thread 29,5,main]) started.
[        ] Resolve mutations for :flutter_openssl_crypto:generateDebugResValues (Thread[#40897,Execution worker Thread 29,5,main]) started.
[        ] :flutter_openssl_crypto:generateDebugResValues (Thread[#40897,Execution worker Thread 29,5,main]) started.
[        ] > Task :flutter_openssl_crypto:generateDebugResValues UP-TO-DATE
[        ] Caching disabled for task ':flutter_openssl_crypto:generateDebugResValues' because:
[        ]   Build cache is disabled
[        ] Skipping task ':flutter_openssl_crypto:generateDebugResValues' as it is up-to-date.
[        ] Resolve mutations for :flutter_openssl_crypto:generateDebugResources (Thread[#40897,Execution worker Thread 29,5,main]) started.
[        ] :flutter_openssl_crypto:generateDebugResources (Thread[#40897,Execution worker Thread 29,5,main]) started.
[        ] > Task :flutter_openssl_crypto:generateDebugResources UP-TO-DATE
[        ] Caching disabled for task ':flutter_openssl_crypto:generateDebugResources' because:
[        ]   Build cache is disabled
[        ] Skipping task ':flutter_openssl_crypto:generateDebugResources' as it is up-to-date.
[        ] Resolve mutations for :flutter_openssl_crypto:packageDebugResources (Thread[#40897,Execution worker Thread 29,5,main]) started.
[        ] :flutter_openssl_crypto:packageDebugResources (Thread[#40897,Execution worker Thread 29,5,main]) started.
[        ] > Task :flutter_openssl_crypto:packageDebugResources UP-TO-DATE
[        ] Caching disabled for task ':flutter_openssl_crypto:packageDebugResources' because:
[        ]   Build cache is disabled
[        ] Skipping task ':flutter_openssl_crypto:packageDebugResources' as it is up-to-date.
[        ] work action resolve packageDebugResources (project :flutter_openssl_crypto) (Thread[#40897,Execution worker Thread 29,5,main]) started.
[        ] Resolve mutations for :integration_test:generateDebugResValues (Thread[#40897,Execution worker Thread 29,5,main]) started.
[        ] :integration_test:generateDebugResValues (Thread[#40897,Execution worker Thread 29,5,main]) started.
[        ] > Task :integration_test:generateDebugResValues UP-TO-DATE
[        ] Caching disabled for task ':integration_test:generateDebugResValues' because:
[        ]   Build cache is disabled
[        ] Skipping task ':integration_test:generateDebugResValues' as it is up-to-date.
[        ] Resolve mutations for :integration_test:generateDebugResources (Thread[#40897,Execution worker Thread 29,5,main]) started.
[        ] :integration_test:generateDebugResources (Thread[#40897,Execution worker Thread 29,5,main]) started.
[        ] > Task :integration_test:generateDebugResources UP-TO-DATE
[        ] Caching disabled for task ':integration_test:generateDebugResources' because:
[        ]   Build cache is disabled
[        ] Skipping task ':integration_test:generateDebugResources' as it is up-to-date.
[        ] Resolve mutations for :integration_test:packageDebugResources (Thread[#40897,Execution worker Thread 29,5,main]) started.
[        ] :integration_test:packageDebugResources (Thread[#40897,Execution worker Thread 29,5,main]) started.
[        ] > Task :integration_test:packageDebugResources UP-TO-DATE
[        ] Caching disabled for task ':integration_test:packageDebugResources' because:
[        ]   Build cache is disabled
[        ] Skipping task ':integration_test:packageDebugResources' as it is up-to-date.
[        ] work action resolve packageDebugResources (project :integration_test) (Thread[#40897,Execution worker Thread 29,5,main]) started.
[        ] Resolve mutations for :path_provider_android:generateDebugResValues (Thread[#40897,Execution worker Thread 29,5,main]) started.
[        ] :path_provider_android:generateDebugResValues (Thread[#40897,Execution worker Thread 29,5,main]) started.
[        ] > Task :path_provider_android:generateDebugResValues UP-TO-DATE
[        ] Caching disabled for task ':path_provider_android:generateDebugResValues' because:
[        ]   Build cache is disabled
[        ] Skipping task ':path_provider_android:generateDebugResValues' as it is up-to-date.
[        ] Resolve mutations for :path_provider_android:generateDebugResources (Thread[#40897,Execution worker Thread 29,5,main]) started.
[        ] :path_provider_android:generateDebugResources (Thread[#40897,Execution worker Thread 29,5,main]) started.
[        ] > Task :path_provider_android:generateDebugResources UP-TO-DATE
[        ] Caching disabled for task ':path_provider_android:generateDebugResources' because:
[        ]   Build cache is disabled
[        ] Skipping task ':path_provider_android:generateDebugResources' as it is up-to-date.
[        ] Resolve mutations for :path_provider_android:packageDebugResources (Thread[#40897,Execution worker Thread 29,5,main]) started.
[        ] :path_provider_android:packageDebugResources (Thread[#40897,Execution worker Thread 29,5,main]) started.
[        ] > Task :path_provider_android:packageDebugResources UP-TO-DATE
[        ] Caching disabled for task ':path_provider_android:packageDebugResources' because:
[        ]   Build cache is disabled
[        ] Skipping task ':path_provider_android:packageDebugResources' as it is up-to-date.
[        ] work action resolve packageDebugResources (project :path_provider_android) (Thread[#40897,Execution worker Thread 29,5,main]) started.
[        ] Resolve mutations for :quill_native_bridge_android:generateDebugResValues (Thread[#40897,Execution worker Thread 29,5,main]) started.
[        ] :quill_native_bridge_android:generateDebugResValues (Thread[#40897,Execution worker Thread 29,5,main]) started.
[        ] > Task :quill_native_bridge_android:generateDebugResValues UP-TO-DATE
[        ] Caching disabled for task ':quill_native_bridge_android:generateDebugResValues' because:
[        ]   Build cache is disabled
[        ] Skipping task ':quill_native_bridge_android:generateDebugResValues' as it is up-to-date.
[        ] Resolve mutations for :quill_native_bridge_android:generateDebugResources (Thread[#40897,Execution worker Thread 29,5,main]) started.
[        ] :quill_native_bridge_android:generateDebugResources (Thread[#40897,Execution worker Thread 29,5,main]) started.
[        ] > Task :quill_native_bridge_android:generateDebugResources UP-TO-DATE
[        ] Caching disabled for task ':quill_native_bridge_android:generateDebugResources' because:
[        ]   Build cache is disabled
[        ] Skipping task ':quill_native_bridge_android:generateDebugResources' as it is up-to-date.
[        ] Resolve mutations for :quill_native_bridge_android:packageDebugResources (Thread[#40897,Execution worker Thread 29,5,main]) started.
[        ] :quill_native_bridge_android:packageDebugResources (Thread[#40897,Execution worker Thread 29,5,main]) started.
[        ] > Task :quill_native_bridge_android:packageDebugResources UP-TO-DATE
[        ] Caching disabled for task ':quill_native_bridge_android:packageDebugResources' because:
[        ]   Build cache is disabled
[        ] Skipping task ':quill_native_bridge_android:packageDebugResources' as it is up-to-date.
[        ] work action resolve packageDebugResources (project :quill_native_bridge_android) (Thread[#40897,Execution worker Thread 29,5,main]) started.
[        ] Resolve mutations for :shared_preferences_android:generateDebugResValues (Thread[#40897,Execution worker Thread 29,5,main]) started.
[        ] :shared_preferences_android:generateDebugResValues (Thread[#40897,Execution worker Thread 29,5,main]) started.
[        ] > Task :shared_preferences_android:generateDebugResValues UP-TO-DATE
[        ] Caching disabled for task ':shared_preferences_android:generateDebugResValues' because:
[        ]   Build cache is disabled
[        ] Skipping task ':shared_preferences_android:generateDebugResValues' as it is up-to-date.
[        ] Resolve mutations for :shared_preferences_android:generateDebugResources (Thread[#40897,Execution worker Thread 29,5,main]) started.
[        ] :shared_preferences_android:generateDebugResources (Thread[#40897,Execution worker Thread 29,5,main]) started.
[        ] > Task :shared_preferences_android:generateDebugResources UP-TO-DATE
[        ] Caching disabled for task ':shared_preferences_android:generateDebugResources' because:
[        ]   Build cache is disabled
[        ] Skipping task ':shared_preferences_android:generateDebugResources' as it is up-to-date.
[        ] Resolve mutations for :shared_preferences_android:packageDebugResources (Thread[#40897,Execution worker Thread 29,5,main]) started.
[        ] :shared_preferences_android:packageDebugResources (Thread[#40897,Execution worker Thread 29,5,main]) started.
[        ] > Task :shared_preferences_android:packageDebugResources UP-TO-DATE
[        ] Caching disabled for task ':shared_preferences_android:packageDebugResources' because:
[        ]   Build cache is disabled
[        ] Skipping task ':shared_preferences_android:packageDebugResources' as it is up-to-date.
[        ] work action resolve packageDebugResources (project :shared_preferences_android) (Thread[#40897,Execution worker Thread 29,5,main]) started.
[        ] Resolve mutations for :sqflite_android:generateDebugResValues (Thread[#40897,Execution worker Thread 29,5,main]) started.
[        ] :sqflite_android:generateDebugResValues (Thread[#40897,Execution worker Thread 29,5,main]) started.
[        ] > Task :sqflite_android:generateDebugResValues UP-TO-DATE
[        ] Caching disabled for task ':sqflite_android:generateDebugResValues' because:
[        ]   Build cache is disabled
[        ] Skipping task ':sqflite_android:generateDebugResValues' as it is up-to-date.
[        ] Resolve mutations for :sqflite_android:generateDebugResources (Thread[#40897,Execution worker Thread 29,5,main]) started.
[        ] :sqflite_android:generateDebugResources (Thread[#40897,Execution worker Thread 29,5,main]) started.
[        ] > Task :sqflite_android:generateDebugResources UP-TO-DATE
[        ] Caching disabled for task ':sqflite_android:generateDebugResources' because:
[        ]   Build cache is disabled
[        ] Skipping task ':sqflite_android:generateDebugResources' as it is up-to-date.
[        ] Resolve mutations for :sqflite_android:packageDebugResources (Thread[#40897,Execution worker Thread 29,5,main]) started.
[        ] :sqflite_android:packageDebugResources (Thread[#40879,Execution worker Thread 11,5,main]) started.
[        ] > Task :sqflite_android:packageDebugResources UP-TO-DATE
[        ] Caching disabled for task ':sqflite_android:packageDebugResources' because:
[        ]   Build cache is disabled
[        ] Skipping task ':sqflite_android:packageDebugResources' as it is up-to-date.
[        ] work action resolve packageDebugResources (project :sqflite_android) (Thread[#40879,Execution worker Thread 11,5,main]) started.
[        ] Resolve mutations for :url_launcher_android:generateDebugResValues (Thread[#40897,Execution worker Thread 29,5,main]) started.
[        ] :url_launcher_android:generateDebugResValues (Thread[#40897,Execution worker Thread 29,5,main]) started.
[        ] > Task :url_launcher_android:generateDebugResValues UP-TO-DATE
[        ] Caching disabled for task ':url_launcher_android:generateDebugResValues' because:
[        ]   Build cache is disabled
[        ] Skipping task ':url_launcher_android:generateDebugResValues' as it is up-to-date.
[        ] Resolve mutations for :url_launcher_android:generateDebugResources (Thread[#40897,Execution worker Thread 29,5,main]) started.
[        ] :url_launcher_android:generateDebugResources (Thread[#40897,Execution worker Thread 29,5,main]) started.
[        ] > Task :url_launcher_android:generateDebugResources UP-TO-DATE
[        ] Caching disabled for task ':url_launcher_android:generateDebugResources' because:
[        ]   Build cache is disabled
[        ] Skipping task ':url_launcher_android:generateDebugResources' as it is up-to-date.
[        ] Resolve mutations for :url_launcher_android:packageDebugResources (Thread[#40897,Execution worker Thread 29,5,main]) started.
[        ] :url_launcher_android:packageDebugResources (Thread[#40897,Execution worker Thread 29,5,main]) started.
[        ] > Task :url_launcher_android:packageDebugResources UP-TO-DATE
[        ] Caching disabled for task ':url_launcher_android:packageDebugResources' because:
[        ]   Build cache is disabled
[        ] Skipping task ':url_launcher_android:packageDebugResources' as it is up-to-date.
[        ] work action resolve packageDebugResources (project :url_launcher_android) (Thread[#40897,Execution worker Thread 29,5,main]) started.
[        ] Resolve mutations for :video_player_android:generateDebugResValues (Thread[#40897,Execution worker Thread 29,5,main]) started.
[        ] :video_player_android:generateDebugResValues (Thread[#40897,Execution worker Thread 29,5,main]) started.
[        ] > Task :video_player_android:generateDebugResValues UP-TO-DATE
[        ] Caching disabled for task ':video_player_android:generateDebugResValues' because:
[        ]   Build cache is disabled
[        ] Skipping task ':video_player_android:generateDebugResValues' as it is up-to-date.
[        ] Resolve mutations for :video_player_android:generateDebugResources (Thread[#40897,Execution worker Thread 29,5,main]) started.
[        ] :video_player_android:generateDebugResources (Thread[#40897,Execution worker Thread 29,5,main]) started.
[        ] > Task :video_player_android:generateDebugResources UP-TO-DATE
[        ] Caching disabled for task ':video_player_android:generateDebugResources' because:
[        ]   Build cache is disabled
[        ] Skipping task ':video_player_android:generateDebugResources' as it is up-to-date.
[        ] Resolve mutations for :video_player_android:packageDebugResources (Thread[#40897,Execution worker Thread 29,5,main]) started.
[        ] :video_player_android:packageDebugResources (Thread[#40897,Execution worker Thread 29,5,main]) started.
[        ] > Task :video_player_android:packageDebugResources UP-TO-DATE
[        ] Caching disabled for task ':video_player_android:packageDebugResources' because:
[        ]   Build cache is disabled
[        ] Skipping task ':video_player_android:packageDebugResources' as it is up-to-date.
[        ] work action resolve packageDebugResources (project :video_player_android) (Thread[#40897,Execution worker Thread 29,5,main]) started.
[        ] Resolve mutations for :app:mapDebugSourceSetPaths (Thread[#40897,Execution worker Thread 29,5,main]) started.
[        ] :app:mapDebugSourceSetPaths (Thread[#40897,Execution worker Thread 29,5,main]) started.
[        ] > Task :app:mapDebugSourceSetPaths UP-TO-DATE
[        ] Caching disabled for task ':app:mapDebugSourceSetPaths' because:
[        ]   Build cache is disabled
[        ]   Caching has been disabled for the task
[        ] Skipping task ':app:mapDebugSourceSetPaths' as it is up-to-date.
[        ] Resolve mutations for :app:generateDebugResources (Thread[#40897,Execution worker Thread 29,5,main]) started.
[        ] :app:generateDebugResources (Thread[#40897,Execution worker Thread 29,5,main]) started.
[        ] > Task :app:generateDebugResources UP-TO-DATE
[        ] Caching disabled for task ':app:generateDebugResources' because:
[        ]   Build cache is disabled
[        ] Skipping task ':app:generateDebugResources' as it is up-to-date.
[        ] Resolve mutations for :app:mergeDebugResources (Thread[#40897,Execution worker Thread 29,5,main]) started.
[        ] :app:mergeDebugResources (Thread[#40897,Execution worker Thread 29,5,main]) started.
[        ] > Task :app:mergeDebugResources UP-TO-DATE
[        ] Caching disabled for task ':app:mergeDebugResources' because:
[        ]   Build cache is disabled
[        ] Skipping task ':app:mergeDebugResources' as it is up-to-date.
[        ] Resolve mutations for :app:packageDebugResources (Thread[#40897,Execution worker Thread 29,5,main]) started.
[        ] :app:packageDebugResources (Thread[#40897,Execution worker Thread 29,5,main]) started.
[        ] > Task :app:packageDebugResources UP-TO-DATE
[        ] Caching disabled for task ':app:packageDebugResources' because:
[        ]   Build cache is disabled
[        ] Skipping task ':app:packageDebugResources' as it is up-to-date.
[        ] Resolve mutations for :app:parseDebugLocalResources (Thread[#40897,Execution worker Thread 29,5,main]) started.
[        ] :app:parseDebugLocalResources (Thread[#40897,Execution worker Thread 29,5,main]) started.
[        ] > Task :app:parseDebugLocalResources UP-TO-DATE
[        ] Caching disabled for task ':app:parseDebugLocalResources' because:
[        ]   Build cache is disabled
[        ] Skipping task ':app:parseDebugLocalResources' as it is up-to-date.
[        ] Resolve mutations for :app:createDebugCompatibleScreenManifests (Thread[#40897,Execution worker Thread 29,5,main]) started.
[        ] :app:createDebugCompatibleScreenManifests (Thread[#40897,Execution worker Thread 29,5,main]) started.
[        ] > Task :app:createDebugCompatibleScreenManifests UP-TO-DATE
[        ] Caching disabled for task ':app:createDebugCompatibleScreenManifests' because:
[        ]   Build cache is disabled
[        ]   Caching has been disabled for the task
[        ] Skipping task ':app:createDebugCompatibleScreenManifests' as it is up-to-date.
[        ] Resolve mutations for :app:extractDeepLinksDebug (Thread[#40897,Execution worker Thread 29,5,main]) started.
[        ] :app:extractDeepLinksDebug (Thread[#40897,Execution worker Thread 29,5,main]) started.
[        ] > Task :app:extractDeepLinksDebug UP-TO-DATE
[        ] Caching disabled for task ':app:extractDeepLinksDebug' because:
[        ]   Build cache is disabled
[        ] Skipping task ':app:extractDeepLinksDebug' as it is up-to-date.
[        ] Resolve mutations for :connectivity_plus:extractDeepLinksDebug (Thread[#40897,Execution worker Thread 29,5,main]) started.
[        ] :connectivity_plus:extractDeepLinksDebug (Thread[#40897,Execution worker Thread 29,5,main]) started.
[        ] > Task :connectivity_plus:extractDeepLinksDebug UP-TO-DATE
[        ] Caching disabled for task ':connectivity_plus:extractDeepLinksDebug' because:
[        ]   Build cache is disabled
[        ] Skipping task ':connectivity_plus:extractDeepLinksDebug' as it is up-to-date.
[        ] work action resolve navigation.json (project :connectivity_plus) (Thread[#40897,Execution worker Thread 29,5,main]) started.
[        ] Resolve mutations for :connectivity_plus:processDebugManifest (Thread[#40897,Execution worker Thread 29,5,main]) started.
[        ] :connectivity_plus:processDebugManifest (Thread[#40897,Execution worker Thread 29,5,main]) started.
[        ] > Task :connectivity_plus:processDebugManifest UP-TO-DATE
[        ] Caching disabled for task ':connectivity_plus:processDebugManifest' because:
[        ]   Build cache is disabled
[        ] Skipping task ':connectivity_plus:processDebugManifest' as it is up-to-date.
[        ] work action resolve AndroidManifest.xml (project :connectivity_plus) (Thread[#40897,Execution worker Thread 29,5,main]) started.
[        ] Resolve mutations for :emoji_picker_flutter:extractDeepLinksDebug (Thread[#40897,Execution worker Thread 29,5,main]) started.
[        ] :emoji_picker_flutter:extractDeepLinksDebug (Thread[#40897,Execution worker Thread 29,5,main]) started.
[        ] > Task :emoji_picker_flutter:extractDeepLinksDebug UP-TO-DATE
[        ] Caching disabled for task ':emoji_picker_flutter:extractDeepLinksDebug' because:
[        ]   Build cache is disabled
[        ] Skipping task ':emoji_picker_flutter:extractDeepLinksDebug' as it is up-to-date.
[        ] work action resolve navigation.json (project :emoji_picker_flutter) (Thread[#40897,Execution worker Thread 29,5,main]) started.
[        ] Resolve mutations for :emoji_picker_flutter:processDebugManifest (Thread[#40897,Execution worker Thread 29,5,main]) started.
[        ] :emoji_picker_flutter:processDebugManifest (Thread[#40897,Execution worker Thread 29,5,main]) started.
[        ] > Task :emoji_picker_flutter:processDebugManifest UP-TO-DATE
[        ] Caching disabled for task ':emoji_picker_flutter:processDebugManifest' because:
[        ]   Build cache is disabled
[        ] Skipping task ':emoji_picker_flutter:processDebugManifest' as it is up-to-date.
[        ] work action resolve AndroidManifest.xml (project :emoji_picker_flutter) (Thread[#40897,Execution worker Thread 29,5,main]) started.
[        ] Resolve mutations for :file_selector_android:extractDeepLinksDebug (Thread[#40897,Execution worker Thread 29,5,main]) started.
[        ] :file_selector_android:extractDeepLinksDebug (Thread[#40897,Execution worker Thread 29,5,main]) started.
[        ] > Task :file_selector_android:extractDeepLinksDebug UP-TO-DATE
[        ] Caching disabled for task ':file_selector_android:extractDeepLinksDebug' because:
[        ]   Build cache is disabled
[        ] Skipping task ':file_selector_android:extractDeepLinksDebug' as it is up-to-date.
[        ] work action resolve navigation.json (project :file_selector_android) (Thread[#40897,Execution worker Thread 29,5,main]) started.
[        ] Resolve mutations for :file_selector_android:processDebugManifest (Thread[#40897,Execution worker Thread 29,5,main]) started.
[        ] :file_selector_android:processDebugManifest (Thread[#40897,Execution worker Thread 29,5,main]) started.
[        ] > Task :file_selector_android:processDebugManifest UP-TO-DATE
[        ] Caching disabled for task ':file_selector_android:processDebugManifest' because:
[        ]   Build cache is disabled
[        ] Skipping task ':file_selector_android:processDebugManifest' as it is up-to-date.
[        ] work action resolve AndroidManifest.xml (project :file_selector_android) (Thread[#40897,Execution worker Thread 29,5,main]) started.
[        ] Resolve mutations for :flutter_keyboard_visibility_temp_fork:extractDeepLinksDebug (Thread[#40897,Execution worker Thread 29,5,main]) started.
[        ] :flutter_keyboard_visibility_temp_fork:extractDeepLinksDebug (Thread[#40897,Execution worker Thread 29,5,main]) started.
[        ] > Task :flutter_keyboard_visibility_temp_fork:extractDeepLinksDebug UP-TO-DATE
[        ] Caching disabled for task ':flutter_keyboard_visibility_temp_fork:extractDeepLinksDebug' because:
[        ]   Build cache is disabled
[        ] Skipping task ':flutter_keyboard_visibility_temp_fork:extractDeepLinksDebug' as it is up-to-date.
[        ] work action resolve navigation.json (project :flutter_keyboard_visibility_temp_fork) (Thread[#40897,Execution worker Thread 29,5,main]) started.
[        ] Resolve mutations for :flutter_keyboard_visibility_temp_fork:processDebugManifest (Thread[#40897,Execution worker Thread 29,5,main]) started.
[        ] :flutter_keyboard_visibility_temp_fork:processDebugManifest (Thread[#40897,Execution worker Thread 29,5,main]) started.
[        ] > Task :flutter_keyboard_visibility_temp_fork:processDebugManifest UP-TO-DATE
[        ] Caching disabled for task ':flutter_keyboard_visibility_temp_fork:processDebugManifest' because:
[        ]   Build cache is disabled
[        ] Skipping task ':flutter_keyboard_visibility_temp_fork:processDebugManifest' as it is up-to-date.
[        ] work action resolve AndroidManifest.xml (project :flutter_keyboard_visibility_temp_fork) (Thread[#40897,Execution worker Thread 29,5,main]) started.
[        ] Resolve mutations for :flutter_native_splash:extractDeepLinksDebug (Thread[#40897,Execution worker Thread 29,5,main]) started.
[        ] :flutter_native_splash:extractDeepLinksDebug (Thread[#40897,Execution worker Thread 29,5,main]) started.
[        ] > Task :flutter_native_splash:extractDeepLinksDebug UP-TO-DATE
[        ] Caching disabled for task ':flutter_native_splash:extractDeepLinksDebug' because:
[        ]   Build cache is disabled
[        ] Skipping task ':flutter_native_splash:extractDeepLinksDebug' as it is up-to-date.
[        ] work action resolve navigation.json (project :flutter_native_splash) (Thread[#40897,Execution worker Thread 29,5,main]) started.
[        ] Resolve mutations for :flutter_native_splash:processDebugManifest (Thread[#40897,Execution worker Thread 29,5,main]) started.
[        ] :flutter_native_splash:processDebugManifest (Thread[#40897,Execution worker Thread 29,5,main]) started.
[        ] > Task :flutter_native_splash:processDebugManifest UP-TO-DATE
[        ] Caching disabled for task ':flutter_native_splash:processDebugManifest' because:
[        ]   Build cache is disabled
[        ] Skipping task ':flutter_native_splash:processDebugManifest' as it is up-to-date.
[        ] work action resolve AndroidManifest.xml (project :flutter_native_splash) (Thread[#40897,Execution worker Thread 29,5,main]) started.
[        ] Resolve mutations for :flutter_olm:extractDeepLinksDebug (Thread[#40897,Execution worker Thread 29,5,main]) started.
[        ] :flutter_olm:extractDeepLinksDebug (Thread[#40897,Execution worker Thread 29,5,main]) started.
[        ] > Task :flutter_olm:extractDeepLinksDebug UP-TO-DATE
[        ] Caching disabled for task ':flutter_olm:extractDeepLinksDebug' because:
[        ]   Build cache is disabled
[        ] Skipping task ':flutter_olm:extractDeepLinksDebug' as it is up-to-date.
[        ] work action resolve navigation.json (project :flutter_olm) (Thread[#40897,Execution worker Thread 29,5,main]) started.
[        ] Resolve mutations for :flutter_olm:processDebugManifest (Thread[#40897,Execution worker Thread 29,5,main]) started.
[        ] :flutter_olm:processDebugManifest (Thread[#40897,Execution worker Thread 29,5,main]) started.
[        ] > Task :flutter_olm:processDebugManifest UP-TO-DATE
[        ] Caching disabled for task ':flutter_olm:processDebugManifest' because:
[        ]   Build cache is disabled
[        ] Skipping task ':flutter_olm:processDebugManifest' as it is up-to-date.
[        ] work action resolve AndroidManifest.xml (project :flutter_olm) (Thread[#40897,Execution worker Thread 29,5,main]) started.
[        ] Resolve mutations for :flutter_openssl_crypto:extractDeepLinksDebug (Thread[#40897,Execution worker Thread 29,5,main]) started.
[        ] :flutter_openssl_crypto:extractDeepLinksDebug (Thread[#40897,Execution worker Thread 29,5,main]) started.
[        ] > Task :flutter_openssl_crypto:extractDeepLinksDebug UP-TO-DATE
[        ] Caching disabled for task ':flutter_openssl_crypto:extractDeepLinksDebug' because:
[        ]   Build cache is disabled
[        ] Skipping task ':flutter_openssl_crypto:extractDeepLinksDebug' as it is up-to-date.
[        ] work action resolve navigation.json (project :flutter_openssl_crypto) (Thread[#40897,Execution worker Thread 29,5,main]) started.
[        ] Resolve mutations for :flutter_openssl_crypto:processDebugManifest (Thread[#40897,Execution worker Thread 29,5,main]) started.
[        ] :flutter_openssl_crypto:processDebugManifest (Thread[#40897,Execution worker Thread 29,5,main]) started.
[        ] > Task :flutter_openssl_crypto:processDebugManifest UP-TO-DATE
[        ] Caching disabled for task ':flutter_openssl_crypto:processDebugManifest' because:
[        ]   Build cache is disabled
[        ] Skipping task ':flutter_openssl_crypto:processDebugManifest' as it is up-to-date.
[        ] work action resolve AndroidManifest.xml (project :flutter_openssl_crypto) (Thread[#40897,Execution worker Thread 29,5,main]) started.
[        ] Resolve mutations for :integration_test:extractDeepLinksDebug (Thread[#40897,Execution worker Thread 29,5,main]) started.
[        ] :integration_test:extractDeepLinksDebug (Thread[#40897,Execution worker Thread 29,5,main]) started.
[        ] > Task :integration_test:extractDeepLinksDebug UP-TO-DATE
[        ] Caching disabled for task ':integration_test:extractDeepLinksDebug' because:
[        ]   Build cache is disabled
[        ] Skipping task ':integration_test:extractDeepLinksDebug' as it is up-to-date.
[        ] work action resolve navigation.json (project :integration_test) (Thread[#40897,Execution worker Thread 29,5,main]) started.
[        ] Resolve mutations for :integration_test:processDebugManifest (Thread[#40897,Execution worker Thread 29,5,main]) started.
[        ] :integration_test:processDebugManifest (Thread[#40897,Execution worker Thread 29,5,main]) started.
[        ] > Task :integration_test:processDebugManifest UP-TO-DATE
[        ] Caching disabled for task ':integration_test:processDebugManifest' because:
[        ]   Build cache is disabled
[        ] Skipping task ':integration_test:processDebugManifest' as it is up-to-date.
[        ] work action resolve AndroidManifest.xml (project :integration_test) (Thread[#40897,Execution worker Thread 29,5,main]) started.
[        ] Resolve mutations for :path_provider_android:extractDeepLinksDebug (Thread[#40897,Execution worker Thread 29,5,main]) started.
[        ] :path_provider_android:extractDeepLinksDebug (Thread[#40897,Execution worker Thread 29,5,main]) started.
[        ] > Task :path_provider_android:extractDeepLinksDebug UP-TO-DATE
[        ] Caching disabled for task ':path_provider_android:extractDeepLinksDebug' because:
[        ]   Build cache is disabled
[        ] Skipping task ':path_provider_android:extractDeepLinksDebug' as it is up-to-date.
[        ] work action resolve navigation.json (project :path_provider_android) (Thread[#40897,Execution worker Thread 29,5,main]) started.
[        ] Resolve mutations for :path_provider_android:processDebugManifest (Thread[#40897,Execution worker Thread 29,5,main]) started.
[        ] :path_provider_android:processDebugManifest (Thread[#40897,Execution worker Thread 29,5,main]) started.
[        ] > Task :path_provider_android:processDebugManifest UP-TO-DATE
[        ] Caching disabled for task ':path_provider_android:processDebugManifest' because:
[        ]   Build cache is disabled
[        ] Skipping task ':path_provider_android:processDebugManifest' as it is up-to-date.
[        ] work action resolve AndroidManifest.xml (project :path_provider_android) (Thread[#40897,Execution worker Thread 29,5,main]) started.
[        ] Resolve mutations for :quill_native_bridge_android:extractDeepLinksDebug (Thread[#40897,Execution worker Thread 29,5,main]) started.
[        ] :quill_native_bridge_android:extractDeepLinksDebug (Thread[#40897,Execution worker Thread 29,5,main]) started.
[        ] > Task :quill_native_bridge_android:extractDeepLinksDebug UP-TO-DATE
[        ] Caching disabled for task ':quill_native_bridge_android:extractDeepLinksDebug' because:
[        ]   Build cache is disabled
[        ] Skipping task ':quill_native_bridge_android:extractDeepLinksDebug' as it is up-to-date.
[        ] work action resolve navigation.json (project :quill_native_bridge_android) (Thread[#40897,Execution worker Thread 29,5,main]) started.
[        ] Resolve mutations for :quill_native_bridge_android:processDebugManifest (Thread[#40897,Execution worker Thread 29,5,main]) started.
[        ] :quill_native_bridge_android:processDebugManifest (Thread[#40897,Execution worker Thread 29,5,main]) started.
[        ] > Task :quill_native_bridge_android:processDebugManifest UP-TO-DATE
[        ] Caching disabled for task ':quill_native_bridge_android:processDebugManifest' because:
[        ]   Build cache is disabled
[        ] Skipping task ':quill_native_bridge_android:processDebugManifest' as it is up-to-date.
[        ] work action resolve AndroidManifest.xml (project :quill_native_bridge_android) (Thread[#40897,Execution worker Thread 29,5,main]) started.
[        ] Resolve mutations for :shared_preferences_android:extractDeepLinksDebug (Thread[#40897,Execution worker Thread 29,5,main]) started.
[        ] :shared_preferences_android:extractDeepLinksDebug (Thread[#40897,Execution worker Thread 29,5,main]) started.
[        ] > Task :shared_preferences_android:extractDeepLinksDebug UP-TO-DATE
[        ] Caching disabled for task ':shared_preferences_android:extractDeepLinksDebug' because:
[        ]   Build cache is disabled
[        ] Skipping task ':shared_preferences_android:extractDeepLinksDebug' as it is up-to-date.
[        ] work action resolve navigation.json (project :shared_preferences_android) (Thread[#40897,Execution worker Thread 29,5,main]) started.
[        ] Resolve mutations for :shared_preferences_android:processDebugManifest (Thread[#40897,Execution worker Thread 29,5,main]) started.
[        ] :shared_preferences_android:processDebugManifest (Thread[#40897,Execution worker Thread 29,5,main]) started.
[        ] > Task :shared_preferences_android:processDebugManifest UP-TO-DATE
[        ] Caching disabled for task ':shared_preferences_android:processDebugManifest' because:
[        ]   Build cache is disabled
[        ] Skipping task ':shared_preferences_android:processDebugManifest' as it is up-to-date.
[        ] work action resolve AndroidManifest.xml (project :shared_preferences_android) (Thread[#40897,Execution worker Thread 29,5,main]) started.
[        ] Resolve mutations for :sqflite_android:extractDeepLinksDebug (Thread[#40897,Execution worker Thread 29,5,main]) started.
[        ] :sqflite_android:extractDeepLinksDebug (Thread[#40897,Execution worker Thread 29,5,main]) started.
[        ] > Task :sqflite_android:extractDeepLinksDebug UP-TO-DATE
[        ] Caching disabled for task ':sqflite_android:extractDeepLinksDebug' because:
[        ]   Build cache is disabled
[        ] Skipping task ':sqflite_android:extractDeepLinksDebug' as it is up-to-date.
[        ] work action resolve navigation.json (project :sqflite_android) (Thread[#40897,Execution worker Thread 29,5,main]) started.
[        ] Resolve mutations for :sqflite_android:processDebugManifest (Thread[#40897,Execution worker Thread 29,5,main]) started.
[        ] :sqflite_android:processDebugManifest (Thread[#40897,Execution worker Thread 29,5,main]) started.
[        ] > Task :sqflite_android:processDebugManifest UP-TO-DATE
[        ] Caching disabled for task ':sqflite_android:processDebugManifest' because:
[        ]   Build cache is disabled
[        ] Skipping task ':sqflite_android:processDebugManifest' as it is up-to-date.
[        ] work action resolve AndroidManifest.xml (project :sqflite_android) (Thread[#40897,Execution worker Thread 29,5,main]) started.
[        ] Resolve mutations for :url_launcher_android:extractDeepLinksDebug (Thread[#40897,Execution worker Thread 29,5,main]) started.
[        ] :url_launcher_android:extractDeepLinksDebug (Thread[#40897,Execution worker Thread 29,5,main]) started.
[        ] > Task :url_launcher_android:extractDeepLinksDebug UP-TO-DATE
[        ] Caching disabled for task ':url_launcher_android:extractDeepLinksDebug' because:
[        ]   Build cache is disabled
[        ] Skipping task ':url_launcher_android:extractDeepLinksDebug' as it is up-to-date.
[        ] work action resolve navigation.json (project :url_launcher_android) (Thread[#40897,Execution worker Thread 29,5,main]) started.
[        ] Resolve mutations for :url_launcher_android:processDebugManifest (Thread[#40897,Execution worker Thread 29,5,main]) started.
[        ] :url_launcher_android:processDebugManifest (Thread[#40897,Execution worker Thread 29,5,main]) started.
[        ] > Task :url_launcher_android:processDebugManifest UP-TO-DATE
[        ] Caching disabled for task ':url_launcher_android:processDebugManifest' because:
[        ]   Build cache is disabled
[        ] Skipping task ':url_launcher_android:processDebugManifest' as it is up-to-date.
[        ] work action resolve AndroidManifest.xml (project :url_launcher_android) (Thread[#40897,Execution worker Thread 29,5,main]) started.
[        ] Resolve mutations for :video_player_android:extractDeepLinksDebug (Thread[#40897,Execution worker Thread 29,5,main]) started.
[        ] :video_player_android:extractDeepLinksDebug (Thread[#40897,Execution worker Thread 29,5,main]) started.
[        ] > Task :video_player_android:extractDeepLinksDebug UP-TO-DATE
[        ] Caching disabled for task ':video_player_android:extractDeepLinksDebug' because:
[        ]   Build cache is disabled
[        ] Skipping task ':video_player_android:extractDeepLinksDebug' as it is up-to-date.
[        ] work action resolve navigation.json (project :video_player_android) (Thread[#40897,Execution worker Thread 29,5,main]) started.
[        ] Resolve mutations for :video_player_android:processDebugManifest (Thread[#40897,Execution worker Thread 29,5,main]) started.
[        ] :video_player_android:processDebugManifest (Thread[#40897,Execution worker Thread 29,5,main]) started.
[        ] > Task :video_player_android:processDebugManifest UP-TO-DATE
[        ] Caching disabled for task ':video_player_android:processDebugManifest' because:
[        ]   Build cache is disabled
[        ] Skipping task ':video_player_android:processDebugManifest' as it is up-to-date.
[        ] work action resolve AndroidManifest.xml (project :video_player_android) (Thread[#40897,Execution worker Thread 29,5,main]) started.
[        ] Resolve mutations for :app:processDebugMainManifest (Thread[#40897,Execution worker Thread 29,5,main]) started.
[        ] :app:processDebugMainManifest (Thread[#40897,Execution worker Thread 29,5,main]) started.
[        ] > Task :app:processDebugMainManifest UP-TO-DATE
[        ] Caching disabled for task ':app:processDebugMainManifest' because:
[        ]   Build cache is disabled
[        ] Skipping task ':app:processDebugMainManifest' as it is up-to-date.
[        ] Resolve mutations for :app:outputDebugAppLinkSettings (Thread[#40897,Execution worker Thread 29,5,main]) started.
[        ] :app:outputDebugAppLinkSettings (Thread[#40897,Execution worker Thread 29,5,main]) started.
[        ] > Task :app:outputDebugAppLinkSettings UP-TO-DATE
[        ] Caching disabled for task ':app:outputDebugAppLinkSettings' because:
[        ]   Build cache is disabled
[        ]   Caching has not been enabled for the task
[        ] Skipping task ':app:outputDebugAppLinkSettings' as it is up-to-date.
[        ] Resolve mutations for :app:processDebugManifest (Thread[#40897,Execution worker Thread 29,5,main]) started.
[        ] :app:processDebugManifest (Thread[#40897,Execution worker Thread 29,5,main]) started.
[        ] > Task :app:processDebugManifest UP-TO-DATE
[        ] Caching disabled for task ':app:processDebugManifest' because:
[        ]   Build cache is disabled
[        ] Skipping task ':app:processDebugManifest' as it is up-to-date.
[        ] Resolve mutations for :app:processDebugManifestForPackage (Thread[#40897,Execution worker Thread 29,5,main]) started.
[        ] :app:processDebugManifestForPackage (Thread[#40897,Execution worker Thread 29,5,main]) started.
[        ] > Task :app:processDebugManifestForPackage UP-TO-DATE
[        ] Custom actions are attached to task ':app:processDebugManifestForPackage'.
[        ] Caching disabled for task ':app:processDebugManifestForPackage' because:
[        ]   Build cache is disabled
[        ] Skipping task ':app:processDebugManifestForPackage' as it is up-to-date.
[        ] Resolve mutations for :connectivity_plus:compileDebugLibraryResources (Thread[#40897,Execution worker Thread 29,5,main]) started.
[        ] :connectivity_plus:compileDebugLibraryResources (Thread[#40897,Execution worker Thread 29,5,main]) started.
[        ] > Task :connectivity_plus:compileDebugLibraryResources UP-TO-DATE
[        ] Caching disabled for task ':connectivity_plus:compileDebugLibraryResources' because:
[        ]   Build cache is disabled
[        ] Skipping task ':connectivity_plus:compileDebugLibraryResources' as it is up-to-date.
[        ] work action resolve out (project :connectivity_plus) (Thread[#40897,Execution worker Thread 29,5,main]) started.
[        ] Resolve mutations for :connectivity_plus:parseDebugLocalResources (Thread[#40897,Execution worker Thread 29,5,main]) started.
[        ] :connectivity_plus:parseDebugLocalResources (Thread[#40897,Execution worker Thread 29,5,main]) started.
[        ] > Task :connectivity_plus:parseDebugLocalResources UP-TO-DATE
[        ] Caching disabled for task ':connectivity_plus:parseDebugLocalResources' because:
[        ]   Build cache is disabled
[        ] Skipping task ':connectivity_plus:parseDebugLocalResources' as it is up-to-date.
[        ] Resolve mutations for :connectivity_plus:generateDebugRFile (Thread[#40897,Execution worker Thread 29,5,main]) started.
[        ] :connectivity_plus:generateDebugRFile (Thread[#40897,Execution worker Thread 29,5,main]) started.
[        ] > Task :connectivity_plus:generateDebugRFile UP-TO-DATE
[        ] Caching disabled for task ':connectivity_plus:generateDebugRFile' because:
[        ]   Build cache is disabled
[        ] Skipping task ':connectivity_plus:generateDebugRFile' as it is up-to-date.
[        ] work action resolve package-aware-r.txt (project :connectivity_plus) (Thread[#40897,Execution worker Thread 29,5,main]) started.
[        ] Resolve mutations for :emoji_picker_flutter:compileDebugLibraryResources (Thread[#40897,Execution worker Thread 29,5,main]) started.
[        ] :emoji_picker_flutter:compileDebugLibraryResources (Thread[#40897,Execution worker Thread 29,5,main]) started.
[        ] > Task :emoji_picker_flutter:compileDebugLibraryResources UP-TO-DATE
[        ] Caching disabled for task ':emoji_picker_flutter:compileDebugLibraryResources' because:
[        ]   Build cache is disabled
[        ] Skipping task ':emoji_picker_flutter:compileDebugLibraryResources' as it is up-to-date.
[        ] work action resolve out (project :emoji_picker_flutter) (Thread[#40897,Execution worker Thread 29,5,main]) started.
[        ] Resolve mutations for :emoji_picker_flutter:parseDebugLocalResources (Thread[#40897,Execution worker Thread 29,5,main]) started.
[        ] :emoji_picker_flutter:parseDebugLocalResources (Thread[#40897,Execution worker Thread 29,5,main]) started.
[        ] > Task :emoji_picker_flutter:parseDebugLocalResources UP-TO-DATE
[        ] Caching disabled for task ':emoji_picker_flutter:parseDebugLocalResources' because:
[        ]   Build cache is disabled
[        ] Skipping task ':emoji_picker_flutter:parseDebugLocalResources' as it is up-to-date.
[        ] Resolve mutations for :emoji_picker_flutter:generateDebugRFile (Thread[#40897,Execution worker Thread 29,5,main]) started.
[        ] :emoji_picker_flutter:generateDebugRFile (Thread[#40897,Execution worker Thread 29,5,main]) started.
[        ] > Task :emoji_picker_flutter:generateDebugRFile UP-TO-DATE
[        ] Caching disabled for task ':emoji_picker_flutter:generateDebugRFile' because:
[        ]   Build cache is disabled
[        ] Skipping task ':emoji_picker_flutter:generateDebugRFile' as it is up-to-date.
[        ] work action resolve package-aware-r.txt (project :emoji_picker_flutter) (Thread[#40897,Execution worker Thread 29,5,main]) started.
[        ] Resolve mutations for :file_selector_android:compileDebugLibraryResources (Thread[#40897,Execution worker Thread 29,5,main]) started.
[        ] :file_selector_android:compileDebugLibraryResources (Thread[#40897,Execution worker Thread 29,5,main]) started.
[        ] > Task :file_selector_android:compileDebugLibraryResources UP-TO-DATE
[        ] Caching disabled for task ':file_selector_android:compileDebugLibraryResources' because:
[        ]   Build cache is disabled
[        ] Skipping task ':file_selector_android:compileDebugLibraryResources' as it is up-to-date.
[        ] work action resolve out (project :file_selector_android) (Thread[#40897,Execution worker Thread 29,5,main]) started.
[        ] Resolve mutations for :file_selector_android:parseDebugLocalResources (Thread[#40897,Execution worker Thread 29,5,main]) started.
[        ] :file_selector_android:parseDebugLocalResources (Thread[#40897,Execution worker Thread 29,5,main]) started.
[        ] > Task :file_selector_android:parseDebugLocalResources UP-TO-DATE
[        ] Caching disabled for task ':file_selector_android:parseDebugLocalResources' because:
[        ]   Build cache is disabled
[        ] Skipping task ':file_selector_android:parseDebugLocalResources' as it is up-to-date.
[        ] Resolve mutations for :file_selector_android:generateDebugRFile (Thread[#40897,Execution worker Thread 29,5,main]) started.
[        ] :file_selector_android:generateDebugRFile (Thread[#40897,Execution worker Thread 29,5,main]) started.
[        ] > Task :file_selector_android:generateDebugRFile UP-TO-DATE
[        ] Caching disabled for task ':file_selector_android:generateDebugRFile' because:
[        ]   Build cache is disabled
[        ] Skipping task ':file_selector_android:generateDebugRFile' as it is up-to-date.
[        ] work action resolve package-aware-r.txt (project :file_selector_android) (Thread[#40897,Execution worker Thread 29,5,main]) started.
[        ] Resolve mutations for :flutter_keyboard_visibility_temp_fork:compileDebugLibraryResources (Thread[#40897,Execution worker Thread 29,5,main]) started.
[        ] :flutter_keyboard_visibility_temp_fork:compileDebugLibraryResources (Thread[#40897,Execution worker Thread 29,5,main]) started.
[        ] > Task :flutter_keyboard_visibility_temp_fork:compileDebugLibraryResources UP-TO-DATE
[        ] Caching disabled for task ':flutter_keyboard_visibility_temp_fork:compileDebugLibraryResources' because:
[        ]   Build cache is disabled
[        ] Skipping task ':flutter_keyboard_visibility_temp_fork:compileDebugLibraryResources' as it is up-to-date.
[        ] work action resolve out (project :flutter_keyboard_visibility_temp_fork) (Thread[#40897,Execution worker Thread 29,5,main]) started.
[        ] Resolve mutations for :flutter_keyboard_visibility_temp_fork:parseDebugLocalResources (Thread[#40897,Execution worker Thread 29,5,main]) started.
[        ] :flutter_keyboard_visibility_temp_fork:parseDebugLocalResources (Thread[#40897,Execution worker Thread 29,5,main]) started.
[        ] > Task :flutter_keyboard_visibility_temp_fork:parseDebugLocalResources UP-TO-DATE
[        ] Caching disabled for task ':flutter_keyboard_visibility_temp_fork:parseDebugLocalResources' because:
[        ]   Build cache is disabled
[        ] Skipping task ':flutter_keyboard_visibility_temp_fork:parseDebugLocalResources' as it is up-to-date.
[        ] Resolve mutations for :flutter_keyboard_visibility_temp_fork:generateDebugRFile (Thread[#40897,Execution worker Thread 29,5,main]) started.
[        ] :flutter_keyboard_visibility_temp_fork:generateDebugRFile (Thread[#40897,Execution worker Thread 29,5,main]) started.
[        ] > Task :flutter_keyboard_visibility_temp_fork:generateDebugRFile UP-TO-DATE
[        ] Caching disabled for task ':flutter_keyboard_visibility_temp_fork:generateDebugRFile' because:
[        ]   Build cache is disabled
[        ] Skipping task ':flutter_keyboard_visibility_temp_fork:generateDebugRFile' as it is up-to-date.
[        ] work action resolve package-aware-r.txt (project :flutter_keyboard_visibility_temp_fork) (Thread[#40897,Execution worker Thread 29,5,main]) started.
[        ] Resolve mutations for :flutter_native_splash:compileDebugLibraryResources (Thread[#40897,Execution worker Thread 29,5,main]) started.
[        ] :flutter_native_splash:compileDebugLibraryResources (Thread[#40897,Execution worker Thread 29,5,main]) started.
[        ] > Task :flutter_native_splash:compileDebugLibraryResources UP-TO-DATE
[        ] Caching disabled for task ':flutter_native_splash:compileDebugLibraryResources' because:
[        ]   Build cache is disabled
[        ] Skipping task ':flutter_native_splash:compileDebugLibraryResources' as it is up-to-date.
[        ] work action resolve out (project :flutter_native_splash) (Thread[#40897,Execution worker Thread 29,5,main]) started.
[        ] Resolve mutations for :flutter_native_splash:parseDebugLocalResources (Thread[#40897,Execution worker Thread 29,5,main]) started.
[        ] :flutter_native_splash:parseDebugLocalResources (Thread[#40897,Execution worker Thread 29,5,main]) started.
[        ] > Task :flutter_native_splash:parseDebugLocalResources UP-TO-DATE
[        ] Caching disabled for task ':flutter_native_splash:parseDebugLocalResources' because:
[        ]   Build cache is disabled
[        ] Skipping task ':flutter_native_splash:parseDebugLocalResources' as it is up-to-date.
[        ] Resolve mutations for :flutter_native_splash:generateDebugRFile (Thread[#40897,Execution worker Thread 29,5,main]) started.
[        ] :flutter_native_splash:generateDebugRFile (Thread[#40897,Execution worker Thread 29,5,main]) started.
[        ] > Task :flutter_native_splash:generateDebugRFile UP-TO-DATE
[        ] Caching disabled for task ':flutter_native_splash:generateDebugRFile' because:
[        ]   Build cache is disabled
[        ] Skipping task ':flutter_native_splash:generateDebugRFile' as it is up-to-date.
[        ] work action resolve package-aware-r.txt (project :flutter_native_splash) (Thread[#40897,Execution worker Thread 29,5,main]) started.
[        ] Resolve mutations for :flutter_olm:compileDebugLibraryResources (Thread[#40897,Execution worker Thread 29,5,main]) started.
[        ] :flutter_olm:compileDebugLibraryResources (Thread[#40897,Execution worker Thread 29,5,main]) started.
[        ] > Task :flutter_olm:compileDebugLibraryResources UP-TO-DATE
[        ] Caching disabled for task ':flutter_olm:compileDebugLibraryResources' because:
[        ]   Build cache is disabled
[        ] Skipping task ':flutter_olm:compileDebugLibraryResources' as it is up-to-date.
[        ] work action resolve out (project :flutter_olm) (Thread[#40897,Execution worker Thread 29,5,main]) started.
[        ] Resolve mutations for :flutter_olm:parseDebugLocalResources (Thread[#40897,Execution worker Thread 29,5,main]) started.
[        ] :flutter_olm:parseDebugLocalResources (Thread[#40897,Execution worker Thread 29,5,main]) started.
[        ] > Task :flutter_olm:parseDebugLocalResources UP-TO-DATE
[        ] Caching disabled for task ':flutter_olm:parseDebugLocalResources' because:
[        ]   Build cache is disabled
[        ] Skipping task ':flutter_olm:parseDebugLocalResources' as it is up-to-date.
[        ] Resolve mutations for :flutter_olm:generateDebugRFile (Thread[#40897,Execution worker Thread 29,5,main]) started.
[        ] :flutter_olm:generateDebugRFile (Thread[#40897,Execution worker Thread 29,5,main]) started.
[        ] > Task :flutter_olm:generateDebugRFile UP-TO-DATE
[        ] Caching disabled for task ':flutter_olm:generateDebugRFile' because:
[        ]   Build cache is disabled
[        ] Skipping task ':flutter_olm:generateDebugRFile' as it is up-to-date.
[        ] work action resolve package-aware-r.txt (project :flutter_olm) (Thread[#40897,Execution worker Thread 29,5,main]) started.
[        ] Resolve mutations for :flutter_openssl_crypto:compileDebugLibraryResources (Thread[#40897,Execution worker Thread 29,5,main]) started.
[        ] :flutter_openssl_crypto:compileDebugLibraryResources (Thread[#40897,Execution worker Thread 29,5,main]) started.
[        ] > Task :flutter_openssl_crypto:compileDebugLibraryResources UP-TO-DATE
[        ] Caching disabled for task ':flutter_openssl_crypto:compileDebugLibraryResources' because:
[        ]   Build cache is disabled
[        ] Skipping task ':flutter_openssl_crypto:compileDebugLibraryResources' as it is up-to-date.
[        ] work action resolve out (project :flutter_openssl_crypto) (Thread[#40897,Execution worker Thread 29,5,main]) started.
[        ] Resolve mutations for :flutter_openssl_crypto:parseDebugLocalResources (Thread[#40897,Execution worker Thread 29,5,main]) started.
[        ] :flutter_openssl_crypto:parseDebugLocalResources (Thread[#40897,Execution worker Thread 29,5,main]) started.
[        ] > Task :flutter_openssl_crypto:parseDebugLocalResources UP-TO-DATE
[        ] Caching disabled for task ':flutter_openssl_crypto:parseDebugLocalResources' because:
[        ]   Build cache is disabled
[        ] Skipping task ':flutter_openssl_crypto:parseDebugLocalResources' as it is up-to-date.
[        ] Resolve mutations for :flutter_openssl_crypto:generateDebugRFile (Thread[#40897,Execution worker Thread 29,5,main]) started.
[        ] :flutter_openssl_crypto:generateDebugRFile (Thread[#40897,Execution worker Thread 29,5,main]) started.
[        ] > Task :flutter_openssl_crypto:generateDebugRFile UP-TO-DATE
[        ] Caching disabled for task ':flutter_openssl_crypto:generateDebugRFile' because:
[        ]   Build cache is disabled
[        ] Skipping task ':flutter_openssl_crypto:generateDebugRFile' as it is up-to-date.
[        ] work action resolve package-aware-r.txt (project :flutter_openssl_crypto) (Thread[#40897,Execution worker Thread 29,5,main]) started.
[        ] Resolve mutations for :integration_test:compileDebugLibraryResources (Thread[#40897,Execution worker Thread 29,5,main]) started.
[        ] :integration_test:compileDebugLibraryResources (Thread[#40897,Execution worker Thread 29,5,main]) started.
[        ] > Task :integration_test:compileDebugLibraryResources UP-TO-DATE
[        ] Caching disabled for task ':integration_test:compileDebugLibraryResources' because:
[        ]   Build cache is disabled
[        ] Skipping task ':integration_test:compileDebugLibraryResources' as it is up-to-date.
[        ] work action resolve out (project :integration_test) (Thread[#40897,Execution worker Thread 29,5,main]) started.
[        ] Resolve mutations for :integration_test:parseDebugLocalResources (Thread[#40897,Execution worker Thread 29,5,main]) started.
[        ] :integration_test:parseDebugLocalResources (Thread[#40880,Execution worker Thread 12,5,main]) started.
[        ] > Task :integration_test:parseDebugLocalResources UP-TO-DATE
[        ] Caching disabled for task ':integration_test:parseDebugLocalResources' because:
[        ]   Build cache is disabled
[        ] Skipping task ':integration_test:parseDebugLocalResources' as it is up-to-date.
[        ] Resolve mutations for :integration_test:generateDebugRFile (Thread[#40880,Execution worker Thread 12,5,main]) started.
[        ] :integration_test:generateDebugRFile (Thread[#40880,Execution worker Thread 12,5,main]) started.
[        ] > Task :integration_test:generateDebugRFile UP-TO-DATE
[        ] Caching disabled for task ':integration_test:generateDebugRFile' because:
[        ]   Build cache is disabled
[        ] Skipping task ':integration_test:generateDebugRFile' as it is up-to-date.
[        ] work action resolve package-aware-r.txt (project :integration_test) (Thread[#40880,Execution worker Thread 12,5,main]) started.
[        ] Resolve mutations for :path_provider_android:compileDebugLibraryResources (Thread[#40880,Execution worker Thread 12,5,main]) started.
[        ] :path_provider_android:compileDebugLibraryResources (Thread[#40880,Execution worker Thread 12,5,main]) started.
[        ] > Task :path_provider_android:compileDebugLibraryResources UP-TO-DATE
[        ] Caching disabled for task ':path_provider_android:compileDebugLibraryResources' because:
[        ]   Build cache is disabled
[        ] Skipping task ':path_provider_android:compileDebugLibraryResources' as it is up-to-date.
[        ] work action resolve out (project :path_provider_android) (Thread[#40880,Execution worker Thread 12,5,main]) started.
[        ] Resolve mutations for :path_provider_android:parseDebugLocalResources (Thread[#40880,Execution worker Thread 12,5,main]) started.
[        ] :path_provider_android:parseDebugLocalResources (Thread[#40880,Execution worker Thread 12,5,main]) started.
[        ] > Task :path_provider_android:parseDebugLocalResources UP-TO-DATE
[        ] Caching disabled for task ':path_provider_android:parseDebugLocalResources' because:
[        ]   Build cache is disabled
[        ] Skipping task ':path_provider_android:parseDebugLocalResources' as it is up-to-date.
[        ] Resolve mutations for :path_provider_android:generateDebugRFile (Thread[#40880,Execution worker Thread 12,5,main]) started.
[        ] :path_provider_android:generateDebugRFile (Thread[#40880,Execution worker Thread 12,5,main]) started.
[        ] > Task :path_provider_android:generateDebugRFile UP-TO-DATE
[        ] Caching disabled for task ':path_provider_android:generateDebugRFile' because:
[        ]   Build cache is disabled
[        ] Skipping task ':path_provider_android:generateDebugRFile' as it is up-to-date.
[        ] work action resolve package-aware-r.txt (project :path_provider_android) (Thread[#40880,Execution worker Thread 12,5,main]) started.
[        ] Resolve mutations for :quill_native_bridge_android:compileDebugLibraryResources (Thread[#40880,Execution worker Thread 12,5,main]) started.
[        ] :quill_native_bridge_android:compileDebugLibraryResources (Thread[#40880,Execution worker Thread 12,5,main]) started.
[        ] > Task :quill_native_bridge_android:compileDebugLibraryResources UP-TO-DATE
[        ] Caching disabled for task ':quill_native_bridge_android:compileDebugLibraryResources' because:
[        ]   Build cache is disabled
[        ] Skipping task ':quill_native_bridge_android:compileDebugLibraryResources' as it is up-to-date.
[        ] work action resolve out (project :quill_native_bridge_android) (Thread[#40880,Execution worker Thread 12,5,main]) started.
[        ] Resolve mutations for :quill_native_bridge_android:parseDebugLocalResources (Thread[#40880,Execution worker Thread 12,5,main]) started.
[        ] :quill_native_bridge_android:parseDebugLocalResources (Thread[#40880,Execution worker Thread 12,5,main]) started.
[        ] > Task :quill_native_bridge_android:parseDebugLocalResources UP-TO-DATE
[        ] Caching disabled for task ':quill_native_bridge_android:parseDebugLocalResources' because:
[        ]   Build cache is disabled
[        ] Skipping task ':quill_native_bridge_android:parseDebugLocalResources' as it is up-to-date.
[        ] Resolve mutations for :quill_native_bridge_android:generateDebugRFile (Thread[#40880,Execution worker Thread 12,5,main]) started.
[        ] :quill_native_bridge_android:generateDebugRFile (Thread[#40880,Execution worker Thread 12,5,main]) started.
[        ] > Task :quill_native_bridge_android:generateDebugRFile UP-TO-DATE
[        ] Caching disabled for task ':quill_native_bridge_android:generateDebugRFile' because:
[        ]   Build cache is disabled
[        ] Skipping task ':quill_native_bridge_android:generateDebugRFile' as it is up-to-date.
[        ] work action resolve package-aware-r.txt (project :quill_native_bridge_android) (Thread[#40880,Execution worker Thread 12,5,main]) started.
[        ] Resolve mutations for :shared_preferences_android:compileDebugLibraryResources (Thread[#40880,Execution worker Thread 12,5,main]) started.
[        ] :shared_preferences_android:compileDebugLibraryResources (Thread[#40880,Execution worker Thread 12,5,main]) started.
[        ] > Task :shared_preferences_android:compileDebugLibraryResources UP-TO-DATE
[        ] Caching disabled for task ':shared_preferences_android:compileDebugLibraryResources' because:
[        ]   Build cache is disabled
[        ] Skipping task ':shared_preferences_android:compileDebugLibraryResources' as it is up-to-date.
[        ] work action resolve out (project :shared_preferences_android) (Thread[#40880,Execution worker Thread 12,5,main]) started.
[        ] Resolve mutations for :shared_preferences_android:parseDebugLocalResources (Thread[#40880,Execution worker Thread 12,5,main]) started.
[        ] :shared_preferences_android:parseDebugLocalResources (Thread[#40880,Execution worker Thread 12,5,main]) started.
[        ] > Task :shared_preferences_android:parseDebugLocalResources UP-TO-DATE
[        ] Caching disabled for task ':shared_preferences_android:parseDebugLocalResources' because:
[        ]   Build cache is disabled
[        ] Skipping task ':shared_preferences_android:parseDebugLocalResources' as it is up-to-date.
[        ] Resolve mutations for :shared_preferences_android:generateDebugRFile (Thread[#40880,Execution worker Thread 12,5,main]) started.
[        ] :shared_preferences_android:generateDebugRFile (Thread[#40880,Execution worker Thread 12,5,main]) started.
[        ] > Task :shared_preferences_android:generateDebugRFile UP-TO-DATE
[        ] Caching disabled for task ':shared_preferences_android:generateDebugRFile' because:
[        ]   Build cache is disabled
[        ] Skipping task ':shared_preferences_android:generateDebugRFile' as it is up-to-date.
[        ] work action resolve package-aware-r.txt (project :shared_preferences_android) (Thread[#40880,Execution worker Thread 12,5,main]) started.
[        ] Resolve mutations for :sqflite_android:compileDebugLibraryResources (Thread[#40880,Execution worker Thread 12,5,main]) started.
[        ] :sqflite_android:compileDebugLibraryResources (Thread[#40880,Execution worker Thread 12,5,main]) started.
[        ] > Task :sqflite_android:compileDebugLibraryResources UP-TO-DATE
[        ] Caching disabled for task ':sqflite_android:compileDebugLibraryResources' because:
[        ]   Build cache is disabled
[        ] Skipping task ':sqflite_android:compileDebugLibraryResources' as it is up-to-date.
[        ] work action resolve out (project :sqflite_android) (Thread[#40880,Execution worker Thread 12,5,main]) started.
[        ] Resolve mutations for :sqflite_android:parseDebugLocalResources (Thread[#40880,Execution worker Thread 12,5,main]) started.
[        ] :sqflite_android:parseDebugLocalResources (Thread[#40880,Execution worker Thread 12,5,main]) started.
[        ] > Task :sqflite_android:parseDebugLocalResources UP-TO-DATE
[        ] Caching disabled for task ':sqflite_android:parseDebugLocalResources' because:
[        ]   Build cache is disabled
[        ] Skipping task ':sqflite_android:parseDebugLocalResources' as it is up-to-date.
[        ] Resolve mutations for :sqflite_android:generateDebugRFile (Thread[#40880,Execution worker Thread 12,5,main]) started.
[        ] :sqflite_android:generateDebugRFile (Thread[#40880,Execution worker Thread 12,5,main]) started.
[        ] > Task :sqflite_android:generateDebugRFile UP-TO-DATE
[        ] Caching disabled for task ':sqflite_android:generateDebugRFile' because:
[        ]   Build cache is disabled
[        ] Skipping task ':sqflite_android:generateDebugRFile' as it is up-to-date.
[        ] work action resolve package-aware-r.txt (project :sqflite_android) (Thread[#40880,Execution worker Thread 12,5,main]) started.
[        ] Resolve mutations for :url_launcher_android:compileDebugLibraryResources (Thread[#40880,Execution worker Thread 12,5,main]) started.
[        ] :url_launcher_android:compileDebugLibraryResources (Thread[#40880,Execution worker Thread 12,5,main]) started.
[        ] > Task :url_launcher_android:compileDebugLibraryResources UP-TO-DATE
[        ] Caching disabled for task ':url_launcher_android:compileDebugLibraryResources' because:
[        ]   Build cache is disabled
[        ] Skipping task ':url_launcher_android:compileDebugLibraryResources' as it is up-to-date.
[        ] work action resolve out (project :url_launcher_android) (Thread[#40880,Execution worker Thread 12,5,main]) started.
[        ] Resolve mutations for :url_launcher_android:parseDebugLocalResources (Thread[#40880,Execution worker Thread 12,5,main]) started.
[        ] :url_launcher_android:parseDebugLocalResources (Thread[#40880,Execution worker Thread 12,5,main]) started.
[        ] > Task :url_launcher_android:parseDebugLocalResources UP-TO-DATE
[        ] Caching disabled for task ':url_launcher_android:parseDebugLocalResources' because:
[        ]   Build cache is disabled
[        ] Skipping task ':url_launcher_android:parseDebugLocalResources' as it is up-to-date.
[        ] Resolve mutations for :url_launcher_android:generateDebugRFile (Thread[#40880,Execution worker Thread 12,5,main]) started.
[        ] :url_launcher_android:generateDebugRFile (Thread[#40880,Execution worker Thread 12,5,main]) started.
[        ] > Task :url_launcher_android:generateDebugRFile UP-TO-DATE
[        ] Caching disabled for task ':url_launcher_android:generateDebugRFile' because:
[        ]   Build cache is disabled
[        ] Skipping task ':url_launcher_android:generateDebugRFile' as it is up-to-date.
[        ] work action resolve package-aware-r.txt (project :url_launcher_android) (Thread[#40880,Execution worker Thread 12,5,main]) started.
[        ] Resolve mutations for :video_player_android:compileDebugLibraryResources (Thread[#40880,Execution worker Thread 12,5,main]) started.
[        ] :video_player_android:compileDebugLibraryResources (Thread[#40880,Execution worker Thread 12,5,main]) started.
[        ] > Task :video_player_android:compileDebugLibraryResources UP-TO-DATE
[        ] Caching disabled for task ':video_player_android:compileDebugLibraryResources' because:
[        ]   Build cache is disabled
[        ] Skipping task ':video_player_android:compileDebugLibraryResources' as it is up-to-date.
[        ] work action resolve out (project :video_player_android) (Thread[#40880,Execution worker Thread 12,5,main]) started.
[        ] Resolve mutations for :video_player_android:parseDebugLocalResources (Thread[#40880,Execution worker Thread 12,5,main]) started.
[        ] :video_player_android:parseDebugLocalResources (Thread[#40880,Execution worker Thread 12,5,main]) started.
[        ] > Task :video_player_android:parseDebugLocalResources UP-TO-DATE
[        ] Caching disabled for task ':video_player_android:parseDebugLocalResources' because:
[        ]   Build cache is disabled
[        ] Skipping task ':video_player_android:parseDebugLocalResources' as it is up-to-date.
[        ] Resolve mutations for :video_player_android:generateDebugRFile (Thread[#40880,Execution worker Thread 12,5,main]) started.
[        ] :video_player_android:generateDebugRFile (Thread[#40880,Execution worker Thread 12,5,main]) started.
[        ] > Task :video_player_android:generateDebugRFile UP-TO-DATE
[        ] Caching disabled for task ':video_player_android:generateDebugRFile' because:
[        ]   Build cache is disabled
[        ] Skipping task ':video_player_android:generateDebugRFile' as it is up-to-date.
[        ] work action resolve package-aware-r.txt (project :video_player_android) (Thread[#40880,Execution worker Thread 12,5,main]) started.
[        ] Resolve mutations for :app:processDebugResources (Thread[#40880,Execution worker Thread 12,5,main]) started.
[        ] :app:processDebugResources (Thread[#40880,Execution worker Thread 12,5,main]) started.
[        ] > Task :app:processDebugResources UP-TO-DATE
[        ] Caching disabled for task ':app:processDebugResources' because:
[        ]   Build cache is disabled
[        ] Skipping task ':app:processDebugResources' as it is up-to-date.
[        ] Resolve mutations for :connectivity_plus:javaPreCompileDebug (Thread[#40880,Execution worker Thread 12,5,main]) started.
[        ] :connectivity_plus:javaPreCompileDebug (Thread[#40880,Execution worker Thread 12,5,main]) started.
[        ] > Task :connectivity_plus:javaPreCompileDebug UP-TO-DATE
[        ] Caching disabled for task ':connectivity_plus:javaPreCompileDebug' because:
[        ]   Build cache is disabled
[        ] Skipping task ':connectivity_plus:javaPreCompileDebug' as it is up-to-date.
[        ] Resolve mutations for :connectivity_plus:compileDebugJavaWithJavac (Thread[#40880,Execution worker Thread 12,5,main]) started.
[        ] :connectivity_plus:compileDebugJavaWithJavac (Thread[#40880,Execution worker Thread 12,5,main]) started.
[        ] > Task :connectivity_plus:compileDebugJavaWithJavac UP-TO-DATE
[        ] Custom actions are attached to task ':connectivity_plus:compileDebugJavaWithJavac'.
[        ] Caching disabled for task ':connectivity_plus:compileDebugJavaWithJavac' because:
[        ]   Build cache is disabled
[        ] Skipping task ':connectivity_plus:compileDebugJavaWithJavac' as it is up-to-date.
[        ] No compile result for :connectivity_plus:compileDebugJavaWithJavac
[        ] No compile result for :connectivity_plus:compileDebugJavaWithJavac
[        ] Resolve mutations for :connectivity_plus:bundleLibCompileToJarDebug (Thread[#40880,Execution worker Thread 12,5,main]) started.
[        ] :connectivity_plus:bundleLibCompileToJarDebug (Thread[#40880,Execution worker Thread 12,5,main]) started.
[        ] > Task :connectivity_plus:bundleLibCompileToJarDebug UP-TO-DATE
[        ] Caching disabled for task ':connectivity_plus:bundleLibCompileToJarDebug' because:
[        ]   Build cache is disabled
[        ]   Simple merging task
[        ] Skipping task ':connectivity_plus:bundleLibCompileToJarDebug' as it is up-to-date.
[        ] work action resolve classes.jar (project :connectivity_plus) (Thread[#40880,Execution worker Thread 12,5,main]) started.
[        ] Resolve mutations for :emoji_picker_flutter:checkKotlinGradlePluginConfigurationErrors (Thread[#40880,Execution worker Thread 12,5,main]) started.
[        ] :emoji_picker_flutter:checkKotlinGradlePluginConfigurationErrors (Thread[#40899,Execution worker Thread 31,5,main]) started.
[        ] > Task :emoji_picker_flutter:checkKotlinGradlePluginConfigurationErrors SKIPPED
[        ] Skipping task ':emoji_picker_flutter:checkKotlinGradlePluginConfigurationErrors' as task onlyIf 'errorDiagnostics are present' is false.
[        ] Resolve mutations for :emoji_picker_flutter:compileDebugKotlin (Thread[#40899,Execution worker Thread 31,5,main]) started.
[        ] :emoji_picker_flutter:compileDebugKotlin (Thread[#40899,Execution worker Thread 31,5,main]) started.
[        ] > Task :emoji_picker_flutter:compileDebugKotlin UP-TO-DATE
[        ] Adding -Xuse-inline-scopes-numbers Kotlin compiler flag for task :emoji_picker_flutter:compileDebugAndroidTestKotlin
[        ] Caching disabled for task ':emoji_picker_flutter:compileDebugKotlin' because:
[        ]   Build cache is disabled
[        ] Skipping task ':emoji_picker_flutter:compileDebugKotlin' as it is up-to-date.
[        ] Resolve mutations for :emoji_picker_flutter:javaPreCompileDebug (Thread[#40899,Execution worker Thread 31,5,main]) started.
[        ] :emoji_picker_flutter:javaPreCompileDebug (Thread[#40899,Execution worker Thread 31,5,main]) started.
[        ] > Task :emoji_picker_flutter:javaPreCompileDebug UP-TO-DATE
[        ] Caching disabled for task ':emoji_picker_flutter:javaPreCompileDebug' because:
[        ]   Build cache is disabled
[        ] Skipping task ':emoji_picker_flutter:javaPreCompileDebug' as it is up-to-date.
[        ] Resolve mutations for :emoji_picker_flutter:compileDebugJavaWithJavac (Thread[#40899,Execution worker Thread 31,5,main]) started.
[        ] :emoji_picker_flutter:compileDebugJavaWithJavac (Thread[#40899,Execution worker Thread 31,5,main]) started.
[        ] > Task :emoji_picker_flutter:compileDebugJavaWithJavac NO-SOURCE
[        ] Skipping task ':emoji_picker_flutter:compileDebugJavaWithJavac' as it has no source files and no previous output files.
[        ] Resolve mutations for :emoji_picker_flutter:bundleLibCompileToJarDebug (Thread[#40899,Execution worker Thread 31,5,main]) started.
[        ] :emoji_picker_flutter:bundleLibCompileToJarDebug (Thread[#40899,Execution worker Thread 31,5,main]) started.
[        ] > Task :emoji_picker_flutter:bundleLibCompileToJarDebug UP-TO-DATE
[        ] Caching disabled for task ':emoji_picker_flutter:bundleLibCompileToJarDebug' because:
[        ]   Build cache is disabled
[        ]   Simple merging task
[        ] Skipping task ':emoji_picker_flutter:bundleLibCompileToJarDebug' as it is up-to-date.
[        ] work action resolve classes.jar (project :emoji_picker_flutter) (Thread[#40899,Execution worker Thread 31,5,main]) started.
[        ] Resolve mutations for :file_selector_android:javaPreCompileDebug (Thread[#40899,Execution worker Thread 31,5,main]) started.
[        ] :file_selector_android:javaPreCompileDebug (Thread[#40899,Execution worker Thread 31,5,main]) started.
[        ] > Task :file_selector_android:javaPreCompileDebug UP-TO-DATE
[        ] Caching disabled for task ':file_selector_android:javaPreCompileDebug' because:
[        ]   Build cache is disabled
[        ] Skipping task ':file_selector_android:javaPreCompileDebug' as it is up-to-date.
[        ] Resolve mutations for :file_selector_android:compileDebugJavaWithJavac (Thread[#40899,Execution worker Thread 31,5,main]) started.
[        ] :file_selector_android:compileDebugJavaWithJavac (Thread[#40899,Execution worker Thread 31,5,main]) started.
[        ] > Task :file_selector_android:compileDebugJavaWithJavac UP-TO-DATE
[        ] Custom actions are attached to task ':file_selector_android:compileDebugJavaWithJavac'.
[        ] Caching disabled for task ':file_selector_android:compileDebugJavaWithJavac' because:
[        ]   Build cache is disabled
[        ] Skipping task ':file_selector_android:compileDebugJavaWithJavac' as it is up-to-date.
[        ] No compile result for :file_selector_android:compileDebugJavaWithJavac
[        ] No compile result for :file_selector_android:compileDebugJavaWithJavac
[        ] Resolve mutations for :file_selector_android:bundleLibCompileToJarDebug (Thread[#40899,Execution worker Thread 31,5,main]) started.
[        ] :file_selector_android:bundleLibCompileToJarDebug (Thread[#40899,Execution worker Thread 31,5,main]) started.
[        ] > Task :file_selector_android:bundleLibCompileToJarDebug UP-TO-DATE
[        ] Caching disabled for task ':file_selector_android:bundleLibCompileToJarDebug' because:
[        ]   Build cache is disabled
[        ]   Simple merging task
[        ] Skipping task ':file_selector_android:bundleLibCompileToJarDebug' as it is up-to-date.
[        ] work action resolve classes.jar (project :file_selector_android) (Thread[#40899,Execution worker Thread 31,5,main]) started.
[        ] Resolve mutations for :flutter_keyboard_visibility_temp_fork:javaPreCompileDebug (Thread[#40899,Execution worker Thread 31,5,main]) started.
[        ] :flutter_keyboard_visibility_temp_fork:javaPreCompileDebug (Thread[#40899,Execution worker Thread 31,5,main]) started.
[        ] > Task :flutter_keyboard_visibility_temp_fork:javaPreCompileDebug UP-TO-DATE
[        ] Caching disabled for task ':flutter_keyboard_visibility_temp_fork:javaPreCompileDebug' because:
[        ]   Build cache is disabled
[        ] Skipping task ':flutter_keyboard_visibility_temp_fork:javaPreCompileDebug' as it is up-to-date.
[        ] Resolve mutations for :flutter_keyboard_visibility_temp_fork:compileDebugJavaWithJavac (Thread[#40899,Execution worker Thread 31,5,main]) started.
[        ] :flutter_keyboard_visibility_temp_fork:compileDebugJavaWithJavac (Thread[#40899,Execution worker Thread 31,5,main]) started.
[        ] > Task :flutter_keyboard_visibility_temp_fork:compileDebugJavaWithJavac UP-TO-DATE
[        ] Custom actions are attached to task ':flutter_keyboard_visibility_temp_fork:compileDebugJavaWithJavac'.
[        ] Caching disabled for task ':flutter_keyboard_visibility_temp_fork:compileDebugJavaWithJavac' because:
[        ]   Build cache is disabled
[        ] Skipping task ':flutter_keyboard_visibility_temp_fork:compileDebugJavaWithJavac' as it is up-to-date.
[        ] No compile result for :flutter_keyboard_visibility_temp_fork:compileDebugJavaWithJavac
[        ] No compile result for :flutter_keyboard_visibility_temp_fork:compileDebugJavaWithJavac
[        ] Resolve mutations for :flutter_keyboard_visibility_temp_fork:bundleLibCompileToJarDebug (Thread[#40899,Execution worker Thread 31,5,main]) started.
[        ] :flutter_keyboard_visibility_temp_fork:bundleLibCompileToJarDebug (Thread[#40899,Execution worker Thread 31,5,main]) started.
[        ] > Task :flutter_keyboard_visibility_temp_fork:bundleLibCompileToJarDebug UP-TO-DATE
[        ] Caching disabled for task ':flutter_keyboard_visibility_temp_fork:bundleLibCompileToJarDebug' because:
[        ]   Build cache is disabled
[        ]   Simple merging task
[        ] Skipping task ':flutter_keyboard_visibility_temp_fork:bundleLibCompileToJarDebug' as it is up-to-date.
[        ] work action resolve classes.jar (project :flutter_keyboard_visibility_temp_fork) (Thread[#40899,Execution worker Thread 31,5,main]) started.
[        ] Resolve mutations for :flutter_native_splash:javaPreCompileDebug (Thread[#40899,Execution worker Thread 31,5,main]) started.
[        ] :flutter_native_splash:javaPreCompileDebug (Thread[#40899,Execution worker Thread 31,5,main]) started.
[        ] > Task :flutter_native_splash:javaPreCompileDebug UP-TO-DATE
[        ] Caching disabled for task ':flutter_native_splash:javaPreCompileDebug' because:
[        ]   Build cache is disabled
[        ] Skipping task ':flutter_native_splash:javaPreCompileDebug' as it is up-to-date.
[        ] Resolve mutations for :flutter_native_splash:compileDebugJavaWithJavac (Thread[#40899,Execution worker Thread 31,5,main]) started.
[        ] :flutter_native_splash:compileDebugJavaWithJavac (Thread[#40899,Execution worker Thread 31,5,main]) started.
[        ] > Task :flutter_native_splash:compileDebugJavaWithJavac UP-TO-DATE
[        ] Custom actions are attached to task ':flutter_native_splash:compileDebugJavaWithJavac'.
[        ] Caching disabled for task ':flutter_native_splash:compileDebugJavaWithJavac' because:
[        ]   Build cache is disabled
[        ] Skipping task ':flutter_native_splash:compileDebugJavaWithJavac' as it is up-to-date.
[        ] No compile result for :flutter_native_splash:compileDebugJavaWithJavac
[        ] No compile result for :flutter_native_splash:compileDebugJavaWithJavac
[        ] Resolve mutations for :flutter_native_splash:bundleLibCompileToJarDebug (Thread[#40899,Execution worker Thread 31,5,main]) started.
[        ] :flutter_native_splash:bundleLibCompileToJarDebug (Thread[#40899,Execution worker Thread 31,5,main]) started.
[        ] > Task :flutter_native_splash:bundleLibCompileToJarDebug UP-TO-DATE
[        ] Caching disabled for task ':flutter_native_splash:bundleLibCompileToJarDebug' because:
[        ]   Build cache is disabled
[        ]   Simple merging task
[        ] Skipping task ':flutter_native_splash:bundleLibCompileToJarDebug' as it is up-to-date.
[        ] work action resolve classes.jar (project :flutter_native_splash) (Thread[#40899,Execution worker Thread 31,5,main]) started.
[        ] Resolve mutations for :flutter_olm:checkKotlinGradlePluginConfigurationErrors (Thread[#40899,Execution worker Thread 31,5,main]) started.
[        ] :flutter_olm:checkKotlinGradlePluginConfigurationErrors (Thread[#40899,Execution worker Thread 31,5,main]) started.
[        ] > Task :flutter_olm:checkKotlinGradlePluginConfigurationErrors SKIPPED
[        ] Skipping task ':flutter_olm:checkKotlinGradlePluginConfigurationErrors' as task onlyIf 'errorDiagnostics are present' is false.
[        ] Resolve mutations for :flutter_olm:compileDebugKotlin (Thread[#40899,Execution worker Thread 31,5,main]) started.
[        ] :flutter_olm:compileDebugKotlin (Thread[#40899,Execution worker Thread 31,5,main]) started.
07:16 +5 -17: loading /Users/florian/Code/substitution/integration_test/app_test.dart                                                                                                                  [  +84 ms] > Task :flutter_olm:compileDebugKotlin UP-TO-DATE
[        ] Adding -Xuse-inline-scopes-numbers Kotlin compiler flag for task :flutter_olm:compileDebugAndroidTestKotlin
[        ] Caching disabled for task ':flutter_olm:compileDebugKotlin' because:
[        ]   Build cache is disabled
[        ] Skipping task ':flutter_olm:compileDebugKotlin' as it is up-to-date.
[        ] Resolve mutations for :flutter_olm:javaPreCompileDebug (Thread[#40899,Execution worker Thread 31,5,main]) started.
[        ] :flutter_olm:javaPreCompileDebug (Thread[#40899,Execution worker Thread 31,5,main]) started.
[        ] > Task :flutter_olm:javaPreCompileDebug UP-TO-DATE
[        ] Caching disabled for task ':flutter_olm:javaPreCompileDebug' because:
[        ]   Build cache is disabled
[        ] Skipping task ':flutter_olm:javaPreCompileDebug' as it is up-to-date.
[        ] Resolve mutations for :flutter_olm:compileDebugJavaWithJavac (Thread[#40899,Execution worker Thread 31,5,main]) started.
[        ] :flutter_olm:compileDebugJavaWithJavac (Thread[#40899,Execution worker Thread 31,5,main]) started.
[        ] > Task :flutter_olm:compileDebugJavaWithJavac NO-SOURCE
[        ] Skipping task ':flutter_olm:compileDebugJavaWithJavac' as it has no source files and no previous output files.
[        ] Resolve mutations for :flutter_olm:bundleLibCompileToJarDebug (Thread[#40899,Execution worker Thread 31,5,main]) started.
[        ] :flutter_olm:bundleLibCompileToJarDebug (Thread[#40899,Execution worker Thread 31,5,main]) started.
[        ] > Task :flutter_olm:bundleLibCompileToJarDebug UP-TO-DATE
[        ] Caching disabled for task ':flutter_olm:bundleLibCompileToJarDebug' because:
[        ]   Build cache is disabled
[        ]   Simple merging task
[        ] Skipping task ':flutter_olm:bundleLibCompileToJarDebug' as it is up-to-date.
[        ] work action resolve classes.jar (project :flutter_olm) (Thread[#40899,Execution worker Thread 31,5,main]) started.
[        ] Resolve mutations for :flutter_openssl_crypto:checkKotlinGradlePluginConfigurationErrors (Thread[#40899,Execution worker Thread 31,5,main]) started.
[        ] :flutter_openssl_crypto:checkKotlinGradlePluginConfigurationErrors (Thread[#40899,Execution worker Thread 31,5,main]) started.
[        ] > Task :flutter_openssl_crypto:checkKotlinGradlePluginConfigurationErrors SKIPPED
[        ] Skipping task ':flutter_openssl_crypto:checkKotlinGradlePluginConfigurationErrors' as task onlyIf 'errorDiagnostics are present' is false.
[        ] Resolve mutations for :flutter_openssl_crypto:compileDebugKotlin (Thread[#40899,Execution worker Thread 31,5,main]) started.
[        ] :flutter_openssl_crypto:compileDebugKotlin (Thread[#40899,Execution worker Thread 31,5,main]) started.
[        ] > Task :flutter_openssl_crypto:compileDebugKotlin UP-TO-DATE
[        ] Adding -Xuse-inline-scopes-numbers Kotlin compiler flag for task :flutter_openssl_crypto:compileDebugAndroidTestKotlin
[        ] Caching disabled for task ':flutter_openssl_crypto:compileDebugKotlin' because:
[        ]   Build cache is disabled
[        ] Skipping task ':flutter_openssl_crypto:compileDebugKotlin' as it is up-to-date.
[        ] Resolve mutations for :flutter_openssl_crypto:javaPreCompileDebug (Thread[#40899,Execution worker Thread 31,5,main]) started.
[        ] :flutter_openssl_crypto:javaPreCompileDebug (Thread[#40899,Execution worker Thread 31,5,main]) started.
[        ] > Task :flutter_openssl_crypto:javaPreCompileDebug UP-TO-DATE
[        ] Caching disabled for task ':flutter_openssl_crypto:javaPreCompileDebug' because:
[        ]   Build cache is disabled
[        ] Skipping task ':flutter_openssl_crypto:javaPreCompileDebug' as it is up-to-date.
[        ] Resolve mutations for :flutter_openssl_crypto:compileDebugJavaWithJavac (Thread[#40899,Execution worker Thread 31,5,main]) started.
[        ] :flutter_openssl_crypto:compileDebugJavaWithJavac (Thread[#40899,Execution worker Thread 31,5,main]) started.
[        ] > Task :flutter_openssl_crypto:compileDebugJavaWithJavac NO-SOURCE
[        ] Skipping task ':flutter_openssl_crypto:compileDebugJavaWithJavac' as it has no source files and no previous output files.
[        ] Resolve mutations for :flutter_openssl_crypto:bundleLibCompileToJarDebug (Thread[#40899,Execution worker Thread 31,5,main]) started.
[        ] :flutter_openssl_crypto:bundleLibCompileToJarDebug (Thread[#40899,Execution worker Thread 31,5,main]) started.
[        ] > Task :flutter_openssl_crypto:bundleLibCompileToJarDebug UP-TO-DATE
[        ] Caching disabled for task ':flutter_openssl_crypto:bundleLibCompileToJarDebug' because:
[        ]   Build cache is disabled
[        ]   Simple merging task
[        ] Skipping task ':flutter_openssl_crypto:bundleLibCompileToJarDebug' as it is up-to-date.
[        ] work action resolve classes.jar (project :flutter_openssl_crypto) (Thread[#40899,Execution worker Thread 31,5,main]) started.
[        ] Resolve mutations for :integration_test:javaPreCompileDebug (Thread[#40899,Execution worker Thread 31,5,main]) started.
[        ] :integration_test:javaPreCompileDebug (Thread[#40899,Execution worker Thread 31,5,main]) started.
[        ] > Task :integration_test:javaPreCompileDebug UP-TO-DATE
[        ] Caching disabled for task ':integration_test:javaPreCompileDebug' because:
[        ]   Build cache is disabled
[        ] Skipping task ':integration_test:javaPreCompileDebug' as it is up-to-date.
[        ] Resolve mutations for :integration_test:compileDebugJavaWithJavac (Thread[#40899,Execution worker Thread 31,5,main]) started.
[        ] :integration_test:compileDebugJavaWithJavac (Thread[#40899,Execution worker Thread 31,5,main]) started.
[        ] > Task :integration_test:compileDebugJavaWithJavac UP-TO-DATE
[        ] Custom actions are attached to task ':integration_test:compileDebugJavaWithJavac'.
[        ] Caching disabled for task ':integration_test:compileDebugJavaWithJavac' because:
[        ]   Build cache is disabled
[        ] Skipping task ':integration_test:compileDebugJavaWithJavac' as it is up-to-date.
[        ] No compile result for :integration_test:compileDebugJavaWithJavac
[        ] No compile result for :integration_test:compileDebugJavaWithJavac
[        ] Resolve mutations for :integration_test:bundleLibCompileToJarDebug (Thread[#40899,Execution worker Thread 31,5,main]) started.
[        ] :integration_test:bundleLibCompileToJarDebug (Thread[#40899,Execution worker Thread 31,5,main]) started.
[        ] > Task :integration_test:bundleLibCompileToJarDebug UP-TO-DATE
[        ] Caching disabled for task ':integration_test:bundleLibCompileToJarDebug' because:
[        ]   Build cache is disabled
[        ]   Simple merging task
[        ] Skipping task ':integration_test:bundleLibCompileToJarDebug' as it is up-to-date.
[        ] work action resolve classes.jar (project :integration_test) (Thread[#40899,Execution worker Thread 31,5,main]) started.
[        ] Resolve mutations for :path_provider_android:javaPreCompileDebug (Thread[#40899,Execution worker Thread 31,5,main]) started.
[        ] :path_provider_android:javaPreCompileDebug (Thread[#40899,Execution worker Thread 31,5,main]) started.
[        ] > Task :path_provider_android:javaPreCompileDebug UP-TO-DATE
[        ] Caching disabled for task ':path_provider_android:javaPreCompileDebug' because:
[        ]   Build cache is disabled
[        ] Skipping task ':path_provider_android:javaPreCompileDebug' as it is up-to-date.
[        ] Resolve mutations for :path_provider_android:compileDebugJavaWithJavac (Thread[#40899,Execution worker Thread 31,5,main]) started.
[        ] :path_provider_android:compileDebugJavaWithJavac (Thread[#40899,Execution worker Thread 31,5,main]) started.
[        ] > Task :path_provider_android:compileDebugJavaWithJavac UP-TO-DATE
[        ] Custom actions are attached to task ':path_provider_android:compileDebugJavaWithJavac'.
[        ] Caching disabled for task ':path_provider_android:compileDebugJavaWithJavac' because:
[        ]   Build cache is disabled
[        ] Skipping task ':path_provider_android:compileDebugJavaWithJavac' as it is up-to-date.
[        ] No compile result for :path_provider_android:compileDebugJavaWithJavac
[        ] No compile result for :path_provider_android:compileDebugJavaWithJavac
[        ] Resolve mutations for :path_provider_android:bundleLibCompileToJarDebug (Thread[#40899,Execution worker Thread 31,5,main]) started.
[        ] :path_provider_android:bundleLibCompileToJarDebug (Thread[#40899,Execution worker Thread 31,5,main]) started.
[        ] > Task :path_provider_android:bundleLibCompileToJarDebug UP-TO-DATE
[        ] Caching disabled for task ':path_provider_android:bundleLibCompileToJarDebug' because:
[        ]   Build cache is disabled
[        ]   Simple merging task
[        ] Skipping task ':path_provider_android:bundleLibCompileToJarDebug' as it is up-to-date.
[        ] work action resolve classes.jar (project :path_provider_android) (Thread[#40899,Execution worker Thread 31,5,main]) started.
[        ] Resolve mutations for :quill_native_bridge_android:checkKotlinGradlePluginConfigurationErrors (Thread[#40899,Execution worker Thread 31,5,main]) started.
[        ] :quill_native_bridge_android:checkKotlinGradlePluginConfigurationErrors (Thread[#40899,Execution worker Thread 31,5,main]) started.
[        ] > Task :quill_native_bridge_android:checkKotlinGradlePluginConfigurationErrors SKIPPED
[        ] Skipping task ':quill_native_bridge_android:checkKotlinGradlePluginConfigurationErrors' as task onlyIf 'errorDiagnostics are present' is false.
[        ] Resolve mutations for :quill_native_bridge_android:compileDebugKotlin (Thread[#40899,Execution worker Thread 31,5,main]) started.
[        ] :quill_native_bridge_android:compileDebugKotlin (Thread[#40899,Execution worker Thread 31,5,main]) started.
[        ] > Task :quill_native_bridge_android:compileDebugKotlin UP-TO-DATE
[        ] Adding -Xuse-inline-scopes-numbers Kotlin compiler flag for task :quill_native_bridge_android:compileDebugAndroidTestKotlin
[        ] Caching disabled for task ':quill_native_bridge_android:compileDebugKotlin' because:
[        ]   Build cache is disabled
[        ] Skipping task ':quill_native_bridge_android:compileDebugKotlin' as it is up-to-date.
[        ] Resolve mutations for :quill_native_bridge_android:javaPreCompileDebug (Thread[#40899,Execution worker Thread 31,5,main]) started.
[        ] :quill_native_bridge_android:javaPreCompileDebug (Thread[#40899,Execution worker Thread 31,5,main]) started.
[        ] > Task :quill_native_bridge_android:javaPreCompileDebug UP-TO-DATE
[        ] Caching disabled for task ':quill_native_bridge_android:javaPreCompileDebug' because:
[        ]   Build cache is disabled
[        ] Skipping task ':quill_native_bridge_android:javaPreCompileDebug' as it is up-to-date.
[        ] Resolve mutations for :quill_native_bridge_android:compileDebugJavaWithJavac (Thread[#40899,Execution worker Thread 31,5,main]) started.
[        ] :quill_native_bridge_android:compileDebugJavaWithJavac (Thread[#40899,Execution worker Thread 31,5,main]) started.
[        ] > Task :quill_native_bridge_android:compileDebugJavaWithJavac NO-SOURCE
[        ] Skipping task ':quill_native_bridge_android:compileDebugJavaWithJavac' as it has no source files and no previous output files.
[        ] Resolve mutations for :quill_native_bridge_android:bundleLibCompileToJarDebug (Thread[#40899,Execution worker Thread 31,5,main]) started.
[        ] :quill_native_bridge_android:bundleLibCompileToJarDebug (Thread[#40899,Execution worker Thread 31,5,main]) started.
[        ] > Task :quill_native_bridge_android:bundleLibCompileToJarDebug UP-TO-DATE
[        ] Caching disabled for task ':quill_native_bridge_android:bundleLibCompileToJarDebug' because:
[        ]   Build cache is disabled
[        ]   Simple merging task
[        ] Skipping task ':quill_native_bridge_android:bundleLibCompileToJarDebug' as it is up-to-date.
[        ] work action resolve classes.jar (project :quill_native_bridge_android) (Thread[#40899,Execution worker Thread 31,5,main]) started.
[        ] Resolve mutations for :shared_preferences_android:checkKotlinGradlePluginConfigurationErrors (Thread[#40899,Execution worker Thread 31,5,main]) started.
[        ] :shared_preferences_android:checkKotlinGradlePluginConfigurationErrors (Thread[#40899,Execution worker Thread 31,5,main]) started.
[        ] > Task :shared_preferences_android:checkKotlinGradlePluginConfigurationErrors SKIPPED
[        ] Skipping task ':shared_preferences_android:checkKotlinGradlePluginConfigurationErrors' as task onlyIf 'errorDiagnostics are present' is false.
[        ] Resolve mutations for :shared_preferences_android:compileDebugKotlin (Thread[#40899,Execution worker Thread 31,5,main]) started.
[        ] :shared_preferences_android:compileDebugKotlin (Thread[#40899,Execution worker Thread 31,5,main]) started.
[        ] > Task :shared_preferences_android:compileDebugKotlin UP-TO-DATE
[        ] Adding -Xuse-inline-scopes-numbers Kotlin compiler flag for task :shared_preferences_android:compileDebugAndroidTestKotlin
[        ] Caching disabled for task ':shared_preferences_android:compileDebugKotlin' because:
[        ]   Build cache is disabled
[        ] Skipping task ':shared_preferences_android:compileDebugKotlin' as it is up-to-date.
[        ] Resolve mutations for :shared_preferences_android:javaPreCompileDebug (Thread[#40899,Execution worker Thread 31,5,main]) started.
[        ] :shared_preferences_android:javaPreCompileDebug (Thread[#40899,Execution worker Thread 31,5,main]) started.
[        ] > Task :shared_preferences_android:javaPreCompileDebug UP-TO-DATE
[        ] Caching disabled for task ':shared_preferences_android:javaPreCompileDebug' because:
[        ]   Build cache is disabled
[        ] Skipping task ':shared_preferences_android:javaPreCompileDebug' as it is up-to-date.
[        ] Resolve mutations for :shared_preferences_android:compileDebugJavaWithJavac (Thread[#40899,Execution worker Thread 31,5,main]) started.
[        ] :shared_preferences_android:compileDebugJavaWithJavac (Thread[#40899,Execution worker Thread 31,5,main]) started.
[        ] > Task :shared_preferences_android:compileDebugJavaWithJavac UP-TO-DATE
[        ] Custom actions are attached to task ':shared_preferences_android:compileDebugJavaWithJavac'.
[        ] Caching disabled for task ':shared_preferences_android:compileDebugJavaWithJavac' because:
[        ]   Build cache is disabled
[        ] Skipping task ':shared_preferences_android:compileDebugJavaWithJavac' as it is up-to-date.
[        ] No compile result for :shared_preferences_android:compileDebugJavaWithJavac
[        ] No compile result for :shared_preferences_android:compileDebugJavaWithJavac
[        ] Resolve mutations for :shared_preferences_android:bundleLibCompileToJarDebug (Thread[#40899,Execution worker Thread 31,5,main]) started.
[        ] :shared_preferences_android:bundleLibCompileToJarDebug (Thread[#40899,Execution worker Thread 31,5,main]) started.
[        ] > Task :shared_preferences_android:bundleLibCompileToJarDebug UP-TO-DATE
[        ] Caching disabled for task ':shared_preferences_android:bundleLibCompileToJarDebug' because:
[        ]   Build cache is disabled
[        ]   Simple merging task
[        ] Skipping task ':shared_preferences_android:bundleLibCompileToJarDebug' as it is up-to-date.
[        ] work action resolve classes.jar (project :shared_preferences_android) (Thread[#40899,Execution worker Thread 31,5,main]) started.
[        ] Resolve mutations for :sqflite_android:javaPreCompileDebug (Thread[#40899,Execution worker Thread 31,5,main]) started.
[        ] :sqflite_android:javaPreCompileDebug (Thread[#40899,Execution worker Thread 31,5,main]) started.
[        ] > Task :sqflite_android:javaPreCompileDebug UP-TO-DATE
[        ] Caching disabled for task ':sqflite_android:javaPreCompileDebug' because:
[        ]   Build cache is disabled
[        ] Skipping task ':sqflite_android:javaPreCompileDebug' as it is up-to-date.
[        ] Resolve mutations for :sqflite_android:compileDebugJavaWithJavac (Thread[#40899,Execution worker Thread 31,5,main]) started.
[        ] :sqflite_android:compileDebugJavaWithJavac (Thread[#40899,Execution worker Thread 31,5,main]) started.
[        ] > Task :sqflite_android:compileDebugJavaWithJavac UP-TO-DATE
[        ] Custom actions are attached to task ':sqflite_android:compileDebugJavaWithJavac'.
[        ] Caching disabled for task ':sqflite_android:compileDebugJavaWithJavac' because:
[        ]   Build cache is disabled
[        ] Skipping task ':sqflite_android:compileDebugJavaWithJavac' as it is up-to-date.
[        ] No compile result for :sqflite_android:compileDebugJavaWithJavac
[        ] No compile result for :sqflite_android:compileDebugJavaWithJavac
[        ] Resolve mutations for :sqflite_android:bundleLibCompileToJarDebug (Thread[#40899,Execution worker Thread 31,5,main]) started.
[        ] :sqflite_android:bundleLibCompileToJarDebug (Thread[#40899,Execution worker Thread 31,5,main]) started.
[        ] > Task :sqflite_android:bundleLibCompileToJarDebug UP-TO-DATE
[        ] Caching disabled for task ':sqflite_android:bundleLibCompileToJarDebug' because:
[        ]   Build cache is disabled
[        ]   Simple merging task
[        ] Skipping task ':sqflite_android:bundleLibCompileToJarDebug' as it is up-to-date.
[        ] work action resolve classes.jar (project :sqflite_android) (Thread[#40899,Execution worker Thread 31,5,main]) started.
[        ] Resolve mutations for :url_launcher_android:generateDebugBuildConfig (Thread[#40899,Execution worker Thread 31,5,main]) started.
[        ] :url_launcher_android:generateDebugBuildConfig (Thread[#40899,Execution worker Thread 31,5,main]) started.
[        ] > Task :url_launcher_android:generateDebugBuildConfig UP-TO-DATE
[        ] Caching disabled for task ':url_launcher_android:generateDebugBuildConfig' because:
[        ]   Build cache is disabled
[        ] Skipping task ':url_launcher_android:generateDebugBuildConfig' as it is up-to-date.
[        ] Resolve mutations for :url_launcher_android:javaPreCompileDebug (Thread[#40899,Execution worker Thread 31,5,main]) started.
[        ] :url_launcher_android:javaPreCompileDebug (Thread[#40899,Execution worker Thread 31,5,main]) started.
[        ] > Task :url_launcher_android:javaPreCompileDebug UP-TO-DATE
[        ] Caching disabled for task ':url_launcher_android:javaPreCompileDebug' because:
[        ]   Build cache is disabled
[        ] Skipping task ':url_launcher_android:javaPreCompileDebug' as it is up-to-date.
[        ] Resolve mutations for :url_launcher_android:compileDebugJavaWithJavac (Thread[#40899,Execution worker Thread 31,5,main]) started.
[        ] :url_launcher_android:compileDebugJavaWithJavac (Thread[#40899,Execution worker Thread 31,5,main]) started.
[        ] > Task :url_launcher_android:compileDebugJavaWithJavac UP-TO-DATE
[        ] Custom actions are attached to task ':url_launcher_android:compileDebugJavaWithJavac'.
[        ] Caching disabled for task ':url_launcher_android:compileDebugJavaWithJavac' because:
[        ]   Build cache is disabled
[        ] Skipping task ':url_launcher_android:compileDebugJavaWithJavac' as it is up-to-date.
[        ] No compile result for :url_launcher_android:compileDebugJavaWithJavac
[        ] No compile result for :url_launcher_android:compileDebugJavaWithJavac
[        ] Resolve mutations for :url_launcher_android:bundleLibCompileToJarDebug (Thread[#40899,Execution worker Thread 31,5,main]) started.
[        ] :url_launcher_android:bundleLibCompileToJarDebug (Thread[#40899,Execution worker Thread 31,5,main]) started.
[        ] > Task :url_launcher_android:bundleLibCompileToJarDebug UP-TO-DATE
[        ] Caching disabled for task ':url_launcher_android:bundleLibCompileToJarDebug' because:
[        ]   Build cache is disabled
[        ]   Simple merging task
[        ] Skipping task ':url_launcher_android:bundleLibCompileToJarDebug' as it is up-to-date.
[        ] work action resolve classes.jar (project :url_launcher_android) (Thread[#40899,Execution worker Thread 31,5,main]) started.
[        ] Resolve mutations for :video_player_android:checkKotlinGradlePluginConfigurationErrors (Thread[#40899,Execution worker Thread 31,5,main]) started.
[        ] :video_player_android:checkKotlinGradlePluginConfigurationErrors (Thread[#40899,Execution worker Thread 31,5,main]) started.
[        ] > Task :video_player_android:checkKotlinGradlePluginConfigurationErrors SKIPPED
[        ] Skipping task ':video_player_android:checkKotlinGradlePluginConfigurationErrors' as task onlyIf 'errorDiagnostics are present' is false.
[        ] Resolve mutations for :video_player_android:compileDebugKotlin (Thread[#40899,Execution worker Thread 31,5,main]) started.
[        ] :video_player_android:compileDebugKotlin (Thread[#40899,Execution worker Thread 31,5,main]) started.
[        ] > Task :video_player_android:compileDebugKotlin UP-TO-DATE
[        ] Adding -Xuse-inline-scopes-numbers Kotlin compiler flag for task :video_player_android:compileDebugAndroidTestKotlin
[        ] Caching disabled for task ':video_player_android:compileDebugKotlin' because:
[        ]   Build cache is disabled
[        ] Skipping task ':video_player_android:compileDebugKotlin' as it is up-to-date.
[        ] Resolve mutations for :video_player_android:javaPreCompileDebug (Thread[#40899,Execution worker Thread 31,5,main]) started.
[        ] :video_player_android:javaPreCompileDebug (Thread[#40899,Execution worker Thread 31,5,main]) started.
[        ] > Task :video_player_android:javaPreCompileDebug UP-TO-DATE
[        ] Caching disabled for task ':video_player_android:javaPreCompileDebug' because:
[        ]   Build cache is disabled
[        ] Skipping task ':video_player_android:javaPreCompileDebug' as it is up-to-date.
[        ] Resolve mutations for :video_player_android:compileDebugJavaWithJavac (Thread[#40899,Execution worker Thread 31,5,main]) started.
[        ] :video_player_android:compileDebugJavaWithJavac (Thread[#40899,Execution worker Thread 31,5,main]) started.
[        ] > Task :video_player_android:compileDebugJavaWithJavac UP-TO-DATE
[        ] Custom actions are attached to task ':video_player_android:compileDebugJavaWithJavac'.
[        ] Caching disabled for task ':video_player_android:compileDebugJavaWithJavac' because:
[        ]   Build cache is disabled
[        ] Skipping task ':video_player_android:compileDebugJavaWithJavac' as it is up-to-date.
[        ] No compile result for :video_player_android:compileDebugJavaWithJavac
[        ] No compile result for :video_player_android:compileDebugJavaWithJavac
[        ] Resolve mutations for :video_player_android:bundleLibCompileToJarDebug (Thread[#40899,Execution worker Thread 31,5,main]) started.
[        ] :video_player_android:bundleLibCompileToJarDebug (Thread[#40899,Execution worker Thread 31,5,main]) started.
[        ] > Task :video_player_android:bundleLibCompileToJarDebug UP-TO-DATE
[        ] Caching disabled for task ':video_player_android:bundleLibCompileToJarDebug' because:
[        ]   Build cache is disabled
[        ]   Simple merging task
[        ] Skipping task ':video_player_android:bundleLibCompileToJarDebug' as it is up-to-date.
[        ] work action resolve classes.jar (project :video_player_android) (Thread[#40899,Execution worker Thread 31,5,main]) started.
[        ] Resolve mutations for :app:compileDebugKotlin (Thread[#40899,Execution worker Thread 31,5,main]) started.
[        ] :app:compileDebugKotlin (Thread[#40899,Execution worker Thread 31,5,main]) started.
[        ] > Task :app:compileDebugKotlin UP-TO-DATE
[        ] Adding -Xuse-inline-scopes-numbers Kotlin compiler flag for task :app:compileDebugAndroidTestKotlin
[        ] Caching disabled for task ':app:compileDebugKotlin' because:
[        ]   Build cache is disabled
[        ] Skipping task ':app:compileDebugKotlin' as it is up-to-date.
[        ] Resolve mutations for :app:javaPreCompileDebug (Thread[#40899,Execution worker Thread 31,5,main]) started.
[        ] :app:javaPreCompileDebug (Thread[#40899,Execution worker Thread 31,5,main]) started.
[        ] > Task :app:javaPreCompileDebug UP-TO-DATE
[        ] Caching disabled for task ':app:javaPreCompileDebug' because:
[        ]   Build cache is disabled
[        ] Skipping task ':app:javaPreCompileDebug' as it is up-to-date.
[        ] Resolve mutations for :app:compileDebugJavaWithJavac (Thread[#40899,Execution worker Thread 31,5,main]) started.
[        ] :app:compileDebugJavaWithJavac (Thread[#40899,Execution worker Thread 31,5,main]) started.
[        ] > Task :app:compileDebugJavaWithJavac UP-TO-DATE
[        ] Custom actions are attached to task ':app:compileDebugJavaWithJavac'.
[        ] Caching disabled for task ':app:compileDebugJavaWithJavac' because:
[        ]   Build cache is disabled
[        ] Skipping task ':app:compileDebugJavaWithJavac' as it is up-to-date.
[        ] No compile result for :app:compileDebugJavaWithJavac
[        ] No compile result for :app:compileDebugJavaWithJavac
[        ] Resolve mutations for :app:compressDebugAssets (Thread[#40899,Execution worker Thread 31,5,main]) started.
[        ] :app:compressDebugAssets (Thread[#40899,Execution worker Thread 31,5,main]) started.
[        ] Resolve mutations for :app:processDebugJavaRes (Thread[#40894,Execution worker Thread 26,5,main]) started.
[        ] :app:processDebugJavaRes (Thread[#40894,Execution worker Thread 26,5,main]) started.
[        ] > Task :app:processDebugJavaRes UP-TO-DATE
[        ] file or directory '/Users/florian/Code/substitution/android/app/src/main/resources', not found
[        ] file or directory '/Users/florian/Code/substitution/android/app/src/debug/resources', not found
[        ] file or directory '/Users/florian/Code/substitution/android/app/src/main/resources', not found
[        ] file or directory '/Users/florian/Code/substitution/android/app/src/debug/resources', not found
[        ] Caching disabled for task ':app:processDebugJavaRes' because:
[        ]   Build cache is disabled
[        ]   Caching has been disabled for the task
[        ] Skipping task ':app:processDebugJavaRes' as it is up-to-date.
[        ] Resolve mutations for :connectivity_plus:processDebugJavaRes (Thread[#40894,Execution worker Thread 26,5,main]) started.
[        ] :connectivity_plus:processDebugJavaRes (Thread[#40894,Execution worker Thread 26,5,main]) started.
[        ] > Task :connectivity_plus:processDebugJavaRes NO-SOURCE
[        ] file or directory '/Users/florian/.pub-cache/hosted/pub.dev/connectivity_plus-5.0.2/android/src/main/resources', not found
[        ] file or directory '/Users/florian/.pub-cache/hosted/pub.dev/connectivity_plus-5.0.2/android/src/debug/resources', not found
[        ] Skipping task ':connectivity_plus:processDebugJavaRes' as it has no source files and no previous output files.
[        ] work action resolve out (project :connectivity_plus) (Thread[#40894,Execution worker Thread 26,5,main]) started.
[        ] Resolve mutations for :emoji_picker_flutter:processDebugJavaRes (Thread[#40894,Execution worker Thread 26,5,main]) started.
[        ] :emoji_picker_flutter:processDebugJavaRes (Thread[#40894,Execution worker Thread 26,5,main]) started.
[        ] > Task :emoji_picker_flutter:processDebugJavaRes UP-TO-DATE
[        ] file or directory '/Users/florian/.pub-cache/hosted/pub.dev/emoji_picker_flutter-4.4.0/android/src/main/resources', not found
[        ] file or directory '/Users/florian/.pub-cache/hosted/pub.dev/emoji_picker_flutter-4.4.0/android/src/debug/resources', not found
[        ] file or directory '/Users/florian/.pub-cache/hosted/pub.dev/emoji_picker_flutter-4.4.0/android/src/main/resources', not found
[        ] file or directory '/Users/florian/.pub-cache/hosted/pub.dev/emoji_picker_flutter-4.4.0/android/src/debug/resources', not found
[        ] Caching disabled for task ':emoji_picker_flutter:processDebugJavaRes' because:
[        ]   Build cache is disabled
[        ]   Caching has been disabled for the task
[        ] Skipping task ':emoji_picker_flutter:processDebugJavaRes' as it is up-to-date.
[        ] work action resolve out (project :emoji_picker_flutter) (Thread[#40894,Execution worker Thread 26,5,main]) started.
[        ] Resolve mutations for :file_selector_android:processDebugJavaRes (Thread[#40894,Execution worker Thread 26,5,main]) started.
[        ] :file_selector_android:processDebugJavaRes (Thread[#40894,Execution worker Thread 26,5,main]) started.
[        ] > Task :file_selector_android:processDebugJavaRes NO-SOURCE
[        ] file or directory '/Users/florian/.pub-cache/hosted/pub.dev/file_selector_android-0.5.2+4/android/src/main/resources', not found
[        ] file or directory '/Users/florian/.pub-cache/hosted/pub.dev/file_selector_android-0.5.2+4/android/src/debug/resources', not found
[        ] Skipping task ':file_selector_android:processDebugJavaRes' as it has no source files and no previous output files.
[        ] work action resolve out (project :file_selector_android) (Thread[#40894,Execution worker Thread 26,5,main]) started.
[        ] Resolve mutations for :flutter_keyboard_visibility_temp_fork:processDebugJavaRes (Thread[#40894,Execution worker Thread 26,5,main]) started.
[        ] :flutter_keyboard_visibility_temp_fork:processDebugJavaRes (Thread[#40894,Execution worker Thread 26,5,main]) started.
[        ] > Task :flutter_keyboard_visibility_temp_fork:processDebugJavaRes NO-SOURCE
[        ] file or directory '/Users/florian/.pub-cache/hosted/pub.dev/flutter_keyboard_visibility_temp_fork-0.1.5/android/src/main/resources', not found
[        ] file or directory '/Users/florian/.pub-cache/hosted/pub.dev/flutter_keyboard_visibility_temp_fork-0.1.5/android/src/debug/resources', not found
[        ] Skipping task ':flutter_keyboard_visibility_temp_fork:processDebugJavaRes' as it has no source files and no previous output files.
[        ] work action resolve out (project :flutter_keyboard_visibility_temp_fork) (Thread[#40894,Execution worker Thread 26,5,main]) started.
[        ] Resolve mutations for :flutter_native_splash:processDebugJavaRes (Thread[#40894,Execution worker Thread 26,5,main]) started.
[        ] :flutter_native_splash:processDebugJavaRes (Thread[#40894,Execution worker Thread 26,5,main]) started.
[        ] > Task :flutter_native_splash:processDebugJavaRes NO-SOURCE
[        ] file or directory '/Users/florian/.pub-cache/hosted/pub.dev/flutter_native_splash-2.4.7/android/src/main/resources', not found
[        ] file or directory '/Users/florian/.pub-cache/hosted/pub.dev/flutter_native_splash-2.4.7/android/src/debug/resources', not found
[        ] Skipping task ':flutter_native_splash:processDebugJavaRes' as it has no source files and no previous output files.
[        ] work action resolve out (project :flutter_native_splash) (Thread[#40894,Execution worker Thread 26,5,main]) started.
[        ] Resolve mutations for :flutter_olm:processDebugJavaRes (Thread[#40894,Execution worker Thread 26,5,main]) started.
[        ] :flutter_olm:processDebugJavaRes (Thread[#40885,Execution worker Thread 17,5,main]) started.
[        ] > Task :flutter_olm:processDebugJavaRes UP-TO-DATE
[        ] file or directory '/Users/florian/.pub-cache/hosted/pub.dev/flutter_olm-2.0.0/android/src/main/resources', not found
[        ] file or directory '/Users/florian/.pub-cache/hosted/pub.dev/flutter_olm-2.0.0/android/src/debug/resources', not found
[        ] file or directory '/Users/florian/.pub-cache/hosted/pub.dev/flutter_olm-2.0.0/android/src/main/resources', not found
[        ] file or directory '/Users/florian/.pub-cache/hosted/pub.dev/flutter_olm-2.0.0/android/src/debug/resources', not found
[        ] Caching disabled for task ':flutter_olm:processDebugJavaRes' because:
[        ]   Build cache is disabled
[        ]   Caching has been disabled for the task
[        ] Skipping task ':flutter_olm:processDebugJavaRes' as it is up-to-date.
[        ] work action resolve out (project :flutter_olm) (Thread[#40885,Execution worker Thread 17,5,main]) started.
[        ] Resolve mutations for :flutter_openssl_crypto:processDebugJavaRes (Thread[#40885,Execution worker Thread 17,5,main]) started.
[        ] :flutter_openssl_crypto:processDebugJavaRes (Thread[#40885,Execution worker Thread 17,5,main]) started.
[        ] > Task :flutter_openssl_crypto:processDebugJavaRes UP-TO-DATE
[        ] file or directory '/Users/florian/.pub-cache/hosted/pub.dev/flutter_openssl_crypto-0.5.0/android/src/main/resources', not found
[        ] file or directory '/Users/florian/.pub-cache/hosted/pub.dev/flutter_openssl_crypto-0.5.0/android/src/debug/resources', not found
[        ] file or directory '/Users/florian/.pub-cache/hosted/pub.dev/flutter_openssl_crypto-0.5.0/android/src/main/resources', not found
[        ] file or directory '/Users/florian/.pub-cache/hosted/pub.dev/flutter_openssl_crypto-0.5.0/android/src/debug/resources', not found
[        ] Caching disabled for task ':flutter_openssl_crypto:processDebugJavaRes' because:
[        ]   Build cache is disabled
[        ]   Caching has been disabled for the task
[        ] Skipping task ':flutter_openssl_crypto:processDebugJavaRes' as it is up-to-date.
[        ] work action resolve out (project :flutter_openssl_crypto) (Thread[#40885,Execution worker Thread 17,5,main]) started.
[        ] Resolve mutations for :integration_test:processDebugJavaRes (Thread[#40885,Execution worker Thread 17,5,main]) started.
[        ] :integration_test:processDebugJavaRes (Thread[#40885,Execution worker Thread 17,5,main]) started.
[        ] > Task :integration_test:processDebugJavaRes NO-SOURCE
[        ] file or directory '/opt/homebrew/share/flutter/packages/integration_test/android/src/main/resources', not found
[        ] file or directory '/opt/homebrew/share/flutter/packages/integration_test/android/src/debug/resources', not found
[        ] Skipping task ':integration_test:processDebugJavaRes' as it has no source files and no previous output files.
[        ] work action resolve out (project :integration_test) (Thread[#40885,Execution worker Thread 17,5,main]) started.
[        ] Resolve mutations for :path_provider_android:processDebugJavaRes (Thread[#40885,Execution worker Thread 17,5,main]) started.
[        ] :path_provider_android:processDebugJavaRes (Thread[#40885,Execution worker Thread 17,5,main]) started.
[        ] > Task :path_provider_android:processDebugJavaRes NO-SOURCE
[        ] file or directory '/Users/florian/.pub-cache/hosted/pub.dev/path_provider_android-2.2.22/android/src/main/resources', not found
[        ] file or directory '/Users/florian/.pub-cache/hosted/pub.dev/path_provider_android-2.2.22/android/src/debug/resources', not found
[        ] Skipping task ':path_provider_android:processDebugJavaRes' as it has no source files and no previous output files.
[        ] work action resolve out (project :path_provider_android) (Thread[#40885,Execution worker Thread 17,5,main]) started.
[        ] Resolve mutations for :quill_native_bridge_android:processDebugJavaRes (Thread[#40885,Execution worker Thread 17,5,main]) started.
[        ] :quill_native_bridge_android:processDebugJavaRes (Thread[#40885,Execution worker Thread 17,5,main]) started.
[        ] > Task :quill_native_bridge_android:processDebugJavaRes UP-TO-DATE
[        ] file or directory '/Users/florian/.pub-cache/hosted/pub.dev/quill_native_bridge_android-0.0.1+2/android/src/main/resources', not found
[        ] file or directory '/Users/florian/.pub-cache/hosted/pub.dev/quill_native_bridge_android-0.0.1+2/android/src/debug/resources', not found
[        ] file or directory '/Users/florian/.pub-cache/hosted/pub.dev/quill_native_bridge_android-0.0.1+2/android/src/main/resources', not found
[        ] file or directory '/Users/florian/.pub-cache/hosted/pub.dev/quill_native_bridge_android-0.0.1+2/android/src/debug/resources', not found
[        ] Caching disabled for task ':quill_native_bridge_android:processDebugJavaRes' because:
[        ]   Build cache is disabled
[        ]   Caching has been disabled for the task
[        ] Skipping task ':quill_native_bridge_android:processDebugJavaRes' as it is up-to-date.
[        ] work action resolve out (project :quill_native_bridge_android) (Thread[#40885,Execution worker Thread 17,5,main]) started.
[        ] Resolve mutations for :shared_preferences_android:processDebugJavaRes (Thread[#40885,Execution worker Thread 17,5,main]) started.
[        ] :shared_preferences_android:processDebugJavaRes (Thread[#40885,Execution worker Thread 17,5,main]) started.
[        ] > Task :shared_preferences_android:processDebugJavaRes UP-TO-DATE
[        ] file or directory '/Users/florian/.pub-cache/hosted/pub.dev/shared_preferences_android-2.4.20/android/src/main/resources', not found
[        ] file or directory '/Users/florian/.pub-cache/hosted/pub.dev/shared_preferences_android-2.4.20/android/src/debug/resources', not found
[        ] file or directory '/Users/florian/.pub-cache/hosted/pub.dev/shared_preferences_android-2.4.20/android/src/main/resources', not found
[        ] file or directory '/Users/florian/.pub-cache/hosted/pub.dev/shared_preferences_android-2.4.20/android/src/debug/resources', not found
[        ] Caching disabled for task ':shared_preferences_android:processDebugJavaRes' because:
[        ]   Build cache is disabled
[        ]   Caching has been disabled for the task
[        ] Skipping task ':shared_preferences_android:processDebugJavaRes' as it is up-to-date.
[        ] work action resolve out (project :shared_preferences_android) (Thread[#40885,Execution worker Thread 17,5,main]) started.
[        ] Resolve mutations for :sqflite_android:processDebugJavaRes (Thread[#40885,Execution worker Thread 17,5,main]) started.
[        ] :sqflite_android:processDebugJavaRes (Thread[#40885,Execution worker Thread 17,5,main]) started.
[        ] > Task :sqflite_android:processDebugJavaRes NO-SOURCE
[        ] file or directory '/Users/florian/.pub-cache/hosted/pub.dev/sqflite_android-2.4.2+2/android/src/main/resources', not found
[        ] file or directory '/Users/florian/.pub-cache/hosted/pub.dev/sqflite_android-2.4.2+2/android/src/debug/resources', not found
[        ] Skipping task ':sqflite_android:processDebugJavaRes' as it has no source files and no previous output files.
[        ] work action resolve out (project :sqflite_android) (Thread[#40885,Execution worker Thread 17,5,main]) started.
[        ] Resolve mutations for :url_launcher_android:processDebugJavaRes (Thread[#40885,Execution worker Thread 17,5,main]) started.
[        ] :url_launcher_android:processDebugJavaRes (Thread[#40885,Execution worker Thread 17,5,main]) started.
[        ] > Task :url_launcher_android:processDebugJavaRes NO-SOURCE
[        ] file or directory '/Users/florian/.pub-cache/hosted/pub.dev/url_launcher_android-6.3.28/android/src/main/resources', not found
[        ] file or directory '/Users/florian/.pub-cache/hosted/pub.dev/url_launcher_android-6.3.28/android/src/debug/resources', not found
[        ] Skipping task ':url_launcher_android:processDebugJavaRes' as it has no source files and no previous output files.
[        ] work action resolve out (project :url_launcher_android) (Thread[#40885,Execution worker Thread 17,5,main]) started.
[        ] Resolve mutations for :video_player_android:processDebugJavaRes (Thread[#40885,Execution worker Thread 17,5,main]) started.
[        ] :video_player_android:processDebugJavaRes (Thread[#40885,Execution worker Thread 17,5,main]) started.
[        ] > Task :video_player_android:processDebugJavaRes UP-TO-DATE
[        ] file or directory '/Users/florian/.pub-cache/hosted/pub.dev/video_player_android-2.9.1/android/src/main/resources', not found
[        ] file or directory '/Users/florian/.pub-cache/hosted/pub.dev/video_player_android-2.9.1/android/src/debug/resources', not found
[        ] file or directory '/Users/florian/.pub-cache/hosted/pub.dev/video_player_android-2.9.1/android/src/main/resources', not found
[        ] file or directory '/Users/florian/.pub-cache/hosted/pub.dev/video_player_android-2.9.1/android/src/debug/resources', not found
[        ] Caching disabled for task ':video_player_android:processDebugJavaRes' because:
[        ]   Build cache is disabled
[        ]   Caching has been disabled for the task
[        ] Skipping task ':video_player_android:processDebugJavaRes' as it is up-to-date.
[        ] work action resolve out (project :video_player_android) (Thread[#40885,Execution worker Thread 17,5,main]) started.
[        ] Resolve mutations for :app:mergeDebugJavaResource (Thread[#40885,Execution worker Thread 17,5,main]) started.
[        ] :app:mergeDebugJavaResource (Thread[#40885,Execution worker Thread 17,5,main]) started.
[        ] > Task :app:mergeDebugJavaResource UP-TO-DATE
[        ] Caching disabled for task ':app:mergeDebugJavaResource' because:
[        ]   Build cache is disabled
[        ]   Caching has been disabled for the task
[        ] Skipping task ':app:mergeDebugJavaResource' as it is up-to-date.
[        ] Resolve mutations for :app:checkDebugDuplicateClasses (Thread[#40885,Execution worker Thread 17,5,main]) started.
[        ] :app:checkDebugDuplicateClasses (Thread[#40885,Execution worker Thread 17,5,main]) started.
[        ] > Task :app:checkDebugDuplicateClasses UP-TO-DATE
[        ] Caching disabled for task ':app:checkDebugDuplicateClasses' because:
[        ]   Build cache is disabled
[        ]   Caching has been disabled for the task
[        ] Skipping task ':app:checkDebugDuplicateClasses' as it is up-to-date.
[        ] Resolve mutations for :app:desugarDebugFileDependencies (Thread[#40885,Execution worker Thread 17,5,main]) started.
[        ] :app:desugarDebugFileDependencies (Thread[#40885,Execution worker Thread 17,5,main]) started.
[        ] > Task :app:desugarDebugFileDependencies UP-TO-DATE
[        ] Caching disabled for task ':app:desugarDebugFileDependencies' because:
[        ]   Build cache is disabled
[        ] Skipping task ':app:desugarDebugFileDependencies' as it is up-to-date.
[        ] Resolve mutations for :app:mergeExtDexDebug (Thread[#40885,Execution worker Thread 17,5,main]) started.
[        ] :app:mergeExtDexDebug (Thread[#40885,Execution worker Thread 17,5,main]) started.
[        ] > Task :app:mergeExtDexDebug UP-TO-DATE
[        ] Caching disabled for task ':app:mergeExtDexDebug' because:
[        ]   Build cache is disabled
[        ] Skipping task ':app:mergeExtDexDebug' as it is up-to-date.
[        ] Resolve mutations for :connectivity_plus:bundleLibRuntimeToDirDebug (Thread[#40885,Execution worker Thread 17,5,main]) started.
[        ] :connectivity_plus:bundleLibRuntimeToDirDebug (Thread[#40885,Execution worker Thread 17,5,main]) started.
[        ] > Task :connectivity_plus:bundleLibRuntimeToDirDebug UP-TO-DATE
[        ] Caching disabled for task ':connectivity_plus:bundleLibRuntimeToDirDebug' because:
[        ]   Build cache is disabled
[        ]   Simple merging task
[        ] Skipping task ':connectivity_plus:bundleLibRuntimeToDirDebug' as it is up-to-date.
[        ] work action resolve bundleLibRuntimeToDirDebug (project :connectivity_plus) (Thread[#40885,Execution worker Thread 17,5,main]) started.
[        ] ClassesDirToClassesTransform (Thread[#40885,Execution worker Thread 17,5,main]) started.
[        ] Resolve mutations for :emoji_picker_flutter:bundleLibRuntimeToDirDebug (Thread[#40897,Execution worker Thread 29,5,main]) started.
[        ] :emoji_picker_flutter:bundleLibRuntimeToDirDebug (Thread[#40897,Execution worker Thread 29,5,main]) started.
[        ] DexingNoClasspathTransform (Thread[#40885,Execution worker Thread 17,5,main]) started.
[        ] > Task :emoji_picker_flutter:bundleLibRuntimeToDirDebug UP-TO-DATE
[        ] Caching disabled for task ':emoji_picker_flutter:bundleLibRuntimeToDirDebug' because:
[        ]   Build cache is disabled
[        ]   Simple merging task
[        ] Skipping task ':emoji_picker_flutter:bundleLibRuntimeToDirDebug' as it is up-to-date.
[        ] work action resolve bundleLibRuntimeToDirDebug (project :emoji_picker_flutter) (Thread[#40897,Execution worker Thread 29,5,main]) started.
[        ] ClassesDirToClassesTransform (Thread[#40897,Execution worker Thread 29,5,main]) started.
[        ] Resolve mutations for :file_selector_android:bundleLibRuntimeToDirDebug (Thread[#40883,Execution worker Thread 15,5,main]) started.
[        ] DexingNoClasspathTransform (Thread[#40897,Execution worker Thread 29,5,main]) started.
[        ] :file_selector_android:bundleLibRuntimeToDirDebug (Thread[#40883,Execution worker Thread 15,5,main]) started.
[        ] > Transform bundleLibRuntimeToDirDebug (project :connectivity_plus) with DexingNoClasspathTransform
[        ] Caching disabled for DexingNoClasspathTransform: /Users/florian/Code/substitution/build/connectivity_plus/intermediates/runtime_library_classes_dir/debug/bundleLibRuntimeToDirDebug because:
[        ]   Build cache is disabled
[        ] Skipping DexingNoClasspathTransform: /Users/florian/Code/substitution/build/connectivity_plus/intermediates/runtime_library_classes_dir/debug/bundleLibRuntimeToDirDebug as it is up-to-date.
[        ] > Transform bundleLibRuntimeToDirDebug (project :emoji_picker_flutter) with DexingNoClasspathTransform
[        ] Caching disabled for DexingNoClasspathTransform: /Users/florian/Code/substitution/build/emoji_picker_flutter/intermediates/runtime_library_classes_dir/debug/bundleLibRuntimeToDirDebug because:
[        ]   Build cache is disabled
[        ] Skipping DexingNoClasspathTransform: /Users/florian/Code/substitution/build/emoji_picker_flutter/intermediates/runtime_library_classes_dir/debug/bundleLibRuntimeToDirDebug as it is up-to-date.
[        ] > Task :file_selector_android:bundleLibRuntimeToDirDebug UP-TO-DATE
[        ] Caching disabled for task ':file_selector_android:bundleLibRuntimeToDirDebug' because:
[        ]   Build cache is disabled
[        ]   Simple merging task
[        ] Skipping task ':file_selector_android:bundleLibRuntimeToDirDebug' as it is up-to-date.
[        ] work action resolve bundleLibRuntimeToDirDebug (project :file_selector_android) (Thread[#40883,Execution worker Thread 15,5,main]) started.
[        ] ClassesDirToClassesTransform (Thread[#40883,Execution worker Thread 15,5,main]) started.
[        ] Resolve mutations for :flutter_keyboard_visibility_temp_fork:bundleLibRuntimeToDirDebug (Thread[#40874,Execution worker Thread 7,5,main]) started.
[        ] :flutter_keyboard_visibility_temp_fork:bundleLibRuntimeToDirDebug (Thread[#40874,Execution worker Thread 7,5,main]) started.
[        ] DexingNoClasspathTransform (Thread[#40883,Execution worker Thread 15,5,main]) started.
[        ] > Task :flutter_keyboard_visibility_temp_fork:bundleLibRuntimeToDirDebug UP-TO-DATE
[        ] Caching disabled for task ':flutter_keyboard_visibility_temp_fork:bundleLibRuntimeToDirDebug' because:
[        ]   Build cache is disabled
[        ]   Simple merging task
[        ] Skipping task ':flutter_keyboard_visibility_temp_fork:bundleLibRuntimeToDirDebug' as it is up-to-date.
[        ] work action resolve bundleLibRuntimeToDirDebug (project :flutter_keyboard_visibility_temp_fork) (Thread[#40874,Execution worker Thread 7,5,main]) started.
[        ] ClassesDirToClassesTransform (Thread[#40874,Execution worker Thread 7,5,main]) started.
[        ] Resolve mutations for :flutter_native_splash:bundleLibRuntimeToDirDebug (Thread[#40897,Execution worker Thread 29,5,main]) started.
[        ] :flutter_native_splash:bundleLibRuntimeToDirDebug (Thread[#40897,Execution worker Thread 29,5,main]) started.
[        ] DexingNoClasspathTransform (Thread[#40874,Execution worker Thread 7,5,main]) started.
[        ] > Transform bundleLibRuntimeToDirDebug (project :file_selector_android) with DexingNoClasspathTransform
[        ] Caching disabled for DexingNoClasspathTransform: /Users/florian/Code/substitution/build/file_selector_android/intermediates/runtime_library_classes_dir/debug/bundleLibRuntimeToDirDebug because:
[        ]   Build cache is disabled
[        ] Skipping DexingNoClasspathTransform: /Users/florian/Code/substitution/build/file_selector_android/intermediates/runtime_library_classes_dir/debug/bundleLibRuntimeToDirDebug as it is up-to-date.
[        ] > Task :flutter_native_splash:bundleLibRuntimeToDirDebug UP-TO-DATE
[        ] Caching disabled for task ':flutter_native_splash:bundleLibRuntimeToDirDebug' because:
[        ]   Build cache is disabled
[        ]   Simple merging task
[        ] Skipping task ':flutter_native_splash:bundleLibRuntimeToDirDebug' as it is up-to-date.
[        ] work action resolve bundleLibRuntimeToDirDebug (project :flutter_native_splash) (Thread[#40897,Execution worker Thread 29,5,main]) started.
[        ] ClassesDirToClassesTransform (Thread[#40897,Execution worker Thread 29,5,main]) started.
[        ] Resolve mutations for :flutter_olm:bundleLibRuntimeToDirDebug (Thread[#40893,Execution worker Thread 25,5,main]) started.
[        ] :flutter_olm:bundleLibRuntimeToDirDebug (Thread[#40893,Execution worker Thread 25,5,main]) started.
[        ] DexingNoClasspathTransform (Thread[#40897,Execution worker Thread 29,5,main]) started.
[        ] > Transform bundleLibRuntimeToDirDebug (project :flutter_keyboard_visibility_temp_fork) with DexingNoClasspathTransform
[        ] Caching disabled for DexingNoClasspathTransform: /Users/florian/Code/substitution/build/flutter_keyboard_visibility_temp_fork/intermediates/runtime_library_classes_dir/debug/bundleLibRuntimeToDirDebug because:
[        ]   Build cache is disabled
[        ] Skipping DexingNoClasspathTransform: /Users/florian/Code/substitution/build/flutter_keyboard_visibility_temp_fork/intermediates/runtime_library_classes_dir/debug/bundleLibRuntimeToDirDebug as it is up-to-date.
[        ] > Task :flutter_olm:bundleLibRuntimeToDirDebug UP-TO-DATE
[        ] Caching disabled for task ':flutter_olm:bundleLibRuntimeToDirDebug' because:
[        ]   Build cache is disabled
[        ]   Simple merging task
[        ] Skipping task ':flutter_olm:bundleLibRuntimeToDirDebug' as it is up-to-date.
[        ] > Transform bundleLibRuntimeToDirDebug (project :flutter_native_splash) with DexingNoClasspathTransform
[        ] Caching disabled for DexingNoClasspathTransform: /Users/florian/Code/substitution/build/flutter_native_splash/intermediates/runtime_library_classes_dir/debug/bundleLibRuntimeToDirDebug because:
[        ]   Build cache is disabled
[        ] Skipping DexingNoClasspathTransform: /Users/florian/Code/substitution/build/flutter_native_splash/intermediates/runtime_library_classes_dir/debug/bundleLibRuntimeToDirDebug as it is up-to-date.
[        ] work action resolve bundleLibRuntimeToDirDebug (project :flutter_olm) (Thread[#40893,Execution worker Thread 25,5,main]) started.
[        ] ClassesDirToClassesTransform (Thread[#40893,Execution worker Thread 25,5,main]) started.
[        ] Resolve mutations for :flutter_openssl_crypto:bundleLibRuntimeToDirDebug (Thread[#40897,Execution worker Thread 29,5,main]) started.
[        ] :flutter_openssl_crypto:bundleLibRuntimeToDirDebug (Thread[#40897,Execution worker Thread 29,5,main]) started.
[        ] DexingNoClasspathTransform (Thread[#40893,Execution worker Thread 25,5,main]) started.
[        ] > Task :flutter_openssl_crypto:bundleLibRuntimeToDirDebug UP-TO-DATE
[        ] Caching disabled for task ':flutter_openssl_crypto:bundleLibRuntimeToDirDebug' because:
[        ]   Build cache is disabled
[        ]   Simple merging task
[        ] Skipping task ':flutter_openssl_crypto:bundleLibRuntimeToDirDebug' as it is up-to-date.
[        ] work action resolve bundleLibRuntimeToDirDebug (project :flutter_openssl_crypto) (Thread[#40897,Execution worker Thread 29,5,main]) started.
[        ] Resolve mutations for :integration_test:bundleLibRuntimeToDirDebug (Thread[#40894,Execution worker Thread 26,5,main]) started.
[        ] ClassesDirToClassesTransform (Thread[#40897,Execution worker Thread 29,5,main]) started.
[        ] > Transform bundleLibRuntimeToDirDebug (project :flutter_olm) with DexingNoClasspathTransform
[        ] Caching disabled for DexingNoClasspathTransform: /Users/florian/Code/substitution/build/flutter_olm/intermediates/runtime_library_classes_dir/debug/bundleLibRuntimeToDirDebug because:
[        ]   Build cache is disabled
[        ] Skipping DexingNoClasspathTransform: /Users/florian/Code/substitution/build/flutter_olm/intermediates/runtime_library_classes_dir/debug/bundleLibRuntimeToDirDebug as it is up-to-date.
[        ] DexingNoClasspathTransform (Thread[#40894,Execution worker Thread 26,5,main]) started.
[        ] :integration_test:bundleLibRuntimeToDirDebug (Thread[#40897,Execution worker Thread 29,5,main]) started.
[        ] > Task :integration_test:bundleLibRuntimeToDirDebug UP-TO-DATE
[        ] Caching disabled for task ':integration_test:bundleLibRuntimeToDirDebug' because:
[        ]   Build cache is disabled
[        ]   Simple merging task
[        ] Skipping task ':integration_test:bundleLibRuntimeToDirDebug' as it is up-to-date.
[        ] work action resolve bundleLibRuntimeToDirDebug (project :integration_test) (Thread[#40897,Execution worker Thread 29,5,main]) started.
[        ] ClassesDirToClassesTransform (Thread[#40897,Execution worker Thread 29,5,main]) started.
[        ] Resolve mutations for :path_provider_android:bundleLibRuntimeToDirDebug (Thread[#40881,Execution worker Thread 13,5,main]) started.
[        ] DexingNoClasspathTransform (Thread[#40897,Execution worker Thread 29,5,main]) started.
[        ] :path_provider_android:bundleLibRuntimeToDirDebug (Thread[#40881,Execution worker Thread 13,5,main]) started.
[        ] > Transform bundleLibRuntimeToDirDebug (project :flutter_openssl_crypto) with DexingNoClasspathTransform
[        ] Caching disabled for DexingNoClasspathTransform: /Users/florian/Code/substitution/build/flutter_openssl_crypto/intermediates/runtime_library_classes_dir/debug/bundleLibRuntimeToDirDebug because:
[        ]   Build cache is disabled
[        ] Skipping DexingNoClasspathTransform: /Users/florian/Code/substitution/build/flutter_openssl_crypto/intermediates/runtime_library_classes_dir/debug/bundleLibRuntimeToDirDebug as it is up-to-date.
[        ] > Task :path_provider_android:bundleLibRuntimeToDirDebug UP-TO-DATE
[        ] Caching disabled for task ':path_provider_android:bundleLibRuntimeToDirDebug' because:
[        ]   Build cache is disabled
[        ]   Simple merging task
[        ] Skipping task ':path_provider_android:bundleLibRuntimeToDirDebug' as it is up-to-date.
[        ] > Transform bundleLibRuntimeToDirDebug (project :integration_test) with DexingNoClasspathTransform
[        ] Caching disabled for DexingNoClasspathTransform: /Users/florian/Code/substitution/build/integration_test/intermediates/runtime_library_classes_dir/debug/bundleLibRuntimeToDirDebug because:
[        ]   Build cache is disabled
[        ] Skipping DexingNoClasspathTransform: /Users/florian/Code/substitution/build/integration_test/intermediates/runtime_library_classes_dir/debug/bundleLibRuntimeToDirDebug as it is up-to-date.
[        ] work action resolve bundleLibRuntimeToDirDebug (project :path_provider_android) (Thread[#40881,Execution worker Thread 13,5,main]) started.
[        ] ClassesDirToClassesTransform (Thread[#40881,Execution worker Thread 13,5,main]) started.
[        ] Resolve mutations for :quill_native_bridge_android:bundleLibRuntimeToDirDebug (Thread[#40887,Execution worker Thread 19,5,main]) started.
[        ] DexingNoClasspathTransform (Thread[#40881,Execution worker Thread 13,5,main]) started.
[        ] :quill_native_bridge_android:bundleLibRuntimeToDirDebug (Thread[#40887,Execution worker Thread 19,5,main]) started.
[        ] > Transform bundleLibRuntimeToDirDebug (project :path_provider_android) with DexingNoClasspathTransform
[        ] Caching disabled for DexingNoClasspathTransform: /Users/florian/Code/substitution/build/path_provider_android/intermediates/runtime_library_classes_dir/debug/bundleLibRuntimeToDirDebug because:
[        ]   Build cache is disabled
[        ] Skipping DexingNoClasspathTransform: /Users/florian/Code/substitution/build/path_provider_android/intermediates/runtime_library_classes_dir/debug/bundleLibRuntimeToDirDebug as it is up-to-date.
[        ] > Task :quill_native_bridge_android:bundleLibRuntimeToDirDebug UP-TO-DATE
[        ] Caching disabled for task ':quill_native_bridge_android:bundleLibRuntimeToDirDebug' because:
[        ]   Build cache is disabled
[        ]   Simple merging task
[        ] Skipping task ':quill_native_bridge_android:bundleLibRuntimeToDirDebug' as it is up-to-date.
[        ] work action resolve bundleLibRuntimeToDirDebug (project :quill_native_bridge_android) (Thread[#40887,Execution worker Thread 19,5,main]) started.
[        ] ClassesDirToClassesTransform (Thread[#40887,Execution worker Thread 19,5,main]) started.
[        ] Resolve mutations for :shared_preferences_android:bundleLibRuntimeToDirDebug (Thread[#40877,Execution worker Thread 9,5,main]) started.
[        ] :shared_preferences_android:bundleLibRuntimeToDirDebug (Thread[#40877,Execution worker Thread 9,5,main]) started.
[        ] DexingNoClasspathTransform (Thread[#40887,Execution worker Thread 19,5,main]) started.
[        ] > Transform bundleLibRuntimeToDirDebug (project :quill_native_bridge_android) with DexingNoClasspathTransform
[        ] Caching disabled for DexingNoClasspathTransform: /Users/florian/Code/substitution/build/quill_native_bridge_android/intermediates/runtime_library_classes_dir/debug/bundleLibRuntimeToDirDebug because:
[        ]   Build cache is disabled
[        ] Skipping DexingNoClasspathTransform: /Users/florian/Code/substitution/build/quill_native_bridge_android/intermediates/runtime_library_classes_dir/debug/bundleLibRuntimeToDirDebug as it is up-to-date.
[        ] > Task :shared_preferences_android:bundleLibRuntimeToDirDebug UP-TO-DATE
[        ] Caching disabled for task ':shared_preferences_android:bundleLibRuntimeToDirDebug' because:
[        ]   Build cache is disabled
[        ]   Simple merging task
[        ] Skipping task ':shared_preferences_android:bundleLibRuntimeToDirDebug' as it is up-to-date.
[        ] work action resolve bundleLibRuntimeToDirDebug (project :shared_preferences_android) (Thread[#40877,Execution worker Thread 9,5,main]) started.
[        ] ClassesDirToClassesTransform (Thread[#40877,Execution worker Thread 9,5,main]) started.
[        ] Resolve mutations for :sqflite_android:bundleLibRuntimeToDirDebug (Thread[#40870,Execution worker Thread 3,5,main]) started.
[        ] :sqflite_android:bundleLibRuntimeToDirDebug (Thread[#40870,Execution worker Thread 3,5,main]) started.
[        ] DexingNoClasspathTransform (Thread[#40877,Execution worker Thread 9,5,main]) started.
[        ] > Task :sqflite_android:bundleLibRuntimeToDirDebug UP-TO-DATE
[        ] Caching disabled for task ':sqflite_android:bundleLibRuntimeToDirDebug' because:
[        ]   Build cache is disabled
[        ]   Simple merging task
[        ] Skipping task ':sqflite_android:bundleLibRuntimeToDirDebug' as it is up-to-date.
[        ] work action resolve bundleLibRuntimeToDirDebug (project :sqflite_android) (Thread[#40870,Execution worker Thread 3,5,main]) started.
[        ] ClassesDirToClassesTransform (Thread[#40870,Execution worker Thread 3,5,main]) started.
[        ] Resolve mutations for :url_launcher_android:bundleLibRuntimeToDirDebug (Thread[#40891,Execution worker Thread 23,5,main]) started.
[        ] DexingNoClasspathTransform (Thread[#40870,Execution worker Thread 3,5,main]) started.
[        ] :url_launcher_android:bundleLibRuntimeToDirDebug (Thread[#40891,Execution worker Thread 23,5,main]) started.
[        ] > Transform bundleLibRuntimeToDirDebug (project :shared_preferences_android) with DexingNoClasspathTransform
[        ] Caching disabled for DexingNoClasspathTransform: /Users/florian/Code/substitution/build/shared_preferences_android/intermediates/runtime_library_classes_dir/debug/bundleLibRuntimeToDirDebug because:
[        ]   Build cache is disabled
[        ] Skipping DexingNoClasspathTransform: /Users/florian/Code/substitution/build/shared_preferences_android/intermediates/runtime_library_classes_dir/debug/bundleLibRuntimeToDirDebug as it is up-to-date.
[        ] > Task :url_launcher_android:bundleLibRuntimeToDirDebug UP-TO-DATE
[        ] Caching disabled for task ':url_launcher_android:bundleLibRuntimeToDirDebug' because:
[        ]   Build cache is disabled
[        ]   Simple merging task
[        ] Skipping task ':url_launcher_android:bundleLibRuntimeToDirDebug' as it is up-to-date.
[        ] work action resolve bundleLibRuntimeToDirDebug (project :url_launcher_android) (Thread[#40891,Execution worker Thread 23,5,main]) started.
[        ] ClassesDirToClassesTransform (Thread[#40891,Execution worker Thread 23,5,main]) started.
[        ] > Transform bundleLibRuntimeToDirDebug (project :sqflite_android) with DexingNoClasspathTransform
[        ] Caching disabled for DexingNoClasspathTransform: /Users/florian/Code/substitution/build/sqflite_android/intermediates/runtime_library_classes_dir/debug/bundleLibRuntimeToDirDebug because:
[        ]   Build cache is disabled
[        ] Skipping DexingNoClasspathTransform: /Users/florian/Code/substitution/build/sqflite_android/intermediates/runtime_library_classes_dir/debug/bundleLibRuntimeToDirDebug as it is up-to-date.
[        ] Resolve mutations for :video_player_android:bundleLibRuntimeToDirDebug (Thread[#40894,Execution worker Thread 26,5,main]) started.
[        ] :video_player_android:bundleLibRuntimeToDirDebug (Thread[#40894,Execution worker Thread 26,5,main]) started.
[        ] DexingNoClasspathTransform (Thread[#40891,Execution worker Thread 23,5,main]) started.
[        ] > Transform bundleLibRuntimeToDirDebug (project :url_launcher_android) with DexingNoClasspathTransform
[        ] Caching disabled for DexingNoClasspathTransform: /Users/florian/Code/substitution/build/url_launcher_android/intermediates/runtime_library_classes_dir/debug/bundleLibRuntimeToDirDebug because:
[        ]   Build cache is disabled
[        ] Skipping DexingNoClasspathTransform: /Users/florian/Code/substitution/build/url_launcher_android/intermediates/runtime_library_classes_dir/debug/bundleLibRuntimeToDirDebug as it is up-to-date.
[        ] > Task :video_player_android:bundleLibRuntimeToDirDebug UP-TO-DATE
[        ] Caching disabled for task ':video_player_android:bundleLibRuntimeToDirDebug' because:
[        ]   Build cache is disabled
[        ]   Simple merging task
[        ] Skipping task ':video_player_android:bundleLibRuntimeToDirDebug' as it is up-to-date.
[        ] work action resolve bundleLibRuntimeToDirDebug (project :video_player_android) (Thread[#40894,Execution worker Thread 26,5,main]) started.
[        ] ClassesDirToClassesTransform (Thread[#40894,Execution worker Thread 26,5,main]) started.
[        ] Resolve mutations for :app:dexBuilderDebug (Thread[#40891,Execution worker Thread 23,5,main]) started.
[        ] DexingNoClasspathTransform (Thread[#40894,Execution worker Thread 26,5,main]) started.
[        ] :app:dexBuilderDebug (Thread[#40888,Execution worker Thread 20,5,main]) started.
[        ] > Task :app:dexBuilderDebug UP-TO-DATE
[        ] Caching disabled for task ':app:dexBuilderDebug' because:
[        ]   Build cache is disabled
[        ] Skipping task ':app:dexBuilderDebug' as it is up-to-date.
[        ] > Transform bundleLibRuntimeToDirDebug (project :video_player_android) with DexingNoClasspathTransform
[        ] Caching disabled for DexingNoClasspathTransform: /Users/florian/Code/substitution/build/video_player_android/intermediates/runtime_library_classes_dir/debug/bundleLibRuntimeToDirDebug because:
[        ]   Build cache is disabled
[        ] Skipping DexingNoClasspathTransform: /Users/florian/Code/substitution/build/video_player_android/intermediates/runtime_library_classes_dir/debug/bundleLibRuntimeToDirDebug as it is up-to-date.
[        ] Resolve mutations for :app:mergeProjectDexDebug (Thread[#40888,Execution worker Thread 20,5,main]) started.
[        ] Resolve mutations for :app:mergeLibDexDebug (Thread[#40888,Execution worker Thread 20,5,main]) started.
[        ] :app:mergeLibDexDebug (Thread[#40888,Execution worker Thread 20,5,main]) started.
[        ] > Task :app:mergeLibDexDebug UP-TO-DATE
[        ] Caching disabled for task ':app:mergeLibDexDebug' because:
[        ]   Build cache is disabled
[        ] Skipping task ':app:mergeLibDexDebug' as it is up-to-date.
[        ] :app:mergeProjectDexDebug (Thread[#40888,Execution worker Thread 20,5,main]) started.
[        ] > Task :app:mergeProjectDexDebug UP-TO-DATE
[        ] Caching disabled for task ':app:mergeProjectDexDebug' because:
[        ]   Build cache is disabled
[        ] Skipping task ':app:mergeProjectDexDebug' as it is up-to-date.
[        ] Resolve mutations for :app:configureCMakeDebug[arm64-v8a] (Thread[#40888,Execution worker Thread 20,5,main]) started.
[        ] :app:configureCMakeDebug[arm64-v8a] (Thread[#40888,Execution worker Thread 20,5,main]) started.
[  +89 ms] > Task :app:configureCMakeDebug[arm64-v8a]
[        ] Caching disabled for task ':app:configureCMakeDebug[arm64-v8a]' because:
[        ]   Build cache is disabled
[        ]   Caching has been disabled for the task
[        ] Task ':app:configureCMakeDebug[arm64-v8a]' is not up-to-date because:
[        ]   Task.upToDateWhen is false.
[        ] C/C++: /opt/homebrew/share/flutter/packages/flutter_tools/gradle/src/main/scripts/CMakeLists.txt debug|arm64-v8a : Start JSON generation. Platform version: 24 min SDK version: arm64-v8a
[        ] C/C++: /opt/homebrew/share/flutter/packages/flutter_tools/gradle/src/main/scripts/CMakeLists.txt debug|arm64-v8a : JSON '/Users/florian/Code/substitution/build/.cxx/debug/x6546535/arm64-v8a/android_gradle_build.json' was up-to-date
[        ] C/C++: /opt/homebrew/share/flutter/packages/flutter_tools/gradle/src/main/scripts/CMakeLists.txt debug|arm64-v8a : JSON generation completed without problems
[        ] C/C++: /opt/homebrew/share/flutter/packages/flutter_tools/gradle/src/main/scripts/CMakeLists.txt debug|arm64-v8a : Writing build model to /Users/florian/Code/substitution/build/app/intermediates/cxx/debug/x6546535/logs/arm64-v8a/build_model.json
[        ] Resolve mutations for :app:buildCMakeDebug[arm64-v8a] (Thread[#40888,Execution worker Thread 20,5,main]) started.
[        ] :app:buildCMakeDebug[arm64-v8a] (Thread[#40888,Execution worker Thread 20,5,main]) started.
[        ] > Task :app:buildCMakeDebug[arm64-v8a]
[        ] Caching disabled for task ':app:buildCMakeDebug[arm64-v8a]' because:
[        ]   Build cache is disabled
[        ]   Caching has been disabled for the task
[        ] Task ':app:buildCMakeDebug[arm64-v8a]' is not up-to-date because:
[        ]   Task.upToDateWhen is false.
[        ] C/C++: starting build
[        ] C/C++: reading expected JSONs
[        ] C/C++: done reading expected JSONs
[        ] C/C++: executing build commands for targets that produce .so files or executables
[        ] C/C++: evaluate miniconfig
[        ] C/C++: no libraries
[        ] Resolve mutations for :app:configureCMakeDebug[armeabi-v7a] (Thread[#40888,Execution worker Thread 20,5,main]) started.
[        ] :app:configureCMakeDebug[armeabi-v7a] (Thread[#40888,Execution worker Thread 20,5,main]) started.
[        ] > Task :app:configureCMakeDebug[armeabi-v7a]
[        ] Caching disabled for task ':app:configureCMakeDebug[armeabi-v7a]' because:
[        ]   Build cache is disabled
[        ]   Caching has been disabled for the task
[        ] Task ':app:configureCMakeDebug[armeabi-v7a]' is not up-to-date because:
[        ]   Task.upToDateWhen is false.
[        ] C/C++: /opt/homebrew/share/flutter/packages/flutter_tools/gradle/src/main/scripts/CMakeLists.txt debug|armeabi-v7a : Start JSON generation. Platform version: 24 min SDK version: armeabi-v7a
[        ] C/C++: /opt/homebrew/share/flutter/packages/flutter_tools/gradle/src/main/scripts/CMakeLists.txt debug|armeabi-v7a : JSON '/Users/florian/Code/substitution/build/.cxx/debug/x6546535/armeabi-v7a/android_gradle_build.json' was up-to-date
[        ] C/C++: /opt/homebrew/share/flutter/packages/flutter_tools/gradle/src/main/scripts/CMakeLists.txt debug|armeabi-v7a : JSON generation completed without problems
[        ] C/C++: /opt/homebrew/share/flutter/packages/flutter_tools/gradle/src/main/scripts/CMakeLists.txt debug|armeabi-v7a : Writing build model to /Users/florian/Code/substitution/build/app/intermediates/cxx/debug/x6546535/logs/armeabi-v7a/build_model.json
[        ] Resolve mutations for :app:buildCMakeDebug[armeabi-v7a] (Thread[#40888,Execution worker Thread 20,5,main]) started.
[        ] :app:buildCMakeDebug[armeabi-v7a] (Thread[#40888,Execution worker Thread 20,5,main]) started.
[        ] > Task :app:buildCMakeDebug[armeabi-v7a]
[        ] Caching disabled for task ':app:buildCMakeDebug[armeabi-v7a]' because:
[        ]   Build cache is disabled
[        ]   Caching has been disabled for the task
[        ] Task ':app:buildCMakeDebug[armeabi-v7a]' is not up-to-date because:
[        ]   Task.upToDateWhen is false.
[        ] C/C++: starting build
[        ] C/C++: reading expected JSONs
[        ] C/C++: done reading expected JSONs
[        ] C/C++: executing build commands for targets that produce .so files or executables
[        ] C/C++: evaluate miniconfig
[        ] C/C++: no libraries
[        ] Resolve mutations for :app:configureCMakeDebug[x86_64] (Thread[#40888,Execution worker Thread 20,5,main]) started.
[        ] :app:configureCMakeDebug[x86_64] (Thread[#40888,Execution worker Thread 20,5,main]) started.
[        ] > Task :app:configureCMakeDebug[x86_64]
[        ] Caching disabled for task ':app:configureCMakeDebug[x86_64]' because:
[        ]   Build cache is disabled
[        ]   Caching has been disabled for the task
[        ] Task ':app:configureCMakeDebug[x86_64]' is not up-to-date because:
[        ]   Task.upToDateWhen is false.
[        ] C/C++: /opt/homebrew/share/flutter/packages/flutter_tools/gradle/src/main/scripts/CMakeLists.txt debug|x86_64 : Start JSON generation. Platform version: 24 min SDK version: x86_64
[        ] C/C++: /opt/homebrew/share/flutter/packages/flutter_tools/gradle/src/main/scripts/CMakeLists.txt debug|x86_64 : JSON '/Users/florian/Code/substitution/build/.cxx/debug/x6546535/x86_64/android_gradle_build.json' was up-to-date
[        ] C/C++: /opt/homebrew/share/flutter/packages/flutter_tools/gradle/src/main/scripts/CMakeLists.txt debug|x86_64 : JSON generation completed without problems
[        ] C/C++: /opt/homebrew/share/flutter/packages/flutter_tools/gradle/src/main/scripts/CMakeLists.txt debug|x86_64 : Writing build model to /Users/florian/Code/substitution/build/app/intermediates/cxx/debug/x6546535/logs/x86_64/build_model.json
[        ] Resolve mutations for :app:buildCMakeDebug[x86_64] (Thread[#40888,Execution worker Thread 20,5,main]) started.
[        ] :app:buildCMakeDebug[x86_64] (Thread[#40888,Execution worker Thread 20,5,main]) started.
[        ] > Task :app:buildCMakeDebug[x86_64]
[        ] Caching disabled for task ':app:buildCMakeDebug[x86_64]' because:
[        ]   Build cache is disabled
[        ]   Caching has been disabled for the task
[        ] Task ':app:buildCMakeDebug[x86_64]' is not up-to-date because:
[        ]   Task.upToDateWhen is false.
[        ] C/C++: starting build
[        ] C/C++: reading expected JSONs
[        ] C/C++: done reading expected JSONs
[        ] C/C++: executing build commands for targets that produce .so files or executables
[        ] C/C++: evaluate miniconfig
[        ] C/C++: no libraries
[        ] Resolve mutations for :app:mergeDebugJniLibFolders (Thread[#40888,Execution worker Thread 20,5,main]) started.
[        ] :app:mergeDebugJniLibFolders (Thread[#40888,Execution worker Thread 20,5,main]) started.
[        ] > Task :app:mergeDebugJniLibFolders UP-TO-DATE
[        ] Caching disabled for task ':app:mergeDebugJniLibFolders' because:
[        ]   Build cache is disabled
[        ]   Simple merging task
[        ] Skipping task ':app:mergeDebugJniLibFolders' as it is up-to-date.
[        ] Resolve mutations for :connectivity_plus:mergeDebugJniLibFolders (Thread[#40888,Execution worker Thread 20,5,main]) started.
[        ] :connectivity_plus:mergeDebugJniLibFolders (Thread[#40888,Execution worker Thread 20,5,main]) started.
[        ] > Task :connectivity_plus:mergeDebugJniLibFolders UP-TO-DATE
[        ] Caching disabled for task ':connectivity_plus:mergeDebugJniLibFolders' because:
[        ]   Build cache is disabled
[        ]   Simple merging task
[        ] Skipping task ':connectivity_plus:mergeDebugJniLibFolders' as it is up-to-date.
[        ] Resolve mutations for :connectivity_plus:mergeDebugNativeLibs (Thread[#40888,Execution worker Thread 20,5,main]) started.
[        ] :connectivity_plus:mergeDebugNativeLibs (Thread[#40888,Execution worker Thread 20,5,main]) started.
[        ] > Task :connectivity_plus:mergeDebugNativeLibs NO-SOURCE
[        ] Skipping task ':connectivity_plus:mergeDebugNativeLibs' as it has no source files and no previous output files.
[        ] Resolve mutations for :connectivity_plus:copyDebugJniLibsProjectOnly (Thread[#40888,Execution worker Thread 20,5,main]) started.
[        ] :connectivity_plus:copyDebugJniLibsProjectOnly (Thread[#40888,Execution worker Thread 20,5,main]) started.
[        ] > Task :connectivity_plus:copyDebugJniLibsProjectOnly UP-TO-DATE
[        ] Caching disabled for task ':connectivity_plus:copyDebugJniLibsProjectOnly' because:
[        ]   Build cache is disabled
[        ]   Caching has been disabled for the task
[        ] Skipping task ':connectivity_plus:copyDebugJniLibsProjectOnly' as it is up-to-date.
[        ] work action resolve jni (project :connectivity_plus) (Thread[#40888,Execution worker Thread 20,5,main]) started.
[        ] Resolve mutations for :emoji_picker_flutter:mergeDebugJniLibFolders (Thread[#40888,Execution worker Thread 20,5,main]) started.
[        ] :emoji_picker_flutter:mergeDebugJniLibFolders (Thread[#40888,Execution worker Thread 20,5,main]) started.
[        ] > Task :emoji_picker_flutter:mergeDebugJniLibFolders UP-TO-DATE
[        ] Caching disabled for task ':emoji_picker_flutter:mergeDebugJniLibFolders' because:
[        ]   Build cache is disabled
[        ]   Simple merging task
[        ] Skipping task ':emoji_picker_flutter:mergeDebugJniLibFolders' as it is up-to-date.
[        ] Resolve mutations for :emoji_picker_flutter:mergeDebugNativeLibs (Thread[#40888,Execution worker Thread 20,5,main]) started.
[        ] :emoji_picker_flutter:mergeDebugNativeLibs (Thread[#40888,Execution worker Thread 20,5,main]) started.
[        ] > Task :emoji_picker_flutter:mergeDebugNativeLibs NO-SOURCE
[        ] Skipping task ':emoji_picker_flutter:mergeDebugNativeLibs' as it has no source files and no previous output files.
[        ] Resolve mutations for :emoji_picker_flutter:copyDebugJniLibsProjectOnly (Thread[#40888,Execution worker Thread 20,5,main]) started.
[        ] :emoji_picker_flutter:copyDebugJniLibsProjectOnly (Thread[#40888,Execution worker Thread 20,5,main]) started.
[        ] > Task :emoji_picker_flutter:copyDebugJniLibsProjectOnly UP-TO-DATE
[        ] Caching disabled for task ':emoji_picker_flutter:copyDebugJniLibsProjectOnly' because:
[        ]   Build cache is disabled
[        ]   Caching has been disabled for the task
[        ] Skipping task ':emoji_picker_flutter:copyDebugJniLibsProjectOnly' as it is up-to-date.
[        ] work action resolve jni (project :emoji_picker_flutter) (Thread[#40888,Execution worker Thread 20,5,main]) started.
[        ] Resolve mutations for :file_selector_android:mergeDebugJniLibFolders (Thread[#40888,Execution worker Thread 20,5,main]) started.
[        ] :file_selector_android:mergeDebugJniLibFolders (Thread[#40888,Execution worker Thread 20,5,main]) started.
[        ] > Task :file_selector_android:mergeDebugJniLibFolders UP-TO-DATE
[        ] Caching disabled for task ':file_selector_android:mergeDebugJniLibFolders' because:
[        ]   Build cache is disabled
[        ]   Simple merging task
[        ] Skipping task ':file_selector_android:mergeDebugJniLibFolders' as it is up-to-date.
[        ] Resolve mutations for :file_selector_android:mergeDebugNativeLibs (Thread[#40888,Execution worker Thread 20,5,main]) started.
[        ] :file_selector_android:mergeDebugNativeLibs (Thread[#40888,Execution worker Thread 20,5,main]) started.
[        ] > Task :file_selector_android:mergeDebugNativeLibs NO-SOURCE
[        ] Skipping task ':file_selector_android:mergeDebugNativeLibs' as it has no source files and no previous output files.
[        ] Resolve mutations for :file_selector_android:copyDebugJniLibsProjectOnly (Thread[#40888,Execution worker Thread 20,5,main]) started.
[        ] :file_selector_android:copyDebugJniLibsProjectOnly (Thread[#40888,Execution worker Thread 20,5,main]) started.
[        ] > Task :file_selector_android:copyDebugJniLibsProjectOnly UP-TO-DATE
[        ] Caching disabled for task ':file_selector_android:copyDebugJniLibsProjectOnly' because:
[        ]   Build cache is disabled
[        ]   Caching has been disabled for the task
[        ] Skipping task ':file_selector_android:copyDebugJniLibsProjectOnly' as it is up-to-date.
[        ] work action resolve jni (project :file_selector_android) (Thread[#40888,Execution worker Thread 20,5,main]) started.
[        ] Resolve mutations for :flutter_keyboard_visibility_temp_fork:mergeDebugJniLibFolders (Thread[#40888,Execution worker Thread 20,5,main]) started.
[        ] :flutter_keyboard_visibility_temp_fork:mergeDebugJniLibFolders (Thread[#40888,Execution worker Thread 20,5,main]) started.
[        ] > Task :flutter_keyboard_visibility_temp_fork:mergeDebugJniLibFolders UP-TO-DATE
[        ] Caching disabled for task ':flutter_keyboard_visibility_temp_fork:mergeDebugJniLibFolders' because:
[        ]   Build cache is disabled
[        ]   Simple merging task
[        ] Skipping task ':flutter_keyboard_visibility_temp_fork:mergeDebugJniLibFolders' as it is up-to-date.
[        ] Resolve mutations for :flutter_keyboard_visibility_temp_fork:mergeDebugNativeLibs (Thread[#40888,Execution worker Thread 20,5,main]) started.
[        ] :flutter_keyboard_visibility_temp_fork:mergeDebugNativeLibs (Thread[#40888,Execution worker Thread 20,5,main]) started.
[        ] > Task :flutter_keyboard_visibility_temp_fork:mergeDebugNativeLibs NO-SOURCE
[        ] Skipping task ':flutter_keyboard_visibility_temp_fork:mergeDebugNativeLibs' as it has no source files and no previous output files.
[        ] Resolve mutations for :flutter_keyboard_visibility_temp_fork:copyDebugJniLibsProjectOnly (Thread[#40888,Execution worker Thread 20,5,main]) started.
[        ] :flutter_keyboard_visibility_temp_fork:copyDebugJniLibsProjectOnly (Thread[#40888,Execution worker Thread 20,5,main]) started.
[        ] > Task :flutter_keyboard_visibility_temp_fork:copyDebugJniLibsProjectOnly UP-TO-DATE
[        ] Caching disabled for task ':flutter_keyboard_visibility_temp_fork:copyDebugJniLibsProjectOnly' because:
[        ]   Build cache is disabled
[        ]   Caching has been disabled for the task
[        ] Skipping task ':flutter_keyboard_visibility_temp_fork:copyDebugJniLibsProjectOnly' as it is up-to-date.
[        ] work action resolve jni (project :flutter_keyboard_visibility_temp_fork) (Thread[#40888,Execution worker Thread 20,5,main]) started.
[        ] Resolve mutations for :flutter_native_splash:mergeDebugJniLibFolders (Thread[#40888,Execution worker Thread 20,5,main]) started.
[        ] :flutter_native_splash:mergeDebugJniLibFolders (Thread[#40888,Execution worker Thread 20,5,main]) started.
[        ] > Task :flutter_native_splash:mergeDebugJniLibFolders UP-TO-DATE
[        ] Caching disabled for task ':flutter_native_splash:mergeDebugJniLibFolders' because:
[        ]   Build cache is disabled
[        ]   Simple merging task
[        ] Skipping task ':flutter_native_splash:mergeDebugJniLibFolders' as it is up-to-date.
[        ] Resolve mutations for :flutter_native_splash:mergeDebugNativeLibs (Thread[#40888,Execution worker Thread 20,5,main]) started.
[        ] :flutter_native_splash:mergeDebugNativeLibs (Thread[#40888,Execution worker Thread 20,5,main]) started.
[        ] > Task :flutter_native_splash:mergeDebugNativeLibs NO-SOURCE
[        ] Skipping task ':flutter_native_splash:mergeDebugNativeLibs' as it has no source files and no previous output files.
[        ] Resolve mutations for :flutter_native_splash:copyDebugJniLibsProjectOnly (Thread[#40888,Execution worker Thread 20,5,main]) started.
[        ] :flutter_native_splash:copyDebugJniLibsProjectOnly (Thread[#40888,Execution worker Thread 20,5,main]) started.
[        ] > Task :flutter_native_splash:copyDebugJniLibsProjectOnly UP-TO-DATE
[        ] Caching disabled for task ':flutter_native_splash:copyDebugJniLibsProjectOnly' because:
[        ]   Build cache is disabled
[        ]   Caching has been disabled for the task
[        ] Skipping task ':flutter_native_splash:copyDebugJniLibsProjectOnly' as it is up-to-date.
[        ] work action resolve jni (project :flutter_native_splash) (Thread[#40888,Execution worker Thread 20,5,main]) started.
[        ] Resolve mutations for :flutter_olm:preProfileBuild (Thread[#40888,Execution worker Thread 20,5,main]) started.
[        ] :flutter_olm:preProfileBuild (Thread[#40888,Execution worker Thread 20,5,main]) started.
[        ] > Task :flutter_olm:preProfileBuild UP-TO-DATE
[        ] Skipping task ':flutter_olm:preProfileBuild' as it has no actions.
[        ] Resolve mutations for :flutter_olm:configureCMakeDebug[arm64-v8a] (Thread[#40888,Execution worker Thread 20,5,main]) started.
[        ] :flutter_olm:configureCMakeDebug[arm64-v8a] (Thread[#40888,Execution worker Thread 20,5,main]) started.
[        ] > Task :flutter_olm:configureCMakeDebug[arm64-v8a]
[        ] Caching disabled for task ':flutter_olm:configureCMakeDebug[arm64-v8a]' because:
[        ]   Build cache is disabled
[        ]   Caching has been disabled for the task
[        ] Task ':flutter_olm:configureCMakeDebug[arm64-v8a]' is not up-to-date because:
[        ]   Task.upToDateWhen is false.
[        ] C/C++: /Users/florian/.pub-cache/hosted/pub.dev/flutter_olm-2.0.0/ios/CMakeLists.txt profile|arm64-v8a : Start JSON generation. Platform version: 21 min SDK version: arm64-v8a
[        ] C/C++: /Users/florian/.pub-cache/hosted/pub.dev/flutter_olm-2.0.0/ios/CMakeLists.txt profile|arm64-v8a : JSON '/Users/florian/.pub-cache/hosted/pub.dev/flutter_olm-2.0.0/android/.cxx/Debug/611a6669/arm64-v8a/android_gradle_build.json' was up-to-date
[        ] C/C++: /Users/florian/.pub-cache/hosted/pub.dev/flutter_olm-2.0.0/ios/CMakeLists.txt profile|arm64-v8a : JSON generation completed without problems
[        ] C/C++: /Users/florian/.pub-cache/hosted/pub.dev/flutter_olm-2.0.0/ios/CMakeLists.txt profile|arm64-v8a : Writing build model to /Users/florian/Code/substitution/build/flutter_olm/intermediates/cxx/Debug/611a6669/logs/arm64-v8a/build_model.json
[        ] Resolve mutations for :flutter_olm:buildCMakeDebug[arm64-v8a] (Thread[#40888,Execution worker Thread 20,5,main]) started.
[        ] :flutter_olm:buildCMakeDebug[arm64-v8a] (Thread[#40888,Execution worker Thread 20,5,main]) started.
[        ] > Task :flutter_olm:buildCMakeDebug[arm64-v8a]
[        ] Caching disabled for task ':flutter_olm:buildCMakeDebug[arm64-v8a]' because:
[        ]   Build cache is disabled
[        ]   Caching has been disabled for the task
[        ] Task ':flutter_olm:buildCMakeDebug[arm64-v8a]' is not up-to-date because:
[        ]   Task.upToDateWhen is false.
[        ] C/C++: starting build
[        ] C/C++: reading expected JSONs
[        ] C/C++: done reading expected JSONs
[        ] C/C++: executing build commands for targets that produce .so files or executables
[        ] C/C++: evaluate miniconfig
[        ] C/C++: evaluate library olm (arm64-v8a)
[        ] C/C++: building target library olm because no targets are specified.
[        ] C/C++: about to build targets olm
[        ] C/C++: Build olm
[        ] C/C++: /Users/florian/Library/Android/sdk/cmake/3.22.1/bin/ninja \
[        ]   -C \
[        ]   /Users/florian/.pub-cache/hosted/pub.dev/flutter_olm-2.0.0/android/.cxx/Debug/611a6669/arm64-v8a \
[        ]   olm
[        ] Starting process 'command '/Users/florian/Library/Android/sdk/cmake/3.22.1/bin/ninja''. Working directory: /Users/florian/.pub-cache/hosted/pub.dev/flutter_olm-2.0.0/android Command: /Users/florian/Library/Android/sdk/cmake/3.22.1/bin/ninja -C /Users/florian/.pub-cache/hosted/pub.dev/flutter_olm-2.0.0/android/.cxx/Debug/611a6669/arm64-v8a olm
[        ] Successfully started process 'command '/Users/florian/Library/Android/sdk/cmake/3.22.1/bin/ninja''
[        ] C/C++: Received process result: 0
[        ] C/C++: check expected build outputs
[        ] C/C++: build complete
[        ] Resolve mutations for :flutter_olm:configureCMakeDebug[armeabi-v7a] (Thread[#40888,Execution worker Thread 20,5,main]) started.
[        ] :flutter_olm:configureCMakeDebug[armeabi-v7a] (Thread[#40888,Execution worker Thread 20,5,main]) started.
[        ] > Task :flutter_olm:configureCMakeDebug[armeabi-v7a]
[        ] Caching disabled for task ':flutter_olm:configureCMakeDebug[armeabi-v7a]' because:
[        ]   Build cache is disabled
[        ]   Caching has been disabled for the task
[        ] Task ':flutter_olm:configureCMakeDebug[armeabi-v7a]' is not up-to-date because:
[        ]   Task.upToDateWhen is false.
[        ] C/C++: /Users/florian/.pub-cache/hosted/pub.dev/flutter_olm-2.0.0/ios/CMakeLists.txt profile|armeabi-v7a : Start JSON generation. Platform version: 21 min SDK version: armeabi-v7a
[        ] C/C++: /Users/florian/.pub-cache/hosted/pub.dev/flutter_olm-2.0.0/ios/CMakeLists.txt profile|armeabi-v7a : JSON '/Users/florian/.pub-cache/hosted/pub.dev/flutter_olm-2.0.0/android/.cxx/Debug/611a6669/armeabi-v7a/android_gradle_build.json' was up-to-date
[        ] C/C++: /Users/florian/.pub-cache/hosted/pub.dev/flutter_olm-2.0.0/ios/CMakeLists.txt profile|armeabi-v7a : JSON generation completed without problems
[        ] C/C++: /Users/florian/.pub-cache/hosted/pub.dev/flutter_olm-2.0.0/ios/CMakeLists.txt profile|armeabi-v7a : Writing build model to /Users/florian/Code/substitution/build/flutter_olm/intermediates/cxx/Debug/611a6669/logs/armeabi-v7a/build_model.json
[        ] Resolve mutations for :flutter_olm:buildCMakeDebug[armeabi-v7a] (Thread[#40888,Execution worker Thread 20,5,main]) started.
[        ] :flutter_olm:buildCMakeDebug[armeabi-v7a] (Thread[#40888,Execution worker Thread 20,5,main]) started.
[        ] > Task :flutter_olm:buildCMakeDebug[armeabi-v7a]
[        ] Caching disabled for task ':flutter_olm:buildCMakeDebug[armeabi-v7a]' because:
[        ]   Build cache is disabled
[        ]   Caching has been disabled for the task
[        ] Task ':flutter_olm:buildCMakeDebug[armeabi-v7a]' is not up-to-date because:
[        ]   Task.upToDateWhen is false.
[        ] C/C++: starting build
[        ] C/C++: reading expected JSONs
[        ] C/C++: done reading expected JSONs
[        ] C/C++: executing build commands for targets that produce .so files or executables
[        ] C/C++: evaluate miniconfig
[        ] C/C++: evaluate library olm (armeabi-v7a)
[        ] C/C++: building target library olm because no targets are specified.
[        ] C/C++: about to build targets olm
[        ] C/C++: Build olm
[        ] C/C++: /Users/florian/Library/Android/sdk/cmake/3.22.1/bin/ninja \
[        ]   -C \
[        ]   /Users/florian/.pub-cache/hosted/pub.dev/flutter_olm-2.0.0/android/.cxx/Debug/611a6669/armeabi-v7a \
[        ]   olm
[        ] Starting process 'command '/Users/florian/Library/Android/sdk/cmake/3.22.1/bin/ninja''. Working directory: /Users/florian/.pub-cache/hosted/pub.dev/flutter_olm-2.0.0/android Command: /Users/florian/Library/Android/sdk/cmake/3.22.1/bin/ninja -C /Users/florian/.pub-cache/hosted/pub.dev/flutter_olm-2.0.0/android/.cxx/Debug/611a6669/armeabi-v7a olm
[        ] Successfully started process 'command '/Users/florian/Library/Android/sdk/cmake/3.22.1/bin/ninja''
[        ] C/C++: Received process result: 0
[        ] C/C++: check expected build outputs
[        ] C/C++: build complete
[        ] Resolve mutations for :flutter_olm:configureCMakeDebug[x86] (Thread[#40888,Execution worker Thread 20,5,main]) started.
[        ] :flutter_olm:configureCMakeDebug[x86] (Thread[#40888,Execution worker Thread 20,5,main]) started.
[        ] > Task :flutter_olm:configureCMakeDebug[x86]
[        ] Caching disabled for task ':flutter_olm:configureCMakeDebug[x86]' because:
[        ]   Build cache is disabled
[        ]   Caching has been disabled for the task
[        ] Task ':flutter_olm:configureCMakeDebug[x86]' is not up-to-date because:
[        ]   Task.upToDateWhen is false.
[        ] C/C++: /Users/florian/.pub-cache/hosted/pub.dev/flutter_olm-2.0.0/ios/CMakeLists.txt profile|x86 : Start JSON generation. Platform version: 21 min SDK version: x86
[        ] C/C++: /Users/florian/.pub-cache/hosted/pub.dev/flutter_olm-2.0.0/ios/CMakeLists.txt profile|x86 : JSON '/Users/florian/.pub-cache/hosted/pub.dev/flutter_olm-2.0.0/android/.cxx/Debug/611a6669/x86/android_gradle_build.json' was up-to-date
[        ] C/C++: /Users/florian/.pub-cache/hosted/pub.dev/flutter_olm-2.0.0/ios/CMakeLists.txt profile|x86 : JSON generation completed without problems
[        ] C/C++: /Users/florian/.pub-cache/hosted/pub.dev/flutter_olm-2.0.0/ios/CMakeLists.txt profile|x86 : Writing build model to /Users/florian/Code/substitution/build/flutter_olm/intermediates/cxx/Debug/611a6669/logs/x86/build_model.json
[        ] Resolve mutations for :flutter_olm:buildCMakeDebug[x86] (Thread[#40888,Execution worker Thread 20,5,main]) started.
[        ] :flutter_olm:buildCMakeDebug[x86] (Thread[#40888,Execution worker Thread 20,5,main]) started.
[        ] > Task :flutter_olm:buildCMakeDebug[x86]
[        ] Caching disabled for task ':flutter_olm:buildCMakeDebug[x86]' because:
[        ]   Build cache is disabled
[        ]   Caching has been disabled for the task
[        ] Task ':flutter_olm:buildCMakeDebug[x86]' is not up-to-date because:
[        ]   Task.upToDateWhen is false.
[        ] C/C++: starting build
[        ] C/C++: reading expected JSONs
[        ] C/C++: done reading expected JSONs
[        ] C/C++: executing build commands for targets that produce .so files or executables
[        ] C/C++: evaluate miniconfig
[        ] C/C++: evaluate library olm (x86)
[        ] C/C++: building target library olm because no targets are specified.
[        ] C/C++: about to build targets olm
[        ] C/C++: Build olm
[        ] C/C++: /Users/florian/Library/Android/sdk/cmake/3.22.1/bin/ninja \
[        ]   -C \
[        ]   /Users/florian/.pub-cache/hosted/pub.dev/flutter_olm-2.0.0/android/.cxx/Debug/611a6669/x86 \
[        ]   olm
[        ] Starting process 'command '/Users/florian/Library/Android/sdk/cmake/3.22.1/bin/ninja''. Working directory: /Users/florian/.pub-cache/hosted/pub.dev/flutter_olm-2.0.0/android Command: /Users/florian/Library/Android/sdk/cmake/3.22.1/bin/ninja -C /Users/florian/.pub-cache/hosted/pub.dev/flutter_olm-2.0.0/android/.cxx/Debug/611a6669/x86 olm
[        ] Successfully started process 'command '/Users/florian/Library/Android/sdk/cmake/3.22.1/bin/ninja''
[        ] C/C++: Received process result: 0
[        ] C/C++: check expected build outputs
[        ] C/C++: build complete
[        ] Resolve mutations for :flutter_olm:configureCMakeDebug[x86_64] (Thread[#40888,Execution worker Thread 20,5,main]) started.
[        ] :flutter_olm:configureCMakeDebug[x86_64] (Thread[#40888,Execution worker Thread 20,5,main]) started.
[        ] > Task :flutter_olm:configureCMakeDebug[x86_64]
[        ] Caching disabled for task ':flutter_olm:configureCMakeDebug[x86_64]' because:
[        ]   Build cache is disabled
[        ]   Caching has been disabled for the task
[        ] Task ':flutter_olm:configureCMakeDebug[x86_64]' is not up-to-date because:
[        ]   Task.upToDateWhen is false.
[        ] C/C++: /Users/florian/.pub-cache/hosted/pub.dev/flutter_olm-2.0.0/ios/CMakeLists.txt profile|x86_64 : Start JSON generation. Platform version: 21 min SDK version: x86_64
[        ] C/C++: /Users/florian/.pub-cache/hosted/pub.dev/flutter_olm-2.0.0/ios/CMakeLists.txt profile|x86_64 : JSON '/Users/florian/.pub-cache/hosted/pub.dev/flutter_olm-2.0.0/android/.cxx/Debug/611a6669/x86_64/android_gradle_build.json' was up-to-date
[        ] C/C++: /Users/florian/.pub-cache/hosted/pub.dev/flutter_olm-2.0.0/ios/CMakeLists.txt profile|x86_64 : JSON generation completed without problems
[        ] C/C++: /Users/florian/.pub-cache/hosted/pub.dev/flutter_olm-2.0.0/ios/CMakeLists.txt profile|x86_64 : Writing build model to /Users/florian/Code/substitution/build/flutter_olm/intermediates/cxx/Debug/611a6669/logs/x86_64/build_model.json
[        ] Resolve mutations for :flutter_olm:buildCMakeDebug[x86_64] (Thread[#40888,Execution worker Thread 20,5,main]) started.
[        ] :flutter_olm:buildCMakeDebug[x86_64] (Thread[#40888,Execution worker Thread 20,5,main]) started.
[        ] > Task :flutter_olm:buildCMakeDebug[x86_64]
[        ] Caching disabled for task ':flutter_olm:buildCMakeDebug[x86_64]' because:
[        ]   Build cache is disabled
[        ]   Caching has been disabled for the task
[        ] Task ':flutter_olm:buildCMakeDebug[x86_64]' is not up-to-date because:
[        ]   Task.upToDateWhen is false.
[        ] C/C++: starting build
[        ] C/C++: reading expected JSONs
[        ] C/C++: done reading expected JSONs
[        ] C/C++: executing build commands for targets that produce .so files or executables
[        ] C/C++: evaluate miniconfig
[        ] C/C++: evaluate library olm (x86_64)
[        ] C/C++: building target library olm because no targets are specified.
[        ] C/C++: about to build targets olm
[        ] C/C++: Build olm
[        ] C/C++: /Users/florian/Library/Android/sdk/cmake/3.22.1/bin/ninja \
[        ]   -C \
[        ]   /Users/florian/.pub-cache/hosted/pub.dev/flutter_olm-2.0.0/android/.cxx/Debug/611a6669/x86_64 \
[        ]   olm
[        ] Starting process 'command '/Users/florian/Library/Android/sdk/cmake/3.22.1/bin/ninja''. Working directory: /Users/florian/.pub-cache/hosted/pub.dev/flutter_olm-2.0.0/android Command: /Users/florian/Library/Android/sdk/cmake/3.22.1/bin/ninja -C /Users/florian/.pub-cache/hosted/pub.dev/flutter_olm-2.0.0/android/.cxx/Debug/611a6669/x86_64 olm
[        ] Successfully started process 'command '/Users/florian/Library/Android/sdk/cmake/3.22.1/bin/ninja''
[        ] C/C++: Received process result: 0
[        ] C/C++: check expected build outputs
[        ] C/C++: build complete
[        ] Resolve mutations for :flutter_olm:mergeDebugJniLibFolders (Thread[#40888,Execution worker Thread 20,5,main]) started.
[        ] :flutter_olm:mergeDebugJniLibFolders (Thread[#40888,Execution worker Thread 20,5,main]) started.
[        ] > Task :flutter_olm:mergeDebugJniLibFolders UP-TO-DATE
[        ] Caching disabled for task ':flutter_olm:mergeDebugJniLibFolders' because:
[        ]   Build cache is disabled
[        ]   Simple merging task
[        ] Skipping task ':flutter_olm:mergeDebugJniLibFolders' as it is up-to-date.
[        ] Resolve mutations for :flutter_olm:mergeDebugNativeLibs (Thread[#40888,Execution worker Thread 20,5,main]) started.
[        ] :flutter_olm:mergeDebugNativeLibs (Thread[#40888,Execution worker Thread 20,5,main]) started.
[        ] > Task :flutter_olm:mergeDebugNativeLibs UP-TO-DATE
[        ] Caching disabled for task ':flutter_olm:mergeDebugNativeLibs' because:
[        ]   Build cache is disabled
[        ]   Caching has been disabled for the task
[        ] Skipping task ':flutter_olm:mergeDebugNativeLibs' as it is up-to-date.
[        ] Resolve mutations for :flutter_olm:copyDebugJniLibsProjectOnly (Thread[#40888,Execution worker Thread 20,5,main]) started.
[        ] :flutter_olm:copyDebugJniLibsProjectOnly (Thread[#40888,Execution worker Thread 20,5,main]) started.
[        ] > Task :flutter_olm:copyDebugJniLibsProjectOnly UP-TO-DATE
[        ] Caching disabled for task ':flutter_olm:copyDebugJniLibsProjectOnly' because:
[        ]   Build cache is disabled
[        ]   Caching has been disabled for the task
[        ] Skipping task ':flutter_olm:copyDebugJniLibsProjectOnly' as it is up-to-date.
[        ] work action resolve jni (project :flutter_olm) (Thread[#40888,Execution worker Thread 20,5,main]) started.
[        ] Resolve mutations for :flutter_openssl_crypto:preProfileBuild (Thread[#40888,Execution worker Thread 20,5,main]) started.
[        ] :flutter_openssl_crypto:preProfileBuild (Thread[#40888,Execution worker Thread 20,5,main]) started.
[        ] > Task :flutter_openssl_crypto:preProfileBuild UP-TO-DATE
[        ] Skipping task ':flutter_openssl_crypto:preProfileBuild' as it has no actions.
[        ] Resolve mutations for :flutter_openssl_crypto:configureCMakeDebug[arm64-v8a] (Thread[#40888,Execution worker Thread 20,5,main]) started.
[        ] :flutter_openssl_crypto:configureCMakeDebug[arm64-v8a] (Thread[#40888,Execution worker Thread 20,5,main]) started.
[        ] > Task :flutter_openssl_crypto:configureCMakeDebug[arm64-v8a]
[        ] Caching disabled for task ':flutter_openssl_crypto:configureCMakeDebug[arm64-v8a]' because:
[        ]   Build cache is disabled
[        ]   Caching has been disabled for the task
[        ] Task ':flutter_openssl_crypto:configureCMakeDebug[arm64-v8a]' is not up-to-date because:
[        ]   Task.upToDateWhen is false.
[        ] C/C++: /Users/florian/.pub-cache/hosted/pub.dev/flutter_openssl_crypto-0.5.0/android/CMakeLists.txt profile|arm64-v8a : Start JSON generation. Platform version: 21 min SDK version: arm64-v8a
[        ] C/C++: /Users/florian/.pub-cache/hosted/pub.dev/flutter_openssl_crypto-0.5.0/android/CMakeLists.txt profile|arm64-v8a : JSON '/Users/florian/.pub-cache/hosted/pub.dev/flutter_openssl_crypto-0.5.0/android/.cxx/Debug/42n1p1e4/arm64-v8a/android_gradle_build.json' was up-to-date
[        ] C/C++: /Users/florian/.pub-cache/hosted/pub.dev/flutter_openssl_crypto-0.5.0/android/CMakeLists.txt profile|arm64-v8a : JSON generation completed without problems
[        ] C/C++: /Users/florian/.pub-cache/hosted/pub.dev/flutter_openssl_crypto-0.5.0/android/CMakeLists.txt profile|arm64-v8a : Writing build model to /Users/florian/Code/substitution/build/flutter_openssl_crypto/intermediates/cxx/Debug/42n1p1e4/logs/arm64-v8a/build_model.json
[        ] Resolve mutations for :flutter_openssl_crypto:buildCMakeDebug[arm64-v8a] (Thread[#40888,Execution worker Thread 20,5,main]) started.
[        ] :flutter_openssl_crypto:buildCMakeDebug[arm64-v8a] (Thread[#40888,Execution worker Thread 20,5,main]) started.
[        ] > Task :flutter_openssl_crypto:buildCMakeDebug[arm64-v8a]
[        ] Caching disabled for task ':flutter_openssl_crypto:buildCMakeDebug[arm64-v8a]' because:
[        ]   Build cache is disabled
[        ]   Caching has been disabled for the task
[        ] Task ':flutter_openssl_crypto:buildCMakeDebug[arm64-v8a]' is not up-to-date because:
[        ]   Task.upToDateWhen is false.
[        ] C/C++: starting build
[        ] C/C++: reading expected JSONs
[        ] C/C++: done reading expected JSONs
[        ] C/C++: executing build commands for targets that produce .so files or executables
[        ] C/C++: evaluate miniconfig
[        ] C/C++: evaluate library flutter_openssl_crypto (arm64-v8a)
[        ] C/C++: building target library flutter_openssl_crypto because no targets are specified.
[        ] C/C++: about to build targets flutter_openssl_crypto
[        ] C/C++: Build flutter_openssl_crypto
[        ] C/C++: /Users/florian/Library/Android/sdk/cmake/3.22.1/bin/ninja \
[        ]   -C \
[        ]   /Users/florian/.pub-cache/hosted/pub.dev/flutter_openssl_crypto-0.5.0/android/.cxx/Debug/42n1p1e4/arm64-v8a \
[        ]   flutter_openssl_crypto
[        ] Starting process 'command '/Users/florian/Library/Android/sdk/cmake/3.22.1/bin/ninja''. Working directory: /Users/florian/.pub-cache/hosted/pub.dev/flutter_openssl_crypto-0.5.0/android Command: /Users/florian/Library/Android/sdk/cmake/3.22.1/bin/ninja -C /Users/florian/.pub-cache/hosted/pub.dev/flutter_openssl_crypto-0.5.0/android/.cxx/Debug/42n1p1e4/arm64-v8a flutter_openssl_crypto
[        ] Successfully started process 'command '/Users/florian/Library/Android/sdk/cmake/3.22.1/bin/ninja''
[        ] C/C++: Received process result: 0
[        ] C/C++: check expected build outputs
[        ] C/C++: build complete
[        ] Resolve mutations for :flutter_openssl_crypto:configureCMakeDebug[armeabi-v7a] (Thread[#40888,Execution worker Thread 20,5,main]) started.
[        ] :flutter_openssl_crypto:configureCMakeDebug[armeabi-v7a] (Thread[#40888,Execution worker Thread 20,5,main]) started.
[        ] > Task :flutter_openssl_crypto:configureCMakeDebug[armeabi-v7a]
[        ] Caching disabled for task ':flutter_openssl_crypto:configureCMakeDebug[armeabi-v7a]' because:
[        ]   Build cache is disabled
[        ]   Caching has been disabled for the task
[        ] Task ':flutter_openssl_crypto:configureCMakeDebug[armeabi-v7a]' is not up-to-date because:
[        ]   Task.upToDateWhen is false.
[        ] C/C++: /Users/florian/.pub-cache/hosted/pub.dev/flutter_openssl_crypto-0.5.0/android/CMakeLists.txt profile|armeabi-v7a : Start JSON generation. Platform version: 21 min SDK version: armeabi-v7a
[        ] C/C++: /Users/florian/.pub-cache/hosted/pub.dev/flutter_openssl_crypto-0.5.0/android/CMakeLists.txt profile|armeabi-v7a : JSON '/Users/florian/.pub-cache/hosted/pub.dev/flutter_openssl_crypto-0.5.0/android/.cxx/Debug/42n1p1e4/armeabi-v7a/android_gradle_build.json' was up-to-date
[        ] C/C++: /Users/florian/.pub-cache/hosted/pub.dev/flutter_openssl_crypto-0.5.0/android/CMakeLists.txt profile|armeabi-v7a : JSON generation completed without problems
[        ] C/C++: /Users/florian/.pub-cache/hosted/pub.dev/flutter_openssl_crypto-0.5.0/android/CMakeLists.txt profile|armeabi-v7a : Writing build model to /Users/florian/Code/substitution/build/flutter_openssl_crypto/intermediates/cxx/Debug/42n1p1e4/logs/armeabi-v7a/build_model.json
[        ] Resolve mutations for :flutter_openssl_crypto:buildCMakeDebug[armeabi-v7a] (Thread[#40888,Execution worker Thread 20,5,main]) started.
[        ] :flutter_openssl_crypto:buildCMakeDebug[armeabi-v7a] (Thread[#40888,Execution worker Thread 20,5,main]) started.
[        ] > Task :flutter_openssl_crypto:buildCMakeDebug[armeabi-v7a]
[        ] Caching disabled for task ':flutter_openssl_crypto:buildCMakeDebug[armeabi-v7a]' because:
[        ]   Build cache is disabled
[        ]   Caching has been disabled for the task
[        ] Task ':flutter_openssl_crypto:buildCMakeDebug[armeabi-v7a]' is not up-to-date because:
[        ]   Task.upToDateWhen is false.
[        ] C/C++: starting build
[        ] C/C++: reading expected JSONs
[        ] C/C++: done reading expected JSONs
[        ] C/C++: executing build commands for targets that produce .so files or executables
[        ] C/C++: evaluate miniconfig
[        ] C/C++: evaluate library flutter_openssl_crypto (armeabi-v7a)
[        ] C/C++: building target library flutter_openssl_crypto because no targets are specified.
[        ] C/C++: about to build targets flutter_openssl_crypto
[        ] C/C++: Build flutter_openssl_crypto
[        ] C/C++: /Users/florian/Library/Android/sdk/cmake/3.22.1/bin/ninja \
[        ]   -C \
[        ]   /Users/florian/.pub-cache/hosted/pub.dev/flutter_openssl_crypto-0.5.0/android/.cxx/Debug/42n1p1e4/armeabi-v7a \
[        ]   flutter_openssl_crypto
[        ] Starting process 'command '/Users/florian/Library/Android/sdk/cmake/3.22.1/bin/ninja''. Working directory: /Users/florian/.pub-cache/hosted/pub.dev/flutter_openssl_crypto-0.5.0/android Command: /Users/florian/Library/Android/sdk/cmake/3.22.1/bin/ninja -C /Users/florian/.pub-cache/hosted/pub.dev/flutter_openssl_crypto-0.5.0/android/.cxx/Debug/42n1p1e4/armeabi-v7a flutter_openssl_crypto
[        ] Successfully started process 'command '/Users/florian/Library/Android/sdk/cmake/3.22.1/bin/ninja''
[        ] C/C++: Received process result: 0
[        ] C/C++: check expected build outputs
[        ] C/C++: build complete
[        ] Resolve mutations for :flutter_openssl_crypto:configureCMakeDebug[x86] (Thread[#40888,Execution worker Thread 20,5,main]) started.
[        ] :flutter_openssl_crypto:configureCMakeDebug[x86] (Thread[#40888,Execution worker Thread 20,5,main]) started.
[        ] > Task :flutter_openssl_crypto:configureCMakeDebug[x86]
[        ] Caching disabled for task ':flutter_openssl_crypto:configureCMakeDebug[x86]' because:
[        ]   Build cache is disabled
[        ]   Caching has been disabled for the task
[        ] Task ':flutter_openssl_crypto:configureCMakeDebug[x86]' is not up-to-date because:
[        ]   Task.upToDateWhen is false.
[        ] C/C++: /Users/florian/.pub-cache/hosted/pub.dev/flutter_openssl_crypto-0.5.0/android/CMakeLists.txt profile|x86 : Start JSON generation. Platform version: 21 min SDK version: x86
[        ] C/C++: /Users/florian/.pub-cache/hosted/pub.dev/flutter_openssl_crypto-0.5.0/android/CMakeLists.txt profile|x86 : JSON '/Users/florian/.pub-cache/hosted/pub.dev/flutter_openssl_crypto-0.5.0/android/.cxx/Debug/42n1p1e4/x86/android_gradle_build.json' was up-to-date
[        ] C/C++: /Users/florian/.pub-cache/hosted/pub.dev/flutter_openssl_crypto-0.5.0/android/CMakeLists.txt profile|x86 : JSON generation completed without problems
[        ] C/C++: /Users/florian/.pub-cache/hosted/pub.dev/flutter_openssl_crypto-0.5.0/android/CMakeLists.txt profile|x86 : Writing build model to /Users/florian/Code/substitution/build/flutter_openssl_crypto/intermediates/cxx/Debug/42n1p1e4/logs/x86/build_model.json
[        ] Resolve mutations for :flutter_openssl_crypto:buildCMakeDebug[x86] (Thread[#40888,Execution worker Thread 20,5,main]) started.
[        ] :flutter_openssl_crypto:buildCMakeDebug[x86] (Thread[#40888,Execution worker Thread 20,5,main]) started.
[        ] > Task :flutter_openssl_crypto:buildCMakeDebug[x86]
[        ] Caching disabled for task ':flutter_openssl_crypto:buildCMakeDebug[x86]' because:
[        ]   Build cache is disabled
[        ]   Caching has been disabled for the task
[        ] Task ':flutter_openssl_crypto:buildCMakeDebug[x86]' is not up-to-date because:
[        ]   Task.upToDateWhen is false.
[        ] C/C++: starting build
[        ] C/C++: reading expected JSONs
[        ] C/C++: done reading expected JSONs
[        ] C/C++: executing build commands for targets that produce .so files or executables
[        ] C/C++: evaluate miniconfig
[        ] C/C++: evaluate library flutter_openssl_crypto (x86)
[        ] C/C++: building target library flutter_openssl_crypto because no targets are specified.
[        ] C/C++: about to build targets flutter_openssl_crypto
[        ] C/C++: Build flutter_openssl_crypto
[        ] C/C++: /Users/florian/Library/Android/sdk/cmake/3.22.1/bin/ninja \
[        ]   -C \
[        ]   /Users/florian/.pub-cache/hosted/pub.dev/flutter_openssl_crypto-0.5.0/android/.cxx/Debug/42n1p1e4/x86 \
[        ]   flutter_openssl_crypto
[        ] Starting process 'command '/Users/florian/Library/Android/sdk/cmake/3.22.1/bin/ninja''. Working directory: /Users/florian/.pub-cache/hosted/pub.dev/flutter_openssl_crypto-0.5.0/android Command: /Users/florian/Library/Android/sdk/cmake/3.22.1/bin/ninja -C /Users/florian/.pub-cache/hosted/pub.dev/flutter_openssl_crypto-0.5.0/android/.cxx/Debug/42n1p1e4/x86 flutter_openssl_crypto
[        ] Successfully started process 'command '/Users/florian/Library/Android/sdk/cmake/3.22.1/bin/ninja''
[        ] C/C++: Received process result: 0
[        ] C/C++: check expected build outputs
[        ] C/C++: build complete
[        ] Resolve mutations for :flutter_openssl_crypto:configureCMakeDebug[x86_64] (Thread[#40888,Execution worker Thread 20,5,main]) started.
[        ] :flutter_openssl_crypto:configureCMakeDebug[x86_64] (Thread[#40888,Execution worker Thread 20,5,main]) started.
[        ] > Task :flutter_openssl_crypto:configureCMakeDebug[x86_64]
[        ] Caching disabled for task ':flutter_openssl_crypto:configureCMakeDebug[x86_64]' because:
[        ]   Build cache is disabled
[        ]   Caching has been disabled for the task
[        ] Task ':flutter_openssl_crypto:configureCMakeDebug[x86_64]' is not up-to-date because:
[        ]   Task.upToDateWhen is false.
[        ] C/C++: /Users/florian/.pub-cache/hosted/pub.dev/flutter_openssl_crypto-0.5.0/android/CMakeLists.txt profile|x86_64 : Start JSON generation. Platform version: 21 min SDK version: x86_64
[        ] C/C++: /Users/florian/.pub-cache/hosted/pub.dev/flutter_openssl_crypto-0.5.0/android/CMakeLists.txt profile|x86_64 : JSON '/Users/florian/.pub-cache/hosted/pub.dev/flutter_openssl_crypto-0.5.0/android/.cxx/Debug/42n1p1e4/x86_64/android_gradle_build.json' was up-to-date
[        ] C/C++: /Users/florian/.pub-cache/hosted/pub.dev/flutter_openssl_crypto-0.5.0/android/CMakeLists.txt profile|x86_64 : JSON generation completed without problems
[        ] C/C++: /Users/florian/.pub-cache/hosted/pub.dev/flutter_openssl_crypto-0.5.0/android/CMakeLists.txt profile|x86_64 : Writing build model to /Users/florian/Code/substitution/build/flutter_openssl_crypto/intermediates/cxx/Debug/42n1p1e4/logs/x86_64/build_model.json
[        ] Resolve mutations for :flutter_openssl_crypto:buildCMakeDebug[x86_64] (Thread[#40888,Execution worker Thread 20,5,main]) started.
[        ] :flutter_openssl_crypto:buildCMakeDebug[x86_64] (Thread[#40888,Execution worker Thread 20,5,main]) started.
[ +102 ms] > Task :flutter_openssl_crypto:buildCMakeDebug[x86_64]
[        ] Caching disabled for task ':flutter_openssl_crypto:buildCMakeDebug[x86_64]' because:
[        ]   Build cache is disabled
[        ]   Caching has been disabled for the task
[        ] Task ':flutter_openssl_crypto:buildCMakeDebug[x86_64]' is not up-to-date because:
[        ]   Task.upToDateWhen is false.
[        ] C/C++: starting build
[        ] C/C++: reading expected JSONs
[        ] C/C++: done reading expected JSONs
[        ] C/C++: executing build commands for targets that produce .so files or executables
[        ] C/C++: evaluate miniconfig
[        ] C/C++: evaluate library flutter_openssl_crypto (x86_64)
[        ] C/C++: building target library flutter_openssl_crypto because no targets are specified.
[        ] C/C++: about to build targets flutter_openssl_crypto
[        ] C/C++: Build flutter_openssl_crypto
[        ] C/C++: /Users/florian/Library/Android/sdk/cmake/3.22.1/bin/ninja \
[        ]   -C \
[        ]   /Users/florian/.pub-cache/hosted/pub.dev/flutter_openssl_crypto-0.5.0/android/.cxx/Debug/42n1p1e4/x86_64 \
[        ]   flutter_openssl_crypto
[        ] Starting process 'command '/Users/florian/Library/Android/sdk/cmake/3.22.1/bin/ninja''. Working directory: /Users/florian/.pub-cache/hosted/pub.dev/flutter_openssl_crypto-0.5.0/android Command: /Users/florian/Library/Android/sdk/cmake/3.22.1/bin/ninja -C /Users/florian/.pub-cache/hosted/pub.dev/flutter_openssl_crypto-0.5.0/android/.cxx/Debug/42n1p1e4/x86_64 flutter_openssl_crypto
[        ] Successfully started process 'command '/Users/florian/Library/Android/sdk/cmake/3.22.1/bin/ninja''
[        ] C/C++: Received process result: 0
[        ] C/C++: check expected build outputs
[        ] C/C++: build complete
[        ] Resolve mutations for :flutter_openssl_crypto:mergeDebugJniLibFolders (Thread[#40888,Execution worker Thread 20,5,main]) started.
[        ] :flutter_openssl_crypto:mergeDebugJniLibFolders (Thread[#40888,Execution worker Thread 20,5,main]) started.
[        ] > Task :flutter_openssl_crypto:mergeDebugJniLibFolders UP-TO-DATE
[        ] Caching disabled for task ':flutter_openssl_crypto:mergeDebugJniLibFolders' because:
[        ]   Build cache is disabled
[        ]   Simple merging task
[        ] Skipping task ':flutter_openssl_crypto:mergeDebugJniLibFolders' as it is up-to-date.
[        ] Resolve mutations for :flutter_openssl_crypto:mergeDebugNativeLibs (Thread[#40888,Execution worker Thread 20,5,main]) started.
[        ] :flutter_openssl_crypto:mergeDebugNativeLibs (Thread[#40888,Execution worker Thread 20,5,main]) started.
[        ] > Task :flutter_openssl_crypto:mergeDebugNativeLibs UP-TO-DATE
[        ] Caching disabled for task ':flutter_openssl_crypto:mergeDebugNativeLibs' because:
[        ]   Build cache is disabled
[        ]   Caching has been disabled for the task
[        ] Skipping task ':flutter_openssl_crypto:mergeDebugNativeLibs' as it is up-to-date.
[        ] Resolve mutations for :flutter_openssl_crypto:copyDebugJniLibsProjectOnly (Thread[#40888,Execution worker Thread 20,5,main]) started.
[        ] :flutter_openssl_crypto:copyDebugJniLibsProjectOnly (Thread[#40888,Execution worker Thread 20,5,main]) started.
[        ] > Task :flutter_openssl_crypto:copyDebugJniLibsProjectOnly UP-TO-DATE
[        ] Caching disabled for task ':flutter_openssl_crypto:copyDebugJniLibsProjectOnly' because:
[        ]   Build cache is disabled
[        ]   Caching has been disabled for the task
[        ] Skipping task ':flutter_openssl_crypto:copyDebugJniLibsProjectOnly' as it is up-to-date.
[        ] work action resolve jni (project :flutter_openssl_crypto) (Thread[#40888,Execution worker Thread 20,5,main]) started.
[        ] Resolve mutations for :integration_test:mergeDebugJniLibFolders (Thread[#40888,Execution worker Thread 20,5,main]) started.
[        ] :integration_test:mergeDebugJniLibFolders (Thread[#40888,Execution worker Thread 20,5,main]) started.
[        ] > Task :integration_test:mergeDebugJniLibFolders UP-TO-DATE
[        ] Caching disabled for task ':integration_test:mergeDebugJniLibFolders' because:
[        ]   Build cache is disabled
[        ]   Simple merging task
[        ] Skipping task ':integration_test:mergeDebugJniLibFolders' as it is up-to-date.
[        ] Resolve mutations for :integration_test:mergeDebugNativeLibs (Thread[#40888,Execution worker Thread 20,5,main]) started.
[        ] :integration_test:mergeDebugNativeLibs (Thread[#40888,Execution worker Thread 20,5,main]) started.
[        ] > Task :integration_test:mergeDebugNativeLibs NO-SOURCE
[        ] Skipping task ':integration_test:mergeDebugNativeLibs' as it has no source files and no previous output files.
[        ] Resolve mutations for :integration_test:copyDebugJniLibsProjectOnly (Thread[#40888,Execution worker Thread 20,5,main]) started.
[        ] :integration_test:copyDebugJniLibsProjectOnly (Thread[#40888,Execution worker Thread 20,5,main]) started.
[        ] > Task :integration_test:copyDebugJniLibsProjectOnly UP-TO-DATE
[        ] Caching disabled for task ':integration_test:copyDebugJniLibsProjectOnly' because:
[        ]   Build cache is disabled
[        ]   Caching has been disabled for the task
[        ] Skipping task ':integration_test:copyDebugJniLibsProjectOnly' as it is up-to-date.
[        ] work action resolve jni (project :integration_test) (Thread[#40888,Execution worker Thread 20,5,main]) started.
[        ] Resolve mutations for :path_provider_android:mergeDebugJniLibFolders (Thread[#40888,Execution worker Thread 20,5,main]) started.
[        ] :path_provider_android:mergeDebugJniLibFolders (Thread[#40888,Execution worker Thread 20,5,main]) started.
[        ] > Task :path_provider_android:mergeDebugJniLibFolders UP-TO-DATE
[        ] Caching disabled for task ':path_provider_android:mergeDebugJniLibFolders' because:
[        ]   Build cache is disabled
[        ]   Simple merging task
[        ] Skipping task ':path_provider_android:mergeDebugJniLibFolders' as it is up-to-date.
[        ] Resolve mutations for :path_provider_android:mergeDebugNativeLibs (Thread[#40888,Execution worker Thread 20,5,main]) started.
[        ] :path_provider_android:mergeDebugNativeLibs (Thread[#40888,Execution worker Thread 20,5,main]) started.
[        ] > Task :path_provider_android:mergeDebugNativeLibs NO-SOURCE
[        ] Skipping task ':path_provider_android:mergeDebugNativeLibs' as it has no source files and no previous output files.
[        ] Resolve mutations for :path_provider_android:copyDebugJniLibsProjectOnly (Thread[#40888,Execution worker Thread 20,5,main]) started.
[        ] :path_provider_android:copyDebugJniLibsProjectOnly (Thread[#40888,Execution worker Thread 20,5,main]) started.
[        ] > Task :path_provider_android:copyDebugJniLibsProjectOnly UP-TO-DATE
[        ] Caching disabled for task ':path_provider_android:copyDebugJniLibsProjectOnly' because:
[        ]   Build cache is disabled
[        ]   Caching has been disabled for the task
[        ] Skipping task ':path_provider_android:copyDebugJniLibsProjectOnly' as it is up-to-date.
[        ] work action resolve jni (project :path_provider_android) (Thread[#40888,Execution worker Thread 20,5,main]) started.
[        ] Resolve mutations for :quill_native_bridge_android:mergeDebugJniLibFolders (Thread[#40888,Execution worker Thread 20,5,main]) started.
[        ] :quill_native_bridge_android:mergeDebugJniLibFolders (Thread[#40888,Execution worker Thread 20,5,main]) started.
[        ] > Task :quill_native_bridge_android:mergeDebugJniLibFolders UP-TO-DATE
[        ] Caching disabled for task ':quill_native_bridge_android:mergeDebugJniLibFolders' because:
[        ]   Build cache is disabled
[        ]   Simple merging task
[        ] Skipping task ':quill_native_bridge_android:mergeDebugJniLibFolders' as it is up-to-date.
[        ] Resolve mutations for :quill_native_bridge_android:mergeDebugNativeLibs (Thread[#40888,Execution worker Thread 20,5,main]) started.
[        ] :quill_native_bridge_android:mergeDebugNativeLibs (Thread[#40888,Execution worker Thread 20,5,main]) started.
[        ] > Task :quill_native_bridge_android:mergeDebugNativeLibs NO-SOURCE
[        ] Skipping task ':quill_native_bridge_android:mergeDebugNativeLibs' as it has no source files and no previous output files.
[        ] Resolve mutations for :quill_native_bridge_android:copyDebugJniLibsProjectOnly (Thread[#40888,Execution worker Thread 20,5,main]) started.
[        ] :quill_native_bridge_android:copyDebugJniLibsProjectOnly (Thread[#40888,Execution worker Thread 20,5,main]) started.
[        ] > Task :quill_native_bridge_android:copyDebugJniLibsProjectOnly UP-TO-DATE
[        ] Caching disabled for task ':quill_native_bridge_android:copyDebugJniLibsProjectOnly' because:
[        ]   Build cache is disabled
[        ]   Caching has been disabled for the task
[        ] Skipping task ':quill_native_bridge_android:copyDebugJniLibsProjectOnly' as it is up-to-date.
[        ] work action resolve jni (project :quill_native_bridge_android) (Thread[#40888,Execution worker Thread 20,5,main]) started.
[        ] Resolve mutations for :shared_preferences_android:mergeDebugJniLibFolders (Thread[#40888,Execution worker Thread 20,5,main]) started.
[        ] :shared_preferences_android:mergeDebugJniLibFolders (Thread[#40888,Execution worker Thread 20,5,main]) started.
[        ] > Task :shared_preferences_android:mergeDebugJniLibFolders UP-TO-DATE
[        ] Caching disabled for task ':shared_preferences_android:mergeDebugJniLibFolders' because:
[        ]   Build cache is disabled
[        ]   Simple merging task
[        ] Skipping task ':shared_preferences_android:mergeDebugJniLibFolders' as it is up-to-date.
[        ] Resolve mutations for :shared_preferences_android:mergeDebugNativeLibs (Thread[#40888,Execution worker Thread 20,5,main]) started.
[        ] :shared_preferences_android:mergeDebugNativeLibs (Thread[#40888,Execution worker Thread 20,5,main]) started.
[        ] > Task :shared_preferences_android:mergeDebugNativeLibs NO-SOURCE
[        ] Skipping task ':shared_preferences_android:mergeDebugNativeLibs' as it has no source files and no previous output files.
[        ] Resolve mutations for :shared_preferences_android:copyDebugJniLibsProjectOnly (Thread[#40888,Execution worker Thread 20,5,main]) started.
[        ] :shared_preferences_android:copyDebugJniLibsProjectOnly (Thread[#40888,Execution worker Thread 20,5,main]) started.
[        ] > Task :shared_preferences_android:copyDebugJniLibsProjectOnly UP-TO-DATE
[        ] Caching disabled for task ':shared_preferences_android:copyDebugJniLibsProjectOnly' because:
[        ]   Build cache is disabled
[        ]   Caching has been disabled for the task
[        ] Skipping task ':shared_preferences_android:copyDebugJniLibsProjectOnly' as it is up-to-date.
[        ] work action resolve jni (project :shared_preferences_android) (Thread[#40888,Execution worker Thread 20,5,main]) started.
[        ] Resolve mutations for :sqflite_android:mergeDebugJniLibFolders (Thread[#40888,Execution worker Thread 20,5,main]) started.
[        ] :sqflite_android:mergeDebugJniLibFolders (Thread[#40888,Execution worker Thread 20,5,main]) started.
[        ] > Task :sqflite_android:mergeDebugJniLibFolders UP-TO-DATE
[        ] Caching disabled for task ':sqflite_android:mergeDebugJniLibFolders' because:
[        ]   Build cache is disabled
[        ]   Simple merging task
[        ] Skipping task ':sqflite_android:mergeDebugJniLibFolders' as it is up-to-date.
[        ] Resolve mutations for :sqflite_android:mergeDebugNativeLibs (Thread[#40888,Execution worker Thread 20,5,main]) started.
[        ] :sqflite_android:mergeDebugNativeLibs (Thread[#40888,Execution worker Thread 20,5,main]) started.
[        ] > Task :sqflite_android:mergeDebugNativeLibs NO-SOURCE
[        ] Skipping task ':sqflite_android:mergeDebugNativeLibs' as it has no source files and no previous output files.
[        ] Resolve mutations for :sqflite_android:copyDebugJniLibsProjectOnly (Thread[#40888,Execution worker Thread 20,5,main]) started.
[        ] :sqflite_android:copyDebugJniLibsProjectOnly (Thread[#40888,Execution worker Thread 20,5,main]) started.
[        ] > Task :sqflite_android:copyDebugJniLibsProjectOnly UP-TO-DATE
[        ] Caching disabled for task ':sqflite_android:copyDebugJniLibsProjectOnly' because:
[        ]   Build cache is disabled
[        ]   Caching has been disabled for the task
[        ] Skipping task ':sqflite_android:copyDebugJniLibsProjectOnly' as it is up-to-date.
[        ] work action resolve jni (project :sqflite_android) (Thread[#40888,Execution worker Thread 20,5,main]) started.
[        ] Resolve mutations for :url_launcher_android:mergeDebugJniLibFolders (Thread[#40888,Execution worker Thread 20,5,main]) started.
[        ] :url_launcher_android:mergeDebugJniLibFolders (Thread[#40888,Execution worker Thread 20,5,main]) started.
[        ] > Task :url_launcher_android:mergeDebugJniLibFolders UP-TO-DATE
[        ] Caching disabled for task ':url_launcher_android:mergeDebugJniLibFolders' because:
[        ]   Build cache is disabled
[        ]   Simple merging task
[        ] Skipping task ':url_launcher_android:mergeDebugJniLibFolders' as it is up-to-date.
[        ] Resolve mutations for :url_launcher_android:mergeDebugNativeLibs (Thread[#40888,Execution worker Thread 20,5,main]) started.
[        ] :url_launcher_android:mergeDebugNativeLibs (Thread[#40888,Execution worker Thread 20,5,main]) started.
[        ] > Task :url_launcher_android:mergeDebugNativeLibs NO-SOURCE
[        ] Skipping task ':url_launcher_android:mergeDebugNativeLibs' as it has no source files and no previous output files.
[        ] Resolve mutations for :url_launcher_android:copyDebugJniLibsProjectOnly (Thread[#40888,Execution worker Thread 20,5,main]) started.
[        ] :url_launcher_android:copyDebugJniLibsProjectOnly (Thread[#40888,Execution worker Thread 20,5,main]) started.
[        ] > Task :url_launcher_android:copyDebugJniLibsProjectOnly UP-TO-DATE
[        ] Caching disabled for task ':url_launcher_android:copyDebugJniLibsProjectOnly' because:
[        ]   Build cache is disabled
[        ]   Caching has been disabled for the task
[        ] Skipping task ':url_launcher_android:copyDebugJniLibsProjectOnly' as it is up-to-date.
[        ] work action resolve jni (project :url_launcher_android) (Thread[#40888,Execution worker Thread 20,5,main]) started.
[        ] Resolve mutations for :video_player_android:mergeDebugJniLibFolders (Thread[#40888,Execution worker Thread 20,5,main]) started.
[        ] :video_player_android:mergeDebugJniLibFolders (Thread[#40888,Execution worker Thread 20,5,main]) started.
[        ] > Task :video_player_android:mergeDebugJniLibFolders UP-TO-DATE
[        ] Caching disabled for task ':video_player_android:mergeDebugJniLibFolders' because:
[        ]   Build cache is disabled
[        ]   Simple merging task
[        ] Skipping task ':video_player_android:mergeDebugJniLibFolders' as it is up-to-date.
[        ] Resolve mutations for :video_player_android:mergeDebugNativeLibs (Thread[#40888,Execution worker Thread 20,5,main]) started.
[        ] :video_player_android:mergeDebugNativeLibs (Thread[#40888,Execution worker Thread 20,5,main]) started.
[        ] > Task :video_player_android:mergeDebugNativeLibs NO-SOURCE
[        ] Skipping task ':video_player_android:mergeDebugNativeLibs' as it has no source files and no previous output files.
[        ] Resolve mutations for :video_player_android:copyDebugJniLibsProjectOnly (Thread[#40888,Execution worker Thread 20,5,main]) started.
[        ] :video_player_android:copyDebugJniLibsProjectOnly (Thread[#40888,Execution worker Thread 20,5,main]) started.
[        ] > Task :video_player_android:copyDebugJniLibsProjectOnly UP-TO-DATE
[        ] Caching disabled for task ':video_player_android:copyDebugJniLibsProjectOnly' because:
[        ]   Build cache is disabled
[        ]   Caching has been disabled for the task
[        ] Skipping task ':video_player_android:copyDebugJniLibsProjectOnly' as it is up-to-date.
[        ] work action resolve jni (project :video_player_android) (Thread[#40888,Execution worker Thread 20,5,main]) started.
[        ] Resolve mutations for :app:mergeDebugNativeLibs (Thread[#40888,Execution worker Thread 20,5,main]) started.
[        ] :app:mergeDebugNativeLibs (Thread[#40888,Execution worker Thread 20,5,main]) started.
[        ] > Task :app:mergeDebugNativeLibs UP-TO-DATE
[        ] Caching disabled for task ':app:mergeDebugNativeLibs' because:
[        ]   Build cache is disabled
[        ]   Caching has been disabled for the task
[        ] Skipping task ':app:mergeDebugNativeLibs' as it is up-to-date.
[        ] Resolve mutations for :app:stripDebugDebugSymbols (Thread[#40888,Execution worker Thread 20,5,main]) started.
[        ] :app:stripDebugDebugSymbols (Thread[#40888,Execution worker Thread 20,5,main]) started.
[        ] > Task :app:stripDebugDebugSymbols UP-TO-DATE
[        ] Caching disabled for task ':app:stripDebugDebugSymbols' because:
[        ]   Build cache is disabled
[        ]   Caching has been disabled for the task
[        ] Skipping task ':app:stripDebugDebugSymbols' as it is up-to-date.
[        ] Resolve mutations for :app:validateSigningDebug (Thread[#40888,Execution worker Thread 20,5,main]) started.
[        ] :app:validateSigningDebug (Thread[#40888,Execution worker Thread 20,5,main]) started.
[        ] > Task :app:validateSigningDebug UP-TO-DATE
[        ] Caching disabled for task ':app:validateSigningDebug' because:
[        ]   Build cache is disabled
[        ]   Caching has been disabled for the task
[        ] Skipping task ':app:validateSigningDebug' as it is up-to-date.
[        ] Resolve mutations for :app:writeDebugAppMetadata (Thread[#40888,Execution worker Thread 20,5,main]) started.
[        ] :app:writeDebugAppMetadata (Thread[#40888,Execution worker Thread 20,5,main]) started.
[        ] > Task :app:writeDebugAppMetadata UP-TO-DATE
[        ] Caching disabled for task ':app:writeDebugAppMetadata' because:
[        ]   Build cache is disabled
[        ]   Caching has been disabled for the task
[        ] Skipping task ':app:writeDebugAppMetadata' as it is up-to-date.
[        ] Resolve mutations for :app:writeDebugSigningConfigVersions (Thread[#40888,Execution worker Thread 20,5,main]) started.
[        ] :app:writeDebugSigningConfigVersions (Thread[#40888,Execution worker Thread 20,5,main]) started.
[        ] > Task :app:writeDebugSigningConfigVersions UP-TO-DATE
[        ] Caching disabled for task ':app:writeDebugSigningConfigVersions' because:
[        ]   Build cache is disabled
[        ]   Caching has been disabled for the task
[        ] Skipping task ':app:writeDebugSigningConfigVersions' as it is up-to-date.
[        ] Resolve mutations for :connectivity_plus:stripDebugDebugSymbols (Thread[#40888,Execution worker Thread 20,5,main]) started.
[        ] :connectivity_plus:stripDebugDebugSymbols (Thread[#40888,Execution worker Thread 20,5,main]) started.
[        ] > Task :connectivity_plus:stripDebugDebugSymbols NO-SOURCE
[        ] Skipping task ':connectivity_plus:stripDebugDebugSymbols' as it has no source files and no previous output files.
[        ] Resolve mutations for :connectivity_plus:copyDebugJniLibsProjectAndLocalJars (Thread[#40888,Execution worker Thread 20,5,main]) started.
[        ] :connectivity_plus:copyDebugJniLibsProjectAndLocalJars (Thread[#40888,Execution worker Thread 20,5,main]) started.
[        ] > Task :connectivity_plus:copyDebugJniLibsProjectAndLocalJars UP-TO-DATE
[        ] Caching disabled for task ':connectivity_plus:copyDebugJniLibsProjectAndLocalJars' because:
[        ]   Build cache is disabled
[        ]   Caching has been disabled for the task
[        ] Skipping task ':connectivity_plus:copyDebugJniLibsProjectAndLocalJars' as it is up-to-date.
[        ] Resolve mutations for :connectivity_plus:extractDebugAnnotations (Thread[#40888,Execution worker Thread 20,5,main]) started.
[        ] :connectivity_plus:extractDebugAnnotations (Thread[#40888,Execution worker Thread 20,5,main]) started.
[        ] > Task :connectivity_plus:extractDebugAnnotations UP-TO-DATE
[        ] Caching disabled for task ':connectivity_plus:extractDebugAnnotations' because:
[        ]   Build cache is disabled
[        ] Skipping task ':connectivity_plus:extractDebugAnnotations' as it is up-to-date.
[        ] Resolve mutations for :connectivity_plus:extractDeepLinksForAarDebug (Thread[#40888,Execution worker Thread 20,5,main]) started.
[        ] :connectivity_plus:extractDeepLinksForAarDebug (Thread[#40888,Execution worker Thread 20,5,main]) started.
[        ] > Task :connectivity_plus:extractDeepLinksForAarDebug UP-TO-DATE
[        ] Caching disabled for task ':connectivity_plus:extractDeepLinksForAarDebug' because:
[        ]   Build cache is disabled
[        ] Skipping task ':connectivity_plus:extractDeepLinksForAarDebug' as it is up-to-date.
[        ] Resolve mutations for :connectivity_plus:mergeDebugGeneratedProguardFiles (Thread[#40888,Execution worker Thread 20,5,main]) started.
[        ] :connectivity_plus:mergeDebugGeneratedProguardFiles (Thread[#40888,Execution worker Thread 20,5,main]) started.
[        ] > Task :connectivity_plus:mergeDebugGeneratedProguardFiles UP-TO-DATE
[        ] Caching disabled for task ':connectivity_plus:mergeDebugGeneratedProguardFiles' because:
[        ]   Build cache is disabled
[        ]   Simple merging task
[        ] Skipping task ':connectivity_plus:mergeDebugGeneratedProguardFiles' as it is up-to-date.
[        ] Resolve mutations for :connectivity_plus:mergeDebugConsumerProguardFiles (Thread[#40888,Execution worker Thread 20,5,main]) started.
[        ] :connectivity_plus:mergeDebugConsumerProguardFiles (Thread[#40888,Execution worker Thread 20,5,main]) started.
[        ] > Task :connectivity_plus:mergeDebugConsumerProguardFiles UP-TO-DATE
[        ] Caching disabled for task ':connectivity_plus:mergeDebugConsumerProguardFiles' because:
[        ]   Build cache is disabled
[        ]   Simple merging task
[        ] Skipping task ':connectivity_plus:mergeDebugConsumerProguardFiles' as it is up-to-date.
[        ] Resolve mutations for :connectivity_plus:prepareDebugArtProfile (Thread[#40888,Execution worker Thread 20,5,main]) started.
[        ] :connectivity_plus:prepareDebugArtProfile (Thread[#40888,Execution worker Thread 20,5,main]) started.
[        ] > Task :connectivity_plus:prepareDebugArtProfile UP-TO-DATE
[        ] Caching disabled for task ':connectivity_plus:prepareDebugArtProfile' because:
[        ]   Build cache is disabled
[        ]   Caching has been disabled for the task
[        ] Skipping task ':connectivity_plus:prepareDebugArtProfile' as it is up-to-date.
[        ] Resolve mutations for :connectivity_plus:prepareLintJarForPublish (Thread[#40888,Execution worker Thread 20,5,main]) started.
[        ] :connectivity_plus:prepareLintJarForPublish (Thread[#40888,Execution worker Thread 20,5,main]) started.
[        ] > Task :connectivity_plus:prepareLintJarForPublish UP-TO-DATE
[        ] Caching disabled for task ':connectivity_plus:prepareLintJarForPublish' because:
[        ]   Build cache is disabled
[        ]   Caching has been disabled for the task
[        ] Skipping task ':connectivity_plus:prepareLintJarForPublish' as it is up-to-date.
[        ] Resolve mutations for :connectivity_plus:mergeDebugJavaResource (Thread[#40888,Execution worker Thread 20,5,main]) started.
[        ] :connectivity_plus:mergeDebugJavaResource (Thread[#40888,Execution worker Thread 20,5,main]) started.
[        ] > Task :connectivity_plus:mergeDebugJavaResource UP-TO-DATE
[        ] Caching disabled for task ':connectivity_plus:mergeDebugJavaResource' because:
[        ]   Build cache is disabled
[        ]   Caching has been disabled for the task
[        ] Skipping task ':connectivity_plus:mergeDebugJavaResource' as it is up-to-date.
[        ] Resolve mutations for :connectivity_plus:syncDebugLibJars (Thread[#40888,Execution worker Thread 20,5,main]) started.
[        ] :connectivity_plus:syncDebugLibJars (Thread[#40888,Execution worker Thread 20,5,main]) started.
[        ] > Task :connectivity_plus:syncDebugLibJars UP-TO-DATE
[        ] Caching disabled for task ':connectivity_plus:syncDebugLibJars' because:
[        ]   Build cache is disabled
[        ] Skipping task ':connectivity_plus:syncDebugLibJars' as it is up-to-date.
[        ] Resolve mutations for :connectivity_plus:bundleDebugAar (Thread[#40888,Execution worker Thread 20,5,main]) started.
[        ] :connectivity_plus:bundleDebugAar (Thread[#40888,Execution worker Thread 20,5,main]) started.
[        ] > Task :connectivity_plus:bundleDebugAar UP-TO-DATE
[        ] Caching disabled for task ':connectivity_plus:bundleDebugAar' because:
[        ]   Build cache is disabled
[        ]   Caching has been disabled for the task
[        ] Skipping task ':connectivity_plus:bundleDebugAar' as it is up-to-date.
[        ] Resolve mutations for :connectivity_plus:assembleDebug (Thread[#40888,Execution worker Thread 20,5,main]) started.
[        ] :connectivity_plus:assembleDebug (Thread[#40888,Execution worker Thread 20,5,main]) started.
[        ] > Task :connectivity_plus:assembleDebug UP-TO-DATE
[        ] Skipping task ':connectivity_plus:assembleDebug' as it has no actions.
[        ] Resolve mutations for :emoji_picker_flutter:stripDebugDebugSymbols (Thread[#40888,Execution worker Thread 20,5,main]) started.
[        ] :emoji_picker_flutter:stripDebugDebugSymbols (Thread[#40888,Execution worker Thread 20,5,main]) started.
[        ] > Task :emoji_picker_flutter:stripDebugDebugSymbols NO-SOURCE
[        ] Skipping task ':emoji_picker_flutter:stripDebugDebugSymbols' as it has no source files and no previous output files.
[        ] Resolve mutations for :emoji_picker_flutter:copyDebugJniLibsProjectAndLocalJars (Thread[#40888,Execution worker Thread 20,5,main]) started.
[        ] :emoji_picker_flutter:copyDebugJniLibsProjectAndLocalJars (Thread[#40888,Execution worker Thread 20,5,main]) started.
[        ] > Task :emoji_picker_flutter:copyDebugJniLibsProjectAndLocalJars UP-TO-DATE
[        ] Caching disabled for task ':emoji_picker_flutter:copyDebugJniLibsProjectAndLocalJars' because:
[        ]   Build cache is disabled
[        ]   Caching has been disabled for the task
[        ] Skipping task ':emoji_picker_flutter:copyDebugJniLibsProjectAndLocalJars' as it is up-to-date.
[        ] Resolve mutations for :emoji_picker_flutter:extractDebugAnnotations (Thread[#40888,Execution worker Thread 20,5,main]) started.
[        ] :emoji_picker_flutter:extractDebugAnnotations (Thread[#40888,Execution worker Thread 20,5,main]) started.
[        ] > Task :emoji_picker_flutter:extractDebugAnnotations UP-TO-DATE
[        ] Caching disabled for task ':emoji_picker_flutter:extractDebugAnnotations' because:
[        ]   Build cache is disabled
[        ] Skipping task ':emoji_picker_flutter:extractDebugAnnotations' as it is up-to-date.
[        ] Resolve mutations for :emoji_picker_flutter:extractDeepLinksForAarDebug (Thread[#40888,Execution worker Thread 20,5,main]) started.
[        ] :emoji_picker_flutter:extractDeepLinksForAarDebug (Thread[#40888,Execution worker Thread 20,5,main]) started.
[        ] > Task :emoji_picker_flutter:extractDeepLinksForAarDebug UP-TO-DATE
[        ] Caching disabled for task ':emoji_picker_flutter:extractDeepLinksForAarDebug' because:
[        ]   Build cache is disabled
[        ] Skipping task ':emoji_picker_flutter:extractDeepLinksForAarDebug' as it is up-to-date.
[        ] Resolve mutations for :emoji_picker_flutter:mergeDebugGeneratedProguardFiles (Thread[#40888,Execution worker Thread 20,5,main]) started.
[        ] :emoji_picker_flutter:mergeDebugGeneratedProguardFiles (Thread[#40888,Execution worker Thread 20,5,main]) started.
[        ] > Task :emoji_picker_flutter:mergeDebugGeneratedProguardFiles UP-TO-DATE
[        ] Caching disabled for task ':emoji_picker_flutter:mergeDebugGeneratedProguardFiles' because:
[        ]   Build cache is disabled
[        ]   Simple merging task
[        ] Skipping task ':emoji_picker_flutter:mergeDebugGeneratedProguardFiles' as it is up-to-date.
[        ] Resolve mutations for :emoji_picker_flutter:mergeDebugConsumerProguardFiles (Thread[#40888,Execution worker Thread 20,5,main]) started.
[        ] :emoji_picker_flutter:mergeDebugConsumerProguardFiles (Thread[#40888,Execution worker Thread 20,5,main]) started.
[        ] > Task :emoji_picker_flutter:mergeDebugConsumerProguardFiles UP-TO-DATE
[        ] Caching disabled for task ':emoji_picker_flutter:mergeDebugConsumerProguardFiles' because:
[        ]   Build cache is disabled
[        ]   Simple merging task
[        ] Skipping task ':emoji_picker_flutter:mergeDebugConsumerProguardFiles' as it is up-to-date.
[        ] Resolve mutations for :emoji_picker_flutter:prepareDebugArtProfile (Thread[#40888,Execution worker Thread 20,5,main]) started.
[        ] :emoji_picker_flutter:prepareDebugArtProfile (Thread[#40888,Execution worker Thread 20,5,main]) started.
[        ] > Task :emoji_picker_flutter:prepareDebugArtProfile UP-TO-DATE
[        ] Caching disabled for task ':emoji_picker_flutter:prepareDebugArtProfile' because:
[        ]   Build cache is disabled
[        ]   Caching has been disabled for the task
[        ] Skipping task ':emoji_picker_flutter:prepareDebugArtProfile' as it is up-to-date.
[        ] Resolve mutations for :emoji_picker_flutter:prepareLintJarForPublish (Thread[#40888,Execution worker Thread 20,5,main]) started.
[        ] :emoji_picker_flutter:prepareLintJarForPublish (Thread[#40888,Execution worker Thread 20,5,main]) started.
[        ] > Task :emoji_picker_flutter:prepareLintJarForPublish UP-TO-DATE
[        ] Caching disabled for task ':emoji_picker_flutter:prepareLintJarForPublish' because:
[        ]   Build cache is disabled
[        ]   Caching has been disabled for the task
[        ] Skipping task ':emoji_picker_flutter:prepareLintJarForPublish' as it is up-to-date.
[        ] Resolve mutations for :emoji_picker_flutter:mergeDebugJavaResource (Thread[#40888,Execution worker Thread 20,5,main]) started.
[        ] :emoji_picker_flutter:mergeDebugJavaResource (Thread[#40888,Execution worker Thread 20,5,main]) started.
[        ] > Task :emoji_picker_flutter:mergeDebugJavaResource UP-TO-DATE
[        ] Caching disabled for task ':emoji_picker_flutter:mergeDebugJavaResource' because:
[        ]   Build cache is disabled
[        ]   Caching has been disabled for the task
[        ] Skipping task ':emoji_picker_flutter:mergeDebugJavaResource' as it is up-to-date.
[        ] Resolve mutations for :emoji_picker_flutter:syncDebugLibJars (Thread[#40888,Execution worker Thread 20,5,main]) started.
[        ] :emoji_picker_flutter:syncDebugLibJars (Thread[#40888,Execution worker Thread 20,5,main]) started.
[        ] > Task :emoji_picker_flutter:syncDebugLibJars UP-TO-DATE
[        ] Caching disabled for task ':emoji_picker_flutter:syncDebugLibJars' because:
[        ]   Build cache is disabled
[        ] Skipping task ':emoji_picker_flutter:syncDebugLibJars' as it is up-to-date.
[        ] Resolve mutations for :emoji_picker_flutter:bundleDebugAar (Thread[#40888,Execution worker Thread 20,5,main]) started.
[        ] :emoji_picker_flutter:bundleDebugAar (Thread[#40888,Execution worker Thread 20,5,main]) started.
[        ] > Task :emoji_picker_flutter:bundleDebugAar UP-TO-DATE
[        ] Caching disabled for task ':emoji_picker_flutter:bundleDebugAar' because:
[        ]   Build cache is disabled
[        ]   Caching has been disabled for the task
[        ] Skipping task ':emoji_picker_flutter:bundleDebugAar' as it is up-to-date.
[        ] Resolve mutations for :emoji_picker_flutter:assembleDebug (Thread[#40888,Execution worker Thread 20,5,main]) started.
[        ] :emoji_picker_flutter:assembleDebug (Thread[#40888,Execution worker Thread 20,5,main]) started.
[        ] > Task :emoji_picker_flutter:assembleDebug UP-TO-DATE
[        ] Skipping task ':emoji_picker_flutter:assembleDebug' as it has no actions.
[        ] Resolve mutations for :file_selector_android:stripDebugDebugSymbols (Thread[#40888,Execution worker Thread 20,5,main]) started.
[        ] :file_selector_android:stripDebugDebugSymbols (Thread[#40888,Execution worker Thread 20,5,main]) started.
[        ] > Task :file_selector_android:stripDebugDebugSymbols NO-SOURCE
[        ] Skipping task ':file_selector_android:stripDebugDebugSymbols' as it has no source files and no previous output files.
[        ] Resolve mutations for :file_selector_android:copyDebugJniLibsProjectAndLocalJars (Thread[#40888,Execution worker Thread 20,5,main]) started.
[        ] :file_selector_android:copyDebugJniLibsProjectAndLocalJars (Thread[#40888,Execution worker Thread 20,5,main]) started.
[        ] > Task :file_selector_android:copyDebugJniLibsProjectAndLocalJars UP-TO-DATE
[        ] Caching disabled for task ':file_selector_android:copyDebugJniLibsProjectAndLocalJars' because:
[        ]   Build cache is disabled
[        ]   Caching has been disabled for the task
[        ] Skipping task ':file_selector_android:copyDebugJniLibsProjectAndLocalJars' as it is up-to-date.
[        ] Resolve mutations for :file_selector_android:extractDebugAnnotations (Thread[#40888,Execution worker Thread 20,5,main]) started.
[        ] :file_selector_android:extractDebugAnnotations (Thread[#40888,Execution worker Thread 20,5,main]) started.
[        ] > Task :file_selector_android:extractDebugAnnotations UP-TO-DATE
[        ] Caching disabled for task ':file_selector_android:extractDebugAnnotations' because:
[        ]   Build cache is disabled
[        ] Skipping task ':file_selector_android:extractDebugAnnotations' as it is up-to-date.
[        ] Resolve mutations for :file_selector_android:extractDeepLinksForAarDebug (Thread[#40888,Execution worker Thread 20,5,main]) started.
[        ] :file_selector_android:extractDeepLinksForAarDebug (Thread[#40888,Execution worker Thread 20,5,main]) started.
[        ] > Task :file_selector_android:extractDeepLinksForAarDebug UP-TO-DATE
[        ] Caching disabled for task ':file_selector_android:extractDeepLinksForAarDebug' because:
[        ]   Build cache is disabled
[        ] Skipping task ':file_selector_android:extractDeepLinksForAarDebug' as it is up-to-date.
[        ] Resolve mutations for :file_selector_android:mergeDebugGeneratedProguardFiles (Thread[#40888,Execution worker Thread 20,5,main]) started.
[        ] :file_selector_android:mergeDebugGeneratedProguardFiles (Thread[#40888,Execution worker Thread 20,5,main]) started.
[        ] > Task :file_selector_android:mergeDebugGeneratedProguardFiles UP-TO-DATE
[        ] Caching disabled for task ':file_selector_android:mergeDebugGeneratedProguardFiles' because:
[        ]   Build cache is disabled
[        ]   Simple merging task
[        ] Skipping task ':file_selector_android:mergeDebugGeneratedProguardFiles' as it is up-to-date.
[        ] Resolve mutations for :file_selector_android:mergeDebugConsumerProguardFiles (Thread[#40888,Execution worker Thread 20,5,main]) started.
[        ] :file_selector_android:mergeDebugConsumerProguardFiles (Thread[#40888,Execution worker Thread 20,5,main]) started.
[        ] > Task :file_selector_android:mergeDebugConsumerProguardFiles UP-TO-DATE
[        ] Caching disabled for task ':file_selector_android:mergeDebugConsumerProguardFiles' because:
[        ]   Build cache is disabled
[        ]   Simple merging task
[        ] Skipping task ':file_selector_android:mergeDebugConsumerProguardFiles' as it is up-to-date.
[        ] Resolve mutations for :file_selector_android:prepareDebugArtProfile (Thread[#40888,Execution worker Thread 20,5,main]) started.
[        ] :file_selector_android:prepareDebugArtProfile (Thread[#40888,Execution worker Thread 20,5,main]) started.
[        ] > Task :file_selector_android:prepareDebugArtProfile UP-TO-DATE
[        ] Caching disabled for task ':file_selector_android:prepareDebugArtProfile' because:
[        ]   Build cache is disabled
[        ]   Caching has been disabled for the task
[        ] Skipping task ':file_selector_android:prepareDebugArtProfile' as it is up-to-date.
[        ] Resolve mutations for :file_selector_android:prepareLintJarForPublish (Thread[#40888,Execution worker Thread 20,5,main]) started.
[        ] :file_selector_android:prepareLintJarForPublish (Thread[#40888,Execution worker Thread 20,5,main]) started.
[        ] > Task :file_selector_android:prepareLintJarForPublish UP-TO-DATE
[        ] Caching disabled for task ':file_selector_android:prepareLintJarForPublish' because:
[        ]   Build cache is disabled
[        ]   Caching has been disabled for the task
[        ] Skipping task ':file_selector_android:prepareLintJarForPublish' as it is up-to-date.
[        ] Resolve mutations for :file_selector_android:mergeDebugJavaResource (Thread[#40888,Execution worker Thread 20,5,main]) started.
[        ] :file_selector_android:mergeDebugJavaResource (Thread[#40888,Execution worker Thread 20,5,main]) started.
[        ] > Task :file_selector_android:mergeDebugJavaResource UP-TO-DATE
[        ] Caching disabled for task ':file_selector_android:mergeDebugJavaResource' because:
[        ]   Build cache is disabled
[        ]   Caching has been disabled for the task
[        ] Skipping task ':file_selector_android:mergeDebugJavaResource' as it is up-to-date.
[        ] Resolve mutations for :file_selector_android:syncDebugLibJars (Thread[#40888,Execution worker Thread 20,5,main]) started.
[        ] :file_selector_android:syncDebugLibJars (Thread[#40888,Execution worker Thread 20,5,main]) started.
[        ] > Task :file_selector_android:syncDebugLibJars UP-TO-DATE
[        ] Caching disabled for task ':file_selector_android:syncDebugLibJars' because:
[        ]   Build cache is disabled
[        ] Skipping task ':file_selector_android:syncDebugLibJars' as it is up-to-date.
[        ] Resolve mutations for :file_selector_android:bundleDebugAar (Thread[#40888,Execution worker Thread 20,5,main]) started.
[        ] :file_selector_android:bundleDebugAar (Thread[#40888,Execution worker Thread 20,5,main]) started.
[        ] > Task :file_selector_android:bundleDebugAar UP-TO-DATE
[        ] Caching disabled for task ':file_selector_android:bundleDebugAar' because:
[        ]   Build cache is disabled
[        ]   Caching has been disabled for the task
[        ] Skipping task ':file_selector_android:bundleDebugAar' as it is up-to-date.
[        ] Resolve mutations for :file_selector_android:assembleDebug (Thread[#40888,Execution worker Thread 20,5,main]) started.
[        ] :file_selector_android:assembleDebug (Thread[#40888,Execution worker Thread 20,5,main]) started.
[        ] > Task :file_selector_android:assembleDebug UP-TO-DATE
[        ] Skipping task ':file_selector_android:assembleDebug' as it has no actions.
[        ] Resolve mutations for :flutter_keyboard_visibility_temp_fork:stripDebugDebugSymbols (Thread[#40888,Execution worker Thread 20,5,main]) started.
[        ] :flutter_keyboard_visibility_temp_fork:stripDebugDebugSymbols (Thread[#40888,Execution worker Thread 20,5,main]) started.
[        ] > Task :flutter_keyboard_visibility_temp_fork:stripDebugDebugSymbols NO-SOURCE
[        ] Skipping task ':flutter_keyboard_visibility_temp_fork:stripDebugDebugSymbols' as it has no source files and no previous output files.
[        ] Resolve mutations for :flutter_keyboard_visibility_temp_fork:copyDebugJniLibsProjectAndLocalJars (Thread[#40888,Execution worker Thread 20,5,main]) started.
[        ] :flutter_keyboard_visibility_temp_fork:copyDebugJniLibsProjectAndLocalJars (Thread[#40888,Execution worker Thread 20,5,main]) started.
[        ] > Task :flutter_keyboard_visibility_temp_fork:copyDebugJniLibsProjectAndLocalJars UP-TO-DATE
[        ] Caching disabled for task ':flutter_keyboard_visibility_temp_fork:copyDebugJniLibsProjectAndLocalJars' because:
[        ]   Build cache is disabled
[        ]   Caching has been disabled for the task
[        ] Skipping task ':flutter_keyboard_visibility_temp_fork:copyDebugJniLibsProjectAndLocalJars' as it is up-to-date.
[        ] Resolve mutations for :flutter_keyboard_visibility_temp_fork:extractDebugAnnotations (Thread[#40888,Execution worker Thread 20,5,main]) started.
[        ] :flutter_keyboard_visibility_temp_fork:extractDebugAnnotations (Thread[#40888,Execution worker Thread 20,5,main]) started.
[        ] > Task :flutter_keyboard_visibility_temp_fork:extractDebugAnnotations UP-TO-DATE
[        ] Caching disabled for task ':flutter_keyboard_visibility_temp_fork:extractDebugAnnotations' because:
[        ]   Build cache is disabled
[        ] Skipping task ':flutter_keyboard_visibility_temp_fork:extractDebugAnnotations' as it is up-to-date.
[        ] Resolve mutations for :flutter_keyboard_visibility_temp_fork:extractDeepLinksForAarDebug (Thread[#40888,Execution worker Thread 20,5,main]) started.
[        ] :flutter_keyboard_visibility_temp_fork:extractDeepLinksForAarDebug (Thread[#40888,Execution worker Thread 20,5,main]) started.
[        ] > Task :flutter_keyboard_visibility_temp_fork:extractDeepLinksForAarDebug UP-TO-DATE
[        ] Caching disabled for task ':flutter_keyboard_visibility_temp_fork:extractDeepLinksForAarDebug' because:
[        ]   Build cache is disabled
[        ] Skipping task ':flutter_keyboard_visibility_temp_fork:extractDeepLinksForAarDebug' as it is up-to-date.
[        ] Resolve mutations for :flutter_keyboard_visibility_temp_fork:mergeDebugGeneratedProguardFiles (Thread[#40888,Execution worker Thread 20,5,main]) started.
[        ] :flutter_keyboard_visibility_temp_fork:mergeDebugGeneratedProguardFiles (Thread[#40888,Execution worker Thread 20,5,main]) started.
[        ] > Task :flutter_keyboard_visibility_temp_fork:mergeDebugGeneratedProguardFiles UP-TO-DATE
[        ] Caching disabled for task ':flutter_keyboard_visibility_temp_fork:mergeDebugGeneratedProguardFiles' because:
[        ]   Build cache is disabled
[        ]   Simple merging task
[        ] Skipping task ':flutter_keyboard_visibility_temp_fork:mergeDebugGeneratedProguardFiles' as it is up-to-date.
[        ] Resolve mutations for :flutter_keyboard_visibility_temp_fork:mergeDebugConsumerProguardFiles (Thread[#40888,Execution worker Thread 20,5,main]) started.
[        ] :flutter_keyboard_visibility_temp_fork:mergeDebugConsumerProguardFiles (Thread[#40888,Execution worker Thread 20,5,main]) started.
[        ] > Task :flutter_keyboard_visibility_temp_fork:mergeDebugConsumerProguardFiles UP-TO-DATE
[        ] Caching disabled for task ':flutter_keyboard_visibility_temp_fork:mergeDebugConsumerProguardFiles' because:
[        ]   Build cache is disabled
[        ]   Simple merging task
[        ] Skipping task ':flutter_keyboard_visibility_temp_fork:mergeDebugConsumerProguardFiles' as it is up-to-date.
[        ] Resolve mutations for :flutter_keyboard_visibility_temp_fork:prepareDebugArtProfile (Thread[#40888,Execution worker Thread 20,5,main]) started.
[        ] :flutter_keyboard_visibility_temp_fork:prepareDebugArtProfile (Thread[#40888,Execution worker Thread 20,5,main]) started.
[        ] > Task :flutter_keyboard_visibility_temp_fork:prepareDebugArtProfile UP-TO-DATE
[        ] Caching disabled for task ':flutter_keyboard_visibility_temp_fork:prepareDebugArtProfile' because:
[        ]   Build cache is disabled
[        ]   Caching has been disabled for the task
[        ] Skipping task ':flutter_keyboard_visibility_temp_fork:prepareDebugArtProfile' as it is up-to-date.
[        ] Resolve mutations for :flutter_keyboard_visibility_temp_fork:prepareLintJarForPublish (Thread[#40888,Execution worker Thread 20,5,main]) started.
[        ] :flutter_keyboard_visibility_temp_fork:prepareLintJarForPublish (Thread[#40888,Execution worker Thread 20,5,main]) started.
[        ] > Task :flutter_keyboard_visibility_temp_fork:prepareLintJarForPublish UP-TO-DATE
[        ] Caching disabled for task ':flutter_keyboard_visibility_temp_fork:prepareLintJarForPublish' because:
[        ]   Build cache is disabled
[        ]   Caching has been disabled for the task
[        ] Skipping task ':flutter_keyboard_visibility_temp_fork:prepareLintJarForPublish' as it is up-to-date.
[        ] Resolve mutations for :flutter_keyboard_visibility_temp_fork:mergeDebugJavaResource (Thread[#40888,Execution worker Thread 20,5,main]) started.
[        ] :flutter_keyboard_visibility_temp_fork:mergeDebugJavaResource (Thread[#40888,Execution worker Thread 20,5,main]) started.
[        ] > Task :flutter_keyboard_visibility_temp_fork:mergeDebugJavaResource UP-TO-DATE
[        ] Caching disabled for task ':flutter_keyboard_visibility_temp_fork:mergeDebugJavaResource' because:
[        ]   Build cache is disabled
[        ]   Caching has been disabled for the task
[        ] Skipping task ':flutter_keyboard_visibility_temp_fork:mergeDebugJavaResource' as it is up-to-date.
[        ] Resolve mutations for :flutter_keyboard_visibility_temp_fork:syncDebugLibJars (Thread[#40888,Execution worker Thread 20,5,main]) started.
[        ] :flutter_keyboard_visibility_temp_fork:syncDebugLibJars (Thread[#40888,Execution worker Thread 20,5,main]) started.
[        ] > Task :flutter_keyboard_visibility_temp_fork:syncDebugLibJars UP-TO-DATE
[        ] Caching disabled for task ':flutter_keyboard_visibility_temp_fork:syncDebugLibJars' because:
[        ]   Build cache is disabled
[        ] Skipping task ':flutter_keyboard_visibility_temp_fork:syncDebugLibJars' as it is up-to-date.
[        ] Resolve mutations for :flutter_keyboard_visibility_temp_fork:bundleDebugAar (Thread[#40888,Execution worker Thread 20,5,main]) started.
[        ] :flutter_keyboard_visibility_temp_fork:bundleDebugAar (Thread[#40888,Execution worker Thread 20,5,main]) started.
[        ] > Task :flutter_keyboard_visibility_temp_fork:bundleDebugAar UP-TO-DATE
[        ] Caching disabled for task ':flutter_keyboard_visibility_temp_fork:bundleDebugAar' because:
[        ]   Build cache is disabled
[        ]   Caching has been disabled for the task
[        ] Skipping task ':flutter_keyboard_visibility_temp_fork:bundleDebugAar' as it is up-to-date.
[        ] Resolve mutations for :flutter_keyboard_visibility_temp_fork:assembleDebug (Thread[#40888,Execution worker Thread 20,5,main]) started.
[        ] :flutter_keyboard_visibility_temp_fork:assembleDebug (Thread[#40888,Execution worker Thread 20,5,main]) started.
[        ] > Task :flutter_keyboard_visibility_temp_fork:assembleDebug UP-TO-DATE
[        ] Skipping task ':flutter_keyboard_visibility_temp_fork:assembleDebug' as it has no actions.
[        ] Resolve mutations for :flutter_native_splash:stripDebugDebugSymbols (Thread[#40888,Execution worker Thread 20,5,main]) started.
[        ] :flutter_native_splash:stripDebugDebugSymbols (Thread[#40888,Execution worker Thread 20,5,main]) started.
[        ] > Task :flutter_native_splash:stripDebugDebugSymbols NO-SOURCE
[        ] Skipping task ':flutter_native_splash:stripDebugDebugSymbols' as it has no source files and no previous output files.
[        ] Resolve mutations for :flutter_native_splash:copyDebugJniLibsProjectAndLocalJars (Thread[#40888,Execution worker Thread 20,5,main]) started.
[        ] :flutter_native_splash:copyDebugJniLibsProjectAndLocalJars (Thread[#40888,Execution worker Thread 20,5,main]) started.
[        ] > Task :flutter_native_splash:copyDebugJniLibsProjectAndLocalJars UP-TO-DATE
[        ] Caching disabled for task ':flutter_native_splash:copyDebugJniLibsProjectAndLocalJars' because:
[        ]   Build cache is disabled
[        ]   Caching has been disabled for the task
[        ] Skipping task ':flutter_native_splash:copyDebugJniLibsProjectAndLocalJars' as it is up-to-date.
[        ] Resolve mutations for :flutter_native_splash:extractDebugAnnotations (Thread[#40888,Execution worker Thread 20,5,main]) started.
[        ] :flutter_native_splash:extractDebugAnnotations (Thread[#40888,Execution worker Thread 20,5,main]) started.
[        ] > Task :flutter_native_splash:extractDebugAnnotations UP-TO-DATE
[        ] Caching disabled for task ':flutter_native_splash:extractDebugAnnotations' because:
[        ]   Build cache is disabled
[        ] Skipping task ':flutter_native_splash:extractDebugAnnotations' as it is up-to-date.
[        ] Resolve mutations for :flutter_native_splash:extractDeepLinksForAarDebug (Thread[#40888,Execution worker Thread 20,5,main]) started.
[        ] :flutter_native_splash:extractDeepLinksForAarDebug (Thread[#40888,Execution worker Thread 20,5,main]) started.
[        ] > Task :flutter_native_splash:extractDeepLinksForAarDebug UP-TO-DATE
[        ] Caching disabled for task ':flutter_native_splash:extractDeepLinksForAarDebug' because:
[        ]   Build cache is disabled
[        ] Skipping task ':flutter_native_splash:extractDeepLinksForAarDebug' as it is up-to-date.
[        ] Resolve mutations for :flutter_native_splash:mergeDebugGeneratedProguardFiles (Thread[#40888,Execution worker Thread 20,5,main]) started.
[        ] :flutter_native_splash:mergeDebugGeneratedProguardFiles (Thread[#40888,Execution worker Thread 20,5,main]) started.
[        ] > Task :flutter_native_splash:mergeDebugGeneratedProguardFiles UP-TO-DATE
[        ] Caching disabled for task ':flutter_native_splash:mergeDebugGeneratedProguardFiles' because:
[        ]   Build cache is disabled
[        ]   Simple merging task
[        ] Skipping task ':flutter_native_splash:mergeDebugGeneratedProguardFiles' as it is up-to-date.
[        ] Resolve mutations for :flutter_native_splash:mergeDebugConsumerProguardFiles (Thread[#40888,Execution worker Thread 20,5,main]) started.
[        ] :flutter_native_splash:mergeDebugConsumerProguardFiles (Thread[#40888,Execution worker Thread 20,5,main]) started.
[        ] > Task :flutter_native_splash:mergeDebugConsumerProguardFiles UP-TO-DATE
[        ] Caching disabled for task ':flutter_native_splash:mergeDebugConsumerProguardFiles' because:
[        ]   Build cache is disabled
[        ]   Simple merging task
[        ] Skipping task ':flutter_native_splash:mergeDebugConsumerProguardFiles' as it is up-to-date.
[        ] Resolve mutations for :flutter_native_splash:prepareDebugArtProfile (Thread[#40888,Execution worker Thread 20,5,main]) started.
[        ] :flutter_native_splash:prepareDebugArtProfile (Thread[#40888,Execution worker Thread 20,5,main]) started.
[        ] > Task :flutter_native_splash:prepareDebugArtProfile UP-TO-DATE
[        ] Caching disabled for task ':flutter_native_splash:prepareDebugArtProfile' because:
[        ]   Build cache is disabled
[        ]   Caching has been disabled for the task
[        ] Skipping task ':flutter_native_splash:prepareDebugArtProfile' as it is up-to-date.
[        ] Resolve mutations for :flutter_native_splash:prepareLintJarForPublish (Thread[#40888,Execution worker Thread 20,5,main]) started.
[        ] :flutter_native_splash:prepareLintJarForPublish (Thread[#40888,Execution worker Thread 20,5,main]) started.
[        ] > Task :flutter_native_splash:prepareLintJarForPublish UP-TO-DATE
[        ] Caching disabled for task ':flutter_native_splash:prepareLintJarForPublish' because:
[        ]   Build cache is disabled
[        ]   Caching has been disabled for the task
[        ] Skipping task ':flutter_native_splash:prepareLintJarForPublish' as it is up-to-date.
[        ] Resolve mutations for :flutter_native_splash:mergeDebugJavaResource (Thread[#40888,Execution worker Thread 20,5,main]) started.
[        ] :flutter_native_splash:mergeDebugJavaResource (Thread[#40888,Execution worker Thread 20,5,main]) started.
[        ] > Task :flutter_native_splash:mergeDebugJavaResource UP-TO-DATE
[        ] Caching disabled for task ':flutter_native_splash:mergeDebugJavaResource' because:
[        ]   Build cache is disabled
[        ]   Caching has been disabled for the task
[        ] Skipping task ':flutter_native_splash:mergeDebugJavaResource' as it is up-to-date.
[        ] Resolve mutations for :flutter_native_splash:syncDebugLibJars (Thread[#40888,Execution worker Thread 20,5,main]) started.
[        ] :flutter_native_splash:syncDebugLibJars (Thread[#40888,Execution worker Thread 20,5,main]) started.
[        ] > Task :flutter_native_splash:syncDebugLibJars UP-TO-DATE
[        ] Caching disabled for task ':flutter_native_splash:syncDebugLibJars' because:
[        ]   Build cache is disabled
[        ] Skipping task ':flutter_native_splash:syncDebugLibJars' as it is up-to-date.
[        ] Resolve mutations for :flutter_native_splash:bundleDebugAar (Thread[#40888,Execution worker Thread 20,5,main]) started.
[        ] :flutter_native_splash:bundleDebugAar (Thread[#40888,Execution worker Thread 20,5,main]) started.
[        ] > Task :flutter_native_splash:bundleDebugAar UP-TO-DATE
[        ] Caching disabled for task ':flutter_native_splash:bundleDebugAar' because:
[        ]   Build cache is disabled
[        ]   Caching has been disabled for the task
[        ] Skipping task ':flutter_native_splash:bundleDebugAar' as it is up-to-date.
[        ] Resolve mutations for :flutter_native_splash:assembleDebug (Thread[#40888,Execution worker Thread 20,5,main]) started.
[        ] :flutter_native_splash:assembleDebug (Thread[#40888,Execution worker Thread 20,5,main]) started.
[        ] > Task :flutter_native_splash:assembleDebug UP-TO-DATE
[        ] Skipping task ':flutter_native_splash:assembleDebug' as it has no actions.
[        ] Resolve mutations for :flutter_olm:stripDebugDebugSymbols (Thread[#40888,Execution worker Thread 20,5,main]) started.
[        ] :flutter_olm:stripDebugDebugSymbols (Thread[#40888,Execution worker Thread 20,5,main]) started.
[        ] > Task :flutter_olm:stripDebugDebugSymbols UP-TO-DATE
[        ] Caching disabled for task ':flutter_olm:stripDebugDebugSymbols' because:
[        ]   Build cache is disabled
[        ]   Caching has been disabled for the task
[        ] Skipping task ':flutter_olm:stripDebugDebugSymbols' as it is up-to-date.
[        ] Resolve mutations for :flutter_olm:copyDebugJniLibsProjectAndLocalJars (Thread[#40888,Execution worker Thread 20,5,main]) started.
[        ] :flutter_olm:copyDebugJniLibsProjectAndLocalJars (Thread[#40888,Execution worker Thread 20,5,main]) started.
[        ] > Task :flutter_olm:copyDebugJniLibsProjectAndLocalJars UP-TO-DATE
[        ] Caching disabled for task ':flutter_olm:copyDebugJniLibsProjectAndLocalJars' because:
[        ]   Build cache is disabled
[        ]   Caching has been disabled for the task
[        ] Skipping task ':flutter_olm:copyDebugJniLibsProjectAndLocalJars' as it is up-to-date.
[        ] Resolve mutations for :flutter_olm:extractDebugAnnotations (Thread[#40888,Execution worker Thread 20,5,main]) started.
[        ] :flutter_olm:extractDebugAnnotations (Thread[#40888,Execution worker Thread 20,5,main]) started.
[        ] > Task :flutter_olm:extractDebugAnnotations UP-TO-DATE
[        ] Caching disabled for task ':flutter_olm:extractDebugAnnotations' because:
[        ]   Build cache is disabled
[        ] Skipping task ':flutter_olm:extractDebugAnnotations' as it is up-to-date.
[        ] Resolve mutations for :flutter_olm:extractDeepLinksForAarDebug (Thread[#40888,Execution worker Thread 20,5,main]) started.
[        ] :flutter_olm:extractDeepLinksForAarDebug (Thread[#40888,Execution worker Thread 20,5,main]) started.
[        ] > Task :flutter_olm:extractDeepLinksForAarDebug UP-TO-DATE
[        ] Caching disabled for task ':flutter_olm:extractDeepLinksForAarDebug' because:
[        ]   Build cache is disabled
[        ] Skipping task ':flutter_olm:extractDeepLinksForAarDebug' as it is up-to-date.
[        ] Resolve mutations for :flutter_olm:mergeDebugGeneratedProguardFiles (Thread[#40888,Execution worker Thread 20,5,main]) started.
[        ] :flutter_olm:mergeDebugGeneratedProguardFiles (Thread[#40888,Execution worker Thread 20,5,main]) started.
[        ] > Task :flutter_olm:mergeDebugGeneratedProguardFiles UP-TO-DATE
[        ] Caching disabled for task ':flutter_olm:mergeDebugGeneratedProguardFiles' because:
[        ]   Build cache is disabled
[        ]   Simple merging task
[        ] Skipping task ':flutter_olm:mergeDebugGeneratedProguardFiles' as it is up-to-date.
[        ] Resolve mutations for :flutter_olm:mergeDebugConsumerProguardFiles (Thread[#40888,Execution worker Thread 20,5,main]) started.
[        ] :flutter_olm:mergeDebugConsumerProguardFiles (Thread[#40888,Execution worker Thread 20,5,main]) started.
[        ] > Task :flutter_olm:mergeDebugConsumerProguardFiles UP-TO-DATE
[        ] Caching disabled for task ':flutter_olm:mergeDebugConsumerProguardFiles' because:
[        ]   Build cache is disabled
[        ]   Simple merging task
[        ] Skipping task ':flutter_olm:mergeDebugConsumerProguardFiles' as it is up-to-date.
[        ] Resolve mutations for :flutter_olm:prepareDebugArtProfile (Thread[#40888,Execution worker Thread 20,5,main]) started.
[        ] :flutter_olm:prepareDebugArtProfile (Thread[#40888,Execution worker Thread 20,5,main]) started.
[        ] > Task :flutter_olm:prepareDebugArtProfile UP-TO-DATE
[        ] Caching disabled for task ':flutter_olm:prepareDebugArtProfile' because:
[        ]   Build cache is disabled
[        ]   Caching has been disabled for the task
[        ] Skipping task ':flutter_olm:prepareDebugArtProfile' as it is up-to-date.
[        ] Resolve mutations for :flutter_olm:prepareLintJarForPublish (Thread[#40888,Execution worker Thread 20,5,main]) started.
[        ] :flutter_olm:prepareLintJarForPublish (Thread[#40888,Execution worker Thread 20,5,main]) started.
[        ] > Task :flutter_olm:prepareLintJarForPublish UP-TO-DATE
[        ] Caching disabled for task ':flutter_olm:prepareLintJarForPublish' because:
[        ]   Build cache is disabled
[        ]   Caching has been disabled for the task
[        ] Skipping task ':flutter_olm:prepareLintJarForPublish' as it is up-to-date.
[        ] Resolve mutations for :flutter_olm:mergeDebugJavaResource (Thread[#40888,Execution worker Thread 20,5,main]) started.
[        ] :flutter_olm:mergeDebugJavaResource (Thread[#40888,Execution worker Thread 20,5,main]) started.
[        ] > Task :flutter_olm:mergeDebugJavaResource UP-TO-DATE
[        ] Caching disabled for task ':flutter_olm:mergeDebugJavaResource' because:
[        ]   Build cache is disabled
[        ]   Caching has been disabled for the task
[        ] Skipping task ':flutter_olm:mergeDebugJavaResource' as it is up-to-date.
[        ] Resolve mutations for :flutter_olm:syncDebugLibJars (Thread[#40888,Execution worker Thread 20,5,main]) started.
[        ] :flutter_olm:syncDebugLibJars (Thread[#40888,Execution worker Thread 20,5,main]) started.
[        ] > Task :flutter_olm:syncDebugLibJars UP-TO-DATE
[        ] Caching disabled for task ':flutter_olm:syncDebugLibJars' because:
[        ]   Build cache is disabled
[        ] Skipping task ':flutter_olm:syncDebugLibJars' as it is up-to-date.
[        ] Resolve mutations for :flutter_olm:bundleDebugAar (Thread[#40888,Execution worker Thread 20,5,main]) started.
[        ] :flutter_olm:bundleDebugAar (Thread[#40888,Execution worker Thread 20,5,main]) started.
[        ] > Task :flutter_olm:bundleDebugAar UP-TO-DATE
[        ] Caching disabled for task ':flutter_olm:bundleDebugAar' because:
[        ]   Build cache is disabled
[        ]   Caching has been disabled for the task
[        ] Skipping task ':flutter_olm:bundleDebugAar' as it is up-to-date.
[        ] Resolve mutations for :flutter_olm:assembleDebug (Thread[#40888,Execution worker Thread 20,5,main]) started.
[        ] :flutter_olm:assembleDebug (Thread[#40888,Execution worker Thread 20,5,main]) started.
[        ] > Task :flutter_olm:assembleDebug UP-TO-DATE
[        ] Skipping task ':flutter_olm:assembleDebug' as it has no actions.
[        ] Resolve mutations for :flutter_openssl_crypto:stripDebugDebugSymbols (Thread[#40888,Execution worker Thread 20,5,main]) started.
[        ] :flutter_openssl_crypto:stripDebugDebugSymbols (Thread[#40888,Execution worker Thread 20,5,main]) started.
[        ] > Task :flutter_openssl_crypto:stripDebugDebugSymbols UP-TO-DATE
[        ] Caching disabled for task ':flutter_openssl_crypto:stripDebugDebugSymbols' because:
[        ]   Build cache is disabled
[        ]   Caching has been disabled for the task
[        ] Skipping task ':flutter_openssl_crypto:stripDebugDebugSymbols' as it is up-to-date.
[        ] Resolve mutations for :flutter_openssl_crypto:copyDebugJniLibsProjectAndLocalJars (Thread[#40888,Execution worker Thread 20,5,main]) started.
[        ] :flutter_openssl_crypto:copyDebugJniLibsProjectAndLocalJars (Thread[#40888,Execution worker Thread 20,5,main]) started.
[        ] > Task :flutter_openssl_crypto:copyDebugJniLibsProjectAndLocalJars UP-TO-DATE
[        ] Caching disabled for task ':flutter_openssl_crypto:copyDebugJniLibsProjectAndLocalJars' because:
[        ]   Build cache is disabled
[        ]   Caching has been disabled for the task
[        ] Skipping task ':flutter_openssl_crypto:copyDebugJniLibsProjectAndLocalJars' as it is up-to-date.
[        ] Resolve mutations for :flutter_openssl_crypto:extractDebugAnnotations (Thread[#40888,Execution worker Thread 20,5,main]) started.
[        ] :flutter_openssl_crypto:extractDebugAnnotations (Thread[#40888,Execution worker Thread 20,5,main]) started.
[        ] > Task :flutter_openssl_crypto:extractDebugAnnotations UP-TO-DATE
[        ] Caching disabled for task ':flutter_openssl_crypto:extractDebugAnnotations' because:
[        ]   Build cache is disabled
[        ] Skipping task ':flutter_openssl_crypto:extractDebugAnnotations' as it is up-to-date.
[        ] Resolve mutations for :flutter_openssl_crypto:extractDeepLinksForAarDebug (Thread[#40888,Execution worker Thread 20,5,main]) started.
[        ] :flutter_openssl_crypto:extractDeepLinksForAarDebug (Thread[#40888,Execution worker Thread 20,5,main]) started.
[        ] > Task :flutter_openssl_crypto:extractDeepLinksForAarDebug UP-TO-DATE
[        ] Caching disabled for task ':flutter_openssl_crypto:extractDeepLinksForAarDebug' because:
[        ]   Build cache is disabled
[        ] Skipping task ':flutter_openssl_crypto:extractDeepLinksForAarDebug' as it is up-to-date.
[        ] Resolve mutations for :flutter_openssl_crypto:mergeDebugGeneratedProguardFiles (Thread[#40888,Execution worker Thread 20,5,main]) started.
[        ] :flutter_openssl_crypto:mergeDebugGeneratedProguardFiles (Thread[#40888,Execution worker Thread 20,5,main]) started.
[        ] > Task :flutter_openssl_crypto:mergeDebugGeneratedProguardFiles UP-TO-DATE
[        ] Caching disabled for task ':flutter_openssl_crypto:mergeDebugGeneratedProguardFiles' because:
[        ]   Build cache is disabled
[        ]   Simple merging task
[        ] Skipping task ':flutter_openssl_crypto:mergeDebugGeneratedProguardFiles' as it is up-to-date.
[        ] Resolve mutations for :flutter_openssl_crypto:mergeDebugConsumerProguardFiles (Thread[#40888,Execution worker Thread 20,5,main]) started.
[        ] :flutter_openssl_crypto:mergeDebugConsumerProguardFiles (Thread[#40888,Execution worker Thread 20,5,main]) started.
[        ] > Task :flutter_openssl_crypto:mergeDebugConsumerProguardFiles UP-TO-DATE
[        ] Caching disabled for task ':flutter_openssl_crypto:mergeDebugConsumerProguardFiles' because:
[        ]   Build cache is disabled
[        ]   Simple merging task
[        ] Skipping task ':flutter_openssl_crypto:mergeDebugConsumerProguardFiles' as it is up-to-date.
[        ] Resolve mutations for :flutter_openssl_crypto:prepareDebugArtProfile (Thread[#40888,Execution worker Thread 20,5,main]) started.
[        ] :flutter_openssl_crypto:prepareDebugArtProfile (Thread[#40888,Execution worker Thread 20,5,main]) started.
[        ] > Task :flutter_openssl_crypto:prepareDebugArtProfile UP-TO-DATE
[        ] Caching disabled for task ':flutter_openssl_crypto:prepareDebugArtProfile' because:
[        ]   Build cache is disabled
[        ]   Caching has been disabled for the task
[        ] Skipping task ':flutter_openssl_crypto:prepareDebugArtProfile' as it is up-to-date.
[        ] Resolve mutations for :flutter_openssl_crypto:prepareLintJarForPublish (Thread[#40888,Execution worker Thread 20,5,main]) started.
[        ] :flutter_openssl_crypto:prepareLintJarForPublish (Thread[#40888,Execution worker Thread 20,5,main]) started.
[        ] > Task :flutter_openssl_crypto:prepareLintJarForPublish UP-TO-DATE
[        ] Caching disabled for task ':flutter_openssl_crypto:prepareLintJarForPublish' because:
[        ]   Build cache is disabled
[        ]   Caching has been disabled for the task
[        ] Skipping task ':flutter_openssl_crypto:prepareLintJarForPublish' as it is up-to-date.
[        ] Resolve mutations for :flutter_openssl_crypto:mergeDebugJavaResource (Thread[#40888,Execution worker Thread 20,5,main]) started.
[        ] :flutter_openssl_crypto:mergeDebugJavaResource (Thread[#40888,Execution worker Thread 20,5,main]) started.
[        ] > Task :flutter_openssl_crypto:mergeDebugJavaResource UP-TO-DATE
[        ] Caching disabled for task ':flutter_openssl_crypto:mergeDebugJavaResource' because:
[        ]   Build cache is disabled
[        ]   Caching has been disabled for the task
[        ] Skipping task ':flutter_openssl_crypto:mergeDebugJavaResource' as it is up-to-date.
[        ] Resolve mutations for :flutter_openssl_crypto:syncDebugLibJars (Thread[#40888,Execution worker Thread 20,5,main]) started.
[        ] :flutter_openssl_crypto:syncDebugLibJars (Thread[#40888,Execution worker Thread 20,5,main]) started.
[        ] > Task :flutter_openssl_crypto:syncDebugLibJars UP-TO-DATE
[        ] Caching disabled for task ':flutter_openssl_crypto:syncDebugLibJars' because:
[        ]   Build cache is disabled
[        ] Skipping task ':flutter_openssl_crypto:syncDebugLibJars' as it is up-to-date.
[        ] Resolve mutations for :flutter_openssl_crypto:bundleDebugAar (Thread[#40888,Execution worker Thread 20,5,main]) started.
[        ] :flutter_openssl_crypto:bundleDebugAar (Thread[#40888,Execution worker Thread 20,5,main]) started.
[        ] > Task :flutter_openssl_crypto:bundleDebugAar UP-TO-DATE
[        ] Caching disabled for task ':flutter_openssl_crypto:bundleDebugAar' because:
[        ]   Build cache is disabled
[        ]   Caching has been disabled for the task
[        ] Skipping task ':flutter_openssl_crypto:bundleDebugAar' as it is up-to-date.
[        ] Resolve mutations for :flutter_openssl_crypto:assembleDebug (Thread[#40888,Execution worker Thread 20,5,main]) started.
[        ] :flutter_openssl_crypto:assembleDebug (Thread[#40888,Execution worker Thread 20,5,main]) started.
[        ] > Task :flutter_openssl_crypto:assembleDebug UP-TO-DATE
[        ] Skipping task ':flutter_openssl_crypto:assembleDebug' as it has no actions.
[        ] Resolve mutations for :integration_test:stripDebugDebugSymbols (Thread[#40888,Execution worker Thread 20,5,main]) started.
[        ] :integration_test:stripDebugDebugSymbols (Thread[#40888,Execution worker Thread 20,5,main]) started.
[        ] > Task :integration_test:stripDebugDebugSymbols NO-SOURCE
[        ] Skipping task ':integration_test:stripDebugDebugSymbols' as it has no source files and no previous output files.
[        ] Resolve mutations for :integration_test:copyDebugJniLibsProjectAndLocalJars (Thread[#40888,Execution worker Thread 20,5,main]) started.
[        ] :integration_test:copyDebugJniLibsProjectAndLocalJars (Thread[#40888,Execution worker Thread 20,5,main]) started.
[        ] > Task :integration_test:copyDebugJniLibsProjectAndLocalJars UP-TO-DATE
[        ] Caching disabled for task ':integration_test:copyDebugJniLibsProjectAndLocalJars' because:
[        ]   Build cache is disabled
[        ]   Caching has been disabled for the task
[        ] Skipping task ':integration_test:copyDebugJniLibsProjectAndLocalJars' as it is up-to-date.
[        ] Resolve mutations for :integration_test:extractDebugAnnotations (Thread[#40888,Execution worker Thread 20,5,main]) started.
[        ] :integration_test:extractDebugAnnotations (Thread[#40888,Execution worker Thread 20,5,main]) started.
[        ] > Task :integration_test:extractDebugAnnotations UP-TO-DATE
[        ] Caching disabled for task ':integration_test:extractDebugAnnotations' because:
[        ]   Build cache is disabled
[        ] Skipping task ':integration_test:extractDebugAnnotations' as it is up-to-date.
[        ] Resolve mutations for :integration_test:extractDeepLinksForAarDebug (Thread[#40888,Execution worker Thread 20,5,main]) started.
[        ] :integration_test:extractDeepLinksForAarDebug (Thread[#40888,Execution worker Thread 20,5,main]) started.
[        ] > Task :integration_test:extractDeepLinksForAarDebug UP-TO-DATE
[        ] Caching disabled for task ':integration_test:extractDeepLinksForAarDebug' because:
[        ]   Build cache is disabled
[        ] Skipping task ':integration_test:extractDeepLinksForAarDebug' as it is up-to-date.
[        ] Resolve mutations for :integration_test:mergeDebugGeneratedProguardFiles (Thread[#40888,Execution worker Thread 20,5,main]) started.
[        ] :integration_test:mergeDebugGeneratedProguardFiles (Thread[#40888,Execution worker Thread 20,5,main]) started.
[        ] > Task :integration_test:mergeDebugGeneratedProguardFiles UP-TO-DATE
[        ] Caching disabled for task ':integration_test:mergeDebugGeneratedProguardFiles' because:
[        ]   Build cache is disabled
[        ]   Simple merging task
[        ] Skipping task ':integration_test:mergeDebugGeneratedProguardFiles' as it is up-to-date.
[        ] Resolve mutations for :integration_test:mergeDebugConsumerProguardFiles (Thread[#40888,Execution worker Thread 20,5,main]) started.
[        ] :integration_test:mergeDebugConsumerProguardFiles (Thread[#40888,Execution worker Thread 20,5,main]) started.
[        ] > Task :integration_test:mergeDebugConsumerProguardFiles UP-TO-DATE
[        ] Caching disabled for task ':integration_test:mergeDebugConsumerProguardFiles' because:
[        ]   Build cache is disabled
[        ]   Simple merging task
[        ] Skipping task ':integration_test:mergeDebugConsumerProguardFiles' as it is up-to-date.
[        ] Resolve mutations for :integration_test:prepareDebugArtProfile (Thread[#40888,Execution worker Thread 20,5,main]) started.
[        ] :integration_test:prepareDebugArtProfile (Thread[#40888,Execution worker Thread 20,5,main]) started.
[        ] > Task :integration_test:prepareDebugArtProfile UP-TO-DATE
[        ] Caching disabled for task ':integration_test:prepareDebugArtProfile' because:
[        ]   Build cache is disabled
[        ]   Caching has been disabled for the task
[        ] Skipping task ':integration_test:prepareDebugArtProfile' as it is up-to-date.
[        ] Resolve mutations for :integration_test:prepareLintJarForPublish (Thread[#40888,Execution worker Thread 20,5,main]) started.
[        ] :integration_test:prepareLintJarForPublish (Thread[#40888,Execution worker Thread 20,5,main]) started.
[        ] > Task :integration_test:prepareLintJarForPublish UP-TO-DATE
[        ] Caching disabled for task ':integration_test:prepareLintJarForPublish' because:
[        ]   Build cache is disabled
[        ]   Caching has been disabled for the task
[        ] Skipping task ':integration_test:prepareLintJarForPublish' as it is up-to-date.
[        ] Resolve mutations for :integration_test:mergeDebugJavaResource (Thread[#40888,Execution worker Thread 20,5,main]) started.
[        ] :integration_test:mergeDebugJavaResource (Thread[#40888,Execution worker Thread 20,5,main]) started.
[        ] > Task :integration_test:mergeDebugJavaResource UP-TO-DATE
[        ] Caching disabled for task ':integration_test:mergeDebugJavaResource' because:
[        ]   Build cache is disabled
[        ]   Caching has been disabled for the task
[        ] Skipping task ':integration_test:mergeDebugJavaResource' as it is up-to-date.
[        ] Resolve mutations for :integration_test:syncDebugLibJars (Thread[#40888,Execution worker Thread 20,5,main]) started.
[        ] :integration_test:syncDebugLibJars (Thread[#40888,Execution worker Thread 20,5,main]) started.
[        ] > Task :integration_test:syncDebugLibJars UP-TO-DATE
[        ] Caching disabled for task ':integration_test:syncDebugLibJars' because:
[        ]   Build cache is disabled
[        ] Skipping task ':integration_test:syncDebugLibJars' as it is up-to-date.
[        ] Resolve mutations for :integration_test:bundleDebugAar (Thread[#40888,Execution worker Thread 20,5,main]) started.
[        ] :integration_test:bundleDebugAar (Thread[#40886,Execution worker Thread 18,5,main]) started.
[        ] > Task :integration_test:bundleDebugAar UP-TO-DATE
[        ] Caching disabled for task ':integration_test:bundleDebugAar' because:
[        ]   Build cache is disabled
[        ]   Caching has been disabled for the task
[        ] Skipping task ':integration_test:bundleDebugAar' as it is up-to-date.
[        ] Resolve mutations for :integration_test:assembleDebug (Thread[#40886,Execution worker Thread 18,5,main]) started.
[        ] :integration_test:assembleDebug (Thread[#40886,Execution worker Thread 18,5,main]) started.
[        ] > Task :integration_test:assembleDebug UP-TO-DATE
[        ] Skipping task ':integration_test:assembleDebug' as it has no actions.
[        ] Resolve mutations for :path_provider_android:stripDebugDebugSymbols (Thread[#40886,Execution worker Thread 18,5,main]) started.
[        ] :path_provider_android:stripDebugDebugSymbols (Thread[#40886,Execution worker Thread 18,5,main]) started.
[        ] > Task :path_provider_android:stripDebugDebugSymbols NO-SOURCE
[        ] Skipping task ':path_provider_android:stripDebugDebugSymbols' as it has no source files and no previous output files.
[        ] Resolve mutations for :path_provider_android:copyDebugJniLibsProjectAndLocalJars (Thread[#40886,Execution worker Thread 18,5,main]) started.
[        ] :path_provider_android:copyDebugJniLibsProjectAndLocalJars (Thread[#40886,Execution worker Thread 18,5,main]) started.
[        ] > Task :path_provider_android:copyDebugJniLibsProjectAndLocalJars UP-TO-DATE
[        ] Caching disabled for task ':path_provider_android:copyDebugJniLibsProjectAndLocalJars' because:
[        ]   Build cache is disabled
[        ]   Caching has been disabled for the task
[        ] Skipping task ':path_provider_android:copyDebugJniLibsProjectAndLocalJars' as it is up-to-date.
[        ] Resolve mutations for :path_provider_android:extractDebugAnnotations (Thread[#40886,Execution worker Thread 18,5,main]) started.
[        ] :path_provider_android:extractDebugAnnotations (Thread[#40886,Execution worker Thread 18,5,main]) started.
[        ] > Task :path_provider_android:extractDebugAnnotations UP-TO-DATE
[        ] Caching disabled for task ':path_provider_android:extractDebugAnnotations' because:
[        ]   Build cache is disabled
[        ] Skipping task ':path_provider_android:extractDebugAnnotations' as it is up-to-date.
[        ] Resolve mutations for :path_provider_android:extractDeepLinksForAarDebug (Thread[#40886,Execution worker Thread 18,5,main]) started.
[        ] :path_provider_android:extractDeepLinksForAarDebug (Thread[#40886,Execution worker Thread 18,5,main]) started.
[        ] > Task :path_provider_android:extractDeepLinksForAarDebug UP-TO-DATE
[        ] Caching disabled for task ':path_provider_android:extractDeepLinksForAarDebug' because:
[        ]   Build cache is disabled
[        ] Skipping task ':path_provider_android:extractDeepLinksForAarDebug' as it is up-to-date.
[        ] Resolve mutations for :path_provider_android:mergeDebugGeneratedProguardFiles (Thread[#40886,Execution worker Thread 18,5,main]) started.
[        ] :path_provider_android:mergeDebugGeneratedProguardFiles (Thread[#40886,Execution worker Thread 18,5,main]) started.
[        ] > Task :path_provider_android:mergeDebugGeneratedProguardFiles UP-TO-DATE
[        ] Caching disabled for task ':path_provider_android:mergeDebugGeneratedProguardFiles' because:
[        ]   Build cache is disabled
[        ]   Simple merging task
[        ] Skipping task ':path_provider_android:mergeDebugGeneratedProguardFiles' as it is up-to-date.
[        ] Resolve mutations for :path_provider_android:mergeDebugConsumerProguardFiles (Thread[#40886,Execution worker Thread 18,5,main]) started.
[        ] :path_provider_android:mergeDebugConsumerProguardFiles (Thread[#40886,Execution worker Thread 18,5,main]) started.
[        ] > Task :path_provider_android:mergeDebugConsumerProguardFiles UP-TO-DATE
[        ] Caching disabled for task ':path_provider_android:mergeDebugConsumerProguardFiles' because:
[        ]   Build cache is disabled
[        ]   Simple merging task
[        ] Skipping task ':path_provider_android:mergeDebugConsumerProguardFiles' as it is up-to-date.
[        ] Resolve mutations for :path_provider_android:prepareDebugArtProfile (Thread[#40886,Execution worker Thread 18,5,main]) started.
[        ] :path_provider_android:prepareDebugArtProfile (Thread[#40886,Execution worker Thread 18,5,main]) started.
[        ] > Task :path_provider_android:prepareDebugArtProfile UP-TO-DATE
[        ] Caching disabled for task ':path_provider_android:prepareDebugArtProfile' because:
[        ]   Build cache is disabled
[        ]   Caching has been disabled for the task
[        ] Skipping task ':path_provider_android:prepareDebugArtProfile' as it is up-to-date.
[        ] Resolve mutations for :path_provider_android:prepareLintJarForPublish (Thread[#40886,Execution worker Thread 18,5,main]) started.
[        ] :path_provider_android:prepareLintJarForPublish (Thread[#40886,Execution worker Thread 18,5,main]) started.
[        ] > Task :path_provider_android:prepareLintJarForPublish UP-TO-DATE
[        ] Caching disabled for task ':path_provider_android:prepareLintJarForPublish' because:
[        ]   Build cache is disabled
[        ]   Caching has been disabled for the task
[        ] Skipping task ':path_provider_android:prepareLintJarForPublish' as it is up-to-date.
[        ] Resolve mutations for :path_provider_android:mergeDebugJavaResource (Thread[#40886,Execution worker Thread 18,5,main]) started.
[        ] :path_provider_android:mergeDebugJavaResource (Thread[#40886,Execution worker Thread 18,5,main]) started.
[        ] > Task :path_provider_android:mergeDebugJavaResource UP-TO-DATE
[        ] Caching disabled for task ':path_provider_android:mergeDebugJavaResource' because:
[        ]   Build cache is disabled
[        ]   Caching has been disabled for the task
[        ] Skipping task ':path_provider_android:mergeDebugJavaResource' as it is up-to-date.
[        ] Resolve mutations for :path_provider_android:syncDebugLibJars (Thread[#40886,Execution worker Thread 18,5,main]) started.
[        ] :path_provider_android:syncDebugLibJars (Thread[#40886,Execution worker Thread 18,5,main]) started.
[        ] > Task :path_provider_android:syncDebugLibJars UP-TO-DATE
[        ] Caching disabled for task ':path_provider_android:syncDebugLibJars' because:
[        ]   Build cache is disabled
[        ] Skipping task ':path_provider_android:syncDebugLibJars' as it is up-to-date.
[        ] Resolve mutations for :path_provider_android:bundleDebugAar (Thread[#40886,Execution worker Thread 18,5,main]) started.
[        ] :path_provider_android:bundleDebugAar (Thread[#40886,Execution worker Thread 18,5,main]) started.
[        ] > Task :path_provider_android:bundleDebugAar UP-TO-DATE
[        ] Caching disabled for task ':path_provider_android:bundleDebugAar' because:
[        ]   Build cache is disabled
[        ]   Caching has been disabled for the task
[        ] Skipping task ':path_provider_android:bundleDebugAar' as it is up-to-date.
[        ] Resolve mutations for :path_provider_android:assembleDebug (Thread[#40886,Execution worker Thread 18,5,main]) started.
[        ] :path_provider_android:assembleDebug (Thread[#40886,Execution worker Thread 18,5,main]) started.
[        ] > Task :path_provider_android:assembleDebug UP-TO-DATE
[        ] Skipping task ':path_provider_android:assembleDebug' as it has no actions.
[        ] Resolve mutations for :quill_native_bridge_android:stripDebugDebugSymbols (Thread[#40886,Execution worker Thread 18,5,main]) started.
[        ] :quill_native_bridge_android:stripDebugDebugSymbols (Thread[#40886,Execution worker Thread 18,5,main]) started.
[        ] > Task :quill_native_bridge_android:stripDebugDebugSymbols NO-SOURCE
[        ] Skipping task ':quill_native_bridge_android:stripDebugDebugSymbols' as it has no source files and no previous output files.
[        ] Resolve mutations for :quill_native_bridge_android:copyDebugJniLibsProjectAndLocalJars (Thread[#40886,Execution worker Thread 18,5,main]) started.
[        ] :quill_native_bridge_android:copyDebugJniLibsProjectAndLocalJars (Thread[#40886,Execution worker Thread 18,5,main]) started.
[        ] > Task :quill_native_bridge_android:copyDebugJniLibsProjectAndLocalJars UP-TO-DATE
[        ] Caching disabled for task ':quill_native_bridge_android:copyDebugJniLibsProjectAndLocalJars' because:
[        ]   Build cache is disabled
[        ]   Caching has been disabled for the task
[        ] Skipping task ':quill_native_bridge_android:copyDebugJniLibsProjectAndLocalJars' as it is up-to-date.
[        ] Resolve mutations for :quill_native_bridge_android:extractDebugAnnotations (Thread[#40886,Execution worker Thread 18,5,main]) started.
[        ] :quill_native_bridge_android:extractDebugAnnotations (Thread[#40886,Execution worker Thread 18,5,main]) started.
[        ] > Task :quill_native_bridge_android:extractDebugAnnotations UP-TO-DATE
[        ] Caching disabled for task ':quill_native_bridge_android:extractDebugAnnotations' because:
[        ]   Build cache is disabled
[        ] Skipping task ':quill_native_bridge_android:extractDebugAnnotations' as it is up-to-date.
[        ] Resolve mutations for :quill_native_bridge_android:extractDeepLinksForAarDebug (Thread[#40886,Execution worker Thread 18,5,main]) started.
[        ] :quill_native_bridge_android:extractDeepLinksForAarDebug (Thread[#40886,Execution worker Thread 18,5,main]) started.
[        ] > Task :quill_native_bridge_android:extractDeepLinksForAarDebug UP-TO-DATE
[        ] Caching disabled for task ':quill_native_bridge_android:extractDeepLinksForAarDebug' because:
[        ]   Build cache is disabled
[        ] Skipping task ':quill_native_bridge_android:extractDeepLinksForAarDebug' as it is up-to-date.
[        ] Resolve mutations for :quill_native_bridge_android:mergeDebugGeneratedProguardFiles (Thread[#40886,Execution worker Thread 18,5,main]) started.
[        ] :quill_native_bridge_android:mergeDebugGeneratedProguardFiles (Thread[#40886,Execution worker Thread 18,5,main]) started.
[        ] > Task :quill_native_bridge_android:mergeDebugGeneratedProguardFiles UP-TO-DATE
[        ] Caching disabled for task ':quill_native_bridge_android:mergeDebugGeneratedProguardFiles' because:
[        ]   Build cache is disabled
[        ]   Simple merging task
[        ] Skipping task ':quill_native_bridge_android:mergeDebugGeneratedProguardFiles' as it is up-to-date.
[        ] Resolve mutations for :quill_native_bridge_android:mergeDebugConsumerProguardFiles (Thread[#40886,Execution worker Thread 18,5,main]) started.
[        ] :quill_native_bridge_android:mergeDebugConsumerProguardFiles (Thread[#40886,Execution worker Thread 18,5,main]) started.
[        ] > Task :quill_native_bridge_android:mergeDebugConsumerProguardFiles UP-TO-DATE
[        ] Caching disabled for task ':quill_native_bridge_android:mergeDebugConsumerProguardFiles' because:
[        ]   Build cache is disabled
[        ]   Simple merging task
[        ] Skipping task ':quill_native_bridge_android:mergeDebugConsumerProguardFiles' as it is up-to-date.
[        ] Resolve mutations for :quill_native_bridge_android:prepareDebugArtProfile (Thread[#40886,Execution worker Thread 18,5,main]) started.
[        ] :quill_native_bridge_android:prepareDebugArtProfile (Thread[#40886,Execution worker Thread 18,5,main]) started.
[        ] > Task :quill_native_bridge_android:prepareDebugArtProfile UP-TO-DATE
[        ] Caching disabled for task ':quill_native_bridge_android:prepareDebugArtProfile' because:
[        ]   Build cache is disabled
[        ]   Caching has been disabled for the task
[        ] Skipping task ':quill_native_bridge_android:prepareDebugArtProfile' as it is up-to-date.
[        ] Resolve mutations for :quill_native_bridge_android:prepareLintJarForPublish (Thread[#40886,Execution worker Thread 18,5,main]) started.
[        ] :quill_native_bridge_android:prepareLintJarForPublish (Thread[#40886,Execution worker Thread 18,5,main]) started.
[        ] > Task :quill_native_bridge_android:prepareLintJarForPublish UP-TO-DATE
[        ] Caching disabled for task ':quill_native_bridge_android:prepareLintJarForPublish' because:
[        ]   Build cache is disabled
[        ]   Caching has been disabled for the task
[        ] Skipping task ':quill_native_bridge_android:prepareLintJarForPublish' as it is up-to-date.
[        ] Resolve mutations for :quill_native_bridge_android:mergeDebugJavaResource (Thread[#40886,Execution worker Thread 18,5,main]) started.
[        ] :quill_native_bridge_android:mergeDebugJavaResource (Thread[#40886,Execution worker Thread 18,5,main]) started.
[        ] > Task :quill_native_bridge_android:mergeDebugJavaResource UP-TO-DATE
[        ] Caching disabled for task ':quill_native_bridge_android:mergeDebugJavaResource' because:
[        ]   Build cache is disabled
[        ]   Caching has been disabled for the task
[        ] Skipping task ':quill_native_bridge_android:mergeDebugJavaResource' as it is up-to-date.
[        ] Resolve mutations for :quill_native_bridge_android:syncDebugLibJars (Thread[#40886,Execution worker Thread 18,5,main]) started.
[        ] :quill_native_bridge_android:syncDebugLibJars (Thread[#40886,Execution worker Thread 18,5,main]) started.
[        ] > Task :quill_native_bridge_android:syncDebugLibJars UP-TO-DATE
[        ] Caching disabled for task ':quill_native_bridge_android:syncDebugLibJars' because:
[        ]   Build cache is disabled
[        ] Skipping task ':quill_native_bridge_android:syncDebugLibJars' as it is up-to-date.
[        ] Resolve mutations for :quill_native_bridge_android:bundleDebugAar (Thread[#40886,Execution worker Thread 18,5,main]) started.
[        ] :quill_native_bridge_android:bundleDebugAar (Thread[#40886,Execution worker Thread 18,5,main]) started.
[        ] > Task :quill_native_bridge_android:bundleDebugAar UP-TO-DATE
[        ] Caching disabled for task ':quill_native_bridge_android:bundleDebugAar' because:
[        ]   Build cache is disabled
[        ]   Caching has been disabled for the task
[        ] Skipping task ':quill_native_bridge_android:bundleDebugAar' as it is up-to-date.
[        ] Resolve mutations for :quill_native_bridge_android:assembleDebug (Thread[#40886,Execution worker Thread 18,5,main]) started.
[        ] :quill_native_bridge_android:assembleDebug (Thread[#40886,Execution worker Thread 18,5,main]) started.
[        ] > Task :quill_native_bridge_android:assembleDebug UP-TO-DATE
[        ] Skipping task ':quill_native_bridge_android:assembleDebug' as it has no actions.
[        ] Resolve mutations for :shared_preferences_android:stripDebugDebugSymbols (Thread[#40886,Execution worker Thread 18,5,main]) started.
[        ] :shared_preferences_android:stripDebugDebugSymbols (Thread[#40886,Execution worker Thread 18,5,main]) started.
[        ] > Task :shared_preferences_android:stripDebugDebugSymbols NO-SOURCE
[        ] Skipping task ':shared_preferences_android:stripDebugDebugSymbols' as it has no source files and no previous output files.
[        ] Resolve mutations for :shared_preferences_android:copyDebugJniLibsProjectAndLocalJars (Thread[#40886,Execution worker Thread 18,5,main]) started.
[        ] :shared_preferences_android:copyDebugJniLibsProjectAndLocalJars (Thread[#40886,Execution worker Thread 18,5,main]) started.
[        ] > Task :shared_preferences_android:copyDebugJniLibsProjectAndLocalJars UP-TO-DATE
[        ] Caching disabled for task ':shared_preferences_android:copyDebugJniLibsProjectAndLocalJars' because:
[        ]   Build cache is disabled
[        ]   Caching has been disabled for the task
[        ] Skipping task ':shared_preferences_android:copyDebugJniLibsProjectAndLocalJars' as it is up-to-date.
[        ] Resolve mutations for :shared_preferences_android:extractDebugAnnotations (Thread[#40886,Execution worker Thread 18,5,main]) started.
[        ] :shared_preferences_android:extractDebugAnnotations (Thread[#40886,Execution worker Thread 18,5,main]) started.
[        ] > Task :shared_preferences_android:extractDebugAnnotations UP-TO-DATE
[        ] Caching disabled for task ':shared_preferences_android:extractDebugAnnotations' because:
[        ]   Build cache is disabled
[        ] Skipping task ':shared_preferences_android:extractDebugAnnotations' as it is up-to-date.
[        ] Resolve mutations for :shared_preferences_android:extractDeepLinksForAarDebug (Thread[#40886,Execution worker Thread 18,5,main]) started.
[        ] :shared_preferences_android:extractDeepLinksForAarDebug (Thread[#40886,Execution worker Thread 18,5,main]) started.
[        ] > Task :shared_preferences_android:extractDeepLinksForAarDebug UP-TO-DATE
[        ] Caching disabled for task ':shared_preferences_android:extractDeepLinksForAarDebug' because:
[        ]   Build cache is disabled
[        ] Skipping task ':shared_preferences_android:extractDeepLinksForAarDebug' as it is up-to-date.
[        ] Resolve mutations for :shared_preferences_android:mergeDebugGeneratedProguardFiles (Thread[#40886,Execution worker Thread 18,5,main]) started.
[        ] :shared_preferences_android:mergeDebugGeneratedProguardFiles (Thread[#40886,Execution worker Thread 18,5,main]) started.
[        ] > Task :shared_preferences_android:mergeDebugGeneratedProguardFiles UP-TO-DATE
[        ] Caching disabled for task ':shared_preferences_android:mergeDebugGeneratedProguardFiles' because:
[        ]   Build cache is disabled
[        ]   Simple merging task
[        ] Skipping task ':shared_preferences_android:mergeDebugGeneratedProguardFiles' as it is up-to-date.
[        ] Resolve mutations for :shared_preferences_android:mergeDebugConsumerProguardFiles (Thread[#40886,Execution worker Thread 18,5,main]) started.
[        ] :shared_preferences_android:mergeDebugConsumerProguardFiles (Thread[#40886,Execution worker Thread 18,5,main]) started.
[        ] > Task :shared_preferences_android:mergeDebugConsumerProguardFiles UP-TO-DATE
[        ] Caching disabled for task ':shared_preferences_android:mergeDebugConsumerProguardFiles' because:
[        ]   Build cache is disabled
[        ]   Simple merging task
[        ] Skipping task ':shared_preferences_android:mergeDebugConsumerProguardFiles' as it is up-to-date.
[        ] Resolve mutations for :shared_preferences_android:prepareDebugArtProfile (Thread[#40886,Execution worker Thread 18,5,main]) started.
[        ] :shared_preferences_android:prepareDebugArtProfile (Thread[#40886,Execution worker Thread 18,5,main]) started.
[        ] > Task :shared_preferences_android:prepareDebugArtProfile UP-TO-DATE
[        ] Caching disabled for task ':shared_preferences_android:prepareDebugArtProfile' because:
[        ]   Build cache is disabled
[        ]   Caching has been disabled for the task
[        ] Skipping task ':shared_preferences_android:prepareDebugArtProfile' as it is up-to-date.
[        ] Resolve mutations for :shared_preferences_android:prepareLintJarForPublish (Thread[#40886,Execution worker Thread 18,5,main]) started.
[        ] :shared_preferences_android:prepareLintJarForPublish (Thread[#40886,Execution worker Thread 18,5,main]) started.
[        ] > Task :shared_preferences_android:prepareLintJarForPublish UP-TO-DATE
[        ] Caching disabled for task ':shared_preferences_android:prepareLintJarForPublish' because:
[        ]   Build cache is disabled
[        ]   Caching has been disabled for the task
[        ] Skipping task ':shared_preferences_android:prepareLintJarForPublish' as it is up-to-date.
[        ] Resolve mutations for :shared_preferences_android:mergeDebugJavaResource (Thread[#40886,Execution worker Thread 18,5,main]) started.
[        ] :shared_preferences_android:mergeDebugJavaResource (Thread[#40886,Execution worker Thread 18,5,main]) started.
[        ] > Task :shared_preferences_android:mergeDebugJavaResource UP-TO-DATE
[        ] Caching disabled for task ':shared_preferences_android:mergeDebugJavaResource' because:
[        ]   Build cache is disabled
[        ]   Caching has been disabled for the task
[        ] Skipping task ':shared_preferences_android:mergeDebugJavaResource' as it is up-to-date.
[        ] Resolve mutations for :shared_preferences_android:syncDebugLibJars (Thread[#40886,Execution worker Thread 18,5,main]) started.
[        ] :shared_preferences_android:syncDebugLibJars (Thread[#40886,Execution worker Thread 18,5,main]) started.
[        ] > Task :shared_preferences_android:syncDebugLibJars UP-TO-DATE
[        ] Caching disabled for task ':shared_preferences_android:syncDebugLibJars' because:
[        ]   Build cache is disabled
[        ] Skipping task ':shared_preferences_android:syncDebugLibJars' as it is up-to-date.
[        ] Resolve mutations for :shared_preferences_android:bundleDebugAar (Thread[#40886,Execution worker Thread 18,5,main]) started.
[        ] :shared_preferences_android:bundleDebugAar (Thread[#40886,Execution worker Thread 18,5,main]) started.
[        ] > Task :shared_preferences_android:bundleDebugAar UP-TO-DATE
[        ] Caching disabled for task ':shared_preferences_android:bundleDebugAar' because:
[        ]   Build cache is disabled
[        ]   Caching has been disabled for the task
[        ] Skipping task ':shared_preferences_android:bundleDebugAar' as it is up-to-date.
[        ] Resolve mutations for :shared_preferences_android:assembleDebug (Thread[#40886,Execution worker Thread 18,5,main]) started.
[        ] :shared_preferences_android:assembleDebug (Thread[#40886,Execution worker Thread 18,5,main]) started.
[        ] > Task :shared_preferences_android:assembleDebug UP-TO-DATE
[        ] Skipping task ':shared_preferences_android:assembleDebug' as it has no actions.
[        ] Resolve mutations for :sqflite_android:stripDebugDebugSymbols (Thread[#40886,Execution worker Thread 18,5,main]) started.
[        ] :sqflite_android:stripDebugDebugSymbols (Thread[#40886,Execution worker Thread 18,5,main]) started.
[        ] > Task :sqflite_android:stripDebugDebugSymbols NO-SOURCE
[        ] Skipping task ':sqflite_android:stripDebugDebugSymbols' as it has no source files and no previous output files.
[        ] Resolve mutations for :sqflite_android:copyDebugJniLibsProjectAndLocalJars (Thread[#40886,Execution worker Thread 18,5,main]) started.
[        ] :sqflite_android:copyDebugJniLibsProjectAndLocalJars (Thread[#40886,Execution worker Thread 18,5,main]) started.
[        ] > Task :sqflite_android:copyDebugJniLibsProjectAndLocalJars UP-TO-DATE
[        ] Caching disabled for task ':sqflite_android:copyDebugJniLibsProjectAndLocalJars' because:
[        ]   Build cache is disabled
[        ]   Caching has been disabled for the task
[        ] Skipping task ':sqflite_android:copyDebugJniLibsProjectAndLocalJars' as it is up-to-date.
[        ] Resolve mutations for :sqflite_android:extractDebugAnnotations (Thread[#40886,Execution worker Thread 18,5,main]) started.
[        ] :sqflite_android:extractDebugAnnotations (Thread[#40886,Execution worker Thread 18,5,main]) started.
[        ] > Task :sqflite_android:extractDebugAnnotations UP-TO-DATE
[        ] Caching disabled for task ':sqflite_android:extractDebugAnnotations' because:
[        ]   Build cache is disabled
[        ] Skipping task ':sqflite_android:extractDebugAnnotations' as it is up-to-date.
[        ] Resolve mutations for :sqflite_android:extractDeepLinksForAarDebug (Thread[#40886,Execution worker Thread 18,5,main]) started.
[        ] :sqflite_android:extractDeepLinksForAarDebug (Thread[#40886,Execution worker Thread 18,5,main]) started.
[        ] > Task :sqflite_android:extractDeepLinksForAarDebug UP-TO-DATE
[        ] Caching disabled for task ':sqflite_android:extractDeepLinksForAarDebug' because:
[        ]   Build cache is disabled
[        ] Skipping task ':sqflite_android:extractDeepLinksForAarDebug' as it is up-to-date.
[        ] Resolve mutations for :sqflite_android:mergeDebugGeneratedProguardFiles (Thread[#40886,Execution worker Thread 18,5,main]) started.
[        ] :sqflite_android:mergeDebugGeneratedProguardFiles (Thread[#40886,Execution worker Thread 18,5,main]) started.
[        ] > Task :sqflite_android:mergeDebugGeneratedProguardFiles UP-TO-DATE
[        ] Caching disabled for task ':sqflite_android:mergeDebugGeneratedProguardFiles' because:
[        ]   Build cache is disabled
[        ]   Simple merging task
[        ] Skipping task ':sqflite_android:mergeDebugGeneratedProguardFiles' as it is up-to-date.
[        ] Resolve mutations for :sqflite_android:mergeDebugConsumerProguardFiles (Thread[#40886,Execution worker Thread 18,5,main]) started.
[        ] :sqflite_android:mergeDebugConsumerProguardFiles (Thread[#40886,Execution worker Thread 18,5,main]) started.
[        ] > Task :sqflite_android:mergeDebugConsumerProguardFiles UP-TO-DATE
[        ] Caching disabled for task ':sqflite_android:mergeDebugConsumerProguardFiles' because:
[        ]   Build cache is disabled
[        ]   Simple merging task
[        ] Skipping task ':sqflite_android:mergeDebugConsumerProguardFiles' as it is up-to-date.
[        ] Resolve mutations for :sqflite_android:prepareDebugArtProfile (Thread[#40886,Execution worker Thread 18,5,main]) started.
[        ] :sqflite_android:prepareDebugArtProfile (Thread[#40886,Execution worker Thread 18,5,main]) started.
[        ] > Task :sqflite_android:prepareDebugArtProfile UP-TO-DATE
[        ] Caching disabled for task ':sqflite_android:prepareDebugArtProfile' because:
[        ]   Build cache is disabled
[        ]   Caching has been disabled for the task
[        ] Skipping task ':sqflite_android:prepareDebugArtProfile' as it is up-to-date.
[        ] Resolve mutations for :sqflite_android:prepareLintJarForPublish (Thread[#40886,Execution worker Thread 18,5,main]) started.
[        ] :sqflite_android:prepareLintJarForPublish (Thread[#40886,Execution worker Thread 18,5,main]) started.
[        ] > Task :sqflite_android:prepareLintJarForPublish UP-TO-DATE
[        ] Caching disabled for task ':sqflite_android:prepareLintJarForPublish' because:
[        ]   Build cache is disabled
[        ]   Caching has been disabled for the task
[        ] Skipping task ':sqflite_android:prepareLintJarForPublish' as it is up-to-date.
[        ] Resolve mutations for :sqflite_android:mergeDebugJavaResource (Thread[#40886,Execution worker Thread 18,5,main]) started.
[        ] :sqflite_android:mergeDebugJavaResource (Thread[#40886,Execution worker Thread 18,5,main]) started.
[        ] > Task :sqflite_android:mergeDebugJavaResource UP-TO-DATE
[        ] Caching disabled for task ':sqflite_android:mergeDebugJavaResource' because:
[        ]   Build cache is disabled
[        ]   Caching has been disabled for the task
[        ] Skipping task ':sqflite_android:mergeDebugJavaResource' as it is up-to-date.
[        ] Resolve mutations for :sqflite_android:syncDebugLibJars (Thread[#40886,Execution worker Thread 18,5,main]) started.
[        ] :sqflite_android:syncDebugLibJars (Thread[#40886,Execution worker Thread 18,5,main]) started.
[        ] > Task :sqflite_android:syncDebugLibJars UP-TO-DATE
[        ] Caching disabled for task ':sqflite_android:syncDebugLibJars' because:
[        ]   Build cache is disabled
[        ] Skipping task ':sqflite_android:syncDebugLibJars' as it is up-to-date.
[        ] Resolve mutations for :sqflite_android:bundleDebugAar (Thread[#40886,Execution worker Thread 18,5,main]) started.
[        ] :sqflite_android:bundleDebugAar (Thread[#40886,Execution worker Thread 18,5,main]) started.
[        ] > Task :sqflite_android:bundleDebugAar UP-TO-DATE
[        ] Caching disabled for task ':sqflite_android:bundleDebugAar' because:
[        ]   Build cache is disabled
[        ]   Caching has been disabled for the task
[        ] Skipping task ':sqflite_android:bundleDebugAar' as it is up-to-date.
[        ] Resolve mutations for :sqflite_android:assembleDebug (Thread[#40886,Execution worker Thread 18,5,main]) started.
[        ] :sqflite_android:assembleDebug (Thread[#40886,Execution worker Thread 18,5,main]) started.
[        ] > Task :sqflite_android:assembleDebug UP-TO-DATE
[        ] Skipping task ':sqflite_android:assembleDebug' as it has no actions.
[        ] Resolve mutations for :url_launcher_android:stripDebugDebugSymbols (Thread[#40886,Execution worker Thread 18,5,main]) started.
[        ] :url_launcher_android:stripDebugDebugSymbols (Thread[#40886,Execution worker Thread 18,5,main]) started.
[        ] > Task :url_launcher_android:stripDebugDebugSymbols NO-SOURCE
[        ] Skipping task ':url_launcher_android:stripDebugDebugSymbols' as it has no source files and no previous output files.
[        ] Resolve mutations for :url_launcher_android:copyDebugJniLibsProjectAndLocalJars (Thread[#40886,Execution worker Thread 18,5,main]) started.
[        ] :url_launcher_android:copyDebugJniLibsProjectAndLocalJars (Thread[#40886,Execution worker Thread 18,5,main]) started.
[        ] > Task :url_launcher_android:copyDebugJniLibsProjectAndLocalJars UP-TO-DATE
[        ] Caching disabled for task ':url_launcher_android:copyDebugJniLibsProjectAndLocalJars' because:
[        ]   Build cache is disabled
[        ]   Caching has been disabled for the task
[        ] Skipping task ':url_launcher_android:copyDebugJniLibsProjectAndLocalJars' as it is up-to-date.
[        ] Resolve mutations for :url_launcher_android:extractDebugAnnotations (Thread[#40886,Execution worker Thread 18,5,main]) started.
[        ] :url_launcher_android:extractDebugAnnotations (Thread[#40886,Execution worker Thread 18,5,main]) started.
[        ] > Task :url_launcher_android:extractDebugAnnotations UP-TO-DATE
[        ] Caching disabled for task ':url_launcher_android:extractDebugAnnotations' because:
[        ]   Build cache is disabled
[        ] Skipping task ':url_launcher_android:extractDebugAnnotations' as it is up-to-date.
[        ] Resolve mutations for :url_launcher_android:extractDeepLinksForAarDebug (Thread[#40886,Execution worker Thread 18,5,main]) started.
[        ] :url_launcher_android:extractDeepLinksForAarDebug (Thread[#40886,Execution worker Thread 18,5,main]) started.
[        ] > Task :url_launcher_android:extractDeepLinksForAarDebug UP-TO-DATE
[        ] Caching disabled for task ':url_launcher_android:extractDeepLinksForAarDebug' because:
[        ]   Build cache is disabled
[        ] Skipping task ':url_launcher_android:extractDeepLinksForAarDebug' as it is up-to-date.
[        ] Resolve mutations for :url_launcher_android:mergeDebugGeneratedProguardFiles (Thread[#40886,Execution worker Thread 18,5,main]) started.
[        ] :url_launcher_android:mergeDebugGeneratedProguardFiles (Thread[#40886,Execution worker Thread 18,5,main]) started.
[        ] > Task :url_launcher_android:mergeDebugGeneratedProguardFiles UP-TO-DATE
[        ] Caching disabled for task ':url_launcher_android:mergeDebugGeneratedProguardFiles' because:
[        ]   Build cache is disabled
[        ]   Simple merging task
[        ] Skipping task ':url_launcher_android:mergeDebugGeneratedProguardFiles' as it is up-to-date.
[        ] Resolve mutations for :url_launcher_android:mergeDebugConsumerProguardFiles (Thread[#40886,Execution worker Thread 18,5,main]) started.
[        ] :url_launcher_android:mergeDebugConsumerProguardFiles (Thread[#40886,Execution worker Thread 18,5,main]) started.
[        ] > Task :url_launcher_android:mergeDebugConsumerProguardFiles UP-TO-DATE
[        ] Caching disabled for task ':url_launcher_android:mergeDebugConsumerProguardFiles' because:
[        ]   Build cache is disabled
[        ]   Simple merging task
[        ] Skipping task ':url_launcher_android:mergeDebugConsumerProguardFiles' as it is up-to-date.
[        ] Resolve mutations for :url_launcher_android:prepareDebugArtProfile (Thread[#40886,Execution worker Thread 18,5,main]) started.
[        ] :url_launcher_android:prepareDebugArtProfile (Thread[#40886,Execution worker Thread 18,5,main]) started.
[        ] > Task :url_launcher_android:prepareDebugArtProfile UP-TO-DATE
[        ] Caching disabled for task ':url_launcher_android:prepareDebugArtProfile' because:
[        ]   Build cache is disabled
[        ]   Caching has been disabled for the task
[        ] Skipping task ':url_launcher_android:prepareDebugArtProfile' as it is up-to-date.
[        ] Resolve mutations for :url_launcher_android:prepareLintJarForPublish (Thread[#40886,Execution worker Thread 18,5,main]) started.
[        ] :url_launcher_android:prepareLintJarForPublish (Thread[#40886,Execution worker Thread 18,5,main]) started.
[        ] > Task :url_launcher_android:prepareLintJarForPublish UP-TO-DATE
[        ] Caching disabled for task ':url_launcher_android:prepareLintJarForPublish' because:
[        ]   Build cache is disabled
[        ]   Caching has been disabled for the task
[        ] Skipping task ':url_launcher_android:prepareLintJarForPublish' as it is up-to-date.
[        ] Resolve mutations for :url_launcher_android:mergeDebugJavaResource (Thread[#40886,Execution worker Thread 18,5,main]) started.
[        ] :url_launcher_android:mergeDebugJavaResource (Thread[#40886,Execution worker Thread 18,5,main]) started.
[        ] > Task :url_launcher_android:mergeDebugJavaResource UP-TO-DATE
[        ] Caching disabled for task ':url_launcher_android:mergeDebugJavaResource' because:
[        ]   Build cache is disabled
[        ]   Caching has been disabled for the task
[        ] Skipping task ':url_launcher_android:mergeDebugJavaResource' as it is up-to-date.
[        ] Resolve mutations for :url_launcher_android:syncDebugLibJars (Thread[#40886,Execution worker Thread 18,5,main]) started.
[        ] :url_launcher_android:syncDebugLibJars (Thread[#40886,Execution worker Thread 18,5,main]) started.
[        ] > Task :url_launcher_android:syncDebugLibJars UP-TO-DATE
[        ] Caching disabled for task ':url_launcher_android:syncDebugLibJars' because:
[        ]   Build cache is disabled
[        ] Skipping task ':url_launcher_android:syncDebugLibJars' as it is up-to-date.
[        ] Resolve mutations for :url_launcher_android:bundleDebugAar (Thread[#40886,Execution worker Thread 18,5,main]) started.
[        ] :url_launcher_android:bundleDebugAar (Thread[#40886,Execution worker Thread 18,5,main]) started.
[        ] > Task :url_launcher_android:bundleDebugAar UP-TO-DATE
[        ] Caching disabled for task ':url_launcher_android:bundleDebugAar' because:
[        ]   Build cache is disabled
[        ]   Caching has been disabled for the task
[        ] Skipping task ':url_launcher_android:bundleDebugAar' as it is up-to-date.
[        ] Resolve mutations for :url_launcher_android:assembleDebug (Thread[#40886,Execution worker Thread 18,5,main]) started.
[        ] :url_launcher_android:assembleDebug (Thread[#40886,Execution worker Thread 18,5,main]) started.
[        ] > Task :url_launcher_android:assembleDebug UP-TO-DATE
[        ] Skipping task ':url_launcher_android:assembleDebug' as it has no actions.
[        ] Resolve mutations for :video_player_android:stripDebugDebugSymbols (Thread[#40886,Execution worker Thread 18,5,main]) started.
[        ] :video_player_android:stripDebugDebugSymbols (Thread[#40886,Execution worker Thread 18,5,main]) started.
[        ] > Task :video_player_android:stripDebugDebugSymbols NO-SOURCE
[        ] Skipping task ':video_player_android:stripDebugDebugSymbols' as it has no source files and no previous output files.
[        ] Resolve mutations for :video_player_android:copyDebugJniLibsProjectAndLocalJars (Thread[#40886,Execution worker Thread 18,5,main]) started.
[        ] :video_player_android:copyDebugJniLibsProjectAndLocalJars (Thread[#40886,Execution worker Thread 18,5,main]) started.
[        ] > Task :video_player_android:copyDebugJniLibsProjectAndLocalJars UP-TO-DATE
[        ] Caching disabled for task ':video_player_android:copyDebugJniLibsProjectAndLocalJars' because:
[        ]   Build cache is disabled
[        ]   Caching has been disabled for the task
[        ] Skipping task ':video_player_android:copyDebugJniLibsProjectAndLocalJars' as it is up-to-date.
[        ] Resolve mutations for :video_player_android:extractDebugAnnotations (Thread[#40886,Execution worker Thread 18,5,main]) started.
[        ] :video_player_android:extractDebugAnnotations (Thread[#40886,Execution worker Thread 18,5,main]) started.
[        ] > Task :video_player_android:extractDebugAnnotations UP-TO-DATE
[        ] Caching disabled for task ':video_player_android:extractDebugAnnotations' because:
[        ]   Build cache is disabled
[        ] Skipping task ':video_player_android:extractDebugAnnotations' as it is up-to-date.
[        ] Resolve mutations for :video_player_android:extractDeepLinksForAarDebug (Thread[#40886,Execution worker Thread 18,5,main]) started.
[        ] :video_player_android:extractDeepLinksForAarDebug (Thread[#40886,Execution worker Thread 18,5,main]) started.
[        ] > Task :video_player_android:extractDeepLinksForAarDebug UP-TO-DATE
[        ] Caching disabled for task ':video_player_android:extractDeepLinksForAarDebug' because:
[        ]   Build cache is disabled
[        ] Skipping task ':video_player_android:extractDeepLinksForAarDebug' as it is up-to-date.
[        ] Resolve mutations for :video_player_android:mergeDebugGeneratedProguardFiles (Thread[#40886,Execution worker Thread 18,5,main]) started.
[        ] :video_player_android:mergeDebugGeneratedProguardFiles (Thread[#40886,Execution worker Thread 18,5,main]) started.
[        ] > Task :video_player_android:mergeDebugGeneratedProguardFiles UP-TO-DATE
[        ] Caching disabled for task ':video_player_android:mergeDebugGeneratedProguardFiles' because:
[        ]   Build cache is disabled
[        ]   Simple merging task
[        ] Skipping task ':video_player_android:mergeDebugGeneratedProguardFiles' as it is up-to-date.
[        ] Resolve mutations for :video_player_android:mergeDebugConsumerProguardFiles (Thread[#40886,Execution worker Thread 18,5,main]) started.
[        ] :video_player_android:mergeDebugConsumerProguardFiles (Thread[#40886,Execution worker Thread 18,5,main]) started.
[        ] > Task :video_player_android:mergeDebugConsumerProguardFiles UP-TO-DATE
[        ] Caching disabled for task ':video_player_android:mergeDebugConsumerProguardFiles' because:
[        ]   Build cache is disabled
[        ]   Simple merging task
[        ] Skipping task ':video_player_android:mergeDebugConsumerProguardFiles' as it is up-to-date.
[        ] Resolve mutations for :video_player_android:prepareDebugArtProfile (Thread[#40886,Execution worker Thread 18,5,main]) started.
[        ] :video_player_android:prepareDebugArtProfile (Thread[#40886,Execution worker Thread 18,5,main]) started.
[        ] > Task :video_player_android:prepareDebugArtProfile UP-TO-DATE
[        ] Caching disabled for task ':video_player_android:prepareDebugArtProfile' because:
[        ]   Build cache is disabled
[        ]   Caching has been disabled for the task
[        ] Skipping task ':video_player_android:prepareDebugArtProfile' as it is up-to-date.
[        ] Resolve mutations for :video_player_android:prepareLintJarForPublish (Thread[#40886,Execution worker Thread 18,5,main]) started.
[        ] :video_player_android:prepareLintJarForPublish (Thread[#40886,Execution worker Thread 18,5,main]) started.
[        ] > Task :video_player_android:prepareLintJarForPublish UP-TO-DATE
[        ] Caching disabled for task ':video_player_android:prepareLintJarForPublish' because:
[        ]   Build cache is disabled
[        ]   Caching has been disabled for the task
[        ] Skipping task ':video_player_android:prepareLintJarForPublish' as it is up-to-date.
[        ] Resolve mutations for :video_player_android:mergeDebugJavaResource (Thread[#40886,Execution worker Thread 18,5,main]) started.
[        ] :video_player_android:mergeDebugJavaResource (Thread[#40886,Execution worker Thread 18,5,main]) started.
[        ] > Task :video_player_android:mergeDebugJavaResource UP-TO-DATE
[        ] Caching disabled for task ':video_player_android:mergeDebugJavaResource' because:
[        ]   Build cache is disabled
[        ]   Caching has been disabled for the task
[        ] Skipping task ':video_player_android:mergeDebugJavaResource' as it is up-to-date.
[        ] Resolve mutations for :video_player_android:syncDebugLibJars (Thread[#40886,Execution worker Thread 18,5,main]) started.
[        ] :video_player_android:syncDebugLibJars (Thread[#40886,Execution worker Thread 18,5,main]) started.
[        ] > Task :video_player_android:syncDebugLibJars UP-TO-DATE
[        ] Caching disabled for task ':video_player_android:syncDebugLibJars' because:
[        ]   Build cache is disabled
[        ] Skipping task ':video_player_android:syncDebugLibJars' as it is up-to-date.
[        ] Resolve mutations for :video_player_android:bundleDebugAar (Thread[#40886,Execution worker Thread 18,5,main]) started.
[        ] :video_player_android:bundleDebugAar (Thread[#40886,Execution worker Thread 18,5,main]) started.
[        ] > Task :video_player_android:bundleDebugAar UP-TO-DATE
[        ] Caching disabled for task ':video_player_android:bundleDebugAar' because:
[        ]   Build cache is disabled
[        ]   Caching has been disabled for the task
[        ] Skipping task ':video_player_android:bundleDebugAar' as it is up-to-date.
[        ] Resolve mutations for :video_player_android:assembleDebug (Thread[#40886,Execution worker Thread 18,5,main]) started.
[        ] :video_player_android:assembleDebug (Thread[#40886,Execution worker Thread 18,5,main]) started.
[        ] > Task :video_player_android:assembleDebug UP-TO-DATE
[        ] Skipping task ':video_player_android:assembleDebug' as it has no actions.
[ +579 ms] > Task :app:compressDebugAssets
[        ] Caching disabled for task ':app:compressDebugAssets' because:
[        ]   Build cache is disabled
[        ] Task ':app:compressDebugAssets' is not up-to-date because:
[        ]   Input property 'inputDirs' file /Users/florian/Code/substitution/build/app/intermediates/assets/debug/mergeDebugAssets/flutter_assets/kernel_blob.bin has changed.
[        ] Resolve mutations for :app:packageDebug (Thread[#40899,Execution worker Thread 31,5,main]) started.
[        ] :app:packageDebug (Thread[#40899,Execution worker Thread 31,5,main]) started.
07:17 +5 -17: loading /Users/florian/Code/substitution/integration_test/app_test.dart                                                                                                                  [ +304 ms] > Task :app:packageDebug
[        ] Custom actions are attached to task ':app:packageDebug'.
[        ] Caching disabled for task ':app:packageDebug' because:
[        ]   Build cache is disabled
[        ]   Caching has been disabled for the task
[        ] Task ':app:packageDebug' is not up-to-date because:
[        ]   Input property 'assets' file /Users/florian/Code/substitution/build/app/intermediates/compressed_assets/debug/compressDebugAssets/out/assets/flutter_assets/kernel_blob.bin.jar has changed.
[        ] Resolve mutations for :app:createDebugApkListingFileRedirect (Thread[#40899,Execution worker Thread 31,5,main]) started.
[        ] :app:createDebugApkListingFileRedirect (Thread[#40899,Execution worker Thread 31,5,main]) started.
[        ] > Task :app:createDebugApkListingFileRedirect UP-TO-DATE
[        ] Caching disabled for task ':app:createDebugApkListingFileRedirect' because:
[        ]   Build cache is disabled
[        ]   Caching has been disabled for the task
[        ] Skipping task ':app:createDebugApkListingFileRedirect' as it is up-to-date.
[        ] Resolve mutations for :app:assembleDebug (Thread[#40899,Execution worker Thread 31,5,main]) started.
[        ] :app:assembleDebug (Thread[#40899,Execution worker Thread 31,5,main]) started.
[  +66 ms] > Task :app:assembleDebug
[        ] Caching disabled for task ':app:assembleDebug' because:
[        ]   Build cache is disabled
[        ] Task ':app:assembleDebug' is not up-to-date because:
[        ]   Task has not declared any outputs despite executing actions.
[        ] [Incubating] Problems report is available at: file:///Users/florian/Code/substitution/build/reports/problems/problems-report.html
[        ] Deprecated Gradle features were used in this build, making it incompatible with Gradle 9.0.
[        ] You can use '--warning-mode all' to show the individual deprecation warnings and determine if they come from your own scripts or plugins.
[        ] For more on this, please refer to https://docs.gradle.org/8.12.1/userguide/command_line_interface.html#sec:command_line_warnings in the Gradle documentation.
[        ] BUILD SUCCESSFUL in 12s
[        ] 458 actionable tasks: 29 executed, 429 up-to-date
[        ] Watched directory hierarchies: [/opt/homebrew/share/flutter/packages/flutter_tools/gradle, /Users/florian/Code/substitution/android]
[  +21 ms] Running Gradle task 'assembleDebug'... (completed in 12,6s)
[   +7 ms] Calculate SHA1: LocalDirectory: '/Users/florian/Code/substitution/build/app/outputs/flutter-apk'/app-debug.apk
[+1065 ms] ✓ Built build/app/outputs/flutter-apk/app-debug.apk
[   +1 ms] executing: /Users/florian/Library/Android/sdk/build-tools/36.1.0/aapt dump xmltree /Users/florian/Code/substitution/build/app/outputs/flutter-apk/app-debug.apk AndroidManifest.xml
[  +11 ms] Exit code 0 from: /Users/florian/Library/Android/sdk/build-tools/36.1.0/aapt dump xmltree /Users/florian/Code/substitution/build/app/outputs/flutter-apk/app-debug.apk AndroidManifest.xml
[        ] N: android=http://schemas.android.com/apk/res/android
             E: manifest (line=2)
               A: android:versionCode(0x0101021b)=(type 0x10)0x7
               A: android:versionName(0x0101021c)="1.0.0" (Raw: "1.0.0")
               A: android:compileSdkVersion(0x01010572)=(type 0x10)0x24
               A: android:compileSdkVersionCodename(0x01010573)="16" (Raw: "16")
               A: package="art.substitution.substitution" (Raw: "art.substitution.substitution")
               A: platformBuildVersionCode=(type 0x10)0x24
               A: platformBuildVersionName=(type 0x10)0x10
               E: uses-sdk (line=7)
                 A: android:minSdkVersion(0x0101020c)=(type 0x10)0x18
                 A: android:targetSdkVersion(0x01010270)=(type 0x10)0x22
               E: uses-permission (line=15)
                 A: android:name(0x01010003)="android.permission.INTERNET" (Raw: "android.permission.INTERNET")
               E: uses-permission (line=16)
                 A: android:name(0x01010003)="android.permission.ACCESS_NETWORK_STATE" (Raw: "android.permission.ACCESS_NETWORK_STATE")
               E: permission (line=18)
                 A: android:name(0x01010003)="art.substitution.substitution.DYNAMIC_RECEIVER_NOT_EXPORTED_PERMISSION" (Raw: "art.substitution.substitution.DYNAMIC_RECEIVER_NOT_EXPORTED_PERMISSION")
                 A: android:protectionLevel(0x01010009)=(type 0x11)0x2
               E: uses-permission (line=22)
                 A: android:name(0x01010003)="art.substitution.substitution.DYNAMIC_RECEIVER_NOT_EXPORTED_PERMISSION" (Raw: "art.substitution.substitution.DYNAMIC_RECEIVER_NOT_EXPORTED_PERMISSION")
               E: application (line=24)
                 A: android:label(0x01010001)="substitution" (Raw: "substitution")
                 A: android:icon(0x01010002)=@0x7f0c0000
                 A: android:name(0x01010003)="android.app.Application" (Raw: "android.app.Application")
                 A: android:debuggable(0x0101000f)=(type 0x12)0xffffffff
                 A: android:extractNativeLibs(0x010104ea)=(type 0x12)0x0
                 A: android:appComponentFactory(0x0101057a)="androidx.core.app.CoreComponentFactory" (Raw: "androidx.core.app.CoreComponentFactory")
                 E: activity (line=31)
                   A: android:theme(0x01010000)=@0x7f0e00a2
                   A: android:name(0x01010003)="art.substitution.substitution.MainActivity" (Raw: "art.substitution.substitution.MainActivity")
                   A: android:exported(0x01010010)=(type 0x12)0xffffffff
                   A: android:launchMode(0x0101001d)=(type 0x10)0x1
                   A: android:configChanges(0x0101001f)=(type 0x11)0x40003fb4
                   A: android:windowSoftInputMode(0x0101022b)=(type 0x11)0x10
                   A: android:hardwareAccelerated(0x010102d3)=(type 0x12)0xffffffff
                   E: meta-data (line=46)
                     A: android:name(0x01010003)="io.flutter.embedding.android.NormalTheme" (Raw: "io.flutter.embedding.android.NormalTheme")
                     A: android:resource(0x01010025)=@0x7f0e00a3
                   E: intent-filter (line=50)
                     E: action (line=51)
                       A: android:name(0x01010003)="android.intent.action.MAIN" (Raw: "android.intent.action.MAIN")
                     E: category (line=53)
                       A: android:name(0x01010003)="android.intent.category.LAUNCHER" (Raw: "android.intent.category.LAUNCHER")
                   E: intent-filter (line=56)
                     E: action (line=57)
                       A: android:name(0x01010003)="android.intent.action.VIEW" (Raw: "android.intent.action.VIEW")
                     E: category (line=59)
                       A: android:name(0x01010003)="android.intent.category.DEFAULT" (Raw: "android.intent.category.DEFAULT")
                     E: category (line=60)
                       A: android:name(0x01010003)="android.intent.category.BROWSABLE" (Raw: "android.intent.category.BROWSABLE")
                     E: data (line=62)
                       A: android:scheme(0x01010027)="substitution" (Raw: "substitution")
                       A: android:host(0x01010028)="auth" (Raw: "auth")
                       A: android:pathPrefix(0x0101002b)="/login-callback" (Raw: "/login-callback")
                 E: meta-data (line=72)
                   A: android:name(0x01010003)="flutterEmbedding" (Raw: "flutterEmbedding")
                   A: android:value(0x01010024)=(type 0x10)0x2
                 E: activity (line=76)
                   A: android:theme(0x01010000)=@0x01030007
                   A: android:name(0x01010003)="io.flutter.plugins.urllauncher.WebViewActivity" (Raw: "io.flutter.plugins.urllauncher.WebViewActivity")
                   A: android:exported(0x01010010)=(type 0x12)0x0
                 E: uses-library (line=81)
                   A: android:name(0x01010003)="androidx.window.extensions" (Raw: "androidx.window.extensions")
                   A: android:required(0x0101028e)=(type 0x12)0x0
                 E: uses-library (line=84)
                   A: android:name(0x01010003)="androidx.window.sidecar" (Raw: "androidx.window.sidecar")
                   A: android:required(0x0101028e)=(type 0x12)0x0
                 E: provider (line=88)
                   A: android:name(0x01010003)="androidx.startup.InitializationProvider" (Raw: "androidx.startup.InitializationProvider")
                   A: android:exported(0x01010010)=(type 0x12)0x0
                   A: android:authorities(0x01010018)="art.substitution.substitution.androidx-startup" (Raw: "art.substitution.substitution.androidx-startup")
                   E: meta-data (line=92)
                     A: android:name(0x01010003)="androidx.lifecycle.ProcessLifecycleInitializer" (Raw: "androidx.lifecycle.ProcessLifecycleInitializer")
                     A: android:value(0x01010024)="androidx.startup" (Raw: "androidx.startup")
                   E: meta-data (line=95)
                     A: android:name(0x01010003)="androidx.profileinstaller.ProfileInstallerInitializer" (Raw: "androidx.profileinstaller.ProfileInstallerInitializer")
                     A: android:value(0x01010024)="androidx.startup" (Raw: "androidx.startup")
                 E: receiver (line=100)
                   A: android:name(0x01010003)="androidx.profileinstaller.ProfileInstallReceiver" (Raw: "androidx.profileinstaller.ProfileInstallReceiver")
                   A: android:permission(0x01010006)="android.permission.DUMP" (Raw: "android.permission.DUMP")
                   A: android:enabled(0x0101000e)=(type 0x12)0xffffffff
                   A: android:exported(0x01010010)=(type 0x12)0xffffffff
                   A: android:directBootAware(0x01010505)=(type 0x12)0x0
                   E: intent-filter (line=106)
                     E: action (line=107)
                       A: android:name(0x01010003)="androidx.profileinstaller.action.INSTALL_PROFILE" (Raw: "androidx.profileinstaller.action.INSTALL_PROFILE")
                   E: intent-filter (line=109)
                     E: action (line=110)
                       A: android:name(0x01010003)="androidx.profileinstaller.action.SKIP_FILE" (Raw: "androidx.profileinstaller.action.SKIP_FILE")
                   E: intent-filter (line=112)
                     E: action (line=113)
                       A: android:name(0x01010003)="androidx.profileinstaller.action.SAVE_PROFILE" (Raw: "androidx.profileinstaller.action.SAVE_PROFILE")
                   E: intent-filter (line=115)
                     E: action (line=116)
                       A: android:name(0x01010003)="androidx.profileinstaller.action.BENCHMARK_OPERATION" (Raw: "androidx.profileinstaller.action.BENCHMARK_OPERATION")
[        ] Stopping app 'app-debug.apk' on sdk gphone64 arm64.
[        ] executing: /Users/florian/Library/Android/sdk/platform-tools/adb -s emulator-5554 shell am force-stop art.substitution.substitution
07:18 +5 -17: loading /Users/florian/Code/substitution/integration_test/app_test.dart                                                                                                                  [  +22 ms] Installing APK.
[        ] Installing build/app/outputs/flutter-apk/app-debug.apk...
[        ] executing: /Users/florian/Library/Android/sdk/platform-tools/adb -s emulator-5554 install -t -r /Users/florian/Code/substitution/build/app/outputs/flutter-apk/app-debug.apk
[ +386 ms] Performing Streamed Install
           Success
[        ] Installing build/app/outputs/flutter-apk/app-debug.apk... (completed in 386ms)
[        ] executing: /Users/florian/Library/Android/sdk/platform-tools/adb -s emulator-5554 shell echo -n 61fd402d113f6b117173a8d961118182ccd8d15a > /data/local/tmp/sky.art.substitution.substitution.sha1
[  +23 ms] executing: /Users/florian/Library/Android/sdk/platform-tools/adb -s emulator-5554 shell -x logcat -v time -t 1
[  +84 ms] --------- beginning of system
           02-17 00:02:09.978 W/AppOpService(  668): Ignored setUidMode call for runtime permission app op: uid = 1001, code = RECEIVE_WAP_PUSH, mode = allow, callingUid = 1001, oldMode = allow
[   +4 ms] executing: /Users/florian/Library/Android/sdk/platform-tools/adb -s emulator-5554 shell am start -a android.intent.action.MAIN -c android.intent.category.LAUNCHER -f 0x20000000 --ez enable-dart-profiling true --ez enable-checked-mode true --ez verify-entry-points true art.substitution.substitution/art.substitution.substitution.MainActivity
07:19 +5 -17: loading /Users/florian/Code/substitution/integration_test/app_test.dart                                                                                                                  [ +145 ms] Starting: Intent { act=android.intent.action.MAIN cat=[android.intent.category.LAUNCHER] flg=0x20000000 cmp=art.substitution.substitution/.MainActivity (has extras) }
[        ] Waiting for VM Service port to be available...
07:20 +5 -17: loading /Users/florian/Code/substitution/integration_test/app_test.dart                                                                                                                  [+1564 ms] VM Service URL on device: http://127.0.0.1:41397/TC9oRmvib8c=/
[        ] executing: /Users/florian/Library/Android/sdk/platform-tools/adb -s emulator-5554 forward tcp:0 tcp:41397
[  +14 ms] 54968
[        ] Forwarded host port 54968 to device port 41397 for VM Service
[        ] test 9: Starting Dart Development Service
[        ] Launching a Dart Developer Service (DDS) instance at http://127.0.0.1:0, connecting to VM service at http://127.0.0.1:54968/TC9oRmvib8c=/.
[ +151 ms] test 9: Dart Development Service started at http://127.0.0.1:54971/JjTRBdH3_xw=/, forwarding to VM service at http://127.0.0.1:54968/TC9oRmvib8c=/.
[        ] test 9: Connecting to vm service
[        ] test 9: VM Service uri is available at http://127.0.0.1:54971/JjTRBdH3_xw=/
[   +6 ms] test 9: Finding the correct isolate with the integration test service extension
[ +153 ms] test 9: connected to test device, now awaiting test result
[        ] test 9: Waiting for test harness or tests to finish
07:21 +5 -17: loading /Users/florian/Code/substitution/integration_test/app_test.dart                                                                                                                  07:21 +5 -17: /Users/florian/Code/substitution/integration_test/app_test.dart: Substitution App - Base Integration Tests App starts and displays home page                                             07:21 +5 -17: /Users/florian/Code/substitution/integration_test/app_test.dart: Substitution App - Base Integration Tests App starts and displays home page                                             
[90m[🌎 Easy Localization] [DEBUG] Localization initialized[0m
[Matrix] [32mInitialize client Substitution[0m
[Matrix] [32mUser is not logged in.[0m
[90m[🌎 Easy Localization] [DEBUG] Start[0m
[90m[🌎 Easy Localization] [DEBUG] Init state[0m
[90m[🌎 Easy Localization] [DEBUG] Build[0m
[90m[🌎 Easy Localization] [DEBUG] Init Localization Delegate[0m
[90m[🌎 Easy Localization] [DEBUG] Init provider[0m
[90m[🌎 Easy Localization] [DEBUG] Load Localization Delegate[0m
[90m[🌎 Easy Localization] [DEBUG] Load asset from assets/translations[0m
07:26 +6 -17: /Users/florian/Code/substitution/integration_test/app_test.dart: Substitution App - Base Integration Tests App starts and displays home page                                             07:26 +6 -17: /Users/florian/Code/substitution/integration_test/app_test.dart: Substitution App - Base Integration Tests App handles Matrix connection                                                 07:26 +6 -17: /Users/florian/Code/substitution/integration_test/app_test.dart: Substitution App - Base Integration Tests App handles Matrix connection                                                 
[90m[🌎 Easy Localization] [DEBUG] Localization initialized[0m
[Matrix] [32mInitialize client Substitution[0m
[Matrix] [32mUser is not logged in.[0m
[90m[🌎 Easy Localization] [DEBUG] Start[0m
07:31 +6 -17: /Users/florian/Code/substitution/integration_test/app_test.dart: Substitution App - Base Integration Tests App starts and displays home page                                             
[90m[🌎 Easy Localization] [DEBUG] Init state[0m
[90m[🌎 Easy Localization] [DEBUG] Build[0m
[90m[🌎 Easy Localization] [DEBUG] Init Localization Delegate[0m
[90m[🌎 Easy Localization] [DEBUG] Init provider[0m
[90m[🌎 Easy Localization] [DEBUG] Load Localization Delegate[0m
[90m[🌎 Easy Localization] [DEBUG] Load asset from assets/translations[0m
[90m[🌎 Easy Localization] [DEBUG] Build[0m
[90m[🌎 Easy Localization] [DEBUG] Init Localization Delegate[0m
[90m[🌎 Easy Localization] [DEBUG] Init provider[0m
07:41 +7 -17: /Users/florian/Code/substitution/integration_test/app_test.dart: Substitution App - Base Integration Tests App handles Matrix connection                                                 07:41 +7 -17: /Users/florian/Code/substitution/integration_test/app_test.dart: Substitution App - Base Integration Tests Navigation works correctly                                                    07:41 +7 -17: /Users/florian/Code/substitution/integration_test/app_test.dart: Substitution App - Base Integration Tests Navigation works correctly                                                    
[90m[🌎 Easy Localization] [DEBUG] Localization initialized[0m
[Matrix] [32mInitialize client Substitution[0m
[Matrix] [32mUser is not logged in.[0m
[90m[🌎 Easy Localization] [DEBUG] Start[0m
07:46 +7 -17: /Users/florian/Code/substitution/integration_test/app_test.dart: Substitution App - Base Integration Tests App starts and displays home page                                             
[90m[🌎 Easy Localization] [DEBUG] Init state[0m
[90m[🌎 Easy Localization] [DEBUG] Build[0m
[90m[🌎 Easy Localization] [DEBUG] Init Localization Delegate[0m
[90m[🌎 Easy Localization] [DEBUG] Init provider[0m
[90m[🌎 Easy Localization] [DEBUG] Load Localization Delegate[0m
[90m[🌎 Easy Localization] [DEBUG] Load asset from assets/translations[0m
[90m[🌎 Easy Localization] [DEBUG] Build[0m
[90m[🌎 Easy Localization] [DEBUG] Init Localization Delegate[0m
[90m[🌎 Easy Localization] [DEBUG] Init provider[0m
07:57 +8 -17: /Users/florian/Code/substitution/integration_test/app_test.dart: Substitution App - Base Integration Tests Navigation works correctly                                                    07:57 +8 -17: /Users/florian/Code/substitution/integration_test/app_test.dart: Substitution App - Base Integration Tests App handles orientation changes                                               07:57 +8 -17: /Users/florian/Code/substitution/integration_test/app_test.dart: Substitution App - Base Integration Tests App handles orientation changes                                               
[90m[🌎 Easy Localization] [DEBUG] Localization initialized[0m
[Matrix] [32mInitialize client Substitution[0m
[Matrix] [32mUser is not logged in.[0m
[90m[🌎 Easy Localization] [DEBUG] Start[0m
08:02 +8 -17: /Users/florian/Code/substitution/integration_test/app_test.dart: Substitution App - Base Integration Tests App starts and displays home page                                             
[90m[🌎 Easy Localization] [DEBUG] Init state[0m
[90m[🌎 Easy Localization] [DEBUG] Build[0m
[90m[🌎 Easy Localization] [DEBUG] Init Localization Delegate[0m
[90m[🌎 Easy Localization] [DEBUG] Init provider[0m
[90m[🌎 Easy Localization] [DEBUG] Load Localization Delegate[0m
[90m[🌎 Easy Localization] [DEBUG] Load asset from assets/translations[0m
[90m[🌎 Easy Localization] [DEBUG] Build[0m
[90m[🌎 Easy Localization] [DEBUG] Init Localization Delegate[0m
[90m[🌎 Easy Localization] [DEBUG] Init provider[0m
08:52 +9 -17: /Users/florian/Code/substitution/integration_test/app_test.dart: Substitution App - Base Integration Tests App handles orientation changes                                               08:52 +9 -17: /Users/florian/Code/substitution/integration_test/app_test.dart: (tearDownAll)                                                                                                           [+91428 ms] test 9: Test harness is no longer needed by test process
[        ] test 9: finished
[        ] test 9: cleaning up...
[        ] test 9: ensuring test device is terminated.
[        ] executing: /Users/florian/Library/Android/sdk/platform-tools/adb -s emulator-5554 shell am force-stop art.substitution.substitution
[        ] test 9: Test process is no longer needed by test harness
[  +61 ms] executing: /Users/florian/Library/Android/sdk/platform-tools/adb -s emulator-5554 uninstall art.substitution.substitution
[ +130 ms] Success
[        ] test 9: deleting temporary directory
[        ] test 9: finished
08:52 +9 -17: loading /Users/florian/Code/substitution/integration_test/multi_user_correspondence_test.dart                                                                                            [        ] test 10: starting test /Users/florian/Code/substitution/integration_test/multi_user_correspondence_test.dart
[        ] Stopping scan for flutter_test_config.dart; found project root at /Users/florian/Code/substitution
[        ] test 10: starting test device
[        ] test 10: awaiting connection to test device
[        ] executing: /Users/florian/Library/Android/sdk/build-tools/36.1.0/aapt dump xmltree /Users/florian/Code/substitution/build/app/outputs/flutter-apk/app-debug.apk AndroidManifest.xml
[  +10 ms] Exit code 0 from: /Users/florian/Library/Android/sdk/build-tools/36.1.0/aapt dump xmltree /Users/florian/Code/substitution/build/app/outputs/flutter-apk/app-debug.apk AndroidManifest.xml
[        ] N: android=http://schemas.android.com/apk/res/android
             E: manifest (line=2)
               A: android:versionCode(0x0101021b)=(type 0x10)0x7
               A: android:versionName(0x0101021c)="1.0.0" (Raw: "1.0.0")
               A: android:compileSdkVersion(0x01010572)=(type 0x10)0x24
               A: android:compileSdkVersionCodename(0x01010573)="16" (Raw: "16")
               A: package="art.substitution.substitution" (Raw: "art.substitution.substitution")
               A: platformBuildVersionCode=(type 0x10)0x24
               A: platformBuildVersionName=(type 0x10)0x10
               E: uses-sdk (line=7)
                 A: android:minSdkVersion(0x0101020c)=(type 0x10)0x18
                 A: android:targetSdkVersion(0x01010270)=(type 0x10)0x22
               E: uses-permission (line=15)
                 A: android:name(0x01010003)="android.permission.INTERNET" (Raw: "android.permission.INTERNET")
               E: uses-permission (line=16)
                 A: android:name(0x01010003)="android.permission.ACCESS_NETWORK_STATE" (Raw: "android.permission.ACCESS_NETWORK_STATE")
               E: permission (line=18)
                 A: android:name(0x01010003)="art.substitution.substitution.DYNAMIC_RECEIVER_NOT_EXPORTED_PERMISSION" (Raw: "art.substitution.substitution.DYNAMIC_RECEIVER_NOT_EXPORTED_PERMISSION")
                 A: android:protectionLevel(0x01010009)=(type 0x11)0x2
               E: uses-permission (line=22)
                 A: android:name(0x01010003)="art.substitution.substitution.DYNAMIC_RECEIVER_NOT_EXPORTED_PERMISSION" (Raw: "art.substitution.substitution.DYNAMIC_RECEIVER_NOT_EXPORTED_PERMISSION")
               E: application (line=24)
                 A: android:label(0x01010001)="substitution" (Raw: "substitution")
                 A: android:icon(0x01010002)=@0x7f0c0000
                 A: android:name(0x01010003)="android.app.Application" (Raw: "android.app.Application")
                 A: android:debuggable(0x0101000f)=(type 0x12)0xffffffff
                 A: android:extractNativeLibs(0x010104ea)=(type 0x12)0x0
                 A: android:appComponentFactory(0x0101057a)="androidx.core.app.CoreComponentFactory" (Raw: "androidx.core.app.CoreComponentFactory")
                 E: activity (line=31)
                   A: android:theme(0x01010000)=@0x7f0e00a2
                   A: android:name(0x01010003)="art.substitution.substitution.MainActivity" (Raw: "art.substitution.substitution.MainActivity")
                   A: android:exported(0x01010010)=(type 0x12)0xffffffff
                   A: android:launchMode(0x0101001d)=(type 0x10)0x1
                   A: android:configChanges(0x0101001f)=(type 0x11)0x40003fb4
                   A: android:windowSoftInputMode(0x0101022b)=(type 0x11)0x10
                   A: android:hardwareAccelerated(0x010102d3)=(type 0x12)0xffffffff
                   E: meta-data (line=46)
                     A: android:name(0x01010003)="io.flutter.embedding.android.NormalTheme" (Raw: "io.flutter.embedding.android.NormalTheme")
                     A: android:resource(0x01010025)=@0x7f0e00a3
                   E: intent-filter (line=50)
                     E: action (line=51)
                       A: android:name(0x01010003)="android.intent.action.MAIN" (Raw: "android.intent.action.MAIN")
                     E: category (line=53)
                       A: android:name(0x01010003)="android.intent.category.LAUNCHER" (Raw: "android.intent.category.LAUNCHER")
                   E: intent-filter (line=56)
                     E: action (line=57)
                       A: android:name(0x01010003)="android.intent.action.VIEW" (Raw: "android.intent.action.VIEW")
                     E: category (line=59)
                       A: android:name(0x01010003)="android.intent.category.DEFAULT" (Raw: "android.intent.category.DEFAULT")
                     E: category (line=60)
                       A: android:name(0x01010003)="android.intent.category.BROWSABLE" (Raw: "android.intent.category.BROWSABLE")
                     E: data (line=62)
                       A: android:scheme(0x01010027)="substitution" (Raw: "substitution")
                       A: android:host(0x01010028)="auth" (Raw: "auth")
                       A: android:pathPrefix(0x0101002b)="/login-callback" (Raw: "/login-callback")
                 E: meta-data (line=72)
                   A: android:name(0x01010003)="flutterEmbedding" (Raw: "flutterEmbedding")
                   A: android:value(0x01010024)=(type 0x10)0x2
                 E: activity (line=76)
                   A: android:theme(0x01010000)=@0x01030007
                   A: android:name(0x01010003)="io.flutter.plugins.urllauncher.WebViewActivity" (Raw: "io.flutter.plugins.urllauncher.WebViewActivity")
                   A: android:exported(0x01010010)=(type 0x12)0x0
                 E: uses-library (line=81)
                   A: android:name(0x01010003)="androidx.window.extensions" (Raw: "androidx.window.extensions")
                   A: android:required(0x0101028e)=(type 0x12)0x0
                 E: uses-library (line=84)
                   A: android:name(0x01010003)="androidx.window.sidecar" (Raw: "androidx.window.sidecar")
                   A: android:required(0x0101028e)=(type 0x12)0x0
                 E: provider (line=88)
                   A: android:name(0x01010003)="androidx.startup.InitializationProvider" (Raw: "androidx.startup.InitializationProvider")
                   A: android:exported(0x01010010)=(type 0x12)0x0
                   A: android:authorities(0x01010018)="art.substitution.substitution.androidx-startup" (Raw: "art.substitution.substitution.androidx-startup")
                   E: meta-data (line=92)
                     A: android:name(0x01010003)="androidx.lifecycle.ProcessLifecycleInitializer" (Raw: "androidx.lifecycle.ProcessLifecycleInitializer")
                     A: android:value(0x01010024)="androidx.startup" (Raw: "androidx.startup")
                   E: meta-data (line=95)
                     A: android:name(0x01010003)="androidx.profileinstaller.ProfileInstallerInitializer" (Raw: "androidx.profileinstaller.ProfileInstallerInitializer")
                     A: android:value(0x01010024)="androidx.startup" (Raw: "androidx.startup")
                 E: receiver (line=100)
                   A: android:name(0x01010003)="androidx.profileinstaller.ProfileInstallReceiver" (Raw: "androidx.profileinstaller.ProfileInstallReceiver")
                   A: android:permission(0x01010006)="android.permission.DUMP" (Raw: "android.permission.DUMP")
                   A: android:enabled(0x0101000e)=(type 0x12)0xffffffff
                   A: android:exported(0x01010010)=(type 0x12)0xffffffff
                   A: android:directBootAware(0x01010505)=(type 0x12)0x0
                   E: intent-filter (line=106)
                     E: action (line=107)
                       A: android:name(0x01010003)="androidx.profileinstaller.action.INSTALL_PROFILE" (Raw: "androidx.profileinstaller.action.INSTALL_PROFILE")
                   E: intent-filter (line=109)
                     E: action (line=110)
                       A: android:name(0x01010003)="androidx.profileinstaller.action.SKIP_FILE" (Raw: "androidx.profileinstaller.action.SKIP_FILE")
                   E: intent-filter (line=112)
                     E: action (line=113)
                       A: android:name(0x01010003)="androidx.profileinstaller.action.SAVE_PROFILE" (Raw: "androidx.profileinstaller.action.SAVE_PROFILE")
                   E: intent-filter (line=115)
                     E: action (line=116)
                       A: android:name(0x01010003)="androidx.profileinstaller.action.BENCHMARK_OPERATION" (Raw: "androidx.profileinstaller.action.BENCHMARK_OPERATION")
[        ] Building APK
[        ] Version of Java is different than impacted version, no migration attempted.
[        ] CMake project not found, skipping support Android 15 16k page size migration.
[        ] Using gradle from /Users/florian/Code/substitution/android/gradlew.
[   +5 ms] LocalFile: '/Users/florian/Code/substitution/android/build.gradle' provides AGP version from classpath: 8.6.0
[   +6 ms] Running Gradle task 'assembleDebug'...
[        ] executing: [/Users/florian/Code/substitution/android/] /Users/florian/Code/substitution/android/gradlew --full-stacktrace --info -Pverbose=true -PskipDependencyChecks=true -Ptarget-platform=android-arm64 -Ptarget=/var/folders/l_/w8pnbb9d38n57pzg9j98fmy80000gn/T/flutter_tools.wuOse9/flutter_test_listener.bDXhKX/listener.dart -Pbase-application-name=android.app.Application -Pdart-defines=TUFUUklYX1NFUlZFUj1odHRwOi8vbG9jYWxob3N0OjgwMDg=,TUFUUklYX1RFU1RfVVNFUj0=,TUFUUklYX1RFU1RfUEFTU1dPUkQ9,RkxVVFRFUl9WRVJTSU9OPTMuMzguOQ==,RkxVVFRFUl9DSEFOTkVMPXN0YWJsZQ==,RkxVVFRFUl9HSVRfVVJMPWh0dHBzOi8vZ2l0aHViLmNvbS9mbHV0dGVyL2ZsdXR0ZXIuZ2l0,RkxVVFRFUl9GUkFNRVdPUktfUkVWSVNJT049NjczMjNkZTI4NQ==,RkxVVFRFUl9FTkdJTkVfUkVWSVNJT049NTg3YzE4Zjg3Mw==,RkxVVFRFUl9EQVJUX1ZFUlNJT049My4xMC44,SU5URUdSQVRJT05fVEVTVF9TSE9VTERfUkVQT1JUX1JFU1VMVFNfVE9fTkFUSVZFPWZhbHNl -Pdart-obfuscation=false -Ptrack-widget-creation=true -Ptree-shake-icons=false assembleDebug
[ +287 ms] Initialized native services in: /Users/florian/.gradle/native
[        ] Initialized jansi services in: /Users/florian/.gradle/native
08:53 +9 -17: loading /Users/florian/Code/substitution/integration_test/multi_user_correspondence_test.dart                                                                                            [ +215 ms] The client will now receive all logging from the daemon (pid: 43439). The daemon log file: /Users/florian/.gradle/daemon/8.12.1/daemon-43439.out.log
[        ] Starting 103rd build in daemon [uptime: 2 hrs 6 mins 42.171 secs, performance: 100%, GC rate: 0.00/s, heap usage: 0% of 4 GiB]
[        ] Using 32 worker leases.
[        ] Now considering [/Users/florian/Code/substitution/android, /opt/homebrew/share/flutter/packages/flutter_tools/gradle] as hierarchies to watch
[        ] Watching the file system is configured to be enabled if available
[        ] File system watching is active
[        ] Starting Build
[        ] Now considering [/opt/homebrew/share/flutter/packages/flutter_tools/gradle, /Users/florian/Code/substitution/android] as hierarchies to watch
[   +1 ms] > Configure project :gradle
[        ] Evaluating project ':gradle' using build file '/opt/homebrew/share/flutter/packages/flutter_tools/gradle/build.gradle.kts'.
[        ] Resolved plugin [id: 'org.gradle.java-gradle-plugin']
[        ] Resolved plugin [id: 'org.gradle.groovy']
[        ] Resolved plugin [id: 'org.gradle.kotlin.kotlin-dsl', version: '5.1.2']
[        ] Resolved plugin [id: 'org.jetbrains.kotlin.jvm', version: '1.9.20']
[        ] Using Kotlin Gradle Plugin gradle85 variant
[        ] kotlin scripting plugin: created the scripting discovery configuration: kotlinScriptDef
[        ] kotlin scripting plugin: created the scripting discovery configuration: testKotlinScriptDef
[        ] file or directory '/opt/homebrew/share/flutter/packages/flutter_tools/gradle/src/main/java', not found
[        ] Resolved plugin [id: 'dev.flutter.flutter-plugin-loader', version: '1.0.0']
[        ] Resolved plugin [id: 'com.android.application', version: '8.9.1', apply: false]
[        ] Resolved plugin [id: 'org.jetbrains.kotlin.android', version: '2.1.0', apply: false]
[        ] Resolve mutations for :gradle:checkKotlinGradlePluginConfigurationErrors (Thread[#41251,Execution worker,5,main]) started.
[        ] :gradle:checkKotlinGradlePluginConfigurationErrors (Thread[#41251,Execution worker,5,main]) started.
[        ] > Task :gradle:checkKotlinGradlePluginConfigurationErrors SKIPPED
[        ] Skipping task ':gradle:checkKotlinGradlePluginConfigurationErrors' as task onlyIf 'errorDiagnostics are present' is false.
[        ] Resolve mutations for :gradle:compileKotlin (Thread[#41251,Execution worker,5,main]) started.
[        ] :gradle:compileKotlin (Thread[#41251,Execution worker,5,main]) started.
[        ] > Task :gradle:compileKotlin UP-TO-DATE
[        ] Caching disabled for task ':gradle:compileKotlin' because:
[        ]   Build cache is disabled
[        ] Skipping task ':gradle:compileKotlin' as it is up-to-date.
[        ] Resolve mutations for :gradle:compileJava (Thread[#41251,Execution worker,5,main]) started.
[        ] :gradle:compileJava (Thread[#41251,Execution worker,5,main]) started.
[        ] > Task :gradle:compileJava NO-SOURCE
[        ] Skipping task ':gradle:compileJava' as it has no source files and no previous output files.
[        ] Resolve mutations for :gradle:compileGroovy (Thread[#41251,Execution worker,5,main]) started.
[        ] :gradle:compileGroovy (Thread[#41251,Execution worker,5,main]) started.
[        ] > Task :gradle:compileGroovy NO-SOURCE
[        ] Skipping task ':gradle:compileGroovy' as it has no source files and no previous output files.
[        ] Resolve mutations for :gradle:pluginDescriptors (Thread[#41251,Execution worker,5,main]) started.
[        ] :gradle:pluginDescriptors (Thread[#41251,Execution worker,5,main]) started.
[        ] > Task :gradle:pluginDescriptors UP-TO-DATE
[        ] Caching disabled for task ':gradle:pluginDescriptors' because:
[        ]   Build cache is disabled
[        ]   Not worth caching
[        ] Skipping task ':gradle:pluginDescriptors' as it is up-to-date.
[        ] Resolve mutations for :gradle:processResources (Thread[#41251,Execution worker,5,main]) started.
[        ] :gradle:processResources (Thread[#41251,Execution worker,5,main]) started.
[        ] > Task :gradle:processResources UP-TO-DATE
[        ] Caching disabled for task ':gradle:processResources' because:
[        ]   Build cache is disabled
[        ]   Not worth caching
[        ] Skipping task ':gradle:processResources' as it is up-to-date.
[        ] Resolve mutations for :gradle:classes (Thread[#41251,Execution worker,5,main]) started.
[        ] :gradle:classes (Thread[#41251,Execution worker,5,main]) started.
[        ] > Task :gradle:classes UP-TO-DATE
[        ] Skipping task ':gradle:classes' as it has no actions.
[        ] Resolve mutations for :gradle:jar (Thread[#41251,Execution worker,5,main]) started.
[        ] :gradle:jar (Thread[#41251,Execution worker,5,main]) started.
[        ] > Task :gradle:jar UP-TO-DATE
[        ] Caching disabled for task ':gradle:jar' because:
[        ]   Build cache is disabled
[        ]   Not worth caching
[        ] Skipping task ':gradle:jar' as it is up-to-date.
[        ] Settings evaluated using settings file '/Users/florian/Code/substitution/android/settings.gradle'.
[        ] Projects loaded. Root project using build file '/Users/florian/Code/substitution/android/build.gradle'.
[        ] Included projects: [root project 'android', project ':app', project ':connectivity_plus', project ':emoji_picker_flutter', project ':file_selector_android', project ':flutter_keyboard_visibility_temp_fork', project ':flutter_native_splash', project ':flutter_olm', project ':flutter_openssl_crypto', project ':integration_test', project ':path_provider_android', project ':quill_native_bridge_android', project ':shared_preferences_android', project ':sqflite_android', project ':url_launcher_android', project ':video_player_android']
[  +88 ms] > Configure project :app
[        ] Evaluating project ':app' using build file '/Users/florian/Code/substitution/android/app/build.gradle'.
[        ] Resolved plugin [id: 'com.android.application']
[        ] Resolved plugin [id: 'kotlin-android']
[        ] Resolved plugin [id: 'dev.flutter.flutter-gradle-plugin']
[        ] Using default execution profile
[        ] Using Kotlin Gradle Plugin gradle85 variant
[        ] C/C++: android.ndkVersion from module build.gradle is [28.2.13676358]
[        ] C/C++: android.ndkPath from module build.gradle is not set
[        ] C/C++: ndk.dir in local.properties is not set
[        ] C/C++: Not considering ANDROID_NDK_HOME because support was removed after deprecation period.
[        ] C/C++: sdkFolder is /Users/florian/Library/Android/sdk
[        ] C/C++: android.ndkVersion from module build.gradle is [28.2.13676358]
[        ] C/C++: android.ndkPath from module build.gradle is not set
[        ] C/C++: ndk.dir in local.properties is not set
[        ] C/C++: Not considering ANDROID_NDK_HOME because support was removed after deprecation period.
[        ] C/C++: sdkFolder is /Users/florian/Library/Android/sdk
[        ] C/C++: android.ndkVersion from module build.gradle is [28.2.13676358]
[        ] C/C++: android.ndkPath from module build.gradle is not set
[        ] C/C++: ndk.dir in local.properties is not set
[        ] C/C++: Not considering ANDROID_NDK_HOME because support was removed after deprecation period.
[        ] C/C++: sdkFolder is /Users/florian/Library/Android/sdk
[        ] C/C++: android.ndkVersion from module build.gradle is [28.2.13676358]
[        ] C/C++: android.ndkPath from module build.gradle is not set
[        ] C/C++: ndk.dir in local.properties is not set
[        ] C/C++: Not considering ANDROID_NDK_HOME because support was removed after deprecation period.
[        ] C/C++: sdkFolder is /Users/florian/Library/Android/sdk
[        ] C/C++: android.ndkVersion from module build.gradle is [28.2.13676358]
[        ] C/C++: android.ndkPath from module build.gradle is not set
[        ] C/C++: ndk.dir in local.properties is not set
[        ] C/C++: Not considering ANDROID_NDK_HOME because support was removed after deprecation period.
[        ] C/C++: sdkFolder is /Users/florian/Library/Android/sdk
[        ] C/C++: android.ndkVersion from module build.gradle is [28.2.13676358]
[        ] C/C++: android.ndkPath from module build.gradle is not set
[        ] C/C++: ndk.dir in local.properties is not set
[        ] C/C++: Not considering ANDROID_NDK_HOME because support was removed after deprecation period.
[        ] C/C++: sdkFolder is /Users/florian/Library/Android/sdk
[        ] C/C++: android.ndkVersion from module build.gradle is [28.2.13676358]
[        ] C/C++: android.ndkPath from module build.gradle is not set
[        ] C/C++: ndk.dir in local.properties is not set
[        ] C/C++: Not considering ANDROID_NDK_HOME because support was removed after deprecation period.
[        ] C/C++: sdkFolder is /Users/florian/Library/Android/sdk
[        ] C/C++: android.ndkVersion from module build.gradle is [28.2.13676358]
[        ] C/C++: android.ndkPath from module build.gradle is not set
[        ] C/C++: ndk.dir in local.properties is not set
[        ] C/C++: Not considering ANDROID_NDK_HOME because support was removed after deprecation period.
[        ] C/C++: sdkFolder is /Users/florian/Library/Android/sdk
[        ] C/C++: android.ndkVersion from module build.gradle is [28.2.13676358]
[        ] C/C++: android.ndkPath from module build.gradle is not set
[        ] C/C++: ndk.dir in local.properties is not set
[        ] C/C++: Not considering ANDROID_NDK_HOME because support was removed after deprecation period.
[        ] C/C++: sdkFolder is /Users/florian/Library/Android/sdk
[        ] C/C++: android.ndkVersion from module build.gradle is [28.2.13676358]
[        ] C/C++: android.ndkPath from module build.gradle is not set
[        ] C/C++: ndk.dir in local.properties is not set
[        ] C/C++: Not considering ANDROID_NDK_HOME because support was removed after deprecation period.
[        ] C/C++: sdkFolder is /Users/florian/Library/Android/sdk
[        ] C/C++: android.ndkVersion from module build.gradle is [28.2.13676358]
[        ] C/C++: android.ndkPath from module build.gradle is not set
[        ] C/C++: ndk.dir in local.properties is not set
[        ] C/C++: Not considering ANDROID_NDK_HOME because support was removed after deprecation period.
[        ] C/C++: sdkFolder is /Users/florian/Library/Android/sdk
[        ] C/C++: android.ndkVersion from module build.gradle is [28.2.13676358]
[        ] C/C++: android.ndkPath from module build.gradle is not set
[        ] C/C++: ndk.dir in local.properties is not set
[        ] C/C++: Not considering ANDROID_NDK_HOME because support was removed after deprecation period.
[        ] C/C++: sdkFolder is /Users/florian/Library/Android/sdk
[        ] C/C++: android.ndkVersion from module build.gradle is [28.2.13676358]
[        ] C/C++: android.ndkPath from module build.gradle is not set
[        ] C/C++: ndk.dir in local.properties is not set
[        ] C/C++: Not considering ANDROID_NDK_HOME because support was removed after deprecation period.
[        ] C/C++: sdkFolder is /Users/florian/Library/Android/sdk
[        ] C/C++: android.ndkVersion from module build.gradle is [28.2.13676358]
[        ] C/C++: android.ndkPath from module build.gradle is not set
[        ] C/C++: ndk.dir in local.properties is not set
[        ] C/C++: Not considering ANDROID_NDK_HOME because support was removed after deprecation period.
[        ] C/C++: sdkFolder is /Users/florian/Library/Android/sdk
[        ] C/C++: android.ndkVersion from module build.gradle is [28.2.13676358]
[        ] C/C++: android.ndkPath from module build.gradle is not set
[        ] C/C++: ndk.dir in local.properties is not set
[        ] C/C++: Not considering ANDROID_NDK_HOME because support was removed after deprecation period.
[        ] C/C++: sdkFolder is /Users/florian/Library/Android/sdk
[        ] C/C++: android.ndkVersion from module build.gradle is [28.2.13676358]
[        ] C/C++: android.ndkPath from module build.gradle is not set
[        ] C/C++: ndk.dir in local.properties is not set
[        ] C/C++: Not considering ANDROID_NDK_HOME because support was removed after deprecation period.
[        ] C/C++: sdkFolder is /Users/florian/Library/Android/sdk
[        ] C/C++: android.ndkVersion from module build.gradle is [28.2.13676358]
[        ] C/C++: android.ndkPath from module build.gradle is not set
[        ] C/C++: ndk.dir in local.properties is not set
[        ] C/C++: Not considering ANDROID_NDK_HOME because support was removed after deprecation period.
[        ] C/C++: sdkFolder is /Users/florian/Library/Android/sdk
[        ] C/C++: android.ndkVersion from module build.gradle is [28.2.13676358]
[        ] C/C++: android.ndkPath from module build.gradle is not set
[        ] C/C++: ndk.dir in local.properties is not set
[        ] C/C++: Not considering ANDROID_NDK_HOME because support was removed after deprecation period.
[        ] C/C++: sdkFolder is /Users/florian/Library/Android/sdk
[        ] C/C++: android.ndkVersion from module build.gradle is [28.2.13676358]
[        ] C/C++: android.ndkPath from module build.gradle is not set
[        ] C/C++: ndk.dir in local.properties is not set
[        ] C/C++: Not considering ANDROID_NDK_HOME because support was removed after deprecation period.
[        ] C/C++: sdkFolder is /Users/florian/Library/Android/sdk
[        ] > Configure project :
[        ] Evaluating root project 'android' using build file '/Users/florian/Code/substitution/android/build.gradle'.
[        ] > Configure project :connectivity_plus
[        ] Evaluating project ':connectivity_plus' using build file '/Users/florian/.pub-cache/hosted/pub.dev/connectivity_plus-5.0.2/android/build.gradle'.
[        ] Using default execution profile
[        ] > Configure project :emoji_picker_flutter
[        ] Evaluating project ':emoji_picker_flutter' using build file '/Users/florian/.pub-cache/hosted/pub.dev/emoji_picker_flutter-4.4.0/android/build.gradle'.
[        ] Using default execution profile
[        ] Using Kotlin Gradle Plugin gradle85 variant
[ +100 ms] > Configure project :file_selector_android
[        ] Evaluating project ':file_selector_android' using build file '/Users/florian/.pub-cache/hosted/pub.dev/file_selector_android-0.5.2+4/android/build.gradle'.
[        ] Using default execution profile
[        ] > Configure project :flutter_keyboard_visibility_temp_fork
[        ] Evaluating project ':flutter_keyboard_visibility_temp_fork' using build file '/Users/florian/.pub-cache/hosted/pub.dev/flutter_keyboard_visibility_temp_fork-0.1.5/android/build.gradle'.
[        ] Using default execution profile
[        ] > Configure project :flutter_native_splash
[        ] Evaluating project ':flutter_native_splash' using build file '/Users/florian/.pub-cache/hosted/pub.dev/flutter_native_splash-2.4.7/android/build.gradle'.
[        ] Using default execution profile
[        ] > Configure project :flutter_olm
[        ] Evaluating project ':flutter_olm' using build file '/Users/florian/.pub-cache/hosted/pub.dev/flutter_olm-2.0.0/android/build.gradle'.
[        ] Using default execution profile
[        ] Using Kotlin Gradle Plugin gradle85 variant
[        ] C/C++: android.ndkVersion from module build.gradle is [27.0.12077973]
[        ] C/C++: android.ndkPath from module build.gradle is not set
[        ] C/C++: ndk.dir in local.properties is not set
[        ] C/C++: Not considering ANDROID_NDK_HOME because support was removed after deprecation period.
[        ] C/C++: sdkFolder is /Users/florian/Library/Android/sdk
[        ] C/C++: android.ndkVersion from module build.gradle is [27.0.12077973]
[        ] C/C++: android.ndkPath from module build.gradle is not set
[        ] C/C++: ndk.dir in local.properties is not set
[        ] C/C++: Not considering ANDROID_NDK_HOME because support was removed after deprecation period.
[        ] C/C++: sdkFolder is /Users/florian/Library/Android/sdk
[        ] C/C++: android.ndkVersion from module build.gradle is [27.0.12077973]
[        ] C/C++: android.ndkPath from module build.gradle is not set
[        ] C/C++: ndk.dir in local.properties is not set
[        ] C/C++: Not considering ANDROID_NDK_HOME because support was removed after deprecation period.
[        ] C/C++: sdkFolder is /Users/florian/Library/Android/sdk
[        ] C/C++: android.ndkVersion from module build.gradle is [27.0.12077973]
[        ] C/C++: android.ndkPath from module build.gradle is not set
[        ] C/C++: ndk.dir in local.properties is not set
[        ] C/C++: Not considering ANDROID_NDK_HOME because support was removed after deprecation period.
[        ] C/C++: sdkFolder is /Users/florian/Library/Android/sdk
[        ] C/C++: android.ndkVersion from module build.gradle is [27.0.12077973]
[        ] C/C++: android.ndkPath from module build.gradle is not set
[        ] C/C++: ndk.dir in local.properties is not set
[        ] C/C++: Not considering ANDROID_NDK_HOME because support was removed after deprecation period.
[        ] C/C++: sdkFolder is /Users/florian/Library/Android/sdk
[        ] C/C++: android.ndkVersion from module build.gradle is [27.0.12077973]
[        ] C/C++: android.ndkPath from module build.gradle is not set
[        ] C/C++: ndk.dir in local.properties is not set
[        ] C/C++: Not considering ANDROID_NDK_HOME because support was removed after deprecation period.
[        ] C/C++: sdkFolder is /Users/florian/Library/Android/sdk
[        ] C/C++: android.ndkVersion from module build.gradle is [27.0.12077973]
[        ] C/C++: android.ndkPath from module build.gradle is not set
[        ] C/C++: ndk.dir in local.properties is not set
[        ] C/C++: Not considering ANDROID_NDK_HOME because support was removed after deprecation period.
[        ] C/C++: sdkFolder is /Users/florian/Library/Android/sdk
[        ] C/C++: android.ndkVersion from module build.gradle is [27.0.12077973]
[        ] C/C++: android.ndkPath from module build.gradle is not set
[        ] C/C++: ndk.dir in local.properties is not set
[        ] C/C++: Not considering ANDROID_NDK_HOME because support was removed after deprecation period.
[        ] C/C++: sdkFolder is /Users/florian/Library/Android/sdk
[        ] C/C++: android.ndkVersion from module build.gradle is [27.0.12077973]
[        ] C/C++: android.ndkPath from module build.gradle is not set
[        ] C/C++: ndk.dir in local.properties is not set
[        ] C/C++: Not considering ANDROID_NDK_HOME because support was removed after deprecation period.
[        ] C/C++: sdkFolder is /Users/florian/Library/Android/sdk
[        ] C/C++: android.ndkVersion from module build.gradle is [27.0.12077973]
[        ] C/C++: android.ndkPath from module build.gradle is not set
[        ] C/C++: ndk.dir in local.properties is not set
[        ] C/C++: Not considering ANDROID_NDK_HOME because support was removed after deprecation period.
[        ] C/C++: sdkFolder is /Users/florian/Library/Android/sdk
[        ] C/C++: android.ndkVersion from module build.gradle is [27.0.12077973]
[        ] C/C++: android.ndkPath from module build.gradle is not set
[        ] C/C++: ndk.dir in local.properties is not set
[        ] C/C++: Not considering ANDROID_NDK_HOME because support was removed after deprecation period.
[        ] C/C++: sdkFolder is /Users/florian/Library/Android/sdk
[        ] C/C++: android.ndkVersion from module build.gradle is [27.0.12077973]
[        ] C/C++: android.ndkPath from module build.gradle is not set
[        ] C/C++: ndk.dir in local.properties is not set
[        ] C/C++: Not considering ANDROID_NDK_HOME because support was removed after deprecation period.
[        ] C/C++: sdkFolder is /Users/florian/Library/Android/sdk
[        ] C/C++: android.ndkVersion from module build.gradle is [27.0.12077973]
[        ] C/C++: android.ndkPath from module build.gradle is not set
[        ] C/C++: ndk.dir in local.properties is not set
[        ] C/C++: Not considering ANDROID_NDK_HOME because support was removed after deprecation period.
[        ] C/C++: sdkFolder is /Users/florian/Library/Android/sdk
[        ] C/C++: android.ndkVersion from module build.gradle is [27.0.12077973]
[        ] C/C++: android.ndkPath from module build.gradle is not set
[        ] C/C++: ndk.dir in local.properties is not set
[        ] C/C++: Not considering ANDROID_NDK_HOME because support was removed after deprecation period.
[        ] C/C++: sdkFolder is /Users/florian/Library/Android/sdk
[        ] C/C++: android.ndkVersion from module build.gradle is [27.0.12077973]
[        ] C/C++: android.ndkPath from module build.gradle is not set
[        ] C/C++: ndk.dir in local.properties is not set
[        ] C/C++: Not considering ANDROID_NDK_HOME because support was removed after deprecation period.
[        ] C/C++: sdkFolder is /Users/florian/Library/Android/sdk
[        ] C/C++: android.ndkVersion from module build.gradle is [27.0.12077973]
[        ] C/C++: android.ndkPath from module build.gradle is not set
[        ] C/C++: ndk.dir in local.properties is not set
[        ] C/C++: Not considering ANDROID_NDK_HOME because support was removed after deprecation period.
[        ] C/C++: sdkFolder is /Users/florian/Library/Android/sdk
[        ] C/C++: android.ndkVersion from module build.gradle is [27.0.12077973]
[        ] C/C++: android.ndkPath from module build.gradle is not set
[        ] C/C++: ndk.dir in local.properties is not set
[        ] C/C++: Not considering ANDROID_NDK_HOME because support was removed after deprecation period.
[        ] C/C++: sdkFolder is /Users/florian/Library/Android/sdk
[        ] C/C++: android.ndkVersion from module build.gradle is [27.0.12077973]
[        ] C/C++: android.ndkPath from module build.gradle is not set
[        ] C/C++: ndk.dir in local.properties is not set
[        ] C/C++: Not considering ANDROID_NDK_HOME because support was removed after deprecation period.
[        ] C/C++: sdkFolder is /Users/florian/Library/Android/sdk
[        ] C/C++: android.ndkVersion from module build.gradle is [27.0.12077973]
[        ] C/C++: android.ndkPath from module build.gradle is not set
[        ] C/C++: ndk.dir in local.properties is not set
[        ] C/C++: Not considering ANDROID_NDK_HOME because support was removed after deprecation period.
[        ] C/C++: sdkFolder is /Users/florian/Library/Android/sdk
[        ] > Configure project :flutter_openssl_crypto
[        ] Evaluating project ':flutter_openssl_crypto' using build file '/Users/florian/.pub-cache/hosted/pub.dev/flutter_openssl_crypto-0.5.0/android/build.gradle'.
[        ] Using default execution profile
[        ] Using Kotlin Gradle Plugin gradle85 variant
[        ] C/C++: android.ndkVersion from module build.gradle is [27.0.12077973]
[        ] C/C++: android.ndkPath from module build.gradle is not set
[        ] C/C++: ndk.dir in local.properties is not set
[        ] C/C++: Not considering ANDROID_NDK_HOME because support was removed after deprecation period.
[        ] C/C++: sdkFolder is /Users/florian/Library/Android/sdk
[        ] C/C++: android.ndkVersion from module build.gradle is [27.0.12077973]
[        ] C/C++: android.ndkPath from module build.gradle is not set
[        ] C/C++: ndk.dir in local.properties is not set
[        ] C/C++: Not considering ANDROID_NDK_HOME because support was removed after deprecation period.
[        ] C/C++: sdkFolder is /Users/florian/Library/Android/sdk
[        ] C/C++: android.ndkVersion from module build.gradle is [27.0.12077973]
[        ] C/C++: android.ndkPath from module build.gradle is not set
[        ] C/C++: ndk.dir in local.properties is not set
[        ] C/C++: Not considering ANDROID_NDK_HOME because support was removed after deprecation period.
[        ] C/C++: sdkFolder is /Users/florian/Library/Android/sdk
[        ] C/C++: android.ndkVersion from module build.gradle is [27.0.12077973]
[        ] C/C++: android.ndkPath from module build.gradle is not set
[        ] C/C++: ndk.dir in local.properties is not set
[        ] C/C++: Not considering ANDROID_NDK_HOME because support was removed after deprecation period.
[        ] C/C++: sdkFolder is /Users/florian/Library/Android/sdk
[        ] C/C++: android.ndkVersion from module build.gradle is [27.0.12077973]
[        ] C/C++: android.ndkPath from module build.gradle is not set
[        ] C/C++: ndk.dir in local.properties is not set
[        ] C/C++: Not considering ANDROID_NDK_HOME because support was removed after deprecation period.
[        ] C/C++: sdkFolder is /Users/florian/Library/Android/sdk
[        ] C/C++: android.ndkVersion from module build.gradle is [27.0.12077973]
[        ] C/C++: android.ndkPath from module build.gradle is not set
[        ] C/C++: ndk.dir in local.properties is not set
[        ] C/C++: Not considering ANDROID_NDK_HOME because support was removed after deprecation period.
[        ] C/C++: sdkFolder is /Users/florian/Library/Android/sdk
[        ] C/C++: android.ndkVersion from module build.gradle is [27.0.12077973]
[        ] C/C++: android.ndkPath from module build.gradle is not set
[        ] C/C++: ndk.dir in local.properties is not set
[        ] C/C++: Not considering ANDROID_NDK_HOME because support was removed after deprecation period.
[        ] C/C++: sdkFolder is /Users/florian/Library/Android/sdk
[        ] C/C++: android.ndkVersion from module build.gradle is [27.0.12077973]
[        ] C/C++: android.ndkPath from module build.gradle is not set
[        ] C/C++: ndk.dir in local.properties is not set
[        ] C/C++: Not considering ANDROID_NDK_HOME because support was removed after deprecation period.
[        ] C/C++: sdkFolder is /Users/florian/Library/Android/sdk
[        ] C/C++: android.ndkVersion from module build.gradle is [27.0.12077973]
[        ] C/C++: android.ndkPath from module build.gradle is not set
[        ] C/C++: ndk.dir in local.properties is not set
[        ] C/C++: Not considering ANDROID_NDK_HOME because support was removed after deprecation period.
[        ] C/C++: sdkFolder is /Users/florian/Library/Android/sdk
[        ] C/C++: android.ndkVersion from module build.gradle is [27.0.12077973]
[        ] C/C++: android.ndkPath from module build.gradle is not set
[        ] C/C++: ndk.dir in local.properties is not set
[        ] C/C++: Not considering ANDROID_NDK_HOME because support was removed after deprecation period.
[        ] C/C++: sdkFolder is /Users/florian/Library/Android/sdk
[        ] C/C++: android.ndkVersion from module build.gradle is [27.0.12077973]
[        ] C/C++: android.ndkPath from module build.gradle is not set
[        ] C/C++: ndk.dir in local.properties is not set
[        ] C/C++: Not considering ANDROID_NDK_HOME because support was removed after deprecation period.
[        ] C/C++: sdkFolder is /Users/florian/Library/Android/sdk
[        ] C/C++: android.ndkVersion from module build.gradle is [27.0.12077973]
[        ] C/C++: android.ndkPath from module build.gradle is not set
[        ] C/C++: ndk.dir in local.properties is not set
[        ] C/C++: Not considering ANDROID_NDK_HOME because support was removed after deprecation period.
[        ] C/C++: sdkFolder is /Users/florian/Library/Android/sdk
[        ] C/C++: android.ndkVersion from module build.gradle is [27.0.12077973]
[        ] C/C++: android.ndkPath from module build.gradle is not set
[        ] C/C++: ndk.dir in local.properties is not set
[        ] C/C++: Not considering ANDROID_NDK_HOME because support was removed after deprecation period.
[        ] C/C++: sdkFolder is /Users/florian/Library/Android/sdk
[        ] C/C++: android.ndkVersion from module build.gradle is [27.0.12077973]
[        ] C/C++: android.ndkPath from module build.gradle is not set
[        ] C/C++: ndk.dir in local.properties is not set
[        ] C/C++: Not considering ANDROID_NDK_HOME because support was removed after deprecation period.
[        ] C/C++: sdkFolder is /Users/florian/Library/Android/sdk
[        ] C/C++: android.ndkVersion from module build.gradle is [27.0.12077973]
[        ] C/C++: android.ndkPath from module build.gradle is not set
[        ] C/C++: ndk.dir in local.properties is not set
[        ] C/C++: Not considering ANDROID_NDK_HOME because support was removed after deprecation period.
[        ] C/C++: sdkFolder is /Users/florian/Library/Android/sdk
[        ] C/C++: android.ndkVersion from module build.gradle is [27.0.12077973]
[        ] C/C++: android.ndkPath from module build.gradle is not set
[        ] C/C++: ndk.dir in local.properties is not set
[        ] C/C++: Not considering ANDROID_NDK_HOME because support was removed after deprecation period.
[        ] C/C++: sdkFolder is /Users/florian/Library/Android/sdk
[        ] C/C++: android.ndkVersion from module build.gradle is [27.0.12077973]
[        ] C/C++: android.ndkPath from module build.gradle is not set
[        ] C/C++: ndk.dir in local.properties is not set
[        ] C/C++: Not considering ANDROID_NDK_HOME because support was removed after deprecation period.
[        ] C/C++: sdkFolder is /Users/florian/Library/Android/sdk
[        ] C/C++: android.ndkVersion from module build.gradle is [27.0.12077973]
[        ] C/C++: android.ndkPath from module build.gradle is not set
[        ] C/C++: ndk.dir in local.properties is not set
[        ] C/C++: Not considering ANDROID_NDK_HOME because support was removed after deprecation period.
[        ] C/C++: sdkFolder is /Users/florian/Library/Android/sdk
[        ] C/C++: android.ndkVersion from module build.gradle is [27.0.12077973]
[        ] C/C++: android.ndkPath from module build.gradle is not set
[        ] C/C++: ndk.dir in local.properties is not set
[        ] C/C++: Not considering ANDROID_NDK_HOME because support was removed after deprecation period.
[        ] C/C++: sdkFolder is /Users/florian/Library/Android/sdk
[  +91 ms] > Configure project :integration_test
[        ] Evaluating project ':integration_test' using build file '/opt/homebrew/share/flutter/packages/integration_test/android/build.gradle.kts'.
[        ] Resolved plugin [id: 'com.android.library']
[        ] Using default execution profile
[        ] > Configure project :path_provider_android
[        ] Evaluating project ':path_provider_android' using build file '/Users/florian/.pub-cache/hosted/pub.dev/path_provider_android-2.2.22/android/build.gradle'.
[        ] Using default execution profile
[        ] > Configure project :quill_native_bridge_android
[        ] Evaluating project ':quill_native_bridge_android' using build file '/Users/florian/.pub-cache/hosted/pub.dev/quill_native_bridge_android-0.0.1+2/android/build.gradle'.
[        ] Using default execution profile
[        ] Using Kotlin Gradle Plugin gradle85 variant
[        ] > Configure project :shared_preferences_android
[        ] Evaluating project ':shared_preferences_android' using build file '/Users/florian/.pub-cache/hosted/pub.dev/shared_preferences_android-2.4.20/android/build.gradle'.
[        ] Using default execution profile
[        ] Using Kotlin Gradle Plugin gradle85 variant
[        ] > Configure project :sqflite_android
[        ] Evaluating project ':sqflite_android' using build file '/Users/florian/.pub-cache/hosted/pub.dev/sqflite_android-2.4.2+2/android/build.gradle'.
[        ] Using default execution profile
[        ] > Configure project :url_launcher_android
[        ] Evaluating project ':url_launcher_android' using build file '/Users/florian/.pub-cache/hosted/pub.dev/url_launcher_android-6.3.28/android/build.gradle'.
[        ] Using default execution profile
[ +103 ms] > Configure project :video_player_android
[        ] Evaluating project ':video_player_android' using build file '/Users/florian/.pub-cache/hosted/pub.dev/video_player_android-2.9.1/android/build.gradle'.
[        ] Using default execution profile
[        ] Using Kotlin Gradle Plugin gradle85 variant
[        ] All projects evaluated.
[        ] Task name matched 'assembleDebug'
[        ] Selected primary task 'assembleDebug' from project :
[        ] Adding -Xuse-inline-scopes-numbers Kotlin compiler flag for task :app:compileDebugKotlin
[   +2 ms] Tasks to be executed: [task ':app:preBuild', task ':app:preDebugBuild', task ':app:mergeDebugNativeDebugMetadata', task ':app:checkKotlinGradlePluginConfigurationErrors', task ':app:compileFlutterBuildDebug', task ':app:packJniLibsflutterBuildDebug', task ':connectivity_plus:preBuild', task ':connectivity_plus:preDebugBuild', task ':connectivity_plus:writeDebugAarMetadata', task ':emoji_picker_flutter:preBuild', task ':emoji_picker_flutter:preDebugBuild', task ':emoji_picker_flutter:writeDebugAarMetadata', task ':file_selector_android:preBuild', task ':file_selector_android:preDebugBuild', task ':file_selector_android:writeDebugAarMetadata', task ':flutter_keyboard_visibility_temp_fork:preBuild', task ':flutter_keyboard_visibility_temp_fork:preDebugBuild', task ':flutter_keyboard_visibility_temp_fork:writeDebugAarMetadata', task ':flutter_native_splash:preBuild', task ':flutter_native_splash:preDebugBuild', task ':flutter_native_splash:writeDebugAarMetadata', task ':flutter_olm:preBuild', task ':flutter_olm:preDebugBuild', task ':flutter_olm:writeDebugAarMetadata', task ':flutter_openssl_crypto:preBuild', task ':flutter_openssl_crypto:preDebugBuild', task ':flutter_openssl_crypto:writeDebugAarMetadata', task ':integration_test:preBuild', task ':integration_test:preDebugBuild', task ':integration_test:writeDebugAarMetadata', task ':path_provider_android:preBuild', task ':path_provider_android:preDebugBuild', task ':path_provider_android:writeDebugAarMetadata', task ':quill_native_bridge_android:preBuild', task ':quill_native_bridge_android:preDebugBuild', task ':quill_native_bridge_android:writeDebugAarMetadata', task ':shared_preferences_android:preBuild', task ':shared_preferences_android:preDebugBuild', task ':shared_preferences_android:writeDebugAarMetadata', task ':sqflite_android:preBuild', task ':sqflite_android:preDebugBuild', task ':sqflite_android:writeDebugAarMetadata', task ':url_launcher_android:preBuild', task ':url_launcher_android:preDebugBuild', task ':url_launcher_android:writeDebugAarMetadata', task ':video_player_android:preBuild', task ':video_player_android:preDebugBuild', task ':video_player_android:writeDebugAarMetadata', task ':app:checkDebugAarMetadata', task ':app:cleanMergeDebugAssets', task ':app:mergeDebugShaders', task ':app:compileDebugShaders', task ':app:generateDebugAssets', task ':connectivity_plus:mergeDebugShaders', task ':connectivity_plus:compileDebugShaders', task ':connectivity_plus:generateDebugAssets', task ':connectivity_plus:mergeDebugAssets', task ':emoji_picker_flutter:mergeDebugShaders', task ':emoji_picker_flutter:compileDebugShaders', task ':emoji_picker_flutter:generateDebugAssets', task ':emoji_picker_flutter:mergeDebugAssets', task ':file_selector_android:mergeDebugShaders', task ':file_selector_android:compileDebugShaders', task ':file_selector_android:generateDebugAssets', task ':file_selector_android:mergeDebugAssets', task ':flutter_keyboard_visibility_temp_fork:mergeDebugShaders', task ':flutter_keyboard_visibility_temp_fork:compileDebugShaders', task ':flutter_keyboard_visibility_temp_fork:generateDebugAssets', task ':flutter_keyboard_visibility_temp_fork:mergeDebugAssets', task ':flutter_native_splash:mergeDebugShaders', task ':flutter_native_splash:compileDebugShaders', task ':flutter_native_splash:generateDebugAssets', task ':flutter_native_splash:mergeDebugAssets', task ':flutter_olm:mergeDebugShaders', task ':flutter_olm:compileDebugShaders', task ':flutter_olm:generateDebugAssets', task ':flutter_olm:mergeDebugAssets', task ':flutter_openssl_crypto:mergeDebugShaders', task ':flutter_openssl_crypto:compileDebugShaders', task ':flutter_openssl_crypto:generateDebugAssets', task ':flutter_openssl_crypto:mergeDebugAssets', task ':integration_test:mergeDebugShaders', task ':integration_test:compileDebugShaders', task ':integration_test:generateDebugAssets', task ':integration_test:mergeDebugAssets', task ':path_provider_android:mergeDebugShaders', task ':path_provider_android:compileDebugShaders', task ':path_provider_android:generateDebugAssets', task ':path_provider_android:mergeDebugAssets', task ':quill_native_bridge_android:mergeDebugShaders', task ':quill_native_bridge_android:compileDebugShaders', task ':quill_native_bridge_android:generateDebugAssets', task ':quill_native_bridge_android:mergeDebugAssets', task ':shared_preferences_android:mergeDebugShaders', task ':shared_preferences_android:compileDebugShaders', task ':shared_preferences_android:generateDebugAssets', task ':shared_preferences_android:mergeDebugAssets', task ':sqflite_android:mergeDebugShaders', task ':sqflite_android:compileDebugShaders', task ':sqflite_android:generateDebugAssets', task ':sqflite_android:mergeDebugAssets', task ':url_launcher_android:mergeDebugShaders', task ':url_launcher_android:compileDebugShaders', task ':url_launcher_android:generateDebugAssets', task ':url_launcher_android:mergeDebugAssets', task ':video_player_android:mergeDebugShaders', task ':video_player_android:compileDebugShaders', task ':video_player_android:generateDebugAssets', task ':video_player_android:mergeDebugAssets', task ':app:mergeDebugAssets', task ':app:copyFlutterAssetsDebug', task ':app:generateDebugResValues', task ':connectivity_plus:generateDebugResValues', task ':connectivity_plus:generateDebugResources', task ':connectivity_plus:packageDebugResources', task ':emoji_picker_flutter:generateDebugResValues', task ':emoji_picker_flutter:generateDebugResources', task ':emoji_picker_flutter:packageDebugResources', task ':file_selector_android:generateDebugResValues', task ':file_selector_android:generateDebugResources', task ':file_selector_android:packageDebugResources', task ':flutter_keyboard_visibility_temp_fork:generateDebugResValues', task ':flutter_keyboard_visibility_temp_fork:generateDebugResources', task ':flutter_keyboard_visibility_temp_fork:packageDebugResources', task ':flutter_native_splash:generateDebugResValues', task ':flutter_native_splash:generateDebugResources', task ':flutter_native_splash:packageDebugResources', task ':flutter_olm:generateDebugResValues', task ':flutter_olm:generateDebugResources', task ':flutter_olm:packageDebugResources', task ':flutter_openssl_crypto:generateDebugResValues', task ':flutter_openssl_crypto:generateDebugResources', task ':flutter_openssl_crypto:packageDebugResources', task ':integration_test:generateDebugResValues', task ':integration_test:generateDebugResources', task ':integration_test:packageDebugResources', task ':path_provider_android:generateDebugResValues', task ':path_provider_android:generateDebugResources', task ':path_provider_android:packageDebugResources', task ':quill_native_bridge_android:generateDebugResValues', task ':quill_native_bridge_android:generateDebugResources', task ':quill_native_bridge_android:packageDebugResources', task ':shared_preferences_android:generateDebugResValues', task ':shared_preferences_android:generateDebugResources', task ':shared_preferences_android:packageDebugResources', task ':sqflite_android:generateDebugResValues', task ':sqflite_android:generateDebugResources', task ':sqflite_android:packageDebugResources', task ':url_launcher_android:generateDebugResValues', task ':url_launcher_android:generateDebugResources', task ':url_launcher_android:packageDebugResources', task ':video_player_android:generateDebugResValues', task ':video_player_android:generateDebugResources', task ':video_player_android:packageDebugResources', task ':app:mapDebugSourceSetPaths', task ':app:generateDebugResources', task ':app:mergeDebugResources', task ':app:packageDebugResources', task ':app:parseDebugLocalResources', task ':app:createDebugCompatibleScreenManifests', task ':app:extractDeepLinksDebug', task ':connectivity_plus:extractDeepLinksDebug', task ':connectivity_plus:processDebugManifest', task ':emoji_picker_flutter:extractDeepLinksDebug', task ':emoji_picker_flutter:processDebugManifest', task ':file_selector_android:extractDeepLinksDebug', task ':file_selector_android:processDebugManifest', task ':flutter_keyboard_visibility_temp_fork:extractDeepLinksDebug', task ':flutter_keyboard_visibility_temp_fork:processDebugManifest', task ':flutter_native_splash:extractDeepLinksDebug', task ':flutter_native_splash:processDebugManifest', task ':flutter_olm:extractDeepLinksDebug', task ':flutter_olm:processDebugManifest', task ':flutter_openssl_crypto:extractDeepLinksDebug', task ':flutter_openssl_crypto:processDebugManifest', task ':integration_test:extractDeepLinksDebug', task ':integration_test:processDebugManifest', task ':path_provider_android:extractDeepLinksDebug', task ':path_provider_android:processDebugManifest', task ':quill_native_bridge_android:extractDeepLinksDebug', task ':quill_native_bridge_android:processDebugManifest', task ':shared_preferences_android:extractDeepLinksDebug', task ':shared_preferences_android:processDebugManifest', task ':sqflite_android:extractDeepLinksDebug', task ':sqflite_android:processDebugManifest', task ':url_launcher_android:extractDeepLinksDebug', task ':url_launcher_android:processDebugManifest', task ':video_player_android:extractDeepLinksDebug', task ':video_player_android:processDebugManifest', task ':app:processDebugMainManifest', task ':app:outputDebugAppLinkSettings', task ':app:processDebugManifest', task ':app:processDebugManifestForPackage', task ':connectivity_plus:compileDebugLibraryResources', task ':connectivity_plus:parseDebugLocalResources', task ':connectivity_plus:generateDebugRFile', task ':emoji_picker_flutter:compileDebugLibraryResources', task ':emoji_picker_flutter:parseDebugLocalResources', task ':emoji_picker_flutter:generateDebugRFile', task ':file_selector_android:compileDebugLibraryResources', task ':file_selector_android:parseDebugLocalResources', task ':file_selector_android:generateDebugRFile', task ':flutter_keyboard_visibility_temp_fork:compileDebugLibraryResources', task ':flutter_keyboard_visibility_temp_fork:parseDebugLocalResources', task ':flutter_keyboard_visibility_temp_fork:generateDebugRFile', task ':flutter_native_splash:compileDebugLibraryResources', task ':flutter_native_splash:parseDebugLocalResources', task ':flutter_native_splash:generateDebugRFile', task ':flutter_olm:compileDebugLibraryResources', task ':flutter_olm:parseDebugLocalResources', task ':flutter_olm:generateDebugRFile', task ':flutter_openssl_crypto:compileDebugLibraryResources', task ':flutter_openssl_crypto:parseDebugLocalResources', task ':flutter_openssl_crypto:generateDebugRFile', task ':integration_test:compileDebugLibraryResources', task ':integration_test:parseDebugLocalResources', task ':integration_test:generateDebugRFile', task ':path_provider_android:compileDebugLibraryResources', task ':path_provider_android:parseDebugLocalResources', task ':path_provider_android:generateDebugRFile', task ':quill_native_bridge_android:compileDebugLibraryResources', task ':quill_native_bridge_android:parseDebugLocalResources', task ':quill_native_bridge_android:generateDebugRFile', task ':shared_preferences_android:compileDebugLibraryResources', task ':shared_preferences_android:parseDebugLocalResources', task ':shared_preferences_android:generateDebugRFile', task ':sqflite_android:compileDebugLibraryResources', task ':sqflite_android:parseDebugLocalResources', task ':sqflite_android:generateDebugRFile', task ':url_launcher_android:compileDebugLibraryResources', task ':url_launcher_android:parseDebugLocalResources', task ':url_launcher_android:generateDebugRFile', task ':video_player_android:compileDebugLibraryResources', task ':video_player_android:parseDebugLocalResources', task ':video_player_android:generateDebugRFile', task ':app:processDebugResources', task ':connectivity_plus:javaPreCompileDebug', task ':connectivity_plus:compileDebugJavaWithJavac', task ':connectivity_plus:bundleLibCompileToJarDebug', task ':emoji_picker_flutter:checkKotlinGradlePluginConfigurationErrors', task ':emoji_picker_flutter:compileDebugKotlin', task ':emoji_picker_flutter:javaPreCompileDebug', task ':emoji_picker_flutter:compileDebugJavaWithJavac', task ':emoji_picker_flutter:bundleLibCompileToJarDebug', task ':file_selector_android:javaPreCompileDebug', task ':file_selector_android:compileDebugJavaWithJavac', task ':file_selector_android:bundleLibCompileToJarDebug', task ':flutter_keyboard_visibility_temp_fork:javaPreCompileDebug', task ':flutter_keyboard_visibility_temp_fork:compileDebugJavaWithJavac', task ':flutter_keyboard_visibility_temp_fork:bundleLibCompileToJarDebug', task ':flutter_native_splash:javaPreCompileDebug', task ':flutter_native_splash:compileDebugJavaWithJavac', task ':flutter_native_splash:bundleLibCompileToJarDebug', task ':flutter_olm:checkKotlinGradlePluginConfigurationErrors', task ':flutter_olm:compileDebugKotlin', task ':flutter_olm:javaPreCompileDebug', task ':flutter_olm:compileDebugJavaWithJavac', task ':flutter_olm:bundleLibCompileToJarDebug', task ':flutter_openssl_crypto:checkKotlinGradlePluginConfigurationErrors', task ':flutter_openssl_crypto:compileDebugKotlin', task ':flutter_openssl_crypto:javaPreCompileDebug', task ':flutter_openssl_crypto:compileDebugJavaWithJavac', task ':flutter_openssl_crypto:bundleLibCompileToJarDebug', task ':integration_test:javaPreCompileDebug', task ':integration_test:compileDebugJavaWithJavac', task ':integration_test:bundleLibCompileToJarDebug', task ':path_provider_android:javaPreCompileDebug', task ':path_provider_android:compileDebugJavaWithJavac', task ':path_provider_android:bundleLibCompileToJarDebug', task ':quill_native_bridge_android:checkKotlinGradlePluginConfigurationErrors', task ':quill_native_bridge_android:compileDebugKotlin', task ':quill_native_bridge_android:javaPreCompileDebug', task ':quill_native_bridge_android:compileDebugJavaWithJavac', task ':quill_native_bridge_android:bundleLibCompileToJarDebug', task ':shared_preferences_android:checkKotlinGradlePluginConfigurationErrors', task ':shared_preferences_android:compileDebugKotlin', task ':shared_preferences_android:javaPreCompileDebug', task ':shared_preferences_android:compileDebugJavaWithJavac', task ':shared_preferences_android:bundleLibCompileToJarDebug', task ':sqflite_android:javaPreCompileDebug', task ':sqflite_android:compileDebugJavaWithJavac', task ':sqflite_android:bundleLibCompileToJarDebug', task ':url_launcher_android:generateDebugBuildConfig', task ':url_launcher_android:javaPreCompileDebug', task ':url_launcher_android:compileDebugJavaWithJavac', task ':url_launcher_android:bundleLibCompileToJarDebug', task ':video_player_android:checkKotlinGradlePluginConfigurationErrors', task ':video_player_android:compileDebugKotlin', task ':video_player_android:javaPreCompileDebug', task ':video_player_android:compileDebugJavaWithJavac', task ':video_player_android:bundleLibCompileToJarDebug', task ':app:compileDebugKotlin', task ':app:javaPreCompileDebug', task ':app:compileDebugJavaWithJavac', task ':app:compressDebugAssets', task ':app:processDebugJavaRes', task ':connectivity_plus:processDebugJavaRes', task ':emoji_picker_flutter:processDebugJavaRes', task ':file_selector_android:processDebugJavaRes', task ':flutter_keyboard_visibility_temp_fork:processDebugJavaRes', task ':flutter_native_splash:processDebugJavaRes', task ':flutter_olm:processDebugJavaRes', task ':flutter_openssl_crypto:processDebugJavaRes', task ':integration_test:processDebugJavaRes', task ':path_provider_android:processDebugJavaRes', task ':quill_native_bridge_android:processDebugJavaRes', task ':shared_preferences_android:processDebugJavaRes', task ':sqflite_android:processDebugJavaRes', task ':url_launcher_android:processDebugJavaRes', task ':video_player_android:processDebugJavaRes', task ':app:mergeDebugJavaResource', task ':app:checkDebugDuplicateClasses', task ':app:desugarDebugFileDependencies', task ':app:mergeExtDexDebug', task ':connectivity_plus:bundleLibRuntimeToDirDebug', task ':emoji_picker_flutter:bundleLibRuntimeToDirDebug', task ':file_selector_android:bundleLibRuntimeToDirDebug', task ':flutter_keyboard_visibility_temp_fork:bundleLibRuntimeToDirDebug', task ':flutter_native_splash:bundleLibRuntimeToDirDebug', task ':flutter_olm:bundleLibRuntimeToDirDebug', task ':flutter_openssl_crypto:bundleLibRuntimeToDirDebug', task ':integration_test:bundleLibRuntimeToDirDebug', task ':path_provider_android:bundleLibRuntimeToDirDebug', task ':quill_native_bridge_android:bundleLibRuntimeToDirDebug', task ':shared_preferences_android:bundleLibRuntimeToDirDebug', task ':sqflite_android:bundleLibRuntimeToDirDebug', task ':url_launcher_android:bundleLibRuntimeToDirDebug', task ':video_player_android:bundleLibRuntimeToDirDebug', task ':app:mergeLibDexDebug', task ':app:dexBuilderDebug', task ':app:mergeProjectDexDebug', task ':app:configureCMakeDebug[arm64-v8a]', task ':app:buildCMakeDebug[arm64-v8a]', task ':app:configureCMakeDebug[armeabi-v7a]', task ':app:buildCMakeDebug[armeabi-v7a]', task ':app:configureCMakeDebug[x86_64]', task ':app:buildCMakeDebug[x86_64]', task ':app:mergeDebugJniLibFolders', task ':connectivity_plus:mergeDebugJniLibFolders', task ':connectivity_plus:mergeDebugNativeLibs', task ':connectivity_plus:copyDebugJniLibsProjectOnly', task ':emoji_picker_flutter:mergeDebugJniLibFolders', task ':emoji_picker_flutter:mergeDebugNativeLibs', task ':emoji_picker_flutter:copyDebugJniLibsProjectOnly', task ':file_selector_android:mergeDebugJniLibFolders', task ':file_selector_android:mergeDebugNativeLibs', task ':file_selector_android:copyDebugJniLibsProjectOnly', task ':flutter_keyboard_visibility_temp_fork:mergeDebugJniLibFolders', task ':flutter_keyboard_visibility_temp_fork:mergeDebugNativeLibs', task ':flutter_keyboard_visibility_temp_fork:copyDebugJniLibsProjectOnly', task ':flutter_native_splash:mergeDebugJniLibFolders', task ':flutter_native_splash:mergeDebugNativeLibs', task ':flutter_native_splash:copyDebugJniLibsProjectOnly', task ':flutter_olm:preProfileBuild', task ':flutter_olm:configureCMakeDebug[arm64-v8a]', task ':flutter_olm:buildCMakeDebug[arm64-v8a]', task ':flutter_olm:configureCMakeDebug[armeabi-v7a]', task ':flutter_olm:buildCMakeDebug[armeabi-v7a]', task ':flutter_olm:configureCMakeDebug[x86]', task ':flutter_olm:buildCMakeDebug[x86]', task ':flutter_olm:configureCMakeDebug[x86_64]', task ':flutter_olm:buildCMakeDebug[x86_64]', task ':flutter_olm:mergeDebugJniLibFolders', task ':flutter_olm:mergeDebugNativeLibs', task ':flutter_olm:copyDebugJniLibsProjectOnly', task ':flutter_openssl_crypto:preProfileBuild', task ':flutter_openssl_crypto:configureCMakeDebug[arm64-v8a]', task ':flutter_openssl_crypto:buildCMakeDebug[arm64-v8a]', task ':flutter_openssl_crypto:configureCMakeDebug[armeabi-v7a]', task ':flutter_openssl_crypto:buildCMakeDebug[armeabi-v7a]', task ':flutter_openssl_crypto:configureCMakeDebug[x86]', task ':flutter_openssl_crypto:buildCMakeDebug[x86]', task ':flutter_openssl_crypto:configureCMakeDebug[x86_64]', task ':flutter_openssl_crypto:buildCMakeDebug[x86_64]', task ':flutter_openssl_crypto:mergeDebugJniLibFolders', task ':flutter_openssl_crypto:mergeDebugNativeLibs', task ':flutter_openssl_crypto:copyDebugJniLibsProjectOnly', task ':integration_test:mergeDebugJniLibFolders', task ':integration_test:mergeDebugNativeLibs', task ':integration_test:copyDebugJniLibsProjectOnly', task ':path_provider_android:mergeDebugJniLibFolders', task ':path_provider_android:mergeDebugNativeLibs', task ':path_provider_android:copyDebugJniLibsProjectOnly', task ':quill_native_bridge_android:mergeDebugJniLibFolders', task ':quill_native_bridge_android:mergeDebugNativeLibs', task ':quill_native_bridge_android:copyDebugJniLibsProjectOnly', task ':shared_preferences_android:mergeDebugJniLibFolders', task ':shared_preferences_android:mergeDebugNativeLibs', task ':shared_preferences_android:copyDebugJniLibsProjectOnly', task ':sqflite_android:mergeDebugJniLibFolders', task ':sqflite_android:mergeDebugNativeLibs', task ':sqflite_android:copyDebugJniLibsProjectOnly', task ':url_launcher_android:mergeDebugJniLibFolders', task ':url_launcher_android:mergeDebugNativeLibs', task ':url_launcher_android:copyDebugJniLibsProjectOnly', task ':video_player_android:mergeDebugJniLibFolders', task ':video_player_android:mergeDebugNativeLibs', task ':video_player_android:copyDebugJniLibsProjectOnly', task ':app:mergeDebugNativeLibs', task ':app:stripDebugDebugSymbols', task ':app:validateSigningDebug', task ':app:writeDebugAppMetadata', task ':app:writeDebugSigningConfigVersions', task ':app:packageDebug', task ':app:createDebugApkListingFileRedirect', task ':app:assembleDebug', task ':connectivity_plus:stripDebugDebugSymbols', task ':connectivity_plus:copyDebugJniLibsProjectAndLocalJars', task ':connectivity_plus:extractDebugAnnotations', task ':connectivity_plus:extractDeepLinksForAarDebug', task ':connectivity_plus:mergeDebugGeneratedProguardFiles', task ':connectivity_plus:mergeDebugConsumerProguardFiles', task ':connectivity_plus:prepareDebugArtProfile', task ':connectivity_plus:prepareLintJarForPublish', task ':connectivity_plus:mergeDebugJavaResource', task ':connectivity_plus:syncDebugLibJars', task ':connectivity_plus:bundleDebugAar', task ':connectivity_plus:assembleDebug', task ':emoji_picker_flutter:stripDebugDebugSymbols', task ':emoji_picker_flutter:copyDebugJniLibsProjectAndLocalJars', task ':emoji_picker_flutter:extractDebugAnnotations', task ':emoji_picker_flutter:extractDeepLinksForAarDebug', task ':emoji_picker_flutter:mergeDebugGeneratedProguardFiles', task ':emoji_picker_flutter:mergeDebugConsumerProguardFiles', task ':emoji_picker_flutter:prepareDebugArtProfile', task ':emoji_picker_flutter:prepareLintJarForPublish', task ':emoji_picker_flutter:mergeDebugJavaResource', task ':emoji_picker_flutter:syncDebugLibJars', task ':emoji_picker_flutter:bundleDebugAar', task ':emoji_picker_flutter:assembleDebug', task ':file_selector_android:stripDebugDebugSymbols', task ':file_selector_android:copyDebugJniLibsProjectAndLocalJars', task ':file_selector_android:extractDebugAnnotations', task ':file_selector_android:extractDeepLinksForAarDebug', task ':file_selector_android:mergeDebugGeneratedProguardFiles', task ':file_selector_android:mergeDebugConsumerProguardFiles', task ':file_selector_android:prepareDebugArtProfile', task ':file_selector_android:prepareLintJarForPublish', task ':file_selector_android:mergeDebugJavaResource', task ':file_selector_android:syncDebugLibJars', task ':file_selector_android:bundleDebugAar', task ':file_selector_android:assembleDebug', task ':flutter_keyboard_visibility_temp_fork:stripDebugDebugSymbols', task ':flutter_keyboard_visibility_temp_fork:copyDebugJniLibsProjectAndLocalJars', task ':flutter_keyboard_visibility_temp_fork:extractDebugAnnotations', task ':flutter_keyboard_visibility_temp_fork:extractDeepLinksForAarDebug', task ':flutter_keyboard_visibility_temp_fork:mergeDebugGeneratedProguardFiles', task ':flutter_keyboard_visibility_temp_fork:mergeDebugConsumerProguardFiles', task ':flutter_keyboard_visibility_temp_fork:prepareDebugArtProfile', task ':flutter_keyboard_visibility_temp_fork:prepareLintJarForPublish', task ':flutter_keyboard_visibility_temp_fork:mergeDebugJavaResource', task ':flutter_keyboard_visibility_temp_fork:syncDebugLibJars', task ':flutter_keyboard_visibility_temp_fork:bundleDebugAar', task ':flutter_keyboard_visibility_temp_fork:assembleDebug', task ':flutter_native_splash:stripDebugDebugSymbols', task ':flutter_native_splash:copyDebugJniLibsProjectAndLocalJars', task ':flutter_native_splash:extractDebugAnnotations', task ':flutter_native_splash:extractDeepLinksForAarDebug', task ':flutter_native_splash:mergeDebugGeneratedProguardFiles', task ':flutter_native_splash:mergeDebugConsumerProguardFiles', task ':flutter_native_splash:prepareDebugArtProfile', task ':flutter_native_splash:prepareLintJarForPublish', task ':flutter_native_splash:mergeDebugJavaResource', task ':flutter_native_splash:syncDebugLibJars', task ':flutter_native_splash:bundleDebugAar', task ':flutter_native_splash:assembleDebug', task ':flutter_olm:stripDebugDebugSymbols', task ':flutter_olm:copyDebugJniLibsProjectAndLocalJars', task ':flutter_olm:extractDebugAnnotations', task ':flutter_olm:extractDeepLinksForAarDebug', task ':flutter_olm:mergeDebugGeneratedProguardFiles', task ':flutter_olm:mergeDebugConsumerProguardFiles', task ':flutter_olm:prepareDebugArtProfile', task ':flutter_olm:prepareLintJarForPublish', task ':flutter_olm:mergeDebugJavaResource', task ':flutter_olm:syncDebugLibJars', task ':flutter_olm:bundleDebugAar', task ':flutter_olm:assembleDebug', task ':flutter_openssl_crypto:stripDebugDebugSymbols', task ':flutter_openssl_crypto:copyDebugJniLibsProjectAndLocalJars', task ':flutter_openssl_crypto:extractDebugAnnotations', task ':flutter_openssl_crypto:extractDeepLinksForAarDebug', task ':flutter_openssl_crypto:mergeDebugGeneratedProguardFiles', task ':flutter_openssl_crypto:mergeDebugConsumerProguardFiles', task ':flutter_openssl_crypto:prepareDebugArtProfile', task ':flutter_openssl_crypto:prepareLintJarForPublish', task ':flutter_openssl_crypto:mergeDebugJavaResource', task ':flutter_openssl_crypto:syncDebugLibJars', task ':flutter_openssl_crypto:bundleDebugAar', task ':flutter_openssl_crypto:assembleDebug', task ':integration_test:stripDebugDebugSymbols', task ':integration_test:copyDebugJniLibsProjectAndLocalJars', task ':integration_test:extractDebugAnnotations', task ':integration_test:extractDeepLinksForAarDebug', task ':integration_test:mergeDebugGeneratedProguardFiles', task ':integration_test:mergeDebugConsumerProguardFiles', task ':integration_test:prepareDebugArtProfile', task ':integration_test:prepareLintJarForPublish', task ':integration_test:mergeDebugJavaResource', task ':integration_test:syncDebugLibJars', task ':integration_test:bundleDebugAar', task ':integration_test:assembleDebug', task ':path_provider_android:stripDebugDebugSymbols', task ':path_provider_android:copyDebugJniLibsProjectAndLocalJars', task ':path_provider_android:extractDebugAnnotations', task ':path_provider_android:extractDeepLinksForAarDebug', task ':path_provider_android:mergeDebugGeneratedProguardFiles', task ':path_provider_android:mergeDebugConsumerProguardFiles', task ':path_provider_android:prepareDebugArtProfile', task ':path_provider_android:prepareLintJarForPublish', task ':path_provider_android:mergeDebugJavaResource', task ':path_provider_android:syncDebugLibJars', task ':path_provider_android:bundleDebugAar', task ':path_provider_android:assembleDebug', task ':quill_native_bridge_android:stripDebugDebugSymbols', task ':quill_native_bridge_android:copyDebugJniLibsProjectAndLocalJars', task ':quill_native_bridge_android:extractDebugAnnotations', task ':quill_native_bridge_android:extractDeepLinksForAarDebug', task ':quill_native_bridge_android:mergeDebugGeneratedProguardFiles', task ':quill_native_bridge_android:mergeDebugConsumerProguardFiles', task ':quill_native_bridge_android:prepareDebugArtProfile', task ':quill_native_bridge_android:prepareLintJarForPublish', task ':quill_native_bridge_android:mergeDebugJavaResource', task ':quill_native_bridge_android:syncDebugLibJars', task ':quill_native_bridge_android:bundleDebugAar', task ':quill_native_bridge_android:assembleDebug', task ':shared_preferences_android:stripDebugDebugSymbols', task ':shared_preferences_android:copyDebugJniLibsProjectAndLocalJars', task ':shared_preferences_android:extractDebugAnnotations', task ':shared_preferences_android:extractDeepLinksForAarDebug', task ':shared_preferences_android:mergeDebugGeneratedProguardFiles', task ':shared_preferences_android:mergeDebugConsumerProguardFiles', task ':shared_preferences_android:prepareDebugArtProfile', task ':shared_preferences_android:prepareLintJarForPublish', task ':shared_preferences_android:mergeDebugJavaResource', task ':shared_preferences_android:syncDebugLibJars', task ':shared_preferences_android:bundleDebugAar', task ':shared_preferences_android:assembleDebug', task ':sqflite_android:stripDebugDebugSymbols', task ':sqflite_android:copyDebugJniLibsProjectAndLocalJars', task ':sqflite_android:extractDebugAnnotations', task ':sqflite_android:extractDeepLinksForAarDebug', task ':sqflite_android:mergeDebugGeneratedProguardFiles', task ':sqflite_android:mergeDebugConsumerProguardFiles', task ':sqflite_android:prepareDebugArtProfile', task ':sqflite_android:prepareLintJarForPublish', task ':sqflite_android:mergeDebugJavaResource', task ':sqflite_android:syncDebugLibJars', task ':sqflite_android:bundleDebugAar', task ':sqflite_android:assembleDebug', task ':url_launcher_android:stripDebugDebugSymbols', task ':url_launcher_android:copyDebugJniLibsProjectAndLocalJars', task ':url_launcher_android:extractDebugAnnotations', task ':url_launcher_android:extractDeepLinksForAarDebug', task ':url_launcher_android:mergeDebugGeneratedProguardFiles', task ':url_launcher_android:mergeDebugConsumerProguardFiles', task ':url_launcher_android:prepareDebugArtProfile', task ':url_launcher_android:prepareLintJarForPublish', task ':url_launcher_android:mergeDebugJavaResource', task ':url_launcher_android:syncDebugLibJars', task ':url_launcher_android:bundleDebugAar', task ':url_launcher_android:assembleDebug', task ':video_player_android:stripDebugDebugSymbols', task ':video_player_android:copyDebugJniLibsProjectAndLocalJars', task ':video_player_android:extractDebugAnnotations', task ':video_player_android:extractDeepLinksForAarDebug', task ':video_player_android:mergeDebugGeneratedProguardFiles', task ':video_player_android:mergeDebugConsumerProguardFiles', task ':video_player_android:prepareDebugArtProfile', task ':video_player_android:prepareLintJarForPublish', task ':video_player_android:mergeDebugJavaResource', task ':video_player_android:syncDebugLibJars', task ':video_player_android:bundleDebugAar', task ':video_player_android:assembleDebug']
[        ] Tasks that were excluded: []
[        ] work action Parameters of ClassesDirToClassesTransform (Thread[#41250,included builds,5,main]) started.
[        ] work action Parameters of DexingNoClasspathTransform (Thread[#41250,included builds,5,main]) started.
[        ] Resolve mutations for :app:preBuild (Thread[#41250,included builds,5,main]) started.
[        ] :app:preBuild (Thread[#41250,included builds,5,main]) started.
[        ] > Task :app:preBuild UP-TO-DATE
[        ] Skipping task ':app:preBuild' as it has no actions.
[        ] Resolve mutations for :app:preDebugBuild (Thread[#41250,included builds,5,main]) started.
[        ] :app:preDebugBuild (Thread[#41277,Execution worker Thread 26,5,main]) started.
[        ] > Task :app:preDebugBuild UP-TO-DATE
[        ] Skipping task ':app:preDebugBuild' as it has no actions.
[        ] Resolve mutations for :app:mergeDebugNativeDebugMetadata (Thread[#41277,Execution worker Thread 26,5,main]) started.
[        ] :app:mergeDebugNativeDebugMetadata (Thread[#41277,Execution worker Thread 26,5,main]) started.
[        ] > Task :app:mergeDebugNativeDebugMetadata NO-SOURCE
[        ] Skipping task ':app:mergeDebugNativeDebugMetadata' as it has no source files and no previous output files.
[        ] Resolve mutations for :app:checkKotlinGradlePluginConfigurationErrors (Thread[#41277,Execution worker Thread 26,5,main]) started.
[        ] :app:checkKotlinGradlePluginConfigurationErrors (Thread[#41271,Execution worker Thread 20,5,main]) started.
[        ] > Task :app:checkKotlinGradlePluginConfigurationErrors SKIPPED
[        ] Skipping task ':app:checkKotlinGradlePluginConfigurationErrors' as task onlyIf 'errorDiagnostics are present' is false.
[        ] Resolve mutations for :app:compileFlutterBuildDebug (Thread[#41271,Execution worker Thread 20,5,main]) started.
[        ] :app:compileFlutterBuildDebug (Thread[#41271,Execution worker Thread 20,5,main]) started.
08:54 +9 -17: loading /Users/florian/Code/substitution/integration_test/multi_user_correspondence_test.dart                                                                                            08:55 +9 -17: loading /Users/florian/Code/substitution/integration_test/multi_user_correspondence_test.dart                                                                                            [+1997 ms] > Task :app:compileFlutterBuildDebug
[        ] Caching disabled for task ':app:compileFlutterBuildDebug' because:
[        ]   Build cache is disabled
[        ]   Caching has not been enabled for the task
[        ] Task ':app:compileFlutterBuildDebug' is not up-to-date because:
[        ]   Value of input property 'targetPath' has changed for task ':app:compileFlutterBuildDebug'
[        ] Starting process 'command '/opt/homebrew/share/flutter/bin/flutter''. Working directory: /Users/florian/Code/substitution Command: /opt/homebrew/share/flutter/bin/flutter --verbose assemble --no-version-check --depfile /Users/florian/Code/substitution/build/app/intermediates/flutter/debug/flutter_build.d --output /Users/florian/Code/substitution/build/app/intermediates/flutter/debug -dTargetFile=/var/folders/l_/w8pnbb9d38n57pzg9j98fmy80000gn/T/flutter_tools.wuOse9/flutter_test_listener.bDXhKX/listener.dart -dTargetPlatform=android -dBuildMode=debug -dTrackWidgetCreation=true --DartDefines=TUFUUklYX1NFUlZFUj1odHRwOi8vbG9jYWxob3N0OjgwMDg=,TUFUUklYX1RFU1RfVVNFUj0=,TUFUUklYX1RFU1RfUEFTU1dPUkQ9,RkxVVFRFUl9WRVJTSU9OPTMuMzguOQ==,RkxVVFRFUl9DSEFOTkVMPXN0YWJsZQ==,RkxVVFRFUl9HSVRfVVJMPWh0dHBzOi8vZ2l0aHViLmNvbS9mbHV0dGVyL2ZsdXR0ZXIuZ2l0,RkxVVFRFUl9GUkFNRVdPUktfUkVWSVNJT049NjczMjNkZTI4NQ==,RkxVVFRFUl9FTkdJTkVfUkVWSVNJT049NTg3YzE4Zjg3Mw==,RkxVVFRFUl9EQVJUX1ZFUlNJT049My4xMC44,SU5URUdSQVRJT05fVEVTVF9TSE9VTERfUkVQT1JUX1JFU1VMVFNfVE9fTkFUSVZFPWZhbHNl -dFlavor= -dAndroidArchs=android-arm64 -dMinSdkVersion=24 debug_android_application
[        ] Successfully started process 'command '/opt/homebrew/share/flutter/bin/flutter''
[        ] [  +20 ms] executing: sysctl hw.optional.arm64
[        ] [   +3 ms] Exit code 0 from: sysctl hw.optional.arm64
[        ] [        ] hw.optional.arm64: 1
[        ] [   +3 ms] Artifact Instance of 'MaterialFonts' is not required, skipping update.
[        ] [        ] Artifact Instance of 'GradleWrapper' is not required, skipping update.
[        ] [        ] Artifact Instance of 'AndroidGenSnapshotArtifacts' is not required, skipping update.
[        ] [        ] Artifact Instance of 'AndroidInternalBuildArtifacts' is not required, skipping update.
[        ] [        ] Artifact Instance of 'IOSEngineArtifacts' is not required, skipping update.
[        ] [        ] Artifact Instance of 'FlutterWebSdk' is not required, skipping update.
[        ] [        ] Artifact Instance of 'LegacyCanvasKitRemover' is not required, skipping update.
[        ] [        ] Artifact Instance of 'FlutterSdk' is not required, skipping update.
[        ] [        ] Artifact Instance of 'WindowsEngineArtifacts' is not required, skipping update.
[        ] [        ] Artifact Instance of 'MacOSEngineArtifacts' is not required, skipping update.
[        ] [        ] Artifact Instance of 'LinuxEngineArtifacts' is not required, skipping update.
[        ] [        ] Artifact Instance of 'LinuxFuchsiaSDKArtifacts' is not required, skipping update.
[        ] [        ] Artifact Instance of 'MacOSFuchsiaSDKArtifacts' is not required, skipping update.
[        ] [        ] Artifact Instance of 'FlutterRunnerSDKArtifacts' is not required, skipping update.
[        ] [        ] Artifact Instance of 'FlutterRunnerDebugSymbols' is not required, skipping update.
[        ] [        ] Artifact Instance of 'IosUsbArtifacts' is not required, skipping update.
[        ] [        ] Artifact Instance of 'IosUsbArtifacts' is not required, skipping update.
[        ] [        ] Artifact Instance of 'IosUsbArtifacts' is not required, skipping update.
[        ] [        ] Artifact Instance of 'IosUsbArtifacts' is not required, skipping update.
[        ] [        ] Artifact Instance of 'IosUsbArtifacts' is not required, skipping update.
[        ] [        ] Artifact Instance of 'IosUsbArtifacts' is not required, skipping update.
[        ] [        ] Artifact Instance of 'FontSubsetArtifacts' is not required, skipping update.
[        ] [        ] Artifact Instance of 'PubDependencies' is not required, skipping update.
[        ] [   +3 ms] Artifact Instance of 'AndroidGenSnapshotArtifacts' is not required, skipping update.
[        ] [        ] Artifact Instance of 'AndroidInternalBuildArtifacts' is not required, skipping update.
[        ] [        ] Artifact Instance of 'IOSEngineArtifacts' is not required, skipping update.
[        ] [        ] Artifact Instance of 'FlutterWebSdk' is not required, skipping update.
[        ] [        ] Artifact Instance of 'FlutterEngineStamp' is not required, skipping update.
[        ] [        ] Artifact Instance of 'LegacyCanvasKitRemover' is not required, skipping update.
[        ] [        ] Artifact Instance of 'WindowsEngineArtifacts' is not required, skipping update.
[        ] [        ] Artifact Instance of 'MacOSEngineArtifacts' is not required, skipping update.
[        ] [        ] Artifact Instance of 'LinuxEngineArtifacts' is not required, skipping update.
[        ] [        ] Artifact Instance of 'LinuxFuchsiaSDKArtifacts' is not required, skipping update.
[        ] [        ] Artifact Instance of 'MacOSFuchsiaSDKArtifacts' is not required, skipping update.
[        ] [        ] Artifact Instance of 'FlutterRunnerSDKArtifacts' is not required, skipping update.
[        ] [        ] Artifact Instance of 'FlutterRunnerDebugSymbols' is not required, skipping update.
[        ] [  +24 ms] Artifact Instance of 'MaterialFonts' is not required, skipping update.
[        ] [        ] Artifact Instance of 'GradleWrapper' is not required, skipping update.
[        ] [        ] Artifact Instance of 'AndroidInternalBuildArtifacts' is not required, skipping update.
[        ] [        ] Artifact Instance of 'IOSEngineArtifacts' is not required, skipping update.
[        ] [        ] Artifact Instance of 'FlutterWebSdk' is not required, skipping update.
[        ] [        ] Artifact Instance of 'FlutterEngineStamp' is not required, skipping update.
[        ] [        ] Artifact Instance of 'LegacyCanvasKitRemover' is not required, skipping update.
[        ] [        ] Artifact Instance of 'FlutterSdk' is not required, skipping update.
[        ] [        ] Artifact Instance of 'WindowsEngineArtifacts' is not required, skipping update.
[        ] [        ] Artifact Instance of 'MacOSEngineArtifacts' is not required, skipping update.
[        ] [        ] Artifact Instance of 'LinuxEngineArtifacts' is not required, skipping update.
[        ] [        ] Artifact Instance of 'LinuxFuchsiaSDKArtifacts' is not required, skipping update.
[        ] [        ] Artifact Instance of 'MacOSFuchsiaSDKArtifacts' is not required, skipping update.
[        ] [        ] Artifact Instance of 'FlutterRunnerSDKArtifacts' is not required, skipping update.
[        ] [        ] Artifact Instance of 'FlutterRunnerDebugSymbols' is not required, skipping update.
[        ] [        ] Artifact Instance of 'IosUsbArtifacts' is not required, skipping update.
[        ] [        ] Artifact Instance of 'IosUsbArtifacts' is not required, skipping update.
[        ] [        ] Artifact Instance of 'IosUsbArtifacts' is not required, skipping update.
[        ] [        ] Artifact Instance of 'IosUsbArtifacts' is not required, skipping update.
[        ] [        ] Artifact Instance of 'IosUsbArtifacts' is not required, skipping update.
[        ] [        ] Artifact Instance of 'IosUsbArtifacts' is not required, skipping update.
[        ] [        ] Artifact Instance of 'FontSubsetArtifacts' is not required, skipping update.
[        ] [        ] Artifact Instance of 'PubDependencies' is not required, skipping update.
[        ] [  +22 ms] Initializing file store
[        ] [  +12 ms] dart_build: Starting due to {}
[        ] [        ] Skipping target: gen_localizations
[        ] [        ] gen_dart_plugin_registrant: Starting due to {InvalidatedReasonKind.outputSetAddition: The following outputs were added to the output set: /Users/florian/Code/substitution/.dart_tool/flutter_build/dart_plugin_registrant.dart, InvalidatedReasonKind.inputChanged: The following inputs have updated contents: /Users/florian/Code/substitution/.dart_tool/package_config.json}
[        ] [  +48 ms] Found plugin integration_test at /opt/homebrew/share/flutter/packages/integration_test/
[        ] [  +20 ms] Found plugin flutter_native_splash at /Users/florian/.pub-cache/hosted/pub.dev/flutter_native_splash-2.4.7/
[        ] [  +16 ms] Building native assets for android_arm64.
[        ] [  +24 ms] Found plugin connectivity_plus at /Users/florian/.pub-cache/hosted/pub.dev/connectivity_plus-5.0.2/
[        ] [   +6 ms] input.json contents:
[        ]            {
[        ]              "assets": {},
[        ]              "config": {
[        ]                "build_asset_types": [
[        ]                  "code_assets/code"
[        ]                ],
[        ]                "extensions": {
[        ]                  "code_assets": {
[        ]                    "android": {
[        ]                      "target_ndk_api": 24
[        ]                    },
[        ]                    "c_compiler": {
[        ]                      "ar": "/Users/florian/Library/Android/sdk/ndk/28.2.13676358/toolchains/llvm/prebuilt/darwin-x86_64/bin/llvm-ar",
[        ]                      "cc": "/Users/florian/Library/Android/sdk/ndk/28.2.13676358/toolchains/llvm/prebuilt/darwin-x86_64/bin/clang",
[        ]                      "ld": "/Users/florian/Library/Android/sdk/ndk/28.2.13676358/toolchains/llvm/prebuilt/darwin-x86_64/bin/ld.lld"
[        ]                    },
[        ]                    "link_mode_preference": "dynamic",
[        ]                    "target_architecture": "arm64",
[        ]                    "target_os": "android"
[        ]                  }
[        ]                },
[        ]                "linking_enabled": false
[        ]              },
[        ]              "out_dir_shared": "/Users/florian/Code/substitution/.dart_tool/hooks_runner/shared/objective_c/build/",
[        ]              "out_file": "/Users/florian/Code/substitution/.dart_tool/hooks_runner/objective_c/842b8c761140c2c0e73191c57a372e73/output.json",
[        ]              "package_name": "objective_c",
[        ]              "package_root": "/Users/florian/.pub-cache/hosted/pub.dev/objective_c-9.2.5/",
[        ]              "user_defines": {}
[        ]            }
[        ] [   +3 ms] output.json contents:
[        ]            {
[        ]              "assets_for_linking": {},
[        ]              "status": "success",
[        ]              "timestamp": "2026-02-16 21:57:23.000"
[        ]            }
[        ] [   +1 ms] Skipping build for objective_c in /Users/florian/Code/substitution/.dart_tool/hooks_runner/objective_c/842b8c761140c2c0e73191c57a372e73/. Last build on 2026-02-16 21:57:23.000.
[        ] [   +2 ms] Building native assets for android_arm64 done.
[        ] [   +1 ms] dart_build: Complete
[        ] [   +2 ms] install_code_assets: Starting due to {}
[        ] [   +1 ms] Writing native assets json to file:///Users/florian/Code/substitution/.dart_tool/flutter_build/fd97a2ebfd112325b27203a1ff507ddd/native_assets.json.
[        ] [        ] Found plugin video_player at /Users/florian/.pub-cache/hosted/pub.dev/video_player-2.10.1/
[        ] [        ] Found plugin video_player_web at /Users/florian/.pub-cache/hosted/pub.dev/video_player_web-2.4.0/
[        ] [        ] Writing /Users/florian/Code/substitution/.dart_tool/flutter_build/fd97a2ebfd112325b27203a1ff507ddd/native_assets.json done.
[        ] [        ] install_code_assets: Complete
[        ] [   +1 ms] Found plugin video_player_avfoundation at /Users/florian/.pub-cache/hosted/pub.dev/video_player_avfoundation-2.9.1/
[        ] [        ] Found plugin video_player_android at /Users/florian/.pub-cache/hosted/pub.dev/video_player_android-2.9.1/
[        ] [        ] Found plugin url_launcher at /Users/florian/.pub-cache/hosted/pub.dev/url_launcher-6.3.2/
[        ] [        ] Found plugin url_launcher_windows at /Users/florian/.pub-cache/hosted/pub.dev/url_launcher_windows-3.1.5/
[        ] [        ] Found plugin url_launcher_web at /Users/florian/.pub-cache/hosted/pub.dev/url_launcher_web-2.4.2/
[        ] [        ] Found plugin url_launcher_macos at /Users/florian/.pub-cache/hosted/pub.dev/url_launcher_macos-3.2.5/
[        ] [        ] Found plugin url_launcher_linux at /Users/florian/.pub-cache/hosted/pub.dev/url_launcher_linux-3.2.2/
[        ] [        ] Found plugin url_launcher_ios at /Users/florian/.pub-cache/hosted/pub.dev/url_launcher_ios-6.3.6/
[        ] [        ] Found plugin url_launcher_android at /Users/florian/.pub-cache/hosted/pub.dev/url_launcher_android-6.3.28/
[        ] [   +3 ms] Found plugin sqflite at /Users/florian/.pub-cache/hosted/pub.dev/sqflite-2.4.2/
[        ] [   +1 ms] Found plugin sqflite_darwin at /Users/florian/.pub-cache/hosted/pub.dev/sqflite_darwin-2.4.2/
[        ] [        ] Found plugin sqflite_android at /Users/florian/.pub-cache/hosted/pub.dev/sqflite_android-2.4.2+2/
[        ] [   +1 ms] Found plugin path_provider at /Users/florian/.pub-cache/hosted/pub.dev/path_provider-2.1.5/
[        ] [        ] Found plugin path_provider_windows at /Users/florian/.pub-cache/hosted/pub.dev/path_provider_windows-2.3.0/
[        ] [        ] Found plugin path_provider_linux at /Users/florian/.pub-cache/hosted/pub.dev/path_provider_linux-2.2.1/
[        ] [        ] Found plugin path_provider_foundation at /Users/florian/.pub-cache/hosted/pub.dev/path_provider_foundation-2.6.0/
[        ] [   +3 ms] Found plugin path_provider_android at /Users/florian/.pub-cache/hosted/pub.dev/path_provider_android-2.2.22/
[        ] [  +17 ms] Found plugin flutter_keyboard_visibility_temp_fork at /Users/florian/.pub-cache/hosted/pub.dev/flutter_keyboard_visibility_temp_fork-0.1.5/
[        ] [        ] Found plugin flutter_keyboard_visibility_windows at /Users/florian/.pub-cache/hosted/pub.dev/flutter_keyboard_visibility_windows-1.0.0/
[        ] [   +1 ms] Found plugin flutter_keyboard_visibility_macos at /Users/florian/.pub-cache/hosted/pub.dev/flutter_keyboard_visibility_macos-1.0.0/
[        ] [        ] Found plugin flutter_keyboard_visibility_linux at /Users/florian/.pub-cache/hosted/pub.dev/flutter_keyboard_visibility_linux-1.0.0/
[        ] [   +8 ms] Found plugin quill_native_bridge at /Users/florian/.pub-cache/hosted/pub.dev/quill_native_bridge-11.1.0/
[        ] [   +1 ms] Found plugin quill_native_bridge_windows at /Users/florian/.pub-cache/hosted/pub.dev/quill_native_bridge_windows-0.0.2/
[        ] [  +11 ms] Found plugin file_selector_windows at /Users/florian/.pub-cache/hosted/pub.dev/file_selector_windows-0.9.3+5/
[        ] [   +2 ms] Found plugin quill_native_bridge_web at /Users/florian/.pub-cache/hosted/pub.dev/quill_native_bridge_web-0.0.2/
[        ] [        ] Found plugin quill_native_bridge_macos at /Users/florian/.pub-cache/hosted/pub.dev/quill_native_bridge_macos-0.0.1/
[        ] [        ] Found plugin quill_native_bridge_ios at /Users/florian/.pub-cache/hosted/pub.dev/quill_native_bridge_ios-0.0.1/
[        ] [        ] Found plugin quill_native_bridge_android at /Users/florian/.pub-cache/hosted/pub.dev/quill_native_bridge_android-0.0.1+2/
[        ] [   +3 ms] Found plugin flutter_openssl_crypto at /Users/florian/.pub-cache/hosted/pub.dev/flutter_openssl_crypto-0.5.0/
[        ] [   +1 ms] Found plugin flutter_olm at /Users/florian/.pub-cache/hosted/pub.dev/flutter_olm-2.0.0/
[        ] [   +2 ms] Found plugin file_selector at /Users/florian/.pub-cache/hosted/pub.dev/file_selector-1.1.0/
[        ] [        ] Found plugin file_selector_web at /Users/florian/.pub-cache/hosted/pub.dev/file_selector_web-0.9.4+2/
[        ] [        ] Found plugin file_selector_macos at /Users/florian/.pub-cache/hosted/pub.dev/file_selector_macos-0.9.5/
[        ] [        ] Found plugin file_selector_linux at /Users/florian/.pub-cache/hosted/pub.dev/file_selector_linux-0.9.4/
[        ] [        ] Found plugin file_selector_ios at /Users/florian/.pub-cache/hosted/pub.dev/file_selector_ios-0.5.3+5/
[        ] [   +1 ms] Found plugin file_selector_android at /Users/florian/.pub-cache/hosted/pub.dev/file_selector_android-0.5.2+4/
[        ] [   +1 ms] Found plugin emoji_picker_flutter at /Users/florian/.pub-cache/hosted/pub.dev/emoji_picker_flutter-4.4.0/
[        ] [   +1 ms] Found plugin shared_preferences at /Users/florian/.pub-cache/hosted/pub.dev/shared_preferences-2.5.4/
[        ] [   +1 ms] Found plugin shared_preferences_windows at /Users/florian/.pub-cache/hosted/pub.dev/shared_preferences_windows-2.4.1/
[        ] [   +1 ms] Found plugin shared_preferences_web at /Users/florian/.pub-cache/hosted/pub.dev/shared_preferences_web-2.4.3/
[        ] [   +1 ms] Found plugin shared_preferences_linux at /Users/florian/.pub-cache/hosted/pub.dev/shared_preferences_linux-2.4.1/
[        ] [   +1 ms] Found plugin shared_preferences_foundation at /Users/florian/.pub-cache/hosted/pub.dev/shared_preferences_foundation-2.5.6/
[        ] [   +1 ms] Found plugin shared_preferences_android at /Users/florian/.pub-cache/hosted/pub.dev/shared_preferences_android-2.4.20/
[        ] [  +16 ms] Skipping generating dart_plugin_registrant.dart because it is up-to-date.
[        ] [        ] gen_dart_plugin_registrant: Complete
[        ] [   +2 ms] kernel_snapshot_program: Starting due to {}
[        ] [   +7 ms] /opt/homebrew/share/flutter/bin/cache/dart-sdk/bin/dartaotruntime /opt/homebrew/share/flutter/bin/cache/dart-sdk/bin/snapshots/frontend_server_aot.dart.snapshot --sdk-root /opt/homebrew/share/flutter/bin/cache/artifacts/engine/common/flutter_patched_sdk/ --target=flutter --no-print-incremental-dependencies -DMATRIX_SERVER=http://localhost:8008 -DMATRIX_TEST_USER= -DMATRIX_TEST_PASSWORD= -DFLUTTER_VERSION=3.38.9 -DFLUTTER_CHANNEL=stable -DFLUTTER_GIT_URL=https://github.com/flutter/flutter.git -DFLUTTER_FRAMEWORK_REVISION=67323de285 -DFLUTTER_ENGINE_REVISION=587c18f873 -DFLUTTER_DART_VERSION=3.10.8 -DINTEGRATION_TEST_SHOULD_REPORT_RESULTS_TO_NATIVE=false -DFLUTTER_APP_FLAVOR= -Ddart.vm.profile=false -Ddart.vm.product=false --enable-asserts --track-widget-creation --no-link-platform --packages /Users/florian/Code/substitution/.dart_tool/package_config.json --output-dill /Users/florian/Code/substitution/.dart_tool/flutter_build/fd97a2ebfd112325b27203a1ff507ddd/app.dill --depfile /Users/florian/Code/substitution/.dart_tool/flutter_build/fd97a2ebfd112325b27203a1ff507ddd/kernel_snapshot_program.d --incremental --initialize-from-dill /Users/florian/Code/substitution/.dart_tool/flutter_build/fd97a2ebfd112325b27203a1ff507ddd/app.dill --source file:///Users/florian/Code/substitution/.dart_tool/flutter_build/dart_plugin_registrant.dart --source package:flutter/src/dart_plugin_registrant.dart -Dflutter.dart_plugin_registrant=file:///Users/florian/Code/substitution/.dart_tool/flutter_build/dart_plugin_registrant.dart --verbosity=error file:///var/folders/l_/w8pnbb9d38n57pzg9j98fmy80000gn/T/flutter_tools.wuOse9/flutter_test_listener.bDXhKX/listener.dart
08:56 +9 -17: loading /Users/florian/Code/substitution/integration_test/multi_user_correspondence_test.dart                                                                                            08:57 +9 -17: loading /Users/florian/Code/substitution/integration_test/multi_user_correspondence_test.dart                                                                                            08:58 +9 -17: loading /Users/florian/Code/substitution/integration_test/multi_user_correspondence_test.dart                                                                                            08:59 +9 -17: loading /Users/florian/Code/substitution/integration_test/multi_user_correspondence_test.dart                                                                                            09:00 +9 -17: loading /Users/florian/Code/substitution/integration_test/multi_user_correspondence_test.dart                                                                                            [+5393 ms] [+6844 ms] kernel_snapshot_program: Complete
09:01 +9 -17: loading /Users/florian/Code/substitution/integration_test/multi_user_correspondence_test.dart                                                                                            [+1004 ms] [+1066 ms] debug_android_application: Starting due to {}
[ +103 ms] [ +102 ms] Manifest contained wildcard assets. Inserting missing file into build graph to force rerun. for more information see #56466.
[        ] [   +3 ms] shaderc command: [/opt/homebrew/share/flutter/bin/cache/artifacts/engine/darwin-x64/impellerc, --sksl, --runtime-stage-gles, --runtime-stage-gles3, --runtime-stage-vulkan, --iplr, --sl=/Users/florian/Code/substitution/build/app/intermediates/flutter/debug/flutter_assets/shaders/ink_sparkle.frag, --spirv=/Users/florian/Code/substitution/build/app/intermediates/flutter/debug/flutter_assets/shaders/ink_sparkle.frag.spirv, --input=/opt/homebrew/share/flutter/packages/flutter/lib/src/material/shaders/ink_sparkle.frag, --input-type=frag, --include=/opt/homebrew/share/flutter/packages/flutter/lib/src/material/shaders, --include=/opt/homebrew/share/flutter/bin/cache/artifacts/engine/darwin-x64/shader_lib]
[        ] [        ] shaderc command: [/opt/homebrew/share/flutter/bin/cache/artifacts/engine/darwin-x64/impellerc, --sksl, --runtime-stage-gles, --runtime-stage-gles3, --runtime-stage-vulkan, --iplr, --sl=/Users/florian/Code/substitution/build/app/intermediates/flutter/debug/flutter_assets/shaders/stretch_effect.frag, --spirv=/Users/florian/Code/substitution/build/app/intermediates/flutter/debug/flutter_assets/shaders/stretch_effect.frag.spirv, --input=/opt/homebrew/share/flutter/packages/flutter/lib/src/material/shaders/stretch_effect.frag, --input-type=frag, --include=/opt/homebrew/share/flutter/packages/flutter/lib/src/material/shaders, --include=/opt/homebrew/share/flutter/bin/cache/artifacts/engine/darwin-x64/shader_lib]
09:02 +9 -17: loading /Users/florian/Code/substitution/integration_test/multi_user_correspondence_test.dart                                                                                            [ +391 ms] [ +322 ms] debug_android_application: Complete
09:03 +9 -17: loading /Users/florian/Code/substitution/integration_test/multi_user_correspondence_test.dart                                                                                            [ +908 ms] [ +950 ms] Persisting file store
[        ] [   +7 ms] Done persisting file store
[        ] [  +15 ms] build succeeded.
[        ] [   +4 ms] "flutter assemble" took 9.623ms.
[        ] [   +2 ms] executing: sw_vers -productName
[        ] [  +12 ms] Exit code 0 from: sw_vers -productName
[        ] [        ] macOS
[        ] [        ] executing: sw_vers -productVersion
[  +90 ms] [   +8 ms] Exit code 0 from: sw_vers -productVersion
[        ] [        ] 26.1
[        ] [        ] executing: sw_vers -buildVersion
[        ] [   +8 ms] Exit code 0 from: sw_vers -buildVersion
[        ] [        ] 25B78
[        ] [        ] executing: uname -m
[        ] [   +2 ms] Exit code 0 from: uname -m
[        ] [        ] arm64
[        ] [  +21 ms] Running 1 shutdown hook
[        ] [        ] Shutdown hooks complete
[  +99 ms] [  +53 ms] exiting with code 0
[  +99 ms] Resolve mutations for :app:packJniLibsflutterBuildDebug (Thread[#41271,Execution worker Thread 20,5,main]) started.
[        ] :app:packJniLibsflutterBuildDebug (Thread[#41271,Execution worker Thread 20,5,main]) started.
[        ] > Task :app:packJniLibsflutterBuildDebug UP-TO-DATE
[        ] Caching disabled for task ':app:packJniLibsflutterBuildDebug' because:
[        ]   Build cache is disabled
[        ]   Not worth caching
[        ] Skipping task ':app:packJniLibsflutterBuildDebug' as it is up-to-date.
[        ] Resolve mutations for :connectivity_plus:preBuild (Thread[#41271,Execution worker Thread 20,5,main]) started.
[        ] :connectivity_plus:preBuild (Thread[#41260,Execution worker Thread 9,5,main]) started.
[        ] > Task :connectivity_plus:preBuild UP-TO-DATE
[        ] Skipping task ':connectivity_plus:preBuild' as it has no actions.
[        ] Resolve mutations for :connectivity_plus:preDebugBuild (Thread[#41260,Execution worker Thread 9,5,main]) started.
[        ] :connectivity_plus:preDebugBuild (Thread[#41260,Execution worker Thread 9,5,main]) started.
[        ] > Task :connectivity_plus:preDebugBuild UP-TO-DATE
[        ] Skipping task ':connectivity_plus:preDebugBuild' as it has no actions.
[        ] Resolve mutations for :connectivity_plus:writeDebugAarMetadata (Thread[#41260,Execution worker Thread 9,5,main]) started.
[        ] :connectivity_plus:writeDebugAarMetadata (Thread[#41260,Execution worker Thread 9,5,main]) started.
[        ] > Task :connectivity_plus:writeDebugAarMetadata UP-TO-DATE
[        ] Caching disabled for task ':connectivity_plus:writeDebugAarMetadata' because:
[        ]   Build cache is disabled
[        ]   Caching has been disabled for the task
[        ] Skipping task ':connectivity_plus:writeDebugAarMetadata' as it is up-to-date.
[        ] work action resolve aar-metadata.properties (project :connectivity_plus) (Thread[#41260,Execution worker Thread 9,5,main]) started.
[        ] Resolve mutations for :emoji_picker_flutter:preBuild (Thread[#41260,Execution worker Thread 9,5,main]) started.
[        ] :emoji_picker_flutter:preBuild (Thread[#41260,Execution worker Thread 9,5,main]) started.
[        ] > Task :emoji_picker_flutter:preBuild UP-TO-DATE
[        ] Skipping task ':emoji_picker_flutter:preBuild' as it has no actions.
[        ] Resolve mutations for :emoji_picker_flutter:preDebugBuild (Thread[#41260,Execution worker Thread 9,5,main]) started.
[        ] :emoji_picker_flutter:preDebugBuild (Thread[#41260,Execution worker Thread 9,5,main]) started.
[        ] > Task :emoji_picker_flutter:preDebugBuild UP-TO-DATE
[        ] Skipping task ':emoji_picker_flutter:preDebugBuild' as it has no actions.
[        ] Resolve mutations for :emoji_picker_flutter:writeDebugAarMetadata (Thread[#41260,Execution worker Thread 9,5,main]) started.
[        ] :emoji_picker_flutter:writeDebugAarMetadata (Thread[#41260,Execution worker Thread 9,5,main]) started.
[        ] > Task :emoji_picker_flutter:writeDebugAarMetadata UP-TO-DATE
[        ] Caching disabled for task ':emoji_picker_flutter:writeDebugAarMetadata' because:
[        ]   Build cache is disabled
[        ]   Caching has been disabled for the task
[        ] Skipping task ':emoji_picker_flutter:writeDebugAarMetadata' as it is up-to-date.
[        ] work action resolve aar-metadata.properties (project :emoji_picker_flutter) (Thread[#41260,Execution worker Thread 9,5,main]) started.
[        ] Resolve mutations for :file_selector_android:preBuild (Thread[#41260,Execution worker Thread 9,5,main]) started.
[        ] :file_selector_android:preBuild (Thread[#41281,Execution worker Thread 30,5,main]) started.
[        ] > Task :file_selector_android:preBuild UP-TO-DATE
[        ] Skipping task ':file_selector_android:preBuild' as it has no actions.
[        ] Resolve mutations for :file_selector_android:preDebugBuild (Thread[#41281,Execution worker Thread 30,5,main]) started.
[        ] :file_selector_android:preDebugBuild (Thread[#41281,Execution worker Thread 30,5,main]) started.
[        ] > Task :file_selector_android:preDebugBuild UP-TO-DATE
[        ] Skipping task ':file_selector_android:preDebugBuild' as it has no actions.
[        ] Resolve mutations for :file_selector_android:writeDebugAarMetadata (Thread[#41281,Execution worker Thread 30,5,main]) started.
[        ] :file_selector_android:writeDebugAarMetadata (Thread[#41281,Execution worker Thread 30,5,main]) started.
[        ] > Task :file_selector_android:writeDebugAarMetadata UP-TO-DATE
[        ] Caching disabled for task ':file_selector_android:writeDebugAarMetadata' because:
[        ]   Build cache is disabled
[        ]   Caching has been disabled for the task
[        ] Skipping task ':file_selector_android:writeDebugAarMetadata' as it is up-to-date.
[        ] work action resolve aar-metadata.properties (project :file_selector_android) (Thread[#41281,Execution worker Thread 30,5,main]) started.
[        ] Resolve mutations for :flutter_keyboard_visibility_temp_fork:preBuild (Thread[#41281,Execution worker Thread 30,5,main]) started.
[        ] :flutter_keyboard_visibility_temp_fork:preBuild (Thread[#41281,Execution worker Thread 30,5,main]) started.
[        ] > Task :flutter_keyboard_visibility_temp_fork:preBuild UP-TO-DATE
[        ] Skipping task ':flutter_keyboard_visibility_temp_fork:preBuild' as it has no actions.
[        ] Resolve mutations for :flutter_keyboard_visibility_temp_fork:preDebugBuild (Thread[#41281,Execution worker Thread 30,5,main]) started.
[        ] :flutter_keyboard_visibility_temp_fork:preDebugBuild (Thread[#41281,Execution worker Thread 30,5,main]) started.
[        ] > Task :flutter_keyboard_visibility_temp_fork:preDebugBuild UP-TO-DATE
[        ] Skipping task ':flutter_keyboard_visibility_temp_fork:preDebugBuild' as it has no actions.
[        ] Resolve mutations for :flutter_keyboard_visibility_temp_fork:writeDebugAarMetadata (Thread[#41281,Execution worker Thread 30,5,main]) started.
[        ] :flutter_keyboard_visibility_temp_fork:writeDebugAarMetadata (Thread[#41281,Execution worker Thread 30,5,main]) started.
[        ] > Task :flutter_keyboard_visibility_temp_fork:writeDebugAarMetadata UP-TO-DATE
[        ] Caching disabled for task ':flutter_keyboard_visibility_temp_fork:writeDebugAarMetadata' because:
[        ]   Build cache is disabled
[        ]   Caching has been disabled for the task
[        ] Skipping task ':flutter_keyboard_visibility_temp_fork:writeDebugAarMetadata' as it is up-to-date.
[        ] work action resolve aar-metadata.properties (project :flutter_keyboard_visibility_temp_fork) (Thread[#41281,Execution worker Thread 30,5,main]) started.
[        ] Resolve mutations for :flutter_native_splash:preBuild (Thread[#41281,Execution worker Thread 30,5,main]) started.
[        ] :flutter_native_splash:preBuild (Thread[#41281,Execution worker Thread 30,5,main]) started.
[        ] > Task :flutter_native_splash:preBuild UP-TO-DATE
[        ] Skipping task ':flutter_native_splash:preBuild' as it has no actions.
[        ] Resolve mutations for :flutter_native_splash:preDebugBuild (Thread[#41281,Execution worker Thread 30,5,main]) started.
[        ] :flutter_native_splash:preDebugBuild (Thread[#41281,Execution worker Thread 30,5,main]) started.
[        ] > Task :flutter_native_splash:preDebugBuild UP-TO-DATE
[        ] Skipping task ':flutter_native_splash:preDebugBuild' as it has no actions.
[        ] Resolve mutations for :flutter_native_splash:writeDebugAarMetadata (Thread[#41281,Execution worker Thread 30,5,main]) started.
[        ] :flutter_native_splash:writeDebugAarMetadata (Thread[#41281,Execution worker Thread 30,5,main]) started.
[        ] > Task :flutter_native_splash:writeDebugAarMetadata UP-TO-DATE
[        ] Caching disabled for task ':flutter_native_splash:writeDebugAarMetadata' because:
[        ]   Build cache is disabled
[        ]   Caching has been disabled for the task
[        ] Skipping task ':flutter_native_splash:writeDebugAarMetadata' as it is up-to-date.
[        ] work action resolve aar-metadata.properties (project :flutter_native_splash) (Thread[#41281,Execution worker Thread 30,5,main]) started.
[        ] Resolve mutations for :flutter_olm:preBuild (Thread[#41281,Execution worker Thread 30,5,main]) started.
[        ] :flutter_olm:preBuild (Thread[#41281,Execution worker Thread 30,5,main]) started.
[        ] > Task :flutter_olm:preBuild UP-TO-DATE
[        ] Skipping task ':flutter_olm:preBuild' as it has no actions.
[        ] Resolve mutations for :flutter_olm:preDebugBuild (Thread[#41281,Execution worker Thread 30,5,main]) started.
[        ] :flutter_olm:preDebugBuild (Thread[#41281,Execution worker Thread 30,5,main]) started.
[        ] > Task :flutter_olm:preDebugBuild UP-TO-DATE
[        ] Skipping task ':flutter_olm:preDebugBuild' as it has no actions.
[        ] Resolve mutations for :flutter_olm:writeDebugAarMetadata (Thread[#41281,Execution worker Thread 30,5,main]) started.
[        ] :flutter_olm:writeDebugAarMetadata (Thread[#41281,Execution worker Thread 30,5,main]) started.
[        ] > Task :flutter_olm:writeDebugAarMetadata UP-TO-DATE
[        ] Caching disabled for task ':flutter_olm:writeDebugAarMetadata' because:
[        ]   Build cache is disabled
[        ]   Caching has been disabled for the task
[        ] Skipping task ':flutter_olm:writeDebugAarMetadata' as it is up-to-date.
[        ] work action resolve aar-metadata.properties (project :flutter_olm) (Thread[#41281,Execution worker Thread 30,5,main]) started.
[        ] Resolve mutations for :flutter_openssl_crypto:preBuild (Thread[#41281,Execution worker Thread 30,5,main]) started.
[        ] :flutter_openssl_crypto:preBuild (Thread[#41250,included builds,5,main]) started.
[        ] > Task :flutter_openssl_crypto:preBuild UP-TO-DATE
[        ] Skipping task ':flutter_openssl_crypto:preBuild' as it has no actions.
[        ] Resolve mutations for :flutter_openssl_crypto:preDebugBuild (Thread[#41250,included builds,5,main]) started.
[        ] :flutter_openssl_crypto:preDebugBuild (Thread[#41250,included builds,5,main]) started.
[        ] > Task :flutter_openssl_crypto:preDebugBuild UP-TO-DATE
[        ] Skipping task ':flutter_openssl_crypto:preDebugBuild' as it has no actions.
[        ] Resolve mutations for :flutter_openssl_crypto:writeDebugAarMetadata (Thread[#41250,included builds,5,main]) started.
[        ] :flutter_openssl_crypto:writeDebugAarMetadata (Thread[#41250,included builds,5,main]) started.
[        ] > Task :flutter_openssl_crypto:writeDebugAarMetadata UP-TO-DATE
[        ] Caching disabled for task ':flutter_openssl_crypto:writeDebugAarMetadata' because:
[        ]   Build cache is disabled
[        ]   Caching has been disabled for the task
[        ] Skipping task ':flutter_openssl_crypto:writeDebugAarMetadata' as it is up-to-date.
[        ] work action resolve aar-metadata.properties (project :flutter_openssl_crypto) (Thread[#41250,included builds,5,main]) started.
[        ] Resolve mutations for :integration_test:preBuild (Thread[#41250,included builds,5,main]) started.
[        ] :integration_test:preBuild (Thread[#41250,included builds,5,main]) started.
[        ] > Task :integration_test:preBuild UP-TO-DATE
[        ] Skipping task ':integration_test:preBuild' as it has no actions.
[        ] Resolve mutations for :integration_test:preDebugBuild (Thread[#41250,included builds,5,main]) started.
[        ] :integration_test:preDebugBuild (Thread[#41250,included builds,5,main]) started.
[        ] > Task :integration_test:preDebugBuild UP-TO-DATE
[        ] Skipping task ':integration_test:preDebugBuild' as it has no actions.
[        ] Resolve mutations for :integration_test:writeDebugAarMetadata (Thread[#41250,included builds,5,main]) started.
[        ] :integration_test:writeDebugAarMetadata (Thread[#41250,included builds,5,main]) started.
[        ] > Task :integration_test:writeDebugAarMetadata UP-TO-DATE
[        ] Caching disabled for task ':integration_test:writeDebugAarMetadata' because:
[        ]   Build cache is disabled
[        ]   Caching has been disabled for the task
[        ] Skipping task ':integration_test:writeDebugAarMetadata' as it is up-to-date.
[        ] work action resolve aar-metadata.properties (project :integration_test) (Thread[#41250,included builds,5,main]) started.
[        ] Resolve mutations for :path_provider_android:preBuild (Thread[#41250,included builds,5,main]) started.
[        ] :path_provider_android:preBuild (Thread[#41250,included builds,5,main]) started.
[        ] > Task :path_provider_android:preBuild UP-TO-DATE
[        ] Skipping task ':path_provider_android:preBuild' as it has no actions.
[        ] Resolve mutations for :path_provider_android:preDebugBuild (Thread[#41250,included builds,5,main]) started.
[        ] :path_provider_android:preDebugBuild (Thread[#41250,included builds,5,main]) started.
[        ] > Task :path_provider_android:preDebugBuild UP-TO-DATE
[        ] Skipping task ':path_provider_android:preDebugBuild' as it has no actions.
[        ] Resolve mutations for :path_provider_android:writeDebugAarMetadata (Thread[#41250,included builds,5,main]) started.
[        ] :path_provider_android:writeDebugAarMetadata (Thread[#41250,included builds,5,main]) started.
[        ] > Task :path_provider_android:writeDebugAarMetadata UP-TO-DATE
[        ] Caching disabled for task ':path_provider_android:writeDebugAarMetadata' because:
[        ]   Build cache is disabled
[        ]   Caching has been disabled for the task
[        ] Skipping task ':path_provider_android:writeDebugAarMetadata' as it is up-to-date.
[        ] work action resolve aar-metadata.properties (project :path_provider_android) (Thread[#41250,included builds,5,main]) started.
[        ] Resolve mutations for :quill_native_bridge_android:preBuild (Thread[#41250,included builds,5,main]) started.
[        ] :quill_native_bridge_android:preBuild (Thread[#41250,included builds,5,main]) started.
[        ] > Task :quill_native_bridge_android:preBuild UP-TO-DATE
[        ] Skipping task ':quill_native_bridge_android:preBuild' as it has no actions.
[        ] Resolve mutations for :quill_native_bridge_android:preDebugBuild (Thread[#41250,included builds,5,main]) started.
[        ] :quill_native_bridge_android:preDebugBuild (Thread[#41250,included builds,5,main]) started.
[        ] > Task :quill_native_bridge_android:preDebugBuild UP-TO-DATE
[        ] Skipping task ':quill_native_bridge_android:preDebugBuild' as it has no actions.
[        ] Resolve mutations for :quill_native_bridge_android:writeDebugAarMetadata (Thread[#41250,included builds,5,main]) started.
[        ] :quill_native_bridge_android:writeDebugAarMetadata (Thread[#41250,included builds,5,main]) started.
[        ] > Task :quill_native_bridge_android:writeDebugAarMetadata UP-TO-DATE
[        ] Caching disabled for task ':quill_native_bridge_android:writeDebugAarMetadata' because:
[        ]   Build cache is disabled
[        ]   Caching has been disabled for the task
[        ] Skipping task ':quill_native_bridge_android:writeDebugAarMetadata' as it is up-to-date.
[        ] work action resolve aar-metadata.properties (project :quill_native_bridge_android) (Thread[#41250,included builds,5,main]) started.
[        ] Resolve mutations for :shared_preferences_android:preBuild (Thread[#41250,included builds,5,main]) started.
[        ] :shared_preferences_android:preBuild (Thread[#41250,included builds,5,main]) started.
[        ] > Task :shared_preferences_android:preBuild UP-TO-DATE
[        ] Skipping task ':shared_preferences_android:preBuild' as it has no actions.
[        ] Resolve mutations for :shared_preferences_android:preDebugBuild (Thread[#41250,included builds,5,main]) started.
[        ] :shared_preferences_android:preDebugBuild (Thread[#41250,included builds,5,main]) started.
[        ] > Task :shared_preferences_android:preDebugBuild UP-TO-DATE
[        ] Skipping task ':shared_preferences_android:preDebugBuild' as it has no actions.
[        ] Resolve mutations for :shared_preferences_android:writeDebugAarMetadata (Thread[#41250,included builds,5,main]) started.
[        ] :shared_preferences_android:writeDebugAarMetadata (Thread[#41250,included builds,5,main]) started.
[        ] > Task :shared_preferences_android:writeDebugAarMetadata UP-TO-DATE
[        ] Caching disabled for task ':shared_preferences_android:writeDebugAarMetadata' because:
[        ]   Build cache is disabled
[        ]   Caching has been disabled for the task
[        ] Skipping task ':shared_preferences_android:writeDebugAarMetadata' as it is up-to-date.
[        ] work action resolve aar-metadata.properties (project :shared_preferences_android) (Thread[#41250,included builds,5,main]) started.
[        ] Resolve mutations for :sqflite_android:preBuild (Thread[#41250,included builds,5,main]) started.
[        ] :sqflite_android:preBuild (Thread[#41250,included builds,5,main]) started.
[        ] > Task :sqflite_android:preBuild UP-TO-DATE
[        ] Skipping task ':sqflite_android:preBuild' as it has no actions.
[        ] Resolve mutations for :sqflite_android:preDebugBuild (Thread[#41250,included builds,5,main]) started.
[        ] :sqflite_android:preDebugBuild (Thread[#41250,included builds,5,main]) started.
[        ] > Task :sqflite_android:preDebugBuild UP-TO-DATE
[        ] Skipping task ':sqflite_android:preDebugBuild' as it has no actions.
[        ] Resolve mutations for :sqflite_android:writeDebugAarMetadata (Thread[#41250,included builds,5,main]) started.
[        ] :sqflite_android:writeDebugAarMetadata (Thread[#41250,included builds,5,main]) started.
[        ] > Task :sqflite_android:writeDebugAarMetadata UP-TO-DATE
[        ] Caching disabled for task ':sqflite_android:writeDebugAarMetadata' because:
[        ]   Build cache is disabled
[        ]   Caching has been disabled for the task
[        ] Skipping task ':sqflite_android:writeDebugAarMetadata' as it is up-to-date.
[        ] work action resolve aar-metadata.properties (project :sqflite_android) (Thread[#41250,included builds,5,main]) started.
[        ] Resolve mutations for :url_launcher_android:preBuild (Thread[#41250,included builds,5,main]) started.
[        ] :url_launcher_android:preBuild (Thread[#41250,included builds,5,main]) started.
[        ] > Task :url_launcher_android:preBuild UP-TO-DATE
[        ] Skipping task ':url_launcher_android:preBuild' as it has no actions.
[        ] Resolve mutations for :url_launcher_android:preDebugBuild (Thread[#41250,included builds,5,main]) started.
[        ] :url_launcher_android:preDebugBuild (Thread[#41250,included builds,5,main]) started.
[        ] > Task :url_launcher_android:preDebugBuild UP-TO-DATE
[        ] Skipping task ':url_launcher_android:preDebugBuild' as it has no actions.
[        ] Resolve mutations for :url_launcher_android:writeDebugAarMetadata (Thread[#41250,included builds,5,main]) started.
[        ] :url_launcher_android:writeDebugAarMetadata (Thread[#41250,included builds,5,main]) started.
[        ] > Task :url_launcher_android:writeDebugAarMetadata UP-TO-DATE
[        ] Caching disabled for task ':url_launcher_android:writeDebugAarMetadata' because:
[        ]   Build cache is disabled
[        ]   Caching has been disabled for the task
[        ] Skipping task ':url_launcher_android:writeDebugAarMetadata' as it is up-to-date.
[        ] work action resolve aar-metadata.properties (project :url_launcher_android) (Thread[#41250,included builds,5,main]) started.
[        ] Resolve mutations for :video_player_android:preBuild (Thread[#41250,included builds,5,main]) started.
[        ] :video_player_android:preBuild (Thread[#41250,included builds,5,main]) started.
[        ] > Task :video_player_android:preBuild UP-TO-DATE
[        ] Skipping task ':video_player_android:preBuild' as it has no actions.
[        ] Resolve mutations for :video_player_android:preDebugBuild (Thread[#41250,included builds,5,main]) started.
[        ] :video_player_android:preDebugBuild (Thread[#41250,included builds,5,main]) started.
[        ] > Task :video_player_android:preDebugBuild UP-TO-DATE
[        ] Skipping task ':video_player_android:preDebugBuild' as it has no actions.
[        ] Resolve mutations for :video_player_android:writeDebugAarMetadata (Thread[#41250,included builds,5,main]) started.
[        ] :video_player_android:writeDebugAarMetadata (Thread[#41250,included builds,5,main]) started.
[        ] > Task :video_player_android:writeDebugAarMetadata UP-TO-DATE
[        ] Caching disabled for task ':video_player_android:writeDebugAarMetadata' because:
[        ]   Build cache is disabled
[        ]   Caching has been disabled for the task
[        ] Skipping task ':video_player_android:writeDebugAarMetadata' as it is up-to-date.
[        ] work action resolve aar-metadata.properties (project :video_player_android) (Thread[#41250,included builds,5,main]) started.
[        ] Resolve mutations for :app:checkDebugAarMetadata (Thread[#41250,included builds,5,main]) started.
[        ] :app:checkDebugAarMetadata (Thread[#41250,included builds,5,main]) started.
[        ] > Task :app:checkDebugAarMetadata UP-TO-DATE
[        ] Caching disabled for task ':app:checkDebugAarMetadata' because:
[        ]   Build cache is disabled
[        ]   Caching has been disabled for the task
[        ] Skipping task ':app:checkDebugAarMetadata' as it is up-to-date.
[        ] Resolve mutations for :app:cleanMergeDebugAssets (Thread[#41250,included builds,5,main]) started.
[        ] :app:cleanMergeDebugAssets (Thread[#41250,included builds,5,main]) started.
[        ] > Task :app:cleanMergeDebugAssets
[        ] Caching disabled for task ':app:cleanMergeDebugAssets' because:
[        ]   Build cache is disabled
[        ] Task ':app:cleanMergeDebugAssets' is not up-to-date because:
[        ]   Task has not declared any outputs despite executing actions.
[        ] Resolve mutations for :app:mergeDebugShaders (Thread[#41250,included builds,5,main]) started.
[        ] :app:mergeDebugShaders (Thread[#41250,included builds,5,main]) started.
[        ] > Task :app:mergeDebugShaders UP-TO-DATE
[        ] Caching disabled for task ':app:mergeDebugShaders' because:
[        ]   Build cache is disabled
[        ]   Simple merging task
[        ] Skipping task ':app:mergeDebugShaders' as it is up-to-date.
[        ] Resolve mutations for :app:compileDebugShaders (Thread[#41250,included builds,5,main]) started.
[        ] :app:compileDebugShaders (Thread[#41250,included builds,5,main]) started.
[        ] > Task :app:compileDebugShaders NO-SOURCE
[        ] Skipping task ':app:compileDebugShaders' as it has no source files and no previous output files.
[        ] Resolve mutations for :app:generateDebugAssets (Thread[#41250,included builds,5,main]) started.
[        ] :app:generateDebugAssets (Thread[#41250,included builds,5,main]) started.
[        ] > Task :app:generateDebugAssets UP-TO-DATE
[        ] Skipping task ':app:generateDebugAssets' as it has no actions.
[        ] Resolve mutations for :connectivity_plus:mergeDebugShaders (Thread[#41250,included builds,5,main]) started.
[        ] :connectivity_plus:mergeDebugShaders (Thread[#41250,included builds,5,main]) started.
[        ] > Task :connectivity_plus:mergeDebugShaders UP-TO-DATE
[        ] Caching disabled for task ':connectivity_plus:mergeDebugShaders' because:
[        ]   Build cache is disabled
[        ]   Simple merging task
[        ] Skipping task ':connectivity_plus:mergeDebugShaders' as it is up-to-date.
[        ] Resolve mutations for :connectivity_plus:compileDebugShaders (Thread[#41250,included builds,5,main]) started.
[        ] :connectivity_plus:compileDebugShaders (Thread[#41250,included builds,5,main]) started.
[        ] > Task :connectivity_plus:compileDebugShaders NO-SOURCE
[        ] Skipping task ':connectivity_plus:compileDebugShaders' as it has no source files and no previous output files.
[        ] Resolve mutations for :connectivity_plus:generateDebugAssets (Thread[#41250,included builds,5,main]) started.
[        ] :connectivity_plus:generateDebugAssets (Thread[#41250,included builds,5,main]) started.
[        ] > Task :connectivity_plus:generateDebugAssets UP-TO-DATE
[        ] Skipping task ':connectivity_plus:generateDebugAssets' as it has no actions.
[        ] Resolve mutations for :connectivity_plus:mergeDebugAssets (Thread[#41250,included builds,5,main]) started.
[        ] :connectivity_plus:mergeDebugAssets (Thread[#41250,included builds,5,main]) started.
[        ] > Task :connectivity_plus:mergeDebugAssets UP-TO-DATE
[        ] Caching disabled for task ':connectivity_plus:mergeDebugAssets' because:
[        ]   Build cache is disabled
[        ]   Simple merging task
[        ] Skipping task ':connectivity_plus:mergeDebugAssets' as it is up-to-date.
[        ] work action resolve mergeDebugAssets (project :connectivity_plus) (Thread[#41250,included builds,5,main]) started.
[        ] Resolve mutations for :emoji_picker_flutter:mergeDebugShaders (Thread[#41250,included builds,5,main]) started.
[        ] :emoji_picker_flutter:mergeDebugShaders (Thread[#41250,included builds,5,main]) started.
[        ] > Task :emoji_picker_flutter:mergeDebugShaders UP-TO-DATE
[        ] Caching disabled for task ':emoji_picker_flutter:mergeDebugShaders' because:
[        ]   Build cache is disabled
[        ]   Simple merging task
[        ] Skipping task ':emoji_picker_flutter:mergeDebugShaders' as it is up-to-date.
[        ] Resolve mutations for :emoji_picker_flutter:compileDebugShaders (Thread[#41250,included builds,5,main]) started.
[        ] :emoji_picker_flutter:compileDebugShaders (Thread[#41250,included builds,5,main]) started.
[        ] > Task :emoji_picker_flutter:compileDebugShaders NO-SOURCE
[        ] Skipping task ':emoji_picker_flutter:compileDebugShaders' as it has no source files and no previous output files.
[        ] Resolve mutations for :emoji_picker_flutter:generateDebugAssets (Thread[#41250,included builds,5,main]) started.
[        ] :emoji_picker_flutter:generateDebugAssets (Thread[#41250,included builds,5,main]) started.
[        ] > Task :emoji_picker_flutter:generateDebugAssets UP-TO-DATE
[        ] Skipping task ':emoji_picker_flutter:generateDebugAssets' as it has no actions.
[        ] Resolve mutations for :emoji_picker_flutter:mergeDebugAssets (Thread[#41250,included builds,5,main]) started.
[        ] :emoji_picker_flutter:mergeDebugAssets (Thread[#41250,included builds,5,main]) started.
[        ] > Task :emoji_picker_flutter:mergeDebugAssets UP-TO-DATE
[        ] Caching disabled for task ':emoji_picker_flutter:mergeDebugAssets' because:
[        ]   Build cache is disabled
[        ]   Simple merging task
[        ] Skipping task ':emoji_picker_flutter:mergeDebugAssets' as it is up-to-date.
[        ] work action resolve mergeDebugAssets (project :emoji_picker_flutter) (Thread[#41250,included builds,5,main]) started.
[        ] Resolve mutations for :file_selector_android:mergeDebugShaders (Thread[#41250,included builds,5,main]) started.
[        ] :file_selector_android:mergeDebugShaders (Thread[#41250,included builds,5,main]) started.
[        ] > Task :file_selector_android:mergeDebugShaders UP-TO-DATE
[        ] Caching disabled for task ':file_selector_android:mergeDebugShaders' because:
[        ]   Build cache is disabled
[        ]   Simple merging task
[        ] Skipping task ':file_selector_android:mergeDebugShaders' as it is up-to-date.
[        ] Resolve mutations for :file_selector_android:compileDebugShaders (Thread[#41250,included builds,5,main]) started.
[        ] :file_selector_android:compileDebugShaders (Thread[#41250,included builds,5,main]) started.
[        ] > Task :file_selector_android:compileDebugShaders NO-SOURCE
[        ] Skipping task ':file_selector_android:compileDebugShaders' as it has no source files and no previous output files.
[        ] Resolve mutations for :file_selector_android:generateDebugAssets (Thread[#41250,included builds,5,main]) started.
[        ] :file_selector_android:generateDebugAssets (Thread[#41250,included builds,5,main]) started.
[        ] > Task :file_selector_android:generateDebugAssets UP-TO-DATE
[        ] Skipping task ':file_selector_android:generateDebugAssets' as it has no actions.
[        ] Resolve mutations for :file_selector_android:mergeDebugAssets (Thread[#41250,included builds,5,main]) started.
[        ] :file_selector_android:mergeDebugAssets (Thread[#41250,included builds,5,main]) started.
[        ] > Task :file_selector_android:mergeDebugAssets UP-TO-DATE
[        ] Caching disabled for task ':file_selector_android:mergeDebugAssets' because:
[        ]   Build cache is disabled
[        ]   Simple merging task
[        ] Skipping task ':file_selector_android:mergeDebugAssets' as it is up-to-date.
[        ] work action resolve mergeDebugAssets (project :file_selector_android) (Thread[#41250,included builds,5,main]) started.
[        ] Resolve mutations for :flutter_keyboard_visibility_temp_fork:mergeDebugShaders (Thread[#41250,included builds,5,main]) started.
[        ] :flutter_keyboard_visibility_temp_fork:mergeDebugShaders (Thread[#41250,included builds,5,main]) started.
[        ] > Task :flutter_keyboard_visibility_temp_fork:mergeDebugShaders UP-TO-DATE
[        ] Caching disabled for task ':flutter_keyboard_visibility_temp_fork:mergeDebugShaders' because:
[        ]   Build cache is disabled
[        ]   Simple merging task
[        ] Skipping task ':flutter_keyboard_visibility_temp_fork:mergeDebugShaders' as it is up-to-date.
[        ] Resolve mutations for :flutter_keyboard_visibility_temp_fork:compileDebugShaders (Thread[#41250,included builds,5,main]) started.
[        ] :flutter_keyboard_visibility_temp_fork:compileDebugShaders (Thread[#41250,included builds,5,main]) started.
[        ] > Task :flutter_keyboard_visibility_temp_fork:compileDebugShaders NO-SOURCE
[        ] Skipping task ':flutter_keyboard_visibility_temp_fork:compileDebugShaders' as it has no source files and no previous output files.
[        ] Resolve mutations for :flutter_keyboard_visibility_temp_fork:generateDebugAssets (Thread[#41250,included builds,5,main]) started.
[        ] :flutter_keyboard_visibility_temp_fork:generateDebugAssets (Thread[#41250,included builds,5,main]) started.
[        ] > Task :flutter_keyboard_visibility_temp_fork:generateDebugAssets UP-TO-DATE
[        ] Skipping task ':flutter_keyboard_visibility_temp_fork:generateDebugAssets' as it has no actions.
[        ] Resolve mutations for :flutter_keyboard_visibility_temp_fork:mergeDebugAssets (Thread[#41250,included builds,5,main]) started.
[        ] :flutter_keyboard_visibility_temp_fork:mergeDebugAssets (Thread[#41250,included builds,5,main]) started.
[        ] > Task :flutter_keyboard_visibility_temp_fork:mergeDebugAssets UP-TO-DATE
[        ] Caching disabled for task ':flutter_keyboard_visibility_temp_fork:mergeDebugAssets' because:
[        ]   Build cache is disabled
[        ]   Simple merging task
[        ] Skipping task ':flutter_keyboard_visibility_temp_fork:mergeDebugAssets' as it is up-to-date.
[        ] work action resolve mergeDebugAssets (project :flutter_keyboard_visibility_temp_fork) (Thread[#41250,included builds,5,main]) started.
[        ] Resolve mutations for :flutter_native_splash:mergeDebugShaders (Thread[#41250,included builds,5,main]) started.
[        ] :flutter_native_splash:mergeDebugShaders (Thread[#41250,included builds,5,main]) started.
[        ] > Task :flutter_native_splash:mergeDebugShaders UP-TO-DATE
[        ] Caching disabled for task ':flutter_native_splash:mergeDebugShaders' because:
[        ]   Build cache is disabled
[        ]   Simple merging task
[        ] Skipping task ':flutter_native_splash:mergeDebugShaders' as it is up-to-date.
[        ] Resolve mutations for :flutter_native_splash:compileDebugShaders (Thread[#41250,included builds,5,main]) started.
[        ] :flutter_native_splash:compileDebugShaders (Thread[#41250,included builds,5,main]) started.
[        ] > Task :flutter_native_splash:compileDebugShaders NO-SOURCE
[        ] Skipping task ':flutter_native_splash:compileDebugShaders' as it has no source files and no previous output files.
[        ] Resolve mutations for :flutter_native_splash:generateDebugAssets (Thread[#41250,included builds,5,main]) started.
[        ] :flutter_native_splash:generateDebugAssets (Thread[#41250,included builds,5,main]) started.
[        ] > Task :flutter_native_splash:generateDebugAssets UP-TO-DATE
[        ] Skipping task ':flutter_native_splash:generateDebugAssets' as it has no actions.
[        ] Resolve mutations for :flutter_native_splash:mergeDebugAssets (Thread[#41250,included builds,5,main]) started.
[        ] :flutter_native_splash:mergeDebugAssets (Thread[#41250,included builds,5,main]) started.
[        ] > Task :flutter_native_splash:mergeDebugAssets UP-TO-DATE
[        ] Caching disabled for task ':flutter_native_splash:mergeDebugAssets' because:
[        ]   Build cache is disabled
[        ]   Simple merging task
[        ] Skipping task ':flutter_native_splash:mergeDebugAssets' as it is up-to-date.
[        ] work action resolve mergeDebugAssets (project :flutter_native_splash) (Thread[#41250,included builds,5,main]) started.
[        ] Resolve mutations for :flutter_olm:mergeDebugShaders (Thread[#41250,included builds,5,main]) started.
[        ] :flutter_olm:mergeDebugShaders (Thread[#41250,included builds,5,main]) started.
[        ] > Task :flutter_olm:mergeDebugShaders UP-TO-DATE
[        ] Caching disabled for task ':flutter_olm:mergeDebugShaders' because:
[        ]   Build cache is disabled
[        ]   Simple merging task
[        ] Skipping task ':flutter_olm:mergeDebugShaders' as it is up-to-date.
[        ] Resolve mutations for :flutter_olm:compileDebugShaders (Thread[#41250,included builds,5,main]) started.
[        ] :flutter_olm:compileDebugShaders (Thread[#41250,included builds,5,main]) started.
[        ] > Task :flutter_olm:compileDebugShaders NO-SOURCE
[        ] Skipping task ':flutter_olm:compileDebugShaders' as it has no source files and no previous output files.
[        ] Resolve mutations for :flutter_olm:generateDebugAssets (Thread[#41250,included builds,5,main]) started.
[        ] :flutter_olm:generateDebugAssets (Thread[#41250,included builds,5,main]) started.
[        ] > Task :flutter_olm:generateDebugAssets UP-TO-DATE
[        ] Skipping task ':flutter_olm:generateDebugAssets' as it has no actions.
[        ] Resolve mutations for :flutter_olm:mergeDebugAssets (Thread[#41250,included builds,5,main]) started.
[        ] :flutter_olm:mergeDebugAssets (Thread[#41250,included builds,5,main]) started.
[        ] > Task :flutter_olm:mergeDebugAssets UP-TO-DATE
[        ] Caching disabled for task ':flutter_olm:mergeDebugAssets' because:
[        ]   Build cache is disabled
[        ]   Simple merging task
[        ] Skipping task ':flutter_olm:mergeDebugAssets' as it is up-to-date.
[        ] work action resolve mergeDebugAssets (project :flutter_olm) (Thread[#41250,included builds,5,main]) started.
[        ] Resolve mutations for :flutter_openssl_crypto:mergeDebugShaders (Thread[#41250,included builds,5,main]) started.
[        ] :flutter_openssl_crypto:mergeDebugShaders (Thread[#41250,included builds,5,main]) started.
[        ] > Task :flutter_openssl_crypto:mergeDebugShaders UP-TO-DATE
[        ] Caching disabled for task ':flutter_openssl_crypto:mergeDebugShaders' because:
[        ]   Build cache is disabled
[        ]   Simple merging task
[        ] Skipping task ':flutter_openssl_crypto:mergeDebugShaders' as it is up-to-date.
[        ] Resolve mutations for :flutter_openssl_crypto:compileDebugShaders (Thread[#41250,included builds,5,main]) started.
[        ] :flutter_openssl_crypto:compileDebugShaders (Thread[#41250,included builds,5,main]) started.
[        ] > Task :flutter_openssl_crypto:compileDebugShaders NO-SOURCE
[        ] Skipping task ':flutter_openssl_crypto:compileDebugShaders' as it has no source files and no previous output files.
[        ] Resolve mutations for :flutter_openssl_crypto:generateDebugAssets (Thread[#41250,included builds,5,main]) started.
[        ] :flutter_openssl_crypto:generateDebugAssets (Thread[#41250,included builds,5,main]) started.
[        ] > Task :flutter_openssl_crypto:generateDebugAssets UP-TO-DATE
[        ] Skipping task ':flutter_openssl_crypto:generateDebugAssets' as it has no actions.
[        ] Resolve mutations for :flutter_openssl_crypto:mergeDebugAssets (Thread[#41250,included builds,5,main]) started.
[        ] :flutter_openssl_crypto:mergeDebugAssets (Thread[#41250,included builds,5,main]) started.
[        ] > Task :flutter_openssl_crypto:mergeDebugAssets UP-TO-DATE
[        ] Caching disabled for task ':flutter_openssl_crypto:mergeDebugAssets' because:
[        ]   Build cache is disabled
[        ]   Simple merging task
[        ] Skipping task ':flutter_openssl_crypto:mergeDebugAssets' as it is up-to-date.
[        ] work action resolve mergeDebugAssets (project :flutter_openssl_crypto) (Thread[#41250,included builds,5,main]) started.
[        ] Resolve mutations for :integration_test:mergeDebugShaders (Thread[#41250,included builds,5,main]) started.
[        ] :integration_test:mergeDebugShaders (Thread[#41250,included builds,5,main]) started.
[        ] > Task :integration_test:mergeDebugShaders UP-TO-DATE
[        ] Caching disabled for task ':integration_test:mergeDebugShaders' because:
[        ]   Build cache is disabled
[        ]   Simple merging task
[        ] Skipping task ':integration_test:mergeDebugShaders' as it is up-to-date.
[        ] Resolve mutations for :integration_test:compileDebugShaders (Thread[#41250,included builds,5,main]) started.
[        ] :integration_test:compileDebugShaders (Thread[#41250,included builds,5,main]) started.
[        ] > Task :integration_test:compileDebugShaders NO-SOURCE
[        ] Skipping task ':integration_test:compileDebugShaders' as it has no source files and no previous output files.
[        ] Resolve mutations for :integration_test:generateDebugAssets (Thread[#41250,included builds,5,main]) started.
[        ] :integration_test:generateDebugAssets (Thread[#41250,included builds,5,main]) started.
[        ] > Task :integration_test:generateDebugAssets UP-TO-DATE
[        ] Skipping task ':integration_test:generateDebugAssets' as it has no actions.
[        ] Resolve mutations for :integration_test:mergeDebugAssets (Thread[#41250,included builds,5,main]) started.
[        ] :integration_test:mergeDebugAssets (Thread[#41250,included builds,5,main]) started.
[        ] > Task :integration_test:mergeDebugAssets UP-TO-DATE
[        ] Caching disabled for task ':integration_test:mergeDebugAssets' because:
[        ]   Build cache is disabled
[        ]   Simple merging task
[        ] Skipping task ':integration_test:mergeDebugAssets' as it is up-to-date.
[        ] work action resolve mergeDebugAssets (project :integration_test) (Thread[#41250,included builds,5,main]) started.
[        ] Resolve mutations for :path_provider_android:mergeDebugShaders (Thread[#41250,included builds,5,main]) started.
[        ] :path_provider_android:mergeDebugShaders (Thread[#41250,included builds,5,main]) started.
[        ] > Task :path_provider_android:mergeDebugShaders UP-TO-DATE
[        ] Caching disabled for task ':path_provider_android:mergeDebugShaders' because:
[        ]   Build cache is disabled
[        ]   Simple merging task
[        ] Skipping task ':path_provider_android:mergeDebugShaders' as it is up-to-date.
[        ] Resolve mutations for :path_provider_android:compileDebugShaders (Thread[#41250,included builds,5,main]) started.
[        ] :path_provider_android:compileDebugShaders (Thread[#41250,included builds,5,main]) started.
[        ] > Task :path_provider_android:compileDebugShaders NO-SOURCE
[        ] Skipping task ':path_provider_android:compileDebugShaders' as it has no source files and no previous output files.
[        ] Resolve mutations for :path_provider_android:generateDebugAssets (Thread[#41250,included builds,5,main]) started.
[        ] :path_provider_android:generateDebugAssets (Thread[#41250,included builds,5,main]) started.
[        ] > Task :path_provider_android:generateDebugAssets UP-TO-DATE
[        ] Skipping task ':path_provider_android:generateDebugAssets' as it has no actions.
[        ] Resolve mutations for :path_provider_android:mergeDebugAssets (Thread[#41250,included builds,5,main]) started.
[        ] :path_provider_android:mergeDebugAssets (Thread[#41250,included builds,5,main]) started.
[        ] > Task :path_provider_android:mergeDebugAssets UP-TO-DATE
[        ] Caching disabled for task ':path_provider_android:mergeDebugAssets' because:
[        ]   Build cache is disabled
[        ]   Simple merging task
[        ] Skipping task ':path_provider_android:mergeDebugAssets' as it is up-to-date.
[        ] work action resolve mergeDebugAssets (project :path_provider_android) (Thread[#41250,included builds,5,main]) started.
[        ] Resolve mutations for :quill_native_bridge_android:mergeDebugShaders (Thread[#41250,included builds,5,main]) started.
[        ] :quill_native_bridge_android:mergeDebugShaders (Thread[#41250,included builds,5,main]) started.
[        ] > Task :quill_native_bridge_android:mergeDebugShaders UP-TO-DATE
[        ] Caching disabled for task ':quill_native_bridge_android:mergeDebugShaders' because:
[        ]   Build cache is disabled
[        ]   Simple merging task
[        ] Skipping task ':quill_native_bridge_android:mergeDebugShaders' as it is up-to-date.
[        ] Resolve mutations for :quill_native_bridge_android:compileDebugShaders (Thread[#41250,included builds,5,main]) started.
[        ] :quill_native_bridge_android:compileDebugShaders (Thread[#41250,included builds,5,main]) started.
[        ] > Task :quill_native_bridge_android:compileDebugShaders NO-SOURCE
[        ] Skipping task ':quill_native_bridge_android:compileDebugShaders' as it has no source files and no previous output files.
[        ] Resolve mutations for :quill_native_bridge_android:generateDebugAssets (Thread[#41250,included builds,5,main]) started.
[        ] :quill_native_bridge_android:generateDebugAssets (Thread[#41250,included builds,5,main]) started.
[        ] > Task :quill_native_bridge_android:generateDebugAssets UP-TO-DATE
[        ] Skipping task ':quill_native_bridge_android:generateDebugAssets' as it has no actions.
[        ] Resolve mutations for :quill_native_bridge_android:mergeDebugAssets (Thread[#41250,included builds,5,main]) started.
[        ] :quill_native_bridge_android:mergeDebugAssets (Thread[#41250,included builds,5,main]) started.
[        ] > Task :quill_native_bridge_android:mergeDebugAssets UP-TO-DATE
[        ] Caching disabled for task ':quill_native_bridge_android:mergeDebugAssets' because:
[        ]   Build cache is disabled
[        ]   Simple merging task
[        ] Skipping task ':quill_native_bridge_android:mergeDebugAssets' as it is up-to-date.
[        ] work action resolve mergeDebugAssets (project :quill_native_bridge_android) (Thread[#41250,included builds,5,main]) started.
[        ] Resolve mutations for :shared_preferences_android:mergeDebugShaders (Thread[#41250,included builds,5,main]) started.
[        ] :shared_preferences_android:mergeDebugShaders (Thread[#41250,included builds,5,main]) started.
[        ] > Task :shared_preferences_android:mergeDebugShaders UP-TO-DATE
[        ] Caching disabled for task ':shared_preferences_android:mergeDebugShaders' because:
[        ]   Build cache is disabled
[        ]   Simple merging task
[        ] Skipping task ':shared_preferences_android:mergeDebugShaders' as it is up-to-date.
[        ] Resolve mutations for :shared_preferences_android:compileDebugShaders (Thread[#41250,included builds,5,main]) started.
[        ] :shared_preferences_android:compileDebugShaders (Thread[#41250,included builds,5,main]) started.
[        ] > Task :shared_preferences_android:compileDebugShaders NO-SOURCE
[        ] Skipping task ':shared_preferences_android:compileDebugShaders' as it has no source files and no previous output files.
[        ] Resolve mutations for :shared_preferences_android:generateDebugAssets (Thread[#41250,included builds,5,main]) started.
[        ] :shared_preferences_android:generateDebugAssets (Thread[#41250,included builds,5,main]) started.
[        ] > Task :shared_preferences_android:generateDebugAssets UP-TO-DATE
[        ] Skipping task ':shared_preferences_android:generateDebugAssets' as it has no actions.
[        ] Resolve mutations for :shared_preferences_android:mergeDebugAssets (Thread[#41250,included builds,5,main]) started.
[        ] :shared_preferences_android:mergeDebugAssets (Thread[#41250,included builds,5,main]) started.
[        ] > Task :shared_preferences_android:mergeDebugAssets UP-TO-DATE
[        ] Caching disabled for task ':shared_preferences_android:mergeDebugAssets' because:
[        ]   Build cache is disabled
[        ]   Simple merging task
[        ] Skipping task ':shared_preferences_android:mergeDebugAssets' as it is up-to-date.
[        ] work action resolve mergeDebugAssets (project :shared_preferences_android) (Thread[#41250,included builds,5,main]) started.
[        ] Resolve mutations for :sqflite_android:mergeDebugShaders (Thread[#41250,included builds,5,main]) started.
[        ] :sqflite_android:mergeDebugShaders (Thread[#41250,included builds,5,main]) started.
[        ] > Task :sqflite_android:mergeDebugShaders UP-TO-DATE
[        ] Caching disabled for task ':sqflite_android:mergeDebugShaders' because:
[        ]   Build cache is disabled
[        ]   Simple merging task
[        ] Skipping task ':sqflite_android:mergeDebugShaders' as it is up-to-date.
[        ] Resolve mutations for :sqflite_android:compileDebugShaders (Thread[#41250,included builds,5,main]) started.
[        ] :sqflite_android:compileDebugShaders (Thread[#41250,included builds,5,main]) started.
[        ] > Task :sqflite_android:compileDebugShaders NO-SOURCE
[        ] Skipping task ':sqflite_android:compileDebugShaders' as it has no source files and no previous output files.
[        ] Resolve mutations for :sqflite_android:generateDebugAssets (Thread[#41250,included builds,5,main]) started.
[        ] :sqflite_android:generateDebugAssets (Thread[#41250,included builds,5,main]) started.
[        ] > Task :sqflite_android:generateDebugAssets UP-TO-DATE
[        ] Skipping task ':sqflite_android:generateDebugAssets' as it has no actions.
[        ] Resolve mutations for :sqflite_android:mergeDebugAssets (Thread[#41250,included builds,5,main]) started.
[        ] :sqflite_android:mergeDebugAssets (Thread[#41250,included builds,5,main]) started.
[        ] > Task :sqflite_android:mergeDebugAssets UP-TO-DATE
[        ] Caching disabled for task ':sqflite_android:mergeDebugAssets' because:
[        ]   Build cache is disabled
[        ]   Simple merging task
[        ] Skipping task ':sqflite_android:mergeDebugAssets' as it is up-to-date.
[        ] work action resolve mergeDebugAssets (project :sqflite_android) (Thread[#41250,included builds,5,main]) started.
[        ] Resolve mutations for :url_launcher_android:mergeDebugShaders (Thread[#41250,included builds,5,main]) started.
[        ] :url_launcher_android:mergeDebugShaders (Thread[#41250,included builds,5,main]) started.
[        ] > Task :url_launcher_android:mergeDebugShaders UP-TO-DATE
[        ] Caching disabled for task ':url_launcher_android:mergeDebugShaders' because:
[        ]   Build cache is disabled
[        ]   Simple merging task
[        ] Skipping task ':url_launcher_android:mergeDebugShaders' as it is up-to-date.
[        ] Resolve mutations for :url_launcher_android:compileDebugShaders (Thread[#41250,included builds,5,main]) started.
[        ] :url_launcher_android:compileDebugShaders (Thread[#41250,included builds,5,main]) started.
[        ] > Task :url_launcher_android:compileDebugShaders NO-SOURCE
[        ] Skipping task ':url_launcher_android:compileDebugShaders' as it has no source files and no previous output files.
[        ] Resolve mutations for :url_launcher_android:generateDebugAssets (Thread[#41250,included builds,5,main]) started.
[        ] :url_launcher_android:generateDebugAssets (Thread[#41250,included builds,5,main]) started.
[        ] > Task :url_launcher_android:generateDebugAssets UP-TO-DATE
[        ] Skipping task ':url_launcher_android:generateDebugAssets' as it has no actions.
[        ] Resolve mutations for :url_launcher_android:mergeDebugAssets (Thread[#41250,included builds,5,main]) started.
[        ] :url_launcher_android:mergeDebugAssets (Thread[#41250,included builds,5,main]) started.
[        ] > Task :url_launcher_android:mergeDebugAssets UP-TO-DATE
[        ] Caching disabled for task ':url_launcher_android:mergeDebugAssets' because:
[        ]   Build cache is disabled
[        ]   Simple merging task
[        ] Skipping task ':url_launcher_android:mergeDebugAssets' as it is up-to-date.
[        ] work action resolve mergeDebugAssets (project :url_launcher_android) (Thread[#41250,included builds,5,main]) started.
[        ] Resolve mutations for :video_player_android:mergeDebugShaders (Thread[#41250,included builds,5,main]) started.
[        ] :video_player_android:mergeDebugShaders (Thread[#41250,included builds,5,main]) started.
[        ] > Task :video_player_android:mergeDebugShaders UP-TO-DATE
[        ] Caching disabled for task ':video_player_android:mergeDebugShaders' because:
[        ]   Build cache is disabled
[        ]   Simple merging task
[        ] Skipping task ':video_player_android:mergeDebugShaders' as it is up-to-date.
[        ] Resolve mutations for :video_player_android:compileDebugShaders (Thread[#41250,included builds,5,main]) started.
[        ] :video_player_android:compileDebugShaders (Thread[#41250,included builds,5,main]) started.
[        ] > Task :video_player_android:compileDebugShaders NO-SOURCE
[        ] Skipping task ':video_player_android:compileDebugShaders' as it has no source files and no previous output files.
[        ] Resolve mutations for :video_player_android:generateDebugAssets (Thread[#41250,included builds,5,main]) started.
[        ] :video_player_android:generateDebugAssets (Thread[#41250,included builds,5,main]) started.
[        ] > Task :video_player_android:generateDebugAssets UP-TO-DATE
[        ] Skipping task ':video_player_android:generateDebugAssets' as it has no actions.
[        ] Resolve mutations for :video_player_android:mergeDebugAssets (Thread[#41250,included builds,5,main]) started.
[        ] :video_player_android:mergeDebugAssets (Thread[#41250,included builds,5,main]) started.
[        ] > Task :video_player_android:mergeDebugAssets UP-TO-DATE
[        ] Caching disabled for task ':video_player_android:mergeDebugAssets' because:
[        ]   Build cache is disabled
[        ]   Simple merging task
[        ] Skipping task ':video_player_android:mergeDebugAssets' as it is up-to-date.
[        ] work action resolve mergeDebugAssets (project :video_player_android) (Thread[#41250,included builds,5,main]) started.
[        ] Resolve mutations for :app:mergeDebugAssets (Thread[#41250,included builds,5,main]) started.
[        ] :app:mergeDebugAssets (Thread[#41250,included builds,5,main]) started.
[  +94 ms] > Task :app:mergeDebugAssets
[        ] Caching disabled for task ':app:mergeDebugAssets' because:
[        ]   Build cache is disabled
[        ]   Simple merging task
[        ] Task ':app:mergeDebugAssets' is not up-to-date because:
[        ]   Output property 'outputDir' file /Users/florian/Code/substitution/build/app/intermediates/assets/debug/mergeDebugAssets has been removed.
[        ] The input changes require a full rebuild for incremental task ':app:mergeDebugAssets'.
[        ] Resolve mutations for :app:copyFlutterAssetsDebug (Thread[#41250,included builds,5,main]) started.
[        ] :app:copyFlutterAssetsDebug (Thread[#41250,included builds,5,main]) started.
[ +207 ms] > Task :app:copyFlutterAssetsDebug
[        ] Caching disabled for task ':app:copyFlutterAssetsDebug' because:
[        ]   Build cache is disabled
[        ]   Not worth caching
[        ] Task ':app:copyFlutterAssetsDebug' is not up-to-date because:
[        ]   Output property 'destinationDir' file /Users/florian/Code/substitution/build/app/intermediates/assets/debug/mergeDebugAssets/flutter_assets has been removed.
[        ]   Output property 'destinationDir' file /Users/florian/Code/substitution/build/app/intermediates/assets/debug/mergeDebugAssets/flutter_assets/AssetManifest.bin has been removed.
[        ]   Output property 'destinationDir' file /Users/florian/Code/substitution/build/app/intermediates/assets/debug/mergeDebugAssets/flutter_assets/FontManifest.json has been removed.
[        ]   and more...
[        ] Resolve mutations for :app:generateDebugResValues (Thread[#41250,included builds,5,main]) started.
[        ] :app:generateDebugResValues (Thread[#41250,included builds,5,main]) started.
[        ] > Task :app:generateDebugResValues UP-TO-DATE
[        ] Caching disabled for task ':app:generateDebugResValues' because:
[        ]   Build cache is disabled
[        ] Skipping task ':app:generateDebugResValues' as it is up-to-date.
[        ] Resolve mutations for :connectivity_plus:generateDebugResValues (Thread[#41250,included builds,5,main]) started.
[        ] :connectivity_plus:generateDebugResValues (Thread[#41250,included builds,5,main]) started.
[        ] > Task :connectivity_plus:generateDebugResValues UP-TO-DATE
[        ] Caching disabled for task ':connectivity_plus:generateDebugResValues' because:
[        ]   Build cache is disabled
[        ] Skipping task ':connectivity_plus:generateDebugResValues' as it is up-to-date.
[        ] Resolve mutations for :connectivity_plus:generateDebugResources (Thread[#41250,included builds,5,main]) started.
[        ] :connectivity_plus:generateDebugResources (Thread[#41250,included builds,5,main]) started.
[        ] > Task :connectivity_plus:generateDebugResources UP-TO-DATE
[        ] Caching disabled for task ':connectivity_plus:generateDebugResources' because:
[        ]   Build cache is disabled
[        ] Skipping task ':connectivity_plus:generateDebugResources' as it is up-to-date.
[        ] Resolve mutations for :connectivity_plus:packageDebugResources (Thread[#41250,included builds,5,main]) started.
[        ] :connectivity_plus:packageDebugResources (Thread[#41250,included builds,5,main]) started.
[        ] > Task :connectivity_plus:packageDebugResources UP-TO-DATE
[        ] Caching disabled for task ':connectivity_plus:packageDebugResources' because:
[        ]   Build cache is disabled
[        ] Skipping task ':connectivity_plus:packageDebugResources' as it is up-to-date.
[        ] work action resolve packageDebugResources (project :connectivity_plus) (Thread[#41250,included builds,5,main]) started.
[        ] Resolve mutations for :emoji_picker_flutter:generateDebugResValues (Thread[#41250,included builds,5,main]) started.
[        ] :emoji_picker_flutter:generateDebugResValues (Thread[#41250,included builds,5,main]) started.
[        ] > Task :emoji_picker_flutter:generateDebugResValues UP-TO-DATE
[        ] Caching disabled for task ':emoji_picker_flutter:generateDebugResValues' because:
[        ]   Build cache is disabled
[        ] Skipping task ':emoji_picker_flutter:generateDebugResValues' as it is up-to-date.
[        ] Resolve mutations for :emoji_picker_flutter:generateDebugResources (Thread[#41250,included builds,5,main]) started.
[        ] :emoji_picker_flutter:generateDebugResources (Thread[#41250,included builds,5,main]) started.
[        ] > Task :emoji_picker_flutter:generateDebugResources UP-TO-DATE
[        ] Caching disabled for task ':emoji_picker_flutter:generateDebugResources' because:
[        ]   Build cache is disabled
[        ] Skipping task ':emoji_picker_flutter:generateDebugResources' as it is up-to-date.
[        ] Resolve mutations for :emoji_picker_flutter:packageDebugResources (Thread[#41250,included builds,5,main]) started.
[        ] :emoji_picker_flutter:packageDebugResources (Thread[#41250,included builds,5,main]) started.
[        ] > Task :emoji_picker_flutter:packageDebugResources UP-TO-DATE
[        ] Caching disabled for task ':emoji_picker_flutter:packageDebugResources' because:
[        ]   Build cache is disabled
[        ] Skipping task ':emoji_picker_flutter:packageDebugResources' as it is up-to-date.
[        ] work action resolve packageDebugResources (project :emoji_picker_flutter) (Thread[#41250,included builds,5,main]) started.
[        ] Resolve mutations for :file_selector_android:generateDebugResValues (Thread[#41250,included builds,5,main]) started.
[        ] :file_selector_android:generateDebugResValues (Thread[#41250,included builds,5,main]) started.
[        ] > Task :file_selector_android:generateDebugResValues UP-TO-DATE
[        ] Caching disabled for task ':file_selector_android:generateDebugResValues' because:
[        ]   Build cache is disabled
[        ] Skipping task ':file_selector_android:generateDebugResValues' as it is up-to-date.
[        ] Resolve mutations for :file_selector_android:generateDebugResources (Thread[#41250,included builds,5,main]) started.
[        ] :file_selector_android:generateDebugResources (Thread[#41250,included builds,5,main]) started.
[        ] > Task :file_selector_android:generateDebugResources UP-TO-DATE
[        ] Caching disabled for task ':file_selector_android:generateDebugResources' because:
[        ]   Build cache is disabled
[        ] Skipping task ':file_selector_android:generateDebugResources' as it is up-to-date.
[        ] Resolve mutations for :file_selector_android:packageDebugResources (Thread[#41250,included builds,5,main]) started.
[        ] :file_selector_android:packageDebugResources (Thread[#41250,included builds,5,main]) started.
[        ] > Task :file_selector_android:packageDebugResources UP-TO-DATE
[        ] Caching disabled for task ':file_selector_android:packageDebugResources' because:
[        ]   Build cache is disabled
[        ] Skipping task ':file_selector_android:packageDebugResources' as it is up-to-date.
[        ] work action resolve packageDebugResources (project :file_selector_android) (Thread[#41250,included builds,5,main]) started.
[        ] Resolve mutations for :flutter_keyboard_visibility_temp_fork:generateDebugResValues (Thread[#41250,included builds,5,main]) started.
[        ] :flutter_keyboard_visibility_temp_fork:generateDebugResValues (Thread[#41250,included builds,5,main]) started.
[        ] > Task :flutter_keyboard_visibility_temp_fork:generateDebugResValues UP-TO-DATE
[        ] Caching disabled for task ':flutter_keyboard_visibility_temp_fork:generateDebugResValues' because:
[        ]   Build cache is disabled
[        ] Skipping task ':flutter_keyboard_visibility_temp_fork:generateDebugResValues' as it is up-to-date.
[        ] Resolve mutations for :flutter_keyboard_visibility_temp_fork:generateDebugResources (Thread[#41250,included builds,5,main]) started.
[        ] :flutter_keyboard_visibility_temp_fork:generateDebugResources (Thread[#41250,included builds,5,main]) started.
[        ] > Task :flutter_keyboard_visibility_temp_fork:generateDebugResources UP-TO-DATE
[        ] Caching disabled for task ':flutter_keyboard_visibility_temp_fork:generateDebugResources' because:
[        ]   Build cache is disabled
[        ] Skipping task ':flutter_keyboard_visibility_temp_fork:generateDebugResources' as it is up-to-date.
[        ] Resolve mutations for :flutter_keyboard_visibility_temp_fork:packageDebugResources (Thread[#41250,included builds,5,main]) started.
[        ] :flutter_keyboard_visibility_temp_fork:packageDebugResources (Thread[#41250,included builds,5,main]) started.
[        ] > Task :flutter_keyboard_visibility_temp_fork:packageDebugResources UP-TO-DATE
[        ] Caching disabled for task ':flutter_keyboard_visibility_temp_fork:packageDebugResources' because:
[        ]   Build cache is disabled
[        ] Skipping task ':flutter_keyboard_visibility_temp_fork:packageDebugResources' as it is up-to-date.
[        ] work action resolve packageDebugResources (project :flutter_keyboard_visibility_temp_fork) (Thread[#41250,included builds,5,main]) started.
[        ] Resolve mutations for :flutter_native_splash:generateDebugResValues (Thread[#41250,included builds,5,main]) started.
[        ] :flutter_native_splash:generateDebugResValues (Thread[#41250,included builds,5,main]) started.
[        ] > Task :flutter_native_splash:generateDebugResValues UP-TO-DATE
[        ] Caching disabled for task ':flutter_native_splash:generateDebugResValues' because:
[        ]   Build cache is disabled
[        ] Skipping task ':flutter_native_splash:generateDebugResValues' as it is up-to-date.
[        ] Resolve mutations for :flutter_native_splash:generateDebugResources (Thread[#41250,included builds,5,main]) started.
[        ] :flutter_native_splash:generateDebugResources (Thread[#41250,included builds,5,main]) started.
[        ] > Task :flutter_native_splash:generateDebugResources UP-TO-DATE
[        ] Caching disabled for task ':flutter_native_splash:generateDebugResources' because:
[        ]   Build cache is disabled
[        ] Skipping task ':flutter_native_splash:generateDebugResources' as it is up-to-date.
[        ] Resolve mutations for :flutter_native_splash:packageDebugResources (Thread[#41250,included builds,5,main]) started.
[        ] :flutter_native_splash:packageDebugResources (Thread[#41250,included builds,5,main]) started.
[        ] > Task :flutter_native_splash:packageDebugResources UP-TO-DATE
[        ] Caching disabled for task ':flutter_native_splash:packageDebugResources' because:
[        ]   Build cache is disabled
[        ] Skipping task ':flutter_native_splash:packageDebugResources' as it is up-to-date.
[        ] work action resolve packageDebugResources (project :flutter_native_splash) (Thread[#41250,included builds,5,main]) started.
[        ] Resolve mutations for :flutter_olm:generateDebugResValues (Thread[#41250,included builds,5,main]) started.
[        ] :flutter_olm:generateDebugResValues (Thread[#41250,included builds,5,main]) started.
[        ] > Task :flutter_olm:generateDebugResValues UP-TO-DATE
[        ] Caching disabled for task ':flutter_olm:generateDebugResValues' because:
[        ]   Build cache is disabled
[        ] Skipping task ':flutter_olm:generateDebugResValues' as it is up-to-date.
[        ] Resolve mutations for :flutter_olm:generateDebugResources (Thread[#41250,included builds,5,main]) started.
[        ] :flutter_olm:generateDebugResources (Thread[#41250,included builds,5,main]) started.
[        ] > Task :flutter_olm:generateDebugResources UP-TO-DATE
[        ] Caching disabled for task ':flutter_olm:generateDebugResources' because:
[        ]   Build cache is disabled
[        ] Skipping task ':flutter_olm:generateDebugResources' as it is up-to-date.
[        ] Resolve mutations for :flutter_olm:packageDebugResources (Thread[#41250,included builds,5,main]) started.
[        ] :flutter_olm:packageDebugResources (Thread[#41250,included builds,5,main]) started.
[        ] > Task :flutter_olm:packageDebugResources UP-TO-DATE
[        ] Caching disabled for task ':flutter_olm:packageDebugResources' because:
[        ]   Build cache is disabled
[        ] Skipping task ':flutter_olm:packageDebugResources' as it is up-to-date.
[        ] work action resolve packageDebugResources (project :flutter_olm) (Thread[#41250,included builds,5,main]) started.
[        ] Resolve mutations for :flutter_openssl_crypto:generateDebugResValues (Thread[#41250,included builds,5,main]) started.
[        ] :flutter_openssl_crypto:generateDebugResValues (Thread[#41250,included builds,5,main]) started.
[        ] > Task :flutter_openssl_crypto:generateDebugResValues UP-TO-DATE
[        ] Caching disabled for task ':flutter_openssl_crypto:generateDebugResValues' because:
[        ]   Build cache is disabled
[        ] Skipping task ':flutter_openssl_crypto:generateDebugResValues' as it is up-to-date.
[        ] Resolve mutations for :flutter_openssl_crypto:generateDebugResources (Thread[#41250,included builds,5,main]) started.
[        ] :flutter_openssl_crypto:generateDebugResources (Thread[#41250,included builds,5,main]) started.
[        ] > Task :flutter_openssl_crypto:generateDebugResources UP-TO-DATE
[        ] Caching disabled for task ':flutter_openssl_crypto:generateDebugResources' because:
[        ]   Build cache is disabled
[        ] Skipping task ':flutter_openssl_crypto:generateDebugResources' as it is up-to-date.
[        ] Resolve mutations for :flutter_openssl_crypto:packageDebugResources (Thread[#41250,included builds,5,main]) started.
[        ] :flutter_openssl_crypto:packageDebugResources (Thread[#41250,included builds,5,main]) started.
[        ] > Task :flutter_openssl_crypto:packageDebugResources UP-TO-DATE
[        ] Caching disabled for task ':flutter_openssl_crypto:packageDebugResources' because:
[        ]   Build cache is disabled
[        ] Skipping task ':flutter_openssl_crypto:packageDebugResources' as it is up-to-date.
[        ] work action resolve packageDebugResources (project :flutter_openssl_crypto) (Thread[#41250,included builds,5,main]) started.
[        ] Resolve mutations for :integration_test:generateDebugResValues (Thread[#41250,included builds,5,main]) started.
[        ] :integration_test:generateDebugResValues (Thread[#41250,included builds,5,main]) started.
[        ] > Task :integration_test:generateDebugResValues UP-TO-DATE
[        ] Caching disabled for task ':integration_test:generateDebugResValues' because:
[        ]   Build cache is disabled
[        ] Skipping task ':integration_test:generateDebugResValues' as it is up-to-date.
[        ] Resolve mutations for :integration_test:generateDebugResources (Thread[#41250,included builds,5,main]) started.
[        ] :integration_test:generateDebugResources (Thread[#41250,included builds,5,main]) started.
[        ] > Task :integration_test:generateDebugResources UP-TO-DATE
[        ] Caching disabled for task ':integration_test:generateDebugResources' because:
[        ]   Build cache is disabled
[        ] Skipping task ':integration_test:generateDebugResources' as it is up-to-date.
[        ] Resolve mutations for :integration_test:packageDebugResources (Thread[#41250,included builds,5,main]) started.
[        ] :integration_test:packageDebugResources (Thread[#41250,included builds,5,main]) started.
[        ] > Task :integration_test:packageDebugResources UP-TO-DATE
[        ] Caching disabled for task ':integration_test:packageDebugResources' because:
[        ]   Build cache is disabled
[        ] Skipping task ':integration_test:packageDebugResources' as it is up-to-date.
[        ] work action resolve packageDebugResources (project :integration_test) (Thread[#41250,included builds,5,main]) started.
[        ] Resolve mutations for :path_provider_android:generateDebugResValues (Thread[#41250,included builds,5,main]) started.
[        ] :path_provider_android:generateDebugResValues (Thread[#41250,included builds,5,main]) started.
[        ] > Task :path_provider_android:generateDebugResValues UP-TO-DATE
[        ] Caching disabled for task ':path_provider_android:generateDebugResValues' because:
[        ]   Build cache is disabled
[        ] Skipping task ':path_provider_android:generateDebugResValues' as it is up-to-date.
[        ] Resolve mutations for :path_provider_android:generateDebugResources (Thread[#41250,included builds,5,main]) started.
[        ] :path_provider_android:generateDebugResources (Thread[#41250,included builds,5,main]) started.
[        ] > Task :path_provider_android:generateDebugResources UP-TO-DATE
[        ] Caching disabled for task ':path_provider_android:generateDebugResources' because:
[        ]   Build cache is disabled
[        ] Skipping task ':path_provider_android:generateDebugResources' as it is up-to-date.
[        ] Resolve mutations for :path_provider_android:packageDebugResources (Thread[#41250,included builds,5,main]) started.
[        ] :path_provider_android:packageDebugResources (Thread[#41250,included builds,5,main]) started.
[        ] > Task :path_provider_android:packageDebugResources UP-TO-DATE
[        ] Caching disabled for task ':path_provider_android:packageDebugResources' because:
[        ]   Build cache is disabled
[        ] Skipping task ':path_provider_android:packageDebugResources' as it is up-to-date.
[        ] work action resolve packageDebugResources (project :path_provider_android) (Thread[#41250,included builds,5,main]) started.
[        ] Resolve mutations for :quill_native_bridge_android:generateDebugResValues (Thread[#41250,included builds,5,main]) started.
[        ] :quill_native_bridge_android:generateDebugResValues (Thread[#41250,included builds,5,main]) started.
[        ] > Task :quill_native_bridge_android:generateDebugResValues UP-TO-DATE
[        ] Caching disabled for task ':quill_native_bridge_android:generateDebugResValues' because:
[        ]   Build cache is disabled
[        ] Skipping task ':quill_native_bridge_android:generateDebugResValues' as it is up-to-date.
[        ] Resolve mutations for :quill_native_bridge_android:generateDebugResources (Thread[#41250,included builds,5,main]) started.
[        ] :quill_native_bridge_android:generateDebugResources (Thread[#41250,included builds,5,main]) started.
[        ] > Task :quill_native_bridge_android:generateDebugResources UP-TO-DATE
[        ] Caching disabled for task ':quill_native_bridge_android:generateDebugResources' because:
[        ]   Build cache is disabled
[        ] Skipping task ':quill_native_bridge_android:generateDebugResources' as it is up-to-date.
[        ] Resolve mutations for :quill_native_bridge_android:packageDebugResources (Thread[#41250,included builds,5,main]) started.
[        ] :quill_native_bridge_android:packageDebugResources (Thread[#41250,included builds,5,main]) started.
[        ] > Task :quill_native_bridge_android:packageDebugResources UP-TO-DATE
[        ] Caching disabled for task ':quill_native_bridge_android:packageDebugResources' because:
[        ]   Build cache is disabled
[        ] Skipping task ':quill_native_bridge_android:packageDebugResources' as it is up-to-date.
[        ] work action resolve packageDebugResources (project :quill_native_bridge_android) (Thread[#41250,included builds,5,main]) started.
[        ] Resolve mutations for :shared_preferences_android:generateDebugResValues (Thread[#41250,included builds,5,main]) started.
[        ] :shared_preferences_android:generateDebugResValues (Thread[#41250,included builds,5,main]) started.
[        ] > Task :shared_preferences_android:generateDebugResValues UP-TO-DATE
[        ] Caching disabled for task ':shared_preferences_android:generateDebugResValues' because:
[        ]   Build cache is disabled
[        ] Skipping task ':shared_preferences_android:generateDebugResValues' as it is up-to-date.
[        ] Resolve mutations for :shared_preferences_android:generateDebugResources (Thread[#41250,included builds,5,main]) started.
[        ] :shared_preferences_android:generateDebugResources (Thread[#41250,included builds,5,main]) started.
[        ] > Task :shared_preferences_android:generateDebugResources UP-TO-DATE
[        ] Caching disabled for task ':shared_preferences_android:generateDebugResources' because:
[        ]   Build cache is disabled
[        ] Skipping task ':shared_preferences_android:generateDebugResources' as it is up-to-date.
[        ] Resolve mutations for :shared_preferences_android:packageDebugResources (Thread[#41250,included builds,5,main]) started.
[        ] :shared_preferences_android:packageDebugResources (Thread[#41250,included builds,5,main]) started.
[        ] > Task :shared_preferences_android:packageDebugResources UP-TO-DATE
[        ] Caching disabled for task ':shared_preferences_android:packageDebugResources' because:
[        ]   Build cache is disabled
[        ] Skipping task ':shared_preferences_android:packageDebugResources' as it is up-to-date.
[        ] work action resolve packageDebugResources (project :shared_preferences_android) (Thread[#41250,included builds,5,main]) started.
[        ] Resolve mutations for :sqflite_android:generateDebugResValues (Thread[#41250,included builds,5,main]) started.
[        ] :sqflite_android:generateDebugResValues (Thread[#41250,included builds,5,main]) started.
[        ] > Task :sqflite_android:generateDebugResValues UP-TO-DATE
[        ] Caching disabled for task ':sqflite_android:generateDebugResValues' because:
[        ]   Build cache is disabled
[        ] Skipping task ':sqflite_android:generateDebugResValues' as it is up-to-date.
[        ] Resolve mutations for :sqflite_android:generateDebugResources (Thread[#41250,included builds,5,main]) started.
[        ] :sqflite_android:generateDebugResources (Thread[#41250,included builds,5,main]) started.
[        ] > Task :sqflite_android:generateDebugResources UP-TO-DATE
[        ] Caching disabled for task ':sqflite_android:generateDebugResources' because:
[        ]   Build cache is disabled
[        ] Skipping task ':sqflite_android:generateDebugResources' as it is up-to-date.
[        ] Resolve mutations for :sqflite_android:packageDebugResources (Thread[#41250,included builds,5,main]) started.
[        ] :sqflite_android:packageDebugResources (Thread[#41250,included builds,5,main]) started.
[        ] > Task :sqflite_android:packageDebugResources UP-TO-DATE
[        ] Caching disabled for task ':sqflite_android:packageDebugResources' because:
[        ]   Build cache is disabled
[        ] Skipping task ':sqflite_android:packageDebugResources' as it is up-to-date.
[        ] work action resolve packageDebugResources (project :sqflite_android) (Thread[#41250,included builds,5,main]) started.
[        ] Resolve mutations for :url_launcher_android:generateDebugResValues (Thread[#41250,included builds,5,main]) started.
[        ] :url_launcher_android:generateDebugResValues (Thread[#41250,included builds,5,main]) started.
[        ] > Task :url_launcher_android:generateDebugResValues UP-TO-DATE
[        ] Caching disabled for task ':url_launcher_android:generateDebugResValues' because:
[        ]   Build cache is disabled
[        ] Skipping task ':url_launcher_android:generateDebugResValues' as it is up-to-date.
[        ] Resolve mutations for :url_launcher_android:generateDebugResources (Thread[#41250,included builds,5,main]) started.
[        ] :url_launcher_android:generateDebugResources (Thread[#41250,included builds,5,main]) started.
[        ] > Task :url_launcher_android:generateDebugResources UP-TO-DATE
[        ] Caching disabled for task ':url_launcher_android:generateDebugResources' because:
[        ]   Build cache is disabled
[        ] Skipping task ':url_launcher_android:generateDebugResources' as it is up-to-date.
[        ] Resolve mutations for :url_launcher_android:packageDebugResources (Thread[#41250,included builds,5,main]) started.
[        ] :url_launcher_android:packageDebugResources (Thread[#41250,included builds,5,main]) started.
[        ] > Task :url_launcher_android:packageDebugResources UP-TO-DATE
[        ] Caching disabled for task ':url_launcher_android:packageDebugResources' because:
[        ]   Build cache is disabled
[        ] Skipping task ':url_launcher_android:packageDebugResources' as it is up-to-date.
[        ] work action resolve packageDebugResources (project :url_launcher_android) (Thread[#41250,included builds,5,main]) started.
[        ] Resolve mutations for :video_player_android:generateDebugResValues (Thread[#41250,included builds,5,main]) started.
[        ] :video_player_android:generateDebugResValues (Thread[#41250,included builds,5,main]) started.
[        ] > Task :video_player_android:generateDebugResValues UP-TO-DATE
[        ] Caching disabled for task ':video_player_android:generateDebugResValues' because:
[        ]   Build cache is disabled
[        ] Skipping task ':video_player_android:generateDebugResValues' as it is up-to-date.
[        ] Resolve mutations for :video_player_android:generateDebugResources (Thread[#41250,included builds,5,main]) started.
[        ] :video_player_android:generateDebugResources (Thread[#41250,included builds,5,main]) started.
[        ] > Task :video_player_android:generateDebugResources UP-TO-DATE
[        ] Caching disabled for task ':video_player_android:generateDebugResources' because:
[        ]   Build cache is disabled
[        ] Skipping task ':video_player_android:generateDebugResources' as it is up-to-date.
[        ] Resolve mutations for :video_player_android:packageDebugResources (Thread[#41250,included builds,5,main]) started.
[        ] :video_player_android:packageDebugResources (Thread[#41250,included builds,5,main]) started.
[        ] > Task :video_player_android:packageDebugResources UP-TO-DATE
[        ] Caching disabled for task ':video_player_android:packageDebugResources' because:
[        ]   Build cache is disabled
[        ] Skipping task ':video_player_android:packageDebugResources' as it is up-to-date.
[        ] work action resolve packageDebugResources (project :video_player_android) (Thread[#41250,included builds,5,main]) started.
[        ] Resolve mutations for :app:mapDebugSourceSetPaths (Thread[#41250,included builds,5,main]) started.
[        ] :app:mapDebugSourceSetPaths (Thread[#41250,included builds,5,main]) started.
[        ] > Task :app:mapDebugSourceSetPaths UP-TO-DATE
[        ] Caching disabled for task ':app:mapDebugSourceSetPaths' because:
[        ]   Build cache is disabled
[        ]   Caching has been disabled for the task
[        ] Skipping task ':app:mapDebugSourceSetPaths' as it is up-to-date.
[        ] Resolve mutations for :app:generateDebugResources (Thread[#41250,included builds,5,main]) started.
[        ] :app:generateDebugResources (Thread[#41250,included builds,5,main]) started.
[        ] > Task :app:generateDebugResources UP-TO-DATE
[        ] Caching disabled for task ':app:generateDebugResources' because:
[        ]   Build cache is disabled
[        ] Skipping task ':app:generateDebugResources' as it is up-to-date.
[        ] Resolve mutations for :app:mergeDebugResources (Thread[#41250,included builds,5,main]) started.
[        ] :app:mergeDebugResources (Thread[#41250,included builds,5,main]) started.
[        ] > Task :app:mergeDebugResources UP-TO-DATE
[        ] Caching disabled for task ':app:mergeDebugResources' because:
[        ]   Build cache is disabled
[        ] Skipping task ':app:mergeDebugResources' as it is up-to-date.
[        ] Resolve mutations for :app:packageDebugResources (Thread[#41250,included builds,5,main]) started.
[        ] :app:packageDebugResources (Thread[#41250,included builds,5,main]) started.
[        ] > Task :app:packageDebugResources UP-TO-DATE
[        ] Caching disabled for task ':app:packageDebugResources' because:
[        ]   Build cache is disabled
[        ] Skipping task ':app:packageDebugResources' as it is up-to-date.
[        ] Resolve mutations for :app:parseDebugLocalResources (Thread[#41250,included builds,5,main]) started.
[        ] :app:parseDebugLocalResources (Thread[#41250,included builds,5,main]) started.
[        ] > Task :app:parseDebugLocalResources UP-TO-DATE
[        ] Caching disabled for task ':app:parseDebugLocalResources' because:
[        ]   Build cache is disabled
[        ] Skipping task ':app:parseDebugLocalResources' as it is up-to-date.
[        ] Resolve mutations for :app:createDebugCompatibleScreenManifests (Thread[#41250,included builds,5,main]) started.
[        ] :app:createDebugCompatibleScreenManifests (Thread[#41250,included builds,5,main]) started.
[        ] > Task :app:createDebugCompatibleScreenManifests UP-TO-DATE
[        ] Caching disabled for task ':app:createDebugCompatibleScreenManifests' because:
[        ]   Build cache is disabled
[        ]   Caching has been disabled for the task
[        ] Skipping task ':app:createDebugCompatibleScreenManifests' as it is up-to-date.
[        ] Resolve mutations for :app:extractDeepLinksDebug (Thread[#41250,included builds,5,main]) started.
[        ] :app:extractDeepLinksDebug (Thread[#41250,included builds,5,main]) started.
[        ] > Task :app:extractDeepLinksDebug UP-TO-DATE
[        ] Caching disabled for task ':app:extractDeepLinksDebug' because:
[        ]   Build cache is disabled
[        ] Skipping task ':app:extractDeepLinksDebug' as it is up-to-date.
[        ] Resolve mutations for :connectivity_plus:extractDeepLinksDebug (Thread[#41250,included builds,5,main]) started.
[        ] :connectivity_plus:extractDeepLinksDebug (Thread[#41250,included builds,5,main]) started.
[        ] > Task :connectivity_plus:extractDeepLinksDebug UP-TO-DATE
[        ] Caching disabled for task ':connectivity_plus:extractDeepLinksDebug' because:
[        ]   Build cache is disabled
[        ] Skipping task ':connectivity_plus:extractDeepLinksDebug' as it is up-to-date.
[        ] work action resolve navigation.json (project :connectivity_plus) (Thread[#41250,included builds,5,main]) started.
[        ] Resolve mutations for :connectivity_plus:processDebugManifest (Thread[#41250,included builds,5,main]) started.
[        ] :connectivity_plus:processDebugManifest (Thread[#41250,included builds,5,main]) started.
[        ] > Task :connectivity_plus:processDebugManifest UP-TO-DATE
[        ] Caching disabled for task ':connectivity_plus:processDebugManifest' because:
[        ]   Build cache is disabled
[        ] Skipping task ':connectivity_plus:processDebugManifest' as it is up-to-date.
[        ] work action resolve AndroidManifest.xml (project :connectivity_plus) (Thread[#41250,included builds,5,main]) started.
[        ] Resolve mutations for :emoji_picker_flutter:extractDeepLinksDebug (Thread[#41250,included builds,5,main]) started.
[        ] :emoji_picker_flutter:extractDeepLinksDebug (Thread[#41250,included builds,5,main]) started.
[        ] > Task :emoji_picker_flutter:extractDeepLinksDebug UP-TO-DATE
[        ] Caching disabled for task ':emoji_picker_flutter:extractDeepLinksDebug' because:
[        ]   Build cache is disabled
[        ] Skipping task ':emoji_picker_flutter:extractDeepLinksDebug' as it is up-to-date.
[        ] work action resolve navigation.json (project :emoji_picker_flutter) (Thread[#41250,included builds,5,main]) started.
[        ] Resolve mutations for :emoji_picker_flutter:processDebugManifest (Thread[#41250,included builds,5,main]) started.
[        ] :emoji_picker_flutter:processDebugManifest (Thread[#41250,included builds,5,main]) started.
[        ] > Task :emoji_picker_flutter:processDebugManifest UP-TO-DATE
[        ] Caching disabled for task ':emoji_picker_flutter:processDebugManifest' because:
[        ]   Build cache is disabled
[        ] Skipping task ':emoji_picker_flutter:processDebugManifest' as it is up-to-date.
[        ] work action resolve AndroidManifest.xml (project :emoji_picker_flutter) (Thread[#41250,included builds,5,main]) started.
[        ] Resolve mutations for :file_selector_android:extractDeepLinksDebug (Thread[#41250,included builds,5,main]) started.
[        ] :file_selector_android:extractDeepLinksDebug (Thread[#41250,included builds,5,main]) started.
[        ] > Task :file_selector_android:extractDeepLinksDebug UP-TO-DATE
[        ] Caching disabled for task ':file_selector_android:extractDeepLinksDebug' because:
[        ]   Build cache is disabled
[        ] Skipping task ':file_selector_android:extractDeepLinksDebug' as it is up-to-date.
[        ] work action resolve navigation.json (project :file_selector_android) (Thread[#41250,included builds,5,main]) started.
[        ] Resolve mutations for :file_selector_android:processDebugManifest (Thread[#41250,included builds,5,main]) started.
[        ] :file_selector_android:processDebugManifest (Thread[#41250,included builds,5,main]) started.
[        ] > Task :file_selector_android:processDebugManifest UP-TO-DATE
[        ] Caching disabled for task ':file_selector_android:processDebugManifest' because:
[        ]   Build cache is disabled
[        ] Skipping task ':file_selector_android:processDebugManifest' as it is up-to-date.
[        ] work action resolve AndroidManifest.xml (project :file_selector_android) (Thread[#41250,included builds,5,main]) started.
[        ] Resolve mutations for :flutter_keyboard_visibility_temp_fork:extractDeepLinksDebug (Thread[#41250,included builds,5,main]) started.
[        ] :flutter_keyboard_visibility_temp_fork:extractDeepLinksDebug (Thread[#41250,included builds,5,main]) started.
[        ] > Task :flutter_keyboard_visibility_temp_fork:extractDeepLinksDebug UP-TO-DATE
[        ] Caching disabled for task ':flutter_keyboard_visibility_temp_fork:extractDeepLinksDebug' because:
[        ]   Build cache is disabled
[        ] Skipping task ':flutter_keyboard_visibility_temp_fork:extractDeepLinksDebug' as it is up-to-date.
[        ] work action resolve navigation.json (project :flutter_keyboard_visibility_temp_fork) (Thread[#41250,included builds,5,main]) started.
[        ] Resolve mutations for :flutter_keyboard_visibility_temp_fork:processDebugManifest (Thread[#41250,included builds,5,main]) started.
[        ] :flutter_keyboard_visibility_temp_fork:processDebugManifest (Thread[#41250,included builds,5,main]) started.
[        ] > Task :flutter_keyboard_visibility_temp_fork:processDebugManifest UP-TO-DATE
[        ] Caching disabled for task ':flutter_keyboard_visibility_temp_fork:processDebugManifest' because:
[        ]   Build cache is disabled
[        ] Skipping task ':flutter_keyboard_visibility_temp_fork:processDebugManifest' as it is up-to-date.
[        ] work action resolve AndroidManifest.xml (project :flutter_keyboard_visibility_temp_fork) (Thread[#41250,included builds,5,main]) started.
[        ] Resolve mutations for :flutter_native_splash:extractDeepLinksDebug (Thread[#41250,included builds,5,main]) started.
[        ] :flutter_native_splash:extractDeepLinksDebug (Thread[#41250,included builds,5,main]) started.
[        ] > Task :flutter_native_splash:extractDeepLinksDebug UP-TO-DATE
[        ] Caching disabled for task ':flutter_native_splash:extractDeepLinksDebug' because:
[        ]   Build cache is disabled
[        ] Skipping task ':flutter_native_splash:extractDeepLinksDebug' as it is up-to-date.
[        ] work action resolve navigation.json (project :flutter_native_splash) (Thread[#41250,included builds,5,main]) started.
[        ] Resolve mutations for :flutter_native_splash:processDebugManifest (Thread[#41250,included builds,5,main]) started.
[        ] :flutter_native_splash:processDebugManifest (Thread[#41250,included builds,5,main]) started.
[        ] > Task :flutter_native_splash:processDebugManifest UP-TO-DATE
[        ] Caching disabled for task ':flutter_native_splash:processDebugManifest' because:
[        ]   Build cache is disabled
[        ] Skipping task ':flutter_native_splash:processDebugManifest' as it is up-to-date.
[        ] work action resolve AndroidManifest.xml (project :flutter_native_splash) (Thread[#41250,included builds,5,main]) started.
[        ] Resolve mutations for :flutter_olm:extractDeepLinksDebug (Thread[#41250,included builds,5,main]) started.
[        ] :flutter_olm:extractDeepLinksDebug (Thread[#41250,included builds,5,main]) started.
[        ] > Task :flutter_olm:extractDeepLinksDebug UP-TO-DATE
[        ] Caching disabled for task ':flutter_olm:extractDeepLinksDebug' because:
[        ]   Build cache is disabled
[        ] Skipping task ':flutter_olm:extractDeepLinksDebug' as it is up-to-date.
[        ] work action resolve navigation.json (project :flutter_olm) (Thread[#41250,included builds,5,main]) started.
[        ] Resolve mutations for :flutter_olm:processDebugManifest (Thread[#41250,included builds,5,main]) started.
[        ] :flutter_olm:processDebugManifest (Thread[#41250,included builds,5,main]) started.
[        ] > Task :flutter_olm:processDebugManifest UP-TO-DATE
[        ] Caching disabled for task ':flutter_olm:processDebugManifest' because:
[        ]   Build cache is disabled
[        ] Skipping task ':flutter_olm:processDebugManifest' as it is up-to-date.
[        ] work action resolve AndroidManifest.xml (project :flutter_olm) (Thread[#41250,included builds,5,main]) started.
[        ] Resolve mutations for :flutter_openssl_crypto:extractDeepLinksDebug (Thread[#41250,included builds,5,main]) started.
[        ] :flutter_openssl_crypto:extractDeepLinksDebug (Thread[#41250,included builds,5,main]) started.
[        ] > Task :flutter_openssl_crypto:extractDeepLinksDebug UP-TO-DATE
[        ] Caching disabled for task ':flutter_openssl_crypto:extractDeepLinksDebug' because:
[        ]   Build cache is disabled
[        ] Skipping task ':flutter_openssl_crypto:extractDeepLinksDebug' as it is up-to-date.
[        ] work action resolve navigation.json (project :flutter_openssl_crypto) (Thread[#41250,included builds,5,main]) started.
[        ] Resolve mutations for :flutter_openssl_crypto:processDebugManifest (Thread[#41250,included builds,5,main]) started.
[        ] :flutter_openssl_crypto:processDebugManifest (Thread[#41250,included builds,5,main]) started.
[        ] > Task :flutter_openssl_crypto:processDebugManifest UP-TO-DATE
[        ] Caching disabled for task ':flutter_openssl_crypto:processDebugManifest' because:
[        ]   Build cache is disabled
[        ] Skipping task ':flutter_openssl_crypto:processDebugManifest' as it is up-to-date.
[        ] work action resolve AndroidManifest.xml (project :flutter_openssl_crypto) (Thread[#41250,included builds,5,main]) started.
[        ] Resolve mutations for :integration_test:extractDeepLinksDebug (Thread[#41250,included builds,5,main]) started.
[        ] :integration_test:extractDeepLinksDebug (Thread[#41250,included builds,5,main]) started.
[        ] > Task :integration_test:extractDeepLinksDebug UP-TO-DATE
[        ] Caching disabled for task ':integration_test:extractDeepLinksDebug' because:
[        ]   Build cache is disabled
[        ] Skipping task ':integration_test:extractDeepLinksDebug' as it is up-to-date.
[        ] work action resolve navigation.json (project :integration_test) (Thread[#41250,included builds,5,main]) started.
[        ] Resolve mutations for :integration_test:processDebugManifest (Thread[#41250,included builds,5,main]) started.
[        ] :integration_test:processDebugManifest (Thread[#41250,included builds,5,main]) started.
[        ] > Task :integration_test:processDebugManifest UP-TO-DATE
[        ] Caching disabled for task ':integration_test:processDebugManifest' because:
[        ]   Build cache is disabled
[        ] Skipping task ':integration_test:processDebugManifest' as it is up-to-date.
[        ] work action resolve AndroidManifest.xml (project :integration_test) (Thread[#41250,included builds,5,main]) started.
[        ] Resolve mutations for :path_provider_android:extractDeepLinksDebug (Thread[#41250,included builds,5,main]) started.
[        ] :path_provider_android:extractDeepLinksDebug (Thread[#41250,included builds,5,main]) started.
[        ] > Task :path_provider_android:extractDeepLinksDebug UP-TO-DATE
[        ] Caching disabled for task ':path_provider_android:extractDeepLinksDebug' because:
[        ]   Build cache is disabled
[        ] Skipping task ':path_provider_android:extractDeepLinksDebug' as it is up-to-date.
[        ] work action resolve navigation.json (project :path_provider_android) (Thread[#41250,included builds,5,main]) started.
[        ] Resolve mutations for :path_provider_android:processDebugManifest (Thread[#41250,included builds,5,main]) started.
[        ] :path_provider_android:processDebugManifest (Thread[#41250,included builds,5,main]) started.
[        ] > Task :path_provider_android:processDebugManifest UP-TO-DATE
[        ] Caching disabled for task ':path_provider_android:processDebugManifest' because:
[        ]   Build cache is disabled
[        ] Skipping task ':path_provider_android:processDebugManifest' as it is up-to-date.
[        ] work action resolve AndroidManifest.xml (project :path_provider_android) (Thread[#41250,included builds,5,main]) started.
[        ] Resolve mutations for :quill_native_bridge_android:extractDeepLinksDebug (Thread[#41250,included builds,5,main]) started.
[        ] :quill_native_bridge_android:extractDeepLinksDebug (Thread[#41250,included builds,5,main]) started.
[        ] > Task :quill_native_bridge_android:extractDeepLinksDebug UP-TO-DATE
[        ] Caching disabled for task ':quill_native_bridge_android:extractDeepLinksDebug' because:
[        ]   Build cache is disabled
[        ] Skipping task ':quill_native_bridge_android:extractDeepLinksDebug' as it is up-to-date.
[        ] work action resolve navigation.json (project :quill_native_bridge_android) (Thread[#41250,included builds,5,main]) started.
[        ] Resolve mutations for :quill_native_bridge_android:processDebugManifest (Thread[#41250,included builds,5,main]) started.
[        ] :quill_native_bridge_android:processDebugManifest (Thread[#41250,included builds,5,main]) started.
[        ] > Task :quill_native_bridge_android:processDebugManifest UP-TO-DATE
[        ] Caching disabled for task ':quill_native_bridge_android:processDebugManifest' because:
[        ]   Build cache is disabled
[        ] Skipping task ':quill_native_bridge_android:processDebugManifest' as it is up-to-date.
[        ] work action resolve AndroidManifest.xml (project :quill_native_bridge_android) (Thread[#41250,included builds,5,main]) started.
[        ] Resolve mutations for :shared_preferences_android:extractDeepLinksDebug (Thread[#41250,included builds,5,main]) started.
[        ] :shared_preferences_android:extractDeepLinksDebug (Thread[#41250,included builds,5,main]) started.
[        ] > Task :shared_preferences_android:extractDeepLinksDebug UP-TO-DATE
[        ] Caching disabled for task ':shared_preferences_android:extractDeepLinksDebug' because:
[        ]   Build cache is disabled
[        ] Skipping task ':shared_preferences_android:extractDeepLinksDebug' as it is up-to-date.
[        ] work action resolve navigation.json (project :shared_preferences_android) (Thread[#41250,included builds,5,main]) started.
[        ] Resolve mutations for :shared_preferences_android:processDebugManifest (Thread[#41250,included builds,5,main]) started.
[        ] :shared_preferences_android:processDebugManifest (Thread[#41250,included builds,5,main]) started.
[        ] > Task :shared_preferences_android:processDebugManifest UP-TO-DATE
[        ] Caching disabled for task ':shared_preferences_android:processDebugManifest' because:
[        ]   Build cache is disabled
[        ] Skipping task ':shared_preferences_android:processDebugManifest' as it is up-to-date.
[        ] work action resolve AndroidManifest.xml (project :shared_preferences_android) (Thread[#41250,included builds,5,main]) started.
[        ] Resolve mutations for :sqflite_android:extractDeepLinksDebug (Thread[#41250,included builds,5,main]) started.
[        ] :sqflite_android:extractDeepLinksDebug (Thread[#41250,included builds,5,main]) started.
[        ] > Task :sqflite_android:extractDeepLinksDebug UP-TO-DATE
[        ] Caching disabled for task ':sqflite_android:extractDeepLinksDebug' because:
[        ]   Build cache is disabled
[        ] Skipping task ':sqflite_android:extractDeepLinksDebug' as it is up-to-date.
[        ] work action resolve navigation.json (project :sqflite_android) (Thread[#41250,included builds,5,main]) started.
[        ] Resolve mutations for :sqflite_android:processDebugManifest (Thread[#41250,included builds,5,main]) started.
[        ] :sqflite_android:processDebugManifest (Thread[#41250,included builds,5,main]) started.
[        ] > Task :sqflite_android:processDebugManifest UP-TO-DATE
[        ] Caching disabled for task ':sqflite_android:processDebugManifest' because:
[        ]   Build cache is disabled
[        ] Skipping task ':sqflite_android:processDebugManifest' as it is up-to-date.
[        ] work action resolve AndroidManifest.xml (project :sqflite_android) (Thread[#41250,included builds,5,main]) started.
[        ] Resolve mutations for :url_launcher_android:extractDeepLinksDebug (Thread[#41250,included builds,5,main]) started.
[        ] :url_launcher_android:extractDeepLinksDebug (Thread[#41250,included builds,5,main]) started.
[        ] > Task :url_launcher_android:extractDeepLinksDebug UP-TO-DATE
[        ] Caching disabled for task ':url_launcher_android:extractDeepLinksDebug' because:
[        ]   Build cache is disabled
[        ] Skipping task ':url_launcher_android:extractDeepLinksDebug' as it is up-to-date.
[        ] work action resolve navigation.json (project :url_launcher_android) (Thread[#41250,included builds,5,main]) started.
[        ] Resolve mutations for :url_launcher_android:processDebugManifest (Thread[#41250,included builds,5,main]) started.
[        ] :url_launcher_android:processDebugManifest (Thread[#41250,included builds,5,main]) started.
[        ] > Task :url_launcher_android:processDebugManifest UP-TO-DATE
[        ] Caching disabled for task ':url_launcher_android:processDebugManifest' because:
[        ]   Build cache is disabled
[        ] Skipping task ':url_launcher_android:processDebugManifest' as it is up-to-date.
[        ] work action resolve AndroidManifest.xml (project :url_launcher_android) (Thread[#41250,included builds,5,main]) started.
[        ] Resolve mutations for :video_player_android:extractDeepLinksDebug (Thread[#41250,included builds,5,main]) started.
[        ] :video_player_android:extractDeepLinksDebug (Thread[#41250,included builds,5,main]) started.
[        ] > Task :video_player_android:extractDeepLinksDebug UP-TO-DATE
[        ] Caching disabled for task ':video_player_android:extractDeepLinksDebug' because:
[        ]   Build cache is disabled
[        ] Skipping task ':video_player_android:extractDeepLinksDebug' as it is up-to-date.
[        ] work action resolve navigation.json (project :video_player_android) (Thread[#41250,included builds,5,main]) started.
[        ] Resolve mutations for :video_player_android:processDebugManifest (Thread[#41250,included builds,5,main]) started.
[        ] :video_player_android:processDebugManifest (Thread[#41250,included builds,5,main]) started.
[        ] > Task :video_player_android:processDebugManifest UP-TO-DATE
[        ] Caching disabled for task ':video_player_android:processDebugManifest' because:
[        ]   Build cache is disabled
[        ] Skipping task ':video_player_android:processDebugManifest' as it is up-to-date.
[        ] work action resolve AndroidManifest.xml (project :video_player_android) (Thread[#41250,included builds,5,main]) started.
[        ] Resolve mutations for :app:processDebugMainManifest (Thread[#41250,included builds,5,main]) started.
[        ] :app:processDebugMainManifest (Thread[#41250,included builds,5,main]) started.
[        ] > Task :app:processDebugMainManifest UP-TO-DATE
[        ] Caching disabled for task ':app:processDebugMainManifest' because:
[        ]   Build cache is disabled
[        ] Skipping task ':app:processDebugMainManifest' as it is up-to-date.
[        ] Resolve mutations for :app:outputDebugAppLinkSettings (Thread[#41250,included builds,5,main]) started.
[        ] :app:outputDebugAppLinkSettings (Thread[#41250,included builds,5,main]) started.
[        ] > Task :app:outputDebugAppLinkSettings UP-TO-DATE
[        ] Caching disabled for task ':app:outputDebugAppLinkSettings' because:
[        ]   Build cache is disabled
[        ]   Caching has not been enabled for the task
[        ] Skipping task ':app:outputDebugAppLinkSettings' as it is up-to-date.
[        ] Resolve mutations for :app:processDebugManifest (Thread[#41250,included builds,5,main]) started.
[        ] :app:processDebugManifest (Thread[#41250,included builds,5,main]) started.
[        ] > Task :app:processDebugManifest UP-TO-DATE
[        ] Caching disabled for task ':app:processDebugManifest' because:
[        ]   Build cache is disabled
[        ] Skipping task ':app:processDebugManifest' as it is up-to-date.
[        ] Resolve mutations for :app:processDebugManifestForPackage (Thread[#41250,included builds,5,main]) started.
[        ] :app:processDebugManifestForPackage (Thread[#41250,included builds,5,main]) started.
[        ] > Task :app:processDebugManifestForPackage UP-TO-DATE
[        ] Custom actions are attached to task ':app:processDebugManifestForPackage'.
[        ] Caching disabled for task ':app:processDebugManifestForPackage' because:
[        ]   Build cache is disabled
[        ] Skipping task ':app:processDebugManifestForPackage' as it is up-to-date.
[        ] Resolve mutations for :connectivity_plus:compileDebugLibraryResources (Thread[#41250,included builds,5,main]) started.
[        ] :connectivity_plus:compileDebugLibraryResources (Thread[#41250,included builds,5,main]) started.
[        ] > Task :connectivity_plus:compileDebugLibraryResources UP-TO-DATE
[        ] Caching disabled for task ':connectivity_plus:compileDebugLibraryResources' because:
[        ]   Build cache is disabled
[        ] Skipping task ':connectivity_plus:compileDebugLibraryResources' as it is up-to-date.
[        ] work action resolve out (project :connectivity_plus) (Thread[#41250,included builds,5,main]) started.
[        ] Resolve mutations for :connectivity_plus:parseDebugLocalResources (Thread[#41250,included builds,5,main]) started.
[        ] :connectivity_plus:parseDebugLocalResources (Thread[#41250,included builds,5,main]) started.
[        ] > Task :connectivity_plus:parseDebugLocalResources UP-TO-DATE
[        ] Caching disabled for task ':connectivity_plus:parseDebugLocalResources' because:
[        ]   Build cache is disabled
[        ] Skipping task ':connectivity_plus:parseDebugLocalResources' as it is up-to-date.
[        ] Resolve mutations for :connectivity_plus:generateDebugRFile (Thread[#41250,included builds,5,main]) started.
[        ] :connectivity_plus:generateDebugRFile (Thread[#41250,included builds,5,main]) started.
[        ] > Task :connectivity_plus:generateDebugRFile UP-TO-DATE
[        ] Caching disabled for task ':connectivity_plus:generateDebugRFile' because:
[        ]   Build cache is disabled
[        ] Skipping task ':connectivity_plus:generateDebugRFile' as it is up-to-date.
[        ] work action resolve package-aware-r.txt (project :connectivity_plus) (Thread[#41250,included builds,5,main]) started.
[        ] Resolve mutations for :emoji_picker_flutter:compileDebugLibraryResources (Thread[#41250,included builds,5,main]) started.
[        ] :emoji_picker_flutter:compileDebugLibraryResources (Thread[#41250,included builds,5,main]) started.
[        ] > Task :emoji_picker_flutter:compileDebugLibraryResources UP-TO-DATE
[        ] Caching disabled for task ':emoji_picker_flutter:compileDebugLibraryResources' because:
[        ]   Build cache is disabled
[        ] Skipping task ':emoji_picker_flutter:compileDebugLibraryResources' as it is up-to-date.
[        ] work action resolve out (project :emoji_picker_flutter) (Thread[#41250,included builds,5,main]) started.
[        ] Resolve mutations for :emoji_picker_flutter:parseDebugLocalResources (Thread[#41250,included builds,5,main]) started.
[        ] :emoji_picker_flutter:parseDebugLocalResources (Thread[#41250,included builds,5,main]) started.
[        ] > Task :emoji_picker_flutter:parseDebugLocalResources UP-TO-DATE
[        ] Caching disabled for task ':emoji_picker_flutter:parseDebugLocalResources' because:
[        ]   Build cache is disabled
[        ] Skipping task ':emoji_picker_flutter:parseDebugLocalResources' as it is up-to-date.
[        ] Resolve mutations for :emoji_picker_flutter:generateDebugRFile (Thread[#41250,included builds,5,main]) started.
[        ] :emoji_picker_flutter:generateDebugRFile (Thread[#41250,included builds,5,main]) started.
[        ] > Task :emoji_picker_flutter:generateDebugRFile UP-TO-DATE
[        ] Caching disabled for task ':emoji_picker_flutter:generateDebugRFile' because:
[        ]   Build cache is disabled
[        ] Skipping task ':emoji_picker_flutter:generateDebugRFile' as it is up-to-date.
[        ] work action resolve package-aware-r.txt (project :emoji_picker_flutter) (Thread[#41250,included builds,5,main]) started.
[        ] Resolve mutations for :file_selector_android:compileDebugLibraryResources (Thread[#41250,included builds,5,main]) started.
[        ] :file_selector_android:compileDebugLibraryResources (Thread[#41250,included builds,5,main]) started.
[        ] > Task :file_selector_android:compileDebugLibraryResources UP-TO-DATE
[        ] Caching disabled for task ':file_selector_android:compileDebugLibraryResources' because:
[        ]   Build cache is disabled
[        ] Skipping task ':file_selector_android:compileDebugLibraryResources' as it is up-to-date.
[        ] work action resolve out (project :file_selector_android) (Thread[#41250,included builds,5,main]) started.
[        ] Resolve mutations for :file_selector_android:parseDebugLocalResources (Thread[#41250,included builds,5,main]) started.
[        ] :file_selector_android:parseDebugLocalResources (Thread[#41250,included builds,5,main]) started.
[        ] > Task :file_selector_android:parseDebugLocalResources UP-TO-DATE
[        ] Caching disabled for task ':file_selector_android:parseDebugLocalResources' because:
[        ]   Build cache is disabled
[        ] Skipping task ':file_selector_android:parseDebugLocalResources' as it is up-to-date.
[        ] Resolve mutations for :file_selector_android:generateDebugRFile (Thread[#41250,included builds,5,main]) started.
[        ] :file_selector_android:generateDebugRFile (Thread[#41250,included builds,5,main]) started.
[        ] > Task :file_selector_android:generateDebugRFile UP-TO-DATE
[        ] Caching disabled for task ':file_selector_android:generateDebugRFile' because:
[        ]   Build cache is disabled
[        ] Skipping task ':file_selector_android:generateDebugRFile' as it is up-to-date.
[        ] work action resolve package-aware-r.txt (project :file_selector_android) (Thread[#41250,included builds,5,main]) started.
[        ] Resolve mutations for :flutter_keyboard_visibility_temp_fork:compileDebugLibraryResources (Thread[#41250,included builds,5,main]) started.
[        ] :flutter_keyboard_visibility_temp_fork:compileDebugLibraryResources (Thread[#41250,included builds,5,main]) started.
[        ] > Task :flutter_keyboard_visibility_temp_fork:compileDebugLibraryResources UP-TO-DATE
[        ] Caching disabled for task ':flutter_keyboard_visibility_temp_fork:compileDebugLibraryResources' because:
[        ]   Build cache is disabled
[        ] Skipping task ':flutter_keyboard_visibility_temp_fork:compileDebugLibraryResources' as it is up-to-date.
[        ] work action resolve out (project :flutter_keyboard_visibility_temp_fork) (Thread[#41250,included builds,5,main]) started.
[        ] Resolve mutations for :flutter_keyboard_visibility_temp_fork:parseDebugLocalResources (Thread[#41250,included builds,5,main]) started.
[        ] :flutter_keyboard_visibility_temp_fork:parseDebugLocalResources (Thread[#41250,included builds,5,main]) started.
[        ] > Task :flutter_keyboard_visibility_temp_fork:parseDebugLocalResources UP-TO-DATE
[        ] Caching disabled for task ':flutter_keyboard_visibility_temp_fork:parseDebugLocalResources' because:
[        ]   Build cache is disabled
[        ] Skipping task ':flutter_keyboard_visibility_temp_fork:parseDebugLocalResources' as it is up-to-date.
[        ] Resolve mutations for :flutter_keyboard_visibility_temp_fork:generateDebugRFile (Thread[#41250,included builds,5,main]) started.
[        ] :flutter_keyboard_visibility_temp_fork:generateDebugRFile (Thread[#41250,included builds,5,main]) started.
[        ] > Task :flutter_keyboard_visibility_temp_fork:generateDebugRFile UP-TO-DATE
[        ] Caching disabled for task ':flutter_keyboard_visibility_temp_fork:generateDebugRFile' because:
[        ]   Build cache is disabled
[        ] Skipping task ':flutter_keyboard_visibility_temp_fork:generateDebugRFile' as it is up-to-date.
[        ] work action resolve package-aware-r.txt (project :flutter_keyboard_visibility_temp_fork) (Thread[#41250,included builds,5,main]) started.
[        ] Resolve mutations for :flutter_native_splash:compileDebugLibraryResources (Thread[#41250,included builds,5,main]) started.
[        ] :flutter_native_splash:compileDebugLibraryResources (Thread[#41250,included builds,5,main]) started.
[        ] > Task :flutter_native_splash:compileDebugLibraryResources UP-TO-DATE
[        ] Caching disabled for task ':flutter_native_splash:compileDebugLibraryResources' because:
[        ]   Build cache is disabled
[        ] Skipping task ':flutter_native_splash:compileDebugLibraryResources' as it is up-to-date.
[        ] work action resolve out (project :flutter_native_splash) (Thread[#41250,included builds,5,main]) started.
[        ] Resolve mutations for :flutter_native_splash:parseDebugLocalResources (Thread[#41250,included builds,5,main]) started.
[        ] :flutter_native_splash:parseDebugLocalResources (Thread[#41250,included builds,5,main]) started.
[        ] > Task :flutter_native_splash:parseDebugLocalResources UP-TO-DATE
[        ] Caching disabled for task ':flutter_native_splash:parseDebugLocalResources' because:
[        ]   Build cache is disabled
[        ] Skipping task ':flutter_native_splash:parseDebugLocalResources' as it is up-to-date.
[        ] Resolve mutations for :flutter_native_splash:generateDebugRFile (Thread[#41250,included builds,5,main]) started.
[        ] :flutter_native_splash:generateDebugRFile (Thread[#41250,included builds,5,main]) started.
[        ] > Task :flutter_native_splash:generateDebugRFile UP-TO-DATE
[        ] Caching disabled for task ':flutter_native_splash:generateDebugRFile' because:
[        ]   Build cache is disabled
[        ] Skipping task ':flutter_native_splash:generateDebugRFile' as it is up-to-date.
[        ] work action resolve package-aware-r.txt (project :flutter_native_splash) (Thread[#41250,included builds,5,main]) started.
[        ] Resolve mutations for :flutter_olm:compileDebugLibraryResources (Thread[#41250,included builds,5,main]) started.
[        ] :flutter_olm:compileDebugLibraryResources (Thread[#41250,included builds,5,main]) started.
[        ] > Task :flutter_olm:compileDebugLibraryResources UP-TO-DATE
[        ] Caching disabled for task ':flutter_olm:compileDebugLibraryResources' because:
[        ]   Build cache is disabled
[        ] Skipping task ':flutter_olm:compileDebugLibraryResources' as it is up-to-date.
[        ] work action resolve out (project :flutter_olm) (Thread[#41250,included builds,5,main]) started.
[        ] Resolve mutations for :flutter_olm:parseDebugLocalResources (Thread[#41250,included builds,5,main]) started.
[        ] :flutter_olm:parseDebugLocalResources (Thread[#41250,included builds,5,main]) started.
[        ] > Task :flutter_olm:parseDebugLocalResources UP-TO-DATE
[        ] Caching disabled for task ':flutter_olm:parseDebugLocalResources' because:
[        ]   Build cache is disabled
[        ] Skipping task ':flutter_olm:parseDebugLocalResources' as it is up-to-date.
[        ] Resolve mutations for :flutter_olm:generateDebugRFile (Thread[#41250,included builds,5,main]) started.
[        ] :flutter_olm:generateDebugRFile (Thread[#41250,included builds,5,main]) started.
[        ] > Task :flutter_olm:generateDebugRFile UP-TO-DATE
[        ] Caching disabled for task ':flutter_olm:generateDebugRFile' because:
[        ]   Build cache is disabled
[        ] Skipping task ':flutter_olm:generateDebugRFile' as it is up-to-date.
[        ] work action resolve package-aware-r.txt (project :flutter_olm) (Thread[#41250,included builds,5,main]) started.
[        ] Resolve mutations for :flutter_openssl_crypto:compileDebugLibraryResources (Thread[#41250,included builds,5,main]) started.
[        ] :flutter_openssl_crypto:compileDebugLibraryResources (Thread[#41250,included builds,5,main]) started.
[        ] > Task :flutter_openssl_crypto:compileDebugLibraryResources UP-TO-DATE
[        ] Caching disabled for task ':flutter_openssl_crypto:compileDebugLibraryResources' because:
[        ]   Build cache is disabled
[        ] Skipping task ':flutter_openssl_crypto:compileDebugLibraryResources' as it is up-to-date.
[        ] work action resolve out (project :flutter_openssl_crypto) (Thread[#41250,included builds,5,main]) started.
[        ] Resolve mutations for :flutter_openssl_crypto:parseDebugLocalResources (Thread[#41250,included builds,5,main]) started.
[        ] :flutter_openssl_crypto:parseDebugLocalResources (Thread[#41250,included builds,5,main]) started.
[        ] > Task :flutter_openssl_crypto:parseDebugLocalResources UP-TO-DATE
[        ] Caching disabled for task ':flutter_openssl_crypto:parseDebugLocalResources' because:
[        ]   Build cache is disabled
[        ] Skipping task ':flutter_openssl_crypto:parseDebugLocalResources' as it is up-to-date.
[        ] Resolve mutations for :flutter_openssl_crypto:generateDebugRFile (Thread[#41250,included builds,5,main]) started.
[        ] :flutter_openssl_crypto:generateDebugRFile (Thread[#41250,included builds,5,main]) started.
[        ] > Task :flutter_openssl_crypto:generateDebugRFile UP-TO-DATE
[        ] Caching disabled for task ':flutter_openssl_crypto:generateDebugRFile' because:
[        ]   Build cache is disabled
[        ] Skipping task ':flutter_openssl_crypto:generateDebugRFile' as it is up-to-date.
[        ] work action resolve package-aware-r.txt (project :flutter_openssl_crypto) (Thread[#41250,included builds,5,main]) started.
[        ] Resolve mutations for :integration_test:compileDebugLibraryResources (Thread[#41250,included builds,5,main]) started.
[        ] :integration_test:compileDebugLibraryResources (Thread[#41250,included builds,5,main]) started.
[        ] > Task :integration_test:compileDebugLibraryResources UP-TO-DATE
[        ] Caching disabled for task ':integration_test:compileDebugLibraryResources' because:
[        ]   Build cache is disabled
[        ] Skipping task ':integration_test:compileDebugLibraryResources' as it is up-to-date.
[        ] work action resolve out (project :integration_test) (Thread[#41250,included builds,5,main]) started.
[        ] Resolve mutations for :integration_test:parseDebugLocalResources (Thread[#41250,included builds,5,main]) started.
[        ] :integration_test:parseDebugLocalResources (Thread[#41250,included builds,5,main]) started.
[        ] > Task :integration_test:parseDebugLocalResources UP-TO-DATE
[        ] Caching disabled for task ':integration_test:parseDebugLocalResources' because:
[        ]   Build cache is disabled
[        ] Skipping task ':integration_test:parseDebugLocalResources' as it is up-to-date.
[        ] Resolve mutations for :integration_test:generateDebugRFile (Thread[#41250,included builds,5,main]) started.
[        ] :integration_test:generateDebugRFile (Thread[#41250,included builds,5,main]) started.
[        ] > Task :integration_test:generateDebugRFile UP-TO-DATE
[        ] Caching disabled for task ':integration_test:generateDebugRFile' because:
[        ]   Build cache is disabled
[        ] Skipping task ':integration_test:generateDebugRFile' as it is up-to-date.
[        ] work action resolve package-aware-r.txt (project :integration_test) (Thread[#41250,included builds,5,main]) started.
[        ] Resolve mutations for :path_provider_android:compileDebugLibraryResources (Thread[#41250,included builds,5,main]) started.
[        ] :path_provider_android:compileDebugLibraryResources (Thread[#41250,included builds,5,main]) started.
[        ] > Task :path_provider_android:compileDebugLibraryResources UP-TO-DATE
[        ] Caching disabled for task ':path_provider_android:compileDebugLibraryResources' because:
[        ]   Build cache is disabled
[        ] Skipping task ':path_provider_android:compileDebugLibraryResources' as it is up-to-date.
[        ] work action resolve out (project :path_provider_android) (Thread[#41250,included builds,5,main]) started.
[        ] Resolve mutations for :path_provider_android:parseDebugLocalResources (Thread[#41250,included builds,5,main]) started.
[        ] :path_provider_android:parseDebugLocalResources (Thread[#41250,included builds,5,main]) started.
[        ] > Task :path_provider_android:parseDebugLocalResources UP-TO-DATE
[        ] Caching disabled for task ':path_provider_android:parseDebugLocalResources' because:
[        ]   Build cache is disabled
[        ] Skipping task ':path_provider_android:parseDebugLocalResources' as it is up-to-date.
[        ] Resolve mutations for :path_provider_android:generateDebugRFile (Thread[#41250,included builds,5,main]) started.
[        ] :path_provider_android:generateDebugRFile (Thread[#41250,included builds,5,main]) started.
[        ] > Task :path_provider_android:generateDebugRFile UP-TO-DATE
[        ] Caching disabled for task ':path_provider_android:generateDebugRFile' because:
[        ]   Build cache is disabled
[        ] Skipping task ':path_provider_android:generateDebugRFile' as it is up-to-date.
[        ] work action resolve package-aware-r.txt (project :path_provider_android) (Thread[#41250,included builds,5,main]) started.
[        ] Resolve mutations for :quill_native_bridge_android:compileDebugLibraryResources (Thread[#41250,included builds,5,main]) started.
[        ] :quill_native_bridge_android:compileDebugLibraryResources (Thread[#41250,included builds,5,main]) started.
[        ] > Task :quill_native_bridge_android:compileDebugLibraryResources UP-TO-DATE
[        ] Caching disabled for task ':quill_native_bridge_android:compileDebugLibraryResources' because:
[        ]   Build cache is disabled
[        ] Skipping task ':quill_native_bridge_android:compileDebugLibraryResources' as it is up-to-date.
[        ] work action resolve out (project :quill_native_bridge_android) (Thread[#41250,included builds,5,main]) started.
[        ] Resolve mutations for :quill_native_bridge_android:parseDebugLocalResources (Thread[#41250,included builds,5,main]) started.
[        ] :quill_native_bridge_android:parseDebugLocalResources (Thread[#41250,included builds,5,main]) started.
[        ] > Task :quill_native_bridge_android:parseDebugLocalResources UP-TO-DATE
[        ] Caching disabled for task ':quill_native_bridge_android:parseDebugLocalResources' because:
[        ]   Build cache is disabled
[        ] Skipping task ':quill_native_bridge_android:parseDebugLocalResources' as it is up-to-date.
[        ] Resolve mutations for :quill_native_bridge_android:generateDebugRFile (Thread[#41250,included builds,5,main]) started.
[        ] :quill_native_bridge_android:generateDebugRFile (Thread[#41250,included builds,5,main]) started.
[        ] > Task :quill_native_bridge_android:generateDebugRFile UP-TO-DATE
[        ] Caching disabled for task ':quill_native_bridge_android:generateDebugRFile' because:
[        ]   Build cache is disabled
[        ] Skipping task ':quill_native_bridge_android:generateDebugRFile' as it is up-to-date.
[        ] work action resolve package-aware-r.txt (project :quill_native_bridge_android) (Thread[#41250,included builds,5,main]) started.
[        ] Resolve mutations for :shared_preferences_android:compileDebugLibraryResources (Thread[#41250,included builds,5,main]) started.
[        ] :shared_preferences_android:compileDebugLibraryResources (Thread[#41250,included builds,5,main]) started.
[        ] > Task :shared_preferences_android:compileDebugLibraryResources UP-TO-DATE
[        ] Caching disabled for task ':shared_preferences_android:compileDebugLibraryResources' because:
[        ]   Build cache is disabled
[        ] Skipping task ':shared_preferences_android:compileDebugLibraryResources' as it is up-to-date.
[        ] work action resolve out (project :shared_preferences_android) (Thread[#41250,included builds,5,main]) started.
[        ] Resolve mutations for :shared_preferences_android:parseDebugLocalResources (Thread[#41250,included builds,5,main]) started.
[        ] :shared_preferences_android:parseDebugLocalResources (Thread[#41250,included builds,5,main]) started.
[        ] > Task :shared_preferences_android:parseDebugLocalResources UP-TO-DATE
[        ] Caching disabled for task ':shared_preferences_android:parseDebugLocalResources' because:
[        ]   Build cache is disabled
[        ] Skipping task ':shared_preferences_android:parseDebugLocalResources' as it is up-to-date.
[        ] Resolve mutations for :shared_preferences_android:generateDebugRFile (Thread[#41250,included builds,5,main]) started.
[        ] :shared_preferences_android:generateDebugRFile (Thread[#41250,included builds,5,main]) started.
[        ] > Task :shared_preferences_android:generateDebugRFile UP-TO-DATE
[        ] Caching disabled for task ':shared_preferences_android:generateDebugRFile' because:
[        ]   Build cache is disabled
[        ] Skipping task ':shared_preferences_android:generateDebugRFile' as it is up-to-date.
[        ] work action resolve package-aware-r.txt (project :shared_preferences_android) (Thread[#41250,included builds,5,main]) started.
[        ] Resolve mutations for :sqflite_android:compileDebugLibraryResources (Thread[#41250,included builds,5,main]) started.
[        ] :sqflite_android:compileDebugLibraryResources (Thread[#41250,included builds,5,main]) started.
[        ] > Task :sqflite_android:compileDebugLibraryResources UP-TO-DATE
[        ] Caching disabled for task ':sqflite_android:compileDebugLibraryResources' because:
[        ]   Build cache is disabled
[        ] Skipping task ':sqflite_android:compileDebugLibraryResources' as it is up-to-date.
[        ] work action resolve out (project :sqflite_android) (Thread[#41250,included builds,5,main]) started.
[        ] Resolve mutations for :sqflite_android:parseDebugLocalResources (Thread[#41250,included builds,5,main]) started.
[        ] :sqflite_android:parseDebugLocalResources (Thread[#41250,included builds,5,main]) started.
[        ] > Task :sqflite_android:parseDebugLocalResources UP-TO-DATE
[        ] Caching disabled for task ':sqflite_android:parseDebugLocalResources' because:
[        ]   Build cache is disabled
[        ] Skipping task ':sqflite_android:parseDebugLocalResources' as it is up-to-date.
[        ] Resolve mutations for :sqflite_android:generateDebugRFile (Thread[#41250,included builds,5,main]) started.
[        ] :sqflite_android:generateDebugRFile (Thread[#41250,included builds,5,main]) started.
[        ] > Task :sqflite_android:generateDebugRFile UP-TO-DATE
[        ] Caching disabled for task ':sqflite_android:generateDebugRFile' because:
[        ]   Build cache is disabled
[        ] Skipping task ':sqflite_android:generateDebugRFile' as it is up-to-date.
[        ] work action resolve package-aware-r.txt (project :sqflite_android) (Thread[#41250,included builds,5,main]) started.
[        ] Resolve mutations for :url_launcher_android:compileDebugLibraryResources (Thread[#41250,included builds,5,main]) started.
[        ] :url_launcher_android:compileDebugLibraryResources (Thread[#41250,included builds,5,main]) started.
[        ] > Task :url_launcher_android:compileDebugLibraryResources UP-TO-DATE
[        ] Caching disabled for task ':url_launcher_android:compileDebugLibraryResources' because:
[        ]   Build cache is disabled
[        ] Skipping task ':url_launcher_android:compileDebugLibraryResources' as it is up-to-date.
[        ] work action resolve out (project :url_launcher_android) (Thread[#41250,included builds,5,main]) started.
[        ] Resolve mutations for :url_launcher_android:parseDebugLocalResources (Thread[#41250,included builds,5,main]) started.
[        ] :url_launcher_android:parseDebugLocalResources (Thread[#41250,included builds,5,main]) started.
[        ] > Task :url_launcher_android:parseDebugLocalResources UP-TO-DATE
[        ] Caching disabled for task ':url_launcher_android:parseDebugLocalResources' because:
[        ]   Build cache is disabled
[        ] Skipping task ':url_launcher_android:parseDebugLocalResources' as it is up-to-date.
[        ] Resolve mutations for :url_launcher_android:generateDebugRFile (Thread[#41250,included builds,5,main]) started.
[        ] :url_launcher_android:generateDebugRFile (Thread[#41250,included builds,5,main]) started.
[        ] > Task :url_launcher_android:generateDebugRFile UP-TO-DATE
[        ] Caching disabled for task ':url_launcher_android:generateDebugRFile' because:
[        ]   Build cache is disabled
[        ] Skipping task ':url_launcher_android:generateDebugRFile' as it is up-to-date.
[        ] work action resolve package-aware-r.txt (project :url_launcher_android) (Thread[#41250,included builds,5,main]) started.
[        ] Resolve mutations for :video_player_android:compileDebugLibraryResources (Thread[#41250,included builds,5,main]) started.
[        ] :video_player_android:compileDebugLibraryResources (Thread[#41250,included builds,5,main]) started.
[        ] > Task :video_player_android:compileDebugLibraryResources UP-TO-DATE
[        ] Caching disabled for task ':video_player_android:compileDebugLibraryResources' because:
[        ]   Build cache is disabled
[        ] Skipping task ':video_player_android:compileDebugLibraryResources' as it is up-to-date.
[        ] work action resolve out (project :video_player_android) (Thread[#41250,included builds,5,main]) started.
[        ] Resolve mutations for :video_player_android:parseDebugLocalResources (Thread[#41250,included builds,5,main]) started.
[        ] :video_player_android:parseDebugLocalResources (Thread[#41250,included builds,5,main]) started.
[        ] > Task :video_player_android:parseDebugLocalResources UP-TO-DATE
[        ] Caching disabled for task ':video_player_android:parseDebugLocalResources' because:
[        ]   Build cache is disabled
[        ] Skipping task ':video_player_android:parseDebugLocalResources' as it is up-to-date.
[        ] Resolve mutations for :video_player_android:generateDebugRFile (Thread[#41250,included builds,5,main]) started.
[        ] :video_player_android:generateDebugRFile (Thread[#41250,included builds,5,main]) started.
[        ] > Task :video_player_android:generateDebugRFile UP-TO-DATE
[        ] Caching disabled for task ':video_player_android:generateDebugRFile' because:
[        ]   Build cache is disabled
[        ] Skipping task ':video_player_android:generateDebugRFile' as it is up-to-date.
[        ] work action resolve package-aware-r.txt (project :video_player_android) (Thread[#41250,included builds,5,main]) started.
[        ] Resolve mutations for :app:processDebugResources (Thread[#41250,included builds,5,main]) started.
[        ] :app:processDebugResources (Thread[#41250,included builds,5,main]) started.
[        ] > Task :app:processDebugResources UP-TO-DATE
[        ] Caching disabled for task ':app:processDebugResources' because:
[        ]   Build cache is disabled
[        ] Skipping task ':app:processDebugResources' as it is up-to-date.
[        ] Resolve mutations for :connectivity_plus:javaPreCompileDebug (Thread[#41250,included builds,5,main]) started.
[        ] :connectivity_plus:javaPreCompileDebug (Thread[#41250,included builds,5,main]) started.
[        ] > Task :connectivity_plus:javaPreCompileDebug UP-TO-DATE
[        ] Caching disabled for task ':connectivity_plus:javaPreCompileDebug' because:
[        ]   Build cache is disabled
[        ] Skipping task ':connectivity_plus:javaPreCompileDebug' as it is up-to-date.
[        ] Resolve mutations for :connectivity_plus:compileDebugJavaWithJavac (Thread[#41250,included builds,5,main]) started.
[        ] :connectivity_plus:compileDebugJavaWithJavac (Thread[#41250,included builds,5,main]) started.
[  +90 ms] > Task :connectivity_plus:compileDebugJavaWithJavac UP-TO-DATE
[        ] Custom actions are attached to task ':connectivity_plus:compileDebugJavaWithJavac'.
[        ] Caching disabled for task ':connectivity_plus:compileDebugJavaWithJavac' because:
[        ]   Build cache is disabled
[        ] Skipping task ':connectivity_plus:compileDebugJavaWithJavac' as it is up-to-date.
[        ] No compile result for :connectivity_plus:compileDebugJavaWithJavac
[        ] No compile result for :connectivity_plus:compileDebugJavaWithJavac
[        ] Resolve mutations for :connectivity_plus:bundleLibCompileToJarDebug (Thread[#41250,included builds,5,main]) started.
[        ] :connectivity_plus:bundleLibCompileToJarDebug (Thread[#41250,included builds,5,main]) started.
[        ] > Task :connectivity_plus:bundleLibCompileToJarDebug UP-TO-DATE
[        ] Caching disabled for task ':connectivity_plus:bundleLibCompileToJarDebug' because:
[        ]   Build cache is disabled
[        ]   Simple merging task
[        ] Skipping task ':connectivity_plus:bundleLibCompileToJarDebug' as it is up-to-date.
[        ] work action resolve classes.jar (project :connectivity_plus) (Thread[#41250,included builds,5,main]) started.
[        ] Resolve mutations for :emoji_picker_flutter:checkKotlinGradlePluginConfigurationErrors (Thread[#41250,included builds,5,main]) started.
[        ] :emoji_picker_flutter:checkKotlinGradlePluginConfigurationErrors (Thread[#41250,included builds,5,main]) started.
[        ] > Task :emoji_picker_flutter:checkKotlinGradlePluginConfigurationErrors SKIPPED
[        ] Skipping task ':emoji_picker_flutter:checkKotlinGradlePluginConfigurationErrors' as task onlyIf 'errorDiagnostics are present' is false.
[        ] Resolve mutations for :emoji_picker_flutter:compileDebugKotlin (Thread[#41250,included builds,5,main]) started.
[        ] :emoji_picker_flutter:compileDebugKotlin (Thread[#41250,included builds,5,main]) started.
[        ] > Task :emoji_picker_flutter:compileDebugKotlin UP-TO-DATE
[        ] Adding -Xuse-inline-scopes-numbers Kotlin compiler flag for task :emoji_picker_flutter:compileDebugAndroidTestKotlin
[        ] Caching disabled for task ':emoji_picker_flutter:compileDebugKotlin' because:
[        ]   Build cache is disabled
[        ] Skipping task ':emoji_picker_flutter:compileDebugKotlin' as it is up-to-date.
[        ] Resolve mutations for :emoji_picker_flutter:javaPreCompileDebug (Thread[#41250,included builds,5,main]) started.
[        ] :emoji_picker_flutter:javaPreCompileDebug (Thread[#41250,included builds,5,main]) started.
[        ] > Task :emoji_picker_flutter:javaPreCompileDebug UP-TO-DATE
[        ] Caching disabled for task ':emoji_picker_flutter:javaPreCompileDebug' because:
[        ]   Build cache is disabled
[        ] Skipping task ':emoji_picker_flutter:javaPreCompileDebug' as it is up-to-date.
[        ] Resolve mutations for :emoji_picker_flutter:compileDebugJavaWithJavac (Thread[#41250,included builds,5,main]) started.
[        ] :emoji_picker_flutter:compileDebugJavaWithJavac (Thread[#41250,included builds,5,main]) started.
[        ] > Task :emoji_picker_flutter:compileDebugJavaWithJavac NO-SOURCE
[        ] Skipping task ':emoji_picker_flutter:compileDebugJavaWithJavac' as it has no source files and no previous output files.
[        ] Resolve mutations for :emoji_picker_flutter:bundleLibCompileToJarDebug (Thread[#41250,included builds,5,main]) started.
[        ] :emoji_picker_flutter:bundleLibCompileToJarDebug (Thread[#41250,included builds,5,main]) started.
[        ] > Task :emoji_picker_flutter:bundleLibCompileToJarDebug UP-TO-DATE
[        ] Caching disabled for task ':emoji_picker_flutter:bundleLibCompileToJarDebug' because:
[        ]   Build cache is disabled
[        ]   Simple merging task
[        ] Skipping task ':emoji_picker_flutter:bundleLibCompileToJarDebug' as it is up-to-date.
[        ] work action resolve classes.jar (project :emoji_picker_flutter) (Thread[#41250,included builds,5,main]) started.
[        ] Resolve mutations for :file_selector_android:javaPreCompileDebug (Thread[#41250,included builds,5,main]) started.
[        ] :file_selector_android:javaPreCompileDebug (Thread[#41250,included builds,5,main]) started.
[        ] > Task :file_selector_android:javaPreCompileDebug UP-TO-DATE
[        ] Caching disabled for task ':file_selector_android:javaPreCompileDebug' because:
[        ]   Build cache is disabled
[        ] Skipping task ':file_selector_android:javaPreCompileDebug' as it is up-to-date.
[        ] Resolve mutations for :file_selector_android:compileDebugJavaWithJavac (Thread[#41250,included builds,5,main]) started.
[        ] :file_selector_android:compileDebugJavaWithJavac (Thread[#41250,included builds,5,main]) started.
[        ] > Task :file_selector_android:compileDebugJavaWithJavac UP-TO-DATE
[        ] Custom actions are attached to task ':file_selector_android:compileDebugJavaWithJavac'.
[        ] Caching disabled for task ':file_selector_android:compileDebugJavaWithJavac' because:
[        ]   Build cache is disabled
[        ] Skipping task ':file_selector_android:compileDebugJavaWithJavac' as it is up-to-date.
[        ] No compile result for :file_selector_android:compileDebugJavaWithJavac
[        ] No compile result for :file_selector_android:compileDebugJavaWithJavac
[        ] Resolve mutations for :file_selector_android:bundleLibCompileToJarDebug (Thread[#41250,included builds,5,main]) started.
[        ] :file_selector_android:bundleLibCompileToJarDebug (Thread[#41250,included builds,5,main]) started.
[        ] > Task :file_selector_android:bundleLibCompileToJarDebug UP-TO-DATE
[        ] Caching disabled for task ':file_selector_android:bundleLibCompileToJarDebug' because:
[        ]   Build cache is disabled
[        ]   Simple merging task
[        ] Skipping task ':file_selector_android:bundleLibCompileToJarDebug' as it is up-to-date.
[        ] work action resolve classes.jar (project :file_selector_android) (Thread[#41250,included builds,5,main]) started.
[        ] Resolve mutations for :flutter_keyboard_visibility_temp_fork:javaPreCompileDebug (Thread[#41250,included builds,5,main]) started.
[        ] :flutter_keyboard_visibility_temp_fork:javaPreCompileDebug (Thread[#41250,included builds,5,main]) started.
[        ] > Task :flutter_keyboard_visibility_temp_fork:javaPreCompileDebug UP-TO-DATE
[        ] Caching disabled for task ':flutter_keyboard_visibility_temp_fork:javaPreCompileDebug' because:
[        ]   Build cache is disabled
[        ] Skipping task ':flutter_keyboard_visibility_temp_fork:javaPreCompileDebug' as it is up-to-date.
[        ] Resolve mutations for :flutter_keyboard_visibility_temp_fork:compileDebugJavaWithJavac (Thread[#41250,included builds,5,main]) started.
[        ] :flutter_keyboard_visibility_temp_fork:compileDebugJavaWithJavac (Thread[#41250,included builds,5,main]) started.
[        ] > Task :flutter_keyboard_visibility_temp_fork:compileDebugJavaWithJavac UP-TO-DATE
[        ] Custom actions are attached to task ':flutter_keyboard_visibility_temp_fork:compileDebugJavaWithJavac'.
[        ] Caching disabled for task ':flutter_keyboard_visibility_temp_fork:compileDebugJavaWithJavac' because:
[        ]   Build cache is disabled
[        ] Skipping task ':flutter_keyboard_visibility_temp_fork:compileDebugJavaWithJavac' as it is up-to-date.
[        ] No compile result for :flutter_keyboard_visibility_temp_fork:compileDebugJavaWithJavac
[        ] No compile result for :flutter_keyboard_visibility_temp_fork:compileDebugJavaWithJavac
[        ] Resolve mutations for :flutter_keyboard_visibility_temp_fork:bundleLibCompileToJarDebug (Thread[#41250,included builds,5,main]) started.
[        ] :flutter_keyboard_visibility_temp_fork:bundleLibCompileToJarDebug (Thread[#41250,included builds,5,main]) started.
[        ] > Task :flutter_keyboard_visibility_temp_fork:bundleLibCompileToJarDebug UP-TO-DATE
[        ] Caching disabled for task ':flutter_keyboard_visibility_temp_fork:bundleLibCompileToJarDebug' because:
[        ]   Build cache is disabled
[        ]   Simple merging task
[        ] Skipping task ':flutter_keyboard_visibility_temp_fork:bundleLibCompileToJarDebug' as it is up-to-date.
[        ] work action resolve classes.jar (project :flutter_keyboard_visibility_temp_fork) (Thread[#41250,included builds,5,main]) started.
[        ] Resolve mutations for :flutter_native_splash:javaPreCompileDebug (Thread[#41250,included builds,5,main]) started.
[        ] :flutter_native_splash:javaPreCompileDebug (Thread[#41250,included builds,5,main]) started.
[        ] > Task :flutter_native_splash:javaPreCompileDebug UP-TO-DATE
[        ] Caching disabled for task ':flutter_native_splash:javaPreCompileDebug' because:
[        ]   Build cache is disabled
[        ] Skipping task ':flutter_native_splash:javaPreCompileDebug' as it is up-to-date.
[        ] Resolve mutations for :flutter_native_splash:compileDebugJavaWithJavac (Thread[#41250,included builds,5,main]) started.
[        ] :flutter_native_splash:compileDebugJavaWithJavac (Thread[#41250,included builds,5,main]) started.
[        ] > Task :flutter_native_splash:compileDebugJavaWithJavac UP-TO-DATE
[        ] Custom actions are attached to task ':flutter_native_splash:compileDebugJavaWithJavac'.
[        ] Caching disabled for task ':flutter_native_splash:compileDebugJavaWithJavac' because:
[        ]   Build cache is disabled
[        ] Skipping task ':flutter_native_splash:compileDebugJavaWithJavac' as it is up-to-date.
[        ] No compile result for :flutter_native_splash:compileDebugJavaWithJavac
[        ] No compile result for :flutter_native_splash:compileDebugJavaWithJavac
[        ] Resolve mutations for :flutter_native_splash:bundleLibCompileToJarDebug (Thread[#41250,included builds,5,main]) started.
[        ] :flutter_native_splash:bundleLibCompileToJarDebug (Thread[#41250,included builds,5,main]) started.
[        ] > Task :flutter_native_splash:bundleLibCompileToJarDebug UP-TO-DATE
[        ] Caching disabled for task ':flutter_native_splash:bundleLibCompileToJarDebug' because:
[        ]   Build cache is disabled
[        ]   Simple merging task
[        ] Skipping task ':flutter_native_splash:bundleLibCompileToJarDebug' as it is up-to-date.
[        ] work action resolve classes.jar (project :flutter_native_splash) (Thread[#41250,included builds,5,main]) started.
[        ] Resolve mutations for :flutter_olm:checkKotlinGradlePluginConfigurationErrors (Thread[#41250,included builds,5,main]) started.
[        ] :flutter_olm:checkKotlinGradlePluginConfigurationErrors (Thread[#41250,included builds,5,main]) started.
[        ] > Task :flutter_olm:checkKotlinGradlePluginConfigurationErrors SKIPPED
[        ] Skipping task ':flutter_olm:checkKotlinGradlePluginConfigurationErrors' as task onlyIf 'errorDiagnostics are present' is false.
[        ] Resolve mutations for :flutter_olm:compileDebugKotlin (Thread[#41250,included builds,5,main]) started.
[        ] :flutter_olm:compileDebugKotlin (Thread[#41250,included builds,5,main]) started.
[        ] > Task :flutter_olm:compileDebugKotlin UP-TO-DATE
[        ] Adding -Xuse-inline-scopes-numbers Kotlin compiler flag for task :flutter_olm:compileDebugAndroidTestKotlin
[        ] Caching disabled for task ':flutter_olm:compileDebugKotlin' because:
[        ]   Build cache is disabled
[        ] Skipping task ':flutter_olm:compileDebugKotlin' as it is up-to-date.
[        ] Resolve mutations for :flutter_olm:javaPreCompileDebug (Thread[#41250,included builds,5,main]) started.
[        ] :flutter_olm:javaPreCompileDebug (Thread[#41250,included builds,5,main]) started.
[        ] > Task :flutter_olm:javaPreCompileDebug UP-TO-DATE
[        ] Caching disabled for task ':flutter_olm:javaPreCompileDebug' because:
[        ]   Build cache is disabled
[        ] Skipping task ':flutter_olm:javaPreCompileDebug' as it is up-to-date.
[        ] Resolve mutations for :flutter_olm:compileDebugJavaWithJavac (Thread[#41250,included builds,5,main]) started.
[        ] :flutter_olm:compileDebugJavaWithJavac (Thread[#41250,included builds,5,main]) started.
[        ] > Task :flutter_olm:compileDebugJavaWithJavac NO-SOURCE
[        ] Skipping task ':flutter_olm:compileDebugJavaWithJavac' as it has no source files and no previous output files.
[        ] Resolve mutations for :flutter_olm:bundleLibCompileToJarDebug (Thread[#41250,included builds,5,main]) started.
[        ] :flutter_olm:bundleLibCompileToJarDebug (Thread[#41250,included builds,5,main]) started.
[        ] > Task :flutter_olm:bundleLibCompileToJarDebug UP-TO-DATE
[        ] Caching disabled for task ':flutter_olm:bundleLibCompileToJarDebug' because:
[        ]   Build cache is disabled
[        ]   Simple merging task
[        ] Skipping task ':flutter_olm:bundleLibCompileToJarDebug' as it is up-to-date.
[        ] work action resolve classes.jar (project :flutter_olm) (Thread[#41250,included builds,5,main]) started.
[        ] Resolve mutations for :flutter_openssl_crypto:checkKotlinGradlePluginConfigurationErrors (Thread[#41250,included builds,5,main]) started.
[        ] :flutter_openssl_crypto:checkKotlinGradlePluginConfigurationErrors (Thread[#41250,included builds,5,main]) started.
[        ] > Task :flutter_openssl_crypto:checkKotlinGradlePluginConfigurationErrors SKIPPED
[        ] Skipping task ':flutter_openssl_crypto:checkKotlinGradlePluginConfigurationErrors' as task onlyIf 'errorDiagnostics are present' is false.
[        ] Resolve mutations for :flutter_openssl_crypto:compileDebugKotlin (Thread[#41250,included builds,5,main]) started.
[        ] :flutter_openssl_crypto:compileDebugKotlin (Thread[#41250,included builds,5,main]) started.
[        ] > Task :flutter_openssl_crypto:compileDebugKotlin UP-TO-DATE
[        ] Adding -Xuse-inline-scopes-numbers Kotlin compiler flag for task :flutter_openssl_crypto:compileDebugAndroidTestKotlin
[        ] Caching disabled for task ':flutter_openssl_crypto:compileDebugKotlin' because:
[        ]   Build cache is disabled
[        ] Skipping task ':flutter_openssl_crypto:compileDebugKotlin' as it is up-to-date.
[        ] Resolve mutations for :flutter_openssl_crypto:javaPreCompileDebug (Thread[#41250,included builds,5,main]) started.
[        ] :flutter_openssl_crypto:javaPreCompileDebug (Thread[#41250,included builds,5,main]) started.
[        ] > Task :flutter_openssl_crypto:javaPreCompileDebug UP-TO-DATE
[        ] Caching disabled for task ':flutter_openssl_crypto:javaPreCompileDebug' because:
[        ]   Build cache is disabled
[        ] Skipping task ':flutter_openssl_crypto:javaPreCompileDebug' as it is up-to-date.
[        ] Resolve mutations for :flutter_openssl_crypto:compileDebugJavaWithJavac (Thread[#41250,included builds,5,main]) started.
[        ] :flutter_openssl_crypto:compileDebugJavaWithJavac (Thread[#41250,included builds,5,main]) started.
[        ] > Task :flutter_openssl_crypto:compileDebugJavaWithJavac NO-SOURCE
[        ] Skipping task ':flutter_openssl_crypto:compileDebugJavaWithJavac' as it has no source files and no previous output files.
[        ] Resolve mutations for :flutter_openssl_crypto:bundleLibCompileToJarDebug (Thread[#41250,included builds,5,main]) started.
[        ] :flutter_openssl_crypto:bundleLibCompileToJarDebug (Thread[#41250,included builds,5,main]) started.
[        ] > Task :flutter_openssl_crypto:bundleLibCompileToJarDebug UP-TO-DATE
[        ] Caching disabled for task ':flutter_openssl_crypto:bundleLibCompileToJarDebug' because:
[        ]   Build cache is disabled
[        ]   Simple merging task
[        ] Skipping task ':flutter_openssl_crypto:bundleLibCompileToJarDebug' as it is up-to-date.
[        ] work action resolve classes.jar (project :flutter_openssl_crypto) (Thread[#41250,included builds,5,main]) started.
[        ] Resolve mutations for :integration_test:javaPreCompileDebug (Thread[#41250,included builds,5,main]) started.
[        ] :integration_test:javaPreCompileDebug (Thread[#41250,included builds,5,main]) started.
[        ] > Task :integration_test:javaPreCompileDebug UP-TO-DATE
[        ] Caching disabled for task ':integration_test:javaPreCompileDebug' because:
[        ]   Build cache is disabled
[        ] Skipping task ':integration_test:javaPreCompileDebug' as it is up-to-date.
[        ] Resolve mutations for :integration_test:compileDebugJavaWithJavac (Thread[#41250,included builds,5,main]) started.
[        ] :integration_test:compileDebugJavaWithJavac (Thread[#41250,included builds,5,main]) started.
[        ] > Task :integration_test:compileDebugJavaWithJavac UP-TO-DATE
[        ] Custom actions are attached to task ':integration_test:compileDebugJavaWithJavac'.
[        ] Caching disabled for task ':integration_test:compileDebugJavaWithJavac' because:
[        ]   Build cache is disabled
[        ] Skipping task ':integration_test:compileDebugJavaWithJavac' as it is up-to-date.
[        ] No compile result for :integration_test:compileDebugJavaWithJavac
[        ] No compile result for :integration_test:compileDebugJavaWithJavac
[        ] Resolve mutations for :integration_test:bundleLibCompileToJarDebug (Thread[#41250,included builds,5,main]) started.
[        ] :integration_test:bundleLibCompileToJarDebug (Thread[#41250,included builds,5,main]) started.
[        ] > Task :integration_test:bundleLibCompileToJarDebug UP-TO-DATE
[        ] Caching disabled for task ':integration_test:bundleLibCompileToJarDebug' because:
[        ]   Build cache is disabled
[        ]   Simple merging task
[        ] Skipping task ':integration_test:bundleLibCompileToJarDebug' as it is up-to-date.
[        ] work action resolve classes.jar (project :integration_test) (Thread[#41250,included builds,5,main]) started.
[        ] Resolve mutations for :path_provider_android:javaPreCompileDebug (Thread[#41250,included builds,5,main]) started.
[        ] :path_provider_android:javaPreCompileDebug (Thread[#41250,included builds,5,main]) started.
[        ] > Task :path_provider_android:javaPreCompileDebug UP-TO-DATE
[        ] Caching disabled for task ':path_provider_android:javaPreCompileDebug' because:
[        ]   Build cache is disabled
[        ] Skipping task ':path_provider_android:javaPreCompileDebug' as it is up-to-date.
[        ] Resolve mutations for :path_provider_android:compileDebugJavaWithJavac (Thread[#41250,included builds,5,main]) started.
[        ] :path_provider_android:compileDebugJavaWithJavac (Thread[#41250,included builds,5,main]) started.
[        ] > Task :path_provider_android:compileDebugJavaWithJavac UP-TO-DATE
[        ] Custom actions are attached to task ':path_provider_android:compileDebugJavaWithJavac'.
[        ] Caching disabled for task ':path_provider_android:compileDebugJavaWithJavac' because:
[        ]   Build cache is disabled
[        ] Skipping task ':path_provider_android:compileDebugJavaWithJavac' as it is up-to-date.
[        ] No compile result for :path_provider_android:compileDebugJavaWithJavac
[        ] No compile result for :path_provider_android:compileDebugJavaWithJavac
[        ] Resolve mutations for :path_provider_android:bundleLibCompileToJarDebug (Thread[#41250,included builds,5,main]) started.
[        ] :path_provider_android:bundleLibCompileToJarDebug (Thread[#41250,included builds,5,main]) started.
[        ] > Task :path_provider_android:bundleLibCompileToJarDebug UP-TO-DATE
[        ] Caching disabled for task ':path_provider_android:bundleLibCompileToJarDebug' because:
[        ]   Build cache is disabled
[        ]   Simple merging task
[        ] Skipping task ':path_provider_android:bundleLibCompileToJarDebug' as it is up-to-date.
[        ] work action resolve classes.jar (project :path_provider_android) (Thread[#41250,included builds,5,main]) started.
[        ] Resolve mutations for :quill_native_bridge_android:checkKotlinGradlePluginConfigurationErrors (Thread[#41250,included builds,5,main]) started.
[        ] :quill_native_bridge_android:checkKotlinGradlePluginConfigurationErrors (Thread[#41250,included builds,5,main]) started.
[        ] > Task :quill_native_bridge_android:checkKotlinGradlePluginConfigurationErrors SKIPPED
[        ] Skipping task ':quill_native_bridge_android:checkKotlinGradlePluginConfigurationErrors' as task onlyIf 'errorDiagnostics are present' is false.
[        ] Resolve mutations for :quill_native_bridge_android:compileDebugKotlin (Thread[#41250,included builds,5,main]) started.
[        ] :quill_native_bridge_android:compileDebugKotlin (Thread[#41250,included builds,5,main]) started.
[        ] > Task :quill_native_bridge_android:compileDebugKotlin UP-TO-DATE
[        ] Adding -Xuse-inline-scopes-numbers Kotlin compiler flag for task :quill_native_bridge_android:compileDebugAndroidTestKotlin
[        ] Caching disabled for task ':quill_native_bridge_android:compileDebugKotlin' because:
[        ]   Build cache is disabled
[        ] Skipping task ':quill_native_bridge_android:compileDebugKotlin' as it is up-to-date.
[        ] Resolve mutations for :quill_native_bridge_android:javaPreCompileDebug (Thread[#41250,included builds,5,main]) started.
[        ] :quill_native_bridge_android:javaPreCompileDebug (Thread[#41250,included builds,5,main]) started.
[        ] > Task :quill_native_bridge_android:javaPreCompileDebug UP-TO-DATE
[        ] Caching disabled for task ':quill_native_bridge_android:javaPreCompileDebug' because:
[        ]   Build cache is disabled
[        ] Skipping task ':quill_native_bridge_android:javaPreCompileDebug' as it is up-to-date.
[        ] Resolve mutations for :quill_native_bridge_android:compileDebugJavaWithJavac (Thread[#41250,included builds,5,main]) started.
[        ] :quill_native_bridge_android:compileDebugJavaWithJavac (Thread[#41250,included builds,5,main]) started.
[        ] > Task :quill_native_bridge_android:compileDebugJavaWithJavac NO-SOURCE
[        ] Skipping task ':quill_native_bridge_android:compileDebugJavaWithJavac' as it has no source files and no previous output files.
[        ] Resolve mutations for :quill_native_bridge_android:bundleLibCompileToJarDebug (Thread[#41250,included builds,5,main]) started.
[        ] :quill_native_bridge_android:bundleLibCompileToJarDebug (Thread[#41250,included builds,5,main]) started.
[        ] > Task :quill_native_bridge_android:bundleLibCompileToJarDebug UP-TO-DATE
[        ] Caching disabled for task ':quill_native_bridge_android:bundleLibCompileToJarDebug' because:
[        ]   Build cache is disabled
[        ]   Simple merging task
[        ] Skipping task ':quill_native_bridge_android:bundleLibCompileToJarDebug' as it is up-to-date.
[        ] work action resolve classes.jar (project :quill_native_bridge_android) (Thread[#41250,included builds,5,main]) started.
[        ] Resolve mutations for :shared_preferences_android:checkKotlinGradlePluginConfigurationErrors (Thread[#41250,included builds,5,main]) started.
[        ] :shared_preferences_android:checkKotlinGradlePluginConfigurationErrors (Thread[#41250,included builds,5,main]) started.
[        ] > Task :shared_preferences_android:checkKotlinGradlePluginConfigurationErrors SKIPPED
[        ] Skipping task ':shared_preferences_android:checkKotlinGradlePluginConfigurationErrors' as task onlyIf 'errorDiagnostics are present' is false.
[        ] Resolve mutations for :shared_preferences_android:compileDebugKotlin (Thread[#41250,included builds,5,main]) started.
[        ] :shared_preferences_android:compileDebugKotlin (Thread[#41250,included builds,5,main]) started.
[        ] > Task :shared_preferences_android:compileDebugKotlin UP-TO-DATE
[        ] Adding -Xuse-inline-scopes-numbers Kotlin compiler flag for task :shared_preferences_android:compileDebugAndroidTestKotlin
[        ] Caching disabled for task ':shared_preferences_android:compileDebugKotlin' because:
[        ]   Build cache is disabled
[        ] Skipping task ':shared_preferences_android:compileDebugKotlin' as it is up-to-date.
[        ] Resolve mutations for :shared_preferences_android:javaPreCompileDebug (Thread[#41250,included builds,5,main]) started.
[        ] :shared_preferences_android:javaPreCompileDebug (Thread[#41250,included builds,5,main]) started.
[        ] > Task :shared_preferences_android:javaPreCompileDebug UP-TO-DATE
[        ] Caching disabled for task ':shared_preferences_android:javaPreCompileDebug' because:
[        ]   Build cache is disabled
[        ] Skipping task ':shared_preferences_android:javaPreCompileDebug' as it is up-to-date.
[        ] Resolve mutations for :shared_preferences_android:compileDebugJavaWithJavac (Thread[#41250,included builds,5,main]) started.
[        ] :shared_preferences_android:compileDebugJavaWithJavac (Thread[#41250,included builds,5,main]) started.
[        ] > Task :shared_preferences_android:compileDebugJavaWithJavac UP-TO-DATE
[        ] Custom actions are attached to task ':shared_preferences_android:compileDebugJavaWithJavac'.
[        ] Caching disabled for task ':shared_preferences_android:compileDebugJavaWithJavac' because:
[        ]   Build cache is disabled
[        ] Skipping task ':shared_preferences_android:compileDebugJavaWithJavac' as it is up-to-date.
[        ] No compile result for :shared_preferences_android:compileDebugJavaWithJavac
[        ] No compile result for :shared_preferences_android:compileDebugJavaWithJavac
[        ] Resolve mutations for :shared_preferences_android:bundleLibCompileToJarDebug (Thread[#41250,included builds,5,main]) started.
[        ] :shared_preferences_android:bundleLibCompileToJarDebug (Thread[#41250,included builds,5,main]) started.
[        ] > Task :shared_preferences_android:bundleLibCompileToJarDebug UP-TO-DATE
[        ] Caching disabled for task ':shared_preferences_android:bundleLibCompileToJarDebug' because:
[        ]   Build cache is disabled
[        ]   Simple merging task
[        ] Skipping task ':shared_preferences_android:bundleLibCompileToJarDebug' as it is up-to-date.
[        ] work action resolve classes.jar (project :shared_preferences_android) (Thread[#41250,included builds,5,main]) started.
[        ] Resolve mutations for :sqflite_android:javaPreCompileDebug (Thread[#41250,included builds,5,main]) started.
[        ] :sqflite_android:javaPreCompileDebug (Thread[#41250,included builds,5,main]) started.
[        ] > Task :sqflite_android:javaPreCompileDebug UP-TO-DATE
[        ] Caching disabled for task ':sqflite_android:javaPreCompileDebug' because:
[        ]   Build cache is disabled
[        ] Skipping task ':sqflite_android:javaPreCompileDebug' as it is up-to-date.
[        ] Resolve mutations for :sqflite_android:compileDebugJavaWithJavac (Thread[#41250,included builds,5,main]) started.
[        ] :sqflite_android:compileDebugJavaWithJavac (Thread[#41250,included builds,5,main]) started.
[        ] > Task :sqflite_android:compileDebugJavaWithJavac UP-TO-DATE
[        ] Custom actions are attached to task ':sqflite_android:compileDebugJavaWithJavac'.
[        ] Caching disabled for task ':sqflite_android:compileDebugJavaWithJavac' because:
[        ]   Build cache is disabled
[        ] Skipping task ':sqflite_android:compileDebugJavaWithJavac' as it is up-to-date.
[        ] No compile result for :sqflite_android:compileDebugJavaWithJavac
[        ] No compile result for :sqflite_android:compileDebugJavaWithJavac
[        ] Resolve mutations for :sqflite_android:bundleLibCompileToJarDebug (Thread[#41250,included builds,5,main]) started.
[        ] :sqflite_android:bundleLibCompileToJarDebug (Thread[#41250,included builds,5,main]) started.
[        ] > Task :sqflite_android:bundleLibCompileToJarDebug UP-TO-DATE
[        ] Caching disabled for task ':sqflite_android:bundleLibCompileToJarDebug' because:
[        ]   Build cache is disabled
[        ]   Simple merging task
[        ] Skipping task ':sqflite_android:bundleLibCompileToJarDebug' as it is up-to-date.
[        ] work action resolve classes.jar (project :sqflite_android) (Thread[#41250,included builds,5,main]) started.
[        ] Resolve mutations for :url_launcher_android:generateDebugBuildConfig (Thread[#41250,included builds,5,main]) started.
[        ] :url_launcher_android:generateDebugBuildConfig (Thread[#41250,included builds,5,main]) started.
[        ] > Task :url_launcher_android:generateDebugBuildConfig UP-TO-DATE
[        ] Caching disabled for task ':url_launcher_android:generateDebugBuildConfig' because:
[        ]   Build cache is disabled
[        ] Skipping task ':url_launcher_android:generateDebugBuildConfig' as it is up-to-date.
[        ] Resolve mutations for :url_launcher_android:javaPreCompileDebug (Thread[#41250,included builds,5,main]) started.
[        ] :url_launcher_android:javaPreCompileDebug (Thread[#41250,included builds,5,main]) started.
[        ] > Task :url_launcher_android:javaPreCompileDebug UP-TO-DATE
[        ] Caching disabled for task ':url_launcher_android:javaPreCompileDebug' because:
[        ]   Build cache is disabled
[        ] Skipping task ':url_launcher_android:javaPreCompileDebug' as it is up-to-date.
[        ] Resolve mutations for :url_launcher_android:compileDebugJavaWithJavac (Thread[#41250,included builds,5,main]) started.
[        ] :url_launcher_android:compileDebugJavaWithJavac (Thread[#41250,included builds,5,main]) started.
[        ] > Task :url_launcher_android:compileDebugJavaWithJavac UP-TO-DATE
[        ] Custom actions are attached to task ':url_launcher_android:compileDebugJavaWithJavac'.
[        ] Caching disabled for task ':url_launcher_android:compileDebugJavaWithJavac' because:
[        ]   Build cache is disabled
[        ] Skipping task ':url_launcher_android:compileDebugJavaWithJavac' as it is up-to-date.
[        ] No compile result for :url_launcher_android:compileDebugJavaWithJavac
[        ] No compile result for :url_launcher_android:compileDebugJavaWithJavac
[        ] Resolve mutations for :url_launcher_android:bundleLibCompileToJarDebug (Thread[#41250,included builds,5,main]) started.
[        ] :url_launcher_android:bundleLibCompileToJarDebug (Thread[#41250,included builds,5,main]) started.
[        ] > Task :url_launcher_android:bundleLibCompileToJarDebug UP-TO-DATE
[        ] Caching disabled for task ':url_launcher_android:bundleLibCompileToJarDebug' because:
[        ]   Build cache is disabled
[        ]   Simple merging task
[        ] Skipping task ':url_launcher_android:bundleLibCompileToJarDebug' as it is up-to-date.
[        ] work action resolve classes.jar (project :url_launcher_android) (Thread[#41250,included builds,5,main]) started.
[        ] Resolve mutations for :video_player_android:checkKotlinGradlePluginConfigurationErrors (Thread[#41250,included builds,5,main]) started.
[        ] :video_player_android:checkKotlinGradlePluginConfigurationErrors (Thread[#41250,included builds,5,main]) started.
[        ] > Task :video_player_android:checkKotlinGradlePluginConfigurationErrors SKIPPED
[        ] Skipping task ':video_player_android:checkKotlinGradlePluginConfigurationErrors' as task onlyIf 'errorDiagnostics are present' is false.
[        ] Resolve mutations for :video_player_android:compileDebugKotlin (Thread[#41250,included builds,5,main]) started.
[        ] :video_player_android:compileDebugKotlin (Thread[#41250,included builds,5,main]) started.
09:04 +9 -17: loading /Users/florian/Code/substitution/integration_test/multi_user_correspondence_test.dart                                                                                            [  +95 ms] > Task :video_player_android:compileDebugKotlin UP-TO-DATE
[        ] Adding -Xuse-inline-scopes-numbers Kotlin compiler flag for task :video_player_android:compileDebugAndroidTestKotlin
[        ] Caching disabled for task ':video_player_android:compileDebugKotlin' because:
[        ]   Build cache is disabled
[        ] Skipping task ':video_player_android:compileDebugKotlin' as it is up-to-date.
[        ] Resolve mutations for :video_player_android:javaPreCompileDebug (Thread[#41250,included builds,5,main]) started.
[        ] :video_player_android:javaPreCompileDebug (Thread[#41250,included builds,5,main]) started.
[        ] > Task :video_player_android:javaPreCompileDebug UP-TO-DATE
[        ] Caching disabled for task ':video_player_android:javaPreCompileDebug' because:
[        ]   Build cache is disabled
[        ] Skipping task ':video_player_android:javaPreCompileDebug' as it is up-to-date.
[        ] Resolve mutations for :video_player_android:compileDebugJavaWithJavac (Thread[#41250,included builds,5,main]) started.
[        ] :video_player_android:compileDebugJavaWithJavac (Thread[#41250,included builds,5,main]) started.
[        ] > Task :video_player_android:compileDebugJavaWithJavac UP-TO-DATE
[        ] Custom actions are attached to task ':video_player_android:compileDebugJavaWithJavac'.
[        ] Caching disabled for task ':video_player_android:compileDebugJavaWithJavac' because:
[        ]   Build cache is disabled
[        ] Skipping task ':video_player_android:compileDebugJavaWithJavac' as it is up-to-date.
[        ] No compile result for :video_player_android:compileDebugJavaWithJavac
[        ] No compile result for :video_player_android:compileDebugJavaWithJavac
[        ] Resolve mutations for :video_player_android:bundleLibCompileToJarDebug (Thread[#41250,included builds,5,main]) started.
[        ] :video_player_android:bundleLibCompileToJarDebug (Thread[#41250,included builds,5,main]) started.
[        ] > Task :video_player_android:bundleLibCompileToJarDebug UP-TO-DATE
[        ] Caching disabled for task ':video_player_android:bundleLibCompileToJarDebug' because:
[        ]   Build cache is disabled
[        ]   Simple merging task
[        ] Skipping task ':video_player_android:bundleLibCompileToJarDebug' as it is up-to-date.
[        ] work action resolve classes.jar (project :video_player_android) (Thread[#41250,included builds,5,main]) started.
[        ] Resolve mutations for :app:compileDebugKotlin (Thread[#41250,included builds,5,main]) started.
[        ] :app:compileDebugKotlin (Thread[#41250,included builds,5,main]) started.
[        ] > Task :app:compileDebugKotlin UP-TO-DATE
[        ] Adding -Xuse-inline-scopes-numbers Kotlin compiler flag for task :app:compileDebugAndroidTestKotlin
[        ] Caching disabled for task ':app:compileDebugKotlin' because:
[        ]   Build cache is disabled
[        ] Skipping task ':app:compileDebugKotlin' as it is up-to-date.
[        ] Resolve mutations for :app:javaPreCompileDebug (Thread[#41250,included builds,5,main]) started.
[        ] :app:javaPreCompileDebug (Thread[#41250,included builds,5,main]) started.
[        ] > Task :app:javaPreCompileDebug UP-TO-DATE
[        ] Caching disabled for task ':app:javaPreCompileDebug' because:
[        ]   Build cache is disabled
[        ] Skipping task ':app:javaPreCompileDebug' as it is up-to-date.
[        ] Resolve mutations for :app:compileDebugJavaWithJavac (Thread[#41250,included builds,5,main]) started.
[        ] :app:compileDebugJavaWithJavac (Thread[#41250,included builds,5,main]) started.
[        ] > Task :app:compileDebugJavaWithJavac UP-TO-DATE
[        ] Custom actions are attached to task ':app:compileDebugJavaWithJavac'.
[        ] Caching disabled for task ':app:compileDebugJavaWithJavac' because:
[        ]   Build cache is disabled
[        ] Skipping task ':app:compileDebugJavaWithJavac' as it is up-to-date.
[        ] No compile result for :app:compileDebugJavaWithJavac
[        ] No compile result for :app:compileDebugJavaWithJavac
[        ] Resolve mutations for :app:compressDebugAssets (Thread[#41250,included builds,5,main]) started.
[        ] :app:compressDebugAssets (Thread[#41250,included builds,5,main]) started.
[        ] Resolve mutations for :app:processDebugJavaRes (Thread[#41272,Execution worker Thread 21,5,main]) started.
[        ] :app:processDebugJavaRes (Thread[#41272,Execution worker Thread 21,5,main]) started.
[        ] > Task :app:processDebugJavaRes UP-TO-DATE
[        ] file or directory '/Users/florian/Code/substitution/android/app/src/main/resources', not found
[        ] file or directory '/Users/florian/Code/substitution/android/app/src/debug/resources', not found
[        ] file or directory '/Users/florian/Code/substitution/android/app/src/main/resources', not found
[        ] file or directory '/Users/florian/Code/substitution/android/app/src/debug/resources', not found
[        ] Caching disabled for task ':app:processDebugJavaRes' because:
[        ]   Build cache is disabled
[        ]   Caching has been disabled for the task
[        ] Skipping task ':app:processDebugJavaRes' as it is up-to-date.
[        ] Resolve mutations for :connectivity_plus:processDebugJavaRes (Thread[#41272,Execution worker Thread 21,5,main]) started.
[        ] :connectivity_plus:processDebugJavaRes (Thread[#41272,Execution worker Thread 21,5,main]) started.
[        ] > Task :connectivity_plus:processDebugJavaRes NO-SOURCE
[        ] file or directory '/Users/florian/.pub-cache/hosted/pub.dev/connectivity_plus-5.0.2/android/src/main/resources', not found
[        ] file or directory '/Users/florian/.pub-cache/hosted/pub.dev/connectivity_plus-5.0.2/android/src/debug/resources', not found
[        ] Skipping task ':connectivity_plus:processDebugJavaRes' as it has no source files and no previous output files.
[        ] work action resolve out (project :connectivity_plus) (Thread[#41272,Execution worker Thread 21,5,main]) started.
[        ] Resolve mutations for :emoji_picker_flutter:processDebugJavaRes (Thread[#41272,Execution worker Thread 21,5,main]) started.
[        ] :emoji_picker_flutter:processDebugJavaRes (Thread[#41272,Execution worker Thread 21,5,main]) started.
[        ] > Task :emoji_picker_flutter:processDebugJavaRes UP-TO-DATE
[        ] file or directory '/Users/florian/.pub-cache/hosted/pub.dev/emoji_picker_flutter-4.4.0/android/src/main/resources', not found
[        ] file or directory '/Users/florian/.pub-cache/hosted/pub.dev/emoji_picker_flutter-4.4.0/android/src/debug/resources', not found
[        ] file or directory '/Users/florian/.pub-cache/hosted/pub.dev/emoji_picker_flutter-4.4.0/android/src/main/resources', not found
[        ] file or directory '/Users/florian/.pub-cache/hosted/pub.dev/emoji_picker_flutter-4.4.0/android/src/debug/resources', not found
[        ] Caching disabled for task ':emoji_picker_flutter:processDebugJavaRes' because:
[        ]   Build cache is disabled
[        ]   Caching has been disabled for the task
[        ] Skipping task ':emoji_picker_flutter:processDebugJavaRes' as it is up-to-date.
[        ] work action resolve out (project :emoji_picker_flutter) (Thread[#41272,Execution worker Thread 21,5,main]) started.
[        ] Resolve mutations for :file_selector_android:processDebugJavaRes (Thread[#41272,Execution worker Thread 21,5,main]) started.
[        ] :file_selector_android:processDebugJavaRes (Thread[#41272,Execution worker Thread 21,5,main]) started.
[        ] > Task :file_selector_android:processDebugJavaRes NO-SOURCE
[        ] file or directory '/Users/florian/.pub-cache/hosted/pub.dev/file_selector_android-0.5.2+4/android/src/main/resources', not found
[        ] file or directory '/Users/florian/.pub-cache/hosted/pub.dev/file_selector_android-0.5.2+4/android/src/debug/resources', not found
[        ] Skipping task ':file_selector_android:processDebugJavaRes' as it has no source files and no previous output files.
[        ] work action resolve out (project :file_selector_android) (Thread[#41272,Execution worker Thread 21,5,main]) started.
[        ] Resolve mutations for :flutter_keyboard_visibility_temp_fork:processDebugJavaRes (Thread[#41272,Execution worker Thread 21,5,main]) started.
[        ] :flutter_keyboard_visibility_temp_fork:processDebugJavaRes (Thread[#41272,Execution worker Thread 21,5,main]) started.
[        ] > Task :flutter_keyboard_visibility_temp_fork:processDebugJavaRes NO-SOURCE
[        ] file or directory '/Users/florian/.pub-cache/hosted/pub.dev/flutter_keyboard_visibility_temp_fork-0.1.5/android/src/main/resources', not found
[        ] file or directory '/Users/florian/.pub-cache/hosted/pub.dev/flutter_keyboard_visibility_temp_fork-0.1.5/android/src/debug/resources', not found
[        ] Skipping task ':flutter_keyboard_visibility_temp_fork:processDebugJavaRes' as it has no source files and no previous output files.
[        ] work action resolve out (project :flutter_keyboard_visibility_temp_fork) (Thread[#41272,Execution worker Thread 21,5,main]) started.
[        ] Resolve mutations for :flutter_native_splash:processDebugJavaRes (Thread[#41272,Execution worker Thread 21,5,main]) started.
[        ] :flutter_native_splash:processDebugJavaRes (Thread[#41272,Execution worker Thread 21,5,main]) started.
[        ] > Task :flutter_native_splash:processDebugJavaRes NO-SOURCE
[        ] file or directory '/Users/florian/.pub-cache/hosted/pub.dev/flutter_native_splash-2.4.7/android/src/main/resources', not found
[        ] file or directory '/Users/florian/.pub-cache/hosted/pub.dev/flutter_native_splash-2.4.7/android/src/debug/resources', not found
[        ] Skipping task ':flutter_native_splash:processDebugJavaRes' as it has no source files and no previous output files.
[        ] work action resolve out (project :flutter_native_splash) (Thread[#41272,Execution worker Thread 21,5,main]) started.
[        ] Resolve mutations for :flutter_olm:processDebugJavaRes (Thread[#41272,Execution worker Thread 21,5,main]) started.
[        ] :flutter_olm:processDebugJavaRes (Thread[#41272,Execution worker Thread 21,5,main]) started.
[        ] > Task :flutter_olm:processDebugJavaRes UP-TO-DATE
[        ] file or directory '/Users/florian/.pub-cache/hosted/pub.dev/flutter_olm-2.0.0/android/src/main/resources', not found
[        ] file or directory '/Users/florian/.pub-cache/hosted/pub.dev/flutter_olm-2.0.0/android/src/debug/resources', not found
[        ] file or directory '/Users/florian/.pub-cache/hosted/pub.dev/flutter_olm-2.0.0/android/src/main/resources', not found
[        ] file or directory '/Users/florian/.pub-cache/hosted/pub.dev/flutter_olm-2.0.0/android/src/debug/resources', not found
[        ] Caching disabled for task ':flutter_olm:processDebugJavaRes' because:
[        ]   Build cache is disabled
[        ]   Caching has been disabled for the task
[        ] Skipping task ':flutter_olm:processDebugJavaRes' as it is up-to-date.
[        ] work action resolve out (project :flutter_olm) (Thread[#41272,Execution worker Thread 21,5,main]) started.
[        ] Resolve mutations for :flutter_openssl_crypto:processDebugJavaRes (Thread[#41272,Execution worker Thread 21,5,main]) started.
[        ] :flutter_openssl_crypto:processDebugJavaRes (Thread[#41272,Execution worker Thread 21,5,main]) started.
[        ] > Task :flutter_openssl_crypto:processDebugJavaRes UP-TO-DATE
[        ] file or directory '/Users/florian/.pub-cache/hosted/pub.dev/flutter_openssl_crypto-0.5.0/android/src/main/resources', not found
[        ] file or directory '/Users/florian/.pub-cache/hosted/pub.dev/flutter_openssl_crypto-0.5.0/android/src/debug/resources', not found
[        ] file or directory '/Users/florian/.pub-cache/hosted/pub.dev/flutter_openssl_crypto-0.5.0/android/src/main/resources', not found
[        ] file or directory '/Users/florian/.pub-cache/hosted/pub.dev/flutter_openssl_crypto-0.5.0/android/src/debug/resources', not found
[        ] Caching disabled for task ':flutter_openssl_crypto:processDebugJavaRes' because:
[        ]   Build cache is disabled
[        ]   Caching has been disabled for the task
[        ] Skipping task ':flutter_openssl_crypto:processDebugJavaRes' as it is up-to-date.
[        ] work action resolve out (project :flutter_openssl_crypto) (Thread[#41272,Execution worker Thread 21,5,main]) started.
[        ] Resolve mutations for :integration_test:processDebugJavaRes (Thread[#41272,Execution worker Thread 21,5,main]) started.
[        ] :integration_test:processDebugJavaRes (Thread[#41272,Execution worker Thread 21,5,main]) started.
[        ] > Task :integration_test:processDebugJavaRes NO-SOURCE
[        ] file or directory '/opt/homebrew/share/flutter/packages/integration_test/android/src/main/resources', not found
[        ] file or directory '/opt/homebrew/share/flutter/packages/integration_test/android/src/debug/resources', not found
[        ] Skipping task ':integration_test:processDebugJavaRes' as it has no source files and no previous output files.
[        ] work action resolve out (project :integration_test) (Thread[#41272,Execution worker Thread 21,5,main]) started.
[        ] Resolve mutations for :path_provider_android:processDebugJavaRes (Thread[#41272,Execution worker Thread 21,5,main]) started.
[        ] :path_provider_android:processDebugJavaRes (Thread[#41272,Execution worker Thread 21,5,main]) started.
[        ] > Task :path_provider_android:processDebugJavaRes NO-SOURCE
[        ] file or directory '/Users/florian/.pub-cache/hosted/pub.dev/path_provider_android-2.2.22/android/src/main/resources', not found
[        ] file or directory '/Users/florian/.pub-cache/hosted/pub.dev/path_provider_android-2.2.22/android/src/debug/resources', not found
[        ] Skipping task ':path_provider_android:processDebugJavaRes' as it has no source files and no previous output files.
[        ] work action resolve out (project :path_provider_android) (Thread[#41272,Execution worker Thread 21,5,main]) started.
[        ] Resolve mutations for :quill_native_bridge_android:processDebugJavaRes (Thread[#41272,Execution worker Thread 21,5,main]) started.
[        ] :quill_native_bridge_android:processDebugJavaRes (Thread[#41272,Execution worker Thread 21,5,main]) started.
[        ] > Task :quill_native_bridge_android:processDebugJavaRes UP-TO-DATE
[        ] file or directory '/Users/florian/.pub-cache/hosted/pub.dev/quill_native_bridge_android-0.0.1+2/android/src/main/resources', not found
[        ] file or directory '/Users/florian/.pub-cache/hosted/pub.dev/quill_native_bridge_android-0.0.1+2/android/src/debug/resources', not found
[        ] file or directory '/Users/florian/.pub-cache/hosted/pub.dev/quill_native_bridge_android-0.0.1+2/android/src/main/resources', not found
[        ] file or directory '/Users/florian/.pub-cache/hosted/pub.dev/quill_native_bridge_android-0.0.1+2/android/src/debug/resources', not found
[        ] Caching disabled for task ':quill_native_bridge_android:processDebugJavaRes' because:
[        ]   Build cache is disabled
[        ]   Caching has been disabled for the task
[        ] Skipping task ':quill_native_bridge_android:processDebugJavaRes' as it is up-to-date.
[        ] work action resolve out (project :quill_native_bridge_android) (Thread[#41272,Execution worker Thread 21,5,main]) started.
[        ] Resolve mutations for :shared_preferences_android:processDebugJavaRes (Thread[#41272,Execution worker Thread 21,5,main]) started.
[        ] :shared_preferences_android:processDebugJavaRes (Thread[#41272,Execution worker Thread 21,5,main]) started.
[        ] > Task :shared_preferences_android:processDebugJavaRes UP-TO-DATE
[        ] file or directory '/Users/florian/.pub-cache/hosted/pub.dev/shared_preferences_android-2.4.20/android/src/main/resources', not found
[        ] file or directory '/Users/florian/.pub-cache/hosted/pub.dev/shared_preferences_android-2.4.20/android/src/debug/resources', not found
[        ] file or directory '/Users/florian/.pub-cache/hosted/pub.dev/shared_preferences_android-2.4.20/android/src/main/resources', not found
[        ] file or directory '/Users/florian/.pub-cache/hosted/pub.dev/shared_preferences_android-2.4.20/android/src/debug/resources', not found
[        ] Caching disabled for task ':shared_preferences_android:processDebugJavaRes' because:
[        ]   Build cache is disabled
[        ]   Caching has been disabled for the task
[        ] Skipping task ':shared_preferences_android:processDebugJavaRes' as it is up-to-date.
[        ] work action resolve out (project :shared_preferences_android) (Thread[#41272,Execution worker Thread 21,5,main]) started.
[        ] Resolve mutations for :sqflite_android:processDebugJavaRes (Thread[#41272,Execution worker Thread 21,5,main]) started.
[        ] :sqflite_android:processDebugJavaRes (Thread[#41272,Execution worker Thread 21,5,main]) started.
[        ] > Task :sqflite_android:processDebugJavaRes NO-SOURCE
[        ] file or directory '/Users/florian/.pub-cache/hosted/pub.dev/sqflite_android-2.4.2+2/android/src/main/resources', not found
[        ] file or directory '/Users/florian/.pub-cache/hosted/pub.dev/sqflite_android-2.4.2+2/android/src/debug/resources', not found
[        ] Skipping task ':sqflite_android:processDebugJavaRes' as it has no source files and no previous output files.
[        ] work action resolve out (project :sqflite_android) (Thread[#41272,Execution worker Thread 21,5,main]) started.
[        ] Resolve mutations for :url_launcher_android:processDebugJavaRes (Thread[#41272,Execution worker Thread 21,5,main]) started.
[        ] :url_launcher_android:processDebugJavaRes (Thread[#41272,Execution worker Thread 21,5,main]) started.
[        ] > Task :url_launcher_android:processDebugJavaRes NO-SOURCE
[        ] file or directory '/Users/florian/.pub-cache/hosted/pub.dev/url_launcher_android-6.3.28/android/src/main/resources', not found
[        ] file or directory '/Users/florian/.pub-cache/hosted/pub.dev/url_launcher_android-6.3.28/android/src/debug/resources', not found
[        ] Skipping task ':url_launcher_android:processDebugJavaRes' as it has no source files and no previous output files.
[        ] work action resolve out (project :url_launcher_android) (Thread[#41272,Execution worker Thread 21,5,main]) started.
[        ] Resolve mutations for :video_player_android:processDebugJavaRes (Thread[#41272,Execution worker Thread 21,5,main]) started.
[        ] :video_player_android:processDebugJavaRes (Thread[#41272,Execution worker Thread 21,5,main]) started.
[        ] > Task :video_player_android:processDebugJavaRes UP-TO-DATE
[        ] file or directory '/Users/florian/.pub-cache/hosted/pub.dev/video_player_android-2.9.1/android/src/main/resources', not found
[        ] file or directory '/Users/florian/.pub-cache/hosted/pub.dev/video_player_android-2.9.1/android/src/debug/resources', not found
[        ] file or directory '/Users/florian/.pub-cache/hosted/pub.dev/video_player_android-2.9.1/android/src/main/resources', not found
[        ] file or directory '/Users/florian/.pub-cache/hosted/pub.dev/video_player_android-2.9.1/android/src/debug/resources', not found
[        ] Caching disabled for task ':video_player_android:processDebugJavaRes' because:
[        ]   Build cache is disabled
[        ]   Caching has been disabled for the task
[        ] Skipping task ':video_player_android:processDebugJavaRes' as it is up-to-date.
[        ] work action resolve out (project :video_player_android) (Thread[#41272,Execution worker Thread 21,5,main]) started.
[        ] Resolve mutations for :app:mergeDebugJavaResource (Thread[#41272,Execution worker Thread 21,5,main]) started.
[        ] :app:mergeDebugJavaResource (Thread[#41272,Execution worker Thread 21,5,main]) started.
[        ] > Task :app:mergeDebugJavaResource UP-TO-DATE
[        ] Caching disabled for task ':app:mergeDebugJavaResource' because:
[        ]   Build cache is disabled
[        ]   Caching has been disabled for the task
[        ] Skipping task ':app:mergeDebugJavaResource' as it is up-to-date.
[        ] Resolve mutations for :app:checkDebugDuplicateClasses (Thread[#41272,Execution worker Thread 21,5,main]) started.
[        ] :app:checkDebugDuplicateClasses (Thread[#41272,Execution worker Thread 21,5,main]) started.
[        ] > Task :app:checkDebugDuplicateClasses UP-TO-DATE
[        ] Caching disabled for task ':app:checkDebugDuplicateClasses' because:
[        ]   Build cache is disabled
[        ]   Caching has been disabled for the task
[        ] Skipping task ':app:checkDebugDuplicateClasses' as it is up-to-date.
[        ] Resolve mutations for :app:desugarDebugFileDependencies (Thread[#41272,Execution worker Thread 21,5,main]) started.
[        ] :app:desugarDebugFileDependencies (Thread[#41272,Execution worker Thread 21,5,main]) started.
[        ] > Task :app:desugarDebugFileDependencies UP-TO-DATE
[        ] Caching disabled for task ':app:desugarDebugFileDependencies' because:
[        ]   Build cache is disabled
[        ] Skipping task ':app:desugarDebugFileDependencies' as it is up-to-date.
[        ] Resolve mutations for :app:mergeExtDexDebug (Thread[#41272,Execution worker Thread 21,5,main]) started.
[        ] :app:mergeExtDexDebug (Thread[#41272,Execution worker Thread 21,5,main]) started.
[        ] > Task :app:mergeExtDexDebug UP-TO-DATE
[        ] Caching disabled for task ':app:mergeExtDexDebug' because:
[        ]   Build cache is disabled
[        ] Skipping task ':app:mergeExtDexDebug' as it is up-to-date.
[        ] Resolve mutations for :connectivity_plus:bundleLibRuntimeToDirDebug (Thread[#41272,Execution worker Thread 21,5,main]) started.
[        ] :connectivity_plus:bundleLibRuntimeToDirDebug (Thread[#41272,Execution worker Thread 21,5,main]) started.
[        ] > Task :connectivity_plus:bundleLibRuntimeToDirDebug UP-TO-DATE
[        ] Caching disabled for task ':connectivity_plus:bundleLibRuntimeToDirDebug' because:
[        ]   Build cache is disabled
[        ]   Simple merging task
[        ] Skipping task ':connectivity_plus:bundleLibRuntimeToDirDebug' as it is up-to-date.
[        ] work action resolve bundleLibRuntimeToDirDebug (project :connectivity_plus) (Thread[#41272,Execution worker Thread 21,5,main]) started.
[        ] ClassesDirToClassesTransform (Thread[#41272,Execution worker Thread 21,5,main]) started.
[        ] Resolve mutations for :emoji_picker_flutter:bundleLibRuntimeToDirDebug (Thread[#41265,Execution worker Thread 14,5,main]) started.
[        ] :emoji_picker_flutter:bundleLibRuntimeToDirDebug (Thread[#41265,Execution worker Thread 14,5,main]) started.
[        ] DexingNoClasspathTransform (Thread[#41272,Execution worker Thread 21,5,main]) started.
[        ] > Task :emoji_picker_flutter:bundleLibRuntimeToDirDebug UP-TO-DATE
[        ] Caching disabled for task ':emoji_picker_flutter:bundleLibRuntimeToDirDebug' because:
[        ]   Build cache is disabled
[        ]   Simple merging task
[        ] Skipping task ':emoji_picker_flutter:bundleLibRuntimeToDirDebug' as it is up-to-date.
[        ] work action resolve bundleLibRuntimeToDirDebug (project :emoji_picker_flutter) (Thread[#41265,Execution worker Thread 14,5,main]) started.
[        ] ClassesDirToClassesTransform (Thread[#41265,Execution worker Thread 14,5,main]) started.
[        ] > Transform bundleLibRuntimeToDirDebug (project :connectivity_plus) with DexingNoClasspathTransform
[        ] Caching disabled for DexingNoClasspathTransform: /Users/florian/Code/substitution/build/connectivity_plus/intermediates/runtime_library_classes_dir/debug/bundleLibRuntimeToDirDebug because:
[        ]   Build cache is disabled
[        ] Skipping DexingNoClasspathTransform: /Users/florian/Code/substitution/build/connectivity_plus/intermediates/runtime_library_classes_dir/debug/bundleLibRuntimeToDirDebug as it is up-to-date.
[        ] Resolve mutations for :file_selector_android:bundleLibRuntimeToDirDebug (Thread[#41260,Execution worker Thread 9,5,main]) started.
[        ] DexingNoClasspathTransform (Thread[#41265,Execution worker Thread 14,5,main]) started.
[        ] :file_selector_android:bundleLibRuntimeToDirDebug (Thread[#41260,Execution worker Thread 9,5,main]) started.
[        ] > Transform bundleLibRuntimeToDirDebug (project :emoji_picker_flutter) with DexingNoClasspathTransform
[        ] Caching disabled for DexingNoClasspathTransform: /Users/florian/Code/substitution/build/emoji_picker_flutter/intermediates/runtime_library_classes_dir/debug/bundleLibRuntimeToDirDebug because:
[        ]   Build cache is disabled
[        ] Skipping DexingNoClasspathTransform: /Users/florian/Code/substitution/build/emoji_picker_flutter/intermediates/runtime_library_classes_dir/debug/bundleLibRuntimeToDirDebug as it is up-to-date.
[        ] > Task :file_selector_android:bundleLibRuntimeToDirDebug UP-TO-DATE
[        ] Caching disabled for task ':file_selector_android:bundleLibRuntimeToDirDebug' because:
[        ]   Build cache is disabled
[        ]   Simple merging task
[        ] Skipping task ':file_selector_android:bundleLibRuntimeToDirDebug' as it is up-to-date.
[        ] work action resolve bundleLibRuntimeToDirDebug (project :file_selector_android) (Thread[#41260,Execution worker Thread 9,5,main]) started.
[        ] ClassesDirToClassesTransform (Thread[#41260,Execution worker Thread 9,5,main]) started.
[        ] Resolve mutations for :flutter_keyboard_visibility_temp_fork:bundleLibRuntimeToDirDebug (Thread[#41272,Execution worker Thread 21,5,main]) started.
[        ] :flutter_keyboard_visibility_temp_fork:bundleLibRuntimeToDirDebug (Thread[#41272,Execution worker Thread 21,5,main]) started.
[        ] DexingNoClasspathTransform (Thread[#41260,Execution worker Thread 9,5,main]) started.
[        ] > Task :flutter_keyboard_visibility_temp_fork:bundleLibRuntimeToDirDebug UP-TO-DATE
[        ] Caching disabled for task ':flutter_keyboard_visibility_temp_fork:bundleLibRuntimeToDirDebug' because:
[        ]   Build cache is disabled
[        ]   Simple merging task
[        ] Skipping task ':flutter_keyboard_visibility_temp_fork:bundleLibRuntimeToDirDebug' as it is up-to-date.
[        ] work action resolve bundleLibRuntimeToDirDebug (project :flutter_keyboard_visibility_temp_fork) (Thread[#41272,Execution worker Thread 21,5,main]) started.
[        ] ClassesDirToClassesTransform (Thread[#41272,Execution worker Thread 21,5,main]) started.
[        ] Resolve mutations for :flutter_native_splash:bundleLibRuntimeToDirDebug (Thread[#41265,Execution worker Thread 14,5,main]) started.
[        ] :flutter_native_splash:bundleLibRuntimeToDirDebug (Thread[#41265,Execution worker Thread 14,5,main]) started.
[        ] DexingNoClasspathTransform (Thread[#41272,Execution worker Thread 21,5,main]) started.
[        ] > Transform bundleLibRuntimeToDirDebug (project :file_selector_android) with DexingNoClasspathTransform
[        ] Caching disabled for DexingNoClasspathTransform: /Users/florian/Code/substitution/build/file_selector_android/intermediates/runtime_library_classes_dir/debug/bundleLibRuntimeToDirDebug because:
[        ]   Build cache is disabled
[        ] Skipping DexingNoClasspathTransform: /Users/florian/Code/substitution/build/file_selector_android/intermediates/runtime_library_classes_dir/debug/bundleLibRuntimeToDirDebug as it is up-to-date.
[        ] > Task :flutter_native_splash:bundleLibRuntimeToDirDebug UP-TO-DATE
[        ] Caching disabled for task ':flutter_native_splash:bundleLibRuntimeToDirDebug' because:
[        ]   Build cache is disabled
[        ]   Simple merging task
[        ] Skipping task ':flutter_native_splash:bundleLibRuntimeToDirDebug' as it is up-to-date.
[        ] work action resolve bundleLibRuntimeToDirDebug (project :flutter_native_splash) (Thread[#41265,Execution worker Thread 14,5,main]) started.
[        ] ClassesDirToClassesTransform (Thread[#41265,Execution worker Thread 14,5,main]) started.
[        ] Resolve mutations for :flutter_olm:bundleLibRuntimeToDirDebug (Thread[#41278,Execution worker Thread 27,5,main]) started.
[        ] > Transform bundleLibRuntimeToDirDebug (project :flutter_keyboard_visibility_temp_fork) with DexingNoClasspathTransform
[        ] Caching disabled for DexingNoClasspathTransform: /Users/florian/Code/substitution/build/flutter_keyboard_visibility_temp_fork/intermediates/runtime_library_classes_dir/debug/bundleLibRuntimeToDirDebug because:
[        ]   Build cache is disabled
[        ] Skipping DexingNoClasspathTransform: /Users/florian/Code/substitution/build/flutter_keyboard_visibility_temp_fork/intermediates/runtime_library_classes_dir/debug/bundleLibRuntimeToDirDebug as it is up-to-date.
[        ] :flutter_olm:bundleLibRuntimeToDirDebug (Thread[#41272,Execution worker Thread 21,5,main]) started.
[        ] DexingNoClasspathTransform (Thread[#41265,Execution worker Thread 14,5,main]) started.
[        ] > Transform bundleLibRuntimeToDirDebug (project :flutter_native_splash) with DexingNoClasspathTransform
[        ] Caching disabled for DexingNoClasspathTransform: /Users/florian/Code/substitution/build/flutter_native_splash/intermediates/runtime_library_classes_dir/debug/bundleLibRuntimeToDirDebug because:
[        ]   Build cache is disabled
[        ] Skipping DexingNoClasspathTransform: /Users/florian/Code/substitution/build/flutter_native_splash/intermediates/runtime_library_classes_dir/debug/bundleLibRuntimeToDirDebug as it is up-to-date.
[        ] > Task :flutter_olm:bundleLibRuntimeToDirDebug UP-TO-DATE
[        ] Caching disabled for task ':flutter_olm:bundleLibRuntimeToDirDebug' because:
[        ]   Build cache is disabled
[        ]   Simple merging task
[        ] Skipping task ':flutter_olm:bundleLibRuntimeToDirDebug' as it is up-to-date.
[        ] work action resolve bundleLibRuntimeToDirDebug (project :flutter_olm) (Thread[#41272,Execution worker Thread 21,5,main]) started.
[        ] ClassesDirToClassesTransform (Thread[#41272,Execution worker Thread 21,5,main]) started.
[        ] Resolve mutations for :flutter_openssl_crypto:bundleLibRuntimeToDirDebug (Thread[#41278,Execution worker Thread 27,5,main]) started.
[        ] DexingNoClasspathTransform (Thread[#41272,Execution worker Thread 21,5,main]) started.
[        ] :flutter_openssl_crypto:bundleLibRuntimeToDirDebug (Thread[#41278,Execution worker Thread 27,5,main]) started.
[        ] > Transform bundleLibRuntimeToDirDebug (project :flutter_olm) with DexingNoClasspathTransform
[        ] Caching disabled for DexingNoClasspathTransform: /Users/florian/Code/substitution/build/flutter_olm/intermediates/runtime_library_classes_dir/debug/bundleLibRuntimeToDirDebug because:
[        ]   Build cache is disabled
[        ] Skipping DexingNoClasspathTransform: /Users/florian/Code/substitution/build/flutter_olm/intermediates/runtime_library_classes_dir/debug/bundleLibRuntimeToDirDebug as it is up-to-date.
[        ] > Task :flutter_openssl_crypto:bundleLibRuntimeToDirDebug UP-TO-DATE
[        ] Caching disabled for task ':flutter_openssl_crypto:bundleLibRuntimeToDirDebug' because:
[        ]   Build cache is disabled
[        ]   Simple merging task
[        ] Skipping task ':flutter_openssl_crypto:bundleLibRuntimeToDirDebug' as it is up-to-date.
[        ] work action resolve bundleLibRuntimeToDirDebug (project :flutter_openssl_crypto) (Thread[#41278,Execution worker Thread 27,5,main]) started.
[        ] ClassesDirToClassesTransform (Thread[#41278,Execution worker Thread 27,5,main]) started.
[        ] Resolve mutations for :integration_test:bundleLibRuntimeToDirDebug (Thread[#41262,Execution worker Thread 11,5,main]) started.
[        ] DexingNoClasspathTransform (Thread[#41278,Execution worker Thread 27,5,main]) started.
[        ] :integration_test:bundleLibRuntimeToDirDebug (Thread[#41262,Execution worker Thread 11,5,main]) started.
[        ] > Transform bundleLibRuntimeToDirDebug (project :flutter_openssl_crypto) with DexingNoClasspathTransform
[        ] Caching disabled for DexingNoClasspathTransform: /Users/florian/Code/substitution/build/flutter_openssl_crypto/intermediates/runtime_library_classes_dir/debug/bundleLibRuntimeToDirDebug because:
[        ]   Build cache is disabled
[        ] Skipping DexingNoClasspathTransform: /Users/florian/Code/substitution/build/flutter_openssl_crypto/intermediates/runtime_library_classes_dir/debug/bundleLibRuntimeToDirDebug as it is up-to-date.
[        ] > Task :integration_test:bundleLibRuntimeToDirDebug UP-TO-DATE
[        ] Caching disabled for task ':integration_test:bundleLibRuntimeToDirDebug' because:
[        ]   Build cache is disabled
[        ]   Simple merging task
[        ] Skipping task ':integration_test:bundleLibRuntimeToDirDebug' as it is up-to-date.
[        ] work action resolve bundleLibRuntimeToDirDebug (project :integration_test) (Thread[#41262,Execution worker Thread 11,5,main]) started.
[        ] ClassesDirToClassesTransform (Thread[#41262,Execution worker Thread 11,5,main]) started.
[        ] Resolve mutations for :path_provider_android:bundleLibRuntimeToDirDebug (Thread[#41282,Execution worker Thread 31,5,main]) started.
[        ] DexingNoClasspathTransform (Thread[#41262,Execution worker Thread 11,5,main]) started.
[        ] :path_provider_android:bundleLibRuntimeToDirDebug (Thread[#41282,Execution worker Thread 31,5,main]) started.
[        ] > Task :path_provider_android:bundleLibRuntimeToDirDebug UP-TO-DATE
[        ] Caching disabled for task ':path_provider_android:bundleLibRuntimeToDirDebug' because:
[        ]   Build cache is disabled
[        ]   Simple merging task
[        ] Skipping task ':path_provider_android:bundleLibRuntimeToDirDebug' as it is up-to-date.
[        ] work action resolve bundleLibRuntimeToDirDebug (project :path_provider_android) (Thread[#41282,Execution worker Thread 31,5,main]) started.
[        ] > Transform bundleLibRuntimeToDirDebug (project :integration_test) with DexingNoClasspathTransform
[        ] Caching disabled for DexingNoClasspathTransform: /Users/florian/Code/substitution/build/integration_test/intermediates/runtime_library_classes_dir/debug/bundleLibRuntimeToDirDebug because:
[        ]   Build cache is disabled
[        ] Skipping DexingNoClasspathTransform: /Users/florian/Code/substitution/build/integration_test/intermediates/runtime_library_classes_dir/debug/bundleLibRuntimeToDirDebug as it is up-to-date.
[        ] ClassesDirToClassesTransform (Thread[#41282,Execution worker Thread 31,5,main]) started.
[        ] Resolve mutations for :quill_native_bridge_android:bundleLibRuntimeToDirDebug (Thread[#41259,Execution worker Thread 8,5,main]) started.
[        ] DexingNoClasspathTransform (Thread[#41282,Execution worker Thread 31,5,main]) started.
[        ] :quill_native_bridge_android:bundleLibRuntimeToDirDebug (Thread[#41259,Execution worker Thread 8,5,main]) started.
[        ] > Transform bundleLibRuntimeToDirDebug (project :path_provider_android) with DexingNoClasspathTransform
[        ] Caching disabled for DexingNoClasspathTransform: /Users/florian/Code/substitution/build/path_provider_android/intermediates/runtime_library_classes_dir/debug/bundleLibRuntimeToDirDebug because:
[        ]   Build cache is disabled
[        ] Skipping DexingNoClasspathTransform: /Users/florian/Code/substitution/build/path_provider_android/intermediates/runtime_library_classes_dir/debug/bundleLibRuntimeToDirDebug as it is up-to-date.
[        ] > Task :quill_native_bridge_android:bundleLibRuntimeToDirDebug UP-TO-DATE
[        ] Caching disabled for task ':quill_native_bridge_android:bundleLibRuntimeToDirDebug' because:
[        ]   Build cache is disabled
[        ]   Simple merging task
[        ] Skipping task ':quill_native_bridge_android:bundleLibRuntimeToDirDebug' as it is up-to-date.
[        ] work action resolve bundleLibRuntimeToDirDebug (project :quill_native_bridge_android) (Thread[#41259,Execution worker Thread 8,5,main]) started.
[        ] ClassesDirToClassesTransform (Thread[#41259,Execution worker Thread 8,5,main]) started.
[        ] Resolve mutations for :shared_preferences_android:bundleLibRuntimeToDirDebug (Thread[#41258,Execution worker Thread 7,5,main]) started.
[        ] :shared_preferences_android:bundleLibRuntimeToDirDebug (Thread[#41258,Execution worker Thread 7,5,main]) started.
[        ] DexingNoClasspathTransform (Thread[#41259,Execution worker Thread 8,5,main]) started.
[        ] > Transform bundleLibRuntimeToDirDebug (project :quill_native_bridge_android) with DexingNoClasspathTransform
[        ] Caching disabled for DexingNoClasspathTransform: /Users/florian/Code/substitution/build/quill_native_bridge_android/intermediates/runtime_library_classes_dir/debug/bundleLibRuntimeToDirDebug because:
[        ]   Build cache is disabled
[        ] Skipping DexingNoClasspathTransform: /Users/florian/Code/substitution/build/quill_native_bridge_android/intermediates/runtime_library_classes_dir/debug/bundleLibRuntimeToDirDebug as it is up-to-date.
[        ] > Task :shared_preferences_android:bundleLibRuntimeToDirDebug UP-TO-DATE
[        ] Caching disabled for task ':shared_preferences_android:bundleLibRuntimeToDirDebug' because:
[        ]   Build cache is disabled
[        ]   Simple merging task
[        ] Skipping task ':shared_preferences_android:bundleLibRuntimeToDirDebug' as it is up-to-date.
[        ] work action resolve bundleLibRuntimeToDirDebug (project :shared_preferences_android) (Thread[#41258,Execution worker Thread 7,5,main]) started.
[        ] ClassesDirToClassesTransform (Thread[#41258,Execution worker Thread 7,5,main]) started.
[        ] Resolve mutations for :sqflite_android:bundleLibRuntimeToDirDebug (Thread[#41263,Execution worker Thread 12,5,main]) started.
[        ] :sqflite_android:bundleLibRuntimeToDirDebug (Thread[#41263,Execution worker Thread 12,5,main]) started.
[        ] DexingNoClasspathTransform (Thread[#41258,Execution worker Thread 7,5,main]) started.
[        ] > Task :sqflite_android:bundleLibRuntimeToDirDebug UP-TO-DATE
[        ] Caching disabled for task ':sqflite_android:bundleLibRuntimeToDirDebug' because:
[        ]   Build cache is disabled
[        ]   Simple merging task
[        ] Skipping task ':sqflite_android:bundleLibRuntimeToDirDebug' as it is up-to-date.
[        ] work action resolve bundleLibRuntimeToDirDebug (project :sqflite_android) (Thread[#41263,Execution worker Thread 12,5,main]) started.
[        ] ClassesDirToClassesTransform (Thread[#41263,Execution worker Thread 12,5,main]) started.
[        ] Resolve mutations for :url_launcher_android:bundleLibRuntimeToDirDebug (Thread[#41265,Execution worker Thread 14,5,main]) started.
[        ] DexingNoClasspathTransform (Thread[#41263,Execution worker Thread 12,5,main]) started.
[        ] :url_launcher_android:bundleLibRuntimeToDirDebug (Thread[#41265,Execution worker Thread 14,5,main]) started.
[        ] > Transform bundleLibRuntimeToDirDebug (project :shared_preferences_android) with DexingNoClasspathTransform
[        ] Caching disabled for DexingNoClasspathTransform: /Users/florian/Code/substitution/build/shared_preferences_android/intermediates/runtime_library_classes_dir/debug/bundleLibRuntimeToDirDebug because:
[        ]   Build cache is disabled
[        ] Skipping DexingNoClasspathTransform: /Users/florian/Code/substitution/build/shared_preferences_android/intermediates/runtime_library_classes_dir/debug/bundleLibRuntimeToDirDebug as it is up-to-date.
[        ] > Task :url_launcher_android:bundleLibRuntimeToDirDebug UP-TO-DATE
[        ] Caching disabled for task ':url_launcher_android:bundleLibRuntimeToDirDebug' because:
[        ]   Build cache is disabled
[        ]   Simple merging task
[        ] Skipping task ':url_launcher_android:bundleLibRuntimeToDirDebug' as it is up-to-date.
[        ] work action resolve bundleLibRuntimeToDirDebug (project :url_launcher_android) (Thread[#41265,Execution worker Thread 14,5,main]) started.
[        ] Resolve mutations for :video_player_android:bundleLibRuntimeToDirDebug (Thread[#41252,Execution worker Thread 2,5,main]) started.
[        ] ClassesDirToClassesTransform (Thread[#41265,Execution worker Thread 14,5,main]) started.
[        ] :video_player_android:bundleLibRuntimeToDirDebug (Thread[#41252,Execution worker Thread 2,5,main]) started.
[        ] DexingNoClasspathTransform (Thread[#41265,Execution worker Thread 14,5,main]) started.
[        ] > Transform bundleLibRuntimeToDirDebug (project :sqflite_android) with DexingNoClasspathTransform
[        ] Caching disabled for DexingNoClasspathTransform: /Users/florian/Code/substitution/build/sqflite_android/intermediates/runtime_library_classes_dir/debug/bundleLibRuntimeToDirDebug because:
[        ]   Build cache is disabled
[        ] Skipping DexingNoClasspathTransform: /Users/florian/Code/substitution/build/sqflite_android/intermediates/runtime_library_classes_dir/debug/bundleLibRuntimeToDirDebug as it is up-to-date.
[        ] > Transform bundleLibRuntimeToDirDebug (project :url_launcher_android) with DexingNoClasspathTransform
[        ] Caching disabled for DexingNoClasspathTransform: /Users/florian/Code/substitution/build/url_launcher_android/intermediates/runtime_library_classes_dir/debug/bundleLibRuntimeToDirDebug because:
[        ]   Build cache is disabled
[        ] Skipping DexingNoClasspathTransform: /Users/florian/Code/substitution/build/url_launcher_android/intermediates/runtime_library_classes_dir/debug/bundleLibRuntimeToDirDebug as it is up-to-date.
[        ] > Task :video_player_android:bundleLibRuntimeToDirDebug UP-TO-DATE
[        ] Caching disabled for task ':video_player_android:bundleLibRuntimeToDirDebug' because:
[        ]   Build cache is disabled
[        ]   Simple merging task
[        ] Skipping task ':video_player_android:bundleLibRuntimeToDirDebug' as it is up-to-date.
[        ] work action resolve bundleLibRuntimeToDirDebug (project :video_player_android) (Thread[#41252,Execution worker Thread 2,5,main]) started.
[        ] ClassesDirToClassesTransform (Thread[#41252,Execution worker Thread 2,5,main]) started.
[        ] Resolve mutations for :app:dexBuilderDebug (Thread[#41265,Execution worker Thread 14,5,main]) started.
[        ] DexingNoClasspathTransform (Thread[#41252,Execution worker Thread 2,5,main]) started.
[        ] :app:dexBuilderDebug (Thread[#41265,Execution worker Thread 14,5,main]) started.
[        ] > Task :app:dexBuilderDebug UP-TO-DATE
[        ] Caching disabled for task ':app:dexBuilderDebug' because:
[        ]   Build cache is disabled
[        ] Skipping task ':app:dexBuilderDebug' as it is up-to-date.
[        ] Resolve mutations for :app:mergeProjectDexDebug (Thread[#41265,Execution worker Thread 14,5,main]) started.
[        ] > Transform bundleLibRuntimeToDirDebug (project :video_player_android) with DexingNoClasspathTransform
[        ] Caching disabled for DexingNoClasspathTransform: /Users/florian/Code/substitution/build/video_player_android/intermediates/runtime_library_classes_dir/debug/bundleLibRuntimeToDirDebug because:
[        ]   Build cache is disabled
[        ] Skipping DexingNoClasspathTransform: /Users/florian/Code/substitution/build/video_player_android/intermediates/runtime_library_classes_dir/debug/bundleLibRuntimeToDirDebug as it is up-to-date.
[        ] Resolve mutations for :app:mergeLibDexDebug (Thread[#41265,Execution worker Thread 14,5,main]) started.
[        ] :app:mergeLibDexDebug (Thread[#41265,Execution worker Thread 14,5,main]) started.
[        ] > Task :app:mergeLibDexDebug UP-TO-DATE
[        ] Caching disabled for task ':app:mergeLibDexDebug' because:
[        ]   Build cache is disabled
[        ] Skipping task ':app:mergeLibDexDebug' as it is up-to-date.
[        ] :app:mergeProjectDexDebug (Thread[#41265,Execution worker Thread 14,5,main]) started.
[        ] > Task :app:mergeProjectDexDebug UP-TO-DATE
[        ] Caching disabled for task ':app:mergeProjectDexDebug' because:
[        ]   Build cache is disabled
[        ] Skipping task ':app:mergeProjectDexDebug' as it is up-to-date.
[        ] Resolve mutations for :app:configureCMakeDebug[arm64-v8a] (Thread[#41265,Execution worker Thread 14,5,main]) started.
[        ] :app:configureCMakeDebug[arm64-v8a] (Thread[#41265,Execution worker Thread 14,5,main]) started.
[        ] > Task :app:configureCMakeDebug[arm64-v8a]
[        ] Caching disabled for task ':app:configureCMakeDebug[arm64-v8a]' because:
[        ]   Build cache is disabled
[        ]   Caching has been disabled for the task
[        ] Task ':app:configureCMakeDebug[arm64-v8a]' is not up-to-date because:
[        ]   Task.upToDateWhen is false.
[        ] C/C++: /opt/homebrew/share/flutter/packages/flutter_tools/gradle/src/main/scripts/CMakeLists.txt debug|arm64-v8a : Start JSON generation. Platform version: 24 min SDK version: arm64-v8a
[        ] C/C++: /opt/homebrew/share/flutter/packages/flutter_tools/gradle/src/main/scripts/CMakeLists.txt debug|arm64-v8a : JSON '/Users/florian/Code/substitution/build/.cxx/debug/x6546535/arm64-v8a/android_gradle_build.json' was up-to-date
[        ] C/C++: /opt/homebrew/share/flutter/packages/flutter_tools/gradle/src/main/scripts/CMakeLists.txt debug|arm64-v8a : JSON generation completed without problems
[        ] C/C++: /opt/homebrew/share/flutter/packages/flutter_tools/gradle/src/main/scripts/CMakeLists.txt debug|arm64-v8a : Writing build model to /Users/florian/Code/substitution/build/app/intermediates/cxx/debug/x6546535/logs/arm64-v8a/build_model.json
[        ] Resolve mutations for :app:buildCMakeDebug[arm64-v8a] (Thread[#41265,Execution worker Thread 14,5,main]) started.
[        ] :app:buildCMakeDebug[arm64-v8a] (Thread[#41265,Execution worker Thread 14,5,main]) started.
[        ] > Task :app:buildCMakeDebug[arm64-v8a]
[        ] Caching disabled for task ':app:buildCMakeDebug[arm64-v8a]' because:
[        ]   Build cache is disabled
[        ]   Caching has been disabled for the task
[        ] Task ':app:buildCMakeDebug[arm64-v8a]' is not up-to-date because:
[        ]   Task.upToDateWhen is false.
[        ] C/C++: starting build
[        ] C/C++: reading expected JSONs
[        ] C/C++: done reading expected JSONs
[        ] C/C++: executing build commands for targets that produce .so files or executables
[        ] C/C++: evaluate miniconfig
[        ] C/C++: no libraries
[        ] Resolve mutations for :app:configureCMakeDebug[armeabi-v7a] (Thread[#41265,Execution worker Thread 14,5,main]) started.
[        ] :app:configureCMakeDebug[armeabi-v7a] (Thread[#41265,Execution worker Thread 14,5,main]) started.
[        ] > Task :app:configureCMakeDebug[armeabi-v7a]
[        ] Caching disabled for task ':app:configureCMakeDebug[armeabi-v7a]' because:
[        ]   Build cache is disabled
[        ]   Caching has been disabled for the task
[        ] Task ':app:configureCMakeDebug[armeabi-v7a]' is not up-to-date because:
[        ]   Task.upToDateWhen is false.
[        ] C/C++: /opt/homebrew/share/flutter/packages/flutter_tools/gradle/src/main/scripts/CMakeLists.txt debug|armeabi-v7a : Start JSON generation. Platform version: 24 min SDK version: armeabi-v7a
[        ] C/C++: /opt/homebrew/share/flutter/packages/flutter_tools/gradle/src/main/scripts/CMakeLists.txt debug|armeabi-v7a : JSON '/Users/florian/Code/substitution/build/.cxx/debug/x6546535/armeabi-v7a/android_gradle_build.json' was up-to-date
[        ] C/C++: /opt/homebrew/share/flutter/packages/flutter_tools/gradle/src/main/scripts/CMakeLists.txt debug|armeabi-v7a : JSON generation completed without problems
[        ] C/C++: /opt/homebrew/share/flutter/packages/flutter_tools/gradle/src/main/scripts/CMakeLists.txt debug|armeabi-v7a : Writing build model to /Users/florian/Code/substitution/build/app/intermediates/cxx/debug/x6546535/logs/armeabi-v7a/build_model.json
[        ] Resolve mutations for :app:buildCMakeDebug[armeabi-v7a] (Thread[#41265,Execution worker Thread 14,5,main]) started.
[        ] :app:buildCMakeDebug[armeabi-v7a] (Thread[#41265,Execution worker Thread 14,5,main]) started.
[        ] > Task :app:buildCMakeDebug[armeabi-v7a]
[        ] Caching disabled for task ':app:buildCMakeDebug[armeabi-v7a]' because:
[        ]   Build cache is disabled
[        ]   Caching has been disabled for the task
[        ] Task ':app:buildCMakeDebug[armeabi-v7a]' is not up-to-date because:
[        ]   Task.upToDateWhen is false.
[        ] C/C++: starting build
[        ] C/C++: reading expected JSONs
[        ] C/C++: done reading expected JSONs
[        ] C/C++: executing build commands for targets that produce .so files or executables
[        ] C/C++: evaluate miniconfig
[        ] C/C++: no libraries
[        ] Resolve mutations for :app:configureCMakeDebug[x86_64] (Thread[#41265,Execution worker Thread 14,5,main]) started.
[        ] :app:configureCMakeDebug[x86_64] (Thread[#41265,Execution worker Thread 14,5,main]) started.
[        ] > Task :app:configureCMakeDebug[x86_64]
[        ] Caching disabled for task ':app:configureCMakeDebug[x86_64]' because:
[        ]   Build cache is disabled
[        ]   Caching has been disabled for the task
[        ] Task ':app:configureCMakeDebug[x86_64]' is not up-to-date because:
[        ]   Task.upToDateWhen is false.
[        ] C/C++: /opt/homebrew/share/flutter/packages/flutter_tools/gradle/src/main/scripts/CMakeLists.txt debug|x86_64 : Start JSON generation. Platform version: 24 min SDK version: x86_64
[        ] C/C++: /opt/homebrew/share/flutter/packages/flutter_tools/gradle/src/main/scripts/CMakeLists.txt debug|x86_64 : JSON '/Users/florian/Code/substitution/build/.cxx/debug/x6546535/x86_64/android_gradle_build.json' was up-to-date
[        ] C/C++: /opt/homebrew/share/flutter/packages/flutter_tools/gradle/src/main/scripts/CMakeLists.txt debug|x86_64 : JSON generation completed without problems
[        ] C/C++: /opt/homebrew/share/flutter/packages/flutter_tools/gradle/src/main/scripts/CMakeLists.txt debug|x86_64 : Writing build model to /Users/florian/Code/substitution/build/app/intermediates/cxx/debug/x6546535/logs/x86_64/build_model.json
[        ] Resolve mutations for :app:buildCMakeDebug[x86_64] (Thread[#41265,Execution worker Thread 14,5,main]) started.
[        ] :app:buildCMakeDebug[x86_64] (Thread[#41265,Execution worker Thread 14,5,main]) started.
[        ] > Task :app:buildCMakeDebug[x86_64]
[        ] Caching disabled for task ':app:buildCMakeDebug[x86_64]' because:
[        ]   Build cache is disabled
[        ]   Caching has been disabled for the task
[        ] Task ':app:buildCMakeDebug[x86_64]' is not up-to-date because:
[        ]   Task.upToDateWhen is false.
[        ] C/C++: starting build
[        ] C/C++: reading expected JSONs
[        ] C/C++: done reading expected JSONs
[        ] C/C++: executing build commands for targets that produce .so files or executables
[        ] C/C++: evaluate miniconfig
[        ] C/C++: no libraries
[        ] Resolve mutations for :app:mergeDebugJniLibFolders (Thread[#41265,Execution worker Thread 14,5,main]) started.
[        ] :app:mergeDebugJniLibFolders (Thread[#41265,Execution worker Thread 14,5,main]) started.
[        ] > Task :app:mergeDebugJniLibFolders UP-TO-DATE
[        ] Caching disabled for task ':app:mergeDebugJniLibFolders' because:
[        ]   Build cache is disabled
[        ]   Simple merging task
[        ] Skipping task ':app:mergeDebugJniLibFolders' as it is up-to-date.
[        ] Resolve mutations for :connectivity_plus:mergeDebugJniLibFolders (Thread[#41265,Execution worker Thread 14,5,main]) started.
[        ] :connectivity_plus:mergeDebugJniLibFolders (Thread[#41265,Execution worker Thread 14,5,main]) started.
[        ] > Task :connectivity_plus:mergeDebugJniLibFolders UP-TO-DATE
[        ] Caching disabled for task ':connectivity_plus:mergeDebugJniLibFolders' because:
[        ]   Build cache is disabled
[        ]   Simple merging task
[        ] Skipping task ':connectivity_plus:mergeDebugJniLibFolders' as it is up-to-date.
[        ] Resolve mutations for :connectivity_plus:mergeDebugNativeLibs (Thread[#41265,Execution worker Thread 14,5,main]) started.
[        ] :connectivity_plus:mergeDebugNativeLibs (Thread[#41265,Execution worker Thread 14,5,main]) started.
[        ] > Task :connectivity_plus:mergeDebugNativeLibs NO-SOURCE
[        ] Skipping task ':connectivity_plus:mergeDebugNativeLibs' as it has no source files and no previous output files.
[        ] Resolve mutations for :connectivity_plus:copyDebugJniLibsProjectOnly (Thread[#41265,Execution worker Thread 14,5,main]) started.
[        ] :connectivity_plus:copyDebugJniLibsProjectOnly (Thread[#41265,Execution worker Thread 14,5,main]) started.
[        ] > Task :connectivity_plus:copyDebugJniLibsProjectOnly UP-TO-DATE
[        ] Caching disabled for task ':connectivity_plus:copyDebugJniLibsProjectOnly' because:
[        ]   Build cache is disabled
[        ]   Caching has been disabled for the task
[        ] Skipping task ':connectivity_plus:copyDebugJniLibsProjectOnly' as it is up-to-date.
[        ] work action resolve jni (project :connectivity_plus) (Thread[#41265,Execution worker Thread 14,5,main]) started.
[        ] Resolve mutations for :emoji_picker_flutter:mergeDebugJniLibFolders (Thread[#41265,Execution worker Thread 14,5,main]) started.
[        ] :emoji_picker_flutter:mergeDebugJniLibFolders (Thread[#41265,Execution worker Thread 14,5,main]) started.
[        ] > Task :emoji_picker_flutter:mergeDebugJniLibFolders UP-TO-DATE
[        ] Caching disabled for task ':emoji_picker_flutter:mergeDebugJniLibFolders' because:
[        ]   Build cache is disabled
[        ]   Simple merging task
[        ] Skipping task ':emoji_picker_flutter:mergeDebugJniLibFolders' as it is up-to-date.
[        ] Resolve mutations for :emoji_picker_flutter:mergeDebugNativeLibs (Thread[#41265,Execution worker Thread 14,5,main]) started.
[        ] :emoji_picker_flutter:mergeDebugNativeLibs (Thread[#41265,Execution worker Thread 14,5,main]) started.
[        ] > Task :emoji_picker_flutter:mergeDebugNativeLibs NO-SOURCE
[        ] Skipping task ':emoji_picker_flutter:mergeDebugNativeLibs' as it has no source files and no previous output files.
[        ] Resolve mutations for :emoji_picker_flutter:copyDebugJniLibsProjectOnly (Thread[#41265,Execution worker Thread 14,5,main]) started.
[        ] :emoji_picker_flutter:copyDebugJniLibsProjectOnly (Thread[#41265,Execution worker Thread 14,5,main]) started.
[        ] > Task :emoji_picker_flutter:copyDebugJniLibsProjectOnly UP-TO-DATE
[        ] Caching disabled for task ':emoji_picker_flutter:copyDebugJniLibsProjectOnly' because:
[        ]   Build cache is disabled
[        ]   Caching has been disabled for the task
[        ] Skipping task ':emoji_picker_flutter:copyDebugJniLibsProjectOnly' as it is up-to-date.
[        ] work action resolve jni (project :emoji_picker_flutter) (Thread[#41265,Execution worker Thread 14,5,main]) started.
[        ] Resolve mutations for :file_selector_android:mergeDebugJniLibFolders (Thread[#41265,Execution worker Thread 14,5,main]) started.
[        ] :file_selector_android:mergeDebugJniLibFolders (Thread[#41265,Execution worker Thread 14,5,main]) started.
[        ] > Task :file_selector_android:mergeDebugJniLibFolders UP-TO-DATE
[        ] Caching disabled for task ':file_selector_android:mergeDebugJniLibFolders' because:
[        ]   Build cache is disabled
[        ]   Simple merging task
[        ] Skipping task ':file_selector_android:mergeDebugJniLibFolders' as it is up-to-date.
[        ] Resolve mutations for :file_selector_android:mergeDebugNativeLibs (Thread[#41265,Execution worker Thread 14,5,main]) started.
[        ] :file_selector_android:mergeDebugNativeLibs (Thread[#41265,Execution worker Thread 14,5,main]) started.
[        ] > Task :file_selector_android:mergeDebugNativeLibs NO-SOURCE
[        ] Skipping task ':file_selector_android:mergeDebugNativeLibs' as it has no source files and no previous output files.
[        ] Resolve mutations for :file_selector_android:copyDebugJniLibsProjectOnly (Thread[#41265,Execution worker Thread 14,5,main]) started.
[        ] :file_selector_android:copyDebugJniLibsProjectOnly (Thread[#41265,Execution worker Thread 14,5,main]) started.
[        ] > Task :file_selector_android:copyDebugJniLibsProjectOnly UP-TO-DATE
[        ] Caching disabled for task ':file_selector_android:copyDebugJniLibsProjectOnly' because:
[        ]   Build cache is disabled
[        ]   Caching has been disabled for the task
[        ] Skipping task ':file_selector_android:copyDebugJniLibsProjectOnly' as it is up-to-date.
[        ] work action resolve jni (project :file_selector_android) (Thread[#41265,Execution worker Thread 14,5,main]) started.
[        ] Resolve mutations for :flutter_keyboard_visibility_temp_fork:mergeDebugJniLibFolders (Thread[#41265,Execution worker Thread 14,5,main]) started.
[        ] :flutter_keyboard_visibility_temp_fork:mergeDebugJniLibFolders (Thread[#41265,Execution worker Thread 14,5,main]) started.
[        ] > Task :flutter_keyboard_visibility_temp_fork:mergeDebugJniLibFolders UP-TO-DATE
[        ] Caching disabled for task ':flutter_keyboard_visibility_temp_fork:mergeDebugJniLibFolders' because:
[        ]   Build cache is disabled
[        ]   Simple merging task
[        ] Skipping task ':flutter_keyboard_visibility_temp_fork:mergeDebugJniLibFolders' as it is up-to-date.
[        ] Resolve mutations for :flutter_keyboard_visibility_temp_fork:mergeDebugNativeLibs (Thread[#41265,Execution worker Thread 14,5,main]) started.
[        ] :flutter_keyboard_visibility_temp_fork:mergeDebugNativeLibs (Thread[#41265,Execution worker Thread 14,5,main]) started.
[        ] > Task :flutter_keyboard_visibility_temp_fork:mergeDebugNativeLibs NO-SOURCE
[        ] Skipping task ':flutter_keyboard_visibility_temp_fork:mergeDebugNativeLibs' as it has no source files and no previous output files.
[        ] Resolve mutations for :flutter_keyboard_visibility_temp_fork:copyDebugJniLibsProjectOnly (Thread[#41265,Execution worker Thread 14,5,main]) started.
[        ] :flutter_keyboard_visibility_temp_fork:copyDebugJniLibsProjectOnly (Thread[#41265,Execution worker Thread 14,5,main]) started.
[        ] > Task :flutter_keyboard_visibility_temp_fork:copyDebugJniLibsProjectOnly UP-TO-DATE
[        ] Caching disabled for task ':flutter_keyboard_visibility_temp_fork:copyDebugJniLibsProjectOnly' because:
[        ]   Build cache is disabled
[        ]   Caching has been disabled for the task
[        ] Skipping task ':flutter_keyboard_visibility_temp_fork:copyDebugJniLibsProjectOnly' as it is up-to-date.
[        ] work action resolve jni (project :flutter_keyboard_visibility_temp_fork) (Thread[#41265,Execution worker Thread 14,5,main]) started.
[        ] Resolve mutations for :flutter_native_splash:mergeDebugJniLibFolders (Thread[#41265,Execution worker Thread 14,5,main]) started.
[        ] :flutter_native_splash:mergeDebugJniLibFolders (Thread[#41265,Execution worker Thread 14,5,main]) started.
[        ] > Task :flutter_native_splash:mergeDebugJniLibFolders UP-TO-DATE
[        ] Caching disabled for task ':flutter_native_splash:mergeDebugJniLibFolders' because:
[        ]   Build cache is disabled
[        ]   Simple merging task
[        ] Skipping task ':flutter_native_splash:mergeDebugJniLibFolders' as it is up-to-date.
[        ] Resolve mutations for :flutter_native_splash:mergeDebugNativeLibs (Thread[#41265,Execution worker Thread 14,5,main]) started.
[        ] :flutter_native_splash:mergeDebugNativeLibs (Thread[#41265,Execution worker Thread 14,5,main]) started.
[        ] > Task :flutter_native_splash:mergeDebugNativeLibs NO-SOURCE
[        ] Skipping task ':flutter_native_splash:mergeDebugNativeLibs' as it has no source files and no previous output files.
[        ] Resolve mutations for :flutter_native_splash:copyDebugJniLibsProjectOnly (Thread[#41265,Execution worker Thread 14,5,main]) started.
[        ] :flutter_native_splash:copyDebugJniLibsProjectOnly (Thread[#41265,Execution worker Thread 14,5,main]) started.
[        ] > Task :flutter_native_splash:copyDebugJniLibsProjectOnly UP-TO-DATE
[        ] Caching disabled for task ':flutter_native_splash:copyDebugJniLibsProjectOnly' because:
[        ]   Build cache is disabled
[        ]   Caching has been disabled for the task
[        ] Skipping task ':flutter_native_splash:copyDebugJniLibsProjectOnly' as it is up-to-date.
[        ] work action resolve jni (project :flutter_native_splash) (Thread[#41265,Execution worker Thread 14,5,main]) started.
[        ] Resolve mutations for :flutter_olm:preProfileBuild (Thread[#41265,Execution worker Thread 14,5,main]) started.
[        ] :flutter_olm:preProfileBuild (Thread[#41265,Execution worker Thread 14,5,main]) started.
[        ] > Task :flutter_olm:preProfileBuild UP-TO-DATE
[        ] Skipping task ':flutter_olm:preProfileBuild' as it has no actions.
[        ] Resolve mutations for :flutter_olm:configureCMakeDebug[arm64-v8a] (Thread[#41265,Execution worker Thread 14,5,main]) started.
[        ] :flutter_olm:configureCMakeDebug[arm64-v8a] (Thread[#41265,Execution worker Thread 14,5,main]) started.
[        ] > Task :flutter_olm:configureCMakeDebug[arm64-v8a]
[        ] Caching disabled for task ':flutter_olm:configureCMakeDebug[arm64-v8a]' because:
[        ]   Build cache is disabled
[        ]   Caching has been disabled for the task
[        ] Task ':flutter_olm:configureCMakeDebug[arm64-v8a]' is not up-to-date because:
[        ]   Task.upToDateWhen is false.
[        ] C/C++: /Users/florian/.pub-cache/hosted/pub.dev/flutter_olm-2.0.0/ios/CMakeLists.txt profile|arm64-v8a : Start JSON generation. Platform version: 21 min SDK version: arm64-v8a
[        ] C/C++: /Users/florian/.pub-cache/hosted/pub.dev/flutter_olm-2.0.0/ios/CMakeLists.txt profile|arm64-v8a : JSON '/Users/florian/.pub-cache/hosted/pub.dev/flutter_olm-2.0.0/android/.cxx/Debug/611a6669/arm64-v8a/android_gradle_build.json' was up-to-date
[        ] C/C++: /Users/florian/.pub-cache/hosted/pub.dev/flutter_olm-2.0.0/ios/CMakeLists.txt profile|arm64-v8a : JSON generation completed without problems
[        ] C/C++: /Users/florian/.pub-cache/hosted/pub.dev/flutter_olm-2.0.0/ios/CMakeLists.txt profile|arm64-v8a : Writing build model to /Users/florian/Code/substitution/build/flutter_olm/intermediates/cxx/Debug/611a6669/logs/arm64-v8a/build_model.json
[        ] Resolve mutations for :flutter_olm:buildCMakeDebug[arm64-v8a] (Thread[#41265,Execution worker Thread 14,5,main]) started.
[        ] :flutter_olm:buildCMakeDebug[arm64-v8a] (Thread[#41265,Execution worker Thread 14,5,main]) started.
[        ] > Task :flutter_olm:buildCMakeDebug[arm64-v8a]
[        ] Caching disabled for task ':flutter_olm:buildCMakeDebug[arm64-v8a]' because:
[        ]   Build cache is disabled
[        ]   Caching has been disabled for the task
[        ] Task ':flutter_olm:buildCMakeDebug[arm64-v8a]' is not up-to-date because:
[        ]   Task.upToDateWhen is false.
[        ] C/C++: starting build
[        ] C/C++: reading expected JSONs
[        ] C/C++: done reading expected JSONs
[        ] C/C++: executing build commands for targets that produce .so files or executables
[        ] C/C++: evaluate miniconfig
[        ] C/C++: evaluate library olm (arm64-v8a)
[        ] C/C++: building target library olm because no targets are specified.
[        ] C/C++: about to build targets olm
[        ] C/C++: Build olm
[        ] C/C++: /Users/florian/Library/Android/sdk/cmake/3.22.1/bin/ninja \
[        ]   -C \
[        ]   /Users/florian/.pub-cache/hosted/pub.dev/flutter_olm-2.0.0/android/.cxx/Debug/611a6669/arm64-v8a \
[        ]   olm
[        ] Starting process 'command '/Users/florian/Library/Android/sdk/cmake/3.22.1/bin/ninja''. Working directory: /Users/florian/.pub-cache/hosted/pub.dev/flutter_olm-2.0.0/android Command: /Users/florian/Library/Android/sdk/cmake/3.22.1/bin/ninja -C /Users/florian/.pub-cache/hosted/pub.dev/flutter_olm-2.0.0/android/.cxx/Debug/611a6669/arm64-v8a olm
[        ] Successfully started process 'command '/Users/florian/Library/Android/sdk/cmake/3.22.1/bin/ninja''
[        ] C/C++: Received process result: 0
[        ] C/C++: check expected build outputs
[        ] C/C++: build complete
[        ] Resolve mutations for :flutter_olm:configureCMakeDebug[armeabi-v7a] (Thread[#41265,Execution worker Thread 14,5,main]) started.
[        ] :flutter_olm:configureCMakeDebug[armeabi-v7a] (Thread[#41265,Execution worker Thread 14,5,main]) started.
[        ] > Task :flutter_olm:configureCMakeDebug[armeabi-v7a]
[        ] Caching disabled for task ':flutter_olm:configureCMakeDebug[armeabi-v7a]' because:
[        ]   Build cache is disabled
[        ]   Caching has been disabled for the task
[        ] Task ':flutter_olm:configureCMakeDebug[armeabi-v7a]' is not up-to-date because:
[        ]   Task.upToDateWhen is false.
[        ] C/C++: /Users/florian/.pub-cache/hosted/pub.dev/flutter_olm-2.0.0/ios/CMakeLists.txt profile|armeabi-v7a : Start JSON generation. Platform version: 21 min SDK version: armeabi-v7a
[        ] C/C++: /Users/florian/.pub-cache/hosted/pub.dev/flutter_olm-2.0.0/ios/CMakeLists.txt profile|armeabi-v7a : JSON '/Users/florian/.pub-cache/hosted/pub.dev/flutter_olm-2.0.0/android/.cxx/Debug/611a6669/armeabi-v7a/android_gradle_build.json' was up-to-date
[        ] C/C++: /Users/florian/.pub-cache/hosted/pub.dev/flutter_olm-2.0.0/ios/CMakeLists.txt profile|armeabi-v7a : JSON generation completed without problems
[        ] C/C++: /Users/florian/.pub-cache/hosted/pub.dev/flutter_olm-2.0.0/ios/CMakeLists.txt profile|armeabi-v7a : Writing build model to /Users/florian/Code/substitution/build/flutter_olm/intermediates/cxx/Debug/611a6669/logs/armeabi-v7a/build_model.json
[        ] Resolve mutations for :flutter_olm:buildCMakeDebug[armeabi-v7a] (Thread[#41265,Execution worker Thread 14,5,main]) started.
[        ] :flutter_olm:buildCMakeDebug[armeabi-v7a] (Thread[#41265,Execution worker Thread 14,5,main]) started.
[        ] > Task :flutter_olm:buildCMakeDebug[armeabi-v7a]
[        ] Caching disabled for task ':flutter_olm:buildCMakeDebug[armeabi-v7a]' because:
[        ]   Build cache is disabled
[        ]   Caching has been disabled for the task
[        ] Task ':flutter_olm:buildCMakeDebug[armeabi-v7a]' is not up-to-date because:
[        ]   Task.upToDateWhen is false.
[        ] C/C++: starting build
[        ] C/C++: reading expected JSONs
[        ] C/C++: done reading expected JSONs
[        ] C/C++: executing build commands for targets that produce .so files or executables
[        ] C/C++: evaluate miniconfig
[        ] C/C++: evaluate library olm (armeabi-v7a)
[        ] C/C++: building target library olm because no targets are specified.
[        ] C/C++: about to build targets olm
[        ] C/C++: Build olm
[        ] C/C++: /Users/florian/Library/Android/sdk/cmake/3.22.1/bin/ninja \
[        ]   -C \
[        ]   /Users/florian/.pub-cache/hosted/pub.dev/flutter_olm-2.0.0/android/.cxx/Debug/611a6669/armeabi-v7a \
[        ]   olm
[        ] Starting process 'command '/Users/florian/Library/Android/sdk/cmake/3.22.1/bin/ninja''. Working directory: /Users/florian/.pub-cache/hosted/pub.dev/flutter_olm-2.0.0/android Command: /Users/florian/Library/Android/sdk/cmake/3.22.1/bin/ninja -C /Users/florian/.pub-cache/hosted/pub.dev/flutter_olm-2.0.0/android/.cxx/Debug/611a6669/armeabi-v7a olm
[        ] Successfully started process 'command '/Users/florian/Library/Android/sdk/cmake/3.22.1/bin/ninja''
[        ] C/C++: Received process result: 0
[        ] C/C++: check expected build outputs
[        ] C/C++: build complete
[        ] Resolve mutations for :flutter_olm:configureCMakeDebug[x86] (Thread[#41265,Execution worker Thread 14,5,main]) started.
[        ] :flutter_olm:configureCMakeDebug[x86] (Thread[#41265,Execution worker Thread 14,5,main]) started.
[        ] > Task :flutter_olm:configureCMakeDebug[x86]
[        ] Caching disabled for task ':flutter_olm:configureCMakeDebug[x86]' because:
[        ]   Build cache is disabled
[        ]   Caching has been disabled for the task
[        ] Task ':flutter_olm:configureCMakeDebug[x86]' is not up-to-date because:
[        ]   Task.upToDateWhen is false.
[        ] C/C++: /Users/florian/.pub-cache/hosted/pub.dev/flutter_olm-2.0.0/ios/CMakeLists.txt profile|x86 : Start JSON generation. Platform version: 21 min SDK version: x86
[        ] C/C++: /Users/florian/.pub-cache/hosted/pub.dev/flutter_olm-2.0.0/ios/CMakeLists.txt profile|x86 : JSON '/Users/florian/.pub-cache/hosted/pub.dev/flutter_olm-2.0.0/android/.cxx/Debug/611a6669/x86/android_gradle_build.json' was up-to-date
[        ] C/C++: /Users/florian/.pub-cache/hosted/pub.dev/flutter_olm-2.0.0/ios/CMakeLists.txt profile|x86 : JSON generation completed without problems
[        ] C/C++: /Users/florian/.pub-cache/hosted/pub.dev/flutter_olm-2.0.0/ios/CMakeLists.txt profile|x86 : Writing build model to /Users/florian/Code/substitution/build/flutter_olm/intermediates/cxx/Debug/611a6669/logs/x86/build_model.json
[        ] Resolve mutations for :flutter_olm:buildCMakeDebug[x86] (Thread[#41265,Execution worker Thread 14,5,main]) started.
[        ] :flutter_olm:buildCMakeDebug[x86] (Thread[#41265,Execution worker Thread 14,5,main]) started.
[        ] > Task :flutter_olm:buildCMakeDebug[x86]
[        ] Caching disabled for task ':flutter_olm:buildCMakeDebug[x86]' because:
[        ]   Build cache is disabled
[        ]   Caching has been disabled for the task
[        ] Task ':flutter_olm:buildCMakeDebug[x86]' is not up-to-date because:
[        ]   Task.upToDateWhen is false.
[        ] C/C++: starting build
[        ] C/C++: reading expected JSONs
[        ] C/C++: done reading expected JSONs
[        ] C/C++: executing build commands for targets that produce .so files or executables
[        ] C/C++: evaluate miniconfig
[        ] C/C++: evaluate library olm (x86)
[        ] C/C++: building target library olm because no targets are specified.
[        ] C/C++: about to build targets olm
[        ] C/C++: Build olm
[        ] C/C++: /Users/florian/Library/Android/sdk/cmake/3.22.1/bin/ninja \
[        ]   -C \
[        ]   /Users/florian/.pub-cache/hosted/pub.dev/flutter_olm-2.0.0/android/.cxx/Debug/611a6669/x86 \
[        ]   olm
[        ] Starting process 'command '/Users/florian/Library/Android/sdk/cmake/3.22.1/bin/ninja''. Working directory: /Users/florian/.pub-cache/hosted/pub.dev/flutter_olm-2.0.0/android Command: /Users/florian/Library/Android/sdk/cmake/3.22.1/bin/ninja -C /Users/florian/.pub-cache/hosted/pub.dev/flutter_olm-2.0.0/android/.cxx/Debug/611a6669/x86 olm
[        ] Successfully started process 'command '/Users/florian/Library/Android/sdk/cmake/3.22.1/bin/ninja''
[        ] C/C++: Received process result: 0
[        ] C/C++: check expected build outputs
[        ] C/C++: build complete
[        ] Resolve mutations for :flutter_olm:configureCMakeDebug[x86_64] (Thread[#41265,Execution worker Thread 14,5,main]) started.
[        ] :flutter_olm:configureCMakeDebug[x86_64] (Thread[#41265,Execution worker Thread 14,5,main]) started.
[        ] > Task :flutter_olm:configureCMakeDebug[x86_64]
[        ] Caching disabled for task ':flutter_olm:configureCMakeDebug[x86_64]' because:
[        ]   Build cache is disabled
[        ]   Caching has been disabled for the task
[        ] Task ':flutter_olm:configureCMakeDebug[x86_64]' is not up-to-date because:
[        ]   Task.upToDateWhen is false.
[        ] C/C++: /Users/florian/.pub-cache/hosted/pub.dev/flutter_olm-2.0.0/ios/CMakeLists.txt profile|x86_64 : Start JSON generation. Platform version: 21 min SDK version: x86_64
[        ] C/C++: /Users/florian/.pub-cache/hosted/pub.dev/flutter_olm-2.0.0/ios/CMakeLists.txt profile|x86_64 : JSON '/Users/florian/.pub-cache/hosted/pub.dev/flutter_olm-2.0.0/android/.cxx/Debug/611a6669/x86_64/android_gradle_build.json' was up-to-date
[        ] C/C++: /Users/florian/.pub-cache/hosted/pub.dev/flutter_olm-2.0.0/ios/CMakeLists.txt profile|x86_64 : JSON generation completed without problems
[        ] C/C++: /Users/florian/.pub-cache/hosted/pub.dev/flutter_olm-2.0.0/ios/CMakeLists.txt profile|x86_64 : Writing build model to /Users/florian/Code/substitution/build/flutter_olm/intermediates/cxx/Debug/611a6669/logs/x86_64/build_model.json
[        ] Resolve mutations for :flutter_olm:buildCMakeDebug[x86_64] (Thread[#41265,Execution worker Thread 14,5,main]) started.
[        ] :flutter_olm:buildCMakeDebug[x86_64] (Thread[#41265,Execution worker Thread 14,5,main]) started.
[        ] > Task :flutter_olm:buildCMakeDebug[x86_64]
[        ] Caching disabled for task ':flutter_olm:buildCMakeDebug[x86_64]' because:
[        ]   Build cache is disabled
[        ]   Caching has been disabled for the task
[        ] Task ':flutter_olm:buildCMakeDebug[x86_64]' is not up-to-date because:
[        ]   Task.upToDateWhen is false.
[        ] C/C++: starting build
[        ] C/C++: reading expected JSONs
[        ] C/C++: done reading expected JSONs
[        ] C/C++: executing build commands for targets that produce .so files or executables
[        ] C/C++: evaluate miniconfig
[        ] C/C++: evaluate library olm (x86_64)
[        ] C/C++: building target library olm because no targets are specified.
[        ] C/C++: about to build targets olm
[        ] C/C++: Build olm
[        ] C/C++: /Users/florian/Library/Android/sdk/cmake/3.22.1/bin/ninja \
[        ]   -C \
[        ]   /Users/florian/.pub-cache/hosted/pub.dev/flutter_olm-2.0.0/android/.cxx/Debug/611a6669/x86_64 \
[        ]   olm
[        ] Starting process 'command '/Users/florian/Library/Android/sdk/cmake/3.22.1/bin/ninja''. Working directory: /Users/florian/.pub-cache/hosted/pub.dev/flutter_olm-2.0.0/android Command: /Users/florian/Library/Android/sdk/cmake/3.22.1/bin/ninja -C /Users/florian/.pub-cache/hosted/pub.dev/flutter_olm-2.0.0/android/.cxx/Debug/611a6669/x86_64 olm
[        ] Successfully started process 'command '/Users/florian/Library/Android/sdk/cmake/3.22.1/bin/ninja''
[        ] C/C++: Received process result: 0
[        ] C/C++: check expected build outputs
[        ] C/C++: build complete
[        ] Resolve mutations for :flutter_olm:mergeDebugJniLibFolders (Thread[#41265,Execution worker Thread 14,5,main]) started.
[        ] :flutter_olm:mergeDebugJniLibFolders (Thread[#41265,Execution worker Thread 14,5,main]) started.
[        ] > Task :flutter_olm:mergeDebugJniLibFolders UP-TO-DATE
[        ] Caching disabled for task ':flutter_olm:mergeDebugJniLibFolders' because:
[        ]   Build cache is disabled
[        ]   Simple merging task
[        ] Skipping task ':flutter_olm:mergeDebugJniLibFolders' as it is up-to-date.
[        ] Resolve mutations for :flutter_olm:mergeDebugNativeLibs (Thread[#41265,Execution worker Thread 14,5,main]) started.
[        ] :flutter_olm:mergeDebugNativeLibs (Thread[#41265,Execution worker Thread 14,5,main]) started.
[        ] > Task :flutter_olm:mergeDebugNativeLibs UP-TO-DATE
[        ] Caching disabled for task ':flutter_olm:mergeDebugNativeLibs' because:
[        ]   Build cache is disabled
[        ]   Caching has been disabled for the task
[        ] Skipping task ':flutter_olm:mergeDebugNativeLibs' as it is up-to-date.
[        ] Resolve mutations for :flutter_olm:copyDebugJniLibsProjectOnly (Thread[#41265,Execution worker Thread 14,5,main]) started.
[        ] :flutter_olm:copyDebugJniLibsProjectOnly (Thread[#41265,Execution worker Thread 14,5,main]) started.
[        ] > Task :flutter_olm:copyDebugJniLibsProjectOnly UP-TO-DATE
[        ] Caching disabled for task ':flutter_olm:copyDebugJniLibsProjectOnly' because:
[        ]   Build cache is disabled
[        ]   Caching has been disabled for the task
[        ] Skipping task ':flutter_olm:copyDebugJniLibsProjectOnly' as it is up-to-date.
[        ] work action resolve jni (project :flutter_olm) (Thread[#41265,Execution worker Thread 14,5,main]) started.
[        ] Resolve mutations for :flutter_openssl_crypto:preProfileBuild (Thread[#41265,Execution worker Thread 14,5,main]) started.
[        ] :flutter_openssl_crypto:preProfileBuild (Thread[#41265,Execution worker Thread 14,5,main]) started.
[        ] > Task :flutter_openssl_crypto:preProfileBuild UP-TO-DATE
[        ] Skipping task ':flutter_openssl_crypto:preProfileBuild' as it has no actions.
[        ] Resolve mutations for :flutter_openssl_crypto:configureCMakeDebug[arm64-v8a] (Thread[#41265,Execution worker Thread 14,5,main]) started.
[        ] :flutter_openssl_crypto:configureCMakeDebug[arm64-v8a] (Thread[#41265,Execution worker Thread 14,5,main]) started.
[  +89 ms] > Task :flutter_openssl_crypto:configureCMakeDebug[arm64-v8a]
[        ] Caching disabled for task ':flutter_openssl_crypto:configureCMakeDebug[arm64-v8a]' because:
[        ]   Build cache is disabled
[        ]   Caching has been disabled for the task
[        ] Task ':flutter_openssl_crypto:configureCMakeDebug[arm64-v8a]' is not up-to-date because:
[        ]   Task.upToDateWhen is false.
[        ] C/C++: /Users/florian/.pub-cache/hosted/pub.dev/flutter_openssl_crypto-0.5.0/android/CMakeLists.txt profile|arm64-v8a : Start JSON generation. Platform version: 21 min SDK version: arm64-v8a
[        ] C/C++: /Users/florian/.pub-cache/hosted/pub.dev/flutter_openssl_crypto-0.5.0/android/CMakeLists.txt profile|arm64-v8a : JSON '/Users/florian/.pub-cache/hosted/pub.dev/flutter_openssl_crypto-0.5.0/android/.cxx/Debug/42n1p1e4/arm64-v8a/android_gradle_build.json' was up-to-date
[        ] C/C++: /Users/florian/.pub-cache/hosted/pub.dev/flutter_openssl_crypto-0.5.0/android/CMakeLists.txt profile|arm64-v8a : JSON generation completed without problems
[        ] C/C++: /Users/florian/.pub-cache/hosted/pub.dev/flutter_openssl_crypto-0.5.0/android/CMakeLists.txt profile|arm64-v8a : Writing build model to /Users/florian/Code/substitution/build/flutter_openssl_crypto/intermediates/cxx/Debug/42n1p1e4/logs/arm64-v8a/build_model.json
[        ] Resolve mutations for :flutter_openssl_crypto:buildCMakeDebug[arm64-v8a] (Thread[#41265,Execution worker Thread 14,5,main]) started.
[        ] :flutter_openssl_crypto:buildCMakeDebug[arm64-v8a] (Thread[#41265,Execution worker Thread 14,5,main]) started.
[        ] > Task :flutter_openssl_crypto:buildCMakeDebug[arm64-v8a]
[        ] Caching disabled for task ':flutter_openssl_crypto:buildCMakeDebug[arm64-v8a]' because:
[        ]   Build cache is disabled
[        ]   Caching has been disabled for the task
[        ] Task ':flutter_openssl_crypto:buildCMakeDebug[arm64-v8a]' is not up-to-date because:
[        ]   Task.upToDateWhen is false.
[        ] C/C++: starting build
[        ] C/C++: reading expected JSONs
[        ] C/C++: done reading expected JSONs
[        ] C/C++: executing build commands for targets that produce .so files or executables
[        ] C/C++: evaluate miniconfig
[        ] C/C++: evaluate library flutter_openssl_crypto (arm64-v8a)
[        ] C/C++: building target library flutter_openssl_crypto because no targets are specified.
[        ] C/C++: about to build targets flutter_openssl_crypto
[        ] C/C++: Build flutter_openssl_crypto
[        ] C/C++: /Users/florian/Library/Android/sdk/cmake/3.22.1/bin/ninja \
[        ]   -C \
[        ]   /Users/florian/.pub-cache/hosted/pub.dev/flutter_openssl_crypto-0.5.0/android/.cxx/Debug/42n1p1e4/arm64-v8a \
[        ]   flutter_openssl_crypto
[        ] Starting process 'command '/Users/florian/Library/Android/sdk/cmake/3.22.1/bin/ninja''. Working directory: /Users/florian/.pub-cache/hosted/pub.dev/flutter_openssl_crypto-0.5.0/android Command: /Users/florian/Library/Android/sdk/cmake/3.22.1/bin/ninja -C /Users/florian/.pub-cache/hosted/pub.dev/flutter_openssl_crypto-0.5.0/android/.cxx/Debug/42n1p1e4/arm64-v8a flutter_openssl_crypto
[        ] Successfully started process 'command '/Users/florian/Library/Android/sdk/cmake/3.22.1/bin/ninja''
[        ] C/C++: Received process result: 0
[        ] C/C++: check expected build outputs
[        ] C/C++: build complete
[        ] Resolve mutations for :flutter_openssl_crypto:configureCMakeDebug[armeabi-v7a] (Thread[#41265,Execution worker Thread 14,5,main]) started.
[        ] :flutter_openssl_crypto:configureCMakeDebug[armeabi-v7a] (Thread[#41265,Execution worker Thread 14,5,main]) started.
[        ] > Task :flutter_openssl_crypto:configureCMakeDebug[armeabi-v7a]
[        ] Caching disabled for task ':flutter_openssl_crypto:configureCMakeDebug[armeabi-v7a]' because:
[        ]   Build cache is disabled
[        ]   Caching has been disabled for the task
[        ] Task ':flutter_openssl_crypto:configureCMakeDebug[armeabi-v7a]' is not up-to-date because:
[        ]   Task.upToDateWhen is false.
[        ] C/C++: /Users/florian/.pub-cache/hosted/pub.dev/flutter_openssl_crypto-0.5.0/android/CMakeLists.txt profile|armeabi-v7a : Start JSON generation. Platform version: 21 min SDK version: armeabi-v7a
[        ] C/C++: /Users/florian/.pub-cache/hosted/pub.dev/flutter_openssl_crypto-0.5.0/android/CMakeLists.txt profile|armeabi-v7a : JSON '/Users/florian/.pub-cache/hosted/pub.dev/flutter_openssl_crypto-0.5.0/android/.cxx/Debug/42n1p1e4/armeabi-v7a/android_gradle_build.json' was up-to-date
[        ] C/C++: /Users/florian/.pub-cache/hosted/pub.dev/flutter_openssl_crypto-0.5.0/android/CMakeLists.txt profile|armeabi-v7a : JSON generation completed without problems
[        ] C/C++: /Users/florian/.pub-cache/hosted/pub.dev/flutter_openssl_crypto-0.5.0/android/CMakeLists.txt profile|armeabi-v7a : Writing build model to /Users/florian/Code/substitution/build/flutter_openssl_crypto/intermediates/cxx/Debug/42n1p1e4/logs/armeabi-v7a/build_model.json
[        ] Resolve mutations for :flutter_openssl_crypto:buildCMakeDebug[armeabi-v7a] (Thread[#41265,Execution worker Thread 14,5,main]) started.
[        ] :flutter_openssl_crypto:buildCMakeDebug[armeabi-v7a] (Thread[#41265,Execution worker Thread 14,5,main]) started.
[        ] > Task :flutter_openssl_crypto:buildCMakeDebug[armeabi-v7a]
[        ] Caching disabled for task ':flutter_openssl_crypto:buildCMakeDebug[armeabi-v7a]' because:
[        ]   Build cache is disabled
[        ]   Caching has been disabled for the task
[        ] Task ':flutter_openssl_crypto:buildCMakeDebug[armeabi-v7a]' is not up-to-date because:
[        ]   Task.upToDateWhen is false.
[        ] C/C++: starting build
[        ] C/C++: reading expected JSONs
[        ] C/C++: done reading expected JSONs
[        ] C/C++: executing build commands for targets that produce .so files or executables
[        ] C/C++: evaluate miniconfig
[        ] C/C++: evaluate library flutter_openssl_crypto (armeabi-v7a)
[        ] C/C++: building target library flutter_openssl_crypto because no targets are specified.
[        ] C/C++: about to build targets flutter_openssl_crypto
[        ] C/C++: Build flutter_openssl_crypto
[        ] C/C++: /Users/florian/Library/Android/sdk/cmake/3.22.1/bin/ninja \
[        ]   -C \
[        ]   /Users/florian/.pub-cache/hosted/pub.dev/flutter_openssl_crypto-0.5.0/android/.cxx/Debug/42n1p1e4/armeabi-v7a \
[        ]   flutter_openssl_crypto
[        ] Starting process 'command '/Users/florian/Library/Android/sdk/cmake/3.22.1/bin/ninja''. Working directory: /Users/florian/.pub-cache/hosted/pub.dev/flutter_openssl_crypto-0.5.0/android Command: /Users/florian/Library/Android/sdk/cmake/3.22.1/bin/ninja -C /Users/florian/.pub-cache/hosted/pub.dev/flutter_openssl_crypto-0.5.0/android/.cxx/Debug/42n1p1e4/armeabi-v7a flutter_openssl_crypto
[        ] Successfully started process 'command '/Users/florian/Library/Android/sdk/cmake/3.22.1/bin/ninja''
[        ] C/C++: Received process result: 0
[        ] C/C++: check expected build outputs
[        ] C/C++: build complete
[        ] Resolve mutations for :flutter_openssl_crypto:configureCMakeDebug[x86] (Thread[#41265,Execution worker Thread 14,5,main]) started.
[        ] :flutter_openssl_crypto:configureCMakeDebug[x86] (Thread[#41265,Execution worker Thread 14,5,main]) started.
[        ] > Task :flutter_openssl_crypto:configureCMakeDebug[x86]
[        ] Caching disabled for task ':flutter_openssl_crypto:configureCMakeDebug[x86]' because:
[        ]   Build cache is disabled
[        ]   Caching has been disabled for the task
[        ] Task ':flutter_openssl_crypto:configureCMakeDebug[x86]' is not up-to-date because:
[        ]   Task.upToDateWhen is false.
[        ] C/C++: /Users/florian/.pub-cache/hosted/pub.dev/flutter_openssl_crypto-0.5.0/android/CMakeLists.txt profile|x86 : Start JSON generation. Platform version: 21 min SDK version: x86
[        ] C/C++: /Users/florian/.pub-cache/hosted/pub.dev/flutter_openssl_crypto-0.5.0/android/CMakeLists.txt profile|x86 : JSON '/Users/florian/.pub-cache/hosted/pub.dev/flutter_openssl_crypto-0.5.0/android/.cxx/Debug/42n1p1e4/x86/android_gradle_build.json' was up-to-date
[        ] C/C++: /Users/florian/.pub-cache/hosted/pub.dev/flutter_openssl_crypto-0.5.0/android/CMakeLists.txt profile|x86 : JSON generation completed without problems
[        ] C/C++: /Users/florian/.pub-cache/hosted/pub.dev/flutter_openssl_crypto-0.5.0/android/CMakeLists.txt profile|x86 : Writing build model to /Users/florian/Code/substitution/build/flutter_openssl_crypto/intermediates/cxx/Debug/42n1p1e4/logs/x86/build_model.json
[        ] Resolve mutations for :flutter_openssl_crypto:buildCMakeDebug[x86] (Thread[#41265,Execution worker Thread 14,5,main]) started.
[        ] :flutter_openssl_crypto:buildCMakeDebug[x86] (Thread[#41265,Execution worker Thread 14,5,main]) started.
[        ] > Task :flutter_openssl_crypto:buildCMakeDebug[x86]
[        ] Caching disabled for task ':flutter_openssl_crypto:buildCMakeDebug[x86]' because:
[        ]   Build cache is disabled
[        ]   Caching has been disabled for the task
[        ] Task ':flutter_openssl_crypto:buildCMakeDebug[x86]' is not up-to-date because:
[        ]   Task.upToDateWhen is false.
[        ] C/C++: starting build
[        ] C/C++: reading expected JSONs
[        ] C/C++: done reading expected JSONs
[        ] C/C++: executing build commands for targets that produce .so files or executables
[        ] C/C++: evaluate miniconfig
[        ] C/C++: evaluate library flutter_openssl_crypto (x86)
[        ] C/C++: building target library flutter_openssl_crypto because no targets are specified.
[        ] C/C++: about to build targets flutter_openssl_crypto
[        ] C/C++: Build flutter_openssl_crypto
[        ] C/C++: /Users/florian/Library/Android/sdk/cmake/3.22.1/bin/ninja \
[        ]   -C \
[        ]   /Users/florian/.pub-cache/hosted/pub.dev/flutter_openssl_crypto-0.5.0/android/.cxx/Debug/42n1p1e4/x86 \
[        ]   flutter_openssl_crypto
[        ] Starting process 'command '/Users/florian/Library/Android/sdk/cmake/3.22.1/bin/ninja''. Working directory: /Users/florian/.pub-cache/hosted/pub.dev/flutter_openssl_crypto-0.5.0/android Command: /Users/florian/Library/Android/sdk/cmake/3.22.1/bin/ninja -C /Users/florian/.pub-cache/hosted/pub.dev/flutter_openssl_crypto-0.5.0/android/.cxx/Debug/42n1p1e4/x86 flutter_openssl_crypto
[        ] Successfully started process 'command '/Users/florian/Library/Android/sdk/cmake/3.22.1/bin/ninja''
[        ] C/C++: Received process result: 0
[        ] C/C++: check expected build outputs
[        ] C/C++: build complete
[        ] Resolve mutations for :flutter_openssl_crypto:configureCMakeDebug[x86_64] (Thread[#41265,Execution worker Thread 14,5,main]) started.
[        ] :flutter_openssl_crypto:configureCMakeDebug[x86_64] (Thread[#41265,Execution worker Thread 14,5,main]) started.
[        ] > Task :flutter_openssl_crypto:configureCMakeDebug[x86_64]
[        ] Caching disabled for task ':flutter_openssl_crypto:configureCMakeDebug[x86_64]' because:
[        ]   Build cache is disabled
[        ]   Caching has been disabled for the task
[        ] Task ':flutter_openssl_crypto:configureCMakeDebug[x86_64]' is not up-to-date because:
[        ]   Task.upToDateWhen is false.
[        ] C/C++: /Users/florian/.pub-cache/hosted/pub.dev/flutter_openssl_crypto-0.5.0/android/CMakeLists.txt profile|x86_64 : Start JSON generation. Platform version: 21 min SDK version: x86_64
[        ] C/C++: /Users/florian/.pub-cache/hosted/pub.dev/flutter_openssl_crypto-0.5.0/android/CMakeLists.txt profile|x86_64 : JSON '/Users/florian/.pub-cache/hosted/pub.dev/flutter_openssl_crypto-0.5.0/android/.cxx/Debug/42n1p1e4/x86_64/android_gradle_build.json' was up-to-date
[        ] C/C++: /Users/florian/.pub-cache/hosted/pub.dev/flutter_openssl_crypto-0.5.0/android/CMakeLists.txt profile|x86_64 : JSON generation completed without problems
[        ] C/C++: /Users/florian/.pub-cache/hosted/pub.dev/flutter_openssl_crypto-0.5.0/android/CMakeLists.txt profile|x86_64 : Writing build model to /Users/florian/Code/substitution/build/flutter_openssl_crypto/intermediates/cxx/Debug/42n1p1e4/logs/x86_64/build_model.json
[        ] Resolve mutations for :flutter_openssl_crypto:buildCMakeDebug[x86_64] (Thread[#41265,Execution worker Thread 14,5,main]) started.
[        ] :flutter_openssl_crypto:buildCMakeDebug[x86_64] (Thread[#41265,Execution worker Thread 14,5,main]) started.
[        ] > Task :flutter_openssl_crypto:buildCMakeDebug[x86_64]
[        ] Caching disabled for task ':flutter_openssl_crypto:buildCMakeDebug[x86_64]' because:
[        ]   Build cache is disabled
[        ]   Caching has been disabled for the task
[        ] Task ':flutter_openssl_crypto:buildCMakeDebug[x86_64]' is not up-to-date because:
[        ]   Task.upToDateWhen is false.
[        ] C/C++: starting build
[        ] C/C++: reading expected JSONs
[        ] C/C++: done reading expected JSONs
[        ] C/C++: executing build commands for targets that produce .so files or executables
[        ] C/C++: evaluate miniconfig
[        ] C/C++: evaluate library flutter_openssl_crypto (x86_64)
[        ] C/C++: building target library flutter_openssl_crypto because no targets are specified.
[        ] C/C++: about to build targets flutter_openssl_crypto
[        ] C/C++: Build flutter_openssl_crypto
[        ] C/C++: /Users/florian/Library/Android/sdk/cmake/3.22.1/bin/ninja \
[        ]   -C \
[        ]   /Users/florian/.pub-cache/hosted/pub.dev/flutter_openssl_crypto-0.5.0/android/.cxx/Debug/42n1p1e4/x86_64 \
[        ]   flutter_openssl_crypto
[        ] Starting process 'command '/Users/florian/Library/Android/sdk/cmake/3.22.1/bin/ninja''. Working directory: /Users/florian/.pub-cache/hosted/pub.dev/flutter_openssl_crypto-0.5.0/android Command: /Users/florian/Library/Android/sdk/cmake/3.22.1/bin/ninja -C /Users/florian/.pub-cache/hosted/pub.dev/flutter_openssl_crypto-0.5.0/android/.cxx/Debug/42n1p1e4/x86_64 flutter_openssl_crypto
[        ] Successfully started process 'command '/Users/florian/Library/Android/sdk/cmake/3.22.1/bin/ninja''
[        ] C/C++: Received process result: 0
[        ] C/C++: check expected build outputs
[        ] C/C++: build complete
[        ] Resolve mutations for :flutter_openssl_crypto:mergeDebugJniLibFolders (Thread[#41265,Execution worker Thread 14,5,main]) started.
[        ] :flutter_openssl_crypto:mergeDebugJniLibFolders (Thread[#41265,Execution worker Thread 14,5,main]) started.
[        ] > Task :flutter_openssl_crypto:mergeDebugJniLibFolders UP-TO-DATE
[        ] Caching disabled for task ':flutter_openssl_crypto:mergeDebugJniLibFolders' because:
[        ]   Build cache is disabled
[        ]   Simple merging task
[        ] Skipping task ':flutter_openssl_crypto:mergeDebugJniLibFolders' as it is up-to-date.
[        ] Resolve mutations for :flutter_openssl_crypto:mergeDebugNativeLibs (Thread[#41265,Execution worker Thread 14,5,main]) started.
[        ] :flutter_openssl_crypto:mergeDebugNativeLibs (Thread[#41265,Execution worker Thread 14,5,main]) started.
[        ] > Task :flutter_openssl_crypto:mergeDebugNativeLibs UP-TO-DATE
[        ] Caching disabled for task ':flutter_openssl_crypto:mergeDebugNativeLibs' because:
[        ]   Build cache is disabled
[        ]   Caching has been disabled for the task
[        ] Skipping task ':flutter_openssl_crypto:mergeDebugNativeLibs' as it is up-to-date.
[        ] Resolve mutations for :flutter_openssl_crypto:copyDebugJniLibsProjectOnly (Thread[#41265,Execution worker Thread 14,5,main]) started.
[        ] :flutter_openssl_crypto:copyDebugJniLibsProjectOnly (Thread[#41265,Execution worker Thread 14,5,main]) started.
[        ] > Task :flutter_openssl_crypto:copyDebugJniLibsProjectOnly UP-TO-DATE
[        ] Caching disabled for task ':flutter_openssl_crypto:copyDebugJniLibsProjectOnly' because:
[        ]   Build cache is disabled
[        ]   Caching has been disabled for the task
[        ] Skipping task ':flutter_openssl_crypto:copyDebugJniLibsProjectOnly' as it is up-to-date.
[        ] work action resolve jni (project :flutter_openssl_crypto) (Thread[#41265,Execution worker Thread 14,5,main]) started.
[        ] Resolve mutations for :integration_test:mergeDebugJniLibFolders (Thread[#41265,Execution worker Thread 14,5,main]) started.
[        ] :integration_test:mergeDebugJniLibFolders (Thread[#41265,Execution worker Thread 14,5,main]) started.
[        ] > Task :integration_test:mergeDebugJniLibFolders UP-TO-DATE
[        ] Caching disabled for task ':integration_test:mergeDebugJniLibFolders' because:
[        ]   Build cache is disabled
[        ]   Simple merging task
[        ] Skipping task ':integration_test:mergeDebugJniLibFolders' as it is up-to-date.
[        ] Resolve mutations for :integration_test:mergeDebugNativeLibs (Thread[#41265,Execution worker Thread 14,5,main]) started.
[        ] :integration_test:mergeDebugNativeLibs (Thread[#41265,Execution worker Thread 14,5,main]) started.
[        ] > Task :integration_test:mergeDebugNativeLibs NO-SOURCE
[        ] Skipping task ':integration_test:mergeDebugNativeLibs' as it has no source files and no previous output files.
[        ] Resolve mutations for :integration_test:copyDebugJniLibsProjectOnly (Thread[#41265,Execution worker Thread 14,5,main]) started.
[        ] :integration_test:copyDebugJniLibsProjectOnly (Thread[#41265,Execution worker Thread 14,5,main]) started.
[        ] > Task :integration_test:copyDebugJniLibsProjectOnly UP-TO-DATE
[        ] Caching disabled for task ':integration_test:copyDebugJniLibsProjectOnly' because:
[        ]   Build cache is disabled
[        ]   Caching has been disabled for the task
[        ] Skipping task ':integration_test:copyDebugJniLibsProjectOnly' as it is up-to-date.
[        ] work action resolve jni (project :integration_test) (Thread[#41265,Execution worker Thread 14,5,main]) started.
[        ] Resolve mutations for :path_provider_android:mergeDebugJniLibFolders (Thread[#41265,Execution worker Thread 14,5,main]) started.
[        ] :path_provider_android:mergeDebugJniLibFolders (Thread[#41265,Execution worker Thread 14,5,main]) started.
[        ] > Task :path_provider_android:mergeDebugJniLibFolders UP-TO-DATE
[        ] Caching disabled for task ':path_provider_android:mergeDebugJniLibFolders' because:
[        ]   Build cache is disabled
[        ]   Simple merging task
[        ] Skipping task ':path_provider_android:mergeDebugJniLibFolders' as it is up-to-date.
[        ] Resolve mutations for :path_provider_android:mergeDebugNativeLibs (Thread[#41265,Execution worker Thread 14,5,main]) started.
[        ] :path_provider_android:mergeDebugNativeLibs (Thread[#41265,Execution worker Thread 14,5,main]) started.
[        ] > Task :path_provider_android:mergeDebugNativeLibs NO-SOURCE
[        ] Skipping task ':path_provider_android:mergeDebugNativeLibs' as it has no source files and no previous output files.
[        ] Resolve mutations for :path_provider_android:copyDebugJniLibsProjectOnly (Thread[#41265,Execution worker Thread 14,5,main]) started.
[        ] :path_provider_android:copyDebugJniLibsProjectOnly (Thread[#41265,Execution worker Thread 14,5,main]) started.
[        ] > Task :path_provider_android:copyDebugJniLibsProjectOnly UP-TO-DATE
[        ] Caching disabled for task ':path_provider_android:copyDebugJniLibsProjectOnly' because:
[        ]   Build cache is disabled
[        ]   Caching has been disabled for the task
[        ] Skipping task ':path_provider_android:copyDebugJniLibsProjectOnly' as it is up-to-date.
[        ] work action resolve jni (project :path_provider_android) (Thread[#41265,Execution worker Thread 14,5,main]) started.
[        ] Resolve mutations for :quill_native_bridge_android:mergeDebugJniLibFolders (Thread[#41265,Execution worker Thread 14,5,main]) started.
[        ] :quill_native_bridge_android:mergeDebugJniLibFolders (Thread[#41265,Execution worker Thread 14,5,main]) started.
[        ] > Task :quill_native_bridge_android:mergeDebugJniLibFolders UP-TO-DATE
[        ] Caching disabled for task ':quill_native_bridge_android:mergeDebugJniLibFolders' because:
[        ]   Build cache is disabled
[        ]   Simple merging task
[        ] Skipping task ':quill_native_bridge_android:mergeDebugJniLibFolders' as it is up-to-date.
[        ] Resolve mutations for :quill_native_bridge_android:mergeDebugNativeLibs (Thread[#41265,Execution worker Thread 14,5,main]) started.
[        ] :quill_native_bridge_android:mergeDebugNativeLibs (Thread[#41265,Execution worker Thread 14,5,main]) started.
[        ] > Task :quill_native_bridge_android:mergeDebugNativeLibs NO-SOURCE
[        ] Skipping task ':quill_native_bridge_android:mergeDebugNativeLibs' as it has no source files and no previous output files.
[        ] Resolve mutations for :quill_native_bridge_android:copyDebugJniLibsProjectOnly (Thread[#41265,Execution worker Thread 14,5,main]) started.
[        ] :quill_native_bridge_android:copyDebugJniLibsProjectOnly (Thread[#41265,Execution worker Thread 14,5,main]) started.
[        ] > Task :quill_native_bridge_android:copyDebugJniLibsProjectOnly UP-TO-DATE
[        ] Caching disabled for task ':quill_native_bridge_android:copyDebugJniLibsProjectOnly' because:
[        ]   Build cache is disabled
[        ]   Caching has been disabled for the task
[        ] Skipping task ':quill_native_bridge_android:copyDebugJniLibsProjectOnly' as it is up-to-date.
[        ] work action resolve jni (project :quill_native_bridge_android) (Thread[#41265,Execution worker Thread 14,5,main]) started.
[        ] Resolve mutations for :shared_preferences_android:mergeDebugJniLibFolders (Thread[#41265,Execution worker Thread 14,5,main]) started.
[        ] :shared_preferences_android:mergeDebugJniLibFolders (Thread[#41265,Execution worker Thread 14,5,main]) started.
[        ] > Task :shared_preferences_android:mergeDebugJniLibFolders UP-TO-DATE
[        ] Caching disabled for task ':shared_preferences_android:mergeDebugJniLibFolders' because:
[        ]   Build cache is disabled
[        ]   Simple merging task
[        ] Skipping task ':shared_preferences_android:mergeDebugJniLibFolders' as it is up-to-date.
[        ] Resolve mutations for :shared_preferences_android:mergeDebugNativeLibs (Thread[#41265,Execution worker Thread 14,5,main]) started.
[        ] :shared_preferences_android:mergeDebugNativeLibs (Thread[#41265,Execution worker Thread 14,5,main]) started.
[        ] > Task :shared_preferences_android:mergeDebugNativeLibs NO-SOURCE
[        ] Skipping task ':shared_preferences_android:mergeDebugNativeLibs' as it has no source files and no previous output files.
[        ] Resolve mutations for :shared_preferences_android:copyDebugJniLibsProjectOnly (Thread[#41265,Execution worker Thread 14,5,main]) started.
[        ] :shared_preferences_android:copyDebugJniLibsProjectOnly (Thread[#41265,Execution worker Thread 14,5,main]) started.
[        ] > Task :shared_preferences_android:copyDebugJniLibsProjectOnly UP-TO-DATE
[        ] Caching disabled for task ':shared_preferences_android:copyDebugJniLibsProjectOnly' because:
[        ]   Build cache is disabled
[        ]   Caching has been disabled for the task
[        ] Skipping task ':shared_preferences_android:copyDebugJniLibsProjectOnly' as it is up-to-date.
[        ] work action resolve jni (project :shared_preferences_android) (Thread[#41265,Execution worker Thread 14,5,main]) started.
[        ] Resolve mutations for :sqflite_android:mergeDebugJniLibFolders (Thread[#41265,Execution worker Thread 14,5,main]) started.
[        ] :sqflite_android:mergeDebugJniLibFolders (Thread[#41265,Execution worker Thread 14,5,main]) started.
[        ] > Task :sqflite_android:mergeDebugJniLibFolders UP-TO-DATE
[        ] Caching disabled for task ':sqflite_android:mergeDebugJniLibFolders' because:
[        ]   Build cache is disabled
[        ]   Simple merging task
[        ] Skipping task ':sqflite_android:mergeDebugJniLibFolders' as it is up-to-date.
[        ] Resolve mutations for :sqflite_android:mergeDebugNativeLibs (Thread[#41265,Execution worker Thread 14,5,main]) started.
[        ] :sqflite_android:mergeDebugNativeLibs (Thread[#41265,Execution worker Thread 14,5,main]) started.
[        ] > Task :sqflite_android:mergeDebugNativeLibs NO-SOURCE
[        ] Skipping task ':sqflite_android:mergeDebugNativeLibs' as it has no source files and no previous output files.
[        ] Resolve mutations for :sqflite_android:copyDebugJniLibsProjectOnly (Thread[#41265,Execution worker Thread 14,5,main]) started.
[        ] :sqflite_android:copyDebugJniLibsProjectOnly (Thread[#41265,Execution worker Thread 14,5,main]) started.
[        ] > Task :sqflite_android:copyDebugJniLibsProjectOnly UP-TO-DATE
[        ] Caching disabled for task ':sqflite_android:copyDebugJniLibsProjectOnly' because:
[        ]   Build cache is disabled
[        ]   Caching has been disabled for the task
[        ] Skipping task ':sqflite_android:copyDebugJniLibsProjectOnly' as it is up-to-date.
[        ] work action resolve jni (project :sqflite_android) (Thread[#41265,Execution worker Thread 14,5,main]) started.
[        ] Resolve mutations for :url_launcher_android:mergeDebugJniLibFolders (Thread[#41265,Execution worker Thread 14,5,main]) started.
[        ] :url_launcher_android:mergeDebugJniLibFolders (Thread[#41265,Execution worker Thread 14,5,main]) started.
[        ] > Task :url_launcher_android:mergeDebugJniLibFolders UP-TO-DATE
[        ] Caching disabled for task ':url_launcher_android:mergeDebugJniLibFolders' because:
[        ]   Build cache is disabled
[        ]   Simple merging task
[        ] Skipping task ':url_launcher_android:mergeDebugJniLibFolders' as it is up-to-date.
[        ] Resolve mutations for :url_launcher_android:mergeDebugNativeLibs (Thread[#41265,Execution worker Thread 14,5,main]) started.
[        ] :url_launcher_android:mergeDebugNativeLibs (Thread[#41265,Execution worker Thread 14,5,main]) started.
[        ] > Task :url_launcher_android:mergeDebugNativeLibs NO-SOURCE
[        ] Skipping task ':url_launcher_android:mergeDebugNativeLibs' as it has no source files and no previous output files.
[        ] Resolve mutations for :url_launcher_android:copyDebugJniLibsProjectOnly (Thread[#41265,Execution worker Thread 14,5,main]) started.
[        ] :url_launcher_android:copyDebugJniLibsProjectOnly (Thread[#41265,Execution worker Thread 14,5,main]) started.
[        ] > Task :url_launcher_android:copyDebugJniLibsProjectOnly UP-TO-DATE
[        ] Caching disabled for task ':url_launcher_android:copyDebugJniLibsProjectOnly' because:
[        ]   Build cache is disabled
[        ]   Caching has been disabled for the task
[        ] Skipping task ':url_launcher_android:copyDebugJniLibsProjectOnly' as it is up-to-date.
[        ] work action resolve jni (project :url_launcher_android) (Thread[#41265,Execution worker Thread 14,5,main]) started.
[        ] Resolve mutations for :video_player_android:mergeDebugJniLibFolders (Thread[#41265,Execution worker Thread 14,5,main]) started.
[        ] :video_player_android:mergeDebugJniLibFolders (Thread[#41265,Execution worker Thread 14,5,main]) started.
[        ] > Task :video_player_android:mergeDebugJniLibFolders UP-TO-DATE
[        ] Caching disabled for task ':video_player_android:mergeDebugJniLibFolders' because:
[        ]   Build cache is disabled
[        ]   Simple merging task
[        ] Skipping task ':video_player_android:mergeDebugJniLibFolders' as it is up-to-date.
[        ] Resolve mutations for :video_player_android:mergeDebugNativeLibs (Thread[#41265,Execution worker Thread 14,5,main]) started.
[        ] :video_player_android:mergeDebugNativeLibs (Thread[#41265,Execution worker Thread 14,5,main]) started.
[        ] > Task :video_player_android:mergeDebugNativeLibs NO-SOURCE
[        ] Skipping task ':video_player_android:mergeDebugNativeLibs' as it has no source files and no previous output files.
[        ] Resolve mutations for :video_player_android:copyDebugJniLibsProjectOnly (Thread[#41265,Execution worker Thread 14,5,main]) started.
[        ] :video_player_android:copyDebugJniLibsProjectOnly (Thread[#41265,Execution worker Thread 14,5,main]) started.
[        ] > Task :video_player_android:copyDebugJniLibsProjectOnly UP-TO-DATE
[        ] Caching disabled for task ':video_player_android:copyDebugJniLibsProjectOnly' because:
[        ]   Build cache is disabled
[        ]   Caching has been disabled for the task
[        ] Skipping task ':video_player_android:copyDebugJniLibsProjectOnly' as it is up-to-date.
[        ] work action resolve jni (project :video_player_android) (Thread[#41265,Execution worker Thread 14,5,main]) started.
[        ] Resolve mutations for :app:mergeDebugNativeLibs (Thread[#41265,Execution worker Thread 14,5,main]) started.
[        ] :app:mergeDebugNativeLibs (Thread[#41265,Execution worker Thread 14,5,main]) started.
[        ] > Task :app:mergeDebugNativeLibs UP-TO-DATE
[        ] Caching disabled for task ':app:mergeDebugNativeLibs' because:
[        ]   Build cache is disabled
[        ]   Caching has been disabled for the task
[        ] Skipping task ':app:mergeDebugNativeLibs' as it is up-to-date.
[        ] Resolve mutations for :app:stripDebugDebugSymbols (Thread[#41265,Execution worker Thread 14,5,main]) started.
[        ] :app:stripDebugDebugSymbols (Thread[#41265,Execution worker Thread 14,5,main]) started.
[        ] > Task :app:stripDebugDebugSymbols UP-TO-DATE
[        ] Caching disabled for task ':app:stripDebugDebugSymbols' because:
[        ]   Build cache is disabled
[        ]   Caching has been disabled for the task
[        ] Skipping task ':app:stripDebugDebugSymbols' as it is up-to-date.
[        ] Resolve mutations for :app:validateSigningDebug (Thread[#41265,Execution worker Thread 14,5,main]) started.
[        ] :app:validateSigningDebug (Thread[#41265,Execution worker Thread 14,5,main]) started.
[        ] > Task :app:validateSigningDebug UP-TO-DATE
[        ] Caching disabled for task ':app:validateSigningDebug' because:
[        ]   Build cache is disabled
[        ]   Caching has been disabled for the task
[        ] Skipping task ':app:validateSigningDebug' as it is up-to-date.
[        ] Resolve mutations for :app:writeDebugAppMetadata (Thread[#41265,Execution worker Thread 14,5,main]) started.
[        ] :app:writeDebugAppMetadata (Thread[#41265,Execution worker Thread 14,5,main]) started.
[        ] > Task :app:writeDebugAppMetadata UP-TO-DATE
[        ] Caching disabled for task ':app:writeDebugAppMetadata' because:
[        ]   Build cache is disabled
[        ]   Caching has been disabled for the task
[        ] Skipping task ':app:writeDebugAppMetadata' as it is up-to-date.
[        ] Resolve mutations for :app:writeDebugSigningConfigVersions (Thread[#41265,Execution worker Thread 14,5,main]) started.
[        ] :app:writeDebugSigningConfigVersions (Thread[#41265,Execution worker Thread 14,5,main]) started.
[        ] > Task :app:writeDebugSigningConfigVersions UP-TO-DATE
[        ] Caching disabled for task ':app:writeDebugSigningConfigVersions' because:
[        ]   Build cache is disabled
[        ]   Caching has been disabled for the task
[        ] Skipping task ':app:writeDebugSigningConfigVersions' as it is up-to-date.
[        ] Resolve mutations for :connectivity_plus:stripDebugDebugSymbols (Thread[#41265,Execution worker Thread 14,5,main]) started.
[        ] :connectivity_plus:stripDebugDebugSymbols (Thread[#41265,Execution worker Thread 14,5,main]) started.
[        ] > Task :connectivity_plus:stripDebugDebugSymbols NO-SOURCE
[        ] Skipping task ':connectivity_plus:stripDebugDebugSymbols' as it has no source files and no previous output files.
[        ] Resolve mutations for :connectivity_plus:copyDebugJniLibsProjectAndLocalJars (Thread[#41265,Execution worker Thread 14,5,main]) started.
[        ] :connectivity_plus:copyDebugJniLibsProjectAndLocalJars (Thread[#41265,Execution worker Thread 14,5,main]) started.
[        ] > Task :connectivity_plus:copyDebugJniLibsProjectAndLocalJars UP-TO-DATE
[        ] Caching disabled for task ':connectivity_plus:copyDebugJniLibsProjectAndLocalJars' because:
[        ]   Build cache is disabled
[        ]   Caching has been disabled for the task
[        ] Skipping task ':connectivity_plus:copyDebugJniLibsProjectAndLocalJars' as it is up-to-date.
[        ] Resolve mutations for :connectivity_plus:extractDebugAnnotations (Thread[#41265,Execution worker Thread 14,5,main]) started.
[        ] :connectivity_plus:extractDebugAnnotations (Thread[#41265,Execution worker Thread 14,5,main]) started.
[        ] > Task :connectivity_plus:extractDebugAnnotations UP-TO-DATE
[        ] Caching disabled for task ':connectivity_plus:extractDebugAnnotations' because:
[        ]   Build cache is disabled
[        ] Skipping task ':connectivity_plus:extractDebugAnnotations' as it is up-to-date.
[        ] Resolve mutations for :connectivity_plus:extractDeepLinksForAarDebug (Thread[#41265,Execution worker Thread 14,5,main]) started.
[        ] :connectivity_plus:extractDeepLinksForAarDebug (Thread[#41265,Execution worker Thread 14,5,main]) started.
[        ] > Task :connectivity_plus:extractDeepLinksForAarDebug UP-TO-DATE
[        ] Caching disabled for task ':connectivity_plus:extractDeepLinksForAarDebug' because:
[        ]   Build cache is disabled
[        ] Skipping task ':connectivity_plus:extractDeepLinksForAarDebug' as it is up-to-date.
[        ] Resolve mutations for :connectivity_plus:mergeDebugGeneratedProguardFiles (Thread[#41265,Execution worker Thread 14,5,main]) started.
[        ] :connectivity_plus:mergeDebugGeneratedProguardFiles (Thread[#41268,Execution worker Thread 17,5,main]) started.
[        ] > Task :connectivity_plus:mergeDebugGeneratedProguardFiles UP-TO-DATE
[        ] Caching disabled for task ':connectivity_plus:mergeDebugGeneratedProguardFiles' because:
[        ]   Build cache is disabled
[        ]   Simple merging task
[        ] Skipping task ':connectivity_plus:mergeDebugGeneratedProguardFiles' as it is up-to-date.
[        ] Resolve mutations for :connectivity_plus:mergeDebugConsumerProguardFiles (Thread[#41268,Execution worker Thread 17,5,main]) started.
[        ] :connectivity_plus:mergeDebugConsumerProguardFiles (Thread[#41268,Execution worker Thread 17,5,main]) started.
[        ] > Task :connectivity_plus:mergeDebugConsumerProguardFiles UP-TO-DATE
[        ] Caching disabled for task ':connectivity_plus:mergeDebugConsumerProguardFiles' because:
[        ]   Build cache is disabled
[        ]   Simple merging task
[        ] Skipping task ':connectivity_plus:mergeDebugConsumerProguardFiles' as it is up-to-date.
[        ] Resolve mutations for :connectivity_plus:prepareDebugArtProfile (Thread[#41268,Execution worker Thread 17,5,main]) started.
[        ] :connectivity_plus:prepareDebugArtProfile (Thread[#41268,Execution worker Thread 17,5,main]) started.
[        ] > Task :connectivity_plus:prepareDebugArtProfile UP-TO-DATE
[        ] Caching disabled for task ':connectivity_plus:prepareDebugArtProfile' because:
[        ]   Build cache is disabled
[        ]   Caching has been disabled for the task
[        ] Skipping task ':connectivity_plus:prepareDebugArtProfile' as it is up-to-date.
[        ] Resolve mutations for :connectivity_plus:prepareLintJarForPublish (Thread[#41268,Execution worker Thread 17,5,main]) started.
[        ] :connectivity_plus:prepareLintJarForPublish (Thread[#41268,Execution worker Thread 17,5,main]) started.
[        ] > Task :connectivity_plus:prepareLintJarForPublish UP-TO-DATE
[        ] Caching disabled for task ':connectivity_plus:prepareLintJarForPublish' because:
[        ]   Build cache is disabled
[        ]   Caching has been disabled for the task
[        ] Skipping task ':connectivity_plus:prepareLintJarForPublish' as it is up-to-date.
[        ] Resolve mutations for :connectivity_plus:mergeDebugJavaResource (Thread[#41268,Execution worker Thread 17,5,main]) started.
[        ] :connectivity_plus:mergeDebugJavaResource (Thread[#41268,Execution worker Thread 17,5,main]) started.
[        ] > Task :connectivity_plus:mergeDebugJavaResource UP-TO-DATE
[        ] Caching disabled for task ':connectivity_plus:mergeDebugJavaResource' because:
[        ]   Build cache is disabled
[        ]   Caching has been disabled for the task
[        ] Skipping task ':connectivity_plus:mergeDebugJavaResource' as it is up-to-date.
[        ] Resolve mutations for :connectivity_plus:syncDebugLibJars (Thread[#41268,Execution worker Thread 17,5,main]) started.
[        ] :connectivity_plus:syncDebugLibJars (Thread[#41268,Execution worker Thread 17,5,main]) started.
[        ] > Task :connectivity_plus:syncDebugLibJars UP-TO-DATE
[        ] Caching disabled for task ':connectivity_plus:syncDebugLibJars' because:
[        ]   Build cache is disabled
[        ] Skipping task ':connectivity_plus:syncDebugLibJars' as it is up-to-date.
[        ] Resolve mutations for :connectivity_plus:bundleDebugAar (Thread[#41268,Execution worker Thread 17,5,main]) started.
[        ] :connectivity_plus:bundleDebugAar (Thread[#41268,Execution worker Thread 17,5,main]) started.
[        ] > Task :connectivity_plus:bundleDebugAar UP-TO-DATE
[        ] Caching disabled for task ':connectivity_plus:bundleDebugAar' because:
[        ]   Build cache is disabled
[        ]   Caching has been disabled for the task
[        ] Skipping task ':connectivity_plus:bundleDebugAar' as it is up-to-date.
[        ] Resolve mutations for :connectivity_plus:assembleDebug (Thread[#41268,Execution worker Thread 17,5,main]) started.
[        ] :connectivity_plus:assembleDebug (Thread[#41268,Execution worker Thread 17,5,main]) started.
[        ] > Task :connectivity_plus:assembleDebug UP-TO-DATE
[        ] Skipping task ':connectivity_plus:assembleDebug' as it has no actions.
[        ] Resolve mutations for :emoji_picker_flutter:stripDebugDebugSymbols (Thread[#41268,Execution worker Thread 17,5,main]) started.
[        ] :emoji_picker_flutter:stripDebugDebugSymbols (Thread[#41268,Execution worker Thread 17,5,main]) started.
[        ] > Task :emoji_picker_flutter:stripDebugDebugSymbols NO-SOURCE
[        ] Skipping task ':emoji_picker_flutter:stripDebugDebugSymbols' as it has no source files and no previous output files.
[        ] Resolve mutations for :emoji_picker_flutter:copyDebugJniLibsProjectAndLocalJars (Thread[#41268,Execution worker Thread 17,5,main]) started.
[        ] :emoji_picker_flutter:copyDebugJniLibsProjectAndLocalJars (Thread[#41268,Execution worker Thread 17,5,main]) started.
[        ] > Task :emoji_picker_flutter:copyDebugJniLibsProjectAndLocalJars UP-TO-DATE
[        ] Caching disabled for task ':emoji_picker_flutter:copyDebugJniLibsProjectAndLocalJars' because:
[        ]   Build cache is disabled
[        ]   Caching has been disabled for the task
[        ] Skipping task ':emoji_picker_flutter:copyDebugJniLibsProjectAndLocalJars' as it is up-to-date.
[        ] Resolve mutations for :emoji_picker_flutter:extractDebugAnnotations (Thread[#41268,Execution worker Thread 17,5,main]) started.
[        ] :emoji_picker_flutter:extractDebugAnnotations (Thread[#41268,Execution worker Thread 17,5,main]) started.
[        ] > Task :emoji_picker_flutter:extractDebugAnnotations UP-TO-DATE
[        ] Caching disabled for task ':emoji_picker_flutter:extractDebugAnnotations' because:
[        ]   Build cache is disabled
[        ] Skipping task ':emoji_picker_flutter:extractDebugAnnotations' as it is up-to-date.
[        ] Resolve mutations for :emoji_picker_flutter:extractDeepLinksForAarDebug (Thread[#41268,Execution worker Thread 17,5,main]) started.
[        ] :emoji_picker_flutter:extractDeepLinksForAarDebug (Thread[#41268,Execution worker Thread 17,5,main]) started.
[        ] > Task :emoji_picker_flutter:extractDeepLinksForAarDebug UP-TO-DATE
[        ] Caching disabled for task ':emoji_picker_flutter:extractDeepLinksForAarDebug' because:
[        ]   Build cache is disabled
[        ] Skipping task ':emoji_picker_flutter:extractDeepLinksForAarDebug' as it is up-to-date.
[        ] Resolve mutations for :emoji_picker_flutter:mergeDebugGeneratedProguardFiles (Thread[#41268,Execution worker Thread 17,5,main]) started.
[        ] :emoji_picker_flutter:mergeDebugGeneratedProguardFiles (Thread[#41268,Execution worker Thread 17,5,main]) started.
[        ] > Task :emoji_picker_flutter:mergeDebugGeneratedProguardFiles UP-TO-DATE
[        ] Caching disabled for task ':emoji_picker_flutter:mergeDebugGeneratedProguardFiles' because:
[        ]   Build cache is disabled
[        ]   Simple merging task
[        ] Skipping task ':emoji_picker_flutter:mergeDebugGeneratedProguardFiles' as it is up-to-date.
[        ] Resolve mutations for :emoji_picker_flutter:mergeDebugConsumerProguardFiles (Thread[#41268,Execution worker Thread 17,5,main]) started.
[        ] :emoji_picker_flutter:mergeDebugConsumerProguardFiles (Thread[#41268,Execution worker Thread 17,5,main]) started.
[        ] > Task :emoji_picker_flutter:mergeDebugConsumerProguardFiles UP-TO-DATE
[        ] Caching disabled for task ':emoji_picker_flutter:mergeDebugConsumerProguardFiles' because:
[        ]   Build cache is disabled
[        ]   Simple merging task
[        ] Skipping task ':emoji_picker_flutter:mergeDebugConsumerProguardFiles' as it is up-to-date.
[        ] Resolve mutations for :emoji_picker_flutter:prepareDebugArtProfile (Thread[#41268,Execution worker Thread 17,5,main]) started.
[        ] :emoji_picker_flutter:prepareDebugArtProfile (Thread[#41268,Execution worker Thread 17,5,main]) started.
[        ] > Task :emoji_picker_flutter:prepareDebugArtProfile UP-TO-DATE
[        ] Caching disabled for task ':emoji_picker_flutter:prepareDebugArtProfile' because:
[        ]   Build cache is disabled
[        ]   Caching has been disabled for the task
[        ] Skipping task ':emoji_picker_flutter:prepareDebugArtProfile' as it is up-to-date.
[        ] Resolve mutations for :emoji_picker_flutter:prepareLintJarForPublish (Thread[#41268,Execution worker Thread 17,5,main]) started.
[        ] :emoji_picker_flutter:prepareLintJarForPublish (Thread[#41268,Execution worker Thread 17,5,main]) started.
[        ] > Task :emoji_picker_flutter:prepareLintJarForPublish UP-TO-DATE
[        ] Caching disabled for task ':emoji_picker_flutter:prepareLintJarForPublish' because:
[        ]   Build cache is disabled
[        ]   Caching has been disabled for the task
[        ] Skipping task ':emoji_picker_flutter:prepareLintJarForPublish' as it is up-to-date.
[        ] Resolve mutations for :emoji_picker_flutter:mergeDebugJavaResource (Thread[#41268,Execution worker Thread 17,5,main]) started.
[        ] :emoji_picker_flutter:mergeDebugJavaResource (Thread[#41268,Execution worker Thread 17,5,main]) started.
[        ] > Task :emoji_picker_flutter:mergeDebugJavaResource UP-TO-DATE
[        ] Caching disabled for task ':emoji_picker_flutter:mergeDebugJavaResource' because:
[        ]   Build cache is disabled
[        ]   Caching has been disabled for the task
[        ] Skipping task ':emoji_picker_flutter:mergeDebugJavaResource' as it is up-to-date.
[        ] Resolve mutations for :emoji_picker_flutter:syncDebugLibJars (Thread[#41268,Execution worker Thread 17,5,main]) started.
[        ] :emoji_picker_flutter:syncDebugLibJars (Thread[#41281,Execution worker Thread 30,5,main]) started.
[        ] > Task :emoji_picker_flutter:syncDebugLibJars UP-TO-DATE
[        ] Caching disabled for task ':emoji_picker_flutter:syncDebugLibJars' because:
[        ]   Build cache is disabled
[        ] Skipping task ':emoji_picker_flutter:syncDebugLibJars' as it is up-to-date.
[        ] Resolve mutations for :emoji_picker_flutter:bundleDebugAar (Thread[#41281,Execution worker Thread 30,5,main]) started.
[        ] :emoji_picker_flutter:bundleDebugAar (Thread[#41281,Execution worker Thread 30,5,main]) started.
[        ] > Task :emoji_picker_flutter:bundleDebugAar UP-TO-DATE
[        ] Caching disabled for task ':emoji_picker_flutter:bundleDebugAar' because:
[        ]   Build cache is disabled
[        ]   Caching has been disabled for the task
[        ] Skipping task ':emoji_picker_flutter:bundleDebugAar' as it is up-to-date.
[        ] Resolve mutations for :emoji_picker_flutter:assembleDebug (Thread[#41281,Execution worker Thread 30,5,main]) started.
[        ] :emoji_picker_flutter:assembleDebug (Thread[#41281,Execution worker Thread 30,5,main]) started.
[        ] > Task :emoji_picker_flutter:assembleDebug UP-TO-DATE
[        ] Skipping task ':emoji_picker_flutter:assembleDebug' as it has no actions.
[        ] Resolve mutations for :file_selector_android:stripDebugDebugSymbols (Thread[#41281,Execution worker Thread 30,5,main]) started.
[        ] :file_selector_android:stripDebugDebugSymbols (Thread[#41281,Execution worker Thread 30,5,main]) started.
[        ] > Task :file_selector_android:stripDebugDebugSymbols NO-SOURCE
[        ] Skipping task ':file_selector_android:stripDebugDebugSymbols' as it has no source files and no previous output files.
[        ] Resolve mutations for :file_selector_android:copyDebugJniLibsProjectAndLocalJars (Thread[#41281,Execution worker Thread 30,5,main]) started.
[        ] :file_selector_android:copyDebugJniLibsProjectAndLocalJars (Thread[#41281,Execution worker Thread 30,5,main]) started.
[        ] > Task :file_selector_android:copyDebugJniLibsProjectAndLocalJars UP-TO-DATE
[        ] Caching disabled for task ':file_selector_android:copyDebugJniLibsProjectAndLocalJars' because:
[        ]   Build cache is disabled
[        ]   Caching has been disabled for the task
[        ] Skipping task ':file_selector_android:copyDebugJniLibsProjectAndLocalJars' as it is up-to-date.
[        ] Resolve mutations for :file_selector_android:extractDebugAnnotations (Thread[#41281,Execution worker Thread 30,5,main]) started.
[        ] :file_selector_android:extractDebugAnnotations (Thread[#41281,Execution worker Thread 30,5,main]) started.
[        ] > Task :file_selector_android:extractDebugAnnotations UP-TO-DATE
[        ] Caching disabled for task ':file_selector_android:extractDebugAnnotations' because:
[        ]   Build cache is disabled
[        ] Skipping task ':file_selector_android:extractDebugAnnotations' as it is up-to-date.
[        ] Resolve mutations for :file_selector_android:extractDeepLinksForAarDebug (Thread[#41281,Execution worker Thread 30,5,main]) started.
[        ] :file_selector_android:extractDeepLinksForAarDebug (Thread[#41281,Execution worker Thread 30,5,main]) started.
[        ] > Task :file_selector_android:extractDeepLinksForAarDebug UP-TO-DATE
[        ] Caching disabled for task ':file_selector_android:extractDeepLinksForAarDebug' because:
[        ]   Build cache is disabled
[        ] Skipping task ':file_selector_android:extractDeepLinksForAarDebug' as it is up-to-date.
[        ] Resolve mutations for :file_selector_android:mergeDebugGeneratedProguardFiles (Thread[#41281,Execution worker Thread 30,5,main]) started.
[        ] :file_selector_android:mergeDebugGeneratedProguardFiles (Thread[#41281,Execution worker Thread 30,5,main]) started.
[        ] > Task :file_selector_android:mergeDebugGeneratedProguardFiles UP-TO-DATE
[        ] Caching disabled for task ':file_selector_android:mergeDebugGeneratedProguardFiles' because:
[        ]   Build cache is disabled
[        ]   Simple merging task
[        ] Skipping task ':file_selector_android:mergeDebugGeneratedProguardFiles' as it is up-to-date.
[        ] Resolve mutations for :file_selector_android:mergeDebugConsumerProguardFiles (Thread[#41281,Execution worker Thread 30,5,main]) started.
[        ] :file_selector_android:mergeDebugConsumerProguardFiles (Thread[#41281,Execution worker Thread 30,5,main]) started.
[        ] > Task :file_selector_android:mergeDebugConsumerProguardFiles UP-TO-DATE
[        ] Caching disabled for task ':file_selector_android:mergeDebugConsumerProguardFiles' because:
[        ]   Build cache is disabled
[        ]   Simple merging task
[        ] Skipping task ':file_selector_android:mergeDebugConsumerProguardFiles' as it is up-to-date.
[        ] Resolve mutations for :file_selector_android:prepareDebugArtProfile (Thread[#41281,Execution worker Thread 30,5,main]) started.
[        ] :file_selector_android:prepareDebugArtProfile (Thread[#41281,Execution worker Thread 30,5,main]) started.
[        ] > Task :file_selector_android:prepareDebugArtProfile UP-TO-DATE
[        ] Caching disabled for task ':file_selector_android:prepareDebugArtProfile' because:
[        ]   Build cache is disabled
[        ]   Caching has been disabled for the task
[        ] Skipping task ':file_selector_android:prepareDebugArtProfile' as it is up-to-date.
[        ] Resolve mutations for :file_selector_android:prepareLintJarForPublish (Thread[#41281,Execution worker Thread 30,5,main]) started.
[        ] :file_selector_android:prepareLintJarForPublish (Thread[#41281,Execution worker Thread 30,5,main]) started.
[        ] > Task :file_selector_android:prepareLintJarForPublish UP-TO-DATE
[        ] Caching disabled for task ':file_selector_android:prepareLintJarForPublish' because:
[        ]   Build cache is disabled
[        ]   Caching has been disabled for the task
[        ] Skipping task ':file_selector_android:prepareLintJarForPublish' as it is up-to-date.
[        ] Resolve mutations for :file_selector_android:mergeDebugJavaResource (Thread[#41281,Execution worker Thread 30,5,main]) started.
[        ] :file_selector_android:mergeDebugJavaResource (Thread[#41281,Execution worker Thread 30,5,main]) started.
[        ] > Task :file_selector_android:mergeDebugJavaResource UP-TO-DATE
[        ] Caching disabled for task ':file_selector_android:mergeDebugJavaResource' because:
[        ]   Build cache is disabled
[        ]   Caching has been disabled for the task
[        ] Skipping task ':file_selector_android:mergeDebugJavaResource' as it is up-to-date.
[        ] Resolve mutations for :file_selector_android:syncDebugLibJars (Thread[#41281,Execution worker Thread 30,5,main]) started.
[        ] :file_selector_android:syncDebugLibJars (Thread[#41281,Execution worker Thread 30,5,main]) started.
[        ] > Task :file_selector_android:syncDebugLibJars UP-TO-DATE
[        ] Caching disabled for task ':file_selector_android:syncDebugLibJars' because:
[        ]   Build cache is disabled
[        ] Skipping task ':file_selector_android:syncDebugLibJars' as it is up-to-date.
[        ] Resolve mutations for :file_selector_android:bundleDebugAar (Thread[#41281,Execution worker Thread 30,5,main]) started.
[        ] :file_selector_android:bundleDebugAar (Thread[#41281,Execution worker Thread 30,5,main]) started.
[        ] > Task :file_selector_android:bundleDebugAar UP-TO-DATE
[        ] Caching disabled for task ':file_selector_android:bundleDebugAar' because:
[        ]   Build cache is disabled
[        ]   Caching has been disabled for the task
[        ] Skipping task ':file_selector_android:bundleDebugAar' as it is up-to-date.
[        ] Resolve mutations for :file_selector_android:assembleDebug (Thread[#41281,Execution worker Thread 30,5,main]) started.
[        ] :file_selector_android:assembleDebug (Thread[#41281,Execution worker Thread 30,5,main]) started.
[        ] > Task :file_selector_android:assembleDebug UP-TO-DATE
[        ] Skipping task ':file_selector_android:assembleDebug' as it has no actions.
[        ] Resolve mutations for :flutter_keyboard_visibility_temp_fork:stripDebugDebugSymbols (Thread[#41281,Execution worker Thread 30,5,main]) started.
[        ] :flutter_keyboard_visibility_temp_fork:stripDebugDebugSymbols (Thread[#41281,Execution worker Thread 30,5,main]) started.
[        ] > Task :flutter_keyboard_visibility_temp_fork:stripDebugDebugSymbols NO-SOURCE
[        ] Skipping task ':flutter_keyboard_visibility_temp_fork:stripDebugDebugSymbols' as it has no source files and no previous output files.
[        ] Resolve mutations for :flutter_keyboard_visibility_temp_fork:copyDebugJniLibsProjectAndLocalJars (Thread[#41281,Execution worker Thread 30,5,main]) started.
[        ] :flutter_keyboard_visibility_temp_fork:copyDebugJniLibsProjectAndLocalJars (Thread[#41281,Execution worker Thread 30,5,main]) started.
[        ] > Task :flutter_keyboard_visibility_temp_fork:copyDebugJniLibsProjectAndLocalJars UP-TO-DATE
[        ] Caching disabled for task ':flutter_keyboard_visibility_temp_fork:copyDebugJniLibsProjectAndLocalJars' because:
[        ]   Build cache is disabled
[        ]   Caching has been disabled for the task
[        ] Skipping task ':flutter_keyboard_visibility_temp_fork:copyDebugJniLibsProjectAndLocalJars' as it is up-to-date.
[        ] Resolve mutations for :flutter_keyboard_visibility_temp_fork:extractDebugAnnotations (Thread[#41281,Execution worker Thread 30,5,main]) started.
[        ] :flutter_keyboard_visibility_temp_fork:extractDebugAnnotations (Thread[#41281,Execution worker Thread 30,5,main]) started.
[        ] > Task :flutter_keyboard_visibility_temp_fork:extractDebugAnnotations UP-TO-DATE
[        ] Caching disabled for task ':flutter_keyboard_visibility_temp_fork:extractDebugAnnotations' because:
[        ]   Build cache is disabled
[        ] Skipping task ':flutter_keyboard_visibility_temp_fork:extractDebugAnnotations' as it is up-to-date.
[        ] Resolve mutations for :flutter_keyboard_visibility_temp_fork:extractDeepLinksForAarDebug (Thread[#41281,Execution worker Thread 30,5,main]) started.
[        ] :flutter_keyboard_visibility_temp_fork:extractDeepLinksForAarDebug (Thread[#41281,Execution worker Thread 30,5,main]) started.
[        ] > Task :flutter_keyboard_visibility_temp_fork:extractDeepLinksForAarDebug UP-TO-DATE
[        ] Caching disabled for task ':flutter_keyboard_visibility_temp_fork:extractDeepLinksForAarDebug' because:
[        ]   Build cache is disabled
[        ] Skipping task ':flutter_keyboard_visibility_temp_fork:extractDeepLinksForAarDebug' as it is up-to-date.
[        ] Resolve mutations for :flutter_keyboard_visibility_temp_fork:mergeDebugGeneratedProguardFiles (Thread[#41281,Execution worker Thread 30,5,main]) started.
[        ] :flutter_keyboard_visibility_temp_fork:mergeDebugGeneratedProguardFiles (Thread[#41281,Execution worker Thread 30,5,main]) started.
[        ] > Task :flutter_keyboard_visibility_temp_fork:mergeDebugGeneratedProguardFiles UP-TO-DATE
[        ] Caching disabled for task ':flutter_keyboard_visibility_temp_fork:mergeDebugGeneratedProguardFiles' because:
[        ]   Build cache is disabled
[        ]   Simple merging task
[        ] Skipping task ':flutter_keyboard_visibility_temp_fork:mergeDebugGeneratedProguardFiles' as it is up-to-date.
[        ] Resolve mutations for :flutter_keyboard_visibility_temp_fork:mergeDebugConsumerProguardFiles (Thread[#41281,Execution worker Thread 30,5,main]) started.
[        ] :flutter_keyboard_visibility_temp_fork:mergeDebugConsumerProguardFiles (Thread[#41281,Execution worker Thread 30,5,main]) started.
[        ] > Task :flutter_keyboard_visibility_temp_fork:mergeDebugConsumerProguardFiles UP-TO-DATE
[        ] Caching disabled for task ':flutter_keyboard_visibility_temp_fork:mergeDebugConsumerProguardFiles' because:
[        ]   Build cache is disabled
[        ]   Simple merging task
[        ] Skipping task ':flutter_keyboard_visibility_temp_fork:mergeDebugConsumerProguardFiles' as it is up-to-date.
[        ] Resolve mutations for :flutter_keyboard_visibility_temp_fork:prepareDebugArtProfile (Thread[#41281,Execution worker Thread 30,5,main]) started.
[        ] :flutter_keyboard_visibility_temp_fork:prepareDebugArtProfile (Thread[#41281,Execution worker Thread 30,5,main]) started.
[        ] > Task :flutter_keyboard_visibility_temp_fork:prepareDebugArtProfile UP-TO-DATE
[        ] Caching disabled for task ':flutter_keyboard_visibility_temp_fork:prepareDebugArtProfile' because:
[        ]   Build cache is disabled
[        ]   Caching has been disabled for the task
[        ] Skipping task ':flutter_keyboard_visibility_temp_fork:prepareDebugArtProfile' as it is up-to-date.
[        ] Resolve mutations for :flutter_keyboard_visibility_temp_fork:prepareLintJarForPublish (Thread[#41281,Execution worker Thread 30,5,main]) started.
[        ] :flutter_keyboard_visibility_temp_fork:prepareLintJarForPublish (Thread[#41281,Execution worker Thread 30,5,main]) started.
[        ] > Task :flutter_keyboard_visibility_temp_fork:prepareLintJarForPublish UP-TO-DATE
[        ] Caching disabled for task ':flutter_keyboard_visibility_temp_fork:prepareLintJarForPublish' because:
[        ]   Build cache is disabled
[        ]   Caching has been disabled for the task
[        ] Skipping task ':flutter_keyboard_visibility_temp_fork:prepareLintJarForPublish' as it is up-to-date.
[        ] Resolve mutations for :flutter_keyboard_visibility_temp_fork:mergeDebugJavaResource (Thread[#41281,Execution worker Thread 30,5,main]) started.
[        ] :flutter_keyboard_visibility_temp_fork:mergeDebugJavaResource (Thread[#41281,Execution worker Thread 30,5,main]) started.
[        ] > Task :flutter_keyboard_visibility_temp_fork:mergeDebugJavaResource UP-TO-DATE
[        ] Caching disabled for task ':flutter_keyboard_visibility_temp_fork:mergeDebugJavaResource' because:
[        ]   Build cache is disabled
[        ]   Caching has been disabled for the task
[        ] Skipping task ':flutter_keyboard_visibility_temp_fork:mergeDebugJavaResource' as it is up-to-date.
[        ] Resolve mutations for :flutter_keyboard_visibility_temp_fork:syncDebugLibJars (Thread[#41281,Execution worker Thread 30,5,main]) started.
[        ] :flutter_keyboard_visibility_temp_fork:syncDebugLibJars (Thread[#41281,Execution worker Thread 30,5,main]) started.
[        ] > Task :flutter_keyboard_visibility_temp_fork:syncDebugLibJars UP-TO-DATE
[        ] Caching disabled for task ':flutter_keyboard_visibility_temp_fork:syncDebugLibJars' because:
[        ]   Build cache is disabled
[        ] Skipping task ':flutter_keyboard_visibility_temp_fork:syncDebugLibJars' as it is up-to-date.
[        ] Resolve mutations for :flutter_keyboard_visibility_temp_fork:bundleDebugAar (Thread[#41281,Execution worker Thread 30,5,main]) started.
[        ] :flutter_keyboard_visibility_temp_fork:bundleDebugAar (Thread[#41281,Execution worker Thread 30,5,main]) started.
[        ] > Task :flutter_keyboard_visibility_temp_fork:bundleDebugAar UP-TO-DATE
[        ] Caching disabled for task ':flutter_keyboard_visibility_temp_fork:bundleDebugAar' because:
[        ]   Build cache is disabled
[        ]   Caching has been disabled for the task
[        ] Skipping task ':flutter_keyboard_visibility_temp_fork:bundleDebugAar' as it is up-to-date.
[        ] Resolve mutations for :flutter_keyboard_visibility_temp_fork:assembleDebug (Thread[#41281,Execution worker Thread 30,5,main]) started.
[        ] :flutter_keyboard_visibility_temp_fork:assembleDebug (Thread[#41281,Execution worker Thread 30,5,main]) started.
[        ] > Task :flutter_keyboard_visibility_temp_fork:assembleDebug UP-TO-DATE
[        ] Skipping task ':flutter_keyboard_visibility_temp_fork:assembleDebug' as it has no actions.
[        ] Resolve mutations for :flutter_native_splash:stripDebugDebugSymbols (Thread[#41281,Execution worker Thread 30,5,main]) started.
[        ] :flutter_native_splash:stripDebugDebugSymbols (Thread[#41281,Execution worker Thread 30,5,main]) started.
[        ] > Task :flutter_native_splash:stripDebugDebugSymbols NO-SOURCE
[        ] Skipping task ':flutter_native_splash:stripDebugDebugSymbols' as it has no source files and no previous output files.
[        ] Resolve mutations for :flutter_native_splash:copyDebugJniLibsProjectAndLocalJars (Thread[#41281,Execution worker Thread 30,5,main]) started.
[        ] :flutter_native_splash:copyDebugJniLibsProjectAndLocalJars (Thread[#41281,Execution worker Thread 30,5,main]) started.
[        ] > Task :flutter_native_splash:copyDebugJniLibsProjectAndLocalJars UP-TO-DATE
[        ] Caching disabled for task ':flutter_native_splash:copyDebugJniLibsProjectAndLocalJars' because:
[        ]   Build cache is disabled
[        ]   Caching has been disabled for the task
[        ] Skipping task ':flutter_native_splash:copyDebugJniLibsProjectAndLocalJars' as it is up-to-date.
[        ] Resolve mutations for :flutter_native_splash:extractDebugAnnotations (Thread[#41281,Execution worker Thread 30,5,main]) started.
[        ] :flutter_native_splash:extractDebugAnnotations (Thread[#41281,Execution worker Thread 30,5,main]) started.
[        ] > Task :flutter_native_splash:extractDebugAnnotations UP-TO-DATE
[        ] Caching disabled for task ':flutter_native_splash:extractDebugAnnotations' because:
[        ]   Build cache is disabled
[        ] Skipping task ':flutter_native_splash:extractDebugAnnotations' as it is up-to-date.
[        ] Resolve mutations for :flutter_native_splash:extractDeepLinksForAarDebug (Thread[#41281,Execution worker Thread 30,5,main]) started.
[        ] :flutter_native_splash:extractDeepLinksForAarDebug (Thread[#41281,Execution worker Thread 30,5,main]) started.
[        ] > Task :flutter_native_splash:extractDeepLinksForAarDebug UP-TO-DATE
[        ] Caching disabled for task ':flutter_native_splash:extractDeepLinksForAarDebug' because:
[        ]   Build cache is disabled
[        ] Skipping task ':flutter_native_splash:extractDeepLinksForAarDebug' as it is up-to-date.
[        ] Resolve mutations for :flutter_native_splash:mergeDebugGeneratedProguardFiles (Thread[#41281,Execution worker Thread 30,5,main]) started.
[        ] :flutter_native_splash:mergeDebugGeneratedProguardFiles (Thread[#41281,Execution worker Thread 30,5,main]) started.
[        ] > Task :flutter_native_splash:mergeDebugGeneratedProguardFiles UP-TO-DATE
[        ] Caching disabled for task ':flutter_native_splash:mergeDebugGeneratedProguardFiles' because:
[        ]   Build cache is disabled
[        ]   Simple merging task
[        ] Skipping task ':flutter_native_splash:mergeDebugGeneratedProguardFiles' as it is up-to-date.
[        ] Resolve mutations for :flutter_native_splash:mergeDebugConsumerProguardFiles (Thread[#41281,Execution worker Thread 30,5,main]) started.
[        ] :flutter_native_splash:mergeDebugConsumerProguardFiles (Thread[#41281,Execution worker Thread 30,5,main]) started.
[        ] > Task :flutter_native_splash:mergeDebugConsumerProguardFiles UP-TO-DATE
[        ] Caching disabled for task ':flutter_native_splash:mergeDebugConsumerProguardFiles' because:
[        ]   Build cache is disabled
[        ]   Simple merging task
[        ] Skipping task ':flutter_native_splash:mergeDebugConsumerProguardFiles' as it is up-to-date.
[        ] Resolve mutations for :flutter_native_splash:prepareDebugArtProfile (Thread[#41281,Execution worker Thread 30,5,main]) started.
[        ] :flutter_native_splash:prepareDebugArtProfile (Thread[#41281,Execution worker Thread 30,5,main]) started.
[        ] > Task :flutter_native_splash:prepareDebugArtProfile UP-TO-DATE
[        ] Caching disabled for task ':flutter_native_splash:prepareDebugArtProfile' because:
[        ]   Build cache is disabled
[        ]   Caching has been disabled for the task
[        ] Skipping task ':flutter_native_splash:prepareDebugArtProfile' as it is up-to-date.
[        ] Resolve mutations for :flutter_native_splash:prepareLintJarForPublish (Thread[#41281,Execution worker Thread 30,5,main]) started.
[        ] :flutter_native_splash:prepareLintJarForPublish (Thread[#41281,Execution worker Thread 30,5,main]) started.
[        ] > Task :flutter_native_splash:prepareLintJarForPublish UP-TO-DATE
[        ] Caching disabled for task ':flutter_native_splash:prepareLintJarForPublish' because:
[        ]   Build cache is disabled
[        ]   Caching has been disabled for the task
[        ] Skipping task ':flutter_native_splash:prepareLintJarForPublish' as it is up-to-date.
[        ] Resolve mutations for :flutter_native_splash:mergeDebugJavaResource (Thread[#41281,Execution worker Thread 30,5,main]) started.
[        ] :flutter_native_splash:mergeDebugJavaResource (Thread[#41281,Execution worker Thread 30,5,main]) started.
[        ] > Task :flutter_native_splash:mergeDebugJavaResource UP-TO-DATE
[        ] Caching disabled for task ':flutter_native_splash:mergeDebugJavaResource' because:
[        ]   Build cache is disabled
[        ]   Caching has been disabled for the task
[        ] Skipping task ':flutter_native_splash:mergeDebugJavaResource' as it is up-to-date.
[        ] Resolve mutations for :flutter_native_splash:syncDebugLibJars (Thread[#41281,Execution worker Thread 30,5,main]) started.
[        ] :flutter_native_splash:syncDebugLibJars (Thread[#41281,Execution worker Thread 30,5,main]) started.
[        ] > Task :flutter_native_splash:syncDebugLibJars UP-TO-DATE
[        ] Caching disabled for task ':flutter_native_splash:syncDebugLibJars' because:
[        ]   Build cache is disabled
[        ] Skipping task ':flutter_native_splash:syncDebugLibJars' as it is up-to-date.
[        ] Resolve mutations for :flutter_native_splash:bundleDebugAar (Thread[#41281,Execution worker Thread 30,5,main]) started.
[        ] :flutter_native_splash:bundleDebugAar (Thread[#41281,Execution worker Thread 30,5,main]) started.
[        ] > Task :flutter_native_splash:bundleDebugAar UP-TO-DATE
[        ] Caching disabled for task ':flutter_native_splash:bundleDebugAar' because:
[        ]   Build cache is disabled
[        ]   Caching has been disabled for the task
[        ] Skipping task ':flutter_native_splash:bundleDebugAar' as it is up-to-date.
[        ] Resolve mutations for :flutter_native_splash:assembleDebug (Thread[#41281,Execution worker Thread 30,5,main]) started.
[        ] :flutter_native_splash:assembleDebug (Thread[#41281,Execution worker Thread 30,5,main]) started.
[        ] > Task :flutter_native_splash:assembleDebug UP-TO-DATE
[        ] Skipping task ':flutter_native_splash:assembleDebug' as it has no actions.
[        ] Resolve mutations for :flutter_olm:stripDebugDebugSymbols (Thread[#41281,Execution worker Thread 30,5,main]) started.
[        ] :flutter_olm:stripDebugDebugSymbols (Thread[#41281,Execution worker Thread 30,5,main]) started.
[        ] > Task :flutter_olm:stripDebugDebugSymbols UP-TO-DATE
[        ] Caching disabled for task ':flutter_olm:stripDebugDebugSymbols' because:
[        ]   Build cache is disabled
[        ]   Caching has been disabled for the task
[        ] Skipping task ':flutter_olm:stripDebugDebugSymbols' as it is up-to-date.
[        ] Resolve mutations for :flutter_olm:copyDebugJniLibsProjectAndLocalJars (Thread[#41281,Execution worker Thread 30,5,main]) started.
[        ] :flutter_olm:copyDebugJniLibsProjectAndLocalJars (Thread[#41281,Execution worker Thread 30,5,main]) started.
[        ] > Task :flutter_olm:copyDebugJniLibsProjectAndLocalJars UP-TO-DATE
[        ] Caching disabled for task ':flutter_olm:copyDebugJniLibsProjectAndLocalJars' because:
[        ]   Build cache is disabled
[        ]   Caching has been disabled for the task
[        ] Skipping task ':flutter_olm:copyDebugJniLibsProjectAndLocalJars' as it is up-to-date.
[        ] Resolve mutations for :flutter_olm:extractDebugAnnotations (Thread[#41281,Execution worker Thread 30,5,main]) started.
[        ] :flutter_olm:extractDebugAnnotations (Thread[#41281,Execution worker Thread 30,5,main]) started.
[        ] > Task :flutter_olm:extractDebugAnnotations UP-TO-DATE
[        ] Caching disabled for task ':flutter_olm:extractDebugAnnotations' because:
[        ]   Build cache is disabled
[        ] Skipping task ':flutter_olm:extractDebugAnnotations' as it is up-to-date.
[        ] Resolve mutations for :flutter_olm:extractDeepLinksForAarDebug (Thread[#41281,Execution worker Thread 30,5,main]) started.
[        ] :flutter_olm:extractDeepLinksForAarDebug (Thread[#41281,Execution worker Thread 30,5,main]) started.
[        ] > Task :flutter_olm:extractDeepLinksForAarDebug UP-TO-DATE
[        ] Caching disabled for task ':flutter_olm:extractDeepLinksForAarDebug' because:
[        ]   Build cache is disabled
[        ] Skipping task ':flutter_olm:extractDeepLinksForAarDebug' as it is up-to-date.
[        ] Resolve mutations for :flutter_olm:mergeDebugGeneratedProguardFiles (Thread[#41281,Execution worker Thread 30,5,main]) started.
[        ] :flutter_olm:mergeDebugGeneratedProguardFiles (Thread[#41281,Execution worker Thread 30,5,main]) started.
[        ] > Task :flutter_olm:mergeDebugGeneratedProguardFiles UP-TO-DATE
[        ] Caching disabled for task ':flutter_olm:mergeDebugGeneratedProguardFiles' because:
[        ]   Build cache is disabled
[        ]   Simple merging task
[        ] Skipping task ':flutter_olm:mergeDebugGeneratedProguardFiles' as it is up-to-date.
[        ] Resolve mutations for :flutter_olm:mergeDebugConsumerProguardFiles (Thread[#41281,Execution worker Thread 30,5,main]) started.
[        ] :flutter_olm:mergeDebugConsumerProguardFiles (Thread[#41281,Execution worker Thread 30,5,main]) started.
[        ] > Task :flutter_olm:mergeDebugConsumerProguardFiles UP-TO-DATE
[        ] Caching disabled for task ':flutter_olm:mergeDebugConsumerProguardFiles' because:
[        ]   Build cache is disabled
[        ]   Simple merging task
[        ] Skipping task ':flutter_olm:mergeDebugConsumerProguardFiles' as it is up-to-date.
[        ] Resolve mutations for :flutter_olm:prepareDebugArtProfile (Thread[#41281,Execution worker Thread 30,5,main]) started.
[        ] :flutter_olm:prepareDebugArtProfile (Thread[#41281,Execution worker Thread 30,5,main]) started.
[        ] > Task :flutter_olm:prepareDebugArtProfile UP-TO-DATE
[        ] Caching disabled for task ':flutter_olm:prepareDebugArtProfile' because:
[        ]   Build cache is disabled
[        ]   Caching has been disabled for the task
[        ] Skipping task ':flutter_olm:prepareDebugArtProfile' as it is up-to-date.
[        ] Resolve mutations for :flutter_olm:prepareLintJarForPublish (Thread[#41281,Execution worker Thread 30,5,main]) started.
[        ] :flutter_olm:prepareLintJarForPublish (Thread[#41281,Execution worker Thread 30,5,main]) started.
[        ] > Task :flutter_olm:prepareLintJarForPublish UP-TO-DATE
[        ] Caching disabled for task ':flutter_olm:prepareLintJarForPublish' because:
[        ]   Build cache is disabled
[        ]   Caching has been disabled for the task
[        ] Skipping task ':flutter_olm:prepareLintJarForPublish' as it is up-to-date.
[        ] Resolve mutations for :flutter_olm:mergeDebugJavaResource (Thread[#41281,Execution worker Thread 30,5,main]) started.
[        ] :flutter_olm:mergeDebugJavaResource (Thread[#41281,Execution worker Thread 30,5,main]) started.
[        ] > Task :flutter_olm:mergeDebugJavaResource UP-TO-DATE
[        ] Caching disabled for task ':flutter_olm:mergeDebugJavaResource' because:
[        ]   Build cache is disabled
[        ]   Caching has been disabled for the task
[        ] Skipping task ':flutter_olm:mergeDebugJavaResource' as it is up-to-date.
[        ] Resolve mutations for :flutter_olm:syncDebugLibJars (Thread[#41281,Execution worker Thread 30,5,main]) started.
[        ] :flutter_olm:syncDebugLibJars (Thread[#41281,Execution worker Thread 30,5,main]) started.
[        ] > Task :flutter_olm:syncDebugLibJars UP-TO-DATE
[        ] Caching disabled for task ':flutter_olm:syncDebugLibJars' because:
[        ]   Build cache is disabled
[        ] Skipping task ':flutter_olm:syncDebugLibJars' as it is up-to-date.
[        ] Resolve mutations for :flutter_olm:bundleDebugAar (Thread[#41281,Execution worker Thread 30,5,main]) started.
[        ] :flutter_olm:bundleDebugAar (Thread[#41281,Execution worker Thread 30,5,main]) started.
[        ] > Task :flutter_olm:bundleDebugAar UP-TO-DATE
[        ] Caching disabled for task ':flutter_olm:bundleDebugAar' because:
[        ]   Build cache is disabled
[        ]   Caching has been disabled for the task
[        ] Skipping task ':flutter_olm:bundleDebugAar' as it is up-to-date.
[        ] Resolve mutations for :flutter_olm:assembleDebug (Thread[#41281,Execution worker Thread 30,5,main]) started.
[        ] :flutter_olm:assembleDebug (Thread[#41281,Execution worker Thread 30,5,main]) started.
[        ] > Task :flutter_olm:assembleDebug UP-TO-DATE
[        ] Skipping task ':flutter_olm:assembleDebug' as it has no actions.
[        ] Resolve mutations for :flutter_openssl_crypto:stripDebugDebugSymbols (Thread[#41281,Execution worker Thread 30,5,main]) started.
[        ] :flutter_openssl_crypto:stripDebugDebugSymbols (Thread[#41281,Execution worker Thread 30,5,main]) started.
[        ] > Task :flutter_openssl_crypto:stripDebugDebugSymbols UP-TO-DATE
[        ] Caching disabled for task ':flutter_openssl_crypto:stripDebugDebugSymbols' because:
[        ]   Build cache is disabled
[        ]   Caching has been disabled for the task
[        ] Skipping task ':flutter_openssl_crypto:stripDebugDebugSymbols' as it is up-to-date.
[        ] Resolve mutations for :flutter_openssl_crypto:copyDebugJniLibsProjectAndLocalJars (Thread[#41281,Execution worker Thread 30,5,main]) started.
[        ] :flutter_openssl_crypto:copyDebugJniLibsProjectAndLocalJars (Thread[#41281,Execution worker Thread 30,5,main]) started.
[        ] > Task :flutter_openssl_crypto:copyDebugJniLibsProjectAndLocalJars UP-TO-DATE
[        ] Caching disabled for task ':flutter_openssl_crypto:copyDebugJniLibsProjectAndLocalJars' because:
[        ]   Build cache is disabled
[        ]   Caching has been disabled for the task
[        ] Skipping task ':flutter_openssl_crypto:copyDebugJniLibsProjectAndLocalJars' as it is up-to-date.
[        ] Resolve mutations for :flutter_openssl_crypto:extractDebugAnnotations (Thread[#41281,Execution worker Thread 30,5,main]) started.
[        ] :flutter_openssl_crypto:extractDebugAnnotations (Thread[#41281,Execution worker Thread 30,5,main]) started.
[        ] > Task :flutter_openssl_crypto:extractDebugAnnotations UP-TO-DATE
[        ] Caching disabled for task ':flutter_openssl_crypto:extractDebugAnnotations' because:
[        ]   Build cache is disabled
[        ] Skipping task ':flutter_openssl_crypto:extractDebugAnnotations' as it is up-to-date.
[        ] Resolve mutations for :flutter_openssl_crypto:extractDeepLinksForAarDebug (Thread[#41281,Execution worker Thread 30,5,main]) started.
[        ] :flutter_openssl_crypto:extractDeepLinksForAarDebug (Thread[#41281,Execution worker Thread 30,5,main]) started.
[        ] > Task :flutter_openssl_crypto:extractDeepLinksForAarDebug UP-TO-DATE
[        ] Caching disabled for task ':flutter_openssl_crypto:extractDeepLinksForAarDebug' because:
[        ]   Build cache is disabled
[        ] Skipping task ':flutter_openssl_crypto:extractDeepLinksForAarDebug' as it is up-to-date.
[        ] Resolve mutations for :flutter_openssl_crypto:mergeDebugGeneratedProguardFiles (Thread[#41281,Execution worker Thread 30,5,main]) started.
[        ] :flutter_openssl_crypto:mergeDebugGeneratedProguardFiles (Thread[#41281,Execution worker Thread 30,5,main]) started.
[        ] > Task :flutter_openssl_crypto:mergeDebugGeneratedProguardFiles UP-TO-DATE
[        ] Caching disabled for task ':flutter_openssl_crypto:mergeDebugGeneratedProguardFiles' because:
[        ]   Build cache is disabled
[        ]   Simple merging task
[        ] Skipping task ':flutter_openssl_crypto:mergeDebugGeneratedProguardFiles' as it is up-to-date.
[        ] Resolve mutations for :flutter_openssl_crypto:mergeDebugConsumerProguardFiles (Thread[#41281,Execution worker Thread 30,5,main]) started.
[        ] :flutter_openssl_crypto:mergeDebugConsumerProguardFiles (Thread[#41281,Execution worker Thread 30,5,main]) started.
[        ] > Task :flutter_openssl_crypto:mergeDebugConsumerProguardFiles UP-TO-DATE
[        ] Caching disabled for task ':flutter_openssl_crypto:mergeDebugConsumerProguardFiles' because:
[        ]   Build cache is disabled
[        ]   Simple merging task
[        ] Skipping task ':flutter_openssl_crypto:mergeDebugConsumerProguardFiles' as it is up-to-date.
[        ] Resolve mutations for :flutter_openssl_crypto:prepareDebugArtProfile (Thread[#41281,Execution worker Thread 30,5,main]) started.
[        ] :flutter_openssl_crypto:prepareDebugArtProfile (Thread[#41281,Execution worker Thread 30,5,main]) started.
[        ] > Task :flutter_openssl_crypto:prepareDebugArtProfile UP-TO-DATE
[        ] Caching disabled for task ':flutter_openssl_crypto:prepareDebugArtProfile' because:
[        ]   Build cache is disabled
[        ]   Caching has been disabled for the task
[        ] Skipping task ':flutter_openssl_crypto:prepareDebugArtProfile' as it is up-to-date.
[        ] Resolve mutations for :flutter_openssl_crypto:prepareLintJarForPublish (Thread[#41281,Execution worker Thread 30,5,main]) started.
[        ] :flutter_openssl_crypto:prepareLintJarForPublish (Thread[#41281,Execution worker Thread 30,5,main]) started.
[        ] > Task :flutter_openssl_crypto:prepareLintJarForPublish UP-TO-DATE
[        ] Caching disabled for task ':flutter_openssl_crypto:prepareLintJarForPublish' because:
[        ]   Build cache is disabled
[        ]   Caching has been disabled for the task
[        ] Skipping task ':flutter_openssl_crypto:prepareLintJarForPublish' as it is up-to-date.
[        ] Resolve mutations for :flutter_openssl_crypto:mergeDebugJavaResource (Thread[#41281,Execution worker Thread 30,5,main]) started.
[        ] :flutter_openssl_crypto:mergeDebugJavaResource (Thread[#41281,Execution worker Thread 30,5,main]) started.
[        ] > Task :flutter_openssl_crypto:mergeDebugJavaResource UP-TO-DATE
[        ] Caching disabled for task ':flutter_openssl_crypto:mergeDebugJavaResource' because:
[        ]   Build cache is disabled
[        ]   Caching has been disabled for the task
[        ] Skipping task ':flutter_openssl_crypto:mergeDebugJavaResource' as it is up-to-date.
[        ] Resolve mutations for :flutter_openssl_crypto:syncDebugLibJars (Thread[#41281,Execution worker Thread 30,5,main]) started.
[        ] :flutter_openssl_crypto:syncDebugLibJars (Thread[#41281,Execution worker Thread 30,5,main]) started.
[        ] > Task :flutter_openssl_crypto:syncDebugLibJars UP-TO-DATE
[        ] Caching disabled for task ':flutter_openssl_crypto:syncDebugLibJars' because:
[        ]   Build cache is disabled
[        ] Skipping task ':flutter_openssl_crypto:syncDebugLibJars' as it is up-to-date.
[        ] Resolve mutations for :flutter_openssl_crypto:bundleDebugAar (Thread[#41281,Execution worker Thread 30,5,main]) started.
[        ] :flutter_openssl_crypto:bundleDebugAar (Thread[#41281,Execution worker Thread 30,5,main]) started.
[        ] > Task :flutter_openssl_crypto:bundleDebugAar UP-TO-DATE
[        ] Caching disabled for task ':flutter_openssl_crypto:bundleDebugAar' because:
[        ]   Build cache is disabled
[        ]   Caching has been disabled for the task
[        ] Skipping task ':flutter_openssl_crypto:bundleDebugAar' as it is up-to-date.
[        ] Resolve mutations for :flutter_openssl_crypto:assembleDebug (Thread[#41281,Execution worker Thread 30,5,main]) started.
[        ] :flutter_openssl_crypto:assembleDebug (Thread[#41281,Execution worker Thread 30,5,main]) started.
[        ] > Task :flutter_openssl_crypto:assembleDebug UP-TO-DATE
[        ] Skipping task ':flutter_openssl_crypto:assembleDebug' as it has no actions.
[        ] Resolve mutations for :integration_test:stripDebugDebugSymbols (Thread[#41281,Execution worker Thread 30,5,main]) started.
[        ] :integration_test:stripDebugDebugSymbols (Thread[#41281,Execution worker Thread 30,5,main]) started.
[        ] > Task :integration_test:stripDebugDebugSymbols NO-SOURCE
[        ] Skipping task ':integration_test:stripDebugDebugSymbols' as it has no source files and no previous output files.
[        ] Resolve mutations for :integration_test:copyDebugJniLibsProjectAndLocalJars (Thread[#41281,Execution worker Thread 30,5,main]) started.
[        ] :integration_test:copyDebugJniLibsProjectAndLocalJars (Thread[#41281,Execution worker Thread 30,5,main]) started.
[        ] > Task :integration_test:copyDebugJniLibsProjectAndLocalJars UP-TO-DATE
[        ] Caching disabled for task ':integration_test:copyDebugJniLibsProjectAndLocalJars' because:
[        ]   Build cache is disabled
[        ]   Caching has been disabled for the task
[        ] Skipping task ':integration_test:copyDebugJniLibsProjectAndLocalJars' as it is up-to-date.
[        ] Resolve mutations for :integration_test:extractDebugAnnotations (Thread[#41281,Execution worker Thread 30,5,main]) started.
[        ] :integration_test:extractDebugAnnotations (Thread[#41281,Execution worker Thread 30,5,main]) started.
[        ] > Task :integration_test:extractDebugAnnotations UP-TO-DATE
[        ] Caching disabled for task ':integration_test:extractDebugAnnotations' because:
[        ]   Build cache is disabled
[        ] Skipping task ':integration_test:extractDebugAnnotations' as it is up-to-date.
[        ] Resolve mutations for :integration_test:extractDeepLinksForAarDebug (Thread[#41281,Execution worker Thread 30,5,main]) started.
[        ] :integration_test:extractDeepLinksForAarDebug (Thread[#41281,Execution worker Thread 30,5,main]) started.
[        ] > Task :integration_test:extractDeepLinksForAarDebug UP-TO-DATE
[        ] Caching disabled for task ':integration_test:extractDeepLinksForAarDebug' because:
[        ]   Build cache is disabled
[        ] Skipping task ':integration_test:extractDeepLinksForAarDebug' as it is up-to-date.
[        ] Resolve mutations for :integration_test:mergeDebugGeneratedProguardFiles (Thread[#41281,Execution worker Thread 30,5,main]) started.
[        ] :integration_test:mergeDebugGeneratedProguardFiles (Thread[#41281,Execution worker Thread 30,5,main]) started.
[        ] > Task :integration_test:mergeDebugGeneratedProguardFiles UP-TO-DATE
[        ] Caching disabled for task ':integration_test:mergeDebugGeneratedProguardFiles' because:
[        ]   Build cache is disabled
[        ]   Simple merging task
[        ] Skipping task ':integration_test:mergeDebugGeneratedProguardFiles' as it is up-to-date.
[        ] Resolve mutations for :integration_test:mergeDebugConsumerProguardFiles (Thread[#41281,Execution worker Thread 30,5,main]) started.
[        ] :integration_test:mergeDebugConsumerProguardFiles (Thread[#41281,Execution worker Thread 30,5,main]) started.
[        ] > Task :integration_test:mergeDebugConsumerProguardFiles UP-TO-DATE
[        ] Caching disabled for task ':integration_test:mergeDebugConsumerProguardFiles' because:
[        ]   Build cache is disabled
[        ]   Simple merging task
[        ] Skipping task ':integration_test:mergeDebugConsumerProguardFiles' as it is up-to-date.
[        ] Resolve mutations for :integration_test:prepareDebugArtProfile (Thread[#41281,Execution worker Thread 30,5,main]) started.
[        ] :integration_test:prepareDebugArtProfile (Thread[#41281,Execution worker Thread 30,5,main]) started.
[        ] > Task :integration_test:prepareDebugArtProfile UP-TO-DATE
[        ] Caching disabled for task ':integration_test:prepareDebugArtProfile' because:
[        ]   Build cache is disabled
[        ]   Caching has been disabled for the task
[        ] Skipping task ':integration_test:prepareDebugArtProfile' as it is up-to-date.
[        ] Resolve mutations for :integration_test:prepareLintJarForPublish (Thread[#41281,Execution worker Thread 30,5,main]) started.
[        ] :integration_test:prepareLintJarForPublish (Thread[#41281,Execution worker Thread 30,5,main]) started.
[        ] > Task :integration_test:prepareLintJarForPublish UP-TO-DATE
[        ] Caching disabled for task ':integration_test:prepareLintJarForPublish' because:
[        ]   Build cache is disabled
[        ]   Caching has been disabled for the task
[        ] Skipping task ':integration_test:prepareLintJarForPublish' as it is up-to-date.
[        ] Resolve mutations for :integration_test:mergeDebugJavaResource (Thread[#41281,Execution worker Thread 30,5,main]) started.
[        ] :integration_test:mergeDebugJavaResource (Thread[#41281,Execution worker Thread 30,5,main]) started.
[        ] > Task :integration_test:mergeDebugJavaResource UP-TO-DATE
[        ] Caching disabled for task ':integration_test:mergeDebugJavaResource' because:
[        ]   Build cache is disabled
[        ]   Caching has been disabled for the task
[        ] Skipping task ':integration_test:mergeDebugJavaResource' as it is up-to-date.
[        ] Resolve mutations for :integration_test:syncDebugLibJars (Thread[#41281,Execution worker Thread 30,5,main]) started.
[        ] :integration_test:syncDebugLibJars (Thread[#41281,Execution worker Thread 30,5,main]) started.
[        ] > Task :integration_test:syncDebugLibJars UP-TO-DATE
[        ] Caching disabled for task ':integration_test:syncDebugLibJars' because:
[        ]   Build cache is disabled
[        ] Skipping task ':integration_test:syncDebugLibJars' as it is up-to-date.
[        ] Resolve mutations for :integration_test:bundleDebugAar (Thread[#41281,Execution worker Thread 30,5,main]) started.
[        ] :integration_test:bundleDebugAar (Thread[#41281,Execution worker Thread 30,5,main]) started.
[        ] > Task :integration_test:bundleDebugAar UP-TO-DATE
[        ] Caching disabled for task ':integration_test:bundleDebugAar' because:
[        ]   Build cache is disabled
[        ]   Caching has been disabled for the task
[        ] Skipping task ':integration_test:bundleDebugAar' as it is up-to-date.
[        ] Resolve mutations for :integration_test:assembleDebug (Thread[#41281,Execution worker Thread 30,5,main]) started.
[        ] :integration_test:assembleDebug (Thread[#41281,Execution worker Thread 30,5,main]) started.
[        ] > Task :integration_test:assembleDebug UP-TO-DATE
[        ] Skipping task ':integration_test:assembleDebug' as it has no actions.
[        ] Resolve mutations for :path_provider_android:stripDebugDebugSymbols (Thread[#41281,Execution worker Thread 30,5,main]) started.
[        ] :path_provider_android:stripDebugDebugSymbols (Thread[#41281,Execution worker Thread 30,5,main]) started.
[        ] > Task :path_provider_android:stripDebugDebugSymbols NO-SOURCE
[        ] Skipping task ':path_provider_android:stripDebugDebugSymbols' as it has no source files and no previous output files.
[        ] Resolve mutations for :path_provider_android:copyDebugJniLibsProjectAndLocalJars (Thread[#41281,Execution worker Thread 30,5,main]) started.
[        ] :path_provider_android:copyDebugJniLibsProjectAndLocalJars (Thread[#41281,Execution worker Thread 30,5,main]) started.
[        ] > Task :path_provider_android:copyDebugJniLibsProjectAndLocalJars UP-TO-DATE
[        ] Caching disabled for task ':path_provider_android:copyDebugJniLibsProjectAndLocalJars' because:
[        ]   Build cache is disabled
[        ]   Caching has been disabled for the task
[        ] Skipping task ':path_provider_android:copyDebugJniLibsProjectAndLocalJars' as it is up-to-date.
[        ] Resolve mutations for :path_provider_android:extractDebugAnnotations (Thread[#41281,Execution worker Thread 30,5,main]) started.
[        ] :path_provider_android:extractDebugAnnotations (Thread[#41281,Execution worker Thread 30,5,main]) started.
[        ] > Task :path_provider_android:extractDebugAnnotations UP-TO-DATE
[        ] Caching disabled for task ':path_provider_android:extractDebugAnnotations' because:
[        ]   Build cache is disabled
[        ] Skipping task ':path_provider_android:extractDebugAnnotations' as it is up-to-date.
[        ] Resolve mutations for :path_provider_android:extractDeepLinksForAarDebug (Thread[#41281,Execution worker Thread 30,5,main]) started.
[        ] :path_provider_android:extractDeepLinksForAarDebug (Thread[#41281,Execution worker Thread 30,5,main]) started.
[        ] > Task :path_provider_android:extractDeepLinksForAarDebug UP-TO-DATE
[        ] Caching disabled for task ':path_provider_android:extractDeepLinksForAarDebug' because:
[        ]   Build cache is disabled
[        ] Skipping task ':path_provider_android:extractDeepLinksForAarDebug' as it is up-to-date.
[        ] Resolve mutations for :path_provider_android:mergeDebugGeneratedProguardFiles (Thread[#41281,Execution worker Thread 30,5,main]) started.
[        ] :path_provider_android:mergeDebugGeneratedProguardFiles (Thread[#41281,Execution worker Thread 30,5,main]) started.
[        ] > Task :path_provider_android:mergeDebugGeneratedProguardFiles UP-TO-DATE
[        ] Caching disabled for task ':path_provider_android:mergeDebugGeneratedProguardFiles' because:
[        ]   Build cache is disabled
[        ]   Simple merging task
[        ] Skipping task ':path_provider_android:mergeDebugGeneratedProguardFiles' as it is up-to-date.
[        ] Resolve mutations for :path_provider_android:mergeDebugConsumerProguardFiles (Thread[#41281,Execution worker Thread 30,5,main]) started.
[        ] :path_provider_android:mergeDebugConsumerProguardFiles (Thread[#41281,Execution worker Thread 30,5,main]) started.
[        ] > Task :path_provider_android:mergeDebugConsumerProguardFiles UP-TO-DATE
[        ] Caching disabled for task ':path_provider_android:mergeDebugConsumerProguardFiles' because:
[        ]   Build cache is disabled
[        ]   Simple merging task
[        ] Skipping task ':path_provider_android:mergeDebugConsumerProguardFiles' as it is up-to-date.
[        ] Resolve mutations for :path_provider_android:prepareDebugArtProfile (Thread[#41281,Execution worker Thread 30,5,main]) started.
[        ] :path_provider_android:prepareDebugArtProfile (Thread[#41281,Execution worker Thread 30,5,main]) started.
[        ] > Task :path_provider_android:prepareDebugArtProfile UP-TO-DATE
[        ] Caching disabled for task ':path_provider_android:prepareDebugArtProfile' because:
[        ]   Build cache is disabled
[        ]   Caching has been disabled for the task
[        ] Skipping task ':path_provider_android:prepareDebugArtProfile' as it is up-to-date.
[        ] Resolve mutations for :path_provider_android:prepareLintJarForPublish (Thread[#41281,Execution worker Thread 30,5,main]) started.
[        ] :path_provider_android:prepareLintJarForPublish (Thread[#41281,Execution worker Thread 30,5,main]) started.
[        ] > Task :path_provider_android:prepareLintJarForPublish UP-TO-DATE
[        ] Caching disabled for task ':path_provider_android:prepareLintJarForPublish' because:
[        ]   Build cache is disabled
[        ]   Caching has been disabled for the task
[        ] Skipping task ':path_provider_android:prepareLintJarForPublish' as it is up-to-date.
[        ] Resolve mutations for :path_provider_android:mergeDebugJavaResource (Thread[#41281,Execution worker Thread 30,5,main]) started.
[        ] :path_provider_android:mergeDebugJavaResource (Thread[#41281,Execution worker Thread 30,5,main]) started.
[        ] > Task :path_provider_android:mergeDebugJavaResource UP-TO-DATE
[        ] Caching disabled for task ':path_provider_android:mergeDebugJavaResource' because:
[        ]   Build cache is disabled
[        ]   Caching has been disabled for the task
[        ] Skipping task ':path_provider_android:mergeDebugJavaResource' as it is up-to-date.
[        ] Resolve mutations for :path_provider_android:syncDebugLibJars (Thread[#41281,Execution worker Thread 30,5,main]) started.
[        ] :path_provider_android:syncDebugLibJars (Thread[#41281,Execution worker Thread 30,5,main]) started.
[        ] > Task :path_provider_android:syncDebugLibJars UP-TO-DATE
[        ] Caching disabled for task ':path_provider_android:syncDebugLibJars' because:
[        ]   Build cache is disabled
[        ] Skipping task ':path_provider_android:syncDebugLibJars' as it is up-to-date.
[        ] Resolve mutations for :path_provider_android:bundleDebugAar (Thread[#41281,Execution worker Thread 30,5,main]) started.
[        ] :path_provider_android:bundleDebugAar (Thread[#41281,Execution worker Thread 30,5,main]) started.
[        ] > Task :path_provider_android:bundleDebugAar UP-TO-DATE
[        ] Caching disabled for task ':path_provider_android:bundleDebugAar' because:
[        ]   Build cache is disabled
[        ]   Caching has been disabled for the task
[        ] Skipping task ':path_provider_android:bundleDebugAar' as it is up-to-date.
[        ] Resolve mutations for :path_provider_android:assembleDebug (Thread[#41281,Execution worker Thread 30,5,main]) started.
[        ] :path_provider_android:assembleDebug (Thread[#41281,Execution worker Thread 30,5,main]) started.
[        ] > Task :path_provider_android:assembleDebug UP-TO-DATE
[        ] Skipping task ':path_provider_android:assembleDebug' as it has no actions.
[        ] Resolve mutations for :quill_native_bridge_android:stripDebugDebugSymbols (Thread[#41281,Execution worker Thread 30,5,main]) started.
[        ] :quill_native_bridge_android:stripDebugDebugSymbols (Thread[#41281,Execution worker Thread 30,5,main]) started.
[        ] > Task :quill_native_bridge_android:stripDebugDebugSymbols NO-SOURCE
[        ] Skipping task ':quill_native_bridge_android:stripDebugDebugSymbols' as it has no source files and no previous output files.
[        ] Resolve mutations for :quill_native_bridge_android:copyDebugJniLibsProjectAndLocalJars (Thread[#41281,Execution worker Thread 30,5,main]) started.
[        ] :quill_native_bridge_android:copyDebugJniLibsProjectAndLocalJars (Thread[#41281,Execution worker Thread 30,5,main]) started.
[        ] > Task :quill_native_bridge_android:copyDebugJniLibsProjectAndLocalJars UP-TO-DATE
[        ] Caching disabled for task ':quill_native_bridge_android:copyDebugJniLibsProjectAndLocalJars' because:
[        ]   Build cache is disabled
[        ]   Caching has been disabled for the task
[        ] Skipping task ':quill_native_bridge_android:copyDebugJniLibsProjectAndLocalJars' as it is up-to-date.
[        ] Resolve mutations for :quill_native_bridge_android:extractDebugAnnotations (Thread[#41281,Execution worker Thread 30,5,main]) started.
[        ] :quill_native_bridge_android:extractDebugAnnotations (Thread[#41281,Execution worker Thread 30,5,main]) started.
[        ] > Task :quill_native_bridge_android:extractDebugAnnotations UP-TO-DATE
[        ] Caching disabled for task ':quill_native_bridge_android:extractDebugAnnotations' because:
[        ]   Build cache is disabled
[        ] Skipping task ':quill_native_bridge_android:extractDebugAnnotations' as it is up-to-date.
[        ] Resolve mutations for :quill_native_bridge_android:extractDeepLinksForAarDebug (Thread[#41281,Execution worker Thread 30,5,main]) started.
[        ] :quill_native_bridge_android:extractDeepLinksForAarDebug (Thread[#41261,Execution worker Thread 10,5,main]) started.
[        ] > Task :quill_native_bridge_android:extractDeepLinksForAarDebug UP-TO-DATE
[        ] Caching disabled for task ':quill_native_bridge_android:extractDeepLinksForAarDebug' because:
[        ]   Build cache is disabled
[        ] Skipping task ':quill_native_bridge_android:extractDeepLinksForAarDebug' as it is up-to-date.
[        ] Resolve mutations for :quill_native_bridge_android:mergeDebugGeneratedProguardFiles (Thread[#41261,Execution worker Thread 10,5,main]) started.
[        ] :quill_native_bridge_android:mergeDebugGeneratedProguardFiles (Thread[#41261,Execution worker Thread 10,5,main]) started.
[        ] > Task :quill_native_bridge_android:mergeDebugGeneratedProguardFiles UP-TO-DATE
[        ] Caching disabled for task ':quill_native_bridge_android:mergeDebugGeneratedProguardFiles' because:
[        ]   Build cache is disabled
[        ]   Simple merging task
[        ] Skipping task ':quill_native_bridge_android:mergeDebugGeneratedProguardFiles' as it is up-to-date.
[        ] Resolve mutations for :quill_native_bridge_android:mergeDebugConsumerProguardFiles (Thread[#41261,Execution worker Thread 10,5,main]) started.
[        ] :quill_native_bridge_android:mergeDebugConsumerProguardFiles (Thread[#41261,Execution worker Thread 10,5,main]) started.
[        ] > Task :quill_native_bridge_android:mergeDebugConsumerProguardFiles UP-TO-DATE
[        ] Caching disabled for task ':quill_native_bridge_android:mergeDebugConsumerProguardFiles' because:
[        ]   Build cache is disabled
[        ]   Simple merging task
[        ] Skipping task ':quill_native_bridge_android:mergeDebugConsumerProguardFiles' as it is up-to-date.
[        ] Resolve mutations for :quill_native_bridge_android:prepareDebugArtProfile (Thread[#41261,Execution worker Thread 10,5,main]) started.
[        ] :quill_native_bridge_android:prepareDebugArtProfile (Thread[#41261,Execution worker Thread 10,5,main]) started.
[        ] > Task :quill_native_bridge_android:prepareDebugArtProfile UP-TO-DATE
[        ] Caching disabled for task ':quill_native_bridge_android:prepareDebugArtProfile' because:
[        ]   Build cache is disabled
[        ]   Caching has been disabled for the task
[        ] Skipping task ':quill_native_bridge_android:prepareDebugArtProfile' as it is up-to-date.
[        ] Resolve mutations for :quill_native_bridge_android:prepareLintJarForPublish (Thread[#41261,Execution worker Thread 10,5,main]) started.
[        ] :quill_native_bridge_android:prepareLintJarForPublish (Thread[#41261,Execution worker Thread 10,5,main]) started.
[        ] > Task :quill_native_bridge_android:prepareLintJarForPublish UP-TO-DATE
[        ] Caching disabled for task ':quill_native_bridge_android:prepareLintJarForPublish' because:
[        ]   Build cache is disabled
[        ]   Caching has been disabled for the task
[        ] Skipping task ':quill_native_bridge_android:prepareLintJarForPublish' as it is up-to-date.
[        ] Resolve mutations for :quill_native_bridge_android:mergeDebugJavaResource (Thread[#41261,Execution worker Thread 10,5,main]) started.
[        ] :quill_native_bridge_android:mergeDebugJavaResource (Thread[#41261,Execution worker Thread 10,5,main]) started.
[        ] > Task :quill_native_bridge_android:mergeDebugJavaResource UP-TO-DATE
[        ] Caching disabled for task ':quill_native_bridge_android:mergeDebugJavaResource' because:
[        ]   Build cache is disabled
[        ]   Caching has been disabled for the task
[        ] Skipping task ':quill_native_bridge_android:mergeDebugJavaResource' as it is up-to-date.
[        ] Resolve mutations for :quill_native_bridge_android:syncDebugLibJars (Thread[#41261,Execution worker Thread 10,5,main]) started.
[        ] :quill_native_bridge_android:syncDebugLibJars (Thread[#41261,Execution worker Thread 10,5,main]) started.
[        ] > Task :quill_native_bridge_android:syncDebugLibJars UP-TO-DATE
[        ] Caching disabled for task ':quill_native_bridge_android:syncDebugLibJars' because:
[        ]   Build cache is disabled
[        ] Skipping task ':quill_native_bridge_android:syncDebugLibJars' as it is up-to-date.
[        ] Resolve mutations for :quill_native_bridge_android:bundleDebugAar (Thread[#41261,Execution worker Thread 10,5,main]) started.
[        ] :quill_native_bridge_android:bundleDebugAar (Thread[#41261,Execution worker Thread 10,5,main]) started.
[        ] > Task :quill_native_bridge_android:bundleDebugAar UP-TO-DATE
[        ] Caching disabled for task ':quill_native_bridge_android:bundleDebugAar' because:
[        ]   Build cache is disabled
[        ]   Caching has been disabled for the task
[        ] Skipping task ':quill_native_bridge_android:bundleDebugAar' as it is up-to-date.
[        ] Resolve mutations for :quill_native_bridge_android:assembleDebug (Thread[#41261,Execution worker Thread 10,5,main]) started.
[        ] :quill_native_bridge_android:assembleDebug (Thread[#41261,Execution worker Thread 10,5,main]) started.
[        ] > Task :quill_native_bridge_android:assembleDebug UP-TO-DATE
[        ] Skipping task ':quill_native_bridge_android:assembleDebug' as it has no actions.
[        ] Resolve mutations for :shared_preferences_android:stripDebugDebugSymbols (Thread[#41261,Execution worker Thread 10,5,main]) started.
[        ] :shared_preferences_android:stripDebugDebugSymbols (Thread[#41261,Execution worker Thread 10,5,main]) started.
[        ] > Task :shared_preferences_android:stripDebugDebugSymbols NO-SOURCE
[        ] Skipping task ':shared_preferences_android:stripDebugDebugSymbols' as it has no source files and no previous output files.
[        ] Resolve mutations for :shared_preferences_android:copyDebugJniLibsProjectAndLocalJars (Thread[#41261,Execution worker Thread 10,5,main]) started.
[        ] :shared_preferences_android:copyDebugJniLibsProjectAndLocalJars (Thread[#41261,Execution worker Thread 10,5,main]) started.
[        ] > Task :shared_preferences_android:copyDebugJniLibsProjectAndLocalJars UP-TO-DATE
[        ] Caching disabled for task ':shared_preferences_android:copyDebugJniLibsProjectAndLocalJars' because:
[        ]   Build cache is disabled
[        ]   Caching has been disabled for the task
[        ] Skipping task ':shared_preferences_android:copyDebugJniLibsProjectAndLocalJars' as it is up-to-date.
[        ] Resolve mutations for :shared_preferences_android:extractDebugAnnotations (Thread[#41261,Execution worker Thread 10,5,main]) started.
[        ] :shared_preferences_android:extractDebugAnnotations (Thread[#41261,Execution worker Thread 10,5,main]) started.
[        ] > Task :shared_preferences_android:extractDebugAnnotations UP-TO-DATE
[        ] Caching disabled for task ':shared_preferences_android:extractDebugAnnotations' because:
[        ]   Build cache is disabled
[        ] Skipping task ':shared_preferences_android:extractDebugAnnotations' as it is up-to-date.
[        ] Resolve mutations for :shared_preferences_android:extractDeepLinksForAarDebug (Thread[#41261,Execution worker Thread 10,5,main]) started.
[        ] :shared_preferences_android:extractDeepLinksForAarDebug (Thread[#41261,Execution worker Thread 10,5,main]) started.
[        ] > Task :shared_preferences_android:extractDeepLinksForAarDebug UP-TO-DATE
[        ] Caching disabled for task ':shared_preferences_android:extractDeepLinksForAarDebug' because:
[        ]   Build cache is disabled
[        ] Skipping task ':shared_preferences_android:extractDeepLinksForAarDebug' as it is up-to-date.
[        ] Resolve mutations for :shared_preferences_android:mergeDebugGeneratedProguardFiles (Thread[#41261,Execution worker Thread 10,5,main]) started.
[        ] :shared_preferences_android:mergeDebugGeneratedProguardFiles (Thread[#41261,Execution worker Thread 10,5,main]) started.
[        ] > Task :shared_preferences_android:mergeDebugGeneratedProguardFiles UP-TO-DATE
[        ] Caching disabled for task ':shared_preferences_android:mergeDebugGeneratedProguardFiles' because:
[        ]   Build cache is disabled
[        ]   Simple merging task
[        ] Skipping task ':shared_preferences_android:mergeDebugGeneratedProguardFiles' as it is up-to-date.
[        ] Resolve mutations for :shared_preferences_android:mergeDebugConsumerProguardFiles (Thread[#41261,Execution worker Thread 10,5,main]) started.
[        ] :shared_preferences_android:mergeDebugConsumerProguardFiles (Thread[#41261,Execution worker Thread 10,5,main]) started.
[        ] > Task :shared_preferences_android:mergeDebugConsumerProguardFiles UP-TO-DATE
[        ] Caching disabled for task ':shared_preferences_android:mergeDebugConsumerProguardFiles' because:
[        ]   Build cache is disabled
[        ]   Simple merging task
[        ] Skipping task ':shared_preferences_android:mergeDebugConsumerProguardFiles' as it is up-to-date.
[        ] Resolve mutations for :shared_preferences_android:prepareDebugArtProfile (Thread[#41261,Execution worker Thread 10,5,main]) started.
[        ] :shared_preferences_android:prepareDebugArtProfile (Thread[#41261,Execution worker Thread 10,5,main]) started.
[        ] > Task :shared_preferences_android:prepareDebugArtProfile UP-TO-DATE
[        ] Caching disabled for task ':shared_preferences_android:prepareDebugArtProfile' because:
[        ]   Build cache is disabled
[        ]   Caching has been disabled for the task
[        ] Skipping task ':shared_preferences_android:prepareDebugArtProfile' as it is up-to-date.
[        ] Resolve mutations for :shared_preferences_android:prepareLintJarForPublish (Thread[#41261,Execution worker Thread 10,5,main]) started.
[        ] :shared_preferences_android:prepareLintJarForPublish (Thread[#41261,Execution worker Thread 10,5,main]) started.
[        ] > Task :shared_preferences_android:prepareLintJarForPublish UP-TO-DATE
[        ] Caching disabled for task ':shared_preferences_android:prepareLintJarForPublish' because:
[        ]   Build cache is disabled
[        ]   Caching has been disabled for the task
[        ] Skipping task ':shared_preferences_android:prepareLintJarForPublish' as it is up-to-date.
[        ] Resolve mutations for :shared_preferences_android:mergeDebugJavaResource (Thread[#41261,Execution worker Thread 10,5,main]) started.
[        ] :shared_preferences_android:mergeDebugJavaResource (Thread[#41261,Execution worker Thread 10,5,main]) started.
[        ] > Task :shared_preferences_android:mergeDebugJavaResource UP-TO-DATE
[        ] Caching disabled for task ':shared_preferences_android:mergeDebugJavaResource' because:
[        ]   Build cache is disabled
[        ]   Caching has been disabled for the task
[        ] Skipping task ':shared_preferences_android:mergeDebugJavaResource' as it is up-to-date.
[        ] Resolve mutations for :shared_preferences_android:syncDebugLibJars (Thread[#41261,Execution worker Thread 10,5,main]) started.
[        ] :shared_preferences_android:syncDebugLibJars (Thread[#41261,Execution worker Thread 10,5,main]) started.
[        ] > Task :shared_preferences_android:syncDebugLibJars UP-TO-DATE
[        ] Caching disabled for task ':shared_preferences_android:syncDebugLibJars' because:
[        ]   Build cache is disabled
[        ] Skipping task ':shared_preferences_android:syncDebugLibJars' as it is up-to-date.
[        ] Resolve mutations for :shared_preferences_android:bundleDebugAar (Thread[#41261,Execution worker Thread 10,5,main]) started.
[        ] :shared_preferences_android:bundleDebugAar (Thread[#41261,Execution worker Thread 10,5,main]) started.
[        ] > Task :shared_preferences_android:bundleDebugAar UP-TO-DATE
[        ] Caching disabled for task ':shared_preferences_android:bundleDebugAar' because:
[        ]   Build cache is disabled
[        ]   Caching has been disabled for the task
[        ] Skipping task ':shared_preferences_android:bundleDebugAar' as it is up-to-date.
[        ] Resolve mutations for :shared_preferences_android:assembleDebug (Thread[#41261,Execution worker Thread 10,5,main]) started.
[        ] :shared_preferences_android:assembleDebug (Thread[#41261,Execution worker Thread 10,5,main]) started.
[        ] > Task :shared_preferences_android:assembleDebug UP-TO-DATE
[        ] Skipping task ':shared_preferences_android:assembleDebug' as it has no actions.
[        ] Resolve mutations for :sqflite_android:stripDebugDebugSymbols (Thread[#41261,Execution worker Thread 10,5,main]) started.
[        ] :sqflite_android:stripDebugDebugSymbols (Thread[#41261,Execution worker Thread 10,5,main]) started.
[        ] > Task :sqflite_android:stripDebugDebugSymbols NO-SOURCE
[        ] Skipping task ':sqflite_android:stripDebugDebugSymbols' as it has no source files and no previous output files.
[        ] Resolve mutations for :sqflite_android:copyDebugJniLibsProjectAndLocalJars (Thread[#41261,Execution worker Thread 10,5,main]) started.
[        ] :sqflite_android:copyDebugJniLibsProjectAndLocalJars (Thread[#41261,Execution worker Thread 10,5,main]) started.
[        ] > Task :sqflite_android:copyDebugJniLibsProjectAndLocalJars UP-TO-DATE
[        ] Caching disabled for task ':sqflite_android:copyDebugJniLibsProjectAndLocalJars' because:
[        ]   Build cache is disabled
[        ]   Caching has been disabled for the task
[        ] Skipping task ':sqflite_android:copyDebugJniLibsProjectAndLocalJars' as it is up-to-date.
[        ] Resolve mutations for :sqflite_android:extractDebugAnnotations (Thread[#41261,Execution worker Thread 10,5,main]) started.
[        ] :sqflite_android:extractDebugAnnotations (Thread[#41261,Execution worker Thread 10,5,main]) started.
[        ] > Task :sqflite_android:extractDebugAnnotations UP-TO-DATE
[        ] Caching disabled for task ':sqflite_android:extractDebugAnnotations' because:
[        ]   Build cache is disabled
[        ] Skipping task ':sqflite_android:extractDebugAnnotations' as it is up-to-date.
[        ] Resolve mutations for :sqflite_android:extractDeepLinksForAarDebug (Thread[#41261,Execution worker Thread 10,5,main]) started.
[        ] :sqflite_android:extractDeepLinksForAarDebug (Thread[#41261,Execution worker Thread 10,5,main]) started.
[        ] > Task :sqflite_android:extractDeepLinksForAarDebug UP-TO-DATE
[        ] Caching disabled for task ':sqflite_android:extractDeepLinksForAarDebug' because:
[        ]   Build cache is disabled
[        ] Skipping task ':sqflite_android:extractDeepLinksForAarDebug' as it is up-to-date.
[        ] Resolve mutations for :sqflite_android:mergeDebugGeneratedProguardFiles (Thread[#41261,Execution worker Thread 10,5,main]) started.
[        ] :sqflite_android:mergeDebugGeneratedProguardFiles (Thread[#41261,Execution worker Thread 10,5,main]) started.
[        ] > Task :sqflite_android:mergeDebugGeneratedProguardFiles UP-TO-DATE
[        ] Caching disabled for task ':sqflite_android:mergeDebugGeneratedProguardFiles' because:
[        ]   Build cache is disabled
[        ]   Simple merging task
[        ] Skipping task ':sqflite_android:mergeDebugGeneratedProguardFiles' as it is up-to-date.
[        ] Resolve mutations for :sqflite_android:mergeDebugConsumerProguardFiles (Thread[#41261,Execution worker Thread 10,5,main]) started.
[        ] :sqflite_android:mergeDebugConsumerProguardFiles (Thread[#41261,Execution worker Thread 10,5,main]) started.
[        ] > Task :sqflite_android:mergeDebugConsumerProguardFiles UP-TO-DATE
[        ] Caching disabled for task ':sqflite_android:mergeDebugConsumerProguardFiles' because:
[        ]   Build cache is disabled
[        ]   Simple merging task
[        ] Skipping task ':sqflite_android:mergeDebugConsumerProguardFiles' as it is up-to-date.
[        ] Resolve mutations for :sqflite_android:prepareDebugArtProfile (Thread[#41261,Execution worker Thread 10,5,main]) started.
[        ] :sqflite_android:prepareDebugArtProfile (Thread[#41261,Execution worker Thread 10,5,main]) started.
[        ] > Task :sqflite_android:prepareDebugArtProfile UP-TO-DATE
[        ] Caching disabled for task ':sqflite_android:prepareDebugArtProfile' because:
[        ]   Build cache is disabled
[        ]   Caching has been disabled for the task
[        ] Skipping task ':sqflite_android:prepareDebugArtProfile' as it is up-to-date.
[        ] Resolve mutations for :sqflite_android:prepareLintJarForPublish (Thread[#41261,Execution worker Thread 10,5,main]) started.
[        ] :sqflite_android:prepareLintJarForPublish (Thread[#41261,Execution worker Thread 10,5,main]) started.
[        ] > Task :sqflite_android:prepareLintJarForPublish UP-TO-DATE
[        ] Caching disabled for task ':sqflite_android:prepareLintJarForPublish' because:
[        ]   Build cache is disabled
[        ]   Caching has been disabled for the task
[        ] Skipping task ':sqflite_android:prepareLintJarForPublish' as it is up-to-date.
[        ] Resolve mutations for :sqflite_android:mergeDebugJavaResource (Thread[#41261,Execution worker Thread 10,5,main]) started.
[        ] :sqflite_android:mergeDebugJavaResource (Thread[#41261,Execution worker Thread 10,5,main]) started.
[        ] > Task :sqflite_android:mergeDebugJavaResource UP-TO-DATE
[        ] Caching disabled for task ':sqflite_android:mergeDebugJavaResource' because:
[        ]   Build cache is disabled
[        ]   Caching has been disabled for the task
[        ] Skipping task ':sqflite_android:mergeDebugJavaResource' as it is up-to-date.
[        ] Resolve mutations for :sqflite_android:syncDebugLibJars (Thread[#41261,Execution worker Thread 10,5,main]) started.
[        ] :sqflite_android:syncDebugLibJars (Thread[#41261,Execution worker Thread 10,5,main]) started.
[        ] > Task :sqflite_android:syncDebugLibJars UP-TO-DATE
[        ] Caching disabled for task ':sqflite_android:syncDebugLibJars' because:
[        ]   Build cache is disabled
[        ] Skipping task ':sqflite_android:syncDebugLibJars' as it is up-to-date.
[        ] Resolve mutations for :sqflite_android:bundleDebugAar (Thread[#41261,Execution worker Thread 10,5,main]) started.
[        ] :sqflite_android:bundleDebugAar (Thread[#41261,Execution worker Thread 10,5,main]) started.
[        ] > Task :sqflite_android:bundleDebugAar UP-TO-DATE
[        ] Caching disabled for task ':sqflite_android:bundleDebugAar' because:
[        ]   Build cache is disabled
[        ]   Caching has been disabled for the task
[        ] Skipping task ':sqflite_android:bundleDebugAar' as it is up-to-date.
[        ] Resolve mutations for :sqflite_android:assembleDebug (Thread[#41261,Execution worker Thread 10,5,main]) started.
[        ] :sqflite_android:assembleDebug (Thread[#41261,Execution worker Thread 10,5,main]) started.
[        ] > Task :sqflite_android:assembleDebug UP-TO-DATE
[        ] Skipping task ':sqflite_android:assembleDebug' as it has no actions.
[        ] Resolve mutations for :url_launcher_android:stripDebugDebugSymbols (Thread[#41261,Execution worker Thread 10,5,main]) started.
[        ] :url_launcher_android:stripDebugDebugSymbols (Thread[#41261,Execution worker Thread 10,5,main]) started.
[        ] > Task :url_launcher_android:stripDebugDebugSymbols NO-SOURCE
[        ] Skipping task ':url_launcher_android:stripDebugDebugSymbols' as it has no source files and no previous output files.
[        ] Resolve mutations for :url_launcher_android:copyDebugJniLibsProjectAndLocalJars (Thread[#41261,Execution worker Thread 10,5,main]) started.
[        ] :url_launcher_android:copyDebugJniLibsProjectAndLocalJars (Thread[#41261,Execution worker Thread 10,5,main]) started.
[        ] > Task :url_launcher_android:copyDebugJniLibsProjectAndLocalJars UP-TO-DATE
[        ] Caching disabled for task ':url_launcher_android:copyDebugJniLibsProjectAndLocalJars' because:
[        ]   Build cache is disabled
[        ]   Caching has been disabled for the task
[        ] Skipping task ':url_launcher_android:copyDebugJniLibsProjectAndLocalJars' as it is up-to-date.
[        ] Resolve mutations for :url_launcher_android:extractDebugAnnotations (Thread[#41261,Execution worker Thread 10,5,main]) started.
[        ] :url_launcher_android:extractDebugAnnotations (Thread[#41261,Execution worker Thread 10,5,main]) started.
[        ] > Task :url_launcher_android:extractDebugAnnotations UP-TO-DATE
[        ] Caching disabled for task ':url_launcher_android:extractDebugAnnotations' because:
[        ]   Build cache is disabled
[        ] Skipping task ':url_launcher_android:extractDebugAnnotations' as it is up-to-date.
[        ] Resolve mutations for :url_launcher_android:extractDeepLinksForAarDebug (Thread[#41261,Execution worker Thread 10,5,main]) started.
[        ] :url_launcher_android:extractDeepLinksForAarDebug (Thread[#41261,Execution worker Thread 10,5,main]) started.
[        ] > Task :url_launcher_android:extractDeepLinksForAarDebug UP-TO-DATE
[        ] Caching disabled for task ':url_launcher_android:extractDeepLinksForAarDebug' because:
[        ]   Build cache is disabled
[        ] Skipping task ':url_launcher_android:extractDeepLinksForAarDebug' as it is up-to-date.
[        ] Resolve mutations for :url_launcher_android:mergeDebugGeneratedProguardFiles (Thread[#41261,Execution worker Thread 10,5,main]) started.
[        ] :url_launcher_android:mergeDebugGeneratedProguardFiles (Thread[#41261,Execution worker Thread 10,5,main]) started.
[        ] > Task :url_launcher_android:mergeDebugGeneratedProguardFiles UP-TO-DATE
[        ] Caching disabled for task ':url_launcher_android:mergeDebugGeneratedProguardFiles' because:
[        ]   Build cache is disabled
[        ]   Simple merging task
[        ] Skipping task ':url_launcher_android:mergeDebugGeneratedProguardFiles' as it is up-to-date.
[        ] Resolve mutations for :url_launcher_android:mergeDebugConsumerProguardFiles (Thread[#41261,Execution worker Thread 10,5,main]) started.
[        ] :url_launcher_android:mergeDebugConsumerProguardFiles (Thread[#41261,Execution worker Thread 10,5,main]) started.
[        ] > Task :url_launcher_android:mergeDebugConsumerProguardFiles UP-TO-DATE
[        ] Caching disabled for task ':url_launcher_android:mergeDebugConsumerProguardFiles' because:
[        ]   Build cache is disabled
[        ]   Simple merging task
[        ] Skipping task ':url_launcher_android:mergeDebugConsumerProguardFiles' as it is up-to-date.
[        ] Resolve mutations for :url_launcher_android:prepareDebugArtProfile (Thread[#41261,Execution worker Thread 10,5,main]) started.
[        ] :url_launcher_android:prepareDebugArtProfile (Thread[#41261,Execution worker Thread 10,5,main]) started.
[        ] > Task :url_launcher_android:prepareDebugArtProfile UP-TO-DATE
[        ] Caching disabled for task ':url_launcher_android:prepareDebugArtProfile' because:
[        ]   Build cache is disabled
[        ]   Caching has been disabled for the task
[        ] Skipping task ':url_launcher_android:prepareDebugArtProfile' as it is up-to-date.
[        ] Resolve mutations for :url_launcher_android:prepareLintJarForPublish (Thread[#41261,Execution worker Thread 10,5,main]) started.
[        ] :url_launcher_android:prepareLintJarForPublish (Thread[#41261,Execution worker Thread 10,5,main]) started.
[        ] > Task :url_launcher_android:prepareLintJarForPublish UP-TO-DATE
[        ] Caching disabled for task ':url_launcher_android:prepareLintJarForPublish' because:
[        ]   Build cache is disabled
[        ]   Caching has been disabled for the task
[        ] Skipping task ':url_launcher_android:prepareLintJarForPublish' as it is up-to-date.
[        ] Resolve mutations for :url_launcher_android:mergeDebugJavaResource (Thread[#41261,Execution worker Thread 10,5,main]) started.
[        ] :url_launcher_android:mergeDebugJavaResource (Thread[#41261,Execution worker Thread 10,5,main]) started.
[        ] > Task :url_launcher_android:mergeDebugJavaResource UP-TO-DATE
[        ] Caching disabled for task ':url_launcher_android:mergeDebugJavaResource' because:
[        ]   Build cache is disabled
[        ]   Caching has been disabled for the task
[        ] Skipping task ':url_launcher_android:mergeDebugJavaResource' as it is up-to-date.
[        ] Resolve mutations for :url_launcher_android:syncDebugLibJars (Thread[#41261,Execution worker Thread 10,5,main]) started.
[        ] :url_launcher_android:syncDebugLibJars (Thread[#41261,Execution worker Thread 10,5,main]) started.
[        ] > Task :url_launcher_android:syncDebugLibJars UP-TO-DATE
[        ] Caching disabled for task ':url_launcher_android:syncDebugLibJars' because:
[        ]   Build cache is disabled
[        ] Skipping task ':url_launcher_android:syncDebugLibJars' as it is up-to-date.
[        ] Resolve mutations for :url_launcher_android:bundleDebugAar (Thread[#41261,Execution worker Thread 10,5,main]) started.
[        ] :url_launcher_android:bundleDebugAar (Thread[#41261,Execution worker Thread 10,5,main]) started.
[        ] > Task :url_launcher_android:bundleDebugAar UP-TO-DATE
[        ] Caching disabled for task ':url_launcher_android:bundleDebugAar' because:
[        ]   Build cache is disabled
[        ]   Caching has been disabled for the task
[        ] Skipping task ':url_launcher_android:bundleDebugAar' as it is up-to-date.
[        ] Resolve mutations for :url_launcher_android:assembleDebug (Thread[#41261,Execution worker Thread 10,5,main]) started.
[        ] :url_launcher_android:assembleDebug (Thread[#41261,Execution worker Thread 10,5,main]) started.
[        ] > Task :url_launcher_android:assembleDebug UP-TO-DATE
[        ] Skipping task ':url_launcher_android:assembleDebug' as it has no actions.
[        ] Resolve mutations for :video_player_android:stripDebugDebugSymbols (Thread[#41261,Execution worker Thread 10,5,main]) started.
[  +73 ms] :video_player_android:stripDebugDebugSymbols (Thread[#41261,Execution worker Thread 10,5,main]) started.
[        ] > Task :video_player_android:stripDebugDebugSymbols NO-SOURCE
[        ] Skipping task ':video_player_android:stripDebugDebugSymbols' as it has no source files and no previous output files.
[        ] Resolve mutations for :video_player_android:copyDebugJniLibsProjectAndLocalJars (Thread[#41261,Execution worker Thread 10,5,main]) started.
[        ] :video_player_android:copyDebugJniLibsProjectAndLocalJars (Thread[#41261,Execution worker Thread 10,5,main]) started.
[        ] > Task :video_player_android:copyDebugJniLibsProjectAndLocalJars UP-TO-DATE
[        ] Caching disabled for task ':video_player_android:copyDebugJniLibsProjectAndLocalJars' because:
[        ]   Build cache is disabled
[        ]   Caching has been disabled for the task
[        ] Skipping task ':video_player_android:copyDebugJniLibsProjectAndLocalJars' as it is up-to-date.
[        ] Resolve mutations for :video_player_android:extractDebugAnnotations (Thread[#41261,Execution worker Thread 10,5,main]) started.
[        ] :video_player_android:extractDebugAnnotations (Thread[#41261,Execution worker Thread 10,5,main]) started.
[        ] > Task :video_player_android:extractDebugAnnotations UP-TO-DATE
[        ] Caching disabled for task ':video_player_android:extractDebugAnnotations' because:
[        ]   Build cache is disabled
[        ] Skipping task ':video_player_android:extractDebugAnnotations' as it is up-to-date.
[        ] Resolve mutations for :video_player_android:extractDeepLinksForAarDebug (Thread[#41261,Execution worker Thread 10,5,main]) started.
[        ] :video_player_android:extractDeepLinksForAarDebug (Thread[#41261,Execution worker Thread 10,5,main]) started.
[        ] > Task :video_player_android:extractDeepLinksForAarDebug UP-TO-DATE
[        ] Caching disabled for task ':video_player_android:extractDeepLinksForAarDebug' because:
[        ]   Build cache is disabled
[        ] Skipping task ':video_player_android:extractDeepLinksForAarDebug' as it is up-to-date.
[        ] Resolve mutations for :video_player_android:mergeDebugGeneratedProguardFiles (Thread[#41261,Execution worker Thread 10,5,main]) started.
[        ] :video_player_android:mergeDebugGeneratedProguardFiles (Thread[#41261,Execution worker Thread 10,5,main]) started.
[        ] > Task :video_player_android:mergeDebugGeneratedProguardFiles UP-TO-DATE
[        ] Caching disabled for task ':video_player_android:mergeDebugGeneratedProguardFiles' because:
[        ]   Build cache is disabled
[        ]   Simple merging task
[        ] Skipping task ':video_player_android:mergeDebugGeneratedProguardFiles' as it is up-to-date.
[        ] Resolve mutations for :video_player_android:mergeDebugConsumerProguardFiles (Thread[#41261,Execution worker Thread 10,5,main]) started.
[        ] :video_player_android:mergeDebugConsumerProguardFiles (Thread[#41261,Execution worker Thread 10,5,main]) started.
[        ] > Task :video_player_android:mergeDebugConsumerProguardFiles UP-TO-DATE
[        ] Caching disabled for task ':video_player_android:mergeDebugConsumerProguardFiles' because:
[        ]   Build cache is disabled
[        ]   Simple merging task
[        ] Skipping task ':video_player_android:mergeDebugConsumerProguardFiles' as it is up-to-date.
[        ] Resolve mutations for :video_player_android:prepareDebugArtProfile (Thread[#41261,Execution worker Thread 10,5,main]) started.
[        ] :video_player_android:prepareDebugArtProfile (Thread[#41261,Execution worker Thread 10,5,main]) started.
[        ] > Task :video_player_android:prepareDebugArtProfile UP-TO-DATE
[        ] Caching disabled for task ':video_player_android:prepareDebugArtProfile' because:
[        ]   Build cache is disabled
[        ]   Caching has been disabled for the task
[        ] Skipping task ':video_player_android:prepareDebugArtProfile' as it is up-to-date.
[        ] Resolve mutations for :video_player_android:prepareLintJarForPublish (Thread[#41261,Execution worker Thread 10,5,main]) started.
[        ] :video_player_android:prepareLintJarForPublish (Thread[#41261,Execution worker Thread 10,5,main]) started.
[        ] > Task :video_player_android:prepareLintJarForPublish UP-TO-DATE
[        ] Caching disabled for task ':video_player_android:prepareLintJarForPublish' because:
[        ]   Build cache is disabled
[        ]   Caching has been disabled for the task
[        ] Skipping task ':video_player_android:prepareLintJarForPublish' as it is up-to-date.
[        ] Resolve mutations for :video_player_android:mergeDebugJavaResource (Thread[#41261,Execution worker Thread 10,5,main]) started.
[        ] :video_player_android:mergeDebugJavaResource (Thread[#41261,Execution worker Thread 10,5,main]) started.
[        ] > Task :video_player_android:mergeDebugJavaResource UP-TO-DATE
[        ] Caching disabled for task ':video_player_android:mergeDebugJavaResource' because:
[        ]   Build cache is disabled
[        ]   Caching has been disabled for the task
[        ] Skipping task ':video_player_android:mergeDebugJavaResource' as it is up-to-date.
[        ] Resolve mutations for :video_player_android:syncDebugLibJars (Thread[#41261,Execution worker Thread 10,5,main]) started.
[        ] :video_player_android:syncDebugLibJars (Thread[#41261,Execution worker Thread 10,5,main]) started.
[        ] > Task :video_player_android:syncDebugLibJars UP-TO-DATE
[        ] Caching disabled for task ':video_player_android:syncDebugLibJars' because:
[        ]   Build cache is disabled
[        ] Skipping task ':video_player_android:syncDebugLibJars' as it is up-to-date.
[        ] Resolve mutations for :video_player_android:bundleDebugAar (Thread[#41261,Execution worker Thread 10,5,main]) started.
[        ] :video_player_android:bundleDebugAar (Thread[#41261,Execution worker Thread 10,5,main]) started.
[        ] > Task :video_player_android:bundleDebugAar UP-TO-DATE
[        ] Caching disabled for task ':video_player_android:bundleDebugAar' because:
[        ]   Build cache is disabled
[        ]   Caching has been disabled for the task
[        ] Skipping task ':video_player_android:bundleDebugAar' as it is up-to-date.
[        ] Resolve mutations for :video_player_android:assembleDebug (Thread[#41261,Execution worker Thread 10,5,main]) started.
[        ] :video_player_android:assembleDebug (Thread[#41261,Execution worker Thread 10,5,main]) started.
[        ] > Task :video_player_android:assembleDebug UP-TO-DATE
[        ] Skipping task ':video_player_android:assembleDebug' as it has no actions.
[ +501 ms] > Task :app:compressDebugAssets
[        ] Caching disabled for task ':app:compressDebugAssets' because:
[        ]   Build cache is disabled
[        ] Task ':app:compressDebugAssets' is not up-to-date because:
[        ]   Input property 'inputDirs' file /Users/florian/Code/substitution/build/app/intermediates/assets/debug/mergeDebugAssets/flutter_assets/kernel_blob.bin has changed.
[        ] Resolve mutations for :app:packageDebug (Thread[#41250,included builds,5,main]) started.
[        ] :app:packageDebug (Thread[#41250,included builds,5,main]) started.
09:05 +9 -17: loading /Users/florian/Code/substitution/integration_test/multi_user_correspondence_test.dart                                                                                            [ +299 ms] > Task :app:packageDebug
[        ] Custom actions are attached to task ':app:packageDebug'.
[        ] Caching disabled for task ':app:packageDebug' because:
[        ]   Build cache is disabled
[        ]   Caching has been disabled for the task
[        ] Task ':app:packageDebug' is not up-to-date because:
[        ]   Input property 'assets' file /Users/florian/Code/substitution/build/app/intermediates/compressed_assets/debug/compressDebugAssets/out/assets/flutter_assets/kernel_blob.bin.jar has changed.
[        ] Resolve mutations for :app:createDebugApkListingFileRedirect (Thread[#41250,included builds,5,main]) started.
[        ] :app:createDebugApkListingFileRedirect (Thread[#41250,included builds,5,main]) started.
[        ] > Task :app:createDebugApkListingFileRedirect UP-TO-DATE
[        ] Caching disabled for task ':app:createDebugApkListingFileRedirect' because:
[        ]   Build cache is disabled
[        ]   Caching has been disabled for the task
[        ] Skipping task ':app:createDebugApkListingFileRedirect' as it is up-to-date.
[        ] Resolve mutations for :app:assembleDebug (Thread[#41250,included builds,5,main]) started.
[        ] :app:assembleDebug (Thread[#41250,included builds,5,main]) started.
[ +104 ms] > Task :app:assembleDebug
[        ] Caching disabled for task ':app:assembleDebug' because:
[        ]   Build cache is disabled
[        ] Task ':app:assembleDebug' is not up-to-date because:
[        ]   Task has not declared any outputs despite executing actions.
[        ] [Incubating] Problems report is available at: file:///Users/florian/Code/substitution/build/reports/problems/problems-report.html
[        ] Deprecated Gradle features were used in this build, making it incompatible with Gradle 9.0.
[        ] You can use '--warning-mode all' to show the individual deprecation warnings and determine if they come from your own scripts or plugins.
[        ] For more on this, please refer to https://docs.gradle.org/8.12.1/userguide/command_line_interface.html#sec:command_line_warnings in the Gradle documentation.
[        ] BUILD SUCCESSFUL in 12s
[        ] 458 actionable tasks: 29 executed, 429 up-to-date
[        ] Watched directory hierarchies: [/opt/homebrew/share/flutter/packages/flutter_tools/gradle, /Users/florian/Code/substitution/android]
[  +35 ms] Running Gradle task 'assembleDebug'... (completed in 12,6s)
[   +6 ms] Calculate SHA1: LocalDirectory: '/Users/florian/Code/substitution/build/app/outputs/flutter-apk'/app-debug.apk
[+1053 ms] ✓ Built build/app/outputs/flutter-apk/app-debug.apk
[   +1 ms] executing: /Users/florian/Library/Android/sdk/build-tools/36.1.0/aapt dump xmltree /Users/florian/Code/substitution/build/app/outputs/flutter-apk/app-debug.apk AndroidManifest.xml
[  +13 ms] Exit code 0 from: /Users/florian/Library/Android/sdk/build-tools/36.1.0/aapt dump xmltree /Users/florian/Code/substitution/build/app/outputs/flutter-apk/app-debug.apk AndroidManifest.xml
[        ] N: android=http://schemas.android.com/apk/res/android
             E: manifest (line=2)
               A: android:versionCode(0x0101021b)=(type 0x10)0x7
               A: android:versionName(0x0101021c)="1.0.0" (Raw: "1.0.0")
               A: android:compileSdkVersion(0x01010572)=(type 0x10)0x24
               A: android:compileSdkVersionCodename(0x01010573)="16" (Raw: "16")
               A: package="art.substitution.substitution" (Raw: "art.substitution.substitution")
               A: platformBuildVersionCode=(type 0x10)0x24
               A: platformBuildVersionName=(type 0x10)0x10
               E: uses-sdk (line=7)
                 A: android:minSdkVersion(0x0101020c)=(type 0x10)0x18
                 A: android:targetSdkVersion(0x01010270)=(type 0x10)0x22
               E: uses-permission (line=15)
                 A: android:name(0x01010003)="android.permission.INTERNET" (Raw: "android.permission.INTERNET")
               E: uses-permission (line=16)
                 A: android:name(0x01010003)="android.permission.ACCESS_NETWORK_STATE" (Raw: "android.permission.ACCESS_NETWORK_STATE")
               E: permission (line=18)
                 A: android:name(0x01010003)="art.substitution.substitution.DYNAMIC_RECEIVER_NOT_EXPORTED_PERMISSION" (Raw: "art.substitution.substitution.DYNAMIC_RECEIVER_NOT_EXPORTED_PERMISSION")
                 A: android:protectionLevel(0x01010009)=(type 0x11)0x2
               E: uses-permission (line=22)
                 A: android:name(0x01010003)="art.substitution.substitution.DYNAMIC_RECEIVER_NOT_EXPORTED_PERMISSION" (Raw: "art.substitution.substitution.DYNAMIC_RECEIVER_NOT_EXPORTED_PERMISSION")
               E: application (line=24)
                 A: android:label(0x01010001)="substitution" (Raw: "substitution")
                 A: android:icon(0x01010002)=@0x7f0c0000
                 A: android:name(0x01010003)="android.app.Application" (Raw: "android.app.Application")
                 A: android:debuggable(0x0101000f)=(type 0x12)0xffffffff
                 A: android:extractNativeLibs(0x010104ea)=(type 0x12)0x0
                 A: android:appComponentFactory(0x0101057a)="androidx.core.app.CoreComponentFactory" (Raw: "androidx.core.app.CoreComponentFactory")
                 E: activity (line=31)
                   A: android:theme(0x01010000)=@0x7f0e00a2
                   A: android:name(0x01010003)="art.substitution.substitution.MainActivity" (Raw: "art.substitution.substitution.MainActivity")
                   A: android:exported(0x01010010)=(type 0x12)0xffffffff
                   A: android:launchMode(0x0101001d)=(type 0x10)0x1
                   A: android:configChanges(0x0101001f)=(type 0x11)0x40003fb4
                   A: android:windowSoftInputMode(0x0101022b)=(type 0x11)0x10
                   A: android:hardwareAccelerated(0x010102d3)=(type 0x12)0xffffffff
                   E: meta-data (line=46)
                     A: android:name(0x01010003)="io.flutter.embedding.android.NormalTheme" (Raw: "io.flutter.embedding.android.NormalTheme")
                     A: android:resource(0x01010025)=@0x7f0e00a3
                   E: intent-filter (line=50)
                     E: action (line=51)
                       A: android:name(0x01010003)="android.intent.action.MAIN" (Raw: "android.intent.action.MAIN")
                     E: category (line=53)
                       A: android:name(0x01010003)="android.intent.category.LAUNCHER" (Raw: "android.intent.category.LAUNCHER")
                   E: intent-filter (line=56)
                     E: action (line=57)
                       A: android:name(0x01010003)="android.intent.action.VIEW" (Raw: "android.intent.action.VIEW")
                     E: category (line=59)
                       A: android:name(0x01010003)="android.intent.category.DEFAULT" (Raw: "android.intent.category.DEFAULT")
                     E: category (line=60)
                       A: android:name(0x01010003)="android.intent.category.BROWSABLE" (Raw: "android.intent.category.BROWSABLE")
                     E: data (line=62)
                       A: android:scheme(0x01010027)="substitution" (Raw: "substitution")
                       A: android:host(0x01010028)="auth" (Raw: "auth")
                       A: android:pathPrefix(0x0101002b)="/login-callback" (Raw: "/login-callback")
                 E: meta-data (line=72)
                   A: android:name(0x01010003)="flutterEmbedding" (Raw: "flutterEmbedding")
                   A: android:value(0x01010024)=(type 0x10)0x2
                 E: activity (line=76)
                   A: android:theme(0x01010000)=@0x01030007
                   A: android:name(0x01010003)="io.flutter.plugins.urllauncher.WebViewActivity" (Raw: "io.flutter.plugins.urllauncher.WebViewActivity")
                   A: android:exported(0x01010010)=(type 0x12)0x0
                 E: uses-library (line=81)
                   A: android:name(0x01010003)="androidx.window.extensions" (Raw: "androidx.window.extensions")
                   A: android:required(0x0101028e)=(type 0x12)0x0
                 E: uses-library (line=84)
                   A: android:name(0x01010003)="androidx.window.sidecar" (Raw: "androidx.window.sidecar")
                   A: android:required(0x0101028e)=(type 0x12)0x0
                 E: provider (line=88)
                   A: android:name(0x01010003)="androidx.startup.InitializationProvider" (Raw: "androidx.startup.InitializationProvider")
                   A: android:exported(0x01010010)=(type 0x12)0x0
                   A: android:authorities(0x01010018)="art.substitution.substitution.androidx-startup" (Raw: "art.substitution.substitution.androidx-startup")
                   E: meta-data (line=92)
                     A: android:name(0x01010003)="androidx.lifecycle.ProcessLifecycleInitializer" (Raw: "androidx.lifecycle.ProcessLifecycleInitializer")
                     A: android:value(0x01010024)="androidx.startup" (Raw: "androidx.startup")
                   E: meta-data (line=95)
                     A: android:name(0x01010003)="androidx.profileinstaller.ProfileInstallerInitializer" (Raw: "androidx.profileinstaller.ProfileInstallerInitializer")
                     A: android:value(0x01010024)="androidx.startup" (Raw: "androidx.startup")
                 E: receiver (line=100)
                   A: android:name(0x01010003)="androidx.profileinstaller.ProfileInstallReceiver" (Raw: "androidx.profileinstaller.ProfileInstallReceiver")
                   A: android:permission(0x01010006)="android.permission.DUMP" (Raw: "android.permission.DUMP")
                   A: android:enabled(0x0101000e)=(type 0x12)0xffffffff
                   A: android:exported(0x01010010)=(type 0x12)0xffffffff
                   A: android:directBootAware(0x01010505)=(type 0x12)0x0
                   E: intent-filter (line=106)
                     E: action (line=107)
                       A: android:name(0x01010003)="androidx.profileinstaller.action.INSTALL_PROFILE" (Raw: "androidx.profileinstaller.action.INSTALL_PROFILE")
                   E: intent-filter (line=109)
                     E: action (line=110)
                       A: android:name(0x01010003)="androidx.profileinstaller.action.SKIP_FILE" (Raw: "androidx.profileinstaller.action.SKIP_FILE")
                   E: intent-filter (line=112)
                     E: action (line=113)
                       A: android:name(0x01010003)="androidx.profileinstaller.action.SAVE_PROFILE" (Raw: "androidx.profileinstaller.action.SAVE_PROFILE")
                   E: intent-filter (line=115)
                     E: action (line=116)
                       A: android:name(0x01010003)="androidx.profileinstaller.action.BENCHMARK_OPERATION" (Raw: "androidx.profileinstaller.action.BENCHMARK_OPERATION")
[        ] Stopping app 'app-debug.apk' on sdk gphone64 arm64.
[        ] executing: /Users/florian/Library/Android/sdk/platform-tools/adb -s emulator-5554 shell am force-stop art.substitution.substitution
09:06 +9 -17: loading /Users/florian/Code/substitution/integration_test/multi_user_correspondence_test.dart                                                                                            [  +23 ms] Installing APK.
[        ] Installing build/app/outputs/flutter-apk/app-debug.apk...
[        ] executing: /Users/florian/Library/Android/sdk/platform-tools/adb -s emulator-5554 install -t -r /Users/florian/Code/substitution/build/app/outputs/flutter-apk/app-debug.apk
[ +407 ms] Performing Streamed Install
           Success
[        ] Installing build/app/outputs/flutter-apk/app-debug.apk... (completed in 407ms)
[        ] executing: /Users/florian/Library/Android/sdk/platform-tools/adb -s emulator-5554 shell echo -n b87aeb54c9651d5540dad6eb82d9766736544da9 > /data/local/tmp/sky.art.substitution.substitution.sha1
[  +21 ms] executing: /Users/florian/Library/Android/sdk/platform-tools/adb -s emulator-5554 shell -x logcat -v time -t 1
[ +106 ms] --------- beginning of main
           02-17 00:03:57.918 I/SafetyLabelChangedBroadcastReceiver( 1187): received broadcast packageName: art.substitution.substitution, current user: UserHandle{0}, packageChangeEvent: NEW_INSTALL, intent user: UserHandle{0}
[   +3 ms] executing: /Users/florian/Library/Android/sdk/platform-tools/adb -s emulator-5554 shell am start -a android.intent.action.MAIN -c android.intent.category.LAUNCHER -f 0x20000000 --ez enable-dart-profiling true --ez enable-checked-mode true --ez verify-entry-points true art.substitution.substitution/art.substitution.substitution.MainActivity
09:07 +9 -17: loading /Users/florian/Code/substitution/integration_test/multi_user_correspondence_test.dart                                                                                            [ +350 ms] Starting: Intent { act=android.intent.action.MAIN cat=[android.intent.category.LAUNCHER] flg=0x20000000 cmp=art.substitution.substitution/.MainActivity (has extras) }
[        ] Waiting for VM Service port to be available...
09:08 +9 -17: loading /Users/florian/Code/substitution/integration_test/multi_user_correspondence_test.dart                                                                                            [+1519 ms] VM Service URL on device: http://127.0.0.1:40025/epXBMl89hVg=/
[        ] executing: /Users/florian/Library/Android/sdk/platform-tools/adb -s emulator-5554 forward tcp:0 tcp:40025
[  +14 ms] 55090
[        ] Forwarded host port 55090 to device port 40025 for VM Service
[        ] test 10: Starting Dart Development Service
[        ] Launching a Dart Developer Service (DDS) instance at http://127.0.0.1:0, connecting to VM service at http://127.0.0.1:55090/epXBMl89hVg=/.
[ +161 ms] test 10: Dart Development Service started at http://127.0.0.1:55093/u9XOXSW0kHA=/, forwarding to VM service at http://127.0.0.1:55090/epXBMl89hVg=/.
[        ] test 10: Connecting to vm service
[        ] test 10: VM Service uri is available at http://127.0.0.1:55093/u9XOXSW0kHA=/
[   +3 ms] test 10: Finding the correct isolate with the integration test service extension
09:09 +9 -17: loading /Users/florian/Code/substitution/integration_test/multi_user_correspondence_test.dart                                                                                            [ +148 ms] test 10: connected to test device, now awaiting test result
[        ] test 10: Waiting for test harness or tests to finish
09:09 +9 -17: /Users/florian/Code/substitution/integration_test/multi_user_correspondence_test.dart: ... with Real Matrix Server STRICT: Two users can see messages from each other in shared room     09:09 +9 -17: /Users/florian/Code/substitution/integration_test/multi_user_correspondence_test.dart: Multi-User Correspondence with Real Matrix Server STRICT: Two users can see messages from each other in shared room
[90m[🌎 Easy Localization] [DEBUG] Localization initialized[0m
[Matrix] [32mInitialize client Substitution[0m
[Matrix] [32mUser is not logged in.[0m
[90m[🌎 Easy Localization] [DEBUG] Start[0m
[90m[🌎 Easy Localization] [DEBUG] Init state[0m
[90m[🌎 Easy Localization] [DEBUG] Build[0m
[90m[🌎 Easy Localization] [DEBUG] Init Localization Delegate[0m
[90m[🌎 Easy Localization] [DEBUG] Init provider[0m
[90m[🌎 Easy Localization] [DEBUG] Load Localization Delegate[0m
[90m[🌎 Easy Localization] [DEBUG] Load asset from assets/translations[0m
[90m[🌎 Easy Localization] [DEBUG] Build[0m
[90m[🌎 Easy Localization] [DEBUG] Init Localization Delegate[0m
[90m[🌎 Easy Localization] [DEBUG] Init provider[0m
══╡ EXCEPTION CAUGHT BY FLUTTER TEST FRAMEWORK ╞════════════════════════════════════════════════════
The following TestFailure was thrown running a test:
Expected: exactly one matching candidate
  Actual: _KeyWidgetFinder:<Found 0 widgets with key [<'loginUsernameInput'>]: []>
   Which: means none were found but one was expected
Username field should be visible on login page

When the exception was thrown, this was the stack:
#4      main.<anonymous closure>.loginAsUser (file:///Users/florian/Code/substitution/integration_test/multi_user_correspondence_test.dart:84:7)
<asynchronous suspension>
#5      main.<anonymous closure>.<anonymous closure> (file:///Users/florian/Code/substitution/integration_test/multi_user_correspondence_test.dart:105:9)
<asynchronous suspension>
#6      testWidgets.<anonymous closure>.<anonymous closure> (package:flutter_test/src/widget_tester.dart:192:15)
<asynchronous suspension>
#7      TestWidgetsFlutterBinding._runTestBody (package:flutter_test/src/binding.dart:1059:5)
<asynchronous suspension>
<asynchronous suspension>
(elided one frame from package:stack_trace)

This was caught by the test expectation on the following line:
  file:///Users/florian/Code/substitution/integration_test/multi_user_correspondence_test.dart line 84
The test description was:
  STRICT: Two users can see messages from each other in shared room
════════════════════════════════════════════════════════════════════════════════════════════════════
09:24 +9 -18: /Users/florian/Code/substitution/integration_test/multi_user_correspondence_test.dart: Multi-User Correspondence with Real Matrix Server STRICT: Two users can see messages from each other in shared room [E]
  Test failed. See exception logs above.
  The test description was: STRICT: Two users can see messages from each other in shared room
  

To run this test again: /opt/homebrew/share/flutter/bin/cache/dart-sdk/bin/dart test /Users/florian/Code/substitution/integration_test/multi_user_correspondence_test.dart -p vm --plain-name 'Multi-User Correspondence with Real Matrix Server STRICT: Two users can see messages from each other in shared room'
09:24 +9 -18: /Users/florian/Code/substitution/integration_test/multi_user_correspondence_test.dart: ... with Real Matrix Server STRICT: Two users in same room see each other's messages              09:24 +9 -18: /Users/florian/Code/substitution/integration_test/multi_user_correspondence_test.dart: Multi-User Correspondence with Real Matrix Server STRICT: Two users in same room see each other's messages
[90m[🌎 Easy Localization] [DEBUG] Localization initialized[0m
[Matrix] [32mInitialize client Substitution[0m
[Matrix] [32mUser is not logged in.[0m
[90m[🌎 Easy Localization] [DEBUG] Start[0m
09:26 +9 -18: /Users/florian/Code/substitution/integration_test/multi_user_correspondence_test.dart: Multi-User Correspondence with Real Matrix Server STRICT: Two users can see messages from each other in shared room
[90m[🌎 Easy Localization] [DEBUG] Init state[0m
[90m[🌎 Easy Localization] [DEBUG] Build[0m
[90m[🌎 Easy Localization] [DEBUG] Init Localization Delegate[0m
[90m[🌎 Easy Localization] [DEBUG] Init provider[0m
[90m[🌎 Easy Localization] [DEBUG] Load Localization Delegate[0m
[90m[🌎 Easy Localization] [DEBUG] Load asset from assets/translations[0m
[90m[🌎 Easy Localization] [DEBUG] Build[0m
[90m[🌎 Easy Localization] [DEBUG] Init Localization Delegate[0m
[90m[🌎 Easy Localization] [DEBUG] Init provider[0m
09:42 +9 -18: /Users/florian/Code/substitution/integration_test/multi_user_correspondence_test.dart: Multi-User Correspondence with Real Matrix Server STRICT: Two users in same room see each other's messages
══╡ EXCEPTION CAUGHT BY FLUTTER TEST FRAMEWORK ╞════════════════════════════════════════════════════
The following TestFailure was thrown running a test:
Expected: exactly one matching candidate
  Actual: _KeyWidgetFinder:<Found 0 widgets with key [<'loginUsernameInput'>]: []>
   Which: means none were found but one was expected
Username field should be visible on login page

When the exception was thrown, this was the stack:
#4      main.<anonymous closure>.loginAsUser (file:///Users/florian/Code/substitution/integration_test/multi_user_correspondence_test.dart:84:7)
<asynchronous suspension>
#5      main.<anonymous closure>.<anonymous closure> (file:///Users/florian/Code/substitution/integration_test/multi_user_correspondence_test.dart:185:9)
<asynchronous suspension>
#6      testWidgets.<anonymous closure>.<anonymous closure> (package:flutter_test/src/widget_tester.dart:192:15)
<asynchronous suspension>
#7      TestWidgetsFlutterBinding._runTestBody (package:flutter_test/src/binding.dart:1059:5)
<asynchronous suspension>
<asynchronous suspension>
(elided one frame from package:stack_trace)

This was caught by the test expectation on the following line:
  file:///Users/florian/Code/substitution/integration_test/multi_user_correspondence_test.dart line 84
The test description was:
  STRICT: Two users in same room see each other's messages
════════════════════════════════════════════════════════════════════════════════════════════════════
09:42 +9 -19: /Users/florian/Code/substitution/integration_test/multi_user_correspondence_test.dart: Multi-User Correspondence with Real Matrix Server STRICT: Two users in same room see each other's messages [E]
  Test failed. See exception logs above.
  The test description was: STRICT: Two users in same room see each other's messages
  

To run this test again: /opt/homebrew/share/flutter/bin/cache/dart-sdk/bin/dart test /Users/florian/Code/substitution/integration_test/multi_user_correspondence_test.dart -p vm --plain-name 'Multi-User Correspondence with Real Matrix Server STRICT: Two users in same room see each other'\''s messages'
09:43 +9 -19: /Users/florian/Code/substitution/integration_test/multi_user_correspondence_test.dart: Multi-User Correspondence with Real Matrix Server STRICT: Messages display sender information     09:43 +9 -19: /Users/florian/Code/substitution/integration_test/multi_user_correspondence_test.dart: Multi-User Correspondence with Real Matrix Server STRICT: Messages display sender information     
[90m[🌎 Easy Localization] [DEBUG] Localization initialized[0m
[Matrix] [32mInitialize client Substitution[0m
[Matrix] [32mUser is not logged in.[0m
[90m[🌎 Easy Localization] [DEBUG] Start[0m
09:45 +9 -19: /Users/florian/Code/substitution/integration_test/multi_user_correspondence_test.dart: Multi-User Correspondence with Real Matrix Server STRICT: Two users can see messages from each other in shared room
[90m[🌎 Easy Localization] [DEBUG] Init state[0m
[90m[🌎 Easy Localization] [DEBUG] Build[0m
[90m[🌎 Easy Localization] [DEBUG] Init Localization Delegate[0m
[90m[🌎 Easy Localization] [DEBUG] Init provider[0m
[90m[🌎 Easy Localization] [DEBUG] Load Localization Delegate[0m
[90m[🌎 Easy Localization] [DEBUG] Load asset from assets/translations[0m
[90m[🌎 Easy Localization] [DEBUG] Build[0m
[90m[🌎 Easy Localization] [DEBUG] Init Localization Delegate[0m
[90m[🌎 Easy Localization] [DEBUG] Init provider[0m
10:01 +9 -19: /Users/florian/Code/substitution/integration_test/multi_user_correspondence_test.dart: Multi-User Correspondence with Real Matrix Server STRICT: Messages display sender information     
══╡ EXCEPTION CAUGHT BY FLUTTER TEST FRAMEWORK ╞════════════════════════════════════════════════════
The following TestFailure was thrown running a test:
Expected: exactly one matching candidate
  Actual: _KeyWidgetFinder:<Found 0 widgets with key [<'loginUsernameInput'>]: []>
   Which: means none were found but one was expected
Username field should be visible on login page

When the exception was thrown, this was the stack:
#4      main.<anonymous closure>.loginAsUser (file:///Users/florian/Code/substitution/integration_test/multi_user_correspondence_test.dart:84:7)
<asynchronous suspension>
#5      main.<anonymous closure>.<anonymous closure> (file:///Users/florian/Code/substitution/integration_test/multi_user_correspondence_test.dart:223:9)
<asynchronous suspension>
#6      testWidgets.<anonymous closure>.<anonymous closure> (package:flutter_test/src/widget_tester.dart:192:15)
<asynchronous suspension>
#7      TestWidgetsFlutterBinding._runTestBody (package:flutter_test/src/binding.dart:1059:5)
<asynchronous suspension>
<asynchronous suspension>
(elided one frame from package:stack_trace)

This was caught by the test expectation on the following line:
  file:///Users/florian/Code/substitution/integration_test/multi_user_correspondence_test.dart line 84
The test description was:
  STRICT: Messages display sender information
════════════════════════════════════════════════════════════════════════════════════════════════════
10:01 +9 -20: /Users/florian/Code/substitution/integration_test/multi_user_correspondence_test.dart: Multi-User Correspondence with Real Matrix Server STRICT: Messages display sender information [E] 
  Test failed. See exception logs above.
  The test description was: STRICT: Messages display sender information
  

To run this test again: /opt/homebrew/share/flutter/bin/cache/dart-sdk/bin/dart test /Users/florian/Code/substitution/integration_test/multi_user_correspondence_test.dart -p vm --plain-name 'Multi-User Correspondence with Real Matrix Server STRICT: Messages display sender information'
10:01 +9 -20: /Users/florian/Code/substitution/integration_test/multi_user_correspondence_test.dart: ... Correspondence with Real Matrix Server STRICT: Both users can compose and send in same room   10:02 +9 -20: /Users/florian/Code/substitution/integration_test/multi_user_correspondence_test.dart: ... Correspondence with Real Matrix Server STRICT: Both users can compose and send in same room   10:02 +9 -20: /Users/florian/Code/substitution/integration_test/multi_user_correspondence_test.dart: Multi-User Correspondence with Real Matrix Server STRICT: Both users can compose and send in same room
[90m[🌎 Easy Localization] [DEBUG] Localization initialized[0m
[Matrix] [32mInitialize client Substitution[0m
[Matrix] [32mUser is not logged in.[0m
[90m[🌎 Easy Localization] [DEBUG] Start[0m
10:04 +9 -20: /Users/florian/Code/substitution/integration_test/multi_user_correspondence_test.dart: Multi-User Correspondence with Real Matrix Server STRICT: Two users can see messages from each other in shared room
[90m[🌎 Easy Localization] [DEBUG] Init state[0m
[90m[🌎 Easy Localization] [DEBUG] Build[0m
[90m[🌎 Easy Localization] [DEBUG] Init Localization Delegate[0m
[90m[🌎 Easy Localization] [DEBUG] Init provider[0m
[90m[🌎 Easy Localization] [DEBUG] Load Localization Delegate[0m
[90m[🌎 Easy Localization] [DEBUG] Load asset from assets/translations[0m
[90m[🌎 Easy Localization] [DEBUG] Build[0m
[90m[🌎 Easy Localization] [DEBUG] Init Localization Delegate[0m
[90m[🌎 Easy Localization] [DEBUG] Init provider[0m
10:20 +9 -20: /Users/florian/Code/substitution/integration_test/multi_user_correspondence_test.dart: Multi-User Correspondence with Real Matrix Server STRICT: Both users can compose and send in same room
══╡ EXCEPTION CAUGHT BY FLUTTER TEST FRAMEWORK ╞════════════════════════════════════════════════════
The following TestFailure was thrown running a test:
Expected: exactly one matching candidate
  Actual: _KeyWidgetFinder:<Found 0 widgets with key [<'loginUsernameInput'>]: []>
   Which: means none were found but one was expected
Username field should be visible on login page

When the exception was thrown, this was the stack:
#4      main.<anonymous closure>.loginAsUser (file:///Users/florian/Code/substitution/integration_test/multi_user_correspondence_test.dart:84:7)
<asynchronous suspension>
#5      main.<anonymous closure>.<anonymous closure> (file:///Users/florian/Code/substitution/integration_test/multi_user_correspondence_test.dart:259:9)
<asynchronous suspension>
#6      testWidgets.<anonymous closure>.<anonymous closure> (package:flutter_test/src/widget_tester.dart:192:15)
<asynchronous suspension>
#7      TestWidgetsFlutterBinding._runTestBody (package:flutter_test/src/binding.dart:1059:5)
<asynchronous suspension>
<asynchronous suspension>
(elided one frame from package:stack_trace)

This was caught by the test expectation on the following line:
  file:///Users/florian/Code/substitution/integration_test/multi_user_correspondence_test.dart line 84
The test description was:
  STRICT: Both users can compose and send in same room
════════════════════════════════════════════════════════════════════════════════════════════════════
10:20 +9 -21: /Users/florian/Code/substitution/integration_test/multi_user_correspondence_test.dart: Multi-User Correspondence with Real Matrix Server STRICT: Both users can compose and send in same room [E]
  Test failed. See exception logs above.
  The test description was: STRICT: Both users can compose and send in same room
  

To run this test again: /opt/homebrew/share/flutter/bin/cache/dart-sdk/bin/dart test /Users/florian/Code/substitution/integration_test/multi_user_correspondence_test.dart -p vm --plain-name 'Multi-User Correspondence with Real Matrix Server STRICT: Both users can compose and send in same room'
10:21 +9 -21: /Users/florian/Code/substitution/integration_test/multi_user_correspondence_test.dart: Multi-User Correspondence with Real Matrix Server STRICT: Messages preserve order and timestamps  10:21 +9 -21: /Users/florian/Code/substitution/integration_test/multi_user_correspondence_test.dart: Multi-User Correspondence with Real Matrix Server STRICT: Messages preserve order and timestamps  
[90m[🌎 Easy Localization] [DEBUG] Localization initialized[0m
[Matrix] [32mInitialize client Substitution[0m
[Matrix] [32mUser is not logged in.[0m
[90m[🌎 Easy Localization] [DEBUG] Start[0m
10:23 +9 -21: /Users/florian/Code/substitution/integration_test/multi_user_correspondence_test.dart: Multi-User Correspondence with Real Matrix Server STRICT: Two users can see messages from each other in shared room
[90m[🌎 Easy Localization] [DEBUG] Init state[0m
[90m[🌎 Easy Localization] [DEBUG] Build[0m
[90m[🌎 Easy Localization] [DEBUG] Init Localization Delegate[0m
[90m[🌎 Easy Localization] [DEBUG] Init provider[0m
[90m[🌎 Easy Localization] [DEBUG] Load Localization Delegate[0m
[90m[🌎 Easy Localization] [DEBUG] Load asset from assets/translations[0m
[90m[🌎 Easy Localization] [DEBUG] Build[0m
[90m[🌎 Easy Localization] [DEBUG] Init Localization Delegate[0m
[90m[🌎 Easy Localization] [DEBUG] Init provider[0m
10:40 +9 -21: /Users/florian/Code/substitution/integration_test/multi_user_correspondence_test.dart: Multi-User Correspondence with Real Matrix Server STRICT: Messages preserve order and timestamps  
══╡ EXCEPTION CAUGHT BY FLUTTER TEST FRAMEWORK ╞════════════════════════════════════════════════════
The following TestFailure was thrown running a test:
Expected: exactly one matching candidate
  Actual: _KeyWidgetFinder:<Found 0 widgets with key [<'loginUsernameInput'>]: []>
   Which: means none were found but one was expected
Username field should be visible on login page

When the exception was thrown, this was the stack:
#4      main.<anonymous closure>.loginAsUser (file:///Users/florian/Code/substitution/integration_test/multi_user_correspondence_test.dart:84:7)
<asynchronous suspension>
#5      main.<anonymous closure>.<anonymous closure> (file:///Users/florian/Code/substitution/integration_test/multi_user_correspondence_test.dart:313:9)
<asynchronous suspension>
#6      testWidgets.<anonymous closure>.<anonymous closure> (package:flutter_test/src/widget_tester.dart:192:15)
<asynchronous suspension>
#7      TestWidgetsFlutterBinding._runTestBody (package:flutter_test/src/binding.dart:1059:5)
<asynchronous suspension>
<asynchronous suspension>
(elided one frame from package:stack_trace)

This was caught by the test expectation on the following line:
  file:///Users/florian/Code/substitution/integration_test/multi_user_correspondence_test.dart line 84
The test description was:
  STRICT: Messages preserve order and timestamps
════════════════════════════════════════════════════════════════════════════════════════════════════
10:40 +9 -22: /Users/florian/Code/substitution/integration_test/multi_user_correspondence_test.dart: Multi-User Correspondence with Real Matrix Server STRICT: Messages preserve order and timestamps [E]
  Test failed. See exception logs above.
  The test description was: STRICT: Messages preserve order and timestamps
  

To run this test again: /opt/homebrew/share/flutter/bin/cache/dart-sdk/bin/dart test /Users/florian/Code/substitution/integration_test/multi_user_correspondence_test.dart -p vm --plain-name 'Multi-User Correspondence with Real Matrix Server STRICT: Messages preserve order and timestamps'
10:40 +9 -22: /Users/florian/Code/substitution/integration_test/multi_user_correspondence_test.dart: ... Correspondence with Real Matrix Server STRICT: Reactions/replies preserve multi-user context  10:40 +9 -22: /Users/florian/Code/substitution/integration_test/multi_user_correspondence_test.dart: Multi-User Correspondence with Real Matrix Server STRICT: Reactions/replies preserve multi-user context
[90m[🌎 Easy Localization] [DEBUG] Localization initialized[0m
[Matrix] [32mInitialize client Substitution[0m
[Matrix] [32mUser is not logged in.[0m
[90m[🌎 Easy Localization] [DEBUG] Start[0m
10:42 +9 -22: /Users/florian/Code/substitution/integration_test/multi_user_correspondence_test.dart: Multi-User Correspondence with Real Matrix Server STRICT: Two users can see messages from each other in shared room
[90m[🌎 Easy Localization] [DEBUG] Init state[0m
[90m[🌎 Easy Localization] [DEBUG] Build[0m
[90m[🌎 Easy Localization] [DEBUG] Init Localization Delegate[0m
[90m[🌎 Easy Localization] [DEBUG] Init provider[0m
[90m[🌎 Easy Localization] [DEBUG] Load Localization Delegate[0m
[90m[🌎 Easy Localization] [DEBUG] Load asset from assets/translations[0m
[90m[🌎 Easy Localization] [DEBUG] Build[0m
[90m[🌎 Easy Localization] [DEBUG] Init Localization Delegate[0m
[90m[🌎 Easy Localization] [DEBUG] Init provider[0m
10:59 +9 -22: /Users/florian/Code/substitution/integration_test/multi_user_correspondence_test.dart: Multi-User Correspondence with Real Matrix Server STRICT: Reactions/replies preserve multi-user context
══╡ EXCEPTION CAUGHT BY FLUTTER TEST FRAMEWORK ╞════════════════════════════════════════════════════
The following TestFailure was thrown running a test:
Expected: exactly one matching candidate
  Actual: _KeyWidgetFinder:<Found 0 widgets with key [<'loginUsernameInput'>]: []>
   Which: means none were found but one was expected
Username field should be visible on login page

When the exception was thrown, this was the stack:
#4      main.<anonymous closure>.loginAsUser (file:///Users/florian/Code/substitution/integration_test/multi_user_correspondence_test.dart:84:7)
<asynchronous suspension>
#5      main.<anonymous closure>.<anonymous closure> (file:///Users/florian/Code/substitution/integration_test/multi_user_correspondence_test.dart:347:9)
<asynchronous suspension>
#6      testWidgets.<anonymous closure>.<anonymous closure> (package:flutter_test/src/widget_tester.dart:192:15)
<asynchronous suspension>
#7      TestWidgetsFlutterBinding._runTestBody (package:flutter_test/src/binding.dart:1059:5)
<asynchronous suspension>
<asynchronous suspension>
(elided one frame from package:stack_trace)

This was caught by the test expectation on the following line:
  file:///Users/florian/Code/substitution/integration_test/multi_user_correspondence_test.dart line 84
The test description was:
  STRICT: Reactions/replies preserve multi-user context
════════════════════════════════════════════════════════════════════════════════════════════════════
10:59 +9 -23: /Users/florian/Code/substitution/integration_test/multi_user_correspondence_test.dart: Multi-User Correspondence with Real Matrix Server STRICT: Reactions/replies preserve multi-user context [E]
  Test failed. See exception logs above.
  The test description was: STRICT: Reactions/replies preserve multi-user context
  

To run this test again: /opt/homebrew/share/flutter/bin/cache/dart-sdk/bin/dart test /Users/florian/Code/substitution/integration_test/multi_user_correspondence_test.dart -p vm --plain-name 'Multi-User Correspondence with Real Matrix Server STRICT: Reactions/replies preserve multi-user context'
10:59 +9 -23: /Users/florian/Code/substitution/integration_test/multi_user_correspondence_test.dart: (tearDownAll)                                                                                     [+110014 ms] test 10: Test harness is no longer needed by test process
[        ] test 10: finished
[        ] test 10: cleaning up...
[        ] test 10: ensuring test device is terminated.
[        ] executing: /Users/florian/Library/Android/sdk/platform-tools/adb -s emulator-5554 shell am force-stop art.substitution.substitution
[        ] test 10: Test process is no longer needed by test harness
[  +94 ms] executing: /Users/florian/Library/Android/sdk/platform-tools/adb -s emulator-5554 uninstall art.substitution.substitution
[ +232 ms] Success
[        ] test 10: deleting temporary directory
[        ] test 10: finished
10:59 +9 -23: loading /Users/florian/Code/substitution/integration_test/theme_toggle_test.dart                                                                                                         [        ] test 11: starting test /Users/florian/Code/substitution/integration_test/theme_toggle_test.dart
[        ] Stopping scan for flutter_test_config.dart; found project root at /Users/florian/Code/substitution
[        ] test 11: starting test device
[        ] test 11: awaiting connection to test device
[        ] executing: /Users/florian/Library/Android/sdk/build-tools/36.1.0/aapt dump xmltree /Users/florian/Code/substitution/build/app/outputs/flutter-apk/app-debug.apk AndroidManifest.xml
[  +11 ms] Exit code 0 from: /Users/florian/Library/Android/sdk/build-tools/36.1.0/aapt dump xmltree /Users/florian/Code/substitution/build/app/outputs/flutter-apk/app-debug.apk AndroidManifest.xml
[        ] N: android=http://schemas.android.com/apk/res/android
             E: manifest (line=2)
               A: android:versionCode(0x0101021b)=(type 0x10)0x7
               A: android:versionName(0x0101021c)="1.0.0" (Raw: "1.0.0")
               A: android:compileSdkVersion(0x01010572)=(type 0x10)0x24
               A: android:compileSdkVersionCodename(0x01010573)="16" (Raw: "16")
               A: package="art.substitution.substitution" (Raw: "art.substitution.substitution")
               A: platformBuildVersionCode=(type 0x10)0x24
               A: platformBuildVersionName=(type 0x10)0x10
               E: uses-sdk (line=7)
                 A: android:minSdkVersion(0x0101020c)=(type 0x10)0x18
                 A: android:targetSdkVersion(0x01010270)=(type 0x10)0x22
               E: uses-permission (line=15)
                 A: android:name(0x01010003)="android.permission.INTERNET" (Raw: "android.permission.INTERNET")
               E: uses-permission (line=16)
                 A: android:name(0x01010003)="android.permission.ACCESS_NETWORK_STATE" (Raw: "android.permission.ACCESS_NETWORK_STATE")
               E: permission (line=18)
                 A: android:name(0x01010003)="art.substitution.substitution.DYNAMIC_RECEIVER_NOT_EXPORTED_PERMISSION" (Raw: "art.substitution.substitution.DYNAMIC_RECEIVER_NOT_EXPORTED_PERMISSION")
                 A: android:protectionLevel(0x01010009)=(type 0x11)0x2
               E: uses-permission (line=22)
                 A: android:name(0x01010003)="art.substitution.substitution.DYNAMIC_RECEIVER_NOT_EXPORTED_PERMISSION" (Raw: "art.substitution.substitution.DYNAMIC_RECEIVER_NOT_EXPORTED_PERMISSION")
               E: application (line=24)
                 A: android:label(0x01010001)="substitution" (Raw: "substitution")
                 A: android:icon(0x01010002)=@0x7f0c0000
                 A: android:name(0x01010003)="android.app.Application" (Raw: "android.app.Application")
                 A: android:debuggable(0x0101000f)=(type 0x12)0xffffffff
                 A: android:extractNativeLibs(0x010104ea)=(type 0x12)0x0
                 A: android:appComponentFactory(0x0101057a)="androidx.core.app.CoreComponentFactory" (Raw: "androidx.core.app.CoreComponentFactory")
                 E: activity (line=31)
                   A: android:theme(0x01010000)=@0x7f0e00a2
                   A: android:name(0x01010003)="art.substitution.substitution.MainActivity" (Raw: "art.substitution.substitution.MainActivity")
                   A: android:exported(0x01010010)=(type 0x12)0xffffffff
                   A: android:launchMode(0x0101001d)=(type 0x10)0x1
                   A: android:configChanges(0x0101001f)=(type 0x11)0x40003fb4
                   A: android:windowSoftInputMode(0x0101022b)=(type 0x11)0x10
                   A: android:hardwareAccelerated(0x010102d3)=(type 0x12)0xffffffff
                   E: meta-data (line=46)
                     A: android:name(0x01010003)="io.flutter.embedding.android.NormalTheme" (Raw: "io.flutter.embedding.android.NormalTheme")
                     A: android:resource(0x01010025)=@0x7f0e00a3
                   E: intent-filter (line=50)
                     E: action (line=51)
                       A: android:name(0x01010003)="android.intent.action.MAIN" (Raw: "android.intent.action.MAIN")
                     E: category (line=53)
                       A: android:name(0x01010003)="android.intent.category.LAUNCHER" (Raw: "android.intent.category.LAUNCHER")
                   E: intent-filter (line=56)
                     E: action (line=57)
                       A: android:name(0x01010003)="android.intent.action.VIEW" (Raw: "android.intent.action.VIEW")
                     E: category (line=59)
                       A: android:name(0x01010003)="android.intent.category.DEFAULT" (Raw: "android.intent.category.DEFAULT")
                     E: category (line=60)
                       A: android:name(0x01010003)="android.intent.category.BROWSABLE" (Raw: "android.intent.category.BROWSABLE")
                     E: data (line=62)
                       A: android:scheme(0x01010027)="substitution" (Raw: "substitution")
                       A: android:host(0x01010028)="auth" (Raw: "auth")
                       A: android:pathPrefix(0x0101002b)="/login-callback" (Raw: "/login-callback")
                 E: meta-data (line=72)
                   A: android:name(0x01010003)="flutterEmbedding" (Raw: "flutterEmbedding")
                   A: android:value(0x01010024)=(type 0x10)0x2
                 E: activity (line=76)
                   A: android:theme(0x01010000)=@0x01030007
                   A: android:name(0x01010003)="io.flutter.plugins.urllauncher.WebViewActivity" (Raw: "io.flutter.plugins.urllauncher.WebViewActivity")
                   A: android:exported(0x01010010)=(type 0x12)0x0
                 E: uses-library (line=81)
                   A: android:name(0x01010003)="androidx.window.extensions" (Raw: "androidx.window.extensions")
                   A: android:required(0x0101028e)=(type 0x12)0x0
                 E: uses-library (line=84)
                   A: android:name(0x01010003)="androidx.window.sidecar" (Raw: "androidx.window.sidecar")
                   A: android:required(0x0101028e)=(type 0x12)0x0
                 E: provider (line=88)
                   A: android:name(0x01010003)="androidx.startup.InitializationProvider" (Raw: "androidx.startup.InitializationProvider")
                   A: android:exported(0x01010010)=(type 0x12)0x0
                   A: android:authorities(0x01010018)="art.substitution.substitution.androidx-startup" (Raw: "art.substitution.substitution.androidx-startup")
                   E: meta-data (line=92)
                     A: android:name(0x01010003)="androidx.lifecycle.ProcessLifecycleInitializer" (Raw: "androidx.lifecycle.ProcessLifecycleInitializer")
                     A: android:value(0x01010024)="androidx.startup" (Raw: "androidx.startup")
                   E: meta-data (line=95)
                     A: android:name(0x01010003)="androidx.profileinstaller.ProfileInstallerInitializer" (Raw: "androidx.profileinstaller.ProfileInstallerInitializer")
                     A: android:value(0x01010024)="androidx.startup" (Raw: "androidx.startup")
                 E: receiver (line=100)
                   A: android:name(0x01010003)="androidx.profileinstaller.ProfileInstallReceiver" (Raw: "androidx.profileinstaller.ProfileInstallReceiver")
                   A: android:permission(0x01010006)="android.permission.DUMP" (Raw: "android.permission.DUMP")
                   A: android:enabled(0x0101000e)=(type 0x12)0xffffffff
                   A: android:exported(0x01010010)=(type 0x12)0xffffffff
                   A: android:directBootAware(0x01010505)=(type 0x12)0x0
                   E: intent-filter (line=106)
                     E: action (line=107)
                       A: android:name(0x01010003)="androidx.profileinstaller.action.INSTALL_PROFILE" (Raw: "androidx.profileinstaller.action.INSTALL_PROFILE")
                   E: intent-filter (line=109)
                     E: action (line=110)
                       A: android:name(0x01010003)="androidx.profileinstaller.action.SKIP_FILE" (Raw: "androidx.profileinstaller.action.SKIP_FILE")
                   E: intent-filter (line=112)
                     E: action (line=113)
                       A: android:name(0x01010003)="androidx.profileinstaller.action.SAVE_PROFILE" (Raw: "androidx.profileinstaller.action.SAVE_PROFILE")
                   E: intent-filter (line=115)
                     E: action (line=116)
                       A: android:name(0x01010003)="androidx.profileinstaller.action.BENCHMARK_OPERATION" (Raw: "androidx.profileinstaller.action.BENCHMARK_OPERATION")
[        ] Building APK
[        ] Version of Java is different than impacted version, no migration attempted.
[        ] CMake project not found, skipping support Android 15 16k page size migration.
[        ] Using gradle from /Users/florian/Code/substitution/android/gradlew.
[   +5 ms] LocalFile: '/Users/florian/Code/substitution/android/build.gradle' provides AGP version from classpath: 8.6.0
[   +8 ms] Running Gradle task 'assembleDebug'...
[        ] executing: [/Users/florian/Code/substitution/android/] /Users/florian/Code/substitution/android/gradlew --full-stacktrace --info -Pverbose=true -PskipDependencyChecks=true -Ptarget-platform=android-arm64 -Ptarget=/var/folders/l_/w8pnbb9d38n57pzg9j98fmy80000gn/T/flutter_tools.wuOse9/flutter_test_listener.9XjRen/listener.dart -Pbase-application-name=android.app.Application -Pdart-defines=TUFUUklYX1NFUlZFUj1odHRwOi8vbG9jYWxob3N0OjgwMDg=,TUFUUklYX1RFU1RfVVNFUj0=,TUFUUklYX1RFU1RfUEFTU1dPUkQ9,RkxVVFRFUl9WRVJTSU9OPTMuMzguOQ==,RkxVVFRFUl9DSEFOTkVMPXN0YWJsZQ==,RkxVVFRFUl9HSVRfVVJMPWh0dHBzOi8vZ2l0aHViLmNvbS9mbHV0dGVyL2ZsdXR0ZXIuZ2l0,RkxVVFRFUl9GUkFNRVdPUktfUkVWSVNJT049NjczMjNkZTI4NQ==,RkxVVFRFUl9FTkdJTkVfUkVWSVNJT049NTg3YzE4Zjg3Mw==,RkxVVFRFUl9EQVJUX1ZFUlNJT049My4xMC44,SU5URUdSQVRJT05fVEVTVF9TSE9VTERfUkVQT1JUX1JFU1VMVFNfVE9fTkFUSVZFPWZhbHNl -Pdart-obfuscation=false -Ptrack-widget-creation=true -Ptree-shake-icons=false assembleDebug
[ +287 ms] Initialized native services in: /Users/florian/.gradle/native
[        ] Initialized jansi services in: /Users/florian/.gradle/native
[ +213 ms] The client will now receive all logging from the daemon (pid: 43439). The daemon log file: /Users/florian/.gradle/daemon/8.12.1/daemon-43439.out.log
[        ] Starting 104th build in daemon [uptime: 2 hrs 8 mins 49.018 secs, performance: 100%, GC rate: 0.00/s, heap usage: 0% of 4 GiB]
[        ] Using 32 worker leases.
[        ] Now considering [/Users/florian/Code/substitution/android, /opt/homebrew/share/flutter/packages/flutter_tools/gradle] as hierarchies to watch
[        ] Watching the file system is configured to be enabled if available
[        ] File system watching is active
[        ] Starting Build
[        ] Now considering [/opt/homebrew/share/flutter/packages/flutter_tools/gradle, /Users/florian/Code/substitution/android] as hierarchies to watch
[        ] > Configure project :gradle
[        ] Evaluating project ':gradle' using build file '/opt/homebrew/share/flutter/packages/flutter_tools/gradle/build.gradle.kts'.
[        ] Resolved plugin [id: 'org.gradle.java-gradle-plugin']
[        ] Resolved plugin [id: 'org.gradle.groovy']
[        ] Resolved plugin [id: 'org.gradle.kotlin.kotlin-dsl', version: '5.1.2']
[        ] Resolved plugin [id: 'org.jetbrains.kotlin.jvm', version: '1.9.20']
[        ] Using Kotlin Gradle Plugin gradle85 variant
[        ] kotlin scripting plugin: created the scripting discovery configuration: kotlinScriptDef
[        ] kotlin scripting plugin: created the scripting discovery configuration: testKotlinScriptDef
[        ] file or directory '/opt/homebrew/share/flutter/packages/flutter_tools/gradle/src/main/java', not found
[        ] Resolved plugin [id: 'dev.flutter.flutter-plugin-loader', version: '1.0.0']
[        ] Resolved plugin [id: 'com.android.application', version: '8.9.1', apply: false]
[        ] Resolved plugin [id: 'org.jetbrains.kotlin.android', version: '2.1.0', apply: false]
[        ] Resolve mutations for :gradle:checkKotlinGradlePluginConfigurationErrors (Thread[#41664,Execution worker,5,main]) started.
[        ] :gradle:checkKotlinGradlePluginConfigurationErrors (Thread[#41664,Execution worker,5,main]) started.
[        ] > Task :gradle:checkKotlinGradlePluginConfigurationErrors SKIPPED
[        ] Skipping task ':gradle:checkKotlinGradlePluginConfigurationErrors' as task onlyIf 'errorDiagnostics are present' is false.
[        ] Resolve mutations for :gradle:compileKotlin (Thread[#41664,Execution worker,5,main]) started.
[        ] :gradle:compileKotlin (Thread[#41664,Execution worker,5,main]) started.
[        ] > Task :gradle:compileKotlin UP-TO-DATE
[        ] Caching disabled for task ':gradle:compileKotlin' because:
[        ]   Build cache is disabled
[        ] Skipping task ':gradle:compileKotlin' as it is up-to-date.
[        ] Resolve mutations for :gradle:compileJava (Thread[#41664,Execution worker,5,main]) started.
[        ] :gradle:compileJava (Thread[#41664,Execution worker,5,main]) started.
[        ] > Task :gradle:compileJava NO-SOURCE
[        ] Skipping task ':gradle:compileJava' as it has no source files and no previous output files.
[        ] Resolve mutations for :gradle:compileGroovy (Thread[#41664,Execution worker,5,main]) started.
[        ] :gradle:compileGroovy (Thread[#41664,Execution worker,5,main]) started.
[        ] > Task :gradle:compileGroovy NO-SOURCE
[        ] Skipping task ':gradle:compileGroovy' as it has no source files and no previous output files.
[        ] Resolve mutations for :gradle:pluginDescriptors (Thread[#41664,Execution worker,5,main]) started.
[        ] :gradle:pluginDescriptors (Thread[#41664,Execution worker,5,main]) started.
[        ] > Task :gradle:pluginDescriptors UP-TO-DATE
[        ] Caching disabled for task ':gradle:pluginDescriptors' because:
[        ]   Build cache is disabled
[        ]   Not worth caching
[        ] Skipping task ':gradle:pluginDescriptors' as it is up-to-date.
[        ] Resolve mutations for :gradle:processResources (Thread[#41664,Execution worker,5,main]) started.
[        ] :gradle:processResources (Thread[#41664,Execution worker,5,main]) started.
[        ] > Task :gradle:processResources UP-TO-DATE
[        ] Caching disabled for task ':gradle:processResources' because:
[        ]   Build cache is disabled
[        ]   Not worth caching
[        ] Skipping task ':gradle:processResources' as it is up-to-date.
[        ] Resolve mutations for :gradle:classes (Thread[#41664,Execution worker,5,main]) started.
[        ] :gradle:classes (Thread[#41664,Execution worker,5,main]) started.
[        ] > Task :gradle:classes UP-TO-DATE
[        ] Skipping task ':gradle:classes' as it has no actions.
[        ] Resolve mutations for :gradle:jar (Thread[#41664,Execution worker,5,main]) started.
[        ] :gradle:jar (Thread[#41664,Execution worker,5,main]) started.
[        ] > Task :gradle:jar UP-TO-DATE
[        ] Caching disabled for task ':gradle:jar' because:
[        ]   Build cache is disabled
[        ]   Not worth caching
[        ] Skipping task ':gradle:jar' as it is up-to-date.
[        ] Settings evaluated using settings file '/Users/florian/Code/substitution/android/settings.gradle'.
[        ] Projects loaded. Root project using build file '/Users/florian/Code/substitution/android/build.gradle'.
[        ] Included projects: [root project 'android', project ':app', project ':connectivity_plus', project ':emoji_picker_flutter', project ':file_selector_android', project ':flutter_keyboard_visibility_temp_fork', project ':flutter_native_splash', project ':flutter_olm', project ':flutter_openssl_crypto', project ':integration_test', project ':path_provider_android', project ':quill_native_bridge_android', project ':shared_preferences_android', project ':sqflite_android', project ':url_launcher_android', project ':video_player_android']
[  +91 ms] > Configure project :app
[        ] Evaluating project ':app' using build file '/Users/florian/Code/substitution/android/app/build.gradle'.
[        ] Resolved plugin [id: 'com.android.application']
[        ] Resolved plugin [id: 'kotlin-android']
[        ] Resolved plugin [id: 'dev.flutter.flutter-gradle-plugin']
[        ] Using default execution profile
[        ] Using Kotlin Gradle Plugin gradle85 variant
[        ] C/C++: android.ndkVersion from module build.gradle is [28.2.13676358]
[        ] C/C++: android.ndkPath from module build.gradle is not set
[        ] C/C++: ndk.dir in local.properties is not set
[        ] C/C++: Not considering ANDROID_NDK_HOME because support was removed after deprecation period.
[        ] C/C++: sdkFolder is /Users/florian/Library/Android/sdk
[        ] C/C++: android.ndkVersion from module build.gradle is [28.2.13676358]
[        ] C/C++: android.ndkPath from module build.gradle is not set
[        ] C/C++: ndk.dir in local.properties is not set
[        ] C/C++: Not considering ANDROID_NDK_HOME because support was removed after deprecation period.
[        ] C/C++: sdkFolder is /Users/florian/Library/Android/sdk
[        ] C/C++: android.ndkVersion from module build.gradle is [28.2.13676358]
[        ] C/C++: android.ndkPath from module build.gradle is not set
[        ] C/C++: ndk.dir in local.properties is not set
[        ] C/C++: Not considering ANDROID_NDK_HOME because support was removed after deprecation period.
[        ] C/C++: sdkFolder is /Users/florian/Library/Android/sdk
[        ] C/C++: android.ndkVersion from module build.gradle is [28.2.13676358]
[        ] C/C++: android.ndkPath from module build.gradle is not set
[        ] C/C++: ndk.dir in local.properties is not set
[        ] C/C++: Not considering ANDROID_NDK_HOME because support was removed after deprecation period.
[        ] C/C++: sdkFolder is /Users/florian/Library/Android/sdk
[        ] C/C++: android.ndkVersion from module build.gradle is [28.2.13676358]
[        ] C/C++: android.ndkPath from module build.gradle is not set
[        ] C/C++: ndk.dir in local.properties is not set
[        ] C/C++: Not considering ANDROID_NDK_HOME because support was removed after deprecation period.
[        ] C/C++: sdkFolder is /Users/florian/Library/Android/sdk
[        ] C/C++: android.ndkVersion from module build.gradle is [28.2.13676358]
[        ] C/C++: android.ndkPath from module build.gradle is not set
[        ] C/C++: ndk.dir in local.properties is not set
[        ] C/C++: Not considering ANDROID_NDK_HOME because support was removed after deprecation period.
[        ] C/C++: sdkFolder is /Users/florian/Library/Android/sdk
[        ] C/C++: android.ndkVersion from module build.gradle is [28.2.13676358]
[        ] C/C++: android.ndkPath from module build.gradle is not set
[        ] C/C++: ndk.dir in local.properties is not set
[        ] C/C++: Not considering ANDROID_NDK_HOME because support was removed after deprecation period.
[        ] C/C++: sdkFolder is /Users/florian/Library/Android/sdk
[        ] C/C++: android.ndkVersion from module build.gradle is [28.2.13676358]
[        ] C/C++: android.ndkPath from module build.gradle is not set
[        ] C/C++: ndk.dir in local.properties is not set
[        ] C/C++: Not considering ANDROID_NDK_HOME because support was removed after deprecation period.
[        ] C/C++: sdkFolder is /Users/florian/Library/Android/sdk
[        ] C/C++: android.ndkVersion from module build.gradle is [28.2.13676358]
[        ] C/C++: android.ndkPath from module build.gradle is not set
[        ] C/C++: ndk.dir in local.properties is not set
[        ] C/C++: Not considering ANDROID_NDK_HOME because support was removed after deprecation period.
[        ] C/C++: sdkFolder is /Users/florian/Library/Android/sdk
[        ] C/C++: android.ndkVersion from module build.gradle is [28.2.13676358]
[        ] C/C++: android.ndkPath from module build.gradle is not set
[        ] C/C++: ndk.dir in local.properties is not set
[        ] C/C++: Not considering ANDROID_NDK_HOME because support was removed after deprecation period.
[        ] C/C++: sdkFolder is /Users/florian/Library/Android/sdk
[        ] C/C++: android.ndkVersion from module build.gradle is [28.2.13676358]
[        ] C/C++: android.ndkPath from module build.gradle is not set
[        ] C/C++: ndk.dir in local.properties is not set
[        ] C/C++: Not considering ANDROID_NDK_HOME because support was removed after deprecation period.
[        ] C/C++: sdkFolder is /Users/florian/Library/Android/sdk
[        ] C/C++: android.ndkVersion from module build.gradle is [28.2.13676358]
[        ] C/C++: android.ndkPath from module build.gradle is not set
[        ] C/C++: ndk.dir in local.properties is not set
[        ] C/C++: Not considering ANDROID_NDK_HOME because support was removed after deprecation period.
[        ] C/C++: sdkFolder is /Users/florian/Library/Android/sdk
[        ] C/C++: android.ndkVersion from module build.gradle is [28.2.13676358]
[        ] C/C++: android.ndkPath from module build.gradle is not set
[        ] C/C++: ndk.dir in local.properties is not set
[        ] C/C++: Not considering ANDROID_NDK_HOME because support was removed after deprecation period.
[        ] C/C++: sdkFolder is /Users/florian/Library/Android/sdk
[        ] C/C++: android.ndkVersion from module build.gradle is [28.2.13676358]
[        ] C/C++: android.ndkPath from module build.gradle is not set
[        ] C/C++: ndk.dir in local.properties is not set
[        ] C/C++: Not considering ANDROID_NDK_HOME because support was removed after deprecation period.
[        ] C/C++: sdkFolder is /Users/florian/Library/Android/sdk
[        ] C/C++: android.ndkVersion from module build.gradle is [28.2.13676358]
[        ] C/C++: android.ndkPath from module build.gradle is not set
[        ] C/C++: ndk.dir in local.properties is not set
[        ] C/C++: Not considering ANDROID_NDK_HOME because support was removed after deprecation period.
[        ] C/C++: sdkFolder is /Users/florian/Library/Android/sdk
[        ] C/C++: android.ndkVersion from module build.gradle is [28.2.13676358]
[        ] C/C++: android.ndkPath from module build.gradle is not set
[        ] C/C++: ndk.dir in local.properties is not set
[        ] C/C++: Not considering ANDROID_NDK_HOME because support was removed after deprecation period.
[        ] C/C++: sdkFolder is /Users/florian/Library/Android/sdk
[        ] C/C++: android.ndkVersion from module build.gradle is [28.2.13676358]
[        ] C/C++: android.ndkPath from module build.gradle is not set
[        ] C/C++: ndk.dir in local.properties is not set
[        ] C/C++: Not considering ANDROID_NDK_HOME because support was removed after deprecation period.
[        ] C/C++: sdkFolder is /Users/florian/Library/Android/sdk
[        ] C/C++: android.ndkVersion from module build.gradle is [28.2.13676358]
[        ] C/C++: android.ndkPath from module build.gradle is not set
[        ] C/C++: ndk.dir in local.properties is not set
[        ] C/C++: Not considering ANDROID_NDK_HOME because support was removed after deprecation period.
[        ] C/C++: sdkFolder is /Users/florian/Library/Android/sdk
[        ] C/C++: android.ndkVersion from module build.gradle is [28.2.13676358]
[        ] C/C++: android.ndkPath from module build.gradle is not set
[        ] C/C++: ndk.dir in local.properties is not set
[        ] C/C++: Not considering ANDROID_NDK_HOME because support was removed after deprecation period.
[        ] C/C++: sdkFolder is /Users/florian/Library/Android/sdk
[        ] > Configure project :
[        ] Evaluating root project 'android' using build file '/Users/florian/Code/substitution/android/build.gradle'.
[        ] > Configure project :connectivity_plus
[        ] Evaluating project ':connectivity_plus' using build file '/Users/florian/.pub-cache/hosted/pub.dev/connectivity_plus-5.0.2/android/build.gradle'.
[        ] Using default execution profile
[        ] > Configure project :emoji_picker_flutter
[        ] Evaluating project ':emoji_picker_flutter' using build file '/Users/florian/.pub-cache/hosted/pub.dev/emoji_picker_flutter-4.4.0/android/build.gradle'.
[        ] Using default execution profile
[        ] Using Kotlin Gradle Plugin gradle85 variant
11:00 +9 -23: loading /Users/florian/Code/substitution/integration_test/theme_toggle_test.dart                                                                                                         [  +95 ms] > Configure project :file_selector_android
[        ] Evaluating project ':file_selector_android' using build file '/Users/florian/.pub-cache/hosted/pub.dev/file_selector_android-0.5.2+4/android/build.gradle'.
[        ] Using default execution profile
[        ] > Configure project :flutter_keyboard_visibility_temp_fork
[        ] Evaluating project ':flutter_keyboard_visibility_temp_fork' using build file '/Users/florian/.pub-cache/hosted/pub.dev/flutter_keyboard_visibility_temp_fork-0.1.5/android/build.gradle'.
[        ] Using default execution profile
[        ] > Configure project :flutter_native_splash
[        ] Evaluating project ':flutter_native_splash' using build file '/Users/florian/.pub-cache/hosted/pub.dev/flutter_native_splash-2.4.7/android/build.gradle'.
[        ] Using default execution profile
[        ] > Configure project :flutter_olm
[        ] Evaluating project ':flutter_olm' using build file '/Users/florian/.pub-cache/hosted/pub.dev/flutter_olm-2.0.0/android/build.gradle'.
[        ] Using default execution profile
[        ] Using Kotlin Gradle Plugin gradle85 variant
[        ] C/C++: android.ndkVersion from module build.gradle is [27.0.12077973]
[        ] C/C++: android.ndkPath from module build.gradle is not set
[        ] C/C++: ndk.dir in local.properties is not set
[        ] C/C++: Not considering ANDROID_NDK_HOME because support was removed after deprecation period.
[        ] C/C++: sdkFolder is /Users/florian/Library/Android/sdk
[        ] C/C++: android.ndkVersion from module build.gradle is [27.0.12077973]
[        ] C/C++: android.ndkPath from module build.gradle is not set
[        ] C/C++: ndk.dir in local.properties is not set
[        ] C/C++: Not considering ANDROID_NDK_HOME because support was removed after deprecation period.
[        ] C/C++: sdkFolder is /Users/florian/Library/Android/sdk
[        ] C/C++: android.ndkVersion from module build.gradle is [27.0.12077973]
[        ] C/C++: android.ndkPath from module build.gradle is not set
[        ] C/C++: ndk.dir in local.properties is not set
[        ] C/C++: Not considering ANDROID_NDK_HOME because support was removed after deprecation period.
[        ] C/C++: sdkFolder is /Users/florian/Library/Android/sdk
[        ] C/C++: android.ndkVersion from module build.gradle is [27.0.12077973]
[        ] C/C++: android.ndkPath from module build.gradle is not set
[        ] C/C++: ndk.dir in local.properties is not set
[        ] C/C++: Not considering ANDROID_NDK_HOME because support was removed after deprecation period.
[        ] C/C++: sdkFolder is /Users/florian/Library/Android/sdk
[        ] C/C++: android.ndkVersion from module build.gradle is [27.0.12077973]
[        ] C/C++: android.ndkPath from module build.gradle is not set
[        ] C/C++: ndk.dir in local.properties is not set
[        ] C/C++: Not considering ANDROID_NDK_HOME because support was removed after deprecation period.
[        ] C/C++: sdkFolder is /Users/florian/Library/Android/sdk
[        ] C/C++: android.ndkVersion from module build.gradle is [27.0.12077973]
[        ] C/C++: android.ndkPath from module build.gradle is not set
[        ] C/C++: ndk.dir in local.properties is not set
[        ] C/C++: Not considering ANDROID_NDK_HOME because support was removed after deprecation period.
[        ] C/C++: sdkFolder is /Users/florian/Library/Android/sdk
[        ] C/C++: android.ndkVersion from module build.gradle is [27.0.12077973]
[        ] C/C++: android.ndkPath from module build.gradle is not set
[        ] C/C++: ndk.dir in local.properties is not set
[        ] C/C++: Not considering ANDROID_NDK_HOME because support was removed after deprecation period.
[        ] C/C++: sdkFolder is /Users/florian/Library/Android/sdk
[        ] C/C++: android.ndkVersion from module build.gradle is [27.0.12077973]
[        ] C/C++: android.ndkPath from module build.gradle is not set
[        ] C/C++: ndk.dir in local.properties is not set
[        ] C/C++: Not considering ANDROID_NDK_HOME because support was removed after deprecation period.
[        ] C/C++: sdkFolder is /Users/florian/Library/Android/sdk
[        ] C/C++: android.ndkVersion from module build.gradle is [27.0.12077973]
[        ] C/C++: android.ndkPath from module build.gradle is not set
[        ] C/C++: ndk.dir in local.properties is not set
[        ] C/C++: Not considering ANDROID_NDK_HOME because support was removed after deprecation period.
[        ] C/C++: sdkFolder is /Users/florian/Library/Android/sdk
[        ] C/C++: android.ndkVersion from module build.gradle is [27.0.12077973]
[        ] C/C++: android.ndkPath from module build.gradle is not set
[        ] C/C++: ndk.dir in local.properties is not set
[        ] C/C++: Not considering ANDROID_NDK_HOME because support was removed after deprecation period.
[        ] C/C++: sdkFolder is /Users/florian/Library/Android/sdk
[        ] C/C++: android.ndkVersion from module build.gradle is [27.0.12077973]
[        ] C/C++: android.ndkPath from module build.gradle is not set
[        ] C/C++: ndk.dir in local.properties is not set
[        ] C/C++: Not considering ANDROID_NDK_HOME because support was removed after deprecation period.
[        ] C/C++: sdkFolder is /Users/florian/Library/Android/sdk
[        ] C/C++: android.ndkVersion from module build.gradle is [27.0.12077973]
[        ] C/C++: android.ndkPath from module build.gradle is not set
[        ] C/C++: ndk.dir in local.properties is not set
[        ] C/C++: Not considering ANDROID_NDK_HOME because support was removed after deprecation period.
[        ] C/C++: sdkFolder is /Users/florian/Library/Android/sdk
[        ] C/C++: android.ndkVersion from module build.gradle is [27.0.12077973]
[        ] C/C++: android.ndkPath from module build.gradle is not set
[        ] C/C++: ndk.dir in local.properties is not set
[        ] C/C++: Not considering ANDROID_NDK_HOME because support was removed after deprecation period.
[        ] C/C++: sdkFolder is /Users/florian/Library/Android/sdk
[        ] C/C++: android.ndkVersion from module build.gradle is [27.0.12077973]
[        ] C/C++: android.ndkPath from module build.gradle is not set
[        ] C/C++: ndk.dir in local.properties is not set
[        ] C/C++: Not considering ANDROID_NDK_HOME because support was removed after deprecation period.
[        ] C/C++: sdkFolder is /Users/florian/Library/Android/sdk
[        ] C/C++: android.ndkVersion from module build.gradle is [27.0.12077973]
[        ] C/C++: android.ndkPath from module build.gradle is not set
[        ] C/C++: ndk.dir in local.properties is not set
[        ] C/C++: Not considering ANDROID_NDK_HOME because support was removed after deprecation period.
[        ] C/C++: sdkFolder is /Users/florian/Library/Android/sdk
[        ] C/C++: android.ndkVersion from module build.gradle is [27.0.12077973]
[        ] C/C++: android.ndkPath from module build.gradle is not set
[        ] C/C++: ndk.dir in local.properties is not set
[        ] C/C++: Not considering ANDROID_NDK_HOME because support was removed after deprecation period.
[        ] C/C++: sdkFolder is /Users/florian/Library/Android/sdk
[        ] C/C++: android.ndkVersion from module build.gradle is [27.0.12077973]
[        ] C/C++: android.ndkPath from module build.gradle is not set
[        ] C/C++: ndk.dir in local.properties is not set
[        ] C/C++: Not considering ANDROID_NDK_HOME because support was removed after deprecation period.
[        ] C/C++: sdkFolder is /Users/florian/Library/Android/sdk
[        ] C/C++: android.ndkVersion from module build.gradle is [27.0.12077973]
[        ] C/C++: android.ndkPath from module build.gradle is not set
[        ] C/C++: ndk.dir in local.properties is not set
[        ] C/C++: Not considering ANDROID_NDK_HOME because support was removed after deprecation period.
[        ] C/C++: sdkFolder is /Users/florian/Library/Android/sdk
[        ] C/C++: android.ndkVersion from module build.gradle is [27.0.12077973]
[        ] C/C++: android.ndkPath from module build.gradle is not set
[        ] C/C++: ndk.dir in local.properties is not set
[        ] C/C++: Not considering ANDROID_NDK_HOME because support was removed after deprecation period.
[        ] C/C++: sdkFolder is /Users/florian/Library/Android/sdk
[ +100 ms] > Configure project :flutter_openssl_crypto
[        ] Evaluating project ':flutter_openssl_crypto' using build file '/Users/florian/.pub-cache/hosted/pub.dev/flutter_openssl_crypto-0.5.0/android/build.gradle'.
[        ] Using default execution profile
[        ] Using Kotlin Gradle Plugin gradle85 variant
[        ] C/C++: android.ndkVersion from module build.gradle is [27.0.12077973]
[        ] C/C++: android.ndkPath from module build.gradle is not set
[        ] C/C++: ndk.dir in local.properties is not set
[        ] C/C++: Not considering ANDROID_NDK_HOME because support was removed after deprecation period.
[        ] C/C++: sdkFolder is /Users/florian/Library/Android/sdk
[        ] C/C++: android.ndkVersion from module build.gradle is [27.0.12077973]
[        ] C/C++: android.ndkPath from module build.gradle is not set
[        ] C/C++: ndk.dir in local.properties is not set
[        ] C/C++: Not considering ANDROID_NDK_HOME because support was removed after deprecation period.
[        ] C/C++: sdkFolder is /Users/florian/Library/Android/sdk
[        ] C/C++: android.ndkVersion from module build.gradle is [27.0.12077973]
[        ] C/C++: android.ndkPath from module build.gradle is not set
[        ] C/C++: ndk.dir in local.properties is not set
[        ] C/C++: Not considering ANDROID_NDK_HOME because support was removed after deprecation period.
[        ] C/C++: sdkFolder is /Users/florian/Library/Android/sdk
[        ] C/C++: android.ndkVersion from module build.gradle is [27.0.12077973]
[        ] C/C++: android.ndkPath from module build.gradle is not set
[        ] C/C++: ndk.dir in local.properties is not set
[        ] C/C++: Not considering ANDROID_NDK_HOME because support was removed after deprecation period.
[        ] C/C++: sdkFolder is /Users/florian/Library/Android/sdk
[        ] C/C++: android.ndkVersion from module build.gradle is [27.0.12077973]
[        ] C/C++: android.ndkPath from module build.gradle is not set
[        ] C/C++: ndk.dir in local.properties is not set
[        ] C/C++: Not considering ANDROID_NDK_HOME because support was removed after deprecation period.
[        ] C/C++: sdkFolder is /Users/florian/Library/Android/sdk
[        ] C/C++: android.ndkVersion from module build.gradle is [27.0.12077973]
[        ] C/C++: android.ndkPath from module build.gradle is not set
[        ] C/C++: ndk.dir in local.properties is not set
[        ] C/C++: Not considering ANDROID_NDK_HOME because support was removed after deprecation period.
[        ] C/C++: sdkFolder is /Users/florian/Library/Android/sdk
[        ] C/C++: android.ndkVersion from module build.gradle is [27.0.12077973]
[        ] C/C++: android.ndkPath from module build.gradle is not set
[        ] C/C++: ndk.dir in local.properties is not set
[        ] C/C++: Not considering ANDROID_NDK_HOME because support was removed after deprecation period.
[        ] C/C++: sdkFolder is /Users/florian/Library/Android/sdk
[        ] C/C++: android.ndkVersion from module build.gradle is [27.0.12077973]
[        ] C/C++: android.ndkPath from module build.gradle is not set
[        ] C/C++: ndk.dir in local.properties is not set
[        ] C/C++: Not considering ANDROID_NDK_HOME because support was removed after deprecation period.
[        ] C/C++: sdkFolder is /Users/florian/Library/Android/sdk
[        ] C/C++: android.ndkVersion from module build.gradle is [27.0.12077973]
[        ] C/C++: android.ndkPath from module build.gradle is not set
[        ] C/C++: ndk.dir in local.properties is not set
[        ] C/C++: Not considering ANDROID_NDK_HOME because support was removed after deprecation period.
[        ] C/C++: sdkFolder is /Users/florian/Library/Android/sdk
[        ] C/C++: android.ndkVersion from module build.gradle is [27.0.12077973]
[        ] C/C++: android.ndkPath from module build.gradle is not set
[        ] C/C++: ndk.dir in local.properties is not set
[        ] C/C++: Not considering ANDROID_NDK_HOME because support was removed after deprecation period.
[        ] C/C++: sdkFolder is /Users/florian/Library/Android/sdk
[        ] C/C++: android.ndkVersion from module build.gradle is [27.0.12077973]
[        ] C/C++: android.ndkPath from module build.gradle is not set
[        ] C/C++: ndk.dir in local.properties is not set
[        ] C/C++: Not considering ANDROID_NDK_HOME because support was removed after deprecation period.
[        ] C/C++: sdkFolder is /Users/florian/Library/Android/sdk
[        ] C/C++: android.ndkVersion from module build.gradle is [27.0.12077973]
[        ] C/C++: android.ndkPath from module build.gradle is not set
[        ] C/C++: ndk.dir in local.properties is not set
[        ] C/C++: Not considering ANDROID_NDK_HOME because support was removed after deprecation period.
[        ] C/C++: sdkFolder is /Users/florian/Library/Android/sdk
[        ] C/C++: android.ndkVersion from module build.gradle is [27.0.12077973]
[        ] C/C++: android.ndkPath from module build.gradle is not set
[        ] C/C++: ndk.dir in local.properties is not set
[        ] C/C++: Not considering ANDROID_NDK_HOME because support was removed after deprecation period.
[        ] C/C++: sdkFolder is /Users/florian/Library/Android/sdk
[        ] C/C++: android.ndkVersion from module build.gradle is [27.0.12077973]
[        ] C/C++: android.ndkPath from module build.gradle is not set
[        ] C/C++: ndk.dir in local.properties is not set
[        ] C/C++: Not considering ANDROID_NDK_HOME because support was removed after deprecation period.
[        ] C/C++: sdkFolder is /Users/florian/Library/Android/sdk
[        ] C/C++: android.ndkVersion from module build.gradle is [27.0.12077973]
[        ] C/C++: android.ndkPath from module build.gradle is not set
[        ] C/C++: ndk.dir in local.properties is not set
[        ] C/C++: Not considering ANDROID_NDK_HOME because support was removed after deprecation period.
[        ] C/C++: sdkFolder is /Users/florian/Library/Android/sdk
[        ] C/C++: android.ndkVersion from module build.gradle is [27.0.12077973]
[        ] C/C++: android.ndkPath from module build.gradle is not set
[        ] C/C++: ndk.dir in local.properties is not set
[        ] C/C++: Not considering ANDROID_NDK_HOME because support was removed after deprecation period.
[        ] C/C++: sdkFolder is /Users/florian/Library/Android/sdk
[        ] C/C++: android.ndkVersion from module build.gradle is [27.0.12077973]
[        ] C/C++: android.ndkPath from module build.gradle is not set
[        ] C/C++: ndk.dir in local.properties is not set
[        ] C/C++: Not considering ANDROID_NDK_HOME because support was removed after deprecation period.
[        ] C/C++: sdkFolder is /Users/florian/Library/Android/sdk
[        ] C/C++: android.ndkVersion from module build.gradle is [27.0.12077973]
[        ] C/C++: android.ndkPath from module build.gradle is not set
[        ] C/C++: ndk.dir in local.properties is not set
[        ] C/C++: Not considering ANDROID_NDK_HOME because support was removed after deprecation period.
[        ] C/C++: sdkFolder is /Users/florian/Library/Android/sdk
[        ] C/C++: android.ndkVersion from module build.gradle is [27.0.12077973]
[        ] C/C++: android.ndkPath from module build.gradle is not set
[        ] C/C++: ndk.dir in local.properties is not set
[        ] C/C++: Not considering ANDROID_NDK_HOME because support was removed after deprecation period.
[        ] C/C++: sdkFolder is /Users/florian/Library/Android/sdk
[        ] > Configure project :integration_test
[        ] Evaluating project ':integration_test' using build file '/opt/homebrew/share/flutter/packages/integration_test/android/build.gradle.kts'.
[        ] Resolved plugin [id: 'com.android.library']
[        ] Using default execution profile
[        ] > Configure project :path_provider_android
[        ] Evaluating project ':path_provider_android' using build file '/Users/florian/.pub-cache/hosted/pub.dev/path_provider_android-2.2.22/android/build.gradle'.
[        ] Using default execution profile
[        ] > Configure project :quill_native_bridge_android
[        ] Evaluating project ':quill_native_bridge_android' using build file '/Users/florian/.pub-cache/hosted/pub.dev/quill_native_bridge_android-0.0.1+2/android/build.gradle'.
[        ] Using default execution profile
[        ] Using Kotlin Gradle Plugin gradle85 variant
[        ] > Configure project :shared_preferences_android
[        ] Evaluating project ':shared_preferences_android' using build file '/Users/florian/.pub-cache/hosted/pub.dev/shared_preferences_android-2.4.20/android/build.gradle'.
[        ] Using default execution profile
[        ] Using Kotlin Gradle Plugin gradle85 variant
[ +102 ms] > Configure project :sqflite_android
[        ] Evaluating project ':sqflite_android' using build file '/Users/florian/.pub-cache/hosted/pub.dev/sqflite_android-2.4.2+2/android/build.gradle'.
[        ] Using default execution profile
[        ] > Configure project :url_launcher_android
[        ] Evaluating project ':url_launcher_android' using build file '/Users/florian/.pub-cache/hosted/pub.dev/url_launcher_android-6.3.28/android/build.gradle'.
[        ] Using default execution profile
[        ] > Configure project :video_player_android
[        ] Evaluating project ':video_player_android' using build file '/Users/florian/.pub-cache/hosted/pub.dev/video_player_android-2.9.1/android/build.gradle'.
[        ] Using default execution profile
[        ] Using Kotlin Gradle Plugin gradle85 variant
[        ] All projects evaluated.
[        ] Task name matched 'assembleDebug'
[        ] Selected primary task 'assembleDebug' from project :
[        ] Adding -Xuse-inline-scopes-numbers Kotlin compiler flag for task :app:compileDebugKotlin
[  +96 ms] Tasks to be executed: [task ':app:preBuild', task ':app:preDebugBuild', task ':app:mergeDebugNativeDebugMetadata', task ':app:checkKotlinGradlePluginConfigurationErrors', task ':app:compileFlutterBuildDebug', task ':app:packJniLibsflutterBuildDebug', task ':connectivity_plus:preBuild', task ':connectivity_plus:preDebugBuild', task ':connectivity_plus:writeDebugAarMetadata', task ':emoji_picker_flutter:preBuild', task ':emoji_picker_flutter:preDebugBuild', task ':emoji_picker_flutter:writeDebugAarMetadata', task ':file_selector_android:preBuild', task ':file_selector_android:preDebugBuild', task ':file_selector_android:writeDebugAarMetadata', task ':flutter_keyboard_visibility_temp_fork:preBuild', task ':flutter_keyboard_visibility_temp_fork:preDebugBuild', task ':flutter_keyboard_visibility_temp_fork:writeDebugAarMetadata', task ':flutter_native_splash:preBuild', task ':flutter_native_splash:preDebugBuild', task ':flutter_native_splash:writeDebugAarMetadata', task ':flutter_olm:preBuild', task ':flutter_olm:preDebugBuild', task ':flutter_olm:writeDebugAarMetadata', task ':flutter_openssl_crypto:preBuild', task ':flutter_openssl_crypto:preDebugBuild', task ':flutter_openssl_crypto:writeDebugAarMetadata', task ':integration_test:preBuild', task ':integration_test:preDebugBuild', task ':integration_test:writeDebugAarMetadata', task ':path_provider_android:preBuild', task ':path_provider_android:preDebugBuild', task ':path_provider_android:writeDebugAarMetadata', task ':quill_native_bridge_android:preBuild', task ':quill_native_bridge_android:preDebugBuild', task ':quill_native_bridge_android:writeDebugAarMetadata', task ':shared_preferences_android:preBuild', task ':shared_preferences_android:preDebugBuild', task ':shared_preferences_android:writeDebugAarMetadata', task ':sqflite_android:preBuild', task ':sqflite_android:preDebugBuild', task ':sqflite_android:writeDebugAarMetadata', task ':url_launcher_android:preBuild', task ':url_launcher_android:preDebugBuild', task ':url_launcher_android:writeDebugAarMetadata', task ':video_player_android:preBuild', task ':video_player_android:preDebugBuild', task ':video_player_android:writeDebugAarMetadata', task ':app:checkDebugAarMetadata', task ':app:cleanMergeDebugAssets', task ':app:mergeDebugShaders', task ':app:compileDebugShaders', task ':app:generateDebugAssets', task ':connectivity_plus:mergeDebugShaders', task ':connectivity_plus:compileDebugShaders', task ':connectivity_plus:generateDebugAssets', task ':connectivity_plus:mergeDebugAssets', task ':emoji_picker_flutter:mergeDebugShaders', task ':emoji_picker_flutter:compileDebugShaders', task ':emoji_picker_flutter:generateDebugAssets', task ':emoji_picker_flutter:mergeDebugAssets', task ':file_selector_android:mergeDebugShaders', task ':file_selector_android:compileDebugShaders', task ':file_selector_android:generateDebugAssets', task ':file_selector_android:mergeDebugAssets', task ':flutter_keyboard_visibility_temp_fork:mergeDebugShaders', task ':flutter_keyboard_visibility_temp_fork:compileDebugShaders', task ':flutter_keyboard_visibility_temp_fork:generateDebugAssets', task ':flutter_keyboard_visibility_temp_fork:mergeDebugAssets', task ':flutter_native_splash:mergeDebugShaders', task ':flutter_native_splash:compileDebugShaders', task ':flutter_native_splash:generateDebugAssets', task ':flutter_native_splash:mergeDebugAssets', task ':flutter_olm:mergeDebugShaders', task ':flutter_olm:compileDebugShaders', task ':flutter_olm:generateDebugAssets', task ':flutter_olm:mergeDebugAssets', task ':flutter_openssl_crypto:mergeDebugShaders', task ':flutter_openssl_crypto:compileDebugShaders', task ':flutter_openssl_crypto:generateDebugAssets', task ':flutter_openssl_crypto:mergeDebugAssets', task ':integration_test:mergeDebugShaders', task ':integration_test:compileDebugShaders', task ':integration_test:generateDebugAssets', task ':integration_test:mergeDebugAssets', task ':path_provider_android:mergeDebugShaders', task ':path_provider_android:compileDebugShaders', task ':path_provider_android:generateDebugAssets', task ':path_provider_android:mergeDebugAssets', task ':quill_native_bridge_android:mergeDebugShaders', task ':quill_native_bridge_android:compileDebugShaders', task ':quill_native_bridge_android:generateDebugAssets', task ':quill_native_bridge_android:mergeDebugAssets', task ':shared_preferences_android:mergeDebugShaders', task ':shared_preferences_android:compileDebugShaders', task ':shared_preferences_android:generateDebugAssets', task ':shared_preferences_android:mergeDebugAssets', task ':sqflite_android:mergeDebugShaders', task ':sqflite_android:compileDebugShaders', task ':sqflite_android:generateDebugAssets', task ':sqflite_android:mergeDebugAssets', task ':url_launcher_android:mergeDebugShaders', task ':url_launcher_android:compileDebugShaders', task ':url_launcher_android:generateDebugAssets', task ':url_launcher_android:mergeDebugAssets', task ':video_player_android:mergeDebugShaders', task ':video_player_android:compileDebugShaders', task ':video_player_android:generateDebugAssets', task ':video_player_android:mergeDebugAssets', task ':app:mergeDebugAssets', task ':app:copyFlutterAssetsDebug', task ':app:generateDebugResValues', task ':connectivity_plus:generateDebugResValues', task ':connectivity_plus:generateDebugResources', task ':connectivity_plus:packageDebugResources', task ':emoji_picker_flutter:generateDebugResValues', task ':emoji_picker_flutter:generateDebugResources', task ':emoji_picker_flutter:packageDebugResources', task ':file_selector_android:generateDebugResValues', task ':file_selector_android:generateDebugResources', task ':file_selector_android:packageDebugResources', task ':flutter_keyboard_visibility_temp_fork:generateDebugResValues', task ':flutter_keyboard_visibility_temp_fork:generateDebugResources', task ':flutter_keyboard_visibility_temp_fork:packageDebugResources', task ':flutter_native_splash:generateDebugResValues', task ':flutter_native_splash:generateDebugResources', task ':flutter_native_splash:packageDebugResources', task ':flutter_olm:generateDebugResValues', task ':flutter_olm:generateDebugResources', task ':flutter_olm:packageDebugResources', task ':flutter_openssl_crypto:generateDebugResValues', task ':flutter_openssl_crypto:generateDebugResources', task ':flutter_openssl_crypto:packageDebugResources', task ':integration_test:generateDebugResValues', task ':integration_test:generateDebugResources', task ':integration_test:packageDebugResources', task ':path_provider_android:generateDebugResValues', task ':path_provider_android:generateDebugResources', task ':path_provider_android:packageDebugResources', task ':quill_native_bridge_android:generateDebugResValues', task ':quill_native_bridge_android:generateDebugResources', task ':quill_native_bridge_android:packageDebugResources', task ':shared_preferences_android:generateDebugResValues', task ':shared_preferences_android:generateDebugResources', task ':shared_preferences_android:packageDebugResources', task ':sqflite_android:generateDebugResValues', task ':sqflite_android:generateDebugResources', task ':sqflite_android:packageDebugResources', task ':url_launcher_android:generateDebugResValues', task ':url_launcher_android:generateDebugResources', task ':url_launcher_android:packageDebugResources', task ':video_player_android:generateDebugResValues', task ':video_player_android:generateDebugResources', task ':video_player_android:packageDebugResources', task ':app:mapDebugSourceSetPaths', task ':app:generateDebugResources', task ':app:mergeDebugResources', task ':app:packageDebugResources', task ':app:parseDebugLocalResources', task ':app:createDebugCompatibleScreenManifests', task ':app:extractDeepLinksDebug', task ':connectivity_plus:extractDeepLinksDebug', task ':connectivity_plus:processDebugManifest', task ':emoji_picker_flutter:extractDeepLinksDebug', task ':emoji_picker_flutter:processDebugManifest', task ':file_selector_android:extractDeepLinksDebug', task ':file_selector_android:processDebugManifest', task ':flutter_keyboard_visibility_temp_fork:extractDeepLinksDebug', task ':flutter_keyboard_visibility_temp_fork:processDebugManifest', task ':flutter_native_splash:extractDeepLinksDebug', task ':flutter_native_splash:processDebugManifest', task ':flutter_olm:extractDeepLinksDebug', task ':flutter_olm:processDebugManifest', task ':flutter_openssl_crypto:extractDeepLinksDebug', task ':flutter_openssl_crypto:processDebugManifest', task ':integration_test:extractDeepLinksDebug', task ':integration_test:processDebugManifest', task ':path_provider_android:extractDeepLinksDebug', task ':path_provider_android:processDebugManifest', task ':quill_native_bridge_android:extractDeepLinksDebug', task ':quill_native_bridge_android:processDebugManifest', task ':shared_preferences_android:extractDeepLinksDebug', task ':shared_preferences_android:processDebugManifest', task ':sqflite_android:extractDeepLinksDebug', task ':sqflite_android:processDebugManifest', task ':url_launcher_android:extractDeepLinksDebug', task ':url_launcher_android:processDebugManifest', task ':video_player_android:extractDeepLinksDebug', task ':video_player_android:processDebugManifest', task ':app:processDebugMainManifest', task ':app:outputDebugAppLinkSettings', task ':app:processDebugManifest', task ':app:processDebugManifestForPackage', task ':connectivity_plus:compileDebugLibraryResources', task ':connectivity_plus:parseDebugLocalResources', task ':connectivity_plus:generateDebugRFile', task ':emoji_picker_flutter:compileDebugLibraryResources', task ':emoji_picker_flutter:parseDebugLocalResources', task ':emoji_picker_flutter:generateDebugRFile', task ':file_selector_android:compileDebugLibraryResources', task ':file_selector_android:parseDebugLocalResources', task ':file_selector_android:generateDebugRFile', task ':flutter_keyboard_visibility_temp_fork:compileDebugLibraryResources', task ':flutter_keyboard_visibility_temp_fork:parseDebugLocalResources', task ':flutter_keyboard_visibility_temp_fork:generateDebugRFile', task ':flutter_native_splash:compileDebugLibraryResources', task ':flutter_native_splash:parseDebugLocalResources', task ':flutter_native_splash:generateDebugRFile', task ':flutter_olm:compileDebugLibraryResources', task ':flutter_olm:parseDebugLocalResources', task ':flutter_olm:generateDebugRFile', task ':flutter_openssl_crypto:compileDebugLibraryResources', task ':flutter_openssl_crypto:parseDebugLocalResources', task ':flutter_openssl_crypto:generateDebugRFile', task ':integration_test:compileDebugLibraryResources', task ':integration_test:parseDebugLocalResources', task ':integration_test:generateDebugRFile', task ':path_provider_android:compileDebugLibraryResources', task ':path_provider_android:parseDebugLocalResources', task ':path_provider_android:generateDebugRFile', task ':quill_native_bridge_android:compileDebugLibraryResources', task ':quill_native_bridge_android:parseDebugLocalResources', task ':quill_native_bridge_android:generateDebugRFile', task ':shared_preferences_android:compileDebugLibraryResources', task ':shared_preferences_android:parseDebugLocalResources', task ':shared_preferences_android:generateDebugRFile', task ':sqflite_android:compileDebugLibraryResources', task ':sqflite_android:parseDebugLocalResources', task ':sqflite_android:generateDebugRFile', task ':url_launcher_android:compileDebugLibraryResources', task ':url_launcher_android:parseDebugLocalResources', task ':url_launcher_android:generateDebugRFile', task ':video_player_android:compileDebugLibraryResources', task ':video_player_android:parseDebugLocalResources', task ':video_player_android:generateDebugRFile', task ':app:processDebugResources', task ':connectivity_plus:javaPreCompileDebug', task ':connectivity_plus:compileDebugJavaWithJavac', task ':connectivity_plus:bundleLibCompileToJarDebug', task ':emoji_picker_flutter:checkKotlinGradlePluginConfigurationErrors', task ':emoji_picker_flutter:compileDebugKotlin', task ':emoji_picker_flutter:javaPreCompileDebug', task ':emoji_picker_flutter:compileDebugJavaWithJavac', task ':emoji_picker_flutter:bundleLibCompileToJarDebug', task ':file_selector_android:javaPreCompileDebug', task ':file_selector_android:compileDebugJavaWithJavac', task ':file_selector_android:bundleLibCompileToJarDebug', task ':flutter_keyboard_visibility_temp_fork:javaPreCompileDebug', task ':flutter_keyboard_visibility_temp_fork:compileDebugJavaWithJavac', task ':flutter_keyboard_visibility_temp_fork:bundleLibCompileToJarDebug', task ':flutter_native_splash:javaPreCompileDebug', task ':flutter_native_splash:compileDebugJavaWithJavac', task ':flutter_native_splash:bundleLibCompileToJarDebug', task ':flutter_olm:checkKotlinGradlePluginConfigurationErrors', task ':flutter_olm:compileDebugKotlin', task ':flutter_olm:javaPreCompileDebug', task ':flutter_olm:compileDebugJavaWithJavac', task ':flutter_olm:bundleLibCompileToJarDebug', task ':flutter_openssl_crypto:checkKotlinGradlePluginConfigurationErrors', task ':flutter_openssl_crypto:compileDebugKotlin', task ':flutter_openssl_crypto:javaPreCompileDebug', task ':flutter_openssl_crypto:compileDebugJavaWithJavac', task ':flutter_openssl_crypto:bundleLibCompileToJarDebug', task ':integration_test:javaPreCompileDebug', task ':integration_test:compileDebugJavaWithJavac', task ':integration_test:bundleLibCompileToJarDebug', task ':path_provider_android:javaPreCompileDebug', task ':path_provider_android:compileDebugJavaWithJavac', task ':path_provider_android:bundleLibCompileToJarDebug', task ':quill_native_bridge_android:checkKotlinGradlePluginConfigurationErrors', task ':quill_native_bridge_android:compileDebugKotlin', task ':quill_native_bridge_android:javaPreCompileDebug', task ':quill_native_bridge_android:compileDebugJavaWithJavac', task ':quill_native_bridge_android:bundleLibCompileToJarDebug', task ':shared_preferences_android:checkKotlinGradlePluginConfigurationErrors', task ':shared_preferences_android:compileDebugKotlin', task ':shared_preferences_android:javaPreCompileDebug', task ':shared_preferences_android:compileDebugJavaWithJavac', task ':shared_preferences_android:bundleLibCompileToJarDebug', task ':sqflite_android:javaPreCompileDebug', task ':sqflite_android:compileDebugJavaWithJavac', task ':sqflite_android:bundleLibCompileToJarDebug', task ':url_launcher_android:generateDebugBuildConfig', task ':url_launcher_android:javaPreCompileDebug', task ':url_launcher_android:compileDebugJavaWithJavac', task ':url_launcher_android:bundleLibCompileToJarDebug', task ':video_player_android:checkKotlinGradlePluginConfigurationErrors', task ':video_player_android:compileDebugKotlin', task ':video_player_android:javaPreCompileDebug', task ':video_player_android:compileDebugJavaWithJavac', task ':video_player_android:bundleLibCompileToJarDebug', task ':app:compileDebugKotlin', task ':app:javaPreCompileDebug', task ':app:compileDebugJavaWithJavac', task ':app:compressDebugAssets', task ':app:processDebugJavaRes', task ':connectivity_plus:processDebugJavaRes', task ':emoji_picker_flutter:processDebugJavaRes', task ':file_selector_android:processDebugJavaRes', task ':flutter_keyboard_visibility_temp_fork:processDebugJavaRes', task ':flutter_native_splash:processDebugJavaRes', task ':flutter_olm:processDebugJavaRes', task ':flutter_openssl_crypto:processDebugJavaRes', task ':integration_test:processDebugJavaRes', task ':path_provider_android:processDebugJavaRes', task ':quill_native_bridge_android:processDebugJavaRes', task ':shared_preferences_android:processDebugJavaRes', task ':sqflite_android:processDebugJavaRes', task ':url_launcher_android:processDebugJavaRes', task ':video_player_android:processDebugJavaRes', task ':app:mergeDebugJavaResource', task ':app:checkDebugDuplicateClasses', task ':app:desugarDebugFileDependencies', task ':app:mergeExtDexDebug', task ':connectivity_plus:bundleLibRuntimeToDirDebug', task ':emoji_picker_flutter:bundleLibRuntimeToDirDebug', task ':file_selector_android:bundleLibRuntimeToDirDebug', task ':flutter_keyboard_visibility_temp_fork:bundleLibRuntimeToDirDebug', task ':flutter_native_splash:bundleLibRuntimeToDirDebug', task ':flutter_olm:bundleLibRuntimeToDirDebug', task ':flutter_openssl_crypto:bundleLibRuntimeToDirDebug', task ':integration_test:bundleLibRuntimeToDirDebug', task ':path_provider_android:bundleLibRuntimeToDirDebug', task ':quill_native_bridge_android:bundleLibRuntimeToDirDebug', task ':shared_preferences_android:bundleLibRuntimeToDirDebug', task ':sqflite_android:bundleLibRuntimeToDirDebug', task ':url_launcher_android:bundleLibRuntimeToDirDebug', task ':video_player_android:bundleLibRuntimeToDirDebug', task ':app:mergeLibDexDebug', task ':app:dexBuilderDebug', task ':app:mergeProjectDexDebug', task ':app:configureCMakeDebug[arm64-v8a]', task ':app:buildCMakeDebug[arm64-v8a]', task ':app:configureCMakeDebug[armeabi-v7a]', task ':app:buildCMakeDebug[armeabi-v7a]', task ':app:configureCMakeDebug[x86_64]', task ':app:buildCMakeDebug[x86_64]', task ':app:mergeDebugJniLibFolders', task ':connectivity_plus:mergeDebugJniLibFolders', task ':connectivity_plus:mergeDebugNativeLibs', task ':connectivity_plus:copyDebugJniLibsProjectOnly', task ':emoji_picker_flutter:mergeDebugJniLibFolders', task ':emoji_picker_flutter:mergeDebugNativeLibs', task ':emoji_picker_flutter:copyDebugJniLibsProjectOnly', task ':file_selector_android:mergeDebugJniLibFolders', task ':file_selector_android:mergeDebugNativeLibs', task ':file_selector_android:copyDebugJniLibsProjectOnly', task ':flutter_keyboard_visibility_temp_fork:mergeDebugJniLibFolders', task ':flutter_keyboard_visibility_temp_fork:mergeDebugNativeLibs', task ':flutter_keyboard_visibility_temp_fork:copyDebugJniLibsProjectOnly', task ':flutter_native_splash:mergeDebugJniLibFolders', task ':flutter_native_splash:mergeDebugNativeLibs', task ':flutter_native_splash:copyDebugJniLibsProjectOnly', task ':flutter_olm:preProfileBuild', task ':flutter_olm:configureCMakeDebug[arm64-v8a]', task ':flutter_olm:buildCMakeDebug[arm64-v8a]', task ':flutter_olm:configureCMakeDebug[armeabi-v7a]', task ':flutter_olm:buildCMakeDebug[armeabi-v7a]', task ':flutter_olm:configureCMakeDebug[x86]', task ':flutter_olm:buildCMakeDebug[x86]', task ':flutter_olm:configureCMakeDebug[x86_64]', task ':flutter_olm:buildCMakeDebug[x86_64]', task ':flutter_olm:mergeDebugJniLibFolders', task ':flutter_olm:mergeDebugNativeLibs', task ':flutter_olm:copyDebugJniLibsProjectOnly', task ':flutter_openssl_crypto:preProfileBuild', task ':flutter_openssl_crypto:configureCMakeDebug[arm64-v8a]', task ':flutter_openssl_crypto:buildCMakeDebug[arm64-v8a]', task ':flutter_openssl_crypto:configureCMakeDebug[armeabi-v7a]', task ':flutter_openssl_crypto:buildCMakeDebug[armeabi-v7a]', task ':flutter_openssl_crypto:configureCMakeDebug[x86]', task ':flutter_openssl_crypto:buildCMakeDebug[x86]', task ':flutter_openssl_crypto:configureCMakeDebug[x86_64]', task ':flutter_openssl_crypto:buildCMakeDebug[x86_64]', task ':flutter_openssl_crypto:mergeDebugJniLibFolders', task ':flutter_openssl_crypto:mergeDebugNativeLibs', task ':flutter_openssl_crypto:copyDebugJniLibsProjectOnly', task ':integration_test:mergeDebugJniLibFolders', task ':integration_test:mergeDebugNativeLibs', task ':integration_test:copyDebugJniLibsProjectOnly', task ':path_provider_android:mergeDebugJniLibFolders', task ':path_provider_android:mergeDebugNativeLibs', task ':path_provider_android:copyDebugJniLibsProjectOnly', task ':quill_native_bridge_android:mergeDebugJniLibFolders', task ':quill_native_bridge_android:mergeDebugNativeLibs', task ':quill_native_bridge_android:copyDebugJniLibsProjectOnly', task ':shared_preferences_android:mergeDebugJniLibFolders', task ':shared_preferences_android:mergeDebugNativeLibs', task ':shared_preferences_android:copyDebugJniLibsProjectOnly', task ':sqflite_android:mergeDebugJniLibFolders', task ':sqflite_android:mergeDebugNativeLibs', task ':sqflite_android:copyDebugJniLibsProjectOnly', task ':url_launcher_android:mergeDebugJniLibFolders', task ':url_launcher_android:mergeDebugNativeLibs', task ':url_launcher_android:copyDebugJniLibsProjectOnly', task ':video_player_android:mergeDebugJniLibFolders', task ':video_player_android:mergeDebugNativeLibs', task ':video_player_android:copyDebugJniLibsProjectOnly', task ':app:mergeDebugNativeLibs', task ':app:stripDebugDebugSymbols', task ':app:validateSigningDebug', task ':app:writeDebugAppMetadata', task ':app:writeDebugSigningConfigVersions', task ':app:packageDebug', task ':app:createDebugApkListingFileRedirect', task ':app:assembleDebug', task ':connectivity_plus:stripDebugDebugSymbols', task ':connectivity_plus:copyDebugJniLibsProjectAndLocalJars', task ':connectivity_plus:extractDebugAnnotations', task ':connectivity_plus:extractDeepLinksForAarDebug', task ':connectivity_plus:mergeDebugGeneratedProguardFiles', task ':connectivity_plus:mergeDebugConsumerProguardFiles', task ':connectivity_plus:prepareDebugArtProfile', task ':connectivity_plus:prepareLintJarForPublish', task ':connectivity_plus:mergeDebugJavaResource', task ':connectivity_plus:syncDebugLibJars', task ':connectivity_plus:bundleDebugAar', task ':connectivity_plus:assembleDebug', task ':emoji_picker_flutter:stripDebugDebugSymbols', task ':emoji_picker_flutter:copyDebugJniLibsProjectAndLocalJars', task ':emoji_picker_flutter:extractDebugAnnotations', task ':emoji_picker_flutter:extractDeepLinksForAarDebug', task ':emoji_picker_flutter:mergeDebugGeneratedProguardFiles', task ':emoji_picker_flutter:mergeDebugConsumerProguardFiles', task ':emoji_picker_flutter:prepareDebugArtProfile', task ':emoji_picker_flutter:prepareLintJarForPublish', task ':emoji_picker_flutter:mergeDebugJavaResource', task ':emoji_picker_flutter:syncDebugLibJars', task ':emoji_picker_flutter:bundleDebugAar', task ':emoji_picker_flutter:assembleDebug', task ':file_selector_android:stripDebugDebugSymbols', task ':file_selector_android:copyDebugJniLibsProjectAndLocalJars', task ':file_selector_android:extractDebugAnnotations', task ':file_selector_android:extractDeepLinksForAarDebug', task ':file_selector_android:mergeDebugGeneratedProguardFiles', task ':file_selector_android:mergeDebugConsumerProguardFiles', task ':file_selector_android:prepareDebugArtProfile', task ':file_selector_android:prepareLintJarForPublish', task ':file_selector_android:mergeDebugJavaResource', task ':file_selector_android:syncDebugLibJars', task ':file_selector_android:bundleDebugAar', task ':file_selector_android:assembleDebug', task ':flutter_keyboard_visibility_temp_fork:stripDebugDebugSymbols', task ':flutter_keyboard_visibility_temp_fork:copyDebugJniLibsProjectAndLocalJars', task ':flutter_keyboard_visibility_temp_fork:extractDebugAnnotations', task ':flutter_keyboard_visibility_temp_fork:extractDeepLinksForAarDebug', task ':flutter_keyboard_visibility_temp_fork:mergeDebugGeneratedProguardFiles', task ':flutter_keyboard_visibility_temp_fork:mergeDebugConsumerProguardFiles', task ':flutter_keyboard_visibility_temp_fork:prepareDebugArtProfile', task ':flutter_keyboard_visibility_temp_fork:prepareLintJarForPublish', task ':flutter_keyboard_visibility_temp_fork:mergeDebugJavaResource', task ':flutter_keyboard_visibility_temp_fork:syncDebugLibJars', task ':flutter_keyboard_visibility_temp_fork:bundleDebugAar', task ':flutter_keyboard_visibility_temp_fork:assembleDebug', task ':flutter_native_splash:stripDebugDebugSymbols', task ':flutter_native_splash:copyDebugJniLibsProjectAndLocalJars', task ':flutter_native_splash:extractDebugAnnotations', task ':flutter_native_splash:extractDeepLinksForAarDebug', task ':flutter_native_splash:mergeDebugGeneratedProguardFiles', task ':flutter_native_splash:mergeDebugConsumerProguardFiles', task ':flutter_native_splash:prepareDebugArtProfile', task ':flutter_native_splash:prepareLintJarForPublish', task ':flutter_native_splash:mergeDebugJavaResource', task ':flutter_native_splash:syncDebugLibJars', task ':flutter_native_splash:bundleDebugAar', task ':flutter_native_splash:assembleDebug', task ':flutter_olm:stripDebugDebugSymbols', task ':flutter_olm:copyDebugJniLibsProjectAndLocalJars', task ':flutter_olm:extractDebugAnnotations', task ':flutter_olm:extractDeepLinksForAarDebug', task ':flutter_olm:mergeDebugGeneratedProguardFiles', task ':flutter_olm:mergeDebugConsumerProguardFiles', task ':flutter_olm:prepareDebugArtProfile', task ':flutter_olm:prepareLintJarForPublish', task ':flutter_olm:mergeDebugJavaResource', task ':flutter_olm:syncDebugLibJars', task ':flutter_olm:bundleDebugAar', task ':flutter_olm:assembleDebug', task ':flutter_openssl_crypto:stripDebugDebugSymbols', task ':flutter_openssl_crypto:copyDebugJniLibsProjectAndLocalJars', task ':flutter_openssl_crypto:extractDebugAnnotations', task ':flutter_openssl_crypto:extractDeepLinksForAarDebug', task ':flutter_openssl_crypto:mergeDebugGeneratedProguardFiles', task ':flutter_openssl_crypto:mergeDebugConsumerProguardFiles', task ':flutter_openssl_crypto:prepareDebugArtProfile', task ':flutter_openssl_crypto:prepareLintJarForPublish', task ':flutter_openssl_crypto:mergeDebugJavaResource', task ':flutter_openssl_crypto:syncDebugLibJars', task ':flutter_openssl_crypto:bundleDebugAar', task ':flutter_openssl_crypto:assembleDebug', task ':integration_test:stripDebugDebugSymbols', task ':integration_test:copyDebugJniLibsProjectAndLocalJars', task ':integration_test:extractDebugAnnotations', task ':integration_test:extractDeepLinksForAarDebug', task ':integration_test:mergeDebugGeneratedProguardFiles', task ':integration_test:mergeDebugConsumerProguardFiles', task ':integration_test:prepareDebugArtProfile', task ':integration_test:prepareLintJarForPublish', task ':integration_test:mergeDebugJavaResource', task ':integration_test:syncDebugLibJars', task ':integration_test:bundleDebugAar', task ':integration_test:assembleDebug', task ':path_provider_android:stripDebugDebugSymbols', task ':path_provider_android:copyDebugJniLibsProjectAndLocalJars', task ':path_provider_android:extractDebugAnnotations', task ':path_provider_android:extractDeepLinksForAarDebug', task ':path_provider_android:mergeDebugGeneratedProguardFiles', task ':path_provider_android:mergeDebugConsumerProguardFiles', task ':path_provider_android:prepareDebugArtProfile', task ':path_provider_android:prepareLintJarForPublish', task ':path_provider_android:mergeDebugJavaResource', task ':path_provider_android:syncDebugLibJars', task ':path_provider_android:bundleDebugAar', task ':path_provider_android:assembleDebug', task ':quill_native_bridge_android:stripDebugDebugSymbols', task ':quill_native_bridge_android:copyDebugJniLibsProjectAndLocalJars', task ':quill_native_bridge_android:extractDebugAnnotations', task ':quill_native_bridge_android:extractDeepLinksForAarDebug', task ':quill_native_bridge_android:mergeDebugGeneratedProguardFiles', task ':quill_native_bridge_android:mergeDebugConsumerProguardFiles', task ':quill_native_bridge_android:prepareDebugArtProfile', task ':quill_native_bridge_android:prepareLintJarForPublish', task ':quill_native_bridge_android:mergeDebugJavaResource', task ':quill_native_bridge_android:syncDebugLibJars', task ':quill_native_bridge_android:bundleDebugAar', task ':quill_native_bridge_android:assembleDebug', task ':shared_preferences_android:stripDebugDebugSymbols', task ':shared_preferences_android:copyDebugJniLibsProjectAndLocalJars', task ':shared_preferences_android:extractDebugAnnotations', task ':shared_preferences_android:extractDeepLinksForAarDebug', task ':shared_preferences_android:mergeDebugGeneratedProguardFiles', task ':shared_preferences_android:mergeDebugConsumerProguardFiles', task ':shared_preferences_android:prepareDebugArtProfile', task ':shared_preferences_android:prepareLintJarForPublish', task ':shared_preferences_android:mergeDebugJavaResource', task ':shared_preferences_android:syncDebugLibJars', task ':shared_preferences_android:bundleDebugAar', task ':shared_preferences_android:assembleDebug', task ':sqflite_android:stripDebugDebugSymbols', task ':sqflite_android:copyDebugJniLibsProjectAndLocalJars', task ':sqflite_android:extractDebugAnnotations', task ':sqflite_android:extractDeepLinksForAarDebug', task ':sqflite_android:mergeDebugGeneratedProguardFiles', task ':sqflite_android:mergeDebugConsumerProguardFiles', task ':sqflite_android:prepareDebugArtProfile', task ':sqflite_android:prepareLintJarForPublish', task ':sqflite_android:mergeDebugJavaResource', task ':sqflite_android:syncDebugLibJars', task ':sqflite_android:bundleDebugAar', task ':sqflite_android:assembleDebug', task ':url_launcher_android:stripDebugDebugSymbols', task ':url_launcher_android:copyDebugJniLibsProjectAndLocalJars', task ':url_launcher_android:extractDebugAnnotations', task ':url_launcher_android:extractDeepLinksForAarDebug', task ':url_launcher_android:mergeDebugGeneratedProguardFiles', task ':url_launcher_android:mergeDebugConsumerProguardFiles', task ':url_launcher_android:prepareDebugArtProfile', task ':url_launcher_android:prepareLintJarForPublish', task ':url_launcher_android:mergeDebugJavaResource', task ':url_launcher_android:syncDebugLibJars', task ':url_launcher_android:bundleDebugAar', task ':url_launcher_android:assembleDebug', task ':video_player_android:stripDebugDebugSymbols', task ':video_player_android:copyDebugJniLibsProjectAndLocalJars', task ':video_player_android:extractDebugAnnotations', task ':video_player_android:extractDeepLinksForAarDebug', task ':video_player_android:mergeDebugGeneratedProguardFiles', task ':video_player_android:mergeDebugConsumerProguardFiles', task ':video_player_android:prepareDebugArtProfile', task ':video_player_android:prepareLintJarForPublish', task ':video_player_android:mergeDebugJavaResource', task ':video_player_android:syncDebugLibJars', task ':video_player_android:bundleDebugAar', task ':video_player_android:assembleDebug']
[        ] Tasks that were excluded: []
[        ] work action Parameters of ClassesDirToClassesTransform (Thread[#41673,Execution worker Thread 9,5,main]) started.
[        ] work action Parameters of DexingNoClasspathTransform (Thread[#41673,Execution worker Thread 9,5,main]) started.
[        ] Resolve mutations for :app:preBuild (Thread[#41673,Execution worker Thread 9,5,main]) started.
[        ] :app:preBuild (Thread[#41673,Execution worker Thread 9,5,main]) started.
[        ] > Task :app:preBuild UP-TO-DATE
[        ] Skipping task ':app:preBuild' as it has no actions.
[        ] Resolve mutations for :app:preDebugBuild (Thread[#41673,Execution worker Thread 9,5,main]) started.
[        ] :app:preDebugBuild (Thread[#41673,Execution worker Thread 9,5,main]) started.
[        ] > Task :app:preDebugBuild UP-TO-DATE
[        ] Skipping task ':app:preDebugBuild' as it has no actions.
[        ] Resolve mutations for :app:mergeDebugNativeDebugMetadata (Thread[#41673,Execution worker Thread 9,5,main]) started.
[        ] :app:mergeDebugNativeDebugMetadata (Thread[#41673,Execution worker Thread 9,5,main]) started.
[        ] > Task :app:mergeDebugNativeDebugMetadata NO-SOURCE
[        ] Skipping task ':app:mergeDebugNativeDebugMetadata' as it has no source files and no previous output files.
[        ] Resolve mutations for :app:checkKotlinGradlePluginConfigurationErrors (Thread[#41673,Execution worker Thread 9,5,main]) started.
[        ] :app:checkKotlinGradlePluginConfigurationErrors (Thread[#41673,Execution worker Thread 9,5,main]) started.
[        ] > Task :app:checkKotlinGradlePluginConfigurationErrors SKIPPED
[        ] Skipping task ':app:checkKotlinGradlePluginConfigurationErrors' as task onlyIf 'errorDiagnostics are present' is false.
[        ] Resolve mutations for :app:compileFlutterBuildDebug (Thread[#41673,Execution worker Thread 9,5,main]) started.
[        ] :app:compileFlutterBuildDebug (Thread[#41673,Execution worker Thread 9,5,main]) started.
11:01 +9 -23: loading /Users/florian/Code/substitution/integration_test/theme_toggle_test.dart                                                                                                         11:02 +9 -23: loading /Users/florian/Code/substitution/integration_test/theme_toggle_test.dart                                                                                                         [+2005 ms] > Task :app:compileFlutterBuildDebug
[        ] Caching disabled for task ':app:compileFlutterBuildDebug' because:
[        ]   Build cache is disabled
[        ]   Caching has not been enabled for the task
[        ] Task ':app:compileFlutterBuildDebug' is not up-to-date because:
[        ]   Value of input property 'targetPath' has changed for task ':app:compileFlutterBuildDebug'
[        ] Starting process 'command '/opt/homebrew/share/flutter/bin/flutter''. Working directory: /Users/florian/Code/substitution Command: /opt/homebrew/share/flutter/bin/flutter --verbose assemble --no-version-check --depfile /Users/florian/Code/substitution/build/app/intermediates/flutter/debug/flutter_build.d --output /Users/florian/Code/substitution/build/app/intermediates/flutter/debug -dTargetFile=/var/folders/l_/w8pnbb9d38n57pzg9j98fmy80000gn/T/flutter_tools.wuOse9/flutter_test_listener.9XjRen/listener.dart -dTargetPlatform=android -dBuildMode=debug -dTrackWidgetCreation=true --DartDefines=TUFUUklYX1NFUlZFUj1odHRwOi8vbG9jYWxob3N0OjgwMDg=,TUFUUklYX1RFU1RfVVNFUj0=,TUFUUklYX1RFU1RfUEFTU1dPUkQ9,RkxVVFRFUl9WRVJTSU9OPTMuMzguOQ==,RkxVVFRFUl9DSEFOTkVMPXN0YWJsZQ==,RkxVVFRFUl9HSVRfVVJMPWh0dHBzOi8vZ2l0aHViLmNvbS9mbHV0dGVyL2ZsdXR0ZXIuZ2l0,RkxVVFRFUl9GUkFNRVdPUktfUkVWSVNJT049NjczMjNkZTI4NQ==,RkxVVFRFUl9FTkdJTkVfUkVWSVNJT049NTg3YzE4Zjg3Mw==,RkxVVFRFUl9EQVJUX1ZFUlNJT049My4xMC44,SU5URUdSQVRJT05fVEVTVF9TSE9VTERfUkVQT1JUX1JFU1VMVFNfVE9fTkFUSVZFPWZhbHNl -dFlavor= -dAndroidArchs=android-arm64 -dMinSdkVersion=24 debug_android_application
[        ] Successfully started process 'command '/opt/homebrew/share/flutter/bin/flutter''
[        ] [  +21 ms] executing: sysctl hw.optional.arm64
[        ] [   +4 ms] Exit code 0 from: sysctl hw.optional.arm64
[        ] [        ] hw.optional.arm64: 1
[        ] [   +3 ms] Artifact Instance of 'MaterialFonts' is not required, skipping update.
[        ] [        ] Artifact Instance of 'GradleWrapper' is not required, skipping update.
[        ] [        ] Artifact Instance of 'AndroidGenSnapshotArtifacts' is not required, skipping update.
[        ] [        ] Artifact Instance of 'AndroidInternalBuildArtifacts' is not required, skipping update.
[        ] [        ] Artifact Instance of 'IOSEngineArtifacts' is not required, skipping update.
[        ] [        ] Artifact Instance of 'FlutterWebSdk' is not required, skipping update.
[        ] [        ] Artifact Instance of 'LegacyCanvasKitRemover' is not required, skipping update.
[        ] [        ] Artifact Instance of 'FlutterSdk' is not required, skipping update.
[        ] [        ] Artifact Instance of 'WindowsEngineArtifacts' is not required, skipping update.
[        ] [        ] Artifact Instance of 'MacOSEngineArtifacts' is not required, skipping update.
[        ] [        ] Artifact Instance of 'LinuxEngineArtifacts' is not required, skipping update.
[        ] [        ] Artifact Instance of 'LinuxFuchsiaSDKArtifacts' is not required, skipping update.
[        ] [        ] Artifact Instance of 'MacOSFuchsiaSDKArtifacts' is not required, skipping update.
[        ] [        ] Artifact Instance of 'FlutterRunnerSDKArtifacts' is not required, skipping update.
[        ] [        ] Artifact Instance of 'FlutterRunnerDebugSymbols' is not required, skipping update.
[        ] [        ] Artifact Instance of 'IosUsbArtifacts' is not required, skipping update.
[        ] [        ] Artifact Instance of 'IosUsbArtifacts' is not required, skipping update.
[        ] [        ] Artifact Instance of 'IosUsbArtifacts' is not required, skipping update.
[        ] [        ] Artifact Instance of 'IosUsbArtifacts' is not required, skipping update.
[        ] [        ] Artifact Instance of 'IosUsbArtifacts' is not required, skipping update.
[        ] [        ] Artifact Instance of 'IosUsbArtifacts' is not required, skipping update.
[        ] [        ] Artifact Instance of 'FontSubsetArtifacts' is not required, skipping update.
[        ] [        ] Artifact Instance of 'PubDependencies' is not required, skipping update.
[        ] [   +3 ms] Artifact Instance of 'AndroidGenSnapshotArtifacts' is not required, skipping update.
[        ] [        ] Artifact Instance of 'AndroidInternalBuildArtifacts' is not required, skipping update.
[        ] [        ] Artifact Instance of 'IOSEngineArtifacts' is not required, skipping update.
[        ] [        ] Artifact Instance of 'FlutterWebSdk' is not required, skipping update.
[        ] [        ] Artifact Instance of 'FlutterEngineStamp' is not required, skipping update.
[        ] [        ] Artifact Instance of 'LegacyCanvasKitRemover' is not required, skipping update.
[        ] [        ] Artifact Instance of 'WindowsEngineArtifacts' is not required, skipping update.
[        ] [        ] Artifact Instance of 'MacOSEngineArtifacts' is not required, skipping update.
[        ] [        ] Artifact Instance of 'LinuxEngineArtifacts' is not required, skipping update.
[        ] [        ] Artifact Instance of 'LinuxFuchsiaSDKArtifacts' is not required, skipping update.
[        ] [        ] Artifact Instance of 'MacOSFuchsiaSDKArtifacts' is not required, skipping update.
[        ] [        ] Artifact Instance of 'FlutterRunnerSDKArtifacts' is not required, skipping update.
[        ] [        ] Artifact Instance of 'FlutterRunnerDebugSymbols' is not required, skipping update.
[        ] [  +23 ms] Artifact Instance of 'MaterialFonts' is not required, skipping update.
[        ] [        ] Artifact Instance of 'GradleWrapper' is not required, skipping update.
[        ] [        ] Artifact Instance of 'AndroidInternalBuildArtifacts' is not required, skipping update.
[        ] [        ] Artifact Instance of 'IOSEngineArtifacts' is not required, skipping update.
[        ] [        ] Artifact Instance of 'FlutterWebSdk' is not required, skipping update.
[        ] [        ] Artifact Instance of 'FlutterEngineStamp' is not required, skipping update.
[        ] [        ] Artifact Instance of 'LegacyCanvasKitRemover' is not required, skipping update.
[        ] [        ] Artifact Instance of 'FlutterSdk' is not required, skipping update.
[        ] [        ] Artifact Instance of 'WindowsEngineArtifacts' is not required, skipping update.
[        ] [        ] Artifact Instance of 'MacOSEngineArtifacts' is not required, skipping update.
[        ] [        ] Artifact Instance of 'LinuxEngineArtifacts' is not required, skipping update.
[        ] [        ] Artifact Instance of 'LinuxFuchsiaSDKArtifacts' is not required, skipping update.
[        ] [        ] Artifact Instance of 'MacOSFuchsiaSDKArtifacts' is not required, skipping update.
[        ] [        ] Artifact Instance of 'FlutterRunnerSDKArtifacts' is not required, skipping update.
[        ] [        ] Artifact Instance of 'FlutterRunnerDebugSymbols' is not required, skipping update.
[        ] [        ] Artifact Instance of 'IosUsbArtifacts' is not required, skipping update.
[        ] [        ] Artifact Instance of 'IosUsbArtifacts' is not required, skipping update.
[        ] [        ] Artifact Instance of 'IosUsbArtifacts' is not required, skipping update.
[        ] [        ] Artifact Instance of 'IosUsbArtifacts' is not required, skipping update.
[        ] [        ] Artifact Instance of 'IosUsbArtifacts' is not required, skipping update.
[        ] [        ] Artifact Instance of 'IosUsbArtifacts' is not required, skipping update.
[        ] [        ] Artifact Instance of 'FontSubsetArtifacts' is not required, skipping update.
[        ] [        ] Artifact Instance of 'PubDependencies' is not required, skipping update.
[        ] [  +21 ms] Initializing file store
[        ] [  +12 ms] dart_build: Starting due to {}
[        ] [        ] Skipping target: gen_localizations
[        ] [        ] gen_dart_plugin_registrant: Starting due to {InvalidatedReasonKind.outputSetAddition: The following outputs were added to the output set: /Users/florian/Code/substitution/.dart_tool/flutter_build/dart_plugin_registrant.dart, InvalidatedReasonKind.inputChanged: The following inputs have updated contents: /Users/florian/Code/substitution/.dart_tool/package_config.json}
[        ] [  +46 ms] Found plugin integration_test at /opt/homebrew/share/flutter/packages/integration_test/
[        ] [  +18 ms] Found plugin flutter_native_splash at /Users/florian/.pub-cache/hosted/pub.dev/flutter_native_splash-2.4.7/
[        ] [  +14 ms] Building native assets for android_arm64.
[        ] [  +25 ms] Found plugin connectivity_plus at /Users/florian/.pub-cache/hosted/pub.dev/connectivity_plus-5.0.2/
[        ] [   +7 ms] input.json contents:
[        ]            {
[        ]              "assets": {},
[        ]              "config": {
[        ]                "build_asset_types": [
[        ]                  "code_assets/code"
[        ]                ],
[        ]                "extensions": {
[        ]                  "code_assets": {
[        ]                    "android": {
[        ]                      "target_ndk_api": 24
[        ]                    },
[        ]                    "c_compiler": {
[        ]                      "ar": "/Users/florian/Library/Android/sdk/ndk/28.2.13676358/toolchains/llvm/prebuilt/darwin-x86_64/bin/llvm-ar",
[        ]                      "cc": "/Users/florian/Library/Android/sdk/ndk/28.2.13676358/toolchains/llvm/prebuilt/darwin-x86_64/bin/clang",
[        ]                      "ld": "/Users/florian/Library/Android/sdk/ndk/28.2.13676358/toolchains/llvm/prebuilt/darwin-x86_64/bin/ld.lld"
[        ]                    },
[        ]                    "link_mode_preference": "dynamic",
[        ]                    "target_architecture": "arm64",
[        ]                    "target_os": "android"
[        ]                  }
[        ]                },
[        ]                "linking_enabled": false
[        ]              },
[        ]              "out_dir_shared": "/Users/florian/Code/substitution/.dart_tool/hooks_runner/shared/objective_c/build/",
[        ]              "out_file": "/Users/florian/Code/substitution/.dart_tool/hooks_runner/objective_c/842b8c761140c2c0e73191c57a372e73/output.json",
[        ]              "package_name": "objective_c",
[        ]              "package_root": "/Users/florian/.pub-cache/hosted/pub.dev/objective_c-9.2.5/",
[        ]              "user_defines": {}
[        ]            }
[        ] [   +2 ms] output.json contents:
[        ]            {
[        ]              "assets_for_linking": {},
[        ]              "status": "success",
[        ]              "timestamp": "2026-02-16 21:57:23.000"
[        ]            }
[        ] [   +1 ms] Skipping build for objective_c in /Users/florian/Code/substitution/.dart_tool/hooks_runner/objective_c/842b8c761140c2c0e73191c57a372e73/. Last build on 2026-02-16 21:57:23.000.
[        ] [   +2 ms] Building native assets for android_arm64 done.
[        ] [   +1 ms] dart_build: Complete
[        ] [   +1 ms] install_code_assets: Starting due to {}
[        ] [   +1 ms] Writing native assets json to file:///Users/florian/Code/substitution/.dart_tool/flutter_build/06ae5ef8aedda54800087efcdad328dc/native_assets.json.
[        ] [   +1 ms] Found plugin video_player at /Users/florian/.pub-cache/hosted/pub.dev/video_player-2.10.1/
[        ] [        ] Found plugin video_player_web at /Users/florian/.pub-cache/hosted/pub.dev/video_player_web-2.4.0/
[        ] [        ] Writing /Users/florian/Code/substitution/.dart_tool/flutter_build/06ae5ef8aedda54800087efcdad328dc/native_assets.json done.
[        ] [        ] install_code_assets: Complete
[        ] [   +1 ms] Found plugin video_player_avfoundation at /Users/florian/.pub-cache/hosted/pub.dev/video_player_avfoundation-2.9.1/
[        ] [        ] Found plugin video_player_android at /Users/florian/.pub-cache/hosted/pub.dev/video_player_android-2.9.1/
[        ] [        ] Found plugin url_launcher at /Users/florian/.pub-cache/hosted/pub.dev/url_launcher-6.3.2/
[        ] [        ] Found plugin url_launcher_windows at /Users/florian/.pub-cache/hosted/pub.dev/url_launcher_windows-3.1.5/
[        ] [        ] Found plugin url_launcher_web at /Users/florian/.pub-cache/hosted/pub.dev/url_launcher_web-2.4.2/
[        ] [        ] Found plugin url_launcher_macos at /Users/florian/.pub-cache/hosted/pub.dev/url_launcher_macos-3.2.5/
[        ] [        ] Found plugin url_launcher_linux at /Users/florian/.pub-cache/hosted/pub.dev/url_launcher_linux-3.2.2/
[        ] [        ] Found plugin url_launcher_ios at /Users/florian/.pub-cache/hosted/pub.dev/url_launcher_ios-6.3.6/
[        ] [        ] Found plugin url_launcher_android at /Users/florian/.pub-cache/hosted/pub.dev/url_launcher_android-6.3.28/
[        ] [   +2 ms] Found plugin sqflite at /Users/florian/.pub-cache/hosted/pub.dev/sqflite-2.4.2/
[        ] [        ] Found plugin sqflite_darwin at /Users/florian/.pub-cache/hosted/pub.dev/sqflite_darwin-2.4.2/
[        ] [        ] Found plugin sqflite_android at /Users/florian/.pub-cache/hosted/pub.dev/sqflite_android-2.4.2+2/
[        ] [   +1 ms] Found plugin path_provider at /Users/florian/.pub-cache/hosted/pub.dev/path_provider-2.1.5/
[        ] [        ] Found plugin path_provider_windows at /Users/florian/.pub-cache/hosted/pub.dev/path_provider_windows-2.3.0/
[        ] [        ] Found plugin path_provider_linux at /Users/florian/.pub-cache/hosted/pub.dev/path_provider_linux-2.2.1/
[        ] [        ] Found plugin path_provider_foundation at /Users/florian/.pub-cache/hosted/pub.dev/path_provider_foundation-2.6.0/
[        ] [   +2 ms] Found plugin path_provider_android at /Users/florian/.pub-cache/hosted/pub.dev/path_provider_android-2.2.22/
[        ] [  +19 ms] Found plugin flutter_keyboard_visibility_temp_fork at /Users/florian/.pub-cache/hosted/pub.dev/flutter_keyboard_visibility_temp_fork-0.1.5/
[        ] [   +1 ms] Found plugin flutter_keyboard_visibility_windows at /Users/florian/.pub-cache/hosted/pub.dev/flutter_keyboard_visibility_windows-1.0.0/
[        ] [   +1 ms] Found plugin flutter_keyboard_visibility_macos at /Users/florian/.pub-cache/hosted/pub.dev/flutter_keyboard_visibility_macos-1.0.0/
[        ] [        ] Found plugin flutter_keyboard_visibility_linux at /Users/florian/.pub-cache/hosted/pub.dev/flutter_keyboard_visibility_linux-1.0.0/
[        ] [   +9 ms] Found plugin quill_native_bridge at /Users/florian/.pub-cache/hosted/pub.dev/quill_native_bridge-11.1.0/
[        ] [   +1 ms] Found plugin quill_native_bridge_windows at /Users/florian/.pub-cache/hosted/pub.dev/quill_native_bridge_windows-0.0.2/
[        ] [  +15 ms] Found plugin file_selector_windows at /Users/florian/.pub-cache/hosted/pub.dev/file_selector_windows-0.9.3+5/
[        ] [   +2 ms] Found plugin quill_native_bridge_web at /Users/florian/.pub-cache/hosted/pub.dev/quill_native_bridge_web-0.0.2/
[        ] [   +1 ms] Found plugin quill_native_bridge_macos at /Users/florian/.pub-cache/hosted/pub.dev/quill_native_bridge_macos-0.0.1/
[        ] [   +1 ms] Found plugin quill_native_bridge_ios at /Users/florian/.pub-cache/hosted/pub.dev/quill_native_bridge_ios-0.0.1/
[        ] [   +1 ms] Found plugin quill_native_bridge_android at /Users/florian/.pub-cache/hosted/pub.dev/quill_native_bridge_android-0.0.1+2/
[        ] [   +4 ms] Found plugin flutter_openssl_crypto at /Users/florian/.pub-cache/hosted/pub.dev/flutter_openssl_crypto-0.5.0/
[        ] [        ] Found plugin flutter_olm at /Users/florian/.pub-cache/hosted/pub.dev/flutter_olm-2.0.0/
[        ] [   +2 ms] Found plugin file_selector at /Users/florian/.pub-cache/hosted/pub.dev/file_selector-1.1.0/
[        ] [        ] Found plugin file_selector_web at /Users/florian/.pub-cache/hosted/pub.dev/file_selector_web-0.9.4+2/
[        ] [        ] Found plugin file_selector_macos at /Users/florian/.pub-cache/hosted/pub.dev/file_selector_macos-0.9.5/
[        ] [   +1 ms] Found plugin file_selector_linux at /Users/florian/.pub-cache/hosted/pub.dev/file_selector_linux-0.9.4/
[        ] [        ] Found plugin file_selector_ios at /Users/florian/.pub-cache/hosted/pub.dev/file_selector_ios-0.5.3+5/
[        ] [   +1 ms] Found plugin file_selector_android at /Users/florian/.pub-cache/hosted/pub.dev/file_selector_android-0.5.2+4/
[        ] [   +1 ms] Found plugin emoji_picker_flutter at /Users/florian/.pub-cache/hosted/pub.dev/emoji_picker_flutter-4.4.0/
[        ] [   +1 ms] Found plugin shared_preferences at /Users/florian/.pub-cache/hosted/pub.dev/shared_preferences-2.5.4/
[        ] [        ] Found plugin shared_preferences_windows at /Users/florian/.pub-cache/hosted/pub.dev/shared_preferences_windows-2.4.1/
[        ] [   +1 ms] Found plugin shared_preferences_web at /Users/florian/.pub-cache/hosted/pub.dev/shared_preferences_web-2.4.3/
[        ] [   +1 ms] Found plugin shared_preferences_linux at /Users/florian/.pub-cache/hosted/pub.dev/shared_preferences_linux-2.4.1/
[        ] [        ] Found plugin shared_preferences_foundation at /Users/florian/.pub-cache/hosted/pub.dev/shared_preferences_foundation-2.5.6/
[        ] [        ] Found plugin shared_preferences_android at /Users/florian/.pub-cache/hosted/pub.dev/shared_preferences_android-2.4.20/
[        ] [  +15 ms] Skipping generating dart_plugin_registrant.dart because it is up-to-date.
[        ] [        ] gen_dart_plugin_registrant: Complete
[        ] [   +1 ms] kernel_snapshot_program: Starting due to {}
[        ] [   +7 ms] /opt/homebrew/share/flutter/bin/cache/dart-sdk/bin/dartaotruntime /opt/homebrew/share/flutter/bin/cache/dart-sdk/bin/snapshots/frontend_server_aot.dart.snapshot --sdk-root /opt/homebrew/share/flutter/bin/cache/artifacts/engine/common/flutter_patched_sdk/ --target=flutter --no-print-incremental-dependencies -DMATRIX_SERVER=http://localhost:8008 -DMATRIX_TEST_USER= -DMATRIX_TEST_PASSWORD= -DFLUTTER_VERSION=3.38.9 -DFLUTTER_CHANNEL=stable -DFLUTTER_GIT_URL=https://github.com/flutter/flutter.git -DFLUTTER_FRAMEWORK_REVISION=67323de285 -DFLUTTER_ENGINE_REVISION=587c18f873 -DFLUTTER_DART_VERSION=3.10.8 -DINTEGRATION_TEST_SHOULD_REPORT_RESULTS_TO_NATIVE=false -DFLUTTER_APP_FLAVOR= -Ddart.vm.profile=false -Ddart.vm.product=false --enable-asserts --track-widget-creation --no-link-platform --packages /Users/florian/Code/substitution/.dart_tool/package_config.json --output-dill /Users/florian/Code/substitution/.dart_tool/flutter_build/06ae5ef8aedda54800087efcdad328dc/app.dill --depfile /Users/florian/Code/substitution/.dart_tool/flutter_build/06ae5ef8aedda54800087efcdad328dc/kernel_snapshot_program.d --incremental --initialize-from-dill /Users/florian/Code/substitution/.dart_tool/flutter_build/06ae5ef8aedda54800087efcdad328dc/app.dill --source file:///Users/florian/Code/substitution/.dart_tool/flutter_build/dart_plugin_registrant.dart --source package:flutter/src/dart_plugin_registrant.dart -Dflutter.dart_plugin_registrant=file:///Users/florian/Code/substitution/.dart_tool/flutter_build/dart_plugin_registrant.dart --verbosity=error file:///var/folders/l_/w8pnbb9d38n57pzg9j98fmy80000gn/T/flutter_tools.wuOse9/flutter_test_listener.9XjRen/listener.dart
11:03 +9 -23: loading /Users/florian/Code/substitution/integration_test/theme_toggle_test.dart                                                                                                         11:04 +9 -23: loading /Users/florian/Code/substitution/integration_test/theme_toggle_test.dart                                                                                                         11:05 +9 -23: loading /Users/florian/Code/substitution/integration_test/theme_toggle_test.dart                                                                                                         [+2790 ms] [+4359 ms] kernel_snapshot_program: Complete
[ +799 ms] [ +750 ms] debug_android_application: Starting due to {}
11:06 +9 -23: loading /Users/florian/Code/substitution/integration_test/theme_toggle_test.dart                                                                                                         [ +106 ms] [ +101 ms] Manifest contained wildcard assets. Inserting missing file into build graph to force rerun. for more information see #56466.
[        ] [   +3 ms] shaderc command: [/opt/homebrew/share/flutter/bin/cache/artifacts/engine/darwin-x64/impellerc, --sksl, --runtime-stage-gles, --runtime-stage-gles3, --runtime-stage-vulkan, --iplr, --sl=/Users/florian/Code/substitution/build/app/intermediates/flutter/debug/flutter_assets/shaders/ink_sparkle.frag, --spirv=/Users/florian/Code/substitution/build/app/intermediates/flutter/debug/flutter_assets/shaders/ink_sparkle.frag.spirv, --input=/opt/homebrew/share/flutter/packages/flutter/lib/src/material/shaders/ink_sparkle.frag, --input-type=frag, --include=/opt/homebrew/share/flutter/packages/flutter/lib/src/material/shaders, --include=/opt/homebrew/share/flutter/bin/cache/artifacts/engine/darwin-x64/shader_lib]
[        ] [        ] shaderc command: [/opt/homebrew/share/flutter/bin/cache/artifacts/engine/darwin-x64/impellerc, --sksl, --runtime-stage-gles, --runtime-stage-gles3, --runtime-stage-vulkan, --iplr, --sl=/Users/florian/Code/substitution/build/app/intermediates/flutter/debug/flutter_assets/shaders/stretch_effect.frag, --spirv=/Users/florian/Code/substitution/build/app/intermediates/flutter/debug/flutter_assets/shaders/stretch_effect.frag.spirv, --input=/opt/homebrew/share/flutter/packages/flutter/lib/src/material/shaders/stretch_effect.frag, --input-type=frag, --include=/opt/homebrew/share/flutter/packages/flutter/lib/src/material/shaders, --include=/opt/homebrew/share/flutter/bin/cache/artifacts/engine/darwin-x64/shader_lib]
[ +293 ms] [ +346 ms] debug_android_application: Complete
11:07 +9 -23: loading /Users/florian/Code/substitution/integration_test/theme_toggle_test.dart                                                                                                         [ +699 ms] [ +698 ms] Persisting file store
[        ] [   +4 ms] Done persisting file store
[        ] [   +9 ms] build succeeded.
[        ] [   +2 ms] "flutter assemble" took 6.581ms.
[        ] [   +2 ms] executing: sw_vers -productName
[        ] [  +10 ms] Exit code 0 from: sw_vers -productName
[        ] [        ] macOS
[        ] [        ] executing: sw_vers -productVersion
[        ] [   +7 ms] Exit code 0 from: sw_vers -productVersion
[        ] [        ] 26.1
[        ] [        ] executing: sw_vers -buildVersion
[ +107 ms] [   +8 ms] Exit code 0 from: sw_vers -buildVersion
[        ] [        ] 25B78
[        ] [        ] executing: uname -m
[        ] [   +3 ms] Exit code 0 from: uname -m
[        ] [        ] arm64
[        ] [  +21 ms] Running 1 shutdown hook
[        ] [        ] Shutdown hooks complete
[        ] [  +53 ms] exiting with code 0
[ +199 ms] Resolve mutations for :app:packJniLibsflutterBuildDebug (Thread[#41673,Execution worker Thread 9,5,main]) started.
[        ] :app:packJniLibsflutterBuildDebug (Thread[#41673,Execution worker Thread 9,5,main]) started.
[        ] > Task :app:packJniLibsflutterBuildDebug UP-TO-DATE
[        ] Caching disabled for task ':app:packJniLibsflutterBuildDebug' because:
[        ]   Build cache is disabled
[        ]   Not worth caching
[        ] Skipping task ':app:packJniLibsflutterBuildDebug' as it is up-to-date.
[        ] Resolve mutations for :connectivity_plus:preBuild (Thread[#41673,Execution worker Thread 9,5,main]) started.
[        ] :connectivity_plus:preBuild (Thread[#41673,Execution worker Thread 9,5,main]) started.
[        ] > Task :connectivity_plus:preBuild UP-TO-DATE
[        ] Skipping task ':connectivity_plus:preBuild' as it has no actions.
[        ] Resolve mutations for :connectivity_plus:preDebugBuild (Thread[#41673,Execution worker Thread 9,5,main]) started.
[        ] :connectivity_plus:preDebugBuild (Thread[#41673,Execution worker Thread 9,5,main]) started.
[        ] > Task :connectivity_plus:preDebugBuild UP-TO-DATE
[        ] Skipping task ':connectivity_plus:preDebugBuild' as it has no actions.
[        ] Resolve mutations for :connectivity_plus:writeDebugAarMetadata (Thread[#41673,Execution worker Thread 9,5,main]) started.
[        ] :connectivity_plus:writeDebugAarMetadata (Thread[#41673,Execution worker Thread 9,5,main]) started.
[        ] > Task :connectivity_plus:writeDebugAarMetadata UP-TO-DATE
[        ] Caching disabled for task ':connectivity_plus:writeDebugAarMetadata' because:
[        ]   Build cache is disabled
[        ]   Caching has been disabled for the task
[        ] Skipping task ':connectivity_plus:writeDebugAarMetadata' as it is up-to-date.
[        ] work action resolve aar-metadata.properties (project :connectivity_plus) (Thread[#41673,Execution worker Thread 9,5,main]) started.
[        ] Resolve mutations for :emoji_picker_flutter:preBuild (Thread[#41673,Execution worker Thread 9,5,main]) started.
[        ] :emoji_picker_flutter:preBuild (Thread[#41673,Execution worker Thread 9,5,main]) started.
[        ] > Task :emoji_picker_flutter:preBuild UP-TO-DATE
[        ] Skipping task ':emoji_picker_flutter:preBuild' as it has no actions.
[        ] Resolve mutations for :emoji_picker_flutter:preDebugBuild (Thread[#41673,Execution worker Thread 9,5,main]) started.
[        ] :emoji_picker_flutter:preDebugBuild (Thread[#41673,Execution worker Thread 9,5,main]) started.
[        ] > Task :emoji_picker_flutter:preDebugBuild UP-TO-DATE
[        ] Skipping task ':emoji_picker_flutter:preDebugBuild' as it has no actions.
[        ] Resolve mutations for :emoji_picker_flutter:writeDebugAarMetadata (Thread[#41673,Execution worker Thread 9,5,main]) started.
[        ] :emoji_picker_flutter:writeDebugAarMetadata (Thread[#41673,Execution worker Thread 9,5,main]) started.
[        ] > Task :emoji_picker_flutter:writeDebugAarMetadata UP-TO-DATE
[        ] Caching disabled for task ':emoji_picker_flutter:writeDebugAarMetadata' because:
[        ]   Build cache is disabled
[        ]   Caching has been disabled for the task
[        ] Skipping task ':emoji_picker_flutter:writeDebugAarMetadata' as it is up-to-date.
[        ] work action resolve aar-metadata.properties (project :emoji_picker_flutter) (Thread[#41673,Execution worker Thread 9,5,main]) started.
[        ] Resolve mutations for :file_selector_android:preBuild (Thread[#41673,Execution worker Thread 9,5,main]) started.
[        ] :file_selector_android:preBuild (Thread[#41673,Execution worker Thread 9,5,main]) started.
[        ] > Task :file_selector_android:preBuild UP-TO-DATE
[        ] Skipping task ':file_selector_android:preBuild' as it has no actions.
[        ] Resolve mutations for :file_selector_android:preDebugBuild (Thread[#41673,Execution worker Thread 9,5,main]) started.
[        ] :file_selector_android:preDebugBuild (Thread[#41673,Execution worker Thread 9,5,main]) started.
[        ] > Task :file_selector_android:preDebugBuild UP-TO-DATE
[        ] Skipping task ':file_selector_android:preDebugBuild' as it has no actions.
[        ] Resolve mutations for :file_selector_android:writeDebugAarMetadata (Thread[#41673,Execution worker Thread 9,5,main]) started.
[        ] :file_selector_android:writeDebugAarMetadata (Thread[#41673,Execution worker Thread 9,5,main]) started.
[        ] > Task :file_selector_android:writeDebugAarMetadata UP-TO-DATE
[        ] Caching disabled for task ':file_selector_android:writeDebugAarMetadata' because:
[        ]   Build cache is disabled
[        ]   Caching has been disabled for the task
[        ] Skipping task ':file_selector_android:writeDebugAarMetadata' as it is up-to-date.
[        ] work action resolve aar-metadata.properties (project :file_selector_android) (Thread[#41673,Execution worker Thread 9,5,main]) started.
[        ] Resolve mutations for :flutter_keyboard_visibility_temp_fork:preBuild (Thread[#41673,Execution worker Thread 9,5,main]) started.
[        ] :flutter_keyboard_visibility_temp_fork:preBuild (Thread[#41673,Execution worker Thread 9,5,main]) started.
[        ] > Task :flutter_keyboard_visibility_temp_fork:preBuild UP-TO-DATE
[        ] Skipping task ':flutter_keyboard_visibility_temp_fork:preBuild' as it has no actions.
[        ] Resolve mutations for :flutter_keyboard_visibility_temp_fork:preDebugBuild (Thread[#41673,Execution worker Thread 9,5,main]) started.
[        ] :flutter_keyboard_visibility_temp_fork:preDebugBuild (Thread[#41673,Execution worker Thread 9,5,main]) started.
[        ] > Task :flutter_keyboard_visibility_temp_fork:preDebugBuild UP-TO-DATE
[        ] Skipping task ':flutter_keyboard_visibility_temp_fork:preDebugBuild' as it has no actions.
[        ] Resolve mutations for :flutter_keyboard_visibility_temp_fork:writeDebugAarMetadata (Thread[#41673,Execution worker Thread 9,5,main]) started.
[        ] :flutter_keyboard_visibility_temp_fork:writeDebugAarMetadata (Thread[#41673,Execution worker Thread 9,5,main]) started.
[        ] > Task :flutter_keyboard_visibility_temp_fork:writeDebugAarMetadata UP-TO-DATE
[        ] Caching disabled for task ':flutter_keyboard_visibility_temp_fork:writeDebugAarMetadata' because:
[        ]   Build cache is disabled
[        ]   Caching has been disabled for the task
[        ] Skipping task ':flutter_keyboard_visibility_temp_fork:writeDebugAarMetadata' as it is up-to-date.
[        ] work action resolve aar-metadata.properties (project :flutter_keyboard_visibility_temp_fork) (Thread[#41673,Execution worker Thread 9,5,main]) started.
[        ] Resolve mutations for :flutter_native_splash:preBuild (Thread[#41673,Execution worker Thread 9,5,main]) started.
[        ] :flutter_native_splash:preBuild (Thread[#41673,Execution worker Thread 9,5,main]) started.
[        ] > Task :flutter_native_splash:preBuild UP-TO-DATE
[        ] Skipping task ':flutter_native_splash:preBuild' as it has no actions.
[        ] Resolve mutations for :flutter_native_splash:preDebugBuild (Thread[#41673,Execution worker Thread 9,5,main]) started.
[        ] :flutter_native_splash:preDebugBuild (Thread[#41673,Execution worker Thread 9,5,main]) started.
[        ] > Task :flutter_native_splash:preDebugBuild UP-TO-DATE
[        ] Skipping task ':flutter_native_splash:preDebugBuild' as it has no actions.
[        ] Resolve mutations for :flutter_native_splash:writeDebugAarMetadata (Thread[#41673,Execution worker Thread 9,5,main]) started.
[        ] :flutter_native_splash:writeDebugAarMetadata (Thread[#41673,Execution worker Thread 9,5,main]) started.
[        ] > Task :flutter_native_splash:writeDebugAarMetadata UP-TO-DATE
[        ] Caching disabled for task ':flutter_native_splash:writeDebugAarMetadata' because:
[        ]   Build cache is disabled
[        ]   Caching has been disabled for the task
[        ] Skipping task ':flutter_native_splash:writeDebugAarMetadata' as it is up-to-date.
[        ] work action resolve aar-metadata.properties (project :flutter_native_splash) (Thread[#41673,Execution worker Thread 9,5,main]) started.
[        ] Resolve mutations for :flutter_olm:preBuild (Thread[#41673,Execution worker Thread 9,5,main]) started.
[        ] :flutter_olm:preBuild (Thread[#41673,Execution worker Thread 9,5,main]) started.
[        ] > Task :flutter_olm:preBuild UP-TO-DATE
[        ] Skipping task ':flutter_olm:preBuild' as it has no actions.
[        ] Resolve mutations for :flutter_olm:preDebugBuild (Thread[#41673,Execution worker Thread 9,5,main]) started.
[        ] :flutter_olm:preDebugBuild (Thread[#41673,Execution worker Thread 9,5,main]) started.
[        ] > Task :flutter_olm:preDebugBuild UP-TO-DATE
[        ] Skipping task ':flutter_olm:preDebugBuild' as it has no actions.
[        ] Resolve mutations for :flutter_olm:writeDebugAarMetadata (Thread[#41673,Execution worker Thread 9,5,main]) started.
[        ] :flutter_olm:writeDebugAarMetadata (Thread[#41673,Execution worker Thread 9,5,main]) started.
[        ] > Task :flutter_olm:writeDebugAarMetadata UP-TO-DATE
[        ] Caching disabled for task ':flutter_olm:writeDebugAarMetadata' because:
[        ]   Build cache is disabled
[        ]   Caching has been disabled for the task
[        ] Skipping task ':flutter_olm:writeDebugAarMetadata' as it is up-to-date.
[        ] work action resolve aar-metadata.properties (project :flutter_olm) (Thread[#41673,Execution worker Thread 9,5,main]) started.
[        ] Resolve mutations for :flutter_openssl_crypto:preBuild (Thread[#41673,Execution worker Thread 9,5,main]) started.
[        ] :flutter_openssl_crypto:preBuild (Thread[#41673,Execution worker Thread 9,5,main]) started.
[        ] > Task :flutter_openssl_crypto:preBuild UP-TO-DATE
[        ] Skipping task ':flutter_openssl_crypto:preBuild' as it has no actions.
[        ] Resolve mutations for :flutter_openssl_crypto:preDebugBuild (Thread[#41673,Execution worker Thread 9,5,main]) started.
[        ] :flutter_openssl_crypto:preDebugBuild (Thread[#41673,Execution worker Thread 9,5,main]) started.
[        ] > Task :flutter_openssl_crypto:preDebugBuild UP-TO-DATE
[        ] Skipping task ':flutter_openssl_crypto:preDebugBuild' as it has no actions.
[        ] Resolve mutations for :flutter_openssl_crypto:writeDebugAarMetadata (Thread[#41673,Execution worker Thread 9,5,main]) started.
[        ] :flutter_openssl_crypto:writeDebugAarMetadata (Thread[#41673,Execution worker Thread 9,5,main]) started.
[        ] > Task :flutter_openssl_crypto:writeDebugAarMetadata UP-TO-DATE
[        ] Caching disabled for task ':flutter_openssl_crypto:writeDebugAarMetadata' because:
[        ]   Build cache is disabled
[        ]   Caching has been disabled for the task
[        ] Skipping task ':flutter_openssl_crypto:writeDebugAarMetadata' as it is up-to-date.
[        ] work action resolve aar-metadata.properties (project :flutter_openssl_crypto) (Thread[#41673,Execution worker Thread 9,5,main]) started.
[        ] Resolve mutations for :integration_test:preBuild (Thread[#41673,Execution worker Thread 9,5,main]) started.
[        ] :integration_test:preBuild (Thread[#41673,Execution worker Thread 9,5,main]) started.
[        ] > Task :integration_test:preBuild UP-TO-DATE
[        ] Skipping task ':integration_test:preBuild' as it has no actions.
[        ] Resolve mutations for :integration_test:preDebugBuild (Thread[#41673,Execution worker Thread 9,5,main]) started.
[        ] :integration_test:preDebugBuild (Thread[#41673,Execution worker Thread 9,5,main]) started.
[        ] > Task :integration_test:preDebugBuild UP-TO-DATE
[        ] Skipping task ':integration_test:preDebugBuild' as it has no actions.
[        ] Resolve mutations for :integration_test:writeDebugAarMetadata (Thread[#41673,Execution worker Thread 9,5,main]) started.
[        ] :integration_test:writeDebugAarMetadata (Thread[#41673,Execution worker Thread 9,5,main]) started.
[        ] > Task :integration_test:writeDebugAarMetadata UP-TO-DATE
[        ] Caching disabled for task ':integration_test:writeDebugAarMetadata' because:
[        ]   Build cache is disabled
[        ]   Caching has been disabled for the task
[        ] Skipping task ':integration_test:writeDebugAarMetadata' as it is up-to-date.
[        ] work action resolve aar-metadata.properties (project :integration_test) (Thread[#41673,Execution worker Thread 9,5,main]) started.
[        ] Resolve mutations for :path_provider_android:preBuild (Thread[#41673,Execution worker Thread 9,5,main]) started.
[        ] :path_provider_android:preBuild (Thread[#41673,Execution worker Thread 9,5,main]) started.
[        ] > Task :path_provider_android:preBuild UP-TO-DATE
[        ] Skipping task ':path_provider_android:preBuild' as it has no actions.
[        ] Resolve mutations for :path_provider_android:preDebugBuild (Thread[#41673,Execution worker Thread 9,5,main]) started.
[        ] :path_provider_android:preDebugBuild (Thread[#41673,Execution worker Thread 9,5,main]) started.
[        ] > Task :path_provider_android:preDebugBuild UP-TO-DATE
[        ] Skipping task ':path_provider_android:preDebugBuild' as it has no actions.
[        ] Resolve mutations for :path_provider_android:writeDebugAarMetadata (Thread[#41673,Execution worker Thread 9,5,main]) started.
[        ] :path_provider_android:writeDebugAarMetadata (Thread[#41673,Execution worker Thread 9,5,main]) started.
[        ] > Task :path_provider_android:writeDebugAarMetadata UP-TO-DATE
[        ] Caching disabled for task ':path_provider_android:writeDebugAarMetadata' because:
[        ]   Build cache is disabled
[        ]   Caching has been disabled for the task
[        ] Skipping task ':path_provider_android:writeDebugAarMetadata' as it is up-to-date.
[        ] work action resolve aar-metadata.properties (project :path_provider_android) (Thread[#41673,Execution worker Thread 9,5,main]) started.
[        ] Resolve mutations for :quill_native_bridge_android:preBuild (Thread[#41673,Execution worker Thread 9,5,main]) started.
[        ] :quill_native_bridge_android:preBuild (Thread[#41673,Execution worker Thread 9,5,main]) started.
[        ] > Task :quill_native_bridge_android:preBuild UP-TO-DATE
[        ] Skipping task ':quill_native_bridge_android:preBuild' as it has no actions.
[        ] Resolve mutations for :quill_native_bridge_android:preDebugBuild (Thread[#41673,Execution worker Thread 9,5,main]) started.
[        ] :quill_native_bridge_android:preDebugBuild (Thread[#41673,Execution worker Thread 9,5,main]) started.
[        ] > Task :quill_native_bridge_android:preDebugBuild UP-TO-DATE
[        ] Skipping task ':quill_native_bridge_android:preDebugBuild' as it has no actions.
[        ] Resolve mutations for :quill_native_bridge_android:writeDebugAarMetadata (Thread[#41673,Execution worker Thread 9,5,main]) started.
[        ] :quill_native_bridge_android:writeDebugAarMetadata (Thread[#41673,Execution worker Thread 9,5,main]) started.
[        ] > Task :quill_native_bridge_android:writeDebugAarMetadata UP-TO-DATE
[        ] Caching disabled for task ':quill_native_bridge_android:writeDebugAarMetadata' because:
[        ]   Build cache is disabled
[        ]   Caching has been disabled for the task
[        ] Skipping task ':quill_native_bridge_android:writeDebugAarMetadata' as it is up-to-date.
[        ] work action resolve aar-metadata.properties (project :quill_native_bridge_android) (Thread[#41673,Execution worker Thread 9,5,main]) started.
[        ] Resolve mutations for :shared_preferences_android:preBuild (Thread[#41673,Execution worker Thread 9,5,main]) started.
[        ] :shared_preferences_android:preBuild (Thread[#41673,Execution worker Thread 9,5,main]) started.
[        ] > Task :shared_preferences_android:preBuild UP-TO-DATE
[        ] Skipping task ':shared_preferences_android:preBuild' as it has no actions.
[        ] Resolve mutations for :shared_preferences_android:preDebugBuild (Thread[#41673,Execution worker Thread 9,5,main]) started.
[        ] :shared_preferences_android:preDebugBuild (Thread[#41673,Execution worker Thread 9,5,main]) started.
[        ] > Task :shared_preferences_android:preDebugBuild UP-TO-DATE
[        ] Skipping task ':shared_preferences_android:preDebugBuild' as it has no actions.
[        ] Resolve mutations for :shared_preferences_android:writeDebugAarMetadata (Thread[#41673,Execution worker Thread 9,5,main]) started.
[        ] :shared_preferences_android:writeDebugAarMetadata (Thread[#41673,Execution worker Thread 9,5,main]) started.
[        ] > Task :shared_preferences_android:writeDebugAarMetadata UP-TO-DATE
[        ] Caching disabled for task ':shared_preferences_android:writeDebugAarMetadata' because:
[        ]   Build cache is disabled
[        ]   Caching has been disabled for the task
[        ] Skipping task ':shared_preferences_android:writeDebugAarMetadata' as it is up-to-date.
[        ] work action resolve aar-metadata.properties (project :shared_preferences_android) (Thread[#41673,Execution worker Thread 9,5,main]) started.
[        ] Resolve mutations for :sqflite_android:preBuild (Thread[#41673,Execution worker Thread 9,5,main]) started.
[        ] :sqflite_android:preBuild (Thread[#41673,Execution worker Thread 9,5,main]) started.
[        ] > Task :sqflite_android:preBuild UP-TO-DATE
[        ] Skipping task ':sqflite_android:preBuild' as it has no actions.
[        ] Resolve mutations for :sqflite_android:preDebugBuild (Thread[#41673,Execution worker Thread 9,5,main]) started.
[        ] :sqflite_android:preDebugBuild (Thread[#41673,Execution worker Thread 9,5,main]) started.
[        ] > Task :sqflite_android:preDebugBuild UP-TO-DATE
[        ] Skipping task ':sqflite_android:preDebugBuild' as it has no actions.
[        ] Resolve mutations for :sqflite_android:writeDebugAarMetadata (Thread[#41673,Execution worker Thread 9,5,main]) started.
[        ] :sqflite_android:writeDebugAarMetadata (Thread[#41673,Execution worker Thread 9,5,main]) started.
[        ] > Task :sqflite_android:writeDebugAarMetadata UP-TO-DATE
[        ] Caching disabled for task ':sqflite_android:writeDebugAarMetadata' because:
[        ]   Build cache is disabled
[        ]   Caching has been disabled for the task
[        ] Skipping task ':sqflite_android:writeDebugAarMetadata' as it is up-to-date.
[        ] work action resolve aar-metadata.properties (project :sqflite_android) (Thread[#41673,Execution worker Thread 9,5,main]) started.
[        ] Resolve mutations for :url_launcher_android:preBuild (Thread[#41673,Execution worker Thread 9,5,main]) started.
[        ] :url_launcher_android:preBuild (Thread[#41673,Execution worker Thread 9,5,main]) started.
[        ] > Task :url_launcher_android:preBuild UP-TO-DATE
[        ] Skipping task ':url_launcher_android:preBuild' as it has no actions.
[        ] Resolve mutations for :url_launcher_android:preDebugBuild (Thread[#41673,Execution worker Thread 9,5,main]) started.
[        ] :url_launcher_android:preDebugBuild (Thread[#41673,Execution worker Thread 9,5,main]) started.
[        ] > Task :url_launcher_android:preDebugBuild UP-TO-DATE
[        ] Skipping task ':url_launcher_android:preDebugBuild' as it has no actions.
[        ] Resolve mutations for :url_launcher_android:writeDebugAarMetadata (Thread[#41673,Execution worker Thread 9,5,main]) started.
[        ] :url_launcher_android:writeDebugAarMetadata (Thread[#41673,Execution worker Thread 9,5,main]) started.
[        ] > Task :url_launcher_android:writeDebugAarMetadata UP-TO-DATE
[        ] Caching disabled for task ':url_launcher_android:writeDebugAarMetadata' because:
[        ]   Build cache is disabled
[        ]   Caching has been disabled for the task
[        ] Skipping task ':url_launcher_android:writeDebugAarMetadata' as it is up-to-date.
[        ] work action resolve aar-metadata.properties (project :url_launcher_android) (Thread[#41673,Execution worker Thread 9,5,main]) started.
[        ] Resolve mutations for :video_player_android:preBuild (Thread[#41673,Execution worker Thread 9,5,main]) started.
[        ] :video_player_android:preBuild (Thread[#41673,Execution worker Thread 9,5,main]) started.
[        ] > Task :video_player_android:preBuild UP-TO-DATE
[        ] Skipping task ':video_player_android:preBuild' as it has no actions.
[        ] Resolve mutations for :video_player_android:preDebugBuild (Thread[#41673,Execution worker Thread 9,5,main]) started.
[        ] :video_player_android:preDebugBuild (Thread[#41673,Execution worker Thread 9,5,main]) started.
[        ] > Task :video_player_android:preDebugBuild UP-TO-DATE
[        ] Skipping task ':video_player_android:preDebugBuild' as it has no actions.
[        ] Resolve mutations for :video_player_android:writeDebugAarMetadata (Thread[#41673,Execution worker Thread 9,5,main]) started.
[        ] :video_player_android:writeDebugAarMetadata (Thread[#41673,Execution worker Thread 9,5,main]) started.
[        ] > Task :video_player_android:writeDebugAarMetadata UP-TO-DATE
[        ] Caching disabled for task ':video_player_android:writeDebugAarMetadata' because:
[        ]   Build cache is disabled
[        ]   Caching has been disabled for the task
[        ] Skipping task ':video_player_android:writeDebugAarMetadata' as it is up-to-date.
[        ] work action resolve aar-metadata.properties (project :video_player_android) (Thread[#41673,Execution worker Thread 9,5,main]) started.
[        ] Resolve mutations for :app:checkDebugAarMetadata (Thread[#41673,Execution worker Thread 9,5,main]) started.
[        ] :app:checkDebugAarMetadata (Thread[#41673,Execution worker Thread 9,5,main]) started.
[        ] > Task :app:checkDebugAarMetadata UP-TO-DATE
[        ] Caching disabled for task ':app:checkDebugAarMetadata' because:
[        ]   Build cache is disabled
[        ]   Caching has been disabled for the task
[        ] Skipping task ':app:checkDebugAarMetadata' as it is up-to-date.
[        ] Resolve mutations for :app:cleanMergeDebugAssets (Thread[#41673,Execution worker Thread 9,5,main]) started.
[        ] :app:cleanMergeDebugAssets (Thread[#41673,Execution worker Thread 9,5,main]) started.
[        ] > Task :app:cleanMergeDebugAssets
[        ] Caching disabled for task ':app:cleanMergeDebugAssets' because:
[        ]   Build cache is disabled
[        ] Task ':app:cleanMergeDebugAssets' is not up-to-date because:
[        ]   Task has not declared any outputs despite executing actions.
[        ] Resolve mutations for :app:mergeDebugShaders (Thread[#41673,Execution worker Thread 9,5,main]) started.
[        ] :app:mergeDebugShaders (Thread[#41673,Execution worker Thread 9,5,main]) started.
[        ] > Task :app:mergeDebugShaders UP-TO-DATE
[        ] Caching disabled for task ':app:mergeDebugShaders' because:
[        ]   Build cache is disabled
[        ]   Simple merging task
[        ] Skipping task ':app:mergeDebugShaders' as it is up-to-date.
[        ] Resolve mutations for :app:compileDebugShaders (Thread[#41673,Execution worker Thread 9,5,main]) started.
[        ] :app:compileDebugShaders (Thread[#41673,Execution worker Thread 9,5,main]) started.
[        ] > Task :app:compileDebugShaders NO-SOURCE
[        ] Skipping task ':app:compileDebugShaders' as it has no source files and no previous output files.
[        ] Resolve mutations for :app:generateDebugAssets (Thread[#41673,Execution worker Thread 9,5,main]) started.
[        ] :app:generateDebugAssets (Thread[#41673,Execution worker Thread 9,5,main]) started.
[        ] > Task :app:generateDebugAssets UP-TO-DATE
[        ] Skipping task ':app:generateDebugAssets' as it has no actions.
[        ] Resolve mutations for :connectivity_plus:mergeDebugShaders (Thread[#41673,Execution worker Thread 9,5,main]) started.
[        ] :connectivity_plus:mergeDebugShaders (Thread[#41673,Execution worker Thread 9,5,main]) started.
[        ] > Task :connectivity_plus:mergeDebugShaders UP-TO-DATE
[        ] Caching disabled for task ':connectivity_plus:mergeDebugShaders' because:
[        ]   Build cache is disabled
[        ]   Simple merging task
[        ] Skipping task ':connectivity_plus:mergeDebugShaders' as it is up-to-date.
[        ] Resolve mutations for :connectivity_plus:compileDebugShaders (Thread[#41673,Execution worker Thread 9,5,main]) started.
[        ] :connectivity_plus:compileDebugShaders (Thread[#41673,Execution worker Thread 9,5,main]) started.
[        ] > Task :connectivity_plus:compileDebugShaders NO-SOURCE
[        ] Skipping task ':connectivity_plus:compileDebugShaders' as it has no source files and no previous output files.
[        ] Resolve mutations for :connectivity_plus:generateDebugAssets (Thread[#41673,Execution worker Thread 9,5,main]) started.
[        ] :connectivity_plus:generateDebugAssets (Thread[#41673,Execution worker Thread 9,5,main]) started.
[        ] > Task :connectivity_plus:generateDebugAssets UP-TO-DATE
[        ] Skipping task ':connectivity_plus:generateDebugAssets' as it has no actions.
[        ] Resolve mutations for :connectivity_plus:mergeDebugAssets (Thread[#41673,Execution worker Thread 9,5,main]) started.
[        ] :connectivity_plus:mergeDebugAssets (Thread[#41673,Execution worker Thread 9,5,main]) started.
[        ] > Task :connectivity_plus:mergeDebugAssets UP-TO-DATE
[        ] Caching disabled for task ':connectivity_plus:mergeDebugAssets' because:
[        ]   Build cache is disabled
[        ]   Simple merging task
[        ] Skipping task ':connectivity_plus:mergeDebugAssets' as it is up-to-date.
[        ] work action resolve mergeDebugAssets (project :connectivity_plus) (Thread[#41673,Execution worker Thread 9,5,main]) started.
[        ] Resolve mutations for :emoji_picker_flutter:mergeDebugShaders (Thread[#41673,Execution worker Thread 9,5,main]) started.
[        ] :emoji_picker_flutter:mergeDebugShaders (Thread[#41673,Execution worker Thread 9,5,main]) started.
[        ] > Task :emoji_picker_flutter:mergeDebugShaders UP-TO-DATE
[        ] Caching disabled for task ':emoji_picker_flutter:mergeDebugShaders' because:
[        ]   Build cache is disabled
[        ]   Simple merging task
[        ] Skipping task ':emoji_picker_flutter:mergeDebugShaders' as it is up-to-date.
[        ] Resolve mutations for :emoji_picker_flutter:compileDebugShaders (Thread[#41673,Execution worker Thread 9,5,main]) started.
[        ] :emoji_picker_flutter:compileDebugShaders (Thread[#41673,Execution worker Thread 9,5,main]) started.
[        ] > Task :emoji_picker_flutter:compileDebugShaders NO-SOURCE
[        ] Skipping task ':emoji_picker_flutter:compileDebugShaders' as it has no source files and no previous output files.
[        ] Resolve mutations for :emoji_picker_flutter:generateDebugAssets (Thread[#41673,Execution worker Thread 9,5,main]) started.
[        ] :emoji_picker_flutter:generateDebugAssets (Thread[#41673,Execution worker Thread 9,5,main]) started.
[        ] > Task :emoji_picker_flutter:generateDebugAssets UP-TO-DATE
[        ] Skipping task ':emoji_picker_flutter:generateDebugAssets' as it has no actions.
[        ] Resolve mutations for :emoji_picker_flutter:mergeDebugAssets (Thread[#41673,Execution worker Thread 9,5,main]) started.
[        ] :emoji_picker_flutter:mergeDebugAssets (Thread[#41673,Execution worker Thread 9,5,main]) started.
[        ] > Task :emoji_picker_flutter:mergeDebugAssets UP-TO-DATE
[        ] Caching disabled for task ':emoji_picker_flutter:mergeDebugAssets' because:
[        ]   Build cache is disabled
[        ]   Simple merging task
[        ] Skipping task ':emoji_picker_flutter:mergeDebugAssets' as it is up-to-date.
[        ] work action resolve mergeDebugAssets (project :emoji_picker_flutter) (Thread[#41673,Execution worker Thread 9,5,main]) started.
[        ] Resolve mutations for :file_selector_android:mergeDebugShaders (Thread[#41673,Execution worker Thread 9,5,main]) started.
[        ] :file_selector_android:mergeDebugShaders (Thread[#41673,Execution worker Thread 9,5,main]) started.
[        ] > Task :file_selector_android:mergeDebugShaders UP-TO-DATE
[        ] Caching disabled for task ':file_selector_android:mergeDebugShaders' because:
[        ]   Build cache is disabled
[        ]   Simple merging task
[        ] Skipping task ':file_selector_android:mergeDebugShaders' as it is up-to-date.
[        ] Resolve mutations for :file_selector_android:compileDebugShaders (Thread[#41673,Execution worker Thread 9,5,main]) started.
[        ] :file_selector_android:compileDebugShaders (Thread[#41673,Execution worker Thread 9,5,main]) started.
[        ] > Task :file_selector_android:compileDebugShaders NO-SOURCE
[        ] Skipping task ':file_selector_android:compileDebugShaders' as it has no source files and no previous output files.
[        ] Resolve mutations for :file_selector_android:generateDebugAssets (Thread[#41673,Execution worker Thread 9,5,main]) started.
[        ] :file_selector_android:generateDebugAssets (Thread[#41673,Execution worker Thread 9,5,main]) started.
[        ] > Task :file_selector_android:generateDebugAssets UP-TO-DATE
[        ] Skipping task ':file_selector_android:generateDebugAssets' as it has no actions.
[        ] Resolve mutations for :file_selector_android:mergeDebugAssets (Thread[#41673,Execution worker Thread 9,5,main]) started.
[        ] :file_selector_android:mergeDebugAssets (Thread[#41673,Execution worker Thread 9,5,main]) started.
[        ] > Task :file_selector_android:mergeDebugAssets UP-TO-DATE
[        ] Caching disabled for task ':file_selector_android:mergeDebugAssets' because:
[        ]   Build cache is disabled
[        ]   Simple merging task
[        ] Skipping task ':file_selector_android:mergeDebugAssets' as it is up-to-date.
[        ] work action resolve mergeDebugAssets (project :file_selector_android) (Thread[#41673,Execution worker Thread 9,5,main]) started.
[        ] Resolve mutations for :flutter_keyboard_visibility_temp_fork:mergeDebugShaders (Thread[#41673,Execution worker Thread 9,5,main]) started.
[        ] :flutter_keyboard_visibility_temp_fork:mergeDebugShaders (Thread[#41673,Execution worker Thread 9,5,main]) started.
[        ] > Task :flutter_keyboard_visibility_temp_fork:mergeDebugShaders UP-TO-DATE
[        ] Caching disabled for task ':flutter_keyboard_visibility_temp_fork:mergeDebugShaders' because:
[        ]   Build cache is disabled
[        ]   Simple merging task
[        ] Skipping task ':flutter_keyboard_visibility_temp_fork:mergeDebugShaders' as it is up-to-date.
[        ] Resolve mutations for :flutter_keyboard_visibility_temp_fork:compileDebugShaders (Thread[#41673,Execution worker Thread 9,5,main]) started.
[        ] :flutter_keyboard_visibility_temp_fork:compileDebugShaders (Thread[#41673,Execution worker Thread 9,5,main]) started.
[        ] > Task :flutter_keyboard_visibility_temp_fork:compileDebugShaders NO-SOURCE
[        ] Skipping task ':flutter_keyboard_visibility_temp_fork:compileDebugShaders' as it has no source files and no previous output files.
[        ] Resolve mutations for :flutter_keyboard_visibility_temp_fork:generateDebugAssets (Thread[#41673,Execution worker Thread 9,5,main]) started.
[        ] :flutter_keyboard_visibility_temp_fork:generateDebugAssets (Thread[#41673,Execution worker Thread 9,5,main]) started.
[        ] > Task :flutter_keyboard_visibility_temp_fork:generateDebugAssets UP-TO-DATE
[        ] Skipping task ':flutter_keyboard_visibility_temp_fork:generateDebugAssets' as it has no actions.
[        ] Resolve mutations for :flutter_keyboard_visibility_temp_fork:mergeDebugAssets (Thread[#41673,Execution worker Thread 9,5,main]) started.
[        ] :flutter_keyboard_visibility_temp_fork:mergeDebugAssets (Thread[#41673,Execution worker Thread 9,5,main]) started.
[        ] > Task :flutter_keyboard_visibility_temp_fork:mergeDebugAssets UP-TO-DATE
[        ] Caching disabled for task ':flutter_keyboard_visibility_temp_fork:mergeDebugAssets' because:
[        ]   Build cache is disabled
[        ]   Simple merging task
[        ] Skipping task ':flutter_keyboard_visibility_temp_fork:mergeDebugAssets' as it is up-to-date.
[        ] work action resolve mergeDebugAssets (project :flutter_keyboard_visibility_temp_fork) (Thread[#41673,Execution worker Thread 9,5,main]) started.
[        ] Resolve mutations for :flutter_native_splash:mergeDebugShaders (Thread[#41673,Execution worker Thread 9,5,main]) started.
[        ] :flutter_native_splash:mergeDebugShaders (Thread[#41673,Execution worker Thread 9,5,main]) started.
[        ] > Task :flutter_native_splash:mergeDebugShaders UP-TO-DATE
[        ] Caching disabled for task ':flutter_native_splash:mergeDebugShaders' because:
[        ]   Build cache is disabled
[        ]   Simple merging task
[        ] Skipping task ':flutter_native_splash:mergeDebugShaders' as it is up-to-date.
[        ] Resolve mutations for :flutter_native_splash:compileDebugShaders (Thread[#41673,Execution worker Thread 9,5,main]) started.
[        ] :flutter_native_splash:compileDebugShaders (Thread[#41673,Execution worker Thread 9,5,main]) started.
[        ] > Task :flutter_native_splash:compileDebugShaders NO-SOURCE
[        ] Skipping task ':flutter_native_splash:compileDebugShaders' as it has no source files and no previous output files.
[        ] Resolve mutations for :flutter_native_splash:generateDebugAssets (Thread[#41673,Execution worker Thread 9,5,main]) started.
[        ] :flutter_native_splash:generateDebugAssets (Thread[#41673,Execution worker Thread 9,5,main]) started.
[        ] > Task :flutter_native_splash:generateDebugAssets UP-TO-DATE
[        ] Skipping task ':flutter_native_splash:generateDebugAssets' as it has no actions.
[        ] Resolve mutations for :flutter_native_splash:mergeDebugAssets (Thread[#41673,Execution worker Thread 9,5,main]) started.
[        ] :flutter_native_splash:mergeDebugAssets (Thread[#41673,Execution worker Thread 9,5,main]) started.
[        ] > Task :flutter_native_splash:mergeDebugAssets UP-TO-DATE
[        ] Caching disabled for task ':flutter_native_splash:mergeDebugAssets' because:
[        ]   Build cache is disabled
[        ]   Simple merging task
[        ] Skipping task ':flutter_native_splash:mergeDebugAssets' as it is up-to-date.
[        ] work action resolve mergeDebugAssets (project :flutter_native_splash) (Thread[#41673,Execution worker Thread 9,5,main]) started.
[        ] Resolve mutations for :flutter_olm:mergeDebugShaders (Thread[#41673,Execution worker Thread 9,5,main]) started.
[        ] :flutter_olm:mergeDebugShaders (Thread[#41673,Execution worker Thread 9,5,main]) started.
[        ] > Task :flutter_olm:mergeDebugShaders UP-TO-DATE
[        ] Caching disabled for task ':flutter_olm:mergeDebugShaders' because:
[        ]   Build cache is disabled
[        ]   Simple merging task
[        ] Skipping task ':flutter_olm:mergeDebugShaders' as it is up-to-date.
[        ] Resolve mutations for :flutter_olm:compileDebugShaders (Thread[#41673,Execution worker Thread 9,5,main]) started.
[        ] :flutter_olm:compileDebugShaders (Thread[#41673,Execution worker Thread 9,5,main]) started.
[        ] > Task :flutter_olm:compileDebugShaders NO-SOURCE
[        ] Skipping task ':flutter_olm:compileDebugShaders' as it has no source files and no previous output files.
[        ] Resolve mutations for :flutter_olm:generateDebugAssets (Thread[#41673,Execution worker Thread 9,5,main]) started.
[        ] :flutter_olm:generateDebugAssets (Thread[#41673,Execution worker Thread 9,5,main]) started.
[        ] > Task :flutter_olm:generateDebugAssets UP-TO-DATE
[        ] Skipping task ':flutter_olm:generateDebugAssets' as it has no actions.
[        ] Resolve mutations for :flutter_olm:mergeDebugAssets (Thread[#41673,Execution worker Thread 9,5,main]) started.
[        ] :flutter_olm:mergeDebugAssets (Thread[#41673,Execution worker Thread 9,5,main]) started.
[        ] > Task :flutter_olm:mergeDebugAssets UP-TO-DATE
[        ] Caching disabled for task ':flutter_olm:mergeDebugAssets' because:
[        ]   Build cache is disabled
[        ]   Simple merging task
[        ] Skipping task ':flutter_olm:mergeDebugAssets' as it is up-to-date.
[        ] work action resolve mergeDebugAssets (project :flutter_olm) (Thread[#41673,Execution worker Thread 9,5,main]) started.
[        ] Resolve mutations for :flutter_openssl_crypto:mergeDebugShaders (Thread[#41673,Execution worker Thread 9,5,main]) started.
[        ] :flutter_openssl_crypto:mergeDebugShaders (Thread[#41673,Execution worker Thread 9,5,main]) started.
[        ] > Task :flutter_openssl_crypto:mergeDebugShaders UP-TO-DATE
[        ] Caching disabled for task ':flutter_openssl_crypto:mergeDebugShaders' because:
[        ]   Build cache is disabled
[        ]   Simple merging task
[        ] Skipping task ':flutter_openssl_crypto:mergeDebugShaders' as it is up-to-date.
[        ] Resolve mutations for :flutter_openssl_crypto:compileDebugShaders (Thread[#41673,Execution worker Thread 9,5,main]) started.
[        ] :flutter_openssl_crypto:compileDebugShaders (Thread[#41673,Execution worker Thread 9,5,main]) started.
[        ] > Task :flutter_openssl_crypto:compileDebugShaders NO-SOURCE
[        ] Skipping task ':flutter_openssl_crypto:compileDebugShaders' as it has no source files and no previous output files.
[        ] Resolve mutations for :flutter_openssl_crypto:generateDebugAssets (Thread[#41673,Execution worker Thread 9,5,main]) started.
[        ] :flutter_openssl_crypto:generateDebugAssets (Thread[#41673,Execution worker Thread 9,5,main]) started.
[        ] > Task :flutter_openssl_crypto:generateDebugAssets UP-TO-DATE
[        ] Skipping task ':flutter_openssl_crypto:generateDebugAssets' as it has no actions.
[        ] Resolve mutations for :flutter_openssl_crypto:mergeDebugAssets (Thread[#41673,Execution worker Thread 9,5,main]) started.
[        ] :flutter_openssl_crypto:mergeDebugAssets (Thread[#41673,Execution worker Thread 9,5,main]) started.
[        ] > Task :flutter_openssl_crypto:mergeDebugAssets UP-TO-DATE
[        ] Caching disabled for task ':flutter_openssl_crypto:mergeDebugAssets' because:
[        ]   Build cache is disabled
[        ]   Simple merging task
[        ] Skipping task ':flutter_openssl_crypto:mergeDebugAssets' as it is up-to-date.
[        ] work action resolve mergeDebugAssets (project :flutter_openssl_crypto) (Thread[#41673,Execution worker Thread 9,5,main]) started.
[        ] Resolve mutations for :integration_test:mergeDebugShaders (Thread[#41673,Execution worker Thread 9,5,main]) started.
[        ] :integration_test:mergeDebugShaders (Thread[#41673,Execution worker Thread 9,5,main]) started.
[        ] > Task :integration_test:mergeDebugShaders UP-TO-DATE
[        ] Caching disabled for task ':integration_test:mergeDebugShaders' because:
[        ]   Build cache is disabled
[        ]   Simple merging task
[        ] Skipping task ':integration_test:mergeDebugShaders' as it is up-to-date.
[        ] Resolve mutations for :integration_test:compileDebugShaders (Thread[#41673,Execution worker Thread 9,5,main]) started.
[        ] :integration_test:compileDebugShaders (Thread[#41673,Execution worker Thread 9,5,main]) started.
[        ] > Task :integration_test:compileDebugShaders NO-SOURCE
[        ] Skipping task ':integration_test:compileDebugShaders' as it has no source files and no previous output files.
[        ] Resolve mutations for :integration_test:generateDebugAssets (Thread[#41673,Execution worker Thread 9,5,main]) started.
[        ] :integration_test:generateDebugAssets (Thread[#41673,Execution worker Thread 9,5,main]) started.
[        ] > Task :integration_test:generateDebugAssets UP-TO-DATE
[        ] Skipping task ':integration_test:generateDebugAssets' as it has no actions.
[        ] Resolve mutations for :integration_test:mergeDebugAssets (Thread[#41673,Execution worker Thread 9,5,main]) started.
[        ] :integration_test:mergeDebugAssets (Thread[#41673,Execution worker Thread 9,5,main]) started.
[        ] > Task :integration_test:mergeDebugAssets UP-TO-DATE
[        ] Caching disabled for task ':integration_test:mergeDebugAssets' because:
[        ]   Build cache is disabled
[        ]   Simple merging task
[        ] Skipping task ':integration_test:mergeDebugAssets' as it is up-to-date.
[        ] work action resolve mergeDebugAssets (project :integration_test) (Thread[#41673,Execution worker Thread 9,5,main]) started.
[        ] Resolve mutations for :path_provider_android:mergeDebugShaders (Thread[#41673,Execution worker Thread 9,5,main]) started.
[        ] :path_provider_android:mergeDebugShaders (Thread[#41673,Execution worker Thread 9,5,main]) started.
[        ] > Task :path_provider_android:mergeDebugShaders UP-TO-DATE
[        ] Caching disabled for task ':path_provider_android:mergeDebugShaders' because:
[        ]   Build cache is disabled
[        ]   Simple merging task
[        ] Skipping task ':path_provider_android:mergeDebugShaders' as it is up-to-date.
[        ] Resolve mutations for :path_provider_android:compileDebugShaders (Thread[#41673,Execution worker Thread 9,5,main]) started.
[        ] :path_provider_android:compileDebugShaders (Thread[#41673,Execution worker Thread 9,5,main]) started.
[        ] > Task :path_provider_android:compileDebugShaders NO-SOURCE
[        ] Skipping task ':path_provider_android:compileDebugShaders' as it has no source files and no previous output files.
[        ] Resolve mutations for :path_provider_android:generateDebugAssets (Thread[#41664,Execution worker,5,main]) started.
[        ] :path_provider_android:generateDebugAssets (Thread[#41664,Execution worker,5,main]) started.
[        ] > Task :path_provider_android:generateDebugAssets UP-TO-DATE
[        ] Skipping task ':path_provider_android:generateDebugAssets' as it has no actions.
[        ] Resolve mutations for :path_provider_android:mergeDebugAssets (Thread[#41664,Execution worker,5,main]) started.
[        ] :path_provider_android:mergeDebugAssets (Thread[#41664,Execution worker,5,main]) started.
[        ] > Task :path_provider_android:mergeDebugAssets UP-TO-DATE
[        ] Caching disabled for task ':path_provider_android:mergeDebugAssets' because:
[        ]   Build cache is disabled
[        ]   Simple merging task
[        ] Skipping task ':path_provider_android:mergeDebugAssets' as it is up-to-date.
[        ] work action resolve mergeDebugAssets (project :path_provider_android) (Thread[#41664,Execution worker,5,main]) started.
[        ] Resolve mutations for :quill_native_bridge_android:mergeDebugShaders (Thread[#41664,Execution worker,5,main]) started.
[        ] :quill_native_bridge_android:mergeDebugShaders (Thread[#41664,Execution worker,5,main]) started.
[        ] > Task :quill_native_bridge_android:mergeDebugShaders UP-TO-DATE
[        ] Caching disabled for task ':quill_native_bridge_android:mergeDebugShaders' because:
[        ]   Build cache is disabled
[        ]   Simple merging task
[        ] Skipping task ':quill_native_bridge_android:mergeDebugShaders' as it is up-to-date.
[        ] Resolve mutations for :quill_native_bridge_android:compileDebugShaders (Thread[#41664,Execution worker,5,main]) started.
[        ] :quill_native_bridge_android:compileDebugShaders (Thread[#41664,Execution worker,5,main]) started.
[        ] > Task :quill_native_bridge_android:compileDebugShaders NO-SOURCE
[        ] Skipping task ':quill_native_bridge_android:compileDebugShaders' as it has no source files and no previous output files.
[        ] Resolve mutations for :quill_native_bridge_android:generateDebugAssets (Thread[#41664,Execution worker,5,main]) started.
[        ] :quill_native_bridge_android:generateDebugAssets (Thread[#41664,Execution worker,5,main]) started.
[        ] > Task :quill_native_bridge_android:generateDebugAssets UP-TO-DATE
[        ] Skipping task ':quill_native_bridge_android:generateDebugAssets' as it has no actions.
[        ] Resolve mutations for :quill_native_bridge_android:mergeDebugAssets (Thread[#41664,Execution worker,5,main]) started.
[        ] :quill_native_bridge_android:mergeDebugAssets (Thread[#41664,Execution worker,5,main]) started.
[        ] > Task :quill_native_bridge_android:mergeDebugAssets UP-TO-DATE
[        ] Caching disabled for task ':quill_native_bridge_android:mergeDebugAssets' because:
[        ]   Build cache is disabled
[        ]   Simple merging task
[        ] Skipping task ':quill_native_bridge_android:mergeDebugAssets' as it is up-to-date.
[        ] work action resolve mergeDebugAssets (project :quill_native_bridge_android) (Thread[#41664,Execution worker,5,main]) started.
[        ] Resolve mutations for :shared_preferences_android:mergeDebugShaders (Thread[#41664,Execution worker,5,main]) started.
[        ] :shared_preferences_android:mergeDebugShaders (Thread[#41664,Execution worker,5,main]) started.
[        ] > Task :shared_preferences_android:mergeDebugShaders UP-TO-DATE
[        ] Caching disabled for task ':shared_preferences_android:mergeDebugShaders' because:
[        ]   Build cache is disabled
[        ]   Simple merging task
[        ] Skipping task ':shared_preferences_android:mergeDebugShaders' as it is up-to-date.
[        ] Resolve mutations for :shared_preferences_android:compileDebugShaders (Thread[#41664,Execution worker,5,main]) started.
[        ] :shared_preferences_android:compileDebugShaders (Thread[#41664,Execution worker,5,main]) started.
[        ] > Task :shared_preferences_android:compileDebugShaders NO-SOURCE
[        ] Skipping task ':shared_preferences_android:compileDebugShaders' as it has no source files and no previous output files.
[        ] Resolve mutations for :shared_preferences_android:generateDebugAssets (Thread[#41664,Execution worker,5,main]) started.
[        ] :shared_preferences_android:generateDebugAssets (Thread[#41664,Execution worker,5,main]) started.
[        ] > Task :shared_preferences_android:generateDebugAssets UP-TO-DATE
[        ] Skipping task ':shared_preferences_android:generateDebugAssets' as it has no actions.
[        ] Resolve mutations for :shared_preferences_android:mergeDebugAssets (Thread[#41664,Execution worker,5,main]) started.
[        ] :shared_preferences_android:mergeDebugAssets (Thread[#41664,Execution worker,5,main]) started.
[        ] > Task :shared_preferences_android:mergeDebugAssets UP-TO-DATE
[        ] Caching disabled for task ':shared_preferences_android:mergeDebugAssets' because:
[        ]   Build cache is disabled
[        ]   Simple merging task
[        ] Skipping task ':shared_preferences_android:mergeDebugAssets' as it is up-to-date.
[        ] work action resolve mergeDebugAssets (project :shared_preferences_android) (Thread[#41664,Execution worker,5,main]) started.
[        ] Resolve mutations for :sqflite_android:mergeDebugShaders (Thread[#41664,Execution worker,5,main]) started.
[        ] :sqflite_android:mergeDebugShaders (Thread[#41664,Execution worker,5,main]) started.
[        ] > Task :sqflite_android:mergeDebugShaders UP-TO-DATE
[        ] Caching disabled for task ':sqflite_android:mergeDebugShaders' because:
[        ]   Build cache is disabled
[        ]   Simple merging task
[        ] Skipping task ':sqflite_android:mergeDebugShaders' as it is up-to-date.
[        ] Resolve mutations for :sqflite_android:compileDebugShaders (Thread[#41664,Execution worker,5,main]) started.
[        ] :sqflite_android:compileDebugShaders (Thread[#41664,Execution worker,5,main]) started.
[        ] > Task :sqflite_android:compileDebugShaders NO-SOURCE
[        ] Skipping task ':sqflite_android:compileDebugShaders' as it has no source files and no previous output files.
[        ] Resolve mutations for :sqflite_android:generateDebugAssets (Thread[#41664,Execution worker,5,main]) started.
[        ] :sqflite_android:generateDebugAssets (Thread[#41664,Execution worker,5,main]) started.
[        ] > Task :sqflite_android:generateDebugAssets UP-TO-DATE
[        ] Skipping task ':sqflite_android:generateDebugAssets' as it has no actions.
[        ] Resolve mutations for :sqflite_android:mergeDebugAssets (Thread[#41664,Execution worker,5,main]) started.
[        ] :sqflite_android:mergeDebugAssets (Thread[#41664,Execution worker,5,main]) started.
[        ] > Task :sqflite_android:mergeDebugAssets UP-TO-DATE
[        ] Caching disabled for task ':sqflite_android:mergeDebugAssets' because:
[        ]   Build cache is disabled
[        ]   Simple merging task
[        ] Skipping task ':sqflite_android:mergeDebugAssets' as it is up-to-date.
[        ] work action resolve mergeDebugAssets (project :sqflite_android) (Thread[#41664,Execution worker,5,main]) started.
[        ] Resolve mutations for :url_launcher_android:mergeDebugShaders (Thread[#41664,Execution worker,5,main]) started.
[        ] :url_launcher_android:mergeDebugShaders (Thread[#41664,Execution worker,5,main]) started.
[        ] > Task :url_launcher_android:mergeDebugShaders UP-TO-DATE
[        ] Caching disabled for task ':url_launcher_android:mergeDebugShaders' because:
[        ]   Build cache is disabled
[        ]   Simple merging task
[        ] Skipping task ':url_launcher_android:mergeDebugShaders' as it is up-to-date.
[        ] Resolve mutations for :url_launcher_android:compileDebugShaders (Thread[#41664,Execution worker,5,main]) started.
[        ] :url_launcher_android:compileDebugShaders (Thread[#41664,Execution worker,5,main]) started.
[        ] > Task :url_launcher_android:compileDebugShaders NO-SOURCE
[        ] Skipping task ':url_launcher_android:compileDebugShaders' as it has no source files and no previous output files.
[        ] Resolve mutations for :url_launcher_android:generateDebugAssets (Thread[#41664,Execution worker,5,main]) started.
[        ] :url_launcher_android:generateDebugAssets (Thread[#41664,Execution worker,5,main]) started.
[        ] > Task :url_launcher_android:generateDebugAssets UP-TO-DATE
[        ] Skipping task ':url_launcher_android:generateDebugAssets' as it has no actions.
[        ] Resolve mutations for :url_launcher_android:mergeDebugAssets (Thread[#41664,Execution worker,5,main]) started.
[        ] :url_launcher_android:mergeDebugAssets (Thread[#41664,Execution worker,5,main]) started.
[        ] > Task :url_launcher_android:mergeDebugAssets UP-TO-DATE
[        ] Caching disabled for task ':url_launcher_android:mergeDebugAssets' because:
[        ]   Build cache is disabled
[        ]   Simple merging task
[        ] Skipping task ':url_launcher_android:mergeDebugAssets' as it is up-to-date.
[        ] work action resolve mergeDebugAssets (project :url_launcher_android) (Thread[#41664,Execution worker,5,main]) started.
[        ] Resolve mutations for :video_player_android:mergeDebugShaders (Thread[#41664,Execution worker,5,main]) started.
[        ] :video_player_android:mergeDebugShaders (Thread[#41664,Execution worker,5,main]) started.
[        ] > Task :video_player_android:mergeDebugShaders UP-TO-DATE
[        ] Caching disabled for task ':video_player_android:mergeDebugShaders' because:
[        ]   Build cache is disabled
[        ]   Simple merging task
[        ] Skipping task ':video_player_android:mergeDebugShaders' as it is up-to-date.
[        ] Resolve mutations for :video_player_android:compileDebugShaders (Thread[#41664,Execution worker,5,main]) started.
[        ] :video_player_android:compileDebugShaders (Thread[#41664,Execution worker,5,main]) started.
[        ] > Task :video_player_android:compileDebugShaders NO-SOURCE
[        ] Skipping task ':video_player_android:compileDebugShaders' as it has no source files and no previous output files.
[        ] Resolve mutations for :video_player_android:generateDebugAssets (Thread[#41664,Execution worker,5,main]) started.
[        ] :video_player_android:generateDebugAssets (Thread[#41664,Execution worker,5,main]) started.
[        ] > Task :video_player_android:generateDebugAssets UP-TO-DATE
[        ] Skipping task ':video_player_android:generateDebugAssets' as it has no actions.
[        ] Resolve mutations for :video_player_android:mergeDebugAssets (Thread[#41664,Execution worker,5,main]) started.
[        ] :video_player_android:mergeDebugAssets (Thread[#41664,Execution worker,5,main]) started.
[        ] > Task :video_player_android:mergeDebugAssets UP-TO-DATE
[        ] Caching disabled for task ':video_player_android:mergeDebugAssets' because:
[        ]   Build cache is disabled
[        ]   Simple merging task
[        ] Skipping task ':video_player_android:mergeDebugAssets' as it is up-to-date.
[        ] work action resolve mergeDebugAssets (project :video_player_android) (Thread[#41664,Execution worker,5,main]) started.
[        ] Resolve mutations for :app:mergeDebugAssets (Thread[#41664,Execution worker,5,main]) started.
[        ] :app:mergeDebugAssets (Thread[#41664,Execution worker,5,main]) started.
[        ] > Task :app:mergeDebugAssets
[        ] Caching disabled for task ':app:mergeDebugAssets' because:
[        ]   Build cache is disabled
[        ]   Simple merging task
[        ] Task ':app:mergeDebugAssets' is not up-to-date because:
[        ]   Output property 'outputDir' file /Users/florian/Code/substitution/build/app/intermediates/assets/debug/mergeDebugAssets has been removed.
[        ] The input changes require a full rebuild for incremental task ':app:mergeDebugAssets'.
[        ] Resolve mutations for :app:copyFlutterAssetsDebug (Thread[#41664,Execution worker,5,main]) started.
[        ] :app:copyFlutterAssetsDebug (Thread[#41664,Execution worker,5,main]) started.
[ +192 ms] > Task :app:copyFlutterAssetsDebug
[        ] Caching disabled for task ':app:copyFlutterAssetsDebug' because:
[        ]   Build cache is disabled
[        ]   Not worth caching
[        ] Task ':app:copyFlutterAssetsDebug' is not up-to-date because:
[        ]   Output property 'destinationDir' file /Users/florian/Code/substitution/build/app/intermediates/assets/debug/mergeDebugAssets/flutter_assets has been removed.
[        ]   Output property 'destinationDir' file /Users/florian/Code/substitution/build/app/intermediates/assets/debug/mergeDebugAssets/flutter_assets/AssetManifest.bin has been removed.
[        ]   Output property 'destinationDir' file /Users/florian/Code/substitution/build/app/intermediates/assets/debug/mergeDebugAssets/flutter_assets/FontManifest.json has been removed.
[        ]   and more...
[        ] Resolve mutations for :app:generateDebugResValues (Thread[#41664,Execution worker,5,main]) started.
[        ] :app:generateDebugResValues (Thread[#41664,Execution worker,5,main]) started.
[        ] > Task :app:generateDebugResValues UP-TO-DATE
[        ] Caching disabled for task ':app:generateDebugResValues' because:
[        ]   Build cache is disabled
[        ] Skipping task ':app:generateDebugResValues' as it is up-to-date.
[        ] Resolve mutations for :connectivity_plus:generateDebugResValues (Thread[#41664,Execution worker,5,main]) started.
[        ] :connectivity_plus:generateDebugResValues (Thread[#41664,Execution worker,5,main]) started.
[        ] > Task :connectivity_plus:generateDebugResValues UP-TO-DATE
[        ] Caching disabled for task ':connectivity_plus:generateDebugResValues' because:
[        ]   Build cache is disabled
[        ] Skipping task ':connectivity_plus:generateDebugResValues' as it is up-to-date.
[        ] Resolve mutations for :connectivity_plus:generateDebugResources (Thread[#41664,Execution worker,5,main]) started.
[        ] :connectivity_plus:generateDebugResources (Thread[#41664,Execution worker,5,main]) started.
[        ] > Task :connectivity_plus:generateDebugResources UP-TO-DATE
[        ] Caching disabled for task ':connectivity_plus:generateDebugResources' because:
[        ]   Build cache is disabled
[        ] Skipping task ':connectivity_plus:generateDebugResources' as it is up-to-date.
[        ] Resolve mutations for :connectivity_plus:packageDebugResources (Thread[#41664,Execution worker,5,main]) started.
[        ] :connectivity_plus:packageDebugResources (Thread[#41664,Execution worker,5,main]) started.
[        ] > Task :connectivity_plus:packageDebugResources UP-TO-DATE
[        ] Caching disabled for task ':connectivity_plus:packageDebugResources' because:
[        ]   Build cache is disabled
[        ] Skipping task ':connectivity_plus:packageDebugResources' as it is up-to-date.
[        ] work action resolve packageDebugResources (project :connectivity_plus) (Thread[#41664,Execution worker,5,main]) started.
[        ] Resolve mutations for :emoji_picker_flutter:generateDebugResValues (Thread[#41664,Execution worker,5,main]) started.
[        ] :emoji_picker_flutter:generateDebugResValues (Thread[#41664,Execution worker,5,main]) started.
[        ] > Task :emoji_picker_flutter:generateDebugResValues UP-TO-DATE
[        ] Caching disabled for task ':emoji_picker_flutter:generateDebugResValues' because:
[        ]   Build cache is disabled
[        ] Skipping task ':emoji_picker_flutter:generateDebugResValues' as it is up-to-date.
[        ] Resolve mutations for :emoji_picker_flutter:generateDebugResources (Thread[#41664,Execution worker,5,main]) started.
[        ] :emoji_picker_flutter:generateDebugResources (Thread[#41664,Execution worker,5,main]) started.
[        ] > Task :emoji_picker_flutter:generateDebugResources UP-TO-DATE
[        ] Caching disabled for task ':emoji_picker_flutter:generateDebugResources' because:
[        ]   Build cache is disabled
[        ] Skipping task ':emoji_picker_flutter:generateDebugResources' as it is up-to-date.
[        ] Resolve mutations for :emoji_picker_flutter:packageDebugResources (Thread[#41664,Execution worker,5,main]) started.
[        ] :emoji_picker_flutter:packageDebugResources (Thread[#41664,Execution worker,5,main]) started.
[        ] > Task :emoji_picker_flutter:packageDebugResources UP-TO-DATE
[        ] Caching disabled for task ':emoji_picker_flutter:packageDebugResources' because:
[        ]   Build cache is disabled
[        ] Skipping task ':emoji_picker_flutter:packageDebugResources' as it is up-to-date.
[        ] work action resolve packageDebugResources (project :emoji_picker_flutter) (Thread[#41664,Execution worker,5,main]) started.
[        ] Resolve mutations for :file_selector_android:generateDebugResValues (Thread[#41664,Execution worker,5,main]) started.
[        ] :file_selector_android:generateDebugResValues (Thread[#41664,Execution worker,5,main]) started.
[        ] > Task :file_selector_android:generateDebugResValues UP-TO-DATE
[        ] Caching disabled for task ':file_selector_android:generateDebugResValues' because:
[        ]   Build cache is disabled
[        ] Skipping task ':file_selector_android:generateDebugResValues' as it is up-to-date.
[        ] Resolve mutations for :file_selector_android:generateDebugResources (Thread[#41664,Execution worker,5,main]) started.
[        ] :file_selector_android:generateDebugResources (Thread[#41664,Execution worker,5,main]) started.
[        ] > Task :file_selector_android:generateDebugResources UP-TO-DATE
[        ] Caching disabled for task ':file_selector_android:generateDebugResources' because:
[        ]   Build cache is disabled
[        ] Skipping task ':file_selector_android:generateDebugResources' as it is up-to-date.
[        ] Resolve mutations for :file_selector_android:packageDebugResources (Thread[#41664,Execution worker,5,main]) started.
[        ] :file_selector_android:packageDebugResources (Thread[#41664,Execution worker,5,main]) started.
[        ] > Task :file_selector_android:packageDebugResources UP-TO-DATE
[        ] Caching disabled for task ':file_selector_android:packageDebugResources' because:
[        ]   Build cache is disabled
[        ] Skipping task ':file_selector_android:packageDebugResources' as it is up-to-date.
[        ] work action resolve packageDebugResources (project :file_selector_android) (Thread[#41664,Execution worker,5,main]) started.
[        ] Resolve mutations for :flutter_keyboard_visibility_temp_fork:generateDebugResValues (Thread[#41672,Execution worker Thread 8,5,main]) started.
[        ] :flutter_keyboard_visibility_temp_fork:generateDebugResValues (Thread[#41672,Execution worker Thread 8,5,main]) started.
[        ] > Task :flutter_keyboard_visibility_temp_fork:generateDebugResValues UP-TO-DATE
[        ] Caching disabled for task ':flutter_keyboard_visibility_temp_fork:generateDebugResValues' because:
[        ]   Build cache is disabled
[        ] Skipping task ':flutter_keyboard_visibility_temp_fork:generateDebugResValues' as it is up-to-date.
[        ] Resolve mutations for :flutter_keyboard_visibility_temp_fork:generateDebugResources (Thread[#41672,Execution worker Thread 8,5,main]) started.
[        ] :flutter_keyboard_visibility_temp_fork:generateDebugResources (Thread[#41672,Execution worker Thread 8,5,main]) started.
[        ] > Task :flutter_keyboard_visibility_temp_fork:generateDebugResources UP-TO-DATE
[        ] Caching disabled for task ':flutter_keyboard_visibility_temp_fork:generateDebugResources' because:
[        ]   Build cache is disabled
[        ] Skipping task ':flutter_keyboard_visibility_temp_fork:generateDebugResources' as it is up-to-date.
[        ] Resolve mutations for :flutter_keyboard_visibility_temp_fork:packageDebugResources (Thread[#41672,Execution worker Thread 8,5,main]) started.
[        ] :flutter_keyboard_visibility_temp_fork:packageDebugResources (Thread[#41672,Execution worker Thread 8,5,main]) started.
[        ] > Task :flutter_keyboard_visibility_temp_fork:packageDebugResources UP-TO-DATE
[        ] Caching disabled for task ':flutter_keyboard_visibility_temp_fork:packageDebugResources' because:
[        ]   Build cache is disabled
[        ] Skipping task ':flutter_keyboard_visibility_temp_fork:packageDebugResources' as it is up-to-date.
[        ] work action resolve packageDebugResources (project :flutter_keyboard_visibility_temp_fork) (Thread[#41672,Execution worker Thread 8,5,main]) started.
[        ] Resolve mutations for :flutter_native_splash:generateDebugResValues (Thread[#41672,Execution worker Thread 8,5,main]) started.
[        ] :flutter_native_splash:generateDebugResValues (Thread[#41672,Execution worker Thread 8,5,main]) started.
[        ] > Task :flutter_native_splash:generateDebugResValues UP-TO-DATE
[        ] Caching disabled for task ':flutter_native_splash:generateDebugResValues' because:
[        ]   Build cache is disabled
[        ] Skipping task ':flutter_native_splash:generateDebugResValues' as it is up-to-date.
[        ] Resolve mutations for :flutter_native_splash:generateDebugResources (Thread[#41672,Execution worker Thread 8,5,main]) started.
[        ] :flutter_native_splash:generateDebugResources (Thread[#41672,Execution worker Thread 8,5,main]) started.
[        ] > Task :flutter_native_splash:generateDebugResources UP-TO-DATE
[        ] Caching disabled for task ':flutter_native_splash:generateDebugResources' because:
[        ]   Build cache is disabled
[        ] Skipping task ':flutter_native_splash:generateDebugResources' as it is up-to-date.
[        ] Resolve mutations for :flutter_native_splash:packageDebugResources (Thread[#41672,Execution worker Thread 8,5,main]) started.
[        ] :flutter_native_splash:packageDebugResources (Thread[#41672,Execution worker Thread 8,5,main]) started.
[        ] > Task :flutter_native_splash:packageDebugResources UP-TO-DATE
[        ] Caching disabled for task ':flutter_native_splash:packageDebugResources' because:
[        ]   Build cache is disabled
[        ] Skipping task ':flutter_native_splash:packageDebugResources' as it is up-to-date.
[        ] work action resolve packageDebugResources (project :flutter_native_splash) (Thread[#41672,Execution worker Thread 8,5,main]) started.
[        ] Resolve mutations for :flutter_olm:generateDebugResValues (Thread[#41672,Execution worker Thread 8,5,main]) started.
[        ] :flutter_olm:generateDebugResValues (Thread[#41672,Execution worker Thread 8,5,main]) started.
[        ] > Task :flutter_olm:generateDebugResValues UP-TO-DATE
[        ] Caching disabled for task ':flutter_olm:generateDebugResValues' because:
[        ]   Build cache is disabled
[        ] Skipping task ':flutter_olm:generateDebugResValues' as it is up-to-date.
[        ] Resolve mutations for :flutter_olm:generateDebugResources (Thread[#41672,Execution worker Thread 8,5,main]) started.
[        ] :flutter_olm:generateDebugResources (Thread[#41672,Execution worker Thread 8,5,main]) started.
[        ] > Task :flutter_olm:generateDebugResources UP-TO-DATE
[        ] Caching disabled for task ':flutter_olm:generateDebugResources' because:
[        ]   Build cache is disabled
[        ] Skipping task ':flutter_olm:generateDebugResources' as it is up-to-date.
[        ] Resolve mutations for :flutter_olm:packageDebugResources (Thread[#41672,Execution worker Thread 8,5,main]) started.
[        ] :flutter_olm:packageDebugResources (Thread[#41672,Execution worker Thread 8,5,main]) started.
[        ] > Task :flutter_olm:packageDebugResources UP-TO-DATE
[        ] Caching disabled for task ':flutter_olm:packageDebugResources' because:
[        ]   Build cache is disabled
[        ] Skipping task ':flutter_olm:packageDebugResources' as it is up-to-date.
[        ] work action resolve packageDebugResources (project :flutter_olm) (Thread[#41672,Execution worker Thread 8,5,main]) started.
[        ] Resolve mutations for :flutter_openssl_crypto:generateDebugResValues (Thread[#41672,Execution worker Thread 8,5,main]) started.
[        ] :flutter_openssl_crypto:generateDebugResValues (Thread[#41672,Execution worker Thread 8,5,main]) started.
[        ] > Task :flutter_openssl_crypto:generateDebugResValues UP-TO-DATE
[        ] Caching disabled for task ':flutter_openssl_crypto:generateDebugResValues' because:
[        ]   Build cache is disabled
[        ] Skipping task ':flutter_openssl_crypto:generateDebugResValues' as it is up-to-date.
[        ] Resolve mutations for :flutter_openssl_crypto:generateDebugResources (Thread[#41672,Execution worker Thread 8,5,main]) started.
[        ] :flutter_openssl_crypto:generateDebugResources (Thread[#41672,Execution worker Thread 8,5,main]) started.
[        ] > Task :flutter_openssl_crypto:generateDebugResources UP-TO-DATE
[        ] Caching disabled for task ':flutter_openssl_crypto:generateDebugResources' because:
[        ]   Build cache is disabled
[        ] Skipping task ':flutter_openssl_crypto:generateDebugResources' as it is up-to-date.
[        ] Resolve mutations for :flutter_openssl_crypto:packageDebugResources (Thread[#41672,Execution worker Thread 8,5,main]) started.
[        ] :flutter_openssl_crypto:packageDebugResources (Thread[#41672,Execution worker Thread 8,5,main]) started.
[        ] > Task :flutter_openssl_crypto:packageDebugResources UP-TO-DATE
[        ] Caching disabled for task ':flutter_openssl_crypto:packageDebugResources' because:
[        ]   Build cache is disabled
[        ] Skipping task ':flutter_openssl_crypto:packageDebugResources' as it is up-to-date.
[        ] work action resolve packageDebugResources (project :flutter_openssl_crypto) (Thread[#41672,Execution worker Thread 8,5,main]) started.
[        ] Resolve mutations for :integration_test:generateDebugResValues (Thread[#41672,Execution worker Thread 8,5,main]) started.
[        ] :integration_test:generateDebugResValues (Thread[#41672,Execution worker Thread 8,5,main]) started.
[        ] > Task :integration_test:generateDebugResValues UP-TO-DATE
[        ] Caching disabled for task ':integration_test:generateDebugResValues' because:
[        ]   Build cache is disabled
[        ] Skipping task ':integration_test:generateDebugResValues' as it is up-to-date.
[        ] Resolve mutations for :integration_test:generateDebugResources (Thread[#41672,Execution worker Thread 8,5,main]) started.
[        ] :integration_test:generateDebugResources (Thread[#41672,Execution worker Thread 8,5,main]) started.
[        ] > Task :integration_test:generateDebugResources UP-TO-DATE
[        ] Caching disabled for task ':integration_test:generateDebugResources' because:
[        ]   Build cache is disabled
[        ] Skipping task ':integration_test:generateDebugResources' as it is up-to-date.
[        ] Resolve mutations for :integration_test:packageDebugResources (Thread[#41672,Execution worker Thread 8,5,main]) started.
[        ] :integration_test:packageDebugResources (Thread[#41672,Execution worker Thread 8,5,main]) started.
[        ] > Task :integration_test:packageDebugResources UP-TO-DATE
[        ] Caching disabled for task ':integration_test:packageDebugResources' because:
[        ]   Build cache is disabled
[        ] Skipping task ':integration_test:packageDebugResources' as it is up-to-date.
[        ] work action resolve packageDebugResources (project :integration_test) (Thread[#41672,Execution worker Thread 8,5,main]) started.
[        ] Resolve mutations for :path_provider_android:generateDebugResValues (Thread[#41672,Execution worker Thread 8,5,main]) started.
[        ] :path_provider_android:generateDebugResValues (Thread[#41672,Execution worker Thread 8,5,main]) started.
[        ] > Task :path_provider_android:generateDebugResValues UP-TO-DATE
[        ] Caching disabled for task ':path_provider_android:generateDebugResValues' because:
[        ]   Build cache is disabled
[        ] Skipping task ':path_provider_android:generateDebugResValues' as it is up-to-date.
[        ] Resolve mutations for :path_provider_android:generateDebugResources (Thread[#41672,Execution worker Thread 8,5,main]) started.
[        ] :path_provider_android:generateDebugResources (Thread[#41672,Execution worker Thread 8,5,main]) started.
[        ] > Task :path_provider_android:generateDebugResources UP-TO-DATE
[        ] Caching disabled for task ':path_provider_android:generateDebugResources' because:
[        ]   Build cache is disabled
[        ] Skipping task ':path_provider_android:generateDebugResources' as it is up-to-date.
[        ] Resolve mutations for :path_provider_android:packageDebugResources (Thread[#41672,Execution worker Thread 8,5,main]) started.
[        ] :path_provider_android:packageDebugResources (Thread[#41672,Execution worker Thread 8,5,main]) started.
[        ] > Task :path_provider_android:packageDebugResources UP-TO-DATE
[        ] Caching disabled for task ':path_provider_android:packageDebugResources' because:
[        ]   Build cache is disabled
[        ] Skipping task ':path_provider_android:packageDebugResources' as it is up-to-date.
[        ] work action resolve packageDebugResources (project :path_provider_android) (Thread[#41672,Execution worker Thread 8,5,main]) started.
[        ] Resolve mutations for :quill_native_bridge_android:generateDebugResValues (Thread[#41672,Execution worker Thread 8,5,main]) started.
[        ] :quill_native_bridge_android:generateDebugResValues (Thread[#41672,Execution worker Thread 8,5,main]) started.
[        ] > Task :quill_native_bridge_android:generateDebugResValues UP-TO-DATE
[        ] Caching disabled for task ':quill_native_bridge_android:generateDebugResValues' because:
[        ]   Build cache is disabled
[        ] Skipping task ':quill_native_bridge_android:generateDebugResValues' as it is up-to-date.
[        ] Resolve mutations for :quill_native_bridge_android:generateDebugResources (Thread[#41672,Execution worker Thread 8,5,main]) started.
[        ] :quill_native_bridge_android:generateDebugResources (Thread[#41672,Execution worker Thread 8,5,main]) started.
[        ] > Task :quill_native_bridge_android:generateDebugResources UP-TO-DATE
[        ] Caching disabled for task ':quill_native_bridge_android:generateDebugResources' because:
[        ]   Build cache is disabled
[        ] Skipping task ':quill_native_bridge_android:generateDebugResources' as it is up-to-date.
[        ] Resolve mutations for :quill_native_bridge_android:packageDebugResources (Thread[#41672,Execution worker Thread 8,5,main]) started.
[        ] :quill_native_bridge_android:packageDebugResources (Thread[#41672,Execution worker Thread 8,5,main]) started.
[        ] > Task :quill_native_bridge_android:packageDebugResources UP-TO-DATE
[        ] Caching disabled for task ':quill_native_bridge_android:packageDebugResources' because:
[        ]   Build cache is disabled
[        ] Skipping task ':quill_native_bridge_android:packageDebugResources' as it is up-to-date.
[        ] work action resolve packageDebugResources (project :quill_native_bridge_android) (Thread[#41672,Execution worker Thread 8,5,main]) started.
[        ] Resolve mutations for :shared_preferences_android:generateDebugResValues (Thread[#41672,Execution worker Thread 8,5,main]) started.
[        ] :shared_preferences_android:generateDebugResValues (Thread[#41672,Execution worker Thread 8,5,main]) started.
[        ] > Task :shared_preferences_android:generateDebugResValues UP-TO-DATE
[        ] Caching disabled for task ':shared_preferences_android:generateDebugResValues' because:
[        ]   Build cache is disabled
[        ] Skipping task ':shared_preferences_android:generateDebugResValues' as it is up-to-date.
[        ] Resolve mutations for :shared_preferences_android:generateDebugResources (Thread[#41672,Execution worker Thread 8,5,main]) started.
[        ] :shared_preferences_android:generateDebugResources (Thread[#41672,Execution worker Thread 8,5,main]) started.
[        ] > Task :shared_preferences_android:generateDebugResources UP-TO-DATE
[        ] Caching disabled for task ':shared_preferences_android:generateDebugResources' because:
[        ]   Build cache is disabled
[        ] Skipping task ':shared_preferences_android:generateDebugResources' as it is up-to-date.
[        ] Resolve mutations for :shared_preferences_android:packageDebugResources (Thread[#41672,Execution worker Thread 8,5,main]) started.
[        ] :shared_preferences_android:packageDebugResources (Thread[#41672,Execution worker Thread 8,5,main]) started.
[        ] > Task :shared_preferences_android:packageDebugResources UP-TO-DATE
[        ] Caching disabled for task ':shared_preferences_android:packageDebugResources' because:
[        ]   Build cache is disabled
[        ] Skipping task ':shared_preferences_android:packageDebugResources' as it is up-to-date.
[        ] work action resolve packageDebugResources (project :shared_preferences_android) (Thread[#41672,Execution worker Thread 8,5,main]) started.
[        ] Resolve mutations for :sqflite_android:generateDebugResValues (Thread[#41672,Execution worker Thread 8,5,main]) started.
[        ] :sqflite_android:generateDebugResValues (Thread[#41672,Execution worker Thread 8,5,main]) started.
[        ] > Task :sqflite_android:generateDebugResValues UP-TO-DATE
[        ] Caching disabled for task ':sqflite_android:generateDebugResValues' because:
[        ]   Build cache is disabled
[        ] Skipping task ':sqflite_android:generateDebugResValues' as it is up-to-date.
[        ] Resolve mutations for :sqflite_android:generateDebugResources (Thread[#41672,Execution worker Thread 8,5,main]) started.
[        ] :sqflite_android:generateDebugResources (Thread[#41672,Execution worker Thread 8,5,main]) started.
[        ] > Task :sqflite_android:generateDebugResources UP-TO-DATE
[        ] Caching disabled for task ':sqflite_android:generateDebugResources' because:
[        ]   Build cache is disabled
[        ] Skipping task ':sqflite_android:generateDebugResources' as it is up-to-date.
[        ] Resolve mutations for :sqflite_android:packageDebugResources (Thread[#41672,Execution worker Thread 8,5,main]) started.
[        ] :sqflite_android:packageDebugResources (Thread[#41672,Execution worker Thread 8,5,main]) started.
[        ] > Task :sqflite_android:packageDebugResources UP-TO-DATE
[        ] Caching disabled for task ':sqflite_android:packageDebugResources' because:
[        ]   Build cache is disabled
[        ] Skipping task ':sqflite_android:packageDebugResources' as it is up-to-date.
[        ] work action resolve packageDebugResources (project :sqflite_android) (Thread[#41672,Execution worker Thread 8,5,main]) started.
[        ] Resolve mutations for :url_launcher_android:generateDebugResValues (Thread[#41672,Execution worker Thread 8,5,main]) started.
[        ] :url_launcher_android:generateDebugResValues (Thread[#41672,Execution worker Thread 8,5,main]) started.
[        ] > Task :url_launcher_android:generateDebugResValues UP-TO-DATE
[        ] Caching disabled for task ':url_launcher_android:generateDebugResValues' because:
[        ]   Build cache is disabled
[        ] Skipping task ':url_launcher_android:generateDebugResValues' as it is up-to-date.
[        ] Resolve mutations for :url_launcher_android:generateDebugResources (Thread[#41672,Execution worker Thread 8,5,main]) started.
[        ] :url_launcher_android:generateDebugResources (Thread[#41672,Execution worker Thread 8,5,main]) started.
[        ] > Task :url_launcher_android:generateDebugResources UP-TO-DATE
[        ] Caching disabled for task ':url_launcher_android:generateDebugResources' because:
[        ]   Build cache is disabled
[        ] Skipping task ':url_launcher_android:generateDebugResources' as it is up-to-date.
[        ] Resolve mutations for :url_launcher_android:packageDebugResources (Thread[#41672,Execution worker Thread 8,5,main]) started.
[        ] :url_launcher_android:packageDebugResources (Thread[#41672,Execution worker Thread 8,5,main]) started.
[        ] > Task :url_launcher_android:packageDebugResources UP-TO-DATE
[        ] Caching disabled for task ':url_launcher_android:packageDebugResources' because:
[        ]   Build cache is disabled
[        ] Skipping task ':url_launcher_android:packageDebugResources' as it is up-to-date.
[        ] work action resolve packageDebugResources (project :url_launcher_android) (Thread[#41672,Execution worker Thread 8,5,main]) started.
[        ] Resolve mutations for :video_player_android:generateDebugResValues (Thread[#41672,Execution worker Thread 8,5,main]) started.
[        ] :video_player_android:generateDebugResValues (Thread[#41672,Execution worker Thread 8,5,main]) started.
[        ] > Task :video_player_android:generateDebugResValues UP-TO-DATE
[        ] Caching disabled for task ':video_player_android:generateDebugResValues' because:
[        ]   Build cache is disabled
[        ] Skipping task ':video_player_android:generateDebugResValues' as it is up-to-date.
[        ] Resolve mutations for :video_player_android:generateDebugResources (Thread[#41672,Execution worker Thread 8,5,main]) started.
[        ] :video_player_android:generateDebugResources (Thread[#41672,Execution worker Thread 8,5,main]) started.
[        ] > Task :video_player_android:generateDebugResources UP-TO-DATE
[        ] Caching disabled for task ':video_player_android:generateDebugResources' because:
[        ]   Build cache is disabled
[        ] Skipping task ':video_player_android:generateDebugResources' as it is up-to-date.
[        ] Resolve mutations for :video_player_android:packageDebugResources (Thread[#41672,Execution worker Thread 8,5,main]) started.
[        ] :video_player_android:packageDebugResources (Thread[#41672,Execution worker Thread 8,5,main]) started.
[        ] > Task :video_player_android:packageDebugResources UP-TO-DATE
[        ] Caching disabled for task ':video_player_android:packageDebugResources' because:
[        ]   Build cache is disabled
[        ] Skipping task ':video_player_android:packageDebugResources' as it is up-to-date.
[        ] work action resolve packageDebugResources (project :video_player_android) (Thread[#41672,Execution worker Thread 8,5,main]) started.
[        ] Resolve mutations for :app:mapDebugSourceSetPaths (Thread[#41672,Execution worker Thread 8,5,main]) started.
[        ] :app:mapDebugSourceSetPaths (Thread[#41672,Execution worker Thread 8,5,main]) started.
[        ] > Task :app:mapDebugSourceSetPaths UP-TO-DATE
[        ] Caching disabled for task ':app:mapDebugSourceSetPaths' because:
[        ]   Build cache is disabled
[        ]   Caching has been disabled for the task
[        ] Skipping task ':app:mapDebugSourceSetPaths' as it is up-to-date.
[        ] Resolve mutations for :app:generateDebugResources (Thread[#41672,Execution worker Thread 8,5,main]) started.
[        ] :app:generateDebugResources (Thread[#41672,Execution worker Thread 8,5,main]) started.
[        ] > Task :app:generateDebugResources UP-TO-DATE
[        ] Caching disabled for task ':app:generateDebugResources' because:
[        ]   Build cache is disabled
[        ] Skipping task ':app:generateDebugResources' as it is up-to-date.
[        ] Resolve mutations for :app:mergeDebugResources (Thread[#41672,Execution worker Thread 8,5,main]) started.
[        ] :app:mergeDebugResources (Thread[#41672,Execution worker Thread 8,5,main]) started.
[        ] > Task :app:mergeDebugResources UP-TO-DATE
[        ] Caching disabled for task ':app:mergeDebugResources' because:
[        ]   Build cache is disabled
[        ] Skipping task ':app:mergeDebugResources' as it is up-to-date.
[        ] Resolve mutations for :app:packageDebugResources (Thread[#41672,Execution worker Thread 8,5,main]) started.
[        ] :app:packageDebugResources (Thread[#41672,Execution worker Thread 8,5,main]) started.
[        ] > Task :app:packageDebugResources UP-TO-DATE
[        ] Caching disabled for task ':app:packageDebugResources' because:
[        ]   Build cache is disabled
[        ] Skipping task ':app:packageDebugResources' as it is up-to-date.
[        ] Resolve mutations for :app:parseDebugLocalResources (Thread[#41672,Execution worker Thread 8,5,main]) started.
[        ] :app:parseDebugLocalResources (Thread[#41672,Execution worker Thread 8,5,main]) started.
[        ] > Task :app:parseDebugLocalResources UP-TO-DATE
[        ] Caching disabled for task ':app:parseDebugLocalResources' because:
[        ]   Build cache is disabled
[        ] Skipping task ':app:parseDebugLocalResources' as it is up-to-date.
[        ] Resolve mutations for :app:createDebugCompatibleScreenManifests (Thread[#41672,Execution worker Thread 8,5,main]) started.
[        ] :app:createDebugCompatibleScreenManifests (Thread[#41672,Execution worker Thread 8,5,main]) started.
[        ] > Task :app:createDebugCompatibleScreenManifests UP-TO-DATE
[        ] Caching disabled for task ':app:createDebugCompatibleScreenManifests' because:
[        ]   Build cache is disabled
[        ]   Caching has been disabled for the task
[        ] Skipping task ':app:createDebugCompatibleScreenManifests' as it is up-to-date.
[        ] Resolve mutations for :app:extractDeepLinksDebug (Thread[#41672,Execution worker Thread 8,5,main]) started.
[        ] :app:extractDeepLinksDebug (Thread[#41672,Execution worker Thread 8,5,main]) started.
[        ] > Task :app:extractDeepLinksDebug UP-TO-DATE
[        ] Caching disabled for task ':app:extractDeepLinksDebug' because:
[        ]   Build cache is disabled
[        ] Skipping task ':app:extractDeepLinksDebug' as it is up-to-date.
[        ] Resolve mutations for :connectivity_plus:extractDeepLinksDebug (Thread[#41672,Execution worker Thread 8,5,main]) started.
[        ] :connectivity_plus:extractDeepLinksDebug (Thread[#41672,Execution worker Thread 8,5,main]) started.
[        ] > Task :connectivity_plus:extractDeepLinksDebug UP-TO-DATE
[        ] Caching disabled for task ':connectivity_plus:extractDeepLinksDebug' because:
[        ]   Build cache is disabled
[        ] Skipping task ':connectivity_plus:extractDeepLinksDebug' as it is up-to-date.
[        ] work action resolve navigation.json (project :connectivity_plus) (Thread[#41672,Execution worker Thread 8,5,main]) started.
[        ] Resolve mutations for :connectivity_plus:processDebugManifest (Thread[#41672,Execution worker Thread 8,5,main]) started.
[        ] :connectivity_plus:processDebugManifest (Thread[#41672,Execution worker Thread 8,5,main]) started.
[        ] > Task :connectivity_plus:processDebugManifest UP-TO-DATE
[        ] Caching disabled for task ':connectivity_plus:processDebugManifest' because:
[        ]   Build cache is disabled
[        ] Skipping task ':connectivity_plus:processDebugManifest' as it is up-to-date.
[        ] work action resolve AndroidManifest.xml (project :connectivity_plus) (Thread[#41672,Execution worker Thread 8,5,main]) started.
[        ] Resolve mutations for :emoji_picker_flutter:extractDeepLinksDebug (Thread[#41672,Execution worker Thread 8,5,main]) started.
[        ] :emoji_picker_flutter:extractDeepLinksDebug (Thread[#41672,Execution worker Thread 8,5,main]) started.
[        ] > Task :emoji_picker_flutter:extractDeepLinksDebug UP-TO-DATE
[        ] Caching disabled for task ':emoji_picker_flutter:extractDeepLinksDebug' because:
[        ]   Build cache is disabled
[        ] Skipping task ':emoji_picker_flutter:extractDeepLinksDebug' as it is up-to-date.
[        ] work action resolve navigation.json (project :emoji_picker_flutter) (Thread[#41672,Execution worker Thread 8,5,main]) started.
[        ] Resolve mutations for :emoji_picker_flutter:processDebugManifest (Thread[#41672,Execution worker Thread 8,5,main]) started.
[        ] :emoji_picker_flutter:processDebugManifest (Thread[#41672,Execution worker Thread 8,5,main]) started.
[        ] > Task :emoji_picker_flutter:processDebugManifest UP-TO-DATE
[        ] Caching disabled for task ':emoji_picker_flutter:processDebugManifest' because:
[        ]   Build cache is disabled
[        ] Skipping task ':emoji_picker_flutter:processDebugManifest' as it is up-to-date.
[        ] work action resolve AndroidManifest.xml (project :emoji_picker_flutter) (Thread[#41672,Execution worker Thread 8,5,main]) started.
[        ] Resolve mutations for :file_selector_android:extractDeepLinksDebug (Thread[#41672,Execution worker Thread 8,5,main]) started.
[        ] :file_selector_android:extractDeepLinksDebug (Thread[#41672,Execution worker Thread 8,5,main]) started.
[        ] > Task :file_selector_android:extractDeepLinksDebug UP-TO-DATE
[        ] Caching disabled for task ':file_selector_android:extractDeepLinksDebug' because:
[        ]   Build cache is disabled
[        ] Skipping task ':file_selector_android:extractDeepLinksDebug' as it is up-to-date.
[        ] work action resolve navigation.json (project :file_selector_android) (Thread[#41672,Execution worker Thread 8,5,main]) started.
[        ] Resolve mutations for :file_selector_android:processDebugManifest (Thread[#41672,Execution worker Thread 8,5,main]) started.
[        ] :file_selector_android:processDebugManifest (Thread[#41672,Execution worker Thread 8,5,main]) started.
[        ] > Task :file_selector_android:processDebugManifest UP-TO-DATE
[        ] Caching disabled for task ':file_selector_android:processDebugManifest' because:
[        ]   Build cache is disabled
[        ] Skipping task ':file_selector_android:processDebugManifest' as it is up-to-date.
[        ] work action resolve AndroidManifest.xml (project :file_selector_android) (Thread[#41672,Execution worker Thread 8,5,main]) started.
[        ] Resolve mutations for :flutter_keyboard_visibility_temp_fork:extractDeepLinksDebug (Thread[#41672,Execution worker Thread 8,5,main]) started.
[        ] :flutter_keyboard_visibility_temp_fork:extractDeepLinksDebug (Thread[#41672,Execution worker Thread 8,5,main]) started.
[        ] > Task :flutter_keyboard_visibility_temp_fork:extractDeepLinksDebug UP-TO-DATE
[        ] Caching disabled for task ':flutter_keyboard_visibility_temp_fork:extractDeepLinksDebug' because:
[        ]   Build cache is disabled
[        ] Skipping task ':flutter_keyboard_visibility_temp_fork:extractDeepLinksDebug' as it is up-to-date.
[        ] work action resolve navigation.json (project :flutter_keyboard_visibility_temp_fork) (Thread[#41672,Execution worker Thread 8,5,main]) started.
[        ] Resolve mutations for :flutter_keyboard_visibility_temp_fork:processDebugManifest (Thread[#41672,Execution worker Thread 8,5,main]) started.
[        ] :flutter_keyboard_visibility_temp_fork:processDebugManifest (Thread[#41672,Execution worker Thread 8,5,main]) started.
[        ] > Task :flutter_keyboard_visibility_temp_fork:processDebugManifest UP-TO-DATE
[        ] Caching disabled for task ':flutter_keyboard_visibility_temp_fork:processDebugManifest' because:
[        ]   Build cache is disabled
[        ] Skipping task ':flutter_keyboard_visibility_temp_fork:processDebugManifest' as it is up-to-date.
[        ] work action resolve AndroidManifest.xml (project :flutter_keyboard_visibility_temp_fork) (Thread[#41672,Execution worker Thread 8,5,main]) started.
[        ] Resolve mutations for :flutter_native_splash:extractDeepLinksDebug (Thread[#41672,Execution worker Thread 8,5,main]) started.
[        ] :flutter_native_splash:extractDeepLinksDebug (Thread[#41672,Execution worker Thread 8,5,main]) started.
[        ] > Task :flutter_native_splash:extractDeepLinksDebug UP-TO-DATE
[        ] Caching disabled for task ':flutter_native_splash:extractDeepLinksDebug' because:
[        ]   Build cache is disabled
[        ] Skipping task ':flutter_native_splash:extractDeepLinksDebug' as it is up-to-date.
[        ] work action resolve navigation.json (project :flutter_native_splash) (Thread[#41672,Execution worker Thread 8,5,main]) started.
[        ] Resolve mutations for :flutter_native_splash:processDebugManifest (Thread[#41672,Execution worker Thread 8,5,main]) started.
[        ] :flutter_native_splash:processDebugManifest (Thread[#41672,Execution worker Thread 8,5,main]) started.
[        ] > Task :flutter_native_splash:processDebugManifest UP-TO-DATE
[        ] Caching disabled for task ':flutter_native_splash:processDebugManifest' because:
[        ]   Build cache is disabled
[        ] Skipping task ':flutter_native_splash:processDebugManifest' as it is up-to-date.
[        ] work action resolve AndroidManifest.xml (project :flutter_native_splash) (Thread[#41672,Execution worker Thread 8,5,main]) started.
[        ] Resolve mutations for :flutter_olm:extractDeepLinksDebug (Thread[#41672,Execution worker Thread 8,5,main]) started.
[        ] :flutter_olm:extractDeepLinksDebug (Thread[#41672,Execution worker Thread 8,5,main]) started.
[        ] > Task :flutter_olm:extractDeepLinksDebug UP-TO-DATE
[        ] Caching disabled for task ':flutter_olm:extractDeepLinksDebug' because:
[        ]   Build cache is disabled
[        ] Skipping task ':flutter_olm:extractDeepLinksDebug' as it is up-to-date.
[        ] work action resolve navigation.json (project :flutter_olm) (Thread[#41672,Execution worker Thread 8,5,main]) started.
[        ] Resolve mutations for :flutter_olm:processDebugManifest (Thread[#41672,Execution worker Thread 8,5,main]) started.
[        ] :flutter_olm:processDebugManifest (Thread[#41672,Execution worker Thread 8,5,main]) started.
[        ] > Task :flutter_olm:processDebugManifest UP-TO-DATE
[        ] Caching disabled for task ':flutter_olm:processDebugManifest' because:
[        ]   Build cache is disabled
[        ] Skipping task ':flutter_olm:processDebugManifest' as it is up-to-date.
[        ] work action resolve AndroidManifest.xml (project :flutter_olm) (Thread[#41672,Execution worker Thread 8,5,main]) started.
[        ] Resolve mutations for :flutter_openssl_crypto:extractDeepLinksDebug (Thread[#41672,Execution worker Thread 8,5,main]) started.
[        ] :flutter_openssl_crypto:extractDeepLinksDebug (Thread[#41672,Execution worker Thread 8,5,main]) started.
[        ] > Task :flutter_openssl_crypto:extractDeepLinksDebug UP-TO-DATE
[        ] Caching disabled for task ':flutter_openssl_crypto:extractDeepLinksDebug' because:
[        ]   Build cache is disabled
[        ] Skipping task ':flutter_openssl_crypto:extractDeepLinksDebug' as it is up-to-date.
[        ] work action resolve navigation.json (project :flutter_openssl_crypto) (Thread[#41672,Execution worker Thread 8,5,main]) started.
[        ] Resolve mutations for :flutter_openssl_crypto:processDebugManifest (Thread[#41672,Execution worker Thread 8,5,main]) started.
[        ] :flutter_openssl_crypto:processDebugManifest (Thread[#41672,Execution worker Thread 8,5,main]) started.
[        ] > Task :flutter_openssl_crypto:processDebugManifest UP-TO-DATE
[        ] Caching disabled for task ':flutter_openssl_crypto:processDebugManifest' because:
[        ]   Build cache is disabled
[        ] Skipping task ':flutter_openssl_crypto:processDebugManifest' as it is up-to-date.
[        ] work action resolve AndroidManifest.xml (project :flutter_openssl_crypto) (Thread[#41672,Execution worker Thread 8,5,main]) started.
[        ] Resolve mutations for :integration_test:extractDeepLinksDebug (Thread[#41672,Execution worker Thread 8,5,main]) started.
[        ] :integration_test:extractDeepLinksDebug (Thread[#41672,Execution worker Thread 8,5,main]) started.
[        ] > Task :integration_test:extractDeepLinksDebug UP-TO-DATE
[        ] Caching disabled for task ':integration_test:extractDeepLinksDebug' because:
[        ]   Build cache is disabled
[        ] Skipping task ':integration_test:extractDeepLinksDebug' as it is up-to-date.
[        ] work action resolve navigation.json (project :integration_test) (Thread[#41672,Execution worker Thread 8,5,main]) started.
[        ] Resolve mutations for :integration_test:processDebugManifest (Thread[#41672,Execution worker Thread 8,5,main]) started.
[        ] :integration_test:processDebugManifest (Thread[#41672,Execution worker Thread 8,5,main]) started.
[        ] > Task :integration_test:processDebugManifest UP-TO-DATE
[        ] Caching disabled for task ':integration_test:processDebugManifest' because:
[        ]   Build cache is disabled
[        ] Skipping task ':integration_test:processDebugManifest' as it is up-to-date.
[        ] work action resolve AndroidManifest.xml (project :integration_test) (Thread[#41672,Execution worker Thread 8,5,main]) started.
[        ] Resolve mutations for :path_provider_android:extractDeepLinksDebug (Thread[#41672,Execution worker Thread 8,5,main]) started.
[        ] :path_provider_android:extractDeepLinksDebug (Thread[#41672,Execution worker Thread 8,5,main]) started.
[        ] > Task :path_provider_android:extractDeepLinksDebug UP-TO-DATE
[        ] Caching disabled for task ':path_provider_android:extractDeepLinksDebug' because:
[        ]   Build cache is disabled
[        ] Skipping task ':path_provider_android:extractDeepLinksDebug' as it is up-to-date.
[        ] work action resolve navigation.json (project :path_provider_android) (Thread[#41672,Execution worker Thread 8,5,main]) started.
[        ] Resolve mutations for :path_provider_android:processDebugManifest (Thread[#41672,Execution worker Thread 8,5,main]) started.
[        ] :path_provider_android:processDebugManifest (Thread[#41672,Execution worker Thread 8,5,main]) started.
[        ] > Task :path_provider_android:processDebugManifest UP-TO-DATE
[        ] Caching disabled for task ':path_provider_android:processDebugManifest' because:
[        ]   Build cache is disabled
[        ] Skipping task ':path_provider_android:processDebugManifest' as it is up-to-date.
[        ] work action resolve AndroidManifest.xml (project :path_provider_android) (Thread[#41672,Execution worker Thread 8,5,main]) started.
[        ] Resolve mutations for :quill_native_bridge_android:extractDeepLinksDebug (Thread[#41672,Execution worker Thread 8,5,main]) started.
[        ] :quill_native_bridge_android:extractDeepLinksDebug (Thread[#41672,Execution worker Thread 8,5,main]) started.
[        ] > Task :quill_native_bridge_android:extractDeepLinksDebug UP-TO-DATE
[        ] Caching disabled for task ':quill_native_bridge_android:extractDeepLinksDebug' because:
[        ]   Build cache is disabled
[        ] Skipping task ':quill_native_bridge_android:extractDeepLinksDebug' as it is up-to-date.
[        ] work action resolve navigation.json (project :quill_native_bridge_android) (Thread[#41672,Execution worker Thread 8,5,main]) started.
[        ] Resolve mutations for :quill_native_bridge_android:processDebugManifest (Thread[#41672,Execution worker Thread 8,5,main]) started.
[        ] :quill_native_bridge_android:processDebugManifest (Thread[#41672,Execution worker Thread 8,5,main]) started.
[        ] > Task :quill_native_bridge_android:processDebugManifest UP-TO-DATE
[        ] Caching disabled for task ':quill_native_bridge_android:processDebugManifest' because:
[        ]   Build cache is disabled
[        ] Skipping task ':quill_native_bridge_android:processDebugManifest' as it is up-to-date.
[        ] work action resolve AndroidManifest.xml (project :quill_native_bridge_android) (Thread[#41672,Execution worker Thread 8,5,main]) started.
[        ] Resolve mutations for :shared_preferences_android:extractDeepLinksDebug (Thread[#41672,Execution worker Thread 8,5,main]) started.
[        ] :shared_preferences_android:extractDeepLinksDebug (Thread[#41672,Execution worker Thread 8,5,main]) started.
[        ] > Task :shared_preferences_android:extractDeepLinksDebug UP-TO-DATE
[        ] Caching disabled for task ':shared_preferences_android:extractDeepLinksDebug' because:
[        ]   Build cache is disabled
[        ] Skipping task ':shared_preferences_android:extractDeepLinksDebug' as it is up-to-date.
[        ] work action resolve navigation.json (project :shared_preferences_android) (Thread[#41672,Execution worker Thread 8,5,main]) started.
[        ] Resolve mutations for :shared_preferences_android:processDebugManifest (Thread[#41672,Execution worker Thread 8,5,main]) started.
[        ] :shared_preferences_android:processDebugManifest (Thread[#41672,Execution worker Thread 8,5,main]) started.
[        ] > Task :shared_preferences_android:processDebugManifest UP-TO-DATE
[        ] Caching disabled for task ':shared_preferences_android:processDebugManifest' because:
[        ]   Build cache is disabled
[        ] Skipping task ':shared_preferences_android:processDebugManifest' as it is up-to-date.
[        ] work action resolve AndroidManifest.xml (project :shared_preferences_android) (Thread[#41672,Execution worker Thread 8,5,main]) started.
[        ] Resolve mutations for :sqflite_android:extractDeepLinksDebug (Thread[#41672,Execution worker Thread 8,5,main]) started.
[        ] :sqflite_android:extractDeepLinksDebug (Thread[#41672,Execution worker Thread 8,5,main]) started.
[        ] > Task :sqflite_android:extractDeepLinksDebug UP-TO-DATE
[        ] Caching disabled for task ':sqflite_android:extractDeepLinksDebug' because:
[        ]   Build cache is disabled
[        ] Skipping task ':sqflite_android:extractDeepLinksDebug' as it is up-to-date.
[        ] work action resolve navigation.json (project :sqflite_android) (Thread[#41672,Execution worker Thread 8,5,main]) started.
[        ] Resolve mutations for :sqflite_android:processDebugManifest (Thread[#41672,Execution worker Thread 8,5,main]) started.
[        ] :sqflite_android:processDebugManifest (Thread[#41672,Execution worker Thread 8,5,main]) started.
[        ] > Task :sqflite_android:processDebugManifest UP-TO-DATE
[        ] Caching disabled for task ':sqflite_android:processDebugManifest' because:
[        ]   Build cache is disabled
[        ] Skipping task ':sqflite_android:processDebugManifest' as it is up-to-date.
[        ] work action resolve AndroidManifest.xml (project :sqflite_android) (Thread[#41672,Execution worker Thread 8,5,main]) started.
[        ] Resolve mutations for :url_launcher_android:extractDeepLinksDebug (Thread[#41672,Execution worker Thread 8,5,main]) started.
[        ] :url_launcher_android:extractDeepLinksDebug (Thread[#41672,Execution worker Thread 8,5,main]) started.
[        ] > Task :url_launcher_android:extractDeepLinksDebug UP-TO-DATE
[        ] Caching disabled for task ':url_launcher_android:extractDeepLinksDebug' because:
[        ]   Build cache is disabled
[        ] Skipping task ':url_launcher_android:extractDeepLinksDebug' as it is up-to-date.
[        ] work action resolve navigation.json (project :url_launcher_android) (Thread[#41672,Execution worker Thread 8,5,main]) started.
[        ] Resolve mutations for :url_launcher_android:processDebugManifest (Thread[#41672,Execution worker Thread 8,5,main]) started.
[        ] :url_launcher_android:processDebugManifest (Thread[#41672,Execution worker Thread 8,5,main]) started.
[        ] > Task :url_launcher_android:processDebugManifest UP-TO-DATE
[        ] Caching disabled for task ':url_launcher_android:processDebugManifest' because:
[        ]   Build cache is disabled
[        ] Skipping task ':url_launcher_android:processDebugManifest' as it is up-to-date.
[        ] work action resolve AndroidManifest.xml (project :url_launcher_android) (Thread[#41672,Execution worker Thread 8,5,main]) started.
[        ] Resolve mutations for :video_player_android:extractDeepLinksDebug (Thread[#41672,Execution worker Thread 8,5,main]) started.
[        ] :video_player_android:extractDeepLinksDebug (Thread[#41672,Execution worker Thread 8,5,main]) started.
[        ] > Task :video_player_android:extractDeepLinksDebug UP-TO-DATE
[        ] Caching disabled for task ':video_player_android:extractDeepLinksDebug' because:
[        ]   Build cache is disabled
[        ] Skipping task ':video_player_android:extractDeepLinksDebug' as it is up-to-date.
[        ] work action resolve navigation.json (project :video_player_android) (Thread[#41672,Execution worker Thread 8,5,main]) started.
[        ] Resolve mutations for :video_player_android:processDebugManifest (Thread[#41672,Execution worker Thread 8,5,main]) started.
[        ] :video_player_android:processDebugManifest (Thread[#41672,Execution worker Thread 8,5,main]) started.
[        ] > Task :video_player_android:processDebugManifest UP-TO-DATE
[        ] Caching disabled for task ':video_player_android:processDebugManifest' because:
[        ]   Build cache is disabled
[        ] Skipping task ':video_player_android:processDebugManifest' as it is up-to-date.
[        ] work action resolve AndroidManifest.xml (project :video_player_android) (Thread[#41672,Execution worker Thread 8,5,main]) started.
[        ] Resolve mutations for :app:processDebugMainManifest (Thread[#41672,Execution worker Thread 8,5,main]) started.
[        ] :app:processDebugMainManifest (Thread[#41672,Execution worker Thread 8,5,main]) started.
[        ] > Task :app:processDebugMainManifest UP-TO-DATE
[        ] Caching disabled for task ':app:processDebugMainManifest' because:
[        ]   Build cache is disabled
[        ] Skipping task ':app:processDebugMainManifest' as it is up-to-date.
[        ] Resolve mutations for :app:outputDebugAppLinkSettings (Thread[#41672,Execution worker Thread 8,5,main]) started.
[        ] :app:outputDebugAppLinkSettings (Thread[#41672,Execution worker Thread 8,5,main]) started.
[        ] > Task :app:outputDebugAppLinkSettings UP-TO-DATE
[        ] Caching disabled for task ':app:outputDebugAppLinkSettings' because:
[        ]   Build cache is disabled
[        ]   Caching has not been enabled for the task
[        ] Skipping task ':app:outputDebugAppLinkSettings' as it is up-to-date.
[        ] Resolve mutations for :app:processDebugManifest (Thread[#41672,Execution worker Thread 8,5,main]) started.
[        ] :app:processDebugManifest (Thread[#41672,Execution worker Thread 8,5,main]) started.
[        ] > Task :app:processDebugManifest UP-TO-DATE
[        ] Caching disabled for task ':app:processDebugManifest' because:
[        ]   Build cache is disabled
[        ] Skipping task ':app:processDebugManifest' as it is up-to-date.
[        ] Resolve mutations for :app:processDebugManifestForPackage (Thread[#41672,Execution worker Thread 8,5,main]) started.
[        ] :app:processDebugManifestForPackage (Thread[#41672,Execution worker Thread 8,5,main]) started.
[        ] > Task :app:processDebugManifestForPackage UP-TO-DATE
[        ] Custom actions are attached to task ':app:processDebugManifestForPackage'.
[        ] Caching disabled for task ':app:processDebugManifestForPackage' because:
[        ]   Build cache is disabled
[        ] Skipping task ':app:processDebugManifestForPackage' as it is up-to-date.
[        ] Resolve mutations for :connectivity_plus:compileDebugLibraryResources (Thread[#41672,Execution worker Thread 8,5,main]) started.
[        ] :connectivity_plus:compileDebugLibraryResources (Thread[#41672,Execution worker Thread 8,5,main]) started.
[        ] > Task :connectivity_plus:compileDebugLibraryResources UP-TO-DATE
[        ] Caching disabled for task ':connectivity_plus:compileDebugLibraryResources' because:
[        ]   Build cache is disabled
[        ] Skipping task ':connectivity_plus:compileDebugLibraryResources' as it is up-to-date.
[        ] work action resolve out (project :connectivity_plus) (Thread[#41672,Execution worker Thread 8,5,main]) started.
[        ] Resolve mutations for :connectivity_plus:parseDebugLocalResources (Thread[#41672,Execution worker Thread 8,5,main]) started.
[        ] :connectivity_plus:parseDebugLocalResources (Thread[#41672,Execution worker Thread 8,5,main]) started.
[        ] > Task :connectivity_plus:parseDebugLocalResources UP-TO-DATE
[        ] Caching disabled for task ':connectivity_plus:parseDebugLocalResources' because:
[        ]   Build cache is disabled
[        ] Skipping task ':connectivity_plus:parseDebugLocalResources' as it is up-to-date.
[        ] Resolve mutations for :connectivity_plus:generateDebugRFile (Thread[#41672,Execution worker Thread 8,5,main]) started.
[        ] :connectivity_plus:generateDebugRFile (Thread[#41672,Execution worker Thread 8,5,main]) started.
[        ] > Task :connectivity_plus:generateDebugRFile UP-TO-DATE
[        ] Caching disabled for task ':connectivity_plus:generateDebugRFile' because:
[        ]   Build cache is disabled
[        ] Skipping task ':connectivity_plus:generateDebugRFile' as it is up-to-date.
[        ] work action resolve package-aware-r.txt (project :connectivity_plus) (Thread[#41672,Execution worker Thread 8,5,main]) started.
[        ] Resolve mutations for :emoji_picker_flutter:compileDebugLibraryResources (Thread[#41672,Execution worker Thread 8,5,main]) started.
[        ] :emoji_picker_flutter:compileDebugLibraryResources (Thread[#41672,Execution worker Thread 8,5,main]) started.
[        ] > Task :emoji_picker_flutter:compileDebugLibraryResources UP-TO-DATE
[        ] Caching disabled for task ':emoji_picker_flutter:compileDebugLibraryResources' because:
[        ]   Build cache is disabled
[        ] Skipping task ':emoji_picker_flutter:compileDebugLibraryResources' as it is up-to-date.
[        ] work action resolve out (project :emoji_picker_flutter) (Thread[#41672,Execution worker Thread 8,5,main]) started.
[        ] Resolve mutations for :emoji_picker_flutter:parseDebugLocalResources (Thread[#41672,Execution worker Thread 8,5,main]) started.
[        ] :emoji_picker_flutter:parseDebugLocalResources (Thread[#41672,Execution worker Thread 8,5,main]) started.
[        ] > Task :emoji_picker_flutter:parseDebugLocalResources UP-TO-DATE
[        ] Caching disabled for task ':emoji_picker_flutter:parseDebugLocalResources' because:
[        ]   Build cache is disabled
[        ] Skipping task ':emoji_picker_flutter:parseDebugLocalResources' as it is up-to-date.
[        ] Resolve mutations for :emoji_picker_flutter:generateDebugRFile (Thread[#41672,Execution worker Thread 8,5,main]) started.
[        ] :emoji_picker_flutter:generateDebugRFile (Thread[#41672,Execution worker Thread 8,5,main]) started.
[        ] > Task :emoji_picker_flutter:generateDebugRFile UP-TO-DATE
[        ] Caching disabled for task ':emoji_picker_flutter:generateDebugRFile' because:
[        ]   Build cache is disabled
[        ] Skipping task ':emoji_picker_flutter:generateDebugRFile' as it is up-to-date.
[        ] work action resolve package-aware-r.txt (project :emoji_picker_flutter) (Thread[#41672,Execution worker Thread 8,5,main]) started.
[        ] Resolve mutations for :file_selector_android:compileDebugLibraryResources (Thread[#41672,Execution worker Thread 8,5,main]) started.
[        ] :file_selector_android:compileDebugLibraryResources (Thread[#41672,Execution worker Thread 8,5,main]) started.
[        ] > Task :file_selector_android:compileDebugLibraryResources UP-TO-DATE
[        ] Caching disabled for task ':file_selector_android:compileDebugLibraryResources' because:
[        ]   Build cache is disabled
[        ] Skipping task ':file_selector_android:compileDebugLibraryResources' as it is up-to-date.
[        ] work action resolve out (project :file_selector_android) (Thread[#41672,Execution worker Thread 8,5,main]) started.
[        ] Resolve mutations for :file_selector_android:parseDebugLocalResources (Thread[#41672,Execution worker Thread 8,5,main]) started.
[        ] :file_selector_android:parseDebugLocalResources (Thread[#41672,Execution worker Thread 8,5,main]) started.
[        ] > Task :file_selector_android:parseDebugLocalResources UP-TO-DATE
[        ] Caching disabled for task ':file_selector_android:parseDebugLocalResources' because:
[        ]   Build cache is disabled
[        ] Skipping task ':file_selector_android:parseDebugLocalResources' as it is up-to-date.
[        ] Resolve mutations for :file_selector_android:generateDebugRFile (Thread[#41672,Execution worker Thread 8,5,main]) started.
[        ] :file_selector_android:generateDebugRFile (Thread[#41672,Execution worker Thread 8,5,main]) started.
[        ] > Task :file_selector_android:generateDebugRFile UP-TO-DATE
[        ] Caching disabled for task ':file_selector_android:generateDebugRFile' because:
[        ]   Build cache is disabled
[        ] Skipping task ':file_selector_android:generateDebugRFile' as it is up-to-date.
[        ] work action resolve package-aware-r.txt (project :file_selector_android) (Thread[#41672,Execution worker Thread 8,5,main]) started.
[        ] Resolve mutations for :flutter_keyboard_visibility_temp_fork:compileDebugLibraryResources (Thread[#41672,Execution worker Thread 8,5,main]) started.
[        ] :flutter_keyboard_visibility_temp_fork:compileDebugLibraryResources (Thread[#41672,Execution worker Thread 8,5,main]) started.
[        ] > Task :flutter_keyboard_visibility_temp_fork:compileDebugLibraryResources UP-TO-DATE
[        ] Caching disabled for task ':flutter_keyboard_visibility_temp_fork:compileDebugLibraryResources' because:
[        ]   Build cache is disabled
[        ] Skipping task ':flutter_keyboard_visibility_temp_fork:compileDebugLibraryResources' as it is up-to-date.
[        ] work action resolve out (project :flutter_keyboard_visibility_temp_fork) (Thread[#41672,Execution worker Thread 8,5,main]) started.
[        ] Resolve mutations for :flutter_keyboard_visibility_temp_fork:parseDebugLocalResources (Thread[#41672,Execution worker Thread 8,5,main]) started.
[        ] :flutter_keyboard_visibility_temp_fork:parseDebugLocalResources (Thread[#41672,Execution worker Thread 8,5,main]) started.
[        ] > Task :flutter_keyboard_visibility_temp_fork:parseDebugLocalResources UP-TO-DATE
[        ] Caching disabled for task ':flutter_keyboard_visibility_temp_fork:parseDebugLocalResources' because:
[        ]   Build cache is disabled
[        ] Skipping task ':flutter_keyboard_visibility_temp_fork:parseDebugLocalResources' as it is up-to-date.
[        ] Resolve mutations for :flutter_keyboard_visibility_temp_fork:generateDebugRFile (Thread[#41672,Execution worker Thread 8,5,main]) started.
[        ] :flutter_keyboard_visibility_temp_fork:generateDebugRFile (Thread[#41672,Execution worker Thread 8,5,main]) started.
[        ] > Task :flutter_keyboard_visibility_temp_fork:generateDebugRFile UP-TO-DATE
[        ] Caching disabled for task ':flutter_keyboard_visibility_temp_fork:generateDebugRFile' because:
[        ]   Build cache is disabled
[        ] Skipping task ':flutter_keyboard_visibility_temp_fork:generateDebugRFile' as it is up-to-date.
[        ] work action resolve package-aware-r.txt (project :flutter_keyboard_visibility_temp_fork) (Thread[#41672,Execution worker Thread 8,5,main]) started.
[        ] Resolve mutations for :flutter_native_splash:compileDebugLibraryResources (Thread[#41672,Execution worker Thread 8,5,main]) started.
[        ] :flutter_native_splash:compileDebugLibraryResources (Thread[#41672,Execution worker Thread 8,5,main]) started.
[        ] > Task :flutter_native_splash:compileDebugLibraryResources UP-TO-DATE
[        ] Caching disabled for task ':flutter_native_splash:compileDebugLibraryResources' because:
[        ]   Build cache is disabled
[        ] Skipping task ':flutter_native_splash:compileDebugLibraryResources' as it is up-to-date.
[        ] work action resolve out (project :flutter_native_splash) (Thread[#41672,Execution worker Thread 8,5,main]) started.
[        ] Resolve mutations for :flutter_native_splash:parseDebugLocalResources (Thread[#41672,Execution worker Thread 8,5,main]) started.
[        ] :flutter_native_splash:parseDebugLocalResources (Thread[#41672,Execution worker Thread 8,5,main]) started.
[        ] > Task :flutter_native_splash:parseDebugLocalResources UP-TO-DATE
[        ] Caching disabled for task ':flutter_native_splash:parseDebugLocalResources' because:
[        ]   Build cache is disabled
[        ] Skipping task ':flutter_native_splash:parseDebugLocalResources' as it is up-to-date.
[        ] Resolve mutations for :flutter_native_splash:generateDebugRFile (Thread[#41672,Execution worker Thread 8,5,main]) started.
[        ] :flutter_native_splash:generateDebugRFile (Thread[#41672,Execution worker Thread 8,5,main]) started.
[        ] > Task :flutter_native_splash:generateDebugRFile UP-TO-DATE
[        ] Caching disabled for task ':flutter_native_splash:generateDebugRFile' because:
[        ]   Build cache is disabled
[        ] Skipping task ':flutter_native_splash:generateDebugRFile' as it is up-to-date.
[        ] work action resolve package-aware-r.txt (project :flutter_native_splash) (Thread[#41672,Execution worker Thread 8,5,main]) started.
[        ] Resolve mutations for :flutter_olm:compileDebugLibraryResources (Thread[#41690,Execution worker Thread 26,5,main]) started.
[        ] :flutter_olm:compileDebugLibraryResources (Thread[#41690,Execution worker Thread 26,5,main]) started.
[        ] > Task :flutter_olm:compileDebugLibraryResources UP-TO-DATE
[        ] Caching disabled for task ':flutter_olm:compileDebugLibraryResources' because:
[        ]   Build cache is disabled
[        ] Skipping task ':flutter_olm:compileDebugLibraryResources' as it is up-to-date.
[        ] work action resolve out (project :flutter_olm) (Thread[#41690,Execution worker Thread 26,5,main]) started.
[        ] Resolve mutations for :flutter_olm:parseDebugLocalResources (Thread[#41690,Execution worker Thread 26,5,main]) started.
[        ] :flutter_olm:parseDebugLocalResources (Thread[#41690,Execution worker Thread 26,5,main]) started.
[        ] > Task :flutter_olm:parseDebugLocalResources UP-TO-DATE
[        ] Caching disabled for task ':flutter_olm:parseDebugLocalResources' because:
[        ]   Build cache is disabled
[        ] Skipping task ':flutter_olm:parseDebugLocalResources' as it is up-to-date.
[        ] Resolve mutations for :flutter_olm:generateDebugRFile (Thread[#41690,Execution worker Thread 26,5,main]) started.
[        ] :flutter_olm:generateDebugRFile (Thread[#41690,Execution worker Thread 26,5,main]) started.
[        ] > Task :flutter_olm:generateDebugRFile UP-TO-DATE
[        ] Caching disabled for task ':flutter_olm:generateDebugRFile' because:
[        ]   Build cache is disabled
[        ] Skipping task ':flutter_olm:generateDebugRFile' as it is up-to-date.
[        ] work action resolve package-aware-r.txt (project :flutter_olm) (Thread[#41690,Execution worker Thread 26,5,main]) started.
[        ] Resolve mutations for :flutter_openssl_crypto:compileDebugLibraryResources (Thread[#41690,Execution worker Thread 26,5,main]) started.
[        ] :flutter_openssl_crypto:compileDebugLibraryResources (Thread[#41690,Execution worker Thread 26,5,main]) started.
[        ] > Task :flutter_openssl_crypto:compileDebugLibraryResources UP-TO-DATE
[        ] Caching disabled for task ':flutter_openssl_crypto:compileDebugLibraryResources' because:
[        ]   Build cache is disabled
[        ] Skipping task ':flutter_openssl_crypto:compileDebugLibraryResources' as it is up-to-date.
[        ] work action resolve out (project :flutter_openssl_crypto) (Thread[#41690,Execution worker Thread 26,5,main]) started.
[        ] Resolve mutations for :flutter_openssl_crypto:parseDebugLocalResources (Thread[#41690,Execution worker Thread 26,5,main]) started.
[        ] :flutter_openssl_crypto:parseDebugLocalResources (Thread[#41690,Execution worker Thread 26,5,main]) started.
[        ] > Task :flutter_openssl_crypto:parseDebugLocalResources UP-TO-DATE
[        ] Caching disabled for task ':flutter_openssl_crypto:parseDebugLocalResources' because:
[        ]   Build cache is disabled
[        ] Skipping task ':flutter_openssl_crypto:parseDebugLocalResources' as it is up-to-date.
[        ] Resolve mutations for :flutter_openssl_crypto:generateDebugRFile (Thread[#41690,Execution worker Thread 26,5,main]) started.
[        ] :flutter_openssl_crypto:generateDebugRFile (Thread[#41690,Execution worker Thread 26,5,main]) started.
[        ] > Task :flutter_openssl_crypto:generateDebugRFile UP-TO-DATE
[        ] Caching disabled for task ':flutter_openssl_crypto:generateDebugRFile' because:
[        ]   Build cache is disabled
[        ] Skipping task ':flutter_openssl_crypto:generateDebugRFile' as it is up-to-date.
[        ] work action resolve package-aware-r.txt (project :flutter_openssl_crypto) (Thread[#41690,Execution worker Thread 26,5,main]) started.
[        ] Resolve mutations for :integration_test:compileDebugLibraryResources (Thread[#41690,Execution worker Thread 26,5,main]) started.
[        ] :integration_test:compileDebugLibraryResources (Thread[#41690,Execution worker Thread 26,5,main]) started.
[        ] > Task :integration_test:compileDebugLibraryResources UP-TO-DATE
[        ] Caching disabled for task ':integration_test:compileDebugLibraryResources' because:
[        ]   Build cache is disabled
[        ] Skipping task ':integration_test:compileDebugLibraryResources' as it is up-to-date.
[        ] work action resolve out (project :integration_test) (Thread[#41690,Execution worker Thread 26,5,main]) started.
[        ] Resolve mutations for :integration_test:parseDebugLocalResources (Thread[#41690,Execution worker Thread 26,5,main]) started.
[        ] :integration_test:parseDebugLocalResources (Thread[#41690,Execution worker Thread 26,5,main]) started.
[        ] > Task :integration_test:parseDebugLocalResources UP-TO-DATE
[        ] Caching disabled for task ':integration_test:parseDebugLocalResources' because:
[        ]   Build cache is disabled
[        ] Skipping task ':integration_test:parseDebugLocalResources' as it is up-to-date.
[        ] Resolve mutations for :integration_test:generateDebugRFile (Thread[#41690,Execution worker Thread 26,5,main]) started.
[        ] :integration_test:generateDebugRFile (Thread[#41690,Execution worker Thread 26,5,main]) started.
[        ] > Task :integration_test:generateDebugRFile UP-TO-DATE
[        ] Caching disabled for task ':integration_test:generateDebugRFile' because:
[        ]   Build cache is disabled
[        ] Skipping task ':integration_test:generateDebugRFile' as it is up-to-date.
[        ] work action resolve package-aware-r.txt (project :integration_test) (Thread[#41690,Execution worker Thread 26,5,main]) started.
[        ] Resolve mutations for :path_provider_android:compileDebugLibraryResources (Thread[#41690,Execution worker Thread 26,5,main]) started.
[        ] :path_provider_android:compileDebugLibraryResources (Thread[#41690,Execution worker Thread 26,5,main]) started.
[        ] > Task :path_provider_android:compileDebugLibraryResources UP-TO-DATE
[        ] Caching disabled for task ':path_provider_android:compileDebugLibraryResources' because:
[        ]   Build cache is disabled
[        ] Skipping task ':path_provider_android:compileDebugLibraryResources' as it is up-to-date.
[        ] work action resolve out (project :path_provider_android) (Thread[#41690,Execution worker Thread 26,5,main]) started.
[        ] Resolve mutations for :path_provider_android:parseDebugLocalResources (Thread[#41690,Execution worker Thread 26,5,main]) started.
[        ] :path_provider_android:parseDebugLocalResources (Thread[#41690,Execution worker Thread 26,5,main]) started.
[        ] > Task :path_provider_android:parseDebugLocalResources UP-TO-DATE
[        ] Caching disabled for task ':path_provider_android:parseDebugLocalResources' because:
[        ]   Build cache is disabled
[        ] Skipping task ':path_provider_android:parseDebugLocalResources' as it is up-to-date.
[        ] Resolve mutations for :path_provider_android:generateDebugRFile (Thread[#41690,Execution worker Thread 26,5,main]) started.
[        ] :path_provider_android:generateDebugRFile (Thread[#41690,Execution worker Thread 26,5,main]) started.
[        ] > Task :path_provider_android:generateDebugRFile UP-TO-DATE
[        ] Caching disabled for task ':path_provider_android:generateDebugRFile' because:
[        ]   Build cache is disabled
[        ] Skipping task ':path_provider_android:generateDebugRFile' as it is up-to-date.
[        ] work action resolve package-aware-r.txt (project :path_provider_android) (Thread[#41690,Execution worker Thread 26,5,main]) started.
[        ] Resolve mutations for :quill_native_bridge_android:compileDebugLibraryResources (Thread[#41690,Execution worker Thread 26,5,main]) started.
[        ] :quill_native_bridge_android:compileDebugLibraryResources (Thread[#41690,Execution worker Thread 26,5,main]) started.
[        ] > Task :quill_native_bridge_android:compileDebugLibraryResources UP-TO-DATE
[        ] Caching disabled for task ':quill_native_bridge_android:compileDebugLibraryResources' because:
[        ]   Build cache is disabled
[        ] Skipping task ':quill_native_bridge_android:compileDebugLibraryResources' as it is up-to-date.
[        ] work action resolve out (project :quill_native_bridge_android) (Thread[#41690,Execution worker Thread 26,5,main]) started.
[        ] Resolve mutations for :quill_native_bridge_android:parseDebugLocalResources (Thread[#41690,Execution worker Thread 26,5,main]) started.
[        ] :quill_native_bridge_android:parseDebugLocalResources (Thread[#41690,Execution worker Thread 26,5,main]) started.
[        ] > Task :quill_native_bridge_android:parseDebugLocalResources UP-TO-DATE
[        ] Caching disabled for task ':quill_native_bridge_android:parseDebugLocalResources' because:
[        ]   Build cache is disabled
[        ] Skipping task ':quill_native_bridge_android:parseDebugLocalResources' as it is up-to-date.
[        ] Resolve mutations for :quill_native_bridge_android:generateDebugRFile (Thread[#41690,Execution worker Thread 26,5,main]) started.
[        ] :quill_native_bridge_android:generateDebugRFile (Thread[#41690,Execution worker Thread 26,5,main]) started.
[        ] > Task :quill_native_bridge_android:generateDebugRFile UP-TO-DATE
[        ] Caching disabled for task ':quill_native_bridge_android:generateDebugRFile' because:
[        ]   Build cache is disabled
[        ] Skipping task ':quill_native_bridge_android:generateDebugRFile' as it is up-to-date.
[        ] work action resolve package-aware-r.txt (project :quill_native_bridge_android) (Thread[#41690,Execution worker Thread 26,5,main]) started.
[        ] Resolve mutations for :shared_preferences_android:compileDebugLibraryResources (Thread[#41690,Execution worker Thread 26,5,main]) started.
[        ] :shared_preferences_android:compileDebugLibraryResources (Thread[#41690,Execution worker Thread 26,5,main]) started.
[        ] > Task :shared_preferences_android:compileDebugLibraryResources UP-TO-DATE
[        ] Caching disabled for task ':shared_preferences_android:compileDebugLibraryResources' because:
[        ]   Build cache is disabled
[        ] Skipping task ':shared_preferences_android:compileDebugLibraryResources' as it is up-to-date.
[        ] work action resolve out (project :shared_preferences_android) (Thread[#41690,Execution worker Thread 26,5,main]) started.
[        ] Resolve mutations for :shared_preferences_android:parseDebugLocalResources (Thread[#41690,Execution worker Thread 26,5,main]) started.
[        ] :shared_preferences_android:parseDebugLocalResources (Thread[#41690,Execution worker Thread 26,5,main]) started.
[        ] > Task :shared_preferences_android:parseDebugLocalResources UP-TO-DATE
[        ] Caching disabled for task ':shared_preferences_android:parseDebugLocalResources' because:
[        ]   Build cache is disabled
[        ] Skipping task ':shared_preferences_android:parseDebugLocalResources' as it is up-to-date.
[        ] Resolve mutations for :shared_preferences_android:generateDebugRFile (Thread[#41690,Execution worker Thread 26,5,main]) started.
[        ] :shared_preferences_android:generateDebugRFile (Thread[#41690,Execution worker Thread 26,5,main]) started.
[        ] > Task :shared_preferences_android:generateDebugRFile UP-TO-DATE
[        ] Caching disabled for task ':shared_preferences_android:generateDebugRFile' because:
[        ]   Build cache is disabled
[        ] Skipping task ':shared_preferences_android:generateDebugRFile' as it is up-to-date.
[        ] work action resolve package-aware-r.txt (project :shared_preferences_android) (Thread[#41690,Execution worker Thread 26,5,main]) started.
[        ] Resolve mutations for :sqflite_android:compileDebugLibraryResources (Thread[#41690,Execution worker Thread 26,5,main]) started.
[        ] :sqflite_android:compileDebugLibraryResources (Thread[#41690,Execution worker Thread 26,5,main]) started.
[        ] > Task :sqflite_android:compileDebugLibraryResources UP-TO-DATE
[        ] Caching disabled for task ':sqflite_android:compileDebugLibraryResources' because:
[        ]   Build cache is disabled
[        ] Skipping task ':sqflite_android:compileDebugLibraryResources' as it is up-to-date.
[        ] work action resolve out (project :sqflite_android) (Thread[#41690,Execution worker Thread 26,5,main]) started.
[        ] Resolve mutations for :sqflite_android:parseDebugLocalResources (Thread[#41690,Execution worker Thread 26,5,main]) started.
[        ] :sqflite_android:parseDebugLocalResources (Thread[#41690,Execution worker Thread 26,5,main]) started.
[        ] > Task :sqflite_android:parseDebugLocalResources UP-TO-DATE
[        ] Caching disabled for task ':sqflite_android:parseDebugLocalResources' because:
[        ]   Build cache is disabled
[        ] Skipping task ':sqflite_android:parseDebugLocalResources' as it is up-to-date.
[        ] Resolve mutations for :sqflite_android:generateDebugRFile (Thread[#41690,Execution worker Thread 26,5,main]) started.
[        ] :sqflite_android:generateDebugRFile (Thread[#41690,Execution worker Thread 26,5,main]) started.
[        ] > Task :sqflite_android:generateDebugRFile UP-TO-DATE
[        ] Caching disabled for task ':sqflite_android:generateDebugRFile' because:
[        ]   Build cache is disabled
[        ] Skipping task ':sqflite_android:generateDebugRFile' as it is up-to-date.
[        ] work action resolve package-aware-r.txt (project :sqflite_android) (Thread[#41690,Execution worker Thread 26,5,main]) started.
[        ] Resolve mutations for :url_launcher_android:compileDebugLibraryResources (Thread[#41690,Execution worker Thread 26,5,main]) started.
[        ] :url_launcher_android:compileDebugLibraryResources (Thread[#41690,Execution worker Thread 26,5,main]) started.
[        ] > Task :url_launcher_android:compileDebugLibraryResources UP-TO-DATE
[        ] Caching disabled for task ':url_launcher_android:compileDebugLibraryResources' because:
[        ]   Build cache is disabled
[        ] Skipping task ':url_launcher_android:compileDebugLibraryResources' as it is up-to-date.
[        ] work action resolve out (project :url_launcher_android) (Thread[#41690,Execution worker Thread 26,5,main]) started.
[        ] Resolve mutations for :url_launcher_android:parseDebugLocalResources (Thread[#41690,Execution worker Thread 26,5,main]) started.
[        ] :url_launcher_android:parseDebugLocalResources (Thread[#41690,Execution worker Thread 26,5,main]) started.
[        ] > Task :url_launcher_android:parseDebugLocalResources UP-TO-DATE
[        ] Caching disabled for task ':url_launcher_android:parseDebugLocalResources' because:
[        ]   Build cache is disabled
[        ] Skipping task ':url_launcher_android:parseDebugLocalResources' as it is up-to-date.
[        ] Resolve mutations for :url_launcher_android:generateDebugRFile (Thread[#41690,Execution worker Thread 26,5,main]) started.
[        ] :url_launcher_android:generateDebugRFile (Thread[#41690,Execution worker Thread 26,5,main]) started.
[        ] > Task :url_launcher_android:generateDebugRFile UP-TO-DATE
[        ] Caching disabled for task ':url_launcher_android:generateDebugRFile' because:
[        ]   Build cache is disabled
[        ] Skipping task ':url_launcher_android:generateDebugRFile' as it is up-to-date.
[        ] work action resolve package-aware-r.txt (project :url_launcher_android) (Thread[#41690,Execution worker Thread 26,5,main]) started.
[        ] Resolve mutations for :video_player_android:compileDebugLibraryResources (Thread[#41690,Execution worker Thread 26,5,main]) started.
[        ] :video_player_android:compileDebugLibraryResources (Thread[#41690,Execution worker Thread 26,5,main]) started.
[        ] > Task :video_player_android:compileDebugLibraryResources UP-TO-DATE
[        ] Caching disabled for task ':video_player_android:compileDebugLibraryResources' because:
[        ]   Build cache is disabled
[        ] Skipping task ':video_player_android:compileDebugLibraryResources' as it is up-to-date.
[        ] work action resolve out (project :video_player_android) (Thread[#41690,Execution worker Thread 26,5,main]) started.
[        ] Resolve mutations for :video_player_android:parseDebugLocalResources (Thread[#41690,Execution worker Thread 26,5,main]) started.
[        ] :video_player_android:parseDebugLocalResources (Thread[#41690,Execution worker Thread 26,5,main]) started.
[        ] > Task :video_player_android:parseDebugLocalResources UP-TO-DATE
[        ] Caching disabled for task ':video_player_android:parseDebugLocalResources' because:
[        ]   Build cache is disabled
[        ] Skipping task ':video_player_android:parseDebugLocalResources' as it is up-to-date.
[        ] Resolve mutations for :video_player_android:generateDebugRFile (Thread[#41690,Execution worker Thread 26,5,main]) started.
[        ] :video_player_android:generateDebugRFile (Thread[#41690,Execution worker Thread 26,5,main]) started.
[        ] > Task :video_player_android:generateDebugRFile UP-TO-DATE
[        ] Caching disabled for task ':video_player_android:generateDebugRFile' because:
[        ]   Build cache is disabled
[        ] Skipping task ':video_player_android:generateDebugRFile' as it is up-to-date.
[        ] work action resolve package-aware-r.txt (project :video_player_android) (Thread[#41690,Execution worker Thread 26,5,main]) started.
[        ] Resolve mutations for :app:processDebugResources (Thread[#41690,Execution worker Thread 26,5,main]) started.
[        ] :app:processDebugResources (Thread[#41690,Execution worker Thread 26,5,main]) started.
[        ] > Task :app:processDebugResources UP-TO-DATE
[        ] Caching disabled for task ':app:processDebugResources' because:
[        ]   Build cache is disabled
[        ] Skipping task ':app:processDebugResources' as it is up-to-date.
[        ] Resolve mutations for :connectivity_plus:javaPreCompileDebug (Thread[#41690,Execution worker Thread 26,5,main]) started.
[        ] :connectivity_plus:javaPreCompileDebug (Thread[#41690,Execution worker Thread 26,5,main]) started.
[        ] > Task :connectivity_plus:javaPreCompileDebug UP-TO-DATE
[        ] Caching disabled for task ':connectivity_plus:javaPreCompileDebug' because:
[        ]   Build cache is disabled
[        ] Skipping task ':connectivity_plus:javaPreCompileDebug' as it is up-to-date.
[        ] Resolve mutations for :connectivity_plus:compileDebugJavaWithJavac (Thread[#41690,Execution worker Thread 26,5,main]) started.
[        ] :connectivity_plus:compileDebugJavaWithJavac (Thread[#41690,Execution worker Thread 26,5,main]) started.
[        ] > Task :connectivity_plus:compileDebugJavaWithJavac UP-TO-DATE
[        ] Custom actions are attached to task ':connectivity_plus:compileDebugJavaWithJavac'.
[        ] Caching disabled for task ':connectivity_plus:compileDebugJavaWithJavac' because:
[        ]   Build cache is disabled
[        ] Skipping task ':connectivity_plus:compileDebugJavaWithJavac' as it is up-to-date.
[        ] No compile result for :connectivity_plus:compileDebugJavaWithJavac
[        ] No compile result for :connectivity_plus:compileDebugJavaWithJavac
[        ] Resolve mutations for :connectivity_plus:bundleLibCompileToJarDebug (Thread[#41690,Execution worker Thread 26,5,main]) started.
[        ] :connectivity_plus:bundleLibCompileToJarDebug (Thread[#41690,Execution worker Thread 26,5,main]) started.
[        ] > Task :connectivity_plus:bundleLibCompileToJarDebug UP-TO-DATE
[        ] Caching disabled for task ':connectivity_plus:bundleLibCompileToJarDebug' because:
[        ]   Build cache is disabled
[        ]   Simple merging task
[        ] Skipping task ':connectivity_plus:bundleLibCompileToJarDebug' as it is up-to-date.
[        ] work action resolve classes.jar (project :connectivity_plus) (Thread[#41690,Execution worker Thread 26,5,main]) started.
[        ] Resolve mutations for :emoji_picker_flutter:checkKotlinGradlePluginConfigurationErrors (Thread[#41690,Execution worker Thread 26,5,main]) started.
[        ] :emoji_picker_flutter:checkKotlinGradlePluginConfigurationErrors (Thread[#41690,Execution worker Thread 26,5,main]) started.
[        ] > Task :emoji_picker_flutter:checkKotlinGradlePluginConfigurationErrors SKIPPED
[        ] Skipping task ':emoji_picker_flutter:checkKotlinGradlePluginConfigurationErrors' as task onlyIf 'errorDiagnostics are present' is false.
[        ] Resolve mutations for :emoji_picker_flutter:compileDebugKotlin (Thread[#41690,Execution worker Thread 26,5,main]) started.
[        ] :emoji_picker_flutter:compileDebugKotlin (Thread[#41690,Execution worker Thread 26,5,main]) started.
[        ] > Task :emoji_picker_flutter:compileDebugKotlin UP-TO-DATE
[        ] Adding -Xuse-inline-scopes-numbers Kotlin compiler flag for task :emoji_picker_flutter:compileDebugAndroidTestKotlin
[        ] Caching disabled for task ':emoji_picker_flutter:compileDebugKotlin' because:
[        ]   Build cache is disabled
[        ] Skipping task ':emoji_picker_flutter:compileDebugKotlin' as it is up-to-date.
[        ] Resolve mutations for :emoji_picker_flutter:javaPreCompileDebug (Thread[#41690,Execution worker Thread 26,5,main]) started.
[        ] :emoji_picker_flutter:javaPreCompileDebug (Thread[#41690,Execution worker Thread 26,5,main]) started.
[        ] > Task :emoji_picker_flutter:javaPreCompileDebug UP-TO-DATE
[        ] Caching disabled for task ':emoji_picker_flutter:javaPreCompileDebug' because:
[        ]   Build cache is disabled
[        ] Skipping task ':emoji_picker_flutter:javaPreCompileDebug' as it is up-to-date.
[        ] Resolve mutations for :emoji_picker_flutter:compileDebugJavaWithJavac (Thread[#41690,Execution worker Thread 26,5,main]) started.
[        ] :emoji_picker_flutter:compileDebugJavaWithJavac (Thread[#41690,Execution worker Thread 26,5,main]) started.
[        ] > Task :emoji_picker_flutter:compileDebugJavaWithJavac NO-SOURCE
[        ] Skipping task ':emoji_picker_flutter:compileDebugJavaWithJavac' as it has no source files and no previous output files.
[        ] Resolve mutations for :emoji_picker_flutter:bundleLibCompileToJarDebug (Thread[#41690,Execution worker Thread 26,5,main]) started.
[        ] :emoji_picker_flutter:bundleLibCompileToJarDebug (Thread[#41690,Execution worker Thread 26,5,main]) started.
[        ] > Task :emoji_picker_flutter:bundleLibCompileToJarDebug UP-TO-DATE
[        ] Caching disabled for task ':emoji_picker_flutter:bundleLibCompileToJarDebug' because:
[        ]   Build cache is disabled
[        ]   Simple merging task
[        ] Skipping task ':emoji_picker_flutter:bundleLibCompileToJarDebug' as it is up-to-date.
[        ] work action resolve classes.jar (project :emoji_picker_flutter) (Thread[#41690,Execution worker Thread 26,5,main]) started.
[        ] Resolve mutations for :file_selector_android:javaPreCompileDebug (Thread[#41690,Execution worker Thread 26,5,main]) started.
[        ] :file_selector_android:javaPreCompileDebug (Thread[#41690,Execution worker Thread 26,5,main]) started.
[        ] > Task :file_selector_android:javaPreCompileDebug UP-TO-DATE
[        ] Caching disabled for task ':file_selector_android:javaPreCompileDebug' because:
[        ]   Build cache is disabled
[        ] Skipping task ':file_selector_android:javaPreCompileDebug' as it is up-to-date.
[        ] Resolve mutations for :file_selector_android:compileDebugJavaWithJavac (Thread[#41690,Execution worker Thread 26,5,main]) started.
[        ] :file_selector_android:compileDebugJavaWithJavac (Thread[#41690,Execution worker Thread 26,5,main]) started.
[        ] > Task :file_selector_android:compileDebugJavaWithJavac UP-TO-DATE
[        ] Custom actions are attached to task ':file_selector_android:compileDebugJavaWithJavac'.
[        ] Caching disabled for task ':file_selector_android:compileDebugJavaWithJavac' because:
[        ]   Build cache is disabled
[        ] Skipping task ':file_selector_android:compileDebugJavaWithJavac' as it is up-to-date.
[        ] No compile result for :file_selector_android:compileDebugJavaWithJavac
[        ] No compile result for :file_selector_android:compileDebugJavaWithJavac
[        ] Resolve mutations for :file_selector_android:bundleLibCompileToJarDebug (Thread[#41690,Execution worker Thread 26,5,main]) started.
[        ] :file_selector_android:bundleLibCompileToJarDebug (Thread[#41690,Execution worker Thread 26,5,main]) started.
[        ] > Task :file_selector_android:bundleLibCompileToJarDebug UP-TO-DATE
[        ] Caching disabled for task ':file_selector_android:bundleLibCompileToJarDebug' because:
[        ]   Build cache is disabled
[        ]   Simple merging task
[        ] Skipping task ':file_selector_android:bundleLibCompileToJarDebug' as it is up-to-date.
[        ] work action resolve classes.jar (project :file_selector_android) (Thread[#41690,Execution worker Thread 26,5,main]) started.
[        ] Resolve mutations for :flutter_keyboard_visibility_temp_fork:javaPreCompileDebug (Thread[#41690,Execution worker Thread 26,5,main]) started.
[        ] :flutter_keyboard_visibility_temp_fork:javaPreCompileDebug (Thread[#41690,Execution worker Thread 26,5,main]) started.
[        ] > Task :flutter_keyboard_visibility_temp_fork:javaPreCompileDebug UP-TO-DATE
[        ] Caching disabled for task ':flutter_keyboard_visibility_temp_fork:javaPreCompileDebug' because:
[        ]   Build cache is disabled
[        ] Skipping task ':flutter_keyboard_visibility_temp_fork:javaPreCompileDebug' as it is up-to-date.
[        ] Resolve mutations for :flutter_keyboard_visibility_temp_fork:compileDebugJavaWithJavac (Thread[#41690,Execution worker Thread 26,5,main]) started.
[        ] :flutter_keyboard_visibility_temp_fork:compileDebugJavaWithJavac (Thread[#41690,Execution worker Thread 26,5,main]) started.
[        ] > Task :flutter_keyboard_visibility_temp_fork:compileDebugJavaWithJavac UP-TO-DATE
[        ] Custom actions are attached to task ':flutter_keyboard_visibility_temp_fork:compileDebugJavaWithJavac'.
[        ] Caching disabled for task ':flutter_keyboard_visibility_temp_fork:compileDebugJavaWithJavac' because:
[        ]   Build cache is disabled
[        ] Skipping task ':flutter_keyboard_visibility_temp_fork:compileDebugJavaWithJavac' as it is up-to-date.
[        ] No compile result for :flutter_keyboard_visibility_temp_fork:compileDebugJavaWithJavac
[        ] No compile result for :flutter_keyboard_visibility_temp_fork:compileDebugJavaWithJavac
[        ] Resolve mutations for :flutter_keyboard_visibility_temp_fork:bundleLibCompileToJarDebug (Thread[#41690,Execution worker Thread 26,5,main]) started.
[        ] :flutter_keyboard_visibility_temp_fork:bundleLibCompileToJarDebug (Thread[#41690,Execution worker Thread 26,5,main]) started.
[        ] > Task :flutter_keyboard_visibility_temp_fork:bundleLibCompileToJarDebug UP-TO-DATE
[        ] Caching disabled for task ':flutter_keyboard_visibility_temp_fork:bundleLibCompileToJarDebug' because:
[        ]   Build cache is disabled
[        ]   Simple merging task
[        ] Skipping task ':flutter_keyboard_visibility_temp_fork:bundleLibCompileToJarDebug' as it is up-to-date.
[        ] work action resolve classes.jar (project :flutter_keyboard_visibility_temp_fork) (Thread[#41690,Execution worker Thread 26,5,main]) started.
[        ] Resolve mutations for :flutter_native_splash:javaPreCompileDebug (Thread[#41690,Execution worker Thread 26,5,main]) started.
[  +83 ms] :flutter_native_splash:javaPreCompileDebug (Thread[#41690,Execution worker Thread 26,5,main]) started.
[        ] > Task :flutter_native_splash:javaPreCompileDebug UP-TO-DATE
[        ] Caching disabled for task ':flutter_native_splash:javaPreCompileDebug' because:
[        ]   Build cache is disabled
[        ] Skipping task ':flutter_native_splash:javaPreCompileDebug' as it is up-to-date.
[        ] Resolve mutations for :flutter_native_splash:compileDebugJavaWithJavac (Thread[#41690,Execution worker Thread 26,5,main]) started.
[        ] :flutter_native_splash:compileDebugJavaWithJavac (Thread[#41690,Execution worker Thread 26,5,main]) started.
[        ] > Task :flutter_native_splash:compileDebugJavaWithJavac UP-TO-DATE
[        ] Custom actions are attached to task ':flutter_native_splash:compileDebugJavaWithJavac'.
[        ] Caching disabled for task ':flutter_native_splash:compileDebugJavaWithJavac' because:
[        ]   Build cache is disabled
[        ] Skipping task ':flutter_native_splash:compileDebugJavaWithJavac' as it is up-to-date.
[        ] No compile result for :flutter_native_splash:compileDebugJavaWithJavac
[        ] No compile result for :flutter_native_splash:compileDebugJavaWithJavac
[        ] Resolve mutations for :flutter_native_splash:bundleLibCompileToJarDebug (Thread[#41690,Execution worker Thread 26,5,main]) started.
[        ] :flutter_native_splash:bundleLibCompileToJarDebug (Thread[#41690,Execution worker Thread 26,5,main]) started.
[        ] > Task :flutter_native_splash:bundleLibCompileToJarDebug UP-TO-DATE
[        ] Caching disabled for task ':flutter_native_splash:bundleLibCompileToJarDebug' because:
[        ]   Build cache is disabled
[        ]   Simple merging task
[        ] Skipping task ':flutter_native_splash:bundleLibCompileToJarDebug' as it is up-to-date.
[        ] work action resolve classes.jar (project :flutter_native_splash) (Thread[#41690,Execution worker Thread 26,5,main]) started.
[        ] Resolve mutations for :flutter_olm:checkKotlinGradlePluginConfigurationErrors (Thread[#41690,Execution worker Thread 26,5,main]) started.
[        ] :flutter_olm:checkKotlinGradlePluginConfigurationErrors (Thread[#41690,Execution worker Thread 26,5,main]) started.
[        ] > Task :flutter_olm:checkKotlinGradlePluginConfigurationErrors SKIPPED
[        ] Skipping task ':flutter_olm:checkKotlinGradlePluginConfigurationErrors' as task onlyIf 'errorDiagnostics are present' is false.
[        ] Resolve mutations for :flutter_olm:compileDebugKotlin (Thread[#41690,Execution worker Thread 26,5,main]) started.
[        ] :flutter_olm:compileDebugKotlin (Thread[#41690,Execution worker Thread 26,5,main]) started.
[        ] > Task :flutter_olm:compileDebugKotlin UP-TO-DATE
[        ] Adding -Xuse-inline-scopes-numbers Kotlin compiler flag for task :flutter_olm:compileDebugAndroidTestKotlin
[        ] Caching disabled for task ':flutter_olm:compileDebugKotlin' because:
[        ]   Build cache is disabled
[        ] Skipping task ':flutter_olm:compileDebugKotlin' as it is up-to-date.
[        ] Resolve mutations for :flutter_olm:javaPreCompileDebug (Thread[#41690,Execution worker Thread 26,5,main]) started.
[        ] :flutter_olm:javaPreCompileDebug (Thread[#41690,Execution worker Thread 26,5,main]) started.
[        ] > Task :flutter_olm:javaPreCompileDebug UP-TO-DATE
[        ] Caching disabled for task ':flutter_olm:javaPreCompileDebug' because:
[        ]   Build cache is disabled
[        ] Skipping task ':flutter_olm:javaPreCompileDebug' as it is up-to-date.
[        ] Resolve mutations for :flutter_olm:compileDebugJavaWithJavac (Thread[#41690,Execution worker Thread 26,5,main]) started.
[        ] :flutter_olm:compileDebugJavaWithJavac (Thread[#41690,Execution worker Thread 26,5,main]) started.
[        ] > Task :flutter_olm:compileDebugJavaWithJavac NO-SOURCE
[        ] Skipping task ':flutter_olm:compileDebugJavaWithJavac' as it has no source files and no previous output files.
[        ] Resolve mutations for :flutter_olm:bundleLibCompileToJarDebug (Thread[#41690,Execution worker Thread 26,5,main]) started.
[        ] :flutter_olm:bundleLibCompileToJarDebug (Thread[#41688,Execution worker Thread 24,5,main]) started.
[        ] > Task :flutter_olm:bundleLibCompileToJarDebug UP-TO-DATE
[        ] Caching disabled for task ':flutter_olm:bundleLibCompileToJarDebug' because:
[        ]   Build cache is disabled
[        ]   Simple merging task
[        ] Skipping task ':flutter_olm:bundleLibCompileToJarDebug' as it is up-to-date.
[        ] work action resolve classes.jar (project :flutter_olm) (Thread[#41688,Execution worker Thread 24,5,main]) started.
[        ] Resolve mutations for :flutter_openssl_crypto:checkKotlinGradlePluginConfigurationErrors (Thread[#41688,Execution worker Thread 24,5,main]) started.
[        ] :flutter_openssl_crypto:checkKotlinGradlePluginConfigurationErrors (Thread[#41688,Execution worker Thread 24,5,main]) started.
[        ] > Task :flutter_openssl_crypto:checkKotlinGradlePluginConfigurationErrors SKIPPED
[        ] Skipping task ':flutter_openssl_crypto:checkKotlinGradlePluginConfigurationErrors' as task onlyIf 'errorDiagnostics are present' is false.
[        ] Resolve mutations for :flutter_openssl_crypto:compileDebugKotlin (Thread[#41688,Execution worker Thread 24,5,main]) started.
[        ] :flutter_openssl_crypto:compileDebugKotlin (Thread[#41688,Execution worker Thread 24,5,main]) started.
[        ] > Task :flutter_openssl_crypto:compileDebugKotlin UP-TO-DATE
[        ] Adding -Xuse-inline-scopes-numbers Kotlin compiler flag for task :flutter_openssl_crypto:compileDebugAndroidTestKotlin
[        ] Caching disabled for task ':flutter_openssl_crypto:compileDebugKotlin' because:
[        ]   Build cache is disabled
[        ] Skipping task ':flutter_openssl_crypto:compileDebugKotlin' as it is up-to-date.
[        ] Resolve mutations for :flutter_openssl_crypto:javaPreCompileDebug (Thread[#41688,Execution worker Thread 24,5,main]) started.
[        ] :flutter_openssl_crypto:javaPreCompileDebug (Thread[#41688,Execution worker Thread 24,5,main]) started.
[        ] > Task :flutter_openssl_crypto:javaPreCompileDebug UP-TO-DATE
[        ] Caching disabled for task ':flutter_openssl_crypto:javaPreCompileDebug' because:
[        ]   Build cache is disabled
[        ] Skipping task ':flutter_openssl_crypto:javaPreCompileDebug' as it is up-to-date.
[        ] Resolve mutations for :flutter_openssl_crypto:compileDebugJavaWithJavac (Thread[#41688,Execution worker Thread 24,5,main]) started.
[        ] :flutter_openssl_crypto:compileDebugJavaWithJavac (Thread[#41688,Execution worker Thread 24,5,main]) started.
[        ] > Task :flutter_openssl_crypto:compileDebugJavaWithJavac NO-SOURCE
[        ] Skipping task ':flutter_openssl_crypto:compileDebugJavaWithJavac' as it has no source files and no previous output files.
[        ] Resolve mutations for :flutter_openssl_crypto:bundleLibCompileToJarDebug (Thread[#41688,Execution worker Thread 24,5,main]) started.
[        ] :flutter_openssl_crypto:bundleLibCompileToJarDebug (Thread[#41688,Execution worker Thread 24,5,main]) started.
[        ] > Task :flutter_openssl_crypto:bundleLibCompileToJarDebug UP-TO-DATE
[        ] Caching disabled for task ':flutter_openssl_crypto:bundleLibCompileToJarDebug' because:
[        ]   Build cache is disabled
[        ]   Simple merging task
[        ] Skipping task ':flutter_openssl_crypto:bundleLibCompileToJarDebug' as it is up-to-date.
[        ] work action resolve classes.jar (project :flutter_openssl_crypto) (Thread[#41688,Execution worker Thread 24,5,main]) started.
[        ] Resolve mutations for :integration_test:javaPreCompileDebug (Thread[#41688,Execution worker Thread 24,5,main]) started.
[        ] :integration_test:javaPreCompileDebug (Thread[#41688,Execution worker Thread 24,5,main]) started.
[        ] > Task :integration_test:javaPreCompileDebug UP-TO-DATE
[        ] Caching disabled for task ':integration_test:javaPreCompileDebug' because:
[        ]   Build cache is disabled
[        ] Skipping task ':integration_test:javaPreCompileDebug' as it is up-to-date.
[        ] Resolve mutations for :integration_test:compileDebugJavaWithJavac (Thread[#41688,Execution worker Thread 24,5,main]) started.
[        ] :integration_test:compileDebugJavaWithJavac (Thread[#41688,Execution worker Thread 24,5,main]) started.
[        ] > Task :integration_test:compileDebugJavaWithJavac UP-TO-DATE
[        ] Custom actions are attached to task ':integration_test:compileDebugJavaWithJavac'.
[        ] Caching disabled for task ':integration_test:compileDebugJavaWithJavac' because:
[        ]   Build cache is disabled
[        ] Skipping task ':integration_test:compileDebugJavaWithJavac' as it is up-to-date.
[        ] No compile result for :integration_test:compileDebugJavaWithJavac
[        ] No compile result for :integration_test:compileDebugJavaWithJavac
[        ] Resolve mutations for :integration_test:bundleLibCompileToJarDebug (Thread[#41688,Execution worker Thread 24,5,main]) started.
[        ] :integration_test:bundleLibCompileToJarDebug (Thread[#41688,Execution worker Thread 24,5,main]) started.
[        ] > Task :integration_test:bundleLibCompileToJarDebug UP-TO-DATE
[        ] Caching disabled for task ':integration_test:bundleLibCompileToJarDebug' because:
[        ]   Build cache is disabled
[        ]   Simple merging task
[        ] Skipping task ':integration_test:bundleLibCompileToJarDebug' as it is up-to-date.
[        ] work action resolve classes.jar (project :integration_test) (Thread[#41688,Execution worker Thread 24,5,main]) started.
[        ] Resolve mutations for :path_provider_android:javaPreCompileDebug (Thread[#41688,Execution worker Thread 24,5,main]) started.
[        ] :path_provider_android:javaPreCompileDebug (Thread[#41688,Execution worker Thread 24,5,main]) started.
[        ] > Task :path_provider_android:javaPreCompileDebug UP-TO-DATE
[        ] Caching disabled for task ':path_provider_android:javaPreCompileDebug' because:
[        ]   Build cache is disabled
[        ] Skipping task ':path_provider_android:javaPreCompileDebug' as it is up-to-date.
[        ] Resolve mutations for :path_provider_android:compileDebugJavaWithJavac (Thread[#41688,Execution worker Thread 24,5,main]) started.
[        ] :path_provider_android:compileDebugJavaWithJavac (Thread[#41688,Execution worker Thread 24,5,main]) started.
[        ] > Task :path_provider_android:compileDebugJavaWithJavac UP-TO-DATE
[        ] Custom actions are attached to task ':path_provider_android:compileDebugJavaWithJavac'.
[        ] Caching disabled for task ':path_provider_android:compileDebugJavaWithJavac' because:
[        ]   Build cache is disabled
[        ] Skipping task ':path_provider_android:compileDebugJavaWithJavac' as it is up-to-date.
[        ] No compile result for :path_provider_android:compileDebugJavaWithJavac
[        ] No compile result for :path_provider_android:compileDebugJavaWithJavac
[        ] Resolve mutations for :path_provider_android:bundleLibCompileToJarDebug (Thread[#41688,Execution worker Thread 24,5,main]) started.
[        ] :path_provider_android:bundleLibCompileToJarDebug (Thread[#41688,Execution worker Thread 24,5,main]) started.
[        ] > Task :path_provider_android:bundleLibCompileToJarDebug UP-TO-DATE
[        ] Caching disabled for task ':path_provider_android:bundleLibCompileToJarDebug' because:
[        ]   Build cache is disabled
[        ]   Simple merging task
[        ] Skipping task ':path_provider_android:bundleLibCompileToJarDebug' as it is up-to-date.
[        ] work action resolve classes.jar (project :path_provider_android) (Thread[#41688,Execution worker Thread 24,5,main]) started.
[        ] Resolve mutations for :quill_native_bridge_android:checkKotlinGradlePluginConfigurationErrors (Thread[#41688,Execution worker Thread 24,5,main]) started.
[        ] :quill_native_bridge_android:checkKotlinGradlePluginConfigurationErrors (Thread[#41688,Execution worker Thread 24,5,main]) started.
[        ] > Task :quill_native_bridge_android:checkKotlinGradlePluginConfigurationErrors SKIPPED
[        ] Skipping task ':quill_native_bridge_android:checkKotlinGradlePluginConfigurationErrors' as task onlyIf 'errorDiagnostics are present' is false.
[        ] Resolve mutations for :quill_native_bridge_android:compileDebugKotlin (Thread[#41688,Execution worker Thread 24,5,main]) started.
[        ] :quill_native_bridge_android:compileDebugKotlin (Thread[#41688,Execution worker Thread 24,5,main]) started.
[        ] > Task :quill_native_bridge_android:compileDebugKotlin UP-TO-DATE
[        ] Adding -Xuse-inline-scopes-numbers Kotlin compiler flag for task :quill_native_bridge_android:compileDebugAndroidTestKotlin
[        ] Caching disabled for task ':quill_native_bridge_android:compileDebugKotlin' because:
[        ]   Build cache is disabled
[        ] Skipping task ':quill_native_bridge_android:compileDebugKotlin' as it is up-to-date.
[        ] Resolve mutations for :quill_native_bridge_android:javaPreCompileDebug (Thread[#41688,Execution worker Thread 24,5,main]) started.
[        ] :quill_native_bridge_android:javaPreCompileDebug (Thread[#41688,Execution worker Thread 24,5,main]) started.
[        ] > Task :quill_native_bridge_android:javaPreCompileDebug UP-TO-DATE
[        ] Caching disabled for task ':quill_native_bridge_android:javaPreCompileDebug' because:
[        ]   Build cache is disabled
[        ] Skipping task ':quill_native_bridge_android:javaPreCompileDebug' as it is up-to-date.
[        ] Resolve mutations for :quill_native_bridge_android:compileDebugJavaWithJavac (Thread[#41688,Execution worker Thread 24,5,main]) started.
[        ] :quill_native_bridge_android:compileDebugJavaWithJavac (Thread[#41688,Execution worker Thread 24,5,main]) started.
[        ] > Task :quill_native_bridge_android:compileDebugJavaWithJavac NO-SOURCE
[        ] Skipping task ':quill_native_bridge_android:compileDebugJavaWithJavac' as it has no source files and no previous output files.
[        ] Resolve mutations for :quill_native_bridge_android:bundleLibCompileToJarDebug (Thread[#41688,Execution worker Thread 24,5,main]) started.
[        ] :quill_native_bridge_android:bundleLibCompileToJarDebug (Thread[#41688,Execution worker Thread 24,5,main]) started.
[        ] > Task :quill_native_bridge_android:bundleLibCompileToJarDebug UP-TO-DATE
[        ] Caching disabled for task ':quill_native_bridge_android:bundleLibCompileToJarDebug' because:
[        ]   Build cache is disabled
[        ]   Simple merging task
[        ] Skipping task ':quill_native_bridge_android:bundleLibCompileToJarDebug' as it is up-to-date.
[        ] work action resolve classes.jar (project :quill_native_bridge_android) (Thread[#41688,Execution worker Thread 24,5,main]) started.
[        ] Resolve mutations for :shared_preferences_android:checkKotlinGradlePluginConfigurationErrors (Thread[#41688,Execution worker Thread 24,5,main]) started.
[        ] :shared_preferences_android:checkKotlinGradlePluginConfigurationErrors (Thread[#41688,Execution worker Thread 24,5,main]) started.
[        ] > Task :shared_preferences_android:checkKotlinGradlePluginConfigurationErrors SKIPPED
[        ] Skipping task ':shared_preferences_android:checkKotlinGradlePluginConfigurationErrors' as task onlyIf 'errorDiagnostics are present' is false.
[        ] Resolve mutations for :shared_preferences_android:compileDebugKotlin (Thread[#41688,Execution worker Thread 24,5,main]) started.
[        ] :shared_preferences_android:compileDebugKotlin (Thread[#41688,Execution worker Thread 24,5,main]) started.
[        ] > Task :shared_preferences_android:compileDebugKotlin UP-TO-DATE
[        ] Adding -Xuse-inline-scopes-numbers Kotlin compiler flag for task :shared_preferences_android:compileDebugAndroidTestKotlin
[        ] Caching disabled for task ':shared_preferences_android:compileDebugKotlin' because:
[        ]   Build cache is disabled
[        ] Skipping task ':shared_preferences_android:compileDebugKotlin' as it is up-to-date.
[        ] Resolve mutations for :shared_preferences_android:javaPreCompileDebug (Thread[#41688,Execution worker Thread 24,5,main]) started.
[        ] :shared_preferences_android:javaPreCompileDebug (Thread[#41688,Execution worker Thread 24,5,main]) started.
[        ] > Task :shared_preferences_android:javaPreCompileDebug UP-TO-DATE
[        ] Caching disabled for task ':shared_preferences_android:javaPreCompileDebug' because:
[        ]   Build cache is disabled
[        ] Skipping task ':shared_preferences_android:javaPreCompileDebug' as it is up-to-date.
[        ] Resolve mutations for :shared_preferences_android:compileDebugJavaWithJavac (Thread[#41688,Execution worker Thread 24,5,main]) started.
[        ] :shared_preferences_android:compileDebugJavaWithJavac (Thread[#41688,Execution worker Thread 24,5,main]) started.
[        ] > Task :shared_preferences_android:compileDebugJavaWithJavac UP-TO-DATE
[        ] Custom actions are attached to task ':shared_preferences_android:compileDebugJavaWithJavac'.
[        ] Caching disabled for task ':shared_preferences_android:compileDebugJavaWithJavac' because:
[        ]   Build cache is disabled
[        ] Skipping task ':shared_preferences_android:compileDebugJavaWithJavac' as it is up-to-date.
[        ] No compile result for :shared_preferences_android:compileDebugJavaWithJavac
[        ] No compile result for :shared_preferences_android:compileDebugJavaWithJavac
[        ] Resolve mutations for :shared_preferences_android:bundleLibCompileToJarDebug (Thread[#41688,Execution worker Thread 24,5,main]) started.
[        ] :shared_preferences_android:bundleLibCompileToJarDebug (Thread[#41688,Execution worker Thread 24,5,main]) started.
[        ] > Task :shared_preferences_android:bundleLibCompileToJarDebug UP-TO-DATE
[        ] Caching disabled for task ':shared_preferences_android:bundleLibCompileToJarDebug' because:
[        ]   Build cache is disabled
[        ]   Simple merging task
[        ] Skipping task ':shared_preferences_android:bundleLibCompileToJarDebug' as it is up-to-date.
[        ] work action resolve classes.jar (project :shared_preferences_android) (Thread[#41688,Execution worker Thread 24,5,main]) started.
[        ] Resolve mutations for :sqflite_android:javaPreCompileDebug (Thread[#41688,Execution worker Thread 24,5,main]) started.
[        ] :sqflite_android:javaPreCompileDebug (Thread[#41688,Execution worker Thread 24,5,main]) started.
[        ] > Task :sqflite_android:javaPreCompileDebug UP-TO-DATE
[        ] Caching disabled for task ':sqflite_android:javaPreCompileDebug' because:
[        ]   Build cache is disabled
[        ] Skipping task ':sqflite_android:javaPreCompileDebug' as it is up-to-date.
[        ] Resolve mutations for :sqflite_android:compileDebugJavaWithJavac (Thread[#41688,Execution worker Thread 24,5,main]) started.
[        ] :sqflite_android:compileDebugJavaWithJavac (Thread[#41688,Execution worker Thread 24,5,main]) started.
[        ] > Task :sqflite_android:compileDebugJavaWithJavac UP-TO-DATE
[        ] Custom actions are attached to task ':sqflite_android:compileDebugJavaWithJavac'.
[        ] Caching disabled for task ':sqflite_android:compileDebugJavaWithJavac' because:
[        ]   Build cache is disabled
[        ] Skipping task ':sqflite_android:compileDebugJavaWithJavac' as it is up-to-date.
[        ] No compile result for :sqflite_android:compileDebugJavaWithJavac
[        ] No compile result for :sqflite_android:compileDebugJavaWithJavac
[        ] Resolve mutations for :sqflite_android:bundleLibCompileToJarDebug (Thread[#41688,Execution worker Thread 24,5,main]) started.
[        ] :sqflite_android:bundleLibCompileToJarDebug (Thread[#41688,Execution worker Thread 24,5,main]) started.
[        ] > Task :sqflite_android:bundleLibCompileToJarDebug UP-TO-DATE
[        ] Caching disabled for task ':sqflite_android:bundleLibCompileToJarDebug' because:
[        ]   Build cache is disabled
[        ]   Simple merging task
[        ] Skipping task ':sqflite_android:bundleLibCompileToJarDebug' as it is up-to-date.
[        ] work action resolve classes.jar (project :sqflite_android) (Thread[#41688,Execution worker Thread 24,5,main]) started.
[        ] Resolve mutations for :url_launcher_android:generateDebugBuildConfig (Thread[#41688,Execution worker Thread 24,5,main]) started.
[        ] :url_launcher_android:generateDebugBuildConfig (Thread[#41688,Execution worker Thread 24,5,main]) started.
[        ] > Task :url_launcher_android:generateDebugBuildConfig UP-TO-DATE
[        ] Caching disabled for task ':url_launcher_android:generateDebugBuildConfig' because:
[        ]   Build cache is disabled
[        ] Skipping task ':url_launcher_android:generateDebugBuildConfig' as it is up-to-date.
[        ] Resolve mutations for :url_launcher_android:javaPreCompileDebug (Thread[#41688,Execution worker Thread 24,5,main]) started.
[        ] :url_launcher_android:javaPreCompileDebug (Thread[#41688,Execution worker Thread 24,5,main]) started.
[        ] > Task :url_launcher_android:javaPreCompileDebug UP-TO-DATE
[        ] Caching disabled for task ':url_launcher_android:javaPreCompileDebug' because:
[        ]   Build cache is disabled
[        ] Skipping task ':url_launcher_android:javaPreCompileDebug' as it is up-to-date.
[        ] Resolve mutations for :url_launcher_android:compileDebugJavaWithJavac (Thread[#41688,Execution worker Thread 24,5,main]) started.
[        ] :url_launcher_android:compileDebugJavaWithJavac (Thread[#41688,Execution worker Thread 24,5,main]) started.
[        ] > Task :url_launcher_android:compileDebugJavaWithJavac UP-TO-DATE
[        ] Custom actions are attached to task ':url_launcher_android:compileDebugJavaWithJavac'.
[        ] Caching disabled for task ':url_launcher_android:compileDebugJavaWithJavac' because:
[        ]   Build cache is disabled
[        ] Skipping task ':url_launcher_android:compileDebugJavaWithJavac' as it is up-to-date.
[        ] No compile result for :url_launcher_android:compileDebugJavaWithJavac
[        ] No compile result for :url_launcher_android:compileDebugJavaWithJavac
[        ] Resolve mutations for :url_launcher_android:bundleLibCompileToJarDebug (Thread[#41688,Execution worker Thread 24,5,main]) started.
[        ] :url_launcher_android:bundleLibCompileToJarDebug (Thread[#41688,Execution worker Thread 24,5,main]) started.
[        ] > Task :url_launcher_android:bundleLibCompileToJarDebug UP-TO-DATE
[        ] Caching disabled for task ':url_launcher_android:bundleLibCompileToJarDebug' because:
[        ]   Build cache is disabled
[        ]   Simple merging task
[        ] Skipping task ':url_launcher_android:bundleLibCompileToJarDebug' as it is up-to-date.
[        ] work action resolve classes.jar (project :url_launcher_android) (Thread[#41688,Execution worker Thread 24,5,main]) started.
[        ] Resolve mutations for :video_player_android:checkKotlinGradlePluginConfigurationErrors (Thread[#41688,Execution worker Thread 24,5,main]) started.
[        ] :video_player_android:checkKotlinGradlePluginConfigurationErrors (Thread[#41688,Execution worker Thread 24,5,main]) started.
[        ] > Task :video_player_android:checkKotlinGradlePluginConfigurationErrors SKIPPED
[        ] Skipping task ':video_player_android:checkKotlinGradlePluginConfigurationErrors' as task onlyIf 'errorDiagnostics are present' is false.
[        ] Resolve mutations for :video_player_android:compileDebugKotlin (Thread[#41688,Execution worker Thread 24,5,main]) started.
[        ] :video_player_android:compileDebugKotlin (Thread[#41688,Execution worker Thread 24,5,main]) started.
[        ] > Task :video_player_android:compileDebugKotlin UP-TO-DATE
[        ] Adding -Xuse-inline-scopes-numbers Kotlin compiler flag for task :video_player_android:compileDebugAndroidTestKotlin
[        ] Caching disabled for task ':video_player_android:compileDebugKotlin' because:
[        ]   Build cache is disabled
[        ] Skipping task ':video_player_android:compileDebugKotlin' as it is up-to-date.
[        ] Resolve mutations for :video_player_android:javaPreCompileDebug (Thread[#41688,Execution worker Thread 24,5,main]) started.
[        ] :video_player_android:javaPreCompileDebug (Thread[#41688,Execution worker Thread 24,5,main]) started.
[        ] > Task :video_player_android:javaPreCompileDebug UP-TO-DATE
[        ] Caching disabled for task ':video_player_android:javaPreCompileDebug' because:
[        ]   Build cache is disabled
[        ] Skipping task ':video_player_android:javaPreCompileDebug' as it is up-to-date.
[        ] Resolve mutations for :video_player_android:compileDebugJavaWithJavac (Thread[#41688,Execution worker Thread 24,5,main]) started.
[        ] :video_player_android:compileDebugJavaWithJavac (Thread[#41688,Execution worker Thread 24,5,main]) started.
[        ] > Task :video_player_android:compileDebugJavaWithJavac UP-TO-DATE
[        ] Custom actions are attached to task ':video_player_android:compileDebugJavaWithJavac'.
[        ] Caching disabled for task ':video_player_android:compileDebugJavaWithJavac' because:
[        ]   Build cache is disabled
[        ] Skipping task ':video_player_android:compileDebugJavaWithJavac' as it is up-to-date.
[        ] No compile result for :video_player_android:compileDebugJavaWithJavac
[        ] No compile result for :video_player_android:compileDebugJavaWithJavac
[        ] Resolve mutations for :video_player_android:bundleLibCompileToJarDebug (Thread[#41688,Execution worker Thread 24,5,main]) started.
[        ] :video_player_android:bundleLibCompileToJarDebug (Thread[#41688,Execution worker Thread 24,5,main]) started.
[        ] > Task :video_player_android:bundleLibCompileToJarDebug UP-TO-DATE
[        ] Caching disabled for task ':video_player_android:bundleLibCompileToJarDebug' because:
[        ]   Build cache is disabled
[        ]   Simple merging task
[        ] Skipping task ':video_player_android:bundleLibCompileToJarDebug' as it is up-to-date.
[        ] work action resolve classes.jar (project :video_player_android) (Thread[#41688,Execution worker Thread 24,5,main]) started.
[        ] Resolve mutations for :app:compileDebugKotlin (Thread[#41688,Execution worker Thread 24,5,main]) started.
[        ] :app:compileDebugKotlin (Thread[#41688,Execution worker Thread 24,5,main]) started.
[        ] > Task :app:compileDebugKotlin UP-TO-DATE
[        ] Adding -Xuse-inline-scopes-numbers Kotlin compiler flag for task :app:compileDebugAndroidTestKotlin
[        ] Caching disabled for task ':app:compileDebugKotlin' because:
[        ]   Build cache is disabled
[        ] Skipping task ':app:compileDebugKotlin' as it is up-to-date.
[        ] Resolve mutations for :app:javaPreCompileDebug (Thread[#41688,Execution worker Thread 24,5,main]) started.
[        ] :app:javaPreCompileDebug (Thread[#41688,Execution worker Thread 24,5,main]) started.
[        ] > Task :app:javaPreCompileDebug UP-TO-DATE
[        ] Caching disabled for task ':app:javaPreCompileDebug' because:
[        ]   Build cache is disabled
[        ] Skipping task ':app:javaPreCompileDebug' as it is up-to-date.
[        ] Resolve mutations for :app:compileDebugJavaWithJavac (Thread[#41688,Execution worker Thread 24,5,main]) started.
[        ] :app:compileDebugJavaWithJavac (Thread[#41688,Execution worker Thread 24,5,main]) started.
[        ] > Task :app:compileDebugJavaWithJavac UP-TO-DATE
[        ] Custom actions are attached to task ':app:compileDebugJavaWithJavac'.
[        ] Caching disabled for task ':app:compileDebugJavaWithJavac' because:
[        ]   Build cache is disabled
[        ] Skipping task ':app:compileDebugJavaWithJavac' as it is up-to-date.
[        ] No compile result for :app:compileDebugJavaWithJavac
[        ] No compile result for :app:compileDebugJavaWithJavac
[        ] Resolve mutations for :app:compressDebugAssets (Thread[#41688,Execution worker Thread 24,5,main]) started.
[        ] :app:compressDebugAssets (Thread[#41688,Execution worker Thread 24,5,main]) started.
[        ] Resolve mutations for :app:processDebugJavaRes (Thread[#41687,Execution worker Thread 23,5,main]) started.
[        ] :app:processDebugJavaRes (Thread[#41687,Execution worker Thread 23,5,main]) started.
[        ] > Task :app:processDebugJavaRes UP-TO-DATE
[        ] file or directory '/Users/florian/Code/substitution/android/app/src/main/resources', not found
[        ] file or directory '/Users/florian/Code/substitution/android/app/src/debug/resources', not found
[        ] file or directory '/Users/florian/Code/substitution/android/app/src/main/resources', not found
[        ] file or directory '/Users/florian/Code/substitution/android/app/src/debug/resources', not found
[        ] Caching disabled for task ':app:processDebugJavaRes' because:
[        ]   Build cache is disabled
[        ]   Caching has been disabled for the task
[        ] Skipping task ':app:processDebugJavaRes' as it is up-to-date.
[        ] Resolve mutations for :connectivity_plus:processDebugJavaRes (Thread[#41687,Execution worker Thread 23,5,main]) started.
[        ] :connectivity_plus:processDebugJavaRes (Thread[#41687,Execution worker Thread 23,5,main]) started.
[        ] > Task :connectivity_plus:processDebugJavaRes NO-SOURCE
[        ] file or directory '/Users/florian/.pub-cache/hosted/pub.dev/connectivity_plus-5.0.2/android/src/main/resources', not found
[        ] file or directory '/Users/florian/.pub-cache/hosted/pub.dev/connectivity_plus-5.0.2/android/src/debug/resources', not found
[        ] Skipping task ':connectivity_plus:processDebugJavaRes' as it has no source files and no previous output files.
[        ] work action resolve out (project :connectivity_plus) (Thread[#41687,Execution worker Thread 23,5,main]) started.
[        ] Resolve mutations for :emoji_picker_flutter:processDebugJavaRes (Thread[#41687,Execution worker Thread 23,5,main]) started.
[        ] :emoji_picker_flutter:processDebugJavaRes (Thread[#41687,Execution worker Thread 23,5,main]) started.
[        ] > Task :emoji_picker_flutter:processDebugJavaRes UP-TO-DATE
[        ] file or directory '/Users/florian/.pub-cache/hosted/pub.dev/emoji_picker_flutter-4.4.0/android/src/main/resources', not found
[        ] file or directory '/Users/florian/.pub-cache/hosted/pub.dev/emoji_picker_flutter-4.4.0/android/src/debug/resources', not found
[        ] file or directory '/Users/florian/.pub-cache/hosted/pub.dev/emoji_picker_flutter-4.4.0/android/src/main/resources', not found
[        ] file or directory '/Users/florian/.pub-cache/hosted/pub.dev/emoji_picker_flutter-4.4.0/android/src/debug/resources', not found
[        ] Caching disabled for task ':emoji_picker_flutter:processDebugJavaRes' because:
[        ]   Build cache is disabled
[        ]   Caching has been disabled for the task
[        ] Skipping task ':emoji_picker_flutter:processDebugJavaRes' as it is up-to-date.
[        ] work action resolve out (project :emoji_picker_flutter) (Thread[#41687,Execution worker Thread 23,5,main]) started.
[        ] Resolve mutations for :file_selector_android:processDebugJavaRes (Thread[#41687,Execution worker Thread 23,5,main]) started.
[        ] :file_selector_android:processDebugJavaRes (Thread[#41687,Execution worker Thread 23,5,main]) started.
[        ] > Task :file_selector_android:processDebugJavaRes NO-SOURCE
[        ] file or directory '/Users/florian/.pub-cache/hosted/pub.dev/file_selector_android-0.5.2+4/android/src/main/resources', not found
[        ] file or directory '/Users/florian/.pub-cache/hosted/pub.dev/file_selector_android-0.5.2+4/android/src/debug/resources', not found
[        ] Skipping task ':file_selector_android:processDebugJavaRes' as it has no source files and no previous output files.
[        ] work action resolve out (project :file_selector_android) (Thread[#41687,Execution worker Thread 23,5,main]) started.
[        ] Resolve mutations for :flutter_keyboard_visibility_temp_fork:processDebugJavaRes (Thread[#41687,Execution worker Thread 23,5,main]) started.
[        ] :flutter_keyboard_visibility_temp_fork:processDebugJavaRes (Thread[#41687,Execution worker Thread 23,5,main]) started.
[        ] > Task :flutter_keyboard_visibility_temp_fork:processDebugJavaRes NO-SOURCE
[        ] file or directory '/Users/florian/.pub-cache/hosted/pub.dev/flutter_keyboard_visibility_temp_fork-0.1.5/android/src/main/resources', not found
[        ] file or directory '/Users/florian/.pub-cache/hosted/pub.dev/flutter_keyboard_visibility_temp_fork-0.1.5/android/src/debug/resources', not found
[        ] Skipping task ':flutter_keyboard_visibility_temp_fork:processDebugJavaRes' as it has no source files and no previous output files.
[        ] work action resolve out (project :flutter_keyboard_visibility_temp_fork) (Thread[#41687,Execution worker Thread 23,5,main]) started.
[        ] Resolve mutations for :flutter_native_splash:processDebugJavaRes (Thread[#41687,Execution worker Thread 23,5,main]) started.
[        ] :flutter_native_splash:processDebugJavaRes (Thread[#41687,Execution worker Thread 23,5,main]) started.
[        ] > Task :flutter_native_splash:processDebugJavaRes NO-SOURCE
[        ] file or directory '/Users/florian/.pub-cache/hosted/pub.dev/flutter_native_splash-2.4.7/android/src/main/resources', not found
[        ] file or directory '/Users/florian/.pub-cache/hosted/pub.dev/flutter_native_splash-2.4.7/android/src/debug/resources', not found
[        ] Skipping task ':flutter_native_splash:processDebugJavaRes' as it has no source files and no previous output files.
[        ] work action resolve out (project :flutter_native_splash) (Thread[#41687,Execution worker Thread 23,5,main]) started.
[        ] Resolve mutations for :flutter_olm:processDebugJavaRes (Thread[#41687,Execution worker Thread 23,5,main]) started.
[        ] :flutter_olm:processDebugJavaRes (Thread[#41687,Execution worker Thread 23,5,main]) started.
[        ] > Task :flutter_olm:processDebugJavaRes UP-TO-DATE
[        ] file or directory '/Users/florian/.pub-cache/hosted/pub.dev/flutter_olm-2.0.0/android/src/main/resources', not found
[        ] file or directory '/Users/florian/.pub-cache/hosted/pub.dev/flutter_olm-2.0.0/android/src/debug/resources', not found
[        ] file or directory '/Users/florian/.pub-cache/hosted/pub.dev/flutter_olm-2.0.0/android/src/main/resources', not found
[        ] file or directory '/Users/florian/.pub-cache/hosted/pub.dev/flutter_olm-2.0.0/android/src/debug/resources', not found
[        ] Caching disabled for task ':flutter_olm:processDebugJavaRes' because:
[        ]   Build cache is disabled
[        ]   Caching has been disabled for the task
[        ] Skipping task ':flutter_olm:processDebugJavaRes' as it is up-to-date.
[        ] work action resolve out (project :flutter_olm) (Thread[#41687,Execution worker Thread 23,5,main]) started.
[        ] Resolve mutations for :flutter_openssl_crypto:processDebugJavaRes (Thread[#41687,Execution worker Thread 23,5,main]) started.
[        ] :flutter_openssl_crypto:processDebugJavaRes (Thread[#41687,Execution worker Thread 23,5,main]) started.
[        ] > Task :flutter_openssl_crypto:processDebugJavaRes UP-TO-DATE
[        ] file or directory '/Users/florian/.pub-cache/hosted/pub.dev/flutter_openssl_crypto-0.5.0/android/src/main/resources', not found
[        ] file or directory '/Users/florian/.pub-cache/hosted/pub.dev/flutter_openssl_crypto-0.5.0/android/src/debug/resources', not found
[        ] file or directory '/Users/florian/.pub-cache/hosted/pub.dev/flutter_openssl_crypto-0.5.0/android/src/main/resources', not found
[        ] file or directory '/Users/florian/.pub-cache/hosted/pub.dev/flutter_openssl_crypto-0.5.0/android/src/debug/resources', not found
[        ] Caching disabled for task ':flutter_openssl_crypto:processDebugJavaRes' because:
[        ]   Build cache is disabled
[        ]   Caching has been disabled for the task
[        ] Skipping task ':flutter_openssl_crypto:processDebugJavaRes' as it is up-to-date.
[        ] work action resolve out (project :flutter_openssl_crypto) (Thread[#41687,Execution worker Thread 23,5,main]) started.
[        ] Resolve mutations for :integration_test:processDebugJavaRes (Thread[#41687,Execution worker Thread 23,5,main]) started.
[        ] :integration_test:processDebugJavaRes (Thread[#41687,Execution worker Thread 23,5,main]) started.
[        ] > Task :integration_test:processDebugJavaRes NO-SOURCE
[        ] file or directory '/opt/homebrew/share/flutter/packages/integration_test/android/src/main/resources', not found
[        ] file or directory '/opt/homebrew/share/flutter/packages/integration_test/android/src/debug/resources', not found
[        ] Skipping task ':integration_test:processDebugJavaRes' as it has no source files and no previous output files.
[        ] work action resolve out (project :integration_test) (Thread[#41687,Execution worker Thread 23,5,main]) started.
[        ] Resolve mutations for :path_provider_android:processDebugJavaRes (Thread[#41687,Execution worker Thread 23,5,main]) started.
[        ] :path_provider_android:processDebugJavaRes (Thread[#41687,Execution worker Thread 23,5,main]) started.
[        ] > Task :path_provider_android:processDebugJavaRes NO-SOURCE
[        ] file or directory '/Users/florian/.pub-cache/hosted/pub.dev/path_provider_android-2.2.22/android/src/main/resources', not found
[        ] file or directory '/Users/florian/.pub-cache/hosted/pub.dev/path_provider_android-2.2.22/android/src/debug/resources', not found
[        ] Skipping task ':path_provider_android:processDebugJavaRes' as it has no source files and no previous output files.
[        ] work action resolve out (project :path_provider_android) (Thread[#41687,Execution worker Thread 23,5,main]) started.
[        ] Resolve mutations for :quill_native_bridge_android:processDebugJavaRes (Thread[#41687,Execution worker Thread 23,5,main]) started.
[        ] :quill_native_bridge_android:processDebugJavaRes (Thread[#41687,Execution worker Thread 23,5,main]) started.
[  +91 ms] > Task :quill_native_bridge_android:processDebugJavaRes UP-TO-DATE
[        ] file or directory '/Users/florian/.pub-cache/hosted/pub.dev/quill_native_bridge_android-0.0.1+2/android/src/main/resources', not found
[        ] file or directory '/Users/florian/.pub-cache/hosted/pub.dev/quill_native_bridge_android-0.0.1+2/android/src/debug/resources', not found
[        ] file or directory '/Users/florian/.pub-cache/hosted/pub.dev/quill_native_bridge_android-0.0.1+2/android/src/main/resources', not found
[        ] file or directory '/Users/florian/.pub-cache/hosted/pub.dev/quill_native_bridge_android-0.0.1+2/android/src/debug/resources', not found
[        ] Caching disabled for task ':quill_native_bridge_android:processDebugJavaRes' because:
[        ]   Build cache is disabled
[        ]   Caching has been disabled for the task
[        ] Skipping task ':quill_native_bridge_android:processDebugJavaRes' as it is up-to-date.
[        ] work action resolve out (project :quill_native_bridge_android) (Thread[#41687,Execution worker Thread 23,5,main]) started.
[        ] Resolve mutations for :shared_preferences_android:processDebugJavaRes (Thread[#41687,Execution worker Thread 23,5,main]) started.
[        ] :shared_preferences_android:processDebugJavaRes (Thread[#41687,Execution worker Thread 23,5,main]) started.
[        ] > Task :shared_preferences_android:processDebugJavaRes UP-TO-DATE
[        ] file or directory '/Users/florian/.pub-cache/hosted/pub.dev/shared_preferences_android-2.4.20/android/src/main/resources', not found
[        ] file or directory '/Users/florian/.pub-cache/hosted/pub.dev/shared_preferences_android-2.4.20/android/src/debug/resources', not found
[        ] file or directory '/Users/florian/.pub-cache/hosted/pub.dev/shared_preferences_android-2.4.20/android/src/main/resources', not found
[        ] file or directory '/Users/florian/.pub-cache/hosted/pub.dev/shared_preferences_android-2.4.20/android/src/debug/resources', not found
[        ] Caching disabled for task ':shared_preferences_android:processDebugJavaRes' because:
[        ]   Build cache is disabled
[        ]   Caching has been disabled for the task
[        ] Skipping task ':shared_preferences_android:processDebugJavaRes' as it is up-to-date.
[        ] work action resolve out (project :shared_preferences_android) (Thread[#41687,Execution worker Thread 23,5,main]) started.
[        ] Resolve mutations for :sqflite_android:processDebugJavaRes (Thread[#41687,Execution worker Thread 23,5,main]) started.
[        ] :sqflite_android:processDebugJavaRes (Thread[#41687,Execution worker Thread 23,5,main]) started.
[        ] > Task :sqflite_android:processDebugJavaRes NO-SOURCE
[        ] file or directory '/Users/florian/.pub-cache/hosted/pub.dev/sqflite_android-2.4.2+2/android/src/main/resources', not found
[        ] file or directory '/Users/florian/.pub-cache/hosted/pub.dev/sqflite_android-2.4.2+2/android/src/debug/resources', not found
[        ] Skipping task ':sqflite_android:processDebugJavaRes' as it has no source files and no previous output files.
[        ] work action resolve out (project :sqflite_android) (Thread[#41687,Execution worker Thread 23,5,main]) started.
[        ] Resolve mutations for :url_launcher_android:processDebugJavaRes (Thread[#41687,Execution worker Thread 23,5,main]) started.
[        ] :url_launcher_android:processDebugJavaRes (Thread[#41687,Execution worker Thread 23,5,main]) started.
[        ] > Task :url_launcher_android:processDebugJavaRes NO-SOURCE
[        ] file or directory '/Users/florian/.pub-cache/hosted/pub.dev/url_launcher_android-6.3.28/android/src/main/resources', not found
[        ] file or directory '/Users/florian/.pub-cache/hosted/pub.dev/url_launcher_android-6.3.28/android/src/debug/resources', not found
[        ] Skipping task ':url_launcher_android:processDebugJavaRes' as it has no source files and no previous output files.
[        ] work action resolve out (project :url_launcher_android) (Thread[#41687,Execution worker Thread 23,5,main]) started.
[        ] Resolve mutations for :video_player_android:processDebugJavaRes (Thread[#41687,Execution worker Thread 23,5,main]) started.
[        ] :video_player_android:processDebugJavaRes (Thread[#41687,Execution worker Thread 23,5,main]) started.
[        ] > Task :video_player_android:processDebugJavaRes UP-TO-DATE
[        ] file or directory '/Users/florian/.pub-cache/hosted/pub.dev/video_player_android-2.9.1/android/src/main/resources', not found
[        ] file or directory '/Users/florian/.pub-cache/hosted/pub.dev/video_player_android-2.9.1/android/src/debug/resources', not found
[        ] file or directory '/Users/florian/.pub-cache/hosted/pub.dev/video_player_android-2.9.1/android/src/main/resources', not found
[        ] file or directory '/Users/florian/.pub-cache/hosted/pub.dev/video_player_android-2.9.1/android/src/debug/resources', not found
[        ] Caching disabled for task ':video_player_android:processDebugJavaRes' because:
[        ]   Build cache is disabled
[        ]   Caching has been disabled for the task
[        ] Skipping task ':video_player_android:processDebugJavaRes' as it is up-to-date.
[        ] work action resolve out (project :video_player_android) (Thread[#41687,Execution worker Thread 23,5,main]) started.
[        ] Resolve mutations for :app:mergeDebugJavaResource (Thread[#41687,Execution worker Thread 23,5,main]) started.
[        ] :app:mergeDebugJavaResource (Thread[#41687,Execution worker Thread 23,5,main]) started.
[        ] > Task :app:mergeDebugJavaResource UP-TO-DATE
[        ] Caching disabled for task ':app:mergeDebugJavaResource' because:
[        ]   Build cache is disabled
[        ]   Caching has been disabled for the task
[        ] Skipping task ':app:mergeDebugJavaResource' as it is up-to-date.
[        ] Resolve mutations for :app:checkDebugDuplicateClasses (Thread[#41687,Execution worker Thread 23,5,main]) started.
[        ] :app:checkDebugDuplicateClasses (Thread[#41687,Execution worker Thread 23,5,main]) started.
[        ] > Task :app:checkDebugDuplicateClasses UP-TO-DATE
[        ] Caching disabled for task ':app:checkDebugDuplicateClasses' because:
[        ]   Build cache is disabled
[        ]   Caching has been disabled for the task
[        ] Skipping task ':app:checkDebugDuplicateClasses' as it is up-to-date.
[        ] Resolve mutations for :app:desugarDebugFileDependencies (Thread[#41687,Execution worker Thread 23,5,main]) started.
[        ] :app:desugarDebugFileDependencies (Thread[#41687,Execution worker Thread 23,5,main]) started.
[        ] > Task :app:desugarDebugFileDependencies UP-TO-DATE
[        ] Caching disabled for task ':app:desugarDebugFileDependencies' because:
[        ]   Build cache is disabled
[        ] Skipping task ':app:desugarDebugFileDependencies' as it is up-to-date.
[        ] Resolve mutations for :app:mergeExtDexDebug (Thread[#41687,Execution worker Thread 23,5,main]) started.
[        ] :app:mergeExtDexDebug (Thread[#41687,Execution worker Thread 23,5,main]) started.
[        ] > Task :app:mergeExtDexDebug UP-TO-DATE
[        ] Caching disabled for task ':app:mergeExtDexDebug' because:
[        ]   Build cache is disabled
[        ] Skipping task ':app:mergeExtDexDebug' as it is up-to-date.
[        ] Resolve mutations for :connectivity_plus:bundleLibRuntimeToDirDebug (Thread[#41687,Execution worker Thread 23,5,main]) started.
[        ] :connectivity_plus:bundleLibRuntimeToDirDebug (Thread[#41687,Execution worker Thread 23,5,main]) started.
[        ] > Task :connectivity_plus:bundleLibRuntimeToDirDebug UP-TO-DATE
[        ] Caching disabled for task ':connectivity_plus:bundleLibRuntimeToDirDebug' because:
[        ]   Build cache is disabled
[        ]   Simple merging task
[        ] Skipping task ':connectivity_plus:bundleLibRuntimeToDirDebug' as it is up-to-date.
[        ] work action resolve bundleLibRuntimeToDirDebug (project :connectivity_plus) (Thread[#41687,Execution worker Thread 23,5,main]) started.
[        ] ClassesDirToClassesTransform (Thread[#41687,Execution worker Thread 23,5,main]) started.
[        ] Resolve mutations for :emoji_picker_flutter:bundleLibRuntimeToDirDebug (Thread[#41675,Execution worker Thread 11,5,main]) started.
[        ] :emoji_picker_flutter:bundleLibRuntimeToDirDebug (Thread[#41675,Execution worker Thread 11,5,main]) started.
[        ] DexingNoClasspathTransform (Thread[#41690,Execution worker Thread 26,5,main]) started.
[        ] > Task :emoji_picker_flutter:bundleLibRuntimeToDirDebug UP-TO-DATE
[        ] Caching disabled for task ':emoji_picker_flutter:bundleLibRuntimeToDirDebug' because:
[        ]   Build cache is disabled
[        ]   Simple merging task
[        ] Skipping task ':emoji_picker_flutter:bundleLibRuntimeToDirDebug' as it is up-to-date.
[        ] work action resolve bundleLibRuntimeToDirDebug (project :emoji_picker_flutter) (Thread[#41675,Execution worker Thread 11,5,main]) started.
[        ] ClassesDirToClassesTransform (Thread[#41675,Execution worker Thread 11,5,main]) started.
[        ] Resolve mutations for :file_selector_android:bundleLibRuntimeToDirDebug (Thread[#41681,Execution worker Thread 17,5,main]) started.
[        ] :file_selector_android:bundleLibRuntimeToDirDebug (Thread[#41681,Execution worker Thread 17,5,main]) started.
[        ] DexingNoClasspathTransform (Thread[#41675,Execution worker Thread 11,5,main]) started.
[        ] > Transform bundleLibRuntimeToDirDebug (project :connectivity_plus) with DexingNoClasspathTransform
[        ] Caching disabled for DexingNoClasspathTransform: /Users/florian/Code/substitution/build/connectivity_plus/intermediates/runtime_library_classes_dir/debug/bundleLibRuntimeToDirDebug because:
[        ]   Build cache is disabled
[        ] Skipping DexingNoClasspathTransform: /Users/florian/Code/substitution/build/connectivity_plus/intermediates/runtime_library_classes_dir/debug/bundleLibRuntimeToDirDebug as it is up-to-date.
[        ] > Transform bundleLibRuntimeToDirDebug (project :emoji_picker_flutter) with DexingNoClasspathTransform
[        ] Caching disabled for DexingNoClasspathTransform: /Users/florian/Code/substitution/build/emoji_picker_flutter/intermediates/runtime_library_classes_dir/debug/bundleLibRuntimeToDirDebug because:
[        ]   Build cache is disabled
[        ] Skipping DexingNoClasspathTransform: /Users/florian/Code/substitution/build/emoji_picker_flutter/intermediates/runtime_library_classes_dir/debug/bundleLibRuntimeToDirDebug as it is up-to-date.
[        ] > Task :file_selector_android:bundleLibRuntimeToDirDebug UP-TO-DATE
[        ] Caching disabled for task ':file_selector_android:bundleLibRuntimeToDirDebug' because:
[        ]   Build cache is disabled
[        ]   Simple merging task
[        ] Skipping task ':file_selector_android:bundleLibRuntimeToDirDebug' as it is up-to-date.
[        ] work action resolve bundleLibRuntimeToDirDebug (project :file_selector_android) (Thread[#41681,Execution worker Thread 17,5,main]) started.
[        ] ClassesDirToClassesTransform (Thread[#41681,Execution worker Thread 17,5,main]) started.
[        ] Resolve mutations for :flutter_keyboard_visibility_temp_fork:bundleLibRuntimeToDirDebug (Thread[#41694,Execution worker Thread 30,5,main]) started.
[        ] :flutter_keyboard_visibility_temp_fork:bundleLibRuntimeToDirDebug (Thread[#41694,Execution worker Thread 30,5,main]) started.
[        ] DexingNoClasspathTransform (Thread[#41681,Execution worker Thread 17,5,main]) started.
[        ] > Task :flutter_keyboard_visibility_temp_fork:bundleLibRuntimeToDirDebug UP-TO-DATE
[        ] Caching disabled for task ':flutter_keyboard_visibility_temp_fork:bundleLibRuntimeToDirDebug' because:
[        ]   Build cache is disabled
[        ]   Simple merging task
[        ] Skipping task ':flutter_keyboard_visibility_temp_fork:bundleLibRuntimeToDirDebug' as it is up-to-date.
[        ] work action resolve bundleLibRuntimeToDirDebug (project :flutter_keyboard_visibility_temp_fork) (Thread[#41694,Execution worker Thread 30,5,main]) started.
[        ] > Transform bundleLibRuntimeToDirDebug (project :file_selector_android) with DexingNoClasspathTransform
[        ] Caching disabled for DexingNoClasspathTransform: /Users/florian/Code/substitution/build/file_selector_android/intermediates/runtime_library_classes_dir/debug/bundleLibRuntimeToDirDebug because:
[        ]   Build cache is disabled
[        ] Skipping DexingNoClasspathTransform: /Users/florian/Code/substitution/build/file_selector_android/intermediates/runtime_library_classes_dir/debug/bundleLibRuntimeToDirDebug as it is up-to-date.
[        ] ClassesDirToClassesTransform (Thread[#41694,Execution worker Thread 30,5,main]) started.
[        ] Resolve mutations for :flutter_native_splash:bundleLibRuntimeToDirDebug (Thread[#41686,Execution worker Thread 22,5,main]) started.
[        ] DexingNoClasspathTransform (Thread[#41694,Execution worker Thread 30,5,main]) started.
[        ] :flutter_native_splash:bundleLibRuntimeToDirDebug (Thread[#41686,Execution worker Thread 22,5,main]) started.
[        ] > Transform bundleLibRuntimeToDirDebug (project :flutter_keyboard_visibility_temp_fork) with DexingNoClasspathTransform
[        ] Caching disabled for DexingNoClasspathTransform: /Users/florian/Code/substitution/build/flutter_keyboard_visibility_temp_fork/intermediates/runtime_library_classes_dir/debug/bundleLibRuntimeToDirDebug because:
[        ]   Build cache is disabled
[        ] Skipping DexingNoClasspathTransform: /Users/florian/Code/substitution/build/flutter_keyboard_visibility_temp_fork/intermediates/runtime_library_classes_dir/debug/bundleLibRuntimeToDirDebug as it is up-to-date.
[        ] > Task :flutter_native_splash:bundleLibRuntimeToDirDebug UP-TO-DATE
[        ] Caching disabled for task ':flutter_native_splash:bundleLibRuntimeToDirDebug' because:
[        ]   Build cache is disabled
[        ]   Simple merging task
[        ] Skipping task ':flutter_native_splash:bundleLibRuntimeToDirDebug' as it is up-to-date.
[        ] work action resolve bundleLibRuntimeToDirDebug (project :flutter_native_splash) (Thread[#41686,Execution worker Thread 22,5,main]) started.
[        ] ClassesDirToClassesTransform (Thread[#41686,Execution worker Thread 22,5,main]) started.
[        ] Resolve mutations for :flutter_olm:bundleLibRuntimeToDirDebug (Thread[#41679,Execution worker Thread 15,5,main]) started.
[        ] DexingNoClasspathTransform (Thread[#41686,Execution worker Thread 22,5,main]) started.
[        ] :flutter_olm:bundleLibRuntimeToDirDebug (Thread[#41679,Execution worker Thread 15,5,main]) started.
[        ] > Transform bundleLibRuntimeToDirDebug (project :flutter_native_splash) with DexingNoClasspathTransform
[        ] Caching disabled for DexingNoClasspathTransform: /Users/florian/Code/substitution/build/flutter_native_splash/intermediates/runtime_library_classes_dir/debug/bundleLibRuntimeToDirDebug because:
[        ]   Build cache is disabled
[        ] Skipping DexingNoClasspathTransform: /Users/florian/Code/substitution/build/flutter_native_splash/intermediates/runtime_library_classes_dir/debug/bundleLibRuntimeToDirDebug as it is up-to-date.
[        ] > Task :flutter_olm:bundleLibRuntimeToDirDebug UP-TO-DATE
[        ] Caching disabled for task ':flutter_olm:bundleLibRuntimeToDirDebug' because:
[        ]   Build cache is disabled
[        ]   Simple merging task
[        ] Skipping task ':flutter_olm:bundleLibRuntimeToDirDebug' as it is up-to-date.
[        ] work action resolve bundleLibRuntimeToDirDebug (project :flutter_olm) (Thread[#41679,Execution worker Thread 15,5,main]) started.
[        ] ClassesDirToClassesTransform (Thread[#41679,Execution worker Thread 15,5,main]) started.
[        ] Resolve mutations for :flutter_openssl_crypto:bundleLibRuntimeToDirDebug (Thread[#41669,Execution worker Thread 6,5,main]) started.
[        ] :flutter_openssl_crypto:bundleLibRuntimeToDirDebug (Thread[#41669,Execution worker Thread 6,5,main]) started.
[        ] DexingNoClasspathTransform (Thread[#41679,Execution worker Thread 15,5,main]) started.
[        ] > Task :flutter_openssl_crypto:bundleLibRuntimeToDirDebug UP-TO-DATE
[        ] Caching disabled for task ':flutter_openssl_crypto:bundleLibRuntimeToDirDebug' because:
[        ]   Build cache is disabled
[        ]   Simple merging task
[        ] Skipping task ':flutter_openssl_crypto:bundleLibRuntimeToDirDebug' as it is up-to-date.
[        ] > Transform bundleLibRuntimeToDirDebug (project :flutter_olm) with DexingNoClasspathTransform
[        ] Caching disabled for DexingNoClasspathTransform: /Users/florian/Code/substitution/build/flutter_olm/intermediates/runtime_library_classes_dir/debug/bundleLibRuntimeToDirDebug because:
[        ]   Build cache is disabled
[        ] Skipping DexingNoClasspathTransform: /Users/florian/Code/substitution/build/flutter_olm/intermediates/runtime_library_classes_dir/debug/bundleLibRuntimeToDirDebug as it is up-to-date.
[        ] work action resolve bundleLibRuntimeToDirDebug (project :flutter_openssl_crypto) (Thread[#41679,Execution worker Thread 15,5,main]) started.
[        ] ClassesDirToClassesTransform (Thread[#41679,Execution worker Thread 15,5,main]) started.
[        ] Resolve mutations for :integration_test:bundleLibRuntimeToDirDebug (Thread[#41680,Execution worker Thread 16,5,main]) started.
[        ] DexingNoClasspathTransform (Thread[#41680,Execution worker Thread 16,5,main]) started.
[        ] :integration_test:bundleLibRuntimeToDirDebug (Thread[#41679,Execution worker Thread 15,5,main]) started.
[        ] > Transform bundleLibRuntimeToDirDebug (project :flutter_openssl_crypto) with DexingNoClasspathTransform
[        ] Caching disabled for DexingNoClasspathTransform: /Users/florian/Code/substitution/build/flutter_openssl_crypto/intermediates/runtime_library_classes_dir/debug/bundleLibRuntimeToDirDebug because:
[        ]   Build cache is disabled
[        ] Skipping DexingNoClasspathTransform: /Users/florian/Code/substitution/build/flutter_openssl_crypto/intermediates/runtime_library_classes_dir/debug/bundleLibRuntimeToDirDebug as it is up-to-date.
[        ] > Task :integration_test:bundleLibRuntimeToDirDebug UP-TO-DATE
[        ] Caching disabled for task ':integration_test:bundleLibRuntimeToDirDebug' because:
[        ]   Build cache is disabled
[        ]   Simple merging task
[        ] Skipping task ':integration_test:bundleLibRuntimeToDirDebug' as it is up-to-date.
[        ] work action resolve bundleLibRuntimeToDirDebug (project :integration_test) (Thread[#41679,Execution worker Thread 15,5,main]) started.
[        ] ClassesDirToClassesTransform (Thread[#41686,Execution worker Thread 22,5,main]) started.
[        ] Resolve mutations for :path_provider_android:bundleLibRuntimeToDirDebug (Thread[#41679,Execution worker Thread 15,5,main]) started.
[        ] DexingNoClasspathTransform (Thread[#41686,Execution worker Thread 22,5,main]) started.
[        ] :path_provider_android:bundleLibRuntimeToDirDebug (Thread[#41679,Execution worker Thread 15,5,main]) started.
[        ] > Transform bundleLibRuntimeToDirDebug (project :integration_test) with DexingNoClasspathTransform
[        ] Caching disabled for DexingNoClasspathTransform: /Users/florian/Code/substitution/build/integration_test/intermediates/runtime_library_classes_dir/debug/bundleLibRuntimeToDirDebug because:
[        ]   Build cache is disabled
[        ] Skipping DexingNoClasspathTransform: /Users/florian/Code/substitution/build/integration_test/intermediates/runtime_library_classes_dir/debug/bundleLibRuntimeToDirDebug as it is up-to-date.
[        ] > Task :path_provider_android:bundleLibRuntimeToDirDebug UP-TO-DATE
[        ] Caching disabled for task ':path_provider_android:bundleLibRuntimeToDirDebug' because:
[        ]   Build cache is disabled
[        ]   Simple merging task
[        ] Skipping task ':path_provider_android:bundleLibRuntimeToDirDebug' as it is up-to-date.
[        ] work action resolve bundleLibRuntimeToDirDebug (project :path_provider_android) (Thread[#41679,Execution worker Thread 15,5,main]) started.
[        ] ClassesDirToClassesTransform (Thread[#41679,Execution worker Thread 15,5,main]) started.
[        ] Resolve mutations for :quill_native_bridge_android:bundleLibRuntimeToDirDebug (Thread[#41674,Execution worker Thread 10,5,main]) started.
[        ] :quill_native_bridge_android:bundleLibRuntimeToDirDebug (Thread[#41674,Execution worker Thread 10,5,main]) started.
[        ] DexingNoClasspathTransform (Thread[#41679,Execution worker Thread 15,5,main]) started.
[        ] > Transform bundleLibRuntimeToDirDebug (project :path_provider_android) with DexingNoClasspathTransform
[        ] Caching disabled for DexingNoClasspathTransform: /Users/florian/Code/substitution/build/path_provider_android/intermediates/runtime_library_classes_dir/debug/bundleLibRuntimeToDirDebug because:
[        ]   Build cache is disabled
[        ] Skipping DexingNoClasspathTransform: /Users/florian/Code/substitution/build/path_provider_android/intermediates/runtime_library_classes_dir/debug/bundleLibRuntimeToDirDebug as it is up-to-date.
[        ] > Task :quill_native_bridge_android:bundleLibRuntimeToDirDebug UP-TO-DATE
[        ] Caching disabled for task ':quill_native_bridge_android:bundleLibRuntimeToDirDebug' because:
[        ]   Build cache is disabled
[        ]   Simple merging task
[        ] Skipping task ':quill_native_bridge_android:bundleLibRuntimeToDirDebug' as it is up-to-date.
[        ] work action resolve bundleLibRuntimeToDirDebug (project :quill_native_bridge_android) (Thread[#41674,Execution worker Thread 10,5,main]) started.
[        ] ClassesDirToClassesTransform (Thread[#41674,Execution worker Thread 10,5,main]) started.
[        ] Resolve mutations for :shared_preferences_android:bundleLibRuntimeToDirDebug (Thread[#41669,Execution worker Thread 6,5,main]) started.
[        ] DexingNoClasspathTransform (Thread[#41674,Execution worker Thread 10,5,main]) started.
[        ] :shared_preferences_android:bundleLibRuntimeToDirDebug (Thread[#41669,Execution worker Thread 6,5,main]) started.
[        ] > Transform bundleLibRuntimeToDirDebug (project :quill_native_bridge_android) with DexingNoClasspathTransform
[        ] Caching disabled for DexingNoClasspathTransform: /Users/florian/Code/substitution/build/quill_native_bridge_android/intermediates/runtime_library_classes_dir/debug/bundleLibRuntimeToDirDebug because:
[        ]   Build cache is disabled
[        ] Skipping DexingNoClasspathTransform: /Users/florian/Code/substitution/build/quill_native_bridge_android/intermediates/runtime_library_classes_dir/debug/bundleLibRuntimeToDirDebug as it is up-to-date.
[        ] > Task :shared_preferences_android:bundleLibRuntimeToDirDebug UP-TO-DATE
[        ] Caching disabled for task ':shared_preferences_android:bundleLibRuntimeToDirDebug' because:
[        ]   Build cache is disabled
[        ]   Simple merging task
[        ] Skipping task ':shared_preferences_android:bundleLibRuntimeToDirDebug' as it is up-to-date.
[        ] work action resolve bundleLibRuntimeToDirDebug (project :shared_preferences_android) (Thread[#41669,Execution worker Thread 6,5,main]) started.
[        ] ClassesDirToClassesTransform (Thread[#41669,Execution worker Thread 6,5,main]) started.
[        ] Resolve mutations for :sqflite_android:bundleLibRuntimeToDirDebug (Thread[#41691,Execution worker Thread 27,5,main]) started.
[        ] :sqflite_android:bundleLibRuntimeToDirDebug (Thread[#41691,Execution worker Thread 27,5,main]) started.
[        ] DexingNoClasspathTransform (Thread[#41669,Execution worker Thread 6,5,main]) started.
[        ] > Task :sqflite_android:bundleLibRuntimeToDirDebug UP-TO-DATE
[        ] Caching disabled for task ':sqflite_android:bundleLibRuntimeToDirDebug' because:
[        ]   Build cache is disabled
[        ]   Simple merging task
[        ] Skipping task ':sqflite_android:bundleLibRuntimeToDirDebug' as it is up-to-date.
[        ] work action resolve bundleLibRuntimeToDirDebug (project :sqflite_android) (Thread[#41691,Execution worker Thread 27,5,main]) started.
[        ] ClassesDirToClassesTransform (Thread[#41691,Execution worker Thread 27,5,main]) started.
[        ] Resolve mutations for :url_launcher_android:bundleLibRuntimeToDirDebug (Thread[#41674,Execution worker Thread 10,5,main]) started.
[        ] DexingNoClasspathTransform (Thread[#41691,Execution worker Thread 27,5,main]) started.
[        ] > Transform bundleLibRuntimeToDirDebug (project :shared_preferences_android) with DexingNoClasspathTransform
[        ] Caching disabled for DexingNoClasspathTransform: /Users/florian/Code/substitution/build/shared_preferences_android/intermediates/runtime_library_classes_dir/debug/bundleLibRuntimeToDirDebug because:
[        ]   Build cache is disabled
[        ] Skipping DexingNoClasspathTransform: /Users/florian/Code/substitution/build/shared_preferences_android/intermediates/runtime_library_classes_dir/debug/bundleLibRuntimeToDirDebug as it is up-to-date.
[        ] :url_launcher_android:bundleLibRuntimeToDirDebug (Thread[#41674,Execution worker Thread 10,5,main]) started.
[        ] > Task :url_launcher_android:bundleLibRuntimeToDirDebug UP-TO-DATE
[        ] Caching disabled for task ':url_launcher_android:bundleLibRuntimeToDirDebug' because:
[        ]   Build cache is disabled
[        ]   Simple merging task
[        ] Skipping task ':url_launcher_android:bundleLibRuntimeToDirDebug' as it is up-to-date.
[        ] work action resolve bundleLibRuntimeToDirDebug (project :url_launcher_android) (Thread[#41674,Execution worker Thread 10,5,main]) started.
[        ] ClassesDirToClassesTransform (Thread[#41674,Execution worker Thread 10,5,main]) started.
[        ] Resolve mutations for :video_player_android:bundleLibRuntimeToDirDebug (Thread[#41676,Execution worker Thread 12,5,main]) started.
[        ] > Transform bundleLibRuntimeToDirDebug (project :sqflite_android) with DexingNoClasspathTransform
[        ] Caching disabled for DexingNoClasspathTransform: /Users/florian/Code/substitution/build/sqflite_android/intermediates/runtime_library_classes_dir/debug/bundleLibRuntimeToDirDebug because:
[        ]   Build cache is disabled
[        ] Skipping DexingNoClasspathTransform: /Users/florian/Code/substitution/build/sqflite_android/intermediates/runtime_library_classes_dir/debug/bundleLibRuntimeToDirDebug as it is up-to-date.
[        ] :video_player_android:bundleLibRuntimeToDirDebug (Thread[#41676,Execution worker Thread 12,5,main]) started.
[        ] DexingNoClasspathTransform (Thread[#41674,Execution worker Thread 10,5,main]) started.
[        ] > Transform bundleLibRuntimeToDirDebug (project :url_launcher_android) with DexingNoClasspathTransform
[        ] Caching disabled for DexingNoClasspathTransform: /Users/florian/Code/substitution/build/url_launcher_android/intermediates/runtime_library_classes_dir/debug/bundleLibRuntimeToDirDebug because:
[        ]   Build cache is disabled
[        ] Skipping DexingNoClasspathTransform: /Users/florian/Code/substitution/build/url_launcher_android/intermediates/runtime_library_classes_dir/debug/bundleLibRuntimeToDirDebug as it is up-to-date.
[        ] > Task :video_player_android:bundleLibRuntimeToDirDebug UP-TO-DATE
[        ] Caching disabled for task ':video_player_android:bundleLibRuntimeToDirDebug' because:
[        ]   Build cache is disabled
[        ]   Simple merging task
[        ] Skipping task ':video_player_android:bundleLibRuntimeToDirDebug' as it is up-to-date.
[        ] work action resolve bundleLibRuntimeToDirDebug (project :video_player_android) (Thread[#41676,Execution worker Thread 12,5,main]) started.
[        ] ClassesDirToClassesTransform (Thread[#41676,Execution worker Thread 12,5,main]) started.
[        ] Resolve mutations for :app:dexBuilderDebug (Thread[#41675,Execution worker Thread 11,5,main]) started.
[        ] DexingNoClasspathTransform (Thread[#41676,Execution worker Thread 12,5,main]) started.
[        ] :app:dexBuilderDebug (Thread[#41675,Execution worker Thread 11,5,main]) started.
[        ] > Task :app:dexBuilderDebug UP-TO-DATE
[        ] Caching disabled for task ':app:dexBuilderDebug' because:
[        ]   Build cache is disabled
[        ] Skipping task ':app:dexBuilderDebug' as it is up-to-date.
[        ] Resolve mutations for :app:mergeProjectDexDebug (Thread[#41675,Execution worker Thread 11,5,main]) started.
[        ] > Transform bundleLibRuntimeToDirDebug (project :video_player_android) with DexingNoClasspathTransform
[        ] Caching disabled for DexingNoClasspathTransform: /Users/florian/Code/substitution/build/video_player_android/intermediates/runtime_library_classes_dir/debug/bundleLibRuntimeToDirDebug because:
[        ]   Build cache is disabled
[        ] Skipping DexingNoClasspathTransform: /Users/florian/Code/substitution/build/video_player_android/intermediates/runtime_library_classes_dir/debug/bundleLibRuntimeToDirDebug as it is up-to-date.
[        ] Resolve mutations for :app:mergeLibDexDebug (Thread[#41675,Execution worker Thread 11,5,main]) started.
[        ] :app:mergeLibDexDebug (Thread[#41675,Execution worker Thread 11,5,main]) started.
[        ] > Task :app:mergeLibDexDebug UP-TO-DATE
[        ] Caching disabled for task ':app:mergeLibDexDebug' because:
[        ]   Build cache is disabled
[        ] Skipping task ':app:mergeLibDexDebug' as it is up-to-date.
[        ] :app:mergeProjectDexDebug (Thread[#41675,Execution worker Thread 11,5,main]) started.
[        ] > Task :app:mergeProjectDexDebug UP-TO-DATE
[        ] Caching disabled for task ':app:mergeProjectDexDebug' because:
[        ]   Build cache is disabled
[        ] Skipping task ':app:mergeProjectDexDebug' as it is up-to-date.
[        ] Resolve mutations for :app:configureCMakeDebug[arm64-v8a] (Thread[#41675,Execution worker Thread 11,5,main]) started.
[        ] :app:configureCMakeDebug[arm64-v8a] (Thread[#41675,Execution worker Thread 11,5,main]) started.
[        ] > Task :app:configureCMakeDebug[arm64-v8a]
[        ] Caching disabled for task ':app:configureCMakeDebug[arm64-v8a]' because:
[        ]   Build cache is disabled
[        ]   Caching has been disabled for the task
[        ] Task ':app:configureCMakeDebug[arm64-v8a]' is not up-to-date because:
[        ]   Task.upToDateWhen is false.
[        ] C/C++: /opt/homebrew/share/flutter/packages/flutter_tools/gradle/src/main/scripts/CMakeLists.txt debug|arm64-v8a : Start JSON generation. Platform version: 24 min SDK version: arm64-v8a
[        ] C/C++: /opt/homebrew/share/flutter/packages/flutter_tools/gradle/src/main/scripts/CMakeLists.txt debug|arm64-v8a : JSON '/Users/florian/Code/substitution/build/.cxx/debug/x6546535/arm64-v8a/android_gradle_build.json' was up-to-date
[        ] C/C++: /opt/homebrew/share/flutter/packages/flutter_tools/gradle/src/main/scripts/CMakeLists.txt debug|arm64-v8a : JSON generation completed without problems
[        ] C/C++: /opt/homebrew/share/flutter/packages/flutter_tools/gradle/src/main/scripts/CMakeLists.txt debug|arm64-v8a : Writing build model to /Users/florian/Code/substitution/build/app/intermediates/cxx/debug/x6546535/logs/arm64-v8a/build_model.json
[        ] Resolve mutations for :app:buildCMakeDebug[arm64-v8a] (Thread[#41675,Execution worker Thread 11,5,main]) started.
[        ] :app:buildCMakeDebug[arm64-v8a] (Thread[#41675,Execution worker Thread 11,5,main]) started.
[        ] > Task :app:buildCMakeDebug[arm64-v8a]
[        ] Caching disabled for task ':app:buildCMakeDebug[arm64-v8a]' because:
[        ]   Build cache is disabled
[        ]   Caching has been disabled for the task
[        ] Task ':app:buildCMakeDebug[arm64-v8a]' is not up-to-date because:
[        ]   Task.upToDateWhen is false.
[        ] C/C++: starting build
[        ] C/C++: reading expected JSONs
[        ] C/C++: done reading expected JSONs
[        ] C/C++: executing build commands for targets that produce .so files or executables
[        ] C/C++: evaluate miniconfig
[        ] C/C++: no libraries
[        ] Resolve mutations for :app:configureCMakeDebug[armeabi-v7a] (Thread[#41675,Execution worker Thread 11,5,main]) started.
[        ] :app:configureCMakeDebug[armeabi-v7a] (Thread[#41675,Execution worker Thread 11,5,main]) started.
[        ] > Task :app:configureCMakeDebug[armeabi-v7a]
[        ] Caching disabled for task ':app:configureCMakeDebug[armeabi-v7a]' because:
[        ]   Build cache is disabled
[        ]   Caching has been disabled for the task
[        ] Task ':app:configureCMakeDebug[armeabi-v7a]' is not up-to-date because:
[        ]   Task.upToDateWhen is false.
[        ] C/C++: /opt/homebrew/share/flutter/packages/flutter_tools/gradle/src/main/scripts/CMakeLists.txt debug|armeabi-v7a : Start JSON generation. Platform version: 24 min SDK version: armeabi-v7a
[        ] C/C++: /opt/homebrew/share/flutter/packages/flutter_tools/gradle/src/main/scripts/CMakeLists.txt debug|armeabi-v7a : JSON '/Users/florian/Code/substitution/build/.cxx/debug/x6546535/armeabi-v7a/android_gradle_build.json' was up-to-date
[        ] C/C++: /opt/homebrew/share/flutter/packages/flutter_tools/gradle/src/main/scripts/CMakeLists.txt debug|armeabi-v7a : JSON generation completed without problems
[        ] C/C++: /opt/homebrew/share/flutter/packages/flutter_tools/gradle/src/main/scripts/CMakeLists.txt debug|armeabi-v7a : Writing build model to /Users/florian/Code/substitution/build/app/intermediates/cxx/debug/x6546535/logs/armeabi-v7a/build_model.json
[        ] Resolve mutations for :app:buildCMakeDebug[armeabi-v7a] (Thread[#41675,Execution worker Thread 11,5,main]) started.
[        ] :app:buildCMakeDebug[armeabi-v7a] (Thread[#41675,Execution worker Thread 11,5,main]) started.
[        ] > Task :app:buildCMakeDebug[armeabi-v7a]
[        ] Caching disabled for task ':app:buildCMakeDebug[armeabi-v7a]' because:
[        ]   Build cache is disabled
[        ]   Caching has been disabled for the task
[        ] Task ':app:buildCMakeDebug[armeabi-v7a]' is not up-to-date because:
[        ]   Task.upToDateWhen is false.
[        ] C/C++: starting build
[        ] C/C++: reading expected JSONs
[        ] C/C++: done reading expected JSONs
[        ] C/C++: executing build commands for targets that produce .so files or executables
[        ] C/C++: evaluate miniconfig
[        ] C/C++: no libraries
[        ] Resolve mutations for :app:configureCMakeDebug[x86_64] (Thread[#41675,Execution worker Thread 11,5,main]) started.
[        ] :app:configureCMakeDebug[x86_64] (Thread[#41675,Execution worker Thread 11,5,main]) started.
[        ] > Task :app:configureCMakeDebug[x86_64]
[        ] Caching disabled for task ':app:configureCMakeDebug[x86_64]' because:
[        ]   Build cache is disabled
[        ]   Caching has been disabled for the task
[        ] Task ':app:configureCMakeDebug[x86_64]' is not up-to-date because:
[        ]   Task.upToDateWhen is false.
[        ] C/C++: /opt/homebrew/share/flutter/packages/flutter_tools/gradle/src/main/scripts/CMakeLists.txt debug|x86_64 : Start JSON generation. Platform version: 24 min SDK version: x86_64
[        ] C/C++: /opt/homebrew/share/flutter/packages/flutter_tools/gradle/src/main/scripts/CMakeLists.txt debug|x86_64 : JSON '/Users/florian/Code/substitution/build/.cxx/debug/x6546535/x86_64/android_gradle_build.json' was up-to-date
[        ] C/C++: /opt/homebrew/share/flutter/packages/flutter_tools/gradle/src/main/scripts/CMakeLists.txt debug|x86_64 : JSON generation completed without problems
[        ] C/C++: /opt/homebrew/share/flutter/packages/flutter_tools/gradle/src/main/scripts/CMakeLists.txt debug|x86_64 : Writing build model to /Users/florian/Code/substitution/build/app/intermediates/cxx/debug/x6546535/logs/x86_64/build_model.json
[        ] Resolve mutations for :app:buildCMakeDebug[x86_64] (Thread[#41675,Execution worker Thread 11,5,main]) started.
[        ] :app:buildCMakeDebug[x86_64] (Thread[#41675,Execution worker Thread 11,5,main]) started.
[        ] > Task :app:buildCMakeDebug[x86_64]
[        ] Caching disabled for task ':app:buildCMakeDebug[x86_64]' because:
[        ]   Build cache is disabled
[        ]   Caching has been disabled for the task
[        ] Task ':app:buildCMakeDebug[x86_64]' is not up-to-date because:
[        ]   Task.upToDateWhen is false.
[        ] C/C++: starting build
[        ] C/C++: reading expected JSONs
[        ] C/C++: done reading expected JSONs
[        ] C/C++: executing build commands for targets that produce .so files or executables
[        ] C/C++: evaluate miniconfig
[        ] C/C++: no libraries
[        ] Resolve mutations for :app:mergeDebugJniLibFolders (Thread[#41675,Execution worker Thread 11,5,main]) started.
[        ] :app:mergeDebugJniLibFolders (Thread[#41675,Execution worker Thread 11,5,main]) started.
[        ] > Task :app:mergeDebugJniLibFolders UP-TO-DATE
[        ] Caching disabled for task ':app:mergeDebugJniLibFolders' because:
[        ]   Build cache is disabled
[        ]   Simple merging task
[        ] Skipping task ':app:mergeDebugJniLibFolders' as it is up-to-date.
[        ] Resolve mutations for :connectivity_plus:mergeDebugJniLibFolders (Thread[#41675,Execution worker Thread 11,5,main]) started.
[        ] :connectivity_plus:mergeDebugJniLibFolders (Thread[#41675,Execution worker Thread 11,5,main]) started.
[        ] > Task :connectivity_plus:mergeDebugJniLibFolders UP-TO-DATE
[        ] Caching disabled for task ':connectivity_plus:mergeDebugJniLibFolders' because:
[        ]   Build cache is disabled
[        ]   Simple merging task
[        ] Skipping task ':connectivity_plus:mergeDebugJniLibFolders' as it is up-to-date.
[        ] Resolve mutations for :connectivity_plus:mergeDebugNativeLibs (Thread[#41675,Execution worker Thread 11,5,main]) started.
[        ] :connectivity_plus:mergeDebugNativeLibs (Thread[#41675,Execution worker Thread 11,5,main]) started.
[        ] > Task :connectivity_plus:mergeDebugNativeLibs NO-SOURCE
[        ] Skipping task ':connectivity_plus:mergeDebugNativeLibs' as it has no source files and no previous output files.
[        ] Resolve mutations for :connectivity_plus:copyDebugJniLibsProjectOnly (Thread[#41675,Execution worker Thread 11,5,main]) started.
[        ] :connectivity_plus:copyDebugJniLibsProjectOnly (Thread[#41675,Execution worker Thread 11,5,main]) started.
[        ] > Task :connectivity_plus:copyDebugJniLibsProjectOnly UP-TO-DATE
[        ] Caching disabled for task ':connectivity_plus:copyDebugJniLibsProjectOnly' because:
[        ]   Build cache is disabled
[        ]   Caching has been disabled for the task
[        ] Skipping task ':connectivity_plus:copyDebugJniLibsProjectOnly' as it is up-to-date.
[        ] work action resolve jni (project :connectivity_plus) (Thread[#41675,Execution worker Thread 11,5,main]) started.
[        ] Resolve mutations for :emoji_picker_flutter:mergeDebugJniLibFolders (Thread[#41675,Execution worker Thread 11,5,main]) started.
[        ] :emoji_picker_flutter:mergeDebugJniLibFolders (Thread[#41675,Execution worker Thread 11,5,main]) started.
[        ] > Task :emoji_picker_flutter:mergeDebugJniLibFolders UP-TO-DATE
[        ] Caching disabled for task ':emoji_picker_flutter:mergeDebugJniLibFolders' because:
[        ]   Build cache is disabled
[        ]   Simple merging task
[        ] Skipping task ':emoji_picker_flutter:mergeDebugJniLibFolders' as it is up-to-date.
[        ] Resolve mutations for :emoji_picker_flutter:mergeDebugNativeLibs (Thread[#41675,Execution worker Thread 11,5,main]) started.
[        ] :emoji_picker_flutter:mergeDebugNativeLibs (Thread[#41675,Execution worker Thread 11,5,main]) started.
[        ] > Task :emoji_picker_flutter:mergeDebugNativeLibs NO-SOURCE
[        ] Skipping task ':emoji_picker_flutter:mergeDebugNativeLibs' as it has no source files and no previous output files.
[        ] Resolve mutations for :emoji_picker_flutter:copyDebugJniLibsProjectOnly (Thread[#41675,Execution worker Thread 11,5,main]) started.
[        ] :emoji_picker_flutter:copyDebugJniLibsProjectOnly (Thread[#41675,Execution worker Thread 11,5,main]) started.
[        ] > Task :emoji_picker_flutter:copyDebugJniLibsProjectOnly UP-TO-DATE
[        ] Caching disabled for task ':emoji_picker_flutter:copyDebugJniLibsProjectOnly' because:
[        ]   Build cache is disabled
[        ]   Caching has been disabled for the task
[        ] Skipping task ':emoji_picker_flutter:copyDebugJniLibsProjectOnly' as it is up-to-date.
[        ] work action resolve jni (project :emoji_picker_flutter) (Thread[#41675,Execution worker Thread 11,5,main]) started.
[        ] Resolve mutations for :file_selector_android:mergeDebugJniLibFolders (Thread[#41675,Execution worker Thread 11,5,main]) started.
[        ] :file_selector_android:mergeDebugJniLibFolders (Thread[#41675,Execution worker Thread 11,5,main]) started.
[        ] > Task :file_selector_android:mergeDebugJniLibFolders UP-TO-DATE
[        ] Caching disabled for task ':file_selector_android:mergeDebugJniLibFolders' because:
[        ]   Build cache is disabled
[        ]   Simple merging task
[        ] Skipping task ':file_selector_android:mergeDebugJniLibFolders' as it is up-to-date.
[        ] Resolve mutations for :file_selector_android:mergeDebugNativeLibs (Thread[#41675,Execution worker Thread 11,5,main]) started.
[        ] :file_selector_android:mergeDebugNativeLibs (Thread[#41675,Execution worker Thread 11,5,main]) started.
[        ] > Task :file_selector_android:mergeDebugNativeLibs NO-SOURCE
[        ] Skipping task ':file_selector_android:mergeDebugNativeLibs' as it has no source files and no previous output files.
[        ] Resolve mutations for :file_selector_android:copyDebugJniLibsProjectOnly (Thread[#41675,Execution worker Thread 11,5,main]) started.
[        ] :file_selector_android:copyDebugJniLibsProjectOnly (Thread[#41675,Execution worker Thread 11,5,main]) started.
[        ] > Task :file_selector_android:copyDebugJniLibsProjectOnly UP-TO-DATE
[        ] Caching disabled for task ':file_selector_android:copyDebugJniLibsProjectOnly' because:
[        ]   Build cache is disabled
[        ]   Caching has been disabled for the task
[        ] Skipping task ':file_selector_android:copyDebugJniLibsProjectOnly' as it is up-to-date.
[        ] work action resolve jni (project :file_selector_android) (Thread[#41675,Execution worker Thread 11,5,main]) started.
[        ] Resolve mutations for :flutter_keyboard_visibility_temp_fork:mergeDebugJniLibFolders (Thread[#41675,Execution worker Thread 11,5,main]) started.
[        ] :flutter_keyboard_visibility_temp_fork:mergeDebugJniLibFolders (Thread[#41675,Execution worker Thread 11,5,main]) started.
[        ] > Task :flutter_keyboard_visibility_temp_fork:mergeDebugJniLibFolders UP-TO-DATE
[        ] Caching disabled for task ':flutter_keyboard_visibility_temp_fork:mergeDebugJniLibFolders' because:
[        ]   Build cache is disabled
[        ]   Simple merging task
[        ] Skipping task ':flutter_keyboard_visibility_temp_fork:mergeDebugJniLibFolders' as it is up-to-date.
[        ] Resolve mutations for :flutter_keyboard_visibility_temp_fork:mergeDebugNativeLibs (Thread[#41675,Execution worker Thread 11,5,main]) started.
[        ] :flutter_keyboard_visibility_temp_fork:mergeDebugNativeLibs (Thread[#41675,Execution worker Thread 11,5,main]) started.
[        ] > Task :flutter_keyboard_visibility_temp_fork:mergeDebugNativeLibs NO-SOURCE
[        ] Skipping task ':flutter_keyboard_visibility_temp_fork:mergeDebugNativeLibs' as it has no source files and no previous output files.
[        ] Resolve mutations for :flutter_keyboard_visibility_temp_fork:copyDebugJniLibsProjectOnly (Thread[#41675,Execution worker Thread 11,5,main]) started.
[        ] :flutter_keyboard_visibility_temp_fork:copyDebugJniLibsProjectOnly (Thread[#41675,Execution worker Thread 11,5,main]) started.
[        ] > Task :flutter_keyboard_visibility_temp_fork:copyDebugJniLibsProjectOnly UP-TO-DATE
[        ] Caching disabled for task ':flutter_keyboard_visibility_temp_fork:copyDebugJniLibsProjectOnly' because:
[        ]   Build cache is disabled
[        ]   Caching has been disabled for the task
[        ] Skipping task ':flutter_keyboard_visibility_temp_fork:copyDebugJniLibsProjectOnly' as it is up-to-date.
[        ] work action resolve jni (project :flutter_keyboard_visibility_temp_fork) (Thread[#41675,Execution worker Thread 11,5,main]) started.
[        ] Resolve mutations for :flutter_native_splash:mergeDebugJniLibFolders (Thread[#41675,Execution worker Thread 11,5,main]) started.
[        ] :flutter_native_splash:mergeDebugJniLibFolders (Thread[#41675,Execution worker Thread 11,5,main]) started.
[        ] > Task :flutter_native_splash:mergeDebugJniLibFolders UP-TO-DATE
[        ] Caching disabled for task ':flutter_native_splash:mergeDebugJniLibFolders' because:
[        ]   Build cache is disabled
[        ]   Simple merging task
[        ] Skipping task ':flutter_native_splash:mergeDebugJniLibFolders' as it is up-to-date.
[        ] Resolve mutations for :flutter_native_splash:mergeDebugNativeLibs (Thread[#41675,Execution worker Thread 11,5,main]) started.
[        ] :flutter_native_splash:mergeDebugNativeLibs (Thread[#41675,Execution worker Thread 11,5,main]) started.
[        ] > Task :flutter_native_splash:mergeDebugNativeLibs NO-SOURCE
[        ] Skipping task ':flutter_native_splash:mergeDebugNativeLibs' as it has no source files and no previous output files.
[        ] Resolve mutations for :flutter_native_splash:copyDebugJniLibsProjectOnly (Thread[#41675,Execution worker Thread 11,5,main]) started.
[        ] :flutter_native_splash:copyDebugJniLibsProjectOnly (Thread[#41675,Execution worker Thread 11,5,main]) started.
[        ] > Task :flutter_native_splash:copyDebugJniLibsProjectOnly UP-TO-DATE
[        ] Caching disabled for task ':flutter_native_splash:copyDebugJniLibsProjectOnly' because:
[        ]   Build cache is disabled
[        ]   Caching has been disabled for the task
[        ] Skipping task ':flutter_native_splash:copyDebugJniLibsProjectOnly' as it is up-to-date.
[        ] work action resolve jni (project :flutter_native_splash) (Thread[#41675,Execution worker Thread 11,5,main]) started.
[        ] Resolve mutations for :flutter_olm:preProfileBuild (Thread[#41675,Execution worker Thread 11,5,main]) started.
[        ] :flutter_olm:preProfileBuild (Thread[#41675,Execution worker Thread 11,5,main]) started.
[        ] > Task :flutter_olm:preProfileBuild UP-TO-DATE
[        ] Skipping task ':flutter_olm:preProfileBuild' as it has no actions.
[        ] Resolve mutations for :flutter_olm:configureCMakeDebug[arm64-v8a] (Thread[#41675,Execution worker Thread 11,5,main]) started.
[        ] :flutter_olm:configureCMakeDebug[arm64-v8a] (Thread[#41675,Execution worker Thread 11,5,main]) started.
[        ] > Task :flutter_olm:configureCMakeDebug[arm64-v8a]
[        ] Caching disabled for task ':flutter_olm:configureCMakeDebug[arm64-v8a]' because:
[        ]   Build cache is disabled
[        ]   Caching has been disabled for the task
[        ] Task ':flutter_olm:configureCMakeDebug[arm64-v8a]' is not up-to-date because:
[        ]   Task.upToDateWhen is false.
[        ] C/C++: /Users/florian/.pub-cache/hosted/pub.dev/flutter_olm-2.0.0/ios/CMakeLists.txt profile|arm64-v8a : Start JSON generation. Platform version: 21 min SDK version: arm64-v8a
[        ] C/C++: /Users/florian/.pub-cache/hosted/pub.dev/flutter_olm-2.0.0/ios/CMakeLists.txt profile|arm64-v8a : JSON '/Users/florian/.pub-cache/hosted/pub.dev/flutter_olm-2.0.0/android/.cxx/Debug/611a6669/arm64-v8a/android_gradle_build.json' was up-to-date
[        ] C/C++: /Users/florian/.pub-cache/hosted/pub.dev/flutter_olm-2.0.0/ios/CMakeLists.txt profile|arm64-v8a : JSON generation completed without problems
[        ] C/C++: /Users/florian/.pub-cache/hosted/pub.dev/flutter_olm-2.0.0/ios/CMakeLists.txt profile|arm64-v8a : Writing build model to /Users/florian/Code/substitution/build/flutter_olm/intermediates/cxx/Debug/611a6669/logs/arm64-v8a/build_model.json
[        ] Resolve mutations for :flutter_olm:buildCMakeDebug[arm64-v8a] (Thread[#41675,Execution worker Thread 11,5,main]) started.
[        ] :flutter_olm:buildCMakeDebug[arm64-v8a] (Thread[#41675,Execution worker Thread 11,5,main]) started.
[        ] > Task :flutter_olm:buildCMakeDebug[arm64-v8a]
[        ] Caching disabled for task ':flutter_olm:buildCMakeDebug[arm64-v8a]' because:
[        ]   Build cache is disabled
[        ]   Caching has been disabled for the task
[        ] Task ':flutter_olm:buildCMakeDebug[arm64-v8a]' is not up-to-date because:
[        ]   Task.upToDateWhen is false.
[        ] C/C++: starting build
[        ] C/C++: reading expected JSONs
[        ] C/C++: done reading expected JSONs
[        ] C/C++: executing build commands for targets that produce .so files or executables
[        ] C/C++: evaluate miniconfig
[        ] C/C++: evaluate library olm (arm64-v8a)
[        ] C/C++: building target library olm because no targets are specified.
[        ] C/C++: about to build targets olm
[        ] C/C++: Build olm
[        ] C/C++: /Users/florian/Library/Android/sdk/cmake/3.22.1/bin/ninja \
[        ]   -C \
[        ]   /Users/florian/.pub-cache/hosted/pub.dev/flutter_olm-2.0.0/android/.cxx/Debug/611a6669/arm64-v8a \
[        ]   olm
[        ] Starting process 'command '/Users/florian/Library/Android/sdk/cmake/3.22.1/bin/ninja''. Working directory: /Users/florian/.pub-cache/hosted/pub.dev/flutter_olm-2.0.0/android Command: /Users/florian/Library/Android/sdk/cmake/3.22.1/bin/ninja -C /Users/florian/.pub-cache/hosted/pub.dev/flutter_olm-2.0.0/android/.cxx/Debug/611a6669/arm64-v8a olm
[        ] Successfully started process 'command '/Users/florian/Library/Android/sdk/cmake/3.22.1/bin/ninja''
[        ] C/C++: Received process result: 0
[        ] C/C++: check expected build outputs
[        ] C/C++: build complete
[        ] Resolve mutations for :flutter_olm:configureCMakeDebug[armeabi-v7a] (Thread[#41675,Execution worker Thread 11,5,main]) started.
[        ] :flutter_olm:configureCMakeDebug[armeabi-v7a] (Thread[#41675,Execution worker Thread 11,5,main]) started.
[        ] > Task :flutter_olm:configureCMakeDebug[armeabi-v7a]
[        ] Caching disabled for task ':flutter_olm:configureCMakeDebug[armeabi-v7a]' because:
[        ]   Build cache is disabled
[        ]   Caching has been disabled for the task
[        ] Task ':flutter_olm:configureCMakeDebug[armeabi-v7a]' is not up-to-date because:
[        ]   Task.upToDateWhen is false.
[        ] C/C++: /Users/florian/.pub-cache/hosted/pub.dev/flutter_olm-2.0.0/ios/CMakeLists.txt profile|armeabi-v7a : Start JSON generation. Platform version: 21 min SDK version: armeabi-v7a
[        ] C/C++: /Users/florian/.pub-cache/hosted/pub.dev/flutter_olm-2.0.0/ios/CMakeLists.txt profile|armeabi-v7a : JSON '/Users/florian/.pub-cache/hosted/pub.dev/flutter_olm-2.0.0/android/.cxx/Debug/611a6669/armeabi-v7a/android_gradle_build.json' was up-to-date
[        ] C/C++: /Users/florian/.pub-cache/hosted/pub.dev/flutter_olm-2.0.0/ios/CMakeLists.txt profile|armeabi-v7a : JSON generation completed without problems
[        ] C/C++: /Users/florian/.pub-cache/hosted/pub.dev/flutter_olm-2.0.0/ios/CMakeLists.txt profile|armeabi-v7a : Writing build model to /Users/florian/Code/substitution/build/flutter_olm/intermediates/cxx/Debug/611a6669/logs/armeabi-v7a/build_model.json
[        ] Resolve mutations for :flutter_olm:buildCMakeDebug[armeabi-v7a] (Thread[#41675,Execution worker Thread 11,5,main]) started.
[        ] :flutter_olm:buildCMakeDebug[armeabi-v7a] (Thread[#41675,Execution worker Thread 11,5,main]) started.
[        ] > Task :flutter_olm:buildCMakeDebug[armeabi-v7a]
[        ] Caching disabled for task ':flutter_olm:buildCMakeDebug[armeabi-v7a]' because:
[        ]   Build cache is disabled
[        ]   Caching has been disabled for the task
[        ] Task ':flutter_olm:buildCMakeDebug[armeabi-v7a]' is not up-to-date because:
[        ]   Task.upToDateWhen is false.
[        ] C/C++: starting build
[        ] C/C++: reading expected JSONs
[        ] C/C++: done reading expected JSONs
[        ] C/C++: executing build commands for targets that produce .so files or executables
[        ] C/C++: evaluate miniconfig
[        ] C/C++: evaluate library olm (armeabi-v7a)
[        ] C/C++: building target library olm because no targets are specified.
[        ] C/C++: about to build targets olm
[        ] C/C++: Build olm
[        ] C/C++: /Users/florian/Library/Android/sdk/cmake/3.22.1/bin/ninja \
[        ]   -C \
[        ]   /Users/florian/.pub-cache/hosted/pub.dev/flutter_olm-2.0.0/android/.cxx/Debug/611a6669/armeabi-v7a \
[        ]   olm
[        ] Starting process 'command '/Users/florian/Library/Android/sdk/cmake/3.22.1/bin/ninja''. Working directory: /Users/florian/.pub-cache/hosted/pub.dev/flutter_olm-2.0.0/android Command: /Users/florian/Library/Android/sdk/cmake/3.22.1/bin/ninja -C /Users/florian/.pub-cache/hosted/pub.dev/flutter_olm-2.0.0/android/.cxx/Debug/611a6669/armeabi-v7a olm
[        ] Successfully started process 'command '/Users/florian/Library/Android/sdk/cmake/3.22.1/bin/ninja''
[        ] C/C++: Received process result: 0
[        ] C/C++: check expected build outputs
[        ] C/C++: build complete
[        ] Resolve mutations for :flutter_olm:configureCMakeDebug[x86] (Thread[#41675,Execution worker Thread 11,5,main]) started.
[        ] :flutter_olm:configureCMakeDebug[x86] (Thread[#41675,Execution worker Thread 11,5,main]) started.
[        ] > Task :flutter_olm:configureCMakeDebug[x86]
[        ] Caching disabled for task ':flutter_olm:configureCMakeDebug[x86]' because:
[        ]   Build cache is disabled
[        ]   Caching has been disabled for the task
[        ] Task ':flutter_olm:configureCMakeDebug[x86]' is not up-to-date because:
[        ]   Task.upToDateWhen is false.
[        ] C/C++: /Users/florian/.pub-cache/hosted/pub.dev/flutter_olm-2.0.0/ios/CMakeLists.txt profile|x86 : Start JSON generation. Platform version: 21 min SDK version: x86
[        ] C/C++: /Users/florian/.pub-cache/hosted/pub.dev/flutter_olm-2.0.0/ios/CMakeLists.txt profile|x86 : JSON '/Users/florian/.pub-cache/hosted/pub.dev/flutter_olm-2.0.0/android/.cxx/Debug/611a6669/x86/android_gradle_build.json' was up-to-date
[        ] C/C++: /Users/florian/.pub-cache/hosted/pub.dev/flutter_olm-2.0.0/ios/CMakeLists.txt profile|x86 : JSON generation completed without problems
[        ] C/C++: /Users/florian/.pub-cache/hosted/pub.dev/flutter_olm-2.0.0/ios/CMakeLists.txt profile|x86 : Writing build model to /Users/florian/Code/substitution/build/flutter_olm/intermediates/cxx/Debug/611a6669/logs/x86/build_model.json
[        ] Resolve mutations for :flutter_olm:buildCMakeDebug[x86] (Thread[#41675,Execution worker Thread 11,5,main]) started.
[        ] :flutter_olm:buildCMakeDebug[x86] (Thread[#41675,Execution worker Thread 11,5,main]) started.
[        ] > Task :flutter_olm:buildCMakeDebug[x86]
[        ] Caching disabled for task ':flutter_olm:buildCMakeDebug[x86]' because:
[        ]   Build cache is disabled
[        ]   Caching has been disabled for the task
[        ] Task ':flutter_olm:buildCMakeDebug[x86]' is not up-to-date because:
[        ]   Task.upToDateWhen is false.
[        ] C/C++: starting build
[        ] C/C++: reading expected JSONs
[        ] C/C++: done reading expected JSONs
[        ] C/C++: executing build commands for targets that produce .so files or executables
[        ] C/C++: evaluate miniconfig
[        ] C/C++: evaluate library olm (x86)
[        ] C/C++: building target library olm because no targets are specified.
[        ] C/C++: about to build targets olm
[        ] C/C++: Build olm
[        ] C/C++: /Users/florian/Library/Android/sdk/cmake/3.22.1/bin/ninja \
[        ]   -C \
[        ]   /Users/florian/.pub-cache/hosted/pub.dev/flutter_olm-2.0.0/android/.cxx/Debug/611a6669/x86 \
[        ]   olm
[        ] Starting process 'command '/Users/florian/Library/Android/sdk/cmake/3.22.1/bin/ninja''. Working directory: /Users/florian/.pub-cache/hosted/pub.dev/flutter_olm-2.0.0/android Command: /Users/florian/Library/Android/sdk/cmake/3.22.1/bin/ninja -C /Users/florian/.pub-cache/hosted/pub.dev/flutter_olm-2.0.0/android/.cxx/Debug/611a6669/x86 olm
[        ] Successfully started process 'command '/Users/florian/Library/Android/sdk/cmake/3.22.1/bin/ninja''
[        ] C/C++: Received process result: 0
[        ] C/C++: check expected build outputs
[        ] C/C++: build complete
[        ] Resolve mutations for :flutter_olm:configureCMakeDebug[x86_64] (Thread[#41675,Execution worker Thread 11,5,main]) started.
[        ] :flutter_olm:configureCMakeDebug[x86_64] (Thread[#41675,Execution worker Thread 11,5,main]) started.
[        ] > Task :flutter_olm:configureCMakeDebug[x86_64]
[        ] Caching disabled for task ':flutter_olm:configureCMakeDebug[x86_64]' because:
[        ]   Build cache is disabled
[        ]   Caching has been disabled for the task
[        ] Task ':flutter_olm:configureCMakeDebug[x86_64]' is not up-to-date because:
[        ]   Task.upToDateWhen is false.
[        ] C/C++: /Users/florian/.pub-cache/hosted/pub.dev/flutter_olm-2.0.0/ios/CMakeLists.txt profile|x86_64 : Start JSON generation. Platform version: 21 min SDK version: x86_64
[        ] C/C++: /Users/florian/.pub-cache/hosted/pub.dev/flutter_olm-2.0.0/ios/CMakeLists.txt profile|x86_64 : JSON '/Users/florian/.pub-cache/hosted/pub.dev/flutter_olm-2.0.0/android/.cxx/Debug/611a6669/x86_64/android_gradle_build.json' was up-to-date
[        ] C/C++: /Users/florian/.pub-cache/hosted/pub.dev/flutter_olm-2.0.0/ios/CMakeLists.txt profile|x86_64 : JSON generation completed without problems
[        ] C/C++: /Users/florian/.pub-cache/hosted/pub.dev/flutter_olm-2.0.0/ios/CMakeLists.txt profile|x86_64 : Writing build model to /Users/florian/Code/substitution/build/flutter_olm/intermediates/cxx/Debug/611a6669/logs/x86_64/build_model.json
[        ] Resolve mutations for :flutter_olm:buildCMakeDebug[x86_64] (Thread[#41675,Execution worker Thread 11,5,main]) started.
[        ] :flutter_olm:buildCMakeDebug[x86_64] (Thread[#41675,Execution worker Thread 11,5,main]) started.
[        ] > Task :flutter_olm:buildCMakeDebug[x86_64]
[        ] Caching disabled for task ':flutter_olm:buildCMakeDebug[x86_64]' because:
[        ]   Build cache is disabled
[        ]   Caching has been disabled for the task
[        ] Task ':flutter_olm:buildCMakeDebug[x86_64]' is not up-to-date because:
[        ]   Task.upToDateWhen is false.
[        ] C/C++: starting build
[        ] C/C++: reading expected JSONs
[        ] C/C++: done reading expected JSONs
[        ] C/C++: executing build commands for targets that produce .so files or executables
[        ] C/C++: evaluate miniconfig
[        ] C/C++: evaluate library olm (x86_64)
[        ] C/C++: building target library olm because no targets are specified.
[        ] C/C++: about to build targets olm
[        ] C/C++: Build olm
[        ] C/C++: /Users/florian/Library/Android/sdk/cmake/3.22.1/bin/ninja \
[        ]   -C \
[        ]   /Users/florian/.pub-cache/hosted/pub.dev/flutter_olm-2.0.0/android/.cxx/Debug/611a6669/x86_64 \
[        ]   olm
[        ] Starting process 'command '/Users/florian/Library/Android/sdk/cmake/3.22.1/bin/ninja''. Working directory: /Users/florian/.pub-cache/hosted/pub.dev/flutter_olm-2.0.0/android Command: /Users/florian/Library/Android/sdk/cmake/3.22.1/bin/ninja -C /Users/florian/.pub-cache/hosted/pub.dev/flutter_olm-2.0.0/android/.cxx/Debug/611a6669/x86_64 olm
[        ] Successfully started process 'command '/Users/florian/Library/Android/sdk/cmake/3.22.1/bin/ninja''
[        ] C/C++: Received process result: 0
[        ] C/C++: check expected build outputs
[        ] C/C++: build complete
[        ] Resolve mutations for :flutter_olm:mergeDebugJniLibFolders (Thread[#41675,Execution worker Thread 11,5,main]) started.
[        ] :flutter_olm:mergeDebugJniLibFolders (Thread[#41675,Execution worker Thread 11,5,main]) started.
[        ] > Task :flutter_olm:mergeDebugJniLibFolders UP-TO-DATE
[        ] Caching disabled for task ':flutter_olm:mergeDebugJniLibFolders' because:
[        ]   Build cache is disabled
[        ]   Simple merging task
[        ] Skipping task ':flutter_olm:mergeDebugJniLibFolders' as it is up-to-date.
[        ] Resolve mutations for :flutter_olm:mergeDebugNativeLibs (Thread[#41675,Execution worker Thread 11,5,main]) started.
[        ] :flutter_olm:mergeDebugNativeLibs (Thread[#41675,Execution worker Thread 11,5,main]) started.
[        ] > Task :flutter_olm:mergeDebugNativeLibs UP-TO-DATE
[        ] Caching disabled for task ':flutter_olm:mergeDebugNativeLibs' because:
[        ]   Build cache is disabled
[        ]   Caching has been disabled for the task
[        ] Skipping task ':flutter_olm:mergeDebugNativeLibs' as it is up-to-date.
[        ] Resolve mutations for :flutter_olm:copyDebugJniLibsProjectOnly (Thread[#41675,Execution worker Thread 11,5,main]) started.
[        ] :flutter_olm:copyDebugJniLibsProjectOnly (Thread[#41675,Execution worker Thread 11,5,main]) started.
[        ] > Task :flutter_olm:copyDebugJniLibsProjectOnly UP-TO-DATE
[        ] Caching disabled for task ':flutter_olm:copyDebugJniLibsProjectOnly' because:
[        ]   Build cache is disabled
[        ]   Caching has been disabled for the task
[        ] Skipping task ':flutter_olm:copyDebugJniLibsProjectOnly' as it is up-to-date.
[        ] work action resolve jni (project :flutter_olm) (Thread[#41675,Execution worker Thread 11,5,main]) started.
[        ] Resolve mutations for :flutter_openssl_crypto:preProfileBuild (Thread[#41675,Execution worker Thread 11,5,main]) started.
[        ] :flutter_openssl_crypto:preProfileBuild (Thread[#41675,Execution worker Thread 11,5,main]) started.
[        ] > Task :flutter_openssl_crypto:preProfileBuild UP-TO-DATE
[        ] Skipping task ':flutter_openssl_crypto:preProfileBuild' as it has no actions.
[        ] Resolve mutations for :flutter_openssl_crypto:configureCMakeDebug[arm64-v8a] (Thread[#41675,Execution worker Thread 11,5,main]) started.
[        ] :flutter_openssl_crypto:configureCMakeDebug[arm64-v8a] (Thread[#41675,Execution worker Thread 11,5,main]) started.
[        ] > Task :flutter_openssl_crypto:configureCMakeDebug[arm64-v8a]
[        ] Caching disabled for task ':flutter_openssl_crypto:configureCMakeDebug[arm64-v8a]' because:
[        ]   Build cache is disabled
[        ]   Caching has been disabled for the task
[        ] Task ':flutter_openssl_crypto:configureCMakeDebug[arm64-v8a]' is not up-to-date because:
[        ]   Task.upToDateWhen is false.
[        ] C/C++: /Users/florian/.pub-cache/hosted/pub.dev/flutter_openssl_crypto-0.5.0/android/CMakeLists.txt profile|arm64-v8a : Start JSON generation. Platform version: 21 min SDK version: arm64-v8a
[        ] C/C++: /Users/florian/.pub-cache/hosted/pub.dev/flutter_openssl_crypto-0.5.0/android/CMakeLists.txt profile|arm64-v8a : JSON '/Users/florian/.pub-cache/hosted/pub.dev/flutter_openssl_crypto-0.5.0/android/.cxx/Debug/42n1p1e4/arm64-v8a/android_gradle_build.json' was up-to-date
[        ] C/C++: /Users/florian/.pub-cache/hosted/pub.dev/flutter_openssl_crypto-0.5.0/android/CMakeLists.txt profile|arm64-v8a : JSON generation completed without problems
[        ] C/C++: /Users/florian/.pub-cache/hosted/pub.dev/flutter_openssl_crypto-0.5.0/android/CMakeLists.txt profile|arm64-v8a : Writing build model to /Users/florian/Code/substitution/build/flutter_openssl_crypto/intermediates/cxx/Debug/42n1p1e4/logs/arm64-v8a/build_model.json
[        ] Resolve mutations for :flutter_openssl_crypto:buildCMakeDebug[arm64-v8a] (Thread[#41675,Execution worker Thread 11,5,main]) started.
[        ] :flutter_openssl_crypto:buildCMakeDebug[arm64-v8a] (Thread[#41675,Execution worker Thread 11,5,main]) started.
[  +96 ms] > Task :flutter_openssl_crypto:buildCMakeDebug[arm64-v8a]
[        ] Caching disabled for task ':flutter_openssl_crypto:buildCMakeDebug[arm64-v8a]' because:
[        ]   Build cache is disabled
[        ]   Caching has been disabled for the task
[        ] Task ':flutter_openssl_crypto:buildCMakeDebug[arm64-v8a]' is not up-to-date because:
[        ]   Task.upToDateWhen is false.
[        ] C/C++: starting build
[        ] C/C++: reading expected JSONs
[        ] C/C++: done reading expected JSONs
[        ] C/C++: executing build commands for targets that produce .so files or executables
[        ] C/C++: evaluate miniconfig
[        ] C/C++: evaluate library flutter_openssl_crypto (arm64-v8a)
[        ] C/C++: building target library flutter_openssl_crypto because no targets are specified.
[        ] C/C++: about to build targets flutter_openssl_crypto
[        ] C/C++: Build flutter_openssl_crypto
[        ] C/C++: /Users/florian/Library/Android/sdk/cmake/3.22.1/bin/ninja \
[        ]   -C \
[        ]   /Users/florian/.pub-cache/hosted/pub.dev/flutter_openssl_crypto-0.5.0/android/.cxx/Debug/42n1p1e4/arm64-v8a \
[        ]   flutter_openssl_crypto
[        ] Starting process 'command '/Users/florian/Library/Android/sdk/cmake/3.22.1/bin/ninja''. Working directory: /Users/florian/.pub-cache/hosted/pub.dev/flutter_openssl_crypto-0.5.0/android Command: /Users/florian/Library/Android/sdk/cmake/3.22.1/bin/ninja -C /Users/florian/.pub-cache/hosted/pub.dev/flutter_openssl_crypto-0.5.0/android/.cxx/Debug/42n1p1e4/arm64-v8a flutter_openssl_crypto
[        ] Successfully started process 'command '/Users/florian/Library/Android/sdk/cmake/3.22.1/bin/ninja''
[        ] C/C++: Received process result: 0
[        ] C/C++: check expected build outputs
[        ] C/C++: build complete
[        ] Resolve mutations for :flutter_openssl_crypto:configureCMakeDebug[armeabi-v7a] (Thread[#41675,Execution worker Thread 11,5,main]) started.
[        ] :flutter_openssl_crypto:configureCMakeDebug[armeabi-v7a] (Thread[#41675,Execution worker Thread 11,5,main]) started.
[        ] > Task :flutter_openssl_crypto:configureCMakeDebug[armeabi-v7a]
[        ] Caching disabled for task ':flutter_openssl_crypto:configureCMakeDebug[armeabi-v7a]' because:
[        ]   Build cache is disabled
[        ]   Caching has been disabled for the task
[        ] Task ':flutter_openssl_crypto:configureCMakeDebug[armeabi-v7a]' is not up-to-date because:
[        ]   Task.upToDateWhen is false.
[        ] C/C++: /Users/florian/.pub-cache/hosted/pub.dev/flutter_openssl_crypto-0.5.0/android/CMakeLists.txt profile|armeabi-v7a : Start JSON generation. Platform version: 21 min SDK version: armeabi-v7a
[        ] C/C++: /Users/florian/.pub-cache/hosted/pub.dev/flutter_openssl_crypto-0.5.0/android/CMakeLists.txt profile|armeabi-v7a : JSON '/Users/florian/.pub-cache/hosted/pub.dev/flutter_openssl_crypto-0.5.0/android/.cxx/Debug/42n1p1e4/armeabi-v7a/android_gradle_build.json' was up-to-date
[        ] C/C++: /Users/florian/.pub-cache/hosted/pub.dev/flutter_openssl_crypto-0.5.0/android/CMakeLists.txt profile|armeabi-v7a : JSON generation completed without problems
[        ] C/C++: /Users/florian/.pub-cache/hosted/pub.dev/flutter_openssl_crypto-0.5.0/android/CMakeLists.txt profile|armeabi-v7a : Writing build model to /Users/florian/Code/substitution/build/flutter_openssl_crypto/intermediates/cxx/Debug/42n1p1e4/logs/armeabi-v7a/build_model.json
[        ] Resolve mutations for :flutter_openssl_crypto:buildCMakeDebug[armeabi-v7a] (Thread[#41675,Execution worker Thread 11,5,main]) started.
[        ] :flutter_openssl_crypto:buildCMakeDebug[armeabi-v7a] (Thread[#41675,Execution worker Thread 11,5,main]) started.
[        ] > Task :flutter_openssl_crypto:buildCMakeDebug[armeabi-v7a]
[        ] Caching disabled for task ':flutter_openssl_crypto:buildCMakeDebug[armeabi-v7a]' because:
[        ]   Build cache is disabled
[        ]   Caching has been disabled for the task
[        ] Task ':flutter_openssl_crypto:buildCMakeDebug[armeabi-v7a]' is not up-to-date because:
[        ]   Task.upToDateWhen is false.
[        ] C/C++: starting build
[        ] C/C++: reading expected JSONs
[        ] C/C++: done reading expected JSONs
[        ] C/C++: executing build commands for targets that produce .so files or executables
[        ] C/C++: evaluate miniconfig
[        ] C/C++: evaluate library flutter_openssl_crypto (armeabi-v7a)
[        ] C/C++: building target library flutter_openssl_crypto because no targets are specified.
[        ] C/C++: about to build targets flutter_openssl_crypto
[        ] C/C++: Build flutter_openssl_crypto
[        ] C/C++: /Users/florian/Library/Android/sdk/cmake/3.22.1/bin/ninja \
[        ]   -C \
[        ]   /Users/florian/.pub-cache/hosted/pub.dev/flutter_openssl_crypto-0.5.0/android/.cxx/Debug/42n1p1e4/armeabi-v7a \
[        ]   flutter_openssl_crypto
[        ] Starting process 'command '/Users/florian/Library/Android/sdk/cmake/3.22.1/bin/ninja''. Working directory: /Users/florian/.pub-cache/hosted/pub.dev/flutter_openssl_crypto-0.5.0/android Command: /Users/florian/Library/Android/sdk/cmake/3.22.1/bin/ninja -C /Users/florian/.pub-cache/hosted/pub.dev/flutter_openssl_crypto-0.5.0/android/.cxx/Debug/42n1p1e4/armeabi-v7a flutter_openssl_crypto
[        ] Successfully started process 'command '/Users/florian/Library/Android/sdk/cmake/3.22.1/bin/ninja''
[        ] C/C++: Received process result: 0
[        ] C/C++: check expected build outputs
[        ] C/C++: build complete
[        ] Resolve mutations for :flutter_openssl_crypto:configureCMakeDebug[x86] (Thread[#41675,Execution worker Thread 11,5,main]) started.
[        ] :flutter_openssl_crypto:configureCMakeDebug[x86] (Thread[#41675,Execution worker Thread 11,5,main]) started.
[        ] > Task :flutter_openssl_crypto:configureCMakeDebug[x86]
[        ] Caching disabled for task ':flutter_openssl_crypto:configureCMakeDebug[x86]' because:
[        ]   Build cache is disabled
[        ]   Caching has been disabled for the task
[        ] Task ':flutter_openssl_crypto:configureCMakeDebug[x86]' is not up-to-date because:
[        ]   Task.upToDateWhen is false.
[        ] C/C++: /Users/florian/.pub-cache/hosted/pub.dev/flutter_openssl_crypto-0.5.0/android/CMakeLists.txt profile|x86 : Start JSON generation. Platform version: 21 min SDK version: x86
[        ] C/C++: /Users/florian/.pub-cache/hosted/pub.dev/flutter_openssl_crypto-0.5.0/android/CMakeLists.txt profile|x86 : JSON '/Users/florian/.pub-cache/hosted/pub.dev/flutter_openssl_crypto-0.5.0/android/.cxx/Debug/42n1p1e4/x86/android_gradle_build.json' was up-to-date
[        ] C/C++: /Users/florian/.pub-cache/hosted/pub.dev/flutter_openssl_crypto-0.5.0/android/CMakeLists.txt profile|x86 : JSON generation completed without problems
[        ] C/C++: /Users/florian/.pub-cache/hosted/pub.dev/flutter_openssl_crypto-0.5.0/android/CMakeLists.txt profile|x86 : Writing build model to /Users/florian/Code/substitution/build/flutter_openssl_crypto/intermediates/cxx/Debug/42n1p1e4/logs/x86/build_model.json
[        ] Resolve mutations for :flutter_openssl_crypto:buildCMakeDebug[x86] (Thread[#41675,Execution worker Thread 11,5,main]) started.
[        ] :flutter_openssl_crypto:buildCMakeDebug[x86] (Thread[#41675,Execution worker Thread 11,5,main]) started.
[        ] > Task :flutter_openssl_crypto:buildCMakeDebug[x86]
[        ] Caching disabled for task ':flutter_openssl_crypto:buildCMakeDebug[x86]' because:
[        ]   Build cache is disabled
[        ]   Caching has been disabled for the task
[        ] Task ':flutter_openssl_crypto:buildCMakeDebug[x86]' is not up-to-date because:
[        ]   Task.upToDateWhen is false.
[        ] C/C++: starting build
[        ] C/C++: reading expected JSONs
[        ] C/C++: done reading expected JSONs
[        ] C/C++: executing build commands for targets that produce .so files or executables
[        ] C/C++: evaluate miniconfig
[        ] C/C++: evaluate library flutter_openssl_crypto (x86)
[        ] C/C++: building target library flutter_openssl_crypto because no targets are specified.
[        ] C/C++: about to build targets flutter_openssl_crypto
[        ] C/C++: Build flutter_openssl_crypto
[        ] C/C++: /Users/florian/Library/Android/sdk/cmake/3.22.1/bin/ninja \
[        ]   -C \
[        ]   /Users/florian/.pub-cache/hosted/pub.dev/flutter_openssl_crypto-0.5.0/android/.cxx/Debug/42n1p1e4/x86 \
[        ]   flutter_openssl_crypto
[        ] Starting process 'command '/Users/florian/Library/Android/sdk/cmake/3.22.1/bin/ninja''. Working directory: /Users/florian/.pub-cache/hosted/pub.dev/flutter_openssl_crypto-0.5.0/android Command: /Users/florian/Library/Android/sdk/cmake/3.22.1/bin/ninja -C /Users/florian/.pub-cache/hosted/pub.dev/flutter_openssl_crypto-0.5.0/android/.cxx/Debug/42n1p1e4/x86 flutter_openssl_crypto
[        ] Successfully started process 'command '/Users/florian/Library/Android/sdk/cmake/3.22.1/bin/ninja''
[        ] C/C++: Received process result: 0
[        ] C/C++: check expected build outputs
[        ] C/C++: build complete
[        ] Resolve mutations for :flutter_openssl_crypto:configureCMakeDebug[x86_64] (Thread[#41675,Execution worker Thread 11,5,main]) started.
[        ] :flutter_openssl_crypto:configureCMakeDebug[x86_64] (Thread[#41675,Execution worker Thread 11,5,main]) started.
[        ] > Task :flutter_openssl_crypto:configureCMakeDebug[x86_64]
[        ] Caching disabled for task ':flutter_openssl_crypto:configureCMakeDebug[x86_64]' because:
[        ]   Build cache is disabled
[        ]   Caching has been disabled for the task
[        ] Task ':flutter_openssl_crypto:configureCMakeDebug[x86_64]' is not up-to-date because:
[        ]   Task.upToDateWhen is false.
[        ] C/C++: /Users/florian/.pub-cache/hosted/pub.dev/flutter_openssl_crypto-0.5.0/android/CMakeLists.txt profile|x86_64 : Start JSON generation. Platform version: 21 min SDK version: x86_64
[        ] C/C++: /Users/florian/.pub-cache/hosted/pub.dev/flutter_openssl_crypto-0.5.0/android/CMakeLists.txt profile|x86_64 : JSON '/Users/florian/.pub-cache/hosted/pub.dev/flutter_openssl_crypto-0.5.0/android/.cxx/Debug/42n1p1e4/x86_64/android_gradle_build.json' was up-to-date
[        ] C/C++: /Users/florian/.pub-cache/hosted/pub.dev/flutter_openssl_crypto-0.5.0/android/CMakeLists.txt profile|x86_64 : JSON generation completed without problems
[        ] C/C++: /Users/florian/.pub-cache/hosted/pub.dev/flutter_openssl_crypto-0.5.0/android/CMakeLists.txt profile|x86_64 : Writing build model to /Users/florian/Code/substitution/build/flutter_openssl_crypto/intermediates/cxx/Debug/42n1p1e4/logs/x86_64/build_model.json
[        ] Resolve mutations for :flutter_openssl_crypto:buildCMakeDebug[x86_64] (Thread[#41675,Execution worker Thread 11,5,main]) started.
[        ] :flutter_openssl_crypto:buildCMakeDebug[x86_64] (Thread[#41675,Execution worker Thread 11,5,main]) started.
[        ] > Task :flutter_openssl_crypto:buildCMakeDebug[x86_64]
[        ] Caching disabled for task ':flutter_openssl_crypto:buildCMakeDebug[x86_64]' because:
[        ]   Build cache is disabled
[        ]   Caching has been disabled for the task
[        ] Task ':flutter_openssl_crypto:buildCMakeDebug[x86_64]' is not up-to-date because:
[        ]   Task.upToDateWhen is false.
[        ] C/C++: starting build
[        ] C/C++: reading expected JSONs
[        ] C/C++: done reading expected JSONs
[        ] C/C++: executing build commands for targets that produce .so files or executables
[        ] C/C++: evaluate miniconfig
[        ] C/C++: evaluate library flutter_openssl_crypto (x86_64)
[        ] C/C++: building target library flutter_openssl_crypto because no targets are specified.
[        ] C/C++: about to build targets flutter_openssl_crypto
[        ] C/C++: Build flutter_openssl_crypto
[        ] C/C++: /Users/florian/Library/Android/sdk/cmake/3.22.1/bin/ninja \
[        ]   -C \
[        ]   /Users/florian/.pub-cache/hosted/pub.dev/flutter_openssl_crypto-0.5.0/android/.cxx/Debug/42n1p1e4/x86_64 \
[        ]   flutter_openssl_crypto
[        ] Starting process 'command '/Users/florian/Library/Android/sdk/cmake/3.22.1/bin/ninja''. Working directory: /Users/florian/.pub-cache/hosted/pub.dev/flutter_openssl_crypto-0.5.0/android Command: /Users/florian/Library/Android/sdk/cmake/3.22.1/bin/ninja -C /Users/florian/.pub-cache/hosted/pub.dev/flutter_openssl_crypto-0.5.0/android/.cxx/Debug/42n1p1e4/x86_64 flutter_openssl_crypto
[        ] Successfully started process 'command '/Users/florian/Library/Android/sdk/cmake/3.22.1/bin/ninja''
[        ] C/C++: Received process result: 0
[        ] C/C++: check expected build outputs
[        ] C/C++: build complete
[        ] Resolve mutations for :flutter_openssl_crypto:mergeDebugJniLibFolders (Thread[#41675,Execution worker Thread 11,5,main]) started.
[        ] :flutter_openssl_crypto:mergeDebugJniLibFolders (Thread[#41675,Execution worker Thread 11,5,main]) started.
[        ] > Task :flutter_openssl_crypto:mergeDebugJniLibFolders UP-TO-DATE
[        ] Caching disabled for task ':flutter_openssl_crypto:mergeDebugJniLibFolders' because:
[        ]   Build cache is disabled
[        ]   Simple merging task
[        ] Skipping task ':flutter_openssl_crypto:mergeDebugJniLibFolders' as it is up-to-date.
[        ] Resolve mutations for :flutter_openssl_crypto:mergeDebugNativeLibs (Thread[#41675,Execution worker Thread 11,5,main]) started.
[        ] :flutter_openssl_crypto:mergeDebugNativeLibs (Thread[#41675,Execution worker Thread 11,5,main]) started.
[        ] > Task :flutter_openssl_crypto:mergeDebugNativeLibs UP-TO-DATE
[        ] Caching disabled for task ':flutter_openssl_crypto:mergeDebugNativeLibs' because:
[        ]   Build cache is disabled
[        ]   Caching has been disabled for the task
[        ] Skipping task ':flutter_openssl_crypto:mergeDebugNativeLibs' as it is up-to-date.
[        ] Resolve mutations for :flutter_openssl_crypto:copyDebugJniLibsProjectOnly (Thread[#41675,Execution worker Thread 11,5,main]) started.
[        ] :flutter_openssl_crypto:copyDebugJniLibsProjectOnly (Thread[#41692,Execution worker Thread 28,5,main]) started.
[        ] > Task :flutter_openssl_crypto:copyDebugJniLibsProjectOnly UP-TO-DATE
[        ] Caching disabled for task ':flutter_openssl_crypto:copyDebugJniLibsProjectOnly' because:
[        ]   Build cache is disabled
[        ]   Caching has been disabled for the task
[        ] Skipping task ':flutter_openssl_crypto:copyDebugJniLibsProjectOnly' as it is up-to-date.
[        ] work action resolve jni (project :flutter_openssl_crypto) (Thread[#41692,Execution worker Thread 28,5,main]) started.
[        ] Resolve mutations for :integration_test:mergeDebugJniLibFolders (Thread[#41692,Execution worker Thread 28,5,main]) started.
[        ] :integration_test:mergeDebugJniLibFolders (Thread[#41692,Execution worker Thread 28,5,main]) started.
[        ] > Task :integration_test:mergeDebugJniLibFolders UP-TO-DATE
[        ] Caching disabled for task ':integration_test:mergeDebugJniLibFolders' because:
[        ]   Build cache is disabled
[        ]   Simple merging task
[        ] Skipping task ':integration_test:mergeDebugJniLibFolders' as it is up-to-date.
[        ] Resolve mutations for :integration_test:mergeDebugNativeLibs (Thread[#41692,Execution worker Thread 28,5,main]) started.
[        ] :integration_test:mergeDebugNativeLibs (Thread[#41692,Execution worker Thread 28,5,main]) started.
[        ] > Task :integration_test:mergeDebugNativeLibs NO-SOURCE
[        ] Skipping task ':integration_test:mergeDebugNativeLibs' as it has no source files and no previous output files.
[        ] Resolve mutations for :integration_test:copyDebugJniLibsProjectOnly (Thread[#41692,Execution worker Thread 28,5,main]) started.
[        ] :integration_test:copyDebugJniLibsProjectOnly (Thread[#41692,Execution worker Thread 28,5,main]) started.
[        ] > Task :integration_test:copyDebugJniLibsProjectOnly UP-TO-DATE
[        ] Caching disabled for task ':integration_test:copyDebugJniLibsProjectOnly' because:
[        ]   Build cache is disabled
[        ]   Caching has been disabled for the task
[        ] Skipping task ':integration_test:copyDebugJniLibsProjectOnly' as it is up-to-date.
[        ] work action resolve jni (project :integration_test) (Thread[#41692,Execution worker Thread 28,5,main]) started.
[        ] Resolve mutations for :path_provider_android:mergeDebugJniLibFolders (Thread[#41692,Execution worker Thread 28,5,main]) started.
[        ] :path_provider_android:mergeDebugJniLibFolders (Thread[#41692,Execution worker Thread 28,5,main]) started.
[        ] > Task :path_provider_android:mergeDebugJniLibFolders UP-TO-DATE
[        ] Caching disabled for task ':path_provider_android:mergeDebugJniLibFolders' because:
[        ]   Build cache is disabled
[        ]   Simple merging task
[        ] Skipping task ':path_provider_android:mergeDebugJniLibFolders' as it is up-to-date.
[        ] Resolve mutations for :path_provider_android:mergeDebugNativeLibs (Thread[#41692,Execution worker Thread 28,5,main]) started.
[        ] :path_provider_android:mergeDebugNativeLibs (Thread[#41692,Execution worker Thread 28,5,main]) started.
[        ] > Task :path_provider_android:mergeDebugNativeLibs NO-SOURCE
[        ] Skipping task ':path_provider_android:mergeDebugNativeLibs' as it has no source files and no previous output files.
[        ] Resolve mutations for :path_provider_android:copyDebugJniLibsProjectOnly (Thread[#41692,Execution worker Thread 28,5,main]) started.
[        ] :path_provider_android:copyDebugJniLibsProjectOnly (Thread[#41692,Execution worker Thread 28,5,main]) started.
[        ] > Task :path_provider_android:copyDebugJniLibsProjectOnly UP-TO-DATE
[        ] Caching disabled for task ':path_provider_android:copyDebugJniLibsProjectOnly' because:
[        ]   Build cache is disabled
[        ]   Caching has been disabled for the task
[        ] Skipping task ':path_provider_android:copyDebugJniLibsProjectOnly' as it is up-to-date.
[        ] work action resolve jni (project :path_provider_android) (Thread[#41692,Execution worker Thread 28,5,main]) started.
[        ] Resolve mutations for :quill_native_bridge_android:mergeDebugJniLibFolders (Thread[#41692,Execution worker Thread 28,5,main]) started.
[        ] :quill_native_bridge_android:mergeDebugJniLibFolders (Thread[#41692,Execution worker Thread 28,5,main]) started.
[        ] > Task :quill_native_bridge_android:mergeDebugJniLibFolders UP-TO-DATE
[        ] Caching disabled for task ':quill_native_bridge_android:mergeDebugJniLibFolders' because:
[        ]   Build cache is disabled
[        ]   Simple merging task
[        ] Skipping task ':quill_native_bridge_android:mergeDebugJniLibFolders' as it is up-to-date.
[        ] Resolve mutations for :quill_native_bridge_android:mergeDebugNativeLibs (Thread[#41692,Execution worker Thread 28,5,main]) started.
[        ] :quill_native_bridge_android:mergeDebugNativeLibs (Thread[#41692,Execution worker Thread 28,5,main]) started.
[        ] > Task :quill_native_bridge_android:mergeDebugNativeLibs NO-SOURCE
[        ] Skipping task ':quill_native_bridge_android:mergeDebugNativeLibs' as it has no source files and no previous output files.
[        ] Resolve mutations for :quill_native_bridge_android:copyDebugJniLibsProjectOnly (Thread[#41692,Execution worker Thread 28,5,main]) started.
[        ] :quill_native_bridge_android:copyDebugJniLibsProjectOnly (Thread[#41692,Execution worker Thread 28,5,main]) started.
[        ] > Task :quill_native_bridge_android:copyDebugJniLibsProjectOnly UP-TO-DATE
[        ] Caching disabled for task ':quill_native_bridge_android:copyDebugJniLibsProjectOnly' because:
[        ]   Build cache is disabled
[        ]   Caching has been disabled for the task
[        ] Skipping task ':quill_native_bridge_android:copyDebugJniLibsProjectOnly' as it is up-to-date.
[        ] work action resolve jni (project :quill_native_bridge_android) (Thread[#41692,Execution worker Thread 28,5,main]) started.
[        ] Resolve mutations for :shared_preferences_android:mergeDebugJniLibFolders (Thread[#41692,Execution worker Thread 28,5,main]) started.
[        ] :shared_preferences_android:mergeDebugJniLibFolders (Thread[#41692,Execution worker Thread 28,5,main]) started.
[        ] > Task :shared_preferences_android:mergeDebugJniLibFolders UP-TO-DATE
[        ] Caching disabled for task ':shared_preferences_android:mergeDebugJniLibFolders' because:
[        ]   Build cache is disabled
[        ]   Simple merging task
[        ] Skipping task ':shared_preferences_android:mergeDebugJniLibFolders' as it is up-to-date.
[        ] Resolve mutations for :shared_preferences_android:mergeDebugNativeLibs (Thread[#41692,Execution worker Thread 28,5,main]) started.
[        ] :shared_preferences_android:mergeDebugNativeLibs (Thread[#41692,Execution worker Thread 28,5,main]) started.
[        ] > Task :shared_preferences_android:mergeDebugNativeLibs NO-SOURCE
[        ] Skipping task ':shared_preferences_android:mergeDebugNativeLibs' as it has no source files and no previous output files.
[        ] Resolve mutations for :shared_preferences_android:copyDebugJniLibsProjectOnly (Thread[#41692,Execution worker Thread 28,5,main]) started.
[        ] :shared_preferences_android:copyDebugJniLibsProjectOnly (Thread[#41692,Execution worker Thread 28,5,main]) started.
[        ] > Task :shared_preferences_android:copyDebugJniLibsProjectOnly UP-TO-DATE
[        ] Caching disabled for task ':shared_preferences_android:copyDebugJniLibsProjectOnly' because:
[        ]   Build cache is disabled
[        ]   Caching has been disabled for the task
[        ] Skipping task ':shared_preferences_android:copyDebugJniLibsProjectOnly' as it is up-to-date.
[        ] work action resolve jni (project :shared_preferences_android) (Thread[#41692,Execution worker Thread 28,5,main]) started.
[        ] Resolve mutations for :sqflite_android:mergeDebugJniLibFolders (Thread[#41692,Execution worker Thread 28,5,main]) started.
[        ] :sqflite_android:mergeDebugJniLibFolders (Thread[#41692,Execution worker Thread 28,5,main]) started.
[        ] > Task :sqflite_android:mergeDebugJniLibFolders UP-TO-DATE
[        ] Caching disabled for task ':sqflite_android:mergeDebugJniLibFolders' because:
[        ]   Build cache is disabled
[        ]   Simple merging task
[        ] Skipping task ':sqflite_android:mergeDebugJniLibFolders' as it is up-to-date.
[        ] Resolve mutations for :sqflite_android:mergeDebugNativeLibs (Thread[#41692,Execution worker Thread 28,5,main]) started.
[        ] :sqflite_android:mergeDebugNativeLibs (Thread[#41692,Execution worker Thread 28,5,main]) started.
[        ] > Task :sqflite_android:mergeDebugNativeLibs NO-SOURCE
[        ] Skipping task ':sqflite_android:mergeDebugNativeLibs' as it has no source files and no previous output files.
[        ] Resolve mutations for :sqflite_android:copyDebugJniLibsProjectOnly (Thread[#41692,Execution worker Thread 28,5,main]) started.
[        ] :sqflite_android:copyDebugJniLibsProjectOnly (Thread[#41692,Execution worker Thread 28,5,main]) started.
[        ] > Task :sqflite_android:copyDebugJniLibsProjectOnly UP-TO-DATE
[        ] Caching disabled for task ':sqflite_android:copyDebugJniLibsProjectOnly' because:
[        ]   Build cache is disabled
[        ]   Caching has been disabled for the task
[        ] Skipping task ':sqflite_android:copyDebugJniLibsProjectOnly' as it is up-to-date.
[        ] work action resolve jni (project :sqflite_android) (Thread[#41692,Execution worker Thread 28,5,main]) started.
[        ] Resolve mutations for :url_launcher_android:mergeDebugJniLibFolders (Thread[#41692,Execution worker Thread 28,5,main]) started.
[        ] :url_launcher_android:mergeDebugJniLibFolders (Thread[#41692,Execution worker Thread 28,5,main]) started.
[        ] > Task :url_launcher_android:mergeDebugJniLibFolders UP-TO-DATE
[        ] Caching disabled for task ':url_launcher_android:mergeDebugJniLibFolders' because:
[        ]   Build cache is disabled
[        ]   Simple merging task
[        ] Skipping task ':url_launcher_android:mergeDebugJniLibFolders' as it is up-to-date.
[        ] Resolve mutations for :url_launcher_android:mergeDebugNativeLibs (Thread[#41692,Execution worker Thread 28,5,main]) started.
[        ] :url_launcher_android:mergeDebugNativeLibs (Thread[#41692,Execution worker Thread 28,5,main]) started.
[        ] > Task :url_launcher_android:mergeDebugNativeLibs NO-SOURCE
[        ] Skipping task ':url_launcher_android:mergeDebugNativeLibs' as it has no source files and no previous output files.
[        ] Resolve mutations for :url_launcher_android:copyDebugJniLibsProjectOnly (Thread[#41692,Execution worker Thread 28,5,main]) started.
[        ] :url_launcher_android:copyDebugJniLibsProjectOnly (Thread[#41692,Execution worker Thread 28,5,main]) started.
[        ] > Task :url_launcher_android:copyDebugJniLibsProjectOnly UP-TO-DATE
[        ] Caching disabled for task ':url_launcher_android:copyDebugJniLibsProjectOnly' because:
[        ]   Build cache is disabled
[        ]   Caching has been disabled for the task
[        ] Skipping task ':url_launcher_android:copyDebugJniLibsProjectOnly' as it is up-to-date.
[        ] work action resolve jni (project :url_launcher_android) (Thread[#41692,Execution worker Thread 28,5,main]) started.
[        ] Resolve mutations for :video_player_android:mergeDebugJniLibFolders (Thread[#41692,Execution worker Thread 28,5,main]) started.
[        ] :video_player_android:mergeDebugJniLibFolders (Thread[#41692,Execution worker Thread 28,5,main]) started.
[        ] > Task :video_player_android:mergeDebugJniLibFolders UP-TO-DATE
[        ] Caching disabled for task ':video_player_android:mergeDebugJniLibFolders' because:
[        ]   Build cache is disabled
[        ]   Simple merging task
[        ] Skipping task ':video_player_android:mergeDebugJniLibFolders' as it is up-to-date.
[        ] Resolve mutations for :video_player_android:mergeDebugNativeLibs (Thread[#41692,Execution worker Thread 28,5,main]) started.
[        ] :video_player_android:mergeDebugNativeLibs (Thread[#41692,Execution worker Thread 28,5,main]) started.
[        ] > Task :video_player_android:mergeDebugNativeLibs NO-SOURCE
[        ] Skipping task ':video_player_android:mergeDebugNativeLibs' as it has no source files and no previous output files.
[        ] Resolve mutations for :video_player_android:copyDebugJniLibsProjectOnly (Thread[#41692,Execution worker Thread 28,5,main]) started.
[        ] :video_player_android:copyDebugJniLibsProjectOnly (Thread[#41692,Execution worker Thread 28,5,main]) started.
[        ] > Task :video_player_android:copyDebugJniLibsProjectOnly UP-TO-DATE
[        ] Caching disabled for task ':video_player_android:copyDebugJniLibsProjectOnly' because:
[        ]   Build cache is disabled
[        ]   Caching has been disabled for the task
[        ] Skipping task ':video_player_android:copyDebugJniLibsProjectOnly' as it is up-to-date.
[        ] work action resolve jni (project :video_player_android) (Thread[#41692,Execution worker Thread 28,5,main]) started.
[        ] Resolve mutations for :app:mergeDebugNativeLibs (Thread[#41692,Execution worker Thread 28,5,main]) started.
[        ] :app:mergeDebugNativeLibs (Thread[#41692,Execution worker Thread 28,5,main]) started.
[        ] > Task :app:mergeDebugNativeLibs UP-TO-DATE
[        ] Caching disabled for task ':app:mergeDebugNativeLibs' because:
[        ]   Build cache is disabled
[        ]   Caching has been disabled for the task
[        ] Skipping task ':app:mergeDebugNativeLibs' as it is up-to-date.
[        ] Resolve mutations for :app:stripDebugDebugSymbols (Thread[#41692,Execution worker Thread 28,5,main]) started.
[        ] :app:stripDebugDebugSymbols (Thread[#41692,Execution worker Thread 28,5,main]) started.
[        ] > Task :app:stripDebugDebugSymbols UP-TO-DATE
[        ] Caching disabled for task ':app:stripDebugDebugSymbols' because:
[        ]   Build cache is disabled
[        ]   Caching has been disabled for the task
[        ] Skipping task ':app:stripDebugDebugSymbols' as it is up-to-date.
[        ] Resolve mutations for :app:validateSigningDebug (Thread[#41692,Execution worker Thread 28,5,main]) started.
[        ] :app:validateSigningDebug (Thread[#41692,Execution worker Thread 28,5,main]) started.
[        ] > Task :app:validateSigningDebug UP-TO-DATE
[        ] Caching disabled for task ':app:validateSigningDebug' because:
[        ]   Build cache is disabled
[        ]   Caching has been disabled for the task
[        ] Skipping task ':app:validateSigningDebug' as it is up-to-date.
[        ] Resolve mutations for :app:writeDebugAppMetadata (Thread[#41692,Execution worker Thread 28,5,main]) started.
[        ] :app:writeDebugAppMetadata (Thread[#41692,Execution worker Thread 28,5,main]) started.
[        ] > Task :app:writeDebugAppMetadata UP-TO-DATE
[        ] Caching disabled for task ':app:writeDebugAppMetadata' because:
[        ]   Build cache is disabled
[        ]   Caching has been disabled for the task
[        ] Skipping task ':app:writeDebugAppMetadata' as it is up-to-date.
[        ] Resolve mutations for :app:writeDebugSigningConfigVersions (Thread[#41692,Execution worker Thread 28,5,main]) started.
[        ] :app:writeDebugSigningConfigVersions (Thread[#41692,Execution worker Thread 28,5,main]) started.
[        ] > Task :app:writeDebugSigningConfigVersions UP-TO-DATE
[        ] Caching disabled for task ':app:writeDebugSigningConfigVersions' because:
[        ]   Build cache is disabled
[        ]   Caching has been disabled for the task
[        ] Skipping task ':app:writeDebugSigningConfigVersions' as it is up-to-date.
[        ] Resolve mutations for :connectivity_plus:stripDebugDebugSymbols (Thread[#41692,Execution worker Thread 28,5,main]) started.
[        ] :connectivity_plus:stripDebugDebugSymbols (Thread[#41692,Execution worker Thread 28,5,main]) started.
[        ] > Task :connectivity_plus:stripDebugDebugSymbols NO-SOURCE
[        ] Skipping task ':connectivity_plus:stripDebugDebugSymbols' as it has no source files and no previous output files.
[        ] Resolve mutations for :connectivity_plus:copyDebugJniLibsProjectAndLocalJars (Thread[#41692,Execution worker Thread 28,5,main]) started.
[        ] :connectivity_plus:copyDebugJniLibsProjectAndLocalJars (Thread[#41692,Execution worker Thread 28,5,main]) started.
[        ] > Task :connectivity_plus:copyDebugJniLibsProjectAndLocalJars UP-TO-DATE
[        ] Caching disabled for task ':connectivity_plus:copyDebugJniLibsProjectAndLocalJars' because:
[        ]   Build cache is disabled
[        ]   Caching has been disabled for the task
[        ] Skipping task ':connectivity_plus:copyDebugJniLibsProjectAndLocalJars' as it is up-to-date.
[        ] Resolve mutations for :connectivity_plus:extractDebugAnnotations (Thread[#41692,Execution worker Thread 28,5,main]) started.
[        ] :connectivity_plus:extractDebugAnnotations (Thread[#41692,Execution worker Thread 28,5,main]) started.
[        ] > Task :connectivity_plus:extractDebugAnnotations UP-TO-DATE
[        ] Caching disabled for task ':connectivity_plus:extractDebugAnnotations' because:
[        ]   Build cache is disabled
[        ] Skipping task ':connectivity_plus:extractDebugAnnotations' as it is up-to-date.
[        ] Resolve mutations for :connectivity_plus:extractDeepLinksForAarDebug (Thread[#41692,Execution worker Thread 28,5,main]) started.
[        ] :connectivity_plus:extractDeepLinksForAarDebug (Thread[#41692,Execution worker Thread 28,5,main]) started.
[        ] > Task :connectivity_plus:extractDeepLinksForAarDebug UP-TO-DATE
[        ] Caching disabled for task ':connectivity_plus:extractDeepLinksForAarDebug' because:
[        ]   Build cache is disabled
[        ] Skipping task ':connectivity_plus:extractDeepLinksForAarDebug' as it is up-to-date.
[        ] Resolve mutations for :connectivity_plus:mergeDebugGeneratedProguardFiles (Thread[#41692,Execution worker Thread 28,5,main]) started.
[        ] :connectivity_plus:mergeDebugGeneratedProguardFiles (Thread[#41692,Execution worker Thread 28,5,main]) started.
[        ] > Task :connectivity_plus:mergeDebugGeneratedProguardFiles UP-TO-DATE
[        ] Caching disabled for task ':connectivity_plus:mergeDebugGeneratedProguardFiles' because:
[        ]   Build cache is disabled
[        ]   Simple merging task
[        ] Skipping task ':connectivity_plus:mergeDebugGeneratedProguardFiles' as it is up-to-date.
[        ] Resolve mutations for :connectivity_plus:mergeDebugConsumerProguardFiles (Thread[#41692,Execution worker Thread 28,5,main]) started.
[        ] :connectivity_plus:mergeDebugConsumerProguardFiles (Thread[#41692,Execution worker Thread 28,5,main]) started.
[        ] > Task :connectivity_plus:mergeDebugConsumerProguardFiles UP-TO-DATE
[        ] Caching disabled for task ':connectivity_plus:mergeDebugConsumerProguardFiles' because:
[        ]   Build cache is disabled
[        ]   Simple merging task
[        ] Skipping task ':connectivity_plus:mergeDebugConsumerProguardFiles' as it is up-to-date.
[        ] Resolve mutations for :connectivity_plus:prepareDebugArtProfile (Thread[#41692,Execution worker Thread 28,5,main]) started.
[        ] :connectivity_plus:prepareDebugArtProfile (Thread[#41692,Execution worker Thread 28,5,main]) started.
[        ] > Task :connectivity_plus:prepareDebugArtProfile UP-TO-DATE
[        ] Caching disabled for task ':connectivity_plus:prepareDebugArtProfile' because:
[        ]   Build cache is disabled
[        ]   Caching has been disabled for the task
[        ] Skipping task ':connectivity_plus:prepareDebugArtProfile' as it is up-to-date.
[        ] Resolve mutations for :connectivity_plus:prepareLintJarForPublish (Thread[#41692,Execution worker Thread 28,5,main]) started.
[        ] :connectivity_plus:prepareLintJarForPublish (Thread[#41692,Execution worker Thread 28,5,main]) started.
[        ] > Task :connectivity_plus:prepareLintJarForPublish UP-TO-DATE
[        ] Caching disabled for task ':connectivity_plus:prepareLintJarForPublish' because:
[        ]   Build cache is disabled
[        ]   Caching has been disabled for the task
[        ] Skipping task ':connectivity_plus:prepareLintJarForPublish' as it is up-to-date.
[        ] Resolve mutations for :connectivity_plus:mergeDebugJavaResource (Thread[#41692,Execution worker Thread 28,5,main]) started.
[        ] :connectivity_plus:mergeDebugJavaResource (Thread[#41692,Execution worker Thread 28,5,main]) started.
[        ] > Task :connectivity_plus:mergeDebugJavaResource UP-TO-DATE
[        ] Caching disabled for task ':connectivity_plus:mergeDebugJavaResource' because:
[        ]   Build cache is disabled
[        ]   Caching has been disabled for the task
[        ] Skipping task ':connectivity_plus:mergeDebugJavaResource' as it is up-to-date.
[        ] Resolve mutations for :connectivity_plus:syncDebugLibJars (Thread[#41692,Execution worker Thread 28,5,main]) started.
[        ] :connectivity_plus:syncDebugLibJars (Thread[#41692,Execution worker Thread 28,5,main]) started.
[        ] > Task :connectivity_plus:syncDebugLibJars UP-TO-DATE
[        ] Caching disabled for task ':connectivity_plus:syncDebugLibJars' because:
[        ]   Build cache is disabled
[        ] Skipping task ':connectivity_plus:syncDebugLibJars' as it is up-to-date.
[        ] Resolve mutations for :connectivity_plus:bundleDebugAar (Thread[#41692,Execution worker Thread 28,5,main]) started.
[        ] :connectivity_plus:bundleDebugAar (Thread[#41692,Execution worker Thread 28,5,main]) started.
[        ] > Task :connectivity_plus:bundleDebugAar UP-TO-DATE
[        ] Caching disabled for task ':connectivity_plus:bundleDebugAar' because:
[        ]   Build cache is disabled
[        ]   Caching has been disabled for the task
[        ] Skipping task ':connectivity_plus:bundleDebugAar' as it is up-to-date.
[        ] Resolve mutations for :connectivity_plus:assembleDebug (Thread[#41692,Execution worker Thread 28,5,main]) started.
[        ] :connectivity_plus:assembleDebug (Thread[#41692,Execution worker Thread 28,5,main]) started.
[        ] > Task :connectivity_plus:assembleDebug UP-TO-DATE
[        ] Skipping task ':connectivity_plus:assembleDebug' as it has no actions.
[        ] Resolve mutations for :emoji_picker_flutter:stripDebugDebugSymbols (Thread[#41692,Execution worker Thread 28,5,main]) started.
[        ] :emoji_picker_flutter:stripDebugDebugSymbols (Thread[#41692,Execution worker Thread 28,5,main]) started.
[        ] > Task :emoji_picker_flutter:stripDebugDebugSymbols NO-SOURCE
[        ] Skipping task ':emoji_picker_flutter:stripDebugDebugSymbols' as it has no source files and no previous output files.
[        ] Resolve mutations for :emoji_picker_flutter:copyDebugJniLibsProjectAndLocalJars (Thread[#41692,Execution worker Thread 28,5,main]) started.
[        ] :emoji_picker_flutter:copyDebugJniLibsProjectAndLocalJars (Thread[#41692,Execution worker Thread 28,5,main]) started.
[        ] > Task :emoji_picker_flutter:copyDebugJniLibsProjectAndLocalJars UP-TO-DATE
[        ] Caching disabled for task ':emoji_picker_flutter:copyDebugJniLibsProjectAndLocalJars' because:
[        ]   Build cache is disabled
[        ]   Caching has been disabled for the task
[        ] Skipping task ':emoji_picker_flutter:copyDebugJniLibsProjectAndLocalJars' as it is up-to-date.
[        ] Resolve mutations for :emoji_picker_flutter:extractDebugAnnotations (Thread[#41692,Execution worker Thread 28,5,main]) started.
[        ] :emoji_picker_flutter:extractDebugAnnotations (Thread[#41692,Execution worker Thread 28,5,main]) started.
[        ] > Task :emoji_picker_flutter:extractDebugAnnotations UP-TO-DATE
[        ] Caching disabled for task ':emoji_picker_flutter:extractDebugAnnotations' because:
[        ]   Build cache is disabled
[        ] Skipping task ':emoji_picker_flutter:extractDebugAnnotations' as it is up-to-date.
[        ] Resolve mutations for :emoji_picker_flutter:extractDeepLinksForAarDebug (Thread[#41692,Execution worker Thread 28,5,main]) started.
[        ] :emoji_picker_flutter:extractDeepLinksForAarDebug (Thread[#41692,Execution worker Thread 28,5,main]) started.
[        ] > Task :emoji_picker_flutter:extractDeepLinksForAarDebug UP-TO-DATE
[        ] Caching disabled for task ':emoji_picker_flutter:extractDeepLinksForAarDebug' because:
[        ]   Build cache is disabled
[        ] Skipping task ':emoji_picker_flutter:extractDeepLinksForAarDebug' as it is up-to-date.
[        ] Resolve mutations for :emoji_picker_flutter:mergeDebugGeneratedProguardFiles (Thread[#41692,Execution worker Thread 28,5,main]) started.
[        ] :emoji_picker_flutter:mergeDebugGeneratedProguardFiles (Thread[#41692,Execution worker Thread 28,5,main]) started.
[        ] > Task :emoji_picker_flutter:mergeDebugGeneratedProguardFiles UP-TO-DATE
[        ] Caching disabled for task ':emoji_picker_flutter:mergeDebugGeneratedProguardFiles' because:
[        ]   Build cache is disabled
[        ]   Simple merging task
[        ] Skipping task ':emoji_picker_flutter:mergeDebugGeneratedProguardFiles' as it is up-to-date.
[        ] Resolve mutations for :emoji_picker_flutter:mergeDebugConsumerProguardFiles (Thread[#41692,Execution worker Thread 28,5,main]) started.
[        ] :emoji_picker_flutter:mergeDebugConsumerProguardFiles (Thread[#41692,Execution worker Thread 28,5,main]) started.
[        ] > Task :emoji_picker_flutter:mergeDebugConsumerProguardFiles UP-TO-DATE
[        ] Caching disabled for task ':emoji_picker_flutter:mergeDebugConsumerProguardFiles' because:
[        ]   Build cache is disabled
[        ]   Simple merging task
[        ] Skipping task ':emoji_picker_flutter:mergeDebugConsumerProguardFiles' as it is up-to-date.
[        ] Resolve mutations for :emoji_picker_flutter:prepareDebugArtProfile (Thread[#41692,Execution worker Thread 28,5,main]) started.
[        ] :emoji_picker_flutter:prepareDebugArtProfile (Thread[#41692,Execution worker Thread 28,5,main]) started.
[        ] > Task :emoji_picker_flutter:prepareDebugArtProfile UP-TO-DATE
[        ] Caching disabled for task ':emoji_picker_flutter:prepareDebugArtProfile' because:
[        ]   Build cache is disabled
[        ]   Caching has been disabled for the task
[        ] Skipping task ':emoji_picker_flutter:prepareDebugArtProfile' as it is up-to-date.
[        ] Resolve mutations for :emoji_picker_flutter:prepareLintJarForPublish (Thread[#41692,Execution worker Thread 28,5,main]) started.
[        ] :emoji_picker_flutter:prepareLintJarForPublish (Thread[#41692,Execution worker Thread 28,5,main]) started.
[        ] > Task :emoji_picker_flutter:prepareLintJarForPublish UP-TO-DATE
[        ] Caching disabled for task ':emoji_picker_flutter:prepareLintJarForPublish' because:
[        ]   Build cache is disabled
[        ]   Caching has been disabled for the task
[        ] Skipping task ':emoji_picker_flutter:prepareLintJarForPublish' as it is up-to-date.
[        ] Resolve mutations for :emoji_picker_flutter:mergeDebugJavaResource (Thread[#41692,Execution worker Thread 28,5,main]) started.
[        ] :emoji_picker_flutter:mergeDebugJavaResource (Thread[#41692,Execution worker Thread 28,5,main]) started.
[        ] > Task :emoji_picker_flutter:mergeDebugJavaResource UP-TO-DATE
[        ] Caching disabled for task ':emoji_picker_flutter:mergeDebugJavaResource' because:
[        ]   Build cache is disabled
[        ]   Caching has been disabled for the task
[        ] Skipping task ':emoji_picker_flutter:mergeDebugJavaResource' as it is up-to-date.
[        ] Resolve mutations for :emoji_picker_flutter:syncDebugLibJars (Thread[#41692,Execution worker Thread 28,5,main]) started.
[        ] :emoji_picker_flutter:syncDebugLibJars (Thread[#41692,Execution worker Thread 28,5,main]) started.
[        ] > Task :emoji_picker_flutter:syncDebugLibJars UP-TO-DATE
[        ] Caching disabled for task ':emoji_picker_flutter:syncDebugLibJars' because:
[        ]   Build cache is disabled
[        ] Skipping task ':emoji_picker_flutter:syncDebugLibJars' as it is up-to-date.
[        ] Resolve mutations for :emoji_picker_flutter:bundleDebugAar (Thread[#41692,Execution worker Thread 28,5,main]) started.
[        ] :emoji_picker_flutter:bundleDebugAar (Thread[#41692,Execution worker Thread 28,5,main]) started.
[        ] > Task :emoji_picker_flutter:bundleDebugAar UP-TO-DATE
[        ] Caching disabled for task ':emoji_picker_flutter:bundleDebugAar' because:
[        ]   Build cache is disabled
[        ]   Caching has been disabled for the task
[        ] Skipping task ':emoji_picker_flutter:bundleDebugAar' as it is up-to-date.
[        ] Resolve mutations for :emoji_picker_flutter:assembleDebug (Thread[#41692,Execution worker Thread 28,5,main]) started.
[        ] :emoji_picker_flutter:assembleDebug (Thread[#41692,Execution worker Thread 28,5,main]) started.
[        ] > Task :emoji_picker_flutter:assembleDebug UP-TO-DATE
[        ] Skipping task ':emoji_picker_flutter:assembleDebug' as it has no actions.
[        ] Resolve mutations for :file_selector_android:stripDebugDebugSymbols (Thread[#41692,Execution worker Thread 28,5,main]) started.
[        ] :file_selector_android:stripDebugDebugSymbols (Thread[#41692,Execution worker Thread 28,5,main]) started.
[        ] > Task :file_selector_android:stripDebugDebugSymbols NO-SOURCE
[        ] Skipping task ':file_selector_android:stripDebugDebugSymbols' as it has no source files and no previous output files.
[        ] Resolve mutations for :file_selector_android:copyDebugJniLibsProjectAndLocalJars (Thread[#41692,Execution worker Thread 28,5,main]) started.
[        ] :file_selector_android:copyDebugJniLibsProjectAndLocalJars (Thread[#41692,Execution worker Thread 28,5,main]) started.
[        ] > Task :file_selector_android:copyDebugJniLibsProjectAndLocalJars UP-TO-DATE
[        ] Caching disabled for task ':file_selector_android:copyDebugJniLibsProjectAndLocalJars' because:
[        ]   Build cache is disabled
[        ]   Caching has been disabled for the task
[        ] Skipping task ':file_selector_android:copyDebugJniLibsProjectAndLocalJars' as it is up-to-date.
[        ] Resolve mutations for :file_selector_android:extractDebugAnnotations (Thread[#41692,Execution worker Thread 28,5,main]) started.
[        ] :file_selector_android:extractDebugAnnotations (Thread[#41692,Execution worker Thread 28,5,main]) started.
[        ] > Task :file_selector_android:extractDebugAnnotations UP-TO-DATE
[        ] Caching disabled for task ':file_selector_android:extractDebugAnnotations' because:
[        ]   Build cache is disabled
[        ] Skipping task ':file_selector_android:extractDebugAnnotations' as it is up-to-date.
[        ] Resolve mutations for :file_selector_android:extractDeepLinksForAarDebug (Thread[#41692,Execution worker Thread 28,5,main]) started.
[        ] :file_selector_android:extractDeepLinksForAarDebug (Thread[#41692,Execution worker Thread 28,5,main]) started.
[        ] > Task :file_selector_android:extractDeepLinksForAarDebug UP-TO-DATE
[        ] Caching disabled for task ':file_selector_android:extractDeepLinksForAarDebug' because:
[        ]   Build cache is disabled
[        ] Skipping task ':file_selector_android:extractDeepLinksForAarDebug' as it is up-to-date.
[        ] Resolve mutations for :file_selector_android:mergeDebugGeneratedProguardFiles (Thread[#41692,Execution worker Thread 28,5,main]) started.
[        ] :file_selector_android:mergeDebugGeneratedProguardFiles (Thread[#41692,Execution worker Thread 28,5,main]) started.
[        ] > Task :file_selector_android:mergeDebugGeneratedProguardFiles UP-TO-DATE
[        ] Caching disabled for task ':file_selector_android:mergeDebugGeneratedProguardFiles' because:
[        ]   Build cache is disabled
[        ]   Simple merging task
[        ] Skipping task ':file_selector_android:mergeDebugGeneratedProguardFiles' as it is up-to-date.
[        ] Resolve mutations for :file_selector_android:mergeDebugConsumerProguardFiles (Thread[#41692,Execution worker Thread 28,5,main]) started.
[        ] :file_selector_android:mergeDebugConsumerProguardFiles (Thread[#41692,Execution worker Thread 28,5,main]) started.
[        ] > Task :file_selector_android:mergeDebugConsumerProguardFiles UP-TO-DATE
[        ] Caching disabled for task ':file_selector_android:mergeDebugConsumerProguardFiles' because:
[        ]   Build cache is disabled
[        ]   Simple merging task
[        ] Skipping task ':file_selector_android:mergeDebugConsumerProguardFiles' as it is up-to-date.
[        ] Resolve mutations for :file_selector_android:prepareDebugArtProfile (Thread[#41692,Execution worker Thread 28,5,main]) started.
[        ] :file_selector_android:prepareDebugArtProfile (Thread[#41692,Execution worker Thread 28,5,main]) started.
[        ] > Task :file_selector_android:prepareDebugArtProfile UP-TO-DATE
[        ] Caching disabled for task ':file_selector_android:prepareDebugArtProfile' because:
[        ]   Build cache is disabled
[        ]   Caching has been disabled for the task
[        ] Skipping task ':file_selector_android:prepareDebugArtProfile' as it is up-to-date.
[        ] Resolve mutations for :file_selector_android:prepareLintJarForPublish (Thread[#41692,Execution worker Thread 28,5,main]) started.
[        ] :file_selector_android:prepareLintJarForPublish (Thread[#41692,Execution worker Thread 28,5,main]) started.
[        ] > Task :file_selector_android:prepareLintJarForPublish UP-TO-DATE
[        ] Caching disabled for task ':file_selector_android:prepareLintJarForPublish' because:
[        ]   Build cache is disabled
[        ]   Caching has been disabled for the task
[        ] Skipping task ':file_selector_android:prepareLintJarForPublish' as it is up-to-date.
[        ] Resolve mutations for :file_selector_android:mergeDebugJavaResource (Thread[#41692,Execution worker Thread 28,5,main]) started.
[        ] :file_selector_android:mergeDebugJavaResource (Thread[#41692,Execution worker Thread 28,5,main]) started.
[        ] > Task :file_selector_android:mergeDebugJavaResource UP-TO-DATE
[        ] Caching disabled for task ':file_selector_android:mergeDebugJavaResource' because:
[        ]   Build cache is disabled
[        ]   Caching has been disabled for the task
[        ] Skipping task ':file_selector_android:mergeDebugJavaResource' as it is up-to-date.
[        ] Resolve mutations for :file_selector_android:syncDebugLibJars (Thread[#41692,Execution worker Thread 28,5,main]) started.
[        ] :file_selector_android:syncDebugLibJars (Thread[#41692,Execution worker Thread 28,5,main]) started.
[        ] > Task :file_selector_android:syncDebugLibJars UP-TO-DATE
[        ] Caching disabled for task ':file_selector_android:syncDebugLibJars' because:
[        ]   Build cache is disabled
[        ] Skipping task ':file_selector_android:syncDebugLibJars' as it is up-to-date.
[        ] Resolve mutations for :file_selector_android:bundleDebugAar (Thread[#41692,Execution worker Thread 28,5,main]) started.
[        ] :file_selector_android:bundleDebugAar (Thread[#41692,Execution worker Thread 28,5,main]) started.
[        ] > Task :file_selector_android:bundleDebugAar UP-TO-DATE
[        ] Caching disabled for task ':file_selector_android:bundleDebugAar' because:
[        ]   Build cache is disabled
[        ]   Caching has been disabled for the task
[        ] Skipping task ':file_selector_android:bundleDebugAar' as it is up-to-date.
[        ] Resolve mutations for :file_selector_android:assembleDebug (Thread[#41692,Execution worker Thread 28,5,main]) started.
[        ] :file_selector_android:assembleDebug (Thread[#41692,Execution worker Thread 28,5,main]) started.
[        ] > Task :file_selector_android:assembleDebug UP-TO-DATE
[        ] Skipping task ':file_selector_android:assembleDebug' as it has no actions.
[        ] Resolve mutations for :flutter_keyboard_visibility_temp_fork:stripDebugDebugSymbols (Thread[#41692,Execution worker Thread 28,5,main]) started.
[        ] :flutter_keyboard_visibility_temp_fork:stripDebugDebugSymbols (Thread[#41692,Execution worker Thread 28,5,main]) started.
[        ] > Task :flutter_keyboard_visibility_temp_fork:stripDebugDebugSymbols NO-SOURCE
[        ] Skipping task ':flutter_keyboard_visibility_temp_fork:stripDebugDebugSymbols' as it has no source files and no previous output files.
[        ] Resolve mutations for :flutter_keyboard_visibility_temp_fork:copyDebugJniLibsProjectAndLocalJars (Thread[#41692,Execution worker Thread 28,5,main]) started.
[        ] :flutter_keyboard_visibility_temp_fork:copyDebugJniLibsProjectAndLocalJars (Thread[#41692,Execution worker Thread 28,5,main]) started.
[        ] > Task :flutter_keyboard_visibility_temp_fork:copyDebugJniLibsProjectAndLocalJars UP-TO-DATE
[        ] Caching disabled for task ':flutter_keyboard_visibility_temp_fork:copyDebugJniLibsProjectAndLocalJars' because:
[        ]   Build cache is disabled
[        ]   Caching has been disabled for the task
[        ] Skipping task ':flutter_keyboard_visibility_temp_fork:copyDebugJniLibsProjectAndLocalJars' as it is up-to-date.
[        ] Resolve mutations for :flutter_keyboard_visibility_temp_fork:extractDebugAnnotations (Thread[#41692,Execution worker Thread 28,5,main]) started.
[        ] :flutter_keyboard_visibility_temp_fork:extractDebugAnnotations (Thread[#41692,Execution worker Thread 28,5,main]) started.
[        ] > Task :flutter_keyboard_visibility_temp_fork:extractDebugAnnotations UP-TO-DATE
[        ] Caching disabled for task ':flutter_keyboard_visibility_temp_fork:extractDebugAnnotations' because:
[        ]   Build cache is disabled
[        ] Skipping task ':flutter_keyboard_visibility_temp_fork:extractDebugAnnotations' as it is up-to-date.
[        ] Resolve mutations for :flutter_keyboard_visibility_temp_fork:extractDeepLinksForAarDebug (Thread[#41692,Execution worker Thread 28,5,main]) started.
[        ] :flutter_keyboard_visibility_temp_fork:extractDeepLinksForAarDebug (Thread[#41692,Execution worker Thread 28,5,main]) started.
[        ] > Task :flutter_keyboard_visibility_temp_fork:extractDeepLinksForAarDebug UP-TO-DATE
[        ] Caching disabled for task ':flutter_keyboard_visibility_temp_fork:extractDeepLinksForAarDebug' because:
[        ]   Build cache is disabled
[        ] Skipping task ':flutter_keyboard_visibility_temp_fork:extractDeepLinksForAarDebug' as it is up-to-date.
[        ] Resolve mutations for :flutter_keyboard_visibility_temp_fork:mergeDebugGeneratedProguardFiles (Thread[#41692,Execution worker Thread 28,5,main]) started.
[        ] :flutter_keyboard_visibility_temp_fork:mergeDebugGeneratedProguardFiles (Thread[#41692,Execution worker Thread 28,5,main]) started.
[        ] > Task :flutter_keyboard_visibility_temp_fork:mergeDebugGeneratedProguardFiles UP-TO-DATE
[        ] Caching disabled for task ':flutter_keyboard_visibility_temp_fork:mergeDebugGeneratedProguardFiles' because:
[        ]   Build cache is disabled
[        ]   Simple merging task
[        ] Skipping task ':flutter_keyboard_visibility_temp_fork:mergeDebugGeneratedProguardFiles' as it is up-to-date.
[        ] Resolve mutations for :flutter_keyboard_visibility_temp_fork:mergeDebugConsumerProguardFiles (Thread[#41692,Execution worker Thread 28,5,main]) started.
[        ] :flutter_keyboard_visibility_temp_fork:mergeDebugConsumerProguardFiles (Thread[#41692,Execution worker Thread 28,5,main]) started.
[        ] > Task :flutter_keyboard_visibility_temp_fork:mergeDebugConsumerProguardFiles UP-TO-DATE
[        ] Caching disabled for task ':flutter_keyboard_visibility_temp_fork:mergeDebugConsumerProguardFiles' because:
[        ]   Build cache is disabled
[        ]   Simple merging task
[        ] Skipping task ':flutter_keyboard_visibility_temp_fork:mergeDebugConsumerProguardFiles' as it is up-to-date.
[        ] Resolve mutations for :flutter_keyboard_visibility_temp_fork:prepareDebugArtProfile (Thread[#41692,Execution worker Thread 28,5,main]) started.
[        ] :flutter_keyboard_visibility_temp_fork:prepareDebugArtProfile (Thread[#41692,Execution worker Thread 28,5,main]) started.
[        ] > Task :flutter_keyboard_visibility_temp_fork:prepareDebugArtProfile UP-TO-DATE
[        ] Caching disabled for task ':flutter_keyboard_visibility_temp_fork:prepareDebugArtProfile' because:
[        ]   Build cache is disabled
[        ]   Caching has been disabled for the task
[        ] Skipping task ':flutter_keyboard_visibility_temp_fork:prepareDebugArtProfile' as it is up-to-date.
[        ] Resolve mutations for :flutter_keyboard_visibility_temp_fork:prepareLintJarForPublish (Thread[#41692,Execution worker Thread 28,5,main]) started.
[        ] :flutter_keyboard_visibility_temp_fork:prepareLintJarForPublish (Thread[#41692,Execution worker Thread 28,5,main]) started.
[        ] > Task :flutter_keyboard_visibility_temp_fork:prepareLintJarForPublish UP-TO-DATE
[        ] Caching disabled for task ':flutter_keyboard_visibility_temp_fork:prepareLintJarForPublish' because:
[        ]   Build cache is disabled
[        ]   Caching has been disabled for the task
[        ] Skipping task ':flutter_keyboard_visibility_temp_fork:prepareLintJarForPublish' as it is up-to-date.
[        ] Resolve mutations for :flutter_keyboard_visibility_temp_fork:mergeDebugJavaResource (Thread[#41692,Execution worker Thread 28,5,main]) started.
[        ] :flutter_keyboard_visibility_temp_fork:mergeDebugJavaResource (Thread[#41692,Execution worker Thread 28,5,main]) started.
[        ] > Task :flutter_keyboard_visibility_temp_fork:mergeDebugJavaResource UP-TO-DATE
[        ] Caching disabled for task ':flutter_keyboard_visibility_temp_fork:mergeDebugJavaResource' because:
[        ]   Build cache is disabled
[        ]   Caching has been disabled for the task
[        ] Skipping task ':flutter_keyboard_visibility_temp_fork:mergeDebugJavaResource' as it is up-to-date.
[        ] Resolve mutations for :flutter_keyboard_visibility_temp_fork:syncDebugLibJars (Thread[#41692,Execution worker Thread 28,5,main]) started.
[        ] :flutter_keyboard_visibility_temp_fork:syncDebugLibJars (Thread[#41692,Execution worker Thread 28,5,main]) started.
[        ] > Task :flutter_keyboard_visibility_temp_fork:syncDebugLibJars UP-TO-DATE
[        ] Caching disabled for task ':flutter_keyboard_visibility_temp_fork:syncDebugLibJars' because:
[        ]   Build cache is disabled
[        ] Skipping task ':flutter_keyboard_visibility_temp_fork:syncDebugLibJars' as it is up-to-date.
[        ] Resolve mutations for :flutter_keyboard_visibility_temp_fork:bundleDebugAar (Thread[#41692,Execution worker Thread 28,5,main]) started.
[        ] :flutter_keyboard_visibility_temp_fork:bundleDebugAar (Thread[#41692,Execution worker Thread 28,5,main]) started.
[        ] > Task :flutter_keyboard_visibility_temp_fork:bundleDebugAar UP-TO-DATE
[        ] Caching disabled for task ':flutter_keyboard_visibility_temp_fork:bundleDebugAar' because:
[        ]   Build cache is disabled
[        ]   Caching has been disabled for the task
[        ] Skipping task ':flutter_keyboard_visibility_temp_fork:bundleDebugAar' as it is up-to-date.
[        ] Resolve mutations for :flutter_keyboard_visibility_temp_fork:assembleDebug (Thread[#41692,Execution worker Thread 28,5,main]) started.
[        ] :flutter_keyboard_visibility_temp_fork:assembleDebug (Thread[#41692,Execution worker Thread 28,5,main]) started.
[        ] > Task :flutter_keyboard_visibility_temp_fork:assembleDebug UP-TO-DATE
[        ] Skipping task ':flutter_keyboard_visibility_temp_fork:assembleDebug' as it has no actions.
[        ] Resolve mutations for :flutter_native_splash:stripDebugDebugSymbols (Thread[#41692,Execution worker Thread 28,5,main]) started.
[        ] :flutter_native_splash:stripDebugDebugSymbols (Thread[#41692,Execution worker Thread 28,5,main]) started.
[        ] > Task :flutter_native_splash:stripDebugDebugSymbols NO-SOURCE
[        ] Skipping task ':flutter_native_splash:stripDebugDebugSymbols' as it has no source files and no previous output files.
[        ] Resolve mutations for :flutter_native_splash:copyDebugJniLibsProjectAndLocalJars (Thread[#41692,Execution worker Thread 28,5,main]) started.
[        ] :flutter_native_splash:copyDebugJniLibsProjectAndLocalJars (Thread[#41692,Execution worker Thread 28,5,main]) started.
[        ] > Task :flutter_native_splash:copyDebugJniLibsProjectAndLocalJars UP-TO-DATE
[        ] Caching disabled for task ':flutter_native_splash:copyDebugJniLibsProjectAndLocalJars' because:
[        ]   Build cache is disabled
[        ]   Caching has been disabled for the task
[        ] Skipping task ':flutter_native_splash:copyDebugJniLibsProjectAndLocalJars' as it is up-to-date.
[        ] Resolve mutations for :flutter_native_splash:extractDebugAnnotations (Thread[#41692,Execution worker Thread 28,5,main]) started.
[        ] :flutter_native_splash:extractDebugAnnotations (Thread[#41692,Execution worker Thread 28,5,main]) started.
[        ] > Task :flutter_native_splash:extractDebugAnnotations UP-TO-DATE
[        ] Caching disabled for task ':flutter_native_splash:extractDebugAnnotations' because:
[        ]   Build cache is disabled
[        ] Skipping task ':flutter_native_splash:extractDebugAnnotations' as it is up-to-date.
[        ] Resolve mutations for :flutter_native_splash:extractDeepLinksForAarDebug (Thread[#41692,Execution worker Thread 28,5,main]) started.
[        ] :flutter_native_splash:extractDeepLinksForAarDebug (Thread[#41692,Execution worker Thread 28,5,main]) started.
[        ] > Task :flutter_native_splash:extractDeepLinksForAarDebug UP-TO-DATE
[        ] Caching disabled for task ':flutter_native_splash:extractDeepLinksForAarDebug' because:
[        ]   Build cache is disabled
[        ] Skipping task ':flutter_native_splash:extractDeepLinksForAarDebug' as it is up-to-date.
[        ] Resolve mutations for :flutter_native_splash:mergeDebugGeneratedProguardFiles (Thread[#41692,Execution worker Thread 28,5,main]) started.
[        ] :flutter_native_splash:mergeDebugGeneratedProguardFiles (Thread[#41692,Execution worker Thread 28,5,main]) started.
[        ] > Task :flutter_native_splash:mergeDebugGeneratedProguardFiles UP-TO-DATE
[        ] Caching disabled for task ':flutter_native_splash:mergeDebugGeneratedProguardFiles' because:
[        ]   Build cache is disabled
[        ]   Simple merging task
[        ] Skipping task ':flutter_native_splash:mergeDebugGeneratedProguardFiles' as it is up-to-date.
[        ] Resolve mutations for :flutter_native_splash:mergeDebugConsumerProguardFiles (Thread[#41692,Execution worker Thread 28,5,main]) started.
[        ] :flutter_native_splash:mergeDebugConsumerProguardFiles (Thread[#41692,Execution worker Thread 28,5,main]) started.
[        ] > Task :flutter_native_splash:mergeDebugConsumerProguardFiles UP-TO-DATE
[        ] Caching disabled for task ':flutter_native_splash:mergeDebugConsumerProguardFiles' because:
[        ]   Build cache is disabled
[        ]   Simple merging task
[        ] Skipping task ':flutter_native_splash:mergeDebugConsumerProguardFiles' as it is up-to-date.
[        ] Resolve mutations for :flutter_native_splash:prepareDebugArtProfile (Thread[#41692,Execution worker Thread 28,5,main]) started.
[        ] :flutter_native_splash:prepareDebugArtProfile (Thread[#41692,Execution worker Thread 28,5,main]) started.
[        ] > Task :flutter_native_splash:prepareDebugArtProfile UP-TO-DATE
[        ] Caching disabled for task ':flutter_native_splash:prepareDebugArtProfile' because:
[        ]   Build cache is disabled
[        ]   Caching has been disabled for the task
[        ] Skipping task ':flutter_native_splash:prepareDebugArtProfile' as it is up-to-date.
[        ] Resolve mutations for :flutter_native_splash:prepareLintJarForPublish (Thread[#41692,Execution worker Thread 28,5,main]) started.
[        ] :flutter_native_splash:prepareLintJarForPublish (Thread[#41692,Execution worker Thread 28,5,main]) started.
[        ] > Task :flutter_native_splash:prepareLintJarForPublish UP-TO-DATE
[        ] Caching disabled for task ':flutter_native_splash:prepareLintJarForPublish' because:
[        ]   Build cache is disabled
[        ]   Caching has been disabled for the task
[        ] Skipping task ':flutter_native_splash:prepareLintJarForPublish' as it is up-to-date.
[        ] Resolve mutations for :flutter_native_splash:mergeDebugJavaResource (Thread[#41692,Execution worker Thread 28,5,main]) started.
[        ] :flutter_native_splash:mergeDebugJavaResource (Thread[#41692,Execution worker Thread 28,5,main]) started.
[        ] > Task :flutter_native_splash:mergeDebugJavaResource UP-TO-DATE
[        ] Caching disabled for task ':flutter_native_splash:mergeDebugJavaResource' because:
[        ]   Build cache is disabled
[        ]   Caching has been disabled for the task
[        ] Skipping task ':flutter_native_splash:mergeDebugJavaResource' as it is up-to-date.
[        ] Resolve mutations for :flutter_native_splash:syncDebugLibJars (Thread[#41692,Execution worker Thread 28,5,main]) started.
[        ] :flutter_native_splash:syncDebugLibJars (Thread[#41692,Execution worker Thread 28,5,main]) started.
[        ] > Task :flutter_native_splash:syncDebugLibJars UP-TO-DATE
[        ] Caching disabled for task ':flutter_native_splash:syncDebugLibJars' because:
[        ]   Build cache is disabled
[        ] Skipping task ':flutter_native_splash:syncDebugLibJars' as it is up-to-date.
[        ] Resolve mutations for :flutter_native_splash:bundleDebugAar (Thread[#41692,Execution worker Thread 28,5,main]) started.
[        ] :flutter_native_splash:bundleDebugAar (Thread[#41692,Execution worker Thread 28,5,main]) started.
[        ] > Task :flutter_native_splash:bundleDebugAar UP-TO-DATE
[        ] Caching disabled for task ':flutter_native_splash:bundleDebugAar' because:
[        ]   Build cache is disabled
[        ]   Caching has been disabled for the task
[        ] Skipping task ':flutter_native_splash:bundleDebugAar' as it is up-to-date.
[        ] Resolve mutations for :flutter_native_splash:assembleDebug (Thread[#41692,Execution worker Thread 28,5,main]) started.
[        ] :flutter_native_splash:assembleDebug (Thread[#41692,Execution worker Thread 28,5,main]) started.
[        ] > Task :flutter_native_splash:assembleDebug UP-TO-DATE
[        ] Skipping task ':flutter_native_splash:assembleDebug' as it has no actions.
[        ] Resolve mutations for :flutter_olm:stripDebugDebugSymbols (Thread[#41692,Execution worker Thread 28,5,main]) started.
[        ] :flutter_olm:stripDebugDebugSymbols (Thread[#41692,Execution worker Thread 28,5,main]) started.
[        ] > Task :flutter_olm:stripDebugDebugSymbols UP-TO-DATE
[        ] Caching disabled for task ':flutter_olm:stripDebugDebugSymbols' because:
[        ]   Build cache is disabled
[        ]   Caching has been disabled for the task
[        ] Skipping task ':flutter_olm:stripDebugDebugSymbols' as it is up-to-date.
[        ] Resolve mutations for :flutter_olm:copyDebugJniLibsProjectAndLocalJars (Thread[#41692,Execution worker Thread 28,5,main]) started.
[        ] :flutter_olm:copyDebugJniLibsProjectAndLocalJars (Thread[#41692,Execution worker Thread 28,5,main]) started.
[        ] > Task :flutter_olm:copyDebugJniLibsProjectAndLocalJars UP-TO-DATE
[        ] Caching disabled for task ':flutter_olm:copyDebugJniLibsProjectAndLocalJars' because:
[        ]   Build cache is disabled
[        ]   Caching has been disabled for the task
[        ] Skipping task ':flutter_olm:copyDebugJniLibsProjectAndLocalJars' as it is up-to-date.
[        ] Resolve mutations for :flutter_olm:extractDebugAnnotations (Thread[#41692,Execution worker Thread 28,5,main]) started.
[        ] :flutter_olm:extractDebugAnnotations (Thread[#41692,Execution worker Thread 28,5,main]) started.
[        ] > Task :flutter_olm:extractDebugAnnotations UP-TO-DATE
[        ] Caching disabled for task ':flutter_olm:extractDebugAnnotations' because:
[        ]   Build cache is disabled
[        ] Skipping task ':flutter_olm:extractDebugAnnotations' as it is up-to-date.
[        ] Resolve mutations for :flutter_olm:extractDeepLinksForAarDebug (Thread[#41692,Execution worker Thread 28,5,main]) started.
[        ] :flutter_olm:extractDeepLinksForAarDebug (Thread[#41692,Execution worker Thread 28,5,main]) started.
[        ] > Task :flutter_olm:extractDeepLinksForAarDebug UP-TO-DATE
[        ] Caching disabled for task ':flutter_olm:extractDeepLinksForAarDebug' because:
[        ]   Build cache is disabled
[        ] Skipping task ':flutter_olm:extractDeepLinksForAarDebug' as it is up-to-date.
[        ] Resolve mutations for :flutter_olm:mergeDebugGeneratedProguardFiles (Thread[#41692,Execution worker Thread 28,5,main]) started.
[        ] :flutter_olm:mergeDebugGeneratedProguardFiles (Thread[#41692,Execution worker Thread 28,5,main]) started.
[        ] > Task :flutter_olm:mergeDebugGeneratedProguardFiles UP-TO-DATE
[        ] Caching disabled for task ':flutter_olm:mergeDebugGeneratedProguardFiles' because:
[        ]   Build cache is disabled
[        ]   Simple merging task
[        ] Skipping task ':flutter_olm:mergeDebugGeneratedProguardFiles' as it is up-to-date.
[        ] Resolve mutations for :flutter_olm:mergeDebugConsumerProguardFiles (Thread[#41692,Execution worker Thread 28,5,main]) started.
[        ] :flutter_olm:mergeDebugConsumerProguardFiles (Thread[#41692,Execution worker Thread 28,5,main]) started.
[        ] > Task :flutter_olm:mergeDebugConsumerProguardFiles UP-TO-DATE
[        ] Caching disabled for task ':flutter_olm:mergeDebugConsumerProguardFiles' because:
[        ]   Build cache is disabled
[        ]   Simple merging task
[        ] Skipping task ':flutter_olm:mergeDebugConsumerProguardFiles' as it is up-to-date.
[        ] Resolve mutations for :flutter_olm:prepareDebugArtProfile (Thread[#41692,Execution worker Thread 28,5,main]) started.
[        ] :flutter_olm:prepareDebugArtProfile (Thread[#41692,Execution worker Thread 28,5,main]) started.
[        ] > Task :flutter_olm:prepareDebugArtProfile UP-TO-DATE
[        ] Caching disabled for task ':flutter_olm:prepareDebugArtProfile' because:
[        ]   Build cache is disabled
[        ]   Caching has been disabled for the task
[        ] Skipping task ':flutter_olm:prepareDebugArtProfile' as it is up-to-date.
[        ] Resolve mutations for :flutter_olm:prepareLintJarForPublish (Thread[#41692,Execution worker Thread 28,5,main]) started.
[        ] :flutter_olm:prepareLintJarForPublish (Thread[#41692,Execution worker Thread 28,5,main]) started.
[        ] > Task :flutter_olm:prepareLintJarForPublish UP-TO-DATE
[        ] Caching disabled for task ':flutter_olm:prepareLintJarForPublish' because:
[        ]   Build cache is disabled
[        ]   Caching has been disabled for the task
[        ] Skipping task ':flutter_olm:prepareLintJarForPublish' as it is up-to-date.
[        ] Resolve mutations for :flutter_olm:mergeDebugJavaResource (Thread[#41692,Execution worker Thread 28,5,main]) started.
[        ] :flutter_olm:mergeDebugJavaResource (Thread[#41692,Execution worker Thread 28,5,main]) started.
[        ] > Task :flutter_olm:mergeDebugJavaResource UP-TO-DATE
[        ] Caching disabled for task ':flutter_olm:mergeDebugJavaResource' because:
[        ]   Build cache is disabled
[        ]   Caching has been disabled for the task
[        ] Skipping task ':flutter_olm:mergeDebugJavaResource' as it is up-to-date.
[        ] Resolve mutations for :flutter_olm:syncDebugLibJars (Thread[#41692,Execution worker Thread 28,5,main]) started.
[        ] :flutter_olm:syncDebugLibJars (Thread[#41692,Execution worker Thread 28,5,main]) started.
[        ] > Task :flutter_olm:syncDebugLibJars UP-TO-DATE
[        ] Caching disabled for task ':flutter_olm:syncDebugLibJars' because:
[        ]   Build cache is disabled
[        ] Skipping task ':flutter_olm:syncDebugLibJars' as it is up-to-date.
[        ] Resolve mutations for :flutter_olm:bundleDebugAar (Thread[#41692,Execution worker Thread 28,5,main]) started.
[        ] :flutter_olm:bundleDebugAar (Thread[#41692,Execution worker Thread 28,5,main]) started.
[        ] > Task :flutter_olm:bundleDebugAar UP-TO-DATE
[        ] Caching disabled for task ':flutter_olm:bundleDebugAar' because:
[        ]   Build cache is disabled
[        ]   Caching has been disabled for the task
[        ] Skipping task ':flutter_olm:bundleDebugAar' as it is up-to-date.
[        ] Resolve mutations for :flutter_olm:assembleDebug (Thread[#41692,Execution worker Thread 28,5,main]) started.
[        ] :flutter_olm:assembleDebug (Thread[#41692,Execution worker Thread 28,5,main]) started.
[        ] > Task :flutter_olm:assembleDebug UP-TO-DATE
[        ] Skipping task ':flutter_olm:assembleDebug' as it has no actions.
[        ] Resolve mutations for :flutter_openssl_crypto:stripDebugDebugSymbols (Thread[#41692,Execution worker Thread 28,5,main]) started.
[        ] :flutter_openssl_crypto:stripDebugDebugSymbols (Thread[#41692,Execution worker Thread 28,5,main]) started.
[        ] > Task :flutter_openssl_crypto:stripDebugDebugSymbols UP-TO-DATE
[        ] Caching disabled for task ':flutter_openssl_crypto:stripDebugDebugSymbols' because:
[        ]   Build cache is disabled
[        ]   Caching has been disabled for the task
[        ] Skipping task ':flutter_openssl_crypto:stripDebugDebugSymbols' as it is up-to-date.
[        ] Resolve mutations for :flutter_openssl_crypto:copyDebugJniLibsProjectAndLocalJars (Thread[#41692,Execution worker Thread 28,5,main]) started.
[        ] :flutter_openssl_crypto:copyDebugJniLibsProjectAndLocalJars (Thread[#41692,Execution worker Thread 28,5,main]) started.
[        ] > Task :flutter_openssl_crypto:copyDebugJniLibsProjectAndLocalJars UP-TO-DATE
[        ] Caching disabled for task ':flutter_openssl_crypto:copyDebugJniLibsProjectAndLocalJars' because:
[        ]   Build cache is disabled
[        ]   Caching has been disabled for the task
[        ] Skipping task ':flutter_openssl_crypto:copyDebugJniLibsProjectAndLocalJars' as it is up-to-date.
[        ] Resolve mutations for :flutter_openssl_crypto:extractDebugAnnotations (Thread[#41692,Execution worker Thread 28,5,main]) started.
[        ] :flutter_openssl_crypto:extractDebugAnnotations (Thread[#41692,Execution worker Thread 28,5,main]) started.
[        ] > Task :flutter_openssl_crypto:extractDebugAnnotations UP-TO-DATE
[        ] Caching disabled for task ':flutter_openssl_crypto:extractDebugAnnotations' because:
[        ]   Build cache is disabled
[        ] Skipping task ':flutter_openssl_crypto:extractDebugAnnotations' as it is up-to-date.
[        ] Resolve mutations for :flutter_openssl_crypto:extractDeepLinksForAarDebug (Thread[#41692,Execution worker Thread 28,5,main]) started.
[        ] :flutter_openssl_crypto:extractDeepLinksForAarDebug (Thread[#41692,Execution worker Thread 28,5,main]) started.
[        ] > Task :flutter_openssl_crypto:extractDeepLinksForAarDebug UP-TO-DATE
[        ] Caching disabled for task ':flutter_openssl_crypto:extractDeepLinksForAarDebug' because:
[        ]   Build cache is disabled
[        ] Skipping task ':flutter_openssl_crypto:extractDeepLinksForAarDebug' as it is up-to-date.
[        ] Resolve mutations for :flutter_openssl_crypto:mergeDebugGeneratedProguardFiles (Thread[#41692,Execution worker Thread 28,5,main]) started.
[        ] :flutter_openssl_crypto:mergeDebugGeneratedProguardFiles (Thread[#41692,Execution worker Thread 28,5,main]) started.
[        ] > Task :flutter_openssl_crypto:mergeDebugGeneratedProguardFiles UP-TO-DATE
[        ] Caching disabled for task ':flutter_openssl_crypto:mergeDebugGeneratedProguardFiles' because:
[        ]   Build cache is disabled
[        ]   Simple merging task
[        ] Skipping task ':flutter_openssl_crypto:mergeDebugGeneratedProguardFiles' as it is up-to-date.
[        ] Resolve mutations for :flutter_openssl_crypto:mergeDebugConsumerProguardFiles (Thread[#41692,Execution worker Thread 28,5,main]) started.
[        ] :flutter_openssl_crypto:mergeDebugConsumerProguardFiles (Thread[#41692,Execution worker Thread 28,5,main]) started.
[        ] > Task :flutter_openssl_crypto:mergeDebugConsumerProguardFiles UP-TO-DATE
[        ] Caching disabled for task ':flutter_openssl_crypto:mergeDebugConsumerProguardFiles' because:
[        ]   Build cache is disabled
[        ]   Simple merging task
[        ] Skipping task ':flutter_openssl_crypto:mergeDebugConsumerProguardFiles' as it is up-to-date.
[        ] Resolve mutations for :flutter_openssl_crypto:prepareDebugArtProfile (Thread[#41692,Execution worker Thread 28,5,main]) started.
[        ] :flutter_openssl_crypto:prepareDebugArtProfile (Thread[#41692,Execution worker Thread 28,5,main]) started.
[        ] > Task :flutter_openssl_crypto:prepareDebugArtProfile UP-TO-DATE
[        ] Caching disabled for task ':flutter_openssl_crypto:prepareDebugArtProfile' because:
[        ]   Build cache is disabled
[        ]   Caching has been disabled for the task
[        ] Skipping task ':flutter_openssl_crypto:prepareDebugArtProfile' as it is up-to-date.
[        ] Resolve mutations for :flutter_openssl_crypto:prepareLintJarForPublish (Thread[#41692,Execution worker Thread 28,5,main]) started.
[        ] :flutter_openssl_crypto:prepareLintJarForPublish (Thread[#41692,Execution worker Thread 28,5,main]) started.
[        ] > Task :flutter_openssl_crypto:prepareLintJarForPublish UP-TO-DATE
[        ] Caching disabled for task ':flutter_openssl_crypto:prepareLintJarForPublish' because:
[        ]   Build cache is disabled
[        ]   Caching has been disabled for the task
[        ] Skipping task ':flutter_openssl_crypto:prepareLintJarForPublish' as it is up-to-date.
[        ] Resolve mutations for :flutter_openssl_crypto:mergeDebugJavaResource (Thread[#41692,Execution worker Thread 28,5,main]) started.
[        ] :flutter_openssl_crypto:mergeDebugJavaResource (Thread[#41692,Execution worker Thread 28,5,main]) started.
[        ] > Task :flutter_openssl_crypto:mergeDebugJavaResource UP-TO-DATE
[        ] Caching disabled for task ':flutter_openssl_crypto:mergeDebugJavaResource' because:
[        ]   Build cache is disabled
[        ]   Caching has been disabled for the task
[        ] Skipping task ':flutter_openssl_crypto:mergeDebugJavaResource' as it is up-to-date.
[        ] Resolve mutations for :flutter_openssl_crypto:syncDebugLibJars (Thread[#41692,Execution worker Thread 28,5,main]) started.
[        ] :flutter_openssl_crypto:syncDebugLibJars (Thread[#41692,Execution worker Thread 28,5,main]) started.
[        ] > Task :flutter_openssl_crypto:syncDebugLibJars UP-TO-DATE
[        ] Caching disabled for task ':flutter_openssl_crypto:syncDebugLibJars' because:
[        ]   Build cache is disabled
[        ] Skipping task ':flutter_openssl_crypto:syncDebugLibJars' as it is up-to-date.
[        ] Resolve mutations for :flutter_openssl_crypto:bundleDebugAar (Thread[#41692,Execution worker Thread 28,5,main]) started.
[        ] :flutter_openssl_crypto:bundleDebugAar (Thread[#41692,Execution worker Thread 28,5,main]) started.
[        ] > Task :flutter_openssl_crypto:bundleDebugAar UP-TO-DATE
[        ] Caching disabled for task ':flutter_openssl_crypto:bundleDebugAar' because:
[        ]   Build cache is disabled
[        ]   Caching has been disabled for the task
[        ] Skipping task ':flutter_openssl_crypto:bundleDebugAar' as it is up-to-date.
[        ] Resolve mutations for :flutter_openssl_crypto:assembleDebug (Thread[#41692,Execution worker Thread 28,5,main]) started.
[        ] :flutter_openssl_crypto:assembleDebug (Thread[#41692,Execution worker Thread 28,5,main]) started.
[        ] > Task :flutter_openssl_crypto:assembleDebug UP-TO-DATE
[        ] Skipping task ':flutter_openssl_crypto:assembleDebug' as it has no actions.
[        ] Resolve mutations for :integration_test:stripDebugDebugSymbols (Thread[#41692,Execution worker Thread 28,5,main]) started.
[        ] :integration_test:stripDebugDebugSymbols (Thread[#41692,Execution worker Thread 28,5,main]) started.
[        ] > Task :integration_test:stripDebugDebugSymbols NO-SOURCE
[        ] Skipping task ':integration_test:stripDebugDebugSymbols' as it has no source files and no previous output files.
[        ] Resolve mutations for :integration_test:copyDebugJniLibsProjectAndLocalJars (Thread[#41692,Execution worker Thread 28,5,main]) started.
[        ] :integration_test:copyDebugJniLibsProjectAndLocalJars (Thread[#41692,Execution worker Thread 28,5,main]) started.
[        ] > Task :integration_test:copyDebugJniLibsProjectAndLocalJars UP-TO-DATE
[        ] Caching disabled for task ':integration_test:copyDebugJniLibsProjectAndLocalJars' because:
[        ]   Build cache is disabled
[        ]   Caching has been disabled for the task
[        ] Skipping task ':integration_test:copyDebugJniLibsProjectAndLocalJars' as it is up-to-date.
[        ] Resolve mutations for :integration_test:extractDebugAnnotations (Thread[#41692,Execution worker Thread 28,5,main]) started.
[        ] :integration_test:extractDebugAnnotations (Thread[#41692,Execution worker Thread 28,5,main]) started.
[        ] > Task :integration_test:extractDebugAnnotations UP-TO-DATE
[        ] Caching disabled for task ':integration_test:extractDebugAnnotations' because:
[        ]   Build cache is disabled
[        ] Skipping task ':integration_test:extractDebugAnnotations' as it is up-to-date.
[        ] Resolve mutations for :integration_test:extractDeepLinksForAarDebug (Thread[#41692,Execution worker Thread 28,5,main]) started.
[        ] :integration_test:extractDeepLinksForAarDebug (Thread[#41692,Execution worker Thread 28,5,main]) started.
[        ] > Task :integration_test:extractDeepLinksForAarDebug UP-TO-DATE
[        ] Caching disabled for task ':integration_test:extractDeepLinksForAarDebug' because:
[        ]   Build cache is disabled
[        ] Skipping task ':integration_test:extractDeepLinksForAarDebug' as it is up-to-date.
[        ] Resolve mutations for :integration_test:mergeDebugGeneratedProguardFiles (Thread[#41692,Execution worker Thread 28,5,main]) started.
[        ] :integration_test:mergeDebugGeneratedProguardFiles (Thread[#41692,Execution worker Thread 28,5,main]) started.
[        ] > Task :integration_test:mergeDebugGeneratedProguardFiles UP-TO-DATE
[        ] Caching disabled for task ':integration_test:mergeDebugGeneratedProguardFiles' because:
[        ]   Build cache is disabled
[        ]   Simple merging task
[        ] Skipping task ':integration_test:mergeDebugGeneratedProguardFiles' as it is up-to-date.
[        ] Resolve mutations for :integration_test:mergeDebugConsumerProguardFiles (Thread[#41692,Execution worker Thread 28,5,main]) started.
[        ] :integration_test:mergeDebugConsumerProguardFiles (Thread[#41692,Execution worker Thread 28,5,main]) started.
[        ] > Task :integration_test:mergeDebugConsumerProguardFiles UP-TO-DATE
[        ] Caching disabled for task ':integration_test:mergeDebugConsumerProguardFiles' because:
[        ]   Build cache is disabled
[        ]   Simple merging task
[        ] Skipping task ':integration_test:mergeDebugConsumerProguardFiles' as it is up-to-date.
[        ] Resolve mutations for :integration_test:prepareDebugArtProfile (Thread[#41692,Execution worker Thread 28,5,main]) started.
[        ] :integration_test:prepareDebugArtProfile (Thread[#41692,Execution worker Thread 28,5,main]) started.
[        ] > Task :integration_test:prepareDebugArtProfile UP-TO-DATE
[        ] Caching disabled for task ':integration_test:prepareDebugArtProfile' because:
[        ]   Build cache is disabled
[        ]   Caching has been disabled for the task
[        ] Skipping task ':integration_test:prepareDebugArtProfile' as it is up-to-date.
[        ] Resolve mutations for :integration_test:prepareLintJarForPublish (Thread[#41692,Execution worker Thread 28,5,main]) started.
[        ] :integration_test:prepareLintJarForPublish (Thread[#41692,Execution worker Thread 28,5,main]) started.
[        ] > Task :integration_test:prepareLintJarForPublish UP-TO-DATE
[        ] Caching disabled for task ':integration_test:prepareLintJarForPublish' because:
[        ]   Build cache is disabled
[        ]   Caching has been disabled for the task
[        ] Skipping task ':integration_test:prepareLintJarForPublish' as it is up-to-date.
[        ] Resolve mutations for :integration_test:mergeDebugJavaResource (Thread[#41692,Execution worker Thread 28,5,main]) started.
[        ] :integration_test:mergeDebugJavaResource (Thread[#41692,Execution worker Thread 28,5,main]) started.
[        ] > Task :integration_test:mergeDebugJavaResource UP-TO-DATE
[        ] Caching disabled for task ':integration_test:mergeDebugJavaResource' because:
[        ]   Build cache is disabled
[        ]   Caching has been disabled for the task
[        ] Skipping task ':integration_test:mergeDebugJavaResource' as it is up-to-date.
[        ] Resolve mutations for :integration_test:syncDebugLibJars (Thread[#41692,Execution worker Thread 28,5,main]) started.
[        ] :integration_test:syncDebugLibJars (Thread[#41692,Execution worker Thread 28,5,main]) started.
[        ] > Task :integration_test:syncDebugLibJars UP-TO-DATE
[        ] Caching disabled for task ':integration_test:syncDebugLibJars' because:
[        ]   Build cache is disabled
[        ] Skipping task ':integration_test:syncDebugLibJars' as it is up-to-date.
[        ] Resolve mutations for :integration_test:bundleDebugAar (Thread[#41692,Execution worker Thread 28,5,main]) started.
[        ] :integration_test:bundleDebugAar (Thread[#41692,Execution worker Thread 28,5,main]) started.
[        ] > Task :integration_test:bundleDebugAar UP-TO-DATE
[        ] Caching disabled for task ':integration_test:bundleDebugAar' because:
[        ]   Build cache is disabled
[        ]   Caching has been disabled for the task
[        ] Skipping task ':integration_test:bundleDebugAar' as it is up-to-date.
[        ] Resolve mutations for :integration_test:assembleDebug (Thread[#41692,Execution worker Thread 28,5,main]) started.
[        ] :integration_test:assembleDebug (Thread[#41692,Execution worker Thread 28,5,main]) started.
[        ] > Task :integration_test:assembleDebug UP-TO-DATE
[        ] Skipping task ':integration_test:assembleDebug' as it has no actions.
[        ] Resolve mutations for :path_provider_android:stripDebugDebugSymbols (Thread[#41692,Execution worker Thread 28,5,main]) started.
[        ] :path_provider_android:stripDebugDebugSymbols (Thread[#41692,Execution worker Thread 28,5,main]) started.
[        ] > Task :path_provider_android:stripDebugDebugSymbols NO-SOURCE
[        ] Skipping task ':path_provider_android:stripDebugDebugSymbols' as it has no source files and no previous output files.
[        ] Resolve mutations for :path_provider_android:copyDebugJniLibsProjectAndLocalJars (Thread[#41692,Execution worker Thread 28,5,main]) started.
[        ] :path_provider_android:copyDebugJniLibsProjectAndLocalJars (Thread[#41692,Execution worker Thread 28,5,main]) started.
[        ] > Task :path_provider_android:copyDebugJniLibsProjectAndLocalJars UP-TO-DATE
[        ] Caching disabled for task ':path_provider_android:copyDebugJniLibsProjectAndLocalJars' because:
[        ]   Build cache is disabled
[        ]   Caching has been disabled for the task
[        ] Skipping task ':path_provider_android:copyDebugJniLibsProjectAndLocalJars' as it is up-to-date.
[        ] Resolve mutations for :path_provider_android:extractDebugAnnotations (Thread[#41692,Execution worker Thread 28,5,main]) started.
[        ] :path_provider_android:extractDebugAnnotations (Thread[#41692,Execution worker Thread 28,5,main]) started.
[        ] > Task :path_provider_android:extractDebugAnnotations UP-TO-DATE
[        ] Caching disabled for task ':path_provider_android:extractDebugAnnotations' because:
[        ]   Build cache is disabled
[        ] Skipping task ':path_provider_android:extractDebugAnnotations' as it is up-to-date.
[        ] Resolve mutations for :path_provider_android:extractDeepLinksForAarDebug (Thread[#41692,Execution worker Thread 28,5,main]) started.
[        ] :path_provider_android:extractDeepLinksForAarDebug (Thread[#41692,Execution worker Thread 28,5,main]) started.
[        ] > Task :path_provider_android:extractDeepLinksForAarDebug UP-TO-DATE
[        ] Caching disabled for task ':path_provider_android:extractDeepLinksForAarDebug' because:
[        ]   Build cache is disabled
[        ] Skipping task ':path_provider_android:extractDeepLinksForAarDebug' as it is up-to-date.
[        ] Resolve mutations for :path_provider_android:mergeDebugGeneratedProguardFiles (Thread[#41692,Execution worker Thread 28,5,main]) started.
[        ] :path_provider_android:mergeDebugGeneratedProguardFiles (Thread[#41692,Execution worker Thread 28,5,main]) started.
[        ] > Task :path_provider_android:mergeDebugGeneratedProguardFiles UP-TO-DATE
[        ] Caching disabled for task ':path_provider_android:mergeDebugGeneratedProguardFiles' because:
[        ]   Build cache is disabled
[        ]   Simple merging task
[        ] Skipping task ':path_provider_android:mergeDebugGeneratedProguardFiles' as it is up-to-date.
[        ] Resolve mutations for :path_provider_android:mergeDebugConsumerProguardFiles (Thread[#41692,Execution worker Thread 28,5,main]) started.
[        ] :path_provider_android:mergeDebugConsumerProguardFiles (Thread[#41692,Execution worker Thread 28,5,main]) started.
[        ] > Task :path_provider_android:mergeDebugConsumerProguardFiles UP-TO-DATE
[        ] Caching disabled for task ':path_provider_android:mergeDebugConsumerProguardFiles' because:
[        ]   Build cache is disabled
[        ]   Simple merging task
[        ] Skipping task ':path_provider_android:mergeDebugConsumerProguardFiles' as it is up-to-date.
[        ] Resolve mutations for :path_provider_android:prepareDebugArtProfile (Thread[#41692,Execution worker Thread 28,5,main]) started.
[        ] :path_provider_android:prepareDebugArtProfile (Thread[#41692,Execution worker Thread 28,5,main]) started.
[        ] > Task :path_provider_android:prepareDebugArtProfile UP-TO-DATE
[        ] Caching disabled for task ':path_provider_android:prepareDebugArtProfile' because:
[        ]   Build cache is disabled
[        ]   Caching has been disabled for the task
[        ] Skipping task ':path_provider_android:prepareDebugArtProfile' as it is up-to-date.
[        ] Resolve mutations for :path_provider_android:prepareLintJarForPublish (Thread[#41692,Execution worker Thread 28,5,main]) started.
[        ] :path_provider_android:prepareLintJarForPublish (Thread[#41692,Execution worker Thread 28,5,main]) started.
[        ] > Task :path_provider_android:prepareLintJarForPublish UP-TO-DATE
[        ] Caching disabled for task ':path_provider_android:prepareLintJarForPublish' because:
[        ]   Build cache is disabled
[        ]   Caching has been disabled for the task
[        ] Skipping task ':path_provider_android:prepareLintJarForPublish' as it is up-to-date.
[        ] Resolve mutations for :path_provider_android:mergeDebugJavaResource (Thread[#41692,Execution worker Thread 28,5,main]) started.
[        ] :path_provider_android:mergeDebugJavaResource (Thread[#41692,Execution worker Thread 28,5,main]) started.
[        ] > Task :path_provider_android:mergeDebugJavaResource UP-TO-DATE
[        ] Caching disabled for task ':path_provider_android:mergeDebugJavaResource' because:
[        ]   Build cache is disabled
[        ]   Caching has been disabled for the task
[        ] Skipping task ':path_provider_android:mergeDebugJavaResource' as it is up-to-date.
[        ] Resolve mutations for :path_provider_android:syncDebugLibJars (Thread[#41692,Execution worker Thread 28,5,main]) started.
[        ] :path_provider_android:syncDebugLibJars (Thread[#41692,Execution worker Thread 28,5,main]) started.
[        ] > Task :path_provider_android:syncDebugLibJars UP-TO-DATE
[        ] Caching disabled for task ':path_provider_android:syncDebugLibJars' because:
[        ]   Build cache is disabled
[        ] Skipping task ':path_provider_android:syncDebugLibJars' as it is up-to-date.
[        ] Resolve mutations for :path_provider_android:bundleDebugAar (Thread[#41692,Execution worker Thread 28,5,main]) started.
[        ] :path_provider_android:bundleDebugAar (Thread[#41692,Execution worker Thread 28,5,main]) started.
[        ] > Task :path_provider_android:bundleDebugAar UP-TO-DATE
[        ] Caching disabled for task ':path_provider_android:bundleDebugAar' because:
[        ]   Build cache is disabled
[        ]   Caching has been disabled for the task
[        ] Skipping task ':path_provider_android:bundleDebugAar' as it is up-to-date.
[        ] Resolve mutations for :path_provider_android:assembleDebug (Thread[#41692,Execution worker Thread 28,5,main]) started.
[        ] :path_provider_android:assembleDebug (Thread[#41692,Execution worker Thread 28,5,main]) started.
[        ] > Task :path_provider_android:assembleDebug UP-TO-DATE
[        ] Skipping task ':path_provider_android:assembleDebug' as it has no actions.
[        ] Resolve mutations for :quill_native_bridge_android:stripDebugDebugSymbols (Thread[#41692,Execution worker Thread 28,5,main]) started.
[        ] :quill_native_bridge_android:stripDebugDebugSymbols (Thread[#41692,Execution worker Thread 28,5,main]) started.
[        ] > Task :quill_native_bridge_android:stripDebugDebugSymbols NO-SOURCE
[        ] Skipping task ':quill_native_bridge_android:stripDebugDebugSymbols' as it has no source files and no previous output files.
[        ] Resolve mutations for :quill_native_bridge_android:copyDebugJniLibsProjectAndLocalJars (Thread[#41692,Execution worker Thread 28,5,main]) started.
[        ] :quill_native_bridge_android:copyDebugJniLibsProjectAndLocalJars (Thread[#41692,Execution worker Thread 28,5,main]) started.
[        ] > Task :quill_native_bridge_android:copyDebugJniLibsProjectAndLocalJars UP-TO-DATE
[        ] Caching disabled for task ':quill_native_bridge_android:copyDebugJniLibsProjectAndLocalJars' because:
[        ]   Build cache is disabled
[        ]   Caching has been disabled for the task
[        ] Skipping task ':quill_native_bridge_android:copyDebugJniLibsProjectAndLocalJars' as it is up-to-date.
[        ] Resolve mutations for :quill_native_bridge_android:extractDebugAnnotations (Thread[#41692,Execution worker Thread 28,5,main]) started.
[        ] :quill_native_bridge_android:extractDebugAnnotations (Thread[#41692,Execution worker Thread 28,5,main]) started.
[        ] > Task :quill_native_bridge_android:extractDebugAnnotations UP-TO-DATE
[        ] Caching disabled for task ':quill_native_bridge_android:extractDebugAnnotations' because:
[        ]   Build cache is disabled
[        ] Skipping task ':quill_native_bridge_android:extractDebugAnnotations' as it is up-to-date.
[        ] Resolve mutations for :quill_native_bridge_android:extractDeepLinksForAarDebug (Thread[#41692,Execution worker Thread 28,5,main]) started.
[        ] :quill_native_bridge_android:extractDeepLinksForAarDebug (Thread[#41692,Execution worker Thread 28,5,main]) started.
[        ] > Task :quill_native_bridge_android:extractDeepLinksForAarDebug UP-TO-DATE
[        ] Caching disabled for task ':quill_native_bridge_android:extractDeepLinksForAarDebug' because:
[        ]   Build cache is disabled
[        ] Skipping task ':quill_native_bridge_android:extractDeepLinksForAarDebug' as it is up-to-date.
[        ] Resolve mutations for :quill_native_bridge_android:mergeDebugGeneratedProguardFiles (Thread[#41692,Execution worker Thread 28,5,main]) started.
[        ] :quill_native_bridge_android:mergeDebugGeneratedProguardFiles (Thread[#41692,Execution worker Thread 28,5,main]) started.
[        ] > Task :quill_native_bridge_android:mergeDebugGeneratedProguardFiles UP-TO-DATE
[        ] Caching disabled for task ':quill_native_bridge_android:mergeDebugGeneratedProguardFiles' because:
[        ]   Build cache is disabled
[        ]   Simple merging task
[        ] Skipping task ':quill_native_bridge_android:mergeDebugGeneratedProguardFiles' as it is up-to-date.
[        ] Resolve mutations for :quill_native_bridge_android:mergeDebugConsumerProguardFiles (Thread[#41692,Execution worker Thread 28,5,main]) started.
[        ] :quill_native_bridge_android:mergeDebugConsumerProguardFiles (Thread[#41692,Execution worker Thread 28,5,main]) started.
[        ] > Task :quill_native_bridge_android:mergeDebugConsumerProguardFiles UP-TO-DATE
[        ] Caching disabled for task ':quill_native_bridge_android:mergeDebugConsumerProguardFiles' because:
[        ]   Build cache is disabled
[        ]   Simple merging task
[        ] Skipping task ':quill_native_bridge_android:mergeDebugConsumerProguardFiles' as it is up-to-date.
[        ] Resolve mutations for :quill_native_bridge_android:prepareDebugArtProfile (Thread[#41692,Execution worker Thread 28,5,main]) started.
[        ] :quill_native_bridge_android:prepareDebugArtProfile (Thread[#41692,Execution worker Thread 28,5,main]) started.
[        ] > Task :quill_native_bridge_android:prepareDebugArtProfile UP-TO-DATE
[        ] Caching disabled for task ':quill_native_bridge_android:prepareDebugArtProfile' because:
[        ]   Build cache is disabled
[        ]   Caching has been disabled for the task
[        ] Skipping task ':quill_native_bridge_android:prepareDebugArtProfile' as it is up-to-date.
[        ] Resolve mutations for :quill_native_bridge_android:prepareLintJarForPublish (Thread[#41692,Execution worker Thread 28,5,main]) started.
[        ] :quill_native_bridge_android:prepareLintJarForPublish (Thread[#41692,Execution worker Thread 28,5,main]) started.
[        ] > Task :quill_native_bridge_android:prepareLintJarForPublish UP-TO-DATE
[        ] Caching disabled for task ':quill_native_bridge_android:prepareLintJarForPublish' because:
[        ]   Build cache is disabled
[        ]   Caching has been disabled for the task
[        ] Skipping task ':quill_native_bridge_android:prepareLintJarForPublish' as it is up-to-date.
[        ] Resolve mutations for :quill_native_bridge_android:mergeDebugJavaResource (Thread[#41692,Execution worker Thread 28,5,main]) started.
[        ] :quill_native_bridge_android:mergeDebugJavaResource (Thread[#41692,Execution worker Thread 28,5,main]) started.
[        ] > Task :quill_native_bridge_android:mergeDebugJavaResource UP-TO-DATE
[        ] Caching disabled for task ':quill_native_bridge_android:mergeDebugJavaResource' because:
[        ]   Build cache is disabled
[        ]   Caching has been disabled for the task
[        ] Skipping task ':quill_native_bridge_android:mergeDebugJavaResource' as it is up-to-date.
[        ] Resolve mutations for :quill_native_bridge_android:syncDebugLibJars (Thread[#41692,Execution worker Thread 28,5,main]) started.
[        ] :quill_native_bridge_android:syncDebugLibJars (Thread[#41692,Execution worker Thread 28,5,main]) started.
[        ] > Task :quill_native_bridge_android:syncDebugLibJars UP-TO-DATE
[        ] Caching disabled for task ':quill_native_bridge_android:syncDebugLibJars' because:
[        ]   Build cache is disabled
[        ] Skipping task ':quill_native_bridge_android:syncDebugLibJars' as it is up-to-date.
[        ] Resolve mutations for :quill_native_bridge_android:bundleDebugAar (Thread[#41692,Execution worker Thread 28,5,main]) started.
[        ] :quill_native_bridge_android:bundleDebugAar (Thread[#41692,Execution worker Thread 28,5,main]) started.
[        ] > Task :quill_native_bridge_android:bundleDebugAar UP-TO-DATE
[        ] Caching disabled for task ':quill_native_bridge_android:bundleDebugAar' because:
[        ]   Build cache is disabled
[        ]   Caching has been disabled for the task
[        ] Skipping task ':quill_native_bridge_android:bundleDebugAar' as it is up-to-date.
[        ] Resolve mutations for :quill_native_bridge_android:assembleDebug (Thread[#41692,Execution worker Thread 28,5,main]) started.
[        ] :quill_native_bridge_android:assembleDebug (Thread[#41692,Execution worker Thread 28,5,main]) started.
[        ] > Task :quill_native_bridge_android:assembleDebug UP-TO-DATE
[        ] Skipping task ':quill_native_bridge_android:assembleDebug' as it has no actions.
[        ] Resolve mutations for :shared_preferences_android:stripDebugDebugSymbols (Thread[#41692,Execution worker Thread 28,5,main]) started.
[        ] :shared_preferences_android:stripDebugDebugSymbols (Thread[#41692,Execution worker Thread 28,5,main]) started.
[        ] > Task :shared_preferences_android:stripDebugDebugSymbols NO-SOURCE
[        ] Skipping task ':shared_preferences_android:stripDebugDebugSymbols' as it has no source files and no previous output files.
[        ] Resolve mutations for :shared_preferences_android:copyDebugJniLibsProjectAndLocalJars (Thread[#41692,Execution worker Thread 28,5,main]) started.
[        ] :shared_preferences_android:copyDebugJniLibsProjectAndLocalJars (Thread[#41692,Execution worker Thread 28,5,main]) started.
[        ] > Task :shared_preferences_android:copyDebugJniLibsProjectAndLocalJars UP-TO-DATE
[        ] Caching disabled for task ':shared_preferences_android:copyDebugJniLibsProjectAndLocalJars' because:
[        ]   Build cache is disabled
[        ]   Caching has been disabled for the task
[        ] Skipping task ':shared_preferences_android:copyDebugJniLibsProjectAndLocalJars' as it is up-to-date.
[        ] Resolve mutations for :shared_preferences_android:extractDebugAnnotations (Thread[#41692,Execution worker Thread 28,5,main]) started.
[        ] :shared_preferences_android:extractDebugAnnotations (Thread[#41692,Execution worker Thread 28,5,main]) started.
[        ] > Task :shared_preferences_android:extractDebugAnnotations UP-TO-DATE
[        ] Caching disabled for task ':shared_preferences_android:extractDebugAnnotations' because:
[        ]   Build cache is disabled
[        ] Skipping task ':shared_preferences_android:extractDebugAnnotations' as it is up-to-date.
[        ] Resolve mutations for :shared_preferences_android:extractDeepLinksForAarDebug (Thread[#41692,Execution worker Thread 28,5,main]) started.
[        ] :shared_preferences_android:extractDeepLinksForAarDebug (Thread[#41692,Execution worker Thread 28,5,main]) started.
[        ] > Task :shared_preferences_android:extractDeepLinksForAarDebug UP-TO-DATE
[        ] Caching disabled for task ':shared_preferences_android:extractDeepLinksForAarDebug' because:
[        ]   Build cache is disabled
[        ] Skipping task ':shared_preferences_android:extractDeepLinksForAarDebug' as it is up-to-date.
[        ] Resolve mutations for :shared_preferences_android:mergeDebugGeneratedProguardFiles (Thread[#41692,Execution worker Thread 28,5,main]) started.
[        ] :shared_preferences_android:mergeDebugGeneratedProguardFiles (Thread[#41692,Execution worker Thread 28,5,main]) started.
[        ] > Task :shared_preferences_android:mergeDebugGeneratedProguardFiles UP-TO-DATE
[        ] Caching disabled for task ':shared_preferences_android:mergeDebugGeneratedProguardFiles' because:
[        ]   Build cache is disabled
[        ]   Simple merging task
[        ] Skipping task ':shared_preferences_android:mergeDebugGeneratedProguardFiles' as it is up-to-date.
[        ] Resolve mutations for :shared_preferences_android:mergeDebugConsumerProguardFiles (Thread[#41692,Execution worker Thread 28,5,main]) started.
[        ] :shared_preferences_android:mergeDebugConsumerProguardFiles (Thread[#41692,Execution worker Thread 28,5,main]) started.
[        ] > Task :shared_preferences_android:mergeDebugConsumerProguardFiles UP-TO-DATE
[        ] Caching disabled for task ':shared_preferences_android:mergeDebugConsumerProguardFiles' because:
[        ]   Build cache is disabled
[        ]   Simple merging task
[        ] Skipping task ':shared_preferences_android:mergeDebugConsumerProguardFiles' as it is up-to-date.
[        ] Resolve mutations for :shared_preferences_android:prepareDebugArtProfile (Thread[#41692,Execution worker Thread 28,5,main]) started.
[        ] :shared_preferences_android:prepareDebugArtProfile (Thread[#41692,Execution worker Thread 28,5,main]) started.
[        ] > Task :shared_preferences_android:prepareDebugArtProfile UP-TO-DATE
[        ] Caching disabled for task ':shared_preferences_android:prepareDebugArtProfile' because:
[        ]   Build cache is disabled
[        ]   Caching has been disabled for the task
[        ] Skipping task ':shared_preferences_android:prepareDebugArtProfile' as it is up-to-date.
[        ] Resolve mutations for :shared_preferences_android:prepareLintJarForPublish (Thread[#41692,Execution worker Thread 28,5,main]) started.
[        ] :shared_preferences_android:prepareLintJarForPublish (Thread[#41692,Execution worker Thread 28,5,main]) started.
[        ] > Task :shared_preferences_android:prepareLintJarForPublish UP-TO-DATE
[        ] Caching disabled for task ':shared_preferences_android:prepareLintJarForPublish' because:
[        ]   Build cache is disabled
[        ]   Caching has been disabled for the task
[        ] Skipping task ':shared_preferences_android:prepareLintJarForPublish' as it is up-to-date.
[        ] Resolve mutations for :shared_preferences_android:mergeDebugJavaResource (Thread[#41692,Execution worker Thread 28,5,main]) started.
[        ] :shared_preferences_android:mergeDebugJavaResource (Thread[#41692,Execution worker Thread 28,5,main]) started.
[        ] > Task :shared_preferences_android:mergeDebugJavaResource UP-TO-DATE
[        ] Caching disabled for task ':shared_preferences_android:mergeDebugJavaResource' because:
[        ]   Build cache is disabled
[        ]   Caching has been disabled for the task
[        ] Skipping task ':shared_preferences_android:mergeDebugJavaResource' as it is up-to-date.
[        ] Resolve mutations for :shared_preferences_android:syncDebugLibJars (Thread[#41692,Execution worker Thread 28,5,main]) started.
[        ] :shared_preferences_android:syncDebugLibJars (Thread[#41692,Execution worker Thread 28,5,main]) started.
[        ] > Task :shared_preferences_android:syncDebugLibJars UP-TO-DATE
[        ] Caching disabled for task ':shared_preferences_android:syncDebugLibJars' because:
[        ]   Build cache is disabled
[        ] Skipping task ':shared_preferences_android:syncDebugLibJars' as it is up-to-date.
[        ] Resolve mutations for :shared_preferences_android:bundleDebugAar (Thread[#41692,Execution worker Thread 28,5,main]) started.
[        ] :shared_preferences_android:bundleDebugAar (Thread[#41692,Execution worker Thread 28,5,main]) started.
[        ] > Task :shared_preferences_android:bundleDebugAar UP-TO-DATE
[        ] Caching disabled for task ':shared_preferences_android:bundleDebugAar' because:
[        ]   Build cache is disabled
[        ]   Caching has been disabled for the task
[        ] Skipping task ':shared_preferences_android:bundleDebugAar' as it is up-to-date.
[        ] Resolve mutations for :shared_preferences_android:assembleDebug (Thread[#41692,Execution worker Thread 28,5,main]) started.
[        ] :shared_preferences_android:assembleDebug (Thread[#41692,Execution worker Thread 28,5,main]) started.
[        ] > Task :shared_preferences_android:assembleDebug UP-TO-DATE
[        ] Skipping task ':shared_preferences_android:assembleDebug' as it has no actions.
[        ] Resolve mutations for :sqflite_android:stripDebugDebugSymbols (Thread[#41692,Execution worker Thread 28,5,main]) started.
[        ] :sqflite_android:stripDebugDebugSymbols (Thread[#41692,Execution worker Thread 28,5,main]) started.
[        ] > Task :sqflite_android:stripDebugDebugSymbols NO-SOURCE
[        ] Skipping task ':sqflite_android:stripDebugDebugSymbols' as it has no source files and no previous output files.
[        ] Resolve mutations for :sqflite_android:copyDebugJniLibsProjectAndLocalJars (Thread[#41692,Execution worker Thread 28,5,main]) started.
[        ] :sqflite_android:copyDebugJniLibsProjectAndLocalJars (Thread[#41692,Execution worker Thread 28,5,main]) started.
[        ] > Task :sqflite_android:copyDebugJniLibsProjectAndLocalJars UP-TO-DATE
[        ] Caching disabled for task ':sqflite_android:copyDebugJniLibsProjectAndLocalJars' because:
[        ]   Build cache is disabled
[        ]   Caching has been disabled for the task
[        ] Skipping task ':sqflite_android:copyDebugJniLibsProjectAndLocalJars' as it is up-to-date.
[        ] Resolve mutations for :sqflite_android:extractDebugAnnotations (Thread[#41692,Execution worker Thread 28,5,main]) started.
[        ] :sqflite_android:extractDebugAnnotations (Thread[#41692,Execution worker Thread 28,5,main]) started.
[        ] > Task :sqflite_android:extractDebugAnnotations UP-TO-DATE
[        ] Caching disabled for task ':sqflite_android:extractDebugAnnotations' because:
[        ]   Build cache is disabled
[        ] Skipping task ':sqflite_android:extractDebugAnnotations' as it is up-to-date.
[        ] Resolve mutations for :sqflite_android:extractDeepLinksForAarDebug (Thread[#41692,Execution worker Thread 28,5,main]) started.
[        ] :sqflite_android:extractDeepLinksForAarDebug (Thread[#41692,Execution worker Thread 28,5,main]) started.
[        ] > Task :sqflite_android:extractDeepLinksForAarDebug UP-TO-DATE
[        ] Caching disabled for task ':sqflite_android:extractDeepLinksForAarDebug' because:
[        ]   Build cache is disabled
[        ] Skipping task ':sqflite_android:extractDeepLinksForAarDebug' as it is up-to-date.
[        ] Resolve mutations for :sqflite_android:mergeDebugGeneratedProguardFiles (Thread[#41692,Execution worker Thread 28,5,main]) started.
[        ] :sqflite_android:mergeDebugGeneratedProguardFiles (Thread[#41692,Execution worker Thread 28,5,main]) started.
[        ] > Task :sqflite_android:mergeDebugGeneratedProguardFiles UP-TO-DATE
[        ] Caching disabled for task ':sqflite_android:mergeDebugGeneratedProguardFiles' because:
[        ]   Build cache is disabled
[        ]   Simple merging task
[        ] Skipping task ':sqflite_android:mergeDebugGeneratedProguardFiles' as it is up-to-date.
[        ] Resolve mutations for :sqflite_android:mergeDebugConsumerProguardFiles (Thread[#41692,Execution worker Thread 28,5,main]) started.
[        ] :sqflite_android:mergeDebugConsumerProguardFiles (Thread[#41692,Execution worker Thread 28,5,main]) started.
[        ] > Task :sqflite_android:mergeDebugConsumerProguardFiles UP-TO-DATE
[        ] Caching disabled for task ':sqflite_android:mergeDebugConsumerProguardFiles' because:
[        ]   Build cache is disabled
[        ]   Simple merging task
[        ] Skipping task ':sqflite_android:mergeDebugConsumerProguardFiles' as it is up-to-date.
[        ] Resolve mutations for :sqflite_android:prepareDebugArtProfile (Thread[#41692,Execution worker Thread 28,5,main]) started.
[        ] :sqflite_android:prepareDebugArtProfile (Thread[#41692,Execution worker Thread 28,5,main]) started.
[        ] > Task :sqflite_android:prepareDebugArtProfile UP-TO-DATE
[        ] Caching disabled for task ':sqflite_android:prepareDebugArtProfile' because:
[        ]   Build cache is disabled
[        ]   Caching has been disabled for the task
[        ] Skipping task ':sqflite_android:prepareDebugArtProfile' as it is up-to-date.
[        ] Resolve mutations for :sqflite_android:prepareLintJarForPublish (Thread[#41692,Execution worker Thread 28,5,main]) started.
[        ] :sqflite_android:prepareLintJarForPublish (Thread[#41692,Execution worker Thread 28,5,main]) started.
[        ] > Task :sqflite_android:prepareLintJarForPublish UP-TO-DATE
[        ] Caching disabled for task ':sqflite_android:prepareLintJarForPublish' because:
[        ]   Build cache is disabled
[        ]   Caching has been disabled for the task
[        ] Skipping task ':sqflite_android:prepareLintJarForPublish' as it is up-to-date.
[        ] Resolve mutations for :sqflite_android:mergeDebugJavaResource (Thread[#41692,Execution worker Thread 28,5,main]) started.
[        ] :sqflite_android:mergeDebugJavaResource (Thread[#41692,Execution worker Thread 28,5,main]) started.
[        ] > Task :sqflite_android:mergeDebugJavaResource UP-TO-DATE
[        ] Caching disabled for task ':sqflite_android:mergeDebugJavaResource' because:
[        ]   Build cache is disabled
[        ]   Caching has been disabled for the task
[        ] Skipping task ':sqflite_android:mergeDebugJavaResource' as it is up-to-date.
[        ] Resolve mutations for :sqflite_android:syncDebugLibJars (Thread[#41692,Execution worker Thread 28,5,main]) started.
[        ] :sqflite_android:syncDebugLibJars (Thread[#41692,Execution worker Thread 28,5,main]) started.
[        ] > Task :sqflite_android:syncDebugLibJars UP-TO-DATE
[        ] Caching disabled for task ':sqflite_android:syncDebugLibJars' because:
[        ]   Build cache is disabled
[        ] Skipping task ':sqflite_android:syncDebugLibJars' as it is up-to-date.
[        ] Resolve mutations for :sqflite_android:bundleDebugAar (Thread[#41692,Execution worker Thread 28,5,main]) started.
[        ] :sqflite_android:bundleDebugAar (Thread[#41692,Execution worker Thread 28,5,main]) started.
[        ] > Task :sqflite_android:bundleDebugAar UP-TO-DATE
[        ] Caching disabled for task ':sqflite_android:bundleDebugAar' because:
[        ]   Build cache is disabled
[        ]   Caching has been disabled for the task
[        ] Skipping task ':sqflite_android:bundleDebugAar' as it is up-to-date.
[        ] Resolve mutations for :sqflite_android:assembleDebug (Thread[#41692,Execution worker Thread 28,5,main]) started.
[        ] :sqflite_android:assembleDebug (Thread[#41692,Execution worker Thread 28,5,main]) started.
[        ] > Task :sqflite_android:assembleDebug UP-TO-DATE
[        ] Skipping task ':sqflite_android:assembleDebug' as it has no actions.
[        ] Resolve mutations for :url_launcher_android:stripDebugDebugSymbols (Thread[#41692,Execution worker Thread 28,5,main]) started.
[        ] :url_launcher_android:stripDebugDebugSymbols (Thread[#41692,Execution worker Thread 28,5,main]) started.
[        ] > Task :url_launcher_android:stripDebugDebugSymbols NO-SOURCE
[        ] Skipping task ':url_launcher_android:stripDebugDebugSymbols' as it has no source files and no previous output files.
[        ] Resolve mutations for :url_launcher_android:copyDebugJniLibsProjectAndLocalJars (Thread[#41692,Execution worker Thread 28,5,main]) started.
[        ] :url_launcher_android:copyDebugJniLibsProjectAndLocalJars (Thread[#41692,Execution worker Thread 28,5,main]) started.
[        ] > Task :url_launcher_android:copyDebugJniLibsProjectAndLocalJars UP-TO-DATE
[        ] Caching disabled for task ':url_launcher_android:copyDebugJniLibsProjectAndLocalJars' because:
[        ]   Build cache is disabled
[        ]   Caching has been disabled for the task
[        ] Skipping task ':url_launcher_android:copyDebugJniLibsProjectAndLocalJars' as it is up-to-date.
[        ] Resolve mutations for :url_launcher_android:extractDebugAnnotations (Thread[#41692,Execution worker Thread 28,5,main]) started.
[        ] :url_launcher_android:extractDebugAnnotations (Thread[#41692,Execution worker Thread 28,5,main]) started.
[        ] > Task :url_launcher_android:extractDebugAnnotations UP-TO-DATE
[        ] Caching disabled for task ':url_launcher_android:extractDebugAnnotations' because:
[        ]   Build cache is disabled
[        ] Skipping task ':url_launcher_android:extractDebugAnnotations' as it is up-to-date.
[        ] Resolve mutations for :url_launcher_android:extractDeepLinksForAarDebug (Thread[#41692,Execution worker Thread 28,5,main]) started.
[        ] :url_launcher_android:extractDeepLinksForAarDebug (Thread[#41692,Execution worker Thread 28,5,main]) started.
[        ] > Task :url_launcher_android:extractDeepLinksForAarDebug UP-TO-DATE
[        ] Caching disabled for task ':url_launcher_android:extractDeepLinksForAarDebug' because:
[        ]   Build cache is disabled
[        ] Skipping task ':url_launcher_android:extractDeepLinksForAarDebug' as it is up-to-date.
[        ] Resolve mutations for :url_launcher_android:mergeDebugGeneratedProguardFiles (Thread[#41692,Execution worker Thread 28,5,main]) started.
[        ] :url_launcher_android:mergeDebugGeneratedProguardFiles (Thread[#41692,Execution worker Thread 28,5,main]) started.
[        ] > Task :url_launcher_android:mergeDebugGeneratedProguardFiles UP-TO-DATE
[        ] Caching disabled for task ':url_launcher_android:mergeDebugGeneratedProguardFiles' because:
[        ]   Build cache is disabled
[        ]   Simple merging task
[        ] Skipping task ':url_launcher_android:mergeDebugGeneratedProguardFiles' as it is up-to-date.
[        ] Resolve mutations for :url_launcher_android:mergeDebugConsumerProguardFiles (Thread[#41692,Execution worker Thread 28,5,main]) started.
[        ] :url_launcher_android:mergeDebugConsumerProguardFiles (Thread[#41692,Execution worker Thread 28,5,main]) started.
[        ] > Task :url_launcher_android:mergeDebugConsumerProguardFiles UP-TO-DATE
[        ] Caching disabled for task ':url_launcher_android:mergeDebugConsumerProguardFiles' because:
[        ]   Build cache is disabled
[        ]   Simple merging task
[        ] Skipping task ':url_launcher_android:mergeDebugConsumerProguardFiles' as it is up-to-date.
[        ] Resolve mutations for :url_launcher_android:prepareDebugArtProfile (Thread[#41692,Execution worker Thread 28,5,main]) started.
[        ] :url_launcher_android:prepareDebugArtProfile (Thread[#41692,Execution worker Thread 28,5,main]) started.
[        ] > Task :url_launcher_android:prepareDebugArtProfile UP-TO-DATE
[        ] Caching disabled for task ':url_launcher_android:prepareDebugArtProfile' because:
[        ]   Build cache is disabled
[        ]   Caching has been disabled for the task
[        ] Skipping task ':url_launcher_android:prepareDebugArtProfile' as it is up-to-date.
[        ] Resolve mutations for :url_launcher_android:prepareLintJarForPublish (Thread[#41692,Execution worker Thread 28,5,main]) started.
[        ] :url_launcher_android:prepareLintJarForPublish (Thread[#41692,Execution worker Thread 28,5,main]) started.
[        ] > Task :url_launcher_android:prepareLintJarForPublish UP-TO-DATE
[        ] Caching disabled for task ':url_launcher_android:prepareLintJarForPublish' because:
[        ]   Build cache is disabled
[        ]   Caching has been disabled for the task
[        ] Skipping task ':url_launcher_android:prepareLintJarForPublish' as it is up-to-date.
[        ] Resolve mutations for :url_launcher_android:mergeDebugJavaResource (Thread[#41692,Execution worker Thread 28,5,main]) started.
[        ] :url_launcher_android:mergeDebugJavaResource (Thread[#41692,Execution worker Thread 28,5,main]) started.
[        ] > Task :url_launcher_android:mergeDebugJavaResource UP-TO-DATE
[        ] Caching disabled for task ':url_launcher_android:mergeDebugJavaResource' because:
[        ]   Build cache is disabled
[        ]   Caching has been disabled for the task
[        ] Skipping task ':url_launcher_android:mergeDebugJavaResource' as it is up-to-date.
[        ] Resolve mutations for :url_launcher_android:syncDebugLibJars (Thread[#41692,Execution worker Thread 28,5,main]) started.
[        ] :url_launcher_android:syncDebugLibJars (Thread[#41692,Execution worker Thread 28,5,main]) started.
[        ] > Task :url_launcher_android:syncDebugLibJars UP-TO-DATE
[        ] Caching disabled for task ':url_launcher_android:syncDebugLibJars' because:
[        ]   Build cache is disabled
[        ] Skipping task ':url_launcher_android:syncDebugLibJars' as it is up-to-date.
[        ] Resolve mutations for :url_launcher_android:bundleDebugAar (Thread[#41692,Execution worker Thread 28,5,main]) started.
[        ] :url_launcher_android:bundleDebugAar (Thread[#41692,Execution worker Thread 28,5,main]) started.
[        ] > Task :url_launcher_android:bundleDebugAar UP-TO-DATE
[        ] Caching disabled for task ':url_launcher_android:bundleDebugAar' because:
[        ]   Build cache is disabled
[        ]   Caching has been disabled for the task
[        ] Skipping task ':url_launcher_android:bundleDebugAar' as it is up-to-date.
[        ] Resolve mutations for :url_launcher_android:assembleDebug (Thread[#41692,Execution worker Thread 28,5,main]) started.
[        ] :url_launcher_android:assembleDebug (Thread[#41692,Execution worker Thread 28,5,main]) started.
[        ] > Task :url_launcher_android:assembleDebug UP-TO-DATE
[        ] Skipping task ':url_launcher_android:assembleDebug' as it has no actions.
[        ] Resolve mutations for :video_player_android:stripDebugDebugSymbols (Thread[#41692,Execution worker Thread 28,5,main]) started.
[        ] :video_player_android:stripDebugDebugSymbols (Thread[#41692,Execution worker Thread 28,5,main]) started.
[        ] > Task :video_player_android:stripDebugDebugSymbols NO-SOURCE
[        ] Skipping task ':video_player_android:stripDebugDebugSymbols' as it has no source files and no previous output files.
[        ] Resolve mutations for :video_player_android:copyDebugJniLibsProjectAndLocalJars (Thread[#41692,Execution worker Thread 28,5,main]) started.
[        ] :video_player_android:copyDebugJniLibsProjectAndLocalJars (Thread[#41692,Execution worker Thread 28,5,main]) started.
[        ] > Task :video_player_android:copyDebugJniLibsProjectAndLocalJars UP-TO-DATE
[        ] Caching disabled for task ':video_player_android:copyDebugJniLibsProjectAndLocalJars' because:
[        ]   Build cache is disabled
[        ]   Caching has been disabled for the task
[        ] Skipping task ':video_player_android:copyDebugJniLibsProjectAndLocalJars' as it is up-to-date.
[        ] Resolve mutations for :video_player_android:extractDebugAnnotations (Thread[#41692,Execution worker Thread 28,5,main]) started.
[        ] :video_player_android:extractDebugAnnotations (Thread[#41692,Execution worker Thread 28,5,main]) started.
[        ] > Task :video_player_android:extractDebugAnnotations UP-TO-DATE
[        ] Caching disabled for task ':video_player_android:extractDebugAnnotations' because:
[        ]   Build cache is disabled
[        ] Skipping task ':video_player_android:extractDebugAnnotations' as it is up-to-date.
[        ] Resolve mutations for :video_player_android:extractDeepLinksForAarDebug (Thread[#41692,Execution worker Thread 28,5,main]) started.
[        ] :video_player_android:extractDeepLinksForAarDebug (Thread[#41692,Execution worker Thread 28,5,main]) started.
[        ] > Task :video_player_android:extractDeepLinksForAarDebug UP-TO-DATE
[        ] Caching disabled for task ':video_player_android:extractDeepLinksForAarDebug' because:
[        ]   Build cache is disabled
[        ] Skipping task ':video_player_android:extractDeepLinksForAarDebug' as it is up-to-date.
[        ] Resolve mutations for :video_player_android:mergeDebugGeneratedProguardFiles (Thread[#41692,Execution worker Thread 28,5,main]) started.
[        ] :video_player_android:mergeDebugGeneratedProguardFiles (Thread[#41692,Execution worker Thread 28,5,main]) started.
[        ] > Task :video_player_android:mergeDebugGeneratedProguardFiles UP-TO-DATE
[        ] Caching disabled for task ':video_player_android:mergeDebugGeneratedProguardFiles' because:
[        ]   Build cache is disabled
[        ]   Simple merging task
[        ] Skipping task ':video_player_android:mergeDebugGeneratedProguardFiles' as it is up-to-date.
[        ] Resolve mutations for :video_player_android:mergeDebugConsumerProguardFiles (Thread[#41692,Execution worker Thread 28,5,main]) started.
[        ] :video_player_android:mergeDebugConsumerProguardFiles (Thread[#41692,Execution worker Thread 28,5,main]) started.
[        ] > Task :video_player_android:mergeDebugConsumerProguardFiles UP-TO-DATE
[        ] Caching disabled for task ':video_player_android:mergeDebugConsumerProguardFiles' because:
[        ]   Build cache is disabled
[        ]   Simple merging task
[        ] Skipping task ':video_player_android:mergeDebugConsumerProguardFiles' as it is up-to-date.
[        ] Resolve mutations for :video_player_android:prepareDebugArtProfile (Thread[#41692,Execution worker Thread 28,5,main]) started.
[        ] :video_player_android:prepareDebugArtProfile (Thread[#41692,Execution worker Thread 28,5,main]) started.
[        ] > Task :video_player_android:prepareDebugArtProfile UP-TO-DATE
[        ] Caching disabled for task ':video_player_android:prepareDebugArtProfile' because:
[        ]   Build cache is disabled
[        ]   Caching has been disabled for the task
[        ] Skipping task ':video_player_android:prepareDebugArtProfile' as it is up-to-date.
[        ] Resolve mutations for :video_player_android:prepareLintJarForPublish (Thread[#41692,Execution worker Thread 28,5,main]) started.
[        ] :video_player_android:prepareLintJarForPublish (Thread[#41692,Execution worker Thread 28,5,main]) started.
[        ] > Task :video_player_android:prepareLintJarForPublish UP-TO-DATE
[        ] Caching disabled for task ':video_player_android:prepareLintJarForPublish' because:
[        ]   Build cache is disabled
[        ]   Caching has been disabled for the task
[        ] Skipping task ':video_player_android:prepareLintJarForPublish' as it is up-to-date.
[        ] Resolve mutations for :video_player_android:mergeDebugJavaResource (Thread[#41692,Execution worker Thread 28,5,main]) started.
[        ] :video_player_android:mergeDebugJavaResource (Thread[#41692,Execution worker Thread 28,5,main]) started.
[        ] > Task :video_player_android:mergeDebugJavaResource UP-TO-DATE
[        ] Caching disabled for task ':video_player_android:mergeDebugJavaResource' because:
[        ]   Build cache is disabled
[        ]   Caching has been disabled for the task
[        ] Skipping task ':video_player_android:mergeDebugJavaResource' as it is up-to-date.
[        ] Resolve mutations for :video_player_android:syncDebugLibJars (Thread[#41692,Execution worker Thread 28,5,main]) started.
[        ] :video_player_android:syncDebugLibJars (Thread[#41692,Execution worker Thread 28,5,main]) started.
[        ] > Task :video_player_android:syncDebugLibJars UP-TO-DATE
[        ] Caching disabled for task ':video_player_android:syncDebugLibJars' because:
[        ]   Build cache is disabled
[        ] Skipping task ':video_player_android:syncDebugLibJars' as it is up-to-date.
[        ] Resolve mutations for :video_player_android:bundleDebugAar (Thread[#41692,Execution worker Thread 28,5,main]) started.
[        ] :video_player_android:bundleDebugAar (Thread[#41692,Execution worker Thread 28,5,main]) started.
[        ] > Task :video_player_android:bundleDebugAar UP-TO-DATE
[        ] Caching disabled for task ':video_player_android:bundleDebugAar' because:
[        ]   Build cache is disabled
[        ]   Caching has been disabled for the task
[        ] Skipping task ':video_player_android:bundleDebugAar' as it is up-to-date.
[        ] Resolve mutations for :video_player_android:assembleDebug (Thread[#41692,Execution worker Thread 28,5,main]) started.
[        ] :video_player_android:assembleDebug (Thread[#41692,Execution worker Thread 28,5,main]) started.
[        ] > Task :video_player_android:assembleDebug UP-TO-DATE
[        ] Skipping task ':video_player_android:assembleDebug' as it has no actions.
11:08 +9 -23: loading /Users/florian/Code/substitution/integration_test/theme_toggle_test.dart                                                                                                         [ +283 ms] > Task :app:compressDebugAssets
[        ] Caching disabled for task ':app:compressDebugAssets' because:
[        ]   Build cache is disabled
[        ] Task ':app:compressDebugAssets' is not up-to-date because:
[        ]   Input property 'inputDirs' file /Users/florian/Code/substitution/build/app/intermediates/assets/debug/mergeDebugAssets/flutter_assets/kernel_blob.bin has changed.
[        ] Resolve mutations for :app:packageDebug (Thread[#41688,Execution worker Thread 24,5,main]) started.
[        ] :app:packageDebug (Thread[#41688,Execution worker Thread 24,5,main]) started.
[ +395 ms] > Task :app:packageDebug
[        ] Custom actions are attached to task ':app:packageDebug'.
[        ] Caching disabled for task ':app:packageDebug' because:
[        ]   Build cache is disabled
[        ]   Caching has been disabled for the task
[        ] Task ':app:packageDebug' is not up-to-date because:
[        ]   Input property 'assets' file /Users/florian/Code/substitution/build/app/intermediates/compressed_assets/debug/compressDebugAssets/out/assets/flutter_assets/kernel_blob.bin.jar has changed.
[        ] Resolve mutations for :app:createDebugApkListingFileRedirect (Thread[#41688,Execution worker Thread 24,5,main]) started.
[        ] :app:createDebugApkListingFileRedirect (Thread[#41688,Execution worker Thread 24,5,main]) started.
[        ] > Task :app:createDebugApkListingFileRedirect UP-TO-DATE
[        ] Caching disabled for task ':app:createDebugApkListingFileRedirect' because:
[        ]   Build cache is disabled
[        ]   Caching has been disabled for the task
[        ] Skipping task ':app:createDebugApkListingFileRedirect' as it is up-to-date.
[        ] Resolve mutations for :app:assembleDebug (Thread[#41688,Execution worker Thread 24,5,main]) started.
[        ] :app:assembleDebug (Thread[#41688,Execution worker Thread 24,5,main]) started.
[        ] > Task :app:assembleDebug
[        ] Caching disabled for task ':app:assembleDebug' because:
[        ]   Build cache is disabled
[        ] Task ':app:assembleDebug' is not up-to-date because:
[        ]   Task has not declared any outputs despite executing actions.
[        ] [Incubating] Problems report is available at: file:///Users/florian/Code/substitution/build/reports/problems/problems-report.html
[        ] Deprecated Gradle features were used in this build, making it incompatible with Gradle 9.0.
[        ] You can use '--warning-mode all' to show the individual deprecation warnings and determine if they come from your own scripts or plugins.
[        ] For more on this, please refer to https://docs.gradle.org/8.12.1/userguide/command_line_interface.html#sec:command_line_warnings in the Gradle documentation.
[        ] BUILD SUCCESSFUL in 9s
[        ] 458 actionable tasks: 29 executed, 429 up-to-date
[        ] Watched directory hierarchies: [/opt/homebrew/share/flutter/packages/flutter_tools/gradle, /Users/florian/Code/substitution/android]
[  +48 ms] Running Gradle task 'assembleDebug'... (completed in 9,2s)
[   +6 ms] Calculate SHA1: LocalDirectory: '/Users/florian/Code/substitution/build/app/outputs/flutter-apk'/app-debug.apk
[+1081 ms] ✓ Built build/app/outputs/flutter-apk/app-debug.apk
[   +1 ms] executing: /Users/florian/Library/Android/sdk/build-tools/36.1.0/aapt dump xmltree /Users/florian/Code/substitution/build/app/outputs/flutter-apk/app-debug.apk AndroidManifest.xml
[  +14 ms] Exit code 0 from: /Users/florian/Library/Android/sdk/build-tools/36.1.0/aapt dump xmltree /Users/florian/Code/substitution/build/app/outputs/flutter-apk/app-debug.apk AndroidManifest.xml
[        ] N: android=http://schemas.android.com/apk/res/android
             E: manifest (line=2)
               A: android:versionCode(0x0101021b)=(type 0x10)0x7
               A: android:versionName(0x0101021c)="1.0.0" (Raw: "1.0.0")
               A: android:compileSdkVersion(0x01010572)=(type 0x10)0x24
               A: android:compileSdkVersionCodename(0x01010573)="16" (Raw: "16")
               A: package="art.substitution.substitution" (Raw: "art.substitution.substitution")
               A: platformBuildVersionCode=(type 0x10)0x24
               A: platformBuildVersionName=(type 0x10)0x10
               E: uses-sdk (line=7)
                 A: android:minSdkVersion(0x0101020c)=(type 0x10)0x18
                 A: android:targetSdkVersion(0x01010270)=(type 0x10)0x22
               E: uses-permission (line=15)
                 A: android:name(0x01010003)="android.permission.INTERNET" (Raw: "android.permission.INTERNET")
               E: uses-permission (line=16)
                 A: android:name(0x01010003)="android.permission.ACCESS_NETWORK_STATE" (Raw: "android.permission.ACCESS_NETWORK_STATE")
               E: permission (line=18)
                 A: android:name(0x01010003)="art.substitution.substitution.DYNAMIC_RECEIVER_NOT_EXPORTED_PERMISSION" (Raw: "art.substitution.substitution.DYNAMIC_RECEIVER_NOT_EXPORTED_PERMISSION")
                 A: android:protectionLevel(0x01010009)=(type 0x11)0x2
               E: uses-permission (line=22)
                 A: android:name(0x01010003)="art.substitution.substitution.DYNAMIC_RECEIVER_NOT_EXPORTED_PERMISSION" (Raw: "art.substitution.substitution.DYNAMIC_RECEIVER_NOT_EXPORTED_PERMISSION")
               E: application (line=24)
                 A: android:label(0x01010001)="substitution" (Raw: "substitution")
                 A: android:icon(0x01010002)=@0x7f0c0000
                 A: android:name(0x01010003)="android.app.Application" (Raw: "android.app.Application")
                 A: android:debuggable(0x0101000f)=(type 0x12)0xffffffff
                 A: android:extractNativeLibs(0x010104ea)=(type 0x12)0x0
                 A: android:appComponentFactory(0x0101057a)="androidx.core.app.CoreComponentFactory" (Raw: "androidx.core.app.CoreComponentFactory")
                 E: activity (line=31)
                   A: android:theme(0x01010000)=@0x7f0e00a2
                   A: android:name(0x01010003)="art.substitution.substitution.MainActivity" (Raw: "art.substitution.substitution.MainActivity")
                   A: android:exported(0x01010010)=(type 0x12)0xffffffff
                   A: android:launchMode(0x0101001d)=(type 0x10)0x1
                   A: android:configChanges(0x0101001f)=(type 0x11)0x40003fb4
                   A: android:windowSoftInputMode(0x0101022b)=(type 0x11)0x10
                   A: android:hardwareAccelerated(0x010102d3)=(type 0x12)0xffffffff
                   E: meta-data (line=46)
                     A: android:name(0x01010003)="io.flutter.embedding.android.NormalTheme" (Raw: "io.flutter.embedding.android.NormalTheme")
                     A: android:resource(0x01010025)=@0x7f0e00a3
                   E: intent-filter (line=50)
                     E: action (line=51)
                       A: android:name(0x01010003)="android.intent.action.MAIN" (Raw: "android.intent.action.MAIN")
                     E: category (line=53)
                       A: android:name(0x01010003)="android.intent.category.LAUNCHER" (Raw: "android.intent.category.LAUNCHER")
                   E: intent-filter (line=56)
                     E: action (line=57)
                       A: android:name(0x01010003)="android.intent.action.VIEW" (Raw: "android.intent.action.VIEW")
                     E: category (line=59)
                       A: android:name(0x01010003)="android.intent.category.DEFAULT" (Raw: "android.intent.category.DEFAULT")
                     E: category (line=60)
                       A: android:name(0x01010003)="android.intent.category.BROWSABLE" (Raw: "android.intent.category.BROWSABLE")
                     E: data (line=62)
                       A: android:scheme(0x01010027)="substitution" (Raw: "substitution")
                       A: android:host(0x01010028)="auth" (Raw: "auth")
                       A: android:pathPrefix(0x0101002b)="/login-callback" (Raw: "/login-callback")
                 E: meta-data (line=72)
                   A: android:name(0x01010003)="flutterEmbedding" (Raw: "flutterEmbedding")
                   A: android:value(0x01010024)=(type 0x10)0x2
                 E: activity (line=76)
                   A: android:theme(0x01010000)=@0x01030007
                   A: android:name(0x01010003)="io.flutter.plugins.urllauncher.WebViewActivity" (Raw: "io.flutter.plugins.urllauncher.WebViewActivity")
                   A: android:exported(0x01010010)=(type 0x12)0x0
                 E: uses-library (line=81)
                   A: android:name(0x01010003)="androidx.window.extensions" (Raw: "androidx.window.extensions")
                   A: android:required(0x0101028e)=(type 0x12)0x0
                 E: uses-library (line=84)
                   A: android:name(0x01010003)="androidx.window.sidecar" (Raw: "androidx.window.sidecar")
                   A: android:required(0x0101028e)=(type 0x12)0x0
                 E: provider (line=88)
                   A: android:name(0x01010003)="androidx.startup.InitializationProvider" (Raw: "androidx.startup.InitializationProvider")
                   A: android:exported(0x01010010)=(type 0x12)0x0
                   A: android:authorities(0x01010018)="art.substitution.substitution.androidx-startup" (Raw: "art.substitution.substitution.androidx-startup")
                   E: meta-data (line=92)
                     A: android:name(0x01010003)="androidx.lifecycle.ProcessLifecycleInitializer" (Raw: "androidx.lifecycle.ProcessLifecycleInitializer")
                     A: android:value(0x01010024)="androidx.startup" (Raw: "androidx.startup")
                   E: meta-data (line=95)
                     A: android:name(0x01010003)="androidx.profileinstaller.ProfileInstallerInitializer" (Raw: "androidx.profileinstaller.ProfileInstallerInitializer")
                     A: android:value(0x01010024)="androidx.startup" (Raw: "androidx.startup")
                 E: receiver (line=100)
                   A: android:name(0x01010003)="androidx.profileinstaller.ProfileInstallReceiver" (Raw: "androidx.profileinstaller.ProfileInstallReceiver")
                   A: android:permission(0x01010006)="android.permission.DUMP" (Raw: "android.permission.DUMP")
                   A: android:enabled(0x0101000e)=(type 0x12)0xffffffff
                   A: android:exported(0x01010010)=(type 0x12)0xffffffff
                   A: android:directBootAware(0x01010505)=(type 0x12)0x0
                   E: intent-filter (line=106)
                     E: action (line=107)
                       A: android:name(0x01010003)="androidx.profileinstaller.action.INSTALL_PROFILE" (Raw: "androidx.profileinstaller.action.INSTALL_PROFILE")
                   E: intent-filter (line=109)
                     E: action (line=110)
                       A: android:name(0x01010003)="androidx.profileinstaller.action.SKIP_FILE" (Raw: "androidx.profileinstaller.action.SKIP_FILE")
                   E: intent-filter (line=112)
                     E: action (line=113)
                       A: android:name(0x01010003)="androidx.profileinstaller.action.SAVE_PROFILE" (Raw: "androidx.profileinstaller.action.SAVE_PROFILE")
                   E: intent-filter (line=115)
                     E: action (line=116)
                       A: android:name(0x01010003)="androidx.profileinstaller.action.BENCHMARK_OPERATION" (Raw: "androidx.profileinstaller.action.BENCHMARK_OPERATION")
[        ] Stopping app 'app-debug.apk' on sdk gphone64 arm64.
[        ] executing: /Users/florian/Library/Android/sdk/platform-tools/adb -s emulator-5554 shell am force-stop art.substitution.substitution
11:09 +9 -23: loading /Users/florian/Code/substitution/integration_test/theme_toggle_test.dart                                                                                                         [  +26 ms] Installing APK.
[        ] Installing build/app/outputs/flutter-apk/app-debug.apk...
[        ] executing: /Users/florian/Library/Android/sdk/platform-tools/adb -s emulator-5554 install -t -r /Users/florian/Code/substitution/build/app/outputs/flutter-apk/app-debug.apk
11:10 +9 -23: loading /Users/florian/Code/substitution/integration_test/theme_toggle_test.dart                                                                                                         [ +419 ms] Performing Streamed Install
           Success
[        ] Installing build/app/outputs/flutter-apk/app-debug.apk... (completed in 419ms)
[        ] executing: /Users/florian/Library/Android/sdk/platform-tools/adb -s emulator-5554 shell echo -n 718af1beaaf588903e000ef3872c8f2f2d58f4b1 > /data/local/tmp/sky.art.substitution.substitution.sha1
[  +25 ms] executing: /Users/florian/Library/Android/sdk/platform-tools/adb -s emulator-5554 shell -x logcat -v time -t 1
[  +97 ms] --------- beginning of main
           02-17 00:06:01.426 D/AlphabeticIndexCompat( 1098): computeSectionName: cs: Conversations sectionName: C
[   +3 ms] executing: /Users/florian/Library/Android/sdk/platform-tools/adb -s emulator-5554 shell am start -a android.intent.action.MAIN -c android.intent.category.LAUNCHER -f 0x20000000 --ez enable-dart-profiling true --ez enable-checked-mode true --ez verify-entry-points true art.substitution.substitution/art.substitution.substitution.MainActivity
[ +168 ms] Starting: Intent { act=android.intent.action.MAIN cat=[android.intent.category.LAUNCHER] flg=0x20000000 cmp=art.substitution.substitution/.MainActivity (has extras) }
[        ] Waiting for VM Service port to be available...
11:11 +9 -23: loading /Users/florian/Code/substitution/integration_test/theme_toggle_test.dart                                                                                                         11:12 +9 -23: loading /Users/florian/Code/substitution/integration_test/theme_toggle_test.dart                                                                                                         [+1648 ms] VM Service URL on device: http://127.0.0.1:39791/0OiQl-kgepM=/
[        ] executing: /Users/florian/Library/Android/sdk/platform-tools/adb -s emulator-5554 forward tcp:0 tcp:39791
[  +14 ms] 55211
[        ] Forwarded host port 55211 to device port 39791 for VM Service
[        ] test 11: Starting Dart Development Service
[        ] Launching a Dart Developer Service (DDS) instance at http://127.0.0.1:0, connecting to VM service at http://127.0.0.1:55211/0OiQl-kgepM=/.
[ +203 ms] test 11: Dart Development Service started at http://127.0.0.1:55214/ZFTYusCwznc=/, forwarding to VM service at http://127.0.0.1:55211/0OiQl-kgepM=/.
[        ] test 11: Connecting to vm service
[        ] test 11: VM Service uri is available at http://127.0.0.1:55214/ZFTYusCwznc=/
[   +5 ms] test 11: Finding the correct isolate with the integration test service extension
[  +43 ms] test 11: connected to test device, now awaiting test result
[        ] test 11: Waiting for test harness or tests to finish
11:12 +9 -23: loading /Users/florian/Code/substitution/integration_test/theme_toggle_test.dart                                                                                                         
Warning: A tag was used that wasn't specified in dart_test.yaml.
  integration was used in the suite itself

11:12 +9 -23: /Users/florian/Code/substitution/integration_test/theme_toggle_test.dart: Open menu -> toggle dark mode -> verify scaffold background changes -> toggle back -> verify light             11:12 +10 -23: /Users/florian/Code/substitution/integration_test/theme_toggle_test.dart: Open menu -> toggle dark mode -> verify scaffold background changes -> toggle back -> verify light            11:12 +10 -23: /Users/florian/Code/substitution/integration_test/theme_toggle_test.dart: (tearDownAll)                                                                                                 [ +448 ms] test 11: Test harness is no longer needed by test process
[        ] test 11: finished
[        ] test 11: cleaning up...
[        ] test 11: ensuring test device is terminated.
[        ] executing: /Users/florian/Library/Android/sdk/platform-tools/adb -s emulator-5554 shell am force-stop art.substitution.substitution
[        ] test 11: Test process is no longer needed by test harness
[ +119 ms] executing: /Users/florian/Library/Android/sdk/platform-tools/adb -s emulator-5554 uninstall art.substitution.substitution
11:13 +10 -23: /Users/florian/Code/substitution/integration_test/theme_toggle_test.dart: (tearDownAll)                                                                                                 [ +193 ms] Success
[        ] test 11: deleting temporary directory
[        ] test 11: finished
11:13 +10 -23: loading /Users/florian/Code/substitution/integration_test/interaction_strict_test.dart                                                                                                  [        ] test 12: starting test /Users/florian/Code/substitution/integration_test/interaction_strict_test.dart
[        ] Stopping scan for flutter_test_config.dart; found project root at /Users/florian/Code/substitution
[        ] test 12: starting test device
[        ] test 12: awaiting connection to test device
[   +1 ms] executing: /Users/florian/Library/Android/sdk/build-tools/36.1.0/aapt dump xmltree /Users/florian/Code/substitution/build/app/outputs/flutter-apk/app-debug.apk AndroidManifest.xml
[  +10 ms] Exit code 0 from: /Users/florian/Library/Android/sdk/build-tools/36.1.0/aapt dump xmltree /Users/florian/Code/substitution/build/app/outputs/flutter-apk/app-debug.apk AndroidManifest.xml
[        ] N: android=http://schemas.android.com/apk/res/android
             E: manifest (line=2)
               A: android:versionCode(0x0101021b)=(type 0x10)0x7
               A: android:versionName(0x0101021c)="1.0.0" (Raw: "1.0.0")
               A: android:compileSdkVersion(0x01010572)=(type 0x10)0x24
               A: android:compileSdkVersionCodename(0x01010573)="16" (Raw: "16")
               A: package="art.substitution.substitution" (Raw: "art.substitution.substitution")
               A: platformBuildVersionCode=(type 0x10)0x24
               A: platformBuildVersionName=(type 0x10)0x10
               E: uses-sdk (line=7)
                 A: android:minSdkVersion(0x0101020c)=(type 0x10)0x18
                 A: android:targetSdkVersion(0x01010270)=(type 0x10)0x22
               E: uses-permission (line=15)
                 A: android:name(0x01010003)="android.permission.INTERNET" (Raw: "android.permission.INTERNET")
               E: uses-permission (line=16)
                 A: android:name(0x01010003)="android.permission.ACCESS_NETWORK_STATE" (Raw: "android.permission.ACCESS_NETWORK_STATE")
               E: permission (line=18)
                 A: android:name(0x01010003)="art.substitution.substitution.DYNAMIC_RECEIVER_NOT_EXPORTED_PERMISSION" (Raw: "art.substitution.substitution.DYNAMIC_RECEIVER_NOT_EXPORTED_PERMISSION")
                 A: android:protectionLevel(0x01010009)=(type 0x11)0x2
               E: uses-permission (line=22)
                 A: android:name(0x01010003)="art.substitution.substitution.DYNAMIC_RECEIVER_NOT_EXPORTED_PERMISSION" (Raw: "art.substitution.substitution.DYNAMIC_RECEIVER_NOT_EXPORTED_PERMISSION")
               E: application (line=24)
                 A: android:label(0x01010001)="substitution" (Raw: "substitution")
                 A: android:icon(0x01010002)=@0x7f0c0000
                 A: android:name(0x01010003)="android.app.Application" (Raw: "android.app.Application")
                 A: android:debuggable(0x0101000f)=(type 0x12)0xffffffff
                 A: android:extractNativeLibs(0x010104ea)=(type 0x12)0x0
                 A: android:appComponentFactory(0x0101057a)="androidx.core.app.CoreComponentFactory" (Raw: "androidx.core.app.CoreComponentFactory")
                 E: activity (line=31)
                   A: android:theme(0x01010000)=@0x7f0e00a2
                   A: android:name(0x01010003)="art.substitution.substitution.MainActivity" (Raw: "art.substitution.substitution.MainActivity")
                   A: android:exported(0x01010010)=(type 0x12)0xffffffff
                   A: android:launchMode(0x0101001d)=(type 0x10)0x1
                   A: android:configChanges(0x0101001f)=(type 0x11)0x40003fb4
                   A: android:windowSoftInputMode(0x0101022b)=(type 0x11)0x10
                   A: android:hardwareAccelerated(0x010102d3)=(type 0x12)0xffffffff
                   E: meta-data (line=46)
                     A: android:name(0x01010003)="io.flutter.embedding.android.NormalTheme" (Raw: "io.flutter.embedding.android.NormalTheme")
                     A: android:resource(0x01010025)=@0x7f0e00a3
                   E: intent-filter (line=50)
                     E: action (line=51)
                       A: android:name(0x01010003)="android.intent.action.MAIN" (Raw: "android.intent.action.MAIN")
                     E: category (line=53)
                       A: android:name(0x01010003)="android.intent.category.LAUNCHER" (Raw: "android.intent.category.LAUNCHER")
                   E: intent-filter (line=56)
                     E: action (line=57)
                       A: android:name(0x01010003)="android.intent.action.VIEW" (Raw: "android.intent.action.VIEW")
                     E: category (line=59)
                       A: android:name(0x01010003)="android.intent.category.DEFAULT" (Raw: "android.intent.category.DEFAULT")
                     E: category (line=60)
                       A: android:name(0x01010003)="android.intent.category.BROWSABLE" (Raw: "android.intent.category.BROWSABLE")
                     E: data (line=62)
                       A: android:scheme(0x01010027)="substitution" (Raw: "substitution")
                       A: android:host(0x01010028)="auth" (Raw: "auth")
                       A: android:pathPrefix(0x0101002b)="/login-callback" (Raw: "/login-callback")
                 E: meta-data (line=72)
                   A: android:name(0x01010003)="flutterEmbedding" (Raw: "flutterEmbedding")
                   A: android:value(0x01010024)=(type 0x10)0x2
                 E: activity (line=76)
                   A: android:theme(0x01010000)=@0x01030007
                   A: android:name(0x01010003)="io.flutter.plugins.urllauncher.WebViewActivity" (Raw: "io.flutter.plugins.urllauncher.WebViewActivity")
                   A: android:exported(0x01010010)=(type 0x12)0x0
                 E: uses-library (line=81)
                   A: android:name(0x01010003)="androidx.window.extensions" (Raw: "androidx.window.extensions")
                   A: android:required(0x0101028e)=(type 0x12)0x0
                 E: uses-library (line=84)
                   A: android:name(0x01010003)="androidx.window.sidecar" (Raw: "androidx.window.sidecar")
                   A: android:required(0x0101028e)=(type 0x12)0x0
                 E: provider (line=88)
                   A: android:name(0x01010003)="androidx.startup.InitializationProvider" (Raw: "androidx.startup.InitializationProvider")
                   A: android:exported(0x01010010)=(type 0x12)0x0
                   A: android:authorities(0x01010018)="art.substitution.substitution.androidx-startup" (Raw: "art.substitution.substitution.androidx-startup")
                   E: meta-data (line=92)
                     A: android:name(0x01010003)="androidx.lifecycle.ProcessLifecycleInitializer" (Raw: "androidx.lifecycle.ProcessLifecycleInitializer")
                     A: android:value(0x01010024)="androidx.startup" (Raw: "androidx.startup")
                   E: meta-data (line=95)
                     A: android:name(0x01010003)="androidx.profileinstaller.ProfileInstallerInitializer" (Raw: "androidx.profileinstaller.ProfileInstallerInitializer")
                     A: android:value(0x01010024)="androidx.startup" (Raw: "androidx.startup")
                 E: receiver (line=100)
                   A: android:name(0x01010003)="androidx.profileinstaller.ProfileInstallReceiver" (Raw: "androidx.profileinstaller.ProfileInstallReceiver")
                   A: android:permission(0x01010006)="android.permission.DUMP" (Raw: "android.permission.DUMP")
                   A: android:enabled(0x0101000e)=(type 0x12)0xffffffff
                   A: android:exported(0x01010010)=(type 0x12)0xffffffff
                   A: android:directBootAware(0x01010505)=(type 0x12)0x0
                   E: intent-filter (line=106)
                     E: action (line=107)
                       A: android:name(0x01010003)="androidx.profileinstaller.action.INSTALL_PROFILE" (Raw: "androidx.profileinstaller.action.INSTALL_PROFILE")
                   E: intent-filter (line=109)
                     E: action (line=110)
                       A: android:name(0x01010003)="androidx.profileinstaller.action.SKIP_FILE" (Raw: "androidx.profileinstaller.action.SKIP_FILE")
                   E: intent-filter (line=112)
                     E: action (line=113)
                       A: android:name(0x01010003)="androidx.profileinstaller.action.SAVE_PROFILE" (Raw: "androidx.profileinstaller.action.SAVE_PROFILE")
                   E: intent-filter (line=115)
                     E: action (line=116)
                       A: android:name(0x01010003)="androidx.profileinstaller.action.BENCHMARK_OPERATION" (Raw: "androidx.profileinstaller.action.BENCHMARK_OPERATION")
[        ] Building APK
[   +1 ms] Version of Java is different than impacted version, no migration attempted.
[        ] CMake project not found, skipping support Android 15 16k page size migration.
[        ] Using gradle from /Users/florian/Code/substitution/android/gradlew.
[   +6 ms] LocalFile: '/Users/florian/Code/substitution/android/build.gradle' provides AGP version from classpath: 8.6.0
[   +9 ms] Running Gradle task 'assembleDebug'...
[        ] executing: [/Users/florian/Code/substitution/android/] /Users/florian/Code/substitution/android/gradlew --full-stacktrace --info -Pverbose=true -PskipDependencyChecks=true -Ptarget-platform=android-arm64 -Ptarget=/var/folders/l_/w8pnbb9d38n57pzg9j98fmy80000gn/T/flutter_tools.wuOse9/flutter_test_listener.RFfmve/listener.dart -Pbase-application-name=android.app.Application -Pdart-defines=TUFUUklYX1NFUlZFUj1odHRwOi8vbG9jYWxob3N0OjgwMDg=,TUFUUklYX1RFU1RfVVNFUj0=,TUFUUklYX1RFU1RfUEFTU1dPUkQ9,RkxVVFRFUl9WRVJTSU9OPTMuMzguOQ==,RkxVVFRFUl9DSEFOTkVMPXN0YWJsZQ==,RkxVVFRFUl9HSVRfVVJMPWh0dHBzOi8vZ2l0aHViLmNvbS9mbHV0dGVyL2ZsdXR0ZXIuZ2l0,RkxVVFRFUl9GUkFNRVdPUktfUkVWSVNJT049NjczMjNkZTI4NQ==,RkxVVFRFUl9FTkdJTkVfUkVWSVNJT049NTg3YzE4Zjg3Mw==,RkxVVFRFUl9EQVJUX1ZFUlNJT049My4xMC44,SU5URUdSQVRJT05fVEVTVF9TSE9VTERfUkVQT1JUX1JFU1VMVFNfVE9fTkFUSVZFPWZhbHNl -Pdart-obfuscation=false -Ptrack-widget-creation=true -Ptree-shake-icons=false assembleDebug
[ +298 ms] Initialized native services in: /Users/florian/.gradle/native
[        ] Initialized jansi services in: /Users/florian/.gradle/native
[ +207 ms] The client will now receive all logging from the daemon (pid: 43439). The daemon log file: /Users/florian/.gradle/daemon/8.12.1/daemon-43439.out.log
[        ] Starting 105th build in daemon [uptime: 2 hrs 9 mins 2.847 secs, performance: 100%, GC rate: 0.00/s, heap usage: 0% of 4 GiB]
[        ] Using 32 worker leases.
[        ] Now considering [/Users/florian/Code/substitution/android, /opt/homebrew/share/flutter/packages/flutter_tools/gradle] as hierarchies to watch
[        ] Watching the file system is configured to be enabled if available
[        ] File system watching is active
[        ] Starting Build
[        ] Now considering [/opt/homebrew/share/flutter/packages/flutter_tools/gradle, /Users/florian/Code/substitution/android] as hierarchies to watch
[   +1 ms] > Configure project :gradle
[        ] Evaluating project ':gradle' using build file '/opt/homebrew/share/flutter/packages/flutter_tools/gradle/build.gradle.kts'.
[        ] Resolved plugin [id: 'org.gradle.java-gradle-plugin']
[        ] Resolved plugin [id: 'org.gradle.groovy']
[        ] Resolved plugin [id: 'org.gradle.kotlin.kotlin-dsl', version: '5.1.2']
[        ] Resolved plugin [id: 'org.jetbrains.kotlin.jvm', version: '1.9.20']
[        ] Using Kotlin Gradle Plugin gradle85 variant
[        ] kotlin scripting plugin: created the scripting discovery configuration: kotlinScriptDef
[        ] kotlin scripting plugin: created the scripting discovery configuration: testKotlinScriptDef
[        ] file or directory '/opt/homebrew/share/flutter/packages/flutter_tools/gradle/src/main/java', not found
[        ] Resolved plugin [id: 'dev.flutter.flutter-plugin-loader', version: '1.0.0']
[        ] Resolved plugin [id: 'com.android.application', version: '8.9.1', apply: false]
[        ] Resolved plugin [id: 'org.jetbrains.kotlin.android', version: '2.1.0', apply: false]
[        ] Resolve mutations for :gradle:checkKotlinGradlePluginConfigurationErrors (Thread[#42081,Execution worker,5,main]) started.
[        ] :gradle:checkKotlinGradlePluginConfigurationErrors (Thread[#42081,Execution worker,5,main]) started.
[        ] > Task :gradle:checkKotlinGradlePluginConfigurationErrors SKIPPED
[        ] Skipping task ':gradle:checkKotlinGradlePluginConfigurationErrors' as task onlyIf 'errorDiagnostics are present' is false.
[        ] Resolve mutations for :gradle:compileKotlin (Thread[#42081,Execution worker,5,main]) started.
[        ] :gradle:compileKotlin (Thread[#42083,Execution worker Thread 3,5,main]) started.
[        ] > Task :gradle:compileKotlin UP-TO-DATE
[        ] Caching disabled for task ':gradle:compileKotlin' because:
[        ]   Build cache is disabled
[        ] Skipping task ':gradle:compileKotlin' as it is up-to-date.
[        ] Resolve mutations for :gradle:compileJava (Thread[#42083,Execution worker Thread 3,5,main]) started.
[        ] :gradle:compileJava (Thread[#42083,Execution worker Thread 3,5,main]) started.
[        ] > Task :gradle:compileJava NO-SOURCE
[        ] Skipping task ':gradle:compileJava' as it has no source files and no previous output files.
[        ] Resolve mutations for :gradle:compileGroovy (Thread[#42083,Execution worker Thread 3,5,main]) started.
[        ] :gradle:compileGroovy (Thread[#42083,Execution worker Thread 3,5,main]) started.
[        ] > Task :gradle:compileGroovy NO-SOURCE
[        ] Skipping task ':gradle:compileGroovy' as it has no source files and no previous output files.
[        ] Resolve mutations for :gradle:pluginDescriptors (Thread[#42083,Execution worker Thread 3,5,main]) started.
[        ] :gradle:pluginDescriptors (Thread[#42083,Execution worker Thread 3,5,main]) started.
[        ] > Task :gradle:pluginDescriptors UP-TO-DATE
[        ] Caching disabled for task ':gradle:pluginDescriptors' because:
[        ]   Build cache is disabled
[        ]   Not worth caching
[        ] Skipping task ':gradle:pluginDescriptors' as it is up-to-date.
[        ] Resolve mutations for :gradle:processResources (Thread[#42083,Execution worker Thread 3,5,main]) started.
[        ] :gradle:processResources (Thread[#42083,Execution worker Thread 3,5,main]) started.
[        ] > Task :gradle:processResources UP-TO-DATE
[        ] Caching disabled for task ':gradle:processResources' because:
[        ]   Build cache is disabled
[        ]   Not worth caching
[        ] Skipping task ':gradle:processResources' as it is up-to-date.
[        ] Resolve mutations for :gradle:classes (Thread[#42083,Execution worker Thread 3,5,main]) started.
[        ] :gradle:classes (Thread[#42083,Execution worker Thread 3,5,main]) started.
[        ] > Task :gradle:classes UP-TO-DATE
[        ] Skipping task ':gradle:classes' as it has no actions.
[        ] Resolve mutations for :gradle:jar (Thread[#42083,Execution worker Thread 3,5,main]) started.
[        ] :gradle:jar (Thread[#42083,Execution worker Thread 3,5,main]) started.
[        ] > Task :gradle:jar UP-TO-DATE
[        ] Caching disabled for task ':gradle:jar' because:
[        ]   Build cache is disabled
[        ]   Not worth caching
[        ] Skipping task ':gradle:jar' as it is up-to-date.
[  +94 ms] Settings evaluated using settings file '/Users/florian/Code/substitution/android/settings.gradle'.
[        ] Projects loaded. Root project using build file '/Users/florian/Code/substitution/android/build.gradle'.
[        ] Included projects: [root project 'android', project ':app', project ':connectivity_plus', project ':emoji_picker_flutter', project ':file_selector_android', project ':flutter_keyboard_visibility_temp_fork', project ':flutter_native_splash', project ':flutter_olm', project ':flutter_openssl_crypto', project ':integration_test', project ':path_provider_android', project ':quill_native_bridge_android', project ':shared_preferences_android', project ':sqflite_android', project ':url_launcher_android', project ':video_player_android']
[        ] > Configure project :app
[        ] Evaluating project ':app' using build file '/Users/florian/Code/substitution/android/app/build.gradle'.
[        ] Resolved plugin [id: 'com.android.application']
[        ] Resolved plugin [id: 'kotlin-android']
[        ] Resolved plugin [id: 'dev.flutter.flutter-gradle-plugin']
[        ] Using default execution profile
[        ] Using Kotlin Gradle Plugin gradle85 variant
[        ] C/C++: android.ndkVersion from module build.gradle is [28.2.13676358]
[        ] C/C++: android.ndkPath from module build.gradle is not set
[        ] C/C++: ndk.dir in local.properties is not set
[        ] C/C++: Not considering ANDROID_NDK_HOME because support was removed after deprecation period.
[        ] C/C++: sdkFolder is /Users/florian/Library/Android/sdk
[        ] C/C++: android.ndkVersion from module build.gradle is [28.2.13676358]
[        ] C/C++: android.ndkPath from module build.gradle is not set
[        ] C/C++: ndk.dir in local.properties is not set
[        ] C/C++: Not considering ANDROID_NDK_HOME because support was removed after deprecation period.
[        ] C/C++: sdkFolder is /Users/florian/Library/Android/sdk
[        ] C/C++: android.ndkVersion from module build.gradle is [28.2.13676358]
[        ] C/C++: android.ndkPath from module build.gradle is not set
[        ] C/C++: ndk.dir in local.properties is not set
[        ] C/C++: Not considering ANDROID_NDK_HOME because support was removed after deprecation period.
[        ] C/C++: sdkFolder is /Users/florian/Library/Android/sdk
[        ] C/C++: android.ndkVersion from module build.gradle is [28.2.13676358]
[        ] C/C++: android.ndkPath from module build.gradle is not set
[        ] C/C++: ndk.dir in local.properties is not set
[        ] C/C++: Not considering ANDROID_NDK_HOME because support was removed after deprecation period.
[        ] C/C++: sdkFolder is /Users/florian/Library/Android/sdk
[        ] C/C++: android.ndkVersion from module build.gradle is [28.2.13676358]
[        ] C/C++: android.ndkPath from module build.gradle is not set
[        ] C/C++: ndk.dir in local.properties is not set
[        ] C/C++: Not considering ANDROID_NDK_HOME because support was removed after deprecation period.
[        ] C/C++: sdkFolder is /Users/florian/Library/Android/sdk
[        ] C/C++: android.ndkVersion from module build.gradle is [28.2.13676358]
[        ] C/C++: android.ndkPath from module build.gradle is not set
[        ] C/C++: ndk.dir in local.properties is not set
[        ] C/C++: Not considering ANDROID_NDK_HOME because support was removed after deprecation period.
[        ] C/C++: sdkFolder is /Users/florian/Library/Android/sdk
[        ] C/C++: android.ndkVersion from module build.gradle is [28.2.13676358]
[        ] C/C++: android.ndkPath from module build.gradle is not set
[        ] C/C++: ndk.dir in local.properties is not set
[        ] C/C++: Not considering ANDROID_NDK_HOME because support was removed after deprecation period.
[        ] C/C++: sdkFolder is /Users/florian/Library/Android/sdk
[        ] C/C++: android.ndkVersion from module build.gradle is [28.2.13676358]
[        ] C/C++: android.ndkPath from module build.gradle is not set
[        ] C/C++: ndk.dir in local.properties is not set
[        ] C/C++: Not considering ANDROID_NDK_HOME because support was removed after deprecation period.
[        ] C/C++: sdkFolder is /Users/florian/Library/Android/sdk
[        ] C/C++: android.ndkVersion from module build.gradle is [28.2.13676358]
[        ] C/C++: android.ndkPath from module build.gradle is not set
[        ] C/C++: ndk.dir in local.properties is not set
[        ] C/C++: Not considering ANDROID_NDK_HOME because support was removed after deprecation period.
[        ] C/C++: sdkFolder is /Users/florian/Library/Android/sdk
[        ] C/C++: android.ndkVersion from module build.gradle is [28.2.13676358]
[        ] C/C++: android.ndkPath from module build.gradle is not set
[        ] C/C++: ndk.dir in local.properties is not set
[        ] C/C++: Not considering ANDROID_NDK_HOME because support was removed after deprecation period.
[        ] C/C++: sdkFolder is /Users/florian/Library/Android/sdk
[        ] C/C++: android.ndkVersion from module build.gradle is [28.2.13676358]
[        ] C/C++: android.ndkPath from module build.gradle is not set
[        ] C/C++: ndk.dir in local.properties is not set
[        ] C/C++: Not considering ANDROID_NDK_HOME because support was removed after deprecation period.
[        ] C/C++: sdkFolder is /Users/florian/Library/Android/sdk
[        ] C/C++: android.ndkVersion from module build.gradle is [28.2.13676358]
[        ] C/C++: android.ndkPath from module build.gradle is not set
[        ] C/C++: ndk.dir in local.properties is not set
[        ] C/C++: Not considering ANDROID_NDK_HOME because support was removed after deprecation period.
[        ] C/C++: sdkFolder is /Users/florian/Library/Android/sdk
[        ] C/C++: android.ndkVersion from module build.gradle is [28.2.13676358]
[        ] C/C++: android.ndkPath from module build.gradle is not set
[        ] C/C++: ndk.dir in local.properties is not set
[        ] C/C++: Not considering ANDROID_NDK_HOME because support was removed after deprecation period.
[        ] C/C++: sdkFolder is /Users/florian/Library/Android/sdk
[        ] C/C++: android.ndkVersion from module build.gradle is [28.2.13676358]
[        ] C/C++: android.ndkPath from module build.gradle is not set
[        ] C/C++: ndk.dir in local.properties is not set
[        ] C/C++: Not considering ANDROID_NDK_HOME because support was removed after deprecation period.
[        ] C/C++: sdkFolder is /Users/florian/Library/Android/sdk
[        ] C/C++: android.ndkVersion from module build.gradle is [28.2.13676358]
[        ] C/C++: android.ndkPath from module build.gradle is not set
[        ] C/C++: ndk.dir in local.properties is not set
[        ] C/C++: Not considering ANDROID_NDK_HOME because support was removed after deprecation period.
[        ] C/C++: sdkFolder is /Users/florian/Library/Android/sdk
[        ] C/C++: android.ndkVersion from module build.gradle is [28.2.13676358]
[        ] C/C++: android.ndkPath from module build.gradle is not set
[        ] C/C++: ndk.dir in local.properties is not set
[        ] C/C++: Not considering ANDROID_NDK_HOME because support was removed after deprecation period.
[        ] C/C++: sdkFolder is /Users/florian/Library/Android/sdk
[        ] C/C++: android.ndkVersion from module build.gradle is [28.2.13676358]
[        ] C/C++: android.ndkPath from module build.gradle is not set
[        ] C/C++: ndk.dir in local.properties is not set
[        ] C/C++: Not considering ANDROID_NDK_HOME because support was removed after deprecation period.
[        ] C/C++: sdkFolder is /Users/florian/Library/Android/sdk
[        ] C/C++: android.ndkVersion from module build.gradle is [28.2.13676358]
[        ] C/C++: android.ndkPath from module build.gradle is not set
[        ] C/C++: ndk.dir in local.properties is not set
[        ] C/C++: Not considering ANDROID_NDK_HOME because support was removed after deprecation period.
[        ] C/C++: sdkFolder is /Users/florian/Library/Android/sdk
[        ] C/C++: android.ndkVersion from module build.gradle is [28.2.13676358]
[        ] C/C++: android.ndkPath from module build.gradle is not set
[        ] C/C++: ndk.dir in local.properties is not set
[        ] C/C++: Not considering ANDROID_NDK_HOME because support was removed after deprecation period.
[        ] C/C++: sdkFolder is /Users/florian/Library/Android/sdk
[        ] > Configure project :
[        ] Evaluating root project 'android' using build file '/Users/florian/Code/substitution/android/build.gradle'.
[        ] > Configure project :connectivity_plus
[        ] Evaluating project ':connectivity_plus' using build file '/Users/florian/.pub-cache/hosted/pub.dev/connectivity_plus-5.0.2/android/build.gradle'.
[        ] Using default execution profile
[ +105 ms] > Configure project :emoji_picker_flutter
[        ] Evaluating project ':emoji_picker_flutter' using build file '/Users/florian/.pub-cache/hosted/pub.dev/emoji_picker_flutter-4.4.0/android/build.gradle'.
[        ] Using default execution profile
[        ] Using Kotlin Gradle Plugin gradle85 variant
[        ] > Configure project :file_selector_android
[        ] Evaluating project ':file_selector_android' using build file '/Users/florian/.pub-cache/hosted/pub.dev/file_selector_android-0.5.2+4/android/build.gradle'.
[        ] Using default execution profile
[        ] > Configure project :flutter_keyboard_visibility_temp_fork
[        ] Evaluating project ':flutter_keyboard_visibility_temp_fork' using build file '/Users/florian/.pub-cache/hosted/pub.dev/flutter_keyboard_visibility_temp_fork-0.1.5/android/build.gradle'.
[        ] Using default execution profile
[        ] > Configure project :flutter_native_splash
[        ] Evaluating project ':flutter_native_splash' using build file '/Users/florian/.pub-cache/hosted/pub.dev/flutter_native_splash-2.4.7/android/build.gradle'.
[        ] Using default execution profile
11:14 +10 -23: loading /Users/florian/Code/substitution/integration_test/interaction_strict_test.dart                                                                                                  [  +90 ms] > Configure project :flutter_olm
[        ] Evaluating project ':flutter_olm' using build file '/Users/florian/.pub-cache/hosted/pub.dev/flutter_olm-2.0.0/android/build.gradle'.
[        ] Using default execution profile
[        ] Using Kotlin Gradle Plugin gradle85 variant
[        ] C/C++: android.ndkVersion from module build.gradle is [27.0.12077973]
[        ] C/C++: android.ndkPath from module build.gradle is not set
[        ] C/C++: ndk.dir in local.properties is not set
[        ] C/C++: Not considering ANDROID_NDK_HOME because support was removed after deprecation period.
[        ] C/C++: sdkFolder is /Users/florian/Library/Android/sdk
[        ] C/C++: android.ndkVersion from module build.gradle is [27.0.12077973]
[        ] C/C++: android.ndkPath from module build.gradle is not set
[        ] C/C++: ndk.dir in local.properties is not set
[        ] C/C++: Not considering ANDROID_NDK_HOME because support was removed after deprecation period.
[        ] C/C++: sdkFolder is /Users/florian/Library/Android/sdk
[        ] C/C++: android.ndkVersion from module build.gradle is [27.0.12077973]
[        ] C/C++: android.ndkPath from module build.gradle is not set
[        ] C/C++: ndk.dir in local.properties is not set
[        ] C/C++: Not considering ANDROID_NDK_HOME because support was removed after deprecation period.
[        ] C/C++: sdkFolder is /Users/florian/Library/Android/sdk
[        ] C/C++: android.ndkVersion from module build.gradle is [27.0.12077973]
[        ] C/C++: android.ndkPath from module build.gradle is not set
[        ] C/C++: ndk.dir in local.properties is not set
[        ] C/C++: Not considering ANDROID_NDK_HOME because support was removed after deprecation period.
[        ] C/C++: sdkFolder is /Users/florian/Library/Android/sdk
[        ] C/C++: android.ndkVersion from module build.gradle is [27.0.12077973]
[        ] C/C++: android.ndkPath from module build.gradle is not set
[        ] C/C++: ndk.dir in local.properties is not set
[        ] C/C++: Not considering ANDROID_NDK_HOME because support was removed after deprecation period.
[        ] C/C++: sdkFolder is /Users/florian/Library/Android/sdk
[        ] C/C++: android.ndkVersion from module build.gradle is [27.0.12077973]
[        ] C/C++: android.ndkPath from module build.gradle is not set
[        ] C/C++: ndk.dir in local.properties is not set
[        ] C/C++: Not considering ANDROID_NDK_HOME because support was removed after deprecation period.
[        ] C/C++: sdkFolder is /Users/florian/Library/Android/sdk
[        ] C/C++: android.ndkVersion from module build.gradle is [27.0.12077973]
[        ] C/C++: android.ndkPath from module build.gradle is not set
[        ] C/C++: ndk.dir in local.properties is not set
[        ] C/C++: Not considering ANDROID_NDK_HOME because support was removed after deprecation period.
[        ] C/C++: sdkFolder is /Users/florian/Library/Android/sdk
[        ] C/C++: android.ndkVersion from module build.gradle is [27.0.12077973]
[        ] C/C++: android.ndkPath from module build.gradle is not set
[        ] C/C++: ndk.dir in local.properties is not set
[        ] C/C++: Not considering ANDROID_NDK_HOME because support was removed after deprecation period.
[        ] C/C++: sdkFolder is /Users/florian/Library/Android/sdk
[        ] C/C++: android.ndkVersion from module build.gradle is [27.0.12077973]
[        ] C/C++: android.ndkPath from module build.gradle is not set
[        ] C/C++: ndk.dir in local.properties is not set
[        ] C/C++: Not considering ANDROID_NDK_HOME because support was removed after deprecation period.
[        ] C/C++: sdkFolder is /Users/florian/Library/Android/sdk
[        ] C/C++: android.ndkVersion from module build.gradle is [27.0.12077973]
[        ] C/C++: android.ndkPath from module build.gradle is not set
[        ] C/C++: ndk.dir in local.properties is not set
[        ] C/C++: Not considering ANDROID_NDK_HOME because support was removed after deprecation period.
[        ] C/C++: sdkFolder is /Users/florian/Library/Android/sdk
[        ] C/C++: android.ndkVersion from module build.gradle is [27.0.12077973]
[        ] C/C++: android.ndkPath from module build.gradle is not set
[        ] C/C++: ndk.dir in local.properties is not set
[        ] C/C++: Not considering ANDROID_NDK_HOME because support was removed after deprecation period.
[        ] C/C++: sdkFolder is /Users/florian/Library/Android/sdk
[        ] C/C++: android.ndkVersion from module build.gradle is [27.0.12077973]
[        ] C/C++: android.ndkPath from module build.gradle is not set
[        ] C/C++: ndk.dir in local.properties is not set
[        ] C/C++: Not considering ANDROID_NDK_HOME because support was removed after deprecation period.
[        ] C/C++: sdkFolder is /Users/florian/Library/Android/sdk
[        ] C/C++: android.ndkVersion from module build.gradle is [27.0.12077973]
[        ] C/C++: android.ndkPath from module build.gradle is not set
[        ] C/C++: ndk.dir in local.properties is not set
[        ] C/C++: Not considering ANDROID_NDK_HOME because support was removed after deprecation period.
[        ] C/C++: sdkFolder is /Users/florian/Library/Android/sdk
[        ] C/C++: android.ndkVersion from module build.gradle is [27.0.12077973]
[        ] C/C++: android.ndkPath from module build.gradle is not set
[        ] C/C++: ndk.dir in local.properties is not set
[        ] C/C++: Not considering ANDROID_NDK_HOME because support was removed after deprecation period.
[        ] C/C++: sdkFolder is /Users/florian/Library/Android/sdk
[        ] C/C++: android.ndkVersion from module build.gradle is [27.0.12077973]
[        ] C/C++: android.ndkPath from module build.gradle is not set
[        ] C/C++: ndk.dir in local.properties is not set
[        ] C/C++: Not considering ANDROID_NDK_HOME because support was removed after deprecation period.
[        ] C/C++: sdkFolder is /Users/florian/Library/Android/sdk
[        ] C/C++: android.ndkVersion from module build.gradle is [27.0.12077973]
[        ] C/C++: android.ndkPath from module build.gradle is not set
[        ] C/C++: ndk.dir in local.properties is not set
[        ] C/C++: Not considering ANDROID_NDK_HOME because support was removed after deprecation period.
[        ] C/C++: sdkFolder is /Users/florian/Library/Android/sdk
[        ] C/C++: android.ndkVersion from module build.gradle is [27.0.12077973]
[        ] C/C++: android.ndkPath from module build.gradle is not set
[        ] C/C++: ndk.dir in local.properties is not set
[        ] C/C++: Not considering ANDROID_NDK_HOME because support was removed after deprecation period.
[        ] C/C++: sdkFolder is /Users/florian/Library/Android/sdk
[        ] C/C++: android.ndkVersion from module build.gradle is [27.0.12077973]
[        ] C/C++: android.ndkPath from module build.gradle is not set
[        ] C/C++: ndk.dir in local.properties is not set
[        ] C/C++: Not considering ANDROID_NDK_HOME because support was removed after deprecation period.
[        ] C/C++: sdkFolder is /Users/florian/Library/Android/sdk
[        ] C/C++: android.ndkVersion from module build.gradle is [27.0.12077973]
[        ] C/C++: android.ndkPath from module build.gradle is not set
[        ] C/C++: ndk.dir in local.properties is not set
[        ] C/C++: Not considering ANDROID_NDK_HOME because support was removed after deprecation period.
[        ] C/C++: sdkFolder is /Users/florian/Library/Android/sdk
[        ] > Configure project :flutter_openssl_crypto
[        ] Evaluating project ':flutter_openssl_crypto' using build file '/Users/florian/.pub-cache/hosted/pub.dev/flutter_openssl_crypto-0.5.0/android/build.gradle'.
[        ] Using default execution profile
[        ] Using Kotlin Gradle Plugin gradle85 variant
[        ] C/C++: android.ndkVersion from module build.gradle is [27.0.12077973]
[        ] C/C++: android.ndkPath from module build.gradle is not set
[        ] C/C++: ndk.dir in local.properties is not set
[        ] C/C++: Not considering ANDROID_NDK_HOME because support was removed after deprecation period.
[        ] C/C++: sdkFolder is /Users/florian/Library/Android/sdk
[        ] C/C++: android.ndkVersion from module build.gradle is [27.0.12077973]
[        ] C/C++: android.ndkPath from module build.gradle is not set
[        ] C/C++: ndk.dir in local.properties is not set
[        ] C/C++: Not considering ANDROID_NDK_HOME because support was removed after deprecation period.
[        ] C/C++: sdkFolder is /Users/florian/Library/Android/sdk
[        ] C/C++: android.ndkVersion from module build.gradle is [27.0.12077973]
[        ] C/C++: android.ndkPath from module build.gradle is not set
[        ] C/C++: ndk.dir in local.properties is not set
[        ] C/C++: Not considering ANDROID_NDK_HOME because support was removed after deprecation period.
[        ] C/C++: sdkFolder is /Users/florian/Library/Android/sdk
[        ] C/C++: android.ndkVersion from module build.gradle is [27.0.12077973]
[        ] C/C++: android.ndkPath from module build.gradle is not set
[        ] C/C++: ndk.dir in local.properties is not set
[        ] C/C++: Not considering ANDROID_NDK_HOME because support was removed after deprecation period.
[        ] C/C++: sdkFolder is /Users/florian/Library/Android/sdk
[        ] C/C++: android.ndkVersion from module build.gradle is [27.0.12077973]
[        ] C/C++: android.ndkPath from module build.gradle is not set
[        ] C/C++: ndk.dir in local.properties is not set
[        ] C/C++: Not considering ANDROID_NDK_HOME because support was removed after deprecation period.
[        ] C/C++: sdkFolder is /Users/florian/Library/Android/sdk
[        ] C/C++: android.ndkVersion from module build.gradle is [27.0.12077973]
[        ] C/C++: android.ndkPath from module build.gradle is not set
[        ] C/C++: ndk.dir in local.properties is not set
[        ] C/C++: Not considering ANDROID_NDK_HOME because support was removed after deprecation period.
[        ] C/C++: sdkFolder is /Users/florian/Library/Android/sdk
[        ] C/C++: android.ndkVersion from module build.gradle is [27.0.12077973]
[        ] C/C++: android.ndkPath from module build.gradle is not set
[        ] C/C++: ndk.dir in local.properties is not set
[        ] C/C++: Not considering ANDROID_NDK_HOME because support was removed after deprecation period.
[        ] C/C++: sdkFolder is /Users/florian/Library/Android/sdk
[        ] C/C++: android.ndkVersion from module build.gradle is [27.0.12077973]
[        ] C/C++: android.ndkPath from module build.gradle is not set
[        ] C/C++: ndk.dir in local.properties is not set
[        ] C/C++: Not considering ANDROID_NDK_HOME because support was removed after deprecation period.
[        ] C/C++: sdkFolder is /Users/florian/Library/Android/sdk
[        ] C/C++: android.ndkVersion from module build.gradle is [27.0.12077973]
[        ] C/C++: android.ndkPath from module build.gradle is not set
[        ] C/C++: ndk.dir in local.properties is not set
[        ] C/C++: Not considering ANDROID_NDK_HOME because support was removed after deprecation period.
[        ] C/C++: sdkFolder is /Users/florian/Library/Android/sdk
[        ] C/C++: android.ndkVersion from module build.gradle is [27.0.12077973]
[        ] C/C++: android.ndkPath from module build.gradle is not set
[        ] C/C++: ndk.dir in local.properties is not set
[        ] C/C++: Not considering ANDROID_NDK_HOME because support was removed after deprecation period.
[        ] C/C++: sdkFolder is /Users/florian/Library/Android/sdk
[        ] C/C++: android.ndkVersion from module build.gradle is [27.0.12077973]
[        ] C/C++: android.ndkPath from module build.gradle is not set
[        ] C/C++: ndk.dir in local.properties is not set
[        ] C/C++: Not considering ANDROID_NDK_HOME because support was removed after deprecation period.
[        ] C/C++: sdkFolder is /Users/florian/Library/Android/sdk
[        ] C/C++: android.ndkVersion from module build.gradle is [27.0.12077973]
[        ] C/C++: android.ndkPath from module build.gradle is not set
[        ] C/C++: ndk.dir in local.properties is not set
[        ] C/C++: Not considering ANDROID_NDK_HOME because support was removed after deprecation period.
[        ] C/C++: sdkFolder is /Users/florian/Library/Android/sdk
[        ] C/C++: android.ndkVersion from module build.gradle is [27.0.12077973]
[        ] C/C++: android.ndkPath from module build.gradle is not set
[        ] C/C++: ndk.dir in local.properties is not set
[        ] C/C++: Not considering ANDROID_NDK_HOME because support was removed after deprecation period.
[        ] C/C++: sdkFolder is /Users/florian/Library/Android/sdk
[        ] C/C++: android.ndkVersion from module build.gradle is [27.0.12077973]
[        ] C/C++: android.ndkPath from module build.gradle is not set
[        ] C/C++: ndk.dir in local.properties is not set
[        ] C/C++: Not considering ANDROID_NDK_HOME because support was removed after deprecation period.
[        ] C/C++: sdkFolder is /Users/florian/Library/Android/sdk
[        ] C/C++: android.ndkVersion from module build.gradle is [27.0.12077973]
[        ] C/C++: android.ndkPath from module build.gradle is not set
[        ] C/C++: ndk.dir in local.properties is not set
[        ] C/C++: Not considering ANDROID_NDK_HOME because support was removed after deprecation period.
[        ] C/C++: sdkFolder is /Users/florian/Library/Android/sdk
[        ] C/C++: android.ndkVersion from module build.gradle is [27.0.12077973]
[        ] C/C++: android.ndkPath from module build.gradle is not set
[        ] C/C++: ndk.dir in local.properties is not set
[        ] C/C++: Not considering ANDROID_NDK_HOME because support was removed after deprecation period.
[        ] C/C++: sdkFolder is /Users/florian/Library/Android/sdk
[        ] C/C++: android.ndkVersion from module build.gradle is [27.0.12077973]
[        ] C/C++: android.ndkPath from module build.gradle is not set
[        ] C/C++: ndk.dir in local.properties is not set
[        ] C/C++: Not considering ANDROID_NDK_HOME because support was removed after deprecation period.
[        ] C/C++: sdkFolder is /Users/florian/Library/Android/sdk
[        ] C/C++: android.ndkVersion from module build.gradle is [27.0.12077973]
[        ] C/C++: android.ndkPath from module build.gradle is not set
[        ] C/C++: ndk.dir in local.properties is not set
[        ] C/C++: Not considering ANDROID_NDK_HOME because support was removed after deprecation period.
[        ] C/C++: sdkFolder is /Users/florian/Library/Android/sdk
[        ] C/C++: android.ndkVersion from module build.gradle is [27.0.12077973]
[        ] C/C++: android.ndkPath from module build.gradle is not set
[        ] C/C++: ndk.dir in local.properties is not set
[        ] C/C++: Not considering ANDROID_NDK_HOME because support was removed after deprecation period.
[        ] C/C++: sdkFolder is /Users/florian/Library/Android/sdk
[        ] > Configure project :integration_test
[        ] Evaluating project ':integration_test' using build file '/opt/homebrew/share/flutter/packages/integration_test/android/build.gradle.kts'.
[        ] Resolved plugin [id: 'com.android.library']
[        ] Using default execution profile
[        ] > Configure project :path_provider_android
[        ] Evaluating project ':path_provider_android' using build file '/Users/florian/.pub-cache/hosted/pub.dev/path_provider_android-2.2.22/android/build.gradle'.
[        ] Using default execution profile
[        ] > Configure project :quill_native_bridge_android
[        ] Evaluating project ':quill_native_bridge_android' using build file '/Users/florian/.pub-cache/hosted/pub.dev/quill_native_bridge_android-0.0.1+2/android/build.gradle'.
[        ] Using default execution profile
[        ] Using Kotlin Gradle Plugin gradle85 variant
[ +105 ms] > Configure project :shared_preferences_android
[        ] Evaluating project ':shared_preferences_android' using build file '/Users/florian/.pub-cache/hosted/pub.dev/shared_preferences_android-2.4.20/android/build.gradle'.
[        ] Using default execution profile
[        ] Using Kotlin Gradle Plugin gradle85 variant
[        ] > Configure project :sqflite_android
[        ] Evaluating project ':sqflite_android' using build file '/Users/florian/.pub-cache/hosted/pub.dev/sqflite_android-2.4.2+2/android/build.gradle'.
[        ] Using default execution profile
[        ] > Configure project :url_launcher_android
[        ] Evaluating project ':url_launcher_android' using build file '/Users/florian/.pub-cache/hosted/pub.dev/url_launcher_android-6.3.28/android/build.gradle'.
[        ] Using default execution profile
[        ] > Configure project :video_player_android
[        ] Evaluating project ':video_player_android' using build file '/Users/florian/.pub-cache/hosted/pub.dev/video_player_android-2.9.1/android/build.gradle'.
[        ] Using default execution profile
[        ] Using Kotlin Gradle Plugin gradle85 variant
[        ] All projects evaluated.
[        ] Task name matched 'assembleDebug'
[        ] Selected primary task 'assembleDebug' from project :
[        ] Adding -Xuse-inline-scopes-numbers Kotlin compiler flag for task :app:compileDebugKotlin
[ +103 ms] Tasks to be executed: [task ':app:preBuild', task ':app:preDebugBuild', task ':app:mergeDebugNativeDebugMetadata', task ':app:checkKotlinGradlePluginConfigurationErrors', task ':app:compileFlutterBuildDebug', task ':app:packJniLibsflutterBuildDebug', task ':connectivity_plus:preBuild', task ':connectivity_plus:preDebugBuild', task ':connectivity_plus:writeDebugAarMetadata', task ':emoji_picker_flutter:preBuild', task ':emoji_picker_flutter:preDebugBuild', task ':emoji_picker_flutter:writeDebugAarMetadata', task ':file_selector_android:preBuild', task ':file_selector_android:preDebugBuild', task ':file_selector_android:writeDebugAarMetadata', task ':flutter_keyboard_visibility_temp_fork:preBuild', task ':flutter_keyboard_visibility_temp_fork:preDebugBuild', task ':flutter_keyboard_visibility_temp_fork:writeDebugAarMetadata', task ':flutter_native_splash:preBuild', task ':flutter_native_splash:preDebugBuild', task ':flutter_native_splash:writeDebugAarMetadata', task ':flutter_olm:preBuild', task ':flutter_olm:preDebugBuild', task ':flutter_olm:writeDebugAarMetadata', task ':flutter_openssl_crypto:preBuild', task ':flutter_openssl_crypto:preDebugBuild', task ':flutter_openssl_crypto:writeDebugAarMetadata', task ':integration_test:preBuild', task ':integration_test:preDebugBuild', task ':integration_test:writeDebugAarMetadata', task ':path_provider_android:preBuild', task ':path_provider_android:preDebugBuild', task ':path_provider_android:writeDebugAarMetadata', task ':quill_native_bridge_android:preBuild', task ':quill_native_bridge_android:preDebugBuild', task ':quill_native_bridge_android:writeDebugAarMetadata', task ':shared_preferences_android:preBuild', task ':shared_preferences_android:preDebugBuild', task ':shared_preferences_android:writeDebugAarMetadata', task ':sqflite_android:preBuild', task ':sqflite_android:preDebugBuild', task ':sqflite_android:writeDebugAarMetadata', task ':url_launcher_android:preBuild', task ':url_launcher_android:preDebugBuild', task ':url_launcher_android:writeDebugAarMetadata', task ':video_player_android:preBuild', task ':video_player_android:preDebugBuild', task ':video_player_android:writeDebugAarMetadata', task ':app:checkDebugAarMetadata', task ':app:cleanMergeDebugAssets', task ':app:mergeDebugShaders', task ':app:compileDebugShaders', task ':app:generateDebugAssets', task ':connectivity_plus:mergeDebugShaders', task ':connectivity_plus:compileDebugShaders', task ':connectivity_plus:generateDebugAssets', task ':connectivity_plus:mergeDebugAssets', task ':emoji_picker_flutter:mergeDebugShaders', task ':emoji_picker_flutter:compileDebugShaders', task ':emoji_picker_flutter:generateDebugAssets', task ':emoji_picker_flutter:mergeDebugAssets', task ':file_selector_android:mergeDebugShaders', task ':file_selector_android:compileDebugShaders', task ':file_selector_android:generateDebugAssets', task ':file_selector_android:mergeDebugAssets', task ':flutter_keyboard_visibility_temp_fork:mergeDebugShaders', task ':flutter_keyboard_visibility_temp_fork:compileDebugShaders', task ':flutter_keyboard_visibility_temp_fork:generateDebugAssets', task ':flutter_keyboard_visibility_temp_fork:mergeDebugAssets', task ':flutter_native_splash:mergeDebugShaders', task ':flutter_native_splash:compileDebugShaders', task ':flutter_native_splash:generateDebugAssets', task ':flutter_native_splash:mergeDebugAssets', task ':flutter_olm:mergeDebugShaders', task ':flutter_olm:compileDebugShaders', task ':flutter_olm:generateDebugAssets', task ':flutter_olm:mergeDebugAssets', task ':flutter_openssl_crypto:mergeDebugShaders', task ':flutter_openssl_crypto:compileDebugShaders', task ':flutter_openssl_crypto:generateDebugAssets', task ':flutter_openssl_crypto:mergeDebugAssets', task ':integration_test:mergeDebugShaders', task ':integration_test:compileDebugShaders', task ':integration_test:generateDebugAssets', task ':integration_test:mergeDebugAssets', task ':path_provider_android:mergeDebugShaders', task ':path_provider_android:compileDebugShaders', task ':path_provider_android:generateDebugAssets', task ':path_provider_android:mergeDebugAssets', task ':quill_native_bridge_android:mergeDebugShaders', task ':quill_native_bridge_android:compileDebugShaders', task ':quill_native_bridge_android:generateDebugAssets', task ':quill_native_bridge_android:mergeDebugAssets', task ':shared_preferences_android:mergeDebugShaders', task ':shared_preferences_android:compileDebugShaders', task ':shared_preferences_android:generateDebugAssets', task ':shared_preferences_android:mergeDebugAssets', task ':sqflite_android:mergeDebugShaders', task ':sqflite_android:compileDebugShaders', task ':sqflite_android:generateDebugAssets', task ':sqflite_android:mergeDebugAssets', task ':url_launcher_android:mergeDebugShaders', task ':url_launcher_android:compileDebugShaders', task ':url_launcher_android:generateDebugAssets', task ':url_launcher_android:mergeDebugAssets', task ':video_player_android:mergeDebugShaders', task ':video_player_android:compileDebugShaders', task ':video_player_android:generateDebugAssets', task ':video_player_android:mergeDebugAssets', task ':app:mergeDebugAssets', task ':app:copyFlutterAssetsDebug', task ':app:generateDebugResValues', task ':connectivity_plus:generateDebugResValues', task ':connectivity_plus:generateDebugResources', task ':connectivity_plus:packageDebugResources', task ':emoji_picker_flutter:generateDebugResValues', task ':emoji_picker_flutter:generateDebugResources', task ':emoji_picker_flutter:packageDebugResources', task ':file_selector_android:generateDebugResValues', task ':file_selector_android:generateDebugResources', task ':file_selector_android:packageDebugResources', task ':flutter_keyboard_visibility_temp_fork:generateDebugResValues', task ':flutter_keyboard_visibility_temp_fork:generateDebugResources', task ':flutter_keyboard_visibility_temp_fork:packageDebugResources', task ':flutter_native_splash:generateDebugResValues', task ':flutter_native_splash:generateDebugResources', task ':flutter_native_splash:packageDebugResources', task ':flutter_olm:generateDebugResValues', task ':flutter_olm:generateDebugResources', task ':flutter_olm:packageDebugResources', task ':flutter_openssl_crypto:generateDebugResValues', task ':flutter_openssl_crypto:generateDebugResources', task ':flutter_openssl_crypto:packageDebugResources', task ':integration_test:generateDebugResValues', task ':integration_test:generateDebugResources', task ':integration_test:packageDebugResources', task ':path_provider_android:generateDebugResValues', task ':path_provider_android:generateDebugResources', task ':path_provider_android:packageDebugResources', task ':quill_native_bridge_android:generateDebugResValues', task ':quill_native_bridge_android:generateDebugResources', task ':quill_native_bridge_android:packageDebugResources', task ':shared_preferences_android:generateDebugResValues', task ':shared_preferences_android:generateDebugResources', task ':shared_preferences_android:packageDebugResources', task ':sqflite_android:generateDebugResValues', task ':sqflite_android:generateDebugResources', task ':sqflite_android:packageDebugResources', task ':url_launcher_android:generateDebugResValues', task ':url_launcher_android:generateDebugResources', task ':url_launcher_android:packageDebugResources', task ':video_player_android:generateDebugResValues', task ':video_player_android:generateDebugResources', task ':video_player_android:packageDebugResources', task ':app:mapDebugSourceSetPaths', task ':app:generateDebugResources', task ':app:mergeDebugResources', task ':app:packageDebugResources', task ':app:parseDebugLocalResources', task ':app:createDebugCompatibleScreenManifests', task ':app:extractDeepLinksDebug', task ':connectivity_plus:extractDeepLinksDebug', task ':connectivity_plus:processDebugManifest', task ':emoji_picker_flutter:extractDeepLinksDebug', task ':emoji_picker_flutter:processDebugManifest', task ':file_selector_android:extractDeepLinksDebug', task ':file_selector_android:processDebugManifest', task ':flutter_keyboard_visibility_temp_fork:extractDeepLinksDebug', task ':flutter_keyboard_visibility_temp_fork:processDebugManifest', task ':flutter_native_splash:extractDeepLinksDebug', task ':flutter_native_splash:processDebugManifest', task ':flutter_olm:extractDeepLinksDebug', task ':flutter_olm:processDebugManifest', task ':flutter_openssl_crypto:extractDeepLinksDebug', task ':flutter_openssl_crypto:processDebugManifest', task ':integration_test:extractDeepLinksDebug', task ':integration_test:processDebugManifest', task ':path_provider_android:extractDeepLinksDebug', task ':path_provider_android:processDebugManifest', task ':quill_native_bridge_android:extractDeepLinksDebug', task ':quill_native_bridge_android:processDebugManifest', task ':shared_preferences_android:extractDeepLinksDebug', task ':shared_preferences_android:processDebugManifest', task ':sqflite_android:extractDeepLinksDebug', task ':sqflite_android:processDebugManifest', task ':url_launcher_android:extractDeepLinksDebug', task ':url_launcher_android:processDebugManifest', task ':video_player_android:extractDeepLinksDebug', task ':video_player_android:processDebugManifest', task ':app:processDebugMainManifest', task ':app:outputDebugAppLinkSettings', task ':app:processDebugManifest', task ':app:processDebugManifestForPackage', task ':connectivity_plus:compileDebugLibraryResources', task ':connectivity_plus:parseDebugLocalResources', task ':connectivity_plus:generateDebugRFile', task ':emoji_picker_flutter:compileDebugLibraryResources', task ':emoji_picker_flutter:parseDebugLocalResources', task ':emoji_picker_flutter:generateDebugRFile', task ':file_selector_android:compileDebugLibraryResources', task ':file_selector_android:parseDebugLocalResources', task ':file_selector_android:generateDebugRFile', task ':flutter_keyboard_visibility_temp_fork:compileDebugLibraryResources', task ':flutter_keyboard_visibility_temp_fork:parseDebugLocalResources', task ':flutter_keyboard_visibility_temp_fork:generateDebugRFile', task ':flutter_native_splash:compileDebugLibraryResources', task ':flutter_native_splash:parseDebugLocalResources', task ':flutter_native_splash:generateDebugRFile', task ':flutter_olm:compileDebugLibraryResources', task ':flutter_olm:parseDebugLocalResources', task ':flutter_olm:generateDebugRFile', task ':flutter_openssl_crypto:compileDebugLibraryResources', task ':flutter_openssl_crypto:parseDebugLocalResources', task ':flutter_openssl_crypto:generateDebugRFile', task ':integration_test:compileDebugLibraryResources', task ':integration_test:parseDebugLocalResources', task ':integration_test:generateDebugRFile', task ':path_provider_android:compileDebugLibraryResources', task ':path_provider_android:parseDebugLocalResources', task ':path_provider_android:generateDebugRFile', task ':quill_native_bridge_android:compileDebugLibraryResources', task ':quill_native_bridge_android:parseDebugLocalResources', task ':quill_native_bridge_android:generateDebugRFile', task ':shared_preferences_android:compileDebugLibraryResources', task ':shared_preferences_android:parseDebugLocalResources', task ':shared_preferences_android:generateDebugRFile', task ':sqflite_android:compileDebugLibraryResources', task ':sqflite_android:parseDebugLocalResources', task ':sqflite_android:generateDebugRFile', task ':url_launcher_android:compileDebugLibraryResources', task ':url_launcher_android:parseDebugLocalResources', task ':url_launcher_android:generateDebugRFile', task ':video_player_android:compileDebugLibraryResources', task ':video_player_android:parseDebugLocalResources', task ':video_player_android:generateDebugRFile', task ':app:processDebugResources', task ':connectivity_plus:javaPreCompileDebug', task ':connectivity_plus:compileDebugJavaWithJavac', task ':connectivity_plus:bundleLibCompileToJarDebug', task ':emoji_picker_flutter:checkKotlinGradlePluginConfigurationErrors', task ':emoji_picker_flutter:compileDebugKotlin', task ':emoji_picker_flutter:javaPreCompileDebug', task ':emoji_picker_flutter:compileDebugJavaWithJavac', task ':emoji_picker_flutter:bundleLibCompileToJarDebug', task ':file_selector_android:javaPreCompileDebug', task ':file_selector_android:compileDebugJavaWithJavac', task ':file_selector_android:bundleLibCompileToJarDebug', task ':flutter_keyboard_visibility_temp_fork:javaPreCompileDebug', task ':flutter_keyboard_visibility_temp_fork:compileDebugJavaWithJavac', task ':flutter_keyboard_visibility_temp_fork:bundleLibCompileToJarDebug', task ':flutter_native_splash:javaPreCompileDebug', task ':flutter_native_splash:compileDebugJavaWithJavac', task ':flutter_native_splash:bundleLibCompileToJarDebug', task ':flutter_olm:checkKotlinGradlePluginConfigurationErrors', task ':flutter_olm:compileDebugKotlin', task ':flutter_olm:javaPreCompileDebug', task ':flutter_olm:compileDebugJavaWithJavac', task ':flutter_olm:bundleLibCompileToJarDebug', task ':flutter_openssl_crypto:checkKotlinGradlePluginConfigurationErrors', task ':flutter_openssl_crypto:compileDebugKotlin', task ':flutter_openssl_crypto:javaPreCompileDebug', task ':flutter_openssl_crypto:compileDebugJavaWithJavac', task ':flutter_openssl_crypto:bundleLibCompileToJarDebug', task ':integration_test:javaPreCompileDebug', task ':integration_test:compileDebugJavaWithJavac', task ':integration_test:bundleLibCompileToJarDebug', task ':path_provider_android:javaPreCompileDebug', task ':path_provider_android:compileDebugJavaWithJavac', task ':path_provider_android:bundleLibCompileToJarDebug', task ':quill_native_bridge_android:checkKotlinGradlePluginConfigurationErrors', task ':quill_native_bridge_android:compileDebugKotlin', task ':quill_native_bridge_android:javaPreCompileDebug', task ':quill_native_bridge_android:compileDebugJavaWithJavac', task ':quill_native_bridge_android:bundleLibCompileToJarDebug', task ':shared_preferences_android:checkKotlinGradlePluginConfigurationErrors', task ':shared_preferences_android:compileDebugKotlin', task ':shared_preferences_android:javaPreCompileDebug', task ':shared_preferences_android:compileDebugJavaWithJavac', task ':shared_preferences_android:bundleLibCompileToJarDebug', task ':sqflite_android:javaPreCompileDebug', task ':sqflite_android:compileDebugJavaWithJavac', task ':sqflite_android:bundleLibCompileToJarDebug', task ':url_launcher_android:generateDebugBuildConfig', task ':url_launcher_android:javaPreCompileDebug', task ':url_launcher_android:compileDebugJavaWithJavac', task ':url_launcher_android:bundleLibCompileToJarDebug', task ':video_player_android:checkKotlinGradlePluginConfigurationErrors', task ':video_player_android:compileDebugKotlin', task ':video_player_android:javaPreCompileDebug', task ':video_player_android:compileDebugJavaWithJavac', task ':video_player_android:bundleLibCompileToJarDebug', task ':app:compileDebugKotlin', task ':app:javaPreCompileDebug', task ':app:compileDebugJavaWithJavac', task ':app:compressDebugAssets', task ':app:processDebugJavaRes', task ':connectivity_plus:processDebugJavaRes', task ':emoji_picker_flutter:processDebugJavaRes', task ':file_selector_android:processDebugJavaRes', task ':flutter_keyboard_visibility_temp_fork:processDebugJavaRes', task ':flutter_native_splash:processDebugJavaRes', task ':flutter_olm:processDebugJavaRes', task ':flutter_openssl_crypto:processDebugJavaRes', task ':integration_test:processDebugJavaRes', task ':path_provider_android:processDebugJavaRes', task ':quill_native_bridge_android:processDebugJavaRes', task ':shared_preferences_android:processDebugJavaRes', task ':sqflite_android:processDebugJavaRes', task ':url_launcher_android:processDebugJavaRes', task ':video_player_android:processDebugJavaRes', task ':app:mergeDebugJavaResource', task ':app:checkDebugDuplicateClasses', task ':app:desugarDebugFileDependencies', task ':app:mergeExtDexDebug', task ':connectivity_plus:bundleLibRuntimeToDirDebug', task ':emoji_picker_flutter:bundleLibRuntimeToDirDebug', task ':file_selector_android:bundleLibRuntimeToDirDebug', task ':flutter_keyboard_visibility_temp_fork:bundleLibRuntimeToDirDebug', task ':flutter_native_splash:bundleLibRuntimeToDirDebug', task ':flutter_olm:bundleLibRuntimeToDirDebug', task ':flutter_openssl_crypto:bundleLibRuntimeToDirDebug', task ':integration_test:bundleLibRuntimeToDirDebug', task ':path_provider_android:bundleLibRuntimeToDirDebug', task ':quill_native_bridge_android:bundleLibRuntimeToDirDebug', task ':shared_preferences_android:bundleLibRuntimeToDirDebug', task ':sqflite_android:bundleLibRuntimeToDirDebug', task ':url_launcher_android:bundleLibRuntimeToDirDebug', task ':video_player_android:bundleLibRuntimeToDirDebug', task ':app:mergeLibDexDebug', task ':app:dexBuilderDebug', task ':app:mergeProjectDexDebug', task ':app:configureCMakeDebug[arm64-v8a]', task ':app:buildCMakeDebug[arm64-v8a]', task ':app:configureCMakeDebug[armeabi-v7a]', task ':app:buildCMakeDebug[armeabi-v7a]', task ':app:configureCMakeDebug[x86_64]', task ':app:buildCMakeDebug[x86_64]', task ':app:mergeDebugJniLibFolders', task ':connectivity_plus:mergeDebugJniLibFolders', task ':connectivity_plus:mergeDebugNativeLibs', task ':connectivity_plus:copyDebugJniLibsProjectOnly', task ':emoji_picker_flutter:mergeDebugJniLibFolders', task ':emoji_picker_flutter:mergeDebugNativeLibs', task ':emoji_picker_flutter:copyDebugJniLibsProjectOnly', task ':file_selector_android:mergeDebugJniLibFolders', task ':file_selector_android:mergeDebugNativeLibs', task ':file_selector_android:copyDebugJniLibsProjectOnly', task ':flutter_keyboard_visibility_temp_fork:mergeDebugJniLibFolders', task ':flutter_keyboard_visibility_temp_fork:mergeDebugNativeLibs', task ':flutter_keyboard_visibility_temp_fork:copyDebugJniLibsProjectOnly', task ':flutter_native_splash:mergeDebugJniLibFolders', task ':flutter_native_splash:mergeDebugNativeLibs', task ':flutter_native_splash:copyDebugJniLibsProjectOnly', task ':flutter_olm:preProfileBuild', task ':flutter_olm:configureCMakeDebug[arm64-v8a]', task ':flutter_olm:buildCMakeDebug[arm64-v8a]', task ':flutter_olm:configureCMakeDebug[armeabi-v7a]', task ':flutter_olm:buildCMakeDebug[armeabi-v7a]', task ':flutter_olm:configureCMakeDebug[x86]', task ':flutter_olm:buildCMakeDebug[x86]', task ':flutter_olm:configureCMakeDebug[x86_64]', task ':flutter_olm:buildCMakeDebug[x86_64]', task ':flutter_olm:mergeDebugJniLibFolders', task ':flutter_olm:mergeDebugNativeLibs', task ':flutter_olm:copyDebugJniLibsProjectOnly', task ':flutter_openssl_crypto:preProfileBuild', task ':flutter_openssl_crypto:configureCMakeDebug[arm64-v8a]', task ':flutter_openssl_crypto:buildCMakeDebug[arm64-v8a]', task ':flutter_openssl_crypto:configureCMakeDebug[armeabi-v7a]', task ':flutter_openssl_crypto:buildCMakeDebug[armeabi-v7a]', task ':flutter_openssl_crypto:configureCMakeDebug[x86]', task ':flutter_openssl_crypto:buildCMakeDebug[x86]', task ':flutter_openssl_crypto:configureCMakeDebug[x86_64]', task ':flutter_openssl_crypto:buildCMakeDebug[x86_64]', task ':flutter_openssl_crypto:mergeDebugJniLibFolders', task ':flutter_openssl_crypto:mergeDebugNativeLibs', task ':flutter_openssl_crypto:copyDebugJniLibsProjectOnly', task ':integration_test:mergeDebugJniLibFolders', task ':integration_test:mergeDebugNativeLibs', task ':integration_test:copyDebugJniLibsProjectOnly', task ':path_provider_android:mergeDebugJniLibFolders', task ':path_provider_android:mergeDebugNativeLibs', task ':path_provider_android:copyDebugJniLibsProjectOnly', task ':quill_native_bridge_android:mergeDebugJniLibFolders', task ':quill_native_bridge_android:mergeDebugNativeLibs', task ':quill_native_bridge_android:copyDebugJniLibsProjectOnly', task ':shared_preferences_android:mergeDebugJniLibFolders', task ':shared_preferences_android:mergeDebugNativeLibs', task ':shared_preferences_android:copyDebugJniLibsProjectOnly', task ':sqflite_android:mergeDebugJniLibFolders', task ':sqflite_android:mergeDebugNativeLibs', task ':sqflite_android:copyDebugJniLibsProjectOnly', task ':url_launcher_android:mergeDebugJniLibFolders', task ':url_launcher_android:mergeDebugNativeLibs', task ':url_launcher_android:copyDebugJniLibsProjectOnly', task ':video_player_android:mergeDebugJniLibFolders', task ':video_player_android:mergeDebugNativeLibs', task ':video_player_android:copyDebugJniLibsProjectOnly', task ':app:mergeDebugNativeLibs', task ':app:stripDebugDebugSymbols', task ':app:validateSigningDebug', task ':app:writeDebugAppMetadata', task ':app:writeDebugSigningConfigVersions', task ':app:packageDebug', task ':app:createDebugApkListingFileRedirect', task ':app:assembleDebug', task ':connectivity_plus:stripDebugDebugSymbols', task ':connectivity_plus:copyDebugJniLibsProjectAndLocalJars', task ':connectivity_plus:extractDebugAnnotations', task ':connectivity_plus:extractDeepLinksForAarDebug', task ':connectivity_plus:mergeDebugGeneratedProguardFiles', task ':connectivity_plus:mergeDebugConsumerProguardFiles', task ':connectivity_plus:prepareDebugArtProfile', task ':connectivity_plus:prepareLintJarForPublish', task ':connectivity_plus:mergeDebugJavaResource', task ':connectivity_plus:syncDebugLibJars', task ':connectivity_plus:bundleDebugAar', task ':connectivity_plus:assembleDebug', task ':emoji_picker_flutter:stripDebugDebugSymbols', task ':emoji_picker_flutter:copyDebugJniLibsProjectAndLocalJars', task ':emoji_picker_flutter:extractDebugAnnotations', task ':emoji_picker_flutter:extractDeepLinksForAarDebug', task ':emoji_picker_flutter:mergeDebugGeneratedProguardFiles', task ':emoji_picker_flutter:mergeDebugConsumerProguardFiles', task ':emoji_picker_flutter:prepareDebugArtProfile', task ':emoji_picker_flutter:prepareLintJarForPublish', task ':emoji_picker_flutter:mergeDebugJavaResource', task ':emoji_picker_flutter:syncDebugLibJars', task ':emoji_picker_flutter:bundleDebugAar', task ':emoji_picker_flutter:assembleDebug', task ':file_selector_android:stripDebugDebugSymbols', task ':file_selector_android:copyDebugJniLibsProjectAndLocalJars', task ':file_selector_android:extractDebugAnnotations', task ':file_selector_android:extractDeepLinksForAarDebug', task ':file_selector_android:mergeDebugGeneratedProguardFiles', task ':file_selector_android:mergeDebugConsumerProguardFiles', task ':file_selector_android:prepareDebugArtProfile', task ':file_selector_android:prepareLintJarForPublish', task ':file_selector_android:mergeDebugJavaResource', task ':file_selector_android:syncDebugLibJars', task ':file_selector_android:bundleDebugAar', task ':file_selector_android:assembleDebug', task ':flutter_keyboard_visibility_temp_fork:stripDebugDebugSymbols', task ':flutter_keyboard_visibility_temp_fork:copyDebugJniLibsProjectAndLocalJars', task ':flutter_keyboard_visibility_temp_fork:extractDebugAnnotations', task ':flutter_keyboard_visibility_temp_fork:extractDeepLinksForAarDebug', task ':flutter_keyboard_visibility_temp_fork:mergeDebugGeneratedProguardFiles', task ':flutter_keyboard_visibility_temp_fork:mergeDebugConsumerProguardFiles', task ':flutter_keyboard_visibility_temp_fork:prepareDebugArtProfile', task ':flutter_keyboard_visibility_temp_fork:prepareLintJarForPublish', task ':flutter_keyboard_visibility_temp_fork:mergeDebugJavaResource', task ':flutter_keyboard_visibility_temp_fork:syncDebugLibJars', task ':flutter_keyboard_visibility_temp_fork:bundleDebugAar', task ':flutter_keyboard_visibility_temp_fork:assembleDebug', task ':flutter_native_splash:stripDebugDebugSymbols', task ':flutter_native_splash:copyDebugJniLibsProjectAndLocalJars', task ':flutter_native_splash:extractDebugAnnotations', task ':flutter_native_splash:extractDeepLinksForAarDebug', task ':flutter_native_splash:mergeDebugGeneratedProguardFiles', task ':flutter_native_splash:mergeDebugConsumerProguardFiles', task ':flutter_native_splash:prepareDebugArtProfile', task ':flutter_native_splash:prepareLintJarForPublish', task ':flutter_native_splash:mergeDebugJavaResource', task ':flutter_native_splash:syncDebugLibJars', task ':flutter_native_splash:bundleDebugAar', task ':flutter_native_splash:assembleDebug', task ':flutter_olm:stripDebugDebugSymbols', task ':flutter_olm:copyDebugJniLibsProjectAndLocalJars', task ':flutter_olm:extractDebugAnnotations', task ':flutter_olm:extractDeepLinksForAarDebug', task ':flutter_olm:mergeDebugGeneratedProguardFiles', task ':flutter_olm:mergeDebugConsumerProguardFiles', task ':flutter_olm:prepareDebugArtProfile', task ':flutter_olm:prepareLintJarForPublish', task ':flutter_olm:mergeDebugJavaResource', task ':flutter_olm:syncDebugLibJars', task ':flutter_olm:bundleDebugAar', task ':flutter_olm:assembleDebug', task ':flutter_openssl_crypto:stripDebugDebugSymbols', task ':flutter_openssl_crypto:copyDebugJniLibsProjectAndLocalJars', task ':flutter_openssl_crypto:extractDebugAnnotations', task ':flutter_openssl_crypto:extractDeepLinksForAarDebug', task ':flutter_openssl_crypto:mergeDebugGeneratedProguardFiles', task ':flutter_openssl_crypto:mergeDebugConsumerProguardFiles', task ':flutter_openssl_crypto:prepareDebugArtProfile', task ':flutter_openssl_crypto:prepareLintJarForPublish', task ':flutter_openssl_crypto:mergeDebugJavaResource', task ':flutter_openssl_crypto:syncDebugLibJars', task ':flutter_openssl_crypto:bundleDebugAar', task ':flutter_openssl_crypto:assembleDebug', task ':integration_test:stripDebugDebugSymbols', task ':integration_test:copyDebugJniLibsProjectAndLocalJars', task ':integration_test:extractDebugAnnotations', task ':integration_test:extractDeepLinksForAarDebug', task ':integration_test:mergeDebugGeneratedProguardFiles', task ':integration_test:mergeDebugConsumerProguardFiles', task ':integration_test:prepareDebugArtProfile', task ':integration_test:prepareLintJarForPublish', task ':integration_test:mergeDebugJavaResource', task ':integration_test:syncDebugLibJars', task ':integration_test:bundleDebugAar', task ':integration_test:assembleDebug', task ':path_provider_android:stripDebugDebugSymbols', task ':path_provider_android:copyDebugJniLibsProjectAndLocalJars', task ':path_provider_android:extractDebugAnnotations', task ':path_provider_android:extractDeepLinksForAarDebug', task ':path_provider_android:mergeDebugGeneratedProguardFiles', task ':path_provider_android:mergeDebugConsumerProguardFiles', task ':path_provider_android:prepareDebugArtProfile', task ':path_provider_android:prepareLintJarForPublish', task ':path_provider_android:mergeDebugJavaResource', task ':path_provider_android:syncDebugLibJars', task ':path_provider_android:bundleDebugAar', task ':path_provider_android:assembleDebug', task ':quill_native_bridge_android:stripDebugDebugSymbols', task ':quill_native_bridge_android:copyDebugJniLibsProjectAndLocalJars', task ':quill_native_bridge_android:extractDebugAnnotations', task ':quill_native_bridge_android:extractDeepLinksForAarDebug', task ':quill_native_bridge_android:mergeDebugGeneratedProguardFiles', task ':quill_native_bridge_android:mergeDebugConsumerProguardFiles', task ':quill_native_bridge_android:prepareDebugArtProfile', task ':quill_native_bridge_android:prepareLintJarForPublish', task ':quill_native_bridge_android:mergeDebugJavaResource', task ':quill_native_bridge_android:syncDebugLibJars', task ':quill_native_bridge_android:bundleDebugAar', task ':quill_native_bridge_android:assembleDebug', task ':shared_preferences_android:stripDebugDebugSymbols', task ':shared_preferences_android:copyDebugJniLibsProjectAndLocalJars', task ':shared_preferences_android:extractDebugAnnotations', task ':shared_preferences_android:extractDeepLinksForAarDebug', task ':shared_preferences_android:mergeDebugGeneratedProguardFiles', task ':shared_preferences_android:mergeDebugConsumerProguardFiles', task ':shared_preferences_android:prepareDebugArtProfile', task ':shared_preferences_android:prepareLintJarForPublish', task ':shared_preferences_android:mergeDebugJavaResource', task ':shared_preferences_android:syncDebugLibJars', task ':shared_preferences_android:bundleDebugAar', task ':shared_preferences_android:assembleDebug', task ':sqflite_android:stripDebugDebugSymbols', task ':sqflite_android:copyDebugJniLibsProjectAndLocalJars', task ':sqflite_android:extractDebugAnnotations', task ':sqflite_android:extractDeepLinksForAarDebug', task ':sqflite_android:mergeDebugGeneratedProguardFiles', task ':sqflite_android:mergeDebugConsumerProguardFiles', task ':sqflite_android:prepareDebugArtProfile', task ':sqflite_android:prepareLintJarForPublish', task ':sqflite_android:mergeDebugJavaResource', task ':sqflite_android:syncDebugLibJars', task ':sqflite_android:bundleDebugAar', task ':sqflite_android:assembleDebug', task ':url_launcher_android:stripDebugDebugSymbols', task ':url_launcher_android:copyDebugJniLibsProjectAndLocalJars', task ':url_launcher_android:extractDebugAnnotations', task ':url_launcher_android:extractDeepLinksForAarDebug', task ':url_launcher_android:mergeDebugGeneratedProguardFiles', task ':url_launcher_android:mergeDebugConsumerProguardFiles', task ':url_launcher_android:prepareDebugArtProfile', task ':url_launcher_android:prepareLintJarForPublish', task ':url_launcher_android:mergeDebugJavaResource', task ':url_launcher_android:syncDebugLibJars', task ':url_launcher_android:bundleDebugAar', task ':url_launcher_android:assembleDebug', task ':video_player_android:stripDebugDebugSymbols', task ':video_player_android:copyDebugJniLibsProjectAndLocalJars', task ':video_player_android:extractDebugAnnotations', task ':video_player_android:extractDeepLinksForAarDebug', task ':video_player_android:mergeDebugGeneratedProguardFiles', task ':video_player_android:mergeDebugConsumerProguardFiles', task ':video_player_android:prepareDebugArtProfile', task ':video_player_android:prepareLintJarForPublish', task ':video_player_android:mergeDebugJavaResource', task ':video_player_android:syncDebugLibJars', task ':video_player_android:bundleDebugAar', task ':video_player_android:assembleDebug']
[        ] Tasks that were excluded: []
[        ] work action Parameters of ClassesDirToClassesTransform (Thread[#42086,Execution worker Thread 6,5,main]) started.
[        ] work action Parameters of DexingNoClasspathTransform (Thread[#42086,Execution worker Thread 6,5,main]) started.
[        ] Resolve mutations for :app:preBuild (Thread[#42086,Execution worker Thread 6,5,main]) started.
[        ] :app:preBuild (Thread[#42086,Execution worker Thread 6,5,main]) started.
[        ] > Task :app:preBuild UP-TO-DATE
[        ] Skipping task ':app:preBuild' as it has no actions.
[        ] Resolve mutations for :app:preDebugBuild (Thread[#42086,Execution worker Thread 6,5,main]) started.
[        ] :app:preDebugBuild (Thread[#42086,Execution worker Thread 6,5,main]) started.
[        ] > Task :app:preDebugBuild UP-TO-DATE
[        ] Skipping task ':app:preDebugBuild' as it has no actions.
[        ] Resolve mutations for :app:mergeDebugNativeDebugMetadata (Thread[#42090,Execution worker Thread 9,5,main]) started.
[        ] :app:mergeDebugNativeDebugMetadata (Thread[#42090,Execution worker Thread 9,5,main]) started.
[        ] > Task :app:mergeDebugNativeDebugMetadata NO-SOURCE
[        ] Skipping task ':app:mergeDebugNativeDebugMetadata' as it has no source files and no previous output files.
[        ] Resolve mutations for :app:checkKotlinGradlePluginConfigurationErrors (Thread[#42090,Execution worker Thread 9,5,main]) started.
[        ] :app:checkKotlinGradlePluginConfigurationErrors (Thread[#42090,Execution worker Thread 9,5,main]) started.
[        ] > Task :app:checkKotlinGradlePluginConfigurationErrors SKIPPED
[        ] Skipping task ':app:checkKotlinGradlePluginConfigurationErrors' as task onlyIf 'errorDiagnostics are present' is false.
[        ] Resolve mutations for :app:compileFlutterBuildDebug (Thread[#42090,Execution worker Thread 9,5,main]) started.
[        ] :app:compileFlutterBuildDebug (Thread[#42090,Execution worker Thread 9,5,main]) started.
11:15 +10 -23: loading /Users/florian/Code/substitution/integration_test/interaction_strict_test.dart                                                                                                  11:16 +10 -23: loading /Users/florian/Code/substitution/integration_test/interaction_strict_test.dart                                                                                                  [+1997 ms] > Task :app:compileFlutterBuildDebug
[        ] Caching disabled for task ':app:compileFlutterBuildDebug' because:
[        ]   Build cache is disabled
[        ]   Caching has not been enabled for the task
[        ] Task ':app:compileFlutterBuildDebug' is not up-to-date because:
[        ]   Value of input property 'targetPath' has changed for task ':app:compileFlutterBuildDebug'
[        ] Starting process 'command '/opt/homebrew/share/flutter/bin/flutter''. Working directory: /Users/florian/Code/substitution Command: /opt/homebrew/share/flutter/bin/flutter --verbose assemble --no-version-check --depfile /Users/florian/Code/substitution/build/app/intermediates/flutter/debug/flutter_build.d --output /Users/florian/Code/substitution/build/app/intermediates/flutter/debug -dTargetFile=/var/folders/l_/w8pnbb9d38n57pzg9j98fmy80000gn/T/flutter_tools.wuOse9/flutter_test_listener.RFfmve/listener.dart -dTargetPlatform=android -dBuildMode=debug -dTrackWidgetCreation=true --DartDefines=TUFUUklYX1NFUlZFUj1odHRwOi8vbG9jYWxob3N0OjgwMDg=,TUFUUklYX1RFU1RfVVNFUj0=,TUFUUklYX1RFU1RfUEFTU1dPUkQ9,RkxVVFRFUl9WRVJTSU9OPTMuMzguOQ==,RkxVVFRFUl9DSEFOTkVMPXN0YWJsZQ==,RkxVVFRFUl9HSVRfVVJMPWh0dHBzOi8vZ2l0aHViLmNvbS9mbHV0dGVyL2ZsdXR0ZXIuZ2l0,RkxVVFRFUl9GUkFNRVdPUktfUkVWSVNJT049NjczMjNkZTI4NQ==,RkxVVFRFUl9FTkdJTkVfUkVWSVNJT049NTg3YzE4Zjg3Mw==,RkxVVFRFUl9EQVJUX1ZFUlNJT049My4xMC44,SU5URUdSQVRJT05fVEVTVF9TSE9VTERfUkVQT1JUX1JFU1VMVFNfVE9fTkFUSVZFPWZhbHNl -dFlavor= -dAndroidArchs=android-arm64 -dMinSdkVersion=24 debug_android_application
[        ] Successfully started process 'command '/opt/homebrew/share/flutter/bin/flutter''
[        ] [  +20 ms] executing: sysctl hw.optional.arm64
[        ] [   +3 ms] Exit code 0 from: sysctl hw.optional.arm64
[        ] [        ] hw.optional.arm64: 1
[        ] [   +4 ms] Artifact Instance of 'MaterialFonts' is not required, skipping update.
[        ] [        ] Artifact Instance of 'GradleWrapper' is not required, skipping update.
[        ] [        ] Artifact Instance of 'AndroidGenSnapshotArtifacts' is not required, skipping update.
[        ] [        ] Artifact Instance of 'AndroidInternalBuildArtifacts' is not required, skipping update.
[        ] [        ] Artifact Instance of 'IOSEngineArtifacts' is not required, skipping update.
[        ] [        ] Artifact Instance of 'FlutterWebSdk' is not required, skipping update.
[        ] [        ] Artifact Instance of 'LegacyCanvasKitRemover' is not required, skipping update.
[        ] [        ] Artifact Instance of 'FlutterSdk' is not required, skipping update.
[        ] [        ] Artifact Instance of 'WindowsEngineArtifacts' is not required, skipping update.
[        ] [        ] Artifact Instance of 'MacOSEngineArtifacts' is not required, skipping update.
[        ] [        ] Artifact Instance of 'LinuxEngineArtifacts' is not required, skipping update.
[        ] [        ] Artifact Instance of 'LinuxFuchsiaSDKArtifacts' is not required, skipping update.
[        ] [        ] Artifact Instance of 'MacOSFuchsiaSDKArtifacts' is not required, skipping update.
[        ] [        ] Artifact Instance of 'FlutterRunnerSDKArtifacts' is not required, skipping update.
[        ] [        ] Artifact Instance of 'FlutterRunnerDebugSymbols' is not required, skipping update.
[        ] [        ] Artifact Instance of 'IosUsbArtifacts' is not required, skipping update.
[        ] [        ] Artifact Instance of 'IosUsbArtifacts' is not required, skipping update.
[        ] [        ] Artifact Instance of 'IosUsbArtifacts' is not required, skipping update.
[        ] [        ] Artifact Instance of 'IosUsbArtifacts' is not required, skipping update.
[        ] [        ] Artifact Instance of 'IosUsbArtifacts' is not required, skipping update.
[        ] [        ] Artifact Instance of 'IosUsbArtifacts' is not required, skipping update.
[        ] [        ] Artifact Instance of 'FontSubsetArtifacts' is not required, skipping update.
[        ] [        ] Artifact Instance of 'PubDependencies' is not required, skipping update.
[        ] [   +3 ms] Artifact Instance of 'AndroidGenSnapshotArtifacts' is not required, skipping update.
[        ] [        ] Artifact Instance of 'AndroidInternalBuildArtifacts' is not required, skipping update.
[        ] [        ] Artifact Instance of 'IOSEngineArtifacts' is not required, skipping update.
[        ] [        ] Artifact Instance of 'FlutterWebSdk' is not required, skipping update.
[        ] [        ] Artifact Instance of 'FlutterEngineStamp' is not required, skipping update.
[        ] [        ] Artifact Instance of 'LegacyCanvasKitRemover' is not required, skipping update.
[        ] [        ] Artifact Instance of 'WindowsEngineArtifacts' is not required, skipping update.
[        ] [        ] Artifact Instance of 'MacOSEngineArtifacts' is not required, skipping update.
[        ] [        ] Artifact Instance of 'LinuxEngineArtifacts' is not required, skipping update.
[        ] [        ] Artifact Instance of 'LinuxFuchsiaSDKArtifacts' is not required, skipping update.
[        ] [        ] Artifact Instance of 'MacOSFuchsiaSDKArtifacts' is not required, skipping update.
[        ] [        ] Artifact Instance of 'FlutterRunnerSDKArtifacts' is not required, skipping update.
[        ] [        ] Artifact Instance of 'FlutterRunnerDebugSymbols' is not required, skipping update.
[        ] [  +23 ms] Artifact Instance of 'MaterialFonts' is not required, skipping update.
[        ] [        ] Artifact Instance of 'GradleWrapper' is not required, skipping update.
[        ] [        ] Artifact Instance of 'AndroidInternalBuildArtifacts' is not required, skipping update.
[        ] [        ] Artifact Instance of 'IOSEngineArtifacts' is not required, skipping update.
[        ] [        ] Artifact Instance of 'FlutterWebSdk' is not required, skipping update.
[        ] [        ] Artifact Instance of 'FlutterEngineStamp' is not required, skipping update.
[        ] [        ] Artifact Instance of 'LegacyCanvasKitRemover' is not required, skipping update.
[        ] [        ] Artifact Instance of 'FlutterSdk' is not required, skipping update.
[        ] [        ] Artifact Instance of 'WindowsEngineArtifacts' is not required, skipping update.
[        ] [        ] Artifact Instance of 'MacOSEngineArtifacts' is not required, skipping update.
[        ] [        ] Artifact Instance of 'LinuxEngineArtifacts' is not required, skipping update.
[        ] [        ] Artifact Instance of 'LinuxFuchsiaSDKArtifacts' is not required, skipping update.
[        ] [        ] Artifact Instance of 'MacOSFuchsiaSDKArtifacts' is not required, skipping update.
[        ] [        ] Artifact Instance of 'FlutterRunnerSDKArtifacts' is not required, skipping update.
[        ] [        ] Artifact Instance of 'FlutterRunnerDebugSymbols' is not required, skipping update.
[        ] [        ] Artifact Instance of 'IosUsbArtifacts' is not required, skipping update.
[        ] [        ] Artifact Instance of 'IosUsbArtifacts' is not required, skipping update.
[        ] [        ] Artifact Instance of 'IosUsbArtifacts' is not required, skipping update.
[        ] [        ] Artifact Instance of 'IosUsbArtifacts' is not required, skipping update.
[        ] [        ] Artifact Instance of 'IosUsbArtifacts' is not required, skipping update.
[        ] [        ] Artifact Instance of 'IosUsbArtifacts' is not required, skipping update.
[        ] [        ] Artifact Instance of 'FontSubsetArtifacts' is not required, skipping update.
[        ] [        ] Artifact Instance of 'PubDependencies' is not required, skipping update.
[        ] [  +21 ms] Initializing file store
[        ] [  +12 ms] dart_build: Starting due to {}
[        ] [        ] Skipping target: gen_localizations
[        ] [        ] gen_dart_plugin_registrant: Starting due to {InvalidatedReasonKind.outputSetAddition: The following outputs were added to the output set: /Users/florian/Code/substitution/.dart_tool/flutter_build/dart_plugin_registrant.dart, InvalidatedReasonKind.inputChanged: The following inputs have updated contents: /Users/florian/Code/substitution/.dart_tool/package_config.json}
[        ] [  +45 ms] Found plugin integration_test at /opt/homebrew/share/flutter/packages/integration_test/
[        ] [  +18 ms] Found plugin flutter_native_splash at /Users/florian/.pub-cache/hosted/pub.dev/flutter_native_splash-2.4.7/
[        ] [  +12 ms] Building native assets for android_arm64.
[        ] [  +24 ms] Found plugin connectivity_plus at /Users/florian/.pub-cache/hosted/pub.dev/connectivity_plus-5.0.2/
[        ] [   +5 ms] input.json contents:
[        ]            {
[        ]              "assets": {},
[        ]              "config": {
[        ]                "build_asset_types": [
[        ]                  "code_assets/code"
[        ]                ],
[        ]                "extensions": {
[        ]                  "code_assets": {
[        ]                    "android": {
[        ]                      "target_ndk_api": 24
[        ]                    },
[        ]                    "c_compiler": {
[        ]                      "ar": "/Users/florian/Library/Android/sdk/ndk/28.2.13676358/toolchains/llvm/prebuilt/darwin-x86_64/bin/llvm-ar",
[        ]                      "cc": "/Users/florian/Library/Android/sdk/ndk/28.2.13676358/toolchains/llvm/prebuilt/darwin-x86_64/bin/clang",
[        ]                      "ld": "/Users/florian/Library/Android/sdk/ndk/28.2.13676358/toolchains/llvm/prebuilt/darwin-x86_64/bin/ld.lld"
[        ]                    },
[        ]                    "link_mode_preference": "dynamic",
[        ]                    "target_architecture": "arm64",
[        ]                    "target_os": "android"
[        ]                  }
[        ]                },
[        ]                "linking_enabled": false
[        ]              },
[        ]              "out_dir_shared": "/Users/florian/Code/substitution/.dart_tool/hooks_runner/shared/objective_c/build/",
[        ]              "out_file": "/Users/florian/Code/substitution/.dart_tool/hooks_runner/objective_c/842b8c761140c2c0e73191c57a372e73/output.json",
[        ]              "package_name": "objective_c",
[        ]              "package_root": "/Users/florian/.pub-cache/hosted/pub.dev/objective_c-9.2.5/",
[        ]              "user_defines": {}
[        ]            }
[        ] [   +2 ms] output.json contents:
[        ]            {
[        ]              "assets_for_linking": {},
[        ]              "status": "success",
[        ]              "timestamp": "2026-02-16 21:57:23.000"
[        ]            }
[        ] [   +1 ms] Skipping build for objective_c in /Users/florian/Code/substitution/.dart_tool/hooks_runner/objective_c/842b8c761140c2c0e73191c57a372e73/. Last build on 2026-02-16 21:57:23.000.
[        ] [   +2 ms] Building native assets for android_arm64 done.
[        ] [   +1 ms] dart_build: Complete
[        ] [   +1 ms] install_code_assets: Starting due to {}
[        ] [   +1 ms] Writing native assets json to file:///Users/florian/Code/substitution/.dart_tool/flutter_build/4e5d700c68b531aa20bb1718ae51542f/native_assets.json.
[        ] [   +1 ms] Writing /Users/florian/Code/substitution/.dart_tool/flutter_build/4e5d700c68b531aa20bb1718ae51542f/native_assets.json done.
[        ] [        ] Found plugin video_player at /Users/florian/.pub-cache/hosted/pub.dev/video_player-2.10.1/
[        ] [        ] install_code_assets: Complete
[        ] [   +1 ms] Found plugin video_player_web at /Users/florian/.pub-cache/hosted/pub.dev/video_player_web-2.4.0/
[        ] [   +1 ms] Found plugin video_player_avfoundation at /Users/florian/.pub-cache/hosted/pub.dev/video_player_avfoundation-2.9.1/
[        ] [        ] Found plugin video_player_android at /Users/florian/.pub-cache/hosted/pub.dev/video_player_android-2.9.1/
[        ] [        ] Found plugin url_launcher at /Users/florian/.pub-cache/hosted/pub.dev/url_launcher-6.3.2/
[        ] [        ] Found plugin url_launcher_windows at /Users/florian/.pub-cache/hosted/pub.dev/url_launcher_windows-3.1.5/
[        ] [        ] Found plugin url_launcher_web at /Users/florian/.pub-cache/hosted/pub.dev/url_launcher_web-2.4.2/
[        ] [        ] Found plugin url_launcher_macos at /Users/florian/.pub-cache/hosted/pub.dev/url_launcher_macos-3.2.5/
[        ] [        ] Found plugin url_launcher_linux at /Users/florian/.pub-cache/hosted/pub.dev/url_launcher_linux-3.2.2/
[        ] [        ] Found plugin url_launcher_ios at /Users/florian/.pub-cache/hosted/pub.dev/url_launcher_ios-6.3.6/
[        ] [        ] Found plugin url_launcher_android at /Users/florian/.pub-cache/hosted/pub.dev/url_launcher_android-6.3.28/
[        ] [   +2 ms] Found plugin sqflite at /Users/florian/.pub-cache/hosted/pub.dev/sqflite-2.4.2/
[        ] [        ] Found plugin sqflite_darwin at /Users/florian/.pub-cache/hosted/pub.dev/sqflite_darwin-2.4.2/
[        ] [        ] Found plugin sqflite_android at /Users/florian/.pub-cache/hosted/pub.dev/sqflite_android-2.4.2+2/
[        ] [        ] Found plugin path_provider at /Users/florian/.pub-cache/hosted/pub.dev/path_provider-2.1.5/
[        ] [        ] Found plugin path_provider_windows at /Users/florian/.pub-cache/hosted/pub.dev/path_provider_windows-2.3.0/
[        ] [        ] Found plugin path_provider_linux at /Users/florian/.pub-cache/hosted/pub.dev/path_provider_linux-2.2.1/
[        ] [        ] Found plugin path_provider_foundation at /Users/florian/.pub-cache/hosted/pub.dev/path_provider_foundation-2.6.0/
[        ] [   +2 ms] Found plugin path_provider_android at /Users/florian/.pub-cache/hosted/pub.dev/path_provider_android-2.2.22/
[        ] [  +19 ms] Found plugin flutter_keyboard_visibility_temp_fork at /Users/florian/.pub-cache/hosted/pub.dev/flutter_keyboard_visibility_temp_fork-0.1.5/
[        ] [        ] Found plugin flutter_keyboard_visibility_windows at /Users/florian/.pub-cache/hosted/pub.dev/flutter_keyboard_visibility_windows-1.0.0/
[        ] [   +1 ms] Found plugin flutter_keyboard_visibility_macos at /Users/florian/.pub-cache/hosted/pub.dev/flutter_keyboard_visibility_macos-1.0.0/
[        ] [        ] Found plugin flutter_keyboard_visibility_linux at /Users/florian/.pub-cache/hosted/pub.dev/flutter_keyboard_visibility_linux-1.0.0/
[        ] [   +9 ms] Found plugin quill_native_bridge at /Users/florian/.pub-cache/hosted/pub.dev/quill_native_bridge-11.1.0/
[        ] [        ] Found plugin quill_native_bridge_windows at /Users/florian/.pub-cache/hosted/pub.dev/quill_native_bridge_windows-0.0.2/
[        ] [  +12 ms] Found plugin file_selector_windows at /Users/florian/.pub-cache/hosted/pub.dev/file_selector_windows-0.9.3+5/
[        ] [   +2 ms] Found plugin quill_native_bridge_web at /Users/florian/.pub-cache/hosted/pub.dev/quill_native_bridge_web-0.0.2/
[        ] [        ] Found plugin quill_native_bridge_macos at /Users/florian/.pub-cache/hosted/pub.dev/quill_native_bridge_macos-0.0.1/
[        ] [        ] Found plugin quill_native_bridge_ios at /Users/florian/.pub-cache/hosted/pub.dev/quill_native_bridge_ios-0.0.1/
[        ] [        ] Found plugin quill_native_bridge_android at /Users/florian/.pub-cache/hosted/pub.dev/quill_native_bridge_android-0.0.1+2/
[        ] [   +3 ms] Found plugin flutter_openssl_crypto at /Users/florian/.pub-cache/hosted/pub.dev/flutter_openssl_crypto-0.5.0/
[        ] [        ] Found plugin flutter_olm at /Users/florian/.pub-cache/hosted/pub.dev/flutter_olm-2.0.0/
[        ] [   +2 ms] Found plugin file_selector at /Users/florian/.pub-cache/hosted/pub.dev/file_selector-1.1.0/
[        ] [        ] Found plugin file_selector_web at /Users/florian/.pub-cache/hosted/pub.dev/file_selector_web-0.9.4+2/
[        ] [        ] Found plugin file_selector_macos at /Users/florian/.pub-cache/hosted/pub.dev/file_selector_macos-0.9.5/
[        ] [        ] Found plugin file_selector_linux at /Users/florian/.pub-cache/hosted/pub.dev/file_selector_linux-0.9.4/
[        ] [        ] Found plugin file_selector_ios at /Users/florian/.pub-cache/hosted/pub.dev/file_selector_ios-0.5.3+5/
[        ] [        ] Found plugin file_selector_android at /Users/florian/.pub-cache/hosted/pub.dev/file_selector_android-0.5.2+4/
[        ] [        ] Found plugin emoji_picker_flutter at /Users/florian/.pub-cache/hosted/pub.dev/emoji_picker_flutter-4.4.0/
[        ] [   +1 ms] Found plugin shared_preferences at /Users/florian/.pub-cache/hosted/pub.dev/shared_preferences-2.5.4/
[        ] [        ] Found plugin shared_preferences_windows at /Users/florian/.pub-cache/hosted/pub.dev/shared_preferences_windows-2.4.1/
[        ] [   +1 ms] Found plugin shared_preferences_web at /Users/florian/.pub-cache/hosted/pub.dev/shared_preferences_web-2.4.3/
[        ] [        ] Found plugin shared_preferences_linux at /Users/florian/.pub-cache/hosted/pub.dev/shared_preferences_linux-2.4.1/
[        ] [        ] Found plugin shared_preferences_foundation at /Users/florian/.pub-cache/hosted/pub.dev/shared_preferences_foundation-2.5.6/
[        ] [        ] Found plugin shared_preferences_android at /Users/florian/.pub-cache/hosted/pub.dev/shared_preferences_android-2.4.20/
[        ] [  +15 ms] Skipping generating dart_plugin_registrant.dart because it is up-to-date.
[        ] [        ] gen_dart_plugin_registrant: Complete
[        ] [   +1 ms] kernel_snapshot_program: Starting due to {}
[        ] [   +6 ms] /opt/homebrew/share/flutter/bin/cache/dart-sdk/bin/dartaotruntime /opt/homebrew/share/flutter/bin/cache/dart-sdk/bin/snapshots/frontend_server_aot.dart.snapshot --sdk-root /opt/homebrew/share/flutter/bin/cache/artifacts/engine/common/flutter_patched_sdk/ --target=flutter --no-print-incremental-dependencies -DMATRIX_SERVER=http://localhost:8008 -DMATRIX_TEST_USER= -DMATRIX_TEST_PASSWORD= -DFLUTTER_VERSION=3.38.9 -DFLUTTER_CHANNEL=stable -DFLUTTER_GIT_URL=https://github.com/flutter/flutter.git -DFLUTTER_FRAMEWORK_REVISION=67323de285 -DFLUTTER_ENGINE_REVISION=587c18f873 -DFLUTTER_DART_VERSION=3.10.8 -DINTEGRATION_TEST_SHOULD_REPORT_RESULTS_TO_NATIVE=false -DFLUTTER_APP_FLAVOR= -Ddart.vm.profile=false -Ddart.vm.product=false --enable-asserts --track-widget-creation --no-link-platform --packages /Users/florian/Code/substitution/.dart_tool/package_config.json --output-dill /Users/florian/Code/substitution/.dart_tool/flutter_build/4e5d700c68b531aa20bb1718ae51542f/app.dill --depfile /Users/florian/Code/substitution/.dart_tool/flutter_build/4e5d700c68b531aa20bb1718ae51542f/kernel_snapshot_program.d --incremental --initialize-from-dill /Users/florian/Code/substitution/.dart_tool/flutter_build/4e5d700c68b531aa20bb1718ae51542f/app.dill --source file:///Users/florian/Code/substitution/.dart_tool/flutter_build/dart_plugin_registrant.dart --source package:flutter/src/dart_plugin_registrant.dart -Dflutter.dart_plugin_registrant=file:///Users/florian/Code/substitution/.dart_tool/flutter_build/dart_plugin_registrant.dart --verbosity=error file:///var/folders/l_/w8pnbb9d38n57pzg9j98fmy80000gn/T/flutter_tools.wuOse9/flutter_test_listener.RFfmve/listener.dart
11:17 +10 -23: loading /Users/florian/Code/substitution/integration_test/interaction_strict_test.dart                                                                                                  11:18 +10 -23: loading /Users/florian/Code/substitution/integration_test/interaction_strict_test.dart                                                                                                  11:19 +10 -23: loading /Users/florian/Code/substitution/integration_test/interaction_strict_test.dart                                                                                                  11:20 +10 -23: loading /Users/florian/Code/substitution/integration_test/interaction_strict_test.dart                                                                                                  11:21 +10 -23: loading /Users/florian/Code/substitution/integration_test/interaction_strict_test.dart                                                                                                  [+5697 ms] [+7330 ms] kernel_snapshot_program: Complete
11:22 +10 -23: loading /Users/florian/Code/substitution/integration_test/interaction_strict_test.dart                                                                                                  11:23 +10 -23: loading /Users/florian/Code/substitution/integration_test/interaction_strict_test.dart                                                                                                  [+1199 ms] [+1176 ms] debug_android_application: Starting due to {}
[ +200 ms] [ +131 ms] Manifest contained wildcard assets. Inserting missing file into build graph to force rerun. for more information see #56466.
[        ] [   +3 ms] shaderc command: [/opt/homebrew/share/flutter/bin/cache/artifacts/engine/darwin-x64/impellerc, --sksl, --runtime-stage-gles, --runtime-stage-gles3, --runtime-stage-vulkan, --iplr, --sl=/Users/florian/Code/substitution/build/app/intermediates/flutter/debug/flutter_assets/shaders/ink_sparkle.frag, --spirv=/Users/florian/Code/substitution/build/app/intermediates/flutter/debug/flutter_assets/shaders/ink_sparkle.frag.spirv, --input=/opt/homebrew/share/flutter/packages/flutter/lib/src/material/shaders/ink_sparkle.frag, --input-type=frag, --include=/opt/homebrew/share/flutter/packages/flutter/lib/src/material/shaders, --include=/opt/homebrew/share/flutter/bin/cache/artifacts/engine/darwin-x64/shader_lib]
[        ] [        ] shaderc command: [/opt/homebrew/share/flutter/bin/cache/artifacts/engine/darwin-x64/impellerc, --sksl, --runtime-stage-gles, --runtime-stage-gles3, --runtime-stage-vulkan, --iplr, --sl=/Users/florian/Code/substitution/build/app/intermediates/flutter/debug/flutter_assets/shaders/stretch_effect.frag, --spirv=/Users/florian/Code/substitution/build/app/intermediates/flutter/debug/flutter_assets/shaders/stretch_effect.frag.spirv, --input=/opt/homebrew/share/flutter/packages/flutter/lib/src/material/shaders/stretch_effect.frag, --input-type=frag, --include=/opt/homebrew/share/flutter/packages/flutter/lib/src/material/shaders, --include=/opt/homebrew/share/flutter/bin/cache/artifacts/engine/darwin-x64/shader_lib]
[ +299 ms] [ +354 ms] debug_android_application: Complete
11:24 +10 -23: loading /Users/florian/Code/substitution/integration_test/interaction_strict_test.dart                                                                                                  [ +992 ms] [ +994 ms] Persisting file store
[        ] [   +7 ms] Done persisting file store
[        ] [  +16 ms] build succeeded.
[        ] [   +4 ms] "flutter assemble" took 10.310ms.
[        ] [   +2 ms] executing: sw_vers -productName
[ +107 ms] [   +9 ms] Exit code 0 from: sw_vers -productName
[        ] [        ] macOS
[        ] [        ] executing: sw_vers -productVersion
[        ] [   +8 ms] Exit code 0 from: sw_vers -productVersion
[        ] [        ] 26.1
[        ] [        ] executing: sw_vers -buildVersion
[        ] [   +7 ms] Exit code 0 from: sw_vers -buildVersion
[        ] [        ] 25B78
[        ] [        ] executing: uname -m
[        ] [   +3 ms] Exit code 0 from: uname -m
[        ] [        ] arm64
[        ] [  +23 ms] Running 1 shutdown hook
[        ] [        ] Shutdown hooks complete
[        ] [  +51 ms] exiting with code 0
[ +192 ms] Resolve mutations for :app:packJniLibsflutterBuildDebug (Thread[#42090,Execution worker Thread 9,5,main]) started.
[        ] :app:packJniLibsflutterBuildDebug (Thread[#42102,Execution worker Thread 21,5,main]) started.
[        ] > Task :app:packJniLibsflutterBuildDebug UP-TO-DATE
[        ] Caching disabled for task ':app:packJniLibsflutterBuildDebug' because:
[        ]   Build cache is disabled
[        ]   Not worth caching
[        ] Skipping task ':app:packJniLibsflutterBuildDebug' as it is up-to-date.
[        ] Resolve mutations for :connectivity_plus:preBuild (Thread[#42102,Execution worker Thread 21,5,main]) started.
[        ] :connectivity_plus:preBuild (Thread[#42108,Execution worker Thread 27,5,main]) started.
[        ] > Task :connectivity_plus:preBuild UP-TO-DATE
[        ] Skipping task ':connectivity_plus:preBuild' as it has no actions.
[        ] Resolve mutations for :connectivity_plus:preDebugBuild (Thread[#42108,Execution worker Thread 27,5,main]) started.
[        ] :connectivity_plus:preDebugBuild (Thread[#42084,Execution worker Thread 4,5,main]) started.
[        ] > Task :connectivity_plus:preDebugBuild UP-TO-DATE
[        ] Skipping task ':connectivity_plus:preDebugBuild' as it has no actions.
[        ] Resolve mutations for :connectivity_plus:writeDebugAarMetadata (Thread[#42084,Execution worker Thread 4,5,main]) started.
[        ] :connectivity_plus:writeDebugAarMetadata (Thread[#42084,Execution worker Thread 4,5,main]) started.
[        ] > Task :connectivity_plus:writeDebugAarMetadata UP-TO-DATE
[        ] Caching disabled for task ':connectivity_plus:writeDebugAarMetadata' because:
[        ]   Build cache is disabled
[        ]   Caching has been disabled for the task
[        ] Skipping task ':connectivity_plus:writeDebugAarMetadata' as it is up-to-date.
[        ] work action resolve aar-metadata.properties (project :connectivity_plus) (Thread[#42084,Execution worker Thread 4,5,main]) started.
[        ] Resolve mutations for :emoji_picker_flutter:preBuild (Thread[#42084,Execution worker Thread 4,5,main]) started.
[        ] :emoji_picker_flutter:preBuild (Thread[#42084,Execution worker Thread 4,5,main]) started.
[        ] > Task :emoji_picker_flutter:preBuild UP-TO-DATE
[        ] Skipping task ':emoji_picker_flutter:preBuild' as it has no actions.
[        ] Resolve mutations for :emoji_picker_flutter:preDebugBuild (Thread[#42084,Execution worker Thread 4,5,main]) started.
[        ] :emoji_picker_flutter:preDebugBuild (Thread[#42084,Execution worker Thread 4,5,main]) started.
[        ] > Task :emoji_picker_flutter:preDebugBuild UP-TO-DATE
[        ] Skipping task ':emoji_picker_flutter:preDebugBuild' as it has no actions.
[        ] Resolve mutations for :emoji_picker_flutter:writeDebugAarMetadata (Thread[#42084,Execution worker Thread 4,5,main]) started.
[        ] :emoji_picker_flutter:writeDebugAarMetadata (Thread[#42084,Execution worker Thread 4,5,main]) started.
[        ] > Task :emoji_picker_flutter:writeDebugAarMetadata UP-TO-DATE
[        ] Caching disabled for task ':emoji_picker_flutter:writeDebugAarMetadata' because:
[        ]   Build cache is disabled
[        ]   Caching has been disabled for the task
[        ] Skipping task ':emoji_picker_flutter:writeDebugAarMetadata' as it is up-to-date.
[        ] work action resolve aar-metadata.properties (project :emoji_picker_flutter) (Thread[#42084,Execution worker Thread 4,5,main]) started.
[        ] Resolve mutations for :file_selector_android:preBuild (Thread[#42084,Execution worker Thread 4,5,main]) started.
[        ] :file_selector_android:preBuild (Thread[#42084,Execution worker Thread 4,5,main]) started.
[        ] > Task :file_selector_android:preBuild UP-TO-DATE
[        ] Skipping task ':file_selector_android:preBuild' as it has no actions.
[        ] Resolve mutations for :file_selector_android:preDebugBuild (Thread[#42084,Execution worker Thread 4,5,main]) started.
[        ] :file_selector_android:preDebugBuild (Thread[#42084,Execution worker Thread 4,5,main]) started.
[        ] > Task :file_selector_android:preDebugBuild UP-TO-DATE
[        ] Skipping task ':file_selector_android:preDebugBuild' as it has no actions.
[        ] Resolve mutations for :file_selector_android:writeDebugAarMetadata (Thread[#42084,Execution worker Thread 4,5,main]) started.
[        ] :file_selector_android:writeDebugAarMetadata (Thread[#42084,Execution worker Thread 4,5,main]) started.
[        ] > Task :file_selector_android:writeDebugAarMetadata UP-TO-DATE
[        ] Caching disabled for task ':file_selector_android:writeDebugAarMetadata' because:
[        ]   Build cache is disabled
[        ]   Caching has been disabled for the task
[        ] Skipping task ':file_selector_android:writeDebugAarMetadata' as it is up-to-date.
[        ] work action resolve aar-metadata.properties (project :file_selector_android) (Thread[#42084,Execution worker Thread 4,5,main]) started.
[        ] Resolve mutations for :flutter_keyboard_visibility_temp_fork:preBuild (Thread[#42084,Execution worker Thread 4,5,main]) started.
[        ] :flutter_keyboard_visibility_temp_fork:preBuild (Thread[#42084,Execution worker Thread 4,5,main]) started.
[        ] > Task :flutter_keyboard_visibility_temp_fork:preBuild UP-TO-DATE
[        ] Skipping task ':flutter_keyboard_visibility_temp_fork:preBuild' as it has no actions.
[        ] Resolve mutations for :flutter_keyboard_visibility_temp_fork:preDebugBuild (Thread[#42084,Execution worker Thread 4,5,main]) started.
[        ] :flutter_keyboard_visibility_temp_fork:preDebugBuild (Thread[#42084,Execution worker Thread 4,5,main]) started.
[        ] > Task :flutter_keyboard_visibility_temp_fork:preDebugBuild UP-TO-DATE
[        ] Skipping task ':flutter_keyboard_visibility_temp_fork:preDebugBuild' as it has no actions.
[        ] Resolve mutations for :flutter_keyboard_visibility_temp_fork:writeDebugAarMetadata (Thread[#42084,Execution worker Thread 4,5,main]) started.
[        ] :flutter_keyboard_visibility_temp_fork:writeDebugAarMetadata (Thread[#42084,Execution worker Thread 4,5,main]) started.
[        ] > Task :flutter_keyboard_visibility_temp_fork:writeDebugAarMetadata UP-TO-DATE
[        ] Caching disabled for task ':flutter_keyboard_visibility_temp_fork:writeDebugAarMetadata' because:
[        ]   Build cache is disabled
[        ]   Caching has been disabled for the task
[        ] Skipping task ':flutter_keyboard_visibility_temp_fork:writeDebugAarMetadata' as it is up-to-date.
[        ] work action resolve aar-metadata.properties (project :flutter_keyboard_visibility_temp_fork) (Thread[#42084,Execution worker Thread 4,5,main]) started.
[        ] Resolve mutations for :flutter_native_splash:preBuild (Thread[#42084,Execution worker Thread 4,5,main]) started.
[        ] :flutter_native_splash:preBuild (Thread[#42084,Execution worker Thread 4,5,main]) started.
[        ] > Task :flutter_native_splash:preBuild UP-TO-DATE
[        ] Skipping task ':flutter_native_splash:preBuild' as it has no actions.
[        ] Resolve mutations for :flutter_native_splash:preDebugBuild (Thread[#42084,Execution worker Thread 4,5,main]) started.
[        ] :flutter_native_splash:preDebugBuild (Thread[#42084,Execution worker Thread 4,5,main]) started.
[        ] > Task :flutter_native_splash:preDebugBuild UP-TO-DATE
[        ] Skipping task ':flutter_native_splash:preDebugBuild' as it has no actions.
[        ] Resolve mutations for :flutter_native_splash:writeDebugAarMetadata (Thread[#42084,Execution worker Thread 4,5,main]) started.
[        ] :flutter_native_splash:writeDebugAarMetadata (Thread[#42084,Execution worker Thread 4,5,main]) started.
[        ] > Task :flutter_native_splash:writeDebugAarMetadata UP-TO-DATE
[        ] Caching disabled for task ':flutter_native_splash:writeDebugAarMetadata' because:
[        ]   Build cache is disabled
[        ]   Caching has been disabled for the task
[        ] Skipping task ':flutter_native_splash:writeDebugAarMetadata' as it is up-to-date.
[        ] work action resolve aar-metadata.properties (project :flutter_native_splash) (Thread[#42084,Execution worker Thread 4,5,main]) started.
[        ] Resolve mutations for :flutter_olm:preBuild (Thread[#42084,Execution worker Thread 4,5,main]) started.
[        ] :flutter_olm:preBuild (Thread[#42084,Execution worker Thread 4,5,main]) started.
[        ] > Task :flutter_olm:preBuild UP-TO-DATE
[        ] Skipping task ':flutter_olm:preBuild' as it has no actions.
[        ] Resolve mutations for :flutter_olm:preDebugBuild (Thread[#42084,Execution worker Thread 4,5,main]) started.
[        ] :flutter_olm:preDebugBuild (Thread[#42084,Execution worker Thread 4,5,main]) started.
[        ] > Task :flutter_olm:preDebugBuild UP-TO-DATE
[        ] Skipping task ':flutter_olm:preDebugBuild' as it has no actions.
[        ] Resolve mutations for :flutter_olm:writeDebugAarMetadata (Thread[#42084,Execution worker Thread 4,5,main]) started.
[        ] :flutter_olm:writeDebugAarMetadata (Thread[#42084,Execution worker Thread 4,5,main]) started.
[        ] > Task :flutter_olm:writeDebugAarMetadata UP-TO-DATE
[        ] Caching disabled for task ':flutter_olm:writeDebugAarMetadata' because:
[        ]   Build cache is disabled
[        ]   Caching has been disabled for the task
[        ] Skipping task ':flutter_olm:writeDebugAarMetadata' as it is up-to-date.
[        ] work action resolve aar-metadata.properties (project :flutter_olm) (Thread[#42084,Execution worker Thread 4,5,main]) started.
[        ] Resolve mutations for :flutter_openssl_crypto:preBuild (Thread[#42084,Execution worker Thread 4,5,main]) started.
[        ] :flutter_openssl_crypto:preBuild (Thread[#42084,Execution worker Thread 4,5,main]) started.
[        ] > Task :flutter_openssl_crypto:preBuild UP-TO-DATE
[        ] Skipping task ':flutter_openssl_crypto:preBuild' as it has no actions.
[        ] Resolve mutations for :flutter_openssl_crypto:preDebugBuild (Thread[#42084,Execution worker Thread 4,5,main]) started.
[        ] :flutter_openssl_crypto:preDebugBuild (Thread[#42084,Execution worker Thread 4,5,main]) started.
[        ] > Task :flutter_openssl_crypto:preDebugBuild UP-TO-DATE
[        ] Skipping task ':flutter_openssl_crypto:preDebugBuild' as it has no actions.
[        ] Resolve mutations for :flutter_openssl_crypto:writeDebugAarMetadata (Thread[#42084,Execution worker Thread 4,5,main]) started.
[        ] :flutter_openssl_crypto:writeDebugAarMetadata (Thread[#42084,Execution worker Thread 4,5,main]) started.
[        ] > Task :flutter_openssl_crypto:writeDebugAarMetadata UP-TO-DATE
[        ] Caching disabled for task ':flutter_openssl_crypto:writeDebugAarMetadata' because:
[        ]   Build cache is disabled
[        ]   Caching has been disabled for the task
[        ] Skipping task ':flutter_openssl_crypto:writeDebugAarMetadata' as it is up-to-date.
[        ] work action resolve aar-metadata.properties (project :flutter_openssl_crypto) (Thread[#42084,Execution worker Thread 4,5,main]) started.
[        ] Resolve mutations for :integration_test:preBuild (Thread[#42084,Execution worker Thread 4,5,main]) started.
[        ] :integration_test:preBuild (Thread[#42084,Execution worker Thread 4,5,main]) started.
[        ] > Task :integration_test:preBuild UP-TO-DATE
[        ] Skipping task ':integration_test:preBuild' as it has no actions.
[        ] Resolve mutations for :integration_test:preDebugBuild (Thread[#42084,Execution worker Thread 4,5,main]) started.
[        ] :integration_test:preDebugBuild (Thread[#42084,Execution worker Thread 4,5,main]) started.
[        ] > Task :integration_test:preDebugBuild UP-TO-DATE
[        ] Skipping task ':integration_test:preDebugBuild' as it has no actions.
[        ] Resolve mutations for :integration_test:writeDebugAarMetadata (Thread[#42084,Execution worker Thread 4,5,main]) started.
[        ] :integration_test:writeDebugAarMetadata (Thread[#42084,Execution worker Thread 4,5,main]) started.
[        ] > Task :integration_test:writeDebugAarMetadata UP-TO-DATE
[        ] Caching disabled for task ':integration_test:writeDebugAarMetadata' because:
[        ]   Build cache is disabled
[        ]   Caching has been disabled for the task
[        ] Skipping task ':integration_test:writeDebugAarMetadata' as it is up-to-date.
[        ] work action resolve aar-metadata.properties (project :integration_test) (Thread[#42084,Execution worker Thread 4,5,main]) started.
[        ] Resolve mutations for :path_provider_android:preBuild (Thread[#42084,Execution worker Thread 4,5,main]) started.
[        ] :path_provider_android:preBuild (Thread[#42084,Execution worker Thread 4,5,main]) started.
[        ] > Task :path_provider_android:preBuild UP-TO-DATE
[        ] Skipping task ':path_provider_android:preBuild' as it has no actions.
[        ] Resolve mutations for :path_provider_android:preDebugBuild (Thread[#42084,Execution worker Thread 4,5,main]) started.
[        ] :path_provider_android:preDebugBuild (Thread[#42084,Execution worker Thread 4,5,main]) started.
[        ] > Task :path_provider_android:preDebugBuild UP-TO-DATE
[        ] Skipping task ':path_provider_android:preDebugBuild' as it has no actions.
[        ] Resolve mutations for :path_provider_android:writeDebugAarMetadata (Thread[#42084,Execution worker Thread 4,5,main]) started.
[        ] :path_provider_android:writeDebugAarMetadata (Thread[#42084,Execution worker Thread 4,5,main]) started.
[        ] > Task :path_provider_android:writeDebugAarMetadata UP-TO-DATE
[        ] Caching disabled for task ':path_provider_android:writeDebugAarMetadata' because:
[        ]   Build cache is disabled
[        ]   Caching has been disabled for the task
[        ] Skipping task ':path_provider_android:writeDebugAarMetadata' as it is up-to-date.
[        ] work action resolve aar-metadata.properties (project :path_provider_android) (Thread[#42084,Execution worker Thread 4,5,main]) started.
[        ] Resolve mutations for :quill_native_bridge_android:preBuild (Thread[#42084,Execution worker Thread 4,5,main]) started.
[        ] :quill_native_bridge_android:preBuild (Thread[#42084,Execution worker Thread 4,5,main]) started.
[        ] > Task :quill_native_bridge_android:preBuild UP-TO-DATE
[        ] Skipping task ':quill_native_bridge_android:preBuild' as it has no actions.
[        ] Resolve mutations for :quill_native_bridge_android:preDebugBuild (Thread[#42084,Execution worker Thread 4,5,main]) started.
[        ] :quill_native_bridge_android:preDebugBuild (Thread[#42084,Execution worker Thread 4,5,main]) started.
[        ] > Task :quill_native_bridge_android:preDebugBuild UP-TO-DATE
[        ] Skipping task ':quill_native_bridge_android:preDebugBuild' as it has no actions.
[        ] Resolve mutations for :quill_native_bridge_android:writeDebugAarMetadata (Thread[#42084,Execution worker Thread 4,5,main]) started.
[        ] :quill_native_bridge_android:writeDebugAarMetadata (Thread[#42084,Execution worker Thread 4,5,main]) started.
[        ] > Task :quill_native_bridge_android:writeDebugAarMetadata UP-TO-DATE
[        ] Caching disabled for task ':quill_native_bridge_android:writeDebugAarMetadata' because:
[        ]   Build cache is disabled
[        ]   Caching has been disabled for the task
[        ] Skipping task ':quill_native_bridge_android:writeDebugAarMetadata' as it is up-to-date.
[        ] work action resolve aar-metadata.properties (project :quill_native_bridge_android) (Thread[#42084,Execution worker Thread 4,5,main]) started.
[        ] Resolve mutations for :shared_preferences_android:preBuild (Thread[#42084,Execution worker Thread 4,5,main]) started.
[        ] :shared_preferences_android:preBuild (Thread[#42084,Execution worker Thread 4,5,main]) started.
[        ] > Task :shared_preferences_android:preBuild UP-TO-DATE
[        ] Skipping task ':shared_preferences_android:preBuild' as it has no actions.
[        ] Resolve mutations for :shared_preferences_android:preDebugBuild (Thread[#42084,Execution worker Thread 4,5,main]) started.
[        ] :shared_preferences_android:preDebugBuild (Thread[#42084,Execution worker Thread 4,5,main]) started.
[        ] > Task :shared_preferences_android:preDebugBuild UP-TO-DATE
[        ] Skipping task ':shared_preferences_android:preDebugBuild' as it has no actions.
[        ] Resolve mutations for :shared_preferences_android:writeDebugAarMetadata (Thread[#42084,Execution worker Thread 4,5,main]) started.
[        ] :shared_preferences_android:writeDebugAarMetadata (Thread[#42084,Execution worker Thread 4,5,main]) started.
[        ] > Task :shared_preferences_android:writeDebugAarMetadata UP-TO-DATE
[        ] Caching disabled for task ':shared_preferences_android:writeDebugAarMetadata' because:
[        ]   Build cache is disabled
[        ]   Caching has been disabled for the task
[        ] Skipping task ':shared_preferences_android:writeDebugAarMetadata' as it is up-to-date.
[        ] work action resolve aar-metadata.properties (project :shared_preferences_android) (Thread[#42084,Execution worker Thread 4,5,main]) started.
[        ] Resolve mutations for :sqflite_android:preBuild (Thread[#42084,Execution worker Thread 4,5,main]) started.
[        ] :sqflite_android:preBuild (Thread[#42084,Execution worker Thread 4,5,main]) started.
[        ] > Task :sqflite_android:preBuild UP-TO-DATE
[        ] Skipping task ':sqflite_android:preBuild' as it has no actions.
[        ] Resolve mutations for :sqflite_android:preDebugBuild (Thread[#42084,Execution worker Thread 4,5,main]) started.
[        ] :sqflite_android:preDebugBuild (Thread[#42084,Execution worker Thread 4,5,main]) started.
[        ] > Task :sqflite_android:preDebugBuild UP-TO-DATE
[        ] Skipping task ':sqflite_android:preDebugBuild' as it has no actions.
[        ] Resolve mutations for :sqflite_android:writeDebugAarMetadata (Thread[#42084,Execution worker Thread 4,5,main]) started.
[        ] :sqflite_android:writeDebugAarMetadata (Thread[#42084,Execution worker Thread 4,5,main]) started.
[        ] > Task :sqflite_android:writeDebugAarMetadata UP-TO-DATE
[        ] Caching disabled for task ':sqflite_android:writeDebugAarMetadata' because:
[        ]   Build cache is disabled
[        ]   Caching has been disabled for the task
[        ] Skipping task ':sqflite_android:writeDebugAarMetadata' as it is up-to-date.
[        ] work action resolve aar-metadata.properties (project :sqflite_android) (Thread[#42084,Execution worker Thread 4,5,main]) started.
[        ] Resolve mutations for :url_launcher_android:preBuild (Thread[#42084,Execution worker Thread 4,5,main]) started.
[        ] :url_launcher_android:preBuild (Thread[#42084,Execution worker Thread 4,5,main]) started.
[        ] > Task :url_launcher_android:preBuild UP-TO-DATE
[        ] Skipping task ':url_launcher_android:preBuild' as it has no actions.
[        ] Resolve mutations for :url_launcher_android:preDebugBuild (Thread[#42084,Execution worker Thread 4,5,main]) started.
[        ] :url_launcher_android:preDebugBuild (Thread[#42084,Execution worker Thread 4,5,main]) started.
[        ] > Task :url_launcher_android:preDebugBuild UP-TO-DATE
[        ] Skipping task ':url_launcher_android:preDebugBuild' as it has no actions.
[        ] Resolve mutations for :url_launcher_android:writeDebugAarMetadata (Thread[#42084,Execution worker Thread 4,5,main]) started.
[        ] :url_launcher_android:writeDebugAarMetadata (Thread[#42084,Execution worker Thread 4,5,main]) started.
[        ] > Task :url_launcher_android:writeDebugAarMetadata UP-TO-DATE
[        ] Caching disabled for task ':url_launcher_android:writeDebugAarMetadata' because:
[        ]   Build cache is disabled
[        ]   Caching has been disabled for the task
[        ] Skipping task ':url_launcher_android:writeDebugAarMetadata' as it is up-to-date.
[        ] work action resolve aar-metadata.properties (project :url_launcher_android) (Thread[#42084,Execution worker Thread 4,5,main]) started.
[        ] Resolve mutations for :video_player_android:preBuild (Thread[#42084,Execution worker Thread 4,5,main]) started.
[        ] :video_player_android:preBuild (Thread[#42106,Execution worker Thread 25,5,main]) started.
[        ] > Task :video_player_android:preBuild UP-TO-DATE
[        ] Skipping task ':video_player_android:preBuild' as it has no actions.
[        ] Resolve mutations for :video_player_android:preDebugBuild (Thread[#42106,Execution worker Thread 25,5,main]) started.
[        ] :video_player_android:preDebugBuild (Thread[#42106,Execution worker Thread 25,5,main]) started.
[        ] > Task :video_player_android:preDebugBuild UP-TO-DATE
[        ] Skipping task ':video_player_android:preDebugBuild' as it has no actions.
[        ] Resolve mutations for :video_player_android:writeDebugAarMetadata (Thread[#42106,Execution worker Thread 25,5,main]) started.
[        ] :video_player_android:writeDebugAarMetadata (Thread[#42106,Execution worker Thread 25,5,main]) started.
[        ] > Task :video_player_android:writeDebugAarMetadata UP-TO-DATE
[        ] Caching disabled for task ':video_player_android:writeDebugAarMetadata' because:
[        ]   Build cache is disabled
[        ]   Caching has been disabled for the task
[        ] Skipping task ':video_player_android:writeDebugAarMetadata' as it is up-to-date.
[        ] work action resolve aar-metadata.properties (project :video_player_android) (Thread[#42106,Execution worker Thread 25,5,main]) started.
[        ] Resolve mutations for :app:checkDebugAarMetadata (Thread[#42106,Execution worker Thread 25,5,main]) started.
[        ] :app:checkDebugAarMetadata (Thread[#42106,Execution worker Thread 25,5,main]) started.
[        ] > Task :app:checkDebugAarMetadata UP-TO-DATE
[        ] Caching disabled for task ':app:checkDebugAarMetadata' because:
[        ]   Build cache is disabled
[        ]   Caching has been disabled for the task
[        ] Skipping task ':app:checkDebugAarMetadata' as it is up-to-date.
[        ] Resolve mutations for :app:cleanMergeDebugAssets (Thread[#42106,Execution worker Thread 25,5,main]) started.
[        ] :app:cleanMergeDebugAssets (Thread[#42106,Execution worker Thread 25,5,main]) started.
[        ] > Task :app:cleanMergeDebugAssets
[        ] Caching disabled for task ':app:cleanMergeDebugAssets' because:
[        ]   Build cache is disabled
[        ] Task ':app:cleanMergeDebugAssets' is not up-to-date because:
[        ]   Task has not declared any outputs despite executing actions.
[        ] Resolve mutations for :app:mergeDebugShaders (Thread[#42106,Execution worker Thread 25,5,main]) started.
[        ] :app:mergeDebugShaders (Thread[#42106,Execution worker Thread 25,5,main]) started.
[        ] > Task :app:mergeDebugShaders UP-TO-DATE
[        ] Caching disabled for task ':app:mergeDebugShaders' because:
[        ]   Build cache is disabled
[        ]   Simple merging task
[        ] Skipping task ':app:mergeDebugShaders' as it is up-to-date.
[        ] Resolve mutations for :app:compileDebugShaders (Thread[#42106,Execution worker Thread 25,5,main]) started.
[        ] :app:compileDebugShaders (Thread[#42106,Execution worker Thread 25,5,main]) started.
[        ] > Task :app:compileDebugShaders NO-SOURCE
[        ] Skipping task ':app:compileDebugShaders' as it has no source files and no previous output files.
[        ] Resolve mutations for :app:generateDebugAssets (Thread[#42106,Execution worker Thread 25,5,main]) started.
[        ] :app:generateDebugAssets (Thread[#42106,Execution worker Thread 25,5,main]) started.
[        ] > Task :app:generateDebugAssets UP-TO-DATE
[        ] Skipping task ':app:generateDebugAssets' as it has no actions.
[        ] Resolve mutations for :connectivity_plus:mergeDebugShaders (Thread[#42106,Execution worker Thread 25,5,main]) started.
[        ] :connectivity_plus:mergeDebugShaders (Thread[#42106,Execution worker Thread 25,5,main]) started.
[        ] > Task :connectivity_plus:mergeDebugShaders UP-TO-DATE
[        ] Caching disabled for task ':connectivity_plus:mergeDebugShaders' because:
[        ]   Build cache is disabled
[        ]   Simple merging task
[        ] Skipping task ':connectivity_plus:mergeDebugShaders' as it is up-to-date.
[        ] Resolve mutations for :connectivity_plus:compileDebugShaders (Thread[#42106,Execution worker Thread 25,5,main]) started.
[        ] :connectivity_plus:compileDebugShaders (Thread[#42106,Execution worker Thread 25,5,main]) started.
[        ] > Task :connectivity_plus:compileDebugShaders NO-SOURCE
[        ] Skipping task ':connectivity_plus:compileDebugShaders' as it has no source files and no previous output files.
[        ] Resolve mutations for :connectivity_plus:generateDebugAssets (Thread[#42106,Execution worker Thread 25,5,main]) started.
[        ] :connectivity_plus:generateDebugAssets (Thread[#42106,Execution worker Thread 25,5,main]) started.
[        ] > Task :connectivity_plus:generateDebugAssets UP-TO-DATE
[        ] Skipping task ':connectivity_plus:generateDebugAssets' as it has no actions.
[        ] Resolve mutations for :connectivity_plus:mergeDebugAssets (Thread[#42106,Execution worker Thread 25,5,main]) started.
[        ] :connectivity_plus:mergeDebugAssets (Thread[#42106,Execution worker Thread 25,5,main]) started.
[        ] > Task :connectivity_plus:mergeDebugAssets UP-TO-DATE
[        ] Caching disabled for task ':connectivity_plus:mergeDebugAssets' because:
[        ]   Build cache is disabled
[        ]   Simple merging task
[        ] Skipping task ':connectivity_plus:mergeDebugAssets' as it is up-to-date.
[        ] work action resolve mergeDebugAssets (project :connectivity_plus) (Thread[#42106,Execution worker Thread 25,5,main]) started.
[        ] Resolve mutations for :emoji_picker_flutter:mergeDebugShaders (Thread[#42106,Execution worker Thread 25,5,main]) started.
[        ] :emoji_picker_flutter:mergeDebugShaders (Thread[#42106,Execution worker Thread 25,5,main]) started.
[        ] > Task :emoji_picker_flutter:mergeDebugShaders UP-TO-DATE
[        ] Caching disabled for task ':emoji_picker_flutter:mergeDebugShaders' because:
[        ]   Build cache is disabled
[        ]   Simple merging task
[        ] Skipping task ':emoji_picker_flutter:mergeDebugShaders' as it is up-to-date.
[        ] Resolve mutations for :emoji_picker_flutter:compileDebugShaders (Thread[#42106,Execution worker Thread 25,5,main]) started.
[        ] :emoji_picker_flutter:compileDebugShaders (Thread[#42106,Execution worker Thread 25,5,main]) started.
[        ] > Task :emoji_picker_flutter:compileDebugShaders NO-SOURCE
[        ] Skipping task ':emoji_picker_flutter:compileDebugShaders' as it has no source files and no previous output files.
[        ] Resolve mutations for :emoji_picker_flutter:generateDebugAssets (Thread[#42106,Execution worker Thread 25,5,main]) started.
[        ] :emoji_picker_flutter:generateDebugAssets (Thread[#42106,Execution worker Thread 25,5,main]) started.
[        ] > Task :emoji_picker_flutter:generateDebugAssets UP-TO-DATE
[        ] Skipping task ':emoji_picker_flutter:generateDebugAssets' as it has no actions.
[        ] Resolve mutations for :emoji_picker_flutter:mergeDebugAssets (Thread[#42106,Execution worker Thread 25,5,main]) started.
[        ] :emoji_picker_flutter:mergeDebugAssets (Thread[#42106,Execution worker Thread 25,5,main]) started.
[        ] > Task :emoji_picker_flutter:mergeDebugAssets UP-TO-DATE
[        ] Caching disabled for task ':emoji_picker_flutter:mergeDebugAssets' because:
[        ]   Build cache is disabled
[        ]   Simple merging task
[        ] Skipping task ':emoji_picker_flutter:mergeDebugAssets' as it is up-to-date.
[        ] work action resolve mergeDebugAssets (project :emoji_picker_flutter) (Thread[#42106,Execution worker Thread 25,5,main]) started.
[        ] Resolve mutations for :file_selector_android:mergeDebugShaders (Thread[#42106,Execution worker Thread 25,5,main]) started.
[        ] :file_selector_android:mergeDebugShaders (Thread[#42106,Execution worker Thread 25,5,main]) started.
[        ] > Task :file_selector_android:mergeDebugShaders UP-TO-DATE
[        ] Caching disabled for task ':file_selector_android:mergeDebugShaders' because:
[        ]   Build cache is disabled
[        ]   Simple merging task
[        ] Skipping task ':file_selector_android:mergeDebugShaders' as it is up-to-date.
[        ] Resolve mutations for :file_selector_android:compileDebugShaders (Thread[#42106,Execution worker Thread 25,5,main]) started.
[        ] :file_selector_android:compileDebugShaders (Thread[#42106,Execution worker Thread 25,5,main]) started.
[        ] > Task :file_selector_android:compileDebugShaders NO-SOURCE
[        ] Skipping task ':file_selector_android:compileDebugShaders' as it has no source files and no previous output files.
[        ] Resolve mutations for :file_selector_android:generateDebugAssets (Thread[#42106,Execution worker Thread 25,5,main]) started.
[        ] :file_selector_android:generateDebugAssets (Thread[#42106,Execution worker Thread 25,5,main]) started.
[        ] > Task :file_selector_android:generateDebugAssets UP-TO-DATE
[        ] Skipping task ':file_selector_android:generateDebugAssets' as it has no actions.
[        ] Resolve mutations for :file_selector_android:mergeDebugAssets (Thread[#42106,Execution worker Thread 25,5,main]) started.
[        ] :file_selector_android:mergeDebugAssets (Thread[#42106,Execution worker Thread 25,5,main]) started.
[        ] > Task :file_selector_android:mergeDebugAssets UP-TO-DATE
[        ] Caching disabled for task ':file_selector_android:mergeDebugAssets' because:
[        ]   Build cache is disabled
[        ]   Simple merging task
[        ] Skipping task ':file_selector_android:mergeDebugAssets' as it is up-to-date.
[        ] work action resolve mergeDebugAssets (project :file_selector_android) (Thread[#42106,Execution worker Thread 25,5,main]) started.
[        ] Resolve mutations for :flutter_keyboard_visibility_temp_fork:mergeDebugShaders (Thread[#42095,Execution worker Thread 14,5,main]) started.
[        ] :flutter_keyboard_visibility_temp_fork:mergeDebugShaders (Thread[#42081,Execution worker,5,main]) started.
[        ] > Task :flutter_keyboard_visibility_temp_fork:mergeDebugShaders UP-TO-DATE
[        ] Caching disabled for task ':flutter_keyboard_visibility_temp_fork:mergeDebugShaders' because:
[        ]   Build cache is disabled
[        ]   Simple merging task
[        ] Skipping task ':flutter_keyboard_visibility_temp_fork:mergeDebugShaders' as it is up-to-date.
[        ] Resolve mutations for :flutter_keyboard_visibility_temp_fork:compileDebugShaders (Thread[#42081,Execution worker,5,main]) started.
[        ] :flutter_keyboard_visibility_temp_fork:compileDebugShaders (Thread[#42081,Execution worker,5,main]) started.
[        ] > Task :flutter_keyboard_visibility_temp_fork:compileDebugShaders NO-SOURCE
[        ] Skipping task ':flutter_keyboard_visibility_temp_fork:compileDebugShaders' as it has no source files and no previous output files.
[        ] Resolve mutations for :flutter_keyboard_visibility_temp_fork:generateDebugAssets (Thread[#42081,Execution worker,5,main]) started.
[        ] :flutter_keyboard_visibility_temp_fork:generateDebugAssets (Thread[#42081,Execution worker,5,main]) started.
[        ] > Task :flutter_keyboard_visibility_temp_fork:generateDebugAssets UP-TO-DATE
[        ] Skipping task ':flutter_keyboard_visibility_temp_fork:generateDebugAssets' as it has no actions.
[        ] Resolve mutations for :flutter_keyboard_visibility_temp_fork:mergeDebugAssets (Thread[#42081,Execution worker,5,main]) started.
[        ] :flutter_keyboard_visibility_temp_fork:mergeDebugAssets (Thread[#42081,Execution worker,5,main]) started.
[        ] > Task :flutter_keyboard_visibility_temp_fork:mergeDebugAssets UP-TO-DATE
[        ] Caching disabled for task ':flutter_keyboard_visibility_temp_fork:mergeDebugAssets' because:
[        ]   Build cache is disabled
[        ]   Simple merging task
[        ] Skipping task ':flutter_keyboard_visibility_temp_fork:mergeDebugAssets' as it is up-to-date.
[        ] work action resolve mergeDebugAssets (project :flutter_keyboard_visibility_temp_fork) (Thread[#42081,Execution worker,5,main]) started.
[        ] Resolve mutations for :flutter_native_splash:mergeDebugShaders (Thread[#42081,Execution worker,5,main]) started.
[        ] :flutter_native_splash:mergeDebugShaders (Thread[#42081,Execution worker,5,main]) started.
[        ] > Task :flutter_native_splash:mergeDebugShaders UP-TO-DATE
[        ] Caching disabled for task ':flutter_native_splash:mergeDebugShaders' because:
[        ]   Build cache is disabled
[        ]   Simple merging task
[        ] Skipping task ':flutter_native_splash:mergeDebugShaders' as it is up-to-date.
[        ] Resolve mutations for :flutter_native_splash:compileDebugShaders (Thread[#42081,Execution worker,5,main]) started.
[        ] :flutter_native_splash:compileDebugShaders (Thread[#42081,Execution worker,5,main]) started.
[        ] > Task :flutter_native_splash:compileDebugShaders NO-SOURCE
[        ] Skipping task ':flutter_native_splash:compileDebugShaders' as it has no source files and no previous output files.
[        ] Resolve mutations for :flutter_native_splash:generateDebugAssets (Thread[#42081,Execution worker,5,main]) started.
[        ] :flutter_native_splash:generateDebugAssets (Thread[#42081,Execution worker,5,main]) started.
[        ] > Task :flutter_native_splash:generateDebugAssets UP-TO-DATE
[        ] Skipping task ':flutter_native_splash:generateDebugAssets' as it has no actions.
[        ] Resolve mutations for :flutter_native_splash:mergeDebugAssets (Thread[#42081,Execution worker,5,main]) started.
[        ] :flutter_native_splash:mergeDebugAssets (Thread[#42081,Execution worker,5,main]) started.
[        ] > Task :flutter_native_splash:mergeDebugAssets UP-TO-DATE
[        ] Caching disabled for task ':flutter_native_splash:mergeDebugAssets' because:
[        ]   Build cache is disabled
[        ]   Simple merging task
[        ] Skipping task ':flutter_native_splash:mergeDebugAssets' as it is up-to-date.
[        ] work action resolve mergeDebugAssets (project :flutter_native_splash) (Thread[#42081,Execution worker,5,main]) started.
[        ] Resolve mutations for :flutter_olm:mergeDebugShaders (Thread[#42081,Execution worker,5,main]) started.
[        ] :flutter_olm:mergeDebugShaders (Thread[#42081,Execution worker,5,main]) started.
[        ] > Task :flutter_olm:mergeDebugShaders UP-TO-DATE
[        ] Caching disabled for task ':flutter_olm:mergeDebugShaders' because:
[        ]   Build cache is disabled
[        ]   Simple merging task
[        ] Skipping task ':flutter_olm:mergeDebugShaders' as it is up-to-date.
[        ] Resolve mutations for :flutter_olm:compileDebugShaders (Thread[#42081,Execution worker,5,main]) started.
[        ] :flutter_olm:compileDebugShaders (Thread[#42081,Execution worker,5,main]) started.
[        ] > Task :flutter_olm:compileDebugShaders NO-SOURCE
[        ] Skipping task ':flutter_olm:compileDebugShaders' as it has no source files and no previous output files.
[        ] Resolve mutations for :flutter_olm:generateDebugAssets (Thread[#42081,Execution worker,5,main]) started.
[        ] :flutter_olm:generateDebugAssets (Thread[#42081,Execution worker,5,main]) started.
[        ] > Task :flutter_olm:generateDebugAssets UP-TO-DATE
[        ] Skipping task ':flutter_olm:generateDebugAssets' as it has no actions.
[        ] Resolve mutations for :flutter_olm:mergeDebugAssets (Thread[#42081,Execution worker,5,main]) started.
[        ] :flutter_olm:mergeDebugAssets (Thread[#42081,Execution worker,5,main]) started.
[        ] > Task :flutter_olm:mergeDebugAssets UP-TO-DATE
[        ] Caching disabled for task ':flutter_olm:mergeDebugAssets' because:
[        ]   Build cache is disabled
[        ]   Simple merging task
[        ] Skipping task ':flutter_olm:mergeDebugAssets' as it is up-to-date.
[        ] work action resolve mergeDebugAssets (project :flutter_olm) (Thread[#42081,Execution worker,5,main]) started.
[        ] Resolve mutations for :flutter_openssl_crypto:mergeDebugShaders (Thread[#42081,Execution worker,5,main]) started.
[        ] :flutter_openssl_crypto:mergeDebugShaders (Thread[#42081,Execution worker,5,main]) started.
[        ] > Task :flutter_openssl_crypto:mergeDebugShaders UP-TO-DATE
[        ] Caching disabled for task ':flutter_openssl_crypto:mergeDebugShaders' because:
[        ]   Build cache is disabled
[        ]   Simple merging task
[        ] Skipping task ':flutter_openssl_crypto:mergeDebugShaders' as it is up-to-date.
[        ] Resolve mutations for :flutter_openssl_crypto:compileDebugShaders (Thread[#42081,Execution worker,5,main]) started.
[        ] :flutter_openssl_crypto:compileDebugShaders (Thread[#42081,Execution worker,5,main]) started.
[        ] > Task :flutter_openssl_crypto:compileDebugShaders NO-SOURCE
[        ] Skipping task ':flutter_openssl_crypto:compileDebugShaders' as it has no source files and no previous output files.
[        ] Resolve mutations for :flutter_openssl_crypto:generateDebugAssets (Thread[#42081,Execution worker,5,main]) started.
[        ] :flutter_openssl_crypto:generateDebugAssets (Thread[#42081,Execution worker,5,main]) started.
[        ] > Task :flutter_openssl_crypto:generateDebugAssets UP-TO-DATE
[        ] Skipping task ':flutter_openssl_crypto:generateDebugAssets' as it has no actions.
[        ] Resolve mutations for :flutter_openssl_crypto:mergeDebugAssets (Thread[#42081,Execution worker,5,main]) started.
[        ] :flutter_openssl_crypto:mergeDebugAssets (Thread[#42081,Execution worker,5,main]) started.
[        ] > Task :flutter_openssl_crypto:mergeDebugAssets UP-TO-DATE
[        ] Caching disabled for task ':flutter_openssl_crypto:mergeDebugAssets' because:
[        ]   Build cache is disabled
[        ]   Simple merging task
[        ] Skipping task ':flutter_openssl_crypto:mergeDebugAssets' as it is up-to-date.
[        ] work action resolve mergeDebugAssets (project :flutter_openssl_crypto) (Thread[#42081,Execution worker,5,main]) started.
[        ] Resolve mutations for :integration_test:mergeDebugShaders (Thread[#42081,Execution worker,5,main]) started.
[        ] :integration_test:mergeDebugShaders (Thread[#42081,Execution worker,5,main]) started.
[        ] > Task :integration_test:mergeDebugShaders UP-TO-DATE
[        ] Caching disabled for task ':integration_test:mergeDebugShaders' because:
[        ]   Build cache is disabled
[        ]   Simple merging task
[        ] Skipping task ':integration_test:mergeDebugShaders' as it is up-to-date.
[        ] Resolve mutations for :integration_test:compileDebugShaders (Thread[#42081,Execution worker,5,main]) started.
[        ] :integration_test:compileDebugShaders (Thread[#42081,Execution worker,5,main]) started.
[        ] > Task :integration_test:compileDebugShaders NO-SOURCE
[        ] Skipping task ':integration_test:compileDebugShaders' as it has no source files and no previous output files.
[        ] Resolve mutations for :integration_test:generateDebugAssets (Thread[#42081,Execution worker,5,main]) started.
[        ] :integration_test:generateDebugAssets (Thread[#42081,Execution worker,5,main]) started.
[        ] > Task :integration_test:generateDebugAssets UP-TO-DATE
[        ] Skipping task ':integration_test:generateDebugAssets' as it has no actions.
[        ] Resolve mutations for :integration_test:mergeDebugAssets (Thread[#42081,Execution worker,5,main]) started.
[        ] :integration_test:mergeDebugAssets (Thread[#42081,Execution worker,5,main]) started.
[        ] > Task :integration_test:mergeDebugAssets UP-TO-DATE
[        ] Caching disabled for task ':integration_test:mergeDebugAssets' because:
[        ]   Build cache is disabled
[        ]   Simple merging task
[        ] Skipping task ':integration_test:mergeDebugAssets' as it is up-to-date.
[        ] work action resolve mergeDebugAssets (project :integration_test) (Thread[#42081,Execution worker,5,main]) started.
[        ] Resolve mutations for :path_provider_android:mergeDebugShaders (Thread[#42081,Execution worker,5,main]) started.
[        ] :path_provider_android:mergeDebugShaders (Thread[#42081,Execution worker,5,main]) started.
[        ] > Task :path_provider_android:mergeDebugShaders UP-TO-DATE
[        ] Caching disabled for task ':path_provider_android:mergeDebugShaders' because:
[        ]   Build cache is disabled
[        ]   Simple merging task
[        ] Skipping task ':path_provider_android:mergeDebugShaders' as it is up-to-date.
[        ] Resolve mutations for :path_provider_android:compileDebugShaders (Thread[#42081,Execution worker,5,main]) started.
[        ] :path_provider_android:compileDebugShaders (Thread[#42081,Execution worker,5,main]) started.
[        ] > Task :path_provider_android:compileDebugShaders NO-SOURCE
[        ] Skipping task ':path_provider_android:compileDebugShaders' as it has no source files and no previous output files.
[        ] Resolve mutations for :path_provider_android:generateDebugAssets (Thread[#42081,Execution worker,5,main]) started.
[        ] :path_provider_android:generateDebugAssets (Thread[#42081,Execution worker,5,main]) started.
[        ] > Task :path_provider_android:generateDebugAssets UP-TO-DATE
[        ] Skipping task ':path_provider_android:generateDebugAssets' as it has no actions.
[        ] Resolve mutations for :path_provider_android:mergeDebugAssets (Thread[#42081,Execution worker,5,main]) started.
[        ] :path_provider_android:mergeDebugAssets (Thread[#42081,Execution worker,5,main]) started.
[        ] > Task :path_provider_android:mergeDebugAssets UP-TO-DATE
[        ] Caching disabled for task ':path_provider_android:mergeDebugAssets' because:
[        ]   Build cache is disabled
[        ]   Simple merging task
[        ] Skipping task ':path_provider_android:mergeDebugAssets' as it is up-to-date.
[        ] work action resolve mergeDebugAssets (project :path_provider_android) (Thread[#42081,Execution worker,5,main]) started.
[        ] Resolve mutations for :quill_native_bridge_android:mergeDebugShaders (Thread[#42081,Execution worker,5,main]) started.
[        ] :quill_native_bridge_android:mergeDebugShaders (Thread[#42081,Execution worker,5,main]) started.
[        ] > Task :quill_native_bridge_android:mergeDebugShaders UP-TO-DATE
[        ] Caching disabled for task ':quill_native_bridge_android:mergeDebugShaders' because:
[        ]   Build cache is disabled
[        ]   Simple merging task
[        ] Skipping task ':quill_native_bridge_android:mergeDebugShaders' as it is up-to-date.
[        ] Resolve mutations for :quill_native_bridge_android:compileDebugShaders (Thread[#42081,Execution worker,5,main]) started.
[        ] :quill_native_bridge_android:compileDebugShaders (Thread[#42081,Execution worker,5,main]) started.
[        ] > Task :quill_native_bridge_android:compileDebugShaders NO-SOURCE
[        ] Skipping task ':quill_native_bridge_android:compileDebugShaders' as it has no source files and no previous output files.
[        ] Resolve mutations for :quill_native_bridge_android:generateDebugAssets (Thread[#42081,Execution worker,5,main]) started.
[        ] :quill_native_bridge_android:generateDebugAssets (Thread[#42081,Execution worker,5,main]) started.
[        ] > Task :quill_native_bridge_android:generateDebugAssets UP-TO-DATE
[        ] Skipping task ':quill_native_bridge_android:generateDebugAssets' as it has no actions.
[        ] Resolve mutations for :quill_native_bridge_android:mergeDebugAssets (Thread[#42081,Execution worker,5,main]) started.
[        ] :quill_native_bridge_android:mergeDebugAssets (Thread[#42081,Execution worker,5,main]) started.
[        ] > Task :quill_native_bridge_android:mergeDebugAssets UP-TO-DATE
[        ] Caching disabled for task ':quill_native_bridge_android:mergeDebugAssets' because:
[        ]   Build cache is disabled
[        ]   Simple merging task
[        ] Skipping task ':quill_native_bridge_android:mergeDebugAssets' as it is up-to-date.
[        ] work action resolve mergeDebugAssets (project :quill_native_bridge_android) (Thread[#42081,Execution worker,5,main]) started.
[        ] Resolve mutations for :shared_preferences_android:mergeDebugShaders (Thread[#42081,Execution worker,5,main]) started.
[        ] :shared_preferences_android:mergeDebugShaders (Thread[#42081,Execution worker,5,main]) started.
[        ] > Task :shared_preferences_android:mergeDebugShaders UP-TO-DATE
[        ] Caching disabled for task ':shared_preferences_android:mergeDebugShaders' because:
[        ]   Build cache is disabled
[        ]   Simple merging task
[        ] Skipping task ':shared_preferences_android:mergeDebugShaders' as it is up-to-date.
[        ] Resolve mutations for :shared_preferences_android:compileDebugShaders (Thread[#42081,Execution worker,5,main]) started.
[        ] :shared_preferences_android:compileDebugShaders (Thread[#42081,Execution worker,5,main]) started.
[        ] > Task :shared_preferences_android:compileDebugShaders NO-SOURCE
[        ] Skipping task ':shared_preferences_android:compileDebugShaders' as it has no source files and no previous output files.
[        ] Resolve mutations for :shared_preferences_android:generateDebugAssets (Thread[#42081,Execution worker,5,main]) started.
[        ] :shared_preferences_android:generateDebugAssets (Thread[#42081,Execution worker,5,main]) started.
[        ] > Task :shared_preferences_android:generateDebugAssets UP-TO-DATE
[        ] Skipping task ':shared_preferences_android:generateDebugAssets' as it has no actions.
[        ] Resolve mutations for :shared_preferences_android:mergeDebugAssets (Thread[#42081,Execution worker,5,main]) started.
[        ] :shared_preferences_android:mergeDebugAssets (Thread[#42081,Execution worker,5,main]) started.
[        ] > Task :shared_preferences_android:mergeDebugAssets UP-TO-DATE
[        ] Caching disabled for task ':shared_preferences_android:mergeDebugAssets' because:
[        ]   Build cache is disabled
[        ]   Simple merging task
[        ] Skipping task ':shared_preferences_android:mergeDebugAssets' as it is up-to-date.
[        ] work action resolve mergeDebugAssets (project :shared_preferences_android) (Thread[#42081,Execution worker,5,main]) started.
[        ] Resolve mutations for :sqflite_android:mergeDebugShaders (Thread[#42081,Execution worker,5,main]) started.
[        ] :sqflite_android:mergeDebugShaders (Thread[#42081,Execution worker,5,main]) started.
[        ] > Task :sqflite_android:mergeDebugShaders UP-TO-DATE
[        ] Caching disabled for task ':sqflite_android:mergeDebugShaders' because:
[        ]   Build cache is disabled
[        ]   Simple merging task
[        ] Skipping task ':sqflite_android:mergeDebugShaders' as it is up-to-date.
[        ] Resolve mutations for :sqflite_android:compileDebugShaders (Thread[#42081,Execution worker,5,main]) started.
[        ] :sqflite_android:compileDebugShaders (Thread[#42081,Execution worker,5,main]) started.
[        ] > Task :sqflite_android:compileDebugShaders NO-SOURCE
[        ] Skipping task ':sqflite_android:compileDebugShaders' as it has no source files and no previous output files.
[        ] Resolve mutations for :sqflite_android:generateDebugAssets (Thread[#42081,Execution worker,5,main]) started.
[        ] :sqflite_android:generateDebugAssets (Thread[#42081,Execution worker,5,main]) started.
[        ] > Task :sqflite_android:generateDebugAssets UP-TO-DATE
[        ] Skipping task ':sqflite_android:generateDebugAssets' as it has no actions.
[        ] Resolve mutations for :sqflite_android:mergeDebugAssets (Thread[#42081,Execution worker,5,main]) started.
[        ] :sqflite_android:mergeDebugAssets (Thread[#42081,Execution worker,5,main]) started.
[        ] > Task :sqflite_android:mergeDebugAssets UP-TO-DATE
[        ] Caching disabled for task ':sqflite_android:mergeDebugAssets' because:
[        ]   Build cache is disabled
[        ]   Simple merging task
[        ] Skipping task ':sqflite_android:mergeDebugAssets' as it is up-to-date.
[        ] work action resolve mergeDebugAssets (project :sqflite_android) (Thread[#42081,Execution worker,5,main]) started.
[        ] Resolve mutations for :url_launcher_android:mergeDebugShaders (Thread[#42081,Execution worker,5,main]) started.
[        ] :url_launcher_android:mergeDebugShaders (Thread[#42081,Execution worker,5,main]) started.
[        ] > Task :url_launcher_android:mergeDebugShaders UP-TO-DATE
[        ] Caching disabled for task ':url_launcher_android:mergeDebugShaders' because:
[        ]   Build cache is disabled
[        ]   Simple merging task
[        ] Skipping task ':url_launcher_android:mergeDebugShaders' as it is up-to-date.
[        ] Resolve mutations for :url_launcher_android:compileDebugShaders (Thread[#42081,Execution worker,5,main]) started.
[        ] :url_launcher_android:compileDebugShaders (Thread[#42081,Execution worker,5,main]) started.
[        ] > Task :url_launcher_android:compileDebugShaders NO-SOURCE
[        ] Skipping task ':url_launcher_android:compileDebugShaders' as it has no source files and no previous output files.
[        ] Resolve mutations for :url_launcher_android:generateDebugAssets (Thread[#42081,Execution worker,5,main]) started.
[        ] :url_launcher_android:generateDebugAssets (Thread[#42081,Execution worker,5,main]) started.
[        ] > Task :url_launcher_android:generateDebugAssets UP-TO-DATE
[        ] Skipping task ':url_launcher_android:generateDebugAssets' as it has no actions.
[        ] Resolve mutations for :url_launcher_android:mergeDebugAssets (Thread[#42081,Execution worker,5,main]) started.
[        ] :url_launcher_android:mergeDebugAssets (Thread[#42081,Execution worker,5,main]) started.
[        ] > Task :url_launcher_android:mergeDebugAssets UP-TO-DATE
[        ] Caching disabled for task ':url_launcher_android:mergeDebugAssets' because:
[        ]   Build cache is disabled
[        ]   Simple merging task
[        ] Skipping task ':url_launcher_android:mergeDebugAssets' as it is up-to-date.
[        ] work action resolve mergeDebugAssets (project :url_launcher_android) (Thread[#42081,Execution worker,5,main]) started.
[        ] Resolve mutations for :video_player_android:mergeDebugShaders (Thread[#42081,Execution worker,5,main]) started.
[        ] :video_player_android:mergeDebugShaders (Thread[#42081,Execution worker,5,main]) started.
[        ] > Task :video_player_android:mergeDebugShaders UP-TO-DATE
[        ] Caching disabled for task ':video_player_android:mergeDebugShaders' because:
[        ]   Build cache is disabled
[        ]   Simple merging task
[        ] Skipping task ':video_player_android:mergeDebugShaders' as it is up-to-date.
[        ] Resolve mutations for :video_player_android:compileDebugShaders (Thread[#42081,Execution worker,5,main]) started.
[        ] :video_player_android:compileDebugShaders (Thread[#42081,Execution worker,5,main]) started.
[        ] > Task :video_player_android:compileDebugShaders NO-SOURCE
[        ] Skipping task ':video_player_android:compileDebugShaders' as it has no source files and no previous output files.
[        ] Resolve mutations for :video_player_android:generateDebugAssets (Thread[#42081,Execution worker,5,main]) started.
[        ] :video_player_android:generateDebugAssets (Thread[#42081,Execution worker,5,main]) started.
[        ] > Task :video_player_android:generateDebugAssets UP-TO-DATE
[        ] Skipping task ':video_player_android:generateDebugAssets' as it has no actions.
[        ] Resolve mutations for :video_player_android:mergeDebugAssets (Thread[#42081,Execution worker,5,main]) started.
[        ] :video_player_android:mergeDebugAssets (Thread[#42081,Execution worker,5,main]) started.
[        ] > Task :video_player_android:mergeDebugAssets UP-TO-DATE
[        ] Caching disabled for task ':video_player_android:mergeDebugAssets' because:
[        ]   Build cache is disabled
[        ]   Simple merging task
[        ] Skipping task ':video_player_android:mergeDebugAssets' as it is up-to-date.
[        ] work action resolve mergeDebugAssets (project :video_player_android) (Thread[#42081,Execution worker,5,main]) started.
[        ] Resolve mutations for :app:mergeDebugAssets (Thread[#42081,Execution worker,5,main]) started.
[        ] :app:mergeDebugAssets (Thread[#42081,Execution worker,5,main]) started.
[        ] > Task :app:mergeDebugAssets
[        ] Caching disabled for task ':app:mergeDebugAssets' because:
[        ]   Build cache is disabled
[        ]   Simple merging task
[        ] Task ':app:mergeDebugAssets' is not up-to-date because:
[        ]   Output property 'outputDir' file /Users/florian/Code/substitution/build/app/intermediates/assets/debug/mergeDebugAssets has been removed.
[        ] The input changes require a full rebuild for incremental task ':app:mergeDebugAssets'.
[        ] Resolve mutations for :app:copyFlutterAssetsDebug (Thread[#42081,Execution worker,5,main]) started.
[        ] :app:copyFlutterAssetsDebug (Thread[#42084,Execution worker Thread 4,5,main]) started.
11:25 +10 -23: loading /Users/florian/Code/substitution/integration_test/interaction_strict_test.dart                                                                                                  [ +299 ms] > Task :app:copyFlutterAssetsDebug
[        ] Caching disabled for task ':app:copyFlutterAssetsDebug' because:
[        ]   Build cache is disabled
[        ]   Not worth caching
[        ] Task ':app:copyFlutterAssetsDebug' is not up-to-date because:
[        ]   Output property 'destinationDir' file /Users/florian/Code/substitution/build/app/intermediates/assets/debug/mergeDebugAssets/flutter_assets has been removed.
[        ]   Output property 'destinationDir' file /Users/florian/Code/substitution/build/app/intermediates/assets/debug/mergeDebugAssets/flutter_assets/AssetManifest.bin has been removed.
[        ]   Output property 'destinationDir' file /Users/florian/Code/substitution/build/app/intermediates/assets/debug/mergeDebugAssets/flutter_assets/FontManifest.json has been removed.
[        ]   and more...
[        ] Resolve mutations for :app:generateDebugResValues (Thread[#42084,Execution worker Thread 4,5,main]) started.
[        ] :app:generateDebugResValues (Thread[#42084,Execution worker Thread 4,5,main]) started.
[        ] > Task :app:generateDebugResValues UP-TO-DATE
[        ] Caching disabled for task ':app:generateDebugResValues' because:
[        ]   Build cache is disabled
[        ] Skipping task ':app:generateDebugResValues' as it is up-to-date.
[        ] Resolve mutations for :connectivity_plus:generateDebugResValues (Thread[#42084,Execution worker Thread 4,5,main]) started.
[        ] :connectivity_plus:generateDebugResValues (Thread[#42084,Execution worker Thread 4,5,main]) started.
[        ] > Task :connectivity_plus:generateDebugResValues UP-TO-DATE
[        ] Caching disabled for task ':connectivity_plus:generateDebugResValues' because:
[        ]   Build cache is disabled
[        ] Skipping task ':connectivity_plus:generateDebugResValues' as it is up-to-date.
[        ] Resolve mutations for :connectivity_plus:generateDebugResources (Thread[#42084,Execution worker Thread 4,5,main]) started.
[        ] :connectivity_plus:generateDebugResources (Thread[#42084,Execution worker Thread 4,5,main]) started.
[        ] > Task :connectivity_plus:generateDebugResources UP-TO-DATE
[        ] Caching disabled for task ':connectivity_plus:generateDebugResources' because:
[        ]   Build cache is disabled
[        ] Skipping task ':connectivity_plus:generateDebugResources' as it is up-to-date.
[        ] Resolve mutations for :connectivity_plus:packageDebugResources (Thread[#42084,Execution worker Thread 4,5,main]) started.
[        ] :connectivity_plus:packageDebugResources (Thread[#42084,Execution worker Thread 4,5,main]) started.
[        ] > Task :connectivity_plus:packageDebugResources UP-TO-DATE
[        ] Caching disabled for task ':connectivity_plus:packageDebugResources' because:
[        ]   Build cache is disabled
[        ] Skipping task ':connectivity_plus:packageDebugResources' as it is up-to-date.
[        ] work action resolve packageDebugResources (project :connectivity_plus) (Thread[#42084,Execution worker Thread 4,5,main]) started.
[        ] Resolve mutations for :emoji_picker_flutter:generateDebugResValues (Thread[#42084,Execution worker Thread 4,5,main]) started.
[        ] :emoji_picker_flutter:generateDebugResValues (Thread[#42084,Execution worker Thread 4,5,main]) started.
[        ] > Task :emoji_picker_flutter:generateDebugResValues UP-TO-DATE
[        ] Caching disabled for task ':emoji_picker_flutter:generateDebugResValues' because:
[        ]   Build cache is disabled
[        ] Skipping task ':emoji_picker_flutter:generateDebugResValues' as it is up-to-date.
[        ] Resolve mutations for :emoji_picker_flutter:generateDebugResources (Thread[#42084,Execution worker Thread 4,5,main]) started.
[        ] :emoji_picker_flutter:generateDebugResources (Thread[#42084,Execution worker Thread 4,5,main]) started.
[        ] > Task :emoji_picker_flutter:generateDebugResources UP-TO-DATE
[        ] Caching disabled for task ':emoji_picker_flutter:generateDebugResources' because:
[        ]   Build cache is disabled
[        ] Skipping task ':emoji_picker_flutter:generateDebugResources' as it is up-to-date.
[        ] Resolve mutations for :emoji_picker_flutter:packageDebugResources (Thread[#42084,Execution worker Thread 4,5,main]) started.
[        ] :emoji_picker_flutter:packageDebugResources (Thread[#42084,Execution worker Thread 4,5,main]) started.
[        ] > Task :emoji_picker_flutter:packageDebugResources UP-TO-DATE
[        ] Caching disabled for task ':emoji_picker_flutter:packageDebugResources' because:
[        ]   Build cache is disabled
[        ] Skipping task ':emoji_picker_flutter:packageDebugResources' as it is up-to-date.
[        ] work action resolve packageDebugResources (project :emoji_picker_flutter) (Thread[#42084,Execution worker Thread 4,5,main]) started.
[        ] Resolve mutations for :file_selector_android:generateDebugResValues (Thread[#42084,Execution worker Thread 4,5,main]) started.
[        ] :file_selector_android:generateDebugResValues (Thread[#42084,Execution worker Thread 4,5,main]) started.
[        ] > Task :file_selector_android:generateDebugResValues UP-TO-DATE
[        ] Caching disabled for task ':file_selector_android:generateDebugResValues' because:
[        ]   Build cache is disabled
[        ] Skipping task ':file_selector_android:generateDebugResValues' as it is up-to-date.
[        ] Resolve mutations for :file_selector_android:generateDebugResources (Thread[#42084,Execution worker Thread 4,5,main]) started.
[        ] :file_selector_android:generateDebugResources (Thread[#42084,Execution worker Thread 4,5,main]) started.
[        ] > Task :file_selector_android:generateDebugResources UP-TO-DATE
[        ] Caching disabled for task ':file_selector_android:generateDebugResources' because:
[        ]   Build cache is disabled
[        ] Skipping task ':file_selector_android:generateDebugResources' as it is up-to-date.
[        ] Resolve mutations for :file_selector_android:packageDebugResources (Thread[#42084,Execution worker Thread 4,5,main]) started.
[        ] :file_selector_android:packageDebugResources (Thread[#42084,Execution worker Thread 4,5,main]) started.
[        ] > Task :file_selector_android:packageDebugResources UP-TO-DATE
[        ] Caching disabled for task ':file_selector_android:packageDebugResources' because:
[        ]   Build cache is disabled
[        ] Skipping task ':file_selector_android:packageDebugResources' as it is up-to-date.
[        ] work action resolve packageDebugResources (project :file_selector_android) (Thread[#42084,Execution worker Thread 4,5,main]) started.
[        ] Resolve mutations for :flutter_keyboard_visibility_temp_fork:generateDebugResValues (Thread[#42084,Execution worker Thread 4,5,main]) started.
[        ] :flutter_keyboard_visibility_temp_fork:generateDebugResValues (Thread[#42084,Execution worker Thread 4,5,main]) started.
[        ] > Task :flutter_keyboard_visibility_temp_fork:generateDebugResValues UP-TO-DATE
[        ] Caching disabled for task ':flutter_keyboard_visibility_temp_fork:generateDebugResValues' because:
[        ]   Build cache is disabled
[        ] Skipping task ':flutter_keyboard_visibility_temp_fork:generateDebugResValues' as it is up-to-date.
[        ] Resolve mutations for :flutter_keyboard_visibility_temp_fork:generateDebugResources (Thread[#42084,Execution worker Thread 4,5,main]) started.
[        ] :flutter_keyboard_visibility_temp_fork:generateDebugResources (Thread[#42084,Execution worker Thread 4,5,main]) started.
[        ] > Task :flutter_keyboard_visibility_temp_fork:generateDebugResources UP-TO-DATE
[        ] Caching disabled for task ':flutter_keyboard_visibility_temp_fork:generateDebugResources' because:
[        ]   Build cache is disabled
[        ] Skipping task ':flutter_keyboard_visibility_temp_fork:generateDebugResources' as it is up-to-date.
[        ] Resolve mutations for :flutter_keyboard_visibility_temp_fork:packageDebugResources (Thread[#42084,Execution worker Thread 4,5,main]) started.
[        ] :flutter_keyboard_visibility_temp_fork:packageDebugResources (Thread[#42084,Execution worker Thread 4,5,main]) started.
[        ] > Task :flutter_keyboard_visibility_temp_fork:packageDebugResources UP-TO-DATE
[        ] Caching disabled for task ':flutter_keyboard_visibility_temp_fork:packageDebugResources' because:
[        ]   Build cache is disabled
[        ] Skipping task ':flutter_keyboard_visibility_temp_fork:packageDebugResources' as it is up-to-date.
[        ] work action resolve packageDebugResources (project :flutter_keyboard_visibility_temp_fork) (Thread[#42084,Execution worker Thread 4,5,main]) started.
[        ] Resolve mutations for :flutter_native_splash:generateDebugResValues (Thread[#42084,Execution worker Thread 4,5,main]) started.
[        ] :flutter_native_splash:generateDebugResValues (Thread[#42084,Execution worker Thread 4,5,main]) started.
[        ] > Task :flutter_native_splash:generateDebugResValues UP-TO-DATE
[        ] Caching disabled for task ':flutter_native_splash:generateDebugResValues' because:
[        ]   Build cache is disabled
[        ] Skipping task ':flutter_native_splash:generateDebugResValues' as it is up-to-date.
[        ] Resolve mutations for :flutter_native_splash:generateDebugResources (Thread[#42084,Execution worker Thread 4,5,main]) started.
[        ] :flutter_native_splash:generateDebugResources (Thread[#42084,Execution worker Thread 4,5,main]) started.
[        ] > Task :flutter_native_splash:generateDebugResources UP-TO-DATE
[        ] Caching disabled for task ':flutter_native_splash:generateDebugResources' because:
[        ]   Build cache is disabled
[        ] Skipping task ':flutter_native_splash:generateDebugResources' as it is up-to-date.
[        ] Resolve mutations for :flutter_native_splash:packageDebugResources (Thread[#42084,Execution worker Thread 4,5,main]) started.
[        ] :flutter_native_splash:packageDebugResources (Thread[#42084,Execution worker Thread 4,5,main]) started.
[        ] > Task :flutter_native_splash:packageDebugResources UP-TO-DATE
[        ] Caching disabled for task ':flutter_native_splash:packageDebugResources' because:
[        ]   Build cache is disabled
[        ] Skipping task ':flutter_native_splash:packageDebugResources' as it is up-to-date.
[        ] work action resolve packageDebugResources (project :flutter_native_splash) (Thread[#42084,Execution worker Thread 4,5,main]) started.
[        ] Resolve mutations for :flutter_olm:generateDebugResValues (Thread[#42084,Execution worker Thread 4,5,main]) started.
[        ] :flutter_olm:generateDebugResValues (Thread[#42084,Execution worker Thread 4,5,main]) started.
[        ] > Task :flutter_olm:generateDebugResValues UP-TO-DATE
[        ] Caching disabled for task ':flutter_olm:generateDebugResValues' because:
[        ]   Build cache is disabled
[        ] Skipping task ':flutter_olm:generateDebugResValues' as it is up-to-date.
[        ] Resolve mutations for :flutter_olm:generateDebugResources (Thread[#42084,Execution worker Thread 4,5,main]) started.
[        ] :flutter_olm:generateDebugResources (Thread[#42084,Execution worker Thread 4,5,main]) started.
[        ] > Task :flutter_olm:generateDebugResources UP-TO-DATE
[        ] Caching disabled for task ':flutter_olm:generateDebugResources' because:
[        ]   Build cache is disabled
[        ] Skipping task ':flutter_olm:generateDebugResources' as it is up-to-date.
[        ] Resolve mutations for :flutter_olm:packageDebugResources (Thread[#42084,Execution worker Thread 4,5,main]) started.
[        ] :flutter_olm:packageDebugResources (Thread[#42105,Execution worker Thread 24,5,main]) started.
[        ] > Task :flutter_olm:packageDebugResources UP-TO-DATE
[        ] Caching disabled for task ':flutter_olm:packageDebugResources' because:
[        ]   Build cache is disabled
[        ] Skipping task ':flutter_olm:packageDebugResources' as it is up-to-date.
[        ] work action resolve packageDebugResources (project :flutter_olm) (Thread[#42105,Execution worker Thread 24,5,main]) started.
[        ] Resolve mutations for :flutter_openssl_crypto:generateDebugResValues (Thread[#42105,Execution worker Thread 24,5,main]) started.
[        ] :flutter_openssl_crypto:generateDebugResValues (Thread[#42101,Execution worker Thread 20,5,main]) started.
[        ] > Task :flutter_openssl_crypto:generateDebugResValues UP-TO-DATE
[        ] Caching disabled for task ':flutter_openssl_crypto:generateDebugResValues' because:
[        ]   Build cache is disabled
[        ] Skipping task ':flutter_openssl_crypto:generateDebugResValues' as it is up-to-date.
[        ] Resolve mutations for :flutter_openssl_crypto:generateDebugResources (Thread[#42101,Execution worker Thread 20,5,main]) started.
[        ] :flutter_openssl_crypto:generateDebugResources (Thread[#42101,Execution worker Thread 20,5,main]) started.
[        ] > Task :flutter_openssl_crypto:generateDebugResources UP-TO-DATE
[        ] Caching disabled for task ':flutter_openssl_crypto:generateDebugResources' because:
[        ]   Build cache is disabled
[        ] Skipping task ':flutter_openssl_crypto:generateDebugResources' as it is up-to-date.
[        ] Resolve mutations for :flutter_openssl_crypto:packageDebugResources (Thread[#42101,Execution worker Thread 20,5,main]) started.
[        ] :flutter_openssl_crypto:packageDebugResources (Thread[#42082,Execution worker Thread 2,5,main]) started.
[        ] > Task :flutter_openssl_crypto:packageDebugResources UP-TO-DATE
[        ] Caching disabled for task ':flutter_openssl_crypto:packageDebugResources' because:
[        ]   Build cache is disabled
[        ] Skipping task ':flutter_openssl_crypto:packageDebugResources' as it is up-to-date.
[        ] work action resolve packageDebugResources (project :flutter_openssl_crypto) (Thread[#42082,Execution worker Thread 2,5,main]) started.
[        ] Resolve mutations for :integration_test:generateDebugResValues (Thread[#42082,Execution worker Thread 2,5,main]) started.
[        ] :integration_test:generateDebugResValues (Thread[#42082,Execution worker Thread 2,5,main]) started.
[        ] > Task :integration_test:generateDebugResValues UP-TO-DATE
[        ] Caching disabled for task ':integration_test:generateDebugResValues' because:
[        ]   Build cache is disabled
[        ] Skipping task ':integration_test:generateDebugResValues' as it is up-to-date.
[        ] Resolve mutations for :integration_test:generateDebugResources (Thread[#42082,Execution worker Thread 2,5,main]) started.
[        ] :integration_test:generateDebugResources (Thread[#42082,Execution worker Thread 2,5,main]) started.
[        ] > Task :integration_test:generateDebugResources UP-TO-DATE
[        ] Caching disabled for task ':integration_test:generateDebugResources' because:
[        ]   Build cache is disabled
[        ] Skipping task ':integration_test:generateDebugResources' as it is up-to-date.
[        ] Resolve mutations for :integration_test:packageDebugResources (Thread[#42082,Execution worker Thread 2,5,main]) started.
[        ] :integration_test:packageDebugResources (Thread[#42082,Execution worker Thread 2,5,main]) started.
[        ] > Task :integration_test:packageDebugResources UP-TO-DATE
[        ] Caching disabled for task ':integration_test:packageDebugResources' because:
[        ]   Build cache is disabled
[        ] Skipping task ':integration_test:packageDebugResources' as it is up-to-date.
[        ] work action resolve packageDebugResources (project :integration_test) (Thread[#42082,Execution worker Thread 2,5,main]) started.
[        ] Resolve mutations for :path_provider_android:generateDebugResValues (Thread[#42082,Execution worker Thread 2,5,main]) started.
[        ] :path_provider_android:generateDebugResValues (Thread[#42082,Execution worker Thread 2,5,main]) started.
[        ] > Task :path_provider_android:generateDebugResValues UP-TO-DATE
[        ] Caching disabled for task ':path_provider_android:generateDebugResValues' because:
[        ]   Build cache is disabled
[        ] Skipping task ':path_provider_android:generateDebugResValues' as it is up-to-date.
[        ] Resolve mutations for :path_provider_android:generateDebugResources (Thread[#42082,Execution worker Thread 2,5,main]) started.
[        ] :path_provider_android:generateDebugResources (Thread[#42082,Execution worker Thread 2,5,main]) started.
[        ] > Task :path_provider_android:generateDebugResources UP-TO-DATE
[        ] Caching disabled for task ':path_provider_android:generateDebugResources' because:
[        ]   Build cache is disabled
[        ] Skipping task ':path_provider_android:generateDebugResources' as it is up-to-date.
[        ] Resolve mutations for :path_provider_android:packageDebugResources (Thread[#42082,Execution worker Thread 2,5,main]) started.
[        ] :path_provider_android:packageDebugResources (Thread[#42082,Execution worker Thread 2,5,main]) started.
[        ] > Task :path_provider_android:packageDebugResources UP-TO-DATE
[        ] Caching disabled for task ':path_provider_android:packageDebugResources' because:
[        ]   Build cache is disabled
[        ] Skipping task ':path_provider_android:packageDebugResources' as it is up-to-date.
[        ] work action resolve packageDebugResources (project :path_provider_android) (Thread[#42082,Execution worker Thread 2,5,main]) started.
[        ] Resolve mutations for :quill_native_bridge_android:generateDebugResValues (Thread[#42082,Execution worker Thread 2,5,main]) started.
[        ] :quill_native_bridge_android:generateDebugResValues (Thread[#42082,Execution worker Thread 2,5,main]) started.
[        ] > Task :quill_native_bridge_android:generateDebugResValues UP-TO-DATE
[        ] Caching disabled for task ':quill_native_bridge_android:generateDebugResValues' because:
[        ]   Build cache is disabled
[        ] Skipping task ':quill_native_bridge_android:generateDebugResValues' as it is up-to-date.
[        ] Resolve mutations for :quill_native_bridge_android:generateDebugResources (Thread[#42082,Execution worker Thread 2,5,main]) started.
[        ] :quill_native_bridge_android:generateDebugResources (Thread[#42082,Execution worker Thread 2,5,main]) started.
[        ] > Task :quill_native_bridge_android:generateDebugResources UP-TO-DATE
[        ] Caching disabled for task ':quill_native_bridge_android:generateDebugResources' because:
[        ]   Build cache is disabled
[        ] Skipping task ':quill_native_bridge_android:generateDebugResources' as it is up-to-date.
[        ] Resolve mutations for :quill_native_bridge_android:packageDebugResources (Thread[#42082,Execution worker Thread 2,5,main]) started.
[        ] :quill_native_bridge_android:packageDebugResources (Thread[#42082,Execution worker Thread 2,5,main]) started.
[        ] > Task :quill_native_bridge_android:packageDebugResources UP-TO-DATE
[        ] Caching disabled for task ':quill_native_bridge_android:packageDebugResources' because:
[        ]   Build cache is disabled
[        ] Skipping task ':quill_native_bridge_android:packageDebugResources' as it is up-to-date.
[        ] work action resolve packageDebugResources (project :quill_native_bridge_android) (Thread[#42082,Execution worker Thread 2,5,main]) started.
[        ] Resolve mutations for :shared_preferences_android:generateDebugResValues (Thread[#42082,Execution worker Thread 2,5,main]) started.
[        ] :shared_preferences_android:generateDebugResValues (Thread[#42082,Execution worker Thread 2,5,main]) started.
[        ] > Task :shared_preferences_android:generateDebugResValues UP-TO-DATE
[        ] Caching disabled for task ':shared_preferences_android:generateDebugResValues' because:
[        ]   Build cache is disabled
[        ] Skipping task ':shared_preferences_android:generateDebugResValues' as it is up-to-date.
[        ] Resolve mutations for :shared_preferences_android:generateDebugResources (Thread[#42082,Execution worker Thread 2,5,main]) started.
[        ] :shared_preferences_android:generateDebugResources (Thread[#42082,Execution worker Thread 2,5,main]) started.
[        ] > Task :shared_preferences_android:generateDebugResources UP-TO-DATE
[        ] Caching disabled for task ':shared_preferences_android:generateDebugResources' because:
[        ]   Build cache is disabled
[        ] Skipping task ':shared_preferences_android:generateDebugResources' as it is up-to-date.
[        ] Resolve mutations for :shared_preferences_android:packageDebugResources (Thread[#42082,Execution worker Thread 2,5,main]) started.
[        ] :shared_preferences_android:packageDebugResources (Thread[#42082,Execution worker Thread 2,5,main]) started.
[        ] > Task :shared_preferences_android:packageDebugResources UP-TO-DATE
[        ] Caching disabled for task ':shared_preferences_android:packageDebugResources' because:
[        ]   Build cache is disabled
[        ] Skipping task ':shared_preferences_android:packageDebugResources' as it is up-to-date.
[        ] work action resolve packageDebugResources (project :shared_preferences_android) (Thread[#42082,Execution worker Thread 2,5,main]) started.
[        ] Resolve mutations for :sqflite_android:generateDebugResValues (Thread[#42082,Execution worker Thread 2,5,main]) started.
[        ] :sqflite_android:generateDebugResValues (Thread[#42085,Execution worker Thread 5,5,main]) started.
[        ] > Task :sqflite_android:generateDebugResValues UP-TO-DATE
[        ] Caching disabled for task ':sqflite_android:generateDebugResValues' because:
[        ]   Build cache is disabled
[        ] Skipping task ':sqflite_android:generateDebugResValues' as it is up-to-date.
[        ] Resolve mutations for :sqflite_android:generateDebugResources (Thread[#42085,Execution worker Thread 5,5,main]) started.
[        ] :sqflite_android:generateDebugResources (Thread[#42085,Execution worker Thread 5,5,main]) started.
[        ] > Task :sqflite_android:generateDebugResources UP-TO-DATE
[        ] Caching disabled for task ':sqflite_android:generateDebugResources' because:
[        ]   Build cache is disabled
[        ] Skipping task ':sqflite_android:generateDebugResources' as it is up-to-date.
[        ] Resolve mutations for :sqflite_android:packageDebugResources (Thread[#42085,Execution worker Thread 5,5,main]) started.
[        ] :sqflite_android:packageDebugResources (Thread[#42085,Execution worker Thread 5,5,main]) started.
[        ] > Task :sqflite_android:packageDebugResources UP-TO-DATE
[        ] Caching disabled for task ':sqflite_android:packageDebugResources' because:
[        ]   Build cache is disabled
[        ] Skipping task ':sqflite_android:packageDebugResources' as it is up-to-date.
[        ] work action resolve packageDebugResources (project :sqflite_android) (Thread[#42085,Execution worker Thread 5,5,main]) started.
[        ] Resolve mutations for :url_launcher_android:generateDebugResValues (Thread[#42085,Execution worker Thread 5,5,main]) started.
[        ] :url_launcher_android:generateDebugResValues (Thread[#42085,Execution worker Thread 5,5,main]) started.
[        ] > Task :url_launcher_android:generateDebugResValues UP-TO-DATE
[        ] Caching disabled for task ':url_launcher_android:generateDebugResValues' because:
[        ]   Build cache is disabled
[        ] Skipping task ':url_launcher_android:generateDebugResValues' as it is up-to-date.
[        ] Resolve mutations for :url_launcher_android:generateDebugResources (Thread[#42085,Execution worker Thread 5,5,main]) started.
[        ] :url_launcher_android:generateDebugResources (Thread[#42085,Execution worker Thread 5,5,main]) started.
[        ] > Task :url_launcher_android:generateDebugResources UP-TO-DATE
[        ] Caching disabled for task ':url_launcher_android:generateDebugResources' because:
[        ]   Build cache is disabled
[        ] Skipping task ':url_launcher_android:generateDebugResources' as it is up-to-date.
[        ] Resolve mutations for :url_launcher_android:packageDebugResources (Thread[#42085,Execution worker Thread 5,5,main]) started.
[        ] :url_launcher_android:packageDebugResources (Thread[#42085,Execution worker Thread 5,5,main]) started.
[        ] > Task :url_launcher_android:packageDebugResources UP-TO-DATE
[        ] Caching disabled for task ':url_launcher_android:packageDebugResources' because:
[        ]   Build cache is disabled
[        ] Skipping task ':url_launcher_android:packageDebugResources' as it is up-to-date.
[        ] work action resolve packageDebugResources (project :url_launcher_android) (Thread[#42085,Execution worker Thread 5,5,main]) started.
[        ] Resolve mutations for :video_player_android:generateDebugResValues (Thread[#42085,Execution worker Thread 5,5,main]) started.
[        ] :video_player_android:generateDebugResValues (Thread[#42088,Execution worker Thread 8,5,main]) started.
[        ] > Task :video_player_android:generateDebugResValues UP-TO-DATE
[        ] Caching disabled for task ':video_player_android:generateDebugResValues' because:
[        ]   Build cache is disabled
[        ] Skipping task ':video_player_android:generateDebugResValues' as it is up-to-date.
[        ] Resolve mutations for :video_player_android:generateDebugResources (Thread[#42088,Execution worker Thread 8,5,main]) started.
[        ] :video_player_android:generateDebugResources (Thread[#42088,Execution worker Thread 8,5,main]) started.
[        ] > Task :video_player_android:generateDebugResources UP-TO-DATE
[        ] Caching disabled for task ':video_player_android:generateDebugResources' because:
[        ]   Build cache is disabled
[        ] Skipping task ':video_player_android:generateDebugResources' as it is up-to-date.
[        ] Resolve mutations for :video_player_android:packageDebugResources (Thread[#42088,Execution worker Thread 8,5,main]) started.
[        ] :video_player_android:packageDebugResources (Thread[#42088,Execution worker Thread 8,5,main]) started.
[        ] > Task :video_player_android:packageDebugResources UP-TO-DATE
[        ] Caching disabled for task ':video_player_android:packageDebugResources' because:
[        ]   Build cache is disabled
[        ] Skipping task ':video_player_android:packageDebugResources' as it is up-to-date.
[        ] work action resolve packageDebugResources (project :video_player_android) (Thread[#42088,Execution worker Thread 8,5,main]) started.
[        ] Resolve mutations for :app:mapDebugSourceSetPaths (Thread[#42088,Execution worker Thread 8,5,main]) started.
[        ] :app:mapDebugSourceSetPaths (Thread[#42088,Execution worker Thread 8,5,main]) started.
[        ] > Task :app:mapDebugSourceSetPaths UP-TO-DATE
[        ] Caching disabled for task ':app:mapDebugSourceSetPaths' because:
[        ]   Build cache is disabled
[        ]   Caching has been disabled for the task
[        ] Skipping task ':app:mapDebugSourceSetPaths' as it is up-to-date.
[        ] Resolve mutations for :app:generateDebugResources (Thread[#42088,Execution worker Thread 8,5,main]) started.
[        ] :app:generateDebugResources (Thread[#42088,Execution worker Thread 8,5,main]) started.
[        ] > Task :app:generateDebugResources UP-TO-DATE
[        ] Caching disabled for task ':app:generateDebugResources' because:
[        ]   Build cache is disabled
[        ] Skipping task ':app:generateDebugResources' as it is up-to-date.
[        ] Resolve mutations for :app:mergeDebugResources (Thread[#42088,Execution worker Thread 8,5,main]) started.
[        ] :app:mergeDebugResources (Thread[#42099,Execution worker Thread 18,5,main]) started.
[        ] > Task :app:mergeDebugResources UP-TO-DATE
[        ] Caching disabled for task ':app:mergeDebugResources' because:
[        ]   Build cache is disabled
[        ] Skipping task ':app:mergeDebugResources' as it is up-to-date.
[        ] Resolve mutations for :app:packageDebugResources (Thread[#42099,Execution worker Thread 18,5,main]) started.
[        ] :app:packageDebugResources (Thread[#42099,Execution worker Thread 18,5,main]) started.
[        ] > Task :app:packageDebugResources UP-TO-DATE
[        ] Caching disabled for task ':app:packageDebugResources' because:
[        ]   Build cache is disabled
[        ] Skipping task ':app:packageDebugResources' as it is up-to-date.
[        ] Resolve mutations for :app:parseDebugLocalResources (Thread[#42099,Execution worker Thread 18,5,main]) started.
[        ] :app:parseDebugLocalResources (Thread[#42099,Execution worker Thread 18,5,main]) started.
[        ] > Task :app:parseDebugLocalResources UP-TO-DATE
[        ] Caching disabled for task ':app:parseDebugLocalResources' because:
[        ]   Build cache is disabled
[        ] Skipping task ':app:parseDebugLocalResources' as it is up-to-date.
[        ] Resolve mutations for :app:createDebugCompatibleScreenManifests (Thread[#42099,Execution worker Thread 18,5,main]) started.
[        ] :app:createDebugCompatibleScreenManifests (Thread[#42099,Execution worker Thread 18,5,main]) started.
[        ] > Task :app:createDebugCompatibleScreenManifests UP-TO-DATE
[        ] Caching disabled for task ':app:createDebugCompatibleScreenManifests' because:
[        ]   Build cache is disabled
[        ]   Caching has been disabled for the task
[        ] Skipping task ':app:createDebugCompatibleScreenManifests' as it is up-to-date.
[        ] Resolve mutations for :app:extractDeepLinksDebug (Thread[#42099,Execution worker Thread 18,5,main]) started.
[        ] :app:extractDeepLinksDebug (Thread[#42099,Execution worker Thread 18,5,main]) started.
[        ] > Task :app:extractDeepLinksDebug UP-TO-DATE
[        ] Caching disabled for task ':app:extractDeepLinksDebug' because:
[        ]   Build cache is disabled
[        ] Skipping task ':app:extractDeepLinksDebug' as it is up-to-date.
[        ] Resolve mutations for :connectivity_plus:extractDeepLinksDebug (Thread[#42099,Execution worker Thread 18,5,main]) started.
[        ] :connectivity_plus:extractDeepLinksDebug (Thread[#42099,Execution worker Thread 18,5,main]) started.
[        ] > Task :connectivity_plus:extractDeepLinksDebug UP-TO-DATE
[        ] Caching disabled for task ':connectivity_plus:extractDeepLinksDebug' because:
[        ]   Build cache is disabled
[        ] Skipping task ':connectivity_plus:extractDeepLinksDebug' as it is up-to-date.
[        ] work action resolve navigation.json (project :connectivity_plus) (Thread[#42099,Execution worker Thread 18,5,main]) started.
[        ] Resolve mutations for :connectivity_plus:processDebugManifest (Thread[#42099,Execution worker Thread 18,5,main]) started.
[        ] :connectivity_plus:processDebugManifest (Thread[#42099,Execution worker Thread 18,5,main]) started.
[        ] > Task :connectivity_plus:processDebugManifest UP-TO-DATE
[        ] Caching disabled for task ':connectivity_plus:processDebugManifest' because:
[        ]   Build cache is disabled
[        ] Skipping task ':connectivity_plus:processDebugManifest' as it is up-to-date.
[        ] work action resolve AndroidManifest.xml (project :connectivity_plus) (Thread[#42099,Execution worker Thread 18,5,main]) started.
[        ] Resolve mutations for :emoji_picker_flutter:extractDeepLinksDebug (Thread[#42099,Execution worker Thread 18,5,main]) started.
[        ] :emoji_picker_flutter:extractDeepLinksDebug (Thread[#42099,Execution worker Thread 18,5,main]) started.
[        ] > Task :emoji_picker_flutter:extractDeepLinksDebug UP-TO-DATE
[        ] Caching disabled for task ':emoji_picker_flutter:extractDeepLinksDebug' because:
[        ]   Build cache is disabled
[        ] Skipping task ':emoji_picker_flutter:extractDeepLinksDebug' as it is up-to-date.
[        ] work action resolve navigation.json (project :emoji_picker_flutter) (Thread[#42099,Execution worker Thread 18,5,main]) started.
[        ] Resolve mutations for :emoji_picker_flutter:processDebugManifest (Thread[#42099,Execution worker Thread 18,5,main]) started.
[        ] :emoji_picker_flutter:processDebugManifest (Thread[#42099,Execution worker Thread 18,5,main]) started.
[        ] > Task :emoji_picker_flutter:processDebugManifest UP-TO-DATE
[        ] Caching disabled for task ':emoji_picker_flutter:processDebugManifest' because:
[        ]   Build cache is disabled
[        ] Skipping task ':emoji_picker_flutter:processDebugManifest' as it is up-to-date.
[        ] work action resolve AndroidManifest.xml (project :emoji_picker_flutter) (Thread[#42099,Execution worker Thread 18,5,main]) started.
[        ] Resolve mutations for :file_selector_android:extractDeepLinksDebug (Thread[#42099,Execution worker Thread 18,5,main]) started.
[        ] :file_selector_android:extractDeepLinksDebug (Thread[#42099,Execution worker Thread 18,5,main]) started.
[        ] > Task :file_selector_android:extractDeepLinksDebug UP-TO-DATE
[        ] Caching disabled for task ':file_selector_android:extractDeepLinksDebug' because:
[        ]   Build cache is disabled
[        ] Skipping task ':file_selector_android:extractDeepLinksDebug' as it is up-to-date.
[        ] work action resolve navigation.json (project :file_selector_android) (Thread[#42099,Execution worker Thread 18,5,main]) started.
[        ] Resolve mutations for :file_selector_android:processDebugManifest (Thread[#42099,Execution worker Thread 18,5,main]) started.
[        ] :file_selector_android:processDebugManifest (Thread[#42099,Execution worker Thread 18,5,main]) started.
[        ] > Task :file_selector_android:processDebugManifest UP-TO-DATE
[        ] Caching disabled for task ':file_selector_android:processDebugManifest' because:
[        ]   Build cache is disabled
[        ] Skipping task ':file_selector_android:processDebugManifest' as it is up-to-date.
[        ] work action resolve AndroidManifest.xml (project :file_selector_android) (Thread[#42099,Execution worker Thread 18,5,main]) started.
[        ] Resolve mutations for :flutter_keyboard_visibility_temp_fork:extractDeepLinksDebug (Thread[#42099,Execution worker Thread 18,5,main]) started.
[        ] :flutter_keyboard_visibility_temp_fork:extractDeepLinksDebug (Thread[#42099,Execution worker Thread 18,5,main]) started.
[        ] > Task :flutter_keyboard_visibility_temp_fork:extractDeepLinksDebug UP-TO-DATE
[        ] Caching disabled for task ':flutter_keyboard_visibility_temp_fork:extractDeepLinksDebug' because:
[        ]   Build cache is disabled
[        ] Skipping task ':flutter_keyboard_visibility_temp_fork:extractDeepLinksDebug' as it is up-to-date.
[        ] work action resolve navigation.json (project :flutter_keyboard_visibility_temp_fork) (Thread[#42099,Execution worker Thread 18,5,main]) started.
[        ] Resolve mutations for :flutter_keyboard_visibility_temp_fork:processDebugManifest (Thread[#42099,Execution worker Thread 18,5,main]) started.
[        ] :flutter_keyboard_visibility_temp_fork:processDebugManifest (Thread[#42099,Execution worker Thread 18,5,main]) started.
[        ] > Task :flutter_keyboard_visibility_temp_fork:processDebugManifest UP-TO-DATE
[        ] Caching disabled for task ':flutter_keyboard_visibility_temp_fork:processDebugManifest' because:
[        ]   Build cache is disabled
[        ] Skipping task ':flutter_keyboard_visibility_temp_fork:processDebugManifest' as it is up-to-date.
[        ] work action resolve AndroidManifest.xml (project :flutter_keyboard_visibility_temp_fork) (Thread[#42099,Execution worker Thread 18,5,main]) started.
[        ] Resolve mutations for :flutter_native_splash:extractDeepLinksDebug (Thread[#42099,Execution worker Thread 18,5,main]) started.
[        ] :flutter_native_splash:extractDeepLinksDebug (Thread[#42099,Execution worker Thread 18,5,main]) started.
[        ] > Task :flutter_native_splash:extractDeepLinksDebug UP-TO-DATE
[        ] Caching disabled for task ':flutter_native_splash:extractDeepLinksDebug' because:
[        ]   Build cache is disabled
[        ] Skipping task ':flutter_native_splash:extractDeepLinksDebug' as it is up-to-date.
[        ] work action resolve navigation.json (project :flutter_native_splash) (Thread[#42099,Execution worker Thread 18,5,main]) started.
[        ] Resolve mutations for :flutter_native_splash:processDebugManifest (Thread[#42099,Execution worker Thread 18,5,main]) started.
[        ] :flutter_native_splash:processDebugManifest (Thread[#42099,Execution worker Thread 18,5,main]) started.
[        ] > Task :flutter_native_splash:processDebugManifest UP-TO-DATE
[        ] Caching disabled for task ':flutter_native_splash:processDebugManifest' because:
[        ]   Build cache is disabled
[        ] Skipping task ':flutter_native_splash:processDebugManifest' as it is up-to-date.
[        ] work action resolve AndroidManifest.xml (project :flutter_native_splash) (Thread[#42099,Execution worker Thread 18,5,main]) started.
[        ] Resolve mutations for :flutter_olm:extractDeepLinksDebug (Thread[#42099,Execution worker Thread 18,5,main]) started.
[        ] :flutter_olm:extractDeepLinksDebug (Thread[#42099,Execution worker Thread 18,5,main]) started.
[        ] > Task :flutter_olm:extractDeepLinksDebug UP-TO-DATE
[        ] Caching disabled for task ':flutter_olm:extractDeepLinksDebug' because:
[        ]   Build cache is disabled
[        ] Skipping task ':flutter_olm:extractDeepLinksDebug' as it is up-to-date.
[        ] work action resolve navigation.json (project :flutter_olm) (Thread[#42099,Execution worker Thread 18,5,main]) started.
[        ] Resolve mutations for :flutter_olm:processDebugManifest (Thread[#42099,Execution worker Thread 18,5,main]) started.
[        ] :flutter_olm:processDebugManifest (Thread[#42099,Execution worker Thread 18,5,main]) started.
[        ] > Task :flutter_olm:processDebugManifest UP-TO-DATE
[        ] Caching disabled for task ':flutter_olm:processDebugManifest' because:
[        ]   Build cache is disabled
[        ] Skipping task ':flutter_olm:processDebugManifest' as it is up-to-date.
[        ] work action resolve AndroidManifest.xml (project :flutter_olm) (Thread[#42099,Execution worker Thread 18,5,main]) started.
[        ] Resolve mutations for :flutter_openssl_crypto:extractDeepLinksDebug (Thread[#42099,Execution worker Thread 18,5,main]) started.
[        ] :flutter_openssl_crypto:extractDeepLinksDebug (Thread[#42099,Execution worker Thread 18,5,main]) started.
[        ] > Task :flutter_openssl_crypto:extractDeepLinksDebug UP-TO-DATE
[        ] Caching disabled for task ':flutter_openssl_crypto:extractDeepLinksDebug' because:
[        ]   Build cache is disabled
[        ] Skipping task ':flutter_openssl_crypto:extractDeepLinksDebug' as it is up-to-date.
[        ] work action resolve navigation.json (project :flutter_openssl_crypto) (Thread[#42099,Execution worker Thread 18,5,main]) started.
[        ] Resolve mutations for :flutter_openssl_crypto:processDebugManifest (Thread[#42099,Execution worker Thread 18,5,main]) started.
[        ] :flutter_openssl_crypto:processDebugManifest (Thread[#42099,Execution worker Thread 18,5,main]) started.
[        ] > Task :flutter_openssl_crypto:processDebugManifest UP-TO-DATE
[        ] Caching disabled for task ':flutter_openssl_crypto:processDebugManifest' because:
[        ]   Build cache is disabled
[        ] Skipping task ':flutter_openssl_crypto:processDebugManifest' as it is up-to-date.
[        ] work action resolve AndroidManifest.xml (project :flutter_openssl_crypto) (Thread[#42099,Execution worker Thread 18,5,main]) started.
[        ] Resolve mutations for :integration_test:extractDeepLinksDebug (Thread[#42099,Execution worker Thread 18,5,main]) started.
[        ] :integration_test:extractDeepLinksDebug (Thread[#42099,Execution worker Thread 18,5,main]) started.
[        ] > Task :integration_test:extractDeepLinksDebug UP-TO-DATE
[        ] Caching disabled for task ':integration_test:extractDeepLinksDebug' because:
[        ]   Build cache is disabled
[        ] Skipping task ':integration_test:extractDeepLinksDebug' as it is up-to-date.
[        ] work action resolve navigation.json (project :integration_test) (Thread[#42099,Execution worker Thread 18,5,main]) started.
[        ] Resolve mutations for :integration_test:processDebugManifest (Thread[#42099,Execution worker Thread 18,5,main]) started.
[        ] :integration_test:processDebugManifest (Thread[#42099,Execution worker Thread 18,5,main]) started.
[        ] > Task :integration_test:processDebugManifest UP-TO-DATE
[        ] Caching disabled for task ':integration_test:processDebugManifest' because:
[        ]   Build cache is disabled
[        ] Skipping task ':integration_test:processDebugManifest' as it is up-to-date.
[        ] work action resolve AndroidManifest.xml (project :integration_test) (Thread[#42099,Execution worker Thread 18,5,main]) started.
[        ] Resolve mutations for :path_provider_android:extractDeepLinksDebug (Thread[#42099,Execution worker Thread 18,5,main]) started.
[        ] :path_provider_android:extractDeepLinksDebug (Thread[#42099,Execution worker Thread 18,5,main]) started.
[        ] > Task :path_provider_android:extractDeepLinksDebug UP-TO-DATE
[        ] Caching disabled for task ':path_provider_android:extractDeepLinksDebug' because:
[        ]   Build cache is disabled
[        ] Skipping task ':path_provider_android:extractDeepLinksDebug' as it is up-to-date.
[        ] work action resolve navigation.json (project :path_provider_android) (Thread[#42099,Execution worker Thread 18,5,main]) started.
[        ] Resolve mutations for :path_provider_android:processDebugManifest (Thread[#42099,Execution worker Thread 18,5,main]) started.
[        ] :path_provider_android:processDebugManifest (Thread[#42099,Execution worker Thread 18,5,main]) started.
[        ] > Task :path_provider_android:processDebugManifest UP-TO-DATE
[        ] Caching disabled for task ':path_provider_android:processDebugManifest' because:
[        ]   Build cache is disabled
[        ] Skipping task ':path_provider_android:processDebugManifest' as it is up-to-date.
[        ] work action resolve AndroidManifest.xml (project :path_provider_android) (Thread[#42099,Execution worker Thread 18,5,main]) started.
[        ] Resolve mutations for :quill_native_bridge_android:extractDeepLinksDebug (Thread[#42099,Execution worker Thread 18,5,main]) started.
[        ] :quill_native_bridge_android:extractDeepLinksDebug (Thread[#42099,Execution worker Thread 18,5,main]) started.
[        ] > Task :quill_native_bridge_android:extractDeepLinksDebug UP-TO-DATE
[        ] Caching disabled for task ':quill_native_bridge_android:extractDeepLinksDebug' because:
[        ]   Build cache is disabled
[        ] Skipping task ':quill_native_bridge_android:extractDeepLinksDebug' as it is up-to-date.
[        ] work action resolve navigation.json (project :quill_native_bridge_android) (Thread[#42099,Execution worker Thread 18,5,main]) started.
[        ] Resolve mutations for :quill_native_bridge_android:processDebugManifest (Thread[#42099,Execution worker Thread 18,5,main]) started.
[        ] :quill_native_bridge_android:processDebugManifest (Thread[#42099,Execution worker Thread 18,5,main]) started.
[        ] > Task :quill_native_bridge_android:processDebugManifest UP-TO-DATE
[        ] Caching disabled for task ':quill_native_bridge_android:processDebugManifest' because:
[        ]   Build cache is disabled
[        ] Skipping task ':quill_native_bridge_android:processDebugManifest' as it is up-to-date.
[        ] work action resolve AndroidManifest.xml (project :quill_native_bridge_android) (Thread[#42099,Execution worker Thread 18,5,main]) started.
[        ] Resolve mutations for :shared_preferences_android:extractDeepLinksDebug (Thread[#42099,Execution worker Thread 18,5,main]) started.
[        ] :shared_preferences_android:extractDeepLinksDebug (Thread[#42099,Execution worker Thread 18,5,main]) started.
[        ] > Task :shared_preferences_android:extractDeepLinksDebug UP-TO-DATE
[        ] Caching disabled for task ':shared_preferences_android:extractDeepLinksDebug' because:
[        ]   Build cache is disabled
[        ] Skipping task ':shared_preferences_android:extractDeepLinksDebug' as it is up-to-date.
[        ] work action resolve navigation.json (project :shared_preferences_android) (Thread[#42099,Execution worker Thread 18,5,main]) started.
[        ] Resolve mutations for :shared_preferences_android:processDebugManifest (Thread[#42099,Execution worker Thread 18,5,main]) started.
[        ] :shared_preferences_android:processDebugManifest (Thread[#42099,Execution worker Thread 18,5,main]) started.
[        ] > Task :shared_preferences_android:processDebugManifest UP-TO-DATE
[        ] Caching disabled for task ':shared_preferences_android:processDebugManifest' because:
[        ]   Build cache is disabled
[        ] Skipping task ':shared_preferences_android:processDebugManifest' as it is up-to-date.
[        ] work action resolve AndroidManifest.xml (project :shared_preferences_android) (Thread[#42099,Execution worker Thread 18,5,main]) started.
[        ] Resolve mutations for :sqflite_android:extractDeepLinksDebug (Thread[#42099,Execution worker Thread 18,5,main]) started.
[        ] :sqflite_android:extractDeepLinksDebug (Thread[#42099,Execution worker Thread 18,5,main]) started.
[        ] > Task :sqflite_android:extractDeepLinksDebug UP-TO-DATE
[        ] Caching disabled for task ':sqflite_android:extractDeepLinksDebug' because:
[        ]   Build cache is disabled
[        ] Skipping task ':sqflite_android:extractDeepLinksDebug' as it is up-to-date.
[        ] work action resolve navigation.json (project :sqflite_android) (Thread[#42099,Execution worker Thread 18,5,main]) started.
[        ] Resolve mutations for :sqflite_android:processDebugManifest (Thread[#42099,Execution worker Thread 18,5,main]) started.
[        ] :sqflite_android:processDebugManifest (Thread[#42099,Execution worker Thread 18,5,main]) started.
[        ] > Task :sqflite_android:processDebugManifest UP-TO-DATE
[        ] Caching disabled for task ':sqflite_android:processDebugManifest' because:
[        ]   Build cache is disabled
[        ] Skipping task ':sqflite_android:processDebugManifest' as it is up-to-date.
[        ] work action resolve AndroidManifest.xml (project :sqflite_android) (Thread[#42099,Execution worker Thread 18,5,main]) started.
[        ] Resolve mutations for :url_launcher_android:extractDeepLinksDebug (Thread[#42099,Execution worker Thread 18,5,main]) started.
[        ] :url_launcher_android:extractDeepLinksDebug (Thread[#42099,Execution worker Thread 18,5,main]) started.
[        ] > Task :url_launcher_android:extractDeepLinksDebug UP-TO-DATE
[        ] Caching disabled for task ':url_launcher_android:extractDeepLinksDebug' because:
[        ]   Build cache is disabled
[        ] Skipping task ':url_launcher_android:extractDeepLinksDebug' as it is up-to-date.
[        ] work action resolve navigation.json (project :url_launcher_android) (Thread[#42099,Execution worker Thread 18,5,main]) started.
[        ] Resolve mutations for :url_launcher_android:processDebugManifest (Thread[#42099,Execution worker Thread 18,5,main]) started.
[        ] :url_launcher_android:processDebugManifest (Thread[#42099,Execution worker Thread 18,5,main]) started.
[        ] > Task :url_launcher_android:processDebugManifest UP-TO-DATE
[        ] Caching disabled for task ':url_launcher_android:processDebugManifest' because:
[        ]   Build cache is disabled
[        ] Skipping task ':url_launcher_android:processDebugManifest' as it is up-to-date.
[        ] work action resolve AndroidManifest.xml (project :url_launcher_android) (Thread[#42099,Execution worker Thread 18,5,main]) started.
[        ] Resolve mutations for :video_player_android:extractDeepLinksDebug (Thread[#42099,Execution worker Thread 18,5,main]) started.
[        ] :video_player_android:extractDeepLinksDebug (Thread[#42099,Execution worker Thread 18,5,main]) started.
[        ] > Task :video_player_android:extractDeepLinksDebug UP-TO-DATE
[        ] Caching disabled for task ':video_player_android:extractDeepLinksDebug' because:
[        ]   Build cache is disabled
[        ] Skipping task ':video_player_android:extractDeepLinksDebug' as it is up-to-date.
[        ] work action resolve navigation.json (project :video_player_android) (Thread[#42099,Execution worker Thread 18,5,main]) started.
[        ] Resolve mutations for :video_player_android:processDebugManifest (Thread[#42099,Execution worker Thread 18,5,main]) started.
[        ] :video_player_android:processDebugManifest (Thread[#42099,Execution worker Thread 18,5,main]) started.
[        ] > Task :video_player_android:processDebugManifest UP-TO-DATE
[        ] Caching disabled for task ':video_player_android:processDebugManifest' because:
[        ]   Build cache is disabled
[        ] Skipping task ':video_player_android:processDebugManifest' as it is up-to-date.
[        ] work action resolve AndroidManifest.xml (project :video_player_android) (Thread[#42099,Execution worker Thread 18,5,main]) started.
[        ] Resolve mutations for :app:processDebugMainManifest (Thread[#42099,Execution worker Thread 18,5,main]) started.
[        ] :app:processDebugMainManifest (Thread[#42099,Execution worker Thread 18,5,main]) started.
[        ] > Task :app:processDebugMainManifest UP-TO-DATE
[        ] Caching disabled for task ':app:processDebugMainManifest' because:
[        ]   Build cache is disabled
[        ] Skipping task ':app:processDebugMainManifest' as it is up-to-date.
[        ] Resolve mutations for :app:outputDebugAppLinkSettings (Thread[#42099,Execution worker Thread 18,5,main]) started.
[        ] :app:outputDebugAppLinkSettings (Thread[#42099,Execution worker Thread 18,5,main]) started.
[        ] > Task :app:outputDebugAppLinkSettings UP-TO-DATE
[        ] Caching disabled for task ':app:outputDebugAppLinkSettings' because:
[        ]   Build cache is disabled
[        ]   Caching has not been enabled for the task
[        ] Skipping task ':app:outputDebugAppLinkSettings' as it is up-to-date.
[        ] Resolve mutations for :app:processDebugManifest (Thread[#42099,Execution worker Thread 18,5,main]) started.
[        ] :app:processDebugManifest (Thread[#42099,Execution worker Thread 18,5,main]) started.
[        ] > Task :app:processDebugManifest UP-TO-DATE
[        ] Caching disabled for task ':app:processDebugManifest' because:
[        ]   Build cache is disabled
[        ] Skipping task ':app:processDebugManifest' as it is up-to-date.
[        ] Resolve mutations for :app:processDebugManifestForPackage (Thread[#42099,Execution worker Thread 18,5,main]) started.
[        ] :app:processDebugManifestForPackage (Thread[#42099,Execution worker Thread 18,5,main]) started.
[        ] > Task :app:processDebugManifestForPackage UP-TO-DATE
[        ] Custom actions are attached to task ':app:processDebugManifestForPackage'.
[        ] Caching disabled for task ':app:processDebugManifestForPackage' because:
[        ]   Build cache is disabled
[        ] Skipping task ':app:processDebugManifestForPackage' as it is up-to-date.
[        ] Resolve mutations for :connectivity_plus:compileDebugLibraryResources (Thread[#42099,Execution worker Thread 18,5,main]) started.
[        ] :connectivity_plus:compileDebugLibraryResources (Thread[#42099,Execution worker Thread 18,5,main]) started.
[        ] > Task :connectivity_plus:compileDebugLibraryResources UP-TO-DATE
[        ] Caching disabled for task ':connectivity_plus:compileDebugLibraryResources' because:
[        ]   Build cache is disabled
[        ] Skipping task ':connectivity_plus:compileDebugLibraryResources' as it is up-to-date.
[        ] work action resolve out (project :connectivity_plus) (Thread[#42099,Execution worker Thread 18,5,main]) started.
[        ] Resolve mutations for :connectivity_plus:parseDebugLocalResources (Thread[#42099,Execution worker Thread 18,5,main]) started.
[        ] :connectivity_plus:parseDebugLocalResources (Thread[#42099,Execution worker Thread 18,5,main]) started.
[        ] > Task :connectivity_plus:parseDebugLocalResources UP-TO-DATE
[        ] Caching disabled for task ':connectivity_plus:parseDebugLocalResources' because:
[        ]   Build cache is disabled
[        ] Skipping task ':connectivity_plus:parseDebugLocalResources' as it is up-to-date.
[        ] Resolve mutations for :connectivity_plus:generateDebugRFile (Thread[#42099,Execution worker Thread 18,5,main]) started.
[        ] :connectivity_plus:generateDebugRFile (Thread[#42099,Execution worker Thread 18,5,main]) started.
[        ] > Task :connectivity_plus:generateDebugRFile UP-TO-DATE
[        ] Caching disabled for task ':connectivity_plus:generateDebugRFile' because:
[        ]   Build cache is disabled
[        ] Skipping task ':connectivity_plus:generateDebugRFile' as it is up-to-date.
[        ] work action resolve package-aware-r.txt (project :connectivity_plus) (Thread[#42099,Execution worker Thread 18,5,main]) started.
[        ] Resolve mutations for :emoji_picker_flutter:compileDebugLibraryResources (Thread[#42099,Execution worker Thread 18,5,main]) started.
[        ] :emoji_picker_flutter:compileDebugLibraryResources (Thread[#42099,Execution worker Thread 18,5,main]) started.
[        ] > Task :emoji_picker_flutter:compileDebugLibraryResources UP-TO-DATE
[        ] Caching disabled for task ':emoji_picker_flutter:compileDebugLibraryResources' because:
[        ]   Build cache is disabled
[        ] Skipping task ':emoji_picker_flutter:compileDebugLibraryResources' as it is up-to-date.
[        ] work action resolve out (project :emoji_picker_flutter) (Thread[#42099,Execution worker Thread 18,5,main]) started.
[        ] Resolve mutations for :emoji_picker_flutter:parseDebugLocalResources (Thread[#42099,Execution worker Thread 18,5,main]) started.
[        ] :emoji_picker_flutter:parseDebugLocalResources (Thread[#42099,Execution worker Thread 18,5,main]) started.
[        ] > Task :emoji_picker_flutter:parseDebugLocalResources UP-TO-DATE
[        ] Caching disabled for task ':emoji_picker_flutter:parseDebugLocalResources' because:
[        ]   Build cache is disabled
[        ] Skipping task ':emoji_picker_flutter:parseDebugLocalResources' as it is up-to-date.
[        ] Resolve mutations for :emoji_picker_flutter:generateDebugRFile (Thread[#42099,Execution worker Thread 18,5,main]) started.
[        ] :emoji_picker_flutter:generateDebugRFile (Thread[#42099,Execution worker Thread 18,5,main]) started.
[        ] > Task :emoji_picker_flutter:generateDebugRFile UP-TO-DATE
[        ] Caching disabled for task ':emoji_picker_flutter:generateDebugRFile' because:
[        ]   Build cache is disabled
[        ] Skipping task ':emoji_picker_flutter:generateDebugRFile' as it is up-to-date.
[        ] work action resolve package-aware-r.txt (project :emoji_picker_flutter) (Thread[#42099,Execution worker Thread 18,5,main]) started.
[        ] Resolve mutations for :file_selector_android:compileDebugLibraryResources (Thread[#42099,Execution worker Thread 18,5,main]) started.
[        ] :file_selector_android:compileDebugLibraryResources (Thread[#42099,Execution worker Thread 18,5,main]) started.
[        ] > Task :file_selector_android:compileDebugLibraryResources UP-TO-DATE
[        ] Caching disabled for task ':file_selector_android:compileDebugLibraryResources' because:
[        ]   Build cache is disabled
[        ] Skipping task ':file_selector_android:compileDebugLibraryResources' as it is up-to-date.
[        ] work action resolve out (project :file_selector_android) (Thread[#42099,Execution worker Thread 18,5,main]) started.
[        ] Resolve mutations for :file_selector_android:parseDebugLocalResources (Thread[#42099,Execution worker Thread 18,5,main]) started.
[        ] :file_selector_android:parseDebugLocalResources (Thread[#42099,Execution worker Thread 18,5,main]) started.
[        ] > Task :file_selector_android:parseDebugLocalResources UP-TO-DATE
[        ] Caching disabled for task ':file_selector_android:parseDebugLocalResources' because:
[        ]   Build cache is disabled
[        ] Skipping task ':file_selector_android:parseDebugLocalResources' as it is up-to-date.
[        ] Resolve mutations for :file_selector_android:generateDebugRFile (Thread[#42099,Execution worker Thread 18,5,main]) started.
[        ] :file_selector_android:generateDebugRFile (Thread[#42099,Execution worker Thread 18,5,main]) started.
[        ] > Task :file_selector_android:generateDebugRFile UP-TO-DATE
[        ] Caching disabled for task ':file_selector_android:generateDebugRFile' because:
[        ]   Build cache is disabled
[        ] Skipping task ':file_selector_android:generateDebugRFile' as it is up-to-date.
[        ] work action resolve package-aware-r.txt (project :file_selector_android) (Thread[#42099,Execution worker Thread 18,5,main]) started.
[        ] Resolve mutations for :flutter_keyboard_visibility_temp_fork:compileDebugLibraryResources (Thread[#42099,Execution worker Thread 18,5,main]) started.
[        ] :flutter_keyboard_visibility_temp_fork:compileDebugLibraryResources (Thread[#42099,Execution worker Thread 18,5,main]) started.
[        ] > Task :flutter_keyboard_visibility_temp_fork:compileDebugLibraryResources UP-TO-DATE
[        ] Caching disabled for task ':flutter_keyboard_visibility_temp_fork:compileDebugLibraryResources' because:
[        ]   Build cache is disabled
[        ] Skipping task ':flutter_keyboard_visibility_temp_fork:compileDebugLibraryResources' as it is up-to-date.
[        ] work action resolve out (project :flutter_keyboard_visibility_temp_fork) (Thread[#42099,Execution worker Thread 18,5,main]) started.
[        ] Resolve mutations for :flutter_keyboard_visibility_temp_fork:parseDebugLocalResources (Thread[#42099,Execution worker Thread 18,5,main]) started.
[        ] :flutter_keyboard_visibility_temp_fork:parseDebugLocalResources (Thread[#42099,Execution worker Thread 18,5,main]) started.
[        ] > Task :flutter_keyboard_visibility_temp_fork:parseDebugLocalResources UP-TO-DATE
[        ] Caching disabled for task ':flutter_keyboard_visibility_temp_fork:parseDebugLocalResources' because:
[        ]   Build cache is disabled
[        ] Skipping task ':flutter_keyboard_visibility_temp_fork:parseDebugLocalResources' as it is up-to-date.
[        ] Resolve mutations for :flutter_keyboard_visibility_temp_fork:generateDebugRFile (Thread[#42099,Execution worker Thread 18,5,main]) started.
[        ] :flutter_keyboard_visibility_temp_fork:generateDebugRFile (Thread[#42099,Execution worker Thread 18,5,main]) started.
[        ] > Task :flutter_keyboard_visibility_temp_fork:generateDebugRFile UP-TO-DATE
[        ] Caching disabled for task ':flutter_keyboard_visibility_temp_fork:generateDebugRFile' because:
[        ]   Build cache is disabled
[        ] Skipping task ':flutter_keyboard_visibility_temp_fork:generateDebugRFile' as it is up-to-date.
[        ] work action resolve package-aware-r.txt (project :flutter_keyboard_visibility_temp_fork) (Thread[#42099,Execution worker Thread 18,5,main]) started.
[        ] Resolve mutations for :flutter_native_splash:compileDebugLibraryResources (Thread[#42099,Execution worker Thread 18,5,main]) started.
[        ] :flutter_native_splash:compileDebugLibraryResources (Thread[#42099,Execution worker Thread 18,5,main]) started.
[        ] > Task :flutter_native_splash:compileDebugLibraryResources UP-TO-DATE
[        ] Caching disabled for task ':flutter_native_splash:compileDebugLibraryResources' because:
[        ]   Build cache is disabled
[        ] Skipping task ':flutter_native_splash:compileDebugLibraryResources' as it is up-to-date.
[        ] work action resolve out (project :flutter_native_splash) (Thread[#42099,Execution worker Thread 18,5,main]) started.
[        ] Resolve mutations for :flutter_native_splash:parseDebugLocalResources (Thread[#42099,Execution worker Thread 18,5,main]) started.
[        ] :flutter_native_splash:parseDebugLocalResources (Thread[#42099,Execution worker Thread 18,5,main]) started.
[        ] > Task :flutter_native_splash:parseDebugLocalResources UP-TO-DATE
[        ] Caching disabled for task ':flutter_native_splash:parseDebugLocalResources' because:
[        ]   Build cache is disabled
[        ] Skipping task ':flutter_native_splash:parseDebugLocalResources' as it is up-to-date.
[        ] Resolve mutations for :flutter_native_splash:generateDebugRFile (Thread[#42099,Execution worker Thread 18,5,main]) started.
[        ] :flutter_native_splash:generateDebugRFile (Thread[#42099,Execution worker Thread 18,5,main]) started.
[        ] > Task :flutter_native_splash:generateDebugRFile UP-TO-DATE
[        ] Caching disabled for task ':flutter_native_splash:generateDebugRFile' because:
[        ]   Build cache is disabled
[        ] Skipping task ':flutter_native_splash:generateDebugRFile' as it is up-to-date.
[        ] work action resolve package-aware-r.txt (project :flutter_native_splash) (Thread[#42099,Execution worker Thread 18,5,main]) started.
[        ] Resolve mutations for :flutter_olm:compileDebugLibraryResources (Thread[#42099,Execution worker Thread 18,5,main]) started.
[        ] :flutter_olm:compileDebugLibraryResources (Thread[#42099,Execution worker Thread 18,5,main]) started.
[        ] > Task :flutter_olm:compileDebugLibraryResources UP-TO-DATE
[        ] Caching disabled for task ':flutter_olm:compileDebugLibraryResources' because:
[        ]   Build cache is disabled
[        ] Skipping task ':flutter_olm:compileDebugLibraryResources' as it is up-to-date.
[        ] work action resolve out (project :flutter_olm) (Thread[#42099,Execution worker Thread 18,5,main]) started.
[        ] Resolve mutations for :flutter_olm:parseDebugLocalResources (Thread[#42099,Execution worker Thread 18,5,main]) started.
[        ] :flutter_olm:parseDebugLocalResources (Thread[#42099,Execution worker Thread 18,5,main]) started.
[        ] > Task :flutter_olm:parseDebugLocalResources UP-TO-DATE
[        ] Caching disabled for task ':flutter_olm:parseDebugLocalResources' because:
[        ]   Build cache is disabled
[        ] Skipping task ':flutter_olm:parseDebugLocalResources' as it is up-to-date.
[        ] Resolve mutations for :flutter_olm:generateDebugRFile (Thread[#42099,Execution worker Thread 18,5,main]) started.
[        ] :flutter_olm:generateDebugRFile (Thread[#42101,Execution worker Thread 20,5,main]) started.
[        ] > Task :flutter_olm:generateDebugRFile UP-TO-DATE
[        ] Caching disabled for task ':flutter_olm:generateDebugRFile' because:
[        ]   Build cache is disabled
[        ] Skipping task ':flutter_olm:generateDebugRFile' as it is up-to-date.
[        ] work action resolve package-aware-r.txt (project :flutter_olm) (Thread[#42101,Execution worker Thread 20,5,main]) started.
[        ] Resolve mutations for :flutter_openssl_crypto:compileDebugLibraryResources (Thread[#42101,Execution worker Thread 20,5,main]) started.
[        ] :flutter_openssl_crypto:compileDebugLibraryResources (Thread[#42101,Execution worker Thread 20,5,main]) started.
[        ] > Task :flutter_openssl_crypto:compileDebugLibraryResources UP-TO-DATE
[        ] Caching disabled for task ':flutter_openssl_crypto:compileDebugLibraryResources' because:
[        ]   Build cache is disabled
[        ] Skipping task ':flutter_openssl_crypto:compileDebugLibraryResources' as it is up-to-date.
[        ] work action resolve out (project :flutter_openssl_crypto) (Thread[#42101,Execution worker Thread 20,5,main]) started.
[        ] Resolve mutations for :flutter_openssl_crypto:parseDebugLocalResources (Thread[#42101,Execution worker Thread 20,5,main]) started.
[        ] :flutter_openssl_crypto:parseDebugLocalResources (Thread[#42101,Execution worker Thread 20,5,main]) started.
[        ] > Task :flutter_openssl_crypto:parseDebugLocalResources UP-TO-DATE
[        ] Caching disabled for task ':flutter_openssl_crypto:parseDebugLocalResources' because:
[        ]   Build cache is disabled
[        ] Skipping task ':flutter_openssl_crypto:parseDebugLocalResources' as it is up-to-date.
[        ] Resolve mutations for :flutter_openssl_crypto:generateDebugRFile (Thread[#42101,Execution worker Thread 20,5,main]) started.
[        ] :flutter_openssl_crypto:generateDebugRFile (Thread[#42101,Execution worker Thread 20,5,main]) started.
[        ] > Task :flutter_openssl_crypto:generateDebugRFile UP-TO-DATE
[        ] Caching disabled for task ':flutter_openssl_crypto:generateDebugRFile' because:
[        ]   Build cache is disabled
[        ] Skipping task ':flutter_openssl_crypto:generateDebugRFile' as it is up-to-date.
[        ] work action resolve package-aware-r.txt (project :flutter_openssl_crypto) (Thread[#42101,Execution worker Thread 20,5,main]) started.
[        ] Resolve mutations for :integration_test:compileDebugLibraryResources (Thread[#42101,Execution worker Thread 20,5,main]) started.
[        ] :integration_test:compileDebugLibraryResources (Thread[#42101,Execution worker Thread 20,5,main]) started.
[        ] > Task :integration_test:compileDebugLibraryResources UP-TO-DATE
[        ] Caching disabled for task ':integration_test:compileDebugLibraryResources' because:
[        ]   Build cache is disabled
[        ] Skipping task ':integration_test:compileDebugLibraryResources' as it is up-to-date.
[        ] work action resolve out (project :integration_test) (Thread[#42101,Execution worker Thread 20,5,main]) started.
[        ] Resolve mutations for :integration_test:parseDebugLocalResources (Thread[#42101,Execution worker Thread 20,5,main]) started.
[        ] :integration_test:parseDebugLocalResources (Thread[#42101,Execution worker Thread 20,5,main]) started.
[        ] > Task :integration_test:parseDebugLocalResources UP-TO-DATE
[        ] Caching disabled for task ':integration_test:parseDebugLocalResources' because:
[        ]   Build cache is disabled
[        ] Skipping task ':integration_test:parseDebugLocalResources' as it is up-to-date.
[        ] Resolve mutations for :integration_test:generateDebugRFile (Thread[#42101,Execution worker Thread 20,5,main]) started.
[        ] :integration_test:generateDebugRFile (Thread[#42101,Execution worker Thread 20,5,main]) started.
[        ] > Task :integration_test:generateDebugRFile UP-TO-DATE
[        ] Caching disabled for task ':integration_test:generateDebugRFile' because:
[        ]   Build cache is disabled
[        ] Skipping task ':integration_test:generateDebugRFile' as it is up-to-date.
[        ] work action resolve package-aware-r.txt (project :integration_test) (Thread[#42101,Execution worker Thread 20,5,main]) started.
[        ] Resolve mutations for :path_provider_android:compileDebugLibraryResources (Thread[#42101,Execution worker Thread 20,5,main]) started.
[        ] :path_provider_android:compileDebugLibraryResources (Thread[#42101,Execution worker Thread 20,5,main]) started.
[        ] > Task :path_provider_android:compileDebugLibraryResources UP-TO-DATE
[        ] Caching disabled for task ':path_provider_android:compileDebugLibraryResources' because:
[        ]   Build cache is disabled
[        ] Skipping task ':path_provider_android:compileDebugLibraryResources' as it is up-to-date.
[        ] work action resolve out (project :path_provider_android) (Thread[#42101,Execution worker Thread 20,5,main]) started.
[        ] Resolve mutations for :path_provider_android:parseDebugLocalResources (Thread[#42101,Execution worker Thread 20,5,main]) started.
[        ] :path_provider_android:parseDebugLocalResources (Thread[#42101,Execution worker Thread 20,5,main]) started.
[        ] > Task :path_provider_android:parseDebugLocalResources UP-TO-DATE
[        ] Caching disabled for task ':path_provider_android:parseDebugLocalResources' because:
[        ]   Build cache is disabled
[        ] Skipping task ':path_provider_android:parseDebugLocalResources' as it is up-to-date.
[        ] Resolve mutations for :path_provider_android:generateDebugRFile (Thread[#42101,Execution worker Thread 20,5,main]) started.
[        ] :path_provider_android:generateDebugRFile (Thread[#42101,Execution worker Thread 20,5,main]) started.
[        ] > Task :path_provider_android:generateDebugRFile UP-TO-DATE
[        ] Caching disabled for task ':path_provider_android:generateDebugRFile' because:
[        ]   Build cache is disabled
[        ] Skipping task ':path_provider_android:generateDebugRFile' as it is up-to-date.
[        ] work action resolve package-aware-r.txt (project :path_provider_android) (Thread[#42101,Execution worker Thread 20,5,main]) started.
[        ] Resolve mutations for :quill_native_bridge_android:compileDebugLibraryResources (Thread[#42101,Execution worker Thread 20,5,main]) started.
[        ] :quill_native_bridge_android:compileDebugLibraryResources (Thread[#42101,Execution worker Thread 20,5,main]) started.
[        ] > Task :quill_native_bridge_android:compileDebugLibraryResources UP-TO-DATE
[        ] Caching disabled for task ':quill_native_bridge_android:compileDebugLibraryResources' because:
[        ]   Build cache is disabled
[        ] Skipping task ':quill_native_bridge_android:compileDebugLibraryResources' as it is up-to-date.
[        ] work action resolve out (project :quill_native_bridge_android) (Thread[#42101,Execution worker Thread 20,5,main]) started.
[        ] Resolve mutations for :quill_native_bridge_android:parseDebugLocalResources (Thread[#42101,Execution worker Thread 20,5,main]) started.
[        ] :quill_native_bridge_android:parseDebugLocalResources (Thread[#42101,Execution worker Thread 20,5,main]) started.
[        ] > Task :quill_native_bridge_android:parseDebugLocalResources UP-TO-DATE
[        ] Caching disabled for task ':quill_native_bridge_android:parseDebugLocalResources' because:
[        ]   Build cache is disabled
[        ] Skipping task ':quill_native_bridge_android:parseDebugLocalResources' as it is up-to-date.
[        ] Resolve mutations for :quill_native_bridge_android:generateDebugRFile (Thread[#42101,Execution worker Thread 20,5,main]) started.
[        ] :quill_native_bridge_android:generateDebugRFile (Thread[#42101,Execution worker Thread 20,5,main]) started.
[        ] > Task :quill_native_bridge_android:generateDebugRFile UP-TO-DATE
[        ] Caching disabled for task ':quill_native_bridge_android:generateDebugRFile' because:
[        ]   Build cache is disabled
[        ] Skipping task ':quill_native_bridge_android:generateDebugRFile' as it is up-to-date.
[        ] work action resolve package-aware-r.txt (project :quill_native_bridge_android) (Thread[#42101,Execution worker Thread 20,5,main]) started.
[        ] Resolve mutations for :shared_preferences_android:compileDebugLibraryResources (Thread[#42101,Execution worker Thread 20,5,main]) started.
[        ] :shared_preferences_android:compileDebugLibraryResources (Thread[#42101,Execution worker Thread 20,5,main]) started.
[        ] > Task :shared_preferences_android:compileDebugLibraryResources UP-TO-DATE
[        ] Caching disabled for task ':shared_preferences_android:compileDebugLibraryResources' because:
[        ]   Build cache is disabled
[        ] Skipping task ':shared_preferences_android:compileDebugLibraryResources' as it is up-to-date.
[        ] work action resolve out (project :shared_preferences_android) (Thread[#42101,Execution worker Thread 20,5,main]) started.
[        ] Resolve mutations for :shared_preferences_android:parseDebugLocalResources (Thread[#42101,Execution worker Thread 20,5,main]) started.
[        ] :shared_preferences_android:parseDebugLocalResources (Thread[#42101,Execution worker Thread 20,5,main]) started.
[        ] > Task :shared_preferences_android:parseDebugLocalResources UP-TO-DATE
[        ] Caching disabled for task ':shared_preferences_android:parseDebugLocalResources' because:
[        ]   Build cache is disabled
[        ] Skipping task ':shared_preferences_android:parseDebugLocalResources' as it is up-to-date.
[        ] Resolve mutations for :shared_preferences_android:generateDebugRFile (Thread[#42101,Execution worker Thread 20,5,main]) started.
[        ] :shared_preferences_android:generateDebugRFile (Thread[#42101,Execution worker Thread 20,5,main]) started.
[        ] > Task :shared_preferences_android:generateDebugRFile UP-TO-DATE
[        ] Caching disabled for task ':shared_preferences_android:generateDebugRFile' because:
[        ]   Build cache is disabled
[        ] Skipping task ':shared_preferences_android:generateDebugRFile' as it is up-to-date.
[        ] work action resolve package-aware-r.txt (project :shared_preferences_android) (Thread[#42101,Execution worker Thread 20,5,main]) started.
[        ] Resolve mutations for :sqflite_android:compileDebugLibraryResources (Thread[#42101,Execution worker Thread 20,5,main]) started.
[        ] :sqflite_android:compileDebugLibraryResources (Thread[#42101,Execution worker Thread 20,5,main]) started.
[        ] > Task :sqflite_android:compileDebugLibraryResources UP-TO-DATE
[        ] Caching disabled for task ':sqflite_android:compileDebugLibraryResources' because:
[        ]   Build cache is disabled
[        ] Skipping task ':sqflite_android:compileDebugLibraryResources' as it is up-to-date.
[        ] work action resolve out (project :sqflite_android) (Thread[#42101,Execution worker Thread 20,5,main]) started.
[        ] Resolve mutations for :sqflite_android:parseDebugLocalResources (Thread[#42101,Execution worker Thread 20,5,main]) started.
[        ] :sqflite_android:parseDebugLocalResources (Thread[#42101,Execution worker Thread 20,5,main]) started.
[        ] > Task :sqflite_android:parseDebugLocalResources UP-TO-DATE
[        ] Caching disabled for task ':sqflite_android:parseDebugLocalResources' because:
[        ]   Build cache is disabled
[        ] Skipping task ':sqflite_android:parseDebugLocalResources' as it is up-to-date.
[        ] Resolve mutations for :sqflite_android:generateDebugRFile (Thread[#42101,Execution worker Thread 20,5,main]) started.
[        ] :sqflite_android:generateDebugRFile (Thread[#42101,Execution worker Thread 20,5,main]) started.
[        ] > Task :sqflite_android:generateDebugRFile UP-TO-DATE
[        ] Caching disabled for task ':sqflite_android:generateDebugRFile' because:
[        ]   Build cache is disabled
[        ] Skipping task ':sqflite_android:generateDebugRFile' as it is up-to-date.
[        ] work action resolve package-aware-r.txt (project :sqflite_android) (Thread[#42101,Execution worker Thread 20,5,main]) started.
[        ] Resolve mutations for :url_launcher_android:compileDebugLibraryResources (Thread[#42101,Execution worker Thread 20,5,main]) started.
[        ] :url_launcher_android:compileDebugLibraryResources (Thread[#42101,Execution worker Thread 20,5,main]) started.
[        ] > Task :url_launcher_android:compileDebugLibraryResources UP-TO-DATE
[        ] Caching disabled for task ':url_launcher_android:compileDebugLibraryResources' because:
[        ]   Build cache is disabled
[        ] Skipping task ':url_launcher_android:compileDebugLibraryResources' as it is up-to-date.
[        ] work action resolve out (project :url_launcher_android) (Thread[#42101,Execution worker Thread 20,5,main]) started.
[        ] Resolve mutations for :url_launcher_android:parseDebugLocalResources (Thread[#42101,Execution worker Thread 20,5,main]) started.
[        ] :url_launcher_android:parseDebugLocalResources (Thread[#42101,Execution worker Thread 20,5,main]) started.
[        ] > Task :url_launcher_android:parseDebugLocalResources UP-TO-DATE
[        ] Caching disabled for task ':url_launcher_android:parseDebugLocalResources' because:
[        ]   Build cache is disabled
[        ] Skipping task ':url_launcher_android:parseDebugLocalResources' as it is up-to-date.
[        ] Resolve mutations for :url_launcher_android:generateDebugRFile (Thread[#42101,Execution worker Thread 20,5,main]) started.
[        ] :url_launcher_android:generateDebugRFile (Thread[#42101,Execution worker Thread 20,5,main]) started.
[        ] > Task :url_launcher_android:generateDebugRFile UP-TO-DATE
[        ] Caching disabled for task ':url_launcher_android:generateDebugRFile' because:
[        ]   Build cache is disabled
[        ] Skipping task ':url_launcher_android:generateDebugRFile' as it is up-to-date.
[        ] work action resolve package-aware-r.txt (project :url_launcher_android) (Thread[#42101,Execution worker Thread 20,5,main]) started.
[        ] Resolve mutations for :video_player_android:compileDebugLibraryResources (Thread[#42101,Execution worker Thread 20,5,main]) started.
[        ] :video_player_android:compileDebugLibraryResources (Thread[#42101,Execution worker Thread 20,5,main]) started.
[        ] > Task :video_player_android:compileDebugLibraryResources UP-TO-DATE
[        ] Caching disabled for task ':video_player_android:compileDebugLibraryResources' because:
[        ]   Build cache is disabled
[        ] Skipping task ':video_player_android:compileDebugLibraryResources' as it is up-to-date.
[        ] work action resolve out (project :video_player_android) (Thread[#42101,Execution worker Thread 20,5,main]) started.
[        ] Resolve mutations for :video_player_android:parseDebugLocalResources (Thread[#42101,Execution worker Thread 20,5,main]) started.
[        ] :video_player_android:parseDebugLocalResources (Thread[#42101,Execution worker Thread 20,5,main]) started.
[        ] > Task :video_player_android:parseDebugLocalResources UP-TO-DATE
[        ] Caching disabled for task ':video_player_android:parseDebugLocalResources' because:
[        ]   Build cache is disabled
[        ] Skipping task ':video_player_android:parseDebugLocalResources' as it is up-to-date.
[        ] Resolve mutations for :video_player_android:generateDebugRFile (Thread[#42101,Execution worker Thread 20,5,main]) started.
[        ] :video_player_android:generateDebugRFile (Thread[#42101,Execution worker Thread 20,5,main]) started.
[        ] > Task :video_player_android:generateDebugRFile UP-TO-DATE
[        ] Caching disabled for task ':video_player_android:generateDebugRFile' because:
[        ]   Build cache is disabled
[        ] Skipping task ':video_player_android:generateDebugRFile' as it is up-to-date.
[        ] work action resolve package-aware-r.txt (project :video_player_android) (Thread[#42101,Execution worker Thread 20,5,main]) started.
[        ] Resolve mutations for :app:processDebugResources (Thread[#42101,Execution worker Thread 20,5,main]) started.
[        ] :app:processDebugResources (Thread[#42101,Execution worker Thread 20,5,main]) started.
[        ] > Task :app:processDebugResources UP-TO-DATE
[        ] Caching disabled for task ':app:processDebugResources' because:
[        ]   Build cache is disabled
[        ] Skipping task ':app:processDebugResources' as it is up-to-date.
[        ] Resolve mutations for :connectivity_plus:javaPreCompileDebug (Thread[#42101,Execution worker Thread 20,5,main]) started.
[        ] :connectivity_plus:javaPreCompileDebug (Thread[#42101,Execution worker Thread 20,5,main]) started.
[        ] > Task :connectivity_plus:javaPreCompileDebug UP-TO-DATE
[        ] Caching disabled for task ':connectivity_plus:javaPreCompileDebug' because:
[        ]   Build cache is disabled
[        ] Skipping task ':connectivity_plus:javaPreCompileDebug' as it is up-to-date.
[        ] Resolve mutations for :connectivity_plus:compileDebugJavaWithJavac (Thread[#42101,Execution worker Thread 20,5,main]) started.
[        ] :connectivity_plus:compileDebugJavaWithJavac (Thread[#42101,Execution worker Thread 20,5,main]) started.
[        ] > Task :connectivity_plus:compileDebugJavaWithJavac UP-TO-DATE
[        ] Custom actions are attached to task ':connectivity_plus:compileDebugJavaWithJavac'.
[        ] Caching disabled for task ':connectivity_plus:compileDebugJavaWithJavac' because:
[        ]   Build cache is disabled
[        ] Skipping task ':connectivity_plus:compileDebugJavaWithJavac' as it is up-to-date.
[        ] No compile result for :connectivity_plus:compileDebugJavaWithJavac
[        ] No compile result for :connectivity_plus:compileDebugJavaWithJavac
[        ] Resolve mutations for :connectivity_plus:bundleLibCompileToJarDebug (Thread[#42101,Execution worker Thread 20,5,main]) started.
[        ] :connectivity_plus:bundleLibCompileToJarDebug (Thread[#42101,Execution worker Thread 20,5,main]) started.
[        ] > Task :connectivity_plus:bundleLibCompileToJarDebug UP-TO-DATE
[        ] Caching disabled for task ':connectivity_plus:bundleLibCompileToJarDebug' because:
[        ]   Build cache is disabled
[        ]   Simple merging task
[        ] Skipping task ':connectivity_plus:bundleLibCompileToJarDebug' as it is up-to-date.
[        ] work action resolve classes.jar (project :connectivity_plus) (Thread[#42101,Execution worker Thread 20,5,main]) started.
[        ] Resolve mutations for :emoji_picker_flutter:checkKotlinGradlePluginConfigurationErrors (Thread[#42101,Execution worker Thread 20,5,main]) started.
[        ] :emoji_picker_flutter:checkKotlinGradlePluginConfigurationErrors (Thread[#42101,Execution worker Thread 20,5,main]) started.
[        ] > Task :emoji_picker_flutter:checkKotlinGradlePluginConfigurationErrors SKIPPED
[        ] Skipping task ':emoji_picker_flutter:checkKotlinGradlePluginConfigurationErrors' as task onlyIf 'errorDiagnostics are present' is false.
[        ] Resolve mutations for :emoji_picker_flutter:compileDebugKotlin (Thread[#42101,Execution worker Thread 20,5,main]) started.
[        ] :emoji_picker_flutter:compileDebugKotlin (Thread[#42101,Execution worker Thread 20,5,main]) started.
[        ] > Task :emoji_picker_flutter:compileDebugKotlin UP-TO-DATE
[        ] Adding -Xuse-inline-scopes-numbers Kotlin compiler flag for task :emoji_picker_flutter:compileDebugAndroidTestKotlin
[        ] Caching disabled for task ':emoji_picker_flutter:compileDebugKotlin' because:
[        ]   Build cache is disabled
[        ] Skipping task ':emoji_picker_flutter:compileDebugKotlin' as it is up-to-date.
[        ] Resolve mutations for :emoji_picker_flutter:javaPreCompileDebug (Thread[#42101,Execution worker Thread 20,5,main]) started.
[        ] :emoji_picker_flutter:javaPreCompileDebug (Thread[#42101,Execution worker Thread 20,5,main]) started.
[        ] > Task :emoji_picker_flutter:javaPreCompileDebug UP-TO-DATE
[        ] Caching disabled for task ':emoji_picker_flutter:javaPreCompileDebug' because:
[        ]   Build cache is disabled
[        ] Skipping task ':emoji_picker_flutter:javaPreCompileDebug' as it is up-to-date.
[        ] Resolve mutations for :emoji_picker_flutter:compileDebugJavaWithJavac (Thread[#42101,Execution worker Thread 20,5,main]) started.
[        ] :emoji_picker_flutter:compileDebugJavaWithJavac (Thread[#42101,Execution worker Thread 20,5,main]) started.
[        ] > Task :emoji_picker_flutter:compileDebugJavaWithJavac NO-SOURCE
[        ] Skipping task ':emoji_picker_flutter:compileDebugJavaWithJavac' as it has no source files and no previous output files.
[        ] Resolve mutations for :emoji_picker_flutter:bundleLibCompileToJarDebug (Thread[#42101,Execution worker Thread 20,5,main]) started.
[        ] :emoji_picker_flutter:bundleLibCompileToJarDebug (Thread[#42101,Execution worker Thread 20,5,main]) started.
[        ] > Task :emoji_picker_flutter:bundleLibCompileToJarDebug UP-TO-DATE
[        ] Caching disabled for task ':emoji_picker_flutter:bundleLibCompileToJarDebug' because:
[        ]   Build cache is disabled
[        ]   Simple merging task
[        ] Skipping task ':emoji_picker_flutter:bundleLibCompileToJarDebug' as it is up-to-date.
[        ] work action resolve classes.jar (project :emoji_picker_flutter) (Thread[#42101,Execution worker Thread 20,5,main]) started.
[        ] Resolve mutations for :file_selector_android:javaPreCompileDebug (Thread[#42101,Execution worker Thread 20,5,main]) started.
[        ] :file_selector_android:javaPreCompileDebug (Thread[#42101,Execution worker Thread 20,5,main]) started.
[        ] > Task :file_selector_android:javaPreCompileDebug UP-TO-DATE
[        ] Caching disabled for task ':file_selector_android:javaPreCompileDebug' because:
[        ]   Build cache is disabled
[        ] Skipping task ':file_selector_android:javaPreCompileDebug' as it is up-to-date.
[        ] Resolve mutations for :file_selector_android:compileDebugJavaWithJavac (Thread[#42101,Execution worker Thread 20,5,main]) started.
[        ] :file_selector_android:compileDebugJavaWithJavac (Thread[#42101,Execution worker Thread 20,5,main]) started.
[        ] > Task :file_selector_android:compileDebugJavaWithJavac UP-TO-DATE
[        ] Custom actions are attached to task ':file_selector_android:compileDebugJavaWithJavac'.
[        ] Caching disabled for task ':file_selector_android:compileDebugJavaWithJavac' because:
[        ]   Build cache is disabled
[        ] Skipping task ':file_selector_android:compileDebugJavaWithJavac' as it is up-to-date.
[        ] No compile result for :file_selector_android:compileDebugJavaWithJavac
[        ] No compile result for :file_selector_android:compileDebugJavaWithJavac
[        ] Resolve mutations for :file_selector_android:bundleLibCompileToJarDebug (Thread[#42101,Execution worker Thread 20,5,main]) started.
[        ] :file_selector_android:bundleLibCompileToJarDebug (Thread[#42101,Execution worker Thread 20,5,main]) started.
[        ] > Task :file_selector_android:bundleLibCompileToJarDebug UP-TO-DATE
[        ] Caching disabled for task ':file_selector_android:bundleLibCompileToJarDebug' because:
[        ]   Build cache is disabled
[        ]   Simple merging task
[        ] Skipping task ':file_selector_android:bundleLibCompileToJarDebug' as it is up-to-date.
[        ] work action resolve classes.jar (project :file_selector_android) (Thread[#42101,Execution worker Thread 20,5,main]) started.
[        ] Resolve mutations for :flutter_keyboard_visibility_temp_fork:javaPreCompileDebug (Thread[#42101,Execution worker Thread 20,5,main]) started.
[        ] :flutter_keyboard_visibility_temp_fork:javaPreCompileDebug (Thread[#42101,Execution worker Thread 20,5,main]) started.
[        ] > Task :flutter_keyboard_visibility_temp_fork:javaPreCompileDebug UP-TO-DATE
[        ] Caching disabled for task ':flutter_keyboard_visibility_temp_fork:javaPreCompileDebug' because:
[        ]   Build cache is disabled
[        ] Skipping task ':flutter_keyboard_visibility_temp_fork:javaPreCompileDebug' as it is up-to-date.
[        ] Resolve mutations for :flutter_keyboard_visibility_temp_fork:compileDebugJavaWithJavac (Thread[#42101,Execution worker Thread 20,5,main]) started.
[        ] :flutter_keyboard_visibility_temp_fork:compileDebugJavaWithJavac (Thread[#42101,Execution worker Thread 20,5,main]) started.
[        ] > Task :flutter_keyboard_visibility_temp_fork:compileDebugJavaWithJavac UP-TO-DATE
[        ] Custom actions are attached to task ':flutter_keyboard_visibility_temp_fork:compileDebugJavaWithJavac'.
[        ] Caching disabled for task ':flutter_keyboard_visibility_temp_fork:compileDebugJavaWithJavac' because:
[        ]   Build cache is disabled
[        ] Skipping task ':flutter_keyboard_visibility_temp_fork:compileDebugJavaWithJavac' as it is up-to-date.
[        ] No compile result for :flutter_keyboard_visibility_temp_fork:compileDebugJavaWithJavac
[        ] No compile result for :flutter_keyboard_visibility_temp_fork:compileDebugJavaWithJavac
[        ] Resolve mutations for :flutter_keyboard_visibility_temp_fork:bundleLibCompileToJarDebug (Thread[#42101,Execution worker Thread 20,5,main]) started.
[        ] :flutter_keyboard_visibility_temp_fork:bundleLibCompileToJarDebug (Thread[#42101,Execution worker Thread 20,5,main]) started.
[        ] > Task :flutter_keyboard_visibility_temp_fork:bundleLibCompileToJarDebug UP-TO-DATE
[        ] Caching disabled for task ':flutter_keyboard_visibility_temp_fork:bundleLibCompileToJarDebug' because:
[        ]   Build cache is disabled
[        ]   Simple merging task
[        ] Skipping task ':flutter_keyboard_visibility_temp_fork:bundleLibCompileToJarDebug' as it is up-to-date.
[        ] work action resolve classes.jar (project :flutter_keyboard_visibility_temp_fork) (Thread[#42101,Execution worker Thread 20,5,main]) started.
[        ] Resolve mutations for :flutter_native_splash:javaPreCompileDebug (Thread[#42101,Execution worker Thread 20,5,main]) started.
[        ] :flutter_native_splash:javaPreCompileDebug (Thread[#42101,Execution worker Thread 20,5,main]) started.
[        ] > Task :flutter_native_splash:javaPreCompileDebug UP-TO-DATE
[        ] Caching disabled for task ':flutter_native_splash:javaPreCompileDebug' because:
[        ]   Build cache is disabled
[        ] Skipping task ':flutter_native_splash:javaPreCompileDebug' as it is up-to-date.
[        ] Resolve mutations for :flutter_native_splash:compileDebugJavaWithJavac (Thread[#42101,Execution worker Thread 20,5,main]) started.
[        ] :flutter_native_splash:compileDebugJavaWithJavac (Thread[#42101,Execution worker Thread 20,5,main]) started.
[  +87 ms] > Task :flutter_native_splash:compileDebugJavaWithJavac UP-TO-DATE
[        ] Custom actions are attached to task ':flutter_native_splash:compileDebugJavaWithJavac'.
[        ] Caching disabled for task ':flutter_native_splash:compileDebugJavaWithJavac' because:
[        ]   Build cache is disabled
[        ] Skipping task ':flutter_native_splash:compileDebugJavaWithJavac' as it is up-to-date.
[        ] No compile result for :flutter_native_splash:compileDebugJavaWithJavac
[        ] No compile result for :flutter_native_splash:compileDebugJavaWithJavac
[        ] Resolve mutations for :flutter_native_splash:bundleLibCompileToJarDebug (Thread[#42101,Execution worker Thread 20,5,main]) started.
[        ] :flutter_native_splash:bundleLibCompileToJarDebug (Thread[#42101,Execution worker Thread 20,5,main]) started.
[        ] > Task :flutter_native_splash:bundleLibCompileToJarDebug UP-TO-DATE
[        ] Caching disabled for task ':flutter_native_splash:bundleLibCompileToJarDebug' because:
[        ]   Build cache is disabled
[        ]   Simple merging task
[        ] Skipping task ':flutter_native_splash:bundleLibCompileToJarDebug' as it is up-to-date.
[        ] work action resolve classes.jar (project :flutter_native_splash) (Thread[#42101,Execution worker Thread 20,5,main]) started.
[        ] Resolve mutations for :flutter_olm:checkKotlinGradlePluginConfigurationErrors (Thread[#42101,Execution worker Thread 20,5,main]) started.
[        ] :flutter_olm:checkKotlinGradlePluginConfigurationErrors (Thread[#42101,Execution worker Thread 20,5,main]) started.
[        ] > Task :flutter_olm:checkKotlinGradlePluginConfigurationErrors SKIPPED
[        ] Skipping task ':flutter_olm:checkKotlinGradlePluginConfigurationErrors' as task onlyIf 'errorDiagnostics are present' is false.
[        ] Resolve mutations for :flutter_olm:compileDebugKotlin (Thread[#42101,Execution worker Thread 20,5,main]) started.
[        ] :flutter_olm:compileDebugKotlin (Thread[#42101,Execution worker Thread 20,5,main]) started.
[        ] > Task :flutter_olm:compileDebugKotlin UP-TO-DATE
[        ] Adding -Xuse-inline-scopes-numbers Kotlin compiler flag for task :flutter_olm:compileDebugAndroidTestKotlin
[        ] Caching disabled for task ':flutter_olm:compileDebugKotlin' because:
[        ]   Build cache is disabled
[        ] Skipping task ':flutter_olm:compileDebugKotlin' as it is up-to-date.
[        ] Resolve mutations for :flutter_olm:javaPreCompileDebug (Thread[#42101,Execution worker Thread 20,5,main]) started.
[        ] :flutter_olm:javaPreCompileDebug (Thread[#42101,Execution worker Thread 20,5,main]) started.
[        ] > Task :flutter_olm:javaPreCompileDebug UP-TO-DATE
[        ] Caching disabled for task ':flutter_olm:javaPreCompileDebug' because:
[        ]   Build cache is disabled
[        ] Skipping task ':flutter_olm:javaPreCompileDebug' as it is up-to-date.
[        ] Resolve mutations for :flutter_olm:compileDebugJavaWithJavac (Thread[#42101,Execution worker Thread 20,5,main]) started.
[        ] :flutter_olm:compileDebugJavaWithJavac (Thread[#42101,Execution worker Thread 20,5,main]) started.
[        ] > Task :flutter_olm:compileDebugJavaWithJavac NO-SOURCE
[        ] Skipping task ':flutter_olm:compileDebugJavaWithJavac' as it has no source files and no previous output files.
[        ] Resolve mutations for :flutter_olm:bundleLibCompileToJarDebug (Thread[#42101,Execution worker Thread 20,5,main]) started.
[        ] :flutter_olm:bundleLibCompileToJarDebug (Thread[#42101,Execution worker Thread 20,5,main]) started.
[        ] > Task :flutter_olm:bundleLibCompileToJarDebug UP-TO-DATE
[        ] Caching disabled for task ':flutter_olm:bundleLibCompileToJarDebug' because:
[        ]   Build cache is disabled
[        ]   Simple merging task
[        ] Skipping task ':flutter_olm:bundleLibCompileToJarDebug' as it is up-to-date.
[        ] work action resolve classes.jar (project :flutter_olm) (Thread[#42101,Execution worker Thread 20,5,main]) started.
[        ] Resolve mutations for :flutter_openssl_crypto:checkKotlinGradlePluginConfigurationErrors (Thread[#42101,Execution worker Thread 20,5,main]) started.
[        ] :flutter_openssl_crypto:checkKotlinGradlePluginConfigurationErrors (Thread[#42101,Execution worker Thread 20,5,main]) started.
[        ] > Task :flutter_openssl_crypto:checkKotlinGradlePluginConfigurationErrors SKIPPED
[        ] Skipping task ':flutter_openssl_crypto:checkKotlinGradlePluginConfigurationErrors' as task onlyIf 'errorDiagnostics are present' is false.
[        ] Resolve mutations for :flutter_openssl_crypto:compileDebugKotlin (Thread[#42101,Execution worker Thread 20,5,main]) started.
[        ] :flutter_openssl_crypto:compileDebugKotlin (Thread[#42101,Execution worker Thread 20,5,main]) started.
[        ] > Task :flutter_openssl_crypto:compileDebugKotlin UP-TO-DATE
[        ] Adding -Xuse-inline-scopes-numbers Kotlin compiler flag for task :flutter_openssl_crypto:compileDebugAndroidTestKotlin
[        ] Caching disabled for task ':flutter_openssl_crypto:compileDebugKotlin' because:
[        ]   Build cache is disabled
[        ] Skipping task ':flutter_openssl_crypto:compileDebugKotlin' as it is up-to-date.
[        ] Resolve mutations for :flutter_openssl_crypto:javaPreCompileDebug (Thread[#42101,Execution worker Thread 20,5,main]) started.
[        ] :flutter_openssl_crypto:javaPreCompileDebug (Thread[#42101,Execution worker Thread 20,5,main]) started.
[        ] > Task :flutter_openssl_crypto:javaPreCompileDebug UP-TO-DATE
[        ] Caching disabled for task ':flutter_openssl_crypto:javaPreCompileDebug' because:
[        ]   Build cache is disabled
[        ] Skipping task ':flutter_openssl_crypto:javaPreCompileDebug' as it is up-to-date.
[        ] Resolve mutations for :flutter_openssl_crypto:compileDebugJavaWithJavac (Thread[#42101,Execution worker Thread 20,5,main]) started.
[        ] :flutter_openssl_crypto:compileDebugJavaWithJavac (Thread[#42101,Execution worker Thread 20,5,main]) started.
[        ] > Task :flutter_openssl_crypto:compileDebugJavaWithJavac NO-SOURCE
[        ] Skipping task ':flutter_openssl_crypto:compileDebugJavaWithJavac' as it has no source files and no previous output files.
[        ] Resolve mutations for :flutter_openssl_crypto:bundleLibCompileToJarDebug (Thread[#42101,Execution worker Thread 20,5,main]) started.
[        ] :flutter_openssl_crypto:bundleLibCompileToJarDebug (Thread[#42101,Execution worker Thread 20,5,main]) started.
[        ] > Task :flutter_openssl_crypto:bundleLibCompileToJarDebug UP-TO-DATE
[        ] Caching disabled for task ':flutter_openssl_crypto:bundleLibCompileToJarDebug' because:
[        ]   Build cache is disabled
[        ]   Simple merging task
[        ] Skipping task ':flutter_openssl_crypto:bundleLibCompileToJarDebug' as it is up-to-date.
[        ] work action resolve classes.jar (project :flutter_openssl_crypto) (Thread[#42101,Execution worker Thread 20,5,main]) started.
[        ] Resolve mutations for :integration_test:javaPreCompileDebug (Thread[#42101,Execution worker Thread 20,5,main]) started.
[        ] :integration_test:javaPreCompileDebug (Thread[#42101,Execution worker Thread 20,5,main]) started.
[        ] > Task :integration_test:javaPreCompileDebug UP-TO-DATE
[        ] Caching disabled for task ':integration_test:javaPreCompileDebug' because:
[        ]   Build cache is disabled
[        ] Skipping task ':integration_test:javaPreCompileDebug' as it is up-to-date.
[        ] Resolve mutations for :integration_test:compileDebugJavaWithJavac (Thread[#42101,Execution worker Thread 20,5,main]) started.
[        ] :integration_test:compileDebugJavaWithJavac (Thread[#42101,Execution worker Thread 20,5,main]) started.
[        ] > Task :integration_test:compileDebugJavaWithJavac UP-TO-DATE
[        ] Custom actions are attached to task ':integration_test:compileDebugJavaWithJavac'.
[        ] Caching disabled for task ':integration_test:compileDebugJavaWithJavac' because:
[        ]   Build cache is disabled
[        ] Skipping task ':integration_test:compileDebugJavaWithJavac' as it is up-to-date.
[        ] No compile result for :integration_test:compileDebugJavaWithJavac
[        ] No compile result for :integration_test:compileDebugJavaWithJavac
[        ] Resolve mutations for :integration_test:bundleLibCompileToJarDebug (Thread[#42101,Execution worker Thread 20,5,main]) started.
[        ] :integration_test:bundleLibCompileToJarDebug (Thread[#42101,Execution worker Thread 20,5,main]) started.
[        ] > Task :integration_test:bundleLibCompileToJarDebug UP-TO-DATE
[        ] Caching disabled for task ':integration_test:bundleLibCompileToJarDebug' because:
[        ]   Build cache is disabled
[        ]   Simple merging task
[        ] Skipping task ':integration_test:bundleLibCompileToJarDebug' as it is up-to-date.
[        ] work action resolve classes.jar (project :integration_test) (Thread[#42101,Execution worker Thread 20,5,main]) started.
[        ] Resolve mutations for :path_provider_android:javaPreCompileDebug (Thread[#42101,Execution worker Thread 20,5,main]) started.
[        ] :path_provider_android:javaPreCompileDebug (Thread[#42101,Execution worker Thread 20,5,main]) started.
[        ] > Task :path_provider_android:javaPreCompileDebug UP-TO-DATE
[        ] Caching disabled for task ':path_provider_android:javaPreCompileDebug' because:
[        ]   Build cache is disabled
[        ] Skipping task ':path_provider_android:javaPreCompileDebug' as it is up-to-date.
[        ] Resolve mutations for :path_provider_android:compileDebugJavaWithJavac (Thread[#42101,Execution worker Thread 20,5,main]) started.
[        ] :path_provider_android:compileDebugJavaWithJavac (Thread[#42101,Execution worker Thread 20,5,main]) started.
[        ] > Task :path_provider_android:compileDebugJavaWithJavac UP-TO-DATE
[        ] Custom actions are attached to task ':path_provider_android:compileDebugJavaWithJavac'.
[        ] Caching disabled for task ':path_provider_android:compileDebugJavaWithJavac' because:
[        ]   Build cache is disabled
[        ] Skipping task ':path_provider_android:compileDebugJavaWithJavac' as it is up-to-date.
[        ] No compile result for :path_provider_android:compileDebugJavaWithJavac
[        ] No compile result for :path_provider_android:compileDebugJavaWithJavac
[        ] Resolve mutations for :path_provider_android:bundleLibCompileToJarDebug (Thread[#42101,Execution worker Thread 20,5,main]) started.
[        ] :path_provider_android:bundleLibCompileToJarDebug (Thread[#42101,Execution worker Thread 20,5,main]) started.
[        ] > Task :path_provider_android:bundleLibCompileToJarDebug UP-TO-DATE
[        ] Caching disabled for task ':path_provider_android:bundleLibCompileToJarDebug' because:
[        ]   Build cache is disabled
[        ]   Simple merging task
[        ] Skipping task ':path_provider_android:bundleLibCompileToJarDebug' as it is up-to-date.
[        ] work action resolve classes.jar (project :path_provider_android) (Thread[#42101,Execution worker Thread 20,5,main]) started.
[        ] Resolve mutations for :quill_native_bridge_android:checkKotlinGradlePluginConfigurationErrors (Thread[#42101,Execution worker Thread 20,5,main]) started.
[        ] :quill_native_bridge_android:checkKotlinGradlePluginConfigurationErrors (Thread[#42101,Execution worker Thread 20,5,main]) started.
[        ] > Task :quill_native_bridge_android:checkKotlinGradlePluginConfigurationErrors SKIPPED
[        ] Skipping task ':quill_native_bridge_android:checkKotlinGradlePluginConfigurationErrors' as task onlyIf 'errorDiagnostics are present' is false.
[        ] Resolve mutations for :quill_native_bridge_android:compileDebugKotlin (Thread[#42101,Execution worker Thread 20,5,main]) started.
[        ] :quill_native_bridge_android:compileDebugKotlin (Thread[#42101,Execution worker Thread 20,5,main]) started.
[        ] > Task :quill_native_bridge_android:compileDebugKotlin UP-TO-DATE
[        ] Adding -Xuse-inline-scopes-numbers Kotlin compiler flag for task :quill_native_bridge_android:compileDebugAndroidTestKotlin
[        ] Caching disabled for task ':quill_native_bridge_android:compileDebugKotlin' because:
[        ]   Build cache is disabled
[        ] Skipping task ':quill_native_bridge_android:compileDebugKotlin' as it is up-to-date.
[        ] Resolve mutations for :quill_native_bridge_android:javaPreCompileDebug (Thread[#42101,Execution worker Thread 20,5,main]) started.
[        ] :quill_native_bridge_android:javaPreCompileDebug (Thread[#42101,Execution worker Thread 20,5,main]) started.
[        ] > Task :quill_native_bridge_android:javaPreCompileDebug UP-TO-DATE
[        ] Caching disabled for task ':quill_native_bridge_android:javaPreCompileDebug' because:
[        ]   Build cache is disabled
[        ] Skipping task ':quill_native_bridge_android:javaPreCompileDebug' as it is up-to-date.
[        ] Resolve mutations for :quill_native_bridge_android:compileDebugJavaWithJavac (Thread[#42101,Execution worker Thread 20,5,main]) started.
[        ] :quill_native_bridge_android:compileDebugJavaWithJavac (Thread[#42101,Execution worker Thread 20,5,main]) started.
[        ] > Task :quill_native_bridge_android:compileDebugJavaWithJavac NO-SOURCE
[        ] Skipping task ':quill_native_bridge_android:compileDebugJavaWithJavac' as it has no source files and no previous output files.
[        ] Resolve mutations for :quill_native_bridge_android:bundleLibCompileToJarDebug (Thread[#42101,Execution worker Thread 20,5,main]) started.
[        ] :quill_native_bridge_android:bundleLibCompileToJarDebug (Thread[#42101,Execution worker Thread 20,5,main]) started.
[        ] > Task :quill_native_bridge_android:bundleLibCompileToJarDebug UP-TO-DATE
[        ] Caching disabled for task ':quill_native_bridge_android:bundleLibCompileToJarDebug' because:
[        ]   Build cache is disabled
[        ]   Simple merging task
[        ] Skipping task ':quill_native_bridge_android:bundleLibCompileToJarDebug' as it is up-to-date.
[        ] work action resolve classes.jar (project :quill_native_bridge_android) (Thread[#42101,Execution worker Thread 20,5,main]) started.
[        ] Resolve mutations for :shared_preferences_android:checkKotlinGradlePluginConfigurationErrors (Thread[#42101,Execution worker Thread 20,5,main]) started.
[        ] :shared_preferences_android:checkKotlinGradlePluginConfigurationErrors (Thread[#42101,Execution worker Thread 20,5,main]) started.
[        ] > Task :shared_preferences_android:checkKotlinGradlePluginConfigurationErrors SKIPPED
[        ] Skipping task ':shared_preferences_android:checkKotlinGradlePluginConfigurationErrors' as task onlyIf 'errorDiagnostics are present' is false.
[        ] Resolve mutations for :shared_preferences_android:compileDebugKotlin (Thread[#42101,Execution worker Thread 20,5,main]) started.
[        ] :shared_preferences_android:compileDebugKotlin (Thread[#42101,Execution worker Thread 20,5,main]) started.
[        ] > Task :shared_preferences_android:compileDebugKotlin UP-TO-DATE
[        ] Adding -Xuse-inline-scopes-numbers Kotlin compiler flag for task :shared_preferences_android:compileDebugAndroidTestKotlin
[        ] Caching disabled for task ':shared_preferences_android:compileDebugKotlin' because:
[        ]   Build cache is disabled
[        ] Skipping task ':shared_preferences_android:compileDebugKotlin' as it is up-to-date.
[        ] Resolve mutations for :shared_preferences_android:javaPreCompileDebug (Thread[#42101,Execution worker Thread 20,5,main]) started.
[        ] :shared_preferences_android:javaPreCompileDebug (Thread[#42101,Execution worker Thread 20,5,main]) started.
[        ] > Task :shared_preferences_android:javaPreCompileDebug UP-TO-DATE
[        ] Caching disabled for task ':shared_preferences_android:javaPreCompileDebug' because:
[        ]   Build cache is disabled
[        ] Skipping task ':shared_preferences_android:javaPreCompileDebug' as it is up-to-date.
[        ] Resolve mutations for :shared_preferences_android:compileDebugJavaWithJavac (Thread[#42101,Execution worker Thread 20,5,main]) started.
[        ] :shared_preferences_android:compileDebugJavaWithJavac (Thread[#42101,Execution worker Thread 20,5,main]) started.
[        ] > Task :shared_preferences_android:compileDebugJavaWithJavac UP-TO-DATE
[        ] Custom actions are attached to task ':shared_preferences_android:compileDebugJavaWithJavac'.
[        ] Caching disabled for task ':shared_preferences_android:compileDebugJavaWithJavac' because:
[        ]   Build cache is disabled
[        ] Skipping task ':shared_preferences_android:compileDebugJavaWithJavac' as it is up-to-date.
[        ] No compile result for :shared_preferences_android:compileDebugJavaWithJavac
[        ] No compile result for :shared_preferences_android:compileDebugJavaWithJavac
[        ] Resolve mutations for :shared_preferences_android:bundleLibCompileToJarDebug (Thread[#42101,Execution worker Thread 20,5,main]) started.
[        ] :shared_preferences_android:bundleLibCompileToJarDebug (Thread[#42101,Execution worker Thread 20,5,main]) started.
[        ] > Task :shared_preferences_android:bundleLibCompileToJarDebug UP-TO-DATE
[        ] Caching disabled for task ':shared_preferences_android:bundleLibCompileToJarDebug' because:
[        ]   Build cache is disabled
[        ]   Simple merging task
[        ] Skipping task ':shared_preferences_android:bundleLibCompileToJarDebug' as it is up-to-date.
[        ] work action resolve classes.jar (project :shared_preferences_android) (Thread[#42101,Execution worker Thread 20,5,main]) started.
[        ] Resolve mutations for :sqflite_android:javaPreCompileDebug (Thread[#42101,Execution worker Thread 20,5,main]) started.
[        ] :sqflite_android:javaPreCompileDebug (Thread[#42101,Execution worker Thread 20,5,main]) started.
[        ] > Task :sqflite_android:javaPreCompileDebug UP-TO-DATE
[        ] Caching disabled for task ':sqflite_android:javaPreCompileDebug' because:
[        ]   Build cache is disabled
[        ] Skipping task ':sqflite_android:javaPreCompileDebug' as it is up-to-date.
[        ] Resolve mutations for :sqflite_android:compileDebugJavaWithJavac (Thread[#42101,Execution worker Thread 20,5,main]) started.
[        ] :sqflite_android:compileDebugJavaWithJavac (Thread[#42101,Execution worker Thread 20,5,main]) started.
[        ] > Task :sqflite_android:compileDebugJavaWithJavac UP-TO-DATE
[        ] Custom actions are attached to task ':sqflite_android:compileDebugJavaWithJavac'.
[        ] Caching disabled for task ':sqflite_android:compileDebugJavaWithJavac' because:
[        ]   Build cache is disabled
[        ] Skipping task ':sqflite_android:compileDebugJavaWithJavac' as it is up-to-date.
[        ] No compile result for :sqflite_android:compileDebugJavaWithJavac
[        ] No compile result for :sqflite_android:compileDebugJavaWithJavac
[        ] Resolve mutations for :sqflite_android:bundleLibCompileToJarDebug (Thread[#42101,Execution worker Thread 20,5,main]) started.
[        ] :sqflite_android:bundleLibCompileToJarDebug (Thread[#42101,Execution worker Thread 20,5,main]) started.
[        ] > Task :sqflite_android:bundleLibCompileToJarDebug UP-TO-DATE
[        ] Caching disabled for task ':sqflite_android:bundleLibCompileToJarDebug' because:
[        ]   Build cache is disabled
[        ]   Simple merging task
[        ] Skipping task ':sqflite_android:bundleLibCompileToJarDebug' as it is up-to-date.
[        ] work action resolve classes.jar (project :sqflite_android) (Thread[#42101,Execution worker Thread 20,5,main]) started.
[        ] Resolve mutations for :url_launcher_android:generateDebugBuildConfig (Thread[#42101,Execution worker Thread 20,5,main]) started.
[        ] :url_launcher_android:generateDebugBuildConfig (Thread[#42101,Execution worker Thread 20,5,main]) started.
[        ] > Task :url_launcher_android:generateDebugBuildConfig UP-TO-DATE
[        ] Caching disabled for task ':url_launcher_android:generateDebugBuildConfig' because:
[        ]   Build cache is disabled
[        ] Skipping task ':url_launcher_android:generateDebugBuildConfig' as it is up-to-date.
[        ] Resolve mutations for :url_launcher_android:javaPreCompileDebug (Thread[#42101,Execution worker Thread 20,5,main]) started.
[        ] :url_launcher_android:javaPreCompileDebug (Thread[#42101,Execution worker Thread 20,5,main]) started.
[        ] > Task :url_launcher_android:javaPreCompileDebug UP-TO-DATE
[        ] Caching disabled for task ':url_launcher_android:javaPreCompileDebug' because:
[        ]   Build cache is disabled
[        ] Skipping task ':url_launcher_android:javaPreCompileDebug' as it is up-to-date.
[        ] Resolve mutations for :url_launcher_android:compileDebugJavaWithJavac (Thread[#42101,Execution worker Thread 20,5,main]) started.
[        ] :url_launcher_android:compileDebugJavaWithJavac (Thread[#42101,Execution worker Thread 20,5,main]) started.
[        ] > Task :url_launcher_android:compileDebugJavaWithJavac UP-TO-DATE
[        ] Custom actions are attached to task ':url_launcher_android:compileDebugJavaWithJavac'.
[        ] Caching disabled for task ':url_launcher_android:compileDebugJavaWithJavac' because:
[        ]   Build cache is disabled
[        ] Skipping task ':url_launcher_android:compileDebugJavaWithJavac' as it is up-to-date.
[        ] No compile result for :url_launcher_android:compileDebugJavaWithJavac
[        ] No compile result for :url_launcher_android:compileDebugJavaWithJavac
[        ] Resolve mutations for :url_launcher_android:bundleLibCompileToJarDebug (Thread[#42101,Execution worker Thread 20,5,main]) started.
[        ] :url_launcher_android:bundleLibCompileToJarDebug (Thread[#42101,Execution worker Thread 20,5,main]) started.
[        ] > Task :url_launcher_android:bundleLibCompileToJarDebug UP-TO-DATE
[        ] Caching disabled for task ':url_launcher_android:bundleLibCompileToJarDebug' because:
[        ]   Build cache is disabled
[        ]   Simple merging task
[        ] Skipping task ':url_launcher_android:bundleLibCompileToJarDebug' as it is up-to-date.
[        ] work action resolve classes.jar (project :url_launcher_android) (Thread[#42101,Execution worker Thread 20,5,main]) started.
[        ] Resolve mutations for :video_player_android:checkKotlinGradlePluginConfigurationErrors (Thread[#42101,Execution worker Thread 20,5,main]) started.
[        ] :video_player_android:checkKotlinGradlePluginConfigurationErrors (Thread[#42101,Execution worker Thread 20,5,main]) started.
[        ] > Task :video_player_android:checkKotlinGradlePluginConfigurationErrors SKIPPED
[        ] Skipping task ':video_player_android:checkKotlinGradlePluginConfigurationErrors' as task onlyIf 'errorDiagnostics are present' is false.
[        ] Resolve mutations for :video_player_android:compileDebugKotlin (Thread[#42101,Execution worker Thread 20,5,main]) started.
[        ] :video_player_android:compileDebugKotlin (Thread[#42101,Execution worker Thread 20,5,main]) started.
[        ] > Task :video_player_android:compileDebugKotlin UP-TO-DATE
[        ] Adding -Xuse-inline-scopes-numbers Kotlin compiler flag for task :video_player_android:compileDebugAndroidTestKotlin
[        ] Caching disabled for task ':video_player_android:compileDebugKotlin' because:
[        ]   Build cache is disabled
[        ] Skipping task ':video_player_android:compileDebugKotlin' as it is up-to-date.
[        ] Resolve mutations for :video_player_android:javaPreCompileDebug (Thread[#42101,Execution worker Thread 20,5,main]) started.
[        ] :video_player_android:javaPreCompileDebug (Thread[#42101,Execution worker Thread 20,5,main]) started.
[        ] > Task :video_player_android:javaPreCompileDebug UP-TO-DATE
[        ] Caching disabled for task ':video_player_android:javaPreCompileDebug' because:
[        ]   Build cache is disabled
[        ] Skipping task ':video_player_android:javaPreCompileDebug' as it is up-to-date.
[        ] Resolve mutations for :video_player_android:compileDebugJavaWithJavac (Thread[#42101,Execution worker Thread 20,5,main]) started.
[        ] :video_player_android:compileDebugJavaWithJavac (Thread[#42101,Execution worker Thread 20,5,main]) started.
[        ] > Task :video_player_android:compileDebugJavaWithJavac UP-TO-DATE
[        ] Custom actions are attached to task ':video_player_android:compileDebugJavaWithJavac'.
[        ] Caching disabled for task ':video_player_android:compileDebugJavaWithJavac' because:
[        ]   Build cache is disabled
[        ] Skipping task ':video_player_android:compileDebugJavaWithJavac' as it is up-to-date.
[        ] No compile result for :video_player_android:compileDebugJavaWithJavac
[        ] No compile result for :video_player_android:compileDebugJavaWithJavac
[        ] Resolve mutations for :video_player_android:bundleLibCompileToJarDebug (Thread[#42101,Execution worker Thread 20,5,main]) started.
[        ] :video_player_android:bundleLibCompileToJarDebug (Thread[#42101,Execution worker Thread 20,5,main]) started.
[        ] > Task :video_player_android:bundleLibCompileToJarDebug UP-TO-DATE
[        ] Caching disabled for task ':video_player_android:bundleLibCompileToJarDebug' because:
[        ]   Build cache is disabled
[        ]   Simple merging task
[        ] Skipping task ':video_player_android:bundleLibCompileToJarDebug' as it is up-to-date.
[        ] work action resolve classes.jar (project :video_player_android) (Thread[#42101,Execution worker Thread 20,5,main]) started.
[        ] Resolve mutations for :app:compileDebugKotlin (Thread[#42101,Execution worker Thread 20,5,main]) started.
[        ] :app:compileDebugKotlin (Thread[#42101,Execution worker Thread 20,5,main]) started.
[        ] > Task :app:compileDebugKotlin UP-TO-DATE
[        ] Adding -Xuse-inline-scopes-numbers Kotlin compiler flag for task :app:compileDebugAndroidTestKotlin
[        ] Caching disabled for task ':app:compileDebugKotlin' because:
[        ]   Build cache is disabled
[        ] Skipping task ':app:compileDebugKotlin' as it is up-to-date.
[        ] Resolve mutations for :app:javaPreCompileDebug (Thread[#42101,Execution worker Thread 20,5,main]) started.
[        ] :app:javaPreCompileDebug (Thread[#42101,Execution worker Thread 20,5,main]) started.
[        ] > Task :app:javaPreCompileDebug UP-TO-DATE
[        ] Caching disabled for task ':app:javaPreCompileDebug' because:
[        ]   Build cache is disabled
[        ] Skipping task ':app:javaPreCompileDebug' as it is up-to-date.
[        ] Resolve mutations for :app:compileDebugJavaWithJavac (Thread[#42101,Execution worker Thread 20,5,main]) started.
[        ] :app:compileDebugJavaWithJavac (Thread[#42101,Execution worker Thread 20,5,main]) started.
[        ] > Task :app:compileDebugJavaWithJavac UP-TO-DATE
[        ] Custom actions are attached to task ':app:compileDebugJavaWithJavac'.
[        ] Caching disabled for task ':app:compileDebugJavaWithJavac' because:
[        ]   Build cache is disabled
[        ] Skipping task ':app:compileDebugJavaWithJavac' as it is up-to-date.
[        ] No compile result for :app:compileDebugJavaWithJavac
[        ] No compile result for :app:compileDebugJavaWithJavac
[        ] Resolve mutations for :app:compressDebugAssets (Thread[#42101,Execution worker Thread 20,5,main]) started.
[        ] :app:compressDebugAssets (Thread[#42101,Execution worker Thread 20,5,main]) started.
[        ] Resolve mutations for :app:processDebugJavaRes (Thread[#42109,Execution worker Thread 28,5,main]) started.
[        ] :app:processDebugJavaRes (Thread[#42109,Execution worker Thread 28,5,main]) started.
[        ] > Task :app:processDebugJavaRes UP-TO-DATE
[        ] file or directory '/Users/florian/Code/substitution/android/app/src/main/resources', not found
[        ] file or directory '/Users/florian/Code/substitution/android/app/src/debug/resources', not found
[        ] file or directory '/Users/florian/Code/substitution/android/app/src/main/resources', not found
[        ] file or directory '/Users/florian/Code/substitution/android/app/src/debug/resources', not found
[        ] Caching disabled for task ':app:processDebugJavaRes' because:
[        ]   Build cache is disabled
[        ]   Caching has been disabled for the task
[        ] Skipping task ':app:processDebugJavaRes' as it is up-to-date.
[        ] Resolve mutations for :connectivity_plus:processDebugJavaRes (Thread[#42109,Execution worker Thread 28,5,main]) started.
[        ] :connectivity_plus:processDebugJavaRes (Thread[#42109,Execution worker Thread 28,5,main]) started.
[        ] > Task :connectivity_plus:processDebugJavaRes NO-SOURCE
[        ] file or directory '/Users/florian/.pub-cache/hosted/pub.dev/connectivity_plus-5.0.2/android/src/main/resources', not found
[        ] file or directory '/Users/florian/.pub-cache/hosted/pub.dev/connectivity_plus-5.0.2/android/src/debug/resources', not found
[        ] Skipping task ':connectivity_plus:processDebugJavaRes' as it has no source files and no previous output files.
[        ] work action resolve out (project :connectivity_plus) (Thread[#42109,Execution worker Thread 28,5,main]) started.
[        ] Resolve mutations for :emoji_picker_flutter:processDebugJavaRes (Thread[#42109,Execution worker Thread 28,5,main]) started.
[        ] :emoji_picker_flutter:processDebugJavaRes (Thread[#42109,Execution worker Thread 28,5,main]) started.
[        ] > Task :emoji_picker_flutter:processDebugJavaRes UP-TO-DATE
[        ] file or directory '/Users/florian/.pub-cache/hosted/pub.dev/emoji_picker_flutter-4.4.0/android/src/main/resources', not found
[        ] file or directory '/Users/florian/.pub-cache/hosted/pub.dev/emoji_picker_flutter-4.4.0/android/src/debug/resources', not found
[        ] file or directory '/Users/florian/.pub-cache/hosted/pub.dev/emoji_picker_flutter-4.4.0/android/src/main/resources', not found
[        ] file or directory '/Users/florian/.pub-cache/hosted/pub.dev/emoji_picker_flutter-4.4.0/android/src/debug/resources', not found
[        ] Caching disabled for task ':emoji_picker_flutter:processDebugJavaRes' because:
[        ]   Build cache is disabled
[        ]   Caching has been disabled for the task
[        ] Skipping task ':emoji_picker_flutter:processDebugJavaRes' as it is up-to-date.
[        ] work action resolve out (project :emoji_picker_flutter) (Thread[#42109,Execution worker Thread 28,5,main]) started.
[        ] Resolve mutations for :file_selector_android:processDebugJavaRes (Thread[#42109,Execution worker Thread 28,5,main]) started.
[        ] :file_selector_android:processDebugJavaRes (Thread[#42109,Execution worker Thread 28,5,main]) started.
[        ] > Task :file_selector_android:processDebugJavaRes NO-SOURCE
[        ] file or directory '/Users/florian/.pub-cache/hosted/pub.dev/file_selector_android-0.5.2+4/android/src/main/resources', not found
[        ] file or directory '/Users/florian/.pub-cache/hosted/pub.dev/file_selector_android-0.5.2+4/android/src/debug/resources', not found
[        ] Skipping task ':file_selector_android:processDebugJavaRes' as it has no source files and no previous output files.
[        ] work action resolve out (project :file_selector_android) (Thread[#42109,Execution worker Thread 28,5,main]) started.
[        ] Resolve mutations for :flutter_keyboard_visibility_temp_fork:processDebugJavaRes (Thread[#42109,Execution worker Thread 28,5,main]) started.
[        ] :flutter_keyboard_visibility_temp_fork:processDebugJavaRes (Thread[#42109,Execution worker Thread 28,5,main]) started.
[        ] > Task :flutter_keyboard_visibility_temp_fork:processDebugJavaRes NO-SOURCE
[        ] file or directory '/Users/florian/.pub-cache/hosted/pub.dev/flutter_keyboard_visibility_temp_fork-0.1.5/android/src/main/resources', not found
[        ] file or directory '/Users/florian/.pub-cache/hosted/pub.dev/flutter_keyboard_visibility_temp_fork-0.1.5/android/src/debug/resources', not found
[        ] Skipping task ':flutter_keyboard_visibility_temp_fork:processDebugJavaRes' as it has no source files and no previous output files.
[        ] work action resolve out (project :flutter_keyboard_visibility_temp_fork) (Thread[#42109,Execution worker Thread 28,5,main]) started.
[        ] Resolve mutations for :flutter_native_splash:processDebugJavaRes (Thread[#42109,Execution worker Thread 28,5,main]) started.
[        ] :flutter_native_splash:processDebugJavaRes (Thread[#42109,Execution worker Thread 28,5,main]) started.
[        ] > Task :flutter_native_splash:processDebugJavaRes NO-SOURCE
[        ] file or directory '/Users/florian/.pub-cache/hosted/pub.dev/flutter_native_splash-2.4.7/android/src/main/resources', not found
[        ] file or directory '/Users/florian/.pub-cache/hosted/pub.dev/flutter_native_splash-2.4.7/android/src/debug/resources', not found
[        ] Skipping task ':flutter_native_splash:processDebugJavaRes' as it has no source files and no previous output files.
[        ] work action resolve out (project :flutter_native_splash) (Thread[#42109,Execution worker Thread 28,5,main]) started.
[        ] Resolve mutations for :flutter_olm:processDebugJavaRes (Thread[#42109,Execution worker Thread 28,5,main]) started.
[        ] :flutter_olm:processDebugJavaRes (Thread[#42109,Execution worker Thread 28,5,main]) started.
[        ] > Task :flutter_olm:processDebugJavaRes UP-TO-DATE
[        ] file or directory '/Users/florian/.pub-cache/hosted/pub.dev/flutter_olm-2.0.0/android/src/main/resources', not found
[        ] file or directory '/Users/florian/.pub-cache/hosted/pub.dev/flutter_olm-2.0.0/android/src/debug/resources', not found
[        ] file or directory '/Users/florian/.pub-cache/hosted/pub.dev/flutter_olm-2.0.0/android/src/main/resources', not found
[        ] file or directory '/Users/florian/.pub-cache/hosted/pub.dev/flutter_olm-2.0.0/android/src/debug/resources', not found
[        ] Caching disabled for task ':flutter_olm:processDebugJavaRes' because:
[        ]   Build cache is disabled
[        ]   Caching has been disabled for the task
[        ] Skipping task ':flutter_olm:processDebugJavaRes' as it is up-to-date.
[        ] work action resolve out (project :flutter_olm) (Thread[#42109,Execution worker Thread 28,5,main]) started.
[        ] Resolve mutations for :flutter_openssl_crypto:processDebugJavaRes (Thread[#42109,Execution worker Thread 28,5,main]) started.
[        ] :flutter_openssl_crypto:processDebugJavaRes (Thread[#42109,Execution worker Thread 28,5,main]) started.
[        ] > Task :flutter_openssl_crypto:processDebugJavaRes UP-TO-DATE
[        ] file or directory '/Users/florian/.pub-cache/hosted/pub.dev/flutter_openssl_crypto-0.5.0/android/src/main/resources', not found
[        ] file or directory '/Users/florian/.pub-cache/hosted/pub.dev/flutter_openssl_crypto-0.5.0/android/src/debug/resources', not found
[        ] file or directory '/Users/florian/.pub-cache/hosted/pub.dev/flutter_openssl_crypto-0.5.0/android/src/main/resources', not found
[        ] file or directory '/Users/florian/.pub-cache/hosted/pub.dev/flutter_openssl_crypto-0.5.0/android/src/debug/resources', not found
[        ] Caching disabled for task ':flutter_openssl_crypto:processDebugJavaRes' because:
[        ]   Build cache is disabled
[        ]   Caching has been disabled for the task
[        ] Skipping task ':flutter_openssl_crypto:processDebugJavaRes' as it is up-to-date.
[        ] work action resolve out (project :flutter_openssl_crypto) (Thread[#42109,Execution worker Thread 28,5,main]) started.
[        ] Resolve mutations for :integration_test:processDebugJavaRes (Thread[#42109,Execution worker Thread 28,5,main]) started.
[        ] :integration_test:processDebugJavaRes (Thread[#42109,Execution worker Thread 28,5,main]) started.
[        ] > Task :integration_test:processDebugJavaRes NO-SOURCE
[        ] file or directory '/opt/homebrew/share/flutter/packages/integration_test/android/src/main/resources', not found
[        ] file or directory '/opt/homebrew/share/flutter/packages/integration_test/android/src/debug/resources', not found
[        ] Skipping task ':integration_test:processDebugJavaRes' as it has no source files and no previous output files.
[        ] work action resolve out (project :integration_test) (Thread[#42109,Execution worker Thread 28,5,main]) started.
[        ] Resolve mutations for :path_provider_android:processDebugJavaRes (Thread[#42109,Execution worker Thread 28,5,main]) started.
[        ] :path_provider_android:processDebugJavaRes (Thread[#42109,Execution worker Thread 28,5,main]) started.
[        ] > Task :path_provider_android:processDebugJavaRes NO-SOURCE
[        ] file or directory '/Users/florian/.pub-cache/hosted/pub.dev/path_provider_android-2.2.22/android/src/main/resources', not found
[        ] file or directory '/Users/florian/.pub-cache/hosted/pub.dev/path_provider_android-2.2.22/android/src/debug/resources', not found
[        ] Skipping task ':path_provider_android:processDebugJavaRes' as it has no source files and no previous output files.
[        ] work action resolve out (project :path_provider_android) (Thread[#42109,Execution worker Thread 28,5,main]) started.
[        ] Resolve mutations for :quill_native_bridge_android:processDebugJavaRes (Thread[#42109,Execution worker Thread 28,5,main]) started.
[        ] :quill_native_bridge_android:processDebugJavaRes (Thread[#42109,Execution worker Thread 28,5,main]) started.
[        ] > Task :quill_native_bridge_android:processDebugJavaRes UP-TO-DATE
[        ] file or directory '/Users/florian/.pub-cache/hosted/pub.dev/quill_native_bridge_android-0.0.1+2/android/src/main/resources', not found
[        ] file or directory '/Users/florian/.pub-cache/hosted/pub.dev/quill_native_bridge_android-0.0.1+2/android/src/debug/resources', not found
[        ] file or directory '/Users/florian/.pub-cache/hosted/pub.dev/quill_native_bridge_android-0.0.1+2/android/src/main/resources', not found
[        ] file or directory '/Users/florian/.pub-cache/hosted/pub.dev/quill_native_bridge_android-0.0.1+2/android/src/debug/resources', not found
[        ] Caching disabled for task ':quill_native_bridge_android:processDebugJavaRes' because:
[        ]   Build cache is disabled
[        ]   Caching has been disabled for the task
[        ] Skipping task ':quill_native_bridge_android:processDebugJavaRes' as it is up-to-date.
[        ] work action resolve out (project :quill_native_bridge_android) (Thread[#42109,Execution worker Thread 28,5,main]) started.
[        ] Resolve mutations for :shared_preferences_android:processDebugJavaRes (Thread[#42109,Execution worker Thread 28,5,main]) started.
[        ] :shared_preferences_android:processDebugJavaRes (Thread[#42109,Execution worker Thread 28,5,main]) started.
[        ] > Task :shared_preferences_android:processDebugJavaRes UP-TO-DATE
[        ] file or directory '/Users/florian/.pub-cache/hosted/pub.dev/shared_preferences_android-2.4.20/android/src/main/resources', not found
[        ] file or directory '/Users/florian/.pub-cache/hosted/pub.dev/shared_preferences_android-2.4.20/android/src/debug/resources', not found
[        ] file or directory '/Users/florian/.pub-cache/hosted/pub.dev/shared_preferences_android-2.4.20/android/src/main/resources', not found
[        ] file or directory '/Users/florian/.pub-cache/hosted/pub.dev/shared_preferences_android-2.4.20/android/src/debug/resources', not found
[        ] Caching disabled for task ':shared_preferences_android:processDebugJavaRes' because:
[        ]   Build cache is disabled
[        ]   Caching has been disabled for the task
[        ] Skipping task ':shared_preferences_android:processDebugJavaRes' as it is up-to-date.
[        ] work action resolve out (project :shared_preferences_android) (Thread[#42109,Execution worker Thread 28,5,main]) started.
[        ] Resolve mutations for :sqflite_android:processDebugJavaRes (Thread[#42109,Execution worker Thread 28,5,main]) started.
[        ] :sqflite_android:processDebugJavaRes (Thread[#42109,Execution worker Thread 28,5,main]) started.
[        ] > Task :sqflite_android:processDebugJavaRes NO-SOURCE
[        ] file or directory '/Users/florian/.pub-cache/hosted/pub.dev/sqflite_android-2.4.2+2/android/src/main/resources', not found
[        ] file or directory '/Users/florian/.pub-cache/hosted/pub.dev/sqflite_android-2.4.2+2/android/src/debug/resources', not found
[        ] Skipping task ':sqflite_android:processDebugJavaRes' as it has no source files and no previous output files.
[        ] work action resolve out (project :sqflite_android) (Thread[#42109,Execution worker Thread 28,5,main]) started.
[        ] Resolve mutations for :url_launcher_android:processDebugJavaRes (Thread[#42109,Execution worker Thread 28,5,main]) started.
[        ] :url_launcher_android:processDebugJavaRes (Thread[#42109,Execution worker Thread 28,5,main]) started.
[        ] > Task :url_launcher_android:processDebugJavaRes NO-SOURCE
[        ] file or directory '/Users/florian/.pub-cache/hosted/pub.dev/url_launcher_android-6.3.28/android/src/main/resources', not found
[        ] file or directory '/Users/florian/.pub-cache/hosted/pub.dev/url_launcher_android-6.3.28/android/src/debug/resources', not found
[        ] Skipping task ':url_launcher_android:processDebugJavaRes' as it has no source files and no previous output files.
[        ] work action resolve out (project :url_launcher_android) (Thread[#42109,Execution worker Thread 28,5,main]) started.
[        ] Resolve mutations for :video_player_android:processDebugJavaRes (Thread[#42109,Execution worker Thread 28,5,main]) started.
[        ] :video_player_android:processDebugJavaRes (Thread[#42109,Execution worker Thread 28,5,main]) started.
[        ] > Task :video_player_android:processDebugJavaRes UP-TO-DATE
[        ] file or directory '/Users/florian/.pub-cache/hosted/pub.dev/video_player_android-2.9.1/android/src/main/resources', not found
[        ] file or directory '/Users/florian/.pub-cache/hosted/pub.dev/video_player_android-2.9.1/android/src/debug/resources', not found
[        ] file or directory '/Users/florian/.pub-cache/hosted/pub.dev/video_player_android-2.9.1/android/src/main/resources', not found
[        ] file or directory '/Users/florian/.pub-cache/hosted/pub.dev/video_player_android-2.9.1/android/src/debug/resources', not found
[        ] Caching disabled for task ':video_player_android:processDebugJavaRes' because:
[        ]   Build cache is disabled
[        ]   Caching has been disabled for the task
[        ] Skipping task ':video_player_android:processDebugJavaRes' as it is up-to-date.
[        ] work action resolve out (project :video_player_android) (Thread[#42109,Execution worker Thread 28,5,main]) started.
[        ] Resolve mutations for :app:mergeDebugJavaResource (Thread[#42109,Execution worker Thread 28,5,main]) started.
[        ] :app:mergeDebugJavaResource (Thread[#42109,Execution worker Thread 28,5,main]) started.
[        ] > Task :app:mergeDebugJavaResource UP-TO-DATE
[        ] Caching disabled for task ':app:mergeDebugJavaResource' because:
[        ]   Build cache is disabled
[        ]   Caching has been disabled for the task
[        ] Skipping task ':app:mergeDebugJavaResource' as it is up-to-date.
[        ] Resolve mutations for :app:checkDebugDuplicateClasses (Thread[#42109,Execution worker Thread 28,5,main]) started.
[        ] :app:checkDebugDuplicateClasses (Thread[#42109,Execution worker Thread 28,5,main]) started.
[        ] > Task :app:checkDebugDuplicateClasses UP-TO-DATE
[        ] Caching disabled for task ':app:checkDebugDuplicateClasses' because:
[        ]   Build cache is disabled
[        ]   Caching has been disabled for the task
[        ] Skipping task ':app:checkDebugDuplicateClasses' as it is up-to-date.
[        ] Resolve mutations for :app:desugarDebugFileDependencies (Thread[#42109,Execution worker Thread 28,5,main]) started.
[        ] :app:desugarDebugFileDependencies (Thread[#42109,Execution worker Thread 28,5,main]) started.
[        ] > Task :app:desugarDebugFileDependencies UP-TO-DATE
[        ] Caching disabled for task ':app:desugarDebugFileDependencies' because:
[        ]   Build cache is disabled
[        ] Skipping task ':app:desugarDebugFileDependencies' as it is up-to-date.
[        ] Resolve mutations for :app:mergeExtDexDebug (Thread[#42109,Execution worker Thread 28,5,main]) started.
[        ] :app:mergeExtDexDebug (Thread[#42109,Execution worker Thread 28,5,main]) started.
[  +88 ms] > Task :app:mergeExtDexDebug UP-TO-DATE
[        ] Caching disabled for task ':app:mergeExtDexDebug' because:
[        ]   Build cache is disabled
[        ] Skipping task ':app:mergeExtDexDebug' as it is up-to-date.
[        ] Resolve mutations for :connectivity_plus:bundleLibRuntimeToDirDebug (Thread[#42109,Execution worker Thread 28,5,main]) started.
[        ] :connectivity_plus:bundleLibRuntimeToDirDebug (Thread[#42109,Execution worker Thread 28,5,main]) started.
[        ] > Task :connectivity_plus:bundleLibRuntimeToDirDebug UP-TO-DATE
[        ] Caching disabled for task ':connectivity_plus:bundleLibRuntimeToDirDebug' because:
[        ]   Build cache is disabled
[        ]   Simple merging task
[        ] Skipping task ':connectivity_plus:bundleLibRuntimeToDirDebug' as it is up-to-date.
[        ] work action resolve bundleLibRuntimeToDirDebug (project :connectivity_plus) (Thread[#42109,Execution worker Thread 28,5,main]) started.
[        ] ClassesDirToClassesTransform (Thread[#42109,Execution worker Thread 28,5,main]) started.
[        ] Resolve mutations for :emoji_picker_flutter:bundleLibRuntimeToDirDebug (Thread[#42103,Execution worker Thread 22,5,main]) started.
[        ] :emoji_picker_flutter:bundleLibRuntimeToDirDebug (Thread[#42103,Execution worker Thread 22,5,main]) started.
[        ] DexingNoClasspathTransform (Thread[#42109,Execution worker Thread 28,5,main]) started.
[        ] > Task :emoji_picker_flutter:bundleLibRuntimeToDirDebug UP-TO-DATE
[        ] Caching disabled for task ':emoji_picker_flutter:bundleLibRuntimeToDirDebug' because:
[        ]   Build cache is disabled
[        ]   Simple merging task
[        ] Skipping task ':emoji_picker_flutter:bundleLibRuntimeToDirDebug' as it is up-to-date.
[        ] work action resolve bundleLibRuntimeToDirDebug (project :emoji_picker_flutter) (Thread[#42103,Execution worker Thread 22,5,main]) started.
[        ] ClassesDirToClassesTransform (Thread[#42103,Execution worker Thread 22,5,main]) started.
[        ] > Transform bundleLibRuntimeToDirDebug (project :connectivity_plus) with DexingNoClasspathTransform
[        ] Caching disabled for DexingNoClasspathTransform: /Users/florian/Code/substitution/build/connectivity_plus/intermediates/runtime_library_classes_dir/debug/bundleLibRuntimeToDirDebug because:
[        ]   Build cache is disabled
[        ] Skipping DexingNoClasspathTransform: /Users/florian/Code/substitution/build/connectivity_plus/intermediates/runtime_library_classes_dir/debug/bundleLibRuntimeToDirDebug as it is up-to-date.
[        ] Resolve mutations for :file_selector_android:bundleLibRuntimeToDirDebug (Thread[#42090,Execution worker Thread 9,5,main]) started.
[        ] DexingNoClasspathTransform (Thread[#42103,Execution worker Thread 22,5,main]) started.
[        ] :file_selector_android:bundleLibRuntimeToDirDebug (Thread[#42090,Execution worker Thread 9,5,main]) started.
[        ] > Transform bundleLibRuntimeToDirDebug (project :emoji_picker_flutter) with DexingNoClasspathTransform
[        ] Caching disabled for DexingNoClasspathTransform: /Users/florian/Code/substitution/build/emoji_picker_flutter/intermediates/runtime_library_classes_dir/debug/bundleLibRuntimeToDirDebug because:
[        ]   Build cache is disabled
[        ] Skipping DexingNoClasspathTransform: /Users/florian/Code/substitution/build/emoji_picker_flutter/intermediates/runtime_library_classes_dir/debug/bundleLibRuntimeToDirDebug as it is up-to-date.
[        ] > Task :file_selector_android:bundleLibRuntimeToDirDebug UP-TO-DATE
[        ] Caching disabled for task ':file_selector_android:bundleLibRuntimeToDirDebug' because:
[        ]   Build cache is disabled
[        ]   Simple merging task
[        ] Skipping task ':file_selector_android:bundleLibRuntimeToDirDebug' as it is up-to-date.
[        ] work action resolve bundleLibRuntimeToDirDebug (project :file_selector_android) (Thread[#42090,Execution worker Thread 9,5,main]) started.
[        ] ClassesDirToClassesTransform (Thread[#42090,Execution worker Thread 9,5,main]) started.
[        ] Resolve mutations for :flutter_keyboard_visibility_temp_fork:bundleLibRuntimeToDirDebug (Thread[#42103,Execution worker Thread 22,5,main]) started.
[        ] DexingNoClasspathTransform (Thread[#42090,Execution worker Thread 9,5,main]) started.
[        ] :flutter_keyboard_visibility_temp_fork:bundleLibRuntimeToDirDebug (Thread[#42103,Execution worker Thread 22,5,main]) started.
[        ] > Task :flutter_keyboard_visibility_temp_fork:bundleLibRuntimeToDirDebug UP-TO-DATE
[        ] Caching disabled for task ':flutter_keyboard_visibility_temp_fork:bundleLibRuntimeToDirDebug' because:
[        ]   Build cache is disabled
[        ]   Simple merging task
[        ] Skipping task ':flutter_keyboard_visibility_temp_fork:bundleLibRuntimeToDirDebug' as it is up-to-date.
[        ] work action resolve bundleLibRuntimeToDirDebug (project :flutter_keyboard_visibility_temp_fork) (Thread[#42103,Execution worker Thread 22,5,main]) started.
[        ] ClassesDirToClassesTransform (Thread[#42103,Execution worker Thread 22,5,main]) started.
[        ] Resolve mutations for :flutter_native_splash:bundleLibRuntimeToDirDebug (Thread[#42105,Execution worker Thread 24,5,main]) started.
[        ] :flutter_native_splash:bundleLibRuntimeToDirDebug (Thread[#42105,Execution worker Thread 24,5,main]) started.
[        ] DexingNoClasspathTransform (Thread[#42103,Execution worker Thread 22,5,main]) started.
[        ] > Transform bundleLibRuntimeToDirDebug (project :file_selector_android) with DexingNoClasspathTransform
[        ] Caching disabled for DexingNoClasspathTransform: /Users/florian/Code/substitution/build/file_selector_android/intermediates/runtime_library_classes_dir/debug/bundleLibRuntimeToDirDebug because:
[        ]   Build cache is disabled
[        ] Skipping DexingNoClasspathTransform: /Users/florian/Code/substitution/build/file_selector_android/intermediates/runtime_library_classes_dir/debug/bundleLibRuntimeToDirDebug as it is up-to-date.
[        ] > Task :flutter_native_splash:bundleLibRuntimeToDirDebug UP-TO-DATE
[        ] Caching disabled for task ':flutter_native_splash:bundleLibRuntimeToDirDebug' because:
[        ]   Build cache is disabled
[        ]   Simple merging task
[        ] Skipping task ':flutter_native_splash:bundleLibRuntimeToDirDebug' as it is up-to-date.
[        ] work action resolve bundleLibRuntimeToDirDebug (project :flutter_native_splash) (Thread[#42105,Execution worker Thread 24,5,main]) started.
[        ] ClassesDirToClassesTransform (Thread[#42105,Execution worker Thread 24,5,main]) started.
[        ] Resolve mutations for :flutter_olm:bundleLibRuntimeToDirDebug (Thread[#42110,Execution worker Thread 29,5,main]) started.
[        ] DexingNoClasspathTransform (Thread[#42105,Execution worker Thread 24,5,main]) started.
[        ] :flutter_olm:bundleLibRuntimeToDirDebug (Thread[#42110,Execution worker Thread 29,5,main]) started.
[        ] > Transform bundleLibRuntimeToDirDebug (project :flutter_keyboard_visibility_temp_fork) with DexingNoClasspathTransform
[        ] Caching disabled for DexingNoClasspathTransform: /Users/florian/Code/substitution/build/flutter_keyboard_visibility_temp_fork/intermediates/runtime_library_classes_dir/debug/bundleLibRuntimeToDirDebug because:
[        ]   Build cache is disabled
[        ] Skipping DexingNoClasspathTransform: /Users/florian/Code/substitution/build/flutter_keyboard_visibility_temp_fork/intermediates/runtime_library_classes_dir/debug/bundleLibRuntimeToDirDebug as it is up-to-date.
[        ] > Task :flutter_olm:bundleLibRuntimeToDirDebug UP-TO-DATE
[        ] Caching disabled for task ':flutter_olm:bundleLibRuntimeToDirDebug' because:
[        ]   Build cache is disabled
[        ]   Simple merging task
[        ] Skipping task ':flutter_olm:bundleLibRuntimeToDirDebug' as it is up-to-date.
[        ] > Transform bundleLibRuntimeToDirDebug (project :flutter_native_splash) with DexingNoClasspathTransform
[        ] Caching disabled for DexingNoClasspathTransform: /Users/florian/Code/substitution/build/flutter_native_splash/intermediates/runtime_library_classes_dir/debug/bundleLibRuntimeToDirDebug because:
[        ]   Build cache is disabled
[        ] Skipping DexingNoClasspathTransform: /Users/florian/Code/substitution/build/flutter_native_splash/intermediates/runtime_library_classes_dir/debug/bundleLibRuntimeToDirDebug as it is up-to-date.
[        ] work action resolve bundleLibRuntimeToDirDebug (project :flutter_olm) (Thread[#42110,Execution worker Thread 29,5,main]) started.
[        ] ClassesDirToClassesTransform (Thread[#42110,Execution worker Thread 29,5,main]) started.
[        ] Resolve mutations for :flutter_openssl_crypto:bundleLibRuntimeToDirDebug (Thread[#42095,Execution worker Thread 14,5,main]) started.
[        ] :flutter_openssl_crypto:bundleLibRuntimeToDirDebug (Thread[#42095,Execution worker Thread 14,5,main]) started.
[        ] DexingNoClasspathTransform (Thread[#42110,Execution worker Thread 29,5,main]) started.
[        ] > Task :flutter_openssl_crypto:bundleLibRuntimeToDirDebug UP-TO-DATE
[        ] Caching disabled for task ':flutter_openssl_crypto:bundleLibRuntimeToDirDebug' because:
[        ]   Build cache is disabled
[        ]   Simple merging task
[        ] Skipping task ':flutter_openssl_crypto:bundleLibRuntimeToDirDebug' as it is up-to-date.
[        ] work action resolve bundleLibRuntimeToDirDebug (project :flutter_openssl_crypto) (Thread[#42095,Execution worker Thread 14,5,main]) started.
[        ] ClassesDirToClassesTransform (Thread[#42095,Execution worker Thread 14,5,main]) started.
[        ] > Transform bundleLibRuntimeToDirDebug (project :flutter_olm) with DexingNoClasspathTransform
[        ] Caching disabled for DexingNoClasspathTransform: /Users/florian/Code/substitution/build/flutter_olm/intermediates/runtime_library_classes_dir/debug/bundleLibRuntimeToDirDebug because:
[        ]   Build cache is disabled
[        ] Skipping DexingNoClasspathTransform: /Users/florian/Code/substitution/build/flutter_olm/intermediates/runtime_library_classes_dir/debug/bundleLibRuntimeToDirDebug as it is up-to-date.
[        ] Resolve mutations for :integration_test:bundleLibRuntimeToDirDebug (Thread[#42096,Execution worker Thread 15,5,main]) started.
[        ] DexingNoClasspathTransform (Thread[#42095,Execution worker Thread 14,5,main]) started.
[        ] :integration_test:bundleLibRuntimeToDirDebug (Thread[#42096,Execution worker Thread 15,5,main]) started.
[        ] > Transform bundleLibRuntimeToDirDebug (project :flutter_openssl_crypto) with DexingNoClasspathTransform
[        ] Caching disabled for DexingNoClasspathTransform: /Users/florian/Code/substitution/build/flutter_openssl_crypto/intermediates/runtime_library_classes_dir/debug/bundleLibRuntimeToDirDebug because:
[        ]   Build cache is disabled
[        ] Skipping DexingNoClasspathTransform: /Users/florian/Code/substitution/build/flutter_openssl_crypto/intermediates/runtime_library_classes_dir/debug/bundleLibRuntimeToDirDebug as it is up-to-date.
[        ] > Task :integration_test:bundleLibRuntimeToDirDebug UP-TO-DATE
[        ] Caching disabled for task ':integration_test:bundleLibRuntimeToDirDebug' because:
[        ]   Build cache is disabled
[        ]   Simple merging task
[        ] Skipping task ':integration_test:bundleLibRuntimeToDirDebug' as it is up-to-date.
[        ] work action resolve bundleLibRuntimeToDirDebug (project :integration_test) (Thread[#42096,Execution worker Thread 15,5,main]) started.
[        ] ClassesDirToClassesTransform (Thread[#42096,Execution worker Thread 15,5,main]) started.
[        ] Resolve mutations for :path_provider_android:bundleLibRuntimeToDirDebug (Thread[#42108,Execution worker Thread 27,5,main]) started.
[        ] :path_provider_android:bundleLibRuntimeToDirDebug (Thread[#42108,Execution worker Thread 27,5,main]) started.
[        ] DexingNoClasspathTransform (Thread[#42096,Execution worker Thread 15,5,main]) started.
[        ] > Task :path_provider_android:bundleLibRuntimeToDirDebug UP-TO-DATE
[        ] Caching disabled for task ':path_provider_android:bundleLibRuntimeToDirDebug' because:
[        ]   Build cache is disabled
[        ]   Simple merging task
[        ] Skipping task ':path_provider_android:bundleLibRuntimeToDirDebug' as it is up-to-date.
[        ] work action resolve bundleLibRuntimeToDirDebug (project :path_provider_android) (Thread[#42108,Execution worker Thread 27,5,main]) started.
[        ] ClassesDirToClassesTransform (Thread[#42108,Execution worker Thread 27,5,main]) started.
[        ] Resolve mutations for :quill_native_bridge_android:bundleLibRuntimeToDirDebug (Thread[#42087,Execution worker Thread 7,5,main]) started.
[        ] > Transform bundleLibRuntimeToDirDebug (project :integration_test) with DexingNoClasspathTransform
[        ] Caching disabled for DexingNoClasspathTransform: /Users/florian/Code/substitution/build/integration_test/intermediates/runtime_library_classes_dir/debug/bundleLibRuntimeToDirDebug because:
[        ]   Build cache is disabled
[        ] Skipping DexingNoClasspathTransform: /Users/florian/Code/substitution/build/integration_test/intermediates/runtime_library_classes_dir/debug/bundleLibRuntimeToDirDebug as it is up-to-date.
[        ] :quill_native_bridge_android:bundleLibRuntimeToDirDebug (Thread[#42087,Execution worker Thread 7,5,main]) started.
[        ] DexingNoClasspathTransform (Thread[#42108,Execution worker Thread 27,5,main]) started.
[        ] > Transform bundleLibRuntimeToDirDebug (project :path_provider_android) with DexingNoClasspathTransform
[        ] Caching disabled for DexingNoClasspathTransform: /Users/florian/Code/substitution/build/path_provider_android/intermediates/runtime_library_classes_dir/debug/bundleLibRuntimeToDirDebug because:
[        ]   Build cache is disabled
[        ] Skipping DexingNoClasspathTransform: /Users/florian/Code/substitution/build/path_provider_android/intermediates/runtime_library_classes_dir/debug/bundleLibRuntimeToDirDebug as it is up-to-date.
[        ] > Task :quill_native_bridge_android:bundleLibRuntimeToDirDebug UP-TO-DATE
[        ] Caching disabled for task ':quill_native_bridge_android:bundleLibRuntimeToDirDebug' because:
[        ]   Build cache is disabled
[        ]   Simple merging task
[        ] Skipping task ':quill_native_bridge_android:bundleLibRuntimeToDirDebug' as it is up-to-date.
[        ] work action resolve bundleLibRuntimeToDirDebug (project :quill_native_bridge_android) (Thread[#42087,Execution worker Thread 7,5,main]) started.
[        ] ClassesDirToClassesTransform (Thread[#42087,Execution worker Thread 7,5,main]) started.
[        ] Resolve mutations for :shared_preferences_android:bundleLibRuntimeToDirDebug (Thread[#42102,Execution worker Thread 21,5,main]) started.
[        ] :shared_preferences_android:bundleLibRuntimeToDirDebug (Thread[#42102,Execution worker Thread 21,5,main]) started.
[        ] DexingNoClasspathTransform (Thread[#42087,Execution worker Thread 7,5,main]) started.
[        ] > Transform bundleLibRuntimeToDirDebug (project :quill_native_bridge_android) with DexingNoClasspathTransform
[        ] Caching disabled for DexingNoClasspathTransform: /Users/florian/Code/substitution/build/quill_native_bridge_android/intermediates/runtime_library_classes_dir/debug/bundleLibRuntimeToDirDebug because:
[        ]   Build cache is disabled
[        ] Skipping DexingNoClasspathTransform: /Users/florian/Code/substitution/build/quill_native_bridge_android/intermediates/runtime_library_classes_dir/debug/bundleLibRuntimeToDirDebug as it is up-to-date.
[        ] > Task :shared_preferences_android:bundleLibRuntimeToDirDebug UP-TO-DATE
[        ] Caching disabled for task ':shared_preferences_android:bundleLibRuntimeToDirDebug' because:
[        ]   Build cache is disabled
[        ]   Simple merging task
[        ] Skipping task ':shared_preferences_android:bundleLibRuntimeToDirDebug' as it is up-to-date.
[        ] work action resolve bundleLibRuntimeToDirDebug (project :shared_preferences_android) (Thread[#42102,Execution worker Thread 21,5,main]) started.
[        ] ClassesDirToClassesTransform (Thread[#42102,Execution worker Thread 21,5,main]) started.
[        ] Resolve mutations for :sqflite_android:bundleLibRuntimeToDirDebug (Thread[#42109,Execution worker Thread 28,5,main]) started.
[        ] :sqflite_android:bundleLibRuntimeToDirDebug (Thread[#42109,Execution worker Thread 28,5,main]) started.
[        ] DexingNoClasspathTransform (Thread[#42102,Execution worker Thread 21,5,main]) started.
[        ] > Task :sqflite_android:bundleLibRuntimeToDirDebug UP-TO-DATE
[        ] Caching disabled for task ':sqflite_android:bundleLibRuntimeToDirDebug' because:
[        ]   Build cache is disabled
[        ]   Simple merging task
[        ] Skipping task ':sqflite_android:bundleLibRuntimeToDirDebug' as it is up-to-date.
[        ] work action resolve bundleLibRuntimeToDirDebug (project :sqflite_android) (Thread[#42109,Execution worker Thread 28,5,main]) started.
[        ] ClassesDirToClassesTransform (Thread[#42109,Execution worker Thread 28,5,main]) started.
[        ] Resolve mutations for :url_launcher_android:bundleLibRuntimeToDirDebug (Thread[#42084,Execution worker Thread 4,5,main]) started.
[        ] DexingNoClasspathTransform (Thread[#42109,Execution worker Thread 28,5,main]) started.
[        ] :url_launcher_android:bundleLibRuntimeToDirDebug (Thread[#42084,Execution worker Thread 4,5,main]) started.
[        ] > Transform bundleLibRuntimeToDirDebug (project :shared_preferences_android) with DexingNoClasspathTransform
[        ] Caching disabled for DexingNoClasspathTransform: /Users/florian/Code/substitution/build/shared_preferences_android/intermediates/runtime_library_classes_dir/debug/bundleLibRuntimeToDirDebug because:
[        ]   Build cache is disabled
[        ] Skipping DexingNoClasspathTransform: /Users/florian/Code/substitution/build/shared_preferences_android/intermediates/runtime_library_classes_dir/debug/bundleLibRuntimeToDirDebug as it is up-to-date.
[        ] > Task :url_launcher_android:bundleLibRuntimeToDirDebug UP-TO-DATE
[        ] Caching disabled for task ':url_launcher_android:bundleLibRuntimeToDirDebug' because:
[        ]   Build cache is disabled
[        ]   Simple merging task
[        ] Skipping task ':url_launcher_android:bundleLibRuntimeToDirDebug' as it is up-to-date.
[        ] work action resolve bundleLibRuntimeToDirDebug (project :url_launcher_android) (Thread[#42084,Execution worker Thread 4,5,main]) started.
[        ] > Transform bundleLibRuntimeToDirDebug (project :sqflite_android) with DexingNoClasspathTransform
[        ] Caching disabled for DexingNoClasspathTransform: /Users/florian/Code/substitution/build/sqflite_android/intermediates/runtime_library_classes_dir/debug/bundleLibRuntimeToDirDebug because:
[        ]   Build cache is disabled
[        ] Skipping DexingNoClasspathTransform: /Users/florian/Code/substitution/build/sqflite_android/intermediates/runtime_library_classes_dir/debug/bundleLibRuntimeToDirDebug as it is up-to-date.
[        ] ClassesDirToClassesTransform (Thread[#42084,Execution worker Thread 4,5,main]) started.
[        ] Resolve mutations for :video_player_android:bundleLibRuntimeToDirDebug (Thread[#42097,Execution worker Thread 16,5,main]) started.
[        ] :video_player_android:bundleLibRuntimeToDirDebug (Thread[#42097,Execution worker Thread 16,5,main]) started.
[        ] DexingNoClasspathTransform (Thread[#42084,Execution worker Thread 4,5,main]) started.
[        ] > Transform bundleLibRuntimeToDirDebug (project :url_launcher_android) with DexingNoClasspathTransform
[        ] Caching disabled for DexingNoClasspathTransform: /Users/florian/Code/substitution/build/url_launcher_android/intermediates/runtime_library_classes_dir/debug/bundleLibRuntimeToDirDebug because:
[        ]   Build cache is disabled
[        ] Skipping DexingNoClasspathTransform: /Users/florian/Code/substitution/build/url_launcher_android/intermediates/runtime_library_classes_dir/debug/bundleLibRuntimeToDirDebug as it is up-to-date.
[        ] > Task :video_player_android:bundleLibRuntimeToDirDebug UP-TO-DATE
[        ] Caching disabled for task ':video_player_android:bundleLibRuntimeToDirDebug' because:
[        ]   Build cache is disabled
[        ]   Simple merging task
[        ] Skipping task ':video_player_android:bundleLibRuntimeToDirDebug' as it is up-to-date.
[        ] work action resolve bundleLibRuntimeToDirDebug (project :video_player_android) (Thread[#42097,Execution worker Thread 16,5,main]) started.
[        ] ClassesDirToClassesTransform (Thread[#42097,Execution worker Thread 16,5,main]) started.
[        ] Resolve mutations for :app:dexBuilderDebug (Thread[#42082,Execution worker Thread 2,5,main]) started.
[        ] DexingNoClasspathTransform (Thread[#42097,Execution worker Thread 16,5,main]) started.
[        ] :app:dexBuilderDebug (Thread[#42082,Execution worker Thread 2,5,main]) started.
[        ] > Task :app:dexBuilderDebug UP-TO-DATE
[        ] Caching disabled for task ':app:dexBuilderDebug' because:
[        ]   Build cache is disabled
[        ] Skipping task ':app:dexBuilderDebug' as it is up-to-date.
[        ] Resolve mutations for :app:mergeProjectDexDebug (Thread[#42082,Execution worker Thread 2,5,main]) started.
[        ] > Transform bundleLibRuntimeToDirDebug (project :video_player_android) with DexingNoClasspathTransform
[        ] Caching disabled for DexingNoClasspathTransform: /Users/florian/Code/substitution/build/video_player_android/intermediates/runtime_library_classes_dir/debug/bundleLibRuntimeToDirDebug because:
[        ]   Build cache is disabled
[        ] Skipping DexingNoClasspathTransform: /Users/florian/Code/substitution/build/video_player_android/intermediates/runtime_library_classes_dir/debug/bundleLibRuntimeToDirDebug as it is up-to-date.
[        ] Resolve mutations for :app:mergeLibDexDebug (Thread[#42082,Execution worker Thread 2,5,main]) started.
[        ] :app:mergeLibDexDebug (Thread[#42082,Execution worker Thread 2,5,main]) started.
[        ] > Task :app:mergeLibDexDebug UP-TO-DATE
[        ] Caching disabled for task ':app:mergeLibDexDebug' because:
[        ]   Build cache is disabled
[        ] Skipping task ':app:mergeLibDexDebug' as it is up-to-date.
[        ] :app:mergeProjectDexDebug (Thread[#42082,Execution worker Thread 2,5,main]) started.
[        ] > Task :app:mergeProjectDexDebug UP-TO-DATE
[        ] Caching disabled for task ':app:mergeProjectDexDebug' because:
[        ]   Build cache is disabled
[        ] Skipping task ':app:mergeProjectDexDebug' as it is up-to-date.
[        ] Resolve mutations for :app:configureCMakeDebug[arm64-v8a] (Thread[#42082,Execution worker Thread 2,5,main]) started.
[        ] :app:configureCMakeDebug[arm64-v8a] (Thread[#42082,Execution worker Thread 2,5,main]) started.
[        ] > Task :app:configureCMakeDebug[arm64-v8a]
[        ] Caching disabled for task ':app:configureCMakeDebug[arm64-v8a]' because:
[        ]   Build cache is disabled
[        ]   Caching has been disabled for the task
[        ] Task ':app:configureCMakeDebug[arm64-v8a]' is not up-to-date because:
[        ]   Task.upToDateWhen is false.
[        ] C/C++: /opt/homebrew/share/flutter/packages/flutter_tools/gradle/src/main/scripts/CMakeLists.txt debug|arm64-v8a : Start JSON generation. Platform version: 24 min SDK version: arm64-v8a
[        ] C/C++: /opt/homebrew/share/flutter/packages/flutter_tools/gradle/src/main/scripts/CMakeLists.txt debug|arm64-v8a : JSON '/Users/florian/Code/substitution/build/.cxx/debug/x6546535/arm64-v8a/android_gradle_build.json' was up-to-date
[        ] C/C++: /opt/homebrew/share/flutter/packages/flutter_tools/gradle/src/main/scripts/CMakeLists.txt debug|arm64-v8a : JSON generation completed without problems
[        ] C/C++: /opt/homebrew/share/flutter/packages/flutter_tools/gradle/src/main/scripts/CMakeLists.txt debug|arm64-v8a : Writing build model to /Users/florian/Code/substitution/build/app/intermediates/cxx/debug/x6546535/logs/arm64-v8a/build_model.json
[        ] Resolve mutations for :app:buildCMakeDebug[arm64-v8a] (Thread[#42082,Execution worker Thread 2,5,main]) started.
[        ] :app:buildCMakeDebug[arm64-v8a] (Thread[#42082,Execution worker Thread 2,5,main]) started.
[        ] > Task :app:buildCMakeDebug[arm64-v8a]
[        ] Caching disabled for task ':app:buildCMakeDebug[arm64-v8a]' because:
[        ]   Build cache is disabled
[        ]   Caching has been disabled for the task
[        ] Task ':app:buildCMakeDebug[arm64-v8a]' is not up-to-date because:
[        ]   Task.upToDateWhen is false.
[        ] C/C++: starting build
[        ] C/C++: reading expected JSONs
[        ] C/C++: done reading expected JSONs
[        ] C/C++: executing build commands for targets that produce .so files or executables
[        ] C/C++: evaluate miniconfig
[        ] C/C++: no libraries
[        ] Resolve mutations for :app:configureCMakeDebug[armeabi-v7a] (Thread[#42082,Execution worker Thread 2,5,main]) started.
[        ] :app:configureCMakeDebug[armeabi-v7a] (Thread[#42082,Execution worker Thread 2,5,main]) started.
[        ] > Task :app:configureCMakeDebug[armeabi-v7a]
[        ] Caching disabled for task ':app:configureCMakeDebug[armeabi-v7a]' because:
[        ]   Build cache is disabled
[        ]   Caching has been disabled for the task
[        ] Task ':app:configureCMakeDebug[armeabi-v7a]' is not up-to-date because:
[        ]   Task.upToDateWhen is false.
[        ] C/C++: /opt/homebrew/share/flutter/packages/flutter_tools/gradle/src/main/scripts/CMakeLists.txt debug|armeabi-v7a : Start JSON generation. Platform version: 24 min SDK version: armeabi-v7a
[        ] C/C++: /opt/homebrew/share/flutter/packages/flutter_tools/gradle/src/main/scripts/CMakeLists.txt debug|armeabi-v7a : JSON '/Users/florian/Code/substitution/build/.cxx/debug/x6546535/armeabi-v7a/android_gradle_build.json' was up-to-date
[        ] C/C++: /opt/homebrew/share/flutter/packages/flutter_tools/gradle/src/main/scripts/CMakeLists.txt debug|armeabi-v7a : JSON generation completed without problems
[        ] C/C++: /opt/homebrew/share/flutter/packages/flutter_tools/gradle/src/main/scripts/CMakeLists.txt debug|armeabi-v7a : Writing build model to /Users/florian/Code/substitution/build/app/intermediates/cxx/debug/x6546535/logs/armeabi-v7a/build_model.json
[        ] Resolve mutations for :app:buildCMakeDebug[armeabi-v7a] (Thread[#42082,Execution worker Thread 2,5,main]) started.
[        ] :app:buildCMakeDebug[armeabi-v7a] (Thread[#42082,Execution worker Thread 2,5,main]) started.
[        ] > Task :app:buildCMakeDebug[armeabi-v7a]
[        ] Caching disabled for task ':app:buildCMakeDebug[armeabi-v7a]' because:
[        ]   Build cache is disabled
[        ]   Caching has been disabled for the task
[        ] Task ':app:buildCMakeDebug[armeabi-v7a]' is not up-to-date because:
[        ]   Task.upToDateWhen is false.
[        ] C/C++: starting build
[        ] C/C++: reading expected JSONs
[        ] C/C++: done reading expected JSONs
[        ] C/C++: executing build commands for targets that produce .so files or executables
[        ] C/C++: evaluate miniconfig
[        ] C/C++: no libraries
[        ] Resolve mutations for :app:configureCMakeDebug[x86_64] (Thread[#42082,Execution worker Thread 2,5,main]) started.
[        ] :app:configureCMakeDebug[x86_64] (Thread[#42082,Execution worker Thread 2,5,main]) started.
[        ] > Task :app:configureCMakeDebug[x86_64]
[        ] Caching disabled for task ':app:configureCMakeDebug[x86_64]' because:
[        ]   Build cache is disabled
[        ]   Caching has been disabled for the task
[        ] Task ':app:configureCMakeDebug[x86_64]' is not up-to-date because:
[        ]   Task.upToDateWhen is false.
[        ] C/C++: /opt/homebrew/share/flutter/packages/flutter_tools/gradle/src/main/scripts/CMakeLists.txt debug|x86_64 : Start JSON generation. Platform version: 24 min SDK version: x86_64
[        ] C/C++: /opt/homebrew/share/flutter/packages/flutter_tools/gradle/src/main/scripts/CMakeLists.txt debug|x86_64 : JSON '/Users/florian/Code/substitution/build/.cxx/debug/x6546535/x86_64/android_gradle_build.json' was up-to-date
[        ] C/C++: /opt/homebrew/share/flutter/packages/flutter_tools/gradle/src/main/scripts/CMakeLists.txt debug|x86_64 : JSON generation completed without problems
[        ] C/C++: /opt/homebrew/share/flutter/packages/flutter_tools/gradle/src/main/scripts/CMakeLists.txt debug|x86_64 : Writing build model to /Users/florian/Code/substitution/build/app/intermediates/cxx/debug/x6546535/logs/x86_64/build_model.json
[        ] Resolve mutations for :app:buildCMakeDebug[x86_64] (Thread[#42082,Execution worker Thread 2,5,main]) started.
[        ] :app:buildCMakeDebug[x86_64] (Thread[#42082,Execution worker Thread 2,5,main]) started.
[        ] > Task :app:buildCMakeDebug[x86_64]
[        ] Caching disabled for task ':app:buildCMakeDebug[x86_64]' because:
[        ]   Build cache is disabled
[        ]   Caching has been disabled for the task
[        ] Task ':app:buildCMakeDebug[x86_64]' is not up-to-date because:
[        ]   Task.upToDateWhen is false.
[        ] C/C++: starting build
[        ] C/C++: reading expected JSONs
[        ] C/C++: done reading expected JSONs
[        ] C/C++: executing build commands for targets that produce .so files or executables
[        ] C/C++: evaluate miniconfig
[        ] C/C++: no libraries
[        ] Resolve mutations for :app:mergeDebugJniLibFolders (Thread[#42082,Execution worker Thread 2,5,main]) started.
[        ] :app:mergeDebugJniLibFolders (Thread[#42082,Execution worker Thread 2,5,main]) started.
[        ] > Task :app:mergeDebugJniLibFolders UP-TO-DATE
[        ] Caching disabled for task ':app:mergeDebugJniLibFolders' because:
[        ]   Build cache is disabled
[        ]   Simple merging task
[        ] Skipping task ':app:mergeDebugJniLibFolders' as it is up-to-date.
[        ] Resolve mutations for :connectivity_plus:mergeDebugJniLibFolders (Thread[#42082,Execution worker Thread 2,5,main]) started.
[        ] :connectivity_plus:mergeDebugJniLibFolders (Thread[#42082,Execution worker Thread 2,5,main]) started.
[        ] > Task :connectivity_plus:mergeDebugJniLibFolders UP-TO-DATE
[        ] Caching disabled for task ':connectivity_plus:mergeDebugJniLibFolders' because:
[        ]   Build cache is disabled
[        ]   Simple merging task
[        ] Skipping task ':connectivity_plus:mergeDebugJniLibFolders' as it is up-to-date.
[        ] Resolve mutations for :connectivity_plus:mergeDebugNativeLibs (Thread[#42082,Execution worker Thread 2,5,main]) started.
[        ] :connectivity_plus:mergeDebugNativeLibs (Thread[#42082,Execution worker Thread 2,5,main]) started.
[        ] > Task :connectivity_plus:mergeDebugNativeLibs NO-SOURCE
[        ] Skipping task ':connectivity_plus:mergeDebugNativeLibs' as it has no source files and no previous output files.
[        ] Resolve mutations for :connectivity_plus:copyDebugJniLibsProjectOnly (Thread[#42082,Execution worker Thread 2,5,main]) started.
[        ] :connectivity_plus:copyDebugJniLibsProjectOnly (Thread[#42082,Execution worker Thread 2,5,main]) started.
[        ] > Task :connectivity_plus:copyDebugJniLibsProjectOnly UP-TO-DATE
[        ] Caching disabled for task ':connectivity_plus:copyDebugJniLibsProjectOnly' because:
[        ]   Build cache is disabled
[        ]   Caching has been disabled for the task
[        ] Skipping task ':connectivity_plus:copyDebugJniLibsProjectOnly' as it is up-to-date.
[        ] work action resolve jni (project :connectivity_plus) (Thread[#42082,Execution worker Thread 2,5,main]) started.
[        ] Resolve mutations for :emoji_picker_flutter:mergeDebugJniLibFolders (Thread[#42082,Execution worker Thread 2,5,main]) started.
[        ] :emoji_picker_flutter:mergeDebugJniLibFolders (Thread[#42082,Execution worker Thread 2,5,main]) started.
[        ] > Task :emoji_picker_flutter:mergeDebugJniLibFolders UP-TO-DATE
[        ] Caching disabled for task ':emoji_picker_flutter:mergeDebugJniLibFolders' because:
[        ]   Build cache is disabled
[        ]   Simple merging task
[        ] Skipping task ':emoji_picker_flutter:mergeDebugJniLibFolders' as it is up-to-date.
[        ] Resolve mutations for :emoji_picker_flutter:mergeDebugNativeLibs (Thread[#42082,Execution worker Thread 2,5,main]) started.
[        ] :emoji_picker_flutter:mergeDebugNativeLibs (Thread[#42082,Execution worker Thread 2,5,main]) started.
[        ] > Task :emoji_picker_flutter:mergeDebugNativeLibs NO-SOURCE
[        ] Skipping task ':emoji_picker_flutter:mergeDebugNativeLibs' as it has no source files and no previous output files.
[        ] Resolve mutations for :emoji_picker_flutter:copyDebugJniLibsProjectOnly (Thread[#42082,Execution worker Thread 2,5,main]) started.
[        ] :emoji_picker_flutter:copyDebugJniLibsProjectOnly (Thread[#42082,Execution worker Thread 2,5,main]) started.
[        ] > Task :emoji_picker_flutter:copyDebugJniLibsProjectOnly UP-TO-DATE
[        ] Caching disabled for task ':emoji_picker_flutter:copyDebugJniLibsProjectOnly' because:
[        ]   Build cache is disabled
[        ]   Caching has been disabled for the task
[        ] Skipping task ':emoji_picker_flutter:copyDebugJniLibsProjectOnly' as it is up-to-date.
[        ] work action resolve jni (project :emoji_picker_flutter) (Thread[#42082,Execution worker Thread 2,5,main]) started.
[        ] Resolve mutations for :file_selector_android:mergeDebugJniLibFolders (Thread[#42082,Execution worker Thread 2,5,main]) started.
[        ] :file_selector_android:mergeDebugJniLibFolders (Thread[#42082,Execution worker Thread 2,5,main]) started.
[        ] > Task :file_selector_android:mergeDebugJniLibFolders UP-TO-DATE
[        ] Caching disabled for task ':file_selector_android:mergeDebugJniLibFolders' because:
[        ]   Build cache is disabled
[        ]   Simple merging task
[        ] Skipping task ':file_selector_android:mergeDebugJniLibFolders' as it is up-to-date.
[        ] Resolve mutations for :file_selector_android:mergeDebugNativeLibs (Thread[#42082,Execution worker Thread 2,5,main]) started.
[        ] :file_selector_android:mergeDebugNativeLibs (Thread[#42082,Execution worker Thread 2,5,main]) started.
[        ] > Task :file_selector_android:mergeDebugNativeLibs NO-SOURCE
[        ] Skipping task ':file_selector_android:mergeDebugNativeLibs' as it has no source files and no previous output files.
[        ] Resolve mutations for :file_selector_android:copyDebugJniLibsProjectOnly (Thread[#42082,Execution worker Thread 2,5,main]) started.
[        ] :file_selector_android:copyDebugJniLibsProjectOnly (Thread[#42082,Execution worker Thread 2,5,main]) started.
[        ] > Task :file_selector_android:copyDebugJniLibsProjectOnly UP-TO-DATE
[        ] Caching disabled for task ':file_selector_android:copyDebugJniLibsProjectOnly' because:
[        ]   Build cache is disabled
[        ]   Caching has been disabled for the task
[        ] Skipping task ':file_selector_android:copyDebugJniLibsProjectOnly' as it is up-to-date.
[        ] work action resolve jni (project :file_selector_android) (Thread[#42082,Execution worker Thread 2,5,main]) started.
[        ] Resolve mutations for :flutter_keyboard_visibility_temp_fork:mergeDebugJniLibFolders (Thread[#42082,Execution worker Thread 2,5,main]) started.
[        ] :flutter_keyboard_visibility_temp_fork:mergeDebugJniLibFolders (Thread[#42082,Execution worker Thread 2,5,main]) started.
[        ] > Task :flutter_keyboard_visibility_temp_fork:mergeDebugJniLibFolders UP-TO-DATE
[        ] Caching disabled for task ':flutter_keyboard_visibility_temp_fork:mergeDebugJniLibFolders' because:
[        ]   Build cache is disabled
[        ]   Simple merging task
[        ] Skipping task ':flutter_keyboard_visibility_temp_fork:mergeDebugJniLibFolders' as it is up-to-date.
[        ] Resolve mutations for :flutter_keyboard_visibility_temp_fork:mergeDebugNativeLibs (Thread[#42082,Execution worker Thread 2,5,main]) started.
[        ] :flutter_keyboard_visibility_temp_fork:mergeDebugNativeLibs (Thread[#42082,Execution worker Thread 2,5,main]) started.
[        ] > Task :flutter_keyboard_visibility_temp_fork:mergeDebugNativeLibs NO-SOURCE
[        ] Skipping task ':flutter_keyboard_visibility_temp_fork:mergeDebugNativeLibs' as it has no source files and no previous output files.
[        ] Resolve mutations for :flutter_keyboard_visibility_temp_fork:copyDebugJniLibsProjectOnly (Thread[#42082,Execution worker Thread 2,5,main]) started.
[        ] :flutter_keyboard_visibility_temp_fork:copyDebugJniLibsProjectOnly (Thread[#42082,Execution worker Thread 2,5,main]) started.
[        ] > Task :flutter_keyboard_visibility_temp_fork:copyDebugJniLibsProjectOnly UP-TO-DATE
[        ] Caching disabled for task ':flutter_keyboard_visibility_temp_fork:copyDebugJniLibsProjectOnly' because:
[        ]   Build cache is disabled
[        ]   Caching has been disabled for the task
[        ] Skipping task ':flutter_keyboard_visibility_temp_fork:copyDebugJniLibsProjectOnly' as it is up-to-date.
[        ] work action resolve jni (project :flutter_keyboard_visibility_temp_fork) (Thread[#42082,Execution worker Thread 2,5,main]) started.
[        ] Resolve mutations for :flutter_native_splash:mergeDebugJniLibFolders (Thread[#42082,Execution worker Thread 2,5,main]) started.
[        ] :flutter_native_splash:mergeDebugJniLibFolders (Thread[#42082,Execution worker Thread 2,5,main]) started.
[        ] > Task :flutter_native_splash:mergeDebugJniLibFolders UP-TO-DATE
[        ] Caching disabled for task ':flutter_native_splash:mergeDebugJniLibFolders' because:
[        ]   Build cache is disabled
[        ]   Simple merging task
[        ] Skipping task ':flutter_native_splash:mergeDebugJniLibFolders' as it is up-to-date.
[        ] Resolve mutations for :flutter_native_splash:mergeDebugNativeLibs (Thread[#42082,Execution worker Thread 2,5,main]) started.
[        ] :flutter_native_splash:mergeDebugNativeLibs (Thread[#42082,Execution worker Thread 2,5,main]) started.
[        ] > Task :flutter_native_splash:mergeDebugNativeLibs NO-SOURCE
[        ] Skipping task ':flutter_native_splash:mergeDebugNativeLibs' as it has no source files and no previous output files.
[        ] Resolve mutations for :flutter_native_splash:copyDebugJniLibsProjectOnly (Thread[#42082,Execution worker Thread 2,5,main]) started.
[        ] :flutter_native_splash:copyDebugJniLibsProjectOnly (Thread[#42082,Execution worker Thread 2,5,main]) started.
[        ] > Task :flutter_native_splash:copyDebugJniLibsProjectOnly UP-TO-DATE
[        ] Caching disabled for task ':flutter_native_splash:copyDebugJniLibsProjectOnly' because:
[        ]   Build cache is disabled
[        ]   Caching has been disabled for the task
[        ] Skipping task ':flutter_native_splash:copyDebugJniLibsProjectOnly' as it is up-to-date.
[        ] work action resolve jni (project :flutter_native_splash) (Thread[#42082,Execution worker Thread 2,5,main]) started.
[        ] Resolve mutations for :flutter_olm:preProfileBuild (Thread[#42082,Execution worker Thread 2,5,main]) started.
[        ] :flutter_olm:preProfileBuild (Thread[#42082,Execution worker Thread 2,5,main]) started.
[        ] > Task :flutter_olm:preProfileBuild UP-TO-DATE
[        ] Skipping task ':flutter_olm:preProfileBuild' as it has no actions.
[        ] Resolve mutations for :flutter_olm:configureCMakeDebug[arm64-v8a] (Thread[#42082,Execution worker Thread 2,5,main]) started.
[        ] :flutter_olm:configureCMakeDebug[arm64-v8a] (Thread[#42082,Execution worker Thread 2,5,main]) started.
[        ] > Task :flutter_olm:configureCMakeDebug[arm64-v8a]
[        ] Caching disabled for task ':flutter_olm:configureCMakeDebug[arm64-v8a]' because:
[        ]   Build cache is disabled
[        ]   Caching has been disabled for the task
[        ] Task ':flutter_olm:configureCMakeDebug[arm64-v8a]' is not up-to-date because:
[        ]   Task.upToDateWhen is false.
[        ] C/C++: /Users/florian/.pub-cache/hosted/pub.dev/flutter_olm-2.0.0/ios/CMakeLists.txt profile|arm64-v8a : Start JSON generation. Platform version: 21 min SDK version: arm64-v8a
[        ] C/C++: /Users/florian/.pub-cache/hosted/pub.dev/flutter_olm-2.0.0/ios/CMakeLists.txt profile|arm64-v8a : JSON '/Users/florian/.pub-cache/hosted/pub.dev/flutter_olm-2.0.0/android/.cxx/Debug/611a6669/arm64-v8a/android_gradle_build.json' was up-to-date
[        ] C/C++: /Users/florian/.pub-cache/hosted/pub.dev/flutter_olm-2.0.0/ios/CMakeLists.txt profile|arm64-v8a : JSON generation completed without problems
[        ] C/C++: /Users/florian/.pub-cache/hosted/pub.dev/flutter_olm-2.0.0/ios/CMakeLists.txt profile|arm64-v8a : Writing build model to /Users/florian/Code/substitution/build/flutter_olm/intermediates/cxx/Debug/611a6669/logs/arm64-v8a/build_model.json
[        ] Resolve mutations for :flutter_olm:buildCMakeDebug[arm64-v8a] (Thread[#42082,Execution worker Thread 2,5,main]) started.
[        ] :flutter_olm:buildCMakeDebug[arm64-v8a] (Thread[#42082,Execution worker Thread 2,5,main]) started.
[        ] > Task :flutter_olm:buildCMakeDebug[arm64-v8a]
[        ] Caching disabled for task ':flutter_olm:buildCMakeDebug[arm64-v8a]' because:
[        ]   Build cache is disabled
[        ]   Caching has been disabled for the task
[        ] Task ':flutter_olm:buildCMakeDebug[arm64-v8a]' is not up-to-date because:
[        ]   Task.upToDateWhen is false.
[        ] C/C++: starting build
[        ] C/C++: reading expected JSONs
[        ] C/C++: done reading expected JSONs
[        ] C/C++: executing build commands for targets that produce .so files or executables
[        ] C/C++: evaluate miniconfig
[        ] C/C++: evaluate library olm (arm64-v8a)
[        ] C/C++: building target library olm because no targets are specified.
[        ] C/C++: about to build targets olm
[        ] C/C++: Build olm
[        ] C/C++: /Users/florian/Library/Android/sdk/cmake/3.22.1/bin/ninja \
[        ]   -C \
[        ]   /Users/florian/.pub-cache/hosted/pub.dev/flutter_olm-2.0.0/android/.cxx/Debug/611a6669/arm64-v8a \
[        ]   olm
[        ] Starting process 'command '/Users/florian/Library/Android/sdk/cmake/3.22.1/bin/ninja''. Working directory: /Users/florian/.pub-cache/hosted/pub.dev/flutter_olm-2.0.0/android Command: /Users/florian/Library/Android/sdk/cmake/3.22.1/bin/ninja -C /Users/florian/.pub-cache/hosted/pub.dev/flutter_olm-2.0.0/android/.cxx/Debug/611a6669/arm64-v8a olm
[        ] Successfully started process 'command '/Users/florian/Library/Android/sdk/cmake/3.22.1/bin/ninja''
[        ] C/C++: Received process result: 0
[        ] C/C++: check expected build outputs
[        ] C/C++: build complete
[        ] Resolve mutations for :flutter_olm:configureCMakeDebug[armeabi-v7a] (Thread[#42082,Execution worker Thread 2,5,main]) started.
[        ] :flutter_olm:configureCMakeDebug[armeabi-v7a] (Thread[#42082,Execution worker Thread 2,5,main]) started.
[        ] > Task :flutter_olm:configureCMakeDebug[armeabi-v7a]
[        ] Caching disabled for task ':flutter_olm:configureCMakeDebug[armeabi-v7a]' because:
[        ]   Build cache is disabled
[        ]   Caching has been disabled for the task
[        ] Task ':flutter_olm:configureCMakeDebug[armeabi-v7a]' is not up-to-date because:
[        ]   Task.upToDateWhen is false.
[        ] C/C++: /Users/florian/.pub-cache/hosted/pub.dev/flutter_olm-2.0.0/ios/CMakeLists.txt profile|armeabi-v7a : Start JSON generation. Platform version: 21 min SDK version: armeabi-v7a
[        ] C/C++: /Users/florian/.pub-cache/hosted/pub.dev/flutter_olm-2.0.0/ios/CMakeLists.txt profile|armeabi-v7a : JSON '/Users/florian/.pub-cache/hosted/pub.dev/flutter_olm-2.0.0/android/.cxx/Debug/611a6669/armeabi-v7a/android_gradle_build.json' was up-to-date
[        ] C/C++: /Users/florian/.pub-cache/hosted/pub.dev/flutter_olm-2.0.0/ios/CMakeLists.txt profile|armeabi-v7a : JSON generation completed without problems
[        ] C/C++: /Users/florian/.pub-cache/hosted/pub.dev/flutter_olm-2.0.0/ios/CMakeLists.txt profile|armeabi-v7a : Writing build model to /Users/florian/Code/substitution/build/flutter_olm/intermediates/cxx/Debug/611a6669/logs/armeabi-v7a/build_model.json
[        ] Resolve mutations for :flutter_olm:buildCMakeDebug[armeabi-v7a] (Thread[#42082,Execution worker Thread 2,5,main]) started.
[        ] :flutter_olm:buildCMakeDebug[armeabi-v7a] (Thread[#42082,Execution worker Thread 2,5,main]) started.
[        ] > Task :flutter_olm:buildCMakeDebug[armeabi-v7a]
[        ] Caching disabled for task ':flutter_olm:buildCMakeDebug[armeabi-v7a]' because:
[        ]   Build cache is disabled
[        ]   Caching has been disabled for the task
[        ] Task ':flutter_olm:buildCMakeDebug[armeabi-v7a]' is not up-to-date because:
[        ]   Task.upToDateWhen is false.
[        ] C/C++: starting build
[        ] C/C++: reading expected JSONs
[        ] C/C++: done reading expected JSONs
[        ] C/C++: executing build commands for targets that produce .so files or executables
[        ] C/C++: evaluate miniconfig
[        ] C/C++: evaluate library olm (armeabi-v7a)
[        ] C/C++: building target library olm because no targets are specified.
[        ] C/C++: about to build targets olm
[        ] C/C++: Build olm
[        ] C/C++: /Users/florian/Library/Android/sdk/cmake/3.22.1/bin/ninja \
[        ]   -C \
[        ]   /Users/florian/.pub-cache/hosted/pub.dev/flutter_olm-2.0.0/android/.cxx/Debug/611a6669/armeabi-v7a \
[        ]   olm
[        ] Starting process 'command '/Users/florian/Library/Android/sdk/cmake/3.22.1/bin/ninja''. Working directory: /Users/florian/.pub-cache/hosted/pub.dev/flutter_olm-2.0.0/android Command: /Users/florian/Library/Android/sdk/cmake/3.22.1/bin/ninja -C /Users/florian/.pub-cache/hosted/pub.dev/flutter_olm-2.0.0/android/.cxx/Debug/611a6669/armeabi-v7a olm
[        ] Successfully started process 'command '/Users/florian/Library/Android/sdk/cmake/3.22.1/bin/ninja''
[        ] C/C++: Received process result: 0
[        ] C/C++: check expected build outputs
[        ] C/C++: build complete
[        ] Resolve mutations for :flutter_olm:configureCMakeDebug[x86] (Thread[#42082,Execution worker Thread 2,5,main]) started.
[        ] :flutter_olm:configureCMakeDebug[x86] (Thread[#42082,Execution worker Thread 2,5,main]) started.
[        ] > Task :flutter_olm:configureCMakeDebug[x86]
[        ] Caching disabled for task ':flutter_olm:configureCMakeDebug[x86]' because:
[        ]   Build cache is disabled
[        ]   Caching has been disabled for the task
[        ] Task ':flutter_olm:configureCMakeDebug[x86]' is not up-to-date because:
[        ]   Task.upToDateWhen is false.
[        ] C/C++: /Users/florian/.pub-cache/hosted/pub.dev/flutter_olm-2.0.0/ios/CMakeLists.txt profile|x86 : Start JSON generation. Platform version: 21 min SDK version: x86
[        ] C/C++: /Users/florian/.pub-cache/hosted/pub.dev/flutter_olm-2.0.0/ios/CMakeLists.txt profile|x86 : JSON '/Users/florian/.pub-cache/hosted/pub.dev/flutter_olm-2.0.0/android/.cxx/Debug/611a6669/x86/android_gradle_build.json' was up-to-date
[        ] C/C++: /Users/florian/.pub-cache/hosted/pub.dev/flutter_olm-2.0.0/ios/CMakeLists.txt profile|x86 : JSON generation completed without problems
[        ] C/C++: /Users/florian/.pub-cache/hosted/pub.dev/flutter_olm-2.0.0/ios/CMakeLists.txt profile|x86 : Writing build model to /Users/florian/Code/substitution/build/flutter_olm/intermediates/cxx/Debug/611a6669/logs/x86/build_model.json
[        ] Resolve mutations for :flutter_olm:buildCMakeDebug[x86] (Thread[#42082,Execution worker Thread 2,5,main]) started.
[        ] :flutter_olm:buildCMakeDebug[x86] (Thread[#42082,Execution worker Thread 2,5,main]) started.
[        ] > Task :flutter_olm:buildCMakeDebug[x86]
[        ] Caching disabled for task ':flutter_olm:buildCMakeDebug[x86]' because:
[        ]   Build cache is disabled
[        ]   Caching has been disabled for the task
[        ] Task ':flutter_olm:buildCMakeDebug[x86]' is not up-to-date because:
[        ]   Task.upToDateWhen is false.
[        ] C/C++: starting build
[        ] C/C++: reading expected JSONs
[        ] C/C++: done reading expected JSONs
[        ] C/C++: executing build commands for targets that produce .so files or executables
[        ] C/C++: evaluate miniconfig
[        ] C/C++: evaluate library olm (x86)
[        ] C/C++: building target library olm because no targets are specified.
[        ] C/C++: about to build targets olm
[        ] C/C++: Build olm
[        ] C/C++: /Users/florian/Library/Android/sdk/cmake/3.22.1/bin/ninja \
[        ]   -C \
[        ]   /Users/florian/.pub-cache/hosted/pub.dev/flutter_olm-2.0.0/android/.cxx/Debug/611a6669/x86 \
[        ]   olm
[        ] Starting process 'command '/Users/florian/Library/Android/sdk/cmake/3.22.1/bin/ninja''. Working directory: /Users/florian/.pub-cache/hosted/pub.dev/flutter_olm-2.0.0/android Command: /Users/florian/Library/Android/sdk/cmake/3.22.1/bin/ninja -C /Users/florian/.pub-cache/hosted/pub.dev/flutter_olm-2.0.0/android/.cxx/Debug/611a6669/x86 olm
[        ] Successfully started process 'command '/Users/florian/Library/Android/sdk/cmake/3.22.1/bin/ninja''
[        ] C/C++: Received process result: 0
[        ] C/C++: check expected build outputs
[        ] C/C++: build complete
[        ] Resolve mutations for :flutter_olm:configureCMakeDebug[x86_64] (Thread[#42082,Execution worker Thread 2,5,main]) started.
[        ] :flutter_olm:configureCMakeDebug[x86_64] (Thread[#42082,Execution worker Thread 2,5,main]) started.
[        ] > Task :flutter_olm:configureCMakeDebug[x86_64]
[        ] Caching disabled for task ':flutter_olm:configureCMakeDebug[x86_64]' because:
[        ]   Build cache is disabled
[        ]   Caching has been disabled for the task
[        ] Task ':flutter_olm:configureCMakeDebug[x86_64]' is not up-to-date because:
[        ]   Task.upToDateWhen is false.
[        ] C/C++: /Users/florian/.pub-cache/hosted/pub.dev/flutter_olm-2.0.0/ios/CMakeLists.txt profile|x86_64 : Start JSON generation. Platform version: 21 min SDK version: x86_64
[        ] C/C++: /Users/florian/.pub-cache/hosted/pub.dev/flutter_olm-2.0.0/ios/CMakeLists.txt profile|x86_64 : JSON '/Users/florian/.pub-cache/hosted/pub.dev/flutter_olm-2.0.0/android/.cxx/Debug/611a6669/x86_64/android_gradle_build.json' was up-to-date
[        ] C/C++: /Users/florian/.pub-cache/hosted/pub.dev/flutter_olm-2.0.0/ios/CMakeLists.txt profile|x86_64 : JSON generation completed without problems
[        ] C/C++: /Users/florian/.pub-cache/hosted/pub.dev/flutter_olm-2.0.0/ios/CMakeLists.txt profile|x86_64 : Writing build model to /Users/florian/Code/substitution/build/flutter_olm/intermediates/cxx/Debug/611a6669/logs/x86_64/build_model.json
[        ] Resolve mutations for :flutter_olm:buildCMakeDebug[x86_64] (Thread[#42082,Execution worker Thread 2,5,main]) started.
[        ] :flutter_olm:buildCMakeDebug[x86_64] (Thread[#42082,Execution worker Thread 2,5,main]) started.
[        ] > Task :flutter_olm:buildCMakeDebug[x86_64]
[        ] Caching disabled for task ':flutter_olm:buildCMakeDebug[x86_64]' because:
[        ]   Build cache is disabled
[        ]   Caching has been disabled for the task
[        ] Task ':flutter_olm:buildCMakeDebug[x86_64]' is not up-to-date because:
[        ]   Task.upToDateWhen is false.
[        ] C/C++: starting build
[        ] C/C++: reading expected JSONs
[        ] C/C++: done reading expected JSONs
[        ] C/C++: executing build commands for targets that produce .so files or executables
[        ] C/C++: evaluate miniconfig
[        ] C/C++: evaluate library olm (x86_64)
[        ] C/C++: building target library olm because no targets are specified.
[        ] C/C++: about to build targets olm
[        ] C/C++: Build olm
[        ] C/C++: /Users/florian/Library/Android/sdk/cmake/3.22.1/bin/ninja \
[        ]   -C \
[        ]   /Users/florian/.pub-cache/hosted/pub.dev/flutter_olm-2.0.0/android/.cxx/Debug/611a6669/x86_64 \
[        ]   olm
[        ] Starting process 'command '/Users/florian/Library/Android/sdk/cmake/3.22.1/bin/ninja''. Working directory: /Users/florian/.pub-cache/hosted/pub.dev/flutter_olm-2.0.0/android Command: /Users/florian/Library/Android/sdk/cmake/3.22.1/bin/ninja -C /Users/florian/.pub-cache/hosted/pub.dev/flutter_olm-2.0.0/android/.cxx/Debug/611a6669/x86_64 olm
[        ] Successfully started process 'command '/Users/florian/Library/Android/sdk/cmake/3.22.1/bin/ninja''
[        ] C/C++: Received process result: 0
[        ] C/C++: check expected build outputs
[        ] C/C++: build complete
[        ] Resolve mutations for :flutter_olm:mergeDebugJniLibFolders (Thread[#42082,Execution worker Thread 2,5,main]) started.
[        ] :flutter_olm:mergeDebugJniLibFolders (Thread[#42082,Execution worker Thread 2,5,main]) started.
[        ] > Task :flutter_olm:mergeDebugJniLibFolders UP-TO-DATE
[        ] Caching disabled for task ':flutter_olm:mergeDebugJniLibFolders' because:
[        ]   Build cache is disabled
[        ]   Simple merging task
[        ] Skipping task ':flutter_olm:mergeDebugJniLibFolders' as it is up-to-date.
[        ] Resolve mutations for :flutter_olm:mergeDebugNativeLibs (Thread[#42082,Execution worker Thread 2,5,main]) started.
[        ] :flutter_olm:mergeDebugNativeLibs (Thread[#42082,Execution worker Thread 2,5,main]) started.
[        ] > Task :flutter_olm:mergeDebugNativeLibs UP-TO-DATE
[        ] Caching disabled for task ':flutter_olm:mergeDebugNativeLibs' because:
[        ]   Build cache is disabled
[        ]   Caching has been disabled for the task
[        ] Skipping task ':flutter_olm:mergeDebugNativeLibs' as it is up-to-date.
[        ] Resolve mutations for :flutter_olm:copyDebugJniLibsProjectOnly (Thread[#42082,Execution worker Thread 2,5,main]) started.
[        ] :flutter_olm:copyDebugJniLibsProjectOnly (Thread[#42082,Execution worker Thread 2,5,main]) started.
[        ] > Task :flutter_olm:copyDebugJniLibsProjectOnly UP-TO-DATE
[        ] Caching disabled for task ':flutter_olm:copyDebugJniLibsProjectOnly' because:
[        ]   Build cache is disabled
[        ]   Caching has been disabled for the task
[        ] Skipping task ':flutter_olm:copyDebugJniLibsProjectOnly' as it is up-to-date.
[        ] work action resolve jni (project :flutter_olm) (Thread[#42082,Execution worker Thread 2,5,main]) started.
[        ] Resolve mutations for :flutter_openssl_crypto:preProfileBuild (Thread[#42082,Execution worker Thread 2,5,main]) started.
[        ] :flutter_openssl_crypto:preProfileBuild (Thread[#42082,Execution worker Thread 2,5,main]) started.
[        ] > Task :flutter_openssl_crypto:preProfileBuild UP-TO-DATE
[        ] Skipping task ':flutter_openssl_crypto:preProfileBuild' as it has no actions.
[        ] Resolve mutations for :flutter_openssl_crypto:configureCMakeDebug[arm64-v8a] (Thread[#42082,Execution worker Thread 2,5,main]) started.
[        ] :flutter_openssl_crypto:configureCMakeDebug[arm64-v8a] (Thread[#42082,Execution worker Thread 2,5,main]) started.
[        ] > Task :flutter_openssl_crypto:configureCMakeDebug[arm64-v8a]
[        ] Caching disabled for task ':flutter_openssl_crypto:configureCMakeDebug[arm64-v8a]' because:
[        ]   Build cache is disabled
[        ]   Caching has been disabled for the task
[        ] Task ':flutter_openssl_crypto:configureCMakeDebug[arm64-v8a]' is not up-to-date because:
[        ]   Task.upToDateWhen is false.
[        ] C/C++: /Users/florian/.pub-cache/hosted/pub.dev/flutter_openssl_crypto-0.5.0/android/CMakeLists.txt profile|arm64-v8a : Start JSON generation. Platform version: 21 min SDK version: arm64-v8a
[        ] C/C++: /Users/florian/.pub-cache/hosted/pub.dev/flutter_openssl_crypto-0.5.0/android/CMakeLists.txt profile|arm64-v8a : JSON '/Users/florian/.pub-cache/hosted/pub.dev/flutter_openssl_crypto-0.5.0/android/.cxx/Debug/42n1p1e4/arm64-v8a/android_gradle_build.json' was up-to-date
[        ] C/C++: /Users/florian/.pub-cache/hosted/pub.dev/flutter_openssl_crypto-0.5.0/android/CMakeLists.txt profile|arm64-v8a : JSON generation completed without problems
[        ] C/C++: /Users/florian/.pub-cache/hosted/pub.dev/flutter_openssl_crypto-0.5.0/android/CMakeLists.txt profile|arm64-v8a : Writing build model to /Users/florian/Code/substitution/build/flutter_openssl_crypto/intermediates/cxx/Debug/42n1p1e4/logs/arm64-v8a/build_model.json
[        ] Resolve mutations for :flutter_openssl_crypto:buildCMakeDebug[arm64-v8a] (Thread[#42082,Execution worker Thread 2,5,main]) started.
[        ] :flutter_openssl_crypto:buildCMakeDebug[arm64-v8a] (Thread[#42082,Execution worker Thread 2,5,main]) started.
[        ] > Task :flutter_openssl_crypto:buildCMakeDebug[arm64-v8a]
[        ] Caching disabled for task ':flutter_openssl_crypto:buildCMakeDebug[arm64-v8a]' because:
[        ]   Build cache is disabled
[        ]   Caching has been disabled for the task
[        ] Task ':flutter_openssl_crypto:buildCMakeDebug[arm64-v8a]' is not up-to-date because:
[        ]   Task.upToDateWhen is false.
[        ] C/C++: starting build
[        ] C/C++: reading expected JSONs
[        ] C/C++: done reading expected JSONs
[        ] C/C++: executing build commands for targets that produce .so files or executables
[        ] C/C++: evaluate miniconfig
[        ] C/C++: evaluate library flutter_openssl_crypto (arm64-v8a)
[        ] C/C++: building target library flutter_openssl_crypto because no targets are specified.
[        ] C/C++: about to build targets flutter_openssl_crypto
[        ] C/C++: Build flutter_openssl_crypto
[        ] C/C++: /Users/florian/Library/Android/sdk/cmake/3.22.1/bin/ninja \
[        ]   -C \
[        ]   /Users/florian/.pub-cache/hosted/pub.dev/flutter_openssl_crypto-0.5.0/android/.cxx/Debug/42n1p1e4/arm64-v8a \
[        ]   flutter_openssl_crypto
[        ] Starting process 'command '/Users/florian/Library/Android/sdk/cmake/3.22.1/bin/ninja''. Working directory: /Users/florian/.pub-cache/hosted/pub.dev/flutter_openssl_crypto-0.5.0/android Command: /Users/florian/Library/Android/sdk/cmake/3.22.1/bin/ninja -C /Users/florian/.pub-cache/hosted/pub.dev/flutter_openssl_crypto-0.5.0/android/.cxx/Debug/42n1p1e4/arm64-v8a flutter_openssl_crypto
[        ] Successfully started process 'command '/Users/florian/Library/Android/sdk/cmake/3.22.1/bin/ninja''
[        ] C/C++: Received process result: 0
[        ] C/C++: check expected build outputs
[        ] C/C++: build complete
[        ] Resolve mutations for :flutter_openssl_crypto:configureCMakeDebug[armeabi-v7a] (Thread[#42082,Execution worker Thread 2,5,main]) started.
[        ] :flutter_openssl_crypto:configureCMakeDebug[armeabi-v7a] (Thread[#42082,Execution worker Thread 2,5,main]) started.
[        ] > Task :flutter_openssl_crypto:configureCMakeDebug[armeabi-v7a]
[        ] Caching disabled for task ':flutter_openssl_crypto:configureCMakeDebug[armeabi-v7a]' because:
[        ]   Build cache is disabled
[        ]   Caching has been disabled for the task
[        ] Task ':flutter_openssl_crypto:configureCMakeDebug[armeabi-v7a]' is not up-to-date because:
[        ]   Task.upToDateWhen is false.
[        ] C/C++: /Users/florian/.pub-cache/hosted/pub.dev/flutter_openssl_crypto-0.5.0/android/CMakeLists.txt profile|armeabi-v7a : Start JSON generation. Platform version: 21 min SDK version: armeabi-v7a
[        ] C/C++: /Users/florian/.pub-cache/hosted/pub.dev/flutter_openssl_crypto-0.5.0/android/CMakeLists.txt profile|armeabi-v7a : JSON '/Users/florian/.pub-cache/hosted/pub.dev/flutter_openssl_crypto-0.5.0/android/.cxx/Debug/42n1p1e4/armeabi-v7a/android_gradle_build.json' was up-to-date
[        ] C/C++: /Users/florian/.pub-cache/hosted/pub.dev/flutter_openssl_crypto-0.5.0/android/CMakeLists.txt profile|armeabi-v7a : JSON generation completed without problems
[        ] C/C++: /Users/florian/.pub-cache/hosted/pub.dev/flutter_openssl_crypto-0.5.0/android/CMakeLists.txt profile|armeabi-v7a : Writing build model to /Users/florian/Code/substitution/build/flutter_openssl_crypto/intermediates/cxx/Debug/42n1p1e4/logs/armeabi-v7a/build_model.json
[        ] Resolve mutations for :flutter_openssl_crypto:buildCMakeDebug[armeabi-v7a] (Thread[#42082,Execution worker Thread 2,5,main]) started.
[        ] :flutter_openssl_crypto:buildCMakeDebug[armeabi-v7a] (Thread[#42082,Execution worker Thread 2,5,main]) started.
[  +98 ms] > Task :flutter_openssl_crypto:buildCMakeDebug[armeabi-v7a]
[        ] Caching disabled for task ':flutter_openssl_crypto:buildCMakeDebug[armeabi-v7a]' because:
[        ]   Build cache is disabled
[        ]   Caching has been disabled for the task
[        ] Task ':flutter_openssl_crypto:buildCMakeDebug[armeabi-v7a]' is not up-to-date because:
[        ]   Task.upToDateWhen is false.
[        ] C/C++: starting build
[        ] C/C++: reading expected JSONs
[        ] C/C++: done reading expected JSONs
[        ] C/C++: executing build commands for targets that produce .so files or executables
[        ] C/C++: evaluate miniconfig
[        ] C/C++: evaluate library flutter_openssl_crypto (armeabi-v7a)
[        ] C/C++: building target library flutter_openssl_crypto because no targets are specified.
[        ] C/C++: about to build targets flutter_openssl_crypto
[        ] C/C++: Build flutter_openssl_crypto
[        ] C/C++: /Users/florian/Library/Android/sdk/cmake/3.22.1/bin/ninja \
[        ]   -C \
[        ]   /Users/florian/.pub-cache/hosted/pub.dev/flutter_openssl_crypto-0.5.0/android/.cxx/Debug/42n1p1e4/armeabi-v7a \
[        ]   flutter_openssl_crypto
[        ] Starting process 'command '/Users/florian/Library/Android/sdk/cmake/3.22.1/bin/ninja''. Working directory: /Users/florian/.pub-cache/hosted/pub.dev/flutter_openssl_crypto-0.5.0/android Command: /Users/florian/Library/Android/sdk/cmake/3.22.1/bin/ninja -C /Users/florian/.pub-cache/hosted/pub.dev/flutter_openssl_crypto-0.5.0/android/.cxx/Debug/42n1p1e4/armeabi-v7a flutter_openssl_crypto
[        ] Successfully started process 'command '/Users/florian/Library/Android/sdk/cmake/3.22.1/bin/ninja''
[        ] C/C++: Received process result: 0
[        ] C/C++: check expected build outputs
[        ] C/C++: build complete
[        ] Resolve mutations for :flutter_openssl_crypto:configureCMakeDebug[x86] (Thread[#42082,Execution worker Thread 2,5,main]) started.
[        ] :flutter_openssl_crypto:configureCMakeDebug[x86] (Thread[#42082,Execution worker Thread 2,5,main]) started.
[        ] > Task :flutter_openssl_crypto:configureCMakeDebug[x86]
[        ] Caching disabled for task ':flutter_openssl_crypto:configureCMakeDebug[x86]' because:
[        ]   Build cache is disabled
[        ]   Caching has been disabled for the task
[        ] Task ':flutter_openssl_crypto:configureCMakeDebug[x86]' is not up-to-date because:
[        ]   Task.upToDateWhen is false.
[        ] C/C++: /Users/florian/.pub-cache/hosted/pub.dev/flutter_openssl_crypto-0.5.0/android/CMakeLists.txt profile|x86 : Start JSON generation. Platform version: 21 min SDK version: x86
[        ] C/C++: /Users/florian/.pub-cache/hosted/pub.dev/flutter_openssl_crypto-0.5.0/android/CMakeLists.txt profile|x86 : JSON '/Users/florian/.pub-cache/hosted/pub.dev/flutter_openssl_crypto-0.5.0/android/.cxx/Debug/42n1p1e4/x86/android_gradle_build.json' was up-to-date
[        ] C/C++: /Users/florian/.pub-cache/hosted/pub.dev/flutter_openssl_crypto-0.5.0/android/CMakeLists.txt profile|x86 : JSON generation completed without problems
[        ] C/C++: /Users/florian/.pub-cache/hosted/pub.dev/flutter_openssl_crypto-0.5.0/android/CMakeLists.txt profile|x86 : Writing build model to /Users/florian/Code/substitution/build/flutter_openssl_crypto/intermediates/cxx/Debug/42n1p1e4/logs/x86/build_model.json
[        ] Resolve mutations for :flutter_openssl_crypto:buildCMakeDebug[x86] (Thread[#42082,Execution worker Thread 2,5,main]) started.
[        ] :flutter_openssl_crypto:buildCMakeDebug[x86] (Thread[#42082,Execution worker Thread 2,5,main]) started.
[        ] > Task :flutter_openssl_crypto:buildCMakeDebug[x86]
[        ] Caching disabled for task ':flutter_openssl_crypto:buildCMakeDebug[x86]' because:
[        ]   Build cache is disabled
[        ]   Caching has been disabled for the task
[        ] Task ':flutter_openssl_crypto:buildCMakeDebug[x86]' is not up-to-date because:
[        ]   Task.upToDateWhen is false.
[        ] C/C++: starting build
[        ] C/C++: reading expected JSONs
[        ] C/C++: done reading expected JSONs
[        ] C/C++: executing build commands for targets that produce .so files or executables
[        ] C/C++: evaluate miniconfig
[        ] C/C++: evaluate library flutter_openssl_crypto (x86)
[        ] C/C++: building target library flutter_openssl_crypto because no targets are specified.
[        ] C/C++: about to build targets flutter_openssl_crypto
[        ] C/C++: Build flutter_openssl_crypto
[        ] C/C++: /Users/florian/Library/Android/sdk/cmake/3.22.1/bin/ninja \
[        ]   -C \
[        ]   /Users/florian/.pub-cache/hosted/pub.dev/flutter_openssl_crypto-0.5.0/android/.cxx/Debug/42n1p1e4/x86 \
[        ]   flutter_openssl_crypto
[        ] Starting process 'command '/Users/florian/Library/Android/sdk/cmake/3.22.1/bin/ninja''. Working directory: /Users/florian/.pub-cache/hosted/pub.dev/flutter_openssl_crypto-0.5.0/android Command: /Users/florian/Library/Android/sdk/cmake/3.22.1/bin/ninja -C /Users/florian/.pub-cache/hosted/pub.dev/flutter_openssl_crypto-0.5.0/android/.cxx/Debug/42n1p1e4/x86 flutter_openssl_crypto
[        ] Successfully started process 'command '/Users/florian/Library/Android/sdk/cmake/3.22.1/bin/ninja''
[        ] C/C++: Received process result: 0
[        ] C/C++: check expected build outputs
[        ] C/C++: build complete
[        ] Resolve mutations for :flutter_openssl_crypto:configureCMakeDebug[x86_64] (Thread[#42082,Execution worker Thread 2,5,main]) started.
[        ] :flutter_openssl_crypto:configureCMakeDebug[x86_64] (Thread[#42082,Execution worker Thread 2,5,main]) started.
[        ] > Task :flutter_openssl_crypto:configureCMakeDebug[x86_64]
[        ] Caching disabled for task ':flutter_openssl_crypto:configureCMakeDebug[x86_64]' because:
[        ]   Build cache is disabled
[        ]   Caching has been disabled for the task
[        ] Task ':flutter_openssl_crypto:configureCMakeDebug[x86_64]' is not up-to-date because:
[        ]   Task.upToDateWhen is false.
[        ] C/C++: /Users/florian/.pub-cache/hosted/pub.dev/flutter_openssl_crypto-0.5.0/android/CMakeLists.txt profile|x86_64 : Start JSON generation. Platform version: 21 min SDK version: x86_64
[        ] C/C++: /Users/florian/.pub-cache/hosted/pub.dev/flutter_openssl_crypto-0.5.0/android/CMakeLists.txt profile|x86_64 : JSON '/Users/florian/.pub-cache/hosted/pub.dev/flutter_openssl_crypto-0.5.0/android/.cxx/Debug/42n1p1e4/x86_64/android_gradle_build.json' was up-to-date
[        ] C/C++: /Users/florian/.pub-cache/hosted/pub.dev/flutter_openssl_crypto-0.5.0/android/CMakeLists.txt profile|x86_64 : JSON generation completed without problems
[        ] C/C++: /Users/florian/.pub-cache/hosted/pub.dev/flutter_openssl_crypto-0.5.0/android/CMakeLists.txt profile|x86_64 : Writing build model to /Users/florian/Code/substitution/build/flutter_openssl_crypto/intermediates/cxx/Debug/42n1p1e4/logs/x86_64/build_model.json
[        ] Resolve mutations for :flutter_openssl_crypto:buildCMakeDebug[x86_64] (Thread[#42082,Execution worker Thread 2,5,main]) started.
[        ] :flutter_openssl_crypto:buildCMakeDebug[x86_64] (Thread[#42082,Execution worker Thread 2,5,main]) started.
[        ] > Task :flutter_openssl_crypto:buildCMakeDebug[x86_64]
[        ] Caching disabled for task ':flutter_openssl_crypto:buildCMakeDebug[x86_64]' because:
[        ]   Build cache is disabled
[        ]   Caching has been disabled for the task
[        ] Task ':flutter_openssl_crypto:buildCMakeDebug[x86_64]' is not up-to-date because:
[        ]   Task.upToDateWhen is false.
[        ] C/C++: starting build
[        ] C/C++: reading expected JSONs
[        ] C/C++: done reading expected JSONs
[        ] C/C++: executing build commands for targets that produce .so files or executables
[        ] C/C++: evaluate miniconfig
[        ] C/C++: evaluate library flutter_openssl_crypto (x86_64)
[        ] C/C++: building target library flutter_openssl_crypto because no targets are specified.
[        ] C/C++: about to build targets flutter_openssl_crypto
[        ] C/C++: Build flutter_openssl_crypto
[        ] C/C++: /Users/florian/Library/Android/sdk/cmake/3.22.1/bin/ninja \
[        ]   -C \
[        ]   /Users/florian/.pub-cache/hosted/pub.dev/flutter_openssl_crypto-0.5.0/android/.cxx/Debug/42n1p1e4/x86_64 \
[        ]   flutter_openssl_crypto
[        ] Starting process 'command '/Users/florian/Library/Android/sdk/cmake/3.22.1/bin/ninja''. Working directory: /Users/florian/.pub-cache/hosted/pub.dev/flutter_openssl_crypto-0.5.0/android Command: /Users/florian/Library/Android/sdk/cmake/3.22.1/bin/ninja -C /Users/florian/.pub-cache/hosted/pub.dev/flutter_openssl_crypto-0.5.0/android/.cxx/Debug/42n1p1e4/x86_64 flutter_openssl_crypto
[        ] Successfully started process 'command '/Users/florian/Library/Android/sdk/cmake/3.22.1/bin/ninja''
[        ] C/C++: Received process result: 0
[        ] C/C++: check expected build outputs
[        ] C/C++: build complete
[        ] Resolve mutations for :flutter_openssl_crypto:mergeDebugJniLibFolders (Thread[#42082,Execution worker Thread 2,5,main]) started.
[        ] :flutter_openssl_crypto:mergeDebugJniLibFolders (Thread[#42082,Execution worker Thread 2,5,main]) started.
[        ] > Task :flutter_openssl_crypto:mergeDebugJniLibFolders UP-TO-DATE
[        ] Caching disabled for task ':flutter_openssl_crypto:mergeDebugJniLibFolders' because:
[        ]   Build cache is disabled
[        ]   Simple merging task
[        ] Skipping task ':flutter_openssl_crypto:mergeDebugJniLibFolders' as it is up-to-date.
[        ] Resolve mutations for :flutter_openssl_crypto:mergeDebugNativeLibs (Thread[#42082,Execution worker Thread 2,5,main]) started.
[        ] :flutter_openssl_crypto:mergeDebugNativeLibs (Thread[#42082,Execution worker Thread 2,5,main]) started.
[        ] > Task :flutter_openssl_crypto:mergeDebugNativeLibs UP-TO-DATE
[        ] Caching disabled for task ':flutter_openssl_crypto:mergeDebugNativeLibs' because:
[        ]   Build cache is disabled
[        ]   Caching has been disabled for the task
[        ] Skipping task ':flutter_openssl_crypto:mergeDebugNativeLibs' as it is up-to-date.
[        ] Resolve mutations for :flutter_openssl_crypto:copyDebugJniLibsProjectOnly (Thread[#42082,Execution worker Thread 2,5,main]) started.
[        ] :flutter_openssl_crypto:copyDebugJniLibsProjectOnly (Thread[#42082,Execution worker Thread 2,5,main]) started.
[        ] > Task :flutter_openssl_crypto:copyDebugJniLibsProjectOnly UP-TO-DATE
[        ] Caching disabled for task ':flutter_openssl_crypto:copyDebugJniLibsProjectOnly' because:
[        ]   Build cache is disabled
[        ]   Caching has been disabled for the task
[        ] Skipping task ':flutter_openssl_crypto:copyDebugJniLibsProjectOnly' as it is up-to-date.
[        ] work action resolve jni (project :flutter_openssl_crypto) (Thread[#42082,Execution worker Thread 2,5,main]) started.
[        ] Resolve mutations for :integration_test:mergeDebugJniLibFolders (Thread[#42082,Execution worker Thread 2,5,main]) started.
[        ] :integration_test:mergeDebugJniLibFolders (Thread[#42082,Execution worker Thread 2,5,main]) started.
[        ] > Task :integration_test:mergeDebugJniLibFolders UP-TO-DATE
[        ] Caching disabled for task ':integration_test:mergeDebugJniLibFolders' because:
[        ]   Build cache is disabled
[        ]   Simple merging task
[        ] Skipping task ':integration_test:mergeDebugJniLibFolders' as it is up-to-date.
[        ] Resolve mutations for :integration_test:mergeDebugNativeLibs (Thread[#42082,Execution worker Thread 2,5,main]) started.
[        ] :integration_test:mergeDebugNativeLibs (Thread[#42082,Execution worker Thread 2,5,main]) started.
[        ] > Task :integration_test:mergeDebugNativeLibs NO-SOURCE
[        ] Skipping task ':integration_test:mergeDebugNativeLibs' as it has no source files and no previous output files.
[        ] Resolve mutations for :integration_test:copyDebugJniLibsProjectOnly (Thread[#42082,Execution worker Thread 2,5,main]) started.
[        ] :integration_test:copyDebugJniLibsProjectOnly (Thread[#42082,Execution worker Thread 2,5,main]) started.
[        ] > Task :integration_test:copyDebugJniLibsProjectOnly UP-TO-DATE
[        ] Caching disabled for task ':integration_test:copyDebugJniLibsProjectOnly' because:
[        ]   Build cache is disabled
[        ]   Caching has been disabled for the task
[        ] Skipping task ':integration_test:copyDebugJniLibsProjectOnly' as it is up-to-date.
[        ] work action resolve jni (project :integration_test) (Thread[#42082,Execution worker Thread 2,5,main]) started.
[        ] Resolve mutations for :path_provider_android:mergeDebugJniLibFolders (Thread[#42082,Execution worker Thread 2,5,main]) started.
[        ] :path_provider_android:mergeDebugJniLibFolders (Thread[#42082,Execution worker Thread 2,5,main]) started.
[        ] > Task :path_provider_android:mergeDebugJniLibFolders UP-TO-DATE
[        ] Caching disabled for task ':path_provider_android:mergeDebugJniLibFolders' because:
[        ]   Build cache is disabled
[        ]   Simple merging task
[        ] Skipping task ':path_provider_android:mergeDebugJniLibFolders' as it is up-to-date.
[        ] Resolve mutations for :path_provider_android:mergeDebugNativeLibs (Thread[#42082,Execution worker Thread 2,5,main]) started.
[        ] :path_provider_android:mergeDebugNativeLibs (Thread[#42082,Execution worker Thread 2,5,main]) started.
[        ] > Task :path_provider_android:mergeDebugNativeLibs NO-SOURCE
[        ] Skipping task ':path_provider_android:mergeDebugNativeLibs' as it has no source files and no previous output files.
[        ] Resolve mutations for :path_provider_android:copyDebugJniLibsProjectOnly (Thread[#42082,Execution worker Thread 2,5,main]) started.
[        ] :path_provider_android:copyDebugJniLibsProjectOnly (Thread[#42082,Execution worker Thread 2,5,main]) started.
[        ] > Task :path_provider_android:copyDebugJniLibsProjectOnly UP-TO-DATE
[        ] Caching disabled for task ':path_provider_android:copyDebugJniLibsProjectOnly' because:
[        ]   Build cache is disabled
[        ]   Caching has been disabled for the task
[        ] Skipping task ':path_provider_android:copyDebugJniLibsProjectOnly' as it is up-to-date.
[        ] work action resolve jni (project :path_provider_android) (Thread[#42082,Execution worker Thread 2,5,main]) started.
[        ] Resolve mutations for :quill_native_bridge_android:mergeDebugJniLibFolders (Thread[#42082,Execution worker Thread 2,5,main]) started.
[        ] :quill_native_bridge_android:mergeDebugJniLibFolders (Thread[#42082,Execution worker Thread 2,5,main]) started.
[        ] > Task :quill_native_bridge_android:mergeDebugJniLibFolders UP-TO-DATE
[        ] Caching disabled for task ':quill_native_bridge_android:mergeDebugJniLibFolders' because:
[        ]   Build cache is disabled
[        ]   Simple merging task
[        ] Skipping task ':quill_native_bridge_android:mergeDebugJniLibFolders' as it is up-to-date.
[        ] Resolve mutations for :quill_native_bridge_android:mergeDebugNativeLibs (Thread[#42082,Execution worker Thread 2,5,main]) started.
[        ] :quill_native_bridge_android:mergeDebugNativeLibs (Thread[#42082,Execution worker Thread 2,5,main]) started.
[        ] > Task :quill_native_bridge_android:mergeDebugNativeLibs NO-SOURCE
[        ] Skipping task ':quill_native_bridge_android:mergeDebugNativeLibs' as it has no source files and no previous output files.
[        ] Resolve mutations for :quill_native_bridge_android:copyDebugJniLibsProjectOnly (Thread[#42082,Execution worker Thread 2,5,main]) started.
[        ] :quill_native_bridge_android:copyDebugJniLibsProjectOnly (Thread[#42082,Execution worker Thread 2,5,main]) started.
[        ] > Task :quill_native_bridge_android:copyDebugJniLibsProjectOnly UP-TO-DATE
[        ] Caching disabled for task ':quill_native_bridge_android:copyDebugJniLibsProjectOnly' because:
[        ]   Build cache is disabled
[        ]   Caching has been disabled for the task
[        ] Skipping task ':quill_native_bridge_android:copyDebugJniLibsProjectOnly' as it is up-to-date.
[        ] work action resolve jni (project :quill_native_bridge_android) (Thread[#42082,Execution worker Thread 2,5,main]) started.
[        ] Resolve mutations for :shared_preferences_android:mergeDebugJniLibFolders (Thread[#42082,Execution worker Thread 2,5,main]) started.
[        ] :shared_preferences_android:mergeDebugJniLibFolders (Thread[#42082,Execution worker Thread 2,5,main]) started.
[        ] > Task :shared_preferences_android:mergeDebugJniLibFolders UP-TO-DATE
[        ] Caching disabled for task ':shared_preferences_android:mergeDebugJniLibFolders' because:
[        ]   Build cache is disabled
[        ]   Simple merging task
[        ] Skipping task ':shared_preferences_android:mergeDebugJniLibFolders' as it is up-to-date.
[        ] Resolve mutations for :shared_preferences_android:mergeDebugNativeLibs (Thread[#42082,Execution worker Thread 2,5,main]) started.
[        ] :shared_preferences_android:mergeDebugNativeLibs (Thread[#42082,Execution worker Thread 2,5,main]) started.
[        ] > Task :shared_preferences_android:mergeDebugNativeLibs NO-SOURCE
[        ] Skipping task ':shared_preferences_android:mergeDebugNativeLibs' as it has no source files and no previous output files.
[        ] Resolve mutations for :shared_preferences_android:copyDebugJniLibsProjectOnly (Thread[#42082,Execution worker Thread 2,5,main]) started.
[        ] :shared_preferences_android:copyDebugJniLibsProjectOnly (Thread[#42082,Execution worker Thread 2,5,main]) started.
[        ] > Task :shared_preferences_android:copyDebugJniLibsProjectOnly UP-TO-DATE
[        ] Caching disabled for task ':shared_preferences_android:copyDebugJniLibsProjectOnly' because:
[        ]   Build cache is disabled
[        ]   Caching has been disabled for the task
[        ] Skipping task ':shared_preferences_android:copyDebugJniLibsProjectOnly' as it is up-to-date.
[        ] work action resolve jni (project :shared_preferences_android) (Thread[#42082,Execution worker Thread 2,5,main]) started.
[        ] Resolve mutations for :sqflite_android:mergeDebugJniLibFolders (Thread[#42082,Execution worker Thread 2,5,main]) started.
[        ] :sqflite_android:mergeDebugJniLibFolders (Thread[#42082,Execution worker Thread 2,5,main]) started.
[        ] > Task :sqflite_android:mergeDebugJniLibFolders UP-TO-DATE
[        ] Caching disabled for task ':sqflite_android:mergeDebugJniLibFolders' because:
[        ]   Build cache is disabled
[        ]   Simple merging task
[        ] Skipping task ':sqflite_android:mergeDebugJniLibFolders' as it is up-to-date.
[        ] Resolve mutations for :sqflite_android:mergeDebugNativeLibs (Thread[#42082,Execution worker Thread 2,5,main]) started.
[        ] :sqflite_android:mergeDebugNativeLibs (Thread[#42082,Execution worker Thread 2,5,main]) started.
[        ] > Task :sqflite_android:mergeDebugNativeLibs NO-SOURCE
[        ] Skipping task ':sqflite_android:mergeDebugNativeLibs' as it has no source files and no previous output files.
[        ] Resolve mutations for :sqflite_android:copyDebugJniLibsProjectOnly (Thread[#42082,Execution worker Thread 2,5,main]) started.
[        ] :sqflite_android:copyDebugJniLibsProjectOnly (Thread[#42082,Execution worker Thread 2,5,main]) started.
[        ] > Task :sqflite_android:copyDebugJniLibsProjectOnly UP-TO-DATE
[        ] Caching disabled for task ':sqflite_android:copyDebugJniLibsProjectOnly' because:
[        ]   Build cache is disabled
[        ]   Caching has been disabled for the task
[        ] Skipping task ':sqflite_android:copyDebugJniLibsProjectOnly' as it is up-to-date.
[        ] work action resolve jni (project :sqflite_android) (Thread[#42082,Execution worker Thread 2,5,main]) started.
[        ] Resolve mutations for :url_launcher_android:mergeDebugJniLibFolders (Thread[#42082,Execution worker Thread 2,5,main]) started.
[        ] :url_launcher_android:mergeDebugJniLibFolders (Thread[#42082,Execution worker Thread 2,5,main]) started.
[        ] > Task :url_launcher_android:mergeDebugJniLibFolders UP-TO-DATE
[        ] Caching disabled for task ':url_launcher_android:mergeDebugJniLibFolders' because:
[        ]   Build cache is disabled
[        ]   Simple merging task
[        ] Skipping task ':url_launcher_android:mergeDebugJniLibFolders' as it is up-to-date.
[        ] Resolve mutations for :url_launcher_android:mergeDebugNativeLibs (Thread[#42082,Execution worker Thread 2,5,main]) started.
[        ] :url_launcher_android:mergeDebugNativeLibs (Thread[#42082,Execution worker Thread 2,5,main]) started.
[        ] > Task :url_launcher_android:mergeDebugNativeLibs NO-SOURCE
[        ] Skipping task ':url_launcher_android:mergeDebugNativeLibs' as it has no source files and no previous output files.
[        ] Resolve mutations for :url_launcher_android:copyDebugJniLibsProjectOnly (Thread[#42082,Execution worker Thread 2,5,main]) started.
[        ] :url_launcher_android:copyDebugJniLibsProjectOnly (Thread[#42082,Execution worker Thread 2,5,main]) started.
[        ] > Task :url_launcher_android:copyDebugJniLibsProjectOnly UP-TO-DATE
[        ] Caching disabled for task ':url_launcher_android:copyDebugJniLibsProjectOnly' because:
[        ]   Build cache is disabled
[        ]   Caching has been disabled for the task
[        ] Skipping task ':url_launcher_android:copyDebugJniLibsProjectOnly' as it is up-to-date.
[        ] work action resolve jni (project :url_launcher_android) (Thread[#42082,Execution worker Thread 2,5,main]) started.
[        ] Resolve mutations for :video_player_android:mergeDebugJniLibFolders (Thread[#42082,Execution worker Thread 2,5,main]) started.
[        ] :video_player_android:mergeDebugJniLibFolders (Thread[#42082,Execution worker Thread 2,5,main]) started.
[        ] > Task :video_player_android:mergeDebugJniLibFolders UP-TO-DATE
[        ] Caching disabled for task ':video_player_android:mergeDebugJniLibFolders' because:
[        ]   Build cache is disabled
[        ]   Simple merging task
[        ] Skipping task ':video_player_android:mergeDebugJniLibFolders' as it is up-to-date.
[        ] Resolve mutations for :video_player_android:mergeDebugNativeLibs (Thread[#42082,Execution worker Thread 2,5,main]) started.
[        ] :video_player_android:mergeDebugNativeLibs (Thread[#42082,Execution worker Thread 2,5,main]) started.
[        ] > Task :video_player_android:mergeDebugNativeLibs NO-SOURCE
[        ] Skipping task ':video_player_android:mergeDebugNativeLibs' as it has no source files and no previous output files.
[        ] Resolve mutations for :video_player_android:copyDebugJniLibsProjectOnly (Thread[#42082,Execution worker Thread 2,5,main]) started.
[        ] :video_player_android:copyDebugJniLibsProjectOnly (Thread[#42082,Execution worker Thread 2,5,main]) started.
[        ] > Task :video_player_android:copyDebugJniLibsProjectOnly UP-TO-DATE
[        ] Caching disabled for task ':video_player_android:copyDebugJniLibsProjectOnly' because:
[        ]   Build cache is disabled
[        ]   Caching has been disabled for the task
[        ] Skipping task ':video_player_android:copyDebugJniLibsProjectOnly' as it is up-to-date.
[        ] work action resolve jni (project :video_player_android) (Thread[#42082,Execution worker Thread 2,5,main]) started.
[        ] Resolve mutations for :app:mergeDebugNativeLibs (Thread[#42082,Execution worker Thread 2,5,main]) started.
[        ] :app:mergeDebugNativeLibs (Thread[#42082,Execution worker Thread 2,5,main]) started.
[        ] > Task :app:mergeDebugNativeLibs UP-TO-DATE
[        ] Caching disabled for task ':app:mergeDebugNativeLibs' because:
[        ]   Build cache is disabled
[        ]   Caching has been disabled for the task
[        ] Skipping task ':app:mergeDebugNativeLibs' as it is up-to-date.
[        ] Resolve mutations for :app:stripDebugDebugSymbols (Thread[#42082,Execution worker Thread 2,5,main]) started.
[        ] :app:stripDebugDebugSymbols (Thread[#42082,Execution worker Thread 2,5,main]) started.
[        ] > Task :app:stripDebugDebugSymbols UP-TO-DATE
[        ] Caching disabled for task ':app:stripDebugDebugSymbols' because:
[        ]   Build cache is disabled
[        ]   Caching has been disabled for the task
[        ] Skipping task ':app:stripDebugDebugSymbols' as it is up-to-date.
[        ] Resolve mutations for :app:validateSigningDebug (Thread[#42082,Execution worker Thread 2,5,main]) started.
[        ] :app:validateSigningDebug (Thread[#42082,Execution worker Thread 2,5,main]) started.
[        ] > Task :app:validateSigningDebug UP-TO-DATE
[        ] Caching disabled for task ':app:validateSigningDebug' because:
[        ]   Build cache is disabled
[        ]   Caching has been disabled for the task
[        ] Skipping task ':app:validateSigningDebug' as it is up-to-date.
[        ] Resolve mutations for :app:writeDebugAppMetadata (Thread[#42082,Execution worker Thread 2,5,main]) started.
[        ] :app:writeDebugAppMetadata (Thread[#42082,Execution worker Thread 2,5,main]) started.
[        ] > Task :app:writeDebugAppMetadata UP-TO-DATE
[        ] Caching disabled for task ':app:writeDebugAppMetadata' because:
[        ]   Build cache is disabled
[        ]   Caching has been disabled for the task
[        ] Skipping task ':app:writeDebugAppMetadata' as it is up-to-date.
[        ] Resolve mutations for :app:writeDebugSigningConfigVersions (Thread[#42082,Execution worker Thread 2,5,main]) started.
[        ] :app:writeDebugSigningConfigVersions (Thread[#42082,Execution worker Thread 2,5,main]) started.
[        ] > Task :app:writeDebugSigningConfigVersions UP-TO-DATE
[        ] Caching disabled for task ':app:writeDebugSigningConfigVersions' because:
[        ]   Build cache is disabled
[        ]   Caching has been disabled for the task
[        ] Skipping task ':app:writeDebugSigningConfigVersions' as it is up-to-date.
[        ] Resolve mutations for :connectivity_plus:stripDebugDebugSymbols (Thread[#42082,Execution worker Thread 2,5,main]) started.
[        ] :connectivity_plus:stripDebugDebugSymbols (Thread[#42082,Execution worker Thread 2,5,main]) started.
[        ] > Task :connectivity_plus:stripDebugDebugSymbols NO-SOURCE
[        ] Skipping task ':connectivity_plus:stripDebugDebugSymbols' as it has no source files and no previous output files.
[        ] Resolve mutations for :connectivity_plus:copyDebugJniLibsProjectAndLocalJars (Thread[#42082,Execution worker Thread 2,5,main]) started.
[        ] :connectivity_plus:copyDebugJniLibsProjectAndLocalJars (Thread[#42082,Execution worker Thread 2,5,main]) started.
[        ] > Task :connectivity_plus:copyDebugJniLibsProjectAndLocalJars UP-TO-DATE
[        ] Caching disabled for task ':connectivity_plus:copyDebugJniLibsProjectAndLocalJars' because:
[        ]   Build cache is disabled
[        ]   Caching has been disabled for the task
[        ] Skipping task ':connectivity_plus:copyDebugJniLibsProjectAndLocalJars' as it is up-to-date.
[        ] Resolve mutations for :connectivity_plus:extractDebugAnnotations (Thread[#42082,Execution worker Thread 2,5,main]) started.
[        ] :connectivity_plus:extractDebugAnnotations (Thread[#42082,Execution worker Thread 2,5,main]) started.
[        ] > Task :connectivity_plus:extractDebugAnnotations UP-TO-DATE
[        ] Caching disabled for task ':connectivity_plus:extractDebugAnnotations' because:
[        ]   Build cache is disabled
[        ] Skipping task ':connectivity_plus:extractDebugAnnotations' as it is up-to-date.
[        ] Resolve mutations for :connectivity_plus:extractDeepLinksForAarDebug (Thread[#42082,Execution worker Thread 2,5,main]) started.
[        ] :connectivity_plus:extractDeepLinksForAarDebug (Thread[#42082,Execution worker Thread 2,5,main]) started.
[        ] > Task :connectivity_plus:extractDeepLinksForAarDebug UP-TO-DATE
[        ] Caching disabled for task ':connectivity_plus:extractDeepLinksForAarDebug' because:
[        ]   Build cache is disabled
[        ] Skipping task ':connectivity_plus:extractDeepLinksForAarDebug' as it is up-to-date.
[        ] Resolve mutations for :connectivity_plus:mergeDebugGeneratedProguardFiles (Thread[#42082,Execution worker Thread 2,5,main]) started.
[        ] :connectivity_plus:mergeDebugGeneratedProguardFiles (Thread[#42082,Execution worker Thread 2,5,main]) started.
[        ] > Task :connectivity_plus:mergeDebugGeneratedProguardFiles UP-TO-DATE
[        ] Caching disabled for task ':connectivity_plus:mergeDebugGeneratedProguardFiles' because:
[        ]   Build cache is disabled
[        ]   Simple merging task
[        ] Skipping task ':connectivity_plus:mergeDebugGeneratedProguardFiles' as it is up-to-date.
[        ] Resolve mutations for :connectivity_plus:mergeDebugConsumerProguardFiles (Thread[#42082,Execution worker Thread 2,5,main]) started.
[        ] :connectivity_plus:mergeDebugConsumerProguardFiles (Thread[#42082,Execution worker Thread 2,5,main]) started.
[        ] > Task :connectivity_plus:mergeDebugConsumerProguardFiles UP-TO-DATE
[        ] Caching disabled for task ':connectivity_plus:mergeDebugConsumerProguardFiles' because:
[        ]   Build cache is disabled
[        ]   Simple merging task
[        ] Skipping task ':connectivity_plus:mergeDebugConsumerProguardFiles' as it is up-to-date.
[        ] Resolve mutations for :connectivity_plus:prepareDebugArtProfile (Thread[#42082,Execution worker Thread 2,5,main]) started.
[        ] :connectivity_plus:prepareDebugArtProfile (Thread[#42082,Execution worker Thread 2,5,main]) started.
[        ] > Task :connectivity_plus:prepareDebugArtProfile UP-TO-DATE
[        ] Caching disabled for task ':connectivity_plus:prepareDebugArtProfile' because:
[        ]   Build cache is disabled
[        ]   Caching has been disabled for the task
[        ] Skipping task ':connectivity_plus:prepareDebugArtProfile' as it is up-to-date.
[        ] Resolve mutations for :connectivity_plus:prepareLintJarForPublish (Thread[#42082,Execution worker Thread 2,5,main]) started.
[        ] :connectivity_plus:prepareLintJarForPublish (Thread[#42082,Execution worker Thread 2,5,main]) started.
[        ] > Task :connectivity_plus:prepareLintJarForPublish UP-TO-DATE
[        ] Caching disabled for task ':connectivity_plus:prepareLintJarForPublish' because:
[        ]   Build cache is disabled
[        ]   Caching has been disabled for the task
[        ] Skipping task ':connectivity_plus:prepareLintJarForPublish' as it is up-to-date.
[        ] Resolve mutations for :connectivity_plus:mergeDebugJavaResource (Thread[#42082,Execution worker Thread 2,5,main]) started.
[        ] :connectivity_plus:mergeDebugJavaResource (Thread[#42082,Execution worker Thread 2,5,main]) started.
[        ] > Task :connectivity_plus:mergeDebugJavaResource UP-TO-DATE
[        ] Caching disabled for task ':connectivity_plus:mergeDebugJavaResource' because:
[        ]   Build cache is disabled
[        ]   Caching has been disabled for the task
[        ] Skipping task ':connectivity_plus:mergeDebugJavaResource' as it is up-to-date.
[        ] Resolve mutations for :connectivity_plus:syncDebugLibJars (Thread[#42082,Execution worker Thread 2,5,main]) started.
[        ] :connectivity_plus:syncDebugLibJars (Thread[#42082,Execution worker Thread 2,5,main]) started.
[        ] > Task :connectivity_plus:syncDebugLibJars UP-TO-DATE
[        ] Caching disabled for task ':connectivity_plus:syncDebugLibJars' because:
[        ]   Build cache is disabled
[        ] Skipping task ':connectivity_plus:syncDebugLibJars' as it is up-to-date.
[        ] Resolve mutations for :connectivity_plus:bundleDebugAar (Thread[#42082,Execution worker Thread 2,5,main]) started.
[        ] :connectivity_plus:bundleDebugAar (Thread[#42082,Execution worker Thread 2,5,main]) started.
[        ] > Task :connectivity_plus:bundleDebugAar UP-TO-DATE
[        ] Caching disabled for task ':connectivity_plus:bundleDebugAar' because:
[        ]   Build cache is disabled
[        ]   Caching has been disabled for the task
[        ] Skipping task ':connectivity_plus:bundleDebugAar' as it is up-to-date.
[        ] Resolve mutations for :connectivity_plus:assembleDebug (Thread[#42082,Execution worker Thread 2,5,main]) started.
[        ] :connectivity_plus:assembleDebug (Thread[#42082,Execution worker Thread 2,5,main]) started.
[        ] > Task :connectivity_plus:assembleDebug UP-TO-DATE
[        ] Skipping task ':connectivity_plus:assembleDebug' as it has no actions.
[        ] Resolve mutations for :emoji_picker_flutter:stripDebugDebugSymbols (Thread[#42082,Execution worker Thread 2,5,main]) started.
[        ] :emoji_picker_flutter:stripDebugDebugSymbols (Thread[#42082,Execution worker Thread 2,5,main]) started.
[        ] > Task :emoji_picker_flutter:stripDebugDebugSymbols NO-SOURCE
[        ] Skipping task ':emoji_picker_flutter:stripDebugDebugSymbols' as it has no source files and no previous output files.
[        ] Resolve mutations for :emoji_picker_flutter:copyDebugJniLibsProjectAndLocalJars (Thread[#42082,Execution worker Thread 2,5,main]) started.
[        ] :emoji_picker_flutter:copyDebugJniLibsProjectAndLocalJars (Thread[#42082,Execution worker Thread 2,5,main]) started.
[        ] > Task :emoji_picker_flutter:copyDebugJniLibsProjectAndLocalJars UP-TO-DATE
[        ] Caching disabled for task ':emoji_picker_flutter:copyDebugJniLibsProjectAndLocalJars' because:
[        ]   Build cache is disabled
[        ]   Caching has been disabled for the task
[        ] Skipping task ':emoji_picker_flutter:copyDebugJniLibsProjectAndLocalJars' as it is up-to-date.
[        ] Resolve mutations for :emoji_picker_flutter:extractDebugAnnotations (Thread[#42082,Execution worker Thread 2,5,main]) started.
[        ] :emoji_picker_flutter:extractDebugAnnotations (Thread[#42082,Execution worker Thread 2,5,main]) started.
[        ] > Task :emoji_picker_flutter:extractDebugAnnotations UP-TO-DATE
[        ] Caching disabled for task ':emoji_picker_flutter:extractDebugAnnotations' because:
[        ]   Build cache is disabled
[        ] Skipping task ':emoji_picker_flutter:extractDebugAnnotations' as it is up-to-date.
[        ] Resolve mutations for :emoji_picker_flutter:extractDeepLinksForAarDebug (Thread[#42082,Execution worker Thread 2,5,main]) started.
[        ] :emoji_picker_flutter:extractDeepLinksForAarDebug (Thread[#42082,Execution worker Thread 2,5,main]) started.
[        ] > Task :emoji_picker_flutter:extractDeepLinksForAarDebug UP-TO-DATE
[        ] Caching disabled for task ':emoji_picker_flutter:extractDeepLinksForAarDebug' because:
[        ]   Build cache is disabled
[        ] Skipping task ':emoji_picker_flutter:extractDeepLinksForAarDebug' as it is up-to-date.
[        ] Resolve mutations for :emoji_picker_flutter:mergeDebugGeneratedProguardFiles (Thread[#42082,Execution worker Thread 2,5,main]) started.
[        ] :emoji_picker_flutter:mergeDebugGeneratedProguardFiles (Thread[#42082,Execution worker Thread 2,5,main]) started.
[        ] > Task :emoji_picker_flutter:mergeDebugGeneratedProguardFiles UP-TO-DATE
[        ] Caching disabled for task ':emoji_picker_flutter:mergeDebugGeneratedProguardFiles' because:
[        ]   Build cache is disabled
[        ]   Simple merging task
[        ] Skipping task ':emoji_picker_flutter:mergeDebugGeneratedProguardFiles' as it is up-to-date.
[        ] Resolve mutations for :emoji_picker_flutter:mergeDebugConsumerProguardFiles (Thread[#42082,Execution worker Thread 2,5,main]) started.
[        ] :emoji_picker_flutter:mergeDebugConsumerProguardFiles (Thread[#42082,Execution worker Thread 2,5,main]) started.
[        ] > Task :emoji_picker_flutter:mergeDebugConsumerProguardFiles UP-TO-DATE
[        ] Caching disabled for task ':emoji_picker_flutter:mergeDebugConsumerProguardFiles' because:
[        ]   Build cache is disabled
[        ]   Simple merging task
[        ] Skipping task ':emoji_picker_flutter:mergeDebugConsumerProguardFiles' as it is up-to-date.
[        ] Resolve mutations for :emoji_picker_flutter:prepareDebugArtProfile (Thread[#42082,Execution worker Thread 2,5,main]) started.
[        ] :emoji_picker_flutter:prepareDebugArtProfile (Thread[#42082,Execution worker Thread 2,5,main]) started.
[        ] > Task :emoji_picker_flutter:prepareDebugArtProfile UP-TO-DATE
[        ] Caching disabled for task ':emoji_picker_flutter:prepareDebugArtProfile' because:
[        ]   Build cache is disabled
[        ]   Caching has been disabled for the task
[        ] Skipping task ':emoji_picker_flutter:prepareDebugArtProfile' as it is up-to-date.
[        ] Resolve mutations for :emoji_picker_flutter:prepareLintJarForPublish (Thread[#42082,Execution worker Thread 2,5,main]) started.
[        ] :emoji_picker_flutter:prepareLintJarForPublish (Thread[#42082,Execution worker Thread 2,5,main]) started.
[        ] > Task :emoji_picker_flutter:prepareLintJarForPublish UP-TO-DATE
[        ] Caching disabled for task ':emoji_picker_flutter:prepareLintJarForPublish' because:
[        ]   Build cache is disabled
[        ]   Caching has been disabled for the task
[        ] Skipping task ':emoji_picker_flutter:prepareLintJarForPublish' as it is up-to-date.
[        ] Resolve mutations for :emoji_picker_flutter:mergeDebugJavaResource (Thread[#42082,Execution worker Thread 2,5,main]) started.
[        ] :emoji_picker_flutter:mergeDebugJavaResource (Thread[#42082,Execution worker Thread 2,5,main]) started.
[        ] > Task :emoji_picker_flutter:mergeDebugJavaResource UP-TO-DATE
[        ] Caching disabled for task ':emoji_picker_flutter:mergeDebugJavaResource' because:
[        ]   Build cache is disabled
[        ]   Caching has been disabled for the task
[        ] Skipping task ':emoji_picker_flutter:mergeDebugJavaResource' as it is up-to-date.
[        ] Resolve mutations for :emoji_picker_flutter:syncDebugLibJars (Thread[#42082,Execution worker Thread 2,5,main]) started.
[        ] :emoji_picker_flutter:syncDebugLibJars (Thread[#42082,Execution worker Thread 2,5,main]) started.
[        ] > Task :emoji_picker_flutter:syncDebugLibJars UP-TO-DATE
[        ] Caching disabled for task ':emoji_picker_flutter:syncDebugLibJars' because:
[        ]   Build cache is disabled
[        ] Skipping task ':emoji_picker_flutter:syncDebugLibJars' as it is up-to-date.
[        ] Resolve mutations for :emoji_picker_flutter:bundleDebugAar (Thread[#42082,Execution worker Thread 2,5,main]) started.
[        ] :emoji_picker_flutter:bundleDebugAar (Thread[#42082,Execution worker Thread 2,5,main]) started.
[        ] > Task :emoji_picker_flutter:bundleDebugAar UP-TO-DATE
[        ] Caching disabled for task ':emoji_picker_flutter:bundleDebugAar' because:
[        ]   Build cache is disabled
[        ]   Caching has been disabled for the task
[        ] Skipping task ':emoji_picker_flutter:bundleDebugAar' as it is up-to-date.
[        ] Resolve mutations for :emoji_picker_flutter:assembleDebug (Thread[#42082,Execution worker Thread 2,5,main]) started.
[        ] :emoji_picker_flutter:assembleDebug (Thread[#42082,Execution worker Thread 2,5,main]) started.
[        ] > Task :emoji_picker_flutter:assembleDebug UP-TO-DATE
[        ] Skipping task ':emoji_picker_flutter:assembleDebug' as it has no actions.
[        ] Resolve mutations for :file_selector_android:stripDebugDebugSymbols (Thread[#42082,Execution worker Thread 2,5,main]) started.
[        ] :file_selector_android:stripDebugDebugSymbols (Thread[#42082,Execution worker Thread 2,5,main]) started.
[        ] > Task :file_selector_android:stripDebugDebugSymbols NO-SOURCE
[        ] Skipping task ':file_selector_android:stripDebugDebugSymbols' as it has no source files and no previous output files.
[        ] Resolve mutations for :file_selector_android:copyDebugJniLibsProjectAndLocalJars (Thread[#42082,Execution worker Thread 2,5,main]) started.
[        ] :file_selector_android:copyDebugJniLibsProjectAndLocalJars (Thread[#42082,Execution worker Thread 2,5,main]) started.
[        ] > Task :file_selector_android:copyDebugJniLibsProjectAndLocalJars UP-TO-DATE
[        ] Caching disabled for task ':file_selector_android:copyDebugJniLibsProjectAndLocalJars' because:
[        ]   Build cache is disabled
[        ]   Caching has been disabled for the task
[        ] Skipping task ':file_selector_android:copyDebugJniLibsProjectAndLocalJars' as it is up-to-date.
[        ] Resolve mutations for :file_selector_android:extractDebugAnnotations (Thread[#42082,Execution worker Thread 2,5,main]) started.
[        ] :file_selector_android:extractDebugAnnotations (Thread[#42082,Execution worker Thread 2,5,main]) started.
[        ] > Task :file_selector_android:extractDebugAnnotations UP-TO-DATE
[        ] Caching disabled for task ':file_selector_android:extractDebugAnnotations' because:
[        ]   Build cache is disabled
[        ] Skipping task ':file_selector_android:extractDebugAnnotations' as it is up-to-date.
[        ] Resolve mutations for :file_selector_android:extractDeepLinksForAarDebug (Thread[#42082,Execution worker Thread 2,5,main]) started.
[        ] :file_selector_android:extractDeepLinksForAarDebug (Thread[#42082,Execution worker Thread 2,5,main]) started.
[        ] > Task :file_selector_android:extractDeepLinksForAarDebug UP-TO-DATE
[        ] Caching disabled for task ':file_selector_android:extractDeepLinksForAarDebug' because:
[        ]   Build cache is disabled
[        ] Skipping task ':file_selector_android:extractDeepLinksForAarDebug' as it is up-to-date.
[        ] Resolve mutations for :file_selector_android:mergeDebugGeneratedProguardFiles (Thread[#42082,Execution worker Thread 2,5,main]) started.
[        ] :file_selector_android:mergeDebugGeneratedProguardFiles (Thread[#42082,Execution worker Thread 2,5,main]) started.
[        ] > Task :file_selector_android:mergeDebugGeneratedProguardFiles UP-TO-DATE
[        ] Caching disabled for task ':file_selector_android:mergeDebugGeneratedProguardFiles' because:
[        ]   Build cache is disabled
[        ]   Simple merging task
[        ] Skipping task ':file_selector_android:mergeDebugGeneratedProguardFiles' as it is up-to-date.
[        ] Resolve mutations for :file_selector_android:mergeDebugConsumerProguardFiles (Thread[#42082,Execution worker Thread 2,5,main]) started.
[        ] :file_selector_android:mergeDebugConsumerProguardFiles (Thread[#42082,Execution worker Thread 2,5,main]) started.
[        ] > Task :file_selector_android:mergeDebugConsumerProguardFiles UP-TO-DATE
[        ] Caching disabled for task ':file_selector_android:mergeDebugConsumerProguardFiles' because:
[        ]   Build cache is disabled
[        ]   Simple merging task
[        ] Skipping task ':file_selector_android:mergeDebugConsumerProguardFiles' as it is up-to-date.
[        ] Resolve mutations for :file_selector_android:prepareDebugArtProfile (Thread[#42082,Execution worker Thread 2,5,main]) started.
[        ] :file_selector_android:prepareDebugArtProfile (Thread[#42082,Execution worker Thread 2,5,main]) started.
[        ] > Task :file_selector_android:prepareDebugArtProfile UP-TO-DATE
[        ] Caching disabled for task ':file_selector_android:prepareDebugArtProfile' because:
[        ]   Build cache is disabled
[        ]   Caching has been disabled for the task
[        ] Skipping task ':file_selector_android:prepareDebugArtProfile' as it is up-to-date.
[        ] Resolve mutations for :file_selector_android:prepareLintJarForPublish (Thread[#42082,Execution worker Thread 2,5,main]) started.
[        ] :file_selector_android:prepareLintJarForPublish (Thread[#42082,Execution worker Thread 2,5,main]) started.
[        ] > Task :file_selector_android:prepareLintJarForPublish UP-TO-DATE
[        ] Caching disabled for task ':file_selector_android:prepareLintJarForPublish' because:
[        ]   Build cache is disabled
[        ]   Caching has been disabled for the task
[        ] Skipping task ':file_selector_android:prepareLintJarForPublish' as it is up-to-date.
[        ] Resolve mutations for :file_selector_android:mergeDebugJavaResource (Thread[#42082,Execution worker Thread 2,5,main]) started.
[        ] :file_selector_android:mergeDebugJavaResource (Thread[#42082,Execution worker Thread 2,5,main]) started.
[        ] > Task :file_selector_android:mergeDebugJavaResource UP-TO-DATE
[        ] Caching disabled for task ':file_selector_android:mergeDebugJavaResource' because:
[        ]   Build cache is disabled
[        ]   Caching has been disabled for the task
[        ] Skipping task ':file_selector_android:mergeDebugJavaResource' as it is up-to-date.
[        ] Resolve mutations for :file_selector_android:syncDebugLibJars (Thread[#42082,Execution worker Thread 2,5,main]) started.
[        ] :file_selector_android:syncDebugLibJars (Thread[#42082,Execution worker Thread 2,5,main]) started.
[        ] > Task :file_selector_android:syncDebugLibJars UP-TO-DATE
[        ] Caching disabled for task ':file_selector_android:syncDebugLibJars' because:
[        ]   Build cache is disabled
[        ] Skipping task ':file_selector_android:syncDebugLibJars' as it is up-to-date.
[        ] Resolve mutations for :file_selector_android:bundleDebugAar (Thread[#42082,Execution worker Thread 2,5,main]) started.
[        ] :file_selector_android:bundleDebugAar (Thread[#42082,Execution worker Thread 2,5,main]) started.
[        ] > Task :file_selector_android:bundleDebugAar UP-TO-DATE
[        ] Caching disabled for task ':file_selector_android:bundleDebugAar' because:
[        ]   Build cache is disabled
[        ]   Caching has been disabled for the task
[        ] Skipping task ':file_selector_android:bundleDebugAar' as it is up-to-date.
[        ] Resolve mutations for :file_selector_android:assembleDebug (Thread[#42082,Execution worker Thread 2,5,main]) started.
[        ] :file_selector_android:assembleDebug (Thread[#42082,Execution worker Thread 2,5,main]) started.
[        ] > Task :file_selector_android:assembleDebug UP-TO-DATE
[        ] Skipping task ':file_selector_android:assembleDebug' as it has no actions.
[        ] Resolve mutations for :flutter_keyboard_visibility_temp_fork:stripDebugDebugSymbols (Thread[#42082,Execution worker Thread 2,5,main]) started.
[        ] :flutter_keyboard_visibility_temp_fork:stripDebugDebugSymbols (Thread[#42082,Execution worker Thread 2,5,main]) started.
[        ] > Task :flutter_keyboard_visibility_temp_fork:stripDebugDebugSymbols NO-SOURCE
[        ] Skipping task ':flutter_keyboard_visibility_temp_fork:stripDebugDebugSymbols' as it has no source files and no previous output files.
[        ] Resolve mutations for :flutter_keyboard_visibility_temp_fork:copyDebugJniLibsProjectAndLocalJars (Thread[#42082,Execution worker Thread 2,5,main]) started.
[        ] :flutter_keyboard_visibility_temp_fork:copyDebugJniLibsProjectAndLocalJars (Thread[#42082,Execution worker Thread 2,5,main]) started.
[        ] > Task :flutter_keyboard_visibility_temp_fork:copyDebugJniLibsProjectAndLocalJars UP-TO-DATE
[        ] Caching disabled for task ':flutter_keyboard_visibility_temp_fork:copyDebugJniLibsProjectAndLocalJars' because:
[        ]   Build cache is disabled
[        ]   Caching has been disabled for the task
[        ] Skipping task ':flutter_keyboard_visibility_temp_fork:copyDebugJniLibsProjectAndLocalJars' as it is up-to-date.
[        ] Resolve mutations for :flutter_keyboard_visibility_temp_fork:extractDebugAnnotations (Thread[#42082,Execution worker Thread 2,5,main]) started.
[        ] :flutter_keyboard_visibility_temp_fork:extractDebugAnnotations (Thread[#42082,Execution worker Thread 2,5,main]) started.
[        ] > Task :flutter_keyboard_visibility_temp_fork:extractDebugAnnotations UP-TO-DATE
[        ] Caching disabled for task ':flutter_keyboard_visibility_temp_fork:extractDebugAnnotations' because:
[        ]   Build cache is disabled
[        ] Skipping task ':flutter_keyboard_visibility_temp_fork:extractDebugAnnotations' as it is up-to-date.
[        ] Resolve mutations for :flutter_keyboard_visibility_temp_fork:extractDeepLinksForAarDebug (Thread[#42082,Execution worker Thread 2,5,main]) started.
[        ] :flutter_keyboard_visibility_temp_fork:extractDeepLinksForAarDebug (Thread[#42082,Execution worker Thread 2,5,main]) started.
[        ] > Task :flutter_keyboard_visibility_temp_fork:extractDeepLinksForAarDebug UP-TO-DATE
[        ] Caching disabled for task ':flutter_keyboard_visibility_temp_fork:extractDeepLinksForAarDebug' because:
[        ]   Build cache is disabled
[        ] Skipping task ':flutter_keyboard_visibility_temp_fork:extractDeepLinksForAarDebug' as it is up-to-date.
[        ] Resolve mutations for :flutter_keyboard_visibility_temp_fork:mergeDebugGeneratedProguardFiles (Thread[#42082,Execution worker Thread 2,5,main]) started.
[        ] :flutter_keyboard_visibility_temp_fork:mergeDebugGeneratedProguardFiles (Thread[#42082,Execution worker Thread 2,5,main]) started.
[        ] > Task :flutter_keyboard_visibility_temp_fork:mergeDebugGeneratedProguardFiles UP-TO-DATE
[        ] Caching disabled for task ':flutter_keyboard_visibility_temp_fork:mergeDebugGeneratedProguardFiles' because:
[        ]   Build cache is disabled
[        ]   Simple merging task
[        ] Skipping task ':flutter_keyboard_visibility_temp_fork:mergeDebugGeneratedProguardFiles' as it is up-to-date.
[        ] Resolve mutations for :flutter_keyboard_visibility_temp_fork:mergeDebugConsumerProguardFiles (Thread[#42082,Execution worker Thread 2,5,main]) started.
[        ] :flutter_keyboard_visibility_temp_fork:mergeDebugConsumerProguardFiles (Thread[#42082,Execution worker Thread 2,5,main]) started.
[        ] > Task :flutter_keyboard_visibility_temp_fork:mergeDebugConsumerProguardFiles UP-TO-DATE
[        ] Caching disabled for task ':flutter_keyboard_visibility_temp_fork:mergeDebugConsumerProguardFiles' because:
[        ]   Build cache is disabled
[        ]   Simple merging task
[        ] Skipping task ':flutter_keyboard_visibility_temp_fork:mergeDebugConsumerProguardFiles' as it is up-to-date.
[        ] Resolve mutations for :flutter_keyboard_visibility_temp_fork:prepareDebugArtProfile (Thread[#42082,Execution worker Thread 2,5,main]) started.
[        ] :flutter_keyboard_visibility_temp_fork:prepareDebugArtProfile (Thread[#42082,Execution worker Thread 2,5,main]) started.
[        ] > Task :flutter_keyboard_visibility_temp_fork:prepareDebugArtProfile UP-TO-DATE
[        ] Caching disabled for task ':flutter_keyboard_visibility_temp_fork:prepareDebugArtProfile' because:
[        ]   Build cache is disabled
[        ]   Caching has been disabled for the task
[        ] Skipping task ':flutter_keyboard_visibility_temp_fork:prepareDebugArtProfile' as it is up-to-date.
[        ] Resolve mutations for :flutter_keyboard_visibility_temp_fork:prepareLintJarForPublish (Thread[#42082,Execution worker Thread 2,5,main]) started.
[        ] :flutter_keyboard_visibility_temp_fork:prepareLintJarForPublish (Thread[#42082,Execution worker Thread 2,5,main]) started.
[        ] > Task :flutter_keyboard_visibility_temp_fork:prepareLintJarForPublish UP-TO-DATE
[        ] Caching disabled for task ':flutter_keyboard_visibility_temp_fork:prepareLintJarForPublish' because:
[        ]   Build cache is disabled
[        ]   Caching has been disabled for the task
[        ] Skipping task ':flutter_keyboard_visibility_temp_fork:prepareLintJarForPublish' as it is up-to-date.
[        ] Resolve mutations for :flutter_keyboard_visibility_temp_fork:mergeDebugJavaResource (Thread[#42082,Execution worker Thread 2,5,main]) started.
[        ] :flutter_keyboard_visibility_temp_fork:mergeDebugJavaResource (Thread[#42082,Execution worker Thread 2,5,main]) started.
[        ] > Task :flutter_keyboard_visibility_temp_fork:mergeDebugJavaResource UP-TO-DATE
[        ] Caching disabled for task ':flutter_keyboard_visibility_temp_fork:mergeDebugJavaResource' because:
[        ]   Build cache is disabled
[        ]   Caching has been disabled for the task
[        ] Skipping task ':flutter_keyboard_visibility_temp_fork:mergeDebugJavaResource' as it is up-to-date.
[        ] Resolve mutations for :flutter_keyboard_visibility_temp_fork:syncDebugLibJars (Thread[#42082,Execution worker Thread 2,5,main]) started.
[        ] :flutter_keyboard_visibility_temp_fork:syncDebugLibJars (Thread[#42082,Execution worker Thread 2,5,main]) started.
[        ] > Task :flutter_keyboard_visibility_temp_fork:syncDebugLibJars UP-TO-DATE
[        ] Caching disabled for task ':flutter_keyboard_visibility_temp_fork:syncDebugLibJars' because:
[        ]   Build cache is disabled
[        ] Skipping task ':flutter_keyboard_visibility_temp_fork:syncDebugLibJars' as it is up-to-date.
[        ] Resolve mutations for :flutter_keyboard_visibility_temp_fork:bundleDebugAar (Thread[#42082,Execution worker Thread 2,5,main]) started.
[        ] :flutter_keyboard_visibility_temp_fork:bundleDebugAar (Thread[#42082,Execution worker Thread 2,5,main]) started.
[        ] > Task :flutter_keyboard_visibility_temp_fork:bundleDebugAar UP-TO-DATE
[        ] Caching disabled for task ':flutter_keyboard_visibility_temp_fork:bundleDebugAar' because:
[        ]   Build cache is disabled
[        ]   Caching has been disabled for the task
[        ] Skipping task ':flutter_keyboard_visibility_temp_fork:bundleDebugAar' as it is up-to-date.
[        ] Resolve mutations for :flutter_keyboard_visibility_temp_fork:assembleDebug (Thread[#42082,Execution worker Thread 2,5,main]) started.
[        ] :flutter_keyboard_visibility_temp_fork:assembleDebug (Thread[#42082,Execution worker Thread 2,5,main]) started.
[        ] > Task :flutter_keyboard_visibility_temp_fork:assembleDebug UP-TO-DATE
[        ] Skipping task ':flutter_keyboard_visibility_temp_fork:assembleDebug' as it has no actions.
[        ] Resolve mutations for :flutter_native_splash:stripDebugDebugSymbols (Thread[#42082,Execution worker Thread 2,5,main]) started.
[        ] :flutter_native_splash:stripDebugDebugSymbols (Thread[#42082,Execution worker Thread 2,5,main]) started.
[        ] > Task :flutter_native_splash:stripDebugDebugSymbols NO-SOURCE
[        ] Skipping task ':flutter_native_splash:stripDebugDebugSymbols' as it has no source files and no previous output files.
[        ] Resolve mutations for :flutter_native_splash:copyDebugJniLibsProjectAndLocalJars (Thread[#42082,Execution worker Thread 2,5,main]) started.
[        ] :flutter_native_splash:copyDebugJniLibsProjectAndLocalJars (Thread[#42082,Execution worker Thread 2,5,main]) started.
[        ] > Task :flutter_native_splash:copyDebugJniLibsProjectAndLocalJars UP-TO-DATE
[        ] Caching disabled for task ':flutter_native_splash:copyDebugJniLibsProjectAndLocalJars' because:
[        ]   Build cache is disabled
[        ]   Caching has been disabled for the task
[        ] Skipping task ':flutter_native_splash:copyDebugJniLibsProjectAndLocalJars' as it is up-to-date.
[        ] Resolve mutations for :flutter_native_splash:extractDebugAnnotations (Thread[#42082,Execution worker Thread 2,5,main]) started.
[        ] :flutter_native_splash:extractDebugAnnotations (Thread[#42082,Execution worker Thread 2,5,main]) started.
[        ] > Task :flutter_native_splash:extractDebugAnnotations UP-TO-DATE
[        ] Caching disabled for task ':flutter_native_splash:extractDebugAnnotations' because:
[        ]   Build cache is disabled
[        ] Skipping task ':flutter_native_splash:extractDebugAnnotations' as it is up-to-date.
[        ] Resolve mutations for :flutter_native_splash:extractDeepLinksForAarDebug (Thread[#42082,Execution worker Thread 2,5,main]) started.
[        ] :flutter_native_splash:extractDeepLinksForAarDebug (Thread[#42082,Execution worker Thread 2,5,main]) started.
[        ] > Task :flutter_native_splash:extractDeepLinksForAarDebug UP-TO-DATE
[        ] Caching disabled for task ':flutter_native_splash:extractDeepLinksForAarDebug' because:
[        ]   Build cache is disabled
[        ] Skipping task ':flutter_native_splash:extractDeepLinksForAarDebug' as it is up-to-date.
[        ] Resolve mutations for :flutter_native_splash:mergeDebugGeneratedProguardFiles (Thread[#42082,Execution worker Thread 2,5,main]) started.
[        ] :flutter_native_splash:mergeDebugGeneratedProguardFiles (Thread[#42082,Execution worker Thread 2,5,main]) started.
[        ] > Task :flutter_native_splash:mergeDebugGeneratedProguardFiles UP-TO-DATE
[        ] Caching disabled for task ':flutter_native_splash:mergeDebugGeneratedProguardFiles' because:
[        ]   Build cache is disabled
[        ]   Simple merging task
[        ] Skipping task ':flutter_native_splash:mergeDebugGeneratedProguardFiles' as it is up-to-date.
[        ] Resolve mutations for :flutter_native_splash:mergeDebugConsumerProguardFiles (Thread[#42082,Execution worker Thread 2,5,main]) started.
[        ] :flutter_native_splash:mergeDebugConsumerProguardFiles (Thread[#42082,Execution worker Thread 2,5,main]) started.
[        ] > Task :flutter_native_splash:mergeDebugConsumerProguardFiles UP-TO-DATE
[        ] Caching disabled for task ':flutter_native_splash:mergeDebugConsumerProguardFiles' because:
[        ]   Build cache is disabled
[        ]   Simple merging task
[        ] Skipping task ':flutter_native_splash:mergeDebugConsumerProguardFiles' as it is up-to-date.
[        ] Resolve mutations for :flutter_native_splash:prepareDebugArtProfile (Thread[#42082,Execution worker Thread 2,5,main]) started.
[        ] :flutter_native_splash:prepareDebugArtProfile (Thread[#42082,Execution worker Thread 2,5,main]) started.
[        ] > Task :flutter_native_splash:prepareDebugArtProfile UP-TO-DATE
[        ] Caching disabled for task ':flutter_native_splash:prepareDebugArtProfile' because:
[        ]   Build cache is disabled
[        ]   Caching has been disabled for the task
[        ] Skipping task ':flutter_native_splash:prepareDebugArtProfile' as it is up-to-date.
[        ] Resolve mutations for :flutter_native_splash:prepareLintJarForPublish (Thread[#42082,Execution worker Thread 2,5,main]) started.
[        ] :flutter_native_splash:prepareLintJarForPublish (Thread[#42082,Execution worker Thread 2,5,main]) started.
[        ] > Task :flutter_native_splash:prepareLintJarForPublish UP-TO-DATE
[        ] Caching disabled for task ':flutter_native_splash:prepareLintJarForPublish' because:
[        ]   Build cache is disabled
[        ]   Caching has been disabled for the task
[        ] Skipping task ':flutter_native_splash:prepareLintJarForPublish' as it is up-to-date.
[        ] Resolve mutations for :flutter_native_splash:mergeDebugJavaResource (Thread[#42082,Execution worker Thread 2,5,main]) started.
[        ] :flutter_native_splash:mergeDebugJavaResource (Thread[#42082,Execution worker Thread 2,5,main]) started.
[        ] > Task :flutter_native_splash:mergeDebugJavaResource UP-TO-DATE
[        ] Caching disabled for task ':flutter_native_splash:mergeDebugJavaResource' because:
[        ]   Build cache is disabled
[        ]   Caching has been disabled for the task
[        ] Skipping task ':flutter_native_splash:mergeDebugJavaResource' as it is up-to-date.
[        ] Resolve mutations for :flutter_native_splash:syncDebugLibJars (Thread[#42082,Execution worker Thread 2,5,main]) started.
[        ] :flutter_native_splash:syncDebugLibJars (Thread[#42082,Execution worker Thread 2,5,main]) started.
[        ] > Task :flutter_native_splash:syncDebugLibJars UP-TO-DATE
[        ] Caching disabled for task ':flutter_native_splash:syncDebugLibJars' because:
[        ]   Build cache is disabled
[        ] Skipping task ':flutter_native_splash:syncDebugLibJars' as it is up-to-date.
[        ] Resolve mutations for :flutter_native_splash:bundleDebugAar (Thread[#42082,Execution worker Thread 2,5,main]) started.
[        ] :flutter_native_splash:bundleDebugAar (Thread[#42082,Execution worker Thread 2,5,main]) started.
[        ] > Task :flutter_native_splash:bundleDebugAar UP-TO-DATE
[        ] Caching disabled for task ':flutter_native_splash:bundleDebugAar' because:
[        ]   Build cache is disabled
[        ]   Caching has been disabled for the task
[        ] Skipping task ':flutter_native_splash:bundleDebugAar' as it is up-to-date.
[        ] Resolve mutations for :flutter_native_splash:assembleDebug (Thread[#42082,Execution worker Thread 2,5,main]) started.
[        ] :flutter_native_splash:assembleDebug (Thread[#42082,Execution worker Thread 2,5,main]) started.
[        ] > Task :flutter_native_splash:assembleDebug UP-TO-DATE
[        ] Skipping task ':flutter_native_splash:assembleDebug' as it has no actions.
[        ] Resolve mutations for :flutter_olm:stripDebugDebugSymbols (Thread[#42082,Execution worker Thread 2,5,main]) started.
[        ] :flutter_olm:stripDebugDebugSymbols (Thread[#42082,Execution worker Thread 2,5,main]) started.
[        ] > Task :flutter_olm:stripDebugDebugSymbols UP-TO-DATE
[        ] Caching disabled for task ':flutter_olm:stripDebugDebugSymbols' because:
[        ]   Build cache is disabled
[        ]   Caching has been disabled for the task
[        ] Skipping task ':flutter_olm:stripDebugDebugSymbols' as it is up-to-date.
[        ] Resolve mutations for :flutter_olm:copyDebugJniLibsProjectAndLocalJars (Thread[#42082,Execution worker Thread 2,5,main]) started.
[        ] :flutter_olm:copyDebugJniLibsProjectAndLocalJars (Thread[#42082,Execution worker Thread 2,5,main]) started.
[        ] > Task :flutter_olm:copyDebugJniLibsProjectAndLocalJars UP-TO-DATE
[        ] Caching disabled for task ':flutter_olm:copyDebugJniLibsProjectAndLocalJars' because:
[        ]   Build cache is disabled
[        ]   Caching has been disabled for the task
[        ] Skipping task ':flutter_olm:copyDebugJniLibsProjectAndLocalJars' as it is up-to-date.
[        ] Resolve mutations for :flutter_olm:extractDebugAnnotations (Thread[#42082,Execution worker Thread 2,5,main]) started.
[        ] :flutter_olm:extractDebugAnnotations (Thread[#42082,Execution worker Thread 2,5,main]) started.
[        ] > Task :flutter_olm:extractDebugAnnotations UP-TO-DATE
[        ] Caching disabled for task ':flutter_olm:extractDebugAnnotations' because:
[        ]   Build cache is disabled
[        ] Skipping task ':flutter_olm:extractDebugAnnotations' as it is up-to-date.
[        ] Resolve mutations for :flutter_olm:extractDeepLinksForAarDebug (Thread[#42082,Execution worker Thread 2,5,main]) started.
[        ] :flutter_olm:extractDeepLinksForAarDebug (Thread[#42082,Execution worker Thread 2,5,main]) started.
[        ] > Task :flutter_olm:extractDeepLinksForAarDebug UP-TO-DATE
[        ] Caching disabled for task ':flutter_olm:extractDeepLinksForAarDebug' because:
[        ]   Build cache is disabled
[        ] Skipping task ':flutter_olm:extractDeepLinksForAarDebug' as it is up-to-date.
[        ] Resolve mutations for :flutter_olm:mergeDebugGeneratedProguardFiles (Thread[#42082,Execution worker Thread 2,5,main]) started.
[        ] :flutter_olm:mergeDebugGeneratedProguardFiles (Thread[#42082,Execution worker Thread 2,5,main]) started.
[        ] > Task :flutter_olm:mergeDebugGeneratedProguardFiles UP-TO-DATE
[        ] Caching disabled for task ':flutter_olm:mergeDebugGeneratedProguardFiles' because:
[        ]   Build cache is disabled
[        ]   Simple merging task
[        ] Skipping task ':flutter_olm:mergeDebugGeneratedProguardFiles' as it is up-to-date.
[        ] Resolve mutations for :flutter_olm:mergeDebugConsumerProguardFiles (Thread[#42082,Execution worker Thread 2,5,main]) started.
[        ] :flutter_olm:mergeDebugConsumerProguardFiles (Thread[#42082,Execution worker Thread 2,5,main]) started.
[        ] > Task :flutter_olm:mergeDebugConsumerProguardFiles UP-TO-DATE
[        ] Caching disabled for task ':flutter_olm:mergeDebugConsumerProguardFiles' because:
[        ]   Build cache is disabled
[        ]   Simple merging task
[        ] Skipping task ':flutter_olm:mergeDebugConsumerProguardFiles' as it is up-to-date.
[        ] Resolve mutations for :flutter_olm:prepareDebugArtProfile (Thread[#42082,Execution worker Thread 2,5,main]) started.
[        ] :flutter_olm:prepareDebugArtProfile (Thread[#42082,Execution worker Thread 2,5,main]) started.
[        ] > Task :flutter_olm:prepareDebugArtProfile UP-TO-DATE
[        ] Caching disabled for task ':flutter_olm:prepareDebugArtProfile' because:
[        ]   Build cache is disabled
[        ]   Caching has been disabled for the task
[        ] Skipping task ':flutter_olm:prepareDebugArtProfile' as it is up-to-date.
[        ] Resolve mutations for :flutter_olm:prepareLintJarForPublish (Thread[#42082,Execution worker Thread 2,5,main]) started.
[        ] :flutter_olm:prepareLintJarForPublish (Thread[#42082,Execution worker Thread 2,5,main]) started.
[        ] > Task :flutter_olm:prepareLintJarForPublish UP-TO-DATE
[        ] Caching disabled for task ':flutter_olm:prepareLintJarForPublish' because:
[        ]   Build cache is disabled
[        ]   Caching has been disabled for the task
[        ] Skipping task ':flutter_olm:prepareLintJarForPublish' as it is up-to-date.
[        ] Resolve mutations for :flutter_olm:mergeDebugJavaResource (Thread[#42082,Execution worker Thread 2,5,main]) started.
[        ] :flutter_olm:mergeDebugJavaResource (Thread[#42082,Execution worker Thread 2,5,main]) started.
[        ] > Task :flutter_olm:mergeDebugJavaResource UP-TO-DATE
[        ] Caching disabled for task ':flutter_olm:mergeDebugJavaResource' because:
[        ]   Build cache is disabled
[        ]   Caching has been disabled for the task
[        ] Skipping task ':flutter_olm:mergeDebugJavaResource' as it is up-to-date.
[        ] Resolve mutations for :flutter_olm:syncDebugLibJars (Thread[#42082,Execution worker Thread 2,5,main]) started.
[        ] :flutter_olm:syncDebugLibJars (Thread[#42082,Execution worker Thread 2,5,main]) started.
[        ] > Task :flutter_olm:syncDebugLibJars UP-TO-DATE
[        ] Caching disabled for task ':flutter_olm:syncDebugLibJars' because:
[        ]   Build cache is disabled
[        ] Skipping task ':flutter_olm:syncDebugLibJars' as it is up-to-date.
[        ] Resolve mutations for :flutter_olm:bundleDebugAar (Thread[#42082,Execution worker Thread 2,5,main]) started.
[        ] :flutter_olm:bundleDebugAar (Thread[#42082,Execution worker Thread 2,5,main]) started.
[        ] > Task :flutter_olm:bundleDebugAar UP-TO-DATE
[        ] Caching disabled for task ':flutter_olm:bundleDebugAar' because:
[        ]   Build cache is disabled
[        ]   Caching has been disabled for the task
[        ] Skipping task ':flutter_olm:bundleDebugAar' as it is up-to-date.
[        ] Resolve mutations for :flutter_olm:assembleDebug (Thread[#42082,Execution worker Thread 2,5,main]) started.
[        ] :flutter_olm:assembleDebug (Thread[#42082,Execution worker Thread 2,5,main]) started.
[        ] > Task :flutter_olm:assembleDebug UP-TO-DATE
[        ] Skipping task ':flutter_olm:assembleDebug' as it has no actions.
[        ] Resolve mutations for :flutter_openssl_crypto:stripDebugDebugSymbols (Thread[#42082,Execution worker Thread 2,5,main]) started.
[        ] :flutter_openssl_crypto:stripDebugDebugSymbols (Thread[#42082,Execution worker Thread 2,5,main]) started.
[        ] > Task :flutter_openssl_crypto:stripDebugDebugSymbols UP-TO-DATE
[        ] Caching disabled for task ':flutter_openssl_crypto:stripDebugDebugSymbols' because:
[        ]   Build cache is disabled
[        ]   Caching has been disabled for the task
[        ] Skipping task ':flutter_openssl_crypto:stripDebugDebugSymbols' as it is up-to-date.
[        ] Resolve mutations for :flutter_openssl_crypto:copyDebugJniLibsProjectAndLocalJars (Thread[#42082,Execution worker Thread 2,5,main]) started.
[        ] :flutter_openssl_crypto:copyDebugJniLibsProjectAndLocalJars (Thread[#42082,Execution worker Thread 2,5,main]) started.
[        ] > Task :flutter_openssl_crypto:copyDebugJniLibsProjectAndLocalJars UP-TO-DATE
[        ] Caching disabled for task ':flutter_openssl_crypto:copyDebugJniLibsProjectAndLocalJars' because:
[        ]   Build cache is disabled
[        ]   Caching has been disabled for the task
[        ] Skipping task ':flutter_openssl_crypto:copyDebugJniLibsProjectAndLocalJars' as it is up-to-date.
[        ] Resolve mutations for :flutter_openssl_crypto:extractDebugAnnotations (Thread[#42082,Execution worker Thread 2,5,main]) started.
[        ] :flutter_openssl_crypto:extractDebugAnnotations (Thread[#42082,Execution worker Thread 2,5,main]) started.
[        ] > Task :flutter_openssl_crypto:extractDebugAnnotations UP-TO-DATE
[        ] Caching disabled for task ':flutter_openssl_crypto:extractDebugAnnotations' because:
[        ]   Build cache is disabled
[        ] Skipping task ':flutter_openssl_crypto:extractDebugAnnotations' as it is up-to-date.
[        ] Resolve mutations for :flutter_openssl_crypto:extractDeepLinksForAarDebug (Thread[#42082,Execution worker Thread 2,5,main]) started.
[        ] :flutter_openssl_crypto:extractDeepLinksForAarDebug (Thread[#42082,Execution worker Thread 2,5,main]) started.
[        ] > Task :flutter_openssl_crypto:extractDeepLinksForAarDebug UP-TO-DATE
[        ] Caching disabled for task ':flutter_openssl_crypto:extractDeepLinksForAarDebug' because:
[        ]   Build cache is disabled
[        ] Skipping task ':flutter_openssl_crypto:extractDeepLinksForAarDebug' as it is up-to-date.
[        ] Resolve mutations for :flutter_openssl_crypto:mergeDebugGeneratedProguardFiles (Thread[#42082,Execution worker Thread 2,5,main]) started.
[        ] :flutter_openssl_crypto:mergeDebugGeneratedProguardFiles (Thread[#42082,Execution worker Thread 2,5,main]) started.
[        ] > Task :flutter_openssl_crypto:mergeDebugGeneratedProguardFiles UP-TO-DATE
[        ] Caching disabled for task ':flutter_openssl_crypto:mergeDebugGeneratedProguardFiles' because:
[        ]   Build cache is disabled
[        ]   Simple merging task
[        ] Skipping task ':flutter_openssl_crypto:mergeDebugGeneratedProguardFiles' as it is up-to-date.
[        ] Resolve mutations for :flutter_openssl_crypto:mergeDebugConsumerProguardFiles (Thread[#42082,Execution worker Thread 2,5,main]) started.
[        ] :flutter_openssl_crypto:mergeDebugConsumerProguardFiles (Thread[#42082,Execution worker Thread 2,5,main]) started.
[        ] > Task :flutter_openssl_crypto:mergeDebugConsumerProguardFiles UP-TO-DATE
[        ] Caching disabled for task ':flutter_openssl_crypto:mergeDebugConsumerProguardFiles' because:
[        ]   Build cache is disabled
[        ]   Simple merging task
[        ] Skipping task ':flutter_openssl_crypto:mergeDebugConsumerProguardFiles' as it is up-to-date.
[        ] Resolve mutations for :flutter_openssl_crypto:prepareDebugArtProfile (Thread[#42082,Execution worker Thread 2,5,main]) started.
[        ] :flutter_openssl_crypto:prepareDebugArtProfile (Thread[#42082,Execution worker Thread 2,5,main]) started.
[        ] > Task :flutter_openssl_crypto:prepareDebugArtProfile UP-TO-DATE
[        ] Caching disabled for task ':flutter_openssl_crypto:prepareDebugArtProfile' because:
[        ]   Build cache is disabled
[        ]   Caching has been disabled for the task
[        ] Skipping task ':flutter_openssl_crypto:prepareDebugArtProfile' as it is up-to-date.
[        ] Resolve mutations for :flutter_openssl_crypto:prepareLintJarForPublish (Thread[#42082,Execution worker Thread 2,5,main]) started.
[        ] :flutter_openssl_crypto:prepareLintJarForPublish (Thread[#42082,Execution worker Thread 2,5,main]) started.
[        ] > Task :flutter_openssl_crypto:prepareLintJarForPublish UP-TO-DATE
[        ] Caching disabled for task ':flutter_openssl_crypto:prepareLintJarForPublish' because:
[        ]   Build cache is disabled
[        ]   Caching has been disabled for the task
[        ] Skipping task ':flutter_openssl_crypto:prepareLintJarForPublish' as it is up-to-date.
[        ] Resolve mutations for :flutter_openssl_crypto:mergeDebugJavaResource (Thread[#42082,Execution worker Thread 2,5,main]) started.
[        ] :flutter_openssl_crypto:mergeDebugJavaResource (Thread[#42082,Execution worker Thread 2,5,main]) started.
[        ] > Task :flutter_openssl_crypto:mergeDebugJavaResource UP-TO-DATE
[        ] Caching disabled for task ':flutter_openssl_crypto:mergeDebugJavaResource' because:
[        ]   Build cache is disabled
[        ]   Caching has been disabled for the task
[        ] Skipping task ':flutter_openssl_crypto:mergeDebugJavaResource' as it is up-to-date.
[        ] Resolve mutations for :flutter_openssl_crypto:syncDebugLibJars (Thread[#42082,Execution worker Thread 2,5,main]) started.
[        ] :flutter_openssl_crypto:syncDebugLibJars (Thread[#42082,Execution worker Thread 2,5,main]) started.
[        ] > Task :flutter_openssl_crypto:syncDebugLibJars UP-TO-DATE
[        ] Caching disabled for task ':flutter_openssl_crypto:syncDebugLibJars' because:
[        ]   Build cache is disabled
[        ] Skipping task ':flutter_openssl_crypto:syncDebugLibJars' as it is up-to-date.
[        ] Resolve mutations for :flutter_openssl_crypto:bundleDebugAar (Thread[#42082,Execution worker Thread 2,5,main]) started.
[        ] :flutter_openssl_crypto:bundleDebugAar (Thread[#42082,Execution worker Thread 2,5,main]) started.
[        ] > Task :flutter_openssl_crypto:bundleDebugAar UP-TO-DATE
[        ] Caching disabled for task ':flutter_openssl_crypto:bundleDebugAar' because:
[        ]   Build cache is disabled
[        ]   Caching has been disabled for the task
[        ] Skipping task ':flutter_openssl_crypto:bundleDebugAar' as it is up-to-date.
[        ] Resolve mutations for :flutter_openssl_crypto:assembleDebug (Thread[#42082,Execution worker Thread 2,5,main]) started.
[        ] :flutter_openssl_crypto:assembleDebug (Thread[#42082,Execution worker Thread 2,5,main]) started.
[        ] > Task :flutter_openssl_crypto:assembleDebug UP-TO-DATE
[        ] Skipping task ':flutter_openssl_crypto:assembleDebug' as it has no actions.
[        ] Resolve mutations for :integration_test:stripDebugDebugSymbols (Thread[#42082,Execution worker Thread 2,5,main]) started.
[        ] :integration_test:stripDebugDebugSymbols (Thread[#42082,Execution worker Thread 2,5,main]) started.
[        ] > Task :integration_test:stripDebugDebugSymbols NO-SOURCE
[        ] Skipping task ':integration_test:stripDebugDebugSymbols' as it has no source files and no previous output files.
[        ] Resolve mutations for :integration_test:copyDebugJniLibsProjectAndLocalJars (Thread[#42082,Execution worker Thread 2,5,main]) started.
[        ] :integration_test:copyDebugJniLibsProjectAndLocalJars (Thread[#42082,Execution worker Thread 2,5,main]) started.
[        ] > Task :integration_test:copyDebugJniLibsProjectAndLocalJars UP-TO-DATE
[        ] Caching disabled for task ':integration_test:copyDebugJniLibsProjectAndLocalJars' because:
[        ]   Build cache is disabled
[        ]   Caching has been disabled for the task
[        ] Skipping task ':integration_test:copyDebugJniLibsProjectAndLocalJars' as it is up-to-date.
[        ] Resolve mutations for :integration_test:extractDebugAnnotations (Thread[#42082,Execution worker Thread 2,5,main]) started.
[        ] :integration_test:extractDebugAnnotations (Thread[#42082,Execution worker Thread 2,5,main]) started.
[        ] > Task :integration_test:extractDebugAnnotations UP-TO-DATE
[        ] Caching disabled for task ':integration_test:extractDebugAnnotations' because:
[        ]   Build cache is disabled
[        ] Skipping task ':integration_test:extractDebugAnnotations' as it is up-to-date.
[        ] Resolve mutations for :integration_test:extractDeepLinksForAarDebug (Thread[#42082,Execution worker Thread 2,5,main]) started.
[        ] :integration_test:extractDeepLinksForAarDebug (Thread[#42082,Execution worker Thread 2,5,main]) started.
[        ] > Task :integration_test:extractDeepLinksForAarDebug UP-TO-DATE
[        ] Caching disabled for task ':integration_test:extractDeepLinksForAarDebug' because:
[        ]   Build cache is disabled
[        ] Skipping task ':integration_test:extractDeepLinksForAarDebug' as it is up-to-date.
[        ] Resolve mutations for :integration_test:mergeDebugGeneratedProguardFiles (Thread[#42082,Execution worker Thread 2,5,main]) started.
[        ] :integration_test:mergeDebugGeneratedProguardFiles (Thread[#42082,Execution worker Thread 2,5,main]) started.
[        ] > Task :integration_test:mergeDebugGeneratedProguardFiles UP-TO-DATE
[        ] Caching disabled for task ':integration_test:mergeDebugGeneratedProguardFiles' because:
[        ]   Build cache is disabled
[        ]   Simple merging task
[        ] Skipping task ':integration_test:mergeDebugGeneratedProguardFiles' as it is up-to-date.
[        ] Resolve mutations for :integration_test:mergeDebugConsumerProguardFiles (Thread[#42082,Execution worker Thread 2,5,main]) started.
[        ] :integration_test:mergeDebugConsumerProguardFiles (Thread[#42082,Execution worker Thread 2,5,main]) started.
[        ] > Task :integration_test:mergeDebugConsumerProguardFiles UP-TO-DATE
[        ] Caching disabled for task ':integration_test:mergeDebugConsumerProguardFiles' because:
[        ]   Build cache is disabled
[        ]   Simple merging task
[        ] Skipping task ':integration_test:mergeDebugConsumerProguardFiles' as it is up-to-date.
[        ] Resolve mutations for :integration_test:prepareDebugArtProfile (Thread[#42082,Execution worker Thread 2,5,main]) started.
[        ] :integration_test:prepareDebugArtProfile (Thread[#42082,Execution worker Thread 2,5,main]) started.
[        ] > Task :integration_test:prepareDebugArtProfile UP-TO-DATE
[        ] Caching disabled for task ':integration_test:prepareDebugArtProfile' because:
[        ]   Build cache is disabled
[        ]   Caching has been disabled for the task
[        ] Skipping task ':integration_test:prepareDebugArtProfile' as it is up-to-date.
[        ] Resolve mutations for :integration_test:prepareLintJarForPublish (Thread[#42082,Execution worker Thread 2,5,main]) started.
[        ] :integration_test:prepareLintJarForPublish (Thread[#42082,Execution worker Thread 2,5,main]) started.
[        ] > Task :integration_test:prepareLintJarForPublish UP-TO-DATE
[        ] Caching disabled for task ':integration_test:prepareLintJarForPublish' because:
[        ]   Build cache is disabled
[        ]   Caching has been disabled for the task
[        ] Skipping task ':integration_test:prepareLintJarForPublish' as it is up-to-date.
[        ] Resolve mutations for :integration_test:mergeDebugJavaResource (Thread[#42082,Execution worker Thread 2,5,main]) started.
[        ] :integration_test:mergeDebugJavaResource (Thread[#42082,Execution worker Thread 2,5,main]) started.
[        ] > Task :integration_test:mergeDebugJavaResource UP-TO-DATE
[        ] Caching disabled for task ':integration_test:mergeDebugJavaResource' because:
[        ]   Build cache is disabled
[        ]   Caching has been disabled for the task
[        ] Skipping task ':integration_test:mergeDebugJavaResource' as it is up-to-date.
[        ] Resolve mutations for :integration_test:syncDebugLibJars (Thread[#42082,Execution worker Thread 2,5,main]) started.
[        ] :integration_test:syncDebugLibJars (Thread[#42082,Execution worker Thread 2,5,main]) started.
[        ] > Task :integration_test:syncDebugLibJars UP-TO-DATE
[        ] Caching disabled for task ':integration_test:syncDebugLibJars' because:
[        ]   Build cache is disabled
[        ] Skipping task ':integration_test:syncDebugLibJars' as it is up-to-date.
[        ] Resolve mutations for :integration_test:bundleDebugAar (Thread[#42082,Execution worker Thread 2,5,main]) started.
[        ] :integration_test:bundleDebugAar (Thread[#42082,Execution worker Thread 2,5,main]) started.
[        ] > Task :integration_test:bundleDebugAar UP-TO-DATE
[        ] Caching disabled for task ':integration_test:bundleDebugAar' because:
[        ]   Build cache is disabled
[        ]   Caching has been disabled for the task
[        ] Skipping task ':integration_test:bundleDebugAar' as it is up-to-date.
[        ] Resolve mutations for :integration_test:assembleDebug (Thread[#42082,Execution worker Thread 2,5,main]) started.
[        ] :integration_test:assembleDebug (Thread[#42082,Execution worker Thread 2,5,main]) started.
[        ] > Task :integration_test:assembleDebug UP-TO-DATE
[        ] Skipping task ':integration_test:assembleDebug' as it has no actions.
[        ] Resolve mutations for :path_provider_android:stripDebugDebugSymbols (Thread[#42082,Execution worker Thread 2,5,main]) started.
[        ] :path_provider_android:stripDebugDebugSymbols (Thread[#42082,Execution worker Thread 2,5,main]) started.
[        ] > Task :path_provider_android:stripDebugDebugSymbols NO-SOURCE
[        ] Skipping task ':path_provider_android:stripDebugDebugSymbols' as it has no source files and no previous output files.
[        ] Resolve mutations for :path_provider_android:copyDebugJniLibsProjectAndLocalJars (Thread[#42082,Execution worker Thread 2,5,main]) started.
[        ] :path_provider_android:copyDebugJniLibsProjectAndLocalJars (Thread[#42082,Execution worker Thread 2,5,main]) started.
[        ] > Task :path_provider_android:copyDebugJniLibsProjectAndLocalJars UP-TO-DATE
[        ] Caching disabled for task ':path_provider_android:copyDebugJniLibsProjectAndLocalJars' because:
[        ]   Build cache is disabled
[        ]   Caching has been disabled for the task
[        ] Skipping task ':path_provider_android:copyDebugJniLibsProjectAndLocalJars' as it is up-to-date.
[        ] Resolve mutations for :path_provider_android:extractDebugAnnotations (Thread[#42082,Execution worker Thread 2,5,main]) started.
[        ] :path_provider_android:extractDebugAnnotations (Thread[#42082,Execution worker Thread 2,5,main]) started.
[        ] > Task :path_provider_android:extractDebugAnnotations UP-TO-DATE
[        ] Caching disabled for task ':path_provider_android:extractDebugAnnotations' because:
[        ]   Build cache is disabled
[        ] Skipping task ':path_provider_android:extractDebugAnnotations' as it is up-to-date.
[        ] Resolve mutations for :path_provider_android:extractDeepLinksForAarDebug (Thread[#42082,Execution worker Thread 2,5,main]) started.
[        ] :path_provider_android:extractDeepLinksForAarDebug (Thread[#42082,Execution worker Thread 2,5,main]) started.
[        ] > Task :path_provider_android:extractDeepLinksForAarDebug UP-TO-DATE
[        ] Caching disabled for task ':path_provider_android:extractDeepLinksForAarDebug' because:
[        ]   Build cache is disabled
[        ] Skipping task ':path_provider_android:extractDeepLinksForAarDebug' as it is up-to-date.
[        ] Resolve mutations for :path_provider_android:mergeDebugGeneratedProguardFiles (Thread[#42082,Execution worker Thread 2,5,main]) started.
[        ] :path_provider_android:mergeDebugGeneratedProguardFiles (Thread[#42082,Execution worker Thread 2,5,main]) started.
[        ] > Task :path_provider_android:mergeDebugGeneratedProguardFiles UP-TO-DATE
[        ] Caching disabled for task ':path_provider_android:mergeDebugGeneratedProguardFiles' because:
[        ]   Build cache is disabled
[        ]   Simple merging task
[        ] Skipping task ':path_provider_android:mergeDebugGeneratedProguardFiles' as it is up-to-date.
[        ] Resolve mutations for :path_provider_android:mergeDebugConsumerProguardFiles (Thread[#42082,Execution worker Thread 2,5,main]) started.
[        ] :path_provider_android:mergeDebugConsumerProguardFiles (Thread[#42082,Execution worker Thread 2,5,main]) started.
[        ] > Task :path_provider_android:mergeDebugConsumerProguardFiles UP-TO-DATE
[        ] Caching disabled for task ':path_provider_android:mergeDebugConsumerProguardFiles' because:
[        ]   Build cache is disabled
[        ]   Simple merging task
[        ] Skipping task ':path_provider_android:mergeDebugConsumerProguardFiles' as it is up-to-date.
[        ] Resolve mutations for :path_provider_android:prepareDebugArtProfile (Thread[#42082,Execution worker Thread 2,5,main]) started.
[        ] :path_provider_android:prepareDebugArtProfile (Thread[#42082,Execution worker Thread 2,5,main]) started.
[        ] > Task :path_provider_android:prepareDebugArtProfile UP-TO-DATE
[        ] Caching disabled for task ':path_provider_android:prepareDebugArtProfile' because:
[        ]   Build cache is disabled
[        ]   Caching has been disabled for the task
[        ] Skipping task ':path_provider_android:prepareDebugArtProfile' as it is up-to-date.
[        ] Resolve mutations for :path_provider_android:prepareLintJarForPublish (Thread[#42082,Execution worker Thread 2,5,main]) started.
[        ] :path_provider_android:prepareLintJarForPublish (Thread[#42082,Execution worker Thread 2,5,main]) started.
[        ] > Task :path_provider_android:prepareLintJarForPublish UP-TO-DATE
[        ] Caching disabled for task ':path_provider_android:prepareLintJarForPublish' because:
[        ]   Build cache is disabled
[        ]   Caching has been disabled for the task
[        ] Skipping task ':path_provider_android:prepareLintJarForPublish' as it is up-to-date.
[        ] Resolve mutations for :path_provider_android:mergeDebugJavaResource (Thread[#42082,Execution worker Thread 2,5,main]) started.
[        ] :path_provider_android:mergeDebugJavaResource (Thread[#42082,Execution worker Thread 2,5,main]) started.
[        ] > Task :path_provider_android:mergeDebugJavaResource UP-TO-DATE
[        ] Caching disabled for task ':path_provider_android:mergeDebugJavaResource' because:
[        ]   Build cache is disabled
[        ]   Caching has been disabled for the task
[        ] Skipping task ':path_provider_android:mergeDebugJavaResource' as it is up-to-date.
[        ] Resolve mutations for :path_provider_android:syncDebugLibJars (Thread[#42082,Execution worker Thread 2,5,main]) started.
[        ] :path_provider_android:syncDebugLibJars (Thread[#42082,Execution worker Thread 2,5,main]) started.
[        ] > Task :path_provider_android:syncDebugLibJars UP-TO-DATE
[        ] Caching disabled for task ':path_provider_android:syncDebugLibJars' because:
[        ]   Build cache is disabled
[        ] Skipping task ':path_provider_android:syncDebugLibJars' as it is up-to-date.
[        ] Resolve mutations for :path_provider_android:bundleDebugAar (Thread[#42082,Execution worker Thread 2,5,main]) started.
[        ] :path_provider_android:bundleDebugAar (Thread[#42082,Execution worker Thread 2,5,main]) started.
[        ] > Task :path_provider_android:bundleDebugAar UP-TO-DATE
[        ] Caching disabled for task ':path_provider_android:bundleDebugAar' because:
[        ]   Build cache is disabled
[        ]   Caching has been disabled for the task
[        ] Skipping task ':path_provider_android:bundleDebugAar' as it is up-to-date.
[        ] Resolve mutations for :path_provider_android:assembleDebug (Thread[#42082,Execution worker Thread 2,5,main]) started.
[        ] :path_provider_android:assembleDebug (Thread[#42082,Execution worker Thread 2,5,main]) started.
[        ] > Task :path_provider_android:assembleDebug UP-TO-DATE
[        ] Skipping task ':path_provider_android:assembleDebug' as it has no actions.
[        ] Resolve mutations for :quill_native_bridge_android:stripDebugDebugSymbols (Thread[#42082,Execution worker Thread 2,5,main]) started.
[        ] :quill_native_bridge_android:stripDebugDebugSymbols (Thread[#42082,Execution worker Thread 2,5,main]) started.
[        ] > Task :quill_native_bridge_android:stripDebugDebugSymbols NO-SOURCE
[        ] Skipping task ':quill_native_bridge_android:stripDebugDebugSymbols' as it has no source files and no previous output files.
[        ] Resolve mutations for :quill_native_bridge_android:copyDebugJniLibsProjectAndLocalJars (Thread[#42082,Execution worker Thread 2,5,main]) started.
[        ] :quill_native_bridge_android:copyDebugJniLibsProjectAndLocalJars (Thread[#42082,Execution worker Thread 2,5,main]) started.
[        ] > Task :quill_native_bridge_android:copyDebugJniLibsProjectAndLocalJars UP-TO-DATE
[        ] Caching disabled for task ':quill_native_bridge_android:copyDebugJniLibsProjectAndLocalJars' because:
[        ]   Build cache is disabled
[        ]   Caching has been disabled for the task
[        ] Skipping task ':quill_native_bridge_android:copyDebugJniLibsProjectAndLocalJars' as it is up-to-date.
[        ] Resolve mutations for :quill_native_bridge_android:extractDebugAnnotations (Thread[#42082,Execution worker Thread 2,5,main]) started.
[        ] :quill_native_bridge_android:extractDebugAnnotations (Thread[#42082,Execution worker Thread 2,5,main]) started.
[        ] > Task :quill_native_bridge_android:extractDebugAnnotations UP-TO-DATE
[        ] Caching disabled for task ':quill_native_bridge_android:extractDebugAnnotations' because:
[        ]   Build cache is disabled
[        ] Skipping task ':quill_native_bridge_android:extractDebugAnnotations' as it is up-to-date.
[        ] Resolve mutations for :quill_native_bridge_android:extractDeepLinksForAarDebug (Thread[#42082,Execution worker Thread 2,5,main]) started.
[        ] :quill_native_bridge_android:extractDeepLinksForAarDebug (Thread[#42082,Execution worker Thread 2,5,main]) started.
[        ] > Task :quill_native_bridge_android:extractDeepLinksForAarDebug UP-TO-DATE
[        ] Caching disabled for task ':quill_native_bridge_android:extractDeepLinksForAarDebug' because:
[        ]   Build cache is disabled
[        ] Skipping task ':quill_native_bridge_android:extractDeepLinksForAarDebug' as it is up-to-date.
[        ] Resolve mutations for :quill_native_bridge_android:mergeDebugGeneratedProguardFiles (Thread[#42082,Execution worker Thread 2,5,main]) started.
[        ] :quill_native_bridge_android:mergeDebugGeneratedProguardFiles (Thread[#42091,Execution worker Thread 10,5,main]) started.
[        ] > Task :quill_native_bridge_android:mergeDebugGeneratedProguardFiles UP-TO-DATE
[        ] Caching disabled for task ':quill_native_bridge_android:mergeDebugGeneratedProguardFiles' because:
[        ]   Build cache is disabled
[        ]   Simple merging task
[        ] Skipping task ':quill_native_bridge_android:mergeDebugGeneratedProguardFiles' as it is up-to-date.
[        ] Resolve mutations for :quill_native_bridge_android:mergeDebugConsumerProguardFiles (Thread[#42091,Execution worker Thread 10,5,main]) started.
[        ] :quill_native_bridge_android:mergeDebugConsumerProguardFiles (Thread[#42091,Execution worker Thread 10,5,main]) started.
[        ] > Task :quill_native_bridge_android:mergeDebugConsumerProguardFiles UP-TO-DATE
[        ] Caching disabled for task ':quill_native_bridge_android:mergeDebugConsumerProguardFiles' because:
[        ]   Build cache is disabled
[        ]   Simple merging task
[        ] Skipping task ':quill_native_bridge_android:mergeDebugConsumerProguardFiles' as it is up-to-date.
[        ] Resolve mutations for :quill_native_bridge_android:prepareDebugArtProfile (Thread[#42091,Execution worker Thread 10,5,main]) started.
[        ] :quill_native_bridge_android:prepareDebugArtProfile (Thread[#42091,Execution worker Thread 10,5,main]) started.
[        ] > Task :quill_native_bridge_android:prepareDebugArtProfile UP-TO-DATE
[        ] Caching disabled for task ':quill_native_bridge_android:prepareDebugArtProfile' because:
[        ]   Build cache is disabled
[        ]   Caching has been disabled for the task
[        ] Skipping task ':quill_native_bridge_android:prepareDebugArtProfile' as it is up-to-date.
[        ] Resolve mutations for :quill_native_bridge_android:prepareLintJarForPublish (Thread[#42091,Execution worker Thread 10,5,main]) started.
[        ] :quill_native_bridge_android:prepareLintJarForPublish (Thread[#42091,Execution worker Thread 10,5,main]) started.
[        ] > Task :quill_native_bridge_android:prepareLintJarForPublish UP-TO-DATE
[        ] Caching disabled for task ':quill_native_bridge_android:prepareLintJarForPublish' because:
[        ]   Build cache is disabled
[        ]   Caching has been disabled for the task
[        ] Skipping task ':quill_native_bridge_android:prepareLintJarForPublish' as it is up-to-date.
[        ] Resolve mutations for :quill_native_bridge_android:mergeDebugJavaResource (Thread[#42091,Execution worker Thread 10,5,main]) started.
[        ] :quill_native_bridge_android:mergeDebugJavaResource (Thread[#42091,Execution worker Thread 10,5,main]) started.
[        ] > Task :quill_native_bridge_android:mergeDebugJavaResource UP-TO-DATE
[        ] Caching disabled for task ':quill_native_bridge_android:mergeDebugJavaResource' because:
[        ]   Build cache is disabled
[        ]   Caching has been disabled for the task
[        ] Skipping task ':quill_native_bridge_android:mergeDebugJavaResource' as it is up-to-date.
[        ] Resolve mutations for :quill_native_bridge_android:syncDebugLibJars (Thread[#42091,Execution worker Thread 10,5,main]) started.
[        ] :quill_native_bridge_android:syncDebugLibJars (Thread[#42091,Execution worker Thread 10,5,main]) started.
[        ] > Task :quill_native_bridge_android:syncDebugLibJars UP-TO-DATE
[        ] Caching disabled for task ':quill_native_bridge_android:syncDebugLibJars' because:
[        ]   Build cache is disabled
[        ] Skipping task ':quill_native_bridge_android:syncDebugLibJars' as it is up-to-date.
[        ] Resolve mutations for :quill_native_bridge_android:bundleDebugAar (Thread[#42091,Execution worker Thread 10,5,main]) started.
[        ] :quill_native_bridge_android:bundleDebugAar (Thread[#42091,Execution worker Thread 10,5,main]) started.
[        ] > Task :quill_native_bridge_android:bundleDebugAar UP-TO-DATE
[        ] Caching disabled for task ':quill_native_bridge_android:bundleDebugAar' because:
[        ]   Build cache is disabled
[        ]   Caching has been disabled for the task
[        ] Skipping task ':quill_native_bridge_android:bundleDebugAar' as it is up-to-date.
[        ] Resolve mutations for :quill_native_bridge_android:assembleDebug (Thread[#42091,Execution worker Thread 10,5,main]) started.
[        ] :quill_native_bridge_android:assembleDebug (Thread[#42091,Execution worker Thread 10,5,main]) started.
[        ] > Task :quill_native_bridge_android:assembleDebug UP-TO-DATE
[        ] Skipping task ':quill_native_bridge_android:assembleDebug' as it has no actions.
[        ] Resolve mutations for :shared_preferences_android:stripDebugDebugSymbols (Thread[#42091,Execution worker Thread 10,5,main]) started.
[        ] :shared_preferences_android:stripDebugDebugSymbols (Thread[#42091,Execution worker Thread 10,5,main]) started.
[        ] > Task :shared_preferences_android:stripDebugDebugSymbols NO-SOURCE
[        ] Skipping task ':shared_preferences_android:stripDebugDebugSymbols' as it has no source files and no previous output files.
[        ] Resolve mutations for :shared_preferences_android:copyDebugJniLibsProjectAndLocalJars (Thread[#42091,Execution worker Thread 10,5,main]) started.
[        ] :shared_preferences_android:copyDebugJniLibsProjectAndLocalJars (Thread[#42091,Execution worker Thread 10,5,main]) started.
[        ] > Task :shared_preferences_android:copyDebugJniLibsProjectAndLocalJars UP-TO-DATE
[        ] Caching disabled for task ':shared_preferences_android:copyDebugJniLibsProjectAndLocalJars' because:
[        ]   Build cache is disabled
[        ]   Caching has been disabled for the task
[        ] Skipping task ':shared_preferences_android:copyDebugJniLibsProjectAndLocalJars' as it is up-to-date.
[        ] Resolve mutations for :shared_preferences_android:extractDebugAnnotations (Thread[#42091,Execution worker Thread 10,5,main]) started.
[        ] :shared_preferences_android:extractDebugAnnotations (Thread[#42091,Execution worker Thread 10,5,main]) started.
[        ] > Task :shared_preferences_android:extractDebugAnnotations UP-TO-DATE
[        ] Caching disabled for task ':shared_preferences_android:extractDebugAnnotations' because:
[        ]   Build cache is disabled
[        ] Skipping task ':shared_preferences_android:extractDebugAnnotations' as it is up-to-date.
[        ] Resolve mutations for :shared_preferences_android:extractDeepLinksForAarDebug (Thread[#42091,Execution worker Thread 10,5,main]) started.
[        ] :shared_preferences_android:extractDeepLinksForAarDebug (Thread[#42091,Execution worker Thread 10,5,main]) started.
[        ] > Task :shared_preferences_android:extractDeepLinksForAarDebug UP-TO-DATE
[        ] Caching disabled for task ':shared_preferences_android:extractDeepLinksForAarDebug' because:
[        ]   Build cache is disabled
[        ] Skipping task ':shared_preferences_android:extractDeepLinksForAarDebug' as it is up-to-date.
[        ] Resolve mutations for :shared_preferences_android:mergeDebugGeneratedProguardFiles (Thread[#42091,Execution worker Thread 10,5,main]) started.
[        ] :shared_preferences_android:mergeDebugGeneratedProguardFiles (Thread[#42091,Execution worker Thread 10,5,main]) started.
[        ] > Task :shared_preferences_android:mergeDebugGeneratedProguardFiles UP-TO-DATE
[        ] Caching disabled for task ':shared_preferences_android:mergeDebugGeneratedProguardFiles' because:
[        ]   Build cache is disabled
[        ]   Simple merging task
[        ] Skipping task ':shared_preferences_android:mergeDebugGeneratedProguardFiles' as it is up-to-date.
[        ] Resolve mutations for :shared_preferences_android:mergeDebugConsumerProguardFiles (Thread[#42091,Execution worker Thread 10,5,main]) started.
[        ] :shared_preferences_android:mergeDebugConsumerProguardFiles (Thread[#42091,Execution worker Thread 10,5,main]) started.
[        ] > Task :shared_preferences_android:mergeDebugConsumerProguardFiles UP-TO-DATE
[        ] Caching disabled for task ':shared_preferences_android:mergeDebugConsumerProguardFiles' because:
[        ]   Build cache is disabled
[        ]   Simple merging task
[        ] Skipping task ':shared_preferences_android:mergeDebugConsumerProguardFiles' as it is up-to-date.
[        ] Resolve mutations for :shared_preferences_android:prepareDebugArtProfile (Thread[#42091,Execution worker Thread 10,5,main]) started.
[        ] :shared_preferences_android:prepareDebugArtProfile (Thread[#42091,Execution worker Thread 10,5,main]) started.
[        ] > Task :shared_preferences_android:prepareDebugArtProfile UP-TO-DATE
[        ] Caching disabled for task ':shared_preferences_android:prepareDebugArtProfile' because:
[        ]   Build cache is disabled
[        ]   Caching has been disabled for the task
[        ] Skipping task ':shared_preferences_android:prepareDebugArtProfile' as it is up-to-date.
[        ] Resolve mutations for :shared_preferences_android:prepareLintJarForPublish (Thread[#42091,Execution worker Thread 10,5,main]) started.
[        ] :shared_preferences_android:prepareLintJarForPublish (Thread[#42091,Execution worker Thread 10,5,main]) started.
[        ] > Task :shared_preferences_android:prepareLintJarForPublish UP-TO-DATE
[        ] Caching disabled for task ':shared_preferences_android:prepareLintJarForPublish' because:
[        ]   Build cache is disabled
[        ]   Caching has been disabled for the task
[        ] Skipping task ':shared_preferences_android:prepareLintJarForPublish' as it is up-to-date.
[        ] Resolve mutations for :shared_preferences_android:mergeDebugJavaResource (Thread[#42091,Execution worker Thread 10,5,main]) started.
[        ] :shared_preferences_android:mergeDebugJavaResource (Thread[#42091,Execution worker Thread 10,5,main]) started.
[        ] > Task :shared_preferences_android:mergeDebugJavaResource UP-TO-DATE
[        ] Caching disabled for task ':shared_preferences_android:mergeDebugJavaResource' because:
[        ]   Build cache is disabled
[        ]   Caching has been disabled for the task
[        ] Skipping task ':shared_preferences_android:mergeDebugJavaResource' as it is up-to-date.
[        ] Resolve mutations for :shared_preferences_android:syncDebugLibJars (Thread[#42091,Execution worker Thread 10,5,main]) started.
[        ] :shared_preferences_android:syncDebugLibJars (Thread[#42091,Execution worker Thread 10,5,main]) started.
[        ] > Task :shared_preferences_android:syncDebugLibJars UP-TO-DATE
[        ] Caching disabled for task ':shared_preferences_android:syncDebugLibJars' because:
[        ]   Build cache is disabled
[        ] Skipping task ':shared_preferences_android:syncDebugLibJars' as it is up-to-date.
[        ] Resolve mutations for :shared_preferences_android:bundleDebugAar (Thread[#42091,Execution worker Thread 10,5,main]) started.
[        ] :shared_preferences_android:bundleDebugAar (Thread[#42091,Execution worker Thread 10,5,main]) started.
[        ] > Task :shared_preferences_android:bundleDebugAar UP-TO-DATE
[        ] Caching disabled for task ':shared_preferences_android:bundleDebugAar' because:
[        ]   Build cache is disabled
[        ]   Caching has been disabled for the task
[        ] Skipping task ':shared_preferences_android:bundleDebugAar' as it is up-to-date.
[        ] Resolve mutations for :shared_preferences_android:assembleDebug (Thread[#42091,Execution worker Thread 10,5,main]) started.
[        ] :shared_preferences_android:assembleDebug (Thread[#42091,Execution worker Thread 10,5,main]) started.
[        ] > Task :shared_preferences_android:assembleDebug UP-TO-DATE
[        ] Skipping task ':shared_preferences_android:assembleDebug' as it has no actions.
[        ] Resolve mutations for :sqflite_android:stripDebugDebugSymbols (Thread[#42091,Execution worker Thread 10,5,main]) started.
[        ] :sqflite_android:stripDebugDebugSymbols (Thread[#42091,Execution worker Thread 10,5,main]) started.
[        ] > Task :sqflite_android:stripDebugDebugSymbols NO-SOURCE
[        ] Skipping task ':sqflite_android:stripDebugDebugSymbols' as it has no source files and no previous output files.
[        ] Resolve mutations for :sqflite_android:copyDebugJniLibsProjectAndLocalJars (Thread[#42091,Execution worker Thread 10,5,main]) started.
[        ] :sqflite_android:copyDebugJniLibsProjectAndLocalJars (Thread[#42091,Execution worker Thread 10,5,main]) started.
[        ] > Task :sqflite_android:copyDebugJniLibsProjectAndLocalJars UP-TO-DATE
[        ] Caching disabled for task ':sqflite_android:copyDebugJniLibsProjectAndLocalJars' because:
[        ]   Build cache is disabled
[        ]   Caching has been disabled for the task
[        ] Skipping task ':sqflite_android:copyDebugJniLibsProjectAndLocalJars' as it is up-to-date.
[        ] Resolve mutations for :sqflite_android:extractDebugAnnotations (Thread[#42091,Execution worker Thread 10,5,main]) started.
[        ] :sqflite_android:extractDebugAnnotations (Thread[#42091,Execution worker Thread 10,5,main]) started.
[        ] > Task :sqflite_android:extractDebugAnnotations UP-TO-DATE
[        ] Caching disabled for task ':sqflite_android:extractDebugAnnotations' because:
[        ]   Build cache is disabled
[        ] Skipping task ':sqflite_android:extractDebugAnnotations' as it is up-to-date.
[        ] Resolve mutations for :sqflite_android:extractDeepLinksForAarDebug (Thread[#42091,Execution worker Thread 10,5,main]) started.
[        ] :sqflite_android:extractDeepLinksForAarDebug (Thread[#42091,Execution worker Thread 10,5,main]) started.
[        ] > Task :sqflite_android:extractDeepLinksForAarDebug UP-TO-DATE
[        ] Caching disabled for task ':sqflite_android:extractDeepLinksForAarDebug' because:
[        ]   Build cache is disabled
[        ] Skipping task ':sqflite_android:extractDeepLinksForAarDebug' as it is up-to-date.
[        ] Resolve mutations for :sqflite_android:mergeDebugGeneratedProguardFiles (Thread[#42091,Execution worker Thread 10,5,main]) started.
[        ] :sqflite_android:mergeDebugGeneratedProguardFiles (Thread[#42091,Execution worker Thread 10,5,main]) started.
[        ] > Task :sqflite_android:mergeDebugGeneratedProguardFiles UP-TO-DATE
[        ] Caching disabled for task ':sqflite_android:mergeDebugGeneratedProguardFiles' because:
[        ]   Build cache is disabled
[        ]   Simple merging task
[        ] Skipping task ':sqflite_android:mergeDebugGeneratedProguardFiles' as it is up-to-date.
[        ] Resolve mutations for :sqflite_android:mergeDebugConsumerProguardFiles (Thread[#42091,Execution worker Thread 10,5,main]) started.
[        ] :sqflite_android:mergeDebugConsumerProguardFiles (Thread[#42091,Execution worker Thread 10,5,main]) started.
[        ] > Task :sqflite_android:mergeDebugConsumerProguardFiles UP-TO-DATE
[        ] Caching disabled for task ':sqflite_android:mergeDebugConsumerProguardFiles' because:
[        ]   Build cache is disabled
[        ]   Simple merging task
[        ] Skipping task ':sqflite_android:mergeDebugConsumerProguardFiles' as it is up-to-date.
[        ] Resolve mutations for :sqflite_android:prepareDebugArtProfile (Thread[#42091,Execution worker Thread 10,5,main]) started.
[        ] :sqflite_android:prepareDebugArtProfile (Thread[#42091,Execution worker Thread 10,5,main]) started.
[        ] > Task :sqflite_android:prepareDebugArtProfile UP-TO-DATE
[        ] Caching disabled for task ':sqflite_android:prepareDebugArtProfile' because:
[        ]   Build cache is disabled
[        ]   Caching has been disabled for the task
[        ] Skipping task ':sqflite_android:prepareDebugArtProfile' as it is up-to-date.
[        ] Resolve mutations for :sqflite_android:prepareLintJarForPublish (Thread[#42091,Execution worker Thread 10,5,main]) started.
[        ] :sqflite_android:prepareLintJarForPublish (Thread[#42091,Execution worker Thread 10,5,main]) started.
[        ] > Task :sqflite_android:prepareLintJarForPublish UP-TO-DATE
[        ] Caching disabled for task ':sqflite_android:prepareLintJarForPublish' because:
[        ]   Build cache is disabled
[        ]   Caching has been disabled for the task
[        ] Skipping task ':sqflite_android:prepareLintJarForPublish' as it is up-to-date.
[        ] Resolve mutations for :sqflite_android:mergeDebugJavaResource (Thread[#42091,Execution worker Thread 10,5,main]) started.
[        ] :sqflite_android:mergeDebugJavaResource (Thread[#42091,Execution worker Thread 10,5,main]) started.
[        ] > Task :sqflite_android:mergeDebugJavaResource UP-TO-DATE
[        ] Caching disabled for task ':sqflite_android:mergeDebugJavaResource' because:
[        ]   Build cache is disabled
[        ]   Caching has been disabled for the task
[        ] Skipping task ':sqflite_android:mergeDebugJavaResource' as it is up-to-date.
[        ] Resolve mutations for :sqflite_android:syncDebugLibJars (Thread[#42091,Execution worker Thread 10,5,main]) started.
[        ] :sqflite_android:syncDebugLibJars (Thread[#42091,Execution worker Thread 10,5,main]) started.
[        ] > Task :sqflite_android:syncDebugLibJars UP-TO-DATE
[        ] Caching disabled for task ':sqflite_android:syncDebugLibJars' because:
[        ]   Build cache is disabled
[        ] Skipping task ':sqflite_android:syncDebugLibJars' as it is up-to-date.
[        ] Resolve mutations for :sqflite_android:bundleDebugAar (Thread[#42091,Execution worker Thread 10,5,main]) started.
[        ] :sqflite_android:bundleDebugAar (Thread[#42091,Execution worker Thread 10,5,main]) started.
[        ] > Task :sqflite_android:bundleDebugAar UP-TO-DATE
[        ] Caching disabled for task ':sqflite_android:bundleDebugAar' because:
[        ]   Build cache is disabled
[        ]   Caching has been disabled for the task
[        ] Skipping task ':sqflite_android:bundleDebugAar' as it is up-to-date.
[        ] Resolve mutations for :sqflite_android:assembleDebug (Thread[#42091,Execution worker Thread 10,5,main]) started.
[        ] :sqflite_android:assembleDebug (Thread[#42091,Execution worker Thread 10,5,main]) started.
[        ] > Task :sqflite_android:assembleDebug UP-TO-DATE
[        ] Skipping task ':sqflite_android:assembleDebug' as it has no actions.
[        ] Resolve mutations for :url_launcher_android:stripDebugDebugSymbols (Thread[#42091,Execution worker Thread 10,5,main]) started.
[        ] :url_launcher_android:stripDebugDebugSymbols (Thread[#42091,Execution worker Thread 10,5,main]) started.
[        ] > Task :url_launcher_android:stripDebugDebugSymbols NO-SOURCE
[        ] Skipping task ':url_launcher_android:stripDebugDebugSymbols' as it has no source files and no previous output files.
[        ] Resolve mutations for :url_launcher_android:copyDebugJniLibsProjectAndLocalJars (Thread[#42091,Execution worker Thread 10,5,main]) started.
[        ] :url_launcher_android:copyDebugJniLibsProjectAndLocalJars (Thread[#42091,Execution worker Thread 10,5,main]) started.
[        ] > Task :url_launcher_android:copyDebugJniLibsProjectAndLocalJars UP-TO-DATE
[        ] Caching disabled for task ':url_launcher_android:copyDebugJniLibsProjectAndLocalJars' because:
[        ]   Build cache is disabled
[        ]   Caching has been disabled for the task
[        ] Skipping task ':url_launcher_android:copyDebugJniLibsProjectAndLocalJars' as it is up-to-date.
[        ] Resolve mutations for :url_launcher_android:extractDebugAnnotations (Thread[#42091,Execution worker Thread 10,5,main]) started.
[        ] :url_launcher_android:extractDebugAnnotations (Thread[#42091,Execution worker Thread 10,5,main]) started.
[        ] > Task :url_launcher_android:extractDebugAnnotations UP-TO-DATE
[        ] Caching disabled for task ':url_launcher_android:extractDebugAnnotations' because:
[        ]   Build cache is disabled
[        ] Skipping task ':url_launcher_android:extractDebugAnnotations' as it is up-to-date.
[        ] Resolve mutations for :url_launcher_android:extractDeepLinksForAarDebug (Thread[#42091,Execution worker Thread 10,5,main]) started.
[        ] :url_launcher_android:extractDeepLinksForAarDebug (Thread[#42091,Execution worker Thread 10,5,main]) started.
[        ] > Task :url_launcher_android:extractDeepLinksForAarDebug UP-TO-DATE
[        ] Caching disabled for task ':url_launcher_android:extractDeepLinksForAarDebug' because:
[        ]   Build cache is disabled
[        ] Skipping task ':url_launcher_android:extractDeepLinksForAarDebug' as it is up-to-date.
[        ] Resolve mutations for :url_launcher_android:mergeDebugGeneratedProguardFiles (Thread[#42091,Execution worker Thread 10,5,main]) started.
[        ] :url_launcher_android:mergeDebugGeneratedProguardFiles (Thread[#42091,Execution worker Thread 10,5,main]) started.
[        ] > Task :url_launcher_android:mergeDebugGeneratedProguardFiles UP-TO-DATE
[        ] Caching disabled for task ':url_launcher_android:mergeDebugGeneratedProguardFiles' because:
[        ]   Build cache is disabled
[        ]   Simple merging task
[        ] Skipping task ':url_launcher_android:mergeDebugGeneratedProguardFiles' as it is up-to-date.
[        ] Resolve mutations for :url_launcher_android:mergeDebugConsumerProguardFiles (Thread[#42091,Execution worker Thread 10,5,main]) started.
[        ] :url_launcher_android:mergeDebugConsumerProguardFiles (Thread[#42091,Execution worker Thread 10,5,main]) started.
[        ] > Task :url_launcher_android:mergeDebugConsumerProguardFiles UP-TO-DATE
[        ] Caching disabled for task ':url_launcher_android:mergeDebugConsumerProguardFiles' because:
[        ]   Build cache is disabled
[        ]   Simple merging task
[        ] Skipping task ':url_launcher_android:mergeDebugConsumerProguardFiles' as it is up-to-date.
[        ] Resolve mutations for :url_launcher_android:prepareDebugArtProfile (Thread[#42091,Execution worker Thread 10,5,main]) started.
[        ] :url_launcher_android:prepareDebugArtProfile (Thread[#42091,Execution worker Thread 10,5,main]) started.
[        ] > Task :url_launcher_android:prepareDebugArtProfile UP-TO-DATE
[        ] Caching disabled for task ':url_launcher_android:prepareDebugArtProfile' because:
[        ]   Build cache is disabled
[        ]   Caching has been disabled for the task
[        ] Skipping task ':url_launcher_android:prepareDebugArtProfile' as it is up-to-date.
[        ] Resolve mutations for :url_launcher_android:prepareLintJarForPublish (Thread[#42091,Execution worker Thread 10,5,main]) started.
[        ] :url_launcher_android:prepareLintJarForPublish (Thread[#42091,Execution worker Thread 10,5,main]) started.
[        ] > Task :url_launcher_android:prepareLintJarForPublish UP-TO-DATE
[        ] Caching disabled for task ':url_launcher_android:prepareLintJarForPublish' because:
[        ]   Build cache is disabled
[        ]   Caching has been disabled for the task
[        ] Skipping task ':url_launcher_android:prepareLintJarForPublish' as it is up-to-date.
[        ] Resolve mutations for :url_launcher_android:mergeDebugJavaResource (Thread[#42091,Execution worker Thread 10,5,main]) started.
[        ] :url_launcher_android:mergeDebugJavaResource (Thread[#42091,Execution worker Thread 10,5,main]) started.
[        ] > Task :url_launcher_android:mergeDebugJavaResource UP-TO-DATE
[        ] Caching disabled for task ':url_launcher_android:mergeDebugJavaResource' because:
[        ]   Build cache is disabled
[        ]   Caching has been disabled for the task
[        ] Skipping task ':url_launcher_android:mergeDebugJavaResource' as it is up-to-date.
[        ] Resolve mutations for :url_launcher_android:syncDebugLibJars (Thread[#42091,Execution worker Thread 10,5,main]) started.
[        ] :url_launcher_android:syncDebugLibJars (Thread[#42091,Execution worker Thread 10,5,main]) started.
[        ] > Task :url_launcher_android:syncDebugLibJars UP-TO-DATE
[        ] Caching disabled for task ':url_launcher_android:syncDebugLibJars' because:
[        ]   Build cache is disabled
[        ] Skipping task ':url_launcher_android:syncDebugLibJars' as it is up-to-date.
[        ] Resolve mutations for :url_launcher_android:bundleDebugAar (Thread[#42091,Execution worker Thread 10,5,main]) started.
[        ] :url_launcher_android:bundleDebugAar (Thread[#42091,Execution worker Thread 10,5,main]) started.
[        ] > Task :url_launcher_android:bundleDebugAar UP-TO-DATE
[        ] Caching disabled for task ':url_launcher_android:bundleDebugAar' because:
[        ]   Build cache is disabled
[        ]   Caching has been disabled for the task
[        ] Skipping task ':url_launcher_android:bundleDebugAar' as it is up-to-date.
[        ] Resolve mutations for :url_launcher_android:assembleDebug (Thread[#42091,Execution worker Thread 10,5,main]) started.
[        ] :url_launcher_android:assembleDebug (Thread[#42091,Execution worker Thread 10,5,main]) started.
[        ] > Task :url_launcher_android:assembleDebug UP-TO-DATE
[        ] Skipping task ':url_launcher_android:assembleDebug' as it has no actions.
[        ] Resolve mutations for :video_player_android:stripDebugDebugSymbols (Thread[#42091,Execution worker Thread 10,5,main]) started.
[        ] :video_player_android:stripDebugDebugSymbols (Thread[#42091,Execution worker Thread 10,5,main]) started.
[        ] > Task :video_player_android:stripDebugDebugSymbols NO-SOURCE
[        ] Skipping task ':video_player_android:stripDebugDebugSymbols' as it has no source files and no previous output files.
[        ] Resolve mutations for :video_player_android:copyDebugJniLibsProjectAndLocalJars (Thread[#42091,Execution worker Thread 10,5,main]) started.
[        ] :video_player_android:copyDebugJniLibsProjectAndLocalJars (Thread[#42091,Execution worker Thread 10,5,main]) started.
[        ] > Task :video_player_android:copyDebugJniLibsProjectAndLocalJars UP-TO-DATE
[        ] Caching disabled for task ':video_player_android:copyDebugJniLibsProjectAndLocalJars' because:
[        ]   Build cache is disabled
[        ]   Caching has been disabled for the task
[        ] Skipping task ':video_player_android:copyDebugJniLibsProjectAndLocalJars' as it is up-to-date.
[        ] Resolve mutations for :video_player_android:extractDebugAnnotations (Thread[#42091,Execution worker Thread 10,5,main]) started.
[        ] :video_player_android:extractDebugAnnotations (Thread[#42091,Execution worker Thread 10,5,main]) started.
[        ] > Task :video_player_android:extractDebugAnnotations UP-TO-DATE
[        ] Caching disabled for task ':video_player_android:extractDebugAnnotations' because:
[        ]   Build cache is disabled
[        ] Skipping task ':video_player_android:extractDebugAnnotations' as it is up-to-date.
[        ] Resolve mutations for :video_player_android:extractDeepLinksForAarDebug (Thread[#42091,Execution worker Thread 10,5,main]) started.
[        ] :video_player_android:extractDeepLinksForAarDebug (Thread[#42091,Execution worker Thread 10,5,main]) started.
[        ] > Task :video_player_android:extractDeepLinksForAarDebug UP-TO-DATE
[        ] Caching disabled for task ':video_player_android:extractDeepLinksForAarDebug' because:
[        ]   Build cache is disabled
[        ] Skipping task ':video_player_android:extractDeepLinksForAarDebug' as it is up-to-date.
[        ] Resolve mutations for :video_player_android:mergeDebugGeneratedProguardFiles (Thread[#42091,Execution worker Thread 10,5,main]) started.
[        ] :video_player_android:mergeDebugGeneratedProguardFiles (Thread[#42091,Execution worker Thread 10,5,main]) started.
[        ] > Task :video_player_android:mergeDebugGeneratedProguardFiles UP-TO-DATE
[        ] Caching disabled for task ':video_player_android:mergeDebugGeneratedProguardFiles' because:
[        ]   Build cache is disabled
[        ]   Simple merging task
[        ] Skipping task ':video_player_android:mergeDebugGeneratedProguardFiles' as it is up-to-date.
[        ] Resolve mutations for :video_player_android:mergeDebugConsumerProguardFiles (Thread[#42091,Execution worker Thread 10,5,main]) started.
[        ] :video_player_android:mergeDebugConsumerProguardFiles (Thread[#42091,Execution worker Thread 10,5,main]) started.
[        ] > Task :video_player_android:mergeDebugConsumerProguardFiles UP-TO-DATE
[        ] Caching disabled for task ':video_player_android:mergeDebugConsumerProguardFiles' because:
[        ]   Build cache is disabled
[        ]   Simple merging task
[        ] Skipping task ':video_player_android:mergeDebugConsumerProguardFiles' as it is up-to-date.
[        ] Resolve mutations for :video_player_android:prepareDebugArtProfile (Thread[#42091,Execution worker Thread 10,5,main]) started.
[        ] :video_player_android:prepareDebugArtProfile (Thread[#42091,Execution worker Thread 10,5,main]) started.
[        ] > Task :video_player_android:prepareDebugArtProfile UP-TO-DATE
[        ] Caching disabled for task ':video_player_android:prepareDebugArtProfile' because:
[        ]   Build cache is disabled
[        ]   Caching has been disabled for the task
[        ] Skipping task ':video_player_android:prepareDebugArtProfile' as it is up-to-date.
[        ] Resolve mutations for :video_player_android:prepareLintJarForPublish (Thread[#42091,Execution worker Thread 10,5,main]) started.
[        ] :video_player_android:prepareLintJarForPublish (Thread[#42091,Execution worker Thread 10,5,main]) started.
[        ] > Task :video_player_android:prepareLintJarForPublish UP-TO-DATE
[        ] Caching disabled for task ':video_player_android:prepareLintJarForPublish' because:
[        ]   Build cache is disabled
[        ]   Caching has been disabled for the task
[        ] Skipping task ':video_player_android:prepareLintJarForPublish' as it is up-to-date.
[        ] Resolve mutations for :video_player_android:mergeDebugJavaResource (Thread[#42091,Execution worker Thread 10,5,main]) started.
[        ] :video_player_android:mergeDebugJavaResource (Thread[#42091,Execution worker Thread 10,5,main]) started.
[        ] > Task :video_player_android:mergeDebugJavaResource UP-TO-DATE
[        ] Caching disabled for task ':video_player_android:mergeDebugJavaResource' because:
[        ]   Build cache is disabled
[        ]   Caching has been disabled for the task
[        ] Skipping task ':video_player_android:mergeDebugJavaResource' as it is up-to-date.
[        ] Resolve mutations for :video_player_android:syncDebugLibJars (Thread[#42091,Execution worker Thread 10,5,main]) started.
[        ] :video_player_android:syncDebugLibJars (Thread[#42091,Execution worker Thread 10,5,main]) started.
[        ] > Task :video_player_android:syncDebugLibJars UP-TO-DATE
[        ] Caching disabled for task ':video_player_android:syncDebugLibJars' because:
[        ]   Build cache is disabled
[        ] Skipping task ':video_player_android:syncDebugLibJars' as it is up-to-date.
[        ] Resolve mutations for :video_player_android:bundleDebugAar (Thread[#42091,Execution worker Thread 10,5,main]) started.
[        ] :video_player_android:bundleDebugAar (Thread[#42091,Execution worker Thread 10,5,main]) started.
[        ] > Task :video_player_android:bundleDebugAar UP-TO-DATE
[        ] Caching disabled for task ':video_player_android:bundleDebugAar' because:
[        ]   Build cache is disabled
[        ]   Caching has been disabled for the task
[        ] Skipping task ':video_player_android:bundleDebugAar' as it is up-to-date.
[        ] Resolve mutations for :video_player_android:assembleDebug (Thread[#42091,Execution worker Thread 10,5,main]) started.
[        ] :video_player_android:assembleDebug (Thread[#42091,Execution worker Thread 10,5,main]) started.
[        ] > Task :video_player_android:assembleDebug UP-TO-DATE
[        ] Skipping task ':video_player_android:assembleDebug' as it has no actions.
11:26 +10 -23: loading /Users/florian/Code/substitution/integration_test/interaction_strict_test.dart                                                                                                  [ +573 ms] > Task :app:compressDebugAssets
[        ] Caching disabled for task ':app:compressDebugAssets' because:
[        ]   Build cache is disabled
[        ] Task ':app:compressDebugAssets' is not up-to-date because:
[        ]   Input property 'inputDirs' file /Users/florian/Code/substitution/build/app/intermediates/assets/debug/mergeDebugAssets/flutter_assets/kernel_blob.bin has changed.
[        ] Resolve mutations for :app:packageDebug (Thread[#42101,Execution worker Thread 20,5,main]) started.
[        ] :app:packageDebug (Thread[#42101,Execution worker Thread 20,5,main]) started.
[ +309 ms] > Task :app:packageDebug
[        ] Custom actions are attached to task ':app:packageDebug'.
[        ] Caching disabled for task ':app:packageDebug' because:
[        ]   Build cache is disabled
[        ]   Caching has been disabled for the task
[        ] Task ':app:packageDebug' is not up-to-date because:
[        ]   Input property 'assets' file /Users/florian/Code/substitution/build/app/intermediates/compressed_assets/debug/compressDebugAssets/out/assets/flutter_assets/kernel_blob.bin.jar has changed.
[        ] Resolve mutations for :app:createDebugApkListingFileRedirect (Thread[#42101,Execution worker Thread 20,5,main]) started.
[        ] :app:createDebugApkListingFileRedirect (Thread[#42101,Execution worker Thread 20,5,main]) started.
[        ] > Task :app:createDebugApkListingFileRedirect UP-TO-DATE
[        ] Caching disabled for task ':app:createDebugApkListingFileRedirect' because:
[        ]   Build cache is disabled
[        ]   Caching has been disabled for the task
[        ] Skipping task ':app:createDebugApkListingFileRedirect' as it is up-to-date.
[        ] Resolve mutations for :app:assembleDebug (Thread[#42101,Execution worker Thread 20,5,main]) started.
[        ] :app:assembleDebug (Thread[#42101,Execution worker Thread 20,5,main]) started.
[  +99 ms] > Task :app:assembleDebug
[        ] Caching disabled for task ':app:assembleDebug' because:
[        ]   Build cache is disabled
[        ] Task ':app:assembleDebug' is not up-to-date because:
[        ]   Task has not declared any outputs despite executing actions.
[        ] [Incubating] Problems report is available at: file:///Users/florian/Code/substitution/build/reports/problems/problems-report.html
[        ] Deprecated Gradle features were used in this build, making it incompatible with Gradle 9.0.
[        ] You can use '--warning-mode all' to show the individual deprecation warnings and determine if they come from your own scripts or plugins.
[        ] For more on this, please refer to https://docs.gradle.org/8.12.1/userguide/command_line_interface.html#sec:command_line_warnings in the Gradle documentation.
[        ] BUILD SUCCESSFUL in 13s
[        ] 458 actionable tasks: 29 executed, 429 up-to-date
[        ] Watched directory hierarchies: [/opt/homebrew/share/flutter/packages/flutter_tools/gradle, /Users/florian/Code/substitution/android]
[  +23 ms] Running Gradle task 'assembleDebug'... (completed in 13,3s)
[   +7 ms] Calculate SHA1: LocalDirectory: '/Users/florian/Code/substitution/build/app/outputs/flutter-apk'/app-debug.apk
[+1101 ms] ✓ Built build/app/outputs/flutter-apk/app-debug.apk
[   +1 ms] executing: /Users/florian/Library/Android/sdk/build-tools/36.1.0/aapt dump xmltree /Users/florian/Code/substitution/build/app/outputs/flutter-apk/app-debug.apk AndroidManifest.xml
[  +13 ms] Exit code 0 from: /Users/florian/Library/Android/sdk/build-tools/36.1.0/aapt dump xmltree /Users/florian/Code/substitution/build/app/outputs/flutter-apk/app-debug.apk AndroidManifest.xml
[        ] N: android=http://schemas.android.com/apk/res/android
             E: manifest (line=2)
               A: android:versionCode(0x0101021b)=(type 0x10)0x7
               A: android:versionName(0x0101021c)="1.0.0" (Raw: "1.0.0")
               A: android:compileSdkVersion(0x01010572)=(type 0x10)0x24
               A: android:compileSdkVersionCodename(0x01010573)="16" (Raw: "16")
               A: package="art.substitution.substitution" (Raw: "art.substitution.substitution")
               A: platformBuildVersionCode=(type 0x10)0x24
               A: platformBuildVersionName=(type 0x10)0x10
               E: uses-sdk (line=7)
                 A: android:minSdkVersion(0x0101020c)=(type 0x10)0x18
                 A: android:targetSdkVersion(0x01010270)=(type 0x10)0x22
               E: uses-permission (line=15)
                 A: android:name(0x01010003)="android.permission.INTERNET" (Raw: "android.permission.INTERNET")
               E: uses-permission (line=16)
                 A: android:name(0x01010003)="android.permission.ACCESS_NETWORK_STATE" (Raw: "android.permission.ACCESS_NETWORK_STATE")
               E: permission (line=18)
                 A: android:name(0x01010003)="art.substitution.substitution.DYNAMIC_RECEIVER_NOT_EXPORTED_PERMISSION" (Raw: "art.substitution.substitution.DYNAMIC_RECEIVER_NOT_EXPORTED_PERMISSION")
                 A: android:protectionLevel(0x01010009)=(type 0x11)0x2
               E: uses-permission (line=22)
                 A: android:name(0x01010003)="art.substitution.substitution.DYNAMIC_RECEIVER_NOT_EXPORTED_PERMISSION" (Raw: "art.substitution.substitution.DYNAMIC_RECEIVER_NOT_EXPORTED_PERMISSION")
               E: application (line=24)
                 A: android:label(0x01010001)="substitution" (Raw: "substitution")
                 A: android:icon(0x01010002)=@0x7f0c0000
                 A: android:name(0x01010003)="android.app.Application" (Raw: "android.app.Application")
                 A: android:debuggable(0x0101000f)=(type 0x12)0xffffffff
                 A: android:extractNativeLibs(0x010104ea)=(type 0x12)0x0
                 A: android:appComponentFactory(0x0101057a)="androidx.core.app.CoreComponentFactory" (Raw: "androidx.core.app.CoreComponentFactory")
                 E: activity (line=31)
                   A: android:theme(0x01010000)=@0x7f0e00a2
                   A: android:name(0x01010003)="art.substitution.substitution.MainActivity" (Raw: "art.substitution.substitution.MainActivity")
                   A: android:exported(0x01010010)=(type 0x12)0xffffffff
                   A: android:launchMode(0x0101001d)=(type 0x10)0x1
                   A: android:configChanges(0x0101001f)=(type 0x11)0x40003fb4
                   A: android:windowSoftInputMode(0x0101022b)=(type 0x11)0x10
                   A: android:hardwareAccelerated(0x010102d3)=(type 0x12)0xffffffff
                   E: meta-data (line=46)
                     A: android:name(0x01010003)="io.flutter.embedding.android.NormalTheme" (Raw: "io.flutter.embedding.android.NormalTheme")
                     A: android:resource(0x01010025)=@0x7f0e00a3
                   E: intent-filter (line=50)
                     E: action (line=51)
                       A: android:name(0x01010003)="android.intent.action.MAIN" (Raw: "android.intent.action.MAIN")
                     E: category (line=53)
                       A: android:name(0x01010003)="android.intent.category.LAUNCHER" (Raw: "android.intent.category.LAUNCHER")
                   E: intent-filter (line=56)
                     E: action (line=57)
                       A: android:name(0x01010003)="android.intent.action.VIEW" (Raw: "android.intent.action.VIEW")
                     E: category (line=59)
                       A: android:name(0x01010003)="android.intent.category.DEFAULT" (Raw: "android.intent.category.DEFAULT")
                     E: category (line=60)
                       A: android:name(0x01010003)="android.intent.category.BROWSABLE" (Raw: "android.intent.category.BROWSABLE")
                     E: data (line=62)
                       A: android:scheme(0x01010027)="substitution" (Raw: "substitution")
                       A: android:host(0x01010028)="auth" (Raw: "auth")
                       A: android:pathPrefix(0x0101002b)="/login-callback" (Raw: "/login-callback")
                 E: meta-data (line=72)
                   A: android:name(0x01010003)="flutterEmbedding" (Raw: "flutterEmbedding")
                   A: android:value(0x01010024)=(type 0x10)0x2
                 E: activity (line=76)
                   A: android:theme(0x01010000)=@0x01030007
                   A: android:name(0x01010003)="io.flutter.plugins.urllauncher.WebViewActivity" (Raw: "io.flutter.plugins.urllauncher.WebViewActivity")
                   A: android:exported(0x01010010)=(type 0x12)0x0
                 E: uses-library (line=81)
                   A: android:name(0x01010003)="androidx.window.extensions" (Raw: "androidx.window.extensions")
                   A: android:required(0x0101028e)=(type 0x12)0x0
                 E: uses-library (line=84)
                   A: android:name(0x01010003)="androidx.window.sidecar" (Raw: "androidx.window.sidecar")
                   A: android:required(0x0101028e)=(type 0x12)0x0
                 E: provider (line=88)
                   A: android:name(0x01010003)="androidx.startup.InitializationProvider" (Raw: "androidx.startup.InitializationProvider")
                   A: android:exported(0x01010010)=(type 0x12)0x0
                   A: android:authorities(0x01010018)="art.substitution.substitution.androidx-startup" (Raw: "art.substitution.substitution.androidx-startup")
                   E: meta-data (line=92)
                     A: android:name(0x01010003)="androidx.lifecycle.ProcessLifecycleInitializer" (Raw: "androidx.lifecycle.ProcessLifecycleInitializer")
                     A: android:value(0x01010024)="androidx.startup" (Raw: "androidx.startup")
                   E: meta-data (line=95)
                     A: android:name(0x01010003)="androidx.profileinstaller.ProfileInstallerInitializer" (Raw: "androidx.profileinstaller.ProfileInstallerInitializer")
                     A: android:value(0x01010024)="androidx.startup" (Raw: "androidx.startup")
                 E: receiver (line=100)
                   A: android:name(0x01010003)="androidx.profileinstaller.ProfileInstallReceiver" (Raw: "androidx.profileinstaller.ProfileInstallReceiver")
                   A: android:permission(0x01010006)="android.permission.DUMP" (Raw: "android.permission.DUMP")
                   A: android:enabled(0x0101000e)=(type 0x12)0xffffffff
                   A: android:exported(0x01010010)=(type 0x12)0xffffffff
                   A: android:directBootAware(0x01010505)=(type 0x12)0x0
                   E: intent-filter (line=106)
                     E: action (line=107)
                       A: android:name(0x01010003)="androidx.profileinstaller.action.INSTALL_PROFILE" (Raw: "androidx.profileinstaller.action.INSTALL_PROFILE")
                   E: intent-filter (line=109)
                     E: action (line=110)
                       A: android:name(0x01010003)="androidx.profileinstaller.action.SKIP_FILE" (Raw: "androidx.profileinstaller.action.SKIP_FILE")
                   E: intent-filter (line=112)
                     E: action (line=113)
                       A: android:name(0x01010003)="androidx.profileinstaller.action.SAVE_PROFILE" (Raw: "androidx.profileinstaller.action.SAVE_PROFILE")
                   E: intent-filter (line=115)
                     E: action (line=116)
                       A: android:name(0x01010003)="androidx.profileinstaller.action.BENCHMARK_OPERATION" (Raw: "androidx.profileinstaller.action.BENCHMARK_OPERATION")
[        ] Stopping app 'app-debug.apk' on sdk gphone64 arm64.
[        ] executing: /Users/florian/Library/Android/sdk/platform-tools/adb -s emulator-5554 shell am force-stop art.substitution.substitution
11:27 +10 -23: loading /Users/florian/Code/substitution/integration_test/interaction_strict_test.dart                                                                                                  [  +23 ms] Installing APK.
[        ] Installing build/app/outputs/flutter-apk/app-debug.apk...
[        ] executing: /Users/florian/Library/Android/sdk/platform-tools/adb -s emulator-5554 install -t -r /Users/florian/Code/substitution/build/app/outputs/flutter-apk/app-debug.apk
11:28 +10 -23: loading /Users/florian/Code/substitution/integration_test/interaction_strict_test.dart                                                                                                  [ +388 ms] Performing Streamed Install
           Success
[        ] Installing build/app/outputs/flutter-apk/app-debug.apk... (completed in 388ms)
[        ] executing: /Users/florian/Library/Android/sdk/platform-tools/adb -s emulator-5554 shell echo -n 1245e8c3ecb6c5d31218fcb5c5c6a1b81e898ae9 > /data/local/tmp/sky.art.substitution.substitution.sha1
[  +21 ms] executing: /Users/florian/Library/Android/sdk/platform-tools/adb -s emulator-5554 shell -x logcat -v time -t 1
[  +96 ms] --------- beginning of system
           02-17 00:06:19.294 D/ActivityManager(  668): sync unfroze 6967 com.google.android.packageinstaller for 3
[   +4 ms] executing: /Users/florian/Library/Android/sdk/platform-tools/adb -s emulator-5554 shell am start -a android.intent.action.MAIN -c android.intent.category.LAUNCHER -f 0x20000000 --ez enable-dart-profiling true --ez enable-checked-mode true --ez verify-entry-points true art.substitution.substitution/art.substitution.substitution.MainActivity
[ +264 ms] Starting: Intent { act=android.intent.action.MAIN cat=[android.intent.category.LAUNCHER] flg=0x20000000 cmp=art.substitution.substitution/.MainActivity (has extras) }
[        ] Waiting for VM Service port to be available...
11:29 +10 -23: loading /Users/florian/Code/substitution/integration_test/interaction_strict_test.dart                                                                                                  11:30 +10 -23: loading /Users/florian/Code/substitution/integration_test/interaction_strict_test.dart                                                                                                  [+1658 ms] VM Service URL on device: http://127.0.0.1:38431/n_YzSCM8ZCg=/
[        ] executing: /Users/florian/Library/Android/sdk/platform-tools/adb -s emulator-5554 forward tcp:0 tcp:38431
[  +14 ms] 55268
[        ] Forwarded host port 55268 to device port 38431 for VM Service
[        ] test 12: Starting Dart Development Service
[        ] Launching a Dart Developer Service (DDS) instance at http://127.0.0.1:0, connecting to VM service at http://127.0.0.1:55268/n_YzSCM8ZCg=/.
[ +156 ms] test 12: Dart Development Service started at http://127.0.0.1:55271/Qt-A0Fn-6lM=/, forwarding to VM service at http://127.0.0.1:55268/n_YzSCM8ZCg=/.
[        ] test 12: Connecting to vm service
[        ] test 12: VM Service uri is available at http://127.0.0.1:55271/Qt-A0Fn-6lM=/
[   +4 ms] test 12: Finding the correct isolate with the integration test service extension
[ +112 ms] test 12: connected to test device, now awaiting test result
[        ] test 12: Waiting for test harness or tests to finish
11:30 +10 -23: /Users/florian/Code/substitution/integration_test/interaction_strict_test.dart: Strict Message Interaction (Reactions & Replies) STRICT: Tap message shows reaction and reply options   11:31 +10 -23: /Users/florian/Code/substitution/integration_test/interaction_strict_test.dart: Strict Message Interaction (Reactions & Replies) STRICT: Tap message shows reaction and reply options   11:31 +10 -23: /Users/florian/Code/substitution/integration_test/interaction_strict_test.dart: Strict Message Interaction (Reactions & Replies) STRICT: Tap message shows reaction and reply options   
[90m[🌎 Easy Localization] [DEBUG] Localization initialized[0m
[Matrix] [32mInitialize client Substitution[0m
[Matrix] [32mUser is not logged in.[0m
[90m[🌎 Easy Localization] [DEBUG] Start[0m
[90m[🌎 Easy Localization] [DEBUG] Init state[0m
[90m[🌎 Easy Localization] [DEBUG] Build[0m
[90m[🌎 Easy Localization] [DEBUG] Init Localization Delegate[0m
[90m[🌎 Easy Localization] [DEBUG] Init provider[0m
[90m[🌎 Easy Localization] [DEBUG] Load Localization Delegate[0m
[90m[🌎 Easy Localization] [DEBUG] Load asset from assets/translations[0m
[90m[🌎 Easy Localization] [DEBUG] Build[0m
[90m[🌎 Easy Localization] [DEBUG] Init Localization Delegate[0m
[90m[🌎 Easy Localization] [DEBUG] Init provider[0m
══╡ EXCEPTION CAUGHT BY FLUTTER TEST FRAMEWORK ╞════════════════════════════════════════════════════
The following TestFailure was thrown running a test:
Expected: exactly one matching candidate
  Actual: _KeyWidgetFinder:<Found 0 widgets with key [<'loginUsernameInput'>]: []>
   Which: means none were found but one was expected
Username field should be visible on login page

When the exception was thrown, this was the stack:
#4      main.<anonymous closure>.loginUser (file:///Users/florian/Code/substitution/integration_test/interaction_strict_test.dart:83:7)
<asynchronous suspension>
#5      main.<anonymous closure>.<anonymous closure> (file:///Users/florian/Code/substitution/integration_test/interaction_strict_test.dart:103:9)
<asynchronous suspension>
#6      testWidgets.<anonymous closure>.<anonymous closure> (package:flutter_test/src/widget_tester.dart:192:15)
<asynchronous suspension>
#7      TestWidgetsFlutterBinding._runTestBody (package:flutter_test/src/binding.dart:1059:5)
<asynchronous suspension>
<asynchronous suspension>
(elided one frame from package:stack_trace)

This was caught by the test expectation on the following line:
  file:///Users/florian/Code/substitution/integration_test/interaction_strict_test.dart line 83
The test description was:
  STRICT: Tap message shows reaction and reply options
════════════════════════════════════════════════════════════════════════════════════════════════════
11:45 +10 -24: /Users/florian/Code/substitution/integration_test/interaction_strict_test.dart: Strict Message Interaction (Reactions & Replies) STRICT: Tap message shows reaction and reply options [E]
  Test failed. See exception logs above.
  The test description was: STRICT: Tap message shows reaction and reply options
  

To run this test again: /opt/homebrew/share/flutter/bin/cache/dart-sdk/bin/dart test /Users/florian/Code/substitution/integration_test/interaction_strict_test.dart -p vm --plain-name 'Strict Message Interaction (Reactions & Replies) STRICT: Tap message shows reaction and reply options'
11:45 +10 -24: /Users/florian/Code/substitution/integration_test/interaction_strict_test.dart: Strict Message Interaction (Reactions & Replies) STRICT: Reaction option exists in message menu         11:45 +10 -24: /Users/florian/Code/substitution/integration_test/interaction_strict_test.dart: Strict Message Interaction (Reactions & Replies) STRICT: Reaction option exists in message menu         
[90m[🌎 Easy Localization] [DEBUG] Localization initialized[0m
[Matrix] [32mInitialize client Substitution[0m
[Matrix] [32mUser is not logged in.[0m
[90m[🌎 Easy Localization] [DEBUG] Start[0m
11:47 +10 -24: /Users/florian/Code/substitution/integration_test/interaction_strict_test.dart: Strict Message Interaction (Reactions & Replies) STRICT: Tap message shows reaction and reply options   
[90m[🌎 Easy Localization] [DEBUG] Init state[0m
[90m[🌎 Easy Localization] [DEBUG] Build[0m
[90m[🌎 Easy Localization] [DEBUG] Init Localization Delegate[0m
[90m[🌎 Easy Localization] [DEBUG] Init provider[0m
[90m[🌎 Easy Localization] [DEBUG] Load Localization Delegate[0m
[90m[🌎 Easy Localization] [DEBUG] Load asset from assets/translations[0m
[90m[🌎 Easy Localization] [DEBUG] Build[0m
[90m[🌎 Easy Localization] [DEBUG] Init Localization Delegate[0m
[90m[🌎 Easy Localization] [DEBUG] Init provider[0m
12:04 +10 -24: /Users/florian/Code/substitution/integration_test/interaction_strict_test.dart: Strict Message Interaction (Reactions & Replies) STRICT: Reaction option exists in message menu         
══╡ EXCEPTION CAUGHT BY FLUTTER TEST FRAMEWORK ╞════════════════════════════════════════════════════
The following TestFailure was thrown running a test:
Expected: exactly one matching candidate
  Actual: _KeyWidgetFinder:<Found 0 widgets with key [<'loginUsernameInput'>]: []>
   Which: means none were found but one was expected
Username field should be visible on login page

When the exception was thrown, this was the stack:
#4      main.<anonymous closure>.loginUser (file:///Users/florian/Code/substitution/integration_test/interaction_strict_test.dart:83:7)
<asynchronous suspension>
#5      main.<anonymous closure>.<anonymous closure> (file:///Users/florian/Code/substitution/integration_test/interaction_strict_test.dart:142:9)
<asynchronous suspension>
#6      testWidgets.<anonymous closure>.<anonymous closure> (package:flutter_test/src/widget_tester.dart:192:15)
<asynchronous suspension>
#7      TestWidgetsFlutterBinding._runTestBody (package:flutter_test/src/binding.dart:1059:5)
<asynchronous suspension>
<asynchronous suspension>
(elided one frame from package:stack_trace)

This was caught by the test expectation on the following line:
  file:///Users/florian/Code/substitution/integration_test/interaction_strict_test.dart line 83
The test description was:
  STRICT: Reaction option exists in message menu
════════════════════════════════════════════════════════════════════════════════════════════════════
12:04 +10 -25: /Users/florian/Code/substitution/integration_test/interaction_strict_test.dart: Strict Message Interaction (Reactions & Replies) STRICT: Reaction option exists in message menu [E]     
  Test failed. See exception logs above.
  The test description was: STRICT: Reaction option exists in message menu
  

To run this test again: /opt/homebrew/share/flutter/bin/cache/dart-sdk/bin/dart test /Users/florian/Code/substitution/integration_test/interaction_strict_test.dart -p vm --plain-name 'Strict Message Interaction (Reactions & Replies) STRICT: Reaction option exists in message menu'
12:04 +10 -25: /Users/florian/Code/substitution/integration_test/interaction_strict_test.dart: Strict Message Interaction (Reactions & Replies) STRICT: Can open emoji picker and react to message     12:04 +10 -25: /Users/florian/Code/substitution/integration_test/interaction_strict_test.dart: Strict Message Interaction (Reactions & Replies) STRICT: Can open emoji picker and react to message     
[90m[🌎 Easy Localization] [DEBUG] Localization initialized[0m
[Matrix] [32mInitialize client Substitution[0m
[Matrix] [32mUser is not logged in.[0m
[90m[🌎 Easy Localization] [DEBUG] Start[0m
12:06 +10 -25: /Users/florian/Code/substitution/integration_test/interaction_strict_test.dart: Strict Message Interaction (Reactions & Replies) STRICT: Tap message shows reaction and reply options   
[90m[🌎 Easy Localization] [DEBUG] Init state[0m
[90m[🌎 Easy Localization] [DEBUG] Build[0m
[90m[🌎 Easy Localization] [DEBUG] Init Localization Delegate[0m
[90m[🌎 Easy Localization] [DEBUG] Init provider[0m
[90m[🌎 Easy Localization] [DEBUG] Load Localization Delegate[0m
[90m[🌎 Easy Localization] [DEBUG] Load asset from assets/translations[0m
[90m[🌎 Easy Localization] [DEBUG] Build[0m
[90m[🌎 Easy Localization] [DEBUG] Init Localization Delegate[0m
[90m[🌎 Easy Localization] [DEBUG] Init provider[0m
12:22 +10 -25: /Users/florian/Code/substitution/integration_test/interaction_strict_test.dart: Strict Message Interaction (Reactions & Replies) STRICT: Can open emoji picker and react to message     
══╡ EXCEPTION CAUGHT BY FLUTTER TEST FRAMEWORK ╞════════════════════════════════════════════════════
The following TestFailure was thrown running a test:
Expected: exactly one matching candidate
  Actual: _KeyWidgetFinder:<Found 0 widgets with key [<'loginUsernameInput'>]: []>
   Which: means none were found but one was expected
Username field should be visible on login page

When the exception was thrown, this was the stack:
#4      main.<anonymous closure>.loginUser (file:///Users/florian/Code/substitution/integration_test/interaction_strict_test.dart:83:7)
<asynchronous suspension>
#5      main.<anonymous closure>.<anonymous closure> (file:///Users/florian/Code/substitution/integration_test/interaction_strict_test.dart:185:9)
<asynchronous suspension>
#6      testWidgets.<anonymous closure>.<anonymous closure> (package:flutter_test/src/widget_tester.dart:192:15)
<asynchronous suspension>
#7      TestWidgetsFlutterBinding._runTestBody (package:flutter_test/src/binding.dart:1059:5)
<asynchronous suspension>
<asynchronous suspension>
(elided one frame from package:stack_trace)

This was caught by the test expectation on the following line:
  file:///Users/florian/Code/substitution/integration_test/interaction_strict_test.dart line 83
The test description was:
  STRICT: Can open emoji picker and react to message
════════════════════════════════════════════════════════════════════════════════════════════════════
12:22 +10 -26: /Users/florian/Code/substitution/integration_test/interaction_strict_test.dart: Strict Message Interaction (Reactions & Replies) STRICT: Can open emoji picker and react to message [E] 
  Test failed. See exception logs above.
  The test description was: STRICT: Can open emoji picker and react to message
  

To run this test again: /opt/homebrew/share/flutter/bin/cache/dart-sdk/bin/dart test /Users/florian/Code/substitution/integration_test/interaction_strict_test.dart -p vm --plain-name 'Strict Message Interaction (Reactions & Replies) STRICT: Can open emoji picker and react to message'
12:22 +10 -26: /Users/florian/Code/substitution/integration_test/interaction_strict_test.dart: Strict Message Interaction (Reactions & Replies) STRICT: Reply option exists in message menu            12:22 +10 -26: /Users/florian/Code/substitution/integration_test/interaction_strict_test.dart: Strict Message Interaction (Reactions & Replies) STRICT: Reply option exists in message menu            
[90m[🌎 Easy Localization] [DEBUG] Localization initialized[0m
[Matrix] [32mInitialize client Substitution[0m
[Matrix] [32mUser is not logged in.[0m
[90m[🌎 Easy Localization] [DEBUG] Start[0m
12:24 +10 -26: /Users/florian/Code/substitution/integration_test/interaction_strict_test.dart: Strict Message Interaction (Reactions & Replies) STRICT: Tap message shows reaction and reply options   
[90m[🌎 Easy Localization] [DEBUG] Init state[0m
[90m[🌎 Easy Localization] [DEBUG] Build[0m
[90m[🌎 Easy Localization] [DEBUG] Init Localization Delegate[0m
[90m[🌎 Easy Localization] [DEBUG] Init provider[0m
[90m[🌎 Easy Localization] [DEBUG] Load Localization Delegate[0m
[90m[🌎 Easy Localization] [DEBUG] Load asset from assets/translations[0m
[90m[🌎 Easy Localization] [DEBUG] Build[0m
[90m[🌎 Easy Localization] [DEBUG] Init Localization Delegate[0m
[90m[🌎 Easy Localization] [DEBUG] Init provider[0m
12:41 +10 -26: /Users/florian/Code/substitution/integration_test/interaction_strict_test.dart: Strict Message Interaction (Reactions & Replies) STRICT: Reply option exists in message menu            
══╡ EXCEPTION CAUGHT BY FLUTTER TEST FRAMEWORK ╞════════════════════════════════════════════════════
The following TestFailure was thrown running a test:
Expected: exactly one matching candidate
  Actual: _KeyWidgetFinder:<Found 0 widgets with key [<'loginUsernameInput'>]: []>
   Which: means none were found but one was expected
Username field should be visible on login page

When the exception was thrown, this was the stack:
#4      main.<anonymous closure>.loginUser (file:///Users/florian/Code/substitution/integration_test/interaction_strict_test.dart:83:7)
<asynchronous suspension>
#5      main.<anonymous closure>.<anonymous closure> (file:///Users/florian/Code/substitution/integration_test/interaction_strict_test.dart:256:9)
<asynchronous suspension>
#6      testWidgets.<anonymous closure>.<anonymous closure> (package:flutter_test/src/widget_tester.dart:192:15)
<asynchronous suspension>
#7      TestWidgetsFlutterBinding._runTestBody (package:flutter_test/src/binding.dart:1059:5)
<asynchronous suspension>
<asynchronous suspension>
(elided one frame from package:stack_trace)

This was caught by the test expectation on the following line:
  file:///Users/florian/Code/substitution/integration_test/interaction_strict_test.dart line 83
The test description was:
  STRICT: Reply option exists in message menu
════════════════════════════════════════════════════════════════════════════════════════════════════
12:41 +10 -27: /Users/florian/Code/substitution/integration_test/interaction_strict_test.dart: Strict Message Interaction (Reactions & Replies) STRICT: Reply option exists in message menu [E]        
  Test failed. See exception logs above.
  The test description was: STRICT: Reply option exists in message menu
  

To run this test again: /opt/homebrew/share/flutter/bin/cache/dart-sdk/bin/dart test /Users/florian/Code/substitution/integration_test/interaction_strict_test.dart -p vm --plain-name 'Strict Message Interaction (Reactions & Replies) STRICT: Reply option exists in message menu'
12:41 +10 -27: /Users/florian/Code/substitution/integration_test/interaction_strict_test.dart: Strict Message Interaction (Reactions & Replies) STRICT: Can reply to a message with quoted context     12:41 +10 -27: /Users/florian/Code/substitution/integration_test/interaction_strict_test.dart: Strict Message Interaction (Reactions & Replies) STRICT: Can reply to a message with quoted context     
[90m[🌎 Easy Localization] [DEBUG] Localization initialized[0m
[Matrix] [32mInitialize client Substitution[0m
[Matrix] [32mUser is not logged in.[0m
[90m[🌎 Easy Localization] [DEBUG] Start[0m
12:43 +10 -27: /Users/florian/Code/substitution/integration_test/interaction_strict_test.dart: Strict Message Interaction (Reactions & Replies) STRICT: Tap message shows reaction and reply options   
[90m[🌎 Easy Localization] [DEBUG] Init state[0m
[90m[🌎 Easy Localization] [DEBUG] Build[0m
[90m[🌎 Easy Localization] [DEBUG] Init Localization Delegate[0m
[90m[🌎 Easy Localization] [DEBUG] Init provider[0m
[90m[🌎 Easy Localization] [DEBUG] Load Localization Delegate[0m
[90m[🌎 Easy Localization] [DEBUG] Load asset from assets/translations[0m
[90m[🌎 Easy Localization] [DEBUG] Build[0m
[90m[🌎 Easy Localization] [DEBUG] Init Localization Delegate[0m
[90m[🌎 Easy Localization] [DEBUG] Init provider[0m
13:00 +10 -27: /Users/florian/Code/substitution/integration_test/interaction_strict_test.dart: Strict Message Interaction (Reactions & Replies) STRICT: Can reply to a message with quoted context     
══╡ EXCEPTION CAUGHT BY FLUTTER TEST FRAMEWORK ╞════════════════════════════════════════════════════
The following TestFailure was thrown running a test:
Expected: exactly one matching candidate
  Actual: _KeyWidgetFinder:<Found 0 widgets with key [<'loginUsernameInput'>]: []>
   Which: means none were found but one was expected
Username field should be visible on login page

When the exception was thrown, this was the stack:
#4      main.<anonymous closure>.loginUser (file:///Users/florian/Code/substitution/integration_test/interaction_strict_test.dart:83:7)
<asynchronous suspension>
#5      main.<anonymous closure>.<anonymous closure> (file:///Users/florian/Code/substitution/integration_test/interaction_strict_test.dart:293:9)
<asynchronous suspension>
#6      testWidgets.<anonymous closure>.<anonymous closure> (package:flutter_test/src/widget_tester.dart:192:15)
<asynchronous suspension>
#7      TestWidgetsFlutterBinding._runTestBody (package:flutter_test/src/binding.dart:1059:5)
<asynchronous suspension>
<asynchronous suspension>
(elided one frame from package:stack_trace)

This was caught by the test expectation on the following line:
  file:///Users/florian/Code/substitution/integration_test/interaction_strict_test.dart line 83
The test description was:
  STRICT: Can reply to a message with quoted context
════════════════════════════════════════════════════════════════════════════════════════════════════
13:00 +10 -28: /Users/florian/Code/substitution/integration_test/interaction_strict_test.dart: Strict Message Interaction (Reactions & Replies) STRICT: Can reply to a message with quoted context [E] 
  Test failed. See exception logs above.
  The test description was: STRICT: Can reply to a message with quoted context
  

To run this test again: /opt/homebrew/share/flutter/bin/cache/dart-sdk/bin/dart test /Users/florian/Code/substitution/integration_test/interaction_strict_test.dart -p vm --plain-name 'Strict Message Interaction (Reactions & Replies) STRICT: Can reply to a message with quoted context'
13:00 +10 -28: /Users/florian/Code/substitution/integration_test/interaction_strict_test.dart: Strict Message Interaction (Reactions & Replies) STRICT: Reactions show emoji and count                 13:00 +10 -28: /Users/florian/Code/substitution/integration_test/interaction_strict_test.dart: Strict Message Interaction (Reactions & Replies) STRICT: Reactions show emoji and count                 
[90m[🌎 Easy Localization] [DEBUG] Localization initialized[0m
[Matrix] [32mInitialize client Substitution[0m
[Matrix] [32mUser is not logged in.[0m
[90m[🌎 Easy Localization] [DEBUG] Start[0m
13:02 +10 -28: /Users/florian/Code/substitution/integration_test/interaction_strict_test.dart: Strict Message Interaction (Reactions & Replies) STRICT: Tap message shows reaction and reply options   
[90m[🌎 Easy Localization] [DEBUG] Init state[0m
[90m[🌎 Easy Localization] [DEBUG] Build[0m
[90m[🌎 Easy Localization] [DEBUG] Init Localization Delegate[0m
[90m[🌎 Easy Localization] [DEBUG] Init provider[0m
[90m[🌎 Easy Localization] [DEBUG] Load Localization Delegate[0m
[90m[🌎 Easy Localization] [DEBUG] Load asset from assets/translations[0m
[90m[🌎 Easy Localization] [DEBUG] Build[0m
[90m[🌎 Easy Localization] [DEBUG] Init Localization Delegate[0m
[90m[🌎 Easy Localization] [DEBUG] Init provider[0m
13:19 +10 -28: /Users/florian/Code/substitution/integration_test/interaction_strict_test.dart: Strict Message Interaction (Reactions & Replies) STRICT: Reactions show emoji and count                 
══╡ EXCEPTION CAUGHT BY FLUTTER TEST FRAMEWORK ╞════════════════════════════════════════════════════
The following TestFailure was thrown running a test:
Expected: exactly one matching candidate
  Actual: _KeyWidgetFinder:<Found 0 widgets with key [<'loginUsernameInput'>]: []>
   Which: means none were found but one was expected
Username field should be visible on login page

When the exception was thrown, this was the stack:
#4      main.<anonymous closure>.loginUser (file:///Users/florian/Code/substitution/integration_test/interaction_strict_test.dart:83:7)
<asynchronous suspension>
#5      main.<anonymous closure>.<anonymous closure> (file:///Users/florian/Code/substitution/integration_test/interaction_strict_test.dart:365:9)
<asynchronous suspension>
#6      testWidgets.<anonymous closure>.<anonymous closure> (package:flutter_test/src/widget_tester.dart:192:15)
<asynchronous suspension>
#7      TestWidgetsFlutterBinding._runTestBody (package:flutter_test/src/binding.dart:1059:5)
<asynchronous suspension>
<asynchronous suspension>
(elided one frame from package:stack_trace)

This was caught by the test expectation on the following line:
  file:///Users/florian/Code/substitution/integration_test/interaction_strict_test.dart line 83
The test description was:
  STRICT: Reactions show emoji and count
════════════════════════════════════════════════════════════════════════════════════════════════════
13:19 +10 -29: /Users/florian/Code/substitution/integration_test/interaction_strict_test.dart: Strict Message Interaction (Reactions & Replies) STRICT: Reactions show emoji and count [E]             
  Test failed. See exception logs above.
  The test description was: STRICT: Reactions show emoji and count
  

To run this test again: /opt/homebrew/share/flutter/bin/cache/dart-sdk/bin/dart test /Users/florian/Code/substitution/integration_test/interaction_strict_test.dart -p vm --plain-name 'Strict Message Interaction (Reactions & Replies) STRICT: Reactions show emoji and count'
13:19 +10 -29: /Users/florian/Code/substitution/integration_test/interaction_strict_test.dart: Strict Message Interaction (Reactions & Replies) STRICT: Threaded replies show in message view          13:19 +10 -29: /Users/florian/Code/substitution/integration_test/interaction_strict_test.dart: Strict Message Interaction (Reactions & Replies) STRICT: Threaded replies show in message view          
[90m[🌎 Easy Localization] [DEBUG] Localization initialized[0m
[Matrix] [32mInitialize client Substitution[0m
[Matrix] [32mUser is not logged in.[0m
[90m[🌎 Easy Localization] [DEBUG] Start[0m
13:21 +10 -29: /Users/florian/Code/substitution/integration_test/interaction_strict_test.dart: Strict Message Interaction (Reactions & Replies) STRICT: Tap message shows reaction and reply options   
[90m[🌎 Easy Localization] [DEBUG] Init state[0m
[90m[🌎 Easy Localization] [DEBUG] Build[0m
[90m[🌎 Easy Localization] [DEBUG] Init Localization Delegate[0m
[90m[🌎 Easy Localization] [DEBUG] Init provider[0m
[90m[🌎 Easy Localization] [DEBUG] Load Localization Delegate[0m
[90m[🌎 Easy Localization] [DEBUG] Load asset from assets/translations[0m
[90m[🌎 Easy Localization] [DEBUG] Build[0m
[90m[🌎 Easy Localization] [DEBUG] Init Localization Delegate[0m
[90m[🌎 Easy Localization] [DEBUG] Init provider[0m
13:38 +10 -29: /Users/florian/Code/substitution/integration_test/interaction_strict_test.dart: Strict Message Interaction (Reactions & Replies) STRICT: Threaded replies show in message view          
══╡ EXCEPTION CAUGHT BY FLUTTER TEST FRAMEWORK ╞════════════════════════════════════════════════════
The following TestFailure was thrown running a test:
Expected: exactly one matching candidate
  Actual: _KeyWidgetFinder:<Found 0 widgets with key [<'loginUsernameInput'>]: []>
   Which: means none were found but one was expected
Username field should be visible on login page

When the exception was thrown, this was the stack:
#4      main.<anonymous closure>.loginUser (file:///Users/florian/Code/substitution/integration_test/interaction_strict_test.dart:83:7)
<asynchronous suspension>
#5      main.<anonymous closure>.<anonymous closure> (file:///Users/florian/Code/substitution/integration_test/interaction_strict_test.dart:413:9)
<asynchronous suspension>
#6      testWidgets.<anonymous closure>.<anonymous closure> (package:flutter_test/src/widget_tester.dart:192:15)
<asynchronous suspension>
#7      TestWidgetsFlutterBinding._runTestBody (package:flutter_test/src/binding.dart:1059:5)
<asynchronous suspension>
<asynchronous suspension>
(elided one frame from package:stack_trace)

This was caught by the test expectation on the following line:
  file:///Users/florian/Code/substitution/integration_test/interaction_strict_test.dart line 83
The test description was:
  STRICT: Threaded replies show in message view
════════════════════════════════════════════════════════════════════════════════════════════════════
13:38 +10 -30: /Users/florian/Code/substitution/integration_test/interaction_strict_test.dart: Strict Message Interaction (Reactions & Replies) STRICT: Threaded replies show in message view [E]      
  Test failed. See exception logs above.
  The test description was: STRICT: Threaded replies show in message view
  

To run this test again: /opt/homebrew/share/flutter/bin/cache/dart-sdk/bin/dart test /Users/florian/Code/substitution/integration_test/interaction_strict_test.dart -p vm --plain-name 'Strict Message Interaction (Reactions & Replies) STRICT: Threaded replies show in message view'
13:38 +10 -30: /Users/florian/Code/substitution/integration_test/interaction_strict_test.dart: (tearDownAll)                                                                                           [+128435 ms] test 12: Test harness is no longer needed by test process
[        ] test 12: finished
[        ] test 12: cleaning up...
[        ] test 12: ensuring test device is terminated.
[        ] executing: /Users/florian/Library/Android/sdk/platform-tools/adb -s emulator-5554 shell am force-stop art.substitution.substitution
[        ] test 12: Test process is no longer needed by test harness
[  +54 ms] executing: /Users/florian/Library/Android/sdk/platform-tools/adb -s emulator-5554 uninstall art.substitution.substitution
13:39 +10 -30: /Users/florian/Code/substitution/integration_test/interaction_strict_test.dart: (tearDownAll)                                                                                           [ +238 ms] Success
[        ] test 12: deleting temporary directory
[        ] test 12: finished
13:39 +10 -30: loading /Users/florian/Code/substitution/integration_test/profile_view_test.dart                                                                                                        [        ] test 13: starting test /Users/florian/Code/substitution/integration_test/profile_view_test.dart
[        ] Stopping scan for flutter_test_config.dart; found project root at /Users/florian/Code/substitution
[        ] test 13: starting test device
[        ] test 13: awaiting connection to test device
[        ] executing: /Users/florian/Library/Android/sdk/build-tools/36.1.0/aapt dump xmltree /Users/florian/Code/substitution/build/app/outputs/flutter-apk/app-debug.apk AndroidManifest.xml
[  +10 ms] Exit code 0 from: /Users/florian/Library/Android/sdk/build-tools/36.1.0/aapt dump xmltree /Users/florian/Code/substitution/build/app/outputs/flutter-apk/app-debug.apk AndroidManifest.xml
[        ] N: android=http://schemas.android.com/apk/res/android
             E: manifest (line=2)
               A: android:versionCode(0x0101021b)=(type 0x10)0x7
               A: android:versionName(0x0101021c)="1.0.0" (Raw: "1.0.0")
               A: android:compileSdkVersion(0x01010572)=(type 0x10)0x24
               A: android:compileSdkVersionCodename(0x01010573)="16" (Raw: "16")
               A: package="art.substitution.substitution" (Raw: "art.substitution.substitution")
               A: platformBuildVersionCode=(type 0x10)0x24
               A: platformBuildVersionName=(type 0x10)0x10
               E: uses-sdk (line=7)
                 A: android:minSdkVersion(0x0101020c)=(type 0x10)0x18
                 A: android:targetSdkVersion(0x01010270)=(type 0x10)0x22
               E: uses-permission (line=15)
                 A: android:name(0x01010003)="android.permission.INTERNET" (Raw: "android.permission.INTERNET")
               E: uses-permission (line=16)
                 A: android:name(0x01010003)="android.permission.ACCESS_NETWORK_STATE" (Raw: "android.permission.ACCESS_NETWORK_STATE")
               E: permission (line=18)
                 A: android:name(0x01010003)="art.substitution.substitution.DYNAMIC_RECEIVER_NOT_EXPORTED_PERMISSION" (Raw: "art.substitution.substitution.DYNAMIC_RECEIVER_NOT_EXPORTED_PERMISSION")
                 A: android:protectionLevel(0x01010009)=(type 0x11)0x2
               E: uses-permission (line=22)
                 A: android:name(0x01010003)="art.substitution.substitution.DYNAMIC_RECEIVER_NOT_EXPORTED_PERMISSION" (Raw: "art.substitution.substitution.DYNAMIC_RECEIVER_NOT_EXPORTED_PERMISSION")
               E: application (line=24)
                 A: android:label(0x01010001)="substitution" (Raw: "substitution")
                 A: android:icon(0x01010002)=@0x7f0c0000
                 A: android:name(0x01010003)="android.app.Application" (Raw: "android.app.Application")
                 A: android:debuggable(0x0101000f)=(type 0x12)0xffffffff
                 A: android:extractNativeLibs(0x010104ea)=(type 0x12)0x0
                 A: android:appComponentFactory(0x0101057a)="androidx.core.app.CoreComponentFactory" (Raw: "androidx.core.app.CoreComponentFactory")
                 E: activity (line=31)
                   A: android:theme(0x01010000)=@0x7f0e00a2
                   A: android:name(0x01010003)="art.substitution.substitution.MainActivity" (Raw: "art.substitution.substitution.MainActivity")
                   A: android:exported(0x01010010)=(type 0x12)0xffffffff
                   A: android:launchMode(0x0101001d)=(type 0x10)0x1
                   A: android:configChanges(0x0101001f)=(type 0x11)0x40003fb4
                   A: android:windowSoftInputMode(0x0101022b)=(type 0x11)0x10
                   A: android:hardwareAccelerated(0x010102d3)=(type 0x12)0xffffffff
                   E: meta-data (line=46)
                     A: android:name(0x01010003)="io.flutter.embedding.android.NormalTheme" (Raw: "io.flutter.embedding.android.NormalTheme")
                     A: android:resource(0x01010025)=@0x7f0e00a3
                   E: intent-filter (line=50)
                     E: action (line=51)
                       A: android:name(0x01010003)="android.intent.action.MAIN" (Raw: "android.intent.action.MAIN")
                     E: category (line=53)
                       A: android:name(0x01010003)="android.intent.category.LAUNCHER" (Raw: "android.intent.category.LAUNCHER")
                   E: intent-filter (line=56)
                     E: action (line=57)
                       A: android:name(0x01010003)="android.intent.action.VIEW" (Raw: "android.intent.action.VIEW")
                     E: category (line=59)
                       A: android:name(0x01010003)="android.intent.category.DEFAULT" (Raw: "android.intent.category.DEFAULT")
                     E: category (line=60)
                       A: android:name(0x01010003)="android.intent.category.BROWSABLE" (Raw: "android.intent.category.BROWSABLE")
                     E: data (line=62)
                       A: android:scheme(0x01010027)="substitution" (Raw: "substitution")
                       A: android:host(0x01010028)="auth" (Raw: "auth")
                       A: android:pathPrefix(0x0101002b)="/login-callback" (Raw: "/login-callback")
                 E: meta-data (line=72)
                   A: android:name(0x01010003)="flutterEmbedding" (Raw: "flutterEmbedding")
                   A: android:value(0x01010024)=(type 0x10)0x2
                 E: activity (line=76)
                   A: android:theme(0x01010000)=@0x01030007
                   A: android:name(0x01010003)="io.flutter.plugins.urllauncher.WebViewActivity" (Raw: "io.flutter.plugins.urllauncher.WebViewActivity")
                   A: android:exported(0x01010010)=(type 0x12)0x0
                 E: uses-library (line=81)
                   A: android:name(0x01010003)="androidx.window.extensions" (Raw: "androidx.window.extensions")
                   A: android:required(0x0101028e)=(type 0x12)0x0
                 E: uses-library (line=84)
                   A: android:name(0x01010003)="androidx.window.sidecar" (Raw: "androidx.window.sidecar")
                   A: android:required(0x0101028e)=(type 0x12)0x0
                 E: provider (line=88)
                   A: android:name(0x01010003)="androidx.startup.InitializationProvider" (Raw: "androidx.startup.InitializationProvider")
                   A: android:exported(0x01010010)=(type 0x12)0x0
                   A: android:authorities(0x01010018)="art.substitution.substitution.androidx-startup" (Raw: "art.substitution.substitution.androidx-startup")
                   E: meta-data (line=92)
                     A: android:name(0x01010003)="androidx.lifecycle.ProcessLifecycleInitializer" (Raw: "androidx.lifecycle.ProcessLifecycleInitializer")
                     A: android:value(0x01010024)="androidx.startup" (Raw: "androidx.startup")
                   E: meta-data (line=95)
                     A: android:name(0x01010003)="androidx.profileinstaller.ProfileInstallerInitializer" (Raw: "androidx.profileinstaller.ProfileInstallerInitializer")
                     A: android:value(0x01010024)="androidx.startup" (Raw: "androidx.startup")
                 E: receiver (line=100)
                   A: android:name(0x01010003)="androidx.profileinstaller.ProfileInstallReceiver" (Raw: "androidx.profileinstaller.ProfileInstallReceiver")
                   A: android:permission(0x01010006)="android.permission.DUMP" (Raw: "android.permission.DUMP")
                   A: android:enabled(0x0101000e)=(type 0x12)0xffffffff
                   A: android:exported(0x01010010)=(type 0x12)0xffffffff
                   A: android:directBootAware(0x01010505)=(type 0x12)0x0
                   E: intent-filter (line=106)
                     E: action (line=107)
                       A: android:name(0x01010003)="androidx.profileinstaller.action.INSTALL_PROFILE" (Raw: "androidx.profileinstaller.action.INSTALL_PROFILE")
                   E: intent-filter (line=109)
                     E: action (line=110)
                       A: android:name(0x01010003)="androidx.profileinstaller.action.SKIP_FILE" (Raw: "androidx.profileinstaller.action.SKIP_FILE")
                   E: intent-filter (line=112)
                     E: action (line=113)
                       A: android:name(0x01010003)="androidx.profileinstaller.action.SAVE_PROFILE" (Raw: "androidx.profileinstaller.action.SAVE_PROFILE")
                   E: intent-filter (line=115)
                     E: action (line=116)
                       A: android:name(0x01010003)="androidx.profileinstaller.action.BENCHMARK_OPERATION" (Raw: "androidx.profileinstaller.action.BENCHMARK_OPERATION")
[        ] Building APK
[        ] Version of Java is different than impacted version, no migration attempted.
[        ] CMake project not found, skipping support Android 15 16k page size migration.
[        ] Using gradle from /Users/florian/Code/substitution/android/gradlew.
[   +5 ms] LocalFile: '/Users/florian/Code/substitution/android/build.gradle' provides AGP version from classpath: 8.6.0
[   +7 ms] Running Gradle task 'assembleDebug'...
[        ] executing: [/Users/florian/Code/substitution/android/] /Users/florian/Code/substitution/android/gradlew --full-stacktrace --info -Pverbose=true -PskipDependencyChecks=true -Ptarget-platform=android-arm64 -Ptarget=/var/folders/l_/w8pnbb9d38n57pzg9j98fmy80000gn/T/flutter_tools.wuOse9/flutter_test_listener.UgorN5/listener.dart -Pbase-application-name=android.app.Application -Pdart-defines=TUFUUklYX1NFUlZFUj1odHRwOi8vbG9jYWxob3N0OjgwMDg=,TUFUUklYX1RFU1RfVVNFUj0=,TUFUUklYX1RFU1RfUEFTU1dPUkQ9,RkxVVFRFUl9WRVJTSU9OPTMuMzguOQ==,RkxVVFRFUl9DSEFOTkVMPXN0YWJsZQ==,RkxVVFRFUl9HSVRfVVJMPWh0dHBzOi8vZ2l0aHViLmNvbS9mbHV0dGVyL2ZsdXR0ZXIuZ2l0,RkxVVFRFUl9GUkFNRVdPUktfUkVWSVNJT049NjczMjNkZTI4NQ==,RkxVVFRFUl9FTkdJTkVfUkVWSVNJT049NTg3YzE4Zjg3Mw==,RkxVVFRFUl9EQVJUX1ZFUlNJT049My4xMC44,SU5URUdSQVRJT05fVEVTVF9TSE9VTERfUkVQT1JUX1JFU1VMVFNfVE9fTkFUSVZFPWZhbHNl -Pdart-obfuscation=false -Ptrack-widget-creation=true -Ptree-shake-icons=false assembleDebug
[ +281 ms] Initialized native services in: /Users/florian/.gradle/native
[        ] Initialized jansi services in: /Users/florian/.gradle/native
[ +215 ms] The client will now receive all logging from the daemon (pid: 43439). The daemon log file: /Users/florian/.gradle/daemon/8.12.1/daemon-43439.out.log
[        ] Starting 106th build in daemon [uptime: 2 hrs 11 mins 28.784 secs, performance: 100%, GC rate: 0.00/s, heap usage: 0% of 4 GiB]
[        ] Using 32 worker leases.
[        ] Now considering [/Users/florian/Code/substitution/android, /opt/homebrew/share/flutter/packages/flutter_tools/gradle] as hierarchies to watch
[        ] Watching the file system is configured to be enabled if available
[        ] File system watching is active
[        ] Starting Build
[        ] Now considering [/opt/homebrew/share/flutter/packages/flutter_tools/gradle, /Users/florian/Code/substitution/android] as hierarchies to watch
[        ] > Configure project :gradle
[        ] Evaluating project ':gradle' using build file '/opt/homebrew/share/flutter/packages/flutter_tools/gradle/build.gradle.kts'.
[        ] Resolved plugin [id: 'org.gradle.java-gradle-plugin']
[        ] Resolved plugin [id: 'org.gradle.groovy']
[        ] Resolved plugin [id: 'org.gradle.kotlin.kotlin-dsl', version: '5.1.2']
[        ] Resolved plugin [id: 'org.jetbrains.kotlin.jvm', version: '1.9.20']
[        ] Using Kotlin Gradle Plugin gradle85 variant
[        ] kotlin scripting plugin: created the scripting discovery configuration: kotlinScriptDef
[        ] kotlin scripting plugin: created the scripting discovery configuration: testKotlinScriptDef
[        ] file or directory '/opt/homebrew/share/flutter/packages/flutter_tools/gradle/src/main/java', not found
[        ] Resolved plugin [id: 'dev.flutter.flutter-plugin-loader', version: '1.0.0']
[        ] Resolved plugin [id: 'com.android.application', version: '8.9.1', apply: false]
[        ] Resolved plugin [id: 'org.jetbrains.kotlin.android', version: '2.1.0', apply: false]
[        ] Resolve mutations for :gradle:checkKotlinGradlePluginConfigurationErrors (Thread[#42464,Execution worker,5,main]) started.
[        ] :gradle:checkKotlinGradlePluginConfigurationErrors (Thread[#42464,Execution worker,5,main]) started.
[        ] > Task :gradle:checkKotlinGradlePluginConfigurationErrors SKIPPED
[        ] Skipping task ':gradle:checkKotlinGradlePluginConfigurationErrors' as task onlyIf 'errorDiagnostics are present' is false.
[        ] Resolve mutations for :gradle:compileKotlin (Thread[#42485,Execution worker Thread 21,5,main]) started.
[        ] :gradle:compileKotlin (Thread[#42485,Execution worker Thread 21,5,main]) started.
[        ] > Task :gradle:compileKotlin UP-TO-DATE
[        ] Caching disabled for task ':gradle:compileKotlin' because:
[        ]   Build cache is disabled
[        ] Skipping task ':gradle:compileKotlin' as it is up-to-date.
[        ] Resolve mutations for :gradle:compileJava (Thread[#42485,Execution worker Thread 21,5,main]) started.
[        ] :gradle:compileJava (Thread[#42485,Execution worker Thread 21,5,main]) started.
[        ] > Task :gradle:compileJava NO-SOURCE
[        ] Skipping task ':gradle:compileJava' as it has no source files and no previous output files.
[        ] Resolve mutations for :gradle:compileGroovy (Thread[#42485,Execution worker Thread 21,5,main]) started.
[        ] :gradle:compileGroovy (Thread[#42487,Execution worker Thread 23,5,main]) started.
[        ] > Task :gradle:compileGroovy NO-SOURCE
[        ] Skipping task ':gradle:compileGroovy' as it has no source files and no previous output files.
[        ] Resolve mutations for :gradle:pluginDescriptors (Thread[#42487,Execution worker Thread 23,5,main]) started.
[        ] :gradle:pluginDescriptors (Thread[#42487,Execution worker Thread 23,5,main]) started.
[        ] > Task :gradle:pluginDescriptors UP-TO-DATE
[        ] Caching disabled for task ':gradle:pluginDescriptors' because:
[        ]   Build cache is disabled
[        ]   Not worth caching
[        ] Skipping task ':gradle:pluginDescriptors' as it is up-to-date.
[        ] Resolve mutations for :gradle:processResources (Thread[#42487,Execution worker Thread 23,5,main]) started.
[        ] :gradle:processResources (Thread[#42487,Execution worker Thread 23,5,main]) started.
[        ] > Task :gradle:processResources UP-TO-DATE
[        ] Caching disabled for task ':gradle:processResources' because:
[        ]   Build cache is disabled
[        ]   Not worth caching
[        ] Skipping task ':gradle:processResources' as it is up-to-date.
[        ] Resolve mutations for :gradle:classes (Thread[#42487,Execution worker Thread 23,5,main]) started.
[        ] :gradle:classes (Thread[#42487,Execution worker Thread 23,5,main]) started.
[        ] > Task :gradle:classes UP-TO-DATE
[        ] Skipping task ':gradle:classes' as it has no actions.
[        ] Resolve mutations for :gradle:jar (Thread[#42487,Execution worker Thread 23,5,main]) started.
[        ] :gradle:jar (Thread[#42487,Execution worker Thread 23,5,main]) started.
[        ] > Task :gradle:jar UP-TO-DATE
[        ] Caching disabled for task ':gradle:jar' because:
[        ]   Build cache is disabled
[        ]   Not worth caching
[        ] Skipping task ':gradle:jar' as it is up-to-date.
[        ] Settings evaluated using settings file '/Users/florian/Code/substitution/android/settings.gradle'.
[        ] Projects loaded. Root project using build file '/Users/florian/Code/substitution/android/build.gradle'.
[        ] Included projects: [root project 'android', project ':app', project ':connectivity_plus', project ':emoji_picker_flutter', project ':file_selector_android', project ':flutter_keyboard_visibility_temp_fork', project ':flutter_native_splash', project ':flutter_olm', project ':flutter_openssl_crypto', project ':integration_test', project ':path_provider_android', project ':quill_native_bridge_android', project ':shared_preferences_android', project ':sqflite_android', project ':url_launcher_android', project ':video_player_android']
[  +92 ms] > Configure project :app
[        ] Evaluating project ':app' using build file '/Users/florian/Code/substitution/android/app/build.gradle'.
[        ] Resolved plugin [id: 'com.android.application']
[        ] Resolved plugin [id: 'kotlin-android']
[        ] Resolved plugin [id: 'dev.flutter.flutter-gradle-plugin']
[        ] Using default execution profile
[        ] Using Kotlin Gradle Plugin gradle85 variant
[        ] C/C++: android.ndkVersion from module build.gradle is [28.2.13676358]
[        ] C/C++: android.ndkPath from module build.gradle is not set
[        ] C/C++: ndk.dir in local.properties is not set
[        ] C/C++: Not considering ANDROID_NDK_HOME because support was removed after deprecation period.
[        ] C/C++: sdkFolder is /Users/florian/Library/Android/sdk
[        ] C/C++: android.ndkVersion from module build.gradle is [28.2.13676358]
[        ] C/C++: android.ndkPath from module build.gradle is not set
[        ] C/C++: ndk.dir in local.properties is not set
[        ] C/C++: Not considering ANDROID_NDK_HOME because support was removed after deprecation period.
[        ] C/C++: sdkFolder is /Users/florian/Library/Android/sdk
[        ] C/C++: android.ndkVersion from module build.gradle is [28.2.13676358]
[        ] C/C++: android.ndkPath from module build.gradle is not set
[        ] C/C++: ndk.dir in local.properties is not set
[        ] C/C++: Not considering ANDROID_NDK_HOME because support was removed after deprecation period.
[        ] C/C++: sdkFolder is /Users/florian/Library/Android/sdk
[        ] C/C++: android.ndkVersion from module build.gradle is [28.2.13676358]
[        ] C/C++: android.ndkPath from module build.gradle is not set
[        ] C/C++: ndk.dir in local.properties is not set
[        ] C/C++: Not considering ANDROID_NDK_HOME because support was removed after deprecation period.
[        ] C/C++: sdkFolder is /Users/florian/Library/Android/sdk
[        ] C/C++: android.ndkVersion from module build.gradle is [28.2.13676358]
[        ] C/C++: android.ndkPath from module build.gradle is not set
[        ] C/C++: ndk.dir in local.properties is not set
[        ] C/C++: Not considering ANDROID_NDK_HOME because support was removed after deprecation period.
[        ] C/C++: sdkFolder is /Users/florian/Library/Android/sdk
[        ] C/C++: android.ndkVersion from module build.gradle is [28.2.13676358]
[        ] C/C++: android.ndkPath from module build.gradle is not set
[        ] C/C++: ndk.dir in local.properties is not set
[        ] C/C++: Not considering ANDROID_NDK_HOME because support was removed after deprecation period.
[        ] C/C++: sdkFolder is /Users/florian/Library/Android/sdk
[        ] C/C++: android.ndkVersion from module build.gradle is [28.2.13676358]
[        ] C/C++: android.ndkPath from module build.gradle is not set
[        ] C/C++: ndk.dir in local.properties is not set
[        ] C/C++: Not considering ANDROID_NDK_HOME because support was removed after deprecation period.
[        ] C/C++: sdkFolder is /Users/florian/Library/Android/sdk
[        ] C/C++: android.ndkVersion from module build.gradle is [28.2.13676358]
[        ] C/C++: android.ndkPath from module build.gradle is not set
[        ] C/C++: ndk.dir in local.properties is not set
[        ] C/C++: Not considering ANDROID_NDK_HOME because support was removed after deprecation period.
[        ] C/C++: sdkFolder is /Users/florian/Library/Android/sdk
[        ] C/C++: android.ndkVersion from module build.gradle is [28.2.13676358]
[        ] C/C++: android.ndkPath from module build.gradle is not set
[        ] C/C++: ndk.dir in local.properties is not set
[        ] C/C++: Not considering ANDROID_NDK_HOME because support was removed after deprecation period.
[        ] C/C++: sdkFolder is /Users/florian/Library/Android/sdk
[        ] C/C++: android.ndkVersion from module build.gradle is [28.2.13676358]
[        ] C/C++: android.ndkPath from module build.gradle is not set
[        ] C/C++: ndk.dir in local.properties is not set
[        ] C/C++: Not considering ANDROID_NDK_HOME because support was removed after deprecation period.
[        ] C/C++: sdkFolder is /Users/florian/Library/Android/sdk
[        ] C/C++: android.ndkVersion from module build.gradle is [28.2.13676358]
[        ] C/C++: android.ndkPath from module build.gradle is not set
[        ] C/C++: ndk.dir in local.properties is not set
[        ] C/C++: Not considering ANDROID_NDK_HOME because support was removed after deprecation period.
[        ] C/C++: sdkFolder is /Users/florian/Library/Android/sdk
[        ] C/C++: android.ndkVersion from module build.gradle is [28.2.13676358]
[        ] C/C++: android.ndkPath from module build.gradle is not set
[        ] C/C++: ndk.dir in local.properties is not set
[        ] C/C++: Not considering ANDROID_NDK_HOME because support was removed after deprecation period.
[        ] C/C++: sdkFolder is /Users/florian/Library/Android/sdk
[        ] C/C++: android.ndkVersion from module build.gradle is [28.2.13676358]
[        ] C/C++: android.ndkPath from module build.gradle is not set
[        ] C/C++: ndk.dir in local.properties is not set
[        ] C/C++: Not considering ANDROID_NDK_HOME because support was removed after deprecation period.
[        ] C/C++: sdkFolder is /Users/florian/Library/Android/sdk
[        ] C/C++: android.ndkVersion from module build.gradle is [28.2.13676358]
[        ] C/C++: android.ndkPath from module build.gradle is not set
[        ] C/C++: ndk.dir in local.properties is not set
[        ] C/C++: Not considering ANDROID_NDK_HOME because support was removed after deprecation period.
[        ] C/C++: sdkFolder is /Users/florian/Library/Android/sdk
[        ] C/C++: android.ndkVersion from module build.gradle is [28.2.13676358]
[        ] C/C++: android.ndkPath from module build.gradle is not set
[        ] C/C++: ndk.dir in local.properties is not set
[        ] C/C++: Not considering ANDROID_NDK_HOME because support was removed after deprecation period.
[        ] C/C++: sdkFolder is /Users/florian/Library/Android/sdk
[        ] C/C++: android.ndkVersion from module build.gradle is [28.2.13676358]
[        ] C/C++: android.ndkPath from module build.gradle is not set
[        ] C/C++: ndk.dir in local.properties is not set
[        ] C/C++: Not considering ANDROID_NDK_HOME because support was removed after deprecation period.
[        ] C/C++: sdkFolder is /Users/florian/Library/Android/sdk
[        ] C/C++: android.ndkVersion from module build.gradle is [28.2.13676358]
[        ] C/C++: android.ndkPath from module build.gradle is not set
[        ] C/C++: ndk.dir in local.properties is not set
[        ] C/C++: Not considering ANDROID_NDK_HOME because support was removed after deprecation period.
[        ] C/C++: sdkFolder is /Users/florian/Library/Android/sdk
[        ] C/C++: android.ndkVersion from module build.gradle is [28.2.13676358]
[        ] C/C++: android.ndkPath from module build.gradle is not set
[        ] C/C++: ndk.dir in local.properties is not set
[        ] C/C++: Not considering ANDROID_NDK_HOME because support was removed after deprecation period.
[        ] C/C++: sdkFolder is /Users/florian/Library/Android/sdk
[        ] C/C++: android.ndkVersion from module build.gradle is [28.2.13676358]
[        ] C/C++: android.ndkPath from module build.gradle is not set
[        ] C/C++: ndk.dir in local.properties is not set
[        ] C/C++: Not considering ANDROID_NDK_HOME because support was removed after deprecation period.
[        ] C/C++: sdkFolder is /Users/florian/Library/Android/sdk
[        ] > Configure project :
[        ] Evaluating root project 'android' using build file '/Users/florian/Code/substitution/android/build.gradle'.
[        ] > Configure project :connectivity_plus
[        ] Evaluating project ':connectivity_plus' using build file '/Users/florian/.pub-cache/hosted/pub.dev/connectivity_plus-5.0.2/android/build.gradle'.
[        ] Using default execution profile
[        ] > Configure project :emoji_picker_flutter
[        ] Evaluating project ':emoji_picker_flutter' using build file '/Users/florian/.pub-cache/hosted/pub.dev/emoji_picker_flutter-4.4.0/android/build.gradle'.
[        ] Using default execution profile
[        ] Using Kotlin Gradle Plugin gradle85 variant
[  +98 ms] > Configure project :file_selector_android
[        ] Evaluating project ':file_selector_android' using build file '/Users/florian/.pub-cache/hosted/pub.dev/file_selector_android-0.5.2+4/android/build.gradle'.
[        ] Using default execution profile
[        ] > Configure project :flutter_keyboard_visibility_temp_fork
[        ] Evaluating project ':flutter_keyboard_visibility_temp_fork' using build file '/Users/florian/.pub-cache/hosted/pub.dev/flutter_keyboard_visibility_temp_fork-0.1.5/android/build.gradle'.
[        ] Using default execution profile
[        ] > Configure project :flutter_native_splash
[        ] Evaluating project ':flutter_native_splash' using build file '/Users/florian/.pub-cache/hosted/pub.dev/flutter_native_splash-2.4.7/android/build.gradle'.
[        ] Using default execution profile
[        ] > Configure project :flutter_olm
[        ] Evaluating project ':flutter_olm' using build file '/Users/florian/.pub-cache/hosted/pub.dev/flutter_olm-2.0.0/android/build.gradle'.
[        ] Using default execution profile
[        ] Using Kotlin Gradle Plugin gradle85 variant
[        ] C/C++: android.ndkVersion from module build.gradle is [27.0.12077973]
[        ] C/C++: android.ndkPath from module build.gradle is not set
[        ] C/C++: ndk.dir in local.properties is not set
[        ] C/C++: Not considering ANDROID_NDK_HOME because support was removed after deprecation period.
[        ] C/C++: sdkFolder is /Users/florian/Library/Android/sdk
[        ] C/C++: android.ndkVersion from module build.gradle is [27.0.12077973]
[        ] C/C++: android.ndkPath from module build.gradle is not set
[        ] C/C++: ndk.dir in local.properties is not set
[        ] C/C++: Not considering ANDROID_NDK_HOME because support was removed after deprecation period.
[        ] C/C++: sdkFolder is /Users/florian/Library/Android/sdk
[        ] C/C++: android.ndkVersion from module build.gradle is [27.0.12077973]
[        ] C/C++: android.ndkPath from module build.gradle is not set
[        ] C/C++: ndk.dir in local.properties is not set
[        ] C/C++: Not considering ANDROID_NDK_HOME because support was removed after deprecation period.
[        ] C/C++: sdkFolder is /Users/florian/Library/Android/sdk
[        ] C/C++: android.ndkVersion from module build.gradle is [27.0.12077973]
[        ] C/C++: android.ndkPath from module build.gradle is not set
[        ] C/C++: ndk.dir in local.properties is not set
[        ] C/C++: Not considering ANDROID_NDK_HOME because support was removed after deprecation period.
[        ] C/C++: sdkFolder is /Users/florian/Library/Android/sdk
[        ] C/C++: android.ndkVersion from module build.gradle is [27.0.12077973]
[        ] C/C++: android.ndkPath from module build.gradle is not set
[        ] C/C++: ndk.dir in local.properties is not set
[        ] C/C++: Not considering ANDROID_NDK_HOME because support was removed after deprecation period.
[        ] C/C++: sdkFolder is /Users/florian/Library/Android/sdk
[        ] C/C++: android.ndkVersion from module build.gradle is [27.0.12077973]
[        ] C/C++: android.ndkPath from module build.gradle is not set
[        ] C/C++: ndk.dir in local.properties is not set
[        ] C/C++: Not considering ANDROID_NDK_HOME because support was removed after deprecation period.
[        ] C/C++: sdkFolder is /Users/florian/Library/Android/sdk
[        ] C/C++: android.ndkVersion from module build.gradle is [27.0.12077973]
[        ] C/C++: android.ndkPath from module build.gradle is not set
[        ] C/C++: ndk.dir in local.properties is not set
[        ] C/C++: Not considering ANDROID_NDK_HOME because support was removed after deprecation period.
[        ] C/C++: sdkFolder is /Users/florian/Library/Android/sdk
[        ] C/C++: android.ndkVersion from module build.gradle is [27.0.12077973]
[        ] C/C++: android.ndkPath from module build.gradle is not set
[        ] C/C++: ndk.dir in local.properties is not set
[        ] C/C++: Not considering ANDROID_NDK_HOME because support was removed after deprecation period.
[        ] C/C++: sdkFolder is /Users/florian/Library/Android/sdk
[        ] C/C++: android.ndkVersion from module build.gradle is [27.0.12077973]
[        ] C/C++: android.ndkPath from module build.gradle is not set
[        ] C/C++: ndk.dir in local.properties is not set
[        ] C/C++: Not considering ANDROID_NDK_HOME because support was removed after deprecation period.
[        ] C/C++: sdkFolder is /Users/florian/Library/Android/sdk
[        ] C/C++: android.ndkVersion from module build.gradle is [27.0.12077973]
[        ] C/C++: android.ndkPath from module build.gradle is not set
[        ] C/C++: ndk.dir in local.properties is not set
[        ] C/C++: Not considering ANDROID_NDK_HOME because support was removed after deprecation period.
[        ] C/C++: sdkFolder is /Users/florian/Library/Android/sdk
[        ] C/C++: android.ndkVersion from module build.gradle is [27.0.12077973]
[        ] C/C++: android.ndkPath from module build.gradle is not set
[        ] C/C++: ndk.dir in local.properties is not set
[        ] C/C++: Not considering ANDROID_NDK_HOME because support was removed after deprecation period.
[        ] C/C++: sdkFolder is /Users/florian/Library/Android/sdk
[        ] C/C++: android.ndkVersion from module build.gradle is [27.0.12077973]
[        ] C/C++: android.ndkPath from module build.gradle is not set
[        ] C/C++: ndk.dir in local.properties is not set
[        ] C/C++: Not considering ANDROID_NDK_HOME because support was removed after deprecation period.
[        ] C/C++: sdkFolder is /Users/florian/Library/Android/sdk
[        ] C/C++: android.ndkVersion from module build.gradle is [27.0.12077973]
[        ] C/C++: android.ndkPath from module build.gradle is not set
[        ] C/C++: ndk.dir in local.properties is not set
[        ] C/C++: Not considering ANDROID_NDK_HOME because support was removed after deprecation period.
[        ] C/C++: sdkFolder is /Users/florian/Library/Android/sdk
[        ] C/C++: android.ndkVersion from module build.gradle is [27.0.12077973]
[        ] C/C++: android.ndkPath from module build.gradle is not set
[        ] C/C++: ndk.dir in local.properties is not set
[        ] C/C++: Not considering ANDROID_NDK_HOME because support was removed after deprecation period.
[        ] C/C++: sdkFolder is /Users/florian/Library/Android/sdk
[        ] C/C++: android.ndkVersion from module build.gradle is [27.0.12077973]
[        ] C/C++: android.ndkPath from module build.gradle is not set
[        ] C/C++: ndk.dir in local.properties is not set
[        ] C/C++: Not considering ANDROID_NDK_HOME because support was removed after deprecation period.
[        ] C/C++: sdkFolder is /Users/florian/Library/Android/sdk
[        ] C/C++: android.ndkVersion from module build.gradle is [27.0.12077973]
[        ] C/C++: android.ndkPath from module build.gradle is not set
[        ] C/C++: ndk.dir in local.properties is not set
[        ] C/C++: Not considering ANDROID_NDK_HOME because support was removed after deprecation period.
[        ] C/C++: sdkFolder is /Users/florian/Library/Android/sdk
[        ] C/C++: android.ndkVersion from module build.gradle is [27.0.12077973]
[        ] C/C++: android.ndkPath from module build.gradle is not set
[        ] C/C++: ndk.dir in local.properties is not set
[        ] C/C++: Not considering ANDROID_NDK_HOME because support was removed after deprecation period.
[        ] C/C++: sdkFolder is /Users/florian/Library/Android/sdk
[        ] C/C++: android.ndkVersion from module build.gradle is [27.0.12077973]
[        ] C/C++: android.ndkPath from module build.gradle is not set
[        ] C/C++: ndk.dir in local.properties is not set
[        ] C/C++: Not considering ANDROID_NDK_HOME because support was removed after deprecation period.
[        ] C/C++: sdkFolder is /Users/florian/Library/Android/sdk
[        ] C/C++: android.ndkVersion from module build.gradle is [27.0.12077973]
[        ] C/C++: android.ndkPath from module build.gradle is not set
[        ] C/C++: ndk.dir in local.properties is not set
[        ] C/C++: Not considering ANDROID_NDK_HOME because support was removed after deprecation period.
[        ] C/C++: sdkFolder is /Users/florian/Library/Android/sdk
[        ] > Configure project :flutter_openssl_crypto
[        ] Evaluating project ':flutter_openssl_crypto' using build file '/Users/florian/.pub-cache/hosted/pub.dev/flutter_openssl_crypto-0.5.0/android/build.gradle'.
[        ] Using default execution profile
[        ] Using Kotlin Gradle Plugin gradle85 variant
[        ] C/C++: android.ndkVersion from module build.gradle is [27.0.12077973]
[        ] C/C++: android.ndkPath from module build.gradle is not set
[        ] C/C++: ndk.dir in local.properties is not set
[        ] C/C++: Not considering ANDROID_NDK_HOME because support was removed after deprecation period.
[        ] C/C++: sdkFolder is /Users/florian/Library/Android/sdk
[        ] C/C++: android.ndkVersion from module build.gradle is [27.0.12077973]
[        ] C/C++: android.ndkPath from module build.gradle is not set
[        ] C/C++: ndk.dir in local.properties is not set
[        ] C/C++: Not considering ANDROID_NDK_HOME because support was removed after deprecation period.
[        ] C/C++: sdkFolder is /Users/florian/Library/Android/sdk
[        ] C/C++: android.ndkVersion from module build.gradle is [27.0.12077973]
[        ] C/C++: android.ndkPath from module build.gradle is not set
[        ] C/C++: ndk.dir in local.properties is not set
[        ] C/C++: Not considering ANDROID_NDK_HOME because support was removed after deprecation period.
[        ] C/C++: sdkFolder is /Users/florian/Library/Android/sdk
[        ] C/C++: android.ndkVersion from module build.gradle is [27.0.12077973]
[        ] C/C++: android.ndkPath from module build.gradle is not set
[        ] C/C++: ndk.dir in local.properties is not set
[        ] C/C++: Not considering ANDROID_NDK_HOME because support was removed after deprecation period.
[        ] C/C++: sdkFolder is /Users/florian/Library/Android/sdk
[        ] C/C++: android.ndkVersion from module build.gradle is [27.0.12077973]
[        ] C/C++: android.ndkPath from module build.gradle is not set
[        ] C/C++: ndk.dir in local.properties is not set
[        ] C/C++: Not considering ANDROID_NDK_HOME because support was removed after deprecation period.
[        ] C/C++: sdkFolder is /Users/florian/Library/Android/sdk
[        ] C/C++: android.ndkVersion from module build.gradle is [27.0.12077973]
[        ] C/C++: android.ndkPath from module build.gradle is not set
[        ] C/C++: ndk.dir in local.properties is not set
[        ] C/C++: Not considering ANDROID_NDK_HOME because support was removed after deprecation period.
[        ] C/C++: sdkFolder is /Users/florian/Library/Android/sdk
[        ] C/C++: android.ndkVersion from module build.gradle is [27.0.12077973]
[        ] C/C++: android.ndkPath from module build.gradle is not set
[        ] C/C++: ndk.dir in local.properties is not set
[        ] C/C++: Not considering ANDROID_NDK_HOME because support was removed after deprecation period.
[        ] C/C++: sdkFolder is /Users/florian/Library/Android/sdk
[        ] C/C++: android.ndkVersion from module build.gradle is [27.0.12077973]
[        ] C/C++: android.ndkPath from module build.gradle is not set
[        ] C/C++: ndk.dir in local.properties is not set
[        ] C/C++: Not considering ANDROID_NDK_HOME because support was removed after deprecation period.
[        ] C/C++: sdkFolder is /Users/florian/Library/Android/sdk
[        ] C/C++: android.ndkVersion from module build.gradle is [27.0.12077973]
[        ] C/C++: android.ndkPath from module build.gradle is not set
[        ] C/C++: ndk.dir in local.properties is not set
[        ] C/C++: Not considering ANDROID_NDK_HOME because support was removed after deprecation period.
[        ] C/C++: sdkFolder is /Users/florian/Library/Android/sdk
[        ] C/C++: android.ndkVersion from module build.gradle is [27.0.12077973]
[        ] C/C++: android.ndkPath from module build.gradle is not set
[        ] C/C++: ndk.dir in local.properties is not set
[        ] C/C++: Not considering ANDROID_NDK_HOME because support was removed after deprecation period.
[        ] C/C++: sdkFolder is /Users/florian/Library/Android/sdk
[        ] C/C++: android.ndkVersion from module build.gradle is [27.0.12077973]
[        ] C/C++: android.ndkPath from module build.gradle is not set
[        ] C/C++: ndk.dir in local.properties is not set
[        ] C/C++: Not considering ANDROID_NDK_HOME because support was removed after deprecation period.
[        ] C/C++: sdkFolder is /Users/florian/Library/Android/sdk
[        ] C/C++: android.ndkVersion from module build.gradle is [27.0.12077973]
[        ] C/C++: android.ndkPath from module build.gradle is not set
[        ] C/C++: ndk.dir in local.properties is not set
[        ] C/C++: Not considering ANDROID_NDK_HOME because support was removed after deprecation period.
[        ] C/C++: sdkFolder is /Users/florian/Library/Android/sdk
[        ] C/C++: android.ndkVersion from module build.gradle is [27.0.12077973]
[        ] C/C++: android.ndkPath from module build.gradle is not set
[        ] C/C++: ndk.dir in local.properties is not set
[        ] C/C++: Not considering ANDROID_NDK_HOME because support was removed after deprecation period.
[        ] C/C++: sdkFolder is /Users/florian/Library/Android/sdk
[        ] C/C++: android.ndkVersion from module build.gradle is [27.0.12077973]
[        ] C/C++: android.ndkPath from module build.gradle is not set
[        ] C/C++: ndk.dir in local.properties is not set
[        ] C/C++: Not considering ANDROID_NDK_HOME because support was removed after deprecation period.
[        ] C/C++: sdkFolder is /Users/florian/Library/Android/sdk
[        ] C/C++: android.ndkVersion from module build.gradle is [27.0.12077973]
[        ] C/C++: android.ndkPath from module build.gradle is not set
[        ] C/C++: ndk.dir in local.properties is not set
[        ] C/C++: Not considering ANDROID_NDK_HOME because support was removed after deprecation period.
[        ] C/C++: sdkFolder is /Users/florian/Library/Android/sdk
[        ] C/C++: android.ndkVersion from module build.gradle is [27.0.12077973]
[        ] C/C++: android.ndkPath from module build.gradle is not set
[        ] C/C++: ndk.dir in local.properties is not set
[        ] C/C++: Not considering ANDROID_NDK_HOME because support was removed after deprecation period.
[        ] C/C++: sdkFolder is /Users/florian/Library/Android/sdk
[        ] C/C++: android.ndkVersion from module build.gradle is [27.0.12077973]
[        ] C/C++: android.ndkPath from module build.gradle is not set
[        ] C/C++: ndk.dir in local.properties is not set
[        ] C/C++: Not considering ANDROID_NDK_HOME because support was removed after deprecation period.
[        ] C/C++: sdkFolder is /Users/florian/Library/Android/sdk
[        ] C/C++: android.ndkVersion from module build.gradle is [27.0.12077973]
[        ] C/C++: android.ndkPath from module build.gradle is not set
[        ] C/C++: ndk.dir in local.properties is not set
[        ] C/C++: Not considering ANDROID_NDK_HOME because support was removed after deprecation period.
[        ] C/C++: sdkFolder is /Users/florian/Library/Android/sdk
[        ] C/C++: android.ndkVersion from module build.gradle is [27.0.12077973]
[        ] C/C++: android.ndkPath from module build.gradle is not set
[        ] C/C++: ndk.dir in local.properties is not set
[        ] C/C++: Not considering ANDROID_NDK_HOME because support was removed after deprecation period.
[        ] C/C++: sdkFolder is /Users/florian/Library/Android/sdk
[  +94 ms] > Configure project :integration_test
[        ] Evaluating project ':integration_test' using build file '/opt/homebrew/share/flutter/packages/integration_test/android/build.gradle.kts'.
[        ] Resolved plugin [id: 'com.android.library']
[        ] Using default execution profile
[        ] > Configure project :path_provider_android
[        ] Evaluating project ':path_provider_android' using build file '/Users/florian/.pub-cache/hosted/pub.dev/path_provider_android-2.2.22/android/build.gradle'.
[        ] Using default execution profile
[        ] > Configure project :quill_native_bridge_android
[        ] Evaluating project ':quill_native_bridge_android' using build file '/Users/florian/.pub-cache/hosted/pub.dev/quill_native_bridge_android-0.0.1+2/android/build.gradle'.
[        ] Using default execution profile
[        ] Using Kotlin Gradle Plugin gradle85 variant
[        ] > Configure project :shared_preferences_android
[        ] Evaluating project ':shared_preferences_android' using build file '/Users/florian/.pub-cache/hosted/pub.dev/shared_preferences_android-2.4.20/android/build.gradle'.
[        ] Using default execution profile
[        ] Using Kotlin Gradle Plugin gradle85 variant
[        ] > Configure project :sqflite_android
[        ] Evaluating project ':sqflite_android' using build file '/Users/florian/.pub-cache/hosted/pub.dev/sqflite_android-2.4.2+2/android/build.gradle'.
[        ] Using default execution profile
[        ] > Configure project :url_launcher_android
[        ] Evaluating project ':url_launcher_android' using build file '/Users/florian/.pub-cache/hosted/pub.dev/url_launcher_android-6.3.28/android/build.gradle'.
[        ] Using default execution profile
13:40 +10 -30: loading /Users/florian/Code/substitution/integration_test/profile_view_test.dart                                                                                                        [ +101 ms] > Configure project :video_player_android
[        ] Evaluating project ':video_player_android' using build file '/Users/florian/.pub-cache/hosted/pub.dev/video_player_android-2.9.1/android/build.gradle'.
[        ] Using default execution profile
[        ] Using Kotlin Gradle Plugin gradle85 variant
[        ] All projects evaluated.
[        ] Task name matched 'assembleDebug'
[        ] Selected primary task 'assembleDebug' from project :
[        ] Adding -Xuse-inline-scopes-numbers Kotlin compiler flag for task :app:compileDebugKotlin
[   +2 ms] Tasks to be executed: [task ':app:preBuild', task ':app:preDebugBuild', task ':app:mergeDebugNativeDebugMetadata', task ':app:checkKotlinGradlePluginConfigurationErrors', task ':app:compileFlutterBuildDebug', task ':app:packJniLibsflutterBuildDebug', task ':connectivity_plus:preBuild', task ':connectivity_plus:preDebugBuild', task ':connectivity_plus:writeDebugAarMetadata', task ':emoji_picker_flutter:preBuild', task ':emoji_picker_flutter:preDebugBuild', task ':emoji_picker_flutter:writeDebugAarMetadata', task ':file_selector_android:preBuild', task ':file_selector_android:preDebugBuild', task ':file_selector_android:writeDebugAarMetadata', task ':flutter_keyboard_visibility_temp_fork:preBuild', task ':flutter_keyboard_visibility_temp_fork:preDebugBuild', task ':flutter_keyboard_visibility_temp_fork:writeDebugAarMetadata', task ':flutter_native_splash:preBuild', task ':flutter_native_splash:preDebugBuild', task ':flutter_native_splash:writeDebugAarMetadata', task ':flutter_olm:preBuild', task ':flutter_olm:preDebugBuild', task ':flutter_olm:writeDebugAarMetadata', task ':flutter_openssl_crypto:preBuild', task ':flutter_openssl_crypto:preDebugBuild', task ':flutter_openssl_crypto:writeDebugAarMetadata', task ':integration_test:preBuild', task ':integration_test:preDebugBuild', task ':integration_test:writeDebugAarMetadata', task ':path_provider_android:preBuild', task ':path_provider_android:preDebugBuild', task ':path_provider_android:writeDebugAarMetadata', task ':quill_native_bridge_android:preBuild', task ':quill_native_bridge_android:preDebugBuild', task ':quill_native_bridge_android:writeDebugAarMetadata', task ':shared_preferences_android:preBuild', task ':shared_preferences_android:preDebugBuild', task ':shared_preferences_android:writeDebugAarMetadata', task ':sqflite_android:preBuild', task ':sqflite_android:preDebugBuild', task ':sqflite_android:writeDebugAarMetadata', task ':url_launcher_android:preBuild', task ':url_launcher_android:preDebugBuild', task ':url_launcher_android:writeDebugAarMetadata', task ':video_player_android:preBuild', task ':video_player_android:preDebugBuild', task ':video_player_android:writeDebugAarMetadata', task ':app:checkDebugAarMetadata', task ':app:cleanMergeDebugAssets', task ':app:mergeDebugShaders', task ':app:compileDebugShaders', task ':app:generateDebugAssets', task ':connectivity_plus:mergeDebugShaders', task ':connectivity_plus:compileDebugShaders', task ':connectivity_plus:generateDebugAssets', task ':connectivity_plus:mergeDebugAssets', task ':emoji_picker_flutter:mergeDebugShaders', task ':emoji_picker_flutter:compileDebugShaders', task ':emoji_picker_flutter:generateDebugAssets', task ':emoji_picker_flutter:mergeDebugAssets', task ':file_selector_android:mergeDebugShaders', task ':file_selector_android:compileDebugShaders', task ':file_selector_android:generateDebugAssets', task ':file_selector_android:mergeDebugAssets', task ':flutter_keyboard_visibility_temp_fork:mergeDebugShaders', task ':flutter_keyboard_visibility_temp_fork:compileDebugShaders', task ':flutter_keyboard_visibility_temp_fork:generateDebugAssets', task ':flutter_keyboard_visibility_temp_fork:mergeDebugAssets', task ':flutter_native_splash:mergeDebugShaders', task ':flutter_native_splash:compileDebugShaders', task ':flutter_native_splash:generateDebugAssets', task ':flutter_native_splash:mergeDebugAssets', task ':flutter_olm:mergeDebugShaders', task ':flutter_olm:compileDebugShaders', task ':flutter_olm:generateDebugAssets', task ':flutter_olm:mergeDebugAssets', task ':flutter_openssl_crypto:mergeDebugShaders', task ':flutter_openssl_crypto:compileDebugShaders', task ':flutter_openssl_crypto:generateDebugAssets', task ':flutter_openssl_crypto:mergeDebugAssets', task ':integration_test:mergeDebugShaders', task ':integration_test:compileDebugShaders', task ':integration_test:generateDebugAssets', task ':integration_test:mergeDebugAssets', task ':path_provider_android:mergeDebugShaders', task ':path_provider_android:compileDebugShaders', task ':path_provider_android:generateDebugAssets', task ':path_provider_android:mergeDebugAssets', task ':quill_native_bridge_android:mergeDebugShaders', task ':quill_native_bridge_android:compileDebugShaders', task ':quill_native_bridge_android:generateDebugAssets', task ':quill_native_bridge_android:mergeDebugAssets', task ':shared_preferences_android:mergeDebugShaders', task ':shared_preferences_android:compileDebugShaders', task ':shared_preferences_android:generateDebugAssets', task ':shared_preferences_android:mergeDebugAssets', task ':sqflite_android:mergeDebugShaders', task ':sqflite_android:compileDebugShaders', task ':sqflite_android:generateDebugAssets', task ':sqflite_android:mergeDebugAssets', task ':url_launcher_android:mergeDebugShaders', task ':url_launcher_android:compileDebugShaders', task ':url_launcher_android:generateDebugAssets', task ':url_launcher_android:mergeDebugAssets', task ':video_player_android:mergeDebugShaders', task ':video_player_android:compileDebugShaders', task ':video_player_android:generateDebugAssets', task ':video_player_android:mergeDebugAssets', task ':app:mergeDebugAssets', task ':app:copyFlutterAssetsDebug', task ':app:generateDebugResValues', task ':connectivity_plus:generateDebugResValues', task ':connectivity_plus:generateDebugResources', task ':connectivity_plus:packageDebugResources', task ':emoji_picker_flutter:generateDebugResValues', task ':emoji_picker_flutter:generateDebugResources', task ':emoji_picker_flutter:packageDebugResources', task ':file_selector_android:generateDebugResValues', task ':file_selector_android:generateDebugResources', task ':file_selector_android:packageDebugResources', task ':flutter_keyboard_visibility_temp_fork:generateDebugResValues', task ':flutter_keyboard_visibility_temp_fork:generateDebugResources', task ':flutter_keyboard_visibility_temp_fork:packageDebugResources', task ':flutter_native_splash:generateDebugResValues', task ':flutter_native_splash:generateDebugResources', task ':flutter_native_splash:packageDebugResources', task ':flutter_olm:generateDebugResValues', task ':flutter_olm:generateDebugResources', task ':flutter_olm:packageDebugResources', task ':flutter_openssl_crypto:generateDebugResValues', task ':flutter_openssl_crypto:generateDebugResources', task ':flutter_openssl_crypto:packageDebugResources', task ':integration_test:generateDebugResValues', task ':integration_test:generateDebugResources', task ':integration_test:packageDebugResources', task ':path_provider_android:generateDebugResValues', task ':path_provider_android:generateDebugResources', task ':path_provider_android:packageDebugResources', task ':quill_native_bridge_android:generateDebugResValues', task ':quill_native_bridge_android:generateDebugResources', task ':quill_native_bridge_android:packageDebugResources', task ':shared_preferences_android:generateDebugResValues', task ':shared_preferences_android:generateDebugResources', task ':shared_preferences_android:packageDebugResources', task ':sqflite_android:generateDebugResValues', task ':sqflite_android:generateDebugResources', task ':sqflite_android:packageDebugResources', task ':url_launcher_android:generateDebugResValues', task ':url_launcher_android:generateDebugResources', task ':url_launcher_android:packageDebugResources', task ':video_player_android:generateDebugResValues', task ':video_player_android:generateDebugResources', task ':video_player_android:packageDebugResources', task ':app:mapDebugSourceSetPaths', task ':app:generateDebugResources', task ':app:mergeDebugResources', task ':app:packageDebugResources', task ':app:parseDebugLocalResources', task ':app:createDebugCompatibleScreenManifests', task ':app:extractDeepLinksDebug', task ':connectivity_plus:extractDeepLinksDebug', task ':connectivity_plus:processDebugManifest', task ':emoji_picker_flutter:extractDeepLinksDebug', task ':emoji_picker_flutter:processDebugManifest', task ':file_selector_android:extractDeepLinksDebug', task ':file_selector_android:processDebugManifest', task ':flutter_keyboard_visibility_temp_fork:extractDeepLinksDebug', task ':flutter_keyboard_visibility_temp_fork:processDebugManifest', task ':flutter_native_splash:extractDeepLinksDebug', task ':flutter_native_splash:processDebugManifest', task ':flutter_olm:extractDeepLinksDebug', task ':flutter_olm:processDebugManifest', task ':flutter_openssl_crypto:extractDeepLinksDebug', task ':flutter_openssl_crypto:processDebugManifest', task ':integration_test:extractDeepLinksDebug', task ':integration_test:processDebugManifest', task ':path_provider_android:extractDeepLinksDebug', task ':path_provider_android:processDebugManifest', task ':quill_native_bridge_android:extractDeepLinksDebug', task ':quill_native_bridge_android:processDebugManifest', task ':shared_preferences_android:extractDeepLinksDebug', task ':shared_preferences_android:processDebugManifest', task ':sqflite_android:extractDeepLinksDebug', task ':sqflite_android:processDebugManifest', task ':url_launcher_android:extractDeepLinksDebug', task ':url_launcher_android:processDebugManifest', task ':video_player_android:extractDeepLinksDebug', task ':video_player_android:processDebugManifest', task ':app:processDebugMainManifest', task ':app:outputDebugAppLinkSettings', task ':app:processDebugManifest', task ':app:processDebugManifestForPackage', task ':connectivity_plus:compileDebugLibraryResources', task ':connectivity_plus:parseDebugLocalResources', task ':connectivity_plus:generateDebugRFile', task ':emoji_picker_flutter:compileDebugLibraryResources', task ':emoji_picker_flutter:parseDebugLocalResources', task ':emoji_picker_flutter:generateDebugRFile', task ':file_selector_android:compileDebugLibraryResources', task ':file_selector_android:parseDebugLocalResources', task ':file_selector_android:generateDebugRFile', task ':flutter_keyboard_visibility_temp_fork:compileDebugLibraryResources', task ':flutter_keyboard_visibility_temp_fork:parseDebugLocalResources', task ':flutter_keyboard_visibility_temp_fork:generateDebugRFile', task ':flutter_native_splash:compileDebugLibraryResources', task ':flutter_native_splash:parseDebugLocalResources', task ':flutter_native_splash:generateDebugRFile', task ':flutter_olm:compileDebugLibraryResources', task ':flutter_olm:parseDebugLocalResources', task ':flutter_olm:generateDebugRFile', task ':flutter_openssl_crypto:compileDebugLibraryResources', task ':flutter_openssl_crypto:parseDebugLocalResources', task ':flutter_openssl_crypto:generateDebugRFile', task ':integration_test:compileDebugLibraryResources', task ':integration_test:parseDebugLocalResources', task ':integration_test:generateDebugRFile', task ':path_provider_android:compileDebugLibraryResources', task ':path_provider_android:parseDebugLocalResources', task ':path_provider_android:generateDebugRFile', task ':quill_native_bridge_android:compileDebugLibraryResources', task ':quill_native_bridge_android:parseDebugLocalResources', task ':quill_native_bridge_android:generateDebugRFile', task ':shared_preferences_android:compileDebugLibraryResources', task ':shared_preferences_android:parseDebugLocalResources', task ':shared_preferences_android:generateDebugRFile', task ':sqflite_android:compileDebugLibraryResources', task ':sqflite_android:parseDebugLocalResources', task ':sqflite_android:generateDebugRFile', task ':url_launcher_android:compileDebugLibraryResources', task ':url_launcher_android:parseDebugLocalResources', task ':url_launcher_android:generateDebugRFile', task ':video_player_android:compileDebugLibraryResources', task ':video_player_android:parseDebugLocalResources', task ':video_player_android:generateDebugRFile', task ':app:processDebugResources', task ':connectivity_plus:javaPreCompileDebug', task ':connectivity_plus:compileDebugJavaWithJavac', task ':connectivity_plus:bundleLibCompileToJarDebug', task ':emoji_picker_flutter:checkKotlinGradlePluginConfigurationErrors', task ':emoji_picker_flutter:compileDebugKotlin', task ':emoji_picker_flutter:javaPreCompileDebug', task ':emoji_picker_flutter:compileDebugJavaWithJavac', task ':emoji_picker_flutter:bundleLibCompileToJarDebug', task ':file_selector_android:javaPreCompileDebug', task ':file_selector_android:compileDebugJavaWithJavac', task ':file_selector_android:bundleLibCompileToJarDebug', task ':flutter_keyboard_visibility_temp_fork:javaPreCompileDebug', task ':flutter_keyboard_visibility_temp_fork:compileDebugJavaWithJavac', task ':flutter_keyboard_visibility_temp_fork:bundleLibCompileToJarDebug', task ':flutter_native_splash:javaPreCompileDebug', task ':flutter_native_splash:compileDebugJavaWithJavac', task ':flutter_native_splash:bundleLibCompileToJarDebug', task ':flutter_olm:checkKotlinGradlePluginConfigurationErrors', task ':flutter_olm:compileDebugKotlin', task ':flutter_olm:javaPreCompileDebug', task ':flutter_olm:compileDebugJavaWithJavac', task ':flutter_olm:bundleLibCompileToJarDebug', task ':flutter_openssl_crypto:checkKotlinGradlePluginConfigurationErrors', task ':flutter_openssl_crypto:compileDebugKotlin', task ':flutter_openssl_crypto:javaPreCompileDebug', task ':flutter_openssl_crypto:compileDebugJavaWithJavac', task ':flutter_openssl_crypto:bundleLibCompileToJarDebug', task ':integration_test:javaPreCompileDebug', task ':integration_test:compileDebugJavaWithJavac', task ':integration_test:bundleLibCompileToJarDebug', task ':path_provider_android:javaPreCompileDebug', task ':path_provider_android:compileDebugJavaWithJavac', task ':path_provider_android:bundleLibCompileToJarDebug', task ':quill_native_bridge_android:checkKotlinGradlePluginConfigurationErrors', task ':quill_native_bridge_android:compileDebugKotlin', task ':quill_native_bridge_android:javaPreCompileDebug', task ':quill_native_bridge_android:compileDebugJavaWithJavac', task ':quill_native_bridge_android:bundleLibCompileToJarDebug', task ':shared_preferences_android:checkKotlinGradlePluginConfigurationErrors', task ':shared_preferences_android:compileDebugKotlin', task ':shared_preferences_android:javaPreCompileDebug', task ':shared_preferences_android:compileDebugJavaWithJavac', task ':shared_preferences_android:bundleLibCompileToJarDebug', task ':sqflite_android:javaPreCompileDebug', task ':sqflite_android:compileDebugJavaWithJavac', task ':sqflite_android:bundleLibCompileToJarDebug', task ':url_launcher_android:generateDebugBuildConfig', task ':url_launcher_android:javaPreCompileDebug', task ':url_launcher_android:compileDebugJavaWithJavac', task ':url_launcher_android:bundleLibCompileToJarDebug', task ':video_player_android:checkKotlinGradlePluginConfigurationErrors', task ':video_player_android:compileDebugKotlin', task ':video_player_android:javaPreCompileDebug', task ':video_player_android:compileDebugJavaWithJavac', task ':video_player_android:bundleLibCompileToJarDebug', task ':app:compileDebugKotlin', task ':app:javaPreCompileDebug', task ':app:compileDebugJavaWithJavac', task ':app:compressDebugAssets', task ':app:processDebugJavaRes', task ':connectivity_plus:processDebugJavaRes', task ':emoji_picker_flutter:processDebugJavaRes', task ':file_selector_android:processDebugJavaRes', task ':flutter_keyboard_visibility_temp_fork:processDebugJavaRes', task ':flutter_native_splash:processDebugJavaRes', task ':flutter_olm:processDebugJavaRes', task ':flutter_openssl_crypto:processDebugJavaRes', task ':integration_test:processDebugJavaRes', task ':path_provider_android:processDebugJavaRes', task ':quill_native_bridge_android:processDebugJavaRes', task ':shared_preferences_android:processDebugJavaRes', task ':sqflite_android:processDebugJavaRes', task ':url_launcher_android:processDebugJavaRes', task ':video_player_android:processDebugJavaRes', task ':app:mergeDebugJavaResource', task ':app:checkDebugDuplicateClasses', task ':app:desugarDebugFileDependencies', task ':app:mergeExtDexDebug', task ':connectivity_plus:bundleLibRuntimeToDirDebug', task ':emoji_picker_flutter:bundleLibRuntimeToDirDebug', task ':file_selector_android:bundleLibRuntimeToDirDebug', task ':flutter_keyboard_visibility_temp_fork:bundleLibRuntimeToDirDebug', task ':flutter_native_splash:bundleLibRuntimeToDirDebug', task ':flutter_olm:bundleLibRuntimeToDirDebug', task ':flutter_openssl_crypto:bundleLibRuntimeToDirDebug', task ':integration_test:bundleLibRuntimeToDirDebug', task ':path_provider_android:bundleLibRuntimeToDirDebug', task ':quill_native_bridge_android:bundleLibRuntimeToDirDebug', task ':shared_preferences_android:bundleLibRuntimeToDirDebug', task ':sqflite_android:bundleLibRuntimeToDirDebug', task ':url_launcher_android:bundleLibRuntimeToDirDebug', task ':video_player_android:bundleLibRuntimeToDirDebug', task ':app:mergeLibDexDebug', task ':app:dexBuilderDebug', task ':app:mergeProjectDexDebug', task ':app:configureCMakeDebug[arm64-v8a]', task ':app:buildCMakeDebug[arm64-v8a]', task ':app:configureCMakeDebug[armeabi-v7a]', task ':app:buildCMakeDebug[armeabi-v7a]', task ':app:configureCMakeDebug[x86_64]', task ':app:buildCMakeDebug[x86_64]', task ':app:mergeDebugJniLibFolders', task ':connectivity_plus:mergeDebugJniLibFolders', task ':connectivity_plus:mergeDebugNativeLibs', task ':connectivity_plus:copyDebugJniLibsProjectOnly', task ':emoji_picker_flutter:mergeDebugJniLibFolders', task ':emoji_picker_flutter:mergeDebugNativeLibs', task ':emoji_picker_flutter:copyDebugJniLibsProjectOnly', task ':file_selector_android:mergeDebugJniLibFolders', task ':file_selector_android:mergeDebugNativeLibs', task ':file_selector_android:copyDebugJniLibsProjectOnly', task ':flutter_keyboard_visibility_temp_fork:mergeDebugJniLibFolders', task ':flutter_keyboard_visibility_temp_fork:mergeDebugNativeLibs', task ':flutter_keyboard_visibility_temp_fork:copyDebugJniLibsProjectOnly', task ':flutter_native_splash:mergeDebugJniLibFolders', task ':flutter_native_splash:mergeDebugNativeLibs', task ':flutter_native_splash:copyDebugJniLibsProjectOnly', task ':flutter_olm:preProfileBuild', task ':flutter_olm:configureCMakeDebug[arm64-v8a]', task ':flutter_olm:buildCMakeDebug[arm64-v8a]', task ':flutter_olm:configureCMakeDebug[armeabi-v7a]', task ':flutter_olm:buildCMakeDebug[armeabi-v7a]', task ':flutter_olm:configureCMakeDebug[x86]', task ':flutter_olm:buildCMakeDebug[x86]', task ':flutter_olm:configureCMakeDebug[x86_64]', task ':flutter_olm:buildCMakeDebug[x86_64]', task ':flutter_olm:mergeDebugJniLibFolders', task ':flutter_olm:mergeDebugNativeLibs', task ':flutter_olm:copyDebugJniLibsProjectOnly', task ':flutter_openssl_crypto:preProfileBuild', task ':flutter_openssl_crypto:configureCMakeDebug[arm64-v8a]', task ':flutter_openssl_crypto:buildCMakeDebug[arm64-v8a]', task ':flutter_openssl_crypto:configureCMakeDebug[armeabi-v7a]', task ':flutter_openssl_crypto:buildCMakeDebug[armeabi-v7a]', task ':flutter_openssl_crypto:configureCMakeDebug[x86]', task ':flutter_openssl_crypto:buildCMakeDebug[x86]', task ':flutter_openssl_crypto:configureCMakeDebug[x86_64]', task ':flutter_openssl_crypto:buildCMakeDebug[x86_64]', task ':flutter_openssl_crypto:mergeDebugJniLibFolders', task ':flutter_openssl_crypto:mergeDebugNativeLibs', task ':flutter_openssl_crypto:copyDebugJniLibsProjectOnly', task ':integration_test:mergeDebugJniLibFolders', task ':integration_test:mergeDebugNativeLibs', task ':integration_test:copyDebugJniLibsProjectOnly', task ':path_provider_android:mergeDebugJniLibFolders', task ':path_provider_android:mergeDebugNativeLibs', task ':path_provider_android:copyDebugJniLibsProjectOnly', task ':quill_native_bridge_android:mergeDebugJniLibFolders', task ':quill_native_bridge_android:mergeDebugNativeLibs', task ':quill_native_bridge_android:copyDebugJniLibsProjectOnly', task ':shared_preferences_android:mergeDebugJniLibFolders', task ':shared_preferences_android:mergeDebugNativeLibs', task ':shared_preferences_android:copyDebugJniLibsProjectOnly', task ':sqflite_android:mergeDebugJniLibFolders', task ':sqflite_android:mergeDebugNativeLibs', task ':sqflite_android:copyDebugJniLibsProjectOnly', task ':url_launcher_android:mergeDebugJniLibFolders', task ':url_launcher_android:mergeDebugNativeLibs', task ':url_launcher_android:copyDebugJniLibsProjectOnly', task ':video_player_android:mergeDebugJniLibFolders', task ':video_player_android:mergeDebugNativeLibs', task ':video_player_android:copyDebugJniLibsProjectOnly', task ':app:mergeDebugNativeLibs', task ':app:stripDebugDebugSymbols', task ':app:validateSigningDebug', task ':app:writeDebugAppMetadata', task ':app:writeDebugSigningConfigVersions', task ':app:packageDebug', task ':app:createDebugApkListingFileRedirect', task ':app:assembleDebug', task ':connectivity_plus:stripDebugDebugSymbols', task ':connectivity_plus:copyDebugJniLibsProjectAndLocalJars', task ':connectivity_plus:extractDebugAnnotations', task ':connectivity_plus:extractDeepLinksForAarDebug', task ':connectivity_plus:mergeDebugGeneratedProguardFiles', task ':connectivity_plus:mergeDebugConsumerProguardFiles', task ':connectivity_plus:prepareDebugArtProfile', task ':connectivity_plus:prepareLintJarForPublish', task ':connectivity_plus:mergeDebugJavaResource', task ':connectivity_plus:syncDebugLibJars', task ':connectivity_plus:bundleDebugAar', task ':connectivity_plus:assembleDebug', task ':emoji_picker_flutter:stripDebugDebugSymbols', task ':emoji_picker_flutter:copyDebugJniLibsProjectAndLocalJars', task ':emoji_picker_flutter:extractDebugAnnotations', task ':emoji_picker_flutter:extractDeepLinksForAarDebug', task ':emoji_picker_flutter:mergeDebugGeneratedProguardFiles', task ':emoji_picker_flutter:mergeDebugConsumerProguardFiles', task ':emoji_picker_flutter:prepareDebugArtProfile', task ':emoji_picker_flutter:prepareLintJarForPublish', task ':emoji_picker_flutter:mergeDebugJavaResource', task ':emoji_picker_flutter:syncDebugLibJars', task ':emoji_picker_flutter:bundleDebugAar', task ':emoji_picker_flutter:assembleDebug', task ':file_selector_android:stripDebugDebugSymbols', task ':file_selector_android:copyDebugJniLibsProjectAndLocalJars', task ':file_selector_android:extractDebugAnnotations', task ':file_selector_android:extractDeepLinksForAarDebug', task ':file_selector_android:mergeDebugGeneratedProguardFiles', task ':file_selector_android:mergeDebugConsumerProguardFiles', task ':file_selector_android:prepareDebugArtProfile', task ':file_selector_android:prepareLintJarForPublish', task ':file_selector_android:mergeDebugJavaResource', task ':file_selector_android:syncDebugLibJars', task ':file_selector_android:bundleDebugAar', task ':file_selector_android:assembleDebug', task ':flutter_keyboard_visibility_temp_fork:stripDebugDebugSymbols', task ':flutter_keyboard_visibility_temp_fork:copyDebugJniLibsProjectAndLocalJars', task ':flutter_keyboard_visibility_temp_fork:extractDebugAnnotations', task ':flutter_keyboard_visibility_temp_fork:extractDeepLinksForAarDebug', task ':flutter_keyboard_visibility_temp_fork:mergeDebugGeneratedProguardFiles', task ':flutter_keyboard_visibility_temp_fork:mergeDebugConsumerProguardFiles', task ':flutter_keyboard_visibility_temp_fork:prepareDebugArtProfile', task ':flutter_keyboard_visibility_temp_fork:prepareLintJarForPublish', task ':flutter_keyboard_visibility_temp_fork:mergeDebugJavaResource', task ':flutter_keyboard_visibility_temp_fork:syncDebugLibJars', task ':flutter_keyboard_visibility_temp_fork:bundleDebugAar', task ':flutter_keyboard_visibility_temp_fork:assembleDebug', task ':flutter_native_splash:stripDebugDebugSymbols', task ':flutter_native_splash:copyDebugJniLibsProjectAndLocalJars', task ':flutter_native_splash:extractDebugAnnotations', task ':flutter_native_splash:extractDeepLinksForAarDebug', task ':flutter_native_splash:mergeDebugGeneratedProguardFiles', task ':flutter_native_splash:mergeDebugConsumerProguardFiles', task ':flutter_native_splash:prepareDebugArtProfile', task ':flutter_native_splash:prepareLintJarForPublish', task ':flutter_native_splash:mergeDebugJavaResource', task ':flutter_native_splash:syncDebugLibJars', task ':flutter_native_splash:bundleDebugAar', task ':flutter_native_splash:assembleDebug', task ':flutter_olm:stripDebugDebugSymbols', task ':flutter_olm:copyDebugJniLibsProjectAndLocalJars', task ':flutter_olm:extractDebugAnnotations', task ':flutter_olm:extractDeepLinksForAarDebug', task ':flutter_olm:mergeDebugGeneratedProguardFiles', task ':flutter_olm:mergeDebugConsumerProguardFiles', task ':flutter_olm:prepareDebugArtProfile', task ':flutter_olm:prepareLintJarForPublish', task ':flutter_olm:mergeDebugJavaResource', task ':flutter_olm:syncDebugLibJars', task ':flutter_olm:bundleDebugAar', task ':flutter_olm:assembleDebug', task ':flutter_openssl_crypto:stripDebugDebugSymbols', task ':flutter_openssl_crypto:copyDebugJniLibsProjectAndLocalJars', task ':flutter_openssl_crypto:extractDebugAnnotations', task ':flutter_openssl_crypto:extractDeepLinksForAarDebug', task ':flutter_openssl_crypto:mergeDebugGeneratedProguardFiles', task ':flutter_openssl_crypto:mergeDebugConsumerProguardFiles', task ':flutter_openssl_crypto:prepareDebugArtProfile', task ':flutter_openssl_crypto:prepareLintJarForPublish', task ':flutter_openssl_crypto:mergeDebugJavaResource', task ':flutter_openssl_crypto:syncDebugLibJars', task ':flutter_openssl_crypto:bundleDebugAar', task ':flutter_openssl_crypto:assembleDebug', task ':integration_test:stripDebugDebugSymbols', task ':integration_test:copyDebugJniLibsProjectAndLocalJars', task ':integration_test:extractDebugAnnotations', task ':integration_test:extractDeepLinksForAarDebug', task ':integration_test:mergeDebugGeneratedProguardFiles', task ':integration_test:mergeDebugConsumerProguardFiles', task ':integration_test:prepareDebugArtProfile', task ':integration_test:prepareLintJarForPublish', task ':integration_test:mergeDebugJavaResource', task ':integration_test:syncDebugLibJars', task ':integration_test:bundleDebugAar', task ':integration_test:assembleDebug', task ':path_provider_android:stripDebugDebugSymbols', task ':path_provider_android:copyDebugJniLibsProjectAndLocalJars', task ':path_provider_android:extractDebugAnnotations', task ':path_provider_android:extractDeepLinksForAarDebug', task ':path_provider_android:mergeDebugGeneratedProguardFiles', task ':path_provider_android:mergeDebugConsumerProguardFiles', task ':path_provider_android:prepareDebugArtProfile', task ':path_provider_android:prepareLintJarForPublish', task ':path_provider_android:mergeDebugJavaResource', task ':path_provider_android:syncDebugLibJars', task ':path_provider_android:bundleDebugAar', task ':path_provider_android:assembleDebug', task ':quill_native_bridge_android:stripDebugDebugSymbols', task ':quill_native_bridge_android:copyDebugJniLibsProjectAndLocalJars', task ':quill_native_bridge_android:extractDebugAnnotations', task ':quill_native_bridge_android:extractDeepLinksForAarDebug', task ':quill_native_bridge_android:mergeDebugGeneratedProguardFiles', task ':quill_native_bridge_android:mergeDebugConsumerProguardFiles', task ':quill_native_bridge_android:prepareDebugArtProfile', task ':quill_native_bridge_android:prepareLintJarForPublish', task ':quill_native_bridge_android:mergeDebugJavaResource', task ':quill_native_bridge_android:syncDebugLibJars', task ':quill_native_bridge_android:bundleDebugAar', task ':quill_native_bridge_android:assembleDebug', task ':shared_preferences_android:stripDebugDebugSymbols', task ':shared_preferences_android:copyDebugJniLibsProjectAndLocalJars', task ':shared_preferences_android:extractDebugAnnotations', task ':shared_preferences_android:extractDeepLinksForAarDebug', task ':shared_preferences_android:mergeDebugGeneratedProguardFiles', task ':shared_preferences_android:mergeDebugConsumerProguardFiles', task ':shared_preferences_android:prepareDebugArtProfile', task ':shared_preferences_android:prepareLintJarForPublish', task ':shared_preferences_android:mergeDebugJavaResource', task ':shared_preferences_android:syncDebugLibJars', task ':shared_preferences_android:bundleDebugAar', task ':shared_preferences_android:assembleDebug', task ':sqflite_android:stripDebugDebugSymbols', task ':sqflite_android:copyDebugJniLibsProjectAndLocalJars', task ':sqflite_android:extractDebugAnnotations', task ':sqflite_android:extractDeepLinksForAarDebug', task ':sqflite_android:mergeDebugGeneratedProguardFiles', task ':sqflite_android:mergeDebugConsumerProguardFiles', task ':sqflite_android:prepareDebugArtProfile', task ':sqflite_android:prepareLintJarForPublish', task ':sqflite_android:mergeDebugJavaResource', task ':sqflite_android:syncDebugLibJars', task ':sqflite_android:bundleDebugAar', task ':sqflite_android:assembleDebug', task ':url_launcher_android:stripDebugDebugSymbols', task ':url_launcher_android:copyDebugJniLibsProjectAndLocalJars', task ':url_launcher_android:extractDebugAnnotations', task ':url_launcher_android:extractDeepLinksForAarDebug', task ':url_launcher_android:mergeDebugGeneratedProguardFiles', task ':url_launcher_android:mergeDebugConsumerProguardFiles', task ':url_launcher_android:prepareDebugArtProfile', task ':url_launcher_android:prepareLintJarForPublish', task ':url_launcher_android:mergeDebugJavaResource', task ':url_launcher_android:syncDebugLibJars', task ':url_launcher_android:bundleDebugAar', task ':url_launcher_android:assembleDebug', task ':video_player_android:stripDebugDebugSymbols', task ':video_player_android:copyDebugJniLibsProjectAndLocalJars', task ':video_player_android:extractDebugAnnotations', task ':video_player_android:extractDeepLinksForAarDebug', task ':video_player_android:mergeDebugGeneratedProguardFiles', task ':video_player_android:mergeDebugConsumerProguardFiles', task ':video_player_android:prepareDebugArtProfile', task ':video_player_android:prepareLintJarForPublish', task ':video_player_android:mergeDebugJavaResource', task ':video_player_android:syncDebugLibJars', task ':video_player_android:bundleDebugAar', task ':video_player_android:assembleDebug']
[        ] Tasks that were excluded: []
[        ] work action Parameters of ClassesDirToClassesTransform (Thread[#42488,Execution worker Thread 24,5,main]) started.
[        ] work action Parameters of DexingNoClasspathTransform (Thread[#42488,Execution worker Thread 24,5,main]) started.
[        ] Resolve mutations for :app:preBuild (Thread[#42488,Execution worker Thread 24,5,main]) started.
[        ] :app:preBuild (Thread[#42488,Execution worker Thread 24,5,main]) started.
[        ] > Task :app:preBuild UP-TO-DATE
[        ] Skipping task ':app:preBuild' as it has no actions.
[        ] Resolve mutations for :app:preDebugBuild (Thread[#42488,Execution worker Thread 24,5,main]) started.
[        ] :app:preDebugBuild (Thread[#42488,Execution worker Thread 24,5,main]) started.
[        ] > Task :app:preDebugBuild UP-TO-DATE
[        ] Skipping task ':app:preDebugBuild' as it has no actions.
[        ] Resolve mutations for :app:mergeDebugNativeDebugMetadata (Thread[#42488,Execution worker Thread 24,5,main]) started.
[        ] :app:mergeDebugNativeDebugMetadata (Thread[#42488,Execution worker Thread 24,5,main]) started.
[        ] > Task :app:mergeDebugNativeDebugMetadata NO-SOURCE
[        ] Skipping task ':app:mergeDebugNativeDebugMetadata' as it has no source files and no previous output files.
[        ] Resolve mutations for :app:checkKotlinGradlePluginConfigurationErrors (Thread[#42488,Execution worker Thread 24,5,main]) started.
[        ] :app:checkKotlinGradlePluginConfigurationErrors (Thread[#42488,Execution worker Thread 24,5,main]) started.
[        ] > Task :app:checkKotlinGradlePluginConfigurationErrors SKIPPED
[        ] Skipping task ':app:checkKotlinGradlePluginConfigurationErrors' as task onlyIf 'errorDiagnostics are present' is false.
[        ] Resolve mutations for :app:compileFlutterBuildDebug (Thread[#42488,Execution worker Thread 24,5,main]) started.
[        ] :app:compileFlutterBuildDebug (Thread[#42488,Execution worker Thread 24,5,main]) started.
13:41 +10 -30: loading /Users/florian/Code/substitution/integration_test/profile_view_test.dart                                                                                                        13:42 +10 -30: loading /Users/florian/Code/substitution/integration_test/profile_view_test.dart                                                                                                        [+1993 ms] > Task :app:compileFlutterBuildDebug
[        ] Caching disabled for task ':app:compileFlutterBuildDebug' because:
[        ]   Build cache is disabled
[        ]   Caching has not been enabled for the task
[        ] Task ':app:compileFlutterBuildDebug' is not up-to-date because:
[        ]   Value of input property 'targetPath' has changed for task ':app:compileFlutterBuildDebug'
[        ] Starting process 'command '/opt/homebrew/share/flutter/bin/flutter''. Working directory: /Users/florian/Code/substitution Command: /opt/homebrew/share/flutter/bin/flutter --verbose assemble --no-version-check --depfile /Users/florian/Code/substitution/build/app/intermediates/flutter/debug/flutter_build.d --output /Users/florian/Code/substitution/build/app/intermediates/flutter/debug -dTargetFile=/var/folders/l_/w8pnbb9d38n57pzg9j98fmy80000gn/T/flutter_tools.wuOse9/flutter_test_listener.UgorN5/listener.dart -dTargetPlatform=android -dBuildMode=debug -dTrackWidgetCreation=true --DartDefines=TUFUUklYX1NFUlZFUj1odHRwOi8vbG9jYWxob3N0OjgwMDg=,TUFUUklYX1RFU1RfVVNFUj0=,TUFUUklYX1RFU1RfUEFTU1dPUkQ9,RkxVVFRFUl9WRVJTSU9OPTMuMzguOQ==,RkxVVFRFUl9DSEFOTkVMPXN0YWJsZQ==,RkxVVFRFUl9HSVRfVVJMPWh0dHBzOi8vZ2l0aHViLmNvbS9mbHV0dGVyL2ZsdXR0ZXIuZ2l0,RkxVVFRFUl9GUkFNRVdPUktfUkVWSVNJT049NjczMjNkZTI4NQ==,RkxVVFRFUl9FTkdJTkVfUkVWSVNJT049NTg3YzE4Zjg3Mw==,RkxVVFRFUl9EQVJUX1ZFUlNJT049My4xMC44,SU5URUdSQVRJT05fVEVTVF9TSE9VTERfUkVQT1JUX1JFU1VMVFNfVE9fTkFUSVZFPWZhbHNl -dFlavor= -dAndroidArchs=android-arm64 -dMinSdkVersion=24 debug_android_application
[        ] Successfully started process 'command '/opt/homebrew/share/flutter/bin/flutter''
[        ] [  +20 ms] executing: sysctl hw.optional.arm64
[        ] [   +4 ms] Exit code 0 from: sysctl hw.optional.arm64
[        ] [        ] hw.optional.arm64: 1
[        ] [   +3 ms] Artifact Instance of 'MaterialFonts' is not required, skipping update.
[        ] [        ] Artifact Instance of 'GradleWrapper' is not required, skipping update.
[        ] [        ] Artifact Instance of 'AndroidGenSnapshotArtifacts' is not required, skipping update.
[        ] [        ] Artifact Instance of 'AndroidInternalBuildArtifacts' is not required, skipping update.
[        ] [        ] Artifact Instance of 'IOSEngineArtifacts' is not required, skipping update.
[        ] [        ] Artifact Instance of 'FlutterWebSdk' is not required, skipping update.
[        ] [        ] Artifact Instance of 'LegacyCanvasKitRemover' is not required, skipping update.
[        ] [        ] Artifact Instance of 'FlutterSdk' is not required, skipping update.
[        ] [        ] Artifact Instance of 'WindowsEngineArtifacts' is not required, skipping update.
[        ] [        ] Artifact Instance of 'MacOSEngineArtifacts' is not required, skipping update.
[        ] [        ] Artifact Instance of 'LinuxEngineArtifacts' is not required, skipping update.
[        ] [        ] Artifact Instance of 'LinuxFuchsiaSDKArtifacts' is not required, skipping update.
[        ] [        ] Artifact Instance of 'MacOSFuchsiaSDKArtifacts' is not required, skipping update.
[        ] [        ] Artifact Instance of 'FlutterRunnerSDKArtifacts' is not required, skipping update.
[        ] [        ] Artifact Instance of 'FlutterRunnerDebugSymbols' is not required, skipping update.
[        ] [        ] Artifact Instance of 'IosUsbArtifacts' is not required, skipping update.
[        ] [        ] Artifact Instance of 'IosUsbArtifacts' is not required, skipping update.
[        ] [        ] Artifact Instance of 'IosUsbArtifacts' is not required, skipping update.
[        ] [        ] Artifact Instance of 'IosUsbArtifacts' is not required, skipping update.
[        ] [        ] Artifact Instance of 'IosUsbArtifacts' is not required, skipping update.
[        ] [        ] Artifact Instance of 'IosUsbArtifacts' is not required, skipping update.
[        ] [        ] Artifact Instance of 'FontSubsetArtifacts' is not required, skipping update.
[        ] [        ] Artifact Instance of 'PubDependencies' is not required, skipping update.
[        ] [   +3 ms] Artifact Instance of 'AndroidGenSnapshotArtifacts' is not required, skipping update.
[        ] [        ] Artifact Instance of 'AndroidInternalBuildArtifacts' is not required, skipping update.
[        ] [        ] Artifact Instance of 'IOSEngineArtifacts' is not required, skipping update.
[        ] [        ] Artifact Instance of 'FlutterWebSdk' is not required, skipping update.
[        ] [        ] Artifact Instance of 'FlutterEngineStamp' is not required, skipping update.
[        ] [        ] Artifact Instance of 'LegacyCanvasKitRemover' is not required, skipping update.
[        ] [        ] Artifact Instance of 'WindowsEngineArtifacts' is not required, skipping update.
[        ] [        ] Artifact Instance of 'MacOSEngineArtifacts' is not required, skipping update.
[        ] [        ] Artifact Instance of 'LinuxEngineArtifacts' is not required, skipping update.
[        ] [        ] Artifact Instance of 'LinuxFuchsiaSDKArtifacts' is not required, skipping update.
[        ] [        ] Artifact Instance of 'MacOSFuchsiaSDKArtifacts' is not required, skipping update.
[        ] [        ] Artifact Instance of 'FlutterRunnerSDKArtifacts' is not required, skipping update.
[        ] [        ] Artifact Instance of 'FlutterRunnerDebugSymbols' is not required, skipping update.
[        ] [  +23 ms] Artifact Instance of 'MaterialFonts' is not required, skipping update.
[        ] [        ] Artifact Instance of 'GradleWrapper' is not required, skipping update.
[        ] [        ] Artifact Instance of 'AndroidInternalBuildArtifacts' is not required, skipping update.
[        ] [        ] Artifact Instance of 'IOSEngineArtifacts' is not required, skipping update.
[        ] [        ] Artifact Instance of 'FlutterWebSdk' is not required, skipping update.
[        ] [        ] Artifact Instance of 'FlutterEngineStamp' is not required, skipping update.
[        ] [        ] Artifact Instance of 'LegacyCanvasKitRemover' is not required, skipping update.
[        ] [        ] Artifact Instance of 'FlutterSdk' is not required, skipping update.
[        ] [        ] Artifact Instance of 'WindowsEngineArtifacts' is not required, skipping update.
[        ] [        ] Artifact Instance of 'MacOSEngineArtifacts' is not required, skipping update.
[        ] [        ] Artifact Instance of 'LinuxEngineArtifacts' is not required, skipping update.
[        ] [        ] Artifact Instance of 'LinuxFuchsiaSDKArtifacts' is not required, skipping update.
[        ] [        ] Artifact Instance of 'MacOSFuchsiaSDKArtifacts' is not required, skipping update.
[        ] [        ] Artifact Instance of 'FlutterRunnerSDKArtifacts' is not required, skipping update.
[        ] [        ] Artifact Instance of 'FlutterRunnerDebugSymbols' is not required, skipping update.
[        ] [        ] Artifact Instance of 'IosUsbArtifacts' is not required, skipping update.
[        ] [        ] Artifact Instance of 'IosUsbArtifacts' is not required, skipping update.
[        ] [        ] Artifact Instance of 'IosUsbArtifacts' is not required, skipping update.
[        ] [        ] Artifact Instance of 'IosUsbArtifacts' is not required, skipping update.
[        ] [        ] Artifact Instance of 'IosUsbArtifacts' is not required, skipping update.
[        ] [        ] Artifact Instance of 'IosUsbArtifacts' is not required, skipping update.
[        ] [        ] Artifact Instance of 'FontSubsetArtifacts' is not required, skipping update.
[        ] [        ] Artifact Instance of 'PubDependencies' is not required, skipping update.
[        ] [  +20 ms] Initializing file store
[        ] [  +12 ms] dart_build: Starting due to {}
[        ] [        ] Skipping target: gen_localizations
[        ] [        ] gen_dart_plugin_registrant: Starting due to {InvalidatedReasonKind.outputSetAddition: The following outputs were added to the output set: /Users/florian/Code/substitution/.dart_tool/flutter_build/dart_plugin_registrant.dart, InvalidatedReasonKind.inputChanged: The following inputs have updated contents: /Users/florian/Code/substitution/.dart_tool/package_config.json}
[        ] [  +45 ms] Found plugin integration_test at /opt/homebrew/share/flutter/packages/integration_test/
[        ] [  +18 ms] Found plugin flutter_native_splash at /Users/florian/.pub-cache/hosted/pub.dev/flutter_native_splash-2.4.7/
[        ] [  +13 ms] Building native assets for android_arm64.
[        ] [  +24 ms] Found plugin connectivity_plus at /Users/florian/.pub-cache/hosted/pub.dev/connectivity_plus-5.0.2/
[        ] [   +6 ms] input.json contents:
[        ]            {
[        ]              "assets": {},
[        ]              "config": {
[        ]                "build_asset_types": [
[        ]                  "code_assets/code"
[        ]                ],
[        ]                "extensions": {
[        ]                  "code_assets": {
[        ]                    "android": {
[        ]                      "target_ndk_api": 24
[        ]                    },
[        ]                    "c_compiler": {
[        ]                      "ar": "/Users/florian/Library/Android/sdk/ndk/28.2.13676358/toolchains/llvm/prebuilt/darwin-x86_64/bin/llvm-ar",
[        ]                      "cc": "/Users/florian/Library/Android/sdk/ndk/28.2.13676358/toolchains/llvm/prebuilt/darwin-x86_64/bin/clang",
[        ]                      "ld": "/Users/florian/Library/Android/sdk/ndk/28.2.13676358/toolchains/llvm/prebuilt/darwin-x86_64/bin/ld.lld"
[        ]                    },
[        ]                    "link_mode_preference": "dynamic",
[        ]                    "target_architecture": "arm64",
[        ]                    "target_os": "android"
[        ]                  }
[        ]                },
[        ]                "linking_enabled": false
[        ]              },
[        ]              "out_dir_shared": "/Users/florian/Code/substitution/.dart_tool/hooks_runner/shared/objective_c/build/",
[        ]              "out_file": "/Users/florian/Code/substitution/.dart_tool/hooks_runner/objective_c/842b8c761140c2c0e73191c57a372e73/output.json",
[        ]              "package_name": "objective_c",
[        ]              "package_root": "/Users/florian/.pub-cache/hosted/pub.dev/objective_c-9.2.5/",
[        ]              "user_defines": {}
[        ]            }
[        ] [   +2 ms] output.json contents:
[        ]            {
[        ]              "assets_for_linking": {},
[        ]              "status": "success",
[        ]              "timestamp": "2026-02-16 21:57:23.000"
[        ]            }
[        ] [   +1 ms] Skipping build for objective_c in /Users/florian/Code/substitution/.dart_tool/hooks_runner/objective_c/842b8c761140c2c0e73191c57a372e73/. Last build on 2026-02-16 21:57:23.000.
[        ] [   +2 ms] Building native assets for android_arm64 done.
[        ] [   +1 ms] dart_build: Complete
[        ] [   +1 ms] install_code_assets: Starting due to {}
[        ] [   +1 ms] Writing native assets json to file:///Users/florian/Code/substitution/.dart_tool/flutter_build/9ca9d9df60f8f9647702dc58b2fe4a15/native_assets.json.
[        ] [   +1 ms] Found plugin video_player at /Users/florian/.pub-cache/hosted/pub.dev/video_player-2.10.1/
[        ] [        ] Found plugin video_player_web at /Users/florian/.pub-cache/hosted/pub.dev/video_player_web-2.4.0/
[        ] [        ] Writing /Users/florian/Code/substitution/.dart_tool/flutter_build/9ca9d9df60f8f9647702dc58b2fe4a15/native_assets.json done.
[        ] [        ] install_code_assets: Complete
[        ] [   +1 ms] Found plugin video_player_avfoundation at /Users/florian/.pub-cache/hosted/pub.dev/video_player_avfoundation-2.9.1/
[        ] [        ] Found plugin video_player_android at /Users/florian/.pub-cache/hosted/pub.dev/video_player_android-2.9.1/
[        ] [        ] Found plugin url_launcher at /Users/florian/.pub-cache/hosted/pub.dev/url_launcher-6.3.2/
[        ] [        ] Found plugin url_launcher_windows at /Users/florian/.pub-cache/hosted/pub.dev/url_launcher_windows-3.1.5/
[        ] [        ] Found plugin url_launcher_web at /Users/florian/.pub-cache/hosted/pub.dev/url_launcher_web-2.4.2/
[        ] [        ] Found plugin url_launcher_macos at /Users/florian/.pub-cache/hosted/pub.dev/url_launcher_macos-3.2.5/
[        ] [        ] Found plugin url_launcher_linux at /Users/florian/.pub-cache/hosted/pub.dev/url_launcher_linux-3.2.2/
[        ] [        ] Found plugin url_launcher_ios at /Users/florian/.pub-cache/hosted/pub.dev/url_launcher_ios-6.3.6/
[        ] [        ] Found plugin url_launcher_android at /Users/florian/.pub-cache/hosted/pub.dev/url_launcher_android-6.3.28/
[        ] [   +2 ms] Found plugin sqflite at /Users/florian/.pub-cache/hosted/pub.dev/sqflite-2.4.2/
[        ] [        ] Found plugin sqflite_darwin at /Users/florian/.pub-cache/hosted/pub.dev/sqflite_darwin-2.4.2/
[        ] [        ] Found plugin sqflite_android at /Users/florian/.pub-cache/hosted/pub.dev/sqflite_android-2.4.2+2/
[        ] [   +1 ms] Found plugin path_provider at /Users/florian/.pub-cache/hosted/pub.dev/path_provider-2.1.5/
[        ] [        ] Found plugin path_provider_windows at /Users/florian/.pub-cache/hosted/pub.dev/path_provider_windows-2.3.0/
[        ] [        ] Found plugin path_provider_linux at /Users/florian/.pub-cache/hosted/pub.dev/path_provider_linux-2.2.1/
[        ] [        ] Found plugin path_provider_foundation at /Users/florian/.pub-cache/hosted/pub.dev/path_provider_foundation-2.6.0/
[        ] [   +3 ms] Found plugin path_provider_android at /Users/florian/.pub-cache/hosted/pub.dev/path_provider_android-2.2.22/
[        ] [  +17 ms] Found plugin flutter_keyboard_visibility_temp_fork at /Users/florian/.pub-cache/hosted/pub.dev/flutter_keyboard_visibility_temp_fork-0.1.5/
[        ] [        ] Found plugin flutter_keyboard_visibility_windows at /Users/florian/.pub-cache/hosted/pub.dev/flutter_keyboard_visibility_windows-1.0.0/
[        ] [   +1 ms] Found plugin flutter_keyboard_visibility_macos at /Users/florian/.pub-cache/hosted/pub.dev/flutter_keyboard_visibility_macos-1.0.0/
[        ] [        ] Found plugin flutter_keyboard_visibility_linux at /Users/florian/.pub-cache/hosted/pub.dev/flutter_keyboard_visibility_linux-1.0.0/
[        ] [   +9 ms] Found plugin quill_native_bridge at /Users/florian/.pub-cache/hosted/pub.dev/quill_native_bridge-11.1.0/
[        ] [        ] Found plugin quill_native_bridge_windows at /Users/florian/.pub-cache/hosted/pub.dev/quill_native_bridge_windows-0.0.2/
[        ] [  +12 ms] Found plugin file_selector_windows at /Users/florian/.pub-cache/hosted/pub.dev/file_selector_windows-0.9.3+5/
[        ] [   +2 ms] Found plugin quill_native_bridge_web at /Users/florian/.pub-cache/hosted/pub.dev/quill_native_bridge_web-0.0.2/
[        ] [        ] Found plugin quill_native_bridge_macos at /Users/florian/.pub-cache/hosted/pub.dev/quill_native_bridge_macos-0.0.1/
[        ] [        ] Found plugin quill_native_bridge_ios at /Users/florian/.pub-cache/hosted/pub.dev/quill_native_bridge_ios-0.0.1/
[        ] [        ] Found plugin quill_native_bridge_android at /Users/florian/.pub-cache/hosted/pub.dev/quill_native_bridge_android-0.0.1+2/
[        ] [   +3 ms] Found plugin flutter_openssl_crypto at /Users/florian/.pub-cache/hosted/pub.dev/flutter_openssl_crypto-0.5.0/
[        ] [        ] Found plugin flutter_olm at /Users/florian/.pub-cache/hosted/pub.dev/flutter_olm-2.0.0/
[        ] [   +2 ms] Found plugin file_selector at /Users/florian/.pub-cache/hosted/pub.dev/file_selector-1.1.0/
[        ] [        ] Found plugin file_selector_web at /Users/florian/.pub-cache/hosted/pub.dev/file_selector_web-0.9.4+2/
[        ] [        ] Found plugin file_selector_macos at /Users/florian/.pub-cache/hosted/pub.dev/file_selector_macos-0.9.5/
[        ] [        ] Found plugin file_selector_linux at /Users/florian/.pub-cache/hosted/pub.dev/file_selector_linux-0.9.4/
[        ] [        ] Found plugin file_selector_ios at /Users/florian/.pub-cache/hosted/pub.dev/file_selector_ios-0.5.3+5/
[        ] [        ] Found plugin file_selector_android at /Users/florian/.pub-cache/hosted/pub.dev/file_selector_android-0.5.2+4/
[        ] [        ] Found plugin emoji_picker_flutter at /Users/florian/.pub-cache/hosted/pub.dev/emoji_picker_flutter-4.4.0/
[        ] [   +1 ms] Found plugin shared_preferences at /Users/florian/.pub-cache/hosted/pub.dev/shared_preferences-2.5.4/
[        ] [        ] Found plugin shared_preferences_windows at /Users/florian/.pub-cache/hosted/pub.dev/shared_preferences_windows-2.4.1/
[        ] [   +2 ms] Found plugin shared_preferences_web at /Users/florian/.pub-cache/hosted/pub.dev/shared_preferences_web-2.4.3/
[        ] [        ] Found plugin shared_preferences_linux at /Users/florian/.pub-cache/hosted/pub.dev/shared_preferences_linux-2.4.1/
[        ] [   +1 ms] Found plugin shared_preferences_foundation at /Users/florian/.pub-cache/hosted/pub.dev/shared_preferences_foundation-2.5.6/
[        ] [   +1 ms] Found plugin shared_preferences_android at /Users/florian/.pub-cache/hosted/pub.dev/shared_preferences_android-2.4.20/
[        ] [  +18 ms] Skipping generating dart_plugin_registrant.dart because it is up-to-date.
[        ] [        ] gen_dart_plugin_registrant: Complete
[        ] [   +2 ms] kernel_snapshot_program: Starting due to {}
[        ] [   +7 ms] /opt/homebrew/share/flutter/bin/cache/dart-sdk/bin/dartaotruntime /opt/homebrew/share/flutter/bin/cache/dart-sdk/bin/snapshots/frontend_server_aot.dart.snapshot --sdk-root /opt/homebrew/share/flutter/bin/cache/artifacts/engine/common/flutter_patched_sdk/ --target=flutter --no-print-incremental-dependencies -DMATRIX_SERVER=http://localhost:8008 -DMATRIX_TEST_USER= -DMATRIX_TEST_PASSWORD= -DFLUTTER_VERSION=3.38.9 -DFLUTTER_CHANNEL=stable -DFLUTTER_GIT_URL=https://github.com/flutter/flutter.git -DFLUTTER_FRAMEWORK_REVISION=67323de285 -DFLUTTER_ENGINE_REVISION=587c18f873 -DFLUTTER_DART_VERSION=3.10.8 -DINTEGRATION_TEST_SHOULD_REPORT_RESULTS_TO_NATIVE=false -DFLUTTER_APP_FLAVOR= -Ddart.vm.profile=false -Ddart.vm.product=false --enable-asserts --track-widget-creation --no-link-platform --packages /Users/florian/Code/substitution/.dart_tool/package_config.json --output-dill /Users/florian/Code/substitution/.dart_tool/flutter_build/9ca9d9df60f8f9647702dc58b2fe4a15/app.dill --depfile /Users/florian/Code/substitution/.dart_tool/flutter_build/9ca9d9df60f8f9647702dc58b2fe4a15/kernel_snapshot_program.d --incremental --initialize-from-dill /Users/florian/Code/substitution/.dart_tool/flutter_build/9ca9d9df60f8f9647702dc58b2fe4a15/app.dill --source file:///Users/florian/Code/substitution/.dart_tool/flutter_build/dart_plugin_registrant.dart --source package:flutter/src/dart_plugin_registrant.dart -Dflutter.dart_plugin_registrant=file:///Users/florian/Code/substitution/.dart_tool/flutter_build/dart_plugin_registrant.dart --verbosity=error file:///var/folders/l_/w8pnbb9d38n57pzg9j98fmy80000gn/T/flutter_tools.wuOse9/flutter_test_listener.UgorN5/listener.dart
13:43 +10 -30: loading /Users/florian/Code/substitution/integration_test/profile_view_test.dart                                                                                                        13:44 +10 -30: loading /Users/florian/Code/substitution/integration_test/profile_view_test.dart                                                                                                        [+2597 ms] [+4121 ms] kernel_snapshot_program: Complete
13:45 +10 -30: loading /Users/florian/Code/substitution/integration_test/profile_view_test.dart                                                                                                        [ +700 ms] [ +683 ms] debug_android_application: Starting due to {}
[ +102 ms] [  +92 ms] Manifest contained wildcard assets. Inserting missing file into build graph to force rerun. for more information see #56466.
[        ] [   +3 ms] shaderc command: [/opt/homebrew/share/flutter/bin/cache/artifacts/engine/darwin-x64/impellerc, --sksl, --runtime-stage-gles, --runtime-stage-gles3, --runtime-stage-vulkan, --iplr, --sl=/Users/florian/Code/substitution/build/app/intermediates/flutter/debug/flutter_assets/shaders/ink_sparkle.frag, --spirv=/Users/florian/Code/substitution/build/app/intermediates/flutter/debug/flutter_assets/shaders/ink_sparkle.frag.spirv, --input=/opt/homebrew/share/flutter/packages/flutter/lib/src/material/shaders/ink_sparkle.frag, --input-type=frag, --include=/opt/homebrew/share/flutter/packages/flutter/lib/src/material/shaders, --include=/opt/homebrew/share/flutter/bin/cache/artifacts/engine/darwin-x64/shader_lib]
[        ] [        ] shaderc command: [/opt/homebrew/share/flutter/bin/cache/artifacts/engine/darwin-x64/impellerc, --sksl, --runtime-stage-gles, --runtime-stage-gles3, --runtime-stage-vulkan, --iplr, --sl=/Users/florian/Code/substitution/build/app/intermediates/flutter/debug/flutter_assets/shaders/stretch_effect.frag, --spirv=/Users/florian/Code/substitution/build/app/intermediates/flutter/debug/flutter_assets/shaders/stretch_effect.frag.spirv, --input=/opt/homebrew/share/flutter/packages/flutter/lib/src/material/shaders/stretch_effect.frag, --input-type=frag, --include=/opt/homebrew/share/flutter/packages/flutter/lib/src/material/shaders, --include=/opt/homebrew/share/flutter/bin/cache/artifacts/engine/darwin-x64/shader_lib]
[ +298 ms] [ +322 ms] debug_android_application: Complete
13:46 +10 -30: loading /Users/florian/Code/substitution/integration_test/profile_view_test.dart                                                                                                        [ +692 ms] [ +697 ms] Persisting file store
[        ] [   +4 ms] Done persisting file store
[ +101 ms] [   +9 ms] build succeeded.
[        ] [   +2 ms] "flutter assemble" took 6.232ms.
[        ] [   +2 ms] executing: sw_vers -productName
[        ] [   +8 ms] Exit code 0 from: sw_vers -productName
[        ] [        ] macOS
[        ] [        ] executing: sw_vers -productVersion
[        ] [   +7 ms] Exit code 0 from: sw_vers -productVersion
[        ] [        ] 26.1
[        ] [        ] executing: sw_vers -buildVersion
[        ] [   +7 ms] Exit code 0 from: sw_vers -buildVersion
[        ] [        ] 25B78
[        ] [        ] executing: uname -m
[        ] [   +2 ms] Exit code 0 from: uname -m
[        ] [        ] arm64
[        ] [  +20 ms] Running 1 shutdown hook
[        ] [        ] Shutdown hooks complete
[ +105 ms] [  +53 ms] exiting with code 0
[ +102 ms] Resolve mutations for :app:packJniLibsflutterBuildDebug (Thread[#42488,Execution worker Thread 24,5,main]) started.
[        ] :app:packJniLibsflutterBuildDebug (Thread[#42488,Execution worker Thread 24,5,main]) started.
[        ] > Task :app:packJniLibsflutterBuildDebug UP-TO-DATE
[        ] Caching disabled for task ':app:packJniLibsflutterBuildDebug' because:
[        ]   Build cache is disabled
[        ]   Not worth caching
[        ] Skipping task ':app:packJniLibsflutterBuildDebug' as it is up-to-date.
[        ] Resolve mutations for :connectivity_plus:preBuild (Thread[#42488,Execution worker Thread 24,5,main]) started.
[        ] :connectivity_plus:preBuild (Thread[#42463,included builds,5,main]) started.
[        ] > Task :connectivity_plus:preBuild UP-TO-DATE
[        ] Skipping task ':connectivity_plus:preBuild' as it has no actions.
[        ] Resolve mutations for :connectivity_plus:preDebugBuild (Thread[#42463,included builds,5,main]) started.
[        ] :connectivity_plus:preDebugBuild (Thread[#42465,Execution worker Thread 2,5,main]) started.
[        ] > Task :connectivity_plus:preDebugBuild UP-TO-DATE
[        ] Skipping task ':connectivity_plus:preDebugBuild' as it has no actions.
[        ] Resolve mutations for :connectivity_plus:writeDebugAarMetadata (Thread[#42465,Execution worker Thread 2,5,main]) started.
[        ] :connectivity_plus:writeDebugAarMetadata (Thread[#42466,Execution worker Thread 3,5,main]) started.
[        ] > Task :connectivity_plus:writeDebugAarMetadata UP-TO-DATE
[        ] Caching disabled for task ':connectivity_plus:writeDebugAarMetadata' because:
[        ]   Build cache is disabled
[        ]   Caching has been disabled for the task
[        ] Skipping task ':connectivity_plus:writeDebugAarMetadata' as it is up-to-date.
[        ] work action resolve aar-metadata.properties (project :connectivity_plus) (Thread[#42466,Execution worker Thread 3,5,main]) started.
[        ] Resolve mutations for :emoji_picker_flutter:preBuild (Thread[#42466,Execution worker Thread 3,5,main]) started.
[        ] :emoji_picker_flutter:preBuild (Thread[#42466,Execution worker Thread 3,5,main]) started.
[        ] > Task :emoji_picker_flutter:preBuild UP-TO-DATE
[        ] Skipping task ':emoji_picker_flutter:preBuild' as it has no actions.
[        ] Resolve mutations for :emoji_picker_flutter:preDebugBuild (Thread[#42466,Execution worker Thread 3,5,main]) started.
[        ] :emoji_picker_flutter:preDebugBuild (Thread[#42466,Execution worker Thread 3,5,main]) started.
[        ] > Task :emoji_picker_flutter:preDebugBuild UP-TO-DATE
[        ] Skipping task ':emoji_picker_flutter:preDebugBuild' as it has no actions.
[        ] Resolve mutations for :emoji_picker_flutter:writeDebugAarMetadata (Thread[#42466,Execution worker Thread 3,5,main]) started.
[        ] :emoji_picker_flutter:writeDebugAarMetadata (Thread[#42466,Execution worker Thread 3,5,main]) started.
[        ] > Task :emoji_picker_flutter:writeDebugAarMetadata UP-TO-DATE
[        ] Caching disabled for task ':emoji_picker_flutter:writeDebugAarMetadata' because:
[        ]   Build cache is disabled
[        ]   Caching has been disabled for the task
[        ] Skipping task ':emoji_picker_flutter:writeDebugAarMetadata' as it is up-to-date.
[        ] work action resolve aar-metadata.properties (project :emoji_picker_flutter) (Thread[#42466,Execution worker Thread 3,5,main]) started.
[        ] Resolve mutations for :file_selector_android:preBuild (Thread[#42466,Execution worker Thread 3,5,main]) started.
[        ] :file_selector_android:preBuild (Thread[#42466,Execution worker Thread 3,5,main]) started.
[        ] > Task :file_selector_android:preBuild UP-TO-DATE
[        ] Skipping task ':file_selector_android:preBuild' as it has no actions.
[        ] Resolve mutations for :file_selector_android:preDebugBuild (Thread[#42466,Execution worker Thread 3,5,main]) started.
[        ] :file_selector_android:preDebugBuild (Thread[#42466,Execution worker Thread 3,5,main]) started.
[        ] > Task :file_selector_android:preDebugBuild UP-TO-DATE
[        ] Skipping task ':file_selector_android:preDebugBuild' as it has no actions.
[        ] Resolve mutations for :file_selector_android:writeDebugAarMetadata (Thread[#42466,Execution worker Thread 3,5,main]) started.
[        ] :file_selector_android:writeDebugAarMetadata (Thread[#42466,Execution worker Thread 3,5,main]) started.
[        ] > Task :file_selector_android:writeDebugAarMetadata UP-TO-DATE
[        ] Caching disabled for task ':file_selector_android:writeDebugAarMetadata' because:
[        ]   Build cache is disabled
[        ]   Caching has been disabled for the task
[        ] Skipping task ':file_selector_android:writeDebugAarMetadata' as it is up-to-date.
[        ] work action resolve aar-metadata.properties (project :file_selector_android) (Thread[#42466,Execution worker Thread 3,5,main]) started.
[        ] Resolve mutations for :flutter_keyboard_visibility_temp_fork:preBuild (Thread[#42466,Execution worker Thread 3,5,main]) started.
[        ] :flutter_keyboard_visibility_temp_fork:preBuild (Thread[#42466,Execution worker Thread 3,5,main]) started.
[        ] > Task :flutter_keyboard_visibility_temp_fork:preBuild UP-TO-DATE
[        ] Skipping task ':flutter_keyboard_visibility_temp_fork:preBuild' as it has no actions.
[        ] Resolve mutations for :flutter_keyboard_visibility_temp_fork:preDebugBuild (Thread[#42466,Execution worker Thread 3,5,main]) started.
[        ] :flutter_keyboard_visibility_temp_fork:preDebugBuild (Thread[#42466,Execution worker Thread 3,5,main]) started.
[        ] > Task :flutter_keyboard_visibility_temp_fork:preDebugBuild UP-TO-DATE
[        ] Skipping task ':flutter_keyboard_visibility_temp_fork:preDebugBuild' as it has no actions.
[        ] Resolve mutations for :flutter_keyboard_visibility_temp_fork:writeDebugAarMetadata (Thread[#42466,Execution worker Thread 3,5,main]) started.
[        ] :flutter_keyboard_visibility_temp_fork:writeDebugAarMetadata (Thread[#42466,Execution worker Thread 3,5,main]) started.
[        ] > Task :flutter_keyboard_visibility_temp_fork:writeDebugAarMetadata UP-TO-DATE
[        ] Caching disabled for task ':flutter_keyboard_visibility_temp_fork:writeDebugAarMetadata' because:
[        ]   Build cache is disabled
[        ]   Caching has been disabled for the task
[        ] Skipping task ':flutter_keyboard_visibility_temp_fork:writeDebugAarMetadata' as it is up-to-date.
[        ] work action resolve aar-metadata.properties (project :flutter_keyboard_visibility_temp_fork) (Thread[#42466,Execution worker Thread 3,5,main]) started.
[        ] Resolve mutations for :flutter_native_splash:preBuild (Thread[#42466,Execution worker Thread 3,5,main]) started.
[        ] :flutter_native_splash:preBuild (Thread[#42466,Execution worker Thread 3,5,main]) started.
[        ] > Task :flutter_native_splash:preBuild UP-TO-DATE
[        ] Skipping task ':flutter_native_splash:preBuild' as it has no actions.
[        ] Resolve mutations for :flutter_native_splash:preDebugBuild (Thread[#42466,Execution worker Thread 3,5,main]) started.
[        ] :flutter_native_splash:preDebugBuild (Thread[#42466,Execution worker Thread 3,5,main]) started.
[        ] > Task :flutter_native_splash:preDebugBuild UP-TO-DATE
[        ] Skipping task ':flutter_native_splash:preDebugBuild' as it has no actions.
[        ] Resolve mutations for :flutter_native_splash:writeDebugAarMetadata (Thread[#42466,Execution worker Thread 3,5,main]) started.
[        ] :flutter_native_splash:writeDebugAarMetadata (Thread[#42466,Execution worker Thread 3,5,main]) started.
[        ] > Task :flutter_native_splash:writeDebugAarMetadata UP-TO-DATE
[        ] Caching disabled for task ':flutter_native_splash:writeDebugAarMetadata' because:
[        ]   Build cache is disabled
[        ]   Caching has been disabled for the task
[        ] Skipping task ':flutter_native_splash:writeDebugAarMetadata' as it is up-to-date.
[        ] work action resolve aar-metadata.properties (project :flutter_native_splash) (Thread[#42466,Execution worker Thread 3,5,main]) started.
[        ] Resolve mutations for :flutter_olm:preBuild (Thread[#42466,Execution worker Thread 3,5,main]) started.
[        ] :flutter_olm:preBuild (Thread[#42466,Execution worker Thread 3,5,main]) started.
[        ] > Task :flutter_olm:preBuild UP-TO-DATE
[        ] Skipping task ':flutter_olm:preBuild' as it has no actions.
[        ] Resolve mutations for :flutter_olm:preDebugBuild (Thread[#42466,Execution worker Thread 3,5,main]) started.
[        ] :flutter_olm:preDebugBuild (Thread[#42466,Execution worker Thread 3,5,main]) started.
[        ] > Task :flutter_olm:preDebugBuild UP-TO-DATE
[        ] Skipping task ':flutter_olm:preDebugBuild' as it has no actions.
[        ] Resolve mutations for :flutter_olm:writeDebugAarMetadata (Thread[#42466,Execution worker Thread 3,5,main]) started.
[        ] :flutter_olm:writeDebugAarMetadata (Thread[#42466,Execution worker Thread 3,5,main]) started.
[        ] > Task :flutter_olm:writeDebugAarMetadata UP-TO-DATE
[        ] Caching disabled for task ':flutter_olm:writeDebugAarMetadata' because:
[        ]   Build cache is disabled
[        ]   Caching has been disabled for the task
[        ] Skipping task ':flutter_olm:writeDebugAarMetadata' as it is up-to-date.
[        ] work action resolve aar-metadata.properties (project :flutter_olm) (Thread[#42466,Execution worker Thread 3,5,main]) started.
[        ] Resolve mutations for :flutter_openssl_crypto:preBuild (Thread[#42466,Execution worker Thread 3,5,main]) started.
[        ] :flutter_openssl_crypto:preBuild (Thread[#42466,Execution worker Thread 3,5,main]) started.
[        ] > Task :flutter_openssl_crypto:preBuild UP-TO-DATE
[        ] Skipping task ':flutter_openssl_crypto:preBuild' as it has no actions.
[        ] Resolve mutations for :flutter_openssl_crypto:preDebugBuild (Thread[#42466,Execution worker Thread 3,5,main]) started.
[        ] :flutter_openssl_crypto:preDebugBuild (Thread[#42466,Execution worker Thread 3,5,main]) started.
[        ] > Task :flutter_openssl_crypto:preDebugBuild UP-TO-DATE
[        ] Skipping task ':flutter_openssl_crypto:preDebugBuild' as it has no actions.
[        ] Resolve mutations for :flutter_openssl_crypto:writeDebugAarMetadata (Thread[#42466,Execution worker Thread 3,5,main]) started.
[        ] :flutter_openssl_crypto:writeDebugAarMetadata (Thread[#42466,Execution worker Thread 3,5,main]) started.
[        ] > Task :flutter_openssl_crypto:writeDebugAarMetadata UP-TO-DATE
[        ] Caching disabled for task ':flutter_openssl_crypto:writeDebugAarMetadata' because:
[        ]   Build cache is disabled
[        ]   Caching has been disabled for the task
[        ] Skipping task ':flutter_openssl_crypto:writeDebugAarMetadata' as it is up-to-date.
[        ] work action resolve aar-metadata.properties (project :flutter_openssl_crypto) (Thread[#42466,Execution worker Thread 3,5,main]) started.
[        ] Resolve mutations for :integration_test:preBuild (Thread[#42466,Execution worker Thread 3,5,main]) started.
[        ] :integration_test:preBuild (Thread[#42468,Execution worker Thread 5,5,main]) started.
[        ] > Task :integration_test:preBuild UP-TO-DATE
[        ] Skipping task ':integration_test:preBuild' as it has no actions.
[        ] Resolve mutations for :integration_test:preDebugBuild (Thread[#42479,Execution worker Thread 15,5,main]) started.
[        ] :integration_test:preDebugBuild (Thread[#42488,Execution worker Thread 24,5,main]) started.
[        ] > Task :integration_test:preDebugBuild UP-TO-DATE
[        ] Skipping task ':integration_test:preDebugBuild' as it has no actions.
[        ] Resolve mutations for :integration_test:writeDebugAarMetadata (Thread[#42476,Execution worker Thread 12,5,main]) started.
[        ] :integration_test:writeDebugAarMetadata (Thread[#42476,Execution worker Thread 12,5,main]) started.
[        ] > Task :integration_test:writeDebugAarMetadata UP-TO-DATE
[        ] Caching disabled for task ':integration_test:writeDebugAarMetadata' because:
[        ]   Build cache is disabled
[        ]   Caching has been disabled for the task
[        ] Skipping task ':integration_test:writeDebugAarMetadata' as it is up-to-date.
[        ] work action resolve aar-metadata.properties (project :integration_test) (Thread[#42476,Execution worker Thread 12,5,main]) started.
[        ] Resolve mutations for :path_provider_android:preBuild (Thread[#42476,Execution worker Thread 12,5,main]) started.
[        ] :path_provider_android:preBuild (Thread[#42476,Execution worker Thread 12,5,main]) started.
[        ] > Task :path_provider_android:preBuild UP-TO-DATE
[        ] Skipping task ':path_provider_android:preBuild' as it has no actions.
[        ] Resolve mutations for :path_provider_android:preDebugBuild (Thread[#42476,Execution worker Thread 12,5,main]) started.
[        ] :path_provider_android:preDebugBuild (Thread[#42476,Execution worker Thread 12,5,main]) started.
[        ] > Task :path_provider_android:preDebugBuild UP-TO-DATE
[        ] Skipping task ':path_provider_android:preDebugBuild' as it has no actions.
[        ] Resolve mutations for :path_provider_android:writeDebugAarMetadata (Thread[#42476,Execution worker Thread 12,5,main]) started.
[        ] :path_provider_android:writeDebugAarMetadata (Thread[#42476,Execution worker Thread 12,5,main]) started.
[        ] > Task :path_provider_android:writeDebugAarMetadata UP-TO-DATE
[        ] Caching disabled for task ':path_provider_android:writeDebugAarMetadata' because:
[        ]   Build cache is disabled
[        ]   Caching has been disabled for the task
[        ] Skipping task ':path_provider_android:writeDebugAarMetadata' as it is up-to-date.
[        ] work action resolve aar-metadata.properties (project :path_provider_android) (Thread[#42476,Execution worker Thread 12,5,main]) started.
[        ] Resolve mutations for :quill_native_bridge_android:preBuild (Thread[#42476,Execution worker Thread 12,5,main]) started.
[        ] :quill_native_bridge_android:preBuild (Thread[#42476,Execution worker Thread 12,5,main]) started.
[        ] > Task :quill_native_bridge_android:preBuild UP-TO-DATE
[        ] Skipping task ':quill_native_bridge_android:preBuild' as it has no actions.
[        ] Resolve mutations for :quill_native_bridge_android:preDebugBuild (Thread[#42476,Execution worker Thread 12,5,main]) started.
[        ] :quill_native_bridge_android:preDebugBuild (Thread[#42476,Execution worker Thread 12,5,main]) started.
[        ] > Task :quill_native_bridge_android:preDebugBuild UP-TO-DATE
[        ] Skipping task ':quill_native_bridge_android:preDebugBuild' as it has no actions.
[        ] Resolve mutations for :quill_native_bridge_android:writeDebugAarMetadata (Thread[#42476,Execution worker Thread 12,5,main]) started.
[        ] :quill_native_bridge_android:writeDebugAarMetadata (Thread[#42476,Execution worker Thread 12,5,main]) started.
[        ] > Task :quill_native_bridge_android:writeDebugAarMetadata UP-TO-DATE
[        ] Caching disabled for task ':quill_native_bridge_android:writeDebugAarMetadata' because:
[        ]   Build cache is disabled
[        ]   Caching has been disabled for the task
[        ] Skipping task ':quill_native_bridge_android:writeDebugAarMetadata' as it is up-to-date.
[        ] work action resolve aar-metadata.properties (project :quill_native_bridge_android) (Thread[#42476,Execution worker Thread 12,5,main]) started.
[        ] Resolve mutations for :shared_preferences_android:preBuild (Thread[#42476,Execution worker Thread 12,5,main]) started.
[        ] :shared_preferences_android:preBuild (Thread[#42476,Execution worker Thread 12,5,main]) started.
[        ] > Task :shared_preferences_android:preBuild UP-TO-DATE
[        ] Skipping task ':shared_preferences_android:preBuild' as it has no actions.
[        ] Resolve mutations for :shared_preferences_android:preDebugBuild (Thread[#42476,Execution worker Thread 12,5,main]) started.
[        ] :shared_preferences_android:preDebugBuild (Thread[#42476,Execution worker Thread 12,5,main]) started.
[        ] > Task :shared_preferences_android:preDebugBuild UP-TO-DATE
[        ] Skipping task ':shared_preferences_android:preDebugBuild' as it has no actions.
[        ] Resolve mutations for :shared_preferences_android:writeDebugAarMetadata (Thread[#42476,Execution worker Thread 12,5,main]) started.
[        ] :shared_preferences_android:writeDebugAarMetadata (Thread[#42476,Execution worker Thread 12,5,main]) started.
[        ] > Task :shared_preferences_android:writeDebugAarMetadata UP-TO-DATE
[        ] Caching disabled for task ':shared_preferences_android:writeDebugAarMetadata' because:
[        ]   Build cache is disabled
[        ]   Caching has been disabled for the task
[        ] Skipping task ':shared_preferences_android:writeDebugAarMetadata' as it is up-to-date.
[        ] work action resolve aar-metadata.properties (project :shared_preferences_android) (Thread[#42476,Execution worker Thread 12,5,main]) started.
[        ] Resolve mutations for :sqflite_android:preBuild (Thread[#42476,Execution worker Thread 12,5,main]) started.
[        ] :sqflite_android:preBuild (Thread[#42476,Execution worker Thread 12,5,main]) started.
[        ] > Task :sqflite_android:preBuild UP-TO-DATE
[        ] Skipping task ':sqflite_android:preBuild' as it has no actions.
[        ] Resolve mutations for :sqflite_android:preDebugBuild (Thread[#42476,Execution worker Thread 12,5,main]) started.
[        ] :sqflite_android:preDebugBuild (Thread[#42476,Execution worker Thread 12,5,main]) started.
[        ] > Task :sqflite_android:preDebugBuild UP-TO-DATE
[        ] Skipping task ':sqflite_android:preDebugBuild' as it has no actions.
[        ] Resolve mutations for :sqflite_android:writeDebugAarMetadata (Thread[#42476,Execution worker Thread 12,5,main]) started.
[        ] :sqflite_android:writeDebugAarMetadata (Thread[#42476,Execution worker Thread 12,5,main]) started.
[        ] > Task :sqflite_android:writeDebugAarMetadata UP-TO-DATE
[        ] Caching disabled for task ':sqflite_android:writeDebugAarMetadata' because:
[        ]   Build cache is disabled
[        ]   Caching has been disabled for the task
[        ] Skipping task ':sqflite_android:writeDebugAarMetadata' as it is up-to-date.
[        ] work action resolve aar-metadata.properties (project :sqflite_android) (Thread[#42476,Execution worker Thread 12,5,main]) started.
[        ] Resolve mutations for :url_launcher_android:preBuild (Thread[#42476,Execution worker Thread 12,5,main]) started.
[        ] :url_launcher_android:preBuild (Thread[#42476,Execution worker Thread 12,5,main]) started.
[        ] > Task :url_launcher_android:preBuild UP-TO-DATE
[        ] Skipping task ':url_launcher_android:preBuild' as it has no actions.
[        ] Resolve mutations for :url_launcher_android:preDebugBuild (Thread[#42476,Execution worker Thread 12,5,main]) started.
[        ] :url_launcher_android:preDebugBuild (Thread[#42476,Execution worker Thread 12,5,main]) started.
[        ] > Task :url_launcher_android:preDebugBuild UP-TO-DATE
[        ] Skipping task ':url_launcher_android:preDebugBuild' as it has no actions.
[        ] Resolve mutations for :url_launcher_android:writeDebugAarMetadata (Thread[#42476,Execution worker Thread 12,5,main]) started.
[        ] :url_launcher_android:writeDebugAarMetadata (Thread[#42476,Execution worker Thread 12,5,main]) started.
[        ] > Task :url_launcher_android:writeDebugAarMetadata UP-TO-DATE
[        ] Caching disabled for task ':url_launcher_android:writeDebugAarMetadata' because:
[        ]   Build cache is disabled
[        ]   Caching has been disabled for the task
[        ] Skipping task ':url_launcher_android:writeDebugAarMetadata' as it is up-to-date.
[        ] work action resolve aar-metadata.properties (project :url_launcher_android) (Thread[#42476,Execution worker Thread 12,5,main]) started.
[        ] Resolve mutations for :video_player_android:preBuild (Thread[#42476,Execution worker Thread 12,5,main]) started.
[        ] :video_player_android:preBuild (Thread[#42476,Execution worker Thread 12,5,main]) started.
[        ] > Task :video_player_android:preBuild UP-TO-DATE
[        ] Skipping task ':video_player_android:preBuild' as it has no actions.
[        ] Resolve mutations for :video_player_android:preDebugBuild (Thread[#42476,Execution worker Thread 12,5,main]) started.
[        ] :video_player_android:preDebugBuild (Thread[#42476,Execution worker Thread 12,5,main]) started.
[        ] > Task :video_player_android:preDebugBuild UP-TO-DATE
[        ] Skipping task ':video_player_android:preDebugBuild' as it has no actions.
[        ] Resolve mutations for :video_player_android:writeDebugAarMetadata (Thread[#42476,Execution worker Thread 12,5,main]) started.
[        ] :video_player_android:writeDebugAarMetadata (Thread[#42476,Execution worker Thread 12,5,main]) started.
[        ] > Task :video_player_android:writeDebugAarMetadata UP-TO-DATE
[        ] Caching disabled for task ':video_player_android:writeDebugAarMetadata' because:
[        ]   Build cache is disabled
[        ]   Caching has been disabled for the task
[        ] Skipping task ':video_player_android:writeDebugAarMetadata' as it is up-to-date.
[        ] work action resolve aar-metadata.properties (project :video_player_android) (Thread[#42476,Execution worker Thread 12,5,main]) started.
[        ] Resolve mutations for :app:checkDebugAarMetadata (Thread[#42476,Execution worker Thread 12,5,main]) started.
[        ] :app:checkDebugAarMetadata (Thread[#42476,Execution worker Thread 12,5,main]) started.
[        ] > Task :app:checkDebugAarMetadata UP-TO-DATE
[        ] Caching disabled for task ':app:checkDebugAarMetadata' because:
[        ]   Build cache is disabled
[        ]   Caching has been disabled for the task
[        ] Skipping task ':app:checkDebugAarMetadata' as it is up-to-date.
[        ] Resolve mutations for :app:cleanMergeDebugAssets (Thread[#42476,Execution worker Thread 12,5,main]) started.
[        ] :app:cleanMergeDebugAssets (Thread[#42476,Execution worker Thread 12,5,main]) started.
[        ] > Task :app:cleanMergeDebugAssets
[        ] Caching disabled for task ':app:cleanMergeDebugAssets' because:
[        ]   Build cache is disabled
[        ] Task ':app:cleanMergeDebugAssets' is not up-to-date because:
[        ]   Task has not declared any outputs despite executing actions.
[        ] Resolve mutations for :app:mergeDebugShaders (Thread[#42476,Execution worker Thread 12,5,main]) started.
[        ] :app:mergeDebugShaders (Thread[#42476,Execution worker Thread 12,5,main]) started.
[        ] > Task :app:mergeDebugShaders UP-TO-DATE
[        ] Caching disabled for task ':app:mergeDebugShaders' because:
[        ]   Build cache is disabled
[        ]   Simple merging task
[        ] Skipping task ':app:mergeDebugShaders' as it is up-to-date.
[        ] Resolve mutations for :app:compileDebugShaders (Thread[#42476,Execution worker Thread 12,5,main]) started.
[        ] :app:compileDebugShaders (Thread[#42476,Execution worker Thread 12,5,main]) started.
[        ] > Task :app:compileDebugShaders NO-SOURCE
[        ] Skipping task ':app:compileDebugShaders' as it has no source files and no previous output files.
[        ] Resolve mutations for :app:generateDebugAssets (Thread[#42476,Execution worker Thread 12,5,main]) started.
[        ] :app:generateDebugAssets (Thread[#42476,Execution worker Thread 12,5,main]) started.
[        ] > Task :app:generateDebugAssets UP-TO-DATE
[        ] Skipping task ':app:generateDebugAssets' as it has no actions.
[        ] Resolve mutations for :connectivity_plus:mergeDebugShaders (Thread[#42476,Execution worker Thread 12,5,main]) started.
[        ] :connectivity_plus:mergeDebugShaders (Thread[#42476,Execution worker Thread 12,5,main]) started.
[        ] > Task :connectivity_plus:mergeDebugShaders UP-TO-DATE
[        ] Caching disabled for task ':connectivity_plus:mergeDebugShaders' because:
[        ]   Build cache is disabled
[        ]   Simple merging task
[        ] Skipping task ':connectivity_plus:mergeDebugShaders' as it is up-to-date.
[        ] Resolve mutations for :connectivity_plus:compileDebugShaders (Thread[#42476,Execution worker Thread 12,5,main]) started.
[        ] :connectivity_plus:compileDebugShaders (Thread[#42476,Execution worker Thread 12,5,main]) started.
[        ] > Task :connectivity_plus:compileDebugShaders NO-SOURCE
[        ] Skipping task ':connectivity_plus:compileDebugShaders' as it has no source files and no previous output files.
[        ] Resolve mutations for :connectivity_plus:generateDebugAssets (Thread[#42476,Execution worker Thread 12,5,main]) started.
[        ] :connectivity_plus:generateDebugAssets (Thread[#42476,Execution worker Thread 12,5,main]) started.
[        ] > Task :connectivity_plus:generateDebugAssets UP-TO-DATE
[        ] Skipping task ':connectivity_plus:generateDebugAssets' as it has no actions.
[        ] Resolve mutations for :connectivity_plus:mergeDebugAssets (Thread[#42476,Execution worker Thread 12,5,main]) started.
[        ] :connectivity_plus:mergeDebugAssets (Thread[#42476,Execution worker Thread 12,5,main]) started.
[        ] > Task :connectivity_plus:mergeDebugAssets UP-TO-DATE
[        ] Caching disabled for task ':connectivity_plus:mergeDebugAssets' because:
[        ]   Build cache is disabled
[        ]   Simple merging task
[        ] Skipping task ':connectivity_plus:mergeDebugAssets' as it is up-to-date.
[        ] work action resolve mergeDebugAssets (project :connectivity_plus) (Thread[#42476,Execution worker Thread 12,5,main]) started.
[        ] Resolve mutations for :emoji_picker_flutter:mergeDebugShaders (Thread[#42476,Execution worker Thread 12,5,main]) started.
[        ] :emoji_picker_flutter:mergeDebugShaders (Thread[#42476,Execution worker Thread 12,5,main]) started.
[        ] > Task :emoji_picker_flutter:mergeDebugShaders UP-TO-DATE
[        ] Caching disabled for task ':emoji_picker_flutter:mergeDebugShaders' because:
[        ]   Build cache is disabled
[        ]   Simple merging task
[        ] Skipping task ':emoji_picker_flutter:mergeDebugShaders' as it is up-to-date.
[        ] Resolve mutations for :emoji_picker_flutter:compileDebugShaders (Thread[#42476,Execution worker Thread 12,5,main]) started.
[        ] :emoji_picker_flutter:compileDebugShaders (Thread[#42476,Execution worker Thread 12,5,main]) started.
[        ] > Task :emoji_picker_flutter:compileDebugShaders NO-SOURCE
[        ] Skipping task ':emoji_picker_flutter:compileDebugShaders' as it has no source files and no previous output files.
[        ] Resolve mutations for :emoji_picker_flutter:generateDebugAssets (Thread[#42476,Execution worker Thread 12,5,main]) started.
[        ] :emoji_picker_flutter:generateDebugAssets (Thread[#42476,Execution worker Thread 12,5,main]) started.
[        ] > Task :emoji_picker_flutter:generateDebugAssets UP-TO-DATE
[        ] Skipping task ':emoji_picker_flutter:generateDebugAssets' as it has no actions.
[        ] Resolve mutations for :emoji_picker_flutter:mergeDebugAssets (Thread[#42476,Execution worker Thread 12,5,main]) started.
[        ] :emoji_picker_flutter:mergeDebugAssets (Thread[#42476,Execution worker Thread 12,5,main]) started.
[        ] > Task :emoji_picker_flutter:mergeDebugAssets UP-TO-DATE
[        ] Caching disabled for task ':emoji_picker_flutter:mergeDebugAssets' because:
[        ]   Build cache is disabled
[        ]   Simple merging task
[        ] Skipping task ':emoji_picker_flutter:mergeDebugAssets' as it is up-to-date.
[        ] work action resolve mergeDebugAssets (project :emoji_picker_flutter) (Thread[#42476,Execution worker Thread 12,5,main]) started.
[        ] Resolve mutations for :file_selector_android:mergeDebugShaders (Thread[#42476,Execution worker Thread 12,5,main]) started.
[        ] :file_selector_android:mergeDebugShaders (Thread[#42476,Execution worker Thread 12,5,main]) started.
[        ] > Task :file_selector_android:mergeDebugShaders UP-TO-DATE
[        ] Caching disabled for task ':file_selector_android:mergeDebugShaders' because:
[        ]   Build cache is disabled
[        ]   Simple merging task
[        ] Skipping task ':file_selector_android:mergeDebugShaders' as it is up-to-date.
[        ] Resolve mutations for :file_selector_android:compileDebugShaders (Thread[#42476,Execution worker Thread 12,5,main]) started.
[        ] :file_selector_android:compileDebugShaders (Thread[#42476,Execution worker Thread 12,5,main]) started.
[        ] > Task :file_selector_android:compileDebugShaders NO-SOURCE
[        ] Skipping task ':file_selector_android:compileDebugShaders' as it has no source files and no previous output files.
[        ] Resolve mutations for :file_selector_android:generateDebugAssets (Thread[#42476,Execution worker Thread 12,5,main]) started.
[        ] :file_selector_android:generateDebugAssets (Thread[#42476,Execution worker Thread 12,5,main]) started.
[        ] > Task :file_selector_android:generateDebugAssets UP-TO-DATE
[        ] Skipping task ':file_selector_android:generateDebugAssets' as it has no actions.
[        ] Resolve mutations for :file_selector_android:mergeDebugAssets (Thread[#42476,Execution worker Thread 12,5,main]) started.
[        ] :file_selector_android:mergeDebugAssets (Thread[#42476,Execution worker Thread 12,5,main]) started.
[        ] > Task :file_selector_android:mergeDebugAssets UP-TO-DATE
[        ] Caching disabled for task ':file_selector_android:mergeDebugAssets' because:
[        ]   Build cache is disabled
[        ]   Simple merging task
[        ] Skipping task ':file_selector_android:mergeDebugAssets' as it is up-to-date.
[        ] work action resolve mergeDebugAssets (project :file_selector_android) (Thread[#42476,Execution worker Thread 12,5,main]) started.
[        ] Resolve mutations for :flutter_keyboard_visibility_temp_fork:mergeDebugShaders (Thread[#42476,Execution worker Thread 12,5,main]) started.
[        ] :flutter_keyboard_visibility_temp_fork:mergeDebugShaders (Thread[#42476,Execution worker Thread 12,5,main]) started.
[        ] > Task :flutter_keyboard_visibility_temp_fork:mergeDebugShaders UP-TO-DATE
[        ] Caching disabled for task ':flutter_keyboard_visibility_temp_fork:mergeDebugShaders' because:
[        ]   Build cache is disabled
[        ]   Simple merging task
[        ] Skipping task ':flutter_keyboard_visibility_temp_fork:mergeDebugShaders' as it is up-to-date.
[        ] Resolve mutations for :flutter_keyboard_visibility_temp_fork:compileDebugShaders (Thread[#42476,Execution worker Thread 12,5,main]) started.
[        ] :flutter_keyboard_visibility_temp_fork:compileDebugShaders (Thread[#42476,Execution worker Thread 12,5,main]) started.
[        ] > Task :flutter_keyboard_visibility_temp_fork:compileDebugShaders NO-SOURCE
[        ] Skipping task ':flutter_keyboard_visibility_temp_fork:compileDebugShaders' as it has no source files and no previous output files.
[        ] Resolve mutations for :flutter_keyboard_visibility_temp_fork:generateDebugAssets (Thread[#42476,Execution worker Thread 12,5,main]) started.
[        ] :flutter_keyboard_visibility_temp_fork:generateDebugAssets (Thread[#42476,Execution worker Thread 12,5,main]) started.
[        ] > Task :flutter_keyboard_visibility_temp_fork:generateDebugAssets UP-TO-DATE
[        ] Skipping task ':flutter_keyboard_visibility_temp_fork:generateDebugAssets' as it has no actions.
[        ] Resolve mutations for :flutter_keyboard_visibility_temp_fork:mergeDebugAssets (Thread[#42476,Execution worker Thread 12,5,main]) started.
[        ] :flutter_keyboard_visibility_temp_fork:mergeDebugAssets (Thread[#42476,Execution worker Thread 12,5,main]) started.
[        ] > Task :flutter_keyboard_visibility_temp_fork:mergeDebugAssets UP-TO-DATE
[        ] Caching disabled for task ':flutter_keyboard_visibility_temp_fork:mergeDebugAssets' because:
[        ]   Build cache is disabled
[        ]   Simple merging task
[        ] Skipping task ':flutter_keyboard_visibility_temp_fork:mergeDebugAssets' as it is up-to-date.
[        ] work action resolve mergeDebugAssets (project :flutter_keyboard_visibility_temp_fork) (Thread[#42476,Execution worker Thread 12,5,main]) started.
[        ] Resolve mutations for :flutter_native_splash:mergeDebugShaders (Thread[#42476,Execution worker Thread 12,5,main]) started.
[        ] :flutter_native_splash:mergeDebugShaders (Thread[#42476,Execution worker Thread 12,5,main]) started.
[        ] > Task :flutter_native_splash:mergeDebugShaders UP-TO-DATE
[        ] Caching disabled for task ':flutter_native_splash:mergeDebugShaders' because:
[        ]   Build cache is disabled
[        ]   Simple merging task
[        ] Skipping task ':flutter_native_splash:mergeDebugShaders' as it is up-to-date.
[        ] Resolve mutations for :flutter_native_splash:compileDebugShaders (Thread[#42476,Execution worker Thread 12,5,main]) started.
[        ] :flutter_native_splash:compileDebugShaders (Thread[#42476,Execution worker Thread 12,5,main]) started.
[        ] > Task :flutter_native_splash:compileDebugShaders NO-SOURCE
[        ] Skipping task ':flutter_native_splash:compileDebugShaders' as it has no source files and no previous output files.
[        ] Resolve mutations for :flutter_native_splash:generateDebugAssets (Thread[#42476,Execution worker Thread 12,5,main]) started.
[        ] :flutter_native_splash:generateDebugAssets (Thread[#42476,Execution worker Thread 12,5,main]) started.
[        ] > Task :flutter_native_splash:generateDebugAssets UP-TO-DATE
[        ] Skipping task ':flutter_native_splash:generateDebugAssets' as it has no actions.
[        ] Resolve mutations for :flutter_native_splash:mergeDebugAssets (Thread[#42476,Execution worker Thread 12,5,main]) started.
[        ] :flutter_native_splash:mergeDebugAssets (Thread[#42476,Execution worker Thread 12,5,main]) started.
[        ] > Task :flutter_native_splash:mergeDebugAssets UP-TO-DATE
[        ] Caching disabled for task ':flutter_native_splash:mergeDebugAssets' because:
[        ]   Build cache is disabled
[        ]   Simple merging task
[        ] Skipping task ':flutter_native_splash:mergeDebugAssets' as it is up-to-date.
[        ] work action resolve mergeDebugAssets (project :flutter_native_splash) (Thread[#42476,Execution worker Thread 12,5,main]) started.
[        ] Resolve mutations for :flutter_olm:mergeDebugShaders (Thread[#42476,Execution worker Thread 12,5,main]) started.
[        ] :flutter_olm:mergeDebugShaders (Thread[#42476,Execution worker Thread 12,5,main]) started.
[        ] > Task :flutter_olm:mergeDebugShaders UP-TO-DATE
[        ] Caching disabled for task ':flutter_olm:mergeDebugShaders' because:
[        ]   Build cache is disabled
[        ]   Simple merging task
[        ] Skipping task ':flutter_olm:mergeDebugShaders' as it is up-to-date.
[        ] Resolve mutations for :flutter_olm:compileDebugShaders (Thread[#42476,Execution worker Thread 12,5,main]) started.
[        ] :flutter_olm:compileDebugShaders (Thread[#42476,Execution worker Thread 12,5,main]) started.
[        ] > Task :flutter_olm:compileDebugShaders NO-SOURCE
[        ] Skipping task ':flutter_olm:compileDebugShaders' as it has no source files and no previous output files.
[        ] Resolve mutations for :flutter_olm:generateDebugAssets (Thread[#42476,Execution worker Thread 12,5,main]) started.
[        ] :flutter_olm:generateDebugAssets (Thread[#42476,Execution worker Thread 12,5,main]) started.
[        ] > Task :flutter_olm:generateDebugAssets UP-TO-DATE
[        ] Skipping task ':flutter_olm:generateDebugAssets' as it has no actions.
[        ] Resolve mutations for :flutter_olm:mergeDebugAssets (Thread[#42476,Execution worker Thread 12,5,main]) started.
[        ] :flutter_olm:mergeDebugAssets (Thread[#42476,Execution worker Thread 12,5,main]) started.
[        ] > Task :flutter_olm:mergeDebugAssets UP-TO-DATE
[        ] Caching disabled for task ':flutter_olm:mergeDebugAssets' because:
[        ]   Build cache is disabled
[        ]   Simple merging task
[        ] Skipping task ':flutter_olm:mergeDebugAssets' as it is up-to-date.
[        ] work action resolve mergeDebugAssets (project :flutter_olm) (Thread[#42476,Execution worker Thread 12,5,main]) started.
[        ] Resolve mutations for :flutter_openssl_crypto:mergeDebugShaders (Thread[#42476,Execution worker Thread 12,5,main]) started.
[        ] :flutter_openssl_crypto:mergeDebugShaders (Thread[#42476,Execution worker Thread 12,5,main]) started.
[        ] > Task :flutter_openssl_crypto:mergeDebugShaders UP-TO-DATE
[        ] Caching disabled for task ':flutter_openssl_crypto:mergeDebugShaders' because:
[        ]   Build cache is disabled
[        ]   Simple merging task
[        ] Skipping task ':flutter_openssl_crypto:mergeDebugShaders' as it is up-to-date.
[        ] Resolve mutations for :flutter_openssl_crypto:compileDebugShaders (Thread[#42476,Execution worker Thread 12,5,main]) started.
[        ] :flutter_openssl_crypto:compileDebugShaders (Thread[#42476,Execution worker Thread 12,5,main]) started.
[        ] > Task :flutter_openssl_crypto:compileDebugShaders NO-SOURCE
[        ] Skipping task ':flutter_openssl_crypto:compileDebugShaders' as it has no source files and no previous output files.
[        ] Resolve mutations for :flutter_openssl_crypto:generateDebugAssets (Thread[#42476,Execution worker Thread 12,5,main]) started.
[        ] :flutter_openssl_crypto:generateDebugAssets (Thread[#42476,Execution worker Thread 12,5,main]) started.
[        ] > Task :flutter_openssl_crypto:generateDebugAssets UP-TO-DATE
[        ] Skipping task ':flutter_openssl_crypto:generateDebugAssets' as it has no actions.
[        ] Resolve mutations for :flutter_openssl_crypto:mergeDebugAssets (Thread[#42476,Execution worker Thread 12,5,main]) started.
[        ] :flutter_openssl_crypto:mergeDebugAssets (Thread[#42476,Execution worker Thread 12,5,main]) started.
[        ] > Task :flutter_openssl_crypto:mergeDebugAssets UP-TO-DATE
[        ] Caching disabled for task ':flutter_openssl_crypto:mergeDebugAssets' because:
[        ]   Build cache is disabled
[        ]   Simple merging task
[        ] Skipping task ':flutter_openssl_crypto:mergeDebugAssets' as it is up-to-date.
[        ] work action resolve mergeDebugAssets (project :flutter_openssl_crypto) (Thread[#42476,Execution worker Thread 12,5,main]) started.
[        ] Resolve mutations for :integration_test:mergeDebugShaders (Thread[#42476,Execution worker Thread 12,5,main]) started.
[        ] :integration_test:mergeDebugShaders (Thread[#42476,Execution worker Thread 12,5,main]) started.
[        ] > Task :integration_test:mergeDebugShaders UP-TO-DATE
[        ] Caching disabled for task ':integration_test:mergeDebugShaders' because:
[        ]   Build cache is disabled
[        ]   Simple merging task
[        ] Skipping task ':integration_test:mergeDebugShaders' as it is up-to-date.
[        ] Resolve mutations for :integration_test:compileDebugShaders (Thread[#42476,Execution worker Thread 12,5,main]) started.
[        ] :integration_test:compileDebugShaders (Thread[#42476,Execution worker Thread 12,5,main]) started.
[        ] > Task :integration_test:compileDebugShaders NO-SOURCE
[        ] Skipping task ':integration_test:compileDebugShaders' as it has no source files and no previous output files.
[        ] Resolve mutations for :integration_test:generateDebugAssets (Thread[#42476,Execution worker Thread 12,5,main]) started.
[        ] :integration_test:generateDebugAssets (Thread[#42476,Execution worker Thread 12,5,main]) started.
[        ] > Task :integration_test:generateDebugAssets UP-TO-DATE
[        ] Skipping task ':integration_test:generateDebugAssets' as it has no actions.
[        ] Resolve mutations for :integration_test:mergeDebugAssets (Thread[#42476,Execution worker Thread 12,5,main]) started.
[        ] :integration_test:mergeDebugAssets (Thread[#42476,Execution worker Thread 12,5,main]) started.
[        ] > Task :integration_test:mergeDebugAssets UP-TO-DATE
[        ] Caching disabled for task ':integration_test:mergeDebugAssets' because:
[        ]   Build cache is disabled
[        ]   Simple merging task
[        ] Skipping task ':integration_test:mergeDebugAssets' as it is up-to-date.
[        ] work action resolve mergeDebugAssets (project :integration_test) (Thread[#42476,Execution worker Thread 12,5,main]) started.
[        ] Resolve mutations for :path_provider_android:mergeDebugShaders (Thread[#42476,Execution worker Thread 12,5,main]) started.
[        ] :path_provider_android:mergeDebugShaders (Thread[#42476,Execution worker Thread 12,5,main]) started.
[        ] > Task :path_provider_android:mergeDebugShaders UP-TO-DATE
[        ] Caching disabled for task ':path_provider_android:mergeDebugShaders' because:
[        ]   Build cache is disabled
[        ]   Simple merging task
[        ] Skipping task ':path_provider_android:mergeDebugShaders' as it is up-to-date.
[        ] Resolve mutations for :path_provider_android:compileDebugShaders (Thread[#42476,Execution worker Thread 12,5,main]) started.
[        ] :path_provider_android:compileDebugShaders (Thread[#42476,Execution worker Thread 12,5,main]) started.
[        ] > Task :path_provider_android:compileDebugShaders NO-SOURCE
[        ] Skipping task ':path_provider_android:compileDebugShaders' as it has no source files and no previous output files.
[        ] Resolve mutations for :path_provider_android:generateDebugAssets (Thread[#42476,Execution worker Thread 12,5,main]) started.
[        ] :path_provider_android:generateDebugAssets (Thread[#42476,Execution worker Thread 12,5,main]) started.
[        ] > Task :path_provider_android:generateDebugAssets UP-TO-DATE
[        ] Skipping task ':path_provider_android:generateDebugAssets' as it has no actions.
[        ] Resolve mutations for :path_provider_android:mergeDebugAssets (Thread[#42476,Execution worker Thread 12,5,main]) started.
[        ] :path_provider_android:mergeDebugAssets (Thread[#42476,Execution worker Thread 12,5,main]) started.
[        ] > Task :path_provider_android:mergeDebugAssets UP-TO-DATE
[        ] Caching disabled for task ':path_provider_android:mergeDebugAssets' because:
[        ]   Build cache is disabled
[        ]   Simple merging task
[        ] Skipping task ':path_provider_android:mergeDebugAssets' as it is up-to-date.
[        ] work action resolve mergeDebugAssets (project :path_provider_android) (Thread[#42476,Execution worker Thread 12,5,main]) started.
[        ] Resolve mutations for :quill_native_bridge_android:mergeDebugShaders (Thread[#42471,Execution worker Thread 8,5,main]) started.
[        ] :quill_native_bridge_android:mergeDebugShaders (Thread[#42471,Execution worker Thread 8,5,main]) started.
[        ] > Task :quill_native_bridge_android:mergeDebugShaders UP-TO-DATE
[        ] Caching disabled for task ':quill_native_bridge_android:mergeDebugShaders' because:
[        ]   Build cache is disabled
[        ]   Simple merging task
[        ] Skipping task ':quill_native_bridge_android:mergeDebugShaders' as it is up-to-date.
[        ] Resolve mutations for :quill_native_bridge_android:compileDebugShaders (Thread[#42471,Execution worker Thread 8,5,main]) started.
[        ] :quill_native_bridge_android:compileDebugShaders (Thread[#42469,Execution worker Thread 6,5,main]) started.
[        ] > Task :quill_native_bridge_android:compileDebugShaders NO-SOURCE
[        ] Skipping task ':quill_native_bridge_android:compileDebugShaders' as it has no source files and no previous output files.
[        ] Resolve mutations for :quill_native_bridge_android:generateDebugAssets (Thread[#42469,Execution worker Thread 6,5,main]) started.
[        ] :quill_native_bridge_android:generateDebugAssets (Thread[#42469,Execution worker Thread 6,5,main]) started.
[        ] > Task :quill_native_bridge_android:generateDebugAssets UP-TO-DATE
[        ] Skipping task ':quill_native_bridge_android:generateDebugAssets' as it has no actions.
[        ] Resolve mutations for :quill_native_bridge_android:mergeDebugAssets (Thread[#42469,Execution worker Thread 6,5,main]) started.
[        ] :quill_native_bridge_android:mergeDebugAssets (Thread[#42469,Execution worker Thread 6,5,main]) started.
[        ] > Task :quill_native_bridge_android:mergeDebugAssets UP-TO-DATE
[        ] Caching disabled for task ':quill_native_bridge_android:mergeDebugAssets' because:
[        ]   Build cache is disabled
[        ]   Simple merging task
[        ] Skipping task ':quill_native_bridge_android:mergeDebugAssets' as it is up-to-date.
[        ] work action resolve mergeDebugAssets (project :quill_native_bridge_android) (Thread[#42469,Execution worker Thread 6,5,main]) started.
[        ] Resolve mutations for :shared_preferences_android:mergeDebugShaders (Thread[#42469,Execution worker Thread 6,5,main]) started.
[        ] :shared_preferences_android:mergeDebugShaders (Thread[#42474,Execution worker Thread 10,5,main]) started.
[        ] > Task :shared_preferences_android:mergeDebugShaders UP-TO-DATE
[        ] Caching disabled for task ':shared_preferences_android:mergeDebugShaders' because:
[        ]   Build cache is disabled
[        ]   Simple merging task
[        ] Skipping task ':shared_preferences_android:mergeDebugShaders' as it is up-to-date.
[        ] Resolve mutations for :shared_preferences_android:compileDebugShaders (Thread[#42474,Execution worker Thread 10,5,main]) started.
[        ] :shared_preferences_android:compileDebugShaders (Thread[#42474,Execution worker Thread 10,5,main]) started.
[        ] > Task :shared_preferences_android:compileDebugShaders NO-SOURCE
[        ] Skipping task ':shared_preferences_android:compileDebugShaders' as it has no source files and no previous output files.
[        ] Resolve mutations for :shared_preferences_android:generateDebugAssets (Thread[#42474,Execution worker Thread 10,5,main]) started.
[        ] :shared_preferences_android:generateDebugAssets (Thread[#42474,Execution worker Thread 10,5,main]) started.
[        ] > Task :shared_preferences_android:generateDebugAssets UP-TO-DATE
[        ] Skipping task ':shared_preferences_android:generateDebugAssets' as it has no actions.
[        ] Resolve mutations for :shared_preferences_android:mergeDebugAssets (Thread[#42474,Execution worker Thread 10,5,main]) started.
[        ] :shared_preferences_android:mergeDebugAssets (Thread[#42474,Execution worker Thread 10,5,main]) started.
[        ] > Task :shared_preferences_android:mergeDebugAssets UP-TO-DATE
[        ] Caching disabled for task ':shared_preferences_android:mergeDebugAssets' because:
[        ]   Build cache is disabled
[        ]   Simple merging task
[        ] Skipping task ':shared_preferences_android:mergeDebugAssets' as it is up-to-date.
[        ] work action resolve mergeDebugAssets (project :shared_preferences_android) (Thread[#42474,Execution worker Thread 10,5,main]) started.
[        ] Resolve mutations for :sqflite_android:mergeDebugShaders (Thread[#42474,Execution worker Thread 10,5,main]) started.
[        ] :sqflite_android:mergeDebugShaders (Thread[#42474,Execution worker Thread 10,5,main]) started.
[        ] > Task :sqflite_android:mergeDebugShaders UP-TO-DATE
[        ] Caching disabled for task ':sqflite_android:mergeDebugShaders' because:
[        ]   Build cache is disabled
[        ]   Simple merging task
[        ] Skipping task ':sqflite_android:mergeDebugShaders' as it is up-to-date.
[        ] Resolve mutations for :sqflite_android:compileDebugShaders (Thread[#42474,Execution worker Thread 10,5,main]) started.
[        ] :sqflite_android:compileDebugShaders (Thread[#42474,Execution worker Thread 10,5,main]) started.
[        ] > Task :sqflite_android:compileDebugShaders NO-SOURCE
[        ] Skipping task ':sqflite_android:compileDebugShaders' as it has no source files and no previous output files.
[        ] Resolve mutations for :sqflite_android:generateDebugAssets (Thread[#42474,Execution worker Thread 10,5,main]) started.
[        ] :sqflite_android:generateDebugAssets (Thread[#42474,Execution worker Thread 10,5,main]) started.
[        ] > Task :sqflite_android:generateDebugAssets UP-TO-DATE
[        ] Skipping task ':sqflite_android:generateDebugAssets' as it has no actions.
[        ] Resolve mutations for :sqflite_android:mergeDebugAssets (Thread[#42474,Execution worker Thread 10,5,main]) started.
[        ] :sqflite_android:mergeDebugAssets (Thread[#42474,Execution worker Thread 10,5,main]) started.
[        ] > Task :sqflite_android:mergeDebugAssets UP-TO-DATE
[        ] Caching disabled for task ':sqflite_android:mergeDebugAssets' because:
[        ]   Build cache is disabled
[        ]   Simple merging task
[        ] Skipping task ':sqflite_android:mergeDebugAssets' as it is up-to-date.
[        ] work action resolve mergeDebugAssets (project :sqflite_android) (Thread[#42474,Execution worker Thread 10,5,main]) started.
[        ] Resolve mutations for :url_launcher_android:mergeDebugShaders (Thread[#42474,Execution worker Thread 10,5,main]) started.
[        ] :url_launcher_android:mergeDebugShaders (Thread[#42474,Execution worker Thread 10,5,main]) started.
[        ] > Task :url_launcher_android:mergeDebugShaders UP-TO-DATE
[        ] Caching disabled for task ':url_launcher_android:mergeDebugShaders' because:
[        ]   Build cache is disabled
[        ]   Simple merging task
[        ] Skipping task ':url_launcher_android:mergeDebugShaders' as it is up-to-date.
[        ] Resolve mutations for :url_launcher_android:compileDebugShaders (Thread[#42474,Execution worker Thread 10,5,main]) started.
[        ] :url_launcher_android:compileDebugShaders (Thread[#42474,Execution worker Thread 10,5,main]) started.
[        ] > Task :url_launcher_android:compileDebugShaders NO-SOURCE
[        ] Skipping task ':url_launcher_android:compileDebugShaders' as it has no source files and no previous output files.
[        ] Resolve mutations for :url_launcher_android:generateDebugAssets (Thread[#42474,Execution worker Thread 10,5,main]) started.
[        ] :url_launcher_android:generateDebugAssets (Thread[#42474,Execution worker Thread 10,5,main]) started.
[        ] > Task :url_launcher_android:generateDebugAssets UP-TO-DATE
[        ] Skipping task ':url_launcher_android:generateDebugAssets' as it has no actions.
[        ] Resolve mutations for :url_launcher_android:mergeDebugAssets (Thread[#42474,Execution worker Thread 10,5,main]) started.
[        ] :url_launcher_android:mergeDebugAssets (Thread[#42474,Execution worker Thread 10,5,main]) started.
[        ] > Task :url_launcher_android:mergeDebugAssets UP-TO-DATE
[        ] Caching disabled for task ':url_launcher_android:mergeDebugAssets' because:
[        ]   Build cache is disabled
[        ]   Simple merging task
[        ] Skipping task ':url_launcher_android:mergeDebugAssets' as it is up-to-date.
[        ] work action resolve mergeDebugAssets (project :url_launcher_android) (Thread[#42474,Execution worker Thread 10,5,main]) started.
[        ] Resolve mutations for :video_player_android:mergeDebugShaders (Thread[#42474,Execution worker Thread 10,5,main]) started.
[        ] :video_player_android:mergeDebugShaders (Thread[#42474,Execution worker Thread 10,5,main]) started.
[        ] > Task :video_player_android:mergeDebugShaders UP-TO-DATE
[        ] Caching disabled for task ':video_player_android:mergeDebugShaders' because:
[        ]   Build cache is disabled
[        ]   Simple merging task
[        ] Skipping task ':video_player_android:mergeDebugShaders' as it is up-to-date.
[        ] Resolve mutations for :video_player_android:compileDebugShaders (Thread[#42474,Execution worker Thread 10,5,main]) started.
[        ] :video_player_android:compileDebugShaders (Thread[#42474,Execution worker Thread 10,5,main]) started.
[        ] > Task :video_player_android:compileDebugShaders NO-SOURCE
[        ] Skipping task ':video_player_android:compileDebugShaders' as it has no source files and no previous output files.
[        ] Resolve mutations for :video_player_android:generateDebugAssets (Thread[#42474,Execution worker Thread 10,5,main]) started.
[        ] :video_player_android:generateDebugAssets (Thread[#42474,Execution worker Thread 10,5,main]) started.
[        ] > Task :video_player_android:generateDebugAssets UP-TO-DATE
[        ] Skipping task ':video_player_android:generateDebugAssets' as it has no actions.
[        ] Resolve mutations for :video_player_android:mergeDebugAssets (Thread[#42474,Execution worker Thread 10,5,main]) started.
[        ] :video_player_android:mergeDebugAssets (Thread[#42474,Execution worker Thread 10,5,main]) started.
[        ] > Task :video_player_android:mergeDebugAssets UP-TO-DATE
[        ] Caching disabled for task ':video_player_android:mergeDebugAssets' because:
[        ]   Build cache is disabled
[        ]   Simple merging task
[        ] Skipping task ':video_player_android:mergeDebugAssets' as it is up-to-date.
[        ] work action resolve mergeDebugAssets (project :video_player_android) (Thread[#42474,Execution worker Thread 10,5,main]) started.
[        ] Resolve mutations for :app:mergeDebugAssets (Thread[#42474,Execution worker Thread 10,5,main]) started.
[        ] :app:mergeDebugAssets (Thread[#42474,Execution worker Thread 10,5,main]) started.
[        ] > Task :app:mergeDebugAssets
[        ] Caching disabled for task ':app:mergeDebugAssets' because:
[        ]   Build cache is disabled
[        ]   Simple merging task
[        ] Task ':app:mergeDebugAssets' is not up-to-date because:
[        ]   Output property 'outputDir' file /Users/florian/Code/substitution/build/app/intermediates/assets/debug/mergeDebugAssets has been removed.
[        ] The input changes require a full rebuild for incremental task ':app:mergeDebugAssets'.
[        ] Resolve mutations for :app:copyFlutterAssetsDebug (Thread[#42474,Execution worker Thread 10,5,main]) started.
[        ] :app:copyFlutterAssetsDebug (Thread[#42474,Execution worker Thread 10,5,main]) started.
[ +191 ms] > Task :app:copyFlutterAssetsDebug
[        ] Caching disabled for task ':app:copyFlutterAssetsDebug' because:
[        ]   Build cache is disabled
[        ]   Not worth caching
[        ] Task ':app:copyFlutterAssetsDebug' is not up-to-date because:
[        ]   Output property 'destinationDir' file /Users/florian/Code/substitution/build/app/intermediates/assets/debug/mergeDebugAssets/flutter_assets has been removed.
[        ]   Output property 'destinationDir' file /Users/florian/Code/substitution/build/app/intermediates/assets/debug/mergeDebugAssets/flutter_assets/AssetManifest.bin has been removed.
[        ]   Output property 'destinationDir' file /Users/florian/Code/substitution/build/app/intermediates/assets/debug/mergeDebugAssets/flutter_assets/FontManifest.json has been removed.
[        ]   and more...
[        ] Resolve mutations for :app:generateDebugResValues (Thread[#42474,Execution worker Thread 10,5,main]) started.
[        ] :app:generateDebugResValues (Thread[#42474,Execution worker Thread 10,5,main]) started.
[        ] > Task :app:generateDebugResValues UP-TO-DATE
[        ] Caching disabled for task ':app:generateDebugResValues' because:
[        ]   Build cache is disabled
[        ] Skipping task ':app:generateDebugResValues' as it is up-to-date.
[        ] Resolve mutations for :connectivity_plus:generateDebugResValues (Thread[#42474,Execution worker Thread 10,5,main]) started.
[        ] :connectivity_plus:generateDebugResValues (Thread[#42474,Execution worker Thread 10,5,main]) started.
[        ] > Task :connectivity_plus:generateDebugResValues UP-TO-DATE
[        ] Caching disabled for task ':connectivity_plus:generateDebugResValues' because:
[        ]   Build cache is disabled
[        ] Skipping task ':connectivity_plus:generateDebugResValues' as it is up-to-date.
[        ] Resolve mutations for :connectivity_plus:generateDebugResources (Thread[#42474,Execution worker Thread 10,5,main]) started.
[        ] :connectivity_plus:generateDebugResources (Thread[#42467,Execution worker Thread 4,5,main]) started.
[        ] > Task :connectivity_plus:generateDebugResources UP-TO-DATE
[        ] Caching disabled for task ':connectivity_plus:generateDebugResources' because:
[        ]   Build cache is disabled
[        ] Skipping task ':connectivity_plus:generateDebugResources' as it is up-to-date.
[        ] Resolve mutations for :connectivity_plus:packageDebugResources (Thread[#42467,Execution worker Thread 4,5,main]) started.
[        ] :connectivity_plus:packageDebugResources (Thread[#42467,Execution worker Thread 4,5,main]) started.
[        ] > Task :connectivity_plus:packageDebugResources UP-TO-DATE
[        ] Caching disabled for task ':connectivity_plus:packageDebugResources' because:
[        ]   Build cache is disabled
[        ] Skipping task ':connectivity_plus:packageDebugResources' as it is up-to-date.
[        ] work action resolve packageDebugResources (project :connectivity_plus) (Thread[#42467,Execution worker Thread 4,5,main]) started.
[        ] Resolve mutations for :emoji_picker_flutter:generateDebugResValues (Thread[#42467,Execution worker Thread 4,5,main]) started.
[        ] :emoji_picker_flutter:generateDebugResValues (Thread[#42467,Execution worker Thread 4,5,main]) started.
[        ] > Task :emoji_picker_flutter:generateDebugResValues UP-TO-DATE
[        ] Caching disabled for task ':emoji_picker_flutter:generateDebugResValues' because:
[        ]   Build cache is disabled
[        ] Skipping task ':emoji_picker_flutter:generateDebugResValues' as it is up-to-date.
[        ] Resolve mutations for :emoji_picker_flutter:generateDebugResources (Thread[#42467,Execution worker Thread 4,5,main]) started.
[        ] :emoji_picker_flutter:generateDebugResources (Thread[#42473,Execution worker Thread 9,5,main]) started.
[        ] > Task :emoji_picker_flutter:generateDebugResources UP-TO-DATE
[        ] Caching disabled for task ':emoji_picker_flutter:generateDebugResources' because:
[        ]   Build cache is disabled
[        ] Skipping task ':emoji_picker_flutter:generateDebugResources' as it is up-to-date.
[        ] Resolve mutations for :emoji_picker_flutter:packageDebugResources (Thread[#42473,Execution worker Thread 9,5,main]) started.
[        ] :emoji_picker_flutter:packageDebugResources (Thread[#42480,Execution worker Thread 16,5,main]) started.
[        ] > Task :emoji_picker_flutter:packageDebugResources UP-TO-DATE
[        ] Caching disabled for task ':emoji_picker_flutter:packageDebugResources' because:
[        ]   Build cache is disabled
[        ] Skipping task ':emoji_picker_flutter:packageDebugResources' as it is up-to-date.
[        ] work action resolve packageDebugResources (project :emoji_picker_flutter) (Thread[#42480,Execution worker Thread 16,5,main]) started.
[        ] Resolve mutations for :file_selector_android:generateDebugResValues (Thread[#42480,Execution worker Thread 16,5,main]) started.
[        ] :file_selector_android:generateDebugResValues (Thread[#42480,Execution worker Thread 16,5,main]) started.
[        ] > Task :file_selector_android:generateDebugResValues UP-TO-DATE
[        ] Caching disabled for task ':file_selector_android:generateDebugResValues' because:
[        ]   Build cache is disabled
[        ] Skipping task ':file_selector_android:generateDebugResValues' as it is up-to-date.
[        ] Resolve mutations for :file_selector_android:generateDebugResources (Thread[#42480,Execution worker Thread 16,5,main]) started.
[        ] :file_selector_android:generateDebugResources (Thread[#42480,Execution worker Thread 16,5,main]) started.
[        ] > Task :file_selector_android:generateDebugResources UP-TO-DATE
[        ] Caching disabled for task ':file_selector_android:generateDebugResources' because:
[        ]   Build cache is disabled
[        ] Skipping task ':file_selector_android:generateDebugResources' as it is up-to-date.
[        ] Resolve mutations for :file_selector_android:packageDebugResources (Thread[#42480,Execution worker Thread 16,5,main]) started.
[        ] :file_selector_android:packageDebugResources (Thread[#42480,Execution worker Thread 16,5,main]) started.
[        ] > Task :file_selector_android:packageDebugResources UP-TO-DATE
[        ] Caching disabled for task ':file_selector_android:packageDebugResources' because:
[        ]   Build cache is disabled
[        ] Skipping task ':file_selector_android:packageDebugResources' as it is up-to-date.
[        ] work action resolve packageDebugResources (project :file_selector_android) (Thread[#42480,Execution worker Thread 16,5,main]) started.
[        ] Resolve mutations for :flutter_keyboard_visibility_temp_fork:generateDebugResValues (Thread[#42480,Execution worker Thread 16,5,main]) started.
[        ] :flutter_keyboard_visibility_temp_fork:generateDebugResValues (Thread[#42480,Execution worker Thread 16,5,main]) started.
[        ] > Task :flutter_keyboard_visibility_temp_fork:generateDebugResValues UP-TO-DATE
[        ] Caching disabled for task ':flutter_keyboard_visibility_temp_fork:generateDebugResValues' because:
[        ]   Build cache is disabled
[        ] Skipping task ':flutter_keyboard_visibility_temp_fork:generateDebugResValues' as it is up-to-date.
[        ] Resolve mutations for :flutter_keyboard_visibility_temp_fork:generateDebugResources (Thread[#42480,Execution worker Thread 16,5,main]) started.
[        ] :flutter_keyboard_visibility_temp_fork:generateDebugResources (Thread[#42480,Execution worker Thread 16,5,main]) started.
[        ] > Task :flutter_keyboard_visibility_temp_fork:generateDebugResources UP-TO-DATE
[        ] Caching disabled for task ':flutter_keyboard_visibility_temp_fork:generateDebugResources' because:
[        ]   Build cache is disabled
[        ] Skipping task ':flutter_keyboard_visibility_temp_fork:generateDebugResources' as it is up-to-date.
[        ] Resolve mutations for :flutter_keyboard_visibility_temp_fork:packageDebugResources (Thread[#42480,Execution worker Thread 16,5,main]) started.
[        ] :flutter_keyboard_visibility_temp_fork:packageDebugResources (Thread[#42480,Execution worker Thread 16,5,main]) started.
[        ] > Task :flutter_keyboard_visibility_temp_fork:packageDebugResources UP-TO-DATE
[        ] Caching disabled for task ':flutter_keyboard_visibility_temp_fork:packageDebugResources' because:
[        ]   Build cache is disabled
[        ] Skipping task ':flutter_keyboard_visibility_temp_fork:packageDebugResources' as it is up-to-date.
[        ] work action resolve packageDebugResources (project :flutter_keyboard_visibility_temp_fork) (Thread[#42480,Execution worker Thread 16,5,main]) started.
[        ] Resolve mutations for :flutter_native_splash:generateDebugResValues (Thread[#42480,Execution worker Thread 16,5,main]) started.
[        ] :flutter_native_splash:generateDebugResValues (Thread[#42480,Execution worker Thread 16,5,main]) started.
[        ] > Task :flutter_native_splash:generateDebugResValues UP-TO-DATE
[        ] Caching disabled for task ':flutter_native_splash:generateDebugResValues' because:
[        ]   Build cache is disabled
[        ] Skipping task ':flutter_native_splash:generateDebugResValues' as it is up-to-date.
[        ] Resolve mutations for :flutter_native_splash:generateDebugResources (Thread[#42480,Execution worker Thread 16,5,main]) started.
[        ] :flutter_native_splash:generateDebugResources (Thread[#42480,Execution worker Thread 16,5,main]) started.
[        ] > Task :flutter_native_splash:generateDebugResources UP-TO-DATE
[        ] Caching disabled for task ':flutter_native_splash:generateDebugResources' because:
[        ]   Build cache is disabled
[        ] Skipping task ':flutter_native_splash:generateDebugResources' as it is up-to-date.
[        ] Resolve mutations for :flutter_native_splash:packageDebugResources (Thread[#42480,Execution worker Thread 16,5,main]) started.
[        ] :flutter_native_splash:packageDebugResources (Thread[#42480,Execution worker Thread 16,5,main]) started.
[        ] > Task :flutter_native_splash:packageDebugResources UP-TO-DATE
[        ] Caching disabled for task ':flutter_native_splash:packageDebugResources' because:
[        ]   Build cache is disabled
[        ] Skipping task ':flutter_native_splash:packageDebugResources' as it is up-to-date.
[        ] work action resolve packageDebugResources (project :flutter_native_splash) (Thread[#42480,Execution worker Thread 16,5,main]) started.
[        ] Resolve mutations for :flutter_olm:generateDebugResValues (Thread[#42480,Execution worker Thread 16,5,main]) started.
[        ] :flutter_olm:generateDebugResValues (Thread[#42480,Execution worker Thread 16,5,main]) started.
[        ] > Task :flutter_olm:generateDebugResValues UP-TO-DATE
[        ] Caching disabled for task ':flutter_olm:generateDebugResValues' because:
[        ]   Build cache is disabled
[        ] Skipping task ':flutter_olm:generateDebugResValues' as it is up-to-date.
[        ] Resolve mutations for :flutter_olm:generateDebugResources (Thread[#42470,Execution worker Thread 7,5,main]) started.
[        ] :flutter_olm:generateDebugResources (Thread[#42467,Execution worker Thread 4,5,main]) started.
[        ] > Task :flutter_olm:generateDebugResources UP-TO-DATE
[        ] Caching disabled for task ':flutter_olm:generateDebugResources' because:
[        ]   Build cache is disabled
[        ] Skipping task ':flutter_olm:generateDebugResources' as it is up-to-date.
[        ] Resolve mutations for :flutter_olm:packageDebugResources (Thread[#42467,Execution worker Thread 4,5,main]) started.
[        ] :flutter_olm:packageDebugResources (Thread[#42467,Execution worker Thread 4,5,main]) started.
[        ] > Task :flutter_olm:packageDebugResources UP-TO-DATE
[        ] Caching disabled for task ':flutter_olm:packageDebugResources' because:
[        ]   Build cache is disabled
[        ] Skipping task ':flutter_olm:packageDebugResources' as it is up-to-date.
[        ] work action resolve packageDebugResources (project :flutter_olm) (Thread[#42467,Execution worker Thread 4,5,main]) started.
[        ] Resolve mutations for :flutter_openssl_crypto:generateDebugResValues (Thread[#42467,Execution worker Thread 4,5,main]) started.
[        ] :flutter_openssl_crypto:generateDebugResValues (Thread[#42467,Execution worker Thread 4,5,main]) started.
[        ] > Task :flutter_openssl_crypto:generateDebugResValues UP-TO-DATE
[        ] Caching disabled for task ':flutter_openssl_crypto:generateDebugResValues' because:
[        ]   Build cache is disabled
[        ] Skipping task ':flutter_openssl_crypto:generateDebugResValues' as it is up-to-date.
[        ] Resolve mutations for :flutter_openssl_crypto:generateDebugResources (Thread[#42467,Execution worker Thread 4,5,main]) started.
[        ] :flutter_openssl_crypto:generateDebugResources (Thread[#42467,Execution worker Thread 4,5,main]) started.
[        ] > Task :flutter_openssl_crypto:generateDebugResources UP-TO-DATE
[        ] Caching disabled for task ':flutter_openssl_crypto:generateDebugResources' because:
[        ]   Build cache is disabled
[        ] Skipping task ':flutter_openssl_crypto:generateDebugResources' as it is up-to-date.
[        ] Resolve mutations for :flutter_openssl_crypto:packageDebugResources (Thread[#42467,Execution worker Thread 4,5,main]) started.
[        ] :flutter_openssl_crypto:packageDebugResources (Thread[#42467,Execution worker Thread 4,5,main]) started.
[        ] > Task :flutter_openssl_crypto:packageDebugResources UP-TO-DATE
[        ] Caching disabled for task ':flutter_openssl_crypto:packageDebugResources' because:
[        ]   Build cache is disabled
[        ] Skipping task ':flutter_openssl_crypto:packageDebugResources' as it is up-to-date.
[        ] work action resolve packageDebugResources (project :flutter_openssl_crypto) (Thread[#42467,Execution worker Thread 4,5,main]) started.
[        ] Resolve mutations for :integration_test:generateDebugResValues (Thread[#42467,Execution worker Thread 4,5,main]) started.
[        ] :integration_test:generateDebugResValues (Thread[#42467,Execution worker Thread 4,5,main]) started.
[        ] > Task :integration_test:generateDebugResValues UP-TO-DATE
[        ] Caching disabled for task ':integration_test:generateDebugResValues' because:
[        ]   Build cache is disabled
[        ] Skipping task ':integration_test:generateDebugResValues' as it is up-to-date.
[        ] Resolve mutations for :integration_test:generateDebugResources (Thread[#42467,Execution worker Thread 4,5,main]) started.
[        ] :integration_test:generateDebugResources (Thread[#42467,Execution worker Thread 4,5,main]) started.
[        ] > Task :integration_test:generateDebugResources UP-TO-DATE
[        ] Caching disabled for task ':integration_test:generateDebugResources' because:
[        ]   Build cache is disabled
[        ] Skipping task ':integration_test:generateDebugResources' as it is up-to-date.
[        ] Resolve mutations for :integration_test:packageDebugResources (Thread[#42467,Execution worker Thread 4,5,main]) started.
[        ] :integration_test:packageDebugResources (Thread[#42467,Execution worker Thread 4,5,main]) started.
[        ] > Task :integration_test:packageDebugResources UP-TO-DATE
[        ] Caching disabled for task ':integration_test:packageDebugResources' because:
[        ]   Build cache is disabled
[        ] Skipping task ':integration_test:packageDebugResources' as it is up-to-date.
[        ] work action resolve packageDebugResources (project :integration_test) (Thread[#42467,Execution worker Thread 4,5,main]) started.
[        ] Resolve mutations for :path_provider_android:generateDebugResValues (Thread[#42467,Execution worker Thread 4,5,main]) started.
[        ] :path_provider_android:generateDebugResValues (Thread[#42467,Execution worker Thread 4,5,main]) started.
[        ] > Task :path_provider_android:generateDebugResValues UP-TO-DATE
[        ] Caching disabled for task ':path_provider_android:generateDebugResValues' because:
[        ]   Build cache is disabled
[        ] Skipping task ':path_provider_android:generateDebugResValues' as it is up-to-date.
[        ] Resolve mutations for :path_provider_android:generateDebugResources (Thread[#42467,Execution worker Thread 4,5,main]) started.
[        ] :path_provider_android:generateDebugResources (Thread[#42467,Execution worker Thread 4,5,main]) started.
[        ] > Task :path_provider_android:generateDebugResources UP-TO-DATE
[        ] Caching disabled for task ':path_provider_android:generateDebugResources' because:
[        ]   Build cache is disabled
[        ] Skipping task ':path_provider_android:generateDebugResources' as it is up-to-date.
[        ] Resolve mutations for :path_provider_android:packageDebugResources (Thread[#42467,Execution worker Thread 4,5,main]) started.
[        ] :path_provider_android:packageDebugResources (Thread[#42467,Execution worker Thread 4,5,main]) started.
[        ] > Task :path_provider_android:packageDebugResources UP-TO-DATE
[        ] Caching disabled for task ':path_provider_android:packageDebugResources' because:
[        ]   Build cache is disabled
[        ] Skipping task ':path_provider_android:packageDebugResources' as it is up-to-date.
[        ] work action resolve packageDebugResources (project :path_provider_android) (Thread[#42467,Execution worker Thread 4,5,main]) started.
[        ] Resolve mutations for :quill_native_bridge_android:generateDebugResValues (Thread[#42467,Execution worker Thread 4,5,main]) started.
[        ] :quill_native_bridge_android:generateDebugResValues (Thread[#42467,Execution worker Thread 4,5,main]) started.
[        ] > Task :quill_native_bridge_android:generateDebugResValues UP-TO-DATE
[        ] Caching disabled for task ':quill_native_bridge_android:generateDebugResValues' because:
[        ]   Build cache is disabled
[        ] Skipping task ':quill_native_bridge_android:generateDebugResValues' as it is up-to-date.
[        ] Resolve mutations for :quill_native_bridge_android:generateDebugResources (Thread[#42467,Execution worker Thread 4,5,main]) started.
[        ] :quill_native_bridge_android:generateDebugResources (Thread[#42467,Execution worker Thread 4,5,main]) started.
[        ] > Task :quill_native_bridge_android:generateDebugResources UP-TO-DATE
[        ] Caching disabled for task ':quill_native_bridge_android:generateDebugResources' because:
[        ]   Build cache is disabled
[        ] Skipping task ':quill_native_bridge_android:generateDebugResources' as it is up-to-date.
[        ] Resolve mutations for :quill_native_bridge_android:packageDebugResources (Thread[#42467,Execution worker Thread 4,5,main]) started.
[        ] :quill_native_bridge_android:packageDebugResources (Thread[#42467,Execution worker Thread 4,5,main]) started.
[        ] > Task :quill_native_bridge_android:packageDebugResources UP-TO-DATE
[        ] Caching disabled for task ':quill_native_bridge_android:packageDebugResources' because:
[        ]   Build cache is disabled
[        ] Skipping task ':quill_native_bridge_android:packageDebugResources' as it is up-to-date.
[        ] work action resolve packageDebugResources (project :quill_native_bridge_android) (Thread[#42467,Execution worker Thread 4,5,main]) started.
[        ] Resolve mutations for :shared_preferences_android:generateDebugResValues (Thread[#42467,Execution worker Thread 4,5,main]) started.
[        ] :shared_preferences_android:generateDebugResValues (Thread[#42467,Execution worker Thread 4,5,main]) started.
[        ] > Task :shared_preferences_android:generateDebugResValues UP-TO-DATE
[        ] Caching disabled for task ':shared_preferences_android:generateDebugResValues' because:
[        ]   Build cache is disabled
[        ] Skipping task ':shared_preferences_android:generateDebugResValues' as it is up-to-date.
[        ] Resolve mutations for :shared_preferences_android:generateDebugResources (Thread[#42467,Execution worker Thread 4,5,main]) started.
[        ] :shared_preferences_android:generateDebugResources (Thread[#42467,Execution worker Thread 4,5,main]) started.
[        ] > Task :shared_preferences_android:generateDebugResources UP-TO-DATE
[        ] Caching disabled for task ':shared_preferences_android:generateDebugResources' because:
[        ]   Build cache is disabled
[        ] Skipping task ':shared_preferences_android:generateDebugResources' as it is up-to-date.
[        ] Resolve mutations for :shared_preferences_android:packageDebugResources (Thread[#42467,Execution worker Thread 4,5,main]) started.
[        ] :shared_preferences_android:packageDebugResources (Thread[#42467,Execution worker Thread 4,5,main]) started.
[        ] > Task :shared_preferences_android:packageDebugResources UP-TO-DATE
[        ] Caching disabled for task ':shared_preferences_android:packageDebugResources' because:
[        ]   Build cache is disabled
[        ] Skipping task ':shared_preferences_android:packageDebugResources' as it is up-to-date.
[        ] work action resolve packageDebugResources (project :shared_preferences_android) (Thread[#42467,Execution worker Thread 4,5,main]) started.
[        ] Resolve mutations for :sqflite_android:generateDebugResValues (Thread[#42467,Execution worker Thread 4,5,main]) started.
[        ] :sqflite_android:generateDebugResValues (Thread[#42467,Execution worker Thread 4,5,main]) started.
[        ] > Task :sqflite_android:generateDebugResValues UP-TO-DATE
[        ] Caching disabled for task ':sqflite_android:generateDebugResValues' because:
[        ]   Build cache is disabled
[        ] Skipping task ':sqflite_android:generateDebugResValues' as it is up-to-date.
[        ] Resolve mutations for :sqflite_android:generateDebugResources (Thread[#42467,Execution worker Thread 4,5,main]) started.
[        ] :sqflite_android:generateDebugResources (Thread[#42467,Execution worker Thread 4,5,main]) started.
[        ] > Task :sqflite_android:generateDebugResources UP-TO-DATE
[        ] Caching disabled for task ':sqflite_android:generateDebugResources' because:
[        ]   Build cache is disabled
[        ] Skipping task ':sqflite_android:generateDebugResources' as it is up-to-date.
[        ] Resolve mutations for :sqflite_android:packageDebugResources (Thread[#42467,Execution worker Thread 4,5,main]) started.
[        ] :sqflite_android:packageDebugResources (Thread[#42467,Execution worker Thread 4,5,main]) started.
[        ] > Task :sqflite_android:packageDebugResources UP-TO-DATE
[        ] Caching disabled for task ':sqflite_android:packageDebugResources' because:
[        ]   Build cache is disabled
[        ] Skipping task ':sqflite_android:packageDebugResources' as it is up-to-date.
[        ] work action resolve packageDebugResources (project :sqflite_android) (Thread[#42467,Execution worker Thread 4,5,main]) started.
[        ] Resolve mutations for :url_launcher_android:generateDebugResValues (Thread[#42467,Execution worker Thread 4,5,main]) started.
[        ] :url_launcher_android:generateDebugResValues (Thread[#42467,Execution worker Thread 4,5,main]) started.
[        ] > Task :url_launcher_android:generateDebugResValues UP-TO-DATE
[        ] Caching disabled for task ':url_launcher_android:generateDebugResValues' because:
[        ]   Build cache is disabled
[        ] Skipping task ':url_launcher_android:generateDebugResValues' as it is up-to-date.
[        ] Resolve mutations for :url_launcher_android:generateDebugResources (Thread[#42467,Execution worker Thread 4,5,main]) started.
[        ] :url_launcher_android:generateDebugResources (Thread[#42467,Execution worker Thread 4,5,main]) started.
[        ] > Task :url_launcher_android:generateDebugResources UP-TO-DATE
[        ] Caching disabled for task ':url_launcher_android:generateDebugResources' because:
[        ]   Build cache is disabled
[        ] Skipping task ':url_launcher_android:generateDebugResources' as it is up-to-date.
[        ] Resolve mutations for :url_launcher_android:packageDebugResources (Thread[#42467,Execution worker Thread 4,5,main]) started.
[        ] :url_launcher_android:packageDebugResources (Thread[#42467,Execution worker Thread 4,5,main]) started.
[        ] > Task :url_launcher_android:packageDebugResources UP-TO-DATE
[        ] Caching disabled for task ':url_launcher_android:packageDebugResources' because:
[        ]   Build cache is disabled
[        ] Skipping task ':url_launcher_android:packageDebugResources' as it is up-to-date.
[        ] work action resolve packageDebugResources (project :url_launcher_android) (Thread[#42467,Execution worker Thread 4,5,main]) started.
[        ] Resolve mutations for :video_player_android:generateDebugResValues (Thread[#42467,Execution worker Thread 4,5,main]) started.
[        ] :video_player_android:generateDebugResValues (Thread[#42467,Execution worker Thread 4,5,main]) started.
[        ] > Task :video_player_android:generateDebugResValues UP-TO-DATE
[        ] Caching disabled for task ':video_player_android:generateDebugResValues' because:
[        ]   Build cache is disabled
[        ] Skipping task ':video_player_android:generateDebugResValues' as it is up-to-date.
[        ] Resolve mutations for :video_player_android:generateDebugResources (Thread[#42467,Execution worker Thread 4,5,main]) started.
[        ] :video_player_android:generateDebugResources (Thread[#42467,Execution worker Thread 4,5,main]) started.
[        ] > Task :video_player_android:generateDebugResources UP-TO-DATE
[        ] Caching disabled for task ':video_player_android:generateDebugResources' because:
[        ]   Build cache is disabled
[        ] Skipping task ':video_player_android:generateDebugResources' as it is up-to-date.
[        ] Resolve mutations for :video_player_android:packageDebugResources (Thread[#42467,Execution worker Thread 4,5,main]) started.
[        ] :video_player_android:packageDebugResources (Thread[#42467,Execution worker Thread 4,5,main]) started.
[        ] > Task :video_player_android:packageDebugResources UP-TO-DATE
[        ] Caching disabled for task ':video_player_android:packageDebugResources' because:
[        ]   Build cache is disabled
[        ] Skipping task ':video_player_android:packageDebugResources' as it is up-to-date.
[        ] work action resolve packageDebugResources (project :video_player_android) (Thread[#42467,Execution worker Thread 4,5,main]) started.
[        ] Resolve mutations for :app:mapDebugSourceSetPaths (Thread[#42467,Execution worker Thread 4,5,main]) started.
[        ] :app:mapDebugSourceSetPaths (Thread[#42467,Execution worker Thread 4,5,main]) started.
[        ] > Task :app:mapDebugSourceSetPaths UP-TO-DATE
[        ] Caching disabled for task ':app:mapDebugSourceSetPaths' because:
[        ]   Build cache is disabled
[        ]   Caching has been disabled for the task
[        ] Skipping task ':app:mapDebugSourceSetPaths' as it is up-to-date.
[        ] Resolve mutations for :app:generateDebugResources (Thread[#42467,Execution worker Thread 4,5,main]) started.
[        ] :app:generateDebugResources (Thread[#42467,Execution worker Thread 4,5,main]) started.
[        ] > Task :app:generateDebugResources UP-TO-DATE
[        ] Caching disabled for task ':app:generateDebugResources' because:
[        ]   Build cache is disabled
[        ] Skipping task ':app:generateDebugResources' as it is up-to-date.
[        ] Resolve mutations for :app:mergeDebugResources (Thread[#42467,Execution worker Thread 4,5,main]) started.
[        ] :app:mergeDebugResources (Thread[#42467,Execution worker Thread 4,5,main]) started.
[        ] > Task :app:mergeDebugResources UP-TO-DATE
[        ] Caching disabled for task ':app:mergeDebugResources' because:
[        ]   Build cache is disabled
[        ] Skipping task ':app:mergeDebugResources' as it is up-to-date.
[        ] Resolve mutations for :app:packageDebugResources (Thread[#42467,Execution worker Thread 4,5,main]) started.
[        ] :app:packageDebugResources (Thread[#42467,Execution worker Thread 4,5,main]) started.
[        ] > Task :app:packageDebugResources UP-TO-DATE
[        ] Caching disabled for task ':app:packageDebugResources' because:
[        ]   Build cache is disabled
[        ] Skipping task ':app:packageDebugResources' as it is up-to-date.
[        ] Resolve mutations for :app:parseDebugLocalResources (Thread[#42467,Execution worker Thread 4,5,main]) started.
[        ] :app:parseDebugLocalResources (Thread[#42476,Execution worker Thread 12,5,main]) started.
[        ] > Task :app:parseDebugLocalResources UP-TO-DATE
[        ] Caching disabled for task ':app:parseDebugLocalResources' because:
[        ]   Build cache is disabled
[        ] Skipping task ':app:parseDebugLocalResources' as it is up-to-date.
[        ] Resolve mutations for :app:createDebugCompatibleScreenManifests (Thread[#42476,Execution worker Thread 12,5,main]) started.
[        ] :app:createDebugCompatibleScreenManifests (Thread[#42476,Execution worker Thread 12,5,main]) started.
[        ] > Task :app:createDebugCompatibleScreenManifests UP-TO-DATE
[        ] Caching disabled for task ':app:createDebugCompatibleScreenManifests' because:
[        ]   Build cache is disabled
[        ]   Caching has been disabled for the task
[        ] Skipping task ':app:createDebugCompatibleScreenManifests' as it is up-to-date.
[        ] Resolve mutations for :app:extractDeepLinksDebug (Thread[#42476,Execution worker Thread 12,5,main]) started.
[        ] :app:extractDeepLinksDebug (Thread[#42476,Execution worker Thread 12,5,main]) started.
[        ] > Task :app:extractDeepLinksDebug UP-TO-DATE
[        ] Caching disabled for task ':app:extractDeepLinksDebug' because:
[        ]   Build cache is disabled
[        ] Skipping task ':app:extractDeepLinksDebug' as it is up-to-date.
[        ] Resolve mutations for :connectivity_plus:extractDeepLinksDebug (Thread[#42476,Execution worker Thread 12,5,main]) started.
[        ] :connectivity_plus:extractDeepLinksDebug (Thread[#42476,Execution worker Thread 12,5,main]) started.
[        ] > Task :connectivity_plus:extractDeepLinksDebug UP-TO-DATE
[        ] Caching disabled for task ':connectivity_plus:extractDeepLinksDebug' because:
[        ]   Build cache is disabled
[        ] Skipping task ':connectivity_plus:extractDeepLinksDebug' as it is up-to-date.
[        ] work action resolve navigation.json (project :connectivity_plus) (Thread[#42476,Execution worker Thread 12,5,main]) started.
[        ] Resolve mutations for :connectivity_plus:processDebugManifest (Thread[#42476,Execution worker Thread 12,5,main]) started.
[        ] :connectivity_plus:processDebugManifest (Thread[#42476,Execution worker Thread 12,5,main]) started.
[        ] > Task :connectivity_plus:processDebugManifest UP-TO-DATE
[        ] Caching disabled for task ':connectivity_plus:processDebugManifest' because:
[        ]   Build cache is disabled
[        ] Skipping task ':connectivity_plus:processDebugManifest' as it is up-to-date.
[        ] work action resolve AndroidManifest.xml (project :connectivity_plus) (Thread[#42476,Execution worker Thread 12,5,main]) started.
[        ] Resolve mutations for :emoji_picker_flutter:extractDeepLinksDebug (Thread[#42476,Execution worker Thread 12,5,main]) started.
[        ] :emoji_picker_flutter:extractDeepLinksDebug (Thread[#42476,Execution worker Thread 12,5,main]) started.
[        ] > Task :emoji_picker_flutter:extractDeepLinksDebug UP-TO-DATE
[        ] Caching disabled for task ':emoji_picker_flutter:extractDeepLinksDebug' because:
[        ]   Build cache is disabled
[        ] Skipping task ':emoji_picker_flutter:extractDeepLinksDebug' as it is up-to-date.
[        ] work action resolve navigation.json (project :emoji_picker_flutter) (Thread[#42476,Execution worker Thread 12,5,main]) started.
[        ] Resolve mutations for :emoji_picker_flutter:processDebugManifest (Thread[#42476,Execution worker Thread 12,5,main]) started.
[        ] :emoji_picker_flutter:processDebugManifest (Thread[#42476,Execution worker Thread 12,5,main]) started.
[        ] > Task :emoji_picker_flutter:processDebugManifest UP-TO-DATE
[        ] Caching disabled for task ':emoji_picker_flutter:processDebugManifest' because:
[        ]   Build cache is disabled
[        ] Skipping task ':emoji_picker_flutter:processDebugManifest' as it is up-to-date.
[        ] work action resolve AndroidManifest.xml (project :emoji_picker_flutter) (Thread[#42476,Execution worker Thread 12,5,main]) started.
[        ] Resolve mutations for :file_selector_android:extractDeepLinksDebug (Thread[#42476,Execution worker Thread 12,5,main]) started.
[        ] :file_selector_android:extractDeepLinksDebug (Thread[#42476,Execution worker Thread 12,5,main]) started.
[        ] > Task :file_selector_android:extractDeepLinksDebug UP-TO-DATE
[        ] Caching disabled for task ':file_selector_android:extractDeepLinksDebug' because:
[        ]   Build cache is disabled
[        ] Skipping task ':file_selector_android:extractDeepLinksDebug' as it is up-to-date.
[        ] work action resolve navigation.json (project :file_selector_android) (Thread[#42476,Execution worker Thread 12,5,main]) started.
[        ] Resolve mutations for :file_selector_android:processDebugManifest (Thread[#42476,Execution worker Thread 12,5,main]) started.
[        ] :file_selector_android:processDebugManifest (Thread[#42476,Execution worker Thread 12,5,main]) started.
[        ] > Task :file_selector_android:processDebugManifest UP-TO-DATE
[        ] Caching disabled for task ':file_selector_android:processDebugManifest' because:
[        ]   Build cache is disabled
[        ] Skipping task ':file_selector_android:processDebugManifest' as it is up-to-date.
[        ] work action resolve AndroidManifest.xml (project :file_selector_android) (Thread[#42476,Execution worker Thread 12,5,main]) started.
[        ] Resolve mutations for :flutter_keyboard_visibility_temp_fork:extractDeepLinksDebug (Thread[#42476,Execution worker Thread 12,5,main]) started.
[        ] :flutter_keyboard_visibility_temp_fork:extractDeepLinksDebug (Thread[#42476,Execution worker Thread 12,5,main]) started.
[        ] > Task :flutter_keyboard_visibility_temp_fork:extractDeepLinksDebug UP-TO-DATE
[        ] Caching disabled for task ':flutter_keyboard_visibility_temp_fork:extractDeepLinksDebug' because:
[        ]   Build cache is disabled
[        ] Skipping task ':flutter_keyboard_visibility_temp_fork:extractDeepLinksDebug' as it is up-to-date.
[        ] work action resolve navigation.json (project :flutter_keyboard_visibility_temp_fork) (Thread[#42476,Execution worker Thread 12,5,main]) started.
[        ] Resolve mutations for :flutter_keyboard_visibility_temp_fork:processDebugManifest (Thread[#42476,Execution worker Thread 12,5,main]) started.
[        ] :flutter_keyboard_visibility_temp_fork:processDebugManifest (Thread[#42476,Execution worker Thread 12,5,main]) started.
[        ] > Task :flutter_keyboard_visibility_temp_fork:processDebugManifest UP-TO-DATE
[        ] Caching disabled for task ':flutter_keyboard_visibility_temp_fork:processDebugManifest' because:
[        ]   Build cache is disabled
[        ] Skipping task ':flutter_keyboard_visibility_temp_fork:processDebugManifest' as it is up-to-date.
[        ] work action resolve AndroidManifest.xml (project :flutter_keyboard_visibility_temp_fork) (Thread[#42476,Execution worker Thread 12,5,main]) started.
[        ] Resolve mutations for :flutter_native_splash:extractDeepLinksDebug (Thread[#42476,Execution worker Thread 12,5,main]) started.
[        ] :flutter_native_splash:extractDeepLinksDebug (Thread[#42476,Execution worker Thread 12,5,main]) started.
[        ] > Task :flutter_native_splash:extractDeepLinksDebug UP-TO-DATE
[        ] Caching disabled for task ':flutter_native_splash:extractDeepLinksDebug' because:
[        ]   Build cache is disabled
[        ] Skipping task ':flutter_native_splash:extractDeepLinksDebug' as it is up-to-date.
[        ] work action resolve navigation.json (project :flutter_native_splash) (Thread[#42476,Execution worker Thread 12,5,main]) started.
[        ] Resolve mutations for :flutter_native_splash:processDebugManifest (Thread[#42476,Execution worker Thread 12,5,main]) started.
[        ] :flutter_native_splash:processDebugManifest (Thread[#42476,Execution worker Thread 12,5,main]) started.
[        ] > Task :flutter_native_splash:processDebugManifest UP-TO-DATE
[        ] Caching disabled for task ':flutter_native_splash:processDebugManifest' because:
[        ]   Build cache is disabled
[        ] Skipping task ':flutter_native_splash:processDebugManifest' as it is up-to-date.
[        ] work action resolve AndroidManifest.xml (project :flutter_native_splash) (Thread[#42476,Execution worker Thread 12,5,main]) started.
[        ] Resolve mutations for :flutter_olm:extractDeepLinksDebug (Thread[#42476,Execution worker Thread 12,5,main]) started.
[        ] :flutter_olm:extractDeepLinksDebug (Thread[#42476,Execution worker Thread 12,5,main]) started.
[        ] > Task :flutter_olm:extractDeepLinksDebug UP-TO-DATE
[        ] Caching disabled for task ':flutter_olm:extractDeepLinksDebug' because:
[        ]   Build cache is disabled
[        ] Skipping task ':flutter_olm:extractDeepLinksDebug' as it is up-to-date.
[        ] work action resolve navigation.json (project :flutter_olm) (Thread[#42476,Execution worker Thread 12,5,main]) started.
[        ] Resolve mutations for :flutter_olm:processDebugManifest (Thread[#42476,Execution worker Thread 12,5,main]) started.
[        ] :flutter_olm:processDebugManifest (Thread[#42476,Execution worker Thread 12,5,main]) started.
[        ] > Task :flutter_olm:processDebugManifest UP-TO-DATE
[        ] Caching disabled for task ':flutter_olm:processDebugManifest' because:
[        ]   Build cache is disabled
[        ] Skipping task ':flutter_olm:processDebugManifest' as it is up-to-date.
[        ] work action resolve AndroidManifest.xml (project :flutter_olm) (Thread[#42476,Execution worker Thread 12,5,main]) started.
[        ] Resolve mutations for :flutter_openssl_crypto:extractDeepLinksDebug (Thread[#42476,Execution worker Thread 12,5,main]) started.
[        ] :flutter_openssl_crypto:extractDeepLinksDebug (Thread[#42476,Execution worker Thread 12,5,main]) started.
[        ] > Task :flutter_openssl_crypto:extractDeepLinksDebug UP-TO-DATE
[        ] Caching disabled for task ':flutter_openssl_crypto:extractDeepLinksDebug' because:
[        ]   Build cache is disabled
[        ] Skipping task ':flutter_openssl_crypto:extractDeepLinksDebug' as it is up-to-date.
[        ] work action resolve navigation.json (project :flutter_openssl_crypto) (Thread[#42476,Execution worker Thread 12,5,main]) started.
[        ] Resolve mutations for :flutter_openssl_crypto:processDebugManifest (Thread[#42476,Execution worker Thread 12,5,main]) started.
[        ] :flutter_openssl_crypto:processDebugManifest (Thread[#42476,Execution worker Thread 12,5,main]) started.
[        ] > Task :flutter_openssl_crypto:processDebugManifest UP-TO-DATE
[        ] Caching disabled for task ':flutter_openssl_crypto:processDebugManifest' because:
[        ]   Build cache is disabled
[        ] Skipping task ':flutter_openssl_crypto:processDebugManifest' as it is up-to-date.
[        ] work action resolve AndroidManifest.xml (project :flutter_openssl_crypto) (Thread[#42476,Execution worker Thread 12,5,main]) started.
[        ] Resolve mutations for :integration_test:extractDeepLinksDebug (Thread[#42476,Execution worker Thread 12,5,main]) started.
[        ] :integration_test:extractDeepLinksDebug (Thread[#42476,Execution worker Thread 12,5,main]) started.
[        ] > Task :integration_test:extractDeepLinksDebug UP-TO-DATE
[        ] Caching disabled for task ':integration_test:extractDeepLinksDebug' because:
[        ]   Build cache is disabled
[        ] Skipping task ':integration_test:extractDeepLinksDebug' as it is up-to-date.
[        ] work action resolve navigation.json (project :integration_test) (Thread[#42476,Execution worker Thread 12,5,main]) started.
[        ] Resolve mutations for :integration_test:processDebugManifest (Thread[#42476,Execution worker Thread 12,5,main]) started.
[        ] :integration_test:processDebugManifest (Thread[#42476,Execution worker Thread 12,5,main]) started.
[        ] > Task :integration_test:processDebugManifest UP-TO-DATE
[        ] Caching disabled for task ':integration_test:processDebugManifest' because:
[        ]   Build cache is disabled
[        ] Skipping task ':integration_test:processDebugManifest' as it is up-to-date.
[        ] work action resolve AndroidManifest.xml (project :integration_test) (Thread[#42476,Execution worker Thread 12,5,main]) started.
[        ] Resolve mutations for :path_provider_android:extractDeepLinksDebug (Thread[#42476,Execution worker Thread 12,5,main]) started.
[        ] :path_provider_android:extractDeepLinksDebug (Thread[#42476,Execution worker Thread 12,5,main]) started.
[        ] > Task :path_provider_android:extractDeepLinksDebug UP-TO-DATE
[        ] Caching disabled for task ':path_provider_android:extractDeepLinksDebug' because:
[        ]   Build cache is disabled
[        ] Skipping task ':path_provider_android:extractDeepLinksDebug' as it is up-to-date.
[        ] work action resolve navigation.json (project :path_provider_android) (Thread[#42476,Execution worker Thread 12,5,main]) started.
[        ] Resolve mutations for :path_provider_android:processDebugManifest (Thread[#42476,Execution worker Thread 12,5,main]) started.
[        ] :path_provider_android:processDebugManifest (Thread[#42476,Execution worker Thread 12,5,main]) started.
[        ] > Task :path_provider_android:processDebugManifest UP-TO-DATE
[        ] Caching disabled for task ':path_provider_android:processDebugManifest' because:
[        ]   Build cache is disabled
[        ] Skipping task ':path_provider_android:processDebugManifest' as it is up-to-date.
[        ] work action resolve AndroidManifest.xml (project :path_provider_android) (Thread[#42476,Execution worker Thread 12,5,main]) started.
[        ] Resolve mutations for :quill_native_bridge_android:extractDeepLinksDebug (Thread[#42476,Execution worker Thread 12,5,main]) started.
[        ] :quill_native_bridge_android:extractDeepLinksDebug (Thread[#42476,Execution worker Thread 12,5,main]) started.
[        ] > Task :quill_native_bridge_android:extractDeepLinksDebug UP-TO-DATE
[        ] Caching disabled for task ':quill_native_bridge_android:extractDeepLinksDebug' because:
[        ]   Build cache is disabled
[        ] Skipping task ':quill_native_bridge_android:extractDeepLinksDebug' as it is up-to-date.
[        ] work action resolve navigation.json (project :quill_native_bridge_android) (Thread[#42476,Execution worker Thread 12,5,main]) started.
[        ] Resolve mutations for :quill_native_bridge_android:processDebugManifest (Thread[#42476,Execution worker Thread 12,5,main]) started.
[        ] :quill_native_bridge_android:processDebugManifest (Thread[#42476,Execution worker Thread 12,5,main]) started.
[        ] > Task :quill_native_bridge_android:processDebugManifest UP-TO-DATE
[        ] Caching disabled for task ':quill_native_bridge_android:processDebugManifest' because:
[        ]   Build cache is disabled
[        ] Skipping task ':quill_native_bridge_android:processDebugManifest' as it is up-to-date.
[        ] work action resolve AndroidManifest.xml (project :quill_native_bridge_android) (Thread[#42476,Execution worker Thread 12,5,main]) started.
[        ] Resolve mutations for :shared_preferences_android:extractDeepLinksDebug (Thread[#42476,Execution worker Thread 12,5,main]) started.
[        ] :shared_preferences_android:extractDeepLinksDebug (Thread[#42476,Execution worker Thread 12,5,main]) started.
[        ] > Task :shared_preferences_android:extractDeepLinksDebug UP-TO-DATE
[        ] Caching disabled for task ':shared_preferences_android:extractDeepLinksDebug' because:
[        ]   Build cache is disabled
[        ] Skipping task ':shared_preferences_android:extractDeepLinksDebug' as it is up-to-date.
[        ] work action resolve navigation.json (project :shared_preferences_android) (Thread[#42476,Execution worker Thread 12,5,main]) started.
[        ] Resolve mutations for :shared_preferences_android:processDebugManifest (Thread[#42476,Execution worker Thread 12,5,main]) started.
[        ] :shared_preferences_android:processDebugManifest (Thread[#42476,Execution worker Thread 12,5,main]) started.
[        ] > Task :shared_preferences_android:processDebugManifest UP-TO-DATE
[        ] Caching disabled for task ':shared_preferences_android:processDebugManifest' because:
[        ]   Build cache is disabled
[        ] Skipping task ':shared_preferences_android:processDebugManifest' as it is up-to-date.
[        ] work action resolve AndroidManifest.xml (project :shared_preferences_android) (Thread[#42476,Execution worker Thread 12,5,main]) started.
[        ] Resolve mutations for :sqflite_android:extractDeepLinksDebug (Thread[#42476,Execution worker Thread 12,5,main]) started.
[        ] :sqflite_android:extractDeepLinksDebug (Thread[#42476,Execution worker Thread 12,5,main]) started.
[        ] > Task :sqflite_android:extractDeepLinksDebug UP-TO-DATE
[        ] Caching disabled for task ':sqflite_android:extractDeepLinksDebug' because:
[        ]   Build cache is disabled
[        ] Skipping task ':sqflite_android:extractDeepLinksDebug' as it is up-to-date.
[        ] work action resolve navigation.json (project :sqflite_android) (Thread[#42476,Execution worker Thread 12,5,main]) started.
[        ] Resolve mutations for :sqflite_android:processDebugManifest (Thread[#42476,Execution worker Thread 12,5,main]) started.
[        ] :sqflite_android:processDebugManifest (Thread[#42476,Execution worker Thread 12,5,main]) started.
[        ] > Task :sqflite_android:processDebugManifest UP-TO-DATE
[        ] Caching disabled for task ':sqflite_android:processDebugManifest' because:
[        ]   Build cache is disabled
[        ] Skipping task ':sqflite_android:processDebugManifest' as it is up-to-date.
[        ] work action resolve AndroidManifest.xml (project :sqflite_android) (Thread[#42476,Execution worker Thread 12,5,main]) started.
[        ] Resolve mutations for :url_launcher_android:extractDeepLinksDebug (Thread[#42476,Execution worker Thread 12,5,main]) started.
[        ] :url_launcher_android:extractDeepLinksDebug (Thread[#42476,Execution worker Thread 12,5,main]) started.
[        ] > Task :url_launcher_android:extractDeepLinksDebug UP-TO-DATE
[        ] Caching disabled for task ':url_launcher_android:extractDeepLinksDebug' because:
[        ]   Build cache is disabled
[        ] Skipping task ':url_launcher_android:extractDeepLinksDebug' as it is up-to-date.
[        ] work action resolve navigation.json (project :url_launcher_android) (Thread[#42476,Execution worker Thread 12,5,main]) started.
[        ] Resolve mutations for :url_launcher_android:processDebugManifest (Thread[#42476,Execution worker Thread 12,5,main]) started.
[        ] :url_launcher_android:processDebugManifest (Thread[#42476,Execution worker Thread 12,5,main]) started.
[        ] > Task :url_launcher_android:processDebugManifest UP-TO-DATE
[        ] Caching disabled for task ':url_launcher_android:processDebugManifest' because:
[        ]   Build cache is disabled
[        ] Skipping task ':url_launcher_android:processDebugManifest' as it is up-to-date.
[        ] work action resolve AndroidManifest.xml (project :url_launcher_android) (Thread[#42476,Execution worker Thread 12,5,main]) started.
[        ] Resolve mutations for :video_player_android:extractDeepLinksDebug (Thread[#42476,Execution worker Thread 12,5,main]) started.
[        ] :video_player_android:extractDeepLinksDebug (Thread[#42476,Execution worker Thread 12,5,main]) started.
[        ] > Task :video_player_android:extractDeepLinksDebug UP-TO-DATE
[        ] Caching disabled for task ':video_player_android:extractDeepLinksDebug' because:
[        ]   Build cache is disabled
[        ] Skipping task ':video_player_android:extractDeepLinksDebug' as it is up-to-date.
[        ] work action resolve navigation.json (project :video_player_android) (Thread[#42476,Execution worker Thread 12,5,main]) started.
[        ] Resolve mutations for :video_player_android:processDebugManifest (Thread[#42476,Execution worker Thread 12,5,main]) started.
[        ] :video_player_android:processDebugManifest (Thread[#42476,Execution worker Thread 12,5,main]) started.
[        ] > Task :video_player_android:processDebugManifest UP-TO-DATE
[        ] Caching disabled for task ':video_player_android:processDebugManifest' because:
[        ]   Build cache is disabled
[        ] Skipping task ':video_player_android:processDebugManifest' as it is up-to-date.
[        ] work action resolve AndroidManifest.xml (project :video_player_android) (Thread[#42476,Execution worker Thread 12,5,main]) started.
[        ] Resolve mutations for :app:processDebugMainManifest (Thread[#42476,Execution worker Thread 12,5,main]) started.
[        ] :app:processDebugMainManifest (Thread[#42476,Execution worker Thread 12,5,main]) started.
[        ] > Task :app:processDebugMainManifest UP-TO-DATE
[        ] Caching disabled for task ':app:processDebugMainManifest' because:
[        ]   Build cache is disabled
[        ] Skipping task ':app:processDebugMainManifest' as it is up-to-date.
[        ] Resolve mutations for :app:outputDebugAppLinkSettings (Thread[#42476,Execution worker Thread 12,5,main]) started.
[        ] :app:outputDebugAppLinkSettings (Thread[#42476,Execution worker Thread 12,5,main]) started.
[        ] > Task :app:outputDebugAppLinkSettings UP-TO-DATE
[        ] Caching disabled for task ':app:outputDebugAppLinkSettings' because:
[        ]   Build cache is disabled
[        ]   Caching has not been enabled for the task
[        ] Skipping task ':app:outputDebugAppLinkSettings' as it is up-to-date.
[        ] Resolve mutations for :app:processDebugManifest (Thread[#42476,Execution worker Thread 12,5,main]) started.
[        ] :app:processDebugManifest (Thread[#42476,Execution worker Thread 12,5,main]) started.
[        ] > Task :app:processDebugManifest UP-TO-DATE
[        ] Caching disabled for task ':app:processDebugManifest' because:
[        ]   Build cache is disabled
[        ] Skipping task ':app:processDebugManifest' as it is up-to-date.
[        ] Resolve mutations for :app:processDebugManifestForPackage (Thread[#42476,Execution worker Thread 12,5,main]) started.
[        ] :app:processDebugManifestForPackage (Thread[#42476,Execution worker Thread 12,5,main]) started.
[        ] > Task :app:processDebugManifestForPackage UP-TO-DATE
[        ] Custom actions are attached to task ':app:processDebugManifestForPackage'.
[        ] Caching disabled for task ':app:processDebugManifestForPackage' because:
[        ]   Build cache is disabled
[        ] Skipping task ':app:processDebugManifestForPackage' as it is up-to-date.
[        ] Resolve mutations for :connectivity_plus:compileDebugLibraryResources (Thread[#42476,Execution worker Thread 12,5,main]) started.
[        ] :connectivity_plus:compileDebugLibraryResources (Thread[#42476,Execution worker Thread 12,5,main]) started.
[        ] > Task :connectivity_plus:compileDebugLibraryResources UP-TO-DATE
[        ] Caching disabled for task ':connectivity_plus:compileDebugLibraryResources' because:
[        ]   Build cache is disabled
[        ] Skipping task ':connectivity_plus:compileDebugLibraryResources' as it is up-to-date.
[        ] work action resolve out (project :connectivity_plus) (Thread[#42476,Execution worker Thread 12,5,main]) started.
[        ] Resolve mutations for :connectivity_plus:parseDebugLocalResources (Thread[#42476,Execution worker Thread 12,5,main]) started.
[        ] :connectivity_plus:parseDebugLocalResources (Thread[#42476,Execution worker Thread 12,5,main]) started.
[        ] > Task :connectivity_plus:parseDebugLocalResources UP-TO-DATE
[        ] Caching disabled for task ':connectivity_plus:parseDebugLocalResources' because:
[        ]   Build cache is disabled
[        ] Skipping task ':connectivity_plus:parseDebugLocalResources' as it is up-to-date.
[        ] Resolve mutations for :connectivity_plus:generateDebugRFile (Thread[#42476,Execution worker Thread 12,5,main]) started.
[        ] :connectivity_plus:generateDebugRFile (Thread[#42476,Execution worker Thread 12,5,main]) started.
[        ] > Task :connectivity_plus:generateDebugRFile UP-TO-DATE
[        ] Caching disabled for task ':connectivity_plus:generateDebugRFile' because:
[        ]   Build cache is disabled
[        ] Skipping task ':connectivity_plus:generateDebugRFile' as it is up-to-date.
[        ] work action resolve package-aware-r.txt (project :connectivity_plus) (Thread[#42476,Execution worker Thread 12,5,main]) started.
[        ] Resolve mutations for :emoji_picker_flutter:compileDebugLibraryResources (Thread[#42476,Execution worker Thread 12,5,main]) started.
[        ] :emoji_picker_flutter:compileDebugLibraryResources (Thread[#42476,Execution worker Thread 12,5,main]) started.
[        ] > Task :emoji_picker_flutter:compileDebugLibraryResources UP-TO-DATE
[        ] Caching disabled for task ':emoji_picker_flutter:compileDebugLibraryResources' because:
[        ]   Build cache is disabled
[        ] Skipping task ':emoji_picker_flutter:compileDebugLibraryResources' as it is up-to-date.
[        ] work action resolve out (project :emoji_picker_flutter) (Thread[#42476,Execution worker Thread 12,5,main]) started.
[        ] Resolve mutations for :emoji_picker_flutter:parseDebugLocalResources (Thread[#42476,Execution worker Thread 12,5,main]) started.
[        ] :emoji_picker_flutter:parseDebugLocalResources (Thread[#42476,Execution worker Thread 12,5,main]) started.
[        ] > Task :emoji_picker_flutter:parseDebugLocalResources UP-TO-DATE
[        ] Caching disabled for task ':emoji_picker_flutter:parseDebugLocalResources' because:
[        ]   Build cache is disabled
[        ] Skipping task ':emoji_picker_flutter:parseDebugLocalResources' as it is up-to-date.
[        ] Resolve mutations for :emoji_picker_flutter:generateDebugRFile (Thread[#42476,Execution worker Thread 12,5,main]) started.
[        ] :emoji_picker_flutter:generateDebugRFile (Thread[#42476,Execution worker Thread 12,5,main]) started.
[        ] > Task :emoji_picker_flutter:generateDebugRFile UP-TO-DATE
[        ] Caching disabled for task ':emoji_picker_flutter:generateDebugRFile' because:
[        ]   Build cache is disabled
[        ] Skipping task ':emoji_picker_flutter:generateDebugRFile' as it is up-to-date.
[        ] work action resolve package-aware-r.txt (project :emoji_picker_flutter) (Thread[#42476,Execution worker Thread 12,5,main]) started.
[        ] Resolve mutations for :file_selector_android:compileDebugLibraryResources (Thread[#42476,Execution worker Thread 12,5,main]) started.
[        ] :file_selector_android:compileDebugLibraryResources (Thread[#42476,Execution worker Thread 12,5,main]) started.
[        ] > Task :file_selector_android:compileDebugLibraryResources UP-TO-DATE
[        ] Caching disabled for task ':file_selector_android:compileDebugLibraryResources' because:
[        ]   Build cache is disabled
[        ] Skipping task ':file_selector_android:compileDebugLibraryResources' as it is up-to-date.
[        ] work action resolve out (project :file_selector_android) (Thread[#42476,Execution worker Thread 12,5,main]) started.
[        ] Resolve mutations for :file_selector_android:parseDebugLocalResources (Thread[#42476,Execution worker Thread 12,5,main]) started.
[        ] :file_selector_android:parseDebugLocalResources (Thread[#42476,Execution worker Thread 12,5,main]) started.
[        ] > Task :file_selector_android:parseDebugLocalResources UP-TO-DATE
[        ] Caching disabled for task ':file_selector_android:parseDebugLocalResources' because:
[        ]   Build cache is disabled
[        ] Skipping task ':file_selector_android:parseDebugLocalResources' as it is up-to-date.
[        ] Resolve mutations for :file_selector_android:generateDebugRFile (Thread[#42476,Execution worker Thread 12,5,main]) started.
[        ] :file_selector_android:generateDebugRFile (Thread[#42476,Execution worker Thread 12,5,main]) started.
[        ] > Task :file_selector_android:generateDebugRFile UP-TO-DATE
[        ] Caching disabled for task ':file_selector_android:generateDebugRFile' because:
[        ]   Build cache is disabled
[        ] Skipping task ':file_selector_android:generateDebugRFile' as it is up-to-date.
[        ] work action resolve package-aware-r.txt (project :file_selector_android) (Thread[#42476,Execution worker Thread 12,5,main]) started.
[        ] Resolve mutations for :flutter_keyboard_visibility_temp_fork:compileDebugLibraryResources (Thread[#42476,Execution worker Thread 12,5,main]) started.
[        ] :flutter_keyboard_visibility_temp_fork:compileDebugLibraryResources (Thread[#42476,Execution worker Thread 12,5,main]) started.
[        ] > Task :flutter_keyboard_visibility_temp_fork:compileDebugLibraryResources UP-TO-DATE
[        ] Caching disabled for task ':flutter_keyboard_visibility_temp_fork:compileDebugLibraryResources' because:
[        ]   Build cache is disabled
[        ] Skipping task ':flutter_keyboard_visibility_temp_fork:compileDebugLibraryResources' as it is up-to-date.
[        ] work action resolve out (project :flutter_keyboard_visibility_temp_fork) (Thread[#42476,Execution worker Thread 12,5,main]) started.
[        ] Resolve mutations for :flutter_keyboard_visibility_temp_fork:parseDebugLocalResources (Thread[#42476,Execution worker Thread 12,5,main]) started.
[        ] :flutter_keyboard_visibility_temp_fork:parseDebugLocalResources (Thread[#42476,Execution worker Thread 12,5,main]) started.
[        ] > Task :flutter_keyboard_visibility_temp_fork:parseDebugLocalResources UP-TO-DATE
[        ] Caching disabled for task ':flutter_keyboard_visibility_temp_fork:parseDebugLocalResources' because:
[        ]   Build cache is disabled
[        ] Skipping task ':flutter_keyboard_visibility_temp_fork:parseDebugLocalResources' as it is up-to-date.
[        ] Resolve mutations for :flutter_keyboard_visibility_temp_fork:generateDebugRFile (Thread[#42476,Execution worker Thread 12,5,main]) started.
[        ] :flutter_keyboard_visibility_temp_fork:generateDebugRFile (Thread[#42476,Execution worker Thread 12,5,main]) started.
[        ] > Task :flutter_keyboard_visibility_temp_fork:generateDebugRFile UP-TO-DATE
[        ] Caching disabled for task ':flutter_keyboard_visibility_temp_fork:generateDebugRFile' because:
[        ]   Build cache is disabled
[        ] Skipping task ':flutter_keyboard_visibility_temp_fork:generateDebugRFile' as it is up-to-date.
[        ] work action resolve package-aware-r.txt (project :flutter_keyboard_visibility_temp_fork) (Thread[#42476,Execution worker Thread 12,5,main]) started.
[        ] Resolve mutations for :flutter_native_splash:compileDebugLibraryResources (Thread[#42476,Execution worker Thread 12,5,main]) started.
[        ] :flutter_native_splash:compileDebugLibraryResources (Thread[#42476,Execution worker Thread 12,5,main]) started.
[        ] > Task :flutter_native_splash:compileDebugLibraryResources UP-TO-DATE
[        ] Caching disabled for task ':flutter_native_splash:compileDebugLibraryResources' because:
[        ]   Build cache is disabled
[        ] Skipping task ':flutter_native_splash:compileDebugLibraryResources' as it is up-to-date.
[        ] work action resolve out (project :flutter_native_splash) (Thread[#42476,Execution worker Thread 12,5,main]) started.
[        ] Resolve mutations for :flutter_native_splash:parseDebugLocalResources (Thread[#42476,Execution worker Thread 12,5,main]) started.
[        ] :flutter_native_splash:parseDebugLocalResources (Thread[#42476,Execution worker Thread 12,5,main]) started.
[        ] > Task :flutter_native_splash:parseDebugLocalResources UP-TO-DATE
[        ] Caching disabled for task ':flutter_native_splash:parseDebugLocalResources' because:
[        ]   Build cache is disabled
[        ] Skipping task ':flutter_native_splash:parseDebugLocalResources' as it is up-to-date.
[        ] Resolve mutations for :flutter_native_splash:generateDebugRFile (Thread[#42476,Execution worker Thread 12,5,main]) started.
[        ] :flutter_native_splash:generateDebugRFile (Thread[#42476,Execution worker Thread 12,5,main]) started.
[        ] > Task :flutter_native_splash:generateDebugRFile UP-TO-DATE
[        ] Caching disabled for task ':flutter_native_splash:generateDebugRFile' because:
[        ]   Build cache is disabled
[        ] Skipping task ':flutter_native_splash:generateDebugRFile' as it is up-to-date.
[        ] work action resolve package-aware-r.txt (project :flutter_native_splash) (Thread[#42476,Execution worker Thread 12,5,main]) started.
[        ] Resolve mutations for :flutter_olm:compileDebugLibraryResources (Thread[#42476,Execution worker Thread 12,5,main]) started.
[        ] :flutter_olm:compileDebugLibraryResources (Thread[#42476,Execution worker Thread 12,5,main]) started.
[        ] > Task :flutter_olm:compileDebugLibraryResources UP-TO-DATE
[        ] Caching disabled for task ':flutter_olm:compileDebugLibraryResources' because:
[        ]   Build cache is disabled
[        ] Skipping task ':flutter_olm:compileDebugLibraryResources' as it is up-to-date.
[        ] work action resolve out (project :flutter_olm) (Thread[#42476,Execution worker Thread 12,5,main]) started.
[        ] Resolve mutations for :flutter_olm:parseDebugLocalResources (Thread[#42476,Execution worker Thread 12,5,main]) started.
[        ] :flutter_olm:parseDebugLocalResources (Thread[#42476,Execution worker Thread 12,5,main]) started.
[        ] > Task :flutter_olm:parseDebugLocalResources UP-TO-DATE
[        ] Caching disabled for task ':flutter_olm:parseDebugLocalResources' because:
[        ]   Build cache is disabled
[        ] Skipping task ':flutter_olm:parseDebugLocalResources' as it is up-to-date.
[        ] Resolve mutations for :flutter_olm:generateDebugRFile (Thread[#42476,Execution worker Thread 12,5,main]) started.
[        ] :flutter_olm:generateDebugRFile (Thread[#42476,Execution worker Thread 12,5,main]) started.
[        ] > Task :flutter_olm:generateDebugRFile UP-TO-DATE
[        ] Caching disabled for task ':flutter_olm:generateDebugRFile' because:
[        ]   Build cache is disabled
[        ] Skipping task ':flutter_olm:generateDebugRFile' as it is up-to-date.
[        ] work action resolve package-aware-r.txt (project :flutter_olm) (Thread[#42476,Execution worker Thread 12,5,main]) started.
[        ] Resolve mutations for :flutter_openssl_crypto:compileDebugLibraryResources (Thread[#42476,Execution worker Thread 12,5,main]) started.
[        ] :flutter_openssl_crypto:compileDebugLibraryResources (Thread[#42476,Execution worker Thread 12,5,main]) started.
[        ] > Task :flutter_openssl_crypto:compileDebugLibraryResources UP-TO-DATE
[        ] Caching disabled for task ':flutter_openssl_crypto:compileDebugLibraryResources' because:
[        ]   Build cache is disabled
[        ] Skipping task ':flutter_openssl_crypto:compileDebugLibraryResources' as it is up-to-date.
[        ] work action resolve out (project :flutter_openssl_crypto) (Thread[#42476,Execution worker Thread 12,5,main]) started.
[        ] Resolve mutations for :flutter_openssl_crypto:parseDebugLocalResources (Thread[#42476,Execution worker Thread 12,5,main]) started.
[        ] :flutter_openssl_crypto:parseDebugLocalResources (Thread[#42476,Execution worker Thread 12,5,main]) started.
[        ] > Task :flutter_openssl_crypto:parseDebugLocalResources UP-TO-DATE
[        ] Caching disabled for task ':flutter_openssl_crypto:parseDebugLocalResources' because:
[        ]   Build cache is disabled
[        ] Skipping task ':flutter_openssl_crypto:parseDebugLocalResources' as it is up-to-date.
[        ] Resolve mutations for :flutter_openssl_crypto:generateDebugRFile (Thread[#42476,Execution worker Thread 12,5,main]) started.
[        ] :flutter_openssl_crypto:generateDebugRFile (Thread[#42476,Execution worker Thread 12,5,main]) started.
[        ] > Task :flutter_openssl_crypto:generateDebugRFile UP-TO-DATE
[        ] Caching disabled for task ':flutter_openssl_crypto:generateDebugRFile' because:
[        ]   Build cache is disabled
[        ] Skipping task ':flutter_openssl_crypto:generateDebugRFile' as it is up-to-date.
[        ] work action resolve package-aware-r.txt (project :flutter_openssl_crypto) (Thread[#42476,Execution worker Thread 12,5,main]) started.
[        ] Resolve mutations for :integration_test:compileDebugLibraryResources (Thread[#42476,Execution worker Thread 12,5,main]) started.
[        ] :integration_test:compileDebugLibraryResources (Thread[#42476,Execution worker Thread 12,5,main]) started.
[        ] > Task :integration_test:compileDebugLibraryResources UP-TO-DATE
[        ] Caching disabled for task ':integration_test:compileDebugLibraryResources' because:
[        ]   Build cache is disabled
[        ] Skipping task ':integration_test:compileDebugLibraryResources' as it is up-to-date.
[        ] work action resolve out (project :integration_test) (Thread[#42476,Execution worker Thread 12,5,main]) started.
[        ] Resolve mutations for :integration_test:parseDebugLocalResources (Thread[#42476,Execution worker Thread 12,5,main]) started.
[        ] :integration_test:parseDebugLocalResources (Thread[#42476,Execution worker Thread 12,5,main]) started.
[        ] > Task :integration_test:parseDebugLocalResources UP-TO-DATE
[        ] Caching disabled for task ':integration_test:parseDebugLocalResources' because:
[        ]   Build cache is disabled
[        ] Skipping task ':integration_test:parseDebugLocalResources' as it is up-to-date.
[        ] Resolve mutations for :integration_test:generateDebugRFile (Thread[#42476,Execution worker Thread 12,5,main]) started.
[        ] :integration_test:generateDebugRFile (Thread[#42476,Execution worker Thread 12,5,main]) started.
[        ] > Task :integration_test:generateDebugRFile UP-TO-DATE
[        ] Caching disabled for task ':integration_test:generateDebugRFile' because:
[        ]   Build cache is disabled
[        ] Skipping task ':integration_test:generateDebugRFile' as it is up-to-date.
[        ] work action resolve package-aware-r.txt (project :integration_test) (Thread[#42476,Execution worker Thread 12,5,main]) started.
[        ] Resolve mutations for :path_provider_android:compileDebugLibraryResources (Thread[#42476,Execution worker Thread 12,5,main]) started.
[        ] :path_provider_android:compileDebugLibraryResources (Thread[#42476,Execution worker Thread 12,5,main]) started.
[        ] > Task :path_provider_android:compileDebugLibraryResources UP-TO-DATE
[        ] Caching disabled for task ':path_provider_android:compileDebugLibraryResources' because:
[        ]   Build cache is disabled
[        ] Skipping task ':path_provider_android:compileDebugLibraryResources' as it is up-to-date.
[        ] work action resolve out (project :path_provider_android) (Thread[#42476,Execution worker Thread 12,5,main]) started.
[        ] Resolve mutations for :path_provider_android:parseDebugLocalResources (Thread[#42476,Execution worker Thread 12,5,main]) started.
[        ] :path_provider_android:parseDebugLocalResources (Thread[#42476,Execution worker Thread 12,5,main]) started.
[        ] > Task :path_provider_android:parseDebugLocalResources UP-TO-DATE
[        ] Caching disabled for task ':path_provider_android:parseDebugLocalResources' because:
[        ]   Build cache is disabled
[        ] Skipping task ':path_provider_android:parseDebugLocalResources' as it is up-to-date.
[        ] Resolve mutations for :path_provider_android:generateDebugRFile (Thread[#42476,Execution worker Thread 12,5,main]) started.
[        ] :path_provider_android:generateDebugRFile (Thread[#42476,Execution worker Thread 12,5,main]) started.
[        ] > Task :path_provider_android:generateDebugRFile UP-TO-DATE
[        ] Caching disabled for task ':path_provider_android:generateDebugRFile' because:
[        ]   Build cache is disabled
[        ] Skipping task ':path_provider_android:generateDebugRFile' as it is up-to-date.
[        ] work action resolve package-aware-r.txt (project :path_provider_android) (Thread[#42476,Execution worker Thread 12,5,main]) started.
[        ] Resolve mutations for :quill_native_bridge_android:compileDebugLibraryResources (Thread[#42476,Execution worker Thread 12,5,main]) started.
[        ] :quill_native_bridge_android:compileDebugLibraryResources (Thread[#42476,Execution worker Thread 12,5,main]) started.
[        ] > Task :quill_native_bridge_android:compileDebugLibraryResources UP-TO-DATE
[        ] Caching disabled for task ':quill_native_bridge_android:compileDebugLibraryResources' because:
[        ]   Build cache is disabled
[        ] Skipping task ':quill_native_bridge_android:compileDebugLibraryResources' as it is up-to-date.
[        ] work action resolve out (project :quill_native_bridge_android) (Thread[#42476,Execution worker Thread 12,5,main]) started.
[        ] Resolve mutations for :quill_native_bridge_android:parseDebugLocalResources (Thread[#42476,Execution worker Thread 12,5,main]) started.
[        ] :quill_native_bridge_android:parseDebugLocalResources (Thread[#42476,Execution worker Thread 12,5,main]) started.
[        ] > Task :quill_native_bridge_android:parseDebugLocalResources UP-TO-DATE
[        ] Caching disabled for task ':quill_native_bridge_android:parseDebugLocalResources' because:
[        ]   Build cache is disabled
[        ] Skipping task ':quill_native_bridge_android:parseDebugLocalResources' as it is up-to-date.
[        ] Resolve mutations for :quill_native_bridge_android:generateDebugRFile (Thread[#42476,Execution worker Thread 12,5,main]) started.
[        ] :quill_native_bridge_android:generateDebugRFile (Thread[#42476,Execution worker Thread 12,5,main]) started.
[        ] > Task :quill_native_bridge_android:generateDebugRFile UP-TO-DATE
[        ] Caching disabled for task ':quill_native_bridge_android:generateDebugRFile' because:
[        ]   Build cache is disabled
[        ] Skipping task ':quill_native_bridge_android:generateDebugRFile' as it is up-to-date.
[        ] work action resolve package-aware-r.txt (project :quill_native_bridge_android) (Thread[#42476,Execution worker Thread 12,5,main]) started.
[        ] Resolve mutations for :shared_preferences_android:compileDebugLibraryResources (Thread[#42476,Execution worker Thread 12,5,main]) started.
[        ] :shared_preferences_android:compileDebugLibraryResources (Thread[#42476,Execution worker Thread 12,5,main]) started.
[        ] > Task :shared_preferences_android:compileDebugLibraryResources UP-TO-DATE
[        ] Caching disabled for task ':shared_preferences_android:compileDebugLibraryResources' because:
[        ]   Build cache is disabled
[        ] Skipping task ':shared_preferences_android:compileDebugLibraryResources' as it is up-to-date.
[        ] work action resolve out (project :shared_preferences_android) (Thread[#42476,Execution worker Thread 12,5,main]) started.
[        ] Resolve mutations for :shared_preferences_android:parseDebugLocalResources (Thread[#42476,Execution worker Thread 12,5,main]) started.
[        ] :shared_preferences_android:parseDebugLocalResources (Thread[#42476,Execution worker Thread 12,5,main]) started.
[        ] > Task :shared_preferences_android:parseDebugLocalResources UP-TO-DATE
[        ] Caching disabled for task ':shared_preferences_android:parseDebugLocalResources' because:
[        ]   Build cache is disabled
[        ] Skipping task ':shared_preferences_android:parseDebugLocalResources' as it is up-to-date.
[        ] Resolve mutations for :shared_preferences_android:generateDebugRFile (Thread[#42476,Execution worker Thread 12,5,main]) started.
[        ] :shared_preferences_android:generateDebugRFile (Thread[#42476,Execution worker Thread 12,5,main]) started.
[        ] > Task :shared_preferences_android:generateDebugRFile UP-TO-DATE
[        ] Caching disabled for task ':shared_preferences_android:generateDebugRFile' because:
[        ]   Build cache is disabled
[        ] Skipping task ':shared_preferences_android:generateDebugRFile' as it is up-to-date.
[        ] work action resolve package-aware-r.txt (project :shared_preferences_android) (Thread[#42476,Execution worker Thread 12,5,main]) started.
[        ] Resolve mutations for :sqflite_android:compileDebugLibraryResources (Thread[#42476,Execution worker Thread 12,5,main]) started.
[        ] :sqflite_android:compileDebugLibraryResources (Thread[#42476,Execution worker Thread 12,5,main]) started.
[        ] > Task :sqflite_android:compileDebugLibraryResources UP-TO-DATE
[        ] Caching disabled for task ':sqflite_android:compileDebugLibraryResources' because:
[        ]   Build cache is disabled
[        ] Skipping task ':sqflite_android:compileDebugLibraryResources' as it is up-to-date.
[        ] work action resolve out (project :sqflite_android) (Thread[#42476,Execution worker Thread 12,5,main]) started.
[        ] Resolve mutations for :sqflite_android:parseDebugLocalResources (Thread[#42476,Execution worker Thread 12,5,main]) started.
[        ] :sqflite_android:parseDebugLocalResources (Thread[#42476,Execution worker Thread 12,5,main]) started.
[        ] > Task :sqflite_android:parseDebugLocalResources UP-TO-DATE
[        ] Caching disabled for task ':sqflite_android:parseDebugLocalResources' because:
[        ]   Build cache is disabled
[        ] Skipping task ':sqflite_android:parseDebugLocalResources' as it is up-to-date.
[        ] Resolve mutations for :sqflite_android:generateDebugRFile (Thread[#42476,Execution worker Thread 12,5,main]) started.
[        ] :sqflite_android:generateDebugRFile (Thread[#42476,Execution worker Thread 12,5,main]) started.
[        ] > Task :sqflite_android:generateDebugRFile UP-TO-DATE
[        ] Caching disabled for task ':sqflite_android:generateDebugRFile' because:
[        ]   Build cache is disabled
[        ] Skipping task ':sqflite_android:generateDebugRFile' as it is up-to-date.
[        ] work action resolve package-aware-r.txt (project :sqflite_android) (Thread[#42476,Execution worker Thread 12,5,main]) started.
[        ] Resolve mutations for :url_launcher_android:compileDebugLibraryResources (Thread[#42476,Execution worker Thread 12,5,main]) started.
[        ] :url_launcher_android:compileDebugLibraryResources (Thread[#42476,Execution worker Thread 12,5,main]) started.
[        ] > Task :url_launcher_android:compileDebugLibraryResources UP-TO-DATE
[        ] Caching disabled for task ':url_launcher_android:compileDebugLibraryResources' because:
[        ]   Build cache is disabled
[        ] Skipping task ':url_launcher_android:compileDebugLibraryResources' as it is up-to-date.
[        ] work action resolve out (project :url_launcher_android) (Thread[#42476,Execution worker Thread 12,5,main]) started.
[        ] Resolve mutations for :url_launcher_android:parseDebugLocalResources (Thread[#42476,Execution worker Thread 12,5,main]) started.
[        ] :url_launcher_android:parseDebugLocalResources (Thread[#42476,Execution worker Thread 12,5,main]) started.
[        ] > Task :url_launcher_android:parseDebugLocalResources UP-TO-DATE
[        ] Caching disabled for task ':url_launcher_android:parseDebugLocalResources' because:
[        ]   Build cache is disabled
[        ] Skipping task ':url_launcher_android:parseDebugLocalResources' as it is up-to-date.
[        ] Resolve mutations for :url_launcher_android:generateDebugRFile (Thread[#42476,Execution worker Thread 12,5,main]) started.
[        ] :url_launcher_android:generateDebugRFile (Thread[#42476,Execution worker Thread 12,5,main]) started.
[        ] > Task :url_launcher_android:generateDebugRFile UP-TO-DATE
[        ] Caching disabled for task ':url_launcher_android:generateDebugRFile' because:
[        ]   Build cache is disabled
[        ] Skipping task ':url_launcher_android:generateDebugRFile' as it is up-to-date.
[        ] work action resolve package-aware-r.txt (project :url_launcher_android) (Thread[#42476,Execution worker Thread 12,5,main]) started.
[        ] Resolve mutations for :video_player_android:compileDebugLibraryResources (Thread[#42476,Execution worker Thread 12,5,main]) started.
[        ] :video_player_android:compileDebugLibraryResources (Thread[#42476,Execution worker Thread 12,5,main]) started.
[        ] > Task :video_player_android:compileDebugLibraryResources UP-TO-DATE
[        ] Caching disabled for task ':video_player_android:compileDebugLibraryResources' because:
[        ]   Build cache is disabled
[        ] Skipping task ':video_player_android:compileDebugLibraryResources' as it is up-to-date.
[        ] work action resolve out (project :video_player_android) (Thread[#42476,Execution worker Thread 12,5,main]) started.
[        ] Resolve mutations for :video_player_android:parseDebugLocalResources (Thread[#42476,Execution worker Thread 12,5,main]) started.
[        ] :video_player_android:parseDebugLocalResources (Thread[#42476,Execution worker Thread 12,5,main]) started.
[        ] > Task :video_player_android:parseDebugLocalResources UP-TO-DATE
[        ] Caching disabled for task ':video_player_android:parseDebugLocalResources' because:
[        ]   Build cache is disabled
[        ] Skipping task ':video_player_android:parseDebugLocalResources' as it is up-to-date.
[        ] Resolve mutations for :video_player_android:generateDebugRFile (Thread[#42476,Execution worker Thread 12,5,main]) started.
[        ] :video_player_android:generateDebugRFile (Thread[#42476,Execution worker Thread 12,5,main]) started.
[        ] > Task :video_player_android:generateDebugRFile UP-TO-DATE
[        ] Caching disabled for task ':video_player_android:generateDebugRFile' because:
[        ]   Build cache is disabled
[        ] Skipping task ':video_player_android:generateDebugRFile' as it is up-to-date.
[        ] work action resolve package-aware-r.txt (project :video_player_android) (Thread[#42476,Execution worker Thread 12,5,main]) started.
[        ] Resolve mutations for :app:processDebugResources (Thread[#42476,Execution worker Thread 12,5,main]) started.
[        ] :app:processDebugResources (Thread[#42476,Execution worker Thread 12,5,main]) started.
[        ] > Task :app:processDebugResources UP-TO-DATE
[        ] Caching disabled for task ':app:processDebugResources' because:
[        ]   Build cache is disabled
[        ] Skipping task ':app:processDebugResources' as it is up-to-date.
[        ] Resolve mutations for :connectivity_plus:javaPreCompileDebug (Thread[#42476,Execution worker Thread 12,5,main]) started.
[        ] :connectivity_plus:javaPreCompileDebug (Thread[#42476,Execution worker Thread 12,5,main]) started.
[        ] > Task :connectivity_plus:javaPreCompileDebug UP-TO-DATE
[        ] Caching disabled for task ':connectivity_plus:javaPreCompileDebug' because:
[        ]   Build cache is disabled
[        ] Skipping task ':connectivity_plus:javaPreCompileDebug' as it is up-to-date.
[        ] Resolve mutations for :connectivity_plus:compileDebugJavaWithJavac (Thread[#42476,Execution worker Thread 12,5,main]) started.
[        ] :connectivity_plus:compileDebugJavaWithJavac (Thread[#42476,Execution worker Thread 12,5,main]) started.
[        ] > Task :connectivity_plus:compileDebugJavaWithJavac UP-TO-DATE
[        ] Custom actions are attached to task ':connectivity_plus:compileDebugJavaWithJavac'.
[        ] Caching disabled for task ':connectivity_plus:compileDebugJavaWithJavac' because:
[        ]   Build cache is disabled
[        ] Skipping task ':connectivity_plus:compileDebugJavaWithJavac' as it is up-to-date.
[        ] No compile result for :connectivity_plus:compileDebugJavaWithJavac
[        ] No compile result for :connectivity_plus:compileDebugJavaWithJavac
[        ] Resolve mutations for :connectivity_plus:bundleLibCompileToJarDebug (Thread[#42476,Execution worker Thread 12,5,main]) started.
[        ] :connectivity_plus:bundleLibCompileToJarDebug (Thread[#42476,Execution worker Thread 12,5,main]) started.
[        ] > Task :connectivity_plus:bundleLibCompileToJarDebug UP-TO-DATE
[        ] Caching disabled for task ':connectivity_plus:bundleLibCompileToJarDebug' because:
[        ]   Build cache is disabled
[        ]   Simple merging task
[        ] Skipping task ':connectivity_plus:bundleLibCompileToJarDebug' as it is up-to-date.
[        ] work action resolve classes.jar (project :connectivity_plus) (Thread[#42476,Execution worker Thread 12,5,main]) started.
[        ] Resolve mutations for :emoji_picker_flutter:checkKotlinGradlePluginConfigurationErrors (Thread[#42476,Execution worker Thread 12,5,main]) started.
[        ] :emoji_picker_flutter:checkKotlinGradlePluginConfigurationErrors (Thread[#42476,Execution worker Thread 12,5,main]) started.
[        ] > Task :emoji_picker_flutter:checkKotlinGradlePluginConfigurationErrors SKIPPED
[        ] Skipping task ':emoji_picker_flutter:checkKotlinGradlePluginConfigurationErrors' as task onlyIf 'errorDiagnostics are present' is false.
[        ] Resolve mutations for :emoji_picker_flutter:compileDebugKotlin (Thread[#42476,Execution worker Thread 12,5,main]) started.
[        ] :emoji_picker_flutter:compileDebugKotlin (Thread[#42476,Execution worker Thread 12,5,main]) started.
[        ] > Task :emoji_picker_flutter:compileDebugKotlin UP-TO-DATE
[        ] Adding -Xuse-inline-scopes-numbers Kotlin compiler flag for task :emoji_picker_flutter:compileDebugAndroidTestKotlin
[        ] Caching disabled for task ':emoji_picker_flutter:compileDebugKotlin' because:
[        ]   Build cache is disabled
[        ] Skipping task ':emoji_picker_flutter:compileDebugKotlin' as it is up-to-date.
[        ] Resolve mutations for :emoji_picker_flutter:javaPreCompileDebug (Thread[#42476,Execution worker Thread 12,5,main]) started.
[        ] :emoji_picker_flutter:javaPreCompileDebug (Thread[#42476,Execution worker Thread 12,5,main]) started.
[        ] > Task :emoji_picker_flutter:javaPreCompileDebug UP-TO-DATE
[        ] Caching disabled for task ':emoji_picker_flutter:javaPreCompileDebug' because:
[        ]   Build cache is disabled
[        ] Skipping task ':emoji_picker_flutter:javaPreCompileDebug' as it is up-to-date.
[        ] Resolve mutations for :emoji_picker_flutter:compileDebugJavaWithJavac (Thread[#42476,Execution worker Thread 12,5,main]) started.
[        ] :emoji_picker_flutter:compileDebugJavaWithJavac (Thread[#42476,Execution worker Thread 12,5,main]) started.
[        ] > Task :emoji_picker_flutter:compileDebugJavaWithJavac NO-SOURCE
[        ] Skipping task ':emoji_picker_flutter:compileDebugJavaWithJavac' as it has no source files and no previous output files.
[        ] Resolve mutations for :emoji_picker_flutter:bundleLibCompileToJarDebug (Thread[#42476,Execution worker Thread 12,5,main]) started.
[        ] :emoji_picker_flutter:bundleLibCompileToJarDebug (Thread[#42476,Execution worker Thread 12,5,main]) started.
[        ] > Task :emoji_picker_flutter:bundleLibCompileToJarDebug UP-TO-DATE
[        ] Caching disabled for task ':emoji_picker_flutter:bundleLibCompileToJarDebug' because:
[        ]   Build cache is disabled
[        ]   Simple merging task
[        ] Skipping task ':emoji_picker_flutter:bundleLibCompileToJarDebug' as it is up-to-date.
[        ] work action resolve classes.jar (project :emoji_picker_flutter) (Thread[#42476,Execution worker Thread 12,5,main]) started.
[        ] Resolve mutations for :file_selector_android:javaPreCompileDebug (Thread[#42476,Execution worker Thread 12,5,main]) started.
[        ] :file_selector_android:javaPreCompileDebug (Thread[#42476,Execution worker Thread 12,5,main]) started.
[        ] > Task :file_selector_android:javaPreCompileDebug UP-TO-DATE
[        ] Caching disabled for task ':file_selector_android:javaPreCompileDebug' because:
[        ]   Build cache is disabled
[        ] Skipping task ':file_selector_android:javaPreCompileDebug' as it is up-to-date.
[        ] Resolve mutations for :file_selector_android:compileDebugJavaWithJavac (Thread[#42476,Execution worker Thread 12,5,main]) started.
[        ] :file_selector_android:compileDebugJavaWithJavac (Thread[#42476,Execution worker Thread 12,5,main]) started.
13:47 +10 -30: loading /Users/florian/Code/substitution/integration_test/profile_view_test.dart                                                                                                        [  +84 ms] > Task :file_selector_android:compileDebugJavaWithJavac UP-TO-DATE
[        ] Custom actions are attached to task ':file_selector_android:compileDebugJavaWithJavac'.
[        ] Caching disabled for task ':file_selector_android:compileDebugJavaWithJavac' because:
[        ]   Build cache is disabled
[        ] Skipping task ':file_selector_android:compileDebugJavaWithJavac' as it is up-to-date.
[        ] No compile result for :file_selector_android:compileDebugJavaWithJavac
[        ] No compile result for :file_selector_android:compileDebugJavaWithJavac
[        ] Resolve mutations for :file_selector_android:bundleLibCompileToJarDebug (Thread[#42476,Execution worker Thread 12,5,main]) started.
[        ] :file_selector_android:bundleLibCompileToJarDebug (Thread[#42476,Execution worker Thread 12,5,main]) started.
[        ] > Task :file_selector_android:bundleLibCompileToJarDebug UP-TO-DATE
[        ] Caching disabled for task ':file_selector_android:bundleLibCompileToJarDebug' because:
[        ]   Build cache is disabled
[        ]   Simple merging task
[        ] Skipping task ':file_selector_android:bundleLibCompileToJarDebug' as it is up-to-date.
[        ] work action resolve classes.jar (project :file_selector_android) (Thread[#42476,Execution worker Thread 12,5,main]) started.
[        ] Resolve mutations for :flutter_keyboard_visibility_temp_fork:javaPreCompileDebug (Thread[#42476,Execution worker Thread 12,5,main]) started.
[        ] :flutter_keyboard_visibility_temp_fork:javaPreCompileDebug (Thread[#42476,Execution worker Thread 12,5,main]) started.
[        ] > Task :flutter_keyboard_visibility_temp_fork:javaPreCompileDebug UP-TO-DATE
[        ] Caching disabled for task ':flutter_keyboard_visibility_temp_fork:javaPreCompileDebug' because:
[        ]   Build cache is disabled
[        ] Skipping task ':flutter_keyboard_visibility_temp_fork:javaPreCompileDebug' as it is up-to-date.
[        ] Resolve mutations for :flutter_keyboard_visibility_temp_fork:compileDebugJavaWithJavac (Thread[#42476,Execution worker Thread 12,5,main]) started.
[        ] :flutter_keyboard_visibility_temp_fork:compileDebugJavaWithJavac (Thread[#42476,Execution worker Thread 12,5,main]) started.
[        ] > Task :flutter_keyboard_visibility_temp_fork:compileDebugJavaWithJavac UP-TO-DATE
[        ] Custom actions are attached to task ':flutter_keyboard_visibility_temp_fork:compileDebugJavaWithJavac'.
[        ] Caching disabled for task ':flutter_keyboard_visibility_temp_fork:compileDebugJavaWithJavac' because:
[        ]   Build cache is disabled
[        ] Skipping task ':flutter_keyboard_visibility_temp_fork:compileDebugJavaWithJavac' as it is up-to-date.
[        ] No compile result for :flutter_keyboard_visibility_temp_fork:compileDebugJavaWithJavac
[        ] No compile result for :flutter_keyboard_visibility_temp_fork:compileDebugJavaWithJavac
[        ] Resolve mutations for :flutter_keyboard_visibility_temp_fork:bundleLibCompileToJarDebug (Thread[#42476,Execution worker Thread 12,5,main]) started.
[        ] :flutter_keyboard_visibility_temp_fork:bundleLibCompileToJarDebug (Thread[#42476,Execution worker Thread 12,5,main]) started.
[        ] > Task :flutter_keyboard_visibility_temp_fork:bundleLibCompileToJarDebug UP-TO-DATE
[        ] Caching disabled for task ':flutter_keyboard_visibility_temp_fork:bundleLibCompileToJarDebug' because:
[        ]   Build cache is disabled
[        ]   Simple merging task
[        ] Skipping task ':flutter_keyboard_visibility_temp_fork:bundleLibCompileToJarDebug' as it is up-to-date.
[        ] work action resolve classes.jar (project :flutter_keyboard_visibility_temp_fork) (Thread[#42476,Execution worker Thread 12,5,main]) started.
[        ] Resolve mutations for :flutter_native_splash:javaPreCompileDebug (Thread[#42476,Execution worker Thread 12,5,main]) started.
[        ] :flutter_native_splash:javaPreCompileDebug (Thread[#42476,Execution worker Thread 12,5,main]) started.
[        ] > Task :flutter_native_splash:javaPreCompileDebug UP-TO-DATE
[        ] Caching disabled for task ':flutter_native_splash:javaPreCompileDebug' because:
[        ]   Build cache is disabled
[        ] Skipping task ':flutter_native_splash:javaPreCompileDebug' as it is up-to-date.
[        ] Resolve mutations for :flutter_native_splash:compileDebugJavaWithJavac (Thread[#42476,Execution worker Thread 12,5,main]) started.
[        ] :flutter_native_splash:compileDebugJavaWithJavac (Thread[#42476,Execution worker Thread 12,5,main]) started.
[        ] > Task :flutter_native_splash:compileDebugJavaWithJavac UP-TO-DATE
[        ] Custom actions are attached to task ':flutter_native_splash:compileDebugJavaWithJavac'.
[        ] Caching disabled for task ':flutter_native_splash:compileDebugJavaWithJavac' because:
[        ]   Build cache is disabled
[        ] Skipping task ':flutter_native_splash:compileDebugJavaWithJavac' as it is up-to-date.
[        ] No compile result for :flutter_native_splash:compileDebugJavaWithJavac
[        ] No compile result for :flutter_native_splash:compileDebugJavaWithJavac
[        ] Resolve mutations for :flutter_native_splash:bundleLibCompileToJarDebug (Thread[#42476,Execution worker Thread 12,5,main]) started.
[        ] :flutter_native_splash:bundleLibCompileToJarDebug (Thread[#42476,Execution worker Thread 12,5,main]) started.
[        ] > Task :flutter_native_splash:bundleLibCompileToJarDebug UP-TO-DATE
[        ] Caching disabled for task ':flutter_native_splash:bundleLibCompileToJarDebug' because:
[        ]   Build cache is disabled
[        ]   Simple merging task
[        ] Skipping task ':flutter_native_splash:bundleLibCompileToJarDebug' as it is up-to-date.
[        ] work action resolve classes.jar (project :flutter_native_splash) (Thread[#42476,Execution worker Thread 12,5,main]) started.
[        ] Resolve mutations for :flutter_olm:checkKotlinGradlePluginConfigurationErrors (Thread[#42476,Execution worker Thread 12,5,main]) started.
[        ] :flutter_olm:checkKotlinGradlePluginConfigurationErrors (Thread[#42476,Execution worker Thread 12,5,main]) started.
[        ] > Task :flutter_olm:checkKotlinGradlePluginConfigurationErrors SKIPPED
[        ] Skipping task ':flutter_olm:checkKotlinGradlePluginConfigurationErrors' as task onlyIf 'errorDiagnostics are present' is false.
[        ] Resolve mutations for :flutter_olm:compileDebugKotlin (Thread[#42476,Execution worker Thread 12,5,main]) started.
[        ] :flutter_olm:compileDebugKotlin (Thread[#42476,Execution worker Thread 12,5,main]) started.
[        ] > Task :flutter_olm:compileDebugKotlin UP-TO-DATE
[        ] Adding -Xuse-inline-scopes-numbers Kotlin compiler flag for task :flutter_olm:compileDebugAndroidTestKotlin
[        ] Caching disabled for task ':flutter_olm:compileDebugKotlin' because:
[        ]   Build cache is disabled
[        ] Skipping task ':flutter_olm:compileDebugKotlin' as it is up-to-date.
[        ] Resolve mutations for :flutter_olm:javaPreCompileDebug (Thread[#42476,Execution worker Thread 12,5,main]) started.
[        ] :flutter_olm:javaPreCompileDebug (Thread[#42476,Execution worker Thread 12,5,main]) started.
[        ] > Task :flutter_olm:javaPreCompileDebug UP-TO-DATE
[        ] Caching disabled for task ':flutter_olm:javaPreCompileDebug' because:
[        ]   Build cache is disabled
[        ] Skipping task ':flutter_olm:javaPreCompileDebug' as it is up-to-date.
[        ] Resolve mutations for :flutter_olm:compileDebugJavaWithJavac (Thread[#42476,Execution worker Thread 12,5,main]) started.
[        ] :flutter_olm:compileDebugJavaWithJavac (Thread[#42476,Execution worker Thread 12,5,main]) started.
[        ] > Task :flutter_olm:compileDebugJavaWithJavac NO-SOURCE
[        ] Skipping task ':flutter_olm:compileDebugJavaWithJavac' as it has no source files and no previous output files.
[        ] Resolve mutations for :flutter_olm:bundleLibCompileToJarDebug (Thread[#42476,Execution worker Thread 12,5,main]) started.
[        ] :flutter_olm:bundleLibCompileToJarDebug (Thread[#42476,Execution worker Thread 12,5,main]) started.
[        ] > Task :flutter_olm:bundleLibCompileToJarDebug UP-TO-DATE
[        ] Caching disabled for task ':flutter_olm:bundleLibCompileToJarDebug' because:
[        ]   Build cache is disabled
[        ]   Simple merging task
[        ] Skipping task ':flutter_olm:bundleLibCompileToJarDebug' as it is up-to-date.
[        ] work action resolve classes.jar (project :flutter_olm) (Thread[#42476,Execution worker Thread 12,5,main]) started.
[        ] Resolve mutations for :flutter_openssl_crypto:checkKotlinGradlePluginConfigurationErrors (Thread[#42476,Execution worker Thread 12,5,main]) started.
[        ] :flutter_openssl_crypto:checkKotlinGradlePluginConfigurationErrors (Thread[#42476,Execution worker Thread 12,5,main]) started.
[        ] > Task :flutter_openssl_crypto:checkKotlinGradlePluginConfigurationErrors SKIPPED
[        ] Skipping task ':flutter_openssl_crypto:checkKotlinGradlePluginConfigurationErrors' as task onlyIf 'errorDiagnostics are present' is false.
[        ] Resolve mutations for :flutter_openssl_crypto:compileDebugKotlin (Thread[#42476,Execution worker Thread 12,5,main]) started.
[        ] :flutter_openssl_crypto:compileDebugKotlin (Thread[#42476,Execution worker Thread 12,5,main]) started.
[        ] > Task :flutter_openssl_crypto:compileDebugKotlin UP-TO-DATE
[        ] Adding -Xuse-inline-scopes-numbers Kotlin compiler flag for task :flutter_openssl_crypto:compileDebugAndroidTestKotlin
[        ] Caching disabled for task ':flutter_openssl_crypto:compileDebugKotlin' because:
[        ]   Build cache is disabled
[        ] Skipping task ':flutter_openssl_crypto:compileDebugKotlin' as it is up-to-date.
[        ] Resolve mutations for :flutter_openssl_crypto:javaPreCompileDebug (Thread[#42476,Execution worker Thread 12,5,main]) started.
[        ] :flutter_openssl_crypto:javaPreCompileDebug (Thread[#42476,Execution worker Thread 12,5,main]) started.
[        ] > Task :flutter_openssl_crypto:javaPreCompileDebug UP-TO-DATE
[        ] Caching disabled for task ':flutter_openssl_crypto:javaPreCompileDebug' because:
[        ]   Build cache is disabled
[        ] Skipping task ':flutter_openssl_crypto:javaPreCompileDebug' as it is up-to-date.
[        ] Resolve mutations for :flutter_openssl_crypto:compileDebugJavaWithJavac (Thread[#42476,Execution worker Thread 12,5,main]) started.
[        ] :flutter_openssl_crypto:compileDebugJavaWithJavac (Thread[#42476,Execution worker Thread 12,5,main]) started.
[        ] > Task :flutter_openssl_crypto:compileDebugJavaWithJavac NO-SOURCE
[        ] Skipping task ':flutter_openssl_crypto:compileDebugJavaWithJavac' as it has no source files and no previous output files.
[        ] Resolve mutations for :flutter_openssl_crypto:bundleLibCompileToJarDebug (Thread[#42476,Execution worker Thread 12,5,main]) started.
[        ] :flutter_openssl_crypto:bundleLibCompileToJarDebug (Thread[#42476,Execution worker Thread 12,5,main]) started.
[        ] > Task :flutter_openssl_crypto:bundleLibCompileToJarDebug UP-TO-DATE
[        ] Caching disabled for task ':flutter_openssl_crypto:bundleLibCompileToJarDebug' because:
[        ]   Build cache is disabled
[        ]   Simple merging task
[        ] Skipping task ':flutter_openssl_crypto:bundleLibCompileToJarDebug' as it is up-to-date.
[        ] work action resolve classes.jar (project :flutter_openssl_crypto) (Thread[#42476,Execution worker Thread 12,5,main]) started.
[        ] Resolve mutations for :integration_test:javaPreCompileDebug (Thread[#42476,Execution worker Thread 12,5,main]) started.
[        ] :integration_test:javaPreCompileDebug (Thread[#42476,Execution worker Thread 12,5,main]) started.
[        ] > Task :integration_test:javaPreCompileDebug UP-TO-DATE
[        ] Caching disabled for task ':integration_test:javaPreCompileDebug' because:
[        ]   Build cache is disabled
[        ] Skipping task ':integration_test:javaPreCompileDebug' as it is up-to-date.
[        ] Resolve mutations for :integration_test:compileDebugJavaWithJavac (Thread[#42476,Execution worker Thread 12,5,main]) started.
[        ] :integration_test:compileDebugJavaWithJavac (Thread[#42476,Execution worker Thread 12,5,main]) started.
[        ] > Task :integration_test:compileDebugJavaWithJavac UP-TO-DATE
[        ] Custom actions are attached to task ':integration_test:compileDebugJavaWithJavac'.
[        ] Caching disabled for task ':integration_test:compileDebugJavaWithJavac' because:
[        ]   Build cache is disabled
[        ] Skipping task ':integration_test:compileDebugJavaWithJavac' as it is up-to-date.
[        ] No compile result for :integration_test:compileDebugJavaWithJavac
[        ] No compile result for :integration_test:compileDebugJavaWithJavac
[        ] Resolve mutations for :integration_test:bundleLibCompileToJarDebug (Thread[#42476,Execution worker Thread 12,5,main]) started.
[        ] :integration_test:bundleLibCompileToJarDebug (Thread[#42476,Execution worker Thread 12,5,main]) started.
[        ] > Task :integration_test:bundleLibCompileToJarDebug UP-TO-DATE
[        ] Caching disabled for task ':integration_test:bundleLibCompileToJarDebug' because:
[        ]   Build cache is disabled
[        ]   Simple merging task
[        ] Skipping task ':integration_test:bundleLibCompileToJarDebug' as it is up-to-date.
[        ] work action resolve classes.jar (project :integration_test) (Thread[#42476,Execution worker Thread 12,5,main]) started.
[        ] Resolve mutations for :path_provider_android:javaPreCompileDebug (Thread[#42476,Execution worker Thread 12,5,main]) started.
[        ] :path_provider_android:javaPreCompileDebug (Thread[#42476,Execution worker Thread 12,5,main]) started.
[        ] > Task :path_provider_android:javaPreCompileDebug UP-TO-DATE
[        ] Caching disabled for task ':path_provider_android:javaPreCompileDebug' because:
[        ]   Build cache is disabled
[        ] Skipping task ':path_provider_android:javaPreCompileDebug' as it is up-to-date.
[        ] Resolve mutations for :path_provider_android:compileDebugJavaWithJavac (Thread[#42476,Execution worker Thread 12,5,main]) started.
[        ] :path_provider_android:compileDebugJavaWithJavac (Thread[#42476,Execution worker Thread 12,5,main]) started.
[        ] > Task :path_provider_android:compileDebugJavaWithJavac UP-TO-DATE
[        ] Custom actions are attached to task ':path_provider_android:compileDebugJavaWithJavac'.
[        ] Caching disabled for task ':path_provider_android:compileDebugJavaWithJavac' because:
[        ]   Build cache is disabled
[        ] Skipping task ':path_provider_android:compileDebugJavaWithJavac' as it is up-to-date.
[        ] No compile result for :path_provider_android:compileDebugJavaWithJavac
[        ] No compile result for :path_provider_android:compileDebugJavaWithJavac
[        ] Resolve mutations for :path_provider_android:bundleLibCompileToJarDebug (Thread[#42476,Execution worker Thread 12,5,main]) started.
[        ] :path_provider_android:bundleLibCompileToJarDebug (Thread[#42476,Execution worker Thread 12,5,main]) started.
[        ] > Task :path_provider_android:bundleLibCompileToJarDebug UP-TO-DATE
[        ] Caching disabled for task ':path_provider_android:bundleLibCompileToJarDebug' because:
[        ]   Build cache is disabled
[        ]   Simple merging task
[        ] Skipping task ':path_provider_android:bundleLibCompileToJarDebug' as it is up-to-date.
[        ] work action resolve classes.jar (project :path_provider_android) (Thread[#42476,Execution worker Thread 12,5,main]) started.
[        ] Resolve mutations for :quill_native_bridge_android:checkKotlinGradlePluginConfigurationErrors (Thread[#42476,Execution worker Thread 12,5,main]) started.
[        ] :quill_native_bridge_android:checkKotlinGradlePluginConfigurationErrors (Thread[#42476,Execution worker Thread 12,5,main]) started.
[        ] > Task :quill_native_bridge_android:checkKotlinGradlePluginConfigurationErrors SKIPPED
[        ] Skipping task ':quill_native_bridge_android:checkKotlinGradlePluginConfigurationErrors' as task onlyIf 'errorDiagnostics are present' is false.
[        ] Resolve mutations for :quill_native_bridge_android:compileDebugKotlin (Thread[#42476,Execution worker Thread 12,5,main]) started.
[        ] :quill_native_bridge_android:compileDebugKotlin (Thread[#42476,Execution worker Thread 12,5,main]) started.
[        ] > Task :quill_native_bridge_android:compileDebugKotlin UP-TO-DATE
[        ] Adding -Xuse-inline-scopes-numbers Kotlin compiler flag for task :quill_native_bridge_android:compileDebugAndroidTestKotlin
[        ] Caching disabled for task ':quill_native_bridge_android:compileDebugKotlin' because:
[        ]   Build cache is disabled
[        ] Skipping task ':quill_native_bridge_android:compileDebugKotlin' as it is up-to-date.
[        ] Resolve mutations for :quill_native_bridge_android:javaPreCompileDebug (Thread[#42476,Execution worker Thread 12,5,main]) started.
[        ] :quill_native_bridge_android:javaPreCompileDebug (Thread[#42487,Execution worker Thread 23,5,main]) started.
[        ] > Task :quill_native_bridge_android:javaPreCompileDebug UP-TO-DATE
[        ] Caching disabled for task ':quill_native_bridge_android:javaPreCompileDebug' because:
[        ]   Build cache is disabled
[        ] Skipping task ':quill_native_bridge_android:javaPreCompileDebug' as it is up-to-date.
[        ] Resolve mutations for :quill_native_bridge_android:compileDebugJavaWithJavac (Thread[#42487,Execution worker Thread 23,5,main]) started.
[        ] :quill_native_bridge_android:compileDebugJavaWithJavac (Thread[#42487,Execution worker Thread 23,5,main]) started.
[        ] > Task :quill_native_bridge_android:compileDebugJavaWithJavac NO-SOURCE
[        ] Skipping task ':quill_native_bridge_android:compileDebugJavaWithJavac' as it has no source files and no previous output files.
[        ] Resolve mutations for :quill_native_bridge_android:bundleLibCompileToJarDebug (Thread[#42487,Execution worker Thread 23,5,main]) started.
[        ] :quill_native_bridge_android:bundleLibCompileToJarDebug (Thread[#42487,Execution worker Thread 23,5,main]) started.
[        ] > Task :quill_native_bridge_android:bundleLibCompileToJarDebug UP-TO-DATE
[        ] Caching disabled for task ':quill_native_bridge_android:bundleLibCompileToJarDebug' because:
[        ]   Build cache is disabled
[        ]   Simple merging task
[        ] Skipping task ':quill_native_bridge_android:bundleLibCompileToJarDebug' as it is up-to-date.
[        ] work action resolve classes.jar (project :quill_native_bridge_android) (Thread[#42487,Execution worker Thread 23,5,main]) started.
[        ] Resolve mutations for :shared_preferences_android:checkKotlinGradlePluginConfigurationErrors (Thread[#42487,Execution worker Thread 23,5,main]) started.
[        ] :shared_preferences_android:checkKotlinGradlePluginConfigurationErrors (Thread[#42487,Execution worker Thread 23,5,main]) started.
[        ] > Task :shared_preferences_android:checkKotlinGradlePluginConfigurationErrors SKIPPED
[        ] Skipping task ':shared_preferences_android:checkKotlinGradlePluginConfigurationErrors' as task onlyIf 'errorDiagnostics are present' is false.
[        ] Resolve mutations for :shared_preferences_android:compileDebugKotlin (Thread[#42487,Execution worker Thread 23,5,main]) started.
[        ] :shared_preferences_android:compileDebugKotlin (Thread[#42487,Execution worker Thread 23,5,main]) started.
[        ] > Task :shared_preferences_android:compileDebugKotlin UP-TO-DATE
[        ] Adding -Xuse-inline-scopes-numbers Kotlin compiler flag for task :shared_preferences_android:compileDebugAndroidTestKotlin
[        ] Caching disabled for task ':shared_preferences_android:compileDebugKotlin' because:
[        ]   Build cache is disabled
[        ] Skipping task ':shared_preferences_android:compileDebugKotlin' as it is up-to-date.
[        ] Resolve mutations for :shared_preferences_android:javaPreCompileDebug (Thread[#42487,Execution worker Thread 23,5,main]) started.
[        ] :shared_preferences_android:javaPreCompileDebug (Thread[#42487,Execution worker Thread 23,5,main]) started.
[        ] > Task :shared_preferences_android:javaPreCompileDebug UP-TO-DATE
[        ] Caching disabled for task ':shared_preferences_android:javaPreCompileDebug' because:
[        ]   Build cache is disabled
[        ] Skipping task ':shared_preferences_android:javaPreCompileDebug' as it is up-to-date.
[        ] Resolve mutations for :shared_preferences_android:compileDebugJavaWithJavac (Thread[#42487,Execution worker Thread 23,5,main]) started.
[        ] :shared_preferences_android:compileDebugJavaWithJavac (Thread[#42487,Execution worker Thread 23,5,main]) started.
[        ] > Task :shared_preferences_android:compileDebugJavaWithJavac UP-TO-DATE
[        ] Custom actions are attached to task ':shared_preferences_android:compileDebugJavaWithJavac'.
[        ] Caching disabled for task ':shared_preferences_android:compileDebugJavaWithJavac' because:
[        ]   Build cache is disabled
[        ] Skipping task ':shared_preferences_android:compileDebugJavaWithJavac' as it is up-to-date.
[        ] No compile result for :shared_preferences_android:compileDebugJavaWithJavac
[        ] No compile result for :shared_preferences_android:compileDebugJavaWithJavac
[        ] Resolve mutations for :shared_preferences_android:bundleLibCompileToJarDebug (Thread[#42487,Execution worker Thread 23,5,main]) started.
[        ] :shared_preferences_android:bundleLibCompileToJarDebug (Thread[#42487,Execution worker Thread 23,5,main]) started.
[        ] > Task :shared_preferences_android:bundleLibCompileToJarDebug UP-TO-DATE
[        ] Caching disabled for task ':shared_preferences_android:bundleLibCompileToJarDebug' because:
[        ]   Build cache is disabled
[        ]   Simple merging task
[        ] Skipping task ':shared_preferences_android:bundleLibCompileToJarDebug' as it is up-to-date.
[        ] work action resolve classes.jar (project :shared_preferences_android) (Thread[#42487,Execution worker Thread 23,5,main]) started.
[        ] Resolve mutations for :sqflite_android:javaPreCompileDebug (Thread[#42487,Execution worker Thread 23,5,main]) started.
[        ] :sqflite_android:javaPreCompileDebug (Thread[#42487,Execution worker Thread 23,5,main]) started.
[        ] > Task :sqflite_android:javaPreCompileDebug UP-TO-DATE
[        ] Caching disabled for task ':sqflite_android:javaPreCompileDebug' because:
[        ]   Build cache is disabled
[        ] Skipping task ':sqflite_android:javaPreCompileDebug' as it is up-to-date.
[        ] Resolve mutations for :sqflite_android:compileDebugJavaWithJavac (Thread[#42487,Execution worker Thread 23,5,main]) started.
[        ] :sqflite_android:compileDebugJavaWithJavac (Thread[#42487,Execution worker Thread 23,5,main]) started.
[        ] > Task :sqflite_android:compileDebugJavaWithJavac UP-TO-DATE
[        ] Custom actions are attached to task ':sqflite_android:compileDebugJavaWithJavac'.
[        ] Caching disabled for task ':sqflite_android:compileDebugJavaWithJavac' because:
[        ]   Build cache is disabled
[        ] Skipping task ':sqflite_android:compileDebugJavaWithJavac' as it is up-to-date.
[        ] No compile result for :sqflite_android:compileDebugJavaWithJavac
[        ] No compile result for :sqflite_android:compileDebugJavaWithJavac
[        ] Resolve mutations for :sqflite_android:bundleLibCompileToJarDebug (Thread[#42487,Execution worker Thread 23,5,main]) started.
[        ] :sqflite_android:bundleLibCompileToJarDebug (Thread[#42487,Execution worker Thread 23,5,main]) started.
[        ] > Task :sqflite_android:bundleLibCompileToJarDebug UP-TO-DATE
[        ] Caching disabled for task ':sqflite_android:bundleLibCompileToJarDebug' because:
[        ]   Build cache is disabled
[        ]   Simple merging task
[        ] Skipping task ':sqflite_android:bundleLibCompileToJarDebug' as it is up-to-date.
[        ] work action resolve classes.jar (project :sqflite_android) (Thread[#42487,Execution worker Thread 23,5,main]) started.
[        ] Resolve mutations for :url_launcher_android:generateDebugBuildConfig (Thread[#42487,Execution worker Thread 23,5,main]) started.
[        ] :url_launcher_android:generateDebugBuildConfig (Thread[#42487,Execution worker Thread 23,5,main]) started.
[        ] > Task :url_launcher_android:generateDebugBuildConfig UP-TO-DATE
[        ] Caching disabled for task ':url_launcher_android:generateDebugBuildConfig' because:
[        ]   Build cache is disabled
[        ] Skipping task ':url_launcher_android:generateDebugBuildConfig' as it is up-to-date.
[        ] Resolve mutations for :url_launcher_android:javaPreCompileDebug (Thread[#42487,Execution worker Thread 23,5,main]) started.
[        ] :url_launcher_android:javaPreCompileDebug (Thread[#42487,Execution worker Thread 23,5,main]) started.
[        ] > Task :url_launcher_android:javaPreCompileDebug UP-TO-DATE
[        ] Caching disabled for task ':url_launcher_android:javaPreCompileDebug' because:
[        ]   Build cache is disabled
[        ] Skipping task ':url_launcher_android:javaPreCompileDebug' as it is up-to-date.
[        ] Resolve mutations for :url_launcher_android:compileDebugJavaWithJavac (Thread[#42487,Execution worker Thread 23,5,main]) started.
[        ] :url_launcher_android:compileDebugJavaWithJavac (Thread[#42487,Execution worker Thread 23,5,main]) started.
[        ] > Task :url_launcher_android:compileDebugJavaWithJavac UP-TO-DATE
[        ] Custom actions are attached to task ':url_launcher_android:compileDebugJavaWithJavac'.
[        ] Caching disabled for task ':url_launcher_android:compileDebugJavaWithJavac' because:
[        ]   Build cache is disabled
[        ] Skipping task ':url_launcher_android:compileDebugJavaWithJavac' as it is up-to-date.
[        ] No compile result for :url_launcher_android:compileDebugJavaWithJavac
[        ] No compile result for :url_launcher_android:compileDebugJavaWithJavac
[        ] Resolve mutations for :url_launcher_android:bundleLibCompileToJarDebug (Thread[#42487,Execution worker Thread 23,5,main]) started.
[        ] :url_launcher_android:bundleLibCompileToJarDebug (Thread[#42487,Execution worker Thread 23,5,main]) started.
[        ] > Task :url_launcher_android:bundleLibCompileToJarDebug UP-TO-DATE
[        ] Caching disabled for task ':url_launcher_android:bundleLibCompileToJarDebug' because:
[        ]   Build cache is disabled
[        ]   Simple merging task
[        ] Skipping task ':url_launcher_android:bundleLibCompileToJarDebug' as it is up-to-date.
[        ] work action resolve classes.jar (project :url_launcher_android) (Thread[#42487,Execution worker Thread 23,5,main]) started.
[        ] Resolve mutations for :video_player_android:checkKotlinGradlePluginConfigurationErrors (Thread[#42487,Execution worker Thread 23,5,main]) started.
[        ] :video_player_android:checkKotlinGradlePluginConfigurationErrors (Thread[#42487,Execution worker Thread 23,5,main]) started.
[        ] > Task :video_player_android:checkKotlinGradlePluginConfigurationErrors SKIPPED
[        ] Skipping task ':video_player_android:checkKotlinGradlePluginConfigurationErrors' as task onlyIf 'errorDiagnostics are present' is false.
[        ] Resolve mutations for :video_player_android:compileDebugKotlin (Thread[#42487,Execution worker Thread 23,5,main]) started.
[        ] :video_player_android:compileDebugKotlin (Thread[#42487,Execution worker Thread 23,5,main]) started.
[        ] > Task :video_player_android:compileDebugKotlin UP-TO-DATE
[        ] Adding -Xuse-inline-scopes-numbers Kotlin compiler flag for task :video_player_android:compileDebugAndroidTestKotlin
[        ] Caching disabled for task ':video_player_android:compileDebugKotlin' because:
[        ]   Build cache is disabled
[        ] Skipping task ':video_player_android:compileDebugKotlin' as it is up-to-date.
[        ] Resolve mutations for :video_player_android:javaPreCompileDebug (Thread[#42487,Execution worker Thread 23,5,main]) started.
[        ] :video_player_android:javaPreCompileDebug (Thread[#42487,Execution worker Thread 23,5,main]) started.
[        ] > Task :video_player_android:javaPreCompileDebug UP-TO-DATE
[        ] Caching disabled for task ':video_player_android:javaPreCompileDebug' because:
[        ]   Build cache is disabled
[        ] Skipping task ':video_player_android:javaPreCompileDebug' as it is up-to-date.
[        ] Resolve mutations for :video_player_android:compileDebugJavaWithJavac (Thread[#42487,Execution worker Thread 23,5,main]) started.
[        ] :video_player_android:compileDebugJavaWithJavac (Thread[#42487,Execution worker Thread 23,5,main]) started.
[        ] > Task :video_player_android:compileDebugJavaWithJavac UP-TO-DATE
[        ] Custom actions are attached to task ':video_player_android:compileDebugJavaWithJavac'.
[        ] Caching disabled for task ':video_player_android:compileDebugJavaWithJavac' because:
[        ]   Build cache is disabled
[        ] Skipping task ':video_player_android:compileDebugJavaWithJavac' as it is up-to-date.
[        ] No compile result for :video_player_android:compileDebugJavaWithJavac
[        ] No compile result for :video_player_android:compileDebugJavaWithJavac
[        ] Resolve mutations for :video_player_android:bundleLibCompileToJarDebug (Thread[#42487,Execution worker Thread 23,5,main]) started.
[        ] :video_player_android:bundleLibCompileToJarDebug (Thread[#42487,Execution worker Thread 23,5,main]) started.
[        ] > Task :video_player_android:bundleLibCompileToJarDebug UP-TO-DATE
[        ] Caching disabled for task ':video_player_android:bundleLibCompileToJarDebug' because:
[        ]   Build cache is disabled
[        ]   Simple merging task
[        ] Skipping task ':video_player_android:bundleLibCompileToJarDebug' as it is up-to-date.
[        ] work action resolve classes.jar (project :video_player_android) (Thread[#42487,Execution worker Thread 23,5,main]) started.
[        ] Resolve mutations for :app:compileDebugKotlin (Thread[#42487,Execution worker Thread 23,5,main]) started.
[        ] :app:compileDebugKotlin (Thread[#42487,Execution worker Thread 23,5,main]) started.
[        ] > Task :app:compileDebugKotlin UP-TO-DATE
[        ] Adding -Xuse-inline-scopes-numbers Kotlin compiler flag for task :app:compileDebugAndroidTestKotlin
[        ] Caching disabled for task ':app:compileDebugKotlin' because:
[        ]   Build cache is disabled
[        ] Skipping task ':app:compileDebugKotlin' as it is up-to-date.
[        ] Resolve mutations for :app:javaPreCompileDebug (Thread[#42487,Execution worker Thread 23,5,main]) started.
[        ] :app:javaPreCompileDebug (Thread[#42487,Execution worker Thread 23,5,main]) started.
[        ] > Task :app:javaPreCompileDebug UP-TO-DATE
[        ] Caching disabled for task ':app:javaPreCompileDebug' because:
[        ]   Build cache is disabled
[        ] Skipping task ':app:javaPreCompileDebug' as it is up-to-date.
[        ] Resolve mutations for :app:compileDebugJavaWithJavac (Thread[#42487,Execution worker Thread 23,5,main]) started.
[        ] :app:compileDebugJavaWithJavac (Thread[#42487,Execution worker Thread 23,5,main]) started.
[        ] > Task :app:compileDebugJavaWithJavac UP-TO-DATE
[        ] Custom actions are attached to task ':app:compileDebugJavaWithJavac'.
[        ] Caching disabled for task ':app:compileDebugJavaWithJavac' because:
[        ]   Build cache is disabled
[        ] Skipping task ':app:compileDebugJavaWithJavac' as it is up-to-date.
[        ] No compile result for :app:compileDebugJavaWithJavac
[        ] No compile result for :app:compileDebugJavaWithJavac
[        ] Resolve mutations for :app:compressDebugAssets (Thread[#42487,Execution worker Thread 23,5,main]) started.
[        ] :app:compressDebugAssets (Thread[#42487,Execution worker Thread 23,5,main]) started.
[        ] Resolve mutations for :app:processDebugJavaRes (Thread[#42493,Execution worker Thread 29,5,main]) started.
[        ] :app:processDebugJavaRes (Thread[#42493,Execution worker Thread 29,5,main]) started.
[        ] > Task :app:processDebugJavaRes UP-TO-DATE
[        ] file or directory '/Users/florian/Code/substitution/android/app/src/main/resources', not found
[        ] file or directory '/Users/florian/Code/substitution/android/app/src/debug/resources', not found
[        ] file or directory '/Users/florian/Code/substitution/android/app/src/main/resources', not found
[        ] file or directory '/Users/florian/Code/substitution/android/app/src/debug/resources', not found
[        ] Caching disabled for task ':app:processDebugJavaRes' because:
[        ]   Build cache is disabled
[        ]   Caching has been disabled for the task
[        ] Skipping task ':app:processDebugJavaRes' as it is up-to-date.
[        ] Resolve mutations for :connectivity_plus:processDebugJavaRes (Thread[#42493,Execution worker Thread 29,5,main]) started.
[        ] :connectivity_plus:processDebugJavaRes (Thread[#42493,Execution worker Thread 29,5,main]) started.
[        ] > Task :connectivity_plus:processDebugJavaRes NO-SOURCE
[        ] file or directory '/Users/florian/.pub-cache/hosted/pub.dev/connectivity_plus-5.0.2/android/src/main/resources', not found
[        ] file or directory '/Users/florian/.pub-cache/hosted/pub.dev/connectivity_plus-5.0.2/android/src/debug/resources', not found
[        ] Skipping task ':connectivity_plus:processDebugJavaRes' as it has no source files and no previous output files.
[        ] work action resolve out (project :connectivity_plus) (Thread[#42493,Execution worker Thread 29,5,main]) started.
[        ] Resolve mutations for :emoji_picker_flutter:processDebugJavaRes (Thread[#42493,Execution worker Thread 29,5,main]) started.
[        ] :emoji_picker_flutter:processDebugJavaRes (Thread[#42493,Execution worker Thread 29,5,main]) started.
[        ] > Task :emoji_picker_flutter:processDebugJavaRes UP-TO-DATE
[        ] file or directory '/Users/florian/.pub-cache/hosted/pub.dev/emoji_picker_flutter-4.4.0/android/src/main/resources', not found
[        ] file or directory '/Users/florian/.pub-cache/hosted/pub.dev/emoji_picker_flutter-4.4.0/android/src/debug/resources', not found
[        ] file or directory '/Users/florian/.pub-cache/hosted/pub.dev/emoji_picker_flutter-4.4.0/android/src/main/resources', not found
[        ] file or directory '/Users/florian/.pub-cache/hosted/pub.dev/emoji_picker_flutter-4.4.0/android/src/debug/resources', not found
[        ] Caching disabled for task ':emoji_picker_flutter:processDebugJavaRes' because:
[        ]   Build cache is disabled
[        ]   Caching has been disabled for the task
[        ] Skipping task ':emoji_picker_flutter:processDebugJavaRes' as it is up-to-date.
[        ] work action resolve out (project :emoji_picker_flutter) (Thread[#42493,Execution worker Thread 29,5,main]) started.
[        ] Resolve mutations for :file_selector_android:processDebugJavaRes (Thread[#42493,Execution worker Thread 29,5,main]) started.
[        ] :file_selector_android:processDebugJavaRes (Thread[#42493,Execution worker Thread 29,5,main]) started.
[        ] > Task :file_selector_android:processDebugJavaRes NO-SOURCE
[        ] file or directory '/Users/florian/.pub-cache/hosted/pub.dev/file_selector_android-0.5.2+4/android/src/main/resources', not found
[        ] file or directory '/Users/florian/.pub-cache/hosted/pub.dev/file_selector_android-0.5.2+4/android/src/debug/resources', not found
[        ] Skipping task ':file_selector_android:processDebugJavaRes' as it has no source files and no previous output files.
[        ] work action resolve out (project :file_selector_android) (Thread[#42493,Execution worker Thread 29,5,main]) started.
[        ] Resolve mutations for :flutter_keyboard_visibility_temp_fork:processDebugJavaRes (Thread[#42493,Execution worker Thread 29,5,main]) started.
[        ] :flutter_keyboard_visibility_temp_fork:processDebugJavaRes (Thread[#42493,Execution worker Thread 29,5,main]) started.
[        ] > Task :flutter_keyboard_visibility_temp_fork:processDebugJavaRes NO-SOURCE
[        ] file or directory '/Users/florian/.pub-cache/hosted/pub.dev/flutter_keyboard_visibility_temp_fork-0.1.5/android/src/main/resources', not found
[        ] file or directory '/Users/florian/.pub-cache/hosted/pub.dev/flutter_keyboard_visibility_temp_fork-0.1.5/android/src/debug/resources', not found
[        ] Skipping task ':flutter_keyboard_visibility_temp_fork:processDebugJavaRes' as it has no source files and no previous output files.
[        ] work action resolve out (project :flutter_keyboard_visibility_temp_fork) (Thread[#42493,Execution worker Thread 29,5,main]) started.
[        ] Resolve mutations for :flutter_native_splash:processDebugJavaRes (Thread[#42493,Execution worker Thread 29,5,main]) started.
[        ] :flutter_native_splash:processDebugJavaRes (Thread[#42493,Execution worker Thread 29,5,main]) started.
[        ] > Task :flutter_native_splash:processDebugJavaRes NO-SOURCE
[        ] file or directory '/Users/florian/.pub-cache/hosted/pub.dev/flutter_native_splash-2.4.7/android/src/main/resources', not found
[        ] file or directory '/Users/florian/.pub-cache/hosted/pub.dev/flutter_native_splash-2.4.7/android/src/debug/resources', not found
[        ] Skipping task ':flutter_native_splash:processDebugJavaRes' as it has no source files and no previous output files.
[        ] work action resolve out (project :flutter_native_splash) (Thread[#42493,Execution worker Thread 29,5,main]) started.
[        ] Resolve mutations for :flutter_olm:processDebugJavaRes (Thread[#42493,Execution worker Thread 29,5,main]) started.
[        ] :flutter_olm:processDebugJavaRes (Thread[#42493,Execution worker Thread 29,5,main]) started.
[        ] > Task :flutter_olm:processDebugJavaRes UP-TO-DATE
[        ] file or directory '/Users/florian/.pub-cache/hosted/pub.dev/flutter_olm-2.0.0/android/src/main/resources', not found
[        ] file or directory '/Users/florian/.pub-cache/hosted/pub.dev/flutter_olm-2.0.0/android/src/debug/resources', not found
[        ] file or directory '/Users/florian/.pub-cache/hosted/pub.dev/flutter_olm-2.0.0/android/src/main/resources', not found
[        ] file or directory '/Users/florian/.pub-cache/hosted/pub.dev/flutter_olm-2.0.0/android/src/debug/resources', not found
[        ] Caching disabled for task ':flutter_olm:processDebugJavaRes' because:
[        ]   Build cache is disabled
[        ]   Caching has been disabled for the task
[        ] Skipping task ':flutter_olm:processDebugJavaRes' as it is up-to-date.
[        ] work action resolve out (project :flutter_olm) (Thread[#42493,Execution worker Thread 29,5,main]) started.
[        ] Resolve mutations for :flutter_openssl_crypto:processDebugJavaRes (Thread[#42493,Execution worker Thread 29,5,main]) started.
[        ] :flutter_openssl_crypto:processDebugJavaRes (Thread[#42493,Execution worker Thread 29,5,main]) started.
[        ] > Task :flutter_openssl_crypto:processDebugJavaRes UP-TO-DATE
[        ] file or directory '/Users/florian/.pub-cache/hosted/pub.dev/flutter_openssl_crypto-0.5.0/android/src/main/resources', not found
[        ] file or directory '/Users/florian/.pub-cache/hosted/pub.dev/flutter_openssl_crypto-0.5.0/android/src/debug/resources', not found
[        ] file or directory '/Users/florian/.pub-cache/hosted/pub.dev/flutter_openssl_crypto-0.5.0/android/src/main/resources', not found
[        ] file or directory '/Users/florian/.pub-cache/hosted/pub.dev/flutter_openssl_crypto-0.5.0/android/src/debug/resources', not found
[        ] Caching disabled for task ':flutter_openssl_crypto:processDebugJavaRes' because:
[        ]   Build cache is disabled
[        ]   Caching has been disabled for the task
[        ] Skipping task ':flutter_openssl_crypto:processDebugJavaRes' as it is up-to-date.
[        ] work action resolve out (project :flutter_openssl_crypto) (Thread[#42493,Execution worker Thread 29,5,main]) started.
[        ] Resolve mutations for :integration_test:processDebugJavaRes (Thread[#42493,Execution worker Thread 29,5,main]) started.
[        ] :integration_test:processDebugJavaRes (Thread[#42493,Execution worker Thread 29,5,main]) started.
[        ] > Task :integration_test:processDebugJavaRes NO-SOURCE
[        ] file or directory '/opt/homebrew/share/flutter/packages/integration_test/android/src/main/resources', not found
[        ] file or directory '/opt/homebrew/share/flutter/packages/integration_test/android/src/debug/resources', not found
[        ] Skipping task ':integration_test:processDebugJavaRes' as it has no source files and no previous output files.
[        ] work action resolve out (project :integration_test) (Thread[#42493,Execution worker Thread 29,5,main]) started.
[        ] Resolve mutations for :path_provider_android:processDebugJavaRes (Thread[#42493,Execution worker Thread 29,5,main]) started.
[        ] :path_provider_android:processDebugJavaRes (Thread[#42493,Execution worker Thread 29,5,main]) started.
[        ] > Task :path_provider_android:processDebugJavaRes NO-SOURCE
[        ] file or directory '/Users/florian/.pub-cache/hosted/pub.dev/path_provider_android-2.2.22/android/src/main/resources', not found
[        ] file or directory '/Users/florian/.pub-cache/hosted/pub.dev/path_provider_android-2.2.22/android/src/debug/resources', not found
[        ] Skipping task ':path_provider_android:processDebugJavaRes' as it has no source files and no previous output files.
[        ] work action resolve out (project :path_provider_android) (Thread[#42493,Execution worker Thread 29,5,main]) started.
[        ] Resolve mutations for :quill_native_bridge_android:processDebugJavaRes (Thread[#42493,Execution worker Thread 29,5,main]) started.
[        ] :quill_native_bridge_android:processDebugJavaRes (Thread[#42493,Execution worker Thread 29,5,main]) started.
[        ] > Task :quill_native_bridge_android:processDebugJavaRes UP-TO-DATE
[        ] file or directory '/Users/florian/.pub-cache/hosted/pub.dev/quill_native_bridge_android-0.0.1+2/android/src/main/resources', not found
[        ] file or directory '/Users/florian/.pub-cache/hosted/pub.dev/quill_native_bridge_android-0.0.1+2/android/src/debug/resources', not found
[        ] file or directory '/Users/florian/.pub-cache/hosted/pub.dev/quill_native_bridge_android-0.0.1+2/android/src/main/resources', not found
[        ] file or directory '/Users/florian/.pub-cache/hosted/pub.dev/quill_native_bridge_android-0.0.1+2/android/src/debug/resources', not found
[        ] Caching disabled for task ':quill_native_bridge_android:processDebugJavaRes' because:
[        ]   Build cache is disabled
[        ]   Caching has been disabled for the task
[        ] Skipping task ':quill_native_bridge_android:processDebugJavaRes' as it is up-to-date.
[        ] work action resolve out (project :quill_native_bridge_android) (Thread[#42493,Execution worker Thread 29,5,main]) started.
[        ] Resolve mutations for :shared_preferences_android:processDebugJavaRes (Thread[#42493,Execution worker Thread 29,5,main]) started.
[        ] :shared_preferences_android:processDebugJavaRes (Thread[#42493,Execution worker Thread 29,5,main]) started.
[        ] > Task :shared_preferences_android:processDebugJavaRes UP-TO-DATE
[        ] file or directory '/Users/florian/.pub-cache/hosted/pub.dev/shared_preferences_android-2.4.20/android/src/main/resources', not found
[        ] file or directory '/Users/florian/.pub-cache/hosted/pub.dev/shared_preferences_android-2.4.20/android/src/debug/resources', not found
[        ] file or directory '/Users/florian/.pub-cache/hosted/pub.dev/shared_preferences_android-2.4.20/android/src/main/resources', not found
[        ] file or directory '/Users/florian/.pub-cache/hosted/pub.dev/shared_preferences_android-2.4.20/android/src/debug/resources', not found
[        ] Caching disabled for task ':shared_preferences_android:processDebugJavaRes' because:
[        ]   Build cache is disabled
[        ]   Caching has been disabled for the task
[        ] Skipping task ':shared_preferences_android:processDebugJavaRes' as it is up-to-date.
[        ] work action resolve out (project :shared_preferences_android) (Thread[#42493,Execution worker Thread 29,5,main]) started.
[        ] Resolve mutations for :sqflite_android:processDebugJavaRes (Thread[#42493,Execution worker Thread 29,5,main]) started.
[        ] :sqflite_android:processDebugJavaRes (Thread[#42493,Execution worker Thread 29,5,main]) started.
[        ] > Task :sqflite_android:processDebugJavaRes NO-SOURCE
[        ] file or directory '/Users/florian/.pub-cache/hosted/pub.dev/sqflite_android-2.4.2+2/android/src/main/resources', not found
[        ] file or directory '/Users/florian/.pub-cache/hosted/pub.dev/sqflite_android-2.4.2+2/android/src/debug/resources', not found
[        ] Skipping task ':sqflite_android:processDebugJavaRes' as it has no source files and no previous output files.
[        ] work action resolve out (project :sqflite_android) (Thread[#42493,Execution worker Thread 29,5,main]) started.
[        ] Resolve mutations for :url_launcher_android:processDebugJavaRes (Thread[#42493,Execution worker Thread 29,5,main]) started.
[        ] :url_launcher_android:processDebugJavaRes (Thread[#42493,Execution worker Thread 29,5,main]) started.
[        ] > Task :url_launcher_android:processDebugJavaRes NO-SOURCE
[        ] file or directory '/Users/florian/.pub-cache/hosted/pub.dev/url_launcher_android-6.3.28/android/src/main/resources', not found
[        ] file or directory '/Users/florian/.pub-cache/hosted/pub.dev/url_launcher_android-6.3.28/android/src/debug/resources', not found
[        ] Skipping task ':url_launcher_android:processDebugJavaRes' as it has no source files and no previous output files.
[        ] work action resolve out (project :url_launcher_android) (Thread[#42493,Execution worker Thread 29,5,main]) started.
[        ] Resolve mutations for :video_player_android:processDebugJavaRes (Thread[#42493,Execution worker Thread 29,5,main]) started.
[        ] :video_player_android:processDebugJavaRes (Thread[#42493,Execution worker Thread 29,5,main]) started.
[        ] > Task :video_player_android:processDebugJavaRes UP-TO-DATE
[        ] file or directory '/Users/florian/.pub-cache/hosted/pub.dev/video_player_android-2.9.1/android/src/main/resources', not found
[        ] file or directory '/Users/florian/.pub-cache/hosted/pub.dev/video_player_android-2.9.1/android/src/debug/resources', not found
[        ] file or directory '/Users/florian/.pub-cache/hosted/pub.dev/video_player_android-2.9.1/android/src/main/resources', not found
[        ] file or directory '/Users/florian/.pub-cache/hosted/pub.dev/video_player_android-2.9.1/android/src/debug/resources', not found
[        ] Caching disabled for task ':video_player_android:processDebugJavaRes' because:
[        ]   Build cache is disabled
[        ]   Caching has been disabled for the task
[        ] Skipping task ':video_player_android:processDebugJavaRes' as it is up-to-date.
[        ] work action resolve out (project :video_player_android) (Thread[#42493,Execution worker Thread 29,5,main]) started.
[        ] Resolve mutations for :app:mergeDebugJavaResource (Thread[#42493,Execution worker Thread 29,5,main]) started.
[        ] :app:mergeDebugJavaResource (Thread[#42493,Execution worker Thread 29,5,main]) started.
[        ] > Task :app:mergeDebugJavaResource UP-TO-DATE
[        ] Caching disabled for task ':app:mergeDebugJavaResource' because:
[        ]   Build cache is disabled
[        ]   Caching has been disabled for the task
[        ] Skipping task ':app:mergeDebugJavaResource' as it is up-to-date.
[        ] Resolve mutations for :app:checkDebugDuplicateClasses (Thread[#42493,Execution worker Thread 29,5,main]) started.
[        ] :app:checkDebugDuplicateClasses (Thread[#42493,Execution worker Thread 29,5,main]) started.
[        ] > Task :app:checkDebugDuplicateClasses UP-TO-DATE
[        ] Caching disabled for task ':app:checkDebugDuplicateClasses' because:
[        ]   Build cache is disabled
[        ]   Caching has been disabled for the task
[        ] Skipping task ':app:checkDebugDuplicateClasses' as it is up-to-date.
[        ] Resolve mutations for :app:desugarDebugFileDependencies (Thread[#42493,Execution worker Thread 29,5,main]) started.
[        ] :app:desugarDebugFileDependencies (Thread[#42493,Execution worker Thread 29,5,main]) started.
[        ] > Task :app:desugarDebugFileDependencies UP-TO-DATE
[        ] Caching disabled for task ':app:desugarDebugFileDependencies' because:
[        ]   Build cache is disabled
[        ] Skipping task ':app:desugarDebugFileDependencies' as it is up-to-date.
[        ] Resolve mutations for :app:mergeExtDexDebug (Thread[#42493,Execution worker Thread 29,5,main]) started.
[        ] :app:mergeExtDexDebug (Thread[#42493,Execution worker Thread 29,5,main]) started.
[  +98 ms] > Task :app:mergeExtDexDebug UP-TO-DATE
[        ] Caching disabled for task ':app:mergeExtDexDebug' because:
[        ]   Build cache is disabled
[        ] Skipping task ':app:mergeExtDexDebug' as it is up-to-date.
[        ] Resolve mutations for :connectivity_plus:bundleLibRuntimeToDirDebug (Thread[#42493,Execution worker Thread 29,5,main]) started.
[        ] :connectivity_plus:bundleLibRuntimeToDirDebug (Thread[#42493,Execution worker Thread 29,5,main]) started.
[        ] > Task :connectivity_plus:bundleLibRuntimeToDirDebug UP-TO-DATE
[        ] Caching disabled for task ':connectivity_plus:bundleLibRuntimeToDirDebug' because:
[        ]   Build cache is disabled
[        ]   Simple merging task
[        ] Skipping task ':connectivity_plus:bundleLibRuntimeToDirDebug' as it is up-to-date.
[        ] work action resolve bundleLibRuntimeToDirDebug (project :connectivity_plus) (Thread[#42493,Execution worker Thread 29,5,main]) started.
[        ] ClassesDirToClassesTransform (Thread[#42493,Execution worker Thread 29,5,main]) started.
[        ] Resolve mutations for :emoji_picker_flutter:bundleLibRuntimeToDirDebug (Thread[#42476,Execution worker Thread 12,5,main]) started.
[        ] :emoji_picker_flutter:bundleLibRuntimeToDirDebug (Thread[#42476,Execution worker Thread 12,5,main]) started.
[        ] DexingNoClasspathTransform (Thread[#42493,Execution worker Thread 29,5,main]) started.
[        ] > Task :emoji_picker_flutter:bundleLibRuntimeToDirDebug UP-TO-DATE
[        ] Caching disabled for task ':emoji_picker_flutter:bundleLibRuntimeToDirDebug' because:
[        ]   Build cache is disabled
[        ]   Simple merging task
[        ] Skipping task ':emoji_picker_flutter:bundleLibRuntimeToDirDebug' as it is up-to-date.
[        ] work action resolve bundleLibRuntimeToDirDebug (project :emoji_picker_flutter) (Thread[#42476,Execution worker Thread 12,5,main]) started.
[        ] ClassesDirToClassesTransform (Thread[#42476,Execution worker Thread 12,5,main]) started.
[        ] Resolve mutations for :file_selector_android:bundleLibRuntimeToDirDebug (Thread[#42465,Execution worker Thread 2,5,main]) started.
[        ] DexingNoClasspathTransform (Thread[#42476,Execution worker Thread 12,5,main]) started.
[        ] :file_selector_android:bundleLibRuntimeToDirDebug (Thread[#42465,Execution worker Thread 2,5,main]) started.
[        ] > Transform bundleLibRuntimeToDirDebug (project :connectivity_plus) with DexingNoClasspathTransform
[        ] Caching disabled for DexingNoClasspathTransform: /Users/florian/Code/substitution/build/connectivity_plus/intermediates/runtime_library_classes_dir/debug/bundleLibRuntimeToDirDebug because:
[        ]   Build cache is disabled
[        ] Skipping DexingNoClasspathTransform: /Users/florian/Code/substitution/build/connectivity_plus/intermediates/runtime_library_classes_dir/debug/bundleLibRuntimeToDirDebug as it is up-to-date.
[        ] > Transform bundleLibRuntimeToDirDebug (project :emoji_picker_flutter) with DexingNoClasspathTransform
[        ] Caching disabled for DexingNoClasspathTransform: /Users/florian/Code/substitution/build/emoji_picker_flutter/intermediates/runtime_library_classes_dir/debug/bundleLibRuntimeToDirDebug because:
[        ]   Build cache is disabled
[        ] Skipping DexingNoClasspathTransform: /Users/florian/Code/substitution/build/emoji_picker_flutter/intermediates/runtime_library_classes_dir/debug/bundleLibRuntimeToDirDebug as it is up-to-date.
[        ] > Task :file_selector_android:bundleLibRuntimeToDirDebug UP-TO-DATE
[        ] Caching disabled for task ':file_selector_android:bundleLibRuntimeToDirDebug' because:
[        ]   Build cache is disabled
[        ]   Simple merging task
[        ] Skipping task ':file_selector_android:bundleLibRuntimeToDirDebug' as it is up-to-date.
[        ] work action resolve bundleLibRuntimeToDirDebug (project :file_selector_android) (Thread[#42465,Execution worker Thread 2,5,main]) started.
[        ] ClassesDirToClassesTransform (Thread[#42465,Execution worker Thread 2,5,main]) started.
[        ] Resolve mutations for :flutter_keyboard_visibility_temp_fork:bundleLibRuntimeToDirDebug (Thread[#42493,Execution worker Thread 29,5,main]) started.
[        ] :flutter_keyboard_visibility_temp_fork:bundleLibRuntimeToDirDebug (Thread[#42493,Execution worker Thread 29,5,main]) started.
[        ] DexingNoClasspathTransform (Thread[#42465,Execution worker Thread 2,5,main]) started.
[        ] > Task :flutter_keyboard_visibility_temp_fork:bundleLibRuntimeToDirDebug UP-TO-DATE
[        ] Caching disabled for task ':flutter_keyboard_visibility_temp_fork:bundleLibRuntimeToDirDebug' because:
[        ]   Build cache is disabled
[        ]   Simple merging task
[        ] Skipping task ':flutter_keyboard_visibility_temp_fork:bundleLibRuntimeToDirDebug' as it is up-to-date.
[        ] work action resolve bundleLibRuntimeToDirDebug (project :flutter_keyboard_visibility_temp_fork) (Thread[#42493,Execution worker Thread 29,5,main]) started.
[        ] ClassesDirToClassesTransform (Thread[#42493,Execution worker Thread 29,5,main]) started.
[        ] Resolve mutations for :flutter_native_splash:bundleLibRuntimeToDirDebug (Thread[#42464,Execution worker,5,main]) started.
[        ] DexingNoClasspathTransform (Thread[#42493,Execution worker Thread 29,5,main]) started.
[        ] :flutter_native_splash:bundleLibRuntimeToDirDebug (Thread[#42464,Execution worker,5,main]) started.
[        ] > Transform bundleLibRuntimeToDirDebug (project :file_selector_android) with DexingNoClasspathTransform
[        ] Caching disabled for DexingNoClasspathTransform: /Users/florian/Code/substitution/build/file_selector_android/intermediates/runtime_library_classes_dir/debug/bundleLibRuntimeToDirDebug because:
[        ]   Build cache is disabled
[        ] Skipping DexingNoClasspathTransform: /Users/florian/Code/substitution/build/file_selector_android/intermediates/runtime_library_classes_dir/debug/bundleLibRuntimeToDirDebug as it is up-to-date.
[        ] > Transform bundleLibRuntimeToDirDebug (project :flutter_keyboard_visibility_temp_fork) with DexingNoClasspathTransform
[        ] Caching disabled for DexingNoClasspathTransform: /Users/florian/Code/substitution/build/flutter_keyboard_visibility_temp_fork/intermediates/runtime_library_classes_dir/debug/bundleLibRuntimeToDirDebug because:
[        ]   Build cache is disabled
[        ] Skipping DexingNoClasspathTransform: /Users/florian/Code/substitution/build/flutter_keyboard_visibility_temp_fork/intermediates/runtime_library_classes_dir/debug/bundleLibRuntimeToDirDebug as it is up-to-date.
[        ] > Task :flutter_native_splash:bundleLibRuntimeToDirDebug UP-TO-DATE
[        ] Caching disabled for task ':flutter_native_splash:bundleLibRuntimeToDirDebug' because:
[        ]   Build cache is disabled
[        ]   Simple merging task
[        ] Skipping task ':flutter_native_splash:bundleLibRuntimeToDirDebug' as it is up-to-date.
[        ] work action resolve bundleLibRuntimeToDirDebug (project :flutter_native_splash) (Thread[#42464,Execution worker,5,main]) started.
[        ] ClassesDirToClassesTransform (Thread[#42464,Execution worker,5,main]) started.
[        ] Resolve mutations for :flutter_olm:bundleLibRuntimeToDirDebug (Thread[#42494,Execution worker Thread 30,5,main]) started.
[        ] :flutter_olm:bundleLibRuntimeToDirDebug (Thread[#42494,Execution worker Thread 30,5,main]) started.
[        ] DexingNoClasspathTransform (Thread[#42464,Execution worker,5,main]) started.
[        ] > Task :flutter_olm:bundleLibRuntimeToDirDebug UP-TO-DATE
[        ] Caching disabled for task ':flutter_olm:bundleLibRuntimeToDirDebug' because:
[        ]   Build cache is disabled
[        ]   Simple merging task
[        ] Skipping task ':flutter_olm:bundleLibRuntimeToDirDebug' as it is up-to-date.
[        ] work action resolve bundleLibRuntimeToDirDebug (project :flutter_olm) (Thread[#42494,Execution worker Thread 30,5,main]) started.
[        ] ClassesDirToClassesTransform (Thread[#42494,Execution worker Thread 30,5,main]) started.
[        ] Resolve mutations for :flutter_openssl_crypto:bundleLibRuntimeToDirDebug (Thread[#42481,Execution worker Thread 17,5,main]) started.
[        ] :flutter_openssl_crypto:bundleLibRuntimeToDirDebug (Thread[#42481,Execution worker Thread 17,5,main]) started.
[        ] DexingNoClasspathTransform (Thread[#42494,Execution worker Thread 30,5,main]) started.
[        ] > Transform bundleLibRuntimeToDirDebug (project :flutter_native_splash) with DexingNoClasspathTransform
[        ] Caching disabled for DexingNoClasspathTransform: /Users/florian/Code/substitution/build/flutter_native_splash/intermediates/runtime_library_classes_dir/debug/bundleLibRuntimeToDirDebug because:
[        ]   Build cache is disabled
[        ] Skipping DexingNoClasspathTransform: /Users/florian/Code/substitution/build/flutter_native_splash/intermediates/runtime_library_classes_dir/debug/bundleLibRuntimeToDirDebug as it is up-to-date.
[        ] > Task :flutter_openssl_crypto:bundleLibRuntimeToDirDebug UP-TO-DATE
[        ] Caching disabled for task ':flutter_openssl_crypto:bundleLibRuntimeToDirDebug' because:
[        ]   Build cache is disabled
[        ]   Simple merging task
[        ] Skipping task ':flutter_openssl_crypto:bundleLibRuntimeToDirDebug' as it is up-to-date.
[        ] work action resolve bundleLibRuntimeToDirDebug (project :flutter_openssl_crypto) (Thread[#42481,Execution worker Thread 17,5,main]) started.
[        ] ClassesDirToClassesTransform (Thread[#42481,Execution worker Thread 17,5,main]) started.
[        ] Resolve mutations for :integration_test:bundleLibRuntimeToDirDebug (Thread[#42464,Execution worker,5,main]) started.
[        ] > Transform bundleLibRuntimeToDirDebug (project :flutter_olm) with DexingNoClasspathTransform
[        ] Caching disabled for DexingNoClasspathTransform: /Users/florian/Code/substitution/build/flutter_olm/intermediates/runtime_library_classes_dir/debug/bundleLibRuntimeToDirDebug because:
[        ]   Build cache is disabled
[        ] Skipping DexingNoClasspathTransform: /Users/florian/Code/substitution/build/flutter_olm/intermediates/runtime_library_classes_dir/debug/bundleLibRuntimeToDirDebug as it is up-to-date.
[        ] :integration_test:bundleLibRuntimeToDirDebug (Thread[#42464,Execution worker,5,main]) started.
[        ] DexingNoClasspathTransform (Thread[#42481,Execution worker Thread 17,5,main]) started.
[        ] > Task :integration_test:bundleLibRuntimeToDirDebug UP-TO-DATE
[        ] Caching disabled for task ':integration_test:bundleLibRuntimeToDirDebug' because:
[        ]   Build cache is disabled
[        ]   Simple merging task
[        ] Skipping task ':integration_test:bundleLibRuntimeToDirDebug' as it is up-to-date.
[        ] work action resolve bundleLibRuntimeToDirDebug (project :integration_test) (Thread[#42464,Execution worker,5,main]) started.
[        ] ClassesDirToClassesTransform (Thread[#42464,Execution worker,5,main]) started.
[        ] Resolve mutations for :path_provider_android:bundleLibRuntimeToDirDebug (Thread[#42479,Execution worker Thread 15,5,main]) started.
[        ] :path_provider_android:bundleLibRuntimeToDirDebug (Thread[#42479,Execution worker Thread 15,5,main]) started.
[        ] > Transform bundleLibRuntimeToDirDebug (project :flutter_openssl_crypto) with DexingNoClasspathTransform
[        ] Caching disabled for DexingNoClasspathTransform: /Users/florian/Code/substitution/build/flutter_openssl_crypto/intermediates/runtime_library_classes_dir/debug/bundleLibRuntimeToDirDebug because:
[        ]   Build cache is disabled
[        ] Skipping DexingNoClasspathTransform: /Users/florian/Code/substitution/build/flutter_openssl_crypto/intermediates/runtime_library_classes_dir/debug/bundleLibRuntimeToDirDebug as it is up-to-date.
[        ] DexingNoClasspathTransform (Thread[#42464,Execution worker,5,main]) started.
[        ] > Task :path_provider_android:bundleLibRuntimeToDirDebug UP-TO-DATE
[        ] Caching disabled for task ':path_provider_android:bundleLibRuntimeToDirDebug' because:
[        ]   Build cache is disabled
[        ]   Simple merging task
[        ] Skipping task ':path_provider_android:bundleLibRuntimeToDirDebug' as it is up-to-date.
[        ] work action resolve bundleLibRuntimeToDirDebug (project :path_provider_android) (Thread[#42479,Execution worker Thread 15,5,main]) started.
[        ] ClassesDirToClassesTransform (Thread[#42479,Execution worker Thread 15,5,main]) started.
[        ] Resolve mutations for :quill_native_bridge_android:bundleLibRuntimeToDirDebug (Thread[#42475,Execution worker Thread 11,5,main]) started.
[        ] DexingNoClasspathTransform (Thread[#42479,Execution worker Thread 15,5,main]) started.
[        ] :quill_native_bridge_android:bundleLibRuntimeToDirDebug (Thread[#42475,Execution worker Thread 11,5,main]) started.
[        ] > Transform bundleLibRuntimeToDirDebug (project :integration_test) with DexingNoClasspathTransform
[        ] Caching disabled for DexingNoClasspathTransform: /Users/florian/Code/substitution/build/integration_test/intermediates/runtime_library_classes_dir/debug/bundleLibRuntimeToDirDebug because:
[        ]   Build cache is disabled
[        ] Skipping DexingNoClasspathTransform: /Users/florian/Code/substitution/build/integration_test/intermediates/runtime_library_classes_dir/debug/bundleLibRuntimeToDirDebug as it is up-to-date.
[        ] > Transform bundleLibRuntimeToDirDebug (project :path_provider_android) with DexingNoClasspathTransform
[        ] Caching disabled for DexingNoClasspathTransform: /Users/florian/Code/substitution/build/path_provider_android/intermediates/runtime_library_classes_dir/debug/bundleLibRuntimeToDirDebug because:
[        ]   Build cache is disabled
[        ] Skipping DexingNoClasspathTransform: /Users/florian/Code/substitution/build/path_provider_android/intermediates/runtime_library_classes_dir/debug/bundleLibRuntimeToDirDebug as it is up-to-date.
[        ] > Task :quill_native_bridge_android:bundleLibRuntimeToDirDebug UP-TO-DATE
[        ] Caching disabled for task ':quill_native_bridge_android:bundleLibRuntimeToDirDebug' because:
[        ]   Build cache is disabled
[        ]   Simple merging task
[        ] Skipping task ':quill_native_bridge_android:bundleLibRuntimeToDirDebug' as it is up-to-date.
[        ] work action resolve bundleLibRuntimeToDirDebug (project :quill_native_bridge_android) (Thread[#42475,Execution worker Thread 11,5,main]) started.
[        ] ClassesDirToClassesTransform (Thread[#42475,Execution worker Thread 11,5,main]) started.
[        ] Resolve mutations for :shared_preferences_android:bundleLibRuntimeToDirDebug (Thread[#42479,Execution worker Thread 15,5,main]) started.
[        ] :shared_preferences_android:bundleLibRuntimeToDirDebug (Thread[#42479,Execution worker Thread 15,5,main]) started.
[        ] DexingNoClasspathTransform (Thread[#42475,Execution worker Thread 11,5,main]) started.
[        ] > Transform bundleLibRuntimeToDirDebug (project :quill_native_bridge_android) with DexingNoClasspathTransform
[        ] Caching disabled for DexingNoClasspathTransform: /Users/florian/Code/substitution/build/quill_native_bridge_android/intermediates/runtime_library_classes_dir/debug/bundleLibRuntimeToDirDebug because:
[        ]   Build cache is disabled
[        ] Skipping DexingNoClasspathTransform: /Users/florian/Code/substitution/build/quill_native_bridge_android/intermediates/runtime_library_classes_dir/debug/bundleLibRuntimeToDirDebug as it is up-to-date.
[        ] > Task :shared_preferences_android:bundleLibRuntimeToDirDebug UP-TO-DATE
[        ] Caching disabled for task ':shared_preferences_android:bundleLibRuntimeToDirDebug' because:
[        ]   Build cache is disabled
[        ]   Simple merging task
[        ] Skipping task ':shared_preferences_android:bundleLibRuntimeToDirDebug' as it is up-to-date.
[        ] work action resolve bundleLibRuntimeToDirDebug (project :shared_preferences_android) (Thread[#42479,Execution worker Thread 15,5,main]) started.
[        ] ClassesDirToClassesTransform (Thread[#42479,Execution worker Thread 15,5,main]) started.
[        ] Resolve mutations for :sqflite_android:bundleLibRuntimeToDirDebug (Thread[#42475,Execution worker Thread 11,5,main]) started.
[        ] :sqflite_android:bundleLibRuntimeToDirDebug (Thread[#42475,Execution worker Thread 11,5,main]) started.
[        ] DexingNoClasspathTransform (Thread[#42479,Execution worker Thread 15,5,main]) started.
[        ] > Task :sqflite_android:bundleLibRuntimeToDirDebug UP-TO-DATE
[        ] Caching disabled for task ':sqflite_android:bundleLibRuntimeToDirDebug' because:
[        ]   Build cache is disabled
[        ]   Simple merging task
[        ] Skipping task ':sqflite_android:bundleLibRuntimeToDirDebug' as it is up-to-date.
[        ] work action resolve bundleLibRuntimeToDirDebug (project :sqflite_android) (Thread[#42475,Execution worker Thread 11,5,main]) started.
[        ] ClassesDirToClassesTransform (Thread[#42475,Execution worker Thread 11,5,main]) started.
[        ] Resolve mutations for :url_launcher_android:bundleLibRuntimeToDirDebug (Thread[#42485,Execution worker Thread 21,5,main]) started.
[        ] DexingNoClasspathTransform (Thread[#42475,Execution worker Thread 11,5,main]) started.
[        ] :url_launcher_android:bundleLibRuntimeToDirDebug (Thread[#42485,Execution worker Thread 21,5,main]) started.
[        ] > Transform bundleLibRuntimeToDirDebug (project :shared_preferences_android) with DexingNoClasspathTransform
[        ] Caching disabled for DexingNoClasspathTransform: /Users/florian/Code/substitution/build/shared_preferences_android/intermediates/runtime_library_classes_dir/debug/bundleLibRuntimeToDirDebug because:
[        ]   Build cache is disabled
[        ] Skipping DexingNoClasspathTransform: /Users/florian/Code/substitution/build/shared_preferences_android/intermediates/runtime_library_classes_dir/debug/bundleLibRuntimeToDirDebug as it is up-to-date.
[        ] > Transform bundleLibRuntimeToDirDebug (project :sqflite_android) with DexingNoClasspathTransform
[        ] Caching disabled for DexingNoClasspathTransform: /Users/florian/Code/substitution/build/sqflite_android/intermediates/runtime_library_classes_dir/debug/bundleLibRuntimeToDirDebug because:
[        ]   Build cache is disabled
[        ] Skipping DexingNoClasspathTransform: /Users/florian/Code/substitution/build/sqflite_android/intermediates/runtime_library_classes_dir/debug/bundleLibRuntimeToDirDebug as it is up-to-date.
[        ] > Task :url_launcher_android:bundleLibRuntimeToDirDebug UP-TO-DATE
[        ] Caching disabled for task ':url_launcher_android:bundleLibRuntimeToDirDebug' because:
[        ]   Build cache is disabled
[        ]   Simple merging task
[        ] Skipping task ':url_launcher_android:bundleLibRuntimeToDirDebug' as it is up-to-date.
[        ] work action resolve bundleLibRuntimeToDirDebug (project :url_launcher_android) (Thread[#42485,Execution worker Thread 21,5,main]) started.
[        ] ClassesDirToClassesTransform (Thread[#42485,Execution worker Thread 21,5,main]) started.
[        ] Resolve mutations for :video_player_android:bundleLibRuntimeToDirDebug (Thread[#42490,Execution worker Thread 26,5,main]) started.
[        ] :video_player_android:bundleLibRuntimeToDirDebug (Thread[#42490,Execution worker Thread 26,5,main]) started.
[        ] DexingNoClasspathTransform (Thread[#42485,Execution worker Thread 21,5,main]) started.
[        ] > Transform bundleLibRuntimeToDirDebug (project :url_launcher_android) with DexingNoClasspathTransform
[        ] Caching disabled for DexingNoClasspathTransform: /Users/florian/Code/substitution/build/url_launcher_android/intermediates/runtime_library_classes_dir/debug/bundleLibRuntimeToDirDebug because:
[        ]   Build cache is disabled
[        ] Skipping DexingNoClasspathTransform: /Users/florian/Code/substitution/build/url_launcher_android/intermediates/runtime_library_classes_dir/debug/bundleLibRuntimeToDirDebug as it is up-to-date.
[        ] > Task :video_player_android:bundleLibRuntimeToDirDebug UP-TO-DATE
[        ] Caching disabled for task ':video_player_android:bundleLibRuntimeToDirDebug' because:
[        ]   Build cache is disabled
[        ]   Simple merging task
[        ] Skipping task ':video_player_android:bundleLibRuntimeToDirDebug' as it is up-to-date.
[        ] work action resolve bundleLibRuntimeToDirDebug (project :video_player_android) (Thread[#42490,Execution worker Thread 26,5,main]) started.
[        ] ClassesDirToClassesTransform (Thread[#42490,Execution worker Thread 26,5,main]) started.
[        ] Resolve mutations for :app:dexBuilderDebug (Thread[#42495,Execution worker Thread 31,5,main]) started.
[        ] DexingNoClasspathTransform (Thread[#42490,Execution worker Thread 26,5,main]) started.
[        ] :app:dexBuilderDebug (Thread[#42495,Execution worker Thread 31,5,main]) started.
[        ] > Task :app:dexBuilderDebug UP-TO-DATE
[        ] Caching disabled for task ':app:dexBuilderDebug' because:
[        ]   Build cache is disabled
[        ] Skipping task ':app:dexBuilderDebug' as it is up-to-date.
[        ] Resolve mutations for :app:mergeProjectDexDebug (Thread[#42495,Execution worker Thread 31,5,main]) started.
[        ] > Transform bundleLibRuntimeToDirDebug (project :video_player_android) with DexingNoClasspathTransform
[        ] Caching disabled for DexingNoClasspathTransform: /Users/florian/Code/substitution/build/video_player_android/intermediates/runtime_library_classes_dir/debug/bundleLibRuntimeToDirDebug because:
[        ]   Build cache is disabled
[        ] Skipping DexingNoClasspathTransform: /Users/florian/Code/substitution/build/video_player_android/intermediates/runtime_library_classes_dir/debug/bundleLibRuntimeToDirDebug as it is up-to-date.
[        ] Resolve mutations for :app:mergeLibDexDebug (Thread[#42495,Execution worker Thread 31,5,main]) started.
[        ] :app:mergeLibDexDebug (Thread[#42495,Execution worker Thread 31,5,main]) started.
[        ] > Task :app:mergeLibDexDebug UP-TO-DATE
[        ] Caching disabled for task ':app:mergeLibDexDebug' because:
[        ]   Build cache is disabled
[        ] Skipping task ':app:mergeLibDexDebug' as it is up-to-date.
[        ] :app:mergeProjectDexDebug (Thread[#42495,Execution worker Thread 31,5,main]) started.
[        ] > Task :app:mergeProjectDexDebug UP-TO-DATE
[        ] Caching disabled for task ':app:mergeProjectDexDebug' because:
[        ]   Build cache is disabled
[        ] Skipping task ':app:mergeProjectDexDebug' as it is up-to-date.
[        ] Resolve mutations for :app:configureCMakeDebug[arm64-v8a] (Thread[#42495,Execution worker Thread 31,5,main]) started.
[        ] :app:configureCMakeDebug[arm64-v8a] (Thread[#42495,Execution worker Thread 31,5,main]) started.
[        ] > Task :app:configureCMakeDebug[arm64-v8a]
[        ] Caching disabled for task ':app:configureCMakeDebug[arm64-v8a]' because:
[        ]   Build cache is disabled
[        ]   Caching has been disabled for the task
[        ] Task ':app:configureCMakeDebug[arm64-v8a]' is not up-to-date because:
[        ]   Task.upToDateWhen is false.
[        ] C/C++: /opt/homebrew/share/flutter/packages/flutter_tools/gradle/src/main/scripts/CMakeLists.txt debug|arm64-v8a : Start JSON generation. Platform version: 24 min SDK version: arm64-v8a
[        ] C/C++: /opt/homebrew/share/flutter/packages/flutter_tools/gradle/src/main/scripts/CMakeLists.txt debug|arm64-v8a : JSON '/Users/florian/Code/substitution/build/.cxx/debug/x6546535/arm64-v8a/android_gradle_build.json' was up-to-date
[        ] C/C++: /opt/homebrew/share/flutter/packages/flutter_tools/gradle/src/main/scripts/CMakeLists.txt debug|arm64-v8a : JSON generation completed without problems
[        ] C/C++: /opt/homebrew/share/flutter/packages/flutter_tools/gradle/src/main/scripts/CMakeLists.txt debug|arm64-v8a : Writing build model to /Users/florian/Code/substitution/build/app/intermediates/cxx/debug/x6546535/logs/arm64-v8a/build_model.json
[        ] Resolve mutations for :app:buildCMakeDebug[arm64-v8a] (Thread[#42495,Execution worker Thread 31,5,main]) started.
[        ] :app:buildCMakeDebug[arm64-v8a] (Thread[#42495,Execution worker Thread 31,5,main]) started.
[        ] > Task :app:buildCMakeDebug[arm64-v8a]
[        ] Caching disabled for task ':app:buildCMakeDebug[arm64-v8a]' because:
[        ]   Build cache is disabled
[        ]   Caching has been disabled for the task
[        ] Task ':app:buildCMakeDebug[arm64-v8a]' is not up-to-date because:
[        ]   Task.upToDateWhen is false.
[        ] C/C++: starting build
[        ] C/C++: reading expected JSONs
[        ] C/C++: done reading expected JSONs
[        ] C/C++: executing build commands for targets that produce .so files or executables
[        ] C/C++: evaluate miniconfig
[        ] C/C++: no libraries
[        ] Resolve mutations for :app:configureCMakeDebug[armeabi-v7a] (Thread[#42495,Execution worker Thread 31,5,main]) started.
[        ] :app:configureCMakeDebug[armeabi-v7a] (Thread[#42495,Execution worker Thread 31,5,main]) started.
[        ] > Task :app:configureCMakeDebug[armeabi-v7a]
[        ] Caching disabled for task ':app:configureCMakeDebug[armeabi-v7a]' because:
[        ]   Build cache is disabled
[        ]   Caching has been disabled for the task
[        ] Task ':app:configureCMakeDebug[armeabi-v7a]' is not up-to-date because:
[        ]   Task.upToDateWhen is false.
[        ] C/C++: /opt/homebrew/share/flutter/packages/flutter_tools/gradle/src/main/scripts/CMakeLists.txt debug|armeabi-v7a : Start JSON generation. Platform version: 24 min SDK version: armeabi-v7a
[        ] C/C++: /opt/homebrew/share/flutter/packages/flutter_tools/gradle/src/main/scripts/CMakeLists.txt debug|armeabi-v7a : JSON '/Users/florian/Code/substitution/build/.cxx/debug/x6546535/armeabi-v7a/android_gradle_build.json' was up-to-date
[        ] C/C++: /opt/homebrew/share/flutter/packages/flutter_tools/gradle/src/main/scripts/CMakeLists.txt debug|armeabi-v7a : JSON generation completed without problems
[        ] C/C++: /opt/homebrew/share/flutter/packages/flutter_tools/gradle/src/main/scripts/CMakeLists.txt debug|armeabi-v7a : Writing build model to /Users/florian/Code/substitution/build/app/intermediates/cxx/debug/x6546535/logs/armeabi-v7a/build_model.json
[        ] Resolve mutations for :app:buildCMakeDebug[armeabi-v7a] (Thread[#42495,Execution worker Thread 31,5,main]) started.
[        ] :app:buildCMakeDebug[armeabi-v7a] (Thread[#42495,Execution worker Thread 31,5,main]) started.
[        ] > Task :app:buildCMakeDebug[armeabi-v7a]
[        ] Caching disabled for task ':app:buildCMakeDebug[armeabi-v7a]' because:
[        ]   Build cache is disabled
[        ]   Caching has been disabled for the task
[        ] Task ':app:buildCMakeDebug[armeabi-v7a]' is not up-to-date because:
[        ]   Task.upToDateWhen is false.
[        ] C/C++: starting build
[        ] C/C++: reading expected JSONs
[        ] C/C++: done reading expected JSONs
[        ] C/C++: executing build commands for targets that produce .so files or executables
[        ] C/C++: evaluate miniconfig
[        ] C/C++: no libraries
[        ] Resolve mutations for :app:configureCMakeDebug[x86_64] (Thread[#42495,Execution worker Thread 31,5,main]) started.
[        ] :app:configureCMakeDebug[x86_64] (Thread[#42495,Execution worker Thread 31,5,main]) started.
[        ] > Task :app:configureCMakeDebug[x86_64]
[        ] Caching disabled for task ':app:configureCMakeDebug[x86_64]' because:
[        ]   Build cache is disabled
[        ]   Caching has been disabled for the task
[        ] Task ':app:configureCMakeDebug[x86_64]' is not up-to-date because:
[        ]   Task.upToDateWhen is false.
[        ] C/C++: /opt/homebrew/share/flutter/packages/flutter_tools/gradle/src/main/scripts/CMakeLists.txt debug|x86_64 : Start JSON generation. Platform version: 24 min SDK version: x86_64
[        ] C/C++: /opt/homebrew/share/flutter/packages/flutter_tools/gradle/src/main/scripts/CMakeLists.txt debug|x86_64 : JSON '/Users/florian/Code/substitution/build/.cxx/debug/x6546535/x86_64/android_gradle_build.json' was up-to-date
[        ] C/C++: /opt/homebrew/share/flutter/packages/flutter_tools/gradle/src/main/scripts/CMakeLists.txt debug|x86_64 : JSON generation completed without problems
[        ] C/C++: /opt/homebrew/share/flutter/packages/flutter_tools/gradle/src/main/scripts/CMakeLists.txt debug|x86_64 : Writing build model to /Users/florian/Code/substitution/build/app/intermediates/cxx/debug/x6546535/logs/x86_64/build_model.json
[        ] Resolve mutations for :app:buildCMakeDebug[x86_64] (Thread[#42495,Execution worker Thread 31,5,main]) started.
[        ] :app:buildCMakeDebug[x86_64] (Thread[#42495,Execution worker Thread 31,5,main]) started.
[        ] > Task :app:buildCMakeDebug[x86_64]
[        ] Caching disabled for task ':app:buildCMakeDebug[x86_64]' because:
[        ]   Build cache is disabled
[        ]   Caching has been disabled for the task
[        ] Task ':app:buildCMakeDebug[x86_64]' is not up-to-date because:
[        ]   Task.upToDateWhen is false.
[        ] C/C++: starting build
[        ] C/C++: reading expected JSONs
[        ] C/C++: done reading expected JSONs
[        ] C/C++: executing build commands for targets that produce .so files or executables
[        ] C/C++: evaluate miniconfig
[        ] C/C++: no libraries
[        ] Resolve mutations for :app:mergeDebugJniLibFolders (Thread[#42495,Execution worker Thread 31,5,main]) started.
[        ] :app:mergeDebugJniLibFolders (Thread[#42495,Execution worker Thread 31,5,main]) started.
[        ] > Task :app:mergeDebugJniLibFolders UP-TO-DATE
[        ] Caching disabled for task ':app:mergeDebugJniLibFolders' because:
[        ]   Build cache is disabled
[        ]   Simple merging task
[        ] Skipping task ':app:mergeDebugJniLibFolders' as it is up-to-date.
[        ] Resolve mutations for :connectivity_plus:mergeDebugJniLibFolders (Thread[#42495,Execution worker Thread 31,5,main]) started.
[        ] :connectivity_plus:mergeDebugJniLibFolders (Thread[#42495,Execution worker Thread 31,5,main]) started.
[        ] > Task :connectivity_plus:mergeDebugJniLibFolders UP-TO-DATE
[        ] Caching disabled for task ':connectivity_plus:mergeDebugJniLibFolders' because:
[        ]   Build cache is disabled
[        ]   Simple merging task
[        ] Skipping task ':connectivity_plus:mergeDebugJniLibFolders' as it is up-to-date.
[        ] Resolve mutations for :connectivity_plus:mergeDebugNativeLibs (Thread[#42495,Execution worker Thread 31,5,main]) started.
[        ] :connectivity_plus:mergeDebugNativeLibs (Thread[#42495,Execution worker Thread 31,5,main]) started.
[        ] > Task :connectivity_plus:mergeDebugNativeLibs NO-SOURCE
[        ] Skipping task ':connectivity_plus:mergeDebugNativeLibs' as it has no source files and no previous output files.
[        ] Resolve mutations for :connectivity_plus:copyDebugJniLibsProjectOnly (Thread[#42495,Execution worker Thread 31,5,main]) started.
[        ] :connectivity_plus:copyDebugJniLibsProjectOnly (Thread[#42495,Execution worker Thread 31,5,main]) started.
[        ] > Task :connectivity_plus:copyDebugJniLibsProjectOnly UP-TO-DATE
[        ] Caching disabled for task ':connectivity_plus:copyDebugJniLibsProjectOnly' because:
[        ]   Build cache is disabled
[        ]   Caching has been disabled for the task
[        ] Skipping task ':connectivity_plus:copyDebugJniLibsProjectOnly' as it is up-to-date.
[        ] work action resolve jni (project :connectivity_plus) (Thread[#42495,Execution worker Thread 31,5,main]) started.
[        ] Resolve mutations for :emoji_picker_flutter:mergeDebugJniLibFolders (Thread[#42495,Execution worker Thread 31,5,main]) started.
[        ] :emoji_picker_flutter:mergeDebugJniLibFolders (Thread[#42495,Execution worker Thread 31,5,main]) started.
[        ] > Task :emoji_picker_flutter:mergeDebugJniLibFolders UP-TO-DATE
[        ] Caching disabled for task ':emoji_picker_flutter:mergeDebugJniLibFolders' because:
[        ]   Build cache is disabled
[        ]   Simple merging task
[        ] Skipping task ':emoji_picker_flutter:mergeDebugJniLibFolders' as it is up-to-date.
[        ] Resolve mutations for :emoji_picker_flutter:mergeDebugNativeLibs (Thread[#42495,Execution worker Thread 31,5,main]) started.
[        ] :emoji_picker_flutter:mergeDebugNativeLibs (Thread[#42495,Execution worker Thread 31,5,main]) started.
[        ] > Task :emoji_picker_flutter:mergeDebugNativeLibs NO-SOURCE
[        ] Skipping task ':emoji_picker_flutter:mergeDebugNativeLibs' as it has no source files and no previous output files.
[        ] Resolve mutations for :emoji_picker_flutter:copyDebugJniLibsProjectOnly (Thread[#42495,Execution worker Thread 31,5,main]) started.
[        ] :emoji_picker_flutter:copyDebugJniLibsProjectOnly (Thread[#42495,Execution worker Thread 31,5,main]) started.
[        ] > Task :emoji_picker_flutter:copyDebugJniLibsProjectOnly UP-TO-DATE
[        ] Caching disabled for task ':emoji_picker_flutter:copyDebugJniLibsProjectOnly' because:
[        ]   Build cache is disabled
[        ]   Caching has been disabled for the task
[        ] Skipping task ':emoji_picker_flutter:copyDebugJniLibsProjectOnly' as it is up-to-date.
[        ] work action resolve jni (project :emoji_picker_flutter) (Thread[#42495,Execution worker Thread 31,5,main]) started.
[        ] Resolve mutations for :file_selector_android:mergeDebugJniLibFolders (Thread[#42495,Execution worker Thread 31,5,main]) started.
[        ] :file_selector_android:mergeDebugJniLibFolders (Thread[#42495,Execution worker Thread 31,5,main]) started.
[        ] > Task :file_selector_android:mergeDebugJniLibFolders UP-TO-DATE
[        ] Caching disabled for task ':file_selector_android:mergeDebugJniLibFolders' because:
[        ]   Build cache is disabled
[        ]   Simple merging task
[        ] Skipping task ':file_selector_android:mergeDebugJniLibFolders' as it is up-to-date.
[        ] Resolve mutations for :file_selector_android:mergeDebugNativeLibs (Thread[#42495,Execution worker Thread 31,5,main]) started.
[        ] :file_selector_android:mergeDebugNativeLibs (Thread[#42495,Execution worker Thread 31,5,main]) started.
[        ] > Task :file_selector_android:mergeDebugNativeLibs NO-SOURCE
[        ] Skipping task ':file_selector_android:mergeDebugNativeLibs' as it has no source files and no previous output files.
[        ] Resolve mutations for :file_selector_android:copyDebugJniLibsProjectOnly (Thread[#42495,Execution worker Thread 31,5,main]) started.
[        ] :file_selector_android:copyDebugJniLibsProjectOnly (Thread[#42495,Execution worker Thread 31,5,main]) started.
[        ] > Task :file_selector_android:copyDebugJniLibsProjectOnly UP-TO-DATE
[        ] Caching disabled for task ':file_selector_android:copyDebugJniLibsProjectOnly' because:
[        ]   Build cache is disabled
[        ]   Caching has been disabled for the task
[        ] Skipping task ':file_selector_android:copyDebugJniLibsProjectOnly' as it is up-to-date.
[        ] work action resolve jni (project :file_selector_android) (Thread[#42495,Execution worker Thread 31,5,main]) started.
[        ] Resolve mutations for :flutter_keyboard_visibility_temp_fork:mergeDebugJniLibFolders (Thread[#42495,Execution worker Thread 31,5,main]) started.
[        ] :flutter_keyboard_visibility_temp_fork:mergeDebugJniLibFolders (Thread[#42495,Execution worker Thread 31,5,main]) started.
[        ] > Task :flutter_keyboard_visibility_temp_fork:mergeDebugJniLibFolders UP-TO-DATE
[        ] Caching disabled for task ':flutter_keyboard_visibility_temp_fork:mergeDebugJniLibFolders' because:
[        ]   Build cache is disabled
[        ]   Simple merging task
[        ] Skipping task ':flutter_keyboard_visibility_temp_fork:mergeDebugJniLibFolders' as it is up-to-date.
[        ] Resolve mutations for :flutter_keyboard_visibility_temp_fork:mergeDebugNativeLibs (Thread[#42495,Execution worker Thread 31,5,main]) started.
[        ] :flutter_keyboard_visibility_temp_fork:mergeDebugNativeLibs (Thread[#42495,Execution worker Thread 31,5,main]) started.
[        ] > Task :flutter_keyboard_visibility_temp_fork:mergeDebugNativeLibs NO-SOURCE
[        ] Skipping task ':flutter_keyboard_visibility_temp_fork:mergeDebugNativeLibs' as it has no source files and no previous output files.
[        ] Resolve mutations for :flutter_keyboard_visibility_temp_fork:copyDebugJniLibsProjectOnly (Thread[#42495,Execution worker Thread 31,5,main]) started.
[        ] :flutter_keyboard_visibility_temp_fork:copyDebugJniLibsProjectOnly (Thread[#42495,Execution worker Thread 31,5,main]) started.
[        ] > Task :flutter_keyboard_visibility_temp_fork:copyDebugJniLibsProjectOnly UP-TO-DATE
[        ] Caching disabled for task ':flutter_keyboard_visibility_temp_fork:copyDebugJniLibsProjectOnly' because:
[        ]   Build cache is disabled
[        ]   Caching has been disabled for the task
[        ] Skipping task ':flutter_keyboard_visibility_temp_fork:copyDebugJniLibsProjectOnly' as it is up-to-date.
[        ] work action resolve jni (project :flutter_keyboard_visibility_temp_fork) (Thread[#42495,Execution worker Thread 31,5,main]) started.
[        ] Resolve mutations for :flutter_native_splash:mergeDebugJniLibFolders (Thread[#42495,Execution worker Thread 31,5,main]) started.
[        ] :flutter_native_splash:mergeDebugJniLibFolders (Thread[#42495,Execution worker Thread 31,5,main]) started.
[        ] > Task :flutter_native_splash:mergeDebugJniLibFolders UP-TO-DATE
[        ] Caching disabled for task ':flutter_native_splash:mergeDebugJniLibFolders' because:
[        ]   Build cache is disabled
[        ]   Simple merging task
[        ] Skipping task ':flutter_native_splash:mergeDebugJniLibFolders' as it is up-to-date.
[        ] Resolve mutations for :flutter_native_splash:mergeDebugNativeLibs (Thread[#42495,Execution worker Thread 31,5,main]) started.
[        ] :flutter_native_splash:mergeDebugNativeLibs (Thread[#42495,Execution worker Thread 31,5,main]) started.
[        ] > Task :flutter_native_splash:mergeDebugNativeLibs NO-SOURCE
[        ] Skipping task ':flutter_native_splash:mergeDebugNativeLibs' as it has no source files and no previous output files.
[        ] Resolve mutations for :flutter_native_splash:copyDebugJniLibsProjectOnly (Thread[#42495,Execution worker Thread 31,5,main]) started.
[        ] :flutter_native_splash:copyDebugJniLibsProjectOnly (Thread[#42495,Execution worker Thread 31,5,main]) started.
[        ] > Task :flutter_native_splash:copyDebugJniLibsProjectOnly UP-TO-DATE
[        ] Caching disabled for task ':flutter_native_splash:copyDebugJniLibsProjectOnly' because:
[        ]   Build cache is disabled
[        ]   Caching has been disabled for the task
[        ] Skipping task ':flutter_native_splash:copyDebugJniLibsProjectOnly' as it is up-to-date.
[        ] work action resolve jni (project :flutter_native_splash) (Thread[#42495,Execution worker Thread 31,5,main]) started.
[        ] Resolve mutations for :flutter_olm:preProfileBuild (Thread[#42495,Execution worker Thread 31,5,main]) started.
[        ] :flutter_olm:preProfileBuild (Thread[#42495,Execution worker Thread 31,5,main]) started.
[        ] > Task :flutter_olm:preProfileBuild UP-TO-DATE
[        ] Skipping task ':flutter_olm:preProfileBuild' as it has no actions.
[        ] Resolve mutations for :flutter_olm:configureCMakeDebug[arm64-v8a] (Thread[#42495,Execution worker Thread 31,5,main]) started.
[        ] :flutter_olm:configureCMakeDebug[arm64-v8a] (Thread[#42495,Execution worker Thread 31,5,main]) started.
[        ] > Task :flutter_olm:configureCMakeDebug[arm64-v8a]
[        ] Caching disabled for task ':flutter_olm:configureCMakeDebug[arm64-v8a]' because:
[        ]   Build cache is disabled
[        ]   Caching has been disabled for the task
[        ] Task ':flutter_olm:configureCMakeDebug[arm64-v8a]' is not up-to-date because:
[        ]   Task.upToDateWhen is false.
[        ] C/C++: /Users/florian/.pub-cache/hosted/pub.dev/flutter_olm-2.0.0/ios/CMakeLists.txt profile|arm64-v8a : Start JSON generation. Platform version: 21 min SDK version: arm64-v8a
[        ] C/C++: /Users/florian/.pub-cache/hosted/pub.dev/flutter_olm-2.0.0/ios/CMakeLists.txt profile|arm64-v8a : JSON '/Users/florian/.pub-cache/hosted/pub.dev/flutter_olm-2.0.0/android/.cxx/Debug/611a6669/arm64-v8a/android_gradle_build.json' was up-to-date
[        ] C/C++: /Users/florian/.pub-cache/hosted/pub.dev/flutter_olm-2.0.0/ios/CMakeLists.txt profile|arm64-v8a : JSON generation completed without problems
[        ] C/C++: /Users/florian/.pub-cache/hosted/pub.dev/flutter_olm-2.0.0/ios/CMakeLists.txt profile|arm64-v8a : Writing build model to /Users/florian/Code/substitution/build/flutter_olm/intermediates/cxx/Debug/611a6669/logs/arm64-v8a/build_model.json
[        ] Resolve mutations for :flutter_olm:buildCMakeDebug[arm64-v8a] (Thread[#42495,Execution worker Thread 31,5,main]) started.
[        ] :flutter_olm:buildCMakeDebug[arm64-v8a] (Thread[#42495,Execution worker Thread 31,5,main]) started.
[        ] > Task :flutter_olm:buildCMakeDebug[arm64-v8a]
[        ] Caching disabled for task ':flutter_olm:buildCMakeDebug[arm64-v8a]' because:
[        ]   Build cache is disabled
[        ]   Caching has been disabled for the task
[        ] Task ':flutter_olm:buildCMakeDebug[arm64-v8a]' is not up-to-date because:
[        ]   Task.upToDateWhen is false.
[        ] C/C++: starting build
[        ] C/C++: reading expected JSONs
[        ] C/C++: done reading expected JSONs
[        ] C/C++: executing build commands for targets that produce .so files or executables
[        ] C/C++: evaluate miniconfig
[        ] C/C++: evaluate library olm (arm64-v8a)
[        ] C/C++: building target library olm because no targets are specified.
[        ] C/C++: about to build targets olm
[        ] C/C++: Build olm
[        ] C/C++: /Users/florian/Library/Android/sdk/cmake/3.22.1/bin/ninja \
[        ]   -C \
[        ]   /Users/florian/.pub-cache/hosted/pub.dev/flutter_olm-2.0.0/android/.cxx/Debug/611a6669/arm64-v8a \
[        ]   olm
[        ] Starting process 'command '/Users/florian/Library/Android/sdk/cmake/3.22.1/bin/ninja''. Working directory: /Users/florian/.pub-cache/hosted/pub.dev/flutter_olm-2.0.0/android Command: /Users/florian/Library/Android/sdk/cmake/3.22.1/bin/ninja -C /Users/florian/.pub-cache/hosted/pub.dev/flutter_olm-2.0.0/android/.cxx/Debug/611a6669/arm64-v8a olm
[        ] Successfully started process 'command '/Users/florian/Library/Android/sdk/cmake/3.22.1/bin/ninja''
[        ] C/C++: Received process result: 0
[        ] C/C++: check expected build outputs
[        ] C/C++: build complete
[        ] Resolve mutations for :flutter_olm:configureCMakeDebug[armeabi-v7a] (Thread[#42495,Execution worker Thread 31,5,main]) started.
[        ] :flutter_olm:configureCMakeDebug[armeabi-v7a] (Thread[#42495,Execution worker Thread 31,5,main]) started.
[        ] > Task :flutter_olm:configureCMakeDebug[armeabi-v7a]
[        ] Caching disabled for task ':flutter_olm:configureCMakeDebug[armeabi-v7a]' because:
[        ]   Build cache is disabled
[        ]   Caching has been disabled for the task
[        ] Task ':flutter_olm:configureCMakeDebug[armeabi-v7a]' is not up-to-date because:
[        ]   Task.upToDateWhen is false.
[        ] C/C++: /Users/florian/.pub-cache/hosted/pub.dev/flutter_olm-2.0.0/ios/CMakeLists.txt profile|armeabi-v7a : Start JSON generation. Platform version: 21 min SDK version: armeabi-v7a
[        ] C/C++: /Users/florian/.pub-cache/hosted/pub.dev/flutter_olm-2.0.0/ios/CMakeLists.txt profile|armeabi-v7a : JSON '/Users/florian/.pub-cache/hosted/pub.dev/flutter_olm-2.0.0/android/.cxx/Debug/611a6669/armeabi-v7a/android_gradle_build.json' was up-to-date
[        ] C/C++: /Users/florian/.pub-cache/hosted/pub.dev/flutter_olm-2.0.0/ios/CMakeLists.txt profile|armeabi-v7a : JSON generation completed without problems
[        ] C/C++: /Users/florian/.pub-cache/hosted/pub.dev/flutter_olm-2.0.0/ios/CMakeLists.txt profile|armeabi-v7a : Writing build model to /Users/florian/Code/substitution/build/flutter_olm/intermediates/cxx/Debug/611a6669/logs/armeabi-v7a/build_model.json
[        ] Resolve mutations for :flutter_olm:buildCMakeDebug[armeabi-v7a] (Thread[#42495,Execution worker Thread 31,5,main]) started.
[        ] :flutter_olm:buildCMakeDebug[armeabi-v7a] (Thread[#42495,Execution worker Thread 31,5,main]) started.
[        ] > Task :flutter_olm:buildCMakeDebug[armeabi-v7a]
[        ] Caching disabled for task ':flutter_olm:buildCMakeDebug[armeabi-v7a]' because:
[        ]   Build cache is disabled
[        ]   Caching has been disabled for the task
[        ] Task ':flutter_olm:buildCMakeDebug[armeabi-v7a]' is not up-to-date because:
[        ]   Task.upToDateWhen is false.
[        ] C/C++: starting build
[        ] C/C++: reading expected JSONs
[        ] C/C++: done reading expected JSONs
[        ] C/C++: executing build commands for targets that produce .so files or executables
[        ] C/C++: evaluate miniconfig
[        ] C/C++: evaluate library olm (armeabi-v7a)
[        ] C/C++: building target library olm because no targets are specified.
[        ] C/C++: about to build targets olm
[        ] C/C++: Build olm
[        ] C/C++: /Users/florian/Library/Android/sdk/cmake/3.22.1/bin/ninja \
[        ]   -C \
[        ]   /Users/florian/.pub-cache/hosted/pub.dev/flutter_olm-2.0.0/android/.cxx/Debug/611a6669/armeabi-v7a \
[        ]   olm
[        ] Starting process 'command '/Users/florian/Library/Android/sdk/cmake/3.22.1/bin/ninja''. Working directory: /Users/florian/.pub-cache/hosted/pub.dev/flutter_olm-2.0.0/android Command: /Users/florian/Library/Android/sdk/cmake/3.22.1/bin/ninja -C /Users/florian/.pub-cache/hosted/pub.dev/flutter_olm-2.0.0/android/.cxx/Debug/611a6669/armeabi-v7a olm
[        ] Successfully started process 'command '/Users/florian/Library/Android/sdk/cmake/3.22.1/bin/ninja''
[        ] C/C++: Received process result: 0
[        ] C/C++: check expected build outputs
[        ] C/C++: build complete
[        ] Resolve mutations for :flutter_olm:configureCMakeDebug[x86] (Thread[#42495,Execution worker Thread 31,5,main]) started.
[        ] :flutter_olm:configureCMakeDebug[x86] (Thread[#42495,Execution worker Thread 31,5,main]) started.
[        ] > Task :flutter_olm:configureCMakeDebug[x86]
[        ] Caching disabled for task ':flutter_olm:configureCMakeDebug[x86]' because:
[        ]   Build cache is disabled
[        ]   Caching has been disabled for the task
[        ] Task ':flutter_olm:configureCMakeDebug[x86]' is not up-to-date because:
[        ]   Task.upToDateWhen is false.
[        ] C/C++: /Users/florian/.pub-cache/hosted/pub.dev/flutter_olm-2.0.0/ios/CMakeLists.txt profile|x86 : Start JSON generation. Platform version: 21 min SDK version: x86
[        ] C/C++: /Users/florian/.pub-cache/hosted/pub.dev/flutter_olm-2.0.0/ios/CMakeLists.txt profile|x86 : JSON '/Users/florian/.pub-cache/hosted/pub.dev/flutter_olm-2.0.0/android/.cxx/Debug/611a6669/x86/android_gradle_build.json' was up-to-date
[        ] C/C++: /Users/florian/.pub-cache/hosted/pub.dev/flutter_olm-2.0.0/ios/CMakeLists.txt profile|x86 : JSON generation completed without problems
[        ] C/C++: /Users/florian/.pub-cache/hosted/pub.dev/flutter_olm-2.0.0/ios/CMakeLists.txt profile|x86 : Writing build model to /Users/florian/Code/substitution/build/flutter_olm/intermediates/cxx/Debug/611a6669/logs/x86/build_model.json
[        ] Resolve mutations for :flutter_olm:buildCMakeDebug[x86] (Thread[#42495,Execution worker Thread 31,5,main]) started.
[        ] :flutter_olm:buildCMakeDebug[x86] (Thread[#42495,Execution worker Thread 31,5,main]) started.
[        ] > Task :flutter_olm:buildCMakeDebug[x86]
[        ] Caching disabled for task ':flutter_olm:buildCMakeDebug[x86]' because:
[        ]   Build cache is disabled
[        ]   Caching has been disabled for the task
[        ] Task ':flutter_olm:buildCMakeDebug[x86]' is not up-to-date because:
[        ]   Task.upToDateWhen is false.
[        ] C/C++: starting build
[        ] C/C++: reading expected JSONs
[        ] C/C++: done reading expected JSONs
[        ] C/C++: executing build commands for targets that produce .so files or executables
[        ] C/C++: evaluate miniconfig
[        ] C/C++: evaluate library olm (x86)
[        ] C/C++: building target library olm because no targets are specified.
[        ] C/C++: about to build targets olm
[        ] C/C++: Build olm
[        ] C/C++: /Users/florian/Library/Android/sdk/cmake/3.22.1/bin/ninja \
[        ]   -C \
[        ]   /Users/florian/.pub-cache/hosted/pub.dev/flutter_olm-2.0.0/android/.cxx/Debug/611a6669/x86 \
[        ]   olm
[        ] Starting process 'command '/Users/florian/Library/Android/sdk/cmake/3.22.1/bin/ninja''. Working directory: /Users/florian/.pub-cache/hosted/pub.dev/flutter_olm-2.0.0/android Command: /Users/florian/Library/Android/sdk/cmake/3.22.1/bin/ninja -C /Users/florian/.pub-cache/hosted/pub.dev/flutter_olm-2.0.0/android/.cxx/Debug/611a6669/x86 olm
[        ] Successfully started process 'command '/Users/florian/Library/Android/sdk/cmake/3.22.1/bin/ninja''
[        ] C/C++: Received process result: 0
[        ] C/C++: check expected build outputs
[        ] C/C++: build complete
[        ] Resolve mutations for :flutter_olm:configureCMakeDebug[x86_64] (Thread[#42495,Execution worker Thread 31,5,main]) started.
[        ] :flutter_olm:configureCMakeDebug[x86_64] (Thread[#42495,Execution worker Thread 31,5,main]) started.
[        ] > Task :flutter_olm:configureCMakeDebug[x86_64]
[        ] Caching disabled for task ':flutter_olm:configureCMakeDebug[x86_64]' because:
[        ]   Build cache is disabled
[        ]   Caching has been disabled for the task
[        ] Task ':flutter_olm:configureCMakeDebug[x86_64]' is not up-to-date because:
[        ]   Task.upToDateWhen is false.
[        ] C/C++: /Users/florian/.pub-cache/hosted/pub.dev/flutter_olm-2.0.0/ios/CMakeLists.txt profile|x86_64 : Start JSON generation. Platform version: 21 min SDK version: x86_64
[        ] C/C++: /Users/florian/.pub-cache/hosted/pub.dev/flutter_olm-2.0.0/ios/CMakeLists.txt profile|x86_64 : JSON '/Users/florian/.pub-cache/hosted/pub.dev/flutter_olm-2.0.0/android/.cxx/Debug/611a6669/x86_64/android_gradle_build.json' was up-to-date
[        ] C/C++: /Users/florian/.pub-cache/hosted/pub.dev/flutter_olm-2.0.0/ios/CMakeLists.txt profile|x86_64 : JSON generation completed without problems
[        ] C/C++: /Users/florian/.pub-cache/hosted/pub.dev/flutter_olm-2.0.0/ios/CMakeLists.txt profile|x86_64 : Writing build model to /Users/florian/Code/substitution/build/flutter_olm/intermediates/cxx/Debug/611a6669/logs/x86_64/build_model.json
[        ] Resolve mutations for :flutter_olm:buildCMakeDebug[x86_64] (Thread[#42495,Execution worker Thread 31,5,main]) started.
[        ] :flutter_olm:buildCMakeDebug[x86_64] (Thread[#42495,Execution worker Thread 31,5,main]) started.
[        ] > Task :flutter_olm:buildCMakeDebug[x86_64]
[        ] Caching disabled for task ':flutter_olm:buildCMakeDebug[x86_64]' because:
[        ]   Build cache is disabled
[        ]   Caching has been disabled for the task
[        ] Task ':flutter_olm:buildCMakeDebug[x86_64]' is not up-to-date because:
[        ]   Task.upToDateWhen is false.
[        ] C/C++: starting build
[        ] C/C++: reading expected JSONs
[        ] C/C++: done reading expected JSONs
[        ] C/C++: executing build commands for targets that produce .so files or executables
[        ] C/C++: evaluate miniconfig
[        ] C/C++: evaluate library olm (x86_64)
[        ] C/C++: building target library olm because no targets are specified.
[        ] C/C++: about to build targets olm
[        ] C/C++: Build olm
[        ] C/C++: /Users/florian/Library/Android/sdk/cmake/3.22.1/bin/ninja \
[        ]   -C \
[        ]   /Users/florian/.pub-cache/hosted/pub.dev/flutter_olm-2.0.0/android/.cxx/Debug/611a6669/x86_64 \
[        ]   olm
[        ] Starting process 'command '/Users/florian/Library/Android/sdk/cmake/3.22.1/bin/ninja''. Working directory: /Users/florian/.pub-cache/hosted/pub.dev/flutter_olm-2.0.0/android Command: /Users/florian/Library/Android/sdk/cmake/3.22.1/bin/ninja -C /Users/florian/.pub-cache/hosted/pub.dev/flutter_olm-2.0.0/android/.cxx/Debug/611a6669/x86_64 olm
[        ] Successfully started process 'command '/Users/florian/Library/Android/sdk/cmake/3.22.1/bin/ninja''
[        ] C/C++: Received process result: 0
[        ] C/C++: check expected build outputs
[        ] C/C++: build complete
[        ] Resolve mutations for :flutter_olm:mergeDebugJniLibFolders (Thread[#42495,Execution worker Thread 31,5,main]) started.
[        ] :flutter_olm:mergeDebugJniLibFolders (Thread[#42495,Execution worker Thread 31,5,main]) started.
[        ] > Task :flutter_olm:mergeDebugJniLibFolders UP-TO-DATE
[        ] Caching disabled for task ':flutter_olm:mergeDebugJniLibFolders' because:
[        ]   Build cache is disabled
[        ]   Simple merging task
[        ] Skipping task ':flutter_olm:mergeDebugJniLibFolders' as it is up-to-date.
[        ] Resolve mutations for :flutter_olm:mergeDebugNativeLibs (Thread[#42495,Execution worker Thread 31,5,main]) started.
[        ] :flutter_olm:mergeDebugNativeLibs (Thread[#42495,Execution worker Thread 31,5,main]) started.
[        ] > Task :flutter_olm:mergeDebugNativeLibs UP-TO-DATE
[        ] Caching disabled for task ':flutter_olm:mergeDebugNativeLibs' because:
[        ]   Build cache is disabled
[        ]   Caching has been disabled for the task
[        ] Skipping task ':flutter_olm:mergeDebugNativeLibs' as it is up-to-date.
[        ] Resolve mutations for :flutter_olm:copyDebugJniLibsProjectOnly (Thread[#42495,Execution worker Thread 31,5,main]) started.
[        ] :flutter_olm:copyDebugJniLibsProjectOnly (Thread[#42485,Execution worker Thread 21,5,main]) started.
[        ] > Task :flutter_olm:copyDebugJniLibsProjectOnly UP-TO-DATE
[        ] Caching disabled for task ':flutter_olm:copyDebugJniLibsProjectOnly' because:
[        ]   Build cache is disabled
[        ]   Caching has been disabled for the task
[        ] Skipping task ':flutter_olm:copyDebugJniLibsProjectOnly' as it is up-to-date.
[        ] work action resolve jni (project :flutter_olm) (Thread[#42485,Execution worker Thread 21,5,main]) started.
[        ] Resolve mutations for :flutter_openssl_crypto:preProfileBuild (Thread[#42485,Execution worker Thread 21,5,main]) started.
[        ] :flutter_openssl_crypto:preProfileBuild (Thread[#42485,Execution worker Thread 21,5,main]) started.
[        ] > Task :flutter_openssl_crypto:preProfileBuild UP-TO-DATE
[        ] Skipping task ':flutter_openssl_crypto:preProfileBuild' as it has no actions.
[        ] Resolve mutations for :flutter_openssl_crypto:configureCMakeDebug[arm64-v8a] (Thread[#42485,Execution worker Thread 21,5,main]) started.
[        ] :flutter_openssl_crypto:configureCMakeDebug[arm64-v8a] (Thread[#42485,Execution worker Thread 21,5,main]) started.
[        ] > Task :flutter_openssl_crypto:configureCMakeDebug[arm64-v8a]
[        ] Caching disabled for task ':flutter_openssl_crypto:configureCMakeDebug[arm64-v8a]' because:
[        ]   Build cache is disabled
[        ]   Caching has been disabled for the task
[        ] Task ':flutter_openssl_crypto:configureCMakeDebug[arm64-v8a]' is not up-to-date because:
[        ]   Task.upToDateWhen is false.
[        ] C/C++: /Users/florian/.pub-cache/hosted/pub.dev/flutter_openssl_crypto-0.5.0/android/CMakeLists.txt profile|arm64-v8a : Start JSON generation. Platform version: 21 min SDK version: arm64-v8a
[        ] C/C++: /Users/florian/.pub-cache/hosted/pub.dev/flutter_openssl_crypto-0.5.0/android/CMakeLists.txt profile|arm64-v8a : JSON '/Users/florian/.pub-cache/hosted/pub.dev/flutter_openssl_crypto-0.5.0/android/.cxx/Debug/42n1p1e4/arm64-v8a/android_gradle_build.json' was up-to-date
[        ] C/C++: /Users/florian/.pub-cache/hosted/pub.dev/flutter_openssl_crypto-0.5.0/android/CMakeLists.txt profile|arm64-v8a : JSON generation completed without problems
[        ] C/C++: /Users/florian/.pub-cache/hosted/pub.dev/flutter_openssl_crypto-0.5.0/android/CMakeLists.txt profile|arm64-v8a : Writing build model to /Users/florian/Code/substitution/build/flutter_openssl_crypto/intermediates/cxx/Debug/42n1p1e4/logs/arm64-v8a/build_model.json
[        ] Resolve mutations for :flutter_openssl_crypto:buildCMakeDebug[arm64-v8a] (Thread[#42485,Execution worker Thread 21,5,main]) started.
[        ] :flutter_openssl_crypto:buildCMakeDebug[arm64-v8a] (Thread[#42485,Execution worker Thread 21,5,main]) started.
[        ] > Task :flutter_openssl_crypto:buildCMakeDebug[arm64-v8a]
[        ] Caching disabled for task ':flutter_openssl_crypto:buildCMakeDebug[arm64-v8a]' because:
[        ]   Build cache is disabled
[        ]   Caching has been disabled for the task
[        ] Task ':flutter_openssl_crypto:buildCMakeDebug[arm64-v8a]' is not up-to-date because:
[        ]   Task.upToDateWhen is false.
[        ] C/C++: starting build
[        ] C/C++: reading expected JSONs
[        ] C/C++: done reading expected JSONs
[        ] C/C++: executing build commands for targets that produce .so files or executables
[        ] C/C++: evaluate miniconfig
[        ] C/C++: evaluate library flutter_openssl_crypto (arm64-v8a)
[        ] C/C++: building target library flutter_openssl_crypto because no targets are specified.
[        ] C/C++: about to build targets flutter_openssl_crypto
[        ] C/C++: Build flutter_openssl_crypto
[        ] C/C++: /Users/florian/Library/Android/sdk/cmake/3.22.1/bin/ninja \
[        ]   -C \
[        ]   /Users/florian/.pub-cache/hosted/pub.dev/flutter_openssl_crypto-0.5.0/android/.cxx/Debug/42n1p1e4/arm64-v8a \
[        ]   flutter_openssl_crypto
[        ] Starting process 'command '/Users/florian/Library/Android/sdk/cmake/3.22.1/bin/ninja''. Working directory: /Users/florian/.pub-cache/hosted/pub.dev/flutter_openssl_crypto-0.5.0/android Command: /Users/florian/Library/Android/sdk/cmake/3.22.1/bin/ninja -C /Users/florian/.pub-cache/hosted/pub.dev/flutter_openssl_crypto-0.5.0/android/.cxx/Debug/42n1p1e4/arm64-v8a flutter_openssl_crypto
[        ] Successfully started process 'command '/Users/florian/Library/Android/sdk/cmake/3.22.1/bin/ninja''
[        ] C/C++: Received process result: 0
[        ] C/C++: check expected build outputs
[        ] C/C++: build complete
[        ] Resolve mutations for :flutter_openssl_crypto:configureCMakeDebug[armeabi-v7a] (Thread[#42485,Execution worker Thread 21,5,main]) started.
[        ] :flutter_openssl_crypto:configureCMakeDebug[armeabi-v7a] (Thread[#42485,Execution worker Thread 21,5,main]) started.
[        ] > Task :flutter_openssl_crypto:configureCMakeDebug[armeabi-v7a]
[        ] Caching disabled for task ':flutter_openssl_crypto:configureCMakeDebug[armeabi-v7a]' because:
[        ]   Build cache is disabled
[        ]   Caching has been disabled for the task
[        ] Task ':flutter_openssl_crypto:configureCMakeDebug[armeabi-v7a]' is not up-to-date because:
[        ]   Task.upToDateWhen is false.
[        ] C/C++: /Users/florian/.pub-cache/hosted/pub.dev/flutter_openssl_crypto-0.5.0/android/CMakeLists.txt profile|armeabi-v7a : Start JSON generation. Platform version: 21 min SDK version: armeabi-v7a
[        ] C/C++: /Users/florian/.pub-cache/hosted/pub.dev/flutter_openssl_crypto-0.5.0/android/CMakeLists.txt profile|armeabi-v7a : JSON '/Users/florian/.pub-cache/hosted/pub.dev/flutter_openssl_crypto-0.5.0/android/.cxx/Debug/42n1p1e4/armeabi-v7a/android_gradle_build.json' was up-to-date
[        ] C/C++: /Users/florian/.pub-cache/hosted/pub.dev/flutter_openssl_crypto-0.5.0/android/CMakeLists.txt profile|armeabi-v7a : JSON generation completed without problems
[        ] C/C++: /Users/florian/.pub-cache/hosted/pub.dev/flutter_openssl_crypto-0.5.0/android/CMakeLists.txt profile|armeabi-v7a : Writing build model to /Users/florian/Code/substitution/build/flutter_openssl_crypto/intermediates/cxx/Debug/42n1p1e4/logs/armeabi-v7a/build_model.json
[        ] Resolve mutations for :flutter_openssl_crypto:buildCMakeDebug[armeabi-v7a] (Thread[#42485,Execution worker Thread 21,5,main]) started.
[        ] :flutter_openssl_crypto:buildCMakeDebug[armeabi-v7a] (Thread[#42485,Execution worker Thread 21,5,main]) started.
[        ] > Task :flutter_openssl_crypto:buildCMakeDebug[armeabi-v7a]
[        ] Caching disabled for task ':flutter_openssl_crypto:buildCMakeDebug[armeabi-v7a]' because:
[        ]   Build cache is disabled
[        ]   Caching has been disabled for the task
[        ] Task ':flutter_openssl_crypto:buildCMakeDebug[armeabi-v7a]' is not up-to-date because:
[        ]   Task.upToDateWhen is false.
[        ] C/C++: starting build
[        ] C/C++: reading expected JSONs
[        ] C/C++: done reading expected JSONs
[        ] C/C++: executing build commands for targets that produce .so files or executables
[        ] C/C++: evaluate miniconfig
[        ] C/C++: evaluate library flutter_openssl_crypto (armeabi-v7a)
[        ] C/C++: building target library flutter_openssl_crypto because no targets are specified.
[        ] C/C++: about to build targets flutter_openssl_crypto
[        ] C/C++: Build flutter_openssl_crypto
[        ] C/C++: /Users/florian/Library/Android/sdk/cmake/3.22.1/bin/ninja \
[        ]   -C \
[        ]   /Users/florian/.pub-cache/hosted/pub.dev/flutter_openssl_crypto-0.5.0/android/.cxx/Debug/42n1p1e4/armeabi-v7a \
[        ]   flutter_openssl_crypto
[        ] Starting process 'command '/Users/florian/Library/Android/sdk/cmake/3.22.1/bin/ninja''. Working directory: /Users/florian/.pub-cache/hosted/pub.dev/flutter_openssl_crypto-0.5.0/android Command: /Users/florian/Library/Android/sdk/cmake/3.22.1/bin/ninja -C /Users/florian/.pub-cache/hosted/pub.dev/flutter_openssl_crypto-0.5.0/android/.cxx/Debug/42n1p1e4/armeabi-v7a flutter_openssl_crypto
[        ] Successfully started process 'command '/Users/florian/Library/Android/sdk/cmake/3.22.1/bin/ninja''
[        ] C/C++: Received process result: 0
[        ] C/C++: check expected build outputs
[        ] C/C++: build complete
[        ] Resolve mutations for :flutter_openssl_crypto:configureCMakeDebug[x86] (Thread[#42485,Execution worker Thread 21,5,main]) started.
[        ] :flutter_openssl_crypto:configureCMakeDebug[x86] (Thread[#42485,Execution worker Thread 21,5,main]) started.
[        ] > Task :flutter_openssl_crypto:configureCMakeDebug[x86]
[        ] Caching disabled for task ':flutter_openssl_crypto:configureCMakeDebug[x86]' because:
[        ]   Build cache is disabled
[        ]   Caching has been disabled for the task
[        ] Task ':flutter_openssl_crypto:configureCMakeDebug[x86]' is not up-to-date because:
[        ]   Task.upToDateWhen is false.
[        ] C/C++: /Users/florian/.pub-cache/hosted/pub.dev/flutter_openssl_crypto-0.5.0/android/CMakeLists.txt profile|x86 : Start JSON generation. Platform version: 21 min SDK version: x86
[        ] C/C++: /Users/florian/.pub-cache/hosted/pub.dev/flutter_openssl_crypto-0.5.0/android/CMakeLists.txt profile|x86 : JSON '/Users/florian/.pub-cache/hosted/pub.dev/flutter_openssl_crypto-0.5.0/android/.cxx/Debug/42n1p1e4/x86/android_gradle_build.json' was up-to-date
[        ] C/C++: /Users/florian/.pub-cache/hosted/pub.dev/flutter_openssl_crypto-0.5.0/android/CMakeLists.txt profile|x86 : JSON generation completed without problems
[        ] C/C++: /Users/florian/.pub-cache/hosted/pub.dev/flutter_openssl_crypto-0.5.0/android/CMakeLists.txt profile|x86 : Writing build model to /Users/florian/Code/substitution/build/flutter_openssl_crypto/intermediates/cxx/Debug/42n1p1e4/logs/x86/build_model.json
[        ] Resolve mutations for :flutter_openssl_crypto:buildCMakeDebug[x86] (Thread[#42485,Execution worker Thread 21,5,main]) started.
[        ] :flutter_openssl_crypto:buildCMakeDebug[x86] (Thread[#42485,Execution worker Thread 21,5,main]) started.
[        ] > Task :flutter_openssl_crypto:buildCMakeDebug[x86]
[        ] Caching disabled for task ':flutter_openssl_crypto:buildCMakeDebug[x86]' because:
[        ]   Build cache is disabled
[        ]   Caching has been disabled for the task
[        ] Task ':flutter_openssl_crypto:buildCMakeDebug[x86]' is not up-to-date because:
[        ]   Task.upToDateWhen is false.
[        ] C/C++: starting build
[        ] C/C++: reading expected JSONs
[        ] C/C++: done reading expected JSONs
[        ] C/C++: executing build commands for targets that produce .so files or executables
[        ] C/C++: evaluate miniconfig
[        ] C/C++: evaluate library flutter_openssl_crypto (x86)
[        ] C/C++: building target library flutter_openssl_crypto because no targets are specified.
[        ] C/C++: about to build targets flutter_openssl_crypto
[        ] C/C++: Build flutter_openssl_crypto
[        ] C/C++: /Users/florian/Library/Android/sdk/cmake/3.22.1/bin/ninja \
[        ]   -C \
[        ]   /Users/florian/.pub-cache/hosted/pub.dev/flutter_openssl_crypto-0.5.0/android/.cxx/Debug/42n1p1e4/x86 \
[        ]   flutter_openssl_crypto
[        ] Starting process 'command '/Users/florian/Library/Android/sdk/cmake/3.22.1/bin/ninja''. Working directory: /Users/florian/.pub-cache/hosted/pub.dev/flutter_openssl_crypto-0.5.0/android Command: /Users/florian/Library/Android/sdk/cmake/3.22.1/bin/ninja -C /Users/florian/.pub-cache/hosted/pub.dev/flutter_openssl_crypto-0.5.0/android/.cxx/Debug/42n1p1e4/x86 flutter_openssl_crypto
[        ] Successfully started process 'command '/Users/florian/Library/Android/sdk/cmake/3.22.1/bin/ninja''
[        ] C/C++: Received process result: 0
[        ] C/C++: check expected build outputs
[        ] C/C++: build complete
[        ] Resolve mutations for :flutter_openssl_crypto:configureCMakeDebug[x86_64] (Thread[#42485,Execution worker Thread 21,5,main]) started.
[        ] :flutter_openssl_crypto:configureCMakeDebug[x86_64] (Thread[#42485,Execution worker Thread 21,5,main]) started.
[        ] > Task :flutter_openssl_crypto:configureCMakeDebug[x86_64]
[        ] Caching disabled for task ':flutter_openssl_crypto:configureCMakeDebug[x86_64]' because:
[        ]   Build cache is disabled
[        ]   Caching has been disabled for the task
[        ] Task ':flutter_openssl_crypto:configureCMakeDebug[x86_64]' is not up-to-date because:
[        ]   Task.upToDateWhen is false.
[        ] C/C++: /Users/florian/.pub-cache/hosted/pub.dev/flutter_openssl_crypto-0.5.0/android/CMakeLists.txt profile|x86_64 : Start JSON generation. Platform version: 21 min SDK version: x86_64
[        ] C/C++: /Users/florian/.pub-cache/hosted/pub.dev/flutter_openssl_crypto-0.5.0/android/CMakeLists.txt profile|x86_64 : JSON '/Users/florian/.pub-cache/hosted/pub.dev/flutter_openssl_crypto-0.5.0/android/.cxx/Debug/42n1p1e4/x86_64/android_gradle_build.json' was up-to-date
[        ] C/C++: /Users/florian/.pub-cache/hosted/pub.dev/flutter_openssl_crypto-0.5.0/android/CMakeLists.txt profile|x86_64 : JSON generation completed without problems
[        ] C/C++: /Users/florian/.pub-cache/hosted/pub.dev/flutter_openssl_crypto-0.5.0/android/CMakeLists.txt profile|x86_64 : Writing build model to /Users/florian/Code/substitution/build/flutter_openssl_crypto/intermediates/cxx/Debug/42n1p1e4/logs/x86_64/build_model.json
[        ] Resolve mutations for :flutter_openssl_crypto:buildCMakeDebug[x86_64] (Thread[#42485,Execution worker Thread 21,5,main]) started.
[        ] :flutter_openssl_crypto:buildCMakeDebug[x86_64] (Thread[#42485,Execution worker Thread 21,5,main]) started.
[  +90 ms] > Task :flutter_openssl_crypto:buildCMakeDebug[x86_64]
[        ] Caching disabled for task ':flutter_openssl_crypto:buildCMakeDebug[x86_64]' because:
[        ]   Build cache is disabled
[        ]   Caching has been disabled for the task
[        ] Task ':flutter_openssl_crypto:buildCMakeDebug[x86_64]' is not up-to-date because:
[        ]   Task.upToDateWhen is false.
[        ] C/C++: starting build
[        ] C/C++: reading expected JSONs
[        ] C/C++: done reading expected JSONs
[        ] C/C++: executing build commands for targets that produce .so files or executables
[        ] C/C++: evaluate miniconfig
[        ] C/C++: evaluate library flutter_openssl_crypto (x86_64)
[        ] C/C++: building target library flutter_openssl_crypto because no targets are specified.
[        ] C/C++: about to build targets flutter_openssl_crypto
[        ] C/C++: Build flutter_openssl_crypto
[        ] C/C++: /Users/florian/Library/Android/sdk/cmake/3.22.1/bin/ninja \
[        ]   -C \
[        ]   /Users/florian/.pub-cache/hosted/pub.dev/flutter_openssl_crypto-0.5.0/android/.cxx/Debug/42n1p1e4/x86_64 \
[        ]   flutter_openssl_crypto
[        ] Starting process 'command '/Users/florian/Library/Android/sdk/cmake/3.22.1/bin/ninja''. Working directory: /Users/florian/.pub-cache/hosted/pub.dev/flutter_openssl_crypto-0.5.0/android Command: /Users/florian/Library/Android/sdk/cmake/3.22.1/bin/ninja -C /Users/florian/.pub-cache/hosted/pub.dev/flutter_openssl_crypto-0.5.0/android/.cxx/Debug/42n1p1e4/x86_64 flutter_openssl_crypto
[        ] Successfully started process 'command '/Users/florian/Library/Android/sdk/cmake/3.22.1/bin/ninja''
[        ] C/C++: Received process result: 0
[        ] C/C++: check expected build outputs
[        ] C/C++: build complete
[        ] Resolve mutations for :flutter_openssl_crypto:mergeDebugJniLibFolders (Thread[#42485,Execution worker Thread 21,5,main]) started.
[        ] :flutter_openssl_crypto:mergeDebugJniLibFolders (Thread[#42485,Execution worker Thread 21,5,main]) started.
[        ] > Task :flutter_openssl_crypto:mergeDebugJniLibFolders UP-TO-DATE
[        ] Caching disabled for task ':flutter_openssl_crypto:mergeDebugJniLibFolders' because:
[        ]   Build cache is disabled
[        ]   Simple merging task
[        ] Skipping task ':flutter_openssl_crypto:mergeDebugJniLibFolders' as it is up-to-date.
[        ] Resolve mutations for :flutter_openssl_crypto:mergeDebugNativeLibs (Thread[#42485,Execution worker Thread 21,5,main]) started.
[        ] :flutter_openssl_crypto:mergeDebugNativeLibs (Thread[#42485,Execution worker Thread 21,5,main]) started.
[        ] > Task :flutter_openssl_crypto:mergeDebugNativeLibs UP-TO-DATE
[        ] Caching disabled for task ':flutter_openssl_crypto:mergeDebugNativeLibs' because:
[        ]   Build cache is disabled
[        ]   Caching has been disabled for the task
[        ] Skipping task ':flutter_openssl_crypto:mergeDebugNativeLibs' as it is up-to-date.
[        ] Resolve mutations for :flutter_openssl_crypto:copyDebugJniLibsProjectOnly (Thread[#42485,Execution worker Thread 21,5,main]) started.
[        ] :flutter_openssl_crypto:copyDebugJniLibsProjectOnly (Thread[#42485,Execution worker Thread 21,5,main]) started.
[        ] > Task :flutter_openssl_crypto:copyDebugJniLibsProjectOnly UP-TO-DATE
[        ] Caching disabled for task ':flutter_openssl_crypto:copyDebugJniLibsProjectOnly' because:
[        ]   Build cache is disabled
[        ]   Caching has been disabled for the task
[        ] Skipping task ':flutter_openssl_crypto:copyDebugJniLibsProjectOnly' as it is up-to-date.
[        ] work action resolve jni (project :flutter_openssl_crypto) (Thread[#42485,Execution worker Thread 21,5,main]) started.
[        ] Resolve mutations for :integration_test:mergeDebugJniLibFolders (Thread[#42485,Execution worker Thread 21,5,main]) started.
[        ] :integration_test:mergeDebugJniLibFolders (Thread[#42485,Execution worker Thread 21,5,main]) started.
[        ] > Task :integration_test:mergeDebugJniLibFolders UP-TO-DATE
[        ] Caching disabled for task ':integration_test:mergeDebugJniLibFolders' because:
[        ]   Build cache is disabled
[        ]   Simple merging task
[        ] Skipping task ':integration_test:mergeDebugJniLibFolders' as it is up-to-date.
[        ] Resolve mutations for :integration_test:mergeDebugNativeLibs (Thread[#42485,Execution worker Thread 21,5,main]) started.
[        ] :integration_test:mergeDebugNativeLibs (Thread[#42485,Execution worker Thread 21,5,main]) started.
[        ] > Task :integration_test:mergeDebugNativeLibs NO-SOURCE
[        ] Skipping task ':integration_test:mergeDebugNativeLibs' as it has no source files and no previous output files.
[        ] Resolve mutations for :integration_test:copyDebugJniLibsProjectOnly (Thread[#42485,Execution worker Thread 21,5,main]) started.
[        ] :integration_test:copyDebugJniLibsProjectOnly (Thread[#42485,Execution worker Thread 21,5,main]) started.
[        ] > Task :integration_test:copyDebugJniLibsProjectOnly UP-TO-DATE
[        ] Caching disabled for task ':integration_test:copyDebugJniLibsProjectOnly' because:
[        ]   Build cache is disabled
[        ]   Caching has been disabled for the task
[        ] Skipping task ':integration_test:copyDebugJniLibsProjectOnly' as it is up-to-date.
[        ] work action resolve jni (project :integration_test) (Thread[#42485,Execution worker Thread 21,5,main]) started.
[        ] Resolve mutations for :path_provider_android:mergeDebugJniLibFolders (Thread[#42485,Execution worker Thread 21,5,main]) started.
[        ] :path_provider_android:mergeDebugJniLibFolders (Thread[#42485,Execution worker Thread 21,5,main]) started.
[        ] > Task :path_provider_android:mergeDebugJniLibFolders UP-TO-DATE
[        ] Caching disabled for task ':path_provider_android:mergeDebugJniLibFolders' because:
[        ]   Build cache is disabled
[        ]   Simple merging task
[        ] Skipping task ':path_provider_android:mergeDebugJniLibFolders' as it is up-to-date.
[        ] Resolve mutations for :path_provider_android:mergeDebugNativeLibs (Thread[#42485,Execution worker Thread 21,5,main]) started.
[        ] :path_provider_android:mergeDebugNativeLibs (Thread[#42485,Execution worker Thread 21,5,main]) started.
[        ] > Task :path_provider_android:mergeDebugNativeLibs NO-SOURCE
[        ] Skipping task ':path_provider_android:mergeDebugNativeLibs' as it has no source files and no previous output files.
[        ] Resolve mutations for :path_provider_android:copyDebugJniLibsProjectOnly (Thread[#42485,Execution worker Thread 21,5,main]) started.
[        ] :path_provider_android:copyDebugJniLibsProjectOnly (Thread[#42485,Execution worker Thread 21,5,main]) started.
[        ] > Task :path_provider_android:copyDebugJniLibsProjectOnly UP-TO-DATE
[        ] Caching disabled for task ':path_provider_android:copyDebugJniLibsProjectOnly' because:
[        ]   Build cache is disabled
[        ]   Caching has been disabled for the task
[        ] Skipping task ':path_provider_android:copyDebugJniLibsProjectOnly' as it is up-to-date.
[        ] work action resolve jni (project :path_provider_android) (Thread[#42485,Execution worker Thread 21,5,main]) started.
[        ] Resolve mutations for :quill_native_bridge_android:mergeDebugJniLibFolders (Thread[#42485,Execution worker Thread 21,5,main]) started.
[        ] :quill_native_bridge_android:mergeDebugJniLibFolders (Thread[#42485,Execution worker Thread 21,5,main]) started.
[        ] > Task :quill_native_bridge_android:mergeDebugJniLibFolders UP-TO-DATE
[        ] Caching disabled for task ':quill_native_bridge_android:mergeDebugJniLibFolders' because:
[        ]   Build cache is disabled
[        ]   Simple merging task
[        ] Skipping task ':quill_native_bridge_android:mergeDebugJniLibFolders' as it is up-to-date.
[        ] Resolve mutations for :quill_native_bridge_android:mergeDebugNativeLibs (Thread[#42485,Execution worker Thread 21,5,main]) started.
[        ] :quill_native_bridge_android:mergeDebugNativeLibs (Thread[#42485,Execution worker Thread 21,5,main]) started.
[        ] > Task :quill_native_bridge_android:mergeDebugNativeLibs NO-SOURCE
[        ] Skipping task ':quill_native_bridge_android:mergeDebugNativeLibs' as it has no source files and no previous output files.
[        ] Resolve mutations for :quill_native_bridge_android:copyDebugJniLibsProjectOnly (Thread[#42485,Execution worker Thread 21,5,main]) started.
[        ] :quill_native_bridge_android:copyDebugJniLibsProjectOnly (Thread[#42485,Execution worker Thread 21,5,main]) started.
[        ] > Task :quill_native_bridge_android:copyDebugJniLibsProjectOnly UP-TO-DATE
[        ] Caching disabled for task ':quill_native_bridge_android:copyDebugJniLibsProjectOnly' because:
[        ]   Build cache is disabled
[        ]   Caching has been disabled for the task
[        ] Skipping task ':quill_native_bridge_android:copyDebugJniLibsProjectOnly' as it is up-to-date.
[        ] work action resolve jni (project :quill_native_bridge_android) (Thread[#42485,Execution worker Thread 21,5,main]) started.
[        ] Resolve mutations for :shared_preferences_android:mergeDebugJniLibFolders (Thread[#42485,Execution worker Thread 21,5,main]) started.
[        ] :shared_preferences_android:mergeDebugJniLibFolders (Thread[#42485,Execution worker Thread 21,5,main]) started.
[        ] > Task :shared_preferences_android:mergeDebugJniLibFolders UP-TO-DATE
[        ] Caching disabled for task ':shared_preferences_android:mergeDebugJniLibFolders' because:
[        ]   Build cache is disabled
[        ]   Simple merging task
[        ] Skipping task ':shared_preferences_android:mergeDebugJniLibFolders' as it is up-to-date.
[        ] Resolve mutations for :shared_preferences_android:mergeDebugNativeLibs (Thread[#42485,Execution worker Thread 21,5,main]) started.
[        ] :shared_preferences_android:mergeDebugNativeLibs (Thread[#42485,Execution worker Thread 21,5,main]) started.
[        ] > Task :shared_preferences_android:mergeDebugNativeLibs NO-SOURCE
[        ] Skipping task ':shared_preferences_android:mergeDebugNativeLibs' as it has no source files and no previous output files.
[        ] Resolve mutations for :shared_preferences_android:copyDebugJniLibsProjectOnly (Thread[#42485,Execution worker Thread 21,5,main]) started.
[        ] :shared_preferences_android:copyDebugJniLibsProjectOnly (Thread[#42485,Execution worker Thread 21,5,main]) started.
[        ] > Task :shared_preferences_android:copyDebugJniLibsProjectOnly UP-TO-DATE
[        ] Caching disabled for task ':shared_preferences_android:copyDebugJniLibsProjectOnly' because:
[        ]   Build cache is disabled
[        ]   Caching has been disabled for the task
[        ] Skipping task ':shared_preferences_android:copyDebugJniLibsProjectOnly' as it is up-to-date.
[        ] work action resolve jni (project :shared_preferences_android) (Thread[#42485,Execution worker Thread 21,5,main]) started.
[        ] Resolve mutations for :sqflite_android:mergeDebugJniLibFolders (Thread[#42485,Execution worker Thread 21,5,main]) started.
[        ] :sqflite_android:mergeDebugJniLibFolders (Thread[#42485,Execution worker Thread 21,5,main]) started.
[        ] > Task :sqflite_android:mergeDebugJniLibFolders UP-TO-DATE
[        ] Caching disabled for task ':sqflite_android:mergeDebugJniLibFolders' because:
[        ]   Build cache is disabled
[        ]   Simple merging task
[        ] Skipping task ':sqflite_android:mergeDebugJniLibFolders' as it is up-to-date.
[        ] Resolve mutations for :sqflite_android:mergeDebugNativeLibs (Thread[#42485,Execution worker Thread 21,5,main]) started.
[        ] :sqflite_android:mergeDebugNativeLibs (Thread[#42485,Execution worker Thread 21,5,main]) started.
[        ] > Task :sqflite_android:mergeDebugNativeLibs NO-SOURCE
[        ] Skipping task ':sqflite_android:mergeDebugNativeLibs' as it has no source files and no previous output files.
[        ] Resolve mutations for :sqflite_android:copyDebugJniLibsProjectOnly (Thread[#42485,Execution worker Thread 21,5,main]) started.
[        ] :sqflite_android:copyDebugJniLibsProjectOnly (Thread[#42485,Execution worker Thread 21,5,main]) started.
[        ] > Task :sqflite_android:copyDebugJniLibsProjectOnly UP-TO-DATE
[        ] Caching disabled for task ':sqflite_android:copyDebugJniLibsProjectOnly' because:
[        ]   Build cache is disabled
[        ]   Caching has been disabled for the task
[        ] Skipping task ':sqflite_android:copyDebugJniLibsProjectOnly' as it is up-to-date.
[        ] work action resolve jni (project :sqflite_android) (Thread[#42485,Execution worker Thread 21,5,main]) started.
[        ] Resolve mutations for :url_launcher_android:mergeDebugJniLibFolders (Thread[#42485,Execution worker Thread 21,5,main]) started.
[        ] :url_launcher_android:mergeDebugJniLibFolders (Thread[#42485,Execution worker Thread 21,5,main]) started.
[        ] > Task :url_launcher_android:mergeDebugJniLibFolders UP-TO-DATE
[        ] Caching disabled for task ':url_launcher_android:mergeDebugJniLibFolders' because:
[        ]   Build cache is disabled
[        ]   Simple merging task
[        ] Skipping task ':url_launcher_android:mergeDebugJniLibFolders' as it is up-to-date.
[        ] Resolve mutations for :url_launcher_android:mergeDebugNativeLibs (Thread[#42485,Execution worker Thread 21,5,main]) started.
[        ] :url_launcher_android:mergeDebugNativeLibs (Thread[#42485,Execution worker Thread 21,5,main]) started.
[        ] > Task :url_launcher_android:mergeDebugNativeLibs NO-SOURCE
[        ] Skipping task ':url_launcher_android:mergeDebugNativeLibs' as it has no source files and no previous output files.
[        ] Resolve mutations for :url_launcher_android:copyDebugJniLibsProjectOnly (Thread[#42485,Execution worker Thread 21,5,main]) started.
[        ] :url_launcher_android:copyDebugJniLibsProjectOnly (Thread[#42485,Execution worker Thread 21,5,main]) started.
[        ] > Task :url_launcher_android:copyDebugJniLibsProjectOnly UP-TO-DATE
[        ] Caching disabled for task ':url_launcher_android:copyDebugJniLibsProjectOnly' because:
[        ]   Build cache is disabled
[        ]   Caching has been disabled for the task
[        ] Skipping task ':url_launcher_android:copyDebugJniLibsProjectOnly' as it is up-to-date.
[        ] work action resolve jni (project :url_launcher_android) (Thread[#42485,Execution worker Thread 21,5,main]) started.
[        ] Resolve mutations for :video_player_android:mergeDebugJniLibFolders (Thread[#42485,Execution worker Thread 21,5,main]) started.
[        ] :video_player_android:mergeDebugJniLibFolders (Thread[#42485,Execution worker Thread 21,5,main]) started.
[        ] > Task :video_player_android:mergeDebugJniLibFolders UP-TO-DATE
[        ] Caching disabled for task ':video_player_android:mergeDebugJniLibFolders' because:
[        ]   Build cache is disabled
[        ]   Simple merging task
[        ] Skipping task ':video_player_android:mergeDebugJniLibFolders' as it is up-to-date.
[        ] Resolve mutations for :video_player_android:mergeDebugNativeLibs (Thread[#42485,Execution worker Thread 21,5,main]) started.
[        ] :video_player_android:mergeDebugNativeLibs (Thread[#42485,Execution worker Thread 21,5,main]) started.
[        ] > Task :video_player_android:mergeDebugNativeLibs NO-SOURCE
[        ] Skipping task ':video_player_android:mergeDebugNativeLibs' as it has no source files and no previous output files.
[        ] Resolve mutations for :video_player_android:copyDebugJniLibsProjectOnly (Thread[#42485,Execution worker Thread 21,5,main]) started.
[        ] :video_player_android:copyDebugJniLibsProjectOnly (Thread[#42485,Execution worker Thread 21,5,main]) started.
[        ] > Task :video_player_android:copyDebugJniLibsProjectOnly UP-TO-DATE
[        ] Caching disabled for task ':video_player_android:copyDebugJniLibsProjectOnly' because:
[        ]   Build cache is disabled
[        ]   Caching has been disabled for the task
[        ] Skipping task ':video_player_android:copyDebugJniLibsProjectOnly' as it is up-to-date.
[        ] work action resolve jni (project :video_player_android) (Thread[#42485,Execution worker Thread 21,5,main]) started.
[        ] Resolve mutations for :app:mergeDebugNativeLibs (Thread[#42485,Execution worker Thread 21,5,main]) started.
[        ] :app:mergeDebugNativeLibs (Thread[#42485,Execution worker Thread 21,5,main]) started.
[        ] > Task :app:mergeDebugNativeLibs UP-TO-DATE
[        ] Caching disabled for task ':app:mergeDebugNativeLibs' because:
[        ]   Build cache is disabled
[        ]   Caching has been disabled for the task
[        ] Skipping task ':app:mergeDebugNativeLibs' as it is up-to-date.
[        ] Resolve mutations for :app:stripDebugDebugSymbols (Thread[#42485,Execution worker Thread 21,5,main]) started.
[        ] :app:stripDebugDebugSymbols (Thread[#42485,Execution worker Thread 21,5,main]) started.
[        ] > Task :app:stripDebugDebugSymbols UP-TO-DATE
[        ] Caching disabled for task ':app:stripDebugDebugSymbols' because:
[        ]   Build cache is disabled
[        ]   Caching has been disabled for the task
[        ] Skipping task ':app:stripDebugDebugSymbols' as it is up-to-date.
[        ] Resolve mutations for :app:validateSigningDebug (Thread[#42485,Execution worker Thread 21,5,main]) started.
[        ] :app:validateSigningDebug (Thread[#42485,Execution worker Thread 21,5,main]) started.
[        ] > Task :app:validateSigningDebug UP-TO-DATE
[        ] Caching disabled for task ':app:validateSigningDebug' because:
[        ]   Build cache is disabled
[        ]   Caching has been disabled for the task
[        ] Skipping task ':app:validateSigningDebug' as it is up-to-date.
[        ] Resolve mutations for :app:writeDebugAppMetadata (Thread[#42485,Execution worker Thread 21,5,main]) started.
[        ] :app:writeDebugAppMetadata (Thread[#42485,Execution worker Thread 21,5,main]) started.
[        ] > Task :app:writeDebugAppMetadata UP-TO-DATE
[        ] Caching disabled for task ':app:writeDebugAppMetadata' because:
[        ]   Build cache is disabled
[        ]   Caching has been disabled for the task
[        ] Skipping task ':app:writeDebugAppMetadata' as it is up-to-date.
[        ] Resolve mutations for :app:writeDebugSigningConfigVersions (Thread[#42485,Execution worker Thread 21,5,main]) started.
[        ] :app:writeDebugSigningConfigVersions (Thread[#42485,Execution worker Thread 21,5,main]) started.
[        ] > Task :app:writeDebugSigningConfigVersions UP-TO-DATE
[        ] Caching disabled for task ':app:writeDebugSigningConfigVersions' because:
[        ]   Build cache is disabled
[        ]   Caching has been disabled for the task
[        ] Skipping task ':app:writeDebugSigningConfigVersions' as it is up-to-date.
[        ] Resolve mutations for :connectivity_plus:stripDebugDebugSymbols (Thread[#42485,Execution worker Thread 21,5,main]) started.
[        ] :connectivity_plus:stripDebugDebugSymbols (Thread[#42485,Execution worker Thread 21,5,main]) started.
[        ] > Task :connectivity_plus:stripDebugDebugSymbols NO-SOURCE
[        ] Skipping task ':connectivity_plus:stripDebugDebugSymbols' as it has no source files and no previous output files.
[        ] Resolve mutations for :connectivity_plus:copyDebugJniLibsProjectAndLocalJars (Thread[#42485,Execution worker Thread 21,5,main]) started.
[        ] :connectivity_plus:copyDebugJniLibsProjectAndLocalJars (Thread[#42485,Execution worker Thread 21,5,main]) started.
[        ] > Task :connectivity_plus:copyDebugJniLibsProjectAndLocalJars UP-TO-DATE
[        ] Caching disabled for task ':connectivity_plus:copyDebugJniLibsProjectAndLocalJars' because:
[        ]   Build cache is disabled
[        ]   Caching has been disabled for the task
[        ] Skipping task ':connectivity_plus:copyDebugJniLibsProjectAndLocalJars' as it is up-to-date.
[        ] Resolve mutations for :connectivity_plus:extractDebugAnnotations (Thread[#42485,Execution worker Thread 21,5,main]) started.
[        ] :connectivity_plus:extractDebugAnnotations (Thread[#42485,Execution worker Thread 21,5,main]) started.
[        ] > Task :connectivity_plus:extractDebugAnnotations UP-TO-DATE
[        ] Caching disabled for task ':connectivity_plus:extractDebugAnnotations' because:
[        ]   Build cache is disabled
[        ] Skipping task ':connectivity_plus:extractDebugAnnotations' as it is up-to-date.
[        ] Resolve mutations for :connectivity_plus:extractDeepLinksForAarDebug (Thread[#42485,Execution worker Thread 21,5,main]) started.
[        ] :connectivity_plus:extractDeepLinksForAarDebug (Thread[#42485,Execution worker Thread 21,5,main]) started.
[        ] > Task :connectivity_plus:extractDeepLinksForAarDebug UP-TO-DATE
[        ] Caching disabled for task ':connectivity_plus:extractDeepLinksForAarDebug' because:
[        ]   Build cache is disabled
[        ] Skipping task ':connectivity_plus:extractDeepLinksForAarDebug' as it is up-to-date.
[        ] Resolve mutations for :connectivity_plus:mergeDebugGeneratedProguardFiles (Thread[#42485,Execution worker Thread 21,5,main]) started.
[        ] :connectivity_plus:mergeDebugGeneratedProguardFiles (Thread[#42485,Execution worker Thread 21,5,main]) started.
[        ] > Task :connectivity_plus:mergeDebugGeneratedProguardFiles UP-TO-DATE
[        ] Caching disabled for task ':connectivity_plus:mergeDebugGeneratedProguardFiles' because:
[        ]   Build cache is disabled
[        ]   Simple merging task
[        ] Skipping task ':connectivity_plus:mergeDebugGeneratedProguardFiles' as it is up-to-date.
[        ] Resolve mutations for :connectivity_plus:mergeDebugConsumerProguardFiles (Thread[#42485,Execution worker Thread 21,5,main]) started.
[        ] :connectivity_plus:mergeDebugConsumerProguardFiles (Thread[#42485,Execution worker Thread 21,5,main]) started.
[        ] > Task :connectivity_plus:mergeDebugConsumerProguardFiles UP-TO-DATE
[        ] Caching disabled for task ':connectivity_plus:mergeDebugConsumerProguardFiles' because:
[        ]   Build cache is disabled
[        ]   Simple merging task
[        ] Skipping task ':connectivity_plus:mergeDebugConsumerProguardFiles' as it is up-to-date.
[        ] Resolve mutations for :connectivity_plus:prepareDebugArtProfile (Thread[#42485,Execution worker Thread 21,5,main]) started.
[        ] :connectivity_plus:prepareDebugArtProfile (Thread[#42485,Execution worker Thread 21,5,main]) started.
[        ] > Task :connectivity_plus:prepareDebugArtProfile UP-TO-DATE
[        ] Caching disabled for task ':connectivity_plus:prepareDebugArtProfile' because:
[        ]   Build cache is disabled
[        ]   Caching has been disabled for the task
[        ] Skipping task ':connectivity_plus:prepareDebugArtProfile' as it is up-to-date.
[        ] Resolve mutations for :connectivity_plus:prepareLintJarForPublish (Thread[#42485,Execution worker Thread 21,5,main]) started.
[        ] :connectivity_plus:prepareLintJarForPublish (Thread[#42485,Execution worker Thread 21,5,main]) started.
[        ] > Task :connectivity_plus:prepareLintJarForPublish UP-TO-DATE
[        ] Caching disabled for task ':connectivity_plus:prepareLintJarForPublish' because:
[        ]   Build cache is disabled
[        ]   Caching has been disabled for the task
[        ] Skipping task ':connectivity_plus:prepareLintJarForPublish' as it is up-to-date.
[        ] Resolve mutations for :connectivity_plus:mergeDebugJavaResource (Thread[#42485,Execution worker Thread 21,5,main]) started.
[        ] :connectivity_plus:mergeDebugJavaResource (Thread[#42485,Execution worker Thread 21,5,main]) started.
[        ] > Task :connectivity_plus:mergeDebugJavaResource UP-TO-DATE
[        ] Caching disabled for task ':connectivity_plus:mergeDebugJavaResource' because:
[        ]   Build cache is disabled
[        ]   Caching has been disabled for the task
[        ] Skipping task ':connectivity_plus:mergeDebugJavaResource' as it is up-to-date.
[        ] Resolve mutations for :connectivity_plus:syncDebugLibJars (Thread[#42485,Execution worker Thread 21,5,main]) started.
[        ] :connectivity_plus:syncDebugLibJars (Thread[#42485,Execution worker Thread 21,5,main]) started.
[        ] > Task :connectivity_plus:syncDebugLibJars UP-TO-DATE
[        ] Caching disabled for task ':connectivity_plus:syncDebugLibJars' because:
[        ]   Build cache is disabled
[        ] Skipping task ':connectivity_plus:syncDebugLibJars' as it is up-to-date.
[        ] Resolve mutations for :connectivity_plus:bundleDebugAar (Thread[#42485,Execution worker Thread 21,5,main]) started.
[        ] :connectivity_plus:bundleDebugAar (Thread[#42485,Execution worker Thread 21,5,main]) started.
[        ] > Task :connectivity_plus:bundleDebugAar UP-TO-DATE
[        ] Caching disabled for task ':connectivity_plus:bundleDebugAar' because:
[        ]   Build cache is disabled
[        ]   Caching has been disabled for the task
[        ] Skipping task ':connectivity_plus:bundleDebugAar' as it is up-to-date.
[        ] Resolve mutations for :connectivity_plus:assembleDebug (Thread[#42485,Execution worker Thread 21,5,main]) started.
[        ] :connectivity_plus:assembleDebug (Thread[#42485,Execution worker Thread 21,5,main]) started.
[        ] > Task :connectivity_plus:assembleDebug UP-TO-DATE
[        ] Skipping task ':connectivity_plus:assembleDebug' as it has no actions.
[        ] Resolve mutations for :emoji_picker_flutter:stripDebugDebugSymbols (Thread[#42485,Execution worker Thread 21,5,main]) started.
[        ] :emoji_picker_flutter:stripDebugDebugSymbols (Thread[#42485,Execution worker Thread 21,5,main]) started.
[        ] > Task :emoji_picker_flutter:stripDebugDebugSymbols NO-SOURCE
[        ] Skipping task ':emoji_picker_flutter:stripDebugDebugSymbols' as it has no source files and no previous output files.
[        ] Resolve mutations for :emoji_picker_flutter:copyDebugJniLibsProjectAndLocalJars (Thread[#42485,Execution worker Thread 21,5,main]) started.
[        ] :emoji_picker_flutter:copyDebugJniLibsProjectAndLocalJars (Thread[#42485,Execution worker Thread 21,5,main]) started.
[        ] > Task :emoji_picker_flutter:copyDebugJniLibsProjectAndLocalJars UP-TO-DATE
[        ] Caching disabled for task ':emoji_picker_flutter:copyDebugJniLibsProjectAndLocalJars' because:
[        ]   Build cache is disabled
[        ]   Caching has been disabled for the task
[        ] Skipping task ':emoji_picker_flutter:copyDebugJniLibsProjectAndLocalJars' as it is up-to-date.
[        ] Resolve mutations for :emoji_picker_flutter:extractDebugAnnotations (Thread[#42485,Execution worker Thread 21,5,main]) started.
[        ] :emoji_picker_flutter:extractDebugAnnotations (Thread[#42485,Execution worker Thread 21,5,main]) started.
[        ] > Task :emoji_picker_flutter:extractDebugAnnotations UP-TO-DATE
[        ] Caching disabled for task ':emoji_picker_flutter:extractDebugAnnotations' because:
[        ]   Build cache is disabled
[        ] Skipping task ':emoji_picker_flutter:extractDebugAnnotations' as it is up-to-date.
[        ] Resolve mutations for :emoji_picker_flutter:extractDeepLinksForAarDebug (Thread[#42485,Execution worker Thread 21,5,main]) started.
[        ] :emoji_picker_flutter:extractDeepLinksForAarDebug (Thread[#42485,Execution worker Thread 21,5,main]) started.
[        ] > Task :emoji_picker_flutter:extractDeepLinksForAarDebug UP-TO-DATE
[        ] Caching disabled for task ':emoji_picker_flutter:extractDeepLinksForAarDebug' because:
[        ]   Build cache is disabled
[        ] Skipping task ':emoji_picker_flutter:extractDeepLinksForAarDebug' as it is up-to-date.
[        ] Resolve mutations for :emoji_picker_flutter:mergeDebugGeneratedProguardFiles (Thread[#42485,Execution worker Thread 21,5,main]) started.
[        ] :emoji_picker_flutter:mergeDebugGeneratedProguardFiles (Thread[#42485,Execution worker Thread 21,5,main]) started.
[        ] > Task :emoji_picker_flutter:mergeDebugGeneratedProguardFiles UP-TO-DATE
[        ] Caching disabled for task ':emoji_picker_flutter:mergeDebugGeneratedProguardFiles' because:
[        ]   Build cache is disabled
[        ]   Simple merging task
[        ] Skipping task ':emoji_picker_flutter:mergeDebugGeneratedProguardFiles' as it is up-to-date.
[        ] Resolve mutations for :emoji_picker_flutter:mergeDebugConsumerProguardFiles (Thread[#42485,Execution worker Thread 21,5,main]) started.
[        ] :emoji_picker_flutter:mergeDebugConsumerProguardFiles (Thread[#42485,Execution worker Thread 21,5,main]) started.
[        ] > Task :emoji_picker_flutter:mergeDebugConsumerProguardFiles UP-TO-DATE
[        ] Caching disabled for task ':emoji_picker_flutter:mergeDebugConsumerProguardFiles' because:
[        ]   Build cache is disabled
[        ]   Simple merging task
[        ] Skipping task ':emoji_picker_flutter:mergeDebugConsumerProguardFiles' as it is up-to-date.
[        ] Resolve mutations for :emoji_picker_flutter:prepareDebugArtProfile (Thread[#42485,Execution worker Thread 21,5,main]) started.
[        ] :emoji_picker_flutter:prepareDebugArtProfile (Thread[#42485,Execution worker Thread 21,5,main]) started.
[        ] > Task :emoji_picker_flutter:prepareDebugArtProfile UP-TO-DATE
[        ] Caching disabled for task ':emoji_picker_flutter:prepareDebugArtProfile' because:
[        ]   Build cache is disabled
[        ]   Caching has been disabled for the task
[        ] Skipping task ':emoji_picker_flutter:prepareDebugArtProfile' as it is up-to-date.
[        ] Resolve mutations for :emoji_picker_flutter:prepareLintJarForPublish (Thread[#42485,Execution worker Thread 21,5,main]) started.
[        ] :emoji_picker_flutter:prepareLintJarForPublish (Thread[#42485,Execution worker Thread 21,5,main]) started.
[        ] > Task :emoji_picker_flutter:prepareLintJarForPublish UP-TO-DATE
[        ] Caching disabled for task ':emoji_picker_flutter:prepareLintJarForPublish' because:
[        ]   Build cache is disabled
[        ]   Caching has been disabled for the task
[        ] Skipping task ':emoji_picker_flutter:prepareLintJarForPublish' as it is up-to-date.
[        ] Resolve mutations for :emoji_picker_flutter:mergeDebugJavaResource (Thread[#42485,Execution worker Thread 21,5,main]) started.
[        ] :emoji_picker_flutter:mergeDebugJavaResource (Thread[#42485,Execution worker Thread 21,5,main]) started.
[        ] > Task :emoji_picker_flutter:mergeDebugJavaResource UP-TO-DATE
[        ] Caching disabled for task ':emoji_picker_flutter:mergeDebugJavaResource' because:
[        ]   Build cache is disabled
[        ]   Caching has been disabled for the task
[        ] Skipping task ':emoji_picker_flutter:mergeDebugJavaResource' as it is up-to-date.
[        ] Resolve mutations for :emoji_picker_flutter:syncDebugLibJars (Thread[#42485,Execution worker Thread 21,5,main]) started.
[        ] :emoji_picker_flutter:syncDebugLibJars (Thread[#42485,Execution worker Thread 21,5,main]) started.
[        ] > Task :emoji_picker_flutter:syncDebugLibJars UP-TO-DATE
[        ] Caching disabled for task ':emoji_picker_flutter:syncDebugLibJars' because:
[        ]   Build cache is disabled
[        ] Skipping task ':emoji_picker_flutter:syncDebugLibJars' as it is up-to-date.
[        ] Resolve mutations for :emoji_picker_flutter:bundleDebugAar (Thread[#42485,Execution worker Thread 21,5,main]) started.
[        ] :emoji_picker_flutter:bundleDebugAar (Thread[#42485,Execution worker Thread 21,5,main]) started.
[        ] > Task :emoji_picker_flutter:bundleDebugAar UP-TO-DATE
[        ] Caching disabled for task ':emoji_picker_flutter:bundleDebugAar' because:
[        ]   Build cache is disabled
[        ]   Caching has been disabled for the task
[        ] Skipping task ':emoji_picker_flutter:bundleDebugAar' as it is up-to-date.
[        ] Resolve mutations for :emoji_picker_flutter:assembleDebug (Thread[#42485,Execution worker Thread 21,5,main]) started.
[        ] :emoji_picker_flutter:assembleDebug (Thread[#42485,Execution worker Thread 21,5,main]) started.
[        ] > Task :emoji_picker_flutter:assembleDebug UP-TO-DATE
[        ] Skipping task ':emoji_picker_flutter:assembleDebug' as it has no actions.
[        ] Resolve mutations for :file_selector_android:stripDebugDebugSymbols (Thread[#42485,Execution worker Thread 21,5,main]) started.
[        ] :file_selector_android:stripDebugDebugSymbols (Thread[#42485,Execution worker Thread 21,5,main]) started.
[        ] > Task :file_selector_android:stripDebugDebugSymbols NO-SOURCE
[        ] Skipping task ':file_selector_android:stripDebugDebugSymbols' as it has no source files and no previous output files.
[        ] Resolve mutations for :file_selector_android:copyDebugJniLibsProjectAndLocalJars (Thread[#42485,Execution worker Thread 21,5,main]) started.
[        ] :file_selector_android:copyDebugJniLibsProjectAndLocalJars (Thread[#42485,Execution worker Thread 21,5,main]) started.
[        ] > Task :file_selector_android:copyDebugJniLibsProjectAndLocalJars UP-TO-DATE
[        ] Caching disabled for task ':file_selector_android:copyDebugJniLibsProjectAndLocalJars' because:
[        ]   Build cache is disabled
[        ]   Caching has been disabled for the task
[        ] Skipping task ':file_selector_android:copyDebugJniLibsProjectAndLocalJars' as it is up-to-date.
[        ] Resolve mutations for :file_selector_android:extractDebugAnnotations (Thread[#42485,Execution worker Thread 21,5,main]) started.
[        ] :file_selector_android:extractDebugAnnotations (Thread[#42485,Execution worker Thread 21,5,main]) started.
[        ] > Task :file_selector_android:extractDebugAnnotations UP-TO-DATE
[        ] Caching disabled for task ':file_selector_android:extractDebugAnnotations' because:
[        ]   Build cache is disabled
[        ] Skipping task ':file_selector_android:extractDebugAnnotations' as it is up-to-date.
[        ] Resolve mutations for :file_selector_android:extractDeepLinksForAarDebug (Thread[#42485,Execution worker Thread 21,5,main]) started.
[        ] :file_selector_android:extractDeepLinksForAarDebug (Thread[#42485,Execution worker Thread 21,5,main]) started.
[        ] > Task :file_selector_android:extractDeepLinksForAarDebug UP-TO-DATE
[        ] Caching disabled for task ':file_selector_android:extractDeepLinksForAarDebug' because:
[        ]   Build cache is disabled
[        ] Skipping task ':file_selector_android:extractDeepLinksForAarDebug' as it is up-to-date.
[        ] Resolve mutations for :file_selector_android:mergeDebugGeneratedProguardFiles (Thread[#42485,Execution worker Thread 21,5,main]) started.
[        ] :file_selector_android:mergeDebugGeneratedProguardFiles (Thread[#42485,Execution worker Thread 21,5,main]) started.
[        ] > Task :file_selector_android:mergeDebugGeneratedProguardFiles UP-TO-DATE
[        ] Caching disabled for task ':file_selector_android:mergeDebugGeneratedProguardFiles' because:
[        ]   Build cache is disabled
[        ]   Simple merging task
[        ] Skipping task ':file_selector_android:mergeDebugGeneratedProguardFiles' as it is up-to-date.
[        ] Resolve mutations for :file_selector_android:mergeDebugConsumerProguardFiles (Thread[#42485,Execution worker Thread 21,5,main]) started.
[        ] :file_selector_android:mergeDebugConsumerProguardFiles (Thread[#42485,Execution worker Thread 21,5,main]) started.
[        ] > Task :file_selector_android:mergeDebugConsumerProguardFiles UP-TO-DATE
[        ] Caching disabled for task ':file_selector_android:mergeDebugConsumerProguardFiles' because:
[        ]   Build cache is disabled
[        ]   Simple merging task
[        ] Skipping task ':file_selector_android:mergeDebugConsumerProguardFiles' as it is up-to-date.
[        ] Resolve mutations for :file_selector_android:prepareDebugArtProfile (Thread[#42485,Execution worker Thread 21,5,main]) started.
[        ] :file_selector_android:prepareDebugArtProfile (Thread[#42485,Execution worker Thread 21,5,main]) started.
[        ] > Task :file_selector_android:prepareDebugArtProfile UP-TO-DATE
[        ] Caching disabled for task ':file_selector_android:prepareDebugArtProfile' because:
[        ]   Build cache is disabled
[        ]   Caching has been disabled for the task
[        ] Skipping task ':file_selector_android:prepareDebugArtProfile' as it is up-to-date.
[        ] Resolve mutations for :file_selector_android:prepareLintJarForPublish (Thread[#42485,Execution worker Thread 21,5,main]) started.
[        ] :file_selector_android:prepareLintJarForPublish (Thread[#42485,Execution worker Thread 21,5,main]) started.
[        ] > Task :file_selector_android:prepareLintJarForPublish UP-TO-DATE
[        ] Caching disabled for task ':file_selector_android:prepareLintJarForPublish' because:
[        ]   Build cache is disabled
[        ]   Caching has been disabled for the task
[        ] Skipping task ':file_selector_android:prepareLintJarForPublish' as it is up-to-date.
[        ] Resolve mutations for :file_selector_android:mergeDebugJavaResource (Thread[#42485,Execution worker Thread 21,5,main]) started.
[        ] :file_selector_android:mergeDebugJavaResource (Thread[#42485,Execution worker Thread 21,5,main]) started.
[        ] > Task :file_selector_android:mergeDebugJavaResource UP-TO-DATE
[        ] Caching disabled for task ':file_selector_android:mergeDebugJavaResource' because:
[        ]   Build cache is disabled
[        ]   Caching has been disabled for the task
[        ] Skipping task ':file_selector_android:mergeDebugJavaResource' as it is up-to-date.
[        ] Resolve mutations for :file_selector_android:syncDebugLibJars (Thread[#42485,Execution worker Thread 21,5,main]) started.
[        ] :file_selector_android:syncDebugLibJars (Thread[#42485,Execution worker Thread 21,5,main]) started.
[        ] > Task :file_selector_android:syncDebugLibJars UP-TO-DATE
[        ] Caching disabled for task ':file_selector_android:syncDebugLibJars' because:
[        ]   Build cache is disabled
[        ] Skipping task ':file_selector_android:syncDebugLibJars' as it is up-to-date.
[        ] Resolve mutations for :file_selector_android:bundleDebugAar (Thread[#42485,Execution worker Thread 21,5,main]) started.
[        ] :file_selector_android:bundleDebugAar (Thread[#42485,Execution worker Thread 21,5,main]) started.
[        ] > Task :file_selector_android:bundleDebugAar UP-TO-DATE
[        ] Caching disabled for task ':file_selector_android:bundleDebugAar' because:
[        ]   Build cache is disabled
[        ]   Caching has been disabled for the task
[        ] Skipping task ':file_selector_android:bundleDebugAar' as it is up-to-date.
[        ] Resolve mutations for :file_selector_android:assembleDebug (Thread[#42485,Execution worker Thread 21,5,main]) started.
[        ] :file_selector_android:assembleDebug (Thread[#42485,Execution worker Thread 21,5,main]) started.
[        ] > Task :file_selector_android:assembleDebug UP-TO-DATE
[        ] Skipping task ':file_selector_android:assembleDebug' as it has no actions.
[        ] Resolve mutations for :flutter_keyboard_visibility_temp_fork:stripDebugDebugSymbols (Thread[#42485,Execution worker Thread 21,5,main]) started.
[        ] :flutter_keyboard_visibility_temp_fork:stripDebugDebugSymbols (Thread[#42485,Execution worker Thread 21,5,main]) started.
[        ] > Task :flutter_keyboard_visibility_temp_fork:stripDebugDebugSymbols NO-SOURCE
[        ] Skipping task ':flutter_keyboard_visibility_temp_fork:stripDebugDebugSymbols' as it has no source files and no previous output files.
[        ] Resolve mutations for :flutter_keyboard_visibility_temp_fork:copyDebugJniLibsProjectAndLocalJars (Thread[#42485,Execution worker Thread 21,5,main]) started.
[        ] :flutter_keyboard_visibility_temp_fork:copyDebugJniLibsProjectAndLocalJars (Thread[#42485,Execution worker Thread 21,5,main]) started.
[        ] > Task :flutter_keyboard_visibility_temp_fork:copyDebugJniLibsProjectAndLocalJars UP-TO-DATE
[        ] Caching disabled for task ':flutter_keyboard_visibility_temp_fork:copyDebugJniLibsProjectAndLocalJars' because:
[        ]   Build cache is disabled
[        ]   Caching has been disabled for the task
[        ] Skipping task ':flutter_keyboard_visibility_temp_fork:copyDebugJniLibsProjectAndLocalJars' as it is up-to-date.
[        ] Resolve mutations for :flutter_keyboard_visibility_temp_fork:extractDebugAnnotations (Thread[#42485,Execution worker Thread 21,5,main]) started.
[        ] :flutter_keyboard_visibility_temp_fork:extractDebugAnnotations (Thread[#42485,Execution worker Thread 21,5,main]) started.
[        ] > Task :flutter_keyboard_visibility_temp_fork:extractDebugAnnotations UP-TO-DATE
[        ] Caching disabled for task ':flutter_keyboard_visibility_temp_fork:extractDebugAnnotations' because:
[        ]   Build cache is disabled
[        ] Skipping task ':flutter_keyboard_visibility_temp_fork:extractDebugAnnotations' as it is up-to-date.
[        ] Resolve mutations for :flutter_keyboard_visibility_temp_fork:extractDeepLinksForAarDebug (Thread[#42485,Execution worker Thread 21,5,main]) started.
[        ] :flutter_keyboard_visibility_temp_fork:extractDeepLinksForAarDebug (Thread[#42485,Execution worker Thread 21,5,main]) started.
[        ] > Task :flutter_keyboard_visibility_temp_fork:extractDeepLinksForAarDebug UP-TO-DATE
[        ] Caching disabled for task ':flutter_keyboard_visibility_temp_fork:extractDeepLinksForAarDebug' because:
[        ]   Build cache is disabled
[        ] Skipping task ':flutter_keyboard_visibility_temp_fork:extractDeepLinksForAarDebug' as it is up-to-date.
[        ] Resolve mutations for :flutter_keyboard_visibility_temp_fork:mergeDebugGeneratedProguardFiles (Thread[#42485,Execution worker Thread 21,5,main]) started.
[        ] :flutter_keyboard_visibility_temp_fork:mergeDebugGeneratedProguardFiles (Thread[#42485,Execution worker Thread 21,5,main]) started.
[        ] > Task :flutter_keyboard_visibility_temp_fork:mergeDebugGeneratedProguardFiles UP-TO-DATE
[        ] Caching disabled for task ':flutter_keyboard_visibility_temp_fork:mergeDebugGeneratedProguardFiles' because:
[        ]   Build cache is disabled
[        ]   Simple merging task
[        ] Skipping task ':flutter_keyboard_visibility_temp_fork:mergeDebugGeneratedProguardFiles' as it is up-to-date.
[        ] Resolve mutations for :flutter_keyboard_visibility_temp_fork:mergeDebugConsumerProguardFiles (Thread[#42485,Execution worker Thread 21,5,main]) started.
[        ] :flutter_keyboard_visibility_temp_fork:mergeDebugConsumerProguardFiles (Thread[#42485,Execution worker Thread 21,5,main]) started.
[        ] > Task :flutter_keyboard_visibility_temp_fork:mergeDebugConsumerProguardFiles UP-TO-DATE
[        ] Caching disabled for task ':flutter_keyboard_visibility_temp_fork:mergeDebugConsumerProguardFiles' because:
[        ]   Build cache is disabled
[        ]   Simple merging task
[        ] Skipping task ':flutter_keyboard_visibility_temp_fork:mergeDebugConsumerProguardFiles' as it is up-to-date.
[        ] Resolve mutations for :flutter_keyboard_visibility_temp_fork:prepareDebugArtProfile (Thread[#42485,Execution worker Thread 21,5,main]) started.
[        ] :flutter_keyboard_visibility_temp_fork:prepareDebugArtProfile (Thread[#42485,Execution worker Thread 21,5,main]) started.
[        ] > Task :flutter_keyboard_visibility_temp_fork:prepareDebugArtProfile UP-TO-DATE
[        ] Caching disabled for task ':flutter_keyboard_visibility_temp_fork:prepareDebugArtProfile' because:
[        ]   Build cache is disabled
[        ]   Caching has been disabled for the task
[        ] Skipping task ':flutter_keyboard_visibility_temp_fork:prepareDebugArtProfile' as it is up-to-date.
[        ] Resolve mutations for :flutter_keyboard_visibility_temp_fork:prepareLintJarForPublish (Thread[#42485,Execution worker Thread 21,5,main]) started.
[        ] :flutter_keyboard_visibility_temp_fork:prepareLintJarForPublish (Thread[#42485,Execution worker Thread 21,5,main]) started.
[        ] > Task :flutter_keyboard_visibility_temp_fork:prepareLintJarForPublish UP-TO-DATE
[        ] Caching disabled for task ':flutter_keyboard_visibility_temp_fork:prepareLintJarForPublish' because:
[        ]   Build cache is disabled
[        ]   Caching has been disabled for the task
[        ] Skipping task ':flutter_keyboard_visibility_temp_fork:prepareLintJarForPublish' as it is up-to-date.
[        ] Resolve mutations for :flutter_keyboard_visibility_temp_fork:mergeDebugJavaResource (Thread[#42485,Execution worker Thread 21,5,main]) started.
[        ] :flutter_keyboard_visibility_temp_fork:mergeDebugJavaResource (Thread[#42485,Execution worker Thread 21,5,main]) started.
[        ] > Task :flutter_keyboard_visibility_temp_fork:mergeDebugJavaResource UP-TO-DATE
[        ] Caching disabled for task ':flutter_keyboard_visibility_temp_fork:mergeDebugJavaResource' because:
[        ]   Build cache is disabled
[        ]   Caching has been disabled for the task
[        ] Skipping task ':flutter_keyboard_visibility_temp_fork:mergeDebugJavaResource' as it is up-to-date.
[        ] Resolve mutations for :flutter_keyboard_visibility_temp_fork:syncDebugLibJars (Thread[#42485,Execution worker Thread 21,5,main]) started.
[        ] :flutter_keyboard_visibility_temp_fork:syncDebugLibJars (Thread[#42485,Execution worker Thread 21,5,main]) started.
[        ] > Task :flutter_keyboard_visibility_temp_fork:syncDebugLibJars UP-TO-DATE
[        ] Caching disabled for task ':flutter_keyboard_visibility_temp_fork:syncDebugLibJars' because:
[        ]   Build cache is disabled
[        ] Skipping task ':flutter_keyboard_visibility_temp_fork:syncDebugLibJars' as it is up-to-date.
[        ] Resolve mutations for :flutter_keyboard_visibility_temp_fork:bundleDebugAar (Thread[#42485,Execution worker Thread 21,5,main]) started.
[        ] :flutter_keyboard_visibility_temp_fork:bundleDebugAar (Thread[#42485,Execution worker Thread 21,5,main]) started.
[        ] > Task :flutter_keyboard_visibility_temp_fork:bundleDebugAar UP-TO-DATE
[        ] Caching disabled for task ':flutter_keyboard_visibility_temp_fork:bundleDebugAar' because:
[        ]   Build cache is disabled
[        ]   Caching has been disabled for the task
[        ] Skipping task ':flutter_keyboard_visibility_temp_fork:bundleDebugAar' as it is up-to-date.
[        ] Resolve mutations for :flutter_keyboard_visibility_temp_fork:assembleDebug (Thread[#42485,Execution worker Thread 21,5,main]) started.
[        ] :flutter_keyboard_visibility_temp_fork:assembleDebug (Thread[#42485,Execution worker Thread 21,5,main]) started.
[        ] > Task :flutter_keyboard_visibility_temp_fork:assembleDebug UP-TO-DATE
[        ] Skipping task ':flutter_keyboard_visibility_temp_fork:assembleDebug' as it has no actions.
[        ] Resolve mutations for :flutter_native_splash:stripDebugDebugSymbols (Thread[#42485,Execution worker Thread 21,5,main]) started.
[        ] :flutter_native_splash:stripDebugDebugSymbols (Thread[#42485,Execution worker Thread 21,5,main]) started.
[        ] > Task :flutter_native_splash:stripDebugDebugSymbols NO-SOURCE
[        ] Skipping task ':flutter_native_splash:stripDebugDebugSymbols' as it has no source files and no previous output files.
[        ] Resolve mutations for :flutter_native_splash:copyDebugJniLibsProjectAndLocalJars (Thread[#42485,Execution worker Thread 21,5,main]) started.
[        ] :flutter_native_splash:copyDebugJniLibsProjectAndLocalJars (Thread[#42485,Execution worker Thread 21,5,main]) started.
[        ] > Task :flutter_native_splash:copyDebugJniLibsProjectAndLocalJars UP-TO-DATE
[        ] Caching disabled for task ':flutter_native_splash:copyDebugJniLibsProjectAndLocalJars' because:
[        ]   Build cache is disabled
[        ]   Caching has been disabled for the task
[        ] Skipping task ':flutter_native_splash:copyDebugJniLibsProjectAndLocalJars' as it is up-to-date.
[        ] Resolve mutations for :flutter_native_splash:extractDebugAnnotations (Thread[#42485,Execution worker Thread 21,5,main]) started.
[        ] :flutter_native_splash:extractDebugAnnotations (Thread[#42485,Execution worker Thread 21,5,main]) started.
[        ] > Task :flutter_native_splash:extractDebugAnnotations UP-TO-DATE
[        ] Caching disabled for task ':flutter_native_splash:extractDebugAnnotations' because:
[        ]   Build cache is disabled
[        ] Skipping task ':flutter_native_splash:extractDebugAnnotations' as it is up-to-date.
[        ] Resolve mutations for :flutter_native_splash:extractDeepLinksForAarDebug (Thread[#42485,Execution worker Thread 21,5,main]) started.
[        ] :flutter_native_splash:extractDeepLinksForAarDebug (Thread[#42485,Execution worker Thread 21,5,main]) started.
[        ] > Task :flutter_native_splash:extractDeepLinksForAarDebug UP-TO-DATE
[        ] Caching disabled for task ':flutter_native_splash:extractDeepLinksForAarDebug' because:
[        ]   Build cache is disabled
[        ] Skipping task ':flutter_native_splash:extractDeepLinksForAarDebug' as it is up-to-date.
[        ] Resolve mutations for :flutter_native_splash:mergeDebugGeneratedProguardFiles (Thread[#42485,Execution worker Thread 21,5,main]) started.
[        ] :flutter_native_splash:mergeDebugGeneratedProguardFiles (Thread[#42485,Execution worker Thread 21,5,main]) started.
[        ] > Task :flutter_native_splash:mergeDebugGeneratedProguardFiles UP-TO-DATE
[        ] Caching disabled for task ':flutter_native_splash:mergeDebugGeneratedProguardFiles' because:
[        ]   Build cache is disabled
[        ]   Simple merging task
[        ] Skipping task ':flutter_native_splash:mergeDebugGeneratedProguardFiles' as it is up-to-date.
[        ] Resolve mutations for :flutter_native_splash:mergeDebugConsumerProguardFiles (Thread[#42485,Execution worker Thread 21,5,main]) started.
[        ] :flutter_native_splash:mergeDebugConsumerProguardFiles (Thread[#42485,Execution worker Thread 21,5,main]) started.
[        ] > Task :flutter_native_splash:mergeDebugConsumerProguardFiles UP-TO-DATE
[        ] Caching disabled for task ':flutter_native_splash:mergeDebugConsumerProguardFiles' because:
[        ]   Build cache is disabled
[        ]   Simple merging task
[        ] Skipping task ':flutter_native_splash:mergeDebugConsumerProguardFiles' as it is up-to-date.
[        ] Resolve mutations for :flutter_native_splash:prepareDebugArtProfile (Thread[#42485,Execution worker Thread 21,5,main]) started.
[        ] :flutter_native_splash:prepareDebugArtProfile (Thread[#42485,Execution worker Thread 21,5,main]) started.
[        ] > Task :flutter_native_splash:prepareDebugArtProfile UP-TO-DATE
[        ] Caching disabled for task ':flutter_native_splash:prepareDebugArtProfile' because:
[        ]   Build cache is disabled
[        ]   Caching has been disabled for the task
[        ] Skipping task ':flutter_native_splash:prepareDebugArtProfile' as it is up-to-date.
[        ] Resolve mutations for :flutter_native_splash:prepareLintJarForPublish (Thread[#42485,Execution worker Thread 21,5,main]) started.
[        ] :flutter_native_splash:prepareLintJarForPublish (Thread[#42485,Execution worker Thread 21,5,main]) started.
[        ] > Task :flutter_native_splash:prepareLintJarForPublish UP-TO-DATE
[        ] Caching disabled for task ':flutter_native_splash:prepareLintJarForPublish' because:
[        ]   Build cache is disabled
[        ]   Caching has been disabled for the task
[        ] Skipping task ':flutter_native_splash:prepareLintJarForPublish' as it is up-to-date.
[        ] Resolve mutations for :flutter_native_splash:mergeDebugJavaResource (Thread[#42485,Execution worker Thread 21,5,main]) started.
[        ] :flutter_native_splash:mergeDebugJavaResource (Thread[#42485,Execution worker Thread 21,5,main]) started.
[        ] > Task :flutter_native_splash:mergeDebugJavaResource UP-TO-DATE
[        ] Caching disabled for task ':flutter_native_splash:mergeDebugJavaResource' because:
[        ]   Build cache is disabled
[        ]   Caching has been disabled for the task
[        ] Skipping task ':flutter_native_splash:mergeDebugJavaResource' as it is up-to-date.
[        ] Resolve mutations for :flutter_native_splash:syncDebugLibJars (Thread[#42485,Execution worker Thread 21,5,main]) started.
[        ] :flutter_native_splash:syncDebugLibJars (Thread[#42485,Execution worker Thread 21,5,main]) started.
[        ] > Task :flutter_native_splash:syncDebugLibJars UP-TO-DATE
[        ] Caching disabled for task ':flutter_native_splash:syncDebugLibJars' because:
[        ]   Build cache is disabled
[        ] Skipping task ':flutter_native_splash:syncDebugLibJars' as it is up-to-date.
[        ] Resolve mutations for :flutter_native_splash:bundleDebugAar (Thread[#42485,Execution worker Thread 21,5,main]) started.
[        ] :flutter_native_splash:bundleDebugAar (Thread[#42485,Execution worker Thread 21,5,main]) started.
[        ] > Task :flutter_native_splash:bundleDebugAar UP-TO-DATE
[        ] Caching disabled for task ':flutter_native_splash:bundleDebugAar' because:
[        ]   Build cache is disabled
[        ]   Caching has been disabled for the task
[        ] Skipping task ':flutter_native_splash:bundleDebugAar' as it is up-to-date.
[        ] Resolve mutations for :flutter_native_splash:assembleDebug (Thread[#42485,Execution worker Thread 21,5,main]) started.
[        ] :flutter_native_splash:assembleDebug (Thread[#42485,Execution worker Thread 21,5,main]) started.
[        ] > Task :flutter_native_splash:assembleDebug UP-TO-DATE
[        ] Skipping task ':flutter_native_splash:assembleDebug' as it has no actions.
[        ] Resolve mutations for :flutter_olm:stripDebugDebugSymbols (Thread[#42485,Execution worker Thread 21,5,main]) started.
[        ] :flutter_olm:stripDebugDebugSymbols (Thread[#42485,Execution worker Thread 21,5,main]) started.
[        ] > Task :flutter_olm:stripDebugDebugSymbols UP-TO-DATE
[        ] Caching disabled for task ':flutter_olm:stripDebugDebugSymbols' because:
[        ]   Build cache is disabled
[        ]   Caching has been disabled for the task
[        ] Skipping task ':flutter_olm:stripDebugDebugSymbols' as it is up-to-date.
[        ] Resolve mutations for :flutter_olm:copyDebugJniLibsProjectAndLocalJars (Thread[#42485,Execution worker Thread 21,5,main]) started.
[        ] :flutter_olm:copyDebugJniLibsProjectAndLocalJars (Thread[#42485,Execution worker Thread 21,5,main]) started.
[        ] > Task :flutter_olm:copyDebugJniLibsProjectAndLocalJars UP-TO-DATE
[        ] Caching disabled for task ':flutter_olm:copyDebugJniLibsProjectAndLocalJars' because:
[        ]   Build cache is disabled
[        ]   Caching has been disabled for the task
[        ] Skipping task ':flutter_olm:copyDebugJniLibsProjectAndLocalJars' as it is up-to-date.
[        ] Resolve mutations for :flutter_olm:extractDebugAnnotations (Thread[#42485,Execution worker Thread 21,5,main]) started.
[        ] :flutter_olm:extractDebugAnnotations (Thread[#42485,Execution worker Thread 21,5,main]) started.
[        ] > Task :flutter_olm:extractDebugAnnotations UP-TO-DATE
[        ] Caching disabled for task ':flutter_olm:extractDebugAnnotations' because:
[        ]   Build cache is disabled
[        ] Skipping task ':flutter_olm:extractDebugAnnotations' as it is up-to-date.
[        ] Resolve mutations for :flutter_olm:extractDeepLinksForAarDebug (Thread[#42485,Execution worker Thread 21,5,main]) started.
[        ] :flutter_olm:extractDeepLinksForAarDebug (Thread[#42485,Execution worker Thread 21,5,main]) started.
[        ] > Task :flutter_olm:extractDeepLinksForAarDebug UP-TO-DATE
[        ] Caching disabled for task ':flutter_olm:extractDeepLinksForAarDebug' because:
[        ]   Build cache is disabled
[        ] Skipping task ':flutter_olm:extractDeepLinksForAarDebug' as it is up-to-date.
[        ] Resolve mutations for :flutter_olm:mergeDebugGeneratedProguardFiles (Thread[#42485,Execution worker Thread 21,5,main]) started.
[        ] :flutter_olm:mergeDebugGeneratedProguardFiles (Thread[#42485,Execution worker Thread 21,5,main]) started.
[        ] > Task :flutter_olm:mergeDebugGeneratedProguardFiles UP-TO-DATE
[        ] Caching disabled for task ':flutter_olm:mergeDebugGeneratedProguardFiles' because:
[        ]   Build cache is disabled
[        ]   Simple merging task
[        ] Skipping task ':flutter_olm:mergeDebugGeneratedProguardFiles' as it is up-to-date.
[        ] Resolve mutations for :flutter_olm:mergeDebugConsumerProguardFiles (Thread[#42485,Execution worker Thread 21,5,main]) started.
[        ] :flutter_olm:mergeDebugConsumerProguardFiles (Thread[#42485,Execution worker Thread 21,5,main]) started.
[        ] > Task :flutter_olm:mergeDebugConsumerProguardFiles UP-TO-DATE
[        ] Caching disabled for task ':flutter_olm:mergeDebugConsumerProguardFiles' because:
[        ]   Build cache is disabled
[        ]   Simple merging task
[        ] Skipping task ':flutter_olm:mergeDebugConsumerProguardFiles' as it is up-to-date.
[        ] Resolve mutations for :flutter_olm:prepareDebugArtProfile (Thread[#42485,Execution worker Thread 21,5,main]) started.
[        ] :flutter_olm:prepareDebugArtProfile (Thread[#42485,Execution worker Thread 21,5,main]) started.
[        ] > Task :flutter_olm:prepareDebugArtProfile UP-TO-DATE
[        ] Caching disabled for task ':flutter_olm:prepareDebugArtProfile' because:
[        ]   Build cache is disabled
[        ]   Caching has been disabled for the task
[        ] Skipping task ':flutter_olm:prepareDebugArtProfile' as it is up-to-date.
[        ] Resolve mutations for :flutter_olm:prepareLintJarForPublish (Thread[#42485,Execution worker Thread 21,5,main]) started.
[        ] :flutter_olm:prepareLintJarForPublish (Thread[#42485,Execution worker Thread 21,5,main]) started.
[        ] > Task :flutter_olm:prepareLintJarForPublish UP-TO-DATE
[        ] Caching disabled for task ':flutter_olm:prepareLintJarForPublish' because:
[        ]   Build cache is disabled
[        ]   Caching has been disabled for the task
[        ] Skipping task ':flutter_olm:prepareLintJarForPublish' as it is up-to-date.
[        ] Resolve mutations for :flutter_olm:mergeDebugJavaResource (Thread[#42485,Execution worker Thread 21,5,main]) started.
[        ] :flutter_olm:mergeDebugJavaResource (Thread[#42485,Execution worker Thread 21,5,main]) started.
[        ] > Task :flutter_olm:mergeDebugJavaResource UP-TO-DATE
[        ] Caching disabled for task ':flutter_olm:mergeDebugJavaResource' because:
[        ]   Build cache is disabled
[        ]   Caching has been disabled for the task
[        ] Skipping task ':flutter_olm:mergeDebugJavaResource' as it is up-to-date.
[        ] Resolve mutations for :flutter_olm:syncDebugLibJars (Thread[#42485,Execution worker Thread 21,5,main]) started.
[        ] :flutter_olm:syncDebugLibJars (Thread[#42485,Execution worker Thread 21,5,main]) started.
[        ] > Task :flutter_olm:syncDebugLibJars UP-TO-DATE
[        ] Caching disabled for task ':flutter_olm:syncDebugLibJars' because:
[        ]   Build cache is disabled
[        ] Skipping task ':flutter_olm:syncDebugLibJars' as it is up-to-date.
[        ] Resolve mutations for :flutter_olm:bundleDebugAar (Thread[#42485,Execution worker Thread 21,5,main]) started.
[        ] :flutter_olm:bundleDebugAar (Thread[#42485,Execution worker Thread 21,5,main]) started.
[        ] > Task :flutter_olm:bundleDebugAar UP-TO-DATE
[        ] Caching disabled for task ':flutter_olm:bundleDebugAar' because:
[        ]   Build cache is disabled
[        ]   Caching has been disabled for the task
[        ] Skipping task ':flutter_olm:bundleDebugAar' as it is up-to-date.
[        ] Resolve mutations for :flutter_olm:assembleDebug (Thread[#42485,Execution worker Thread 21,5,main]) started.
[        ] :flutter_olm:assembleDebug (Thread[#42485,Execution worker Thread 21,5,main]) started.
[        ] > Task :flutter_olm:assembleDebug UP-TO-DATE
[        ] Skipping task ':flutter_olm:assembleDebug' as it has no actions.
[        ] Resolve mutations for :flutter_openssl_crypto:stripDebugDebugSymbols (Thread[#42485,Execution worker Thread 21,5,main]) started.
[        ] :flutter_openssl_crypto:stripDebugDebugSymbols (Thread[#42485,Execution worker Thread 21,5,main]) started.
[        ] > Task :flutter_openssl_crypto:stripDebugDebugSymbols UP-TO-DATE
[        ] Caching disabled for task ':flutter_openssl_crypto:stripDebugDebugSymbols' because:
[        ]   Build cache is disabled
[        ]   Caching has been disabled for the task
[        ] Skipping task ':flutter_openssl_crypto:stripDebugDebugSymbols' as it is up-to-date.
[        ] Resolve mutations for :flutter_openssl_crypto:copyDebugJniLibsProjectAndLocalJars (Thread[#42485,Execution worker Thread 21,5,main]) started.
[        ] :flutter_openssl_crypto:copyDebugJniLibsProjectAndLocalJars (Thread[#42485,Execution worker Thread 21,5,main]) started.
[        ] > Task :flutter_openssl_crypto:copyDebugJniLibsProjectAndLocalJars UP-TO-DATE
[        ] Caching disabled for task ':flutter_openssl_crypto:copyDebugJniLibsProjectAndLocalJars' because:
[        ]   Build cache is disabled
[        ]   Caching has been disabled for the task
[        ] Skipping task ':flutter_openssl_crypto:copyDebugJniLibsProjectAndLocalJars' as it is up-to-date.
[        ] Resolve mutations for :flutter_openssl_crypto:extractDebugAnnotations (Thread[#42485,Execution worker Thread 21,5,main]) started.
[        ] :flutter_openssl_crypto:extractDebugAnnotations (Thread[#42485,Execution worker Thread 21,5,main]) started.
[        ] > Task :flutter_openssl_crypto:extractDebugAnnotations UP-TO-DATE
[        ] Caching disabled for task ':flutter_openssl_crypto:extractDebugAnnotations' because:
[        ]   Build cache is disabled
[        ] Skipping task ':flutter_openssl_crypto:extractDebugAnnotations' as it is up-to-date.
[        ] Resolve mutations for :flutter_openssl_crypto:extractDeepLinksForAarDebug (Thread[#42485,Execution worker Thread 21,5,main]) started.
[        ] :flutter_openssl_crypto:extractDeepLinksForAarDebug (Thread[#42485,Execution worker Thread 21,5,main]) started.
[        ] > Task :flutter_openssl_crypto:extractDeepLinksForAarDebug UP-TO-DATE
[        ] Caching disabled for task ':flutter_openssl_crypto:extractDeepLinksForAarDebug' because:
[        ]   Build cache is disabled
[        ] Skipping task ':flutter_openssl_crypto:extractDeepLinksForAarDebug' as it is up-to-date.
[        ] Resolve mutations for :flutter_openssl_crypto:mergeDebugGeneratedProguardFiles (Thread[#42485,Execution worker Thread 21,5,main]) started.
[        ] :flutter_openssl_crypto:mergeDebugGeneratedProguardFiles (Thread[#42485,Execution worker Thread 21,5,main]) started.
[        ] > Task :flutter_openssl_crypto:mergeDebugGeneratedProguardFiles UP-TO-DATE
[        ] Caching disabled for task ':flutter_openssl_crypto:mergeDebugGeneratedProguardFiles' because:
[        ]   Build cache is disabled
[        ]   Simple merging task
[        ] Skipping task ':flutter_openssl_crypto:mergeDebugGeneratedProguardFiles' as it is up-to-date.
[        ] Resolve mutations for :flutter_openssl_crypto:mergeDebugConsumerProguardFiles (Thread[#42485,Execution worker Thread 21,5,main]) started.
[        ] :flutter_openssl_crypto:mergeDebugConsumerProguardFiles (Thread[#42485,Execution worker Thread 21,5,main]) started.
[        ] > Task :flutter_openssl_crypto:mergeDebugConsumerProguardFiles UP-TO-DATE
[        ] Caching disabled for task ':flutter_openssl_crypto:mergeDebugConsumerProguardFiles' because:
[        ]   Build cache is disabled
[        ]   Simple merging task
[        ] Skipping task ':flutter_openssl_crypto:mergeDebugConsumerProguardFiles' as it is up-to-date.
[        ] Resolve mutations for :flutter_openssl_crypto:prepareDebugArtProfile (Thread[#42485,Execution worker Thread 21,5,main]) started.
[        ] :flutter_openssl_crypto:prepareDebugArtProfile (Thread[#42485,Execution worker Thread 21,5,main]) started.
[        ] > Task :flutter_openssl_crypto:prepareDebugArtProfile UP-TO-DATE
[        ] Caching disabled for task ':flutter_openssl_crypto:prepareDebugArtProfile' because:
[        ]   Build cache is disabled
[        ]   Caching has been disabled for the task
[        ] Skipping task ':flutter_openssl_crypto:prepareDebugArtProfile' as it is up-to-date.
[        ] Resolve mutations for :flutter_openssl_crypto:prepareLintJarForPublish (Thread[#42485,Execution worker Thread 21,5,main]) started.
[        ] :flutter_openssl_crypto:prepareLintJarForPublish (Thread[#42485,Execution worker Thread 21,5,main]) started.
[        ] > Task :flutter_openssl_crypto:prepareLintJarForPublish UP-TO-DATE
[        ] Caching disabled for task ':flutter_openssl_crypto:prepareLintJarForPublish' because:
[        ]   Build cache is disabled
[        ]   Caching has been disabled for the task
[        ] Skipping task ':flutter_openssl_crypto:prepareLintJarForPublish' as it is up-to-date.
[        ] Resolve mutations for :flutter_openssl_crypto:mergeDebugJavaResource (Thread[#42485,Execution worker Thread 21,5,main]) started.
[        ] :flutter_openssl_crypto:mergeDebugJavaResource (Thread[#42485,Execution worker Thread 21,5,main]) started.
[        ] > Task :flutter_openssl_crypto:mergeDebugJavaResource UP-TO-DATE
[        ] Caching disabled for task ':flutter_openssl_crypto:mergeDebugJavaResource' because:
[        ]   Build cache is disabled
[        ]   Caching has been disabled for the task
[        ] Skipping task ':flutter_openssl_crypto:mergeDebugJavaResource' as it is up-to-date.
[        ] Resolve mutations for :flutter_openssl_crypto:syncDebugLibJars (Thread[#42485,Execution worker Thread 21,5,main]) started.
[        ] :flutter_openssl_crypto:syncDebugLibJars (Thread[#42485,Execution worker Thread 21,5,main]) started.
[        ] > Task :flutter_openssl_crypto:syncDebugLibJars UP-TO-DATE
[        ] Caching disabled for task ':flutter_openssl_crypto:syncDebugLibJars' because:
[        ]   Build cache is disabled
[        ] Skipping task ':flutter_openssl_crypto:syncDebugLibJars' as it is up-to-date.
[        ] Resolve mutations for :flutter_openssl_crypto:bundleDebugAar (Thread[#42485,Execution worker Thread 21,5,main]) started.
[        ] :flutter_openssl_crypto:bundleDebugAar (Thread[#42485,Execution worker Thread 21,5,main]) started.
[        ] > Task :flutter_openssl_crypto:bundleDebugAar UP-TO-DATE
[        ] Caching disabled for task ':flutter_openssl_crypto:bundleDebugAar' because:
[        ]   Build cache is disabled
[        ]   Caching has been disabled for the task
[        ] Skipping task ':flutter_openssl_crypto:bundleDebugAar' as it is up-to-date.
[        ] Resolve mutations for :flutter_openssl_crypto:assembleDebug (Thread[#42485,Execution worker Thread 21,5,main]) started.
[        ] :flutter_openssl_crypto:assembleDebug (Thread[#42485,Execution worker Thread 21,5,main]) started.
[        ] > Task :flutter_openssl_crypto:assembleDebug UP-TO-DATE
[        ] Skipping task ':flutter_openssl_crypto:assembleDebug' as it has no actions.
[        ] Resolve mutations for :integration_test:stripDebugDebugSymbols (Thread[#42485,Execution worker Thread 21,5,main]) started.
[        ] :integration_test:stripDebugDebugSymbols (Thread[#42485,Execution worker Thread 21,5,main]) started.
[        ] > Task :integration_test:stripDebugDebugSymbols NO-SOURCE
[        ] Skipping task ':integration_test:stripDebugDebugSymbols' as it has no source files and no previous output files.
[        ] Resolve mutations for :integration_test:copyDebugJniLibsProjectAndLocalJars (Thread[#42485,Execution worker Thread 21,5,main]) started.
[        ] :integration_test:copyDebugJniLibsProjectAndLocalJars (Thread[#42485,Execution worker Thread 21,5,main]) started.
[        ] > Task :integration_test:copyDebugJniLibsProjectAndLocalJars UP-TO-DATE
[        ] Caching disabled for task ':integration_test:copyDebugJniLibsProjectAndLocalJars' because:
[        ]   Build cache is disabled
[        ]   Caching has been disabled for the task
[        ] Skipping task ':integration_test:copyDebugJniLibsProjectAndLocalJars' as it is up-to-date.
[        ] Resolve mutations for :integration_test:extractDebugAnnotations (Thread[#42485,Execution worker Thread 21,5,main]) started.
[        ] :integration_test:extractDebugAnnotations (Thread[#42485,Execution worker Thread 21,5,main]) started.
[        ] > Task :integration_test:extractDebugAnnotations UP-TO-DATE
[        ] Caching disabled for task ':integration_test:extractDebugAnnotations' because:
[        ]   Build cache is disabled
[        ] Skipping task ':integration_test:extractDebugAnnotations' as it is up-to-date.
[        ] Resolve mutations for :integration_test:extractDeepLinksForAarDebug (Thread[#42485,Execution worker Thread 21,5,main]) started.
[        ] :integration_test:extractDeepLinksForAarDebug (Thread[#42485,Execution worker Thread 21,5,main]) started.
[        ] > Task :integration_test:extractDeepLinksForAarDebug UP-TO-DATE
[        ] Caching disabled for task ':integration_test:extractDeepLinksForAarDebug' because:
[        ]   Build cache is disabled
[        ] Skipping task ':integration_test:extractDeepLinksForAarDebug' as it is up-to-date.
[        ] Resolve mutations for :integration_test:mergeDebugGeneratedProguardFiles (Thread[#42485,Execution worker Thread 21,5,main]) started.
[        ] :integration_test:mergeDebugGeneratedProguardFiles (Thread[#42485,Execution worker Thread 21,5,main]) started.
[        ] > Task :integration_test:mergeDebugGeneratedProguardFiles UP-TO-DATE
[        ] Caching disabled for task ':integration_test:mergeDebugGeneratedProguardFiles' because:
[        ]   Build cache is disabled
[        ]   Simple merging task
[        ] Skipping task ':integration_test:mergeDebugGeneratedProguardFiles' as it is up-to-date.
[        ] Resolve mutations for :integration_test:mergeDebugConsumerProguardFiles (Thread[#42485,Execution worker Thread 21,5,main]) started.
[        ] :integration_test:mergeDebugConsumerProguardFiles (Thread[#42485,Execution worker Thread 21,5,main]) started.
[        ] > Task :integration_test:mergeDebugConsumerProguardFiles UP-TO-DATE
[        ] Caching disabled for task ':integration_test:mergeDebugConsumerProguardFiles' because:
[        ]   Build cache is disabled
[        ]   Simple merging task
[        ] Skipping task ':integration_test:mergeDebugConsumerProguardFiles' as it is up-to-date.
[        ] Resolve mutations for :integration_test:prepareDebugArtProfile (Thread[#42485,Execution worker Thread 21,5,main]) started.
[        ] :integration_test:prepareDebugArtProfile (Thread[#42485,Execution worker Thread 21,5,main]) started.
[        ] > Task :integration_test:prepareDebugArtProfile UP-TO-DATE
[        ] Caching disabled for task ':integration_test:prepareDebugArtProfile' because:
[        ]   Build cache is disabled
[        ]   Caching has been disabled for the task
[        ] Skipping task ':integration_test:prepareDebugArtProfile' as it is up-to-date.
[        ] Resolve mutations for :integration_test:prepareLintJarForPublish (Thread[#42485,Execution worker Thread 21,5,main]) started.
[        ] :integration_test:prepareLintJarForPublish (Thread[#42485,Execution worker Thread 21,5,main]) started.
[        ] > Task :integration_test:prepareLintJarForPublish UP-TO-DATE
[        ] Caching disabled for task ':integration_test:prepareLintJarForPublish' because:
[        ]   Build cache is disabled
[        ]   Caching has been disabled for the task
[        ] Skipping task ':integration_test:prepareLintJarForPublish' as it is up-to-date.
[        ] Resolve mutations for :integration_test:mergeDebugJavaResource (Thread[#42485,Execution worker Thread 21,5,main]) started.
[        ] :integration_test:mergeDebugJavaResource (Thread[#42485,Execution worker Thread 21,5,main]) started.
[        ] > Task :integration_test:mergeDebugJavaResource UP-TO-DATE
[        ] Caching disabled for task ':integration_test:mergeDebugJavaResource' because:
[        ]   Build cache is disabled
[        ]   Caching has been disabled for the task
[        ] Skipping task ':integration_test:mergeDebugJavaResource' as it is up-to-date.
[        ] Resolve mutations for :integration_test:syncDebugLibJars (Thread[#42485,Execution worker Thread 21,5,main]) started.
[        ] :integration_test:syncDebugLibJars (Thread[#42485,Execution worker Thread 21,5,main]) started.
[        ] > Task :integration_test:syncDebugLibJars UP-TO-DATE
[        ] Caching disabled for task ':integration_test:syncDebugLibJars' because:
[        ]   Build cache is disabled
[        ] Skipping task ':integration_test:syncDebugLibJars' as it is up-to-date.
[        ] Resolve mutations for :integration_test:bundleDebugAar (Thread[#42485,Execution worker Thread 21,5,main]) started.
[        ] :integration_test:bundleDebugAar (Thread[#42485,Execution worker Thread 21,5,main]) started.
[        ] > Task :integration_test:bundleDebugAar UP-TO-DATE
[        ] Caching disabled for task ':integration_test:bundleDebugAar' because:
[        ]   Build cache is disabled
[        ]   Caching has been disabled for the task
[        ] Skipping task ':integration_test:bundleDebugAar' as it is up-to-date.
[        ] Resolve mutations for :integration_test:assembleDebug (Thread[#42485,Execution worker Thread 21,5,main]) started.
[        ] :integration_test:assembleDebug (Thread[#42485,Execution worker Thread 21,5,main]) started.
[        ] > Task :integration_test:assembleDebug UP-TO-DATE
[        ] Skipping task ':integration_test:assembleDebug' as it has no actions.
[        ] Resolve mutations for :path_provider_android:stripDebugDebugSymbols (Thread[#42485,Execution worker Thread 21,5,main]) started.
[        ] :path_provider_android:stripDebugDebugSymbols (Thread[#42485,Execution worker Thread 21,5,main]) started.
[        ] > Task :path_provider_android:stripDebugDebugSymbols NO-SOURCE
[        ] Skipping task ':path_provider_android:stripDebugDebugSymbols' as it has no source files and no previous output files.
[        ] Resolve mutations for :path_provider_android:copyDebugJniLibsProjectAndLocalJars (Thread[#42485,Execution worker Thread 21,5,main]) started.
[        ] :path_provider_android:copyDebugJniLibsProjectAndLocalJars (Thread[#42485,Execution worker Thread 21,5,main]) started.
[        ] > Task :path_provider_android:copyDebugJniLibsProjectAndLocalJars UP-TO-DATE
[        ] Caching disabled for task ':path_provider_android:copyDebugJniLibsProjectAndLocalJars' because:
[        ]   Build cache is disabled
[        ]   Caching has been disabled for the task
[        ] Skipping task ':path_provider_android:copyDebugJniLibsProjectAndLocalJars' as it is up-to-date.
[        ] Resolve mutations for :path_provider_android:extractDebugAnnotations (Thread[#42485,Execution worker Thread 21,5,main]) started.
[        ] :path_provider_android:extractDebugAnnotations (Thread[#42485,Execution worker Thread 21,5,main]) started.
[        ] > Task :path_provider_android:extractDebugAnnotations UP-TO-DATE
[        ] Caching disabled for task ':path_provider_android:extractDebugAnnotations' because:
[        ]   Build cache is disabled
[        ] Skipping task ':path_provider_android:extractDebugAnnotations' as it is up-to-date.
[        ] Resolve mutations for :path_provider_android:extractDeepLinksForAarDebug (Thread[#42485,Execution worker Thread 21,5,main]) started.
[        ] :path_provider_android:extractDeepLinksForAarDebug (Thread[#42485,Execution worker Thread 21,5,main]) started.
[        ] > Task :path_provider_android:extractDeepLinksForAarDebug UP-TO-DATE
[        ] Caching disabled for task ':path_provider_android:extractDeepLinksForAarDebug' because:
[        ]   Build cache is disabled
[        ] Skipping task ':path_provider_android:extractDeepLinksForAarDebug' as it is up-to-date.
[        ] Resolve mutations for :path_provider_android:mergeDebugGeneratedProguardFiles (Thread[#42485,Execution worker Thread 21,5,main]) started.
[        ] :path_provider_android:mergeDebugGeneratedProguardFiles (Thread[#42485,Execution worker Thread 21,5,main]) started.
[        ] > Task :path_provider_android:mergeDebugGeneratedProguardFiles UP-TO-DATE
[        ] Caching disabled for task ':path_provider_android:mergeDebugGeneratedProguardFiles' because:
[        ]   Build cache is disabled
[        ]   Simple merging task
[        ] Skipping task ':path_provider_android:mergeDebugGeneratedProguardFiles' as it is up-to-date.
[        ] Resolve mutations for :path_provider_android:mergeDebugConsumerProguardFiles (Thread[#42485,Execution worker Thread 21,5,main]) started.
[        ] :path_provider_android:mergeDebugConsumerProguardFiles (Thread[#42485,Execution worker Thread 21,5,main]) started.
[        ] > Task :path_provider_android:mergeDebugConsumerProguardFiles UP-TO-DATE
[        ] Caching disabled for task ':path_provider_android:mergeDebugConsumerProguardFiles' because:
[        ]   Build cache is disabled
[        ]   Simple merging task
[        ] Skipping task ':path_provider_android:mergeDebugConsumerProguardFiles' as it is up-to-date.
[        ] Resolve mutations for :path_provider_android:prepareDebugArtProfile (Thread[#42485,Execution worker Thread 21,5,main]) started.
[        ] :path_provider_android:prepareDebugArtProfile (Thread[#42485,Execution worker Thread 21,5,main]) started.
[        ] > Task :path_provider_android:prepareDebugArtProfile UP-TO-DATE
[        ] Caching disabled for task ':path_provider_android:prepareDebugArtProfile' because:
[        ]   Build cache is disabled
[        ]   Caching has been disabled for the task
[        ] Skipping task ':path_provider_android:prepareDebugArtProfile' as it is up-to-date.
[        ] Resolve mutations for :path_provider_android:prepareLintJarForPublish (Thread[#42485,Execution worker Thread 21,5,main]) started.
[        ] :path_provider_android:prepareLintJarForPublish (Thread[#42485,Execution worker Thread 21,5,main]) started.
[        ] > Task :path_provider_android:prepareLintJarForPublish UP-TO-DATE
[        ] Caching disabled for task ':path_provider_android:prepareLintJarForPublish' because:
[        ]   Build cache is disabled
[        ]   Caching has been disabled for the task
[        ] Skipping task ':path_provider_android:prepareLintJarForPublish' as it is up-to-date.
[        ] Resolve mutations for :path_provider_android:mergeDebugJavaResource (Thread[#42485,Execution worker Thread 21,5,main]) started.
[        ] :path_provider_android:mergeDebugJavaResource (Thread[#42485,Execution worker Thread 21,5,main]) started.
[        ] > Task :path_provider_android:mergeDebugJavaResource UP-TO-DATE
[        ] Caching disabled for task ':path_provider_android:mergeDebugJavaResource' because:
[        ]   Build cache is disabled
[        ]   Caching has been disabled for the task
[        ] Skipping task ':path_provider_android:mergeDebugJavaResource' as it is up-to-date.
[        ] Resolve mutations for :path_provider_android:syncDebugLibJars (Thread[#42485,Execution worker Thread 21,5,main]) started.
[        ] :path_provider_android:syncDebugLibJars (Thread[#42485,Execution worker Thread 21,5,main]) started.
[        ] > Task :path_provider_android:syncDebugLibJars UP-TO-DATE
[        ] Caching disabled for task ':path_provider_android:syncDebugLibJars' because:
[        ]   Build cache is disabled
[        ] Skipping task ':path_provider_android:syncDebugLibJars' as it is up-to-date.
[        ] Resolve mutations for :path_provider_android:bundleDebugAar (Thread[#42485,Execution worker Thread 21,5,main]) started.
[        ] :path_provider_android:bundleDebugAar (Thread[#42485,Execution worker Thread 21,5,main]) started.
[        ] > Task :path_provider_android:bundleDebugAar UP-TO-DATE
[        ] Caching disabled for task ':path_provider_android:bundleDebugAar' because:
[        ]   Build cache is disabled
[        ]   Caching has been disabled for the task
[        ] Skipping task ':path_provider_android:bundleDebugAar' as it is up-to-date.
[        ] Resolve mutations for :path_provider_android:assembleDebug (Thread[#42485,Execution worker Thread 21,5,main]) started.
[        ] :path_provider_android:assembleDebug (Thread[#42485,Execution worker Thread 21,5,main]) started.
[        ] > Task :path_provider_android:assembleDebug UP-TO-DATE
[        ] Skipping task ':path_provider_android:assembleDebug' as it has no actions.
[        ] Resolve mutations for :quill_native_bridge_android:stripDebugDebugSymbols (Thread[#42485,Execution worker Thread 21,5,main]) started.
[        ] :quill_native_bridge_android:stripDebugDebugSymbols (Thread[#42485,Execution worker Thread 21,5,main]) started.
[        ] > Task :quill_native_bridge_android:stripDebugDebugSymbols NO-SOURCE
[        ] Skipping task ':quill_native_bridge_android:stripDebugDebugSymbols' as it has no source files and no previous output files.
[        ] Resolve mutations for :quill_native_bridge_android:copyDebugJniLibsProjectAndLocalJars (Thread[#42485,Execution worker Thread 21,5,main]) started.
[        ] :quill_native_bridge_android:copyDebugJniLibsProjectAndLocalJars (Thread[#42485,Execution worker Thread 21,5,main]) started.
[        ] > Task :quill_native_bridge_android:copyDebugJniLibsProjectAndLocalJars UP-TO-DATE
[        ] Caching disabled for task ':quill_native_bridge_android:copyDebugJniLibsProjectAndLocalJars' because:
[        ]   Build cache is disabled
[        ]   Caching has been disabled for the task
[        ] Skipping task ':quill_native_bridge_android:copyDebugJniLibsProjectAndLocalJars' as it is up-to-date.
[        ] Resolve mutations for :quill_native_bridge_android:extractDebugAnnotations (Thread[#42485,Execution worker Thread 21,5,main]) started.
[        ] :quill_native_bridge_android:extractDebugAnnotations (Thread[#42485,Execution worker Thread 21,5,main]) started.
[        ] > Task :quill_native_bridge_android:extractDebugAnnotations UP-TO-DATE
[        ] Caching disabled for task ':quill_native_bridge_android:extractDebugAnnotations' because:
[        ]   Build cache is disabled
[        ] Skipping task ':quill_native_bridge_android:extractDebugAnnotations' as it is up-to-date.
[        ] Resolve mutations for :quill_native_bridge_android:extractDeepLinksForAarDebug (Thread[#42485,Execution worker Thread 21,5,main]) started.
[        ] :quill_native_bridge_android:extractDeepLinksForAarDebug (Thread[#42485,Execution worker Thread 21,5,main]) started.
[        ] > Task :quill_native_bridge_android:extractDeepLinksForAarDebug UP-TO-DATE
[        ] Caching disabled for task ':quill_native_bridge_android:extractDeepLinksForAarDebug' because:
[        ]   Build cache is disabled
[        ] Skipping task ':quill_native_bridge_android:extractDeepLinksForAarDebug' as it is up-to-date.
[        ] Resolve mutations for :quill_native_bridge_android:mergeDebugGeneratedProguardFiles (Thread[#42485,Execution worker Thread 21,5,main]) started.
[        ] :quill_native_bridge_android:mergeDebugGeneratedProguardFiles (Thread[#42485,Execution worker Thread 21,5,main]) started.
[        ] > Task :quill_native_bridge_android:mergeDebugGeneratedProguardFiles UP-TO-DATE
[        ] Caching disabled for task ':quill_native_bridge_android:mergeDebugGeneratedProguardFiles' because:
[        ]   Build cache is disabled
[        ]   Simple merging task
[        ] Skipping task ':quill_native_bridge_android:mergeDebugGeneratedProguardFiles' as it is up-to-date.
[        ] Resolve mutations for :quill_native_bridge_android:mergeDebugConsumerProguardFiles (Thread[#42485,Execution worker Thread 21,5,main]) started.
[        ] :quill_native_bridge_android:mergeDebugConsumerProguardFiles (Thread[#42485,Execution worker Thread 21,5,main]) started.
[        ] > Task :quill_native_bridge_android:mergeDebugConsumerProguardFiles UP-TO-DATE
[        ] Caching disabled for task ':quill_native_bridge_android:mergeDebugConsumerProguardFiles' because:
[        ]   Build cache is disabled
[        ]   Simple merging task
[        ] Skipping task ':quill_native_bridge_android:mergeDebugConsumerProguardFiles' as it is up-to-date.
[        ] Resolve mutations for :quill_native_bridge_android:prepareDebugArtProfile (Thread[#42485,Execution worker Thread 21,5,main]) started.
[        ] :quill_native_bridge_android:prepareDebugArtProfile (Thread[#42485,Execution worker Thread 21,5,main]) started.
[        ] > Task :quill_native_bridge_android:prepareDebugArtProfile UP-TO-DATE
[        ] Caching disabled for task ':quill_native_bridge_android:prepareDebugArtProfile' because:
[        ]   Build cache is disabled
[        ]   Caching has been disabled for the task
[        ] Skipping task ':quill_native_bridge_android:prepareDebugArtProfile' as it is up-to-date.
[        ] Resolve mutations for :quill_native_bridge_android:prepareLintJarForPublish (Thread[#42485,Execution worker Thread 21,5,main]) started.
[        ] :quill_native_bridge_android:prepareLintJarForPublish (Thread[#42485,Execution worker Thread 21,5,main]) started.
[        ] > Task :quill_native_bridge_android:prepareLintJarForPublish UP-TO-DATE
[        ] Caching disabled for task ':quill_native_bridge_android:prepareLintJarForPublish' because:
[        ]   Build cache is disabled
[        ]   Caching has been disabled for the task
[        ] Skipping task ':quill_native_bridge_android:prepareLintJarForPublish' as it is up-to-date.
[        ] Resolve mutations for :quill_native_bridge_android:mergeDebugJavaResource (Thread[#42485,Execution worker Thread 21,5,main]) started.
[        ] :quill_native_bridge_android:mergeDebugJavaResource (Thread[#42485,Execution worker Thread 21,5,main]) started.
[        ] > Task :quill_native_bridge_android:mergeDebugJavaResource UP-TO-DATE
[        ] Caching disabled for task ':quill_native_bridge_android:mergeDebugJavaResource' because:
[        ]   Build cache is disabled
[        ]   Caching has been disabled for the task
[        ] Skipping task ':quill_native_bridge_android:mergeDebugJavaResource' as it is up-to-date.
[        ] Resolve mutations for :quill_native_bridge_android:syncDebugLibJars (Thread[#42485,Execution worker Thread 21,5,main]) started.
[        ] :quill_native_bridge_android:syncDebugLibJars (Thread[#42485,Execution worker Thread 21,5,main]) started.
[        ] > Task :quill_native_bridge_android:syncDebugLibJars UP-TO-DATE
[        ] Caching disabled for task ':quill_native_bridge_android:syncDebugLibJars' because:
[        ]   Build cache is disabled
[        ] Skipping task ':quill_native_bridge_android:syncDebugLibJars' as it is up-to-date.
[        ] Resolve mutations for :quill_native_bridge_android:bundleDebugAar (Thread[#42485,Execution worker Thread 21,5,main]) started.
[        ] :quill_native_bridge_android:bundleDebugAar (Thread[#42485,Execution worker Thread 21,5,main]) started.
[        ] > Task :quill_native_bridge_android:bundleDebugAar UP-TO-DATE
[        ] Caching disabled for task ':quill_native_bridge_android:bundleDebugAar' because:
[        ]   Build cache is disabled
[        ]   Caching has been disabled for the task
[        ] Skipping task ':quill_native_bridge_android:bundleDebugAar' as it is up-to-date.
[        ] Resolve mutations for :quill_native_bridge_android:assembleDebug (Thread[#42485,Execution worker Thread 21,5,main]) started.
[        ] :quill_native_bridge_android:assembleDebug (Thread[#42485,Execution worker Thread 21,5,main]) started.
[        ] > Task :quill_native_bridge_android:assembleDebug UP-TO-DATE
[        ] Skipping task ':quill_native_bridge_android:assembleDebug' as it has no actions.
[        ] Resolve mutations for :shared_preferences_android:stripDebugDebugSymbols (Thread[#42485,Execution worker Thread 21,5,main]) started.
[        ] :shared_preferences_android:stripDebugDebugSymbols (Thread[#42485,Execution worker Thread 21,5,main]) started.
[        ] > Task :shared_preferences_android:stripDebugDebugSymbols NO-SOURCE
[        ] Skipping task ':shared_preferences_android:stripDebugDebugSymbols' as it has no source files and no previous output files.
[        ] Resolve mutations for :shared_preferences_android:copyDebugJniLibsProjectAndLocalJars (Thread[#42485,Execution worker Thread 21,5,main]) started.
[        ] :shared_preferences_android:copyDebugJniLibsProjectAndLocalJars (Thread[#42485,Execution worker Thread 21,5,main]) started.
[        ] > Task :shared_preferences_android:copyDebugJniLibsProjectAndLocalJars UP-TO-DATE
[        ] Caching disabled for task ':shared_preferences_android:copyDebugJniLibsProjectAndLocalJars' because:
[        ]   Build cache is disabled
[        ]   Caching has been disabled for the task
[        ] Skipping task ':shared_preferences_android:copyDebugJniLibsProjectAndLocalJars' as it is up-to-date.
[        ] Resolve mutations for :shared_preferences_android:extractDebugAnnotations (Thread[#42485,Execution worker Thread 21,5,main]) started.
[        ] :shared_preferences_android:extractDebugAnnotations (Thread[#42485,Execution worker Thread 21,5,main]) started.
[        ] > Task :shared_preferences_android:extractDebugAnnotations UP-TO-DATE
[        ] Caching disabled for task ':shared_preferences_android:extractDebugAnnotations' because:
[        ]   Build cache is disabled
[        ] Skipping task ':shared_preferences_android:extractDebugAnnotations' as it is up-to-date.
[        ] Resolve mutations for :shared_preferences_android:extractDeepLinksForAarDebug (Thread[#42485,Execution worker Thread 21,5,main]) started.
[        ] :shared_preferences_android:extractDeepLinksForAarDebug (Thread[#42485,Execution worker Thread 21,5,main]) started.
[        ] > Task :shared_preferences_android:extractDeepLinksForAarDebug UP-TO-DATE
[        ] Caching disabled for task ':shared_preferences_android:extractDeepLinksForAarDebug' because:
[        ]   Build cache is disabled
[        ] Skipping task ':shared_preferences_android:extractDeepLinksForAarDebug' as it is up-to-date.
[        ] Resolve mutations for :shared_preferences_android:mergeDebugGeneratedProguardFiles (Thread[#42485,Execution worker Thread 21,5,main]) started.
[        ] :shared_preferences_android:mergeDebugGeneratedProguardFiles (Thread[#42485,Execution worker Thread 21,5,main]) started.
[        ] > Task :shared_preferences_android:mergeDebugGeneratedProguardFiles UP-TO-DATE
[        ] Caching disabled for task ':shared_preferences_android:mergeDebugGeneratedProguardFiles' because:
[        ]   Build cache is disabled
[        ]   Simple merging task
[        ] Skipping task ':shared_preferences_android:mergeDebugGeneratedProguardFiles' as it is up-to-date.
[        ] Resolve mutations for :shared_preferences_android:mergeDebugConsumerProguardFiles (Thread[#42485,Execution worker Thread 21,5,main]) started.
[        ] :shared_preferences_android:mergeDebugConsumerProguardFiles (Thread[#42485,Execution worker Thread 21,5,main]) started.
[        ] > Task :shared_preferences_android:mergeDebugConsumerProguardFiles UP-TO-DATE
[        ] Caching disabled for task ':shared_preferences_android:mergeDebugConsumerProguardFiles' because:
[        ]   Build cache is disabled
[        ]   Simple merging task
[        ] Skipping task ':shared_preferences_android:mergeDebugConsumerProguardFiles' as it is up-to-date.
[        ] Resolve mutations for :shared_preferences_android:prepareDebugArtProfile (Thread[#42485,Execution worker Thread 21,5,main]) started.
[        ] :shared_preferences_android:prepareDebugArtProfile (Thread[#42485,Execution worker Thread 21,5,main]) started.
[        ] > Task :shared_preferences_android:prepareDebugArtProfile UP-TO-DATE
[        ] Caching disabled for task ':shared_preferences_android:prepareDebugArtProfile' because:
[        ]   Build cache is disabled
[        ]   Caching has been disabled for the task
[        ] Skipping task ':shared_preferences_android:prepareDebugArtProfile' as it is up-to-date.
[        ] Resolve mutations for :shared_preferences_android:prepareLintJarForPublish (Thread[#42485,Execution worker Thread 21,5,main]) started.
[        ] :shared_preferences_android:prepareLintJarForPublish (Thread[#42485,Execution worker Thread 21,5,main]) started.
[        ] > Task :shared_preferences_android:prepareLintJarForPublish UP-TO-DATE
[        ] Caching disabled for task ':shared_preferences_android:prepareLintJarForPublish' because:
[        ]   Build cache is disabled
[        ]   Caching has been disabled for the task
[        ] Skipping task ':shared_preferences_android:prepareLintJarForPublish' as it is up-to-date.
[        ] Resolve mutations for :shared_preferences_android:mergeDebugJavaResource (Thread[#42485,Execution worker Thread 21,5,main]) started.
[        ] :shared_preferences_android:mergeDebugJavaResource (Thread[#42485,Execution worker Thread 21,5,main]) started.
[        ] > Task :shared_preferences_android:mergeDebugJavaResource UP-TO-DATE
[        ] Caching disabled for task ':shared_preferences_android:mergeDebugJavaResource' because:
[        ]   Build cache is disabled
[        ]   Caching has been disabled for the task
[        ] Skipping task ':shared_preferences_android:mergeDebugJavaResource' as it is up-to-date.
[        ] Resolve mutations for :shared_preferences_android:syncDebugLibJars (Thread[#42485,Execution worker Thread 21,5,main]) started.
[        ] :shared_preferences_android:syncDebugLibJars (Thread[#42485,Execution worker Thread 21,5,main]) started.
[        ] > Task :shared_preferences_android:syncDebugLibJars UP-TO-DATE
[        ] Caching disabled for task ':shared_preferences_android:syncDebugLibJars' because:
[        ]   Build cache is disabled
[        ] Skipping task ':shared_preferences_android:syncDebugLibJars' as it is up-to-date.
[        ] Resolve mutations for :shared_preferences_android:bundleDebugAar (Thread[#42485,Execution worker Thread 21,5,main]) started.
[        ] :shared_preferences_android:bundleDebugAar (Thread[#42485,Execution worker Thread 21,5,main]) started.
[        ] > Task :shared_preferences_android:bundleDebugAar UP-TO-DATE
[        ] Caching disabled for task ':shared_preferences_android:bundleDebugAar' because:
[        ]   Build cache is disabled
[        ]   Caching has been disabled for the task
[        ] Skipping task ':shared_preferences_android:bundleDebugAar' as it is up-to-date.
[        ] Resolve mutations for :shared_preferences_android:assembleDebug (Thread[#42485,Execution worker Thread 21,5,main]) started.
[        ] :shared_preferences_android:assembleDebug (Thread[#42485,Execution worker Thread 21,5,main]) started.
[        ] > Task :shared_preferences_android:assembleDebug UP-TO-DATE
[        ] Skipping task ':shared_preferences_android:assembleDebug' as it has no actions.
[        ] Resolve mutations for :sqflite_android:stripDebugDebugSymbols (Thread[#42485,Execution worker Thread 21,5,main]) started.
[        ] :sqflite_android:stripDebugDebugSymbols (Thread[#42467,Execution worker Thread 4,5,main]) started.
[        ] > Task :sqflite_android:stripDebugDebugSymbols NO-SOURCE
[        ] Skipping task ':sqflite_android:stripDebugDebugSymbols' as it has no source files and no previous output files.
[        ] Resolve mutations for :sqflite_android:copyDebugJniLibsProjectAndLocalJars (Thread[#42467,Execution worker Thread 4,5,main]) started.
[        ] :sqflite_android:copyDebugJniLibsProjectAndLocalJars (Thread[#42467,Execution worker Thread 4,5,main]) started.
[        ] > Task :sqflite_android:copyDebugJniLibsProjectAndLocalJars UP-TO-DATE
[        ] Caching disabled for task ':sqflite_android:copyDebugJniLibsProjectAndLocalJars' because:
[        ]   Build cache is disabled
[        ]   Caching has been disabled for the task
[        ] Skipping task ':sqflite_android:copyDebugJniLibsProjectAndLocalJars' as it is up-to-date.
[        ] Resolve mutations for :sqflite_android:extractDebugAnnotations (Thread[#42467,Execution worker Thread 4,5,main]) started.
[        ] :sqflite_android:extractDebugAnnotations (Thread[#42467,Execution worker Thread 4,5,main]) started.
[        ] > Task :sqflite_android:extractDebugAnnotations UP-TO-DATE
[        ] Caching disabled for task ':sqflite_android:extractDebugAnnotations' because:
[        ]   Build cache is disabled
[        ] Skipping task ':sqflite_android:extractDebugAnnotations' as it is up-to-date.
[        ] Resolve mutations for :sqflite_android:extractDeepLinksForAarDebug (Thread[#42467,Execution worker Thread 4,5,main]) started.
[        ] :sqflite_android:extractDeepLinksForAarDebug (Thread[#42467,Execution worker Thread 4,5,main]) started.
[        ] > Task :sqflite_android:extractDeepLinksForAarDebug UP-TO-DATE
[        ] Caching disabled for task ':sqflite_android:extractDeepLinksForAarDebug' because:
[        ]   Build cache is disabled
[        ] Skipping task ':sqflite_android:extractDeepLinksForAarDebug' as it is up-to-date.
[        ] Resolve mutations for :sqflite_android:mergeDebugGeneratedProguardFiles (Thread[#42467,Execution worker Thread 4,5,main]) started.
[        ] :sqflite_android:mergeDebugGeneratedProguardFiles (Thread[#42467,Execution worker Thread 4,5,main]) started.
[        ] > Task :sqflite_android:mergeDebugGeneratedProguardFiles UP-TO-DATE
[        ] Caching disabled for task ':sqflite_android:mergeDebugGeneratedProguardFiles' because:
[        ]   Build cache is disabled
[        ]   Simple merging task
[        ] Skipping task ':sqflite_android:mergeDebugGeneratedProguardFiles' as it is up-to-date.
[        ] Resolve mutations for :sqflite_android:mergeDebugConsumerProguardFiles (Thread[#42467,Execution worker Thread 4,5,main]) started.
[        ] :sqflite_android:mergeDebugConsumerProguardFiles (Thread[#42467,Execution worker Thread 4,5,main]) started.
[        ] > Task :sqflite_android:mergeDebugConsumerProguardFiles UP-TO-DATE
[        ] Caching disabled for task ':sqflite_android:mergeDebugConsumerProguardFiles' because:
[        ]   Build cache is disabled
[        ]   Simple merging task
[        ] Skipping task ':sqflite_android:mergeDebugConsumerProguardFiles' as it is up-to-date.
[        ] Resolve mutations for :sqflite_android:prepareDebugArtProfile (Thread[#42467,Execution worker Thread 4,5,main]) started.
[        ] :sqflite_android:prepareDebugArtProfile (Thread[#42467,Execution worker Thread 4,5,main]) started.
[        ] > Task :sqflite_android:prepareDebugArtProfile UP-TO-DATE
[        ] Caching disabled for task ':sqflite_android:prepareDebugArtProfile' because:
[        ]   Build cache is disabled
[        ]   Caching has been disabled for the task
[        ] Skipping task ':sqflite_android:prepareDebugArtProfile' as it is up-to-date.
[        ] Resolve mutations for :sqflite_android:prepareLintJarForPublish (Thread[#42467,Execution worker Thread 4,5,main]) started.
[        ] :sqflite_android:prepareLintJarForPublish (Thread[#42467,Execution worker Thread 4,5,main]) started.
[        ] > Task :sqflite_android:prepareLintJarForPublish UP-TO-DATE
[        ] Caching disabled for task ':sqflite_android:prepareLintJarForPublish' because:
[        ]   Build cache is disabled
[        ]   Caching has been disabled for the task
[        ] Skipping task ':sqflite_android:prepareLintJarForPublish' as it is up-to-date.
[        ] Resolve mutations for :sqflite_android:mergeDebugJavaResource (Thread[#42467,Execution worker Thread 4,5,main]) started.
[        ] :sqflite_android:mergeDebugJavaResource (Thread[#42467,Execution worker Thread 4,5,main]) started.
[        ] > Task :sqflite_android:mergeDebugJavaResource UP-TO-DATE
[        ] Caching disabled for task ':sqflite_android:mergeDebugJavaResource' because:
[        ]   Build cache is disabled
[        ]   Caching has been disabled for the task
[        ] Skipping task ':sqflite_android:mergeDebugJavaResource' as it is up-to-date.
[        ] Resolve mutations for :sqflite_android:syncDebugLibJars (Thread[#42467,Execution worker Thread 4,5,main]) started.
[        ] :sqflite_android:syncDebugLibJars (Thread[#42467,Execution worker Thread 4,5,main]) started.
[        ] > Task :sqflite_android:syncDebugLibJars UP-TO-DATE
[        ] Caching disabled for task ':sqflite_android:syncDebugLibJars' because:
[        ]   Build cache is disabled
[        ] Skipping task ':sqflite_android:syncDebugLibJars' as it is up-to-date.
[        ] Resolve mutations for :sqflite_android:bundleDebugAar (Thread[#42467,Execution worker Thread 4,5,main]) started.
[        ] :sqflite_android:bundleDebugAar (Thread[#42467,Execution worker Thread 4,5,main]) started.
[        ] > Task :sqflite_android:bundleDebugAar UP-TO-DATE
[        ] Caching disabled for task ':sqflite_android:bundleDebugAar' because:
[        ]   Build cache is disabled
[        ]   Caching has been disabled for the task
[        ] Skipping task ':sqflite_android:bundleDebugAar' as it is up-to-date.
[        ] Resolve mutations for :sqflite_android:assembleDebug (Thread[#42467,Execution worker Thread 4,5,main]) started.
[        ] :sqflite_android:assembleDebug (Thread[#42467,Execution worker Thread 4,5,main]) started.
[        ] > Task :sqflite_android:assembleDebug UP-TO-DATE
[        ] Skipping task ':sqflite_android:assembleDebug' as it has no actions.
[        ] Resolve mutations for :url_launcher_android:stripDebugDebugSymbols (Thread[#42467,Execution worker Thread 4,5,main]) started.
[        ] :url_launcher_android:stripDebugDebugSymbols (Thread[#42467,Execution worker Thread 4,5,main]) started.
[        ] > Task :url_launcher_android:stripDebugDebugSymbols NO-SOURCE
[        ] Skipping task ':url_launcher_android:stripDebugDebugSymbols' as it has no source files and no previous output files.
[        ] Resolve mutations for :url_launcher_android:copyDebugJniLibsProjectAndLocalJars (Thread[#42467,Execution worker Thread 4,5,main]) started.
[        ] :url_launcher_android:copyDebugJniLibsProjectAndLocalJars (Thread[#42467,Execution worker Thread 4,5,main]) started.
[        ] > Task :url_launcher_android:copyDebugJniLibsProjectAndLocalJars UP-TO-DATE
[        ] Caching disabled for task ':url_launcher_android:copyDebugJniLibsProjectAndLocalJars' because:
[        ]   Build cache is disabled
[        ]   Caching has been disabled for the task
[        ] Skipping task ':url_launcher_android:copyDebugJniLibsProjectAndLocalJars' as it is up-to-date.
[        ] Resolve mutations for :url_launcher_android:extractDebugAnnotations (Thread[#42467,Execution worker Thread 4,5,main]) started.
[        ] :url_launcher_android:extractDebugAnnotations (Thread[#42467,Execution worker Thread 4,5,main]) started.
[        ] > Task :url_launcher_android:extractDebugAnnotations UP-TO-DATE
[        ] Caching disabled for task ':url_launcher_android:extractDebugAnnotations' because:
[        ]   Build cache is disabled
[        ] Skipping task ':url_launcher_android:extractDebugAnnotations' as it is up-to-date.
[        ] Resolve mutations for :url_launcher_android:extractDeepLinksForAarDebug (Thread[#42467,Execution worker Thread 4,5,main]) started.
[        ] :url_launcher_android:extractDeepLinksForAarDebug (Thread[#42467,Execution worker Thread 4,5,main]) started.
[        ] > Task :url_launcher_android:extractDeepLinksForAarDebug UP-TO-DATE
[        ] Caching disabled for task ':url_launcher_android:extractDeepLinksForAarDebug' because:
[        ]   Build cache is disabled
[        ] Skipping task ':url_launcher_android:extractDeepLinksForAarDebug' as it is up-to-date.
[        ] Resolve mutations for :url_launcher_android:mergeDebugGeneratedProguardFiles (Thread[#42467,Execution worker Thread 4,5,main]) started.
[        ] :url_launcher_android:mergeDebugGeneratedProguardFiles (Thread[#42467,Execution worker Thread 4,5,main]) started.
[        ] > Task :url_launcher_android:mergeDebugGeneratedProguardFiles UP-TO-DATE
[        ] Caching disabled for task ':url_launcher_android:mergeDebugGeneratedProguardFiles' because:
[        ]   Build cache is disabled
[        ]   Simple merging task
[        ] Skipping task ':url_launcher_android:mergeDebugGeneratedProguardFiles' as it is up-to-date.
[        ] Resolve mutations for :url_launcher_android:mergeDebugConsumerProguardFiles (Thread[#42467,Execution worker Thread 4,5,main]) started.
[        ] :url_launcher_android:mergeDebugConsumerProguardFiles (Thread[#42490,Execution worker Thread 26,5,main]) started.
[        ] > Task :url_launcher_android:mergeDebugConsumerProguardFiles UP-TO-DATE
[        ] Caching disabled for task ':url_launcher_android:mergeDebugConsumerProguardFiles' because:
[        ]   Build cache is disabled
[        ]   Simple merging task
[        ] Skipping task ':url_launcher_android:mergeDebugConsumerProguardFiles' as it is up-to-date.
[        ] Resolve mutations for :url_launcher_android:prepareDebugArtProfile (Thread[#42490,Execution worker Thread 26,5,main]) started.
[        ] :url_launcher_android:prepareDebugArtProfile (Thread[#42490,Execution worker Thread 26,5,main]) started.
[        ] > Task :url_launcher_android:prepareDebugArtProfile UP-TO-DATE
[        ] Caching disabled for task ':url_launcher_android:prepareDebugArtProfile' because:
[        ]   Build cache is disabled
[        ]   Caching has been disabled for the task
[        ] Skipping task ':url_launcher_android:prepareDebugArtProfile' as it is up-to-date.
[        ] Resolve mutations for :url_launcher_android:prepareLintJarForPublish (Thread[#42490,Execution worker Thread 26,5,main]) started.
[        ] :url_launcher_android:prepareLintJarForPublish (Thread[#42490,Execution worker Thread 26,5,main]) started.
[        ] > Task :url_launcher_android:prepareLintJarForPublish UP-TO-DATE
[        ] Caching disabled for task ':url_launcher_android:prepareLintJarForPublish' because:
[        ]   Build cache is disabled
[        ]   Caching has been disabled for the task
[        ] Skipping task ':url_launcher_android:prepareLintJarForPublish' as it is up-to-date.
[        ] Resolve mutations for :url_launcher_android:mergeDebugJavaResource (Thread[#42490,Execution worker Thread 26,5,main]) started.
[        ] :url_launcher_android:mergeDebugJavaResource (Thread[#42490,Execution worker Thread 26,5,main]) started.
[        ] > Task :url_launcher_android:mergeDebugJavaResource UP-TO-DATE
[        ] Caching disabled for task ':url_launcher_android:mergeDebugJavaResource' because:
[        ]   Build cache is disabled
[        ]   Caching has been disabled for the task
[        ] Skipping task ':url_launcher_android:mergeDebugJavaResource' as it is up-to-date.
[        ] Resolve mutations for :url_launcher_android:syncDebugLibJars (Thread[#42490,Execution worker Thread 26,5,main]) started.
[        ] :url_launcher_android:syncDebugLibJars (Thread[#42490,Execution worker Thread 26,5,main]) started.
[        ] > Task :url_launcher_android:syncDebugLibJars UP-TO-DATE
[        ] Caching disabled for task ':url_launcher_android:syncDebugLibJars' because:
[        ]   Build cache is disabled
[        ] Skipping task ':url_launcher_android:syncDebugLibJars' as it is up-to-date.
[        ] Resolve mutations for :url_launcher_android:bundleDebugAar (Thread[#42490,Execution worker Thread 26,5,main]) started.
[        ] :url_launcher_android:bundleDebugAar (Thread[#42490,Execution worker Thread 26,5,main]) started.
[        ] > Task :url_launcher_android:bundleDebugAar UP-TO-DATE
[        ] Caching disabled for task ':url_launcher_android:bundleDebugAar' because:
[        ]   Build cache is disabled
[        ]   Caching has been disabled for the task
[        ] Skipping task ':url_launcher_android:bundleDebugAar' as it is up-to-date.
[        ] Resolve mutations for :url_launcher_android:assembleDebug (Thread[#42490,Execution worker Thread 26,5,main]) started.
[        ] :url_launcher_android:assembleDebug (Thread[#42490,Execution worker Thread 26,5,main]) started.
[        ] > Task :url_launcher_android:assembleDebug UP-TO-DATE
[        ] Skipping task ':url_launcher_android:assembleDebug' as it has no actions.
[        ] Resolve mutations for :video_player_android:stripDebugDebugSymbols (Thread[#42490,Execution worker Thread 26,5,main]) started.
[        ] :video_player_android:stripDebugDebugSymbols (Thread[#42490,Execution worker Thread 26,5,main]) started.
[        ] > Task :video_player_android:stripDebugDebugSymbols NO-SOURCE
[        ] Skipping task ':video_player_android:stripDebugDebugSymbols' as it has no source files and no previous output files.
[        ] Resolve mutations for :video_player_android:copyDebugJniLibsProjectAndLocalJars (Thread[#42490,Execution worker Thread 26,5,main]) started.
[        ] :video_player_android:copyDebugJniLibsProjectAndLocalJars (Thread[#42490,Execution worker Thread 26,5,main]) started.
[        ] > Task :video_player_android:copyDebugJniLibsProjectAndLocalJars UP-TO-DATE
[        ] Caching disabled for task ':video_player_android:copyDebugJniLibsProjectAndLocalJars' because:
[        ]   Build cache is disabled
[        ]   Caching has been disabled for the task
[        ] Skipping task ':video_player_android:copyDebugJniLibsProjectAndLocalJars' as it is up-to-date.
[        ] Resolve mutations for :video_player_android:extractDebugAnnotations (Thread[#42490,Execution worker Thread 26,5,main]) started.
[        ] :video_player_android:extractDebugAnnotations (Thread[#42490,Execution worker Thread 26,5,main]) started.
[        ] > Task :video_player_android:extractDebugAnnotations UP-TO-DATE
[        ] Caching disabled for task ':video_player_android:extractDebugAnnotations' because:
[        ]   Build cache is disabled
[        ] Skipping task ':video_player_android:extractDebugAnnotations' as it is up-to-date.
[        ] Resolve mutations for :video_player_android:extractDeepLinksForAarDebug (Thread[#42490,Execution worker Thread 26,5,main]) started.
[        ] :video_player_android:extractDeepLinksForAarDebug (Thread[#42490,Execution worker Thread 26,5,main]) started.
[        ] > Task :video_player_android:extractDeepLinksForAarDebug UP-TO-DATE
[        ] Caching disabled for task ':video_player_android:extractDeepLinksForAarDebug' because:
[        ]   Build cache is disabled
[        ] Skipping task ':video_player_android:extractDeepLinksForAarDebug' as it is up-to-date.
[        ] Resolve mutations for :video_player_android:mergeDebugGeneratedProguardFiles (Thread[#42490,Execution worker Thread 26,5,main]) started.
[        ] :video_player_android:mergeDebugGeneratedProguardFiles (Thread[#42490,Execution worker Thread 26,5,main]) started.
[        ] > Task :video_player_android:mergeDebugGeneratedProguardFiles UP-TO-DATE
[        ] Caching disabled for task ':video_player_android:mergeDebugGeneratedProguardFiles' because:
[        ]   Build cache is disabled
[        ]   Simple merging task
[        ] Skipping task ':video_player_android:mergeDebugGeneratedProguardFiles' as it is up-to-date.
[        ] Resolve mutations for :video_player_android:mergeDebugConsumerProguardFiles (Thread[#42490,Execution worker Thread 26,5,main]) started.
[        ] :video_player_android:mergeDebugConsumerProguardFiles (Thread[#42490,Execution worker Thread 26,5,main]) started.
[        ] > Task :video_player_android:mergeDebugConsumerProguardFiles UP-TO-DATE
[        ] Caching disabled for task ':video_player_android:mergeDebugConsumerProguardFiles' because:
[        ]   Build cache is disabled
[        ]   Simple merging task
[        ] Skipping task ':video_player_android:mergeDebugConsumerProguardFiles' as it is up-to-date.
[        ] Resolve mutations for :video_player_android:prepareDebugArtProfile (Thread[#42490,Execution worker Thread 26,5,main]) started.
[        ] :video_player_android:prepareDebugArtProfile (Thread[#42490,Execution worker Thread 26,5,main]) started.
[        ] > Task :video_player_android:prepareDebugArtProfile UP-TO-DATE
[        ] Caching disabled for task ':video_player_android:prepareDebugArtProfile' because:
[        ]   Build cache is disabled
[        ]   Caching has been disabled for the task
[        ] Skipping task ':video_player_android:prepareDebugArtProfile' as it is up-to-date.
[        ] Resolve mutations for :video_player_android:prepareLintJarForPublish (Thread[#42490,Execution worker Thread 26,5,main]) started.
[        ] :video_player_android:prepareLintJarForPublish (Thread[#42490,Execution worker Thread 26,5,main]) started.
[        ] > Task :video_player_android:prepareLintJarForPublish UP-TO-DATE
[        ] Caching disabled for task ':video_player_android:prepareLintJarForPublish' because:
[        ]   Build cache is disabled
[        ]   Caching has been disabled for the task
[        ] Skipping task ':video_player_android:prepareLintJarForPublish' as it is up-to-date.
[        ] Resolve mutations for :video_player_android:mergeDebugJavaResource (Thread[#42490,Execution worker Thread 26,5,main]) started.
[        ] :video_player_android:mergeDebugJavaResource (Thread[#42490,Execution worker Thread 26,5,main]) started.
[        ] > Task :video_player_android:mergeDebugJavaResource UP-TO-DATE
[        ] Caching disabled for task ':video_player_android:mergeDebugJavaResource' because:
[        ]   Build cache is disabled
[        ]   Caching has been disabled for the task
[        ] Skipping task ':video_player_android:mergeDebugJavaResource' as it is up-to-date.
[        ] Resolve mutations for :video_player_android:syncDebugLibJars (Thread[#42490,Execution worker Thread 26,5,main]) started.
[        ] :video_player_android:syncDebugLibJars (Thread[#42490,Execution worker Thread 26,5,main]) started.
[        ] > Task :video_player_android:syncDebugLibJars UP-TO-DATE
[        ] Caching disabled for task ':video_player_android:syncDebugLibJars' because:
[        ]   Build cache is disabled
[        ] Skipping task ':video_player_android:syncDebugLibJars' as it is up-to-date.
[        ] Resolve mutations for :video_player_android:bundleDebugAar (Thread[#42490,Execution worker Thread 26,5,main]) started.
[        ] :video_player_android:bundleDebugAar (Thread[#42490,Execution worker Thread 26,5,main]) started.
[        ] > Task :video_player_android:bundleDebugAar UP-TO-DATE
[        ] Caching disabled for task ':video_player_android:bundleDebugAar' because:
[        ]   Build cache is disabled
[        ]   Caching has been disabled for the task
[        ] Skipping task ':video_player_android:bundleDebugAar' as it is up-to-date.
[        ] Resolve mutations for :video_player_android:assembleDebug (Thread[#42490,Execution worker Thread 26,5,main]) started.
[        ] :video_player_android:assembleDebug (Thread[#42490,Execution worker Thread 26,5,main]) started.
[        ] > Task :video_player_android:assembleDebug UP-TO-DATE
[        ] Skipping task ':video_player_android:assembleDebug' as it has no actions.
[ +277 ms] > Task :app:compressDebugAssets
[        ] Caching disabled for task ':app:compressDebugAssets' because:
[        ]   Build cache is disabled
[        ] Task ':app:compressDebugAssets' is not up-to-date because:
[        ]   Input property 'inputDirs' file /Users/florian/Code/substitution/build/app/intermediates/assets/debug/mergeDebugAssets/flutter_assets/kernel_blob.bin has changed.
[        ] Resolve mutations for :app:packageDebug (Thread[#42487,Execution worker Thread 23,5,main]) started.
[        ] :app:packageDebug (Thread[#42487,Execution worker Thread 23,5,main]) started.
[ +300 ms] > Task :app:packageDebug
[        ] Custom actions are attached to task ':app:packageDebug'.
[        ] Caching disabled for task ':app:packageDebug' because:
[        ]   Build cache is disabled
[        ]   Caching has been disabled for the task
[        ] Task ':app:packageDebug' is not up-to-date because:
[        ]   Input property 'assets' file /Users/florian/Code/substitution/build/app/intermediates/compressed_assets/debug/compressDebugAssets/out/assets/flutter_assets/kernel_blob.bin.jar has changed.
[        ] Resolve mutations for :app:createDebugApkListingFileRedirect (Thread[#42487,Execution worker Thread 23,5,main]) started.
[        ] :app:createDebugApkListingFileRedirect (Thread[#42487,Execution worker Thread 23,5,main]) started.
[        ] > Task :app:createDebugApkListingFileRedirect UP-TO-DATE
[        ] Caching disabled for task ':app:createDebugApkListingFileRedirect' because:
[        ]   Build cache is disabled
[        ]   Caching has been disabled for the task
[        ] Skipping task ':app:createDebugApkListingFileRedirect' as it is up-to-date.
[        ] Resolve mutations for :app:assembleDebug (Thread[#42487,Execution worker Thread 23,5,main]) started.
[        ] :app:assembleDebug (Thread[#42487,Execution worker Thread 23,5,main]) started.
[ +100 ms] > Task :app:assembleDebug
[        ] Caching disabled for task ':app:assembleDebug' because:
[        ]   Build cache is disabled
[        ] Task ':app:assembleDebug' is not up-to-date because:
[        ]   Task has not declared any outputs despite executing actions.
[        ] [Incubating] Problems report is available at: file:///Users/florian/Code/substitution/build/reports/problems/problems-report.html
[        ] Deprecated Gradle features were used in this build, making it incompatible with Gradle 9.0.
[        ] You can use '--warning-mode all' to show the individual deprecation warnings and determine if they come from your own scripts or plugins.
[        ] For more on this, please refer to https://docs.gradle.org/8.12.1/userguide/command_line_interface.html#sec:command_line_warnings in the Gradle documentation.
[        ] BUILD SUCCESSFUL in 8s
[        ] 458 actionable tasks: 29 executed, 429 up-to-date
[        ] Watched directory hierarchies: [/opt/homebrew/share/flutter/packages/flutter_tools/gradle, /Users/florian/Code/substitution/android]
[  +32 ms] Running Gradle task 'assembleDebug'... (completed in 8,8s)
[   +6 ms] Calculate SHA1: LocalDirectory: '/Users/florian/Code/substitution/build/app/outputs/flutter-apk'/app-debug.apk
[+1073 ms] ✓ Built build/app/outputs/flutter-apk/app-debug.apk
[   +1 ms] executing: /Users/florian/Library/Android/sdk/build-tools/36.1.0/aapt dump xmltree /Users/florian/Code/substitution/build/app/outputs/flutter-apk/app-debug.apk AndroidManifest.xml
[  +13 ms] Exit code 0 from: /Users/florian/Library/Android/sdk/build-tools/36.1.0/aapt dump xmltree /Users/florian/Code/substitution/build/app/outputs/flutter-apk/app-debug.apk AndroidManifest.xml
[        ] N: android=http://schemas.android.com/apk/res/android
             E: manifest (line=2)
               A: android:versionCode(0x0101021b)=(type 0x10)0x7
               A: android:versionName(0x0101021c)="1.0.0" (Raw: "1.0.0")
               A: android:compileSdkVersion(0x01010572)=(type 0x10)0x24
               A: android:compileSdkVersionCodename(0x01010573)="16" (Raw: "16")
               A: package="art.substitution.substitution" (Raw: "art.substitution.substitution")
               A: platformBuildVersionCode=(type 0x10)0x24
               A: platformBuildVersionName=(type 0x10)0x10
               E: uses-sdk (line=7)
                 A: android:minSdkVersion(0x0101020c)=(type 0x10)0x18
                 A: android:targetSdkVersion(0x01010270)=(type 0x10)0x22
               E: uses-permission (line=15)
                 A: android:name(0x01010003)="android.permission.INTERNET" (Raw: "android.permission.INTERNET")
               E: uses-permission (line=16)
                 A: android:name(0x01010003)="android.permission.ACCESS_NETWORK_STATE" (Raw: "android.permission.ACCESS_NETWORK_STATE")
               E: permission (line=18)
                 A: android:name(0x01010003)="art.substitution.substitution.DYNAMIC_RECEIVER_NOT_EXPORTED_PERMISSION" (Raw: "art.substitution.substitution.DYNAMIC_RECEIVER_NOT_EXPORTED_PERMISSION")
                 A: android:protectionLevel(0x01010009)=(type 0x11)0x2
               E: uses-permission (line=22)
                 A: android:name(0x01010003)="art.substitution.substitution.DYNAMIC_RECEIVER_NOT_EXPORTED_PERMISSION" (Raw: "art.substitution.substitution.DYNAMIC_RECEIVER_NOT_EXPORTED_PERMISSION")
               E: application (line=24)
                 A: android:label(0x01010001)="substitution" (Raw: "substitution")
                 A: android:icon(0x01010002)=@0x7f0c0000
                 A: android:name(0x01010003)="android.app.Application" (Raw: "android.app.Application")
                 A: android:debuggable(0x0101000f)=(type 0x12)0xffffffff
                 A: android:extractNativeLibs(0x010104ea)=(type 0x12)0x0
                 A: android:appComponentFactory(0x0101057a)="androidx.core.app.CoreComponentFactory" (Raw: "androidx.core.app.CoreComponentFactory")
                 E: activity (line=31)
                   A: android:theme(0x01010000)=@0x7f0e00a2
                   A: android:name(0x01010003)="art.substitution.substitution.MainActivity" (Raw: "art.substitution.substitution.MainActivity")
                   A: android:exported(0x01010010)=(type 0x12)0xffffffff
                   A: android:launchMode(0x0101001d)=(type 0x10)0x1
                   A: android:configChanges(0x0101001f)=(type 0x11)0x40003fb4
                   A: android:windowSoftInputMode(0x0101022b)=(type 0x11)0x10
                   A: android:hardwareAccelerated(0x010102d3)=(type 0x12)0xffffffff
                   E: meta-data (line=46)
                     A: android:name(0x01010003)="io.flutter.embedding.android.NormalTheme" (Raw: "io.flutter.embedding.android.NormalTheme")
                     A: android:resource(0x01010025)=@0x7f0e00a3
                   E: intent-filter (line=50)
                     E: action (line=51)
                       A: android:name(0x01010003)="android.intent.action.MAIN" (Raw: "android.intent.action.MAIN")
                     E: category (line=53)
                       A: android:name(0x01010003)="android.intent.category.LAUNCHER" (Raw: "android.intent.category.LAUNCHER")
                   E: intent-filter (line=56)
                     E: action (line=57)
                       A: android:name(0x01010003)="android.intent.action.VIEW" (Raw: "android.intent.action.VIEW")
                     E: category (line=59)
                       A: android:name(0x01010003)="android.intent.category.DEFAULT" (Raw: "android.intent.category.DEFAULT")
                     E: category (line=60)
                       A: android:name(0x01010003)="android.intent.category.BROWSABLE" (Raw: "android.intent.category.BROWSABLE")
                     E: data (line=62)
                       A: android:scheme(0x01010027)="substitution" (Raw: "substitution")
                       A: android:host(0x01010028)="auth" (Raw: "auth")
                       A: android:pathPrefix(0x0101002b)="/login-callback" (Raw: "/login-callback")
                 E: meta-data (line=72)
                   A: android:name(0x01010003)="flutterEmbedding" (Raw: "flutterEmbedding")
                   A: android:value(0x01010024)=(type 0x10)0x2
                 E: activity (line=76)
                   A: android:theme(0x01010000)=@0x01030007
                   A: android:name(0x01010003)="io.flutter.plugins.urllauncher.WebViewActivity" (Raw: "io.flutter.plugins.urllauncher.WebViewActivity")
                   A: android:exported(0x01010010)=(type 0x12)0x0
                 E: uses-library (line=81)
                   A: android:name(0x01010003)="androidx.window.extensions" (Raw: "androidx.window.extensions")
                   A: android:required(0x0101028e)=(type 0x12)0x0
                 E: uses-library (line=84)
                   A: android:name(0x01010003)="androidx.window.sidecar" (Raw: "androidx.window.sidecar")
                   A: android:required(0x0101028e)=(type 0x12)0x0
                 E: provider (line=88)
                   A: android:name(0x01010003)="androidx.startup.InitializationProvider" (Raw: "androidx.startup.InitializationProvider")
                   A: android:exported(0x01010010)=(type 0x12)0x0
                   A: android:authorities(0x01010018)="art.substitution.substitution.androidx-startup" (Raw: "art.substitution.substitution.androidx-startup")
                   E: meta-data (line=92)
                     A: android:name(0x01010003)="androidx.lifecycle.ProcessLifecycleInitializer" (Raw: "androidx.lifecycle.ProcessLifecycleInitializer")
                     A: android:value(0x01010024)="androidx.startup" (Raw: "androidx.startup")
                   E: meta-data (line=95)
                     A: android:name(0x01010003)="androidx.profileinstaller.ProfileInstallerInitializer" (Raw: "androidx.profileinstaller.ProfileInstallerInitializer")
                     A: android:value(0x01010024)="androidx.startup" (Raw: "androidx.startup")
                 E: receiver (line=100)
                   A: android:name(0x01010003)="androidx.profileinstaller.ProfileInstallReceiver" (Raw: "androidx.profileinstaller.ProfileInstallReceiver")
                   A: android:permission(0x01010006)="android.permission.DUMP" (Raw: "android.permission.DUMP")
                   A: android:enabled(0x0101000e)=(type 0x12)0xffffffff
                   A: android:exported(0x01010010)=(type 0x12)0xffffffff
                   A: android:directBootAware(0x01010505)=(type 0x12)0x0
                   E: intent-filter (line=106)
                     E: action (line=107)
                       A: android:name(0x01010003)="androidx.profileinstaller.action.INSTALL_PROFILE" (Raw: "androidx.profileinstaller.action.INSTALL_PROFILE")
                   E: intent-filter (line=109)
                     E: action (line=110)
                       A: android:name(0x01010003)="androidx.profileinstaller.action.SKIP_FILE" (Raw: "androidx.profileinstaller.action.SKIP_FILE")
                   E: intent-filter (line=112)
                     E: action (line=113)
                       A: android:name(0x01010003)="androidx.profileinstaller.action.SAVE_PROFILE" (Raw: "androidx.profileinstaller.action.SAVE_PROFILE")
                   E: intent-filter (line=115)
                     E: action (line=116)
                       A: android:name(0x01010003)="androidx.profileinstaller.action.BENCHMARK_OPERATION" (Raw: "androidx.profileinstaller.action.BENCHMARK_OPERATION")
[        ] Stopping app 'app-debug.apk' on sdk gphone64 arm64.
[        ] executing: /Users/florian/Library/Android/sdk/platform-tools/adb -s emulator-5554 shell am force-stop art.substitution.substitution
13:49 +10 -30: loading /Users/florian/Code/substitution/integration_test/profile_view_test.dart                                                                                                        [  +22 ms] Installing APK.
[        ] Installing build/app/outputs/flutter-apk/app-debug.apk...
[        ] executing: /Users/florian/Library/Android/sdk/platform-tools/adb -s emulator-5554 install -t -r /Users/florian/Code/substitution/build/app/outputs/flutter-apk/app-debug.apk
[ +372 ms] Performing Streamed Install
           Success
[        ] Installing build/app/outputs/flutter-apk/app-debug.apk... (completed in 372ms)
[        ] executing: /Users/florian/Library/Android/sdk/platform-tools/adb -s emulator-5554 shell echo -n b83568a10def0da16f56207fc21ef5000029d0f7 > /data/local/tmp/sky.art.substitution.substitution.sha1
[  +24 ms] executing: /Users/florian/Library/Android/sdk/platform-tools/adb -s emulator-5554 shell -x logcat -v time -t 1
[  +97 ms] --------- beginning of main
           02-17 00:08:40.707 W/SignedPackage(  668): Package doesn't have required signing certificate: com.google.android.retaildemo
[   +4 ms] executing: /Users/florian/Library/Android/sdk/platform-tools/adb -s emulator-5554 shell am start -a android.intent.action.MAIN -c android.intent.category.LAUNCHER -f 0x20000000 --ez enable-dart-profiling true --ez enable-checked-mode true --ez verify-entry-points true art.substitution.substitution/art.substitution.substitution.MainActivity
[ +164 ms] Starting: Intent { act=android.intent.action.MAIN cat=[android.intent.category.LAUNCHER] flg=0x20000000 cmp=art.substitution.substitution/.MainActivity (has extras) }
[        ] Waiting for VM Service port to be available...
13:50 +10 -30: loading /Users/florian/Code/substitution/integration_test/profile_view_test.dart                                                                                                        13:51 +10 -30: loading /Users/florian/Code/substitution/integration_test/profile_view_test.dart                                                                                                        [+1569 ms] VM Service URL on device: http://127.0.0.1:44631/n9p8KpGL61I=/
[        ] executing: /Users/florian/Library/Android/sdk/platform-tools/adb -s emulator-5554 forward tcp:0 tcp:44631
[  +14 ms] 55428
[        ] Forwarded host port 55428 to device port 44631 for VM Service
[        ] test 13: Starting Dart Development Service
[        ] Launching a Dart Developer Service (DDS) instance at http://127.0.0.1:0, connecting to VM service at http://127.0.0.1:55428/n9p8KpGL61I=/.
[ +180 ms] test 13: Dart Development Service started at http://127.0.0.1:55431/1ey4sUJG7uI=/, forwarding to VM service at http://127.0.0.1:55428/n9p8KpGL61I=/.
[        ] test 13: Connecting to vm service
[        ] test 13: VM Service uri is available at http://127.0.0.1:55431/1ey4sUJG7uI=/
[   +3 ms] test 13: Finding the correct isolate with the integration test service extension
[  +52 ms] test 13: connected to test device, now awaiting test result
[        ] test 13: Waiting for test harness or tests to finish
13:51 +10 -30: loading /Users/florian/Code/substitution/integration_test/profile_view_test.dart                                                                                                        
Warning: A tag was used that wasn't specified in dart_test.yaml.
  integration was used in the suite itself

13:51 +10 -30: /Users/florian/Code/substitution/integration_test/profile_view_test.dart: Profile View Integration Tests View post -> tap avatar -> see profile -> tap their room -> see room feed      13:51 +11 -30: /Users/florian/Code/substitution/integration_test/profile_view_test.dart: Profile View Integration Tests View post -> tap avatar -> see profile -> tap their room -> see room feed      13:51 +11 -30: /Users/florian/Code/substitution/integration_test/profile_view_test.dart: (tearDownAll)                                                                                                 13:52 +11 -30: /Users/florian/Code/substitution/integration_test/profile_view_test.dart: (tearDownAll)                                                                                                 [ +409 ms] test 13: Test harness is no longer needed by test process
[        ] test 13: finished
[        ] test 13: cleaning up...
[        ] test 13: ensuring test device is terminated.
[        ] executing: /Users/florian/Library/Android/sdk/platform-tools/adb -s emulator-5554 shell am force-stop art.substitution.substitution
[        ] test 13: Test process is no longer needed by test harness
[  +86 ms] executing: /Users/florian/Library/Android/sdk/platform-tools/adb -s emulator-5554 uninstall art.substitution.substitution
[ +203 ms] Success
[        ] test 13: deleting temporary directory
[        ] test 13: finished
13:52 +11 -30: loading /Users/florian/Code/substitution/integration_test/feed_test.dart                                                                                                                [        ] test 14: starting test /Users/florian/Code/substitution/integration_test/feed_test.dart
[        ] Stopping scan for flutter_test_config.dart; found project root at /Users/florian/Code/substitution
[        ] test 14: starting test device
[        ] test 14: awaiting connection to test device
[        ] executing: /Users/florian/Library/Android/sdk/build-tools/36.1.0/aapt dump xmltree /Users/florian/Code/substitution/build/app/outputs/flutter-apk/app-debug.apk AndroidManifest.xml
[  +10 ms] Exit code 0 from: /Users/florian/Library/Android/sdk/build-tools/36.1.0/aapt dump xmltree /Users/florian/Code/substitution/build/app/outputs/flutter-apk/app-debug.apk AndroidManifest.xml
[        ] N: android=http://schemas.android.com/apk/res/android
             E: manifest (line=2)
               A: android:versionCode(0x0101021b)=(type 0x10)0x7
               A: android:versionName(0x0101021c)="1.0.0" (Raw: "1.0.0")
               A: android:compileSdkVersion(0x01010572)=(type 0x10)0x24
               A: android:compileSdkVersionCodename(0x01010573)="16" (Raw: "16")
               A: package="art.substitution.substitution" (Raw: "art.substitution.substitution")
               A: platformBuildVersionCode=(type 0x10)0x24
               A: platformBuildVersionName=(type 0x10)0x10
               E: uses-sdk (line=7)
                 A: android:minSdkVersion(0x0101020c)=(type 0x10)0x18
                 A: android:targetSdkVersion(0x01010270)=(type 0x10)0x22
               E: uses-permission (line=15)
                 A: android:name(0x01010003)="android.permission.INTERNET" (Raw: "android.permission.INTERNET")
               E: uses-permission (line=16)
                 A: android:name(0x01010003)="android.permission.ACCESS_NETWORK_STATE" (Raw: "android.permission.ACCESS_NETWORK_STATE")
               E: permission (line=18)
                 A: android:name(0x01010003)="art.substitution.substitution.DYNAMIC_RECEIVER_NOT_EXPORTED_PERMISSION" (Raw: "art.substitution.substitution.DYNAMIC_RECEIVER_NOT_EXPORTED_PERMISSION")
                 A: android:protectionLevel(0x01010009)=(type 0x11)0x2
               E: uses-permission (line=22)
                 A: android:name(0x01010003)="art.substitution.substitution.DYNAMIC_RECEIVER_NOT_EXPORTED_PERMISSION" (Raw: "art.substitution.substitution.DYNAMIC_RECEIVER_NOT_EXPORTED_PERMISSION")
               E: application (line=24)
                 A: android:label(0x01010001)="substitution" (Raw: "substitution")
                 A: android:icon(0x01010002)=@0x7f0c0000
                 A: android:name(0x01010003)="android.app.Application" (Raw: "android.app.Application")
                 A: android:debuggable(0x0101000f)=(type 0x12)0xffffffff
                 A: android:extractNativeLibs(0x010104ea)=(type 0x12)0x0
                 A: android:appComponentFactory(0x0101057a)="androidx.core.app.CoreComponentFactory" (Raw: "androidx.core.app.CoreComponentFactory")
                 E: activity (line=31)
                   A: android:theme(0x01010000)=@0x7f0e00a2
                   A: android:name(0x01010003)="art.substitution.substitution.MainActivity" (Raw: "art.substitution.substitution.MainActivity")
                   A: android:exported(0x01010010)=(type 0x12)0xffffffff
                   A: android:launchMode(0x0101001d)=(type 0x10)0x1
                   A: android:configChanges(0x0101001f)=(type 0x11)0x40003fb4
                   A: android:windowSoftInputMode(0x0101022b)=(type 0x11)0x10
                   A: android:hardwareAccelerated(0x010102d3)=(type 0x12)0xffffffff
                   E: meta-data (line=46)
                     A: android:name(0x01010003)="io.flutter.embedding.android.NormalTheme" (Raw: "io.flutter.embedding.android.NormalTheme")
                     A: android:resource(0x01010025)=@0x7f0e00a3
                   E: intent-filter (line=50)
                     E: action (line=51)
                       A: android:name(0x01010003)="android.intent.action.MAIN" (Raw: "android.intent.action.MAIN")
                     E: category (line=53)
                       A: android:name(0x01010003)="android.intent.category.LAUNCHER" (Raw: "android.intent.category.LAUNCHER")
                   E: intent-filter (line=56)
                     E: action (line=57)
                       A: android:name(0x01010003)="android.intent.action.VIEW" (Raw: "android.intent.action.VIEW")
                     E: category (line=59)
                       A: android:name(0x01010003)="android.intent.category.DEFAULT" (Raw: "android.intent.category.DEFAULT")
                     E: category (line=60)
                       A: android:name(0x01010003)="android.intent.category.BROWSABLE" (Raw: "android.intent.category.BROWSABLE")
                     E: data (line=62)
                       A: android:scheme(0x01010027)="substitution" (Raw: "substitution")
                       A: android:host(0x01010028)="auth" (Raw: "auth")
                       A: android:pathPrefix(0x0101002b)="/login-callback" (Raw: "/login-callback")
                 E: meta-data (line=72)
                   A: android:name(0x01010003)="flutterEmbedding" (Raw: "flutterEmbedding")
                   A: android:value(0x01010024)=(type 0x10)0x2
                 E: activity (line=76)
                   A: android:theme(0x01010000)=@0x01030007
                   A: android:name(0x01010003)="io.flutter.plugins.urllauncher.WebViewActivity" (Raw: "io.flutter.plugins.urllauncher.WebViewActivity")
                   A: android:exported(0x01010010)=(type 0x12)0x0
                 E: uses-library (line=81)
                   A: android:name(0x01010003)="androidx.window.extensions" (Raw: "androidx.window.extensions")
                   A: android:required(0x0101028e)=(type 0x12)0x0
                 E: uses-library (line=84)
                   A: android:name(0x01010003)="androidx.window.sidecar" (Raw: "androidx.window.sidecar")
                   A: android:required(0x0101028e)=(type 0x12)0x0
                 E: provider (line=88)
                   A: android:name(0x01010003)="androidx.startup.InitializationProvider" (Raw: "androidx.startup.InitializationProvider")
                   A: android:exported(0x01010010)=(type 0x12)0x0
                   A: android:authorities(0x01010018)="art.substitution.substitution.androidx-startup" (Raw: "art.substitution.substitution.androidx-startup")
                   E: meta-data (line=92)
                     A: android:name(0x01010003)="androidx.lifecycle.ProcessLifecycleInitializer" (Raw: "androidx.lifecycle.ProcessLifecycleInitializer")
                     A: android:value(0x01010024)="androidx.startup" (Raw: "androidx.startup")
                   E: meta-data (line=95)
                     A: android:name(0x01010003)="androidx.profileinstaller.ProfileInstallerInitializer" (Raw: "androidx.profileinstaller.ProfileInstallerInitializer")
                     A: android:value(0x01010024)="androidx.startup" (Raw: "androidx.startup")
                 E: receiver (line=100)
                   A: android:name(0x01010003)="androidx.profileinstaller.ProfileInstallReceiver" (Raw: "androidx.profileinstaller.ProfileInstallReceiver")
                   A: android:permission(0x01010006)="android.permission.DUMP" (Raw: "android.permission.DUMP")
                   A: android:enabled(0x0101000e)=(type 0x12)0xffffffff
                   A: android:exported(0x01010010)=(type 0x12)0xffffffff
                   A: android:directBootAware(0x01010505)=(type 0x12)0x0
                   E: intent-filter (line=106)
                     E: action (line=107)
                       A: android:name(0x01010003)="androidx.profileinstaller.action.INSTALL_PROFILE" (Raw: "androidx.profileinstaller.action.INSTALL_PROFILE")
                   E: intent-filter (line=109)
                     E: action (line=110)
                       A: android:name(0x01010003)="androidx.profileinstaller.action.SKIP_FILE" (Raw: "androidx.profileinstaller.action.SKIP_FILE")
                   E: intent-filter (line=112)
                     E: action (line=113)
                       A: android:name(0x01010003)="androidx.profileinstaller.action.SAVE_PROFILE" (Raw: "androidx.profileinstaller.action.SAVE_PROFILE")
                   E: intent-filter (line=115)
                     E: action (line=116)
                       A: android:name(0x01010003)="androidx.profileinstaller.action.BENCHMARK_OPERATION" (Raw: "androidx.profileinstaller.action.BENCHMARK_OPERATION")
[        ] Building APK
[        ] Version of Java is different than impacted version, no migration attempted.
[        ] CMake project not found, skipping support Android 15 16k page size migration.
[        ] Using gradle from /Users/florian/Code/substitution/android/gradlew.
[   +5 ms] LocalFile: '/Users/florian/Code/substitution/android/build.gradle' provides AGP version from classpath: 8.6.0
[   +7 ms] Running Gradle task 'assembleDebug'...
[        ] executing: [/Users/florian/Code/substitution/android/] /Users/florian/Code/substitution/android/gradlew --full-stacktrace --info -Pverbose=true -PskipDependencyChecks=true -Ptarget-platform=android-arm64 -Ptarget=/var/folders/l_/w8pnbb9d38n57pzg9j98fmy80000gn/T/flutter_tools.wuOse9/flutter_test_listener.MMjPB1/listener.dart -Pbase-application-name=android.app.Application -Pdart-defines=TUFUUklYX1NFUlZFUj1odHRwOi8vbG9jYWxob3N0OjgwMDg=,TUFUUklYX1RFU1RfVVNFUj0=,TUFUUklYX1RFU1RfUEFTU1dPUkQ9,RkxVVFRFUl9WRVJTSU9OPTMuMzguOQ==,RkxVVFRFUl9DSEFOTkVMPXN0YWJsZQ==,RkxVVFRFUl9HSVRfVVJMPWh0dHBzOi8vZ2l0aHViLmNvbS9mbHV0dGVyL2ZsdXR0ZXIuZ2l0,RkxVVFRFUl9GUkFNRVdPUktfUkVWSVNJT049NjczMjNkZTI4NQ==,RkxVVFRFUl9FTkdJTkVfUkVWSVNJT049NTg3YzE4Zjg3Mw==,RkxVVFRFUl9EQVJUX1ZFUlNJT049My4xMC44,SU5URUdSQVRJT05fVEVTVF9TSE9VTERfUkVQT1JUX1JFU1VMVFNfVE9fTkFUSVZFPWZhbHNl -Pdart-obfuscation=false -Ptrack-widget-creation=true -Ptree-shake-icons=false assembleDebug
[ +282 ms] Initialized native services in: /Users/florian/.gradle/native
[        ] Initialized jansi services in: /Users/florian/.gradle/native
[ +207 ms] The client will now receive all logging from the daemon (pid: 43439). The daemon log file: /Users/florian/.gradle/daemon/8.12.1/daemon-43439.out.log
[        ] Starting 107th build in daemon [uptime: 2 hrs 11 mins 41.94 secs, performance: 100%, GC rate: 0.00/s, heap usage: 0% of 4 GiB]
[        ] Using 32 worker leases.
[        ] Now considering [/Users/florian/Code/substitution/android, /opt/homebrew/share/flutter/packages/flutter_tools/gradle] as hierarchies to watch
[        ] Watching the file system is configured to be enabled if available
[        ] File system watching is active
[        ] Starting Build
[        ] Now considering [/opt/homebrew/share/flutter/packages/flutter_tools/gradle, /Users/florian/Code/substitution/android] as hierarchies to watch
[        ] > Configure project :gradle
[        ] Evaluating project ':gradle' using build file '/opt/homebrew/share/flutter/packages/flutter_tools/gradle/build.gradle.kts'.
[        ] Resolved plugin [id: 'org.gradle.java-gradle-plugin']
[        ] Resolved plugin [id: 'org.gradle.groovy']
[        ] Resolved plugin [id: 'org.gradle.kotlin.kotlin-dsl', version: '5.1.2']
[        ] Resolved plugin [id: 'org.jetbrains.kotlin.jvm', version: '1.9.20']
[        ] Using Kotlin Gradle Plugin gradle85 variant
[        ] kotlin scripting plugin: created the scripting discovery configuration: kotlinScriptDef
[        ] kotlin scripting plugin: created the scripting discovery configuration: testKotlinScriptDef
[        ] file or directory '/opt/homebrew/share/flutter/packages/flutter_tools/gradle/src/main/java', not found
[        ] Resolved plugin [id: 'dev.flutter.flutter-plugin-loader', version: '1.0.0']
[        ] Resolved plugin [id: 'com.android.application', version: '8.9.1', apply: false]
[        ] Resolved plugin [id: 'org.jetbrains.kotlin.android', version: '2.1.0', apply: false]
[        ] Resolve mutations for :gradle:checkKotlinGradlePluginConfigurationErrors (Thread[#42881,Execution worker,5,main]) started.
[        ] :gradle:checkKotlinGradlePluginConfigurationErrors (Thread[#42881,Execution worker,5,main]) started.
[        ] > Task :gradle:checkKotlinGradlePluginConfigurationErrors SKIPPED
[        ] Skipping task ':gradle:checkKotlinGradlePluginConfigurationErrors' as task onlyIf 'errorDiagnostics are present' is false.
[        ] Resolve mutations for :gradle:compileKotlin (Thread[#42881,Execution worker,5,main]) started.
[        ] :gradle:compileKotlin (Thread[#42881,Execution worker,5,main]) started.
[        ] > Task :gradle:compileKotlin UP-TO-DATE
[        ] Caching disabled for task ':gradle:compileKotlin' because:
[        ]   Build cache is disabled
[        ] Skipping task ':gradle:compileKotlin' as it is up-to-date.
[        ] Resolve mutations for :gradle:compileJava (Thread[#42881,Execution worker,5,main]) started.
[        ] :gradle:compileJava (Thread[#42881,Execution worker,5,main]) started.
[        ] > Task :gradle:compileJava NO-SOURCE
[        ] Skipping task ':gradle:compileJava' as it has no source files and no previous output files.
[        ] Resolve mutations for :gradle:compileGroovy (Thread[#42881,Execution worker,5,main]) started.
[        ] :gradle:compileGroovy (Thread[#42881,Execution worker,5,main]) started.
[        ] > Task :gradle:compileGroovy NO-SOURCE
[        ] Skipping task ':gradle:compileGroovy' as it has no source files and no previous output files.
[        ] Resolve mutations for :gradle:pluginDescriptors (Thread[#42881,Execution worker,5,main]) started.
[        ] :gradle:pluginDescriptors (Thread[#42881,Execution worker,5,main]) started.
[        ] > Task :gradle:pluginDescriptors UP-TO-DATE
[        ] Caching disabled for task ':gradle:pluginDescriptors' because:
[        ]   Build cache is disabled
[        ]   Not worth caching
[        ] Skipping task ':gradle:pluginDescriptors' as it is up-to-date.
[        ] Resolve mutations for :gradle:processResources (Thread[#42881,Execution worker,5,main]) started.
[        ] :gradle:processResources (Thread[#42881,Execution worker,5,main]) started.
[        ] > Task :gradle:processResources UP-TO-DATE
[        ] Caching disabled for task ':gradle:processResources' because:
[        ]   Build cache is disabled
[        ]   Not worth caching
[        ] Skipping task ':gradle:processResources' as it is up-to-date.
[        ] Resolve mutations for :gradle:classes (Thread[#42881,Execution worker,5,main]) started.
[        ] :gradle:classes (Thread[#42881,Execution worker,5,main]) started.
[        ] > Task :gradle:classes UP-TO-DATE
[        ] Skipping task ':gradle:classes' as it has no actions.
[        ] Resolve mutations for :gradle:jar (Thread[#42881,Execution worker,5,main]) started.
[        ] :gradle:jar (Thread[#42881,Execution worker,5,main]) started.
[        ] > Task :gradle:jar UP-TO-DATE
[        ] Caching disabled for task ':gradle:jar' because:
[        ]   Build cache is disabled
[        ]   Not worth caching
[        ] Skipping task ':gradle:jar' as it is up-to-date.
[        ] Settings evaluated using settings file '/Users/florian/Code/substitution/android/settings.gradle'.
[        ] Projects loaded. Root project using build file '/Users/florian/Code/substitution/android/build.gradle'.
[        ] Included projects: [root project 'android', project ':app', project ':connectivity_plus', project ':emoji_picker_flutter', project ':file_selector_android', project ':flutter_keyboard_visibility_temp_fork', project ':flutter_native_splash', project ':flutter_olm', project ':flutter_openssl_crypto', project ':integration_test', project ':path_provider_android', project ':quill_native_bridge_android', project ':shared_preferences_android', project ':sqflite_android', project ':url_launcher_android', project ':video_player_android']
[  +97 ms] > Configure project :app
[        ] Evaluating project ':app' using build file '/Users/florian/Code/substitution/android/app/build.gradle'.
[        ] Resolved plugin [id: 'com.android.application']
[        ] Resolved plugin [id: 'kotlin-android']
[        ] Resolved plugin [id: 'dev.flutter.flutter-gradle-plugin']
[        ] Using default execution profile
[        ] Using Kotlin Gradle Plugin gradle85 variant
[        ] C/C++: android.ndkVersion from module build.gradle is [28.2.13676358]
[        ] C/C++: android.ndkPath from module build.gradle is not set
[        ] C/C++: ndk.dir in local.properties is not set
[        ] C/C++: Not considering ANDROID_NDK_HOME because support was removed after deprecation period.
[        ] C/C++: sdkFolder is /Users/florian/Library/Android/sdk
[        ] C/C++: android.ndkVersion from module build.gradle is [28.2.13676358]
[        ] C/C++: android.ndkPath from module build.gradle is not set
[        ] C/C++: ndk.dir in local.properties is not set
[        ] C/C++: Not considering ANDROID_NDK_HOME because support was removed after deprecation period.
[        ] C/C++: sdkFolder is /Users/florian/Library/Android/sdk
[        ] C/C++: android.ndkVersion from module build.gradle is [28.2.13676358]
[        ] C/C++: android.ndkPath from module build.gradle is not set
[        ] C/C++: ndk.dir in local.properties is not set
[        ] C/C++: Not considering ANDROID_NDK_HOME because support was removed after deprecation period.
[        ] C/C++: sdkFolder is /Users/florian/Library/Android/sdk
[        ] C/C++: android.ndkVersion from module build.gradle is [28.2.13676358]
[        ] C/C++: android.ndkPath from module build.gradle is not set
[        ] C/C++: ndk.dir in local.properties is not set
[        ] C/C++: Not considering ANDROID_NDK_HOME because support was removed after deprecation period.
[        ] C/C++: sdkFolder is /Users/florian/Library/Android/sdk
[        ] C/C++: android.ndkVersion from module build.gradle is [28.2.13676358]
[        ] C/C++: android.ndkPath from module build.gradle is not set
[        ] C/C++: ndk.dir in local.properties is not set
[        ] C/C++: Not considering ANDROID_NDK_HOME because support was removed after deprecation period.
[        ] C/C++: sdkFolder is /Users/florian/Library/Android/sdk
[        ] C/C++: android.ndkVersion from module build.gradle is [28.2.13676358]
[        ] C/C++: android.ndkPath from module build.gradle is not set
[        ] C/C++: ndk.dir in local.properties is not set
[        ] C/C++: Not considering ANDROID_NDK_HOME because support was removed after deprecation period.
[        ] C/C++: sdkFolder is /Users/florian/Library/Android/sdk
[        ] C/C++: android.ndkVersion from module build.gradle is [28.2.13676358]
[        ] C/C++: android.ndkPath from module build.gradle is not set
[        ] C/C++: ndk.dir in local.properties is not set
[        ] C/C++: Not considering ANDROID_NDK_HOME because support was removed after deprecation period.
[        ] C/C++: sdkFolder is /Users/florian/Library/Android/sdk
[        ] C/C++: android.ndkVersion from module build.gradle is [28.2.13676358]
[        ] C/C++: android.ndkPath from module build.gradle is not set
[        ] C/C++: ndk.dir in local.properties is not set
[        ] C/C++: Not considering ANDROID_NDK_HOME because support was removed after deprecation period.
[        ] C/C++: sdkFolder is /Users/florian/Library/Android/sdk
[        ] C/C++: android.ndkVersion from module build.gradle is [28.2.13676358]
[        ] C/C++: android.ndkPath from module build.gradle is not set
[        ] C/C++: ndk.dir in local.properties is not set
[        ] C/C++: Not considering ANDROID_NDK_HOME because support was removed after deprecation period.
[        ] C/C++: sdkFolder is /Users/florian/Library/Android/sdk
[        ] C/C++: android.ndkVersion from module build.gradle is [28.2.13676358]
[        ] C/C++: android.ndkPath from module build.gradle is not set
[        ] C/C++: ndk.dir in local.properties is not set
[        ] C/C++: Not considering ANDROID_NDK_HOME because support was removed after deprecation period.
[        ] C/C++: sdkFolder is /Users/florian/Library/Android/sdk
[        ] C/C++: android.ndkVersion from module build.gradle is [28.2.13676358]
[        ] C/C++: android.ndkPath from module build.gradle is not set
[        ] C/C++: ndk.dir in local.properties is not set
[        ] C/C++: Not considering ANDROID_NDK_HOME because support was removed after deprecation period.
[        ] C/C++: sdkFolder is /Users/florian/Library/Android/sdk
[        ] C/C++: android.ndkVersion from module build.gradle is [28.2.13676358]
[        ] C/C++: android.ndkPath from module build.gradle is not set
[        ] C/C++: ndk.dir in local.properties is not set
[        ] C/C++: Not considering ANDROID_NDK_HOME because support was removed after deprecation period.
[        ] C/C++: sdkFolder is /Users/florian/Library/Android/sdk
[        ] C/C++: android.ndkVersion from module build.gradle is [28.2.13676358]
[        ] C/C++: android.ndkPath from module build.gradle is not set
[        ] C/C++: ndk.dir in local.properties is not set
[        ] C/C++: Not considering ANDROID_NDK_HOME because support was removed after deprecation period.
[        ] C/C++: sdkFolder is /Users/florian/Library/Android/sdk
[        ] C/C++: android.ndkVersion from module build.gradle is [28.2.13676358]
[        ] C/C++: android.ndkPath from module build.gradle is not set
[        ] C/C++: ndk.dir in local.properties is not set
[        ] C/C++: Not considering ANDROID_NDK_HOME because support was removed after deprecation period.
[        ] C/C++: sdkFolder is /Users/florian/Library/Android/sdk
[        ] C/C++: android.ndkVersion from module build.gradle is [28.2.13676358]
[        ] C/C++: android.ndkPath from module build.gradle is not set
[        ] C/C++: ndk.dir in local.properties is not set
[        ] C/C++: Not considering ANDROID_NDK_HOME because support was removed after deprecation period.
[        ] C/C++: sdkFolder is /Users/florian/Library/Android/sdk
[        ] C/C++: android.ndkVersion from module build.gradle is [28.2.13676358]
[        ] C/C++: android.ndkPath from module build.gradle is not set
[        ] C/C++: ndk.dir in local.properties is not set
[        ] C/C++: Not considering ANDROID_NDK_HOME because support was removed after deprecation period.
[        ] C/C++: sdkFolder is /Users/florian/Library/Android/sdk
[        ] C/C++: android.ndkVersion from module build.gradle is [28.2.13676358]
[        ] C/C++: android.ndkPath from module build.gradle is not set
[        ] C/C++: ndk.dir in local.properties is not set
[        ] C/C++: Not considering ANDROID_NDK_HOME because support was removed after deprecation period.
[        ] C/C++: sdkFolder is /Users/florian/Library/Android/sdk
[        ] C/C++: android.ndkVersion from module build.gradle is [28.2.13676358]
[        ] C/C++: android.ndkPath from module build.gradle is not set
[        ] C/C++: ndk.dir in local.properties is not set
[        ] C/C++: Not considering ANDROID_NDK_HOME because support was removed after deprecation period.
[        ] C/C++: sdkFolder is /Users/florian/Library/Android/sdk
[        ] C/C++: android.ndkVersion from module build.gradle is [28.2.13676358]
[        ] C/C++: android.ndkPath from module build.gradle is not set
[        ] C/C++: ndk.dir in local.properties is not set
[        ] C/C++: Not considering ANDROID_NDK_HOME because support was removed after deprecation period.
[        ] C/C++: sdkFolder is /Users/florian/Library/Android/sdk
[        ] > Configure project :
[        ] Evaluating root project 'android' using build file '/Users/florian/Code/substitution/android/build.gradle'.
[        ] > Configure project :connectivity_plus
[        ] Evaluating project ':connectivity_plus' using build file '/Users/florian/.pub-cache/hosted/pub.dev/connectivity_plus-5.0.2/android/build.gradle'.
[        ] Using default execution profile
[        ] > Configure project :emoji_picker_flutter
[        ] Evaluating project ':emoji_picker_flutter' using build file '/Users/florian/.pub-cache/hosted/pub.dev/emoji_picker_flutter-4.4.0/android/build.gradle'.
[        ] Using default execution profile
[        ] Using Kotlin Gradle Plugin gradle85 variant
13:53 +11 -30: loading /Users/florian/Code/substitution/integration_test/feed_test.dart                                                                                                                [ +103 ms] > Configure project :file_selector_android
[        ] Evaluating project ':file_selector_android' using build file '/Users/florian/.pub-cache/hosted/pub.dev/file_selector_android-0.5.2+4/android/build.gradle'.
[        ] Using default execution profile
[        ] > Configure project :flutter_keyboard_visibility_temp_fork
[        ] Evaluating project ':flutter_keyboard_visibility_temp_fork' using build file '/Users/florian/.pub-cache/hosted/pub.dev/flutter_keyboard_visibility_temp_fork-0.1.5/android/build.gradle'.
[        ] Using default execution profile
[        ] > Configure project :flutter_native_splash
[        ] Evaluating project ':flutter_native_splash' using build file '/Users/florian/.pub-cache/hosted/pub.dev/flutter_native_splash-2.4.7/android/build.gradle'.
[        ] Using default execution profile
[        ] > Configure project :flutter_olm
[        ] Evaluating project ':flutter_olm' using build file '/Users/florian/.pub-cache/hosted/pub.dev/flutter_olm-2.0.0/android/build.gradle'.
[        ] Using default execution profile
[        ] Using Kotlin Gradle Plugin gradle85 variant
[        ] C/C++: android.ndkVersion from module build.gradle is [27.0.12077973]
[        ] C/C++: android.ndkPath from module build.gradle is not set
[        ] C/C++: ndk.dir in local.properties is not set
[        ] C/C++: Not considering ANDROID_NDK_HOME because support was removed after deprecation period.
[        ] C/C++: sdkFolder is /Users/florian/Library/Android/sdk
[        ] C/C++: android.ndkVersion from module build.gradle is [27.0.12077973]
[        ] C/C++: android.ndkPath from module build.gradle is not set
[        ] C/C++: ndk.dir in local.properties is not set
[        ] C/C++: Not considering ANDROID_NDK_HOME because support was removed after deprecation period.
[        ] C/C++: sdkFolder is /Users/florian/Library/Android/sdk
[        ] C/C++: android.ndkVersion from module build.gradle is [27.0.12077973]
[        ] C/C++: android.ndkPath from module build.gradle is not set
[        ] C/C++: ndk.dir in local.properties is not set
[        ] C/C++: Not considering ANDROID_NDK_HOME because support was removed after deprecation period.
[        ] C/C++: sdkFolder is /Users/florian/Library/Android/sdk
[        ] C/C++: android.ndkVersion from module build.gradle is [27.0.12077973]
[        ] C/C++: android.ndkPath from module build.gradle is not set
[        ] C/C++: ndk.dir in local.properties is not set
[        ] C/C++: Not considering ANDROID_NDK_HOME because support was removed after deprecation period.
[        ] C/C++: sdkFolder is /Users/florian/Library/Android/sdk
[        ] C/C++: android.ndkVersion from module build.gradle is [27.0.12077973]
[        ] C/C++: android.ndkPath from module build.gradle is not set
[        ] C/C++: ndk.dir in local.properties is not set
[        ] C/C++: Not considering ANDROID_NDK_HOME because support was removed after deprecation period.
[        ] C/C++: sdkFolder is /Users/florian/Library/Android/sdk
[        ] C/C++: android.ndkVersion from module build.gradle is [27.0.12077973]
[        ] C/C++: android.ndkPath from module build.gradle is not set
[        ] C/C++: ndk.dir in local.properties is not set
[        ] C/C++: Not considering ANDROID_NDK_HOME because support was removed after deprecation period.
[        ] C/C++: sdkFolder is /Users/florian/Library/Android/sdk
[        ] C/C++: android.ndkVersion from module build.gradle is [27.0.12077973]
[        ] C/C++: android.ndkPath from module build.gradle is not set
[        ] C/C++: ndk.dir in local.properties is not set
[        ] C/C++: Not considering ANDROID_NDK_HOME because support was removed after deprecation period.
[        ] C/C++: sdkFolder is /Users/florian/Library/Android/sdk
[        ] C/C++: android.ndkVersion from module build.gradle is [27.0.12077973]
[        ] C/C++: android.ndkPath from module build.gradle is not set
[        ] C/C++: ndk.dir in local.properties is not set
[        ] C/C++: Not considering ANDROID_NDK_HOME because support was removed after deprecation period.
[        ] C/C++: sdkFolder is /Users/florian/Library/Android/sdk
[        ] C/C++: android.ndkVersion from module build.gradle is [27.0.12077973]
[        ] C/C++: android.ndkPath from module build.gradle is not set
[        ] C/C++: ndk.dir in local.properties is not set
[        ] C/C++: Not considering ANDROID_NDK_HOME because support was removed after deprecation period.
[        ] C/C++: sdkFolder is /Users/florian/Library/Android/sdk
[        ] C/C++: android.ndkVersion from module build.gradle is [27.0.12077973]
[        ] C/C++: android.ndkPath from module build.gradle is not set
[        ] C/C++: ndk.dir in local.properties is not set
[        ] C/C++: Not considering ANDROID_NDK_HOME because support was removed after deprecation period.
[        ] C/C++: sdkFolder is /Users/florian/Library/Android/sdk
[        ] C/C++: android.ndkVersion from module build.gradle is [27.0.12077973]
[        ] C/C++: android.ndkPath from module build.gradle is not set
[        ] C/C++: ndk.dir in local.properties is not set
[        ] C/C++: Not considering ANDROID_NDK_HOME because support was removed after deprecation period.
[        ] C/C++: sdkFolder is /Users/florian/Library/Android/sdk
[        ] C/C++: android.ndkVersion from module build.gradle is [27.0.12077973]
[        ] C/C++: android.ndkPath from module build.gradle is not set
[        ] C/C++: ndk.dir in local.properties is not set
[        ] C/C++: Not considering ANDROID_NDK_HOME because support was removed after deprecation period.
[        ] C/C++: sdkFolder is /Users/florian/Library/Android/sdk
[        ] C/C++: android.ndkVersion from module build.gradle is [27.0.12077973]
[        ] C/C++: android.ndkPath from module build.gradle is not set
[        ] C/C++: ndk.dir in local.properties is not set
[        ] C/C++: Not considering ANDROID_NDK_HOME because support was removed after deprecation period.
[        ] C/C++: sdkFolder is /Users/florian/Library/Android/sdk
[        ] C/C++: android.ndkVersion from module build.gradle is [27.0.12077973]
[        ] C/C++: android.ndkPath from module build.gradle is not set
[        ] C/C++: ndk.dir in local.properties is not set
[        ] C/C++: Not considering ANDROID_NDK_HOME because support was removed after deprecation period.
[        ] C/C++: sdkFolder is /Users/florian/Library/Android/sdk
[        ] C/C++: android.ndkVersion from module build.gradle is [27.0.12077973]
[        ] C/C++: android.ndkPath from module build.gradle is not set
[        ] C/C++: ndk.dir in local.properties is not set
[        ] C/C++: Not considering ANDROID_NDK_HOME because support was removed after deprecation period.
[        ] C/C++: sdkFolder is /Users/florian/Library/Android/sdk
[        ] C/C++: android.ndkVersion from module build.gradle is [27.0.12077973]
[        ] C/C++: android.ndkPath from module build.gradle is not set
[        ] C/C++: ndk.dir in local.properties is not set
[        ] C/C++: Not considering ANDROID_NDK_HOME because support was removed after deprecation period.
[        ] C/C++: sdkFolder is /Users/florian/Library/Android/sdk
[        ] C/C++: android.ndkVersion from module build.gradle is [27.0.12077973]
[        ] C/C++: android.ndkPath from module build.gradle is not set
[        ] C/C++: ndk.dir in local.properties is not set
[        ] C/C++: Not considering ANDROID_NDK_HOME because support was removed after deprecation period.
[        ] C/C++: sdkFolder is /Users/florian/Library/Android/sdk
[        ] C/C++: android.ndkVersion from module build.gradle is [27.0.12077973]
[        ] C/C++: android.ndkPath from module build.gradle is not set
[        ] C/C++: ndk.dir in local.properties is not set
[        ] C/C++: Not considering ANDROID_NDK_HOME because support was removed after deprecation period.
[        ] C/C++: sdkFolder is /Users/florian/Library/Android/sdk
[        ] C/C++: android.ndkVersion from module build.gradle is [27.0.12077973]
[        ] C/C++: android.ndkPath from module build.gradle is not set
[        ] C/C++: ndk.dir in local.properties is not set
[        ] C/C++: Not considering ANDROID_NDK_HOME because support was removed after deprecation period.
[        ] C/C++: sdkFolder is /Users/florian/Library/Android/sdk
[        ] > Configure project :flutter_openssl_crypto
[        ] Evaluating project ':flutter_openssl_crypto' using build file '/Users/florian/.pub-cache/hosted/pub.dev/flutter_openssl_crypto-0.5.0/android/build.gradle'.
[        ] Using default execution profile
[        ] Using Kotlin Gradle Plugin gradle85 variant
[        ] C/C++: android.ndkVersion from module build.gradle is [27.0.12077973]
[        ] C/C++: android.ndkPath from module build.gradle is not set
[        ] C/C++: ndk.dir in local.properties is not set
[        ] C/C++: Not considering ANDROID_NDK_HOME because support was removed after deprecation period.
[        ] C/C++: sdkFolder is /Users/florian/Library/Android/sdk
[        ] C/C++: android.ndkVersion from module build.gradle is [27.0.12077973]
[        ] C/C++: android.ndkPath from module build.gradle is not set
[        ] C/C++: ndk.dir in local.properties is not set
[        ] C/C++: Not considering ANDROID_NDK_HOME because support was removed after deprecation period.
[        ] C/C++: sdkFolder is /Users/florian/Library/Android/sdk
[        ] C/C++: android.ndkVersion from module build.gradle is [27.0.12077973]
[        ] C/C++: android.ndkPath from module build.gradle is not set
[        ] C/C++: ndk.dir in local.properties is not set
[        ] C/C++: Not considering ANDROID_NDK_HOME because support was removed after deprecation period.
[        ] C/C++: sdkFolder is /Users/florian/Library/Android/sdk
[        ] C/C++: android.ndkVersion from module build.gradle is [27.0.12077973]
[        ] C/C++: android.ndkPath from module build.gradle is not set
[        ] C/C++: ndk.dir in local.properties is not set
[        ] C/C++: Not considering ANDROID_NDK_HOME because support was removed after deprecation period.
[        ] C/C++: sdkFolder is /Users/florian/Library/Android/sdk
[        ] C/C++: android.ndkVersion from module build.gradle is [27.0.12077973]
[        ] C/C++: android.ndkPath from module build.gradle is not set
[        ] C/C++: ndk.dir in local.properties is not set
[        ] C/C++: Not considering ANDROID_NDK_HOME because support was removed after deprecation period.
[        ] C/C++: sdkFolder is /Users/florian/Library/Android/sdk
[        ] C/C++: android.ndkVersion from module build.gradle is [27.0.12077973]
[        ] C/C++: android.ndkPath from module build.gradle is not set
[        ] C/C++: ndk.dir in local.properties is not set
[        ] C/C++: Not considering ANDROID_NDK_HOME because support was removed after deprecation period.
[        ] C/C++: sdkFolder is /Users/florian/Library/Android/sdk
[        ] C/C++: android.ndkVersion from module build.gradle is [27.0.12077973]
[        ] C/C++: android.ndkPath from module build.gradle is not set
[        ] C/C++: ndk.dir in local.properties is not set
[        ] C/C++: Not considering ANDROID_NDK_HOME because support was removed after deprecation period.
[        ] C/C++: sdkFolder is /Users/florian/Library/Android/sdk
[        ] C/C++: android.ndkVersion from module build.gradle is [27.0.12077973]
[        ] C/C++: android.ndkPath from module build.gradle is not set
[        ] C/C++: ndk.dir in local.properties is not set
[        ] C/C++: Not considering ANDROID_NDK_HOME because support was removed after deprecation period.
[        ] C/C++: sdkFolder is /Users/florian/Library/Android/sdk
[        ] C/C++: android.ndkVersion from module build.gradle is [27.0.12077973]
[        ] C/C++: android.ndkPath from module build.gradle is not set
[        ] C/C++: ndk.dir in local.properties is not set
[        ] C/C++: Not considering ANDROID_NDK_HOME because support was removed after deprecation period.
[        ] C/C++: sdkFolder is /Users/florian/Library/Android/sdk
[        ] C/C++: android.ndkVersion from module build.gradle is [27.0.12077973]
[        ] C/C++: android.ndkPath from module build.gradle is not set
[        ] C/C++: ndk.dir in local.properties is not set
[        ] C/C++: Not considering ANDROID_NDK_HOME because support was removed after deprecation period.
[        ] C/C++: sdkFolder is /Users/florian/Library/Android/sdk
[        ] C/C++: android.ndkVersion from module build.gradle is [27.0.12077973]
[        ] C/C++: android.ndkPath from module build.gradle is not set
[        ] C/C++: ndk.dir in local.properties is not set
[        ] C/C++: Not considering ANDROID_NDK_HOME because support was removed after deprecation period.
[        ] C/C++: sdkFolder is /Users/florian/Library/Android/sdk
[        ] C/C++: android.ndkVersion from module build.gradle is [27.0.12077973]
[        ] C/C++: android.ndkPath from module build.gradle is not set
[        ] C/C++: ndk.dir in local.properties is not set
[        ] C/C++: Not considering ANDROID_NDK_HOME because support was removed after deprecation period.
[        ] C/C++: sdkFolder is /Users/florian/Library/Android/sdk
[        ] C/C++: android.ndkVersion from module build.gradle is [27.0.12077973]
[        ] C/C++: android.ndkPath from module build.gradle is not set
[        ] C/C++: ndk.dir in local.properties is not set
[        ] C/C++: Not considering ANDROID_NDK_HOME because support was removed after deprecation period.
[        ] C/C++: sdkFolder is /Users/florian/Library/Android/sdk
[        ] C/C++: android.ndkVersion from module build.gradle is [27.0.12077973]
[        ] C/C++: android.ndkPath from module build.gradle is not set
[        ] C/C++: ndk.dir in local.properties is not set
[        ] C/C++: Not considering ANDROID_NDK_HOME because support was removed after deprecation period.
[        ] C/C++: sdkFolder is /Users/florian/Library/Android/sdk
[        ] C/C++: android.ndkVersion from module build.gradle is [27.0.12077973]
[        ] C/C++: android.ndkPath from module build.gradle is not set
[        ] C/C++: ndk.dir in local.properties is not set
[        ] C/C++: Not considering ANDROID_NDK_HOME because support was removed after deprecation period.
[        ] C/C++: sdkFolder is /Users/florian/Library/Android/sdk
[        ] C/C++: android.ndkVersion from module build.gradle is [27.0.12077973]
[        ] C/C++: android.ndkPath from module build.gradle is not set
[        ] C/C++: ndk.dir in local.properties is not set
[        ] C/C++: Not considering ANDROID_NDK_HOME because support was removed after deprecation period.
[        ] C/C++: sdkFolder is /Users/florian/Library/Android/sdk
[        ] C/C++: android.ndkVersion from module build.gradle is [27.0.12077973]
[        ] C/C++: android.ndkPath from module build.gradle is not set
[        ] C/C++: ndk.dir in local.properties is not set
[        ] C/C++: Not considering ANDROID_NDK_HOME because support was removed after deprecation period.
[        ] C/C++: sdkFolder is /Users/florian/Library/Android/sdk
[        ] C/C++: android.ndkVersion from module build.gradle is [27.0.12077973]
[        ] C/C++: android.ndkPath from module build.gradle is not set
[        ] C/C++: ndk.dir in local.properties is not set
[        ] C/C++: Not considering ANDROID_NDK_HOME because support was removed after deprecation period.
[        ] C/C++: sdkFolder is /Users/florian/Library/Android/sdk
[        ] C/C++: android.ndkVersion from module build.gradle is [27.0.12077973]
[        ] C/C++: android.ndkPath from module build.gradle is not set
[        ] C/C++: ndk.dir in local.properties is not set
[        ] C/C++: Not considering ANDROID_NDK_HOME because support was removed after deprecation period.
[        ] C/C++: sdkFolder is /Users/florian/Library/Android/sdk
[  +94 ms] > Configure project :integration_test
[        ] Evaluating project ':integration_test' using build file '/opt/homebrew/share/flutter/packages/integration_test/android/build.gradle.kts'.
[        ] Resolved plugin [id: 'com.android.library']
[        ] Using default execution profile
[        ] > Configure project :path_provider_android
[        ] Evaluating project ':path_provider_android' using build file '/Users/florian/.pub-cache/hosted/pub.dev/path_provider_android-2.2.22/android/build.gradle'.
[        ] Using default execution profile
[        ] > Configure project :quill_native_bridge_android
[        ] Evaluating project ':quill_native_bridge_android' using build file '/Users/florian/.pub-cache/hosted/pub.dev/quill_native_bridge_android-0.0.1+2/android/build.gradle'.
[        ] Using default execution profile
[        ] Using Kotlin Gradle Plugin gradle85 variant
[        ] > Configure project :shared_preferences_android
[        ] Evaluating project ':shared_preferences_android' using build file '/Users/florian/.pub-cache/hosted/pub.dev/shared_preferences_android-2.4.20/android/build.gradle'.
[        ] Using default execution profile
[        ] Using Kotlin Gradle Plugin gradle85 variant
[        ] > Configure project :sqflite_android
[        ] Evaluating project ':sqflite_android' using build file '/Users/florian/.pub-cache/hosted/pub.dev/sqflite_android-2.4.2+2/android/build.gradle'.
[        ] Using default execution profile
[        ] > Configure project :url_launcher_android
[        ] Evaluating project ':url_launcher_android' using build file '/Users/florian/.pub-cache/hosted/pub.dev/url_launcher_android-6.3.28/android/build.gradle'.
[        ] Using default execution profile
[  +97 ms] > Configure project :video_player_android
[        ] Evaluating project ':video_player_android' using build file '/Users/florian/.pub-cache/hosted/pub.dev/video_player_android-2.9.1/android/build.gradle'.
[        ] Using default execution profile
[        ] Using Kotlin Gradle Plugin gradle85 variant
[        ] All projects evaluated.
[        ] Task name matched 'assembleDebug'
[        ] Selected primary task 'assembleDebug' from project :
[        ] Adding -Xuse-inline-scopes-numbers Kotlin compiler flag for task :app:compileDebugKotlin
[   +2 ms] Tasks to be executed: [task ':app:preBuild', task ':app:preDebugBuild', task ':app:mergeDebugNativeDebugMetadata', task ':app:checkKotlinGradlePluginConfigurationErrors', task ':app:compileFlutterBuildDebug', task ':app:packJniLibsflutterBuildDebug', task ':connectivity_plus:preBuild', task ':connectivity_plus:preDebugBuild', task ':connectivity_plus:writeDebugAarMetadata', task ':emoji_picker_flutter:preBuild', task ':emoji_picker_flutter:preDebugBuild', task ':emoji_picker_flutter:writeDebugAarMetadata', task ':file_selector_android:preBuild', task ':file_selector_android:preDebugBuild', task ':file_selector_android:writeDebugAarMetadata', task ':flutter_keyboard_visibility_temp_fork:preBuild', task ':flutter_keyboard_visibility_temp_fork:preDebugBuild', task ':flutter_keyboard_visibility_temp_fork:writeDebugAarMetadata', task ':flutter_native_splash:preBuild', task ':flutter_native_splash:preDebugBuild', task ':flutter_native_splash:writeDebugAarMetadata', task ':flutter_olm:preBuild', task ':flutter_olm:preDebugBuild', task ':flutter_olm:writeDebugAarMetadata', task ':flutter_openssl_crypto:preBuild', task ':flutter_openssl_crypto:preDebugBuild', task ':flutter_openssl_crypto:writeDebugAarMetadata', task ':integration_test:preBuild', task ':integration_test:preDebugBuild', task ':integration_test:writeDebugAarMetadata', task ':path_provider_android:preBuild', task ':path_provider_android:preDebugBuild', task ':path_provider_android:writeDebugAarMetadata', task ':quill_native_bridge_android:preBuild', task ':quill_native_bridge_android:preDebugBuild', task ':quill_native_bridge_android:writeDebugAarMetadata', task ':shared_preferences_android:preBuild', task ':shared_preferences_android:preDebugBuild', task ':shared_preferences_android:writeDebugAarMetadata', task ':sqflite_android:preBuild', task ':sqflite_android:preDebugBuild', task ':sqflite_android:writeDebugAarMetadata', task ':url_launcher_android:preBuild', task ':url_launcher_android:preDebugBuild', task ':url_launcher_android:writeDebugAarMetadata', task ':video_player_android:preBuild', task ':video_player_android:preDebugBuild', task ':video_player_android:writeDebugAarMetadata', task ':app:checkDebugAarMetadata', task ':app:cleanMergeDebugAssets', task ':app:mergeDebugShaders', task ':app:compileDebugShaders', task ':app:generateDebugAssets', task ':connectivity_plus:mergeDebugShaders', task ':connectivity_plus:compileDebugShaders', task ':connectivity_plus:generateDebugAssets', task ':connectivity_plus:mergeDebugAssets', task ':emoji_picker_flutter:mergeDebugShaders', task ':emoji_picker_flutter:compileDebugShaders', task ':emoji_picker_flutter:generateDebugAssets', task ':emoji_picker_flutter:mergeDebugAssets', task ':file_selector_android:mergeDebugShaders', task ':file_selector_android:compileDebugShaders', task ':file_selector_android:generateDebugAssets', task ':file_selector_android:mergeDebugAssets', task ':flutter_keyboard_visibility_temp_fork:mergeDebugShaders', task ':flutter_keyboard_visibility_temp_fork:compileDebugShaders', task ':flutter_keyboard_visibility_temp_fork:generateDebugAssets', task ':flutter_keyboard_visibility_temp_fork:mergeDebugAssets', task ':flutter_native_splash:mergeDebugShaders', task ':flutter_native_splash:compileDebugShaders', task ':flutter_native_splash:generateDebugAssets', task ':flutter_native_splash:mergeDebugAssets', task ':flutter_olm:mergeDebugShaders', task ':flutter_olm:compileDebugShaders', task ':flutter_olm:generateDebugAssets', task ':flutter_olm:mergeDebugAssets', task ':flutter_openssl_crypto:mergeDebugShaders', task ':flutter_openssl_crypto:compileDebugShaders', task ':flutter_openssl_crypto:generateDebugAssets', task ':flutter_openssl_crypto:mergeDebugAssets', task ':integration_test:mergeDebugShaders', task ':integration_test:compileDebugShaders', task ':integration_test:generateDebugAssets', task ':integration_test:mergeDebugAssets', task ':path_provider_android:mergeDebugShaders', task ':path_provider_android:compileDebugShaders', task ':path_provider_android:generateDebugAssets', task ':path_provider_android:mergeDebugAssets', task ':quill_native_bridge_android:mergeDebugShaders', task ':quill_native_bridge_android:compileDebugShaders', task ':quill_native_bridge_android:generateDebugAssets', task ':quill_native_bridge_android:mergeDebugAssets', task ':shared_preferences_android:mergeDebugShaders', task ':shared_preferences_android:compileDebugShaders', task ':shared_preferences_android:generateDebugAssets', task ':shared_preferences_android:mergeDebugAssets', task ':sqflite_android:mergeDebugShaders', task ':sqflite_android:compileDebugShaders', task ':sqflite_android:generateDebugAssets', task ':sqflite_android:mergeDebugAssets', task ':url_launcher_android:mergeDebugShaders', task ':url_launcher_android:compileDebugShaders', task ':url_launcher_android:generateDebugAssets', task ':url_launcher_android:mergeDebugAssets', task ':video_player_android:mergeDebugShaders', task ':video_player_android:compileDebugShaders', task ':video_player_android:generateDebugAssets', task ':video_player_android:mergeDebugAssets', task ':app:mergeDebugAssets', task ':app:copyFlutterAssetsDebug', task ':app:generateDebugResValues', task ':connectivity_plus:generateDebugResValues', task ':connectivity_plus:generateDebugResources', task ':connectivity_plus:packageDebugResources', task ':emoji_picker_flutter:generateDebugResValues', task ':emoji_picker_flutter:generateDebugResources', task ':emoji_picker_flutter:packageDebugResources', task ':file_selector_android:generateDebugResValues', task ':file_selector_android:generateDebugResources', task ':file_selector_android:packageDebugResources', task ':flutter_keyboard_visibility_temp_fork:generateDebugResValues', task ':flutter_keyboard_visibility_temp_fork:generateDebugResources', task ':flutter_keyboard_visibility_temp_fork:packageDebugResources', task ':flutter_native_splash:generateDebugResValues', task ':flutter_native_splash:generateDebugResources', task ':flutter_native_splash:packageDebugResources', task ':flutter_olm:generateDebugResValues', task ':flutter_olm:generateDebugResources', task ':flutter_olm:packageDebugResources', task ':flutter_openssl_crypto:generateDebugResValues', task ':flutter_openssl_crypto:generateDebugResources', task ':flutter_openssl_crypto:packageDebugResources', task ':integration_test:generateDebugResValues', task ':integration_test:generateDebugResources', task ':integration_test:packageDebugResources', task ':path_provider_android:generateDebugResValues', task ':path_provider_android:generateDebugResources', task ':path_provider_android:packageDebugResources', task ':quill_native_bridge_android:generateDebugResValues', task ':quill_native_bridge_android:generateDebugResources', task ':quill_native_bridge_android:packageDebugResources', task ':shared_preferences_android:generateDebugResValues', task ':shared_preferences_android:generateDebugResources', task ':shared_preferences_android:packageDebugResources', task ':sqflite_android:generateDebugResValues', task ':sqflite_android:generateDebugResources', task ':sqflite_android:packageDebugResources', task ':url_launcher_android:generateDebugResValues', task ':url_launcher_android:generateDebugResources', task ':url_launcher_android:packageDebugResources', task ':video_player_android:generateDebugResValues', task ':video_player_android:generateDebugResources', task ':video_player_android:packageDebugResources', task ':app:mapDebugSourceSetPaths', task ':app:generateDebugResources', task ':app:mergeDebugResources', task ':app:packageDebugResources', task ':app:parseDebugLocalResources', task ':app:createDebugCompatibleScreenManifests', task ':app:extractDeepLinksDebug', task ':connectivity_plus:extractDeepLinksDebug', task ':connectivity_plus:processDebugManifest', task ':emoji_picker_flutter:extractDeepLinksDebug', task ':emoji_picker_flutter:processDebugManifest', task ':file_selector_android:extractDeepLinksDebug', task ':file_selector_android:processDebugManifest', task ':flutter_keyboard_visibility_temp_fork:extractDeepLinksDebug', task ':flutter_keyboard_visibility_temp_fork:processDebugManifest', task ':flutter_native_splash:extractDeepLinksDebug', task ':flutter_native_splash:processDebugManifest', task ':flutter_olm:extractDeepLinksDebug', task ':flutter_olm:processDebugManifest', task ':flutter_openssl_crypto:extractDeepLinksDebug', task ':flutter_openssl_crypto:processDebugManifest', task ':integration_test:extractDeepLinksDebug', task ':integration_test:processDebugManifest', task ':path_provider_android:extractDeepLinksDebug', task ':path_provider_android:processDebugManifest', task ':quill_native_bridge_android:extractDeepLinksDebug', task ':quill_native_bridge_android:processDebugManifest', task ':shared_preferences_android:extractDeepLinksDebug', task ':shared_preferences_android:processDebugManifest', task ':sqflite_android:extractDeepLinksDebug', task ':sqflite_android:processDebugManifest', task ':url_launcher_android:extractDeepLinksDebug', task ':url_launcher_android:processDebugManifest', task ':video_player_android:extractDeepLinksDebug', task ':video_player_android:processDebugManifest', task ':app:processDebugMainManifest', task ':app:outputDebugAppLinkSettings', task ':app:processDebugManifest', task ':app:processDebugManifestForPackage', task ':connectivity_plus:compileDebugLibraryResources', task ':connectivity_plus:parseDebugLocalResources', task ':connectivity_plus:generateDebugRFile', task ':emoji_picker_flutter:compileDebugLibraryResources', task ':emoji_picker_flutter:parseDebugLocalResources', task ':emoji_picker_flutter:generateDebugRFile', task ':file_selector_android:compileDebugLibraryResources', task ':file_selector_android:parseDebugLocalResources', task ':file_selector_android:generateDebugRFile', task ':flutter_keyboard_visibility_temp_fork:compileDebugLibraryResources', task ':flutter_keyboard_visibility_temp_fork:parseDebugLocalResources', task ':flutter_keyboard_visibility_temp_fork:generateDebugRFile', task ':flutter_native_splash:compileDebugLibraryResources', task ':flutter_native_splash:parseDebugLocalResources', task ':flutter_native_splash:generateDebugRFile', task ':flutter_olm:compileDebugLibraryResources', task ':flutter_olm:parseDebugLocalResources', task ':flutter_olm:generateDebugRFile', task ':flutter_openssl_crypto:compileDebugLibraryResources', task ':flutter_openssl_crypto:parseDebugLocalResources', task ':flutter_openssl_crypto:generateDebugRFile', task ':integration_test:compileDebugLibraryResources', task ':integration_test:parseDebugLocalResources', task ':integration_test:generateDebugRFile', task ':path_provider_android:compileDebugLibraryResources', task ':path_provider_android:parseDebugLocalResources', task ':path_provider_android:generateDebugRFile', task ':quill_native_bridge_android:compileDebugLibraryResources', task ':quill_native_bridge_android:parseDebugLocalResources', task ':quill_native_bridge_android:generateDebugRFile', task ':shared_preferences_android:compileDebugLibraryResources', task ':shared_preferences_android:parseDebugLocalResources', task ':shared_preferences_android:generateDebugRFile', task ':sqflite_android:compileDebugLibraryResources', task ':sqflite_android:parseDebugLocalResources', task ':sqflite_android:generateDebugRFile', task ':url_launcher_android:compileDebugLibraryResources', task ':url_launcher_android:parseDebugLocalResources', task ':url_launcher_android:generateDebugRFile', task ':video_player_android:compileDebugLibraryResources', task ':video_player_android:parseDebugLocalResources', task ':video_player_android:generateDebugRFile', task ':app:processDebugResources', task ':connectivity_plus:javaPreCompileDebug', task ':connectivity_plus:compileDebugJavaWithJavac', task ':connectivity_plus:bundleLibCompileToJarDebug', task ':emoji_picker_flutter:checkKotlinGradlePluginConfigurationErrors', task ':emoji_picker_flutter:compileDebugKotlin', task ':emoji_picker_flutter:javaPreCompileDebug', task ':emoji_picker_flutter:compileDebugJavaWithJavac', task ':emoji_picker_flutter:bundleLibCompileToJarDebug', task ':file_selector_android:javaPreCompileDebug', task ':file_selector_android:compileDebugJavaWithJavac', task ':file_selector_android:bundleLibCompileToJarDebug', task ':flutter_keyboard_visibility_temp_fork:javaPreCompileDebug', task ':flutter_keyboard_visibility_temp_fork:compileDebugJavaWithJavac', task ':flutter_keyboard_visibility_temp_fork:bundleLibCompileToJarDebug', task ':flutter_native_splash:javaPreCompileDebug', task ':flutter_native_splash:compileDebugJavaWithJavac', task ':flutter_native_splash:bundleLibCompileToJarDebug', task ':flutter_olm:checkKotlinGradlePluginConfigurationErrors', task ':flutter_olm:compileDebugKotlin', task ':flutter_olm:javaPreCompileDebug', task ':flutter_olm:compileDebugJavaWithJavac', task ':flutter_olm:bundleLibCompileToJarDebug', task ':flutter_openssl_crypto:checkKotlinGradlePluginConfigurationErrors', task ':flutter_openssl_crypto:compileDebugKotlin', task ':flutter_openssl_crypto:javaPreCompileDebug', task ':flutter_openssl_crypto:compileDebugJavaWithJavac', task ':flutter_openssl_crypto:bundleLibCompileToJarDebug', task ':integration_test:javaPreCompileDebug', task ':integration_test:compileDebugJavaWithJavac', task ':integration_test:bundleLibCompileToJarDebug', task ':path_provider_android:javaPreCompileDebug', task ':path_provider_android:compileDebugJavaWithJavac', task ':path_provider_android:bundleLibCompileToJarDebug', task ':quill_native_bridge_android:checkKotlinGradlePluginConfigurationErrors', task ':quill_native_bridge_android:compileDebugKotlin', task ':quill_native_bridge_android:javaPreCompileDebug', task ':quill_native_bridge_android:compileDebugJavaWithJavac', task ':quill_native_bridge_android:bundleLibCompileToJarDebug', task ':shared_preferences_android:checkKotlinGradlePluginConfigurationErrors', task ':shared_preferences_android:compileDebugKotlin', task ':shared_preferences_android:javaPreCompileDebug', task ':shared_preferences_android:compileDebugJavaWithJavac', task ':shared_preferences_android:bundleLibCompileToJarDebug', task ':sqflite_android:javaPreCompileDebug', task ':sqflite_android:compileDebugJavaWithJavac', task ':sqflite_android:bundleLibCompileToJarDebug', task ':url_launcher_android:generateDebugBuildConfig', task ':url_launcher_android:javaPreCompileDebug', task ':url_launcher_android:compileDebugJavaWithJavac', task ':url_launcher_android:bundleLibCompileToJarDebug', task ':video_player_android:checkKotlinGradlePluginConfigurationErrors', task ':video_player_android:compileDebugKotlin', task ':video_player_android:javaPreCompileDebug', task ':video_player_android:compileDebugJavaWithJavac', task ':video_player_android:bundleLibCompileToJarDebug', task ':app:compileDebugKotlin', task ':app:javaPreCompileDebug', task ':app:compileDebugJavaWithJavac', task ':app:compressDebugAssets', task ':app:processDebugJavaRes', task ':connectivity_plus:processDebugJavaRes', task ':emoji_picker_flutter:processDebugJavaRes', task ':file_selector_android:processDebugJavaRes', task ':flutter_keyboard_visibility_temp_fork:processDebugJavaRes', task ':flutter_native_splash:processDebugJavaRes', task ':flutter_olm:processDebugJavaRes', task ':flutter_openssl_crypto:processDebugJavaRes', task ':integration_test:processDebugJavaRes', task ':path_provider_android:processDebugJavaRes', task ':quill_native_bridge_android:processDebugJavaRes', task ':shared_preferences_android:processDebugJavaRes', task ':sqflite_android:processDebugJavaRes', task ':url_launcher_android:processDebugJavaRes', task ':video_player_android:processDebugJavaRes', task ':app:mergeDebugJavaResource', task ':app:checkDebugDuplicateClasses', task ':app:desugarDebugFileDependencies', task ':app:mergeExtDexDebug', task ':connectivity_plus:bundleLibRuntimeToDirDebug', task ':emoji_picker_flutter:bundleLibRuntimeToDirDebug', task ':file_selector_android:bundleLibRuntimeToDirDebug', task ':flutter_keyboard_visibility_temp_fork:bundleLibRuntimeToDirDebug', task ':flutter_native_splash:bundleLibRuntimeToDirDebug', task ':flutter_olm:bundleLibRuntimeToDirDebug', task ':flutter_openssl_crypto:bundleLibRuntimeToDirDebug', task ':integration_test:bundleLibRuntimeToDirDebug', task ':path_provider_android:bundleLibRuntimeToDirDebug', task ':quill_native_bridge_android:bundleLibRuntimeToDirDebug', task ':shared_preferences_android:bundleLibRuntimeToDirDebug', task ':sqflite_android:bundleLibRuntimeToDirDebug', task ':url_launcher_android:bundleLibRuntimeToDirDebug', task ':video_player_android:bundleLibRuntimeToDirDebug', task ':app:mergeLibDexDebug', task ':app:dexBuilderDebug', task ':app:mergeProjectDexDebug', task ':app:configureCMakeDebug[arm64-v8a]', task ':app:buildCMakeDebug[arm64-v8a]', task ':app:configureCMakeDebug[armeabi-v7a]', task ':app:buildCMakeDebug[armeabi-v7a]', task ':app:configureCMakeDebug[x86_64]', task ':app:buildCMakeDebug[x86_64]', task ':app:mergeDebugJniLibFolders', task ':connectivity_plus:mergeDebugJniLibFolders', task ':connectivity_plus:mergeDebugNativeLibs', task ':connectivity_plus:copyDebugJniLibsProjectOnly', task ':emoji_picker_flutter:mergeDebugJniLibFolders', task ':emoji_picker_flutter:mergeDebugNativeLibs', task ':emoji_picker_flutter:copyDebugJniLibsProjectOnly', task ':file_selector_android:mergeDebugJniLibFolders', task ':file_selector_android:mergeDebugNativeLibs', task ':file_selector_android:copyDebugJniLibsProjectOnly', task ':flutter_keyboard_visibility_temp_fork:mergeDebugJniLibFolders', task ':flutter_keyboard_visibility_temp_fork:mergeDebugNativeLibs', task ':flutter_keyboard_visibility_temp_fork:copyDebugJniLibsProjectOnly', task ':flutter_native_splash:mergeDebugJniLibFolders', task ':flutter_native_splash:mergeDebugNativeLibs', task ':flutter_native_splash:copyDebugJniLibsProjectOnly', task ':flutter_olm:preProfileBuild', task ':flutter_olm:configureCMakeDebug[arm64-v8a]', task ':flutter_olm:buildCMakeDebug[arm64-v8a]', task ':flutter_olm:configureCMakeDebug[armeabi-v7a]', task ':flutter_olm:buildCMakeDebug[armeabi-v7a]', task ':flutter_olm:configureCMakeDebug[x86]', task ':flutter_olm:buildCMakeDebug[x86]', task ':flutter_olm:configureCMakeDebug[x86_64]', task ':flutter_olm:buildCMakeDebug[x86_64]', task ':flutter_olm:mergeDebugJniLibFolders', task ':flutter_olm:mergeDebugNativeLibs', task ':flutter_olm:copyDebugJniLibsProjectOnly', task ':flutter_openssl_crypto:preProfileBuild', task ':flutter_openssl_crypto:configureCMakeDebug[arm64-v8a]', task ':flutter_openssl_crypto:buildCMakeDebug[arm64-v8a]', task ':flutter_openssl_crypto:configureCMakeDebug[armeabi-v7a]', task ':flutter_openssl_crypto:buildCMakeDebug[armeabi-v7a]', task ':flutter_openssl_crypto:configureCMakeDebug[x86]', task ':flutter_openssl_crypto:buildCMakeDebug[x86]', task ':flutter_openssl_crypto:configureCMakeDebug[x86_64]', task ':flutter_openssl_crypto:buildCMakeDebug[x86_64]', task ':flutter_openssl_crypto:mergeDebugJniLibFolders', task ':flutter_openssl_crypto:mergeDebugNativeLibs', task ':flutter_openssl_crypto:copyDebugJniLibsProjectOnly', task ':integration_test:mergeDebugJniLibFolders', task ':integration_test:mergeDebugNativeLibs', task ':integration_test:copyDebugJniLibsProjectOnly', task ':path_provider_android:mergeDebugJniLibFolders', task ':path_provider_android:mergeDebugNativeLibs', task ':path_provider_android:copyDebugJniLibsProjectOnly', task ':quill_native_bridge_android:mergeDebugJniLibFolders', task ':quill_native_bridge_android:mergeDebugNativeLibs', task ':quill_native_bridge_android:copyDebugJniLibsProjectOnly', task ':shared_preferences_android:mergeDebugJniLibFolders', task ':shared_preferences_android:mergeDebugNativeLibs', task ':shared_preferences_android:copyDebugJniLibsProjectOnly', task ':sqflite_android:mergeDebugJniLibFolders', task ':sqflite_android:mergeDebugNativeLibs', task ':sqflite_android:copyDebugJniLibsProjectOnly', task ':url_launcher_android:mergeDebugJniLibFolders', task ':url_launcher_android:mergeDebugNativeLibs', task ':url_launcher_android:copyDebugJniLibsProjectOnly', task ':video_player_android:mergeDebugJniLibFolders', task ':video_player_android:mergeDebugNativeLibs', task ':video_player_android:copyDebugJniLibsProjectOnly', task ':app:mergeDebugNativeLibs', task ':app:stripDebugDebugSymbols', task ':app:validateSigningDebug', task ':app:writeDebugAppMetadata', task ':app:writeDebugSigningConfigVersions', task ':app:packageDebug', task ':app:createDebugApkListingFileRedirect', task ':app:assembleDebug', task ':connectivity_plus:stripDebugDebugSymbols', task ':connectivity_plus:copyDebugJniLibsProjectAndLocalJars', task ':connectivity_plus:extractDebugAnnotations', task ':connectivity_plus:extractDeepLinksForAarDebug', task ':connectivity_plus:mergeDebugGeneratedProguardFiles', task ':connectivity_plus:mergeDebugConsumerProguardFiles', task ':connectivity_plus:prepareDebugArtProfile', task ':connectivity_plus:prepareLintJarForPublish', task ':connectivity_plus:mergeDebugJavaResource', task ':connectivity_plus:syncDebugLibJars', task ':connectivity_plus:bundleDebugAar', task ':connectivity_plus:assembleDebug', task ':emoji_picker_flutter:stripDebugDebugSymbols', task ':emoji_picker_flutter:copyDebugJniLibsProjectAndLocalJars', task ':emoji_picker_flutter:extractDebugAnnotations', task ':emoji_picker_flutter:extractDeepLinksForAarDebug', task ':emoji_picker_flutter:mergeDebugGeneratedProguardFiles', task ':emoji_picker_flutter:mergeDebugConsumerProguardFiles', task ':emoji_picker_flutter:prepareDebugArtProfile', task ':emoji_picker_flutter:prepareLintJarForPublish', task ':emoji_picker_flutter:mergeDebugJavaResource', task ':emoji_picker_flutter:syncDebugLibJars', task ':emoji_picker_flutter:bundleDebugAar', task ':emoji_picker_flutter:assembleDebug', task ':file_selector_android:stripDebugDebugSymbols', task ':file_selector_android:copyDebugJniLibsProjectAndLocalJars', task ':file_selector_android:extractDebugAnnotations', task ':file_selector_android:extractDeepLinksForAarDebug', task ':file_selector_android:mergeDebugGeneratedProguardFiles', task ':file_selector_android:mergeDebugConsumerProguardFiles', task ':file_selector_android:prepareDebugArtProfile', task ':file_selector_android:prepareLintJarForPublish', task ':file_selector_android:mergeDebugJavaResource', task ':file_selector_android:syncDebugLibJars', task ':file_selector_android:bundleDebugAar', task ':file_selector_android:assembleDebug', task ':flutter_keyboard_visibility_temp_fork:stripDebugDebugSymbols', task ':flutter_keyboard_visibility_temp_fork:copyDebugJniLibsProjectAndLocalJars', task ':flutter_keyboard_visibility_temp_fork:extractDebugAnnotations', task ':flutter_keyboard_visibility_temp_fork:extractDeepLinksForAarDebug', task ':flutter_keyboard_visibility_temp_fork:mergeDebugGeneratedProguardFiles', task ':flutter_keyboard_visibility_temp_fork:mergeDebugConsumerProguardFiles', task ':flutter_keyboard_visibility_temp_fork:prepareDebugArtProfile', task ':flutter_keyboard_visibility_temp_fork:prepareLintJarForPublish', task ':flutter_keyboard_visibility_temp_fork:mergeDebugJavaResource', task ':flutter_keyboard_visibility_temp_fork:syncDebugLibJars', task ':flutter_keyboard_visibility_temp_fork:bundleDebugAar', task ':flutter_keyboard_visibility_temp_fork:assembleDebug', task ':flutter_native_splash:stripDebugDebugSymbols', task ':flutter_native_splash:copyDebugJniLibsProjectAndLocalJars', task ':flutter_native_splash:extractDebugAnnotations', task ':flutter_native_splash:extractDeepLinksForAarDebug', task ':flutter_native_splash:mergeDebugGeneratedProguardFiles', task ':flutter_native_splash:mergeDebugConsumerProguardFiles', task ':flutter_native_splash:prepareDebugArtProfile', task ':flutter_native_splash:prepareLintJarForPublish', task ':flutter_native_splash:mergeDebugJavaResource', task ':flutter_native_splash:syncDebugLibJars', task ':flutter_native_splash:bundleDebugAar', task ':flutter_native_splash:assembleDebug', task ':flutter_olm:stripDebugDebugSymbols', task ':flutter_olm:copyDebugJniLibsProjectAndLocalJars', task ':flutter_olm:extractDebugAnnotations', task ':flutter_olm:extractDeepLinksForAarDebug', task ':flutter_olm:mergeDebugGeneratedProguardFiles', task ':flutter_olm:mergeDebugConsumerProguardFiles', task ':flutter_olm:prepareDebugArtProfile', task ':flutter_olm:prepareLintJarForPublish', task ':flutter_olm:mergeDebugJavaResource', task ':flutter_olm:syncDebugLibJars', task ':flutter_olm:bundleDebugAar', task ':flutter_olm:assembleDebug', task ':flutter_openssl_crypto:stripDebugDebugSymbols', task ':flutter_openssl_crypto:copyDebugJniLibsProjectAndLocalJars', task ':flutter_openssl_crypto:extractDebugAnnotations', task ':flutter_openssl_crypto:extractDeepLinksForAarDebug', task ':flutter_openssl_crypto:mergeDebugGeneratedProguardFiles', task ':flutter_openssl_crypto:mergeDebugConsumerProguardFiles', task ':flutter_openssl_crypto:prepareDebugArtProfile', task ':flutter_openssl_crypto:prepareLintJarForPublish', task ':flutter_openssl_crypto:mergeDebugJavaResource', task ':flutter_openssl_crypto:syncDebugLibJars', task ':flutter_openssl_crypto:bundleDebugAar', task ':flutter_openssl_crypto:assembleDebug', task ':integration_test:stripDebugDebugSymbols', task ':integration_test:copyDebugJniLibsProjectAndLocalJars', task ':integration_test:extractDebugAnnotations', task ':integration_test:extractDeepLinksForAarDebug', task ':integration_test:mergeDebugGeneratedProguardFiles', task ':integration_test:mergeDebugConsumerProguardFiles', task ':integration_test:prepareDebugArtProfile', task ':integration_test:prepareLintJarForPublish', task ':integration_test:mergeDebugJavaResource', task ':integration_test:syncDebugLibJars', task ':integration_test:bundleDebugAar', task ':integration_test:assembleDebug', task ':path_provider_android:stripDebugDebugSymbols', task ':path_provider_android:copyDebugJniLibsProjectAndLocalJars', task ':path_provider_android:extractDebugAnnotations', task ':path_provider_android:extractDeepLinksForAarDebug', task ':path_provider_android:mergeDebugGeneratedProguardFiles', task ':path_provider_android:mergeDebugConsumerProguardFiles', task ':path_provider_android:prepareDebugArtProfile', task ':path_provider_android:prepareLintJarForPublish', task ':path_provider_android:mergeDebugJavaResource', task ':path_provider_android:syncDebugLibJars', task ':path_provider_android:bundleDebugAar', task ':path_provider_android:assembleDebug', task ':quill_native_bridge_android:stripDebugDebugSymbols', task ':quill_native_bridge_android:copyDebugJniLibsProjectAndLocalJars', task ':quill_native_bridge_android:extractDebugAnnotations', task ':quill_native_bridge_android:extractDeepLinksForAarDebug', task ':quill_native_bridge_android:mergeDebugGeneratedProguardFiles', task ':quill_native_bridge_android:mergeDebugConsumerProguardFiles', task ':quill_native_bridge_android:prepareDebugArtProfile', task ':quill_native_bridge_android:prepareLintJarForPublish', task ':quill_native_bridge_android:mergeDebugJavaResource', task ':quill_native_bridge_android:syncDebugLibJars', task ':quill_native_bridge_android:bundleDebugAar', task ':quill_native_bridge_android:assembleDebug', task ':shared_preferences_android:stripDebugDebugSymbols', task ':shared_preferences_android:copyDebugJniLibsProjectAndLocalJars', task ':shared_preferences_android:extractDebugAnnotations', task ':shared_preferences_android:extractDeepLinksForAarDebug', task ':shared_preferences_android:mergeDebugGeneratedProguardFiles', task ':shared_preferences_android:mergeDebugConsumerProguardFiles', task ':shared_preferences_android:prepareDebugArtProfile', task ':shared_preferences_android:prepareLintJarForPublish', task ':shared_preferences_android:mergeDebugJavaResource', task ':shared_preferences_android:syncDebugLibJars', task ':shared_preferences_android:bundleDebugAar', task ':shared_preferences_android:assembleDebug', task ':sqflite_android:stripDebugDebugSymbols', task ':sqflite_android:copyDebugJniLibsProjectAndLocalJars', task ':sqflite_android:extractDebugAnnotations', task ':sqflite_android:extractDeepLinksForAarDebug', task ':sqflite_android:mergeDebugGeneratedProguardFiles', task ':sqflite_android:mergeDebugConsumerProguardFiles', task ':sqflite_android:prepareDebugArtProfile', task ':sqflite_android:prepareLintJarForPublish', task ':sqflite_android:mergeDebugJavaResource', task ':sqflite_android:syncDebugLibJars', task ':sqflite_android:bundleDebugAar', task ':sqflite_android:assembleDebug', task ':url_launcher_android:stripDebugDebugSymbols', task ':url_launcher_android:copyDebugJniLibsProjectAndLocalJars', task ':url_launcher_android:extractDebugAnnotations', task ':url_launcher_android:extractDeepLinksForAarDebug', task ':url_launcher_android:mergeDebugGeneratedProguardFiles', task ':url_launcher_android:mergeDebugConsumerProguardFiles', task ':url_launcher_android:prepareDebugArtProfile', task ':url_launcher_android:prepareLintJarForPublish', task ':url_launcher_android:mergeDebugJavaResource', task ':url_launcher_android:syncDebugLibJars', task ':url_launcher_android:bundleDebugAar', task ':url_launcher_android:assembleDebug', task ':video_player_android:stripDebugDebugSymbols', task ':video_player_android:copyDebugJniLibsProjectAndLocalJars', task ':video_player_android:extractDebugAnnotations', task ':video_player_android:extractDeepLinksForAarDebug', task ':video_player_android:mergeDebugGeneratedProguardFiles', task ':video_player_android:mergeDebugConsumerProguardFiles', task ':video_player_android:prepareDebugArtProfile', task ':video_player_android:prepareLintJarForPublish', task ':video_player_android:mergeDebugJavaResource', task ':video_player_android:syncDebugLibJars', task ':video_player_android:bundleDebugAar', task ':video_player_android:assembleDebug']
[        ] Tasks that were excluded: []
[        ] work action Parameters of ClassesDirToClassesTransform (Thread[#42906,Execution worker Thread 25,5,main]) started.
[        ] work action Parameters of DexingNoClasspathTransform (Thread[#42906,Execution worker Thread 25,5,main]) started.
[        ] Resolve mutations for :app:preBuild (Thread[#42911,Execution worker Thread 30,5,main]) started.
[        ] :app:preBuild (Thread[#42912,Execution worker Thread 31,5,main]) started.
[        ] > Task :app:preBuild UP-TO-DATE
[        ] Skipping task ':app:preBuild' as it has no actions.
[        ] Resolve mutations for :app:preDebugBuild (Thread[#42912,Execution worker Thread 31,5,main]) started.
[        ] :app:preDebugBuild (Thread[#42912,Execution worker Thread 31,5,main]) started.
[        ] > Task :app:preDebugBuild UP-TO-DATE
[        ] Skipping task ':app:preDebugBuild' as it has no actions.
[        ] Resolve mutations for :app:mergeDebugNativeDebugMetadata (Thread[#42912,Execution worker Thread 31,5,main]) started.
[        ] :app:mergeDebugNativeDebugMetadata (Thread[#42912,Execution worker Thread 31,5,main]) started.
[        ] > Task :app:mergeDebugNativeDebugMetadata NO-SOURCE
[        ] Skipping task ':app:mergeDebugNativeDebugMetadata' as it has no source files and no previous output files.
[        ] Resolve mutations for :app:checkKotlinGradlePluginConfigurationErrors (Thread[#42912,Execution worker Thread 31,5,main]) started.
[        ] :app:checkKotlinGradlePluginConfigurationErrors (Thread[#42912,Execution worker Thread 31,5,main]) started.
[        ] > Task :app:checkKotlinGradlePluginConfigurationErrors SKIPPED
[        ] Skipping task ':app:checkKotlinGradlePluginConfigurationErrors' as task onlyIf 'errorDiagnostics are present' is false.
[        ] Resolve mutations for :app:compileFlutterBuildDebug (Thread[#42912,Execution worker Thread 31,5,main]) started.
[        ] :app:compileFlutterBuildDebug (Thread[#42912,Execution worker Thread 31,5,main]) started.
13:54 +11 -30: loading /Users/florian/Code/substitution/integration_test/feed_test.dart                                                                                                                13:55 +11 -30: loading /Users/florian/Code/substitution/integration_test/feed_test.dart                                                                                                                [+1992 ms] > Task :app:compileFlutterBuildDebug
[        ] Caching disabled for task ':app:compileFlutterBuildDebug' because:
[        ]   Build cache is disabled
[        ]   Caching has not been enabled for the task
[        ] Task ':app:compileFlutterBuildDebug' is not up-to-date because:
[        ]   Value of input property 'targetPath' has changed for task ':app:compileFlutterBuildDebug'
[        ] Starting process 'command '/opt/homebrew/share/flutter/bin/flutter''. Working directory: /Users/florian/Code/substitution Command: /opt/homebrew/share/flutter/bin/flutter --verbose assemble --no-version-check --depfile /Users/florian/Code/substitution/build/app/intermediates/flutter/debug/flutter_build.d --output /Users/florian/Code/substitution/build/app/intermediates/flutter/debug -dTargetFile=/var/folders/l_/w8pnbb9d38n57pzg9j98fmy80000gn/T/flutter_tools.wuOse9/flutter_test_listener.MMjPB1/listener.dart -dTargetPlatform=android -dBuildMode=debug -dTrackWidgetCreation=true --DartDefines=TUFUUklYX1NFUlZFUj1odHRwOi8vbG9jYWxob3N0OjgwMDg=,TUFUUklYX1RFU1RfVVNFUj0=,TUFUUklYX1RFU1RfUEFTU1dPUkQ9,RkxVVFRFUl9WRVJTSU9OPTMuMzguOQ==,RkxVVFRFUl9DSEFOTkVMPXN0YWJsZQ==,RkxVVFRFUl9HSVRfVVJMPWh0dHBzOi8vZ2l0aHViLmNvbS9mbHV0dGVyL2ZsdXR0ZXIuZ2l0,RkxVVFRFUl9GUkFNRVdPUktfUkVWSVNJT049NjczMjNkZTI4NQ==,RkxVVFRFUl9FTkdJTkVfUkVWSVNJT049NTg3YzE4Zjg3Mw==,RkxVVFRFUl9EQVJUX1ZFUlNJT049My4xMC44,SU5URUdSQVRJT05fVEVTVF9TSE9VTERfUkVQT1JUX1JFU1VMVFNfVE9fTkFUSVZFPWZhbHNl -dFlavor= -dAndroidArchs=android-arm64 -dMinSdkVersion=24 debug_android_application
[        ] Successfully started process 'command '/opt/homebrew/share/flutter/bin/flutter''
[        ] [  +19 ms] executing: sysctl hw.optional.arm64
[        ] [   +3 ms] Exit code 0 from: sysctl hw.optional.arm64
[        ] [        ] hw.optional.arm64: 1
[        ] [   +3 ms] Artifact Instance of 'MaterialFonts' is not required, skipping update.
[        ] [        ] Artifact Instance of 'GradleWrapper' is not required, skipping update.
[        ] [        ] Artifact Instance of 'AndroidGenSnapshotArtifacts' is not required, skipping update.
[        ] [        ] Artifact Instance of 'AndroidInternalBuildArtifacts' is not required, skipping update.
[        ] [        ] Artifact Instance of 'IOSEngineArtifacts' is not required, skipping update.
[        ] [        ] Artifact Instance of 'FlutterWebSdk' is not required, skipping update.
[        ] [        ] Artifact Instance of 'LegacyCanvasKitRemover' is not required, skipping update.
[        ] [        ] Artifact Instance of 'FlutterSdk' is not required, skipping update.
[        ] [        ] Artifact Instance of 'WindowsEngineArtifacts' is not required, skipping update.
[        ] [        ] Artifact Instance of 'MacOSEngineArtifacts' is not required, skipping update.
[        ] [        ] Artifact Instance of 'LinuxEngineArtifacts' is not required, skipping update.
[        ] [        ] Artifact Instance of 'LinuxFuchsiaSDKArtifacts' is not required, skipping update.
[        ] [        ] Artifact Instance of 'MacOSFuchsiaSDKArtifacts' is not required, skipping update.
[        ] [        ] Artifact Instance of 'FlutterRunnerSDKArtifacts' is not required, skipping update.
[        ] [        ] Artifact Instance of 'FlutterRunnerDebugSymbols' is not required, skipping update.
[        ] [        ] Artifact Instance of 'IosUsbArtifacts' is not required, skipping update.
[        ] [        ] Artifact Instance of 'IosUsbArtifacts' is not required, skipping update.
[        ] [        ] Artifact Instance of 'IosUsbArtifacts' is not required, skipping update.
[        ] [        ] Artifact Instance of 'IosUsbArtifacts' is not required, skipping update.
[        ] [        ] Artifact Instance of 'IosUsbArtifacts' is not required, skipping update.
[        ] [        ] Artifact Instance of 'IosUsbArtifacts' is not required, skipping update.
[        ] [        ] Artifact Instance of 'FontSubsetArtifacts' is not required, skipping update.
[        ] [        ] Artifact Instance of 'PubDependencies' is not required, skipping update.
[        ] [   +3 ms] Artifact Instance of 'AndroidGenSnapshotArtifacts' is not required, skipping update.
[        ] [        ] Artifact Instance of 'AndroidInternalBuildArtifacts' is not required, skipping update.
[        ] [        ] Artifact Instance of 'IOSEngineArtifacts' is not required, skipping update.
[        ] [        ] Artifact Instance of 'FlutterWebSdk' is not required, skipping update.
[        ] [        ] Artifact Instance of 'FlutterEngineStamp' is not required, skipping update.
[        ] [        ] Artifact Instance of 'LegacyCanvasKitRemover' is not required, skipping update.
[        ] [        ] Artifact Instance of 'WindowsEngineArtifacts' is not required, skipping update.
[        ] [        ] Artifact Instance of 'MacOSEngineArtifacts' is not required, skipping update.
[        ] [        ] Artifact Instance of 'LinuxEngineArtifacts' is not required, skipping update.
[        ] [        ] Artifact Instance of 'LinuxFuchsiaSDKArtifacts' is not required, skipping update.
[        ] [        ] Artifact Instance of 'MacOSFuchsiaSDKArtifacts' is not required, skipping update.
[        ] [        ] Artifact Instance of 'FlutterRunnerSDKArtifacts' is not required, skipping update.
[        ] [        ] Artifact Instance of 'FlutterRunnerDebugSymbols' is not required, skipping update.
[        ] [  +23 ms] Artifact Instance of 'MaterialFonts' is not required, skipping update.
[        ] [        ] Artifact Instance of 'GradleWrapper' is not required, skipping update.
[        ] [        ] Artifact Instance of 'AndroidInternalBuildArtifacts' is not required, skipping update.
[        ] [        ] Artifact Instance of 'IOSEngineArtifacts' is not required, skipping update.
[        ] [        ] Artifact Instance of 'FlutterWebSdk' is not required, skipping update.
[        ] [        ] Artifact Instance of 'FlutterEngineStamp' is not required, skipping update.
[        ] [        ] Artifact Instance of 'LegacyCanvasKitRemover' is not required, skipping update.
[        ] [        ] Artifact Instance of 'FlutterSdk' is not required, skipping update.
[        ] [        ] Artifact Instance of 'WindowsEngineArtifacts' is not required, skipping update.
[        ] [        ] Artifact Instance of 'MacOSEngineArtifacts' is not required, skipping update.
[        ] [        ] Artifact Instance of 'LinuxEngineArtifacts' is not required, skipping update.
[        ] [        ] Artifact Instance of 'LinuxFuchsiaSDKArtifacts' is not required, skipping update.
[        ] [        ] Artifact Instance of 'MacOSFuchsiaSDKArtifacts' is not required, skipping update.
[        ] [        ] Artifact Instance of 'FlutterRunnerSDKArtifacts' is not required, skipping update.
[        ] [        ] Artifact Instance of 'FlutterRunnerDebugSymbols' is not required, skipping update.
[        ] [        ] Artifact Instance of 'IosUsbArtifacts' is not required, skipping update.
[        ] [        ] Artifact Instance of 'IosUsbArtifacts' is not required, skipping update.
[        ] [        ] Artifact Instance of 'IosUsbArtifacts' is not required, skipping update.
[        ] [        ] Artifact Instance of 'IosUsbArtifacts' is not required, skipping update.
[        ] [        ] Artifact Instance of 'IosUsbArtifacts' is not required, skipping update.
[        ] [        ] Artifact Instance of 'IosUsbArtifacts' is not required, skipping update.
[        ] [        ] Artifact Instance of 'FontSubsetArtifacts' is not required, skipping update.
[        ] [        ] Artifact Instance of 'PubDependencies' is not required, skipping update.
[        ] [  +21 ms] Initializing file store
[        ] [  +12 ms] dart_build: Starting due to {}
[        ] [        ] Skipping target: gen_localizations
[        ] [        ] gen_dart_plugin_registrant: Starting due to {InvalidatedReasonKind.outputSetAddition: The following outputs were added to the output set: /Users/florian/Code/substitution/.dart_tool/flutter_build/dart_plugin_registrant.dart, InvalidatedReasonKind.inputChanged: The following inputs have updated contents: /Users/florian/Code/substitution/.dart_tool/package_config.json}
[        ] [  +44 ms] Found plugin integration_test at /opt/homebrew/share/flutter/packages/integration_test/
[        ] [  +18 ms] Found plugin flutter_native_splash at /Users/florian/.pub-cache/hosted/pub.dev/flutter_native_splash-2.4.7/
[        ] [  +14 ms] Building native assets for android_arm64.
[        ] [  +24 ms] Found plugin connectivity_plus at /Users/florian/.pub-cache/hosted/pub.dev/connectivity_plus-5.0.2/
[        ] [   +8 ms] input.json contents:
[        ]            {
[        ]              "assets": {},
[        ]              "config": {
[        ]                "build_asset_types": [
[        ]                  "code_assets/code"
[        ]                ],
[        ]                "extensions": {
[        ]                  "code_assets": {
[        ]                    "android": {
[        ]                      "target_ndk_api": 24
[        ]                    },
[        ]                    "c_compiler": {
[        ]                      "ar": "/Users/florian/Library/Android/sdk/ndk/28.2.13676358/toolchains/llvm/prebuilt/darwin-x86_64/bin/llvm-ar",
[        ]                      "cc": "/Users/florian/Library/Android/sdk/ndk/28.2.13676358/toolchains/llvm/prebuilt/darwin-x86_64/bin/clang",
[        ]                      "ld": "/Users/florian/Library/Android/sdk/ndk/28.2.13676358/toolchains/llvm/prebuilt/darwin-x86_64/bin/ld.lld"
[        ]                    },
[        ]                    "link_mode_preference": "dynamic",
[        ]                    "target_architecture": "arm64",
[        ]                    "target_os": "android"
[        ]                  }
[        ]                },
[        ]                "linking_enabled": false
[        ]              },
[        ]              "out_dir_shared": "/Users/florian/Code/substitution/.dart_tool/hooks_runner/shared/objective_c/build/",
[        ]              "out_file": "/Users/florian/Code/substitution/.dart_tool/hooks_runner/objective_c/842b8c761140c2c0e73191c57a372e73/output.json",
[        ]              "package_name": "objective_c",
[        ]              "package_root": "/Users/florian/.pub-cache/hosted/pub.dev/objective_c-9.2.5/",
[        ]              "user_defines": {}
[        ]            }
[        ] [   +3 ms] output.json contents:
[        ]            {
[        ]              "assets_for_linking": {},
[        ]              "status": "success",
[        ]              "timestamp": "2026-02-16 21:57:23.000"
[        ]            }
[        ] [   +1 ms] Skipping build for objective_c in /Users/florian/Code/substitution/.dart_tool/hooks_runner/objective_c/842b8c761140c2c0e73191c57a372e73/. Last build on 2026-02-16 21:57:23.000.
[        ] [   +2 ms] Building native assets for android_arm64 done.
[        ] [   +1 ms] dart_build: Complete
[        ] [   +2 ms] install_code_assets: Starting due to {}
[        ] [   +1 ms] Writing native assets json to file:///Users/florian/Code/substitution/.dart_tool/flutter_build/8f91a608df6991a21faf9555992594b1/native_assets.json.
[        ] [   +1 ms] Found plugin video_player at /Users/florian/.pub-cache/hosted/pub.dev/video_player-2.10.1/
[        ] [        ] Found plugin video_player_web at /Users/florian/.pub-cache/hosted/pub.dev/video_player_web-2.4.0/
[        ] [        ] Writing /Users/florian/Code/substitution/.dart_tool/flutter_build/8f91a608df6991a21faf9555992594b1/native_assets.json done.
[        ] [        ] install_code_assets: Complete
[        ] [   +2 ms] Found plugin video_player_avfoundation at /Users/florian/.pub-cache/hosted/pub.dev/video_player_avfoundation-2.9.1/
[        ] [        ] Found plugin video_player_android at /Users/florian/.pub-cache/hosted/pub.dev/video_player_android-2.9.1/
[        ] [        ] Found plugin url_launcher at /Users/florian/.pub-cache/hosted/pub.dev/url_launcher-6.3.2/
[        ] [        ] Found plugin url_launcher_windows at /Users/florian/.pub-cache/hosted/pub.dev/url_launcher_windows-3.1.5/
[        ] [        ] Found plugin url_launcher_web at /Users/florian/.pub-cache/hosted/pub.dev/url_launcher_web-2.4.2/
[        ] [        ] Found plugin url_launcher_macos at /Users/florian/.pub-cache/hosted/pub.dev/url_launcher_macos-3.2.5/
[        ] [        ] Found plugin url_launcher_linux at /Users/florian/.pub-cache/hosted/pub.dev/url_launcher_linux-3.2.2/
[        ] [        ] Found plugin url_launcher_ios at /Users/florian/.pub-cache/hosted/pub.dev/url_launcher_ios-6.3.6/
[        ] [        ] Found plugin url_launcher_android at /Users/florian/.pub-cache/hosted/pub.dev/url_launcher_android-6.3.28/
[        ] [   +2 ms] Found plugin sqflite at /Users/florian/.pub-cache/hosted/pub.dev/sqflite-2.4.2/
[        ] [        ] Found plugin sqflite_darwin at /Users/florian/.pub-cache/hosted/pub.dev/sqflite_darwin-2.4.2/
[        ] [        ] Found plugin sqflite_android at /Users/florian/.pub-cache/hosted/pub.dev/sqflite_android-2.4.2+2/
[        ] [   +1 ms] Found plugin path_provider at /Users/florian/.pub-cache/hosted/pub.dev/path_provider-2.1.5/
[        ] [        ] Found plugin path_provider_windows at /Users/florian/.pub-cache/hosted/pub.dev/path_provider_windows-2.3.0/
[        ] [        ] Found plugin path_provider_linux at /Users/florian/.pub-cache/hosted/pub.dev/path_provider_linux-2.2.1/
[        ] [        ] Found plugin path_provider_foundation at /Users/florian/.pub-cache/hosted/pub.dev/path_provider_foundation-2.6.0/
[        ] [   +3 ms] Found plugin path_provider_android at /Users/florian/.pub-cache/hosted/pub.dev/path_provider_android-2.2.22/
[        ] [  +18 ms] Found plugin flutter_keyboard_visibility_temp_fork at /Users/florian/.pub-cache/hosted/pub.dev/flutter_keyboard_visibility_temp_fork-0.1.5/
[        ] [   +1 ms] Found plugin flutter_keyboard_visibility_windows at /Users/florian/.pub-cache/hosted/pub.dev/flutter_keyboard_visibility_windows-1.0.0/
[        ] [   +1 ms] Found plugin flutter_keyboard_visibility_macos at /Users/florian/.pub-cache/hosted/pub.dev/flutter_keyboard_visibility_macos-1.0.0/
[        ] [        ] Found plugin flutter_keyboard_visibility_linux at /Users/florian/.pub-cache/hosted/pub.dev/flutter_keyboard_visibility_linux-1.0.0/
[        ] [  +10 ms] Found plugin quill_native_bridge at /Users/florian/.pub-cache/hosted/pub.dev/quill_native_bridge-11.1.0/
[        ] [   +1 ms] Found plugin quill_native_bridge_windows at /Users/florian/.pub-cache/hosted/pub.dev/quill_native_bridge_windows-0.0.2/
[        ] [  +12 ms] Found plugin file_selector_windows at /Users/florian/.pub-cache/hosted/pub.dev/file_selector_windows-0.9.3+5/
[        ] [   +2 ms] Found plugin quill_native_bridge_web at /Users/florian/.pub-cache/hosted/pub.dev/quill_native_bridge_web-0.0.2/
[        ] [   +1 ms] Found plugin quill_native_bridge_macos at /Users/florian/.pub-cache/hosted/pub.dev/quill_native_bridge_macos-0.0.1/
[        ] [   +1 ms] Found plugin quill_native_bridge_ios at /Users/florian/.pub-cache/hosted/pub.dev/quill_native_bridge_ios-0.0.1/
[        ] [   +1 ms] Found plugin quill_native_bridge_android at /Users/florian/.pub-cache/hosted/pub.dev/quill_native_bridge_android-0.0.1+2/
[        ] [   +8 ms] Found plugin flutter_openssl_crypto at /Users/florian/.pub-cache/hosted/pub.dev/flutter_openssl_crypto-0.5.0/
[        ] [   +1 ms] Found plugin flutter_olm at /Users/florian/.pub-cache/hosted/pub.dev/flutter_olm-2.0.0/
[        ] [   +5 ms] Found plugin file_selector at /Users/florian/.pub-cache/hosted/pub.dev/file_selector-1.1.0/
[        ] [   +1 ms] Found plugin file_selector_web at /Users/florian/.pub-cache/hosted/pub.dev/file_selector_web-0.9.4+2/
[        ] [   +1 ms] Found plugin file_selector_macos at /Users/florian/.pub-cache/hosted/pub.dev/file_selector_macos-0.9.5/
[        ] [   +1 ms] Found plugin file_selector_linux at /Users/florian/.pub-cache/hosted/pub.dev/file_selector_linux-0.9.4/
[        ] [   +1 ms] Found plugin file_selector_ios at /Users/florian/.pub-cache/hosted/pub.dev/file_selector_ios-0.5.3+5/
[        ] [   +1 ms] Found plugin file_selector_android at /Users/florian/.pub-cache/hosted/pub.dev/file_selector_android-0.5.2+4/
[        ] [   +1 ms] Found plugin emoji_picker_flutter at /Users/florian/.pub-cache/hosted/pub.dev/emoji_picker_flutter-4.4.0/
[        ] [   +1 ms] Found plugin shared_preferences at /Users/florian/.pub-cache/hosted/pub.dev/shared_preferences-2.5.4/
[        ] [   +1 ms] Found plugin shared_preferences_windows at /Users/florian/.pub-cache/hosted/pub.dev/shared_preferences_windows-2.4.1/
[        ] [   +1 ms] Found plugin shared_preferences_web at /Users/florian/.pub-cache/hosted/pub.dev/shared_preferences_web-2.4.3/
[        ] [        ] Found plugin shared_preferences_linux at /Users/florian/.pub-cache/hosted/pub.dev/shared_preferences_linux-2.4.1/
[        ] [        ] Found plugin shared_preferences_foundation at /Users/florian/.pub-cache/hosted/pub.dev/shared_preferences_foundation-2.5.6/
[        ] [        ] Found plugin shared_preferences_android at /Users/florian/.pub-cache/hosted/pub.dev/shared_preferences_android-2.4.20/
[        ] [  +14 ms] Skipping generating dart_plugin_registrant.dart because it is up-to-date.
[        ] [        ] gen_dart_plugin_registrant: Complete
[        ] [   +1 ms] kernel_snapshot_program: Starting due to {}
[        ] [   +6 ms] /opt/homebrew/share/flutter/bin/cache/dart-sdk/bin/dartaotruntime /opt/homebrew/share/flutter/bin/cache/dart-sdk/bin/snapshots/frontend_server_aot.dart.snapshot --sdk-root /opt/homebrew/share/flutter/bin/cache/artifacts/engine/common/flutter_patched_sdk/ --target=flutter --no-print-incremental-dependencies -DMATRIX_SERVER=http://localhost:8008 -DMATRIX_TEST_USER= -DMATRIX_TEST_PASSWORD= -DFLUTTER_VERSION=3.38.9 -DFLUTTER_CHANNEL=stable -DFLUTTER_GIT_URL=https://github.com/flutter/flutter.git -DFLUTTER_FRAMEWORK_REVISION=67323de285 -DFLUTTER_ENGINE_REVISION=587c18f873 -DFLUTTER_DART_VERSION=3.10.8 -DINTEGRATION_TEST_SHOULD_REPORT_RESULTS_TO_NATIVE=false -DFLUTTER_APP_FLAVOR= -Ddart.vm.profile=false -Ddart.vm.product=false --enable-asserts --track-widget-creation --no-link-platform --packages /Users/florian/Code/substitution/.dart_tool/package_config.json --output-dill /Users/florian/Code/substitution/.dart_tool/flutter_build/8f91a608df6991a21faf9555992594b1/app.dill --depfile /Users/florian/Code/substitution/.dart_tool/flutter_build/8f91a608df6991a21faf9555992594b1/kernel_snapshot_program.d --incremental --initialize-from-dill /Users/florian/Code/substitution/.dart_tool/flutter_build/8f91a608df6991a21faf9555992594b1/app.dill --source file:///Users/florian/Code/substitution/.dart_tool/flutter_build/dart_plugin_registrant.dart --source package:flutter/src/dart_plugin_registrant.dart -Dflutter.dart_plugin_registrant=file:///Users/florian/Code/substitution/.dart_tool/flutter_build/dart_plugin_registrant.dart --verbosity=error file:///var/folders/l_/w8pnbb9d38n57pzg9j98fmy80000gn/T/flutter_tools.wuOse9/flutter_test_listener.MMjPB1/listener.dart
13:56 +11 -30: loading /Users/florian/Code/substitution/integration_test/feed_test.dart                                                                                                                13:57 +11 -30: loading /Users/florian/Code/substitution/integration_test/feed_test.dart                                                                                                                13:58 +11 -30: loading /Users/florian/Code/substitution/integration_test/feed_test.dart                                                                                                                13:59 +11 -30: loading /Users/florian/Code/substitution/integration_test/feed_test.dart                                                                                                                14:00 +11 -30: loading /Users/florian/Code/substitution/integration_test/feed_test.dart                                                                                                                [+5301 ms] [+6810 ms] kernel_snapshot_program: Complete
14:01 +11 -30: loading /Users/florian/Code/substitution/integration_test/feed_test.dart                                                                                                                [+1096 ms] [+1054 ms] debug_android_application: Starting due to {}
[  +99 ms] [ +101 ms] Manifest contained wildcard assets. Inserting missing file into build graph to force rerun. for more information see #56466.
[        ] [   +3 ms] shaderc command: [/opt/homebrew/share/flutter/bin/cache/artifacts/engine/darwin-x64/impellerc, --sksl, --runtime-stage-gles, --runtime-stage-gles3, --runtime-stage-vulkan, --iplr, --sl=/Users/florian/Code/substitution/build/app/intermediates/flutter/debug/flutter_assets/shaders/ink_sparkle.frag, --spirv=/Users/florian/Code/substitution/build/app/intermediates/flutter/debug/flutter_assets/shaders/ink_sparkle.frag.spirv, --input=/opt/homebrew/share/flutter/packages/flutter/lib/src/material/shaders/ink_sparkle.frag, --input-type=frag, --include=/opt/homebrew/share/flutter/packages/flutter/lib/src/material/shaders, --include=/opt/homebrew/share/flutter/bin/cache/artifacts/engine/darwin-x64/shader_lib]
[        ] [        ] shaderc command: [/opt/homebrew/share/flutter/bin/cache/artifacts/engine/darwin-x64/impellerc, --sksl, --runtime-stage-gles, --runtime-stage-gles3, --runtime-stage-vulkan, --iplr, --sl=/Users/florian/Code/substitution/build/app/intermediates/flutter/debug/flutter_assets/shaders/stretch_effect.frag, --spirv=/Users/florian/Code/substitution/build/app/intermediates/flutter/debug/flutter_assets/shaders/stretch_effect.frag.spirv, --input=/opt/homebrew/share/flutter/packages/flutter/lib/src/material/shaders/stretch_effect.frag, --input-type=frag, --include=/opt/homebrew/share/flutter/packages/flutter/lib/src/material/shaders, --include=/opt/homebrew/share/flutter/bin/cache/artifacts/engine/darwin-x64/shader_lib]
14:02 +11 -30: loading /Users/florian/Code/substitution/integration_test/feed_test.dart                                                                                                                [ +306 ms] [ +320 ms] debug_android_application: Complete
[ +900 ms] [ +933 ms] Persisting file store
[        ] [   +7 ms] Done persisting file store
14:03 +11 -30: loading /Users/florian/Code/substitution/integration_test/feed_test.dart                                                                                                                [  +93 ms] [  +16 ms] build succeeded.
[        ] [   +3 ms] "flutter assemble" took 9.563ms.
[        ] [   +2 ms] executing: sw_vers -productName
[        ] [  +11 ms] Exit code 0 from: sw_vers -productName
[        ] [        ] macOS
[        ] [        ] executing: sw_vers -productVersion
[        ] [   +8 ms] Exit code 0 from: sw_vers -productVersion
[        ] [        ] 26.1
[        ] [        ] executing: sw_vers -buildVersion
[        ] [   +7 ms] Exit code 0 from: sw_vers -buildVersion
[        ] [        ] 25B78
[        ] [        ] executing: uname -m
[        ] [   +3 ms] Exit code 0 from: uname -m
[        ] [        ] arm64
[        ] [  +22 ms] Running 1 shutdown hook
[        ] [        ] Shutdown hooks complete
[  +97 ms] [  +61 ms] exiting with code 0
[ +102 ms] Resolve mutations for :app:packJniLibsflutterBuildDebug (Thread[#42912,Execution worker Thread 31,5,main]) started.
[        ] :app:packJniLibsflutterBuildDebug (Thread[#42911,Execution worker Thread 30,5,main]) started.
[        ] > Task :app:packJniLibsflutterBuildDebug UP-TO-DATE
[        ] Caching disabled for task ':app:packJniLibsflutterBuildDebug' because:
[        ]   Build cache is disabled
[        ]   Not worth caching
[        ] Skipping task ':app:packJniLibsflutterBuildDebug' as it is up-to-date.
[        ] Resolve mutations for :connectivity_plus:preBuild (Thread[#42911,Execution worker Thread 30,5,main]) started.
[        ] :connectivity_plus:preBuild (Thread[#42911,Execution worker Thread 30,5,main]) started.
[        ] > Task :connectivity_plus:preBuild UP-TO-DATE
[        ] Skipping task ':connectivity_plus:preBuild' as it has no actions.
[        ] Resolve mutations for :connectivity_plus:preDebugBuild (Thread[#42911,Execution worker Thread 30,5,main]) started.
[        ] :connectivity_plus:preDebugBuild (Thread[#42911,Execution worker Thread 30,5,main]) started.
[        ] > Task :connectivity_plus:preDebugBuild UP-TO-DATE
[        ] Skipping task ':connectivity_plus:preDebugBuild' as it has no actions.
[        ] Resolve mutations for :connectivity_plus:writeDebugAarMetadata (Thread[#42911,Execution worker Thread 30,5,main]) started.
[        ] :connectivity_plus:writeDebugAarMetadata (Thread[#42911,Execution worker Thread 30,5,main]) started.
[        ] > Task :connectivity_plus:writeDebugAarMetadata UP-TO-DATE
[        ] Caching disabled for task ':connectivity_plus:writeDebugAarMetadata' because:
[        ]   Build cache is disabled
[        ]   Caching has been disabled for the task
[        ] Skipping task ':connectivity_plus:writeDebugAarMetadata' as it is up-to-date.
[        ] work action resolve aar-metadata.properties (project :connectivity_plus) (Thread[#42911,Execution worker Thread 30,5,main]) started.
[        ] Resolve mutations for :emoji_picker_flutter:preBuild (Thread[#42911,Execution worker Thread 30,5,main]) started.
[        ] :emoji_picker_flutter:preBuild (Thread[#42911,Execution worker Thread 30,5,main]) started.
[        ] > Task :emoji_picker_flutter:preBuild UP-TO-DATE
[        ] Skipping task ':emoji_picker_flutter:preBuild' as it has no actions.
[        ] Resolve mutations for :emoji_picker_flutter:preDebugBuild (Thread[#42911,Execution worker Thread 30,5,main]) started.
[        ] :emoji_picker_flutter:preDebugBuild (Thread[#42911,Execution worker Thread 30,5,main]) started.
[        ] > Task :emoji_picker_flutter:preDebugBuild UP-TO-DATE
[        ] Skipping task ':emoji_picker_flutter:preDebugBuild' as it has no actions.
[        ] Resolve mutations for :emoji_picker_flutter:writeDebugAarMetadata (Thread[#42911,Execution worker Thread 30,5,main]) started.
[        ] :emoji_picker_flutter:writeDebugAarMetadata (Thread[#42911,Execution worker Thread 30,5,main]) started.
[        ] > Task :emoji_picker_flutter:writeDebugAarMetadata UP-TO-DATE
[        ] Caching disabled for task ':emoji_picker_flutter:writeDebugAarMetadata' because:
[        ]   Build cache is disabled
[        ]   Caching has been disabled for the task
[        ] Skipping task ':emoji_picker_flutter:writeDebugAarMetadata' as it is up-to-date.
[        ] work action resolve aar-metadata.properties (project :emoji_picker_flutter) (Thread[#42911,Execution worker Thread 30,5,main]) started.
[        ] Resolve mutations for :file_selector_android:preBuild (Thread[#42911,Execution worker Thread 30,5,main]) started.
[        ] :file_selector_android:preBuild (Thread[#42911,Execution worker Thread 30,5,main]) started.
[        ] > Task :file_selector_android:preBuild UP-TO-DATE
[        ] Skipping task ':file_selector_android:preBuild' as it has no actions.
[        ] Resolve mutations for :file_selector_android:preDebugBuild (Thread[#42911,Execution worker Thread 30,5,main]) started.
[        ] :file_selector_android:preDebugBuild (Thread[#42911,Execution worker Thread 30,5,main]) started.
[        ] > Task :file_selector_android:preDebugBuild UP-TO-DATE
[        ] Skipping task ':file_selector_android:preDebugBuild' as it has no actions.
[        ] Resolve mutations for :file_selector_android:writeDebugAarMetadata (Thread[#42911,Execution worker Thread 30,5,main]) started.
[        ] :file_selector_android:writeDebugAarMetadata (Thread[#42911,Execution worker Thread 30,5,main]) started.
[        ] > Task :file_selector_android:writeDebugAarMetadata UP-TO-DATE
[        ] Caching disabled for task ':file_selector_android:writeDebugAarMetadata' because:
[        ]   Build cache is disabled
[        ]   Caching has been disabled for the task
[        ] Skipping task ':file_selector_android:writeDebugAarMetadata' as it is up-to-date.
[        ] work action resolve aar-metadata.properties (project :file_selector_android) (Thread[#42911,Execution worker Thread 30,5,main]) started.
[        ] Resolve mutations for :flutter_keyboard_visibility_temp_fork:preBuild (Thread[#42911,Execution worker Thread 30,5,main]) started.
[        ] :flutter_keyboard_visibility_temp_fork:preBuild (Thread[#42911,Execution worker Thread 30,5,main]) started.
[        ] > Task :flutter_keyboard_visibility_temp_fork:preBuild UP-TO-DATE
[        ] Skipping task ':flutter_keyboard_visibility_temp_fork:preBuild' as it has no actions.
[        ] Resolve mutations for :flutter_keyboard_visibility_temp_fork:preDebugBuild (Thread[#42911,Execution worker Thread 30,5,main]) started.
[        ] :flutter_keyboard_visibility_temp_fork:preDebugBuild (Thread[#42911,Execution worker Thread 30,5,main]) started.
[        ] > Task :flutter_keyboard_visibility_temp_fork:preDebugBuild UP-TO-DATE
[        ] Skipping task ':flutter_keyboard_visibility_temp_fork:preDebugBuild' as it has no actions.
[        ] Resolve mutations for :flutter_keyboard_visibility_temp_fork:writeDebugAarMetadata (Thread[#42911,Execution worker Thread 30,5,main]) started.
[        ] :flutter_keyboard_visibility_temp_fork:writeDebugAarMetadata (Thread[#42911,Execution worker Thread 30,5,main]) started.
[        ] > Task :flutter_keyboard_visibility_temp_fork:writeDebugAarMetadata UP-TO-DATE
[        ] Caching disabled for task ':flutter_keyboard_visibility_temp_fork:writeDebugAarMetadata' because:
[        ]   Build cache is disabled
[        ]   Caching has been disabled for the task
[        ] Skipping task ':flutter_keyboard_visibility_temp_fork:writeDebugAarMetadata' as it is up-to-date.
[        ] work action resolve aar-metadata.properties (project :flutter_keyboard_visibility_temp_fork) (Thread[#42911,Execution worker Thread 30,5,main]) started.
[        ] Resolve mutations for :flutter_native_splash:preBuild (Thread[#42911,Execution worker Thread 30,5,main]) started.
[        ] :flutter_native_splash:preBuild (Thread[#42911,Execution worker Thread 30,5,main]) started.
[        ] > Task :flutter_native_splash:preBuild UP-TO-DATE
[        ] Skipping task ':flutter_native_splash:preBuild' as it has no actions.
[        ] Resolve mutations for :flutter_native_splash:preDebugBuild (Thread[#42911,Execution worker Thread 30,5,main]) started.
[        ] :flutter_native_splash:preDebugBuild (Thread[#42911,Execution worker Thread 30,5,main]) started.
[        ] > Task :flutter_native_splash:preDebugBuild UP-TO-DATE
[        ] Skipping task ':flutter_native_splash:preDebugBuild' as it has no actions.
[        ] Resolve mutations for :flutter_native_splash:writeDebugAarMetadata (Thread[#42911,Execution worker Thread 30,5,main]) started.
[        ] :flutter_native_splash:writeDebugAarMetadata (Thread[#42911,Execution worker Thread 30,5,main]) started.
[        ] > Task :flutter_native_splash:writeDebugAarMetadata UP-TO-DATE
[        ] Caching disabled for task ':flutter_native_splash:writeDebugAarMetadata' because:
[        ]   Build cache is disabled
[        ]   Caching has been disabled for the task
[        ] Skipping task ':flutter_native_splash:writeDebugAarMetadata' as it is up-to-date.
[        ] work action resolve aar-metadata.properties (project :flutter_native_splash) (Thread[#42911,Execution worker Thread 30,5,main]) started.
[        ] Resolve mutations for :flutter_olm:preBuild (Thread[#42911,Execution worker Thread 30,5,main]) started.
[        ] :flutter_olm:preBuild (Thread[#42911,Execution worker Thread 30,5,main]) started.
[        ] > Task :flutter_olm:preBuild UP-TO-DATE
[        ] Skipping task ':flutter_olm:preBuild' as it has no actions.
[        ] Resolve mutations for :flutter_olm:preDebugBuild (Thread[#42911,Execution worker Thread 30,5,main]) started.
[        ] :flutter_olm:preDebugBuild (Thread[#42911,Execution worker Thread 30,5,main]) started.
[        ] > Task :flutter_olm:preDebugBuild UP-TO-DATE
[        ] Skipping task ':flutter_olm:preDebugBuild' as it has no actions.
[        ] Resolve mutations for :flutter_olm:writeDebugAarMetadata (Thread[#42911,Execution worker Thread 30,5,main]) started.
[        ] :flutter_olm:writeDebugAarMetadata (Thread[#42911,Execution worker Thread 30,5,main]) started.
[        ] > Task :flutter_olm:writeDebugAarMetadata UP-TO-DATE
[        ] Caching disabled for task ':flutter_olm:writeDebugAarMetadata' because:
[        ]   Build cache is disabled
[        ]   Caching has been disabled for the task
[        ] Skipping task ':flutter_olm:writeDebugAarMetadata' as it is up-to-date.
[        ] work action resolve aar-metadata.properties (project :flutter_olm) (Thread[#42911,Execution worker Thread 30,5,main]) started.
[        ] Resolve mutations for :flutter_openssl_crypto:preBuild (Thread[#42911,Execution worker Thread 30,5,main]) started.
[        ] :flutter_openssl_crypto:preBuild (Thread[#42911,Execution worker Thread 30,5,main]) started.
[        ] > Task :flutter_openssl_crypto:preBuild UP-TO-DATE
[        ] Skipping task ':flutter_openssl_crypto:preBuild' as it has no actions.
[        ] Resolve mutations for :flutter_openssl_crypto:preDebugBuild (Thread[#42911,Execution worker Thread 30,5,main]) started.
[        ] :flutter_openssl_crypto:preDebugBuild (Thread[#42911,Execution worker Thread 30,5,main]) started.
[        ] > Task :flutter_openssl_crypto:preDebugBuild UP-TO-DATE
[        ] Skipping task ':flutter_openssl_crypto:preDebugBuild' as it has no actions.
[        ] Resolve mutations for :flutter_openssl_crypto:writeDebugAarMetadata (Thread[#42911,Execution worker Thread 30,5,main]) started.
[        ] :flutter_openssl_crypto:writeDebugAarMetadata (Thread[#42911,Execution worker Thread 30,5,main]) started.
[        ] > Task :flutter_openssl_crypto:writeDebugAarMetadata UP-TO-DATE
[        ] Caching disabled for task ':flutter_openssl_crypto:writeDebugAarMetadata' because:
[        ]   Build cache is disabled
[        ]   Caching has been disabled for the task
[        ] Skipping task ':flutter_openssl_crypto:writeDebugAarMetadata' as it is up-to-date.
[        ] work action resolve aar-metadata.properties (project :flutter_openssl_crypto) (Thread[#42911,Execution worker Thread 30,5,main]) started.
[        ] Resolve mutations for :integration_test:preBuild (Thread[#42911,Execution worker Thread 30,5,main]) started.
[        ] :integration_test:preBuild (Thread[#42911,Execution worker Thread 30,5,main]) started.
[        ] > Task :integration_test:preBuild UP-TO-DATE
[        ] Skipping task ':integration_test:preBuild' as it has no actions.
[        ] Resolve mutations for :integration_test:preDebugBuild (Thread[#42911,Execution worker Thread 30,5,main]) started.
[        ] :integration_test:preDebugBuild (Thread[#42911,Execution worker Thread 30,5,main]) started.
[        ] > Task :integration_test:preDebugBuild UP-TO-DATE
[        ] Skipping task ':integration_test:preDebugBuild' as it has no actions.
[        ] Resolve mutations for :integration_test:writeDebugAarMetadata (Thread[#42911,Execution worker Thread 30,5,main]) started.
[        ] :integration_test:writeDebugAarMetadata (Thread[#42911,Execution worker Thread 30,5,main]) started.
[        ] > Task :integration_test:writeDebugAarMetadata UP-TO-DATE
[        ] Caching disabled for task ':integration_test:writeDebugAarMetadata' because:
[        ]   Build cache is disabled
[        ]   Caching has been disabled for the task
[        ] Skipping task ':integration_test:writeDebugAarMetadata' as it is up-to-date.
[        ] work action resolve aar-metadata.properties (project :integration_test) (Thread[#42911,Execution worker Thread 30,5,main]) started.
[        ] Resolve mutations for :path_provider_android:preBuild (Thread[#42911,Execution worker Thread 30,5,main]) started.
[        ] :path_provider_android:preBuild (Thread[#42911,Execution worker Thread 30,5,main]) started.
[        ] > Task :path_provider_android:preBuild UP-TO-DATE
[        ] Skipping task ':path_provider_android:preBuild' as it has no actions.
[        ] Resolve mutations for :path_provider_android:preDebugBuild (Thread[#42911,Execution worker Thread 30,5,main]) started.
[        ] :path_provider_android:preDebugBuild (Thread[#42911,Execution worker Thread 30,5,main]) started.
[        ] > Task :path_provider_android:preDebugBuild UP-TO-DATE
[        ] Skipping task ':path_provider_android:preDebugBuild' as it has no actions.
[        ] Resolve mutations for :path_provider_android:writeDebugAarMetadata (Thread[#42911,Execution worker Thread 30,5,main]) started.
[        ] :path_provider_android:writeDebugAarMetadata (Thread[#42911,Execution worker Thread 30,5,main]) started.
[        ] > Task :path_provider_android:writeDebugAarMetadata UP-TO-DATE
[        ] Caching disabled for task ':path_provider_android:writeDebugAarMetadata' because:
[        ]   Build cache is disabled
[        ]   Caching has been disabled for the task
[        ] Skipping task ':path_provider_android:writeDebugAarMetadata' as it is up-to-date.
[        ] work action resolve aar-metadata.properties (project :path_provider_android) (Thread[#42911,Execution worker Thread 30,5,main]) started.
[        ] Resolve mutations for :quill_native_bridge_android:preBuild (Thread[#42911,Execution worker Thread 30,5,main]) started.
[        ] :quill_native_bridge_android:preBuild (Thread[#42911,Execution worker Thread 30,5,main]) started.
[        ] > Task :quill_native_bridge_android:preBuild UP-TO-DATE
[        ] Skipping task ':quill_native_bridge_android:preBuild' as it has no actions.
[        ] Resolve mutations for :quill_native_bridge_android:preDebugBuild (Thread[#42911,Execution worker Thread 30,5,main]) started.
[        ] :quill_native_bridge_android:preDebugBuild (Thread[#42911,Execution worker Thread 30,5,main]) started.
[        ] > Task :quill_native_bridge_android:preDebugBuild UP-TO-DATE
[        ] Skipping task ':quill_native_bridge_android:preDebugBuild' as it has no actions.
[        ] Resolve mutations for :quill_native_bridge_android:writeDebugAarMetadata (Thread[#42911,Execution worker Thread 30,5,main]) started.
[        ] :quill_native_bridge_android:writeDebugAarMetadata (Thread[#42911,Execution worker Thread 30,5,main]) started.
[        ] > Task :quill_native_bridge_android:writeDebugAarMetadata UP-TO-DATE
[        ] Caching disabled for task ':quill_native_bridge_android:writeDebugAarMetadata' because:
[        ]   Build cache is disabled
[        ]   Caching has been disabled for the task
[        ] Skipping task ':quill_native_bridge_android:writeDebugAarMetadata' as it is up-to-date.
[        ] work action resolve aar-metadata.properties (project :quill_native_bridge_android) (Thread[#42911,Execution worker Thread 30,5,main]) started.
[        ] Resolve mutations for :shared_preferences_android:preBuild (Thread[#42911,Execution worker Thread 30,5,main]) started.
[        ] :shared_preferences_android:preBuild (Thread[#42911,Execution worker Thread 30,5,main]) started.
[        ] > Task :shared_preferences_android:preBuild UP-TO-DATE
[        ] Skipping task ':shared_preferences_android:preBuild' as it has no actions.
[        ] Resolve mutations for :shared_preferences_android:preDebugBuild (Thread[#42911,Execution worker Thread 30,5,main]) started.
[        ] :shared_preferences_android:preDebugBuild (Thread[#42911,Execution worker Thread 30,5,main]) started.
[        ] > Task :shared_preferences_android:preDebugBuild UP-TO-DATE
[        ] Skipping task ':shared_preferences_android:preDebugBuild' as it has no actions.
[        ] Resolve mutations for :shared_preferences_android:writeDebugAarMetadata (Thread[#42911,Execution worker Thread 30,5,main]) started.
[        ] :shared_preferences_android:writeDebugAarMetadata (Thread[#42911,Execution worker Thread 30,5,main]) started.
[        ] > Task :shared_preferences_android:writeDebugAarMetadata UP-TO-DATE
[        ] Caching disabled for task ':shared_preferences_android:writeDebugAarMetadata' because:
[        ]   Build cache is disabled
[        ]   Caching has been disabled for the task
[        ] Skipping task ':shared_preferences_android:writeDebugAarMetadata' as it is up-to-date.
[        ] work action resolve aar-metadata.properties (project :shared_preferences_android) (Thread[#42911,Execution worker Thread 30,5,main]) started.
[        ] Resolve mutations for :sqflite_android:preBuild (Thread[#42911,Execution worker Thread 30,5,main]) started.
[        ] :sqflite_android:preBuild (Thread[#42911,Execution worker Thread 30,5,main]) started.
[        ] > Task :sqflite_android:preBuild UP-TO-DATE
[        ] Skipping task ':sqflite_android:preBuild' as it has no actions.
[        ] Resolve mutations for :sqflite_android:preDebugBuild (Thread[#42911,Execution worker Thread 30,5,main]) started.
[        ] :sqflite_android:preDebugBuild (Thread[#42911,Execution worker Thread 30,5,main]) started.
[        ] > Task :sqflite_android:preDebugBuild UP-TO-DATE
[        ] Skipping task ':sqflite_android:preDebugBuild' as it has no actions.
[        ] Resolve mutations for :sqflite_android:writeDebugAarMetadata (Thread[#42911,Execution worker Thread 30,5,main]) started.
[        ] :sqflite_android:writeDebugAarMetadata (Thread[#42911,Execution worker Thread 30,5,main]) started.
[        ] > Task :sqflite_android:writeDebugAarMetadata UP-TO-DATE
[        ] Caching disabled for task ':sqflite_android:writeDebugAarMetadata' because:
[        ]   Build cache is disabled
[        ]   Caching has been disabled for the task
[        ] Skipping task ':sqflite_android:writeDebugAarMetadata' as it is up-to-date.
[        ] work action resolve aar-metadata.properties (project :sqflite_android) (Thread[#42911,Execution worker Thread 30,5,main]) started.
[        ] Resolve mutations for :url_launcher_android:preBuild (Thread[#42911,Execution worker Thread 30,5,main]) started.
[        ] :url_launcher_android:preBuild (Thread[#42900,Execution worker Thread 19,5,main]) started.
[        ] > Task :url_launcher_android:preBuild UP-TO-DATE
[        ] Skipping task ':url_launcher_android:preBuild' as it has no actions.
[        ] Resolve mutations for :url_launcher_android:preDebugBuild (Thread[#42900,Execution worker Thread 19,5,main]) started.
[        ] :url_launcher_android:preDebugBuild (Thread[#42900,Execution worker Thread 19,5,main]) started.
[        ] > Task :url_launcher_android:preDebugBuild UP-TO-DATE
[        ] Skipping task ':url_launcher_android:preDebugBuild' as it has no actions.
[        ] Resolve mutations for :url_launcher_android:writeDebugAarMetadata (Thread[#42900,Execution worker Thread 19,5,main]) started.
[        ] :url_launcher_android:writeDebugAarMetadata (Thread[#42900,Execution worker Thread 19,5,main]) started.
[        ] > Task :url_launcher_android:writeDebugAarMetadata UP-TO-DATE
[        ] Caching disabled for task ':url_launcher_android:writeDebugAarMetadata' because:
[        ]   Build cache is disabled
[        ]   Caching has been disabled for the task
[        ] Skipping task ':url_launcher_android:writeDebugAarMetadata' as it is up-to-date.
[        ] work action resolve aar-metadata.properties (project :url_launcher_android) (Thread[#42900,Execution worker Thread 19,5,main]) started.
[        ] Resolve mutations for :video_player_android:preBuild (Thread[#42900,Execution worker Thread 19,5,main]) started.
[        ] :video_player_android:preBuild (Thread[#42900,Execution worker Thread 19,5,main]) started.
[        ] > Task :video_player_android:preBuild UP-TO-DATE
[        ] Skipping task ':video_player_android:preBuild' as it has no actions.
[        ] Resolve mutations for :video_player_android:preDebugBuild (Thread[#42900,Execution worker Thread 19,5,main]) started.
[        ] :video_player_android:preDebugBuild (Thread[#42900,Execution worker Thread 19,5,main]) started.
[        ] > Task :video_player_android:preDebugBuild UP-TO-DATE
[        ] Skipping task ':video_player_android:preDebugBuild' as it has no actions.
[        ] Resolve mutations for :video_player_android:writeDebugAarMetadata (Thread[#42900,Execution worker Thread 19,5,main]) started.
[        ] :video_player_android:writeDebugAarMetadata (Thread[#42900,Execution worker Thread 19,5,main]) started.
[        ] > Task :video_player_android:writeDebugAarMetadata UP-TO-DATE
[        ] Caching disabled for task ':video_player_android:writeDebugAarMetadata' because:
[        ]   Build cache is disabled
[        ]   Caching has been disabled for the task
[        ] Skipping task ':video_player_android:writeDebugAarMetadata' as it is up-to-date.
[        ] work action resolve aar-metadata.properties (project :video_player_android) (Thread[#42900,Execution worker Thread 19,5,main]) started.
[        ] Resolve mutations for :app:checkDebugAarMetadata (Thread[#42900,Execution worker Thread 19,5,main]) started.
[        ] :app:checkDebugAarMetadata (Thread[#42900,Execution worker Thread 19,5,main]) started.
[        ] > Task :app:checkDebugAarMetadata UP-TO-DATE
[        ] Caching disabled for task ':app:checkDebugAarMetadata' because:
[        ]   Build cache is disabled
[        ]   Caching has been disabled for the task
[        ] Skipping task ':app:checkDebugAarMetadata' as it is up-to-date.
[        ] Resolve mutations for :app:cleanMergeDebugAssets (Thread[#42900,Execution worker Thread 19,5,main]) started.
[        ] :app:cleanMergeDebugAssets (Thread[#42884,Execution worker Thread 4,5,main]) started.
[        ] > Task :app:cleanMergeDebugAssets
[        ] Caching disabled for task ':app:cleanMergeDebugAssets' because:
[        ]   Build cache is disabled
[        ] Task ':app:cleanMergeDebugAssets' is not up-to-date because:
[        ]   Task has not declared any outputs despite executing actions.
[        ] Resolve mutations for :app:mergeDebugShaders (Thread[#42884,Execution worker Thread 4,5,main]) started.
[        ] :app:mergeDebugShaders (Thread[#42885,Execution worker Thread 5,5,main]) started.
[        ] > Task :app:mergeDebugShaders UP-TO-DATE
[        ] Caching disabled for task ':app:mergeDebugShaders' because:
[        ]   Build cache is disabled
[        ]   Simple merging task
[        ] Skipping task ':app:mergeDebugShaders' as it is up-to-date.
[        ] Resolve mutations for :app:compileDebugShaders (Thread[#42885,Execution worker Thread 5,5,main]) started.
[        ] :app:compileDebugShaders (Thread[#42885,Execution worker Thread 5,5,main]) started.
[        ] > Task :app:compileDebugShaders NO-SOURCE
[        ] Skipping task ':app:compileDebugShaders' as it has no source files and no previous output files.
[        ] Resolve mutations for :app:generateDebugAssets (Thread[#42885,Execution worker Thread 5,5,main]) started.
[        ] :app:generateDebugAssets (Thread[#42885,Execution worker Thread 5,5,main]) started.
[        ] > Task :app:generateDebugAssets UP-TO-DATE
[        ] Skipping task ':app:generateDebugAssets' as it has no actions.
[        ] Resolve mutations for :connectivity_plus:mergeDebugShaders (Thread[#42885,Execution worker Thread 5,5,main]) started.
[        ] :connectivity_plus:mergeDebugShaders (Thread[#42885,Execution worker Thread 5,5,main]) started.
[        ] > Task :connectivity_plus:mergeDebugShaders UP-TO-DATE
[        ] Caching disabled for task ':connectivity_plus:mergeDebugShaders' because:
[        ]   Build cache is disabled
[        ]   Simple merging task
[        ] Skipping task ':connectivity_plus:mergeDebugShaders' as it is up-to-date.
[        ] Resolve mutations for :connectivity_plus:compileDebugShaders (Thread[#42885,Execution worker Thread 5,5,main]) started.
[        ] :connectivity_plus:compileDebugShaders (Thread[#42885,Execution worker Thread 5,5,main]) started.
[        ] > Task :connectivity_plus:compileDebugShaders NO-SOURCE
[        ] Skipping task ':connectivity_plus:compileDebugShaders' as it has no source files and no previous output files.
[        ] Resolve mutations for :connectivity_plus:generateDebugAssets (Thread[#42885,Execution worker Thread 5,5,main]) started.
[        ] :connectivity_plus:generateDebugAssets (Thread[#42885,Execution worker Thread 5,5,main]) started.
[        ] > Task :connectivity_plus:generateDebugAssets UP-TO-DATE
[        ] Skipping task ':connectivity_plus:generateDebugAssets' as it has no actions.
[        ] Resolve mutations for :connectivity_plus:mergeDebugAssets (Thread[#42885,Execution worker Thread 5,5,main]) started.
[        ] :connectivity_plus:mergeDebugAssets (Thread[#42885,Execution worker Thread 5,5,main]) started.
[        ] > Task :connectivity_plus:mergeDebugAssets UP-TO-DATE
[        ] Caching disabled for task ':connectivity_plus:mergeDebugAssets' because:
[        ]   Build cache is disabled
[        ]   Simple merging task
[        ] Skipping task ':connectivity_plus:mergeDebugAssets' as it is up-to-date.
[        ] work action resolve mergeDebugAssets (project :connectivity_plus) (Thread[#42885,Execution worker Thread 5,5,main]) started.
[        ] Resolve mutations for :emoji_picker_flutter:mergeDebugShaders (Thread[#42885,Execution worker Thread 5,5,main]) started.
[        ] :emoji_picker_flutter:mergeDebugShaders (Thread[#42885,Execution worker Thread 5,5,main]) started.
[        ] > Task :emoji_picker_flutter:mergeDebugShaders UP-TO-DATE
[        ] Caching disabled for task ':emoji_picker_flutter:mergeDebugShaders' because:
[        ]   Build cache is disabled
[        ]   Simple merging task
[        ] Skipping task ':emoji_picker_flutter:mergeDebugShaders' as it is up-to-date.
[        ] Resolve mutations for :emoji_picker_flutter:compileDebugShaders (Thread[#42885,Execution worker Thread 5,5,main]) started.
[        ] :emoji_picker_flutter:compileDebugShaders (Thread[#42885,Execution worker Thread 5,5,main]) started.
[        ] > Task :emoji_picker_flutter:compileDebugShaders NO-SOURCE
[        ] Skipping task ':emoji_picker_flutter:compileDebugShaders' as it has no source files and no previous output files.
[        ] Resolve mutations for :emoji_picker_flutter:generateDebugAssets (Thread[#42885,Execution worker Thread 5,5,main]) started.
[        ] :emoji_picker_flutter:generateDebugAssets (Thread[#42885,Execution worker Thread 5,5,main]) started.
[        ] > Task :emoji_picker_flutter:generateDebugAssets UP-TO-DATE
[        ] Skipping task ':emoji_picker_flutter:generateDebugAssets' as it has no actions.
[        ] Resolve mutations for :emoji_picker_flutter:mergeDebugAssets (Thread[#42885,Execution worker Thread 5,5,main]) started.
[        ] :emoji_picker_flutter:mergeDebugAssets (Thread[#42885,Execution worker Thread 5,5,main]) started.
[        ] > Task :emoji_picker_flutter:mergeDebugAssets UP-TO-DATE
[        ] Caching disabled for task ':emoji_picker_flutter:mergeDebugAssets' because:
[        ]   Build cache is disabled
[        ]   Simple merging task
[        ] Skipping task ':emoji_picker_flutter:mergeDebugAssets' as it is up-to-date.
[        ] work action resolve mergeDebugAssets (project :emoji_picker_flutter) (Thread[#42885,Execution worker Thread 5,5,main]) started.
[        ] Resolve mutations for :file_selector_android:mergeDebugShaders (Thread[#42885,Execution worker Thread 5,5,main]) started.
[        ] :file_selector_android:mergeDebugShaders (Thread[#42885,Execution worker Thread 5,5,main]) started.
[        ] > Task :file_selector_android:mergeDebugShaders UP-TO-DATE
[        ] Caching disabled for task ':file_selector_android:mergeDebugShaders' because:
[        ]   Build cache is disabled
[        ]   Simple merging task
[        ] Skipping task ':file_selector_android:mergeDebugShaders' as it is up-to-date.
[        ] Resolve mutations for :file_selector_android:compileDebugShaders (Thread[#42885,Execution worker Thread 5,5,main]) started.
[        ] :file_selector_android:compileDebugShaders (Thread[#42885,Execution worker Thread 5,5,main]) started.
[        ] > Task :file_selector_android:compileDebugShaders NO-SOURCE
[        ] Skipping task ':file_selector_android:compileDebugShaders' as it has no source files and no previous output files.
[        ] Resolve mutations for :file_selector_android:generateDebugAssets (Thread[#42885,Execution worker Thread 5,5,main]) started.
[        ] :file_selector_android:generateDebugAssets (Thread[#42885,Execution worker Thread 5,5,main]) started.
[        ] > Task :file_selector_android:generateDebugAssets UP-TO-DATE
[        ] Skipping task ':file_selector_android:generateDebugAssets' as it has no actions.
[        ] Resolve mutations for :file_selector_android:mergeDebugAssets (Thread[#42885,Execution worker Thread 5,5,main]) started.
[        ] :file_selector_android:mergeDebugAssets (Thread[#42885,Execution worker Thread 5,5,main]) started.
[        ] > Task :file_selector_android:mergeDebugAssets UP-TO-DATE
[        ] Caching disabled for task ':file_selector_android:mergeDebugAssets' because:
[        ]   Build cache is disabled
[        ]   Simple merging task
[        ] Skipping task ':file_selector_android:mergeDebugAssets' as it is up-to-date.
[        ] work action resolve mergeDebugAssets (project :file_selector_android) (Thread[#42885,Execution worker Thread 5,5,main]) started.
[        ] Resolve mutations for :flutter_keyboard_visibility_temp_fork:mergeDebugShaders (Thread[#42885,Execution worker Thread 5,5,main]) started.
[        ] :flutter_keyboard_visibility_temp_fork:mergeDebugShaders (Thread[#42885,Execution worker Thread 5,5,main]) started.
[        ] > Task :flutter_keyboard_visibility_temp_fork:mergeDebugShaders UP-TO-DATE
[        ] Caching disabled for task ':flutter_keyboard_visibility_temp_fork:mergeDebugShaders' because:
[        ]   Build cache is disabled
[        ]   Simple merging task
[        ] Skipping task ':flutter_keyboard_visibility_temp_fork:mergeDebugShaders' as it is up-to-date.
[        ] Resolve mutations for :flutter_keyboard_visibility_temp_fork:compileDebugShaders (Thread[#42885,Execution worker Thread 5,5,main]) started.
[        ] :flutter_keyboard_visibility_temp_fork:compileDebugShaders (Thread[#42885,Execution worker Thread 5,5,main]) started.
[        ] > Task :flutter_keyboard_visibility_temp_fork:compileDebugShaders NO-SOURCE
[        ] Skipping task ':flutter_keyboard_visibility_temp_fork:compileDebugShaders' as it has no source files and no previous output files.
[        ] Resolve mutations for :flutter_keyboard_visibility_temp_fork:generateDebugAssets (Thread[#42885,Execution worker Thread 5,5,main]) started.
[        ] :flutter_keyboard_visibility_temp_fork:generateDebugAssets (Thread[#42885,Execution worker Thread 5,5,main]) started.
[        ] > Task :flutter_keyboard_visibility_temp_fork:generateDebugAssets UP-TO-DATE
[        ] Skipping task ':flutter_keyboard_visibility_temp_fork:generateDebugAssets' as it has no actions.
[        ] Resolve mutations for :flutter_keyboard_visibility_temp_fork:mergeDebugAssets (Thread[#42885,Execution worker Thread 5,5,main]) started.
[        ] :flutter_keyboard_visibility_temp_fork:mergeDebugAssets (Thread[#42885,Execution worker Thread 5,5,main]) started.
[        ] > Task :flutter_keyboard_visibility_temp_fork:mergeDebugAssets UP-TO-DATE
[        ] Caching disabled for task ':flutter_keyboard_visibility_temp_fork:mergeDebugAssets' because:
[        ]   Build cache is disabled
[        ]   Simple merging task
[        ] Skipping task ':flutter_keyboard_visibility_temp_fork:mergeDebugAssets' as it is up-to-date.
[        ] work action resolve mergeDebugAssets (project :flutter_keyboard_visibility_temp_fork) (Thread[#42885,Execution worker Thread 5,5,main]) started.
[        ] Resolve mutations for :flutter_native_splash:mergeDebugShaders (Thread[#42885,Execution worker Thread 5,5,main]) started.
[        ] :flutter_native_splash:mergeDebugShaders (Thread[#42885,Execution worker Thread 5,5,main]) started.
[        ] > Task :flutter_native_splash:mergeDebugShaders UP-TO-DATE
[        ] Caching disabled for task ':flutter_native_splash:mergeDebugShaders' because:
[        ]   Build cache is disabled
[        ]   Simple merging task
[        ] Skipping task ':flutter_native_splash:mergeDebugShaders' as it is up-to-date.
[        ] Resolve mutations for :flutter_native_splash:compileDebugShaders (Thread[#42885,Execution worker Thread 5,5,main]) started.
[        ] :flutter_native_splash:compileDebugShaders (Thread[#42885,Execution worker Thread 5,5,main]) started.
[        ] > Task :flutter_native_splash:compileDebugShaders NO-SOURCE
[        ] Skipping task ':flutter_native_splash:compileDebugShaders' as it has no source files and no previous output files.
[        ] Resolve mutations for :flutter_native_splash:generateDebugAssets (Thread[#42885,Execution worker Thread 5,5,main]) started.
[        ] :flutter_native_splash:generateDebugAssets (Thread[#42885,Execution worker Thread 5,5,main]) started.
[        ] > Task :flutter_native_splash:generateDebugAssets UP-TO-DATE
[        ] Skipping task ':flutter_native_splash:generateDebugAssets' as it has no actions.
[        ] Resolve mutations for :flutter_native_splash:mergeDebugAssets (Thread[#42885,Execution worker Thread 5,5,main]) started.
[        ] :flutter_native_splash:mergeDebugAssets (Thread[#42885,Execution worker Thread 5,5,main]) started.
[        ] > Task :flutter_native_splash:mergeDebugAssets UP-TO-DATE
[        ] Caching disabled for task ':flutter_native_splash:mergeDebugAssets' because:
[        ]   Build cache is disabled
[        ]   Simple merging task
[        ] Skipping task ':flutter_native_splash:mergeDebugAssets' as it is up-to-date.
[        ] work action resolve mergeDebugAssets (project :flutter_native_splash) (Thread[#42885,Execution worker Thread 5,5,main]) started.
[        ] Resolve mutations for :flutter_olm:mergeDebugShaders (Thread[#42885,Execution worker Thread 5,5,main]) started.
[        ] :flutter_olm:mergeDebugShaders (Thread[#42885,Execution worker Thread 5,5,main]) started.
[        ] > Task :flutter_olm:mergeDebugShaders UP-TO-DATE
[        ] Caching disabled for task ':flutter_olm:mergeDebugShaders' because:
[        ]   Build cache is disabled
[        ]   Simple merging task
[        ] Skipping task ':flutter_olm:mergeDebugShaders' as it is up-to-date.
[        ] Resolve mutations for :flutter_olm:compileDebugShaders (Thread[#42885,Execution worker Thread 5,5,main]) started.
[        ] :flutter_olm:compileDebugShaders (Thread[#42885,Execution worker Thread 5,5,main]) started.
[        ] > Task :flutter_olm:compileDebugShaders NO-SOURCE
[        ] Skipping task ':flutter_olm:compileDebugShaders' as it has no source files and no previous output files.
[        ] Resolve mutations for :flutter_olm:generateDebugAssets (Thread[#42885,Execution worker Thread 5,5,main]) started.
[        ] :flutter_olm:generateDebugAssets (Thread[#42885,Execution worker Thread 5,5,main]) started.
[        ] > Task :flutter_olm:generateDebugAssets UP-TO-DATE
[        ] Skipping task ':flutter_olm:generateDebugAssets' as it has no actions.
[        ] Resolve mutations for :flutter_olm:mergeDebugAssets (Thread[#42885,Execution worker Thread 5,5,main]) started.
[        ] :flutter_olm:mergeDebugAssets (Thread[#42885,Execution worker Thread 5,5,main]) started.
[        ] > Task :flutter_olm:mergeDebugAssets UP-TO-DATE
[        ] Caching disabled for task ':flutter_olm:mergeDebugAssets' because:
[        ]   Build cache is disabled
[        ]   Simple merging task
[        ] Skipping task ':flutter_olm:mergeDebugAssets' as it is up-to-date.
[        ] work action resolve mergeDebugAssets (project :flutter_olm) (Thread[#42885,Execution worker Thread 5,5,main]) started.
[        ] Resolve mutations for :flutter_openssl_crypto:mergeDebugShaders (Thread[#42885,Execution worker Thread 5,5,main]) started.
[        ] :flutter_openssl_crypto:mergeDebugShaders (Thread[#42885,Execution worker Thread 5,5,main]) started.
[        ] > Task :flutter_openssl_crypto:mergeDebugShaders UP-TO-DATE
[        ] Caching disabled for task ':flutter_openssl_crypto:mergeDebugShaders' because:
[        ]   Build cache is disabled
[        ]   Simple merging task
[        ] Skipping task ':flutter_openssl_crypto:mergeDebugShaders' as it is up-to-date.
[        ] Resolve mutations for :flutter_openssl_crypto:compileDebugShaders (Thread[#42885,Execution worker Thread 5,5,main]) started.
[        ] :flutter_openssl_crypto:compileDebugShaders (Thread[#42885,Execution worker Thread 5,5,main]) started.
[        ] > Task :flutter_openssl_crypto:compileDebugShaders NO-SOURCE
[        ] Skipping task ':flutter_openssl_crypto:compileDebugShaders' as it has no source files and no previous output files.
[        ] Resolve mutations for :flutter_openssl_crypto:generateDebugAssets (Thread[#42885,Execution worker Thread 5,5,main]) started.
[        ] :flutter_openssl_crypto:generateDebugAssets (Thread[#42885,Execution worker Thread 5,5,main]) started.
[        ] > Task :flutter_openssl_crypto:generateDebugAssets UP-TO-DATE
[        ] Skipping task ':flutter_openssl_crypto:generateDebugAssets' as it has no actions.
[        ] Resolve mutations for :flutter_openssl_crypto:mergeDebugAssets (Thread[#42885,Execution worker Thread 5,5,main]) started.
[        ] :flutter_openssl_crypto:mergeDebugAssets (Thread[#42885,Execution worker Thread 5,5,main]) started.
[        ] > Task :flutter_openssl_crypto:mergeDebugAssets UP-TO-DATE
[        ] Caching disabled for task ':flutter_openssl_crypto:mergeDebugAssets' because:
[        ]   Build cache is disabled
[        ]   Simple merging task
[        ] Skipping task ':flutter_openssl_crypto:mergeDebugAssets' as it is up-to-date.
[        ] work action resolve mergeDebugAssets (project :flutter_openssl_crypto) (Thread[#42885,Execution worker Thread 5,5,main]) started.
[        ] Resolve mutations for :integration_test:mergeDebugShaders (Thread[#42885,Execution worker Thread 5,5,main]) started.
[        ] :integration_test:mergeDebugShaders (Thread[#42885,Execution worker Thread 5,5,main]) started.
[        ] > Task :integration_test:mergeDebugShaders UP-TO-DATE
[        ] Caching disabled for task ':integration_test:mergeDebugShaders' because:
[        ]   Build cache is disabled
[        ]   Simple merging task
[        ] Skipping task ':integration_test:mergeDebugShaders' as it is up-to-date.
[        ] Resolve mutations for :integration_test:compileDebugShaders (Thread[#42885,Execution worker Thread 5,5,main]) started.
[        ] :integration_test:compileDebugShaders (Thread[#42885,Execution worker Thread 5,5,main]) started.
[        ] > Task :integration_test:compileDebugShaders NO-SOURCE
[        ] Skipping task ':integration_test:compileDebugShaders' as it has no source files and no previous output files.
[        ] Resolve mutations for :integration_test:generateDebugAssets (Thread[#42885,Execution worker Thread 5,5,main]) started.
[        ] :integration_test:generateDebugAssets (Thread[#42885,Execution worker Thread 5,5,main]) started.
[        ] > Task :integration_test:generateDebugAssets UP-TO-DATE
[        ] Skipping task ':integration_test:generateDebugAssets' as it has no actions.
[        ] Resolve mutations for :integration_test:mergeDebugAssets (Thread[#42885,Execution worker Thread 5,5,main]) started.
[        ] :integration_test:mergeDebugAssets (Thread[#42885,Execution worker Thread 5,5,main]) started.
[        ] > Task :integration_test:mergeDebugAssets UP-TO-DATE
[        ] Caching disabled for task ':integration_test:mergeDebugAssets' because:
[        ]   Build cache is disabled
[        ]   Simple merging task
[        ] Skipping task ':integration_test:mergeDebugAssets' as it is up-to-date.
[        ] work action resolve mergeDebugAssets (project :integration_test) (Thread[#42885,Execution worker Thread 5,5,main]) started.
[        ] Resolve mutations for :path_provider_android:mergeDebugShaders (Thread[#42885,Execution worker Thread 5,5,main]) started.
[        ] :path_provider_android:mergeDebugShaders (Thread[#42885,Execution worker Thread 5,5,main]) started.
[        ] > Task :path_provider_android:mergeDebugShaders UP-TO-DATE
[        ] Caching disabled for task ':path_provider_android:mergeDebugShaders' because:
[        ]   Build cache is disabled
[        ]   Simple merging task
[        ] Skipping task ':path_provider_android:mergeDebugShaders' as it is up-to-date.
[        ] Resolve mutations for :path_provider_android:compileDebugShaders (Thread[#42885,Execution worker Thread 5,5,main]) started.
[        ] :path_provider_android:compileDebugShaders (Thread[#42885,Execution worker Thread 5,5,main]) started.
[        ] > Task :path_provider_android:compileDebugShaders NO-SOURCE
[        ] Skipping task ':path_provider_android:compileDebugShaders' as it has no source files and no previous output files.
[        ] Resolve mutations for :path_provider_android:generateDebugAssets (Thread[#42885,Execution worker Thread 5,5,main]) started.
[        ] :path_provider_android:generateDebugAssets (Thread[#42885,Execution worker Thread 5,5,main]) started.
[        ] > Task :path_provider_android:generateDebugAssets UP-TO-DATE
[        ] Skipping task ':path_provider_android:generateDebugAssets' as it has no actions.
[        ] Resolve mutations for :path_provider_android:mergeDebugAssets (Thread[#42885,Execution worker Thread 5,5,main]) started.
[        ] :path_provider_android:mergeDebugAssets (Thread[#42885,Execution worker Thread 5,5,main]) started.
[        ] > Task :path_provider_android:mergeDebugAssets UP-TO-DATE
[        ] Caching disabled for task ':path_provider_android:mergeDebugAssets' because:
[        ]   Build cache is disabled
[        ]   Simple merging task
[        ] Skipping task ':path_provider_android:mergeDebugAssets' as it is up-to-date.
[        ] work action resolve mergeDebugAssets (project :path_provider_android) (Thread[#42885,Execution worker Thread 5,5,main]) started.
[        ] Resolve mutations for :quill_native_bridge_android:mergeDebugShaders (Thread[#42885,Execution worker Thread 5,5,main]) started.
[        ] :quill_native_bridge_android:mergeDebugShaders (Thread[#42885,Execution worker Thread 5,5,main]) started.
[        ] > Task :quill_native_bridge_android:mergeDebugShaders UP-TO-DATE
[        ] Caching disabled for task ':quill_native_bridge_android:mergeDebugShaders' because:
[        ]   Build cache is disabled
[        ]   Simple merging task
[        ] Skipping task ':quill_native_bridge_android:mergeDebugShaders' as it is up-to-date.
[        ] Resolve mutations for :quill_native_bridge_android:compileDebugShaders (Thread[#42885,Execution worker Thread 5,5,main]) started.
[        ] :quill_native_bridge_android:compileDebugShaders (Thread[#42885,Execution worker Thread 5,5,main]) started.
[        ] > Task :quill_native_bridge_android:compileDebugShaders NO-SOURCE
[        ] Skipping task ':quill_native_bridge_android:compileDebugShaders' as it has no source files and no previous output files.
[        ] Resolve mutations for :quill_native_bridge_android:generateDebugAssets (Thread[#42885,Execution worker Thread 5,5,main]) started.
[        ] :quill_native_bridge_android:generateDebugAssets (Thread[#42885,Execution worker Thread 5,5,main]) started.
[        ] > Task :quill_native_bridge_android:generateDebugAssets UP-TO-DATE
[        ] Skipping task ':quill_native_bridge_android:generateDebugAssets' as it has no actions.
[        ] Resolve mutations for :quill_native_bridge_android:mergeDebugAssets (Thread[#42885,Execution worker Thread 5,5,main]) started.
[        ] :quill_native_bridge_android:mergeDebugAssets (Thread[#42885,Execution worker Thread 5,5,main]) started.
[        ] > Task :quill_native_bridge_android:mergeDebugAssets UP-TO-DATE
[        ] Caching disabled for task ':quill_native_bridge_android:mergeDebugAssets' because:
[        ]   Build cache is disabled
[        ]   Simple merging task
[        ] Skipping task ':quill_native_bridge_android:mergeDebugAssets' as it is up-to-date.
[        ] work action resolve mergeDebugAssets (project :quill_native_bridge_android) (Thread[#42885,Execution worker Thread 5,5,main]) started.
[        ] Resolve mutations for :shared_preferences_android:mergeDebugShaders (Thread[#42885,Execution worker Thread 5,5,main]) started.
[        ] :shared_preferences_android:mergeDebugShaders (Thread[#42885,Execution worker Thread 5,5,main]) started.
[        ] > Task :shared_preferences_android:mergeDebugShaders UP-TO-DATE
[        ] Caching disabled for task ':shared_preferences_android:mergeDebugShaders' because:
[        ]   Build cache is disabled
[        ]   Simple merging task
[        ] Skipping task ':shared_preferences_android:mergeDebugShaders' as it is up-to-date.
[        ] Resolve mutations for :shared_preferences_android:compileDebugShaders (Thread[#42885,Execution worker Thread 5,5,main]) started.
[        ] :shared_preferences_android:compileDebugShaders (Thread[#42885,Execution worker Thread 5,5,main]) started.
[        ] > Task :shared_preferences_android:compileDebugShaders NO-SOURCE
[        ] Skipping task ':shared_preferences_android:compileDebugShaders' as it has no source files and no previous output files.
[        ] Resolve mutations for :shared_preferences_android:generateDebugAssets (Thread[#42885,Execution worker Thread 5,5,main]) started.
[        ] :shared_preferences_android:generateDebugAssets (Thread[#42885,Execution worker Thread 5,5,main]) started.
[        ] > Task :shared_preferences_android:generateDebugAssets UP-TO-DATE
[        ] Skipping task ':shared_preferences_android:generateDebugAssets' as it has no actions.
[        ] Resolve mutations for :shared_preferences_android:mergeDebugAssets (Thread[#42885,Execution worker Thread 5,5,main]) started.
[        ] :shared_preferences_android:mergeDebugAssets (Thread[#42885,Execution worker Thread 5,5,main]) started.
[        ] > Task :shared_preferences_android:mergeDebugAssets UP-TO-DATE
[        ] Caching disabled for task ':shared_preferences_android:mergeDebugAssets' because:
[        ]   Build cache is disabled
[        ]   Simple merging task
[        ] Skipping task ':shared_preferences_android:mergeDebugAssets' as it is up-to-date.
[        ] work action resolve mergeDebugAssets (project :shared_preferences_android) (Thread[#42885,Execution worker Thread 5,5,main]) started.
[        ] Resolve mutations for :sqflite_android:mergeDebugShaders (Thread[#42885,Execution worker Thread 5,5,main]) started.
[        ] :sqflite_android:mergeDebugShaders (Thread[#42885,Execution worker Thread 5,5,main]) started.
[        ] > Task :sqflite_android:mergeDebugShaders UP-TO-DATE
[        ] Caching disabled for task ':sqflite_android:mergeDebugShaders' because:
[        ]   Build cache is disabled
[        ]   Simple merging task
[        ] Skipping task ':sqflite_android:mergeDebugShaders' as it is up-to-date.
[        ] Resolve mutations for :sqflite_android:compileDebugShaders (Thread[#42885,Execution worker Thread 5,5,main]) started.
[        ] :sqflite_android:compileDebugShaders (Thread[#42885,Execution worker Thread 5,5,main]) started.
[        ] > Task :sqflite_android:compileDebugShaders NO-SOURCE
[        ] Skipping task ':sqflite_android:compileDebugShaders' as it has no source files and no previous output files.
[        ] Resolve mutations for :sqflite_android:generateDebugAssets (Thread[#42885,Execution worker Thread 5,5,main]) started.
[        ] :sqflite_android:generateDebugAssets (Thread[#42885,Execution worker Thread 5,5,main]) started.
[        ] > Task :sqflite_android:generateDebugAssets UP-TO-DATE
[        ] Skipping task ':sqflite_android:generateDebugAssets' as it has no actions.
[        ] Resolve mutations for :sqflite_android:mergeDebugAssets (Thread[#42885,Execution worker Thread 5,5,main]) started.
[        ] :sqflite_android:mergeDebugAssets (Thread[#42885,Execution worker Thread 5,5,main]) started.
[        ] > Task :sqflite_android:mergeDebugAssets UP-TO-DATE
[        ] Caching disabled for task ':sqflite_android:mergeDebugAssets' because:
[        ]   Build cache is disabled
[        ]   Simple merging task
[        ] Skipping task ':sqflite_android:mergeDebugAssets' as it is up-to-date.
[        ] work action resolve mergeDebugAssets (project :sqflite_android) (Thread[#42885,Execution worker Thread 5,5,main]) started.
[        ] Resolve mutations for :url_launcher_android:mergeDebugShaders (Thread[#42885,Execution worker Thread 5,5,main]) started.
[        ] :url_launcher_android:mergeDebugShaders (Thread[#42885,Execution worker Thread 5,5,main]) started.
[        ] > Task :url_launcher_android:mergeDebugShaders UP-TO-DATE
[        ] Caching disabled for task ':url_launcher_android:mergeDebugShaders' because:
[        ]   Build cache is disabled
[        ]   Simple merging task
[        ] Skipping task ':url_launcher_android:mergeDebugShaders' as it is up-to-date.
[        ] Resolve mutations for :url_launcher_android:compileDebugShaders (Thread[#42885,Execution worker Thread 5,5,main]) started.
[        ] :url_launcher_android:compileDebugShaders (Thread[#42885,Execution worker Thread 5,5,main]) started.
[        ] > Task :url_launcher_android:compileDebugShaders NO-SOURCE
[        ] Skipping task ':url_launcher_android:compileDebugShaders' as it has no source files and no previous output files.
[        ] Resolve mutations for :url_launcher_android:generateDebugAssets (Thread[#42885,Execution worker Thread 5,5,main]) started.
[        ] :url_launcher_android:generateDebugAssets (Thread[#42885,Execution worker Thread 5,5,main]) started.
[        ] > Task :url_launcher_android:generateDebugAssets UP-TO-DATE
[        ] Skipping task ':url_launcher_android:generateDebugAssets' as it has no actions.
[        ] Resolve mutations for :url_launcher_android:mergeDebugAssets (Thread[#42885,Execution worker Thread 5,5,main]) started.
[        ] :url_launcher_android:mergeDebugAssets (Thread[#42885,Execution worker Thread 5,5,main]) started.
[        ] > Task :url_launcher_android:mergeDebugAssets UP-TO-DATE
[        ] Caching disabled for task ':url_launcher_android:mergeDebugAssets' because:
[        ]   Build cache is disabled
[        ]   Simple merging task
[        ] Skipping task ':url_launcher_android:mergeDebugAssets' as it is up-to-date.
[        ] work action resolve mergeDebugAssets (project :url_launcher_android) (Thread[#42885,Execution worker Thread 5,5,main]) started.
[        ] Resolve mutations for :video_player_android:mergeDebugShaders (Thread[#42885,Execution worker Thread 5,5,main]) started.
[        ] :video_player_android:mergeDebugShaders (Thread[#42885,Execution worker Thread 5,5,main]) started.
[        ] > Task :video_player_android:mergeDebugShaders UP-TO-DATE
[        ] Caching disabled for task ':video_player_android:mergeDebugShaders' because:
[        ]   Build cache is disabled
[        ]   Simple merging task
[        ] Skipping task ':video_player_android:mergeDebugShaders' as it is up-to-date.
[        ] Resolve mutations for :video_player_android:compileDebugShaders (Thread[#42885,Execution worker Thread 5,5,main]) started.
[        ] :video_player_android:compileDebugShaders (Thread[#42885,Execution worker Thread 5,5,main]) started.
[        ] > Task :video_player_android:compileDebugShaders NO-SOURCE
[        ] Skipping task ':video_player_android:compileDebugShaders' as it has no source files and no previous output files.
[        ] Resolve mutations for :video_player_android:generateDebugAssets (Thread[#42885,Execution worker Thread 5,5,main]) started.
[        ] :video_player_android:generateDebugAssets (Thread[#42885,Execution worker Thread 5,5,main]) started.
[        ] > Task :video_player_android:generateDebugAssets UP-TO-DATE
[        ] Skipping task ':video_player_android:generateDebugAssets' as it has no actions.
[        ] Resolve mutations for :video_player_android:mergeDebugAssets (Thread[#42885,Execution worker Thread 5,5,main]) started.
[        ] :video_player_android:mergeDebugAssets (Thread[#42885,Execution worker Thread 5,5,main]) started.
[        ] > Task :video_player_android:mergeDebugAssets UP-TO-DATE
[        ] Caching disabled for task ':video_player_android:mergeDebugAssets' because:
[        ]   Build cache is disabled
[        ]   Simple merging task
[        ] Skipping task ':video_player_android:mergeDebugAssets' as it is up-to-date.
[        ] work action resolve mergeDebugAssets (project :video_player_android) (Thread[#42885,Execution worker Thread 5,5,main]) started.
[        ] Resolve mutations for :app:mergeDebugAssets (Thread[#42885,Execution worker Thread 5,5,main]) started.
[        ] :app:mergeDebugAssets (Thread[#42885,Execution worker Thread 5,5,main]) started.
[        ] > Task :app:mergeDebugAssets
[        ] Caching disabled for task ':app:mergeDebugAssets' because:
[        ]   Build cache is disabled
[        ]   Simple merging task
[        ] Task ':app:mergeDebugAssets' is not up-to-date because:
[        ]   Output property 'outputDir' file /Users/florian/Code/substitution/build/app/intermediates/assets/debug/mergeDebugAssets has been removed.
[        ] The input changes require a full rebuild for incremental task ':app:mergeDebugAssets'.
[        ] Resolve mutations for :app:copyFlutterAssetsDebug (Thread[#42885,Execution worker Thread 5,5,main]) started.
[        ] :app:copyFlutterAssetsDebug (Thread[#42906,Execution worker Thread 25,5,main]) started.
[ +290 ms] > Task :app:copyFlutterAssetsDebug
[        ] Caching disabled for task ':app:copyFlutterAssetsDebug' because:
[        ]   Build cache is disabled
[        ]   Not worth caching
[        ] Task ':app:copyFlutterAssetsDebug' is not up-to-date because:
[        ]   Output property 'destinationDir' file /Users/florian/Code/substitution/build/app/intermediates/assets/debug/mergeDebugAssets/flutter_assets has been removed.
[        ]   Output property 'destinationDir' file /Users/florian/Code/substitution/build/app/intermediates/assets/debug/mergeDebugAssets/flutter_assets/AssetManifest.bin has been removed.
[        ]   Output property 'destinationDir' file /Users/florian/Code/substitution/build/app/intermediates/assets/debug/mergeDebugAssets/flutter_assets/FontManifest.json has been removed.
[        ]   and more...
[        ] Resolve mutations for :app:generateDebugResValues (Thread[#42906,Execution worker Thread 25,5,main]) started.
[        ] :app:generateDebugResValues (Thread[#42906,Execution worker Thread 25,5,main]) started.
[        ] > Task :app:generateDebugResValues UP-TO-DATE
[        ] Caching disabled for task ':app:generateDebugResValues' because:
[        ]   Build cache is disabled
[        ] Skipping task ':app:generateDebugResValues' as it is up-to-date.
[        ] Resolve mutations for :connectivity_plus:generateDebugResValues (Thread[#42906,Execution worker Thread 25,5,main]) started.
[        ] :connectivity_plus:generateDebugResValues (Thread[#42906,Execution worker Thread 25,5,main]) started.
[        ] > Task :connectivity_plus:generateDebugResValues UP-TO-DATE
[        ] Caching disabled for task ':connectivity_plus:generateDebugResValues' because:
[        ]   Build cache is disabled
[        ] Skipping task ':connectivity_plus:generateDebugResValues' as it is up-to-date.
[        ] Resolve mutations for :connectivity_plus:generateDebugResources (Thread[#42906,Execution worker Thread 25,5,main]) started.
[        ] :connectivity_plus:generateDebugResources (Thread[#42906,Execution worker Thread 25,5,main]) started.
[        ] > Task :connectivity_plus:generateDebugResources UP-TO-DATE
[        ] Caching disabled for task ':connectivity_plus:generateDebugResources' because:
[        ]   Build cache is disabled
[        ] Skipping task ':connectivity_plus:generateDebugResources' as it is up-to-date.
[        ] Resolve mutations for :connectivity_plus:packageDebugResources (Thread[#42906,Execution worker Thread 25,5,main]) started.
[        ] :connectivity_plus:packageDebugResources (Thread[#42906,Execution worker Thread 25,5,main]) started.
[        ] > Task :connectivity_plus:packageDebugResources UP-TO-DATE
[        ] Caching disabled for task ':connectivity_plus:packageDebugResources' because:
[        ]   Build cache is disabled
[        ] Skipping task ':connectivity_plus:packageDebugResources' as it is up-to-date.
[        ] work action resolve packageDebugResources (project :connectivity_plus) (Thread[#42906,Execution worker Thread 25,5,main]) started.
[        ] Resolve mutations for :emoji_picker_flutter:generateDebugResValues (Thread[#42906,Execution worker Thread 25,5,main]) started.
[        ] :emoji_picker_flutter:generateDebugResValues (Thread[#42906,Execution worker Thread 25,5,main]) started.
[        ] > Task :emoji_picker_flutter:generateDebugResValues UP-TO-DATE
[        ] Caching disabled for task ':emoji_picker_flutter:generateDebugResValues' because:
[        ]   Build cache is disabled
[        ] Skipping task ':emoji_picker_flutter:generateDebugResValues' as it is up-to-date.
[        ] Resolve mutations for :emoji_picker_flutter:generateDebugResources (Thread[#42906,Execution worker Thread 25,5,main]) started.
[        ] :emoji_picker_flutter:generateDebugResources (Thread[#42906,Execution worker Thread 25,5,main]) started.
[        ] > Task :emoji_picker_flutter:generateDebugResources UP-TO-DATE
[        ] Caching disabled for task ':emoji_picker_flutter:generateDebugResources' because:
[        ]   Build cache is disabled
[        ] Skipping task ':emoji_picker_flutter:generateDebugResources' as it is up-to-date.
[        ] Resolve mutations for :emoji_picker_flutter:packageDebugResources (Thread[#42906,Execution worker Thread 25,5,main]) started.
[        ] :emoji_picker_flutter:packageDebugResources (Thread[#42906,Execution worker Thread 25,5,main]) started.
[        ] > Task :emoji_picker_flutter:packageDebugResources UP-TO-DATE
[        ] Caching disabled for task ':emoji_picker_flutter:packageDebugResources' because:
[        ]   Build cache is disabled
[        ] Skipping task ':emoji_picker_flutter:packageDebugResources' as it is up-to-date.
[        ] work action resolve packageDebugResources (project :emoji_picker_flutter) (Thread[#42906,Execution worker Thread 25,5,main]) started.
[        ] Resolve mutations for :file_selector_android:generateDebugResValues (Thread[#42906,Execution worker Thread 25,5,main]) started.
[        ] :file_selector_android:generateDebugResValues (Thread[#42906,Execution worker Thread 25,5,main]) started.
[        ] > Task :file_selector_android:generateDebugResValues UP-TO-DATE
[        ] Caching disabled for task ':file_selector_android:generateDebugResValues' because:
[        ]   Build cache is disabled
[        ] Skipping task ':file_selector_android:generateDebugResValues' as it is up-to-date.
[        ] Resolve mutations for :file_selector_android:generateDebugResources (Thread[#42906,Execution worker Thread 25,5,main]) started.
[        ] :file_selector_android:generateDebugResources (Thread[#42906,Execution worker Thread 25,5,main]) started.
[        ] > Task :file_selector_android:generateDebugResources UP-TO-DATE
[        ] Caching disabled for task ':file_selector_android:generateDebugResources' because:
[        ]   Build cache is disabled
[        ] Skipping task ':file_selector_android:generateDebugResources' as it is up-to-date.
[        ] Resolve mutations for :file_selector_android:packageDebugResources (Thread[#42906,Execution worker Thread 25,5,main]) started.
[        ] :file_selector_android:packageDebugResources (Thread[#42906,Execution worker Thread 25,5,main]) started.
[        ] > Task :file_selector_android:packageDebugResources UP-TO-DATE
[        ] Caching disabled for task ':file_selector_android:packageDebugResources' because:
[        ]   Build cache is disabled
[        ] Skipping task ':file_selector_android:packageDebugResources' as it is up-to-date.
[        ] work action resolve packageDebugResources (project :file_selector_android) (Thread[#42906,Execution worker Thread 25,5,main]) started.
[        ] Resolve mutations for :flutter_keyboard_visibility_temp_fork:generateDebugResValues (Thread[#42906,Execution worker Thread 25,5,main]) started.
[        ] :flutter_keyboard_visibility_temp_fork:generateDebugResValues (Thread[#42906,Execution worker Thread 25,5,main]) started.
[        ] > Task :flutter_keyboard_visibility_temp_fork:generateDebugResValues UP-TO-DATE
[        ] Caching disabled for task ':flutter_keyboard_visibility_temp_fork:generateDebugResValues' because:
[        ]   Build cache is disabled
[        ] Skipping task ':flutter_keyboard_visibility_temp_fork:generateDebugResValues' as it is up-to-date.
[        ] Resolve mutations for :flutter_keyboard_visibility_temp_fork:generateDebugResources (Thread[#42906,Execution worker Thread 25,5,main]) started.
[        ] :flutter_keyboard_visibility_temp_fork:generateDebugResources (Thread[#42906,Execution worker Thread 25,5,main]) started.
[        ] > Task :flutter_keyboard_visibility_temp_fork:generateDebugResources UP-TO-DATE
[        ] Caching disabled for task ':flutter_keyboard_visibility_temp_fork:generateDebugResources' because:
[        ]   Build cache is disabled
[        ] Skipping task ':flutter_keyboard_visibility_temp_fork:generateDebugResources' as it is up-to-date.
[        ] Resolve mutations for :flutter_keyboard_visibility_temp_fork:packageDebugResources (Thread[#42906,Execution worker Thread 25,5,main]) started.
[        ] :flutter_keyboard_visibility_temp_fork:packageDebugResources (Thread[#42906,Execution worker Thread 25,5,main]) started.
[        ] > Task :flutter_keyboard_visibility_temp_fork:packageDebugResources UP-TO-DATE
[        ] Caching disabled for task ':flutter_keyboard_visibility_temp_fork:packageDebugResources' because:
[        ]   Build cache is disabled
[        ] Skipping task ':flutter_keyboard_visibility_temp_fork:packageDebugResources' as it is up-to-date.
[        ] work action resolve packageDebugResources (project :flutter_keyboard_visibility_temp_fork) (Thread[#42906,Execution worker Thread 25,5,main]) started.
[        ] Resolve mutations for :flutter_native_splash:generateDebugResValues (Thread[#42906,Execution worker Thread 25,5,main]) started.
[        ] :flutter_native_splash:generateDebugResValues (Thread[#42902,Execution worker Thread 21,5,main]) started.
[        ] > Task :flutter_native_splash:generateDebugResValues UP-TO-DATE
[        ] Caching disabled for task ':flutter_native_splash:generateDebugResValues' because:
[        ]   Build cache is disabled
[        ] Skipping task ':flutter_native_splash:generateDebugResValues' as it is up-to-date.
[        ] Resolve mutations for :flutter_native_splash:generateDebugResources (Thread[#42902,Execution worker Thread 21,5,main]) started.
[        ] :flutter_native_splash:generateDebugResources (Thread[#42908,Execution worker Thread 27,5,main]) started.
[        ] > Task :flutter_native_splash:generateDebugResources UP-TO-DATE
[        ] Caching disabled for task ':flutter_native_splash:generateDebugResources' because:
[        ]   Build cache is disabled
[        ] Skipping task ':flutter_native_splash:generateDebugResources' as it is up-to-date.
[        ] Resolve mutations for :flutter_native_splash:packageDebugResources (Thread[#42908,Execution worker Thread 27,5,main]) started.
[        ] :flutter_native_splash:packageDebugResources (Thread[#42903,Execution worker Thread 22,5,main]) started.
[        ] > Task :flutter_native_splash:packageDebugResources UP-TO-DATE
[        ] Caching disabled for task ':flutter_native_splash:packageDebugResources' because:
[        ]   Build cache is disabled
[        ] Skipping task ':flutter_native_splash:packageDebugResources' as it is up-to-date.
[        ] work action resolve packageDebugResources (project :flutter_native_splash) (Thread[#42903,Execution worker Thread 22,5,main]) started.
[        ] Resolve mutations for :flutter_olm:generateDebugResValues (Thread[#42903,Execution worker Thread 22,5,main]) started.
[        ] :flutter_olm:generateDebugResValues (Thread[#42880,included builds,5,main]) started.
[        ] > Task :flutter_olm:generateDebugResValues UP-TO-DATE
[        ] Caching disabled for task ':flutter_olm:generateDebugResValues' because:
[        ]   Build cache is disabled
[        ] Skipping task ':flutter_olm:generateDebugResValues' as it is up-to-date.
[        ] Resolve mutations for :flutter_olm:generateDebugResources (Thread[#42880,included builds,5,main]) started.
[        ] :flutter_olm:generateDebugResources (Thread[#42880,included builds,5,main]) started.
[        ] > Task :flutter_olm:generateDebugResources UP-TO-DATE
[        ] Caching disabled for task ':flutter_olm:generateDebugResources' because:
[        ]   Build cache is disabled
[        ] Skipping task ':flutter_olm:generateDebugResources' as it is up-to-date.
[        ] Resolve mutations for :flutter_olm:packageDebugResources (Thread[#42880,included builds,5,main]) started.
[        ] :flutter_olm:packageDebugResources (Thread[#42880,included builds,5,main]) started.
[        ] > Task :flutter_olm:packageDebugResources UP-TO-DATE
[        ] Caching disabled for task ':flutter_olm:packageDebugResources' because:
[        ]   Build cache is disabled
[        ] Skipping task ':flutter_olm:packageDebugResources' as it is up-to-date.
[        ] work action resolve packageDebugResources (project :flutter_olm) (Thread[#42880,included builds,5,main]) started.
[        ] Resolve mutations for :flutter_openssl_crypto:generateDebugResValues (Thread[#42880,included builds,5,main]) started.
[        ] :flutter_openssl_crypto:generateDebugResValues (Thread[#42880,included builds,5,main]) started.
[        ] > Task :flutter_openssl_crypto:generateDebugResValues UP-TO-DATE
[        ] Caching disabled for task ':flutter_openssl_crypto:generateDebugResValues' because:
[        ]   Build cache is disabled
[        ] Skipping task ':flutter_openssl_crypto:generateDebugResValues' as it is up-to-date.
[        ] Resolve mutations for :flutter_openssl_crypto:generateDebugResources (Thread[#42880,included builds,5,main]) started.
[        ] :flutter_openssl_crypto:generateDebugResources (Thread[#42880,included builds,5,main]) started.
[        ] > Task :flutter_openssl_crypto:generateDebugResources UP-TO-DATE
[        ] Caching disabled for task ':flutter_openssl_crypto:generateDebugResources' because:
[        ]   Build cache is disabled
[        ] Skipping task ':flutter_openssl_crypto:generateDebugResources' as it is up-to-date.
[        ] Resolve mutations for :flutter_openssl_crypto:packageDebugResources (Thread[#42880,included builds,5,main]) started.
[        ] :flutter_openssl_crypto:packageDebugResources (Thread[#42880,included builds,5,main]) started.
[        ] > Task :flutter_openssl_crypto:packageDebugResources UP-TO-DATE
[        ] Caching disabled for task ':flutter_openssl_crypto:packageDebugResources' because:
[        ]   Build cache is disabled
[        ] Skipping task ':flutter_openssl_crypto:packageDebugResources' as it is up-to-date.
[        ] work action resolve packageDebugResources (project :flutter_openssl_crypto) (Thread[#42880,included builds,5,main]) started.
[        ] Resolve mutations for :integration_test:generateDebugResValues (Thread[#42880,included builds,5,main]) started.
[        ] :integration_test:generateDebugResValues (Thread[#42892,Execution worker Thread 11,5,main]) started.
[        ] > Task :integration_test:generateDebugResValues UP-TO-DATE
[        ] Caching disabled for task ':integration_test:generateDebugResValues' because:
[        ]   Build cache is disabled
[        ] Skipping task ':integration_test:generateDebugResValues' as it is up-to-date.
[        ] Resolve mutations for :integration_test:generateDebugResources (Thread[#42892,Execution worker Thread 11,5,main]) started.
[        ] :integration_test:generateDebugResources (Thread[#42892,Execution worker Thread 11,5,main]) started.
[        ] > Task :integration_test:generateDebugResources UP-TO-DATE
[        ] Caching disabled for task ':integration_test:generateDebugResources' because:
[        ]   Build cache is disabled
[        ] Skipping task ':integration_test:generateDebugResources' as it is up-to-date.
[        ] Resolve mutations for :integration_test:packageDebugResources (Thread[#42892,Execution worker Thread 11,5,main]) started.
[        ] :integration_test:packageDebugResources (Thread[#42895,Execution worker Thread 14,5,main]) started.
[        ] > Task :integration_test:packageDebugResources UP-TO-DATE
[        ] Caching disabled for task ':integration_test:packageDebugResources' because:
[        ]   Build cache is disabled
[        ] Skipping task ':integration_test:packageDebugResources' as it is up-to-date.
[        ] work action resolve packageDebugResources (project :integration_test) (Thread[#42895,Execution worker Thread 14,5,main]) started.
[        ] Resolve mutations for :path_provider_android:generateDebugResValues (Thread[#42895,Execution worker Thread 14,5,main]) started.
[        ] :path_provider_android:generateDebugResValues (Thread[#42895,Execution worker Thread 14,5,main]) started.
[        ] > Task :path_provider_android:generateDebugResValues UP-TO-DATE
[        ] Caching disabled for task ':path_provider_android:generateDebugResValues' because:
[        ]   Build cache is disabled
[        ] Skipping task ':path_provider_android:generateDebugResValues' as it is up-to-date.
[        ] Resolve mutations for :path_provider_android:generateDebugResources (Thread[#42895,Execution worker Thread 14,5,main]) started.
[        ] :path_provider_android:generateDebugResources (Thread[#42886,Execution worker Thread 6,5,main]) started.
[        ] > Task :path_provider_android:generateDebugResources UP-TO-DATE
[        ] Caching disabled for task ':path_provider_android:generateDebugResources' because:
[        ]   Build cache is disabled
[        ] Skipping task ':path_provider_android:generateDebugResources' as it is up-to-date.
[        ] Resolve mutations for :path_provider_android:packageDebugResources (Thread[#42886,Execution worker Thread 6,5,main]) started.
[        ] :path_provider_android:packageDebugResources (Thread[#42886,Execution worker Thread 6,5,main]) started.
[        ] > Task :path_provider_android:packageDebugResources UP-TO-DATE
[        ] Caching disabled for task ':path_provider_android:packageDebugResources' because:
[        ]   Build cache is disabled
[        ] Skipping task ':path_provider_android:packageDebugResources' as it is up-to-date.
[        ] work action resolve packageDebugResources (project :path_provider_android) (Thread[#42886,Execution worker Thread 6,5,main]) started.
[        ] Resolve mutations for :quill_native_bridge_android:generateDebugResValues (Thread[#42886,Execution worker Thread 6,5,main]) started.
[        ] :quill_native_bridge_android:generateDebugResValues (Thread[#42886,Execution worker Thread 6,5,main]) started.
[        ] > Task :quill_native_bridge_android:generateDebugResValues UP-TO-DATE
[        ] Caching disabled for task ':quill_native_bridge_android:generateDebugResValues' because:
[        ]   Build cache is disabled
[        ] Skipping task ':quill_native_bridge_android:generateDebugResValues' as it is up-to-date.
[        ] Resolve mutations for :quill_native_bridge_android:generateDebugResources (Thread[#42886,Execution worker Thread 6,5,main]) started.
[        ] :quill_native_bridge_android:generateDebugResources (Thread[#42886,Execution worker Thread 6,5,main]) started.
[        ] > Task :quill_native_bridge_android:generateDebugResources UP-TO-DATE
[        ] Caching disabled for task ':quill_native_bridge_android:generateDebugResources' because:
[        ]   Build cache is disabled
[        ] Skipping task ':quill_native_bridge_android:generateDebugResources' as it is up-to-date.
[        ] Resolve mutations for :quill_native_bridge_android:packageDebugResources (Thread[#42886,Execution worker Thread 6,5,main]) started.
[        ] :quill_native_bridge_android:packageDebugResources (Thread[#42886,Execution worker Thread 6,5,main]) started.
[        ] > Task :quill_native_bridge_android:packageDebugResources UP-TO-DATE
[        ] Caching disabled for task ':quill_native_bridge_android:packageDebugResources' because:
[        ]   Build cache is disabled
[        ] Skipping task ':quill_native_bridge_android:packageDebugResources' as it is up-to-date.
[        ] work action resolve packageDebugResources (project :quill_native_bridge_android) (Thread[#42886,Execution worker Thread 6,5,main]) started.
[        ] Resolve mutations for :shared_preferences_android:generateDebugResValues (Thread[#42886,Execution worker Thread 6,5,main]) started.
[        ] :shared_preferences_android:generateDebugResValues (Thread[#42886,Execution worker Thread 6,5,main]) started.
[        ] > Task :shared_preferences_android:generateDebugResValues UP-TO-DATE
[        ] Caching disabled for task ':shared_preferences_android:generateDebugResValues' because:
[        ]   Build cache is disabled
[        ] Skipping task ':shared_preferences_android:generateDebugResValues' as it is up-to-date.
[        ] Resolve mutations for :shared_preferences_android:generateDebugResources (Thread[#42886,Execution worker Thread 6,5,main]) started.
[        ] :shared_preferences_android:generateDebugResources (Thread[#42886,Execution worker Thread 6,5,main]) started.
[        ] > Task :shared_preferences_android:generateDebugResources UP-TO-DATE
[        ] Caching disabled for task ':shared_preferences_android:generateDebugResources' because:
[        ]   Build cache is disabled
[        ] Skipping task ':shared_preferences_android:generateDebugResources' as it is up-to-date.
[        ] Resolve mutations for :shared_preferences_android:packageDebugResources (Thread[#42886,Execution worker Thread 6,5,main]) started.
[        ] :shared_preferences_android:packageDebugResources (Thread[#42886,Execution worker Thread 6,5,main]) started.
[        ] > Task :shared_preferences_android:packageDebugResources UP-TO-DATE
[        ] Caching disabled for task ':shared_preferences_android:packageDebugResources' because:
[        ]   Build cache is disabled
[        ] Skipping task ':shared_preferences_android:packageDebugResources' as it is up-to-date.
[        ] work action resolve packageDebugResources (project :shared_preferences_android) (Thread[#42886,Execution worker Thread 6,5,main]) started.
[        ] Resolve mutations for :sqflite_android:generateDebugResValues (Thread[#42886,Execution worker Thread 6,5,main]) started.
[        ] :sqflite_android:generateDebugResValues (Thread[#42885,Execution worker Thread 5,5,main]) started.
[        ] > Task :sqflite_android:generateDebugResValues UP-TO-DATE
[        ] Caching disabled for task ':sqflite_android:generateDebugResValues' because:
[        ]   Build cache is disabled
[        ] Skipping task ':sqflite_android:generateDebugResValues' as it is up-to-date.
[        ] Resolve mutations for :sqflite_android:generateDebugResources (Thread[#42885,Execution worker Thread 5,5,main]) started.
[        ] :sqflite_android:generateDebugResources (Thread[#42885,Execution worker Thread 5,5,main]) started.
[        ] > Task :sqflite_android:generateDebugResources UP-TO-DATE
[        ] Caching disabled for task ':sqflite_android:generateDebugResources' because:
[        ]   Build cache is disabled
[        ] Skipping task ':sqflite_android:generateDebugResources' as it is up-to-date.
[        ] Resolve mutations for :sqflite_android:packageDebugResources (Thread[#42885,Execution worker Thread 5,5,main]) started.
[        ] :sqflite_android:packageDebugResources (Thread[#42885,Execution worker Thread 5,5,main]) started.
[        ] > Task :sqflite_android:packageDebugResources UP-TO-DATE
[        ] Caching disabled for task ':sqflite_android:packageDebugResources' because:
[        ]   Build cache is disabled
[        ] Skipping task ':sqflite_android:packageDebugResources' as it is up-to-date.
[        ] work action resolve packageDebugResources (project :sqflite_android) (Thread[#42885,Execution worker Thread 5,5,main]) started.
[        ] Resolve mutations for :url_launcher_android:generateDebugResValues (Thread[#42885,Execution worker Thread 5,5,main]) started.
[        ] :url_launcher_android:generateDebugResValues (Thread[#42885,Execution worker Thread 5,5,main]) started.
[        ] > Task :url_launcher_android:generateDebugResValues UP-TO-DATE
[        ] Caching disabled for task ':url_launcher_android:generateDebugResValues' because:
[        ]   Build cache is disabled
[        ] Skipping task ':url_launcher_android:generateDebugResValues' as it is up-to-date.
[        ] Resolve mutations for :url_launcher_android:generateDebugResources (Thread[#42885,Execution worker Thread 5,5,main]) started.
[        ] :url_launcher_android:generateDebugResources (Thread[#42885,Execution worker Thread 5,5,main]) started.
[        ] > Task :url_launcher_android:generateDebugResources UP-TO-DATE
[        ] Caching disabled for task ':url_launcher_android:generateDebugResources' because:
[        ]   Build cache is disabled
[        ] Skipping task ':url_launcher_android:generateDebugResources' as it is up-to-date.
[        ] Resolve mutations for :url_launcher_android:packageDebugResources (Thread[#42885,Execution worker Thread 5,5,main]) started.
[        ] :url_launcher_android:packageDebugResources (Thread[#42885,Execution worker Thread 5,5,main]) started.
[        ] > Task :url_launcher_android:packageDebugResources UP-TO-DATE
[        ] Caching disabled for task ':url_launcher_android:packageDebugResources' because:
[        ]   Build cache is disabled
[        ] Skipping task ':url_launcher_android:packageDebugResources' as it is up-to-date.
[        ] work action resolve packageDebugResources (project :url_launcher_android) (Thread[#42885,Execution worker Thread 5,5,main]) started.
[        ] Resolve mutations for :video_player_android:generateDebugResValues (Thread[#42885,Execution worker Thread 5,5,main]) started.
[        ] :video_player_android:generateDebugResValues (Thread[#42885,Execution worker Thread 5,5,main]) started.
[        ] > Task :video_player_android:generateDebugResValues UP-TO-DATE
[        ] Caching disabled for task ':video_player_android:generateDebugResValues' because:
[        ]   Build cache is disabled
[        ] Skipping task ':video_player_android:generateDebugResValues' as it is up-to-date.
[        ] Resolve mutations for :video_player_android:generateDebugResources (Thread[#42885,Execution worker Thread 5,5,main]) started.
[        ] :video_player_android:generateDebugResources (Thread[#42885,Execution worker Thread 5,5,main]) started.
[        ] > Task :video_player_android:generateDebugResources UP-TO-DATE
[        ] Caching disabled for task ':video_player_android:generateDebugResources' because:
[        ]   Build cache is disabled
[        ] Skipping task ':video_player_android:generateDebugResources' as it is up-to-date.
[        ] Resolve mutations for :video_player_android:packageDebugResources (Thread[#42885,Execution worker Thread 5,5,main]) started.
[        ] :video_player_android:packageDebugResources (Thread[#42885,Execution worker Thread 5,5,main]) started.
[        ] > Task :video_player_android:packageDebugResources UP-TO-DATE
[        ] Caching disabled for task ':video_player_android:packageDebugResources' because:
[        ]   Build cache is disabled
[        ] Skipping task ':video_player_android:packageDebugResources' as it is up-to-date.
[        ] work action resolve packageDebugResources (project :video_player_android) (Thread[#42885,Execution worker Thread 5,5,main]) started.
[        ] Resolve mutations for :app:mapDebugSourceSetPaths (Thread[#42885,Execution worker Thread 5,5,main]) started.
[        ] :app:mapDebugSourceSetPaths (Thread[#42885,Execution worker Thread 5,5,main]) started.
[        ] > Task :app:mapDebugSourceSetPaths UP-TO-DATE
[        ] Caching disabled for task ':app:mapDebugSourceSetPaths' because:
[        ]   Build cache is disabled
[        ]   Caching has been disabled for the task
[        ] Skipping task ':app:mapDebugSourceSetPaths' as it is up-to-date.
[        ] Resolve mutations for :app:generateDebugResources (Thread[#42885,Execution worker Thread 5,5,main]) started.
[        ] :app:generateDebugResources (Thread[#42885,Execution worker Thread 5,5,main]) started.
[        ] > Task :app:generateDebugResources UP-TO-DATE
[        ] Caching disabled for task ':app:generateDebugResources' because:
[        ]   Build cache is disabled
[        ] Skipping task ':app:generateDebugResources' as it is up-to-date.
[        ] Resolve mutations for :app:mergeDebugResources (Thread[#42885,Execution worker Thread 5,5,main]) started.
[        ] :app:mergeDebugResources (Thread[#42885,Execution worker Thread 5,5,main]) started.
[        ] > Task :app:mergeDebugResources UP-TO-DATE
[        ] Caching disabled for task ':app:mergeDebugResources' because:
[        ]   Build cache is disabled
[        ] Skipping task ':app:mergeDebugResources' as it is up-to-date.
[        ] Resolve mutations for :app:packageDebugResources (Thread[#42885,Execution worker Thread 5,5,main]) started.
[        ] :app:packageDebugResources (Thread[#42885,Execution worker Thread 5,5,main]) started.
[        ] > Task :app:packageDebugResources UP-TO-DATE
[        ] Caching disabled for task ':app:packageDebugResources' because:
[        ]   Build cache is disabled
[        ] Skipping task ':app:packageDebugResources' as it is up-to-date.
[        ] Resolve mutations for :app:parseDebugLocalResources (Thread[#42885,Execution worker Thread 5,5,main]) started.
[        ] :app:parseDebugLocalResources (Thread[#42885,Execution worker Thread 5,5,main]) started.
[        ] > Task :app:parseDebugLocalResources UP-TO-DATE
[        ] Caching disabled for task ':app:parseDebugLocalResources' because:
[        ]   Build cache is disabled
[        ] Skipping task ':app:parseDebugLocalResources' as it is up-to-date.
[        ] Resolve mutations for :app:createDebugCompatibleScreenManifests (Thread[#42885,Execution worker Thread 5,5,main]) started.
[        ] :app:createDebugCompatibleScreenManifests (Thread[#42885,Execution worker Thread 5,5,main]) started.
[        ] > Task :app:createDebugCompatibleScreenManifests UP-TO-DATE
[        ] Caching disabled for task ':app:createDebugCompatibleScreenManifests' because:
[        ]   Build cache is disabled
[        ]   Caching has been disabled for the task
[        ] Skipping task ':app:createDebugCompatibleScreenManifests' as it is up-to-date.
[        ] Resolve mutations for :app:extractDeepLinksDebug (Thread[#42885,Execution worker Thread 5,5,main]) started.
[        ] :app:extractDeepLinksDebug (Thread[#42885,Execution worker Thread 5,5,main]) started.
[        ] > Task :app:extractDeepLinksDebug UP-TO-DATE
[        ] Caching disabled for task ':app:extractDeepLinksDebug' because:
[        ]   Build cache is disabled
[        ] Skipping task ':app:extractDeepLinksDebug' as it is up-to-date.
[        ] Resolve mutations for :connectivity_plus:extractDeepLinksDebug (Thread[#42885,Execution worker Thread 5,5,main]) started.
[        ] :connectivity_plus:extractDeepLinksDebug (Thread[#42885,Execution worker Thread 5,5,main]) started.
[        ] > Task :connectivity_plus:extractDeepLinksDebug UP-TO-DATE
[        ] Caching disabled for task ':connectivity_plus:extractDeepLinksDebug' because:
[        ]   Build cache is disabled
[        ] Skipping task ':connectivity_plus:extractDeepLinksDebug' as it is up-to-date.
[        ] work action resolve navigation.json (project :connectivity_plus) (Thread[#42885,Execution worker Thread 5,5,main]) started.
[        ] Resolve mutations for :connectivity_plus:processDebugManifest (Thread[#42885,Execution worker Thread 5,5,main]) started.
[        ] :connectivity_plus:processDebugManifest (Thread[#42885,Execution worker Thread 5,5,main]) started.
[        ] > Task :connectivity_plus:processDebugManifest UP-TO-DATE
[        ] Caching disabled for task ':connectivity_plus:processDebugManifest' because:
[        ]   Build cache is disabled
[        ] Skipping task ':connectivity_plus:processDebugManifest' as it is up-to-date.
[        ] work action resolve AndroidManifest.xml (project :connectivity_plus) (Thread[#42885,Execution worker Thread 5,5,main]) started.
[        ] Resolve mutations for :emoji_picker_flutter:extractDeepLinksDebug (Thread[#42885,Execution worker Thread 5,5,main]) started.
[        ] :emoji_picker_flutter:extractDeepLinksDebug (Thread[#42885,Execution worker Thread 5,5,main]) started.
[        ] > Task :emoji_picker_flutter:extractDeepLinksDebug UP-TO-DATE
[        ] Caching disabled for task ':emoji_picker_flutter:extractDeepLinksDebug' because:
[        ]   Build cache is disabled
[        ] Skipping task ':emoji_picker_flutter:extractDeepLinksDebug' as it is up-to-date.
[        ] work action resolve navigation.json (project :emoji_picker_flutter) (Thread[#42885,Execution worker Thread 5,5,main]) started.
[        ] Resolve mutations for :emoji_picker_flutter:processDebugManifest (Thread[#42885,Execution worker Thread 5,5,main]) started.
[        ] :emoji_picker_flutter:processDebugManifest (Thread[#42885,Execution worker Thread 5,5,main]) started.
[        ] > Task :emoji_picker_flutter:processDebugManifest UP-TO-DATE
[        ] Caching disabled for task ':emoji_picker_flutter:processDebugManifest' because:
[        ]   Build cache is disabled
[        ] Skipping task ':emoji_picker_flutter:processDebugManifest' as it is up-to-date.
[        ] work action resolve AndroidManifest.xml (project :emoji_picker_flutter) (Thread[#42885,Execution worker Thread 5,5,main]) started.
[        ] Resolve mutations for :file_selector_android:extractDeepLinksDebug (Thread[#42885,Execution worker Thread 5,5,main]) started.
[        ] :file_selector_android:extractDeepLinksDebug (Thread[#42885,Execution worker Thread 5,5,main]) started.
[        ] > Task :file_selector_android:extractDeepLinksDebug UP-TO-DATE
[        ] Caching disabled for task ':file_selector_android:extractDeepLinksDebug' because:
[        ]   Build cache is disabled
[        ] Skipping task ':file_selector_android:extractDeepLinksDebug' as it is up-to-date.
[        ] work action resolve navigation.json (project :file_selector_android) (Thread[#42885,Execution worker Thread 5,5,main]) started.
[        ] Resolve mutations for :file_selector_android:processDebugManifest (Thread[#42885,Execution worker Thread 5,5,main]) started.
[        ] :file_selector_android:processDebugManifest (Thread[#42885,Execution worker Thread 5,5,main]) started.
[        ] > Task :file_selector_android:processDebugManifest UP-TO-DATE
[        ] Caching disabled for task ':file_selector_android:processDebugManifest' because:
[        ]   Build cache is disabled
[        ] Skipping task ':file_selector_android:processDebugManifest' as it is up-to-date.
[        ] work action resolve AndroidManifest.xml (project :file_selector_android) (Thread[#42885,Execution worker Thread 5,5,main]) started.
[        ] Resolve mutations for :flutter_keyboard_visibility_temp_fork:extractDeepLinksDebug (Thread[#42885,Execution worker Thread 5,5,main]) started.
[        ] :flutter_keyboard_visibility_temp_fork:extractDeepLinksDebug (Thread[#42885,Execution worker Thread 5,5,main]) started.
[        ] > Task :flutter_keyboard_visibility_temp_fork:extractDeepLinksDebug UP-TO-DATE
[        ] Caching disabled for task ':flutter_keyboard_visibility_temp_fork:extractDeepLinksDebug' because:
[        ]   Build cache is disabled
[        ] Skipping task ':flutter_keyboard_visibility_temp_fork:extractDeepLinksDebug' as it is up-to-date.
[        ] work action resolve navigation.json (project :flutter_keyboard_visibility_temp_fork) (Thread[#42885,Execution worker Thread 5,5,main]) started.
[        ] Resolve mutations for :flutter_keyboard_visibility_temp_fork:processDebugManifest (Thread[#42885,Execution worker Thread 5,5,main]) started.
[        ] :flutter_keyboard_visibility_temp_fork:processDebugManifest (Thread[#42885,Execution worker Thread 5,5,main]) started.
[        ] > Task :flutter_keyboard_visibility_temp_fork:processDebugManifest UP-TO-DATE
[        ] Caching disabled for task ':flutter_keyboard_visibility_temp_fork:processDebugManifest' because:
[        ]   Build cache is disabled
[        ] Skipping task ':flutter_keyboard_visibility_temp_fork:processDebugManifest' as it is up-to-date.
[        ] work action resolve AndroidManifest.xml (project :flutter_keyboard_visibility_temp_fork) (Thread[#42885,Execution worker Thread 5,5,main]) started.
[        ] Resolve mutations for :flutter_native_splash:extractDeepLinksDebug (Thread[#42885,Execution worker Thread 5,5,main]) started.
[        ] :flutter_native_splash:extractDeepLinksDebug (Thread[#42885,Execution worker Thread 5,5,main]) started.
[        ] > Task :flutter_native_splash:extractDeepLinksDebug UP-TO-DATE
[        ] Caching disabled for task ':flutter_native_splash:extractDeepLinksDebug' because:
[        ]   Build cache is disabled
[        ] Skipping task ':flutter_native_splash:extractDeepLinksDebug' as it is up-to-date.
[        ] work action resolve navigation.json (project :flutter_native_splash) (Thread[#42885,Execution worker Thread 5,5,main]) started.
[        ] Resolve mutations for :flutter_native_splash:processDebugManifest (Thread[#42885,Execution worker Thread 5,5,main]) started.
[        ] :flutter_native_splash:processDebugManifest (Thread[#42885,Execution worker Thread 5,5,main]) started.
[        ] > Task :flutter_native_splash:processDebugManifest UP-TO-DATE
[        ] Caching disabled for task ':flutter_native_splash:processDebugManifest' because:
[        ]   Build cache is disabled
[        ] Skipping task ':flutter_native_splash:processDebugManifest' as it is up-to-date.
[        ] work action resolve AndroidManifest.xml (project :flutter_native_splash) (Thread[#42885,Execution worker Thread 5,5,main]) started.
[        ] Resolve mutations for :flutter_olm:extractDeepLinksDebug (Thread[#42885,Execution worker Thread 5,5,main]) started.
[        ] :flutter_olm:extractDeepLinksDebug (Thread[#42885,Execution worker Thread 5,5,main]) started.
[        ] > Task :flutter_olm:extractDeepLinksDebug UP-TO-DATE
[        ] Caching disabled for task ':flutter_olm:extractDeepLinksDebug' because:
[        ]   Build cache is disabled
[        ] Skipping task ':flutter_olm:extractDeepLinksDebug' as it is up-to-date.
[        ] work action resolve navigation.json (project :flutter_olm) (Thread[#42885,Execution worker Thread 5,5,main]) started.
[        ] Resolve mutations for :flutter_olm:processDebugManifest (Thread[#42885,Execution worker Thread 5,5,main]) started.
[        ] :flutter_olm:processDebugManifest (Thread[#42885,Execution worker Thread 5,5,main]) started.
[        ] > Task :flutter_olm:processDebugManifest UP-TO-DATE
[        ] Caching disabled for task ':flutter_olm:processDebugManifest' because:
[        ]   Build cache is disabled
[        ] Skipping task ':flutter_olm:processDebugManifest' as it is up-to-date.
[        ] work action resolve AndroidManifest.xml (project :flutter_olm) (Thread[#42885,Execution worker Thread 5,5,main]) started.
[        ] Resolve mutations for :flutter_openssl_crypto:extractDeepLinksDebug (Thread[#42885,Execution worker Thread 5,5,main]) started.
[        ] :flutter_openssl_crypto:extractDeepLinksDebug (Thread[#42885,Execution worker Thread 5,5,main]) started.
[        ] > Task :flutter_openssl_crypto:extractDeepLinksDebug UP-TO-DATE
[        ] Caching disabled for task ':flutter_openssl_crypto:extractDeepLinksDebug' because:
[        ]   Build cache is disabled
[        ] Skipping task ':flutter_openssl_crypto:extractDeepLinksDebug' as it is up-to-date.
[        ] work action resolve navigation.json (project :flutter_openssl_crypto) (Thread[#42885,Execution worker Thread 5,5,main]) started.
[        ] Resolve mutations for :flutter_openssl_crypto:processDebugManifest (Thread[#42885,Execution worker Thread 5,5,main]) started.
[        ] :flutter_openssl_crypto:processDebugManifest (Thread[#42885,Execution worker Thread 5,5,main]) started.
[        ] > Task :flutter_openssl_crypto:processDebugManifest UP-TO-DATE
[        ] Caching disabled for task ':flutter_openssl_crypto:processDebugManifest' because:
[        ]   Build cache is disabled
[        ] Skipping task ':flutter_openssl_crypto:processDebugManifest' as it is up-to-date.
[        ] work action resolve AndroidManifest.xml (project :flutter_openssl_crypto) (Thread[#42885,Execution worker Thread 5,5,main]) started.
[        ] Resolve mutations for :integration_test:extractDeepLinksDebug (Thread[#42885,Execution worker Thread 5,5,main]) started.
[        ] :integration_test:extractDeepLinksDebug (Thread[#42885,Execution worker Thread 5,5,main]) started.
[        ] > Task :integration_test:extractDeepLinksDebug UP-TO-DATE
[        ] Caching disabled for task ':integration_test:extractDeepLinksDebug' because:
[        ]   Build cache is disabled
[        ] Skipping task ':integration_test:extractDeepLinksDebug' as it is up-to-date.
[        ] work action resolve navigation.json (project :integration_test) (Thread[#42885,Execution worker Thread 5,5,main]) started.
[        ] Resolve mutations for :integration_test:processDebugManifest (Thread[#42885,Execution worker Thread 5,5,main]) started.
[        ] :integration_test:processDebugManifest (Thread[#42885,Execution worker Thread 5,5,main]) started.
[        ] > Task :integration_test:processDebugManifest UP-TO-DATE
[        ] Caching disabled for task ':integration_test:processDebugManifest' because:
[        ]   Build cache is disabled
[        ] Skipping task ':integration_test:processDebugManifest' as it is up-to-date.
[        ] work action resolve AndroidManifest.xml (project :integration_test) (Thread[#42885,Execution worker Thread 5,5,main]) started.
[        ] Resolve mutations for :path_provider_android:extractDeepLinksDebug (Thread[#42885,Execution worker Thread 5,5,main]) started.
[        ] :path_provider_android:extractDeepLinksDebug (Thread[#42885,Execution worker Thread 5,5,main]) started.
[        ] > Task :path_provider_android:extractDeepLinksDebug UP-TO-DATE
[        ] Caching disabled for task ':path_provider_android:extractDeepLinksDebug' because:
[        ]   Build cache is disabled
[        ] Skipping task ':path_provider_android:extractDeepLinksDebug' as it is up-to-date.
[        ] work action resolve navigation.json (project :path_provider_android) (Thread[#42885,Execution worker Thread 5,5,main]) started.
[        ] Resolve mutations for :path_provider_android:processDebugManifest (Thread[#42885,Execution worker Thread 5,5,main]) started.
[        ] :path_provider_android:processDebugManifest (Thread[#42885,Execution worker Thread 5,5,main]) started.
[        ] > Task :path_provider_android:processDebugManifest UP-TO-DATE
[        ] Caching disabled for task ':path_provider_android:processDebugManifest' because:
[        ]   Build cache is disabled
[        ] Skipping task ':path_provider_android:processDebugManifest' as it is up-to-date.
[        ] work action resolve AndroidManifest.xml (project :path_provider_android) (Thread[#42885,Execution worker Thread 5,5,main]) started.
[        ] Resolve mutations for :quill_native_bridge_android:extractDeepLinksDebug (Thread[#42885,Execution worker Thread 5,5,main]) started.
[        ] :quill_native_bridge_android:extractDeepLinksDebug (Thread[#42885,Execution worker Thread 5,5,main]) started.
[        ] > Task :quill_native_bridge_android:extractDeepLinksDebug UP-TO-DATE
[        ] Caching disabled for task ':quill_native_bridge_android:extractDeepLinksDebug' because:
[        ]   Build cache is disabled
[        ] Skipping task ':quill_native_bridge_android:extractDeepLinksDebug' as it is up-to-date.
[        ] work action resolve navigation.json (project :quill_native_bridge_android) (Thread[#42885,Execution worker Thread 5,5,main]) started.
[        ] Resolve mutations for :quill_native_bridge_android:processDebugManifest (Thread[#42885,Execution worker Thread 5,5,main]) started.
[        ] :quill_native_bridge_android:processDebugManifest (Thread[#42885,Execution worker Thread 5,5,main]) started.
[        ] > Task :quill_native_bridge_android:processDebugManifest UP-TO-DATE
[        ] Caching disabled for task ':quill_native_bridge_android:processDebugManifest' because:
[        ]   Build cache is disabled
[        ] Skipping task ':quill_native_bridge_android:processDebugManifest' as it is up-to-date.
[        ] work action resolve AndroidManifest.xml (project :quill_native_bridge_android) (Thread[#42885,Execution worker Thread 5,5,main]) started.
[        ] Resolve mutations for :shared_preferences_android:extractDeepLinksDebug (Thread[#42885,Execution worker Thread 5,5,main]) started.
[        ] :shared_preferences_android:extractDeepLinksDebug (Thread[#42885,Execution worker Thread 5,5,main]) started.
[        ] > Task :shared_preferences_android:extractDeepLinksDebug UP-TO-DATE
[        ] Caching disabled for task ':shared_preferences_android:extractDeepLinksDebug' because:
[        ]   Build cache is disabled
[        ] Skipping task ':shared_preferences_android:extractDeepLinksDebug' as it is up-to-date.
[        ] work action resolve navigation.json (project :shared_preferences_android) (Thread[#42885,Execution worker Thread 5,5,main]) started.
[        ] Resolve mutations for :shared_preferences_android:processDebugManifest (Thread[#42885,Execution worker Thread 5,5,main]) started.
[        ] :shared_preferences_android:processDebugManifest (Thread[#42885,Execution worker Thread 5,5,main]) started.
[        ] > Task :shared_preferences_android:processDebugManifest UP-TO-DATE
[        ] Caching disabled for task ':shared_preferences_android:processDebugManifest' because:
[        ]   Build cache is disabled
[        ] Skipping task ':shared_preferences_android:processDebugManifest' as it is up-to-date.
[        ] work action resolve AndroidManifest.xml (project :shared_preferences_android) (Thread[#42885,Execution worker Thread 5,5,main]) started.
[        ] Resolve mutations for :sqflite_android:extractDeepLinksDebug (Thread[#42885,Execution worker Thread 5,5,main]) started.
[        ] :sqflite_android:extractDeepLinksDebug (Thread[#42885,Execution worker Thread 5,5,main]) started.
[        ] > Task :sqflite_android:extractDeepLinksDebug UP-TO-DATE
[        ] Caching disabled for task ':sqflite_android:extractDeepLinksDebug' because:
[        ]   Build cache is disabled
[        ] Skipping task ':sqflite_android:extractDeepLinksDebug' as it is up-to-date.
[        ] work action resolve navigation.json (project :sqflite_android) (Thread[#42885,Execution worker Thread 5,5,main]) started.
[        ] Resolve mutations for :sqflite_android:processDebugManifest (Thread[#42885,Execution worker Thread 5,5,main]) started.
[        ] :sqflite_android:processDebugManifest (Thread[#42885,Execution worker Thread 5,5,main]) started.
[        ] > Task :sqflite_android:processDebugManifest UP-TO-DATE
[        ] Caching disabled for task ':sqflite_android:processDebugManifest' because:
[        ]   Build cache is disabled
[        ] Skipping task ':sqflite_android:processDebugManifest' as it is up-to-date.
[        ] work action resolve AndroidManifest.xml (project :sqflite_android) (Thread[#42885,Execution worker Thread 5,5,main]) started.
[        ] Resolve mutations for :url_launcher_android:extractDeepLinksDebug (Thread[#42895,Execution worker Thread 14,5,main]) started.
[        ] :url_launcher_android:extractDeepLinksDebug (Thread[#42895,Execution worker Thread 14,5,main]) started.
[        ] > Task :url_launcher_android:extractDeepLinksDebug UP-TO-DATE
[        ] Caching disabled for task ':url_launcher_android:extractDeepLinksDebug' because:
[        ]   Build cache is disabled
[        ] Skipping task ':url_launcher_android:extractDeepLinksDebug' as it is up-to-date.
[        ] work action resolve navigation.json (project :url_launcher_android) (Thread[#42895,Execution worker Thread 14,5,main]) started.
[        ] Resolve mutations for :url_launcher_android:processDebugManifest (Thread[#42895,Execution worker Thread 14,5,main]) started.
[        ] :url_launcher_android:processDebugManifest (Thread[#42895,Execution worker Thread 14,5,main]) started.
[        ] > Task :url_launcher_android:processDebugManifest UP-TO-DATE
[        ] Caching disabled for task ':url_launcher_android:processDebugManifest' because:
[        ]   Build cache is disabled
[        ] Skipping task ':url_launcher_android:processDebugManifest' as it is up-to-date.
[        ] work action resolve AndroidManifest.xml (project :url_launcher_android) (Thread[#42895,Execution worker Thread 14,5,main]) started.
[        ] Resolve mutations for :video_player_android:extractDeepLinksDebug (Thread[#42895,Execution worker Thread 14,5,main]) started.
[        ] :video_player_android:extractDeepLinksDebug (Thread[#42895,Execution worker Thread 14,5,main]) started.
[        ] > Task :video_player_android:extractDeepLinksDebug UP-TO-DATE
[        ] Caching disabled for task ':video_player_android:extractDeepLinksDebug' because:
[        ]   Build cache is disabled
[        ] Skipping task ':video_player_android:extractDeepLinksDebug' as it is up-to-date.
[        ] work action resolve navigation.json (project :video_player_android) (Thread[#42895,Execution worker Thread 14,5,main]) started.
[        ] Resolve mutations for :video_player_android:processDebugManifest (Thread[#42895,Execution worker Thread 14,5,main]) started.
[        ] :video_player_android:processDebugManifest (Thread[#42895,Execution worker Thread 14,5,main]) started.
[        ] > Task :video_player_android:processDebugManifest UP-TO-DATE
[        ] Caching disabled for task ':video_player_android:processDebugManifest' because:
[        ]   Build cache is disabled
[        ] Skipping task ':video_player_android:processDebugManifest' as it is up-to-date.
[        ] work action resolve AndroidManifest.xml (project :video_player_android) (Thread[#42895,Execution worker Thread 14,5,main]) started.
[        ] Resolve mutations for :app:processDebugMainManifest (Thread[#42895,Execution worker Thread 14,5,main]) started.
[        ] :app:processDebugMainManifest (Thread[#42895,Execution worker Thread 14,5,main]) started.
[        ] > Task :app:processDebugMainManifest UP-TO-DATE
[        ] Caching disabled for task ':app:processDebugMainManifest' because:
[        ]   Build cache is disabled
[        ] Skipping task ':app:processDebugMainManifest' as it is up-to-date.
[        ] Resolve mutations for :app:outputDebugAppLinkSettings (Thread[#42895,Execution worker Thread 14,5,main]) started.
[        ] :app:outputDebugAppLinkSettings (Thread[#42895,Execution worker Thread 14,5,main]) started.
[        ] > Task :app:outputDebugAppLinkSettings UP-TO-DATE
[        ] Caching disabled for task ':app:outputDebugAppLinkSettings' because:
[        ]   Build cache is disabled
[        ]   Caching has not been enabled for the task
[        ] Skipping task ':app:outputDebugAppLinkSettings' as it is up-to-date.
[        ] Resolve mutations for :app:processDebugManifest (Thread[#42895,Execution worker Thread 14,5,main]) started.
[        ] :app:processDebugManifest (Thread[#42895,Execution worker Thread 14,5,main]) started.
[        ] > Task :app:processDebugManifest UP-TO-DATE
[        ] Caching disabled for task ':app:processDebugManifest' because:
[        ]   Build cache is disabled
[        ] Skipping task ':app:processDebugManifest' as it is up-to-date.
[        ] Resolve mutations for :app:processDebugManifestForPackage (Thread[#42895,Execution worker Thread 14,5,main]) started.
[        ] :app:processDebugManifestForPackage (Thread[#42895,Execution worker Thread 14,5,main]) started.
[        ] > Task :app:processDebugManifestForPackage UP-TO-DATE
[        ] Custom actions are attached to task ':app:processDebugManifestForPackage'.
[        ] Caching disabled for task ':app:processDebugManifestForPackage' because:
[        ]   Build cache is disabled
[        ] Skipping task ':app:processDebugManifestForPackage' as it is up-to-date.
[        ] Resolve mutations for :connectivity_plus:compileDebugLibraryResources (Thread[#42895,Execution worker Thread 14,5,main]) started.
[        ] :connectivity_plus:compileDebugLibraryResources (Thread[#42895,Execution worker Thread 14,5,main]) started.
[        ] > Task :connectivity_plus:compileDebugLibraryResources UP-TO-DATE
[        ] Caching disabled for task ':connectivity_plus:compileDebugLibraryResources' because:
[        ]   Build cache is disabled
[        ] Skipping task ':connectivity_plus:compileDebugLibraryResources' as it is up-to-date.
[        ] work action resolve out (project :connectivity_plus) (Thread[#42895,Execution worker Thread 14,5,main]) started.
[        ] Resolve mutations for :connectivity_plus:parseDebugLocalResources (Thread[#42895,Execution worker Thread 14,5,main]) started.
[        ] :connectivity_plus:parseDebugLocalResources (Thread[#42895,Execution worker Thread 14,5,main]) started.
[        ] > Task :connectivity_plus:parseDebugLocalResources UP-TO-DATE
[        ] Caching disabled for task ':connectivity_plus:parseDebugLocalResources' because:
[        ]   Build cache is disabled
[        ] Skipping task ':connectivity_plus:parseDebugLocalResources' as it is up-to-date.
[        ] Resolve mutations for :connectivity_plus:generateDebugRFile (Thread[#42895,Execution worker Thread 14,5,main]) started.
[        ] :connectivity_plus:generateDebugRFile (Thread[#42895,Execution worker Thread 14,5,main]) started.
[        ] > Task :connectivity_plus:generateDebugRFile UP-TO-DATE
[        ] Caching disabled for task ':connectivity_plus:generateDebugRFile' because:
[        ]   Build cache is disabled
[        ] Skipping task ':connectivity_plus:generateDebugRFile' as it is up-to-date.
[        ] work action resolve package-aware-r.txt (project :connectivity_plus) (Thread[#42895,Execution worker Thread 14,5,main]) started.
[        ] Resolve mutations for :emoji_picker_flutter:compileDebugLibraryResources (Thread[#42895,Execution worker Thread 14,5,main]) started.
[        ] :emoji_picker_flutter:compileDebugLibraryResources (Thread[#42895,Execution worker Thread 14,5,main]) started.
[        ] > Task :emoji_picker_flutter:compileDebugLibraryResources UP-TO-DATE
[        ] Caching disabled for task ':emoji_picker_flutter:compileDebugLibraryResources' because:
[        ]   Build cache is disabled
[        ] Skipping task ':emoji_picker_flutter:compileDebugLibraryResources' as it is up-to-date.
[        ] work action resolve out (project :emoji_picker_flutter) (Thread[#42895,Execution worker Thread 14,5,main]) started.
[        ] Resolve mutations for :emoji_picker_flutter:parseDebugLocalResources (Thread[#42895,Execution worker Thread 14,5,main]) started.
[        ] :emoji_picker_flutter:parseDebugLocalResources (Thread[#42895,Execution worker Thread 14,5,main]) started.
[        ] > Task :emoji_picker_flutter:parseDebugLocalResources UP-TO-DATE
[        ] Caching disabled for task ':emoji_picker_flutter:parseDebugLocalResources' because:
[        ]   Build cache is disabled
[        ] Skipping task ':emoji_picker_flutter:parseDebugLocalResources' as it is up-to-date.
[        ] Resolve mutations for :emoji_picker_flutter:generateDebugRFile (Thread[#42895,Execution worker Thread 14,5,main]) started.
[        ] :emoji_picker_flutter:generateDebugRFile (Thread[#42895,Execution worker Thread 14,5,main]) started.
[        ] > Task :emoji_picker_flutter:generateDebugRFile UP-TO-DATE
[        ] Caching disabled for task ':emoji_picker_flutter:generateDebugRFile' because:
[        ]   Build cache is disabled
[        ] Skipping task ':emoji_picker_flutter:generateDebugRFile' as it is up-to-date.
[        ] work action resolve package-aware-r.txt (project :emoji_picker_flutter) (Thread[#42895,Execution worker Thread 14,5,main]) started.
[        ] Resolve mutations for :file_selector_android:compileDebugLibraryResources (Thread[#42895,Execution worker Thread 14,5,main]) started.
[        ] :file_selector_android:compileDebugLibraryResources (Thread[#42895,Execution worker Thread 14,5,main]) started.
[        ] > Task :file_selector_android:compileDebugLibraryResources UP-TO-DATE
[        ] Caching disabled for task ':file_selector_android:compileDebugLibraryResources' because:
[        ]   Build cache is disabled
[        ] Skipping task ':file_selector_android:compileDebugLibraryResources' as it is up-to-date.
[        ] work action resolve out (project :file_selector_android) (Thread[#42895,Execution worker Thread 14,5,main]) started.
[        ] Resolve mutations for :file_selector_android:parseDebugLocalResources (Thread[#42895,Execution worker Thread 14,5,main]) started.
[        ] :file_selector_android:parseDebugLocalResources (Thread[#42895,Execution worker Thread 14,5,main]) started.
[        ] > Task :file_selector_android:parseDebugLocalResources UP-TO-DATE
[        ] Caching disabled for task ':file_selector_android:parseDebugLocalResources' because:
[        ]   Build cache is disabled
[        ] Skipping task ':file_selector_android:parseDebugLocalResources' as it is up-to-date.
[        ] Resolve mutations for :file_selector_android:generateDebugRFile (Thread[#42895,Execution worker Thread 14,5,main]) started.
[        ] :file_selector_android:generateDebugRFile (Thread[#42895,Execution worker Thread 14,5,main]) started.
[        ] > Task :file_selector_android:generateDebugRFile UP-TO-DATE
[        ] Caching disabled for task ':file_selector_android:generateDebugRFile' because:
[        ]   Build cache is disabled
[        ] Skipping task ':file_selector_android:generateDebugRFile' as it is up-to-date.
[        ] work action resolve package-aware-r.txt (project :file_selector_android) (Thread[#42895,Execution worker Thread 14,5,main]) started.
[        ] Resolve mutations for :flutter_keyboard_visibility_temp_fork:compileDebugLibraryResources (Thread[#42895,Execution worker Thread 14,5,main]) started.
[        ] :flutter_keyboard_visibility_temp_fork:compileDebugLibraryResources (Thread[#42895,Execution worker Thread 14,5,main]) started.
[        ] > Task :flutter_keyboard_visibility_temp_fork:compileDebugLibraryResources UP-TO-DATE
[        ] Caching disabled for task ':flutter_keyboard_visibility_temp_fork:compileDebugLibraryResources' because:
[        ]   Build cache is disabled
[        ] Skipping task ':flutter_keyboard_visibility_temp_fork:compileDebugLibraryResources' as it is up-to-date.
[        ] work action resolve out (project :flutter_keyboard_visibility_temp_fork) (Thread[#42895,Execution worker Thread 14,5,main]) started.
[        ] Resolve mutations for :flutter_keyboard_visibility_temp_fork:parseDebugLocalResources (Thread[#42895,Execution worker Thread 14,5,main]) started.
[        ] :flutter_keyboard_visibility_temp_fork:parseDebugLocalResources (Thread[#42895,Execution worker Thread 14,5,main]) started.
[        ] > Task :flutter_keyboard_visibility_temp_fork:parseDebugLocalResources UP-TO-DATE
[        ] Caching disabled for task ':flutter_keyboard_visibility_temp_fork:parseDebugLocalResources' because:
[        ]   Build cache is disabled
[        ] Skipping task ':flutter_keyboard_visibility_temp_fork:parseDebugLocalResources' as it is up-to-date.
[        ] Resolve mutations for :flutter_keyboard_visibility_temp_fork:generateDebugRFile (Thread[#42895,Execution worker Thread 14,5,main]) started.
[        ] :flutter_keyboard_visibility_temp_fork:generateDebugRFile (Thread[#42895,Execution worker Thread 14,5,main]) started.
[        ] > Task :flutter_keyboard_visibility_temp_fork:generateDebugRFile UP-TO-DATE
[        ] Caching disabled for task ':flutter_keyboard_visibility_temp_fork:generateDebugRFile' because:
[        ]   Build cache is disabled
[        ] Skipping task ':flutter_keyboard_visibility_temp_fork:generateDebugRFile' as it is up-to-date.
[        ] work action resolve package-aware-r.txt (project :flutter_keyboard_visibility_temp_fork) (Thread[#42895,Execution worker Thread 14,5,main]) started.
[        ] Resolve mutations for :flutter_native_splash:compileDebugLibraryResources (Thread[#42895,Execution worker Thread 14,5,main]) started.
[        ] :flutter_native_splash:compileDebugLibraryResources (Thread[#42895,Execution worker Thread 14,5,main]) started.
[        ] > Task :flutter_native_splash:compileDebugLibraryResources UP-TO-DATE
[        ] Caching disabled for task ':flutter_native_splash:compileDebugLibraryResources' because:
[        ]   Build cache is disabled
[        ] Skipping task ':flutter_native_splash:compileDebugLibraryResources' as it is up-to-date.
[        ] work action resolve out (project :flutter_native_splash) (Thread[#42895,Execution worker Thread 14,5,main]) started.
[        ] Resolve mutations for :flutter_native_splash:parseDebugLocalResources (Thread[#42895,Execution worker Thread 14,5,main]) started.
[        ] :flutter_native_splash:parseDebugLocalResources (Thread[#42895,Execution worker Thread 14,5,main]) started.
[        ] > Task :flutter_native_splash:parseDebugLocalResources UP-TO-DATE
[        ] Caching disabled for task ':flutter_native_splash:parseDebugLocalResources' because:
[        ]   Build cache is disabled
[        ] Skipping task ':flutter_native_splash:parseDebugLocalResources' as it is up-to-date.
[        ] Resolve mutations for :flutter_native_splash:generateDebugRFile (Thread[#42895,Execution worker Thread 14,5,main]) started.
[        ] :flutter_native_splash:generateDebugRFile (Thread[#42895,Execution worker Thread 14,5,main]) started.
[        ] > Task :flutter_native_splash:generateDebugRFile UP-TO-DATE
[        ] Caching disabled for task ':flutter_native_splash:generateDebugRFile' because:
[        ]   Build cache is disabled
[        ] Skipping task ':flutter_native_splash:generateDebugRFile' as it is up-to-date.
[        ] work action resolve package-aware-r.txt (project :flutter_native_splash) (Thread[#42895,Execution worker Thread 14,5,main]) started.
[        ] Resolve mutations for :flutter_olm:compileDebugLibraryResources (Thread[#42895,Execution worker Thread 14,5,main]) started.
[        ] :flutter_olm:compileDebugLibraryResources (Thread[#42895,Execution worker Thread 14,5,main]) started.
[        ] > Task :flutter_olm:compileDebugLibraryResources UP-TO-DATE
[        ] Caching disabled for task ':flutter_olm:compileDebugLibraryResources' because:
[        ]   Build cache is disabled
[        ] Skipping task ':flutter_olm:compileDebugLibraryResources' as it is up-to-date.
[        ] work action resolve out (project :flutter_olm) (Thread[#42895,Execution worker Thread 14,5,main]) started.
[        ] Resolve mutations for :flutter_olm:parseDebugLocalResources (Thread[#42895,Execution worker Thread 14,5,main]) started.
[        ] :flutter_olm:parseDebugLocalResources (Thread[#42895,Execution worker Thread 14,5,main]) started.
[        ] > Task :flutter_olm:parseDebugLocalResources UP-TO-DATE
[        ] Caching disabled for task ':flutter_olm:parseDebugLocalResources' because:
[        ]   Build cache is disabled
[        ] Skipping task ':flutter_olm:parseDebugLocalResources' as it is up-to-date.
[        ] Resolve mutations for :flutter_olm:generateDebugRFile (Thread[#42895,Execution worker Thread 14,5,main]) started.
[        ] :flutter_olm:generateDebugRFile (Thread[#42895,Execution worker Thread 14,5,main]) started.
[        ] > Task :flutter_olm:generateDebugRFile UP-TO-DATE
[        ] Caching disabled for task ':flutter_olm:generateDebugRFile' because:
[        ]   Build cache is disabled
[        ] Skipping task ':flutter_olm:generateDebugRFile' as it is up-to-date.
[        ] work action resolve package-aware-r.txt (project :flutter_olm) (Thread[#42895,Execution worker Thread 14,5,main]) started.
[        ] Resolve mutations for :flutter_openssl_crypto:compileDebugLibraryResources (Thread[#42895,Execution worker Thread 14,5,main]) started.
[        ] :flutter_openssl_crypto:compileDebugLibraryResources (Thread[#42895,Execution worker Thread 14,5,main]) started.
[        ] > Task :flutter_openssl_crypto:compileDebugLibraryResources UP-TO-DATE
[        ] Caching disabled for task ':flutter_openssl_crypto:compileDebugLibraryResources' because:
[        ]   Build cache is disabled
[        ] Skipping task ':flutter_openssl_crypto:compileDebugLibraryResources' as it is up-to-date.
[        ] work action resolve out (project :flutter_openssl_crypto) (Thread[#42895,Execution worker Thread 14,5,main]) started.
[        ] Resolve mutations for :flutter_openssl_crypto:parseDebugLocalResources (Thread[#42895,Execution worker Thread 14,5,main]) started.
[        ] :flutter_openssl_crypto:parseDebugLocalResources (Thread[#42895,Execution worker Thread 14,5,main]) started.
[        ] > Task :flutter_openssl_crypto:parseDebugLocalResources UP-TO-DATE
[        ] Caching disabled for task ':flutter_openssl_crypto:parseDebugLocalResources' because:
[        ]   Build cache is disabled
[        ] Skipping task ':flutter_openssl_crypto:parseDebugLocalResources' as it is up-to-date.
[        ] Resolve mutations for :flutter_openssl_crypto:generateDebugRFile (Thread[#42895,Execution worker Thread 14,5,main]) started.
[        ] :flutter_openssl_crypto:generateDebugRFile (Thread[#42895,Execution worker Thread 14,5,main]) started.
[        ] > Task :flutter_openssl_crypto:generateDebugRFile UP-TO-DATE
[        ] Caching disabled for task ':flutter_openssl_crypto:generateDebugRFile' because:
[        ]   Build cache is disabled
[        ] Skipping task ':flutter_openssl_crypto:generateDebugRFile' as it is up-to-date.
[        ] work action resolve package-aware-r.txt (project :flutter_openssl_crypto) (Thread[#42895,Execution worker Thread 14,5,main]) started.
[        ] Resolve mutations for :integration_test:compileDebugLibraryResources (Thread[#42895,Execution worker Thread 14,5,main]) started.
[        ] :integration_test:compileDebugLibraryResources (Thread[#42895,Execution worker Thread 14,5,main]) started.
[        ] > Task :integration_test:compileDebugLibraryResources UP-TO-DATE
[        ] Caching disabled for task ':integration_test:compileDebugLibraryResources' because:
[        ]   Build cache is disabled
[        ] Skipping task ':integration_test:compileDebugLibraryResources' as it is up-to-date.
[        ] work action resolve out (project :integration_test) (Thread[#42895,Execution worker Thread 14,5,main]) started.
[        ] Resolve mutations for :integration_test:parseDebugLocalResources (Thread[#42895,Execution worker Thread 14,5,main]) started.
[        ] :integration_test:parseDebugLocalResources (Thread[#42895,Execution worker Thread 14,5,main]) started.
[        ] > Task :integration_test:parseDebugLocalResources UP-TO-DATE
[        ] Caching disabled for task ':integration_test:parseDebugLocalResources' because:
[        ]   Build cache is disabled
[        ] Skipping task ':integration_test:parseDebugLocalResources' as it is up-to-date.
[        ] Resolve mutations for :integration_test:generateDebugRFile (Thread[#42895,Execution worker Thread 14,5,main]) started.
[        ] :integration_test:generateDebugRFile (Thread[#42895,Execution worker Thread 14,5,main]) started.
[        ] > Task :integration_test:generateDebugRFile UP-TO-DATE
[        ] Caching disabled for task ':integration_test:generateDebugRFile' because:
[        ]   Build cache is disabled
[        ] Skipping task ':integration_test:generateDebugRFile' as it is up-to-date.
[        ] work action resolve package-aware-r.txt (project :integration_test) (Thread[#42895,Execution worker Thread 14,5,main]) started.
[        ] Resolve mutations for :path_provider_android:compileDebugLibraryResources (Thread[#42895,Execution worker Thread 14,5,main]) started.
[        ] :path_provider_android:compileDebugLibraryResources (Thread[#42895,Execution worker Thread 14,5,main]) started.
[        ] > Task :path_provider_android:compileDebugLibraryResources UP-TO-DATE
[        ] Caching disabled for task ':path_provider_android:compileDebugLibraryResources' because:
[        ]   Build cache is disabled
[        ] Skipping task ':path_provider_android:compileDebugLibraryResources' as it is up-to-date.
[        ] work action resolve out (project :path_provider_android) (Thread[#42895,Execution worker Thread 14,5,main]) started.
[        ] Resolve mutations for :path_provider_android:parseDebugLocalResources (Thread[#42895,Execution worker Thread 14,5,main]) started.
[        ] :path_provider_android:parseDebugLocalResources (Thread[#42895,Execution worker Thread 14,5,main]) started.
[        ] > Task :path_provider_android:parseDebugLocalResources UP-TO-DATE
[        ] Caching disabled for task ':path_provider_android:parseDebugLocalResources' because:
[        ]   Build cache is disabled
[        ] Skipping task ':path_provider_android:parseDebugLocalResources' as it is up-to-date.
[        ] Resolve mutations for :path_provider_android:generateDebugRFile (Thread[#42895,Execution worker Thread 14,5,main]) started.
[        ] :path_provider_android:generateDebugRFile (Thread[#42895,Execution worker Thread 14,5,main]) started.
[        ] > Task :path_provider_android:generateDebugRFile UP-TO-DATE
[        ] Caching disabled for task ':path_provider_android:generateDebugRFile' because:
[        ]   Build cache is disabled
[        ] Skipping task ':path_provider_android:generateDebugRFile' as it is up-to-date.
[        ] work action resolve package-aware-r.txt (project :path_provider_android) (Thread[#42895,Execution worker Thread 14,5,main]) started.
[        ] Resolve mutations for :quill_native_bridge_android:compileDebugLibraryResources (Thread[#42895,Execution worker Thread 14,5,main]) started.
[        ] :quill_native_bridge_android:compileDebugLibraryResources (Thread[#42895,Execution worker Thread 14,5,main]) started.
[        ] > Task :quill_native_bridge_android:compileDebugLibraryResources UP-TO-DATE
[        ] Caching disabled for task ':quill_native_bridge_android:compileDebugLibraryResources' because:
[        ]   Build cache is disabled
[        ] Skipping task ':quill_native_bridge_android:compileDebugLibraryResources' as it is up-to-date.
[        ] work action resolve out (project :quill_native_bridge_android) (Thread[#42895,Execution worker Thread 14,5,main]) started.
[        ] Resolve mutations for :quill_native_bridge_android:parseDebugLocalResources (Thread[#42895,Execution worker Thread 14,5,main]) started.
[        ] :quill_native_bridge_android:parseDebugLocalResources (Thread[#42895,Execution worker Thread 14,5,main]) started.
[        ] > Task :quill_native_bridge_android:parseDebugLocalResources UP-TO-DATE
[        ] Caching disabled for task ':quill_native_bridge_android:parseDebugLocalResources' because:
[        ]   Build cache is disabled
[        ] Skipping task ':quill_native_bridge_android:parseDebugLocalResources' as it is up-to-date.
[        ] Resolve mutations for :quill_native_bridge_android:generateDebugRFile (Thread[#42895,Execution worker Thread 14,5,main]) started.
[        ] :quill_native_bridge_android:generateDebugRFile (Thread[#42895,Execution worker Thread 14,5,main]) started.
[        ] > Task :quill_native_bridge_android:generateDebugRFile UP-TO-DATE
[        ] Caching disabled for task ':quill_native_bridge_android:generateDebugRFile' because:
[        ]   Build cache is disabled
[        ] Skipping task ':quill_native_bridge_android:generateDebugRFile' as it is up-to-date.
[        ] work action resolve package-aware-r.txt (project :quill_native_bridge_android) (Thread[#42895,Execution worker Thread 14,5,main]) started.
[        ] Resolve mutations for :shared_preferences_android:compileDebugLibraryResources (Thread[#42895,Execution worker Thread 14,5,main]) started.
[        ] :shared_preferences_android:compileDebugLibraryResources (Thread[#42895,Execution worker Thread 14,5,main]) started.
[        ] > Task :shared_preferences_android:compileDebugLibraryResources UP-TO-DATE
[        ] Caching disabled for task ':shared_preferences_android:compileDebugLibraryResources' because:
[        ]   Build cache is disabled
[        ] Skipping task ':shared_preferences_android:compileDebugLibraryResources' as it is up-to-date.
[        ] work action resolve out (project :shared_preferences_android) (Thread[#42895,Execution worker Thread 14,5,main]) started.
[        ] Resolve mutations for :shared_preferences_android:parseDebugLocalResources (Thread[#42895,Execution worker Thread 14,5,main]) started.
[        ] :shared_preferences_android:parseDebugLocalResources (Thread[#42895,Execution worker Thread 14,5,main]) started.
[        ] > Task :shared_preferences_android:parseDebugLocalResources UP-TO-DATE
[        ] Caching disabled for task ':shared_preferences_android:parseDebugLocalResources' because:
[        ]   Build cache is disabled
[        ] Skipping task ':shared_preferences_android:parseDebugLocalResources' as it is up-to-date.
[        ] Resolve mutations for :shared_preferences_android:generateDebugRFile (Thread[#42895,Execution worker Thread 14,5,main]) started.
[        ] :shared_preferences_android:generateDebugRFile (Thread[#42895,Execution worker Thread 14,5,main]) started.
[        ] > Task :shared_preferences_android:generateDebugRFile UP-TO-DATE
[        ] Caching disabled for task ':shared_preferences_android:generateDebugRFile' because:
[        ]   Build cache is disabled
[        ] Skipping task ':shared_preferences_android:generateDebugRFile' as it is up-to-date.
[        ] work action resolve package-aware-r.txt (project :shared_preferences_android) (Thread[#42895,Execution worker Thread 14,5,main]) started.
[        ] Resolve mutations for :sqflite_android:compileDebugLibraryResources (Thread[#42895,Execution worker Thread 14,5,main]) started.
[        ] :sqflite_android:compileDebugLibraryResources (Thread[#42895,Execution worker Thread 14,5,main]) started.
[        ] > Task :sqflite_android:compileDebugLibraryResources UP-TO-DATE
[        ] Caching disabled for task ':sqflite_android:compileDebugLibraryResources' because:
[        ]   Build cache is disabled
[        ] Skipping task ':sqflite_android:compileDebugLibraryResources' as it is up-to-date.
[        ] work action resolve out (project :sqflite_android) (Thread[#42895,Execution worker Thread 14,5,main]) started.
[        ] Resolve mutations for :sqflite_android:parseDebugLocalResources (Thread[#42895,Execution worker Thread 14,5,main]) started.
[        ] :sqflite_android:parseDebugLocalResources (Thread[#42895,Execution worker Thread 14,5,main]) started.
[        ] > Task :sqflite_android:parseDebugLocalResources UP-TO-DATE
[        ] Caching disabled for task ':sqflite_android:parseDebugLocalResources' because:
[        ]   Build cache is disabled
[        ] Skipping task ':sqflite_android:parseDebugLocalResources' as it is up-to-date.
[        ] Resolve mutations for :sqflite_android:generateDebugRFile (Thread[#42895,Execution worker Thread 14,5,main]) started.
[        ] :sqflite_android:generateDebugRFile (Thread[#42895,Execution worker Thread 14,5,main]) started.
[        ] > Task :sqflite_android:generateDebugRFile UP-TO-DATE
[        ] Caching disabled for task ':sqflite_android:generateDebugRFile' because:
[        ]   Build cache is disabled
[        ] Skipping task ':sqflite_android:generateDebugRFile' as it is up-to-date.
[        ] work action resolve package-aware-r.txt (project :sqflite_android) (Thread[#42895,Execution worker Thread 14,5,main]) started.
[        ] Resolve mutations for :url_launcher_android:compileDebugLibraryResources (Thread[#42895,Execution worker Thread 14,5,main]) started.
[        ] :url_launcher_android:compileDebugLibraryResources (Thread[#42895,Execution worker Thread 14,5,main]) started.
[        ] > Task :url_launcher_android:compileDebugLibraryResources UP-TO-DATE
[        ] Caching disabled for task ':url_launcher_android:compileDebugLibraryResources' because:
[        ]   Build cache is disabled
[        ] Skipping task ':url_launcher_android:compileDebugLibraryResources' as it is up-to-date.
[        ] work action resolve out (project :url_launcher_android) (Thread[#42895,Execution worker Thread 14,5,main]) started.
[        ] Resolve mutations for :url_launcher_android:parseDebugLocalResources (Thread[#42908,Execution worker Thread 27,5,main]) started.
[        ] :url_launcher_android:parseDebugLocalResources (Thread[#42908,Execution worker Thread 27,5,main]) started.
[        ] > Task :url_launcher_android:parseDebugLocalResources UP-TO-DATE
[        ] Caching disabled for task ':url_launcher_android:parseDebugLocalResources' because:
[        ]   Build cache is disabled
[        ] Skipping task ':url_launcher_android:parseDebugLocalResources' as it is up-to-date.
[        ] Resolve mutations for :url_launcher_android:generateDebugRFile (Thread[#42908,Execution worker Thread 27,5,main]) started.
[        ] :url_launcher_android:generateDebugRFile (Thread[#42908,Execution worker Thread 27,5,main]) started.
[        ] > Task :url_launcher_android:generateDebugRFile UP-TO-DATE
[        ] Caching disabled for task ':url_launcher_android:generateDebugRFile' because:
[        ]   Build cache is disabled
[        ] Skipping task ':url_launcher_android:generateDebugRFile' as it is up-to-date.
[        ] work action resolve package-aware-r.txt (project :url_launcher_android) (Thread[#42908,Execution worker Thread 27,5,main]) started.
[        ] Resolve mutations for :video_player_android:compileDebugLibraryResources (Thread[#42908,Execution worker Thread 27,5,main]) started.
[        ] :video_player_android:compileDebugLibraryResources (Thread[#42908,Execution worker Thread 27,5,main]) started.
[        ] > Task :video_player_android:compileDebugLibraryResources UP-TO-DATE
[        ] Caching disabled for task ':video_player_android:compileDebugLibraryResources' because:
[        ]   Build cache is disabled
[        ] Skipping task ':video_player_android:compileDebugLibraryResources' as it is up-to-date.
[        ] work action resolve out (project :video_player_android) (Thread[#42908,Execution worker Thread 27,5,main]) started.
[        ] Resolve mutations for :video_player_android:parseDebugLocalResources (Thread[#42908,Execution worker Thread 27,5,main]) started.
[        ] :video_player_android:parseDebugLocalResources (Thread[#42908,Execution worker Thread 27,5,main]) started.
[        ] > Task :video_player_android:parseDebugLocalResources UP-TO-DATE
[        ] Caching disabled for task ':video_player_android:parseDebugLocalResources' because:
[        ]   Build cache is disabled
[        ] Skipping task ':video_player_android:parseDebugLocalResources' as it is up-to-date.
[        ] Resolve mutations for :video_player_android:generateDebugRFile (Thread[#42908,Execution worker Thread 27,5,main]) started.
[        ] :video_player_android:generateDebugRFile (Thread[#42908,Execution worker Thread 27,5,main]) started.
[        ] > Task :video_player_android:generateDebugRFile UP-TO-DATE
[        ] Caching disabled for task ':video_player_android:generateDebugRFile' because:
[        ]   Build cache is disabled
[        ] Skipping task ':video_player_android:generateDebugRFile' as it is up-to-date.
[        ] work action resolve package-aware-r.txt (project :video_player_android) (Thread[#42908,Execution worker Thread 27,5,main]) started.
[        ] Resolve mutations for :app:processDebugResources (Thread[#42908,Execution worker Thread 27,5,main]) started.
[        ] :app:processDebugResources (Thread[#42908,Execution worker Thread 27,5,main]) started.
[        ] > Task :app:processDebugResources UP-TO-DATE
[        ] Caching disabled for task ':app:processDebugResources' because:
[        ]   Build cache is disabled
[        ] Skipping task ':app:processDebugResources' as it is up-to-date.
[        ] Resolve mutations for :connectivity_plus:javaPreCompileDebug (Thread[#42908,Execution worker Thread 27,5,main]) started.
[        ] :connectivity_plus:javaPreCompileDebug (Thread[#42908,Execution worker Thread 27,5,main]) started.
[        ] > Task :connectivity_plus:javaPreCompileDebug UP-TO-DATE
[        ] Caching disabled for task ':connectivity_plus:javaPreCompileDebug' because:
[        ]   Build cache is disabled
[        ] Skipping task ':connectivity_plus:javaPreCompileDebug' as it is up-to-date.
[        ] Resolve mutations for :connectivity_plus:compileDebugJavaWithJavac (Thread[#42908,Execution worker Thread 27,5,main]) started.
[        ] :connectivity_plus:compileDebugJavaWithJavac (Thread[#42908,Execution worker Thread 27,5,main]) started.
[  +88 ms] > Task :connectivity_plus:compileDebugJavaWithJavac UP-TO-DATE
[        ] Custom actions are attached to task ':connectivity_plus:compileDebugJavaWithJavac'.
[        ] Caching disabled for task ':connectivity_plus:compileDebugJavaWithJavac' because:
[        ]   Build cache is disabled
[        ] Skipping task ':connectivity_plus:compileDebugJavaWithJavac' as it is up-to-date.
[        ] No compile result for :connectivity_plus:compileDebugJavaWithJavac
[        ] No compile result for :connectivity_plus:compileDebugJavaWithJavac
[        ] Resolve mutations for :connectivity_plus:bundleLibCompileToJarDebug (Thread[#42908,Execution worker Thread 27,5,main]) started.
[        ] :connectivity_plus:bundleLibCompileToJarDebug (Thread[#42908,Execution worker Thread 27,5,main]) started.
[        ] > Task :connectivity_plus:bundleLibCompileToJarDebug UP-TO-DATE
[        ] Caching disabled for task ':connectivity_plus:bundleLibCompileToJarDebug' because:
[        ]   Build cache is disabled
[        ]   Simple merging task
[        ] Skipping task ':connectivity_plus:bundleLibCompileToJarDebug' as it is up-to-date.
[        ] work action resolve classes.jar (project :connectivity_plus) (Thread[#42908,Execution worker Thread 27,5,main]) started.
[        ] Resolve mutations for :emoji_picker_flutter:checkKotlinGradlePluginConfigurationErrors (Thread[#42908,Execution worker Thread 27,5,main]) started.
[        ] :emoji_picker_flutter:checkKotlinGradlePluginConfigurationErrors (Thread[#42908,Execution worker Thread 27,5,main]) started.
[        ] > Task :emoji_picker_flutter:checkKotlinGradlePluginConfigurationErrors SKIPPED
[        ] Skipping task ':emoji_picker_flutter:checkKotlinGradlePluginConfigurationErrors' as task onlyIf 'errorDiagnostics are present' is false.
[        ] Resolve mutations for :emoji_picker_flutter:compileDebugKotlin (Thread[#42908,Execution worker Thread 27,5,main]) started.
[        ] :emoji_picker_flutter:compileDebugKotlin (Thread[#42908,Execution worker Thread 27,5,main]) started.
[        ] > Task :emoji_picker_flutter:compileDebugKotlin UP-TO-DATE
[        ] Adding -Xuse-inline-scopes-numbers Kotlin compiler flag for task :emoji_picker_flutter:compileDebugAndroidTestKotlin
[        ] Caching disabled for task ':emoji_picker_flutter:compileDebugKotlin' because:
[        ]   Build cache is disabled
[        ] Skipping task ':emoji_picker_flutter:compileDebugKotlin' as it is up-to-date.
[        ] Resolve mutations for :emoji_picker_flutter:javaPreCompileDebug (Thread[#42908,Execution worker Thread 27,5,main]) started.
[        ] :emoji_picker_flutter:javaPreCompileDebug (Thread[#42908,Execution worker Thread 27,5,main]) started.
[        ] > Task :emoji_picker_flutter:javaPreCompileDebug UP-TO-DATE
[        ] Caching disabled for task ':emoji_picker_flutter:javaPreCompileDebug' because:
[        ]   Build cache is disabled
[        ] Skipping task ':emoji_picker_flutter:javaPreCompileDebug' as it is up-to-date.
[        ] Resolve mutations for :emoji_picker_flutter:compileDebugJavaWithJavac (Thread[#42908,Execution worker Thread 27,5,main]) started.
[        ] :emoji_picker_flutter:compileDebugJavaWithJavac (Thread[#42908,Execution worker Thread 27,5,main]) started.
[        ] > Task :emoji_picker_flutter:compileDebugJavaWithJavac NO-SOURCE
[        ] Skipping task ':emoji_picker_flutter:compileDebugJavaWithJavac' as it has no source files and no previous output files.
[        ] Resolve mutations for :emoji_picker_flutter:bundleLibCompileToJarDebug (Thread[#42908,Execution worker Thread 27,5,main]) started.
[        ] :emoji_picker_flutter:bundleLibCompileToJarDebug (Thread[#42908,Execution worker Thread 27,5,main]) started.
[        ] > Task :emoji_picker_flutter:bundleLibCompileToJarDebug UP-TO-DATE
[        ] Caching disabled for task ':emoji_picker_flutter:bundleLibCompileToJarDebug' because:
[        ]   Build cache is disabled
[        ]   Simple merging task
[        ] Skipping task ':emoji_picker_flutter:bundleLibCompileToJarDebug' as it is up-to-date.
[        ] work action resolve classes.jar (project :emoji_picker_flutter) (Thread[#42908,Execution worker Thread 27,5,main]) started.
[        ] Resolve mutations for :file_selector_android:javaPreCompileDebug (Thread[#42908,Execution worker Thread 27,5,main]) started.
[        ] :file_selector_android:javaPreCompileDebug (Thread[#42908,Execution worker Thread 27,5,main]) started.
[        ] > Task :file_selector_android:javaPreCompileDebug UP-TO-DATE
[        ] Caching disabled for task ':file_selector_android:javaPreCompileDebug' because:
[        ]   Build cache is disabled
[        ] Skipping task ':file_selector_android:javaPreCompileDebug' as it is up-to-date.
[        ] Resolve mutations for :file_selector_android:compileDebugJavaWithJavac (Thread[#42908,Execution worker Thread 27,5,main]) started.
[        ] :file_selector_android:compileDebugJavaWithJavac (Thread[#42908,Execution worker Thread 27,5,main]) started.
[        ] > Task :file_selector_android:compileDebugJavaWithJavac UP-TO-DATE
[        ] Custom actions are attached to task ':file_selector_android:compileDebugJavaWithJavac'.
[        ] Caching disabled for task ':file_selector_android:compileDebugJavaWithJavac' because:
[        ]   Build cache is disabled
[        ] Skipping task ':file_selector_android:compileDebugJavaWithJavac' as it is up-to-date.
[        ] No compile result for :file_selector_android:compileDebugJavaWithJavac
[        ] No compile result for :file_selector_android:compileDebugJavaWithJavac
[        ] Resolve mutations for :file_selector_android:bundleLibCompileToJarDebug (Thread[#42908,Execution worker Thread 27,5,main]) started.
[        ] :file_selector_android:bundleLibCompileToJarDebug (Thread[#42908,Execution worker Thread 27,5,main]) started.
[        ] > Task :file_selector_android:bundleLibCompileToJarDebug UP-TO-DATE
[        ] Caching disabled for task ':file_selector_android:bundleLibCompileToJarDebug' because:
[        ]   Build cache is disabled
[        ]   Simple merging task
[        ] Skipping task ':file_selector_android:bundleLibCompileToJarDebug' as it is up-to-date.
[        ] work action resolve classes.jar (project :file_selector_android) (Thread[#42908,Execution worker Thread 27,5,main]) started.
[        ] Resolve mutations for :flutter_keyboard_visibility_temp_fork:javaPreCompileDebug (Thread[#42908,Execution worker Thread 27,5,main]) started.
[        ] :flutter_keyboard_visibility_temp_fork:javaPreCompileDebug (Thread[#42908,Execution worker Thread 27,5,main]) started.
[        ] > Task :flutter_keyboard_visibility_temp_fork:javaPreCompileDebug UP-TO-DATE
[        ] Caching disabled for task ':flutter_keyboard_visibility_temp_fork:javaPreCompileDebug' because:
[        ]   Build cache is disabled
[        ] Skipping task ':flutter_keyboard_visibility_temp_fork:javaPreCompileDebug' as it is up-to-date.
[        ] Resolve mutations for :flutter_keyboard_visibility_temp_fork:compileDebugJavaWithJavac (Thread[#42908,Execution worker Thread 27,5,main]) started.
[        ] :flutter_keyboard_visibility_temp_fork:compileDebugJavaWithJavac (Thread[#42908,Execution worker Thread 27,5,main]) started.
[        ] > Task :flutter_keyboard_visibility_temp_fork:compileDebugJavaWithJavac UP-TO-DATE
[        ] Custom actions are attached to task ':flutter_keyboard_visibility_temp_fork:compileDebugJavaWithJavac'.
[        ] Caching disabled for task ':flutter_keyboard_visibility_temp_fork:compileDebugJavaWithJavac' because:
[        ]   Build cache is disabled
[        ] Skipping task ':flutter_keyboard_visibility_temp_fork:compileDebugJavaWithJavac' as it is up-to-date.
[        ] No compile result for :flutter_keyboard_visibility_temp_fork:compileDebugJavaWithJavac
[        ] No compile result for :flutter_keyboard_visibility_temp_fork:compileDebugJavaWithJavac
[        ] Resolve mutations for :flutter_keyboard_visibility_temp_fork:bundleLibCompileToJarDebug (Thread[#42908,Execution worker Thread 27,5,main]) started.
[        ] :flutter_keyboard_visibility_temp_fork:bundleLibCompileToJarDebug (Thread[#42908,Execution worker Thread 27,5,main]) started.
[        ] > Task :flutter_keyboard_visibility_temp_fork:bundleLibCompileToJarDebug UP-TO-DATE
[        ] Caching disabled for task ':flutter_keyboard_visibility_temp_fork:bundleLibCompileToJarDebug' because:
[        ]   Build cache is disabled
[        ]   Simple merging task
[        ] Skipping task ':flutter_keyboard_visibility_temp_fork:bundleLibCompileToJarDebug' as it is up-to-date.
[        ] work action resolve classes.jar (project :flutter_keyboard_visibility_temp_fork) (Thread[#42908,Execution worker Thread 27,5,main]) started.
[        ] Resolve mutations for :flutter_native_splash:javaPreCompileDebug (Thread[#42908,Execution worker Thread 27,5,main]) started.
[        ] :flutter_native_splash:javaPreCompileDebug (Thread[#42908,Execution worker Thread 27,5,main]) started.
[        ] > Task :flutter_native_splash:javaPreCompileDebug UP-TO-DATE
[        ] Caching disabled for task ':flutter_native_splash:javaPreCompileDebug' because:
[        ]   Build cache is disabled
[        ] Skipping task ':flutter_native_splash:javaPreCompileDebug' as it is up-to-date.
[        ] Resolve mutations for :flutter_native_splash:compileDebugJavaWithJavac (Thread[#42908,Execution worker Thread 27,5,main]) started.
[        ] :flutter_native_splash:compileDebugJavaWithJavac (Thread[#42908,Execution worker Thread 27,5,main]) started.
[        ] > Task :flutter_native_splash:compileDebugJavaWithJavac UP-TO-DATE
[        ] Custom actions are attached to task ':flutter_native_splash:compileDebugJavaWithJavac'.
[        ] Caching disabled for task ':flutter_native_splash:compileDebugJavaWithJavac' because:
[        ]   Build cache is disabled
[        ] Skipping task ':flutter_native_splash:compileDebugJavaWithJavac' as it is up-to-date.
[        ] No compile result for :flutter_native_splash:compileDebugJavaWithJavac
[        ] No compile result for :flutter_native_splash:compileDebugJavaWithJavac
[        ] Resolve mutations for :flutter_native_splash:bundleLibCompileToJarDebug (Thread[#42908,Execution worker Thread 27,5,main]) started.
[        ] :flutter_native_splash:bundleLibCompileToJarDebug (Thread[#42908,Execution worker Thread 27,5,main]) started.
[        ] > Task :flutter_native_splash:bundleLibCompileToJarDebug UP-TO-DATE
[        ] Caching disabled for task ':flutter_native_splash:bundleLibCompileToJarDebug' because:
[        ]   Build cache is disabled
[        ]   Simple merging task
[        ] Skipping task ':flutter_native_splash:bundleLibCompileToJarDebug' as it is up-to-date.
[        ] work action resolve classes.jar (project :flutter_native_splash) (Thread[#42908,Execution worker Thread 27,5,main]) started.
[        ] Resolve mutations for :flutter_olm:checkKotlinGradlePluginConfigurationErrors (Thread[#42908,Execution worker Thread 27,5,main]) started.
[        ] :flutter_olm:checkKotlinGradlePluginConfigurationErrors (Thread[#42908,Execution worker Thread 27,5,main]) started.
[        ] > Task :flutter_olm:checkKotlinGradlePluginConfigurationErrors SKIPPED
[        ] Skipping task ':flutter_olm:checkKotlinGradlePluginConfigurationErrors' as task onlyIf 'errorDiagnostics are present' is false.
[        ] Resolve mutations for :flutter_olm:compileDebugKotlin (Thread[#42908,Execution worker Thread 27,5,main]) started.
[        ] :flutter_olm:compileDebugKotlin (Thread[#42908,Execution worker Thread 27,5,main]) started.
[        ] > Task :flutter_olm:compileDebugKotlin UP-TO-DATE
[        ] Adding -Xuse-inline-scopes-numbers Kotlin compiler flag for task :flutter_olm:compileDebugAndroidTestKotlin
[        ] Caching disabled for task ':flutter_olm:compileDebugKotlin' because:
[        ]   Build cache is disabled
[        ] Skipping task ':flutter_olm:compileDebugKotlin' as it is up-to-date.
[        ] Resolve mutations for :flutter_olm:javaPreCompileDebug (Thread[#42908,Execution worker Thread 27,5,main]) started.
[        ] :flutter_olm:javaPreCompileDebug (Thread[#42908,Execution worker Thread 27,5,main]) started.
[        ] > Task :flutter_olm:javaPreCompileDebug UP-TO-DATE
[        ] Caching disabled for task ':flutter_olm:javaPreCompileDebug' because:
[        ]   Build cache is disabled
[        ] Skipping task ':flutter_olm:javaPreCompileDebug' as it is up-to-date.
[        ] Resolve mutations for :flutter_olm:compileDebugJavaWithJavac (Thread[#42908,Execution worker Thread 27,5,main]) started.
[        ] :flutter_olm:compileDebugJavaWithJavac (Thread[#42908,Execution worker Thread 27,5,main]) started.
[        ] > Task :flutter_olm:compileDebugJavaWithJavac NO-SOURCE
[        ] Skipping task ':flutter_olm:compileDebugJavaWithJavac' as it has no source files and no previous output files.
[        ] Resolve mutations for :flutter_olm:bundleLibCompileToJarDebug (Thread[#42908,Execution worker Thread 27,5,main]) started.
[        ] :flutter_olm:bundleLibCompileToJarDebug (Thread[#42908,Execution worker Thread 27,5,main]) started.
[        ] > Task :flutter_olm:bundleLibCompileToJarDebug UP-TO-DATE
[        ] Caching disabled for task ':flutter_olm:bundleLibCompileToJarDebug' because:
[        ]   Build cache is disabled
[        ]   Simple merging task
[        ] Skipping task ':flutter_olm:bundleLibCompileToJarDebug' as it is up-to-date.
[        ] work action resolve classes.jar (project :flutter_olm) (Thread[#42908,Execution worker Thread 27,5,main]) started.
[        ] Resolve mutations for :flutter_openssl_crypto:checkKotlinGradlePluginConfigurationErrors (Thread[#42908,Execution worker Thread 27,5,main]) started.
[        ] :flutter_openssl_crypto:checkKotlinGradlePluginConfigurationErrors (Thread[#42908,Execution worker Thread 27,5,main]) started.
[        ] > Task :flutter_openssl_crypto:checkKotlinGradlePluginConfigurationErrors SKIPPED
[        ] Skipping task ':flutter_openssl_crypto:checkKotlinGradlePluginConfigurationErrors' as task onlyIf 'errorDiagnostics are present' is false.
[        ] Resolve mutations for :flutter_openssl_crypto:compileDebugKotlin (Thread[#42908,Execution worker Thread 27,5,main]) started.
[        ] :flutter_openssl_crypto:compileDebugKotlin (Thread[#42908,Execution worker Thread 27,5,main]) started.
[        ] > Task :flutter_openssl_crypto:compileDebugKotlin UP-TO-DATE
[        ] Adding -Xuse-inline-scopes-numbers Kotlin compiler flag for task :flutter_openssl_crypto:compileDebugAndroidTestKotlin
[        ] Caching disabled for task ':flutter_openssl_crypto:compileDebugKotlin' because:
[        ]   Build cache is disabled
[        ] Skipping task ':flutter_openssl_crypto:compileDebugKotlin' as it is up-to-date.
[        ] Resolve mutations for :flutter_openssl_crypto:javaPreCompileDebug (Thread[#42908,Execution worker Thread 27,5,main]) started.
[        ] :flutter_openssl_crypto:javaPreCompileDebug (Thread[#42908,Execution worker Thread 27,5,main]) started.
[        ] > Task :flutter_openssl_crypto:javaPreCompileDebug UP-TO-DATE
[        ] Caching disabled for task ':flutter_openssl_crypto:javaPreCompileDebug' because:
[        ]   Build cache is disabled
[        ] Skipping task ':flutter_openssl_crypto:javaPreCompileDebug' as it is up-to-date.
[        ] Resolve mutations for :flutter_openssl_crypto:compileDebugJavaWithJavac (Thread[#42908,Execution worker Thread 27,5,main]) started.
[        ] :flutter_openssl_crypto:compileDebugJavaWithJavac (Thread[#42908,Execution worker Thread 27,5,main]) started.
[        ] > Task :flutter_openssl_crypto:compileDebugJavaWithJavac NO-SOURCE
[        ] Skipping task ':flutter_openssl_crypto:compileDebugJavaWithJavac' as it has no source files and no previous output files.
[        ] Resolve mutations for :flutter_openssl_crypto:bundleLibCompileToJarDebug (Thread[#42908,Execution worker Thread 27,5,main]) started.
[        ] :flutter_openssl_crypto:bundleLibCompileToJarDebug (Thread[#42908,Execution worker Thread 27,5,main]) started.
[        ] > Task :flutter_openssl_crypto:bundleLibCompileToJarDebug UP-TO-DATE
[        ] Caching disabled for task ':flutter_openssl_crypto:bundleLibCompileToJarDebug' because:
[        ]   Build cache is disabled
[        ]   Simple merging task
[        ] Skipping task ':flutter_openssl_crypto:bundleLibCompileToJarDebug' as it is up-to-date.
[        ] work action resolve classes.jar (project :flutter_openssl_crypto) (Thread[#42908,Execution worker Thread 27,5,main]) started.
[        ] Resolve mutations for :integration_test:javaPreCompileDebug (Thread[#42908,Execution worker Thread 27,5,main]) started.
[        ] :integration_test:javaPreCompileDebug (Thread[#42908,Execution worker Thread 27,5,main]) started.
[        ] > Task :integration_test:javaPreCompileDebug UP-TO-DATE
[        ] Caching disabled for task ':integration_test:javaPreCompileDebug' because:
[        ]   Build cache is disabled
[        ] Skipping task ':integration_test:javaPreCompileDebug' as it is up-to-date.
[        ] Resolve mutations for :integration_test:compileDebugJavaWithJavac (Thread[#42908,Execution worker Thread 27,5,main]) started.
[        ] :integration_test:compileDebugJavaWithJavac (Thread[#42908,Execution worker Thread 27,5,main]) started.
[        ] > Task :integration_test:compileDebugJavaWithJavac UP-TO-DATE
[        ] Custom actions are attached to task ':integration_test:compileDebugJavaWithJavac'.
[        ] Caching disabled for task ':integration_test:compileDebugJavaWithJavac' because:
[        ]   Build cache is disabled
[        ] Skipping task ':integration_test:compileDebugJavaWithJavac' as it is up-to-date.
[        ] No compile result for :integration_test:compileDebugJavaWithJavac
[        ] No compile result for :integration_test:compileDebugJavaWithJavac
[        ] Resolve mutations for :integration_test:bundleLibCompileToJarDebug (Thread[#42908,Execution worker Thread 27,5,main]) started.
[        ] :integration_test:bundleLibCompileToJarDebug (Thread[#42908,Execution worker Thread 27,5,main]) started.
[        ] > Task :integration_test:bundleLibCompileToJarDebug UP-TO-DATE
[        ] Caching disabled for task ':integration_test:bundleLibCompileToJarDebug' because:
[        ]   Build cache is disabled
[        ]   Simple merging task
[        ] Skipping task ':integration_test:bundleLibCompileToJarDebug' as it is up-to-date.
[        ] work action resolve classes.jar (project :integration_test) (Thread[#42908,Execution worker Thread 27,5,main]) started.
[        ] Resolve mutations for :path_provider_android:javaPreCompileDebug (Thread[#42908,Execution worker Thread 27,5,main]) started.
[        ] :path_provider_android:javaPreCompileDebug (Thread[#42908,Execution worker Thread 27,5,main]) started.
[        ] > Task :path_provider_android:javaPreCompileDebug UP-TO-DATE
[        ] Caching disabled for task ':path_provider_android:javaPreCompileDebug' because:
[        ]   Build cache is disabled
[        ] Skipping task ':path_provider_android:javaPreCompileDebug' as it is up-to-date.
[        ] Resolve mutations for :path_provider_android:compileDebugJavaWithJavac (Thread[#42908,Execution worker Thread 27,5,main]) started.
[        ] :path_provider_android:compileDebugJavaWithJavac (Thread[#42908,Execution worker Thread 27,5,main]) started.
[        ] > Task :path_provider_android:compileDebugJavaWithJavac UP-TO-DATE
[        ] Custom actions are attached to task ':path_provider_android:compileDebugJavaWithJavac'.
[        ] Caching disabled for task ':path_provider_android:compileDebugJavaWithJavac' because:
[        ]   Build cache is disabled
[        ] Skipping task ':path_provider_android:compileDebugJavaWithJavac' as it is up-to-date.
[        ] No compile result for :path_provider_android:compileDebugJavaWithJavac
[        ] No compile result for :path_provider_android:compileDebugJavaWithJavac
[        ] Resolve mutations for :path_provider_android:bundleLibCompileToJarDebug (Thread[#42908,Execution worker Thread 27,5,main]) started.
[        ] :path_provider_android:bundleLibCompileToJarDebug (Thread[#42908,Execution worker Thread 27,5,main]) started.
[        ] > Task :path_provider_android:bundleLibCompileToJarDebug UP-TO-DATE
[        ] Caching disabled for task ':path_provider_android:bundleLibCompileToJarDebug' because:
[        ]   Build cache is disabled
[        ]   Simple merging task
[        ] Skipping task ':path_provider_android:bundleLibCompileToJarDebug' as it is up-to-date.
[        ] work action resolve classes.jar (project :path_provider_android) (Thread[#42908,Execution worker Thread 27,5,main]) started.
[        ] Resolve mutations for :quill_native_bridge_android:checkKotlinGradlePluginConfigurationErrors (Thread[#42908,Execution worker Thread 27,5,main]) started.
[        ] :quill_native_bridge_android:checkKotlinGradlePluginConfigurationErrors (Thread[#42908,Execution worker Thread 27,5,main]) started.
[        ] > Task :quill_native_bridge_android:checkKotlinGradlePluginConfigurationErrors SKIPPED
[        ] Skipping task ':quill_native_bridge_android:checkKotlinGradlePluginConfigurationErrors' as task onlyIf 'errorDiagnostics are present' is false.
[        ] Resolve mutations for :quill_native_bridge_android:compileDebugKotlin (Thread[#42908,Execution worker Thread 27,5,main]) started.
[        ] :quill_native_bridge_android:compileDebugKotlin (Thread[#42908,Execution worker Thread 27,5,main]) started.
[        ] > Task :quill_native_bridge_android:compileDebugKotlin UP-TO-DATE
[        ] Adding -Xuse-inline-scopes-numbers Kotlin compiler flag for task :quill_native_bridge_android:compileDebugAndroidTestKotlin
[        ] Caching disabled for task ':quill_native_bridge_android:compileDebugKotlin' because:
[        ]   Build cache is disabled
[        ] Skipping task ':quill_native_bridge_android:compileDebugKotlin' as it is up-to-date.
[        ] Resolve mutations for :quill_native_bridge_android:javaPreCompileDebug (Thread[#42908,Execution worker Thread 27,5,main]) started.
[        ] :quill_native_bridge_android:javaPreCompileDebug (Thread[#42908,Execution worker Thread 27,5,main]) started.
[        ] > Task :quill_native_bridge_android:javaPreCompileDebug UP-TO-DATE
[        ] Caching disabled for task ':quill_native_bridge_android:javaPreCompileDebug' because:
[        ]   Build cache is disabled
[        ] Skipping task ':quill_native_bridge_android:javaPreCompileDebug' as it is up-to-date.
[        ] Resolve mutations for :quill_native_bridge_android:compileDebugJavaWithJavac (Thread[#42908,Execution worker Thread 27,5,main]) started.
[        ] :quill_native_bridge_android:compileDebugJavaWithJavac (Thread[#42908,Execution worker Thread 27,5,main]) started.
[        ] > Task :quill_native_bridge_android:compileDebugJavaWithJavac NO-SOURCE
[        ] Skipping task ':quill_native_bridge_android:compileDebugJavaWithJavac' as it has no source files and no previous output files.
[        ] Resolve mutations for :quill_native_bridge_android:bundleLibCompileToJarDebug (Thread[#42908,Execution worker Thread 27,5,main]) started.
[        ] :quill_native_bridge_android:bundleLibCompileToJarDebug (Thread[#42908,Execution worker Thread 27,5,main]) started.
[        ] > Task :quill_native_bridge_android:bundleLibCompileToJarDebug UP-TO-DATE
[        ] Caching disabled for task ':quill_native_bridge_android:bundleLibCompileToJarDebug' because:
[        ]   Build cache is disabled
[        ]   Simple merging task
[        ] Skipping task ':quill_native_bridge_android:bundleLibCompileToJarDebug' as it is up-to-date.
[        ] work action resolve classes.jar (project :quill_native_bridge_android) (Thread[#42908,Execution worker Thread 27,5,main]) started.
[        ] Resolve mutations for :shared_preferences_android:checkKotlinGradlePluginConfigurationErrors (Thread[#42908,Execution worker Thread 27,5,main]) started.
[        ] :shared_preferences_android:checkKotlinGradlePluginConfigurationErrors (Thread[#42908,Execution worker Thread 27,5,main]) started.
[        ] > Task :shared_preferences_android:checkKotlinGradlePluginConfigurationErrors SKIPPED
[        ] Skipping task ':shared_preferences_android:checkKotlinGradlePluginConfigurationErrors' as task onlyIf 'errorDiagnostics are present' is false.
[        ] Resolve mutations for :shared_preferences_android:compileDebugKotlin (Thread[#42908,Execution worker Thread 27,5,main]) started.
[        ] :shared_preferences_android:compileDebugKotlin (Thread[#42908,Execution worker Thread 27,5,main]) started.
[        ] > Task :shared_preferences_android:compileDebugKotlin UP-TO-DATE
[        ] Adding -Xuse-inline-scopes-numbers Kotlin compiler flag for task :shared_preferences_android:compileDebugAndroidTestKotlin
[        ] Caching disabled for task ':shared_preferences_android:compileDebugKotlin' because:
[        ]   Build cache is disabled
[        ] Skipping task ':shared_preferences_android:compileDebugKotlin' as it is up-to-date.
[        ] Resolve mutations for :shared_preferences_android:javaPreCompileDebug (Thread[#42908,Execution worker Thread 27,5,main]) started.
[        ] :shared_preferences_android:javaPreCompileDebug (Thread[#42908,Execution worker Thread 27,5,main]) started.
[        ] > Task :shared_preferences_android:javaPreCompileDebug UP-TO-DATE
[        ] Caching disabled for task ':shared_preferences_android:javaPreCompileDebug' because:
[        ]   Build cache is disabled
[        ] Skipping task ':shared_preferences_android:javaPreCompileDebug' as it is up-to-date.
[        ] Resolve mutations for :shared_preferences_android:compileDebugJavaWithJavac (Thread[#42908,Execution worker Thread 27,5,main]) started.
[        ] :shared_preferences_android:compileDebugJavaWithJavac (Thread[#42908,Execution worker Thread 27,5,main]) started.
[        ] > Task :shared_preferences_android:compileDebugJavaWithJavac UP-TO-DATE
[        ] Custom actions are attached to task ':shared_preferences_android:compileDebugJavaWithJavac'.
[        ] Caching disabled for task ':shared_preferences_android:compileDebugJavaWithJavac' because:
[        ]   Build cache is disabled
[        ] Skipping task ':shared_preferences_android:compileDebugJavaWithJavac' as it is up-to-date.
[        ] No compile result for :shared_preferences_android:compileDebugJavaWithJavac
[        ] No compile result for :shared_preferences_android:compileDebugJavaWithJavac
[        ] Resolve mutations for :shared_preferences_android:bundleLibCompileToJarDebug (Thread[#42908,Execution worker Thread 27,5,main]) started.
[        ] :shared_preferences_android:bundleLibCompileToJarDebug (Thread[#42908,Execution worker Thread 27,5,main]) started.
[        ] > Task :shared_preferences_android:bundleLibCompileToJarDebug UP-TO-DATE
[        ] Caching disabled for task ':shared_preferences_android:bundleLibCompileToJarDebug' because:
[        ]   Build cache is disabled
[        ]   Simple merging task
[        ] Skipping task ':shared_preferences_android:bundleLibCompileToJarDebug' as it is up-to-date.
[        ] work action resolve classes.jar (project :shared_preferences_android) (Thread[#42908,Execution worker Thread 27,5,main]) started.
[        ] Resolve mutations for :sqflite_android:javaPreCompileDebug (Thread[#42908,Execution worker Thread 27,5,main]) started.
[        ] :sqflite_android:javaPreCompileDebug (Thread[#42908,Execution worker Thread 27,5,main]) started.
[        ] > Task :sqflite_android:javaPreCompileDebug UP-TO-DATE
[        ] Caching disabled for task ':sqflite_android:javaPreCompileDebug' because:
[        ]   Build cache is disabled
[        ] Skipping task ':sqflite_android:javaPreCompileDebug' as it is up-to-date.
[        ] Resolve mutations for :sqflite_android:compileDebugJavaWithJavac (Thread[#42908,Execution worker Thread 27,5,main]) started.
[        ] :sqflite_android:compileDebugJavaWithJavac (Thread[#42908,Execution worker Thread 27,5,main]) started.
[        ] > Task :sqflite_android:compileDebugJavaWithJavac UP-TO-DATE
[        ] Custom actions are attached to task ':sqflite_android:compileDebugJavaWithJavac'.
[        ] Caching disabled for task ':sqflite_android:compileDebugJavaWithJavac' because:
[        ]   Build cache is disabled
[        ] Skipping task ':sqflite_android:compileDebugJavaWithJavac' as it is up-to-date.
[        ] No compile result for :sqflite_android:compileDebugJavaWithJavac
[        ] No compile result for :sqflite_android:compileDebugJavaWithJavac
[        ] Resolve mutations for :sqflite_android:bundleLibCompileToJarDebug (Thread[#42908,Execution worker Thread 27,5,main]) started.
[        ] :sqflite_android:bundleLibCompileToJarDebug (Thread[#42908,Execution worker Thread 27,5,main]) started.
[        ] > Task :sqflite_android:bundleLibCompileToJarDebug UP-TO-DATE
[        ] Caching disabled for task ':sqflite_android:bundleLibCompileToJarDebug' because:
[        ]   Build cache is disabled
[        ]   Simple merging task
[        ] Skipping task ':sqflite_android:bundleLibCompileToJarDebug' as it is up-to-date.
[        ] work action resolve classes.jar (project :sqflite_android) (Thread[#42908,Execution worker Thread 27,5,main]) started.
[        ] Resolve mutations for :url_launcher_android:generateDebugBuildConfig (Thread[#42908,Execution worker Thread 27,5,main]) started.
[        ] :url_launcher_android:generateDebugBuildConfig (Thread[#42908,Execution worker Thread 27,5,main]) started.
[        ] > Task :url_launcher_android:generateDebugBuildConfig UP-TO-DATE
[        ] Caching disabled for task ':url_launcher_android:generateDebugBuildConfig' because:
[        ]   Build cache is disabled
[        ] Skipping task ':url_launcher_android:generateDebugBuildConfig' as it is up-to-date.
[        ] Resolve mutations for :url_launcher_android:javaPreCompileDebug (Thread[#42908,Execution worker Thread 27,5,main]) started.
[        ] :url_launcher_android:javaPreCompileDebug (Thread[#42908,Execution worker Thread 27,5,main]) started.
[        ] > Task :url_launcher_android:javaPreCompileDebug UP-TO-DATE
[        ] Caching disabled for task ':url_launcher_android:javaPreCompileDebug' because:
[        ]   Build cache is disabled
[        ] Skipping task ':url_launcher_android:javaPreCompileDebug' as it is up-to-date.
[        ] Resolve mutations for :url_launcher_android:compileDebugJavaWithJavac (Thread[#42908,Execution worker Thread 27,5,main]) started.
[        ] :url_launcher_android:compileDebugJavaWithJavac (Thread[#42908,Execution worker Thread 27,5,main]) started.
[  +97 ms] > Task :url_launcher_android:compileDebugJavaWithJavac UP-TO-DATE
[        ] Custom actions are attached to task ':url_launcher_android:compileDebugJavaWithJavac'.
[        ] Caching disabled for task ':url_launcher_android:compileDebugJavaWithJavac' because:
[        ]   Build cache is disabled
[        ] Skipping task ':url_launcher_android:compileDebugJavaWithJavac' as it is up-to-date.
[        ] No compile result for :url_launcher_android:compileDebugJavaWithJavac
[        ] No compile result for :url_launcher_android:compileDebugJavaWithJavac
[        ] Resolve mutations for :url_launcher_android:bundleLibCompileToJarDebug (Thread[#42908,Execution worker Thread 27,5,main]) started.
[        ] :url_launcher_android:bundleLibCompileToJarDebug (Thread[#42908,Execution worker Thread 27,5,main]) started.
[        ] > Task :url_launcher_android:bundleLibCompileToJarDebug UP-TO-DATE
[        ] Caching disabled for task ':url_launcher_android:bundleLibCompileToJarDebug' because:
[        ]   Build cache is disabled
[        ]   Simple merging task
[        ] Skipping task ':url_launcher_android:bundleLibCompileToJarDebug' as it is up-to-date.
[        ] work action resolve classes.jar (project :url_launcher_android) (Thread[#42908,Execution worker Thread 27,5,main]) started.
[        ] Resolve mutations for :video_player_android:checkKotlinGradlePluginConfigurationErrors (Thread[#42908,Execution worker Thread 27,5,main]) started.
[        ] :video_player_android:checkKotlinGradlePluginConfigurationErrors (Thread[#42908,Execution worker Thread 27,5,main]) started.
[        ] > Task :video_player_android:checkKotlinGradlePluginConfigurationErrors SKIPPED
[        ] Skipping task ':video_player_android:checkKotlinGradlePluginConfigurationErrors' as task onlyIf 'errorDiagnostics are present' is false.
[        ] Resolve mutations for :video_player_android:compileDebugKotlin (Thread[#42908,Execution worker Thread 27,5,main]) started.
[        ] :video_player_android:compileDebugKotlin (Thread[#42908,Execution worker Thread 27,5,main]) started.
[        ] > Task :video_player_android:compileDebugKotlin UP-TO-DATE
[        ] Adding -Xuse-inline-scopes-numbers Kotlin compiler flag for task :video_player_android:compileDebugAndroidTestKotlin
[        ] Caching disabled for task ':video_player_android:compileDebugKotlin' because:
[        ]   Build cache is disabled
[        ] Skipping task ':video_player_android:compileDebugKotlin' as it is up-to-date.
[        ] Resolve mutations for :video_player_android:javaPreCompileDebug (Thread[#42908,Execution worker Thread 27,5,main]) started.
[        ] :video_player_android:javaPreCompileDebug (Thread[#42908,Execution worker Thread 27,5,main]) started.
[        ] > Task :video_player_android:javaPreCompileDebug UP-TO-DATE
[        ] Caching disabled for task ':video_player_android:javaPreCompileDebug' because:
[        ]   Build cache is disabled
[        ] Skipping task ':video_player_android:javaPreCompileDebug' as it is up-to-date.
[        ] Resolve mutations for :video_player_android:compileDebugJavaWithJavac (Thread[#42908,Execution worker Thread 27,5,main]) started.
[        ] :video_player_android:compileDebugJavaWithJavac (Thread[#42908,Execution worker Thread 27,5,main]) started.
[        ] > Task :video_player_android:compileDebugJavaWithJavac UP-TO-DATE
[        ] Custom actions are attached to task ':video_player_android:compileDebugJavaWithJavac'.
[        ] Caching disabled for task ':video_player_android:compileDebugJavaWithJavac' because:
[        ]   Build cache is disabled
[        ] Skipping task ':video_player_android:compileDebugJavaWithJavac' as it is up-to-date.
[        ] No compile result for :video_player_android:compileDebugJavaWithJavac
[        ] No compile result for :video_player_android:compileDebugJavaWithJavac
[        ] Resolve mutations for :video_player_android:bundleLibCompileToJarDebug (Thread[#42908,Execution worker Thread 27,5,main]) started.
[        ] :video_player_android:bundleLibCompileToJarDebug (Thread[#42908,Execution worker Thread 27,5,main]) started.
[        ] > Task :video_player_android:bundleLibCompileToJarDebug UP-TO-DATE
[        ] Caching disabled for task ':video_player_android:bundleLibCompileToJarDebug' because:
[        ]   Build cache is disabled
[        ]   Simple merging task
[        ] Skipping task ':video_player_android:bundleLibCompileToJarDebug' as it is up-to-date.
[        ] work action resolve classes.jar (project :video_player_android) (Thread[#42908,Execution worker Thread 27,5,main]) started.
[        ] Resolve mutations for :app:compileDebugKotlin (Thread[#42908,Execution worker Thread 27,5,main]) started.
[        ] :app:compileDebugKotlin (Thread[#42908,Execution worker Thread 27,5,main]) started.
[        ] > Task :app:compileDebugKotlin UP-TO-DATE
[        ] Adding -Xuse-inline-scopes-numbers Kotlin compiler flag for task :app:compileDebugAndroidTestKotlin
[        ] Caching disabled for task ':app:compileDebugKotlin' because:
[        ]   Build cache is disabled
[        ] Skipping task ':app:compileDebugKotlin' as it is up-to-date.
[        ] Resolve mutations for :app:javaPreCompileDebug (Thread[#42908,Execution worker Thread 27,5,main]) started.
[        ] :app:javaPreCompileDebug (Thread[#42908,Execution worker Thread 27,5,main]) started.
[        ] > Task :app:javaPreCompileDebug UP-TO-DATE
[        ] Caching disabled for task ':app:javaPreCompileDebug' because:
[        ]   Build cache is disabled
[        ] Skipping task ':app:javaPreCompileDebug' as it is up-to-date.
[        ] Resolve mutations for :app:compileDebugJavaWithJavac (Thread[#42908,Execution worker Thread 27,5,main]) started.
[        ] :app:compileDebugJavaWithJavac (Thread[#42908,Execution worker Thread 27,5,main]) started.
[        ] > Task :app:compileDebugJavaWithJavac UP-TO-DATE
[        ] Custom actions are attached to task ':app:compileDebugJavaWithJavac'.
[        ] Caching disabled for task ':app:compileDebugJavaWithJavac' because:
[        ]   Build cache is disabled
[        ] Skipping task ':app:compileDebugJavaWithJavac' as it is up-to-date.
[        ] No compile result for :app:compileDebugJavaWithJavac
[        ] No compile result for :app:compileDebugJavaWithJavac
[        ] Resolve mutations for :app:compressDebugAssets (Thread[#42908,Execution worker Thread 27,5,main]) started.
[        ] :app:compressDebugAssets (Thread[#42908,Execution worker Thread 27,5,main]) started.
[        ] Resolve mutations for :app:processDebugJavaRes (Thread[#42911,Execution worker Thread 30,5,main]) started.
[        ] :app:processDebugJavaRes (Thread[#42911,Execution worker Thread 30,5,main]) started.
[        ] > Task :app:processDebugJavaRes UP-TO-DATE
[        ] file or directory '/Users/florian/Code/substitution/android/app/src/main/resources', not found
[        ] file or directory '/Users/florian/Code/substitution/android/app/src/debug/resources', not found
[        ] file or directory '/Users/florian/Code/substitution/android/app/src/main/resources', not found
[        ] file or directory '/Users/florian/Code/substitution/android/app/src/debug/resources', not found
[        ] Caching disabled for task ':app:processDebugJavaRes' because:
[        ]   Build cache is disabled
[        ]   Caching has been disabled for the task
[        ] Skipping task ':app:processDebugJavaRes' as it is up-to-date.
[        ] Resolve mutations for :connectivity_plus:processDebugJavaRes (Thread[#42911,Execution worker Thread 30,5,main]) started.
[        ] :connectivity_plus:processDebugJavaRes (Thread[#42911,Execution worker Thread 30,5,main]) started.
[        ] > Task :connectivity_plus:processDebugJavaRes NO-SOURCE
[        ] file or directory '/Users/florian/.pub-cache/hosted/pub.dev/connectivity_plus-5.0.2/android/src/main/resources', not found
[        ] file or directory '/Users/florian/.pub-cache/hosted/pub.dev/connectivity_plus-5.0.2/android/src/debug/resources', not found
[        ] Skipping task ':connectivity_plus:processDebugJavaRes' as it has no source files and no previous output files.
[        ] work action resolve out (project :connectivity_plus) (Thread[#42911,Execution worker Thread 30,5,main]) started.
[        ] Resolve mutations for :emoji_picker_flutter:processDebugJavaRes (Thread[#42911,Execution worker Thread 30,5,main]) started.
[        ] :emoji_picker_flutter:processDebugJavaRes (Thread[#42911,Execution worker Thread 30,5,main]) started.
[        ] > Task :emoji_picker_flutter:processDebugJavaRes UP-TO-DATE
[        ] file or directory '/Users/florian/.pub-cache/hosted/pub.dev/emoji_picker_flutter-4.4.0/android/src/main/resources', not found
[        ] file or directory '/Users/florian/.pub-cache/hosted/pub.dev/emoji_picker_flutter-4.4.0/android/src/debug/resources', not found
[        ] file or directory '/Users/florian/.pub-cache/hosted/pub.dev/emoji_picker_flutter-4.4.0/android/src/main/resources', not found
[        ] file or directory '/Users/florian/.pub-cache/hosted/pub.dev/emoji_picker_flutter-4.4.0/android/src/debug/resources', not found
[        ] Caching disabled for task ':emoji_picker_flutter:processDebugJavaRes' because:
[        ]   Build cache is disabled
[        ]   Caching has been disabled for the task
[        ] Skipping task ':emoji_picker_flutter:processDebugJavaRes' as it is up-to-date.
[        ] work action resolve out (project :emoji_picker_flutter) (Thread[#42911,Execution worker Thread 30,5,main]) started.
[        ] Resolve mutations for :file_selector_android:processDebugJavaRes (Thread[#42911,Execution worker Thread 30,5,main]) started.
[        ] :file_selector_android:processDebugJavaRes (Thread[#42911,Execution worker Thread 30,5,main]) started.
[        ] > Task :file_selector_android:processDebugJavaRes NO-SOURCE
[        ] file or directory '/Users/florian/.pub-cache/hosted/pub.dev/file_selector_android-0.5.2+4/android/src/main/resources', not found
[        ] file or directory '/Users/florian/.pub-cache/hosted/pub.dev/file_selector_android-0.5.2+4/android/src/debug/resources', not found
[        ] Skipping task ':file_selector_android:processDebugJavaRes' as it has no source files and no previous output files.
[        ] work action resolve out (project :file_selector_android) (Thread[#42911,Execution worker Thread 30,5,main]) started.
[        ] Resolve mutations for :flutter_keyboard_visibility_temp_fork:processDebugJavaRes (Thread[#42911,Execution worker Thread 30,5,main]) started.
[        ] :flutter_keyboard_visibility_temp_fork:processDebugJavaRes (Thread[#42911,Execution worker Thread 30,5,main]) started.
[        ] > Task :flutter_keyboard_visibility_temp_fork:processDebugJavaRes NO-SOURCE
[        ] file or directory '/Users/florian/.pub-cache/hosted/pub.dev/flutter_keyboard_visibility_temp_fork-0.1.5/android/src/main/resources', not found
[        ] file or directory '/Users/florian/.pub-cache/hosted/pub.dev/flutter_keyboard_visibility_temp_fork-0.1.5/android/src/debug/resources', not found
[        ] Skipping task ':flutter_keyboard_visibility_temp_fork:processDebugJavaRes' as it has no source files and no previous output files.
[        ] work action resolve out (project :flutter_keyboard_visibility_temp_fork) (Thread[#42911,Execution worker Thread 30,5,main]) started.
[        ] Resolve mutations for :flutter_native_splash:processDebugJavaRes (Thread[#42911,Execution worker Thread 30,5,main]) started.
[        ] :flutter_native_splash:processDebugJavaRes (Thread[#42911,Execution worker Thread 30,5,main]) started.
[        ] > Task :flutter_native_splash:processDebugJavaRes NO-SOURCE
[        ] file or directory '/Users/florian/.pub-cache/hosted/pub.dev/flutter_native_splash-2.4.7/android/src/main/resources', not found
[        ] file or directory '/Users/florian/.pub-cache/hosted/pub.dev/flutter_native_splash-2.4.7/android/src/debug/resources', not found
[        ] Skipping task ':flutter_native_splash:processDebugJavaRes' as it has no source files and no previous output files.
[        ] work action resolve out (project :flutter_native_splash) (Thread[#42911,Execution worker Thread 30,5,main]) started.
[        ] Resolve mutations for :flutter_olm:processDebugJavaRes (Thread[#42911,Execution worker Thread 30,5,main]) started.
[        ] :flutter_olm:processDebugJavaRes (Thread[#42911,Execution worker Thread 30,5,main]) started.
[        ] > Task :flutter_olm:processDebugJavaRes UP-TO-DATE
[        ] file or directory '/Users/florian/.pub-cache/hosted/pub.dev/flutter_olm-2.0.0/android/src/main/resources', not found
[        ] file or directory '/Users/florian/.pub-cache/hosted/pub.dev/flutter_olm-2.0.0/android/src/debug/resources', not found
[        ] file or directory '/Users/florian/.pub-cache/hosted/pub.dev/flutter_olm-2.0.0/android/src/main/resources', not found
[        ] file or directory '/Users/florian/.pub-cache/hosted/pub.dev/flutter_olm-2.0.0/android/src/debug/resources', not found
[        ] Caching disabled for task ':flutter_olm:processDebugJavaRes' because:
[        ]   Build cache is disabled
[        ]   Caching has been disabled for the task
[        ] Skipping task ':flutter_olm:processDebugJavaRes' as it is up-to-date.
[        ] work action resolve out (project :flutter_olm) (Thread[#42911,Execution worker Thread 30,5,main]) started.
[        ] Resolve mutations for :flutter_openssl_crypto:processDebugJavaRes (Thread[#42911,Execution worker Thread 30,5,main]) started.
[        ] :flutter_openssl_crypto:processDebugJavaRes (Thread[#42911,Execution worker Thread 30,5,main]) started.
[        ] > Task :flutter_openssl_crypto:processDebugJavaRes UP-TO-DATE
[        ] file or directory '/Users/florian/.pub-cache/hosted/pub.dev/flutter_openssl_crypto-0.5.0/android/src/main/resources', not found
[        ] file or directory '/Users/florian/.pub-cache/hosted/pub.dev/flutter_openssl_crypto-0.5.0/android/src/debug/resources', not found
[        ] file or directory '/Users/florian/.pub-cache/hosted/pub.dev/flutter_openssl_crypto-0.5.0/android/src/main/resources', not found
[        ] file or directory '/Users/florian/.pub-cache/hosted/pub.dev/flutter_openssl_crypto-0.5.0/android/src/debug/resources', not found
[        ] Caching disabled for task ':flutter_openssl_crypto:processDebugJavaRes' because:
[        ]   Build cache is disabled
[        ]   Caching has been disabled for the task
[        ] Skipping task ':flutter_openssl_crypto:processDebugJavaRes' as it is up-to-date.
[        ] work action resolve out (project :flutter_openssl_crypto) (Thread[#42911,Execution worker Thread 30,5,main]) started.
[        ] Resolve mutations for :integration_test:processDebugJavaRes (Thread[#42911,Execution worker Thread 30,5,main]) started.
[        ] :integration_test:processDebugJavaRes (Thread[#42911,Execution worker Thread 30,5,main]) started.
[        ] > Task :integration_test:processDebugJavaRes NO-SOURCE
[        ] file or directory '/opt/homebrew/share/flutter/packages/integration_test/android/src/main/resources', not found
[        ] file or directory '/opt/homebrew/share/flutter/packages/integration_test/android/src/debug/resources', not found
[        ] Skipping task ':integration_test:processDebugJavaRes' as it has no source files and no previous output files.
[        ] work action resolve out (project :integration_test) (Thread[#42911,Execution worker Thread 30,5,main]) started.
[        ] Resolve mutations for :path_provider_android:processDebugJavaRes (Thread[#42911,Execution worker Thread 30,5,main]) started.
[        ] :path_provider_android:processDebugJavaRes (Thread[#42911,Execution worker Thread 30,5,main]) started.
[        ] > Task :path_provider_android:processDebugJavaRes NO-SOURCE
[        ] file or directory '/Users/florian/.pub-cache/hosted/pub.dev/path_provider_android-2.2.22/android/src/main/resources', not found
[        ] file or directory '/Users/florian/.pub-cache/hosted/pub.dev/path_provider_android-2.2.22/android/src/debug/resources', not found
[        ] Skipping task ':path_provider_android:processDebugJavaRes' as it has no source files and no previous output files.
[        ] work action resolve out (project :path_provider_android) (Thread[#42911,Execution worker Thread 30,5,main]) started.
[        ] Resolve mutations for :quill_native_bridge_android:processDebugJavaRes (Thread[#42911,Execution worker Thread 30,5,main]) started.
[        ] :quill_native_bridge_android:processDebugJavaRes (Thread[#42911,Execution worker Thread 30,5,main]) started.
[        ] > Task :quill_native_bridge_android:processDebugJavaRes UP-TO-DATE
[        ] file or directory '/Users/florian/.pub-cache/hosted/pub.dev/quill_native_bridge_android-0.0.1+2/android/src/main/resources', not found
[        ] file or directory '/Users/florian/.pub-cache/hosted/pub.dev/quill_native_bridge_android-0.0.1+2/android/src/debug/resources', not found
[        ] file or directory '/Users/florian/.pub-cache/hosted/pub.dev/quill_native_bridge_android-0.0.1+2/android/src/main/resources', not found
[        ] file or directory '/Users/florian/.pub-cache/hosted/pub.dev/quill_native_bridge_android-0.0.1+2/android/src/debug/resources', not found
[        ] Caching disabled for task ':quill_native_bridge_android:processDebugJavaRes' because:
[        ]   Build cache is disabled
[        ]   Caching has been disabled for the task
[        ] Skipping task ':quill_native_bridge_android:processDebugJavaRes' as it is up-to-date.
[        ] work action resolve out (project :quill_native_bridge_android) (Thread[#42911,Execution worker Thread 30,5,main]) started.
[        ] Resolve mutations for :shared_preferences_android:processDebugJavaRes (Thread[#42911,Execution worker Thread 30,5,main]) started.
[        ] :shared_preferences_android:processDebugJavaRes (Thread[#42911,Execution worker Thread 30,5,main]) started.
[        ] > Task :shared_preferences_android:processDebugJavaRes UP-TO-DATE
[        ] file or directory '/Users/florian/.pub-cache/hosted/pub.dev/shared_preferences_android-2.4.20/android/src/main/resources', not found
[        ] file or directory '/Users/florian/.pub-cache/hosted/pub.dev/shared_preferences_android-2.4.20/android/src/debug/resources', not found
[        ] file or directory '/Users/florian/.pub-cache/hosted/pub.dev/shared_preferences_android-2.4.20/android/src/main/resources', not found
[        ] file or directory '/Users/florian/.pub-cache/hosted/pub.dev/shared_preferences_android-2.4.20/android/src/debug/resources', not found
[        ] Caching disabled for task ':shared_preferences_android:processDebugJavaRes' because:
[        ]   Build cache is disabled
[        ]   Caching has been disabled for the task
[        ] Skipping task ':shared_preferences_android:processDebugJavaRes' as it is up-to-date.
[        ] work action resolve out (project :shared_preferences_android) (Thread[#42911,Execution worker Thread 30,5,main]) started.
[        ] Resolve mutations for :sqflite_android:processDebugJavaRes (Thread[#42911,Execution worker Thread 30,5,main]) started.
[        ] :sqflite_android:processDebugJavaRes (Thread[#42911,Execution worker Thread 30,5,main]) started.
[        ] > Task :sqflite_android:processDebugJavaRes NO-SOURCE
[        ] file or directory '/Users/florian/.pub-cache/hosted/pub.dev/sqflite_android-2.4.2+2/android/src/main/resources', not found
[        ] file or directory '/Users/florian/.pub-cache/hosted/pub.dev/sqflite_android-2.4.2+2/android/src/debug/resources', not found
[        ] Skipping task ':sqflite_android:processDebugJavaRes' as it has no source files and no previous output files.
[        ] work action resolve out (project :sqflite_android) (Thread[#42911,Execution worker Thread 30,5,main]) started.
[        ] Resolve mutations for :url_launcher_android:processDebugJavaRes (Thread[#42911,Execution worker Thread 30,5,main]) started.
[        ] :url_launcher_android:processDebugJavaRes (Thread[#42911,Execution worker Thread 30,5,main]) started.
[        ] > Task :url_launcher_android:processDebugJavaRes NO-SOURCE
[        ] file or directory '/Users/florian/.pub-cache/hosted/pub.dev/url_launcher_android-6.3.28/android/src/main/resources', not found
[        ] file or directory '/Users/florian/.pub-cache/hosted/pub.dev/url_launcher_android-6.3.28/android/src/debug/resources', not found
[        ] Skipping task ':url_launcher_android:processDebugJavaRes' as it has no source files and no previous output files.
[        ] work action resolve out (project :url_launcher_android) (Thread[#42911,Execution worker Thread 30,5,main]) started.
[        ] Resolve mutations for :video_player_android:processDebugJavaRes (Thread[#42911,Execution worker Thread 30,5,main]) started.
[        ] :video_player_android:processDebugJavaRes (Thread[#42911,Execution worker Thread 30,5,main]) started.
[        ] > Task :video_player_android:processDebugJavaRes UP-TO-DATE
[        ] file or directory '/Users/florian/.pub-cache/hosted/pub.dev/video_player_android-2.9.1/android/src/main/resources', not found
[        ] file or directory '/Users/florian/.pub-cache/hosted/pub.dev/video_player_android-2.9.1/android/src/debug/resources', not found
[        ] file or directory '/Users/florian/.pub-cache/hosted/pub.dev/video_player_android-2.9.1/android/src/main/resources', not found
[        ] file or directory '/Users/florian/.pub-cache/hosted/pub.dev/video_player_android-2.9.1/android/src/debug/resources', not found
[        ] Caching disabled for task ':video_player_android:processDebugJavaRes' because:
[        ]   Build cache is disabled
[        ]   Caching has been disabled for the task
[        ] Skipping task ':video_player_android:processDebugJavaRes' as it is up-to-date.
[        ] work action resolve out (project :video_player_android) (Thread[#42911,Execution worker Thread 30,5,main]) started.
[        ] Resolve mutations for :app:mergeDebugJavaResource (Thread[#42911,Execution worker Thread 30,5,main]) started.
[        ] :app:mergeDebugJavaResource (Thread[#42911,Execution worker Thread 30,5,main]) started.
[        ] > Task :app:mergeDebugJavaResource UP-TO-DATE
[        ] Caching disabled for task ':app:mergeDebugJavaResource' because:
[        ]   Build cache is disabled
[        ]   Caching has been disabled for the task
[        ] Skipping task ':app:mergeDebugJavaResource' as it is up-to-date.
[        ] Resolve mutations for :app:checkDebugDuplicateClasses (Thread[#42911,Execution worker Thread 30,5,main]) started.
[        ] :app:checkDebugDuplicateClasses (Thread[#42911,Execution worker Thread 30,5,main]) started.
[        ] > Task :app:checkDebugDuplicateClasses UP-TO-DATE
[        ] Caching disabled for task ':app:checkDebugDuplicateClasses' because:
[        ]   Build cache is disabled
[        ]   Caching has been disabled for the task
[        ] Skipping task ':app:checkDebugDuplicateClasses' as it is up-to-date.
[        ] Resolve mutations for :app:desugarDebugFileDependencies (Thread[#42911,Execution worker Thread 30,5,main]) started.
[        ] :app:desugarDebugFileDependencies (Thread[#42911,Execution worker Thread 30,5,main]) started.
[        ] > Task :app:desugarDebugFileDependencies UP-TO-DATE
[        ] Caching disabled for task ':app:desugarDebugFileDependencies' because:
[        ]   Build cache is disabled
[        ] Skipping task ':app:desugarDebugFileDependencies' as it is up-to-date.
[        ] Resolve mutations for :app:mergeExtDexDebug (Thread[#42911,Execution worker Thread 30,5,main]) started.
[        ] :app:mergeExtDexDebug (Thread[#42911,Execution worker Thread 30,5,main]) started.
[        ] > Task :app:mergeExtDexDebug UP-TO-DATE
[        ] Caching disabled for task ':app:mergeExtDexDebug' because:
[        ]   Build cache is disabled
[        ] Skipping task ':app:mergeExtDexDebug' as it is up-to-date.
[        ] Resolve mutations for :connectivity_plus:bundleLibRuntimeToDirDebug (Thread[#42911,Execution worker Thread 30,5,main]) started.
[        ] :connectivity_plus:bundleLibRuntimeToDirDebug (Thread[#42911,Execution worker Thread 30,5,main]) started.
[        ] > Task :connectivity_plus:bundleLibRuntimeToDirDebug UP-TO-DATE
[        ] Caching disabled for task ':connectivity_plus:bundleLibRuntimeToDirDebug' because:
[        ]   Build cache is disabled
[        ]   Simple merging task
[        ] Skipping task ':connectivity_plus:bundleLibRuntimeToDirDebug' as it is up-to-date.
[        ] work action resolve bundleLibRuntimeToDirDebug (project :connectivity_plus) (Thread[#42911,Execution worker Thread 30,5,main]) started.
[        ] ClassesDirToClassesTransform (Thread[#42911,Execution worker Thread 30,5,main]) started.
[        ] Resolve mutations for :emoji_picker_flutter:bundleLibRuntimeToDirDebug (Thread[#42901,Execution worker Thread 20,5,main]) started.
[        ] DexingNoClasspathTransform (Thread[#42911,Execution worker Thread 30,5,main]) started.
[        ] :emoji_picker_flutter:bundleLibRuntimeToDirDebug (Thread[#42901,Execution worker Thread 20,5,main]) started.
[        ] > Transform bundleLibRuntimeToDirDebug (project :connectivity_plus) with DexingNoClasspathTransform
[        ] Caching disabled for DexingNoClasspathTransform: /Users/florian/Code/substitution/build/connectivity_plus/intermediates/runtime_library_classes_dir/debug/bundleLibRuntimeToDirDebug because:
[        ]   Build cache is disabled
[        ] Skipping DexingNoClasspathTransform: /Users/florian/Code/substitution/build/connectivity_plus/intermediates/runtime_library_classes_dir/debug/bundleLibRuntimeToDirDebug as it is up-to-date.
[        ] > Task :emoji_picker_flutter:bundleLibRuntimeToDirDebug UP-TO-DATE
[        ] Caching disabled for task ':emoji_picker_flutter:bundleLibRuntimeToDirDebug' because:
[        ]   Build cache is disabled
[        ]   Simple merging task
[        ] Skipping task ':emoji_picker_flutter:bundleLibRuntimeToDirDebug' as it is up-to-date.
[        ] work action resolve bundleLibRuntimeToDirDebug (project :emoji_picker_flutter) (Thread[#42901,Execution worker Thread 20,5,main]) started.
[        ] ClassesDirToClassesTransform (Thread[#42901,Execution worker Thread 20,5,main]) started.
[        ] Resolve mutations for :file_selector_android:bundleLibRuntimeToDirDebug (Thread[#42902,Execution worker Thread 21,5,main]) started.
[        ] :file_selector_android:bundleLibRuntimeToDirDebug (Thread[#42902,Execution worker Thread 21,5,main]) started.
[        ] DexingNoClasspathTransform (Thread[#42901,Execution worker Thread 20,5,main]) started.
[        ] > Task :file_selector_android:bundleLibRuntimeToDirDebug UP-TO-DATE
[        ] Caching disabled for task ':file_selector_android:bundleLibRuntimeToDirDebug' because:
[        ]   Build cache is disabled
[        ]   Simple merging task
[        ] Skipping task ':file_selector_android:bundleLibRuntimeToDirDebug' as it is up-to-date.
[        ] > Transform bundleLibRuntimeToDirDebug (project :emoji_picker_flutter) with DexingNoClasspathTransform
[        ] Caching disabled for DexingNoClasspathTransform: /Users/florian/Code/substitution/build/emoji_picker_flutter/intermediates/runtime_library_classes_dir/debug/bundleLibRuntimeToDirDebug because:
[        ]   Build cache is disabled
[        ] Skipping DexingNoClasspathTransform: /Users/florian/Code/substitution/build/emoji_picker_flutter/intermediates/runtime_library_classes_dir/debug/bundleLibRuntimeToDirDebug as it is up-to-date.
[        ] work action resolve bundleLibRuntimeToDirDebug (project :file_selector_android) (Thread[#42902,Execution worker Thread 21,5,main]) started.
[        ] ClassesDirToClassesTransform (Thread[#42902,Execution worker Thread 21,5,main]) started.
[        ] Resolve mutations for :flutter_keyboard_visibility_temp_fork:bundleLibRuntimeToDirDebug (Thread[#42884,Execution worker Thread 4,5,main]) started.
[        ] :flutter_keyboard_visibility_temp_fork:bundleLibRuntimeToDirDebug (Thread[#42884,Execution worker Thread 4,5,main]) started.
[        ] DexingNoClasspathTransform (Thread[#42902,Execution worker Thread 21,5,main]) started.
[        ] > Task :flutter_keyboard_visibility_temp_fork:bundleLibRuntimeToDirDebug UP-TO-DATE
[        ] Caching disabled for task ':flutter_keyboard_visibility_temp_fork:bundleLibRuntimeToDirDebug' because:
[        ]   Build cache is disabled
[        ]   Simple merging task
[        ] Skipping task ':flutter_keyboard_visibility_temp_fork:bundleLibRuntimeToDirDebug' as it is up-to-date.
[        ] work action resolve bundleLibRuntimeToDirDebug (project :flutter_keyboard_visibility_temp_fork) (Thread[#42884,Execution worker Thread 4,5,main]) started.
[        ] ClassesDirToClassesTransform (Thread[#42884,Execution worker Thread 4,5,main]) started.
[        ] Resolve mutations for :flutter_native_splash:bundleLibRuntimeToDirDebug (Thread[#42893,Execution worker Thread 12,5,main]) started.
[        ] :flutter_native_splash:bundleLibRuntimeToDirDebug (Thread[#42893,Execution worker Thread 12,5,main]) started.
[        ] DexingNoClasspathTransform (Thread[#42884,Execution worker Thread 4,5,main]) started.
[        ] > Transform bundleLibRuntimeToDirDebug (project :file_selector_android) with DexingNoClasspathTransform
[        ] Caching disabled for DexingNoClasspathTransform: /Users/florian/Code/substitution/build/file_selector_android/intermediates/runtime_library_classes_dir/debug/bundleLibRuntimeToDirDebug because:
[        ]   Build cache is disabled
[        ] Skipping DexingNoClasspathTransform: /Users/florian/Code/substitution/build/file_selector_android/intermediates/runtime_library_classes_dir/debug/bundleLibRuntimeToDirDebug as it is up-to-date.
[        ] > Task :flutter_native_splash:bundleLibRuntimeToDirDebug UP-TO-DATE
[        ] Caching disabled for task ':flutter_native_splash:bundleLibRuntimeToDirDebug' because:
[        ]   Build cache is disabled
[        ]   Simple merging task
[        ] Skipping task ':flutter_native_splash:bundleLibRuntimeToDirDebug' as it is up-to-date.
[        ] > Transform bundleLibRuntimeToDirDebug (project :flutter_keyboard_visibility_temp_fork) with DexingNoClasspathTransform
[        ] Caching disabled for DexingNoClasspathTransform: /Users/florian/Code/substitution/build/flutter_keyboard_visibility_temp_fork/intermediates/runtime_library_classes_dir/debug/bundleLibRuntimeToDirDebug because:
[        ]   Build cache is disabled
[        ] Skipping DexingNoClasspathTransform: /Users/florian/Code/substitution/build/flutter_keyboard_visibility_temp_fork/intermediates/runtime_library_classes_dir/debug/bundleLibRuntimeToDirDebug as it is up-to-date.
[        ] work action resolve bundleLibRuntimeToDirDebug (project :flutter_native_splash) (Thread[#42884,Execution worker Thread 4,5,main]) started.
[        ] ClassesDirToClassesTransform (Thread[#42884,Execution worker Thread 4,5,main]) started.
[        ] Resolve mutations for :flutter_olm:bundleLibRuntimeToDirDebug (Thread[#42910,Execution worker Thread 29,5,main]) started.
[        ] DexingNoClasspathTransform (Thread[#42884,Execution worker Thread 4,5,main]) started.
[        ] :flutter_olm:bundleLibRuntimeToDirDebug (Thread[#42909,Execution worker Thread 28,5,main]) started.
[        ] > Transform bundleLibRuntimeToDirDebug (project :flutter_native_splash) with DexingNoClasspathTransform
[        ] Caching disabled for DexingNoClasspathTransform: /Users/florian/Code/substitution/build/flutter_native_splash/intermediates/runtime_library_classes_dir/debug/bundleLibRuntimeToDirDebug because:
[        ]   Build cache is disabled
[        ] Skipping DexingNoClasspathTransform: /Users/florian/Code/substitution/build/flutter_native_splash/intermediates/runtime_library_classes_dir/debug/bundleLibRuntimeToDirDebug as it is up-to-date.
[        ] > Task :flutter_olm:bundleLibRuntimeToDirDebug UP-TO-DATE
[        ] Caching disabled for task ':flutter_olm:bundleLibRuntimeToDirDebug' because:
[        ]   Build cache is disabled
[        ]   Simple merging task
[        ] Skipping task ':flutter_olm:bundleLibRuntimeToDirDebug' as it is up-to-date.
[        ] work action resolve bundleLibRuntimeToDirDebug (project :flutter_olm) (Thread[#42909,Execution worker Thread 28,5,main]) started.
[        ] ClassesDirToClassesTransform (Thread[#42909,Execution worker Thread 28,5,main]) started.
[        ] Resolve mutations for :flutter_openssl_crypto:bundleLibRuntimeToDirDebug (Thread[#42910,Execution worker Thread 29,5,main]) started.
[        ] :flutter_openssl_crypto:bundleLibRuntimeToDirDebug (Thread[#42910,Execution worker Thread 29,5,main]) started.
[        ] DexingNoClasspathTransform (Thread[#42909,Execution worker Thread 28,5,main]) started.
[        ] > Task :flutter_openssl_crypto:bundleLibRuntimeToDirDebug UP-TO-DATE
[        ] Caching disabled for task ':flutter_openssl_crypto:bundleLibRuntimeToDirDebug' because:
[        ]   Build cache is disabled
[        ]   Simple merging task
[        ] Skipping task ':flutter_openssl_crypto:bundleLibRuntimeToDirDebug' as it is up-to-date.
[        ] work action resolve bundleLibRuntimeToDirDebug (project :flutter_openssl_crypto) (Thread[#42910,Execution worker Thread 29,5,main]) started.
[        ] ClassesDirToClassesTransform (Thread[#42910,Execution worker Thread 29,5,main]) started.
[        ] > Transform bundleLibRuntimeToDirDebug (project :flutter_olm) with DexingNoClasspathTransform
[        ] Caching disabled for DexingNoClasspathTransform: /Users/florian/Code/substitution/build/flutter_olm/intermediates/runtime_library_classes_dir/debug/bundleLibRuntimeToDirDebug because:
[        ]   Build cache is disabled
[        ] Skipping DexingNoClasspathTransform: /Users/florian/Code/substitution/build/flutter_olm/intermediates/runtime_library_classes_dir/debug/bundleLibRuntimeToDirDebug as it is up-to-date.
[        ] Resolve mutations for :integration_test:bundleLibRuntimeToDirDebug (Thread[#42901,Execution worker Thread 20,5,main]) started.
[        ] DexingNoClasspathTransform (Thread[#42910,Execution worker Thread 29,5,main]) started.
[        ] :integration_test:bundleLibRuntimeToDirDebug (Thread[#42901,Execution worker Thread 20,5,main]) started.
[        ] > Task :integration_test:bundleLibRuntimeToDirDebug UP-TO-DATE
[        ] Caching disabled for task ':integration_test:bundleLibRuntimeToDirDebug' because:
[        ]   Build cache is disabled
[        ]   Simple merging task
[        ] Skipping task ':integration_test:bundleLibRuntimeToDirDebug' as it is up-to-date.
[        ] work action resolve bundleLibRuntimeToDirDebug (project :integration_test) (Thread[#42901,Execution worker Thread 20,5,main]) started.
[        ] > Transform bundleLibRuntimeToDirDebug (project :flutter_openssl_crypto) with DexingNoClasspathTransform
[        ] Caching disabled for DexingNoClasspathTransform: /Users/florian/Code/substitution/build/flutter_openssl_crypto/intermediates/runtime_library_classes_dir/debug/bundleLibRuntimeToDirDebug because:
[        ]   Build cache is disabled
[        ] Skipping DexingNoClasspathTransform: /Users/florian/Code/substitution/build/flutter_openssl_crypto/intermediates/runtime_library_classes_dir/debug/bundleLibRuntimeToDirDebug as it is up-to-date.
[        ] ClassesDirToClassesTransform (Thread[#42910,Execution worker Thread 29,5,main]) started.
[        ] Resolve mutations for :path_provider_android:bundleLibRuntimeToDirDebug (Thread[#42893,Execution worker Thread 12,5,main]) started.
[        ] DexingNoClasspathTransform (Thread[#42910,Execution worker Thread 29,5,main]) started.
[        ] :path_provider_android:bundleLibRuntimeToDirDebug (Thread[#42893,Execution worker Thread 12,5,main]) started.
[        ] > Task :path_provider_android:bundleLibRuntimeToDirDebug UP-TO-DATE
[        ] Caching disabled for task ':path_provider_android:bundleLibRuntimeToDirDebug' because:
[        ]   Build cache is disabled
[        ]   Simple merging task
[        ] Skipping task ':path_provider_android:bundleLibRuntimeToDirDebug' as it is up-to-date.
[        ] > Transform bundleLibRuntimeToDirDebug (project :integration_test) with DexingNoClasspathTransform
[        ] Caching disabled for DexingNoClasspathTransform: /Users/florian/Code/substitution/build/integration_test/intermediates/runtime_library_classes_dir/debug/bundleLibRuntimeToDirDebug because:
[        ]   Build cache is disabled
[        ] Skipping DexingNoClasspathTransform: /Users/florian/Code/substitution/build/integration_test/intermediates/runtime_library_classes_dir/debug/bundleLibRuntimeToDirDebug as it is up-to-date.
[        ] work action resolve bundleLibRuntimeToDirDebug (project :path_provider_android) (Thread[#42910,Execution worker Thread 29,5,main]) started.
[        ] ClassesDirToClassesTransform (Thread[#42910,Execution worker Thread 29,5,main]) started.
[        ] Resolve mutations for :quill_native_bridge_android:bundleLibRuntimeToDirDebug (Thread[#42901,Execution worker Thread 20,5,main]) started.
[        ] DexingNoClasspathTransform (Thread[#42910,Execution worker Thread 29,5,main]) started.
[        ] :quill_native_bridge_android:bundleLibRuntimeToDirDebug (Thread[#42901,Execution worker Thread 20,5,main]) started.
[        ] > Transform bundleLibRuntimeToDirDebug (project :path_provider_android) with DexingNoClasspathTransform
[        ] Caching disabled for DexingNoClasspathTransform: /Users/florian/Code/substitution/build/path_provider_android/intermediates/runtime_library_classes_dir/debug/bundleLibRuntimeToDirDebug because:
[        ]   Build cache is disabled
[        ] Skipping DexingNoClasspathTransform: /Users/florian/Code/substitution/build/path_provider_android/intermediates/runtime_library_classes_dir/debug/bundleLibRuntimeToDirDebug as it is up-to-date.
[        ] > Task :quill_native_bridge_android:bundleLibRuntimeToDirDebug UP-TO-DATE
[        ] Caching disabled for task ':quill_native_bridge_android:bundleLibRuntimeToDirDebug' because:
[        ]   Build cache is disabled
[        ]   Simple merging task
[        ] Skipping task ':quill_native_bridge_android:bundleLibRuntimeToDirDebug' as it is up-to-date.
[        ] work action resolve bundleLibRuntimeToDirDebug (project :quill_native_bridge_android) (Thread[#42901,Execution worker Thread 20,5,main]) started.
[        ] ClassesDirToClassesTransform (Thread[#42901,Execution worker Thread 20,5,main]) started.
[        ] Resolve mutations for :shared_preferences_android:bundleLibRuntimeToDirDebug (Thread[#42885,Execution worker Thread 5,5,main]) started.
[        ] :shared_preferences_android:bundleLibRuntimeToDirDebug (Thread[#42885,Execution worker Thread 5,5,main]) started.
[        ] DexingNoClasspathTransform (Thread[#42901,Execution worker Thread 20,5,main]) started.
[        ] > Transform bundleLibRuntimeToDirDebug (project :quill_native_bridge_android) with DexingNoClasspathTransform
[        ] Caching disabled for DexingNoClasspathTransform: /Users/florian/Code/substitution/build/quill_native_bridge_android/intermediates/runtime_library_classes_dir/debug/bundleLibRuntimeToDirDebug because:
[        ]   Build cache is disabled
[        ] Skipping DexingNoClasspathTransform: /Users/florian/Code/substitution/build/quill_native_bridge_android/intermediates/runtime_library_classes_dir/debug/bundleLibRuntimeToDirDebug as it is up-to-date.
[        ] > Task :shared_preferences_android:bundleLibRuntimeToDirDebug UP-TO-DATE
[        ] Caching disabled for task ':shared_preferences_android:bundleLibRuntimeToDirDebug' because:
[        ]   Build cache is disabled
[        ]   Simple merging task
[        ] Skipping task ':shared_preferences_android:bundleLibRuntimeToDirDebug' as it is up-to-date.
[        ] work action resolve bundleLibRuntimeToDirDebug (project :shared_preferences_android) (Thread[#42885,Execution worker Thread 5,5,main]) started.
[        ] ClassesDirToClassesTransform (Thread[#42885,Execution worker Thread 5,5,main]) started.
[        ] Resolve mutations for :sqflite_android:bundleLibRuntimeToDirDebug (Thread[#42897,Execution worker Thread 16,5,main]) started.
[        ] :sqflite_android:bundleLibRuntimeToDirDebug (Thread[#42897,Execution worker Thread 16,5,main]) started.
[        ] DexingNoClasspathTransform (Thread[#42885,Execution worker Thread 5,5,main]) started.
[        ] > Task :sqflite_android:bundleLibRuntimeToDirDebug UP-TO-DATE
[        ] Caching disabled for task ':sqflite_android:bundleLibRuntimeToDirDebug' because:
[        ]   Build cache is disabled
[        ]   Simple merging task
[        ] Skipping task ':sqflite_android:bundleLibRuntimeToDirDebug' as it is up-to-date.
[        ] work action resolve bundleLibRuntimeToDirDebug (project :sqflite_android) (Thread[#42897,Execution worker Thread 16,5,main]) started.
[        ] ClassesDirToClassesTransform (Thread[#42897,Execution worker Thread 16,5,main]) started.
[        ] Resolve mutations for :url_launcher_android:bundleLibRuntimeToDirDebug (Thread[#42907,Execution worker Thread 26,5,main]) started.
[        ] :url_launcher_android:bundleLibRuntimeToDirDebug (Thread[#42907,Execution worker Thread 26,5,main]) started.
[        ] DexingNoClasspathTransform (Thread[#42897,Execution worker Thread 16,5,main]) started.
[        ] > Transform bundleLibRuntimeToDirDebug (project :shared_preferences_android) with DexingNoClasspathTransform
[        ] Caching disabled for DexingNoClasspathTransform: /Users/florian/Code/substitution/build/shared_preferences_android/intermediates/runtime_library_classes_dir/debug/bundleLibRuntimeToDirDebug because:
[        ]   Build cache is disabled
[        ] Skipping DexingNoClasspathTransform: /Users/florian/Code/substitution/build/shared_preferences_android/intermediates/runtime_library_classes_dir/debug/bundleLibRuntimeToDirDebug as it is up-to-date.
[        ] > Task :url_launcher_android:bundleLibRuntimeToDirDebug UP-TO-DATE
[        ] Caching disabled for task ':url_launcher_android:bundleLibRuntimeToDirDebug' because:
[        ]   Build cache is disabled
[        ]   Simple merging task
[        ] Skipping task ':url_launcher_android:bundleLibRuntimeToDirDebug' as it is up-to-date.
[        ] work action resolve bundleLibRuntimeToDirDebug (project :url_launcher_android) (Thread[#42907,Execution worker Thread 26,5,main]) started.
[        ] ClassesDirToClassesTransform (Thread[#42907,Execution worker Thread 26,5,main]) started.
[        ] Resolve mutations for :video_player_android:bundleLibRuntimeToDirDebug (Thread[#42910,Execution worker Thread 29,5,main]) started.
[        ] DexingNoClasspathTransform (Thread[#42907,Execution worker Thread 26,5,main]) started.
[        ] :video_player_android:bundleLibRuntimeToDirDebug (Thread[#42910,Execution worker Thread 29,5,main]) started.
[        ] > Transform bundleLibRuntimeToDirDebug (project :sqflite_android) with DexingNoClasspathTransform
[        ] Caching disabled for DexingNoClasspathTransform: /Users/florian/Code/substitution/build/sqflite_android/intermediates/runtime_library_classes_dir/debug/bundleLibRuntimeToDirDebug because:
[        ]   Build cache is disabled
[        ] Skipping DexingNoClasspathTransform: /Users/florian/Code/substitution/build/sqflite_android/intermediates/runtime_library_classes_dir/debug/bundleLibRuntimeToDirDebug as it is up-to-date.
[        ] > Transform bundleLibRuntimeToDirDebug (project :url_launcher_android) with DexingNoClasspathTransform
[        ] Caching disabled for DexingNoClasspathTransform: /Users/florian/Code/substitution/build/url_launcher_android/intermediates/runtime_library_classes_dir/debug/bundleLibRuntimeToDirDebug because:
[        ]   Build cache is disabled
[        ] Skipping DexingNoClasspathTransform: /Users/florian/Code/substitution/build/url_launcher_android/intermediates/runtime_library_classes_dir/debug/bundleLibRuntimeToDirDebug as it is up-to-date.
[        ] > Task :video_player_android:bundleLibRuntimeToDirDebug UP-TO-DATE
[        ] Caching disabled for task ':video_player_android:bundleLibRuntimeToDirDebug' because:
[        ]   Build cache is disabled
[        ]   Simple merging task
[        ] Skipping task ':video_player_android:bundleLibRuntimeToDirDebug' as it is up-to-date.
[        ] work action resolve bundleLibRuntimeToDirDebug (project :video_player_android) (Thread[#42910,Execution worker Thread 29,5,main]) started.
[        ] ClassesDirToClassesTransform (Thread[#42910,Execution worker Thread 29,5,main]) started.
[        ] Resolve mutations for :app:dexBuilderDebug (Thread[#42894,Execution worker Thread 13,5,main]) started.
[        ] DexingNoClasspathTransform (Thread[#42910,Execution worker Thread 29,5,main]) started.
[        ] :app:dexBuilderDebug (Thread[#42894,Execution worker Thread 13,5,main]) started.
[        ] > Transform bundleLibRuntimeToDirDebug (project :video_player_android) with DexingNoClasspathTransform
[        ] Caching disabled for DexingNoClasspathTransform: /Users/florian/Code/substitution/build/video_player_android/intermediates/runtime_library_classes_dir/debug/bundleLibRuntimeToDirDebug because:
[        ]   Build cache is disabled
[        ] Skipping DexingNoClasspathTransform: /Users/florian/Code/substitution/build/video_player_android/intermediates/runtime_library_classes_dir/debug/bundleLibRuntimeToDirDebug as it is up-to-date.
[        ] > Task :app:dexBuilderDebug UP-TO-DATE
[        ] Caching disabled for task ':app:dexBuilderDebug' because:
[        ]   Build cache is disabled
[        ] Skipping task ':app:dexBuilderDebug' as it is up-to-date.
[        ] Resolve mutations for :app:mergeLibDexDebug (Thread[#42894,Execution worker Thread 13,5,main]) started.
[        ] :app:mergeLibDexDebug (Thread[#42894,Execution worker Thread 13,5,main]) started.
[        ] > Task :app:mergeLibDexDebug UP-TO-DATE
[        ] Caching disabled for task ':app:mergeLibDexDebug' because:
[        ]   Build cache is disabled
[        ] Skipping task ':app:mergeLibDexDebug' as it is up-to-date.
[        ] Resolve mutations for :app:mergeProjectDexDebug (Thread[#42894,Execution worker Thread 13,5,main]) started.
[        ] :app:mergeProjectDexDebug (Thread[#42894,Execution worker Thread 13,5,main]) started.
[        ] > Task :app:mergeProjectDexDebug UP-TO-DATE
[        ] Caching disabled for task ':app:mergeProjectDexDebug' because:
[        ]   Build cache is disabled
[        ] Skipping task ':app:mergeProjectDexDebug' as it is up-to-date.
[        ] Resolve mutations for :app:configureCMakeDebug[arm64-v8a] (Thread[#42894,Execution worker Thread 13,5,main]) started.
[        ] :app:configureCMakeDebug[arm64-v8a] (Thread[#42894,Execution worker Thread 13,5,main]) started.
[        ] > Task :app:configureCMakeDebug[arm64-v8a]
[        ] Caching disabled for task ':app:configureCMakeDebug[arm64-v8a]' because:
[        ]   Build cache is disabled
[        ]   Caching has been disabled for the task
[        ] Task ':app:configureCMakeDebug[arm64-v8a]' is not up-to-date because:
[        ]   Task.upToDateWhen is false.
[        ] C/C++: /opt/homebrew/share/flutter/packages/flutter_tools/gradle/src/main/scripts/CMakeLists.txt debug|arm64-v8a : Start JSON generation. Platform version: 24 min SDK version: arm64-v8a
[        ] C/C++: /opt/homebrew/share/flutter/packages/flutter_tools/gradle/src/main/scripts/CMakeLists.txt debug|arm64-v8a : JSON '/Users/florian/Code/substitution/build/.cxx/debug/x6546535/arm64-v8a/android_gradle_build.json' was up-to-date
[        ] C/C++: /opt/homebrew/share/flutter/packages/flutter_tools/gradle/src/main/scripts/CMakeLists.txt debug|arm64-v8a : JSON generation completed without problems
[        ] C/C++: /opt/homebrew/share/flutter/packages/flutter_tools/gradle/src/main/scripts/CMakeLists.txt debug|arm64-v8a : Writing build model to /Users/florian/Code/substitution/build/app/intermediates/cxx/debug/x6546535/logs/arm64-v8a/build_model.json
[        ] Resolve mutations for :app:buildCMakeDebug[arm64-v8a] (Thread[#42894,Execution worker Thread 13,5,main]) started.
[        ] :app:buildCMakeDebug[arm64-v8a] (Thread[#42894,Execution worker Thread 13,5,main]) started.
[        ] > Task :app:buildCMakeDebug[arm64-v8a]
[        ] Caching disabled for task ':app:buildCMakeDebug[arm64-v8a]' because:
[        ]   Build cache is disabled
[        ]   Caching has been disabled for the task
[        ] Task ':app:buildCMakeDebug[arm64-v8a]' is not up-to-date because:
[        ]   Task.upToDateWhen is false.
[        ] C/C++: starting build
[        ] C/C++: reading expected JSONs
[        ] C/C++: done reading expected JSONs
[        ] C/C++: executing build commands for targets that produce .so files or executables
[        ] C/C++: evaluate miniconfig
[        ] C/C++: no libraries
[        ] Resolve mutations for :app:configureCMakeDebug[armeabi-v7a] (Thread[#42894,Execution worker Thread 13,5,main]) started.
[        ] :app:configureCMakeDebug[armeabi-v7a] (Thread[#42894,Execution worker Thread 13,5,main]) started.
[        ] > Task :app:configureCMakeDebug[armeabi-v7a]
[        ] Caching disabled for task ':app:configureCMakeDebug[armeabi-v7a]' because:
[        ]   Build cache is disabled
[        ]   Caching has been disabled for the task
[        ] Task ':app:configureCMakeDebug[armeabi-v7a]' is not up-to-date because:
[        ]   Task.upToDateWhen is false.
[        ] C/C++: /opt/homebrew/share/flutter/packages/flutter_tools/gradle/src/main/scripts/CMakeLists.txt debug|armeabi-v7a : Start JSON generation. Platform version: 24 min SDK version: armeabi-v7a
[        ] C/C++: /opt/homebrew/share/flutter/packages/flutter_tools/gradle/src/main/scripts/CMakeLists.txt debug|armeabi-v7a : JSON '/Users/florian/Code/substitution/build/.cxx/debug/x6546535/armeabi-v7a/android_gradle_build.json' was up-to-date
[        ] C/C++: /opt/homebrew/share/flutter/packages/flutter_tools/gradle/src/main/scripts/CMakeLists.txt debug|armeabi-v7a : JSON generation completed without problems
[        ] C/C++: /opt/homebrew/share/flutter/packages/flutter_tools/gradle/src/main/scripts/CMakeLists.txt debug|armeabi-v7a : Writing build model to /Users/florian/Code/substitution/build/app/intermediates/cxx/debug/x6546535/logs/armeabi-v7a/build_model.json
[        ] Resolve mutations for :app:buildCMakeDebug[armeabi-v7a] (Thread[#42894,Execution worker Thread 13,5,main]) started.
[        ] :app:buildCMakeDebug[armeabi-v7a] (Thread[#42894,Execution worker Thread 13,5,main]) started.
[        ] > Task :app:buildCMakeDebug[armeabi-v7a]
[        ] Caching disabled for task ':app:buildCMakeDebug[armeabi-v7a]' because:
[        ]   Build cache is disabled
[        ]   Caching has been disabled for the task
[        ] Task ':app:buildCMakeDebug[armeabi-v7a]' is not up-to-date because:
[        ]   Task.upToDateWhen is false.
[        ] C/C++: starting build
[        ] C/C++: reading expected JSONs
[        ] C/C++: done reading expected JSONs
[        ] C/C++: executing build commands for targets that produce .so files or executables
[        ] C/C++: evaluate miniconfig
[        ] C/C++: no libraries
[        ] Resolve mutations for :app:configureCMakeDebug[x86_64] (Thread[#42894,Execution worker Thread 13,5,main]) started.
[        ] :app:configureCMakeDebug[x86_64] (Thread[#42894,Execution worker Thread 13,5,main]) started.
[        ] > Task :app:configureCMakeDebug[x86_64]
[        ] Caching disabled for task ':app:configureCMakeDebug[x86_64]' because:
[        ]   Build cache is disabled
[        ]   Caching has been disabled for the task
[        ] Task ':app:configureCMakeDebug[x86_64]' is not up-to-date because:
[        ]   Task.upToDateWhen is false.
[        ] C/C++: /opt/homebrew/share/flutter/packages/flutter_tools/gradle/src/main/scripts/CMakeLists.txt debug|x86_64 : Start JSON generation. Platform version: 24 min SDK version: x86_64
[        ] C/C++: /opt/homebrew/share/flutter/packages/flutter_tools/gradle/src/main/scripts/CMakeLists.txt debug|x86_64 : JSON '/Users/florian/Code/substitution/build/.cxx/debug/x6546535/x86_64/android_gradle_build.json' was up-to-date
[        ] C/C++: /opt/homebrew/share/flutter/packages/flutter_tools/gradle/src/main/scripts/CMakeLists.txt debug|x86_64 : JSON generation completed without problems
[        ] C/C++: /opt/homebrew/share/flutter/packages/flutter_tools/gradle/src/main/scripts/CMakeLists.txt debug|x86_64 : Writing build model to /Users/florian/Code/substitution/build/app/intermediates/cxx/debug/x6546535/logs/x86_64/build_model.json
[        ] Resolve mutations for :app:buildCMakeDebug[x86_64] (Thread[#42894,Execution worker Thread 13,5,main]) started.
[        ] :app:buildCMakeDebug[x86_64] (Thread[#42894,Execution worker Thread 13,5,main]) started.
[        ] > Task :app:buildCMakeDebug[x86_64]
[        ] Caching disabled for task ':app:buildCMakeDebug[x86_64]' because:
[        ]   Build cache is disabled
[        ]   Caching has been disabled for the task
[        ] Task ':app:buildCMakeDebug[x86_64]' is not up-to-date because:
[        ]   Task.upToDateWhen is false.
[        ] C/C++: starting build
[        ] C/C++: reading expected JSONs
[        ] C/C++: done reading expected JSONs
[        ] C/C++: executing build commands for targets that produce .so files or executables
[        ] C/C++: evaluate miniconfig
[        ] C/C++: no libraries
[        ] Resolve mutations for :app:mergeDebugJniLibFolders (Thread[#42894,Execution worker Thread 13,5,main]) started.
[        ] :app:mergeDebugJniLibFolders (Thread[#42894,Execution worker Thread 13,5,main]) started.
[        ] > Task :app:mergeDebugJniLibFolders UP-TO-DATE
[        ] Caching disabled for task ':app:mergeDebugJniLibFolders' because:
[        ]   Build cache is disabled
[        ]   Simple merging task
[        ] Skipping task ':app:mergeDebugJniLibFolders' as it is up-to-date.
[        ] Resolve mutations for :connectivity_plus:mergeDebugJniLibFolders (Thread[#42894,Execution worker Thread 13,5,main]) started.
[        ] :connectivity_plus:mergeDebugJniLibFolders (Thread[#42894,Execution worker Thread 13,5,main]) started.
[        ] > Task :connectivity_plus:mergeDebugJniLibFolders UP-TO-DATE
[        ] Caching disabled for task ':connectivity_plus:mergeDebugJniLibFolders' because:
[        ]   Build cache is disabled
[        ]   Simple merging task
[        ] Skipping task ':connectivity_plus:mergeDebugJniLibFolders' as it is up-to-date.
[        ] Resolve mutations for :connectivity_plus:mergeDebugNativeLibs (Thread[#42894,Execution worker Thread 13,5,main]) started.
[        ] :connectivity_plus:mergeDebugNativeLibs (Thread[#42894,Execution worker Thread 13,5,main]) started.
[        ] > Task :connectivity_plus:mergeDebugNativeLibs NO-SOURCE
[        ] Skipping task ':connectivity_plus:mergeDebugNativeLibs' as it has no source files and no previous output files.
[        ] Resolve mutations for :connectivity_plus:copyDebugJniLibsProjectOnly (Thread[#42894,Execution worker Thread 13,5,main]) started.
[        ] :connectivity_plus:copyDebugJniLibsProjectOnly (Thread[#42894,Execution worker Thread 13,5,main]) started.
[        ] > Task :connectivity_plus:copyDebugJniLibsProjectOnly UP-TO-DATE
[        ] Caching disabled for task ':connectivity_plus:copyDebugJniLibsProjectOnly' because:
[        ]   Build cache is disabled
[        ]   Caching has been disabled for the task
[        ] Skipping task ':connectivity_plus:copyDebugJniLibsProjectOnly' as it is up-to-date.
[        ] work action resolve jni (project :connectivity_plus) (Thread[#42894,Execution worker Thread 13,5,main]) started.
[        ] Resolve mutations for :emoji_picker_flutter:mergeDebugJniLibFolders (Thread[#42894,Execution worker Thread 13,5,main]) started.
[        ] :emoji_picker_flutter:mergeDebugJniLibFolders (Thread[#42894,Execution worker Thread 13,5,main]) started.
[        ] > Task :emoji_picker_flutter:mergeDebugJniLibFolders UP-TO-DATE
[        ] Caching disabled for task ':emoji_picker_flutter:mergeDebugJniLibFolders' because:
[        ]   Build cache is disabled
[        ]   Simple merging task
[        ] Skipping task ':emoji_picker_flutter:mergeDebugJniLibFolders' as it is up-to-date.
[        ] Resolve mutations for :emoji_picker_flutter:mergeDebugNativeLibs (Thread[#42894,Execution worker Thread 13,5,main]) started.
[        ] :emoji_picker_flutter:mergeDebugNativeLibs (Thread[#42894,Execution worker Thread 13,5,main]) started.
[        ] > Task :emoji_picker_flutter:mergeDebugNativeLibs NO-SOURCE
[        ] Skipping task ':emoji_picker_flutter:mergeDebugNativeLibs' as it has no source files and no previous output files.
[        ] Resolve mutations for :emoji_picker_flutter:copyDebugJniLibsProjectOnly (Thread[#42894,Execution worker Thread 13,5,main]) started.
[        ] :emoji_picker_flutter:copyDebugJniLibsProjectOnly (Thread[#42894,Execution worker Thread 13,5,main]) started.
[        ] > Task :emoji_picker_flutter:copyDebugJniLibsProjectOnly UP-TO-DATE
[        ] Caching disabled for task ':emoji_picker_flutter:copyDebugJniLibsProjectOnly' because:
[        ]   Build cache is disabled
[        ]   Caching has been disabled for the task
[        ] Skipping task ':emoji_picker_flutter:copyDebugJniLibsProjectOnly' as it is up-to-date.
[        ] work action resolve jni (project :emoji_picker_flutter) (Thread[#42894,Execution worker Thread 13,5,main]) started.
[        ] Resolve mutations for :file_selector_android:mergeDebugJniLibFolders (Thread[#42894,Execution worker Thread 13,5,main]) started.
[        ] :file_selector_android:mergeDebugJniLibFolders (Thread[#42894,Execution worker Thread 13,5,main]) started.
[        ] > Task :file_selector_android:mergeDebugJniLibFolders UP-TO-DATE
[        ] Caching disabled for task ':file_selector_android:mergeDebugJniLibFolders' because:
[        ]   Build cache is disabled
[        ]   Simple merging task
[        ] Skipping task ':file_selector_android:mergeDebugJniLibFolders' as it is up-to-date.
[        ] Resolve mutations for :file_selector_android:mergeDebugNativeLibs (Thread[#42894,Execution worker Thread 13,5,main]) started.
[        ] :file_selector_android:mergeDebugNativeLibs (Thread[#42894,Execution worker Thread 13,5,main]) started.
[        ] > Task :file_selector_android:mergeDebugNativeLibs NO-SOURCE
[        ] Skipping task ':file_selector_android:mergeDebugNativeLibs' as it has no source files and no previous output files.
[        ] Resolve mutations for :file_selector_android:copyDebugJniLibsProjectOnly (Thread[#42894,Execution worker Thread 13,5,main]) started.
[        ] :file_selector_android:copyDebugJniLibsProjectOnly (Thread[#42894,Execution worker Thread 13,5,main]) started.
[        ] > Task :file_selector_android:copyDebugJniLibsProjectOnly UP-TO-DATE
[        ] Caching disabled for task ':file_selector_android:copyDebugJniLibsProjectOnly' because:
[        ]   Build cache is disabled
[        ]   Caching has been disabled for the task
[        ] Skipping task ':file_selector_android:copyDebugJniLibsProjectOnly' as it is up-to-date.
[        ] work action resolve jni (project :file_selector_android) (Thread[#42894,Execution worker Thread 13,5,main]) started.
[        ] Resolve mutations for :flutter_keyboard_visibility_temp_fork:mergeDebugJniLibFolders (Thread[#42894,Execution worker Thread 13,5,main]) started.
[        ] :flutter_keyboard_visibility_temp_fork:mergeDebugJniLibFolders (Thread[#42894,Execution worker Thread 13,5,main]) started.
[        ] > Task :flutter_keyboard_visibility_temp_fork:mergeDebugJniLibFolders UP-TO-DATE
[        ] Caching disabled for task ':flutter_keyboard_visibility_temp_fork:mergeDebugJniLibFolders' because:
[        ]   Build cache is disabled
[        ]   Simple merging task
[        ] Skipping task ':flutter_keyboard_visibility_temp_fork:mergeDebugJniLibFolders' as it is up-to-date.
[        ] Resolve mutations for :flutter_keyboard_visibility_temp_fork:mergeDebugNativeLibs (Thread[#42894,Execution worker Thread 13,5,main]) started.
[        ] :flutter_keyboard_visibility_temp_fork:mergeDebugNativeLibs (Thread[#42894,Execution worker Thread 13,5,main]) started.
[        ] > Task :flutter_keyboard_visibility_temp_fork:mergeDebugNativeLibs NO-SOURCE
[        ] Skipping task ':flutter_keyboard_visibility_temp_fork:mergeDebugNativeLibs' as it has no source files and no previous output files.
[        ] Resolve mutations for :flutter_keyboard_visibility_temp_fork:copyDebugJniLibsProjectOnly (Thread[#42894,Execution worker Thread 13,5,main]) started.
[        ] :flutter_keyboard_visibility_temp_fork:copyDebugJniLibsProjectOnly (Thread[#42894,Execution worker Thread 13,5,main]) started.
[        ] > Task :flutter_keyboard_visibility_temp_fork:copyDebugJniLibsProjectOnly UP-TO-DATE
[        ] Caching disabled for task ':flutter_keyboard_visibility_temp_fork:copyDebugJniLibsProjectOnly' because:
[        ]   Build cache is disabled
[        ]   Caching has been disabled for the task
[        ] Skipping task ':flutter_keyboard_visibility_temp_fork:copyDebugJniLibsProjectOnly' as it is up-to-date.
[        ] work action resolve jni (project :flutter_keyboard_visibility_temp_fork) (Thread[#42894,Execution worker Thread 13,5,main]) started.
[        ] Resolve mutations for :flutter_native_splash:mergeDebugJniLibFolders (Thread[#42894,Execution worker Thread 13,5,main]) started.
[        ] :flutter_native_splash:mergeDebugJniLibFolders (Thread[#42894,Execution worker Thread 13,5,main]) started.
[        ] > Task :flutter_native_splash:mergeDebugJniLibFolders UP-TO-DATE
[        ] Caching disabled for task ':flutter_native_splash:mergeDebugJniLibFolders' because:
[        ]   Build cache is disabled
[        ]   Simple merging task
[        ] Skipping task ':flutter_native_splash:mergeDebugJniLibFolders' as it is up-to-date.
[        ] Resolve mutations for :flutter_native_splash:mergeDebugNativeLibs (Thread[#42894,Execution worker Thread 13,5,main]) started.
[        ] :flutter_native_splash:mergeDebugNativeLibs (Thread[#42894,Execution worker Thread 13,5,main]) started.
[        ] > Task :flutter_native_splash:mergeDebugNativeLibs NO-SOURCE
[        ] Skipping task ':flutter_native_splash:mergeDebugNativeLibs' as it has no source files and no previous output files.
[        ] Resolve mutations for :flutter_native_splash:copyDebugJniLibsProjectOnly (Thread[#42894,Execution worker Thread 13,5,main]) started.
[        ] :flutter_native_splash:copyDebugJniLibsProjectOnly (Thread[#42894,Execution worker Thread 13,5,main]) started.
[        ] > Task :flutter_native_splash:copyDebugJniLibsProjectOnly UP-TO-DATE
[        ] Caching disabled for task ':flutter_native_splash:copyDebugJniLibsProjectOnly' because:
[        ]   Build cache is disabled
[        ]   Caching has been disabled for the task
[        ] Skipping task ':flutter_native_splash:copyDebugJniLibsProjectOnly' as it is up-to-date.
[        ] work action resolve jni (project :flutter_native_splash) (Thread[#42894,Execution worker Thread 13,5,main]) started.
[        ] Resolve mutations for :flutter_olm:preProfileBuild (Thread[#42894,Execution worker Thread 13,5,main]) started.
[        ] :flutter_olm:preProfileBuild (Thread[#42894,Execution worker Thread 13,5,main]) started.
[        ] > Task :flutter_olm:preProfileBuild UP-TO-DATE
[        ] Skipping task ':flutter_olm:preProfileBuild' as it has no actions.
[        ] Resolve mutations for :flutter_olm:configureCMakeDebug[arm64-v8a] (Thread[#42894,Execution worker Thread 13,5,main]) started.
[        ] :flutter_olm:configureCMakeDebug[arm64-v8a] (Thread[#42894,Execution worker Thread 13,5,main]) started.
[        ] > Task :flutter_olm:configureCMakeDebug[arm64-v8a]
[        ] Caching disabled for task ':flutter_olm:configureCMakeDebug[arm64-v8a]' because:
[        ]   Build cache is disabled
[        ]   Caching has been disabled for the task
[        ] Task ':flutter_olm:configureCMakeDebug[arm64-v8a]' is not up-to-date because:
[        ]   Task.upToDateWhen is false.
[        ] C/C++: /Users/florian/.pub-cache/hosted/pub.dev/flutter_olm-2.0.0/ios/CMakeLists.txt profile|arm64-v8a : Start JSON generation. Platform version: 21 min SDK version: arm64-v8a
[        ] C/C++: /Users/florian/.pub-cache/hosted/pub.dev/flutter_olm-2.0.0/ios/CMakeLists.txt profile|arm64-v8a : JSON '/Users/florian/.pub-cache/hosted/pub.dev/flutter_olm-2.0.0/android/.cxx/Debug/611a6669/arm64-v8a/android_gradle_build.json' was up-to-date
[        ] C/C++: /Users/florian/.pub-cache/hosted/pub.dev/flutter_olm-2.0.0/ios/CMakeLists.txt profile|arm64-v8a : JSON generation completed without problems
[        ] C/C++: /Users/florian/.pub-cache/hosted/pub.dev/flutter_olm-2.0.0/ios/CMakeLists.txt profile|arm64-v8a : Writing build model to /Users/florian/Code/substitution/build/flutter_olm/intermediates/cxx/Debug/611a6669/logs/arm64-v8a/build_model.json
[        ] Resolve mutations for :flutter_olm:buildCMakeDebug[arm64-v8a] (Thread[#42894,Execution worker Thread 13,5,main]) started.
[        ] :flutter_olm:buildCMakeDebug[arm64-v8a] (Thread[#42894,Execution worker Thread 13,5,main]) started.
[        ] > Task :flutter_olm:buildCMakeDebug[arm64-v8a]
[        ] Caching disabled for task ':flutter_olm:buildCMakeDebug[arm64-v8a]' because:
[        ]   Build cache is disabled
[        ]   Caching has been disabled for the task
[        ] Task ':flutter_olm:buildCMakeDebug[arm64-v8a]' is not up-to-date because:
[        ]   Task.upToDateWhen is false.
[        ] C/C++: starting build
[        ] C/C++: reading expected JSONs
[        ] C/C++: done reading expected JSONs
[        ] C/C++: executing build commands for targets that produce .so files or executables
[        ] C/C++: evaluate miniconfig
[        ] C/C++: evaluate library olm (arm64-v8a)
[        ] C/C++: building target library olm because no targets are specified.
[        ] C/C++: about to build targets olm
[        ] C/C++: Build olm
[        ] C/C++: /Users/florian/Library/Android/sdk/cmake/3.22.1/bin/ninja \
[        ]   -C \
[        ]   /Users/florian/.pub-cache/hosted/pub.dev/flutter_olm-2.0.0/android/.cxx/Debug/611a6669/arm64-v8a \
[        ]   olm
[        ] Starting process 'command '/Users/florian/Library/Android/sdk/cmake/3.22.1/bin/ninja''. Working directory: /Users/florian/.pub-cache/hosted/pub.dev/flutter_olm-2.0.0/android Command: /Users/florian/Library/Android/sdk/cmake/3.22.1/bin/ninja -C /Users/florian/.pub-cache/hosted/pub.dev/flutter_olm-2.0.0/android/.cxx/Debug/611a6669/arm64-v8a olm
[        ] Successfully started process 'command '/Users/florian/Library/Android/sdk/cmake/3.22.1/bin/ninja''
[        ] C/C++: Received process result: 0
[        ] C/C++: check expected build outputs
[        ] C/C++: build complete
[        ] Resolve mutations for :flutter_olm:configureCMakeDebug[armeabi-v7a] (Thread[#42894,Execution worker Thread 13,5,main]) started.
[        ] :flutter_olm:configureCMakeDebug[armeabi-v7a] (Thread[#42894,Execution worker Thread 13,5,main]) started.
[        ] > Task :flutter_olm:configureCMakeDebug[armeabi-v7a]
[        ] Caching disabled for task ':flutter_olm:configureCMakeDebug[armeabi-v7a]' because:
[        ]   Build cache is disabled
[        ]   Caching has been disabled for the task
[        ] Task ':flutter_olm:configureCMakeDebug[armeabi-v7a]' is not up-to-date because:
[        ]   Task.upToDateWhen is false.
[        ] C/C++: /Users/florian/.pub-cache/hosted/pub.dev/flutter_olm-2.0.0/ios/CMakeLists.txt profile|armeabi-v7a : Start JSON generation. Platform version: 21 min SDK version: armeabi-v7a
[        ] C/C++: /Users/florian/.pub-cache/hosted/pub.dev/flutter_olm-2.0.0/ios/CMakeLists.txt profile|armeabi-v7a : JSON '/Users/florian/.pub-cache/hosted/pub.dev/flutter_olm-2.0.0/android/.cxx/Debug/611a6669/armeabi-v7a/android_gradle_build.json' was up-to-date
[        ] C/C++: /Users/florian/.pub-cache/hosted/pub.dev/flutter_olm-2.0.0/ios/CMakeLists.txt profile|armeabi-v7a : JSON generation completed without problems
[        ] C/C++: /Users/florian/.pub-cache/hosted/pub.dev/flutter_olm-2.0.0/ios/CMakeLists.txt profile|armeabi-v7a : Writing build model to /Users/florian/Code/substitution/build/flutter_olm/intermediates/cxx/Debug/611a6669/logs/armeabi-v7a/build_model.json
[        ] Resolve mutations for :flutter_olm:buildCMakeDebug[armeabi-v7a] (Thread[#42894,Execution worker Thread 13,5,main]) started.
[        ] :flutter_olm:buildCMakeDebug[armeabi-v7a] (Thread[#42894,Execution worker Thread 13,5,main]) started.
[        ] > Task :flutter_olm:buildCMakeDebug[armeabi-v7a]
[        ] Caching disabled for task ':flutter_olm:buildCMakeDebug[armeabi-v7a]' because:
[        ]   Build cache is disabled
[        ]   Caching has been disabled for the task
[        ] Task ':flutter_olm:buildCMakeDebug[armeabi-v7a]' is not up-to-date because:
[        ]   Task.upToDateWhen is false.
[        ] C/C++: starting build
[        ] C/C++: reading expected JSONs
[        ] C/C++: done reading expected JSONs
[        ] C/C++: executing build commands for targets that produce .so files or executables
[        ] C/C++: evaluate miniconfig
[        ] C/C++: evaluate library olm (armeabi-v7a)
[        ] C/C++: building target library olm because no targets are specified.
[        ] C/C++: about to build targets olm
[        ] C/C++: Build olm
[        ] C/C++: /Users/florian/Library/Android/sdk/cmake/3.22.1/bin/ninja \
[        ]   -C \
[        ]   /Users/florian/.pub-cache/hosted/pub.dev/flutter_olm-2.0.0/android/.cxx/Debug/611a6669/armeabi-v7a \
[        ]   olm
[        ] Starting process 'command '/Users/florian/Library/Android/sdk/cmake/3.22.1/bin/ninja''. Working directory: /Users/florian/.pub-cache/hosted/pub.dev/flutter_olm-2.0.0/android Command: /Users/florian/Library/Android/sdk/cmake/3.22.1/bin/ninja -C /Users/florian/.pub-cache/hosted/pub.dev/flutter_olm-2.0.0/android/.cxx/Debug/611a6669/armeabi-v7a olm
[        ] Successfully started process 'command '/Users/florian/Library/Android/sdk/cmake/3.22.1/bin/ninja''
[        ] C/C++: Received process result: 0
[        ] C/C++: check expected build outputs
[        ] C/C++: build complete
[        ] Resolve mutations for :flutter_olm:configureCMakeDebug[x86] (Thread[#42894,Execution worker Thread 13,5,main]) started.
[        ] :flutter_olm:configureCMakeDebug[x86] (Thread[#42894,Execution worker Thread 13,5,main]) started.
[        ] > Task :flutter_olm:configureCMakeDebug[x86]
[        ] Caching disabled for task ':flutter_olm:configureCMakeDebug[x86]' because:
[        ]   Build cache is disabled
[        ]   Caching has been disabled for the task
[        ] Task ':flutter_olm:configureCMakeDebug[x86]' is not up-to-date because:
[        ]   Task.upToDateWhen is false.
[        ] C/C++: /Users/florian/.pub-cache/hosted/pub.dev/flutter_olm-2.0.0/ios/CMakeLists.txt profile|x86 : Start JSON generation. Platform version: 21 min SDK version: x86
[        ] C/C++: /Users/florian/.pub-cache/hosted/pub.dev/flutter_olm-2.0.0/ios/CMakeLists.txt profile|x86 : JSON '/Users/florian/.pub-cache/hosted/pub.dev/flutter_olm-2.0.0/android/.cxx/Debug/611a6669/x86/android_gradle_build.json' was up-to-date
[        ] C/C++: /Users/florian/.pub-cache/hosted/pub.dev/flutter_olm-2.0.0/ios/CMakeLists.txt profile|x86 : JSON generation completed without problems
[        ] C/C++: /Users/florian/.pub-cache/hosted/pub.dev/flutter_olm-2.0.0/ios/CMakeLists.txt profile|x86 : Writing build model to /Users/florian/Code/substitution/build/flutter_olm/intermediates/cxx/Debug/611a6669/logs/x86/build_model.json
[        ] Resolve mutations for :flutter_olm:buildCMakeDebug[x86] (Thread[#42894,Execution worker Thread 13,5,main]) started.
[        ] :flutter_olm:buildCMakeDebug[x86] (Thread[#42894,Execution worker Thread 13,5,main]) started.
[        ] > Task :flutter_olm:buildCMakeDebug[x86]
[        ] Caching disabled for task ':flutter_olm:buildCMakeDebug[x86]' because:
[        ]   Build cache is disabled
[        ]   Caching has been disabled for the task
[        ] Task ':flutter_olm:buildCMakeDebug[x86]' is not up-to-date because:
[        ]   Task.upToDateWhen is false.
[        ] C/C++: starting build
[        ] C/C++: reading expected JSONs
[        ] C/C++: done reading expected JSONs
[        ] C/C++: executing build commands for targets that produce .so files or executables
[        ] C/C++: evaluate miniconfig
[        ] C/C++: evaluate library olm (x86)
[        ] C/C++: building target library olm because no targets are specified.
[        ] C/C++: about to build targets olm
[        ] C/C++: Build olm
[        ] C/C++: /Users/florian/Library/Android/sdk/cmake/3.22.1/bin/ninja \
[        ]   -C \
[        ]   /Users/florian/.pub-cache/hosted/pub.dev/flutter_olm-2.0.0/android/.cxx/Debug/611a6669/x86 \
[        ]   olm
[        ] Starting process 'command '/Users/florian/Library/Android/sdk/cmake/3.22.1/bin/ninja''. Working directory: /Users/florian/.pub-cache/hosted/pub.dev/flutter_olm-2.0.0/android Command: /Users/florian/Library/Android/sdk/cmake/3.22.1/bin/ninja -C /Users/florian/.pub-cache/hosted/pub.dev/flutter_olm-2.0.0/android/.cxx/Debug/611a6669/x86 olm
[        ] Successfully started process 'command '/Users/florian/Library/Android/sdk/cmake/3.22.1/bin/ninja''
[        ] C/C++: Received process result: 0
[        ] C/C++: check expected build outputs
[        ] C/C++: build complete
[        ] Resolve mutations for :flutter_olm:configureCMakeDebug[x86_64] (Thread[#42894,Execution worker Thread 13,5,main]) started.
[        ] :flutter_olm:configureCMakeDebug[x86_64] (Thread[#42894,Execution worker Thread 13,5,main]) started.
[  +89 ms] > Task :flutter_olm:configureCMakeDebug[x86_64]
[        ] Caching disabled for task ':flutter_olm:configureCMakeDebug[x86_64]' because:
[        ]   Build cache is disabled
[        ]   Caching has been disabled for the task
[        ] Task ':flutter_olm:configureCMakeDebug[x86_64]' is not up-to-date because:
[        ]   Task.upToDateWhen is false.
[        ] C/C++: /Users/florian/.pub-cache/hosted/pub.dev/flutter_olm-2.0.0/ios/CMakeLists.txt profile|x86_64 : Start JSON generation. Platform version: 21 min SDK version: x86_64
[        ] C/C++: /Users/florian/.pub-cache/hosted/pub.dev/flutter_olm-2.0.0/ios/CMakeLists.txt profile|x86_64 : JSON '/Users/florian/.pub-cache/hosted/pub.dev/flutter_olm-2.0.0/android/.cxx/Debug/611a6669/x86_64/android_gradle_build.json' was up-to-date
[        ] C/C++: /Users/florian/.pub-cache/hosted/pub.dev/flutter_olm-2.0.0/ios/CMakeLists.txt profile|x86_64 : JSON generation completed without problems
[        ] C/C++: /Users/florian/.pub-cache/hosted/pub.dev/flutter_olm-2.0.0/ios/CMakeLists.txt profile|x86_64 : Writing build model to /Users/florian/Code/substitution/build/flutter_olm/intermediates/cxx/Debug/611a6669/logs/x86_64/build_model.json
[        ] Resolve mutations for :flutter_olm:buildCMakeDebug[x86_64] (Thread[#42894,Execution worker Thread 13,5,main]) started.
[        ] :flutter_olm:buildCMakeDebug[x86_64] (Thread[#42894,Execution worker Thread 13,5,main]) started.
[        ] > Task :flutter_olm:buildCMakeDebug[x86_64]
[        ] Caching disabled for task ':flutter_olm:buildCMakeDebug[x86_64]' because:
[        ]   Build cache is disabled
[        ]   Caching has been disabled for the task
[        ] Task ':flutter_olm:buildCMakeDebug[x86_64]' is not up-to-date because:
[        ]   Task.upToDateWhen is false.
[        ] C/C++: starting build
[        ] C/C++: reading expected JSONs
[        ] C/C++: done reading expected JSONs
[        ] C/C++: executing build commands for targets that produce .so files or executables
[        ] C/C++: evaluate miniconfig
[        ] C/C++: evaluate library olm (x86_64)
[        ] C/C++: building target library olm because no targets are specified.
[        ] C/C++: about to build targets olm
[        ] C/C++: Build olm
[        ] C/C++: /Users/florian/Library/Android/sdk/cmake/3.22.1/bin/ninja \
[        ]   -C \
[        ]   /Users/florian/.pub-cache/hosted/pub.dev/flutter_olm-2.0.0/android/.cxx/Debug/611a6669/x86_64 \
[        ]   olm
[        ] Starting process 'command '/Users/florian/Library/Android/sdk/cmake/3.22.1/bin/ninja''. Working directory: /Users/florian/.pub-cache/hosted/pub.dev/flutter_olm-2.0.0/android Command: /Users/florian/Library/Android/sdk/cmake/3.22.1/bin/ninja -C /Users/florian/.pub-cache/hosted/pub.dev/flutter_olm-2.0.0/android/.cxx/Debug/611a6669/x86_64 olm
[        ] Successfully started process 'command '/Users/florian/Library/Android/sdk/cmake/3.22.1/bin/ninja''
[        ] C/C++: Received process result: 0
[        ] C/C++: check expected build outputs
[        ] C/C++: build complete
[        ] Resolve mutations for :flutter_olm:mergeDebugJniLibFolders (Thread[#42894,Execution worker Thread 13,5,main]) started.
[        ] :flutter_olm:mergeDebugJniLibFolders (Thread[#42894,Execution worker Thread 13,5,main]) started.
[        ] > Task :flutter_olm:mergeDebugJniLibFolders UP-TO-DATE
[        ] Caching disabled for task ':flutter_olm:mergeDebugJniLibFolders' because:
[        ]   Build cache is disabled
[        ]   Simple merging task
[        ] Skipping task ':flutter_olm:mergeDebugJniLibFolders' as it is up-to-date.
[        ] Resolve mutations for :flutter_olm:mergeDebugNativeLibs (Thread[#42894,Execution worker Thread 13,5,main]) started.
[        ] :flutter_olm:mergeDebugNativeLibs (Thread[#42894,Execution worker Thread 13,5,main]) started.
[        ] > Task :flutter_olm:mergeDebugNativeLibs UP-TO-DATE
[        ] Caching disabled for task ':flutter_olm:mergeDebugNativeLibs' because:
[        ]   Build cache is disabled
[        ]   Caching has been disabled for the task
[        ] Skipping task ':flutter_olm:mergeDebugNativeLibs' as it is up-to-date.
[        ] Resolve mutations for :flutter_olm:copyDebugJniLibsProjectOnly (Thread[#42894,Execution worker Thread 13,5,main]) started.
[        ] :flutter_olm:copyDebugJniLibsProjectOnly (Thread[#42894,Execution worker Thread 13,5,main]) started.
[        ] > Task :flutter_olm:copyDebugJniLibsProjectOnly UP-TO-DATE
[        ] Caching disabled for task ':flutter_olm:copyDebugJniLibsProjectOnly' because:
[        ]   Build cache is disabled
[        ]   Caching has been disabled for the task
[        ] Skipping task ':flutter_olm:copyDebugJniLibsProjectOnly' as it is up-to-date.
[        ] work action resolve jni (project :flutter_olm) (Thread[#42894,Execution worker Thread 13,5,main]) started.
[        ] Resolve mutations for :flutter_openssl_crypto:preProfileBuild (Thread[#42894,Execution worker Thread 13,5,main]) started.
[        ] :flutter_openssl_crypto:preProfileBuild (Thread[#42894,Execution worker Thread 13,5,main]) started.
[        ] > Task :flutter_openssl_crypto:preProfileBuild UP-TO-DATE
[        ] Skipping task ':flutter_openssl_crypto:preProfileBuild' as it has no actions.
[        ] Resolve mutations for :flutter_openssl_crypto:configureCMakeDebug[arm64-v8a] (Thread[#42894,Execution worker Thread 13,5,main]) started.
[        ] :flutter_openssl_crypto:configureCMakeDebug[arm64-v8a] (Thread[#42894,Execution worker Thread 13,5,main]) started.
[        ] > Task :flutter_openssl_crypto:configureCMakeDebug[arm64-v8a]
[        ] Caching disabled for task ':flutter_openssl_crypto:configureCMakeDebug[arm64-v8a]' because:
[        ]   Build cache is disabled
[        ]   Caching has been disabled for the task
[        ] Task ':flutter_openssl_crypto:configureCMakeDebug[arm64-v8a]' is not up-to-date because:
[        ]   Task.upToDateWhen is false.
[        ] C/C++: /Users/florian/.pub-cache/hosted/pub.dev/flutter_openssl_crypto-0.5.0/android/CMakeLists.txt profile|arm64-v8a : Start JSON generation. Platform version: 21 min SDK version: arm64-v8a
[        ] C/C++: /Users/florian/.pub-cache/hosted/pub.dev/flutter_openssl_crypto-0.5.0/android/CMakeLists.txt profile|arm64-v8a : JSON '/Users/florian/.pub-cache/hosted/pub.dev/flutter_openssl_crypto-0.5.0/android/.cxx/Debug/42n1p1e4/arm64-v8a/android_gradle_build.json' was up-to-date
[        ] C/C++: /Users/florian/.pub-cache/hosted/pub.dev/flutter_openssl_crypto-0.5.0/android/CMakeLists.txt profile|arm64-v8a : JSON generation completed without problems
[        ] C/C++: /Users/florian/.pub-cache/hosted/pub.dev/flutter_openssl_crypto-0.5.0/android/CMakeLists.txt profile|arm64-v8a : Writing build model to /Users/florian/Code/substitution/build/flutter_openssl_crypto/intermediates/cxx/Debug/42n1p1e4/logs/arm64-v8a/build_model.json
[        ] Resolve mutations for :flutter_openssl_crypto:buildCMakeDebug[arm64-v8a] (Thread[#42894,Execution worker Thread 13,5,main]) started.
[        ] :flutter_openssl_crypto:buildCMakeDebug[arm64-v8a] (Thread[#42894,Execution worker Thread 13,5,main]) started.
[        ] > Task :flutter_openssl_crypto:buildCMakeDebug[arm64-v8a]
[        ] Caching disabled for task ':flutter_openssl_crypto:buildCMakeDebug[arm64-v8a]' because:
[        ]   Build cache is disabled
[        ]   Caching has been disabled for the task
[        ] Task ':flutter_openssl_crypto:buildCMakeDebug[arm64-v8a]' is not up-to-date because:
[        ]   Task.upToDateWhen is false.
[        ] C/C++: starting build
[        ] C/C++: reading expected JSONs
[        ] C/C++: done reading expected JSONs
[        ] C/C++: executing build commands for targets that produce .so files or executables
[        ] C/C++: evaluate miniconfig
[        ] C/C++: evaluate library flutter_openssl_crypto (arm64-v8a)
[        ] C/C++: building target library flutter_openssl_crypto because no targets are specified.
[        ] C/C++: about to build targets flutter_openssl_crypto
[        ] C/C++: Build flutter_openssl_crypto
[        ] C/C++: /Users/florian/Library/Android/sdk/cmake/3.22.1/bin/ninja \
[        ]   -C \
[        ]   /Users/florian/.pub-cache/hosted/pub.dev/flutter_openssl_crypto-0.5.0/android/.cxx/Debug/42n1p1e4/arm64-v8a \
[        ]   flutter_openssl_crypto
[        ] Starting process 'command '/Users/florian/Library/Android/sdk/cmake/3.22.1/bin/ninja''. Working directory: /Users/florian/.pub-cache/hosted/pub.dev/flutter_openssl_crypto-0.5.0/android Command: /Users/florian/Library/Android/sdk/cmake/3.22.1/bin/ninja -C /Users/florian/.pub-cache/hosted/pub.dev/flutter_openssl_crypto-0.5.0/android/.cxx/Debug/42n1p1e4/arm64-v8a flutter_openssl_crypto
[        ] Successfully started process 'command '/Users/florian/Library/Android/sdk/cmake/3.22.1/bin/ninja''
[        ] C/C++: Received process result: 0
[        ] C/C++: check expected build outputs
[        ] C/C++: build complete
[        ] Resolve mutations for :flutter_openssl_crypto:configureCMakeDebug[armeabi-v7a] (Thread[#42894,Execution worker Thread 13,5,main]) started.
[        ] :flutter_openssl_crypto:configureCMakeDebug[armeabi-v7a] (Thread[#42894,Execution worker Thread 13,5,main]) started.
[        ] > Task :flutter_openssl_crypto:configureCMakeDebug[armeabi-v7a]
[        ] Caching disabled for task ':flutter_openssl_crypto:configureCMakeDebug[armeabi-v7a]' because:
[        ]   Build cache is disabled
[        ]   Caching has been disabled for the task
[        ] Task ':flutter_openssl_crypto:configureCMakeDebug[armeabi-v7a]' is not up-to-date because:
[        ]   Task.upToDateWhen is false.
[        ] C/C++: /Users/florian/.pub-cache/hosted/pub.dev/flutter_openssl_crypto-0.5.0/android/CMakeLists.txt profile|armeabi-v7a : Start JSON generation. Platform version: 21 min SDK version: armeabi-v7a
[        ] C/C++: /Users/florian/.pub-cache/hosted/pub.dev/flutter_openssl_crypto-0.5.0/android/CMakeLists.txt profile|armeabi-v7a : JSON '/Users/florian/.pub-cache/hosted/pub.dev/flutter_openssl_crypto-0.5.0/android/.cxx/Debug/42n1p1e4/armeabi-v7a/android_gradle_build.json' was up-to-date
[        ] C/C++: /Users/florian/.pub-cache/hosted/pub.dev/flutter_openssl_crypto-0.5.0/android/CMakeLists.txt profile|armeabi-v7a : JSON generation completed without problems
[        ] C/C++: /Users/florian/.pub-cache/hosted/pub.dev/flutter_openssl_crypto-0.5.0/android/CMakeLists.txt profile|armeabi-v7a : Writing build model to /Users/florian/Code/substitution/build/flutter_openssl_crypto/intermediates/cxx/Debug/42n1p1e4/logs/armeabi-v7a/build_model.json
[        ] Resolve mutations for :flutter_openssl_crypto:buildCMakeDebug[armeabi-v7a] (Thread[#42894,Execution worker Thread 13,5,main]) started.
[        ] :flutter_openssl_crypto:buildCMakeDebug[armeabi-v7a] (Thread[#42894,Execution worker Thread 13,5,main]) started.
[        ] > Task :flutter_openssl_crypto:buildCMakeDebug[armeabi-v7a]
[        ] Caching disabled for task ':flutter_openssl_crypto:buildCMakeDebug[armeabi-v7a]' because:
[        ]   Build cache is disabled
[        ]   Caching has been disabled for the task
[        ] Task ':flutter_openssl_crypto:buildCMakeDebug[armeabi-v7a]' is not up-to-date because:
[        ]   Task.upToDateWhen is false.
[        ] C/C++: starting build
[        ] C/C++: reading expected JSONs
[        ] C/C++: done reading expected JSONs
[        ] C/C++: executing build commands for targets that produce .so files or executables
[        ] C/C++: evaluate miniconfig
[        ] C/C++: evaluate library flutter_openssl_crypto (armeabi-v7a)
[        ] C/C++: building target library flutter_openssl_crypto because no targets are specified.
[        ] C/C++: about to build targets flutter_openssl_crypto
[        ] C/C++: Build flutter_openssl_crypto
[        ] C/C++: /Users/florian/Library/Android/sdk/cmake/3.22.1/bin/ninja \
[        ]   -C \
[        ]   /Users/florian/.pub-cache/hosted/pub.dev/flutter_openssl_crypto-0.5.0/android/.cxx/Debug/42n1p1e4/armeabi-v7a \
[        ]   flutter_openssl_crypto
[        ] Starting process 'command '/Users/florian/Library/Android/sdk/cmake/3.22.1/bin/ninja''. Working directory: /Users/florian/.pub-cache/hosted/pub.dev/flutter_openssl_crypto-0.5.0/android Command: /Users/florian/Library/Android/sdk/cmake/3.22.1/bin/ninja -C /Users/florian/.pub-cache/hosted/pub.dev/flutter_openssl_crypto-0.5.0/android/.cxx/Debug/42n1p1e4/armeabi-v7a flutter_openssl_crypto
[        ] Successfully started process 'command '/Users/florian/Library/Android/sdk/cmake/3.22.1/bin/ninja''
[        ] C/C++: Received process result: 0
[        ] C/C++: check expected build outputs
[        ] C/C++: build complete
[        ] Resolve mutations for :flutter_openssl_crypto:configureCMakeDebug[x86] (Thread[#42894,Execution worker Thread 13,5,main]) started.
[        ] :flutter_openssl_crypto:configureCMakeDebug[x86] (Thread[#42894,Execution worker Thread 13,5,main]) started.
[        ] > Task :flutter_openssl_crypto:configureCMakeDebug[x86]
[        ] Caching disabled for task ':flutter_openssl_crypto:configureCMakeDebug[x86]' because:
[        ]   Build cache is disabled
[        ]   Caching has been disabled for the task
[        ] Task ':flutter_openssl_crypto:configureCMakeDebug[x86]' is not up-to-date because:
[        ]   Task.upToDateWhen is false.
[        ] C/C++: /Users/florian/.pub-cache/hosted/pub.dev/flutter_openssl_crypto-0.5.0/android/CMakeLists.txt profile|x86 : Start JSON generation. Platform version: 21 min SDK version: x86
[        ] C/C++: /Users/florian/.pub-cache/hosted/pub.dev/flutter_openssl_crypto-0.5.0/android/CMakeLists.txt profile|x86 : JSON '/Users/florian/.pub-cache/hosted/pub.dev/flutter_openssl_crypto-0.5.0/android/.cxx/Debug/42n1p1e4/x86/android_gradle_build.json' was up-to-date
[        ] C/C++: /Users/florian/.pub-cache/hosted/pub.dev/flutter_openssl_crypto-0.5.0/android/CMakeLists.txt profile|x86 : JSON generation completed without problems
[        ] C/C++: /Users/florian/.pub-cache/hosted/pub.dev/flutter_openssl_crypto-0.5.0/android/CMakeLists.txt profile|x86 : Writing build model to /Users/florian/Code/substitution/build/flutter_openssl_crypto/intermediates/cxx/Debug/42n1p1e4/logs/x86/build_model.json
[        ] Resolve mutations for :flutter_openssl_crypto:buildCMakeDebug[x86] (Thread[#42894,Execution worker Thread 13,5,main]) started.
[        ] :flutter_openssl_crypto:buildCMakeDebug[x86] (Thread[#42894,Execution worker Thread 13,5,main]) started.
[        ] > Task :flutter_openssl_crypto:buildCMakeDebug[x86]
[        ] Caching disabled for task ':flutter_openssl_crypto:buildCMakeDebug[x86]' because:
[        ]   Build cache is disabled
[        ]   Caching has been disabled for the task
[        ] Task ':flutter_openssl_crypto:buildCMakeDebug[x86]' is not up-to-date because:
[        ]   Task.upToDateWhen is false.
[        ] C/C++: starting build
[        ] C/C++: reading expected JSONs
[        ] C/C++: done reading expected JSONs
[        ] C/C++: executing build commands for targets that produce .so files or executables
[        ] C/C++: evaluate miniconfig
[        ] C/C++: evaluate library flutter_openssl_crypto (x86)
[        ] C/C++: building target library flutter_openssl_crypto because no targets are specified.
[        ] C/C++: about to build targets flutter_openssl_crypto
[        ] C/C++: Build flutter_openssl_crypto
[        ] C/C++: /Users/florian/Library/Android/sdk/cmake/3.22.1/bin/ninja \
[        ]   -C \
[        ]   /Users/florian/.pub-cache/hosted/pub.dev/flutter_openssl_crypto-0.5.0/android/.cxx/Debug/42n1p1e4/x86 \
[        ]   flutter_openssl_crypto
[        ] Starting process 'command '/Users/florian/Library/Android/sdk/cmake/3.22.1/bin/ninja''. Working directory: /Users/florian/.pub-cache/hosted/pub.dev/flutter_openssl_crypto-0.5.0/android Command: /Users/florian/Library/Android/sdk/cmake/3.22.1/bin/ninja -C /Users/florian/.pub-cache/hosted/pub.dev/flutter_openssl_crypto-0.5.0/android/.cxx/Debug/42n1p1e4/x86 flutter_openssl_crypto
[        ] Successfully started process 'command '/Users/florian/Library/Android/sdk/cmake/3.22.1/bin/ninja''
[        ] C/C++: Received process result: 0
[        ] C/C++: check expected build outputs
[        ] C/C++: build complete
[        ] Resolve mutations for :flutter_openssl_crypto:configureCMakeDebug[x86_64] (Thread[#42894,Execution worker Thread 13,5,main]) started.
[        ] :flutter_openssl_crypto:configureCMakeDebug[x86_64] (Thread[#42894,Execution worker Thread 13,5,main]) started.
[        ] > Task :flutter_openssl_crypto:configureCMakeDebug[x86_64]
[        ] Caching disabled for task ':flutter_openssl_crypto:configureCMakeDebug[x86_64]' because:
[        ]   Build cache is disabled
[        ]   Caching has been disabled for the task
[        ] Task ':flutter_openssl_crypto:configureCMakeDebug[x86_64]' is not up-to-date because:
[        ]   Task.upToDateWhen is false.
[        ] C/C++: /Users/florian/.pub-cache/hosted/pub.dev/flutter_openssl_crypto-0.5.0/android/CMakeLists.txt profile|x86_64 : Start JSON generation. Platform version: 21 min SDK version: x86_64
[        ] C/C++: /Users/florian/.pub-cache/hosted/pub.dev/flutter_openssl_crypto-0.5.0/android/CMakeLists.txt profile|x86_64 : JSON '/Users/florian/.pub-cache/hosted/pub.dev/flutter_openssl_crypto-0.5.0/android/.cxx/Debug/42n1p1e4/x86_64/android_gradle_build.json' was up-to-date
[        ] C/C++: /Users/florian/.pub-cache/hosted/pub.dev/flutter_openssl_crypto-0.5.0/android/CMakeLists.txt profile|x86_64 : JSON generation completed without problems
[        ] C/C++: /Users/florian/.pub-cache/hosted/pub.dev/flutter_openssl_crypto-0.5.0/android/CMakeLists.txt profile|x86_64 : Writing build model to /Users/florian/Code/substitution/build/flutter_openssl_crypto/intermediates/cxx/Debug/42n1p1e4/logs/x86_64/build_model.json
[        ] Resolve mutations for :flutter_openssl_crypto:buildCMakeDebug[x86_64] (Thread[#42894,Execution worker Thread 13,5,main]) started.
[        ] :flutter_openssl_crypto:buildCMakeDebug[x86_64] (Thread[#42894,Execution worker Thread 13,5,main]) started.
[        ] > Task :flutter_openssl_crypto:buildCMakeDebug[x86_64]
[        ] Caching disabled for task ':flutter_openssl_crypto:buildCMakeDebug[x86_64]' because:
[        ]   Build cache is disabled
[        ]   Caching has been disabled for the task
[        ] Task ':flutter_openssl_crypto:buildCMakeDebug[x86_64]' is not up-to-date because:
[        ]   Task.upToDateWhen is false.
[        ] C/C++: starting build
[        ] C/C++: reading expected JSONs
[        ] C/C++: done reading expected JSONs
[        ] C/C++: executing build commands for targets that produce .so files or executables
[        ] C/C++: evaluate miniconfig
[        ] C/C++: evaluate library flutter_openssl_crypto (x86_64)
[        ] C/C++: building target library flutter_openssl_crypto because no targets are specified.
[        ] C/C++: about to build targets flutter_openssl_crypto
[        ] C/C++: Build flutter_openssl_crypto
[        ] C/C++: /Users/florian/Library/Android/sdk/cmake/3.22.1/bin/ninja \
[        ]   -C \
[        ]   /Users/florian/.pub-cache/hosted/pub.dev/flutter_openssl_crypto-0.5.0/android/.cxx/Debug/42n1p1e4/x86_64 \
[        ]   flutter_openssl_crypto
[        ] Starting process 'command '/Users/florian/Library/Android/sdk/cmake/3.22.1/bin/ninja''. Working directory: /Users/florian/.pub-cache/hosted/pub.dev/flutter_openssl_crypto-0.5.0/android Command: /Users/florian/Library/Android/sdk/cmake/3.22.1/bin/ninja -C /Users/florian/.pub-cache/hosted/pub.dev/flutter_openssl_crypto-0.5.0/android/.cxx/Debug/42n1p1e4/x86_64 flutter_openssl_crypto
[        ] Successfully started process 'command '/Users/florian/Library/Android/sdk/cmake/3.22.1/bin/ninja''
[        ] C/C++: Received process result: 0
[        ] C/C++: check expected build outputs
[        ] C/C++: build complete
[        ] Resolve mutations for :flutter_openssl_crypto:mergeDebugJniLibFolders (Thread[#42894,Execution worker Thread 13,5,main]) started.
[        ] :flutter_openssl_crypto:mergeDebugJniLibFolders (Thread[#42894,Execution worker Thread 13,5,main]) started.
[        ] > Task :flutter_openssl_crypto:mergeDebugJniLibFolders UP-TO-DATE
[        ] Caching disabled for task ':flutter_openssl_crypto:mergeDebugJniLibFolders' because:
[        ]   Build cache is disabled
[        ]   Simple merging task
[        ] Skipping task ':flutter_openssl_crypto:mergeDebugJniLibFolders' as it is up-to-date.
[        ] Resolve mutations for :flutter_openssl_crypto:mergeDebugNativeLibs (Thread[#42894,Execution worker Thread 13,5,main]) started.
[        ] :flutter_openssl_crypto:mergeDebugNativeLibs (Thread[#42894,Execution worker Thread 13,5,main]) started.
[        ] > Task :flutter_openssl_crypto:mergeDebugNativeLibs UP-TO-DATE
[        ] Caching disabled for task ':flutter_openssl_crypto:mergeDebugNativeLibs' because:
[        ]   Build cache is disabled
[        ]   Caching has been disabled for the task
[        ] Skipping task ':flutter_openssl_crypto:mergeDebugNativeLibs' as it is up-to-date.
[        ] Resolve mutations for :flutter_openssl_crypto:copyDebugJniLibsProjectOnly (Thread[#42894,Execution worker Thread 13,5,main]) started.
[        ] :flutter_openssl_crypto:copyDebugJniLibsProjectOnly (Thread[#42894,Execution worker Thread 13,5,main]) started.
[        ] > Task :flutter_openssl_crypto:copyDebugJniLibsProjectOnly UP-TO-DATE
[        ] Caching disabled for task ':flutter_openssl_crypto:copyDebugJniLibsProjectOnly' because:
[        ]   Build cache is disabled
[        ]   Caching has been disabled for the task
[        ] Skipping task ':flutter_openssl_crypto:copyDebugJniLibsProjectOnly' as it is up-to-date.
[        ] work action resolve jni (project :flutter_openssl_crypto) (Thread[#42894,Execution worker Thread 13,5,main]) started.
[        ] Resolve mutations for :integration_test:mergeDebugJniLibFolders (Thread[#42894,Execution worker Thread 13,5,main]) started.
[        ] :integration_test:mergeDebugJniLibFolders (Thread[#42894,Execution worker Thread 13,5,main]) started.
[        ] > Task :integration_test:mergeDebugJniLibFolders UP-TO-DATE
[        ] Caching disabled for task ':integration_test:mergeDebugJniLibFolders' because:
[        ]   Build cache is disabled
[        ]   Simple merging task
[        ] Skipping task ':integration_test:mergeDebugJniLibFolders' as it is up-to-date.
[        ] Resolve mutations for :integration_test:mergeDebugNativeLibs (Thread[#42894,Execution worker Thread 13,5,main]) started.
[        ] :integration_test:mergeDebugNativeLibs (Thread[#42894,Execution worker Thread 13,5,main]) started.
[        ] > Task :integration_test:mergeDebugNativeLibs NO-SOURCE
[        ] Skipping task ':integration_test:mergeDebugNativeLibs' as it has no source files and no previous output files.
[        ] Resolve mutations for :integration_test:copyDebugJniLibsProjectOnly (Thread[#42894,Execution worker Thread 13,5,main]) started.
[        ] :integration_test:copyDebugJniLibsProjectOnly (Thread[#42894,Execution worker Thread 13,5,main]) started.
[        ] > Task :integration_test:copyDebugJniLibsProjectOnly UP-TO-DATE
[        ] Caching disabled for task ':integration_test:copyDebugJniLibsProjectOnly' because:
[        ]   Build cache is disabled
[        ]   Caching has been disabled for the task
[        ] Skipping task ':integration_test:copyDebugJniLibsProjectOnly' as it is up-to-date.
[        ] work action resolve jni (project :integration_test) (Thread[#42894,Execution worker Thread 13,5,main]) started.
[        ] Resolve mutations for :path_provider_android:mergeDebugJniLibFolders (Thread[#42894,Execution worker Thread 13,5,main]) started.
[        ] :path_provider_android:mergeDebugJniLibFolders (Thread[#42894,Execution worker Thread 13,5,main]) started.
[        ] > Task :path_provider_android:mergeDebugJniLibFolders UP-TO-DATE
[        ] Caching disabled for task ':path_provider_android:mergeDebugJniLibFolders' because:
[        ]   Build cache is disabled
[        ]   Simple merging task
[        ] Skipping task ':path_provider_android:mergeDebugJniLibFolders' as it is up-to-date.
[        ] Resolve mutations for :path_provider_android:mergeDebugNativeLibs (Thread[#42894,Execution worker Thread 13,5,main]) started.
[        ] :path_provider_android:mergeDebugNativeLibs (Thread[#42894,Execution worker Thread 13,5,main]) started.
[        ] > Task :path_provider_android:mergeDebugNativeLibs NO-SOURCE
[        ] Skipping task ':path_provider_android:mergeDebugNativeLibs' as it has no source files and no previous output files.
[        ] Resolve mutations for :path_provider_android:copyDebugJniLibsProjectOnly (Thread[#42894,Execution worker Thread 13,5,main]) started.
[        ] :path_provider_android:copyDebugJniLibsProjectOnly (Thread[#42894,Execution worker Thread 13,5,main]) started.
[        ] > Task :path_provider_android:copyDebugJniLibsProjectOnly UP-TO-DATE
[        ] Caching disabled for task ':path_provider_android:copyDebugJniLibsProjectOnly' because:
[        ]   Build cache is disabled
[        ]   Caching has been disabled for the task
[        ] Skipping task ':path_provider_android:copyDebugJniLibsProjectOnly' as it is up-to-date.
[        ] work action resolve jni (project :path_provider_android) (Thread[#42894,Execution worker Thread 13,5,main]) started.
[        ] Resolve mutations for :quill_native_bridge_android:mergeDebugJniLibFolders (Thread[#42894,Execution worker Thread 13,5,main]) started.
[        ] :quill_native_bridge_android:mergeDebugJniLibFolders (Thread[#42894,Execution worker Thread 13,5,main]) started.
[        ] > Task :quill_native_bridge_android:mergeDebugJniLibFolders UP-TO-DATE
[        ] Caching disabled for task ':quill_native_bridge_android:mergeDebugJniLibFolders' because:
[        ]   Build cache is disabled
[        ]   Simple merging task
[        ] Skipping task ':quill_native_bridge_android:mergeDebugJniLibFolders' as it is up-to-date.
[        ] Resolve mutations for :quill_native_bridge_android:mergeDebugNativeLibs (Thread[#42894,Execution worker Thread 13,5,main]) started.
[        ] :quill_native_bridge_android:mergeDebugNativeLibs (Thread[#42894,Execution worker Thread 13,5,main]) started.
[        ] > Task :quill_native_bridge_android:mergeDebugNativeLibs NO-SOURCE
[        ] Skipping task ':quill_native_bridge_android:mergeDebugNativeLibs' as it has no source files and no previous output files.
[        ] Resolve mutations for :quill_native_bridge_android:copyDebugJniLibsProjectOnly (Thread[#42894,Execution worker Thread 13,5,main]) started.
[        ] :quill_native_bridge_android:copyDebugJniLibsProjectOnly (Thread[#42894,Execution worker Thread 13,5,main]) started.
[        ] > Task :quill_native_bridge_android:copyDebugJniLibsProjectOnly UP-TO-DATE
[        ] Caching disabled for task ':quill_native_bridge_android:copyDebugJniLibsProjectOnly' because:
[        ]   Build cache is disabled
[        ]   Caching has been disabled for the task
[        ] Skipping task ':quill_native_bridge_android:copyDebugJniLibsProjectOnly' as it is up-to-date.
[        ] work action resolve jni (project :quill_native_bridge_android) (Thread[#42894,Execution worker Thread 13,5,main]) started.
[        ] Resolve mutations for :shared_preferences_android:mergeDebugJniLibFolders (Thread[#42894,Execution worker Thread 13,5,main]) started.
[        ] :shared_preferences_android:mergeDebugJniLibFolders (Thread[#42894,Execution worker Thread 13,5,main]) started.
[        ] > Task :shared_preferences_android:mergeDebugJniLibFolders UP-TO-DATE
[        ] Caching disabled for task ':shared_preferences_android:mergeDebugJniLibFolders' because:
[        ]   Build cache is disabled
[        ]   Simple merging task
[        ] Skipping task ':shared_preferences_android:mergeDebugJniLibFolders' as it is up-to-date.
[        ] Resolve mutations for :shared_preferences_android:mergeDebugNativeLibs (Thread[#42894,Execution worker Thread 13,5,main]) started.
[        ] :shared_preferences_android:mergeDebugNativeLibs (Thread[#42894,Execution worker Thread 13,5,main]) started.
[        ] > Task :shared_preferences_android:mergeDebugNativeLibs NO-SOURCE
[        ] Skipping task ':shared_preferences_android:mergeDebugNativeLibs' as it has no source files and no previous output files.
[        ] Resolve mutations for :shared_preferences_android:copyDebugJniLibsProjectOnly (Thread[#42894,Execution worker Thread 13,5,main]) started.
[        ] :shared_preferences_android:copyDebugJniLibsProjectOnly (Thread[#42894,Execution worker Thread 13,5,main]) started.
[        ] > Task :shared_preferences_android:copyDebugJniLibsProjectOnly UP-TO-DATE
[        ] Caching disabled for task ':shared_preferences_android:copyDebugJniLibsProjectOnly' because:
[        ]   Build cache is disabled
[        ]   Caching has been disabled for the task
[        ] Skipping task ':shared_preferences_android:copyDebugJniLibsProjectOnly' as it is up-to-date.
[        ] work action resolve jni (project :shared_preferences_android) (Thread[#42894,Execution worker Thread 13,5,main]) started.
[        ] Resolve mutations for :sqflite_android:mergeDebugJniLibFolders (Thread[#42894,Execution worker Thread 13,5,main]) started.
[        ] :sqflite_android:mergeDebugJniLibFolders (Thread[#42894,Execution worker Thread 13,5,main]) started.
[        ] > Task :sqflite_android:mergeDebugJniLibFolders UP-TO-DATE
[        ] Caching disabled for task ':sqflite_android:mergeDebugJniLibFolders' because:
[        ]   Build cache is disabled
[        ]   Simple merging task
[        ] Skipping task ':sqflite_android:mergeDebugJniLibFolders' as it is up-to-date.
[        ] Resolve mutations for :sqflite_android:mergeDebugNativeLibs (Thread[#42894,Execution worker Thread 13,5,main]) started.
[        ] :sqflite_android:mergeDebugNativeLibs (Thread[#42894,Execution worker Thread 13,5,main]) started.
[        ] > Task :sqflite_android:mergeDebugNativeLibs NO-SOURCE
[        ] Skipping task ':sqflite_android:mergeDebugNativeLibs' as it has no source files and no previous output files.
[        ] Resolve mutations for :sqflite_android:copyDebugJniLibsProjectOnly (Thread[#42894,Execution worker Thread 13,5,main]) started.
[        ] :sqflite_android:copyDebugJniLibsProjectOnly (Thread[#42894,Execution worker Thread 13,5,main]) started.
[        ] > Task :sqflite_android:copyDebugJniLibsProjectOnly UP-TO-DATE
[        ] Caching disabled for task ':sqflite_android:copyDebugJniLibsProjectOnly' because:
[        ]   Build cache is disabled
[        ]   Caching has been disabled for the task
[        ] Skipping task ':sqflite_android:copyDebugJniLibsProjectOnly' as it is up-to-date.
[        ] work action resolve jni (project :sqflite_android) (Thread[#42894,Execution worker Thread 13,5,main]) started.
[        ] Resolve mutations for :url_launcher_android:mergeDebugJniLibFolders (Thread[#42894,Execution worker Thread 13,5,main]) started.
[        ] :url_launcher_android:mergeDebugJniLibFolders (Thread[#42894,Execution worker Thread 13,5,main]) started.
[        ] > Task :url_launcher_android:mergeDebugJniLibFolders UP-TO-DATE
[        ] Caching disabled for task ':url_launcher_android:mergeDebugJniLibFolders' because:
[        ]   Build cache is disabled
[        ]   Simple merging task
[        ] Skipping task ':url_launcher_android:mergeDebugJniLibFolders' as it is up-to-date.
[        ] Resolve mutations for :url_launcher_android:mergeDebugNativeLibs (Thread[#42894,Execution worker Thread 13,5,main]) started.
[        ] :url_launcher_android:mergeDebugNativeLibs (Thread[#42894,Execution worker Thread 13,5,main]) started.
[        ] > Task :url_launcher_android:mergeDebugNativeLibs NO-SOURCE
[        ] Skipping task ':url_launcher_android:mergeDebugNativeLibs' as it has no source files and no previous output files.
[        ] Resolve mutations for :url_launcher_android:copyDebugJniLibsProjectOnly (Thread[#42894,Execution worker Thread 13,5,main]) started.
[        ] :url_launcher_android:copyDebugJniLibsProjectOnly (Thread[#42894,Execution worker Thread 13,5,main]) started.
[        ] > Task :url_launcher_android:copyDebugJniLibsProjectOnly UP-TO-DATE
[        ] Caching disabled for task ':url_launcher_android:copyDebugJniLibsProjectOnly' because:
[        ]   Build cache is disabled
[        ]   Caching has been disabled for the task
[        ] Skipping task ':url_launcher_android:copyDebugJniLibsProjectOnly' as it is up-to-date.
[        ] work action resolve jni (project :url_launcher_android) (Thread[#42894,Execution worker Thread 13,5,main]) started.
[        ] Resolve mutations for :video_player_android:mergeDebugJniLibFolders (Thread[#42894,Execution worker Thread 13,5,main]) started.
[        ] :video_player_android:mergeDebugJniLibFolders (Thread[#42894,Execution worker Thread 13,5,main]) started.
[        ] > Task :video_player_android:mergeDebugJniLibFolders UP-TO-DATE
[        ] Caching disabled for task ':video_player_android:mergeDebugJniLibFolders' because:
[        ]   Build cache is disabled
[        ]   Simple merging task
[        ] Skipping task ':video_player_android:mergeDebugJniLibFolders' as it is up-to-date.
[        ] Resolve mutations for :video_player_android:mergeDebugNativeLibs (Thread[#42894,Execution worker Thread 13,5,main]) started.
[        ] :video_player_android:mergeDebugNativeLibs (Thread[#42894,Execution worker Thread 13,5,main]) started.
[        ] > Task :video_player_android:mergeDebugNativeLibs NO-SOURCE
[        ] Skipping task ':video_player_android:mergeDebugNativeLibs' as it has no source files and no previous output files.
[        ] Resolve mutations for :video_player_android:copyDebugJniLibsProjectOnly (Thread[#42894,Execution worker Thread 13,5,main]) started.
[        ] :video_player_android:copyDebugJniLibsProjectOnly (Thread[#42894,Execution worker Thread 13,5,main]) started.
[        ] > Task :video_player_android:copyDebugJniLibsProjectOnly UP-TO-DATE
[        ] Caching disabled for task ':video_player_android:copyDebugJniLibsProjectOnly' because:
[        ]   Build cache is disabled
[        ]   Caching has been disabled for the task
[        ] Skipping task ':video_player_android:copyDebugJniLibsProjectOnly' as it is up-to-date.
[        ] work action resolve jni (project :video_player_android) (Thread[#42894,Execution worker Thread 13,5,main]) started.
[        ] Resolve mutations for :app:mergeDebugNativeLibs (Thread[#42894,Execution worker Thread 13,5,main]) started.
[        ] :app:mergeDebugNativeLibs (Thread[#42894,Execution worker Thread 13,5,main]) started.
[        ] > Task :app:mergeDebugNativeLibs UP-TO-DATE
[        ] Caching disabled for task ':app:mergeDebugNativeLibs' because:
[        ]   Build cache is disabled
[        ]   Caching has been disabled for the task
[        ] Skipping task ':app:mergeDebugNativeLibs' as it is up-to-date.
[        ] Resolve mutations for :app:stripDebugDebugSymbols (Thread[#42894,Execution worker Thread 13,5,main]) started.
[        ] :app:stripDebugDebugSymbols (Thread[#42894,Execution worker Thread 13,5,main]) started.
[        ] > Task :app:stripDebugDebugSymbols UP-TO-DATE
[        ] Caching disabled for task ':app:stripDebugDebugSymbols' because:
[        ]   Build cache is disabled
[        ]   Caching has been disabled for the task
[        ] Skipping task ':app:stripDebugDebugSymbols' as it is up-to-date.
[        ] Resolve mutations for :app:validateSigningDebug (Thread[#42894,Execution worker Thread 13,5,main]) started.
[        ] :app:validateSigningDebug (Thread[#42894,Execution worker Thread 13,5,main]) started.
[        ] > Task :app:validateSigningDebug UP-TO-DATE
[        ] Caching disabled for task ':app:validateSigningDebug' because:
[        ]   Build cache is disabled
[        ]   Caching has been disabled for the task
[        ] Skipping task ':app:validateSigningDebug' as it is up-to-date.
[        ] Resolve mutations for :app:writeDebugAppMetadata (Thread[#42894,Execution worker Thread 13,5,main]) started.
[        ] :app:writeDebugAppMetadata (Thread[#42894,Execution worker Thread 13,5,main]) started.
[        ] > Task :app:writeDebugAppMetadata UP-TO-DATE
[        ] Caching disabled for task ':app:writeDebugAppMetadata' because:
[        ]   Build cache is disabled
[        ]   Caching has been disabled for the task
[        ] Skipping task ':app:writeDebugAppMetadata' as it is up-to-date.
[        ] Resolve mutations for :app:writeDebugSigningConfigVersions (Thread[#42894,Execution worker Thread 13,5,main]) started.
[        ] :app:writeDebugSigningConfigVersions (Thread[#42894,Execution worker Thread 13,5,main]) started.
[        ] > Task :app:writeDebugSigningConfigVersions UP-TO-DATE
[        ] Caching disabled for task ':app:writeDebugSigningConfigVersions' because:
[        ]   Build cache is disabled
[        ]   Caching has been disabled for the task
[        ] Skipping task ':app:writeDebugSigningConfigVersions' as it is up-to-date.
[        ] Resolve mutations for :connectivity_plus:stripDebugDebugSymbols (Thread[#42894,Execution worker Thread 13,5,main]) started.
[        ] :connectivity_plus:stripDebugDebugSymbols (Thread[#42894,Execution worker Thread 13,5,main]) started.
[        ] > Task :connectivity_plus:stripDebugDebugSymbols NO-SOURCE
[        ] Skipping task ':connectivity_plus:stripDebugDebugSymbols' as it has no source files and no previous output files.
[        ] Resolve mutations for :connectivity_plus:copyDebugJniLibsProjectAndLocalJars (Thread[#42894,Execution worker Thread 13,5,main]) started.
[        ] :connectivity_plus:copyDebugJniLibsProjectAndLocalJars (Thread[#42894,Execution worker Thread 13,5,main]) started.
[        ] > Task :connectivity_plus:copyDebugJniLibsProjectAndLocalJars UP-TO-DATE
[        ] Caching disabled for task ':connectivity_plus:copyDebugJniLibsProjectAndLocalJars' because:
[        ]   Build cache is disabled
[        ]   Caching has been disabled for the task
[        ] Skipping task ':connectivity_plus:copyDebugJniLibsProjectAndLocalJars' as it is up-to-date.
[        ] Resolve mutations for :connectivity_plus:extractDebugAnnotations (Thread[#42894,Execution worker Thread 13,5,main]) started.
[        ] :connectivity_plus:extractDebugAnnotations (Thread[#42894,Execution worker Thread 13,5,main]) started.
[        ] > Task :connectivity_plus:extractDebugAnnotations UP-TO-DATE
[        ] Caching disabled for task ':connectivity_plus:extractDebugAnnotations' because:
[        ]   Build cache is disabled
[        ] Skipping task ':connectivity_plus:extractDebugAnnotations' as it is up-to-date.
[        ] Resolve mutations for :connectivity_plus:extractDeepLinksForAarDebug (Thread[#42894,Execution worker Thread 13,5,main]) started.
[        ] :connectivity_plus:extractDeepLinksForAarDebug (Thread[#42894,Execution worker Thread 13,5,main]) started.
[        ] > Task :connectivity_plus:extractDeepLinksForAarDebug UP-TO-DATE
[        ] Caching disabled for task ':connectivity_plus:extractDeepLinksForAarDebug' because:
[        ]   Build cache is disabled
[        ] Skipping task ':connectivity_plus:extractDeepLinksForAarDebug' as it is up-to-date.
[        ] Resolve mutations for :connectivity_plus:mergeDebugGeneratedProguardFiles (Thread[#42894,Execution worker Thread 13,5,main]) started.
[        ] :connectivity_plus:mergeDebugGeneratedProguardFiles (Thread[#42894,Execution worker Thread 13,5,main]) started.
[        ] > Task :connectivity_plus:mergeDebugGeneratedProguardFiles UP-TO-DATE
[        ] Caching disabled for task ':connectivity_plus:mergeDebugGeneratedProguardFiles' because:
[        ]   Build cache is disabled
[        ]   Simple merging task
[        ] Skipping task ':connectivity_plus:mergeDebugGeneratedProguardFiles' as it is up-to-date.
[        ] Resolve mutations for :connectivity_plus:mergeDebugConsumerProguardFiles (Thread[#42894,Execution worker Thread 13,5,main]) started.
[        ] :connectivity_plus:mergeDebugConsumerProguardFiles (Thread[#42894,Execution worker Thread 13,5,main]) started.
[        ] > Task :connectivity_plus:mergeDebugConsumerProguardFiles UP-TO-DATE
[        ] Caching disabled for task ':connectivity_plus:mergeDebugConsumerProguardFiles' because:
[        ]   Build cache is disabled
[        ]   Simple merging task
[        ] Skipping task ':connectivity_plus:mergeDebugConsumerProguardFiles' as it is up-to-date.
[        ] Resolve mutations for :connectivity_plus:prepareDebugArtProfile (Thread[#42894,Execution worker Thread 13,5,main]) started.
[        ] :connectivity_plus:prepareDebugArtProfile (Thread[#42894,Execution worker Thread 13,5,main]) started.
[        ] > Task :connectivity_plus:prepareDebugArtProfile UP-TO-DATE
[        ] Caching disabled for task ':connectivity_plus:prepareDebugArtProfile' because:
[        ]   Build cache is disabled
[        ]   Caching has been disabled for the task
[        ] Skipping task ':connectivity_plus:prepareDebugArtProfile' as it is up-to-date.
[        ] Resolve mutations for :connectivity_plus:prepareLintJarForPublish (Thread[#42894,Execution worker Thread 13,5,main]) started.
[        ] :connectivity_plus:prepareLintJarForPublish (Thread[#42894,Execution worker Thread 13,5,main]) started.
[        ] > Task :connectivity_plus:prepareLintJarForPublish UP-TO-DATE
[        ] Caching disabled for task ':connectivity_plus:prepareLintJarForPublish' because:
[        ]   Build cache is disabled
[        ]   Caching has been disabled for the task
[        ] Skipping task ':connectivity_plus:prepareLintJarForPublish' as it is up-to-date.
[        ] Resolve mutations for :connectivity_plus:mergeDebugJavaResource (Thread[#42894,Execution worker Thread 13,5,main]) started.
[        ] :connectivity_plus:mergeDebugJavaResource (Thread[#42894,Execution worker Thread 13,5,main]) started.
[        ] > Task :connectivity_plus:mergeDebugJavaResource UP-TO-DATE
[        ] Caching disabled for task ':connectivity_plus:mergeDebugJavaResource' because:
[        ]   Build cache is disabled
[        ]   Caching has been disabled for the task
[        ] Skipping task ':connectivity_plus:mergeDebugJavaResource' as it is up-to-date.
[        ] Resolve mutations for :connectivity_plus:syncDebugLibJars (Thread[#42894,Execution worker Thread 13,5,main]) started.
[        ] :connectivity_plus:syncDebugLibJars (Thread[#42894,Execution worker Thread 13,5,main]) started.
[        ] > Task :connectivity_plus:syncDebugLibJars UP-TO-DATE
[        ] Caching disabled for task ':connectivity_plus:syncDebugLibJars' because:
[        ]   Build cache is disabled
[        ] Skipping task ':connectivity_plus:syncDebugLibJars' as it is up-to-date.
[        ] Resolve mutations for :connectivity_plus:bundleDebugAar (Thread[#42894,Execution worker Thread 13,5,main]) started.
[        ] :connectivity_plus:bundleDebugAar (Thread[#42894,Execution worker Thread 13,5,main]) started.
[        ] > Task :connectivity_plus:bundleDebugAar UP-TO-DATE
[        ] Caching disabled for task ':connectivity_plus:bundleDebugAar' because:
[        ]   Build cache is disabled
[        ]   Caching has been disabled for the task
[        ] Skipping task ':connectivity_plus:bundleDebugAar' as it is up-to-date.
[        ] Resolve mutations for :connectivity_plus:assembleDebug (Thread[#42894,Execution worker Thread 13,5,main]) started.
[        ] :connectivity_plus:assembleDebug (Thread[#42894,Execution worker Thread 13,5,main]) started.
[        ] > Task :connectivity_plus:assembleDebug UP-TO-DATE
[        ] Skipping task ':connectivity_plus:assembleDebug' as it has no actions.
[        ] Resolve mutations for :emoji_picker_flutter:stripDebugDebugSymbols (Thread[#42894,Execution worker Thread 13,5,main]) started.
[        ] :emoji_picker_flutter:stripDebugDebugSymbols (Thread[#42894,Execution worker Thread 13,5,main]) started.
[        ] > Task :emoji_picker_flutter:stripDebugDebugSymbols NO-SOURCE
[        ] Skipping task ':emoji_picker_flutter:stripDebugDebugSymbols' as it has no source files and no previous output files.
[        ] Resolve mutations for :emoji_picker_flutter:copyDebugJniLibsProjectAndLocalJars (Thread[#42894,Execution worker Thread 13,5,main]) started.
[        ] :emoji_picker_flutter:copyDebugJniLibsProjectAndLocalJars (Thread[#42894,Execution worker Thread 13,5,main]) started.
[        ] > Task :emoji_picker_flutter:copyDebugJniLibsProjectAndLocalJars UP-TO-DATE
[        ] Caching disabled for task ':emoji_picker_flutter:copyDebugJniLibsProjectAndLocalJars' because:
[        ]   Build cache is disabled
[        ]   Caching has been disabled for the task
[        ] Skipping task ':emoji_picker_flutter:copyDebugJniLibsProjectAndLocalJars' as it is up-to-date.
[        ] Resolve mutations for :emoji_picker_flutter:extractDebugAnnotations (Thread[#42894,Execution worker Thread 13,5,main]) started.
[        ] :emoji_picker_flutter:extractDebugAnnotations (Thread[#42894,Execution worker Thread 13,5,main]) started.
[        ] > Task :emoji_picker_flutter:extractDebugAnnotations UP-TO-DATE
[        ] Caching disabled for task ':emoji_picker_flutter:extractDebugAnnotations' because:
[        ]   Build cache is disabled
[        ] Skipping task ':emoji_picker_flutter:extractDebugAnnotations' as it is up-to-date.
[        ] Resolve mutations for :emoji_picker_flutter:extractDeepLinksForAarDebug (Thread[#42894,Execution worker Thread 13,5,main]) started.
[        ] :emoji_picker_flutter:extractDeepLinksForAarDebug (Thread[#42894,Execution worker Thread 13,5,main]) started.
[        ] > Task :emoji_picker_flutter:extractDeepLinksForAarDebug UP-TO-DATE
[        ] Caching disabled for task ':emoji_picker_flutter:extractDeepLinksForAarDebug' because:
[        ]   Build cache is disabled
[        ] Skipping task ':emoji_picker_flutter:extractDeepLinksForAarDebug' as it is up-to-date.
[        ] Resolve mutations for :emoji_picker_flutter:mergeDebugGeneratedProguardFiles (Thread[#42894,Execution worker Thread 13,5,main]) started.
[        ] :emoji_picker_flutter:mergeDebugGeneratedProguardFiles (Thread[#42894,Execution worker Thread 13,5,main]) started.
[        ] > Task :emoji_picker_flutter:mergeDebugGeneratedProguardFiles UP-TO-DATE
[        ] Caching disabled for task ':emoji_picker_flutter:mergeDebugGeneratedProguardFiles' because:
[        ]   Build cache is disabled
[        ]   Simple merging task
[        ] Skipping task ':emoji_picker_flutter:mergeDebugGeneratedProguardFiles' as it is up-to-date.
[        ] Resolve mutations for :emoji_picker_flutter:mergeDebugConsumerProguardFiles (Thread[#42894,Execution worker Thread 13,5,main]) started.
[        ] :emoji_picker_flutter:mergeDebugConsumerProguardFiles (Thread[#42894,Execution worker Thread 13,5,main]) started.
[        ] > Task :emoji_picker_flutter:mergeDebugConsumerProguardFiles UP-TO-DATE
[        ] Caching disabled for task ':emoji_picker_flutter:mergeDebugConsumerProguardFiles' because:
[        ]   Build cache is disabled
[        ]   Simple merging task
[        ] Skipping task ':emoji_picker_flutter:mergeDebugConsumerProguardFiles' as it is up-to-date.
[        ] Resolve mutations for :emoji_picker_flutter:prepareDebugArtProfile (Thread[#42894,Execution worker Thread 13,5,main]) started.
[        ] :emoji_picker_flutter:prepareDebugArtProfile (Thread[#42894,Execution worker Thread 13,5,main]) started.
[        ] > Task :emoji_picker_flutter:prepareDebugArtProfile UP-TO-DATE
[        ] Caching disabled for task ':emoji_picker_flutter:prepareDebugArtProfile' because:
[        ]   Build cache is disabled
[        ]   Caching has been disabled for the task
[        ] Skipping task ':emoji_picker_flutter:prepareDebugArtProfile' as it is up-to-date.
[        ] Resolve mutations for :emoji_picker_flutter:prepareLintJarForPublish (Thread[#42894,Execution worker Thread 13,5,main]) started.
[        ] :emoji_picker_flutter:prepareLintJarForPublish (Thread[#42894,Execution worker Thread 13,5,main]) started.
[        ] > Task :emoji_picker_flutter:prepareLintJarForPublish UP-TO-DATE
[        ] Caching disabled for task ':emoji_picker_flutter:prepareLintJarForPublish' because:
[        ]   Build cache is disabled
[        ]   Caching has been disabled for the task
[        ] Skipping task ':emoji_picker_flutter:prepareLintJarForPublish' as it is up-to-date.
[        ] Resolve mutations for :emoji_picker_flutter:mergeDebugJavaResource (Thread[#42894,Execution worker Thread 13,5,main]) started.
[        ] :emoji_picker_flutter:mergeDebugJavaResource (Thread[#42894,Execution worker Thread 13,5,main]) started.
[        ] > Task :emoji_picker_flutter:mergeDebugJavaResource UP-TO-DATE
[        ] Caching disabled for task ':emoji_picker_flutter:mergeDebugJavaResource' because:
[        ]   Build cache is disabled
[        ]   Caching has been disabled for the task
[        ] Skipping task ':emoji_picker_flutter:mergeDebugJavaResource' as it is up-to-date.
[        ] Resolve mutations for :emoji_picker_flutter:syncDebugLibJars (Thread[#42894,Execution worker Thread 13,5,main]) started.
[        ] :emoji_picker_flutter:syncDebugLibJars (Thread[#42894,Execution worker Thread 13,5,main]) started.
[        ] > Task :emoji_picker_flutter:syncDebugLibJars UP-TO-DATE
[        ] Caching disabled for task ':emoji_picker_flutter:syncDebugLibJars' because:
[        ]   Build cache is disabled
[        ] Skipping task ':emoji_picker_flutter:syncDebugLibJars' as it is up-to-date.
[        ] Resolve mutations for :emoji_picker_flutter:bundleDebugAar (Thread[#42894,Execution worker Thread 13,5,main]) started.
[        ] :emoji_picker_flutter:bundleDebugAar (Thread[#42894,Execution worker Thread 13,5,main]) started.
[        ] > Task :emoji_picker_flutter:bundleDebugAar UP-TO-DATE
[        ] Caching disabled for task ':emoji_picker_flutter:bundleDebugAar' because:
[        ]   Build cache is disabled
[        ]   Caching has been disabled for the task
[        ] Skipping task ':emoji_picker_flutter:bundleDebugAar' as it is up-to-date.
[        ] Resolve mutations for :emoji_picker_flutter:assembleDebug (Thread[#42894,Execution worker Thread 13,5,main]) started.
[        ] :emoji_picker_flutter:assembleDebug (Thread[#42894,Execution worker Thread 13,5,main]) started.
[        ] > Task :emoji_picker_flutter:assembleDebug UP-TO-DATE
[        ] Skipping task ':emoji_picker_flutter:assembleDebug' as it has no actions.
[        ] Resolve mutations for :file_selector_android:stripDebugDebugSymbols (Thread[#42894,Execution worker Thread 13,5,main]) started.
[        ] :file_selector_android:stripDebugDebugSymbols (Thread[#42894,Execution worker Thread 13,5,main]) started.
[        ] > Task :file_selector_android:stripDebugDebugSymbols NO-SOURCE
[        ] Skipping task ':file_selector_android:stripDebugDebugSymbols' as it has no source files and no previous output files.
[        ] Resolve mutations for :file_selector_android:copyDebugJniLibsProjectAndLocalJars (Thread[#42894,Execution worker Thread 13,5,main]) started.
[        ] :file_selector_android:copyDebugJniLibsProjectAndLocalJars (Thread[#42894,Execution worker Thread 13,5,main]) started.
[        ] > Task :file_selector_android:copyDebugJniLibsProjectAndLocalJars UP-TO-DATE
[        ] Caching disabled for task ':file_selector_android:copyDebugJniLibsProjectAndLocalJars' because:
[        ]   Build cache is disabled
[        ]   Caching has been disabled for the task
[        ] Skipping task ':file_selector_android:copyDebugJniLibsProjectAndLocalJars' as it is up-to-date.
[        ] Resolve mutations for :file_selector_android:extractDebugAnnotations (Thread[#42894,Execution worker Thread 13,5,main]) started.
[        ] :file_selector_android:extractDebugAnnotations (Thread[#42894,Execution worker Thread 13,5,main]) started.
[        ] > Task :file_selector_android:extractDebugAnnotations UP-TO-DATE
[        ] Caching disabled for task ':file_selector_android:extractDebugAnnotations' because:
[        ]   Build cache is disabled
[        ] Skipping task ':file_selector_android:extractDebugAnnotations' as it is up-to-date.
[        ] Resolve mutations for :file_selector_android:extractDeepLinksForAarDebug (Thread[#42894,Execution worker Thread 13,5,main]) started.
[        ] :file_selector_android:extractDeepLinksForAarDebug (Thread[#42894,Execution worker Thread 13,5,main]) started.
[        ] > Task :file_selector_android:extractDeepLinksForAarDebug UP-TO-DATE
[        ] Caching disabled for task ':file_selector_android:extractDeepLinksForAarDebug' because:
[        ]   Build cache is disabled
[        ] Skipping task ':file_selector_android:extractDeepLinksForAarDebug' as it is up-to-date.
[        ] Resolve mutations for :file_selector_android:mergeDebugGeneratedProguardFiles (Thread[#42894,Execution worker Thread 13,5,main]) started.
[        ] :file_selector_android:mergeDebugGeneratedProguardFiles (Thread[#42894,Execution worker Thread 13,5,main]) started.
[        ] > Task :file_selector_android:mergeDebugGeneratedProguardFiles UP-TO-DATE
[        ] Caching disabled for task ':file_selector_android:mergeDebugGeneratedProguardFiles' because:
[        ]   Build cache is disabled
[        ]   Simple merging task
[        ] Skipping task ':file_selector_android:mergeDebugGeneratedProguardFiles' as it is up-to-date.
[        ] Resolve mutations for :file_selector_android:mergeDebugConsumerProguardFiles (Thread[#42894,Execution worker Thread 13,5,main]) started.
[        ] :file_selector_android:mergeDebugConsumerProguardFiles (Thread[#42894,Execution worker Thread 13,5,main]) started.
[        ] > Task :file_selector_android:mergeDebugConsumerProguardFiles UP-TO-DATE
[        ] Caching disabled for task ':file_selector_android:mergeDebugConsumerProguardFiles' because:
[        ]   Build cache is disabled
[        ]   Simple merging task
[        ] Skipping task ':file_selector_android:mergeDebugConsumerProguardFiles' as it is up-to-date.
[        ] Resolve mutations for :file_selector_android:prepareDebugArtProfile (Thread[#42894,Execution worker Thread 13,5,main]) started.
[        ] :file_selector_android:prepareDebugArtProfile (Thread[#42894,Execution worker Thread 13,5,main]) started.
[        ] > Task :file_selector_android:prepareDebugArtProfile UP-TO-DATE
[        ] Caching disabled for task ':file_selector_android:prepareDebugArtProfile' because:
[        ]   Build cache is disabled
[        ]   Caching has been disabled for the task
[        ] Skipping task ':file_selector_android:prepareDebugArtProfile' as it is up-to-date.
[        ] Resolve mutations for :file_selector_android:prepareLintJarForPublish (Thread[#42894,Execution worker Thread 13,5,main]) started.
[        ] :file_selector_android:prepareLintJarForPublish (Thread[#42894,Execution worker Thread 13,5,main]) started.
[        ] > Task :file_selector_android:prepareLintJarForPublish UP-TO-DATE
[        ] Caching disabled for task ':file_selector_android:prepareLintJarForPublish' because:
[        ]   Build cache is disabled
[        ]   Caching has been disabled for the task
[        ] Skipping task ':file_selector_android:prepareLintJarForPublish' as it is up-to-date.
[        ] Resolve mutations for :file_selector_android:mergeDebugJavaResource (Thread[#42894,Execution worker Thread 13,5,main]) started.
[        ] :file_selector_android:mergeDebugJavaResource (Thread[#42894,Execution worker Thread 13,5,main]) started.
[        ] > Task :file_selector_android:mergeDebugJavaResource UP-TO-DATE
[        ] Caching disabled for task ':file_selector_android:mergeDebugJavaResource' because:
[        ]   Build cache is disabled
[        ]   Caching has been disabled for the task
[        ] Skipping task ':file_selector_android:mergeDebugJavaResource' as it is up-to-date.
[        ] Resolve mutations for :file_selector_android:syncDebugLibJars (Thread[#42894,Execution worker Thread 13,5,main]) started.
[        ] :file_selector_android:syncDebugLibJars (Thread[#42894,Execution worker Thread 13,5,main]) started.
[        ] > Task :file_selector_android:syncDebugLibJars UP-TO-DATE
[        ] Caching disabled for task ':file_selector_android:syncDebugLibJars' because:
[        ]   Build cache is disabled
[        ] Skipping task ':file_selector_android:syncDebugLibJars' as it is up-to-date.
[        ] Resolve mutations for :file_selector_android:bundleDebugAar (Thread[#42894,Execution worker Thread 13,5,main]) started.
[        ] :file_selector_android:bundleDebugAar (Thread[#42894,Execution worker Thread 13,5,main]) started.
[        ] > Task :file_selector_android:bundleDebugAar UP-TO-DATE
[        ] Caching disabled for task ':file_selector_android:bundleDebugAar' because:
[        ]   Build cache is disabled
[        ]   Caching has been disabled for the task
[        ] Skipping task ':file_selector_android:bundleDebugAar' as it is up-to-date.
[        ] Resolve mutations for :file_selector_android:assembleDebug (Thread[#42894,Execution worker Thread 13,5,main]) started.
[        ] :file_selector_android:assembleDebug (Thread[#42894,Execution worker Thread 13,5,main]) started.
[        ] > Task :file_selector_android:assembleDebug UP-TO-DATE
[        ] Skipping task ':file_selector_android:assembleDebug' as it has no actions.
[        ] Resolve mutations for :flutter_keyboard_visibility_temp_fork:stripDebugDebugSymbols (Thread[#42894,Execution worker Thread 13,5,main]) started.
[        ] :flutter_keyboard_visibility_temp_fork:stripDebugDebugSymbols (Thread[#42894,Execution worker Thread 13,5,main]) started.
[        ] > Task :flutter_keyboard_visibility_temp_fork:stripDebugDebugSymbols NO-SOURCE
[        ] Skipping task ':flutter_keyboard_visibility_temp_fork:stripDebugDebugSymbols' as it has no source files and no previous output files.
[        ] Resolve mutations for :flutter_keyboard_visibility_temp_fork:copyDebugJniLibsProjectAndLocalJars (Thread[#42894,Execution worker Thread 13,5,main]) started.
[        ] :flutter_keyboard_visibility_temp_fork:copyDebugJniLibsProjectAndLocalJars (Thread[#42894,Execution worker Thread 13,5,main]) started.
[        ] > Task :flutter_keyboard_visibility_temp_fork:copyDebugJniLibsProjectAndLocalJars UP-TO-DATE
[        ] Caching disabled for task ':flutter_keyboard_visibility_temp_fork:copyDebugJniLibsProjectAndLocalJars' because:
[        ]   Build cache is disabled
[        ]   Caching has been disabled for the task
[        ] Skipping task ':flutter_keyboard_visibility_temp_fork:copyDebugJniLibsProjectAndLocalJars' as it is up-to-date.
[        ] Resolve mutations for :flutter_keyboard_visibility_temp_fork:extractDebugAnnotations (Thread[#42894,Execution worker Thread 13,5,main]) started.
[        ] :flutter_keyboard_visibility_temp_fork:extractDebugAnnotations (Thread[#42894,Execution worker Thread 13,5,main]) started.
[        ] > Task :flutter_keyboard_visibility_temp_fork:extractDebugAnnotations UP-TO-DATE
[        ] Caching disabled for task ':flutter_keyboard_visibility_temp_fork:extractDebugAnnotations' because:
[        ]   Build cache is disabled
[        ] Skipping task ':flutter_keyboard_visibility_temp_fork:extractDebugAnnotations' as it is up-to-date.
[        ] Resolve mutations for :flutter_keyboard_visibility_temp_fork:extractDeepLinksForAarDebug (Thread[#42894,Execution worker Thread 13,5,main]) started.
[        ] :flutter_keyboard_visibility_temp_fork:extractDeepLinksForAarDebug (Thread[#42894,Execution worker Thread 13,5,main]) started.
[        ] > Task :flutter_keyboard_visibility_temp_fork:extractDeepLinksForAarDebug UP-TO-DATE
[        ] Caching disabled for task ':flutter_keyboard_visibility_temp_fork:extractDeepLinksForAarDebug' because:
[        ]   Build cache is disabled
[        ] Skipping task ':flutter_keyboard_visibility_temp_fork:extractDeepLinksForAarDebug' as it is up-to-date.
[        ] Resolve mutations for :flutter_keyboard_visibility_temp_fork:mergeDebugGeneratedProguardFiles (Thread[#42894,Execution worker Thread 13,5,main]) started.
[        ] :flutter_keyboard_visibility_temp_fork:mergeDebugGeneratedProguardFiles (Thread[#42894,Execution worker Thread 13,5,main]) started.
[        ] > Task :flutter_keyboard_visibility_temp_fork:mergeDebugGeneratedProguardFiles UP-TO-DATE
[        ] Caching disabled for task ':flutter_keyboard_visibility_temp_fork:mergeDebugGeneratedProguardFiles' because:
[        ]   Build cache is disabled
[        ]   Simple merging task
[        ] Skipping task ':flutter_keyboard_visibility_temp_fork:mergeDebugGeneratedProguardFiles' as it is up-to-date.
[        ] Resolve mutations for :flutter_keyboard_visibility_temp_fork:mergeDebugConsumerProguardFiles (Thread[#42894,Execution worker Thread 13,5,main]) started.
[        ] :flutter_keyboard_visibility_temp_fork:mergeDebugConsumerProguardFiles (Thread[#42894,Execution worker Thread 13,5,main]) started.
[        ] > Task :flutter_keyboard_visibility_temp_fork:mergeDebugConsumerProguardFiles UP-TO-DATE
[        ] Caching disabled for task ':flutter_keyboard_visibility_temp_fork:mergeDebugConsumerProguardFiles' because:
[        ]   Build cache is disabled
[        ]   Simple merging task
[        ] Skipping task ':flutter_keyboard_visibility_temp_fork:mergeDebugConsumerProguardFiles' as it is up-to-date.
[        ] Resolve mutations for :flutter_keyboard_visibility_temp_fork:prepareDebugArtProfile (Thread[#42894,Execution worker Thread 13,5,main]) started.
[        ] :flutter_keyboard_visibility_temp_fork:prepareDebugArtProfile (Thread[#42894,Execution worker Thread 13,5,main]) started.
[        ] > Task :flutter_keyboard_visibility_temp_fork:prepareDebugArtProfile UP-TO-DATE
[        ] Caching disabled for task ':flutter_keyboard_visibility_temp_fork:prepareDebugArtProfile' because:
[        ]   Build cache is disabled
[        ]   Caching has been disabled for the task
[        ] Skipping task ':flutter_keyboard_visibility_temp_fork:prepareDebugArtProfile' as it is up-to-date.
[        ] Resolve mutations for :flutter_keyboard_visibility_temp_fork:prepareLintJarForPublish (Thread[#42894,Execution worker Thread 13,5,main]) started.
[        ] :flutter_keyboard_visibility_temp_fork:prepareLintJarForPublish (Thread[#42894,Execution worker Thread 13,5,main]) started.
[        ] > Task :flutter_keyboard_visibility_temp_fork:prepareLintJarForPublish UP-TO-DATE
[        ] Caching disabled for task ':flutter_keyboard_visibility_temp_fork:prepareLintJarForPublish' because:
[        ]   Build cache is disabled
[        ]   Caching has been disabled for the task
[        ] Skipping task ':flutter_keyboard_visibility_temp_fork:prepareLintJarForPublish' as it is up-to-date.
[        ] Resolve mutations for :flutter_keyboard_visibility_temp_fork:mergeDebugJavaResource (Thread[#42894,Execution worker Thread 13,5,main]) started.
[        ] :flutter_keyboard_visibility_temp_fork:mergeDebugJavaResource (Thread[#42894,Execution worker Thread 13,5,main]) started.
[        ] > Task :flutter_keyboard_visibility_temp_fork:mergeDebugJavaResource UP-TO-DATE
[        ] Caching disabled for task ':flutter_keyboard_visibility_temp_fork:mergeDebugJavaResource' because:
[        ]   Build cache is disabled
[        ]   Caching has been disabled for the task
[        ] Skipping task ':flutter_keyboard_visibility_temp_fork:mergeDebugJavaResource' as it is up-to-date.
[        ] Resolve mutations for :flutter_keyboard_visibility_temp_fork:syncDebugLibJars (Thread[#42894,Execution worker Thread 13,5,main]) started.
[        ] :flutter_keyboard_visibility_temp_fork:syncDebugLibJars (Thread[#42894,Execution worker Thread 13,5,main]) started.
[        ] > Task :flutter_keyboard_visibility_temp_fork:syncDebugLibJars UP-TO-DATE
[        ] Caching disabled for task ':flutter_keyboard_visibility_temp_fork:syncDebugLibJars' because:
[        ]   Build cache is disabled
[        ] Skipping task ':flutter_keyboard_visibility_temp_fork:syncDebugLibJars' as it is up-to-date.
[        ] Resolve mutations for :flutter_keyboard_visibility_temp_fork:bundleDebugAar (Thread[#42894,Execution worker Thread 13,5,main]) started.
[        ] :flutter_keyboard_visibility_temp_fork:bundleDebugAar (Thread[#42894,Execution worker Thread 13,5,main]) started.
[        ] > Task :flutter_keyboard_visibility_temp_fork:bundleDebugAar UP-TO-DATE
[        ] Caching disabled for task ':flutter_keyboard_visibility_temp_fork:bundleDebugAar' because:
[        ]   Build cache is disabled
[        ]   Caching has been disabled for the task
[        ] Skipping task ':flutter_keyboard_visibility_temp_fork:bundleDebugAar' as it is up-to-date.
[        ] Resolve mutations for :flutter_keyboard_visibility_temp_fork:assembleDebug (Thread[#42894,Execution worker Thread 13,5,main]) started.
[        ] :flutter_keyboard_visibility_temp_fork:assembleDebug (Thread[#42894,Execution worker Thread 13,5,main]) started.
[        ] > Task :flutter_keyboard_visibility_temp_fork:assembleDebug UP-TO-DATE
[        ] Skipping task ':flutter_keyboard_visibility_temp_fork:assembleDebug' as it has no actions.
[        ] Resolve mutations for :flutter_native_splash:stripDebugDebugSymbols (Thread[#42894,Execution worker Thread 13,5,main]) started.
[        ] :flutter_native_splash:stripDebugDebugSymbols (Thread[#42894,Execution worker Thread 13,5,main]) started.
[        ] > Task :flutter_native_splash:stripDebugDebugSymbols NO-SOURCE
[        ] Skipping task ':flutter_native_splash:stripDebugDebugSymbols' as it has no source files and no previous output files.
[        ] Resolve mutations for :flutter_native_splash:copyDebugJniLibsProjectAndLocalJars (Thread[#42894,Execution worker Thread 13,5,main]) started.
[        ] :flutter_native_splash:copyDebugJniLibsProjectAndLocalJars (Thread[#42894,Execution worker Thread 13,5,main]) started.
[        ] > Task :flutter_native_splash:copyDebugJniLibsProjectAndLocalJars UP-TO-DATE
[        ] Caching disabled for task ':flutter_native_splash:copyDebugJniLibsProjectAndLocalJars' because:
[        ]   Build cache is disabled
[        ]   Caching has been disabled for the task
[        ] Skipping task ':flutter_native_splash:copyDebugJniLibsProjectAndLocalJars' as it is up-to-date.
[        ] Resolve mutations for :flutter_native_splash:extractDebugAnnotations (Thread[#42894,Execution worker Thread 13,5,main]) started.
[        ] :flutter_native_splash:extractDebugAnnotations (Thread[#42894,Execution worker Thread 13,5,main]) started.
[        ] > Task :flutter_native_splash:extractDebugAnnotations UP-TO-DATE
[        ] Caching disabled for task ':flutter_native_splash:extractDebugAnnotations' because:
[        ]   Build cache is disabled
[        ] Skipping task ':flutter_native_splash:extractDebugAnnotations' as it is up-to-date.
[        ] Resolve mutations for :flutter_native_splash:extractDeepLinksForAarDebug (Thread[#42894,Execution worker Thread 13,5,main]) started.
[        ] :flutter_native_splash:extractDeepLinksForAarDebug (Thread[#42894,Execution worker Thread 13,5,main]) started.
[        ] > Task :flutter_native_splash:extractDeepLinksForAarDebug UP-TO-DATE
[        ] Caching disabled for task ':flutter_native_splash:extractDeepLinksForAarDebug' because:
[        ]   Build cache is disabled
[        ] Skipping task ':flutter_native_splash:extractDeepLinksForAarDebug' as it is up-to-date.
[        ] Resolve mutations for :flutter_native_splash:mergeDebugGeneratedProguardFiles (Thread[#42894,Execution worker Thread 13,5,main]) started.
[        ] :flutter_native_splash:mergeDebugGeneratedProguardFiles (Thread[#42894,Execution worker Thread 13,5,main]) started.
[        ] > Task :flutter_native_splash:mergeDebugGeneratedProguardFiles UP-TO-DATE
[        ] Caching disabled for task ':flutter_native_splash:mergeDebugGeneratedProguardFiles' because:
[        ]   Build cache is disabled
[        ]   Simple merging task
[        ] Skipping task ':flutter_native_splash:mergeDebugGeneratedProguardFiles' as it is up-to-date.
[        ] Resolve mutations for :flutter_native_splash:mergeDebugConsumerProguardFiles (Thread[#42894,Execution worker Thread 13,5,main]) started.
[        ] :flutter_native_splash:mergeDebugConsumerProguardFiles (Thread[#42894,Execution worker Thread 13,5,main]) started.
[        ] > Task :flutter_native_splash:mergeDebugConsumerProguardFiles UP-TO-DATE
[        ] Caching disabled for task ':flutter_native_splash:mergeDebugConsumerProguardFiles' because:
[        ]   Build cache is disabled
[        ]   Simple merging task
[        ] Skipping task ':flutter_native_splash:mergeDebugConsumerProguardFiles' as it is up-to-date.
[        ] Resolve mutations for :flutter_native_splash:prepareDebugArtProfile (Thread[#42894,Execution worker Thread 13,5,main]) started.
[        ] :flutter_native_splash:prepareDebugArtProfile (Thread[#42894,Execution worker Thread 13,5,main]) started.
[        ] > Task :flutter_native_splash:prepareDebugArtProfile UP-TO-DATE
[        ] Caching disabled for task ':flutter_native_splash:prepareDebugArtProfile' because:
[        ]   Build cache is disabled
[        ]   Caching has been disabled for the task
[        ] Skipping task ':flutter_native_splash:prepareDebugArtProfile' as it is up-to-date.
[        ] Resolve mutations for :flutter_native_splash:prepareLintJarForPublish (Thread[#42894,Execution worker Thread 13,5,main]) started.
[        ] :flutter_native_splash:prepareLintJarForPublish (Thread[#42894,Execution worker Thread 13,5,main]) started.
[        ] > Task :flutter_native_splash:prepareLintJarForPublish UP-TO-DATE
[        ] Caching disabled for task ':flutter_native_splash:prepareLintJarForPublish' because:
[        ]   Build cache is disabled
[        ]   Caching has been disabled for the task
[        ] Skipping task ':flutter_native_splash:prepareLintJarForPublish' as it is up-to-date.
[        ] Resolve mutations for :flutter_native_splash:mergeDebugJavaResource (Thread[#42894,Execution worker Thread 13,5,main]) started.
[        ] :flutter_native_splash:mergeDebugJavaResource (Thread[#42894,Execution worker Thread 13,5,main]) started.
[        ] > Task :flutter_native_splash:mergeDebugJavaResource UP-TO-DATE
[        ] Caching disabled for task ':flutter_native_splash:mergeDebugJavaResource' because:
[        ]   Build cache is disabled
[        ]   Caching has been disabled for the task
[        ] Skipping task ':flutter_native_splash:mergeDebugJavaResource' as it is up-to-date.
[        ] Resolve mutations for :flutter_native_splash:syncDebugLibJars (Thread[#42894,Execution worker Thread 13,5,main]) started.
[        ] :flutter_native_splash:syncDebugLibJars (Thread[#42894,Execution worker Thread 13,5,main]) started.
[        ] > Task :flutter_native_splash:syncDebugLibJars UP-TO-DATE
[        ] Caching disabled for task ':flutter_native_splash:syncDebugLibJars' because:
[        ]   Build cache is disabled
[        ] Skipping task ':flutter_native_splash:syncDebugLibJars' as it is up-to-date.
[        ] Resolve mutations for :flutter_native_splash:bundleDebugAar (Thread[#42894,Execution worker Thread 13,5,main]) started.
[        ] :flutter_native_splash:bundleDebugAar (Thread[#42894,Execution worker Thread 13,5,main]) started.
[        ] > Task :flutter_native_splash:bundleDebugAar UP-TO-DATE
[        ] Caching disabled for task ':flutter_native_splash:bundleDebugAar' because:
[        ]   Build cache is disabled
[        ]   Caching has been disabled for the task
[        ] Skipping task ':flutter_native_splash:bundleDebugAar' as it is up-to-date.
[        ] Resolve mutations for :flutter_native_splash:assembleDebug (Thread[#42894,Execution worker Thread 13,5,main]) started.
[        ] :flutter_native_splash:assembleDebug (Thread[#42894,Execution worker Thread 13,5,main]) started.
[        ] > Task :flutter_native_splash:assembleDebug UP-TO-DATE
[        ] Skipping task ':flutter_native_splash:assembleDebug' as it has no actions.
[        ] Resolve mutations for :flutter_olm:stripDebugDebugSymbols (Thread[#42894,Execution worker Thread 13,5,main]) started.
[        ] :flutter_olm:stripDebugDebugSymbols (Thread[#42894,Execution worker Thread 13,5,main]) started.
[        ] > Task :flutter_olm:stripDebugDebugSymbols UP-TO-DATE
[        ] Caching disabled for task ':flutter_olm:stripDebugDebugSymbols' because:
[        ]   Build cache is disabled
[        ]   Caching has been disabled for the task
[        ] Skipping task ':flutter_olm:stripDebugDebugSymbols' as it is up-to-date.
[        ] Resolve mutations for :flutter_olm:copyDebugJniLibsProjectAndLocalJars (Thread[#42894,Execution worker Thread 13,5,main]) started.
[        ] :flutter_olm:copyDebugJniLibsProjectAndLocalJars (Thread[#42894,Execution worker Thread 13,5,main]) started.
[        ] > Task :flutter_olm:copyDebugJniLibsProjectAndLocalJars UP-TO-DATE
[        ] Caching disabled for task ':flutter_olm:copyDebugJniLibsProjectAndLocalJars' because:
[        ]   Build cache is disabled
[        ]   Caching has been disabled for the task
[        ] Skipping task ':flutter_olm:copyDebugJniLibsProjectAndLocalJars' as it is up-to-date.
[        ] Resolve mutations for :flutter_olm:extractDebugAnnotations (Thread[#42894,Execution worker Thread 13,5,main]) started.
[        ] :flutter_olm:extractDebugAnnotations (Thread[#42894,Execution worker Thread 13,5,main]) started.
[        ] > Task :flutter_olm:extractDebugAnnotations UP-TO-DATE
[        ] Caching disabled for task ':flutter_olm:extractDebugAnnotations' because:
[        ]   Build cache is disabled
[        ] Skipping task ':flutter_olm:extractDebugAnnotations' as it is up-to-date.
[        ] Resolve mutations for :flutter_olm:extractDeepLinksForAarDebug (Thread[#42894,Execution worker Thread 13,5,main]) started.
[        ] :flutter_olm:extractDeepLinksForAarDebug (Thread[#42894,Execution worker Thread 13,5,main]) started.
[        ] > Task :flutter_olm:extractDeepLinksForAarDebug UP-TO-DATE
[        ] Caching disabled for task ':flutter_olm:extractDeepLinksForAarDebug' because:
[        ]   Build cache is disabled
[        ] Skipping task ':flutter_olm:extractDeepLinksForAarDebug' as it is up-to-date.
[        ] Resolve mutations for :flutter_olm:mergeDebugGeneratedProguardFiles (Thread[#42894,Execution worker Thread 13,5,main]) started.
[        ] :flutter_olm:mergeDebugGeneratedProguardFiles (Thread[#42894,Execution worker Thread 13,5,main]) started.
[        ] > Task :flutter_olm:mergeDebugGeneratedProguardFiles UP-TO-DATE
[        ] Caching disabled for task ':flutter_olm:mergeDebugGeneratedProguardFiles' because:
[        ]   Build cache is disabled
[        ]   Simple merging task
[        ] Skipping task ':flutter_olm:mergeDebugGeneratedProguardFiles' as it is up-to-date.
[        ] Resolve mutations for :flutter_olm:mergeDebugConsumerProguardFiles (Thread[#42894,Execution worker Thread 13,5,main]) started.
[        ] :flutter_olm:mergeDebugConsumerProguardFiles (Thread[#42894,Execution worker Thread 13,5,main]) started.
[        ] > Task :flutter_olm:mergeDebugConsumerProguardFiles UP-TO-DATE
[        ] Caching disabled for task ':flutter_olm:mergeDebugConsumerProguardFiles' because:
[        ]   Build cache is disabled
[        ]   Simple merging task
[        ] Skipping task ':flutter_olm:mergeDebugConsumerProguardFiles' as it is up-to-date.
[        ] Resolve mutations for :flutter_olm:prepareDebugArtProfile (Thread[#42894,Execution worker Thread 13,5,main]) started.
[        ] :flutter_olm:prepareDebugArtProfile (Thread[#42894,Execution worker Thread 13,5,main]) started.
[        ] > Task :flutter_olm:prepareDebugArtProfile UP-TO-DATE
[        ] Caching disabled for task ':flutter_olm:prepareDebugArtProfile' because:
[        ]   Build cache is disabled
[        ]   Caching has been disabled for the task
[        ] Skipping task ':flutter_olm:prepareDebugArtProfile' as it is up-to-date.
[        ] Resolve mutations for :flutter_olm:prepareLintJarForPublish (Thread[#42894,Execution worker Thread 13,5,main]) started.
[        ] :flutter_olm:prepareLintJarForPublish (Thread[#42894,Execution worker Thread 13,5,main]) started.
[        ] > Task :flutter_olm:prepareLintJarForPublish UP-TO-DATE
[        ] Caching disabled for task ':flutter_olm:prepareLintJarForPublish' because:
[        ]   Build cache is disabled
[        ]   Caching has been disabled for the task
[        ] Skipping task ':flutter_olm:prepareLintJarForPublish' as it is up-to-date.
[        ] Resolve mutations for :flutter_olm:mergeDebugJavaResource (Thread[#42894,Execution worker Thread 13,5,main]) started.
[        ] :flutter_olm:mergeDebugJavaResource (Thread[#42894,Execution worker Thread 13,5,main]) started.
[        ] > Task :flutter_olm:mergeDebugJavaResource UP-TO-DATE
[        ] Caching disabled for task ':flutter_olm:mergeDebugJavaResource' because:
[        ]   Build cache is disabled
[        ]   Caching has been disabled for the task
[        ] Skipping task ':flutter_olm:mergeDebugJavaResource' as it is up-to-date.
[        ] Resolve mutations for :flutter_olm:syncDebugLibJars (Thread[#42894,Execution worker Thread 13,5,main]) started.
[        ] :flutter_olm:syncDebugLibJars (Thread[#42894,Execution worker Thread 13,5,main]) started.
[        ] > Task :flutter_olm:syncDebugLibJars UP-TO-DATE
[        ] Caching disabled for task ':flutter_olm:syncDebugLibJars' because:
[        ]   Build cache is disabled
[        ] Skipping task ':flutter_olm:syncDebugLibJars' as it is up-to-date.
[        ] Resolve mutations for :flutter_olm:bundleDebugAar (Thread[#42894,Execution worker Thread 13,5,main]) started.
[        ] :flutter_olm:bundleDebugAar (Thread[#42894,Execution worker Thread 13,5,main]) started.
[        ] > Task :flutter_olm:bundleDebugAar UP-TO-DATE
[        ] Caching disabled for task ':flutter_olm:bundleDebugAar' because:
[        ]   Build cache is disabled
[        ]   Caching has been disabled for the task
[        ] Skipping task ':flutter_olm:bundleDebugAar' as it is up-to-date.
[        ] Resolve mutations for :flutter_olm:assembleDebug (Thread[#42894,Execution worker Thread 13,5,main]) started.
[        ] :flutter_olm:assembleDebug (Thread[#42894,Execution worker Thread 13,5,main]) started.
[        ] > Task :flutter_olm:assembleDebug UP-TO-DATE
[        ] Skipping task ':flutter_olm:assembleDebug' as it has no actions.
[        ] Resolve mutations for :flutter_openssl_crypto:stripDebugDebugSymbols (Thread[#42894,Execution worker Thread 13,5,main]) started.
[        ] :flutter_openssl_crypto:stripDebugDebugSymbols (Thread[#42894,Execution worker Thread 13,5,main]) started.
[        ] > Task :flutter_openssl_crypto:stripDebugDebugSymbols UP-TO-DATE
[        ] Caching disabled for task ':flutter_openssl_crypto:stripDebugDebugSymbols' because:
[        ]   Build cache is disabled
[        ]   Caching has been disabled for the task
[        ] Skipping task ':flutter_openssl_crypto:stripDebugDebugSymbols' as it is up-to-date.
[        ] Resolve mutations for :flutter_openssl_crypto:copyDebugJniLibsProjectAndLocalJars (Thread[#42894,Execution worker Thread 13,5,main]) started.
[        ] :flutter_openssl_crypto:copyDebugJniLibsProjectAndLocalJars (Thread[#42894,Execution worker Thread 13,5,main]) started.
[        ] > Task :flutter_openssl_crypto:copyDebugJniLibsProjectAndLocalJars UP-TO-DATE
[        ] Caching disabled for task ':flutter_openssl_crypto:copyDebugJniLibsProjectAndLocalJars' because:
[        ]   Build cache is disabled
[        ]   Caching has been disabled for the task
[        ] Skipping task ':flutter_openssl_crypto:copyDebugJniLibsProjectAndLocalJars' as it is up-to-date.
[        ] Resolve mutations for :flutter_openssl_crypto:extractDebugAnnotations (Thread[#42894,Execution worker Thread 13,5,main]) started.
[        ] :flutter_openssl_crypto:extractDebugAnnotations (Thread[#42894,Execution worker Thread 13,5,main]) started.
[        ] > Task :flutter_openssl_crypto:extractDebugAnnotations UP-TO-DATE
[        ] Caching disabled for task ':flutter_openssl_crypto:extractDebugAnnotations' because:
[        ]   Build cache is disabled
[        ] Skipping task ':flutter_openssl_crypto:extractDebugAnnotations' as it is up-to-date.
[        ] Resolve mutations for :flutter_openssl_crypto:extractDeepLinksForAarDebug (Thread[#42894,Execution worker Thread 13,5,main]) started.
[        ] :flutter_openssl_crypto:extractDeepLinksForAarDebug (Thread[#42894,Execution worker Thread 13,5,main]) started.
[        ] > Task :flutter_openssl_crypto:extractDeepLinksForAarDebug UP-TO-DATE
[        ] Caching disabled for task ':flutter_openssl_crypto:extractDeepLinksForAarDebug' because:
[        ]   Build cache is disabled
[        ] Skipping task ':flutter_openssl_crypto:extractDeepLinksForAarDebug' as it is up-to-date.
[        ] Resolve mutations for :flutter_openssl_crypto:mergeDebugGeneratedProguardFiles (Thread[#42894,Execution worker Thread 13,5,main]) started.
[        ] :flutter_openssl_crypto:mergeDebugGeneratedProguardFiles (Thread[#42894,Execution worker Thread 13,5,main]) started.
[        ] > Task :flutter_openssl_crypto:mergeDebugGeneratedProguardFiles UP-TO-DATE
[        ] Caching disabled for task ':flutter_openssl_crypto:mergeDebugGeneratedProguardFiles' because:
[        ]   Build cache is disabled
[        ]   Simple merging task
[        ] Skipping task ':flutter_openssl_crypto:mergeDebugGeneratedProguardFiles' as it is up-to-date.
[        ] Resolve mutations for :flutter_openssl_crypto:mergeDebugConsumerProguardFiles (Thread[#42894,Execution worker Thread 13,5,main]) started.
[        ] :flutter_openssl_crypto:mergeDebugConsumerProguardFiles (Thread[#42894,Execution worker Thread 13,5,main]) started.
[        ] > Task :flutter_openssl_crypto:mergeDebugConsumerProguardFiles UP-TO-DATE
[        ] Caching disabled for task ':flutter_openssl_crypto:mergeDebugConsumerProguardFiles' because:
[        ]   Build cache is disabled
[        ]   Simple merging task
[        ] Skipping task ':flutter_openssl_crypto:mergeDebugConsumerProguardFiles' as it is up-to-date.
[        ] Resolve mutations for :flutter_openssl_crypto:prepareDebugArtProfile (Thread[#42894,Execution worker Thread 13,5,main]) started.
[        ] :flutter_openssl_crypto:prepareDebugArtProfile (Thread[#42894,Execution worker Thread 13,5,main]) started.
[        ] > Task :flutter_openssl_crypto:prepareDebugArtProfile UP-TO-DATE
[        ] Caching disabled for task ':flutter_openssl_crypto:prepareDebugArtProfile' because:
[        ]   Build cache is disabled
[        ]   Caching has been disabled for the task
[        ] Skipping task ':flutter_openssl_crypto:prepareDebugArtProfile' as it is up-to-date.
[        ] Resolve mutations for :flutter_openssl_crypto:prepareLintJarForPublish (Thread[#42894,Execution worker Thread 13,5,main]) started.
[        ] :flutter_openssl_crypto:prepareLintJarForPublish (Thread[#42894,Execution worker Thread 13,5,main]) started.
[        ] > Task :flutter_openssl_crypto:prepareLintJarForPublish UP-TO-DATE
[        ] Caching disabled for task ':flutter_openssl_crypto:prepareLintJarForPublish' because:
[        ]   Build cache is disabled
[        ]   Caching has been disabled for the task
[        ] Skipping task ':flutter_openssl_crypto:prepareLintJarForPublish' as it is up-to-date.
[        ] Resolve mutations for :flutter_openssl_crypto:mergeDebugJavaResource (Thread[#42894,Execution worker Thread 13,5,main]) started.
[        ] :flutter_openssl_crypto:mergeDebugJavaResource (Thread[#42894,Execution worker Thread 13,5,main]) started.
[        ] > Task :flutter_openssl_crypto:mergeDebugJavaResource UP-TO-DATE
[        ] Caching disabled for task ':flutter_openssl_crypto:mergeDebugJavaResource' because:
[        ]   Build cache is disabled
[        ]   Caching has been disabled for the task
[        ] Skipping task ':flutter_openssl_crypto:mergeDebugJavaResource' as it is up-to-date.
[        ] Resolve mutations for :flutter_openssl_crypto:syncDebugLibJars (Thread[#42894,Execution worker Thread 13,5,main]) started.
[        ] :flutter_openssl_crypto:syncDebugLibJars (Thread[#42894,Execution worker Thread 13,5,main]) started.
[        ] > Task :flutter_openssl_crypto:syncDebugLibJars UP-TO-DATE
[        ] Caching disabled for task ':flutter_openssl_crypto:syncDebugLibJars' because:
[        ]   Build cache is disabled
[        ] Skipping task ':flutter_openssl_crypto:syncDebugLibJars' as it is up-to-date.
[        ] Resolve mutations for :flutter_openssl_crypto:bundleDebugAar (Thread[#42894,Execution worker Thread 13,5,main]) started.
[        ] :flutter_openssl_crypto:bundleDebugAar (Thread[#42894,Execution worker Thread 13,5,main]) started.
[        ] > Task :flutter_openssl_crypto:bundleDebugAar UP-TO-DATE
[        ] Caching disabled for task ':flutter_openssl_crypto:bundleDebugAar' because:
[        ]   Build cache is disabled
[        ]   Caching has been disabled for the task
[        ] Skipping task ':flutter_openssl_crypto:bundleDebugAar' as it is up-to-date.
[        ] Resolve mutations for :flutter_openssl_crypto:assembleDebug (Thread[#42894,Execution worker Thread 13,5,main]) started.
[        ] :flutter_openssl_crypto:assembleDebug (Thread[#42894,Execution worker Thread 13,5,main]) started.
[        ] > Task :flutter_openssl_crypto:assembleDebug UP-TO-DATE
[        ] Skipping task ':flutter_openssl_crypto:assembleDebug' as it has no actions.
[        ] Resolve mutations for :integration_test:stripDebugDebugSymbols (Thread[#42894,Execution worker Thread 13,5,main]) started.
[        ] :integration_test:stripDebugDebugSymbols (Thread[#42894,Execution worker Thread 13,5,main]) started.
[        ] > Task :integration_test:stripDebugDebugSymbols NO-SOURCE
[        ] Skipping task ':integration_test:stripDebugDebugSymbols' as it has no source files and no previous output files.
[        ] Resolve mutations for :integration_test:copyDebugJniLibsProjectAndLocalJars (Thread[#42894,Execution worker Thread 13,5,main]) started.
[        ] :integration_test:copyDebugJniLibsProjectAndLocalJars (Thread[#42894,Execution worker Thread 13,5,main]) started.
[        ] > Task :integration_test:copyDebugJniLibsProjectAndLocalJars UP-TO-DATE
[        ] Caching disabled for task ':integration_test:copyDebugJniLibsProjectAndLocalJars' because:
[        ]   Build cache is disabled
[        ]   Caching has been disabled for the task
[        ] Skipping task ':integration_test:copyDebugJniLibsProjectAndLocalJars' as it is up-to-date.
[        ] Resolve mutations for :integration_test:extractDebugAnnotations (Thread[#42894,Execution worker Thread 13,5,main]) started.
[        ] :integration_test:extractDebugAnnotations (Thread[#42894,Execution worker Thread 13,5,main]) started.
[        ] > Task :integration_test:extractDebugAnnotations UP-TO-DATE
[        ] Caching disabled for task ':integration_test:extractDebugAnnotations' because:
[        ]   Build cache is disabled
[        ] Skipping task ':integration_test:extractDebugAnnotations' as it is up-to-date.
[        ] Resolve mutations for :integration_test:extractDeepLinksForAarDebug (Thread[#42894,Execution worker Thread 13,5,main]) started.
[        ] :integration_test:extractDeepLinksForAarDebug (Thread[#42894,Execution worker Thread 13,5,main]) started.
[        ] > Task :integration_test:extractDeepLinksForAarDebug UP-TO-DATE
[        ] Caching disabled for task ':integration_test:extractDeepLinksForAarDebug' because:
[        ]   Build cache is disabled
[        ] Skipping task ':integration_test:extractDeepLinksForAarDebug' as it is up-to-date.
[        ] Resolve mutations for :integration_test:mergeDebugGeneratedProguardFiles (Thread[#42894,Execution worker Thread 13,5,main]) started.
[        ] :integration_test:mergeDebugGeneratedProguardFiles (Thread[#42894,Execution worker Thread 13,5,main]) started.
[        ] > Task :integration_test:mergeDebugGeneratedProguardFiles UP-TO-DATE
[        ] Caching disabled for task ':integration_test:mergeDebugGeneratedProguardFiles' because:
[        ]   Build cache is disabled
[        ]   Simple merging task
[        ] Skipping task ':integration_test:mergeDebugGeneratedProguardFiles' as it is up-to-date.
[        ] Resolve mutations for :integration_test:mergeDebugConsumerProguardFiles (Thread[#42894,Execution worker Thread 13,5,main]) started.
[        ] :integration_test:mergeDebugConsumerProguardFiles (Thread[#42894,Execution worker Thread 13,5,main]) started.
[        ] > Task :integration_test:mergeDebugConsumerProguardFiles UP-TO-DATE
[        ] Caching disabled for task ':integration_test:mergeDebugConsumerProguardFiles' because:
[        ]   Build cache is disabled
[        ]   Simple merging task
[        ] Skipping task ':integration_test:mergeDebugConsumerProguardFiles' as it is up-to-date.
[        ] Resolve mutations for :integration_test:prepareDebugArtProfile (Thread[#42894,Execution worker Thread 13,5,main]) started.
[        ] :integration_test:prepareDebugArtProfile (Thread[#42894,Execution worker Thread 13,5,main]) started.
[        ] > Task :integration_test:prepareDebugArtProfile UP-TO-DATE
[        ] Caching disabled for task ':integration_test:prepareDebugArtProfile' because:
[        ]   Build cache is disabled
[        ]   Caching has been disabled for the task
[        ] Skipping task ':integration_test:prepareDebugArtProfile' as it is up-to-date.
[        ] Resolve mutations for :integration_test:prepareLintJarForPublish (Thread[#42894,Execution worker Thread 13,5,main]) started.
[        ] :integration_test:prepareLintJarForPublish (Thread[#42894,Execution worker Thread 13,5,main]) started.
[        ] > Task :integration_test:prepareLintJarForPublish UP-TO-DATE
[        ] Caching disabled for task ':integration_test:prepareLintJarForPublish' because:
[        ]   Build cache is disabled
[        ]   Caching has been disabled for the task
[        ] Skipping task ':integration_test:prepareLintJarForPublish' as it is up-to-date.
[        ] Resolve mutations for :integration_test:mergeDebugJavaResource (Thread[#42894,Execution worker Thread 13,5,main]) started.
[        ] :integration_test:mergeDebugJavaResource (Thread[#42894,Execution worker Thread 13,5,main]) started.
[        ] > Task :integration_test:mergeDebugJavaResource UP-TO-DATE
[        ] Caching disabled for task ':integration_test:mergeDebugJavaResource' because:
[        ]   Build cache is disabled
[        ]   Caching has been disabled for the task
[        ] Skipping task ':integration_test:mergeDebugJavaResource' as it is up-to-date.
[        ] Resolve mutations for :integration_test:syncDebugLibJars (Thread[#42894,Execution worker Thread 13,5,main]) started.
[        ] :integration_test:syncDebugLibJars (Thread[#42894,Execution worker Thread 13,5,main]) started.
[        ] > Task :integration_test:syncDebugLibJars UP-TO-DATE
[        ] Caching disabled for task ':integration_test:syncDebugLibJars' because:
[        ]   Build cache is disabled
[        ] Skipping task ':integration_test:syncDebugLibJars' as it is up-to-date.
[        ] Resolve mutations for :integration_test:bundleDebugAar (Thread[#42894,Execution worker Thread 13,5,main]) started.
[        ] :integration_test:bundleDebugAar (Thread[#42894,Execution worker Thread 13,5,main]) started.
[        ] > Task :integration_test:bundleDebugAar UP-TO-DATE
[        ] Caching disabled for task ':integration_test:bundleDebugAar' because:
[        ]   Build cache is disabled
[        ]   Caching has been disabled for the task
[        ] Skipping task ':integration_test:bundleDebugAar' as it is up-to-date.
[        ] Resolve mutations for :integration_test:assembleDebug (Thread[#42894,Execution worker Thread 13,5,main]) started.
[  +87 ms] :integration_test:assembleDebug (Thread[#42894,Execution worker Thread 13,5,main]) started.
[        ] > Task :integration_test:assembleDebug UP-TO-DATE
[        ] Skipping task ':integration_test:assembleDebug' as it has no actions.
[        ] Resolve mutations for :path_provider_android:stripDebugDebugSymbols (Thread[#42894,Execution worker Thread 13,5,main]) started.
[        ] :path_provider_android:stripDebugDebugSymbols (Thread[#42894,Execution worker Thread 13,5,main]) started.
[        ] > Task :path_provider_android:stripDebugDebugSymbols NO-SOURCE
[        ] Skipping task ':path_provider_android:stripDebugDebugSymbols' as it has no source files and no previous output files.
[        ] Resolve mutations for :path_provider_android:copyDebugJniLibsProjectAndLocalJars (Thread[#42894,Execution worker Thread 13,5,main]) started.
[        ] :path_provider_android:copyDebugJniLibsProjectAndLocalJars (Thread[#42894,Execution worker Thread 13,5,main]) started.
[        ] > Task :path_provider_android:copyDebugJniLibsProjectAndLocalJars UP-TO-DATE
[        ] Caching disabled for task ':path_provider_android:copyDebugJniLibsProjectAndLocalJars' because:
[        ]   Build cache is disabled
[        ]   Caching has been disabled for the task
[        ] Skipping task ':path_provider_android:copyDebugJniLibsProjectAndLocalJars' as it is up-to-date.
[        ] Resolve mutations for :path_provider_android:extractDebugAnnotations (Thread[#42894,Execution worker Thread 13,5,main]) started.
[        ] :path_provider_android:extractDebugAnnotations (Thread[#42894,Execution worker Thread 13,5,main]) started.
[        ] > Task :path_provider_android:extractDebugAnnotations UP-TO-DATE
[        ] Caching disabled for task ':path_provider_android:extractDebugAnnotations' because:
[        ]   Build cache is disabled
[        ] Skipping task ':path_provider_android:extractDebugAnnotations' as it is up-to-date.
[        ] Resolve mutations for :path_provider_android:extractDeepLinksForAarDebug (Thread[#42894,Execution worker Thread 13,5,main]) started.
[        ] :path_provider_android:extractDeepLinksForAarDebug (Thread[#42894,Execution worker Thread 13,5,main]) started.
[        ] > Task :path_provider_android:extractDeepLinksForAarDebug UP-TO-DATE
[        ] Caching disabled for task ':path_provider_android:extractDeepLinksForAarDebug' because:
[        ]   Build cache is disabled
[        ] Skipping task ':path_provider_android:extractDeepLinksForAarDebug' as it is up-to-date.
[        ] Resolve mutations for :path_provider_android:mergeDebugGeneratedProguardFiles (Thread[#42894,Execution worker Thread 13,5,main]) started.
[        ] :path_provider_android:mergeDebugGeneratedProguardFiles (Thread[#42894,Execution worker Thread 13,5,main]) started.
[        ] > Task :path_provider_android:mergeDebugGeneratedProguardFiles UP-TO-DATE
[        ] Caching disabled for task ':path_provider_android:mergeDebugGeneratedProguardFiles' because:
[        ]   Build cache is disabled
[        ]   Simple merging task
[        ] Skipping task ':path_provider_android:mergeDebugGeneratedProguardFiles' as it is up-to-date.
[        ] Resolve mutations for :path_provider_android:mergeDebugConsumerProguardFiles (Thread[#42894,Execution worker Thread 13,5,main]) started.
[        ] :path_provider_android:mergeDebugConsumerProguardFiles (Thread[#42894,Execution worker Thread 13,5,main]) started.
[        ] > Task :path_provider_android:mergeDebugConsumerProguardFiles UP-TO-DATE
[        ] Caching disabled for task ':path_provider_android:mergeDebugConsumerProguardFiles' because:
[        ]   Build cache is disabled
[        ]   Simple merging task
[        ] Skipping task ':path_provider_android:mergeDebugConsumerProguardFiles' as it is up-to-date.
[        ] Resolve mutations for :path_provider_android:prepareDebugArtProfile (Thread[#42894,Execution worker Thread 13,5,main]) started.
[        ] :path_provider_android:prepareDebugArtProfile (Thread[#42894,Execution worker Thread 13,5,main]) started.
[        ] > Task :path_provider_android:prepareDebugArtProfile UP-TO-DATE
[        ] Caching disabled for task ':path_provider_android:prepareDebugArtProfile' because:
[        ]   Build cache is disabled
[        ]   Caching has been disabled for the task
[        ] Skipping task ':path_provider_android:prepareDebugArtProfile' as it is up-to-date.
[        ] Resolve mutations for :path_provider_android:prepareLintJarForPublish (Thread[#42894,Execution worker Thread 13,5,main]) started.
[        ] :path_provider_android:prepareLintJarForPublish (Thread[#42894,Execution worker Thread 13,5,main]) started.
[        ] > Task :path_provider_android:prepareLintJarForPublish UP-TO-DATE
[        ] Caching disabled for task ':path_provider_android:prepareLintJarForPublish' because:
[        ]   Build cache is disabled
[        ]   Caching has been disabled for the task
[        ] Skipping task ':path_provider_android:prepareLintJarForPublish' as it is up-to-date.
[        ] Resolve mutations for :path_provider_android:mergeDebugJavaResource (Thread[#42894,Execution worker Thread 13,5,main]) started.
[        ] :path_provider_android:mergeDebugJavaResource (Thread[#42894,Execution worker Thread 13,5,main]) started.
[        ] > Task :path_provider_android:mergeDebugJavaResource UP-TO-DATE
[        ] Caching disabled for task ':path_provider_android:mergeDebugJavaResource' because:
[        ]   Build cache is disabled
[        ]   Caching has been disabled for the task
[        ] Skipping task ':path_provider_android:mergeDebugJavaResource' as it is up-to-date.
[        ] Resolve mutations for :path_provider_android:syncDebugLibJars (Thread[#42894,Execution worker Thread 13,5,main]) started.
[        ] :path_provider_android:syncDebugLibJars (Thread[#42894,Execution worker Thread 13,5,main]) started.
[        ] > Task :path_provider_android:syncDebugLibJars UP-TO-DATE
[        ] Caching disabled for task ':path_provider_android:syncDebugLibJars' because:
[        ]   Build cache is disabled
[        ] Skipping task ':path_provider_android:syncDebugLibJars' as it is up-to-date.
[        ] Resolve mutations for :path_provider_android:bundleDebugAar (Thread[#42894,Execution worker Thread 13,5,main]) started.
[        ] :path_provider_android:bundleDebugAar (Thread[#42894,Execution worker Thread 13,5,main]) started.
[        ] > Task :path_provider_android:bundleDebugAar UP-TO-DATE
[        ] Caching disabled for task ':path_provider_android:bundleDebugAar' because:
[        ]   Build cache is disabled
[        ]   Caching has been disabled for the task
[        ] Skipping task ':path_provider_android:bundleDebugAar' as it is up-to-date.
[        ] Resolve mutations for :path_provider_android:assembleDebug (Thread[#42894,Execution worker Thread 13,5,main]) started.
[        ] :path_provider_android:assembleDebug (Thread[#42894,Execution worker Thread 13,5,main]) started.
[        ] > Task :path_provider_android:assembleDebug UP-TO-DATE
[        ] Skipping task ':path_provider_android:assembleDebug' as it has no actions.
[        ] Resolve mutations for :quill_native_bridge_android:stripDebugDebugSymbols (Thread[#42894,Execution worker Thread 13,5,main]) started.
[        ] :quill_native_bridge_android:stripDebugDebugSymbols (Thread[#42894,Execution worker Thread 13,5,main]) started.
[        ] > Task :quill_native_bridge_android:stripDebugDebugSymbols NO-SOURCE
[        ] Skipping task ':quill_native_bridge_android:stripDebugDebugSymbols' as it has no source files and no previous output files.
[        ] Resolve mutations for :quill_native_bridge_android:copyDebugJniLibsProjectAndLocalJars (Thread[#42894,Execution worker Thread 13,5,main]) started.
[        ] :quill_native_bridge_android:copyDebugJniLibsProjectAndLocalJars (Thread[#42894,Execution worker Thread 13,5,main]) started.
[        ] > Task :quill_native_bridge_android:copyDebugJniLibsProjectAndLocalJars UP-TO-DATE
[        ] Caching disabled for task ':quill_native_bridge_android:copyDebugJniLibsProjectAndLocalJars' because:
[        ]   Build cache is disabled
[        ]   Caching has been disabled for the task
[        ] Skipping task ':quill_native_bridge_android:copyDebugJniLibsProjectAndLocalJars' as it is up-to-date.
[        ] Resolve mutations for :quill_native_bridge_android:extractDebugAnnotations (Thread[#42894,Execution worker Thread 13,5,main]) started.
[        ] :quill_native_bridge_android:extractDebugAnnotations (Thread[#42894,Execution worker Thread 13,5,main]) started.
[        ] > Task :quill_native_bridge_android:extractDebugAnnotations UP-TO-DATE
[        ] Caching disabled for task ':quill_native_bridge_android:extractDebugAnnotations' because:
[        ]   Build cache is disabled
[        ] Skipping task ':quill_native_bridge_android:extractDebugAnnotations' as it is up-to-date.
[        ] Resolve mutations for :quill_native_bridge_android:extractDeepLinksForAarDebug (Thread[#42894,Execution worker Thread 13,5,main]) started.
[        ] :quill_native_bridge_android:extractDeepLinksForAarDebug (Thread[#42894,Execution worker Thread 13,5,main]) started.
[        ] > Task :quill_native_bridge_android:extractDeepLinksForAarDebug UP-TO-DATE
[        ] Caching disabled for task ':quill_native_bridge_android:extractDeepLinksForAarDebug' because:
[        ]   Build cache is disabled
[        ] Skipping task ':quill_native_bridge_android:extractDeepLinksForAarDebug' as it is up-to-date.
[        ] Resolve mutations for :quill_native_bridge_android:mergeDebugGeneratedProguardFiles (Thread[#42894,Execution worker Thread 13,5,main]) started.
[        ] :quill_native_bridge_android:mergeDebugGeneratedProguardFiles (Thread[#42894,Execution worker Thread 13,5,main]) started.
[        ] > Task :quill_native_bridge_android:mergeDebugGeneratedProguardFiles UP-TO-DATE
[        ] Caching disabled for task ':quill_native_bridge_android:mergeDebugGeneratedProguardFiles' because:
[        ]   Build cache is disabled
[        ]   Simple merging task
[        ] Skipping task ':quill_native_bridge_android:mergeDebugGeneratedProguardFiles' as it is up-to-date.
[        ] Resolve mutations for :quill_native_bridge_android:mergeDebugConsumerProguardFiles (Thread[#42894,Execution worker Thread 13,5,main]) started.
[        ] :quill_native_bridge_android:mergeDebugConsumerProguardFiles (Thread[#42894,Execution worker Thread 13,5,main]) started.
[        ] > Task :quill_native_bridge_android:mergeDebugConsumerProguardFiles UP-TO-DATE
[        ] Caching disabled for task ':quill_native_bridge_android:mergeDebugConsumerProguardFiles' because:
[        ]   Build cache is disabled
[        ]   Simple merging task
[        ] Skipping task ':quill_native_bridge_android:mergeDebugConsumerProguardFiles' as it is up-to-date.
[        ] Resolve mutations for :quill_native_bridge_android:prepareDebugArtProfile (Thread[#42894,Execution worker Thread 13,5,main]) started.
[        ] :quill_native_bridge_android:prepareDebugArtProfile (Thread[#42894,Execution worker Thread 13,5,main]) started.
[        ] > Task :quill_native_bridge_android:prepareDebugArtProfile UP-TO-DATE
[        ] Caching disabled for task ':quill_native_bridge_android:prepareDebugArtProfile' because:
[        ]   Build cache is disabled
[        ]   Caching has been disabled for the task
[        ] Skipping task ':quill_native_bridge_android:prepareDebugArtProfile' as it is up-to-date.
[        ] Resolve mutations for :quill_native_bridge_android:prepareLintJarForPublish (Thread[#42894,Execution worker Thread 13,5,main]) started.
[        ] :quill_native_bridge_android:prepareLintJarForPublish (Thread[#42894,Execution worker Thread 13,5,main]) started.
[        ] > Task :quill_native_bridge_android:prepareLintJarForPublish UP-TO-DATE
[        ] Caching disabled for task ':quill_native_bridge_android:prepareLintJarForPublish' because:
[        ]   Build cache is disabled
[        ]   Caching has been disabled for the task
[        ] Skipping task ':quill_native_bridge_android:prepareLintJarForPublish' as it is up-to-date.
[        ] Resolve mutations for :quill_native_bridge_android:mergeDebugJavaResource (Thread[#42894,Execution worker Thread 13,5,main]) started.
[        ] :quill_native_bridge_android:mergeDebugJavaResource (Thread[#42894,Execution worker Thread 13,5,main]) started.
[        ] > Task :quill_native_bridge_android:mergeDebugJavaResource UP-TO-DATE
[        ] Caching disabled for task ':quill_native_bridge_android:mergeDebugJavaResource' because:
[        ]   Build cache is disabled
[        ]   Caching has been disabled for the task
[        ] Skipping task ':quill_native_bridge_android:mergeDebugJavaResource' as it is up-to-date.
[        ] Resolve mutations for :quill_native_bridge_android:syncDebugLibJars (Thread[#42894,Execution worker Thread 13,5,main]) started.
[        ] :quill_native_bridge_android:syncDebugLibJars (Thread[#42894,Execution worker Thread 13,5,main]) started.
[        ] > Task :quill_native_bridge_android:syncDebugLibJars UP-TO-DATE
[        ] Caching disabled for task ':quill_native_bridge_android:syncDebugLibJars' because:
[        ]   Build cache is disabled
[        ] Skipping task ':quill_native_bridge_android:syncDebugLibJars' as it is up-to-date.
[        ] Resolve mutations for :quill_native_bridge_android:bundleDebugAar (Thread[#42894,Execution worker Thread 13,5,main]) started.
[        ] :quill_native_bridge_android:bundleDebugAar (Thread[#42894,Execution worker Thread 13,5,main]) started.
[        ] > Task :quill_native_bridge_android:bundleDebugAar UP-TO-DATE
[        ] Caching disabled for task ':quill_native_bridge_android:bundleDebugAar' because:
[        ]   Build cache is disabled
[        ]   Caching has been disabled for the task
[        ] Skipping task ':quill_native_bridge_android:bundleDebugAar' as it is up-to-date.
[        ] Resolve mutations for :quill_native_bridge_android:assembleDebug (Thread[#42894,Execution worker Thread 13,5,main]) started.
[        ] :quill_native_bridge_android:assembleDebug (Thread[#42894,Execution worker Thread 13,5,main]) started.
[        ] > Task :quill_native_bridge_android:assembleDebug UP-TO-DATE
[        ] Skipping task ':quill_native_bridge_android:assembleDebug' as it has no actions.
[        ] Resolve mutations for :shared_preferences_android:stripDebugDebugSymbols (Thread[#42894,Execution worker Thread 13,5,main]) started.
[        ] :shared_preferences_android:stripDebugDebugSymbols (Thread[#42894,Execution worker Thread 13,5,main]) started.
[        ] > Task :shared_preferences_android:stripDebugDebugSymbols NO-SOURCE
[        ] Skipping task ':shared_preferences_android:stripDebugDebugSymbols' as it has no source files and no previous output files.
[        ] Resolve mutations for :shared_preferences_android:copyDebugJniLibsProjectAndLocalJars (Thread[#42894,Execution worker Thread 13,5,main]) started.
[        ] :shared_preferences_android:copyDebugJniLibsProjectAndLocalJars (Thread[#42894,Execution worker Thread 13,5,main]) started.
[        ] > Task :shared_preferences_android:copyDebugJniLibsProjectAndLocalJars UP-TO-DATE
[        ] Caching disabled for task ':shared_preferences_android:copyDebugJniLibsProjectAndLocalJars' because:
[        ]   Build cache is disabled
[        ]   Caching has been disabled for the task
[        ] Skipping task ':shared_preferences_android:copyDebugJniLibsProjectAndLocalJars' as it is up-to-date.
[        ] Resolve mutations for :shared_preferences_android:extractDebugAnnotations (Thread[#42894,Execution worker Thread 13,5,main]) started.
[        ] :shared_preferences_android:extractDebugAnnotations (Thread[#42894,Execution worker Thread 13,5,main]) started.
[        ] > Task :shared_preferences_android:extractDebugAnnotations UP-TO-DATE
[        ] Caching disabled for task ':shared_preferences_android:extractDebugAnnotations' because:
[        ]   Build cache is disabled
[        ] Skipping task ':shared_preferences_android:extractDebugAnnotations' as it is up-to-date.
[        ] Resolve mutations for :shared_preferences_android:extractDeepLinksForAarDebug (Thread[#42894,Execution worker Thread 13,5,main]) started.
[        ] :shared_preferences_android:extractDeepLinksForAarDebug (Thread[#42894,Execution worker Thread 13,5,main]) started.
[        ] > Task :shared_preferences_android:extractDeepLinksForAarDebug UP-TO-DATE
[        ] Caching disabled for task ':shared_preferences_android:extractDeepLinksForAarDebug' because:
[        ]   Build cache is disabled
[        ] Skipping task ':shared_preferences_android:extractDeepLinksForAarDebug' as it is up-to-date.
[        ] Resolve mutations for :shared_preferences_android:mergeDebugGeneratedProguardFiles (Thread[#42894,Execution worker Thread 13,5,main]) started.
[        ] :shared_preferences_android:mergeDebugGeneratedProguardFiles (Thread[#42894,Execution worker Thread 13,5,main]) started.
[        ] > Task :shared_preferences_android:mergeDebugGeneratedProguardFiles UP-TO-DATE
[        ] Caching disabled for task ':shared_preferences_android:mergeDebugGeneratedProguardFiles' because:
[        ]   Build cache is disabled
[        ]   Simple merging task
[        ] Skipping task ':shared_preferences_android:mergeDebugGeneratedProguardFiles' as it is up-to-date.
[        ] Resolve mutations for :shared_preferences_android:mergeDebugConsumerProguardFiles (Thread[#42894,Execution worker Thread 13,5,main]) started.
[        ] :shared_preferences_android:mergeDebugConsumerProguardFiles (Thread[#42894,Execution worker Thread 13,5,main]) started.
[        ] > Task :shared_preferences_android:mergeDebugConsumerProguardFiles UP-TO-DATE
[        ] Caching disabled for task ':shared_preferences_android:mergeDebugConsumerProguardFiles' because:
[        ]   Build cache is disabled
[        ]   Simple merging task
[        ] Skipping task ':shared_preferences_android:mergeDebugConsumerProguardFiles' as it is up-to-date.
[        ] Resolve mutations for :shared_preferences_android:prepareDebugArtProfile (Thread[#42894,Execution worker Thread 13,5,main]) started.
[        ] :shared_preferences_android:prepareDebugArtProfile (Thread[#42894,Execution worker Thread 13,5,main]) started.
[        ] > Task :shared_preferences_android:prepareDebugArtProfile UP-TO-DATE
[        ] Caching disabled for task ':shared_preferences_android:prepareDebugArtProfile' because:
[        ]   Build cache is disabled
[        ]   Caching has been disabled for the task
[        ] Skipping task ':shared_preferences_android:prepareDebugArtProfile' as it is up-to-date.
[        ] Resolve mutations for :shared_preferences_android:prepareLintJarForPublish (Thread[#42894,Execution worker Thread 13,5,main]) started.
[        ] :shared_preferences_android:prepareLintJarForPublish (Thread[#42894,Execution worker Thread 13,5,main]) started.
[        ] > Task :shared_preferences_android:prepareLintJarForPublish UP-TO-DATE
[        ] Caching disabled for task ':shared_preferences_android:prepareLintJarForPublish' because:
[        ]   Build cache is disabled
[        ]   Caching has been disabled for the task
[        ] Skipping task ':shared_preferences_android:prepareLintJarForPublish' as it is up-to-date.
[        ] Resolve mutations for :shared_preferences_android:mergeDebugJavaResource (Thread[#42894,Execution worker Thread 13,5,main]) started.
[        ] :shared_preferences_android:mergeDebugJavaResource (Thread[#42894,Execution worker Thread 13,5,main]) started.
[        ] > Task :shared_preferences_android:mergeDebugJavaResource UP-TO-DATE
[        ] Caching disabled for task ':shared_preferences_android:mergeDebugJavaResource' because:
[        ]   Build cache is disabled
[        ]   Caching has been disabled for the task
[        ] Skipping task ':shared_preferences_android:mergeDebugJavaResource' as it is up-to-date.
[        ] Resolve mutations for :shared_preferences_android:syncDebugLibJars (Thread[#42894,Execution worker Thread 13,5,main]) started.
[        ] :shared_preferences_android:syncDebugLibJars (Thread[#42894,Execution worker Thread 13,5,main]) started.
[        ] > Task :shared_preferences_android:syncDebugLibJars UP-TO-DATE
[        ] Caching disabled for task ':shared_preferences_android:syncDebugLibJars' because:
[        ]   Build cache is disabled
[        ] Skipping task ':shared_preferences_android:syncDebugLibJars' as it is up-to-date.
[        ] Resolve mutations for :shared_preferences_android:bundleDebugAar (Thread[#42894,Execution worker Thread 13,5,main]) started.
[        ] :shared_preferences_android:bundleDebugAar (Thread[#42894,Execution worker Thread 13,5,main]) started.
[        ] > Task :shared_preferences_android:bundleDebugAar UP-TO-DATE
[        ] Caching disabled for task ':shared_preferences_android:bundleDebugAar' because:
[        ]   Build cache is disabled
[        ]   Caching has been disabled for the task
[        ] Skipping task ':shared_preferences_android:bundleDebugAar' as it is up-to-date.
[        ] Resolve mutations for :shared_preferences_android:assembleDebug (Thread[#42894,Execution worker Thread 13,5,main]) started.
[        ] :shared_preferences_android:assembleDebug (Thread[#42894,Execution worker Thread 13,5,main]) started.
[        ] > Task :shared_preferences_android:assembleDebug UP-TO-DATE
[        ] Skipping task ':shared_preferences_android:assembleDebug' as it has no actions.
[        ] Resolve mutations for :sqflite_android:stripDebugDebugSymbols (Thread[#42894,Execution worker Thread 13,5,main]) started.
[        ] :sqflite_android:stripDebugDebugSymbols (Thread[#42894,Execution worker Thread 13,5,main]) started.
[        ] > Task :sqflite_android:stripDebugDebugSymbols NO-SOURCE
[        ] Skipping task ':sqflite_android:stripDebugDebugSymbols' as it has no source files and no previous output files.
[        ] Resolve mutations for :sqflite_android:copyDebugJniLibsProjectAndLocalJars (Thread[#42894,Execution worker Thread 13,5,main]) started.
[        ] :sqflite_android:copyDebugJniLibsProjectAndLocalJars (Thread[#42894,Execution worker Thread 13,5,main]) started.
[        ] > Task :sqflite_android:copyDebugJniLibsProjectAndLocalJars UP-TO-DATE
[        ] Caching disabled for task ':sqflite_android:copyDebugJniLibsProjectAndLocalJars' because:
[        ]   Build cache is disabled
[        ]   Caching has been disabled for the task
[        ] Skipping task ':sqflite_android:copyDebugJniLibsProjectAndLocalJars' as it is up-to-date.
[        ] Resolve mutations for :sqflite_android:extractDebugAnnotations (Thread[#42894,Execution worker Thread 13,5,main]) started.
[        ] :sqflite_android:extractDebugAnnotations (Thread[#42894,Execution worker Thread 13,5,main]) started.
[        ] > Task :sqflite_android:extractDebugAnnotations UP-TO-DATE
[        ] Caching disabled for task ':sqflite_android:extractDebugAnnotations' because:
[        ]   Build cache is disabled
[        ] Skipping task ':sqflite_android:extractDebugAnnotations' as it is up-to-date.
[        ] Resolve mutations for :sqflite_android:extractDeepLinksForAarDebug (Thread[#42894,Execution worker Thread 13,5,main]) started.
[        ] :sqflite_android:extractDeepLinksForAarDebug (Thread[#42894,Execution worker Thread 13,5,main]) started.
[        ] > Task :sqflite_android:extractDeepLinksForAarDebug UP-TO-DATE
[        ] Caching disabled for task ':sqflite_android:extractDeepLinksForAarDebug' because:
[        ]   Build cache is disabled
[        ] Skipping task ':sqflite_android:extractDeepLinksForAarDebug' as it is up-to-date.
[        ] Resolve mutations for :sqflite_android:mergeDebugGeneratedProguardFiles (Thread[#42894,Execution worker Thread 13,5,main]) started.
[        ] :sqflite_android:mergeDebugGeneratedProguardFiles (Thread[#42894,Execution worker Thread 13,5,main]) started.
[        ] > Task :sqflite_android:mergeDebugGeneratedProguardFiles UP-TO-DATE
[        ] Caching disabled for task ':sqflite_android:mergeDebugGeneratedProguardFiles' because:
[        ]   Build cache is disabled
[        ]   Simple merging task
[        ] Skipping task ':sqflite_android:mergeDebugGeneratedProguardFiles' as it is up-to-date.
[        ] Resolve mutations for :sqflite_android:mergeDebugConsumerProguardFiles (Thread[#42894,Execution worker Thread 13,5,main]) started.
[        ] :sqflite_android:mergeDebugConsumerProguardFiles (Thread[#42894,Execution worker Thread 13,5,main]) started.
[        ] > Task :sqflite_android:mergeDebugConsumerProguardFiles UP-TO-DATE
[        ] Caching disabled for task ':sqflite_android:mergeDebugConsumerProguardFiles' because:
[        ]   Build cache is disabled
[        ]   Simple merging task
[        ] Skipping task ':sqflite_android:mergeDebugConsumerProguardFiles' as it is up-to-date.
[        ] Resolve mutations for :sqflite_android:prepareDebugArtProfile (Thread[#42894,Execution worker Thread 13,5,main]) started.
[        ] :sqflite_android:prepareDebugArtProfile (Thread[#42894,Execution worker Thread 13,5,main]) started.
[        ] > Task :sqflite_android:prepareDebugArtProfile UP-TO-DATE
[        ] Caching disabled for task ':sqflite_android:prepareDebugArtProfile' because:
[        ]   Build cache is disabled
[        ]   Caching has been disabled for the task
[        ] Skipping task ':sqflite_android:prepareDebugArtProfile' as it is up-to-date.
[        ] Resolve mutations for :sqflite_android:prepareLintJarForPublish (Thread[#42894,Execution worker Thread 13,5,main]) started.
[        ] :sqflite_android:prepareLintJarForPublish (Thread[#42894,Execution worker Thread 13,5,main]) started.
[        ] > Task :sqflite_android:prepareLintJarForPublish UP-TO-DATE
[        ] Caching disabled for task ':sqflite_android:prepareLintJarForPublish' because:
[        ]   Build cache is disabled
[        ]   Caching has been disabled for the task
[        ] Skipping task ':sqflite_android:prepareLintJarForPublish' as it is up-to-date.
[        ] Resolve mutations for :sqflite_android:mergeDebugJavaResource (Thread[#42894,Execution worker Thread 13,5,main]) started.
[        ] :sqflite_android:mergeDebugJavaResource (Thread[#42894,Execution worker Thread 13,5,main]) started.
[        ] > Task :sqflite_android:mergeDebugJavaResource UP-TO-DATE
[        ] Caching disabled for task ':sqflite_android:mergeDebugJavaResource' because:
[        ]   Build cache is disabled
[        ]   Caching has been disabled for the task
[        ] Skipping task ':sqflite_android:mergeDebugJavaResource' as it is up-to-date.
[        ] Resolve mutations for :sqflite_android:syncDebugLibJars (Thread[#42894,Execution worker Thread 13,5,main]) started.
[        ] :sqflite_android:syncDebugLibJars (Thread[#42894,Execution worker Thread 13,5,main]) started.
[        ] > Task :sqflite_android:syncDebugLibJars UP-TO-DATE
[        ] Caching disabled for task ':sqflite_android:syncDebugLibJars' because:
[        ]   Build cache is disabled
[        ] Skipping task ':sqflite_android:syncDebugLibJars' as it is up-to-date.
[        ] Resolve mutations for :sqflite_android:bundleDebugAar (Thread[#42894,Execution worker Thread 13,5,main]) started.
[        ] :sqflite_android:bundleDebugAar (Thread[#42894,Execution worker Thread 13,5,main]) started.
[        ] > Task :sqflite_android:bundleDebugAar UP-TO-DATE
[        ] Caching disabled for task ':sqflite_android:bundleDebugAar' because:
[        ]   Build cache is disabled
[        ]   Caching has been disabled for the task
[        ] Skipping task ':sqflite_android:bundleDebugAar' as it is up-to-date.
[        ] Resolve mutations for :sqflite_android:assembleDebug (Thread[#42894,Execution worker Thread 13,5,main]) started.
[        ] :sqflite_android:assembleDebug (Thread[#42894,Execution worker Thread 13,5,main]) started.
[        ] > Task :sqflite_android:assembleDebug UP-TO-DATE
[        ] Skipping task ':sqflite_android:assembleDebug' as it has no actions.
[        ] Resolve mutations for :url_launcher_android:stripDebugDebugSymbols (Thread[#42894,Execution worker Thread 13,5,main]) started.
[        ] :url_launcher_android:stripDebugDebugSymbols (Thread[#42894,Execution worker Thread 13,5,main]) started.
[        ] > Task :url_launcher_android:stripDebugDebugSymbols NO-SOURCE
[        ] Skipping task ':url_launcher_android:stripDebugDebugSymbols' as it has no source files and no previous output files.
[        ] Resolve mutations for :url_launcher_android:copyDebugJniLibsProjectAndLocalJars (Thread[#42894,Execution worker Thread 13,5,main]) started.
[        ] :url_launcher_android:copyDebugJniLibsProjectAndLocalJars (Thread[#42894,Execution worker Thread 13,5,main]) started.
[        ] > Task :url_launcher_android:copyDebugJniLibsProjectAndLocalJars UP-TO-DATE
[        ] Caching disabled for task ':url_launcher_android:copyDebugJniLibsProjectAndLocalJars' because:
[        ]   Build cache is disabled
[        ]   Caching has been disabled for the task
[        ] Skipping task ':url_launcher_android:copyDebugJniLibsProjectAndLocalJars' as it is up-to-date.
[        ] Resolve mutations for :url_launcher_android:extractDebugAnnotations (Thread[#42894,Execution worker Thread 13,5,main]) started.
[        ] :url_launcher_android:extractDebugAnnotations (Thread[#42894,Execution worker Thread 13,5,main]) started.
[        ] > Task :url_launcher_android:extractDebugAnnotations UP-TO-DATE
[        ] Caching disabled for task ':url_launcher_android:extractDebugAnnotations' because:
[        ]   Build cache is disabled
[        ] Skipping task ':url_launcher_android:extractDebugAnnotations' as it is up-to-date.
[        ] Resolve mutations for :url_launcher_android:extractDeepLinksForAarDebug (Thread[#42894,Execution worker Thread 13,5,main]) started.
[        ] :url_launcher_android:extractDeepLinksForAarDebug (Thread[#42894,Execution worker Thread 13,5,main]) started.
[        ] > Task :url_launcher_android:extractDeepLinksForAarDebug UP-TO-DATE
[        ] Caching disabled for task ':url_launcher_android:extractDeepLinksForAarDebug' because:
[        ]   Build cache is disabled
[        ] Skipping task ':url_launcher_android:extractDeepLinksForAarDebug' as it is up-to-date.
[        ] Resolve mutations for :url_launcher_android:mergeDebugGeneratedProguardFiles (Thread[#42894,Execution worker Thread 13,5,main]) started.
[        ] :url_launcher_android:mergeDebugGeneratedProguardFiles (Thread[#42894,Execution worker Thread 13,5,main]) started.
[        ] > Task :url_launcher_android:mergeDebugGeneratedProguardFiles UP-TO-DATE
[        ] Caching disabled for task ':url_launcher_android:mergeDebugGeneratedProguardFiles' because:
[        ]   Build cache is disabled
[        ]   Simple merging task
[        ] Skipping task ':url_launcher_android:mergeDebugGeneratedProguardFiles' as it is up-to-date.
[        ] Resolve mutations for :url_launcher_android:mergeDebugConsumerProguardFiles (Thread[#42894,Execution worker Thread 13,5,main]) started.
[        ] :url_launcher_android:mergeDebugConsumerProguardFiles (Thread[#42894,Execution worker Thread 13,5,main]) started.
[        ] > Task :url_launcher_android:mergeDebugConsumerProguardFiles UP-TO-DATE
[        ] Caching disabled for task ':url_launcher_android:mergeDebugConsumerProguardFiles' because:
[        ]   Build cache is disabled
[        ]   Simple merging task
[        ] Skipping task ':url_launcher_android:mergeDebugConsumerProguardFiles' as it is up-to-date.
[        ] Resolve mutations for :url_launcher_android:prepareDebugArtProfile (Thread[#42894,Execution worker Thread 13,5,main]) started.
[        ] :url_launcher_android:prepareDebugArtProfile (Thread[#42894,Execution worker Thread 13,5,main]) started.
[        ] > Task :url_launcher_android:prepareDebugArtProfile UP-TO-DATE
[        ] Caching disabled for task ':url_launcher_android:prepareDebugArtProfile' because:
[        ]   Build cache is disabled
[        ]   Caching has been disabled for the task
[        ] Skipping task ':url_launcher_android:prepareDebugArtProfile' as it is up-to-date.
[        ] Resolve mutations for :url_launcher_android:prepareLintJarForPublish (Thread[#42894,Execution worker Thread 13,5,main]) started.
[        ] :url_launcher_android:prepareLintJarForPublish (Thread[#42894,Execution worker Thread 13,5,main]) started.
[        ] > Task :url_launcher_android:prepareLintJarForPublish UP-TO-DATE
[        ] Caching disabled for task ':url_launcher_android:prepareLintJarForPublish' because:
[        ]   Build cache is disabled
[        ]   Caching has been disabled for the task
[        ] Skipping task ':url_launcher_android:prepareLintJarForPublish' as it is up-to-date.
[        ] Resolve mutations for :url_launcher_android:mergeDebugJavaResource (Thread[#42894,Execution worker Thread 13,5,main]) started.
[        ] :url_launcher_android:mergeDebugJavaResource (Thread[#42894,Execution worker Thread 13,5,main]) started.
[        ] > Task :url_launcher_android:mergeDebugJavaResource UP-TO-DATE
[        ] Caching disabled for task ':url_launcher_android:mergeDebugJavaResource' because:
[        ]   Build cache is disabled
[        ]   Caching has been disabled for the task
[        ] Skipping task ':url_launcher_android:mergeDebugJavaResource' as it is up-to-date.
[        ] Resolve mutations for :url_launcher_android:syncDebugLibJars (Thread[#42894,Execution worker Thread 13,5,main]) started.
[        ] :url_launcher_android:syncDebugLibJars (Thread[#42894,Execution worker Thread 13,5,main]) started.
[        ] > Task :url_launcher_android:syncDebugLibJars UP-TO-DATE
[        ] Caching disabled for task ':url_launcher_android:syncDebugLibJars' because:
[        ]   Build cache is disabled
[        ] Skipping task ':url_launcher_android:syncDebugLibJars' as it is up-to-date.
[        ] Resolve mutations for :url_launcher_android:bundleDebugAar (Thread[#42894,Execution worker Thread 13,5,main]) started.
[        ] :url_launcher_android:bundleDebugAar (Thread[#42894,Execution worker Thread 13,5,main]) started.
[        ] > Task :url_launcher_android:bundleDebugAar UP-TO-DATE
[        ] Caching disabled for task ':url_launcher_android:bundleDebugAar' because:
[        ]   Build cache is disabled
[        ]   Caching has been disabled for the task
[        ] Skipping task ':url_launcher_android:bundleDebugAar' as it is up-to-date.
[        ] Resolve mutations for :url_launcher_android:assembleDebug (Thread[#42894,Execution worker Thread 13,5,main]) started.
[        ] :url_launcher_android:assembleDebug (Thread[#42894,Execution worker Thread 13,5,main]) started.
[        ] > Task :url_launcher_android:assembleDebug UP-TO-DATE
[        ] Skipping task ':url_launcher_android:assembleDebug' as it has no actions.
[        ] Resolve mutations for :video_player_android:stripDebugDebugSymbols (Thread[#42894,Execution worker Thread 13,5,main]) started.
[        ] :video_player_android:stripDebugDebugSymbols (Thread[#42894,Execution worker Thread 13,5,main]) started.
[        ] > Task :video_player_android:stripDebugDebugSymbols NO-SOURCE
[        ] Skipping task ':video_player_android:stripDebugDebugSymbols' as it has no source files and no previous output files.
[        ] Resolve mutations for :video_player_android:copyDebugJniLibsProjectAndLocalJars (Thread[#42894,Execution worker Thread 13,5,main]) started.
[        ] :video_player_android:copyDebugJniLibsProjectAndLocalJars (Thread[#42894,Execution worker Thread 13,5,main]) started.
[        ] > Task :video_player_android:copyDebugJniLibsProjectAndLocalJars UP-TO-DATE
[        ] Caching disabled for task ':video_player_android:copyDebugJniLibsProjectAndLocalJars' because:
[        ]   Build cache is disabled
[        ]   Caching has been disabled for the task
[        ] Skipping task ':video_player_android:copyDebugJniLibsProjectAndLocalJars' as it is up-to-date.
[        ] Resolve mutations for :video_player_android:extractDebugAnnotations (Thread[#42894,Execution worker Thread 13,5,main]) started.
[        ] :video_player_android:extractDebugAnnotations (Thread[#42894,Execution worker Thread 13,5,main]) started.
[        ] > Task :video_player_android:extractDebugAnnotations UP-TO-DATE
[        ] Caching disabled for task ':video_player_android:extractDebugAnnotations' because:
[        ]   Build cache is disabled
[        ] Skipping task ':video_player_android:extractDebugAnnotations' as it is up-to-date.
[        ] Resolve mutations for :video_player_android:extractDeepLinksForAarDebug (Thread[#42894,Execution worker Thread 13,5,main]) started.
[        ] :video_player_android:extractDeepLinksForAarDebug (Thread[#42894,Execution worker Thread 13,5,main]) started.
[        ] > Task :video_player_android:extractDeepLinksForAarDebug UP-TO-DATE
[        ] Caching disabled for task ':video_player_android:extractDeepLinksForAarDebug' because:
[        ]   Build cache is disabled
[        ] Skipping task ':video_player_android:extractDeepLinksForAarDebug' as it is up-to-date.
[        ] Resolve mutations for :video_player_android:mergeDebugGeneratedProguardFiles (Thread[#42894,Execution worker Thread 13,5,main]) started.
[        ] :video_player_android:mergeDebugGeneratedProguardFiles (Thread[#42894,Execution worker Thread 13,5,main]) started.
[        ] > Task :video_player_android:mergeDebugGeneratedProguardFiles UP-TO-DATE
[        ] Caching disabled for task ':video_player_android:mergeDebugGeneratedProguardFiles' because:
[        ]   Build cache is disabled
[        ]   Simple merging task
[        ] Skipping task ':video_player_android:mergeDebugGeneratedProguardFiles' as it is up-to-date.
[        ] Resolve mutations for :video_player_android:mergeDebugConsumerProguardFiles (Thread[#42894,Execution worker Thread 13,5,main]) started.
[        ] :video_player_android:mergeDebugConsumerProguardFiles (Thread[#42894,Execution worker Thread 13,5,main]) started.
[        ] > Task :video_player_android:mergeDebugConsumerProguardFiles UP-TO-DATE
[        ] Caching disabled for task ':video_player_android:mergeDebugConsumerProguardFiles' because:
[        ]   Build cache is disabled
[        ]   Simple merging task
[        ] Skipping task ':video_player_android:mergeDebugConsumerProguardFiles' as it is up-to-date.
[        ] Resolve mutations for :video_player_android:prepareDebugArtProfile (Thread[#42894,Execution worker Thread 13,5,main]) started.
[        ] :video_player_android:prepareDebugArtProfile (Thread[#42894,Execution worker Thread 13,5,main]) started.
[        ] > Task :video_player_android:prepareDebugArtProfile UP-TO-DATE
[        ] Caching disabled for task ':video_player_android:prepareDebugArtProfile' because:
[        ]   Build cache is disabled
[        ]   Caching has been disabled for the task
[        ] Skipping task ':video_player_android:prepareDebugArtProfile' as it is up-to-date.
[        ] Resolve mutations for :video_player_android:prepareLintJarForPublish (Thread[#42894,Execution worker Thread 13,5,main]) started.
[        ] :video_player_android:prepareLintJarForPublish (Thread[#42894,Execution worker Thread 13,5,main]) started.
[        ] > Task :video_player_android:prepareLintJarForPublish UP-TO-DATE
[        ] Caching disabled for task ':video_player_android:prepareLintJarForPublish' because:
[        ]   Build cache is disabled
[        ]   Caching has been disabled for the task
[        ] Skipping task ':video_player_android:prepareLintJarForPublish' as it is up-to-date.
[        ] Resolve mutations for :video_player_android:mergeDebugJavaResource (Thread[#42894,Execution worker Thread 13,5,main]) started.
[        ] :video_player_android:mergeDebugJavaResource (Thread[#42894,Execution worker Thread 13,5,main]) started.
[        ] > Task :video_player_android:mergeDebugJavaResource UP-TO-DATE
[        ] Caching disabled for task ':video_player_android:mergeDebugJavaResource' because:
[        ]   Build cache is disabled
[        ]   Caching has been disabled for the task
[        ] Skipping task ':video_player_android:mergeDebugJavaResource' as it is up-to-date.
[        ] Resolve mutations for :video_player_android:syncDebugLibJars (Thread[#42894,Execution worker Thread 13,5,main]) started.
[        ] :video_player_android:syncDebugLibJars (Thread[#42894,Execution worker Thread 13,5,main]) started.
[        ] > Task :video_player_android:syncDebugLibJars UP-TO-DATE
[        ] Caching disabled for task ':video_player_android:syncDebugLibJars' because:
[        ]   Build cache is disabled
[        ] Skipping task ':video_player_android:syncDebugLibJars' as it is up-to-date.
[        ] Resolve mutations for :video_player_android:bundleDebugAar (Thread[#42894,Execution worker Thread 13,5,main]) started.
[        ] :video_player_android:bundleDebugAar (Thread[#42894,Execution worker Thread 13,5,main]) started.
[        ] > Task :video_player_android:bundleDebugAar UP-TO-DATE
[        ] Caching disabled for task ':video_player_android:bundleDebugAar' because:
[        ]   Build cache is disabled
[        ]   Caching has been disabled for the task
[        ] Skipping task ':video_player_android:bundleDebugAar' as it is up-to-date.
[        ] Resolve mutations for :video_player_android:assembleDebug (Thread[#42894,Execution worker Thread 13,5,main]) started.
[        ] :video_player_android:assembleDebug (Thread[#42894,Execution worker Thread 13,5,main]) started.
[        ] > Task :video_player_android:assembleDebug UP-TO-DATE
[        ] Skipping task ':video_player_android:assembleDebug' as it has no actions.
14:04 +11 -30: loading /Users/florian/Code/substitution/integration_test/feed_test.dart                                                                                                                [ +502 ms] > Task :app:compressDebugAssets
[        ] Caching disabled for task ':app:compressDebugAssets' because:
[        ]   Build cache is disabled
[        ] Task ':app:compressDebugAssets' is not up-to-date because:
[        ]   Input property 'inputDirs' file /Users/florian/Code/substitution/build/app/intermediates/assets/debug/mergeDebugAssets/flutter_assets/kernel_blob.bin has changed.
[        ] Resolve mutations for :app:packageDebug (Thread[#42908,Execution worker Thread 27,5,main]) started.
[        ] :app:packageDebug (Thread[#42908,Execution worker Thread 27,5,main]) started.
[ +293 ms] > Task :app:packageDebug
[        ] Custom actions are attached to task ':app:packageDebug'.
[        ] Caching disabled for task ':app:packageDebug' because:
[        ]   Build cache is disabled
[        ]   Caching has been disabled for the task
[        ] Task ':app:packageDebug' is not up-to-date because:
[        ]   Input property 'assets' file /Users/florian/Code/substitution/build/app/intermediates/compressed_assets/debug/compressDebugAssets/out/assets/flutter_assets/kernel_blob.bin.jar has changed.
[        ] Resolve mutations for :app:createDebugApkListingFileRedirect (Thread[#42908,Execution worker Thread 27,5,main]) started.
[        ] :app:createDebugApkListingFileRedirect (Thread[#42908,Execution worker Thread 27,5,main]) started.
[        ] > Task :app:createDebugApkListingFileRedirect UP-TO-DATE
[        ] Caching disabled for task ':app:createDebugApkListingFileRedirect' because:
[        ]   Build cache is disabled
[        ]   Caching has been disabled for the task
[        ] Skipping task ':app:createDebugApkListingFileRedirect' as it is up-to-date.
[        ] Resolve mutations for :app:assembleDebug (Thread[#42908,Execution worker Thread 27,5,main]) started.
[        ] :app:assembleDebug (Thread[#42908,Execution worker Thread 27,5,main]) started.
[ +106 ms] > Task :app:assembleDebug
[        ] Caching disabled for task ':app:assembleDebug' because:
[        ]   Build cache is disabled
[        ] Task ':app:assembleDebug' is not up-to-date because:
[        ]   Task has not declared any outputs despite executing actions.
[        ] [Incubating] Problems report is available at: file:///Users/florian/Code/substitution/build/reports/problems/problems-report.html
[        ] Deprecated Gradle features were used in this build, making it incompatible with Gradle 9.0.
[        ] You can use '--warning-mode all' to show the individual deprecation warnings and determine if they come from your own scripts or plugins.
[        ] For more on this, please refer to https://docs.gradle.org/8.12.1/userguide/command_line_interface.html#sec:command_line_warnings in the Gradle documentation.
[        ] BUILD SUCCESSFUL in 12s
[        ] 458 actionable tasks: 29 executed, 429 up-to-date
[        ] Watched directory hierarchies: [/opt/homebrew/share/flutter/packages/flutter_tools/gradle, /Users/florian/Code/substitution/android]
[  +25 ms] Running Gradle task 'assembleDebug'... (completed in 12,5s)
[   +6 ms] Calculate SHA1: LocalDirectory: '/Users/florian/Code/substitution/build/app/outputs/flutter-apk'/app-debug.apk
[+1054 ms] ✓ Built build/app/outputs/flutter-apk/app-debug.apk
[   +1 ms] executing: /Users/florian/Library/Android/sdk/build-tools/36.1.0/aapt dump xmltree /Users/florian/Code/substitution/build/app/outputs/flutter-apk/app-debug.apk AndroidManifest.xml
[  +14 ms] Exit code 0 from: /Users/florian/Library/Android/sdk/build-tools/36.1.0/aapt dump xmltree /Users/florian/Code/substitution/build/app/outputs/flutter-apk/app-debug.apk AndroidManifest.xml
[        ] N: android=http://schemas.android.com/apk/res/android
             E: manifest (line=2)
               A: android:versionCode(0x0101021b)=(type 0x10)0x7
               A: android:versionName(0x0101021c)="1.0.0" (Raw: "1.0.0")
               A: android:compileSdkVersion(0x01010572)=(type 0x10)0x24
               A: android:compileSdkVersionCodename(0x01010573)="16" (Raw: "16")
               A: package="art.substitution.substitution" (Raw: "art.substitution.substitution")
               A: platformBuildVersionCode=(type 0x10)0x24
               A: platformBuildVersionName=(type 0x10)0x10
               E: uses-sdk (line=7)
                 A: android:minSdkVersion(0x0101020c)=(type 0x10)0x18
                 A: android:targetSdkVersion(0x01010270)=(type 0x10)0x22
               E: uses-permission (line=15)
                 A: android:name(0x01010003)="android.permission.INTERNET" (Raw: "android.permission.INTERNET")
               E: uses-permission (line=16)
                 A: android:name(0x01010003)="android.permission.ACCESS_NETWORK_STATE" (Raw: "android.permission.ACCESS_NETWORK_STATE")
               E: permission (line=18)
                 A: android:name(0x01010003)="art.substitution.substitution.DYNAMIC_RECEIVER_NOT_EXPORTED_PERMISSION" (Raw: "art.substitution.substitution.DYNAMIC_RECEIVER_NOT_EXPORTED_PERMISSION")
                 A: android:protectionLevel(0x01010009)=(type 0x11)0x2
               E: uses-permission (line=22)
                 A: android:name(0x01010003)="art.substitution.substitution.DYNAMIC_RECEIVER_NOT_EXPORTED_PERMISSION" (Raw: "art.substitution.substitution.DYNAMIC_RECEIVER_NOT_EXPORTED_PERMISSION")
               E: application (line=24)
                 A: android:label(0x01010001)="substitution" (Raw: "substitution")
                 A: android:icon(0x01010002)=@0x7f0c0000
                 A: android:name(0x01010003)="android.app.Application" (Raw: "android.app.Application")
                 A: android:debuggable(0x0101000f)=(type 0x12)0xffffffff
                 A: android:extractNativeLibs(0x010104ea)=(type 0x12)0x0
                 A: android:appComponentFactory(0x0101057a)="androidx.core.app.CoreComponentFactory" (Raw: "androidx.core.app.CoreComponentFactory")
                 E: activity (line=31)
                   A: android:theme(0x01010000)=@0x7f0e00a2
                   A: android:name(0x01010003)="art.substitution.substitution.MainActivity" (Raw: "art.substitution.substitution.MainActivity")
                   A: android:exported(0x01010010)=(type 0x12)0xffffffff
                   A: android:launchMode(0x0101001d)=(type 0x10)0x1
                   A: android:configChanges(0x0101001f)=(type 0x11)0x40003fb4
                   A: android:windowSoftInputMode(0x0101022b)=(type 0x11)0x10
                   A: android:hardwareAccelerated(0x010102d3)=(type 0x12)0xffffffff
                   E: meta-data (line=46)
                     A: android:name(0x01010003)="io.flutter.embedding.android.NormalTheme" (Raw: "io.flutter.embedding.android.NormalTheme")
                     A: android:resource(0x01010025)=@0x7f0e00a3
                   E: intent-filter (line=50)
                     E: action (line=51)
                       A: android:name(0x01010003)="android.intent.action.MAIN" (Raw: "android.intent.action.MAIN")
                     E: category (line=53)
                       A: android:name(0x01010003)="android.intent.category.LAUNCHER" (Raw: "android.intent.category.LAUNCHER")
                   E: intent-filter (line=56)
                     E: action (line=57)
                       A: android:name(0x01010003)="android.intent.action.VIEW" (Raw: "android.intent.action.VIEW")
                     E: category (line=59)
                       A: android:name(0x01010003)="android.intent.category.DEFAULT" (Raw: "android.intent.category.DEFAULT")
                     E: category (line=60)
                       A: android:name(0x01010003)="android.intent.category.BROWSABLE" (Raw: "android.intent.category.BROWSABLE")
                     E: data (line=62)
                       A: android:scheme(0x01010027)="substitution" (Raw: "substitution")
                       A: android:host(0x01010028)="auth" (Raw: "auth")
                       A: android:pathPrefix(0x0101002b)="/login-callback" (Raw: "/login-callback")
                 E: meta-data (line=72)
                   A: android:name(0x01010003)="flutterEmbedding" (Raw: "flutterEmbedding")
                   A: android:value(0x01010024)=(type 0x10)0x2
                 E: activity (line=76)
                   A: android:theme(0x01010000)=@0x01030007
                   A: android:name(0x01010003)="io.flutter.plugins.urllauncher.WebViewActivity" (Raw: "io.flutter.plugins.urllauncher.WebViewActivity")
                   A: android:exported(0x01010010)=(type 0x12)0x0
                 E: uses-library (line=81)
                   A: android:name(0x01010003)="androidx.window.extensions" (Raw: "androidx.window.extensions")
                   A: android:required(0x0101028e)=(type 0x12)0x0
                 E: uses-library (line=84)
                   A: android:name(0x01010003)="androidx.window.sidecar" (Raw: "androidx.window.sidecar")
                   A: android:required(0x0101028e)=(type 0x12)0x0
                 E: provider (line=88)
                   A: android:name(0x01010003)="androidx.startup.InitializationProvider" (Raw: "androidx.startup.InitializationProvider")
                   A: android:exported(0x01010010)=(type 0x12)0x0
                   A: android:authorities(0x01010018)="art.substitution.substitution.androidx-startup" (Raw: "art.substitution.substitution.androidx-startup")
                   E: meta-data (line=92)
                     A: android:name(0x01010003)="androidx.lifecycle.ProcessLifecycleInitializer" (Raw: "androidx.lifecycle.ProcessLifecycleInitializer")
                     A: android:value(0x01010024)="androidx.startup" (Raw: "androidx.startup")
                   E: meta-data (line=95)
                     A: android:name(0x01010003)="androidx.profileinstaller.ProfileInstallerInitializer" (Raw: "androidx.profileinstaller.ProfileInstallerInitializer")
                     A: android:value(0x01010024)="androidx.startup" (Raw: "androidx.startup")
                 E: receiver (line=100)
                   A: android:name(0x01010003)="androidx.profileinstaller.ProfileInstallReceiver" (Raw: "androidx.profileinstaller.ProfileInstallReceiver")
                   A: android:permission(0x01010006)="android.permission.DUMP" (Raw: "android.permission.DUMP")
                   A: android:enabled(0x0101000e)=(type 0x12)0xffffffff
                   A: android:exported(0x01010010)=(type 0x12)0xffffffff
                   A: android:directBootAware(0x01010505)=(type 0x12)0x0
                   E: intent-filter (line=106)
                     E: action (line=107)
                       A: android:name(0x01010003)="androidx.profileinstaller.action.INSTALL_PROFILE" (Raw: "androidx.profileinstaller.action.INSTALL_PROFILE")
                   E: intent-filter (line=109)
                     E: action (line=110)
                       A: android:name(0x01010003)="androidx.profileinstaller.action.SKIP_FILE" (Raw: "androidx.profileinstaller.action.SKIP_FILE")
                   E: intent-filter (line=112)
                     E: action (line=113)
                       A: android:name(0x01010003)="androidx.profileinstaller.action.SAVE_PROFILE" (Raw: "androidx.profileinstaller.action.SAVE_PROFILE")
                   E: intent-filter (line=115)
                     E: action (line=116)
                       A: android:name(0x01010003)="androidx.profileinstaller.action.BENCHMARK_OPERATION" (Raw: "androidx.profileinstaller.action.BENCHMARK_OPERATION")
[        ] Stopping app 'app-debug.apk' on sdk gphone64 arm64.
[        ] executing: /Users/florian/Library/Android/sdk/platform-tools/adb -s emulator-5554 shell am force-stop art.substitution.substitution
14:05 +11 -30: loading /Users/florian/Code/substitution/integration_test/feed_test.dart                                                                                                                [  +24 ms] Installing APK.
[        ] Installing build/app/outputs/flutter-apk/app-debug.apk...
[        ] executing: /Users/florian/Library/Android/sdk/platform-tools/adb -s emulator-5554 install -t -r /Users/florian/Code/substitution/build/app/outputs/flutter-apk/app-debug.apk
14:06 +11 -30: loading /Users/florian/Code/substitution/integration_test/feed_test.dart                                                                                                                [ +396 ms] Performing Streamed Install
           Success
[        ] Installing build/app/outputs/flutter-apk/app-debug.apk... (completed in 396ms)
[        ] executing: /Users/florian/Library/Android/sdk/platform-tools/adb -s emulator-5554 shell echo -n e601b13d36e0d238092b3fcbb8947259552268eb > /data/local/tmp/sky.art.substitution.substitution.sha1
[  +24 ms] executing: /Users/florian/Library/Android/sdk/platform-tools/adb -s emulator-5554 shell -x logcat -v time -t 1
[  +91 ms] --------- beginning of system
           02-17 00:08:57.569 D/BackupManagerConstants(  668): getFullBackupRequireCharging(...) returns true
[   +4 ms] executing: /Users/florian/Library/Android/sdk/platform-tools/adb -s emulator-5554 shell am start -a android.intent.action.MAIN -c android.intent.category.LAUNCHER -f 0x20000000 --ez enable-dart-profiling true --ez enable-checked-mode true --ez verify-entry-points true art.substitution.substitution/art.substitution.substitution.MainActivity
[ +156 ms] Starting: Intent { act=android.intent.action.MAIN cat=[android.intent.category.LAUNCHER] flg=0x20000000 cmp=art.substitution.substitution/.MainActivity (has extras) }
[        ] Waiting for VM Service port to be available...
14:07 +11 -30: loading /Users/florian/Code/substitution/integration_test/feed_test.dart                                                                                                                14:08 +11 -30: loading /Users/florian/Code/substitution/integration_test/feed_test.dart                                                                                                                [+1798 ms] VM Service URL on device: http://127.0.0.1:37769/z2Ua73lxues=/
[        ] executing: /Users/florian/Library/Android/sdk/platform-tools/adb -s emulator-5554 forward tcp:0 tcp:37769
[  +14 ms] 55479
[        ] Forwarded host port 55479 to device port 37769 for VM Service
[        ] test 14: Starting Dart Development Service
[        ] Launching a Dart Developer Service (DDS) instance at http://127.0.0.1:0, connecting to VM service at http://127.0.0.1:55479/z2Ua73lxues=/.
[ +160 ms] test 14: Dart Development Service started at http://127.0.0.1:55482/51nx6hvYmzY=/, forwarding to VM service at http://127.0.0.1:55479/z2Ua73lxues=/.
[        ] test 14: Connecting to vm service
[        ] test 14: VM Service uri is available at http://127.0.0.1:55482/51nx6hvYmzY=/
[   +3 ms] test 14: Finding the correct isolate with the integration test service extension
[ +135 ms] test 14: connected to test device, now awaiting test result
[        ] test 14: Waiting for test harness or tests to finish
14:09 +11 -30: loading /Users/florian/Code/substitution/integration_test/feed_test.dart                                                                                                                14:09 +11 -30: loading /Users/florian/Code/substitution/integration_test/feed_test.dart                                                                                                                
Warning: A tag was used that wasn't specified in dart_test.yaml.
  integration was used in the suite itself

14:09 +11 -30: /Users/florian/Code/substitution/integration_test/feed_test.dart: Feed Integration Tests Feed displays posts from multiple rooms in chronological order                                 14:09 +11 -30: /Users/florian/Code/substitution/integration_test/feed_test.dart: Feed Integration Tests Feed displays posts from multiple rooms in chronological order                                 
══╡ EXCEPTION CAUGHT BY FLUTTER TEST FRAMEWORK ╞════════════════════════════════════════════════════
The following TestFailure was thrown running a test:
Expected: exactly one matching candidate
  Actual: _TypeWidgetFinder:<Found 0 widgets with type "MaterialApp": []>
   Which: means none were found but one was expected

When the exception was thrown, this was the stack:
#4      main.<anonymous closure>.<anonymous closure> (file:///Users/florian/Code/substitution/integration_test/feed_test.dart:63:7)
<asynchronous suspension>
#5      testWidgets.<anonymous closure>.<anonymous closure> (package:flutter_test/src/widget_tester.dart:192:15)
<asynchronous suspension>
#6      TestWidgetsFlutterBinding._runTestBody (package:flutter_test/src/binding.dart:1059:5)
<asynchronous suspension>
<asynchronous suspension>
(elided one frame from package:stack_trace)

This was caught by the test expectation on the following line:
  file:///Users/florian/Code/substitution/integration_test/feed_test.dart line 63
The test description was:
  Feed displays posts from multiple rooms in chronological order
════════════════════════════════════════════════════════════════════════════════════════════════════
14:09 +11 -31: /Users/florian/Code/substitution/integration_test/feed_test.dart: Feed Integration Tests Feed displays posts from multiple rooms in chronological order [E]                             
  Test failed. See exception logs above.
  The test description was: Feed displays posts from multiple rooms in chronological order
  

To run this test again: /opt/homebrew/share/flutter/bin/cache/dart-sdk/bin/dart test /Users/florian/Code/substitution/integration_test/feed_test.dart -p vm --plain-name 'Feed Integration Tests Feed displays posts from multiple rooms in chronological order'
14:09 +11 -31: /Users/florian/Code/substitution/integration_test/feed_test.dart: (tearDownAll)                                                                                                         [ +671 ms] test 14: Test harness is no longer needed by test process
[        ] test 14: finished
[        ] test 14: cleaning up...
[        ] test 14: ensuring test device is terminated.
[        ] executing: /Users/florian/Library/Android/sdk/platform-tools/adb -s emulator-5554 shell am force-stop art.substitution.substitution
[        ] test 14: Test process is no longer needed by test harness
[ +119 ms] executing: /Users/florian/Library/Android/sdk/platform-tools/adb -s emulator-5554 uninstall art.substitution.substitution
[ +252 ms] Success
[        ] test 14: deleting temporary directory
[        ] test 14: finished
14:09 +11 -31: loading /Users/florian/Code/substitution/integration_test/login_debug_test.dart                                                                                                         [        ] test 15: starting test /Users/florian/Code/substitution/integration_test/login_debug_test.dart
[        ] Stopping scan for flutter_test_config.dart; found project root at /Users/florian/Code/substitution
[        ] test 15: starting test device
[        ] test 15: awaiting connection to test device
[        ] executing: /Users/florian/Library/Android/sdk/build-tools/36.1.0/aapt dump xmltree /Users/florian/Code/substitution/build/app/outputs/flutter-apk/app-debug.apk AndroidManifest.xml
[  +11 ms] Exit code 0 from: /Users/florian/Library/Android/sdk/build-tools/36.1.0/aapt dump xmltree /Users/florian/Code/substitution/build/app/outputs/flutter-apk/app-debug.apk AndroidManifest.xml
[        ] N: android=http://schemas.android.com/apk/res/android
             E: manifest (line=2)
               A: android:versionCode(0x0101021b)=(type 0x10)0x7
               A: android:versionName(0x0101021c)="1.0.0" (Raw: "1.0.0")
               A: android:compileSdkVersion(0x01010572)=(type 0x10)0x24
               A: android:compileSdkVersionCodename(0x01010573)="16" (Raw: "16")
               A: package="art.substitution.substitution" (Raw: "art.substitution.substitution")
               A: platformBuildVersionCode=(type 0x10)0x24
               A: platformBuildVersionName=(type 0x10)0x10
               E: uses-sdk (line=7)
                 A: android:minSdkVersion(0x0101020c)=(type 0x10)0x18
                 A: android:targetSdkVersion(0x01010270)=(type 0x10)0x22
               E: uses-permission (line=15)
                 A: android:name(0x01010003)="android.permission.INTERNET" (Raw: "android.permission.INTERNET")
               E: uses-permission (line=16)
                 A: android:name(0x01010003)="android.permission.ACCESS_NETWORK_STATE" (Raw: "android.permission.ACCESS_NETWORK_STATE")
               E: permission (line=18)
                 A: android:name(0x01010003)="art.substitution.substitution.DYNAMIC_RECEIVER_NOT_EXPORTED_PERMISSION" (Raw: "art.substitution.substitution.DYNAMIC_RECEIVER_NOT_EXPORTED_PERMISSION")
                 A: android:protectionLevel(0x01010009)=(type 0x11)0x2
               E: uses-permission (line=22)
                 A: android:name(0x01010003)="art.substitution.substitution.DYNAMIC_RECEIVER_NOT_EXPORTED_PERMISSION" (Raw: "art.substitution.substitution.DYNAMIC_RECEIVER_NOT_EXPORTED_PERMISSION")
               E: application (line=24)
                 A: android:label(0x01010001)="substitution" (Raw: "substitution")
                 A: android:icon(0x01010002)=@0x7f0c0000
                 A: android:name(0x01010003)="android.app.Application" (Raw: "android.app.Application")
                 A: android:debuggable(0x0101000f)=(type 0x12)0xffffffff
                 A: android:extractNativeLibs(0x010104ea)=(type 0x12)0x0
                 A: android:appComponentFactory(0x0101057a)="androidx.core.app.CoreComponentFactory" (Raw: "androidx.core.app.CoreComponentFactory")
                 E: activity (line=31)
                   A: android:theme(0x01010000)=@0x7f0e00a2
                   A: android:name(0x01010003)="art.substitution.substitution.MainActivity" (Raw: "art.substitution.substitution.MainActivity")
                   A: android:exported(0x01010010)=(type 0x12)0xffffffff
                   A: android:launchMode(0x0101001d)=(type 0x10)0x1
                   A: android:configChanges(0x0101001f)=(type 0x11)0x40003fb4
                   A: android:windowSoftInputMode(0x0101022b)=(type 0x11)0x10
                   A: android:hardwareAccelerated(0x010102d3)=(type 0x12)0xffffffff
                   E: meta-data (line=46)
                     A: android:name(0x01010003)="io.flutter.embedding.android.NormalTheme" (Raw: "io.flutter.embedding.android.NormalTheme")
                     A: android:resource(0x01010025)=@0x7f0e00a3
                   E: intent-filter (line=50)
                     E: action (line=51)
                       A: android:name(0x01010003)="android.intent.action.MAIN" (Raw: "android.intent.action.MAIN")
                     E: category (line=53)
                       A: android:name(0x01010003)="android.intent.category.LAUNCHER" (Raw: "android.intent.category.LAUNCHER")
                   E: intent-filter (line=56)
                     E: action (line=57)
                       A: android:name(0x01010003)="android.intent.action.VIEW" (Raw: "android.intent.action.VIEW")
                     E: category (line=59)
                       A: android:name(0x01010003)="android.intent.category.DEFAULT" (Raw: "android.intent.category.DEFAULT")
                     E: category (line=60)
                       A: android:name(0x01010003)="android.intent.category.BROWSABLE" (Raw: "android.intent.category.BROWSABLE")
                     E: data (line=62)
                       A: android:scheme(0x01010027)="substitution" (Raw: "substitution")
                       A: android:host(0x01010028)="auth" (Raw: "auth")
                       A: android:pathPrefix(0x0101002b)="/login-callback" (Raw: "/login-callback")
                 E: meta-data (line=72)
                   A: android:name(0x01010003)="flutterEmbedding" (Raw: "flutterEmbedding")
                   A: android:value(0x01010024)=(type 0x10)0x2
                 E: activity (line=76)
                   A: android:theme(0x01010000)=@0x01030007
                   A: android:name(0x01010003)="io.flutter.plugins.urllauncher.WebViewActivity" (Raw: "io.flutter.plugins.urllauncher.WebViewActivity")
                   A: android:exported(0x01010010)=(type 0x12)0x0
                 E: uses-library (line=81)
                   A: android:name(0x01010003)="androidx.window.extensions" (Raw: "androidx.window.extensions")
                   A: android:required(0x0101028e)=(type 0x12)0x0
                 E: uses-library (line=84)
                   A: android:name(0x01010003)="androidx.window.sidecar" (Raw: "androidx.window.sidecar")
                   A: android:required(0x0101028e)=(type 0x12)0x0
                 E: provider (line=88)
                   A: android:name(0x01010003)="androidx.startup.InitializationProvider" (Raw: "androidx.startup.InitializationProvider")
                   A: android:exported(0x01010010)=(type 0x12)0x0
                   A: android:authorities(0x01010018)="art.substitution.substitution.androidx-startup" (Raw: "art.substitution.substitution.androidx-startup")
                   E: meta-data (line=92)
                     A: android:name(0x01010003)="androidx.lifecycle.ProcessLifecycleInitializer" (Raw: "androidx.lifecycle.ProcessLifecycleInitializer")
                     A: android:value(0x01010024)="androidx.startup" (Raw: "androidx.startup")
                   E: meta-data (line=95)
                     A: android:name(0x01010003)="androidx.profileinstaller.ProfileInstallerInitializer" (Raw: "androidx.profileinstaller.ProfileInstallerInitializer")
                     A: android:value(0x01010024)="androidx.startup" (Raw: "androidx.startup")
                 E: receiver (line=100)
                   A: android:name(0x01010003)="androidx.profileinstaller.ProfileInstallReceiver" (Raw: "androidx.profileinstaller.ProfileInstallReceiver")
                   A: android:permission(0x01010006)="android.permission.DUMP" (Raw: "android.permission.DUMP")
                   A: android:enabled(0x0101000e)=(type 0x12)0xffffffff
                   A: android:exported(0x01010010)=(type 0x12)0xffffffff
                   A: android:directBootAware(0x01010505)=(type 0x12)0x0
                   E: intent-filter (line=106)
                     E: action (line=107)
                       A: android:name(0x01010003)="androidx.profileinstaller.action.INSTALL_PROFILE" (Raw: "androidx.profileinstaller.action.INSTALL_PROFILE")
                   E: intent-filter (line=109)
                     E: action (line=110)
                       A: android:name(0x01010003)="androidx.profileinstaller.action.SKIP_FILE" (Raw: "androidx.profileinstaller.action.SKIP_FILE")
                   E: intent-filter (line=112)
                     E: action (line=113)
                       A: android:name(0x01010003)="androidx.profileinstaller.action.SAVE_PROFILE" (Raw: "androidx.profileinstaller.action.SAVE_PROFILE")
                   E: intent-filter (line=115)
                     E: action (line=116)
                       A: android:name(0x01010003)="androidx.profileinstaller.action.BENCHMARK_OPERATION" (Raw: "androidx.profileinstaller.action.BENCHMARK_OPERATION")
[        ] Building APK
[        ] Version of Java is different than impacted version, no migration attempted.
[        ] CMake project not found, skipping support Android 15 16k page size migration.
[        ] Using gradle from /Users/florian/Code/substitution/android/gradlew.
[   +5 ms] LocalFile: '/Users/florian/Code/substitution/android/build.gradle' provides AGP version from classpath: 8.6.0
[   +9 ms] Running Gradle task 'assembleDebug'...
[        ] executing: [/Users/florian/Code/substitution/android/] /Users/florian/Code/substitution/android/gradlew --full-stacktrace --info -Pverbose=true -PskipDependencyChecks=true -Ptarget-platform=android-arm64 -Ptarget=/var/folders/l_/w8pnbb9d38n57pzg9j98fmy80000gn/T/flutter_tools.wuOse9/flutter_test_listener.s5Cvr6/listener.dart -Pbase-application-name=android.app.Application -Pdart-defines=TUFUUklYX1NFUlZFUj1odHRwOi8vbG9jYWxob3N0OjgwMDg=,TUFUUklYX1RFU1RfVVNFUj0=,TUFUUklYX1RFU1RfUEFTU1dPUkQ9,RkxVVFRFUl9WRVJTSU9OPTMuMzguOQ==,RkxVVFRFUl9DSEFOTkVMPXN0YWJsZQ==,RkxVVFRFUl9HSVRfVVJMPWh0dHBzOi8vZ2l0aHViLmNvbS9mbHV0dGVyL2ZsdXR0ZXIuZ2l0,RkxVVFRFUl9GUkFNRVdPUktfUkVWSVNJT049NjczMjNkZTI4NQ==,RkxVVFRFUl9FTkdJTkVfUkVWSVNJT049NTg3YzE4Zjg3Mw==,RkxVVFRFUl9EQVJUX1ZFUlNJT049My4xMC44,SU5URUdSQVRJT05fVEVTVF9TSE9VTERfUkVQT1JUX1JFU1VMVFNfVE9fTkFUSVZFPWZhbHNl -Pdart-obfuscation=false -Ptrack-widget-creation=true -Ptree-shake-icons=false assembleDebug
14:10 +11 -31: loading /Users/florian/Code/substitution/integration_test/login_debug_test.dart                                                                                                         [ +281 ms] Initialized native services in: /Users/florian/.gradle/native
[        ] Initialized jansi services in: /Users/florian/.gradle/native
[ +216 ms] The client will now receive all logging from the daemon (pid: 43439). The daemon log file: /Users/florian/.gradle/daemon/8.12.1/daemon-43439.out.log
[        ] Starting 108th build in daemon [uptime: 2 hrs 11 mins 59.425 secs, performance: 100%, GC rate: 0.00/s, heap usage: 0% of 4 GiB]
[        ] Using 32 worker leases.
[        ] Now considering [/Users/florian/Code/substitution/android, /opt/homebrew/share/flutter/packages/flutter_tools/gradle] as hierarchies to watch
[        ] Watching the file system is configured to be enabled if available
[        ] File system watching is active
[        ] Starting Build
[        ] Now considering [/opt/homebrew/share/flutter/packages/flutter_tools/gradle, /Users/florian/Code/substitution/android] as hierarchies to watch
[        ] > Configure project :gradle
[        ] Evaluating project ':gradle' using build file '/opt/homebrew/share/flutter/packages/flutter_tools/gradle/build.gradle.kts'.
[        ] Resolved plugin [id: 'org.gradle.java-gradle-plugin']
[        ] Resolved plugin [id: 'org.gradle.groovy']
[        ] Resolved plugin [id: 'org.gradle.kotlin.kotlin-dsl', version: '5.1.2']
[        ] Resolved plugin [id: 'org.jetbrains.kotlin.jvm', version: '1.9.20']
[        ] Using Kotlin Gradle Plugin gradle85 variant
[        ] kotlin scripting plugin: created the scripting discovery configuration: kotlinScriptDef
[        ] kotlin scripting plugin: created the scripting discovery configuration: testKotlinScriptDef
[        ] file or directory '/opt/homebrew/share/flutter/packages/flutter_tools/gradle/src/main/java', not found
[        ] Resolved plugin [id: 'dev.flutter.flutter-plugin-loader', version: '1.0.0']
[        ] Resolved plugin [id: 'com.android.application', version: '8.9.1', apply: false]
[        ] Resolved plugin [id: 'org.jetbrains.kotlin.android', version: '2.1.0', apply: false]
[        ] Resolve mutations for :gradle:checkKotlinGradlePluginConfigurationErrors (Thread[#43262,Execution worker,5,main]) started.
[        ] :gradle:checkKotlinGradlePluginConfigurationErrors (Thread[#43262,Execution worker,5,main]) started.
[        ] > Task :gradle:checkKotlinGradlePluginConfigurationErrors SKIPPED
[        ] Skipping task ':gradle:checkKotlinGradlePluginConfigurationErrors' as task onlyIf 'errorDiagnostics are present' is false.
[        ] Resolve mutations for :gradle:compileKotlin (Thread[#43262,Execution worker,5,main]) started.
[        ] :gradle:compileKotlin (Thread[#43262,Execution worker,5,main]) started.
[        ] > Task :gradle:compileKotlin UP-TO-DATE
[        ] Caching disabled for task ':gradle:compileKotlin' because:
[        ]   Build cache is disabled
[        ] Skipping task ':gradle:compileKotlin' as it is up-to-date.
[        ] Resolve mutations for :gradle:compileJava (Thread[#43262,Execution worker,5,main]) started.
[        ] :gradle:compileJava (Thread[#43262,Execution worker,5,main]) started.
[        ] > Task :gradle:compileJava NO-SOURCE
[        ] Skipping task ':gradle:compileJava' as it has no source files and no previous output files.
[        ] Resolve mutations for :gradle:compileGroovy (Thread[#43268,Execution worker Thread 7,5,main]) started.
[        ] :gradle:compileGroovy (Thread[#43266,Execution worker Thread 5,5,main]) started.
[        ] > Task :gradle:compileGroovy NO-SOURCE
[        ] Skipping task ':gradle:compileGroovy' as it has no source files and no previous output files.
[        ] Resolve mutations for :gradle:pluginDescriptors (Thread[#43266,Execution worker Thread 5,5,main]) started.
[        ] :gradle:pluginDescriptors (Thread[#43266,Execution worker Thread 5,5,main]) started.
[        ] > Task :gradle:pluginDescriptors UP-TO-DATE
[        ] Caching disabled for task ':gradle:pluginDescriptors' because:
[        ]   Build cache is disabled
[        ]   Not worth caching
[        ] Skipping task ':gradle:pluginDescriptors' as it is up-to-date.
[        ] Resolve mutations for :gradle:processResources (Thread[#43266,Execution worker Thread 5,5,main]) started.
[        ] :gradle:processResources (Thread[#43266,Execution worker Thread 5,5,main]) started.
[        ] > Task :gradle:processResources UP-TO-DATE
[        ] Caching disabled for task ':gradle:processResources' because:
[        ]   Build cache is disabled
[        ]   Not worth caching
[        ] Skipping task ':gradle:processResources' as it is up-to-date.
[        ] Resolve mutations for :gradle:classes (Thread[#43266,Execution worker Thread 5,5,main]) started.
[        ] :gradle:classes (Thread[#43266,Execution worker Thread 5,5,main]) started.
[        ] > Task :gradle:classes UP-TO-DATE
[        ] Skipping task ':gradle:classes' as it has no actions.
[        ] Resolve mutations for :gradle:jar (Thread[#43266,Execution worker Thread 5,5,main]) started.
[        ] :gradle:jar (Thread[#43266,Execution worker Thread 5,5,main]) started.
[        ] > Task :gradle:jar UP-TO-DATE
[        ] Caching disabled for task ':gradle:jar' because:
[        ]   Build cache is disabled
[        ]   Not worth caching
[        ] Skipping task ':gradle:jar' as it is up-to-date.
[        ] Settings evaluated using settings file '/Users/florian/Code/substitution/android/settings.gradle'.
[        ] Projects loaded. Root project using build file '/Users/florian/Code/substitution/android/build.gradle'.
[        ] Included projects: [root project 'android', project ':app', project ':connectivity_plus', project ':emoji_picker_flutter', project ':file_selector_android', project ':flutter_keyboard_visibility_temp_fork', project ':flutter_native_splash', project ':flutter_olm', project ':flutter_openssl_crypto', project ':integration_test', project ':path_provider_android', project ':quill_native_bridge_android', project ':shared_preferences_android', project ':sqflite_android', project ':url_launcher_android', project ':video_player_android']
[  +87 ms] > Configure project :app
[        ] Evaluating project ':app' using build file '/Users/florian/Code/substitution/android/app/build.gradle'.
[        ] Resolved plugin [id: 'com.android.application']
[        ] Resolved plugin [id: 'kotlin-android']
[        ] Resolved plugin [id: 'dev.flutter.flutter-gradle-plugin']
[        ] Using default execution profile
[        ] Using Kotlin Gradle Plugin gradle85 variant
[        ] C/C++: android.ndkVersion from module build.gradle is [28.2.13676358]
[        ] C/C++: android.ndkPath from module build.gradle is not set
[        ] C/C++: ndk.dir in local.properties is not set
[        ] C/C++: Not considering ANDROID_NDK_HOME because support was removed after deprecation period.
[        ] C/C++: sdkFolder is /Users/florian/Library/Android/sdk
[        ] C/C++: android.ndkVersion from module build.gradle is [28.2.13676358]
[        ] C/C++: android.ndkPath from module build.gradle is not set
[        ] C/C++: ndk.dir in local.properties is not set
[        ] C/C++: Not considering ANDROID_NDK_HOME because support was removed after deprecation period.
[        ] C/C++: sdkFolder is /Users/florian/Library/Android/sdk
[        ] C/C++: android.ndkVersion from module build.gradle is [28.2.13676358]
[        ] C/C++: android.ndkPath from module build.gradle is not set
[        ] C/C++: ndk.dir in local.properties is not set
[        ] C/C++: Not considering ANDROID_NDK_HOME because support was removed after deprecation period.
[        ] C/C++: sdkFolder is /Users/florian/Library/Android/sdk
[        ] C/C++: android.ndkVersion from module build.gradle is [28.2.13676358]
[        ] C/C++: android.ndkPath from module build.gradle is not set
[        ] C/C++: ndk.dir in local.properties is not set
[        ] C/C++: Not considering ANDROID_NDK_HOME because support was removed after deprecation period.
[        ] C/C++: sdkFolder is /Users/florian/Library/Android/sdk
[        ] C/C++: android.ndkVersion from module build.gradle is [28.2.13676358]
[        ] C/C++: android.ndkPath from module build.gradle is not set
[        ] C/C++: ndk.dir in local.properties is not set
[        ] C/C++: Not considering ANDROID_NDK_HOME because support was removed after deprecation period.
[        ] C/C++: sdkFolder is /Users/florian/Library/Android/sdk
[        ] C/C++: android.ndkVersion from module build.gradle is [28.2.13676358]
[        ] C/C++: android.ndkPath from module build.gradle is not set
[        ] C/C++: ndk.dir in local.properties is not set
[        ] C/C++: Not considering ANDROID_NDK_HOME because support was removed after deprecation period.
[        ] C/C++: sdkFolder is /Users/florian/Library/Android/sdk
[        ] C/C++: android.ndkVersion from module build.gradle is [28.2.13676358]
[        ] C/C++: android.ndkPath from module build.gradle is not set
[        ] C/C++: ndk.dir in local.properties is not set
[        ] C/C++: Not considering ANDROID_NDK_HOME because support was removed after deprecation period.
[        ] C/C++: sdkFolder is /Users/florian/Library/Android/sdk
[        ] C/C++: android.ndkVersion from module build.gradle is [28.2.13676358]
[        ] C/C++: android.ndkPath from module build.gradle is not set
[        ] C/C++: ndk.dir in local.properties is not set
[        ] C/C++: Not considering ANDROID_NDK_HOME because support was removed after deprecation period.
[        ] C/C++: sdkFolder is /Users/florian/Library/Android/sdk
[        ] C/C++: android.ndkVersion from module build.gradle is [28.2.13676358]
[        ] C/C++: android.ndkPath from module build.gradle is not set
[        ] C/C++: ndk.dir in local.properties is not set
[        ] C/C++: Not considering ANDROID_NDK_HOME because support was removed after deprecation period.
[        ] C/C++: sdkFolder is /Users/florian/Library/Android/sdk
[        ] C/C++: android.ndkVersion from module build.gradle is [28.2.13676358]
[        ] C/C++: android.ndkPath from module build.gradle is not set
[        ] C/C++: ndk.dir in local.properties is not set
[        ] C/C++: Not considering ANDROID_NDK_HOME because support was removed after deprecation period.
[        ] C/C++: sdkFolder is /Users/florian/Library/Android/sdk
[        ] C/C++: android.ndkVersion from module build.gradle is [28.2.13676358]
[        ] C/C++: android.ndkPath from module build.gradle is not set
[        ] C/C++: ndk.dir in local.properties is not set
[        ] C/C++: Not considering ANDROID_NDK_HOME because support was removed after deprecation period.
[        ] C/C++: sdkFolder is /Users/florian/Library/Android/sdk
[        ] C/C++: android.ndkVersion from module build.gradle is [28.2.13676358]
[        ] C/C++: android.ndkPath from module build.gradle is not set
[        ] C/C++: ndk.dir in local.properties is not set
[        ] C/C++: Not considering ANDROID_NDK_HOME because support was removed after deprecation period.
[        ] C/C++: sdkFolder is /Users/florian/Library/Android/sdk
[        ] C/C++: android.ndkVersion from module build.gradle is [28.2.13676358]
[        ] C/C++: android.ndkPath from module build.gradle is not set
[        ] C/C++: ndk.dir in local.properties is not set
[        ] C/C++: Not considering ANDROID_NDK_HOME because support was removed after deprecation period.
[        ] C/C++: sdkFolder is /Users/florian/Library/Android/sdk
[        ] C/C++: android.ndkVersion from module build.gradle is [28.2.13676358]
[        ] C/C++: android.ndkPath from module build.gradle is not set
[        ] C/C++: ndk.dir in local.properties is not set
[        ] C/C++: Not considering ANDROID_NDK_HOME because support was removed after deprecation period.
[        ] C/C++: sdkFolder is /Users/florian/Library/Android/sdk
[        ] C/C++: android.ndkVersion from module build.gradle is [28.2.13676358]
[        ] C/C++: android.ndkPath from module build.gradle is not set
[        ] C/C++: ndk.dir in local.properties is not set
[        ] C/C++: Not considering ANDROID_NDK_HOME because support was removed after deprecation period.
[        ] C/C++: sdkFolder is /Users/florian/Library/Android/sdk
[        ] C/C++: android.ndkVersion from module build.gradle is [28.2.13676358]
[        ] C/C++: android.ndkPath from module build.gradle is not set
[        ] C/C++: ndk.dir in local.properties is not set
[        ] C/C++: Not considering ANDROID_NDK_HOME because support was removed after deprecation period.
[        ] C/C++: sdkFolder is /Users/florian/Library/Android/sdk
[        ] C/C++: android.ndkVersion from module build.gradle is [28.2.13676358]
[        ] C/C++: android.ndkPath from module build.gradle is not set
[        ] C/C++: ndk.dir in local.properties is not set
[        ] C/C++: Not considering ANDROID_NDK_HOME because support was removed after deprecation period.
[        ] C/C++: sdkFolder is /Users/florian/Library/Android/sdk
[        ] C/C++: android.ndkVersion from module build.gradle is [28.2.13676358]
[        ] C/C++: android.ndkPath from module build.gradle is not set
[        ] C/C++: ndk.dir in local.properties is not set
[        ] C/C++: Not considering ANDROID_NDK_HOME because support was removed after deprecation period.
[        ] C/C++: sdkFolder is /Users/florian/Library/Android/sdk
[        ] C/C++: android.ndkVersion from module build.gradle is [28.2.13676358]
[        ] C/C++: android.ndkPath from module build.gradle is not set
[        ] C/C++: ndk.dir in local.properties is not set
[        ] C/C++: Not considering ANDROID_NDK_HOME because support was removed after deprecation period.
[        ] C/C++: sdkFolder is /Users/florian/Library/Android/sdk
[        ] > Configure project :
[        ] Evaluating root project 'android' using build file '/Users/florian/Code/substitution/android/build.gradle'.
[        ] > Configure project :connectivity_plus
[        ] Evaluating project ':connectivity_plus' using build file '/Users/florian/.pub-cache/hosted/pub.dev/connectivity_plus-5.0.2/android/build.gradle'.
[        ] Using default execution profile
[        ] > Configure project :emoji_picker_flutter
[        ] Evaluating project ':emoji_picker_flutter' using build file '/Users/florian/.pub-cache/hosted/pub.dev/emoji_picker_flutter-4.4.0/android/build.gradle'.
[        ] Using default execution profile
[        ] Using Kotlin Gradle Plugin gradle85 variant
[ +100 ms] > Configure project :file_selector_android
[        ] Evaluating project ':file_selector_android' using build file '/Users/florian/.pub-cache/hosted/pub.dev/file_selector_android-0.5.2+4/android/build.gradle'.
[        ] Using default execution profile
[        ] > Configure project :flutter_keyboard_visibility_temp_fork
[        ] Evaluating project ':flutter_keyboard_visibility_temp_fork' using build file '/Users/florian/.pub-cache/hosted/pub.dev/flutter_keyboard_visibility_temp_fork-0.1.5/android/build.gradle'.
[        ] Using default execution profile
[        ] > Configure project :flutter_native_splash
[        ] Evaluating project ':flutter_native_splash' using build file '/Users/florian/.pub-cache/hosted/pub.dev/flutter_native_splash-2.4.7/android/build.gradle'.
[        ] Using default execution profile
[        ] > Configure project :flutter_olm
[        ] Evaluating project ':flutter_olm' using build file '/Users/florian/.pub-cache/hosted/pub.dev/flutter_olm-2.0.0/android/build.gradle'.
[        ] Using default execution profile
[        ] Using Kotlin Gradle Plugin gradle85 variant
[        ] C/C++: android.ndkVersion from module build.gradle is [27.0.12077973]
[        ] C/C++: android.ndkPath from module build.gradle is not set
[        ] C/C++: ndk.dir in local.properties is not set
[        ] C/C++: Not considering ANDROID_NDK_HOME because support was removed after deprecation period.
[        ] C/C++: sdkFolder is /Users/florian/Library/Android/sdk
[        ] C/C++: android.ndkVersion from module build.gradle is [27.0.12077973]
[        ] C/C++: android.ndkPath from module build.gradle is not set
[        ] C/C++: ndk.dir in local.properties is not set
[        ] C/C++: Not considering ANDROID_NDK_HOME because support was removed after deprecation period.
[        ] C/C++: sdkFolder is /Users/florian/Library/Android/sdk
[        ] C/C++: android.ndkVersion from module build.gradle is [27.0.12077973]
[        ] C/C++: android.ndkPath from module build.gradle is not set
[        ] C/C++: ndk.dir in local.properties is not set
[        ] C/C++: Not considering ANDROID_NDK_HOME because support was removed after deprecation period.
[        ] C/C++: sdkFolder is /Users/florian/Library/Android/sdk
[        ] C/C++: android.ndkVersion from module build.gradle is [27.0.12077973]
[        ] C/C++: android.ndkPath from module build.gradle is not set
[        ] C/C++: ndk.dir in local.properties is not set
[        ] C/C++: Not considering ANDROID_NDK_HOME because support was removed after deprecation period.
[        ] C/C++: sdkFolder is /Users/florian/Library/Android/sdk
[        ] C/C++: android.ndkVersion from module build.gradle is [27.0.12077973]
[        ] C/C++: android.ndkPath from module build.gradle is not set
[        ] C/C++: ndk.dir in local.properties is not set
[        ] C/C++: Not considering ANDROID_NDK_HOME because support was removed after deprecation period.
[        ] C/C++: sdkFolder is /Users/florian/Library/Android/sdk
[        ] C/C++: android.ndkVersion from module build.gradle is [27.0.12077973]
[        ] C/C++: android.ndkPath from module build.gradle is not set
[        ] C/C++: ndk.dir in local.properties is not set
[        ] C/C++: Not considering ANDROID_NDK_HOME because support was removed after deprecation period.
[        ] C/C++: sdkFolder is /Users/florian/Library/Android/sdk
[        ] C/C++: android.ndkVersion from module build.gradle is [27.0.12077973]
[        ] C/C++: android.ndkPath from module build.gradle is not set
[        ] C/C++: ndk.dir in local.properties is not set
[        ] C/C++: Not considering ANDROID_NDK_HOME because support was removed after deprecation period.
[        ] C/C++: sdkFolder is /Users/florian/Library/Android/sdk
[        ] C/C++: android.ndkVersion from module build.gradle is [27.0.12077973]
[        ] C/C++: android.ndkPath from module build.gradle is not set
[        ] C/C++: ndk.dir in local.properties is not set
[        ] C/C++: Not considering ANDROID_NDK_HOME because support was removed after deprecation period.
[        ] C/C++: sdkFolder is /Users/florian/Library/Android/sdk
[        ] C/C++: android.ndkVersion from module build.gradle is [27.0.12077973]
[        ] C/C++: android.ndkPath from module build.gradle is not set
[        ] C/C++: ndk.dir in local.properties is not set
[        ] C/C++: Not considering ANDROID_NDK_HOME because support was removed after deprecation period.
[        ] C/C++: sdkFolder is /Users/florian/Library/Android/sdk
[        ] C/C++: android.ndkVersion from module build.gradle is [27.0.12077973]
[        ] C/C++: android.ndkPath from module build.gradle is not set
[        ] C/C++: ndk.dir in local.properties is not set
[        ] C/C++: Not considering ANDROID_NDK_HOME because support was removed after deprecation period.
[        ] C/C++: sdkFolder is /Users/florian/Library/Android/sdk
[        ] C/C++: android.ndkVersion from module build.gradle is [27.0.12077973]
[        ] C/C++: android.ndkPath from module build.gradle is not set
[        ] C/C++: ndk.dir in local.properties is not set
[        ] C/C++: Not considering ANDROID_NDK_HOME because support was removed after deprecation period.
[        ] C/C++: sdkFolder is /Users/florian/Library/Android/sdk
[        ] C/C++: android.ndkVersion from module build.gradle is [27.0.12077973]
[        ] C/C++: android.ndkPath from module build.gradle is not set
[        ] C/C++: ndk.dir in local.properties is not set
[        ] C/C++: Not considering ANDROID_NDK_HOME because support was removed after deprecation period.
[        ] C/C++: sdkFolder is /Users/florian/Library/Android/sdk
[        ] C/C++: android.ndkVersion from module build.gradle is [27.0.12077973]
[        ] C/C++: android.ndkPath from module build.gradle is not set
[        ] C/C++: ndk.dir in local.properties is not set
[        ] C/C++: Not considering ANDROID_NDK_HOME because support was removed after deprecation period.
[        ] C/C++: sdkFolder is /Users/florian/Library/Android/sdk
[        ] C/C++: android.ndkVersion from module build.gradle is [27.0.12077973]
[        ] C/C++: android.ndkPath from module build.gradle is not set
[        ] C/C++: ndk.dir in local.properties is not set
[        ] C/C++: Not considering ANDROID_NDK_HOME because support was removed after deprecation period.
[        ] C/C++: sdkFolder is /Users/florian/Library/Android/sdk
[        ] C/C++: android.ndkVersion from module build.gradle is [27.0.12077973]
[        ] C/C++: android.ndkPath from module build.gradle is not set
[        ] C/C++: ndk.dir in local.properties is not set
[        ] C/C++: Not considering ANDROID_NDK_HOME because support was removed after deprecation period.
[        ] C/C++: sdkFolder is /Users/florian/Library/Android/sdk
[        ] C/C++: android.ndkVersion from module build.gradle is [27.0.12077973]
[        ] C/C++: android.ndkPath from module build.gradle is not set
[        ] C/C++: ndk.dir in local.properties is not set
[        ] C/C++: Not considering ANDROID_NDK_HOME because support was removed after deprecation period.
[        ] C/C++: sdkFolder is /Users/florian/Library/Android/sdk
[        ] C/C++: android.ndkVersion from module build.gradle is [27.0.12077973]
[        ] C/C++: android.ndkPath from module build.gradle is not set
[        ] C/C++: ndk.dir in local.properties is not set
[        ] C/C++: Not considering ANDROID_NDK_HOME because support was removed after deprecation period.
[        ] C/C++: sdkFolder is /Users/florian/Library/Android/sdk
[        ] C/C++: android.ndkVersion from module build.gradle is [27.0.12077973]
[        ] C/C++: android.ndkPath from module build.gradle is not set
[        ] C/C++: ndk.dir in local.properties is not set
[        ] C/C++: Not considering ANDROID_NDK_HOME because support was removed after deprecation period.
[        ] C/C++: sdkFolder is /Users/florian/Library/Android/sdk
[        ] C/C++: android.ndkVersion from module build.gradle is [27.0.12077973]
[        ] C/C++: android.ndkPath from module build.gradle is not set
[        ] C/C++: ndk.dir in local.properties is not set
[        ] C/C++: Not considering ANDROID_NDK_HOME because support was removed after deprecation period.
[        ] C/C++: sdkFolder is /Users/florian/Library/Android/sdk
[  +98 ms] > Configure project :flutter_openssl_crypto
[        ] Evaluating project ':flutter_openssl_crypto' using build file '/Users/florian/.pub-cache/hosted/pub.dev/flutter_openssl_crypto-0.5.0/android/build.gradle'.
[        ] Using default execution profile
[        ] Using Kotlin Gradle Plugin gradle85 variant
[        ] C/C++: android.ndkVersion from module build.gradle is [27.0.12077973]
[        ] C/C++: android.ndkPath from module build.gradle is not set
[        ] C/C++: ndk.dir in local.properties is not set
[        ] C/C++: Not considering ANDROID_NDK_HOME because support was removed after deprecation period.
[        ] C/C++: sdkFolder is /Users/florian/Library/Android/sdk
[        ] C/C++: android.ndkVersion from module build.gradle is [27.0.12077973]
[        ] C/C++: android.ndkPath from module build.gradle is not set
[        ] C/C++: ndk.dir in local.properties is not set
[        ] C/C++: Not considering ANDROID_NDK_HOME because support was removed after deprecation period.
[        ] C/C++: sdkFolder is /Users/florian/Library/Android/sdk
[        ] C/C++: android.ndkVersion from module build.gradle is [27.0.12077973]
[        ] C/C++: android.ndkPath from module build.gradle is not set
[        ] C/C++: ndk.dir in local.properties is not set
[        ] C/C++: Not considering ANDROID_NDK_HOME because support was removed after deprecation period.
[        ] C/C++: sdkFolder is /Users/florian/Library/Android/sdk
[        ] C/C++: android.ndkVersion from module build.gradle is [27.0.12077973]
[        ] C/C++: android.ndkPath from module build.gradle is not set
[        ] C/C++: ndk.dir in local.properties is not set
[        ] C/C++: Not considering ANDROID_NDK_HOME because support was removed after deprecation period.
[        ] C/C++: sdkFolder is /Users/florian/Library/Android/sdk
[        ] C/C++: android.ndkVersion from module build.gradle is [27.0.12077973]
[        ] C/C++: android.ndkPath from module build.gradle is not set
[        ] C/C++: ndk.dir in local.properties is not set
[        ] C/C++: Not considering ANDROID_NDK_HOME because support was removed after deprecation period.
[        ] C/C++: sdkFolder is /Users/florian/Library/Android/sdk
[        ] C/C++: android.ndkVersion from module build.gradle is [27.0.12077973]
[        ] C/C++: android.ndkPath from module build.gradle is not set
[        ] C/C++: ndk.dir in local.properties is not set
[        ] C/C++: Not considering ANDROID_NDK_HOME because support was removed after deprecation period.
[        ] C/C++: sdkFolder is /Users/florian/Library/Android/sdk
[        ] C/C++: android.ndkVersion from module build.gradle is [27.0.12077973]
[        ] C/C++: android.ndkPath from module build.gradle is not set
[        ] C/C++: ndk.dir in local.properties is not set
[        ] C/C++: Not considering ANDROID_NDK_HOME because support was removed after deprecation period.
[        ] C/C++: sdkFolder is /Users/florian/Library/Android/sdk
[        ] C/C++: android.ndkVersion from module build.gradle is [27.0.12077973]
[        ] C/C++: android.ndkPath from module build.gradle is not set
[        ] C/C++: ndk.dir in local.properties is not set
[        ] C/C++: Not considering ANDROID_NDK_HOME because support was removed after deprecation period.
[        ] C/C++: sdkFolder is /Users/florian/Library/Android/sdk
[        ] C/C++: android.ndkVersion from module build.gradle is [27.0.12077973]
[        ] C/C++: android.ndkPath from module build.gradle is not set
[        ] C/C++: ndk.dir in local.properties is not set
[        ] C/C++: Not considering ANDROID_NDK_HOME because support was removed after deprecation period.
[        ] C/C++: sdkFolder is /Users/florian/Library/Android/sdk
[        ] C/C++: android.ndkVersion from module build.gradle is [27.0.12077973]
[        ] C/C++: android.ndkPath from module build.gradle is not set
[        ] C/C++: ndk.dir in local.properties is not set
[        ] C/C++: Not considering ANDROID_NDK_HOME because support was removed after deprecation period.
[        ] C/C++: sdkFolder is /Users/florian/Library/Android/sdk
[        ] C/C++: android.ndkVersion from module build.gradle is [27.0.12077973]
[        ] C/C++: android.ndkPath from module build.gradle is not set
[        ] C/C++: ndk.dir in local.properties is not set
[        ] C/C++: Not considering ANDROID_NDK_HOME because support was removed after deprecation period.
[        ] C/C++: sdkFolder is /Users/florian/Library/Android/sdk
[        ] C/C++: android.ndkVersion from module build.gradle is [27.0.12077973]
[        ] C/C++: android.ndkPath from module build.gradle is not set
[        ] C/C++: ndk.dir in local.properties is not set
[        ] C/C++: Not considering ANDROID_NDK_HOME because support was removed after deprecation period.
[        ] C/C++: sdkFolder is /Users/florian/Library/Android/sdk
[        ] C/C++: android.ndkVersion from module build.gradle is [27.0.12077973]
[        ] C/C++: android.ndkPath from module build.gradle is not set
[        ] C/C++: ndk.dir in local.properties is not set
[        ] C/C++: Not considering ANDROID_NDK_HOME because support was removed after deprecation period.
[        ] C/C++: sdkFolder is /Users/florian/Library/Android/sdk
[        ] C/C++: android.ndkVersion from module build.gradle is [27.0.12077973]
[        ] C/C++: android.ndkPath from module build.gradle is not set
[        ] C/C++: ndk.dir in local.properties is not set
[        ] C/C++: Not considering ANDROID_NDK_HOME because support was removed after deprecation period.
[        ] C/C++: sdkFolder is /Users/florian/Library/Android/sdk
[        ] C/C++: android.ndkVersion from module build.gradle is [27.0.12077973]
[        ] C/C++: android.ndkPath from module build.gradle is not set
[        ] C/C++: ndk.dir in local.properties is not set
[        ] C/C++: Not considering ANDROID_NDK_HOME because support was removed after deprecation period.
[        ] C/C++: sdkFolder is /Users/florian/Library/Android/sdk
[        ] C/C++: android.ndkVersion from module build.gradle is [27.0.12077973]
[        ] C/C++: android.ndkPath from module build.gradle is not set
[        ] C/C++: ndk.dir in local.properties is not set
[        ] C/C++: Not considering ANDROID_NDK_HOME because support was removed after deprecation period.
[        ] C/C++: sdkFolder is /Users/florian/Library/Android/sdk
[        ] C/C++: android.ndkVersion from module build.gradle is [27.0.12077973]
[        ] C/C++: android.ndkPath from module build.gradle is not set
[        ] C/C++: ndk.dir in local.properties is not set
[        ] C/C++: Not considering ANDROID_NDK_HOME because support was removed after deprecation period.
[        ] C/C++: sdkFolder is /Users/florian/Library/Android/sdk
[        ] C/C++: android.ndkVersion from module build.gradle is [27.0.12077973]
[        ] C/C++: android.ndkPath from module build.gradle is not set
[        ] C/C++: ndk.dir in local.properties is not set
[        ] C/C++: Not considering ANDROID_NDK_HOME because support was removed after deprecation period.
[        ] C/C++: sdkFolder is /Users/florian/Library/Android/sdk
[        ] C/C++: android.ndkVersion from module build.gradle is [27.0.12077973]
[        ] C/C++: android.ndkPath from module build.gradle is not set
[        ] C/C++: ndk.dir in local.properties is not set
[        ] C/C++: Not considering ANDROID_NDK_HOME because support was removed after deprecation period.
[        ] C/C++: sdkFolder is /Users/florian/Library/Android/sdk
[        ] > Configure project :integration_test
[        ] Evaluating project ':integration_test' using build file '/opt/homebrew/share/flutter/packages/integration_test/android/build.gradle.kts'.
[        ] Resolved plugin [id: 'com.android.library']
[        ] Using default execution profile
[        ] > Configure project :path_provider_android
[        ] Evaluating project ':path_provider_android' using build file '/Users/florian/.pub-cache/hosted/pub.dev/path_provider_android-2.2.22/android/build.gradle'.
[        ] Using default execution profile
[        ] > Configure project :quill_native_bridge_android
[        ] Evaluating project ':quill_native_bridge_android' using build file '/Users/florian/.pub-cache/hosted/pub.dev/quill_native_bridge_android-0.0.1+2/android/build.gradle'.
[        ] Using default execution profile
[        ] Using Kotlin Gradle Plugin gradle85 variant
[        ] > Configure project :shared_preferences_android
[        ] Evaluating project ':shared_preferences_android' using build file '/Users/florian/.pub-cache/hosted/pub.dev/shared_preferences_android-2.4.20/android/build.gradle'.
[        ] Using default execution profile
[        ] Using Kotlin Gradle Plugin gradle85 variant
[        ] > Configure project :sqflite_android
[        ] Evaluating project ':sqflite_android' using build file '/Users/florian/.pub-cache/hosted/pub.dev/sqflite_android-2.4.2+2/android/build.gradle'.
[        ] Using default execution profile
[        ] > Configure project :url_launcher_android
[        ] Evaluating project ':url_launcher_android' using build file '/Users/florian/.pub-cache/hosted/pub.dev/url_launcher_android-6.3.28/android/build.gradle'.
[        ] Using default execution profile
[ +103 ms] > Configure project :video_player_android
[        ] Evaluating project ':video_player_android' using build file '/Users/florian/.pub-cache/hosted/pub.dev/video_player_android-2.9.1/android/build.gradle'.
[        ] Using default execution profile
[        ] Using Kotlin Gradle Plugin gradle85 variant
[        ] All projects evaluated.
[        ] Task name matched 'assembleDebug'
[        ] Selected primary task 'assembleDebug' from project :
[        ] Adding -Xuse-inline-scopes-numbers Kotlin compiler flag for task :app:compileDebugKotlin
[   +2 ms] Tasks to be executed: [task ':app:preBuild', task ':app:preDebugBuild', task ':app:mergeDebugNativeDebugMetadata', task ':app:checkKotlinGradlePluginConfigurationErrors', task ':app:compileFlutterBuildDebug', task ':app:packJniLibsflutterBuildDebug', task ':connectivity_plus:preBuild', task ':connectivity_plus:preDebugBuild', task ':connectivity_plus:writeDebugAarMetadata', task ':emoji_picker_flutter:preBuild', task ':emoji_picker_flutter:preDebugBuild', task ':emoji_picker_flutter:writeDebugAarMetadata', task ':file_selector_android:preBuild', task ':file_selector_android:preDebugBuild', task ':file_selector_android:writeDebugAarMetadata', task ':flutter_keyboard_visibility_temp_fork:preBuild', task ':flutter_keyboard_visibility_temp_fork:preDebugBuild', task ':flutter_keyboard_visibility_temp_fork:writeDebugAarMetadata', task ':flutter_native_splash:preBuild', task ':flutter_native_splash:preDebugBuild', task ':flutter_native_splash:writeDebugAarMetadata', task ':flutter_olm:preBuild', task ':flutter_olm:preDebugBuild', task ':flutter_olm:writeDebugAarMetadata', task ':flutter_openssl_crypto:preBuild', task ':flutter_openssl_crypto:preDebugBuild', task ':flutter_openssl_crypto:writeDebugAarMetadata', task ':integration_test:preBuild', task ':integration_test:preDebugBuild', task ':integration_test:writeDebugAarMetadata', task ':path_provider_android:preBuild', task ':path_provider_android:preDebugBuild', task ':path_provider_android:writeDebugAarMetadata', task ':quill_native_bridge_android:preBuild', task ':quill_native_bridge_android:preDebugBuild', task ':quill_native_bridge_android:writeDebugAarMetadata', task ':shared_preferences_android:preBuild', task ':shared_preferences_android:preDebugBuild', task ':shared_preferences_android:writeDebugAarMetadata', task ':sqflite_android:preBuild', task ':sqflite_android:preDebugBuild', task ':sqflite_android:writeDebugAarMetadata', task ':url_launcher_android:preBuild', task ':url_launcher_android:preDebugBuild', task ':url_launcher_android:writeDebugAarMetadata', task ':video_player_android:preBuild', task ':video_player_android:preDebugBuild', task ':video_player_android:writeDebugAarMetadata', task ':app:checkDebugAarMetadata', task ':app:cleanMergeDebugAssets', task ':app:mergeDebugShaders', task ':app:compileDebugShaders', task ':app:generateDebugAssets', task ':connectivity_plus:mergeDebugShaders', task ':connectivity_plus:compileDebugShaders', task ':connectivity_plus:generateDebugAssets', task ':connectivity_plus:mergeDebugAssets', task ':emoji_picker_flutter:mergeDebugShaders', task ':emoji_picker_flutter:compileDebugShaders', task ':emoji_picker_flutter:generateDebugAssets', task ':emoji_picker_flutter:mergeDebugAssets', task ':file_selector_android:mergeDebugShaders', task ':file_selector_android:compileDebugShaders', task ':file_selector_android:generateDebugAssets', task ':file_selector_android:mergeDebugAssets', task ':flutter_keyboard_visibility_temp_fork:mergeDebugShaders', task ':flutter_keyboard_visibility_temp_fork:compileDebugShaders', task ':flutter_keyboard_visibility_temp_fork:generateDebugAssets', task ':flutter_keyboard_visibility_temp_fork:mergeDebugAssets', task ':flutter_native_splash:mergeDebugShaders', task ':flutter_native_splash:compileDebugShaders', task ':flutter_native_splash:generateDebugAssets', task ':flutter_native_splash:mergeDebugAssets', task ':flutter_olm:mergeDebugShaders', task ':flutter_olm:compileDebugShaders', task ':flutter_olm:generateDebugAssets', task ':flutter_olm:mergeDebugAssets', task ':flutter_openssl_crypto:mergeDebugShaders', task ':flutter_openssl_crypto:compileDebugShaders', task ':flutter_openssl_crypto:generateDebugAssets', task ':flutter_openssl_crypto:mergeDebugAssets', task ':integration_test:mergeDebugShaders', task ':integration_test:compileDebugShaders', task ':integration_test:generateDebugAssets', task ':integration_test:mergeDebugAssets', task ':path_provider_android:mergeDebugShaders', task ':path_provider_android:compileDebugShaders', task ':path_provider_android:generateDebugAssets', task ':path_provider_android:mergeDebugAssets', task ':quill_native_bridge_android:mergeDebugShaders', task ':quill_native_bridge_android:compileDebugShaders', task ':quill_native_bridge_android:generateDebugAssets', task ':quill_native_bridge_android:mergeDebugAssets', task ':shared_preferences_android:mergeDebugShaders', task ':shared_preferences_android:compileDebugShaders', task ':shared_preferences_android:generateDebugAssets', task ':shared_preferences_android:mergeDebugAssets', task ':sqflite_android:mergeDebugShaders', task ':sqflite_android:compileDebugShaders', task ':sqflite_android:generateDebugAssets', task ':sqflite_android:mergeDebugAssets', task ':url_launcher_android:mergeDebugShaders', task ':url_launcher_android:compileDebugShaders', task ':url_launcher_android:generateDebugAssets', task ':url_launcher_android:mergeDebugAssets', task ':video_player_android:mergeDebugShaders', task ':video_player_android:compileDebugShaders', task ':video_player_android:generateDebugAssets', task ':video_player_android:mergeDebugAssets', task ':app:mergeDebugAssets', task ':app:copyFlutterAssetsDebug', task ':app:generateDebugResValues', task ':connectivity_plus:generateDebugResValues', task ':connectivity_plus:generateDebugResources', task ':connectivity_plus:packageDebugResources', task ':emoji_picker_flutter:generateDebugResValues', task ':emoji_picker_flutter:generateDebugResources', task ':emoji_picker_flutter:packageDebugResources', task ':file_selector_android:generateDebugResValues', task ':file_selector_android:generateDebugResources', task ':file_selector_android:packageDebugResources', task ':flutter_keyboard_visibility_temp_fork:generateDebugResValues', task ':flutter_keyboard_visibility_temp_fork:generateDebugResources', task ':flutter_keyboard_visibility_temp_fork:packageDebugResources', task ':flutter_native_splash:generateDebugResValues', task ':flutter_native_splash:generateDebugResources', task ':flutter_native_splash:packageDebugResources', task ':flutter_olm:generateDebugResValues', task ':flutter_olm:generateDebugResources', task ':flutter_olm:packageDebugResources', task ':flutter_openssl_crypto:generateDebugResValues', task ':flutter_openssl_crypto:generateDebugResources', task ':flutter_openssl_crypto:packageDebugResources', task ':integration_test:generateDebugResValues', task ':integration_test:generateDebugResources', task ':integration_test:packageDebugResources', task ':path_provider_android:generateDebugResValues', task ':path_provider_android:generateDebugResources', task ':path_provider_android:packageDebugResources', task ':quill_native_bridge_android:generateDebugResValues', task ':quill_native_bridge_android:generateDebugResources', task ':quill_native_bridge_android:packageDebugResources', task ':shared_preferences_android:generateDebugResValues', task ':shared_preferences_android:generateDebugResources', task ':shared_preferences_android:packageDebugResources', task ':sqflite_android:generateDebugResValues', task ':sqflite_android:generateDebugResources', task ':sqflite_android:packageDebugResources', task ':url_launcher_android:generateDebugResValues', task ':url_launcher_android:generateDebugResources', task ':url_launcher_android:packageDebugResources', task ':video_player_android:generateDebugResValues', task ':video_player_android:generateDebugResources', task ':video_player_android:packageDebugResources', task ':app:mapDebugSourceSetPaths', task ':app:generateDebugResources', task ':app:mergeDebugResources', task ':app:packageDebugResources', task ':app:parseDebugLocalResources', task ':app:createDebugCompatibleScreenManifests', task ':app:extractDeepLinksDebug', task ':connectivity_plus:extractDeepLinksDebug', task ':connectivity_plus:processDebugManifest', task ':emoji_picker_flutter:extractDeepLinksDebug', task ':emoji_picker_flutter:processDebugManifest', task ':file_selector_android:extractDeepLinksDebug', task ':file_selector_android:processDebugManifest', task ':flutter_keyboard_visibility_temp_fork:extractDeepLinksDebug', task ':flutter_keyboard_visibility_temp_fork:processDebugManifest', task ':flutter_native_splash:extractDeepLinksDebug', task ':flutter_native_splash:processDebugManifest', task ':flutter_olm:extractDeepLinksDebug', task ':flutter_olm:processDebugManifest', task ':flutter_openssl_crypto:extractDeepLinksDebug', task ':flutter_openssl_crypto:processDebugManifest', task ':integration_test:extractDeepLinksDebug', task ':integration_test:processDebugManifest', task ':path_provider_android:extractDeepLinksDebug', task ':path_provider_android:processDebugManifest', task ':quill_native_bridge_android:extractDeepLinksDebug', task ':quill_native_bridge_android:processDebugManifest', task ':shared_preferences_android:extractDeepLinksDebug', task ':shared_preferences_android:processDebugManifest', task ':sqflite_android:extractDeepLinksDebug', task ':sqflite_android:processDebugManifest', task ':url_launcher_android:extractDeepLinksDebug', task ':url_launcher_android:processDebugManifest', task ':video_player_android:extractDeepLinksDebug', task ':video_player_android:processDebugManifest', task ':app:processDebugMainManifest', task ':app:outputDebugAppLinkSettings', task ':app:processDebugManifest', task ':app:processDebugManifestForPackage', task ':connectivity_plus:compileDebugLibraryResources', task ':connectivity_plus:parseDebugLocalResources', task ':connectivity_plus:generateDebugRFile', task ':emoji_picker_flutter:compileDebugLibraryResources', task ':emoji_picker_flutter:parseDebugLocalResources', task ':emoji_picker_flutter:generateDebugRFile', task ':file_selector_android:compileDebugLibraryResources', task ':file_selector_android:parseDebugLocalResources', task ':file_selector_android:generateDebugRFile', task ':flutter_keyboard_visibility_temp_fork:compileDebugLibraryResources', task ':flutter_keyboard_visibility_temp_fork:parseDebugLocalResources', task ':flutter_keyboard_visibility_temp_fork:generateDebugRFile', task ':flutter_native_splash:compileDebugLibraryResources', task ':flutter_native_splash:parseDebugLocalResources', task ':flutter_native_splash:generateDebugRFile', task ':flutter_olm:compileDebugLibraryResources', task ':flutter_olm:parseDebugLocalResources', task ':flutter_olm:generateDebugRFile', task ':flutter_openssl_crypto:compileDebugLibraryResources', task ':flutter_openssl_crypto:parseDebugLocalResources', task ':flutter_openssl_crypto:generateDebugRFile', task ':integration_test:compileDebugLibraryResources', task ':integration_test:parseDebugLocalResources', task ':integration_test:generateDebugRFile', task ':path_provider_android:compileDebugLibraryResources', task ':path_provider_android:parseDebugLocalResources', task ':path_provider_android:generateDebugRFile', task ':quill_native_bridge_android:compileDebugLibraryResources', task ':quill_native_bridge_android:parseDebugLocalResources', task ':quill_native_bridge_android:generateDebugRFile', task ':shared_preferences_android:compileDebugLibraryResources', task ':shared_preferences_android:parseDebugLocalResources', task ':shared_preferences_android:generateDebugRFile', task ':sqflite_android:compileDebugLibraryResources', task ':sqflite_android:parseDebugLocalResources', task ':sqflite_android:generateDebugRFile', task ':url_launcher_android:compileDebugLibraryResources', task ':url_launcher_android:parseDebugLocalResources', task ':url_launcher_android:generateDebugRFile', task ':video_player_android:compileDebugLibraryResources', task ':video_player_android:parseDebugLocalResources', task ':video_player_android:generateDebugRFile', task ':app:processDebugResources', task ':connectivity_plus:javaPreCompileDebug', task ':connectivity_plus:compileDebugJavaWithJavac', task ':connectivity_plus:bundleLibCompileToJarDebug', task ':emoji_picker_flutter:checkKotlinGradlePluginConfigurationErrors', task ':emoji_picker_flutter:compileDebugKotlin', task ':emoji_picker_flutter:javaPreCompileDebug', task ':emoji_picker_flutter:compileDebugJavaWithJavac', task ':emoji_picker_flutter:bundleLibCompileToJarDebug', task ':file_selector_android:javaPreCompileDebug', task ':file_selector_android:compileDebugJavaWithJavac', task ':file_selector_android:bundleLibCompileToJarDebug', task ':flutter_keyboard_visibility_temp_fork:javaPreCompileDebug', task ':flutter_keyboard_visibility_temp_fork:compileDebugJavaWithJavac', task ':flutter_keyboard_visibility_temp_fork:bundleLibCompileToJarDebug', task ':flutter_native_splash:javaPreCompileDebug', task ':flutter_native_splash:compileDebugJavaWithJavac', task ':flutter_native_splash:bundleLibCompileToJarDebug', task ':flutter_olm:checkKotlinGradlePluginConfigurationErrors', task ':flutter_olm:compileDebugKotlin', task ':flutter_olm:javaPreCompileDebug', task ':flutter_olm:compileDebugJavaWithJavac', task ':flutter_olm:bundleLibCompileToJarDebug', task ':flutter_openssl_crypto:checkKotlinGradlePluginConfigurationErrors', task ':flutter_openssl_crypto:compileDebugKotlin', task ':flutter_openssl_crypto:javaPreCompileDebug', task ':flutter_openssl_crypto:compileDebugJavaWithJavac', task ':flutter_openssl_crypto:bundleLibCompileToJarDebug', task ':integration_test:javaPreCompileDebug', task ':integration_test:compileDebugJavaWithJavac', task ':integration_test:bundleLibCompileToJarDebug', task ':path_provider_android:javaPreCompileDebug', task ':path_provider_android:compileDebugJavaWithJavac', task ':path_provider_android:bundleLibCompileToJarDebug', task ':quill_native_bridge_android:checkKotlinGradlePluginConfigurationErrors', task ':quill_native_bridge_android:compileDebugKotlin', task ':quill_native_bridge_android:javaPreCompileDebug', task ':quill_native_bridge_android:compileDebugJavaWithJavac', task ':quill_native_bridge_android:bundleLibCompileToJarDebug', task ':shared_preferences_android:checkKotlinGradlePluginConfigurationErrors', task ':shared_preferences_android:compileDebugKotlin', task ':shared_preferences_android:javaPreCompileDebug', task ':shared_preferences_android:compileDebugJavaWithJavac', task ':shared_preferences_android:bundleLibCompileToJarDebug', task ':sqflite_android:javaPreCompileDebug', task ':sqflite_android:compileDebugJavaWithJavac', task ':sqflite_android:bundleLibCompileToJarDebug', task ':url_launcher_android:generateDebugBuildConfig', task ':url_launcher_android:javaPreCompileDebug', task ':url_launcher_android:compileDebugJavaWithJavac', task ':url_launcher_android:bundleLibCompileToJarDebug', task ':video_player_android:checkKotlinGradlePluginConfigurationErrors', task ':video_player_android:compileDebugKotlin', task ':video_player_android:javaPreCompileDebug', task ':video_player_android:compileDebugJavaWithJavac', task ':video_player_android:bundleLibCompileToJarDebug', task ':app:compileDebugKotlin', task ':app:javaPreCompileDebug', task ':app:compileDebugJavaWithJavac', task ':app:compressDebugAssets', task ':app:processDebugJavaRes', task ':connectivity_plus:processDebugJavaRes', task ':emoji_picker_flutter:processDebugJavaRes', task ':file_selector_android:processDebugJavaRes', task ':flutter_keyboard_visibility_temp_fork:processDebugJavaRes', task ':flutter_native_splash:processDebugJavaRes', task ':flutter_olm:processDebugJavaRes', task ':flutter_openssl_crypto:processDebugJavaRes', task ':integration_test:processDebugJavaRes', task ':path_provider_android:processDebugJavaRes', task ':quill_native_bridge_android:processDebugJavaRes', task ':shared_preferences_android:processDebugJavaRes', task ':sqflite_android:processDebugJavaRes', task ':url_launcher_android:processDebugJavaRes', task ':video_player_android:processDebugJavaRes', task ':app:mergeDebugJavaResource', task ':app:checkDebugDuplicateClasses', task ':app:desugarDebugFileDependencies', task ':app:mergeExtDexDebug', task ':connectivity_plus:bundleLibRuntimeToDirDebug', task ':emoji_picker_flutter:bundleLibRuntimeToDirDebug', task ':file_selector_android:bundleLibRuntimeToDirDebug', task ':flutter_keyboard_visibility_temp_fork:bundleLibRuntimeToDirDebug', task ':flutter_native_splash:bundleLibRuntimeToDirDebug', task ':flutter_olm:bundleLibRuntimeToDirDebug', task ':flutter_openssl_crypto:bundleLibRuntimeToDirDebug', task ':integration_test:bundleLibRuntimeToDirDebug', task ':path_provider_android:bundleLibRuntimeToDirDebug', task ':quill_native_bridge_android:bundleLibRuntimeToDirDebug', task ':shared_preferences_android:bundleLibRuntimeToDirDebug', task ':sqflite_android:bundleLibRuntimeToDirDebug', task ':url_launcher_android:bundleLibRuntimeToDirDebug', task ':video_player_android:bundleLibRuntimeToDirDebug', task ':app:mergeLibDexDebug', task ':app:dexBuilderDebug', task ':app:mergeProjectDexDebug', task ':app:configureCMakeDebug[arm64-v8a]', task ':app:buildCMakeDebug[arm64-v8a]', task ':app:configureCMakeDebug[armeabi-v7a]', task ':app:buildCMakeDebug[armeabi-v7a]', task ':app:configureCMakeDebug[x86_64]', task ':app:buildCMakeDebug[x86_64]', task ':app:mergeDebugJniLibFolders', task ':connectivity_plus:mergeDebugJniLibFolders', task ':connectivity_plus:mergeDebugNativeLibs', task ':connectivity_plus:copyDebugJniLibsProjectOnly', task ':emoji_picker_flutter:mergeDebugJniLibFolders', task ':emoji_picker_flutter:mergeDebugNativeLibs', task ':emoji_picker_flutter:copyDebugJniLibsProjectOnly', task ':file_selector_android:mergeDebugJniLibFolders', task ':file_selector_android:mergeDebugNativeLibs', task ':file_selector_android:copyDebugJniLibsProjectOnly', task ':flutter_keyboard_visibility_temp_fork:mergeDebugJniLibFolders', task ':flutter_keyboard_visibility_temp_fork:mergeDebugNativeLibs', task ':flutter_keyboard_visibility_temp_fork:copyDebugJniLibsProjectOnly', task ':flutter_native_splash:mergeDebugJniLibFolders', task ':flutter_native_splash:mergeDebugNativeLibs', task ':flutter_native_splash:copyDebugJniLibsProjectOnly', task ':flutter_olm:preProfileBuild', task ':flutter_olm:configureCMakeDebug[arm64-v8a]', task ':flutter_olm:buildCMakeDebug[arm64-v8a]', task ':flutter_olm:configureCMakeDebug[armeabi-v7a]', task ':flutter_olm:buildCMakeDebug[armeabi-v7a]', task ':flutter_olm:configureCMakeDebug[x86]', task ':flutter_olm:buildCMakeDebug[x86]', task ':flutter_olm:configureCMakeDebug[x86_64]', task ':flutter_olm:buildCMakeDebug[x86_64]', task ':flutter_olm:mergeDebugJniLibFolders', task ':flutter_olm:mergeDebugNativeLibs', task ':flutter_olm:copyDebugJniLibsProjectOnly', task ':flutter_openssl_crypto:preProfileBuild', task ':flutter_openssl_crypto:configureCMakeDebug[arm64-v8a]', task ':flutter_openssl_crypto:buildCMakeDebug[arm64-v8a]', task ':flutter_openssl_crypto:configureCMakeDebug[armeabi-v7a]', task ':flutter_openssl_crypto:buildCMakeDebug[armeabi-v7a]', task ':flutter_openssl_crypto:configureCMakeDebug[x86]', task ':flutter_openssl_crypto:buildCMakeDebug[x86]', task ':flutter_openssl_crypto:configureCMakeDebug[x86_64]', task ':flutter_openssl_crypto:buildCMakeDebug[x86_64]', task ':flutter_openssl_crypto:mergeDebugJniLibFolders', task ':flutter_openssl_crypto:mergeDebugNativeLibs', task ':flutter_openssl_crypto:copyDebugJniLibsProjectOnly', task ':integration_test:mergeDebugJniLibFolders', task ':integration_test:mergeDebugNativeLibs', task ':integration_test:copyDebugJniLibsProjectOnly', task ':path_provider_android:mergeDebugJniLibFolders', task ':path_provider_android:mergeDebugNativeLibs', task ':path_provider_android:copyDebugJniLibsProjectOnly', task ':quill_native_bridge_android:mergeDebugJniLibFolders', task ':quill_native_bridge_android:mergeDebugNativeLibs', task ':quill_native_bridge_android:copyDebugJniLibsProjectOnly', task ':shared_preferences_android:mergeDebugJniLibFolders', task ':shared_preferences_android:mergeDebugNativeLibs', task ':shared_preferences_android:copyDebugJniLibsProjectOnly', task ':sqflite_android:mergeDebugJniLibFolders', task ':sqflite_android:mergeDebugNativeLibs', task ':sqflite_android:copyDebugJniLibsProjectOnly', task ':url_launcher_android:mergeDebugJniLibFolders', task ':url_launcher_android:mergeDebugNativeLibs', task ':url_launcher_android:copyDebugJniLibsProjectOnly', task ':video_player_android:mergeDebugJniLibFolders', task ':video_player_android:mergeDebugNativeLibs', task ':video_player_android:copyDebugJniLibsProjectOnly', task ':app:mergeDebugNativeLibs', task ':app:stripDebugDebugSymbols', task ':app:validateSigningDebug', task ':app:writeDebugAppMetadata', task ':app:writeDebugSigningConfigVersions', task ':app:packageDebug', task ':app:createDebugApkListingFileRedirect', task ':app:assembleDebug', task ':connectivity_plus:stripDebugDebugSymbols', task ':connectivity_plus:copyDebugJniLibsProjectAndLocalJars', task ':connectivity_plus:extractDebugAnnotations', task ':connectivity_plus:extractDeepLinksForAarDebug', task ':connectivity_plus:mergeDebugGeneratedProguardFiles', task ':connectivity_plus:mergeDebugConsumerProguardFiles', task ':connectivity_plus:prepareDebugArtProfile', task ':connectivity_plus:prepareLintJarForPublish', task ':connectivity_plus:mergeDebugJavaResource', task ':connectivity_plus:syncDebugLibJars', task ':connectivity_plus:bundleDebugAar', task ':connectivity_plus:assembleDebug', task ':emoji_picker_flutter:stripDebugDebugSymbols', task ':emoji_picker_flutter:copyDebugJniLibsProjectAndLocalJars', task ':emoji_picker_flutter:extractDebugAnnotations', task ':emoji_picker_flutter:extractDeepLinksForAarDebug', task ':emoji_picker_flutter:mergeDebugGeneratedProguardFiles', task ':emoji_picker_flutter:mergeDebugConsumerProguardFiles', task ':emoji_picker_flutter:prepareDebugArtProfile', task ':emoji_picker_flutter:prepareLintJarForPublish', task ':emoji_picker_flutter:mergeDebugJavaResource', task ':emoji_picker_flutter:syncDebugLibJars', task ':emoji_picker_flutter:bundleDebugAar', task ':emoji_picker_flutter:assembleDebug', task ':file_selector_android:stripDebugDebugSymbols', task ':file_selector_android:copyDebugJniLibsProjectAndLocalJars', task ':file_selector_android:extractDebugAnnotations', task ':file_selector_android:extractDeepLinksForAarDebug', task ':file_selector_android:mergeDebugGeneratedProguardFiles', task ':file_selector_android:mergeDebugConsumerProguardFiles', task ':file_selector_android:prepareDebugArtProfile', task ':file_selector_android:prepareLintJarForPublish', task ':file_selector_android:mergeDebugJavaResource', task ':file_selector_android:syncDebugLibJars', task ':file_selector_android:bundleDebugAar', task ':file_selector_android:assembleDebug', task ':flutter_keyboard_visibility_temp_fork:stripDebugDebugSymbols', task ':flutter_keyboard_visibility_temp_fork:copyDebugJniLibsProjectAndLocalJars', task ':flutter_keyboard_visibility_temp_fork:extractDebugAnnotations', task ':flutter_keyboard_visibility_temp_fork:extractDeepLinksForAarDebug', task ':flutter_keyboard_visibility_temp_fork:mergeDebugGeneratedProguardFiles', task ':flutter_keyboard_visibility_temp_fork:mergeDebugConsumerProguardFiles', task ':flutter_keyboard_visibility_temp_fork:prepareDebugArtProfile', task ':flutter_keyboard_visibility_temp_fork:prepareLintJarForPublish', task ':flutter_keyboard_visibility_temp_fork:mergeDebugJavaResource', task ':flutter_keyboard_visibility_temp_fork:syncDebugLibJars', task ':flutter_keyboard_visibility_temp_fork:bundleDebugAar', task ':flutter_keyboard_visibility_temp_fork:assembleDebug', task ':flutter_native_splash:stripDebugDebugSymbols', task ':flutter_native_splash:copyDebugJniLibsProjectAndLocalJars', task ':flutter_native_splash:extractDebugAnnotations', task ':flutter_native_splash:extractDeepLinksForAarDebug', task ':flutter_native_splash:mergeDebugGeneratedProguardFiles', task ':flutter_native_splash:mergeDebugConsumerProguardFiles', task ':flutter_native_splash:prepareDebugArtProfile', task ':flutter_native_splash:prepareLintJarForPublish', task ':flutter_native_splash:mergeDebugJavaResource', task ':flutter_native_splash:syncDebugLibJars', task ':flutter_native_splash:bundleDebugAar', task ':flutter_native_splash:assembleDebug', task ':flutter_olm:stripDebugDebugSymbols', task ':flutter_olm:copyDebugJniLibsProjectAndLocalJars', task ':flutter_olm:extractDebugAnnotations', task ':flutter_olm:extractDeepLinksForAarDebug', task ':flutter_olm:mergeDebugGeneratedProguardFiles', task ':flutter_olm:mergeDebugConsumerProguardFiles', task ':flutter_olm:prepareDebugArtProfile', task ':flutter_olm:prepareLintJarForPublish', task ':flutter_olm:mergeDebugJavaResource', task ':flutter_olm:syncDebugLibJars', task ':flutter_olm:bundleDebugAar', task ':flutter_olm:assembleDebug', task ':flutter_openssl_crypto:stripDebugDebugSymbols', task ':flutter_openssl_crypto:copyDebugJniLibsProjectAndLocalJars', task ':flutter_openssl_crypto:extractDebugAnnotations', task ':flutter_openssl_crypto:extractDeepLinksForAarDebug', task ':flutter_openssl_crypto:mergeDebugGeneratedProguardFiles', task ':flutter_openssl_crypto:mergeDebugConsumerProguardFiles', task ':flutter_openssl_crypto:prepareDebugArtProfile', task ':flutter_openssl_crypto:prepareLintJarForPublish', task ':flutter_openssl_crypto:mergeDebugJavaResource', task ':flutter_openssl_crypto:syncDebugLibJars', task ':flutter_openssl_crypto:bundleDebugAar', task ':flutter_openssl_crypto:assembleDebug', task ':integration_test:stripDebugDebugSymbols', task ':integration_test:copyDebugJniLibsProjectAndLocalJars', task ':integration_test:extractDebugAnnotations', task ':integration_test:extractDeepLinksForAarDebug', task ':integration_test:mergeDebugGeneratedProguardFiles', task ':integration_test:mergeDebugConsumerProguardFiles', task ':integration_test:prepareDebugArtProfile', task ':integration_test:prepareLintJarForPublish', task ':integration_test:mergeDebugJavaResource', task ':integration_test:syncDebugLibJars', task ':integration_test:bundleDebugAar', task ':integration_test:assembleDebug', task ':path_provider_android:stripDebugDebugSymbols', task ':path_provider_android:copyDebugJniLibsProjectAndLocalJars', task ':path_provider_android:extractDebugAnnotations', task ':path_provider_android:extractDeepLinksForAarDebug', task ':path_provider_android:mergeDebugGeneratedProguardFiles', task ':path_provider_android:mergeDebugConsumerProguardFiles', task ':path_provider_android:prepareDebugArtProfile', task ':path_provider_android:prepareLintJarForPublish', task ':path_provider_android:mergeDebugJavaResource', task ':path_provider_android:syncDebugLibJars', task ':path_provider_android:bundleDebugAar', task ':path_provider_android:assembleDebug', task ':quill_native_bridge_android:stripDebugDebugSymbols', task ':quill_native_bridge_android:copyDebugJniLibsProjectAndLocalJars', task ':quill_native_bridge_android:extractDebugAnnotations', task ':quill_native_bridge_android:extractDeepLinksForAarDebug', task ':quill_native_bridge_android:mergeDebugGeneratedProguardFiles', task ':quill_native_bridge_android:mergeDebugConsumerProguardFiles', task ':quill_native_bridge_android:prepareDebugArtProfile', task ':quill_native_bridge_android:prepareLintJarForPublish', task ':quill_native_bridge_android:mergeDebugJavaResource', task ':quill_native_bridge_android:syncDebugLibJars', task ':quill_native_bridge_android:bundleDebugAar', task ':quill_native_bridge_android:assembleDebug', task ':shared_preferences_android:stripDebugDebugSymbols', task ':shared_preferences_android:copyDebugJniLibsProjectAndLocalJars', task ':shared_preferences_android:extractDebugAnnotations', task ':shared_preferences_android:extractDeepLinksForAarDebug', task ':shared_preferences_android:mergeDebugGeneratedProguardFiles', task ':shared_preferences_android:mergeDebugConsumerProguardFiles', task ':shared_preferences_android:prepareDebugArtProfile', task ':shared_preferences_android:prepareLintJarForPublish', task ':shared_preferences_android:mergeDebugJavaResource', task ':shared_preferences_android:syncDebugLibJars', task ':shared_preferences_android:bundleDebugAar', task ':shared_preferences_android:assembleDebug', task ':sqflite_android:stripDebugDebugSymbols', task ':sqflite_android:copyDebugJniLibsProjectAndLocalJars', task ':sqflite_android:extractDebugAnnotations', task ':sqflite_android:extractDeepLinksForAarDebug', task ':sqflite_android:mergeDebugGeneratedProguardFiles', task ':sqflite_android:mergeDebugConsumerProguardFiles', task ':sqflite_android:prepareDebugArtProfile', task ':sqflite_android:prepareLintJarForPublish', task ':sqflite_android:mergeDebugJavaResource', task ':sqflite_android:syncDebugLibJars', task ':sqflite_android:bundleDebugAar', task ':sqflite_android:assembleDebug', task ':url_launcher_android:stripDebugDebugSymbols', task ':url_launcher_android:copyDebugJniLibsProjectAndLocalJars', task ':url_launcher_android:extractDebugAnnotations', task ':url_launcher_android:extractDeepLinksForAarDebug', task ':url_launcher_android:mergeDebugGeneratedProguardFiles', task ':url_launcher_android:mergeDebugConsumerProguardFiles', task ':url_launcher_android:prepareDebugArtProfile', task ':url_launcher_android:prepareLintJarForPublish', task ':url_launcher_android:mergeDebugJavaResource', task ':url_launcher_android:syncDebugLibJars', task ':url_launcher_android:bundleDebugAar', task ':url_launcher_android:assembleDebug', task ':video_player_android:stripDebugDebugSymbols', task ':video_player_android:copyDebugJniLibsProjectAndLocalJars', task ':video_player_android:extractDebugAnnotations', task ':video_player_android:extractDeepLinksForAarDebug', task ':video_player_android:mergeDebugGeneratedProguardFiles', task ':video_player_android:mergeDebugConsumerProguardFiles', task ':video_player_android:prepareDebugArtProfile', task ':video_player_android:prepareLintJarForPublish', task ':video_player_android:mergeDebugJavaResource', task ':video_player_android:syncDebugLibJars', task ':video_player_android:bundleDebugAar', task ':video_player_android:assembleDebug']
[        ] Tasks that were excluded: []
[        ] work action Parameters of ClassesDirToClassesTransform (Thread[#43287,Execution worker Thread 25,5,main]) started.
[        ] work action Parameters of DexingNoClasspathTransform (Thread[#43287,Execution worker Thread 25,5,main]) started.
[        ] Resolve mutations for :app:preBuild (Thread[#43287,Execution worker Thread 25,5,main]) started.
[        ] :app:preBuild (Thread[#43287,Execution worker Thread 25,5,main]) started.
[        ] > Task :app:preBuild UP-TO-DATE
[        ] Skipping task ':app:preBuild' as it has no actions.
[        ] Resolve mutations for :app:preDebugBuild (Thread[#43287,Execution worker Thread 25,5,main]) started.
[        ] :app:preDebugBuild (Thread[#43287,Execution worker Thread 25,5,main]) started.
[        ] > Task :app:preDebugBuild UP-TO-DATE
[        ] Skipping task ':app:preDebugBuild' as it has no actions.
[        ] Resolve mutations for :app:mergeDebugNativeDebugMetadata (Thread[#43287,Execution worker Thread 25,5,main]) started.
[        ] :app:mergeDebugNativeDebugMetadata (Thread[#43287,Execution worker Thread 25,5,main]) started.
[        ] > Task :app:mergeDebugNativeDebugMetadata NO-SOURCE
[        ] Skipping task ':app:mergeDebugNativeDebugMetadata' as it has no source files and no previous output files.
[        ] Resolve mutations for :app:checkKotlinGradlePluginConfigurationErrors (Thread[#43287,Execution worker Thread 25,5,main]) started.
[        ] :app:checkKotlinGradlePluginConfigurationErrors (Thread[#43287,Execution worker Thread 25,5,main]) started.
[        ] > Task :app:checkKotlinGradlePluginConfigurationErrors SKIPPED
[        ] Skipping task ':app:checkKotlinGradlePluginConfigurationErrors' as task onlyIf 'errorDiagnostics are present' is false.
[        ] Resolve mutations for :app:compileFlutterBuildDebug (Thread[#43287,Execution worker Thread 25,5,main]) started.
[        ] :app:compileFlutterBuildDebug (Thread[#43287,Execution worker Thread 25,5,main]) started.
14:11 +11 -31: loading /Users/florian/Code/substitution/integration_test/login_debug_test.dart                                                                                                         14:12 +11 -31: loading /Users/florian/Code/substitution/integration_test/login_debug_test.dart                                                                                                         [+1989 ms] > Task :app:compileFlutterBuildDebug
[        ] Caching disabled for task ':app:compileFlutterBuildDebug' because:
[        ]   Build cache is disabled
[        ]   Caching has not been enabled for the task
[        ] Task ':app:compileFlutterBuildDebug' is not up-to-date because:
[        ]   Value of input property 'targetPath' has changed for task ':app:compileFlutterBuildDebug'
[        ] Starting process 'command '/opt/homebrew/share/flutter/bin/flutter''. Working directory: /Users/florian/Code/substitution Command: /opt/homebrew/share/flutter/bin/flutter --verbose assemble --no-version-check --depfile /Users/florian/Code/substitution/build/app/intermediates/flutter/debug/flutter_build.d --output /Users/florian/Code/substitution/build/app/intermediates/flutter/debug -dTargetFile=/var/folders/l_/w8pnbb9d38n57pzg9j98fmy80000gn/T/flutter_tools.wuOse9/flutter_test_listener.s5Cvr6/listener.dart -dTargetPlatform=android -dBuildMode=debug -dTrackWidgetCreation=true --DartDefines=TUFUUklYX1NFUlZFUj1odHRwOi8vbG9jYWxob3N0OjgwMDg=,TUFUUklYX1RFU1RfVVNFUj0=,TUFUUklYX1RFU1RfUEFTU1dPUkQ9,RkxVVFRFUl9WRVJTSU9OPTMuMzguOQ==,RkxVVFRFUl9DSEFOTkVMPXN0YWJsZQ==,RkxVVFRFUl9HSVRfVVJMPWh0dHBzOi8vZ2l0aHViLmNvbS9mbHV0dGVyL2ZsdXR0ZXIuZ2l0,RkxVVFRFUl9GUkFNRVdPUktfUkVWSVNJT049NjczMjNkZTI4NQ==,RkxVVFRFUl9FTkdJTkVfUkVWSVNJT049NTg3YzE4Zjg3Mw==,RkxVVFRFUl9EQVJUX1ZFUlNJT049My4xMC44,SU5URUdSQVRJT05fVEVTVF9TSE9VTERfUkVQT1JUX1JFU1VMVFNfVE9fTkFUSVZFPWZhbHNl -dFlavor= -dAndroidArchs=android-arm64 -dMinSdkVersion=24 debug_android_application
[        ] Successfully started process 'command '/opt/homebrew/share/flutter/bin/flutter''
[        ] [  +19 ms] executing: sysctl hw.optional.arm64
[        ] [   +3 ms] Exit code 0 from: sysctl hw.optional.arm64
[        ] [        ] hw.optional.arm64: 1
[        ] [   +3 ms] Artifact Instance of 'MaterialFonts' is not required, skipping update.
[        ] [        ] Artifact Instance of 'GradleWrapper' is not required, skipping update.
[        ] [        ] Artifact Instance of 'AndroidGenSnapshotArtifacts' is not required, skipping update.
[        ] [        ] Artifact Instance of 'AndroidInternalBuildArtifacts' is not required, skipping update.
[        ] [        ] Artifact Instance of 'IOSEngineArtifacts' is not required, skipping update.
[        ] [        ] Artifact Instance of 'FlutterWebSdk' is not required, skipping update.
[        ] [        ] Artifact Instance of 'LegacyCanvasKitRemover' is not required, skipping update.
[        ] [        ] Artifact Instance of 'FlutterSdk' is not required, skipping update.
[        ] [        ] Artifact Instance of 'WindowsEngineArtifacts' is not required, skipping update.
[        ] [        ] Artifact Instance of 'MacOSEngineArtifacts' is not required, skipping update.
[        ] [        ] Artifact Instance of 'LinuxEngineArtifacts' is not required, skipping update.
[        ] [        ] Artifact Instance of 'LinuxFuchsiaSDKArtifacts' is not required, skipping update.
[        ] [        ] Artifact Instance of 'MacOSFuchsiaSDKArtifacts' is not required, skipping update.
[        ] [        ] Artifact Instance of 'FlutterRunnerSDKArtifacts' is not required, skipping update.
[        ] [        ] Artifact Instance of 'FlutterRunnerDebugSymbols' is not required, skipping update.
[        ] [        ] Artifact Instance of 'IosUsbArtifacts' is not required, skipping update.
[        ] [        ] Artifact Instance of 'IosUsbArtifacts' is not required, skipping update.
[        ] [        ] Artifact Instance of 'IosUsbArtifacts' is not required, skipping update.
[        ] [        ] Artifact Instance of 'IosUsbArtifacts' is not required, skipping update.
[        ] [        ] Artifact Instance of 'IosUsbArtifacts' is not required, skipping update.
[        ] [        ] Artifact Instance of 'IosUsbArtifacts' is not required, skipping update.
[        ] [        ] Artifact Instance of 'FontSubsetArtifacts' is not required, skipping update.
[        ] [        ] Artifact Instance of 'PubDependencies' is not required, skipping update.
[        ] [   +3 ms] Artifact Instance of 'AndroidGenSnapshotArtifacts' is not required, skipping update.
[        ] [        ] Artifact Instance of 'AndroidInternalBuildArtifacts' is not required, skipping update.
[        ] [        ] Artifact Instance of 'IOSEngineArtifacts' is not required, skipping update.
[        ] [        ] Artifact Instance of 'FlutterWebSdk' is not required, skipping update.
[        ] [        ] Artifact Instance of 'FlutterEngineStamp' is not required, skipping update.
[        ] [        ] Artifact Instance of 'LegacyCanvasKitRemover' is not required, skipping update.
[        ] [        ] Artifact Instance of 'WindowsEngineArtifacts' is not required, skipping update.
[        ] [        ] Artifact Instance of 'MacOSEngineArtifacts' is not required, skipping update.
[        ] [        ] Artifact Instance of 'LinuxEngineArtifacts' is not required, skipping update.
[        ] [        ] Artifact Instance of 'LinuxFuchsiaSDKArtifacts' is not required, skipping update.
[        ] [        ] Artifact Instance of 'MacOSFuchsiaSDKArtifacts' is not required, skipping update.
[        ] [        ] Artifact Instance of 'FlutterRunnerSDKArtifacts' is not required, skipping update.
[        ] [        ] Artifact Instance of 'FlutterRunnerDebugSymbols' is not required, skipping update.
[        ] [  +23 ms] Artifact Instance of 'MaterialFonts' is not required, skipping update.
[        ] [        ] Artifact Instance of 'GradleWrapper' is not required, skipping update.
[        ] [        ] Artifact Instance of 'AndroidInternalBuildArtifacts' is not required, skipping update.
[        ] [        ] Artifact Instance of 'IOSEngineArtifacts' is not required, skipping update.
[        ] [        ] Artifact Instance of 'FlutterWebSdk' is not required, skipping update.
[        ] [        ] Artifact Instance of 'FlutterEngineStamp' is not required, skipping update.
[        ] [        ] Artifact Instance of 'LegacyCanvasKitRemover' is not required, skipping update.
[        ] [        ] Artifact Instance of 'FlutterSdk' is not required, skipping update.
[        ] [        ] Artifact Instance of 'WindowsEngineArtifacts' is not required, skipping update.
[        ] [        ] Artifact Instance of 'MacOSEngineArtifacts' is not required, skipping update.
[        ] [        ] Artifact Instance of 'LinuxEngineArtifacts' is not required, skipping update.
[        ] [        ] Artifact Instance of 'LinuxFuchsiaSDKArtifacts' is not required, skipping update.
[        ] [        ] Artifact Instance of 'MacOSFuchsiaSDKArtifacts' is not required, skipping update.
[        ] [        ] Artifact Instance of 'FlutterRunnerSDKArtifacts' is not required, skipping update.
[        ] [        ] Artifact Instance of 'FlutterRunnerDebugSymbols' is not required, skipping update.
[        ] [        ] Artifact Instance of 'IosUsbArtifacts' is not required, skipping update.
[        ] [        ] Artifact Instance of 'IosUsbArtifacts' is not required, skipping update.
[        ] [        ] Artifact Instance of 'IosUsbArtifacts' is not required, skipping update.
[        ] [        ] Artifact Instance of 'IosUsbArtifacts' is not required, skipping update.
[        ] [        ] Artifact Instance of 'IosUsbArtifacts' is not required, skipping update.
[        ] [        ] Artifact Instance of 'IosUsbArtifacts' is not required, skipping update.
[        ] [        ] Artifact Instance of 'FontSubsetArtifacts' is not required, skipping update.
[        ] [        ] Artifact Instance of 'PubDependencies' is not required, skipping update.
[        ] [  +21 ms] Initializing file store
[        ] [  +11 ms] dart_build: Starting due to {}
[        ] [        ] Skipping target: gen_localizations
[        ] [        ] gen_dart_plugin_registrant: Starting due to {InvalidatedReasonKind.outputSetAddition: The following outputs were added to the output set: /Users/florian/Code/substitution/.dart_tool/flutter_build/dart_plugin_registrant.dart, InvalidatedReasonKind.inputChanged: The following inputs have updated contents: /Users/florian/Code/substitution/.dart_tool/package_config.json}
[        ] [  +44 ms] Found plugin integration_test at /opt/homebrew/share/flutter/packages/integration_test/
[        ] [  +18 ms] Found plugin flutter_native_splash at /Users/florian/.pub-cache/hosted/pub.dev/flutter_native_splash-2.4.7/
[        ] [  +12 ms] Building native assets for android_arm64.
[        ] [  +23 ms] Found plugin connectivity_plus at /Users/florian/.pub-cache/hosted/pub.dev/connectivity_plus-5.0.2/
[        ] [   +6 ms] input.json contents:
[        ]            {
[        ]              "assets": {},
[        ]              "config": {
[        ]                "build_asset_types": [
[        ]                  "code_assets/code"
[        ]                ],
[        ]                "extensions": {
[        ]                  "code_assets": {
[        ]                    "android": {
[        ]                      "target_ndk_api": 24
[        ]                    },
[        ]                    "c_compiler": {
[        ]                      "ar": "/Users/florian/Library/Android/sdk/ndk/28.2.13676358/toolchains/llvm/prebuilt/darwin-x86_64/bin/llvm-ar",
[        ]                      "cc": "/Users/florian/Library/Android/sdk/ndk/28.2.13676358/toolchains/llvm/prebuilt/darwin-x86_64/bin/clang",
[        ]                      "ld": "/Users/florian/Library/Android/sdk/ndk/28.2.13676358/toolchains/llvm/prebuilt/darwin-x86_64/bin/ld.lld"
[        ]                    },
[        ]                    "link_mode_preference": "dynamic",
[        ]                    "target_architecture": "arm64",
[        ]                    "target_os": "android"
[        ]                  }
[        ]                },
[        ]                "linking_enabled": false
[        ]              },
[        ]              "out_dir_shared": "/Users/florian/Code/substitution/.dart_tool/hooks_runner/shared/objective_c/build/",
[        ]              "out_file": "/Users/florian/Code/substitution/.dart_tool/hooks_runner/objective_c/842b8c761140c2c0e73191c57a372e73/output.json",
[        ]              "package_name": "objective_c",
[        ]              "package_root": "/Users/florian/.pub-cache/hosted/pub.dev/objective_c-9.2.5/",
[        ]              "user_defines": {}
[        ]            }
[        ] [   +2 ms] output.json contents:
[        ]            {
[        ]              "assets_for_linking": {},
[        ]              "status": "success",
[        ]              "timestamp": "2026-02-16 21:57:23.000"
[        ]            }
[        ] [   +1 ms] Skipping build for objective_c in /Users/florian/Code/substitution/.dart_tool/hooks_runner/objective_c/842b8c761140c2c0e73191c57a372e73/. Last build on 2026-02-16 21:57:23.000.
[        ] [   +2 ms] Building native assets for android_arm64 done.
[        ] [   +1 ms] dart_build: Complete
[        ] [   +1 ms] install_code_assets: Starting due to {}
[        ] [   +1 ms] Writing native assets json to file:///Users/florian/Code/substitution/.dart_tool/flutter_build/a82fa44c9043366f3878073bd4ff605d/native_assets.json.
[        ] [        ] Found plugin video_player at /Users/florian/.pub-cache/hosted/pub.dev/video_player-2.10.1/
[        ] [        ] Found plugin video_player_web at /Users/florian/.pub-cache/hosted/pub.dev/video_player_web-2.4.0/
[        ] [        ] Writing /Users/florian/Code/substitution/.dart_tool/flutter_build/a82fa44c9043366f3878073bd4ff605d/native_assets.json done.
[        ] [        ] install_code_assets: Complete
[        ] [   +1 ms] Found plugin video_player_avfoundation at /Users/florian/.pub-cache/hosted/pub.dev/video_player_avfoundation-2.9.1/
[        ] [        ] Found plugin video_player_android at /Users/florian/.pub-cache/hosted/pub.dev/video_player_android-2.9.1/
[        ] [        ] Found plugin url_launcher at /Users/florian/.pub-cache/hosted/pub.dev/url_launcher-6.3.2/
[        ] [        ] Found plugin url_launcher_windows at /Users/florian/.pub-cache/hosted/pub.dev/url_launcher_windows-3.1.5/
[        ] [        ] Found plugin url_launcher_web at /Users/florian/.pub-cache/hosted/pub.dev/url_launcher_web-2.4.2/
[        ] [        ] Found plugin url_launcher_macos at /Users/florian/.pub-cache/hosted/pub.dev/url_launcher_macos-3.2.5/
[        ] [        ] Found plugin url_launcher_linux at /Users/florian/.pub-cache/hosted/pub.dev/url_launcher_linux-3.2.2/
[        ] [        ] Found plugin url_launcher_ios at /Users/florian/.pub-cache/hosted/pub.dev/url_launcher_ios-6.3.6/
[        ] [        ] Found plugin url_launcher_android at /Users/florian/.pub-cache/hosted/pub.dev/url_launcher_android-6.3.28/
[        ] [   +2 ms] Found plugin sqflite at /Users/florian/.pub-cache/hosted/pub.dev/sqflite-2.4.2/
[        ] [        ] Found plugin sqflite_darwin at /Users/florian/.pub-cache/hosted/pub.dev/sqflite_darwin-2.4.2/
[        ] [        ] Found plugin sqflite_android at /Users/florian/.pub-cache/hosted/pub.dev/sqflite_android-2.4.2+2/
[        ] [        ] Found plugin path_provider at /Users/florian/.pub-cache/hosted/pub.dev/path_provider-2.1.5/
[        ] [        ] Found plugin path_provider_windows at /Users/florian/.pub-cache/hosted/pub.dev/path_provider_windows-2.3.0/
[        ] [        ] Found plugin path_provider_linux at /Users/florian/.pub-cache/hosted/pub.dev/path_provider_linux-2.2.1/
[        ] [        ] Found plugin path_provider_foundation at /Users/florian/.pub-cache/hosted/pub.dev/path_provider_foundation-2.6.0/
[        ] [   +2 ms] Found plugin path_provider_android at /Users/florian/.pub-cache/hosted/pub.dev/path_provider_android-2.2.22/
[        ] [  +18 ms] Found plugin flutter_keyboard_visibility_temp_fork at /Users/florian/.pub-cache/hosted/pub.dev/flutter_keyboard_visibility_temp_fork-0.1.5/
[        ] [        ] Found plugin flutter_keyboard_visibility_windows at /Users/florian/.pub-cache/hosted/pub.dev/flutter_keyboard_visibility_windows-1.0.0/
[        ] [   +1 ms] Found plugin flutter_keyboard_visibility_macos at /Users/florian/.pub-cache/hosted/pub.dev/flutter_keyboard_visibility_macos-1.0.0/
[        ] [        ] Found plugin flutter_keyboard_visibility_linux at /Users/florian/.pub-cache/hosted/pub.dev/flutter_keyboard_visibility_linux-1.0.0/
[        ] [   +8 ms] Found plugin quill_native_bridge at /Users/florian/.pub-cache/hosted/pub.dev/quill_native_bridge-11.1.0/
[        ] [        ] Found plugin quill_native_bridge_windows at /Users/florian/.pub-cache/hosted/pub.dev/quill_native_bridge_windows-0.0.2/
[        ] [  +11 ms] Found plugin file_selector_windows at /Users/florian/.pub-cache/hosted/pub.dev/file_selector_windows-0.9.3+5/
[        ] [   +2 ms] Found plugin quill_native_bridge_web at /Users/florian/.pub-cache/hosted/pub.dev/quill_native_bridge_web-0.0.2/
[        ] [        ] Found plugin quill_native_bridge_macos at /Users/florian/.pub-cache/hosted/pub.dev/quill_native_bridge_macos-0.0.1/
[        ] [        ] Found plugin quill_native_bridge_ios at /Users/florian/.pub-cache/hosted/pub.dev/quill_native_bridge_ios-0.0.1/
[        ] [        ] Found plugin quill_native_bridge_android at /Users/florian/.pub-cache/hosted/pub.dev/quill_native_bridge_android-0.0.1+2/
[        ] [   +3 ms] Found plugin flutter_openssl_crypto at /Users/florian/.pub-cache/hosted/pub.dev/flutter_openssl_crypto-0.5.0/
[        ] [        ] Found plugin flutter_olm at /Users/florian/.pub-cache/hosted/pub.dev/flutter_olm-2.0.0/
[        ] [   +2 ms] Found plugin file_selector at /Users/florian/.pub-cache/hosted/pub.dev/file_selector-1.1.0/
[        ] [        ] Found plugin file_selector_web at /Users/florian/.pub-cache/hosted/pub.dev/file_selector_web-0.9.4+2/
[        ] [        ] Found plugin file_selector_macos at /Users/florian/.pub-cache/hosted/pub.dev/file_selector_macos-0.9.5/
[        ] [        ] Found plugin file_selector_linux at /Users/florian/.pub-cache/hosted/pub.dev/file_selector_linux-0.9.4/
[        ] [        ] Found plugin file_selector_ios at /Users/florian/.pub-cache/hosted/pub.dev/file_selector_ios-0.5.3+5/
[        ] [        ] Found plugin file_selector_android at /Users/florian/.pub-cache/hosted/pub.dev/file_selector_android-0.5.2+4/
[        ] [        ] Found plugin emoji_picker_flutter at /Users/florian/.pub-cache/hosted/pub.dev/emoji_picker_flutter-4.4.0/
[        ] [        ] Found plugin shared_preferences at /Users/florian/.pub-cache/hosted/pub.dev/shared_preferences-2.5.4/
[        ] [   +1 ms] Found plugin shared_preferences_windows at /Users/florian/.pub-cache/hosted/pub.dev/shared_preferences_windows-2.4.1/
[        ] [   +1 ms] Found plugin shared_preferences_web at /Users/florian/.pub-cache/hosted/pub.dev/shared_preferences_web-2.4.3/
[        ] [        ] Found plugin shared_preferences_linux at /Users/florian/.pub-cache/hosted/pub.dev/shared_preferences_linux-2.4.1/
[        ] [        ] Found plugin shared_preferences_foundation at /Users/florian/.pub-cache/hosted/pub.dev/shared_preferences_foundation-2.5.6/
[        ] [        ] Found plugin shared_preferences_android at /Users/florian/.pub-cache/hosted/pub.dev/shared_preferences_android-2.4.20/
[        ] [  +15 ms] Skipping generating dart_plugin_registrant.dart because it is up-to-date.
[        ] [        ] gen_dart_plugin_registrant: Complete
[        ] [   +1 ms] kernel_snapshot_program: Starting due to {}
[        ] [   +6 ms] /opt/homebrew/share/flutter/bin/cache/dart-sdk/bin/dartaotruntime /opt/homebrew/share/flutter/bin/cache/dart-sdk/bin/snapshots/frontend_server_aot.dart.snapshot --sdk-root /opt/homebrew/share/flutter/bin/cache/artifacts/engine/common/flutter_patched_sdk/ --target=flutter --no-print-incremental-dependencies -DMATRIX_SERVER=http://localhost:8008 -DMATRIX_TEST_USER= -DMATRIX_TEST_PASSWORD= -DFLUTTER_VERSION=3.38.9 -DFLUTTER_CHANNEL=stable -DFLUTTER_GIT_URL=https://github.com/flutter/flutter.git -DFLUTTER_FRAMEWORK_REVISION=67323de285 -DFLUTTER_ENGINE_REVISION=587c18f873 -DFLUTTER_DART_VERSION=3.10.8 -DINTEGRATION_TEST_SHOULD_REPORT_RESULTS_TO_NATIVE=false -DFLUTTER_APP_FLAVOR= -Ddart.vm.profile=false -Ddart.vm.product=false --enable-asserts --track-widget-creation --no-link-platform --packages /Users/florian/Code/substitution/.dart_tool/package_config.json --output-dill /Users/florian/Code/substitution/.dart_tool/flutter_build/a82fa44c9043366f3878073bd4ff605d/app.dill --depfile /Users/florian/Code/substitution/.dart_tool/flutter_build/a82fa44c9043366f3878073bd4ff605d/kernel_snapshot_program.d --incremental --initialize-from-dill /Users/florian/Code/substitution/.dart_tool/flutter_build/a82fa44c9043366f3878073bd4ff605d/app.dill --source file:///Users/florian/Code/substitution/.dart_tool/flutter_build/dart_plugin_registrant.dart --source package:flutter/src/dart_plugin_registrant.dart -Dflutter.dart_plugin_registrant=file:///Users/florian/Code/substitution/.dart_tool/flutter_build/dart_plugin_registrant.dart --verbosity=error file:///var/folders/l_/w8pnbb9d38n57pzg9j98fmy80000gn/T/flutter_tools.wuOse9/flutter_test_listener.s5Cvr6/listener.dart
14:13 +11 -31: loading /Users/florian/Code/substitution/integration_test/login_debug_test.dart                                                                                                         14:14 +11 -31: loading /Users/florian/Code/substitution/integration_test/login_debug_test.dart                                                                                                         14:15 +11 -31: loading /Users/florian/Code/substitution/integration_test/login_debug_test.dart                                                                                                         14:16 +11 -31: loading /Users/florian/Code/substitution/integration_test/login_debug_test.dart                                                                                                         14:17 +11 -31: loading /Users/florian/Code/substitution/integration_test/login_debug_test.dart                                                                                                         14:18 +11 -31: loading /Users/florian/Code/substitution/integration_test/login_debug_test.dart                                                                                                         [+5298 ms] [+6792 ms] kernel_snapshot_program: Complete
14:19 +11 -31: loading /Users/florian/Code/substitution/integration_test/login_debug_test.dart                                                                                                         [ +998 ms] [+1054 ms] debug_android_application: Starting due to {}
[ +108 ms] [ +102 ms] Manifest contained wildcard assets. Inserting missing file into build graph to force rerun. for more information see #56466.
[        ] [   +3 ms] shaderc command: [/opt/homebrew/share/flutter/bin/cache/artifacts/engine/darwin-x64/impellerc, --sksl, --runtime-stage-gles, --runtime-stage-gles3, --runtime-stage-vulkan, --iplr, --sl=/Users/florian/Code/substitution/build/app/intermediates/flutter/debug/flutter_assets/shaders/ink_sparkle.frag, --spirv=/Users/florian/Code/substitution/build/app/intermediates/flutter/debug/flutter_assets/shaders/ink_sparkle.frag.spirv, --input=/opt/homebrew/share/flutter/packages/flutter/lib/src/material/shaders/ink_sparkle.frag, --input-type=frag, --include=/opt/homebrew/share/flutter/packages/flutter/lib/src/material/shaders, --include=/opt/homebrew/share/flutter/bin/cache/artifacts/engine/darwin-x64/shader_lib]
[        ] [        ] shaderc command: [/opt/homebrew/share/flutter/bin/cache/artifacts/engine/darwin-x64/impellerc, --sksl, --runtime-stage-gles, --runtime-stage-gles3, --runtime-stage-vulkan, --iplr, --sl=/Users/florian/Code/substitution/build/app/intermediates/flutter/debug/flutter_assets/shaders/stretch_effect.frag, --spirv=/Users/florian/Code/substitution/build/app/intermediates/flutter/debug/flutter_assets/shaders/stretch_effect.frag.spirv, --input=/opt/homebrew/share/flutter/packages/flutter/lib/src/material/shaders/stretch_effect.frag, --input-type=frag, --include=/opt/homebrew/share/flutter/packages/flutter/lib/src/material/shaders, --include=/opt/homebrew/share/flutter/bin/cache/artifacts/engine/darwin-x64/shader_lib]
[ +391 ms] [ +319 ms] debug_android_application: Complete
14:20 +11 -31: loading /Users/florian/Code/substitution/integration_test/login_debug_test.dart                                                                                                         [ +899 ms] [ +931 ms] Persisting file store
[        ] [   +6 ms] Done persisting file store
[        ] [  +16 ms] build succeeded.
[        ] [   +3 ms] "flutter assemble" took 9.515ms.
[        ] [   +2 ms] executing: sw_vers -productName
[        ] [   +9 ms] Exit code 0 from: sw_vers -productName
[        ] [        ] macOS
[        ] [        ] executing: sw_vers -productVersion
[        ] [   +7 ms] Exit code 0 from: sw_vers -productVersion
[        ] [        ] 26.1
[        ] [        ] executing: sw_vers -buildVersion
[ +109 ms] [   +7 ms] Exit code 0 from: sw_vers -buildVersion
[        ] [        ] 25B78
[        ] [        ] executing: uname -m
[        ] [   +3 ms] Exit code 0 from: uname -m
[        ] [        ] arm64
[        ] [  +24 ms] Running 1 shutdown hook
[        ] [        ] Shutdown hooks complete
[        ] [  +54 ms] exiting with code 0
[ +192 ms] Resolve mutations for :app:packJniLibsflutterBuildDebug (Thread[#43287,Execution worker Thread 25,5,main]) started.
[        ] :app:packJniLibsflutterBuildDebug (Thread[#43287,Execution worker Thread 25,5,main]) started.
[        ] > Task :app:packJniLibsflutterBuildDebug UP-TO-DATE
[        ] Caching disabled for task ':app:packJniLibsflutterBuildDebug' because:
[        ]   Build cache is disabled
[        ]   Not worth caching
[        ] Skipping task ':app:packJniLibsflutterBuildDebug' as it is up-to-date.
[        ] Resolve mutations for :connectivity_plus:preBuild (Thread[#43287,Execution worker Thread 25,5,main]) started.
[        ] :connectivity_plus:preBuild (Thread[#43282,Execution worker Thread 20,5,main]) started.
[        ] > Task :connectivity_plus:preBuild UP-TO-DATE
[        ] Skipping task ':connectivity_plus:preBuild' as it has no actions.
[        ] Resolve mutations for :connectivity_plus:preDebugBuild (Thread[#43282,Execution worker Thread 20,5,main]) started.
[        ] :connectivity_plus:preDebugBuild (Thread[#43281,Execution worker Thread 19,5,main]) started.
[        ] > Task :connectivity_plus:preDebugBuild UP-TO-DATE
[        ] Skipping task ':connectivity_plus:preDebugBuild' as it has no actions.
[        ] Resolve mutations for :connectivity_plus:writeDebugAarMetadata (Thread[#43281,Execution worker Thread 19,5,main]) started.
[        ] :connectivity_plus:writeDebugAarMetadata (Thread[#43281,Execution worker Thread 19,5,main]) started.
[        ] > Task :connectivity_plus:writeDebugAarMetadata UP-TO-DATE
[        ] Caching disabled for task ':connectivity_plus:writeDebugAarMetadata' because:
[        ]   Build cache is disabled
[        ]   Caching has been disabled for the task
[        ] Skipping task ':connectivity_plus:writeDebugAarMetadata' as it is up-to-date.
[        ] work action resolve aar-metadata.properties (project :connectivity_plus) (Thread[#43281,Execution worker Thread 19,5,main]) started.
[        ] Resolve mutations for :emoji_picker_flutter:preBuild (Thread[#43281,Execution worker Thread 19,5,main]) started.
[        ] :emoji_picker_flutter:preBuild (Thread[#43281,Execution worker Thread 19,5,main]) started.
[        ] > Task :emoji_picker_flutter:preBuild UP-TO-DATE
[        ] Skipping task ':emoji_picker_flutter:preBuild' as it has no actions.
[        ] Resolve mutations for :emoji_picker_flutter:preDebugBuild (Thread[#43281,Execution worker Thread 19,5,main]) started.
[        ] :emoji_picker_flutter:preDebugBuild (Thread[#43281,Execution worker Thread 19,5,main]) started.
[        ] > Task :emoji_picker_flutter:preDebugBuild UP-TO-DATE
[        ] Skipping task ':emoji_picker_flutter:preDebugBuild' as it has no actions.
[        ] Resolve mutations for :emoji_picker_flutter:writeDebugAarMetadata (Thread[#43281,Execution worker Thread 19,5,main]) started.
[        ] :emoji_picker_flutter:writeDebugAarMetadata (Thread[#43281,Execution worker Thread 19,5,main]) started.
[        ] > Task :emoji_picker_flutter:writeDebugAarMetadata UP-TO-DATE
[        ] Caching disabled for task ':emoji_picker_flutter:writeDebugAarMetadata' because:
[        ]   Build cache is disabled
[        ]   Caching has been disabled for the task
[        ] Skipping task ':emoji_picker_flutter:writeDebugAarMetadata' as it is up-to-date.
[        ] work action resolve aar-metadata.properties (project :emoji_picker_flutter) (Thread[#43281,Execution worker Thread 19,5,main]) started.
[        ] Resolve mutations for :file_selector_android:preBuild (Thread[#43281,Execution worker Thread 19,5,main]) started.
[        ] :file_selector_android:preBuild (Thread[#43281,Execution worker Thread 19,5,main]) started.
[        ] > Task :file_selector_android:preBuild UP-TO-DATE
[        ] Skipping task ':file_selector_android:preBuild' as it has no actions.
[        ] Resolve mutations for :file_selector_android:preDebugBuild (Thread[#43281,Execution worker Thread 19,5,main]) started.
[        ] :file_selector_android:preDebugBuild (Thread[#43281,Execution worker Thread 19,5,main]) started.
[        ] > Task :file_selector_android:preDebugBuild UP-TO-DATE
[        ] Skipping task ':file_selector_android:preDebugBuild' as it has no actions.
[        ] Resolve mutations for :file_selector_android:writeDebugAarMetadata (Thread[#43281,Execution worker Thread 19,5,main]) started.
[        ] :file_selector_android:writeDebugAarMetadata (Thread[#43281,Execution worker Thread 19,5,main]) started.
[        ] > Task :file_selector_android:writeDebugAarMetadata UP-TO-DATE
[        ] Caching disabled for task ':file_selector_android:writeDebugAarMetadata' because:
[        ]   Build cache is disabled
[        ]   Caching has been disabled for the task
[        ] Skipping task ':file_selector_android:writeDebugAarMetadata' as it is up-to-date.
[        ] work action resolve aar-metadata.properties (project :file_selector_android) (Thread[#43281,Execution worker Thread 19,5,main]) started.
[        ] Resolve mutations for :flutter_keyboard_visibility_temp_fork:preBuild (Thread[#43281,Execution worker Thread 19,5,main]) started.
[        ] :flutter_keyboard_visibility_temp_fork:preBuild (Thread[#43281,Execution worker Thread 19,5,main]) started.
[        ] > Task :flutter_keyboard_visibility_temp_fork:preBuild UP-TO-DATE
[        ] Skipping task ':flutter_keyboard_visibility_temp_fork:preBuild' as it has no actions.
[        ] Resolve mutations for :flutter_keyboard_visibility_temp_fork:preDebugBuild (Thread[#43281,Execution worker Thread 19,5,main]) started.
[        ] :flutter_keyboard_visibility_temp_fork:preDebugBuild (Thread[#43281,Execution worker Thread 19,5,main]) started.
[        ] > Task :flutter_keyboard_visibility_temp_fork:preDebugBuild UP-TO-DATE
[        ] Skipping task ':flutter_keyboard_visibility_temp_fork:preDebugBuild' as it has no actions.
[        ] Resolve mutations for :flutter_keyboard_visibility_temp_fork:writeDebugAarMetadata (Thread[#43281,Execution worker Thread 19,5,main]) started.
[        ] :flutter_keyboard_visibility_temp_fork:writeDebugAarMetadata (Thread[#43281,Execution worker Thread 19,5,main]) started.
[        ] > Task :flutter_keyboard_visibility_temp_fork:writeDebugAarMetadata UP-TO-DATE
[        ] Caching disabled for task ':flutter_keyboard_visibility_temp_fork:writeDebugAarMetadata' because:
[        ]   Build cache is disabled
[        ]   Caching has been disabled for the task
[        ] Skipping task ':flutter_keyboard_visibility_temp_fork:writeDebugAarMetadata' as it is up-to-date.
[        ] work action resolve aar-metadata.properties (project :flutter_keyboard_visibility_temp_fork) (Thread[#43281,Execution worker Thread 19,5,main]) started.
[        ] Resolve mutations for :flutter_native_splash:preBuild (Thread[#43281,Execution worker Thread 19,5,main]) started.
[        ] :flutter_native_splash:preBuild (Thread[#43281,Execution worker Thread 19,5,main]) started.
[        ] > Task :flutter_native_splash:preBuild UP-TO-DATE
[        ] Skipping task ':flutter_native_splash:preBuild' as it has no actions.
[        ] Resolve mutations for :flutter_native_splash:preDebugBuild (Thread[#43281,Execution worker Thread 19,5,main]) started.
[        ] :flutter_native_splash:preDebugBuild (Thread[#43281,Execution worker Thread 19,5,main]) started.
[        ] > Task :flutter_native_splash:preDebugBuild UP-TO-DATE
[        ] Skipping task ':flutter_native_splash:preDebugBuild' as it has no actions.
[        ] Resolve mutations for :flutter_native_splash:writeDebugAarMetadata (Thread[#43281,Execution worker Thread 19,5,main]) started.
[        ] :flutter_native_splash:writeDebugAarMetadata (Thread[#43281,Execution worker Thread 19,5,main]) started.
[        ] > Task :flutter_native_splash:writeDebugAarMetadata UP-TO-DATE
[        ] Caching disabled for task ':flutter_native_splash:writeDebugAarMetadata' because:
[        ]   Build cache is disabled
[        ]   Caching has been disabled for the task
[        ] Skipping task ':flutter_native_splash:writeDebugAarMetadata' as it is up-to-date.
[        ] work action resolve aar-metadata.properties (project :flutter_native_splash) (Thread[#43281,Execution worker Thread 19,5,main]) started.
[        ] Resolve mutations for :flutter_olm:preBuild (Thread[#43281,Execution worker Thread 19,5,main]) started.
[        ] :flutter_olm:preBuild (Thread[#43281,Execution worker Thread 19,5,main]) started.
[        ] > Task :flutter_olm:preBuild UP-TO-DATE
[        ] Skipping task ':flutter_olm:preBuild' as it has no actions.
[        ] Resolve mutations for :flutter_olm:preDebugBuild (Thread[#43281,Execution worker Thread 19,5,main]) started.
[        ] :flutter_olm:preDebugBuild (Thread[#43281,Execution worker Thread 19,5,main]) started.
[        ] > Task :flutter_olm:preDebugBuild UP-TO-DATE
[        ] Skipping task ':flutter_olm:preDebugBuild' as it has no actions.
[        ] Resolve mutations for :flutter_olm:writeDebugAarMetadata (Thread[#43281,Execution worker Thread 19,5,main]) started.
[        ] :flutter_olm:writeDebugAarMetadata (Thread[#43281,Execution worker Thread 19,5,main]) started.
[        ] > Task :flutter_olm:writeDebugAarMetadata UP-TO-DATE
[        ] Caching disabled for task ':flutter_olm:writeDebugAarMetadata' because:
[        ]   Build cache is disabled
[        ]   Caching has been disabled for the task
[        ] Skipping task ':flutter_olm:writeDebugAarMetadata' as it is up-to-date.
[        ] work action resolve aar-metadata.properties (project :flutter_olm) (Thread[#43281,Execution worker Thread 19,5,main]) started.
[        ] Resolve mutations for :flutter_openssl_crypto:preBuild (Thread[#43281,Execution worker Thread 19,5,main]) started.
[        ] :flutter_openssl_crypto:preBuild (Thread[#43281,Execution worker Thread 19,5,main]) started.
[        ] > Task :flutter_openssl_crypto:preBuild UP-TO-DATE
[        ] Skipping task ':flutter_openssl_crypto:preBuild' as it has no actions.
[        ] Resolve mutations for :flutter_openssl_crypto:preDebugBuild (Thread[#43281,Execution worker Thread 19,5,main]) started.
[        ] :flutter_openssl_crypto:preDebugBuild (Thread[#43281,Execution worker Thread 19,5,main]) started.
[        ] > Task :flutter_openssl_crypto:preDebugBuild UP-TO-DATE
[        ] Skipping task ':flutter_openssl_crypto:preDebugBuild' as it has no actions.
[        ] Resolve mutations for :flutter_openssl_crypto:writeDebugAarMetadata (Thread[#43281,Execution worker Thread 19,5,main]) started.
[        ] :flutter_openssl_crypto:writeDebugAarMetadata (Thread[#43281,Execution worker Thread 19,5,main]) started.
[        ] > Task :flutter_openssl_crypto:writeDebugAarMetadata UP-TO-DATE
[        ] Caching disabled for task ':flutter_openssl_crypto:writeDebugAarMetadata' because:
[        ]   Build cache is disabled
[        ]   Caching has been disabled for the task
[        ] Skipping task ':flutter_openssl_crypto:writeDebugAarMetadata' as it is up-to-date.
[        ] work action resolve aar-metadata.properties (project :flutter_openssl_crypto) (Thread[#43281,Execution worker Thread 19,5,main]) started.
[        ] Resolve mutations for :integration_test:preBuild (Thread[#43281,Execution worker Thread 19,5,main]) started.
[        ] :integration_test:preBuild (Thread[#43281,Execution worker Thread 19,5,main]) started.
[        ] > Task :integration_test:preBuild UP-TO-DATE
[        ] Skipping task ':integration_test:preBuild' as it has no actions.
[        ] Resolve mutations for :integration_test:preDebugBuild (Thread[#43281,Execution worker Thread 19,5,main]) started.
[        ] :integration_test:preDebugBuild (Thread[#43281,Execution worker Thread 19,5,main]) started.
[        ] > Task :integration_test:preDebugBuild UP-TO-DATE
[        ] Skipping task ':integration_test:preDebugBuild' as it has no actions.
[        ] Resolve mutations for :integration_test:writeDebugAarMetadata (Thread[#43281,Execution worker Thread 19,5,main]) started.
[        ] :integration_test:writeDebugAarMetadata (Thread[#43281,Execution worker Thread 19,5,main]) started.
[        ] > Task :integration_test:writeDebugAarMetadata UP-TO-DATE
[        ] Caching disabled for task ':integration_test:writeDebugAarMetadata' because:
[        ]   Build cache is disabled
[        ]   Caching has been disabled for the task
[        ] Skipping task ':integration_test:writeDebugAarMetadata' as it is up-to-date.
[        ] work action resolve aar-metadata.properties (project :integration_test) (Thread[#43281,Execution worker Thread 19,5,main]) started.
[        ] Resolve mutations for :path_provider_android:preBuild (Thread[#43281,Execution worker Thread 19,5,main]) started.
[        ] :path_provider_android:preBuild (Thread[#43281,Execution worker Thread 19,5,main]) started.
[        ] > Task :path_provider_android:preBuild UP-TO-DATE
[        ] Skipping task ':path_provider_android:preBuild' as it has no actions.
[        ] Resolve mutations for :path_provider_android:preDebugBuild (Thread[#43281,Execution worker Thread 19,5,main]) started.
[        ] :path_provider_android:preDebugBuild (Thread[#43281,Execution worker Thread 19,5,main]) started.
[        ] > Task :path_provider_android:preDebugBuild UP-TO-DATE
[        ] Skipping task ':path_provider_android:preDebugBuild' as it has no actions.
[        ] Resolve mutations for :path_provider_android:writeDebugAarMetadata (Thread[#43281,Execution worker Thread 19,5,main]) started.
[        ] :path_provider_android:writeDebugAarMetadata (Thread[#43281,Execution worker Thread 19,5,main]) started.
[        ] > Task :path_provider_android:writeDebugAarMetadata UP-TO-DATE
[        ] Caching disabled for task ':path_provider_android:writeDebugAarMetadata' because:
[        ]   Build cache is disabled
[        ]   Caching has been disabled for the task
[        ] Skipping task ':path_provider_android:writeDebugAarMetadata' as it is up-to-date.
[        ] work action resolve aar-metadata.properties (project :path_provider_android) (Thread[#43281,Execution worker Thread 19,5,main]) started.
[        ] Resolve mutations for :quill_native_bridge_android:preBuild (Thread[#43281,Execution worker Thread 19,5,main]) started.
[        ] :quill_native_bridge_android:preBuild (Thread[#43281,Execution worker Thread 19,5,main]) started.
[        ] > Task :quill_native_bridge_android:preBuild UP-TO-DATE
[        ] Skipping task ':quill_native_bridge_android:preBuild' as it has no actions.
[        ] Resolve mutations for :quill_native_bridge_android:preDebugBuild (Thread[#43281,Execution worker Thread 19,5,main]) started.
[        ] :quill_native_bridge_android:preDebugBuild (Thread[#43281,Execution worker Thread 19,5,main]) started.
[        ] > Task :quill_native_bridge_android:preDebugBuild UP-TO-DATE
[        ] Skipping task ':quill_native_bridge_android:preDebugBuild' as it has no actions.
[        ] Resolve mutations for :quill_native_bridge_android:writeDebugAarMetadata (Thread[#43281,Execution worker Thread 19,5,main]) started.
[        ] :quill_native_bridge_android:writeDebugAarMetadata (Thread[#43281,Execution worker Thread 19,5,main]) started.
[        ] > Task :quill_native_bridge_android:writeDebugAarMetadata UP-TO-DATE
[        ] Caching disabled for task ':quill_native_bridge_android:writeDebugAarMetadata' because:
[        ]   Build cache is disabled
[        ]   Caching has been disabled for the task
[        ] Skipping task ':quill_native_bridge_android:writeDebugAarMetadata' as it is up-to-date.
[        ] work action resolve aar-metadata.properties (project :quill_native_bridge_android) (Thread[#43281,Execution worker Thread 19,5,main]) started.
[        ] Resolve mutations for :shared_preferences_android:preBuild (Thread[#43281,Execution worker Thread 19,5,main]) started.
[        ] :shared_preferences_android:preBuild (Thread[#43281,Execution worker Thread 19,5,main]) started.
[        ] > Task :shared_preferences_android:preBuild UP-TO-DATE
[        ] Skipping task ':shared_preferences_android:preBuild' as it has no actions.
[        ] Resolve mutations for :shared_preferences_android:preDebugBuild (Thread[#43281,Execution worker Thread 19,5,main]) started.
[        ] :shared_preferences_android:preDebugBuild (Thread[#43281,Execution worker Thread 19,5,main]) started.
[        ] > Task :shared_preferences_android:preDebugBuild UP-TO-DATE
[        ] Skipping task ':shared_preferences_android:preDebugBuild' as it has no actions.
[        ] Resolve mutations for :shared_preferences_android:writeDebugAarMetadata (Thread[#43281,Execution worker Thread 19,5,main]) started.
[        ] :shared_preferences_android:writeDebugAarMetadata (Thread[#43281,Execution worker Thread 19,5,main]) started.
[        ] > Task :shared_preferences_android:writeDebugAarMetadata UP-TO-DATE
[        ] Caching disabled for task ':shared_preferences_android:writeDebugAarMetadata' because:
[        ]   Build cache is disabled
[        ]   Caching has been disabled for the task
[        ] Skipping task ':shared_preferences_android:writeDebugAarMetadata' as it is up-to-date.
[        ] work action resolve aar-metadata.properties (project :shared_preferences_android) (Thread[#43281,Execution worker Thread 19,5,main]) started.
[        ] Resolve mutations for :sqflite_android:preBuild (Thread[#43281,Execution worker Thread 19,5,main]) started.
[        ] :sqflite_android:preBuild (Thread[#43281,Execution worker Thread 19,5,main]) started.
[        ] > Task :sqflite_android:preBuild UP-TO-DATE
[        ] Skipping task ':sqflite_android:preBuild' as it has no actions.
[        ] Resolve mutations for :sqflite_android:preDebugBuild (Thread[#43281,Execution worker Thread 19,5,main]) started.
[        ] :sqflite_android:preDebugBuild (Thread[#43281,Execution worker Thread 19,5,main]) started.
[        ] > Task :sqflite_android:preDebugBuild UP-TO-DATE
[        ] Skipping task ':sqflite_android:preDebugBuild' as it has no actions.
[        ] Resolve mutations for :sqflite_android:writeDebugAarMetadata (Thread[#43281,Execution worker Thread 19,5,main]) started.
[        ] :sqflite_android:writeDebugAarMetadata (Thread[#43281,Execution worker Thread 19,5,main]) started.
[        ] > Task :sqflite_android:writeDebugAarMetadata UP-TO-DATE
[        ] Caching disabled for task ':sqflite_android:writeDebugAarMetadata' because:
[        ]   Build cache is disabled
[        ]   Caching has been disabled for the task
[        ] Skipping task ':sqflite_android:writeDebugAarMetadata' as it is up-to-date.
[        ] work action resolve aar-metadata.properties (project :sqflite_android) (Thread[#43281,Execution worker Thread 19,5,main]) started.
[        ] Resolve mutations for :url_launcher_android:preBuild (Thread[#43281,Execution worker Thread 19,5,main]) started.
[        ] :url_launcher_android:preBuild (Thread[#43281,Execution worker Thread 19,5,main]) started.
[        ] > Task :url_launcher_android:preBuild UP-TO-DATE
[        ] Skipping task ':url_launcher_android:preBuild' as it has no actions.
[        ] Resolve mutations for :url_launcher_android:preDebugBuild (Thread[#43281,Execution worker Thread 19,5,main]) started.
[        ] :url_launcher_android:preDebugBuild (Thread[#43281,Execution worker Thread 19,5,main]) started.
[        ] > Task :url_launcher_android:preDebugBuild UP-TO-DATE
[        ] Skipping task ':url_launcher_android:preDebugBuild' as it has no actions.
[        ] Resolve mutations for :url_launcher_android:writeDebugAarMetadata (Thread[#43281,Execution worker Thread 19,5,main]) started.
[        ] :url_launcher_android:writeDebugAarMetadata (Thread[#43281,Execution worker Thread 19,5,main]) started.
[        ] > Task :url_launcher_android:writeDebugAarMetadata UP-TO-DATE
[        ] Caching disabled for task ':url_launcher_android:writeDebugAarMetadata' because:
[        ]   Build cache is disabled
[        ]   Caching has been disabled for the task
[        ] Skipping task ':url_launcher_android:writeDebugAarMetadata' as it is up-to-date.
[        ] work action resolve aar-metadata.properties (project :url_launcher_android) (Thread[#43281,Execution worker Thread 19,5,main]) started.
[        ] Resolve mutations for :video_player_android:preBuild (Thread[#43281,Execution worker Thread 19,5,main]) started.
[        ] :video_player_android:preBuild (Thread[#43281,Execution worker Thread 19,5,main]) started.
[        ] > Task :video_player_android:preBuild UP-TO-DATE
[        ] Skipping task ':video_player_android:preBuild' as it has no actions.
[        ] Resolve mutations for :video_player_android:preDebugBuild (Thread[#43281,Execution worker Thread 19,5,main]) started.
[        ] :video_player_android:preDebugBuild (Thread[#43281,Execution worker Thread 19,5,main]) started.
[        ] > Task :video_player_android:preDebugBuild UP-TO-DATE
[        ] Skipping task ':video_player_android:preDebugBuild' as it has no actions.
[        ] Resolve mutations for :video_player_android:writeDebugAarMetadata (Thread[#43281,Execution worker Thread 19,5,main]) started.
[        ] :video_player_android:writeDebugAarMetadata (Thread[#43281,Execution worker Thread 19,5,main]) started.
[        ] > Task :video_player_android:writeDebugAarMetadata UP-TO-DATE
[        ] Caching disabled for task ':video_player_android:writeDebugAarMetadata' because:
[        ]   Build cache is disabled
[        ]   Caching has been disabled for the task
[        ] Skipping task ':video_player_android:writeDebugAarMetadata' as it is up-to-date.
[        ] work action resolve aar-metadata.properties (project :video_player_android) (Thread[#43281,Execution worker Thread 19,5,main]) started.
[        ] Resolve mutations for :app:checkDebugAarMetadata (Thread[#43281,Execution worker Thread 19,5,main]) started.
[        ] :app:checkDebugAarMetadata (Thread[#43281,Execution worker Thread 19,5,main]) started.
[        ] > Task :app:checkDebugAarMetadata UP-TO-DATE
[        ] Caching disabled for task ':app:checkDebugAarMetadata' because:
[        ]   Build cache is disabled
[        ]   Caching has been disabled for the task
[        ] Skipping task ':app:checkDebugAarMetadata' as it is up-to-date.
[        ] Resolve mutations for :app:cleanMergeDebugAssets (Thread[#43281,Execution worker Thread 19,5,main]) started.
[        ] :app:cleanMergeDebugAssets (Thread[#43281,Execution worker Thread 19,5,main]) started.
[        ] > Task :app:cleanMergeDebugAssets
[        ] Caching disabled for task ':app:cleanMergeDebugAssets' because:
[        ]   Build cache is disabled
[        ] Task ':app:cleanMergeDebugAssets' is not up-to-date because:
[        ]   Task has not declared any outputs despite executing actions.
[        ] Resolve mutations for :app:mergeDebugShaders (Thread[#43281,Execution worker Thread 19,5,main]) started.
[        ] :app:mergeDebugShaders (Thread[#43281,Execution worker Thread 19,5,main]) started.
[        ] > Task :app:mergeDebugShaders UP-TO-DATE
[        ] Caching disabled for task ':app:mergeDebugShaders' because:
[        ]   Build cache is disabled
[        ]   Simple merging task
[        ] Skipping task ':app:mergeDebugShaders' as it is up-to-date.
[        ] Resolve mutations for :app:compileDebugShaders (Thread[#43281,Execution worker Thread 19,5,main]) started.
[        ] :app:compileDebugShaders (Thread[#43281,Execution worker Thread 19,5,main]) started.
[        ] > Task :app:compileDebugShaders NO-SOURCE
[        ] Skipping task ':app:compileDebugShaders' as it has no source files and no previous output files.
[        ] Resolve mutations for :app:generateDebugAssets (Thread[#43281,Execution worker Thread 19,5,main]) started.
[        ] :app:generateDebugAssets (Thread[#43281,Execution worker Thread 19,5,main]) started.
[        ] > Task :app:generateDebugAssets UP-TO-DATE
[        ] Skipping task ':app:generateDebugAssets' as it has no actions.
[        ] Resolve mutations for :connectivity_plus:mergeDebugShaders (Thread[#43281,Execution worker Thread 19,5,main]) started.
[        ] :connectivity_plus:mergeDebugShaders (Thread[#43281,Execution worker Thread 19,5,main]) started.
[        ] > Task :connectivity_plus:mergeDebugShaders UP-TO-DATE
[        ] Caching disabled for task ':connectivity_plus:mergeDebugShaders' because:
[        ]   Build cache is disabled
[        ]   Simple merging task
[        ] Skipping task ':connectivity_plus:mergeDebugShaders' as it is up-to-date.
[        ] Resolve mutations for :connectivity_plus:compileDebugShaders (Thread[#43281,Execution worker Thread 19,5,main]) started.
[        ] :connectivity_plus:compileDebugShaders (Thread[#43281,Execution worker Thread 19,5,main]) started.
[        ] > Task :connectivity_plus:compileDebugShaders NO-SOURCE
[        ] Skipping task ':connectivity_plus:compileDebugShaders' as it has no source files and no previous output files.
[        ] Resolve mutations for :connectivity_plus:generateDebugAssets (Thread[#43281,Execution worker Thread 19,5,main]) started.
[        ] :connectivity_plus:generateDebugAssets (Thread[#43281,Execution worker Thread 19,5,main]) started.
[        ] > Task :connectivity_plus:generateDebugAssets UP-TO-DATE
[        ] Skipping task ':connectivity_plus:generateDebugAssets' as it has no actions.
[        ] Resolve mutations for :connectivity_plus:mergeDebugAssets (Thread[#43281,Execution worker Thread 19,5,main]) started.
[        ] :connectivity_plus:mergeDebugAssets (Thread[#43281,Execution worker Thread 19,5,main]) started.
[        ] > Task :connectivity_plus:mergeDebugAssets UP-TO-DATE
[        ] Caching disabled for task ':connectivity_plus:mergeDebugAssets' because:
[        ]   Build cache is disabled
[        ]   Simple merging task
[        ] Skipping task ':connectivity_plus:mergeDebugAssets' as it is up-to-date.
[        ] work action resolve mergeDebugAssets (project :connectivity_plus) (Thread[#43281,Execution worker Thread 19,5,main]) started.
[        ] Resolve mutations for :emoji_picker_flutter:mergeDebugShaders (Thread[#43281,Execution worker Thread 19,5,main]) started.
[        ] :emoji_picker_flutter:mergeDebugShaders (Thread[#43281,Execution worker Thread 19,5,main]) started.
[        ] > Task :emoji_picker_flutter:mergeDebugShaders UP-TO-DATE
[        ] Caching disabled for task ':emoji_picker_flutter:mergeDebugShaders' because:
[        ]   Build cache is disabled
[        ]   Simple merging task
[        ] Skipping task ':emoji_picker_flutter:mergeDebugShaders' as it is up-to-date.
[        ] Resolve mutations for :emoji_picker_flutter:compileDebugShaders (Thread[#43281,Execution worker Thread 19,5,main]) started.
[        ] :emoji_picker_flutter:compileDebugShaders (Thread[#43281,Execution worker Thread 19,5,main]) started.
[        ] > Task :emoji_picker_flutter:compileDebugShaders NO-SOURCE
[        ] Skipping task ':emoji_picker_flutter:compileDebugShaders' as it has no source files and no previous output files.
[        ] Resolve mutations for :emoji_picker_flutter:generateDebugAssets (Thread[#43281,Execution worker Thread 19,5,main]) started.
[        ] :emoji_picker_flutter:generateDebugAssets (Thread[#43281,Execution worker Thread 19,5,main]) started.
[        ] > Task :emoji_picker_flutter:generateDebugAssets UP-TO-DATE
[        ] Skipping task ':emoji_picker_flutter:generateDebugAssets' as it has no actions.
[        ] Resolve mutations for :emoji_picker_flutter:mergeDebugAssets (Thread[#43281,Execution worker Thread 19,5,main]) started.
[        ] :emoji_picker_flutter:mergeDebugAssets (Thread[#43281,Execution worker Thread 19,5,main]) started.
[        ] > Task :emoji_picker_flutter:mergeDebugAssets UP-TO-DATE
[        ] Caching disabled for task ':emoji_picker_flutter:mergeDebugAssets' because:
[        ]   Build cache is disabled
[        ]   Simple merging task
[        ] Skipping task ':emoji_picker_flutter:mergeDebugAssets' as it is up-to-date.
[        ] work action resolve mergeDebugAssets (project :emoji_picker_flutter) (Thread[#43281,Execution worker Thread 19,5,main]) started.
[        ] Resolve mutations for :file_selector_android:mergeDebugShaders (Thread[#43281,Execution worker Thread 19,5,main]) started.
[        ] :file_selector_android:mergeDebugShaders (Thread[#43281,Execution worker Thread 19,5,main]) started.
[        ] > Task :file_selector_android:mergeDebugShaders UP-TO-DATE
[        ] Caching disabled for task ':file_selector_android:mergeDebugShaders' because:
[        ]   Build cache is disabled
[        ]   Simple merging task
[        ] Skipping task ':file_selector_android:mergeDebugShaders' as it is up-to-date.
[        ] Resolve mutations for :file_selector_android:compileDebugShaders (Thread[#43281,Execution worker Thread 19,5,main]) started.
[        ] :file_selector_android:compileDebugShaders (Thread[#43281,Execution worker Thread 19,5,main]) started.
[        ] > Task :file_selector_android:compileDebugShaders NO-SOURCE
[        ] Skipping task ':file_selector_android:compileDebugShaders' as it has no source files and no previous output files.
[        ] Resolve mutations for :file_selector_android:generateDebugAssets (Thread[#43281,Execution worker Thread 19,5,main]) started.
[        ] :file_selector_android:generateDebugAssets (Thread[#43281,Execution worker Thread 19,5,main]) started.
[        ] > Task :file_selector_android:generateDebugAssets UP-TO-DATE
[        ] Skipping task ':file_selector_android:generateDebugAssets' as it has no actions.
[        ] Resolve mutations for :file_selector_android:mergeDebugAssets (Thread[#43281,Execution worker Thread 19,5,main]) started.
[        ] :file_selector_android:mergeDebugAssets (Thread[#43281,Execution worker Thread 19,5,main]) started.
[        ] > Task :file_selector_android:mergeDebugAssets UP-TO-DATE
[        ] Caching disabled for task ':file_selector_android:mergeDebugAssets' because:
[        ]   Build cache is disabled
[        ]   Simple merging task
[        ] Skipping task ':file_selector_android:mergeDebugAssets' as it is up-to-date.
[        ] work action resolve mergeDebugAssets (project :file_selector_android) (Thread[#43281,Execution worker Thread 19,5,main]) started.
[        ] Resolve mutations for :flutter_keyboard_visibility_temp_fork:mergeDebugShaders (Thread[#43281,Execution worker Thread 19,5,main]) started.
[        ] :flutter_keyboard_visibility_temp_fork:mergeDebugShaders (Thread[#43281,Execution worker Thread 19,5,main]) started.
[        ] > Task :flutter_keyboard_visibility_temp_fork:mergeDebugShaders UP-TO-DATE
[        ] Caching disabled for task ':flutter_keyboard_visibility_temp_fork:mergeDebugShaders' because:
[        ]   Build cache is disabled
[        ]   Simple merging task
[        ] Skipping task ':flutter_keyboard_visibility_temp_fork:mergeDebugShaders' as it is up-to-date.
[        ] Resolve mutations for :flutter_keyboard_visibility_temp_fork:compileDebugShaders (Thread[#43281,Execution worker Thread 19,5,main]) started.
[        ] :flutter_keyboard_visibility_temp_fork:compileDebugShaders (Thread[#43281,Execution worker Thread 19,5,main]) started.
[        ] > Task :flutter_keyboard_visibility_temp_fork:compileDebugShaders NO-SOURCE
[        ] Skipping task ':flutter_keyboard_visibility_temp_fork:compileDebugShaders' as it has no source files and no previous output files.
[        ] Resolve mutations for :flutter_keyboard_visibility_temp_fork:generateDebugAssets (Thread[#43281,Execution worker Thread 19,5,main]) started.
[        ] :flutter_keyboard_visibility_temp_fork:generateDebugAssets (Thread[#43281,Execution worker Thread 19,5,main]) started.
[        ] > Task :flutter_keyboard_visibility_temp_fork:generateDebugAssets UP-TO-DATE
[        ] Skipping task ':flutter_keyboard_visibility_temp_fork:generateDebugAssets' as it has no actions.
[        ] Resolve mutations for :flutter_keyboard_visibility_temp_fork:mergeDebugAssets (Thread[#43281,Execution worker Thread 19,5,main]) started.
[        ] :flutter_keyboard_visibility_temp_fork:mergeDebugAssets (Thread[#43281,Execution worker Thread 19,5,main]) started.
[        ] > Task :flutter_keyboard_visibility_temp_fork:mergeDebugAssets UP-TO-DATE
[        ] Caching disabled for task ':flutter_keyboard_visibility_temp_fork:mergeDebugAssets' because:
[        ]   Build cache is disabled
[        ]   Simple merging task
[        ] Skipping task ':flutter_keyboard_visibility_temp_fork:mergeDebugAssets' as it is up-to-date.
[        ] work action resolve mergeDebugAssets (project :flutter_keyboard_visibility_temp_fork) (Thread[#43281,Execution worker Thread 19,5,main]) started.
[        ] Resolve mutations for :flutter_native_splash:mergeDebugShaders (Thread[#43281,Execution worker Thread 19,5,main]) started.
[        ] :flutter_native_splash:mergeDebugShaders (Thread[#43281,Execution worker Thread 19,5,main]) started.
[        ] > Task :flutter_native_splash:mergeDebugShaders UP-TO-DATE
[        ] Caching disabled for task ':flutter_native_splash:mergeDebugShaders' because:
[        ]   Build cache is disabled
[        ]   Simple merging task
[        ] Skipping task ':flutter_native_splash:mergeDebugShaders' as it is up-to-date.
[        ] Resolve mutations for :flutter_native_splash:compileDebugShaders (Thread[#43281,Execution worker Thread 19,5,main]) started.
[        ] :flutter_native_splash:compileDebugShaders (Thread[#43281,Execution worker Thread 19,5,main]) started.
[        ] > Task :flutter_native_splash:compileDebugShaders NO-SOURCE
[        ] Skipping task ':flutter_native_splash:compileDebugShaders' as it has no source files and no previous output files.
[        ] Resolve mutations for :flutter_native_splash:generateDebugAssets (Thread[#43281,Execution worker Thread 19,5,main]) started.
[        ] :flutter_native_splash:generateDebugAssets (Thread[#43281,Execution worker Thread 19,5,main]) started.
[        ] > Task :flutter_native_splash:generateDebugAssets UP-TO-DATE
[        ] Skipping task ':flutter_native_splash:generateDebugAssets' as it has no actions.
[        ] Resolve mutations for :flutter_native_splash:mergeDebugAssets (Thread[#43281,Execution worker Thread 19,5,main]) started.
[        ] :flutter_native_splash:mergeDebugAssets (Thread[#43281,Execution worker Thread 19,5,main]) started.
[        ] > Task :flutter_native_splash:mergeDebugAssets UP-TO-DATE
[        ] Caching disabled for task ':flutter_native_splash:mergeDebugAssets' because:
[        ]   Build cache is disabled
[        ]   Simple merging task
[        ] Skipping task ':flutter_native_splash:mergeDebugAssets' as it is up-to-date.
[        ] work action resolve mergeDebugAssets (project :flutter_native_splash) (Thread[#43281,Execution worker Thread 19,5,main]) started.
[        ] Resolve mutations for :flutter_olm:mergeDebugShaders (Thread[#43281,Execution worker Thread 19,5,main]) started.
[        ] :flutter_olm:mergeDebugShaders (Thread[#43281,Execution worker Thread 19,5,main]) started.
[        ] > Task :flutter_olm:mergeDebugShaders UP-TO-DATE
[        ] Caching disabled for task ':flutter_olm:mergeDebugShaders' because:
[        ]   Build cache is disabled
[        ]   Simple merging task
[        ] Skipping task ':flutter_olm:mergeDebugShaders' as it is up-to-date.
[        ] Resolve mutations for :flutter_olm:compileDebugShaders (Thread[#43281,Execution worker Thread 19,5,main]) started.
[        ] :flutter_olm:compileDebugShaders (Thread[#43281,Execution worker Thread 19,5,main]) started.
[        ] > Task :flutter_olm:compileDebugShaders NO-SOURCE
[        ] Skipping task ':flutter_olm:compileDebugShaders' as it has no source files and no previous output files.
[        ] Resolve mutations for :flutter_olm:generateDebugAssets (Thread[#43281,Execution worker Thread 19,5,main]) started.
[        ] :flutter_olm:generateDebugAssets (Thread[#43281,Execution worker Thread 19,5,main]) started.
[        ] > Task :flutter_olm:generateDebugAssets UP-TO-DATE
[        ] Skipping task ':flutter_olm:generateDebugAssets' as it has no actions.
[        ] Resolve mutations for :flutter_olm:mergeDebugAssets (Thread[#43281,Execution worker Thread 19,5,main]) started.
[        ] :flutter_olm:mergeDebugAssets (Thread[#43281,Execution worker Thread 19,5,main]) started.
[        ] > Task :flutter_olm:mergeDebugAssets UP-TO-DATE
[        ] Caching disabled for task ':flutter_olm:mergeDebugAssets' because:
[        ]   Build cache is disabled
[        ]   Simple merging task
[        ] Skipping task ':flutter_olm:mergeDebugAssets' as it is up-to-date.
[        ] work action resolve mergeDebugAssets (project :flutter_olm) (Thread[#43281,Execution worker Thread 19,5,main]) started.
[        ] Resolve mutations for :flutter_openssl_crypto:mergeDebugShaders (Thread[#43281,Execution worker Thread 19,5,main]) started.
[        ] :flutter_openssl_crypto:mergeDebugShaders (Thread[#43281,Execution worker Thread 19,5,main]) started.
[        ] > Task :flutter_openssl_crypto:mergeDebugShaders UP-TO-DATE
[        ] Caching disabled for task ':flutter_openssl_crypto:mergeDebugShaders' because:
[        ]   Build cache is disabled
[        ]   Simple merging task
[        ] Skipping task ':flutter_openssl_crypto:mergeDebugShaders' as it is up-to-date.
[        ] Resolve mutations for :flutter_openssl_crypto:compileDebugShaders (Thread[#43281,Execution worker Thread 19,5,main]) started.
[        ] :flutter_openssl_crypto:compileDebugShaders (Thread[#43281,Execution worker Thread 19,5,main]) started.
[        ] > Task :flutter_openssl_crypto:compileDebugShaders NO-SOURCE
[        ] Skipping task ':flutter_openssl_crypto:compileDebugShaders' as it has no source files and no previous output files.
[        ] Resolve mutations for :flutter_openssl_crypto:generateDebugAssets (Thread[#43281,Execution worker Thread 19,5,main]) started.
[        ] :flutter_openssl_crypto:generateDebugAssets (Thread[#43281,Execution worker Thread 19,5,main]) started.
[        ] > Task :flutter_openssl_crypto:generateDebugAssets UP-TO-DATE
[        ] Skipping task ':flutter_openssl_crypto:generateDebugAssets' as it has no actions.
[        ] Resolve mutations for :flutter_openssl_crypto:mergeDebugAssets (Thread[#43281,Execution worker Thread 19,5,main]) started.
[        ] :flutter_openssl_crypto:mergeDebugAssets (Thread[#43281,Execution worker Thread 19,5,main]) started.
[        ] > Task :flutter_openssl_crypto:mergeDebugAssets UP-TO-DATE
[        ] Caching disabled for task ':flutter_openssl_crypto:mergeDebugAssets' because:
[        ]   Build cache is disabled
[        ]   Simple merging task
[        ] Skipping task ':flutter_openssl_crypto:mergeDebugAssets' as it is up-to-date.
[        ] work action resolve mergeDebugAssets (project :flutter_openssl_crypto) (Thread[#43281,Execution worker Thread 19,5,main]) started.
[        ] Resolve mutations for :integration_test:mergeDebugShaders (Thread[#43281,Execution worker Thread 19,5,main]) started.
[        ] :integration_test:mergeDebugShaders (Thread[#43281,Execution worker Thread 19,5,main]) started.
[        ] > Task :integration_test:mergeDebugShaders UP-TO-DATE
[        ] Caching disabled for task ':integration_test:mergeDebugShaders' because:
[        ]   Build cache is disabled
[        ]   Simple merging task
[        ] Skipping task ':integration_test:mergeDebugShaders' as it is up-to-date.
[        ] Resolve mutations for :integration_test:compileDebugShaders (Thread[#43281,Execution worker Thread 19,5,main]) started.
[        ] :integration_test:compileDebugShaders (Thread[#43281,Execution worker Thread 19,5,main]) started.
[        ] > Task :integration_test:compileDebugShaders NO-SOURCE
[        ] Skipping task ':integration_test:compileDebugShaders' as it has no source files and no previous output files.
[        ] Resolve mutations for :integration_test:generateDebugAssets (Thread[#43281,Execution worker Thread 19,5,main]) started.
[        ] :integration_test:generateDebugAssets (Thread[#43281,Execution worker Thread 19,5,main]) started.
[        ] > Task :integration_test:generateDebugAssets UP-TO-DATE
[        ] Skipping task ':integration_test:generateDebugAssets' as it has no actions.
[        ] Resolve mutations for :integration_test:mergeDebugAssets (Thread[#43281,Execution worker Thread 19,5,main]) started.
[        ] :integration_test:mergeDebugAssets (Thread[#43281,Execution worker Thread 19,5,main]) started.
[        ] > Task :integration_test:mergeDebugAssets UP-TO-DATE
[        ] Caching disabled for task ':integration_test:mergeDebugAssets' because:
[        ]   Build cache is disabled
[        ]   Simple merging task
[        ] Skipping task ':integration_test:mergeDebugAssets' as it is up-to-date.
[        ] work action resolve mergeDebugAssets (project :integration_test) (Thread[#43281,Execution worker Thread 19,5,main]) started.
[        ] Resolve mutations for :path_provider_android:mergeDebugShaders (Thread[#43281,Execution worker Thread 19,5,main]) started.
[        ] :path_provider_android:mergeDebugShaders (Thread[#43281,Execution worker Thread 19,5,main]) started.
[        ] > Task :path_provider_android:mergeDebugShaders UP-TO-DATE
[        ] Caching disabled for task ':path_provider_android:mergeDebugShaders' because:
[        ]   Build cache is disabled
[        ]   Simple merging task
[        ] Skipping task ':path_provider_android:mergeDebugShaders' as it is up-to-date.
[        ] Resolve mutations for :path_provider_android:compileDebugShaders (Thread[#43281,Execution worker Thread 19,5,main]) started.
[        ] :path_provider_android:compileDebugShaders (Thread[#43281,Execution worker Thread 19,5,main]) started.
[        ] > Task :path_provider_android:compileDebugShaders NO-SOURCE
[        ] Skipping task ':path_provider_android:compileDebugShaders' as it has no source files and no previous output files.
[        ] Resolve mutations for :path_provider_android:generateDebugAssets (Thread[#43281,Execution worker Thread 19,5,main]) started.
[        ] :path_provider_android:generateDebugAssets (Thread[#43281,Execution worker Thread 19,5,main]) started.
[        ] > Task :path_provider_android:generateDebugAssets UP-TO-DATE
[        ] Skipping task ':path_provider_android:generateDebugAssets' as it has no actions.
[        ] Resolve mutations for :path_provider_android:mergeDebugAssets (Thread[#43281,Execution worker Thread 19,5,main]) started.
[        ] :path_provider_android:mergeDebugAssets (Thread[#43281,Execution worker Thread 19,5,main]) started.
[        ] > Task :path_provider_android:mergeDebugAssets UP-TO-DATE
[        ] Caching disabled for task ':path_provider_android:mergeDebugAssets' because:
[        ]   Build cache is disabled
[        ]   Simple merging task
[        ] Skipping task ':path_provider_android:mergeDebugAssets' as it is up-to-date.
[        ] work action resolve mergeDebugAssets (project :path_provider_android) (Thread[#43281,Execution worker Thread 19,5,main]) started.
[        ] Resolve mutations for :quill_native_bridge_android:mergeDebugShaders (Thread[#43281,Execution worker Thread 19,5,main]) started.
[        ] :quill_native_bridge_android:mergeDebugShaders (Thread[#43281,Execution worker Thread 19,5,main]) started.
[        ] > Task :quill_native_bridge_android:mergeDebugShaders UP-TO-DATE
[        ] Caching disabled for task ':quill_native_bridge_android:mergeDebugShaders' because:
[        ]   Build cache is disabled
[        ]   Simple merging task
[        ] Skipping task ':quill_native_bridge_android:mergeDebugShaders' as it is up-to-date.
[        ] Resolve mutations for :quill_native_bridge_android:compileDebugShaders (Thread[#43281,Execution worker Thread 19,5,main]) started.
[        ] :quill_native_bridge_android:compileDebugShaders (Thread[#43281,Execution worker Thread 19,5,main]) started.
[        ] > Task :quill_native_bridge_android:compileDebugShaders NO-SOURCE
[        ] Skipping task ':quill_native_bridge_android:compileDebugShaders' as it has no source files and no previous output files.
[        ] Resolve mutations for :quill_native_bridge_android:generateDebugAssets (Thread[#43281,Execution worker Thread 19,5,main]) started.
[        ] :quill_native_bridge_android:generateDebugAssets (Thread[#43281,Execution worker Thread 19,5,main]) started.
[        ] > Task :quill_native_bridge_android:generateDebugAssets UP-TO-DATE
[        ] Skipping task ':quill_native_bridge_android:generateDebugAssets' as it has no actions.
[        ] Resolve mutations for :quill_native_bridge_android:mergeDebugAssets (Thread[#43281,Execution worker Thread 19,5,main]) started.
[        ] :quill_native_bridge_android:mergeDebugAssets (Thread[#43281,Execution worker Thread 19,5,main]) started.
[        ] > Task :quill_native_bridge_android:mergeDebugAssets UP-TO-DATE
[        ] Caching disabled for task ':quill_native_bridge_android:mergeDebugAssets' because:
[        ]   Build cache is disabled
[        ]   Simple merging task
[        ] Skipping task ':quill_native_bridge_android:mergeDebugAssets' as it is up-to-date.
[        ] work action resolve mergeDebugAssets (project :quill_native_bridge_android) (Thread[#43281,Execution worker Thread 19,5,main]) started.
[        ] Resolve mutations for :shared_preferences_android:mergeDebugShaders (Thread[#43281,Execution worker Thread 19,5,main]) started.
[        ] :shared_preferences_android:mergeDebugShaders (Thread[#43264,Execution worker Thread 3,5,main]) started.
[        ] > Task :shared_preferences_android:mergeDebugShaders UP-TO-DATE
[        ] Caching disabled for task ':shared_preferences_android:mergeDebugShaders' because:
[        ]   Build cache is disabled
[        ]   Simple merging task
[        ] Skipping task ':shared_preferences_android:mergeDebugShaders' as it is up-to-date.
[        ] Resolve mutations for :shared_preferences_android:compileDebugShaders (Thread[#43264,Execution worker Thread 3,5,main]) started.
[        ] :shared_preferences_android:compileDebugShaders (Thread[#43271,Execution worker Thread 9,5,main]) started.
[        ] > Task :shared_preferences_android:compileDebugShaders NO-SOURCE
[        ] Skipping task ':shared_preferences_android:compileDebugShaders' as it has no source files and no previous output files.
[        ] Resolve mutations for :shared_preferences_android:generateDebugAssets (Thread[#43271,Execution worker Thread 9,5,main]) started.
[        ] :shared_preferences_android:generateDebugAssets (Thread[#43263,Execution worker Thread 2,5,main]) started.
[        ] > Task :shared_preferences_android:generateDebugAssets UP-TO-DATE
[        ] Skipping task ':shared_preferences_android:generateDebugAssets' as it has no actions.
[        ] Resolve mutations for :shared_preferences_android:mergeDebugAssets (Thread[#43263,Execution worker Thread 2,5,main]) started.
[        ] :shared_preferences_android:mergeDebugAssets (Thread[#43287,Execution worker Thread 25,5,main]) started.
[        ] > Task :shared_preferences_android:mergeDebugAssets UP-TO-DATE
[        ] Caching disabled for task ':shared_preferences_android:mergeDebugAssets' because:
[        ]   Build cache is disabled
[        ]   Simple merging task
[        ] Skipping task ':shared_preferences_android:mergeDebugAssets' as it is up-to-date.
[        ] work action resolve mergeDebugAssets (project :shared_preferences_android) (Thread[#43287,Execution worker Thread 25,5,main]) started.
[        ] Resolve mutations for :sqflite_android:mergeDebugShaders (Thread[#43287,Execution worker Thread 25,5,main]) started.
[        ] :sqflite_android:mergeDebugShaders (Thread[#43287,Execution worker Thread 25,5,main]) started.
[        ] > Task :sqflite_android:mergeDebugShaders UP-TO-DATE
[        ] Caching disabled for task ':sqflite_android:mergeDebugShaders' because:
[        ]   Build cache is disabled
[        ]   Simple merging task
[        ] Skipping task ':sqflite_android:mergeDebugShaders' as it is up-to-date.
[        ] Resolve mutations for :sqflite_android:compileDebugShaders (Thread[#43287,Execution worker Thread 25,5,main]) started.
[        ] :sqflite_android:compileDebugShaders (Thread[#43287,Execution worker Thread 25,5,main]) started.
[        ] > Task :sqflite_android:compileDebugShaders NO-SOURCE
[        ] Skipping task ':sqflite_android:compileDebugShaders' as it has no source files and no previous output files.
[        ] Resolve mutations for :sqflite_android:generateDebugAssets (Thread[#43287,Execution worker Thread 25,5,main]) started.
[        ] :sqflite_android:generateDebugAssets (Thread[#43287,Execution worker Thread 25,5,main]) started.
[        ] > Task :sqflite_android:generateDebugAssets UP-TO-DATE
[        ] Skipping task ':sqflite_android:generateDebugAssets' as it has no actions.
[        ] Resolve mutations for :sqflite_android:mergeDebugAssets (Thread[#43287,Execution worker Thread 25,5,main]) started.
[        ] :sqflite_android:mergeDebugAssets (Thread[#43287,Execution worker Thread 25,5,main]) started.
[        ] > Task :sqflite_android:mergeDebugAssets UP-TO-DATE
[        ] Caching disabled for task ':sqflite_android:mergeDebugAssets' because:
[        ]   Build cache is disabled
[        ]   Simple merging task
[        ] Skipping task ':sqflite_android:mergeDebugAssets' as it is up-to-date.
[        ] work action resolve mergeDebugAssets (project :sqflite_android) (Thread[#43287,Execution worker Thread 25,5,main]) started.
[        ] Resolve mutations for :url_launcher_android:mergeDebugShaders (Thread[#43287,Execution worker Thread 25,5,main]) started.
[        ] :url_launcher_android:mergeDebugShaders (Thread[#43287,Execution worker Thread 25,5,main]) started.
[        ] > Task :url_launcher_android:mergeDebugShaders UP-TO-DATE
[        ] Caching disabled for task ':url_launcher_android:mergeDebugShaders' because:
[        ]   Build cache is disabled
[        ]   Simple merging task
[        ] Skipping task ':url_launcher_android:mergeDebugShaders' as it is up-to-date.
[        ] Resolve mutations for :url_launcher_android:compileDebugShaders (Thread[#43287,Execution worker Thread 25,5,main]) started.
[        ] :url_launcher_android:compileDebugShaders (Thread[#43287,Execution worker Thread 25,5,main]) started.
[        ] > Task :url_launcher_android:compileDebugShaders NO-SOURCE
[        ] Skipping task ':url_launcher_android:compileDebugShaders' as it has no source files and no previous output files.
[        ] Resolve mutations for :url_launcher_android:generateDebugAssets (Thread[#43287,Execution worker Thread 25,5,main]) started.
[        ] :url_launcher_android:generateDebugAssets (Thread[#43287,Execution worker Thread 25,5,main]) started.
[        ] > Task :url_launcher_android:generateDebugAssets UP-TO-DATE
[        ] Skipping task ':url_launcher_android:generateDebugAssets' as it has no actions.
[        ] Resolve mutations for :url_launcher_android:mergeDebugAssets (Thread[#43287,Execution worker Thread 25,5,main]) started.
[        ] :url_launcher_android:mergeDebugAssets (Thread[#43287,Execution worker Thread 25,5,main]) started.
[        ] > Task :url_launcher_android:mergeDebugAssets UP-TO-DATE
[        ] Caching disabled for task ':url_launcher_android:mergeDebugAssets' because:
[        ]   Build cache is disabled
[        ]   Simple merging task
[        ] Skipping task ':url_launcher_android:mergeDebugAssets' as it is up-to-date.
[        ] work action resolve mergeDebugAssets (project :url_launcher_android) (Thread[#43287,Execution worker Thread 25,5,main]) started.
[        ] Resolve mutations for :video_player_android:mergeDebugShaders (Thread[#43287,Execution worker Thread 25,5,main]) started.
[        ] :video_player_android:mergeDebugShaders (Thread[#43287,Execution worker Thread 25,5,main]) started.
[        ] > Task :video_player_android:mergeDebugShaders UP-TO-DATE
[        ] Caching disabled for task ':video_player_android:mergeDebugShaders' because:
[        ]   Build cache is disabled
[        ]   Simple merging task
[        ] Skipping task ':video_player_android:mergeDebugShaders' as it is up-to-date.
[        ] Resolve mutations for :video_player_android:compileDebugShaders (Thread[#43287,Execution worker Thread 25,5,main]) started.
[        ] :video_player_android:compileDebugShaders (Thread[#43287,Execution worker Thread 25,5,main]) started.
[        ] > Task :video_player_android:compileDebugShaders NO-SOURCE
[        ] Skipping task ':video_player_android:compileDebugShaders' as it has no source files and no previous output files.
[        ] Resolve mutations for :video_player_android:generateDebugAssets (Thread[#43287,Execution worker Thread 25,5,main]) started.
[        ] :video_player_android:generateDebugAssets (Thread[#43287,Execution worker Thread 25,5,main]) started.
[        ] > Task :video_player_android:generateDebugAssets UP-TO-DATE
[        ] Skipping task ':video_player_android:generateDebugAssets' as it has no actions.
[        ] Resolve mutations for :video_player_android:mergeDebugAssets (Thread[#43287,Execution worker Thread 25,5,main]) started.
[        ] :video_player_android:mergeDebugAssets (Thread[#43287,Execution worker Thread 25,5,main]) started.
[        ] > Task :video_player_android:mergeDebugAssets UP-TO-DATE
[        ] Caching disabled for task ':video_player_android:mergeDebugAssets' because:
[        ]   Build cache is disabled
[        ]   Simple merging task
[        ] Skipping task ':video_player_android:mergeDebugAssets' as it is up-to-date.
[        ] work action resolve mergeDebugAssets (project :video_player_android) (Thread[#43287,Execution worker Thread 25,5,main]) started.
[        ] Resolve mutations for :app:mergeDebugAssets (Thread[#43287,Execution worker Thread 25,5,main]) started.
[        ] :app:mergeDebugAssets (Thread[#43287,Execution worker Thread 25,5,main]) started.
[        ] > Task :app:mergeDebugAssets
[        ] Caching disabled for task ':app:mergeDebugAssets' because:
[        ]   Build cache is disabled
[        ]   Simple merging task
[        ] Task ':app:mergeDebugAssets' is not up-to-date because:
[        ]   Output property 'outputDir' file /Users/florian/Code/substitution/build/app/intermediates/assets/debug/mergeDebugAssets has been removed.
[        ] The input changes require a full rebuild for incremental task ':app:mergeDebugAssets'.
[        ] Resolve mutations for :app:copyFlutterAssetsDebug (Thread[#43287,Execution worker Thread 25,5,main]) started.
[        ] :app:copyFlutterAssetsDebug (Thread[#43287,Execution worker Thread 25,5,main]) started.
14:21 +11 -31: loading /Users/florian/Code/substitution/integration_test/login_debug_test.dart                                                                                                         [ +299 ms] > Task :app:copyFlutterAssetsDebug
[        ] Caching disabled for task ':app:copyFlutterAssetsDebug' because:
[        ]   Build cache is disabled
[        ]   Not worth caching
[        ] Task ':app:copyFlutterAssetsDebug' is not up-to-date because:
[        ]   Output property 'destinationDir' file /Users/florian/Code/substitution/build/app/intermediates/assets/debug/mergeDebugAssets/flutter_assets has been removed.
[        ]   Output property 'destinationDir' file /Users/florian/Code/substitution/build/app/intermediates/assets/debug/mergeDebugAssets/flutter_assets/AssetManifest.bin has been removed.
[        ]   Output property 'destinationDir' file /Users/florian/Code/substitution/build/app/intermediates/assets/debug/mergeDebugAssets/flutter_assets/FontManifest.json has been removed.
[        ]   and more...
[        ] Resolve mutations for :app:generateDebugResValues (Thread[#43287,Execution worker Thread 25,5,main]) started.
[        ] :app:generateDebugResValues (Thread[#43273,Execution worker Thread 11,5,main]) started.
[        ] > Task :app:generateDebugResValues UP-TO-DATE
[        ] Caching disabled for task ':app:generateDebugResValues' because:
[        ]   Build cache is disabled
[        ] Skipping task ':app:generateDebugResValues' as it is up-to-date.
[        ] Resolve mutations for :connectivity_plus:generateDebugResValues (Thread[#43273,Execution worker Thread 11,5,main]) started.
[        ] :connectivity_plus:generateDebugResValues (Thread[#43284,Execution worker Thread 22,5,main]) started.
[        ] > Task :connectivity_plus:generateDebugResValues UP-TO-DATE
[        ] Caching disabled for task ':connectivity_plus:generateDebugResValues' because:
[        ]   Build cache is disabled
[        ] Skipping task ':connectivity_plus:generateDebugResValues' as it is up-to-date.
[        ] Resolve mutations for :connectivity_plus:generateDebugResources (Thread[#43284,Execution worker Thread 22,5,main]) started.
[        ] :connectivity_plus:generateDebugResources (Thread[#43284,Execution worker Thread 22,5,main]) started.
[        ] > Task :connectivity_plus:generateDebugResources UP-TO-DATE
[        ] Caching disabled for task ':connectivity_plus:generateDebugResources' because:
[        ]   Build cache is disabled
[        ] Skipping task ':connectivity_plus:generateDebugResources' as it is up-to-date.
[        ] Resolve mutations for :connectivity_plus:packageDebugResources (Thread[#43284,Execution worker Thread 22,5,main]) started.
[        ] :connectivity_plus:packageDebugResources (Thread[#43271,Execution worker Thread 9,5,main]) started.
[        ] > Task :connectivity_plus:packageDebugResources UP-TO-DATE
[        ] Caching disabled for task ':connectivity_plus:packageDebugResources' because:
[        ]   Build cache is disabled
[        ] Skipping task ':connectivity_plus:packageDebugResources' as it is up-to-date.
[        ] work action resolve packageDebugResources (project :connectivity_plus) (Thread[#43271,Execution worker Thread 9,5,main]) started.
[        ] Resolve mutations for :emoji_picker_flutter:generateDebugResValues (Thread[#43271,Execution worker Thread 9,5,main]) started.
[        ] :emoji_picker_flutter:generateDebugResValues (Thread[#43277,Execution worker Thread 15,5,main]) started.
[        ] > Task :emoji_picker_flutter:generateDebugResValues UP-TO-DATE
[        ] Caching disabled for task ':emoji_picker_flutter:generateDebugResValues' because:
[        ]   Build cache is disabled
[        ] Skipping task ':emoji_picker_flutter:generateDebugResValues' as it is up-to-date.
[        ] Resolve mutations for :emoji_picker_flutter:generateDebugResources (Thread[#43277,Execution worker Thread 15,5,main]) started.
[        ] :emoji_picker_flutter:generateDebugResources (Thread[#43285,Execution worker Thread 23,5,main]) started.
[        ] > Task :emoji_picker_flutter:generateDebugResources UP-TO-DATE
[        ] Caching disabled for task ':emoji_picker_flutter:generateDebugResources' because:
[        ]   Build cache is disabled
[        ] Skipping task ':emoji_picker_flutter:generateDebugResources' as it is up-to-date.
[        ] Resolve mutations for :emoji_picker_flutter:packageDebugResources (Thread[#43285,Execution worker Thread 23,5,main]) started.
[        ] :emoji_picker_flutter:packageDebugResources (Thread[#43290,Execution worker Thread 28,5,main]) started.
[        ] > Task :emoji_picker_flutter:packageDebugResources UP-TO-DATE
[        ] Caching disabled for task ':emoji_picker_flutter:packageDebugResources' because:
[        ]   Build cache is disabled
[        ] Skipping task ':emoji_picker_flutter:packageDebugResources' as it is up-to-date.
[        ] work action resolve packageDebugResources (project :emoji_picker_flutter) (Thread[#43290,Execution worker Thread 28,5,main]) started.
[        ] Resolve mutations for :file_selector_android:generateDebugResValues (Thread[#43290,Execution worker Thread 28,5,main]) started.
[        ] :file_selector_android:generateDebugResValues (Thread[#43292,Execution worker Thread 30,5,main]) started.
[        ] > Task :file_selector_android:generateDebugResValues UP-TO-DATE
[        ] Caching disabled for task ':file_selector_android:generateDebugResValues' because:
[        ]   Build cache is disabled
[        ] Skipping task ':file_selector_android:generateDebugResValues' as it is up-to-date.
[        ] Resolve mutations for :file_selector_android:generateDebugResources (Thread[#43292,Execution worker Thread 30,5,main]) started.
[        ] :file_selector_android:generateDebugResources (Thread[#43292,Execution worker Thread 30,5,main]) started.
[        ] > Task :file_selector_android:generateDebugResources UP-TO-DATE
[        ] Caching disabled for task ':file_selector_android:generateDebugResources' because:
[        ]   Build cache is disabled
[        ] Skipping task ':file_selector_android:generateDebugResources' as it is up-to-date.
[        ] Resolve mutations for :file_selector_android:packageDebugResources (Thread[#43292,Execution worker Thread 30,5,main]) started.
[        ] :file_selector_android:packageDebugResources (Thread[#43292,Execution worker Thread 30,5,main]) started.
[        ] > Task :file_selector_android:packageDebugResources UP-TO-DATE
[        ] Caching disabled for task ':file_selector_android:packageDebugResources' because:
[        ]   Build cache is disabled
[        ] Skipping task ':file_selector_android:packageDebugResources' as it is up-to-date.
[        ] work action resolve packageDebugResources (project :file_selector_android) (Thread[#43292,Execution worker Thread 30,5,main]) started.
[        ] Resolve mutations for :flutter_keyboard_visibility_temp_fork:generateDebugResValues (Thread[#43292,Execution worker Thread 30,5,main]) started.
[        ] :flutter_keyboard_visibility_temp_fork:generateDebugResValues (Thread[#43292,Execution worker Thread 30,5,main]) started.
[        ] > Task :flutter_keyboard_visibility_temp_fork:generateDebugResValues UP-TO-DATE
[        ] Caching disabled for task ':flutter_keyboard_visibility_temp_fork:generateDebugResValues' because:
[        ]   Build cache is disabled
[        ] Skipping task ':flutter_keyboard_visibility_temp_fork:generateDebugResValues' as it is up-to-date.
[        ] Resolve mutations for :flutter_keyboard_visibility_temp_fork:generateDebugResources (Thread[#43292,Execution worker Thread 30,5,main]) started.
[        ] :flutter_keyboard_visibility_temp_fork:generateDebugResources (Thread[#43292,Execution worker Thread 30,5,main]) started.
[        ] > Task :flutter_keyboard_visibility_temp_fork:generateDebugResources UP-TO-DATE
[        ] Caching disabled for task ':flutter_keyboard_visibility_temp_fork:generateDebugResources' because:
[        ]   Build cache is disabled
[        ] Skipping task ':flutter_keyboard_visibility_temp_fork:generateDebugResources' as it is up-to-date.
[        ] Resolve mutations for :flutter_keyboard_visibility_temp_fork:packageDebugResources (Thread[#43292,Execution worker Thread 30,5,main]) started.
[        ] :flutter_keyboard_visibility_temp_fork:packageDebugResources (Thread[#43292,Execution worker Thread 30,5,main]) started.
[        ] > Task :flutter_keyboard_visibility_temp_fork:packageDebugResources UP-TO-DATE
[        ] Caching disabled for task ':flutter_keyboard_visibility_temp_fork:packageDebugResources' because:
[        ]   Build cache is disabled
[        ] Skipping task ':flutter_keyboard_visibility_temp_fork:packageDebugResources' as it is up-to-date.
[        ] work action resolve packageDebugResources (project :flutter_keyboard_visibility_temp_fork) (Thread[#43292,Execution worker Thread 30,5,main]) started.
[        ] Resolve mutations for :flutter_native_splash:generateDebugResValues (Thread[#43292,Execution worker Thread 30,5,main]) started.
[        ] :flutter_native_splash:generateDebugResValues (Thread[#43292,Execution worker Thread 30,5,main]) started.
[        ] > Task :flutter_native_splash:generateDebugResValues UP-TO-DATE
[        ] Caching disabled for task ':flutter_native_splash:generateDebugResValues' because:
[        ]   Build cache is disabled
[        ] Skipping task ':flutter_native_splash:generateDebugResValues' as it is up-to-date.
[        ] Resolve mutations for :flutter_native_splash:generateDebugResources (Thread[#43292,Execution worker Thread 30,5,main]) started.
[        ] :flutter_native_splash:generateDebugResources (Thread[#43292,Execution worker Thread 30,5,main]) started.
[        ] > Task :flutter_native_splash:generateDebugResources UP-TO-DATE
[        ] Caching disabled for task ':flutter_native_splash:generateDebugResources' because:
[        ]   Build cache is disabled
[        ] Skipping task ':flutter_native_splash:generateDebugResources' as it is up-to-date.
[        ] Resolve mutations for :flutter_native_splash:packageDebugResources (Thread[#43292,Execution worker Thread 30,5,main]) started.
[        ] :flutter_native_splash:packageDebugResources (Thread[#43292,Execution worker Thread 30,5,main]) started.
[        ] > Task :flutter_native_splash:packageDebugResources UP-TO-DATE
[        ] Caching disabled for task ':flutter_native_splash:packageDebugResources' because:
[        ]   Build cache is disabled
[        ] Skipping task ':flutter_native_splash:packageDebugResources' as it is up-to-date.
[        ] work action resolve packageDebugResources (project :flutter_native_splash) (Thread[#43292,Execution worker Thread 30,5,main]) started.
[        ] Resolve mutations for :flutter_olm:generateDebugResValues (Thread[#43292,Execution worker Thread 30,5,main]) started.
[        ] :flutter_olm:generateDebugResValues (Thread[#43292,Execution worker Thread 30,5,main]) started.
[        ] > Task :flutter_olm:generateDebugResValues UP-TO-DATE
[        ] Caching disabled for task ':flutter_olm:generateDebugResValues' because:
[        ]   Build cache is disabled
[        ] Skipping task ':flutter_olm:generateDebugResValues' as it is up-to-date.
[        ] Resolve mutations for :flutter_olm:generateDebugResources (Thread[#43292,Execution worker Thread 30,5,main]) started.
[        ] :flutter_olm:generateDebugResources (Thread[#43292,Execution worker Thread 30,5,main]) started.
[        ] > Task :flutter_olm:generateDebugResources UP-TO-DATE
[        ] Caching disabled for task ':flutter_olm:generateDebugResources' because:
[        ]   Build cache is disabled
[        ] Skipping task ':flutter_olm:generateDebugResources' as it is up-to-date.
[        ] Resolve mutations for :flutter_olm:packageDebugResources (Thread[#43292,Execution worker Thread 30,5,main]) started.
[        ] :flutter_olm:packageDebugResources (Thread[#43292,Execution worker Thread 30,5,main]) started.
[        ] > Task :flutter_olm:packageDebugResources UP-TO-DATE
[        ] Caching disabled for task ':flutter_olm:packageDebugResources' because:
[        ]   Build cache is disabled
[        ] Skipping task ':flutter_olm:packageDebugResources' as it is up-to-date.
[        ] work action resolve packageDebugResources (project :flutter_olm) (Thread[#43292,Execution worker Thread 30,5,main]) started.
[        ] Resolve mutations for :flutter_openssl_crypto:generateDebugResValues (Thread[#43292,Execution worker Thread 30,5,main]) started.
[        ] :flutter_openssl_crypto:generateDebugResValues (Thread[#43292,Execution worker Thread 30,5,main]) started.
[        ] > Task :flutter_openssl_crypto:generateDebugResValues UP-TO-DATE
[        ] Caching disabled for task ':flutter_openssl_crypto:generateDebugResValues' because:
[        ]   Build cache is disabled
[        ] Skipping task ':flutter_openssl_crypto:generateDebugResValues' as it is up-to-date.
[        ] Resolve mutations for :flutter_openssl_crypto:generateDebugResources (Thread[#43292,Execution worker Thread 30,5,main]) started.
[        ] :flutter_openssl_crypto:generateDebugResources (Thread[#43292,Execution worker Thread 30,5,main]) started.
[        ] > Task :flutter_openssl_crypto:generateDebugResources UP-TO-DATE
[        ] Caching disabled for task ':flutter_openssl_crypto:generateDebugResources' because:
[        ]   Build cache is disabled
[        ] Skipping task ':flutter_openssl_crypto:generateDebugResources' as it is up-to-date.
[        ] Resolve mutations for :flutter_openssl_crypto:packageDebugResources (Thread[#43292,Execution worker Thread 30,5,main]) started.
[        ] :flutter_openssl_crypto:packageDebugResources (Thread[#43292,Execution worker Thread 30,5,main]) started.
[        ] > Task :flutter_openssl_crypto:packageDebugResources UP-TO-DATE
[        ] Caching disabled for task ':flutter_openssl_crypto:packageDebugResources' because:
[        ]   Build cache is disabled
[        ] Skipping task ':flutter_openssl_crypto:packageDebugResources' as it is up-to-date.
[        ] work action resolve packageDebugResources (project :flutter_openssl_crypto) (Thread[#43292,Execution worker Thread 30,5,main]) started.
[        ] Resolve mutations for :integration_test:generateDebugResValues (Thread[#43292,Execution worker Thread 30,5,main]) started.
[        ] :integration_test:generateDebugResValues (Thread[#43292,Execution worker Thread 30,5,main]) started.
[        ] > Task :integration_test:generateDebugResValues UP-TO-DATE
[        ] Caching disabled for task ':integration_test:generateDebugResValues' because:
[        ]   Build cache is disabled
[        ] Skipping task ':integration_test:generateDebugResValues' as it is up-to-date.
[        ] Resolve mutations for :integration_test:generateDebugResources (Thread[#43292,Execution worker Thread 30,5,main]) started.
[        ] :integration_test:generateDebugResources (Thread[#43292,Execution worker Thread 30,5,main]) started.
[        ] > Task :integration_test:generateDebugResources UP-TO-DATE
[        ] Caching disabled for task ':integration_test:generateDebugResources' because:
[        ]   Build cache is disabled
[        ] Skipping task ':integration_test:generateDebugResources' as it is up-to-date.
[        ] Resolve mutations for :integration_test:packageDebugResources (Thread[#43292,Execution worker Thread 30,5,main]) started.
[        ] :integration_test:packageDebugResources (Thread[#43292,Execution worker Thread 30,5,main]) started.
[        ] > Task :integration_test:packageDebugResources UP-TO-DATE
[        ] Caching disabled for task ':integration_test:packageDebugResources' because:
[        ]   Build cache is disabled
[        ] Skipping task ':integration_test:packageDebugResources' as it is up-to-date.
[        ] work action resolve packageDebugResources (project :integration_test) (Thread[#43292,Execution worker Thread 30,5,main]) started.
[        ] Resolve mutations for :path_provider_android:generateDebugResValues (Thread[#43292,Execution worker Thread 30,5,main]) started.
[        ] :path_provider_android:generateDebugResValues (Thread[#43292,Execution worker Thread 30,5,main]) started.
[        ] > Task :path_provider_android:generateDebugResValues UP-TO-DATE
[        ] Caching disabled for task ':path_provider_android:generateDebugResValues' because:
[        ]   Build cache is disabled
[        ] Skipping task ':path_provider_android:generateDebugResValues' as it is up-to-date.
[        ] Resolve mutations for :path_provider_android:generateDebugResources (Thread[#43292,Execution worker Thread 30,5,main]) started.
[        ] :path_provider_android:generateDebugResources (Thread[#43292,Execution worker Thread 30,5,main]) started.
[        ] > Task :path_provider_android:generateDebugResources UP-TO-DATE
[        ] Caching disabled for task ':path_provider_android:generateDebugResources' because:
[        ]   Build cache is disabled
[        ] Skipping task ':path_provider_android:generateDebugResources' as it is up-to-date.
[        ] Resolve mutations for :path_provider_android:packageDebugResources (Thread[#43292,Execution worker Thread 30,5,main]) started.
[        ] :path_provider_android:packageDebugResources (Thread[#43292,Execution worker Thread 30,5,main]) started.
[        ] > Task :path_provider_android:packageDebugResources UP-TO-DATE
[        ] Caching disabled for task ':path_provider_android:packageDebugResources' because:
[        ]   Build cache is disabled
[        ] Skipping task ':path_provider_android:packageDebugResources' as it is up-to-date.
[        ] work action resolve packageDebugResources (project :path_provider_android) (Thread[#43292,Execution worker Thread 30,5,main]) started.
[        ] Resolve mutations for :quill_native_bridge_android:generateDebugResValues (Thread[#43292,Execution worker Thread 30,5,main]) started.
[        ] :quill_native_bridge_android:generateDebugResValues (Thread[#43292,Execution worker Thread 30,5,main]) started.
[        ] > Task :quill_native_bridge_android:generateDebugResValues UP-TO-DATE
[        ] Caching disabled for task ':quill_native_bridge_android:generateDebugResValues' because:
[        ]   Build cache is disabled
[        ] Skipping task ':quill_native_bridge_android:generateDebugResValues' as it is up-to-date.
[        ] Resolve mutations for :quill_native_bridge_android:generateDebugResources (Thread[#43292,Execution worker Thread 30,5,main]) started.
[        ] :quill_native_bridge_android:generateDebugResources (Thread[#43292,Execution worker Thread 30,5,main]) started.
[        ] > Task :quill_native_bridge_android:generateDebugResources UP-TO-DATE
[        ] Caching disabled for task ':quill_native_bridge_android:generateDebugResources' because:
[        ]   Build cache is disabled
[        ] Skipping task ':quill_native_bridge_android:generateDebugResources' as it is up-to-date.
[        ] Resolve mutations for :quill_native_bridge_android:packageDebugResources (Thread[#43292,Execution worker Thread 30,5,main]) started.
[        ] :quill_native_bridge_android:packageDebugResources (Thread[#43292,Execution worker Thread 30,5,main]) started.
[        ] > Task :quill_native_bridge_android:packageDebugResources UP-TO-DATE
[        ] Caching disabled for task ':quill_native_bridge_android:packageDebugResources' because:
[        ]   Build cache is disabled
[        ] Skipping task ':quill_native_bridge_android:packageDebugResources' as it is up-to-date.
[        ] work action resolve packageDebugResources (project :quill_native_bridge_android) (Thread[#43292,Execution worker Thread 30,5,main]) started.
[        ] Resolve mutations for :shared_preferences_android:generateDebugResValues (Thread[#43292,Execution worker Thread 30,5,main]) started.
[        ] :shared_preferences_android:generateDebugResValues (Thread[#43292,Execution worker Thread 30,5,main]) started.
[        ] > Task :shared_preferences_android:generateDebugResValues UP-TO-DATE
[        ] Caching disabled for task ':shared_preferences_android:generateDebugResValues' because:
[        ]   Build cache is disabled
[        ] Skipping task ':shared_preferences_android:generateDebugResValues' as it is up-to-date.
[        ] Resolve mutations for :shared_preferences_android:generateDebugResources (Thread[#43292,Execution worker Thread 30,5,main]) started.
[        ] :shared_preferences_android:generateDebugResources (Thread[#43292,Execution worker Thread 30,5,main]) started.
[        ] > Task :shared_preferences_android:generateDebugResources UP-TO-DATE
[        ] Caching disabled for task ':shared_preferences_android:generateDebugResources' because:
[        ]   Build cache is disabled
[        ] Skipping task ':shared_preferences_android:generateDebugResources' as it is up-to-date.
[        ] Resolve mutations for :shared_preferences_android:packageDebugResources (Thread[#43292,Execution worker Thread 30,5,main]) started.
[        ] :shared_preferences_android:packageDebugResources (Thread[#43292,Execution worker Thread 30,5,main]) started.
[        ] > Task :shared_preferences_android:packageDebugResources UP-TO-DATE
[        ] Caching disabled for task ':shared_preferences_android:packageDebugResources' because:
[        ]   Build cache is disabled
[        ] Skipping task ':shared_preferences_android:packageDebugResources' as it is up-to-date.
[        ] work action resolve packageDebugResources (project :shared_preferences_android) (Thread[#43292,Execution worker Thread 30,5,main]) started.
[        ] Resolve mutations for :sqflite_android:generateDebugResValues (Thread[#43292,Execution worker Thread 30,5,main]) started.
[        ] :sqflite_android:generateDebugResValues (Thread[#43292,Execution worker Thread 30,5,main]) started.
[        ] > Task :sqflite_android:generateDebugResValues UP-TO-DATE
[        ] Caching disabled for task ':sqflite_android:generateDebugResValues' because:
[        ]   Build cache is disabled
[        ] Skipping task ':sqflite_android:generateDebugResValues' as it is up-to-date.
[        ] Resolve mutations for :sqflite_android:generateDebugResources (Thread[#43292,Execution worker Thread 30,5,main]) started.
[        ] :sqflite_android:generateDebugResources (Thread[#43288,Execution worker Thread 26,5,main]) started.
[        ] > Task :sqflite_android:generateDebugResources UP-TO-DATE
[        ] Caching disabled for task ':sqflite_android:generateDebugResources' because:
[        ]   Build cache is disabled
[        ] Skipping task ':sqflite_android:generateDebugResources' as it is up-to-date.
[        ] Resolve mutations for :sqflite_android:packageDebugResources (Thread[#43288,Execution worker Thread 26,5,main]) started.
[        ] :sqflite_android:packageDebugResources (Thread[#43288,Execution worker Thread 26,5,main]) started.
[        ] > Task :sqflite_android:packageDebugResources UP-TO-DATE
[        ] Caching disabled for task ':sqflite_android:packageDebugResources' because:
[        ]   Build cache is disabled
[        ] Skipping task ':sqflite_android:packageDebugResources' as it is up-to-date.
[        ] work action resolve packageDebugResources (project :sqflite_android) (Thread[#43288,Execution worker Thread 26,5,main]) started.
[        ] Resolve mutations for :url_launcher_android:generateDebugResValues (Thread[#43288,Execution worker Thread 26,5,main]) started.
[        ] :url_launcher_android:generateDebugResValues (Thread[#43288,Execution worker Thread 26,5,main]) started.
[        ] > Task :url_launcher_android:generateDebugResValues UP-TO-DATE
[        ] Caching disabled for task ':url_launcher_android:generateDebugResValues' because:
[        ]   Build cache is disabled
[        ] Skipping task ':url_launcher_android:generateDebugResValues' as it is up-to-date.
[        ] Resolve mutations for :url_launcher_android:generateDebugResources (Thread[#43288,Execution worker Thread 26,5,main]) started.
[        ] :url_launcher_android:generateDebugResources (Thread[#43288,Execution worker Thread 26,5,main]) started.
[        ] > Task :url_launcher_android:generateDebugResources UP-TO-DATE
[        ] Caching disabled for task ':url_launcher_android:generateDebugResources' because:
[        ]   Build cache is disabled
[        ] Skipping task ':url_launcher_android:generateDebugResources' as it is up-to-date.
[        ] Resolve mutations for :url_launcher_android:packageDebugResources (Thread[#43288,Execution worker Thread 26,5,main]) started.
[        ] :url_launcher_android:packageDebugResources (Thread[#43288,Execution worker Thread 26,5,main]) started.
[        ] > Task :url_launcher_android:packageDebugResources UP-TO-DATE
[        ] Caching disabled for task ':url_launcher_android:packageDebugResources' because:
[        ]   Build cache is disabled
[        ] Skipping task ':url_launcher_android:packageDebugResources' as it is up-to-date.
[        ] work action resolve packageDebugResources (project :url_launcher_android) (Thread[#43288,Execution worker Thread 26,5,main]) started.
[        ] Resolve mutations for :video_player_android:generateDebugResValues (Thread[#43288,Execution worker Thread 26,5,main]) started.
[        ] :video_player_android:generateDebugResValues (Thread[#43288,Execution worker Thread 26,5,main]) started.
[        ] > Task :video_player_android:generateDebugResValues UP-TO-DATE
[        ] Caching disabled for task ':video_player_android:generateDebugResValues' because:
[        ]   Build cache is disabled
[        ] Skipping task ':video_player_android:generateDebugResValues' as it is up-to-date.
[        ] Resolve mutations for :video_player_android:generateDebugResources (Thread[#43288,Execution worker Thread 26,5,main]) started.
[        ] :video_player_android:generateDebugResources (Thread[#43288,Execution worker Thread 26,5,main]) started.
[        ] > Task :video_player_android:generateDebugResources UP-TO-DATE
[        ] Caching disabled for task ':video_player_android:generateDebugResources' because:
[        ]   Build cache is disabled
[        ] Skipping task ':video_player_android:generateDebugResources' as it is up-to-date.
[        ] Resolve mutations for :video_player_android:packageDebugResources (Thread[#43288,Execution worker Thread 26,5,main]) started.
[        ] :video_player_android:packageDebugResources (Thread[#43288,Execution worker Thread 26,5,main]) started.
[        ] > Task :video_player_android:packageDebugResources UP-TO-DATE
[        ] Caching disabled for task ':video_player_android:packageDebugResources' because:
[        ]   Build cache is disabled
[        ] Skipping task ':video_player_android:packageDebugResources' as it is up-to-date.
[        ] work action resolve packageDebugResources (project :video_player_android) (Thread[#43288,Execution worker Thread 26,5,main]) started.
[        ] Resolve mutations for :app:mapDebugSourceSetPaths (Thread[#43288,Execution worker Thread 26,5,main]) started.
[        ] :app:mapDebugSourceSetPaths (Thread[#43288,Execution worker Thread 26,5,main]) started.
[        ] > Task :app:mapDebugSourceSetPaths UP-TO-DATE
[        ] Caching disabled for task ':app:mapDebugSourceSetPaths' because:
[        ]   Build cache is disabled
[        ]   Caching has been disabled for the task
[        ] Skipping task ':app:mapDebugSourceSetPaths' as it is up-to-date.
[        ] Resolve mutations for :app:generateDebugResources (Thread[#43288,Execution worker Thread 26,5,main]) started.
[        ] :app:generateDebugResources (Thread[#43288,Execution worker Thread 26,5,main]) started.
[        ] > Task :app:generateDebugResources UP-TO-DATE
[        ] Caching disabled for task ':app:generateDebugResources' because:
[        ]   Build cache is disabled
[        ] Skipping task ':app:generateDebugResources' as it is up-to-date.
[        ] Resolve mutations for :app:mergeDebugResources (Thread[#43288,Execution worker Thread 26,5,main]) started.
[        ] :app:mergeDebugResources (Thread[#43288,Execution worker Thread 26,5,main]) started.
[        ] > Task :app:mergeDebugResources UP-TO-DATE
[        ] Caching disabled for task ':app:mergeDebugResources' because:
[        ]   Build cache is disabled
[        ] Skipping task ':app:mergeDebugResources' as it is up-to-date.
[        ] Resolve mutations for :app:packageDebugResources (Thread[#43288,Execution worker Thread 26,5,main]) started.
[        ] :app:packageDebugResources (Thread[#43288,Execution worker Thread 26,5,main]) started.
[        ] > Task :app:packageDebugResources UP-TO-DATE
[        ] Caching disabled for task ':app:packageDebugResources' because:
[        ]   Build cache is disabled
[        ] Skipping task ':app:packageDebugResources' as it is up-to-date.
[        ] Resolve mutations for :app:parseDebugLocalResources (Thread[#43288,Execution worker Thread 26,5,main]) started.
[        ] :app:parseDebugLocalResources (Thread[#43288,Execution worker Thread 26,5,main]) started.
[        ] > Task :app:parseDebugLocalResources UP-TO-DATE
[        ] Caching disabled for task ':app:parseDebugLocalResources' because:
[        ]   Build cache is disabled
[        ] Skipping task ':app:parseDebugLocalResources' as it is up-to-date.
[        ] Resolve mutations for :app:createDebugCompatibleScreenManifests (Thread[#43288,Execution worker Thread 26,5,main]) started.
[        ] :app:createDebugCompatibleScreenManifests (Thread[#43274,Execution worker Thread 12,5,main]) started.
[        ] > Task :app:createDebugCompatibleScreenManifests UP-TO-DATE
[        ] Caching disabled for task ':app:createDebugCompatibleScreenManifests' because:
[        ]   Build cache is disabled
[        ]   Caching has been disabled for the task
[        ] Skipping task ':app:createDebugCompatibleScreenManifests' as it is up-to-date.
[        ] Resolve mutations for :app:extractDeepLinksDebug (Thread[#43274,Execution worker Thread 12,5,main]) started.
[        ] :app:extractDeepLinksDebug (Thread[#43265,Execution worker Thread 4,5,main]) started.
[        ] > Task :app:extractDeepLinksDebug UP-TO-DATE
[        ] Caching disabled for task ':app:extractDeepLinksDebug' because:
[        ]   Build cache is disabled
[        ] Skipping task ':app:extractDeepLinksDebug' as it is up-to-date.
[        ] Resolve mutations for :connectivity_plus:extractDeepLinksDebug (Thread[#43265,Execution worker Thread 4,5,main]) started.
[        ] :connectivity_plus:extractDeepLinksDebug (Thread[#43265,Execution worker Thread 4,5,main]) started.
[        ] > Task :connectivity_plus:extractDeepLinksDebug UP-TO-DATE
[        ] Caching disabled for task ':connectivity_plus:extractDeepLinksDebug' because:
[        ]   Build cache is disabled
[        ] Skipping task ':connectivity_plus:extractDeepLinksDebug' as it is up-to-date.
[        ] work action resolve navigation.json (project :connectivity_plus) (Thread[#43265,Execution worker Thread 4,5,main]) started.
[        ] Resolve mutations for :connectivity_plus:processDebugManifest (Thread[#43265,Execution worker Thread 4,5,main]) started.
[        ] :connectivity_plus:processDebugManifest (Thread[#43292,Execution worker Thread 30,5,main]) started.
[        ] > Task :connectivity_plus:processDebugManifest UP-TO-DATE
[        ] Caching disabled for task ':connectivity_plus:processDebugManifest' because:
[        ]   Build cache is disabled
[        ] Skipping task ':connectivity_plus:processDebugManifest' as it is up-to-date.
[        ] work action resolve AndroidManifest.xml (project :connectivity_plus) (Thread[#43292,Execution worker Thread 30,5,main]) started.
[        ] Resolve mutations for :emoji_picker_flutter:extractDeepLinksDebug (Thread[#43292,Execution worker Thread 30,5,main]) started.
[        ] :emoji_picker_flutter:extractDeepLinksDebug (Thread[#43292,Execution worker Thread 30,5,main]) started.
[        ] > Task :emoji_picker_flutter:extractDeepLinksDebug UP-TO-DATE
[        ] Caching disabled for task ':emoji_picker_flutter:extractDeepLinksDebug' because:
[        ]   Build cache is disabled
[        ] Skipping task ':emoji_picker_flutter:extractDeepLinksDebug' as it is up-to-date.
[        ] work action resolve navigation.json (project :emoji_picker_flutter) (Thread[#43292,Execution worker Thread 30,5,main]) started.
[        ] Resolve mutations for :emoji_picker_flutter:processDebugManifest (Thread[#43292,Execution worker Thread 30,5,main]) started.
[        ] :emoji_picker_flutter:processDebugManifest (Thread[#43292,Execution worker Thread 30,5,main]) started.
[        ] > Task :emoji_picker_flutter:processDebugManifest UP-TO-DATE
[        ] Caching disabled for task ':emoji_picker_flutter:processDebugManifest' because:
[        ]   Build cache is disabled
[        ] Skipping task ':emoji_picker_flutter:processDebugManifest' as it is up-to-date.
[        ] work action resolve AndroidManifest.xml (project :emoji_picker_flutter) (Thread[#43292,Execution worker Thread 30,5,main]) started.
[        ] Resolve mutations for :file_selector_android:extractDeepLinksDebug (Thread[#43292,Execution worker Thread 30,5,main]) started.
[        ] :file_selector_android:extractDeepLinksDebug (Thread[#43292,Execution worker Thread 30,5,main]) started.
[        ] > Task :file_selector_android:extractDeepLinksDebug UP-TO-DATE
[        ] Caching disabled for task ':file_selector_android:extractDeepLinksDebug' because:
[        ]   Build cache is disabled
[        ] Skipping task ':file_selector_android:extractDeepLinksDebug' as it is up-to-date.
[        ] work action resolve navigation.json (project :file_selector_android) (Thread[#43292,Execution worker Thread 30,5,main]) started.
[        ] Resolve mutations for :file_selector_android:processDebugManifest (Thread[#43292,Execution worker Thread 30,5,main]) started.
[        ] :file_selector_android:processDebugManifest (Thread[#43292,Execution worker Thread 30,5,main]) started.
[        ] > Task :file_selector_android:processDebugManifest UP-TO-DATE
[        ] Caching disabled for task ':file_selector_android:processDebugManifest' because:
[        ]   Build cache is disabled
[        ] Skipping task ':file_selector_android:processDebugManifest' as it is up-to-date.
[        ] work action resolve AndroidManifest.xml (project :file_selector_android) (Thread[#43292,Execution worker Thread 30,5,main]) started.
[        ] Resolve mutations for :flutter_keyboard_visibility_temp_fork:extractDeepLinksDebug (Thread[#43292,Execution worker Thread 30,5,main]) started.
[        ] :flutter_keyboard_visibility_temp_fork:extractDeepLinksDebug (Thread[#43292,Execution worker Thread 30,5,main]) started.
[        ] > Task :flutter_keyboard_visibility_temp_fork:extractDeepLinksDebug UP-TO-DATE
[        ] Caching disabled for task ':flutter_keyboard_visibility_temp_fork:extractDeepLinksDebug' because:
[        ]   Build cache is disabled
[        ] Skipping task ':flutter_keyboard_visibility_temp_fork:extractDeepLinksDebug' as it is up-to-date.
[        ] work action resolve navigation.json (project :flutter_keyboard_visibility_temp_fork) (Thread[#43292,Execution worker Thread 30,5,main]) started.
[        ] Resolve mutations for :flutter_keyboard_visibility_temp_fork:processDebugManifest (Thread[#43292,Execution worker Thread 30,5,main]) started.
[        ] :flutter_keyboard_visibility_temp_fork:processDebugManifest (Thread[#43292,Execution worker Thread 30,5,main]) started.
[        ] > Task :flutter_keyboard_visibility_temp_fork:processDebugManifest UP-TO-DATE
[        ] Caching disabled for task ':flutter_keyboard_visibility_temp_fork:processDebugManifest' because:
[        ]   Build cache is disabled
[        ] Skipping task ':flutter_keyboard_visibility_temp_fork:processDebugManifest' as it is up-to-date.
[        ] work action resolve AndroidManifest.xml (project :flutter_keyboard_visibility_temp_fork) (Thread[#43292,Execution worker Thread 30,5,main]) started.
[        ] Resolve mutations for :flutter_native_splash:extractDeepLinksDebug (Thread[#43292,Execution worker Thread 30,5,main]) started.
[        ] :flutter_native_splash:extractDeepLinksDebug (Thread[#43292,Execution worker Thread 30,5,main]) started.
[        ] > Task :flutter_native_splash:extractDeepLinksDebug UP-TO-DATE
[        ] Caching disabled for task ':flutter_native_splash:extractDeepLinksDebug' because:
[        ]   Build cache is disabled
[        ] Skipping task ':flutter_native_splash:extractDeepLinksDebug' as it is up-to-date.
[        ] work action resolve navigation.json (project :flutter_native_splash) (Thread[#43292,Execution worker Thread 30,5,main]) started.
[        ] Resolve mutations for :flutter_native_splash:processDebugManifest (Thread[#43292,Execution worker Thread 30,5,main]) started.
[        ] :flutter_native_splash:processDebugManifest (Thread[#43292,Execution worker Thread 30,5,main]) started.
[        ] > Task :flutter_native_splash:processDebugManifest UP-TO-DATE
[        ] Caching disabled for task ':flutter_native_splash:processDebugManifest' because:
[        ]   Build cache is disabled
[        ] Skipping task ':flutter_native_splash:processDebugManifest' as it is up-to-date.
[        ] work action resolve AndroidManifest.xml (project :flutter_native_splash) (Thread[#43292,Execution worker Thread 30,5,main]) started.
[        ] Resolve mutations for :flutter_olm:extractDeepLinksDebug (Thread[#43292,Execution worker Thread 30,5,main]) started.
[        ] :flutter_olm:extractDeepLinksDebug (Thread[#43292,Execution worker Thread 30,5,main]) started.
[        ] > Task :flutter_olm:extractDeepLinksDebug UP-TO-DATE
[        ] Caching disabled for task ':flutter_olm:extractDeepLinksDebug' because:
[        ]   Build cache is disabled
[        ] Skipping task ':flutter_olm:extractDeepLinksDebug' as it is up-to-date.
[        ] work action resolve navigation.json (project :flutter_olm) (Thread[#43292,Execution worker Thread 30,5,main]) started.
[        ] Resolve mutations for :flutter_olm:processDebugManifest (Thread[#43292,Execution worker Thread 30,5,main]) started.
[        ] :flutter_olm:processDebugManifest (Thread[#43292,Execution worker Thread 30,5,main]) started.
[        ] > Task :flutter_olm:processDebugManifest UP-TO-DATE
[        ] Caching disabled for task ':flutter_olm:processDebugManifest' because:
[        ]   Build cache is disabled
[        ] Skipping task ':flutter_olm:processDebugManifest' as it is up-to-date.
[        ] work action resolve AndroidManifest.xml (project :flutter_olm) (Thread[#43292,Execution worker Thread 30,5,main]) started.
[        ] Resolve mutations for :flutter_openssl_crypto:extractDeepLinksDebug (Thread[#43292,Execution worker Thread 30,5,main]) started.
[        ] :flutter_openssl_crypto:extractDeepLinksDebug (Thread[#43292,Execution worker Thread 30,5,main]) started.
[        ] > Task :flutter_openssl_crypto:extractDeepLinksDebug UP-TO-DATE
[        ] Caching disabled for task ':flutter_openssl_crypto:extractDeepLinksDebug' because:
[        ]   Build cache is disabled
[        ] Skipping task ':flutter_openssl_crypto:extractDeepLinksDebug' as it is up-to-date.
[        ] work action resolve navigation.json (project :flutter_openssl_crypto) (Thread[#43292,Execution worker Thread 30,5,main]) started.
[        ] Resolve mutations for :flutter_openssl_crypto:processDebugManifest (Thread[#43292,Execution worker Thread 30,5,main]) started.
[        ] :flutter_openssl_crypto:processDebugManifest (Thread[#43292,Execution worker Thread 30,5,main]) started.
[        ] > Task :flutter_openssl_crypto:processDebugManifest UP-TO-DATE
[        ] Caching disabled for task ':flutter_openssl_crypto:processDebugManifest' because:
[        ]   Build cache is disabled
[        ] Skipping task ':flutter_openssl_crypto:processDebugManifest' as it is up-to-date.
[        ] work action resolve AndroidManifest.xml (project :flutter_openssl_crypto) (Thread[#43292,Execution worker Thread 30,5,main]) started.
[        ] Resolve mutations for :integration_test:extractDeepLinksDebug (Thread[#43292,Execution worker Thread 30,5,main]) started.
[        ] :integration_test:extractDeepLinksDebug (Thread[#43292,Execution worker Thread 30,5,main]) started.
[        ] > Task :integration_test:extractDeepLinksDebug UP-TO-DATE
[        ] Caching disabled for task ':integration_test:extractDeepLinksDebug' because:
[        ]   Build cache is disabled
[        ] Skipping task ':integration_test:extractDeepLinksDebug' as it is up-to-date.
[        ] work action resolve navigation.json (project :integration_test) (Thread[#43292,Execution worker Thread 30,5,main]) started.
[        ] Resolve mutations for :integration_test:processDebugManifest (Thread[#43292,Execution worker Thread 30,5,main]) started.
[        ] :integration_test:processDebugManifest (Thread[#43292,Execution worker Thread 30,5,main]) started.
[        ] > Task :integration_test:processDebugManifest UP-TO-DATE
[        ] Caching disabled for task ':integration_test:processDebugManifest' because:
[        ]   Build cache is disabled
[        ] Skipping task ':integration_test:processDebugManifest' as it is up-to-date.
[        ] work action resolve AndroidManifest.xml (project :integration_test) (Thread[#43292,Execution worker Thread 30,5,main]) started.
[        ] Resolve mutations for :path_provider_android:extractDeepLinksDebug (Thread[#43292,Execution worker Thread 30,5,main]) started.
[        ] :path_provider_android:extractDeepLinksDebug (Thread[#43292,Execution worker Thread 30,5,main]) started.
[        ] > Task :path_provider_android:extractDeepLinksDebug UP-TO-DATE
[        ] Caching disabled for task ':path_provider_android:extractDeepLinksDebug' because:
[        ]   Build cache is disabled
[        ] Skipping task ':path_provider_android:extractDeepLinksDebug' as it is up-to-date.
[        ] work action resolve navigation.json (project :path_provider_android) (Thread[#43292,Execution worker Thread 30,5,main]) started.
[        ] Resolve mutations for :path_provider_android:processDebugManifest (Thread[#43292,Execution worker Thread 30,5,main]) started.
[        ] :path_provider_android:processDebugManifest (Thread[#43292,Execution worker Thread 30,5,main]) started.
[        ] > Task :path_provider_android:processDebugManifest UP-TO-DATE
[        ] Caching disabled for task ':path_provider_android:processDebugManifest' because:
[        ]   Build cache is disabled
[        ] Skipping task ':path_provider_android:processDebugManifest' as it is up-to-date.
[        ] work action resolve AndroidManifest.xml (project :path_provider_android) (Thread[#43292,Execution worker Thread 30,5,main]) started.
[        ] Resolve mutations for :quill_native_bridge_android:extractDeepLinksDebug (Thread[#43292,Execution worker Thread 30,5,main]) started.
[        ] :quill_native_bridge_android:extractDeepLinksDebug (Thread[#43292,Execution worker Thread 30,5,main]) started.
[        ] > Task :quill_native_bridge_android:extractDeepLinksDebug UP-TO-DATE
[        ] Caching disabled for task ':quill_native_bridge_android:extractDeepLinksDebug' because:
[        ]   Build cache is disabled
[        ] Skipping task ':quill_native_bridge_android:extractDeepLinksDebug' as it is up-to-date.
[        ] work action resolve navigation.json (project :quill_native_bridge_android) (Thread[#43292,Execution worker Thread 30,5,main]) started.
[        ] Resolve mutations for :quill_native_bridge_android:processDebugManifest (Thread[#43292,Execution worker Thread 30,5,main]) started.
[        ] :quill_native_bridge_android:processDebugManifest (Thread[#43292,Execution worker Thread 30,5,main]) started.
[        ] > Task :quill_native_bridge_android:processDebugManifest UP-TO-DATE
[        ] Caching disabled for task ':quill_native_bridge_android:processDebugManifest' because:
[        ]   Build cache is disabled
[        ] Skipping task ':quill_native_bridge_android:processDebugManifest' as it is up-to-date.
[        ] work action resolve AndroidManifest.xml (project :quill_native_bridge_android) (Thread[#43292,Execution worker Thread 30,5,main]) started.
[        ] Resolve mutations for :shared_preferences_android:extractDeepLinksDebug (Thread[#43292,Execution worker Thread 30,5,main]) started.
[        ] :shared_preferences_android:extractDeepLinksDebug (Thread[#43292,Execution worker Thread 30,5,main]) started.
[        ] > Task :shared_preferences_android:extractDeepLinksDebug UP-TO-DATE
[        ] Caching disabled for task ':shared_preferences_android:extractDeepLinksDebug' because:
[        ]   Build cache is disabled
[        ] Skipping task ':shared_preferences_android:extractDeepLinksDebug' as it is up-to-date.
[        ] work action resolve navigation.json (project :shared_preferences_android) (Thread[#43292,Execution worker Thread 30,5,main]) started.
[        ] Resolve mutations for :shared_preferences_android:processDebugManifest (Thread[#43292,Execution worker Thread 30,5,main]) started.
[        ] :shared_preferences_android:processDebugManifest (Thread[#43292,Execution worker Thread 30,5,main]) started.
[        ] > Task :shared_preferences_android:processDebugManifest UP-TO-DATE
[        ] Caching disabled for task ':shared_preferences_android:processDebugManifest' because:
[        ]   Build cache is disabled
[        ] Skipping task ':shared_preferences_android:processDebugManifest' as it is up-to-date.
[        ] work action resolve AndroidManifest.xml (project :shared_preferences_android) (Thread[#43292,Execution worker Thread 30,5,main]) started.
[        ] Resolve mutations for :sqflite_android:extractDeepLinksDebug (Thread[#43292,Execution worker Thread 30,5,main]) started.
[        ] :sqflite_android:extractDeepLinksDebug (Thread[#43292,Execution worker Thread 30,5,main]) started.
[        ] > Task :sqflite_android:extractDeepLinksDebug UP-TO-DATE
[        ] Caching disabled for task ':sqflite_android:extractDeepLinksDebug' because:
[        ]   Build cache is disabled
[        ] Skipping task ':sqflite_android:extractDeepLinksDebug' as it is up-to-date.
[        ] work action resolve navigation.json (project :sqflite_android) (Thread[#43292,Execution worker Thread 30,5,main]) started.
[        ] Resolve mutations for :sqflite_android:processDebugManifest (Thread[#43292,Execution worker Thread 30,5,main]) started.
[        ] :sqflite_android:processDebugManifest (Thread[#43292,Execution worker Thread 30,5,main]) started.
[        ] > Task :sqflite_android:processDebugManifest UP-TO-DATE
[        ] Caching disabled for task ':sqflite_android:processDebugManifest' because:
[        ]   Build cache is disabled
[        ] Skipping task ':sqflite_android:processDebugManifest' as it is up-to-date.
[        ] work action resolve AndroidManifest.xml (project :sqflite_android) (Thread[#43292,Execution worker Thread 30,5,main]) started.
[        ] Resolve mutations for :url_launcher_android:extractDeepLinksDebug (Thread[#43292,Execution worker Thread 30,5,main]) started.
[        ] :url_launcher_android:extractDeepLinksDebug (Thread[#43292,Execution worker Thread 30,5,main]) started.
[        ] > Task :url_launcher_android:extractDeepLinksDebug UP-TO-DATE
[        ] Caching disabled for task ':url_launcher_android:extractDeepLinksDebug' because:
[        ]   Build cache is disabled
[        ] Skipping task ':url_launcher_android:extractDeepLinksDebug' as it is up-to-date.
[        ] work action resolve navigation.json (project :url_launcher_android) (Thread[#43292,Execution worker Thread 30,5,main]) started.
[        ] Resolve mutations for :url_launcher_android:processDebugManifest (Thread[#43292,Execution worker Thread 30,5,main]) started.
[        ] :url_launcher_android:processDebugManifest (Thread[#43292,Execution worker Thread 30,5,main]) started.
[        ] > Task :url_launcher_android:processDebugManifest UP-TO-DATE
[        ] Caching disabled for task ':url_launcher_android:processDebugManifest' because:
[        ]   Build cache is disabled
[        ] Skipping task ':url_launcher_android:processDebugManifest' as it is up-to-date.
[        ] work action resolve AndroidManifest.xml (project :url_launcher_android) (Thread[#43292,Execution worker Thread 30,5,main]) started.
[        ] Resolve mutations for :video_player_android:extractDeepLinksDebug (Thread[#43292,Execution worker Thread 30,5,main]) started.
[        ] :video_player_android:extractDeepLinksDebug (Thread[#43292,Execution worker Thread 30,5,main]) started.
[        ] > Task :video_player_android:extractDeepLinksDebug UP-TO-DATE
[        ] Caching disabled for task ':video_player_android:extractDeepLinksDebug' because:
[        ]   Build cache is disabled
[        ] Skipping task ':video_player_android:extractDeepLinksDebug' as it is up-to-date.
[        ] work action resolve navigation.json (project :video_player_android) (Thread[#43292,Execution worker Thread 30,5,main]) started.
[        ] Resolve mutations for :video_player_android:processDebugManifest (Thread[#43292,Execution worker Thread 30,5,main]) started.
[        ] :video_player_android:processDebugManifest (Thread[#43292,Execution worker Thread 30,5,main]) started.
[        ] > Task :video_player_android:processDebugManifest UP-TO-DATE
[        ] Caching disabled for task ':video_player_android:processDebugManifest' because:
[        ]   Build cache is disabled
[        ] Skipping task ':video_player_android:processDebugManifest' as it is up-to-date.
[        ] work action resolve AndroidManifest.xml (project :video_player_android) (Thread[#43292,Execution worker Thread 30,5,main]) started.
[        ] Resolve mutations for :app:processDebugMainManifest (Thread[#43292,Execution worker Thread 30,5,main]) started.
[        ] :app:processDebugMainManifest (Thread[#43292,Execution worker Thread 30,5,main]) started.
[        ] > Task :app:processDebugMainManifest UP-TO-DATE
[        ] Caching disabled for task ':app:processDebugMainManifest' because:
[        ]   Build cache is disabled
[        ] Skipping task ':app:processDebugMainManifest' as it is up-to-date.
[        ] Resolve mutations for :app:outputDebugAppLinkSettings (Thread[#43292,Execution worker Thread 30,5,main]) started.
[        ] :app:outputDebugAppLinkSettings (Thread[#43292,Execution worker Thread 30,5,main]) started.
[        ] > Task :app:outputDebugAppLinkSettings UP-TO-DATE
[        ] Caching disabled for task ':app:outputDebugAppLinkSettings' because:
[        ]   Build cache is disabled
[        ]   Caching has not been enabled for the task
[        ] Skipping task ':app:outputDebugAppLinkSettings' as it is up-to-date.
[        ] Resolve mutations for :app:processDebugManifest (Thread[#43292,Execution worker Thread 30,5,main]) started.
[        ] :app:processDebugManifest (Thread[#43292,Execution worker Thread 30,5,main]) started.
[        ] > Task :app:processDebugManifest UP-TO-DATE
[        ] Caching disabled for task ':app:processDebugManifest' because:
[        ]   Build cache is disabled
[        ] Skipping task ':app:processDebugManifest' as it is up-to-date.
[        ] Resolve mutations for :app:processDebugManifestForPackage (Thread[#43292,Execution worker Thread 30,5,main]) started.
[        ] :app:processDebugManifestForPackage (Thread[#43292,Execution worker Thread 30,5,main]) started.
[        ] > Task :app:processDebugManifestForPackage UP-TO-DATE
[        ] Custom actions are attached to task ':app:processDebugManifestForPackage'.
[        ] Caching disabled for task ':app:processDebugManifestForPackage' because:
[        ]   Build cache is disabled
[        ] Skipping task ':app:processDebugManifestForPackage' as it is up-to-date.
[        ] Resolve mutations for :connectivity_plus:compileDebugLibraryResources (Thread[#43292,Execution worker Thread 30,5,main]) started.
[        ] :connectivity_plus:compileDebugLibraryResources (Thread[#43292,Execution worker Thread 30,5,main]) started.
[        ] > Task :connectivity_plus:compileDebugLibraryResources UP-TO-DATE
[        ] Caching disabled for task ':connectivity_plus:compileDebugLibraryResources' because:
[        ]   Build cache is disabled
[        ] Skipping task ':connectivity_plus:compileDebugLibraryResources' as it is up-to-date.
[        ] work action resolve out (project :connectivity_plus) (Thread[#43292,Execution worker Thread 30,5,main]) started.
[        ] Resolve mutations for :connectivity_plus:parseDebugLocalResources (Thread[#43292,Execution worker Thread 30,5,main]) started.
[        ] :connectivity_plus:parseDebugLocalResources (Thread[#43292,Execution worker Thread 30,5,main]) started.
[        ] > Task :connectivity_plus:parseDebugLocalResources UP-TO-DATE
[        ] Caching disabled for task ':connectivity_plus:parseDebugLocalResources' because:
[        ]   Build cache is disabled
[        ] Skipping task ':connectivity_plus:parseDebugLocalResources' as it is up-to-date.
[        ] Resolve mutations for :connectivity_plus:generateDebugRFile (Thread[#43292,Execution worker Thread 30,5,main]) started.
[        ] :connectivity_plus:generateDebugRFile (Thread[#43292,Execution worker Thread 30,5,main]) started.
[        ] > Task :connectivity_plus:generateDebugRFile UP-TO-DATE
[        ] Caching disabled for task ':connectivity_plus:generateDebugRFile' because:
[        ]   Build cache is disabled
[        ] Skipping task ':connectivity_plus:generateDebugRFile' as it is up-to-date.
[        ] work action resolve package-aware-r.txt (project :connectivity_plus) (Thread[#43292,Execution worker Thread 30,5,main]) started.
[        ] Resolve mutations for :emoji_picker_flutter:compileDebugLibraryResources (Thread[#43292,Execution worker Thread 30,5,main]) started.
[        ] :emoji_picker_flutter:compileDebugLibraryResources (Thread[#43292,Execution worker Thread 30,5,main]) started.
[        ] > Task :emoji_picker_flutter:compileDebugLibraryResources UP-TO-DATE
[        ] Caching disabled for task ':emoji_picker_flutter:compileDebugLibraryResources' because:
[        ]   Build cache is disabled
[        ] Skipping task ':emoji_picker_flutter:compileDebugLibraryResources' as it is up-to-date.
[        ] work action resolve out (project :emoji_picker_flutter) (Thread[#43292,Execution worker Thread 30,5,main]) started.
[        ] Resolve mutations for :emoji_picker_flutter:parseDebugLocalResources (Thread[#43292,Execution worker Thread 30,5,main]) started.
[        ] :emoji_picker_flutter:parseDebugLocalResources (Thread[#43292,Execution worker Thread 30,5,main]) started.
[        ] > Task :emoji_picker_flutter:parseDebugLocalResources UP-TO-DATE
[        ] Caching disabled for task ':emoji_picker_flutter:parseDebugLocalResources' because:
[        ]   Build cache is disabled
[        ] Skipping task ':emoji_picker_flutter:parseDebugLocalResources' as it is up-to-date.
[        ] Resolve mutations for :emoji_picker_flutter:generateDebugRFile (Thread[#43292,Execution worker Thread 30,5,main]) started.
[        ] :emoji_picker_flutter:generateDebugRFile (Thread[#43292,Execution worker Thread 30,5,main]) started.
[        ] > Task :emoji_picker_flutter:generateDebugRFile UP-TO-DATE
[        ] Caching disabled for task ':emoji_picker_flutter:generateDebugRFile' because:
[        ]   Build cache is disabled
[        ] Skipping task ':emoji_picker_flutter:generateDebugRFile' as it is up-to-date.
[        ] work action resolve package-aware-r.txt (project :emoji_picker_flutter) (Thread[#43292,Execution worker Thread 30,5,main]) started.
[        ] Resolve mutations for :file_selector_android:compileDebugLibraryResources (Thread[#43292,Execution worker Thread 30,5,main]) started.
[        ] :file_selector_android:compileDebugLibraryResources (Thread[#43292,Execution worker Thread 30,5,main]) started.
[        ] > Task :file_selector_android:compileDebugLibraryResources UP-TO-DATE
[        ] Caching disabled for task ':file_selector_android:compileDebugLibraryResources' because:
[        ]   Build cache is disabled
[        ] Skipping task ':file_selector_android:compileDebugLibraryResources' as it is up-to-date.
[        ] work action resolve out (project :file_selector_android) (Thread[#43292,Execution worker Thread 30,5,main]) started.
[        ] Resolve mutations for :file_selector_android:parseDebugLocalResources (Thread[#43292,Execution worker Thread 30,5,main]) started.
[        ] :file_selector_android:parseDebugLocalResources (Thread[#43292,Execution worker Thread 30,5,main]) started.
[        ] > Task :file_selector_android:parseDebugLocalResources UP-TO-DATE
[        ] Caching disabled for task ':file_selector_android:parseDebugLocalResources' because:
[        ]   Build cache is disabled
[        ] Skipping task ':file_selector_android:parseDebugLocalResources' as it is up-to-date.
[        ] Resolve mutations for :file_selector_android:generateDebugRFile (Thread[#43292,Execution worker Thread 30,5,main]) started.
[        ] :file_selector_android:generateDebugRFile (Thread[#43292,Execution worker Thread 30,5,main]) started.
[        ] > Task :file_selector_android:generateDebugRFile UP-TO-DATE
[        ] Caching disabled for task ':file_selector_android:generateDebugRFile' because:
[        ]   Build cache is disabled
[        ] Skipping task ':file_selector_android:generateDebugRFile' as it is up-to-date.
[        ] work action resolve package-aware-r.txt (project :file_selector_android) (Thread[#43292,Execution worker Thread 30,5,main]) started.
[        ] Resolve mutations for :flutter_keyboard_visibility_temp_fork:compileDebugLibraryResources (Thread[#43292,Execution worker Thread 30,5,main]) started.
[        ] :flutter_keyboard_visibility_temp_fork:compileDebugLibraryResources (Thread[#43292,Execution worker Thread 30,5,main]) started.
[        ] > Task :flutter_keyboard_visibility_temp_fork:compileDebugLibraryResources UP-TO-DATE
[        ] Caching disabled for task ':flutter_keyboard_visibility_temp_fork:compileDebugLibraryResources' because:
[        ]   Build cache is disabled
[        ] Skipping task ':flutter_keyboard_visibility_temp_fork:compileDebugLibraryResources' as it is up-to-date.
[        ] work action resolve out (project :flutter_keyboard_visibility_temp_fork) (Thread[#43292,Execution worker Thread 30,5,main]) started.
[        ] Resolve mutations for :flutter_keyboard_visibility_temp_fork:parseDebugLocalResources (Thread[#43292,Execution worker Thread 30,5,main]) started.
[        ] :flutter_keyboard_visibility_temp_fork:parseDebugLocalResources (Thread[#43292,Execution worker Thread 30,5,main]) started.
[        ] > Task :flutter_keyboard_visibility_temp_fork:parseDebugLocalResources UP-TO-DATE
[        ] Caching disabled for task ':flutter_keyboard_visibility_temp_fork:parseDebugLocalResources' because:
[        ]   Build cache is disabled
[        ] Skipping task ':flutter_keyboard_visibility_temp_fork:parseDebugLocalResources' as it is up-to-date.
[        ] Resolve mutations for :flutter_keyboard_visibility_temp_fork:generateDebugRFile (Thread[#43292,Execution worker Thread 30,5,main]) started.
[        ] :flutter_keyboard_visibility_temp_fork:generateDebugRFile (Thread[#43292,Execution worker Thread 30,5,main]) started.
[        ] > Task :flutter_keyboard_visibility_temp_fork:generateDebugRFile UP-TO-DATE
[        ] Caching disabled for task ':flutter_keyboard_visibility_temp_fork:generateDebugRFile' because:
[        ]   Build cache is disabled
[        ] Skipping task ':flutter_keyboard_visibility_temp_fork:generateDebugRFile' as it is up-to-date.
[        ] work action resolve package-aware-r.txt (project :flutter_keyboard_visibility_temp_fork) (Thread[#43292,Execution worker Thread 30,5,main]) started.
[        ] Resolve mutations for :flutter_native_splash:compileDebugLibraryResources (Thread[#43292,Execution worker Thread 30,5,main]) started.
[        ] :flutter_native_splash:compileDebugLibraryResources (Thread[#43292,Execution worker Thread 30,5,main]) started.
[        ] > Task :flutter_native_splash:compileDebugLibraryResources UP-TO-DATE
[        ] Caching disabled for task ':flutter_native_splash:compileDebugLibraryResources' because:
[        ]   Build cache is disabled
[        ] Skipping task ':flutter_native_splash:compileDebugLibraryResources' as it is up-to-date.
[        ] work action resolve out (project :flutter_native_splash) (Thread[#43292,Execution worker Thread 30,5,main]) started.
[        ] Resolve mutations for :flutter_native_splash:parseDebugLocalResources (Thread[#43292,Execution worker Thread 30,5,main]) started.
[        ] :flutter_native_splash:parseDebugLocalResources (Thread[#43292,Execution worker Thread 30,5,main]) started.
[        ] > Task :flutter_native_splash:parseDebugLocalResources UP-TO-DATE
[        ] Caching disabled for task ':flutter_native_splash:parseDebugLocalResources' because:
[        ]   Build cache is disabled
[        ] Skipping task ':flutter_native_splash:parseDebugLocalResources' as it is up-to-date.
[        ] Resolve mutations for :flutter_native_splash:generateDebugRFile (Thread[#43292,Execution worker Thread 30,5,main]) started.
[        ] :flutter_native_splash:generateDebugRFile (Thread[#43292,Execution worker Thread 30,5,main]) started.
[        ] > Task :flutter_native_splash:generateDebugRFile UP-TO-DATE
[        ] Caching disabled for task ':flutter_native_splash:generateDebugRFile' because:
[        ]   Build cache is disabled
[        ] Skipping task ':flutter_native_splash:generateDebugRFile' as it is up-to-date.
[        ] work action resolve package-aware-r.txt (project :flutter_native_splash) (Thread[#43292,Execution worker Thread 30,5,main]) started.
[        ] Resolve mutations for :flutter_olm:compileDebugLibraryResources (Thread[#43292,Execution worker Thread 30,5,main]) started.
[        ] :flutter_olm:compileDebugLibraryResources (Thread[#43292,Execution worker Thread 30,5,main]) started.
[        ] > Task :flutter_olm:compileDebugLibraryResources UP-TO-DATE
[        ] Caching disabled for task ':flutter_olm:compileDebugLibraryResources' because:
[        ]   Build cache is disabled
[        ] Skipping task ':flutter_olm:compileDebugLibraryResources' as it is up-to-date.
[        ] work action resolve out (project :flutter_olm) (Thread[#43292,Execution worker Thread 30,5,main]) started.
[        ] Resolve mutations for :flutter_olm:parseDebugLocalResources (Thread[#43292,Execution worker Thread 30,5,main]) started.
[        ] :flutter_olm:parseDebugLocalResources (Thread[#43292,Execution worker Thread 30,5,main]) started.
[        ] > Task :flutter_olm:parseDebugLocalResources UP-TO-DATE
[        ] Caching disabled for task ':flutter_olm:parseDebugLocalResources' because:
[        ]   Build cache is disabled
[        ] Skipping task ':flutter_olm:parseDebugLocalResources' as it is up-to-date.
[        ] Resolve mutations for :flutter_olm:generateDebugRFile (Thread[#43292,Execution worker Thread 30,5,main]) started.
[        ] :flutter_olm:generateDebugRFile (Thread[#43292,Execution worker Thread 30,5,main]) started.
[        ] > Task :flutter_olm:generateDebugRFile UP-TO-DATE
[        ] Caching disabled for task ':flutter_olm:generateDebugRFile' because:
[        ]   Build cache is disabled
[        ] Skipping task ':flutter_olm:generateDebugRFile' as it is up-to-date.
[        ] work action resolve package-aware-r.txt (project :flutter_olm) (Thread[#43292,Execution worker Thread 30,5,main]) started.
[        ] Resolve mutations for :flutter_openssl_crypto:compileDebugLibraryResources (Thread[#43292,Execution worker Thread 30,5,main]) started.
[        ] :flutter_openssl_crypto:compileDebugLibraryResources (Thread[#43292,Execution worker Thread 30,5,main]) started.
[        ] > Task :flutter_openssl_crypto:compileDebugLibraryResources UP-TO-DATE
[        ] Caching disabled for task ':flutter_openssl_crypto:compileDebugLibraryResources' because:
[        ]   Build cache is disabled
[        ] Skipping task ':flutter_openssl_crypto:compileDebugLibraryResources' as it is up-to-date.
[        ] work action resolve out (project :flutter_openssl_crypto) (Thread[#43292,Execution worker Thread 30,5,main]) started.
[        ] Resolve mutations for :flutter_openssl_crypto:parseDebugLocalResources (Thread[#43292,Execution worker Thread 30,5,main]) started.
[        ] :flutter_openssl_crypto:parseDebugLocalResources (Thread[#43292,Execution worker Thread 30,5,main]) started.
[        ] > Task :flutter_openssl_crypto:parseDebugLocalResources UP-TO-DATE
[        ] Caching disabled for task ':flutter_openssl_crypto:parseDebugLocalResources' because:
[        ]   Build cache is disabled
[        ] Skipping task ':flutter_openssl_crypto:parseDebugLocalResources' as it is up-to-date.
[        ] Resolve mutations for :flutter_openssl_crypto:generateDebugRFile (Thread[#43292,Execution worker Thread 30,5,main]) started.
[        ] :flutter_openssl_crypto:generateDebugRFile (Thread[#43292,Execution worker Thread 30,5,main]) started.
[        ] > Task :flutter_openssl_crypto:generateDebugRFile UP-TO-DATE
[        ] Caching disabled for task ':flutter_openssl_crypto:generateDebugRFile' because:
[        ]   Build cache is disabled
[        ] Skipping task ':flutter_openssl_crypto:generateDebugRFile' as it is up-to-date.
[        ] work action resolve package-aware-r.txt (project :flutter_openssl_crypto) (Thread[#43292,Execution worker Thread 30,5,main]) started.
[        ] Resolve mutations for :integration_test:compileDebugLibraryResources (Thread[#43292,Execution worker Thread 30,5,main]) started.
[        ] :integration_test:compileDebugLibraryResources (Thread[#43292,Execution worker Thread 30,5,main]) started.
[        ] > Task :integration_test:compileDebugLibraryResources UP-TO-DATE
[        ] Caching disabled for task ':integration_test:compileDebugLibraryResources' because:
[        ]   Build cache is disabled
[        ] Skipping task ':integration_test:compileDebugLibraryResources' as it is up-to-date.
[        ] work action resolve out (project :integration_test) (Thread[#43292,Execution worker Thread 30,5,main]) started.
[        ] Resolve mutations for :integration_test:parseDebugLocalResources (Thread[#43292,Execution worker Thread 30,5,main]) started.
[        ] :integration_test:parseDebugLocalResources (Thread[#43292,Execution worker Thread 30,5,main]) started.
[        ] > Task :integration_test:parseDebugLocalResources UP-TO-DATE
[        ] Caching disabled for task ':integration_test:parseDebugLocalResources' because:
[        ]   Build cache is disabled
[        ] Skipping task ':integration_test:parseDebugLocalResources' as it is up-to-date.
[        ] Resolve mutations for :integration_test:generateDebugRFile (Thread[#43292,Execution worker Thread 30,5,main]) started.
[        ] :integration_test:generateDebugRFile (Thread[#43292,Execution worker Thread 30,5,main]) started.
[        ] > Task :integration_test:generateDebugRFile UP-TO-DATE
[        ] Caching disabled for task ':integration_test:generateDebugRFile' because:
[        ]   Build cache is disabled
[        ] Skipping task ':integration_test:generateDebugRFile' as it is up-to-date.
[        ] work action resolve package-aware-r.txt (project :integration_test) (Thread[#43292,Execution worker Thread 30,5,main]) started.
[        ] Resolve mutations for :path_provider_android:compileDebugLibraryResources (Thread[#43292,Execution worker Thread 30,5,main]) started.
[        ] :path_provider_android:compileDebugLibraryResources (Thread[#43292,Execution worker Thread 30,5,main]) started.
[        ] > Task :path_provider_android:compileDebugLibraryResources UP-TO-DATE
[        ] Caching disabled for task ':path_provider_android:compileDebugLibraryResources' because:
[        ]   Build cache is disabled
[        ] Skipping task ':path_provider_android:compileDebugLibraryResources' as it is up-to-date.
[        ] work action resolve out (project :path_provider_android) (Thread[#43292,Execution worker Thread 30,5,main]) started.
[        ] Resolve mutations for :path_provider_android:parseDebugLocalResources (Thread[#43292,Execution worker Thread 30,5,main]) started.
[        ] :path_provider_android:parseDebugLocalResources (Thread[#43292,Execution worker Thread 30,5,main]) started.
[        ] > Task :path_provider_android:parseDebugLocalResources UP-TO-DATE
[        ] Caching disabled for task ':path_provider_android:parseDebugLocalResources' because:
[        ]   Build cache is disabled
[        ] Skipping task ':path_provider_android:parseDebugLocalResources' as it is up-to-date.
[        ] Resolve mutations for :path_provider_android:generateDebugRFile (Thread[#43292,Execution worker Thread 30,5,main]) started.
[        ] :path_provider_android:generateDebugRFile (Thread[#43292,Execution worker Thread 30,5,main]) started.
[        ] > Task :path_provider_android:generateDebugRFile UP-TO-DATE
[        ] Caching disabled for task ':path_provider_android:generateDebugRFile' because:
[        ]   Build cache is disabled
[        ] Skipping task ':path_provider_android:generateDebugRFile' as it is up-to-date.
[        ] work action resolve package-aware-r.txt (project :path_provider_android) (Thread[#43292,Execution worker Thread 30,5,main]) started.
[        ] Resolve mutations for :quill_native_bridge_android:compileDebugLibraryResources (Thread[#43292,Execution worker Thread 30,5,main]) started.
[        ] :quill_native_bridge_android:compileDebugLibraryResources (Thread[#43292,Execution worker Thread 30,5,main]) started.
[        ] > Task :quill_native_bridge_android:compileDebugLibraryResources UP-TO-DATE
[        ] Caching disabled for task ':quill_native_bridge_android:compileDebugLibraryResources' because:
[        ]   Build cache is disabled
[        ] Skipping task ':quill_native_bridge_android:compileDebugLibraryResources' as it is up-to-date.
[        ] work action resolve out (project :quill_native_bridge_android) (Thread[#43292,Execution worker Thread 30,5,main]) started.
[        ] Resolve mutations for :quill_native_bridge_android:parseDebugLocalResources (Thread[#43292,Execution worker Thread 30,5,main]) started.
[        ] :quill_native_bridge_android:parseDebugLocalResources (Thread[#43292,Execution worker Thread 30,5,main]) started.
[        ] > Task :quill_native_bridge_android:parseDebugLocalResources UP-TO-DATE
[        ] Caching disabled for task ':quill_native_bridge_android:parseDebugLocalResources' because:
[        ]   Build cache is disabled
[        ] Skipping task ':quill_native_bridge_android:parseDebugLocalResources' as it is up-to-date.
[        ] Resolve mutations for :quill_native_bridge_android:generateDebugRFile (Thread[#43292,Execution worker Thread 30,5,main]) started.
[        ] :quill_native_bridge_android:generateDebugRFile (Thread[#43292,Execution worker Thread 30,5,main]) started.
[        ] > Task :quill_native_bridge_android:generateDebugRFile UP-TO-DATE
[        ] Caching disabled for task ':quill_native_bridge_android:generateDebugRFile' because:
[        ]   Build cache is disabled
[        ] Skipping task ':quill_native_bridge_android:generateDebugRFile' as it is up-to-date.
[        ] work action resolve package-aware-r.txt (project :quill_native_bridge_android) (Thread[#43292,Execution worker Thread 30,5,main]) started.
[        ] Resolve mutations for :shared_preferences_android:compileDebugLibraryResources (Thread[#43292,Execution worker Thread 30,5,main]) started.
[        ] :shared_preferences_android:compileDebugLibraryResources (Thread[#43292,Execution worker Thread 30,5,main]) started.
[        ] > Task :shared_preferences_android:compileDebugLibraryResources UP-TO-DATE
[        ] Caching disabled for task ':shared_preferences_android:compileDebugLibraryResources' because:
[        ]   Build cache is disabled
[        ] Skipping task ':shared_preferences_android:compileDebugLibraryResources' as it is up-to-date.
[        ] work action resolve out (project :shared_preferences_android) (Thread[#43292,Execution worker Thread 30,5,main]) started.
[        ] Resolve mutations for :shared_preferences_android:parseDebugLocalResources (Thread[#43292,Execution worker Thread 30,5,main]) started.
[        ] :shared_preferences_android:parseDebugLocalResources (Thread[#43292,Execution worker Thread 30,5,main]) started.
[        ] > Task :shared_preferences_android:parseDebugLocalResources UP-TO-DATE
[        ] Caching disabled for task ':shared_preferences_android:parseDebugLocalResources' because:
[        ]   Build cache is disabled
[        ] Skipping task ':shared_preferences_android:parseDebugLocalResources' as it is up-to-date.
[        ] Resolve mutations for :shared_preferences_android:generateDebugRFile (Thread[#43292,Execution worker Thread 30,5,main]) started.
[        ] :shared_preferences_android:generateDebugRFile (Thread[#43292,Execution worker Thread 30,5,main]) started.
[        ] > Task :shared_preferences_android:generateDebugRFile UP-TO-DATE
[        ] Caching disabled for task ':shared_preferences_android:generateDebugRFile' because:
[        ]   Build cache is disabled
[        ] Skipping task ':shared_preferences_android:generateDebugRFile' as it is up-to-date.
[        ] work action resolve package-aware-r.txt (project :shared_preferences_android) (Thread[#43292,Execution worker Thread 30,5,main]) started.
[        ] Resolve mutations for :sqflite_android:compileDebugLibraryResources (Thread[#43292,Execution worker Thread 30,5,main]) started.
[        ] :sqflite_android:compileDebugLibraryResources (Thread[#43292,Execution worker Thread 30,5,main]) started.
[        ] > Task :sqflite_android:compileDebugLibraryResources UP-TO-DATE
[        ] Caching disabled for task ':sqflite_android:compileDebugLibraryResources' because:
[        ]   Build cache is disabled
[        ] Skipping task ':sqflite_android:compileDebugLibraryResources' as it is up-to-date.
[        ] work action resolve out (project :sqflite_android) (Thread[#43292,Execution worker Thread 30,5,main]) started.
[        ] Resolve mutations for :sqflite_android:parseDebugLocalResources (Thread[#43292,Execution worker Thread 30,5,main]) started.
[        ] :sqflite_android:parseDebugLocalResources (Thread[#43292,Execution worker Thread 30,5,main]) started.
[        ] > Task :sqflite_android:parseDebugLocalResources UP-TO-DATE
[        ] Caching disabled for task ':sqflite_android:parseDebugLocalResources' because:
[        ]   Build cache is disabled
[        ] Skipping task ':sqflite_android:parseDebugLocalResources' as it is up-to-date.
[        ] Resolve mutations for :sqflite_android:generateDebugRFile (Thread[#43292,Execution worker Thread 30,5,main]) started.
[        ] :sqflite_android:generateDebugRFile (Thread[#43292,Execution worker Thread 30,5,main]) started.
[        ] > Task :sqflite_android:generateDebugRFile UP-TO-DATE
[        ] Caching disabled for task ':sqflite_android:generateDebugRFile' because:
[        ]   Build cache is disabled
[        ] Skipping task ':sqflite_android:generateDebugRFile' as it is up-to-date.
[        ] work action resolve package-aware-r.txt (project :sqflite_android) (Thread[#43292,Execution worker Thread 30,5,main]) started.
[        ] Resolve mutations for :url_launcher_android:compileDebugLibraryResources (Thread[#43292,Execution worker Thread 30,5,main]) started.
[        ] :url_launcher_android:compileDebugLibraryResources (Thread[#43292,Execution worker Thread 30,5,main]) started.
[        ] > Task :url_launcher_android:compileDebugLibraryResources UP-TO-DATE
[        ] Caching disabled for task ':url_launcher_android:compileDebugLibraryResources' because:
[        ]   Build cache is disabled
[        ] Skipping task ':url_launcher_android:compileDebugLibraryResources' as it is up-to-date.
[        ] work action resolve out (project :url_launcher_android) (Thread[#43292,Execution worker Thread 30,5,main]) started.
[        ] Resolve mutations for :url_launcher_android:parseDebugLocalResources (Thread[#43292,Execution worker Thread 30,5,main]) started.
[        ] :url_launcher_android:parseDebugLocalResources (Thread[#43292,Execution worker Thread 30,5,main]) started.
[        ] > Task :url_launcher_android:parseDebugLocalResources UP-TO-DATE
[        ] Caching disabled for task ':url_launcher_android:parseDebugLocalResources' because:
[        ]   Build cache is disabled
[        ] Skipping task ':url_launcher_android:parseDebugLocalResources' as it is up-to-date.
[        ] Resolve mutations for :url_launcher_android:generateDebugRFile (Thread[#43292,Execution worker Thread 30,5,main]) started.
[        ] :url_launcher_android:generateDebugRFile (Thread[#43292,Execution worker Thread 30,5,main]) started.
[        ] > Task :url_launcher_android:generateDebugRFile UP-TO-DATE
[        ] Caching disabled for task ':url_launcher_android:generateDebugRFile' because:
[        ]   Build cache is disabled
[        ] Skipping task ':url_launcher_android:generateDebugRFile' as it is up-to-date.
[        ] work action resolve package-aware-r.txt (project :url_launcher_android) (Thread[#43292,Execution worker Thread 30,5,main]) started.
[        ] Resolve mutations for :video_player_android:compileDebugLibraryResources (Thread[#43292,Execution worker Thread 30,5,main]) started.
[        ] :video_player_android:compileDebugLibraryResources (Thread[#43292,Execution worker Thread 30,5,main]) started.
[        ] > Task :video_player_android:compileDebugLibraryResources UP-TO-DATE
[        ] Caching disabled for task ':video_player_android:compileDebugLibraryResources' because:
[        ]   Build cache is disabled
[        ] Skipping task ':video_player_android:compileDebugLibraryResources' as it is up-to-date.
[        ] work action resolve out (project :video_player_android) (Thread[#43292,Execution worker Thread 30,5,main]) started.
[        ] Resolve mutations for :video_player_android:parseDebugLocalResources (Thread[#43292,Execution worker Thread 30,5,main]) started.
[        ] :video_player_android:parseDebugLocalResources (Thread[#43292,Execution worker Thread 30,5,main]) started.
[        ] > Task :video_player_android:parseDebugLocalResources UP-TO-DATE
[        ] Caching disabled for task ':video_player_android:parseDebugLocalResources' because:
[        ]   Build cache is disabled
[        ] Skipping task ':video_player_android:parseDebugLocalResources' as it is up-to-date.
[        ] Resolve mutations for :video_player_android:generateDebugRFile (Thread[#43292,Execution worker Thread 30,5,main]) started.
[        ] :video_player_android:generateDebugRFile (Thread[#43292,Execution worker Thread 30,5,main]) started.
[        ] > Task :video_player_android:generateDebugRFile UP-TO-DATE
[        ] Caching disabled for task ':video_player_android:generateDebugRFile' because:
[        ]   Build cache is disabled
[        ] Skipping task ':video_player_android:generateDebugRFile' as it is up-to-date.
[        ] work action resolve package-aware-r.txt (project :video_player_android) (Thread[#43292,Execution worker Thread 30,5,main]) started.
[        ] Resolve mutations for :app:processDebugResources (Thread[#43292,Execution worker Thread 30,5,main]) started.
[        ] :app:processDebugResources (Thread[#43292,Execution worker Thread 30,5,main]) started.
[        ] > Task :app:processDebugResources UP-TO-DATE
[        ] Caching disabled for task ':app:processDebugResources' because:
[        ]   Build cache is disabled
[        ] Skipping task ':app:processDebugResources' as it is up-to-date.
[        ] Resolve mutations for :connectivity_plus:javaPreCompileDebug (Thread[#43292,Execution worker Thread 30,5,main]) started.
[        ] :connectivity_plus:javaPreCompileDebug (Thread[#43292,Execution worker Thread 30,5,main]) started.
[        ] > Task :connectivity_plus:javaPreCompileDebug UP-TO-DATE
[        ] Caching disabled for task ':connectivity_plus:javaPreCompileDebug' because:
[        ]   Build cache is disabled
[        ] Skipping task ':connectivity_plus:javaPreCompileDebug' as it is up-to-date.
[        ] Resolve mutations for :connectivity_plus:compileDebugJavaWithJavac (Thread[#43292,Execution worker Thread 30,5,main]) started.
[        ] :connectivity_plus:compileDebugJavaWithJavac (Thread[#43292,Execution worker Thread 30,5,main]) started.
[        ] > Task :connectivity_plus:compileDebugJavaWithJavac UP-TO-DATE
[        ] Custom actions are attached to task ':connectivity_plus:compileDebugJavaWithJavac'.
[        ] Caching disabled for task ':connectivity_plus:compileDebugJavaWithJavac' because:
[        ]   Build cache is disabled
[        ] Skipping task ':connectivity_plus:compileDebugJavaWithJavac' as it is up-to-date.
[        ] No compile result for :connectivity_plus:compileDebugJavaWithJavac
[        ] No compile result for :connectivity_plus:compileDebugJavaWithJavac
[        ] Resolve mutations for :connectivity_plus:bundleLibCompileToJarDebug (Thread[#43292,Execution worker Thread 30,5,main]) started.
[        ] :connectivity_plus:bundleLibCompileToJarDebug (Thread[#43271,Execution worker Thread 9,5,main]) started.
[        ] > Task :connectivity_plus:bundleLibCompileToJarDebug UP-TO-DATE
[        ] Caching disabled for task ':connectivity_plus:bundleLibCompileToJarDebug' because:
[        ]   Build cache is disabled
[        ]   Simple merging task
[        ] Skipping task ':connectivity_plus:bundleLibCompileToJarDebug' as it is up-to-date.
[        ] work action resolve classes.jar (project :connectivity_plus) (Thread[#43271,Execution worker Thread 9,5,main]) started.
[        ] Resolve mutations for :emoji_picker_flutter:checkKotlinGradlePluginConfigurationErrors (Thread[#43271,Execution worker Thread 9,5,main]) started.
[        ] :emoji_picker_flutter:checkKotlinGradlePluginConfigurationErrors (Thread[#43271,Execution worker Thread 9,5,main]) started.
[        ] > Task :emoji_picker_flutter:checkKotlinGradlePluginConfigurationErrors SKIPPED
[        ] Skipping task ':emoji_picker_flutter:checkKotlinGradlePluginConfigurationErrors' as task onlyIf 'errorDiagnostics are present' is false.
[        ] Resolve mutations for :emoji_picker_flutter:compileDebugKotlin (Thread[#43267,Execution worker Thread 6,5,main]) started.
[        ] :emoji_picker_flutter:compileDebugKotlin (Thread[#43267,Execution worker Thread 6,5,main]) started.
[        ] > Task :emoji_picker_flutter:compileDebugKotlin UP-TO-DATE
[        ] Adding -Xuse-inline-scopes-numbers Kotlin compiler flag for task :emoji_picker_flutter:compileDebugAndroidTestKotlin
[        ] Caching disabled for task ':emoji_picker_flutter:compileDebugKotlin' because:
[        ]   Build cache is disabled
[        ] Skipping task ':emoji_picker_flutter:compileDebugKotlin' as it is up-to-date.
[        ] Resolve mutations for :emoji_picker_flutter:javaPreCompileDebug (Thread[#43267,Execution worker Thread 6,5,main]) started.
[        ] :emoji_picker_flutter:javaPreCompileDebug (Thread[#43267,Execution worker Thread 6,5,main]) started.
[        ] > Task :emoji_picker_flutter:javaPreCompileDebug UP-TO-DATE
[        ] Caching disabled for task ':emoji_picker_flutter:javaPreCompileDebug' because:
[        ]   Build cache is disabled
[        ] Skipping task ':emoji_picker_flutter:javaPreCompileDebug' as it is up-to-date.
[        ] Resolve mutations for :emoji_picker_flutter:compileDebugJavaWithJavac (Thread[#43267,Execution worker Thread 6,5,main]) started.
[        ] :emoji_picker_flutter:compileDebugJavaWithJavac (Thread[#43267,Execution worker Thread 6,5,main]) started.
[        ] > Task :emoji_picker_flutter:compileDebugJavaWithJavac NO-SOURCE
[        ] Skipping task ':emoji_picker_flutter:compileDebugJavaWithJavac' as it has no source files and no previous output files.
[        ] Resolve mutations for :emoji_picker_flutter:bundleLibCompileToJarDebug (Thread[#43267,Execution worker Thread 6,5,main]) started.
[        ] :emoji_picker_flutter:bundleLibCompileToJarDebug (Thread[#43272,Execution worker Thread 10,5,main]) started.
[        ] > Task :emoji_picker_flutter:bundleLibCompileToJarDebug UP-TO-DATE
[        ] Caching disabled for task ':emoji_picker_flutter:bundleLibCompileToJarDebug' because:
[        ]   Build cache is disabled
[        ]   Simple merging task
[        ] Skipping task ':emoji_picker_flutter:bundleLibCompileToJarDebug' as it is up-to-date.
[        ] work action resolve classes.jar (project :emoji_picker_flutter) (Thread[#43272,Execution worker Thread 10,5,main]) started.
[        ] Resolve mutations for :file_selector_android:javaPreCompileDebug (Thread[#43272,Execution worker Thread 10,5,main]) started.
[        ] :file_selector_android:javaPreCompileDebug (Thread[#43272,Execution worker Thread 10,5,main]) started.
[        ] > Task :file_selector_android:javaPreCompileDebug UP-TO-DATE
[        ] Caching disabled for task ':file_selector_android:javaPreCompileDebug' because:
[        ]   Build cache is disabled
[        ] Skipping task ':file_selector_android:javaPreCompileDebug' as it is up-to-date.
[        ] Resolve mutations for :file_selector_android:compileDebugJavaWithJavac (Thread[#43272,Execution worker Thread 10,5,main]) started.
[        ] :file_selector_android:compileDebugJavaWithJavac (Thread[#43272,Execution worker Thread 10,5,main]) started.
[        ] > Task :file_selector_android:compileDebugJavaWithJavac UP-TO-DATE
[        ] Custom actions are attached to task ':file_selector_android:compileDebugJavaWithJavac'.
[        ] Caching disabled for task ':file_selector_android:compileDebugJavaWithJavac' because:
[        ]   Build cache is disabled
[        ] Skipping task ':file_selector_android:compileDebugJavaWithJavac' as it is up-to-date.
[        ] No compile result for :file_selector_android:compileDebugJavaWithJavac
[        ] No compile result for :file_selector_android:compileDebugJavaWithJavac
[        ] Resolve mutations for :file_selector_android:bundleLibCompileToJarDebug (Thread[#43272,Execution worker Thread 10,5,main]) started.
[        ] :file_selector_android:bundleLibCompileToJarDebug (Thread[#43272,Execution worker Thread 10,5,main]) started.
[        ] > Task :file_selector_android:bundleLibCompileToJarDebug UP-TO-DATE
[        ] Caching disabled for task ':file_selector_android:bundleLibCompileToJarDebug' because:
[        ]   Build cache is disabled
[        ]   Simple merging task
[        ] Skipping task ':file_selector_android:bundleLibCompileToJarDebug' as it is up-to-date.
[        ] work action resolve classes.jar (project :file_selector_android) (Thread[#43272,Execution worker Thread 10,5,main]) started.
[        ] Resolve mutations for :flutter_keyboard_visibility_temp_fork:javaPreCompileDebug (Thread[#43272,Execution worker Thread 10,5,main]) started.
[        ] :flutter_keyboard_visibility_temp_fork:javaPreCompileDebug (Thread[#43272,Execution worker Thread 10,5,main]) started.
[        ] > Task :flutter_keyboard_visibility_temp_fork:javaPreCompileDebug UP-TO-DATE
[        ] Caching disabled for task ':flutter_keyboard_visibility_temp_fork:javaPreCompileDebug' because:
[        ]   Build cache is disabled
[        ] Skipping task ':flutter_keyboard_visibility_temp_fork:javaPreCompileDebug' as it is up-to-date.
[        ] Resolve mutations for :flutter_keyboard_visibility_temp_fork:compileDebugJavaWithJavac (Thread[#43272,Execution worker Thread 10,5,main]) started.
[        ] :flutter_keyboard_visibility_temp_fork:compileDebugJavaWithJavac (Thread[#43272,Execution worker Thread 10,5,main]) started.
[  +84 ms] > Task :flutter_keyboard_visibility_temp_fork:compileDebugJavaWithJavac UP-TO-DATE
[        ] Custom actions are attached to task ':flutter_keyboard_visibility_temp_fork:compileDebugJavaWithJavac'.
[        ] Caching disabled for task ':flutter_keyboard_visibility_temp_fork:compileDebugJavaWithJavac' because:
[        ]   Build cache is disabled
[        ] Skipping task ':flutter_keyboard_visibility_temp_fork:compileDebugJavaWithJavac' as it is up-to-date.
[        ] No compile result for :flutter_keyboard_visibility_temp_fork:compileDebugJavaWithJavac
[        ] No compile result for :flutter_keyboard_visibility_temp_fork:compileDebugJavaWithJavac
[        ] Resolve mutations for :flutter_keyboard_visibility_temp_fork:bundleLibCompileToJarDebug (Thread[#43272,Execution worker Thread 10,5,main]) started.
[        ] :flutter_keyboard_visibility_temp_fork:bundleLibCompileToJarDebug (Thread[#43275,Execution worker Thread 13,5,main]) started.
[        ] > Task :flutter_keyboard_visibility_temp_fork:bundleLibCompileToJarDebug UP-TO-DATE
[        ] Caching disabled for task ':flutter_keyboard_visibility_temp_fork:bundleLibCompileToJarDebug' because:
[        ]   Build cache is disabled
[        ]   Simple merging task
[        ] Skipping task ':flutter_keyboard_visibility_temp_fork:bundleLibCompileToJarDebug' as it is up-to-date.
[        ] work action resolve classes.jar (project :flutter_keyboard_visibility_temp_fork) (Thread[#43275,Execution worker Thread 13,5,main]) started.
[        ] Resolve mutations for :flutter_native_splash:javaPreCompileDebug (Thread[#43275,Execution worker Thread 13,5,main]) started.
[        ] :flutter_native_splash:javaPreCompileDebug (Thread[#43275,Execution worker Thread 13,5,main]) started.
[        ] > Task :flutter_native_splash:javaPreCompileDebug UP-TO-DATE
[        ] Caching disabled for task ':flutter_native_splash:javaPreCompileDebug' because:
[        ]   Build cache is disabled
[        ] Skipping task ':flutter_native_splash:javaPreCompileDebug' as it is up-to-date.
[        ] Resolve mutations for :flutter_native_splash:compileDebugJavaWithJavac (Thread[#43275,Execution worker Thread 13,5,main]) started.
[        ] :flutter_native_splash:compileDebugJavaWithJavac (Thread[#43275,Execution worker Thread 13,5,main]) started.
[        ] > Task :flutter_native_splash:compileDebugJavaWithJavac UP-TO-DATE
[        ] Custom actions are attached to task ':flutter_native_splash:compileDebugJavaWithJavac'.
[        ] Caching disabled for task ':flutter_native_splash:compileDebugJavaWithJavac' because:
[        ]   Build cache is disabled
[        ] Skipping task ':flutter_native_splash:compileDebugJavaWithJavac' as it is up-to-date.
[        ] No compile result for :flutter_native_splash:compileDebugJavaWithJavac
[        ] No compile result for :flutter_native_splash:compileDebugJavaWithJavac
[        ] Resolve mutations for :flutter_native_splash:bundleLibCompileToJarDebug (Thread[#43275,Execution worker Thread 13,5,main]) started.
[        ] :flutter_native_splash:bundleLibCompileToJarDebug (Thread[#43272,Execution worker Thread 10,5,main]) started.
[        ] > Task :flutter_native_splash:bundleLibCompileToJarDebug UP-TO-DATE
[        ] Caching disabled for task ':flutter_native_splash:bundleLibCompileToJarDebug' because:
[        ]   Build cache is disabled
[        ]   Simple merging task
[        ] Skipping task ':flutter_native_splash:bundleLibCompileToJarDebug' as it is up-to-date.
[        ] work action resolve classes.jar (project :flutter_native_splash) (Thread[#43272,Execution worker Thread 10,5,main]) started.
[        ] Resolve mutations for :flutter_olm:checkKotlinGradlePluginConfigurationErrors (Thread[#43272,Execution worker Thread 10,5,main]) started.
[        ] :flutter_olm:checkKotlinGradlePluginConfigurationErrors (Thread[#43272,Execution worker Thread 10,5,main]) started.
[        ] > Task :flutter_olm:checkKotlinGradlePluginConfigurationErrors SKIPPED
[        ] Skipping task ':flutter_olm:checkKotlinGradlePluginConfigurationErrors' as task onlyIf 'errorDiagnostics are present' is false.
[        ] Resolve mutations for :flutter_olm:compileDebugKotlin (Thread[#43272,Execution worker Thread 10,5,main]) started.
[        ] :flutter_olm:compileDebugKotlin (Thread[#43272,Execution worker Thread 10,5,main]) started.
[        ] > Task :flutter_olm:compileDebugKotlin UP-TO-DATE
[        ] Adding -Xuse-inline-scopes-numbers Kotlin compiler flag for task :flutter_olm:compileDebugAndroidTestKotlin
[        ] Caching disabled for task ':flutter_olm:compileDebugKotlin' because:
[        ]   Build cache is disabled
[        ] Skipping task ':flutter_olm:compileDebugKotlin' as it is up-to-date.
[        ] Resolve mutations for :flutter_olm:javaPreCompileDebug (Thread[#43272,Execution worker Thread 10,5,main]) started.
[        ] :flutter_olm:javaPreCompileDebug (Thread[#43272,Execution worker Thread 10,5,main]) started.
[        ] > Task :flutter_olm:javaPreCompileDebug UP-TO-DATE
[        ] Caching disabled for task ':flutter_olm:javaPreCompileDebug' because:
[        ]   Build cache is disabled
[        ] Skipping task ':flutter_olm:javaPreCompileDebug' as it is up-to-date.
[        ] Resolve mutations for :flutter_olm:compileDebugJavaWithJavac (Thread[#43272,Execution worker Thread 10,5,main]) started.
[        ] :flutter_olm:compileDebugJavaWithJavac (Thread[#43272,Execution worker Thread 10,5,main]) started.
[        ] > Task :flutter_olm:compileDebugJavaWithJavac NO-SOURCE
[        ] Skipping task ':flutter_olm:compileDebugJavaWithJavac' as it has no source files and no previous output files.
[        ] Resolve mutations for :flutter_olm:bundleLibCompileToJarDebug (Thread[#43272,Execution worker Thread 10,5,main]) started.
[        ] :flutter_olm:bundleLibCompileToJarDebug (Thread[#43272,Execution worker Thread 10,5,main]) started.
[        ] > Task :flutter_olm:bundleLibCompileToJarDebug UP-TO-DATE
[        ] Caching disabled for task ':flutter_olm:bundleLibCompileToJarDebug' because:
[        ]   Build cache is disabled
[        ]   Simple merging task
[        ] Skipping task ':flutter_olm:bundleLibCompileToJarDebug' as it is up-to-date.
[        ] work action resolve classes.jar (project :flutter_olm) (Thread[#43272,Execution worker Thread 10,5,main]) started.
[        ] Resolve mutations for :flutter_openssl_crypto:checkKotlinGradlePluginConfigurationErrors (Thread[#43272,Execution worker Thread 10,5,main]) started.
[        ] :flutter_openssl_crypto:checkKotlinGradlePluginConfigurationErrors (Thread[#43272,Execution worker Thread 10,5,main]) started.
[        ] > Task :flutter_openssl_crypto:checkKotlinGradlePluginConfigurationErrors SKIPPED
[        ] Skipping task ':flutter_openssl_crypto:checkKotlinGradlePluginConfigurationErrors' as task onlyIf 'errorDiagnostics are present' is false.
[        ] Resolve mutations for :flutter_openssl_crypto:compileDebugKotlin (Thread[#43272,Execution worker Thread 10,5,main]) started.
[        ] :flutter_openssl_crypto:compileDebugKotlin (Thread[#43272,Execution worker Thread 10,5,main]) started.
[        ] > Task :flutter_openssl_crypto:compileDebugKotlin UP-TO-DATE
[        ] Adding -Xuse-inline-scopes-numbers Kotlin compiler flag for task :flutter_openssl_crypto:compileDebugAndroidTestKotlin
[        ] Caching disabled for task ':flutter_openssl_crypto:compileDebugKotlin' because:
[        ]   Build cache is disabled
[        ] Skipping task ':flutter_openssl_crypto:compileDebugKotlin' as it is up-to-date.
[        ] Resolve mutations for :flutter_openssl_crypto:javaPreCompileDebug (Thread[#43272,Execution worker Thread 10,5,main]) started.
[        ] :flutter_openssl_crypto:javaPreCompileDebug (Thread[#43272,Execution worker Thread 10,5,main]) started.
[        ] > Task :flutter_openssl_crypto:javaPreCompileDebug UP-TO-DATE
[        ] Caching disabled for task ':flutter_openssl_crypto:javaPreCompileDebug' because:
[        ]   Build cache is disabled
[        ] Skipping task ':flutter_openssl_crypto:javaPreCompileDebug' as it is up-to-date.
[        ] Resolve mutations for :flutter_openssl_crypto:compileDebugJavaWithJavac (Thread[#43272,Execution worker Thread 10,5,main]) started.
[        ] :flutter_openssl_crypto:compileDebugJavaWithJavac (Thread[#43272,Execution worker Thread 10,5,main]) started.
[        ] > Task :flutter_openssl_crypto:compileDebugJavaWithJavac NO-SOURCE
[        ] Skipping task ':flutter_openssl_crypto:compileDebugJavaWithJavac' as it has no source files and no previous output files.
[        ] Resolve mutations for :flutter_openssl_crypto:bundleLibCompileToJarDebug (Thread[#43272,Execution worker Thread 10,5,main]) started.
[        ] :flutter_openssl_crypto:bundleLibCompileToJarDebug (Thread[#43272,Execution worker Thread 10,5,main]) started.
[        ] > Task :flutter_openssl_crypto:bundleLibCompileToJarDebug UP-TO-DATE
[        ] Caching disabled for task ':flutter_openssl_crypto:bundleLibCompileToJarDebug' because:
[        ]   Build cache is disabled
[        ]   Simple merging task
[        ] Skipping task ':flutter_openssl_crypto:bundleLibCompileToJarDebug' as it is up-to-date.
[        ] work action resolve classes.jar (project :flutter_openssl_crypto) (Thread[#43272,Execution worker Thread 10,5,main]) started.
[        ] Resolve mutations for :integration_test:javaPreCompileDebug (Thread[#43272,Execution worker Thread 10,5,main]) started.
[        ] :integration_test:javaPreCompileDebug (Thread[#43272,Execution worker Thread 10,5,main]) started.
[        ] > Task :integration_test:javaPreCompileDebug UP-TO-DATE
[        ] Caching disabled for task ':integration_test:javaPreCompileDebug' because:
[        ]   Build cache is disabled
[        ] Skipping task ':integration_test:javaPreCompileDebug' as it is up-to-date.
[        ] Resolve mutations for :integration_test:compileDebugJavaWithJavac (Thread[#43272,Execution worker Thread 10,5,main]) started.
[        ] :integration_test:compileDebugJavaWithJavac (Thread[#43272,Execution worker Thread 10,5,main]) started.
[        ] > Task :integration_test:compileDebugJavaWithJavac UP-TO-DATE
[        ] Custom actions are attached to task ':integration_test:compileDebugJavaWithJavac'.
[        ] Caching disabled for task ':integration_test:compileDebugJavaWithJavac' because:
[        ]   Build cache is disabled
[        ] Skipping task ':integration_test:compileDebugJavaWithJavac' as it is up-to-date.
[        ] No compile result for :integration_test:compileDebugJavaWithJavac
[        ] No compile result for :integration_test:compileDebugJavaWithJavac
[        ] Resolve mutations for :integration_test:bundleLibCompileToJarDebug (Thread[#43272,Execution worker Thread 10,5,main]) started.
[        ] :integration_test:bundleLibCompileToJarDebug (Thread[#43272,Execution worker Thread 10,5,main]) started.
[        ] > Task :integration_test:bundleLibCompileToJarDebug UP-TO-DATE
[        ] Caching disabled for task ':integration_test:bundleLibCompileToJarDebug' because:
[        ]   Build cache is disabled
[        ]   Simple merging task
[        ] Skipping task ':integration_test:bundleLibCompileToJarDebug' as it is up-to-date.
[        ] work action resolve classes.jar (project :integration_test) (Thread[#43272,Execution worker Thread 10,5,main]) started.
[        ] Resolve mutations for :path_provider_android:javaPreCompileDebug (Thread[#43272,Execution worker Thread 10,5,main]) started.
[        ] :path_provider_android:javaPreCompileDebug (Thread[#43272,Execution worker Thread 10,5,main]) started.
[        ] > Task :path_provider_android:javaPreCompileDebug UP-TO-DATE
[        ] Caching disabled for task ':path_provider_android:javaPreCompileDebug' because:
[        ]   Build cache is disabled
[        ] Skipping task ':path_provider_android:javaPreCompileDebug' as it is up-to-date.
[        ] Resolve mutations for :path_provider_android:compileDebugJavaWithJavac (Thread[#43272,Execution worker Thread 10,5,main]) started.
[        ] :path_provider_android:compileDebugJavaWithJavac (Thread[#43272,Execution worker Thread 10,5,main]) started.
[        ] > Task :path_provider_android:compileDebugJavaWithJavac UP-TO-DATE
[        ] Custom actions are attached to task ':path_provider_android:compileDebugJavaWithJavac'.
[        ] Caching disabled for task ':path_provider_android:compileDebugJavaWithJavac' because:
[        ]   Build cache is disabled
[        ] Skipping task ':path_provider_android:compileDebugJavaWithJavac' as it is up-to-date.
[        ] No compile result for :path_provider_android:compileDebugJavaWithJavac
[        ] No compile result for :path_provider_android:compileDebugJavaWithJavac
[        ] Resolve mutations for :path_provider_android:bundleLibCompileToJarDebug (Thread[#43272,Execution worker Thread 10,5,main]) started.
[        ] :path_provider_android:bundleLibCompileToJarDebug (Thread[#43272,Execution worker Thread 10,5,main]) started.
[        ] > Task :path_provider_android:bundleLibCompileToJarDebug UP-TO-DATE
[        ] Caching disabled for task ':path_provider_android:bundleLibCompileToJarDebug' because:
[        ]   Build cache is disabled
[        ]   Simple merging task
[        ] Skipping task ':path_provider_android:bundleLibCompileToJarDebug' as it is up-to-date.
[        ] work action resolve classes.jar (project :path_provider_android) (Thread[#43272,Execution worker Thread 10,5,main]) started.
[        ] Resolve mutations for :quill_native_bridge_android:checkKotlinGradlePluginConfigurationErrors (Thread[#43272,Execution worker Thread 10,5,main]) started.
[        ] :quill_native_bridge_android:checkKotlinGradlePluginConfigurationErrors (Thread[#43272,Execution worker Thread 10,5,main]) started.
[        ] > Task :quill_native_bridge_android:checkKotlinGradlePluginConfigurationErrors SKIPPED
[        ] Skipping task ':quill_native_bridge_android:checkKotlinGradlePluginConfigurationErrors' as task onlyIf 'errorDiagnostics are present' is false.
[        ] Resolve mutations for :quill_native_bridge_android:compileDebugKotlin (Thread[#43272,Execution worker Thread 10,5,main]) started.
[        ] :quill_native_bridge_android:compileDebugKotlin (Thread[#43272,Execution worker Thread 10,5,main]) started.
[        ] > Task :quill_native_bridge_android:compileDebugKotlin UP-TO-DATE
[        ] Adding -Xuse-inline-scopes-numbers Kotlin compiler flag for task :quill_native_bridge_android:compileDebugAndroidTestKotlin
[        ] Caching disabled for task ':quill_native_bridge_android:compileDebugKotlin' because:
[        ]   Build cache is disabled
[        ] Skipping task ':quill_native_bridge_android:compileDebugKotlin' as it is up-to-date.
[        ] Resolve mutations for :quill_native_bridge_android:javaPreCompileDebug (Thread[#43272,Execution worker Thread 10,5,main]) started.
[        ] :quill_native_bridge_android:javaPreCompileDebug (Thread[#43272,Execution worker Thread 10,5,main]) started.
[        ] > Task :quill_native_bridge_android:javaPreCompileDebug UP-TO-DATE
[        ] Caching disabled for task ':quill_native_bridge_android:javaPreCompileDebug' because:
[        ]   Build cache is disabled
[        ] Skipping task ':quill_native_bridge_android:javaPreCompileDebug' as it is up-to-date.
[        ] Resolve mutations for :quill_native_bridge_android:compileDebugJavaWithJavac (Thread[#43272,Execution worker Thread 10,5,main]) started.
[        ] :quill_native_bridge_android:compileDebugJavaWithJavac (Thread[#43272,Execution worker Thread 10,5,main]) started.
[        ] > Task :quill_native_bridge_android:compileDebugJavaWithJavac NO-SOURCE
[        ] Skipping task ':quill_native_bridge_android:compileDebugJavaWithJavac' as it has no source files and no previous output files.
[        ] Resolve mutations for :quill_native_bridge_android:bundleLibCompileToJarDebug (Thread[#43272,Execution worker Thread 10,5,main]) started.
[        ] :quill_native_bridge_android:bundleLibCompileToJarDebug (Thread[#43272,Execution worker Thread 10,5,main]) started.
[        ] > Task :quill_native_bridge_android:bundleLibCompileToJarDebug UP-TO-DATE
[        ] Caching disabled for task ':quill_native_bridge_android:bundleLibCompileToJarDebug' because:
[        ]   Build cache is disabled
[        ]   Simple merging task
[        ] Skipping task ':quill_native_bridge_android:bundleLibCompileToJarDebug' as it is up-to-date.
[        ] work action resolve classes.jar (project :quill_native_bridge_android) (Thread[#43272,Execution worker Thread 10,5,main]) started.
[        ] Resolve mutations for :shared_preferences_android:checkKotlinGradlePluginConfigurationErrors (Thread[#43272,Execution worker Thread 10,5,main]) started.
[        ] :shared_preferences_android:checkKotlinGradlePluginConfigurationErrors (Thread[#43272,Execution worker Thread 10,5,main]) started.
[        ] > Task :shared_preferences_android:checkKotlinGradlePluginConfigurationErrors SKIPPED
[        ] Skipping task ':shared_preferences_android:checkKotlinGradlePluginConfigurationErrors' as task onlyIf 'errorDiagnostics are present' is false.
[        ] Resolve mutations for :shared_preferences_android:compileDebugKotlin (Thread[#43272,Execution worker Thread 10,5,main]) started.
[        ] :shared_preferences_android:compileDebugKotlin (Thread[#43272,Execution worker Thread 10,5,main]) started.
[        ] > Task :shared_preferences_android:compileDebugKotlin UP-TO-DATE
[        ] Adding -Xuse-inline-scopes-numbers Kotlin compiler flag for task :shared_preferences_android:compileDebugAndroidTestKotlin
[        ] Caching disabled for task ':shared_preferences_android:compileDebugKotlin' because:
[        ]   Build cache is disabled
[        ] Skipping task ':shared_preferences_android:compileDebugKotlin' as it is up-to-date.
[        ] Resolve mutations for :shared_preferences_android:javaPreCompileDebug (Thread[#43272,Execution worker Thread 10,5,main]) started.
[        ] :shared_preferences_android:javaPreCompileDebug (Thread[#43272,Execution worker Thread 10,5,main]) started.
[        ] > Task :shared_preferences_android:javaPreCompileDebug UP-TO-DATE
[        ] Caching disabled for task ':shared_preferences_android:javaPreCompileDebug' because:
[        ]   Build cache is disabled
[        ] Skipping task ':shared_preferences_android:javaPreCompileDebug' as it is up-to-date.
[        ] Resolve mutations for :shared_preferences_android:compileDebugJavaWithJavac (Thread[#43272,Execution worker Thread 10,5,main]) started.
[        ] :shared_preferences_android:compileDebugJavaWithJavac (Thread[#43272,Execution worker Thread 10,5,main]) started.
[        ] > Task :shared_preferences_android:compileDebugJavaWithJavac UP-TO-DATE
[        ] Custom actions are attached to task ':shared_preferences_android:compileDebugJavaWithJavac'.
[        ] Caching disabled for task ':shared_preferences_android:compileDebugJavaWithJavac' because:
[        ]   Build cache is disabled
[        ] Skipping task ':shared_preferences_android:compileDebugJavaWithJavac' as it is up-to-date.
[        ] No compile result for :shared_preferences_android:compileDebugJavaWithJavac
[        ] No compile result for :shared_preferences_android:compileDebugJavaWithJavac
[        ] Resolve mutations for :shared_preferences_android:bundleLibCompileToJarDebug (Thread[#43272,Execution worker Thread 10,5,main]) started.
[        ] :shared_preferences_android:bundleLibCompileToJarDebug (Thread[#43272,Execution worker Thread 10,5,main]) started.
[        ] > Task :shared_preferences_android:bundleLibCompileToJarDebug UP-TO-DATE
[        ] Caching disabled for task ':shared_preferences_android:bundleLibCompileToJarDebug' because:
[        ]   Build cache is disabled
[        ]   Simple merging task
[        ] Skipping task ':shared_preferences_android:bundleLibCompileToJarDebug' as it is up-to-date.
[        ] work action resolve classes.jar (project :shared_preferences_android) (Thread[#43272,Execution worker Thread 10,5,main]) started.
[        ] Resolve mutations for :sqflite_android:javaPreCompileDebug (Thread[#43272,Execution worker Thread 10,5,main]) started.
[        ] :sqflite_android:javaPreCompileDebug (Thread[#43272,Execution worker Thread 10,5,main]) started.
[        ] > Task :sqflite_android:javaPreCompileDebug UP-TO-DATE
[        ] Caching disabled for task ':sqflite_android:javaPreCompileDebug' because:
[        ]   Build cache is disabled
[        ] Skipping task ':sqflite_android:javaPreCompileDebug' as it is up-to-date.
[        ] Resolve mutations for :sqflite_android:compileDebugJavaWithJavac (Thread[#43272,Execution worker Thread 10,5,main]) started.
[        ] :sqflite_android:compileDebugJavaWithJavac (Thread[#43272,Execution worker Thread 10,5,main]) started.
[        ] > Task :sqflite_android:compileDebugJavaWithJavac UP-TO-DATE
[        ] Custom actions are attached to task ':sqflite_android:compileDebugJavaWithJavac'.
[        ] Caching disabled for task ':sqflite_android:compileDebugJavaWithJavac' because:
[        ]   Build cache is disabled
[        ] Skipping task ':sqflite_android:compileDebugJavaWithJavac' as it is up-to-date.
[        ] No compile result for :sqflite_android:compileDebugJavaWithJavac
[        ] No compile result for :sqflite_android:compileDebugJavaWithJavac
[        ] Resolve mutations for :sqflite_android:bundleLibCompileToJarDebug (Thread[#43272,Execution worker Thread 10,5,main]) started.
[        ] :sqflite_android:bundleLibCompileToJarDebug (Thread[#43272,Execution worker Thread 10,5,main]) started.
[        ] > Task :sqflite_android:bundleLibCompileToJarDebug UP-TO-DATE
[        ] Caching disabled for task ':sqflite_android:bundleLibCompileToJarDebug' because:
[        ]   Build cache is disabled
[        ]   Simple merging task
[        ] Skipping task ':sqflite_android:bundleLibCompileToJarDebug' as it is up-to-date.
[        ] work action resolve classes.jar (project :sqflite_android) (Thread[#43272,Execution worker Thread 10,5,main]) started.
[        ] Resolve mutations for :url_launcher_android:generateDebugBuildConfig (Thread[#43272,Execution worker Thread 10,5,main]) started.
[        ] :url_launcher_android:generateDebugBuildConfig (Thread[#43272,Execution worker Thread 10,5,main]) started.
[        ] > Task :url_launcher_android:generateDebugBuildConfig UP-TO-DATE
[        ] Caching disabled for task ':url_launcher_android:generateDebugBuildConfig' because:
[        ]   Build cache is disabled
[        ] Skipping task ':url_launcher_android:generateDebugBuildConfig' as it is up-to-date.
[        ] Resolve mutations for :url_launcher_android:javaPreCompileDebug (Thread[#43272,Execution worker Thread 10,5,main]) started.
[        ] :url_launcher_android:javaPreCompileDebug (Thread[#43272,Execution worker Thread 10,5,main]) started.
[        ] > Task :url_launcher_android:javaPreCompileDebug UP-TO-DATE
[        ] Caching disabled for task ':url_launcher_android:javaPreCompileDebug' because:
[        ]   Build cache is disabled
[        ] Skipping task ':url_launcher_android:javaPreCompileDebug' as it is up-to-date.
[        ] Resolve mutations for :url_launcher_android:compileDebugJavaWithJavac (Thread[#43272,Execution worker Thread 10,5,main]) started.
[        ] :url_launcher_android:compileDebugJavaWithJavac (Thread[#43272,Execution worker Thread 10,5,main]) started.
[        ] > Task :url_launcher_android:compileDebugJavaWithJavac UP-TO-DATE
[        ] Custom actions are attached to task ':url_launcher_android:compileDebugJavaWithJavac'.
[        ] Caching disabled for task ':url_launcher_android:compileDebugJavaWithJavac' because:
[        ]   Build cache is disabled
[        ] Skipping task ':url_launcher_android:compileDebugJavaWithJavac' as it is up-to-date.
[        ] No compile result for :url_launcher_android:compileDebugJavaWithJavac
[        ] No compile result for :url_launcher_android:compileDebugJavaWithJavac
[        ] Resolve mutations for :url_launcher_android:bundleLibCompileToJarDebug (Thread[#43272,Execution worker Thread 10,5,main]) started.
[        ] :url_launcher_android:bundleLibCompileToJarDebug (Thread[#43272,Execution worker Thread 10,5,main]) started.
[        ] > Task :url_launcher_android:bundleLibCompileToJarDebug UP-TO-DATE
[        ] Caching disabled for task ':url_launcher_android:bundleLibCompileToJarDebug' because:
[        ]   Build cache is disabled
[        ]   Simple merging task
[        ] Skipping task ':url_launcher_android:bundleLibCompileToJarDebug' as it is up-to-date.
[        ] work action resolve classes.jar (project :url_launcher_android) (Thread[#43272,Execution worker Thread 10,5,main]) started.
[        ] Resolve mutations for :video_player_android:checkKotlinGradlePluginConfigurationErrors (Thread[#43272,Execution worker Thread 10,5,main]) started.
[        ] :video_player_android:checkKotlinGradlePluginConfigurationErrors (Thread[#43272,Execution worker Thread 10,5,main]) started.
[        ] > Task :video_player_android:checkKotlinGradlePluginConfigurationErrors SKIPPED
[        ] Skipping task ':video_player_android:checkKotlinGradlePluginConfigurationErrors' as task onlyIf 'errorDiagnostics are present' is false.
[        ] Resolve mutations for :video_player_android:compileDebugKotlin (Thread[#43272,Execution worker Thread 10,5,main]) started.
[        ] :video_player_android:compileDebugKotlin (Thread[#43272,Execution worker Thread 10,5,main]) started.
[        ] > Task :video_player_android:compileDebugKotlin UP-TO-DATE
[        ] Adding -Xuse-inline-scopes-numbers Kotlin compiler flag for task :video_player_android:compileDebugAndroidTestKotlin
[        ] Caching disabled for task ':video_player_android:compileDebugKotlin' because:
[        ]   Build cache is disabled
[        ] Skipping task ':video_player_android:compileDebugKotlin' as it is up-to-date.
[        ] Resolve mutations for :video_player_android:javaPreCompileDebug (Thread[#43272,Execution worker Thread 10,5,main]) started.
[        ] :video_player_android:javaPreCompileDebug (Thread[#43272,Execution worker Thread 10,5,main]) started.
[        ] > Task :video_player_android:javaPreCompileDebug UP-TO-DATE
[        ] Caching disabled for task ':video_player_android:javaPreCompileDebug' because:
[        ]   Build cache is disabled
[        ] Skipping task ':video_player_android:javaPreCompileDebug' as it is up-to-date.
[        ] Resolve mutations for :video_player_android:compileDebugJavaWithJavac (Thread[#43272,Execution worker Thread 10,5,main]) started.
[        ] :video_player_android:compileDebugJavaWithJavac (Thread[#43272,Execution worker Thread 10,5,main]) started.
[        ] > Task :video_player_android:compileDebugJavaWithJavac UP-TO-DATE
[        ] Custom actions are attached to task ':video_player_android:compileDebugJavaWithJavac'.
[        ] Caching disabled for task ':video_player_android:compileDebugJavaWithJavac' because:
[        ]   Build cache is disabled
[        ] Skipping task ':video_player_android:compileDebugJavaWithJavac' as it is up-to-date.
[        ] No compile result for :video_player_android:compileDebugJavaWithJavac
[        ] No compile result for :video_player_android:compileDebugJavaWithJavac
[        ] Resolve mutations for :video_player_android:bundleLibCompileToJarDebug (Thread[#43272,Execution worker Thread 10,5,main]) started.
[        ] :video_player_android:bundleLibCompileToJarDebug (Thread[#43272,Execution worker Thread 10,5,main]) started.
[        ] > Task :video_player_android:bundleLibCompileToJarDebug UP-TO-DATE
[        ] Caching disabled for task ':video_player_android:bundleLibCompileToJarDebug' because:
[        ]   Build cache is disabled
[        ]   Simple merging task
[        ] Skipping task ':video_player_android:bundleLibCompileToJarDebug' as it is up-to-date.
[        ] work action resolve classes.jar (project :video_player_android) (Thread[#43272,Execution worker Thread 10,5,main]) started.
[        ] Resolve mutations for :app:compileDebugKotlin (Thread[#43272,Execution worker Thread 10,5,main]) started.
[        ] :app:compileDebugKotlin (Thread[#43272,Execution worker Thread 10,5,main]) started.
[        ] > Task :app:compileDebugKotlin UP-TO-DATE
[        ] Adding -Xuse-inline-scopes-numbers Kotlin compiler flag for task :app:compileDebugAndroidTestKotlin
[        ] Caching disabled for task ':app:compileDebugKotlin' because:
[        ]   Build cache is disabled
[        ] Skipping task ':app:compileDebugKotlin' as it is up-to-date.
[        ] Resolve mutations for :app:javaPreCompileDebug (Thread[#43272,Execution worker Thread 10,5,main]) started.
[        ] :app:javaPreCompileDebug (Thread[#43272,Execution worker Thread 10,5,main]) started.
[        ] > Task :app:javaPreCompileDebug UP-TO-DATE
[        ] Caching disabled for task ':app:javaPreCompileDebug' because:
[        ]   Build cache is disabled
[        ] Skipping task ':app:javaPreCompileDebug' as it is up-to-date.
[        ] Resolve mutations for :app:compileDebugJavaWithJavac (Thread[#43272,Execution worker Thread 10,5,main]) started.
[        ] :app:compileDebugJavaWithJavac (Thread[#43272,Execution worker Thread 10,5,main]) started.
[        ] > Task :app:compileDebugJavaWithJavac UP-TO-DATE
[        ] Custom actions are attached to task ':app:compileDebugJavaWithJavac'.
[        ] Caching disabled for task ':app:compileDebugJavaWithJavac' because:
[        ]   Build cache is disabled
[        ] Skipping task ':app:compileDebugJavaWithJavac' as it is up-to-date.
[        ] No compile result for :app:compileDebugJavaWithJavac
[        ] No compile result for :app:compileDebugJavaWithJavac
[        ] Resolve mutations for :app:compressDebugAssets (Thread[#43272,Execution worker Thread 10,5,main]) started.
[        ] :app:compressDebugAssets (Thread[#43272,Execution worker Thread 10,5,main]) started.
[        ] Resolve mutations for :app:processDebugJavaRes (Thread[#43289,Execution worker Thread 27,5,main]) started.
[        ] :app:processDebugJavaRes (Thread[#43289,Execution worker Thread 27,5,main]) started.
[        ] > Task :app:processDebugJavaRes UP-TO-DATE
[        ] file or directory '/Users/florian/Code/substitution/android/app/src/main/resources', not found
[        ] file or directory '/Users/florian/Code/substitution/android/app/src/debug/resources', not found
[        ] file or directory '/Users/florian/Code/substitution/android/app/src/main/resources', not found
[        ] file or directory '/Users/florian/Code/substitution/android/app/src/debug/resources', not found
[        ] Caching disabled for task ':app:processDebugJavaRes' because:
[        ]   Build cache is disabled
[        ]   Caching has been disabled for the task
[        ] Skipping task ':app:processDebugJavaRes' as it is up-to-date.
[        ] Resolve mutations for :connectivity_plus:processDebugJavaRes (Thread[#43289,Execution worker Thread 27,5,main]) started.
[        ] :connectivity_plus:processDebugJavaRes (Thread[#43289,Execution worker Thread 27,5,main]) started.
[        ] > Task :connectivity_plus:processDebugJavaRes NO-SOURCE
[        ] file or directory '/Users/florian/.pub-cache/hosted/pub.dev/connectivity_plus-5.0.2/android/src/main/resources', not found
[        ] file or directory '/Users/florian/.pub-cache/hosted/pub.dev/connectivity_plus-5.0.2/android/src/debug/resources', not found
[        ] Skipping task ':connectivity_plus:processDebugJavaRes' as it has no source files and no previous output files.
[        ] work action resolve out (project :connectivity_plus) (Thread[#43289,Execution worker Thread 27,5,main]) started.
[        ] Resolve mutations for :emoji_picker_flutter:processDebugJavaRes (Thread[#43289,Execution worker Thread 27,5,main]) started.
[        ] :emoji_picker_flutter:processDebugJavaRes (Thread[#43289,Execution worker Thread 27,5,main]) started.
[        ] > Task :emoji_picker_flutter:processDebugJavaRes UP-TO-DATE
[        ] file or directory '/Users/florian/.pub-cache/hosted/pub.dev/emoji_picker_flutter-4.4.0/android/src/main/resources', not found
[        ] file or directory '/Users/florian/.pub-cache/hosted/pub.dev/emoji_picker_flutter-4.4.0/android/src/debug/resources', not found
[        ] file or directory '/Users/florian/.pub-cache/hosted/pub.dev/emoji_picker_flutter-4.4.0/android/src/main/resources', not found
[        ] file or directory '/Users/florian/.pub-cache/hosted/pub.dev/emoji_picker_flutter-4.4.0/android/src/debug/resources', not found
[        ] Caching disabled for task ':emoji_picker_flutter:processDebugJavaRes' because:
[        ]   Build cache is disabled
[        ]   Caching has been disabled for the task
[        ] Skipping task ':emoji_picker_flutter:processDebugJavaRes' as it is up-to-date.
[        ] work action resolve out (project :emoji_picker_flutter) (Thread[#43289,Execution worker Thread 27,5,main]) started.
[        ] Resolve mutations for :file_selector_android:processDebugJavaRes (Thread[#43289,Execution worker Thread 27,5,main]) started.
[        ] :file_selector_android:processDebugJavaRes (Thread[#43289,Execution worker Thread 27,5,main]) started.
[        ] > Task :file_selector_android:processDebugJavaRes NO-SOURCE
[        ] file or directory '/Users/florian/.pub-cache/hosted/pub.dev/file_selector_android-0.5.2+4/android/src/main/resources', not found
[        ] file or directory '/Users/florian/.pub-cache/hosted/pub.dev/file_selector_android-0.5.2+4/android/src/debug/resources', not found
[        ] Skipping task ':file_selector_android:processDebugJavaRes' as it has no source files and no previous output files.
[        ] work action resolve out (project :file_selector_android) (Thread[#43289,Execution worker Thread 27,5,main]) started.
[        ] Resolve mutations for :flutter_keyboard_visibility_temp_fork:processDebugJavaRes (Thread[#43289,Execution worker Thread 27,5,main]) started.
[        ] :flutter_keyboard_visibility_temp_fork:processDebugJavaRes (Thread[#43289,Execution worker Thread 27,5,main]) started.
[        ] > Task :flutter_keyboard_visibility_temp_fork:processDebugJavaRes NO-SOURCE
[        ] file or directory '/Users/florian/.pub-cache/hosted/pub.dev/flutter_keyboard_visibility_temp_fork-0.1.5/android/src/main/resources', not found
[        ] file or directory '/Users/florian/.pub-cache/hosted/pub.dev/flutter_keyboard_visibility_temp_fork-0.1.5/android/src/debug/resources', not found
[        ] Skipping task ':flutter_keyboard_visibility_temp_fork:processDebugJavaRes' as it has no source files and no previous output files.
[        ] work action resolve out (project :flutter_keyboard_visibility_temp_fork) (Thread[#43289,Execution worker Thread 27,5,main]) started.
[        ] Resolve mutations for :flutter_native_splash:processDebugJavaRes (Thread[#43289,Execution worker Thread 27,5,main]) started.
[        ] :flutter_native_splash:processDebugJavaRes (Thread[#43289,Execution worker Thread 27,5,main]) started.
[        ] > Task :flutter_native_splash:processDebugJavaRes NO-SOURCE
[        ] file or directory '/Users/florian/.pub-cache/hosted/pub.dev/flutter_native_splash-2.4.7/android/src/main/resources', not found
[        ] file or directory '/Users/florian/.pub-cache/hosted/pub.dev/flutter_native_splash-2.4.7/android/src/debug/resources', not found
[        ] Skipping task ':flutter_native_splash:processDebugJavaRes' as it has no source files and no previous output files.
[        ] work action resolve out (project :flutter_native_splash) (Thread[#43289,Execution worker Thread 27,5,main]) started.
[        ] Resolve mutations for :flutter_olm:processDebugJavaRes (Thread[#43289,Execution worker Thread 27,5,main]) started.
[        ] :flutter_olm:processDebugJavaRes (Thread[#43289,Execution worker Thread 27,5,main]) started.
[        ] > Task :flutter_olm:processDebugJavaRes UP-TO-DATE
[        ] file or directory '/Users/florian/.pub-cache/hosted/pub.dev/flutter_olm-2.0.0/android/src/main/resources', not found
[        ] file or directory '/Users/florian/.pub-cache/hosted/pub.dev/flutter_olm-2.0.0/android/src/debug/resources', not found
[        ] file or directory '/Users/florian/.pub-cache/hosted/pub.dev/flutter_olm-2.0.0/android/src/main/resources', not found
[        ] file or directory '/Users/florian/.pub-cache/hosted/pub.dev/flutter_olm-2.0.0/android/src/debug/resources', not found
[        ] Caching disabled for task ':flutter_olm:processDebugJavaRes' because:
[        ]   Build cache is disabled
[        ]   Caching has been disabled for the task
[        ] Skipping task ':flutter_olm:processDebugJavaRes' as it is up-to-date.
[        ] work action resolve out (project :flutter_olm) (Thread[#43289,Execution worker Thread 27,5,main]) started.
[        ] Resolve mutations for :flutter_openssl_crypto:processDebugJavaRes (Thread[#43289,Execution worker Thread 27,5,main]) started.
[        ] :flutter_openssl_crypto:processDebugJavaRes (Thread[#43289,Execution worker Thread 27,5,main]) started.
[        ] > Task :flutter_openssl_crypto:processDebugJavaRes UP-TO-DATE
[        ] file or directory '/Users/florian/.pub-cache/hosted/pub.dev/flutter_openssl_crypto-0.5.0/android/src/main/resources', not found
[        ] file or directory '/Users/florian/.pub-cache/hosted/pub.dev/flutter_openssl_crypto-0.5.0/android/src/debug/resources', not found
[        ] file or directory '/Users/florian/.pub-cache/hosted/pub.dev/flutter_openssl_crypto-0.5.0/android/src/main/resources', not found
[        ] file or directory '/Users/florian/.pub-cache/hosted/pub.dev/flutter_openssl_crypto-0.5.0/android/src/debug/resources', not found
[        ] Caching disabled for task ':flutter_openssl_crypto:processDebugJavaRes' because:
[        ]   Build cache is disabled
[        ]   Caching has been disabled for the task
[        ] Skipping task ':flutter_openssl_crypto:processDebugJavaRes' as it is up-to-date.
[        ] work action resolve out (project :flutter_openssl_crypto) (Thread[#43289,Execution worker Thread 27,5,main]) started.
[        ] Resolve mutations for :integration_test:processDebugJavaRes (Thread[#43289,Execution worker Thread 27,5,main]) started.
[        ] :integration_test:processDebugJavaRes (Thread[#43289,Execution worker Thread 27,5,main]) started.
[        ] > Task :integration_test:processDebugJavaRes NO-SOURCE
[        ] file or directory '/opt/homebrew/share/flutter/packages/integration_test/android/src/main/resources', not found
[        ] file or directory '/opt/homebrew/share/flutter/packages/integration_test/android/src/debug/resources', not found
[        ] Skipping task ':integration_test:processDebugJavaRes' as it has no source files and no previous output files.
[        ] work action resolve out (project :integration_test) (Thread[#43289,Execution worker Thread 27,5,main]) started.
[        ] Resolve mutations for :path_provider_android:processDebugJavaRes (Thread[#43289,Execution worker Thread 27,5,main]) started.
[        ] :path_provider_android:processDebugJavaRes (Thread[#43289,Execution worker Thread 27,5,main]) started.
[        ] > Task :path_provider_android:processDebugJavaRes NO-SOURCE
[        ] file or directory '/Users/florian/.pub-cache/hosted/pub.dev/path_provider_android-2.2.22/android/src/main/resources', not found
[        ] file or directory '/Users/florian/.pub-cache/hosted/pub.dev/path_provider_android-2.2.22/android/src/debug/resources', not found
[        ] Skipping task ':path_provider_android:processDebugJavaRes' as it has no source files and no previous output files.
[        ] work action resolve out (project :path_provider_android) (Thread[#43289,Execution worker Thread 27,5,main]) started.
[        ] Resolve mutations for :quill_native_bridge_android:processDebugJavaRes (Thread[#43289,Execution worker Thread 27,5,main]) started.
[        ] :quill_native_bridge_android:processDebugJavaRes (Thread[#43289,Execution worker Thread 27,5,main]) started.
[        ] > Task :quill_native_bridge_android:processDebugJavaRes UP-TO-DATE
[        ] file or directory '/Users/florian/.pub-cache/hosted/pub.dev/quill_native_bridge_android-0.0.1+2/android/src/main/resources', not found
[        ] file or directory '/Users/florian/.pub-cache/hosted/pub.dev/quill_native_bridge_android-0.0.1+2/android/src/debug/resources', not found
[        ] file or directory '/Users/florian/.pub-cache/hosted/pub.dev/quill_native_bridge_android-0.0.1+2/android/src/main/resources', not found
[        ] file or directory '/Users/florian/.pub-cache/hosted/pub.dev/quill_native_bridge_android-0.0.1+2/android/src/debug/resources', not found
[        ] Caching disabled for task ':quill_native_bridge_android:processDebugJavaRes' because:
[        ]   Build cache is disabled
[        ]   Caching has been disabled for the task
[        ] Skipping task ':quill_native_bridge_android:processDebugJavaRes' as it is up-to-date.
[        ] work action resolve out (project :quill_native_bridge_android) (Thread[#43289,Execution worker Thread 27,5,main]) started.
[        ] Resolve mutations for :shared_preferences_android:processDebugJavaRes (Thread[#43289,Execution worker Thread 27,5,main]) started.
[        ] :shared_preferences_android:processDebugJavaRes (Thread[#43289,Execution worker Thread 27,5,main]) started.
[        ] > Task :shared_preferences_android:processDebugJavaRes UP-TO-DATE
[        ] file or directory '/Users/florian/.pub-cache/hosted/pub.dev/shared_preferences_android-2.4.20/android/src/main/resources', not found
[        ] file or directory '/Users/florian/.pub-cache/hosted/pub.dev/shared_preferences_android-2.4.20/android/src/debug/resources', not found
[        ] file or directory '/Users/florian/.pub-cache/hosted/pub.dev/shared_preferences_android-2.4.20/android/src/main/resources', not found
[        ] file or directory '/Users/florian/.pub-cache/hosted/pub.dev/shared_preferences_android-2.4.20/android/src/debug/resources', not found
[        ] Caching disabled for task ':shared_preferences_android:processDebugJavaRes' because:
[        ]   Build cache is disabled
[        ]   Caching has been disabled for the task
[        ] Skipping task ':shared_preferences_android:processDebugJavaRes' as it is up-to-date.
[        ] work action resolve out (project :shared_preferences_android) (Thread[#43289,Execution worker Thread 27,5,main]) started.
[        ] Resolve mutations for :sqflite_android:processDebugJavaRes (Thread[#43289,Execution worker Thread 27,5,main]) started.
[        ] :sqflite_android:processDebugJavaRes (Thread[#43289,Execution worker Thread 27,5,main]) started.
[        ] > Task :sqflite_android:processDebugJavaRes NO-SOURCE
[        ] file or directory '/Users/florian/.pub-cache/hosted/pub.dev/sqflite_android-2.4.2+2/android/src/main/resources', not found
[        ] file or directory '/Users/florian/.pub-cache/hosted/pub.dev/sqflite_android-2.4.2+2/android/src/debug/resources', not found
[        ] Skipping task ':sqflite_android:processDebugJavaRes' as it has no source files and no previous output files.
[        ] work action resolve out (project :sqflite_android) (Thread[#43289,Execution worker Thread 27,5,main]) started.
[        ] Resolve mutations for :url_launcher_android:processDebugJavaRes (Thread[#43289,Execution worker Thread 27,5,main]) started.
[        ] :url_launcher_android:processDebugJavaRes (Thread[#43289,Execution worker Thread 27,5,main]) started.
[        ] > Task :url_launcher_android:processDebugJavaRes NO-SOURCE
[        ] file or directory '/Users/florian/.pub-cache/hosted/pub.dev/url_launcher_android-6.3.28/android/src/main/resources', not found
[        ] file or directory '/Users/florian/.pub-cache/hosted/pub.dev/url_launcher_android-6.3.28/android/src/debug/resources', not found
[        ] Skipping task ':url_launcher_android:processDebugJavaRes' as it has no source files and no previous output files.
[        ] work action resolve out (project :url_launcher_android) (Thread[#43289,Execution worker Thread 27,5,main]) started.
[        ] Resolve mutations for :video_player_android:processDebugJavaRes (Thread[#43289,Execution worker Thread 27,5,main]) started.
[        ] :video_player_android:processDebugJavaRes (Thread[#43289,Execution worker Thread 27,5,main]) started.
[        ] > Task :video_player_android:processDebugJavaRes UP-TO-DATE
[        ] file or directory '/Users/florian/.pub-cache/hosted/pub.dev/video_player_android-2.9.1/android/src/main/resources', not found
[        ] file or directory '/Users/florian/.pub-cache/hosted/pub.dev/video_player_android-2.9.1/android/src/debug/resources', not found
[        ] file or directory '/Users/florian/.pub-cache/hosted/pub.dev/video_player_android-2.9.1/android/src/main/resources', not found
[        ] file or directory '/Users/florian/.pub-cache/hosted/pub.dev/video_player_android-2.9.1/android/src/debug/resources', not found
[        ] Caching disabled for task ':video_player_android:processDebugJavaRes' because:
[        ]   Build cache is disabled
[        ]   Caching has been disabled for the task
[        ] Skipping task ':video_player_android:processDebugJavaRes' as it is up-to-date.
[        ] work action resolve out (project :video_player_android) (Thread[#43289,Execution worker Thread 27,5,main]) started.
[        ] Resolve mutations for :app:mergeDebugJavaResource (Thread[#43261,included builds,5,main]) started.
[        ] :app:mergeDebugJavaResource (Thread[#43261,included builds,5,main]) started.
[        ] > Task :app:mergeDebugJavaResource UP-TO-DATE
[        ] Caching disabled for task ':app:mergeDebugJavaResource' because:
[        ]   Build cache is disabled
[        ]   Caching has been disabled for the task
[        ] Skipping task ':app:mergeDebugJavaResource' as it is up-to-date.
[        ] Resolve mutations for :app:checkDebugDuplicateClasses (Thread[#43261,included builds,5,main]) started.
[        ] :app:checkDebugDuplicateClasses (Thread[#43286,Execution worker Thread 24,5,main]) started.
[        ] > Task :app:checkDebugDuplicateClasses UP-TO-DATE
[        ] Caching disabled for task ':app:checkDebugDuplicateClasses' because:
[        ]   Build cache is disabled
[        ]   Caching has been disabled for the task
[        ] Skipping task ':app:checkDebugDuplicateClasses' as it is up-to-date.
[        ] Resolve mutations for :app:desugarDebugFileDependencies (Thread[#43286,Execution worker Thread 24,5,main]) started.
[        ] :app:desugarDebugFileDependencies (Thread[#43286,Execution worker Thread 24,5,main]) started.
[        ] > Task :app:desugarDebugFileDependencies UP-TO-DATE
[        ] Caching disabled for task ':app:desugarDebugFileDependencies' because:
[        ]   Build cache is disabled
[        ] Skipping task ':app:desugarDebugFileDependencies' as it is up-to-date.
[        ] Resolve mutations for :app:mergeExtDexDebug (Thread[#43286,Execution worker Thread 24,5,main]) started.
[        ] :app:mergeExtDexDebug (Thread[#43286,Execution worker Thread 24,5,main]) started.
[        ] > Task :app:mergeExtDexDebug UP-TO-DATE
[        ] Caching disabled for task ':app:mergeExtDexDebug' because:
[        ]   Build cache is disabled
[        ] Skipping task ':app:mergeExtDexDebug' as it is up-to-date.
[        ] Resolve mutations for :connectivity_plus:bundleLibRuntimeToDirDebug (Thread[#43286,Execution worker Thread 24,5,main]) started.
[        ] :connectivity_plus:bundleLibRuntimeToDirDebug (Thread[#43286,Execution worker Thread 24,5,main]) started.
[        ] > Task :connectivity_plus:bundleLibRuntimeToDirDebug UP-TO-DATE
[        ] Caching disabled for task ':connectivity_plus:bundleLibRuntimeToDirDebug' because:
[        ]   Build cache is disabled
[        ]   Simple merging task
[        ] Skipping task ':connectivity_plus:bundleLibRuntimeToDirDebug' as it is up-to-date.
[        ] work action resolve bundleLibRuntimeToDirDebug (project :connectivity_plus) (Thread[#43286,Execution worker Thread 24,5,main]) started.
[        ] ClassesDirToClassesTransform (Thread[#43286,Execution worker Thread 24,5,main]) started.
[        ] Resolve mutations for :emoji_picker_flutter:bundleLibRuntimeToDirDebug (Thread[#43279,Execution worker Thread 17,5,main]) started.
[        ] :emoji_picker_flutter:bundleLibRuntimeToDirDebug (Thread[#43279,Execution worker Thread 17,5,main]) started.
[        ] DexingNoClasspathTransform (Thread[#43286,Execution worker Thread 24,5,main]) started.
[        ] > Task :emoji_picker_flutter:bundleLibRuntimeToDirDebug UP-TO-DATE
[        ] Caching disabled for task ':emoji_picker_flutter:bundleLibRuntimeToDirDebug' because:
[        ]   Build cache is disabled
[        ]   Simple merging task
[        ] Skipping task ':emoji_picker_flutter:bundleLibRuntimeToDirDebug' as it is up-to-date.
[        ] work action resolve bundleLibRuntimeToDirDebug (project :emoji_picker_flutter) (Thread[#43279,Execution worker Thread 17,5,main]) started.
[        ] ClassesDirToClassesTransform (Thread[#43279,Execution worker Thread 17,5,main]) started.
[        ] Resolve mutations for :file_selector_android:bundleLibRuntimeToDirDebug (Thread[#43285,Execution worker Thread 23,5,main]) started.
[        ] DexingNoClasspathTransform (Thread[#43279,Execution worker Thread 17,5,main]) started.
[        ] :file_selector_android:bundleLibRuntimeToDirDebug (Thread[#43285,Execution worker Thread 23,5,main]) started.
[        ] > Transform bundleLibRuntimeToDirDebug (project :connectivity_plus) with DexingNoClasspathTransform
[        ] Caching disabled for DexingNoClasspathTransform: /Users/florian/Code/substitution/build/connectivity_plus/intermediates/runtime_library_classes_dir/debug/bundleLibRuntimeToDirDebug because:
[        ]   Build cache is disabled
[        ] Skipping DexingNoClasspathTransform: /Users/florian/Code/substitution/build/connectivity_plus/intermediates/runtime_library_classes_dir/debug/bundleLibRuntimeToDirDebug as it is up-to-date.
[        ] > Transform bundleLibRuntimeToDirDebug (project :emoji_picker_flutter) with DexingNoClasspathTransform
[        ] Caching disabled for DexingNoClasspathTransform: /Users/florian/Code/substitution/build/emoji_picker_flutter/intermediates/runtime_library_classes_dir/debug/bundleLibRuntimeToDirDebug because:
[        ]   Build cache is disabled
[        ] Skipping DexingNoClasspathTransform: /Users/florian/Code/substitution/build/emoji_picker_flutter/intermediates/runtime_library_classes_dir/debug/bundleLibRuntimeToDirDebug as it is up-to-date.
[        ] > Task :file_selector_android:bundleLibRuntimeToDirDebug UP-TO-DATE
[        ] Caching disabled for task ':file_selector_android:bundleLibRuntimeToDirDebug' because:
[        ]   Build cache is disabled
[        ]   Simple merging task
[        ] Skipping task ':file_selector_android:bundleLibRuntimeToDirDebug' as it is up-to-date.
[        ] work action resolve bundleLibRuntimeToDirDebug (project :file_selector_android) (Thread[#43285,Execution worker Thread 23,5,main]) started.
[        ] ClassesDirToClassesTransform (Thread[#43285,Execution worker Thread 23,5,main]) started.
[        ] Resolve mutations for :flutter_keyboard_visibility_temp_fork:bundleLibRuntimeToDirDebug (Thread[#43290,Execution worker Thread 28,5,main]) started.
[        ] :flutter_keyboard_visibility_temp_fork:bundleLibRuntimeToDirDebug (Thread[#43290,Execution worker Thread 28,5,main]) started.
[        ] DexingNoClasspathTransform (Thread[#43285,Execution worker Thread 23,5,main]) started.
[        ] > Task :flutter_keyboard_visibility_temp_fork:bundleLibRuntimeToDirDebug UP-TO-DATE
[        ] Caching disabled for task ':flutter_keyboard_visibility_temp_fork:bundleLibRuntimeToDirDebug' because:
[        ]   Build cache is disabled
[        ]   Simple merging task
[        ] Skipping task ':flutter_keyboard_visibility_temp_fork:bundleLibRuntimeToDirDebug' as it is up-to-date.
[        ] work action resolve bundleLibRuntimeToDirDebug (project :flutter_keyboard_visibility_temp_fork) (Thread[#43290,Execution worker Thread 28,5,main]) started.
[        ] ClassesDirToClassesTransform (Thread[#43290,Execution worker Thread 28,5,main]) started.
[        ] Resolve mutations for :flutter_native_splash:bundleLibRuntimeToDirDebug (Thread[#43279,Execution worker Thread 17,5,main]) started.
[        ] :flutter_native_splash:bundleLibRuntimeToDirDebug (Thread[#43279,Execution worker Thread 17,5,main]) started.
[        ] DexingNoClasspathTransform (Thread[#43290,Execution worker Thread 28,5,main]) started.
[        ] > Transform bundleLibRuntimeToDirDebug (project :file_selector_android) with DexingNoClasspathTransform
[        ] Caching disabled for DexingNoClasspathTransform: /Users/florian/Code/substitution/build/file_selector_android/intermediates/runtime_library_classes_dir/debug/bundleLibRuntimeToDirDebug because:
[        ]   Build cache is disabled
[        ] Skipping DexingNoClasspathTransform: /Users/florian/Code/substitution/build/file_selector_android/intermediates/runtime_library_classes_dir/debug/bundleLibRuntimeToDirDebug as it is up-to-date.
[        ] > Task :flutter_native_splash:bundleLibRuntimeToDirDebug UP-TO-DATE
[        ] Caching disabled for task ':flutter_native_splash:bundleLibRuntimeToDirDebug' because:
[        ]   Build cache is disabled
[        ]   Simple merging task
[        ] Skipping task ':flutter_native_splash:bundleLibRuntimeToDirDebug' as it is up-to-date.
[        ] work action resolve bundleLibRuntimeToDirDebug (project :flutter_native_splash) (Thread[#43279,Execution worker Thread 17,5,main]) started.
[        ] ClassesDirToClassesTransform (Thread[#43279,Execution worker Thread 17,5,main]) started.
[        ] Resolve mutations for :flutter_olm:bundleLibRuntimeToDirDebug (Thread[#43270,Execution worker Thread 8,5,main]) started.
[        ] :flutter_olm:bundleLibRuntimeToDirDebug (Thread[#43270,Execution worker Thread 8,5,main]) started.
[        ] DexingNoClasspathTransform (Thread[#43279,Execution worker Thread 17,5,main]) started.
[        ] > Transform bundleLibRuntimeToDirDebug (project :flutter_keyboard_visibility_temp_fork) with DexingNoClasspathTransform
[        ] Caching disabled for DexingNoClasspathTransform: /Users/florian/Code/substitution/build/flutter_keyboard_visibility_temp_fork/intermediates/runtime_library_classes_dir/debug/bundleLibRuntimeToDirDebug because:
[        ]   Build cache is disabled
[        ] Skipping DexingNoClasspathTransform: /Users/florian/Code/substitution/build/flutter_keyboard_visibility_temp_fork/intermediates/runtime_library_classes_dir/debug/bundleLibRuntimeToDirDebug as it is up-to-date.
[        ] > Task :flutter_olm:bundleLibRuntimeToDirDebug UP-TO-DATE
[        ] Caching disabled for task ':flutter_olm:bundleLibRuntimeToDirDebug' because:
[        ]   Build cache is disabled
[        ]   Simple merging task
[        ] Skipping task ':flutter_olm:bundleLibRuntimeToDirDebug' as it is up-to-date.
[        ] work action resolve bundleLibRuntimeToDirDebug (project :flutter_olm) (Thread[#43270,Execution worker Thread 8,5,main]) started.
[        ] ClassesDirToClassesTransform (Thread[#43270,Execution worker Thread 8,5,main]) started.
[        ] Resolve mutations for :flutter_openssl_crypto:bundleLibRuntimeToDirDebug (Thread[#43290,Execution worker Thread 28,5,main]) started.
[        ] :flutter_openssl_crypto:bundleLibRuntimeToDirDebug (Thread[#43290,Execution worker Thread 28,5,main]) started.
[        ] > Transform bundleLibRuntimeToDirDebug (project :flutter_native_splash) with DexingNoClasspathTransform
[        ] Caching disabled for DexingNoClasspathTransform: /Users/florian/Code/substitution/build/flutter_native_splash/intermediates/runtime_library_classes_dir/debug/bundleLibRuntimeToDirDebug because:
[        ]   Build cache is disabled
[        ] Skipping DexingNoClasspathTransform: /Users/florian/Code/substitution/build/flutter_native_splash/intermediates/runtime_library_classes_dir/debug/bundleLibRuntimeToDirDebug as it is up-to-date.
[  +92 ms] DexingNoClasspathTransform (Thread[#43270,Execution worker Thread 8,5,main]) started.
[        ] > Task :flutter_openssl_crypto:bundleLibRuntimeToDirDebug UP-TO-DATE
[        ] Caching disabled for task ':flutter_openssl_crypto:bundleLibRuntimeToDirDebug' because:
[        ]   Build cache is disabled
[        ]   Simple merging task
[        ] Skipping task ':flutter_openssl_crypto:bundleLibRuntimeToDirDebug' as it is up-to-date.
[        ] work action resolve bundleLibRuntimeToDirDebug (project :flutter_openssl_crypto) (Thread[#43290,Execution worker Thread 28,5,main]) started.
[        ] ClassesDirToClassesTransform (Thread[#43290,Execution worker Thread 28,5,main]) started.
[        ] Resolve mutations for :integration_test:bundleLibRuntimeToDirDebug (Thread[#43276,Execution worker Thread 14,5,main]) started.
[        ] DexingNoClasspathTransform (Thread[#43290,Execution worker Thread 28,5,main]) started.
[        ] :integration_test:bundleLibRuntimeToDirDebug (Thread[#43276,Execution worker Thread 14,5,main]) started.
[        ] > Transform bundleLibRuntimeToDirDebug (project :flutter_olm) with DexingNoClasspathTransform
[        ] Caching disabled for DexingNoClasspathTransform: /Users/florian/Code/substitution/build/flutter_olm/intermediates/runtime_library_classes_dir/debug/bundleLibRuntimeToDirDebug because:
[        ]   Build cache is disabled
[        ] Skipping DexingNoClasspathTransform: /Users/florian/Code/substitution/build/flutter_olm/intermediates/runtime_library_classes_dir/debug/bundleLibRuntimeToDirDebug as it is up-to-date.
[        ] > Transform bundleLibRuntimeToDirDebug (project :flutter_openssl_crypto) with DexingNoClasspathTransform
[        ] Caching disabled for DexingNoClasspathTransform: /Users/florian/Code/substitution/build/flutter_openssl_crypto/intermediates/runtime_library_classes_dir/debug/bundleLibRuntimeToDirDebug because:
[        ]   Build cache is disabled
[        ] Skipping DexingNoClasspathTransform: /Users/florian/Code/substitution/build/flutter_openssl_crypto/intermediates/runtime_library_classes_dir/debug/bundleLibRuntimeToDirDebug as it is up-to-date.
[        ] > Task :integration_test:bundleLibRuntimeToDirDebug UP-TO-DATE
[        ] Caching disabled for task ':integration_test:bundleLibRuntimeToDirDebug' because:
[        ]   Build cache is disabled
[        ]   Simple merging task
[        ] Skipping task ':integration_test:bundleLibRuntimeToDirDebug' as it is up-to-date.
[        ] work action resolve bundleLibRuntimeToDirDebug (project :integration_test) (Thread[#43276,Execution worker Thread 14,5,main]) started.
[        ] ClassesDirToClassesTransform (Thread[#43276,Execution worker Thread 14,5,main]) started.
[        ] Resolve mutations for :path_provider_android:bundleLibRuntimeToDirDebug (Thread[#43286,Execution worker Thread 24,5,main]) started.
[        ] DexingNoClasspathTransform (Thread[#43276,Execution worker Thread 14,5,main]) started.
[        ] :path_provider_android:bundleLibRuntimeToDirDebug (Thread[#43286,Execution worker Thread 24,5,main]) started.
[        ] > Task :path_provider_android:bundleLibRuntimeToDirDebug UP-TO-DATE
[        ] Caching disabled for task ':path_provider_android:bundleLibRuntimeToDirDebug' because:
[        ]   Build cache is disabled
[        ]   Simple merging task
[        ] Skipping task ':path_provider_android:bundleLibRuntimeToDirDebug' as it is up-to-date.
[        ] > Transform bundleLibRuntimeToDirDebug (project :integration_test) with DexingNoClasspathTransform
[        ] Caching disabled for DexingNoClasspathTransform: /Users/florian/Code/substitution/build/integration_test/intermediates/runtime_library_classes_dir/debug/bundleLibRuntimeToDirDebug because:
[        ]   Build cache is disabled
[        ] Skipping DexingNoClasspathTransform: /Users/florian/Code/substitution/build/integration_test/intermediates/runtime_library_classes_dir/debug/bundleLibRuntimeToDirDebug as it is up-to-date.
[        ] work action resolve bundleLibRuntimeToDirDebug (project :path_provider_android) (Thread[#43286,Execution worker Thread 24,5,main]) started.
[        ] ClassesDirToClassesTransform (Thread[#43286,Execution worker Thread 24,5,main]) started.
[        ] Resolve mutations for :quill_native_bridge_android:bundleLibRuntimeToDirDebug (Thread[#43276,Execution worker Thread 14,5,main]) started.
[        ] :quill_native_bridge_android:bundleLibRuntimeToDirDebug (Thread[#43276,Execution worker Thread 14,5,main]) started.
[        ] DexingNoClasspathTransform (Thread[#43286,Execution worker Thread 24,5,main]) started.
[        ] > Transform bundleLibRuntimeToDirDebug (project :path_provider_android) with DexingNoClasspathTransform
[        ] Caching disabled for DexingNoClasspathTransform: /Users/florian/Code/substitution/build/path_provider_android/intermediates/runtime_library_classes_dir/debug/bundleLibRuntimeToDirDebug because:
[        ]   Build cache is disabled
[        ] Skipping DexingNoClasspathTransform: /Users/florian/Code/substitution/build/path_provider_android/intermediates/runtime_library_classes_dir/debug/bundleLibRuntimeToDirDebug as it is up-to-date.
[        ] > Task :quill_native_bridge_android:bundleLibRuntimeToDirDebug UP-TO-DATE
[        ] Caching disabled for task ':quill_native_bridge_android:bundleLibRuntimeToDirDebug' because:
[        ]   Build cache is disabled
[        ]   Simple merging task
[        ] Skipping task ':quill_native_bridge_android:bundleLibRuntimeToDirDebug' as it is up-to-date.
[        ] work action resolve bundleLibRuntimeToDirDebug (project :quill_native_bridge_android) (Thread[#43276,Execution worker Thread 14,5,main]) started.
[        ] ClassesDirToClassesTransform (Thread[#43276,Execution worker Thread 14,5,main]) started.
[        ] Resolve mutations for :shared_preferences_android:bundleLibRuntimeToDirDebug (Thread[#43286,Execution worker Thread 24,5,main]) started.
[        ] DexingNoClasspathTransform (Thread[#43276,Execution worker Thread 14,5,main]) started.
[        ] :shared_preferences_android:bundleLibRuntimeToDirDebug (Thread[#43286,Execution worker Thread 24,5,main]) started.
[        ] > Transform bundleLibRuntimeToDirDebug (project :quill_native_bridge_android) with DexingNoClasspathTransform
[        ] Caching disabled for DexingNoClasspathTransform: /Users/florian/Code/substitution/build/quill_native_bridge_android/intermediates/runtime_library_classes_dir/debug/bundleLibRuntimeToDirDebug because:
[        ]   Build cache is disabled
[        ] Skipping DexingNoClasspathTransform: /Users/florian/Code/substitution/build/quill_native_bridge_android/intermediates/runtime_library_classes_dir/debug/bundleLibRuntimeToDirDebug as it is up-to-date.
[        ] > Task :shared_preferences_android:bundleLibRuntimeToDirDebug UP-TO-DATE
[        ] Caching disabled for task ':shared_preferences_android:bundleLibRuntimeToDirDebug' because:
[        ]   Build cache is disabled
[        ]   Simple merging task
[        ] Skipping task ':shared_preferences_android:bundleLibRuntimeToDirDebug' as it is up-to-date.
[        ] work action resolve bundleLibRuntimeToDirDebug (project :shared_preferences_android) (Thread[#43286,Execution worker Thread 24,5,main]) started.
[        ] ClassesDirToClassesTransform (Thread[#43286,Execution worker Thread 24,5,main]) started.
[        ] Resolve mutations for :sqflite_android:bundleLibRuntimeToDirDebug (Thread[#43285,Execution worker Thread 23,5,main]) started.
[        ] :sqflite_android:bundleLibRuntimeToDirDebug (Thread[#43285,Execution worker Thread 23,5,main]) started.
[        ] DexingNoClasspathTransform (Thread[#43286,Execution worker Thread 24,5,main]) started.
[        ] > Task :sqflite_android:bundleLibRuntimeToDirDebug UP-TO-DATE
[        ] Caching disabled for task ':sqflite_android:bundleLibRuntimeToDirDebug' because:
[        ]   Build cache is disabled
[        ]   Simple merging task
[        ] Skipping task ':sqflite_android:bundleLibRuntimeToDirDebug' as it is up-to-date.
[        ] work action resolve bundleLibRuntimeToDirDebug (project :sqflite_android) (Thread[#43285,Execution worker Thread 23,5,main]) started.
[        ] ClassesDirToClassesTransform (Thread[#43285,Execution worker Thread 23,5,main]) started.
[        ] Resolve mutations for :url_launcher_android:bundleLibRuntimeToDirDebug (Thread[#43280,Execution worker Thread 18,5,main]) started.
[        ] DexingNoClasspathTransform (Thread[#43285,Execution worker Thread 23,5,main]) started.
[        ] :url_launcher_android:bundleLibRuntimeToDirDebug (Thread[#43293,Execution worker Thread 31,5,main]) started.
[        ] > Transform bundleLibRuntimeToDirDebug (project :shared_preferences_android) with DexingNoClasspathTransform
[        ] Caching disabled for DexingNoClasspathTransform: /Users/florian/Code/substitution/build/shared_preferences_android/intermediates/runtime_library_classes_dir/debug/bundleLibRuntimeToDirDebug because:
[        ]   Build cache is disabled
[        ] Skipping DexingNoClasspathTransform: /Users/florian/Code/substitution/build/shared_preferences_android/intermediates/runtime_library_classes_dir/debug/bundleLibRuntimeToDirDebug as it is up-to-date.
[        ] > Task :url_launcher_android:bundleLibRuntimeToDirDebug UP-TO-DATE
[        ] Caching disabled for task ':url_launcher_android:bundleLibRuntimeToDirDebug' because:
[        ]   Build cache is disabled
[        ]   Simple merging task
[        ] Skipping task ':url_launcher_android:bundleLibRuntimeToDirDebug' as it is up-to-date.
[        ] work action resolve bundleLibRuntimeToDirDebug (project :url_launcher_android) (Thread[#43293,Execution worker Thread 31,5,main]) started.
[        ] ClassesDirToClassesTransform (Thread[#43293,Execution worker Thread 31,5,main]) started.
[        ] Resolve mutations for :video_player_android:bundleLibRuntimeToDirDebug (Thread[#43291,Execution worker Thread 29,5,main]) started.
[        ] DexingNoClasspathTransform (Thread[#43293,Execution worker Thread 31,5,main]) started.
[        ] > Transform bundleLibRuntimeToDirDebug (project :sqflite_android) with DexingNoClasspathTransform
[        ] Caching disabled for DexingNoClasspathTransform: /Users/florian/Code/substitution/build/sqflite_android/intermediates/runtime_library_classes_dir/debug/bundleLibRuntimeToDirDebug because:
[        ]   Build cache is disabled
[        ] Skipping DexingNoClasspathTransform: /Users/florian/Code/substitution/build/sqflite_android/intermediates/runtime_library_classes_dir/debug/bundleLibRuntimeToDirDebug as it is up-to-date.
[        ] :video_player_android:bundleLibRuntimeToDirDebug (Thread[#43291,Execution worker Thread 29,5,main]) started.
[        ] > Transform bundleLibRuntimeToDirDebug (project :url_launcher_android) with DexingNoClasspathTransform
[        ] Caching disabled for DexingNoClasspathTransform: /Users/florian/Code/substitution/build/url_launcher_android/intermediates/runtime_library_classes_dir/debug/bundleLibRuntimeToDirDebug because:
[        ]   Build cache is disabled
[        ] Skipping DexingNoClasspathTransform: /Users/florian/Code/substitution/build/url_launcher_android/intermediates/runtime_library_classes_dir/debug/bundleLibRuntimeToDirDebug as it is up-to-date.
[        ] > Task :video_player_android:bundleLibRuntimeToDirDebug UP-TO-DATE
[        ] Caching disabled for task ':video_player_android:bundleLibRuntimeToDirDebug' because:
[        ]   Build cache is disabled
[        ]   Simple merging task
[        ] Skipping task ':video_player_android:bundleLibRuntimeToDirDebug' as it is up-to-date.
[        ] work action resolve bundleLibRuntimeToDirDebug (project :video_player_android) (Thread[#43291,Execution worker Thread 29,5,main]) started.
[        ] ClassesDirToClassesTransform (Thread[#43291,Execution worker Thread 29,5,main]) started.
[        ] Resolve mutations for :app:dexBuilderDebug (Thread[#43293,Execution worker Thread 31,5,main]) started.
[        ] :app:dexBuilderDebug (Thread[#43293,Execution worker Thread 31,5,main]) started.
[        ] DexingNoClasspathTransform (Thread[#43291,Execution worker Thread 29,5,main]) started.
[        ] > Task :app:dexBuilderDebug UP-TO-DATE
[        ] Caching disabled for task ':app:dexBuilderDebug' because:
[        ]   Build cache is disabled
[        ] Skipping task ':app:dexBuilderDebug' as it is up-to-date.
[        ] Resolve mutations for :app:mergeProjectDexDebug (Thread[#43293,Execution worker Thread 31,5,main]) started.
[        ] :app:mergeProjectDexDebug (Thread[#43293,Execution worker Thread 31,5,main]) started.
[        ] > Transform bundleLibRuntimeToDirDebug (project :video_player_android) with DexingNoClasspathTransform
[        ] Caching disabled for DexingNoClasspathTransform: /Users/florian/Code/substitution/build/video_player_android/intermediates/runtime_library_classes_dir/debug/bundleLibRuntimeToDirDebug because:
[        ]   Build cache is disabled
[        ] Skipping DexingNoClasspathTransform: /Users/florian/Code/substitution/build/video_player_android/intermediates/runtime_library_classes_dir/debug/bundleLibRuntimeToDirDebug as it is up-to-date.
[        ] > Task :app:mergeProjectDexDebug UP-TO-DATE
[        ] Caching disabled for task ':app:mergeProjectDexDebug' because:
[        ]   Build cache is disabled
[        ] Skipping task ':app:mergeProjectDexDebug' as it is up-to-date.
[        ] Resolve mutations for :app:mergeLibDexDebug (Thread[#43293,Execution worker Thread 31,5,main]) started.
[        ] :app:mergeLibDexDebug (Thread[#43293,Execution worker Thread 31,5,main]) started.
[        ] > Task :app:mergeLibDexDebug UP-TO-DATE
[        ] Caching disabled for task ':app:mergeLibDexDebug' because:
[        ]   Build cache is disabled
[        ] Skipping task ':app:mergeLibDexDebug' as it is up-to-date.
[        ] Resolve mutations for :app:configureCMakeDebug[arm64-v8a] (Thread[#43293,Execution worker Thread 31,5,main]) started.
[        ] :app:configureCMakeDebug[arm64-v8a] (Thread[#43293,Execution worker Thread 31,5,main]) started.
[        ] > Task :app:configureCMakeDebug[arm64-v8a]
[        ] Caching disabled for task ':app:configureCMakeDebug[arm64-v8a]' because:
[        ]   Build cache is disabled
[        ]   Caching has been disabled for the task
[        ] Task ':app:configureCMakeDebug[arm64-v8a]' is not up-to-date because:
[        ]   Task.upToDateWhen is false.
[        ] C/C++: /opt/homebrew/share/flutter/packages/flutter_tools/gradle/src/main/scripts/CMakeLists.txt debug|arm64-v8a : Start JSON generation. Platform version: 24 min SDK version: arm64-v8a
[        ] C/C++: /opt/homebrew/share/flutter/packages/flutter_tools/gradle/src/main/scripts/CMakeLists.txt debug|arm64-v8a : JSON '/Users/florian/Code/substitution/build/.cxx/debug/x6546535/arm64-v8a/android_gradle_build.json' was up-to-date
[        ] C/C++: /opt/homebrew/share/flutter/packages/flutter_tools/gradle/src/main/scripts/CMakeLists.txt debug|arm64-v8a : JSON generation completed without problems
[        ] C/C++: /opt/homebrew/share/flutter/packages/flutter_tools/gradle/src/main/scripts/CMakeLists.txt debug|arm64-v8a : Writing build model to /Users/florian/Code/substitution/build/app/intermediates/cxx/debug/x6546535/logs/arm64-v8a/build_model.json
[        ] Resolve mutations for :app:buildCMakeDebug[arm64-v8a] (Thread[#43293,Execution worker Thread 31,5,main]) started.
[        ] :app:buildCMakeDebug[arm64-v8a] (Thread[#43293,Execution worker Thread 31,5,main]) started.
[        ] > Task :app:buildCMakeDebug[arm64-v8a]
[        ] Caching disabled for task ':app:buildCMakeDebug[arm64-v8a]' because:
[        ]   Build cache is disabled
[        ]   Caching has been disabled for the task
[        ] Task ':app:buildCMakeDebug[arm64-v8a]' is not up-to-date because:
[        ]   Task.upToDateWhen is false.
[        ] C/C++: starting build
[        ] C/C++: reading expected JSONs
[        ] C/C++: done reading expected JSONs
[        ] C/C++: executing build commands for targets that produce .so files or executables
[        ] C/C++: evaluate miniconfig
[        ] C/C++: no libraries
[        ] Resolve mutations for :app:configureCMakeDebug[armeabi-v7a] (Thread[#43293,Execution worker Thread 31,5,main]) started.
[        ] :app:configureCMakeDebug[armeabi-v7a] (Thread[#43293,Execution worker Thread 31,5,main]) started.
[        ] > Task :app:configureCMakeDebug[armeabi-v7a]
[        ] Caching disabled for task ':app:configureCMakeDebug[armeabi-v7a]' because:
[        ]   Build cache is disabled
[        ]   Caching has been disabled for the task
[        ] Task ':app:configureCMakeDebug[armeabi-v7a]' is not up-to-date because:
[        ]   Task.upToDateWhen is false.
[        ] C/C++: /opt/homebrew/share/flutter/packages/flutter_tools/gradle/src/main/scripts/CMakeLists.txt debug|armeabi-v7a : Start JSON generation. Platform version: 24 min SDK version: armeabi-v7a
[        ] C/C++: /opt/homebrew/share/flutter/packages/flutter_tools/gradle/src/main/scripts/CMakeLists.txt debug|armeabi-v7a : JSON '/Users/florian/Code/substitution/build/.cxx/debug/x6546535/armeabi-v7a/android_gradle_build.json' was up-to-date
[        ] C/C++: /opt/homebrew/share/flutter/packages/flutter_tools/gradle/src/main/scripts/CMakeLists.txt debug|armeabi-v7a : JSON generation completed without problems
[        ] C/C++: /opt/homebrew/share/flutter/packages/flutter_tools/gradle/src/main/scripts/CMakeLists.txt debug|armeabi-v7a : Writing build model to /Users/florian/Code/substitution/build/app/intermediates/cxx/debug/x6546535/logs/armeabi-v7a/build_model.json
[        ] Resolve mutations for :app:buildCMakeDebug[armeabi-v7a] (Thread[#43293,Execution worker Thread 31,5,main]) started.
[        ] :app:buildCMakeDebug[armeabi-v7a] (Thread[#43293,Execution worker Thread 31,5,main]) started.
[        ] > Task :app:buildCMakeDebug[armeabi-v7a]
[        ] Caching disabled for task ':app:buildCMakeDebug[armeabi-v7a]' because:
[        ]   Build cache is disabled
[        ]   Caching has been disabled for the task
[        ] Task ':app:buildCMakeDebug[armeabi-v7a]' is not up-to-date because:
[        ]   Task.upToDateWhen is false.
[        ] C/C++: starting build
[        ] C/C++: reading expected JSONs
[        ] C/C++: done reading expected JSONs
[        ] C/C++: executing build commands for targets that produce .so files or executables
[        ] C/C++: evaluate miniconfig
[        ] C/C++: no libraries
[        ] Resolve mutations for :app:configureCMakeDebug[x86_64] (Thread[#43293,Execution worker Thread 31,5,main]) started.
[        ] :app:configureCMakeDebug[x86_64] (Thread[#43293,Execution worker Thread 31,5,main]) started.
[        ] > Task :app:configureCMakeDebug[x86_64]
[        ] Caching disabled for task ':app:configureCMakeDebug[x86_64]' because:
[        ]   Build cache is disabled
[        ]   Caching has been disabled for the task
[        ] Task ':app:configureCMakeDebug[x86_64]' is not up-to-date because:
[        ]   Task.upToDateWhen is false.
[        ] C/C++: /opt/homebrew/share/flutter/packages/flutter_tools/gradle/src/main/scripts/CMakeLists.txt debug|x86_64 : Start JSON generation. Platform version: 24 min SDK version: x86_64
[        ] C/C++: /opt/homebrew/share/flutter/packages/flutter_tools/gradle/src/main/scripts/CMakeLists.txt debug|x86_64 : JSON '/Users/florian/Code/substitution/build/.cxx/debug/x6546535/x86_64/android_gradle_build.json' was up-to-date
[        ] C/C++: /opt/homebrew/share/flutter/packages/flutter_tools/gradle/src/main/scripts/CMakeLists.txt debug|x86_64 : JSON generation completed without problems
[        ] C/C++: /opt/homebrew/share/flutter/packages/flutter_tools/gradle/src/main/scripts/CMakeLists.txt debug|x86_64 : Writing build model to /Users/florian/Code/substitution/build/app/intermediates/cxx/debug/x6546535/logs/x86_64/build_model.json
[        ] Resolve mutations for :app:buildCMakeDebug[x86_64] (Thread[#43293,Execution worker Thread 31,5,main]) started.
[        ] :app:buildCMakeDebug[x86_64] (Thread[#43293,Execution worker Thread 31,5,main]) started.
[        ] > Task :app:buildCMakeDebug[x86_64]
[        ] Caching disabled for task ':app:buildCMakeDebug[x86_64]' because:
[        ]   Build cache is disabled
[        ]   Caching has been disabled for the task
[        ] Task ':app:buildCMakeDebug[x86_64]' is not up-to-date because:
[        ]   Task.upToDateWhen is false.
[        ] C/C++: starting build
[        ] C/C++: reading expected JSONs
[        ] C/C++: done reading expected JSONs
[        ] C/C++: executing build commands for targets that produce .so files or executables
[        ] C/C++: evaluate miniconfig
[        ] C/C++: no libraries
[        ] Resolve mutations for :app:mergeDebugJniLibFolders (Thread[#43293,Execution worker Thread 31,5,main]) started.
[        ] :app:mergeDebugJniLibFolders (Thread[#43293,Execution worker Thread 31,5,main]) started.
[        ] > Task :app:mergeDebugJniLibFolders UP-TO-DATE
[        ] Caching disabled for task ':app:mergeDebugJniLibFolders' because:
[        ]   Build cache is disabled
[        ]   Simple merging task
[        ] Skipping task ':app:mergeDebugJniLibFolders' as it is up-to-date.
[        ] Resolve mutations for :connectivity_plus:mergeDebugJniLibFolders (Thread[#43293,Execution worker Thread 31,5,main]) started.
[        ] :connectivity_plus:mergeDebugJniLibFolders (Thread[#43293,Execution worker Thread 31,5,main]) started.
[        ] > Task :connectivity_plus:mergeDebugJniLibFolders UP-TO-DATE
[        ] Caching disabled for task ':connectivity_plus:mergeDebugJniLibFolders' because:
[        ]   Build cache is disabled
[        ]   Simple merging task
[        ] Skipping task ':connectivity_plus:mergeDebugJniLibFolders' as it is up-to-date.
[        ] Resolve mutations for :connectivity_plus:mergeDebugNativeLibs (Thread[#43293,Execution worker Thread 31,5,main]) started.
[        ] :connectivity_plus:mergeDebugNativeLibs (Thread[#43293,Execution worker Thread 31,5,main]) started.
[        ] > Task :connectivity_plus:mergeDebugNativeLibs NO-SOURCE
[        ] Skipping task ':connectivity_plus:mergeDebugNativeLibs' as it has no source files and no previous output files.
[        ] Resolve mutations for :connectivity_plus:copyDebugJniLibsProjectOnly (Thread[#43293,Execution worker Thread 31,5,main]) started.
[        ] :connectivity_plus:copyDebugJniLibsProjectOnly (Thread[#43293,Execution worker Thread 31,5,main]) started.
[        ] > Task :connectivity_plus:copyDebugJniLibsProjectOnly UP-TO-DATE
[        ] Caching disabled for task ':connectivity_plus:copyDebugJniLibsProjectOnly' because:
[        ]   Build cache is disabled
[        ]   Caching has been disabled for the task
[        ] Skipping task ':connectivity_plus:copyDebugJniLibsProjectOnly' as it is up-to-date.
[        ] work action resolve jni (project :connectivity_plus) (Thread[#43293,Execution worker Thread 31,5,main]) started.
[        ] Resolve mutations for :emoji_picker_flutter:mergeDebugJniLibFolders (Thread[#43293,Execution worker Thread 31,5,main]) started.
[        ] :emoji_picker_flutter:mergeDebugJniLibFolders (Thread[#43293,Execution worker Thread 31,5,main]) started.
[        ] > Task :emoji_picker_flutter:mergeDebugJniLibFolders UP-TO-DATE
[        ] Caching disabled for task ':emoji_picker_flutter:mergeDebugJniLibFolders' because:
[        ]   Build cache is disabled
[        ]   Simple merging task
[        ] Skipping task ':emoji_picker_flutter:mergeDebugJniLibFolders' as it is up-to-date.
[        ] Resolve mutations for :emoji_picker_flutter:mergeDebugNativeLibs (Thread[#43293,Execution worker Thread 31,5,main]) started.
[        ] :emoji_picker_flutter:mergeDebugNativeLibs (Thread[#43293,Execution worker Thread 31,5,main]) started.
[        ] > Task :emoji_picker_flutter:mergeDebugNativeLibs NO-SOURCE
[        ] Skipping task ':emoji_picker_flutter:mergeDebugNativeLibs' as it has no source files and no previous output files.
[        ] Resolve mutations for :emoji_picker_flutter:copyDebugJniLibsProjectOnly (Thread[#43293,Execution worker Thread 31,5,main]) started.
[        ] :emoji_picker_flutter:copyDebugJniLibsProjectOnly (Thread[#43293,Execution worker Thread 31,5,main]) started.
[        ] > Task :emoji_picker_flutter:copyDebugJniLibsProjectOnly UP-TO-DATE
[        ] Caching disabled for task ':emoji_picker_flutter:copyDebugJniLibsProjectOnly' because:
[        ]   Build cache is disabled
[        ]   Caching has been disabled for the task
[        ] Skipping task ':emoji_picker_flutter:copyDebugJniLibsProjectOnly' as it is up-to-date.
[        ] work action resolve jni (project :emoji_picker_flutter) (Thread[#43293,Execution worker Thread 31,5,main]) started.
[        ] Resolve mutations for :file_selector_android:mergeDebugJniLibFolders (Thread[#43293,Execution worker Thread 31,5,main]) started.
[        ] :file_selector_android:mergeDebugJniLibFolders (Thread[#43293,Execution worker Thread 31,5,main]) started.
[        ] > Task :file_selector_android:mergeDebugJniLibFolders UP-TO-DATE
[        ] Caching disabled for task ':file_selector_android:mergeDebugJniLibFolders' because:
[        ]   Build cache is disabled
[        ]   Simple merging task
[        ] Skipping task ':file_selector_android:mergeDebugJniLibFolders' as it is up-to-date.
[        ] Resolve mutations for :file_selector_android:mergeDebugNativeLibs (Thread[#43293,Execution worker Thread 31,5,main]) started.
[        ] :file_selector_android:mergeDebugNativeLibs (Thread[#43293,Execution worker Thread 31,5,main]) started.
[        ] > Task :file_selector_android:mergeDebugNativeLibs NO-SOURCE
[        ] Skipping task ':file_selector_android:mergeDebugNativeLibs' as it has no source files and no previous output files.
[        ] Resolve mutations for :file_selector_android:copyDebugJniLibsProjectOnly (Thread[#43293,Execution worker Thread 31,5,main]) started.
[        ] :file_selector_android:copyDebugJniLibsProjectOnly (Thread[#43293,Execution worker Thread 31,5,main]) started.
[        ] > Task :file_selector_android:copyDebugJniLibsProjectOnly UP-TO-DATE
[        ] Caching disabled for task ':file_selector_android:copyDebugJniLibsProjectOnly' because:
[        ]   Build cache is disabled
[        ]   Caching has been disabled for the task
[        ] Skipping task ':file_selector_android:copyDebugJniLibsProjectOnly' as it is up-to-date.
[        ] work action resolve jni (project :file_selector_android) (Thread[#43293,Execution worker Thread 31,5,main]) started.
[        ] Resolve mutations for :flutter_keyboard_visibility_temp_fork:mergeDebugJniLibFolders (Thread[#43293,Execution worker Thread 31,5,main]) started.
[        ] :flutter_keyboard_visibility_temp_fork:mergeDebugJniLibFolders (Thread[#43293,Execution worker Thread 31,5,main]) started.
[        ] > Task :flutter_keyboard_visibility_temp_fork:mergeDebugJniLibFolders UP-TO-DATE
[        ] Caching disabled for task ':flutter_keyboard_visibility_temp_fork:mergeDebugJniLibFolders' because:
[        ]   Build cache is disabled
[        ]   Simple merging task
[        ] Skipping task ':flutter_keyboard_visibility_temp_fork:mergeDebugJniLibFolders' as it is up-to-date.
[        ] Resolve mutations for :flutter_keyboard_visibility_temp_fork:mergeDebugNativeLibs (Thread[#43293,Execution worker Thread 31,5,main]) started.
[        ] :flutter_keyboard_visibility_temp_fork:mergeDebugNativeLibs (Thread[#43293,Execution worker Thread 31,5,main]) started.
[        ] > Task :flutter_keyboard_visibility_temp_fork:mergeDebugNativeLibs NO-SOURCE
[        ] Skipping task ':flutter_keyboard_visibility_temp_fork:mergeDebugNativeLibs' as it has no source files and no previous output files.
[        ] Resolve mutations for :flutter_keyboard_visibility_temp_fork:copyDebugJniLibsProjectOnly (Thread[#43293,Execution worker Thread 31,5,main]) started.
[        ] :flutter_keyboard_visibility_temp_fork:copyDebugJniLibsProjectOnly (Thread[#43293,Execution worker Thread 31,5,main]) started.
[        ] > Task :flutter_keyboard_visibility_temp_fork:copyDebugJniLibsProjectOnly UP-TO-DATE
[        ] Caching disabled for task ':flutter_keyboard_visibility_temp_fork:copyDebugJniLibsProjectOnly' because:
[        ]   Build cache is disabled
[        ]   Caching has been disabled for the task
[        ] Skipping task ':flutter_keyboard_visibility_temp_fork:copyDebugJniLibsProjectOnly' as it is up-to-date.
[        ] work action resolve jni (project :flutter_keyboard_visibility_temp_fork) (Thread[#43293,Execution worker Thread 31,5,main]) started.
[        ] Resolve mutations for :flutter_native_splash:mergeDebugJniLibFolders (Thread[#43293,Execution worker Thread 31,5,main]) started.
[        ] :flutter_native_splash:mergeDebugJniLibFolders (Thread[#43293,Execution worker Thread 31,5,main]) started.
[        ] > Task :flutter_native_splash:mergeDebugJniLibFolders UP-TO-DATE
[        ] Caching disabled for task ':flutter_native_splash:mergeDebugJniLibFolders' because:
[        ]   Build cache is disabled
[        ]   Simple merging task
[        ] Skipping task ':flutter_native_splash:mergeDebugJniLibFolders' as it is up-to-date.
[        ] Resolve mutations for :flutter_native_splash:mergeDebugNativeLibs (Thread[#43293,Execution worker Thread 31,5,main]) started.
[        ] :flutter_native_splash:mergeDebugNativeLibs (Thread[#43293,Execution worker Thread 31,5,main]) started.
[        ] > Task :flutter_native_splash:mergeDebugNativeLibs NO-SOURCE
[        ] Skipping task ':flutter_native_splash:mergeDebugNativeLibs' as it has no source files and no previous output files.
[        ] Resolve mutations for :flutter_native_splash:copyDebugJniLibsProjectOnly (Thread[#43293,Execution worker Thread 31,5,main]) started.
[        ] :flutter_native_splash:copyDebugJniLibsProjectOnly (Thread[#43293,Execution worker Thread 31,5,main]) started.
[        ] > Task :flutter_native_splash:copyDebugJniLibsProjectOnly UP-TO-DATE
[        ] Caching disabled for task ':flutter_native_splash:copyDebugJniLibsProjectOnly' because:
[        ]   Build cache is disabled
[        ]   Caching has been disabled for the task
[        ] Skipping task ':flutter_native_splash:copyDebugJniLibsProjectOnly' as it is up-to-date.
[        ] work action resolve jni (project :flutter_native_splash) (Thread[#43293,Execution worker Thread 31,5,main]) started.
[        ] Resolve mutations for :flutter_olm:preProfileBuild (Thread[#43293,Execution worker Thread 31,5,main]) started.
[        ] :flutter_olm:preProfileBuild (Thread[#43293,Execution worker Thread 31,5,main]) started.
[        ] > Task :flutter_olm:preProfileBuild UP-TO-DATE
[        ] Skipping task ':flutter_olm:preProfileBuild' as it has no actions.
[        ] Resolve mutations for :flutter_olm:configureCMakeDebug[arm64-v8a] (Thread[#43293,Execution worker Thread 31,5,main]) started.
[        ] :flutter_olm:configureCMakeDebug[arm64-v8a] (Thread[#43293,Execution worker Thread 31,5,main]) started.
[        ] > Task :flutter_olm:configureCMakeDebug[arm64-v8a]
[        ] Caching disabled for task ':flutter_olm:configureCMakeDebug[arm64-v8a]' because:
[        ]   Build cache is disabled
[        ]   Caching has been disabled for the task
[        ] Task ':flutter_olm:configureCMakeDebug[arm64-v8a]' is not up-to-date because:
[        ]   Task.upToDateWhen is false.
[        ] C/C++: /Users/florian/.pub-cache/hosted/pub.dev/flutter_olm-2.0.0/ios/CMakeLists.txt profile|arm64-v8a : Start JSON generation. Platform version: 21 min SDK version: arm64-v8a
[        ] C/C++: /Users/florian/.pub-cache/hosted/pub.dev/flutter_olm-2.0.0/ios/CMakeLists.txt profile|arm64-v8a : JSON '/Users/florian/.pub-cache/hosted/pub.dev/flutter_olm-2.0.0/android/.cxx/Debug/611a6669/arm64-v8a/android_gradle_build.json' was up-to-date
[        ] C/C++: /Users/florian/.pub-cache/hosted/pub.dev/flutter_olm-2.0.0/ios/CMakeLists.txt profile|arm64-v8a : JSON generation completed without problems
[        ] C/C++: /Users/florian/.pub-cache/hosted/pub.dev/flutter_olm-2.0.0/ios/CMakeLists.txt profile|arm64-v8a : Writing build model to /Users/florian/Code/substitution/build/flutter_olm/intermediates/cxx/Debug/611a6669/logs/arm64-v8a/build_model.json
[        ] Resolve mutations for :flutter_olm:buildCMakeDebug[arm64-v8a] (Thread[#43293,Execution worker Thread 31,5,main]) started.
[        ] :flutter_olm:buildCMakeDebug[arm64-v8a] (Thread[#43293,Execution worker Thread 31,5,main]) started.
[        ] > Task :flutter_olm:buildCMakeDebug[arm64-v8a]
[        ] Caching disabled for task ':flutter_olm:buildCMakeDebug[arm64-v8a]' because:
[        ]   Build cache is disabled
[        ]   Caching has been disabled for the task
[        ] Task ':flutter_olm:buildCMakeDebug[arm64-v8a]' is not up-to-date because:
[        ]   Task.upToDateWhen is false.
[        ] C/C++: starting build
[        ] C/C++: reading expected JSONs
[        ] C/C++: done reading expected JSONs
[        ] C/C++: executing build commands for targets that produce .so files or executables
[        ] C/C++: evaluate miniconfig
[        ] C/C++: evaluate library olm (arm64-v8a)
[        ] C/C++: building target library olm because no targets are specified.
[        ] C/C++: about to build targets olm
[        ] C/C++: Build olm
[        ] C/C++: /Users/florian/Library/Android/sdk/cmake/3.22.1/bin/ninja \
[        ]   -C \
[        ]   /Users/florian/.pub-cache/hosted/pub.dev/flutter_olm-2.0.0/android/.cxx/Debug/611a6669/arm64-v8a \
[        ]   olm
[        ] Starting process 'command '/Users/florian/Library/Android/sdk/cmake/3.22.1/bin/ninja''. Working directory: /Users/florian/.pub-cache/hosted/pub.dev/flutter_olm-2.0.0/android Command: /Users/florian/Library/Android/sdk/cmake/3.22.1/bin/ninja -C /Users/florian/.pub-cache/hosted/pub.dev/flutter_olm-2.0.0/android/.cxx/Debug/611a6669/arm64-v8a olm
[        ] Successfully started process 'command '/Users/florian/Library/Android/sdk/cmake/3.22.1/bin/ninja''
[        ] C/C++: Received process result: 0
[        ] C/C++: check expected build outputs
[        ] C/C++: build complete
[        ] Resolve mutations for :flutter_olm:configureCMakeDebug[armeabi-v7a] (Thread[#43293,Execution worker Thread 31,5,main]) started.
[        ] :flutter_olm:configureCMakeDebug[armeabi-v7a] (Thread[#43293,Execution worker Thread 31,5,main]) started.
[        ] > Task :flutter_olm:configureCMakeDebug[armeabi-v7a]
[        ] Caching disabled for task ':flutter_olm:configureCMakeDebug[armeabi-v7a]' because:
[        ]   Build cache is disabled
[        ]   Caching has been disabled for the task
[        ] Task ':flutter_olm:configureCMakeDebug[armeabi-v7a]' is not up-to-date because:
[        ]   Task.upToDateWhen is false.
[        ] C/C++: /Users/florian/.pub-cache/hosted/pub.dev/flutter_olm-2.0.0/ios/CMakeLists.txt profile|armeabi-v7a : Start JSON generation. Platform version: 21 min SDK version: armeabi-v7a
[        ] C/C++: /Users/florian/.pub-cache/hosted/pub.dev/flutter_olm-2.0.0/ios/CMakeLists.txt profile|armeabi-v7a : JSON '/Users/florian/.pub-cache/hosted/pub.dev/flutter_olm-2.0.0/android/.cxx/Debug/611a6669/armeabi-v7a/android_gradle_build.json' was up-to-date
[        ] C/C++: /Users/florian/.pub-cache/hosted/pub.dev/flutter_olm-2.0.0/ios/CMakeLists.txt profile|armeabi-v7a : JSON generation completed without problems
[        ] C/C++: /Users/florian/.pub-cache/hosted/pub.dev/flutter_olm-2.0.0/ios/CMakeLists.txt profile|armeabi-v7a : Writing build model to /Users/florian/Code/substitution/build/flutter_olm/intermediates/cxx/Debug/611a6669/logs/armeabi-v7a/build_model.json
[        ] Resolve mutations for :flutter_olm:buildCMakeDebug[armeabi-v7a] (Thread[#43293,Execution worker Thread 31,5,main]) started.
[        ] :flutter_olm:buildCMakeDebug[armeabi-v7a] (Thread[#43293,Execution worker Thread 31,5,main]) started.
[        ] > Task :flutter_olm:buildCMakeDebug[armeabi-v7a]
[        ] Caching disabled for task ':flutter_olm:buildCMakeDebug[armeabi-v7a]' because:
[        ]   Build cache is disabled
[        ]   Caching has been disabled for the task
[        ] Task ':flutter_olm:buildCMakeDebug[armeabi-v7a]' is not up-to-date because:
[        ]   Task.upToDateWhen is false.
[        ] C/C++: starting build
[        ] C/C++: reading expected JSONs
[        ] C/C++: done reading expected JSONs
[        ] C/C++: executing build commands for targets that produce .so files or executables
[        ] C/C++: evaluate miniconfig
[        ] C/C++: evaluate library olm (armeabi-v7a)
[        ] C/C++: building target library olm because no targets are specified.
[        ] C/C++: about to build targets olm
[        ] C/C++: Build olm
[        ] C/C++: /Users/florian/Library/Android/sdk/cmake/3.22.1/bin/ninja \
[        ]   -C \
[        ]   /Users/florian/.pub-cache/hosted/pub.dev/flutter_olm-2.0.0/android/.cxx/Debug/611a6669/armeabi-v7a \
[        ]   olm
[        ] Starting process 'command '/Users/florian/Library/Android/sdk/cmake/3.22.1/bin/ninja''. Working directory: /Users/florian/.pub-cache/hosted/pub.dev/flutter_olm-2.0.0/android Command: /Users/florian/Library/Android/sdk/cmake/3.22.1/bin/ninja -C /Users/florian/.pub-cache/hosted/pub.dev/flutter_olm-2.0.0/android/.cxx/Debug/611a6669/armeabi-v7a olm
[        ] Successfully started process 'command '/Users/florian/Library/Android/sdk/cmake/3.22.1/bin/ninja''
[        ] C/C++: Received process result: 0
[        ] C/C++: check expected build outputs
[        ] C/C++: build complete
[        ] Resolve mutations for :flutter_olm:configureCMakeDebug[x86] (Thread[#43293,Execution worker Thread 31,5,main]) started.
[        ] :flutter_olm:configureCMakeDebug[x86] (Thread[#43293,Execution worker Thread 31,5,main]) started.
[        ] > Task :flutter_olm:configureCMakeDebug[x86]
[        ] Caching disabled for task ':flutter_olm:configureCMakeDebug[x86]' because:
[        ]   Build cache is disabled
[        ]   Caching has been disabled for the task
[        ] Task ':flutter_olm:configureCMakeDebug[x86]' is not up-to-date because:
[        ]   Task.upToDateWhen is false.
[        ] C/C++: /Users/florian/.pub-cache/hosted/pub.dev/flutter_olm-2.0.0/ios/CMakeLists.txt profile|x86 : Start JSON generation. Platform version: 21 min SDK version: x86
[        ] C/C++: /Users/florian/.pub-cache/hosted/pub.dev/flutter_olm-2.0.0/ios/CMakeLists.txt profile|x86 : JSON '/Users/florian/.pub-cache/hosted/pub.dev/flutter_olm-2.0.0/android/.cxx/Debug/611a6669/x86/android_gradle_build.json' was up-to-date
[        ] C/C++: /Users/florian/.pub-cache/hosted/pub.dev/flutter_olm-2.0.0/ios/CMakeLists.txt profile|x86 : JSON generation completed without problems
[        ] C/C++: /Users/florian/.pub-cache/hosted/pub.dev/flutter_olm-2.0.0/ios/CMakeLists.txt profile|x86 : Writing build model to /Users/florian/Code/substitution/build/flutter_olm/intermediates/cxx/Debug/611a6669/logs/x86/build_model.json
[        ] Resolve mutations for :flutter_olm:buildCMakeDebug[x86] (Thread[#43293,Execution worker Thread 31,5,main]) started.
[        ] :flutter_olm:buildCMakeDebug[x86] (Thread[#43293,Execution worker Thread 31,5,main]) started.
[        ] > Task :flutter_olm:buildCMakeDebug[x86]
[        ] Caching disabled for task ':flutter_olm:buildCMakeDebug[x86]' because:
[        ]   Build cache is disabled
[        ]   Caching has been disabled for the task
[        ] Task ':flutter_olm:buildCMakeDebug[x86]' is not up-to-date because:
[        ]   Task.upToDateWhen is false.
[        ] C/C++: starting build
[        ] C/C++: reading expected JSONs
[        ] C/C++: done reading expected JSONs
[        ] C/C++: executing build commands for targets that produce .so files or executables
[        ] C/C++: evaluate miniconfig
[        ] C/C++: evaluate library olm (x86)
[        ] C/C++: building target library olm because no targets are specified.
[        ] C/C++: about to build targets olm
[        ] C/C++: Build olm
[        ] C/C++: /Users/florian/Library/Android/sdk/cmake/3.22.1/bin/ninja \
[        ]   -C \
[        ]   /Users/florian/.pub-cache/hosted/pub.dev/flutter_olm-2.0.0/android/.cxx/Debug/611a6669/x86 \
[        ]   olm
[        ] Starting process 'command '/Users/florian/Library/Android/sdk/cmake/3.22.1/bin/ninja''. Working directory: /Users/florian/.pub-cache/hosted/pub.dev/flutter_olm-2.0.0/android Command: /Users/florian/Library/Android/sdk/cmake/3.22.1/bin/ninja -C /Users/florian/.pub-cache/hosted/pub.dev/flutter_olm-2.0.0/android/.cxx/Debug/611a6669/x86 olm
[        ] Successfully started process 'command '/Users/florian/Library/Android/sdk/cmake/3.22.1/bin/ninja''
[        ] C/C++: Received process result: 0
[        ] C/C++: check expected build outputs
[        ] C/C++: build complete
[        ] Resolve mutations for :flutter_olm:configureCMakeDebug[x86_64] (Thread[#43293,Execution worker Thread 31,5,main]) started.
[        ] :flutter_olm:configureCMakeDebug[x86_64] (Thread[#43293,Execution worker Thread 31,5,main]) started.
[        ] > Task :flutter_olm:configureCMakeDebug[x86_64]
[        ] Caching disabled for task ':flutter_olm:configureCMakeDebug[x86_64]' because:
[        ]   Build cache is disabled
[        ]   Caching has been disabled for the task
[        ] Task ':flutter_olm:configureCMakeDebug[x86_64]' is not up-to-date because:
[        ]   Task.upToDateWhen is false.
[        ] C/C++: /Users/florian/.pub-cache/hosted/pub.dev/flutter_olm-2.0.0/ios/CMakeLists.txt profile|x86_64 : Start JSON generation. Platform version: 21 min SDK version: x86_64
[        ] C/C++: /Users/florian/.pub-cache/hosted/pub.dev/flutter_olm-2.0.0/ios/CMakeLists.txt profile|x86_64 : JSON '/Users/florian/.pub-cache/hosted/pub.dev/flutter_olm-2.0.0/android/.cxx/Debug/611a6669/x86_64/android_gradle_build.json' was up-to-date
[        ] C/C++: /Users/florian/.pub-cache/hosted/pub.dev/flutter_olm-2.0.0/ios/CMakeLists.txt profile|x86_64 : JSON generation completed without problems
[        ] C/C++: /Users/florian/.pub-cache/hosted/pub.dev/flutter_olm-2.0.0/ios/CMakeLists.txt profile|x86_64 : Writing build model to /Users/florian/Code/substitution/build/flutter_olm/intermediates/cxx/Debug/611a6669/logs/x86_64/build_model.json
[        ] Resolve mutations for :flutter_olm:buildCMakeDebug[x86_64] (Thread[#43293,Execution worker Thread 31,5,main]) started.
[        ] :flutter_olm:buildCMakeDebug[x86_64] (Thread[#43293,Execution worker Thread 31,5,main]) started.
[        ] > Task :flutter_olm:buildCMakeDebug[x86_64]
[        ] Caching disabled for task ':flutter_olm:buildCMakeDebug[x86_64]' because:
[        ]   Build cache is disabled
[        ]   Caching has been disabled for the task
[        ] Task ':flutter_olm:buildCMakeDebug[x86_64]' is not up-to-date because:
[        ]   Task.upToDateWhen is false.
[        ] C/C++: starting build
[        ] C/C++: reading expected JSONs
[        ] C/C++: done reading expected JSONs
[        ] C/C++: executing build commands for targets that produce .so files or executables
[        ] C/C++: evaluate miniconfig
[        ] C/C++: evaluate library olm (x86_64)
[        ] C/C++: building target library olm because no targets are specified.
[        ] C/C++: about to build targets olm
[        ] C/C++: Build olm
[        ] C/C++: /Users/florian/Library/Android/sdk/cmake/3.22.1/bin/ninja \
[        ]   -C \
[        ]   /Users/florian/.pub-cache/hosted/pub.dev/flutter_olm-2.0.0/android/.cxx/Debug/611a6669/x86_64 \
[        ]   olm
[        ] Starting process 'command '/Users/florian/Library/Android/sdk/cmake/3.22.1/bin/ninja''. Working directory: /Users/florian/.pub-cache/hosted/pub.dev/flutter_olm-2.0.0/android Command: /Users/florian/Library/Android/sdk/cmake/3.22.1/bin/ninja -C /Users/florian/.pub-cache/hosted/pub.dev/flutter_olm-2.0.0/android/.cxx/Debug/611a6669/x86_64 olm
[        ] Successfully started process 'command '/Users/florian/Library/Android/sdk/cmake/3.22.1/bin/ninja''
[        ] C/C++: Received process result: 0
[        ] C/C++: check expected build outputs
[        ] C/C++: build complete
[        ] Resolve mutations for :flutter_olm:mergeDebugJniLibFolders (Thread[#43293,Execution worker Thread 31,5,main]) started.
[        ] :flutter_olm:mergeDebugJniLibFolders (Thread[#43293,Execution worker Thread 31,5,main]) started.
[        ] > Task :flutter_olm:mergeDebugJniLibFolders UP-TO-DATE
[        ] Caching disabled for task ':flutter_olm:mergeDebugJniLibFolders' because:
[        ]   Build cache is disabled
[        ]   Simple merging task
[        ] Skipping task ':flutter_olm:mergeDebugJniLibFolders' as it is up-to-date.
[        ] Resolve mutations for :flutter_olm:mergeDebugNativeLibs (Thread[#43293,Execution worker Thread 31,5,main]) started.
[        ] :flutter_olm:mergeDebugNativeLibs (Thread[#43293,Execution worker Thread 31,5,main]) started.
[        ] > Task :flutter_olm:mergeDebugNativeLibs UP-TO-DATE
[        ] Caching disabled for task ':flutter_olm:mergeDebugNativeLibs' because:
[        ]   Build cache is disabled
[        ]   Caching has been disabled for the task
[        ] Skipping task ':flutter_olm:mergeDebugNativeLibs' as it is up-to-date.
[        ] Resolve mutations for :flutter_olm:copyDebugJniLibsProjectOnly (Thread[#43293,Execution worker Thread 31,5,main]) started.
[        ] :flutter_olm:copyDebugJniLibsProjectOnly (Thread[#43293,Execution worker Thread 31,5,main]) started.
[        ] > Task :flutter_olm:copyDebugJniLibsProjectOnly UP-TO-DATE
[        ] Caching disabled for task ':flutter_olm:copyDebugJniLibsProjectOnly' because:
[        ]   Build cache is disabled
[        ]   Caching has been disabled for the task
[        ] Skipping task ':flutter_olm:copyDebugJniLibsProjectOnly' as it is up-to-date.
[        ] work action resolve jni (project :flutter_olm) (Thread[#43293,Execution worker Thread 31,5,main]) started.
[        ] Resolve mutations for :flutter_openssl_crypto:preProfileBuild (Thread[#43293,Execution worker Thread 31,5,main]) started.
[        ] :flutter_openssl_crypto:preProfileBuild (Thread[#43293,Execution worker Thread 31,5,main]) started.
[        ] > Task :flutter_openssl_crypto:preProfileBuild UP-TO-DATE
[        ] Skipping task ':flutter_openssl_crypto:preProfileBuild' as it has no actions.
[        ] Resolve mutations for :flutter_openssl_crypto:configureCMakeDebug[arm64-v8a] (Thread[#43293,Execution worker Thread 31,5,main]) started.
[        ] :flutter_openssl_crypto:configureCMakeDebug[arm64-v8a] (Thread[#43293,Execution worker Thread 31,5,main]) started.
[        ] > Task :flutter_openssl_crypto:configureCMakeDebug[arm64-v8a]
[        ] Caching disabled for task ':flutter_openssl_crypto:configureCMakeDebug[arm64-v8a]' because:
[        ]   Build cache is disabled
[        ]   Caching has been disabled for the task
[        ] Task ':flutter_openssl_crypto:configureCMakeDebug[arm64-v8a]' is not up-to-date because:
[        ]   Task.upToDateWhen is false.
[        ] C/C++: /Users/florian/.pub-cache/hosted/pub.dev/flutter_openssl_crypto-0.5.0/android/CMakeLists.txt profile|arm64-v8a : Start JSON generation. Platform version: 21 min SDK version: arm64-v8a
[        ] C/C++: /Users/florian/.pub-cache/hosted/pub.dev/flutter_openssl_crypto-0.5.0/android/CMakeLists.txt profile|arm64-v8a : JSON '/Users/florian/.pub-cache/hosted/pub.dev/flutter_openssl_crypto-0.5.0/android/.cxx/Debug/42n1p1e4/arm64-v8a/android_gradle_build.json' was up-to-date
[        ] C/C++: /Users/florian/.pub-cache/hosted/pub.dev/flutter_openssl_crypto-0.5.0/android/CMakeLists.txt profile|arm64-v8a : JSON generation completed without problems
[        ] C/C++: /Users/florian/.pub-cache/hosted/pub.dev/flutter_openssl_crypto-0.5.0/android/CMakeLists.txt profile|arm64-v8a : Writing build model to /Users/florian/Code/substitution/build/flutter_openssl_crypto/intermediates/cxx/Debug/42n1p1e4/logs/arm64-v8a/build_model.json
[        ] Resolve mutations for :flutter_openssl_crypto:buildCMakeDebug[arm64-v8a] (Thread[#43293,Execution worker Thread 31,5,main]) started.
[        ] :flutter_openssl_crypto:buildCMakeDebug[arm64-v8a] (Thread[#43293,Execution worker Thread 31,5,main]) started.
[        ] > Task :flutter_openssl_crypto:buildCMakeDebug[arm64-v8a]
[        ] Caching disabled for task ':flutter_openssl_crypto:buildCMakeDebug[arm64-v8a]' because:
[        ]   Build cache is disabled
[        ]   Caching has been disabled for the task
[        ] Task ':flutter_openssl_crypto:buildCMakeDebug[arm64-v8a]' is not up-to-date because:
[        ]   Task.upToDateWhen is false.
[        ] C/C++: starting build
[        ] C/C++: reading expected JSONs
[        ] C/C++: done reading expected JSONs
[        ] C/C++: executing build commands for targets that produce .so files or executables
[        ] C/C++: evaluate miniconfig
[        ] C/C++: evaluate library flutter_openssl_crypto (arm64-v8a)
[        ] C/C++: building target library flutter_openssl_crypto because no targets are specified.
[        ] C/C++: about to build targets flutter_openssl_crypto
[        ] C/C++: Build flutter_openssl_crypto
[        ] C/C++: /Users/florian/Library/Android/sdk/cmake/3.22.1/bin/ninja \
[        ]   -C \
[        ]   /Users/florian/.pub-cache/hosted/pub.dev/flutter_openssl_crypto-0.5.0/android/.cxx/Debug/42n1p1e4/arm64-v8a \
[        ]   flutter_openssl_crypto
[        ] Starting process 'command '/Users/florian/Library/Android/sdk/cmake/3.22.1/bin/ninja''. Working directory: /Users/florian/.pub-cache/hosted/pub.dev/flutter_openssl_crypto-0.5.0/android Command: /Users/florian/Library/Android/sdk/cmake/3.22.1/bin/ninja -C /Users/florian/.pub-cache/hosted/pub.dev/flutter_openssl_crypto-0.5.0/android/.cxx/Debug/42n1p1e4/arm64-v8a flutter_openssl_crypto
[        ] Successfully started process 'command '/Users/florian/Library/Android/sdk/cmake/3.22.1/bin/ninja''
[        ] C/C++: Received process result: 0
[        ] C/C++: check expected build outputs
[        ] C/C++: build complete
[        ] Resolve mutations for :flutter_openssl_crypto:configureCMakeDebug[armeabi-v7a] (Thread[#43293,Execution worker Thread 31,5,main]) started.
[        ] :flutter_openssl_crypto:configureCMakeDebug[armeabi-v7a] (Thread[#43293,Execution worker Thread 31,5,main]) started.
[        ] > Task :flutter_openssl_crypto:configureCMakeDebug[armeabi-v7a]
[        ] Caching disabled for task ':flutter_openssl_crypto:configureCMakeDebug[armeabi-v7a]' because:
[        ]   Build cache is disabled
[        ]   Caching has been disabled for the task
[        ] Task ':flutter_openssl_crypto:configureCMakeDebug[armeabi-v7a]' is not up-to-date because:
[        ]   Task.upToDateWhen is false.
[        ] C/C++: /Users/florian/.pub-cache/hosted/pub.dev/flutter_openssl_crypto-0.5.0/android/CMakeLists.txt profile|armeabi-v7a : Start JSON generation. Platform version: 21 min SDK version: armeabi-v7a
[        ] C/C++: /Users/florian/.pub-cache/hosted/pub.dev/flutter_openssl_crypto-0.5.0/android/CMakeLists.txt profile|armeabi-v7a : JSON '/Users/florian/.pub-cache/hosted/pub.dev/flutter_openssl_crypto-0.5.0/android/.cxx/Debug/42n1p1e4/armeabi-v7a/android_gradle_build.json' was up-to-date
[        ] C/C++: /Users/florian/.pub-cache/hosted/pub.dev/flutter_openssl_crypto-0.5.0/android/CMakeLists.txt profile|armeabi-v7a : JSON generation completed without problems
[        ] C/C++: /Users/florian/.pub-cache/hosted/pub.dev/flutter_openssl_crypto-0.5.0/android/CMakeLists.txt profile|armeabi-v7a : Writing build model to /Users/florian/Code/substitution/build/flutter_openssl_crypto/intermediates/cxx/Debug/42n1p1e4/logs/armeabi-v7a/build_model.json
[        ] Resolve mutations for :flutter_openssl_crypto:buildCMakeDebug[armeabi-v7a] (Thread[#43293,Execution worker Thread 31,5,main]) started.
[        ] :flutter_openssl_crypto:buildCMakeDebug[armeabi-v7a] (Thread[#43293,Execution worker Thread 31,5,main]) started.
[        ] > Task :flutter_openssl_crypto:buildCMakeDebug[armeabi-v7a]
[        ] Caching disabled for task ':flutter_openssl_crypto:buildCMakeDebug[armeabi-v7a]' because:
[        ]   Build cache is disabled
[        ]   Caching has been disabled for the task
[        ] Task ':flutter_openssl_crypto:buildCMakeDebug[armeabi-v7a]' is not up-to-date because:
[        ]   Task.upToDateWhen is false.
[        ] C/C++: starting build
[        ] C/C++: reading expected JSONs
[        ] C/C++: done reading expected JSONs
[        ] C/C++: executing build commands for targets that produce .so files or executables
[        ] C/C++: evaluate miniconfig
[        ] C/C++: evaluate library flutter_openssl_crypto (armeabi-v7a)
[        ] C/C++: building target library flutter_openssl_crypto because no targets are specified.
[        ] C/C++: about to build targets flutter_openssl_crypto
[        ] C/C++: Build flutter_openssl_crypto
[        ] C/C++: /Users/florian/Library/Android/sdk/cmake/3.22.1/bin/ninja \
[        ]   -C \
[        ]   /Users/florian/.pub-cache/hosted/pub.dev/flutter_openssl_crypto-0.5.0/android/.cxx/Debug/42n1p1e4/armeabi-v7a \
[        ]   flutter_openssl_crypto
[        ] Starting process 'command '/Users/florian/Library/Android/sdk/cmake/3.22.1/bin/ninja''. Working directory: /Users/florian/.pub-cache/hosted/pub.dev/flutter_openssl_crypto-0.5.0/android Command: /Users/florian/Library/Android/sdk/cmake/3.22.1/bin/ninja -C /Users/florian/.pub-cache/hosted/pub.dev/flutter_openssl_crypto-0.5.0/android/.cxx/Debug/42n1p1e4/armeabi-v7a flutter_openssl_crypto
[        ] Successfully started process 'command '/Users/florian/Library/Android/sdk/cmake/3.22.1/bin/ninja''
[        ] C/C++: Received process result: 0
[        ] C/C++: check expected build outputs
[        ] C/C++: build complete
[        ] Resolve mutations for :flutter_openssl_crypto:configureCMakeDebug[x86] (Thread[#43293,Execution worker Thread 31,5,main]) started.
[        ] :flutter_openssl_crypto:configureCMakeDebug[x86] (Thread[#43293,Execution worker Thread 31,5,main]) started.
[        ] > Task :flutter_openssl_crypto:configureCMakeDebug[x86]
[        ] Caching disabled for task ':flutter_openssl_crypto:configureCMakeDebug[x86]' because:
[        ]   Build cache is disabled
[        ]   Caching has been disabled for the task
[        ] Task ':flutter_openssl_crypto:configureCMakeDebug[x86]' is not up-to-date because:
[        ]   Task.upToDateWhen is false.
[        ] C/C++: /Users/florian/.pub-cache/hosted/pub.dev/flutter_openssl_crypto-0.5.0/android/CMakeLists.txt profile|x86 : Start JSON generation. Platform version: 21 min SDK version: x86
[        ] C/C++: /Users/florian/.pub-cache/hosted/pub.dev/flutter_openssl_crypto-0.5.0/android/CMakeLists.txt profile|x86 : JSON '/Users/florian/.pub-cache/hosted/pub.dev/flutter_openssl_crypto-0.5.0/android/.cxx/Debug/42n1p1e4/x86/android_gradle_build.json' was up-to-date
[        ] C/C++: /Users/florian/.pub-cache/hosted/pub.dev/flutter_openssl_crypto-0.5.0/android/CMakeLists.txt profile|x86 : JSON generation completed without problems
[        ] C/C++: /Users/florian/.pub-cache/hosted/pub.dev/flutter_openssl_crypto-0.5.0/android/CMakeLists.txt profile|x86 : Writing build model to /Users/florian/Code/substitution/build/flutter_openssl_crypto/intermediates/cxx/Debug/42n1p1e4/logs/x86/build_model.json
[        ] Resolve mutations for :flutter_openssl_crypto:buildCMakeDebug[x86] (Thread[#43293,Execution worker Thread 31,5,main]) started.
[        ] :flutter_openssl_crypto:buildCMakeDebug[x86] (Thread[#43293,Execution worker Thread 31,5,main]) started.
[  +97 ms] > Task :flutter_openssl_crypto:buildCMakeDebug[x86]
[        ] Caching disabled for task ':flutter_openssl_crypto:buildCMakeDebug[x86]' because:
[        ]   Build cache is disabled
[        ]   Caching has been disabled for the task
[        ] Task ':flutter_openssl_crypto:buildCMakeDebug[x86]' is not up-to-date because:
[        ]   Task.upToDateWhen is false.
[        ] C/C++: starting build
[        ] C/C++: reading expected JSONs
[        ] C/C++: done reading expected JSONs
[        ] C/C++: executing build commands for targets that produce .so files or executables
[        ] C/C++: evaluate miniconfig
[        ] C/C++: evaluate library flutter_openssl_crypto (x86)
[        ] C/C++: building target library flutter_openssl_crypto because no targets are specified.
[        ] C/C++: about to build targets flutter_openssl_crypto
[        ] C/C++: Build flutter_openssl_crypto
[        ] C/C++: /Users/florian/Library/Android/sdk/cmake/3.22.1/bin/ninja \
[        ]   -C \
[        ]   /Users/florian/.pub-cache/hosted/pub.dev/flutter_openssl_crypto-0.5.0/android/.cxx/Debug/42n1p1e4/x86 \
[        ]   flutter_openssl_crypto
[        ] Starting process 'command '/Users/florian/Library/Android/sdk/cmake/3.22.1/bin/ninja''. Working directory: /Users/florian/.pub-cache/hosted/pub.dev/flutter_openssl_crypto-0.5.0/android Command: /Users/florian/Library/Android/sdk/cmake/3.22.1/bin/ninja -C /Users/florian/.pub-cache/hosted/pub.dev/flutter_openssl_crypto-0.5.0/android/.cxx/Debug/42n1p1e4/x86 flutter_openssl_crypto
[        ] Successfully started process 'command '/Users/florian/Library/Android/sdk/cmake/3.22.1/bin/ninja''
[        ] C/C++: Received process result: 0
[        ] C/C++: check expected build outputs
[        ] C/C++: build complete
[        ] Resolve mutations for :flutter_openssl_crypto:configureCMakeDebug[x86_64] (Thread[#43293,Execution worker Thread 31,5,main]) started.
[        ] :flutter_openssl_crypto:configureCMakeDebug[x86_64] (Thread[#43293,Execution worker Thread 31,5,main]) started.
[        ] > Task :flutter_openssl_crypto:configureCMakeDebug[x86_64]
[        ] Caching disabled for task ':flutter_openssl_crypto:configureCMakeDebug[x86_64]' because:
[        ]   Build cache is disabled
[        ]   Caching has been disabled for the task
[        ] Task ':flutter_openssl_crypto:configureCMakeDebug[x86_64]' is not up-to-date because:
[        ]   Task.upToDateWhen is false.
[        ] C/C++: /Users/florian/.pub-cache/hosted/pub.dev/flutter_openssl_crypto-0.5.0/android/CMakeLists.txt profile|x86_64 : Start JSON generation. Platform version: 21 min SDK version: x86_64
[        ] C/C++: /Users/florian/.pub-cache/hosted/pub.dev/flutter_openssl_crypto-0.5.0/android/CMakeLists.txt profile|x86_64 : JSON '/Users/florian/.pub-cache/hosted/pub.dev/flutter_openssl_crypto-0.5.0/android/.cxx/Debug/42n1p1e4/x86_64/android_gradle_build.json' was up-to-date
[        ] C/C++: /Users/florian/.pub-cache/hosted/pub.dev/flutter_openssl_crypto-0.5.0/android/CMakeLists.txt profile|x86_64 : JSON generation completed without problems
[        ] C/C++: /Users/florian/.pub-cache/hosted/pub.dev/flutter_openssl_crypto-0.5.0/android/CMakeLists.txt profile|x86_64 : Writing build model to /Users/florian/Code/substitution/build/flutter_openssl_crypto/intermediates/cxx/Debug/42n1p1e4/logs/x86_64/build_model.json
[        ] Resolve mutations for :flutter_openssl_crypto:buildCMakeDebug[x86_64] (Thread[#43293,Execution worker Thread 31,5,main]) started.
[        ] :flutter_openssl_crypto:buildCMakeDebug[x86_64] (Thread[#43293,Execution worker Thread 31,5,main]) started.
[        ] > Task :flutter_openssl_crypto:buildCMakeDebug[x86_64]
[        ] Caching disabled for task ':flutter_openssl_crypto:buildCMakeDebug[x86_64]' because:
[        ]   Build cache is disabled
[        ]   Caching has been disabled for the task
[        ] Task ':flutter_openssl_crypto:buildCMakeDebug[x86_64]' is not up-to-date because:
[        ]   Task.upToDateWhen is false.
[        ] C/C++: starting build
[        ] C/C++: reading expected JSONs
[        ] C/C++: done reading expected JSONs
[        ] C/C++: executing build commands for targets that produce .so files or executables
[        ] C/C++: evaluate miniconfig
[        ] C/C++: evaluate library flutter_openssl_crypto (x86_64)
[        ] C/C++: building target library flutter_openssl_crypto because no targets are specified.
[        ] C/C++: about to build targets flutter_openssl_crypto
[        ] C/C++: Build flutter_openssl_crypto
[        ] C/C++: /Users/florian/Library/Android/sdk/cmake/3.22.1/bin/ninja \
[        ]   -C \
[        ]   /Users/florian/.pub-cache/hosted/pub.dev/flutter_openssl_crypto-0.5.0/android/.cxx/Debug/42n1p1e4/x86_64 \
[        ]   flutter_openssl_crypto
[        ] Starting process 'command '/Users/florian/Library/Android/sdk/cmake/3.22.1/bin/ninja''. Working directory: /Users/florian/.pub-cache/hosted/pub.dev/flutter_openssl_crypto-0.5.0/android Command: /Users/florian/Library/Android/sdk/cmake/3.22.1/bin/ninja -C /Users/florian/.pub-cache/hosted/pub.dev/flutter_openssl_crypto-0.5.0/android/.cxx/Debug/42n1p1e4/x86_64 flutter_openssl_crypto
[        ] Successfully started process 'command '/Users/florian/Library/Android/sdk/cmake/3.22.1/bin/ninja''
[        ] C/C++: Received process result: 0
[        ] C/C++: check expected build outputs
[        ] C/C++: build complete
[        ] Resolve mutations for :flutter_openssl_crypto:mergeDebugJniLibFolders (Thread[#43293,Execution worker Thread 31,5,main]) started.
[        ] :flutter_openssl_crypto:mergeDebugJniLibFolders (Thread[#43293,Execution worker Thread 31,5,main]) started.
[        ] > Task :flutter_openssl_crypto:mergeDebugJniLibFolders UP-TO-DATE
[        ] Caching disabled for task ':flutter_openssl_crypto:mergeDebugJniLibFolders' because:
[        ]   Build cache is disabled
[        ]   Simple merging task
[        ] Skipping task ':flutter_openssl_crypto:mergeDebugJniLibFolders' as it is up-to-date.
[        ] Resolve mutations for :flutter_openssl_crypto:mergeDebugNativeLibs (Thread[#43293,Execution worker Thread 31,5,main]) started.
[        ] :flutter_openssl_crypto:mergeDebugNativeLibs (Thread[#43293,Execution worker Thread 31,5,main]) started.
[        ] > Task :flutter_openssl_crypto:mergeDebugNativeLibs UP-TO-DATE
[        ] Caching disabled for task ':flutter_openssl_crypto:mergeDebugNativeLibs' because:
[        ]   Build cache is disabled
[        ]   Caching has been disabled for the task
[        ] Skipping task ':flutter_openssl_crypto:mergeDebugNativeLibs' as it is up-to-date.
[        ] Resolve mutations for :flutter_openssl_crypto:copyDebugJniLibsProjectOnly (Thread[#43293,Execution worker Thread 31,5,main]) started.
[        ] :flutter_openssl_crypto:copyDebugJniLibsProjectOnly (Thread[#43293,Execution worker Thread 31,5,main]) started.
[        ] > Task :flutter_openssl_crypto:copyDebugJniLibsProjectOnly UP-TO-DATE
[        ] Caching disabled for task ':flutter_openssl_crypto:copyDebugJniLibsProjectOnly' because:
[        ]   Build cache is disabled
[        ]   Caching has been disabled for the task
[        ] Skipping task ':flutter_openssl_crypto:copyDebugJniLibsProjectOnly' as it is up-to-date.
[        ] work action resolve jni (project :flutter_openssl_crypto) (Thread[#43293,Execution worker Thread 31,5,main]) started.
[        ] Resolve mutations for :integration_test:mergeDebugJniLibFolders (Thread[#43293,Execution worker Thread 31,5,main]) started.
[        ] :integration_test:mergeDebugJniLibFolders (Thread[#43293,Execution worker Thread 31,5,main]) started.
[        ] > Task :integration_test:mergeDebugJniLibFolders UP-TO-DATE
[        ] Caching disabled for task ':integration_test:mergeDebugJniLibFolders' because:
[        ]   Build cache is disabled
[        ]   Simple merging task
[        ] Skipping task ':integration_test:mergeDebugJniLibFolders' as it is up-to-date.
[        ] Resolve mutations for :integration_test:mergeDebugNativeLibs (Thread[#43293,Execution worker Thread 31,5,main]) started.
[        ] :integration_test:mergeDebugNativeLibs (Thread[#43293,Execution worker Thread 31,5,main]) started.
[        ] > Task :integration_test:mergeDebugNativeLibs NO-SOURCE
[        ] Skipping task ':integration_test:mergeDebugNativeLibs' as it has no source files and no previous output files.
[        ] Resolve mutations for :integration_test:copyDebugJniLibsProjectOnly (Thread[#43293,Execution worker Thread 31,5,main]) started.
[        ] :integration_test:copyDebugJniLibsProjectOnly (Thread[#43293,Execution worker Thread 31,5,main]) started.
[        ] > Task :integration_test:copyDebugJniLibsProjectOnly UP-TO-DATE
[        ] Caching disabled for task ':integration_test:copyDebugJniLibsProjectOnly' because:
[        ]   Build cache is disabled
[        ]   Caching has been disabled for the task
[        ] Skipping task ':integration_test:copyDebugJniLibsProjectOnly' as it is up-to-date.
[        ] work action resolve jni (project :integration_test) (Thread[#43293,Execution worker Thread 31,5,main]) started.
[        ] Resolve mutations for :path_provider_android:mergeDebugJniLibFolders (Thread[#43293,Execution worker Thread 31,5,main]) started.
[        ] :path_provider_android:mergeDebugJniLibFolders (Thread[#43293,Execution worker Thread 31,5,main]) started.
[        ] > Task :path_provider_android:mergeDebugJniLibFolders UP-TO-DATE
[        ] Caching disabled for task ':path_provider_android:mergeDebugJniLibFolders' because:
[        ]   Build cache is disabled
[        ]   Simple merging task
[        ] Skipping task ':path_provider_android:mergeDebugJniLibFolders' as it is up-to-date.
[        ] Resolve mutations for :path_provider_android:mergeDebugNativeLibs (Thread[#43293,Execution worker Thread 31,5,main]) started.
[        ] :path_provider_android:mergeDebugNativeLibs (Thread[#43293,Execution worker Thread 31,5,main]) started.
[        ] > Task :path_provider_android:mergeDebugNativeLibs NO-SOURCE
[        ] Skipping task ':path_provider_android:mergeDebugNativeLibs' as it has no source files and no previous output files.
[        ] Resolve mutations for :path_provider_android:copyDebugJniLibsProjectOnly (Thread[#43293,Execution worker Thread 31,5,main]) started.
[        ] :path_provider_android:copyDebugJniLibsProjectOnly (Thread[#43271,Execution worker Thread 9,5,main]) started.
[        ] > Task :path_provider_android:copyDebugJniLibsProjectOnly UP-TO-DATE
[        ] Caching disabled for task ':path_provider_android:copyDebugJniLibsProjectOnly' because:
[        ]   Build cache is disabled
[        ]   Caching has been disabled for the task
[        ] Skipping task ':path_provider_android:copyDebugJniLibsProjectOnly' as it is up-to-date.
[        ] work action resolve jni (project :path_provider_android) (Thread[#43271,Execution worker Thread 9,5,main]) started.
[        ] Resolve mutations for :quill_native_bridge_android:mergeDebugJniLibFolders (Thread[#43271,Execution worker Thread 9,5,main]) started.
[        ] :quill_native_bridge_android:mergeDebugJniLibFolders (Thread[#43271,Execution worker Thread 9,5,main]) started.
[        ] > Task :quill_native_bridge_android:mergeDebugJniLibFolders UP-TO-DATE
[        ] Caching disabled for task ':quill_native_bridge_android:mergeDebugJniLibFolders' because:
[        ]   Build cache is disabled
[        ]   Simple merging task
[        ] Skipping task ':quill_native_bridge_android:mergeDebugJniLibFolders' as it is up-to-date.
[        ] Resolve mutations for :quill_native_bridge_android:mergeDebugNativeLibs (Thread[#43271,Execution worker Thread 9,5,main]) started.
[        ] :quill_native_bridge_android:mergeDebugNativeLibs (Thread[#43271,Execution worker Thread 9,5,main]) started.
[        ] > Task :quill_native_bridge_android:mergeDebugNativeLibs NO-SOURCE
[        ] Skipping task ':quill_native_bridge_android:mergeDebugNativeLibs' as it has no source files and no previous output files.
[        ] Resolve mutations for :quill_native_bridge_android:copyDebugJniLibsProjectOnly (Thread[#43271,Execution worker Thread 9,5,main]) started.
[        ] :quill_native_bridge_android:copyDebugJniLibsProjectOnly (Thread[#43271,Execution worker Thread 9,5,main]) started.
[        ] > Task :quill_native_bridge_android:copyDebugJniLibsProjectOnly UP-TO-DATE
[        ] Caching disabled for task ':quill_native_bridge_android:copyDebugJniLibsProjectOnly' because:
[        ]   Build cache is disabled
[        ]   Caching has been disabled for the task
[        ] Skipping task ':quill_native_bridge_android:copyDebugJniLibsProjectOnly' as it is up-to-date.
[        ] work action resolve jni (project :quill_native_bridge_android) (Thread[#43271,Execution worker Thread 9,5,main]) started.
[        ] Resolve mutations for :shared_preferences_android:mergeDebugJniLibFolders (Thread[#43271,Execution worker Thread 9,5,main]) started.
[        ] :shared_preferences_android:mergeDebugJniLibFolders (Thread[#43271,Execution worker Thread 9,5,main]) started.
[        ] > Task :shared_preferences_android:mergeDebugJniLibFolders UP-TO-DATE
[        ] Caching disabled for task ':shared_preferences_android:mergeDebugJniLibFolders' because:
[        ]   Build cache is disabled
[        ]   Simple merging task
[        ] Skipping task ':shared_preferences_android:mergeDebugJniLibFolders' as it is up-to-date.
[        ] Resolve mutations for :shared_preferences_android:mergeDebugNativeLibs (Thread[#43271,Execution worker Thread 9,5,main]) started.
[        ] :shared_preferences_android:mergeDebugNativeLibs (Thread[#43271,Execution worker Thread 9,5,main]) started.
[        ] > Task :shared_preferences_android:mergeDebugNativeLibs NO-SOURCE
[        ] Skipping task ':shared_preferences_android:mergeDebugNativeLibs' as it has no source files and no previous output files.
[        ] Resolve mutations for :shared_preferences_android:copyDebugJniLibsProjectOnly (Thread[#43271,Execution worker Thread 9,5,main]) started.
[        ] :shared_preferences_android:copyDebugJniLibsProjectOnly (Thread[#43271,Execution worker Thread 9,5,main]) started.
[        ] > Task :shared_preferences_android:copyDebugJniLibsProjectOnly UP-TO-DATE
[        ] Caching disabled for task ':shared_preferences_android:copyDebugJniLibsProjectOnly' because:
[        ]   Build cache is disabled
[        ]   Caching has been disabled for the task
[        ] Skipping task ':shared_preferences_android:copyDebugJniLibsProjectOnly' as it is up-to-date.
[        ] work action resolve jni (project :shared_preferences_android) (Thread[#43271,Execution worker Thread 9,5,main]) started.
[        ] Resolve mutations for :sqflite_android:mergeDebugJniLibFolders (Thread[#43271,Execution worker Thread 9,5,main]) started.
[        ] :sqflite_android:mergeDebugJniLibFolders (Thread[#43271,Execution worker Thread 9,5,main]) started.
[        ] > Task :sqflite_android:mergeDebugJniLibFolders UP-TO-DATE
[        ] Caching disabled for task ':sqflite_android:mergeDebugJniLibFolders' because:
[        ]   Build cache is disabled
[        ]   Simple merging task
[        ] Skipping task ':sqflite_android:mergeDebugJniLibFolders' as it is up-to-date.
[        ] Resolve mutations for :sqflite_android:mergeDebugNativeLibs (Thread[#43271,Execution worker Thread 9,5,main]) started.
[        ] :sqflite_android:mergeDebugNativeLibs (Thread[#43271,Execution worker Thread 9,5,main]) started.
[        ] > Task :sqflite_android:mergeDebugNativeLibs NO-SOURCE
[        ] Skipping task ':sqflite_android:mergeDebugNativeLibs' as it has no source files and no previous output files.
[        ] Resolve mutations for :sqflite_android:copyDebugJniLibsProjectOnly (Thread[#43271,Execution worker Thread 9,5,main]) started.
[        ] :sqflite_android:copyDebugJniLibsProjectOnly (Thread[#43271,Execution worker Thread 9,5,main]) started.
[        ] > Task :sqflite_android:copyDebugJniLibsProjectOnly UP-TO-DATE
[        ] Caching disabled for task ':sqflite_android:copyDebugJniLibsProjectOnly' because:
[        ]   Build cache is disabled
[        ]   Caching has been disabled for the task
[        ] Skipping task ':sqflite_android:copyDebugJniLibsProjectOnly' as it is up-to-date.
[        ] work action resolve jni (project :sqflite_android) (Thread[#43271,Execution worker Thread 9,5,main]) started.
[        ] Resolve mutations for :url_launcher_android:mergeDebugJniLibFolders (Thread[#43271,Execution worker Thread 9,5,main]) started.
[        ] :url_launcher_android:mergeDebugJniLibFolders (Thread[#43271,Execution worker Thread 9,5,main]) started.
[        ] > Task :url_launcher_android:mergeDebugJniLibFolders UP-TO-DATE
[        ] Caching disabled for task ':url_launcher_android:mergeDebugJniLibFolders' because:
[        ]   Build cache is disabled
[        ]   Simple merging task
[        ] Skipping task ':url_launcher_android:mergeDebugJniLibFolders' as it is up-to-date.
[        ] Resolve mutations for :url_launcher_android:mergeDebugNativeLibs (Thread[#43271,Execution worker Thread 9,5,main]) started.
[        ] :url_launcher_android:mergeDebugNativeLibs (Thread[#43271,Execution worker Thread 9,5,main]) started.
[        ] > Task :url_launcher_android:mergeDebugNativeLibs NO-SOURCE
[        ] Skipping task ':url_launcher_android:mergeDebugNativeLibs' as it has no source files and no previous output files.
[        ] Resolve mutations for :url_launcher_android:copyDebugJniLibsProjectOnly (Thread[#43271,Execution worker Thread 9,5,main]) started.
[        ] :url_launcher_android:copyDebugJniLibsProjectOnly (Thread[#43271,Execution worker Thread 9,5,main]) started.
[        ] > Task :url_launcher_android:copyDebugJniLibsProjectOnly UP-TO-DATE
[        ] Caching disabled for task ':url_launcher_android:copyDebugJniLibsProjectOnly' because:
[        ]   Build cache is disabled
[        ]   Caching has been disabled for the task
[        ] Skipping task ':url_launcher_android:copyDebugJniLibsProjectOnly' as it is up-to-date.
[        ] work action resolve jni (project :url_launcher_android) (Thread[#43271,Execution worker Thread 9,5,main]) started.
[        ] Resolve mutations for :video_player_android:mergeDebugJniLibFolders (Thread[#43271,Execution worker Thread 9,5,main]) started.
[        ] :video_player_android:mergeDebugJniLibFolders (Thread[#43271,Execution worker Thread 9,5,main]) started.
[        ] > Task :video_player_android:mergeDebugJniLibFolders UP-TO-DATE
[        ] Caching disabled for task ':video_player_android:mergeDebugJniLibFolders' because:
[        ]   Build cache is disabled
[        ]   Simple merging task
[        ] Skipping task ':video_player_android:mergeDebugJniLibFolders' as it is up-to-date.
[        ] Resolve mutations for :video_player_android:mergeDebugNativeLibs (Thread[#43271,Execution worker Thread 9,5,main]) started.
[        ] :video_player_android:mergeDebugNativeLibs (Thread[#43271,Execution worker Thread 9,5,main]) started.
[        ] > Task :video_player_android:mergeDebugNativeLibs NO-SOURCE
[        ] Skipping task ':video_player_android:mergeDebugNativeLibs' as it has no source files and no previous output files.
[        ] Resolve mutations for :video_player_android:copyDebugJniLibsProjectOnly (Thread[#43271,Execution worker Thread 9,5,main]) started.
[        ] :video_player_android:copyDebugJniLibsProjectOnly (Thread[#43271,Execution worker Thread 9,5,main]) started.
[        ] > Task :video_player_android:copyDebugJniLibsProjectOnly UP-TO-DATE
[        ] Caching disabled for task ':video_player_android:copyDebugJniLibsProjectOnly' because:
[        ]   Build cache is disabled
[        ]   Caching has been disabled for the task
[        ] Skipping task ':video_player_android:copyDebugJniLibsProjectOnly' as it is up-to-date.
[        ] work action resolve jni (project :video_player_android) (Thread[#43271,Execution worker Thread 9,5,main]) started.
[        ] Resolve mutations for :app:mergeDebugNativeLibs (Thread[#43271,Execution worker Thread 9,5,main]) started.
[        ] :app:mergeDebugNativeLibs (Thread[#43271,Execution worker Thread 9,5,main]) started.
[        ] > Task :app:mergeDebugNativeLibs UP-TO-DATE
[        ] Caching disabled for task ':app:mergeDebugNativeLibs' because:
[        ]   Build cache is disabled
[        ]   Caching has been disabled for the task
[        ] Skipping task ':app:mergeDebugNativeLibs' as it is up-to-date.
[        ] Resolve mutations for :app:stripDebugDebugSymbols (Thread[#43271,Execution worker Thread 9,5,main]) started.
[        ] :app:stripDebugDebugSymbols (Thread[#43271,Execution worker Thread 9,5,main]) started.
[        ] > Task :app:stripDebugDebugSymbols UP-TO-DATE
[        ] Caching disabled for task ':app:stripDebugDebugSymbols' because:
[        ]   Build cache is disabled
[        ]   Caching has been disabled for the task
[        ] Skipping task ':app:stripDebugDebugSymbols' as it is up-to-date.
[        ] Resolve mutations for :app:validateSigningDebug (Thread[#43271,Execution worker Thread 9,5,main]) started.
[        ] :app:validateSigningDebug (Thread[#43271,Execution worker Thread 9,5,main]) started.
[        ] > Task :app:validateSigningDebug UP-TO-DATE
[        ] Caching disabled for task ':app:validateSigningDebug' because:
[        ]   Build cache is disabled
[        ]   Caching has been disabled for the task
[        ] Skipping task ':app:validateSigningDebug' as it is up-to-date.
[        ] Resolve mutations for :app:writeDebugAppMetadata (Thread[#43271,Execution worker Thread 9,5,main]) started.
[        ] :app:writeDebugAppMetadata (Thread[#43271,Execution worker Thread 9,5,main]) started.
[        ] > Task :app:writeDebugAppMetadata UP-TO-DATE
[        ] Caching disabled for task ':app:writeDebugAppMetadata' because:
[        ]   Build cache is disabled
[        ]   Caching has been disabled for the task
[        ] Skipping task ':app:writeDebugAppMetadata' as it is up-to-date.
[        ] Resolve mutations for :app:writeDebugSigningConfigVersions (Thread[#43271,Execution worker Thread 9,5,main]) started.
[        ] :app:writeDebugSigningConfigVersions (Thread[#43271,Execution worker Thread 9,5,main]) started.
[        ] > Task :app:writeDebugSigningConfigVersions UP-TO-DATE
[        ] Caching disabled for task ':app:writeDebugSigningConfigVersions' because:
[        ]   Build cache is disabled
[        ]   Caching has been disabled for the task
[        ] Skipping task ':app:writeDebugSigningConfigVersions' as it is up-to-date.
[        ] Resolve mutations for :connectivity_plus:stripDebugDebugSymbols (Thread[#43271,Execution worker Thread 9,5,main]) started.
[        ] :connectivity_plus:stripDebugDebugSymbols (Thread[#43271,Execution worker Thread 9,5,main]) started.
[        ] > Task :connectivity_plus:stripDebugDebugSymbols NO-SOURCE
[        ] Skipping task ':connectivity_plus:stripDebugDebugSymbols' as it has no source files and no previous output files.
[        ] Resolve mutations for :connectivity_plus:copyDebugJniLibsProjectAndLocalJars (Thread[#43271,Execution worker Thread 9,5,main]) started.
[        ] :connectivity_plus:copyDebugJniLibsProjectAndLocalJars (Thread[#43271,Execution worker Thread 9,5,main]) started.
[        ] > Task :connectivity_plus:copyDebugJniLibsProjectAndLocalJars UP-TO-DATE
[        ] Caching disabled for task ':connectivity_plus:copyDebugJniLibsProjectAndLocalJars' because:
[        ]   Build cache is disabled
[        ]   Caching has been disabled for the task
[        ] Skipping task ':connectivity_plus:copyDebugJniLibsProjectAndLocalJars' as it is up-to-date.
[        ] Resolve mutations for :connectivity_plus:extractDebugAnnotations (Thread[#43271,Execution worker Thread 9,5,main]) started.
[        ] :connectivity_plus:extractDebugAnnotations (Thread[#43271,Execution worker Thread 9,5,main]) started.
[        ] > Task :connectivity_plus:extractDebugAnnotations UP-TO-DATE
[        ] Caching disabled for task ':connectivity_plus:extractDebugAnnotations' because:
[        ]   Build cache is disabled
[        ] Skipping task ':connectivity_plus:extractDebugAnnotations' as it is up-to-date.
[        ] Resolve mutations for :connectivity_plus:extractDeepLinksForAarDebug (Thread[#43271,Execution worker Thread 9,5,main]) started.
[        ] :connectivity_plus:extractDeepLinksForAarDebug (Thread[#43271,Execution worker Thread 9,5,main]) started.
[        ] > Task :connectivity_plus:extractDeepLinksForAarDebug UP-TO-DATE
[        ] Caching disabled for task ':connectivity_plus:extractDeepLinksForAarDebug' because:
[        ]   Build cache is disabled
[        ] Skipping task ':connectivity_plus:extractDeepLinksForAarDebug' as it is up-to-date.
[        ] Resolve mutations for :connectivity_plus:mergeDebugGeneratedProguardFiles (Thread[#43271,Execution worker Thread 9,5,main]) started.
[        ] :connectivity_plus:mergeDebugGeneratedProguardFiles (Thread[#43271,Execution worker Thread 9,5,main]) started.
[        ] > Task :connectivity_plus:mergeDebugGeneratedProguardFiles UP-TO-DATE
[        ] Caching disabled for task ':connectivity_plus:mergeDebugGeneratedProguardFiles' because:
[        ]   Build cache is disabled
[        ]   Simple merging task
[        ] Skipping task ':connectivity_plus:mergeDebugGeneratedProguardFiles' as it is up-to-date.
[        ] Resolve mutations for :connectivity_plus:mergeDebugConsumerProguardFiles (Thread[#43271,Execution worker Thread 9,5,main]) started.
[        ] :connectivity_plus:mergeDebugConsumerProguardFiles (Thread[#43271,Execution worker Thread 9,5,main]) started.
[        ] > Task :connectivity_plus:mergeDebugConsumerProguardFiles UP-TO-DATE
[        ] Caching disabled for task ':connectivity_plus:mergeDebugConsumerProguardFiles' because:
[        ]   Build cache is disabled
[        ]   Simple merging task
[        ] Skipping task ':connectivity_plus:mergeDebugConsumerProguardFiles' as it is up-to-date.
[        ] Resolve mutations for :connectivity_plus:prepareDebugArtProfile (Thread[#43271,Execution worker Thread 9,5,main]) started.
[        ] :connectivity_plus:prepareDebugArtProfile (Thread[#43283,Execution worker Thread 21,5,main]) started.
[        ] > Task :connectivity_plus:prepareDebugArtProfile UP-TO-DATE
[        ] Caching disabled for task ':connectivity_plus:prepareDebugArtProfile' because:
[        ]   Build cache is disabled
[        ]   Caching has been disabled for the task
[        ] Skipping task ':connectivity_plus:prepareDebugArtProfile' as it is up-to-date.
[        ] Resolve mutations for :connectivity_plus:prepareLintJarForPublish (Thread[#43283,Execution worker Thread 21,5,main]) started.
[        ] :connectivity_plus:prepareLintJarForPublish (Thread[#43283,Execution worker Thread 21,5,main]) started.
[        ] > Task :connectivity_plus:prepareLintJarForPublish UP-TO-DATE
[        ] Caching disabled for task ':connectivity_plus:prepareLintJarForPublish' because:
[        ]   Build cache is disabled
[        ]   Caching has been disabled for the task
[        ] Skipping task ':connectivity_plus:prepareLintJarForPublish' as it is up-to-date.
[        ] Resolve mutations for :connectivity_plus:mergeDebugJavaResource (Thread[#43283,Execution worker Thread 21,5,main]) started.
[        ] :connectivity_plus:mergeDebugJavaResource (Thread[#43283,Execution worker Thread 21,5,main]) started.
[        ] > Task :connectivity_plus:mergeDebugJavaResource UP-TO-DATE
[        ] Caching disabled for task ':connectivity_plus:mergeDebugJavaResource' because:
[        ]   Build cache is disabled
[        ]   Caching has been disabled for the task
[        ] Skipping task ':connectivity_plus:mergeDebugJavaResource' as it is up-to-date.
[        ] Resolve mutations for :connectivity_plus:syncDebugLibJars (Thread[#43283,Execution worker Thread 21,5,main]) started.
[        ] :connectivity_plus:syncDebugLibJars (Thread[#43283,Execution worker Thread 21,5,main]) started.
[        ] > Task :connectivity_plus:syncDebugLibJars UP-TO-DATE
[        ] Caching disabled for task ':connectivity_plus:syncDebugLibJars' because:
[        ]   Build cache is disabled
[        ] Skipping task ':connectivity_plus:syncDebugLibJars' as it is up-to-date.
[        ] Resolve mutations for :connectivity_plus:bundleDebugAar (Thread[#43283,Execution worker Thread 21,5,main]) started.
[        ] :connectivity_plus:bundleDebugAar (Thread[#43283,Execution worker Thread 21,5,main]) started.
[        ] > Task :connectivity_plus:bundleDebugAar UP-TO-DATE
[        ] Caching disabled for task ':connectivity_plus:bundleDebugAar' because:
[        ]   Build cache is disabled
[        ]   Caching has been disabled for the task
[        ] Skipping task ':connectivity_plus:bundleDebugAar' as it is up-to-date.
[        ] Resolve mutations for :connectivity_plus:assembleDebug (Thread[#43283,Execution worker Thread 21,5,main]) started.
[        ] :connectivity_plus:assembleDebug (Thread[#43283,Execution worker Thread 21,5,main]) started.
[        ] > Task :connectivity_plus:assembleDebug UP-TO-DATE
[        ] Skipping task ':connectivity_plus:assembleDebug' as it has no actions.
[        ] Resolve mutations for :emoji_picker_flutter:stripDebugDebugSymbols (Thread[#43283,Execution worker Thread 21,5,main]) started.
[        ] :emoji_picker_flutter:stripDebugDebugSymbols (Thread[#43283,Execution worker Thread 21,5,main]) started.
[        ] > Task :emoji_picker_flutter:stripDebugDebugSymbols NO-SOURCE
[        ] Skipping task ':emoji_picker_flutter:stripDebugDebugSymbols' as it has no source files and no previous output files.
[        ] Resolve mutations for :emoji_picker_flutter:copyDebugJniLibsProjectAndLocalJars (Thread[#43283,Execution worker Thread 21,5,main]) started.
[        ] :emoji_picker_flutter:copyDebugJniLibsProjectAndLocalJars (Thread[#43283,Execution worker Thread 21,5,main]) started.
[        ] > Task :emoji_picker_flutter:copyDebugJniLibsProjectAndLocalJars UP-TO-DATE
[        ] Caching disabled for task ':emoji_picker_flutter:copyDebugJniLibsProjectAndLocalJars' because:
[        ]   Build cache is disabled
[        ]   Caching has been disabled for the task
[        ] Skipping task ':emoji_picker_flutter:copyDebugJniLibsProjectAndLocalJars' as it is up-to-date.
[        ] Resolve mutations for :emoji_picker_flutter:extractDebugAnnotations (Thread[#43283,Execution worker Thread 21,5,main]) started.
[        ] :emoji_picker_flutter:extractDebugAnnotations (Thread[#43283,Execution worker Thread 21,5,main]) started.
[        ] > Task :emoji_picker_flutter:extractDebugAnnotations UP-TO-DATE
[        ] Caching disabled for task ':emoji_picker_flutter:extractDebugAnnotations' because:
[        ]   Build cache is disabled
[        ] Skipping task ':emoji_picker_flutter:extractDebugAnnotations' as it is up-to-date.
[        ] Resolve mutations for :emoji_picker_flutter:extractDeepLinksForAarDebug (Thread[#43283,Execution worker Thread 21,5,main]) started.
[        ] :emoji_picker_flutter:extractDeepLinksForAarDebug (Thread[#43283,Execution worker Thread 21,5,main]) started.
[        ] > Task :emoji_picker_flutter:extractDeepLinksForAarDebug UP-TO-DATE
[        ] Caching disabled for task ':emoji_picker_flutter:extractDeepLinksForAarDebug' because:
[        ]   Build cache is disabled
[        ] Skipping task ':emoji_picker_flutter:extractDeepLinksForAarDebug' as it is up-to-date.
[        ] Resolve mutations for :emoji_picker_flutter:mergeDebugGeneratedProguardFiles (Thread[#43283,Execution worker Thread 21,5,main]) started.
[        ] :emoji_picker_flutter:mergeDebugGeneratedProguardFiles (Thread[#43283,Execution worker Thread 21,5,main]) started.
[        ] > Task :emoji_picker_flutter:mergeDebugGeneratedProguardFiles UP-TO-DATE
[        ] Caching disabled for task ':emoji_picker_flutter:mergeDebugGeneratedProguardFiles' because:
[        ]   Build cache is disabled
[        ]   Simple merging task
[        ] Skipping task ':emoji_picker_flutter:mergeDebugGeneratedProguardFiles' as it is up-to-date.
[        ] Resolve mutations for :emoji_picker_flutter:mergeDebugConsumerProguardFiles (Thread[#43283,Execution worker Thread 21,5,main]) started.
[        ] :emoji_picker_flutter:mergeDebugConsumerProguardFiles (Thread[#43283,Execution worker Thread 21,5,main]) started.
[        ] > Task :emoji_picker_flutter:mergeDebugConsumerProguardFiles UP-TO-DATE
[        ] Caching disabled for task ':emoji_picker_flutter:mergeDebugConsumerProguardFiles' because:
[        ]   Build cache is disabled
[        ]   Simple merging task
[        ] Skipping task ':emoji_picker_flutter:mergeDebugConsumerProguardFiles' as it is up-to-date.
[        ] Resolve mutations for :emoji_picker_flutter:prepareDebugArtProfile (Thread[#43283,Execution worker Thread 21,5,main]) started.
[        ] :emoji_picker_flutter:prepareDebugArtProfile (Thread[#43283,Execution worker Thread 21,5,main]) started.
[        ] > Task :emoji_picker_flutter:prepareDebugArtProfile UP-TO-DATE
[        ] Caching disabled for task ':emoji_picker_flutter:prepareDebugArtProfile' because:
[        ]   Build cache is disabled
[        ]   Caching has been disabled for the task
[        ] Skipping task ':emoji_picker_flutter:prepareDebugArtProfile' as it is up-to-date.
[        ] Resolve mutations for :emoji_picker_flutter:prepareLintJarForPublish (Thread[#43283,Execution worker Thread 21,5,main]) started.
[        ] :emoji_picker_flutter:prepareLintJarForPublish (Thread[#43283,Execution worker Thread 21,5,main]) started.
[        ] > Task :emoji_picker_flutter:prepareLintJarForPublish UP-TO-DATE
[        ] Caching disabled for task ':emoji_picker_flutter:prepareLintJarForPublish' because:
[        ]   Build cache is disabled
[        ]   Caching has been disabled for the task
[        ] Skipping task ':emoji_picker_flutter:prepareLintJarForPublish' as it is up-to-date.
[        ] Resolve mutations for :emoji_picker_flutter:mergeDebugJavaResource (Thread[#43283,Execution worker Thread 21,5,main]) started.
[        ] :emoji_picker_flutter:mergeDebugJavaResource (Thread[#43283,Execution worker Thread 21,5,main]) started.
[        ] > Task :emoji_picker_flutter:mergeDebugJavaResource UP-TO-DATE
[        ] Caching disabled for task ':emoji_picker_flutter:mergeDebugJavaResource' because:
[        ]   Build cache is disabled
[        ]   Caching has been disabled for the task
[        ] Skipping task ':emoji_picker_flutter:mergeDebugJavaResource' as it is up-to-date.
[        ] Resolve mutations for :emoji_picker_flutter:syncDebugLibJars (Thread[#43283,Execution worker Thread 21,5,main]) started.
[        ] :emoji_picker_flutter:syncDebugLibJars (Thread[#43283,Execution worker Thread 21,5,main]) started.
[        ] > Task :emoji_picker_flutter:syncDebugLibJars UP-TO-DATE
[        ] Caching disabled for task ':emoji_picker_flutter:syncDebugLibJars' because:
[        ]   Build cache is disabled
[        ] Skipping task ':emoji_picker_flutter:syncDebugLibJars' as it is up-to-date.
[        ] Resolve mutations for :emoji_picker_flutter:bundleDebugAar (Thread[#43283,Execution worker Thread 21,5,main]) started.
[        ] :emoji_picker_flutter:bundleDebugAar (Thread[#43283,Execution worker Thread 21,5,main]) started.
[        ] > Task :emoji_picker_flutter:bundleDebugAar UP-TO-DATE
[        ] Caching disabled for task ':emoji_picker_flutter:bundleDebugAar' because:
[        ]   Build cache is disabled
[        ]   Caching has been disabled for the task
[        ] Skipping task ':emoji_picker_flutter:bundleDebugAar' as it is up-to-date.
[        ] Resolve mutations for :emoji_picker_flutter:assembleDebug (Thread[#43283,Execution worker Thread 21,5,main]) started.
[        ] :emoji_picker_flutter:assembleDebug (Thread[#43283,Execution worker Thread 21,5,main]) started.
[        ] > Task :emoji_picker_flutter:assembleDebug UP-TO-DATE
[        ] Skipping task ':emoji_picker_flutter:assembleDebug' as it has no actions.
[        ] Resolve mutations for :file_selector_android:stripDebugDebugSymbols (Thread[#43283,Execution worker Thread 21,5,main]) started.
[        ] :file_selector_android:stripDebugDebugSymbols (Thread[#43283,Execution worker Thread 21,5,main]) started.
[        ] > Task :file_selector_android:stripDebugDebugSymbols NO-SOURCE
[        ] Skipping task ':file_selector_android:stripDebugDebugSymbols' as it has no source files and no previous output files.
[        ] Resolve mutations for :file_selector_android:copyDebugJniLibsProjectAndLocalJars (Thread[#43283,Execution worker Thread 21,5,main]) started.
[        ] :file_selector_android:copyDebugJniLibsProjectAndLocalJars (Thread[#43283,Execution worker Thread 21,5,main]) started.
[        ] > Task :file_selector_android:copyDebugJniLibsProjectAndLocalJars UP-TO-DATE
[        ] Caching disabled for task ':file_selector_android:copyDebugJniLibsProjectAndLocalJars' because:
[        ]   Build cache is disabled
[        ]   Caching has been disabled for the task
[        ] Skipping task ':file_selector_android:copyDebugJniLibsProjectAndLocalJars' as it is up-to-date.
[        ] Resolve mutations for :file_selector_android:extractDebugAnnotations (Thread[#43283,Execution worker Thread 21,5,main]) started.
[        ] :file_selector_android:extractDebugAnnotations (Thread[#43283,Execution worker Thread 21,5,main]) started.
[        ] > Task :file_selector_android:extractDebugAnnotations UP-TO-DATE
[        ] Caching disabled for task ':file_selector_android:extractDebugAnnotations' because:
[        ]   Build cache is disabled
[        ] Skipping task ':file_selector_android:extractDebugAnnotations' as it is up-to-date.
[        ] Resolve mutations for :file_selector_android:extractDeepLinksForAarDebug (Thread[#43283,Execution worker Thread 21,5,main]) started.
[        ] :file_selector_android:extractDeepLinksForAarDebug (Thread[#43283,Execution worker Thread 21,5,main]) started.
[        ] > Task :file_selector_android:extractDeepLinksForAarDebug UP-TO-DATE
[        ] Caching disabled for task ':file_selector_android:extractDeepLinksForAarDebug' because:
[        ]   Build cache is disabled
[        ] Skipping task ':file_selector_android:extractDeepLinksForAarDebug' as it is up-to-date.
[        ] Resolve mutations for :file_selector_android:mergeDebugGeneratedProguardFiles (Thread[#43283,Execution worker Thread 21,5,main]) started.
[        ] :file_selector_android:mergeDebugGeneratedProguardFiles (Thread[#43283,Execution worker Thread 21,5,main]) started.
[        ] > Task :file_selector_android:mergeDebugGeneratedProguardFiles UP-TO-DATE
[        ] Caching disabled for task ':file_selector_android:mergeDebugGeneratedProguardFiles' because:
[        ]   Build cache is disabled
[        ]   Simple merging task
[        ] Skipping task ':file_selector_android:mergeDebugGeneratedProguardFiles' as it is up-to-date.
[        ] Resolve mutations for :file_selector_android:mergeDebugConsumerProguardFiles (Thread[#43283,Execution worker Thread 21,5,main]) started.
[        ] :file_selector_android:mergeDebugConsumerProguardFiles (Thread[#43283,Execution worker Thread 21,5,main]) started.
[        ] > Task :file_selector_android:mergeDebugConsumerProguardFiles UP-TO-DATE
[        ] Caching disabled for task ':file_selector_android:mergeDebugConsumerProguardFiles' because:
[        ]   Build cache is disabled
[        ]   Simple merging task
[        ] Skipping task ':file_selector_android:mergeDebugConsumerProguardFiles' as it is up-to-date.
[        ] Resolve mutations for :file_selector_android:prepareDebugArtProfile (Thread[#43283,Execution worker Thread 21,5,main]) started.
[        ] :file_selector_android:prepareDebugArtProfile (Thread[#43283,Execution worker Thread 21,5,main]) started.
[        ] > Task :file_selector_android:prepareDebugArtProfile UP-TO-DATE
[        ] Caching disabled for task ':file_selector_android:prepareDebugArtProfile' because:
[        ]   Build cache is disabled
[        ]   Caching has been disabled for the task
[        ] Skipping task ':file_selector_android:prepareDebugArtProfile' as it is up-to-date.
[        ] Resolve mutations for :file_selector_android:prepareLintJarForPublish (Thread[#43283,Execution worker Thread 21,5,main]) started.
[        ] :file_selector_android:prepareLintJarForPublish (Thread[#43283,Execution worker Thread 21,5,main]) started.
[        ] > Task :file_selector_android:prepareLintJarForPublish UP-TO-DATE
[        ] Caching disabled for task ':file_selector_android:prepareLintJarForPublish' because:
[        ]   Build cache is disabled
[        ]   Caching has been disabled for the task
[        ] Skipping task ':file_selector_android:prepareLintJarForPublish' as it is up-to-date.
[        ] Resolve mutations for :file_selector_android:mergeDebugJavaResource (Thread[#43283,Execution worker Thread 21,5,main]) started.
[        ] :file_selector_android:mergeDebugJavaResource (Thread[#43283,Execution worker Thread 21,5,main]) started.
[        ] > Task :file_selector_android:mergeDebugJavaResource UP-TO-DATE
[        ] Caching disabled for task ':file_selector_android:mergeDebugJavaResource' because:
[        ]   Build cache is disabled
[        ]   Caching has been disabled for the task
[        ] Skipping task ':file_selector_android:mergeDebugJavaResource' as it is up-to-date.
[        ] Resolve mutations for :file_selector_android:syncDebugLibJars (Thread[#43283,Execution worker Thread 21,5,main]) started.
[        ] :file_selector_android:syncDebugLibJars (Thread[#43283,Execution worker Thread 21,5,main]) started.
[        ] > Task :file_selector_android:syncDebugLibJars UP-TO-DATE
[        ] Caching disabled for task ':file_selector_android:syncDebugLibJars' because:
[        ]   Build cache is disabled
[        ] Skipping task ':file_selector_android:syncDebugLibJars' as it is up-to-date.
[        ] Resolve mutations for :file_selector_android:bundleDebugAar (Thread[#43283,Execution worker Thread 21,5,main]) started.
[        ] :file_selector_android:bundleDebugAar (Thread[#43283,Execution worker Thread 21,5,main]) started.
[        ] > Task :file_selector_android:bundleDebugAar UP-TO-DATE
[        ] Caching disabled for task ':file_selector_android:bundleDebugAar' because:
[        ]   Build cache is disabled
[        ]   Caching has been disabled for the task
[        ] Skipping task ':file_selector_android:bundleDebugAar' as it is up-to-date.
[        ] Resolve mutations for :file_selector_android:assembleDebug (Thread[#43283,Execution worker Thread 21,5,main]) started.
[        ] :file_selector_android:assembleDebug (Thread[#43283,Execution worker Thread 21,5,main]) started.
[        ] > Task :file_selector_android:assembleDebug UP-TO-DATE
[        ] Skipping task ':file_selector_android:assembleDebug' as it has no actions.
[        ] Resolve mutations for :flutter_keyboard_visibility_temp_fork:stripDebugDebugSymbols (Thread[#43283,Execution worker Thread 21,5,main]) started.
[        ] :flutter_keyboard_visibility_temp_fork:stripDebugDebugSymbols (Thread[#43283,Execution worker Thread 21,5,main]) started.
[        ] > Task :flutter_keyboard_visibility_temp_fork:stripDebugDebugSymbols NO-SOURCE
[        ] Skipping task ':flutter_keyboard_visibility_temp_fork:stripDebugDebugSymbols' as it has no source files and no previous output files.
[        ] Resolve mutations for :flutter_keyboard_visibility_temp_fork:copyDebugJniLibsProjectAndLocalJars (Thread[#43283,Execution worker Thread 21,5,main]) started.
[        ] :flutter_keyboard_visibility_temp_fork:copyDebugJniLibsProjectAndLocalJars (Thread[#43283,Execution worker Thread 21,5,main]) started.
[        ] > Task :flutter_keyboard_visibility_temp_fork:copyDebugJniLibsProjectAndLocalJars UP-TO-DATE
[        ] Caching disabled for task ':flutter_keyboard_visibility_temp_fork:copyDebugJniLibsProjectAndLocalJars' because:
[        ]   Build cache is disabled
[        ]   Caching has been disabled for the task
[        ] Skipping task ':flutter_keyboard_visibility_temp_fork:copyDebugJniLibsProjectAndLocalJars' as it is up-to-date.
[        ] Resolve mutations for :flutter_keyboard_visibility_temp_fork:extractDebugAnnotations (Thread[#43283,Execution worker Thread 21,5,main]) started.
[        ] :flutter_keyboard_visibility_temp_fork:extractDebugAnnotations (Thread[#43283,Execution worker Thread 21,5,main]) started.
[        ] > Task :flutter_keyboard_visibility_temp_fork:extractDebugAnnotations UP-TO-DATE
[        ] Caching disabled for task ':flutter_keyboard_visibility_temp_fork:extractDebugAnnotations' because:
[        ]   Build cache is disabled
[        ] Skipping task ':flutter_keyboard_visibility_temp_fork:extractDebugAnnotations' as it is up-to-date.
[        ] Resolve mutations for :flutter_keyboard_visibility_temp_fork:extractDeepLinksForAarDebug (Thread[#43283,Execution worker Thread 21,5,main]) started.
[        ] :flutter_keyboard_visibility_temp_fork:extractDeepLinksForAarDebug (Thread[#43283,Execution worker Thread 21,5,main]) started.
[        ] > Task :flutter_keyboard_visibility_temp_fork:extractDeepLinksForAarDebug UP-TO-DATE
[        ] Caching disabled for task ':flutter_keyboard_visibility_temp_fork:extractDeepLinksForAarDebug' because:
[        ]   Build cache is disabled
[        ] Skipping task ':flutter_keyboard_visibility_temp_fork:extractDeepLinksForAarDebug' as it is up-to-date.
[        ] Resolve mutations for :flutter_keyboard_visibility_temp_fork:mergeDebugGeneratedProguardFiles (Thread[#43283,Execution worker Thread 21,5,main]) started.
[        ] :flutter_keyboard_visibility_temp_fork:mergeDebugGeneratedProguardFiles (Thread[#43283,Execution worker Thread 21,5,main]) started.
[        ] > Task :flutter_keyboard_visibility_temp_fork:mergeDebugGeneratedProguardFiles UP-TO-DATE
[        ] Caching disabled for task ':flutter_keyboard_visibility_temp_fork:mergeDebugGeneratedProguardFiles' because:
[        ]   Build cache is disabled
[        ]   Simple merging task
[        ] Skipping task ':flutter_keyboard_visibility_temp_fork:mergeDebugGeneratedProguardFiles' as it is up-to-date.
[        ] Resolve mutations for :flutter_keyboard_visibility_temp_fork:mergeDebugConsumerProguardFiles (Thread[#43283,Execution worker Thread 21,5,main]) started.
[        ] :flutter_keyboard_visibility_temp_fork:mergeDebugConsumerProguardFiles (Thread[#43283,Execution worker Thread 21,5,main]) started.
[        ] > Task :flutter_keyboard_visibility_temp_fork:mergeDebugConsumerProguardFiles UP-TO-DATE
[        ] Caching disabled for task ':flutter_keyboard_visibility_temp_fork:mergeDebugConsumerProguardFiles' because:
[        ]   Build cache is disabled
[        ]   Simple merging task
[        ] Skipping task ':flutter_keyboard_visibility_temp_fork:mergeDebugConsumerProguardFiles' as it is up-to-date.
[        ] Resolve mutations for :flutter_keyboard_visibility_temp_fork:prepareDebugArtProfile (Thread[#43283,Execution worker Thread 21,5,main]) started.
[        ] :flutter_keyboard_visibility_temp_fork:prepareDebugArtProfile (Thread[#43283,Execution worker Thread 21,5,main]) started.
[        ] > Task :flutter_keyboard_visibility_temp_fork:prepareDebugArtProfile UP-TO-DATE
[        ] Caching disabled for task ':flutter_keyboard_visibility_temp_fork:prepareDebugArtProfile' because:
[        ]   Build cache is disabled
[        ]   Caching has been disabled for the task
[        ] Skipping task ':flutter_keyboard_visibility_temp_fork:prepareDebugArtProfile' as it is up-to-date.
[        ] Resolve mutations for :flutter_keyboard_visibility_temp_fork:prepareLintJarForPublish (Thread[#43283,Execution worker Thread 21,5,main]) started.
[        ] :flutter_keyboard_visibility_temp_fork:prepareLintJarForPublish (Thread[#43283,Execution worker Thread 21,5,main]) started.
[        ] > Task :flutter_keyboard_visibility_temp_fork:prepareLintJarForPublish UP-TO-DATE
[        ] Caching disabled for task ':flutter_keyboard_visibility_temp_fork:prepareLintJarForPublish' because:
[        ]   Build cache is disabled
[        ]   Caching has been disabled for the task
[        ] Skipping task ':flutter_keyboard_visibility_temp_fork:prepareLintJarForPublish' as it is up-to-date.
[        ] Resolve mutations for :flutter_keyboard_visibility_temp_fork:mergeDebugJavaResource (Thread[#43283,Execution worker Thread 21,5,main]) started.
[        ] :flutter_keyboard_visibility_temp_fork:mergeDebugJavaResource (Thread[#43283,Execution worker Thread 21,5,main]) started.
[        ] > Task :flutter_keyboard_visibility_temp_fork:mergeDebugJavaResource UP-TO-DATE
[        ] Caching disabled for task ':flutter_keyboard_visibility_temp_fork:mergeDebugJavaResource' because:
[        ]   Build cache is disabled
[        ]   Caching has been disabled for the task
[        ] Skipping task ':flutter_keyboard_visibility_temp_fork:mergeDebugJavaResource' as it is up-to-date.
[        ] Resolve mutations for :flutter_keyboard_visibility_temp_fork:syncDebugLibJars (Thread[#43283,Execution worker Thread 21,5,main]) started.
[        ] :flutter_keyboard_visibility_temp_fork:syncDebugLibJars (Thread[#43283,Execution worker Thread 21,5,main]) started.
[        ] > Task :flutter_keyboard_visibility_temp_fork:syncDebugLibJars UP-TO-DATE
[        ] Caching disabled for task ':flutter_keyboard_visibility_temp_fork:syncDebugLibJars' because:
[        ]   Build cache is disabled
[        ] Skipping task ':flutter_keyboard_visibility_temp_fork:syncDebugLibJars' as it is up-to-date.
[        ] Resolve mutations for :flutter_keyboard_visibility_temp_fork:bundleDebugAar (Thread[#43283,Execution worker Thread 21,5,main]) started.
[        ] :flutter_keyboard_visibility_temp_fork:bundleDebugAar (Thread[#43283,Execution worker Thread 21,5,main]) started.
[        ] > Task :flutter_keyboard_visibility_temp_fork:bundleDebugAar UP-TO-DATE
[        ] Caching disabled for task ':flutter_keyboard_visibility_temp_fork:bundleDebugAar' because:
[        ]   Build cache is disabled
[        ]   Caching has been disabled for the task
[        ] Skipping task ':flutter_keyboard_visibility_temp_fork:bundleDebugAar' as it is up-to-date.
[        ] Resolve mutations for :flutter_keyboard_visibility_temp_fork:assembleDebug (Thread[#43283,Execution worker Thread 21,5,main]) started.
[        ] :flutter_keyboard_visibility_temp_fork:assembleDebug (Thread[#43283,Execution worker Thread 21,5,main]) started.
[        ] > Task :flutter_keyboard_visibility_temp_fork:assembleDebug UP-TO-DATE
[        ] Skipping task ':flutter_keyboard_visibility_temp_fork:assembleDebug' as it has no actions.
[        ] Resolve mutations for :flutter_native_splash:stripDebugDebugSymbols (Thread[#43283,Execution worker Thread 21,5,main]) started.
[        ] :flutter_native_splash:stripDebugDebugSymbols (Thread[#43283,Execution worker Thread 21,5,main]) started.
[        ] > Task :flutter_native_splash:stripDebugDebugSymbols NO-SOURCE
[        ] Skipping task ':flutter_native_splash:stripDebugDebugSymbols' as it has no source files and no previous output files.
[        ] Resolve mutations for :flutter_native_splash:copyDebugJniLibsProjectAndLocalJars (Thread[#43283,Execution worker Thread 21,5,main]) started.
[        ] :flutter_native_splash:copyDebugJniLibsProjectAndLocalJars (Thread[#43283,Execution worker Thread 21,5,main]) started.
[        ] > Task :flutter_native_splash:copyDebugJniLibsProjectAndLocalJars UP-TO-DATE
[        ] Caching disabled for task ':flutter_native_splash:copyDebugJniLibsProjectAndLocalJars' because:
[        ]   Build cache is disabled
[        ]   Caching has been disabled for the task
[        ] Skipping task ':flutter_native_splash:copyDebugJniLibsProjectAndLocalJars' as it is up-to-date.
[        ] Resolve mutations for :flutter_native_splash:extractDebugAnnotations (Thread[#43283,Execution worker Thread 21,5,main]) started.
[        ] :flutter_native_splash:extractDebugAnnotations (Thread[#43283,Execution worker Thread 21,5,main]) started.
[        ] > Task :flutter_native_splash:extractDebugAnnotations UP-TO-DATE
[        ] Caching disabled for task ':flutter_native_splash:extractDebugAnnotations' because:
[        ]   Build cache is disabled
[        ] Skipping task ':flutter_native_splash:extractDebugAnnotations' as it is up-to-date.
[        ] Resolve mutations for :flutter_native_splash:extractDeepLinksForAarDebug (Thread[#43283,Execution worker Thread 21,5,main]) started.
[        ] :flutter_native_splash:extractDeepLinksForAarDebug (Thread[#43283,Execution worker Thread 21,5,main]) started.
[        ] > Task :flutter_native_splash:extractDeepLinksForAarDebug UP-TO-DATE
[        ] Caching disabled for task ':flutter_native_splash:extractDeepLinksForAarDebug' because:
[        ]   Build cache is disabled
[        ] Skipping task ':flutter_native_splash:extractDeepLinksForAarDebug' as it is up-to-date.
[        ] Resolve mutations for :flutter_native_splash:mergeDebugGeneratedProguardFiles (Thread[#43283,Execution worker Thread 21,5,main]) started.
[        ] :flutter_native_splash:mergeDebugGeneratedProguardFiles (Thread[#43283,Execution worker Thread 21,5,main]) started.
[        ] > Task :flutter_native_splash:mergeDebugGeneratedProguardFiles UP-TO-DATE
[        ] Caching disabled for task ':flutter_native_splash:mergeDebugGeneratedProguardFiles' because:
[        ]   Build cache is disabled
[        ]   Simple merging task
[        ] Skipping task ':flutter_native_splash:mergeDebugGeneratedProguardFiles' as it is up-to-date.
[        ] Resolve mutations for :flutter_native_splash:mergeDebugConsumerProguardFiles (Thread[#43283,Execution worker Thread 21,5,main]) started.
[        ] :flutter_native_splash:mergeDebugConsumerProguardFiles (Thread[#43283,Execution worker Thread 21,5,main]) started.
[        ] > Task :flutter_native_splash:mergeDebugConsumerProguardFiles UP-TO-DATE
[        ] Caching disabled for task ':flutter_native_splash:mergeDebugConsumerProguardFiles' because:
[        ]   Build cache is disabled
[        ]   Simple merging task
[        ] Skipping task ':flutter_native_splash:mergeDebugConsumerProguardFiles' as it is up-to-date.
[        ] Resolve mutations for :flutter_native_splash:prepareDebugArtProfile (Thread[#43283,Execution worker Thread 21,5,main]) started.
[        ] :flutter_native_splash:prepareDebugArtProfile (Thread[#43283,Execution worker Thread 21,5,main]) started.
[        ] > Task :flutter_native_splash:prepareDebugArtProfile UP-TO-DATE
[        ] Caching disabled for task ':flutter_native_splash:prepareDebugArtProfile' because:
[        ]   Build cache is disabled
[        ]   Caching has been disabled for the task
[        ] Skipping task ':flutter_native_splash:prepareDebugArtProfile' as it is up-to-date.
[        ] Resolve mutations for :flutter_native_splash:prepareLintJarForPublish (Thread[#43283,Execution worker Thread 21,5,main]) started.
[        ] :flutter_native_splash:prepareLintJarForPublish (Thread[#43283,Execution worker Thread 21,5,main]) started.
[        ] > Task :flutter_native_splash:prepareLintJarForPublish UP-TO-DATE
[        ] Caching disabled for task ':flutter_native_splash:prepareLintJarForPublish' because:
[        ]   Build cache is disabled
[        ]   Caching has been disabled for the task
[        ] Skipping task ':flutter_native_splash:prepareLintJarForPublish' as it is up-to-date.
[        ] Resolve mutations for :flutter_native_splash:mergeDebugJavaResource (Thread[#43283,Execution worker Thread 21,5,main]) started.
[        ] :flutter_native_splash:mergeDebugJavaResource (Thread[#43283,Execution worker Thread 21,5,main]) started.
[        ] > Task :flutter_native_splash:mergeDebugJavaResource UP-TO-DATE
[        ] Caching disabled for task ':flutter_native_splash:mergeDebugJavaResource' because:
[        ]   Build cache is disabled
[        ]   Caching has been disabled for the task
[        ] Skipping task ':flutter_native_splash:mergeDebugJavaResource' as it is up-to-date.
[        ] Resolve mutations for :flutter_native_splash:syncDebugLibJars (Thread[#43283,Execution worker Thread 21,5,main]) started.
[        ] :flutter_native_splash:syncDebugLibJars (Thread[#43283,Execution worker Thread 21,5,main]) started.
[        ] > Task :flutter_native_splash:syncDebugLibJars UP-TO-DATE
[        ] Caching disabled for task ':flutter_native_splash:syncDebugLibJars' because:
[        ]   Build cache is disabled
[        ] Skipping task ':flutter_native_splash:syncDebugLibJars' as it is up-to-date.
[        ] Resolve mutations for :flutter_native_splash:bundleDebugAar (Thread[#43283,Execution worker Thread 21,5,main]) started.
[        ] :flutter_native_splash:bundleDebugAar (Thread[#43283,Execution worker Thread 21,5,main]) started.
[        ] > Task :flutter_native_splash:bundleDebugAar UP-TO-DATE
[        ] Caching disabled for task ':flutter_native_splash:bundleDebugAar' because:
[        ]   Build cache is disabled
[        ]   Caching has been disabled for the task
[        ] Skipping task ':flutter_native_splash:bundleDebugAar' as it is up-to-date.
[        ] Resolve mutations for :flutter_native_splash:assembleDebug (Thread[#43283,Execution worker Thread 21,5,main]) started.
[        ] :flutter_native_splash:assembleDebug (Thread[#43283,Execution worker Thread 21,5,main]) started.
[        ] > Task :flutter_native_splash:assembleDebug UP-TO-DATE
[        ] Skipping task ':flutter_native_splash:assembleDebug' as it has no actions.
[        ] Resolve mutations for :flutter_olm:stripDebugDebugSymbols (Thread[#43283,Execution worker Thread 21,5,main]) started.
[        ] :flutter_olm:stripDebugDebugSymbols (Thread[#43283,Execution worker Thread 21,5,main]) started.
[        ] > Task :flutter_olm:stripDebugDebugSymbols UP-TO-DATE
[        ] Caching disabled for task ':flutter_olm:stripDebugDebugSymbols' because:
[        ]   Build cache is disabled
[        ]   Caching has been disabled for the task
[        ] Skipping task ':flutter_olm:stripDebugDebugSymbols' as it is up-to-date.
[        ] Resolve mutations for :flutter_olm:copyDebugJniLibsProjectAndLocalJars (Thread[#43283,Execution worker Thread 21,5,main]) started.
[        ] :flutter_olm:copyDebugJniLibsProjectAndLocalJars (Thread[#43283,Execution worker Thread 21,5,main]) started.
[        ] > Task :flutter_olm:copyDebugJniLibsProjectAndLocalJars UP-TO-DATE
[        ] Caching disabled for task ':flutter_olm:copyDebugJniLibsProjectAndLocalJars' because:
[        ]   Build cache is disabled
[        ]   Caching has been disabled for the task
[        ] Skipping task ':flutter_olm:copyDebugJniLibsProjectAndLocalJars' as it is up-to-date.
[        ] Resolve mutations for :flutter_olm:extractDebugAnnotations (Thread[#43283,Execution worker Thread 21,5,main]) started.
[        ] :flutter_olm:extractDebugAnnotations (Thread[#43283,Execution worker Thread 21,5,main]) started.
[        ] > Task :flutter_olm:extractDebugAnnotations UP-TO-DATE
[        ] Caching disabled for task ':flutter_olm:extractDebugAnnotations' because:
[        ]   Build cache is disabled
[        ] Skipping task ':flutter_olm:extractDebugAnnotations' as it is up-to-date.
[        ] Resolve mutations for :flutter_olm:extractDeepLinksForAarDebug (Thread[#43283,Execution worker Thread 21,5,main]) started.
[        ] :flutter_olm:extractDeepLinksForAarDebug (Thread[#43283,Execution worker Thread 21,5,main]) started.
[        ] > Task :flutter_olm:extractDeepLinksForAarDebug UP-TO-DATE
[        ] Caching disabled for task ':flutter_olm:extractDeepLinksForAarDebug' because:
[        ]   Build cache is disabled
[        ] Skipping task ':flutter_olm:extractDeepLinksForAarDebug' as it is up-to-date.
[        ] Resolve mutations for :flutter_olm:mergeDebugGeneratedProguardFiles (Thread[#43283,Execution worker Thread 21,5,main]) started.
[        ] :flutter_olm:mergeDebugGeneratedProguardFiles (Thread[#43283,Execution worker Thread 21,5,main]) started.
[        ] > Task :flutter_olm:mergeDebugGeneratedProguardFiles UP-TO-DATE
[        ] Caching disabled for task ':flutter_olm:mergeDebugGeneratedProguardFiles' because:
[        ]   Build cache is disabled
[        ]   Simple merging task
[        ] Skipping task ':flutter_olm:mergeDebugGeneratedProguardFiles' as it is up-to-date.
[        ] Resolve mutations for :flutter_olm:mergeDebugConsumerProguardFiles (Thread[#43283,Execution worker Thread 21,5,main]) started.
[        ] :flutter_olm:mergeDebugConsumerProguardFiles (Thread[#43283,Execution worker Thread 21,5,main]) started.
[        ] > Task :flutter_olm:mergeDebugConsumerProguardFiles UP-TO-DATE
[        ] Caching disabled for task ':flutter_olm:mergeDebugConsumerProguardFiles' because:
[        ]   Build cache is disabled
[        ]   Simple merging task
[        ] Skipping task ':flutter_olm:mergeDebugConsumerProguardFiles' as it is up-to-date.
[        ] Resolve mutations for :flutter_olm:prepareDebugArtProfile (Thread[#43283,Execution worker Thread 21,5,main]) started.
[        ] :flutter_olm:prepareDebugArtProfile (Thread[#43283,Execution worker Thread 21,5,main]) started.
[        ] > Task :flutter_olm:prepareDebugArtProfile UP-TO-DATE
[        ] Caching disabled for task ':flutter_olm:prepareDebugArtProfile' because:
[        ]   Build cache is disabled
[        ]   Caching has been disabled for the task
[        ] Skipping task ':flutter_olm:prepareDebugArtProfile' as it is up-to-date.
[        ] Resolve mutations for :flutter_olm:prepareLintJarForPublish (Thread[#43283,Execution worker Thread 21,5,main]) started.
[        ] :flutter_olm:prepareLintJarForPublish (Thread[#43283,Execution worker Thread 21,5,main]) started.
[        ] > Task :flutter_olm:prepareLintJarForPublish UP-TO-DATE
[        ] Caching disabled for task ':flutter_olm:prepareLintJarForPublish' because:
[        ]   Build cache is disabled
[        ]   Caching has been disabled for the task
[        ] Skipping task ':flutter_olm:prepareLintJarForPublish' as it is up-to-date.
[        ] Resolve mutations for :flutter_olm:mergeDebugJavaResource (Thread[#43283,Execution worker Thread 21,5,main]) started.
[        ] :flutter_olm:mergeDebugJavaResource (Thread[#43283,Execution worker Thread 21,5,main]) started.
[        ] > Task :flutter_olm:mergeDebugJavaResource UP-TO-DATE
[        ] Caching disabled for task ':flutter_olm:mergeDebugJavaResource' because:
[        ]   Build cache is disabled
[        ]   Caching has been disabled for the task
[        ] Skipping task ':flutter_olm:mergeDebugJavaResource' as it is up-to-date.
[        ] Resolve mutations for :flutter_olm:syncDebugLibJars (Thread[#43283,Execution worker Thread 21,5,main]) started.
[        ] :flutter_olm:syncDebugLibJars (Thread[#43283,Execution worker Thread 21,5,main]) started.
[        ] > Task :flutter_olm:syncDebugLibJars UP-TO-DATE
[        ] Caching disabled for task ':flutter_olm:syncDebugLibJars' because:
[        ]   Build cache is disabled
[        ] Skipping task ':flutter_olm:syncDebugLibJars' as it is up-to-date.
[        ] Resolve mutations for :flutter_olm:bundleDebugAar (Thread[#43283,Execution worker Thread 21,5,main]) started.
[        ] :flutter_olm:bundleDebugAar (Thread[#43283,Execution worker Thread 21,5,main]) started.
[        ] > Task :flutter_olm:bundleDebugAar UP-TO-DATE
[        ] Caching disabled for task ':flutter_olm:bundleDebugAar' because:
[        ]   Build cache is disabled
[        ]   Caching has been disabled for the task
[        ] Skipping task ':flutter_olm:bundleDebugAar' as it is up-to-date.
[        ] Resolve mutations for :flutter_olm:assembleDebug (Thread[#43283,Execution worker Thread 21,5,main]) started.
[        ] :flutter_olm:assembleDebug (Thread[#43283,Execution worker Thread 21,5,main]) started.
[        ] > Task :flutter_olm:assembleDebug UP-TO-DATE
[        ] Skipping task ':flutter_olm:assembleDebug' as it has no actions.
[        ] Resolve mutations for :flutter_openssl_crypto:stripDebugDebugSymbols (Thread[#43283,Execution worker Thread 21,5,main]) started.
[        ] :flutter_openssl_crypto:stripDebugDebugSymbols (Thread[#43283,Execution worker Thread 21,5,main]) started.
[        ] > Task :flutter_openssl_crypto:stripDebugDebugSymbols UP-TO-DATE
[        ] Caching disabled for task ':flutter_openssl_crypto:stripDebugDebugSymbols' because:
[        ]   Build cache is disabled
[        ]   Caching has been disabled for the task
[        ] Skipping task ':flutter_openssl_crypto:stripDebugDebugSymbols' as it is up-to-date.
[        ] Resolve mutations for :flutter_openssl_crypto:copyDebugJniLibsProjectAndLocalJars (Thread[#43283,Execution worker Thread 21,5,main]) started.
[        ] :flutter_openssl_crypto:copyDebugJniLibsProjectAndLocalJars (Thread[#43283,Execution worker Thread 21,5,main]) started.
[        ] > Task :flutter_openssl_crypto:copyDebugJniLibsProjectAndLocalJars UP-TO-DATE
[        ] Caching disabled for task ':flutter_openssl_crypto:copyDebugJniLibsProjectAndLocalJars' because:
[        ]   Build cache is disabled
[        ]   Caching has been disabled for the task
[        ] Skipping task ':flutter_openssl_crypto:copyDebugJniLibsProjectAndLocalJars' as it is up-to-date.
[        ] Resolve mutations for :flutter_openssl_crypto:extractDebugAnnotations (Thread[#43283,Execution worker Thread 21,5,main]) started.
[        ] :flutter_openssl_crypto:extractDebugAnnotations (Thread[#43283,Execution worker Thread 21,5,main]) started.
[        ] > Task :flutter_openssl_crypto:extractDebugAnnotations UP-TO-DATE
[        ] Caching disabled for task ':flutter_openssl_crypto:extractDebugAnnotations' because:
[        ]   Build cache is disabled
[        ] Skipping task ':flutter_openssl_crypto:extractDebugAnnotations' as it is up-to-date.
[        ] Resolve mutations for :flutter_openssl_crypto:extractDeepLinksForAarDebug (Thread[#43283,Execution worker Thread 21,5,main]) started.
[        ] :flutter_openssl_crypto:extractDeepLinksForAarDebug (Thread[#43283,Execution worker Thread 21,5,main]) started.
[        ] > Task :flutter_openssl_crypto:extractDeepLinksForAarDebug UP-TO-DATE
[        ] Caching disabled for task ':flutter_openssl_crypto:extractDeepLinksForAarDebug' because:
[        ]   Build cache is disabled
[        ] Skipping task ':flutter_openssl_crypto:extractDeepLinksForAarDebug' as it is up-to-date.
[        ] Resolve mutations for :flutter_openssl_crypto:mergeDebugGeneratedProguardFiles (Thread[#43283,Execution worker Thread 21,5,main]) started.
[        ] :flutter_openssl_crypto:mergeDebugGeneratedProguardFiles (Thread[#43283,Execution worker Thread 21,5,main]) started.
[        ] > Task :flutter_openssl_crypto:mergeDebugGeneratedProguardFiles UP-TO-DATE
[        ] Caching disabled for task ':flutter_openssl_crypto:mergeDebugGeneratedProguardFiles' because:
[        ]   Build cache is disabled
[        ]   Simple merging task
[        ] Skipping task ':flutter_openssl_crypto:mergeDebugGeneratedProguardFiles' as it is up-to-date.
[        ] Resolve mutations for :flutter_openssl_crypto:mergeDebugConsumerProguardFiles (Thread[#43283,Execution worker Thread 21,5,main]) started.
[        ] :flutter_openssl_crypto:mergeDebugConsumerProguardFiles (Thread[#43283,Execution worker Thread 21,5,main]) started.
[        ] > Task :flutter_openssl_crypto:mergeDebugConsumerProguardFiles UP-TO-DATE
[        ] Caching disabled for task ':flutter_openssl_crypto:mergeDebugConsumerProguardFiles' because:
[        ]   Build cache is disabled
[        ]   Simple merging task
[        ] Skipping task ':flutter_openssl_crypto:mergeDebugConsumerProguardFiles' as it is up-to-date.
[        ] Resolve mutations for :flutter_openssl_crypto:prepareDebugArtProfile (Thread[#43283,Execution worker Thread 21,5,main]) started.
[        ] :flutter_openssl_crypto:prepareDebugArtProfile (Thread[#43283,Execution worker Thread 21,5,main]) started.
[        ] > Task :flutter_openssl_crypto:prepareDebugArtProfile UP-TO-DATE
[        ] Caching disabled for task ':flutter_openssl_crypto:prepareDebugArtProfile' because:
[        ]   Build cache is disabled
[        ]   Caching has been disabled for the task
[        ] Skipping task ':flutter_openssl_crypto:prepareDebugArtProfile' as it is up-to-date.
[        ] Resolve mutations for :flutter_openssl_crypto:prepareLintJarForPublish (Thread[#43283,Execution worker Thread 21,5,main]) started.
[        ] :flutter_openssl_crypto:prepareLintJarForPublish (Thread[#43283,Execution worker Thread 21,5,main]) started.
[        ] > Task :flutter_openssl_crypto:prepareLintJarForPublish UP-TO-DATE
[        ] Caching disabled for task ':flutter_openssl_crypto:prepareLintJarForPublish' because:
[        ]   Build cache is disabled
[        ]   Caching has been disabled for the task
[        ] Skipping task ':flutter_openssl_crypto:prepareLintJarForPublish' as it is up-to-date.
[        ] Resolve mutations for :flutter_openssl_crypto:mergeDebugJavaResource (Thread[#43283,Execution worker Thread 21,5,main]) started.
[        ] :flutter_openssl_crypto:mergeDebugJavaResource (Thread[#43283,Execution worker Thread 21,5,main]) started.
[        ] > Task :flutter_openssl_crypto:mergeDebugJavaResource UP-TO-DATE
[        ] Caching disabled for task ':flutter_openssl_crypto:mergeDebugJavaResource' because:
[        ]   Build cache is disabled
[        ]   Caching has been disabled for the task
[        ] Skipping task ':flutter_openssl_crypto:mergeDebugJavaResource' as it is up-to-date.
[        ] Resolve mutations for :flutter_openssl_crypto:syncDebugLibJars (Thread[#43283,Execution worker Thread 21,5,main]) started.
[        ] :flutter_openssl_crypto:syncDebugLibJars (Thread[#43283,Execution worker Thread 21,5,main]) started.
[        ] > Task :flutter_openssl_crypto:syncDebugLibJars UP-TO-DATE
[        ] Caching disabled for task ':flutter_openssl_crypto:syncDebugLibJars' because:
[        ]   Build cache is disabled
[        ] Skipping task ':flutter_openssl_crypto:syncDebugLibJars' as it is up-to-date.
[        ] Resolve mutations for :flutter_openssl_crypto:bundleDebugAar (Thread[#43283,Execution worker Thread 21,5,main]) started.
[        ] :flutter_openssl_crypto:bundleDebugAar (Thread[#43283,Execution worker Thread 21,5,main]) started.
[        ] > Task :flutter_openssl_crypto:bundleDebugAar UP-TO-DATE
[        ] Caching disabled for task ':flutter_openssl_crypto:bundleDebugAar' because:
[        ]   Build cache is disabled
[        ]   Caching has been disabled for the task
[        ] Skipping task ':flutter_openssl_crypto:bundleDebugAar' as it is up-to-date.
[        ] Resolve mutations for :flutter_openssl_crypto:assembleDebug (Thread[#43283,Execution worker Thread 21,5,main]) started.
[        ] :flutter_openssl_crypto:assembleDebug (Thread[#43283,Execution worker Thread 21,5,main]) started.
[        ] > Task :flutter_openssl_crypto:assembleDebug UP-TO-DATE
[        ] Skipping task ':flutter_openssl_crypto:assembleDebug' as it has no actions.
[        ] Resolve mutations for :integration_test:stripDebugDebugSymbols (Thread[#43283,Execution worker Thread 21,5,main]) started.
[        ] :integration_test:stripDebugDebugSymbols (Thread[#43283,Execution worker Thread 21,5,main]) started.
[        ] > Task :integration_test:stripDebugDebugSymbols NO-SOURCE
[        ] Skipping task ':integration_test:stripDebugDebugSymbols' as it has no source files and no previous output files.
[        ] Resolve mutations for :integration_test:copyDebugJniLibsProjectAndLocalJars (Thread[#43283,Execution worker Thread 21,5,main]) started.
[        ] :integration_test:copyDebugJniLibsProjectAndLocalJars (Thread[#43283,Execution worker Thread 21,5,main]) started.
[        ] > Task :integration_test:copyDebugJniLibsProjectAndLocalJars UP-TO-DATE
[        ] Caching disabled for task ':integration_test:copyDebugJniLibsProjectAndLocalJars' because:
[        ]   Build cache is disabled
[        ]   Caching has been disabled for the task
[        ] Skipping task ':integration_test:copyDebugJniLibsProjectAndLocalJars' as it is up-to-date.
[        ] Resolve mutations for :integration_test:extractDebugAnnotations (Thread[#43283,Execution worker Thread 21,5,main]) started.
[        ] :integration_test:extractDebugAnnotations (Thread[#43283,Execution worker Thread 21,5,main]) started.
[        ] > Task :integration_test:extractDebugAnnotations UP-TO-DATE
[        ] Caching disabled for task ':integration_test:extractDebugAnnotations' because:
[        ]   Build cache is disabled
[        ] Skipping task ':integration_test:extractDebugAnnotations' as it is up-to-date.
[        ] Resolve mutations for :integration_test:extractDeepLinksForAarDebug (Thread[#43283,Execution worker Thread 21,5,main]) started.
[        ] :integration_test:extractDeepLinksForAarDebug (Thread[#43283,Execution worker Thread 21,5,main]) started.
[        ] > Task :integration_test:extractDeepLinksForAarDebug UP-TO-DATE
[        ] Caching disabled for task ':integration_test:extractDeepLinksForAarDebug' because:
[        ]   Build cache is disabled
[        ] Skipping task ':integration_test:extractDeepLinksForAarDebug' as it is up-to-date.
[        ] Resolve mutations for :integration_test:mergeDebugGeneratedProguardFiles (Thread[#43283,Execution worker Thread 21,5,main]) started.
[        ] :integration_test:mergeDebugGeneratedProguardFiles (Thread[#43283,Execution worker Thread 21,5,main]) started.
[        ] > Task :integration_test:mergeDebugGeneratedProguardFiles UP-TO-DATE
[        ] Caching disabled for task ':integration_test:mergeDebugGeneratedProguardFiles' because:
[        ]   Build cache is disabled
[        ]   Simple merging task
[        ] Skipping task ':integration_test:mergeDebugGeneratedProguardFiles' as it is up-to-date.
[        ] Resolve mutations for :integration_test:mergeDebugConsumerProguardFiles (Thread[#43283,Execution worker Thread 21,5,main]) started.
[        ] :integration_test:mergeDebugConsumerProguardFiles (Thread[#43283,Execution worker Thread 21,5,main]) started.
[        ] > Task :integration_test:mergeDebugConsumerProguardFiles UP-TO-DATE
[        ] Caching disabled for task ':integration_test:mergeDebugConsumerProguardFiles' because:
[        ]   Build cache is disabled
[        ]   Simple merging task
[        ] Skipping task ':integration_test:mergeDebugConsumerProguardFiles' as it is up-to-date.
[        ] Resolve mutations for :integration_test:prepareDebugArtProfile (Thread[#43283,Execution worker Thread 21,5,main]) started.
[        ] :integration_test:prepareDebugArtProfile (Thread[#43283,Execution worker Thread 21,5,main]) started.
[        ] > Task :integration_test:prepareDebugArtProfile UP-TO-DATE
[        ] Caching disabled for task ':integration_test:prepareDebugArtProfile' because:
[        ]   Build cache is disabled
[        ]   Caching has been disabled for the task
[        ] Skipping task ':integration_test:prepareDebugArtProfile' as it is up-to-date.
[        ] Resolve mutations for :integration_test:prepareLintJarForPublish (Thread[#43283,Execution worker Thread 21,5,main]) started.
[        ] :integration_test:prepareLintJarForPublish (Thread[#43283,Execution worker Thread 21,5,main]) started.
[        ] > Task :integration_test:prepareLintJarForPublish UP-TO-DATE
[        ] Caching disabled for task ':integration_test:prepareLintJarForPublish' because:
[        ]   Build cache is disabled
[        ]   Caching has been disabled for the task
[        ] Skipping task ':integration_test:prepareLintJarForPublish' as it is up-to-date.
[        ] Resolve mutations for :integration_test:mergeDebugJavaResource (Thread[#43283,Execution worker Thread 21,5,main]) started.
[        ] :integration_test:mergeDebugJavaResource (Thread[#43283,Execution worker Thread 21,5,main]) started.
[        ] > Task :integration_test:mergeDebugJavaResource UP-TO-DATE
[        ] Caching disabled for task ':integration_test:mergeDebugJavaResource' because:
[        ]   Build cache is disabled
[        ]   Caching has been disabled for the task
[        ] Skipping task ':integration_test:mergeDebugJavaResource' as it is up-to-date.
[        ] Resolve mutations for :integration_test:syncDebugLibJars (Thread[#43283,Execution worker Thread 21,5,main]) started.
[        ] :integration_test:syncDebugLibJars (Thread[#43283,Execution worker Thread 21,5,main]) started.
[        ] > Task :integration_test:syncDebugLibJars UP-TO-DATE
[        ] Caching disabled for task ':integration_test:syncDebugLibJars' because:
[        ]   Build cache is disabled
[        ] Skipping task ':integration_test:syncDebugLibJars' as it is up-to-date.
[        ] Resolve mutations for :integration_test:bundleDebugAar (Thread[#43283,Execution worker Thread 21,5,main]) started.
[        ] :integration_test:bundleDebugAar (Thread[#43283,Execution worker Thread 21,5,main]) started.
[        ] > Task :integration_test:bundleDebugAar UP-TO-DATE
[        ] Caching disabled for task ':integration_test:bundleDebugAar' because:
[        ]   Build cache is disabled
[        ]   Caching has been disabled for the task
[        ] Skipping task ':integration_test:bundleDebugAar' as it is up-to-date.
[        ] Resolve mutations for :integration_test:assembleDebug (Thread[#43283,Execution worker Thread 21,5,main]) started.
[        ] :integration_test:assembleDebug (Thread[#43283,Execution worker Thread 21,5,main]) started.
[        ] > Task :integration_test:assembleDebug UP-TO-DATE
[        ] Skipping task ':integration_test:assembleDebug' as it has no actions.
[        ] Resolve mutations for :path_provider_android:stripDebugDebugSymbols (Thread[#43283,Execution worker Thread 21,5,main]) started.
[        ] :path_provider_android:stripDebugDebugSymbols (Thread[#43283,Execution worker Thread 21,5,main]) started.
[        ] > Task :path_provider_android:stripDebugDebugSymbols NO-SOURCE
[        ] Skipping task ':path_provider_android:stripDebugDebugSymbols' as it has no source files and no previous output files.
[        ] Resolve mutations for :path_provider_android:copyDebugJniLibsProjectAndLocalJars (Thread[#43283,Execution worker Thread 21,5,main]) started.
[        ] :path_provider_android:copyDebugJniLibsProjectAndLocalJars (Thread[#43283,Execution worker Thread 21,5,main]) started.
[        ] > Task :path_provider_android:copyDebugJniLibsProjectAndLocalJars UP-TO-DATE
[        ] Caching disabled for task ':path_provider_android:copyDebugJniLibsProjectAndLocalJars' because:
[        ]   Build cache is disabled
[        ]   Caching has been disabled for the task
[        ] Skipping task ':path_provider_android:copyDebugJniLibsProjectAndLocalJars' as it is up-to-date.
[        ] Resolve mutations for :path_provider_android:extractDebugAnnotations (Thread[#43283,Execution worker Thread 21,5,main]) started.
[        ] :path_provider_android:extractDebugAnnotations (Thread[#43283,Execution worker Thread 21,5,main]) started.
[        ] > Task :path_provider_android:extractDebugAnnotations UP-TO-DATE
[        ] Caching disabled for task ':path_provider_android:extractDebugAnnotations' because:
[        ]   Build cache is disabled
[        ] Skipping task ':path_provider_android:extractDebugAnnotations' as it is up-to-date.
[        ] Resolve mutations for :path_provider_android:extractDeepLinksForAarDebug (Thread[#43283,Execution worker Thread 21,5,main]) started.
[        ] :path_provider_android:extractDeepLinksForAarDebug (Thread[#43283,Execution worker Thread 21,5,main]) started.
[        ] > Task :path_provider_android:extractDeepLinksForAarDebug UP-TO-DATE
[        ] Caching disabled for task ':path_provider_android:extractDeepLinksForAarDebug' because:
[        ]   Build cache is disabled
[        ] Skipping task ':path_provider_android:extractDeepLinksForAarDebug' as it is up-to-date.
[        ] Resolve mutations for :path_provider_android:mergeDebugGeneratedProguardFiles (Thread[#43283,Execution worker Thread 21,5,main]) started.
[        ] :path_provider_android:mergeDebugGeneratedProguardFiles (Thread[#43283,Execution worker Thread 21,5,main]) started.
[        ] > Task :path_provider_android:mergeDebugGeneratedProguardFiles UP-TO-DATE
[        ] Caching disabled for task ':path_provider_android:mergeDebugGeneratedProguardFiles' because:
[        ]   Build cache is disabled
[        ]   Simple merging task
[        ] Skipping task ':path_provider_android:mergeDebugGeneratedProguardFiles' as it is up-to-date.
[        ] Resolve mutations for :path_provider_android:mergeDebugConsumerProguardFiles (Thread[#43283,Execution worker Thread 21,5,main]) started.
[        ] :path_provider_android:mergeDebugConsumerProguardFiles (Thread[#43283,Execution worker Thread 21,5,main]) started.
[        ] > Task :path_provider_android:mergeDebugConsumerProguardFiles UP-TO-DATE
[        ] Caching disabled for task ':path_provider_android:mergeDebugConsumerProguardFiles' because:
[        ]   Build cache is disabled
[        ]   Simple merging task
[        ] Skipping task ':path_provider_android:mergeDebugConsumerProguardFiles' as it is up-to-date.
[        ] Resolve mutations for :path_provider_android:prepareDebugArtProfile (Thread[#43283,Execution worker Thread 21,5,main]) started.
[        ] :path_provider_android:prepareDebugArtProfile (Thread[#43283,Execution worker Thread 21,5,main]) started.
[        ] > Task :path_provider_android:prepareDebugArtProfile UP-TO-DATE
[        ] Caching disabled for task ':path_provider_android:prepareDebugArtProfile' because:
[        ]   Build cache is disabled
[        ]   Caching has been disabled for the task
[        ] Skipping task ':path_provider_android:prepareDebugArtProfile' as it is up-to-date.
[        ] Resolve mutations for :path_provider_android:prepareLintJarForPublish (Thread[#43283,Execution worker Thread 21,5,main]) started.
[        ] :path_provider_android:prepareLintJarForPublish (Thread[#43283,Execution worker Thread 21,5,main]) started.
[        ] > Task :path_provider_android:prepareLintJarForPublish UP-TO-DATE
[        ] Caching disabled for task ':path_provider_android:prepareLintJarForPublish' because:
[        ]   Build cache is disabled
[        ]   Caching has been disabled for the task
[        ] Skipping task ':path_provider_android:prepareLintJarForPublish' as it is up-to-date.
[        ] Resolve mutations for :path_provider_android:mergeDebugJavaResource (Thread[#43283,Execution worker Thread 21,5,main]) started.
[        ] :path_provider_android:mergeDebugJavaResource (Thread[#43283,Execution worker Thread 21,5,main]) started.
[        ] > Task :path_provider_android:mergeDebugJavaResource UP-TO-DATE
[        ] Caching disabled for task ':path_provider_android:mergeDebugJavaResource' because:
[        ]   Build cache is disabled
[        ]   Caching has been disabled for the task
[        ] Skipping task ':path_provider_android:mergeDebugJavaResource' as it is up-to-date.
[        ] Resolve mutations for :path_provider_android:syncDebugLibJars (Thread[#43283,Execution worker Thread 21,5,main]) started.
[        ] :path_provider_android:syncDebugLibJars (Thread[#43283,Execution worker Thread 21,5,main]) started.
[        ] > Task :path_provider_android:syncDebugLibJars UP-TO-DATE
[        ] Caching disabled for task ':path_provider_android:syncDebugLibJars' because:
[        ]   Build cache is disabled
[        ] Skipping task ':path_provider_android:syncDebugLibJars' as it is up-to-date.
[        ] Resolve mutations for :path_provider_android:bundleDebugAar (Thread[#43283,Execution worker Thread 21,5,main]) started.
[        ] :path_provider_android:bundleDebugAar (Thread[#43283,Execution worker Thread 21,5,main]) started.
[        ] > Task :path_provider_android:bundleDebugAar UP-TO-DATE
[        ] Caching disabled for task ':path_provider_android:bundleDebugAar' because:
[        ]   Build cache is disabled
[        ]   Caching has been disabled for the task
[        ] Skipping task ':path_provider_android:bundleDebugAar' as it is up-to-date.
[        ] Resolve mutations for :path_provider_android:assembleDebug (Thread[#43283,Execution worker Thread 21,5,main]) started.
[        ] :path_provider_android:assembleDebug (Thread[#43283,Execution worker Thread 21,5,main]) started.
[        ] > Task :path_provider_android:assembleDebug UP-TO-DATE
[        ] Skipping task ':path_provider_android:assembleDebug' as it has no actions.
[        ] Resolve mutations for :quill_native_bridge_android:stripDebugDebugSymbols (Thread[#43283,Execution worker Thread 21,5,main]) started.
[        ] :quill_native_bridge_android:stripDebugDebugSymbols (Thread[#43283,Execution worker Thread 21,5,main]) started.
[        ] > Task :quill_native_bridge_android:stripDebugDebugSymbols NO-SOURCE
[        ] Skipping task ':quill_native_bridge_android:stripDebugDebugSymbols' as it has no source files and no previous output files.
[        ] Resolve mutations for :quill_native_bridge_android:copyDebugJniLibsProjectAndLocalJars (Thread[#43283,Execution worker Thread 21,5,main]) started.
[        ] :quill_native_bridge_android:copyDebugJniLibsProjectAndLocalJars (Thread[#43283,Execution worker Thread 21,5,main]) started.
[        ] > Task :quill_native_bridge_android:copyDebugJniLibsProjectAndLocalJars UP-TO-DATE
[        ] Caching disabled for task ':quill_native_bridge_android:copyDebugJniLibsProjectAndLocalJars' because:
[        ]   Build cache is disabled
[        ]   Caching has been disabled for the task
[        ] Skipping task ':quill_native_bridge_android:copyDebugJniLibsProjectAndLocalJars' as it is up-to-date.
[        ] Resolve mutations for :quill_native_bridge_android:extractDebugAnnotations (Thread[#43283,Execution worker Thread 21,5,main]) started.
[        ] :quill_native_bridge_android:extractDebugAnnotations (Thread[#43283,Execution worker Thread 21,5,main]) started.
[        ] > Task :quill_native_bridge_android:extractDebugAnnotations UP-TO-DATE
[        ] Caching disabled for task ':quill_native_bridge_android:extractDebugAnnotations' because:
[        ]   Build cache is disabled
[        ] Skipping task ':quill_native_bridge_android:extractDebugAnnotations' as it is up-to-date.
[        ] Resolve mutations for :quill_native_bridge_android:extractDeepLinksForAarDebug (Thread[#43283,Execution worker Thread 21,5,main]) started.
[        ] :quill_native_bridge_android:extractDeepLinksForAarDebug (Thread[#43283,Execution worker Thread 21,5,main]) started.
[        ] > Task :quill_native_bridge_android:extractDeepLinksForAarDebug UP-TO-DATE
[        ] Caching disabled for task ':quill_native_bridge_android:extractDeepLinksForAarDebug' because:
[        ]   Build cache is disabled
[        ] Skipping task ':quill_native_bridge_android:extractDeepLinksForAarDebug' as it is up-to-date.
[        ] Resolve mutations for :quill_native_bridge_android:mergeDebugGeneratedProguardFiles (Thread[#43283,Execution worker Thread 21,5,main]) started.
[        ] :quill_native_bridge_android:mergeDebugGeneratedProguardFiles (Thread[#43283,Execution worker Thread 21,5,main]) started.
[        ] > Task :quill_native_bridge_android:mergeDebugGeneratedProguardFiles UP-TO-DATE
[        ] Caching disabled for task ':quill_native_bridge_android:mergeDebugGeneratedProguardFiles' because:
[        ]   Build cache is disabled
[        ]   Simple merging task
[        ] Skipping task ':quill_native_bridge_android:mergeDebugGeneratedProguardFiles' as it is up-to-date.
[        ] Resolve mutations for :quill_native_bridge_android:mergeDebugConsumerProguardFiles (Thread[#43283,Execution worker Thread 21,5,main]) started.
[        ] :quill_native_bridge_android:mergeDebugConsumerProguardFiles (Thread[#43283,Execution worker Thread 21,5,main]) started.
[        ] > Task :quill_native_bridge_android:mergeDebugConsumerProguardFiles UP-TO-DATE
[        ] Caching disabled for task ':quill_native_bridge_android:mergeDebugConsumerProguardFiles' because:
[        ]   Build cache is disabled
[        ]   Simple merging task
[        ] Skipping task ':quill_native_bridge_android:mergeDebugConsumerProguardFiles' as it is up-to-date.
[        ] Resolve mutations for :quill_native_bridge_android:prepareDebugArtProfile (Thread[#43283,Execution worker Thread 21,5,main]) started.
[        ] :quill_native_bridge_android:prepareDebugArtProfile (Thread[#43283,Execution worker Thread 21,5,main]) started.
[        ] > Task :quill_native_bridge_android:prepareDebugArtProfile UP-TO-DATE
[        ] Caching disabled for task ':quill_native_bridge_android:prepareDebugArtProfile' because:
[        ]   Build cache is disabled
[        ]   Caching has been disabled for the task
[        ] Skipping task ':quill_native_bridge_android:prepareDebugArtProfile' as it is up-to-date.
[        ] Resolve mutations for :quill_native_bridge_android:prepareLintJarForPublish (Thread[#43283,Execution worker Thread 21,5,main]) started.
[        ] :quill_native_bridge_android:prepareLintJarForPublish (Thread[#43283,Execution worker Thread 21,5,main]) started.
[        ] > Task :quill_native_bridge_android:prepareLintJarForPublish UP-TO-DATE
[        ] Caching disabled for task ':quill_native_bridge_android:prepareLintJarForPublish' because:
[        ]   Build cache is disabled
[        ]   Caching has been disabled for the task
[        ] Skipping task ':quill_native_bridge_android:prepareLintJarForPublish' as it is up-to-date.
[        ] Resolve mutations for :quill_native_bridge_android:mergeDebugJavaResource (Thread[#43283,Execution worker Thread 21,5,main]) started.
[        ] :quill_native_bridge_android:mergeDebugJavaResource (Thread[#43283,Execution worker Thread 21,5,main]) started.
[        ] > Task :quill_native_bridge_android:mergeDebugJavaResource UP-TO-DATE
[        ] Caching disabled for task ':quill_native_bridge_android:mergeDebugJavaResource' because:
[        ]   Build cache is disabled
[        ]   Caching has been disabled for the task
[        ] Skipping task ':quill_native_bridge_android:mergeDebugJavaResource' as it is up-to-date.
[        ] Resolve mutations for :quill_native_bridge_android:syncDebugLibJars (Thread[#43283,Execution worker Thread 21,5,main]) started.
[        ] :quill_native_bridge_android:syncDebugLibJars (Thread[#43283,Execution worker Thread 21,5,main]) started.
[        ] > Task :quill_native_bridge_android:syncDebugLibJars UP-TO-DATE
[        ] Caching disabled for task ':quill_native_bridge_android:syncDebugLibJars' because:
[        ]   Build cache is disabled
[        ] Skipping task ':quill_native_bridge_android:syncDebugLibJars' as it is up-to-date.
[        ] Resolve mutations for :quill_native_bridge_android:bundleDebugAar (Thread[#43283,Execution worker Thread 21,5,main]) started.
[        ] :quill_native_bridge_android:bundleDebugAar (Thread[#43283,Execution worker Thread 21,5,main]) started.
[        ] > Task :quill_native_bridge_android:bundleDebugAar UP-TO-DATE
[        ] Caching disabled for task ':quill_native_bridge_android:bundleDebugAar' because:
[        ]   Build cache is disabled
[        ]   Caching has been disabled for the task
[        ] Skipping task ':quill_native_bridge_android:bundleDebugAar' as it is up-to-date.
[        ] Resolve mutations for :quill_native_bridge_android:assembleDebug (Thread[#43283,Execution worker Thread 21,5,main]) started.
[        ] :quill_native_bridge_android:assembleDebug (Thread[#43283,Execution worker Thread 21,5,main]) started.
[        ] > Task :quill_native_bridge_android:assembleDebug UP-TO-DATE
[        ] Skipping task ':quill_native_bridge_android:assembleDebug' as it has no actions.
[        ] Resolve mutations for :shared_preferences_android:stripDebugDebugSymbols (Thread[#43283,Execution worker Thread 21,5,main]) started.
[        ] :shared_preferences_android:stripDebugDebugSymbols (Thread[#43283,Execution worker Thread 21,5,main]) started.
[        ] > Task :shared_preferences_android:stripDebugDebugSymbols NO-SOURCE
[        ] Skipping task ':shared_preferences_android:stripDebugDebugSymbols' as it has no source files and no previous output files.
[        ] Resolve mutations for :shared_preferences_android:copyDebugJniLibsProjectAndLocalJars (Thread[#43283,Execution worker Thread 21,5,main]) started.
[        ] :shared_preferences_android:copyDebugJniLibsProjectAndLocalJars (Thread[#43283,Execution worker Thread 21,5,main]) started.
[        ] > Task :shared_preferences_android:copyDebugJniLibsProjectAndLocalJars UP-TO-DATE
[        ] Caching disabled for task ':shared_preferences_android:copyDebugJniLibsProjectAndLocalJars' because:
[        ]   Build cache is disabled
[        ]   Caching has been disabled for the task
[        ] Skipping task ':shared_preferences_android:copyDebugJniLibsProjectAndLocalJars' as it is up-to-date.
[        ] Resolve mutations for :shared_preferences_android:extractDebugAnnotations (Thread[#43283,Execution worker Thread 21,5,main]) started.
[        ] :shared_preferences_android:extractDebugAnnotations (Thread[#43283,Execution worker Thread 21,5,main]) started.
[        ] > Task :shared_preferences_android:extractDebugAnnotations UP-TO-DATE
[        ] Caching disabled for task ':shared_preferences_android:extractDebugAnnotations' because:
[        ]   Build cache is disabled
[        ] Skipping task ':shared_preferences_android:extractDebugAnnotations' as it is up-to-date.
[        ] Resolve mutations for :shared_preferences_android:extractDeepLinksForAarDebug (Thread[#43283,Execution worker Thread 21,5,main]) started.
[        ] :shared_preferences_android:extractDeepLinksForAarDebug (Thread[#43283,Execution worker Thread 21,5,main]) started.
[        ] > Task :shared_preferences_android:extractDeepLinksForAarDebug UP-TO-DATE
[        ] Caching disabled for task ':shared_preferences_android:extractDeepLinksForAarDebug' because:
[        ]   Build cache is disabled
[        ] Skipping task ':shared_preferences_android:extractDeepLinksForAarDebug' as it is up-to-date.
[        ] Resolve mutations for :shared_preferences_android:mergeDebugGeneratedProguardFiles (Thread[#43283,Execution worker Thread 21,5,main]) started.
[        ] :shared_preferences_android:mergeDebugGeneratedProguardFiles (Thread[#43283,Execution worker Thread 21,5,main]) started.
[        ] > Task :shared_preferences_android:mergeDebugGeneratedProguardFiles UP-TO-DATE
[        ] Caching disabled for task ':shared_preferences_android:mergeDebugGeneratedProguardFiles' because:
[        ]   Build cache is disabled
[        ]   Simple merging task
[        ] Skipping task ':shared_preferences_android:mergeDebugGeneratedProguardFiles' as it is up-to-date.
[        ] Resolve mutations for :shared_preferences_android:mergeDebugConsumerProguardFiles (Thread[#43283,Execution worker Thread 21,5,main]) started.
[        ] :shared_preferences_android:mergeDebugConsumerProguardFiles (Thread[#43283,Execution worker Thread 21,5,main]) started.
[        ] > Task :shared_preferences_android:mergeDebugConsumerProguardFiles UP-TO-DATE
[        ] Caching disabled for task ':shared_preferences_android:mergeDebugConsumerProguardFiles' because:
[        ]   Build cache is disabled
[        ]   Simple merging task
[        ] Skipping task ':shared_preferences_android:mergeDebugConsumerProguardFiles' as it is up-to-date.
[        ] Resolve mutations for :shared_preferences_android:prepareDebugArtProfile (Thread[#43283,Execution worker Thread 21,5,main]) started.
[        ] :shared_preferences_android:prepareDebugArtProfile (Thread[#43283,Execution worker Thread 21,5,main]) started.
[        ] > Task :shared_preferences_android:prepareDebugArtProfile UP-TO-DATE
[        ] Caching disabled for task ':shared_preferences_android:prepareDebugArtProfile' because:
[        ]   Build cache is disabled
[        ]   Caching has been disabled for the task
[        ] Skipping task ':shared_preferences_android:prepareDebugArtProfile' as it is up-to-date.
[        ] Resolve mutations for :shared_preferences_android:prepareLintJarForPublish (Thread[#43283,Execution worker Thread 21,5,main]) started.
[        ] :shared_preferences_android:prepareLintJarForPublish (Thread[#43283,Execution worker Thread 21,5,main]) started.
[        ] > Task :shared_preferences_android:prepareLintJarForPublish UP-TO-DATE
[        ] Caching disabled for task ':shared_preferences_android:prepareLintJarForPublish' because:
[        ]   Build cache is disabled
[        ]   Caching has been disabled for the task
[        ] Skipping task ':shared_preferences_android:prepareLintJarForPublish' as it is up-to-date.
[        ] Resolve mutations for :shared_preferences_android:mergeDebugJavaResource (Thread[#43283,Execution worker Thread 21,5,main]) started.
[        ] :shared_preferences_android:mergeDebugJavaResource (Thread[#43283,Execution worker Thread 21,5,main]) started.
[        ] > Task :shared_preferences_android:mergeDebugJavaResource UP-TO-DATE
[        ] Caching disabled for task ':shared_preferences_android:mergeDebugJavaResource' because:
[        ]   Build cache is disabled
[        ]   Caching has been disabled for the task
[        ] Skipping task ':shared_preferences_android:mergeDebugJavaResource' as it is up-to-date.
[        ] Resolve mutations for :shared_preferences_android:syncDebugLibJars (Thread[#43283,Execution worker Thread 21,5,main]) started.
[        ] :shared_preferences_android:syncDebugLibJars (Thread[#43283,Execution worker Thread 21,5,main]) started.
[        ] > Task :shared_preferences_android:syncDebugLibJars UP-TO-DATE
[        ] Caching disabled for task ':shared_preferences_android:syncDebugLibJars' because:
[        ]   Build cache is disabled
[        ] Skipping task ':shared_preferences_android:syncDebugLibJars' as it is up-to-date.
[        ] Resolve mutations for :shared_preferences_android:bundleDebugAar (Thread[#43283,Execution worker Thread 21,5,main]) started.
[        ] :shared_preferences_android:bundleDebugAar (Thread[#43283,Execution worker Thread 21,5,main]) started.
[        ] > Task :shared_preferences_android:bundleDebugAar UP-TO-DATE
[        ] Caching disabled for task ':shared_preferences_android:bundleDebugAar' because:
[        ]   Build cache is disabled
[        ]   Caching has been disabled for the task
[        ] Skipping task ':shared_preferences_android:bundleDebugAar' as it is up-to-date.
[        ] Resolve mutations for :shared_preferences_android:assembleDebug (Thread[#43283,Execution worker Thread 21,5,main]) started.
[        ] :shared_preferences_android:assembleDebug (Thread[#43283,Execution worker Thread 21,5,main]) started.
[        ] > Task :shared_preferences_android:assembleDebug UP-TO-DATE
[        ] Skipping task ':shared_preferences_android:assembleDebug' as it has no actions.
[        ] Resolve mutations for :sqflite_android:stripDebugDebugSymbols (Thread[#43283,Execution worker Thread 21,5,main]) started.
[        ] :sqflite_android:stripDebugDebugSymbols (Thread[#43283,Execution worker Thread 21,5,main]) started.
[        ] > Task :sqflite_android:stripDebugDebugSymbols NO-SOURCE
[        ] Skipping task ':sqflite_android:stripDebugDebugSymbols' as it has no source files and no previous output files.
[        ] Resolve mutations for :sqflite_android:copyDebugJniLibsProjectAndLocalJars (Thread[#43283,Execution worker Thread 21,5,main]) started.
[        ] :sqflite_android:copyDebugJniLibsProjectAndLocalJars (Thread[#43283,Execution worker Thread 21,5,main]) started.
[        ] > Task :sqflite_android:copyDebugJniLibsProjectAndLocalJars UP-TO-DATE
[        ] Caching disabled for task ':sqflite_android:copyDebugJniLibsProjectAndLocalJars' because:
[        ]   Build cache is disabled
[        ]   Caching has been disabled for the task
[        ] Skipping task ':sqflite_android:copyDebugJniLibsProjectAndLocalJars' as it is up-to-date.
[        ] Resolve mutations for :sqflite_android:extractDebugAnnotations (Thread[#43283,Execution worker Thread 21,5,main]) started.
[        ] :sqflite_android:extractDebugAnnotations (Thread[#43283,Execution worker Thread 21,5,main]) started.
[        ] > Task :sqflite_android:extractDebugAnnotations UP-TO-DATE
[        ] Caching disabled for task ':sqflite_android:extractDebugAnnotations' because:
[        ]   Build cache is disabled
[        ] Skipping task ':sqflite_android:extractDebugAnnotations' as it is up-to-date.
[        ] Resolve mutations for :sqflite_android:extractDeepLinksForAarDebug (Thread[#43283,Execution worker Thread 21,5,main]) started.
[        ] :sqflite_android:extractDeepLinksForAarDebug (Thread[#43283,Execution worker Thread 21,5,main]) started.
[        ] > Task :sqflite_android:extractDeepLinksForAarDebug UP-TO-DATE
[        ] Caching disabled for task ':sqflite_android:extractDeepLinksForAarDebug' because:
[        ]   Build cache is disabled
[        ] Skipping task ':sqflite_android:extractDeepLinksForAarDebug' as it is up-to-date.
[        ] Resolve mutations for :sqflite_android:mergeDebugGeneratedProguardFiles (Thread[#43283,Execution worker Thread 21,5,main]) started.
[        ] :sqflite_android:mergeDebugGeneratedProguardFiles (Thread[#43283,Execution worker Thread 21,5,main]) started.
[        ] > Task :sqflite_android:mergeDebugGeneratedProguardFiles UP-TO-DATE
[        ] Caching disabled for task ':sqflite_android:mergeDebugGeneratedProguardFiles' because:
[        ]   Build cache is disabled
[        ]   Simple merging task
[        ] Skipping task ':sqflite_android:mergeDebugGeneratedProguardFiles' as it is up-to-date.
[        ] Resolve mutations for :sqflite_android:mergeDebugConsumerProguardFiles (Thread[#43283,Execution worker Thread 21,5,main]) started.
[        ] :sqflite_android:mergeDebugConsumerProguardFiles (Thread[#43283,Execution worker Thread 21,5,main]) started.
[        ] > Task :sqflite_android:mergeDebugConsumerProguardFiles UP-TO-DATE
[        ] Caching disabled for task ':sqflite_android:mergeDebugConsumerProguardFiles' because:
[        ]   Build cache is disabled
[        ]   Simple merging task
[        ] Skipping task ':sqflite_android:mergeDebugConsumerProguardFiles' as it is up-to-date.
[        ] Resolve mutations for :sqflite_android:prepareDebugArtProfile (Thread[#43283,Execution worker Thread 21,5,main]) started.
[        ] :sqflite_android:prepareDebugArtProfile (Thread[#43283,Execution worker Thread 21,5,main]) started.
[        ] > Task :sqflite_android:prepareDebugArtProfile UP-TO-DATE
[        ] Caching disabled for task ':sqflite_android:prepareDebugArtProfile' because:
[        ]   Build cache is disabled
[        ]   Caching has been disabled for the task
[        ] Skipping task ':sqflite_android:prepareDebugArtProfile' as it is up-to-date.
[        ] Resolve mutations for :sqflite_android:prepareLintJarForPublish (Thread[#43283,Execution worker Thread 21,5,main]) started.
[        ] :sqflite_android:prepareLintJarForPublish (Thread[#43283,Execution worker Thread 21,5,main]) started.
[        ] > Task :sqflite_android:prepareLintJarForPublish UP-TO-DATE
[        ] Caching disabled for task ':sqflite_android:prepareLintJarForPublish' because:
[        ]   Build cache is disabled
[        ]   Caching has been disabled for the task
[        ] Skipping task ':sqflite_android:prepareLintJarForPublish' as it is up-to-date.
[        ] Resolve mutations for :sqflite_android:mergeDebugJavaResource (Thread[#43283,Execution worker Thread 21,5,main]) started.
[        ] :sqflite_android:mergeDebugJavaResource (Thread[#43283,Execution worker Thread 21,5,main]) started.
[        ] > Task :sqflite_android:mergeDebugJavaResource UP-TO-DATE
[        ] Caching disabled for task ':sqflite_android:mergeDebugJavaResource' because:
[        ]   Build cache is disabled
[        ]   Caching has been disabled for the task
[        ] Skipping task ':sqflite_android:mergeDebugJavaResource' as it is up-to-date.
[        ] Resolve mutations for :sqflite_android:syncDebugLibJars (Thread[#43283,Execution worker Thread 21,5,main]) started.
[        ] :sqflite_android:syncDebugLibJars (Thread[#43283,Execution worker Thread 21,5,main]) started.
[        ] > Task :sqflite_android:syncDebugLibJars UP-TO-DATE
[        ] Caching disabled for task ':sqflite_android:syncDebugLibJars' because:
[        ]   Build cache is disabled
[        ] Skipping task ':sqflite_android:syncDebugLibJars' as it is up-to-date.
[        ] Resolve mutations for :sqflite_android:bundleDebugAar (Thread[#43283,Execution worker Thread 21,5,main]) started.
[        ] :sqflite_android:bundleDebugAar (Thread[#43283,Execution worker Thread 21,5,main]) started.
[        ] > Task :sqflite_android:bundleDebugAar UP-TO-DATE
[        ] Caching disabled for task ':sqflite_android:bundleDebugAar' because:
[        ]   Build cache is disabled
[        ]   Caching has been disabled for the task
[        ] Skipping task ':sqflite_android:bundleDebugAar' as it is up-to-date.
[        ] Resolve mutations for :sqflite_android:assembleDebug (Thread[#43283,Execution worker Thread 21,5,main]) started.
[        ] :sqflite_android:assembleDebug (Thread[#43283,Execution worker Thread 21,5,main]) started.
[        ] > Task :sqflite_android:assembleDebug UP-TO-DATE
[        ] Skipping task ':sqflite_android:assembleDebug' as it has no actions.
[        ] Resolve mutations for :url_launcher_android:stripDebugDebugSymbols (Thread[#43283,Execution worker Thread 21,5,main]) started.
[        ] :url_launcher_android:stripDebugDebugSymbols (Thread[#43283,Execution worker Thread 21,5,main]) started.
[        ] > Task :url_launcher_android:stripDebugDebugSymbols NO-SOURCE
[        ] Skipping task ':url_launcher_android:stripDebugDebugSymbols' as it has no source files and no previous output files.
[        ] Resolve mutations for :url_launcher_android:copyDebugJniLibsProjectAndLocalJars (Thread[#43283,Execution worker Thread 21,5,main]) started.
[        ] :url_launcher_android:copyDebugJniLibsProjectAndLocalJars (Thread[#43283,Execution worker Thread 21,5,main]) started.
[        ] > Task :url_launcher_android:copyDebugJniLibsProjectAndLocalJars UP-TO-DATE
[        ] Caching disabled for task ':url_launcher_android:copyDebugJniLibsProjectAndLocalJars' because:
[        ]   Build cache is disabled
[        ]   Caching has been disabled for the task
[        ] Skipping task ':url_launcher_android:copyDebugJniLibsProjectAndLocalJars' as it is up-to-date.
[        ] Resolve mutations for :url_launcher_android:extractDebugAnnotations (Thread[#43283,Execution worker Thread 21,5,main]) started.
[        ] :url_launcher_android:extractDebugAnnotations (Thread[#43283,Execution worker Thread 21,5,main]) started.
[        ] > Task :url_launcher_android:extractDebugAnnotations UP-TO-DATE
[        ] Caching disabled for task ':url_launcher_android:extractDebugAnnotations' because:
[        ]   Build cache is disabled
[        ] Skipping task ':url_launcher_android:extractDebugAnnotations' as it is up-to-date.
[        ] Resolve mutations for :url_launcher_android:extractDeepLinksForAarDebug (Thread[#43283,Execution worker Thread 21,5,main]) started.
[        ] :url_launcher_android:extractDeepLinksForAarDebug (Thread[#43283,Execution worker Thread 21,5,main]) started.
[        ] > Task :url_launcher_android:extractDeepLinksForAarDebug UP-TO-DATE
[        ] Caching disabled for task ':url_launcher_android:extractDeepLinksForAarDebug' because:
[        ]   Build cache is disabled
[        ] Skipping task ':url_launcher_android:extractDeepLinksForAarDebug' as it is up-to-date.
[        ] Resolve mutations for :url_launcher_android:mergeDebugGeneratedProguardFiles (Thread[#43283,Execution worker Thread 21,5,main]) started.
[        ] :url_launcher_android:mergeDebugGeneratedProguardFiles (Thread[#43283,Execution worker Thread 21,5,main]) started.
[        ] > Task :url_launcher_android:mergeDebugGeneratedProguardFiles UP-TO-DATE
[        ] Caching disabled for task ':url_launcher_android:mergeDebugGeneratedProguardFiles' because:
[        ]   Build cache is disabled
[        ]   Simple merging task
[        ] Skipping task ':url_launcher_android:mergeDebugGeneratedProguardFiles' as it is up-to-date.
[        ] Resolve mutations for :url_launcher_android:mergeDebugConsumerProguardFiles (Thread[#43283,Execution worker Thread 21,5,main]) started.
[        ] :url_launcher_android:mergeDebugConsumerProguardFiles (Thread[#43283,Execution worker Thread 21,5,main]) started.
[        ] > Task :url_launcher_android:mergeDebugConsumerProguardFiles UP-TO-DATE
[        ] Caching disabled for task ':url_launcher_android:mergeDebugConsumerProguardFiles' because:
[        ]   Build cache is disabled
[        ]   Simple merging task
[        ] Skipping task ':url_launcher_android:mergeDebugConsumerProguardFiles' as it is up-to-date.
[        ] Resolve mutations for :url_launcher_android:prepareDebugArtProfile (Thread[#43283,Execution worker Thread 21,5,main]) started.
[        ] :url_launcher_android:prepareDebugArtProfile (Thread[#43283,Execution worker Thread 21,5,main]) started.
[        ] > Task :url_launcher_android:prepareDebugArtProfile UP-TO-DATE
[        ] Caching disabled for task ':url_launcher_android:prepareDebugArtProfile' because:
[        ]   Build cache is disabled
[        ]   Caching has been disabled for the task
[        ] Skipping task ':url_launcher_android:prepareDebugArtProfile' as it is up-to-date.
[        ] Resolve mutations for :url_launcher_android:prepareLintJarForPublish (Thread[#43283,Execution worker Thread 21,5,main]) started.
[        ] :url_launcher_android:prepareLintJarForPublish (Thread[#43283,Execution worker Thread 21,5,main]) started.
[        ] > Task :url_launcher_android:prepareLintJarForPublish UP-TO-DATE
[        ] Caching disabled for task ':url_launcher_android:prepareLintJarForPublish' because:
[        ]   Build cache is disabled
[        ]   Caching has been disabled for the task
[        ] Skipping task ':url_launcher_android:prepareLintJarForPublish' as it is up-to-date.
[        ] Resolve mutations for :url_launcher_android:mergeDebugJavaResource (Thread[#43283,Execution worker Thread 21,5,main]) started.
[        ] :url_launcher_android:mergeDebugJavaResource (Thread[#43283,Execution worker Thread 21,5,main]) started.
[        ] > Task :url_launcher_android:mergeDebugJavaResource UP-TO-DATE
[        ] Caching disabled for task ':url_launcher_android:mergeDebugJavaResource' because:
[        ]   Build cache is disabled
[        ]   Caching has been disabled for the task
[        ] Skipping task ':url_launcher_android:mergeDebugJavaResource' as it is up-to-date.
[        ] Resolve mutations for :url_launcher_android:syncDebugLibJars (Thread[#43283,Execution worker Thread 21,5,main]) started.
[        ] :url_launcher_android:syncDebugLibJars (Thread[#43283,Execution worker Thread 21,5,main]) started.
[        ] > Task :url_launcher_android:syncDebugLibJars UP-TO-DATE
[        ] Caching disabled for task ':url_launcher_android:syncDebugLibJars' because:
[        ]   Build cache is disabled
[        ] Skipping task ':url_launcher_android:syncDebugLibJars' as it is up-to-date.
[        ] Resolve mutations for :url_launcher_android:bundleDebugAar (Thread[#43283,Execution worker Thread 21,5,main]) started.
[        ] :url_launcher_android:bundleDebugAar (Thread[#43283,Execution worker Thread 21,5,main]) started.
[        ] > Task :url_launcher_android:bundleDebugAar UP-TO-DATE
[        ] Caching disabled for task ':url_launcher_android:bundleDebugAar' because:
[        ]   Build cache is disabled
[        ]   Caching has been disabled for the task
[        ] Skipping task ':url_launcher_android:bundleDebugAar' as it is up-to-date.
[        ] Resolve mutations for :url_launcher_android:assembleDebug (Thread[#43283,Execution worker Thread 21,5,main]) started.
[        ] :url_launcher_android:assembleDebug (Thread[#43283,Execution worker Thread 21,5,main]) started.
[        ] > Task :url_launcher_android:assembleDebug UP-TO-DATE
[        ] Skipping task ':url_launcher_android:assembleDebug' as it has no actions.
[        ] Resolve mutations for :video_player_android:stripDebugDebugSymbols (Thread[#43283,Execution worker Thread 21,5,main]) started.
[        ] :video_player_android:stripDebugDebugSymbols (Thread[#43283,Execution worker Thread 21,5,main]) started.
[        ] > Task :video_player_android:stripDebugDebugSymbols NO-SOURCE
[        ] Skipping task ':video_player_android:stripDebugDebugSymbols' as it has no source files and no previous output files.
[        ] Resolve mutations for :video_player_android:copyDebugJniLibsProjectAndLocalJars (Thread[#43283,Execution worker Thread 21,5,main]) started.
[        ] :video_player_android:copyDebugJniLibsProjectAndLocalJars (Thread[#43283,Execution worker Thread 21,5,main]) started.
[        ] > Task :video_player_android:copyDebugJniLibsProjectAndLocalJars UP-TO-DATE
[        ] Caching disabled for task ':video_player_android:copyDebugJniLibsProjectAndLocalJars' because:
[        ]   Build cache is disabled
[        ]   Caching has been disabled for the task
[        ] Skipping task ':video_player_android:copyDebugJniLibsProjectAndLocalJars' as it is up-to-date.
[        ] Resolve mutations for :video_player_android:extractDebugAnnotations (Thread[#43283,Execution worker Thread 21,5,main]) started.
[        ] :video_player_android:extractDebugAnnotations (Thread[#43283,Execution worker Thread 21,5,main]) started.
[        ] > Task :video_player_android:extractDebugAnnotations UP-TO-DATE
[        ] Caching disabled for task ':video_player_android:extractDebugAnnotations' because:
[        ]   Build cache is disabled
[        ] Skipping task ':video_player_android:extractDebugAnnotations' as it is up-to-date.
[        ] Resolve mutations for :video_player_android:extractDeepLinksForAarDebug (Thread[#43283,Execution worker Thread 21,5,main]) started.
[        ] :video_player_android:extractDeepLinksForAarDebug (Thread[#43283,Execution worker Thread 21,5,main]) started.
[        ] > Task :video_player_android:extractDeepLinksForAarDebug UP-TO-DATE
[        ] Caching disabled for task ':video_player_android:extractDeepLinksForAarDebug' because:
[        ]   Build cache is disabled
[        ] Skipping task ':video_player_android:extractDeepLinksForAarDebug' as it is up-to-date.
[        ] Resolve mutations for :video_player_android:mergeDebugGeneratedProguardFiles (Thread[#43283,Execution worker Thread 21,5,main]) started.
[        ] :video_player_android:mergeDebugGeneratedProguardFiles (Thread[#43283,Execution worker Thread 21,5,main]) started.
[        ] > Task :video_player_android:mergeDebugGeneratedProguardFiles UP-TO-DATE
[        ] Caching disabled for task ':video_player_android:mergeDebugGeneratedProguardFiles' because:
[        ]   Build cache is disabled
[        ]   Simple merging task
[        ] Skipping task ':video_player_android:mergeDebugGeneratedProguardFiles' as it is up-to-date.
[        ] Resolve mutations for :video_player_android:mergeDebugConsumerProguardFiles (Thread[#43283,Execution worker Thread 21,5,main]) started.
[        ] :video_player_android:mergeDebugConsumerProguardFiles (Thread[#43283,Execution worker Thread 21,5,main]) started.
[        ] > Task :video_player_android:mergeDebugConsumerProguardFiles UP-TO-DATE
[        ] Caching disabled for task ':video_player_android:mergeDebugConsumerProguardFiles' because:
[        ]   Build cache is disabled
[        ]   Simple merging task
[        ] Skipping task ':video_player_android:mergeDebugConsumerProguardFiles' as it is up-to-date.
[        ] Resolve mutations for :video_player_android:prepareDebugArtProfile (Thread[#43283,Execution worker Thread 21,5,main]) started.
[        ] :video_player_android:prepareDebugArtProfile (Thread[#43283,Execution worker Thread 21,5,main]) started.
[        ] > Task :video_player_android:prepareDebugArtProfile UP-TO-DATE
[        ] Caching disabled for task ':video_player_android:prepareDebugArtProfile' because:
[        ]   Build cache is disabled
[        ]   Caching has been disabled for the task
[        ] Skipping task ':video_player_android:prepareDebugArtProfile' as it is up-to-date.
[        ] Resolve mutations for :video_player_android:prepareLintJarForPublish (Thread[#43283,Execution worker Thread 21,5,main]) started.
[        ] :video_player_android:prepareLintJarForPublish (Thread[#43283,Execution worker Thread 21,5,main]) started.
[        ] > Task :video_player_android:prepareLintJarForPublish UP-TO-DATE
[        ] Caching disabled for task ':video_player_android:prepareLintJarForPublish' because:
[        ]   Build cache is disabled
[        ]   Caching has been disabled for the task
[        ] Skipping task ':video_player_android:prepareLintJarForPublish' as it is up-to-date.
[        ] Resolve mutations for :video_player_android:mergeDebugJavaResource (Thread[#43283,Execution worker Thread 21,5,main]) started.
[        ] :video_player_android:mergeDebugJavaResource (Thread[#43283,Execution worker Thread 21,5,main]) started.
[        ] > Task :video_player_android:mergeDebugJavaResource UP-TO-DATE
[        ] Caching disabled for task ':video_player_android:mergeDebugJavaResource' because:
[        ]   Build cache is disabled
[        ]   Caching has been disabled for the task
[        ] Skipping task ':video_player_android:mergeDebugJavaResource' as it is up-to-date.
[        ] Resolve mutations for :video_player_android:syncDebugLibJars (Thread[#43283,Execution worker Thread 21,5,main]) started.
[        ] :video_player_android:syncDebugLibJars (Thread[#43283,Execution worker Thread 21,5,main]) started.
[        ] > Task :video_player_android:syncDebugLibJars UP-TO-DATE
[        ] Caching disabled for task ':video_player_android:syncDebugLibJars' because:
[        ]   Build cache is disabled
[        ] Skipping task ':video_player_android:syncDebugLibJars' as it is up-to-date.
[        ] Resolve mutations for :video_player_android:bundleDebugAar (Thread[#43283,Execution worker Thread 21,5,main]) started.
[        ] :video_player_android:bundleDebugAar (Thread[#43283,Execution worker Thread 21,5,main]) started.
[        ] > Task :video_player_android:bundleDebugAar UP-TO-DATE
[        ] Caching disabled for task ':video_player_android:bundleDebugAar' because:
[        ]   Build cache is disabled
[        ]   Caching has been disabled for the task
[        ] Skipping task ':video_player_android:bundleDebugAar' as it is up-to-date.
[        ] Resolve mutations for :video_player_android:assembleDebug (Thread[#43283,Execution worker Thread 21,5,main]) started.
[        ] :video_player_android:assembleDebug (Thread[#43283,Execution worker Thread 21,5,main]) started.
[        ] > Task :video_player_android:assembleDebug UP-TO-DATE
[        ] Skipping task ':video_player_android:assembleDebug' as it has no actions.
[ +582 ms] > Task :app:compressDebugAssets
[        ] Caching disabled for task ':app:compressDebugAssets' because:
[        ]   Build cache is disabled
[        ] Task ':app:compressDebugAssets' is not up-to-date because:
[        ]   Input property 'inputDirs' file /Users/florian/Code/substitution/build/app/intermediates/assets/debug/mergeDebugAssets/flutter_assets/kernel_blob.bin has changed.
[        ] Resolve mutations for :app:packageDebug (Thread[#43272,Execution worker Thread 10,5,main]) started.
[        ] :app:packageDebug (Thread[#43272,Execution worker Thread 10,5,main]) started.
14:22 +11 -31: loading /Users/florian/Code/substitution/integration_test/login_debug_test.dart                                                                                                         [ +300 ms] > Task :app:packageDebug
[        ] Custom actions are attached to task ':app:packageDebug'.
[        ] Caching disabled for task ':app:packageDebug' because:
[        ]   Build cache is disabled
[        ]   Caching has been disabled for the task
[        ] Task ':app:packageDebug' is not up-to-date because:
[        ]   Input property 'assets' file /Users/florian/Code/substitution/build/app/intermediates/compressed_assets/debug/compressDebugAssets/out/assets/flutter_assets/kernel_blob.bin.jar has changed.
[        ] Resolve mutations for :app:createDebugApkListingFileRedirect (Thread[#43272,Execution worker Thread 10,5,main]) started.
[        ] :app:createDebugApkListingFileRedirect (Thread[#43272,Execution worker Thread 10,5,main]) started.
[        ] > Task :app:createDebugApkListingFileRedirect UP-TO-DATE
[        ] Caching disabled for task ':app:createDebugApkListingFileRedirect' because:
[        ]   Build cache is disabled
[        ]   Caching has been disabled for the task
[        ] Skipping task ':app:createDebugApkListingFileRedirect' as it is up-to-date.
[        ] Resolve mutations for :app:assembleDebug (Thread[#43272,Execution worker Thread 10,5,main]) started.
[        ] :app:assembleDebug (Thread[#43272,Execution worker Thread 10,5,main]) started.
[  +36 ms] > Task :app:assembleDebug
[        ] Caching disabled for task ':app:assembleDebug' because:
[        ]   Build cache is disabled
[        ] Task ':app:assembleDebug' is not up-to-date because:
[        ]   Task has not declared any outputs despite executing actions.
[        ] [Incubating] Problems report is available at: file:///Users/florian/Code/substitution/build/reports/problems/problems-report.html
[        ] Deprecated Gradle features were used in this build, making it incompatible with Gradle 9.0.
[        ] You can use '--warning-mode all' to show the individual deprecation warnings and determine if they come from your own scripts or plugins.
[        ] For more on this, please refer to https://docs.gradle.org/8.12.1/userguide/command_line_interface.html#sec:command_line_warnings in the Gradle documentation.
[        ] BUILD SUCCESSFUL in 12s
[        ] 458 actionable tasks: 29 executed, 429 up-to-date
[        ] Watched directory hierarchies: [/opt/homebrew/share/flutter/packages/flutter_tools/gradle, /Users/florian/Code/substitution/android]
[  +17 ms] Running Gradle task 'assembleDebug'... (completed in 12,4s)
[   +6 ms] Calculate SHA1: LocalDirectory: '/Users/florian/Code/substitution/build/app/outputs/flutter-apk'/app-debug.apk
[+1062 ms] ✓ Built build/app/outputs/flutter-apk/app-debug.apk
[   +1 ms] executing: /Users/florian/Library/Android/sdk/build-tools/36.1.0/aapt dump xmltree /Users/florian/Code/substitution/build/app/outputs/flutter-apk/app-debug.apk AndroidManifest.xml
[  +13 ms] Exit code 0 from: /Users/florian/Library/Android/sdk/build-tools/36.1.0/aapt dump xmltree /Users/florian/Code/substitution/build/app/outputs/flutter-apk/app-debug.apk AndroidManifest.xml
[        ] N: android=http://schemas.android.com/apk/res/android
             E: manifest (line=2)
               A: android:versionCode(0x0101021b)=(type 0x10)0x7
               A: android:versionName(0x0101021c)="1.0.0" (Raw: "1.0.0")
               A: android:compileSdkVersion(0x01010572)=(type 0x10)0x24
               A: android:compileSdkVersionCodename(0x01010573)="16" (Raw: "16")
               A: package="art.substitution.substitution" (Raw: "art.substitution.substitution")
               A: platformBuildVersionCode=(type 0x10)0x24
               A: platformBuildVersionName=(type 0x10)0x10
               E: uses-sdk (line=7)
                 A: android:minSdkVersion(0x0101020c)=(type 0x10)0x18
                 A: android:targetSdkVersion(0x01010270)=(type 0x10)0x22
               E: uses-permission (line=15)
                 A: android:name(0x01010003)="android.permission.INTERNET" (Raw: "android.permission.INTERNET")
               E: uses-permission (line=16)
                 A: android:name(0x01010003)="android.permission.ACCESS_NETWORK_STATE" (Raw: "android.permission.ACCESS_NETWORK_STATE")
               E: permission (line=18)
                 A: android:name(0x01010003)="art.substitution.substitution.DYNAMIC_RECEIVER_NOT_EXPORTED_PERMISSION" (Raw: "art.substitution.substitution.DYNAMIC_RECEIVER_NOT_EXPORTED_PERMISSION")
                 A: android:protectionLevel(0x01010009)=(type 0x11)0x2
               E: uses-permission (line=22)
                 A: android:name(0x01010003)="art.substitution.substitution.DYNAMIC_RECEIVER_NOT_EXPORTED_PERMISSION" (Raw: "art.substitution.substitution.DYNAMIC_RECEIVER_NOT_EXPORTED_PERMISSION")
               E: application (line=24)
                 A: android:label(0x01010001)="substitution" (Raw: "substitution")
                 A: android:icon(0x01010002)=@0x7f0c0000
                 A: android:name(0x01010003)="android.app.Application" (Raw: "android.app.Application")
                 A: android:debuggable(0x0101000f)=(type 0x12)0xffffffff
                 A: android:extractNativeLibs(0x010104ea)=(type 0x12)0x0
                 A: android:appComponentFactory(0x0101057a)="androidx.core.app.CoreComponentFactory" (Raw: "androidx.core.app.CoreComponentFactory")
                 E: activity (line=31)
                   A: android:theme(0x01010000)=@0x7f0e00a2
                   A: android:name(0x01010003)="art.substitution.substitution.MainActivity" (Raw: "art.substitution.substitution.MainActivity")
                   A: android:exported(0x01010010)=(type 0x12)0xffffffff
                   A: android:launchMode(0x0101001d)=(type 0x10)0x1
                   A: android:configChanges(0x0101001f)=(type 0x11)0x40003fb4
                   A: android:windowSoftInputMode(0x0101022b)=(type 0x11)0x10
                   A: android:hardwareAccelerated(0x010102d3)=(type 0x12)0xffffffff
                   E: meta-data (line=46)
                     A: android:name(0x01010003)="io.flutter.embedding.android.NormalTheme" (Raw: "io.flutter.embedding.android.NormalTheme")
                     A: android:resource(0x01010025)=@0x7f0e00a3
                   E: intent-filter (line=50)
                     E: action (line=51)
                       A: android:name(0x01010003)="android.intent.action.MAIN" (Raw: "android.intent.action.MAIN")
                     E: category (line=53)
                       A: android:name(0x01010003)="android.intent.category.LAUNCHER" (Raw: "android.intent.category.LAUNCHER")
                   E: intent-filter (line=56)
                     E: action (line=57)
                       A: android:name(0x01010003)="android.intent.action.VIEW" (Raw: "android.intent.action.VIEW")
                     E: category (line=59)
                       A: android:name(0x01010003)="android.intent.category.DEFAULT" (Raw: "android.intent.category.DEFAULT")
                     E: category (line=60)
                       A: android:name(0x01010003)="android.intent.category.BROWSABLE" (Raw: "android.intent.category.BROWSABLE")
                     E: data (line=62)
                       A: android:scheme(0x01010027)="substitution" (Raw: "substitution")
                       A: android:host(0x01010028)="auth" (Raw: "auth")
                       A: android:pathPrefix(0x0101002b)="/login-callback" (Raw: "/login-callback")
                 E: meta-data (line=72)
                   A: android:name(0x01010003)="flutterEmbedding" (Raw: "flutterEmbedding")
                   A: android:value(0x01010024)=(type 0x10)0x2
                 E: activity (line=76)
                   A: android:theme(0x01010000)=@0x01030007
                   A: android:name(0x01010003)="io.flutter.plugins.urllauncher.WebViewActivity" (Raw: "io.flutter.plugins.urllauncher.WebViewActivity")
                   A: android:exported(0x01010010)=(type 0x12)0x0
                 E: uses-library (line=81)
                   A: android:name(0x01010003)="androidx.window.extensions" (Raw: "androidx.window.extensions")
                   A: android:required(0x0101028e)=(type 0x12)0x0
                 E: uses-library (line=84)
                   A: android:name(0x01010003)="androidx.window.sidecar" (Raw: "androidx.window.sidecar")
                   A: android:required(0x0101028e)=(type 0x12)0x0
                 E: provider (line=88)
                   A: android:name(0x01010003)="androidx.startup.InitializationProvider" (Raw: "androidx.startup.InitializationProvider")
                   A: android:exported(0x01010010)=(type 0x12)0x0
                   A: android:authorities(0x01010018)="art.substitution.substitution.androidx-startup" (Raw: "art.substitution.substitution.androidx-startup")
                   E: meta-data (line=92)
                     A: android:name(0x01010003)="androidx.lifecycle.ProcessLifecycleInitializer" (Raw: "androidx.lifecycle.ProcessLifecycleInitializer")
                     A: android:value(0x01010024)="androidx.startup" (Raw: "androidx.startup")
                   E: meta-data (line=95)
                     A: android:name(0x01010003)="androidx.profileinstaller.ProfileInstallerInitializer" (Raw: "androidx.profileinstaller.ProfileInstallerInitializer")
                     A: android:value(0x01010024)="androidx.startup" (Raw: "androidx.startup")
                 E: receiver (line=100)
                   A: android:name(0x01010003)="androidx.profileinstaller.ProfileInstallReceiver" (Raw: "androidx.profileinstaller.ProfileInstallReceiver")
                   A: android:permission(0x01010006)="android.permission.DUMP" (Raw: "android.permission.DUMP")
                   A: android:enabled(0x0101000e)=(type 0x12)0xffffffff
                   A: android:exported(0x01010010)=(type 0x12)0xffffffff
                   A: android:directBootAware(0x01010505)=(type 0x12)0x0
                   E: intent-filter (line=106)
                     E: action (line=107)
                       A: android:name(0x01010003)="androidx.profileinstaller.action.INSTALL_PROFILE" (Raw: "androidx.profileinstaller.action.INSTALL_PROFILE")
                   E: intent-filter (line=109)
                     E: action (line=110)
                       A: android:name(0x01010003)="androidx.profileinstaller.action.SKIP_FILE" (Raw: "androidx.profileinstaller.action.SKIP_FILE")
                   E: intent-filter (line=112)
                     E: action (line=113)
                       A: android:name(0x01010003)="androidx.profileinstaller.action.SAVE_PROFILE" (Raw: "androidx.profileinstaller.action.SAVE_PROFILE")
                   E: intent-filter (line=115)
                     E: action (line=116)
                       A: android:name(0x01010003)="androidx.profileinstaller.action.BENCHMARK_OPERATION" (Raw: "androidx.profileinstaller.action.BENCHMARK_OPERATION")
[        ] Stopping app 'app-debug.apk' on sdk gphone64 arm64.
[        ] executing: /Users/florian/Library/Android/sdk/platform-tools/adb -s emulator-5554 shell am force-stop art.substitution.substitution
14:23 +11 -31: loading /Users/florian/Code/substitution/integration_test/login_debug_test.dart                                                                                                         [  +23 ms] Installing APK.
[        ] Installing build/app/outputs/flutter-apk/app-debug.apk...
[        ] executing: /Users/florian/Library/Android/sdk/platform-tools/adb -s emulator-5554 install -t -r /Users/florian/Code/substitution/build/app/outputs/flutter-apk/app-debug.apk
[ +419 ms] Performing Streamed Install
           Success
[        ] Installing build/app/outputs/flutter-apk/app-debug.apk... (completed in 419ms)
[        ] executing: /Users/florian/Library/Android/sdk/platform-tools/adb -s emulator-5554 shell echo -n 9bef82ee442bcd7e8b9caf50fed16f563dfabf9c > /data/local/tmp/sky.art.substitution.substitution.sha1
[  +19 ms] executing: /Users/florian/Library/Android/sdk/platform-tools/adb -s emulator-5554 shell -x logcat -v time -t 1
[ +152 ms] --------- beginning of main
           02-17 00:09:15.008 D/AlphabeticalAppsList( 1098): Adding FastScrollSection duplicate to scroll to the bottom.
[   +3 ms] executing: /Users/florian/Library/Android/sdk/platform-tools/adb -s emulator-5554 shell am start -a android.intent.action.MAIN -c android.intent.category.LAUNCHER -f 0x20000000 --ez enable-dart-profiling true --ez enable-checked-mode true --ez verify-entry-points true art.substitution.substitution/art.substitution.substitution.MainActivity
14:24 +11 -31: loading /Users/florian/Code/substitution/integration_test/login_debug_test.dart                                                                                                         [ +129 ms] Starting: Intent { act=android.intent.action.MAIN cat=[android.intent.category.LAUNCHER] flg=0x20000000 cmp=art.substitution.substitution/.MainActivity (has extras) }
[        ] Waiting for VM Service port to be available...
14:25 +11 -31: loading /Users/florian/Code/substitution/integration_test/login_debug_test.dart                                                                                                         [+1647 ms] VM Service URL on device: http://127.0.0.1:38239/ZfRP4MLf18s=/
[        ] executing: /Users/florian/Library/Android/sdk/platform-tools/adb -s emulator-5554 forward tcp:0 tcp:38239
[  +14 ms] 55528
[        ] Forwarded host port 55528 to device port 38239 for VM Service
[        ] test 15: Starting Dart Development Service
[        ] Launching a Dart Developer Service (DDS) instance at http://127.0.0.1:0, connecting to VM service at http://127.0.0.1:55528/ZfRP4MLf18s=/.
[ +186 ms] test 15: Dart Development Service started at http://127.0.0.1:55531/LrXShB7fvTk=/, forwarding to VM service at http://127.0.0.1:55528/ZfRP4MLf18s=/.
[        ] test 15: Connecting to vm service
[        ] test 15: VM Service uri is available at http://127.0.0.1:55531/LrXShB7fvTk=/
[   +3 ms] test 15: Finding the correct isolate with the integration test service extension
14:26 +11 -31: loading /Users/florian/Code/substitution/integration_test/login_debug_test.dart                                                                                                         [ +213 ms] test 15: connected to test device, now awaiting test result
[        ] test 15: Waiting for test harness or tests to finish
14:26 +11 -31: /Users/florian/Code/substitution/integration_test/login_debug_test.dart: Debug full login flow                                                                                          14:26 +11 -31: /Users/florian/Code/substitution/integration_test/login_debug_test.dart: Debug full login flow                                                                                          
[90m[🌎 Easy Localization] [DEBUG] Localization initialized[0m
[Matrix] [32mInitialize client Substitution[0m
[Matrix] [32mUser is not logged in.[0m
[90m[🌎 Easy Localization] [DEBUG] Start[0m
[90m[🌎 Easy Localization] [DEBUG] Init state[0m
[90m[🌎 Easy Localization] [DEBUG] Build[0m
[90m[🌎 Easy Localization] [DEBUG] Init Localization Delegate[0m
[90m[🌎 Easy Localization] [DEBUG] Init provider[0m
[90m[🌎 Easy Localization] [DEBUG] Load Localization Delegate[0m
[90m[🌎 Easy Localization] [DEBUG] Load asset from assets/translations[0m
[90m[🌎 Easy Localization] [DEBUG] Build[0m
[90m[🌎 Easy Localization] [DEBUG] Init Localization Delegate[0m
[90m[🌎 Easy Localization] [DEBUG] Init provider[0m
IntroScreen found at 1000ms
Tapped submit (after ensureVisible)
  0ms: login=0 alert=1
  2000ms: login=0 alert=1
  4000ms: login=0 alert=1
  6000ms: login=0 alert=1
  8000ms: login=0 alert=1
  10000ms: login=0 alert=1
  12000ms: login=0 alert=1
  14000ms: login=0 alert=1
loginFound: false
14:45 +12 -31: /Users/florian/Code/substitution/integration_test/login_debug_test.dart: Debug full login flow                                                                                          14:45 +12 -31: /Users/florian/Code/substitution/integration_test/login_debug_test.dart: (tearDownAll)                                                                                                  [+19369 ms] test 15: Test harness is no longer needed by test process
[        ] test 15: finished
[        ] test 15: cleaning up...
[        ] test 15: ensuring test device is terminated.
[        ] executing: /Users/florian/Library/Android/sdk/platform-tools/adb -s emulator-5554 shell am force-stop art.substitution.substitution
[        ] test 15: Test process is no longer needed by test harness
[  +63 ms] executing: /Users/florian/Library/Android/sdk/platform-tools/adb -s emulator-5554 uninstall art.substitution.substitution
[ +209 ms] Success
[        ] test 15: deleting temporary directory
[        ] test 15: finished
14:45 +12 -31: loading /Users/florian/Code/substitution/integration_test/post_creation_with_matrix_test.dart                                                                                           [        ] test 16: starting test /Users/florian/Code/substitution/integration_test/post_creation_with_matrix_test.dart
[        ] Stopping scan for flutter_test_config.dart; found project root at /Users/florian/Code/substitution
[        ] test 16: starting test device
[        ] test 16: awaiting connection to test device
[        ] executing: /Users/florian/Library/Android/sdk/build-tools/36.1.0/aapt dump xmltree /Users/florian/Code/substitution/build/app/outputs/flutter-apk/app-debug.apk AndroidManifest.xml
[  +11 ms] Exit code 0 from: /Users/florian/Library/Android/sdk/build-tools/36.1.0/aapt dump xmltree /Users/florian/Code/substitution/build/app/outputs/flutter-apk/app-debug.apk AndroidManifest.xml
[        ] N: android=http://schemas.android.com/apk/res/android
             E: manifest (line=2)
               A: android:versionCode(0x0101021b)=(type 0x10)0x7
               A: android:versionName(0x0101021c)="1.0.0" (Raw: "1.0.0")
               A: android:compileSdkVersion(0x01010572)=(type 0x10)0x24
               A: android:compileSdkVersionCodename(0x01010573)="16" (Raw: "16")
               A: package="art.substitution.substitution" (Raw: "art.substitution.substitution")
               A: platformBuildVersionCode=(type 0x10)0x24
               A: platformBuildVersionName=(type 0x10)0x10
               E: uses-sdk (line=7)
                 A: android:minSdkVersion(0x0101020c)=(type 0x10)0x18
                 A: android:targetSdkVersion(0x01010270)=(type 0x10)0x22
               E: uses-permission (line=15)
                 A: android:name(0x01010003)="android.permission.INTERNET" (Raw: "android.permission.INTERNET")
               E: uses-permission (line=16)
                 A: android:name(0x01010003)="android.permission.ACCESS_NETWORK_STATE" (Raw: "android.permission.ACCESS_NETWORK_STATE")
               E: permission (line=18)
                 A: android:name(0x01010003)="art.substitution.substitution.DYNAMIC_RECEIVER_NOT_EXPORTED_PERMISSION" (Raw: "art.substitution.substitution.DYNAMIC_RECEIVER_NOT_EXPORTED_PERMISSION")
                 A: android:protectionLevel(0x01010009)=(type 0x11)0x2
               E: uses-permission (line=22)
                 A: android:name(0x01010003)="art.substitution.substitution.DYNAMIC_RECEIVER_NOT_EXPORTED_PERMISSION" (Raw: "art.substitution.substitution.DYNAMIC_RECEIVER_NOT_EXPORTED_PERMISSION")
               E: application (line=24)
                 A: android:label(0x01010001)="substitution" (Raw: "substitution")
                 A: android:icon(0x01010002)=@0x7f0c0000
                 A: android:name(0x01010003)="android.app.Application" (Raw: "android.app.Application")
                 A: android:debuggable(0x0101000f)=(type 0x12)0xffffffff
                 A: android:extractNativeLibs(0x010104ea)=(type 0x12)0x0
                 A: android:appComponentFactory(0x0101057a)="androidx.core.app.CoreComponentFactory" (Raw: "androidx.core.app.CoreComponentFactory")
                 E: activity (line=31)
                   A: android:theme(0x01010000)=@0x7f0e00a2
                   A: android:name(0x01010003)="art.substitution.substitution.MainActivity" (Raw: "art.substitution.substitution.MainActivity")
                   A: android:exported(0x01010010)=(type 0x12)0xffffffff
                   A: android:launchMode(0x0101001d)=(type 0x10)0x1
                   A: android:configChanges(0x0101001f)=(type 0x11)0x40003fb4
                   A: android:windowSoftInputMode(0x0101022b)=(type 0x11)0x10
                   A: android:hardwareAccelerated(0x010102d3)=(type 0x12)0xffffffff
                   E: meta-data (line=46)
                     A: android:name(0x01010003)="io.flutter.embedding.android.NormalTheme" (Raw: "io.flutter.embedding.android.NormalTheme")
                     A: android:resource(0x01010025)=@0x7f0e00a3
                   E: intent-filter (line=50)
                     E: action (line=51)
                       A: android:name(0x01010003)="android.intent.action.MAIN" (Raw: "android.intent.action.MAIN")
                     E: category (line=53)
                       A: android:name(0x01010003)="android.intent.category.LAUNCHER" (Raw: "android.intent.category.LAUNCHER")
                   E: intent-filter (line=56)
                     E: action (line=57)
                       A: android:name(0x01010003)="android.intent.action.VIEW" (Raw: "android.intent.action.VIEW")
                     E: category (line=59)
                       A: android:name(0x01010003)="android.intent.category.DEFAULT" (Raw: "android.intent.category.DEFAULT")
                     E: category (line=60)
                       A: android:name(0x01010003)="android.intent.category.BROWSABLE" (Raw: "android.intent.category.BROWSABLE")
                     E: data (line=62)
                       A: android:scheme(0x01010027)="substitution" (Raw: "substitution")
                       A: android:host(0x01010028)="auth" (Raw: "auth")
                       A: android:pathPrefix(0x0101002b)="/login-callback" (Raw: "/login-callback")
                 E: meta-data (line=72)
                   A: android:name(0x01010003)="flutterEmbedding" (Raw: "flutterEmbedding")
                   A: android:value(0x01010024)=(type 0x10)0x2
                 E: activity (line=76)
                   A: android:theme(0x01010000)=@0x01030007
                   A: android:name(0x01010003)="io.flutter.plugins.urllauncher.WebViewActivity" (Raw: "io.flutter.plugins.urllauncher.WebViewActivity")
                   A: android:exported(0x01010010)=(type 0x12)0x0
                 E: uses-library (line=81)
                   A: android:name(0x01010003)="androidx.window.extensions" (Raw: "androidx.window.extensions")
                   A: android:required(0x0101028e)=(type 0x12)0x0
                 E: uses-library (line=84)
                   A: android:name(0x01010003)="androidx.window.sidecar" (Raw: "androidx.window.sidecar")
                   A: android:required(0x0101028e)=(type 0x12)0x0
                 E: provider (line=88)
                   A: android:name(0x01010003)="androidx.startup.InitializationProvider" (Raw: "androidx.startup.InitializationProvider")
                   A: android:exported(0x01010010)=(type 0x12)0x0
                   A: android:authorities(0x01010018)="art.substitution.substitution.androidx-startup" (Raw: "art.substitution.substitution.androidx-startup")
                   E: meta-data (line=92)
                     A: android:name(0x01010003)="androidx.lifecycle.ProcessLifecycleInitializer" (Raw: "androidx.lifecycle.ProcessLifecycleInitializer")
                     A: android:value(0x01010024)="androidx.startup" (Raw: "androidx.startup")
                   E: meta-data (line=95)
                     A: android:name(0x01010003)="androidx.profileinstaller.ProfileInstallerInitializer" (Raw: "androidx.profileinstaller.ProfileInstallerInitializer")
                     A: android:value(0x01010024)="androidx.startup" (Raw: "androidx.startup")
                 E: receiver (line=100)
                   A: android:name(0x01010003)="androidx.profileinstaller.ProfileInstallReceiver" (Raw: "androidx.profileinstaller.ProfileInstallReceiver")
                   A: android:permission(0x01010006)="android.permission.DUMP" (Raw: "android.permission.DUMP")
                   A: android:enabled(0x0101000e)=(type 0x12)0xffffffff
                   A: android:exported(0x01010010)=(type 0x12)0xffffffff
                   A: android:directBootAware(0x01010505)=(type 0x12)0x0
                   E: intent-filter (line=106)
                     E: action (line=107)
                       A: android:name(0x01010003)="androidx.profileinstaller.action.INSTALL_PROFILE" (Raw: "androidx.profileinstaller.action.INSTALL_PROFILE")
                   E: intent-filter (line=109)
                     E: action (line=110)
                       A: android:name(0x01010003)="androidx.profileinstaller.action.SKIP_FILE" (Raw: "androidx.profileinstaller.action.SKIP_FILE")
                   E: intent-filter (line=112)
                     E: action (line=113)
                       A: android:name(0x01010003)="androidx.profileinstaller.action.SAVE_PROFILE" (Raw: "androidx.profileinstaller.action.SAVE_PROFILE")
                   E: intent-filter (line=115)
                     E: action (line=116)
                       A: android:name(0x01010003)="androidx.profileinstaller.action.BENCHMARK_OPERATION" (Raw: "androidx.profileinstaller.action.BENCHMARK_OPERATION")
[        ] Building APK
[        ] Version of Java is different than impacted version, no migration attempted.
[        ] CMake project not found, skipping support Android 15 16k page size migration.
[        ] Using gradle from /Users/florian/Code/substitution/android/gradlew.
[   +6 ms] LocalFile: '/Users/florian/Code/substitution/android/build.gradle' provides AGP version from classpath: 8.6.0
[   +7 ms] Running Gradle task 'assembleDebug'...
[        ] executing: [/Users/florian/Code/substitution/android/] /Users/florian/Code/substitution/android/gradlew --full-stacktrace --info -Pverbose=true -PskipDependencyChecks=true -Ptarget-platform=android-arm64 -Ptarget=/var/folders/l_/w8pnbb9d38n57pzg9j98fmy80000gn/T/flutter_tools.wuOse9/flutter_test_listener.KEiHVo/listener.dart -Pbase-application-name=android.app.Application -Pdart-defines=TUFUUklYX1NFUlZFUj1odHRwOi8vbG9jYWxob3N0OjgwMDg=,TUFUUklYX1RFU1RfVVNFUj0=,TUFUUklYX1RFU1RfUEFTU1dPUkQ9,RkxVVFRFUl9WRVJTSU9OPTMuMzguOQ==,RkxVVFRFUl9DSEFOTkVMPXN0YWJsZQ==,RkxVVFRFUl9HSVRfVVJMPWh0dHBzOi8vZ2l0aHViLmNvbS9mbHV0dGVyL2ZsdXR0ZXIuZ2l0,RkxVVFRFUl9GUkFNRVdPUktfUkVWSVNJT049NjczMjNkZTI4NQ==,RkxVVFRFUl9FTkdJTkVfUkVWSVNJT049NTg3YzE4Zjg3Mw==,RkxVVFRFUl9EQVJUX1ZFUlNJT049My4xMC44,SU5URUdSQVRJT05fVEVTVF9TSE9VTERfUkVQT1JUX1JFU1VMVFNfVE9fTkFUSVZFPWZhbHNl -Pdart-obfuscation=false -Ptrack-widget-creation=true -Ptree-shake-icons=false assembleDebug
14:46 +12 -31: loading /Users/florian/Code/substitution/integration_test/post_creation_with_matrix_test.dart                                                                                           [ +302 ms] Initialized native services in: /Users/florian/.gradle/native
[        ] Initialized jansi services in: /Users/florian/.gradle/native
[ +216 ms] The client will now receive all logging from the daemon (pid: 43439). The daemon log file: /Users/florian/.gradle/daemon/8.12.1/daemon-43439.out.log
[        ] Starting 109th build in daemon [uptime: 2 hrs 12 mins 35.478 secs, performance: 100%, GC rate: 0.00/s, heap usage: 0% of 4 GiB]
[        ] Using 32 worker leases.
[        ] Now considering [/Users/florian/Code/substitution/android, /opt/homebrew/share/flutter/packages/flutter_tools/gradle] as hierarchies to watch
[        ] Watching the file system is configured to be enabled if available
[        ] File system watching is active
[        ] Starting Build
[        ] Now considering [/opt/homebrew/share/flutter/packages/flutter_tools/gradle, /Users/florian/Code/substitution/android] as hierarchies to watch
[   +1 ms] > Configure project :gradle
[        ] Evaluating project ':gradle' using build file '/opt/homebrew/share/flutter/packages/flutter_tools/gradle/build.gradle.kts'.
[        ] Resolved plugin [id: 'org.gradle.java-gradle-plugin']
[        ] Resolved plugin [id: 'org.gradle.groovy']
[        ] Resolved plugin [id: 'org.gradle.kotlin.kotlin-dsl', version: '5.1.2']
[        ] Resolved plugin [id: 'org.jetbrains.kotlin.jvm', version: '1.9.20']
[        ] Using Kotlin Gradle Plugin gradle85 variant
[        ] kotlin scripting plugin: created the scripting discovery configuration: kotlinScriptDef
[        ] kotlin scripting plugin: created the scripting discovery configuration: testKotlinScriptDef
[        ] file or directory '/opt/homebrew/share/flutter/packages/flutter_tools/gradle/src/main/java', not found
[        ] Resolved plugin [id: 'dev.flutter.flutter-plugin-loader', version: '1.0.0']
[        ] Resolved plugin [id: 'com.android.application', version: '8.9.1', apply: false]
[        ] Resolved plugin [id: 'org.jetbrains.kotlin.android', version: '2.1.0', apply: false]
[        ] Resolve mutations for :gradle:checkKotlinGradlePluginConfigurationErrors (Thread[#43643,Execution worker,5,main]) started.
[        ] :gradle:checkKotlinGradlePluginConfigurationErrors (Thread[#43643,Execution worker,5,main]) started.
[        ] > Task :gradle:checkKotlinGradlePluginConfigurationErrors SKIPPED
[        ] Skipping task ':gradle:checkKotlinGradlePluginConfigurationErrors' as task onlyIf 'errorDiagnostics are present' is false.
[        ] Resolve mutations for :gradle:compileKotlin (Thread[#43643,Execution worker,5,main]) started.
[        ] :gradle:compileKotlin (Thread[#43643,Execution worker,5,main]) started.
[        ] > Task :gradle:compileKotlin UP-TO-DATE
[        ] Caching disabled for task ':gradle:compileKotlin' because:
[        ]   Build cache is disabled
[        ] Skipping task ':gradle:compileKotlin' as it is up-to-date.
[        ] Resolve mutations for :gradle:compileJava (Thread[#43643,Execution worker,5,main]) started.
[        ] :gradle:compileJava (Thread[#43643,Execution worker,5,main]) started.
[        ] > Task :gradle:compileJava NO-SOURCE
[        ] Skipping task ':gradle:compileJava' as it has no source files and no previous output files.
[        ] Resolve mutations for :gradle:compileGroovy (Thread[#43643,Execution worker,5,main]) started.
[        ] :gradle:compileGroovy (Thread[#43661,Execution worker Thread 18,5,main]) started.
[        ] > Task :gradle:compileGroovy NO-SOURCE
[        ] Skipping task ':gradle:compileGroovy' as it has no source files and no previous output files.
[        ] Resolve mutations for :gradle:pluginDescriptors (Thread[#43650,Execution worker Thread 8,5,main]) started.
[        ] :gradle:pluginDescriptors (Thread[#43650,Execution worker Thread 8,5,main]) started.
[        ] > Task :gradle:pluginDescriptors UP-TO-DATE
[        ] Caching disabled for task ':gradle:pluginDescriptors' because:
[        ]   Build cache is disabled
[        ]   Not worth caching
[        ] Skipping task ':gradle:pluginDescriptors' as it is up-to-date.
[        ] Resolve mutations for :gradle:processResources (Thread[#43650,Execution worker Thread 8,5,main]) started.
[        ] :gradle:processResources (Thread[#43650,Execution worker Thread 8,5,main]) started.
[        ] > Task :gradle:processResources UP-TO-DATE
[        ] Caching disabled for task ':gradle:processResources' because:
[        ]   Build cache is disabled
[        ]   Not worth caching
[        ] Skipping task ':gradle:processResources' as it is up-to-date.
[        ] Resolve mutations for :gradle:classes (Thread[#43650,Execution worker Thread 8,5,main]) started.
[        ] :gradle:classes (Thread[#43650,Execution worker Thread 8,5,main]) started.
[        ] > Task :gradle:classes UP-TO-DATE
[        ] Skipping task ':gradle:classes' as it has no actions.
[        ] Resolve mutations for :gradle:jar (Thread[#43661,Execution worker Thread 18,5,main]) started.
[        ] :gradle:jar (Thread[#43673,Execution worker Thread 30,5,main]) started.
[        ] > Task :gradle:jar UP-TO-DATE
[        ] Caching disabled for task ':gradle:jar' because:
[        ]   Build cache is disabled
[        ]   Not worth caching
[        ] Skipping task ':gradle:jar' as it is up-to-date.
[  +89 ms] Settings evaluated using settings file '/Users/florian/Code/substitution/android/settings.gradle'.
[        ] Projects loaded. Root project using build file '/Users/florian/Code/substitution/android/build.gradle'.
[        ] Included projects: [root project 'android', project ':app', project ':connectivity_plus', project ':emoji_picker_flutter', project ':file_selector_android', project ':flutter_keyboard_visibility_temp_fork', project ':flutter_native_splash', project ':flutter_olm', project ':flutter_openssl_crypto', project ':integration_test', project ':path_provider_android', project ':quill_native_bridge_android', project ':shared_preferences_android', project ':sqflite_android', project ':url_launcher_android', project ':video_player_android']
[        ] > Configure project :app
[        ] Evaluating project ':app' using build file '/Users/florian/Code/substitution/android/app/build.gradle'.
[        ] Resolved plugin [id: 'com.android.application']
[        ] Resolved plugin [id: 'kotlin-android']
[        ] Resolved plugin [id: 'dev.flutter.flutter-gradle-plugin']
[        ] Using default execution profile
[        ] Using Kotlin Gradle Plugin gradle85 variant
[        ] C/C++: android.ndkVersion from module build.gradle is [28.2.13676358]
[        ] C/C++: android.ndkPath from module build.gradle is not set
[        ] C/C++: ndk.dir in local.properties is not set
[        ] C/C++: Not considering ANDROID_NDK_HOME because support was removed after deprecation period.
[        ] C/C++: sdkFolder is /Users/florian/Library/Android/sdk
[        ] C/C++: android.ndkVersion from module build.gradle is [28.2.13676358]
[        ] C/C++: android.ndkPath from module build.gradle is not set
[        ] C/C++: ndk.dir in local.properties is not set
[        ] C/C++: Not considering ANDROID_NDK_HOME because support was removed after deprecation period.
[        ] C/C++: sdkFolder is /Users/florian/Library/Android/sdk
[        ] C/C++: android.ndkVersion from module build.gradle is [28.2.13676358]
[        ] C/C++: android.ndkPath from module build.gradle is not set
[        ] C/C++: ndk.dir in local.properties is not set
[        ] C/C++: Not considering ANDROID_NDK_HOME because support was removed after deprecation period.
[        ] C/C++: sdkFolder is /Users/florian/Library/Android/sdk
[        ] C/C++: android.ndkVersion from module build.gradle is [28.2.13676358]
[        ] C/C++: android.ndkPath from module build.gradle is not set
[        ] C/C++: ndk.dir in local.properties is not set
[        ] C/C++: Not considering ANDROID_NDK_HOME because support was removed after deprecation period.
[        ] C/C++: sdkFolder is /Users/florian/Library/Android/sdk
[        ] C/C++: android.ndkVersion from module build.gradle is [28.2.13676358]
[        ] C/C++: android.ndkPath from module build.gradle is not set
[        ] C/C++: ndk.dir in local.properties is not set
[        ] C/C++: Not considering ANDROID_NDK_HOME because support was removed after deprecation period.
[        ] C/C++: sdkFolder is /Users/florian/Library/Android/sdk
[        ] C/C++: android.ndkVersion from module build.gradle is [28.2.13676358]
[        ] C/C++: android.ndkPath from module build.gradle is not set
[        ] C/C++: ndk.dir in local.properties is not set
[        ] C/C++: Not considering ANDROID_NDK_HOME because support was removed after deprecation period.
[        ] C/C++: sdkFolder is /Users/florian/Library/Android/sdk
[        ] C/C++: android.ndkVersion from module build.gradle is [28.2.13676358]
[        ] C/C++: android.ndkPath from module build.gradle is not set
[        ] C/C++: ndk.dir in local.properties is not set
[        ] C/C++: Not considering ANDROID_NDK_HOME because support was removed after deprecation period.
[        ] C/C++: sdkFolder is /Users/florian/Library/Android/sdk
[        ] C/C++: android.ndkVersion from module build.gradle is [28.2.13676358]
[        ] C/C++: android.ndkPath from module build.gradle is not set
[        ] C/C++: ndk.dir in local.properties is not set
[        ] C/C++: Not considering ANDROID_NDK_HOME because support was removed after deprecation period.
[        ] C/C++: sdkFolder is /Users/florian/Library/Android/sdk
[        ] C/C++: android.ndkVersion from module build.gradle is [28.2.13676358]
[        ] C/C++: android.ndkPath from module build.gradle is not set
[        ] C/C++: ndk.dir in local.properties is not set
[        ] C/C++: Not considering ANDROID_NDK_HOME because support was removed after deprecation period.
[        ] C/C++: sdkFolder is /Users/florian/Library/Android/sdk
[        ] C/C++: android.ndkVersion from module build.gradle is [28.2.13676358]
[        ] C/C++: android.ndkPath from module build.gradle is not set
[        ] C/C++: ndk.dir in local.properties is not set
[        ] C/C++: Not considering ANDROID_NDK_HOME because support was removed after deprecation period.
[        ] C/C++: sdkFolder is /Users/florian/Library/Android/sdk
[        ] C/C++: android.ndkVersion from module build.gradle is [28.2.13676358]
[        ] C/C++: android.ndkPath from module build.gradle is not set
[        ] C/C++: ndk.dir in local.properties is not set
[        ] C/C++: Not considering ANDROID_NDK_HOME because support was removed after deprecation period.
[        ] C/C++: sdkFolder is /Users/florian/Library/Android/sdk
[        ] C/C++: android.ndkVersion from module build.gradle is [28.2.13676358]
[        ] C/C++: android.ndkPath from module build.gradle is not set
[        ] C/C++: ndk.dir in local.properties is not set
[        ] C/C++: Not considering ANDROID_NDK_HOME because support was removed after deprecation period.
[        ] C/C++: sdkFolder is /Users/florian/Library/Android/sdk
[        ] C/C++: android.ndkVersion from module build.gradle is [28.2.13676358]
[        ] C/C++: android.ndkPath from module build.gradle is not set
[        ] C/C++: ndk.dir in local.properties is not set
[        ] C/C++: Not considering ANDROID_NDK_HOME because support was removed after deprecation period.
[        ] C/C++: sdkFolder is /Users/florian/Library/Android/sdk
[        ] C/C++: android.ndkVersion from module build.gradle is [28.2.13676358]
[        ] C/C++: android.ndkPath from module build.gradle is not set
[        ] C/C++: ndk.dir in local.properties is not set
[        ] C/C++: Not considering ANDROID_NDK_HOME because support was removed after deprecation period.
[        ] C/C++: sdkFolder is /Users/florian/Library/Android/sdk
[        ] C/C++: android.ndkVersion from module build.gradle is [28.2.13676358]
[        ] C/C++: android.ndkPath from module build.gradle is not set
[        ] C/C++: ndk.dir in local.properties is not set
[        ] C/C++: Not considering ANDROID_NDK_HOME because support was removed after deprecation period.
[        ] C/C++: sdkFolder is /Users/florian/Library/Android/sdk
[        ] C/C++: android.ndkVersion from module build.gradle is [28.2.13676358]
[        ] C/C++: android.ndkPath from module build.gradle is not set
[        ] C/C++: ndk.dir in local.properties is not set
[        ] C/C++: Not considering ANDROID_NDK_HOME because support was removed after deprecation period.
[        ] C/C++: sdkFolder is /Users/florian/Library/Android/sdk
[        ] C/C++: android.ndkVersion from module build.gradle is [28.2.13676358]
[        ] C/C++: android.ndkPath from module build.gradle is not set
[        ] C/C++: ndk.dir in local.properties is not set
[        ] C/C++: Not considering ANDROID_NDK_HOME because support was removed after deprecation period.
[        ] C/C++: sdkFolder is /Users/florian/Library/Android/sdk
[        ] C/C++: android.ndkVersion from module build.gradle is [28.2.13676358]
[        ] C/C++: android.ndkPath from module build.gradle is not set
[        ] C/C++: ndk.dir in local.properties is not set
[        ] C/C++: Not considering ANDROID_NDK_HOME because support was removed after deprecation period.
[        ] C/C++: sdkFolder is /Users/florian/Library/Android/sdk
[        ] C/C++: android.ndkVersion from module build.gradle is [28.2.13676358]
[        ] C/C++: android.ndkPath from module build.gradle is not set
[        ] C/C++: ndk.dir in local.properties is not set
[        ] C/C++: Not considering ANDROID_NDK_HOME because support was removed after deprecation period.
[        ] C/C++: sdkFolder is /Users/florian/Library/Android/sdk
[        ] > Configure project :
[        ] Evaluating root project 'android' using build file '/Users/florian/Code/substitution/android/build.gradle'.
[ +102 ms] > Configure project :connectivity_plus
[        ] Evaluating project ':connectivity_plus' using build file '/Users/florian/.pub-cache/hosted/pub.dev/connectivity_plus-5.0.2/android/build.gradle'.
[        ] Using default execution profile
[        ] > Configure project :emoji_picker_flutter
[        ] Evaluating project ':emoji_picker_flutter' using build file '/Users/florian/.pub-cache/hosted/pub.dev/emoji_picker_flutter-4.4.0/android/build.gradle'.
[        ] Using default execution profile
[        ] Using Kotlin Gradle Plugin gradle85 variant
[        ] > Configure project :file_selector_android
[        ] Evaluating project ':file_selector_android' using build file '/Users/florian/.pub-cache/hosted/pub.dev/file_selector_android-0.5.2+4/android/build.gradle'.
[        ] Using default execution profile
[        ] > Configure project :flutter_keyboard_visibility_temp_fork
[        ] Evaluating project ':flutter_keyboard_visibility_temp_fork' using build file '/Users/florian/.pub-cache/hosted/pub.dev/flutter_keyboard_visibility_temp_fork-0.1.5/android/build.gradle'.
[        ] Using default execution profile
[  +89 ms] > Configure project :flutter_native_splash
[        ] Evaluating project ':flutter_native_splash' using build file '/Users/florian/.pub-cache/hosted/pub.dev/flutter_native_splash-2.4.7/android/build.gradle'.
[        ] Using default execution profile
[        ] > Configure project :flutter_olm
[        ] Evaluating project ':flutter_olm' using build file '/Users/florian/.pub-cache/hosted/pub.dev/flutter_olm-2.0.0/android/build.gradle'.
[        ] Using default execution profile
[        ] Using Kotlin Gradle Plugin gradle85 variant
[        ] C/C++: android.ndkVersion from module build.gradle is [27.0.12077973]
[        ] C/C++: android.ndkPath from module build.gradle is not set
[        ] C/C++: ndk.dir in local.properties is not set
[        ] C/C++: Not considering ANDROID_NDK_HOME because support was removed after deprecation period.
[        ] C/C++: sdkFolder is /Users/florian/Library/Android/sdk
[        ] C/C++: android.ndkVersion from module build.gradle is [27.0.12077973]
[        ] C/C++: android.ndkPath from module build.gradle is not set
[        ] C/C++: ndk.dir in local.properties is not set
[        ] C/C++: Not considering ANDROID_NDK_HOME because support was removed after deprecation period.
[        ] C/C++: sdkFolder is /Users/florian/Library/Android/sdk
[        ] C/C++: android.ndkVersion from module build.gradle is [27.0.12077973]
[        ] C/C++: android.ndkPath from module build.gradle is not set
[        ] C/C++: ndk.dir in local.properties is not set
[        ] C/C++: Not considering ANDROID_NDK_HOME because support was removed after deprecation period.
[        ] C/C++: sdkFolder is /Users/florian/Library/Android/sdk
[        ] C/C++: android.ndkVersion from module build.gradle is [27.0.12077973]
[        ] C/C++: android.ndkPath from module build.gradle is not set
[        ] C/C++: ndk.dir in local.properties is not set
[        ] C/C++: Not considering ANDROID_NDK_HOME because support was removed after deprecation period.
[        ] C/C++: sdkFolder is /Users/florian/Library/Android/sdk
[        ] C/C++: android.ndkVersion from module build.gradle is [27.0.12077973]
[        ] C/C++: android.ndkPath from module build.gradle is not set
[        ] C/C++: ndk.dir in local.properties is not set
[        ] C/C++: Not considering ANDROID_NDK_HOME because support was removed after deprecation period.
[        ] C/C++: sdkFolder is /Users/florian/Library/Android/sdk
[        ] C/C++: android.ndkVersion from module build.gradle is [27.0.12077973]
[        ] C/C++: android.ndkPath from module build.gradle is not set
[        ] C/C++: ndk.dir in local.properties is not set
[        ] C/C++: Not considering ANDROID_NDK_HOME because support was removed after deprecation period.
[        ] C/C++: sdkFolder is /Users/florian/Library/Android/sdk
[        ] C/C++: android.ndkVersion from module build.gradle is [27.0.12077973]
[        ] C/C++: android.ndkPath from module build.gradle is not set
[        ] C/C++: ndk.dir in local.properties is not set
[        ] C/C++: Not considering ANDROID_NDK_HOME because support was removed after deprecation period.
[        ] C/C++: sdkFolder is /Users/florian/Library/Android/sdk
[        ] C/C++: android.ndkVersion from module build.gradle is [27.0.12077973]
[        ] C/C++: android.ndkPath from module build.gradle is not set
[        ] C/C++: ndk.dir in local.properties is not set
[        ] C/C++: Not considering ANDROID_NDK_HOME because support was removed after deprecation period.
[        ] C/C++: sdkFolder is /Users/florian/Library/Android/sdk
[        ] C/C++: android.ndkVersion from module build.gradle is [27.0.12077973]
[        ] C/C++: android.ndkPath from module build.gradle is not set
[        ] C/C++: ndk.dir in local.properties is not set
[        ] C/C++: Not considering ANDROID_NDK_HOME because support was removed after deprecation period.
[        ] C/C++: sdkFolder is /Users/florian/Library/Android/sdk
[        ] C/C++: android.ndkVersion from module build.gradle is [27.0.12077973]
[        ] C/C++: android.ndkPath from module build.gradle is not set
[        ] C/C++: ndk.dir in local.properties is not set
[        ] C/C++: Not considering ANDROID_NDK_HOME because support was removed after deprecation period.
[        ] C/C++: sdkFolder is /Users/florian/Library/Android/sdk
[        ] C/C++: android.ndkVersion from module build.gradle is [27.0.12077973]
[        ] C/C++: android.ndkPath from module build.gradle is not set
[        ] C/C++: ndk.dir in local.properties is not set
[        ] C/C++: Not considering ANDROID_NDK_HOME because support was removed after deprecation period.
[        ] C/C++: sdkFolder is /Users/florian/Library/Android/sdk
[        ] C/C++: android.ndkVersion from module build.gradle is [27.0.12077973]
[        ] C/C++: android.ndkPath from module build.gradle is not set
[        ] C/C++: ndk.dir in local.properties is not set
[        ] C/C++: Not considering ANDROID_NDK_HOME because support was removed after deprecation period.
[        ] C/C++: sdkFolder is /Users/florian/Library/Android/sdk
[        ] C/C++: android.ndkVersion from module build.gradle is [27.0.12077973]
[        ] C/C++: android.ndkPath from module build.gradle is not set
[        ] C/C++: ndk.dir in local.properties is not set
[        ] C/C++: Not considering ANDROID_NDK_HOME because support was removed after deprecation period.
[        ] C/C++: sdkFolder is /Users/florian/Library/Android/sdk
[        ] C/C++: android.ndkVersion from module build.gradle is [27.0.12077973]
[        ] C/C++: android.ndkPath from module build.gradle is not set
[        ] C/C++: ndk.dir in local.properties is not set
[        ] C/C++: Not considering ANDROID_NDK_HOME because support was removed after deprecation period.
[        ] C/C++: sdkFolder is /Users/florian/Library/Android/sdk
[        ] C/C++: android.ndkVersion from module build.gradle is [27.0.12077973]
[        ] C/C++: android.ndkPath from module build.gradle is not set
[        ] C/C++: ndk.dir in local.properties is not set
[        ] C/C++: Not considering ANDROID_NDK_HOME because support was removed after deprecation period.
[        ] C/C++: sdkFolder is /Users/florian/Library/Android/sdk
[        ] C/C++: android.ndkVersion from module build.gradle is [27.0.12077973]
[        ] C/C++: android.ndkPath from module build.gradle is not set
[        ] C/C++: ndk.dir in local.properties is not set
[        ] C/C++: Not considering ANDROID_NDK_HOME because support was removed after deprecation period.
[        ] C/C++: sdkFolder is /Users/florian/Library/Android/sdk
[        ] C/C++: android.ndkVersion from module build.gradle is [27.0.12077973]
[        ] C/C++: android.ndkPath from module build.gradle is not set
[        ] C/C++: ndk.dir in local.properties is not set
[        ] C/C++: Not considering ANDROID_NDK_HOME because support was removed after deprecation period.
[        ] C/C++: sdkFolder is /Users/florian/Library/Android/sdk
[        ] C/C++: android.ndkVersion from module build.gradle is [27.0.12077973]
[        ] C/C++: android.ndkPath from module build.gradle is not set
[        ] C/C++: ndk.dir in local.properties is not set
[        ] C/C++: Not considering ANDROID_NDK_HOME because support was removed after deprecation period.
[        ] C/C++: sdkFolder is /Users/florian/Library/Android/sdk
[        ] C/C++: android.ndkVersion from module build.gradle is [27.0.12077973]
[        ] C/C++: android.ndkPath from module build.gradle is not set
[        ] C/C++: ndk.dir in local.properties is not set
[        ] C/C++: Not considering ANDROID_NDK_HOME because support was removed after deprecation period.
[        ] C/C++: sdkFolder is /Users/florian/Library/Android/sdk
[        ] > Configure project :flutter_openssl_crypto
[        ] Evaluating project ':flutter_openssl_crypto' using build file '/Users/florian/.pub-cache/hosted/pub.dev/flutter_openssl_crypto-0.5.0/android/build.gradle'.
[        ] Using default execution profile
[        ] Using Kotlin Gradle Plugin gradle85 variant
[        ] C/C++: android.ndkVersion from module build.gradle is [27.0.12077973]
[        ] C/C++: android.ndkPath from module build.gradle is not set
[        ] C/C++: ndk.dir in local.properties is not set
[        ] C/C++: Not considering ANDROID_NDK_HOME because support was removed after deprecation period.
[        ] C/C++: sdkFolder is /Users/florian/Library/Android/sdk
[        ] C/C++: android.ndkVersion from module build.gradle is [27.0.12077973]
[        ] C/C++: android.ndkPath from module build.gradle is not set
[        ] C/C++: ndk.dir in local.properties is not set
[        ] C/C++: Not considering ANDROID_NDK_HOME because support was removed after deprecation period.
[        ] C/C++: sdkFolder is /Users/florian/Library/Android/sdk
[        ] C/C++: android.ndkVersion from module build.gradle is [27.0.12077973]
[        ] C/C++: android.ndkPath from module build.gradle is not set
[        ] C/C++: ndk.dir in local.properties is not set
[        ] C/C++: Not considering ANDROID_NDK_HOME because support was removed after deprecation period.
[        ] C/C++: sdkFolder is /Users/florian/Library/Android/sdk
[        ] C/C++: android.ndkVersion from module build.gradle is [27.0.12077973]
[        ] C/C++: android.ndkPath from module build.gradle is not set
[        ] C/C++: ndk.dir in local.properties is not set
[        ] C/C++: Not considering ANDROID_NDK_HOME because support was removed after deprecation period.
[        ] C/C++: sdkFolder is /Users/florian/Library/Android/sdk
[        ] C/C++: android.ndkVersion from module build.gradle is [27.0.12077973]
[        ] C/C++: android.ndkPath from module build.gradle is not set
[        ] C/C++: ndk.dir in local.properties is not set
[        ] C/C++: Not considering ANDROID_NDK_HOME because support was removed after deprecation period.
[        ] C/C++: sdkFolder is /Users/florian/Library/Android/sdk
[        ] C/C++: android.ndkVersion from module build.gradle is [27.0.12077973]
[        ] C/C++: android.ndkPath from module build.gradle is not set
[        ] C/C++: ndk.dir in local.properties is not set
[        ] C/C++: Not considering ANDROID_NDK_HOME because support was removed after deprecation period.
[        ] C/C++: sdkFolder is /Users/florian/Library/Android/sdk
[        ] C/C++: android.ndkVersion from module build.gradle is [27.0.12077973]
[        ] C/C++: android.ndkPath from module build.gradle is not set
[        ] C/C++: ndk.dir in local.properties is not set
[        ] C/C++: Not considering ANDROID_NDK_HOME because support was removed after deprecation period.
[        ] C/C++: sdkFolder is /Users/florian/Library/Android/sdk
[        ] C/C++: android.ndkVersion from module build.gradle is [27.0.12077973]
[        ] C/C++: android.ndkPath from module build.gradle is not set
[        ] C/C++: ndk.dir in local.properties is not set
[        ] C/C++: Not considering ANDROID_NDK_HOME because support was removed after deprecation period.
[        ] C/C++: sdkFolder is /Users/florian/Library/Android/sdk
[        ] C/C++: android.ndkVersion from module build.gradle is [27.0.12077973]
[        ] C/C++: android.ndkPath from module build.gradle is not set
[        ] C/C++: ndk.dir in local.properties is not set
[        ] C/C++: Not considering ANDROID_NDK_HOME because support was removed after deprecation period.
[        ] C/C++: sdkFolder is /Users/florian/Library/Android/sdk
[        ] C/C++: android.ndkVersion from module build.gradle is [27.0.12077973]
[        ] C/C++: android.ndkPath from module build.gradle is not set
[        ] C/C++: ndk.dir in local.properties is not set
[        ] C/C++: Not considering ANDROID_NDK_HOME because support was removed after deprecation period.
[        ] C/C++: sdkFolder is /Users/florian/Library/Android/sdk
[        ] C/C++: android.ndkVersion from module build.gradle is [27.0.12077973]
[        ] C/C++: android.ndkPath from module build.gradle is not set
[        ] C/C++: ndk.dir in local.properties is not set
[        ] C/C++: Not considering ANDROID_NDK_HOME because support was removed after deprecation period.
[        ] C/C++: sdkFolder is /Users/florian/Library/Android/sdk
[        ] C/C++: android.ndkVersion from module build.gradle is [27.0.12077973]
[        ] C/C++: android.ndkPath from module build.gradle is not set
[        ] C/C++: ndk.dir in local.properties is not set
[        ] C/C++: Not considering ANDROID_NDK_HOME because support was removed after deprecation period.
[        ] C/C++: sdkFolder is /Users/florian/Library/Android/sdk
[        ] C/C++: android.ndkVersion from module build.gradle is [27.0.12077973]
[        ] C/C++: android.ndkPath from module build.gradle is not set
[        ] C/C++: ndk.dir in local.properties is not set
[        ] C/C++: Not considering ANDROID_NDK_HOME because support was removed after deprecation period.
[        ] C/C++: sdkFolder is /Users/florian/Library/Android/sdk
[        ] C/C++: android.ndkVersion from module build.gradle is [27.0.12077973]
[        ] C/C++: android.ndkPath from module build.gradle is not set
[        ] C/C++: ndk.dir in local.properties is not set
[        ] C/C++: Not considering ANDROID_NDK_HOME because support was removed after deprecation period.
[        ] C/C++: sdkFolder is /Users/florian/Library/Android/sdk
[        ] C/C++: android.ndkVersion from module build.gradle is [27.0.12077973]
[        ] C/C++: android.ndkPath from module build.gradle is not set
[        ] C/C++: ndk.dir in local.properties is not set
[        ] C/C++: Not considering ANDROID_NDK_HOME because support was removed after deprecation period.
[        ] C/C++: sdkFolder is /Users/florian/Library/Android/sdk
[        ] C/C++: android.ndkVersion from module build.gradle is [27.0.12077973]
[        ] C/C++: android.ndkPath from module build.gradle is not set
[        ] C/C++: ndk.dir in local.properties is not set
[        ] C/C++: Not considering ANDROID_NDK_HOME because support was removed after deprecation period.
[        ] C/C++: sdkFolder is /Users/florian/Library/Android/sdk
[        ] C/C++: android.ndkVersion from module build.gradle is [27.0.12077973]
[        ] C/C++: android.ndkPath from module build.gradle is not set
[        ] C/C++: ndk.dir in local.properties is not set
[        ] C/C++: Not considering ANDROID_NDK_HOME because support was removed after deprecation period.
[        ] C/C++: sdkFolder is /Users/florian/Library/Android/sdk
[        ] C/C++: android.ndkVersion from module build.gradle is [27.0.12077973]
[        ] C/C++: android.ndkPath from module build.gradle is not set
[        ] C/C++: ndk.dir in local.properties is not set
[        ] C/C++: Not considering ANDROID_NDK_HOME because support was removed after deprecation period.
[        ] C/C++: sdkFolder is /Users/florian/Library/Android/sdk
[        ] C/C++: android.ndkVersion from module build.gradle is [27.0.12077973]
[        ] C/C++: android.ndkPath from module build.gradle is not set
[        ] C/C++: ndk.dir in local.properties is not set
[        ] C/C++: Not considering ANDROID_NDK_HOME because support was removed after deprecation period.
[        ] C/C++: sdkFolder is /Users/florian/Library/Android/sdk
[ +107 ms] > Configure project :integration_test
[        ] Evaluating project ':integration_test' using build file '/opt/homebrew/share/flutter/packages/integration_test/android/build.gradle.kts'.
[        ] Resolved plugin [id: 'com.android.library']
[        ] Using default execution profile
[        ] > Configure project :path_provider_android
[        ] Evaluating project ':path_provider_android' using build file '/Users/florian/.pub-cache/hosted/pub.dev/path_provider_android-2.2.22/android/build.gradle'.
[        ] Using default execution profile
[        ] > Configure project :quill_native_bridge_android
[        ] Evaluating project ':quill_native_bridge_android' using build file '/Users/florian/.pub-cache/hosted/pub.dev/quill_native_bridge_android-0.0.1+2/android/build.gradle'.
[        ] Using default execution profile
[        ] Using Kotlin Gradle Plugin gradle85 variant
[        ] > Configure project :shared_preferences_android
[        ] Evaluating project ':shared_preferences_android' using build file '/Users/florian/.pub-cache/hosted/pub.dev/shared_preferences_android-2.4.20/android/build.gradle'.
[        ] Using default execution profile
[        ] Using Kotlin Gradle Plugin gradle85 variant
[        ] > Configure project :sqflite_android
[        ] Evaluating project ':sqflite_android' using build file '/Users/florian/.pub-cache/hosted/pub.dev/sqflite_android-2.4.2+2/android/build.gradle'.
[        ] Using default execution profile
[        ] > Configure project :url_launcher_android
[        ] Evaluating project ':url_launcher_android' using build file '/Users/florian/.pub-cache/hosted/pub.dev/url_launcher_android-6.3.28/android/build.gradle'.
[        ] Using default execution profile
[  +99 ms] > Configure project :video_player_android
[        ] Evaluating project ':video_player_android' using build file '/Users/florian/.pub-cache/hosted/pub.dev/video_player_android-2.9.1/android/build.gradle'.
[        ] Using default execution profile
[        ] Using Kotlin Gradle Plugin gradle85 variant
[        ] All projects evaluated.
[        ] Task name matched 'assembleDebug'
[        ] Selected primary task 'assembleDebug' from project :
[        ] Adding -Xuse-inline-scopes-numbers Kotlin compiler flag for task :app:compileDebugKotlin
[  +96 ms] Tasks to be executed: [task ':app:preBuild', task ':app:preDebugBuild', task ':app:mergeDebugNativeDebugMetadata', task ':app:checkKotlinGradlePluginConfigurationErrors', task ':app:compileFlutterBuildDebug', task ':app:packJniLibsflutterBuildDebug', task ':connectivity_plus:preBuild', task ':connectivity_plus:preDebugBuild', task ':connectivity_plus:writeDebugAarMetadata', task ':emoji_picker_flutter:preBuild', task ':emoji_picker_flutter:preDebugBuild', task ':emoji_picker_flutter:writeDebugAarMetadata', task ':file_selector_android:preBuild', task ':file_selector_android:preDebugBuild', task ':file_selector_android:writeDebugAarMetadata', task ':flutter_keyboard_visibility_temp_fork:preBuild', task ':flutter_keyboard_visibility_temp_fork:preDebugBuild', task ':flutter_keyboard_visibility_temp_fork:writeDebugAarMetadata', task ':flutter_native_splash:preBuild', task ':flutter_native_splash:preDebugBuild', task ':flutter_native_splash:writeDebugAarMetadata', task ':flutter_olm:preBuild', task ':flutter_olm:preDebugBuild', task ':flutter_olm:writeDebugAarMetadata', task ':flutter_openssl_crypto:preBuild', task ':flutter_openssl_crypto:preDebugBuild', task ':flutter_openssl_crypto:writeDebugAarMetadata', task ':integration_test:preBuild', task ':integration_test:preDebugBuild', task ':integration_test:writeDebugAarMetadata', task ':path_provider_android:preBuild', task ':path_provider_android:preDebugBuild', task ':path_provider_android:writeDebugAarMetadata', task ':quill_native_bridge_android:preBuild', task ':quill_native_bridge_android:preDebugBuild', task ':quill_native_bridge_android:writeDebugAarMetadata', task ':shared_preferences_android:preBuild', task ':shared_preferences_android:preDebugBuild', task ':shared_preferences_android:writeDebugAarMetadata', task ':sqflite_android:preBuild', task ':sqflite_android:preDebugBuild', task ':sqflite_android:writeDebugAarMetadata', task ':url_launcher_android:preBuild', task ':url_launcher_android:preDebugBuild', task ':url_launcher_android:writeDebugAarMetadata', task ':video_player_android:preBuild', task ':video_player_android:preDebugBuild', task ':video_player_android:writeDebugAarMetadata', task ':app:checkDebugAarMetadata', task ':app:cleanMergeDebugAssets', task ':app:mergeDebugShaders', task ':app:compileDebugShaders', task ':app:generateDebugAssets', task ':connectivity_plus:mergeDebugShaders', task ':connectivity_plus:compileDebugShaders', task ':connectivity_plus:generateDebugAssets', task ':connectivity_plus:mergeDebugAssets', task ':emoji_picker_flutter:mergeDebugShaders', task ':emoji_picker_flutter:compileDebugShaders', task ':emoji_picker_flutter:generateDebugAssets', task ':emoji_picker_flutter:mergeDebugAssets', task ':file_selector_android:mergeDebugShaders', task ':file_selector_android:compileDebugShaders', task ':file_selector_android:generateDebugAssets', task ':file_selector_android:mergeDebugAssets', task ':flutter_keyboard_visibility_temp_fork:mergeDebugShaders', task ':flutter_keyboard_visibility_temp_fork:compileDebugShaders', task ':flutter_keyboard_visibility_temp_fork:generateDebugAssets', task ':flutter_keyboard_visibility_temp_fork:mergeDebugAssets', task ':flutter_native_splash:mergeDebugShaders', task ':flutter_native_splash:compileDebugShaders', task ':flutter_native_splash:generateDebugAssets', task ':flutter_native_splash:mergeDebugAssets', task ':flutter_olm:mergeDebugShaders', task ':flutter_olm:compileDebugShaders', task ':flutter_olm:generateDebugAssets', task ':flutter_olm:mergeDebugAssets', task ':flutter_openssl_crypto:mergeDebugShaders', task ':flutter_openssl_crypto:compileDebugShaders', task ':flutter_openssl_crypto:generateDebugAssets', task ':flutter_openssl_crypto:mergeDebugAssets', task ':integration_test:mergeDebugShaders', task ':integration_test:compileDebugShaders', task ':integration_test:generateDebugAssets', task ':integration_test:mergeDebugAssets', task ':path_provider_android:mergeDebugShaders', task ':path_provider_android:compileDebugShaders', task ':path_provider_android:generateDebugAssets', task ':path_provider_android:mergeDebugAssets', task ':quill_native_bridge_android:mergeDebugShaders', task ':quill_native_bridge_android:compileDebugShaders', task ':quill_native_bridge_android:generateDebugAssets', task ':quill_native_bridge_android:mergeDebugAssets', task ':shared_preferences_android:mergeDebugShaders', task ':shared_preferences_android:compileDebugShaders', task ':shared_preferences_android:generateDebugAssets', task ':shared_preferences_android:mergeDebugAssets', task ':sqflite_android:mergeDebugShaders', task ':sqflite_android:compileDebugShaders', task ':sqflite_android:generateDebugAssets', task ':sqflite_android:mergeDebugAssets', task ':url_launcher_android:mergeDebugShaders', task ':url_launcher_android:compileDebugShaders', task ':url_launcher_android:generateDebugAssets', task ':url_launcher_android:mergeDebugAssets', task ':video_player_android:mergeDebugShaders', task ':video_player_android:compileDebugShaders', task ':video_player_android:generateDebugAssets', task ':video_player_android:mergeDebugAssets', task ':app:mergeDebugAssets', task ':app:copyFlutterAssetsDebug', task ':app:generateDebugResValues', task ':connectivity_plus:generateDebugResValues', task ':connectivity_plus:generateDebugResources', task ':connectivity_plus:packageDebugResources', task ':emoji_picker_flutter:generateDebugResValues', task ':emoji_picker_flutter:generateDebugResources', task ':emoji_picker_flutter:packageDebugResources', task ':file_selector_android:generateDebugResValues', task ':file_selector_android:generateDebugResources', task ':file_selector_android:packageDebugResources', task ':flutter_keyboard_visibility_temp_fork:generateDebugResValues', task ':flutter_keyboard_visibility_temp_fork:generateDebugResources', task ':flutter_keyboard_visibility_temp_fork:packageDebugResources', task ':flutter_native_splash:generateDebugResValues', task ':flutter_native_splash:generateDebugResources', task ':flutter_native_splash:packageDebugResources', task ':flutter_olm:generateDebugResValues', task ':flutter_olm:generateDebugResources', task ':flutter_olm:packageDebugResources', task ':flutter_openssl_crypto:generateDebugResValues', task ':flutter_openssl_crypto:generateDebugResources', task ':flutter_openssl_crypto:packageDebugResources', task ':integration_test:generateDebugResValues', task ':integration_test:generateDebugResources', task ':integration_test:packageDebugResources', task ':path_provider_android:generateDebugResValues', task ':path_provider_android:generateDebugResources', task ':path_provider_android:packageDebugResources', task ':quill_native_bridge_android:generateDebugResValues', task ':quill_native_bridge_android:generateDebugResources', task ':quill_native_bridge_android:packageDebugResources', task ':shared_preferences_android:generateDebugResValues', task ':shared_preferences_android:generateDebugResources', task ':shared_preferences_android:packageDebugResources', task ':sqflite_android:generateDebugResValues', task ':sqflite_android:generateDebugResources', task ':sqflite_android:packageDebugResources', task ':url_launcher_android:generateDebugResValues', task ':url_launcher_android:generateDebugResources', task ':url_launcher_android:packageDebugResources', task ':video_player_android:generateDebugResValues', task ':video_player_android:generateDebugResources', task ':video_player_android:packageDebugResources', task ':app:mapDebugSourceSetPaths', task ':app:generateDebugResources', task ':app:mergeDebugResources', task ':app:packageDebugResources', task ':app:parseDebugLocalResources', task ':app:createDebugCompatibleScreenManifests', task ':app:extractDeepLinksDebug', task ':connectivity_plus:extractDeepLinksDebug', task ':connectivity_plus:processDebugManifest', task ':emoji_picker_flutter:extractDeepLinksDebug', task ':emoji_picker_flutter:processDebugManifest', task ':file_selector_android:extractDeepLinksDebug', task ':file_selector_android:processDebugManifest', task ':flutter_keyboard_visibility_temp_fork:extractDeepLinksDebug', task ':flutter_keyboard_visibility_temp_fork:processDebugManifest', task ':flutter_native_splash:extractDeepLinksDebug', task ':flutter_native_splash:processDebugManifest', task ':flutter_olm:extractDeepLinksDebug', task ':flutter_olm:processDebugManifest', task ':flutter_openssl_crypto:extractDeepLinksDebug', task ':flutter_openssl_crypto:processDebugManifest', task ':integration_test:extractDeepLinksDebug', task ':integration_test:processDebugManifest', task ':path_provider_android:extractDeepLinksDebug', task ':path_provider_android:processDebugManifest', task ':quill_native_bridge_android:extractDeepLinksDebug', task ':quill_native_bridge_android:processDebugManifest', task ':shared_preferences_android:extractDeepLinksDebug', task ':shared_preferences_android:processDebugManifest', task ':sqflite_android:extractDeepLinksDebug', task ':sqflite_android:processDebugManifest', task ':url_launcher_android:extractDeepLinksDebug', task ':url_launcher_android:processDebugManifest', task ':video_player_android:extractDeepLinksDebug', task ':video_player_android:processDebugManifest', task ':app:processDebugMainManifest', task ':app:outputDebugAppLinkSettings', task ':app:processDebugManifest', task ':app:processDebugManifestForPackage', task ':connectivity_plus:compileDebugLibraryResources', task ':connectivity_plus:parseDebugLocalResources', task ':connectivity_plus:generateDebugRFile', task ':emoji_picker_flutter:compileDebugLibraryResources', task ':emoji_picker_flutter:parseDebugLocalResources', task ':emoji_picker_flutter:generateDebugRFile', task ':file_selector_android:compileDebugLibraryResources', task ':file_selector_android:parseDebugLocalResources', task ':file_selector_android:generateDebugRFile', task ':flutter_keyboard_visibility_temp_fork:compileDebugLibraryResources', task ':flutter_keyboard_visibility_temp_fork:parseDebugLocalResources', task ':flutter_keyboard_visibility_temp_fork:generateDebugRFile', task ':flutter_native_splash:compileDebugLibraryResources', task ':flutter_native_splash:parseDebugLocalResources', task ':flutter_native_splash:generateDebugRFile', task ':flutter_olm:compileDebugLibraryResources', task ':flutter_olm:parseDebugLocalResources', task ':flutter_olm:generateDebugRFile', task ':flutter_openssl_crypto:compileDebugLibraryResources', task ':flutter_openssl_crypto:parseDebugLocalResources', task ':flutter_openssl_crypto:generateDebugRFile', task ':integration_test:compileDebugLibraryResources', task ':integration_test:parseDebugLocalResources', task ':integration_test:generateDebugRFile', task ':path_provider_android:compileDebugLibraryResources', task ':path_provider_android:parseDebugLocalResources', task ':path_provider_android:generateDebugRFile', task ':quill_native_bridge_android:compileDebugLibraryResources', task ':quill_native_bridge_android:parseDebugLocalResources', task ':quill_native_bridge_android:generateDebugRFile', task ':shared_preferences_android:compileDebugLibraryResources', task ':shared_preferences_android:parseDebugLocalResources', task ':shared_preferences_android:generateDebugRFile', task ':sqflite_android:compileDebugLibraryResources', task ':sqflite_android:parseDebugLocalResources', task ':sqflite_android:generateDebugRFile', task ':url_launcher_android:compileDebugLibraryResources', task ':url_launcher_android:parseDebugLocalResources', task ':url_launcher_android:generateDebugRFile', task ':video_player_android:compileDebugLibraryResources', task ':video_player_android:parseDebugLocalResources', task ':video_player_android:generateDebugRFile', task ':app:processDebugResources', task ':connectivity_plus:javaPreCompileDebug', task ':connectivity_plus:compileDebugJavaWithJavac', task ':connectivity_plus:bundleLibCompileToJarDebug', task ':emoji_picker_flutter:checkKotlinGradlePluginConfigurationErrors', task ':emoji_picker_flutter:compileDebugKotlin', task ':emoji_picker_flutter:javaPreCompileDebug', task ':emoji_picker_flutter:compileDebugJavaWithJavac', task ':emoji_picker_flutter:bundleLibCompileToJarDebug', task ':file_selector_android:javaPreCompileDebug', task ':file_selector_android:compileDebugJavaWithJavac', task ':file_selector_android:bundleLibCompileToJarDebug', task ':flutter_keyboard_visibility_temp_fork:javaPreCompileDebug', task ':flutter_keyboard_visibility_temp_fork:compileDebugJavaWithJavac', task ':flutter_keyboard_visibility_temp_fork:bundleLibCompileToJarDebug', task ':flutter_native_splash:javaPreCompileDebug', task ':flutter_native_splash:compileDebugJavaWithJavac', task ':flutter_native_splash:bundleLibCompileToJarDebug', task ':flutter_olm:checkKotlinGradlePluginConfigurationErrors', task ':flutter_olm:compileDebugKotlin', task ':flutter_olm:javaPreCompileDebug', task ':flutter_olm:compileDebugJavaWithJavac', task ':flutter_olm:bundleLibCompileToJarDebug', task ':flutter_openssl_crypto:checkKotlinGradlePluginConfigurationErrors', task ':flutter_openssl_crypto:compileDebugKotlin', task ':flutter_openssl_crypto:javaPreCompileDebug', task ':flutter_openssl_crypto:compileDebugJavaWithJavac', task ':flutter_openssl_crypto:bundleLibCompileToJarDebug', task ':integration_test:javaPreCompileDebug', task ':integration_test:compileDebugJavaWithJavac', task ':integration_test:bundleLibCompileToJarDebug', task ':path_provider_android:javaPreCompileDebug', task ':path_provider_android:compileDebugJavaWithJavac', task ':path_provider_android:bundleLibCompileToJarDebug', task ':quill_native_bridge_android:checkKotlinGradlePluginConfigurationErrors', task ':quill_native_bridge_android:compileDebugKotlin', task ':quill_native_bridge_android:javaPreCompileDebug', task ':quill_native_bridge_android:compileDebugJavaWithJavac', task ':quill_native_bridge_android:bundleLibCompileToJarDebug', task ':shared_preferences_android:checkKotlinGradlePluginConfigurationErrors', task ':shared_preferences_android:compileDebugKotlin', task ':shared_preferences_android:javaPreCompileDebug', task ':shared_preferences_android:compileDebugJavaWithJavac', task ':shared_preferences_android:bundleLibCompileToJarDebug', task ':sqflite_android:javaPreCompileDebug', task ':sqflite_android:compileDebugJavaWithJavac', task ':sqflite_android:bundleLibCompileToJarDebug', task ':url_launcher_android:generateDebugBuildConfig', task ':url_launcher_android:javaPreCompileDebug', task ':url_launcher_android:compileDebugJavaWithJavac', task ':url_launcher_android:bundleLibCompileToJarDebug', task ':video_player_android:checkKotlinGradlePluginConfigurationErrors', task ':video_player_android:compileDebugKotlin', task ':video_player_android:javaPreCompileDebug', task ':video_player_android:compileDebugJavaWithJavac', task ':video_player_android:bundleLibCompileToJarDebug', task ':app:compileDebugKotlin', task ':app:javaPreCompileDebug', task ':app:compileDebugJavaWithJavac', task ':app:compressDebugAssets', task ':app:processDebugJavaRes', task ':connectivity_plus:processDebugJavaRes', task ':emoji_picker_flutter:processDebugJavaRes', task ':file_selector_android:processDebugJavaRes', task ':flutter_keyboard_visibility_temp_fork:processDebugJavaRes', task ':flutter_native_splash:processDebugJavaRes', task ':flutter_olm:processDebugJavaRes', task ':flutter_openssl_crypto:processDebugJavaRes', task ':integration_test:processDebugJavaRes', task ':path_provider_android:processDebugJavaRes', task ':quill_native_bridge_android:processDebugJavaRes', task ':shared_preferences_android:processDebugJavaRes', task ':sqflite_android:processDebugJavaRes', task ':url_launcher_android:processDebugJavaRes', task ':video_player_android:processDebugJavaRes', task ':app:mergeDebugJavaResource', task ':app:checkDebugDuplicateClasses', task ':app:desugarDebugFileDependencies', task ':app:mergeExtDexDebug', task ':connectivity_plus:bundleLibRuntimeToDirDebug', task ':emoji_picker_flutter:bundleLibRuntimeToDirDebug', task ':file_selector_android:bundleLibRuntimeToDirDebug', task ':flutter_keyboard_visibility_temp_fork:bundleLibRuntimeToDirDebug', task ':flutter_native_splash:bundleLibRuntimeToDirDebug', task ':flutter_olm:bundleLibRuntimeToDirDebug', task ':flutter_openssl_crypto:bundleLibRuntimeToDirDebug', task ':integration_test:bundleLibRuntimeToDirDebug', task ':path_provider_android:bundleLibRuntimeToDirDebug', task ':quill_native_bridge_android:bundleLibRuntimeToDirDebug', task ':shared_preferences_android:bundleLibRuntimeToDirDebug', task ':sqflite_android:bundleLibRuntimeToDirDebug', task ':url_launcher_android:bundleLibRuntimeToDirDebug', task ':video_player_android:bundleLibRuntimeToDirDebug', task ':app:mergeLibDexDebug', task ':app:dexBuilderDebug', task ':app:mergeProjectDexDebug', task ':app:configureCMakeDebug[arm64-v8a]', task ':app:buildCMakeDebug[arm64-v8a]', task ':app:configureCMakeDebug[armeabi-v7a]', task ':app:buildCMakeDebug[armeabi-v7a]', task ':app:configureCMakeDebug[x86_64]', task ':app:buildCMakeDebug[x86_64]', task ':app:mergeDebugJniLibFolders', task ':connectivity_plus:mergeDebugJniLibFolders', task ':connectivity_plus:mergeDebugNativeLibs', task ':connectivity_plus:copyDebugJniLibsProjectOnly', task ':emoji_picker_flutter:mergeDebugJniLibFolders', task ':emoji_picker_flutter:mergeDebugNativeLibs', task ':emoji_picker_flutter:copyDebugJniLibsProjectOnly', task ':file_selector_android:mergeDebugJniLibFolders', task ':file_selector_android:mergeDebugNativeLibs', task ':file_selector_android:copyDebugJniLibsProjectOnly', task ':flutter_keyboard_visibility_temp_fork:mergeDebugJniLibFolders', task ':flutter_keyboard_visibility_temp_fork:mergeDebugNativeLibs', task ':flutter_keyboard_visibility_temp_fork:copyDebugJniLibsProjectOnly', task ':flutter_native_splash:mergeDebugJniLibFolders', task ':flutter_native_splash:mergeDebugNativeLibs', task ':flutter_native_splash:copyDebugJniLibsProjectOnly', task ':flutter_olm:preProfileBuild', task ':flutter_olm:configureCMakeDebug[arm64-v8a]', task ':flutter_olm:buildCMakeDebug[arm64-v8a]', task ':flutter_olm:configureCMakeDebug[armeabi-v7a]', task ':flutter_olm:buildCMakeDebug[armeabi-v7a]', task ':flutter_olm:configureCMakeDebug[x86]', task ':flutter_olm:buildCMakeDebug[x86]', task ':flutter_olm:configureCMakeDebug[x86_64]', task ':flutter_olm:buildCMakeDebug[x86_64]', task ':flutter_olm:mergeDebugJniLibFolders', task ':flutter_olm:mergeDebugNativeLibs', task ':flutter_olm:copyDebugJniLibsProjectOnly', task ':flutter_openssl_crypto:preProfileBuild', task ':flutter_openssl_crypto:configureCMakeDebug[arm64-v8a]', task ':flutter_openssl_crypto:buildCMakeDebug[arm64-v8a]', task ':flutter_openssl_crypto:configureCMakeDebug[armeabi-v7a]', task ':flutter_openssl_crypto:buildCMakeDebug[armeabi-v7a]', task ':flutter_openssl_crypto:configureCMakeDebug[x86]', task ':flutter_openssl_crypto:buildCMakeDebug[x86]', task ':flutter_openssl_crypto:configureCMakeDebug[x86_64]', task ':flutter_openssl_crypto:buildCMakeDebug[x86_64]', task ':flutter_openssl_crypto:mergeDebugJniLibFolders', task ':flutter_openssl_crypto:mergeDebugNativeLibs', task ':flutter_openssl_crypto:copyDebugJniLibsProjectOnly', task ':integration_test:mergeDebugJniLibFolders', task ':integration_test:mergeDebugNativeLibs', task ':integration_test:copyDebugJniLibsProjectOnly', task ':path_provider_android:mergeDebugJniLibFolders', task ':path_provider_android:mergeDebugNativeLibs', task ':path_provider_android:copyDebugJniLibsProjectOnly', task ':quill_native_bridge_android:mergeDebugJniLibFolders', task ':quill_native_bridge_android:mergeDebugNativeLibs', task ':quill_native_bridge_android:copyDebugJniLibsProjectOnly', task ':shared_preferences_android:mergeDebugJniLibFolders', task ':shared_preferences_android:mergeDebugNativeLibs', task ':shared_preferences_android:copyDebugJniLibsProjectOnly', task ':sqflite_android:mergeDebugJniLibFolders', task ':sqflite_android:mergeDebugNativeLibs', task ':sqflite_android:copyDebugJniLibsProjectOnly', task ':url_launcher_android:mergeDebugJniLibFolders', task ':url_launcher_android:mergeDebugNativeLibs', task ':url_launcher_android:copyDebugJniLibsProjectOnly', task ':video_player_android:mergeDebugJniLibFolders', task ':video_player_android:mergeDebugNativeLibs', task ':video_player_android:copyDebugJniLibsProjectOnly', task ':app:mergeDebugNativeLibs', task ':app:stripDebugDebugSymbols', task ':app:validateSigningDebug', task ':app:writeDebugAppMetadata', task ':app:writeDebugSigningConfigVersions', task ':app:packageDebug', task ':app:createDebugApkListingFileRedirect', task ':app:assembleDebug', task ':connectivity_plus:stripDebugDebugSymbols', task ':connectivity_plus:copyDebugJniLibsProjectAndLocalJars', task ':connectivity_plus:extractDebugAnnotations', task ':connectivity_plus:extractDeepLinksForAarDebug', task ':connectivity_plus:mergeDebugGeneratedProguardFiles', task ':connectivity_plus:mergeDebugConsumerProguardFiles', task ':connectivity_plus:prepareDebugArtProfile', task ':connectivity_plus:prepareLintJarForPublish', task ':connectivity_plus:mergeDebugJavaResource', task ':connectivity_plus:syncDebugLibJars', task ':connectivity_plus:bundleDebugAar', task ':connectivity_plus:assembleDebug', task ':emoji_picker_flutter:stripDebugDebugSymbols', task ':emoji_picker_flutter:copyDebugJniLibsProjectAndLocalJars', task ':emoji_picker_flutter:extractDebugAnnotations', task ':emoji_picker_flutter:extractDeepLinksForAarDebug', task ':emoji_picker_flutter:mergeDebugGeneratedProguardFiles', task ':emoji_picker_flutter:mergeDebugConsumerProguardFiles', task ':emoji_picker_flutter:prepareDebugArtProfile', task ':emoji_picker_flutter:prepareLintJarForPublish', task ':emoji_picker_flutter:mergeDebugJavaResource', task ':emoji_picker_flutter:syncDebugLibJars', task ':emoji_picker_flutter:bundleDebugAar', task ':emoji_picker_flutter:assembleDebug', task ':file_selector_android:stripDebugDebugSymbols', task ':file_selector_android:copyDebugJniLibsProjectAndLocalJars', task ':file_selector_android:extractDebugAnnotations', task ':file_selector_android:extractDeepLinksForAarDebug', task ':file_selector_android:mergeDebugGeneratedProguardFiles', task ':file_selector_android:mergeDebugConsumerProguardFiles', task ':file_selector_android:prepareDebugArtProfile', task ':file_selector_android:prepareLintJarForPublish', task ':file_selector_android:mergeDebugJavaResource', task ':file_selector_android:syncDebugLibJars', task ':file_selector_android:bundleDebugAar', task ':file_selector_android:assembleDebug', task ':flutter_keyboard_visibility_temp_fork:stripDebugDebugSymbols', task ':flutter_keyboard_visibility_temp_fork:copyDebugJniLibsProjectAndLocalJars', task ':flutter_keyboard_visibility_temp_fork:extractDebugAnnotations', task ':flutter_keyboard_visibility_temp_fork:extractDeepLinksForAarDebug', task ':flutter_keyboard_visibility_temp_fork:mergeDebugGeneratedProguardFiles', task ':flutter_keyboard_visibility_temp_fork:mergeDebugConsumerProguardFiles', task ':flutter_keyboard_visibility_temp_fork:prepareDebugArtProfile', task ':flutter_keyboard_visibility_temp_fork:prepareLintJarForPublish', task ':flutter_keyboard_visibility_temp_fork:mergeDebugJavaResource', task ':flutter_keyboard_visibility_temp_fork:syncDebugLibJars', task ':flutter_keyboard_visibility_temp_fork:bundleDebugAar', task ':flutter_keyboard_visibility_temp_fork:assembleDebug', task ':flutter_native_splash:stripDebugDebugSymbols', task ':flutter_native_splash:copyDebugJniLibsProjectAndLocalJars', task ':flutter_native_splash:extractDebugAnnotations', task ':flutter_native_splash:extractDeepLinksForAarDebug', task ':flutter_native_splash:mergeDebugGeneratedProguardFiles', task ':flutter_native_splash:mergeDebugConsumerProguardFiles', task ':flutter_native_splash:prepareDebugArtProfile', task ':flutter_native_splash:prepareLintJarForPublish', task ':flutter_native_splash:mergeDebugJavaResource', task ':flutter_native_splash:syncDebugLibJars', task ':flutter_native_splash:bundleDebugAar', task ':flutter_native_splash:assembleDebug', task ':flutter_olm:stripDebugDebugSymbols', task ':flutter_olm:copyDebugJniLibsProjectAndLocalJars', task ':flutter_olm:extractDebugAnnotations', task ':flutter_olm:extractDeepLinksForAarDebug', task ':flutter_olm:mergeDebugGeneratedProguardFiles', task ':flutter_olm:mergeDebugConsumerProguardFiles', task ':flutter_olm:prepareDebugArtProfile', task ':flutter_olm:prepareLintJarForPublish', task ':flutter_olm:mergeDebugJavaResource', task ':flutter_olm:syncDebugLibJars', task ':flutter_olm:bundleDebugAar', task ':flutter_olm:assembleDebug', task ':flutter_openssl_crypto:stripDebugDebugSymbols', task ':flutter_openssl_crypto:copyDebugJniLibsProjectAndLocalJars', task ':flutter_openssl_crypto:extractDebugAnnotations', task ':flutter_openssl_crypto:extractDeepLinksForAarDebug', task ':flutter_openssl_crypto:mergeDebugGeneratedProguardFiles', task ':flutter_openssl_crypto:mergeDebugConsumerProguardFiles', task ':flutter_openssl_crypto:prepareDebugArtProfile', task ':flutter_openssl_crypto:prepareLintJarForPublish', task ':flutter_openssl_crypto:mergeDebugJavaResource', task ':flutter_openssl_crypto:syncDebugLibJars', task ':flutter_openssl_crypto:bundleDebugAar', task ':flutter_openssl_crypto:assembleDebug', task ':integration_test:stripDebugDebugSymbols', task ':integration_test:copyDebugJniLibsProjectAndLocalJars', task ':integration_test:extractDebugAnnotations', task ':integration_test:extractDeepLinksForAarDebug', task ':integration_test:mergeDebugGeneratedProguardFiles', task ':integration_test:mergeDebugConsumerProguardFiles', task ':integration_test:prepareDebugArtProfile', task ':integration_test:prepareLintJarForPublish', task ':integration_test:mergeDebugJavaResource', task ':integration_test:syncDebugLibJars', task ':integration_test:bundleDebugAar', task ':integration_test:assembleDebug', task ':path_provider_android:stripDebugDebugSymbols', task ':path_provider_android:copyDebugJniLibsProjectAndLocalJars', task ':path_provider_android:extractDebugAnnotations', task ':path_provider_android:extractDeepLinksForAarDebug', task ':path_provider_android:mergeDebugGeneratedProguardFiles', task ':path_provider_android:mergeDebugConsumerProguardFiles', task ':path_provider_android:prepareDebugArtProfile', task ':path_provider_android:prepareLintJarForPublish', task ':path_provider_android:mergeDebugJavaResource', task ':path_provider_android:syncDebugLibJars', task ':path_provider_android:bundleDebugAar', task ':path_provider_android:assembleDebug', task ':quill_native_bridge_android:stripDebugDebugSymbols', task ':quill_native_bridge_android:copyDebugJniLibsProjectAndLocalJars', task ':quill_native_bridge_android:extractDebugAnnotations', task ':quill_native_bridge_android:extractDeepLinksForAarDebug', task ':quill_native_bridge_android:mergeDebugGeneratedProguardFiles', task ':quill_native_bridge_android:mergeDebugConsumerProguardFiles', task ':quill_native_bridge_android:prepareDebugArtProfile', task ':quill_native_bridge_android:prepareLintJarForPublish', task ':quill_native_bridge_android:mergeDebugJavaResource', task ':quill_native_bridge_android:syncDebugLibJars', task ':quill_native_bridge_android:bundleDebugAar', task ':quill_native_bridge_android:assembleDebug', task ':shared_preferences_android:stripDebugDebugSymbols', task ':shared_preferences_android:copyDebugJniLibsProjectAndLocalJars', task ':shared_preferences_android:extractDebugAnnotations', task ':shared_preferences_android:extractDeepLinksForAarDebug', task ':shared_preferences_android:mergeDebugGeneratedProguardFiles', task ':shared_preferences_android:mergeDebugConsumerProguardFiles', task ':shared_preferences_android:prepareDebugArtProfile', task ':shared_preferences_android:prepareLintJarForPublish', task ':shared_preferences_android:mergeDebugJavaResource', task ':shared_preferences_android:syncDebugLibJars', task ':shared_preferences_android:bundleDebugAar', task ':shared_preferences_android:assembleDebug', task ':sqflite_android:stripDebugDebugSymbols', task ':sqflite_android:copyDebugJniLibsProjectAndLocalJars', task ':sqflite_android:extractDebugAnnotations', task ':sqflite_android:extractDeepLinksForAarDebug', task ':sqflite_android:mergeDebugGeneratedProguardFiles', task ':sqflite_android:mergeDebugConsumerProguardFiles', task ':sqflite_android:prepareDebugArtProfile', task ':sqflite_android:prepareLintJarForPublish', task ':sqflite_android:mergeDebugJavaResource', task ':sqflite_android:syncDebugLibJars', task ':sqflite_android:bundleDebugAar', task ':sqflite_android:assembleDebug', task ':url_launcher_android:stripDebugDebugSymbols', task ':url_launcher_android:copyDebugJniLibsProjectAndLocalJars', task ':url_launcher_android:extractDebugAnnotations', task ':url_launcher_android:extractDeepLinksForAarDebug', task ':url_launcher_android:mergeDebugGeneratedProguardFiles', task ':url_launcher_android:mergeDebugConsumerProguardFiles', task ':url_launcher_android:prepareDebugArtProfile', task ':url_launcher_android:prepareLintJarForPublish', task ':url_launcher_android:mergeDebugJavaResource', task ':url_launcher_android:syncDebugLibJars', task ':url_launcher_android:bundleDebugAar', task ':url_launcher_android:assembleDebug', task ':video_player_android:stripDebugDebugSymbols', task ':video_player_android:copyDebugJniLibsProjectAndLocalJars', task ':video_player_android:extractDebugAnnotations', task ':video_player_android:extractDeepLinksForAarDebug', task ':video_player_android:mergeDebugGeneratedProguardFiles', task ':video_player_android:mergeDebugConsumerProguardFiles', task ':video_player_android:prepareDebugArtProfile', task ':video_player_android:prepareLintJarForPublish', task ':video_player_android:mergeDebugJavaResource', task ':video_player_android:syncDebugLibJars', task ':video_player_android:bundleDebugAar', task ':video_player_android:assembleDebug']
[        ] Tasks that were excluded: []
[        ] work action Parameters of ClassesDirToClassesTransform (Thread[#43645,Execution worker Thread 3,5,main]) started.
[        ] work action Parameters of DexingNoClasspathTransform (Thread[#43645,Execution worker Thread 3,5,main]) started.
[        ] Resolve mutations for :app:preBuild (Thread[#43653,Execution worker Thread 10,5,main]) started.
[        ] :app:preBuild (Thread[#43656,Execution worker Thread 13,5,main]) started.
[        ] > Task :app:preBuild UP-TO-DATE
[        ] Skipping task ':app:preBuild' as it has no actions.
[        ] Resolve mutations for :app:preDebugBuild (Thread[#43656,Execution worker Thread 13,5,main]) started.
[        ] :app:preDebugBuild (Thread[#43671,Execution worker Thread 28,5,main]) started.
[        ] > Task :app:preDebugBuild UP-TO-DATE
[        ] Skipping task ':app:preDebugBuild' as it has no actions.
[        ] Resolve mutations for :app:mergeDebugNativeDebugMetadata (Thread[#43671,Execution worker Thread 28,5,main]) started.
[        ] :app:mergeDebugNativeDebugMetadata (Thread[#43671,Execution worker Thread 28,5,main]) started.
[        ] > Task :app:mergeDebugNativeDebugMetadata NO-SOURCE
[        ] Skipping task ':app:mergeDebugNativeDebugMetadata' as it has no source files and no previous output files.
[        ] Resolve mutations for :app:checkKotlinGradlePluginConfigurationErrors (Thread[#43671,Execution worker Thread 28,5,main]) started.
[        ] :app:checkKotlinGradlePluginConfigurationErrors (Thread[#43671,Execution worker Thread 28,5,main]) started.
[        ] > Task :app:checkKotlinGradlePluginConfigurationErrors SKIPPED
[        ] Skipping task ':app:checkKotlinGradlePluginConfigurationErrors' as task onlyIf 'errorDiagnostics are present' is false.
[        ] Resolve mutations for :app:compileFlutterBuildDebug (Thread[#43671,Execution worker Thread 28,5,main]) started.
[        ] :app:compileFlutterBuildDebug (Thread[#43671,Execution worker Thread 28,5,main]) started.
14:47 +12 -31: loading /Users/florian/Code/substitution/integration_test/post_creation_with_matrix_test.dart                                                                                           14:48 +12 -31: loading /Users/florian/Code/substitution/integration_test/post_creation_with_matrix_test.dart                                                                                           [+1903 ms] > Task :app:compileFlutterBuildDebug
[        ] Caching disabled for task ':app:compileFlutterBuildDebug' because:
[        ]   Build cache is disabled
[        ]   Caching has not been enabled for the task
[        ] Task ':app:compileFlutterBuildDebug' is not up-to-date because:
[        ]   Value of input property 'targetPath' has changed for task ':app:compileFlutterBuildDebug'
[        ] Starting process 'command '/opt/homebrew/share/flutter/bin/flutter''. Working directory: /Users/florian/Code/substitution Command: /opt/homebrew/share/flutter/bin/flutter --verbose assemble --no-version-check --depfile /Users/florian/Code/substitution/build/app/intermediates/flutter/debug/flutter_build.d --output /Users/florian/Code/substitution/build/app/intermediates/flutter/debug -dTargetFile=/var/folders/l_/w8pnbb9d38n57pzg9j98fmy80000gn/T/flutter_tools.wuOse9/flutter_test_listener.KEiHVo/listener.dart -dTargetPlatform=android -dBuildMode=debug -dTrackWidgetCreation=true --DartDefines=TUFUUklYX1NFUlZFUj1odHRwOi8vbG9jYWxob3N0OjgwMDg=,TUFUUklYX1RFU1RfVVNFUj0=,TUFUUklYX1RFU1RfUEFTU1dPUkQ9,RkxVVFRFUl9WRVJTSU9OPTMuMzguOQ==,RkxVVFRFUl9DSEFOTkVMPXN0YWJsZQ==,RkxVVFRFUl9HSVRfVVJMPWh0dHBzOi8vZ2l0aHViLmNvbS9mbHV0dGVyL2ZsdXR0ZXIuZ2l0,RkxVVFRFUl9GUkFNRVdPUktfUkVWSVNJT049NjczMjNkZTI4NQ==,RkxVVFRFUl9FTkdJTkVfUkVWSVNJT049NTg3YzE4Zjg3Mw==,RkxVVFRFUl9EQVJUX1ZFUlNJT049My4xMC44,SU5URUdSQVRJT05fVEVTVF9TSE9VTERfUkVQT1JUX1JFU1VMVFNfVE9fTkFUSVZFPWZhbHNl -dFlavor= -dAndroidArchs=android-arm64 -dMinSdkVersion=24 debug_android_application
[        ] Successfully started process 'command '/opt/homebrew/share/flutter/bin/flutter''
[        ] [  +21 ms] executing: sysctl hw.optional.arm64
[        ] [   +3 ms] Exit code 0 from: sysctl hw.optional.arm64
[        ] [        ] hw.optional.arm64: 1
[        ] [   +3 ms] Artifact Instance of 'MaterialFonts' is not required, skipping update.
[        ] [        ] Artifact Instance of 'GradleWrapper' is not required, skipping update.
[        ] [        ] Artifact Instance of 'AndroidGenSnapshotArtifacts' is not required, skipping update.
[        ] [        ] Artifact Instance of 'AndroidInternalBuildArtifacts' is not required, skipping update.
[        ] [        ] Artifact Instance of 'IOSEngineArtifacts' is not required, skipping update.
[        ] [        ] Artifact Instance of 'FlutterWebSdk' is not required, skipping update.
[        ] [        ] Artifact Instance of 'LegacyCanvasKitRemover' is not required, skipping update.
[        ] [        ] Artifact Instance of 'FlutterSdk' is not required, skipping update.
[        ] [        ] Artifact Instance of 'WindowsEngineArtifacts' is not required, skipping update.
[        ] [        ] Artifact Instance of 'MacOSEngineArtifacts' is not required, skipping update.
[        ] [        ] Artifact Instance of 'LinuxEngineArtifacts' is not required, skipping update.
[        ] [        ] Artifact Instance of 'LinuxFuchsiaSDKArtifacts' is not required, skipping update.
[        ] [        ] Artifact Instance of 'MacOSFuchsiaSDKArtifacts' is not required, skipping update.
[        ] [        ] Artifact Instance of 'FlutterRunnerSDKArtifacts' is not required, skipping update.
[        ] [        ] Artifact Instance of 'FlutterRunnerDebugSymbols' is not required, skipping update.
[        ] [        ] Artifact Instance of 'IosUsbArtifacts' is not required, skipping update.
[        ] [        ] Artifact Instance of 'IosUsbArtifacts' is not required, skipping update.
[        ] [        ] Artifact Instance of 'IosUsbArtifacts' is not required, skipping update.
[        ] [        ] Artifact Instance of 'IosUsbArtifacts' is not required, skipping update.
[        ] [        ] Artifact Instance of 'IosUsbArtifacts' is not required, skipping update.
[        ] [        ] Artifact Instance of 'IosUsbArtifacts' is not required, skipping update.
[        ] [        ] Artifact Instance of 'FontSubsetArtifacts' is not required, skipping update.
[        ] [        ] Artifact Instance of 'PubDependencies' is not required, skipping update.
[        ] [   +4 ms] Artifact Instance of 'AndroidGenSnapshotArtifacts' is not required, skipping update.
[        ] [        ] Artifact Instance of 'AndroidInternalBuildArtifacts' is not required, skipping update.
[        ] [        ] Artifact Instance of 'IOSEngineArtifacts' is not required, skipping update.
[        ] [        ] Artifact Instance of 'FlutterWebSdk' is not required, skipping update.
[        ] [        ] Artifact Instance of 'FlutterEngineStamp' is not required, skipping update.
[        ] [        ] Artifact Instance of 'LegacyCanvasKitRemover' is not required, skipping update.
[        ] [        ] Artifact Instance of 'WindowsEngineArtifacts' is not required, skipping update.
[        ] [        ] Artifact Instance of 'MacOSEngineArtifacts' is not required, skipping update.
[        ] [        ] Artifact Instance of 'LinuxEngineArtifacts' is not required, skipping update.
[        ] [        ] Artifact Instance of 'LinuxFuchsiaSDKArtifacts' is not required, skipping update.
[        ] [        ] Artifact Instance of 'MacOSFuchsiaSDKArtifacts' is not required, skipping update.
[        ] [        ] Artifact Instance of 'FlutterRunnerSDKArtifacts' is not required, skipping update.
[        ] [        ] Artifact Instance of 'FlutterRunnerDebugSymbols' is not required, skipping update.
[        ] [  +23 ms] Artifact Instance of 'MaterialFonts' is not required, skipping update.
[        ] [        ] Artifact Instance of 'GradleWrapper' is not required, skipping update.
[        ] [        ] Artifact Instance of 'AndroidInternalBuildArtifacts' is not required, skipping update.
[        ] [        ] Artifact Instance of 'IOSEngineArtifacts' is not required, skipping update.
[        ] [        ] Artifact Instance of 'FlutterWebSdk' is not required, skipping update.
[        ] [        ] Artifact Instance of 'FlutterEngineStamp' is not required, skipping update.
[        ] [        ] Artifact Instance of 'LegacyCanvasKitRemover' is not required, skipping update.
[        ] [        ] Artifact Instance of 'FlutterSdk' is not required, skipping update.
[        ] [        ] Artifact Instance of 'WindowsEngineArtifacts' is not required, skipping update.
[        ] [        ] Artifact Instance of 'MacOSEngineArtifacts' is not required, skipping update.
[        ] [        ] Artifact Instance of 'LinuxEngineArtifacts' is not required, skipping update.
[        ] [        ] Artifact Instance of 'LinuxFuchsiaSDKArtifacts' is not required, skipping update.
[        ] [        ] Artifact Instance of 'MacOSFuchsiaSDKArtifacts' is not required, skipping update.
[        ] [        ] Artifact Instance of 'FlutterRunnerSDKArtifacts' is not required, skipping update.
[        ] [        ] Artifact Instance of 'FlutterRunnerDebugSymbols' is not required, skipping update.
[        ] [        ] Artifact Instance of 'IosUsbArtifacts' is not required, skipping update.
[        ] [        ] Artifact Instance of 'IosUsbArtifacts' is not required, skipping update.
[        ] [        ] Artifact Instance of 'IosUsbArtifacts' is not required, skipping update.
[        ] [        ] Artifact Instance of 'IosUsbArtifacts' is not required, skipping update.
[        ] [        ] Artifact Instance of 'IosUsbArtifacts' is not required, skipping update.
[        ] [        ] Artifact Instance of 'IosUsbArtifacts' is not required, skipping update.
[        ] [        ] Artifact Instance of 'FontSubsetArtifacts' is not required, skipping update.
[        ] [        ] Artifact Instance of 'PubDependencies' is not required, skipping update.
[        ] [  +20 ms] Initializing file store
[        ] [  +11 ms] dart_build: Starting due to {}
[        ] [        ] Skipping target: gen_localizations
[        ] [        ] gen_dart_plugin_registrant: Starting due to {InvalidatedReasonKind.outputSetAddition: The following outputs were added to the output set: /Users/florian/Code/substitution/.dart_tool/flutter_build/dart_plugin_registrant.dart, InvalidatedReasonKind.inputChanged: The following inputs have updated contents: /Users/florian/Code/substitution/.dart_tool/package_config.json}
[        ] [  +43 ms] Found plugin integration_test at /opt/homebrew/share/flutter/packages/integration_test/
[        ] [  +14 ms] Found plugin flutter_native_splash at /Users/florian/.pub-cache/hosted/pub.dev/flutter_native_splash-2.4.7/
[        ] [  +14 ms] Building native assets for android_arm64.
[        ] [  +23 ms] Found plugin connectivity_plus at /Users/florian/.pub-cache/hosted/pub.dev/connectivity_plus-5.0.2/
[        ] [   +7 ms] input.json contents:
[        ]            {
[        ]              "assets": {},
[        ]              "config": {
[        ]                "build_asset_types": [
[        ]                  "code_assets/code"
[        ]                ],
[        ]                "extensions": {
[        ]                  "code_assets": {
[        ]                    "android": {
[        ]                      "target_ndk_api": 24
[        ]                    },
[        ]                    "c_compiler": {
[        ]                      "ar": "/Users/florian/Library/Android/sdk/ndk/28.2.13676358/toolchains/llvm/prebuilt/darwin-x86_64/bin/llvm-ar",
[        ]                      "cc": "/Users/florian/Library/Android/sdk/ndk/28.2.13676358/toolchains/llvm/prebuilt/darwin-x86_64/bin/clang",
[        ]                      "ld": "/Users/florian/Library/Android/sdk/ndk/28.2.13676358/toolchains/llvm/prebuilt/darwin-x86_64/bin/ld.lld"
[        ]                    },
[        ]                    "link_mode_preference": "dynamic",
[        ]                    "target_architecture": "arm64",
[        ]                    "target_os": "android"
[        ]                  }
[        ]                },
[        ]                "linking_enabled": false
[        ]              },
[        ]              "out_dir_shared": "/Users/florian/Code/substitution/.dart_tool/hooks_runner/shared/objective_c/build/",
[        ]              "out_file": "/Users/florian/Code/substitution/.dart_tool/hooks_runner/objective_c/842b8c761140c2c0e73191c57a372e73/output.json",
[        ]              "package_name": "objective_c",
[        ]              "package_root": "/Users/florian/.pub-cache/hosted/pub.dev/objective_c-9.2.5/",
[        ]              "user_defines": {}
[        ]            }
[        ] [   +2 ms] output.json contents:
[        ]            {
[        ]              "assets_for_linking": {},
[        ]              "status": "success",
[        ]              "timestamp": "2026-02-16 21:57:23.000"
[        ]            }
[        ] [   +1 ms] Skipping build for objective_c in /Users/florian/Code/substitution/.dart_tool/hooks_runner/objective_c/842b8c761140c2c0e73191c57a372e73/. Last build on 2026-02-16 21:57:23.000.
[        ] [   +2 ms] Building native assets for android_arm64 done.
[        ] [   +1 ms] dart_build: Complete
[        ] [   +2 ms] install_code_assets: Starting due to {}
[        ] [   +1 ms] Writing native assets json to file:///Users/florian/Code/substitution/.dart_tool/flutter_build/cb3562c262564342d30ae5297a255636/native_assets.json.
[        ] [        ] Found plugin video_player at /Users/florian/.pub-cache/hosted/pub.dev/video_player-2.10.1/
[        ] [        ] Writing /Users/florian/Code/substitution/.dart_tool/flutter_build/cb3562c262564342d30ae5297a255636/native_assets.json done.
[        ] [        ] Found plugin video_player_web at /Users/florian/.pub-cache/hosted/pub.dev/video_player_web-2.4.0/
[        ] [        ] install_code_assets: Complete
[        ] [   +1 ms] Found plugin video_player_avfoundation at /Users/florian/.pub-cache/hosted/pub.dev/video_player_avfoundation-2.9.1/
[        ] [        ] Found plugin video_player_android at /Users/florian/.pub-cache/hosted/pub.dev/video_player_android-2.9.1/
[        ] [        ] Found plugin url_launcher at /Users/florian/.pub-cache/hosted/pub.dev/url_launcher-6.3.2/
[        ] [        ] Found plugin url_launcher_windows at /Users/florian/.pub-cache/hosted/pub.dev/url_launcher_windows-3.1.5/
[        ] [        ] Found plugin url_launcher_web at /Users/florian/.pub-cache/hosted/pub.dev/url_launcher_web-2.4.2/
[        ] [        ] Found plugin url_launcher_macos at /Users/florian/.pub-cache/hosted/pub.dev/url_launcher_macos-3.2.5/
[        ] [        ] Found plugin url_launcher_linux at /Users/florian/.pub-cache/hosted/pub.dev/url_launcher_linux-3.2.2/
[        ] [        ] Found plugin url_launcher_ios at /Users/florian/.pub-cache/hosted/pub.dev/url_launcher_ios-6.3.6/
[        ] [        ] Found plugin url_launcher_android at /Users/florian/.pub-cache/hosted/pub.dev/url_launcher_android-6.3.28/
[        ] [   +2 ms] Found plugin sqflite at /Users/florian/.pub-cache/hosted/pub.dev/sqflite-2.4.2/
[        ] [        ] Found plugin sqflite_darwin at /Users/florian/.pub-cache/hosted/pub.dev/sqflite_darwin-2.4.2/
[        ] [        ] Found plugin sqflite_android at /Users/florian/.pub-cache/hosted/pub.dev/sqflite_android-2.4.2+2/
[        ] [   +1 ms] Found plugin path_provider at /Users/florian/.pub-cache/hosted/pub.dev/path_provider-2.1.5/
[        ] [        ] Found plugin path_provider_windows at /Users/florian/.pub-cache/hosted/pub.dev/path_provider_windows-2.3.0/
[        ] [        ] Found plugin path_provider_linux at /Users/florian/.pub-cache/hosted/pub.dev/path_provider_linux-2.2.1/
[        ] [        ] Found plugin path_provider_foundation at /Users/florian/.pub-cache/hosted/pub.dev/path_provider_foundation-2.6.0/
[        ] [   +2 ms] Found plugin path_provider_android at /Users/florian/.pub-cache/hosted/pub.dev/path_provider_android-2.2.22/
[        ] [  +17 ms] Found plugin flutter_keyboard_visibility_temp_fork at /Users/florian/.pub-cache/hosted/pub.dev/flutter_keyboard_visibility_temp_fork-0.1.5/
[        ] [        ] Found plugin flutter_keyboard_visibility_windows at /Users/florian/.pub-cache/hosted/pub.dev/flutter_keyboard_visibility_windows-1.0.0/
[        ] [   +1 ms] Found plugin flutter_keyboard_visibility_macos at /Users/florian/.pub-cache/hosted/pub.dev/flutter_keyboard_visibility_macos-1.0.0/
[        ] [        ] Found plugin flutter_keyboard_visibility_linux at /Users/florian/.pub-cache/hosted/pub.dev/flutter_keyboard_visibility_linux-1.0.0/
[        ] [   +9 ms] Found plugin quill_native_bridge at /Users/florian/.pub-cache/hosted/pub.dev/quill_native_bridge-11.1.0/
[        ] [   +1 ms] Found plugin quill_native_bridge_windows at /Users/florian/.pub-cache/hosted/pub.dev/quill_native_bridge_windows-0.0.2/
[        ] [  +12 ms] Found plugin file_selector_windows at /Users/florian/.pub-cache/hosted/pub.dev/file_selector_windows-0.9.3+5/
[        ] [   +2 ms] Found plugin quill_native_bridge_web at /Users/florian/.pub-cache/hosted/pub.dev/quill_native_bridge_web-0.0.2/
[        ] [   +1 ms] Found plugin quill_native_bridge_macos at /Users/florian/.pub-cache/hosted/pub.dev/quill_native_bridge_macos-0.0.1/
[        ] [        ] Found plugin quill_native_bridge_ios at /Users/florian/.pub-cache/hosted/pub.dev/quill_native_bridge_ios-0.0.1/
[        ] [        ] Found plugin quill_native_bridge_android at /Users/florian/.pub-cache/hosted/pub.dev/quill_native_bridge_android-0.0.1+2/
[        ] [   +3 ms] Found plugin flutter_openssl_crypto at /Users/florian/.pub-cache/hosted/pub.dev/flutter_openssl_crypto-0.5.0/
[        ] [        ] Found plugin flutter_olm at /Users/florian/.pub-cache/hosted/pub.dev/flutter_olm-2.0.0/
[        ] [   +3 ms] Found plugin file_selector at /Users/florian/.pub-cache/hosted/pub.dev/file_selector-1.1.0/
[        ] [        ] Found plugin file_selector_web at /Users/florian/.pub-cache/hosted/pub.dev/file_selector_web-0.9.4+2/
[        ] [        ] Found plugin file_selector_macos at /Users/florian/.pub-cache/hosted/pub.dev/file_selector_macos-0.9.5/
[        ] [        ] Found plugin file_selector_linux at /Users/florian/.pub-cache/hosted/pub.dev/file_selector_linux-0.9.4/
[        ] [        ] Found plugin file_selector_ios at /Users/florian/.pub-cache/hosted/pub.dev/file_selector_ios-0.5.3+5/
[        ] [        ] Found plugin file_selector_android at /Users/florian/.pub-cache/hosted/pub.dev/file_selector_android-0.5.2+4/
[        ] [   +1 ms] Found plugin emoji_picker_flutter at /Users/florian/.pub-cache/hosted/pub.dev/emoji_picker_flutter-4.4.0/
[        ] [   +1 ms] Found plugin shared_preferences at /Users/florian/.pub-cache/hosted/pub.dev/shared_preferences-2.5.4/
[        ] [   +1 ms] Found plugin shared_preferences_windows at /Users/florian/.pub-cache/hosted/pub.dev/shared_preferences_windows-2.4.1/
[        ] [   +1 ms] Found plugin shared_preferences_web at /Users/florian/.pub-cache/hosted/pub.dev/shared_preferences_web-2.4.3/
[        ] [   +1 ms] Found plugin shared_preferences_linux at /Users/florian/.pub-cache/hosted/pub.dev/shared_preferences_linux-2.4.1/
[        ] [   +1 ms] Found plugin shared_preferences_foundation at /Users/florian/.pub-cache/hosted/pub.dev/shared_preferences_foundation-2.5.6/
[        ] [   +1 ms] Found plugin shared_preferences_android at /Users/florian/.pub-cache/hosted/pub.dev/shared_preferences_android-2.4.20/
[        ] [  +19 ms] Skipping generating dart_plugin_registrant.dart because it is up-to-date.
[        ] [        ] gen_dart_plugin_registrant: Complete
[        ] [   +2 ms] kernel_snapshot_program: Starting due to {}
[        ] [   +7 ms] /opt/homebrew/share/flutter/bin/cache/dart-sdk/bin/dartaotruntime /opt/homebrew/share/flutter/bin/cache/dart-sdk/bin/snapshots/frontend_server_aot.dart.snapshot --sdk-root /opt/homebrew/share/flutter/bin/cache/artifacts/engine/common/flutter_patched_sdk/ --target=flutter --no-print-incremental-dependencies -DMATRIX_SERVER=http://localhost:8008 -DMATRIX_TEST_USER= -DMATRIX_TEST_PASSWORD= -DFLUTTER_VERSION=3.38.9 -DFLUTTER_CHANNEL=stable -DFLUTTER_GIT_URL=https://github.com/flutter/flutter.git -DFLUTTER_FRAMEWORK_REVISION=67323de285 -DFLUTTER_ENGINE_REVISION=587c18f873 -DFLUTTER_DART_VERSION=3.10.8 -DINTEGRATION_TEST_SHOULD_REPORT_RESULTS_TO_NATIVE=false -DFLUTTER_APP_FLAVOR= -Ddart.vm.profile=false -Ddart.vm.product=false --enable-asserts --track-widget-creation --no-link-platform --packages /Users/florian/Code/substitution/.dart_tool/package_config.json --output-dill /Users/florian/Code/substitution/.dart_tool/flutter_build/cb3562c262564342d30ae5297a255636/app.dill --depfile /Users/florian/Code/substitution/.dart_tool/flutter_build/cb3562c262564342d30ae5297a255636/kernel_snapshot_program.d --incremental --initialize-from-dill /Users/florian/Code/substitution/.dart_tool/flutter_build/cb3562c262564342d30ae5297a255636/app.dill --source file:///Users/florian/Code/substitution/.dart_tool/flutter_build/dart_plugin_registrant.dart --source package:flutter/src/dart_plugin_registrant.dart -Dflutter.dart_plugin_registrant=file:///Users/florian/Code/substitution/.dart_tool/flutter_build/dart_plugin_registrant.dart --verbosity=error file:///var/folders/l_/w8pnbb9d38n57pzg9j98fmy80000gn/T/flutter_tools.wuOse9/flutter_test_listener.KEiHVo/listener.dart
14:49 +12 -31: loading /Users/florian/Code/substitution/integration_test/post_creation_with_matrix_test.dart                                                                                           14:50 +12 -31: loading /Users/florian/Code/substitution/integration_test/post_creation_with_matrix_test.dart                                                                                           14:51 +12 -31: loading /Users/florian/Code/substitution/integration_test/post_creation_with_matrix_test.dart                                                                                           14:52 +12 -31: loading /Users/florian/Code/substitution/integration_test/post_creation_with_matrix_test.dart                                                                                           14:53 +12 -31: loading /Users/florian/Code/substitution/integration_test/post_creation_with_matrix_test.dart                                                                                           14:54 +12 -31: loading /Users/florian/Code/substitution/integration_test/post_creation_with_matrix_test.dart                                                                                           [+5595 ms] [+7043 ms] kernel_snapshot_program: Complete
14:55 +12 -31: loading /Users/florian/Code/substitution/integration_test/post_creation_with_matrix_test.dart                                                                                           [+1001 ms] [+1083 ms] debug_android_application: Starting due to {}
[  +93 ms] [ +102 ms] Manifest contained wildcard assets. Inserting missing file into build graph to force rerun. for more information see #56466.
[ +100 ms] [   +3 ms] shaderc command: [/opt/homebrew/share/flutter/bin/cache/artifacts/engine/darwin-x64/impellerc, --sksl, --runtime-stage-gles, --runtime-stage-gles3, --runtime-stage-vulkan, --iplr, --sl=/Users/florian/Code/substitution/build/app/intermediates/flutter/debug/flutter_assets/shaders/ink_sparkle.frag, --spirv=/Users/florian/Code/substitution/build/app/intermediates/flutter/debug/flutter_assets/shaders/ink_sparkle.frag.spirv, --input=/opt/homebrew/share/flutter/packages/flutter/lib/src/material/shaders/ink_sparkle.frag, --input-type=frag, --include=/opt/homebrew/share/flutter/packages/flutter/lib/src/material/shaders, --include=/opt/homebrew/share/flutter/bin/cache/artifacts/engine/darwin-x64/shader_lib]
[        ] [        ] shaderc command: [/opt/homebrew/share/flutter/bin/cache/artifacts/engine/darwin-x64/impellerc, --sksl, --runtime-stage-gles, --runtime-stage-gles3, --runtime-stage-vulkan, --iplr, --sl=/Users/florian/Code/substitution/build/app/intermediates/flutter/debug/flutter_assets/shaders/stretch_effect.frag, --spirv=/Users/florian/Code/substitution/build/app/intermediates/flutter/debug/flutter_assets/shaders/stretch_effect.frag.spirv, --input=/opt/homebrew/share/flutter/packages/flutter/lib/src/material/shaders/stretch_effect.frag, --input-type=frag, --include=/opt/homebrew/share/flutter/packages/flutter/lib/src/material/shaders, --include=/opt/homebrew/share/flutter/bin/cache/artifacts/engine/darwin-x64/shader_lib]
[ +303 ms] [ +326 ms] debug_android_application: Complete
14:56 +12 -31: loading /Users/florian/Code/substitution/integration_test/post_creation_with_matrix_test.dart                                                                                           [ +899 ms] [ +960 ms] Persisting file store
[ +100 ms] [   +7 ms] Done persisting file store
[        ] [  +19 ms] build succeeded.
[        ] [   +4 ms] "flutter assemble" took 9.843ms.
[        ] [   +2 ms] executing: sw_vers -productName
[        ] [   +9 ms] Exit code 0 from: sw_vers -productName
[        ] [        ] macOS
[        ] [        ] executing: sw_vers -productVersion
[        ] [   +8 ms] Exit code 0 from: sw_vers -productVersion
[        ] [        ] 26.1
[        ] [        ] executing: sw_vers -buildVersion
[        ] [   +7 ms] Exit code 0 from: sw_vers -buildVersion
[        ] [        ] 25B78
[        ] [        ] executing: uname -m
[        ] [   +2 ms] Exit code 0 from: uname -m
[        ] [        ] arm64
[        ] [  +22 ms] Running 1 shutdown hook
[        ] [        ] Shutdown hooks complete
14:57 +12 -31: loading /Users/florian/Code/substitution/integration_test/post_creation_with_matrix_test.dart                                                                                           [ +101 ms] [  +54 ms] exiting with code 0
[  +98 ms] Resolve mutations for :app:packJniLibsflutterBuildDebug (Thread[#43671,Execution worker Thread 28,5,main]) started.
[        ] :app:packJniLibsflutterBuildDebug (Thread[#43671,Execution worker Thread 28,5,main]) started.
[        ] > Task :app:packJniLibsflutterBuildDebug UP-TO-DATE
[        ] Caching disabled for task ':app:packJniLibsflutterBuildDebug' because:
[        ]   Build cache is disabled
[        ]   Not worth caching
[        ] Skipping task ':app:packJniLibsflutterBuildDebug' as it is up-to-date.
[        ] Resolve mutations for :connectivity_plus:preBuild (Thread[#43671,Execution worker Thread 28,5,main]) started.
[        ] :connectivity_plus:preBuild (Thread[#43671,Execution worker Thread 28,5,main]) started.
[        ] > Task :connectivity_plus:preBuild UP-TO-DATE
[        ] Skipping task ':connectivity_plus:preBuild' as it has no actions.
[        ] Resolve mutations for :connectivity_plus:preDebugBuild (Thread[#43671,Execution worker Thread 28,5,main]) started.
[        ] :connectivity_plus:preDebugBuild (Thread[#43649,Execution worker Thread 7,5,main]) started.
[        ] > Task :connectivity_plus:preDebugBuild UP-TO-DATE
[        ] Skipping task ':connectivity_plus:preDebugBuild' as it has no actions.
[        ] Resolve mutations for :connectivity_plus:writeDebugAarMetadata (Thread[#43649,Execution worker Thread 7,5,main]) started.
[        ] :connectivity_plus:writeDebugAarMetadata (Thread[#43649,Execution worker Thread 7,5,main]) started.
[        ] > Task :connectivity_plus:writeDebugAarMetadata UP-TO-DATE
[        ] Caching disabled for task ':connectivity_plus:writeDebugAarMetadata' because:
[        ]   Build cache is disabled
[        ]   Caching has been disabled for the task
[        ] Skipping task ':connectivity_plus:writeDebugAarMetadata' as it is up-to-date.
[        ] work action resolve aar-metadata.properties (project :connectivity_plus) (Thread[#43649,Execution worker Thread 7,5,main]) started.
[        ] Resolve mutations for :emoji_picker_flutter:preBuild (Thread[#43649,Execution worker Thread 7,5,main]) started.
[        ] :emoji_picker_flutter:preBuild (Thread[#43649,Execution worker Thread 7,5,main]) started.
[        ] > Task :emoji_picker_flutter:preBuild UP-TO-DATE
[        ] Skipping task ':emoji_picker_flutter:preBuild' as it has no actions.
[        ] Resolve mutations for :emoji_picker_flutter:preDebugBuild (Thread[#43649,Execution worker Thread 7,5,main]) started.
[        ] :emoji_picker_flutter:preDebugBuild (Thread[#43649,Execution worker Thread 7,5,main]) started.
[        ] > Task :emoji_picker_flutter:preDebugBuild UP-TO-DATE
[        ] Skipping task ':emoji_picker_flutter:preDebugBuild' as it has no actions.
[        ] Resolve mutations for :emoji_picker_flutter:writeDebugAarMetadata (Thread[#43649,Execution worker Thread 7,5,main]) started.
[        ] :emoji_picker_flutter:writeDebugAarMetadata (Thread[#43649,Execution worker Thread 7,5,main]) started.
[        ] > Task :emoji_picker_flutter:writeDebugAarMetadata UP-TO-DATE
[        ] Caching disabled for task ':emoji_picker_flutter:writeDebugAarMetadata' because:
[        ]   Build cache is disabled
[        ]   Caching has been disabled for the task
[        ] Skipping task ':emoji_picker_flutter:writeDebugAarMetadata' as it is up-to-date.
[        ] work action resolve aar-metadata.properties (project :emoji_picker_flutter) (Thread[#43649,Execution worker Thread 7,5,main]) started.
[        ] Resolve mutations for :file_selector_android:preBuild (Thread[#43649,Execution worker Thread 7,5,main]) started.
[        ] :file_selector_android:preBuild (Thread[#43649,Execution worker Thread 7,5,main]) started.
[        ] > Task :file_selector_android:preBuild UP-TO-DATE
[        ] Skipping task ':file_selector_android:preBuild' as it has no actions.
[        ] Resolve mutations for :file_selector_android:preDebugBuild (Thread[#43649,Execution worker Thread 7,5,main]) started.
[        ] :file_selector_android:preDebugBuild (Thread[#43649,Execution worker Thread 7,5,main]) started.
[        ] > Task :file_selector_android:preDebugBuild UP-TO-DATE
[        ] Skipping task ':file_selector_android:preDebugBuild' as it has no actions.
[        ] Resolve mutations for :file_selector_android:writeDebugAarMetadata (Thread[#43649,Execution worker Thread 7,5,main]) started.
[        ] :file_selector_android:writeDebugAarMetadata (Thread[#43649,Execution worker Thread 7,5,main]) started.
[        ] > Task :file_selector_android:writeDebugAarMetadata UP-TO-DATE
[        ] Caching disabled for task ':file_selector_android:writeDebugAarMetadata' because:
[        ]   Build cache is disabled
[        ]   Caching has been disabled for the task
[        ] Skipping task ':file_selector_android:writeDebugAarMetadata' as it is up-to-date.
[        ] work action resolve aar-metadata.properties (project :file_selector_android) (Thread[#43649,Execution worker Thread 7,5,main]) started.
[        ] Resolve mutations for :flutter_keyboard_visibility_temp_fork:preBuild (Thread[#43649,Execution worker Thread 7,5,main]) started.
[        ] :flutter_keyboard_visibility_temp_fork:preBuild (Thread[#43649,Execution worker Thread 7,5,main]) started.
[        ] > Task :flutter_keyboard_visibility_temp_fork:preBuild UP-TO-DATE
[        ] Skipping task ':flutter_keyboard_visibility_temp_fork:preBuild' as it has no actions.
[        ] Resolve mutations for :flutter_keyboard_visibility_temp_fork:preDebugBuild (Thread[#43649,Execution worker Thread 7,5,main]) started.
[        ] :flutter_keyboard_visibility_temp_fork:preDebugBuild (Thread[#43649,Execution worker Thread 7,5,main]) started.
[        ] > Task :flutter_keyboard_visibility_temp_fork:preDebugBuild UP-TO-DATE
[        ] Skipping task ':flutter_keyboard_visibility_temp_fork:preDebugBuild' as it has no actions.
[        ] Resolve mutations for :flutter_keyboard_visibility_temp_fork:writeDebugAarMetadata (Thread[#43649,Execution worker Thread 7,5,main]) started.
[        ] :flutter_keyboard_visibility_temp_fork:writeDebugAarMetadata (Thread[#43649,Execution worker Thread 7,5,main]) started.
[        ] > Task :flutter_keyboard_visibility_temp_fork:writeDebugAarMetadata UP-TO-DATE
[        ] Caching disabled for task ':flutter_keyboard_visibility_temp_fork:writeDebugAarMetadata' because:
[        ]   Build cache is disabled
[        ]   Caching has been disabled for the task
[        ] Skipping task ':flutter_keyboard_visibility_temp_fork:writeDebugAarMetadata' as it is up-to-date.
[        ] work action resolve aar-metadata.properties (project :flutter_keyboard_visibility_temp_fork) (Thread[#43649,Execution worker Thread 7,5,main]) started.
[        ] Resolve mutations for :flutter_native_splash:preBuild (Thread[#43649,Execution worker Thread 7,5,main]) started.
[        ] :flutter_native_splash:preBuild (Thread[#43649,Execution worker Thread 7,5,main]) started.
[        ] > Task :flutter_native_splash:preBuild UP-TO-DATE
[        ] Skipping task ':flutter_native_splash:preBuild' as it has no actions.
[        ] Resolve mutations for :flutter_native_splash:preDebugBuild (Thread[#43649,Execution worker Thread 7,5,main]) started.
[        ] :flutter_native_splash:preDebugBuild (Thread[#43649,Execution worker Thread 7,5,main]) started.
[        ] > Task :flutter_native_splash:preDebugBuild UP-TO-DATE
[        ] Skipping task ':flutter_native_splash:preDebugBuild' as it has no actions.
[        ] Resolve mutations for :flutter_native_splash:writeDebugAarMetadata (Thread[#43649,Execution worker Thread 7,5,main]) started.
[        ] :flutter_native_splash:writeDebugAarMetadata (Thread[#43649,Execution worker Thread 7,5,main]) started.
[        ] > Task :flutter_native_splash:writeDebugAarMetadata UP-TO-DATE
[        ] Caching disabled for task ':flutter_native_splash:writeDebugAarMetadata' because:
[        ]   Build cache is disabled
[        ]   Caching has been disabled for the task
[        ] Skipping task ':flutter_native_splash:writeDebugAarMetadata' as it is up-to-date.
[        ] work action resolve aar-metadata.properties (project :flutter_native_splash) (Thread[#43649,Execution worker Thread 7,5,main]) started.
[        ] Resolve mutations for :flutter_olm:preBuild (Thread[#43649,Execution worker Thread 7,5,main]) started.
[        ] :flutter_olm:preBuild (Thread[#43649,Execution worker Thread 7,5,main]) started.
[        ] > Task :flutter_olm:preBuild UP-TO-DATE
[        ] Skipping task ':flutter_olm:preBuild' as it has no actions.
[        ] Resolve mutations for :flutter_olm:preDebugBuild (Thread[#43649,Execution worker Thread 7,5,main]) started.
[        ] :flutter_olm:preDebugBuild (Thread[#43649,Execution worker Thread 7,5,main]) started.
[        ] > Task :flutter_olm:preDebugBuild UP-TO-DATE
[        ] Skipping task ':flutter_olm:preDebugBuild' as it has no actions.
[        ] Resolve mutations for :flutter_olm:writeDebugAarMetadata (Thread[#43649,Execution worker Thread 7,5,main]) started.
[        ] :flutter_olm:writeDebugAarMetadata (Thread[#43649,Execution worker Thread 7,5,main]) started.
[        ] > Task :flutter_olm:writeDebugAarMetadata UP-TO-DATE
[        ] Caching disabled for task ':flutter_olm:writeDebugAarMetadata' because:
[        ]   Build cache is disabled
[        ]   Caching has been disabled for the task
[        ] Skipping task ':flutter_olm:writeDebugAarMetadata' as it is up-to-date.
[        ] work action resolve aar-metadata.properties (project :flutter_olm) (Thread[#43649,Execution worker Thread 7,5,main]) started.
[        ] Resolve mutations for :flutter_openssl_crypto:preBuild (Thread[#43649,Execution worker Thread 7,5,main]) started.
[        ] :flutter_openssl_crypto:preBuild (Thread[#43649,Execution worker Thread 7,5,main]) started.
[        ] > Task :flutter_openssl_crypto:preBuild UP-TO-DATE
[        ] Skipping task ':flutter_openssl_crypto:preBuild' as it has no actions.
[        ] Resolve mutations for :flutter_openssl_crypto:preDebugBuild (Thread[#43649,Execution worker Thread 7,5,main]) started.
[        ] :flutter_openssl_crypto:preDebugBuild (Thread[#43649,Execution worker Thread 7,5,main]) started.
[        ] > Task :flutter_openssl_crypto:preDebugBuild UP-TO-DATE
[        ] Skipping task ':flutter_openssl_crypto:preDebugBuild' as it has no actions.
[        ] Resolve mutations for :flutter_openssl_crypto:writeDebugAarMetadata (Thread[#43649,Execution worker Thread 7,5,main]) started.
[        ] :flutter_openssl_crypto:writeDebugAarMetadata (Thread[#43649,Execution worker Thread 7,5,main]) started.
[        ] > Task :flutter_openssl_crypto:writeDebugAarMetadata UP-TO-DATE
[        ] Caching disabled for task ':flutter_openssl_crypto:writeDebugAarMetadata' because:
[        ]   Build cache is disabled
[        ]   Caching has been disabled for the task
[        ] Skipping task ':flutter_openssl_crypto:writeDebugAarMetadata' as it is up-to-date.
[        ] work action resolve aar-metadata.properties (project :flutter_openssl_crypto) (Thread[#43649,Execution worker Thread 7,5,main]) started.
[        ] Resolve mutations for :integration_test:preBuild (Thread[#43649,Execution worker Thread 7,5,main]) started.
[        ] :integration_test:preBuild (Thread[#43649,Execution worker Thread 7,5,main]) started.
[        ] > Task :integration_test:preBuild UP-TO-DATE
[        ] Skipping task ':integration_test:preBuild' as it has no actions.
[        ] Resolve mutations for :integration_test:preDebugBuild (Thread[#43649,Execution worker Thread 7,5,main]) started.
[        ] :integration_test:preDebugBuild (Thread[#43649,Execution worker Thread 7,5,main]) started.
[        ] > Task :integration_test:preDebugBuild UP-TO-DATE
[        ] Skipping task ':integration_test:preDebugBuild' as it has no actions.
[        ] Resolve mutations for :integration_test:writeDebugAarMetadata (Thread[#43649,Execution worker Thread 7,5,main]) started.
[        ] :integration_test:writeDebugAarMetadata (Thread[#43649,Execution worker Thread 7,5,main]) started.
[        ] > Task :integration_test:writeDebugAarMetadata UP-TO-DATE
[        ] Caching disabled for task ':integration_test:writeDebugAarMetadata' because:
[        ]   Build cache is disabled
[        ]   Caching has been disabled for the task
[        ] Skipping task ':integration_test:writeDebugAarMetadata' as it is up-to-date.
[        ] work action resolve aar-metadata.properties (project :integration_test) (Thread[#43649,Execution worker Thread 7,5,main]) started.
[        ] Resolve mutations for :path_provider_android:preBuild (Thread[#43649,Execution worker Thread 7,5,main]) started.
[        ] :path_provider_android:preBuild (Thread[#43661,Execution worker Thread 18,5,main]) started.
[        ] > Task :path_provider_android:preBuild UP-TO-DATE
[        ] Skipping task ':path_provider_android:preBuild' as it has no actions.
[        ] Resolve mutations for :path_provider_android:preDebugBuild (Thread[#43661,Execution worker Thread 18,5,main]) started.
[        ] :path_provider_android:preDebugBuild (Thread[#43661,Execution worker Thread 18,5,main]) started.
[        ] > Task :path_provider_android:preDebugBuild UP-TO-DATE
[        ] Skipping task ':path_provider_android:preDebugBuild' as it has no actions.
[        ] Resolve mutations for :path_provider_android:writeDebugAarMetadata (Thread[#43661,Execution worker Thread 18,5,main]) started.
[        ] :path_provider_android:writeDebugAarMetadata (Thread[#43661,Execution worker Thread 18,5,main]) started.
[        ] > Task :path_provider_android:writeDebugAarMetadata UP-TO-DATE
[        ] Caching disabled for task ':path_provider_android:writeDebugAarMetadata' because:
[        ]   Build cache is disabled
[        ]   Caching has been disabled for the task
[        ] Skipping task ':path_provider_android:writeDebugAarMetadata' as it is up-to-date.
[        ] work action resolve aar-metadata.properties (project :path_provider_android) (Thread[#43661,Execution worker Thread 18,5,main]) started.
[        ] Resolve mutations for :quill_native_bridge_android:preBuild (Thread[#43661,Execution worker Thread 18,5,main]) started.
[        ] :quill_native_bridge_android:preBuild (Thread[#43666,Execution worker Thread 23,5,main]) started.
[        ] > Task :quill_native_bridge_android:preBuild UP-TO-DATE
[        ] Skipping task ':quill_native_bridge_android:preBuild' as it has no actions.
[        ] Resolve mutations for :quill_native_bridge_android:preDebugBuild (Thread[#43666,Execution worker Thread 23,5,main]) started.
[        ] :quill_native_bridge_android:preDebugBuild (Thread[#43666,Execution worker Thread 23,5,main]) started.
[        ] > Task :quill_native_bridge_android:preDebugBuild UP-TO-DATE
[        ] Skipping task ':quill_native_bridge_android:preDebugBuild' as it has no actions.
[        ] Resolve mutations for :quill_native_bridge_android:writeDebugAarMetadata (Thread[#43666,Execution worker Thread 23,5,main]) started.
[        ] :quill_native_bridge_android:writeDebugAarMetadata (Thread[#43666,Execution worker Thread 23,5,main]) started.
[        ] > Task :quill_native_bridge_android:writeDebugAarMetadata UP-TO-DATE
[        ] Caching disabled for task ':quill_native_bridge_android:writeDebugAarMetadata' because:
[        ]   Build cache is disabled
[        ]   Caching has been disabled for the task
[        ] Skipping task ':quill_native_bridge_android:writeDebugAarMetadata' as it is up-to-date.
[        ] work action resolve aar-metadata.properties (project :quill_native_bridge_android) (Thread[#43666,Execution worker Thread 23,5,main]) started.
[        ] Resolve mutations for :shared_preferences_android:preBuild (Thread[#43666,Execution worker Thread 23,5,main]) started.
[        ] :shared_preferences_android:preBuild (Thread[#43666,Execution worker Thread 23,5,main]) started.
[        ] > Task :shared_preferences_android:preBuild UP-TO-DATE
[        ] Skipping task ':shared_preferences_android:preBuild' as it has no actions.
[        ] Resolve mutations for :shared_preferences_android:preDebugBuild (Thread[#43666,Execution worker Thread 23,5,main]) started.
[        ] :shared_preferences_android:preDebugBuild (Thread[#43666,Execution worker Thread 23,5,main]) started.
[        ] > Task :shared_preferences_android:preDebugBuild UP-TO-DATE
[        ] Skipping task ':shared_preferences_android:preDebugBuild' as it has no actions.
[        ] Resolve mutations for :shared_preferences_android:writeDebugAarMetadata (Thread[#43666,Execution worker Thread 23,5,main]) started.
[        ] :shared_preferences_android:writeDebugAarMetadata (Thread[#43666,Execution worker Thread 23,5,main]) started.
[        ] > Task :shared_preferences_android:writeDebugAarMetadata UP-TO-DATE
[        ] Caching disabled for task ':shared_preferences_android:writeDebugAarMetadata' because:
[        ]   Build cache is disabled
[        ]   Caching has been disabled for the task
[        ] Skipping task ':shared_preferences_android:writeDebugAarMetadata' as it is up-to-date.
[        ] work action resolve aar-metadata.properties (project :shared_preferences_android) (Thread[#43666,Execution worker Thread 23,5,main]) started.
[        ] Resolve mutations for :sqflite_android:preBuild (Thread[#43666,Execution worker Thread 23,5,main]) started.
[        ] :sqflite_android:preBuild (Thread[#43666,Execution worker Thread 23,5,main]) started.
[        ] > Task :sqflite_android:preBuild UP-TO-DATE
[        ] Skipping task ':sqflite_android:preBuild' as it has no actions.
[        ] Resolve mutations for :sqflite_android:preDebugBuild (Thread[#43666,Execution worker Thread 23,5,main]) started.
[        ] :sqflite_android:preDebugBuild (Thread[#43666,Execution worker Thread 23,5,main]) started.
[        ] > Task :sqflite_android:preDebugBuild UP-TO-DATE
[        ] Skipping task ':sqflite_android:preDebugBuild' as it has no actions.
[        ] Resolve mutations for :sqflite_android:writeDebugAarMetadata (Thread[#43666,Execution worker Thread 23,5,main]) started.
[        ] :sqflite_android:writeDebugAarMetadata (Thread[#43666,Execution worker Thread 23,5,main]) started.
[        ] > Task :sqflite_android:writeDebugAarMetadata UP-TO-DATE
[        ] Caching disabled for task ':sqflite_android:writeDebugAarMetadata' because:
[        ]   Build cache is disabled
[        ]   Caching has been disabled for the task
[        ] Skipping task ':sqflite_android:writeDebugAarMetadata' as it is up-to-date.
[        ] work action resolve aar-metadata.properties (project :sqflite_android) (Thread[#43666,Execution worker Thread 23,5,main]) started.
[        ] Resolve mutations for :url_launcher_android:preBuild (Thread[#43666,Execution worker Thread 23,5,main]) started.
[        ] :url_launcher_android:preBuild (Thread[#43666,Execution worker Thread 23,5,main]) started.
[        ] > Task :url_launcher_android:preBuild UP-TO-DATE
[        ] Skipping task ':url_launcher_android:preBuild' as it has no actions.
[        ] Resolve mutations for :url_launcher_android:preDebugBuild (Thread[#43666,Execution worker Thread 23,5,main]) started.
[        ] :url_launcher_android:preDebugBuild (Thread[#43666,Execution worker Thread 23,5,main]) started.
[        ] > Task :url_launcher_android:preDebugBuild UP-TO-DATE
[        ] Skipping task ':url_launcher_android:preDebugBuild' as it has no actions.
[        ] Resolve mutations for :url_launcher_android:writeDebugAarMetadata (Thread[#43666,Execution worker Thread 23,5,main]) started.
[        ] :url_launcher_android:writeDebugAarMetadata (Thread[#43666,Execution worker Thread 23,5,main]) started.
[        ] > Task :url_launcher_android:writeDebugAarMetadata UP-TO-DATE
[        ] Caching disabled for task ':url_launcher_android:writeDebugAarMetadata' because:
[        ]   Build cache is disabled
[        ]   Caching has been disabled for the task
[        ] Skipping task ':url_launcher_android:writeDebugAarMetadata' as it is up-to-date.
[        ] work action resolve aar-metadata.properties (project :url_launcher_android) (Thread[#43666,Execution worker Thread 23,5,main]) started.
[        ] Resolve mutations for :video_player_android:preBuild (Thread[#43666,Execution worker Thread 23,5,main]) started.
[        ] :video_player_android:preBuild (Thread[#43671,Execution worker Thread 28,5,main]) started.
[        ] > Task :video_player_android:preBuild UP-TO-DATE
[        ] Skipping task ':video_player_android:preBuild' as it has no actions.
[        ] Resolve mutations for :video_player_android:preDebugBuild (Thread[#43671,Execution worker Thread 28,5,main]) started.
[        ] :video_player_android:preDebugBuild (Thread[#43671,Execution worker Thread 28,5,main]) started.
[        ] > Task :video_player_android:preDebugBuild UP-TO-DATE
[        ] Skipping task ':video_player_android:preDebugBuild' as it has no actions.
[        ] Resolve mutations for :video_player_android:writeDebugAarMetadata (Thread[#43671,Execution worker Thread 28,5,main]) started.
[        ] :video_player_android:writeDebugAarMetadata (Thread[#43671,Execution worker Thread 28,5,main]) started.
[        ] > Task :video_player_android:writeDebugAarMetadata UP-TO-DATE
[        ] Caching disabled for task ':video_player_android:writeDebugAarMetadata' because:
[        ]   Build cache is disabled
[        ]   Caching has been disabled for the task
[        ] Skipping task ':video_player_android:writeDebugAarMetadata' as it is up-to-date.
[        ] work action resolve aar-metadata.properties (project :video_player_android) (Thread[#43671,Execution worker Thread 28,5,main]) started.
[        ] Resolve mutations for :app:checkDebugAarMetadata (Thread[#43671,Execution worker Thread 28,5,main]) started.
[        ] :app:checkDebugAarMetadata (Thread[#43671,Execution worker Thread 28,5,main]) started.
[        ] > Task :app:checkDebugAarMetadata UP-TO-DATE
[        ] Caching disabled for task ':app:checkDebugAarMetadata' because:
[        ]   Build cache is disabled
[        ]   Caching has been disabled for the task
[        ] Skipping task ':app:checkDebugAarMetadata' as it is up-to-date.
[        ] Resolve mutations for :app:cleanMergeDebugAssets (Thread[#43671,Execution worker Thread 28,5,main]) started.
[        ] :app:cleanMergeDebugAssets (Thread[#43671,Execution worker Thread 28,5,main]) started.
[        ] > Task :app:cleanMergeDebugAssets
[        ] Caching disabled for task ':app:cleanMergeDebugAssets' because:
[        ]   Build cache is disabled
[        ] Task ':app:cleanMergeDebugAssets' is not up-to-date because:
[        ]   Task has not declared any outputs despite executing actions.
[        ] Resolve mutations for :app:mergeDebugShaders (Thread[#43671,Execution worker Thread 28,5,main]) started.
[        ] :app:mergeDebugShaders (Thread[#43671,Execution worker Thread 28,5,main]) started.
[        ] > Task :app:mergeDebugShaders UP-TO-DATE
[        ] Caching disabled for task ':app:mergeDebugShaders' because:
[        ]   Build cache is disabled
[        ]   Simple merging task
[        ] Skipping task ':app:mergeDebugShaders' as it is up-to-date.
[        ] Resolve mutations for :app:compileDebugShaders (Thread[#43671,Execution worker Thread 28,5,main]) started.
[        ] :app:compileDebugShaders (Thread[#43671,Execution worker Thread 28,5,main]) started.
[        ] > Task :app:compileDebugShaders NO-SOURCE
[        ] Skipping task ':app:compileDebugShaders' as it has no source files and no previous output files.
[        ] Resolve mutations for :app:generateDebugAssets (Thread[#43671,Execution worker Thread 28,5,main]) started.
[        ] :app:generateDebugAssets (Thread[#43671,Execution worker Thread 28,5,main]) started.
[        ] > Task :app:generateDebugAssets UP-TO-DATE
[        ] Skipping task ':app:generateDebugAssets' as it has no actions.
[        ] Resolve mutations for :connectivity_plus:mergeDebugShaders (Thread[#43671,Execution worker Thread 28,5,main]) started.
[        ] :connectivity_plus:mergeDebugShaders (Thread[#43671,Execution worker Thread 28,5,main]) started.
[        ] > Task :connectivity_plus:mergeDebugShaders UP-TO-DATE
[        ] Caching disabled for task ':connectivity_plus:mergeDebugShaders' because:
[        ]   Build cache is disabled
[        ]   Simple merging task
[        ] Skipping task ':connectivity_plus:mergeDebugShaders' as it is up-to-date.
[        ] Resolve mutations for :connectivity_plus:compileDebugShaders (Thread[#43671,Execution worker Thread 28,5,main]) started.
[        ] :connectivity_plus:compileDebugShaders (Thread[#43671,Execution worker Thread 28,5,main]) started.
[        ] > Task :connectivity_plus:compileDebugShaders NO-SOURCE
[        ] Skipping task ':connectivity_plus:compileDebugShaders' as it has no source files and no previous output files.
[        ] Resolve mutations for :connectivity_plus:generateDebugAssets (Thread[#43671,Execution worker Thread 28,5,main]) started.
[        ] :connectivity_plus:generateDebugAssets (Thread[#43671,Execution worker Thread 28,5,main]) started.
[        ] > Task :connectivity_plus:generateDebugAssets UP-TO-DATE
[        ] Skipping task ':connectivity_plus:generateDebugAssets' as it has no actions.
[        ] Resolve mutations for :connectivity_plus:mergeDebugAssets (Thread[#43671,Execution worker Thread 28,5,main]) started.
[        ] :connectivity_plus:mergeDebugAssets (Thread[#43671,Execution worker Thread 28,5,main]) started.
[        ] > Task :connectivity_plus:mergeDebugAssets UP-TO-DATE
[        ] Caching disabled for task ':connectivity_plus:mergeDebugAssets' because:
[        ]   Build cache is disabled
[        ]   Simple merging task
[        ] Skipping task ':connectivity_plus:mergeDebugAssets' as it is up-to-date.
[        ] work action resolve mergeDebugAssets (project :connectivity_plus) (Thread[#43671,Execution worker Thread 28,5,main]) started.
[        ] Resolve mutations for :emoji_picker_flutter:mergeDebugShaders (Thread[#43671,Execution worker Thread 28,5,main]) started.
[        ] :emoji_picker_flutter:mergeDebugShaders (Thread[#43671,Execution worker Thread 28,5,main]) started.
[        ] > Task :emoji_picker_flutter:mergeDebugShaders UP-TO-DATE
[        ] Caching disabled for task ':emoji_picker_flutter:mergeDebugShaders' because:
[        ]   Build cache is disabled
[        ]   Simple merging task
[        ] Skipping task ':emoji_picker_flutter:mergeDebugShaders' as it is up-to-date.
[        ] Resolve mutations for :emoji_picker_flutter:compileDebugShaders (Thread[#43671,Execution worker Thread 28,5,main]) started.
[        ] :emoji_picker_flutter:compileDebugShaders (Thread[#43671,Execution worker Thread 28,5,main]) started.
[        ] > Task :emoji_picker_flutter:compileDebugShaders NO-SOURCE
[        ] Skipping task ':emoji_picker_flutter:compileDebugShaders' as it has no source files and no previous output files.
[        ] Resolve mutations for :emoji_picker_flutter:generateDebugAssets (Thread[#43671,Execution worker Thread 28,5,main]) started.
[        ] :emoji_picker_flutter:generateDebugAssets (Thread[#43671,Execution worker Thread 28,5,main]) started.
[        ] > Task :emoji_picker_flutter:generateDebugAssets UP-TO-DATE
[        ] Skipping task ':emoji_picker_flutter:generateDebugAssets' as it has no actions.
[        ] Resolve mutations for :emoji_picker_flutter:mergeDebugAssets (Thread[#43671,Execution worker Thread 28,5,main]) started.
[        ] :emoji_picker_flutter:mergeDebugAssets (Thread[#43671,Execution worker Thread 28,5,main]) started.
[        ] > Task :emoji_picker_flutter:mergeDebugAssets UP-TO-DATE
[        ] Caching disabled for task ':emoji_picker_flutter:mergeDebugAssets' because:
[        ]   Build cache is disabled
[        ]   Simple merging task
[        ] Skipping task ':emoji_picker_flutter:mergeDebugAssets' as it is up-to-date.
[        ] work action resolve mergeDebugAssets (project :emoji_picker_flutter) (Thread[#43671,Execution worker Thread 28,5,main]) started.
[        ] Resolve mutations for :file_selector_android:mergeDebugShaders (Thread[#43671,Execution worker Thread 28,5,main]) started.
[        ] :file_selector_android:mergeDebugShaders (Thread[#43671,Execution worker Thread 28,5,main]) started.
[        ] > Task :file_selector_android:mergeDebugShaders UP-TO-DATE
[        ] Caching disabled for task ':file_selector_android:mergeDebugShaders' because:
[        ]   Build cache is disabled
[        ]   Simple merging task
[        ] Skipping task ':file_selector_android:mergeDebugShaders' as it is up-to-date.
[        ] Resolve mutations for :file_selector_android:compileDebugShaders (Thread[#43652,Execution worker Thread 9,5,main]) started.
[        ] :file_selector_android:compileDebugShaders (Thread[#43652,Execution worker Thread 9,5,main]) started.
[        ] > Task :file_selector_android:compileDebugShaders NO-SOURCE
[        ] Skipping task ':file_selector_android:compileDebugShaders' as it has no source files and no previous output files.
[        ] Resolve mutations for :file_selector_android:generateDebugAssets (Thread[#43652,Execution worker Thread 9,5,main]) started.
[        ] :file_selector_android:generateDebugAssets (Thread[#43652,Execution worker Thread 9,5,main]) started.
[        ] > Task :file_selector_android:generateDebugAssets UP-TO-DATE
[        ] Skipping task ':file_selector_android:generateDebugAssets' as it has no actions.
[        ] Resolve mutations for :file_selector_android:mergeDebugAssets (Thread[#43652,Execution worker Thread 9,5,main]) started.
[        ] :file_selector_android:mergeDebugAssets (Thread[#43652,Execution worker Thread 9,5,main]) started.
[        ] > Task :file_selector_android:mergeDebugAssets UP-TO-DATE
[        ] Caching disabled for task ':file_selector_android:mergeDebugAssets' because:
[        ]   Build cache is disabled
[        ]   Simple merging task
[        ] Skipping task ':file_selector_android:mergeDebugAssets' as it is up-to-date.
[        ] work action resolve mergeDebugAssets (project :file_selector_android) (Thread[#43652,Execution worker Thread 9,5,main]) started.
[        ] Resolve mutations for :flutter_keyboard_visibility_temp_fork:mergeDebugShaders (Thread[#43652,Execution worker Thread 9,5,main]) started.
[        ] :flutter_keyboard_visibility_temp_fork:mergeDebugShaders (Thread[#43652,Execution worker Thread 9,5,main]) started.
[        ] > Task :flutter_keyboard_visibility_temp_fork:mergeDebugShaders UP-TO-DATE
[        ] Caching disabled for task ':flutter_keyboard_visibility_temp_fork:mergeDebugShaders' because:
[        ]   Build cache is disabled
[        ]   Simple merging task
[        ] Skipping task ':flutter_keyboard_visibility_temp_fork:mergeDebugShaders' as it is up-to-date.
[        ] Resolve mutations for :flutter_keyboard_visibility_temp_fork:compileDebugShaders (Thread[#43652,Execution worker Thread 9,5,main]) started.
[        ] :flutter_keyboard_visibility_temp_fork:compileDebugShaders (Thread[#43652,Execution worker Thread 9,5,main]) started.
[        ] > Task :flutter_keyboard_visibility_temp_fork:compileDebugShaders NO-SOURCE
[        ] Skipping task ':flutter_keyboard_visibility_temp_fork:compileDebugShaders' as it has no source files and no previous output files.
[        ] Resolve mutations for :flutter_keyboard_visibility_temp_fork:generateDebugAssets (Thread[#43652,Execution worker Thread 9,5,main]) started.
[        ] :flutter_keyboard_visibility_temp_fork:generateDebugAssets (Thread[#43652,Execution worker Thread 9,5,main]) started.
[        ] > Task :flutter_keyboard_visibility_temp_fork:generateDebugAssets UP-TO-DATE
[        ] Skipping task ':flutter_keyboard_visibility_temp_fork:generateDebugAssets' as it has no actions.
[        ] Resolve mutations for :flutter_keyboard_visibility_temp_fork:mergeDebugAssets (Thread[#43652,Execution worker Thread 9,5,main]) started.
[        ] :flutter_keyboard_visibility_temp_fork:mergeDebugAssets (Thread[#43652,Execution worker Thread 9,5,main]) started.
[        ] > Task :flutter_keyboard_visibility_temp_fork:mergeDebugAssets UP-TO-DATE
[        ] Caching disabled for task ':flutter_keyboard_visibility_temp_fork:mergeDebugAssets' because:
[        ]   Build cache is disabled
[        ]   Simple merging task
[        ] Skipping task ':flutter_keyboard_visibility_temp_fork:mergeDebugAssets' as it is up-to-date.
[        ] work action resolve mergeDebugAssets (project :flutter_keyboard_visibility_temp_fork) (Thread[#43652,Execution worker Thread 9,5,main]) started.
[        ] Resolve mutations for :flutter_native_splash:mergeDebugShaders (Thread[#43652,Execution worker Thread 9,5,main]) started.
[        ] :flutter_native_splash:mergeDebugShaders (Thread[#43652,Execution worker Thread 9,5,main]) started.
[        ] > Task :flutter_native_splash:mergeDebugShaders UP-TO-DATE
[        ] Caching disabled for task ':flutter_native_splash:mergeDebugShaders' because:
[        ]   Build cache is disabled
[        ]   Simple merging task
[        ] Skipping task ':flutter_native_splash:mergeDebugShaders' as it is up-to-date.
[        ] Resolve mutations for :flutter_native_splash:compileDebugShaders (Thread[#43652,Execution worker Thread 9,5,main]) started.
[        ] :flutter_native_splash:compileDebugShaders (Thread[#43652,Execution worker Thread 9,5,main]) started.
[        ] > Task :flutter_native_splash:compileDebugShaders NO-SOURCE
[        ] Skipping task ':flutter_native_splash:compileDebugShaders' as it has no source files and no previous output files.
[        ] Resolve mutations for :flutter_native_splash:generateDebugAssets (Thread[#43652,Execution worker Thread 9,5,main]) started.
[        ] :flutter_native_splash:generateDebugAssets (Thread[#43652,Execution worker Thread 9,5,main]) started.
[        ] > Task :flutter_native_splash:generateDebugAssets UP-TO-DATE
[        ] Skipping task ':flutter_native_splash:generateDebugAssets' as it has no actions.
[        ] Resolve mutations for :flutter_native_splash:mergeDebugAssets (Thread[#43652,Execution worker Thread 9,5,main]) started.
[        ] :flutter_native_splash:mergeDebugAssets (Thread[#43652,Execution worker Thread 9,5,main]) started.
[        ] > Task :flutter_native_splash:mergeDebugAssets UP-TO-DATE
[        ] Caching disabled for task ':flutter_native_splash:mergeDebugAssets' because:
[        ]   Build cache is disabled
[        ]   Simple merging task
[        ] Skipping task ':flutter_native_splash:mergeDebugAssets' as it is up-to-date.
[        ] work action resolve mergeDebugAssets (project :flutter_native_splash) (Thread[#43652,Execution worker Thread 9,5,main]) started.
[        ] Resolve mutations for :flutter_olm:mergeDebugShaders (Thread[#43652,Execution worker Thread 9,5,main]) started.
[        ] :flutter_olm:mergeDebugShaders (Thread[#43652,Execution worker Thread 9,5,main]) started.
[        ] > Task :flutter_olm:mergeDebugShaders UP-TO-DATE
[        ] Caching disabled for task ':flutter_olm:mergeDebugShaders' because:
[        ]   Build cache is disabled
[        ]   Simple merging task
[        ] Skipping task ':flutter_olm:mergeDebugShaders' as it is up-to-date.
[        ] Resolve mutations for :flutter_olm:compileDebugShaders (Thread[#43652,Execution worker Thread 9,5,main]) started.
[        ] :flutter_olm:compileDebugShaders (Thread[#43652,Execution worker Thread 9,5,main]) started.
[        ] > Task :flutter_olm:compileDebugShaders NO-SOURCE
[        ] Skipping task ':flutter_olm:compileDebugShaders' as it has no source files and no previous output files.
[        ] Resolve mutations for :flutter_olm:generateDebugAssets (Thread[#43652,Execution worker Thread 9,5,main]) started.
[        ] :flutter_olm:generateDebugAssets (Thread[#43652,Execution worker Thread 9,5,main]) started.
[        ] > Task :flutter_olm:generateDebugAssets UP-TO-DATE
[        ] Skipping task ':flutter_olm:generateDebugAssets' as it has no actions.
[        ] Resolve mutations for :flutter_olm:mergeDebugAssets (Thread[#43652,Execution worker Thread 9,5,main]) started.
[        ] :flutter_olm:mergeDebugAssets (Thread[#43652,Execution worker Thread 9,5,main]) started.
[        ] > Task :flutter_olm:mergeDebugAssets UP-TO-DATE
[        ] Caching disabled for task ':flutter_olm:mergeDebugAssets' because:
[        ]   Build cache is disabled
[        ]   Simple merging task
[        ] Skipping task ':flutter_olm:mergeDebugAssets' as it is up-to-date.
[        ] work action resolve mergeDebugAssets (project :flutter_olm) (Thread[#43652,Execution worker Thread 9,5,main]) started.
[        ] Resolve mutations for :flutter_openssl_crypto:mergeDebugShaders (Thread[#43652,Execution worker Thread 9,5,main]) started.
[        ] :flutter_openssl_crypto:mergeDebugShaders (Thread[#43652,Execution worker Thread 9,5,main]) started.
[        ] > Task :flutter_openssl_crypto:mergeDebugShaders UP-TO-DATE
[        ] Caching disabled for task ':flutter_openssl_crypto:mergeDebugShaders' because:
[        ]   Build cache is disabled
[        ]   Simple merging task
[        ] Skipping task ':flutter_openssl_crypto:mergeDebugShaders' as it is up-to-date.
[        ] Resolve mutations for :flutter_openssl_crypto:compileDebugShaders (Thread[#43652,Execution worker Thread 9,5,main]) started.
[        ] :flutter_openssl_crypto:compileDebugShaders (Thread[#43652,Execution worker Thread 9,5,main]) started.
[        ] > Task :flutter_openssl_crypto:compileDebugShaders NO-SOURCE
[        ] Skipping task ':flutter_openssl_crypto:compileDebugShaders' as it has no source files and no previous output files.
[        ] Resolve mutations for :flutter_openssl_crypto:generateDebugAssets (Thread[#43652,Execution worker Thread 9,5,main]) started.
[        ] :flutter_openssl_crypto:generateDebugAssets (Thread[#43652,Execution worker Thread 9,5,main]) started.
[        ] > Task :flutter_openssl_crypto:generateDebugAssets UP-TO-DATE
[        ] Skipping task ':flutter_openssl_crypto:generateDebugAssets' as it has no actions.
[        ] Resolve mutations for :flutter_openssl_crypto:mergeDebugAssets (Thread[#43652,Execution worker Thread 9,5,main]) started.
[        ] :flutter_openssl_crypto:mergeDebugAssets (Thread[#43652,Execution worker Thread 9,5,main]) started.
[        ] > Task :flutter_openssl_crypto:mergeDebugAssets UP-TO-DATE
[        ] Caching disabled for task ':flutter_openssl_crypto:mergeDebugAssets' because:
[        ]   Build cache is disabled
[        ]   Simple merging task
[        ] Skipping task ':flutter_openssl_crypto:mergeDebugAssets' as it is up-to-date.
[        ] work action resolve mergeDebugAssets (project :flutter_openssl_crypto) (Thread[#43652,Execution worker Thread 9,5,main]) started.
[        ] Resolve mutations for :integration_test:mergeDebugShaders (Thread[#43652,Execution worker Thread 9,5,main]) started.
[        ] :integration_test:mergeDebugShaders (Thread[#43652,Execution worker Thread 9,5,main]) started.
[        ] > Task :integration_test:mergeDebugShaders UP-TO-DATE
[        ] Caching disabled for task ':integration_test:mergeDebugShaders' because:
[        ]   Build cache is disabled
[        ]   Simple merging task
[        ] Skipping task ':integration_test:mergeDebugShaders' as it is up-to-date.
[        ] Resolve mutations for :integration_test:compileDebugShaders (Thread[#43652,Execution worker Thread 9,5,main]) started.
[        ] :integration_test:compileDebugShaders (Thread[#43652,Execution worker Thread 9,5,main]) started.
[        ] > Task :integration_test:compileDebugShaders NO-SOURCE
[        ] Skipping task ':integration_test:compileDebugShaders' as it has no source files and no previous output files.
[        ] Resolve mutations for :integration_test:generateDebugAssets (Thread[#43652,Execution worker Thread 9,5,main]) started.
[        ] :integration_test:generateDebugAssets (Thread[#43652,Execution worker Thread 9,5,main]) started.
[        ] > Task :integration_test:generateDebugAssets UP-TO-DATE
[        ] Skipping task ':integration_test:generateDebugAssets' as it has no actions.
[        ] Resolve mutations for :integration_test:mergeDebugAssets (Thread[#43652,Execution worker Thread 9,5,main]) started.
[        ] :integration_test:mergeDebugAssets (Thread[#43652,Execution worker Thread 9,5,main]) started.
[        ] > Task :integration_test:mergeDebugAssets UP-TO-DATE
[        ] Caching disabled for task ':integration_test:mergeDebugAssets' because:
[        ]   Build cache is disabled
[        ]   Simple merging task
[        ] Skipping task ':integration_test:mergeDebugAssets' as it is up-to-date.
[        ] work action resolve mergeDebugAssets (project :integration_test) (Thread[#43652,Execution worker Thread 9,5,main]) started.
[        ] Resolve mutations for :path_provider_android:mergeDebugShaders (Thread[#43652,Execution worker Thread 9,5,main]) started.
[        ] :path_provider_android:mergeDebugShaders (Thread[#43652,Execution worker Thread 9,5,main]) started.
[        ] > Task :path_provider_android:mergeDebugShaders UP-TO-DATE
[        ] Caching disabled for task ':path_provider_android:mergeDebugShaders' because:
[        ]   Build cache is disabled
[        ]   Simple merging task
[        ] Skipping task ':path_provider_android:mergeDebugShaders' as it is up-to-date.
[        ] Resolve mutations for :path_provider_android:compileDebugShaders (Thread[#43652,Execution worker Thread 9,5,main]) started.
[        ] :path_provider_android:compileDebugShaders (Thread[#43652,Execution worker Thread 9,5,main]) started.
[        ] > Task :path_provider_android:compileDebugShaders NO-SOURCE
[        ] Skipping task ':path_provider_android:compileDebugShaders' as it has no source files and no previous output files.
[        ] Resolve mutations for :path_provider_android:generateDebugAssets (Thread[#43652,Execution worker Thread 9,5,main]) started.
[        ] :path_provider_android:generateDebugAssets (Thread[#43652,Execution worker Thread 9,5,main]) started.
[        ] > Task :path_provider_android:generateDebugAssets UP-TO-DATE
[        ] Skipping task ':path_provider_android:generateDebugAssets' as it has no actions.
[        ] Resolve mutations for :path_provider_android:mergeDebugAssets (Thread[#43652,Execution worker Thread 9,5,main]) started.
[        ] :path_provider_android:mergeDebugAssets (Thread[#43652,Execution worker Thread 9,5,main]) started.
[        ] > Task :path_provider_android:mergeDebugAssets UP-TO-DATE
[        ] Caching disabled for task ':path_provider_android:mergeDebugAssets' because:
[        ]   Build cache is disabled
[        ]   Simple merging task
[        ] Skipping task ':path_provider_android:mergeDebugAssets' as it is up-to-date.
[        ] work action resolve mergeDebugAssets (project :path_provider_android) (Thread[#43652,Execution worker Thread 9,5,main]) started.
[        ] Resolve mutations for :quill_native_bridge_android:mergeDebugShaders (Thread[#43652,Execution worker Thread 9,5,main]) started.
[        ] :quill_native_bridge_android:mergeDebugShaders (Thread[#43652,Execution worker Thread 9,5,main]) started.
[        ] > Task :quill_native_bridge_android:mergeDebugShaders UP-TO-DATE
[        ] Caching disabled for task ':quill_native_bridge_android:mergeDebugShaders' because:
[        ]   Build cache is disabled
[        ]   Simple merging task
[        ] Skipping task ':quill_native_bridge_android:mergeDebugShaders' as it is up-to-date.
[        ] Resolve mutations for :quill_native_bridge_android:compileDebugShaders (Thread[#43652,Execution worker Thread 9,5,main]) started.
[        ] :quill_native_bridge_android:compileDebugShaders (Thread[#43652,Execution worker Thread 9,5,main]) started.
[        ] > Task :quill_native_bridge_android:compileDebugShaders NO-SOURCE
[        ] Skipping task ':quill_native_bridge_android:compileDebugShaders' as it has no source files and no previous output files.
[        ] Resolve mutations for :quill_native_bridge_android:generateDebugAssets (Thread[#43652,Execution worker Thread 9,5,main]) started.
[        ] :quill_native_bridge_android:generateDebugAssets (Thread[#43652,Execution worker Thread 9,5,main]) started.
[        ] > Task :quill_native_bridge_android:generateDebugAssets UP-TO-DATE
[        ] Skipping task ':quill_native_bridge_android:generateDebugAssets' as it has no actions.
[        ] Resolve mutations for :quill_native_bridge_android:mergeDebugAssets (Thread[#43652,Execution worker Thread 9,5,main]) started.
[        ] :quill_native_bridge_android:mergeDebugAssets (Thread[#43652,Execution worker Thread 9,5,main]) started.
[        ] > Task :quill_native_bridge_android:mergeDebugAssets UP-TO-DATE
[        ] Caching disabled for task ':quill_native_bridge_android:mergeDebugAssets' because:
[        ]   Build cache is disabled
[        ]   Simple merging task
[        ] Skipping task ':quill_native_bridge_android:mergeDebugAssets' as it is up-to-date.
[        ] work action resolve mergeDebugAssets (project :quill_native_bridge_android) (Thread[#43652,Execution worker Thread 9,5,main]) started.
[        ] Resolve mutations for :shared_preferences_android:mergeDebugShaders (Thread[#43652,Execution worker Thread 9,5,main]) started.
[        ] :shared_preferences_android:mergeDebugShaders (Thread[#43652,Execution worker Thread 9,5,main]) started.
[        ] > Task :shared_preferences_android:mergeDebugShaders UP-TO-DATE
[        ] Caching disabled for task ':shared_preferences_android:mergeDebugShaders' because:
[        ]   Build cache is disabled
[        ]   Simple merging task
[        ] Skipping task ':shared_preferences_android:mergeDebugShaders' as it is up-to-date.
[        ] Resolve mutations for :shared_preferences_android:compileDebugShaders (Thread[#43652,Execution worker Thread 9,5,main]) started.
[        ] :shared_preferences_android:compileDebugShaders (Thread[#43652,Execution worker Thread 9,5,main]) started.
[        ] > Task :shared_preferences_android:compileDebugShaders NO-SOURCE
[        ] Skipping task ':shared_preferences_android:compileDebugShaders' as it has no source files and no previous output files.
[        ] Resolve mutations for :shared_preferences_android:generateDebugAssets (Thread[#43652,Execution worker Thread 9,5,main]) started.
[        ] :shared_preferences_android:generateDebugAssets (Thread[#43652,Execution worker Thread 9,5,main]) started.
[        ] > Task :shared_preferences_android:generateDebugAssets UP-TO-DATE
[        ] Skipping task ':shared_preferences_android:generateDebugAssets' as it has no actions.
[        ] Resolve mutations for :shared_preferences_android:mergeDebugAssets (Thread[#43652,Execution worker Thread 9,5,main]) started.
[        ] :shared_preferences_android:mergeDebugAssets (Thread[#43652,Execution worker Thread 9,5,main]) started.
[        ] > Task :shared_preferences_android:mergeDebugAssets UP-TO-DATE
[        ] Caching disabled for task ':shared_preferences_android:mergeDebugAssets' because:
[        ]   Build cache is disabled
[        ]   Simple merging task
[        ] Skipping task ':shared_preferences_android:mergeDebugAssets' as it is up-to-date.
[        ] work action resolve mergeDebugAssets (project :shared_preferences_android) (Thread[#43652,Execution worker Thread 9,5,main]) started.
[        ] Resolve mutations for :sqflite_android:mergeDebugShaders (Thread[#43652,Execution worker Thread 9,5,main]) started.
[        ] :sqflite_android:mergeDebugShaders (Thread[#43652,Execution worker Thread 9,5,main]) started.
[        ] > Task :sqflite_android:mergeDebugShaders UP-TO-DATE
[        ] Caching disabled for task ':sqflite_android:mergeDebugShaders' because:
[        ]   Build cache is disabled
[        ]   Simple merging task
[        ] Skipping task ':sqflite_android:mergeDebugShaders' as it is up-to-date.
[        ] Resolve mutations for :sqflite_android:compileDebugShaders (Thread[#43652,Execution worker Thread 9,5,main]) started.
[        ] :sqflite_android:compileDebugShaders (Thread[#43652,Execution worker Thread 9,5,main]) started.
[        ] > Task :sqflite_android:compileDebugShaders NO-SOURCE
[        ] Skipping task ':sqflite_android:compileDebugShaders' as it has no source files and no previous output files.
[        ] Resolve mutations for :sqflite_android:generateDebugAssets (Thread[#43652,Execution worker Thread 9,5,main]) started.
[        ] :sqflite_android:generateDebugAssets (Thread[#43652,Execution worker Thread 9,5,main]) started.
[        ] > Task :sqflite_android:generateDebugAssets UP-TO-DATE
[        ] Skipping task ':sqflite_android:generateDebugAssets' as it has no actions.
[        ] Resolve mutations for :sqflite_android:mergeDebugAssets (Thread[#43652,Execution worker Thread 9,5,main]) started.
[        ] :sqflite_android:mergeDebugAssets (Thread[#43652,Execution worker Thread 9,5,main]) started.
[        ] > Task :sqflite_android:mergeDebugAssets UP-TO-DATE
[        ] Caching disabled for task ':sqflite_android:mergeDebugAssets' because:
[        ]   Build cache is disabled
[        ]   Simple merging task
[        ] Skipping task ':sqflite_android:mergeDebugAssets' as it is up-to-date.
[        ] work action resolve mergeDebugAssets (project :sqflite_android) (Thread[#43652,Execution worker Thread 9,5,main]) started.
[        ] Resolve mutations for :url_launcher_android:mergeDebugShaders (Thread[#43652,Execution worker Thread 9,5,main]) started.
[        ] :url_launcher_android:mergeDebugShaders (Thread[#43652,Execution worker Thread 9,5,main]) started.
[        ] > Task :url_launcher_android:mergeDebugShaders UP-TO-DATE
[        ] Caching disabled for task ':url_launcher_android:mergeDebugShaders' because:
[        ]   Build cache is disabled
[        ]   Simple merging task
[        ] Skipping task ':url_launcher_android:mergeDebugShaders' as it is up-to-date.
[        ] Resolve mutations for :url_launcher_android:compileDebugShaders (Thread[#43652,Execution worker Thread 9,5,main]) started.
[        ] :url_launcher_android:compileDebugShaders (Thread[#43652,Execution worker Thread 9,5,main]) started.
[        ] > Task :url_launcher_android:compileDebugShaders NO-SOURCE
[        ] Skipping task ':url_launcher_android:compileDebugShaders' as it has no source files and no previous output files.
[        ] Resolve mutations for :url_launcher_android:generateDebugAssets (Thread[#43652,Execution worker Thread 9,5,main]) started.
[        ] :url_launcher_android:generateDebugAssets (Thread[#43652,Execution worker Thread 9,5,main]) started.
[        ] > Task :url_launcher_android:generateDebugAssets UP-TO-DATE
[        ] Skipping task ':url_launcher_android:generateDebugAssets' as it has no actions.
[        ] Resolve mutations for :url_launcher_android:mergeDebugAssets (Thread[#43652,Execution worker Thread 9,5,main]) started.
[        ] :url_launcher_android:mergeDebugAssets (Thread[#43652,Execution worker Thread 9,5,main]) started.
[        ] > Task :url_launcher_android:mergeDebugAssets UP-TO-DATE
[        ] Caching disabled for task ':url_launcher_android:mergeDebugAssets' because:
[        ]   Build cache is disabled
[        ]   Simple merging task
[        ] Skipping task ':url_launcher_android:mergeDebugAssets' as it is up-to-date.
[        ] work action resolve mergeDebugAssets (project :url_launcher_android) (Thread[#43652,Execution worker Thread 9,5,main]) started.
[        ] Resolve mutations for :video_player_android:mergeDebugShaders (Thread[#43652,Execution worker Thread 9,5,main]) started.
[        ] :video_player_android:mergeDebugShaders (Thread[#43652,Execution worker Thread 9,5,main]) started.
[        ] > Task :video_player_android:mergeDebugShaders UP-TO-DATE
[        ] Caching disabled for task ':video_player_android:mergeDebugShaders' because:
[        ]   Build cache is disabled
[        ]   Simple merging task
[        ] Skipping task ':video_player_android:mergeDebugShaders' as it is up-to-date.
[        ] Resolve mutations for :video_player_android:compileDebugShaders (Thread[#43652,Execution worker Thread 9,5,main]) started.
[        ] :video_player_android:compileDebugShaders (Thread[#43652,Execution worker Thread 9,5,main]) started.
[        ] > Task :video_player_android:compileDebugShaders NO-SOURCE
[        ] Skipping task ':video_player_android:compileDebugShaders' as it has no source files and no previous output files.
[        ] Resolve mutations for :video_player_android:generateDebugAssets (Thread[#43652,Execution worker Thread 9,5,main]) started.
[        ] :video_player_android:generateDebugAssets (Thread[#43652,Execution worker Thread 9,5,main]) started.
[        ] > Task :video_player_android:generateDebugAssets UP-TO-DATE
[        ] Skipping task ':video_player_android:generateDebugAssets' as it has no actions.
[        ] Resolve mutations for :video_player_android:mergeDebugAssets (Thread[#43652,Execution worker Thread 9,5,main]) started.
[        ] :video_player_android:mergeDebugAssets (Thread[#43652,Execution worker Thread 9,5,main]) started.
[        ] > Task :video_player_android:mergeDebugAssets UP-TO-DATE
[        ] Caching disabled for task ':video_player_android:mergeDebugAssets' because:
[        ]   Build cache is disabled
[        ]   Simple merging task
[        ] Skipping task ':video_player_android:mergeDebugAssets' as it is up-to-date.
[        ] work action resolve mergeDebugAssets (project :video_player_android) (Thread[#43652,Execution worker Thread 9,5,main]) started.
[        ] Resolve mutations for :app:mergeDebugAssets (Thread[#43652,Execution worker Thread 9,5,main]) started.
[        ] :app:mergeDebugAssets (Thread[#43652,Execution worker Thread 9,5,main]) started.
[        ] > Task :app:mergeDebugAssets
[        ] Caching disabled for task ':app:mergeDebugAssets' because:
[        ]   Build cache is disabled
[        ]   Simple merging task
[        ] Task ':app:mergeDebugAssets' is not up-to-date because:
[        ]   Output property 'outputDir' file /Users/florian/Code/substitution/build/app/intermediates/assets/debug/mergeDebugAssets has been removed.
[        ] The input changes require a full rebuild for incremental task ':app:mergeDebugAssets'.
[        ] Resolve mutations for :app:copyFlutterAssetsDebug (Thread[#43652,Execution worker Thread 9,5,main]) started.
[        ] :app:copyFlutterAssetsDebug (Thread[#43669,Execution worker Thread 26,5,main]) started.
[ +293 ms] > Task :app:copyFlutterAssetsDebug
[        ] Caching disabled for task ':app:copyFlutterAssetsDebug' because:
[        ]   Build cache is disabled
[        ]   Not worth caching
[        ] Task ':app:copyFlutterAssetsDebug' is not up-to-date because:
[        ]   Output property 'destinationDir' file /Users/florian/Code/substitution/build/app/intermediates/assets/debug/mergeDebugAssets/flutter_assets has been removed.
[        ]   Output property 'destinationDir' file /Users/florian/Code/substitution/build/app/intermediates/assets/debug/mergeDebugAssets/flutter_assets/AssetManifest.bin has been removed.
[        ]   Output property 'destinationDir' file /Users/florian/Code/substitution/build/app/intermediates/assets/debug/mergeDebugAssets/flutter_assets/FontManifest.json has been removed.
[        ]   and more...
[        ] Resolve mutations for :app:generateDebugResValues (Thread[#43669,Execution worker Thread 26,5,main]) started.
[        ] :app:generateDebugResValues (Thread[#43669,Execution worker Thread 26,5,main]) started.
[        ] > Task :app:generateDebugResValues UP-TO-DATE
[        ] Caching disabled for task ':app:generateDebugResValues' because:
[        ]   Build cache is disabled
[        ] Skipping task ':app:generateDebugResValues' as it is up-to-date.
[        ] Resolve mutations for :connectivity_plus:generateDebugResValues (Thread[#43669,Execution worker Thread 26,5,main]) started.
[        ] :connectivity_plus:generateDebugResValues (Thread[#43669,Execution worker Thread 26,5,main]) started.
[        ] > Task :connectivity_plus:generateDebugResValues UP-TO-DATE
[        ] Caching disabled for task ':connectivity_plus:generateDebugResValues' because:
[        ]   Build cache is disabled
[        ] Skipping task ':connectivity_plus:generateDebugResValues' as it is up-to-date.
[        ] Resolve mutations for :connectivity_plus:generateDebugResources (Thread[#43669,Execution worker Thread 26,5,main]) started.
[        ] :connectivity_plus:generateDebugResources (Thread[#43669,Execution worker Thread 26,5,main]) started.
[        ] > Task :connectivity_plus:generateDebugResources UP-TO-DATE
[        ] Caching disabled for task ':connectivity_plus:generateDebugResources' because:
[        ]   Build cache is disabled
[        ] Skipping task ':connectivity_plus:generateDebugResources' as it is up-to-date.
[        ] Resolve mutations for :connectivity_plus:packageDebugResources (Thread[#43669,Execution worker Thread 26,5,main]) started.
[        ] :connectivity_plus:packageDebugResources (Thread[#43669,Execution worker Thread 26,5,main]) started.
[        ] > Task :connectivity_plus:packageDebugResources UP-TO-DATE
[        ] Caching disabled for task ':connectivity_plus:packageDebugResources' because:
[        ]   Build cache is disabled
[        ] Skipping task ':connectivity_plus:packageDebugResources' as it is up-to-date.
[        ] work action resolve packageDebugResources (project :connectivity_plus) (Thread[#43669,Execution worker Thread 26,5,main]) started.
[        ] Resolve mutations for :emoji_picker_flutter:generateDebugResValues (Thread[#43669,Execution worker Thread 26,5,main]) started.
[        ] :emoji_picker_flutter:generateDebugResValues (Thread[#43669,Execution worker Thread 26,5,main]) started.
[        ] > Task :emoji_picker_flutter:generateDebugResValues UP-TO-DATE
[        ] Caching disabled for task ':emoji_picker_flutter:generateDebugResValues' because:
[        ]   Build cache is disabled
[        ] Skipping task ':emoji_picker_flutter:generateDebugResValues' as it is up-to-date.
[        ] Resolve mutations for :emoji_picker_flutter:generateDebugResources (Thread[#43669,Execution worker Thread 26,5,main]) started.
[        ] :emoji_picker_flutter:generateDebugResources (Thread[#43669,Execution worker Thread 26,5,main]) started.
[        ] > Task :emoji_picker_flutter:generateDebugResources UP-TO-DATE
[        ] Caching disabled for task ':emoji_picker_flutter:generateDebugResources' because:
[        ]   Build cache is disabled
[        ] Skipping task ':emoji_picker_flutter:generateDebugResources' as it is up-to-date.
[        ] Resolve mutations for :emoji_picker_flutter:packageDebugResources (Thread[#43669,Execution worker Thread 26,5,main]) started.
[        ] :emoji_picker_flutter:packageDebugResources (Thread[#43669,Execution worker Thread 26,5,main]) started.
[        ] > Task :emoji_picker_flutter:packageDebugResources UP-TO-DATE
[        ] Caching disabled for task ':emoji_picker_flutter:packageDebugResources' because:
[        ]   Build cache is disabled
[        ] Skipping task ':emoji_picker_flutter:packageDebugResources' as it is up-to-date.
[        ] work action resolve packageDebugResources (project :emoji_picker_flutter) (Thread[#43669,Execution worker Thread 26,5,main]) started.
[        ] Resolve mutations for :file_selector_android:generateDebugResValues (Thread[#43669,Execution worker Thread 26,5,main]) started.
[        ] :file_selector_android:generateDebugResValues (Thread[#43669,Execution worker Thread 26,5,main]) started.
[        ] > Task :file_selector_android:generateDebugResValues UP-TO-DATE
[        ] Caching disabled for task ':file_selector_android:generateDebugResValues' because:
[        ]   Build cache is disabled
[        ] Skipping task ':file_selector_android:generateDebugResValues' as it is up-to-date.
[        ] Resolve mutations for :file_selector_android:generateDebugResources (Thread[#43669,Execution worker Thread 26,5,main]) started.
[        ] :file_selector_android:generateDebugResources (Thread[#43669,Execution worker Thread 26,5,main]) started.
[        ] > Task :file_selector_android:generateDebugResources UP-TO-DATE
[        ] Caching disabled for task ':file_selector_android:generateDebugResources' because:
[        ]   Build cache is disabled
[        ] Skipping task ':file_selector_android:generateDebugResources' as it is up-to-date.
[        ] Resolve mutations for :file_selector_android:packageDebugResources (Thread[#43669,Execution worker Thread 26,5,main]) started.
[        ] :file_selector_android:packageDebugResources (Thread[#43669,Execution worker Thread 26,5,main]) started.
[        ] > Task :file_selector_android:packageDebugResources UP-TO-DATE
[        ] Caching disabled for task ':file_selector_android:packageDebugResources' because:
[        ]   Build cache is disabled
[        ] Skipping task ':file_selector_android:packageDebugResources' as it is up-to-date.
[        ] work action resolve packageDebugResources (project :file_selector_android) (Thread[#43669,Execution worker Thread 26,5,main]) started.
[        ] Resolve mutations for :flutter_keyboard_visibility_temp_fork:generateDebugResValues (Thread[#43669,Execution worker Thread 26,5,main]) started.
[        ] :flutter_keyboard_visibility_temp_fork:generateDebugResValues (Thread[#43669,Execution worker Thread 26,5,main]) started.
[        ] > Task :flutter_keyboard_visibility_temp_fork:generateDebugResValues UP-TO-DATE
[        ] Caching disabled for task ':flutter_keyboard_visibility_temp_fork:generateDebugResValues' because:
[        ]   Build cache is disabled
[        ] Skipping task ':flutter_keyboard_visibility_temp_fork:generateDebugResValues' as it is up-to-date.
[        ] Resolve mutations for :flutter_keyboard_visibility_temp_fork:generateDebugResources (Thread[#43669,Execution worker Thread 26,5,main]) started.
[        ] :flutter_keyboard_visibility_temp_fork:generateDebugResources (Thread[#43669,Execution worker Thread 26,5,main]) started.
[        ] > Task :flutter_keyboard_visibility_temp_fork:generateDebugResources UP-TO-DATE
[        ] Caching disabled for task ':flutter_keyboard_visibility_temp_fork:generateDebugResources' because:
[        ]   Build cache is disabled
[        ] Skipping task ':flutter_keyboard_visibility_temp_fork:generateDebugResources' as it is up-to-date.
[        ] Resolve mutations for :flutter_keyboard_visibility_temp_fork:packageDebugResources (Thread[#43669,Execution worker Thread 26,5,main]) started.
[        ] :flutter_keyboard_visibility_temp_fork:packageDebugResources (Thread[#43669,Execution worker Thread 26,5,main]) started.
[        ] > Task :flutter_keyboard_visibility_temp_fork:packageDebugResources UP-TO-DATE
[        ] Caching disabled for task ':flutter_keyboard_visibility_temp_fork:packageDebugResources' because:
[        ]   Build cache is disabled
[        ] Skipping task ':flutter_keyboard_visibility_temp_fork:packageDebugResources' as it is up-to-date.
[        ] work action resolve packageDebugResources (project :flutter_keyboard_visibility_temp_fork) (Thread[#43669,Execution worker Thread 26,5,main]) started.
[        ] Resolve mutations for :flutter_native_splash:generateDebugResValues (Thread[#43669,Execution worker Thread 26,5,main]) started.
[        ] :flutter_native_splash:generateDebugResValues (Thread[#43642,included builds,5,main]) started.
[        ] > Task :flutter_native_splash:generateDebugResValues UP-TO-DATE
[        ] Caching disabled for task ':flutter_native_splash:generateDebugResValues' because:
[        ]   Build cache is disabled
[        ] Skipping task ':flutter_native_splash:generateDebugResValues' as it is up-to-date.
[        ] Resolve mutations for :flutter_native_splash:generateDebugResources (Thread[#43642,included builds,5,main]) started.
[        ] :flutter_native_splash:generateDebugResources (Thread[#43665,Execution worker Thread 22,5,main]) started.
[        ] > Task :flutter_native_splash:generateDebugResources UP-TO-DATE
[        ] Caching disabled for task ':flutter_native_splash:generateDebugResources' because:
[        ]   Build cache is disabled
[        ] Skipping task ':flutter_native_splash:generateDebugResources' as it is up-to-date.
[        ] Resolve mutations for :flutter_native_splash:packageDebugResources (Thread[#43665,Execution worker Thread 22,5,main]) started.
[        ] :flutter_native_splash:packageDebugResources (Thread[#43652,Execution worker Thread 9,5,main]) started.
[        ] > Task :flutter_native_splash:packageDebugResources UP-TO-DATE
[        ] Caching disabled for task ':flutter_native_splash:packageDebugResources' because:
[        ]   Build cache is disabled
[        ] Skipping task ':flutter_native_splash:packageDebugResources' as it is up-to-date.
[        ] work action resolve packageDebugResources (project :flutter_native_splash) (Thread[#43652,Execution worker Thread 9,5,main]) started.
[        ] Resolve mutations for :flutter_olm:generateDebugResValues (Thread[#43652,Execution worker Thread 9,5,main]) started.
[        ] :flutter_olm:generateDebugResValues (Thread[#43652,Execution worker Thread 9,5,main]) started.
[        ] > Task :flutter_olm:generateDebugResValues UP-TO-DATE
[        ] Caching disabled for task ':flutter_olm:generateDebugResValues' because:
[        ]   Build cache is disabled
[        ] Skipping task ':flutter_olm:generateDebugResValues' as it is up-to-date.
[        ] Resolve mutations for :flutter_olm:generateDebugResources (Thread[#43652,Execution worker Thread 9,5,main]) started.
[        ] :flutter_olm:generateDebugResources (Thread[#43652,Execution worker Thread 9,5,main]) started.
[        ] > Task :flutter_olm:generateDebugResources UP-TO-DATE
[        ] Caching disabled for task ':flutter_olm:generateDebugResources' because:
[        ]   Build cache is disabled
[        ] Skipping task ':flutter_olm:generateDebugResources' as it is up-to-date.
[        ] Resolve mutations for :flutter_olm:packageDebugResources (Thread[#43663,Execution worker Thread 20,5,main]) started.
[        ] :flutter_olm:packageDebugResources (Thread[#43663,Execution worker Thread 20,5,main]) started.
[        ] > Task :flutter_olm:packageDebugResources UP-TO-DATE
[        ] Caching disabled for task ':flutter_olm:packageDebugResources' because:
[        ]   Build cache is disabled
[        ] Skipping task ':flutter_olm:packageDebugResources' as it is up-to-date.
[        ] work action resolve packageDebugResources (project :flutter_olm) (Thread[#43663,Execution worker Thread 20,5,main]) started.
[        ] Resolve mutations for :flutter_openssl_crypto:generateDebugResValues (Thread[#43663,Execution worker Thread 20,5,main]) started.
[        ] :flutter_openssl_crypto:generateDebugResValues (Thread[#43669,Execution worker Thread 26,5,main]) started.
[        ] > Task :flutter_openssl_crypto:generateDebugResValues UP-TO-DATE
[        ] Caching disabled for task ':flutter_openssl_crypto:generateDebugResValues' because:
[        ]   Build cache is disabled
[        ] Skipping task ':flutter_openssl_crypto:generateDebugResValues' as it is up-to-date.
[        ] Resolve mutations for :flutter_openssl_crypto:generateDebugResources (Thread[#43669,Execution worker Thread 26,5,main]) started.
[        ] :flutter_openssl_crypto:generateDebugResources (Thread[#43669,Execution worker Thread 26,5,main]) started.
[        ] > Task :flutter_openssl_crypto:generateDebugResources UP-TO-DATE
[        ] Caching disabled for task ':flutter_openssl_crypto:generateDebugResources' because:
[        ]   Build cache is disabled
[        ] Skipping task ':flutter_openssl_crypto:generateDebugResources' as it is up-to-date.
[        ] Resolve mutations for :flutter_openssl_crypto:packageDebugResources (Thread[#43669,Execution worker Thread 26,5,main]) started.
[        ] :flutter_openssl_crypto:packageDebugResources (Thread[#43669,Execution worker Thread 26,5,main]) started.
[        ] > Task :flutter_openssl_crypto:packageDebugResources UP-TO-DATE
[        ] Caching disabled for task ':flutter_openssl_crypto:packageDebugResources' because:
[        ]   Build cache is disabled
[        ] Skipping task ':flutter_openssl_crypto:packageDebugResources' as it is up-to-date.
[        ] work action resolve packageDebugResources (project :flutter_openssl_crypto) (Thread[#43669,Execution worker Thread 26,5,main]) started.
[        ] Resolve mutations for :integration_test:generateDebugResValues (Thread[#43669,Execution worker Thread 26,5,main]) started.
[        ] :integration_test:generateDebugResValues (Thread[#43669,Execution worker Thread 26,5,main]) started.
[        ] > Task :integration_test:generateDebugResValues UP-TO-DATE
[        ] Caching disabled for task ':integration_test:generateDebugResValues' because:
[        ]   Build cache is disabled
[        ] Skipping task ':integration_test:generateDebugResValues' as it is up-to-date.
[        ] Resolve mutations for :integration_test:generateDebugResources (Thread[#43669,Execution worker Thread 26,5,main]) started.
[        ] :integration_test:generateDebugResources (Thread[#43669,Execution worker Thread 26,5,main]) started.
[        ] > Task :integration_test:generateDebugResources UP-TO-DATE
[        ] Caching disabled for task ':integration_test:generateDebugResources' because:
[        ]   Build cache is disabled
[        ] Skipping task ':integration_test:generateDebugResources' as it is up-to-date.
[        ] Resolve mutations for :integration_test:packageDebugResources (Thread[#43669,Execution worker Thread 26,5,main]) started.
[        ] :integration_test:packageDebugResources (Thread[#43671,Execution worker Thread 28,5,main]) started.
[        ] > Task :integration_test:packageDebugResources UP-TO-DATE
[        ] Caching disabled for task ':integration_test:packageDebugResources' because:
[        ]   Build cache is disabled
[        ] Skipping task ':integration_test:packageDebugResources' as it is up-to-date.
[        ] work action resolve packageDebugResources (project :integration_test) (Thread[#43671,Execution worker Thread 28,5,main]) started.
[        ] Resolve mutations for :path_provider_android:generateDebugResValues (Thread[#43671,Execution worker Thread 28,5,main]) started.
[        ] :path_provider_android:generateDebugResValues (Thread[#43642,included builds,5,main]) started.
[        ] > Task :path_provider_android:generateDebugResValues UP-TO-DATE
[        ] Caching disabled for task ':path_provider_android:generateDebugResValues' because:
[        ]   Build cache is disabled
[        ] Skipping task ':path_provider_android:generateDebugResValues' as it is up-to-date.
[        ] Resolve mutations for :path_provider_android:generateDebugResources (Thread[#43642,included builds,5,main]) started.
[        ] :path_provider_android:generateDebugResources (Thread[#43642,included builds,5,main]) started.
[        ] > Task :path_provider_android:generateDebugResources UP-TO-DATE
[        ] Caching disabled for task ':path_provider_android:generateDebugResources' because:
[        ]   Build cache is disabled
[        ] Skipping task ':path_provider_android:generateDebugResources' as it is up-to-date.
[        ] Resolve mutations for :path_provider_android:packageDebugResources (Thread[#43642,included builds,5,main]) started.
[        ] :path_provider_android:packageDebugResources (Thread[#43642,included builds,5,main]) started.
[        ] > Task :path_provider_android:packageDebugResources UP-TO-DATE
[        ] Caching disabled for task ':path_provider_android:packageDebugResources' because:
[        ]   Build cache is disabled
[        ] Skipping task ':path_provider_android:packageDebugResources' as it is up-to-date.
[        ] work action resolve packageDebugResources (project :path_provider_android) (Thread[#43642,included builds,5,main]) started.
[        ] Resolve mutations for :quill_native_bridge_android:generateDebugResValues (Thread[#43642,included builds,5,main]) started.
[        ] :quill_native_bridge_android:generateDebugResValues (Thread[#43642,included builds,5,main]) started.
[        ] > Task :quill_native_bridge_android:generateDebugResValues UP-TO-DATE
[        ] Caching disabled for task ':quill_native_bridge_android:generateDebugResValues' because:
[        ]   Build cache is disabled
[        ] Skipping task ':quill_native_bridge_android:generateDebugResValues' as it is up-to-date.
[        ] Resolve mutations for :quill_native_bridge_android:generateDebugResources (Thread[#43642,included builds,5,main]) started.
[        ] :quill_native_bridge_android:generateDebugResources (Thread[#43642,included builds,5,main]) started.
[        ] > Task :quill_native_bridge_android:generateDebugResources UP-TO-DATE
[        ] Caching disabled for task ':quill_native_bridge_android:generateDebugResources' because:
[        ]   Build cache is disabled
[        ] Skipping task ':quill_native_bridge_android:generateDebugResources' as it is up-to-date.
[        ] Resolve mutations for :quill_native_bridge_android:packageDebugResources (Thread[#43642,included builds,5,main]) started.
[        ] :quill_native_bridge_android:packageDebugResources (Thread[#43642,included builds,5,main]) started.
[        ] > Task :quill_native_bridge_android:packageDebugResources UP-TO-DATE
[        ] Caching disabled for task ':quill_native_bridge_android:packageDebugResources' because:
[        ]   Build cache is disabled
[        ] Skipping task ':quill_native_bridge_android:packageDebugResources' as it is up-to-date.
[        ] work action resolve packageDebugResources (project :quill_native_bridge_android) (Thread[#43642,included builds,5,main]) started.
[        ] Resolve mutations for :shared_preferences_android:generateDebugResValues (Thread[#43642,included builds,5,main]) started.
[        ] :shared_preferences_android:generateDebugResValues (Thread[#43642,included builds,5,main]) started.
[        ] > Task :shared_preferences_android:generateDebugResValues UP-TO-DATE
[        ] Caching disabled for task ':shared_preferences_android:generateDebugResValues' because:
[        ]   Build cache is disabled
[        ] Skipping task ':shared_preferences_android:generateDebugResValues' as it is up-to-date.
[        ] Resolve mutations for :shared_preferences_android:generateDebugResources (Thread[#43642,included builds,5,main]) started.
[        ] :shared_preferences_android:generateDebugResources (Thread[#43642,included builds,5,main]) started.
[        ] > Task :shared_preferences_android:generateDebugResources UP-TO-DATE
[        ] Caching disabled for task ':shared_preferences_android:generateDebugResources' because:
[        ]   Build cache is disabled
[        ] Skipping task ':shared_preferences_android:generateDebugResources' as it is up-to-date.
[        ] Resolve mutations for :shared_preferences_android:packageDebugResources (Thread[#43642,included builds,5,main]) started.
[        ] :shared_preferences_android:packageDebugResources (Thread[#43642,included builds,5,main]) started.
[        ] > Task :shared_preferences_android:packageDebugResources UP-TO-DATE
[        ] Caching disabled for task ':shared_preferences_android:packageDebugResources' because:
[        ]   Build cache is disabled
[        ] Skipping task ':shared_preferences_android:packageDebugResources' as it is up-to-date.
[        ] work action resolve packageDebugResources (project :shared_preferences_android) (Thread[#43642,included builds,5,main]) started.
[        ] Resolve mutations for :sqflite_android:generateDebugResValues (Thread[#43642,included builds,5,main]) started.
[        ] :sqflite_android:generateDebugResValues (Thread[#43642,included builds,5,main]) started.
[        ] > Task :sqflite_android:generateDebugResValues UP-TO-DATE
[        ] Caching disabled for task ':sqflite_android:generateDebugResValues' because:
[        ]   Build cache is disabled
[        ] Skipping task ':sqflite_android:generateDebugResValues' as it is up-to-date.
[        ] Resolve mutations for :sqflite_android:generateDebugResources (Thread[#43642,included builds,5,main]) started.
[        ] :sqflite_android:generateDebugResources (Thread[#43642,included builds,5,main]) started.
[        ] > Task :sqflite_android:generateDebugResources UP-TO-DATE
[        ] Caching disabled for task ':sqflite_android:generateDebugResources' because:
[        ]   Build cache is disabled
[        ] Skipping task ':sqflite_android:generateDebugResources' as it is up-to-date.
[        ] Resolve mutations for :sqflite_android:packageDebugResources (Thread[#43642,included builds,5,main]) started.
[        ] :sqflite_android:packageDebugResources (Thread[#43642,included builds,5,main]) started.
[        ] > Task :sqflite_android:packageDebugResources UP-TO-DATE
[        ] Caching disabled for task ':sqflite_android:packageDebugResources' because:
[        ]   Build cache is disabled
[        ] Skipping task ':sqflite_android:packageDebugResources' as it is up-to-date.
[        ] work action resolve packageDebugResources (project :sqflite_android) (Thread[#43642,included builds,5,main]) started.
[        ] Resolve mutations for :url_launcher_android:generateDebugResValues (Thread[#43642,included builds,5,main]) started.
[        ] :url_launcher_android:generateDebugResValues (Thread[#43642,included builds,5,main]) started.
[        ] > Task :url_launcher_android:generateDebugResValues UP-TO-DATE
[        ] Caching disabled for task ':url_launcher_android:generateDebugResValues' because:
[        ]   Build cache is disabled
[        ] Skipping task ':url_launcher_android:generateDebugResValues' as it is up-to-date.
[        ] Resolve mutations for :url_launcher_android:generateDebugResources (Thread[#43642,included builds,5,main]) started.
[        ] :url_launcher_android:generateDebugResources (Thread[#43642,included builds,5,main]) started.
[        ] > Task :url_launcher_android:generateDebugResources UP-TO-DATE
[        ] Caching disabled for task ':url_launcher_android:generateDebugResources' because:
[        ]   Build cache is disabled
[        ] Skipping task ':url_launcher_android:generateDebugResources' as it is up-to-date.
[        ] Resolve mutations for :url_launcher_android:packageDebugResources (Thread[#43642,included builds,5,main]) started.
[        ] :url_launcher_android:packageDebugResources (Thread[#43642,included builds,5,main]) started.
[        ] > Task :url_launcher_android:packageDebugResources UP-TO-DATE
[        ] Caching disabled for task ':url_launcher_android:packageDebugResources' because:
[        ]   Build cache is disabled
[        ] Skipping task ':url_launcher_android:packageDebugResources' as it is up-to-date.
[        ] work action resolve packageDebugResources (project :url_launcher_android) (Thread[#43642,included builds,5,main]) started.
[        ] Resolve mutations for :video_player_android:generateDebugResValues (Thread[#43642,included builds,5,main]) started.
[        ] :video_player_android:generateDebugResValues (Thread[#43642,included builds,5,main]) started.
[        ] > Task :video_player_android:generateDebugResValues UP-TO-DATE
[        ] Caching disabled for task ':video_player_android:generateDebugResValues' because:
[        ]   Build cache is disabled
[        ] Skipping task ':video_player_android:generateDebugResValues' as it is up-to-date.
[        ] Resolve mutations for :video_player_android:generateDebugResources (Thread[#43642,included builds,5,main]) started.
[        ] :video_player_android:generateDebugResources (Thread[#43642,included builds,5,main]) started.
[        ] > Task :video_player_android:generateDebugResources UP-TO-DATE
[        ] Caching disabled for task ':video_player_android:generateDebugResources' because:
[        ]   Build cache is disabled
[        ] Skipping task ':video_player_android:generateDebugResources' as it is up-to-date.
[        ] Resolve mutations for :video_player_android:packageDebugResources (Thread[#43642,included builds,5,main]) started.
[        ] :video_player_android:packageDebugResources (Thread[#43642,included builds,5,main]) started.
[        ] > Task :video_player_android:packageDebugResources UP-TO-DATE
[        ] Caching disabled for task ':video_player_android:packageDebugResources' because:
[        ]   Build cache is disabled
[        ] Skipping task ':video_player_android:packageDebugResources' as it is up-to-date.
[        ] work action resolve packageDebugResources (project :video_player_android) (Thread[#43642,included builds,5,main]) started.
[        ] Resolve mutations for :app:mapDebugSourceSetPaths (Thread[#43642,included builds,5,main]) started.
[        ] :app:mapDebugSourceSetPaths (Thread[#43642,included builds,5,main]) started.
[        ] > Task :app:mapDebugSourceSetPaths UP-TO-DATE
[        ] Caching disabled for task ':app:mapDebugSourceSetPaths' because:
[        ]   Build cache is disabled
[        ]   Caching has been disabled for the task
[        ] Skipping task ':app:mapDebugSourceSetPaths' as it is up-to-date.
[        ] Resolve mutations for :app:generateDebugResources (Thread[#43642,included builds,5,main]) started.
[        ] :app:generateDebugResources (Thread[#43642,included builds,5,main]) started.
[        ] > Task :app:generateDebugResources UP-TO-DATE
[        ] Caching disabled for task ':app:generateDebugResources' because:
[        ]   Build cache is disabled
[        ] Skipping task ':app:generateDebugResources' as it is up-to-date.
[        ] Resolve mutations for :app:mergeDebugResources (Thread[#43642,included builds,5,main]) started.
[        ] :app:mergeDebugResources (Thread[#43642,included builds,5,main]) started.
[        ] > Task :app:mergeDebugResources UP-TO-DATE
[        ] Caching disabled for task ':app:mergeDebugResources' because:
[        ]   Build cache is disabled
[        ] Skipping task ':app:mergeDebugResources' as it is up-to-date.
[        ] Resolve mutations for :app:packageDebugResources (Thread[#43642,included builds,5,main]) started.
[        ] :app:packageDebugResources (Thread[#43642,included builds,5,main]) started.
[        ] > Task :app:packageDebugResources UP-TO-DATE
[        ] Caching disabled for task ':app:packageDebugResources' because:
[        ]   Build cache is disabled
[        ] Skipping task ':app:packageDebugResources' as it is up-to-date.
[        ] Resolve mutations for :app:parseDebugLocalResources (Thread[#43642,included builds,5,main]) started.
[        ] :app:parseDebugLocalResources (Thread[#43642,included builds,5,main]) started.
[        ] > Task :app:parseDebugLocalResources UP-TO-DATE
[        ] Caching disabled for task ':app:parseDebugLocalResources' because:
[        ]   Build cache is disabled
[        ] Skipping task ':app:parseDebugLocalResources' as it is up-to-date.
[        ] Resolve mutations for :app:createDebugCompatibleScreenManifests (Thread[#43642,included builds,5,main]) started.
[        ] :app:createDebugCompatibleScreenManifests (Thread[#43642,included builds,5,main]) started.
[        ] > Task :app:createDebugCompatibleScreenManifests UP-TO-DATE
[        ] Caching disabled for task ':app:createDebugCompatibleScreenManifests' because:
[        ]   Build cache is disabled
[        ]   Caching has been disabled for the task
[        ] Skipping task ':app:createDebugCompatibleScreenManifests' as it is up-to-date.
[        ] Resolve mutations for :app:extractDeepLinksDebug (Thread[#43642,included builds,5,main]) started.
[        ] :app:extractDeepLinksDebug (Thread[#43642,included builds,5,main]) started.
[        ] > Task :app:extractDeepLinksDebug UP-TO-DATE
[        ] Caching disabled for task ':app:extractDeepLinksDebug' because:
[        ]   Build cache is disabled
[        ] Skipping task ':app:extractDeepLinksDebug' as it is up-to-date.
[        ] Resolve mutations for :connectivity_plus:extractDeepLinksDebug (Thread[#43642,included builds,5,main]) started.
[        ] :connectivity_plus:extractDeepLinksDebug (Thread[#43642,included builds,5,main]) started.
[        ] > Task :connectivity_plus:extractDeepLinksDebug UP-TO-DATE
[        ] Caching disabled for task ':connectivity_plus:extractDeepLinksDebug' because:
[        ]   Build cache is disabled
[        ] Skipping task ':connectivity_plus:extractDeepLinksDebug' as it is up-to-date.
[        ] work action resolve navigation.json (project :connectivity_plus) (Thread[#43642,included builds,5,main]) started.
[        ] Resolve mutations for :connectivity_plus:processDebugManifest (Thread[#43642,included builds,5,main]) started.
[        ] :connectivity_plus:processDebugManifest (Thread[#43642,included builds,5,main]) started.
[        ] > Task :connectivity_plus:processDebugManifest UP-TO-DATE
[        ] Caching disabled for task ':connectivity_plus:processDebugManifest' because:
[        ]   Build cache is disabled
[        ] Skipping task ':connectivity_plus:processDebugManifest' as it is up-to-date.
[        ] work action resolve AndroidManifest.xml (project :connectivity_plus) (Thread[#43642,included builds,5,main]) started.
[        ] Resolve mutations for :emoji_picker_flutter:extractDeepLinksDebug (Thread[#43642,included builds,5,main]) started.
[        ] :emoji_picker_flutter:extractDeepLinksDebug (Thread[#43642,included builds,5,main]) started.
[        ] > Task :emoji_picker_flutter:extractDeepLinksDebug UP-TO-DATE
[        ] Caching disabled for task ':emoji_picker_flutter:extractDeepLinksDebug' because:
[        ]   Build cache is disabled
[        ] Skipping task ':emoji_picker_flutter:extractDeepLinksDebug' as it is up-to-date.
[        ] work action resolve navigation.json (project :emoji_picker_flutter) (Thread[#43642,included builds,5,main]) started.
[        ] Resolve mutations for :emoji_picker_flutter:processDebugManifest (Thread[#43642,included builds,5,main]) started.
[        ] :emoji_picker_flutter:processDebugManifest (Thread[#43642,included builds,5,main]) started.
[        ] > Task :emoji_picker_flutter:processDebugManifest UP-TO-DATE
[        ] Caching disabled for task ':emoji_picker_flutter:processDebugManifest' because:
[        ]   Build cache is disabled
[        ] Skipping task ':emoji_picker_flutter:processDebugManifest' as it is up-to-date.
[        ] work action resolve AndroidManifest.xml (project :emoji_picker_flutter) (Thread[#43642,included builds,5,main]) started.
[        ] Resolve mutations for :file_selector_android:extractDeepLinksDebug (Thread[#43642,included builds,5,main]) started.
[        ] :file_selector_android:extractDeepLinksDebug (Thread[#43642,included builds,5,main]) started.
[        ] > Task :file_selector_android:extractDeepLinksDebug UP-TO-DATE
[        ] Caching disabled for task ':file_selector_android:extractDeepLinksDebug' because:
[        ]   Build cache is disabled
[        ] Skipping task ':file_selector_android:extractDeepLinksDebug' as it is up-to-date.
[        ] work action resolve navigation.json (project :file_selector_android) (Thread[#43642,included builds,5,main]) started.
[        ] Resolve mutations for :file_selector_android:processDebugManifest (Thread[#43642,included builds,5,main]) started.
[        ] :file_selector_android:processDebugManifest (Thread[#43642,included builds,5,main]) started.
[        ] > Task :file_selector_android:processDebugManifest UP-TO-DATE
[        ] Caching disabled for task ':file_selector_android:processDebugManifest' because:
[        ]   Build cache is disabled
[        ] Skipping task ':file_selector_android:processDebugManifest' as it is up-to-date.
[        ] work action resolve AndroidManifest.xml (project :file_selector_android) (Thread[#43642,included builds,5,main]) started.
[        ] Resolve mutations for :flutter_keyboard_visibility_temp_fork:extractDeepLinksDebug (Thread[#43642,included builds,5,main]) started.
[        ] :flutter_keyboard_visibility_temp_fork:extractDeepLinksDebug (Thread[#43642,included builds,5,main]) started.
[        ] > Task :flutter_keyboard_visibility_temp_fork:extractDeepLinksDebug UP-TO-DATE
[        ] Caching disabled for task ':flutter_keyboard_visibility_temp_fork:extractDeepLinksDebug' because:
[        ]   Build cache is disabled
[        ] Skipping task ':flutter_keyboard_visibility_temp_fork:extractDeepLinksDebug' as it is up-to-date.
[        ] work action resolve navigation.json (project :flutter_keyboard_visibility_temp_fork) (Thread[#43642,included builds,5,main]) started.
[        ] Resolve mutations for :flutter_keyboard_visibility_temp_fork:processDebugManifest (Thread[#43642,included builds,5,main]) started.
[        ] :flutter_keyboard_visibility_temp_fork:processDebugManifest (Thread[#43642,included builds,5,main]) started.
[        ] > Task :flutter_keyboard_visibility_temp_fork:processDebugManifest UP-TO-DATE
[        ] Caching disabled for task ':flutter_keyboard_visibility_temp_fork:processDebugManifest' because:
[        ]   Build cache is disabled
[        ] Skipping task ':flutter_keyboard_visibility_temp_fork:processDebugManifest' as it is up-to-date.
[        ] work action resolve AndroidManifest.xml (project :flutter_keyboard_visibility_temp_fork) (Thread[#43642,included builds,5,main]) started.
[        ] Resolve mutations for :flutter_native_splash:extractDeepLinksDebug (Thread[#43642,included builds,5,main]) started.
[        ] :flutter_native_splash:extractDeepLinksDebug (Thread[#43642,included builds,5,main]) started.
[        ] > Task :flutter_native_splash:extractDeepLinksDebug UP-TO-DATE
[        ] Caching disabled for task ':flutter_native_splash:extractDeepLinksDebug' because:
[        ]   Build cache is disabled
[        ] Skipping task ':flutter_native_splash:extractDeepLinksDebug' as it is up-to-date.
[        ] work action resolve navigation.json (project :flutter_native_splash) (Thread[#43642,included builds,5,main]) started.
[        ] Resolve mutations for :flutter_native_splash:processDebugManifest (Thread[#43642,included builds,5,main]) started.
[        ] :flutter_native_splash:processDebugManifest (Thread[#43642,included builds,5,main]) started.
[        ] > Task :flutter_native_splash:processDebugManifest UP-TO-DATE
[        ] Caching disabled for task ':flutter_native_splash:processDebugManifest' because:
[        ]   Build cache is disabled
[        ] Skipping task ':flutter_native_splash:processDebugManifest' as it is up-to-date.
[        ] work action resolve AndroidManifest.xml (project :flutter_native_splash) (Thread[#43642,included builds,5,main]) started.
[        ] Resolve mutations for :flutter_olm:extractDeepLinksDebug (Thread[#43642,included builds,5,main]) started.
[        ] :flutter_olm:extractDeepLinksDebug (Thread[#43642,included builds,5,main]) started.
[        ] > Task :flutter_olm:extractDeepLinksDebug UP-TO-DATE
[        ] Caching disabled for task ':flutter_olm:extractDeepLinksDebug' because:
[        ]   Build cache is disabled
[        ] Skipping task ':flutter_olm:extractDeepLinksDebug' as it is up-to-date.
[        ] work action resolve navigation.json (project :flutter_olm) (Thread[#43642,included builds,5,main]) started.
[        ] Resolve mutations for :flutter_olm:processDebugManifest (Thread[#43642,included builds,5,main]) started.
[        ] :flutter_olm:processDebugManifest (Thread[#43642,included builds,5,main]) started.
[        ] > Task :flutter_olm:processDebugManifest UP-TO-DATE
[        ] Caching disabled for task ':flutter_olm:processDebugManifest' because:
[        ]   Build cache is disabled
[        ] Skipping task ':flutter_olm:processDebugManifest' as it is up-to-date.
[        ] work action resolve AndroidManifest.xml (project :flutter_olm) (Thread[#43642,included builds,5,main]) started.
[        ] Resolve mutations for :flutter_openssl_crypto:extractDeepLinksDebug (Thread[#43642,included builds,5,main]) started.
[        ] :flutter_openssl_crypto:extractDeepLinksDebug (Thread[#43642,included builds,5,main]) started.
[        ] > Task :flutter_openssl_crypto:extractDeepLinksDebug UP-TO-DATE
[        ] Caching disabled for task ':flutter_openssl_crypto:extractDeepLinksDebug' because:
[        ]   Build cache is disabled
[        ] Skipping task ':flutter_openssl_crypto:extractDeepLinksDebug' as it is up-to-date.
[        ] work action resolve navigation.json (project :flutter_openssl_crypto) (Thread[#43642,included builds,5,main]) started.
[        ] Resolve mutations for :flutter_openssl_crypto:processDebugManifest (Thread[#43642,included builds,5,main]) started.
[        ] :flutter_openssl_crypto:processDebugManifest (Thread[#43642,included builds,5,main]) started.
[        ] > Task :flutter_openssl_crypto:processDebugManifest UP-TO-DATE
[        ] Caching disabled for task ':flutter_openssl_crypto:processDebugManifest' because:
[        ]   Build cache is disabled
[        ] Skipping task ':flutter_openssl_crypto:processDebugManifest' as it is up-to-date.
[        ] work action resolve AndroidManifest.xml (project :flutter_openssl_crypto) (Thread[#43642,included builds,5,main]) started.
[        ] Resolve mutations for :integration_test:extractDeepLinksDebug (Thread[#43642,included builds,5,main]) started.
[        ] :integration_test:extractDeepLinksDebug (Thread[#43642,included builds,5,main]) started.
[        ] > Task :integration_test:extractDeepLinksDebug UP-TO-DATE
[        ] Caching disabled for task ':integration_test:extractDeepLinksDebug' because:
[        ]   Build cache is disabled
[        ] Skipping task ':integration_test:extractDeepLinksDebug' as it is up-to-date.
[        ] work action resolve navigation.json (project :integration_test) (Thread[#43642,included builds,5,main]) started.
[        ] Resolve mutations for :integration_test:processDebugManifest (Thread[#43642,included builds,5,main]) started.
[        ] :integration_test:processDebugManifest (Thread[#43642,included builds,5,main]) started.
[        ] > Task :integration_test:processDebugManifest UP-TO-DATE
[        ] Caching disabled for task ':integration_test:processDebugManifest' because:
[        ]   Build cache is disabled
[        ] Skipping task ':integration_test:processDebugManifest' as it is up-to-date.
[        ] work action resolve AndroidManifest.xml (project :integration_test) (Thread[#43642,included builds,5,main]) started.
[        ] Resolve mutations for :path_provider_android:extractDeepLinksDebug (Thread[#43642,included builds,5,main]) started.
[        ] :path_provider_android:extractDeepLinksDebug (Thread[#43642,included builds,5,main]) started.
[        ] > Task :path_provider_android:extractDeepLinksDebug UP-TO-DATE
[        ] Caching disabled for task ':path_provider_android:extractDeepLinksDebug' because:
[        ]   Build cache is disabled
[        ] Skipping task ':path_provider_android:extractDeepLinksDebug' as it is up-to-date.
[        ] work action resolve navigation.json (project :path_provider_android) (Thread[#43642,included builds,5,main]) started.
[        ] Resolve mutations for :path_provider_android:processDebugManifest (Thread[#43642,included builds,5,main]) started.
[        ] :path_provider_android:processDebugManifest (Thread[#43642,included builds,5,main]) started.
[        ] > Task :path_provider_android:processDebugManifest UP-TO-DATE
[        ] Caching disabled for task ':path_provider_android:processDebugManifest' because:
[        ]   Build cache is disabled
[        ] Skipping task ':path_provider_android:processDebugManifest' as it is up-to-date.
[        ] work action resolve AndroidManifest.xml (project :path_provider_android) (Thread[#43642,included builds,5,main]) started.
[        ] Resolve mutations for :quill_native_bridge_android:extractDeepLinksDebug (Thread[#43642,included builds,5,main]) started.
[        ] :quill_native_bridge_android:extractDeepLinksDebug (Thread[#43642,included builds,5,main]) started.
[        ] > Task :quill_native_bridge_android:extractDeepLinksDebug UP-TO-DATE
[        ] Caching disabled for task ':quill_native_bridge_android:extractDeepLinksDebug' because:
[        ]   Build cache is disabled
[        ] Skipping task ':quill_native_bridge_android:extractDeepLinksDebug' as it is up-to-date.
[        ] work action resolve navigation.json (project :quill_native_bridge_android) (Thread[#43642,included builds,5,main]) started.
[        ] Resolve mutations for :quill_native_bridge_android:processDebugManifest (Thread[#43642,included builds,5,main]) started.
[        ] :quill_native_bridge_android:processDebugManifest (Thread[#43642,included builds,5,main]) started.
[        ] > Task :quill_native_bridge_android:processDebugManifest UP-TO-DATE
[        ] Caching disabled for task ':quill_native_bridge_android:processDebugManifest' because:
[        ]   Build cache is disabled
[        ] Skipping task ':quill_native_bridge_android:processDebugManifest' as it is up-to-date.
[        ] work action resolve AndroidManifest.xml (project :quill_native_bridge_android) (Thread[#43642,included builds,5,main]) started.
[        ] Resolve mutations for :shared_preferences_android:extractDeepLinksDebug (Thread[#43642,included builds,5,main]) started.
[        ] :shared_preferences_android:extractDeepLinksDebug (Thread[#43642,included builds,5,main]) started.
[        ] > Task :shared_preferences_android:extractDeepLinksDebug UP-TO-DATE
[        ] Caching disabled for task ':shared_preferences_android:extractDeepLinksDebug' because:
[        ]   Build cache is disabled
[        ] Skipping task ':shared_preferences_android:extractDeepLinksDebug' as it is up-to-date.
[        ] work action resolve navigation.json (project :shared_preferences_android) (Thread[#43642,included builds,5,main]) started.
[        ] Resolve mutations for :shared_preferences_android:processDebugManifest (Thread[#43642,included builds,5,main]) started.
[        ] :shared_preferences_android:processDebugManifest (Thread[#43642,included builds,5,main]) started.
[        ] > Task :shared_preferences_android:processDebugManifest UP-TO-DATE
[        ] Caching disabled for task ':shared_preferences_android:processDebugManifest' because:
[        ]   Build cache is disabled
[        ] Skipping task ':shared_preferences_android:processDebugManifest' as it is up-to-date.
[        ] work action resolve AndroidManifest.xml (project :shared_preferences_android) (Thread[#43642,included builds,5,main]) started.
[        ] Resolve mutations for :sqflite_android:extractDeepLinksDebug (Thread[#43642,included builds,5,main]) started.
[        ] :sqflite_android:extractDeepLinksDebug (Thread[#43642,included builds,5,main]) started.
[        ] > Task :sqflite_android:extractDeepLinksDebug UP-TO-DATE
[        ] Caching disabled for task ':sqflite_android:extractDeepLinksDebug' because:
[        ]   Build cache is disabled
[        ] Skipping task ':sqflite_android:extractDeepLinksDebug' as it is up-to-date.
[        ] work action resolve navigation.json (project :sqflite_android) (Thread[#43642,included builds,5,main]) started.
[        ] Resolve mutations for :sqflite_android:processDebugManifest (Thread[#43642,included builds,5,main]) started.
[        ] :sqflite_android:processDebugManifest (Thread[#43642,included builds,5,main]) started.
[        ] > Task :sqflite_android:processDebugManifest UP-TO-DATE
[        ] Caching disabled for task ':sqflite_android:processDebugManifest' because:
[        ]   Build cache is disabled
[        ] Skipping task ':sqflite_android:processDebugManifest' as it is up-to-date.
[        ] work action resolve AndroidManifest.xml (project :sqflite_android) (Thread[#43642,included builds,5,main]) started.
[        ] Resolve mutations for :url_launcher_android:extractDeepLinksDebug (Thread[#43642,included builds,5,main]) started.
[        ] :url_launcher_android:extractDeepLinksDebug (Thread[#43642,included builds,5,main]) started.
[        ] > Task :url_launcher_android:extractDeepLinksDebug UP-TO-DATE
[        ] Caching disabled for task ':url_launcher_android:extractDeepLinksDebug' because:
[        ]   Build cache is disabled
[        ] Skipping task ':url_launcher_android:extractDeepLinksDebug' as it is up-to-date.
[        ] work action resolve navigation.json (project :url_launcher_android) (Thread[#43642,included builds,5,main]) started.
[        ] Resolve mutations for :url_launcher_android:processDebugManifest (Thread[#43642,included builds,5,main]) started.
[        ] :url_launcher_android:processDebugManifest (Thread[#43642,included builds,5,main]) started.
[        ] > Task :url_launcher_android:processDebugManifest UP-TO-DATE
[        ] Caching disabled for task ':url_launcher_android:processDebugManifest' because:
[        ]   Build cache is disabled
[        ] Skipping task ':url_launcher_android:processDebugManifest' as it is up-to-date.
[        ] work action resolve AndroidManifest.xml (project :url_launcher_android) (Thread[#43642,included builds,5,main]) started.
[        ] Resolve mutations for :video_player_android:extractDeepLinksDebug (Thread[#43642,included builds,5,main]) started.
[        ] :video_player_android:extractDeepLinksDebug (Thread[#43642,included builds,5,main]) started.
[        ] > Task :video_player_android:extractDeepLinksDebug UP-TO-DATE
[        ] Caching disabled for task ':video_player_android:extractDeepLinksDebug' because:
[        ]   Build cache is disabled
[        ] Skipping task ':video_player_android:extractDeepLinksDebug' as it is up-to-date.
[        ] work action resolve navigation.json (project :video_player_android) (Thread[#43642,included builds,5,main]) started.
[        ] Resolve mutations for :video_player_android:processDebugManifest (Thread[#43642,included builds,5,main]) started.
[        ] :video_player_android:processDebugManifest (Thread[#43642,included builds,5,main]) started.
[        ] > Task :video_player_android:processDebugManifest UP-TO-DATE
[        ] Caching disabled for task ':video_player_android:processDebugManifest' because:
[        ]   Build cache is disabled
[        ] Skipping task ':video_player_android:processDebugManifest' as it is up-to-date.
[        ] work action resolve AndroidManifest.xml (project :video_player_android) (Thread[#43642,included builds,5,main]) started.
[        ] Resolve mutations for :app:processDebugMainManifest (Thread[#43642,included builds,5,main]) started.
[        ] :app:processDebugMainManifest (Thread[#43642,included builds,5,main]) started.
[        ] > Task :app:processDebugMainManifest UP-TO-DATE
[        ] Caching disabled for task ':app:processDebugMainManifest' because:
[        ]   Build cache is disabled
[        ] Skipping task ':app:processDebugMainManifest' as it is up-to-date.
[        ] Resolve mutations for :app:outputDebugAppLinkSettings (Thread[#43642,included builds,5,main]) started.
[        ] :app:outputDebugAppLinkSettings (Thread[#43642,included builds,5,main]) started.
[        ] > Task :app:outputDebugAppLinkSettings UP-TO-DATE
[        ] Caching disabled for task ':app:outputDebugAppLinkSettings' because:
[        ]   Build cache is disabled
[        ]   Caching has not been enabled for the task
[        ] Skipping task ':app:outputDebugAppLinkSettings' as it is up-to-date.
[        ] Resolve mutations for :app:processDebugManifest (Thread[#43642,included builds,5,main]) started.
[        ] :app:processDebugManifest (Thread[#43642,included builds,5,main]) started.
[        ] > Task :app:processDebugManifest UP-TO-DATE
[        ] Caching disabled for task ':app:processDebugManifest' because:
[        ]   Build cache is disabled
[        ] Skipping task ':app:processDebugManifest' as it is up-to-date.
[        ] Resolve mutations for :app:processDebugManifestForPackage (Thread[#43642,included builds,5,main]) started.
[        ] :app:processDebugManifestForPackage (Thread[#43642,included builds,5,main]) started.
[        ] > Task :app:processDebugManifestForPackage UP-TO-DATE
[        ] Custom actions are attached to task ':app:processDebugManifestForPackage'.
[        ] Caching disabled for task ':app:processDebugManifestForPackage' because:
[        ]   Build cache is disabled
[        ] Skipping task ':app:processDebugManifestForPackage' as it is up-to-date.
[        ] Resolve mutations for :connectivity_plus:compileDebugLibraryResources (Thread[#43642,included builds,5,main]) started.
[        ] :connectivity_plus:compileDebugLibraryResources (Thread[#43642,included builds,5,main]) started.
[        ] > Task :connectivity_plus:compileDebugLibraryResources UP-TO-DATE
[        ] Caching disabled for task ':connectivity_plus:compileDebugLibraryResources' because:
[        ]   Build cache is disabled
[        ] Skipping task ':connectivity_plus:compileDebugLibraryResources' as it is up-to-date.
[        ] work action resolve out (project :connectivity_plus) (Thread[#43642,included builds,5,main]) started.
[        ] Resolve mutations for :connectivity_plus:parseDebugLocalResources (Thread[#43642,included builds,5,main]) started.
[        ] :connectivity_plus:parseDebugLocalResources (Thread[#43642,included builds,5,main]) started.
[        ] > Task :connectivity_plus:parseDebugLocalResources UP-TO-DATE
[        ] Caching disabled for task ':connectivity_plus:parseDebugLocalResources' because:
[        ]   Build cache is disabled
[        ] Skipping task ':connectivity_plus:parseDebugLocalResources' as it is up-to-date.
[        ] Resolve mutations for :connectivity_plus:generateDebugRFile (Thread[#43642,included builds,5,main]) started.
[        ] :connectivity_plus:generateDebugRFile (Thread[#43642,included builds,5,main]) started.
[        ] > Task :connectivity_plus:generateDebugRFile UP-TO-DATE
[        ] Caching disabled for task ':connectivity_plus:generateDebugRFile' because:
[        ]   Build cache is disabled
[        ] Skipping task ':connectivity_plus:generateDebugRFile' as it is up-to-date.
[        ] work action resolve package-aware-r.txt (project :connectivity_plus) (Thread[#43642,included builds,5,main]) started.
[        ] Resolve mutations for :emoji_picker_flutter:compileDebugLibraryResources (Thread[#43642,included builds,5,main]) started.
[        ] :emoji_picker_flutter:compileDebugLibraryResources (Thread[#43642,included builds,5,main]) started.
[        ] > Task :emoji_picker_flutter:compileDebugLibraryResources UP-TO-DATE
[        ] Caching disabled for task ':emoji_picker_flutter:compileDebugLibraryResources' because:
[        ]   Build cache is disabled
[        ] Skipping task ':emoji_picker_flutter:compileDebugLibraryResources' as it is up-to-date.
[        ] work action resolve out (project :emoji_picker_flutter) (Thread[#43642,included builds,5,main]) started.
[        ] Resolve mutations for :emoji_picker_flutter:parseDebugLocalResources (Thread[#43642,included builds,5,main]) started.
[        ] :emoji_picker_flutter:parseDebugLocalResources (Thread[#43642,included builds,5,main]) started.
[        ] > Task :emoji_picker_flutter:parseDebugLocalResources UP-TO-DATE
[        ] Caching disabled for task ':emoji_picker_flutter:parseDebugLocalResources' because:
[        ]   Build cache is disabled
[        ] Skipping task ':emoji_picker_flutter:parseDebugLocalResources' as it is up-to-date.
[        ] Resolve mutations for :emoji_picker_flutter:generateDebugRFile (Thread[#43642,included builds,5,main]) started.
[        ] :emoji_picker_flutter:generateDebugRFile (Thread[#43642,included builds,5,main]) started.
[        ] > Task :emoji_picker_flutter:generateDebugRFile UP-TO-DATE
[        ] Caching disabled for task ':emoji_picker_flutter:generateDebugRFile' because:
[        ]   Build cache is disabled
[        ] Skipping task ':emoji_picker_flutter:generateDebugRFile' as it is up-to-date.
[        ] work action resolve package-aware-r.txt (project :emoji_picker_flutter) (Thread[#43642,included builds,5,main]) started.
[        ] Resolve mutations for :file_selector_android:compileDebugLibraryResources (Thread[#43642,included builds,5,main]) started.
[        ] :file_selector_android:compileDebugLibraryResources (Thread[#43642,included builds,5,main]) started.
[        ] > Task :file_selector_android:compileDebugLibraryResources UP-TO-DATE
[        ] Caching disabled for task ':file_selector_android:compileDebugLibraryResources' because:
[        ]   Build cache is disabled
[        ] Skipping task ':file_selector_android:compileDebugLibraryResources' as it is up-to-date.
[        ] work action resolve out (project :file_selector_android) (Thread[#43642,included builds,5,main]) started.
[        ] Resolve mutations for :file_selector_android:parseDebugLocalResources (Thread[#43642,included builds,5,main]) started.
[        ] :file_selector_android:parseDebugLocalResources (Thread[#43642,included builds,5,main]) started.
[        ] > Task :file_selector_android:parseDebugLocalResources UP-TO-DATE
[        ] Caching disabled for task ':file_selector_android:parseDebugLocalResources' because:
[        ]   Build cache is disabled
[        ] Skipping task ':file_selector_android:parseDebugLocalResources' as it is up-to-date.
[        ] Resolve mutations for :file_selector_android:generateDebugRFile (Thread[#43642,included builds,5,main]) started.
[        ] :file_selector_android:generateDebugRFile (Thread[#43642,included builds,5,main]) started.
[        ] > Task :file_selector_android:generateDebugRFile UP-TO-DATE
[        ] Caching disabled for task ':file_selector_android:generateDebugRFile' because:
[        ]   Build cache is disabled
[        ] Skipping task ':file_selector_android:generateDebugRFile' as it is up-to-date.
[        ] work action resolve package-aware-r.txt (project :file_selector_android) (Thread[#43642,included builds,5,main]) started.
[        ] Resolve mutations for :flutter_keyboard_visibility_temp_fork:compileDebugLibraryResources (Thread[#43642,included builds,5,main]) started.
[        ] :flutter_keyboard_visibility_temp_fork:compileDebugLibraryResources (Thread[#43642,included builds,5,main]) started.
[        ] > Task :flutter_keyboard_visibility_temp_fork:compileDebugLibraryResources UP-TO-DATE
[        ] Caching disabled for task ':flutter_keyboard_visibility_temp_fork:compileDebugLibraryResources' because:
[        ]   Build cache is disabled
[        ] Skipping task ':flutter_keyboard_visibility_temp_fork:compileDebugLibraryResources' as it is up-to-date.
[        ] work action resolve out (project :flutter_keyboard_visibility_temp_fork) (Thread[#43642,included builds,5,main]) started.
[        ] Resolve mutations for :flutter_keyboard_visibility_temp_fork:parseDebugLocalResources (Thread[#43642,included builds,5,main]) started.
[        ] :flutter_keyboard_visibility_temp_fork:parseDebugLocalResources (Thread[#43642,included builds,5,main]) started.
[        ] > Task :flutter_keyboard_visibility_temp_fork:parseDebugLocalResources UP-TO-DATE
[        ] Caching disabled for task ':flutter_keyboard_visibility_temp_fork:parseDebugLocalResources' because:
[        ]   Build cache is disabled
[        ] Skipping task ':flutter_keyboard_visibility_temp_fork:parseDebugLocalResources' as it is up-to-date.
[        ] Resolve mutations for :flutter_keyboard_visibility_temp_fork:generateDebugRFile (Thread[#43642,included builds,5,main]) started.
[        ] :flutter_keyboard_visibility_temp_fork:generateDebugRFile (Thread[#43642,included builds,5,main]) started.
[        ] > Task :flutter_keyboard_visibility_temp_fork:generateDebugRFile UP-TO-DATE
[        ] Caching disabled for task ':flutter_keyboard_visibility_temp_fork:generateDebugRFile' because:
[        ]   Build cache is disabled
[        ] Skipping task ':flutter_keyboard_visibility_temp_fork:generateDebugRFile' as it is up-to-date.
[        ] work action resolve package-aware-r.txt (project :flutter_keyboard_visibility_temp_fork) (Thread[#43642,included builds,5,main]) started.
[        ] Resolve mutations for :flutter_native_splash:compileDebugLibraryResources (Thread[#43642,included builds,5,main]) started.
[        ] :flutter_native_splash:compileDebugLibraryResources (Thread[#43642,included builds,5,main]) started.
[        ] > Task :flutter_native_splash:compileDebugLibraryResources UP-TO-DATE
[        ] Caching disabled for task ':flutter_native_splash:compileDebugLibraryResources' because:
[        ]   Build cache is disabled
[        ] Skipping task ':flutter_native_splash:compileDebugLibraryResources' as it is up-to-date.
[        ] work action resolve out (project :flutter_native_splash) (Thread[#43642,included builds,5,main]) started.
[        ] Resolve mutations for :flutter_native_splash:parseDebugLocalResources (Thread[#43642,included builds,5,main]) started.
[        ] :flutter_native_splash:parseDebugLocalResources (Thread[#43642,included builds,5,main]) started.
[        ] > Task :flutter_native_splash:parseDebugLocalResources UP-TO-DATE
[        ] Caching disabled for task ':flutter_native_splash:parseDebugLocalResources' because:
[        ]   Build cache is disabled
[        ] Skipping task ':flutter_native_splash:parseDebugLocalResources' as it is up-to-date.
[        ] Resolve mutations for :flutter_native_splash:generateDebugRFile (Thread[#43642,included builds,5,main]) started.
[        ] :flutter_native_splash:generateDebugRFile (Thread[#43642,included builds,5,main]) started.
[        ] > Task :flutter_native_splash:generateDebugRFile UP-TO-DATE
[        ] Caching disabled for task ':flutter_native_splash:generateDebugRFile' because:
[        ]   Build cache is disabled
[        ] Skipping task ':flutter_native_splash:generateDebugRFile' as it is up-to-date.
[        ] work action resolve package-aware-r.txt (project :flutter_native_splash) (Thread[#43642,included builds,5,main]) started.
[        ] Resolve mutations for :flutter_olm:compileDebugLibraryResources (Thread[#43642,included builds,5,main]) started.
[        ] :flutter_olm:compileDebugLibraryResources (Thread[#43642,included builds,5,main]) started.
[        ] > Task :flutter_olm:compileDebugLibraryResources UP-TO-DATE
[        ] Caching disabled for task ':flutter_olm:compileDebugLibraryResources' because:
[        ]   Build cache is disabled
[        ] Skipping task ':flutter_olm:compileDebugLibraryResources' as it is up-to-date.
[        ] work action resolve out (project :flutter_olm) (Thread[#43642,included builds,5,main]) started.
[        ] Resolve mutations for :flutter_olm:parseDebugLocalResources (Thread[#43642,included builds,5,main]) started.
[        ] :flutter_olm:parseDebugLocalResources (Thread[#43642,included builds,5,main]) started.
[        ] > Task :flutter_olm:parseDebugLocalResources UP-TO-DATE
[        ] Caching disabled for task ':flutter_olm:parseDebugLocalResources' because:
[        ]   Build cache is disabled
[        ] Skipping task ':flutter_olm:parseDebugLocalResources' as it is up-to-date.
[        ] Resolve mutations for :flutter_olm:generateDebugRFile (Thread[#43642,included builds,5,main]) started.
[        ] :flutter_olm:generateDebugRFile (Thread[#43642,included builds,5,main]) started.
[        ] > Task :flutter_olm:generateDebugRFile UP-TO-DATE
[        ] Caching disabled for task ':flutter_olm:generateDebugRFile' because:
[        ]   Build cache is disabled
[        ] Skipping task ':flutter_olm:generateDebugRFile' as it is up-to-date.
[        ] work action resolve package-aware-r.txt (project :flutter_olm) (Thread[#43642,included builds,5,main]) started.
[        ] Resolve mutations for :flutter_openssl_crypto:compileDebugLibraryResources (Thread[#43642,included builds,5,main]) started.
[        ] :flutter_openssl_crypto:compileDebugLibraryResources (Thread[#43642,included builds,5,main]) started.
[        ] > Task :flutter_openssl_crypto:compileDebugLibraryResources UP-TO-DATE
[        ] Caching disabled for task ':flutter_openssl_crypto:compileDebugLibraryResources' because:
[        ]   Build cache is disabled
[        ] Skipping task ':flutter_openssl_crypto:compileDebugLibraryResources' as it is up-to-date.
[        ] work action resolve out (project :flutter_openssl_crypto) (Thread[#43642,included builds,5,main]) started.
[        ] Resolve mutations for :flutter_openssl_crypto:parseDebugLocalResources (Thread[#43642,included builds,5,main]) started.
[        ] :flutter_openssl_crypto:parseDebugLocalResources (Thread[#43642,included builds,5,main]) started.
[        ] > Task :flutter_openssl_crypto:parseDebugLocalResources UP-TO-DATE
[        ] Caching disabled for task ':flutter_openssl_crypto:parseDebugLocalResources' because:
[        ]   Build cache is disabled
[        ] Skipping task ':flutter_openssl_crypto:parseDebugLocalResources' as it is up-to-date.
[        ] Resolve mutations for :flutter_openssl_crypto:generateDebugRFile (Thread[#43642,included builds,5,main]) started.
[        ] :flutter_openssl_crypto:generateDebugRFile (Thread[#43642,included builds,5,main]) started.
[        ] > Task :flutter_openssl_crypto:generateDebugRFile UP-TO-DATE
[        ] Caching disabled for task ':flutter_openssl_crypto:generateDebugRFile' because:
[        ]   Build cache is disabled
[        ] Skipping task ':flutter_openssl_crypto:generateDebugRFile' as it is up-to-date.
[        ] work action resolve package-aware-r.txt (project :flutter_openssl_crypto) (Thread[#43642,included builds,5,main]) started.
[        ] Resolve mutations for :integration_test:compileDebugLibraryResources (Thread[#43642,included builds,5,main]) started.
[        ] :integration_test:compileDebugLibraryResources (Thread[#43642,included builds,5,main]) started.
[        ] > Task :integration_test:compileDebugLibraryResources UP-TO-DATE
[        ] Caching disabled for task ':integration_test:compileDebugLibraryResources' because:
[        ]   Build cache is disabled
[        ] Skipping task ':integration_test:compileDebugLibraryResources' as it is up-to-date.
[        ] work action resolve out (project :integration_test) (Thread[#43642,included builds,5,main]) started.
[        ] Resolve mutations for :integration_test:parseDebugLocalResources (Thread[#43642,included builds,5,main]) started.
[        ] :integration_test:parseDebugLocalResources (Thread[#43642,included builds,5,main]) started.
[        ] > Task :integration_test:parseDebugLocalResources UP-TO-DATE
[        ] Caching disabled for task ':integration_test:parseDebugLocalResources' because:
[        ]   Build cache is disabled
[        ] Skipping task ':integration_test:parseDebugLocalResources' as it is up-to-date.
[        ] Resolve mutations for :integration_test:generateDebugRFile (Thread[#43642,included builds,5,main]) started.
[        ] :integration_test:generateDebugRFile (Thread[#43642,included builds,5,main]) started.
[        ] > Task :integration_test:generateDebugRFile UP-TO-DATE
[        ] Caching disabled for task ':integration_test:generateDebugRFile' because:
[        ]   Build cache is disabled
[        ] Skipping task ':integration_test:generateDebugRFile' as it is up-to-date.
[        ] work action resolve package-aware-r.txt (project :integration_test) (Thread[#43642,included builds,5,main]) started.
[        ] Resolve mutations for :path_provider_android:compileDebugLibraryResources (Thread[#43642,included builds,5,main]) started.
[        ] :path_provider_android:compileDebugLibraryResources (Thread[#43642,included builds,5,main]) started.
[        ] > Task :path_provider_android:compileDebugLibraryResources UP-TO-DATE
[        ] Caching disabled for task ':path_provider_android:compileDebugLibraryResources' because:
[        ]   Build cache is disabled
[        ] Skipping task ':path_provider_android:compileDebugLibraryResources' as it is up-to-date.
[        ] work action resolve out (project :path_provider_android) (Thread[#43642,included builds,5,main]) started.
[        ] Resolve mutations for :path_provider_android:parseDebugLocalResources (Thread[#43642,included builds,5,main]) started.
[        ] :path_provider_android:parseDebugLocalResources (Thread[#43642,included builds,5,main]) started.
[        ] > Task :path_provider_android:parseDebugLocalResources UP-TO-DATE
[        ] Caching disabled for task ':path_provider_android:parseDebugLocalResources' because:
[        ]   Build cache is disabled
[        ] Skipping task ':path_provider_android:parseDebugLocalResources' as it is up-to-date.
[        ] Resolve mutations for :path_provider_android:generateDebugRFile (Thread[#43642,included builds,5,main]) started.
[        ] :path_provider_android:generateDebugRFile (Thread[#43642,included builds,5,main]) started.
[        ] > Task :path_provider_android:generateDebugRFile UP-TO-DATE
[        ] Caching disabled for task ':path_provider_android:generateDebugRFile' because:
[        ]   Build cache is disabled
[        ] Skipping task ':path_provider_android:generateDebugRFile' as it is up-to-date.
[        ] work action resolve package-aware-r.txt (project :path_provider_android) (Thread[#43642,included builds,5,main]) started.
[        ] Resolve mutations for :quill_native_bridge_android:compileDebugLibraryResources (Thread[#43642,included builds,5,main]) started.
[        ] :quill_native_bridge_android:compileDebugLibraryResources (Thread[#43642,included builds,5,main]) started.
[        ] > Task :quill_native_bridge_android:compileDebugLibraryResources UP-TO-DATE
[        ] Caching disabled for task ':quill_native_bridge_android:compileDebugLibraryResources' because:
[        ]   Build cache is disabled
[        ] Skipping task ':quill_native_bridge_android:compileDebugLibraryResources' as it is up-to-date.
[        ] work action resolve out (project :quill_native_bridge_android) (Thread[#43642,included builds,5,main]) started.
[        ] Resolve mutations for :quill_native_bridge_android:parseDebugLocalResources (Thread[#43642,included builds,5,main]) started.
[        ] :quill_native_bridge_android:parseDebugLocalResources (Thread[#43642,included builds,5,main]) started.
[        ] > Task :quill_native_bridge_android:parseDebugLocalResources UP-TO-DATE
[        ] Caching disabled for task ':quill_native_bridge_android:parseDebugLocalResources' because:
[        ]   Build cache is disabled
[        ] Skipping task ':quill_native_bridge_android:parseDebugLocalResources' as it is up-to-date.
[        ] Resolve mutations for :quill_native_bridge_android:generateDebugRFile (Thread[#43642,included builds,5,main]) started.
[        ] :quill_native_bridge_android:generateDebugRFile (Thread[#43642,included builds,5,main]) started.
[        ] > Task :quill_native_bridge_android:generateDebugRFile UP-TO-DATE
[        ] Caching disabled for task ':quill_native_bridge_android:generateDebugRFile' because:
[        ]   Build cache is disabled
[        ] Skipping task ':quill_native_bridge_android:generateDebugRFile' as it is up-to-date.
[        ] work action resolve package-aware-r.txt (project :quill_native_bridge_android) (Thread[#43642,included builds,5,main]) started.
[        ] Resolve mutations for :shared_preferences_android:compileDebugLibraryResources (Thread[#43642,included builds,5,main]) started.
[        ] :shared_preferences_android:compileDebugLibraryResources (Thread[#43642,included builds,5,main]) started.
[        ] > Task :shared_preferences_android:compileDebugLibraryResources UP-TO-DATE
[        ] Caching disabled for task ':shared_preferences_android:compileDebugLibraryResources' because:
[        ]   Build cache is disabled
[        ] Skipping task ':shared_preferences_android:compileDebugLibraryResources' as it is up-to-date.
[        ] work action resolve out (project :shared_preferences_android) (Thread[#43642,included builds,5,main]) started.
[        ] Resolve mutations for :shared_preferences_android:parseDebugLocalResources (Thread[#43642,included builds,5,main]) started.
[        ] :shared_preferences_android:parseDebugLocalResources (Thread[#43642,included builds,5,main]) started.
[        ] > Task :shared_preferences_android:parseDebugLocalResources UP-TO-DATE
[        ] Caching disabled for task ':shared_preferences_android:parseDebugLocalResources' because:
[        ]   Build cache is disabled
[        ] Skipping task ':shared_preferences_android:parseDebugLocalResources' as it is up-to-date.
[        ] Resolve mutations for :shared_preferences_android:generateDebugRFile (Thread[#43642,included builds,5,main]) started.
[        ] :shared_preferences_android:generateDebugRFile (Thread[#43642,included builds,5,main]) started.
[        ] > Task :shared_preferences_android:generateDebugRFile UP-TO-DATE
[        ] Caching disabled for task ':shared_preferences_android:generateDebugRFile' because:
[        ]   Build cache is disabled
[        ] Skipping task ':shared_preferences_android:generateDebugRFile' as it is up-to-date.
[        ] work action resolve package-aware-r.txt (project :shared_preferences_android) (Thread[#43642,included builds,5,main]) started.
[        ] Resolve mutations for :sqflite_android:compileDebugLibraryResources (Thread[#43642,included builds,5,main]) started.
[        ] :sqflite_android:compileDebugLibraryResources (Thread[#43642,included builds,5,main]) started.
[        ] > Task :sqflite_android:compileDebugLibraryResources UP-TO-DATE
[        ] Caching disabled for task ':sqflite_android:compileDebugLibraryResources' because:
[        ]   Build cache is disabled
[        ] Skipping task ':sqflite_android:compileDebugLibraryResources' as it is up-to-date.
[        ] work action resolve out (project :sqflite_android) (Thread[#43642,included builds,5,main]) started.
[        ] Resolve mutations for :sqflite_android:parseDebugLocalResources (Thread[#43642,included builds,5,main]) started.
[        ] :sqflite_android:parseDebugLocalResources (Thread[#43642,included builds,5,main]) started.
[        ] > Task :sqflite_android:parseDebugLocalResources UP-TO-DATE
[        ] Caching disabled for task ':sqflite_android:parseDebugLocalResources' because:
[        ]   Build cache is disabled
[        ] Skipping task ':sqflite_android:parseDebugLocalResources' as it is up-to-date.
[        ] Resolve mutations for :sqflite_android:generateDebugRFile (Thread[#43642,included builds,5,main]) started.
[        ] :sqflite_android:generateDebugRFile (Thread[#43642,included builds,5,main]) started.
[        ] > Task :sqflite_android:generateDebugRFile UP-TO-DATE
[        ] Caching disabled for task ':sqflite_android:generateDebugRFile' because:
[        ]   Build cache is disabled
[        ] Skipping task ':sqflite_android:generateDebugRFile' as it is up-to-date.
[        ] work action resolve package-aware-r.txt (project :sqflite_android) (Thread[#43642,included builds,5,main]) started.
[        ] Resolve mutations for :url_launcher_android:compileDebugLibraryResources (Thread[#43642,included builds,5,main]) started.
[        ] :url_launcher_android:compileDebugLibraryResources (Thread[#43642,included builds,5,main]) started.
[        ] > Task :url_launcher_android:compileDebugLibraryResources UP-TO-DATE
[        ] Caching disabled for task ':url_launcher_android:compileDebugLibraryResources' because:
[        ]   Build cache is disabled
[        ] Skipping task ':url_launcher_android:compileDebugLibraryResources' as it is up-to-date.
[        ] work action resolve out (project :url_launcher_android) (Thread[#43642,included builds,5,main]) started.
[        ] Resolve mutations for :url_launcher_android:parseDebugLocalResources (Thread[#43642,included builds,5,main]) started.
[        ] :url_launcher_android:parseDebugLocalResources (Thread[#43642,included builds,5,main]) started.
[  +83 ms] > Task :url_launcher_android:parseDebugLocalResources UP-TO-DATE
[        ] Caching disabled for task ':url_launcher_android:parseDebugLocalResources' because:
[        ]   Build cache is disabled
[        ] Skipping task ':url_launcher_android:parseDebugLocalResources' as it is up-to-date.
[        ] Resolve mutations for :url_launcher_android:generateDebugRFile (Thread[#43642,included builds,5,main]) started.
[        ] :url_launcher_android:generateDebugRFile (Thread[#43642,included builds,5,main]) started.
[        ] > Task :url_launcher_android:generateDebugRFile UP-TO-DATE
[        ] Caching disabled for task ':url_launcher_android:generateDebugRFile' because:
[        ]   Build cache is disabled
[        ] Skipping task ':url_launcher_android:generateDebugRFile' as it is up-to-date.
[        ] work action resolve package-aware-r.txt (project :url_launcher_android) (Thread[#43642,included builds,5,main]) started.
[        ] Resolve mutations for :video_player_android:compileDebugLibraryResources (Thread[#43642,included builds,5,main]) started.
[        ] :video_player_android:compileDebugLibraryResources (Thread[#43642,included builds,5,main]) started.
[        ] > Task :video_player_android:compileDebugLibraryResources UP-TO-DATE
[        ] Caching disabled for task ':video_player_android:compileDebugLibraryResources' because:
[        ]   Build cache is disabled
[        ] Skipping task ':video_player_android:compileDebugLibraryResources' as it is up-to-date.
[        ] work action resolve out (project :video_player_android) (Thread[#43642,included builds,5,main]) started.
[        ] Resolve mutations for :video_player_android:parseDebugLocalResources (Thread[#43642,included builds,5,main]) started.
[        ] :video_player_android:parseDebugLocalResources (Thread[#43642,included builds,5,main]) started.
[        ] > Task :video_player_android:parseDebugLocalResources UP-TO-DATE
[        ] Caching disabled for task ':video_player_android:parseDebugLocalResources' because:
[        ]   Build cache is disabled
[        ] Skipping task ':video_player_android:parseDebugLocalResources' as it is up-to-date.
[        ] Resolve mutations for :video_player_android:generateDebugRFile (Thread[#43642,included builds,5,main]) started.
[        ] :video_player_android:generateDebugRFile (Thread[#43642,included builds,5,main]) started.
[        ] > Task :video_player_android:generateDebugRFile UP-TO-DATE
[        ] Caching disabled for task ':video_player_android:generateDebugRFile' because:
[        ]   Build cache is disabled
[        ] Skipping task ':video_player_android:generateDebugRFile' as it is up-to-date.
[        ] work action resolve package-aware-r.txt (project :video_player_android) (Thread[#43642,included builds,5,main]) started.
[        ] Resolve mutations for :app:processDebugResources (Thread[#43642,included builds,5,main]) started.
[        ] :app:processDebugResources (Thread[#43642,included builds,5,main]) started.
[        ] > Task :app:processDebugResources UP-TO-DATE
[        ] Caching disabled for task ':app:processDebugResources' because:
[        ]   Build cache is disabled
[        ] Skipping task ':app:processDebugResources' as it is up-to-date.
[        ] Resolve mutations for :connectivity_plus:javaPreCompileDebug (Thread[#43642,included builds,5,main]) started.
[        ] :connectivity_plus:javaPreCompileDebug (Thread[#43642,included builds,5,main]) started.
[        ] > Task :connectivity_plus:javaPreCompileDebug UP-TO-DATE
[        ] Caching disabled for task ':connectivity_plus:javaPreCompileDebug' because:
[        ]   Build cache is disabled
[        ] Skipping task ':connectivity_plus:javaPreCompileDebug' as it is up-to-date.
[        ] Resolve mutations for :connectivity_plus:compileDebugJavaWithJavac (Thread[#43642,included builds,5,main]) started.
[        ] :connectivity_plus:compileDebugJavaWithJavac (Thread[#43642,included builds,5,main]) started.
[        ] > Task :connectivity_plus:compileDebugJavaWithJavac UP-TO-DATE
[        ] Custom actions are attached to task ':connectivity_plus:compileDebugJavaWithJavac'.
[        ] Caching disabled for task ':connectivity_plus:compileDebugJavaWithJavac' because:
[        ]   Build cache is disabled
[        ] Skipping task ':connectivity_plus:compileDebugJavaWithJavac' as it is up-to-date.
[        ] No compile result for :connectivity_plus:compileDebugJavaWithJavac
[        ] No compile result for :connectivity_plus:compileDebugJavaWithJavac
[        ] Resolve mutations for :connectivity_plus:bundleLibCompileToJarDebug (Thread[#43642,included builds,5,main]) started.
[        ] :connectivity_plus:bundleLibCompileToJarDebug (Thread[#43642,included builds,5,main]) started.
[        ] > Task :connectivity_plus:bundleLibCompileToJarDebug UP-TO-DATE
[        ] Caching disabled for task ':connectivity_plus:bundleLibCompileToJarDebug' because:
[        ]   Build cache is disabled
[        ]   Simple merging task
[        ] Skipping task ':connectivity_plus:bundleLibCompileToJarDebug' as it is up-to-date.
[        ] work action resolve classes.jar (project :connectivity_plus) (Thread[#43642,included builds,5,main]) started.
[        ] Resolve mutations for :emoji_picker_flutter:checkKotlinGradlePluginConfigurationErrors (Thread[#43642,included builds,5,main]) started.
[        ] :emoji_picker_flutter:checkKotlinGradlePluginConfigurationErrors (Thread[#43642,included builds,5,main]) started.
[        ] > Task :emoji_picker_flutter:checkKotlinGradlePluginConfigurationErrors SKIPPED
[        ] Skipping task ':emoji_picker_flutter:checkKotlinGradlePluginConfigurationErrors' as task onlyIf 'errorDiagnostics are present' is false.
[        ] Resolve mutations for :emoji_picker_flutter:compileDebugKotlin (Thread[#43642,included builds,5,main]) started.
[        ] :emoji_picker_flutter:compileDebugKotlin (Thread[#43642,included builds,5,main]) started.
[        ] > Task :emoji_picker_flutter:compileDebugKotlin UP-TO-DATE
[        ] Adding -Xuse-inline-scopes-numbers Kotlin compiler flag for task :emoji_picker_flutter:compileDebugAndroidTestKotlin
[        ] Caching disabled for task ':emoji_picker_flutter:compileDebugKotlin' because:
[        ]   Build cache is disabled
[        ] Skipping task ':emoji_picker_flutter:compileDebugKotlin' as it is up-to-date.
[        ] Resolve mutations for :emoji_picker_flutter:javaPreCompileDebug (Thread[#43642,included builds,5,main]) started.
[        ] :emoji_picker_flutter:javaPreCompileDebug (Thread[#43642,included builds,5,main]) started.
[        ] > Task :emoji_picker_flutter:javaPreCompileDebug UP-TO-DATE
[        ] Caching disabled for task ':emoji_picker_flutter:javaPreCompileDebug' because:
[        ]   Build cache is disabled
[        ] Skipping task ':emoji_picker_flutter:javaPreCompileDebug' as it is up-to-date.
[        ] Resolve mutations for :emoji_picker_flutter:compileDebugJavaWithJavac (Thread[#43642,included builds,5,main]) started.
[        ] :emoji_picker_flutter:compileDebugJavaWithJavac (Thread[#43642,included builds,5,main]) started.
[        ] > Task :emoji_picker_flutter:compileDebugJavaWithJavac NO-SOURCE
[        ] Skipping task ':emoji_picker_flutter:compileDebugJavaWithJavac' as it has no source files and no previous output files.
[        ] Resolve mutations for :emoji_picker_flutter:bundleLibCompileToJarDebug (Thread[#43642,included builds,5,main]) started.
[        ] :emoji_picker_flutter:bundleLibCompileToJarDebug (Thread[#43642,included builds,5,main]) started.
[        ] > Task :emoji_picker_flutter:bundleLibCompileToJarDebug UP-TO-DATE
[        ] Caching disabled for task ':emoji_picker_flutter:bundleLibCompileToJarDebug' because:
[        ]   Build cache is disabled
[        ]   Simple merging task
[        ] Skipping task ':emoji_picker_flutter:bundleLibCompileToJarDebug' as it is up-to-date.
[        ] work action resolve classes.jar (project :emoji_picker_flutter) (Thread[#43642,included builds,5,main]) started.
[        ] Resolve mutations for :file_selector_android:javaPreCompileDebug (Thread[#43642,included builds,5,main]) started.
[        ] :file_selector_android:javaPreCompileDebug (Thread[#43642,included builds,5,main]) started.
[        ] > Task :file_selector_android:javaPreCompileDebug UP-TO-DATE
[        ] Caching disabled for task ':file_selector_android:javaPreCompileDebug' because:
[        ]   Build cache is disabled
[        ] Skipping task ':file_selector_android:javaPreCompileDebug' as it is up-to-date.
[        ] Resolve mutations for :file_selector_android:compileDebugJavaWithJavac (Thread[#43642,included builds,5,main]) started.
[        ] :file_selector_android:compileDebugJavaWithJavac (Thread[#43642,included builds,5,main]) started.
[        ] > Task :file_selector_android:compileDebugJavaWithJavac UP-TO-DATE
[        ] Custom actions are attached to task ':file_selector_android:compileDebugJavaWithJavac'.
[        ] Caching disabled for task ':file_selector_android:compileDebugJavaWithJavac' because:
[        ]   Build cache is disabled
[        ] Skipping task ':file_selector_android:compileDebugJavaWithJavac' as it is up-to-date.
[        ] No compile result for :file_selector_android:compileDebugJavaWithJavac
[        ] No compile result for :file_selector_android:compileDebugJavaWithJavac
[        ] Resolve mutations for :file_selector_android:bundleLibCompileToJarDebug (Thread[#43642,included builds,5,main]) started.
[        ] :file_selector_android:bundleLibCompileToJarDebug (Thread[#43642,included builds,5,main]) started.
[        ] > Task :file_selector_android:bundleLibCompileToJarDebug UP-TO-DATE
[        ] Caching disabled for task ':file_selector_android:bundleLibCompileToJarDebug' because:
[        ]   Build cache is disabled
[        ]   Simple merging task
[        ] Skipping task ':file_selector_android:bundleLibCompileToJarDebug' as it is up-to-date.
[        ] work action resolve classes.jar (project :file_selector_android) (Thread[#43642,included builds,5,main]) started.
[        ] Resolve mutations for :flutter_keyboard_visibility_temp_fork:javaPreCompileDebug (Thread[#43642,included builds,5,main]) started.
[        ] :flutter_keyboard_visibility_temp_fork:javaPreCompileDebug (Thread[#43642,included builds,5,main]) started.
[        ] > Task :flutter_keyboard_visibility_temp_fork:javaPreCompileDebug UP-TO-DATE
[        ] Caching disabled for task ':flutter_keyboard_visibility_temp_fork:javaPreCompileDebug' because:
[        ]   Build cache is disabled
[        ] Skipping task ':flutter_keyboard_visibility_temp_fork:javaPreCompileDebug' as it is up-to-date.
[        ] Resolve mutations for :flutter_keyboard_visibility_temp_fork:compileDebugJavaWithJavac (Thread[#43642,included builds,5,main]) started.
[        ] :flutter_keyboard_visibility_temp_fork:compileDebugJavaWithJavac (Thread[#43642,included builds,5,main]) started.
[        ] > Task :flutter_keyboard_visibility_temp_fork:compileDebugJavaWithJavac UP-TO-DATE
[        ] Custom actions are attached to task ':flutter_keyboard_visibility_temp_fork:compileDebugJavaWithJavac'.
[        ] Caching disabled for task ':flutter_keyboard_visibility_temp_fork:compileDebugJavaWithJavac' because:
[        ]   Build cache is disabled
[        ] Skipping task ':flutter_keyboard_visibility_temp_fork:compileDebugJavaWithJavac' as it is up-to-date.
[        ] No compile result for :flutter_keyboard_visibility_temp_fork:compileDebugJavaWithJavac
[        ] No compile result for :flutter_keyboard_visibility_temp_fork:compileDebugJavaWithJavac
[        ] Resolve mutations for :flutter_keyboard_visibility_temp_fork:bundleLibCompileToJarDebug (Thread[#43642,included builds,5,main]) started.
[        ] :flutter_keyboard_visibility_temp_fork:bundleLibCompileToJarDebug (Thread[#43642,included builds,5,main]) started.
[        ] > Task :flutter_keyboard_visibility_temp_fork:bundleLibCompileToJarDebug UP-TO-DATE
[        ] Caching disabled for task ':flutter_keyboard_visibility_temp_fork:bundleLibCompileToJarDebug' because:
[        ]   Build cache is disabled
[        ]   Simple merging task
[        ] Skipping task ':flutter_keyboard_visibility_temp_fork:bundleLibCompileToJarDebug' as it is up-to-date.
[        ] work action resolve classes.jar (project :flutter_keyboard_visibility_temp_fork) (Thread[#43642,included builds,5,main]) started.
[        ] Resolve mutations for :flutter_native_splash:javaPreCompileDebug (Thread[#43642,included builds,5,main]) started.
[        ] :flutter_native_splash:javaPreCompileDebug (Thread[#43642,included builds,5,main]) started.
[        ] > Task :flutter_native_splash:javaPreCompileDebug UP-TO-DATE
[        ] Caching disabled for task ':flutter_native_splash:javaPreCompileDebug' because:
[        ]   Build cache is disabled
[        ] Skipping task ':flutter_native_splash:javaPreCompileDebug' as it is up-to-date.
[        ] Resolve mutations for :flutter_native_splash:compileDebugJavaWithJavac (Thread[#43642,included builds,5,main]) started.
[        ] :flutter_native_splash:compileDebugJavaWithJavac (Thread[#43642,included builds,5,main]) started.
[        ] > Task :flutter_native_splash:compileDebugJavaWithJavac UP-TO-DATE
[        ] Custom actions are attached to task ':flutter_native_splash:compileDebugJavaWithJavac'.
[        ] Caching disabled for task ':flutter_native_splash:compileDebugJavaWithJavac' because:
[        ]   Build cache is disabled
[        ] Skipping task ':flutter_native_splash:compileDebugJavaWithJavac' as it is up-to-date.
[        ] No compile result for :flutter_native_splash:compileDebugJavaWithJavac
[        ] No compile result for :flutter_native_splash:compileDebugJavaWithJavac
[        ] Resolve mutations for :flutter_native_splash:bundleLibCompileToJarDebug (Thread[#43642,included builds,5,main]) started.
[        ] :flutter_native_splash:bundleLibCompileToJarDebug (Thread[#43642,included builds,5,main]) started.
[        ] > Task :flutter_native_splash:bundleLibCompileToJarDebug UP-TO-DATE
[        ] Caching disabled for task ':flutter_native_splash:bundleLibCompileToJarDebug' because:
[        ]   Build cache is disabled
[        ]   Simple merging task
[        ] Skipping task ':flutter_native_splash:bundleLibCompileToJarDebug' as it is up-to-date.
[        ] work action resolve classes.jar (project :flutter_native_splash) (Thread[#43642,included builds,5,main]) started.
[        ] Resolve mutations for :flutter_olm:checkKotlinGradlePluginConfigurationErrors (Thread[#43642,included builds,5,main]) started.
[        ] :flutter_olm:checkKotlinGradlePluginConfigurationErrors (Thread[#43642,included builds,5,main]) started.
[        ] > Task :flutter_olm:checkKotlinGradlePluginConfigurationErrors SKIPPED
[        ] Skipping task ':flutter_olm:checkKotlinGradlePluginConfigurationErrors' as task onlyIf 'errorDiagnostics are present' is false.
[        ] Resolve mutations for :flutter_olm:compileDebugKotlin (Thread[#43642,included builds,5,main]) started.
[        ] :flutter_olm:compileDebugKotlin (Thread[#43642,included builds,5,main]) started.
[        ] > Task :flutter_olm:compileDebugKotlin UP-TO-DATE
[        ] Adding -Xuse-inline-scopes-numbers Kotlin compiler flag for task :flutter_olm:compileDebugAndroidTestKotlin
[        ] Caching disabled for task ':flutter_olm:compileDebugKotlin' because:
[        ]   Build cache is disabled
[        ] Skipping task ':flutter_olm:compileDebugKotlin' as it is up-to-date.
[        ] Resolve mutations for :flutter_olm:javaPreCompileDebug (Thread[#43642,included builds,5,main]) started.
[        ] :flutter_olm:javaPreCompileDebug (Thread[#43642,included builds,5,main]) started.
[        ] > Task :flutter_olm:javaPreCompileDebug UP-TO-DATE
[        ] Caching disabled for task ':flutter_olm:javaPreCompileDebug' because:
[        ]   Build cache is disabled
[        ] Skipping task ':flutter_olm:javaPreCompileDebug' as it is up-to-date.
[        ] Resolve mutations for :flutter_olm:compileDebugJavaWithJavac (Thread[#43642,included builds,5,main]) started.
[        ] :flutter_olm:compileDebugJavaWithJavac (Thread[#43642,included builds,5,main]) started.
[        ] > Task :flutter_olm:compileDebugJavaWithJavac NO-SOURCE
[        ] Skipping task ':flutter_olm:compileDebugJavaWithJavac' as it has no source files and no previous output files.
[        ] Resolve mutations for :flutter_olm:bundleLibCompileToJarDebug (Thread[#43642,included builds,5,main]) started.
[        ] :flutter_olm:bundleLibCompileToJarDebug (Thread[#43642,included builds,5,main]) started.
[        ] > Task :flutter_olm:bundleLibCompileToJarDebug UP-TO-DATE
[        ] Caching disabled for task ':flutter_olm:bundleLibCompileToJarDebug' because:
[        ]   Build cache is disabled
[        ]   Simple merging task
[        ] Skipping task ':flutter_olm:bundleLibCompileToJarDebug' as it is up-to-date.
[        ] work action resolve classes.jar (project :flutter_olm) (Thread[#43642,included builds,5,main]) started.
[        ] Resolve mutations for :flutter_openssl_crypto:checkKotlinGradlePluginConfigurationErrors (Thread[#43642,included builds,5,main]) started.
[        ] :flutter_openssl_crypto:checkKotlinGradlePluginConfigurationErrors (Thread[#43642,included builds,5,main]) started.
[        ] > Task :flutter_openssl_crypto:checkKotlinGradlePluginConfigurationErrors SKIPPED
[        ] Skipping task ':flutter_openssl_crypto:checkKotlinGradlePluginConfigurationErrors' as task onlyIf 'errorDiagnostics are present' is false.
[        ] Resolve mutations for :flutter_openssl_crypto:compileDebugKotlin (Thread[#43642,included builds,5,main]) started.
[        ] :flutter_openssl_crypto:compileDebugKotlin (Thread[#43642,included builds,5,main]) started.
[        ] > Task :flutter_openssl_crypto:compileDebugKotlin UP-TO-DATE
[        ] Adding -Xuse-inline-scopes-numbers Kotlin compiler flag for task :flutter_openssl_crypto:compileDebugAndroidTestKotlin
[        ] Caching disabled for task ':flutter_openssl_crypto:compileDebugKotlin' because:
[        ]   Build cache is disabled
[        ] Skipping task ':flutter_openssl_crypto:compileDebugKotlin' as it is up-to-date.
[        ] Resolve mutations for :flutter_openssl_crypto:javaPreCompileDebug (Thread[#43642,included builds,5,main]) started.
[        ] :flutter_openssl_crypto:javaPreCompileDebug (Thread[#43642,included builds,5,main]) started.
[        ] > Task :flutter_openssl_crypto:javaPreCompileDebug UP-TO-DATE
[        ] Caching disabled for task ':flutter_openssl_crypto:javaPreCompileDebug' because:
[        ]   Build cache is disabled
[        ] Skipping task ':flutter_openssl_crypto:javaPreCompileDebug' as it is up-to-date.
[        ] Resolve mutations for :flutter_openssl_crypto:compileDebugJavaWithJavac (Thread[#43642,included builds,5,main]) started.
[        ] :flutter_openssl_crypto:compileDebugJavaWithJavac (Thread[#43642,included builds,5,main]) started.
[        ] > Task :flutter_openssl_crypto:compileDebugJavaWithJavac NO-SOURCE
[        ] Skipping task ':flutter_openssl_crypto:compileDebugJavaWithJavac' as it has no source files and no previous output files.
[        ] Resolve mutations for :flutter_openssl_crypto:bundleLibCompileToJarDebug (Thread[#43642,included builds,5,main]) started.
[        ] :flutter_openssl_crypto:bundleLibCompileToJarDebug (Thread[#43642,included builds,5,main]) started.
[        ] > Task :flutter_openssl_crypto:bundleLibCompileToJarDebug UP-TO-DATE
[        ] Caching disabled for task ':flutter_openssl_crypto:bundleLibCompileToJarDebug' because:
[        ]   Build cache is disabled
[        ]   Simple merging task
[        ] Skipping task ':flutter_openssl_crypto:bundleLibCompileToJarDebug' as it is up-to-date.
[        ] work action resolve classes.jar (project :flutter_openssl_crypto) (Thread[#43642,included builds,5,main]) started.
[        ] Resolve mutations for :integration_test:javaPreCompileDebug (Thread[#43642,included builds,5,main]) started.
[        ] :integration_test:javaPreCompileDebug (Thread[#43642,included builds,5,main]) started.
[        ] > Task :integration_test:javaPreCompileDebug UP-TO-DATE
[        ] Caching disabled for task ':integration_test:javaPreCompileDebug' because:
[        ]   Build cache is disabled
[        ] Skipping task ':integration_test:javaPreCompileDebug' as it is up-to-date.
[        ] Resolve mutations for :integration_test:compileDebugJavaWithJavac (Thread[#43642,included builds,5,main]) started.
[        ] :integration_test:compileDebugJavaWithJavac (Thread[#43642,included builds,5,main]) started.
[        ] > Task :integration_test:compileDebugJavaWithJavac UP-TO-DATE
[        ] Custom actions are attached to task ':integration_test:compileDebugJavaWithJavac'.
[        ] Caching disabled for task ':integration_test:compileDebugJavaWithJavac' because:
[        ]   Build cache is disabled
[        ] Skipping task ':integration_test:compileDebugJavaWithJavac' as it is up-to-date.
[        ] No compile result for :integration_test:compileDebugJavaWithJavac
[        ] No compile result for :integration_test:compileDebugJavaWithJavac
[        ] Resolve mutations for :integration_test:bundleLibCompileToJarDebug (Thread[#43642,included builds,5,main]) started.
[        ] :integration_test:bundleLibCompileToJarDebug (Thread[#43642,included builds,5,main]) started.
[        ] > Task :integration_test:bundleLibCompileToJarDebug UP-TO-DATE
[        ] Caching disabled for task ':integration_test:bundleLibCompileToJarDebug' because:
[        ]   Build cache is disabled
[        ]   Simple merging task
[        ] Skipping task ':integration_test:bundleLibCompileToJarDebug' as it is up-to-date.
[        ] work action resolve classes.jar (project :integration_test) (Thread[#43642,included builds,5,main]) started.
[        ] Resolve mutations for :path_provider_android:javaPreCompileDebug (Thread[#43642,included builds,5,main]) started.
[        ] :path_provider_android:javaPreCompileDebug (Thread[#43642,included builds,5,main]) started.
[        ] > Task :path_provider_android:javaPreCompileDebug UP-TO-DATE
[        ] Caching disabled for task ':path_provider_android:javaPreCompileDebug' because:
[        ]   Build cache is disabled
[        ] Skipping task ':path_provider_android:javaPreCompileDebug' as it is up-to-date.
[        ] Resolve mutations for :path_provider_android:compileDebugJavaWithJavac (Thread[#43642,included builds,5,main]) started.
[        ] :path_provider_android:compileDebugJavaWithJavac (Thread[#43642,included builds,5,main]) started.
[        ] > Task :path_provider_android:compileDebugJavaWithJavac UP-TO-DATE
[        ] Custom actions are attached to task ':path_provider_android:compileDebugJavaWithJavac'.
[        ] Caching disabled for task ':path_provider_android:compileDebugJavaWithJavac' because:
[        ]   Build cache is disabled
[        ] Skipping task ':path_provider_android:compileDebugJavaWithJavac' as it is up-to-date.
[        ] No compile result for :path_provider_android:compileDebugJavaWithJavac
[        ] No compile result for :path_provider_android:compileDebugJavaWithJavac
[        ] Resolve mutations for :path_provider_android:bundleLibCompileToJarDebug (Thread[#43642,included builds,5,main]) started.
[        ] :path_provider_android:bundleLibCompileToJarDebug (Thread[#43642,included builds,5,main]) started.
[        ] > Task :path_provider_android:bundleLibCompileToJarDebug UP-TO-DATE
[        ] Caching disabled for task ':path_provider_android:bundleLibCompileToJarDebug' because:
[        ]   Build cache is disabled
[        ]   Simple merging task
[        ] Skipping task ':path_provider_android:bundleLibCompileToJarDebug' as it is up-to-date.
[        ] work action resolve classes.jar (project :path_provider_android) (Thread[#43642,included builds,5,main]) started.
[        ] Resolve mutations for :quill_native_bridge_android:checkKotlinGradlePluginConfigurationErrors (Thread[#43642,included builds,5,main]) started.
[        ] :quill_native_bridge_android:checkKotlinGradlePluginConfigurationErrors (Thread[#43642,included builds,5,main]) started.
[        ] > Task :quill_native_bridge_android:checkKotlinGradlePluginConfigurationErrors SKIPPED
[        ] Skipping task ':quill_native_bridge_android:checkKotlinGradlePluginConfigurationErrors' as task onlyIf 'errorDiagnostics are present' is false.
[        ] Resolve mutations for :quill_native_bridge_android:compileDebugKotlin (Thread[#43642,included builds,5,main]) started.
[        ] :quill_native_bridge_android:compileDebugKotlin (Thread[#43642,included builds,5,main]) started.
[        ] > Task :quill_native_bridge_android:compileDebugKotlin UP-TO-DATE
[        ] Adding -Xuse-inline-scopes-numbers Kotlin compiler flag for task :quill_native_bridge_android:compileDebugAndroidTestKotlin
[        ] Caching disabled for task ':quill_native_bridge_android:compileDebugKotlin' because:
[        ]   Build cache is disabled
[        ] Skipping task ':quill_native_bridge_android:compileDebugKotlin' as it is up-to-date.
[        ] Resolve mutations for :quill_native_bridge_android:javaPreCompileDebug (Thread[#43642,included builds,5,main]) started.
[        ] :quill_native_bridge_android:javaPreCompileDebug (Thread[#43642,included builds,5,main]) started.
[        ] > Task :quill_native_bridge_android:javaPreCompileDebug UP-TO-DATE
[        ] Caching disabled for task ':quill_native_bridge_android:javaPreCompileDebug' because:
[        ]   Build cache is disabled
[        ] Skipping task ':quill_native_bridge_android:javaPreCompileDebug' as it is up-to-date.
[        ] Resolve mutations for :quill_native_bridge_android:compileDebugJavaWithJavac (Thread[#43642,included builds,5,main]) started.
[        ] :quill_native_bridge_android:compileDebugJavaWithJavac (Thread[#43642,included builds,5,main]) started.
[        ] > Task :quill_native_bridge_android:compileDebugJavaWithJavac NO-SOURCE
[        ] Skipping task ':quill_native_bridge_android:compileDebugJavaWithJavac' as it has no source files and no previous output files.
[        ] Resolve mutations for :quill_native_bridge_android:bundleLibCompileToJarDebug (Thread[#43642,included builds,5,main]) started.
[        ] :quill_native_bridge_android:bundleLibCompileToJarDebug (Thread[#43642,included builds,5,main]) started.
[        ] > Task :quill_native_bridge_android:bundleLibCompileToJarDebug UP-TO-DATE
[        ] Caching disabled for task ':quill_native_bridge_android:bundleLibCompileToJarDebug' because:
[        ]   Build cache is disabled
[        ]   Simple merging task
[        ] Skipping task ':quill_native_bridge_android:bundleLibCompileToJarDebug' as it is up-to-date.
[        ] work action resolve classes.jar (project :quill_native_bridge_android) (Thread[#43642,included builds,5,main]) started.
[        ] Resolve mutations for :shared_preferences_android:checkKotlinGradlePluginConfigurationErrors (Thread[#43642,included builds,5,main]) started.
[        ] :shared_preferences_android:checkKotlinGradlePluginConfigurationErrors (Thread[#43642,included builds,5,main]) started.
[        ] > Task :shared_preferences_android:checkKotlinGradlePluginConfigurationErrors SKIPPED
[        ] Skipping task ':shared_preferences_android:checkKotlinGradlePluginConfigurationErrors' as task onlyIf 'errorDiagnostics are present' is false.
[        ] Resolve mutations for :shared_preferences_android:compileDebugKotlin (Thread[#43642,included builds,5,main]) started.
[        ] :shared_preferences_android:compileDebugKotlin (Thread[#43642,included builds,5,main]) started.
[        ] > Task :shared_preferences_android:compileDebugKotlin UP-TO-DATE
[        ] Adding -Xuse-inline-scopes-numbers Kotlin compiler flag for task :shared_preferences_android:compileDebugAndroidTestKotlin
[        ] Caching disabled for task ':shared_preferences_android:compileDebugKotlin' because:
[        ]   Build cache is disabled
[        ] Skipping task ':shared_preferences_android:compileDebugKotlin' as it is up-to-date.
[        ] Resolve mutations for :shared_preferences_android:javaPreCompileDebug (Thread[#43642,included builds,5,main]) started.
[        ] :shared_preferences_android:javaPreCompileDebug (Thread[#43642,included builds,5,main]) started.
[        ] > Task :shared_preferences_android:javaPreCompileDebug UP-TO-DATE
[        ] Caching disabled for task ':shared_preferences_android:javaPreCompileDebug' because:
[        ]   Build cache is disabled
[        ] Skipping task ':shared_preferences_android:javaPreCompileDebug' as it is up-to-date.
[        ] Resolve mutations for :shared_preferences_android:compileDebugJavaWithJavac (Thread[#43642,included builds,5,main]) started.
[        ] :shared_preferences_android:compileDebugJavaWithJavac (Thread[#43642,included builds,5,main]) started.
[        ] > Task :shared_preferences_android:compileDebugJavaWithJavac UP-TO-DATE
[        ] Custom actions are attached to task ':shared_preferences_android:compileDebugJavaWithJavac'.
[        ] Caching disabled for task ':shared_preferences_android:compileDebugJavaWithJavac' because:
[        ]   Build cache is disabled
[        ] Skipping task ':shared_preferences_android:compileDebugJavaWithJavac' as it is up-to-date.
[        ] No compile result for :shared_preferences_android:compileDebugJavaWithJavac
[        ] No compile result for :shared_preferences_android:compileDebugJavaWithJavac
[        ] Resolve mutations for :shared_preferences_android:bundleLibCompileToJarDebug (Thread[#43642,included builds,5,main]) started.
[        ] :shared_preferences_android:bundleLibCompileToJarDebug (Thread[#43642,included builds,5,main]) started.
[        ] > Task :shared_preferences_android:bundleLibCompileToJarDebug UP-TO-DATE
[        ] Caching disabled for task ':shared_preferences_android:bundleLibCompileToJarDebug' because:
[        ]   Build cache is disabled
[        ]   Simple merging task
[        ] Skipping task ':shared_preferences_android:bundleLibCompileToJarDebug' as it is up-to-date.
[        ] work action resolve classes.jar (project :shared_preferences_android) (Thread[#43642,included builds,5,main]) started.
[        ] Resolve mutations for :sqflite_android:javaPreCompileDebug (Thread[#43642,included builds,5,main]) started.
[        ] :sqflite_android:javaPreCompileDebug (Thread[#43642,included builds,5,main]) started.
[        ] > Task :sqflite_android:javaPreCompileDebug UP-TO-DATE
[        ] Caching disabled for task ':sqflite_android:javaPreCompileDebug' because:
[        ]   Build cache is disabled
[        ] Skipping task ':sqflite_android:javaPreCompileDebug' as it is up-to-date.
[        ] Resolve mutations for :sqflite_android:compileDebugJavaWithJavac (Thread[#43642,included builds,5,main]) started.
[        ] :sqflite_android:compileDebugJavaWithJavac (Thread[#43642,included builds,5,main]) started.
[ +103 ms] > Task :sqflite_android:compileDebugJavaWithJavac UP-TO-DATE
[        ] Custom actions are attached to task ':sqflite_android:compileDebugJavaWithJavac'.
[        ] Caching disabled for task ':sqflite_android:compileDebugJavaWithJavac' because:
[        ]   Build cache is disabled
[        ] Skipping task ':sqflite_android:compileDebugJavaWithJavac' as it is up-to-date.
[        ] No compile result for :sqflite_android:compileDebugJavaWithJavac
[        ] No compile result for :sqflite_android:compileDebugJavaWithJavac
[        ] Resolve mutations for :sqflite_android:bundleLibCompileToJarDebug (Thread[#43642,included builds,5,main]) started.
[        ] :sqflite_android:bundleLibCompileToJarDebug (Thread[#43642,included builds,5,main]) started.
[        ] > Task :sqflite_android:bundleLibCompileToJarDebug UP-TO-DATE
[        ] Caching disabled for task ':sqflite_android:bundleLibCompileToJarDebug' because:
[        ]   Build cache is disabled
[        ]   Simple merging task
[        ] Skipping task ':sqflite_android:bundleLibCompileToJarDebug' as it is up-to-date.
[        ] work action resolve classes.jar (project :sqflite_android) (Thread[#43642,included builds,5,main]) started.
[        ] Resolve mutations for :url_launcher_android:generateDebugBuildConfig (Thread[#43642,included builds,5,main]) started.
[        ] :url_launcher_android:generateDebugBuildConfig (Thread[#43642,included builds,5,main]) started.
[        ] > Task :url_launcher_android:generateDebugBuildConfig UP-TO-DATE
[        ] Caching disabled for task ':url_launcher_android:generateDebugBuildConfig' because:
[        ]   Build cache is disabled
[        ] Skipping task ':url_launcher_android:generateDebugBuildConfig' as it is up-to-date.
[        ] Resolve mutations for :url_launcher_android:javaPreCompileDebug (Thread[#43642,included builds,5,main]) started.
[        ] :url_launcher_android:javaPreCompileDebug (Thread[#43642,included builds,5,main]) started.
[        ] > Task :url_launcher_android:javaPreCompileDebug UP-TO-DATE
[        ] Caching disabled for task ':url_launcher_android:javaPreCompileDebug' because:
[        ]   Build cache is disabled
[        ] Skipping task ':url_launcher_android:javaPreCompileDebug' as it is up-to-date.
[        ] Resolve mutations for :url_launcher_android:compileDebugJavaWithJavac (Thread[#43642,included builds,5,main]) started.
[        ] :url_launcher_android:compileDebugJavaWithJavac (Thread[#43642,included builds,5,main]) started.
[        ] > Task :url_launcher_android:compileDebugJavaWithJavac UP-TO-DATE
[        ] Custom actions are attached to task ':url_launcher_android:compileDebugJavaWithJavac'.
[        ] Caching disabled for task ':url_launcher_android:compileDebugJavaWithJavac' because:
[        ]   Build cache is disabled
[        ] Skipping task ':url_launcher_android:compileDebugJavaWithJavac' as it is up-to-date.
[        ] No compile result for :url_launcher_android:compileDebugJavaWithJavac
[        ] No compile result for :url_launcher_android:compileDebugJavaWithJavac
[        ] Resolve mutations for :url_launcher_android:bundleLibCompileToJarDebug (Thread[#43642,included builds,5,main]) started.
[        ] :url_launcher_android:bundleLibCompileToJarDebug (Thread[#43642,included builds,5,main]) started.
[        ] > Task :url_launcher_android:bundleLibCompileToJarDebug UP-TO-DATE
[        ] Caching disabled for task ':url_launcher_android:bundleLibCompileToJarDebug' because:
[        ]   Build cache is disabled
[        ]   Simple merging task
[        ] Skipping task ':url_launcher_android:bundleLibCompileToJarDebug' as it is up-to-date.
[        ] work action resolve classes.jar (project :url_launcher_android) (Thread[#43642,included builds,5,main]) started.
[        ] Resolve mutations for :video_player_android:checkKotlinGradlePluginConfigurationErrors (Thread[#43642,included builds,5,main]) started.
[        ] :video_player_android:checkKotlinGradlePluginConfigurationErrors (Thread[#43642,included builds,5,main]) started.
[        ] > Task :video_player_android:checkKotlinGradlePluginConfigurationErrors SKIPPED
[        ] Skipping task ':video_player_android:checkKotlinGradlePluginConfigurationErrors' as task onlyIf 'errorDiagnostics are present' is false.
[        ] Resolve mutations for :video_player_android:compileDebugKotlin (Thread[#43642,included builds,5,main]) started.
[        ] :video_player_android:compileDebugKotlin (Thread[#43642,included builds,5,main]) started.
[        ] > Task :video_player_android:compileDebugKotlin UP-TO-DATE
[        ] Adding -Xuse-inline-scopes-numbers Kotlin compiler flag for task :video_player_android:compileDebugAndroidTestKotlin
[        ] Caching disabled for task ':video_player_android:compileDebugKotlin' because:
[        ]   Build cache is disabled
[        ] Skipping task ':video_player_android:compileDebugKotlin' as it is up-to-date.
[        ] Resolve mutations for :video_player_android:javaPreCompileDebug (Thread[#43642,included builds,5,main]) started.
[        ] :video_player_android:javaPreCompileDebug (Thread[#43642,included builds,5,main]) started.
[        ] > Task :video_player_android:javaPreCompileDebug UP-TO-DATE
[        ] Caching disabled for task ':video_player_android:javaPreCompileDebug' because:
[        ]   Build cache is disabled
[        ] Skipping task ':video_player_android:javaPreCompileDebug' as it is up-to-date.
[        ] Resolve mutations for :video_player_android:compileDebugJavaWithJavac (Thread[#43642,included builds,5,main]) started.
[        ] :video_player_android:compileDebugJavaWithJavac (Thread[#43642,included builds,5,main]) started.
[        ] > Task :video_player_android:compileDebugJavaWithJavac UP-TO-DATE
[        ] Custom actions are attached to task ':video_player_android:compileDebugJavaWithJavac'.
[        ] Caching disabled for task ':video_player_android:compileDebugJavaWithJavac' because:
[        ]   Build cache is disabled
[        ] Skipping task ':video_player_android:compileDebugJavaWithJavac' as it is up-to-date.
[        ] No compile result for :video_player_android:compileDebugJavaWithJavac
[        ] No compile result for :video_player_android:compileDebugJavaWithJavac
[        ] Resolve mutations for :video_player_android:bundleLibCompileToJarDebug (Thread[#43642,included builds,5,main]) started.
[        ] :video_player_android:bundleLibCompileToJarDebug (Thread[#43642,included builds,5,main]) started.
[        ] > Task :video_player_android:bundleLibCompileToJarDebug UP-TO-DATE
[        ] Caching disabled for task ':video_player_android:bundleLibCompileToJarDebug' because:
[        ]   Build cache is disabled
[        ]   Simple merging task
[        ] Skipping task ':video_player_android:bundleLibCompileToJarDebug' as it is up-to-date.
[        ] work action resolve classes.jar (project :video_player_android) (Thread[#43642,included builds,5,main]) started.
[        ] Resolve mutations for :app:compileDebugKotlin (Thread[#43642,included builds,5,main]) started.
[        ] :app:compileDebugKotlin (Thread[#43642,included builds,5,main]) started.
[        ] > Task :app:compileDebugKotlin UP-TO-DATE
[        ] Adding -Xuse-inline-scopes-numbers Kotlin compiler flag for task :app:compileDebugAndroidTestKotlin
[        ] Caching disabled for task ':app:compileDebugKotlin' because:
[        ]   Build cache is disabled
[        ] Skipping task ':app:compileDebugKotlin' as it is up-to-date.
[        ] Resolve mutations for :app:javaPreCompileDebug (Thread[#43642,included builds,5,main]) started.
[        ] :app:javaPreCompileDebug (Thread[#43642,included builds,5,main]) started.
[        ] > Task :app:javaPreCompileDebug UP-TO-DATE
[        ] Caching disabled for task ':app:javaPreCompileDebug' because:
[        ]   Build cache is disabled
[        ] Skipping task ':app:javaPreCompileDebug' as it is up-to-date.
[        ] Resolve mutations for :app:compileDebugJavaWithJavac (Thread[#43642,included builds,5,main]) started.
[        ] :app:compileDebugJavaWithJavac (Thread[#43642,included builds,5,main]) started.
[        ] > Task :app:compileDebugJavaWithJavac UP-TO-DATE
[        ] Custom actions are attached to task ':app:compileDebugJavaWithJavac'.
[        ] Caching disabled for task ':app:compileDebugJavaWithJavac' because:
[        ]   Build cache is disabled
[        ] Skipping task ':app:compileDebugJavaWithJavac' as it is up-to-date.
[        ] No compile result for :app:compileDebugJavaWithJavac
[        ] No compile result for :app:compileDebugJavaWithJavac
[        ] Resolve mutations for :app:compressDebugAssets (Thread[#43642,included builds,5,main]) started.
[        ] :app:compressDebugAssets (Thread[#43642,included builds,5,main]) started.
[        ] Resolve mutations for :app:processDebugJavaRes (Thread[#43645,Execution worker Thread 3,5,main]) started.
[        ] :app:processDebugJavaRes (Thread[#43645,Execution worker Thread 3,5,main]) started.
[        ] > Task :app:processDebugJavaRes UP-TO-DATE
[        ] file or directory '/Users/florian/Code/substitution/android/app/src/main/resources', not found
[        ] file or directory '/Users/florian/Code/substitution/android/app/src/debug/resources', not found
[        ] file or directory '/Users/florian/Code/substitution/android/app/src/main/resources', not found
[        ] file or directory '/Users/florian/Code/substitution/android/app/src/debug/resources', not found
[        ] Caching disabled for task ':app:processDebugJavaRes' because:
[        ]   Build cache is disabled
[        ]   Caching has been disabled for the task
[        ] Skipping task ':app:processDebugJavaRes' as it is up-to-date.
[        ] Resolve mutations for :connectivity_plus:processDebugJavaRes (Thread[#43645,Execution worker Thread 3,5,main]) started.
[        ] :connectivity_plus:processDebugJavaRes (Thread[#43645,Execution worker Thread 3,5,main]) started.
[        ] > Task :connectivity_plus:processDebugJavaRes NO-SOURCE
[        ] file or directory '/Users/florian/.pub-cache/hosted/pub.dev/connectivity_plus-5.0.2/android/src/main/resources', not found
[        ] file or directory '/Users/florian/.pub-cache/hosted/pub.dev/connectivity_plus-5.0.2/android/src/debug/resources', not found
[        ] Skipping task ':connectivity_plus:processDebugJavaRes' as it has no source files and no previous output files.
[        ] work action resolve out (project :connectivity_plus) (Thread[#43645,Execution worker Thread 3,5,main]) started.
[        ] Resolve mutations for :emoji_picker_flutter:processDebugJavaRes (Thread[#43645,Execution worker Thread 3,5,main]) started.
[        ] :emoji_picker_flutter:processDebugJavaRes (Thread[#43645,Execution worker Thread 3,5,main]) started.
[        ] > Task :emoji_picker_flutter:processDebugJavaRes UP-TO-DATE
[        ] file or directory '/Users/florian/.pub-cache/hosted/pub.dev/emoji_picker_flutter-4.4.0/android/src/main/resources', not found
[        ] file or directory '/Users/florian/.pub-cache/hosted/pub.dev/emoji_picker_flutter-4.4.0/android/src/debug/resources', not found
[        ] file or directory '/Users/florian/.pub-cache/hosted/pub.dev/emoji_picker_flutter-4.4.0/android/src/main/resources', not found
[        ] file or directory '/Users/florian/.pub-cache/hosted/pub.dev/emoji_picker_flutter-4.4.0/android/src/debug/resources', not found
[        ] Caching disabled for task ':emoji_picker_flutter:processDebugJavaRes' because:
[        ]   Build cache is disabled
[        ]   Caching has been disabled for the task
[        ] Skipping task ':emoji_picker_flutter:processDebugJavaRes' as it is up-to-date.
[        ] work action resolve out (project :emoji_picker_flutter) (Thread[#43645,Execution worker Thread 3,5,main]) started.
[        ] Resolve mutations for :file_selector_android:processDebugJavaRes (Thread[#43645,Execution worker Thread 3,5,main]) started.
[        ] :file_selector_android:processDebugJavaRes (Thread[#43645,Execution worker Thread 3,5,main]) started.
[        ] > Task :file_selector_android:processDebugJavaRes NO-SOURCE
[        ] file or directory '/Users/florian/.pub-cache/hosted/pub.dev/file_selector_android-0.5.2+4/android/src/main/resources', not found
[        ] file or directory '/Users/florian/.pub-cache/hosted/pub.dev/file_selector_android-0.5.2+4/android/src/debug/resources', not found
[        ] Skipping task ':file_selector_android:processDebugJavaRes' as it has no source files and no previous output files.
[        ] work action resolve out (project :file_selector_android) (Thread[#43645,Execution worker Thread 3,5,main]) started.
[        ] Resolve mutations for :flutter_keyboard_visibility_temp_fork:processDebugJavaRes (Thread[#43645,Execution worker Thread 3,5,main]) started.
[        ] :flutter_keyboard_visibility_temp_fork:processDebugJavaRes (Thread[#43645,Execution worker Thread 3,5,main]) started.
[        ] > Task :flutter_keyboard_visibility_temp_fork:processDebugJavaRes NO-SOURCE
[        ] file or directory '/Users/florian/.pub-cache/hosted/pub.dev/flutter_keyboard_visibility_temp_fork-0.1.5/android/src/main/resources', not found
[        ] file or directory '/Users/florian/.pub-cache/hosted/pub.dev/flutter_keyboard_visibility_temp_fork-0.1.5/android/src/debug/resources', not found
[        ] Skipping task ':flutter_keyboard_visibility_temp_fork:processDebugJavaRes' as it has no source files and no previous output files.
[        ] work action resolve out (project :flutter_keyboard_visibility_temp_fork) (Thread[#43645,Execution worker Thread 3,5,main]) started.
[        ] Resolve mutations for :flutter_native_splash:processDebugJavaRes (Thread[#43645,Execution worker Thread 3,5,main]) started.
[        ] :flutter_native_splash:processDebugJavaRes (Thread[#43645,Execution worker Thread 3,5,main]) started.
[        ] > Task :flutter_native_splash:processDebugJavaRes NO-SOURCE
[        ] file or directory '/Users/florian/.pub-cache/hosted/pub.dev/flutter_native_splash-2.4.7/android/src/main/resources', not found
[        ] file or directory '/Users/florian/.pub-cache/hosted/pub.dev/flutter_native_splash-2.4.7/android/src/debug/resources', not found
[        ] Skipping task ':flutter_native_splash:processDebugJavaRes' as it has no source files and no previous output files.
[        ] work action resolve out (project :flutter_native_splash) (Thread[#43645,Execution worker Thread 3,5,main]) started.
[        ] Resolve mutations for :flutter_olm:processDebugJavaRes (Thread[#43645,Execution worker Thread 3,5,main]) started.
[        ] :flutter_olm:processDebugJavaRes (Thread[#43645,Execution worker Thread 3,5,main]) started.
[        ] > Task :flutter_olm:processDebugJavaRes UP-TO-DATE
[        ] file or directory '/Users/florian/.pub-cache/hosted/pub.dev/flutter_olm-2.0.0/android/src/main/resources', not found
[        ] file or directory '/Users/florian/.pub-cache/hosted/pub.dev/flutter_olm-2.0.0/android/src/debug/resources', not found
[        ] file or directory '/Users/florian/.pub-cache/hosted/pub.dev/flutter_olm-2.0.0/android/src/main/resources', not found
[        ] file or directory '/Users/florian/.pub-cache/hosted/pub.dev/flutter_olm-2.0.0/android/src/debug/resources', not found
[        ] Caching disabled for task ':flutter_olm:processDebugJavaRes' because:
[        ]   Build cache is disabled
[        ]   Caching has been disabled for the task
[        ] Skipping task ':flutter_olm:processDebugJavaRes' as it is up-to-date.
[        ] work action resolve out (project :flutter_olm) (Thread[#43645,Execution worker Thread 3,5,main]) started.
[        ] Resolve mutations for :flutter_openssl_crypto:processDebugJavaRes (Thread[#43645,Execution worker Thread 3,5,main]) started.
[        ] :flutter_openssl_crypto:processDebugJavaRes (Thread[#43645,Execution worker Thread 3,5,main]) started.
[        ] > Task :flutter_openssl_crypto:processDebugJavaRes UP-TO-DATE
[        ] file or directory '/Users/florian/.pub-cache/hosted/pub.dev/flutter_openssl_crypto-0.5.0/android/src/main/resources', not found
[        ] file or directory '/Users/florian/.pub-cache/hosted/pub.dev/flutter_openssl_crypto-0.5.0/android/src/debug/resources', not found
[        ] file or directory '/Users/florian/.pub-cache/hosted/pub.dev/flutter_openssl_crypto-0.5.0/android/src/main/resources', not found
[        ] file or directory '/Users/florian/.pub-cache/hosted/pub.dev/flutter_openssl_crypto-0.5.0/android/src/debug/resources', not found
[        ] Caching disabled for task ':flutter_openssl_crypto:processDebugJavaRes' because:
[        ]   Build cache is disabled
[        ]   Caching has been disabled for the task
[        ] Skipping task ':flutter_openssl_crypto:processDebugJavaRes' as it is up-to-date.
[        ] work action resolve out (project :flutter_openssl_crypto) (Thread[#43645,Execution worker Thread 3,5,main]) started.
[        ] Resolve mutations for :integration_test:processDebugJavaRes (Thread[#43645,Execution worker Thread 3,5,main]) started.
[        ] :integration_test:processDebugJavaRes (Thread[#43645,Execution worker Thread 3,5,main]) started.
[        ] > Task :integration_test:processDebugJavaRes NO-SOURCE
[        ] file or directory '/opt/homebrew/share/flutter/packages/integration_test/android/src/main/resources', not found
[        ] file or directory '/opt/homebrew/share/flutter/packages/integration_test/android/src/debug/resources', not found
[        ] Skipping task ':integration_test:processDebugJavaRes' as it has no source files and no previous output files.
[        ] work action resolve out (project :integration_test) (Thread[#43645,Execution worker Thread 3,5,main]) started.
[        ] Resolve mutations for :path_provider_android:processDebugJavaRes (Thread[#43645,Execution worker Thread 3,5,main]) started.
[        ] :path_provider_android:processDebugJavaRes (Thread[#43645,Execution worker Thread 3,5,main]) started.
[        ] > Task :path_provider_android:processDebugJavaRes NO-SOURCE
[        ] file or directory '/Users/florian/.pub-cache/hosted/pub.dev/path_provider_android-2.2.22/android/src/main/resources', not found
[        ] file or directory '/Users/florian/.pub-cache/hosted/pub.dev/path_provider_android-2.2.22/android/src/debug/resources', not found
[        ] Skipping task ':path_provider_android:processDebugJavaRes' as it has no source files and no previous output files.
[        ] work action resolve out (project :path_provider_android) (Thread[#43645,Execution worker Thread 3,5,main]) started.
[        ] Resolve mutations for :quill_native_bridge_android:processDebugJavaRes (Thread[#43645,Execution worker Thread 3,5,main]) started.
[        ] :quill_native_bridge_android:processDebugJavaRes (Thread[#43645,Execution worker Thread 3,5,main]) started.
[        ] > Task :quill_native_bridge_android:processDebugJavaRes UP-TO-DATE
[        ] file or directory '/Users/florian/.pub-cache/hosted/pub.dev/quill_native_bridge_android-0.0.1+2/android/src/main/resources', not found
[        ] file or directory '/Users/florian/.pub-cache/hosted/pub.dev/quill_native_bridge_android-0.0.1+2/android/src/debug/resources', not found
[        ] file or directory '/Users/florian/.pub-cache/hosted/pub.dev/quill_native_bridge_android-0.0.1+2/android/src/main/resources', not found
[        ] file or directory '/Users/florian/.pub-cache/hosted/pub.dev/quill_native_bridge_android-0.0.1+2/android/src/debug/resources', not found
[        ] Caching disabled for task ':quill_native_bridge_android:processDebugJavaRes' because:
[        ]   Build cache is disabled
[        ]   Caching has been disabled for the task
[        ] Skipping task ':quill_native_bridge_android:processDebugJavaRes' as it is up-to-date.
[        ] work action resolve out (project :quill_native_bridge_android) (Thread[#43645,Execution worker Thread 3,5,main]) started.
[        ] Resolve mutations for :shared_preferences_android:processDebugJavaRes (Thread[#43645,Execution worker Thread 3,5,main]) started.
[        ] :shared_preferences_android:processDebugJavaRes (Thread[#43645,Execution worker Thread 3,5,main]) started.
[        ] > Task :shared_preferences_android:processDebugJavaRes UP-TO-DATE
[        ] file or directory '/Users/florian/.pub-cache/hosted/pub.dev/shared_preferences_android-2.4.20/android/src/main/resources', not found
[        ] file or directory '/Users/florian/.pub-cache/hosted/pub.dev/shared_preferences_android-2.4.20/android/src/debug/resources', not found
[        ] file or directory '/Users/florian/.pub-cache/hosted/pub.dev/shared_preferences_android-2.4.20/android/src/main/resources', not found
[        ] file or directory '/Users/florian/.pub-cache/hosted/pub.dev/shared_preferences_android-2.4.20/android/src/debug/resources', not found
[        ] Caching disabled for task ':shared_preferences_android:processDebugJavaRes' because:
[        ]   Build cache is disabled
[        ]   Caching has been disabled for the task
[        ] Skipping task ':shared_preferences_android:processDebugJavaRes' as it is up-to-date.
[        ] work action resolve out (project :shared_preferences_android) (Thread[#43645,Execution worker Thread 3,5,main]) started.
[        ] Resolve mutations for :sqflite_android:processDebugJavaRes (Thread[#43645,Execution worker Thread 3,5,main]) started.
[        ] :sqflite_android:processDebugJavaRes (Thread[#43645,Execution worker Thread 3,5,main]) started.
[        ] > Task :sqflite_android:processDebugJavaRes NO-SOURCE
[        ] file or directory '/Users/florian/.pub-cache/hosted/pub.dev/sqflite_android-2.4.2+2/android/src/main/resources', not found
[        ] file or directory '/Users/florian/.pub-cache/hosted/pub.dev/sqflite_android-2.4.2+2/android/src/debug/resources', not found
[        ] Skipping task ':sqflite_android:processDebugJavaRes' as it has no source files and no previous output files.
[        ] work action resolve out (project :sqflite_android) (Thread[#43645,Execution worker Thread 3,5,main]) started.
[        ] Resolve mutations for :url_launcher_android:processDebugJavaRes (Thread[#43645,Execution worker Thread 3,5,main]) started.
[        ] :url_launcher_android:processDebugJavaRes (Thread[#43645,Execution worker Thread 3,5,main]) started.
[        ] > Task :url_launcher_android:processDebugJavaRes NO-SOURCE
[        ] file or directory '/Users/florian/.pub-cache/hosted/pub.dev/url_launcher_android-6.3.28/android/src/main/resources', not found
[        ] file or directory '/Users/florian/.pub-cache/hosted/pub.dev/url_launcher_android-6.3.28/android/src/debug/resources', not found
[        ] Skipping task ':url_launcher_android:processDebugJavaRes' as it has no source files and no previous output files.
[        ] work action resolve out (project :url_launcher_android) (Thread[#43645,Execution worker Thread 3,5,main]) started.
[        ] Resolve mutations for :video_player_android:processDebugJavaRes (Thread[#43645,Execution worker Thread 3,5,main]) started.
[        ] :video_player_android:processDebugJavaRes (Thread[#43645,Execution worker Thread 3,5,main]) started.
[        ] > Task :video_player_android:processDebugJavaRes UP-TO-DATE
[        ] file or directory '/Users/florian/.pub-cache/hosted/pub.dev/video_player_android-2.9.1/android/src/main/resources', not found
[        ] file or directory '/Users/florian/.pub-cache/hosted/pub.dev/video_player_android-2.9.1/android/src/debug/resources', not found
[        ] file or directory '/Users/florian/.pub-cache/hosted/pub.dev/video_player_android-2.9.1/android/src/main/resources', not found
[        ] file or directory '/Users/florian/.pub-cache/hosted/pub.dev/video_player_android-2.9.1/android/src/debug/resources', not found
[        ] Caching disabled for task ':video_player_android:processDebugJavaRes' because:
[        ]   Build cache is disabled
[        ]   Caching has been disabled for the task
[        ] Skipping task ':video_player_android:processDebugJavaRes' as it is up-to-date.
[        ] work action resolve out (project :video_player_android) (Thread[#43645,Execution worker Thread 3,5,main]) started.
[        ] Resolve mutations for :app:mergeDebugJavaResource (Thread[#43645,Execution worker Thread 3,5,main]) started.
[        ] :app:mergeDebugJavaResource (Thread[#43645,Execution worker Thread 3,5,main]) started.
[        ] > Task :app:mergeDebugJavaResource UP-TO-DATE
[        ] Caching disabled for task ':app:mergeDebugJavaResource' because:
[        ]   Build cache is disabled
[        ]   Caching has been disabled for the task
[        ] Skipping task ':app:mergeDebugJavaResource' as it is up-to-date.
[        ] Resolve mutations for :app:checkDebugDuplicateClasses (Thread[#43645,Execution worker Thread 3,5,main]) started.
[        ] :app:checkDebugDuplicateClasses (Thread[#43645,Execution worker Thread 3,5,main]) started.
[        ] > Task :app:checkDebugDuplicateClasses UP-TO-DATE
[        ] Caching disabled for task ':app:checkDebugDuplicateClasses' because:
[        ]   Build cache is disabled
[        ]   Caching has been disabled for the task
[        ] Skipping task ':app:checkDebugDuplicateClasses' as it is up-to-date.
[        ] Resolve mutations for :app:desugarDebugFileDependencies (Thread[#43645,Execution worker Thread 3,5,main]) started.
[        ] :app:desugarDebugFileDependencies (Thread[#43645,Execution worker Thread 3,5,main]) started.
[        ] > Task :app:desugarDebugFileDependencies UP-TO-DATE
[        ] Caching disabled for task ':app:desugarDebugFileDependencies' because:
[        ]   Build cache is disabled
[        ] Skipping task ':app:desugarDebugFileDependencies' as it is up-to-date.
[        ] Resolve mutations for :app:mergeExtDexDebug (Thread[#43645,Execution worker Thread 3,5,main]) started.
[        ] :app:mergeExtDexDebug (Thread[#43645,Execution worker Thread 3,5,main]) started.
[        ] > Task :app:mergeExtDexDebug UP-TO-DATE
[        ] Caching disabled for task ':app:mergeExtDexDebug' because:
[        ]   Build cache is disabled
[        ] Skipping task ':app:mergeExtDexDebug' as it is up-to-date.
[        ] Resolve mutations for :connectivity_plus:bundleLibRuntimeToDirDebug (Thread[#43645,Execution worker Thread 3,5,main]) started.
[        ] :connectivity_plus:bundleLibRuntimeToDirDebug (Thread[#43645,Execution worker Thread 3,5,main]) started.
[        ] > Task :connectivity_plus:bundleLibRuntimeToDirDebug UP-TO-DATE
[        ] Caching disabled for task ':connectivity_plus:bundleLibRuntimeToDirDebug' because:
[        ]   Build cache is disabled
[        ]   Simple merging task
[        ] Skipping task ':connectivity_plus:bundleLibRuntimeToDirDebug' as it is up-to-date.
[        ] work action resolve bundleLibRuntimeToDirDebug (project :connectivity_plus) (Thread[#43645,Execution worker Thread 3,5,main]) started.
[        ] ClassesDirToClassesTransform (Thread[#43645,Execution worker Thread 3,5,main]) started.
[        ] Resolve mutations for :emoji_picker_flutter:bundleLibRuntimeToDirDebug (Thread[#43666,Execution worker Thread 23,5,main]) started.
[        ] :emoji_picker_flutter:bundleLibRuntimeToDirDebug (Thread[#43666,Execution worker Thread 23,5,main]) started.
[        ] DexingNoClasspathTransform (Thread[#43645,Execution worker Thread 3,5,main]) started.
[        ] > Task :emoji_picker_flutter:bundleLibRuntimeToDirDebug UP-TO-DATE
[        ] Caching disabled for task ':emoji_picker_flutter:bundleLibRuntimeToDirDebug' because:
[        ]   Build cache is disabled
[        ]   Simple merging task
[        ] Skipping task ':emoji_picker_flutter:bundleLibRuntimeToDirDebug' as it is up-to-date.
[        ] work action resolve bundleLibRuntimeToDirDebug (project :emoji_picker_flutter) (Thread[#43666,Execution worker Thread 23,5,main]) started.
[        ] ClassesDirToClassesTransform (Thread[#43666,Execution worker Thread 23,5,main]) started.
[        ] Resolve mutations for :file_selector_android:bundleLibRuntimeToDirDebug (Thread[#43662,Execution worker Thread 19,5,main]) started.
[        ] :file_selector_android:bundleLibRuntimeToDirDebug (Thread[#43662,Execution worker Thread 19,5,main]) started.
[        ] > Transform bundleLibRuntimeToDirDebug (project :connectivity_plus) with DexingNoClasspathTransform
[        ] Caching disabled for DexingNoClasspathTransform: /Users/florian/Code/substitution/build/connectivity_plus/intermediates/runtime_library_classes_dir/debug/bundleLibRuntimeToDirDebug because:
[        ]   Build cache is disabled
[        ] Skipping DexingNoClasspathTransform: /Users/florian/Code/substitution/build/connectivity_plus/intermediates/runtime_library_classes_dir/debug/bundleLibRuntimeToDirDebug as it is up-to-date.
[        ] DexingNoClasspathTransform (Thread[#43666,Execution worker Thread 23,5,main]) started.
[        ] > Task :file_selector_android:bundleLibRuntimeToDirDebug UP-TO-DATE
[        ] Caching disabled for task ':file_selector_android:bundleLibRuntimeToDirDebug' because:
[        ]   Build cache is disabled
[        ]   Simple merging task
[        ] Skipping task ':file_selector_android:bundleLibRuntimeToDirDebug' as it is up-to-date.
[        ] work action resolve bundleLibRuntimeToDirDebug (project :file_selector_android) (Thread[#43662,Execution worker Thread 19,5,main]) started.
[        ] > Transform bundleLibRuntimeToDirDebug (project :emoji_picker_flutter) with DexingNoClasspathTransform
[        ] Caching disabled for DexingNoClasspathTransform: /Users/florian/Code/substitution/build/emoji_picker_flutter/intermediates/runtime_library_classes_dir/debug/bundleLibRuntimeToDirDebug because:
[        ]   Build cache is disabled
[        ] Skipping DexingNoClasspathTransform: /Users/florian/Code/substitution/build/emoji_picker_flutter/intermediates/runtime_library_classes_dir/debug/bundleLibRuntimeToDirDebug as it is up-to-date.
[        ] ClassesDirToClassesTransform (Thread[#43662,Execution worker Thread 19,5,main]) started.
[        ] Resolve mutations for :flutter_keyboard_visibility_temp_fork:bundleLibRuntimeToDirDebug (Thread[#43645,Execution worker Thread 3,5,main]) started.
[        ] DexingNoClasspathTransform (Thread[#43662,Execution worker Thread 19,5,main]) started.
[        ] :flutter_keyboard_visibility_temp_fork:bundleLibRuntimeToDirDebug (Thread[#43645,Execution worker Thread 3,5,main]) started.
[        ] > Task :flutter_keyboard_visibility_temp_fork:bundleLibRuntimeToDirDebug UP-TO-DATE
[        ] Caching disabled for task ':flutter_keyboard_visibility_temp_fork:bundleLibRuntimeToDirDebug' because:
[        ]   Build cache is disabled
[        ]   Simple merging task
[        ] Skipping task ':flutter_keyboard_visibility_temp_fork:bundleLibRuntimeToDirDebug' as it is up-to-date.
[        ] work action resolve bundleLibRuntimeToDirDebug (project :flutter_keyboard_visibility_temp_fork) (Thread[#43645,Execution worker Thread 3,5,main]) started.
[        ] Resolve mutations for :flutter_native_splash:bundleLibRuntimeToDirDebug (Thread[#43674,Execution worker Thread 31,5,main]) started.
[        ] ClassesDirToClassesTransform (Thread[#43645,Execution worker Thread 3,5,main]) started.
[        ] DexingNoClasspathTransform (Thread[#43645,Execution worker Thread 3,5,main]) started.
[        ] :flutter_native_splash:bundleLibRuntimeToDirDebug (Thread[#43647,Execution worker Thread 5,5,main]) started.
[        ] > Transform bundleLibRuntimeToDirDebug (project :file_selector_android) with DexingNoClasspathTransform
[        ] Caching disabled for DexingNoClasspathTransform: /Users/florian/Code/substitution/build/file_selector_android/intermediates/runtime_library_classes_dir/debug/bundleLibRuntimeToDirDebug because:
[        ]   Build cache is disabled
[        ] Skipping DexingNoClasspathTransform: /Users/florian/Code/substitution/build/file_selector_android/intermediates/runtime_library_classes_dir/debug/bundleLibRuntimeToDirDebug as it is up-to-date.
[        ] > Task :flutter_native_splash:bundleLibRuntimeToDirDebug UP-TO-DATE
[        ] Caching disabled for task ':flutter_native_splash:bundleLibRuntimeToDirDebug' because:
[        ]   Build cache is disabled
[        ]   Simple merging task
[        ] Skipping task ':flutter_native_splash:bundleLibRuntimeToDirDebug' as it is up-to-date.
[        ] > Transform bundleLibRuntimeToDirDebug (project :flutter_keyboard_visibility_temp_fork) with DexingNoClasspathTransform
[        ] Caching disabled for DexingNoClasspathTransform: /Users/florian/Code/substitution/build/flutter_keyboard_visibility_temp_fork/intermediates/runtime_library_classes_dir/debug/bundleLibRuntimeToDirDebug because:
[        ]   Build cache is disabled
[        ] Skipping DexingNoClasspathTransform: /Users/florian/Code/substitution/build/flutter_keyboard_visibility_temp_fork/intermediates/runtime_library_classes_dir/debug/bundleLibRuntimeToDirDebug as it is up-to-date.
[        ] work action resolve bundleLibRuntimeToDirDebug (project :flutter_native_splash) (Thread[#43645,Execution worker Thread 3,5,main]) started.
[        ] ClassesDirToClassesTransform (Thread[#43645,Execution worker Thread 3,5,main]) started.
[        ] Resolve mutations for :flutter_olm:bundleLibRuntimeToDirDebug (Thread[#43647,Execution worker Thread 5,5,main]) started.
[        ] DexingNoClasspathTransform (Thread[#43645,Execution worker Thread 3,5,main]) started.
[        ] :flutter_olm:bundleLibRuntimeToDirDebug (Thread[#43647,Execution worker Thread 5,5,main]) started.
[        ] > Transform bundleLibRuntimeToDirDebug (project :flutter_native_splash) with DexingNoClasspathTransform
[        ] Caching disabled for DexingNoClasspathTransform: /Users/florian/Code/substitution/build/flutter_native_splash/intermediates/runtime_library_classes_dir/debug/bundleLibRuntimeToDirDebug because:
[        ]   Build cache is disabled
[        ] Skipping DexingNoClasspathTransform: /Users/florian/Code/substitution/build/flutter_native_splash/intermediates/runtime_library_classes_dir/debug/bundleLibRuntimeToDirDebug as it is up-to-date.
[        ] > Task :flutter_olm:bundleLibRuntimeToDirDebug UP-TO-DATE
[        ] Caching disabled for task ':flutter_olm:bundleLibRuntimeToDirDebug' because:
[        ]   Build cache is disabled
[        ]   Simple merging task
[        ] Skipping task ':flutter_olm:bundleLibRuntimeToDirDebug' as it is up-to-date.
[        ] work action resolve bundleLibRuntimeToDirDebug (project :flutter_olm) (Thread[#43647,Execution worker Thread 5,5,main]) started.
[        ] ClassesDirToClassesTransform (Thread[#43647,Execution worker Thread 5,5,main]) started.
[        ] Resolve mutations for :flutter_openssl_crypto:bundleLibRuntimeToDirDebug (Thread[#43660,Execution worker Thread 17,5,main]) started.
[        ] :flutter_openssl_crypto:bundleLibRuntimeToDirDebug (Thread[#43660,Execution worker Thread 17,5,main]) started.
[        ] DexingNoClasspathTransform (Thread[#43647,Execution worker Thread 5,5,main]) started.
[        ] > Transform bundleLibRuntimeToDirDebug (project :flutter_olm) with DexingNoClasspathTransform
[        ] Caching disabled for DexingNoClasspathTransform: /Users/florian/Code/substitution/build/flutter_olm/intermediates/runtime_library_classes_dir/debug/bundleLibRuntimeToDirDebug because:
[        ]   Build cache is disabled
[        ] Skipping DexingNoClasspathTransform: /Users/florian/Code/substitution/build/flutter_olm/intermediates/runtime_library_classes_dir/debug/bundleLibRuntimeToDirDebug as it is up-to-date.
[        ] > Task :flutter_openssl_crypto:bundleLibRuntimeToDirDebug UP-TO-DATE
[        ] Caching disabled for task ':flutter_openssl_crypto:bundleLibRuntimeToDirDebug' because:
[        ]   Build cache is disabled
[        ]   Simple merging task
[        ] Skipping task ':flutter_openssl_crypto:bundleLibRuntimeToDirDebug' as it is up-to-date.
[        ] work action resolve bundleLibRuntimeToDirDebug (project :flutter_openssl_crypto) (Thread[#43660,Execution worker Thread 17,5,main]) started.
[        ] ClassesDirToClassesTransform (Thread[#43660,Execution worker Thread 17,5,main]) started.
[        ] Resolve mutations for :integration_test:bundleLibRuntimeToDirDebug (Thread[#43674,Execution worker Thread 31,5,main]) started.
[        ] DexingNoClasspathTransform (Thread[#43660,Execution worker Thread 17,5,main]) started.
[        ] :integration_test:bundleLibRuntimeToDirDebug (Thread[#43674,Execution worker Thread 31,5,main]) started.
[        ] > Transform bundleLibRuntimeToDirDebug (project :flutter_openssl_crypto) with DexingNoClasspathTransform
[        ] Caching disabled for DexingNoClasspathTransform: /Users/florian/Code/substitution/build/flutter_openssl_crypto/intermediates/runtime_library_classes_dir/debug/bundleLibRuntimeToDirDebug because:
[        ]   Build cache is disabled
[        ] Skipping DexingNoClasspathTransform: /Users/florian/Code/substitution/build/flutter_openssl_crypto/intermediates/runtime_library_classes_dir/debug/bundleLibRuntimeToDirDebug as it is up-to-date.
[        ] > Task :integration_test:bundleLibRuntimeToDirDebug UP-TO-DATE
[        ] Caching disabled for task ':integration_test:bundleLibRuntimeToDirDebug' because:
[        ]   Build cache is disabled
[        ]   Simple merging task
[        ] Skipping task ':integration_test:bundleLibRuntimeToDirDebug' as it is up-to-date.
[        ] work action resolve bundleLibRuntimeToDirDebug (project :integration_test) (Thread[#43674,Execution worker Thread 31,5,main]) started.
[        ] ClassesDirToClassesTransform (Thread[#43674,Execution worker Thread 31,5,main]) started.
[        ] Resolve mutations for :path_provider_android:bundleLibRuntimeToDirDebug (Thread[#43658,Execution worker Thread 15,5,main]) started.
[        ] :path_provider_android:bundleLibRuntimeToDirDebug (Thread[#43658,Execution worker Thread 15,5,main]) started.
[        ] DexingNoClasspathTransform (Thread[#43674,Execution worker Thread 31,5,main]) started.
[        ] > Task :path_provider_android:bundleLibRuntimeToDirDebug UP-TO-DATE
[        ] Caching disabled for task ':path_provider_android:bundleLibRuntimeToDirDebug' because:
[        ]   Build cache is disabled
[        ]   Simple merging task
[        ] Skipping task ':path_provider_android:bundleLibRuntimeToDirDebug' as it is up-to-date.
[        ] work action resolve bundleLibRuntimeToDirDebug (project :path_provider_android) (Thread[#43658,Execution worker Thread 15,5,main]) started.
[        ] ClassesDirToClassesTransform (Thread[#43658,Execution worker Thread 15,5,main]) started.
[        ] Resolve mutations for :quill_native_bridge_android:bundleLibRuntimeToDirDebug (Thread[#43643,Execution worker,5,main]) started.
[        ] :quill_native_bridge_android:bundleLibRuntimeToDirDebug (Thread[#43643,Execution worker,5,main]) started.
[        ] DexingNoClasspathTransform (Thread[#43658,Execution worker Thread 15,5,main]) started.
[        ] > Transform bundleLibRuntimeToDirDebug (project :integration_test) with DexingNoClasspathTransform
[        ] Caching disabled for DexingNoClasspathTransform: /Users/florian/Code/substitution/build/integration_test/intermediates/runtime_library_classes_dir/debug/bundleLibRuntimeToDirDebug because:
[        ]   Build cache is disabled
[        ] Skipping DexingNoClasspathTransform: /Users/florian/Code/substitution/build/integration_test/intermediates/runtime_library_classes_dir/debug/bundleLibRuntimeToDirDebug as it is up-to-date.
[        ] > Transform bundleLibRuntimeToDirDebug (project :path_provider_android) with DexingNoClasspathTransform
[        ] Caching disabled for DexingNoClasspathTransform: /Users/florian/Code/substitution/build/path_provider_android/intermediates/runtime_library_classes_dir/debug/bundleLibRuntimeToDirDebug because:
[        ]   Build cache is disabled
[        ] Skipping DexingNoClasspathTransform: /Users/florian/Code/substitution/build/path_provider_android/intermediates/runtime_library_classes_dir/debug/bundleLibRuntimeToDirDebug as it is up-to-date.
[        ] > Task :quill_native_bridge_android:bundleLibRuntimeToDirDebug UP-TO-DATE
[        ] Caching disabled for task ':quill_native_bridge_android:bundleLibRuntimeToDirDebug' because:
[        ]   Build cache is disabled
[        ]   Simple merging task
[        ] Skipping task ':quill_native_bridge_android:bundleLibRuntimeToDirDebug' as it is up-to-date.
[        ] work action resolve bundleLibRuntimeToDirDebug (project :quill_native_bridge_android) (Thread[#43643,Execution worker,5,main]) started.
[        ] ClassesDirToClassesTransform (Thread[#43643,Execution worker,5,main]) started.
[        ] Resolve mutations for :shared_preferences_android:bundleLibRuntimeToDirDebug (Thread[#43654,Execution worker Thread 11,5,main]) started.
[        ] :shared_preferences_android:bundleLibRuntimeToDirDebug (Thread[#43654,Execution worker Thread 11,5,main]) started.
[        ] DexingNoClasspathTransform (Thread[#43643,Execution worker,5,main]) started.
[        ] > Transform bundleLibRuntimeToDirDebug (project :quill_native_bridge_android) with DexingNoClasspathTransform
[        ] Caching disabled for DexingNoClasspathTransform: /Users/florian/Code/substitution/build/quill_native_bridge_android/intermediates/runtime_library_classes_dir/debug/bundleLibRuntimeToDirDebug because:
[        ]   Build cache is disabled
[        ] Skipping DexingNoClasspathTransform: /Users/florian/Code/substitution/build/quill_native_bridge_android/intermediates/runtime_library_classes_dir/debug/bundleLibRuntimeToDirDebug as it is up-to-date.
[        ] > Task :shared_preferences_android:bundleLibRuntimeToDirDebug UP-TO-DATE
[        ] Caching disabled for task ':shared_preferences_android:bundleLibRuntimeToDirDebug' because:
[        ]   Build cache is disabled
[        ]   Simple merging task
[        ] Skipping task ':shared_preferences_android:bundleLibRuntimeToDirDebug' as it is up-to-date.
[        ] work action resolve bundleLibRuntimeToDirDebug (project :shared_preferences_android) (Thread[#43654,Execution worker Thread 11,5,main]) started.
[        ] ClassesDirToClassesTransform (Thread[#43654,Execution worker Thread 11,5,main]) started.
[        ] Resolve mutations for :sqflite_android:bundleLibRuntimeToDirDebug (Thread[#43656,Execution worker Thread 13,5,main]) started.
[        ] :sqflite_android:bundleLibRuntimeToDirDebug (Thread[#43656,Execution worker Thread 13,5,main]) started.
[        ] DexingNoClasspathTransform (Thread[#43654,Execution worker Thread 11,5,main]) started.
[        ] > Task :sqflite_android:bundleLibRuntimeToDirDebug UP-TO-DATE
[        ] Caching disabled for task ':sqflite_android:bundleLibRuntimeToDirDebug' because:
[        ]   Build cache is disabled
[        ]   Simple merging task
[        ] Skipping task ':sqflite_android:bundleLibRuntimeToDirDebug' as it is up-to-date.
[        ] work action resolve bundleLibRuntimeToDirDebug (project :sqflite_android) (Thread[#43656,Execution worker Thread 13,5,main]) started.
[        ] ClassesDirToClassesTransform (Thread[#43656,Execution worker Thread 13,5,main]) started.
[        ] Resolve mutations for :url_launcher_android:bundleLibRuntimeToDirDebug (Thread[#43643,Execution worker,5,main]) started.
[        ] :url_launcher_android:bundleLibRuntimeToDirDebug (Thread[#43643,Execution worker,5,main]) started.
[        ] DexingNoClasspathTransform (Thread[#43656,Execution worker Thread 13,5,main]) started.
[        ] > Transform bundleLibRuntimeToDirDebug (project :shared_preferences_android) with DexingNoClasspathTransform
[        ] Caching disabled for DexingNoClasspathTransform: /Users/florian/Code/substitution/build/shared_preferences_android/intermediates/runtime_library_classes_dir/debug/bundleLibRuntimeToDirDebug because:
[        ]   Build cache is disabled
[        ] Skipping DexingNoClasspathTransform: /Users/florian/Code/substitution/build/shared_preferences_android/intermediates/runtime_library_classes_dir/debug/bundleLibRuntimeToDirDebug as it is up-to-date.
[        ] > Task :url_launcher_android:bundleLibRuntimeToDirDebug UP-TO-DATE
[        ] Caching disabled for task ':url_launcher_android:bundleLibRuntimeToDirDebug' because:
[        ]   Build cache is disabled
[        ]   Simple merging task
[        ] Skipping task ':url_launcher_android:bundleLibRuntimeToDirDebug' as it is up-to-date.
[        ] work action resolve bundleLibRuntimeToDirDebug (project :url_launcher_android) (Thread[#43643,Execution worker,5,main]) started.
[        ] ClassesDirToClassesTransform (Thread[#43643,Execution worker,5,main]) started.
[        ] Resolve mutations for :video_player_android:bundleLibRuntimeToDirDebug (Thread[#43666,Execution worker Thread 23,5,main]) started.
[        ] > Transform bundleLibRuntimeToDirDebug (project :sqflite_android) with DexingNoClasspathTransform
[        ] Caching disabled for DexingNoClasspathTransform: /Users/florian/Code/substitution/build/sqflite_android/intermediates/runtime_library_classes_dir/debug/bundleLibRuntimeToDirDebug because:
[        ]   Build cache is disabled
[        ] Skipping DexingNoClasspathTransform: /Users/florian/Code/substitution/build/sqflite_android/intermediates/runtime_library_classes_dir/debug/bundleLibRuntimeToDirDebug as it is up-to-date.
[        ] DexingNoClasspathTransform (Thread[#43643,Execution worker,5,main]) started.
[        ] :video_player_android:bundleLibRuntimeToDirDebug (Thread[#43666,Execution worker Thread 23,5,main]) started.
[        ] > Transform bundleLibRuntimeToDirDebug (project :url_launcher_android) with DexingNoClasspathTransform
[        ] Caching disabled for DexingNoClasspathTransform: /Users/florian/Code/substitution/build/url_launcher_android/intermediates/runtime_library_classes_dir/debug/bundleLibRuntimeToDirDebug because:
[        ]   Build cache is disabled
[        ] Skipping DexingNoClasspathTransform: /Users/florian/Code/substitution/build/url_launcher_android/intermediates/runtime_library_classes_dir/debug/bundleLibRuntimeToDirDebug as it is up-to-date.
[        ] > Task :video_player_android:bundleLibRuntimeToDirDebug UP-TO-DATE
[        ] Caching disabled for task ':video_player_android:bundleLibRuntimeToDirDebug' because:
[        ]   Build cache is disabled
[        ]   Simple merging task
[        ] Skipping task ':video_player_android:bundleLibRuntimeToDirDebug' as it is up-to-date.
[        ] work action resolve bundleLibRuntimeToDirDebug (project :video_player_android) (Thread[#43666,Execution worker Thread 23,5,main]) started.
[        ] ClassesDirToClassesTransform (Thread[#43666,Execution worker Thread 23,5,main]) started.
[        ] Resolve mutations for :app:dexBuilderDebug (Thread[#43656,Execution worker Thread 13,5,main]) started.
[        ] :app:dexBuilderDebug (Thread[#43656,Execution worker Thread 13,5,main]) started.
[        ] DexingNoClasspathTransform (Thread[#43666,Execution worker Thread 23,5,main]) started.
[        ] > Task :app:dexBuilderDebug UP-TO-DATE
[        ] Caching disabled for task ':app:dexBuilderDebug' because:
[        ]   Build cache is disabled
[        ] Skipping task ':app:dexBuilderDebug' as it is up-to-date.
[        ] Resolve mutations for :app:mergeProjectDexDebug (Thread[#43656,Execution worker Thread 13,5,main]) started.
[        ] > Transform bundleLibRuntimeToDirDebug (project :video_player_android) with DexingNoClasspathTransform
[        ] Caching disabled for DexingNoClasspathTransform: /Users/florian/Code/substitution/build/video_player_android/intermediates/runtime_library_classes_dir/debug/bundleLibRuntimeToDirDebug because:
[        ]   Build cache is disabled
[        ] Skipping DexingNoClasspathTransform: /Users/florian/Code/substitution/build/video_player_android/intermediates/runtime_library_classes_dir/debug/bundleLibRuntimeToDirDebug as it is up-to-date.
[        ] :app:mergeProjectDexDebug (Thread[#43656,Execution worker Thread 13,5,main]) started.
[        ] > Task :app:mergeProjectDexDebug UP-TO-DATE
[        ] Caching disabled for task ':app:mergeProjectDexDebug' because:
[        ]   Build cache is disabled
[        ] Skipping task ':app:mergeProjectDexDebug' as it is up-to-date.
[        ] Resolve mutations for :app:mergeLibDexDebug (Thread[#43656,Execution worker Thread 13,5,main]) started.
[        ] :app:mergeLibDexDebug (Thread[#43656,Execution worker Thread 13,5,main]) started.
[        ] > Task :app:mergeLibDexDebug UP-TO-DATE
[        ] Caching disabled for task ':app:mergeLibDexDebug' because:
[        ]   Build cache is disabled
[        ] Skipping task ':app:mergeLibDexDebug' as it is up-to-date.
[        ] Resolve mutations for :app:configureCMakeDebug[arm64-v8a] (Thread[#43656,Execution worker Thread 13,5,main]) started.
[        ] :app:configureCMakeDebug[arm64-v8a] (Thread[#43656,Execution worker Thread 13,5,main]) started.
[        ] > Task :app:configureCMakeDebug[arm64-v8a]
[        ] Caching disabled for task ':app:configureCMakeDebug[arm64-v8a]' because:
[        ]   Build cache is disabled
[        ]   Caching has been disabled for the task
[        ] Task ':app:configureCMakeDebug[arm64-v8a]' is not up-to-date because:
[        ]   Task.upToDateWhen is false.
[        ] C/C++: /opt/homebrew/share/flutter/packages/flutter_tools/gradle/src/main/scripts/CMakeLists.txt debug|arm64-v8a : Start JSON generation. Platform version: 24 min SDK version: arm64-v8a
[        ] C/C++: /opt/homebrew/share/flutter/packages/flutter_tools/gradle/src/main/scripts/CMakeLists.txt debug|arm64-v8a : JSON '/Users/florian/Code/substitution/build/.cxx/debug/x6546535/arm64-v8a/android_gradle_build.json' was up-to-date
[        ] C/C++: /opt/homebrew/share/flutter/packages/flutter_tools/gradle/src/main/scripts/CMakeLists.txt debug|arm64-v8a : JSON generation completed without problems
[        ] C/C++: /opt/homebrew/share/flutter/packages/flutter_tools/gradle/src/main/scripts/CMakeLists.txt debug|arm64-v8a : Writing build model to /Users/florian/Code/substitution/build/app/intermediates/cxx/debug/x6546535/logs/arm64-v8a/build_model.json
[        ] Resolve mutations for :app:buildCMakeDebug[arm64-v8a] (Thread[#43656,Execution worker Thread 13,5,main]) started.
[        ] :app:buildCMakeDebug[arm64-v8a] (Thread[#43656,Execution worker Thread 13,5,main]) started.
[        ] > Task :app:buildCMakeDebug[arm64-v8a]
[        ] Caching disabled for task ':app:buildCMakeDebug[arm64-v8a]' because:
[        ]   Build cache is disabled
[        ]   Caching has been disabled for the task
[        ] Task ':app:buildCMakeDebug[arm64-v8a]' is not up-to-date because:
[        ]   Task.upToDateWhen is false.
[        ] C/C++: starting build
[        ] C/C++: reading expected JSONs
[        ] C/C++: done reading expected JSONs
[        ] C/C++: executing build commands for targets that produce .so files or executables
[        ] C/C++: evaluate miniconfig
[        ] C/C++: no libraries
[        ] Resolve mutations for :app:configureCMakeDebug[armeabi-v7a] (Thread[#43656,Execution worker Thread 13,5,main]) started.
[        ] :app:configureCMakeDebug[armeabi-v7a] (Thread[#43656,Execution worker Thread 13,5,main]) started.
[        ] > Task :app:configureCMakeDebug[armeabi-v7a]
[        ] Caching disabled for task ':app:configureCMakeDebug[armeabi-v7a]' because:
[        ]   Build cache is disabled
[        ]   Caching has been disabled for the task
[        ] Task ':app:configureCMakeDebug[armeabi-v7a]' is not up-to-date because:
[        ]   Task.upToDateWhen is false.
[        ] C/C++: /opt/homebrew/share/flutter/packages/flutter_tools/gradle/src/main/scripts/CMakeLists.txt debug|armeabi-v7a : Start JSON generation. Platform version: 24 min SDK version: armeabi-v7a
[        ] C/C++: /opt/homebrew/share/flutter/packages/flutter_tools/gradle/src/main/scripts/CMakeLists.txt debug|armeabi-v7a : JSON '/Users/florian/Code/substitution/build/.cxx/debug/x6546535/armeabi-v7a/android_gradle_build.json' was up-to-date
[        ] C/C++: /opt/homebrew/share/flutter/packages/flutter_tools/gradle/src/main/scripts/CMakeLists.txt debug|armeabi-v7a : JSON generation completed without problems
[        ] C/C++: /opt/homebrew/share/flutter/packages/flutter_tools/gradle/src/main/scripts/CMakeLists.txt debug|armeabi-v7a : Writing build model to /Users/florian/Code/substitution/build/app/intermediates/cxx/debug/x6546535/logs/armeabi-v7a/build_model.json
[        ] Resolve mutations for :app:buildCMakeDebug[armeabi-v7a] (Thread[#43656,Execution worker Thread 13,5,main]) started.
[        ] :app:buildCMakeDebug[armeabi-v7a] (Thread[#43656,Execution worker Thread 13,5,main]) started.
[        ] > Task :app:buildCMakeDebug[armeabi-v7a]
[        ] Caching disabled for task ':app:buildCMakeDebug[armeabi-v7a]' because:
[        ]   Build cache is disabled
[        ]   Caching has been disabled for the task
[        ] Task ':app:buildCMakeDebug[armeabi-v7a]' is not up-to-date because:
[        ]   Task.upToDateWhen is false.
[        ] C/C++: starting build
[        ] C/C++: reading expected JSONs
[        ] C/C++: done reading expected JSONs
[        ] C/C++: executing build commands for targets that produce .so files or executables
[        ] C/C++: evaluate miniconfig
[        ] C/C++: no libraries
[        ] Resolve mutations for :app:configureCMakeDebug[x86_64] (Thread[#43656,Execution worker Thread 13,5,main]) started.
[        ] :app:configureCMakeDebug[x86_64] (Thread[#43656,Execution worker Thread 13,5,main]) started.
[        ] > Task :app:configureCMakeDebug[x86_64]
[        ] Caching disabled for task ':app:configureCMakeDebug[x86_64]' because:
[        ]   Build cache is disabled
[        ]   Caching has been disabled for the task
[        ] Task ':app:configureCMakeDebug[x86_64]' is not up-to-date because:
[        ]   Task.upToDateWhen is false.
[        ] C/C++: /opt/homebrew/share/flutter/packages/flutter_tools/gradle/src/main/scripts/CMakeLists.txt debug|x86_64 : Start JSON generation. Platform version: 24 min SDK version: x86_64
[        ] C/C++: /opt/homebrew/share/flutter/packages/flutter_tools/gradle/src/main/scripts/CMakeLists.txt debug|x86_64 : JSON '/Users/florian/Code/substitution/build/.cxx/debug/x6546535/x86_64/android_gradle_build.json' was up-to-date
[        ] C/C++: /opt/homebrew/share/flutter/packages/flutter_tools/gradle/src/main/scripts/CMakeLists.txt debug|x86_64 : JSON generation completed without problems
[        ] C/C++: /opt/homebrew/share/flutter/packages/flutter_tools/gradle/src/main/scripts/CMakeLists.txt debug|x86_64 : Writing build model to /Users/florian/Code/substitution/build/app/intermediates/cxx/debug/x6546535/logs/x86_64/build_model.json
[        ] Resolve mutations for :app:buildCMakeDebug[x86_64] (Thread[#43656,Execution worker Thread 13,5,main]) started.
[        ] :app:buildCMakeDebug[x86_64] (Thread[#43656,Execution worker Thread 13,5,main]) started.
[        ] > Task :app:buildCMakeDebug[x86_64]
[        ] Caching disabled for task ':app:buildCMakeDebug[x86_64]' because:
[        ]   Build cache is disabled
[        ]   Caching has been disabled for the task
[        ] Task ':app:buildCMakeDebug[x86_64]' is not up-to-date because:
[        ]   Task.upToDateWhen is false.
[        ] C/C++: starting build
[        ] C/C++: reading expected JSONs
[        ] C/C++: done reading expected JSONs
[        ] C/C++: executing build commands for targets that produce .so files or executables
[        ] C/C++: evaluate miniconfig
[        ] C/C++: no libraries
[        ] Resolve mutations for :app:mergeDebugJniLibFolders (Thread[#43656,Execution worker Thread 13,5,main]) started.
[        ] :app:mergeDebugJniLibFolders (Thread[#43656,Execution worker Thread 13,5,main]) started.
[        ] > Task :app:mergeDebugJniLibFolders UP-TO-DATE
[        ] Caching disabled for task ':app:mergeDebugJniLibFolders' because:
[        ]   Build cache is disabled
[        ]   Simple merging task
[        ] Skipping task ':app:mergeDebugJniLibFolders' as it is up-to-date.
[        ] Resolve mutations for :connectivity_plus:mergeDebugJniLibFolders (Thread[#43656,Execution worker Thread 13,5,main]) started.
[        ] :connectivity_plus:mergeDebugJniLibFolders (Thread[#43656,Execution worker Thread 13,5,main]) started.
[        ] > Task :connectivity_plus:mergeDebugJniLibFolders UP-TO-DATE
[        ] Caching disabled for task ':connectivity_plus:mergeDebugJniLibFolders' because:
[        ]   Build cache is disabled
[        ]   Simple merging task
[        ] Skipping task ':connectivity_plus:mergeDebugJniLibFolders' as it is up-to-date.
[        ] Resolve mutations for :connectivity_plus:mergeDebugNativeLibs (Thread[#43656,Execution worker Thread 13,5,main]) started.
[        ] :connectivity_plus:mergeDebugNativeLibs (Thread[#43656,Execution worker Thread 13,5,main]) started.
[        ] > Task :connectivity_plus:mergeDebugNativeLibs NO-SOURCE
[        ] Skipping task ':connectivity_plus:mergeDebugNativeLibs' as it has no source files and no previous output files.
[        ] Resolve mutations for :connectivity_plus:copyDebugJniLibsProjectOnly (Thread[#43656,Execution worker Thread 13,5,main]) started.
[        ] :connectivity_plus:copyDebugJniLibsProjectOnly (Thread[#43656,Execution worker Thread 13,5,main]) started.
[        ] > Task :connectivity_plus:copyDebugJniLibsProjectOnly UP-TO-DATE
[        ] Caching disabled for task ':connectivity_plus:copyDebugJniLibsProjectOnly' because:
[        ]   Build cache is disabled
[        ]   Caching has been disabled for the task
[        ] Skipping task ':connectivity_plus:copyDebugJniLibsProjectOnly' as it is up-to-date.
[        ] work action resolve jni (project :connectivity_plus) (Thread[#43656,Execution worker Thread 13,5,main]) started.
[        ] Resolve mutations for :emoji_picker_flutter:mergeDebugJniLibFolders (Thread[#43656,Execution worker Thread 13,5,main]) started.
[        ] :emoji_picker_flutter:mergeDebugJniLibFolders (Thread[#43656,Execution worker Thread 13,5,main]) started.
[        ] > Task :emoji_picker_flutter:mergeDebugJniLibFolders UP-TO-DATE
[        ] Caching disabled for task ':emoji_picker_flutter:mergeDebugJniLibFolders' because:
[        ]   Build cache is disabled
[        ]   Simple merging task
[        ] Skipping task ':emoji_picker_flutter:mergeDebugJniLibFolders' as it is up-to-date.
[        ] Resolve mutations for :emoji_picker_flutter:mergeDebugNativeLibs (Thread[#43656,Execution worker Thread 13,5,main]) started.
[        ] :emoji_picker_flutter:mergeDebugNativeLibs (Thread[#43656,Execution worker Thread 13,5,main]) started.
[        ] > Task :emoji_picker_flutter:mergeDebugNativeLibs NO-SOURCE
[        ] Skipping task ':emoji_picker_flutter:mergeDebugNativeLibs' as it has no source files and no previous output files.
[        ] Resolve mutations for :emoji_picker_flutter:copyDebugJniLibsProjectOnly (Thread[#43656,Execution worker Thread 13,5,main]) started.
[        ] :emoji_picker_flutter:copyDebugJniLibsProjectOnly (Thread[#43656,Execution worker Thread 13,5,main]) started.
[        ] > Task :emoji_picker_flutter:copyDebugJniLibsProjectOnly UP-TO-DATE
[        ] Caching disabled for task ':emoji_picker_flutter:copyDebugJniLibsProjectOnly' because:
[        ]   Build cache is disabled
[        ]   Caching has been disabled for the task
[        ] Skipping task ':emoji_picker_flutter:copyDebugJniLibsProjectOnly' as it is up-to-date.
[        ] work action resolve jni (project :emoji_picker_flutter) (Thread[#43656,Execution worker Thread 13,5,main]) started.
[        ] Resolve mutations for :file_selector_android:mergeDebugJniLibFolders (Thread[#43656,Execution worker Thread 13,5,main]) started.
[        ] :file_selector_android:mergeDebugJniLibFolders (Thread[#43656,Execution worker Thread 13,5,main]) started.
[        ] > Task :file_selector_android:mergeDebugJniLibFolders UP-TO-DATE
[        ] Caching disabled for task ':file_selector_android:mergeDebugJniLibFolders' because:
[        ]   Build cache is disabled
[        ]   Simple merging task
[        ] Skipping task ':file_selector_android:mergeDebugJniLibFolders' as it is up-to-date.
[        ] Resolve mutations for :file_selector_android:mergeDebugNativeLibs (Thread[#43656,Execution worker Thread 13,5,main]) started.
[        ] :file_selector_android:mergeDebugNativeLibs (Thread[#43656,Execution worker Thread 13,5,main]) started.
[        ] > Task :file_selector_android:mergeDebugNativeLibs NO-SOURCE
[        ] Skipping task ':file_selector_android:mergeDebugNativeLibs' as it has no source files and no previous output files.
[        ] Resolve mutations for :file_selector_android:copyDebugJniLibsProjectOnly (Thread[#43656,Execution worker Thread 13,5,main]) started.
[        ] :file_selector_android:copyDebugJniLibsProjectOnly (Thread[#43656,Execution worker Thread 13,5,main]) started.
[        ] > Task :file_selector_android:copyDebugJniLibsProjectOnly UP-TO-DATE
[        ] Caching disabled for task ':file_selector_android:copyDebugJniLibsProjectOnly' because:
[        ]   Build cache is disabled
[        ]   Caching has been disabled for the task
[        ] Skipping task ':file_selector_android:copyDebugJniLibsProjectOnly' as it is up-to-date.
[        ] work action resolve jni (project :file_selector_android) (Thread[#43656,Execution worker Thread 13,5,main]) started.
[        ] Resolve mutations for :flutter_keyboard_visibility_temp_fork:mergeDebugJniLibFolders (Thread[#43656,Execution worker Thread 13,5,main]) started.
[        ] :flutter_keyboard_visibility_temp_fork:mergeDebugJniLibFolders (Thread[#43656,Execution worker Thread 13,5,main]) started.
[        ] > Task :flutter_keyboard_visibility_temp_fork:mergeDebugJniLibFolders UP-TO-DATE
[        ] Caching disabled for task ':flutter_keyboard_visibility_temp_fork:mergeDebugJniLibFolders' because:
[        ]   Build cache is disabled
[        ]   Simple merging task
[        ] Skipping task ':flutter_keyboard_visibility_temp_fork:mergeDebugJniLibFolders' as it is up-to-date.
[        ] Resolve mutations for :flutter_keyboard_visibility_temp_fork:mergeDebugNativeLibs (Thread[#43656,Execution worker Thread 13,5,main]) started.
[        ] :flutter_keyboard_visibility_temp_fork:mergeDebugNativeLibs (Thread[#43656,Execution worker Thread 13,5,main]) started.
[        ] > Task :flutter_keyboard_visibility_temp_fork:mergeDebugNativeLibs NO-SOURCE
[        ] Skipping task ':flutter_keyboard_visibility_temp_fork:mergeDebugNativeLibs' as it has no source files and no previous output files.
[        ] Resolve mutations for :flutter_keyboard_visibility_temp_fork:copyDebugJniLibsProjectOnly (Thread[#43656,Execution worker Thread 13,5,main]) started.
[        ] :flutter_keyboard_visibility_temp_fork:copyDebugJniLibsProjectOnly (Thread[#43656,Execution worker Thread 13,5,main]) started.
[        ] > Task :flutter_keyboard_visibility_temp_fork:copyDebugJniLibsProjectOnly UP-TO-DATE
[        ] Caching disabled for task ':flutter_keyboard_visibility_temp_fork:copyDebugJniLibsProjectOnly' because:
[        ]   Build cache is disabled
[        ]   Caching has been disabled for the task
[        ] Skipping task ':flutter_keyboard_visibility_temp_fork:copyDebugJniLibsProjectOnly' as it is up-to-date.
[        ] work action resolve jni (project :flutter_keyboard_visibility_temp_fork) (Thread[#43656,Execution worker Thread 13,5,main]) started.
[        ] Resolve mutations for :flutter_native_splash:mergeDebugJniLibFolders (Thread[#43656,Execution worker Thread 13,5,main]) started.
[        ] :flutter_native_splash:mergeDebugJniLibFolders (Thread[#43656,Execution worker Thread 13,5,main]) started.
[        ] > Task :flutter_native_splash:mergeDebugJniLibFolders UP-TO-DATE
[        ] Caching disabled for task ':flutter_native_splash:mergeDebugJniLibFolders' because:
[        ]   Build cache is disabled
[        ]   Simple merging task
[        ] Skipping task ':flutter_native_splash:mergeDebugJniLibFolders' as it is up-to-date.
[        ] Resolve mutations for :flutter_native_splash:mergeDebugNativeLibs (Thread[#43656,Execution worker Thread 13,5,main]) started.
[        ] :flutter_native_splash:mergeDebugNativeLibs (Thread[#43656,Execution worker Thread 13,5,main]) started.
[        ] > Task :flutter_native_splash:mergeDebugNativeLibs NO-SOURCE
[        ] Skipping task ':flutter_native_splash:mergeDebugNativeLibs' as it has no source files and no previous output files.
[        ] Resolve mutations for :flutter_native_splash:copyDebugJniLibsProjectOnly (Thread[#43656,Execution worker Thread 13,5,main]) started.
[        ] :flutter_native_splash:copyDebugJniLibsProjectOnly (Thread[#43656,Execution worker Thread 13,5,main]) started.
[        ] > Task :flutter_native_splash:copyDebugJniLibsProjectOnly UP-TO-DATE
[        ] Caching disabled for task ':flutter_native_splash:copyDebugJniLibsProjectOnly' because:
[        ]   Build cache is disabled
[        ]   Caching has been disabled for the task
[        ] Skipping task ':flutter_native_splash:copyDebugJniLibsProjectOnly' as it is up-to-date.
[        ] work action resolve jni (project :flutter_native_splash) (Thread[#43656,Execution worker Thread 13,5,main]) started.
[        ] Resolve mutations for :flutter_olm:preProfileBuild (Thread[#43656,Execution worker Thread 13,5,main]) started.
[        ] :flutter_olm:preProfileBuild (Thread[#43656,Execution worker Thread 13,5,main]) started.
[        ] > Task :flutter_olm:preProfileBuild UP-TO-DATE
[        ] Skipping task ':flutter_olm:preProfileBuild' as it has no actions.
[        ] Resolve mutations for :flutter_olm:configureCMakeDebug[arm64-v8a] (Thread[#43656,Execution worker Thread 13,5,main]) started.
[        ] :flutter_olm:configureCMakeDebug[arm64-v8a] (Thread[#43656,Execution worker Thread 13,5,main]) started.
[        ] > Task :flutter_olm:configureCMakeDebug[arm64-v8a]
[        ] Caching disabled for task ':flutter_olm:configureCMakeDebug[arm64-v8a]' because:
[        ]   Build cache is disabled
[        ]   Caching has been disabled for the task
[        ] Task ':flutter_olm:configureCMakeDebug[arm64-v8a]' is not up-to-date because:
[        ]   Task.upToDateWhen is false.
[        ] C/C++: /Users/florian/.pub-cache/hosted/pub.dev/flutter_olm-2.0.0/ios/CMakeLists.txt profile|arm64-v8a : Start JSON generation. Platform version: 21 min SDK version: arm64-v8a
[        ] C/C++: /Users/florian/.pub-cache/hosted/pub.dev/flutter_olm-2.0.0/ios/CMakeLists.txt profile|arm64-v8a : JSON '/Users/florian/.pub-cache/hosted/pub.dev/flutter_olm-2.0.0/android/.cxx/Debug/611a6669/arm64-v8a/android_gradle_build.json' was up-to-date
[        ] C/C++: /Users/florian/.pub-cache/hosted/pub.dev/flutter_olm-2.0.0/ios/CMakeLists.txt profile|arm64-v8a : JSON generation completed without problems
[        ] C/C++: /Users/florian/.pub-cache/hosted/pub.dev/flutter_olm-2.0.0/ios/CMakeLists.txt profile|arm64-v8a : Writing build model to /Users/florian/Code/substitution/build/flutter_olm/intermediates/cxx/Debug/611a6669/logs/arm64-v8a/build_model.json
[        ] Resolve mutations for :flutter_olm:buildCMakeDebug[arm64-v8a] (Thread[#43656,Execution worker Thread 13,5,main]) started.
[        ] :flutter_olm:buildCMakeDebug[arm64-v8a] (Thread[#43656,Execution worker Thread 13,5,main]) started.
[        ] > Task :flutter_olm:buildCMakeDebug[arm64-v8a]
[        ] Caching disabled for task ':flutter_olm:buildCMakeDebug[arm64-v8a]' because:
[        ]   Build cache is disabled
[        ]   Caching has been disabled for the task
[        ] Task ':flutter_olm:buildCMakeDebug[arm64-v8a]' is not up-to-date because:
[        ]   Task.upToDateWhen is false.
[        ] C/C++: starting build
[        ] C/C++: reading expected JSONs
[        ] C/C++: done reading expected JSONs
[        ] C/C++: executing build commands for targets that produce .so files or executables
[        ] C/C++: evaluate miniconfig
[        ] C/C++: evaluate library olm (arm64-v8a)
[        ] C/C++: building target library olm because no targets are specified.
[        ] C/C++: about to build targets olm
[        ] C/C++: Build olm
[        ] C/C++: /Users/florian/Library/Android/sdk/cmake/3.22.1/bin/ninja \
[        ]   -C \
[        ]   /Users/florian/.pub-cache/hosted/pub.dev/flutter_olm-2.0.0/android/.cxx/Debug/611a6669/arm64-v8a \
[        ]   olm
[        ] Starting process 'command '/Users/florian/Library/Android/sdk/cmake/3.22.1/bin/ninja''. Working directory: /Users/florian/.pub-cache/hosted/pub.dev/flutter_olm-2.0.0/android Command: /Users/florian/Library/Android/sdk/cmake/3.22.1/bin/ninja -C /Users/florian/.pub-cache/hosted/pub.dev/flutter_olm-2.0.0/android/.cxx/Debug/611a6669/arm64-v8a olm
[        ] Successfully started process 'command '/Users/florian/Library/Android/sdk/cmake/3.22.1/bin/ninja''
[        ] C/C++: Received process result: 0
[        ] C/C++: check expected build outputs
[        ] C/C++: build complete
[        ] Resolve mutations for :flutter_olm:configureCMakeDebug[armeabi-v7a] (Thread[#43656,Execution worker Thread 13,5,main]) started.
[        ] :flutter_olm:configureCMakeDebug[armeabi-v7a] (Thread[#43656,Execution worker Thread 13,5,main]) started.
[        ] > Task :flutter_olm:configureCMakeDebug[armeabi-v7a]
[        ] Caching disabled for task ':flutter_olm:configureCMakeDebug[armeabi-v7a]' because:
[        ]   Build cache is disabled
[        ]   Caching has been disabled for the task
[        ] Task ':flutter_olm:configureCMakeDebug[armeabi-v7a]' is not up-to-date because:
[        ]   Task.upToDateWhen is false.
[        ] C/C++: /Users/florian/.pub-cache/hosted/pub.dev/flutter_olm-2.0.0/ios/CMakeLists.txt profile|armeabi-v7a : Start JSON generation. Platform version: 21 min SDK version: armeabi-v7a
[        ] C/C++: /Users/florian/.pub-cache/hosted/pub.dev/flutter_olm-2.0.0/ios/CMakeLists.txt profile|armeabi-v7a : JSON '/Users/florian/.pub-cache/hosted/pub.dev/flutter_olm-2.0.0/android/.cxx/Debug/611a6669/armeabi-v7a/android_gradle_build.json' was up-to-date
[        ] C/C++: /Users/florian/.pub-cache/hosted/pub.dev/flutter_olm-2.0.0/ios/CMakeLists.txt profile|armeabi-v7a : JSON generation completed without problems
[        ] C/C++: /Users/florian/.pub-cache/hosted/pub.dev/flutter_olm-2.0.0/ios/CMakeLists.txt profile|armeabi-v7a : Writing build model to /Users/florian/Code/substitution/build/flutter_olm/intermediates/cxx/Debug/611a6669/logs/armeabi-v7a/build_model.json
[        ] Resolve mutations for :flutter_olm:buildCMakeDebug[armeabi-v7a] (Thread[#43656,Execution worker Thread 13,5,main]) started.
[        ] :flutter_olm:buildCMakeDebug[armeabi-v7a] (Thread[#43656,Execution worker Thread 13,5,main]) started.
[  +87 ms] > Task :flutter_olm:buildCMakeDebug[armeabi-v7a]
[        ] Caching disabled for task ':flutter_olm:buildCMakeDebug[armeabi-v7a]' because:
[        ]   Build cache is disabled
[        ]   Caching has been disabled for the task
[        ] Task ':flutter_olm:buildCMakeDebug[armeabi-v7a]' is not up-to-date because:
[        ]   Task.upToDateWhen is false.
[        ] C/C++: starting build
[        ] C/C++: reading expected JSONs
[        ] C/C++: done reading expected JSONs
[        ] C/C++: executing build commands for targets that produce .so files or executables
[        ] C/C++: evaluate miniconfig
[        ] C/C++: evaluate library olm (armeabi-v7a)
[        ] C/C++: building target library olm because no targets are specified.
[        ] C/C++: about to build targets olm
[        ] C/C++: Build olm
[        ] C/C++: /Users/florian/Library/Android/sdk/cmake/3.22.1/bin/ninja \
[        ]   -C \
[        ]   /Users/florian/.pub-cache/hosted/pub.dev/flutter_olm-2.0.0/android/.cxx/Debug/611a6669/armeabi-v7a \
[        ]   olm
[        ] Starting process 'command '/Users/florian/Library/Android/sdk/cmake/3.22.1/bin/ninja''. Working directory: /Users/florian/.pub-cache/hosted/pub.dev/flutter_olm-2.0.0/android Command: /Users/florian/Library/Android/sdk/cmake/3.22.1/bin/ninja -C /Users/florian/.pub-cache/hosted/pub.dev/flutter_olm-2.0.0/android/.cxx/Debug/611a6669/armeabi-v7a olm
[        ] Successfully started process 'command '/Users/florian/Library/Android/sdk/cmake/3.22.1/bin/ninja''
[        ] C/C++: Received process result: 0
[        ] C/C++: check expected build outputs
[        ] C/C++: build complete
[        ] Resolve mutations for :flutter_olm:configureCMakeDebug[x86] (Thread[#43656,Execution worker Thread 13,5,main]) started.
[        ] :flutter_olm:configureCMakeDebug[x86] (Thread[#43656,Execution worker Thread 13,5,main]) started.
[        ] > Task :flutter_olm:configureCMakeDebug[x86]
[        ] Caching disabled for task ':flutter_olm:configureCMakeDebug[x86]' because:
[        ]   Build cache is disabled
[        ]   Caching has been disabled for the task
[        ] Task ':flutter_olm:configureCMakeDebug[x86]' is not up-to-date because:
[        ]   Task.upToDateWhen is false.
[        ] C/C++: /Users/florian/.pub-cache/hosted/pub.dev/flutter_olm-2.0.0/ios/CMakeLists.txt profile|x86 : Start JSON generation. Platform version: 21 min SDK version: x86
[        ] C/C++: /Users/florian/.pub-cache/hosted/pub.dev/flutter_olm-2.0.0/ios/CMakeLists.txt profile|x86 : JSON '/Users/florian/.pub-cache/hosted/pub.dev/flutter_olm-2.0.0/android/.cxx/Debug/611a6669/x86/android_gradle_build.json' was up-to-date
[        ] C/C++: /Users/florian/.pub-cache/hosted/pub.dev/flutter_olm-2.0.0/ios/CMakeLists.txt profile|x86 : JSON generation completed without problems
[        ] C/C++: /Users/florian/.pub-cache/hosted/pub.dev/flutter_olm-2.0.0/ios/CMakeLists.txt profile|x86 : Writing build model to /Users/florian/Code/substitution/build/flutter_olm/intermediates/cxx/Debug/611a6669/logs/x86/build_model.json
[        ] Resolve mutations for :flutter_olm:buildCMakeDebug[x86] (Thread[#43656,Execution worker Thread 13,5,main]) started.
[        ] :flutter_olm:buildCMakeDebug[x86] (Thread[#43656,Execution worker Thread 13,5,main]) started.
[        ] > Task :flutter_olm:buildCMakeDebug[x86]
[        ] Caching disabled for task ':flutter_olm:buildCMakeDebug[x86]' because:
[        ]   Build cache is disabled
[        ]   Caching has been disabled for the task
[        ] Task ':flutter_olm:buildCMakeDebug[x86]' is not up-to-date because:
[        ]   Task.upToDateWhen is false.
[        ] C/C++: starting build
[        ] C/C++: reading expected JSONs
[        ] C/C++: done reading expected JSONs
[        ] C/C++: executing build commands for targets that produce .so files or executables
[        ] C/C++: evaluate miniconfig
[        ] C/C++: evaluate library olm (x86)
[        ] C/C++: building target library olm because no targets are specified.
[        ] C/C++: about to build targets olm
[        ] C/C++: Build olm
[        ] C/C++: /Users/florian/Library/Android/sdk/cmake/3.22.1/bin/ninja \
[        ]   -C \
[        ]   /Users/florian/.pub-cache/hosted/pub.dev/flutter_olm-2.0.0/android/.cxx/Debug/611a6669/x86 \
[        ]   olm
[        ] Starting process 'command '/Users/florian/Library/Android/sdk/cmake/3.22.1/bin/ninja''. Working directory: /Users/florian/.pub-cache/hosted/pub.dev/flutter_olm-2.0.0/android Command: /Users/florian/Library/Android/sdk/cmake/3.22.1/bin/ninja -C /Users/florian/.pub-cache/hosted/pub.dev/flutter_olm-2.0.0/android/.cxx/Debug/611a6669/x86 olm
[        ] Successfully started process 'command '/Users/florian/Library/Android/sdk/cmake/3.22.1/bin/ninja''
[        ] C/C++: Received process result: 0
[        ] C/C++: check expected build outputs
[        ] C/C++: build complete
[        ] Resolve mutations for :flutter_olm:configureCMakeDebug[x86_64] (Thread[#43656,Execution worker Thread 13,5,main]) started.
[        ] :flutter_olm:configureCMakeDebug[x86_64] (Thread[#43656,Execution worker Thread 13,5,main]) started.
[        ] > Task :flutter_olm:configureCMakeDebug[x86_64]
[        ] Caching disabled for task ':flutter_olm:configureCMakeDebug[x86_64]' because:
[        ]   Build cache is disabled
[        ]   Caching has been disabled for the task
[        ] Task ':flutter_olm:configureCMakeDebug[x86_64]' is not up-to-date because:
[        ]   Task.upToDateWhen is false.
[        ] C/C++: /Users/florian/.pub-cache/hosted/pub.dev/flutter_olm-2.0.0/ios/CMakeLists.txt profile|x86_64 : Start JSON generation. Platform version: 21 min SDK version: x86_64
[        ] C/C++: /Users/florian/.pub-cache/hosted/pub.dev/flutter_olm-2.0.0/ios/CMakeLists.txt profile|x86_64 : JSON '/Users/florian/.pub-cache/hosted/pub.dev/flutter_olm-2.0.0/android/.cxx/Debug/611a6669/x86_64/android_gradle_build.json' was up-to-date
[        ] C/C++: /Users/florian/.pub-cache/hosted/pub.dev/flutter_olm-2.0.0/ios/CMakeLists.txt profile|x86_64 : JSON generation completed without problems
[        ] C/C++: /Users/florian/.pub-cache/hosted/pub.dev/flutter_olm-2.0.0/ios/CMakeLists.txt profile|x86_64 : Writing build model to /Users/florian/Code/substitution/build/flutter_olm/intermediates/cxx/Debug/611a6669/logs/x86_64/build_model.json
[        ] Resolve mutations for :flutter_olm:buildCMakeDebug[x86_64] (Thread[#43656,Execution worker Thread 13,5,main]) started.
[        ] :flutter_olm:buildCMakeDebug[x86_64] (Thread[#43656,Execution worker Thread 13,5,main]) started.
[        ] > Task :flutter_olm:buildCMakeDebug[x86_64]
[        ] Caching disabled for task ':flutter_olm:buildCMakeDebug[x86_64]' because:
[        ]   Build cache is disabled
[        ]   Caching has been disabled for the task
[        ] Task ':flutter_olm:buildCMakeDebug[x86_64]' is not up-to-date because:
[        ]   Task.upToDateWhen is false.
[        ] C/C++: starting build
[        ] C/C++: reading expected JSONs
[        ] C/C++: done reading expected JSONs
[        ] C/C++: executing build commands for targets that produce .so files or executables
[        ] C/C++: evaluate miniconfig
[        ] C/C++: evaluate library olm (x86_64)
[        ] C/C++: building target library olm because no targets are specified.
[        ] C/C++: about to build targets olm
[        ] C/C++: Build olm
[        ] C/C++: /Users/florian/Library/Android/sdk/cmake/3.22.1/bin/ninja \
[        ]   -C \
[        ]   /Users/florian/.pub-cache/hosted/pub.dev/flutter_olm-2.0.0/android/.cxx/Debug/611a6669/x86_64 \
[        ]   olm
[        ] Starting process 'command '/Users/florian/Library/Android/sdk/cmake/3.22.1/bin/ninja''. Working directory: /Users/florian/.pub-cache/hosted/pub.dev/flutter_olm-2.0.0/android Command: /Users/florian/Library/Android/sdk/cmake/3.22.1/bin/ninja -C /Users/florian/.pub-cache/hosted/pub.dev/flutter_olm-2.0.0/android/.cxx/Debug/611a6669/x86_64 olm
[        ] Successfully started process 'command '/Users/florian/Library/Android/sdk/cmake/3.22.1/bin/ninja''
[        ] C/C++: Received process result: 0
[        ] C/C++: check expected build outputs
[        ] C/C++: build complete
[        ] Resolve mutations for :flutter_olm:mergeDebugJniLibFolders (Thread[#43656,Execution worker Thread 13,5,main]) started.
[        ] :flutter_olm:mergeDebugJniLibFolders (Thread[#43656,Execution worker Thread 13,5,main]) started.
[        ] > Task :flutter_olm:mergeDebugJniLibFolders UP-TO-DATE
[        ] Caching disabled for task ':flutter_olm:mergeDebugJniLibFolders' because:
[        ]   Build cache is disabled
[        ]   Simple merging task
[        ] Skipping task ':flutter_olm:mergeDebugJniLibFolders' as it is up-to-date.
[        ] Resolve mutations for :flutter_olm:mergeDebugNativeLibs (Thread[#43656,Execution worker Thread 13,5,main]) started.
[        ] :flutter_olm:mergeDebugNativeLibs (Thread[#43656,Execution worker Thread 13,5,main]) started.
[        ] > Task :flutter_olm:mergeDebugNativeLibs UP-TO-DATE
[        ] Caching disabled for task ':flutter_olm:mergeDebugNativeLibs' because:
[        ]   Build cache is disabled
[        ]   Caching has been disabled for the task
[        ] Skipping task ':flutter_olm:mergeDebugNativeLibs' as it is up-to-date.
[        ] Resolve mutations for :flutter_olm:copyDebugJniLibsProjectOnly (Thread[#43656,Execution worker Thread 13,5,main]) started.
[        ] :flutter_olm:copyDebugJniLibsProjectOnly (Thread[#43656,Execution worker Thread 13,5,main]) started.
[        ] > Task :flutter_olm:copyDebugJniLibsProjectOnly UP-TO-DATE
[        ] Caching disabled for task ':flutter_olm:copyDebugJniLibsProjectOnly' because:
[        ]   Build cache is disabled
[        ]   Caching has been disabled for the task
[        ] Skipping task ':flutter_olm:copyDebugJniLibsProjectOnly' as it is up-to-date.
[        ] work action resolve jni (project :flutter_olm) (Thread[#43656,Execution worker Thread 13,5,main]) started.
[        ] Resolve mutations for :flutter_openssl_crypto:preProfileBuild (Thread[#43656,Execution worker Thread 13,5,main]) started.
[        ] :flutter_openssl_crypto:preProfileBuild (Thread[#43656,Execution worker Thread 13,5,main]) started.
[        ] > Task :flutter_openssl_crypto:preProfileBuild UP-TO-DATE
[        ] Skipping task ':flutter_openssl_crypto:preProfileBuild' as it has no actions.
[        ] Resolve mutations for :flutter_openssl_crypto:configureCMakeDebug[arm64-v8a] (Thread[#43656,Execution worker Thread 13,5,main]) started.
[        ] :flutter_openssl_crypto:configureCMakeDebug[arm64-v8a] (Thread[#43656,Execution worker Thread 13,5,main]) started.
[        ] > Task :flutter_openssl_crypto:configureCMakeDebug[arm64-v8a]
[        ] Caching disabled for task ':flutter_openssl_crypto:configureCMakeDebug[arm64-v8a]' because:
[        ]   Build cache is disabled
[        ]   Caching has been disabled for the task
[        ] Task ':flutter_openssl_crypto:configureCMakeDebug[arm64-v8a]' is not up-to-date because:
[        ]   Task.upToDateWhen is false.
[        ] C/C++: /Users/florian/.pub-cache/hosted/pub.dev/flutter_openssl_crypto-0.5.0/android/CMakeLists.txt profile|arm64-v8a : Start JSON generation. Platform version: 21 min SDK version: arm64-v8a
[        ] C/C++: /Users/florian/.pub-cache/hosted/pub.dev/flutter_openssl_crypto-0.5.0/android/CMakeLists.txt profile|arm64-v8a : JSON '/Users/florian/.pub-cache/hosted/pub.dev/flutter_openssl_crypto-0.5.0/android/.cxx/Debug/42n1p1e4/arm64-v8a/android_gradle_build.json' was up-to-date
[        ] C/C++: /Users/florian/.pub-cache/hosted/pub.dev/flutter_openssl_crypto-0.5.0/android/CMakeLists.txt profile|arm64-v8a : JSON generation completed without problems
[        ] C/C++: /Users/florian/.pub-cache/hosted/pub.dev/flutter_openssl_crypto-0.5.0/android/CMakeLists.txt profile|arm64-v8a : Writing build model to /Users/florian/Code/substitution/build/flutter_openssl_crypto/intermediates/cxx/Debug/42n1p1e4/logs/arm64-v8a/build_model.json
[        ] Resolve mutations for :flutter_openssl_crypto:buildCMakeDebug[arm64-v8a] (Thread[#43656,Execution worker Thread 13,5,main]) started.
[        ] :flutter_openssl_crypto:buildCMakeDebug[arm64-v8a] (Thread[#43656,Execution worker Thread 13,5,main]) started.
[        ] > Task :flutter_openssl_crypto:buildCMakeDebug[arm64-v8a]
[        ] Caching disabled for task ':flutter_openssl_crypto:buildCMakeDebug[arm64-v8a]' because:
[        ]   Build cache is disabled
[        ]   Caching has been disabled for the task
[        ] Task ':flutter_openssl_crypto:buildCMakeDebug[arm64-v8a]' is not up-to-date because:
[        ]   Task.upToDateWhen is false.
[        ] C/C++: starting build
[        ] C/C++: reading expected JSONs
[        ] C/C++: done reading expected JSONs
[        ] C/C++: executing build commands for targets that produce .so files or executables
[        ] C/C++: evaluate miniconfig
[        ] C/C++: evaluate library flutter_openssl_crypto (arm64-v8a)
[        ] C/C++: building target library flutter_openssl_crypto because no targets are specified.
[        ] C/C++: about to build targets flutter_openssl_crypto
[        ] C/C++: Build flutter_openssl_crypto
[        ] C/C++: /Users/florian/Library/Android/sdk/cmake/3.22.1/bin/ninja \
[        ]   -C \
[        ]   /Users/florian/.pub-cache/hosted/pub.dev/flutter_openssl_crypto-0.5.0/android/.cxx/Debug/42n1p1e4/arm64-v8a \
[        ]   flutter_openssl_crypto
[        ] Starting process 'command '/Users/florian/Library/Android/sdk/cmake/3.22.1/bin/ninja''. Working directory: /Users/florian/.pub-cache/hosted/pub.dev/flutter_openssl_crypto-0.5.0/android Command: /Users/florian/Library/Android/sdk/cmake/3.22.1/bin/ninja -C /Users/florian/.pub-cache/hosted/pub.dev/flutter_openssl_crypto-0.5.0/android/.cxx/Debug/42n1p1e4/arm64-v8a flutter_openssl_crypto
[        ] Successfully started process 'command '/Users/florian/Library/Android/sdk/cmake/3.22.1/bin/ninja''
[        ] C/C++: Received process result: 0
[        ] C/C++: check expected build outputs
[        ] C/C++: build complete
[        ] Resolve mutations for :flutter_openssl_crypto:configureCMakeDebug[armeabi-v7a] (Thread[#43656,Execution worker Thread 13,5,main]) started.
[        ] :flutter_openssl_crypto:configureCMakeDebug[armeabi-v7a] (Thread[#43656,Execution worker Thread 13,5,main]) started.
[        ] > Task :flutter_openssl_crypto:configureCMakeDebug[armeabi-v7a]
[        ] Caching disabled for task ':flutter_openssl_crypto:configureCMakeDebug[armeabi-v7a]' because:
[        ]   Build cache is disabled
[        ]   Caching has been disabled for the task
[        ] Task ':flutter_openssl_crypto:configureCMakeDebug[armeabi-v7a]' is not up-to-date because:
[        ]   Task.upToDateWhen is false.
[        ] C/C++: /Users/florian/.pub-cache/hosted/pub.dev/flutter_openssl_crypto-0.5.0/android/CMakeLists.txt profile|armeabi-v7a : Start JSON generation. Platform version: 21 min SDK version: armeabi-v7a
[        ] C/C++: /Users/florian/.pub-cache/hosted/pub.dev/flutter_openssl_crypto-0.5.0/android/CMakeLists.txt profile|armeabi-v7a : JSON '/Users/florian/.pub-cache/hosted/pub.dev/flutter_openssl_crypto-0.5.0/android/.cxx/Debug/42n1p1e4/armeabi-v7a/android_gradle_build.json' was up-to-date
[        ] C/C++: /Users/florian/.pub-cache/hosted/pub.dev/flutter_openssl_crypto-0.5.0/android/CMakeLists.txt profile|armeabi-v7a : JSON generation completed without problems
[        ] C/C++: /Users/florian/.pub-cache/hosted/pub.dev/flutter_openssl_crypto-0.5.0/android/CMakeLists.txt profile|armeabi-v7a : Writing build model to /Users/florian/Code/substitution/build/flutter_openssl_crypto/intermediates/cxx/Debug/42n1p1e4/logs/armeabi-v7a/build_model.json
[        ] Resolve mutations for :flutter_openssl_crypto:buildCMakeDebug[armeabi-v7a] (Thread[#43656,Execution worker Thread 13,5,main]) started.
[        ] :flutter_openssl_crypto:buildCMakeDebug[armeabi-v7a] (Thread[#43656,Execution worker Thread 13,5,main]) started.
[        ] > Task :flutter_openssl_crypto:buildCMakeDebug[armeabi-v7a]
[        ] Caching disabled for task ':flutter_openssl_crypto:buildCMakeDebug[armeabi-v7a]' because:
[        ]   Build cache is disabled
[        ]   Caching has been disabled for the task
[        ] Task ':flutter_openssl_crypto:buildCMakeDebug[armeabi-v7a]' is not up-to-date because:
[        ]   Task.upToDateWhen is false.
[        ] C/C++: starting build
[        ] C/C++: reading expected JSONs
[        ] C/C++: done reading expected JSONs
[        ] C/C++: executing build commands for targets that produce .so files or executables
[        ] C/C++: evaluate miniconfig
[        ] C/C++: evaluate library flutter_openssl_crypto (armeabi-v7a)
[        ] C/C++: building target library flutter_openssl_crypto because no targets are specified.
[        ] C/C++: about to build targets flutter_openssl_crypto
[        ] C/C++: Build flutter_openssl_crypto
[        ] C/C++: /Users/florian/Library/Android/sdk/cmake/3.22.1/bin/ninja \
[        ]   -C \
[        ]   /Users/florian/.pub-cache/hosted/pub.dev/flutter_openssl_crypto-0.5.0/android/.cxx/Debug/42n1p1e4/armeabi-v7a \
[        ]   flutter_openssl_crypto
[        ] Starting process 'command '/Users/florian/Library/Android/sdk/cmake/3.22.1/bin/ninja''. Working directory: /Users/florian/.pub-cache/hosted/pub.dev/flutter_openssl_crypto-0.5.0/android Command: /Users/florian/Library/Android/sdk/cmake/3.22.1/bin/ninja -C /Users/florian/.pub-cache/hosted/pub.dev/flutter_openssl_crypto-0.5.0/android/.cxx/Debug/42n1p1e4/armeabi-v7a flutter_openssl_crypto
[        ] Successfully started process 'command '/Users/florian/Library/Android/sdk/cmake/3.22.1/bin/ninja''
[        ] C/C++: Received process result: 0
[        ] C/C++: check expected build outputs
[        ] C/C++: build complete
[        ] Resolve mutations for :flutter_openssl_crypto:configureCMakeDebug[x86] (Thread[#43656,Execution worker Thread 13,5,main]) started.
[        ] :flutter_openssl_crypto:configureCMakeDebug[x86] (Thread[#43656,Execution worker Thread 13,5,main]) started.
[        ] > Task :flutter_openssl_crypto:configureCMakeDebug[x86]
[        ] Caching disabled for task ':flutter_openssl_crypto:configureCMakeDebug[x86]' because:
[        ]   Build cache is disabled
[        ]   Caching has been disabled for the task
[        ] Task ':flutter_openssl_crypto:configureCMakeDebug[x86]' is not up-to-date because:
[        ]   Task.upToDateWhen is false.
[        ] C/C++: /Users/florian/.pub-cache/hosted/pub.dev/flutter_openssl_crypto-0.5.0/android/CMakeLists.txt profile|x86 : Start JSON generation. Platform version: 21 min SDK version: x86
[        ] C/C++: /Users/florian/.pub-cache/hosted/pub.dev/flutter_openssl_crypto-0.5.0/android/CMakeLists.txt profile|x86 : JSON '/Users/florian/.pub-cache/hosted/pub.dev/flutter_openssl_crypto-0.5.0/android/.cxx/Debug/42n1p1e4/x86/android_gradle_build.json' was up-to-date
[        ] C/C++: /Users/florian/.pub-cache/hosted/pub.dev/flutter_openssl_crypto-0.5.0/android/CMakeLists.txt profile|x86 : JSON generation completed without problems
[        ] C/C++: /Users/florian/.pub-cache/hosted/pub.dev/flutter_openssl_crypto-0.5.0/android/CMakeLists.txt profile|x86 : Writing build model to /Users/florian/Code/substitution/build/flutter_openssl_crypto/intermediates/cxx/Debug/42n1p1e4/logs/x86/build_model.json
[        ] Resolve mutations for :flutter_openssl_crypto:buildCMakeDebug[x86] (Thread[#43656,Execution worker Thread 13,5,main]) started.
[        ] :flutter_openssl_crypto:buildCMakeDebug[x86] (Thread[#43656,Execution worker Thread 13,5,main]) started.
[        ] > Task :flutter_openssl_crypto:buildCMakeDebug[x86]
[        ] Caching disabled for task ':flutter_openssl_crypto:buildCMakeDebug[x86]' because:
[        ]   Build cache is disabled
[        ]   Caching has been disabled for the task
[        ] Task ':flutter_openssl_crypto:buildCMakeDebug[x86]' is not up-to-date because:
[        ]   Task.upToDateWhen is false.
[        ] C/C++: starting build
[        ] C/C++: reading expected JSONs
[        ] C/C++: done reading expected JSONs
[        ] C/C++: executing build commands for targets that produce .so files or executables
[        ] C/C++: evaluate miniconfig
[        ] C/C++: evaluate library flutter_openssl_crypto (x86)
[        ] C/C++: building target library flutter_openssl_crypto because no targets are specified.
[        ] C/C++: about to build targets flutter_openssl_crypto
[        ] C/C++: Build flutter_openssl_crypto
[        ] C/C++: /Users/florian/Library/Android/sdk/cmake/3.22.1/bin/ninja \
[        ]   -C \
[        ]   /Users/florian/.pub-cache/hosted/pub.dev/flutter_openssl_crypto-0.5.0/android/.cxx/Debug/42n1p1e4/x86 \
[        ]   flutter_openssl_crypto
[        ] Starting process 'command '/Users/florian/Library/Android/sdk/cmake/3.22.1/bin/ninja''. Working directory: /Users/florian/.pub-cache/hosted/pub.dev/flutter_openssl_crypto-0.5.0/android Command: /Users/florian/Library/Android/sdk/cmake/3.22.1/bin/ninja -C /Users/florian/.pub-cache/hosted/pub.dev/flutter_openssl_crypto-0.5.0/android/.cxx/Debug/42n1p1e4/x86 flutter_openssl_crypto
[        ] Successfully started process 'command '/Users/florian/Library/Android/sdk/cmake/3.22.1/bin/ninja''
[        ] C/C++: Received process result: 0
[        ] C/C++: check expected build outputs
[        ] C/C++: build complete
[        ] Resolve mutations for :flutter_openssl_crypto:configureCMakeDebug[x86_64] (Thread[#43656,Execution worker Thread 13,5,main]) started.
[        ] :flutter_openssl_crypto:configureCMakeDebug[x86_64] (Thread[#43656,Execution worker Thread 13,5,main]) started.
[        ] > Task :flutter_openssl_crypto:configureCMakeDebug[x86_64]
[        ] Caching disabled for task ':flutter_openssl_crypto:configureCMakeDebug[x86_64]' because:
[        ]   Build cache is disabled
[        ]   Caching has been disabled for the task
[        ] Task ':flutter_openssl_crypto:configureCMakeDebug[x86_64]' is not up-to-date because:
[        ]   Task.upToDateWhen is false.
[        ] C/C++: /Users/florian/.pub-cache/hosted/pub.dev/flutter_openssl_crypto-0.5.0/android/CMakeLists.txt profile|x86_64 : Start JSON generation. Platform version: 21 min SDK version: x86_64
[        ] C/C++: /Users/florian/.pub-cache/hosted/pub.dev/flutter_openssl_crypto-0.5.0/android/CMakeLists.txt profile|x86_64 : JSON '/Users/florian/.pub-cache/hosted/pub.dev/flutter_openssl_crypto-0.5.0/android/.cxx/Debug/42n1p1e4/x86_64/android_gradle_build.json' was up-to-date
[        ] C/C++: /Users/florian/.pub-cache/hosted/pub.dev/flutter_openssl_crypto-0.5.0/android/CMakeLists.txt profile|x86_64 : JSON generation completed without problems
[        ] C/C++: /Users/florian/.pub-cache/hosted/pub.dev/flutter_openssl_crypto-0.5.0/android/CMakeLists.txt profile|x86_64 : Writing build model to /Users/florian/Code/substitution/build/flutter_openssl_crypto/intermediates/cxx/Debug/42n1p1e4/logs/x86_64/build_model.json
[        ] Resolve mutations for :flutter_openssl_crypto:buildCMakeDebug[x86_64] (Thread[#43656,Execution worker Thread 13,5,main]) started.
[        ] :flutter_openssl_crypto:buildCMakeDebug[x86_64] (Thread[#43656,Execution worker Thread 13,5,main]) started.
[        ] > Task :flutter_openssl_crypto:buildCMakeDebug[x86_64]
[        ] Caching disabled for task ':flutter_openssl_crypto:buildCMakeDebug[x86_64]' because:
[        ]   Build cache is disabled
[        ]   Caching has been disabled for the task
[        ] Task ':flutter_openssl_crypto:buildCMakeDebug[x86_64]' is not up-to-date because:
[        ]   Task.upToDateWhen is false.
[        ] C/C++: starting build
[        ] C/C++: reading expected JSONs
[        ] C/C++: done reading expected JSONs
[        ] C/C++: executing build commands for targets that produce .so files or executables
[        ] C/C++: evaluate miniconfig
[        ] C/C++: evaluate library flutter_openssl_crypto (x86_64)
[        ] C/C++: building target library flutter_openssl_crypto because no targets are specified.
[        ] C/C++: about to build targets flutter_openssl_crypto
[        ] C/C++: Build flutter_openssl_crypto
[        ] C/C++: /Users/florian/Library/Android/sdk/cmake/3.22.1/bin/ninja \
[        ]   -C \
[        ]   /Users/florian/.pub-cache/hosted/pub.dev/flutter_openssl_crypto-0.5.0/android/.cxx/Debug/42n1p1e4/x86_64 \
[        ]   flutter_openssl_crypto
[        ] Starting process 'command '/Users/florian/Library/Android/sdk/cmake/3.22.1/bin/ninja''. Working directory: /Users/florian/.pub-cache/hosted/pub.dev/flutter_openssl_crypto-0.5.0/android Command: /Users/florian/Library/Android/sdk/cmake/3.22.1/bin/ninja -C /Users/florian/.pub-cache/hosted/pub.dev/flutter_openssl_crypto-0.5.0/android/.cxx/Debug/42n1p1e4/x86_64 flutter_openssl_crypto
[        ] Successfully started process 'command '/Users/florian/Library/Android/sdk/cmake/3.22.1/bin/ninja''
[        ] C/C++: Received process result: 0
[        ] C/C++: check expected build outputs
[        ] C/C++: build complete
[        ] Resolve mutations for :flutter_openssl_crypto:mergeDebugJniLibFolders (Thread[#43656,Execution worker Thread 13,5,main]) started.
[        ] :flutter_openssl_crypto:mergeDebugJniLibFolders (Thread[#43656,Execution worker Thread 13,5,main]) started.
[        ] > Task :flutter_openssl_crypto:mergeDebugJniLibFolders UP-TO-DATE
[        ] Caching disabled for task ':flutter_openssl_crypto:mergeDebugJniLibFolders' because:
[        ]   Build cache is disabled
[        ]   Simple merging task
[        ] Skipping task ':flutter_openssl_crypto:mergeDebugJniLibFolders' as it is up-to-date.
[        ] Resolve mutations for :flutter_openssl_crypto:mergeDebugNativeLibs (Thread[#43656,Execution worker Thread 13,5,main]) started.
[        ] :flutter_openssl_crypto:mergeDebugNativeLibs (Thread[#43656,Execution worker Thread 13,5,main]) started.
[        ] > Task :flutter_openssl_crypto:mergeDebugNativeLibs UP-TO-DATE
[        ] Caching disabled for task ':flutter_openssl_crypto:mergeDebugNativeLibs' because:
[        ]   Build cache is disabled
[        ]   Caching has been disabled for the task
[        ] Skipping task ':flutter_openssl_crypto:mergeDebugNativeLibs' as it is up-to-date.
[        ] Resolve mutations for :flutter_openssl_crypto:copyDebugJniLibsProjectOnly (Thread[#43656,Execution worker Thread 13,5,main]) started.
[        ] :flutter_openssl_crypto:copyDebugJniLibsProjectOnly (Thread[#43656,Execution worker Thread 13,5,main]) started.
[        ] > Task :flutter_openssl_crypto:copyDebugJniLibsProjectOnly UP-TO-DATE
[        ] Caching disabled for task ':flutter_openssl_crypto:copyDebugJniLibsProjectOnly' because:
[        ]   Build cache is disabled
[        ]   Caching has been disabled for the task
[        ] Skipping task ':flutter_openssl_crypto:copyDebugJniLibsProjectOnly' as it is up-to-date.
[        ] work action resolve jni (project :flutter_openssl_crypto) (Thread[#43656,Execution worker Thread 13,5,main]) started.
[        ] Resolve mutations for :integration_test:mergeDebugJniLibFolders (Thread[#43656,Execution worker Thread 13,5,main]) started.
[        ] :integration_test:mergeDebugJniLibFolders (Thread[#43656,Execution worker Thread 13,5,main]) started.
[        ] > Task :integration_test:mergeDebugJniLibFolders UP-TO-DATE
[        ] Caching disabled for task ':integration_test:mergeDebugJniLibFolders' because:
[        ]   Build cache is disabled
[        ]   Simple merging task
[        ] Skipping task ':integration_test:mergeDebugJniLibFolders' as it is up-to-date.
[        ] Resolve mutations for :integration_test:mergeDebugNativeLibs (Thread[#43656,Execution worker Thread 13,5,main]) started.
[        ] :integration_test:mergeDebugNativeLibs (Thread[#43656,Execution worker Thread 13,5,main]) started.
[        ] > Task :integration_test:mergeDebugNativeLibs NO-SOURCE
[        ] Skipping task ':integration_test:mergeDebugNativeLibs' as it has no source files and no previous output files.
[        ] Resolve mutations for :integration_test:copyDebugJniLibsProjectOnly (Thread[#43656,Execution worker Thread 13,5,main]) started.
[        ] :integration_test:copyDebugJniLibsProjectOnly (Thread[#43656,Execution worker Thread 13,5,main]) started.
[        ] > Task :integration_test:copyDebugJniLibsProjectOnly UP-TO-DATE
[        ] Caching disabled for task ':integration_test:copyDebugJniLibsProjectOnly' because:
[        ]   Build cache is disabled
[        ]   Caching has been disabled for the task
[        ] Skipping task ':integration_test:copyDebugJniLibsProjectOnly' as it is up-to-date.
[        ] work action resolve jni (project :integration_test) (Thread[#43656,Execution worker Thread 13,5,main]) started.
[        ] Resolve mutations for :path_provider_android:mergeDebugJniLibFolders (Thread[#43656,Execution worker Thread 13,5,main]) started.
[        ] :path_provider_android:mergeDebugJniLibFolders (Thread[#43656,Execution worker Thread 13,5,main]) started.
[        ] > Task :path_provider_android:mergeDebugJniLibFolders UP-TO-DATE
[        ] Caching disabled for task ':path_provider_android:mergeDebugJniLibFolders' because:
[        ]   Build cache is disabled
[        ]   Simple merging task
[        ] Skipping task ':path_provider_android:mergeDebugJniLibFolders' as it is up-to-date.
[        ] Resolve mutations for :path_provider_android:mergeDebugNativeLibs (Thread[#43656,Execution worker Thread 13,5,main]) started.
[        ] :path_provider_android:mergeDebugNativeLibs (Thread[#43656,Execution worker Thread 13,5,main]) started.
[        ] > Task :path_provider_android:mergeDebugNativeLibs NO-SOURCE
[        ] Skipping task ':path_provider_android:mergeDebugNativeLibs' as it has no source files and no previous output files.
[        ] Resolve mutations for :path_provider_android:copyDebugJniLibsProjectOnly (Thread[#43656,Execution worker Thread 13,5,main]) started.
[        ] :path_provider_android:copyDebugJniLibsProjectOnly (Thread[#43656,Execution worker Thread 13,5,main]) started.
[        ] > Task :path_provider_android:copyDebugJniLibsProjectOnly UP-TO-DATE
[        ] Caching disabled for task ':path_provider_android:copyDebugJniLibsProjectOnly' because:
[        ]   Build cache is disabled
[        ]   Caching has been disabled for the task
[        ] Skipping task ':path_provider_android:copyDebugJniLibsProjectOnly' as it is up-to-date.
[        ] work action resolve jni (project :path_provider_android) (Thread[#43656,Execution worker Thread 13,5,main]) started.
[        ] Resolve mutations for :quill_native_bridge_android:mergeDebugJniLibFolders (Thread[#43656,Execution worker Thread 13,5,main]) started.
[        ] :quill_native_bridge_android:mergeDebugJniLibFolders (Thread[#43656,Execution worker Thread 13,5,main]) started.
[        ] > Task :quill_native_bridge_android:mergeDebugJniLibFolders UP-TO-DATE
[        ] Caching disabled for task ':quill_native_bridge_android:mergeDebugJniLibFolders' because:
[        ]   Build cache is disabled
[        ]   Simple merging task
[        ] Skipping task ':quill_native_bridge_android:mergeDebugJniLibFolders' as it is up-to-date.
[        ] Resolve mutations for :quill_native_bridge_android:mergeDebugNativeLibs (Thread[#43656,Execution worker Thread 13,5,main]) started.
[        ] :quill_native_bridge_android:mergeDebugNativeLibs (Thread[#43656,Execution worker Thread 13,5,main]) started.
[        ] > Task :quill_native_bridge_android:mergeDebugNativeLibs NO-SOURCE
[        ] Skipping task ':quill_native_bridge_android:mergeDebugNativeLibs' as it has no source files and no previous output files.
[        ] Resolve mutations for :quill_native_bridge_android:copyDebugJniLibsProjectOnly (Thread[#43656,Execution worker Thread 13,5,main]) started.
[        ] :quill_native_bridge_android:copyDebugJniLibsProjectOnly (Thread[#43656,Execution worker Thread 13,5,main]) started.
[        ] > Task :quill_native_bridge_android:copyDebugJniLibsProjectOnly UP-TO-DATE
[        ] Caching disabled for task ':quill_native_bridge_android:copyDebugJniLibsProjectOnly' because:
[        ]   Build cache is disabled
[        ]   Caching has been disabled for the task
[        ] Skipping task ':quill_native_bridge_android:copyDebugJniLibsProjectOnly' as it is up-to-date.
[        ] work action resolve jni (project :quill_native_bridge_android) (Thread[#43656,Execution worker Thread 13,5,main]) started.
[        ] Resolve mutations for :shared_preferences_android:mergeDebugJniLibFolders (Thread[#43656,Execution worker Thread 13,5,main]) started.
[        ] :shared_preferences_android:mergeDebugJniLibFolders (Thread[#43656,Execution worker Thread 13,5,main]) started.
[        ] > Task :shared_preferences_android:mergeDebugJniLibFolders UP-TO-DATE
[        ] Caching disabled for task ':shared_preferences_android:mergeDebugJniLibFolders' because:
[        ]   Build cache is disabled
[        ]   Simple merging task
[        ] Skipping task ':shared_preferences_android:mergeDebugJniLibFolders' as it is up-to-date.
[        ] Resolve mutations for :shared_preferences_android:mergeDebugNativeLibs (Thread[#43656,Execution worker Thread 13,5,main]) started.
[        ] :shared_preferences_android:mergeDebugNativeLibs (Thread[#43656,Execution worker Thread 13,5,main]) started.
[        ] > Task :shared_preferences_android:mergeDebugNativeLibs NO-SOURCE
[        ] Skipping task ':shared_preferences_android:mergeDebugNativeLibs' as it has no source files and no previous output files.
[        ] Resolve mutations for :shared_preferences_android:copyDebugJniLibsProjectOnly (Thread[#43656,Execution worker Thread 13,5,main]) started.
[        ] :shared_preferences_android:copyDebugJniLibsProjectOnly (Thread[#43656,Execution worker Thread 13,5,main]) started.
[        ] > Task :shared_preferences_android:copyDebugJniLibsProjectOnly UP-TO-DATE
[        ] Caching disabled for task ':shared_preferences_android:copyDebugJniLibsProjectOnly' because:
[        ]   Build cache is disabled
[        ]   Caching has been disabled for the task
[        ] Skipping task ':shared_preferences_android:copyDebugJniLibsProjectOnly' as it is up-to-date.
[        ] work action resolve jni (project :shared_preferences_android) (Thread[#43656,Execution worker Thread 13,5,main]) started.
[        ] Resolve mutations for :sqflite_android:mergeDebugJniLibFolders (Thread[#43656,Execution worker Thread 13,5,main]) started.
[        ] :sqflite_android:mergeDebugJniLibFolders (Thread[#43656,Execution worker Thread 13,5,main]) started.
[        ] > Task :sqflite_android:mergeDebugJniLibFolders UP-TO-DATE
[        ] Caching disabled for task ':sqflite_android:mergeDebugJniLibFolders' because:
[        ]   Build cache is disabled
[        ]   Simple merging task
[        ] Skipping task ':sqflite_android:mergeDebugJniLibFolders' as it is up-to-date.
[        ] Resolve mutations for :sqflite_android:mergeDebugNativeLibs (Thread[#43656,Execution worker Thread 13,5,main]) started.
[        ] :sqflite_android:mergeDebugNativeLibs (Thread[#43669,Execution worker Thread 26,5,main]) started.
[        ] > Task :sqflite_android:mergeDebugNativeLibs NO-SOURCE
[        ] Skipping task ':sqflite_android:mergeDebugNativeLibs' as it has no source files and no previous output files.
[        ] Resolve mutations for :sqflite_android:copyDebugJniLibsProjectOnly (Thread[#43669,Execution worker Thread 26,5,main]) started.
[        ] :sqflite_android:copyDebugJniLibsProjectOnly (Thread[#43669,Execution worker Thread 26,5,main]) started.
[        ] > Task :sqflite_android:copyDebugJniLibsProjectOnly UP-TO-DATE
[        ] Caching disabled for task ':sqflite_android:copyDebugJniLibsProjectOnly' because:
[        ]   Build cache is disabled
[        ]   Caching has been disabled for the task
[        ] Skipping task ':sqflite_android:copyDebugJniLibsProjectOnly' as it is up-to-date.
[        ] work action resolve jni (project :sqflite_android) (Thread[#43669,Execution worker Thread 26,5,main]) started.
[        ] Resolve mutations for :url_launcher_android:mergeDebugJniLibFolders (Thread[#43669,Execution worker Thread 26,5,main]) started.
[        ] :url_launcher_android:mergeDebugJniLibFolders (Thread[#43669,Execution worker Thread 26,5,main]) started.
[        ] > Task :url_launcher_android:mergeDebugJniLibFolders UP-TO-DATE
[        ] Caching disabled for task ':url_launcher_android:mergeDebugJniLibFolders' because:
[        ]   Build cache is disabled
[        ]   Simple merging task
[        ] Skipping task ':url_launcher_android:mergeDebugJniLibFolders' as it is up-to-date.
[        ] Resolve mutations for :url_launcher_android:mergeDebugNativeLibs (Thread[#43669,Execution worker Thread 26,5,main]) started.
[        ] :url_launcher_android:mergeDebugNativeLibs (Thread[#43669,Execution worker Thread 26,5,main]) started.
[        ] > Task :url_launcher_android:mergeDebugNativeLibs NO-SOURCE
[        ] Skipping task ':url_launcher_android:mergeDebugNativeLibs' as it has no source files and no previous output files.
[        ] Resolve mutations for :url_launcher_android:copyDebugJniLibsProjectOnly (Thread[#43669,Execution worker Thread 26,5,main]) started.
[        ] :url_launcher_android:copyDebugJniLibsProjectOnly (Thread[#43669,Execution worker Thread 26,5,main]) started.
[        ] > Task :url_launcher_android:copyDebugJniLibsProjectOnly UP-TO-DATE
[        ] Caching disabled for task ':url_launcher_android:copyDebugJniLibsProjectOnly' because:
[        ]   Build cache is disabled
[        ]   Caching has been disabled for the task
[        ] Skipping task ':url_launcher_android:copyDebugJniLibsProjectOnly' as it is up-to-date.
[        ] work action resolve jni (project :url_launcher_android) (Thread[#43669,Execution worker Thread 26,5,main]) started.
[        ] Resolve mutations for :video_player_android:mergeDebugJniLibFolders (Thread[#43669,Execution worker Thread 26,5,main]) started.
[        ] :video_player_android:mergeDebugJniLibFolders (Thread[#43669,Execution worker Thread 26,5,main]) started.
[        ] > Task :video_player_android:mergeDebugJniLibFolders UP-TO-DATE
[        ] Caching disabled for task ':video_player_android:mergeDebugJniLibFolders' because:
[        ]   Build cache is disabled
[        ]   Simple merging task
[        ] Skipping task ':video_player_android:mergeDebugJniLibFolders' as it is up-to-date.
[        ] Resolve mutations for :video_player_android:mergeDebugNativeLibs (Thread[#43669,Execution worker Thread 26,5,main]) started.
[        ] :video_player_android:mergeDebugNativeLibs (Thread[#43669,Execution worker Thread 26,5,main]) started.
[        ] > Task :video_player_android:mergeDebugNativeLibs NO-SOURCE
[        ] Skipping task ':video_player_android:mergeDebugNativeLibs' as it has no source files and no previous output files.
[        ] Resolve mutations for :video_player_android:copyDebugJniLibsProjectOnly (Thread[#43669,Execution worker Thread 26,5,main]) started.
[        ] :video_player_android:copyDebugJniLibsProjectOnly (Thread[#43669,Execution worker Thread 26,5,main]) started.
[        ] > Task :video_player_android:copyDebugJniLibsProjectOnly UP-TO-DATE
[        ] Caching disabled for task ':video_player_android:copyDebugJniLibsProjectOnly' because:
[        ]   Build cache is disabled
[        ]   Caching has been disabled for the task
[        ] Skipping task ':video_player_android:copyDebugJniLibsProjectOnly' as it is up-to-date.
[        ] work action resolve jni (project :video_player_android) (Thread[#43669,Execution worker Thread 26,5,main]) started.
[        ] Resolve mutations for :app:mergeDebugNativeLibs (Thread[#43669,Execution worker Thread 26,5,main]) started.
[        ] :app:mergeDebugNativeLibs (Thread[#43669,Execution worker Thread 26,5,main]) started.
[        ] > Task :app:mergeDebugNativeLibs UP-TO-DATE
[        ] Caching disabled for task ':app:mergeDebugNativeLibs' because:
[        ]   Build cache is disabled
[        ]   Caching has been disabled for the task
[        ] Skipping task ':app:mergeDebugNativeLibs' as it is up-to-date.
[        ] Resolve mutations for :app:stripDebugDebugSymbols (Thread[#43669,Execution worker Thread 26,5,main]) started.
[        ] :app:stripDebugDebugSymbols (Thread[#43669,Execution worker Thread 26,5,main]) started.
[        ] > Task :app:stripDebugDebugSymbols UP-TO-DATE
[        ] Caching disabled for task ':app:stripDebugDebugSymbols' because:
[        ]   Build cache is disabled
[        ]   Caching has been disabled for the task
[        ] Skipping task ':app:stripDebugDebugSymbols' as it is up-to-date.
[        ] Resolve mutations for :app:validateSigningDebug (Thread[#43669,Execution worker Thread 26,5,main]) started.
[        ] :app:validateSigningDebug (Thread[#43669,Execution worker Thread 26,5,main]) started.
[        ] > Task :app:validateSigningDebug UP-TO-DATE
[        ] Caching disabled for task ':app:validateSigningDebug' because:
[        ]   Build cache is disabled
[        ]   Caching has been disabled for the task
[        ] Skipping task ':app:validateSigningDebug' as it is up-to-date.
[        ] Resolve mutations for :app:writeDebugAppMetadata (Thread[#43669,Execution worker Thread 26,5,main]) started.
[        ] :app:writeDebugAppMetadata (Thread[#43669,Execution worker Thread 26,5,main]) started.
[        ] > Task :app:writeDebugAppMetadata UP-TO-DATE
[        ] Caching disabled for task ':app:writeDebugAppMetadata' because:
[        ]   Build cache is disabled
[        ]   Caching has been disabled for the task
[        ] Skipping task ':app:writeDebugAppMetadata' as it is up-to-date.
[        ] Resolve mutations for :app:writeDebugSigningConfigVersions (Thread[#43669,Execution worker Thread 26,5,main]) started.
[        ] :app:writeDebugSigningConfigVersions (Thread[#43669,Execution worker Thread 26,5,main]) started.
[        ] > Task :app:writeDebugSigningConfigVersions UP-TO-DATE
[        ] Caching disabled for task ':app:writeDebugSigningConfigVersions' because:
[        ]   Build cache is disabled
[        ]   Caching has been disabled for the task
[        ] Skipping task ':app:writeDebugSigningConfigVersions' as it is up-to-date.
[        ] Resolve mutations for :connectivity_plus:stripDebugDebugSymbols (Thread[#43669,Execution worker Thread 26,5,main]) started.
[        ] :connectivity_plus:stripDebugDebugSymbols (Thread[#43669,Execution worker Thread 26,5,main]) started.
[        ] > Task :connectivity_plus:stripDebugDebugSymbols NO-SOURCE
[        ] Skipping task ':connectivity_plus:stripDebugDebugSymbols' as it has no source files and no previous output files.
[        ] Resolve mutations for :connectivity_plus:copyDebugJniLibsProjectAndLocalJars (Thread[#43669,Execution worker Thread 26,5,main]) started.
[        ] :connectivity_plus:copyDebugJniLibsProjectAndLocalJars (Thread[#43669,Execution worker Thread 26,5,main]) started.
[        ] > Task :connectivity_plus:copyDebugJniLibsProjectAndLocalJars UP-TO-DATE
[        ] Caching disabled for task ':connectivity_plus:copyDebugJniLibsProjectAndLocalJars' because:
[        ]   Build cache is disabled
[        ]   Caching has been disabled for the task
[        ] Skipping task ':connectivity_plus:copyDebugJniLibsProjectAndLocalJars' as it is up-to-date.
[        ] Resolve mutations for :connectivity_plus:extractDebugAnnotations (Thread[#43669,Execution worker Thread 26,5,main]) started.
[        ] :connectivity_plus:extractDebugAnnotations (Thread[#43669,Execution worker Thread 26,5,main]) started.
[        ] > Task :connectivity_plus:extractDebugAnnotations UP-TO-DATE
[        ] Caching disabled for task ':connectivity_plus:extractDebugAnnotations' because:
[        ]   Build cache is disabled
[        ] Skipping task ':connectivity_plus:extractDebugAnnotations' as it is up-to-date.
[        ] Resolve mutations for :connectivity_plus:extractDeepLinksForAarDebug (Thread[#43669,Execution worker Thread 26,5,main]) started.
[        ] :connectivity_plus:extractDeepLinksForAarDebug (Thread[#43669,Execution worker Thread 26,5,main]) started.
[        ] > Task :connectivity_plus:extractDeepLinksForAarDebug UP-TO-DATE
[        ] Caching disabled for task ':connectivity_plus:extractDeepLinksForAarDebug' because:
[        ]   Build cache is disabled
[        ] Skipping task ':connectivity_plus:extractDeepLinksForAarDebug' as it is up-to-date.
[        ] Resolve mutations for :connectivity_plus:mergeDebugGeneratedProguardFiles (Thread[#43669,Execution worker Thread 26,5,main]) started.
[        ] :connectivity_plus:mergeDebugGeneratedProguardFiles (Thread[#43669,Execution worker Thread 26,5,main]) started.
[        ] > Task :connectivity_plus:mergeDebugGeneratedProguardFiles UP-TO-DATE
[        ] Caching disabled for task ':connectivity_plus:mergeDebugGeneratedProguardFiles' because:
[        ]   Build cache is disabled
[        ]   Simple merging task
[        ] Skipping task ':connectivity_plus:mergeDebugGeneratedProguardFiles' as it is up-to-date.
[        ] Resolve mutations for :connectivity_plus:mergeDebugConsumerProguardFiles (Thread[#43669,Execution worker Thread 26,5,main]) started.
[        ] :connectivity_plus:mergeDebugConsumerProguardFiles (Thread[#43669,Execution worker Thread 26,5,main]) started.
[        ] > Task :connectivity_plus:mergeDebugConsumerProguardFiles UP-TO-DATE
[        ] Caching disabled for task ':connectivity_plus:mergeDebugConsumerProguardFiles' because:
[        ]   Build cache is disabled
[        ]   Simple merging task
[        ] Skipping task ':connectivity_plus:mergeDebugConsumerProguardFiles' as it is up-to-date.
[        ] Resolve mutations for :connectivity_plus:prepareDebugArtProfile (Thread[#43669,Execution worker Thread 26,5,main]) started.
[        ] :connectivity_plus:prepareDebugArtProfile (Thread[#43669,Execution worker Thread 26,5,main]) started.
[        ] > Task :connectivity_plus:prepareDebugArtProfile UP-TO-DATE
[        ] Caching disabled for task ':connectivity_plus:prepareDebugArtProfile' because:
[        ]   Build cache is disabled
[        ]   Caching has been disabled for the task
[        ] Skipping task ':connectivity_plus:prepareDebugArtProfile' as it is up-to-date.
[        ] Resolve mutations for :connectivity_plus:prepareLintJarForPublish (Thread[#43669,Execution worker Thread 26,5,main]) started.
[        ] :connectivity_plus:prepareLintJarForPublish (Thread[#43669,Execution worker Thread 26,5,main]) started.
[        ] > Task :connectivity_plus:prepareLintJarForPublish UP-TO-DATE
[        ] Caching disabled for task ':connectivity_plus:prepareLintJarForPublish' because:
[        ]   Build cache is disabled
[        ]   Caching has been disabled for the task
[        ] Skipping task ':connectivity_plus:prepareLintJarForPublish' as it is up-to-date.
[        ] Resolve mutations for :connectivity_plus:mergeDebugJavaResource (Thread[#43669,Execution worker Thread 26,5,main]) started.
[        ] :connectivity_plus:mergeDebugJavaResource (Thread[#43669,Execution worker Thread 26,5,main]) started.
[        ] > Task :connectivity_plus:mergeDebugJavaResource UP-TO-DATE
[        ] Caching disabled for task ':connectivity_plus:mergeDebugJavaResource' because:
[        ]   Build cache is disabled
[        ]   Caching has been disabled for the task
[        ] Skipping task ':connectivity_plus:mergeDebugJavaResource' as it is up-to-date.
[        ] Resolve mutations for :connectivity_plus:syncDebugLibJars (Thread[#43669,Execution worker Thread 26,5,main]) started.
[        ] :connectivity_plus:syncDebugLibJars (Thread[#43669,Execution worker Thread 26,5,main]) started.
[        ] > Task :connectivity_plus:syncDebugLibJars UP-TO-DATE
[        ] Caching disabled for task ':connectivity_plus:syncDebugLibJars' because:
[        ]   Build cache is disabled
[        ] Skipping task ':connectivity_plus:syncDebugLibJars' as it is up-to-date.
[        ] Resolve mutations for :connectivity_plus:bundleDebugAar (Thread[#43669,Execution worker Thread 26,5,main]) started.
[        ] :connectivity_plus:bundleDebugAar (Thread[#43669,Execution worker Thread 26,5,main]) started.
[        ] > Task :connectivity_plus:bundleDebugAar UP-TO-DATE
[        ] Caching disabled for task ':connectivity_plus:bundleDebugAar' because:
[        ]   Build cache is disabled
[        ]   Caching has been disabled for the task
[        ] Skipping task ':connectivity_plus:bundleDebugAar' as it is up-to-date.
[        ] Resolve mutations for :connectivity_plus:assembleDebug (Thread[#43669,Execution worker Thread 26,5,main]) started.
[        ] :connectivity_plus:assembleDebug (Thread[#43669,Execution worker Thread 26,5,main]) started.
[        ] > Task :connectivity_plus:assembleDebug UP-TO-DATE
[        ] Skipping task ':connectivity_plus:assembleDebug' as it has no actions.
[        ] Resolve mutations for :emoji_picker_flutter:stripDebugDebugSymbols (Thread[#43669,Execution worker Thread 26,5,main]) started.
[        ] :emoji_picker_flutter:stripDebugDebugSymbols (Thread[#43669,Execution worker Thread 26,5,main]) started.
[        ] > Task :emoji_picker_flutter:stripDebugDebugSymbols NO-SOURCE
[        ] Skipping task ':emoji_picker_flutter:stripDebugDebugSymbols' as it has no source files and no previous output files.
[        ] Resolve mutations for :emoji_picker_flutter:copyDebugJniLibsProjectAndLocalJars (Thread[#43669,Execution worker Thread 26,5,main]) started.
[        ] :emoji_picker_flutter:copyDebugJniLibsProjectAndLocalJars (Thread[#43669,Execution worker Thread 26,5,main]) started.
[        ] > Task :emoji_picker_flutter:copyDebugJniLibsProjectAndLocalJars UP-TO-DATE
[        ] Caching disabled for task ':emoji_picker_flutter:copyDebugJniLibsProjectAndLocalJars' because:
[        ]   Build cache is disabled
[        ]   Caching has been disabled for the task
[        ] Skipping task ':emoji_picker_flutter:copyDebugJniLibsProjectAndLocalJars' as it is up-to-date.
[        ] Resolve mutations for :emoji_picker_flutter:extractDebugAnnotations (Thread[#43669,Execution worker Thread 26,5,main]) started.
[        ] :emoji_picker_flutter:extractDebugAnnotations (Thread[#43669,Execution worker Thread 26,5,main]) started.
[        ] > Task :emoji_picker_flutter:extractDebugAnnotations UP-TO-DATE
[        ] Caching disabled for task ':emoji_picker_flutter:extractDebugAnnotations' because:
[        ]   Build cache is disabled
[        ] Skipping task ':emoji_picker_flutter:extractDebugAnnotations' as it is up-to-date.
[        ] Resolve mutations for :emoji_picker_flutter:extractDeepLinksForAarDebug (Thread[#43669,Execution worker Thread 26,5,main]) started.
[        ] :emoji_picker_flutter:extractDeepLinksForAarDebug (Thread[#43669,Execution worker Thread 26,5,main]) started.
[        ] > Task :emoji_picker_flutter:extractDeepLinksForAarDebug UP-TO-DATE
[        ] Caching disabled for task ':emoji_picker_flutter:extractDeepLinksForAarDebug' because:
[        ]   Build cache is disabled
[        ] Skipping task ':emoji_picker_flutter:extractDeepLinksForAarDebug' as it is up-to-date.
[        ] Resolve mutations for :emoji_picker_flutter:mergeDebugGeneratedProguardFiles (Thread[#43669,Execution worker Thread 26,5,main]) started.
[        ] :emoji_picker_flutter:mergeDebugGeneratedProguardFiles (Thread[#43669,Execution worker Thread 26,5,main]) started.
[        ] > Task :emoji_picker_flutter:mergeDebugGeneratedProguardFiles UP-TO-DATE
[        ] Caching disabled for task ':emoji_picker_flutter:mergeDebugGeneratedProguardFiles' because:
[        ]   Build cache is disabled
[        ]   Simple merging task
[        ] Skipping task ':emoji_picker_flutter:mergeDebugGeneratedProguardFiles' as it is up-to-date.
[        ] Resolve mutations for :emoji_picker_flutter:mergeDebugConsumerProguardFiles (Thread[#43669,Execution worker Thread 26,5,main]) started.
[        ] :emoji_picker_flutter:mergeDebugConsumerProguardFiles (Thread[#43669,Execution worker Thread 26,5,main]) started.
[        ] > Task :emoji_picker_flutter:mergeDebugConsumerProguardFiles UP-TO-DATE
[        ] Caching disabled for task ':emoji_picker_flutter:mergeDebugConsumerProguardFiles' because:
[        ]   Build cache is disabled
[        ]   Simple merging task
[        ] Skipping task ':emoji_picker_flutter:mergeDebugConsumerProguardFiles' as it is up-to-date.
[        ] Resolve mutations for :emoji_picker_flutter:prepareDebugArtProfile (Thread[#43669,Execution worker Thread 26,5,main]) started.
[        ] :emoji_picker_flutter:prepareDebugArtProfile (Thread[#43669,Execution worker Thread 26,5,main]) started.
[        ] > Task :emoji_picker_flutter:prepareDebugArtProfile UP-TO-DATE
[        ] Caching disabled for task ':emoji_picker_flutter:prepareDebugArtProfile' because:
[        ]   Build cache is disabled
[        ]   Caching has been disabled for the task
[        ] Skipping task ':emoji_picker_flutter:prepareDebugArtProfile' as it is up-to-date.
[        ] Resolve mutations for :emoji_picker_flutter:prepareLintJarForPublish (Thread[#43669,Execution worker Thread 26,5,main]) started.
[        ] :emoji_picker_flutter:prepareLintJarForPublish (Thread[#43669,Execution worker Thread 26,5,main]) started.
[        ] > Task :emoji_picker_flutter:prepareLintJarForPublish UP-TO-DATE
[        ] Caching disabled for task ':emoji_picker_flutter:prepareLintJarForPublish' because:
[        ]   Build cache is disabled
[        ]   Caching has been disabled for the task
[        ] Skipping task ':emoji_picker_flutter:prepareLintJarForPublish' as it is up-to-date.
[        ] Resolve mutations for :emoji_picker_flutter:mergeDebugJavaResource (Thread[#43669,Execution worker Thread 26,5,main]) started.
[        ] :emoji_picker_flutter:mergeDebugJavaResource (Thread[#43669,Execution worker Thread 26,5,main]) started.
[        ] > Task :emoji_picker_flutter:mergeDebugJavaResource UP-TO-DATE
[        ] Caching disabled for task ':emoji_picker_flutter:mergeDebugJavaResource' because:
[        ]   Build cache is disabled
[        ]   Caching has been disabled for the task
[        ] Skipping task ':emoji_picker_flutter:mergeDebugJavaResource' as it is up-to-date.
[        ] Resolve mutations for :emoji_picker_flutter:syncDebugLibJars (Thread[#43669,Execution worker Thread 26,5,main]) started.
[        ] :emoji_picker_flutter:syncDebugLibJars (Thread[#43669,Execution worker Thread 26,5,main]) started.
[        ] > Task :emoji_picker_flutter:syncDebugLibJars UP-TO-DATE
[        ] Caching disabled for task ':emoji_picker_flutter:syncDebugLibJars' because:
[        ]   Build cache is disabled
[        ] Skipping task ':emoji_picker_flutter:syncDebugLibJars' as it is up-to-date.
[        ] Resolve mutations for :emoji_picker_flutter:bundleDebugAar (Thread[#43669,Execution worker Thread 26,5,main]) started.
[        ] :emoji_picker_flutter:bundleDebugAar (Thread[#43669,Execution worker Thread 26,5,main]) started.
[        ] > Task :emoji_picker_flutter:bundleDebugAar UP-TO-DATE
[        ] Caching disabled for task ':emoji_picker_flutter:bundleDebugAar' because:
[        ]   Build cache is disabled
[        ]   Caching has been disabled for the task
[        ] Skipping task ':emoji_picker_flutter:bundleDebugAar' as it is up-to-date.
[        ] Resolve mutations for :emoji_picker_flutter:assembleDebug (Thread[#43669,Execution worker Thread 26,5,main]) started.
[        ] :emoji_picker_flutter:assembleDebug (Thread[#43669,Execution worker Thread 26,5,main]) started.
[        ] > Task :emoji_picker_flutter:assembleDebug UP-TO-DATE
[        ] Skipping task ':emoji_picker_flutter:assembleDebug' as it has no actions.
[        ] Resolve mutations for :file_selector_android:stripDebugDebugSymbols (Thread[#43669,Execution worker Thread 26,5,main]) started.
[        ] :file_selector_android:stripDebugDebugSymbols (Thread[#43669,Execution worker Thread 26,5,main]) started.
[        ] > Task :file_selector_android:stripDebugDebugSymbols NO-SOURCE
[        ] Skipping task ':file_selector_android:stripDebugDebugSymbols' as it has no source files and no previous output files.
[        ] Resolve mutations for :file_selector_android:copyDebugJniLibsProjectAndLocalJars (Thread[#43669,Execution worker Thread 26,5,main]) started.
[        ] :file_selector_android:copyDebugJniLibsProjectAndLocalJars (Thread[#43669,Execution worker Thread 26,5,main]) started.
[        ] > Task :file_selector_android:copyDebugJniLibsProjectAndLocalJars UP-TO-DATE
[        ] Caching disabled for task ':file_selector_android:copyDebugJniLibsProjectAndLocalJars' because:
[        ]   Build cache is disabled
[        ]   Caching has been disabled for the task
[        ] Skipping task ':file_selector_android:copyDebugJniLibsProjectAndLocalJars' as it is up-to-date.
[        ] Resolve mutations for :file_selector_android:extractDebugAnnotations (Thread[#43669,Execution worker Thread 26,5,main]) started.
[        ] :file_selector_android:extractDebugAnnotations (Thread[#43669,Execution worker Thread 26,5,main]) started.
[        ] > Task :file_selector_android:extractDebugAnnotations UP-TO-DATE
[        ] Caching disabled for task ':file_selector_android:extractDebugAnnotations' because:
[        ]   Build cache is disabled
[        ] Skipping task ':file_selector_android:extractDebugAnnotations' as it is up-to-date.
[        ] Resolve mutations for :file_selector_android:extractDeepLinksForAarDebug (Thread[#43669,Execution worker Thread 26,5,main]) started.
[        ] :file_selector_android:extractDeepLinksForAarDebug (Thread[#43669,Execution worker Thread 26,5,main]) started.
[        ] > Task :file_selector_android:extractDeepLinksForAarDebug UP-TO-DATE
[        ] Caching disabled for task ':file_selector_android:extractDeepLinksForAarDebug' because:
[        ]   Build cache is disabled
[        ] Skipping task ':file_selector_android:extractDeepLinksForAarDebug' as it is up-to-date.
[        ] Resolve mutations for :file_selector_android:mergeDebugGeneratedProguardFiles (Thread[#43669,Execution worker Thread 26,5,main]) started.
[        ] :file_selector_android:mergeDebugGeneratedProguardFiles (Thread[#43669,Execution worker Thread 26,5,main]) started.
[        ] > Task :file_selector_android:mergeDebugGeneratedProguardFiles UP-TO-DATE
[        ] Caching disabled for task ':file_selector_android:mergeDebugGeneratedProguardFiles' because:
[        ]   Build cache is disabled
[        ]   Simple merging task
[        ] Skipping task ':file_selector_android:mergeDebugGeneratedProguardFiles' as it is up-to-date.
[        ] Resolve mutations for :file_selector_android:mergeDebugConsumerProguardFiles (Thread[#43669,Execution worker Thread 26,5,main]) started.
[        ] :file_selector_android:mergeDebugConsumerProguardFiles (Thread[#43669,Execution worker Thread 26,5,main]) started.
[        ] > Task :file_selector_android:mergeDebugConsumerProguardFiles UP-TO-DATE
[        ] Caching disabled for task ':file_selector_android:mergeDebugConsumerProguardFiles' because:
[        ]   Build cache is disabled
[        ]   Simple merging task
[        ] Skipping task ':file_selector_android:mergeDebugConsumerProguardFiles' as it is up-to-date.
[        ] Resolve mutations for :file_selector_android:prepareDebugArtProfile (Thread[#43669,Execution worker Thread 26,5,main]) started.
[        ] :file_selector_android:prepareDebugArtProfile (Thread[#43669,Execution worker Thread 26,5,main]) started.
[        ] > Task :file_selector_android:prepareDebugArtProfile UP-TO-DATE
[        ] Caching disabled for task ':file_selector_android:prepareDebugArtProfile' because:
[        ]   Build cache is disabled
[        ]   Caching has been disabled for the task
[        ] Skipping task ':file_selector_android:prepareDebugArtProfile' as it is up-to-date.
[        ] Resolve mutations for :file_selector_android:prepareLintJarForPublish (Thread[#43669,Execution worker Thread 26,5,main]) started.
[        ] :file_selector_android:prepareLintJarForPublish (Thread[#43669,Execution worker Thread 26,5,main]) started.
[        ] > Task :file_selector_android:prepareLintJarForPublish UP-TO-DATE
[        ] Caching disabled for task ':file_selector_android:prepareLintJarForPublish' because:
[        ]   Build cache is disabled
[        ]   Caching has been disabled for the task
[        ] Skipping task ':file_selector_android:prepareLintJarForPublish' as it is up-to-date.
[        ] Resolve mutations for :file_selector_android:mergeDebugJavaResource (Thread[#43669,Execution worker Thread 26,5,main]) started.
[        ] :file_selector_android:mergeDebugJavaResource (Thread[#43669,Execution worker Thread 26,5,main]) started.
[        ] > Task :file_selector_android:mergeDebugJavaResource UP-TO-DATE
[        ] Caching disabled for task ':file_selector_android:mergeDebugJavaResource' because:
[        ]   Build cache is disabled
[        ]   Caching has been disabled for the task
[        ] Skipping task ':file_selector_android:mergeDebugJavaResource' as it is up-to-date.
[        ] Resolve mutations for :file_selector_android:syncDebugLibJars (Thread[#43669,Execution worker Thread 26,5,main]) started.
[        ] :file_selector_android:syncDebugLibJars (Thread[#43669,Execution worker Thread 26,5,main]) started.
[        ] > Task :file_selector_android:syncDebugLibJars UP-TO-DATE
[        ] Caching disabled for task ':file_selector_android:syncDebugLibJars' because:
[        ]   Build cache is disabled
[        ] Skipping task ':file_selector_android:syncDebugLibJars' as it is up-to-date.
[        ] Resolve mutations for :file_selector_android:bundleDebugAar (Thread[#43669,Execution worker Thread 26,5,main]) started.
[        ] :file_selector_android:bundleDebugAar (Thread[#43669,Execution worker Thread 26,5,main]) started.
[        ] > Task :file_selector_android:bundleDebugAar UP-TO-DATE
[        ] Caching disabled for task ':file_selector_android:bundleDebugAar' because:
[        ]   Build cache is disabled
[        ]   Caching has been disabled for the task
[        ] Skipping task ':file_selector_android:bundleDebugAar' as it is up-to-date.
[        ] Resolve mutations for :file_selector_android:assembleDebug (Thread[#43669,Execution worker Thread 26,5,main]) started.
[        ] :file_selector_android:assembleDebug (Thread[#43669,Execution worker Thread 26,5,main]) started.
[        ] > Task :file_selector_android:assembleDebug UP-TO-DATE
[        ] Skipping task ':file_selector_android:assembleDebug' as it has no actions.
[        ] Resolve mutations for :flutter_keyboard_visibility_temp_fork:stripDebugDebugSymbols (Thread[#43669,Execution worker Thread 26,5,main]) started.
[        ] :flutter_keyboard_visibility_temp_fork:stripDebugDebugSymbols (Thread[#43669,Execution worker Thread 26,5,main]) started.
[        ] > Task :flutter_keyboard_visibility_temp_fork:stripDebugDebugSymbols NO-SOURCE
[        ] Skipping task ':flutter_keyboard_visibility_temp_fork:stripDebugDebugSymbols' as it has no source files and no previous output files.
[        ] Resolve mutations for :flutter_keyboard_visibility_temp_fork:copyDebugJniLibsProjectAndLocalJars (Thread[#43669,Execution worker Thread 26,5,main]) started.
[        ] :flutter_keyboard_visibility_temp_fork:copyDebugJniLibsProjectAndLocalJars (Thread[#43669,Execution worker Thread 26,5,main]) started.
[        ] > Task :flutter_keyboard_visibility_temp_fork:copyDebugJniLibsProjectAndLocalJars UP-TO-DATE
[        ] Caching disabled for task ':flutter_keyboard_visibility_temp_fork:copyDebugJniLibsProjectAndLocalJars' because:
[        ]   Build cache is disabled
[        ]   Caching has been disabled for the task
[        ] Skipping task ':flutter_keyboard_visibility_temp_fork:copyDebugJniLibsProjectAndLocalJars' as it is up-to-date.
[        ] Resolve mutations for :flutter_keyboard_visibility_temp_fork:extractDebugAnnotations (Thread[#43669,Execution worker Thread 26,5,main]) started.
[        ] :flutter_keyboard_visibility_temp_fork:extractDebugAnnotations (Thread[#43669,Execution worker Thread 26,5,main]) started.
[        ] > Task :flutter_keyboard_visibility_temp_fork:extractDebugAnnotations UP-TO-DATE
[        ] Caching disabled for task ':flutter_keyboard_visibility_temp_fork:extractDebugAnnotations' because:
[        ]   Build cache is disabled
[        ] Skipping task ':flutter_keyboard_visibility_temp_fork:extractDebugAnnotations' as it is up-to-date.
[        ] Resolve mutations for :flutter_keyboard_visibility_temp_fork:extractDeepLinksForAarDebug (Thread[#43669,Execution worker Thread 26,5,main]) started.
[        ] :flutter_keyboard_visibility_temp_fork:extractDeepLinksForAarDebug (Thread[#43669,Execution worker Thread 26,5,main]) started.
[        ] > Task :flutter_keyboard_visibility_temp_fork:extractDeepLinksForAarDebug UP-TO-DATE
[        ] Caching disabled for task ':flutter_keyboard_visibility_temp_fork:extractDeepLinksForAarDebug' because:
[        ]   Build cache is disabled
[        ] Skipping task ':flutter_keyboard_visibility_temp_fork:extractDeepLinksForAarDebug' as it is up-to-date.
[        ] Resolve mutations for :flutter_keyboard_visibility_temp_fork:mergeDebugGeneratedProguardFiles (Thread[#43669,Execution worker Thread 26,5,main]) started.
[        ] :flutter_keyboard_visibility_temp_fork:mergeDebugGeneratedProguardFiles (Thread[#43669,Execution worker Thread 26,5,main]) started.
[        ] > Task :flutter_keyboard_visibility_temp_fork:mergeDebugGeneratedProguardFiles UP-TO-DATE
[        ] Caching disabled for task ':flutter_keyboard_visibility_temp_fork:mergeDebugGeneratedProguardFiles' because:
[        ]   Build cache is disabled
[        ]   Simple merging task
[        ] Skipping task ':flutter_keyboard_visibility_temp_fork:mergeDebugGeneratedProguardFiles' as it is up-to-date.
[        ] Resolve mutations for :flutter_keyboard_visibility_temp_fork:mergeDebugConsumerProguardFiles (Thread[#43669,Execution worker Thread 26,5,main]) started.
[        ] :flutter_keyboard_visibility_temp_fork:mergeDebugConsumerProguardFiles (Thread[#43669,Execution worker Thread 26,5,main]) started.
[        ] > Task :flutter_keyboard_visibility_temp_fork:mergeDebugConsumerProguardFiles UP-TO-DATE
[        ] Caching disabled for task ':flutter_keyboard_visibility_temp_fork:mergeDebugConsumerProguardFiles' because:
[        ]   Build cache is disabled
[        ]   Simple merging task
[        ] Skipping task ':flutter_keyboard_visibility_temp_fork:mergeDebugConsumerProguardFiles' as it is up-to-date.
[        ] Resolve mutations for :flutter_keyboard_visibility_temp_fork:prepareDebugArtProfile (Thread[#43669,Execution worker Thread 26,5,main]) started.
[        ] :flutter_keyboard_visibility_temp_fork:prepareDebugArtProfile (Thread[#43669,Execution worker Thread 26,5,main]) started.
[        ] > Task :flutter_keyboard_visibility_temp_fork:prepareDebugArtProfile UP-TO-DATE
[        ] Caching disabled for task ':flutter_keyboard_visibility_temp_fork:prepareDebugArtProfile' because:
[        ]   Build cache is disabled
[        ]   Caching has been disabled for the task
[        ] Skipping task ':flutter_keyboard_visibility_temp_fork:prepareDebugArtProfile' as it is up-to-date.
[        ] Resolve mutations for :flutter_keyboard_visibility_temp_fork:prepareLintJarForPublish (Thread[#43669,Execution worker Thread 26,5,main]) started.
[        ] :flutter_keyboard_visibility_temp_fork:prepareLintJarForPublish (Thread[#43669,Execution worker Thread 26,5,main]) started.
[        ] > Task :flutter_keyboard_visibility_temp_fork:prepareLintJarForPublish UP-TO-DATE
[        ] Caching disabled for task ':flutter_keyboard_visibility_temp_fork:prepareLintJarForPublish' because:
[        ]   Build cache is disabled
[        ]   Caching has been disabled for the task
[        ] Skipping task ':flutter_keyboard_visibility_temp_fork:prepareLintJarForPublish' as it is up-to-date.
[        ] Resolve mutations for :flutter_keyboard_visibility_temp_fork:mergeDebugJavaResource (Thread[#43669,Execution worker Thread 26,5,main]) started.
[        ] :flutter_keyboard_visibility_temp_fork:mergeDebugJavaResource (Thread[#43669,Execution worker Thread 26,5,main]) started.
[        ] > Task :flutter_keyboard_visibility_temp_fork:mergeDebugJavaResource UP-TO-DATE
[        ] Caching disabled for task ':flutter_keyboard_visibility_temp_fork:mergeDebugJavaResource' because:
[        ]   Build cache is disabled
[        ]   Caching has been disabled for the task
[        ] Skipping task ':flutter_keyboard_visibility_temp_fork:mergeDebugJavaResource' as it is up-to-date.
[        ] Resolve mutations for :flutter_keyboard_visibility_temp_fork:syncDebugLibJars (Thread[#43669,Execution worker Thread 26,5,main]) started.
[        ] :flutter_keyboard_visibility_temp_fork:syncDebugLibJars (Thread[#43669,Execution worker Thread 26,5,main]) started.
[        ] > Task :flutter_keyboard_visibility_temp_fork:syncDebugLibJars UP-TO-DATE
[        ] Caching disabled for task ':flutter_keyboard_visibility_temp_fork:syncDebugLibJars' because:
[        ]   Build cache is disabled
[        ] Skipping task ':flutter_keyboard_visibility_temp_fork:syncDebugLibJars' as it is up-to-date.
[        ] Resolve mutations for :flutter_keyboard_visibility_temp_fork:bundleDebugAar (Thread[#43669,Execution worker Thread 26,5,main]) started.
[        ] :flutter_keyboard_visibility_temp_fork:bundleDebugAar (Thread[#43669,Execution worker Thread 26,5,main]) started.
[        ] > Task :flutter_keyboard_visibility_temp_fork:bundleDebugAar UP-TO-DATE
[        ] Caching disabled for task ':flutter_keyboard_visibility_temp_fork:bundleDebugAar' because:
[        ]   Build cache is disabled
[        ]   Caching has been disabled for the task
[        ] Skipping task ':flutter_keyboard_visibility_temp_fork:bundleDebugAar' as it is up-to-date.
[        ] Resolve mutations for :flutter_keyboard_visibility_temp_fork:assembleDebug (Thread[#43669,Execution worker Thread 26,5,main]) started.
[        ] :flutter_keyboard_visibility_temp_fork:assembleDebug (Thread[#43669,Execution worker Thread 26,5,main]) started.
[        ] > Task :flutter_keyboard_visibility_temp_fork:assembleDebug UP-TO-DATE
[        ] Skipping task ':flutter_keyboard_visibility_temp_fork:assembleDebug' as it has no actions.
[        ] Resolve mutations for :flutter_native_splash:stripDebugDebugSymbols (Thread[#43669,Execution worker Thread 26,5,main]) started.
[        ] :flutter_native_splash:stripDebugDebugSymbols (Thread[#43669,Execution worker Thread 26,5,main]) started.
[        ] > Task :flutter_native_splash:stripDebugDebugSymbols NO-SOURCE
[        ] Skipping task ':flutter_native_splash:stripDebugDebugSymbols' as it has no source files and no previous output files.
[        ] Resolve mutations for :flutter_native_splash:copyDebugJniLibsProjectAndLocalJars (Thread[#43669,Execution worker Thread 26,5,main]) started.
[        ] :flutter_native_splash:copyDebugJniLibsProjectAndLocalJars (Thread[#43669,Execution worker Thread 26,5,main]) started.
[        ] > Task :flutter_native_splash:copyDebugJniLibsProjectAndLocalJars UP-TO-DATE
[        ] Caching disabled for task ':flutter_native_splash:copyDebugJniLibsProjectAndLocalJars' because:
[        ]   Build cache is disabled
[        ]   Caching has been disabled for the task
[        ] Skipping task ':flutter_native_splash:copyDebugJniLibsProjectAndLocalJars' as it is up-to-date.
[        ] Resolve mutations for :flutter_native_splash:extractDebugAnnotations (Thread[#43669,Execution worker Thread 26,5,main]) started.
[        ] :flutter_native_splash:extractDebugAnnotations (Thread[#43669,Execution worker Thread 26,5,main]) started.
[        ] > Task :flutter_native_splash:extractDebugAnnotations UP-TO-DATE
[        ] Caching disabled for task ':flutter_native_splash:extractDebugAnnotations' because:
[        ]   Build cache is disabled
[        ] Skipping task ':flutter_native_splash:extractDebugAnnotations' as it is up-to-date.
[        ] Resolve mutations for :flutter_native_splash:extractDeepLinksForAarDebug (Thread[#43669,Execution worker Thread 26,5,main]) started.
[        ] :flutter_native_splash:extractDeepLinksForAarDebug (Thread[#43669,Execution worker Thread 26,5,main]) started.
[        ] > Task :flutter_native_splash:extractDeepLinksForAarDebug UP-TO-DATE
[        ] Caching disabled for task ':flutter_native_splash:extractDeepLinksForAarDebug' because:
[        ]   Build cache is disabled
[        ] Skipping task ':flutter_native_splash:extractDeepLinksForAarDebug' as it is up-to-date.
[        ] Resolve mutations for :flutter_native_splash:mergeDebugGeneratedProguardFiles (Thread[#43669,Execution worker Thread 26,5,main]) started.
[        ] :flutter_native_splash:mergeDebugGeneratedProguardFiles (Thread[#43669,Execution worker Thread 26,5,main]) started.
[        ] > Task :flutter_native_splash:mergeDebugGeneratedProguardFiles UP-TO-DATE
[        ] Caching disabled for task ':flutter_native_splash:mergeDebugGeneratedProguardFiles' because:
[        ]   Build cache is disabled
[        ]   Simple merging task
[        ] Skipping task ':flutter_native_splash:mergeDebugGeneratedProguardFiles' as it is up-to-date.
[        ] Resolve mutations for :flutter_native_splash:mergeDebugConsumerProguardFiles (Thread[#43669,Execution worker Thread 26,5,main]) started.
[        ] :flutter_native_splash:mergeDebugConsumerProguardFiles (Thread[#43669,Execution worker Thread 26,5,main]) started.
[        ] > Task :flutter_native_splash:mergeDebugConsumerProguardFiles UP-TO-DATE
[        ] Caching disabled for task ':flutter_native_splash:mergeDebugConsumerProguardFiles' because:
[        ]   Build cache is disabled
[        ]   Simple merging task
[        ] Skipping task ':flutter_native_splash:mergeDebugConsumerProguardFiles' as it is up-to-date.
[        ] Resolve mutations for :flutter_native_splash:prepareDebugArtProfile (Thread[#43669,Execution worker Thread 26,5,main]) started.
[        ] :flutter_native_splash:prepareDebugArtProfile (Thread[#43669,Execution worker Thread 26,5,main]) started.
[        ] > Task :flutter_native_splash:prepareDebugArtProfile UP-TO-DATE
[        ] Caching disabled for task ':flutter_native_splash:prepareDebugArtProfile' because:
[        ]   Build cache is disabled
[        ]   Caching has been disabled for the task
[        ] Skipping task ':flutter_native_splash:prepareDebugArtProfile' as it is up-to-date.
[        ] Resolve mutations for :flutter_native_splash:prepareLintJarForPublish (Thread[#43669,Execution worker Thread 26,5,main]) started.
[        ] :flutter_native_splash:prepareLintJarForPublish (Thread[#43669,Execution worker Thread 26,5,main]) started.
[        ] > Task :flutter_native_splash:prepareLintJarForPublish UP-TO-DATE
[        ] Caching disabled for task ':flutter_native_splash:prepareLintJarForPublish' because:
[        ]   Build cache is disabled
[        ]   Caching has been disabled for the task
[        ] Skipping task ':flutter_native_splash:prepareLintJarForPublish' as it is up-to-date.
[        ] Resolve mutations for :flutter_native_splash:mergeDebugJavaResource (Thread[#43669,Execution worker Thread 26,5,main]) started.
[        ] :flutter_native_splash:mergeDebugJavaResource (Thread[#43669,Execution worker Thread 26,5,main]) started.
[        ] > Task :flutter_native_splash:mergeDebugJavaResource UP-TO-DATE
[        ] Caching disabled for task ':flutter_native_splash:mergeDebugJavaResource' because:
[        ]   Build cache is disabled
[        ]   Caching has been disabled for the task
[        ] Skipping task ':flutter_native_splash:mergeDebugJavaResource' as it is up-to-date.
[        ] Resolve mutations for :flutter_native_splash:syncDebugLibJars (Thread[#43669,Execution worker Thread 26,5,main]) started.
[        ] :flutter_native_splash:syncDebugLibJars (Thread[#43669,Execution worker Thread 26,5,main]) started.
[        ] > Task :flutter_native_splash:syncDebugLibJars UP-TO-DATE
[        ] Caching disabled for task ':flutter_native_splash:syncDebugLibJars' because:
[        ]   Build cache is disabled
[        ] Skipping task ':flutter_native_splash:syncDebugLibJars' as it is up-to-date.
[        ] Resolve mutations for :flutter_native_splash:bundleDebugAar (Thread[#43669,Execution worker Thread 26,5,main]) started.
[        ] :flutter_native_splash:bundleDebugAar (Thread[#43669,Execution worker Thread 26,5,main]) started.
[        ] > Task :flutter_native_splash:bundleDebugAar UP-TO-DATE
[        ] Caching disabled for task ':flutter_native_splash:bundleDebugAar' because:
[        ]   Build cache is disabled
[        ]   Caching has been disabled for the task
[        ] Skipping task ':flutter_native_splash:bundleDebugAar' as it is up-to-date.
[        ] Resolve mutations for :flutter_native_splash:assembleDebug (Thread[#43669,Execution worker Thread 26,5,main]) started.
[        ] :flutter_native_splash:assembleDebug (Thread[#43669,Execution worker Thread 26,5,main]) started.
[        ] > Task :flutter_native_splash:assembleDebug UP-TO-DATE
[        ] Skipping task ':flutter_native_splash:assembleDebug' as it has no actions.
[        ] Resolve mutations for :flutter_olm:stripDebugDebugSymbols (Thread[#43669,Execution worker Thread 26,5,main]) started.
[        ] :flutter_olm:stripDebugDebugSymbols (Thread[#43669,Execution worker Thread 26,5,main]) started.
[        ] > Task :flutter_olm:stripDebugDebugSymbols UP-TO-DATE
[        ] Caching disabled for task ':flutter_olm:stripDebugDebugSymbols' because:
[        ]   Build cache is disabled
[        ]   Caching has been disabled for the task
[        ] Skipping task ':flutter_olm:stripDebugDebugSymbols' as it is up-to-date.
[        ] Resolve mutations for :flutter_olm:copyDebugJniLibsProjectAndLocalJars (Thread[#43669,Execution worker Thread 26,5,main]) started.
[        ] :flutter_olm:copyDebugJniLibsProjectAndLocalJars (Thread[#43669,Execution worker Thread 26,5,main]) started.
[  +88 ms] > Task :flutter_olm:copyDebugJniLibsProjectAndLocalJars UP-TO-DATE
[        ] Caching disabled for task ':flutter_olm:copyDebugJniLibsProjectAndLocalJars' because:
[        ]   Build cache is disabled
[        ]   Caching has been disabled for the task
[        ] Skipping task ':flutter_olm:copyDebugJniLibsProjectAndLocalJars' as it is up-to-date.
[        ] Resolve mutations for :flutter_olm:extractDebugAnnotations (Thread[#43669,Execution worker Thread 26,5,main]) started.
[        ] :flutter_olm:extractDebugAnnotations (Thread[#43669,Execution worker Thread 26,5,main]) started.
[        ] > Task :flutter_olm:extractDebugAnnotations UP-TO-DATE
[        ] Caching disabled for task ':flutter_olm:extractDebugAnnotations' because:
[        ]   Build cache is disabled
[        ] Skipping task ':flutter_olm:extractDebugAnnotations' as it is up-to-date.
[        ] Resolve mutations for :flutter_olm:extractDeepLinksForAarDebug (Thread[#43669,Execution worker Thread 26,5,main]) started.
[        ] :flutter_olm:extractDeepLinksForAarDebug (Thread[#43669,Execution worker Thread 26,5,main]) started.
[        ] > Task :flutter_olm:extractDeepLinksForAarDebug UP-TO-DATE
[        ] Caching disabled for task ':flutter_olm:extractDeepLinksForAarDebug' because:
[        ]   Build cache is disabled
[        ] Skipping task ':flutter_olm:extractDeepLinksForAarDebug' as it is up-to-date.
[        ] Resolve mutations for :flutter_olm:mergeDebugGeneratedProguardFiles (Thread[#43669,Execution worker Thread 26,5,main]) started.
[        ] :flutter_olm:mergeDebugGeneratedProguardFiles (Thread[#43669,Execution worker Thread 26,5,main]) started.
[        ] > Task :flutter_olm:mergeDebugGeneratedProguardFiles UP-TO-DATE
[        ] Caching disabled for task ':flutter_olm:mergeDebugGeneratedProguardFiles' because:
[        ]   Build cache is disabled
[        ]   Simple merging task
[        ] Skipping task ':flutter_olm:mergeDebugGeneratedProguardFiles' as it is up-to-date.
[        ] Resolve mutations for :flutter_olm:mergeDebugConsumerProguardFiles (Thread[#43669,Execution worker Thread 26,5,main]) started.
[        ] :flutter_olm:mergeDebugConsumerProguardFiles (Thread[#43669,Execution worker Thread 26,5,main]) started.
[        ] > Task :flutter_olm:mergeDebugConsumerProguardFiles UP-TO-DATE
[        ] Caching disabled for task ':flutter_olm:mergeDebugConsumerProguardFiles' because:
[        ]   Build cache is disabled
[        ]   Simple merging task
[        ] Skipping task ':flutter_olm:mergeDebugConsumerProguardFiles' as it is up-to-date.
[        ] Resolve mutations for :flutter_olm:prepareDebugArtProfile (Thread[#43669,Execution worker Thread 26,5,main]) started.
[        ] :flutter_olm:prepareDebugArtProfile (Thread[#43669,Execution worker Thread 26,5,main]) started.
[        ] > Task :flutter_olm:prepareDebugArtProfile UP-TO-DATE
[        ] Caching disabled for task ':flutter_olm:prepareDebugArtProfile' because:
[        ]   Build cache is disabled
[        ]   Caching has been disabled for the task
[        ] Skipping task ':flutter_olm:prepareDebugArtProfile' as it is up-to-date.
[        ] Resolve mutations for :flutter_olm:prepareLintJarForPublish (Thread[#43669,Execution worker Thread 26,5,main]) started.
[        ] :flutter_olm:prepareLintJarForPublish (Thread[#43669,Execution worker Thread 26,5,main]) started.
[        ] > Task :flutter_olm:prepareLintJarForPublish UP-TO-DATE
[        ] Caching disabled for task ':flutter_olm:prepareLintJarForPublish' because:
[        ]   Build cache is disabled
[        ]   Caching has been disabled for the task
[        ] Skipping task ':flutter_olm:prepareLintJarForPublish' as it is up-to-date.
[        ] Resolve mutations for :flutter_olm:mergeDebugJavaResource (Thread[#43669,Execution worker Thread 26,5,main]) started.
[        ] :flutter_olm:mergeDebugJavaResource (Thread[#43669,Execution worker Thread 26,5,main]) started.
[        ] > Task :flutter_olm:mergeDebugJavaResource UP-TO-DATE
[        ] Caching disabled for task ':flutter_olm:mergeDebugJavaResource' because:
[        ]   Build cache is disabled
[        ]   Caching has been disabled for the task
[        ] Skipping task ':flutter_olm:mergeDebugJavaResource' as it is up-to-date.
[        ] Resolve mutations for :flutter_olm:syncDebugLibJars (Thread[#43669,Execution worker Thread 26,5,main]) started.
[        ] :flutter_olm:syncDebugLibJars (Thread[#43669,Execution worker Thread 26,5,main]) started.
[        ] > Task :flutter_olm:syncDebugLibJars UP-TO-DATE
[        ] Caching disabled for task ':flutter_olm:syncDebugLibJars' because:
[        ]   Build cache is disabled
[        ] Skipping task ':flutter_olm:syncDebugLibJars' as it is up-to-date.
[        ] Resolve mutations for :flutter_olm:bundleDebugAar (Thread[#43669,Execution worker Thread 26,5,main]) started.
[        ] :flutter_olm:bundleDebugAar (Thread[#43669,Execution worker Thread 26,5,main]) started.
[        ] > Task :flutter_olm:bundleDebugAar UP-TO-DATE
[        ] Caching disabled for task ':flutter_olm:bundleDebugAar' because:
[        ]   Build cache is disabled
[        ]   Caching has been disabled for the task
[        ] Skipping task ':flutter_olm:bundleDebugAar' as it is up-to-date.
[        ] Resolve mutations for :flutter_olm:assembleDebug (Thread[#43669,Execution worker Thread 26,5,main]) started.
[        ] :flutter_olm:assembleDebug (Thread[#43669,Execution worker Thread 26,5,main]) started.
[        ] > Task :flutter_olm:assembleDebug UP-TO-DATE
[        ] Skipping task ':flutter_olm:assembleDebug' as it has no actions.
[        ] Resolve mutations for :flutter_openssl_crypto:stripDebugDebugSymbols (Thread[#43669,Execution worker Thread 26,5,main]) started.
[        ] :flutter_openssl_crypto:stripDebugDebugSymbols (Thread[#43669,Execution worker Thread 26,5,main]) started.
[        ] > Task :flutter_openssl_crypto:stripDebugDebugSymbols UP-TO-DATE
[        ] Caching disabled for task ':flutter_openssl_crypto:stripDebugDebugSymbols' because:
[        ]   Build cache is disabled
[        ]   Caching has been disabled for the task
[        ] Skipping task ':flutter_openssl_crypto:stripDebugDebugSymbols' as it is up-to-date.
[        ] Resolve mutations for :flutter_openssl_crypto:copyDebugJniLibsProjectAndLocalJars (Thread[#43669,Execution worker Thread 26,5,main]) started.
[        ] :flutter_openssl_crypto:copyDebugJniLibsProjectAndLocalJars (Thread[#43669,Execution worker Thread 26,5,main]) started.
[        ] > Task :flutter_openssl_crypto:copyDebugJniLibsProjectAndLocalJars UP-TO-DATE
[        ] Caching disabled for task ':flutter_openssl_crypto:copyDebugJniLibsProjectAndLocalJars' because:
[        ]   Build cache is disabled
[        ]   Caching has been disabled for the task
[        ] Skipping task ':flutter_openssl_crypto:copyDebugJniLibsProjectAndLocalJars' as it is up-to-date.
[        ] Resolve mutations for :flutter_openssl_crypto:extractDebugAnnotations (Thread[#43669,Execution worker Thread 26,5,main]) started.
[        ] :flutter_openssl_crypto:extractDebugAnnotations (Thread[#43669,Execution worker Thread 26,5,main]) started.
[        ] > Task :flutter_openssl_crypto:extractDebugAnnotations UP-TO-DATE
[        ] Caching disabled for task ':flutter_openssl_crypto:extractDebugAnnotations' because:
[        ]   Build cache is disabled
[        ] Skipping task ':flutter_openssl_crypto:extractDebugAnnotations' as it is up-to-date.
[        ] Resolve mutations for :flutter_openssl_crypto:extractDeepLinksForAarDebug (Thread[#43669,Execution worker Thread 26,5,main]) started.
[        ] :flutter_openssl_crypto:extractDeepLinksForAarDebug (Thread[#43669,Execution worker Thread 26,5,main]) started.
[        ] > Task :flutter_openssl_crypto:extractDeepLinksForAarDebug UP-TO-DATE
[        ] Caching disabled for task ':flutter_openssl_crypto:extractDeepLinksForAarDebug' because:
[        ]   Build cache is disabled
[        ] Skipping task ':flutter_openssl_crypto:extractDeepLinksForAarDebug' as it is up-to-date.
[        ] Resolve mutations for :flutter_openssl_crypto:mergeDebugGeneratedProguardFiles (Thread[#43669,Execution worker Thread 26,5,main]) started.
[        ] :flutter_openssl_crypto:mergeDebugGeneratedProguardFiles (Thread[#43669,Execution worker Thread 26,5,main]) started.
[        ] > Task :flutter_openssl_crypto:mergeDebugGeneratedProguardFiles UP-TO-DATE
[        ] Caching disabled for task ':flutter_openssl_crypto:mergeDebugGeneratedProguardFiles' because:
[        ]   Build cache is disabled
[        ]   Simple merging task
[        ] Skipping task ':flutter_openssl_crypto:mergeDebugGeneratedProguardFiles' as it is up-to-date.
[        ] Resolve mutations for :flutter_openssl_crypto:mergeDebugConsumerProguardFiles (Thread[#43669,Execution worker Thread 26,5,main]) started.
[        ] :flutter_openssl_crypto:mergeDebugConsumerProguardFiles (Thread[#43669,Execution worker Thread 26,5,main]) started.
[        ] > Task :flutter_openssl_crypto:mergeDebugConsumerProguardFiles UP-TO-DATE
[        ] Caching disabled for task ':flutter_openssl_crypto:mergeDebugConsumerProguardFiles' because:
[        ]   Build cache is disabled
[        ]   Simple merging task
[        ] Skipping task ':flutter_openssl_crypto:mergeDebugConsumerProguardFiles' as it is up-to-date.
[        ] Resolve mutations for :flutter_openssl_crypto:prepareDebugArtProfile (Thread[#43669,Execution worker Thread 26,5,main]) started.
[        ] :flutter_openssl_crypto:prepareDebugArtProfile (Thread[#43669,Execution worker Thread 26,5,main]) started.
[        ] > Task :flutter_openssl_crypto:prepareDebugArtProfile UP-TO-DATE
[        ] Caching disabled for task ':flutter_openssl_crypto:prepareDebugArtProfile' because:
[        ]   Build cache is disabled
[        ]   Caching has been disabled for the task
[        ] Skipping task ':flutter_openssl_crypto:prepareDebugArtProfile' as it is up-to-date.
[        ] Resolve mutations for :flutter_openssl_crypto:prepareLintJarForPublish (Thread[#43669,Execution worker Thread 26,5,main]) started.
[        ] :flutter_openssl_crypto:prepareLintJarForPublish (Thread[#43669,Execution worker Thread 26,5,main]) started.
[        ] > Task :flutter_openssl_crypto:prepareLintJarForPublish UP-TO-DATE
[        ] Caching disabled for task ':flutter_openssl_crypto:prepareLintJarForPublish' because:
[        ]   Build cache is disabled
[        ]   Caching has been disabled for the task
[        ] Skipping task ':flutter_openssl_crypto:prepareLintJarForPublish' as it is up-to-date.
[        ] Resolve mutations for :flutter_openssl_crypto:mergeDebugJavaResource (Thread[#43669,Execution worker Thread 26,5,main]) started.
[        ] :flutter_openssl_crypto:mergeDebugJavaResource (Thread[#43669,Execution worker Thread 26,5,main]) started.
[        ] > Task :flutter_openssl_crypto:mergeDebugJavaResource UP-TO-DATE
[        ] Caching disabled for task ':flutter_openssl_crypto:mergeDebugJavaResource' because:
[        ]   Build cache is disabled
[        ]   Caching has been disabled for the task
[        ] Skipping task ':flutter_openssl_crypto:mergeDebugJavaResource' as it is up-to-date.
[        ] Resolve mutations for :flutter_openssl_crypto:syncDebugLibJars (Thread[#43669,Execution worker Thread 26,5,main]) started.
[        ] :flutter_openssl_crypto:syncDebugLibJars (Thread[#43669,Execution worker Thread 26,5,main]) started.
[        ] > Task :flutter_openssl_crypto:syncDebugLibJars UP-TO-DATE
[        ] Caching disabled for task ':flutter_openssl_crypto:syncDebugLibJars' because:
[        ]   Build cache is disabled
[        ] Skipping task ':flutter_openssl_crypto:syncDebugLibJars' as it is up-to-date.
[        ] Resolve mutations for :flutter_openssl_crypto:bundleDebugAar (Thread[#43669,Execution worker Thread 26,5,main]) started.
[        ] :flutter_openssl_crypto:bundleDebugAar (Thread[#43669,Execution worker Thread 26,5,main]) started.
[        ] > Task :flutter_openssl_crypto:bundleDebugAar UP-TO-DATE
[        ] Caching disabled for task ':flutter_openssl_crypto:bundleDebugAar' because:
[        ]   Build cache is disabled
[        ]   Caching has been disabled for the task
[        ] Skipping task ':flutter_openssl_crypto:bundleDebugAar' as it is up-to-date.
[        ] Resolve mutations for :flutter_openssl_crypto:assembleDebug (Thread[#43669,Execution worker Thread 26,5,main]) started.
[        ] :flutter_openssl_crypto:assembleDebug (Thread[#43669,Execution worker Thread 26,5,main]) started.
[        ] > Task :flutter_openssl_crypto:assembleDebug UP-TO-DATE
[        ] Skipping task ':flutter_openssl_crypto:assembleDebug' as it has no actions.
[        ] Resolve mutations for :integration_test:stripDebugDebugSymbols (Thread[#43669,Execution worker Thread 26,5,main]) started.
[        ] :integration_test:stripDebugDebugSymbols (Thread[#43669,Execution worker Thread 26,5,main]) started.
[        ] > Task :integration_test:stripDebugDebugSymbols NO-SOURCE
[        ] Skipping task ':integration_test:stripDebugDebugSymbols' as it has no source files and no previous output files.
[        ] Resolve mutations for :integration_test:copyDebugJniLibsProjectAndLocalJars (Thread[#43669,Execution worker Thread 26,5,main]) started.
[        ] :integration_test:copyDebugJniLibsProjectAndLocalJars (Thread[#43669,Execution worker Thread 26,5,main]) started.
[        ] > Task :integration_test:copyDebugJniLibsProjectAndLocalJars UP-TO-DATE
[        ] Caching disabled for task ':integration_test:copyDebugJniLibsProjectAndLocalJars' because:
[        ]   Build cache is disabled
[        ]   Caching has been disabled for the task
[        ] Skipping task ':integration_test:copyDebugJniLibsProjectAndLocalJars' as it is up-to-date.
[        ] Resolve mutations for :integration_test:extractDebugAnnotations (Thread[#43669,Execution worker Thread 26,5,main]) started.
[        ] :integration_test:extractDebugAnnotations (Thread[#43669,Execution worker Thread 26,5,main]) started.
[        ] > Task :integration_test:extractDebugAnnotations UP-TO-DATE
[        ] Caching disabled for task ':integration_test:extractDebugAnnotations' because:
[        ]   Build cache is disabled
[        ] Skipping task ':integration_test:extractDebugAnnotations' as it is up-to-date.
[        ] Resolve mutations for :integration_test:extractDeepLinksForAarDebug (Thread[#43669,Execution worker Thread 26,5,main]) started.
[        ] :integration_test:extractDeepLinksForAarDebug (Thread[#43669,Execution worker Thread 26,5,main]) started.
[        ] > Task :integration_test:extractDeepLinksForAarDebug UP-TO-DATE
[        ] Caching disabled for task ':integration_test:extractDeepLinksForAarDebug' because:
[        ]   Build cache is disabled
[        ] Skipping task ':integration_test:extractDeepLinksForAarDebug' as it is up-to-date.
[        ] Resolve mutations for :integration_test:mergeDebugGeneratedProguardFiles (Thread[#43669,Execution worker Thread 26,5,main]) started.
[        ] :integration_test:mergeDebugGeneratedProguardFiles (Thread[#43669,Execution worker Thread 26,5,main]) started.
[        ] > Task :integration_test:mergeDebugGeneratedProguardFiles UP-TO-DATE
[        ] Caching disabled for task ':integration_test:mergeDebugGeneratedProguardFiles' because:
[        ]   Build cache is disabled
[        ]   Simple merging task
[        ] Skipping task ':integration_test:mergeDebugGeneratedProguardFiles' as it is up-to-date.
[        ] Resolve mutations for :integration_test:mergeDebugConsumerProguardFiles (Thread[#43669,Execution worker Thread 26,5,main]) started.
[        ] :integration_test:mergeDebugConsumerProguardFiles (Thread[#43669,Execution worker Thread 26,5,main]) started.
[        ] > Task :integration_test:mergeDebugConsumerProguardFiles UP-TO-DATE
[        ] Caching disabled for task ':integration_test:mergeDebugConsumerProguardFiles' because:
[        ]   Build cache is disabled
[        ]   Simple merging task
[        ] Skipping task ':integration_test:mergeDebugConsumerProguardFiles' as it is up-to-date.
[        ] Resolve mutations for :integration_test:prepareDebugArtProfile (Thread[#43669,Execution worker Thread 26,5,main]) started.
[        ] :integration_test:prepareDebugArtProfile (Thread[#43669,Execution worker Thread 26,5,main]) started.
[        ] > Task :integration_test:prepareDebugArtProfile UP-TO-DATE
[        ] Caching disabled for task ':integration_test:prepareDebugArtProfile' because:
[        ]   Build cache is disabled
[        ]   Caching has been disabled for the task
[        ] Skipping task ':integration_test:prepareDebugArtProfile' as it is up-to-date.
[        ] Resolve mutations for :integration_test:prepareLintJarForPublish (Thread[#43669,Execution worker Thread 26,5,main]) started.
[        ] :integration_test:prepareLintJarForPublish (Thread[#43669,Execution worker Thread 26,5,main]) started.
[        ] > Task :integration_test:prepareLintJarForPublish UP-TO-DATE
[        ] Caching disabled for task ':integration_test:prepareLintJarForPublish' because:
[        ]   Build cache is disabled
[        ]   Caching has been disabled for the task
[        ] Skipping task ':integration_test:prepareLintJarForPublish' as it is up-to-date.
[        ] Resolve mutations for :integration_test:mergeDebugJavaResource (Thread[#43669,Execution worker Thread 26,5,main]) started.
[        ] :integration_test:mergeDebugJavaResource (Thread[#43669,Execution worker Thread 26,5,main]) started.
[        ] > Task :integration_test:mergeDebugJavaResource UP-TO-DATE
[        ] Caching disabled for task ':integration_test:mergeDebugJavaResource' because:
[        ]   Build cache is disabled
[        ]   Caching has been disabled for the task
[        ] Skipping task ':integration_test:mergeDebugJavaResource' as it is up-to-date.
[        ] Resolve mutations for :integration_test:syncDebugLibJars (Thread[#43669,Execution worker Thread 26,5,main]) started.
[        ] :integration_test:syncDebugLibJars (Thread[#43669,Execution worker Thread 26,5,main]) started.
[        ] > Task :integration_test:syncDebugLibJars UP-TO-DATE
[        ] Caching disabled for task ':integration_test:syncDebugLibJars' because:
[        ]   Build cache is disabled
[        ] Skipping task ':integration_test:syncDebugLibJars' as it is up-to-date.
[        ] Resolve mutations for :integration_test:bundleDebugAar (Thread[#43669,Execution worker Thread 26,5,main]) started.
[        ] :integration_test:bundleDebugAar (Thread[#43669,Execution worker Thread 26,5,main]) started.
[        ] > Task :integration_test:bundleDebugAar UP-TO-DATE
[        ] Caching disabled for task ':integration_test:bundleDebugAar' because:
[        ]   Build cache is disabled
[        ]   Caching has been disabled for the task
[        ] Skipping task ':integration_test:bundleDebugAar' as it is up-to-date.
[        ] Resolve mutations for :integration_test:assembleDebug (Thread[#43669,Execution worker Thread 26,5,main]) started.
[        ] :integration_test:assembleDebug (Thread[#43669,Execution worker Thread 26,5,main]) started.
[        ] > Task :integration_test:assembleDebug UP-TO-DATE
[        ] Skipping task ':integration_test:assembleDebug' as it has no actions.
[        ] Resolve mutations for :path_provider_android:stripDebugDebugSymbols (Thread[#43669,Execution worker Thread 26,5,main]) started.
[        ] :path_provider_android:stripDebugDebugSymbols (Thread[#43669,Execution worker Thread 26,5,main]) started.
[        ] > Task :path_provider_android:stripDebugDebugSymbols NO-SOURCE
[        ] Skipping task ':path_provider_android:stripDebugDebugSymbols' as it has no source files and no previous output files.
[        ] Resolve mutations for :path_provider_android:copyDebugJniLibsProjectAndLocalJars (Thread[#43669,Execution worker Thread 26,5,main]) started.
[        ] :path_provider_android:copyDebugJniLibsProjectAndLocalJars (Thread[#43669,Execution worker Thread 26,5,main]) started.
[        ] > Task :path_provider_android:copyDebugJniLibsProjectAndLocalJars UP-TO-DATE
[        ] Caching disabled for task ':path_provider_android:copyDebugJniLibsProjectAndLocalJars' because:
[        ]   Build cache is disabled
[        ]   Caching has been disabled for the task
[        ] Skipping task ':path_provider_android:copyDebugJniLibsProjectAndLocalJars' as it is up-to-date.
[        ] Resolve mutations for :path_provider_android:extractDebugAnnotations (Thread[#43669,Execution worker Thread 26,5,main]) started.
[        ] :path_provider_android:extractDebugAnnotations (Thread[#43669,Execution worker Thread 26,5,main]) started.
[        ] > Task :path_provider_android:extractDebugAnnotations UP-TO-DATE
[        ] Caching disabled for task ':path_provider_android:extractDebugAnnotations' because:
[        ]   Build cache is disabled
[        ] Skipping task ':path_provider_android:extractDebugAnnotations' as it is up-to-date.
[        ] Resolve mutations for :path_provider_android:extractDeepLinksForAarDebug (Thread[#43669,Execution worker Thread 26,5,main]) started.
[        ] :path_provider_android:extractDeepLinksForAarDebug (Thread[#43669,Execution worker Thread 26,5,main]) started.
[        ] > Task :path_provider_android:extractDeepLinksForAarDebug UP-TO-DATE
[        ] Caching disabled for task ':path_provider_android:extractDeepLinksForAarDebug' because:
[        ]   Build cache is disabled
[        ] Skipping task ':path_provider_android:extractDeepLinksForAarDebug' as it is up-to-date.
[        ] Resolve mutations for :path_provider_android:mergeDebugGeneratedProguardFiles (Thread[#43669,Execution worker Thread 26,5,main]) started.
[        ] :path_provider_android:mergeDebugGeneratedProguardFiles (Thread[#43669,Execution worker Thread 26,5,main]) started.
[        ] > Task :path_provider_android:mergeDebugGeneratedProguardFiles UP-TO-DATE
[        ] Caching disabled for task ':path_provider_android:mergeDebugGeneratedProguardFiles' because:
[        ]   Build cache is disabled
[        ]   Simple merging task
[        ] Skipping task ':path_provider_android:mergeDebugGeneratedProguardFiles' as it is up-to-date.
[        ] Resolve mutations for :path_provider_android:mergeDebugConsumerProguardFiles (Thread[#43669,Execution worker Thread 26,5,main]) started.
[        ] :path_provider_android:mergeDebugConsumerProguardFiles (Thread[#43669,Execution worker Thread 26,5,main]) started.
[        ] > Task :path_provider_android:mergeDebugConsumerProguardFiles UP-TO-DATE
[        ] Caching disabled for task ':path_provider_android:mergeDebugConsumerProguardFiles' because:
[        ]   Build cache is disabled
[        ]   Simple merging task
[        ] Skipping task ':path_provider_android:mergeDebugConsumerProguardFiles' as it is up-to-date.
[        ] Resolve mutations for :path_provider_android:prepareDebugArtProfile (Thread[#43669,Execution worker Thread 26,5,main]) started.
[        ] :path_provider_android:prepareDebugArtProfile (Thread[#43669,Execution worker Thread 26,5,main]) started.
[        ] > Task :path_provider_android:prepareDebugArtProfile UP-TO-DATE
[        ] Caching disabled for task ':path_provider_android:prepareDebugArtProfile' because:
[        ]   Build cache is disabled
[        ]   Caching has been disabled for the task
[        ] Skipping task ':path_provider_android:prepareDebugArtProfile' as it is up-to-date.
[        ] Resolve mutations for :path_provider_android:prepareLintJarForPublish (Thread[#43669,Execution worker Thread 26,5,main]) started.
[        ] :path_provider_android:prepareLintJarForPublish (Thread[#43669,Execution worker Thread 26,5,main]) started.
[        ] > Task :path_provider_android:prepareLintJarForPublish UP-TO-DATE
[        ] Caching disabled for task ':path_provider_android:prepareLintJarForPublish' because:
[        ]   Build cache is disabled
[        ]   Caching has been disabled for the task
[        ] Skipping task ':path_provider_android:prepareLintJarForPublish' as it is up-to-date.
[        ] Resolve mutations for :path_provider_android:mergeDebugJavaResource (Thread[#43669,Execution worker Thread 26,5,main]) started.
[        ] :path_provider_android:mergeDebugJavaResource (Thread[#43669,Execution worker Thread 26,5,main]) started.
[        ] > Task :path_provider_android:mergeDebugJavaResource UP-TO-DATE
[        ] Caching disabled for task ':path_provider_android:mergeDebugJavaResource' because:
[        ]   Build cache is disabled
[        ]   Caching has been disabled for the task
[        ] Skipping task ':path_provider_android:mergeDebugJavaResource' as it is up-to-date.
[        ] Resolve mutations for :path_provider_android:syncDebugLibJars (Thread[#43669,Execution worker Thread 26,5,main]) started.
[        ] :path_provider_android:syncDebugLibJars (Thread[#43669,Execution worker Thread 26,5,main]) started.
[        ] > Task :path_provider_android:syncDebugLibJars UP-TO-DATE
[        ] Caching disabled for task ':path_provider_android:syncDebugLibJars' because:
[        ]   Build cache is disabled
[        ] Skipping task ':path_provider_android:syncDebugLibJars' as it is up-to-date.
[        ] Resolve mutations for :path_provider_android:bundleDebugAar (Thread[#43669,Execution worker Thread 26,5,main]) started.
[        ] :path_provider_android:bundleDebugAar (Thread[#43669,Execution worker Thread 26,5,main]) started.
[        ] > Task :path_provider_android:bundleDebugAar UP-TO-DATE
[        ] Caching disabled for task ':path_provider_android:bundleDebugAar' because:
[        ]   Build cache is disabled
[        ]   Caching has been disabled for the task
[        ] Skipping task ':path_provider_android:bundleDebugAar' as it is up-to-date.
[        ] Resolve mutations for :path_provider_android:assembleDebug (Thread[#43669,Execution worker Thread 26,5,main]) started.
[        ] :path_provider_android:assembleDebug (Thread[#43669,Execution worker Thread 26,5,main]) started.
[        ] > Task :path_provider_android:assembleDebug UP-TO-DATE
[        ] Skipping task ':path_provider_android:assembleDebug' as it has no actions.
[        ] Resolve mutations for :quill_native_bridge_android:stripDebugDebugSymbols (Thread[#43669,Execution worker Thread 26,5,main]) started.
[        ] :quill_native_bridge_android:stripDebugDebugSymbols (Thread[#43669,Execution worker Thread 26,5,main]) started.
[        ] > Task :quill_native_bridge_android:stripDebugDebugSymbols NO-SOURCE
[        ] Skipping task ':quill_native_bridge_android:stripDebugDebugSymbols' as it has no source files and no previous output files.
[        ] Resolve mutations for :quill_native_bridge_android:copyDebugJniLibsProjectAndLocalJars (Thread[#43669,Execution worker Thread 26,5,main]) started.
[        ] :quill_native_bridge_android:copyDebugJniLibsProjectAndLocalJars (Thread[#43669,Execution worker Thread 26,5,main]) started.
[        ] > Task :quill_native_bridge_android:copyDebugJniLibsProjectAndLocalJars UP-TO-DATE
[        ] Caching disabled for task ':quill_native_bridge_android:copyDebugJniLibsProjectAndLocalJars' because:
[        ]   Build cache is disabled
[        ]   Caching has been disabled for the task
[        ] Skipping task ':quill_native_bridge_android:copyDebugJniLibsProjectAndLocalJars' as it is up-to-date.
[        ] Resolve mutations for :quill_native_bridge_android:extractDebugAnnotations (Thread[#43669,Execution worker Thread 26,5,main]) started.
[        ] :quill_native_bridge_android:extractDebugAnnotations (Thread[#43669,Execution worker Thread 26,5,main]) started.
[        ] > Task :quill_native_bridge_android:extractDebugAnnotations UP-TO-DATE
[        ] Caching disabled for task ':quill_native_bridge_android:extractDebugAnnotations' because:
[        ]   Build cache is disabled
[        ] Skipping task ':quill_native_bridge_android:extractDebugAnnotations' as it is up-to-date.
[        ] Resolve mutations for :quill_native_bridge_android:extractDeepLinksForAarDebug (Thread[#43669,Execution worker Thread 26,5,main]) started.
[        ] :quill_native_bridge_android:extractDeepLinksForAarDebug (Thread[#43669,Execution worker Thread 26,5,main]) started.
[        ] > Task :quill_native_bridge_android:extractDeepLinksForAarDebug UP-TO-DATE
[        ] Caching disabled for task ':quill_native_bridge_android:extractDeepLinksForAarDebug' because:
[        ]   Build cache is disabled
[        ] Skipping task ':quill_native_bridge_android:extractDeepLinksForAarDebug' as it is up-to-date.
[        ] Resolve mutations for :quill_native_bridge_android:mergeDebugGeneratedProguardFiles (Thread[#43669,Execution worker Thread 26,5,main]) started.
[        ] :quill_native_bridge_android:mergeDebugGeneratedProguardFiles (Thread[#43669,Execution worker Thread 26,5,main]) started.
[        ] > Task :quill_native_bridge_android:mergeDebugGeneratedProguardFiles UP-TO-DATE
[        ] Caching disabled for task ':quill_native_bridge_android:mergeDebugGeneratedProguardFiles' because:
[        ]   Build cache is disabled
[        ]   Simple merging task
[        ] Skipping task ':quill_native_bridge_android:mergeDebugGeneratedProguardFiles' as it is up-to-date.
[        ] Resolve mutations for :quill_native_bridge_android:mergeDebugConsumerProguardFiles (Thread[#43669,Execution worker Thread 26,5,main]) started.
[        ] :quill_native_bridge_android:mergeDebugConsumerProguardFiles (Thread[#43669,Execution worker Thread 26,5,main]) started.
[        ] > Task :quill_native_bridge_android:mergeDebugConsumerProguardFiles UP-TO-DATE
[        ] Caching disabled for task ':quill_native_bridge_android:mergeDebugConsumerProguardFiles' because:
[        ]   Build cache is disabled
[        ]   Simple merging task
[        ] Skipping task ':quill_native_bridge_android:mergeDebugConsumerProguardFiles' as it is up-to-date.
[        ] Resolve mutations for :quill_native_bridge_android:prepareDebugArtProfile (Thread[#43669,Execution worker Thread 26,5,main]) started.
[        ] :quill_native_bridge_android:prepareDebugArtProfile (Thread[#43669,Execution worker Thread 26,5,main]) started.
[        ] > Task :quill_native_bridge_android:prepareDebugArtProfile UP-TO-DATE
[        ] Caching disabled for task ':quill_native_bridge_android:prepareDebugArtProfile' because:
[        ]   Build cache is disabled
[        ]   Caching has been disabled for the task
[        ] Skipping task ':quill_native_bridge_android:prepareDebugArtProfile' as it is up-to-date.
[        ] Resolve mutations for :quill_native_bridge_android:prepareLintJarForPublish (Thread[#43669,Execution worker Thread 26,5,main]) started.
[        ] :quill_native_bridge_android:prepareLintJarForPublish (Thread[#43669,Execution worker Thread 26,5,main]) started.
[        ] > Task :quill_native_bridge_android:prepareLintJarForPublish UP-TO-DATE
[        ] Caching disabled for task ':quill_native_bridge_android:prepareLintJarForPublish' because:
[        ]   Build cache is disabled
[        ]   Caching has been disabled for the task
[        ] Skipping task ':quill_native_bridge_android:prepareLintJarForPublish' as it is up-to-date.
[        ] Resolve mutations for :quill_native_bridge_android:mergeDebugJavaResource (Thread[#43669,Execution worker Thread 26,5,main]) started.
[        ] :quill_native_bridge_android:mergeDebugJavaResource (Thread[#43669,Execution worker Thread 26,5,main]) started.
[        ] > Task :quill_native_bridge_android:mergeDebugJavaResource UP-TO-DATE
[        ] Caching disabled for task ':quill_native_bridge_android:mergeDebugJavaResource' because:
[        ]   Build cache is disabled
[        ]   Caching has been disabled for the task
[        ] Skipping task ':quill_native_bridge_android:mergeDebugJavaResource' as it is up-to-date.
[        ] Resolve mutations for :quill_native_bridge_android:syncDebugLibJars (Thread[#43669,Execution worker Thread 26,5,main]) started.
[        ] :quill_native_bridge_android:syncDebugLibJars (Thread[#43669,Execution worker Thread 26,5,main]) started.
[        ] > Task :quill_native_bridge_android:syncDebugLibJars UP-TO-DATE
[        ] Caching disabled for task ':quill_native_bridge_android:syncDebugLibJars' because:
[        ]   Build cache is disabled
[        ] Skipping task ':quill_native_bridge_android:syncDebugLibJars' as it is up-to-date.
[        ] Resolve mutations for :quill_native_bridge_android:bundleDebugAar (Thread[#43669,Execution worker Thread 26,5,main]) started.
[        ] :quill_native_bridge_android:bundleDebugAar (Thread[#43669,Execution worker Thread 26,5,main]) started.
[        ] > Task :quill_native_bridge_android:bundleDebugAar UP-TO-DATE
[        ] Caching disabled for task ':quill_native_bridge_android:bundleDebugAar' because:
[        ]   Build cache is disabled
[        ]   Caching has been disabled for the task
[        ] Skipping task ':quill_native_bridge_android:bundleDebugAar' as it is up-to-date.
[        ] Resolve mutations for :quill_native_bridge_android:assembleDebug (Thread[#43669,Execution worker Thread 26,5,main]) started.
[        ] :quill_native_bridge_android:assembleDebug (Thread[#43669,Execution worker Thread 26,5,main]) started.
[        ] > Task :quill_native_bridge_android:assembleDebug UP-TO-DATE
[        ] Skipping task ':quill_native_bridge_android:assembleDebug' as it has no actions.
[        ] Resolve mutations for :shared_preferences_android:stripDebugDebugSymbols (Thread[#43669,Execution worker Thread 26,5,main]) started.
[        ] :shared_preferences_android:stripDebugDebugSymbols (Thread[#43669,Execution worker Thread 26,5,main]) started.
[        ] > Task :shared_preferences_android:stripDebugDebugSymbols NO-SOURCE
[        ] Skipping task ':shared_preferences_android:stripDebugDebugSymbols' as it has no source files and no previous output files.
[        ] Resolve mutations for :shared_preferences_android:copyDebugJniLibsProjectAndLocalJars (Thread[#43669,Execution worker Thread 26,5,main]) started.
[        ] :shared_preferences_android:copyDebugJniLibsProjectAndLocalJars (Thread[#43669,Execution worker Thread 26,5,main]) started.
[        ] > Task :shared_preferences_android:copyDebugJniLibsProjectAndLocalJars UP-TO-DATE
[        ] Caching disabled for task ':shared_preferences_android:copyDebugJniLibsProjectAndLocalJars' because:
[        ]   Build cache is disabled
[        ]   Caching has been disabled for the task
[        ] Skipping task ':shared_preferences_android:copyDebugJniLibsProjectAndLocalJars' as it is up-to-date.
[        ] Resolve mutations for :shared_preferences_android:extractDebugAnnotations (Thread[#43669,Execution worker Thread 26,5,main]) started.
[        ] :shared_preferences_android:extractDebugAnnotations (Thread[#43669,Execution worker Thread 26,5,main]) started.
[        ] > Task :shared_preferences_android:extractDebugAnnotations UP-TO-DATE
[        ] Caching disabled for task ':shared_preferences_android:extractDebugAnnotations' because:
[        ]   Build cache is disabled
[        ] Skipping task ':shared_preferences_android:extractDebugAnnotations' as it is up-to-date.
[        ] Resolve mutations for :shared_preferences_android:extractDeepLinksForAarDebug (Thread[#43669,Execution worker Thread 26,5,main]) started.
[        ] :shared_preferences_android:extractDeepLinksForAarDebug (Thread[#43669,Execution worker Thread 26,5,main]) started.
[        ] > Task :shared_preferences_android:extractDeepLinksForAarDebug UP-TO-DATE
[        ] Caching disabled for task ':shared_preferences_android:extractDeepLinksForAarDebug' because:
[        ]   Build cache is disabled
[        ] Skipping task ':shared_preferences_android:extractDeepLinksForAarDebug' as it is up-to-date.
[        ] Resolve mutations for :shared_preferences_android:mergeDebugGeneratedProguardFiles (Thread[#43669,Execution worker Thread 26,5,main]) started.
[        ] :shared_preferences_android:mergeDebugGeneratedProguardFiles (Thread[#43669,Execution worker Thread 26,5,main]) started.
[        ] > Task :shared_preferences_android:mergeDebugGeneratedProguardFiles UP-TO-DATE
[        ] Caching disabled for task ':shared_preferences_android:mergeDebugGeneratedProguardFiles' because:
[        ]   Build cache is disabled
[        ]   Simple merging task
[        ] Skipping task ':shared_preferences_android:mergeDebugGeneratedProguardFiles' as it is up-to-date.
[        ] Resolve mutations for :shared_preferences_android:mergeDebugConsumerProguardFiles (Thread[#43669,Execution worker Thread 26,5,main]) started.
[        ] :shared_preferences_android:mergeDebugConsumerProguardFiles (Thread[#43669,Execution worker Thread 26,5,main]) started.
[        ] > Task :shared_preferences_android:mergeDebugConsumerProguardFiles UP-TO-DATE
[        ] Caching disabled for task ':shared_preferences_android:mergeDebugConsumerProguardFiles' because:
[        ]   Build cache is disabled
[        ]   Simple merging task
[        ] Skipping task ':shared_preferences_android:mergeDebugConsumerProguardFiles' as it is up-to-date.
[        ] Resolve mutations for :shared_preferences_android:prepareDebugArtProfile (Thread[#43669,Execution worker Thread 26,5,main]) started.
[        ] :shared_preferences_android:prepareDebugArtProfile (Thread[#43669,Execution worker Thread 26,5,main]) started.
[        ] > Task :shared_preferences_android:prepareDebugArtProfile UP-TO-DATE
[        ] Caching disabled for task ':shared_preferences_android:prepareDebugArtProfile' because:
[        ]   Build cache is disabled
[        ]   Caching has been disabled for the task
[        ] Skipping task ':shared_preferences_android:prepareDebugArtProfile' as it is up-to-date.
[        ] Resolve mutations for :shared_preferences_android:prepareLintJarForPublish (Thread[#43669,Execution worker Thread 26,5,main]) started.
[        ] :shared_preferences_android:prepareLintJarForPublish (Thread[#43669,Execution worker Thread 26,5,main]) started.
[        ] > Task :shared_preferences_android:prepareLintJarForPublish UP-TO-DATE
[        ] Caching disabled for task ':shared_preferences_android:prepareLintJarForPublish' because:
[        ]   Build cache is disabled
[        ]   Caching has been disabled for the task
[        ] Skipping task ':shared_preferences_android:prepareLintJarForPublish' as it is up-to-date.
[        ] Resolve mutations for :shared_preferences_android:mergeDebugJavaResource (Thread[#43669,Execution worker Thread 26,5,main]) started.
[        ] :shared_preferences_android:mergeDebugJavaResource (Thread[#43669,Execution worker Thread 26,5,main]) started.
[        ] > Task :shared_preferences_android:mergeDebugJavaResource UP-TO-DATE
[        ] Caching disabled for task ':shared_preferences_android:mergeDebugJavaResource' because:
[        ]   Build cache is disabled
[        ]   Caching has been disabled for the task
[        ] Skipping task ':shared_preferences_android:mergeDebugJavaResource' as it is up-to-date.
[        ] Resolve mutations for :shared_preferences_android:syncDebugLibJars (Thread[#43669,Execution worker Thread 26,5,main]) started.
[        ] :shared_preferences_android:syncDebugLibJars (Thread[#43669,Execution worker Thread 26,5,main]) started.
[        ] > Task :shared_preferences_android:syncDebugLibJars UP-TO-DATE
[        ] Caching disabled for task ':shared_preferences_android:syncDebugLibJars' because:
[        ]   Build cache is disabled
[        ] Skipping task ':shared_preferences_android:syncDebugLibJars' as it is up-to-date.
[        ] Resolve mutations for :shared_preferences_android:bundleDebugAar (Thread[#43669,Execution worker Thread 26,5,main]) started.
[        ] :shared_preferences_android:bundleDebugAar (Thread[#43669,Execution worker Thread 26,5,main]) started.
[        ] > Task :shared_preferences_android:bundleDebugAar UP-TO-DATE
[        ] Caching disabled for task ':shared_preferences_android:bundleDebugAar' because:
[        ]   Build cache is disabled
[        ]   Caching has been disabled for the task
[        ] Skipping task ':shared_preferences_android:bundleDebugAar' as it is up-to-date.
[        ] Resolve mutations for :shared_preferences_android:assembleDebug (Thread[#43669,Execution worker Thread 26,5,main]) started.
[        ] :shared_preferences_android:assembleDebug (Thread[#43669,Execution worker Thread 26,5,main]) started.
[        ] > Task :shared_preferences_android:assembleDebug UP-TO-DATE
[        ] Skipping task ':shared_preferences_android:assembleDebug' as it has no actions.
[        ] Resolve mutations for :sqflite_android:stripDebugDebugSymbols (Thread[#43669,Execution worker Thread 26,5,main]) started.
[        ] :sqflite_android:stripDebugDebugSymbols (Thread[#43669,Execution worker Thread 26,5,main]) started.
[        ] > Task :sqflite_android:stripDebugDebugSymbols NO-SOURCE
[        ] Skipping task ':sqflite_android:stripDebugDebugSymbols' as it has no source files and no previous output files.
[        ] Resolve mutations for :sqflite_android:copyDebugJniLibsProjectAndLocalJars (Thread[#43669,Execution worker Thread 26,5,main]) started.
[        ] :sqflite_android:copyDebugJniLibsProjectAndLocalJars (Thread[#43669,Execution worker Thread 26,5,main]) started.
[        ] > Task :sqflite_android:copyDebugJniLibsProjectAndLocalJars UP-TO-DATE
[        ] Caching disabled for task ':sqflite_android:copyDebugJniLibsProjectAndLocalJars' because:
[        ]   Build cache is disabled
[        ]   Caching has been disabled for the task
[        ] Skipping task ':sqflite_android:copyDebugJniLibsProjectAndLocalJars' as it is up-to-date.
[        ] Resolve mutations for :sqflite_android:extractDebugAnnotations (Thread[#43669,Execution worker Thread 26,5,main]) started.
[        ] :sqflite_android:extractDebugAnnotations (Thread[#43669,Execution worker Thread 26,5,main]) started.
[        ] > Task :sqflite_android:extractDebugAnnotations UP-TO-DATE
[        ] Caching disabled for task ':sqflite_android:extractDebugAnnotations' because:
[        ]   Build cache is disabled
[        ] Skipping task ':sqflite_android:extractDebugAnnotations' as it is up-to-date.
[        ] Resolve mutations for :sqflite_android:extractDeepLinksForAarDebug (Thread[#43669,Execution worker Thread 26,5,main]) started.
[        ] :sqflite_android:extractDeepLinksForAarDebug (Thread[#43669,Execution worker Thread 26,5,main]) started.
[        ] > Task :sqflite_android:extractDeepLinksForAarDebug UP-TO-DATE
[        ] Caching disabled for task ':sqflite_android:extractDeepLinksForAarDebug' because:
[        ]   Build cache is disabled
[        ] Skipping task ':sqflite_android:extractDeepLinksForAarDebug' as it is up-to-date.
[        ] Resolve mutations for :sqflite_android:mergeDebugGeneratedProguardFiles (Thread[#43669,Execution worker Thread 26,5,main]) started.
[        ] :sqflite_android:mergeDebugGeneratedProguardFiles (Thread[#43669,Execution worker Thread 26,5,main]) started.
[        ] > Task :sqflite_android:mergeDebugGeneratedProguardFiles UP-TO-DATE
[        ] Caching disabled for task ':sqflite_android:mergeDebugGeneratedProguardFiles' because:
[        ]   Build cache is disabled
[        ]   Simple merging task
[        ] Skipping task ':sqflite_android:mergeDebugGeneratedProguardFiles' as it is up-to-date.
[        ] Resolve mutations for :sqflite_android:mergeDebugConsumerProguardFiles (Thread[#43669,Execution worker Thread 26,5,main]) started.
[        ] :sqflite_android:mergeDebugConsumerProguardFiles (Thread[#43669,Execution worker Thread 26,5,main]) started.
[        ] > Task :sqflite_android:mergeDebugConsumerProguardFiles UP-TO-DATE
[        ] Caching disabled for task ':sqflite_android:mergeDebugConsumerProguardFiles' because:
[        ]   Build cache is disabled
[        ]   Simple merging task
[        ] Skipping task ':sqflite_android:mergeDebugConsumerProguardFiles' as it is up-to-date.
[        ] Resolve mutations for :sqflite_android:prepareDebugArtProfile (Thread[#43669,Execution worker Thread 26,5,main]) started.
[        ] :sqflite_android:prepareDebugArtProfile (Thread[#43669,Execution worker Thread 26,5,main]) started.
[        ] > Task :sqflite_android:prepareDebugArtProfile UP-TO-DATE
[        ] Caching disabled for task ':sqflite_android:prepareDebugArtProfile' because:
[        ]   Build cache is disabled
[        ]   Caching has been disabled for the task
[        ] Skipping task ':sqflite_android:prepareDebugArtProfile' as it is up-to-date.
[        ] Resolve mutations for :sqflite_android:prepareLintJarForPublish (Thread[#43669,Execution worker Thread 26,5,main]) started.
[        ] :sqflite_android:prepareLintJarForPublish (Thread[#43669,Execution worker Thread 26,5,main]) started.
[        ] > Task :sqflite_android:prepareLintJarForPublish UP-TO-DATE
[        ] Caching disabled for task ':sqflite_android:prepareLintJarForPublish' because:
[        ]   Build cache is disabled
[        ]   Caching has been disabled for the task
[        ] Skipping task ':sqflite_android:prepareLintJarForPublish' as it is up-to-date.
[        ] Resolve mutations for :sqflite_android:mergeDebugJavaResource (Thread[#43669,Execution worker Thread 26,5,main]) started.
[        ] :sqflite_android:mergeDebugJavaResource (Thread[#43669,Execution worker Thread 26,5,main]) started.
[        ] > Task :sqflite_android:mergeDebugJavaResource UP-TO-DATE
[        ] Caching disabled for task ':sqflite_android:mergeDebugJavaResource' because:
[        ]   Build cache is disabled
[        ]   Caching has been disabled for the task
[        ] Skipping task ':sqflite_android:mergeDebugJavaResource' as it is up-to-date.
[        ] Resolve mutations for :sqflite_android:syncDebugLibJars (Thread[#43669,Execution worker Thread 26,5,main]) started.
[        ] :sqflite_android:syncDebugLibJars (Thread[#43669,Execution worker Thread 26,5,main]) started.
[        ] > Task :sqflite_android:syncDebugLibJars UP-TO-DATE
[        ] Caching disabled for task ':sqflite_android:syncDebugLibJars' because:
[        ]   Build cache is disabled
[        ] Skipping task ':sqflite_android:syncDebugLibJars' as it is up-to-date.
[        ] Resolve mutations for :sqflite_android:bundleDebugAar (Thread[#43669,Execution worker Thread 26,5,main]) started.
[        ] :sqflite_android:bundleDebugAar (Thread[#43669,Execution worker Thread 26,5,main]) started.
[        ] > Task :sqflite_android:bundleDebugAar UP-TO-DATE
[        ] Caching disabled for task ':sqflite_android:bundleDebugAar' because:
[        ]   Build cache is disabled
[        ]   Caching has been disabled for the task
[        ] Skipping task ':sqflite_android:bundleDebugAar' as it is up-to-date.
[        ] Resolve mutations for :sqflite_android:assembleDebug (Thread[#43669,Execution worker Thread 26,5,main]) started.
[        ] :sqflite_android:assembleDebug (Thread[#43669,Execution worker Thread 26,5,main]) started.
[        ] > Task :sqflite_android:assembleDebug UP-TO-DATE
[        ] Skipping task ':sqflite_android:assembleDebug' as it has no actions.
[        ] Resolve mutations for :url_launcher_android:stripDebugDebugSymbols (Thread[#43669,Execution worker Thread 26,5,main]) started.
[        ] :url_launcher_android:stripDebugDebugSymbols (Thread[#43669,Execution worker Thread 26,5,main]) started.
[        ] > Task :url_launcher_android:stripDebugDebugSymbols NO-SOURCE
[        ] Skipping task ':url_launcher_android:stripDebugDebugSymbols' as it has no source files and no previous output files.
[        ] Resolve mutations for :url_launcher_android:copyDebugJniLibsProjectAndLocalJars (Thread[#43669,Execution worker Thread 26,5,main]) started.
[        ] :url_launcher_android:copyDebugJniLibsProjectAndLocalJars (Thread[#43669,Execution worker Thread 26,5,main]) started.
[        ] > Task :url_launcher_android:copyDebugJniLibsProjectAndLocalJars UP-TO-DATE
[        ] Caching disabled for task ':url_launcher_android:copyDebugJniLibsProjectAndLocalJars' because:
[        ]   Build cache is disabled
[        ]   Caching has been disabled for the task
[        ] Skipping task ':url_launcher_android:copyDebugJniLibsProjectAndLocalJars' as it is up-to-date.
[        ] Resolve mutations for :url_launcher_android:extractDebugAnnotations (Thread[#43669,Execution worker Thread 26,5,main]) started.
[        ] :url_launcher_android:extractDebugAnnotations (Thread[#43669,Execution worker Thread 26,5,main]) started.
[        ] > Task :url_launcher_android:extractDebugAnnotations UP-TO-DATE
[        ] Caching disabled for task ':url_launcher_android:extractDebugAnnotations' because:
[        ]   Build cache is disabled
[        ] Skipping task ':url_launcher_android:extractDebugAnnotations' as it is up-to-date.
[        ] Resolve mutations for :url_launcher_android:extractDeepLinksForAarDebug (Thread[#43669,Execution worker Thread 26,5,main]) started.
[        ] :url_launcher_android:extractDeepLinksForAarDebug (Thread[#43669,Execution worker Thread 26,5,main]) started.
[        ] > Task :url_launcher_android:extractDeepLinksForAarDebug UP-TO-DATE
[        ] Caching disabled for task ':url_launcher_android:extractDeepLinksForAarDebug' because:
[        ]   Build cache is disabled
[        ] Skipping task ':url_launcher_android:extractDeepLinksForAarDebug' as it is up-to-date.
[        ] Resolve mutations for :url_launcher_android:mergeDebugGeneratedProguardFiles (Thread[#43669,Execution worker Thread 26,5,main]) started.
[        ] :url_launcher_android:mergeDebugGeneratedProguardFiles (Thread[#43669,Execution worker Thread 26,5,main]) started.
[        ] > Task :url_launcher_android:mergeDebugGeneratedProguardFiles UP-TO-DATE
[        ] Caching disabled for task ':url_launcher_android:mergeDebugGeneratedProguardFiles' because:
[        ]   Build cache is disabled
[        ]   Simple merging task
[        ] Skipping task ':url_launcher_android:mergeDebugGeneratedProguardFiles' as it is up-to-date.
[        ] Resolve mutations for :url_launcher_android:mergeDebugConsumerProguardFiles (Thread[#43669,Execution worker Thread 26,5,main]) started.
[        ] :url_launcher_android:mergeDebugConsumerProguardFiles (Thread[#43669,Execution worker Thread 26,5,main]) started.
[        ] > Task :url_launcher_android:mergeDebugConsumerProguardFiles UP-TO-DATE
[        ] Caching disabled for task ':url_launcher_android:mergeDebugConsumerProguardFiles' because:
[        ]   Build cache is disabled
[        ]   Simple merging task
[        ] Skipping task ':url_launcher_android:mergeDebugConsumerProguardFiles' as it is up-to-date.
[        ] Resolve mutations for :url_launcher_android:prepareDebugArtProfile (Thread[#43669,Execution worker Thread 26,5,main]) started.
[        ] :url_launcher_android:prepareDebugArtProfile (Thread[#43669,Execution worker Thread 26,5,main]) started.
[        ] > Task :url_launcher_android:prepareDebugArtProfile UP-TO-DATE
[        ] Caching disabled for task ':url_launcher_android:prepareDebugArtProfile' because:
[        ]   Build cache is disabled
[        ]   Caching has been disabled for the task
[        ] Skipping task ':url_launcher_android:prepareDebugArtProfile' as it is up-to-date.
[        ] Resolve mutations for :url_launcher_android:prepareLintJarForPublish (Thread[#43669,Execution worker Thread 26,5,main]) started.
[        ] :url_launcher_android:prepareLintJarForPublish (Thread[#43669,Execution worker Thread 26,5,main]) started.
[        ] > Task :url_launcher_android:prepareLintJarForPublish UP-TO-DATE
[        ] Caching disabled for task ':url_launcher_android:prepareLintJarForPublish' because:
[        ]   Build cache is disabled
[        ]   Caching has been disabled for the task
[        ] Skipping task ':url_launcher_android:prepareLintJarForPublish' as it is up-to-date.
[        ] Resolve mutations for :url_launcher_android:mergeDebugJavaResource (Thread[#43669,Execution worker Thread 26,5,main]) started.
[        ] :url_launcher_android:mergeDebugJavaResource (Thread[#43669,Execution worker Thread 26,5,main]) started.
[        ] > Task :url_launcher_android:mergeDebugJavaResource UP-TO-DATE
[        ] Caching disabled for task ':url_launcher_android:mergeDebugJavaResource' because:
[        ]   Build cache is disabled
[        ]   Caching has been disabled for the task
[        ] Skipping task ':url_launcher_android:mergeDebugJavaResource' as it is up-to-date.
[        ] Resolve mutations for :url_launcher_android:syncDebugLibJars (Thread[#43669,Execution worker Thread 26,5,main]) started.
[        ] :url_launcher_android:syncDebugLibJars (Thread[#43669,Execution worker Thread 26,5,main]) started.
[        ] > Task :url_launcher_android:syncDebugLibJars UP-TO-DATE
[        ] Caching disabled for task ':url_launcher_android:syncDebugLibJars' because:
[        ]   Build cache is disabled
[        ] Skipping task ':url_launcher_android:syncDebugLibJars' as it is up-to-date.
[        ] Resolve mutations for :url_launcher_android:bundleDebugAar (Thread[#43669,Execution worker Thread 26,5,main]) started.
[        ] :url_launcher_android:bundleDebugAar (Thread[#43669,Execution worker Thread 26,5,main]) started.
[        ] > Task :url_launcher_android:bundleDebugAar UP-TO-DATE
[        ] Caching disabled for task ':url_launcher_android:bundleDebugAar' because:
[        ]   Build cache is disabled
[        ]   Caching has been disabled for the task
[        ] Skipping task ':url_launcher_android:bundleDebugAar' as it is up-to-date.
[        ] Resolve mutations for :url_launcher_android:assembleDebug (Thread[#43669,Execution worker Thread 26,5,main]) started.
[        ] :url_launcher_android:assembleDebug (Thread[#43669,Execution worker Thread 26,5,main]) started.
[        ] > Task :url_launcher_android:assembleDebug UP-TO-DATE
[        ] Skipping task ':url_launcher_android:assembleDebug' as it has no actions.
[        ] Resolve mutations for :video_player_android:stripDebugDebugSymbols (Thread[#43669,Execution worker Thread 26,5,main]) started.
[        ] :video_player_android:stripDebugDebugSymbols (Thread[#43669,Execution worker Thread 26,5,main]) started.
[        ] > Task :video_player_android:stripDebugDebugSymbols NO-SOURCE
[        ] Skipping task ':video_player_android:stripDebugDebugSymbols' as it has no source files and no previous output files.
[        ] Resolve mutations for :video_player_android:copyDebugJniLibsProjectAndLocalJars (Thread[#43669,Execution worker Thread 26,5,main]) started.
[        ] :video_player_android:copyDebugJniLibsProjectAndLocalJars (Thread[#43669,Execution worker Thread 26,5,main]) started.
[        ] > Task :video_player_android:copyDebugJniLibsProjectAndLocalJars UP-TO-DATE
[        ] Caching disabled for task ':video_player_android:copyDebugJniLibsProjectAndLocalJars' because:
[        ]   Build cache is disabled
[        ]   Caching has been disabled for the task
[        ] Skipping task ':video_player_android:copyDebugJniLibsProjectAndLocalJars' as it is up-to-date.
[        ] Resolve mutations for :video_player_android:extractDebugAnnotations (Thread[#43669,Execution worker Thread 26,5,main]) started.
[        ] :video_player_android:extractDebugAnnotations (Thread[#43669,Execution worker Thread 26,5,main]) started.
[        ] > Task :video_player_android:extractDebugAnnotations UP-TO-DATE
[        ] Caching disabled for task ':video_player_android:extractDebugAnnotations' because:
[        ]   Build cache is disabled
[        ] Skipping task ':video_player_android:extractDebugAnnotations' as it is up-to-date.
[        ] Resolve mutations for :video_player_android:extractDeepLinksForAarDebug (Thread[#43669,Execution worker Thread 26,5,main]) started.
[        ] :video_player_android:extractDeepLinksForAarDebug (Thread[#43669,Execution worker Thread 26,5,main]) started.
[        ] > Task :video_player_android:extractDeepLinksForAarDebug UP-TO-DATE
[        ] Caching disabled for task ':video_player_android:extractDeepLinksForAarDebug' because:
[        ]   Build cache is disabled
[        ] Skipping task ':video_player_android:extractDeepLinksForAarDebug' as it is up-to-date.
[        ] Resolve mutations for :video_player_android:mergeDebugGeneratedProguardFiles (Thread[#43669,Execution worker Thread 26,5,main]) started.
[        ] :video_player_android:mergeDebugGeneratedProguardFiles (Thread[#43669,Execution worker Thread 26,5,main]) started.
[        ] > Task :video_player_android:mergeDebugGeneratedProguardFiles UP-TO-DATE
[        ] Caching disabled for task ':video_player_android:mergeDebugGeneratedProguardFiles' because:
[        ]   Build cache is disabled
[        ]   Simple merging task
[        ] Skipping task ':video_player_android:mergeDebugGeneratedProguardFiles' as it is up-to-date.
[        ] Resolve mutations for :video_player_android:mergeDebugConsumerProguardFiles (Thread[#43674,Execution worker Thread 31,5,main]) started.
[        ] :video_player_android:mergeDebugConsumerProguardFiles (Thread[#43674,Execution worker Thread 31,5,main]) started.
[        ] > Task :video_player_android:mergeDebugConsumerProguardFiles UP-TO-DATE
[        ] Caching disabled for task ':video_player_android:mergeDebugConsumerProguardFiles' because:
[        ]   Build cache is disabled
[        ]   Simple merging task
[        ] Skipping task ':video_player_android:mergeDebugConsumerProguardFiles' as it is up-to-date.
[        ] Resolve mutations for :video_player_android:prepareDebugArtProfile (Thread[#43674,Execution worker Thread 31,5,main]) started.
[        ] :video_player_android:prepareDebugArtProfile (Thread[#43674,Execution worker Thread 31,5,main]) started.
[        ] > Task :video_player_android:prepareDebugArtProfile UP-TO-DATE
[        ] Caching disabled for task ':video_player_android:prepareDebugArtProfile' because:
[        ]   Build cache is disabled
[        ]   Caching has been disabled for the task
[        ] Skipping task ':video_player_android:prepareDebugArtProfile' as it is up-to-date.
[        ] Resolve mutations for :video_player_android:prepareLintJarForPublish (Thread[#43674,Execution worker Thread 31,5,main]) started.
[        ] :video_player_android:prepareLintJarForPublish (Thread[#43674,Execution worker Thread 31,5,main]) started.
[        ] > Task :video_player_android:prepareLintJarForPublish UP-TO-DATE
[        ] Caching disabled for task ':video_player_android:prepareLintJarForPublish' because:
[        ]   Build cache is disabled
[        ]   Caching has been disabled for the task
[        ] Skipping task ':video_player_android:prepareLintJarForPublish' as it is up-to-date.
[        ] Resolve mutations for :video_player_android:mergeDebugJavaResource (Thread[#43674,Execution worker Thread 31,5,main]) started.
[        ] :video_player_android:mergeDebugJavaResource (Thread[#43673,Execution worker Thread 30,5,main]) started.
[        ] > Task :video_player_android:mergeDebugJavaResource UP-TO-DATE
[        ] Caching disabled for task ':video_player_android:mergeDebugJavaResource' because:
[        ]   Build cache is disabled
[        ]   Caching has been disabled for the task
[        ] Skipping task ':video_player_android:mergeDebugJavaResource' as it is up-to-date.
[        ] Resolve mutations for :video_player_android:syncDebugLibJars (Thread[#43673,Execution worker Thread 30,5,main]) started.
[        ] :video_player_android:syncDebugLibJars (Thread[#43673,Execution worker Thread 30,5,main]) started.
[        ] > Task :video_player_android:syncDebugLibJars UP-TO-DATE
[        ] Caching disabled for task ':video_player_android:syncDebugLibJars' because:
[        ]   Build cache is disabled
[        ] Skipping task ':video_player_android:syncDebugLibJars' as it is up-to-date.
[        ] Resolve mutations for :video_player_android:bundleDebugAar (Thread[#43673,Execution worker Thread 30,5,main]) started.
[        ] :video_player_android:bundleDebugAar (Thread[#43673,Execution worker Thread 30,5,main]) started.
[        ] > Task :video_player_android:bundleDebugAar UP-TO-DATE
[        ] Caching disabled for task ':video_player_android:bundleDebugAar' because:
[        ]   Build cache is disabled
[        ]   Caching has been disabled for the task
[        ] Skipping task ':video_player_android:bundleDebugAar' as it is up-to-date.
[        ] Resolve mutations for :video_player_android:assembleDebug (Thread[#43673,Execution worker Thread 30,5,main]) started.
[        ] :video_player_android:assembleDebug (Thread[#43673,Execution worker Thread 30,5,main]) started.
[        ] > Task :video_player_android:assembleDebug UP-TO-DATE
[        ] Skipping task ':video_player_android:assembleDebug' as it has no actions.
14:58 +12 -31: loading /Users/florian/Code/substitution/integration_test/post_creation_with_matrix_test.dart                                                                                           [ +491 ms] > Task :app:compressDebugAssets
[        ] Caching disabled for task ':app:compressDebugAssets' because:
[        ]   Build cache is disabled
[        ] Task ':app:compressDebugAssets' is not up-to-date because:
[        ]   Input property 'inputDirs' file /Users/florian/Code/substitution/build/app/intermediates/assets/debug/mergeDebugAssets/flutter_assets/kernel_blob.bin has changed.
[        ] Resolve mutations for :app:packageDebug (Thread[#43642,included builds,5,main]) started.
[        ] :app:packageDebug (Thread[#43642,included builds,5,main]) started.
[ +397 ms] > Task :app:packageDebug
[        ] Custom actions are attached to task ':app:packageDebug'.
[        ] Caching disabled for task ':app:packageDebug' because:
[        ]   Build cache is disabled
[        ]   Caching has been disabled for the task
[        ] Task ':app:packageDebug' is not up-to-date because:
[        ]   Input property 'assets' file /Users/florian/Code/substitution/build/app/intermediates/compressed_assets/debug/compressDebugAssets/out/assets/flutter_assets/kernel_blob.bin.jar has changed.
[        ] Resolve mutations for :app:createDebugApkListingFileRedirect (Thread[#43642,included builds,5,main]) started.
[        ] :app:createDebugApkListingFileRedirect (Thread[#43642,included builds,5,main]) started.
[        ] > Task :app:createDebugApkListingFileRedirect UP-TO-DATE
[        ] Caching disabled for task ':app:createDebugApkListingFileRedirect' because:
[        ]   Build cache is disabled
[        ]   Caching has been disabled for the task
[        ] Skipping task ':app:createDebugApkListingFileRedirect' as it is up-to-date.
[        ] Resolve mutations for :app:assembleDebug (Thread[#43642,included builds,5,main]) started.
[        ] :app:assembleDebug (Thread[#43642,included builds,5,main]) started.
[        ] > Task :app:assembleDebug
[        ] Caching disabled for task ':app:assembleDebug' because:
[        ]   Build cache is disabled
[        ] Task ':app:assembleDebug' is not up-to-date because:
[        ]   Task has not declared any outputs despite executing actions.
[  +28 ms] [Incubating] Problems report is available at: file:///Users/florian/Code/substitution/build/reports/problems/problems-report.html
[        ] Deprecated Gradle features were used in this build, making it incompatible with Gradle 9.0.
[        ] You can use '--warning-mode all' to show the individual deprecation warnings and determine if they come from your own scripts or plugins.
[        ] For more on this, please refer to https://docs.gradle.org/8.12.1/userguide/command_line_interface.html#sec:command_line_warnings in the Gradle documentation.
[        ] BUILD SUCCESSFUL in 12s
[        ] 458 actionable tasks: 29 executed, 429 up-to-date
[        ] Watched directory hierarchies: [/opt/homebrew/share/flutter/packages/flutter_tools/gradle, /Users/florian/Code/substitution/android]
[  +20 ms] Running Gradle task 'assembleDebug'... (completed in 13,0s)
[   +6 ms] Calculate SHA1: LocalDirectory: '/Users/florian/Code/substitution/build/app/outputs/flutter-apk'/app-debug.apk
[+1075 ms] ✓ Built build/app/outputs/flutter-apk/app-debug.apk
[   +1 ms] executing: /Users/florian/Library/Android/sdk/build-tools/36.1.0/aapt dump xmltree /Users/florian/Code/substitution/build/app/outputs/flutter-apk/app-debug.apk AndroidManifest.xml
[  +11 ms] Exit code 0 from: /Users/florian/Library/Android/sdk/build-tools/36.1.0/aapt dump xmltree /Users/florian/Code/substitution/build/app/outputs/flutter-apk/app-debug.apk AndroidManifest.xml
[        ] N: android=http://schemas.android.com/apk/res/android
             E: manifest (line=2)
               A: android:versionCode(0x0101021b)=(type 0x10)0x7
               A: android:versionName(0x0101021c)="1.0.0" (Raw: "1.0.0")
               A: android:compileSdkVersion(0x01010572)=(type 0x10)0x24
               A: android:compileSdkVersionCodename(0x01010573)="16" (Raw: "16")
               A: package="art.substitution.substitution" (Raw: "art.substitution.substitution")
               A: platformBuildVersionCode=(type 0x10)0x24
               A: platformBuildVersionName=(type 0x10)0x10
               E: uses-sdk (line=7)
                 A: android:minSdkVersion(0x0101020c)=(type 0x10)0x18
                 A: android:targetSdkVersion(0x01010270)=(type 0x10)0x22
               E: uses-permission (line=15)
                 A: android:name(0x01010003)="android.permission.INTERNET" (Raw: "android.permission.INTERNET")
               E: uses-permission (line=16)
                 A: android:name(0x01010003)="android.permission.ACCESS_NETWORK_STATE" (Raw: "android.permission.ACCESS_NETWORK_STATE")
               E: permission (line=18)
                 A: android:name(0x01010003)="art.substitution.substitution.DYNAMIC_RECEIVER_NOT_EXPORTED_PERMISSION" (Raw: "art.substitution.substitution.DYNAMIC_RECEIVER_NOT_EXPORTED_PERMISSION")
                 A: android:protectionLevel(0x01010009)=(type 0x11)0x2
               E: uses-permission (line=22)
                 A: android:name(0x01010003)="art.substitution.substitution.DYNAMIC_RECEIVER_NOT_EXPORTED_PERMISSION" (Raw: "art.substitution.substitution.DYNAMIC_RECEIVER_NOT_EXPORTED_PERMISSION")
               E: application (line=24)
                 A: android:label(0x01010001)="substitution" (Raw: "substitution")
                 A: android:icon(0x01010002)=@0x7f0c0000
                 A: android:name(0x01010003)="android.app.Application" (Raw: "android.app.Application")
                 A: android:debuggable(0x0101000f)=(type 0x12)0xffffffff
                 A: android:extractNativeLibs(0x010104ea)=(type 0x12)0x0
                 A: android:appComponentFactory(0x0101057a)="androidx.core.app.CoreComponentFactory" (Raw: "androidx.core.app.CoreComponentFactory")
                 E: activity (line=31)
                   A: android:theme(0x01010000)=@0x7f0e00a2
                   A: android:name(0x01010003)="art.substitution.substitution.MainActivity" (Raw: "art.substitution.substitution.MainActivity")
                   A: android:exported(0x01010010)=(type 0x12)0xffffffff
                   A: android:launchMode(0x0101001d)=(type 0x10)0x1
                   A: android:configChanges(0x0101001f)=(type 0x11)0x40003fb4
                   A: android:windowSoftInputMode(0x0101022b)=(type 0x11)0x10
                   A: android:hardwareAccelerated(0x010102d3)=(type 0x12)0xffffffff
                   E: meta-data (line=46)
                     A: android:name(0x01010003)="io.flutter.embedding.android.NormalTheme" (Raw: "io.flutter.embedding.android.NormalTheme")
                     A: android:resource(0x01010025)=@0x7f0e00a3
                   E: intent-filter (line=50)
                     E: action (line=51)
                       A: android:name(0x01010003)="android.intent.action.MAIN" (Raw: "android.intent.action.MAIN")
                     E: category (line=53)
                       A: android:name(0x01010003)="android.intent.category.LAUNCHER" (Raw: "android.intent.category.LAUNCHER")
                   E: intent-filter (line=56)
                     E: action (line=57)
                       A: android:name(0x01010003)="android.intent.action.VIEW" (Raw: "android.intent.action.VIEW")
                     E: category (line=59)
                       A: android:name(0x01010003)="android.intent.category.DEFAULT" (Raw: "android.intent.category.DEFAULT")
                     E: category (line=60)
                       A: android:name(0x01010003)="android.intent.category.BROWSABLE" (Raw: "android.intent.category.BROWSABLE")
                     E: data (line=62)
                       A: android:scheme(0x01010027)="substitution" (Raw: "substitution")
                       A: android:host(0x01010028)="auth" (Raw: "auth")
                       A: android:pathPrefix(0x0101002b)="/login-callback" (Raw: "/login-callback")
                 E: meta-data (line=72)
                   A: android:name(0x01010003)="flutterEmbedding" (Raw: "flutterEmbedding")
                   A: android:value(0x01010024)=(type 0x10)0x2
                 E: activity (line=76)
                   A: android:theme(0x01010000)=@0x01030007
                   A: android:name(0x01010003)="io.flutter.plugins.urllauncher.WebViewActivity" (Raw: "io.flutter.plugins.urllauncher.WebViewActivity")
                   A: android:exported(0x01010010)=(type 0x12)0x0
                 E: uses-library (line=81)
                   A: android:name(0x01010003)="androidx.window.extensions" (Raw: "androidx.window.extensions")
                   A: android:required(0x0101028e)=(type 0x12)0x0
                 E: uses-library (line=84)
                   A: android:name(0x01010003)="androidx.window.sidecar" (Raw: "androidx.window.sidecar")
                   A: android:required(0x0101028e)=(type 0x12)0x0
                 E: provider (line=88)
                   A: android:name(0x01010003)="androidx.startup.InitializationProvider" (Raw: "androidx.startup.InitializationProvider")
                   A: android:exported(0x01010010)=(type 0x12)0x0
                   A: android:authorities(0x01010018)="art.substitution.substitution.androidx-startup" (Raw: "art.substitution.substitution.androidx-startup")
                   E: meta-data (line=92)
                     A: android:name(0x01010003)="androidx.lifecycle.ProcessLifecycleInitializer" (Raw: "androidx.lifecycle.ProcessLifecycleInitializer")
                     A: android:value(0x01010024)="androidx.startup" (Raw: "androidx.startup")
                   E: meta-data (line=95)
                     A: android:name(0x01010003)="androidx.profileinstaller.ProfileInstallerInitializer" (Raw: "androidx.profileinstaller.ProfileInstallerInitializer")
                     A: android:value(0x01010024)="androidx.startup" (Raw: "androidx.startup")
                 E: receiver (line=100)
                   A: android:name(0x01010003)="androidx.profileinstaller.ProfileInstallReceiver" (Raw: "androidx.profileinstaller.ProfileInstallReceiver")
                   A: android:permission(0x01010006)="android.permission.DUMP" (Raw: "android.permission.DUMP")
                   A: android:enabled(0x0101000e)=(type 0x12)0xffffffff
                   A: android:exported(0x01010010)=(type 0x12)0xffffffff
                   A: android:directBootAware(0x01010505)=(type 0x12)0x0
                   E: intent-filter (line=106)
                     E: action (line=107)
                       A: android:name(0x01010003)="androidx.profileinstaller.action.INSTALL_PROFILE" (Raw: "androidx.profileinstaller.action.INSTALL_PROFILE")
                   E: intent-filter (line=109)
                     E: action (line=110)
                       A: android:name(0x01010003)="androidx.profileinstaller.action.SKIP_FILE" (Raw: "androidx.profileinstaller.action.SKIP_FILE")
                   E: intent-filter (line=112)
                     E: action (line=113)
                       A: android:name(0x01010003)="androidx.profileinstaller.action.SAVE_PROFILE" (Raw: "androidx.profileinstaller.action.SAVE_PROFILE")
                   E: intent-filter (line=115)
                     E: action (line=116)
                       A: android:name(0x01010003)="androidx.profileinstaller.action.BENCHMARK_OPERATION" (Raw: "androidx.profileinstaller.action.BENCHMARK_OPERATION")
[        ] Stopping app 'app-debug.apk' on sdk gphone64 arm64.
[        ] executing: /Users/florian/Library/Android/sdk/platform-tools/adb -s emulator-5554 shell am force-stop art.substitution.substitution
14:59 +12 -31: loading /Users/florian/Code/substitution/integration_test/post_creation_with_matrix_test.dart                                                                                           [  +22 ms] Installing APK.
[        ] Installing build/app/outputs/flutter-apk/app-debug.apk...
[        ] executing: /Users/florian/Library/Android/sdk/platform-tools/adb -s emulator-5554 install -t -r /Users/florian/Code/substitution/build/app/outputs/flutter-apk/app-debug.apk
15:00 +12 -31: loading /Users/florian/Code/substitution/integration_test/post_creation_with_matrix_test.dart                                                                                           [ +472 ms] Performing Streamed Install
           Success
[        ] Installing build/app/outputs/flutter-apk/app-debug.apk... (completed in 472ms)
[        ] executing: /Users/florian/Library/Android/sdk/platform-tools/adb -s emulator-5554 shell echo -n 45e6e63aa519ca564e31783bc69b603253639de4 > /data/local/tmp/sky.art.substitution.substitution.sha1
[  +20 ms] executing: /Users/florian/Library/Android/sdk/platform-tools/adb -s emulator-5554 shell -x logcat -v time -t 1
[  +93 ms] --------- beginning of system
           02-17 00:09:51.614 W/AppOpService(  668): Ignored setUidMode call for runtime permission app op: uid = 1001, code = READ_CELL_BROADCASTS, mode = allow, callingUid = 1001, oldMode = allow
[   +3 ms] executing: /Users/florian/Library/Android/sdk/platform-tools/adb -s emulator-5554 shell am start -a android.intent.action.MAIN -c android.intent.category.LAUNCHER -f 0x20000000 --ez enable-dart-profiling true --ez enable-checked-mode true --ez verify-entry-points true art.substitution.substitution/art.substitution.substitution.MainActivity
[ +145 ms] Starting: Intent { act=android.intent.action.MAIN cat=[android.intent.category.LAUNCHER] flg=0x20000000 cmp=art.substitution.substitution/.MainActivity (has extras) }
[        ] Waiting for VM Service port to be available...
15:01 +12 -31: loading /Users/florian/Code/substitution/integration_test/post_creation_with_matrix_test.dart                                                                                           15:02 +12 -31: loading /Users/florian/Code/substitution/integration_test/post_creation_with_matrix_test.dart                                                                                           [+2019 ms] VM Service URL on device: http://127.0.0.1:33177/iksWxyiINeg=/
[        ] executing: /Users/florian/Library/Android/sdk/platform-tools/adb -s emulator-5554 forward tcp:0 tcp:33177
[  +14 ms] 55601
[        ] Forwarded host port 55601 to device port 33177 for VM Service
[        ] test 16: Starting Dart Development Service
[        ] Launching a Dart Developer Service (DDS) instance at http://127.0.0.1:0, connecting to VM service at http://127.0.0.1:55601/iksWxyiINeg=/.
[ +149 ms] test 16: Dart Development Service started at http://127.0.0.1:55604/po0kgg-IV4U=/, forwarding to VM service at http://127.0.0.1:55601/iksWxyiINeg=/.
[        ] test 16: Connecting to vm service
[        ] test 16: VM Service uri is available at http://127.0.0.1:55604/po0kgg-IV4U=/
[   +3 ms] test 16: Finding the correct isolate with the integration test service extension
[ +126 ms] test 16: connected to test device, now awaiting test result
[        ] test 16: Waiting for test harness or tests to finish
15:03 +12 -31: loading /Users/florian/Code/substitution/integration_test/post_creation_with_matrix_test.dart                                                                                           15:03 +12 -31: /Users/florian/Code/substitution/integration_test/post_creation_with_matrix_test.dart: Content Creation with Real Matrix Server Can compose and send a text message                     15:03 +12 -31: /Users/florian/Code/substitution/integration_test/post_creation_with_matrix_test.dart: Content Creation with Real Matrix Server Can compose and send a text message                     
[90m[🌎 Easy Localization] [DEBUG] Localization initialized[0m
[Matrix] [32mInitialize client Substitution[0m
[Matrix] [32mUser is not logged in.[0m
[90m[🌎 Easy Localization] [DEBUG] Start[0m
[90m[🌎 Easy Localization] [DEBUG] Init state[0m
[90m[🌎 Easy Localization] [DEBUG] Build[0m
[90m[🌎 Easy Localization] [DEBUG] Init Localization Delegate[0m
[90m[🌎 Easy Localization] [DEBUG] Init provider[0m
[90m[🌎 Easy Localization] [DEBUG] Load Localization Delegate[0m
[90m[🌎 Easy Localization] [DEBUG] Load asset from assets/translations[0m
[90m[🌎 Easy Localization] [DEBUG] Build[0m
[90m[🌎 Easy Localization] [DEBUG] Init Localization Delegate[0m
[90m[🌎 Easy Localization] [DEBUG] Init provider[0m
══╡ EXCEPTION CAUGHT BY FLUTTER TEST FRAMEWORK ╞════════════════════════════════════════════════════
The following TestFailure was thrown running a test:
Expected: exactly one matching candidate
  Actual: _KeyWidgetFinder:<Found 0 widgets with key [<'loginUsernameInput'>]: []>
   Which: means none were found but one was expected
Username field should be visible on login page

When the exception was thrown, this was the stack:
#4      main.<anonymous closure>.loginUser (file:///Users/florian/Code/substitution/integration_test/post_creation_with_matrix_test.dart:83:7)
<asynchronous suspension>
#5      main.<anonymous closure>.<anonymous closure> (file:///Users/florian/Code/substitution/integration_test/post_creation_with_matrix_test.dart:103:9)
<asynchronous suspension>
#6      testWidgets.<anonymous closure>.<anonymous closure> (package:flutter_test/src/widget_tester.dart:192:15)
<asynchronous suspension>
#7      TestWidgetsFlutterBinding._runTestBody (package:flutter_test/src/binding.dart:1059:5)
<asynchronous suspension>
<asynchronous suspension>
(elided one frame from package:stack_trace)

This was caught by the test expectation on the following line:
  file:///Users/florian/Code/substitution/integration_test/post_creation_with_matrix_test.dart line 83
The test description was:
  Can compose and send a text message
════════════════════════════════════════════════════════════════════════════════════════════════════
15:18 +12 -32: /Users/florian/Code/substitution/integration_test/post_creation_with_matrix_test.dart: Content Creation with Real Matrix Server Can compose and send a text message [E]                 
  Test failed. See exception logs above.
  The test description was: Can compose and send a text message
  

To run this test again: /opt/homebrew/share/flutter/bin/cache/dart-sdk/bin/dart test /Users/florian/Code/substitution/integration_test/post_creation_with_matrix_test.dart -p vm --plain-name 'Content Creation with Real Matrix Server Can compose and send a text message'
15:18 +12 -32: /Users/florian/Code/substitution/integration_test/post_creation_with_matrix_test.dart: Content Creation with Real Matrix Server Can select room before sending message                  15:18 +12 -32: /Users/florian/Code/substitution/integration_test/post_creation_with_matrix_test.dart: Content Creation with Real Matrix Server Can select room before sending message                  
[90m[🌎 Easy Localization] [DEBUG] Localization initialized[0m
[Matrix] [32mInitialize client Substitution[0m
[Matrix] [32mUser is not logged in.[0m
[90m[🌎 Easy Localization] [DEBUG] Start[0m
15:20 +12 -32: /Users/florian/Code/substitution/integration_test/post_creation_with_matrix_test.dart: Content Creation with Real Matrix Server Can compose and send a text message                     
[90m[🌎 Easy Localization] [DEBUG] Init state[0m
[90m[🌎 Easy Localization] [DEBUG] Build[0m
[90m[🌎 Easy Localization] [DEBUG] Init Localization Delegate[0m
[90m[🌎 Easy Localization] [DEBUG] Init provider[0m
[90m[🌎 Easy Localization] [DEBUG] Load Localization Delegate[0m
[90m[🌎 Easy Localization] [DEBUG] Load asset from assets/translations[0m
[90m[🌎 Easy Localization] [DEBUG] Build[0m
[90m[🌎 Easy Localization] [DEBUG] Init Localization Delegate[0m
[90m[🌎 Easy Localization] [DEBUG] Init provider[0m
15:37 +12 -32: /Users/florian/Code/substitution/integration_test/post_creation_with_matrix_test.dart: Content Creation with Real Matrix Server Can select room before sending message                  
══╡ EXCEPTION CAUGHT BY FLUTTER TEST FRAMEWORK ╞════════════════════════════════════════════════════
The following TestFailure was thrown running a test:
Expected: exactly one matching candidate
  Actual: _KeyWidgetFinder:<Found 0 widgets with key [<'loginUsernameInput'>]: []>
   Which: means none were found but one was expected
Username field should be visible on login page

When the exception was thrown, this was the stack:
#4      main.<anonymous closure>.loginUser (file:///Users/florian/Code/substitution/integration_test/post_creation_with_matrix_test.dart:83:7)
<asynchronous suspension>
#5      main.<anonymous closure>.<anonymous closure> (file:///Users/florian/Code/substitution/integration_test/post_creation_with_matrix_test.dart:156:9)
<asynchronous suspension>
#6      testWidgets.<anonymous closure>.<anonymous closure> (package:flutter_test/src/widget_tester.dart:192:15)
<asynchronous suspension>
#7      TestWidgetsFlutterBinding._runTestBody (package:flutter_test/src/binding.dart:1059:5)
<asynchronous suspension>
<asynchronous suspension>
(elided one frame from package:stack_trace)

This was caught by the test expectation on the following line:
  file:///Users/florian/Code/substitution/integration_test/post_creation_with_matrix_test.dart line 83
The test description was:
  Can select room before sending message
════════════════════════════════════════════════════════════════════════════════════════════════════
15:37 +12 -33: /Users/florian/Code/substitution/integration_test/post_creation_with_matrix_test.dart: Content Creation with Real Matrix Server Can select room before sending message [E]              
  Test failed. See exception logs above.
  The test description was: Can select room before sending message
  

To run this test again: /opt/homebrew/share/flutter/bin/cache/dart-sdk/bin/dart test /Users/florian/Code/substitution/integration_test/post_creation_with_matrix_test.dart -p vm --plain-name 'Content Creation with Real Matrix Server Can select room before sending message'
15:37 +12 -33: /Users/florian/Code/substitution/integration_test/post_creation_with_matrix_test.dart: Content Creation with Real Matrix Server Sent message appears in feed                            15:37 +12 -33: /Users/florian/Code/substitution/integration_test/post_creation_with_matrix_test.dart: Content Creation with Real Matrix Server Sent message appears in feed                            
[90m[🌎 Easy Localization] [DEBUG] Localization initialized[0m
[Matrix] [32mInitialize client Substitution[0m
[Matrix] [32mUser is not logged in.[0m
[90m[🌎 Easy Localization] [DEBUG] Start[0m
15:39 +12 -33: /Users/florian/Code/substitution/integration_test/post_creation_with_matrix_test.dart: Content Creation with Real Matrix Server Can compose and send a text message                     
[90m[🌎 Easy Localization] [DEBUG] Init state[0m
[90m[🌎 Easy Localization] [DEBUG] Build[0m
[90m[🌎 Easy Localization] [DEBUG] Init Localization Delegate[0m
[90m[🌎 Easy Localization] [DEBUG] Init provider[0m
[90m[🌎 Easy Localization] [DEBUG] Load Localization Delegate[0m
[90m[🌎 Easy Localization] [DEBUG] Load asset from assets/translations[0m
[90m[🌎 Easy Localization] [DEBUG] Build[0m
[90m[🌎 Easy Localization] [DEBUG] Init Localization Delegate[0m
[90m[🌎 Easy Localization] [DEBUG] Init provider[0m
15:55 +12 -33: /Users/florian/Code/substitution/integration_test/post_creation_with_matrix_test.dart: Content Creation with Real Matrix Server Sent message appears in feed                            
══╡ EXCEPTION CAUGHT BY FLUTTER TEST FRAMEWORK ╞════════════════════════════════════════════════════
The following TestFailure was thrown running a test:
Expected: exactly one matching candidate
  Actual: _KeyWidgetFinder:<Found 0 widgets with key [<'loginUsernameInput'>]: []>
   Which: means none were found but one was expected
Username field should be visible on login page

When the exception was thrown, this was the stack:
#4      main.<anonymous closure>.loginUser (file:///Users/florian/Code/substitution/integration_test/post_creation_with_matrix_test.dart:83:7)
<asynchronous suspension>
#5      main.<anonymous closure>.<anonymous closure> (file:///Users/florian/Code/substitution/integration_test/post_creation_with_matrix_test.dart:200:9)
<asynchronous suspension>
#6      testWidgets.<anonymous closure>.<anonymous closure> (package:flutter_test/src/widget_tester.dart:192:15)
<asynchronous suspension>
#7      TestWidgetsFlutterBinding._runTestBody (package:flutter_test/src/binding.dart:1059:5)
<asynchronous suspension>
<asynchronous suspension>
(elided one frame from package:stack_trace)

This was caught by the test expectation on the following line:
  file:///Users/florian/Code/substitution/integration_test/post_creation_with_matrix_test.dart line 83
The test description was:
  Sent message appears in feed
════════════════════════════════════════════════════════════════════════════════════════════════════
15:55 +12 -34: /Users/florian/Code/substitution/integration_test/post_creation_with_matrix_test.dart: Content Creation with Real Matrix Server Sent message appears in feed [E]                        
  Test failed. See exception logs above.
  The test description was: Sent message appears in feed
  

To run this test again: /opt/homebrew/share/flutter/bin/cache/dart-sdk/bin/dart test /Users/florian/Code/substitution/integration_test/post_creation_with_matrix_test.dart -p vm --plain-name 'Content Creation with Real Matrix Server Sent message appears in feed'
15:56 +12 -34: /Users/florian/Code/substitution/integration_test/post_creation_with_matrix_test.dart: Content Creation with Real Matrix Server Can create text post with formatting                    15:56 +12 -34: /Users/florian/Code/substitution/integration_test/post_creation_with_matrix_test.dart: Content Creation with Real Matrix Server Can create text post with formatting                    
[90m[🌎 Easy Localization] [DEBUG] Localization initialized[0m
[Matrix] [32mInitialize client Substitution[0m
[Matrix] [32mUser is not logged in.[0m
[90m[🌎 Easy Localization] [DEBUG] Start[0m
15:58 +12 -34: /Users/florian/Code/substitution/integration_test/post_creation_with_matrix_test.dart: Content Creation with Real Matrix Server Can compose and send a text message                     
[90m[🌎 Easy Localization] [DEBUG] Init state[0m
[90m[🌎 Easy Localization] [DEBUG] Build[0m
[90m[🌎 Easy Localization] [DEBUG] Init Localization Delegate[0m
[90m[🌎 Easy Localization] [DEBUG] Init provider[0m
[90m[🌎 Easy Localization] [DEBUG] Load Localization Delegate[0m
[90m[🌎 Easy Localization] [DEBUG] Load asset from assets/translations[0m
[90m[🌎 Easy Localization] [DEBUG] Build[0m
[90m[🌎 Easy Localization] [DEBUG] Init Localization Delegate[0m
[90m[🌎 Easy Localization] [DEBUG] Init provider[0m
16:14 +12 -34: /Users/florian/Code/substitution/integration_test/post_creation_with_matrix_test.dart: Content Creation with Real Matrix Server Can create text post with formatting                    
══╡ EXCEPTION CAUGHT BY FLUTTER TEST FRAMEWORK ╞════════════════════════════════════════════════════
The following TestFailure was thrown running a test:
Expected: exactly one matching candidate
  Actual: _KeyWidgetFinder:<Found 0 widgets with key [<'loginUsernameInput'>]: []>
   Which: means none were found but one was expected
Username field should be visible on login page

When the exception was thrown, this was the stack:
#4      main.<anonymous closure>.loginUser (file:///Users/florian/Code/substitution/integration_test/post_creation_with_matrix_test.dart:83:7)
<asynchronous suspension>
#5      main.<anonymous closure>.<anonymous closure> (file:///Users/florian/Code/substitution/integration_test/post_creation_with_matrix_test.dart:249:9)
<asynchronous suspension>
#6      testWidgets.<anonymous closure>.<anonymous closure> (package:flutter_test/src/widget_tester.dart:192:15)
<asynchronous suspension>
#7      TestWidgetsFlutterBinding._runTestBody (package:flutter_test/src/binding.dart:1059:5)
<asynchronous suspension>
<asynchronous suspension>
(elided one frame from package:stack_trace)

This was caught by the test expectation on the following line:
  file:///Users/florian/Code/substitution/integration_test/post_creation_with_matrix_test.dart line 83
The test description was:
  Can create text post with formatting
════════════════════════════════════════════════════════════════════════════════════════════════════
16:14 +12 -35: /Users/florian/Code/substitution/integration_test/post_creation_with_matrix_test.dart: Content Creation with Real Matrix Server Can create text post with formatting [E]                
  Test failed. See exception logs above.
  The test description was: Can create text post with formatting
  

To run this test again: /opt/homebrew/share/flutter/bin/cache/dart-sdk/bin/dart test /Users/florian/Code/substitution/integration_test/post_creation_with_matrix_test.dart -p vm --plain-name 'Content Creation with Real Matrix Server Can create text post with formatting'
16:14 +12 -35: /Users/florian/Code/substitution/integration_test/post_creation_with_matrix_test.dart: Content Creation with Real Matrix Server Message appears in correct room (test_general)          16:14 +12 -35: /Users/florian/Code/substitution/integration_test/post_creation_with_matrix_test.dart: Content Creation with Real Matrix Server Message appears in correct room (test_general)          
[90m[🌎 Easy Localization] [DEBUG] Localization initialized[0m
[Matrix] [32mInitialize client Substitution[0m
[Matrix] [32mUser is not logged in.[0m
[90m[🌎 Easy Localization] [DEBUG] Start[0m
16:16 +12 -35: /Users/florian/Code/substitution/integration_test/post_creation_with_matrix_test.dart: Content Creation with Real Matrix Server Can compose and send a text message                     
[90m[🌎 Easy Localization] [DEBUG] Init state[0m
[90m[🌎 Easy Localization] [DEBUG] Build[0m
[90m[🌎 Easy Localization] [DEBUG] Init Localization Delegate[0m
[90m[🌎 Easy Localization] [DEBUG] Init provider[0m
[90m[🌎 Easy Localization] [DEBUG] Load Localization Delegate[0m
[90m[🌎 Easy Localization] [DEBUG] Load asset from assets/translations[0m
[90m[🌎 Easy Localization] [DEBUG] Build[0m
[90m[🌎 Easy Localization] [DEBUG] Init Localization Delegate[0m
[90m[🌎 Easy Localization] [DEBUG] Init provider[0m
16:33 +12 -35: /Users/florian/Code/substitution/integration_test/post_creation_with_matrix_test.dart: Content Creation with Real Matrix Server Message appears in correct room (test_general)          
══╡ EXCEPTION CAUGHT BY FLUTTER TEST FRAMEWORK ╞════════════════════════════════════════════════════
The following TestFailure was thrown running a test:
Expected: exactly one matching candidate
  Actual: _KeyWidgetFinder:<Found 0 widgets with key [<'loginUsernameInput'>]: []>
   Which: means none were found but one was expected
Username field should be visible on login page

When the exception was thrown, this was the stack:
#4      main.<anonymous closure>.loginUser (file:///Users/florian/Code/substitution/integration_test/post_creation_with_matrix_test.dart:83:7)
<asynchronous suspension>
#5      main.<anonymous closure>.<anonymous closure> (file:///Users/florian/Code/substitution/integration_test/post_creation_with_matrix_test.dart:280:9)
<asynchronous suspension>
#6      testWidgets.<anonymous closure>.<anonymous closure> (package:flutter_test/src/widget_tester.dart:192:15)
<asynchronous suspension>
#7      TestWidgetsFlutterBinding._runTestBody (package:flutter_test/src/binding.dart:1059:5)
<asynchronous suspension>
<asynchronous suspension>
(elided one frame from package:stack_trace)

This was caught by the test expectation on the following line:
  file:///Users/florian/Code/substitution/integration_test/post_creation_with_matrix_test.dart line 83
The test description was:
  Message appears in correct room (test_general)
════════════════════════════════════════════════════════════════════════════════════════════════════
16:33 +12 -36: /Users/florian/Code/substitution/integration_test/post_creation_with_matrix_test.dart: Content Creation with Real Matrix Server Message appears in correct room (test_general) [E]      
  Test failed. See exception logs above.
  The test description was: Message appears in correct room (test_general)
  

To run this test again: /opt/homebrew/share/flutter/bin/cache/dart-sdk/bin/dart test /Users/florian/Code/substitution/integration_test/post_creation_with_matrix_test.dart -p vm --plain-name 'Content Creation with Real Matrix Server Message appears in correct room (test_general)'
16:33 +12 -36: /Users/florian/Code/substitution/integration_test/post_creation_with_matrix_test.dart: Content Creation with Real Matrix Server Multiple users can send messages to same room           16:33 +12 -36: /Users/florian/Code/substitution/integration_test/post_creation_with_matrix_test.dart: Content Creation with Real Matrix Server Multiple users can send messages to same room           
[90m[🌎 Easy Localization] [DEBUG] Localization initialized[0m
[Matrix] [32mInitialize client Substitution[0m
[Matrix] [32mUser is not logged in.[0m
[90m[🌎 Easy Localization] [DEBUG] Start[0m
16:35 +12 -36: /Users/florian/Code/substitution/integration_test/post_creation_with_matrix_test.dart: Content Creation with Real Matrix Server Can compose and send a text message                     
[90m[🌎 Easy Localization] [DEBUG] Init state[0m
[90m[🌎 Easy Localization] [DEBUG] Build[0m
[90m[🌎 Easy Localization] [DEBUG] Init Localization Delegate[0m
[90m[🌎 Easy Localization] [DEBUG] Init provider[0m
[90m[🌎 Easy Localization] [DEBUG] Load Localization Delegate[0m
[90m[🌎 Easy Localization] [DEBUG] Load asset from assets/translations[0m
[90m[🌎 Easy Localization] [DEBUG] Build[0m
[90m[🌎 Easy Localization] [DEBUG] Init Localization Delegate[0m
[90m[🌎 Easy Localization] [DEBUG] Init provider[0m
16:39 +12 -36: /Users/florian/Code/substitution/integration_test/post_creation_with_matrix_test.dart: Content Creation with Real Matrix Server Multiple users can send messages to same room           
══╡ EXCEPTION CAUGHT BY FLUTTER TEST FRAMEWORK ╞════════════════════════════════════════════════════
The following StateError was thrown running a test:
Bad state: No element

When the exception was thrown, this was the stack:
#0      Iterable.first (dart:core/iterable.dart:663:7)
#1      _FirstFinderMixin.filter (package:flutter_test/src/finders.dart:1332:28)
#3      ExpandIterator.moveNext (dart:_internal/iterable.dart:506:21)
#4      SetBase.addAll (dart:collection/set.dart:58:23)
#5      _Set.addAll (dart:_compact_hash:1190:11)
#6      new LinkedHashSet.of (dart:collection/linked_hash_set.dart:193:27)
#7      Iterable.toSet (dart:core/iterable.dart:532:21)
#8      _DescendantFinderMixin.allCandidates (package:flutter_test/src/finders.dart:1731:10)
#9      FinderBase.evaluate (package:flutter_test/src/finders.dart:979:76)
#10     WidgetController.state (package:flutter_test/src/controller.dart:912:31)
#11     WidgetTester.showKeyboard.<anonymous closure> (package:flutter_test/src/widget_tester.dart:1125:42)
#14     TestAsyncUtils.guard (package:flutter_test/src/test_async_utils.dart:74:41)
#15     WidgetTester.showKeyboard (package:flutter_test/src/widget_tester.dart:1124:27)
#16     WidgetTester.enterText.<anonymous closure> (package:flutter_test/src/widget_tester.dart:1160:13)
#19     TestAsyncUtils.guard (package:flutter_test/src/test_async_utils.dart:74:41)
#20     WidgetTester.enterText (package:flutter_test/src/widget_tester.dart:1159:27)
#21     main.<anonymous closure>.<anonymous closure> (file:///Users/florian/Code/substitution/integration_test/post_creation_with_matrix_test.dart:327:22)
<asynchronous suspension>
#22     testWidgets.<anonymous closure>.<anonymous closure> (package:flutter_test/src/widget_tester.dart:192:15)
<asynchronous suspension>
#23     TestWidgetsFlutterBinding._runTestBody (package:flutter_test/src/binding.dart:1059:5)
<asynchronous suspension>
<asynchronous suspension>
(elided 6 frames from dart:async, dart:async-patch, and package:stack_trace)

The test description was:
  Multiple users can send messages to same room
════════════════════════════════════════════════════════════════════════════════════════════════════
16:39 +12 -37: /Users/florian/Code/substitution/integration_test/post_creation_with_matrix_test.dart: Content Creation with Real Matrix Server Multiple users can send messages to same room [E]       
  Test failed. See exception logs above.
  The test description was: Multiple users can send messages to same room
  

To run this test again: /opt/homebrew/share/flutter/bin/cache/dart-sdk/bin/dart test /Users/florian/Code/substitution/integration_test/post_creation_with_matrix_test.dart -p vm --plain-name 'Content Creation with Real Matrix Server Multiple users can send messages to same room'
16:39 +12 -37: /Users/florian/Code/substitution/integration_test/post_creation_with_matrix_test.dart: (tearDownAll)                                                                                    [+96870 ms] test 16: Test harness is no longer needed by test process
[        ] test 16: finished
[        ] test 16: cleaning up...
[        ] test 16: ensuring test device is terminated.
[        ] executing: /Users/florian/Library/Android/sdk/platform-tools/adb -s emulator-5554 shell am force-stop art.substitution.substitution
[        ] test 16: Test process is no longer needed by test harness
[  +69 ms] executing: /Users/florian/Library/Android/sdk/platform-tools/adb -s emulator-5554 uninstall art.substitution.substitution
16:40 +12 -37: /Users/florian/Code/substitution/integration_test/post_creation_with_matrix_test.dart: (tearDownAll)                                                                                    [ +199 ms] Success
[        ] test 16: deleting temporary directory
[        ] test 16: finished
16:40 +12 -37: loading /Users/florian/Code/substitution/integration_test/room_discovery_with_matrix_test.dart                                                                                          [        ] test 17: starting test /Users/florian/Code/substitution/integration_test/room_discovery_with_matrix_test.dart
[        ] Stopping scan for flutter_test_config.dart; found project root at /Users/florian/Code/substitution
[        ] test 17: starting test device
[        ] test 17: awaiting connection to test device
[   +1 ms] executing: /Users/florian/Library/Android/sdk/build-tools/36.1.0/aapt dump xmltree /Users/florian/Code/substitution/build/app/outputs/flutter-apk/app-debug.apk AndroidManifest.xml
[  +11 ms] Exit code 0 from: /Users/florian/Library/Android/sdk/build-tools/36.1.0/aapt dump xmltree /Users/florian/Code/substitution/build/app/outputs/flutter-apk/app-debug.apk AndroidManifest.xml
[        ] N: android=http://schemas.android.com/apk/res/android
             E: manifest (line=2)
               A: android:versionCode(0x0101021b)=(type 0x10)0x7
               A: android:versionName(0x0101021c)="1.0.0" (Raw: "1.0.0")
               A: android:compileSdkVersion(0x01010572)=(type 0x10)0x24
               A: android:compileSdkVersionCodename(0x01010573)="16" (Raw: "16")
               A: package="art.substitution.substitution" (Raw: "art.substitution.substitution")
               A: platformBuildVersionCode=(type 0x10)0x24
               A: platformBuildVersionName=(type 0x10)0x10
               E: uses-sdk (line=7)
                 A: android:minSdkVersion(0x0101020c)=(type 0x10)0x18
                 A: android:targetSdkVersion(0x01010270)=(type 0x10)0x22
               E: uses-permission (line=15)
                 A: android:name(0x01010003)="android.permission.INTERNET" (Raw: "android.permission.INTERNET")
               E: uses-permission (line=16)
                 A: android:name(0x01010003)="android.permission.ACCESS_NETWORK_STATE" (Raw: "android.permission.ACCESS_NETWORK_STATE")
               E: permission (line=18)
                 A: android:name(0x01010003)="art.substitution.substitution.DYNAMIC_RECEIVER_NOT_EXPORTED_PERMISSION" (Raw: "art.substitution.substitution.DYNAMIC_RECEIVER_NOT_EXPORTED_PERMISSION")
                 A: android:protectionLevel(0x01010009)=(type 0x11)0x2
               E: uses-permission (line=22)
                 A: android:name(0x01010003)="art.substitution.substitution.DYNAMIC_RECEIVER_NOT_EXPORTED_PERMISSION" (Raw: "art.substitution.substitution.DYNAMIC_RECEIVER_NOT_EXPORTED_PERMISSION")
               E: application (line=24)
                 A: android:label(0x01010001)="substitution" (Raw: "substitution")
                 A: android:icon(0x01010002)=@0x7f0c0000
                 A: android:name(0x01010003)="android.app.Application" (Raw: "android.app.Application")
                 A: android:debuggable(0x0101000f)=(type 0x12)0xffffffff
                 A: android:extractNativeLibs(0x010104ea)=(type 0x12)0x0
                 A: android:appComponentFactory(0x0101057a)="androidx.core.app.CoreComponentFactory" (Raw: "androidx.core.app.CoreComponentFactory")
                 E: activity (line=31)
                   A: android:theme(0x01010000)=@0x7f0e00a2
                   A: android:name(0x01010003)="art.substitution.substitution.MainActivity" (Raw: "art.substitution.substitution.MainActivity")
                   A: android:exported(0x01010010)=(type 0x12)0xffffffff
                   A: android:launchMode(0x0101001d)=(type 0x10)0x1
                   A: android:configChanges(0x0101001f)=(type 0x11)0x40003fb4
                   A: android:windowSoftInputMode(0x0101022b)=(type 0x11)0x10
                   A: android:hardwareAccelerated(0x010102d3)=(type 0x12)0xffffffff
                   E: meta-data (line=46)
                     A: android:name(0x01010003)="io.flutter.embedding.android.NormalTheme" (Raw: "io.flutter.embedding.android.NormalTheme")
                     A: android:resource(0x01010025)=@0x7f0e00a3
                   E: intent-filter (line=50)
                     E: action (line=51)
                       A: android:name(0x01010003)="android.intent.action.MAIN" (Raw: "android.intent.action.MAIN")
                     E: category (line=53)
                       A: android:name(0x01010003)="android.intent.category.LAUNCHER" (Raw: "android.intent.category.LAUNCHER")
                   E: intent-filter (line=56)
                     E: action (line=57)
                       A: android:name(0x01010003)="android.intent.action.VIEW" (Raw: "android.intent.action.VIEW")
                     E: category (line=59)
                       A: android:name(0x01010003)="android.intent.category.DEFAULT" (Raw: "android.intent.category.DEFAULT")
                     E: category (line=60)
                       A: android:name(0x01010003)="android.intent.category.BROWSABLE" (Raw: "android.intent.category.BROWSABLE")
                     E: data (line=62)
                       A: android:scheme(0x01010027)="substitution" (Raw: "substitution")
                       A: android:host(0x01010028)="auth" (Raw: "auth")
                       A: android:pathPrefix(0x0101002b)="/login-callback" (Raw: "/login-callback")
                 E: meta-data (line=72)
                   A: android:name(0x01010003)="flutterEmbedding" (Raw: "flutterEmbedding")
                   A: android:value(0x01010024)=(type 0x10)0x2
                 E: activity (line=76)
                   A: android:theme(0x01010000)=@0x01030007
                   A: android:name(0x01010003)="io.flutter.plugins.urllauncher.WebViewActivity" (Raw: "io.flutter.plugins.urllauncher.WebViewActivity")
                   A: android:exported(0x01010010)=(type 0x12)0x0
                 E: uses-library (line=81)
                   A: android:name(0x01010003)="androidx.window.extensions" (Raw: "androidx.window.extensions")
                   A: android:required(0x0101028e)=(type 0x12)0x0
                 E: uses-library (line=84)
                   A: android:name(0x01010003)="androidx.window.sidecar" (Raw: "androidx.window.sidecar")
                   A: android:required(0x0101028e)=(type 0x12)0x0
                 E: provider (line=88)
                   A: android:name(0x01010003)="androidx.startup.InitializationProvider" (Raw: "androidx.startup.InitializationProvider")
                   A: android:exported(0x01010010)=(type 0x12)0x0
                   A: android:authorities(0x01010018)="art.substitution.substitution.androidx-startup" (Raw: "art.substitution.substitution.androidx-startup")
                   E: meta-data (line=92)
                     A: android:name(0x01010003)="androidx.lifecycle.ProcessLifecycleInitializer" (Raw: "androidx.lifecycle.ProcessLifecycleInitializer")
                     A: android:value(0x01010024)="androidx.startup" (Raw: "androidx.startup")
                   E: meta-data (line=95)
                     A: android:name(0x01010003)="androidx.profileinstaller.ProfileInstallerInitializer" (Raw: "androidx.profileinstaller.ProfileInstallerInitializer")
                     A: android:value(0x01010024)="androidx.startup" (Raw: "androidx.startup")
                 E: receiver (line=100)
                   A: android:name(0x01010003)="androidx.profileinstaller.ProfileInstallReceiver" (Raw: "androidx.profileinstaller.ProfileInstallReceiver")
                   A: android:permission(0x01010006)="android.permission.DUMP" (Raw: "android.permission.DUMP")
                   A: android:enabled(0x0101000e)=(type 0x12)0xffffffff
                   A: android:exported(0x01010010)=(type 0x12)0xffffffff
                   A: android:directBootAware(0x01010505)=(type 0x12)0x0
                   E: intent-filter (line=106)
                     E: action (line=107)
                       A: android:name(0x01010003)="androidx.profileinstaller.action.INSTALL_PROFILE" (Raw: "androidx.profileinstaller.action.INSTALL_PROFILE")
                   E: intent-filter (line=109)
                     E: action (line=110)
                       A: android:name(0x01010003)="androidx.profileinstaller.action.SKIP_FILE" (Raw: "androidx.profileinstaller.action.SKIP_FILE")
                   E: intent-filter (line=112)
                     E: action (line=113)
                       A: android:name(0x01010003)="androidx.profileinstaller.action.SAVE_PROFILE" (Raw: "androidx.profileinstaller.action.SAVE_PROFILE")
                   E: intent-filter (line=115)
                     E: action (line=116)
                       A: android:name(0x01010003)="androidx.profileinstaller.action.BENCHMARK_OPERATION" (Raw: "androidx.profileinstaller.action.BENCHMARK_OPERATION")
[        ] Building APK
[        ] Version of Java is different than impacted version, no migration attempted.
[        ] CMake project not found, skipping support Android 15 16k page size migration.
[        ] Using gradle from /Users/florian/Code/substitution/android/gradlew.
[   +5 ms] LocalFile: '/Users/florian/Code/substitution/android/build.gradle' provides AGP version from classpath: 8.6.0
[   +8 ms] Running Gradle task 'assembleDebug'...
[        ] executing: [/Users/florian/Code/substitution/android/] /Users/florian/Code/substitution/android/gradlew --full-stacktrace --info -Pverbose=true -PskipDependencyChecks=true -Ptarget-platform=android-arm64 -Ptarget=/var/folders/l_/w8pnbb9d38n57pzg9j98fmy80000gn/T/flutter_tools.wuOse9/flutter_test_listener.C6iD1d/listener.dart -Pbase-application-name=android.app.Application -Pdart-defines=TUFUUklYX1NFUlZFUj1odHRwOi8vbG9jYWxob3N0OjgwMDg=,TUFUUklYX1RFU1RfVVNFUj0=,TUFUUklYX1RFU1RfUEFTU1dPUkQ9,RkxVVFRFUl9WRVJTSU9OPTMuMzguOQ==,RkxVVFRFUl9DSEFOTkVMPXN0YWJsZQ==,RkxVVFRFUl9HSVRfVVJMPWh0dHBzOi8vZ2l0aHViLmNvbS9mbHV0dGVyL2ZsdXR0ZXIuZ2l0,RkxVVFRFUl9GUkFNRVdPUktfUkVWSVNJT049NjczMjNkZTI4NQ==,RkxVVFRFUl9FTkdJTkVfUkVWSVNJT049NTg3YzE4Zjg3Mw==,RkxVVFRFUl9EQVJUX1ZFUlNJT049My4xMC44,SU5URUdSQVRJT05fVEVTVF9TSE9VTERfUkVQT1JUX1JFU1VMVFNfVE9fTkFUSVZFPWZhbHNl -Pdart-obfuscation=false -Ptrack-widget-creation=true -Ptree-shake-icons=false assembleDebug
[ +298 ms] Initialized native services in: /Users/florian/.gradle/native
[        ] Initialized jansi services in: /Users/florian/.gradle/native
[ +208 ms] The client will now receive all logging from the daemon (pid: 43439). The daemon log file: /Users/florian/.gradle/daemon/8.12.1/daemon-43439.out.log
[        ] Starting 110th build in daemon [uptime: 2 hrs 14 mins 29.773 secs, performance: 100%, GC rate: 0.00/s, heap usage: 0% of 4 GiB]
[        ] Using 32 worker leases.
[        ] Now considering [/Users/florian/Code/substitution/android, /opt/homebrew/share/flutter/packages/flutter_tools/gradle] as hierarchies to watch
[        ] Watching the file system is configured to be enabled if available
[        ] File system watching is active
[        ] Starting Build
[        ] Now considering [/opt/homebrew/share/flutter/packages/flutter_tools/gradle, /Users/florian/Code/substitution/android] as hierarchies to watch
[        ] > Configure project :gradle
[        ] Evaluating project ':gradle' using build file '/opt/homebrew/share/flutter/packages/flutter_tools/gradle/build.gradle.kts'.
[        ] Resolved plugin [id: 'org.gradle.java-gradle-plugin']
[        ] Resolved plugin [id: 'org.gradle.groovy']
[        ] Resolved plugin [id: 'org.gradle.kotlin.kotlin-dsl', version: '5.1.2']
[        ] Resolved plugin [id: 'org.jetbrains.kotlin.jvm', version: '1.9.20']
[        ] Using Kotlin Gradle Plugin gradle85 variant
[        ] kotlin scripting plugin: created the scripting discovery configuration: kotlinScriptDef
[        ] kotlin scripting plugin: created the scripting discovery configuration: testKotlinScriptDef
[        ] file or directory '/opt/homebrew/share/flutter/packages/flutter_tools/gradle/src/main/java', not found
[        ] Resolved plugin [id: 'dev.flutter.flutter-plugin-loader', version: '1.0.0']
[        ] Resolved plugin [id: 'com.android.application', version: '8.9.1', apply: false]
[        ] Resolved plugin [id: 'org.jetbrains.kotlin.android', version: '2.1.0', apply: false]
[        ] Resolve mutations for :gradle:checkKotlinGradlePluginConfigurationErrors (Thread[#44026,Execution worker,5,main]) started.
[        ] :gradle:checkKotlinGradlePluginConfigurationErrors (Thread[#44026,Execution worker,5,main]) started.
[        ] > Task :gradle:checkKotlinGradlePluginConfigurationErrors SKIPPED
[        ] Skipping task ':gradle:checkKotlinGradlePluginConfigurationErrors' as task onlyIf 'errorDiagnostics are present' is false.
[        ] Resolve mutations for :gradle:compileKotlin (Thread[#44026,Execution worker,5,main]) started.
[        ] :gradle:compileKotlin (Thread[#44049,Execution worker Thread 23,5,main]) started.
[        ] > Task :gradle:compileKotlin UP-TO-DATE
[        ] Caching disabled for task ':gradle:compileKotlin' because:
[        ]   Build cache is disabled
[        ] Skipping task ':gradle:compileKotlin' as it is up-to-date.
[        ] Resolve mutations for :gradle:compileJava (Thread[#44049,Execution worker Thread 23,5,main]) started.
[        ] :gradle:compileJava (Thread[#44046,Execution worker Thread 20,5,main]) started.
[        ] > Task :gradle:compileJava NO-SOURCE
[        ] Skipping task ':gradle:compileJava' as it has no source files and no previous output files.
[        ] Resolve mutations for :gradle:compileGroovy (Thread[#44046,Execution worker Thread 20,5,main]) started.
[        ] :gradle:compileGroovy (Thread[#44046,Execution worker Thread 20,5,main]) started.
[        ] > Task :gradle:compileGroovy NO-SOURCE
[        ] Skipping task ':gradle:compileGroovy' as it has no source files and no previous output files.
[        ] Resolve mutations for :gradle:pluginDescriptors (Thread[#44046,Execution worker Thread 20,5,main]) started.
[        ] :gradle:pluginDescriptors (Thread[#44046,Execution worker Thread 20,5,main]) started.
[        ] > Task :gradle:pluginDescriptors UP-TO-DATE
[        ] Caching disabled for task ':gradle:pluginDescriptors' because:
[        ]   Build cache is disabled
[        ]   Not worth caching
[        ] Skipping task ':gradle:pluginDescriptors' as it is up-to-date.
[        ] Resolve mutations for :gradle:processResources (Thread[#44046,Execution worker Thread 20,5,main]) started.
[        ] :gradle:processResources (Thread[#44046,Execution worker Thread 20,5,main]) started.
[        ] > Task :gradle:processResources UP-TO-DATE
[        ] Caching disabled for task ':gradle:processResources' because:
[        ]   Build cache is disabled
[        ]   Not worth caching
[        ] Skipping task ':gradle:processResources' as it is up-to-date.
[        ] Resolve mutations for :gradle:classes (Thread[#44046,Execution worker Thread 20,5,main]) started.
[        ] :gradle:classes (Thread[#44046,Execution worker Thread 20,5,main]) started.
[        ] > Task :gradle:classes UP-TO-DATE
[        ] Skipping task ':gradle:classes' as it has no actions.
[        ] Resolve mutations for :gradle:jar (Thread[#44046,Execution worker Thread 20,5,main]) started.
[        ] :gradle:jar (Thread[#44046,Execution worker Thread 20,5,main]) started.
[        ] > Task :gradle:jar UP-TO-DATE
[        ] Caching disabled for task ':gradle:jar' because:
[        ]   Build cache is disabled
[        ]   Not worth caching
[        ] Skipping task ':gradle:jar' as it is up-to-date.
[        ] Settings evaluated using settings file '/Users/florian/Code/substitution/android/settings.gradle'.
[ +102 ms] Projects loaded. Root project using build file '/Users/florian/Code/substitution/android/build.gradle'.
[        ] Included projects: [root project 'android', project ':app', project ':connectivity_plus', project ':emoji_picker_flutter', project ':file_selector_android', project ':flutter_keyboard_visibility_temp_fork', project ':flutter_native_splash', project ':flutter_olm', project ':flutter_openssl_crypto', project ':integration_test', project ':path_provider_android', project ':quill_native_bridge_android', project ':shared_preferences_android', project ':sqflite_android', project ':url_launcher_android', project ':video_player_android']
[        ] > Configure project :app
[        ] Evaluating project ':app' using build file '/Users/florian/Code/substitution/android/app/build.gradle'.
[        ] Resolved plugin [id: 'com.android.application']
[        ] Resolved plugin [id: 'kotlin-android']
[        ] Resolved plugin [id: 'dev.flutter.flutter-gradle-plugin']
[        ] Using default execution profile
[        ] Using Kotlin Gradle Plugin gradle85 variant
[        ] C/C++: android.ndkVersion from module build.gradle is [28.2.13676358]
[        ] C/C++: android.ndkPath from module build.gradle is not set
[        ] C/C++: ndk.dir in local.properties is not set
[        ] C/C++: Not considering ANDROID_NDK_HOME because support was removed after deprecation period.
[        ] C/C++: sdkFolder is /Users/florian/Library/Android/sdk
[        ] C/C++: android.ndkVersion from module build.gradle is [28.2.13676358]
[        ] C/C++: android.ndkPath from module build.gradle is not set
[        ] C/C++: ndk.dir in local.properties is not set
[        ] C/C++: Not considering ANDROID_NDK_HOME because support was removed after deprecation period.
[        ] C/C++: sdkFolder is /Users/florian/Library/Android/sdk
[        ] C/C++: android.ndkVersion from module build.gradle is [28.2.13676358]
[        ] C/C++: android.ndkPath from module build.gradle is not set
[        ] C/C++: ndk.dir in local.properties is not set
[        ] C/C++: Not considering ANDROID_NDK_HOME because support was removed after deprecation period.
[        ] C/C++: sdkFolder is /Users/florian/Library/Android/sdk
[        ] C/C++: android.ndkVersion from module build.gradle is [28.2.13676358]
[        ] C/C++: android.ndkPath from module build.gradle is not set
[        ] C/C++: ndk.dir in local.properties is not set
[        ] C/C++: Not considering ANDROID_NDK_HOME because support was removed after deprecation period.
[        ] C/C++: sdkFolder is /Users/florian/Library/Android/sdk
[        ] C/C++: android.ndkVersion from module build.gradle is [28.2.13676358]
[        ] C/C++: android.ndkPath from module build.gradle is not set
[        ] C/C++: ndk.dir in local.properties is not set
[        ] C/C++: Not considering ANDROID_NDK_HOME because support was removed after deprecation period.
[        ] C/C++: sdkFolder is /Users/florian/Library/Android/sdk
[        ] C/C++: android.ndkVersion from module build.gradle is [28.2.13676358]
[        ] C/C++: android.ndkPath from module build.gradle is not set
[        ] C/C++: ndk.dir in local.properties is not set
[        ] C/C++: Not considering ANDROID_NDK_HOME because support was removed after deprecation period.
[        ] C/C++: sdkFolder is /Users/florian/Library/Android/sdk
[        ] C/C++: android.ndkVersion from module build.gradle is [28.2.13676358]
[        ] C/C++: android.ndkPath from module build.gradle is not set
[        ] C/C++: ndk.dir in local.properties is not set
[        ] C/C++: Not considering ANDROID_NDK_HOME because support was removed after deprecation period.
[        ] C/C++: sdkFolder is /Users/florian/Library/Android/sdk
[        ] C/C++: android.ndkVersion from module build.gradle is [28.2.13676358]
[        ] C/C++: android.ndkPath from module build.gradle is not set
[        ] C/C++: ndk.dir in local.properties is not set
[        ] C/C++: Not considering ANDROID_NDK_HOME because support was removed after deprecation period.
[        ] C/C++: sdkFolder is /Users/florian/Library/Android/sdk
[        ] C/C++: android.ndkVersion from module build.gradle is [28.2.13676358]
[        ] C/C++: android.ndkPath from module build.gradle is not set
[        ] C/C++: ndk.dir in local.properties is not set
[        ] C/C++: Not considering ANDROID_NDK_HOME because support was removed after deprecation period.
[        ] C/C++: sdkFolder is /Users/florian/Library/Android/sdk
[        ] C/C++: android.ndkVersion from module build.gradle is [28.2.13676358]
[        ] C/C++: android.ndkPath from module build.gradle is not set
[        ] C/C++: ndk.dir in local.properties is not set
[        ] C/C++: Not considering ANDROID_NDK_HOME because support was removed after deprecation period.
[        ] C/C++: sdkFolder is /Users/florian/Library/Android/sdk
[        ] C/C++: android.ndkVersion from module build.gradle is [28.2.13676358]
[        ] C/C++: android.ndkPath from module build.gradle is not set
[        ] C/C++: ndk.dir in local.properties is not set
[        ] C/C++: Not considering ANDROID_NDK_HOME because support was removed after deprecation period.
[        ] C/C++: sdkFolder is /Users/florian/Library/Android/sdk
[        ] C/C++: android.ndkVersion from module build.gradle is [28.2.13676358]
[        ] C/C++: android.ndkPath from module build.gradle is not set
[        ] C/C++: ndk.dir in local.properties is not set
[        ] C/C++: Not considering ANDROID_NDK_HOME because support was removed after deprecation period.
[        ] C/C++: sdkFolder is /Users/florian/Library/Android/sdk
[        ] C/C++: android.ndkVersion from module build.gradle is [28.2.13676358]
[        ] C/C++: android.ndkPath from module build.gradle is not set
[        ] C/C++: ndk.dir in local.properties is not set
[        ] C/C++: Not considering ANDROID_NDK_HOME because support was removed after deprecation period.
[        ] C/C++: sdkFolder is /Users/florian/Library/Android/sdk
[        ] C/C++: android.ndkVersion from module build.gradle is [28.2.13676358]
[        ] C/C++: android.ndkPath from module build.gradle is not set
[        ] C/C++: ndk.dir in local.properties is not set
[        ] C/C++: Not considering ANDROID_NDK_HOME because support was removed after deprecation period.
[        ] C/C++: sdkFolder is /Users/florian/Library/Android/sdk
[        ] C/C++: android.ndkVersion from module build.gradle is [28.2.13676358]
[        ] C/C++: android.ndkPath from module build.gradle is not set
[        ] C/C++: ndk.dir in local.properties is not set
[        ] C/C++: Not considering ANDROID_NDK_HOME because support was removed after deprecation period.
[        ] C/C++: sdkFolder is /Users/florian/Library/Android/sdk
[        ] C/C++: android.ndkVersion from module build.gradle is [28.2.13676358]
[        ] C/C++: android.ndkPath from module build.gradle is not set
[        ] C/C++: ndk.dir in local.properties is not set
[        ] C/C++: Not considering ANDROID_NDK_HOME because support was removed after deprecation period.
[        ] C/C++: sdkFolder is /Users/florian/Library/Android/sdk
[        ] C/C++: android.ndkVersion from module build.gradle is [28.2.13676358]
[        ] C/C++: android.ndkPath from module build.gradle is not set
[        ] C/C++: ndk.dir in local.properties is not set
[        ] C/C++: Not considering ANDROID_NDK_HOME because support was removed after deprecation period.
[        ] C/C++: sdkFolder is /Users/florian/Library/Android/sdk
[        ] C/C++: android.ndkVersion from module build.gradle is [28.2.13676358]
[        ] C/C++: android.ndkPath from module build.gradle is not set
[        ] C/C++: ndk.dir in local.properties is not set
[        ] C/C++: Not considering ANDROID_NDK_HOME because support was removed after deprecation period.
[        ] C/C++: sdkFolder is /Users/florian/Library/Android/sdk
[        ] C/C++: android.ndkVersion from module build.gradle is [28.2.13676358]
[        ] C/C++: android.ndkPath from module build.gradle is not set
[        ] C/C++: ndk.dir in local.properties is not set
[        ] C/C++: Not considering ANDROID_NDK_HOME because support was removed after deprecation period.
[        ] C/C++: sdkFolder is /Users/florian/Library/Android/sdk
[        ] > Configure project :
[        ] Evaluating root project 'android' using build file '/Users/florian/Code/substitution/android/build.gradle'.
[        ] > Configure project :connectivity_plus
[        ] Evaluating project ':connectivity_plus' using build file '/Users/florian/.pub-cache/hosted/pub.dev/connectivity_plus-5.0.2/android/build.gradle'.
[        ] Using default execution profile
[        ] > Configure project :emoji_picker_flutter
[        ] Evaluating project ':emoji_picker_flutter' using build file '/Users/florian/.pub-cache/hosted/pub.dev/emoji_picker_flutter-4.4.0/android/build.gradle'.
[        ] Using default execution profile
[        ] Using Kotlin Gradle Plugin gradle85 variant
[  +88 ms] > Configure project :file_selector_android
[        ] Evaluating project ':file_selector_android' using build file '/Users/florian/.pub-cache/hosted/pub.dev/file_selector_android-0.5.2+4/android/build.gradle'.
[        ] Using default execution profile
[        ] > Configure project :flutter_keyboard_visibility_temp_fork
[        ] Evaluating project ':flutter_keyboard_visibility_temp_fork' using build file '/Users/florian/.pub-cache/hosted/pub.dev/flutter_keyboard_visibility_temp_fork-0.1.5/android/build.gradle'.
[        ] Using default execution profile
[        ] > Configure project :flutter_native_splash
[        ] Evaluating project ':flutter_native_splash' using build file '/Users/florian/.pub-cache/hosted/pub.dev/flutter_native_splash-2.4.7/android/build.gradle'.
[        ] Using default execution profile
[        ] > Configure project :flutter_olm
[        ] Evaluating project ':flutter_olm' using build file '/Users/florian/.pub-cache/hosted/pub.dev/flutter_olm-2.0.0/android/build.gradle'.
[        ] Using default execution profile
[        ] Using Kotlin Gradle Plugin gradle85 variant
[        ] C/C++: android.ndkVersion from module build.gradle is [27.0.12077973]
[        ] C/C++: android.ndkPath from module build.gradle is not set
[        ] C/C++: ndk.dir in local.properties is not set
[        ] C/C++: Not considering ANDROID_NDK_HOME because support was removed after deprecation period.
[        ] C/C++: sdkFolder is /Users/florian/Library/Android/sdk
[        ] C/C++: android.ndkVersion from module build.gradle is [27.0.12077973]
[        ] C/C++: android.ndkPath from module build.gradle is not set
[        ] C/C++: ndk.dir in local.properties is not set
[        ] C/C++: Not considering ANDROID_NDK_HOME because support was removed after deprecation period.
[        ] C/C++: sdkFolder is /Users/florian/Library/Android/sdk
[        ] C/C++: android.ndkVersion from module build.gradle is [27.0.12077973]
[        ] C/C++: android.ndkPath from module build.gradle is not set
[        ] C/C++: ndk.dir in local.properties is not set
[        ] C/C++: Not considering ANDROID_NDK_HOME because support was removed after deprecation period.
[        ] C/C++: sdkFolder is /Users/florian/Library/Android/sdk
[        ] C/C++: android.ndkVersion from module build.gradle is [27.0.12077973]
[        ] C/C++: android.ndkPath from module build.gradle is not set
[        ] C/C++: ndk.dir in local.properties is not set
[        ] C/C++: Not considering ANDROID_NDK_HOME because support was removed after deprecation period.
[        ] C/C++: sdkFolder is /Users/florian/Library/Android/sdk
[        ] C/C++: android.ndkVersion from module build.gradle is [27.0.12077973]
[        ] C/C++: android.ndkPath from module build.gradle is not set
[        ] C/C++: ndk.dir in local.properties is not set
[        ] C/C++: Not considering ANDROID_NDK_HOME because support was removed after deprecation period.
[        ] C/C++: sdkFolder is /Users/florian/Library/Android/sdk
[        ] C/C++: android.ndkVersion from module build.gradle is [27.0.12077973]
[        ] C/C++: android.ndkPath from module build.gradle is not set
[        ] C/C++: ndk.dir in local.properties is not set
[        ] C/C++: Not considering ANDROID_NDK_HOME because support was removed after deprecation period.
[        ] C/C++: sdkFolder is /Users/florian/Library/Android/sdk
[        ] C/C++: android.ndkVersion from module build.gradle is [27.0.12077973]
[        ] C/C++: android.ndkPath from module build.gradle is not set
[        ] C/C++: ndk.dir in local.properties is not set
[        ] C/C++: Not considering ANDROID_NDK_HOME because support was removed after deprecation period.
[        ] C/C++: sdkFolder is /Users/florian/Library/Android/sdk
[        ] C/C++: android.ndkVersion from module build.gradle is [27.0.12077973]
[        ] C/C++: android.ndkPath from module build.gradle is not set
[        ] C/C++: ndk.dir in local.properties is not set
[        ] C/C++: Not considering ANDROID_NDK_HOME because support was removed after deprecation period.
[        ] C/C++: sdkFolder is /Users/florian/Library/Android/sdk
[        ] C/C++: android.ndkVersion from module build.gradle is [27.0.12077973]
[        ] C/C++: android.ndkPath from module build.gradle is not set
[        ] C/C++: ndk.dir in local.properties is not set
[        ] C/C++: Not considering ANDROID_NDK_HOME because support was removed after deprecation period.
[        ] C/C++: sdkFolder is /Users/florian/Library/Android/sdk
[        ] C/C++: android.ndkVersion from module build.gradle is [27.0.12077973]
[        ] C/C++: android.ndkPath from module build.gradle is not set
[        ] C/C++: ndk.dir in local.properties is not set
[        ] C/C++: Not considering ANDROID_NDK_HOME because support was removed after deprecation period.
[        ] C/C++: sdkFolder is /Users/florian/Library/Android/sdk
[        ] C/C++: android.ndkVersion from module build.gradle is [27.0.12077973]
[        ] C/C++: android.ndkPath from module build.gradle is not set
[        ] C/C++: ndk.dir in local.properties is not set
[        ] C/C++: Not considering ANDROID_NDK_HOME because support was removed after deprecation period.
[        ] C/C++: sdkFolder is /Users/florian/Library/Android/sdk
[        ] C/C++: android.ndkVersion from module build.gradle is [27.0.12077973]
[        ] C/C++: android.ndkPath from module build.gradle is not set
[        ] C/C++: ndk.dir in local.properties is not set
[        ] C/C++: Not considering ANDROID_NDK_HOME because support was removed after deprecation period.
[        ] C/C++: sdkFolder is /Users/florian/Library/Android/sdk
[        ] C/C++: android.ndkVersion from module build.gradle is [27.0.12077973]
[        ] C/C++: android.ndkPath from module build.gradle is not set
[        ] C/C++: ndk.dir in local.properties is not set
[        ] C/C++: Not considering ANDROID_NDK_HOME because support was removed after deprecation period.
[        ] C/C++: sdkFolder is /Users/florian/Library/Android/sdk
[        ] C/C++: android.ndkVersion from module build.gradle is [27.0.12077973]
[        ] C/C++: android.ndkPath from module build.gradle is not set
[        ] C/C++: ndk.dir in local.properties is not set
[        ] C/C++: Not considering ANDROID_NDK_HOME because support was removed after deprecation period.
[        ] C/C++: sdkFolder is /Users/florian/Library/Android/sdk
[        ] C/C++: android.ndkVersion from module build.gradle is [27.0.12077973]
[        ] C/C++: android.ndkPath from module build.gradle is not set
[        ] C/C++: ndk.dir in local.properties is not set
[        ] C/C++: Not considering ANDROID_NDK_HOME because support was removed after deprecation period.
[        ] C/C++: sdkFolder is /Users/florian/Library/Android/sdk
[        ] C/C++: android.ndkVersion from module build.gradle is [27.0.12077973]
[        ] C/C++: android.ndkPath from module build.gradle is not set
[        ] C/C++: ndk.dir in local.properties is not set
[        ] C/C++: Not considering ANDROID_NDK_HOME because support was removed after deprecation period.
[        ] C/C++: sdkFolder is /Users/florian/Library/Android/sdk
[        ] C/C++: android.ndkVersion from module build.gradle is [27.0.12077973]
[        ] C/C++: android.ndkPath from module build.gradle is not set
[        ] C/C++: ndk.dir in local.properties is not set
[        ] C/C++: Not considering ANDROID_NDK_HOME because support was removed after deprecation period.
[        ] C/C++: sdkFolder is /Users/florian/Library/Android/sdk
[        ] C/C++: android.ndkVersion from module build.gradle is [27.0.12077973]
[        ] C/C++: android.ndkPath from module build.gradle is not set
[        ] C/C++: ndk.dir in local.properties is not set
[        ] C/C++: Not considering ANDROID_NDK_HOME because support was removed after deprecation period.
[        ] C/C++: sdkFolder is /Users/florian/Library/Android/sdk
[        ] C/C++: android.ndkVersion from module build.gradle is [27.0.12077973]
[        ] C/C++: android.ndkPath from module build.gradle is not set
[        ] C/C++: ndk.dir in local.properties is not set
[        ] C/C++: Not considering ANDROID_NDK_HOME because support was removed after deprecation period.
[        ] C/C++: sdkFolder is /Users/florian/Library/Android/sdk
[ +104 ms] > Configure project :flutter_openssl_crypto
[        ] Evaluating project ':flutter_openssl_crypto' using build file '/Users/florian/.pub-cache/hosted/pub.dev/flutter_openssl_crypto-0.5.0/android/build.gradle'.
[        ] Using default execution profile
[        ] Using Kotlin Gradle Plugin gradle85 variant
[        ] C/C++: android.ndkVersion from module build.gradle is [27.0.12077973]
[        ] C/C++: android.ndkPath from module build.gradle is not set
[        ] C/C++: ndk.dir in local.properties is not set
[        ] C/C++: Not considering ANDROID_NDK_HOME because support was removed after deprecation period.
[        ] C/C++: sdkFolder is /Users/florian/Library/Android/sdk
[        ] C/C++: android.ndkVersion from module build.gradle is [27.0.12077973]
[        ] C/C++: android.ndkPath from module build.gradle is not set
[        ] C/C++: ndk.dir in local.properties is not set
[        ] C/C++: Not considering ANDROID_NDK_HOME because support was removed after deprecation period.
[        ] C/C++: sdkFolder is /Users/florian/Library/Android/sdk
[        ] C/C++: android.ndkVersion from module build.gradle is [27.0.12077973]
[        ] C/C++: android.ndkPath from module build.gradle is not set
[        ] C/C++: ndk.dir in local.properties is not set
[        ] C/C++: Not considering ANDROID_NDK_HOME because support was removed after deprecation period.
[        ] C/C++: sdkFolder is /Users/florian/Library/Android/sdk
[        ] C/C++: android.ndkVersion from module build.gradle is [27.0.12077973]
[        ] C/C++: android.ndkPath from module build.gradle is not set
[        ] C/C++: ndk.dir in local.properties is not set
[        ] C/C++: Not considering ANDROID_NDK_HOME because support was removed after deprecation period.
[        ] C/C++: sdkFolder is /Users/florian/Library/Android/sdk
[        ] C/C++: android.ndkVersion from module build.gradle is [27.0.12077973]
[        ] C/C++: android.ndkPath from module build.gradle is not set
[        ] C/C++: ndk.dir in local.properties is not set
[        ] C/C++: Not considering ANDROID_NDK_HOME because support was removed after deprecation period.
[        ] C/C++: sdkFolder is /Users/florian/Library/Android/sdk
[        ] C/C++: android.ndkVersion from module build.gradle is [27.0.12077973]
[        ] C/C++: android.ndkPath from module build.gradle is not set
[        ] C/C++: ndk.dir in local.properties is not set
[        ] C/C++: Not considering ANDROID_NDK_HOME because support was removed after deprecation period.
[        ] C/C++: sdkFolder is /Users/florian/Library/Android/sdk
[        ] C/C++: android.ndkVersion from module build.gradle is [27.0.12077973]
[        ] C/C++: android.ndkPath from module build.gradle is not set
[        ] C/C++: ndk.dir in local.properties is not set
[        ] C/C++: Not considering ANDROID_NDK_HOME because support was removed after deprecation period.
[        ] C/C++: sdkFolder is /Users/florian/Library/Android/sdk
[        ] C/C++: android.ndkVersion from module build.gradle is [27.0.12077973]
[        ] C/C++: android.ndkPath from module build.gradle is not set
[        ] C/C++: ndk.dir in local.properties is not set
[        ] C/C++: Not considering ANDROID_NDK_HOME because support was removed after deprecation period.
[        ] C/C++: sdkFolder is /Users/florian/Library/Android/sdk
[        ] C/C++: android.ndkVersion from module build.gradle is [27.0.12077973]
[        ] C/C++: android.ndkPath from module build.gradle is not set
[        ] C/C++: ndk.dir in local.properties is not set
[        ] C/C++: Not considering ANDROID_NDK_HOME because support was removed after deprecation period.
[        ] C/C++: sdkFolder is /Users/florian/Library/Android/sdk
[        ] C/C++: android.ndkVersion from module build.gradle is [27.0.12077973]
[        ] C/C++: android.ndkPath from module build.gradle is not set
[        ] C/C++: ndk.dir in local.properties is not set
[        ] C/C++: Not considering ANDROID_NDK_HOME because support was removed after deprecation period.
[        ] C/C++: sdkFolder is /Users/florian/Library/Android/sdk
[        ] C/C++: android.ndkVersion from module build.gradle is [27.0.12077973]
[        ] C/C++: android.ndkPath from module build.gradle is not set
[        ] C/C++: ndk.dir in local.properties is not set
[        ] C/C++: Not considering ANDROID_NDK_HOME because support was removed after deprecation period.
[        ] C/C++: sdkFolder is /Users/florian/Library/Android/sdk
[        ] C/C++: android.ndkVersion from module build.gradle is [27.0.12077973]
[        ] C/C++: android.ndkPath from module build.gradle is not set
[        ] C/C++: ndk.dir in local.properties is not set
[        ] C/C++: Not considering ANDROID_NDK_HOME because support was removed after deprecation period.
[        ] C/C++: sdkFolder is /Users/florian/Library/Android/sdk
[        ] C/C++: android.ndkVersion from module build.gradle is [27.0.12077973]
[        ] C/C++: android.ndkPath from module build.gradle is not set
[        ] C/C++: ndk.dir in local.properties is not set
[        ] C/C++: Not considering ANDROID_NDK_HOME because support was removed after deprecation period.
[        ] C/C++: sdkFolder is /Users/florian/Library/Android/sdk
[        ] C/C++: android.ndkVersion from module build.gradle is [27.0.12077973]
[        ] C/C++: android.ndkPath from module build.gradle is not set
[        ] C/C++: ndk.dir in local.properties is not set
[        ] C/C++: Not considering ANDROID_NDK_HOME because support was removed after deprecation period.
[        ] C/C++: sdkFolder is /Users/florian/Library/Android/sdk
[        ] C/C++: android.ndkVersion from module build.gradle is [27.0.12077973]
[        ] C/C++: android.ndkPath from module build.gradle is not set
[        ] C/C++: ndk.dir in local.properties is not set
[        ] C/C++: Not considering ANDROID_NDK_HOME because support was removed after deprecation period.
[        ] C/C++: sdkFolder is /Users/florian/Library/Android/sdk
[        ] C/C++: android.ndkVersion from module build.gradle is [27.0.12077973]
[        ] C/C++: android.ndkPath from module build.gradle is not set
[        ] C/C++: ndk.dir in local.properties is not set
[        ] C/C++: Not considering ANDROID_NDK_HOME because support was removed after deprecation period.
[        ] C/C++: sdkFolder is /Users/florian/Library/Android/sdk
[        ] C/C++: android.ndkVersion from module build.gradle is [27.0.12077973]
[        ] C/C++: android.ndkPath from module build.gradle is not set
[        ] C/C++: ndk.dir in local.properties is not set
[        ] C/C++: Not considering ANDROID_NDK_HOME because support was removed after deprecation period.
[        ] C/C++: sdkFolder is /Users/florian/Library/Android/sdk
[        ] C/C++: android.ndkVersion from module build.gradle is [27.0.12077973]
[        ] C/C++: android.ndkPath from module build.gradle is not set
[        ] C/C++: ndk.dir in local.properties is not set
[        ] C/C++: Not considering ANDROID_NDK_HOME because support was removed after deprecation period.
[        ] C/C++: sdkFolder is /Users/florian/Library/Android/sdk
[        ] C/C++: android.ndkVersion from module build.gradle is [27.0.12077973]
[        ] C/C++: android.ndkPath from module build.gradle is not set
[        ] C/C++: ndk.dir in local.properties is not set
[        ] C/C++: Not considering ANDROID_NDK_HOME because support was removed after deprecation period.
[        ] C/C++: sdkFolder is /Users/florian/Library/Android/sdk
[        ] > Configure project :integration_test
[        ] Evaluating project ':integration_test' using build file '/opt/homebrew/share/flutter/packages/integration_test/android/build.gradle.kts'.
[        ] Resolved plugin [id: 'com.android.library']
[        ] Using default execution profile
[        ] > Configure project :path_provider_android
[        ] Evaluating project ':path_provider_android' using build file '/Users/florian/.pub-cache/hosted/pub.dev/path_provider_android-2.2.22/android/build.gradle'.
[        ] Using default execution profile
[        ] > Configure project :quill_native_bridge_android
[        ] Evaluating project ':quill_native_bridge_android' using build file '/Users/florian/.pub-cache/hosted/pub.dev/quill_native_bridge_android-0.0.1+2/android/build.gradle'.
[        ] Using default execution profile
[        ] Using Kotlin Gradle Plugin gradle85 variant
[        ] > Configure project :shared_preferences_android
[        ] Evaluating project ':shared_preferences_android' using build file '/Users/florian/.pub-cache/hosted/pub.dev/shared_preferences_android-2.4.20/android/build.gradle'.
[        ] Using default execution profile
[        ] Using Kotlin Gradle Plugin gradle85 variant
[        ] > Configure project :sqflite_android
[        ] Evaluating project ':sqflite_android' using build file '/Users/florian/.pub-cache/hosted/pub.dev/sqflite_android-2.4.2+2/android/build.gradle'.
[        ] Using default execution profile
16:41 +12 -37: loading /Users/florian/Code/substitution/integration_test/room_discovery_with_matrix_test.dart                                                                                          [  +94 ms] > Configure project :url_launcher_android
[        ] Evaluating project ':url_launcher_android' using build file '/Users/florian/.pub-cache/hosted/pub.dev/url_launcher_android-6.3.28/android/build.gradle'.
[        ] Using default execution profile
[        ] > Configure project :video_player_android
[        ] Evaluating project ':video_player_android' using build file '/Users/florian/.pub-cache/hosted/pub.dev/video_player_android-2.9.1/android/build.gradle'.
[        ] Using default execution profile
[        ] Using Kotlin Gradle Plugin gradle85 variant
[        ] All projects evaluated.
[        ] Task name matched 'assembleDebug'
[        ] Selected primary task 'assembleDebug' from project :
[        ] Adding -Xuse-inline-scopes-numbers Kotlin compiler flag for task :app:compileDebugKotlin
[ +103 ms] Tasks to be executed: [task ':app:preBuild', task ':app:preDebugBuild', task ':app:mergeDebugNativeDebugMetadata', task ':app:checkKotlinGradlePluginConfigurationErrors', task ':app:compileFlutterBuildDebug', task ':app:packJniLibsflutterBuildDebug', task ':connectivity_plus:preBuild', task ':connectivity_plus:preDebugBuild', task ':connectivity_plus:writeDebugAarMetadata', task ':emoji_picker_flutter:preBuild', task ':emoji_picker_flutter:preDebugBuild', task ':emoji_picker_flutter:writeDebugAarMetadata', task ':file_selector_android:preBuild', task ':file_selector_android:preDebugBuild', task ':file_selector_android:writeDebugAarMetadata', task ':flutter_keyboard_visibility_temp_fork:preBuild', task ':flutter_keyboard_visibility_temp_fork:preDebugBuild', task ':flutter_keyboard_visibility_temp_fork:writeDebugAarMetadata', task ':flutter_native_splash:preBuild', task ':flutter_native_splash:preDebugBuild', task ':flutter_native_splash:writeDebugAarMetadata', task ':flutter_olm:preBuild', task ':flutter_olm:preDebugBuild', task ':flutter_olm:writeDebugAarMetadata', task ':flutter_openssl_crypto:preBuild', task ':flutter_openssl_crypto:preDebugBuild', task ':flutter_openssl_crypto:writeDebugAarMetadata', task ':integration_test:preBuild', task ':integration_test:preDebugBuild', task ':integration_test:writeDebugAarMetadata', task ':path_provider_android:preBuild', task ':path_provider_android:preDebugBuild', task ':path_provider_android:writeDebugAarMetadata', task ':quill_native_bridge_android:preBuild', task ':quill_native_bridge_android:preDebugBuild', task ':quill_native_bridge_android:writeDebugAarMetadata', task ':shared_preferences_android:preBuild', task ':shared_preferences_android:preDebugBuild', task ':shared_preferences_android:writeDebugAarMetadata', task ':sqflite_android:preBuild', task ':sqflite_android:preDebugBuild', task ':sqflite_android:writeDebugAarMetadata', task ':url_launcher_android:preBuild', task ':url_launcher_android:preDebugBuild', task ':url_launcher_android:writeDebugAarMetadata', task ':video_player_android:preBuild', task ':video_player_android:preDebugBuild', task ':video_player_android:writeDebugAarMetadata', task ':app:checkDebugAarMetadata', task ':app:cleanMergeDebugAssets', task ':app:mergeDebugShaders', task ':app:compileDebugShaders', task ':app:generateDebugAssets', task ':connectivity_plus:mergeDebugShaders', task ':connectivity_plus:compileDebugShaders', task ':connectivity_plus:generateDebugAssets', task ':connectivity_plus:mergeDebugAssets', task ':emoji_picker_flutter:mergeDebugShaders', task ':emoji_picker_flutter:compileDebugShaders', task ':emoji_picker_flutter:generateDebugAssets', task ':emoji_picker_flutter:mergeDebugAssets', task ':file_selector_android:mergeDebugShaders', task ':file_selector_android:compileDebugShaders', task ':file_selector_android:generateDebugAssets', task ':file_selector_android:mergeDebugAssets', task ':flutter_keyboard_visibility_temp_fork:mergeDebugShaders', task ':flutter_keyboard_visibility_temp_fork:compileDebugShaders', task ':flutter_keyboard_visibility_temp_fork:generateDebugAssets', task ':flutter_keyboard_visibility_temp_fork:mergeDebugAssets', task ':flutter_native_splash:mergeDebugShaders', task ':flutter_native_splash:compileDebugShaders', task ':flutter_native_splash:generateDebugAssets', task ':flutter_native_splash:mergeDebugAssets', task ':flutter_olm:mergeDebugShaders', task ':flutter_olm:compileDebugShaders', task ':flutter_olm:generateDebugAssets', task ':flutter_olm:mergeDebugAssets', task ':flutter_openssl_crypto:mergeDebugShaders', task ':flutter_openssl_crypto:compileDebugShaders', task ':flutter_openssl_crypto:generateDebugAssets', task ':flutter_openssl_crypto:mergeDebugAssets', task ':integration_test:mergeDebugShaders', task ':integration_test:compileDebugShaders', task ':integration_test:generateDebugAssets', task ':integration_test:mergeDebugAssets', task ':path_provider_android:mergeDebugShaders', task ':path_provider_android:compileDebugShaders', task ':path_provider_android:generateDebugAssets', task ':path_provider_android:mergeDebugAssets', task ':quill_native_bridge_android:mergeDebugShaders', task ':quill_native_bridge_android:compileDebugShaders', task ':quill_native_bridge_android:generateDebugAssets', task ':quill_native_bridge_android:mergeDebugAssets', task ':shared_preferences_android:mergeDebugShaders', task ':shared_preferences_android:compileDebugShaders', task ':shared_preferences_android:generateDebugAssets', task ':shared_preferences_android:mergeDebugAssets', task ':sqflite_android:mergeDebugShaders', task ':sqflite_android:compileDebugShaders', task ':sqflite_android:generateDebugAssets', task ':sqflite_android:mergeDebugAssets', task ':url_launcher_android:mergeDebugShaders', task ':url_launcher_android:compileDebugShaders', task ':url_launcher_android:generateDebugAssets', task ':url_launcher_android:mergeDebugAssets', task ':video_player_android:mergeDebugShaders', task ':video_player_android:compileDebugShaders', task ':video_player_android:generateDebugAssets', task ':video_player_android:mergeDebugAssets', task ':app:mergeDebugAssets', task ':app:copyFlutterAssetsDebug', task ':app:generateDebugResValues', task ':connectivity_plus:generateDebugResValues', task ':connectivity_plus:generateDebugResources', task ':connectivity_plus:packageDebugResources', task ':emoji_picker_flutter:generateDebugResValues', task ':emoji_picker_flutter:generateDebugResources', task ':emoji_picker_flutter:packageDebugResources', task ':file_selector_android:generateDebugResValues', task ':file_selector_android:generateDebugResources', task ':file_selector_android:packageDebugResources', task ':flutter_keyboard_visibility_temp_fork:generateDebugResValues', task ':flutter_keyboard_visibility_temp_fork:generateDebugResources', task ':flutter_keyboard_visibility_temp_fork:packageDebugResources', task ':flutter_native_splash:generateDebugResValues', task ':flutter_native_splash:generateDebugResources', task ':flutter_native_splash:packageDebugResources', task ':flutter_olm:generateDebugResValues', task ':flutter_olm:generateDebugResources', task ':flutter_olm:packageDebugResources', task ':flutter_openssl_crypto:generateDebugResValues', task ':flutter_openssl_crypto:generateDebugResources', task ':flutter_openssl_crypto:packageDebugResources', task ':integration_test:generateDebugResValues', task ':integration_test:generateDebugResources', task ':integration_test:packageDebugResources', task ':path_provider_android:generateDebugResValues', task ':path_provider_android:generateDebugResources', task ':path_provider_android:packageDebugResources', task ':quill_native_bridge_android:generateDebugResValues', task ':quill_native_bridge_android:generateDebugResources', task ':quill_native_bridge_android:packageDebugResources', task ':shared_preferences_android:generateDebugResValues', task ':shared_preferences_android:generateDebugResources', task ':shared_preferences_android:packageDebugResources', task ':sqflite_android:generateDebugResValues', task ':sqflite_android:generateDebugResources', task ':sqflite_android:packageDebugResources', task ':url_launcher_android:generateDebugResValues', task ':url_launcher_android:generateDebugResources', task ':url_launcher_android:packageDebugResources', task ':video_player_android:generateDebugResValues', task ':video_player_android:generateDebugResources', task ':video_player_android:packageDebugResources', task ':app:mapDebugSourceSetPaths', task ':app:generateDebugResources', task ':app:mergeDebugResources', task ':app:packageDebugResources', task ':app:parseDebugLocalResources', task ':app:createDebugCompatibleScreenManifests', task ':app:extractDeepLinksDebug', task ':connectivity_plus:extractDeepLinksDebug', task ':connectivity_plus:processDebugManifest', task ':emoji_picker_flutter:extractDeepLinksDebug', task ':emoji_picker_flutter:processDebugManifest', task ':file_selector_android:extractDeepLinksDebug', task ':file_selector_android:processDebugManifest', task ':flutter_keyboard_visibility_temp_fork:extractDeepLinksDebug', task ':flutter_keyboard_visibility_temp_fork:processDebugManifest', task ':flutter_native_splash:extractDeepLinksDebug', task ':flutter_native_splash:processDebugManifest', task ':flutter_olm:extractDeepLinksDebug', task ':flutter_olm:processDebugManifest', task ':flutter_openssl_crypto:extractDeepLinksDebug', task ':flutter_openssl_crypto:processDebugManifest', task ':integration_test:extractDeepLinksDebug', task ':integration_test:processDebugManifest', task ':path_provider_android:extractDeepLinksDebug', task ':path_provider_android:processDebugManifest', task ':quill_native_bridge_android:extractDeepLinksDebug', task ':quill_native_bridge_android:processDebugManifest', task ':shared_preferences_android:extractDeepLinksDebug', task ':shared_preferences_android:processDebugManifest', task ':sqflite_android:extractDeepLinksDebug', task ':sqflite_android:processDebugManifest', task ':url_launcher_android:extractDeepLinksDebug', task ':url_launcher_android:processDebugManifest', task ':video_player_android:extractDeepLinksDebug', task ':video_player_android:processDebugManifest', task ':app:processDebugMainManifest', task ':app:outputDebugAppLinkSettings', task ':app:processDebugManifest', task ':app:processDebugManifestForPackage', task ':connectivity_plus:compileDebugLibraryResources', task ':connectivity_plus:parseDebugLocalResources', task ':connectivity_plus:generateDebugRFile', task ':emoji_picker_flutter:compileDebugLibraryResources', task ':emoji_picker_flutter:parseDebugLocalResources', task ':emoji_picker_flutter:generateDebugRFile', task ':file_selector_android:compileDebugLibraryResources', task ':file_selector_android:parseDebugLocalResources', task ':file_selector_android:generateDebugRFile', task ':flutter_keyboard_visibility_temp_fork:compileDebugLibraryResources', task ':flutter_keyboard_visibility_temp_fork:parseDebugLocalResources', task ':flutter_keyboard_visibility_temp_fork:generateDebugRFile', task ':flutter_native_splash:compileDebugLibraryResources', task ':flutter_native_splash:parseDebugLocalResources', task ':flutter_native_splash:generateDebugRFile', task ':flutter_olm:compileDebugLibraryResources', task ':flutter_olm:parseDebugLocalResources', task ':flutter_olm:generateDebugRFile', task ':flutter_openssl_crypto:compileDebugLibraryResources', task ':flutter_openssl_crypto:parseDebugLocalResources', task ':flutter_openssl_crypto:generateDebugRFile', task ':integration_test:compileDebugLibraryResources', task ':integration_test:parseDebugLocalResources', task ':integration_test:generateDebugRFile', task ':path_provider_android:compileDebugLibraryResources', task ':path_provider_android:parseDebugLocalResources', task ':path_provider_android:generateDebugRFile', task ':quill_native_bridge_android:compileDebugLibraryResources', task ':quill_native_bridge_android:parseDebugLocalResources', task ':quill_native_bridge_android:generateDebugRFile', task ':shared_preferences_android:compileDebugLibraryResources', task ':shared_preferences_android:parseDebugLocalResources', task ':shared_preferences_android:generateDebugRFile', task ':sqflite_android:compileDebugLibraryResources', task ':sqflite_android:parseDebugLocalResources', task ':sqflite_android:generateDebugRFile', task ':url_launcher_android:compileDebugLibraryResources', task ':url_launcher_android:parseDebugLocalResources', task ':url_launcher_android:generateDebugRFile', task ':video_player_android:compileDebugLibraryResources', task ':video_player_android:parseDebugLocalResources', task ':video_player_android:generateDebugRFile', task ':app:processDebugResources', task ':connectivity_plus:javaPreCompileDebug', task ':connectivity_plus:compileDebugJavaWithJavac', task ':connectivity_plus:bundleLibCompileToJarDebug', task ':emoji_picker_flutter:checkKotlinGradlePluginConfigurationErrors', task ':emoji_picker_flutter:compileDebugKotlin', task ':emoji_picker_flutter:javaPreCompileDebug', task ':emoji_picker_flutter:compileDebugJavaWithJavac', task ':emoji_picker_flutter:bundleLibCompileToJarDebug', task ':file_selector_android:javaPreCompileDebug', task ':file_selector_android:compileDebugJavaWithJavac', task ':file_selector_android:bundleLibCompileToJarDebug', task ':flutter_keyboard_visibility_temp_fork:javaPreCompileDebug', task ':flutter_keyboard_visibility_temp_fork:compileDebugJavaWithJavac', task ':flutter_keyboard_visibility_temp_fork:bundleLibCompileToJarDebug', task ':flutter_native_splash:javaPreCompileDebug', task ':flutter_native_splash:compileDebugJavaWithJavac', task ':flutter_native_splash:bundleLibCompileToJarDebug', task ':flutter_olm:checkKotlinGradlePluginConfigurationErrors', task ':flutter_olm:compileDebugKotlin', task ':flutter_olm:javaPreCompileDebug', task ':flutter_olm:compileDebugJavaWithJavac', task ':flutter_olm:bundleLibCompileToJarDebug', task ':flutter_openssl_crypto:checkKotlinGradlePluginConfigurationErrors', task ':flutter_openssl_crypto:compileDebugKotlin', task ':flutter_openssl_crypto:javaPreCompileDebug', task ':flutter_openssl_crypto:compileDebugJavaWithJavac', task ':flutter_openssl_crypto:bundleLibCompileToJarDebug', task ':integration_test:javaPreCompileDebug', task ':integration_test:compileDebugJavaWithJavac', task ':integration_test:bundleLibCompileToJarDebug', task ':path_provider_android:javaPreCompileDebug', task ':path_provider_android:compileDebugJavaWithJavac', task ':path_provider_android:bundleLibCompileToJarDebug', task ':quill_native_bridge_android:checkKotlinGradlePluginConfigurationErrors', task ':quill_native_bridge_android:compileDebugKotlin', task ':quill_native_bridge_android:javaPreCompileDebug', task ':quill_native_bridge_android:compileDebugJavaWithJavac', task ':quill_native_bridge_android:bundleLibCompileToJarDebug', task ':shared_preferences_android:checkKotlinGradlePluginConfigurationErrors', task ':shared_preferences_android:compileDebugKotlin', task ':shared_preferences_android:javaPreCompileDebug', task ':shared_preferences_android:compileDebugJavaWithJavac', task ':shared_preferences_android:bundleLibCompileToJarDebug', task ':sqflite_android:javaPreCompileDebug', task ':sqflite_android:compileDebugJavaWithJavac', task ':sqflite_android:bundleLibCompileToJarDebug', task ':url_launcher_android:generateDebugBuildConfig', task ':url_launcher_android:javaPreCompileDebug', task ':url_launcher_android:compileDebugJavaWithJavac', task ':url_launcher_android:bundleLibCompileToJarDebug', task ':video_player_android:checkKotlinGradlePluginConfigurationErrors', task ':video_player_android:compileDebugKotlin', task ':video_player_android:javaPreCompileDebug', task ':video_player_android:compileDebugJavaWithJavac', task ':video_player_android:bundleLibCompileToJarDebug', task ':app:compileDebugKotlin', task ':app:javaPreCompileDebug', task ':app:compileDebugJavaWithJavac', task ':app:compressDebugAssets', task ':app:processDebugJavaRes', task ':connectivity_plus:processDebugJavaRes', task ':emoji_picker_flutter:processDebugJavaRes', task ':file_selector_android:processDebugJavaRes', task ':flutter_keyboard_visibility_temp_fork:processDebugJavaRes', task ':flutter_native_splash:processDebugJavaRes', task ':flutter_olm:processDebugJavaRes', task ':flutter_openssl_crypto:processDebugJavaRes', task ':integration_test:processDebugJavaRes', task ':path_provider_android:processDebugJavaRes', task ':quill_native_bridge_android:processDebugJavaRes', task ':shared_preferences_android:processDebugJavaRes', task ':sqflite_android:processDebugJavaRes', task ':url_launcher_android:processDebugJavaRes', task ':video_player_android:processDebugJavaRes', task ':app:mergeDebugJavaResource', task ':app:checkDebugDuplicateClasses', task ':app:desugarDebugFileDependencies', task ':app:mergeExtDexDebug', task ':connectivity_plus:bundleLibRuntimeToDirDebug', task ':emoji_picker_flutter:bundleLibRuntimeToDirDebug', task ':file_selector_android:bundleLibRuntimeToDirDebug', task ':flutter_keyboard_visibility_temp_fork:bundleLibRuntimeToDirDebug', task ':flutter_native_splash:bundleLibRuntimeToDirDebug', task ':flutter_olm:bundleLibRuntimeToDirDebug', task ':flutter_openssl_crypto:bundleLibRuntimeToDirDebug', task ':integration_test:bundleLibRuntimeToDirDebug', task ':path_provider_android:bundleLibRuntimeToDirDebug', task ':quill_native_bridge_android:bundleLibRuntimeToDirDebug', task ':shared_preferences_android:bundleLibRuntimeToDirDebug', task ':sqflite_android:bundleLibRuntimeToDirDebug', task ':url_launcher_android:bundleLibRuntimeToDirDebug', task ':video_player_android:bundleLibRuntimeToDirDebug', task ':app:mergeLibDexDebug', task ':app:dexBuilderDebug', task ':app:mergeProjectDexDebug', task ':app:configureCMakeDebug[arm64-v8a]', task ':app:buildCMakeDebug[arm64-v8a]', task ':app:configureCMakeDebug[armeabi-v7a]', task ':app:buildCMakeDebug[armeabi-v7a]', task ':app:configureCMakeDebug[x86_64]', task ':app:buildCMakeDebug[x86_64]', task ':app:mergeDebugJniLibFolders', task ':connectivity_plus:mergeDebugJniLibFolders', task ':connectivity_plus:mergeDebugNativeLibs', task ':connectivity_plus:copyDebugJniLibsProjectOnly', task ':emoji_picker_flutter:mergeDebugJniLibFolders', task ':emoji_picker_flutter:mergeDebugNativeLibs', task ':emoji_picker_flutter:copyDebugJniLibsProjectOnly', task ':file_selector_android:mergeDebugJniLibFolders', task ':file_selector_android:mergeDebugNativeLibs', task ':file_selector_android:copyDebugJniLibsProjectOnly', task ':flutter_keyboard_visibility_temp_fork:mergeDebugJniLibFolders', task ':flutter_keyboard_visibility_temp_fork:mergeDebugNativeLibs', task ':flutter_keyboard_visibility_temp_fork:copyDebugJniLibsProjectOnly', task ':flutter_native_splash:mergeDebugJniLibFolders', task ':flutter_native_splash:mergeDebugNativeLibs', task ':flutter_native_splash:copyDebugJniLibsProjectOnly', task ':flutter_olm:preProfileBuild', task ':flutter_olm:configureCMakeDebug[arm64-v8a]', task ':flutter_olm:buildCMakeDebug[arm64-v8a]', task ':flutter_olm:configureCMakeDebug[armeabi-v7a]', task ':flutter_olm:buildCMakeDebug[armeabi-v7a]', task ':flutter_olm:configureCMakeDebug[x86]', task ':flutter_olm:buildCMakeDebug[x86]', task ':flutter_olm:configureCMakeDebug[x86_64]', task ':flutter_olm:buildCMakeDebug[x86_64]', task ':flutter_olm:mergeDebugJniLibFolders', task ':flutter_olm:mergeDebugNativeLibs', task ':flutter_olm:copyDebugJniLibsProjectOnly', task ':flutter_openssl_crypto:preProfileBuild', task ':flutter_openssl_crypto:configureCMakeDebug[arm64-v8a]', task ':flutter_openssl_crypto:buildCMakeDebug[arm64-v8a]', task ':flutter_openssl_crypto:configureCMakeDebug[armeabi-v7a]', task ':flutter_openssl_crypto:buildCMakeDebug[armeabi-v7a]', task ':flutter_openssl_crypto:configureCMakeDebug[x86]', task ':flutter_openssl_crypto:buildCMakeDebug[x86]', task ':flutter_openssl_crypto:configureCMakeDebug[x86_64]', task ':flutter_openssl_crypto:buildCMakeDebug[x86_64]', task ':flutter_openssl_crypto:mergeDebugJniLibFolders', task ':flutter_openssl_crypto:mergeDebugNativeLibs', task ':flutter_openssl_crypto:copyDebugJniLibsProjectOnly', task ':integration_test:mergeDebugJniLibFolders', task ':integration_test:mergeDebugNativeLibs', task ':integration_test:copyDebugJniLibsProjectOnly', task ':path_provider_android:mergeDebugJniLibFolders', task ':path_provider_android:mergeDebugNativeLibs', task ':path_provider_android:copyDebugJniLibsProjectOnly', task ':quill_native_bridge_android:mergeDebugJniLibFolders', task ':quill_native_bridge_android:mergeDebugNativeLibs', task ':quill_native_bridge_android:copyDebugJniLibsProjectOnly', task ':shared_preferences_android:mergeDebugJniLibFolders', task ':shared_preferences_android:mergeDebugNativeLibs', task ':shared_preferences_android:copyDebugJniLibsProjectOnly', task ':sqflite_android:mergeDebugJniLibFolders', task ':sqflite_android:mergeDebugNativeLibs', task ':sqflite_android:copyDebugJniLibsProjectOnly', task ':url_launcher_android:mergeDebugJniLibFolders', task ':url_launcher_android:mergeDebugNativeLibs', task ':url_launcher_android:copyDebugJniLibsProjectOnly', task ':video_player_android:mergeDebugJniLibFolders', task ':video_player_android:mergeDebugNativeLibs', task ':video_player_android:copyDebugJniLibsProjectOnly', task ':app:mergeDebugNativeLibs', task ':app:stripDebugDebugSymbols', task ':app:validateSigningDebug', task ':app:writeDebugAppMetadata', task ':app:writeDebugSigningConfigVersions', task ':app:packageDebug', task ':app:createDebugApkListingFileRedirect', task ':app:assembleDebug', task ':connectivity_plus:stripDebugDebugSymbols', task ':connectivity_plus:copyDebugJniLibsProjectAndLocalJars', task ':connectivity_plus:extractDebugAnnotations', task ':connectivity_plus:extractDeepLinksForAarDebug', task ':connectivity_plus:mergeDebugGeneratedProguardFiles', task ':connectivity_plus:mergeDebugConsumerProguardFiles', task ':connectivity_plus:prepareDebugArtProfile', task ':connectivity_plus:prepareLintJarForPublish', task ':connectivity_plus:mergeDebugJavaResource', task ':connectivity_plus:syncDebugLibJars', task ':connectivity_plus:bundleDebugAar', task ':connectivity_plus:assembleDebug', task ':emoji_picker_flutter:stripDebugDebugSymbols', task ':emoji_picker_flutter:copyDebugJniLibsProjectAndLocalJars', task ':emoji_picker_flutter:extractDebugAnnotations', task ':emoji_picker_flutter:extractDeepLinksForAarDebug', task ':emoji_picker_flutter:mergeDebugGeneratedProguardFiles', task ':emoji_picker_flutter:mergeDebugConsumerProguardFiles', task ':emoji_picker_flutter:prepareDebugArtProfile', task ':emoji_picker_flutter:prepareLintJarForPublish', task ':emoji_picker_flutter:mergeDebugJavaResource', task ':emoji_picker_flutter:syncDebugLibJars', task ':emoji_picker_flutter:bundleDebugAar', task ':emoji_picker_flutter:assembleDebug', task ':file_selector_android:stripDebugDebugSymbols', task ':file_selector_android:copyDebugJniLibsProjectAndLocalJars', task ':file_selector_android:extractDebugAnnotations', task ':file_selector_android:extractDeepLinksForAarDebug', task ':file_selector_android:mergeDebugGeneratedProguardFiles', task ':file_selector_android:mergeDebugConsumerProguardFiles', task ':file_selector_android:prepareDebugArtProfile', task ':file_selector_android:prepareLintJarForPublish', task ':file_selector_android:mergeDebugJavaResource', task ':file_selector_android:syncDebugLibJars', task ':file_selector_android:bundleDebugAar', task ':file_selector_android:assembleDebug', task ':flutter_keyboard_visibility_temp_fork:stripDebugDebugSymbols', task ':flutter_keyboard_visibility_temp_fork:copyDebugJniLibsProjectAndLocalJars', task ':flutter_keyboard_visibility_temp_fork:extractDebugAnnotations', task ':flutter_keyboard_visibility_temp_fork:extractDeepLinksForAarDebug', task ':flutter_keyboard_visibility_temp_fork:mergeDebugGeneratedProguardFiles', task ':flutter_keyboard_visibility_temp_fork:mergeDebugConsumerProguardFiles', task ':flutter_keyboard_visibility_temp_fork:prepareDebugArtProfile', task ':flutter_keyboard_visibility_temp_fork:prepareLintJarForPublish', task ':flutter_keyboard_visibility_temp_fork:mergeDebugJavaResource', task ':flutter_keyboard_visibility_temp_fork:syncDebugLibJars', task ':flutter_keyboard_visibility_temp_fork:bundleDebugAar', task ':flutter_keyboard_visibility_temp_fork:assembleDebug', task ':flutter_native_splash:stripDebugDebugSymbols', task ':flutter_native_splash:copyDebugJniLibsProjectAndLocalJars', task ':flutter_native_splash:extractDebugAnnotations', task ':flutter_native_splash:extractDeepLinksForAarDebug', task ':flutter_native_splash:mergeDebugGeneratedProguardFiles', task ':flutter_native_splash:mergeDebugConsumerProguardFiles', task ':flutter_native_splash:prepareDebugArtProfile', task ':flutter_native_splash:prepareLintJarForPublish', task ':flutter_native_splash:mergeDebugJavaResource', task ':flutter_native_splash:syncDebugLibJars', task ':flutter_native_splash:bundleDebugAar', task ':flutter_native_splash:assembleDebug', task ':flutter_olm:stripDebugDebugSymbols', task ':flutter_olm:copyDebugJniLibsProjectAndLocalJars', task ':flutter_olm:extractDebugAnnotations', task ':flutter_olm:extractDeepLinksForAarDebug', task ':flutter_olm:mergeDebugGeneratedProguardFiles', task ':flutter_olm:mergeDebugConsumerProguardFiles', task ':flutter_olm:prepareDebugArtProfile', task ':flutter_olm:prepareLintJarForPublish', task ':flutter_olm:mergeDebugJavaResource', task ':flutter_olm:syncDebugLibJars', task ':flutter_olm:bundleDebugAar', task ':flutter_olm:assembleDebug', task ':flutter_openssl_crypto:stripDebugDebugSymbols', task ':flutter_openssl_crypto:copyDebugJniLibsProjectAndLocalJars', task ':flutter_openssl_crypto:extractDebugAnnotations', task ':flutter_openssl_crypto:extractDeepLinksForAarDebug', task ':flutter_openssl_crypto:mergeDebugGeneratedProguardFiles', task ':flutter_openssl_crypto:mergeDebugConsumerProguardFiles', task ':flutter_openssl_crypto:prepareDebugArtProfile', task ':flutter_openssl_crypto:prepareLintJarForPublish', task ':flutter_openssl_crypto:mergeDebugJavaResource', task ':flutter_openssl_crypto:syncDebugLibJars', task ':flutter_openssl_crypto:bundleDebugAar', task ':flutter_openssl_crypto:assembleDebug', task ':integration_test:stripDebugDebugSymbols', task ':integration_test:copyDebugJniLibsProjectAndLocalJars', task ':integration_test:extractDebugAnnotations', task ':integration_test:extractDeepLinksForAarDebug', task ':integration_test:mergeDebugGeneratedProguardFiles', task ':integration_test:mergeDebugConsumerProguardFiles', task ':integration_test:prepareDebugArtProfile', task ':integration_test:prepareLintJarForPublish', task ':integration_test:mergeDebugJavaResource', task ':integration_test:syncDebugLibJars', task ':integration_test:bundleDebugAar', task ':integration_test:assembleDebug', task ':path_provider_android:stripDebugDebugSymbols', task ':path_provider_android:copyDebugJniLibsProjectAndLocalJars', task ':path_provider_android:extractDebugAnnotations', task ':path_provider_android:extractDeepLinksForAarDebug', task ':path_provider_android:mergeDebugGeneratedProguardFiles', task ':path_provider_android:mergeDebugConsumerProguardFiles', task ':path_provider_android:prepareDebugArtProfile', task ':path_provider_android:prepareLintJarForPublish', task ':path_provider_android:mergeDebugJavaResource', task ':path_provider_android:syncDebugLibJars', task ':path_provider_android:bundleDebugAar', task ':path_provider_android:assembleDebug', task ':quill_native_bridge_android:stripDebugDebugSymbols', task ':quill_native_bridge_android:copyDebugJniLibsProjectAndLocalJars', task ':quill_native_bridge_android:extractDebugAnnotations', task ':quill_native_bridge_android:extractDeepLinksForAarDebug', task ':quill_native_bridge_android:mergeDebugGeneratedProguardFiles', task ':quill_native_bridge_android:mergeDebugConsumerProguardFiles', task ':quill_native_bridge_android:prepareDebugArtProfile', task ':quill_native_bridge_android:prepareLintJarForPublish', task ':quill_native_bridge_android:mergeDebugJavaResource', task ':quill_native_bridge_android:syncDebugLibJars', task ':quill_native_bridge_android:bundleDebugAar', task ':quill_native_bridge_android:assembleDebug', task ':shared_preferences_android:stripDebugDebugSymbols', task ':shared_preferences_android:copyDebugJniLibsProjectAndLocalJars', task ':shared_preferences_android:extractDebugAnnotations', task ':shared_preferences_android:extractDeepLinksForAarDebug', task ':shared_preferences_android:mergeDebugGeneratedProguardFiles', task ':shared_preferences_android:mergeDebugConsumerProguardFiles', task ':shared_preferences_android:prepareDebugArtProfile', task ':shared_preferences_android:prepareLintJarForPublish', task ':shared_preferences_android:mergeDebugJavaResource', task ':shared_preferences_android:syncDebugLibJars', task ':shared_preferences_android:bundleDebugAar', task ':shared_preferences_android:assembleDebug', task ':sqflite_android:stripDebugDebugSymbols', task ':sqflite_android:copyDebugJniLibsProjectAndLocalJars', task ':sqflite_android:extractDebugAnnotations', task ':sqflite_android:extractDeepLinksForAarDebug', task ':sqflite_android:mergeDebugGeneratedProguardFiles', task ':sqflite_android:mergeDebugConsumerProguardFiles', task ':sqflite_android:prepareDebugArtProfile', task ':sqflite_android:prepareLintJarForPublish', task ':sqflite_android:mergeDebugJavaResource', task ':sqflite_android:syncDebugLibJars', task ':sqflite_android:bundleDebugAar', task ':sqflite_android:assembleDebug', task ':url_launcher_android:stripDebugDebugSymbols', task ':url_launcher_android:copyDebugJniLibsProjectAndLocalJars', task ':url_launcher_android:extractDebugAnnotations', task ':url_launcher_android:extractDeepLinksForAarDebug', task ':url_launcher_android:mergeDebugGeneratedProguardFiles', task ':url_launcher_android:mergeDebugConsumerProguardFiles', task ':url_launcher_android:prepareDebugArtProfile', task ':url_launcher_android:prepareLintJarForPublish', task ':url_launcher_android:mergeDebugJavaResource', task ':url_launcher_android:syncDebugLibJars', task ':url_launcher_android:bundleDebugAar', task ':url_launcher_android:assembleDebug', task ':video_player_android:stripDebugDebugSymbols', task ':video_player_android:copyDebugJniLibsProjectAndLocalJars', task ':video_player_android:extractDebugAnnotations', task ':video_player_android:extractDeepLinksForAarDebug', task ':video_player_android:mergeDebugGeneratedProguardFiles', task ':video_player_android:mergeDebugConsumerProguardFiles', task ':video_player_android:prepareDebugArtProfile', task ':video_player_android:prepareLintJarForPublish', task ':video_player_android:mergeDebugJavaResource', task ':video_player_android:syncDebugLibJars', task ':video_player_android:bundleDebugAar', task ':video_player_android:assembleDebug']
[        ] Tasks that were excluded: []
[        ] work action Parameters of ClassesDirToClassesTransform (Thread[#44052,Execution worker Thread 26,5,main]) started.
[        ] work action Parameters of DexingNoClasspathTransform (Thread[#44052,Execution worker Thread 26,5,main]) started.
[        ] Resolve mutations for :app:preBuild (Thread[#44052,Execution worker Thread 26,5,main]) started.
[        ] :app:preBuild (Thread[#44052,Execution worker Thread 26,5,main]) started.
[        ] > Task :app:preBuild UP-TO-DATE
[        ] Skipping task ':app:preBuild' as it has no actions.
[        ] Resolve mutations for :app:preDebugBuild (Thread[#44052,Execution worker Thread 26,5,main]) started.
[        ] :app:preDebugBuild (Thread[#44042,Execution worker Thread 16,5,main]) started.
[        ] > Task :app:preDebugBuild UP-TO-DATE
[        ] Skipping task ':app:preDebugBuild' as it has no actions.
[        ] Resolve mutations for :app:mergeDebugNativeDebugMetadata (Thread[#44042,Execution worker Thread 16,5,main]) started.
[        ] :app:mergeDebugNativeDebugMetadata (Thread[#44042,Execution worker Thread 16,5,main]) started.
[        ] > Task :app:mergeDebugNativeDebugMetadata NO-SOURCE
[        ] Skipping task ':app:mergeDebugNativeDebugMetadata' as it has no source files and no previous output files.
[        ] Resolve mutations for :app:checkKotlinGradlePluginConfigurationErrors (Thread[#44042,Execution worker Thread 16,5,main]) started.
[        ] :app:checkKotlinGradlePluginConfigurationErrors (Thread[#44042,Execution worker Thread 16,5,main]) started.
[        ] > Task :app:checkKotlinGradlePluginConfigurationErrors SKIPPED
[        ] Skipping task ':app:checkKotlinGradlePluginConfigurationErrors' as task onlyIf 'errorDiagnostics are present' is false.
[        ] Resolve mutations for :app:compileFlutterBuildDebug (Thread[#44042,Execution worker Thread 16,5,main]) started.
[        ] :app:compileFlutterBuildDebug (Thread[#44042,Execution worker Thread 16,5,main]) started.
16:42 +12 -37: loading /Users/florian/Code/substitution/integration_test/room_discovery_with_matrix_test.dart                                                                                          16:43 +12 -37: loading /Users/florian/Code/substitution/integration_test/room_discovery_with_matrix_test.dart                                                                                          [+2001 ms] > Task :app:compileFlutterBuildDebug
[        ] Caching disabled for task ':app:compileFlutterBuildDebug' because:
[        ]   Build cache is disabled
[        ]   Caching has not been enabled for the task
[        ] Task ':app:compileFlutterBuildDebug' is not up-to-date because:
[        ]   Value of input property 'targetPath' has changed for task ':app:compileFlutterBuildDebug'
[        ] Starting process 'command '/opt/homebrew/share/flutter/bin/flutter''. Working directory: /Users/florian/Code/substitution Command: /opt/homebrew/share/flutter/bin/flutter --verbose assemble --no-version-check --depfile /Users/florian/Code/substitution/build/app/intermediates/flutter/debug/flutter_build.d --output /Users/florian/Code/substitution/build/app/intermediates/flutter/debug -dTargetFile=/var/folders/l_/w8pnbb9d38n57pzg9j98fmy80000gn/T/flutter_tools.wuOse9/flutter_test_listener.C6iD1d/listener.dart -dTargetPlatform=android -dBuildMode=debug -dTrackWidgetCreation=true --DartDefines=TUFUUklYX1NFUlZFUj1odHRwOi8vbG9jYWxob3N0OjgwMDg=,TUFUUklYX1RFU1RfVVNFUj0=,TUFUUklYX1RFU1RfUEFTU1dPUkQ9,RkxVVFRFUl9WRVJTSU9OPTMuMzguOQ==,RkxVVFRFUl9DSEFOTkVMPXN0YWJsZQ==,RkxVVFRFUl9HSVRfVVJMPWh0dHBzOi8vZ2l0aHViLmNvbS9mbHV0dGVyL2ZsdXR0ZXIuZ2l0,RkxVVFRFUl9GUkFNRVdPUktfUkVWSVNJT049NjczMjNkZTI4NQ==,RkxVVFRFUl9FTkdJTkVfUkVWSVNJT049NTg3YzE4Zjg3Mw==,RkxVVFRFUl9EQVJUX1ZFUlNJT049My4xMC44,SU5URUdSQVRJT05fVEVTVF9TSE9VTERfUkVQT1JUX1JFU1VMVFNfVE9fTkFUSVZFPWZhbHNl -dFlavor= -dAndroidArchs=android-arm64 -dMinSdkVersion=24 debug_android_application
[        ] Successfully started process 'command '/opt/homebrew/share/flutter/bin/flutter''
[        ] [  +21 ms] executing: sysctl hw.optional.arm64
[        ] [   +3 ms] Exit code 0 from: sysctl hw.optional.arm64
[        ] [        ] hw.optional.arm64: 1
[        ] [   +3 ms] Artifact Instance of 'MaterialFonts' is not required, skipping update.
[        ] [        ] Artifact Instance of 'GradleWrapper' is not required, skipping update.
[        ] [        ] Artifact Instance of 'AndroidGenSnapshotArtifacts' is not required, skipping update.
[        ] [        ] Artifact Instance of 'AndroidInternalBuildArtifacts' is not required, skipping update.
[        ] [        ] Artifact Instance of 'IOSEngineArtifacts' is not required, skipping update.
[        ] [        ] Artifact Instance of 'FlutterWebSdk' is not required, skipping update.
[        ] [        ] Artifact Instance of 'LegacyCanvasKitRemover' is not required, skipping update.
[        ] [        ] Artifact Instance of 'FlutterSdk' is not required, skipping update.
[        ] [        ] Artifact Instance of 'WindowsEngineArtifacts' is not required, skipping update.
[        ] [        ] Artifact Instance of 'MacOSEngineArtifacts' is not required, skipping update.
[        ] [        ] Artifact Instance of 'LinuxEngineArtifacts' is not required, skipping update.
[        ] [        ] Artifact Instance of 'LinuxFuchsiaSDKArtifacts' is not required, skipping update.
[        ] [        ] Artifact Instance of 'MacOSFuchsiaSDKArtifacts' is not required, skipping update.
[        ] [        ] Artifact Instance of 'FlutterRunnerSDKArtifacts' is not required, skipping update.
[        ] [        ] Artifact Instance of 'FlutterRunnerDebugSymbols' is not required, skipping update.
[        ] [        ] Artifact Instance of 'IosUsbArtifacts' is not required, skipping update.
[        ] [        ] Artifact Instance of 'IosUsbArtifacts' is not required, skipping update.
[        ] [        ] Artifact Instance of 'IosUsbArtifacts' is not required, skipping update.
[        ] [        ] Artifact Instance of 'IosUsbArtifacts' is not required, skipping update.
[        ] [        ] Artifact Instance of 'IosUsbArtifacts' is not required, skipping update.
[        ] [        ] Artifact Instance of 'IosUsbArtifacts' is not required, skipping update.
[        ] [        ] Artifact Instance of 'FontSubsetArtifacts' is not required, skipping update.
[        ] [        ] Artifact Instance of 'PubDependencies' is not required, skipping update.
[        ] [   +3 ms] Artifact Instance of 'AndroidGenSnapshotArtifacts' is not required, skipping update.
[        ] [        ] Artifact Instance of 'AndroidInternalBuildArtifacts' is not required, skipping update.
[        ] [        ] Artifact Instance of 'IOSEngineArtifacts' is not required, skipping update.
[        ] [        ] Artifact Instance of 'FlutterWebSdk' is not required, skipping update.
[        ] [        ] Artifact Instance of 'FlutterEngineStamp' is not required, skipping update.
[        ] [        ] Artifact Instance of 'LegacyCanvasKitRemover' is not required, skipping update.
[        ] [        ] Artifact Instance of 'WindowsEngineArtifacts' is not required, skipping update.
[        ] [        ] Artifact Instance of 'MacOSEngineArtifacts' is not required, skipping update.
[        ] [        ] Artifact Instance of 'LinuxEngineArtifacts' is not required, skipping update.
[        ] [        ] Artifact Instance of 'LinuxFuchsiaSDKArtifacts' is not required, skipping update.
[        ] [        ] Artifact Instance of 'MacOSFuchsiaSDKArtifacts' is not required, skipping update.
[        ] [        ] Artifact Instance of 'FlutterRunnerSDKArtifacts' is not required, skipping update.
[        ] [        ] Artifact Instance of 'FlutterRunnerDebugSymbols' is not required, skipping update.
[        ] [  +24 ms] Artifact Instance of 'MaterialFonts' is not required, skipping update.
[        ] [        ] Artifact Instance of 'GradleWrapper' is not required, skipping update.
[        ] [        ] Artifact Instance of 'AndroidInternalBuildArtifacts' is not required, skipping update.
[        ] [        ] Artifact Instance of 'IOSEngineArtifacts' is not required, skipping update.
[        ] [        ] Artifact Instance of 'FlutterWebSdk' is not required, skipping update.
[        ] [        ] Artifact Instance of 'FlutterEngineStamp' is not required, skipping update.
[        ] [        ] Artifact Instance of 'LegacyCanvasKitRemover' is not required, skipping update.
[        ] [        ] Artifact Instance of 'FlutterSdk' is not required, skipping update.
[        ] [        ] Artifact Instance of 'WindowsEngineArtifacts' is not required, skipping update.
[        ] [        ] Artifact Instance of 'MacOSEngineArtifacts' is not required, skipping update.
[        ] [        ] Artifact Instance of 'LinuxEngineArtifacts' is not required, skipping update.
[        ] [        ] Artifact Instance of 'LinuxFuchsiaSDKArtifacts' is not required, skipping update.
[        ] [        ] Artifact Instance of 'MacOSFuchsiaSDKArtifacts' is not required, skipping update.
[        ] [        ] Artifact Instance of 'FlutterRunnerSDKArtifacts' is not required, skipping update.
[        ] [        ] Artifact Instance of 'FlutterRunnerDebugSymbols' is not required, skipping update.
[        ] [        ] Artifact Instance of 'IosUsbArtifacts' is not required, skipping update.
[        ] [        ] Artifact Instance of 'IosUsbArtifacts' is not required, skipping update.
[        ] [        ] Artifact Instance of 'IosUsbArtifacts' is not required, skipping update.
[        ] [        ] Artifact Instance of 'IosUsbArtifacts' is not required, skipping update.
[        ] [        ] Artifact Instance of 'IosUsbArtifacts' is not required, skipping update.
[        ] [        ] Artifact Instance of 'IosUsbArtifacts' is not required, skipping update.
[        ] [        ] Artifact Instance of 'FontSubsetArtifacts' is not required, skipping update.
[        ] [        ] Artifact Instance of 'PubDependencies' is not required, skipping update.
[        ] [  +20 ms] Initializing file store
[        ] [  +12 ms] dart_build: Starting due to {}
[        ] [        ] Skipping target: gen_localizations
[        ] [        ] gen_dart_plugin_registrant: Starting due to {InvalidatedReasonKind.outputSetAddition: The following outputs were added to the output set: /Users/florian/Code/substitution/.dart_tool/flutter_build/dart_plugin_registrant.dart, InvalidatedReasonKind.inputChanged: The following inputs have updated contents: /Users/florian/Code/substitution/.dart_tool/package_config.json}
[        ] [  +44 ms] Found plugin integration_test at /opt/homebrew/share/flutter/packages/integration_test/
[        ] [  +18 ms] Found plugin flutter_native_splash at /Users/florian/.pub-cache/hosted/pub.dev/flutter_native_splash-2.4.7/
[        ] [  +12 ms] Building native assets for android_arm64.
[        ] [  +23 ms] Found plugin connectivity_plus at /Users/florian/.pub-cache/hosted/pub.dev/connectivity_plus-5.0.2/
[        ] [   +6 ms] input.json contents:
[        ]            {
[        ]              "assets": {},
[        ]              "config": {
[        ]                "build_asset_types": [
[        ]                  "code_assets/code"
[        ]                ],
[        ]                "extensions": {
[        ]                  "code_assets": {
[        ]                    "android": {
[        ]                      "target_ndk_api": 24
[        ]                    },
[        ]                    "c_compiler": {
[        ]                      "ar": "/Users/florian/Library/Android/sdk/ndk/28.2.13676358/toolchains/llvm/prebuilt/darwin-x86_64/bin/llvm-ar",
[        ]                      "cc": "/Users/florian/Library/Android/sdk/ndk/28.2.13676358/toolchains/llvm/prebuilt/darwin-x86_64/bin/clang",
[        ]                      "ld": "/Users/florian/Library/Android/sdk/ndk/28.2.13676358/toolchains/llvm/prebuilt/darwin-x86_64/bin/ld.lld"
[        ]                    },
[        ]                    "link_mode_preference": "dynamic",
[        ]                    "target_architecture": "arm64",
[        ]                    "target_os": "android"
[        ]                  }
[        ]                },
[        ]                "linking_enabled": false
[        ]              },
[        ]              "out_dir_shared": "/Users/florian/Code/substitution/.dart_tool/hooks_runner/shared/objective_c/build/",
[        ]              "out_file": "/Users/florian/Code/substitution/.dart_tool/hooks_runner/objective_c/842b8c761140c2c0e73191c57a372e73/output.json",
[        ]              "package_name": "objective_c",
[        ]              "package_root": "/Users/florian/.pub-cache/hosted/pub.dev/objective_c-9.2.5/",
[        ]              "user_defines": {}
[        ]            }
[        ] [   +2 ms] output.json contents:
[        ]            {
[        ]              "assets_for_linking": {},
[        ]              "status": "success",
[        ]              "timestamp": "2026-02-16 21:57:23.000"
[        ]            }
[        ] [   +1 ms] Skipping build for objective_c in /Users/florian/Code/substitution/.dart_tool/hooks_runner/objective_c/842b8c761140c2c0e73191c57a372e73/. Last build on 2026-02-16 21:57:23.000.
[        ] [   +2 ms] Building native assets for android_arm64 done.
[        ] [   +1 ms] dart_build: Complete
[        ] [   +1 ms] install_code_assets: Starting due to {}
[        ] [   +1 ms] Writing native assets json to file:///Users/florian/Code/substitution/.dart_tool/flutter_build/0512e66890ca00df81f9264de5583a73/native_assets.json.
[        ] [        ] Found plugin video_player at /Users/florian/.pub-cache/hosted/pub.dev/video_player-2.10.1/
[        ] [        ] Found plugin video_player_web at /Users/florian/.pub-cache/hosted/pub.dev/video_player_web-2.4.0/
[        ] [        ] Writing /Users/florian/Code/substitution/.dart_tool/flutter_build/0512e66890ca00df81f9264de5583a73/native_assets.json done.
[        ] [        ] install_code_assets: Complete
[        ] [   +1 ms] Found plugin video_player_avfoundation at /Users/florian/.pub-cache/hosted/pub.dev/video_player_avfoundation-2.9.1/
[        ] [        ] Found plugin video_player_android at /Users/florian/.pub-cache/hosted/pub.dev/video_player_android-2.9.1/
[        ] [        ] Found plugin url_launcher at /Users/florian/.pub-cache/hosted/pub.dev/url_launcher-6.3.2/
[        ] [        ] Found plugin url_launcher_windows at /Users/florian/.pub-cache/hosted/pub.dev/url_launcher_windows-3.1.5/
[        ] [        ] Found plugin url_launcher_web at /Users/florian/.pub-cache/hosted/pub.dev/url_launcher_web-2.4.2/
[        ] [        ] Found plugin url_launcher_macos at /Users/florian/.pub-cache/hosted/pub.dev/url_launcher_macos-3.2.5/
[        ] [        ] Found plugin url_launcher_linux at /Users/florian/.pub-cache/hosted/pub.dev/url_launcher_linux-3.2.2/
[        ] [        ] Found plugin url_launcher_ios at /Users/florian/.pub-cache/hosted/pub.dev/url_launcher_ios-6.3.6/
[        ] [        ] Found plugin url_launcher_android at /Users/florian/.pub-cache/hosted/pub.dev/url_launcher_android-6.3.28/
[        ] [   +2 ms] Found plugin sqflite at /Users/florian/.pub-cache/hosted/pub.dev/sqflite-2.4.2/
[        ] [        ] Found plugin sqflite_darwin at /Users/florian/.pub-cache/hosted/pub.dev/sqflite_darwin-2.4.2/
[        ] [        ] Found plugin sqflite_android at /Users/florian/.pub-cache/hosted/pub.dev/sqflite_android-2.4.2+2/
[        ] [   +1 ms] Found plugin path_provider at /Users/florian/.pub-cache/hosted/pub.dev/path_provider-2.1.5/
[        ] [        ] Found plugin path_provider_windows at /Users/florian/.pub-cache/hosted/pub.dev/path_provider_windows-2.3.0/
[        ] [        ] Found plugin path_provider_linux at /Users/florian/.pub-cache/hosted/pub.dev/path_provider_linux-2.2.1/
[        ] [        ] Found plugin path_provider_foundation at /Users/florian/.pub-cache/hosted/pub.dev/path_provider_foundation-2.6.0/
[        ] [   +3 ms] Found plugin path_provider_android at /Users/florian/.pub-cache/hosted/pub.dev/path_provider_android-2.2.22/
[        ] [  +20 ms] Found plugin flutter_keyboard_visibility_temp_fork at /Users/florian/.pub-cache/hosted/pub.dev/flutter_keyboard_visibility_temp_fork-0.1.5/
[        ] [        ] Found plugin flutter_keyboard_visibility_windows at /Users/florian/.pub-cache/hosted/pub.dev/flutter_keyboard_visibility_windows-1.0.0/
[        ] [   +1 ms] Found plugin flutter_keyboard_visibility_macos at /Users/florian/.pub-cache/hosted/pub.dev/flutter_keyboard_visibility_macos-1.0.0/
[        ] [        ] Found plugin flutter_keyboard_visibility_linux at /Users/florian/.pub-cache/hosted/pub.dev/flutter_keyboard_visibility_linux-1.0.0/
[        ] [   +8 ms] Found plugin quill_native_bridge at /Users/florian/.pub-cache/hosted/pub.dev/quill_native_bridge-11.1.0/
[        ] [        ] Found plugin quill_native_bridge_windows at /Users/florian/.pub-cache/hosted/pub.dev/quill_native_bridge_windows-0.0.2/
[        ] [  +15 ms] Found plugin file_selector_windows at /Users/florian/.pub-cache/hosted/pub.dev/file_selector_windows-0.9.3+5/
[        ] [   +2 ms] Found plugin quill_native_bridge_web at /Users/florian/.pub-cache/hosted/pub.dev/quill_native_bridge_web-0.0.2/
[        ] [        ] Found plugin quill_native_bridge_macos at /Users/florian/.pub-cache/hosted/pub.dev/quill_native_bridge_macos-0.0.1/
[        ] [   +1 ms] Found plugin quill_native_bridge_ios at /Users/florian/.pub-cache/hosted/pub.dev/quill_native_bridge_ios-0.0.1/
[        ] [   +1 ms] Found plugin quill_native_bridge_android at /Users/florian/.pub-cache/hosted/pub.dev/quill_native_bridge_android-0.0.1+2/
[        ] [   +6 ms] Found plugin flutter_openssl_crypto at /Users/florian/.pub-cache/hosted/pub.dev/flutter_openssl_crypto-0.5.0/
[        ] [   +1 ms] Found plugin flutter_olm at /Users/florian/.pub-cache/hosted/pub.dev/flutter_olm-2.0.0/
[        ] [   +3 ms] Found plugin file_selector at /Users/florian/.pub-cache/hosted/pub.dev/file_selector-1.1.0/
[        ] [   +1 ms] Found plugin file_selector_web at /Users/florian/.pub-cache/hosted/pub.dev/file_selector_web-0.9.4+2/
[        ] [   +1 ms] Found plugin file_selector_macos at /Users/florian/.pub-cache/hosted/pub.dev/file_selector_macos-0.9.5/
[        ] [   +1 ms] Found plugin file_selector_linux at /Users/florian/.pub-cache/hosted/pub.dev/file_selector_linux-0.9.4/
[        ] [   +1 ms] Found plugin file_selector_ios at /Users/florian/.pub-cache/hosted/pub.dev/file_selector_ios-0.5.3+5/
[        ] [   +1 ms] Found plugin file_selector_android at /Users/florian/.pub-cache/hosted/pub.dev/file_selector_android-0.5.2+4/
[        ] [   +1 ms] Found plugin emoji_picker_flutter at /Users/florian/.pub-cache/hosted/pub.dev/emoji_picker_flutter-4.4.0/
[        ] [   +1 ms] Found plugin shared_preferences at /Users/florian/.pub-cache/hosted/pub.dev/shared_preferences-2.5.4/
[        ] [   +2 ms] Found plugin shared_preferences_windows at /Users/florian/.pub-cache/hosted/pub.dev/shared_preferences_windows-2.4.1/
[        ] [   +2 ms] Found plugin shared_preferences_web at /Users/florian/.pub-cache/hosted/pub.dev/shared_preferences_web-2.4.3/
[        ] [        ] Found plugin shared_preferences_linux at /Users/florian/.pub-cache/hosted/pub.dev/shared_preferences_linux-2.4.1/
[        ] [   +1 ms] Found plugin shared_preferences_foundation at /Users/florian/.pub-cache/hosted/pub.dev/shared_preferences_foundation-2.5.6/
[        ] [        ] Found plugin shared_preferences_android at /Users/florian/.pub-cache/hosted/pub.dev/shared_preferences_android-2.4.20/
[        ] [  +22 ms] Skipping generating dart_plugin_registrant.dart because it is up-to-date.
[        ] [        ] gen_dart_plugin_registrant: Complete
[        ] [   +1 ms] kernel_snapshot_program: Starting due to {}
[        ] [   +6 ms] /opt/homebrew/share/flutter/bin/cache/dart-sdk/bin/dartaotruntime /opt/homebrew/share/flutter/bin/cache/dart-sdk/bin/snapshots/frontend_server_aot.dart.snapshot --sdk-root /opt/homebrew/share/flutter/bin/cache/artifacts/engine/common/flutter_patched_sdk/ --target=flutter --no-print-incremental-dependencies -DMATRIX_SERVER=http://localhost:8008 -DMATRIX_TEST_USER= -DMATRIX_TEST_PASSWORD= -DFLUTTER_VERSION=3.38.9 -DFLUTTER_CHANNEL=stable -DFLUTTER_GIT_URL=https://github.com/flutter/flutter.git -DFLUTTER_FRAMEWORK_REVISION=67323de285 -DFLUTTER_ENGINE_REVISION=587c18f873 -DFLUTTER_DART_VERSION=3.10.8 -DINTEGRATION_TEST_SHOULD_REPORT_RESULTS_TO_NATIVE=false -DFLUTTER_APP_FLAVOR= -Ddart.vm.profile=false -Ddart.vm.product=false --enable-asserts --track-widget-creation --no-link-platform --packages /Users/florian/Code/substitution/.dart_tool/package_config.json --output-dill /Users/florian/Code/substitution/.dart_tool/flutter_build/0512e66890ca00df81f9264de5583a73/app.dill --depfile /Users/florian/Code/substitution/.dart_tool/flutter_build/0512e66890ca00df81f9264de5583a73/kernel_snapshot_program.d --incremental --initialize-from-dill /Users/florian/Code/substitution/.dart_tool/flutter_build/0512e66890ca00df81f9264de5583a73/app.dill --source file:///Users/florian/Code/substitution/.dart_tool/flutter_build/dart_plugin_registrant.dart --source package:flutter/src/dart_plugin_registrant.dart -Dflutter.dart_plugin_registrant=file:///Users/florian/Code/substitution/.dart_tool/flutter_build/dart_plugin_registrant.dart --verbosity=error file:///var/folders/l_/w8pnbb9d38n57pzg9j98fmy80000gn/T/flutter_tools.wuOse9/flutter_test_listener.C6iD1d/listener.dart
16:44 +12 -37: loading /Users/florian/Code/substitution/integration_test/room_discovery_with_matrix_test.dart                                                                                          16:45 +12 -37: loading /Users/florian/Code/substitution/integration_test/room_discovery_with_matrix_test.dart                                                                                          16:46 +12 -37: loading /Users/florian/Code/substitution/integration_test/room_discovery_with_matrix_test.dart                                                                                          16:47 +12 -37: loading /Users/florian/Code/substitution/integration_test/room_discovery_with_matrix_test.dart                                                                                          16:48 +12 -37: loading /Users/florian/Code/substitution/integration_test/room_discovery_with_matrix_test.dart                                                                                          [+5797 ms] [+7390 ms] kernel_snapshot_program: Complete
16:49 +12 -37: loading /Users/florian/Code/substitution/integration_test/room_discovery_with_matrix_test.dart                                                                                          16:50 +12 -37: loading /Users/florian/Code/substitution/integration_test/room_discovery_with_matrix_test.dart                                                                                          [+1195 ms] [+1113 ms] debug_android_application: Starting due to {}
[ +101 ms] [ +104 ms] Manifest contained wildcard assets. Inserting missing file into build graph to force rerun. for more information see #56466.
[        ] [   +3 ms] shaderc command: [/opt/homebrew/share/flutter/bin/cache/artifacts/engine/darwin-x64/impellerc, --sksl, --runtime-stage-gles, --runtime-stage-gles3, --runtime-stage-vulkan, --iplr, --sl=/Users/florian/Code/substitution/build/app/intermediates/flutter/debug/flutter_assets/shaders/ink_sparkle.frag, --spirv=/Users/florian/Code/substitution/build/app/intermediates/flutter/debug/flutter_assets/shaders/ink_sparkle.frag.spirv, --input=/opt/homebrew/share/flutter/packages/flutter/lib/src/material/shaders/ink_sparkle.frag, --input-type=frag, --include=/opt/homebrew/share/flutter/packages/flutter/lib/src/material/shaders, --include=/opt/homebrew/share/flutter/bin/cache/artifacts/engine/darwin-x64/shader_lib]
[        ] [        ] shaderc command: [/opt/homebrew/share/flutter/bin/cache/artifacts/engine/darwin-x64/impellerc, --sksl, --runtime-stage-gles, --runtime-stage-gles3, --runtime-stage-vulkan, --iplr, --sl=/Users/florian/Code/substitution/build/app/intermediates/flutter/debug/flutter_assets/shaders/stretch_effect.frag, --spirv=/Users/florian/Code/substitution/build/app/intermediates/flutter/debug/flutter_assets/shaders/stretch_effect.frag.spirv, --input=/opt/homebrew/share/flutter/packages/flutter/lib/src/material/shaders/stretch_effect.frag, --input-type=frag, --include=/opt/homebrew/share/flutter/packages/flutter/lib/src/material/shaders, --include=/opt/homebrew/share/flutter/bin/cache/artifacts/engine/darwin-x64/shader_lib]
[ +298 ms] [ +321 ms] debug_android_application: Complete
16:51 +12 -37: loading /Users/florian/Code/substitution/integration_test/room_discovery_with_matrix_test.dart                                                                                          [ +904 ms] [ +936 ms] Persisting file store
[        ] [   +6 ms] Done persisting file store
[        ] [  +15 ms] build succeeded.
[  +95 ms] [   +3 ms] "flutter assemble" took 10.210ms.
[        ] [   +2 ms] executing: sw_vers -productName
[        ] [   +9 ms] Exit code 0 from: sw_vers -productName
[        ] [        ] macOS
[        ] [        ] executing: sw_vers -productVersion
[        ] [   +7 ms] Exit code 0 from: sw_vers -productVersion
[        ] [        ] 26.1
[        ] [        ] executing: sw_vers -buildVersion
[        ] [   +8 ms] Exit code 0 from: sw_vers -buildVersion
[        ] [        ] 25B78
[        ] [        ] executing: uname -m
[        ] [   +2 ms] Exit code 0 from: uname -m
[        ] [        ] arm64
[        ] [  +20 ms] Running 1 shutdown hook
[        ] [        ] Shutdown hooks complete
[ +102 ms] [  +52 ms] exiting with code 0
[  +95 ms] Resolve mutations for :app:packJniLibsflutterBuildDebug (Thread[#44042,Execution worker Thread 16,5,main]) started.
[        ] :app:packJniLibsflutterBuildDebug (Thread[#44042,Execution worker Thread 16,5,main]) started.
[        ] > Task :app:packJniLibsflutterBuildDebug UP-TO-DATE
[        ] Caching disabled for task ':app:packJniLibsflutterBuildDebug' because:
[        ]   Build cache is disabled
[        ]   Not worth caching
[        ] Skipping task ':app:packJniLibsflutterBuildDebug' as it is up-to-date.
[        ] Resolve mutations for :connectivity_plus:preBuild (Thread[#44042,Execution worker Thread 16,5,main]) started.
[        ] :connectivity_plus:preBuild (Thread[#44042,Execution worker Thread 16,5,main]) started.
[        ] > Task :connectivity_plus:preBuild UP-TO-DATE
[        ] Skipping task ':connectivity_plus:preBuild' as it has no actions.
[        ] Resolve mutations for :connectivity_plus:preDebugBuild (Thread[#44042,Execution worker Thread 16,5,main]) started.
[        ] :connectivity_plus:preDebugBuild (Thread[#44037,Execution worker Thread 11,5,main]) started.
[        ] > Task :connectivity_plus:preDebugBuild UP-TO-DATE
[        ] Skipping task ':connectivity_plus:preDebugBuild' as it has no actions.
[        ] Resolve mutations for :connectivity_plus:writeDebugAarMetadata (Thread[#44037,Execution worker Thread 11,5,main]) started.
[        ] :connectivity_plus:writeDebugAarMetadata (Thread[#44037,Execution worker Thread 11,5,main]) started.
[        ] > Task :connectivity_plus:writeDebugAarMetadata UP-TO-DATE
[        ] Caching disabled for task ':connectivity_plus:writeDebugAarMetadata' because:
[        ]   Build cache is disabled
[        ]   Caching has been disabled for the task
[        ] Skipping task ':connectivity_plus:writeDebugAarMetadata' as it is up-to-date.
[        ] work action resolve aar-metadata.properties (project :connectivity_plus) (Thread[#44037,Execution worker Thread 11,5,main]) started.
[        ] Resolve mutations for :emoji_picker_flutter:preBuild (Thread[#44037,Execution worker Thread 11,5,main]) started.
[        ] :emoji_picker_flutter:preBuild (Thread[#44034,Execution worker Thread 8,5,main]) started.
[        ] > Task :emoji_picker_flutter:preBuild UP-TO-DATE
[        ] Skipping task ':emoji_picker_flutter:preBuild' as it has no actions.
[        ] Resolve mutations for :emoji_picker_flutter:preDebugBuild (Thread[#44034,Execution worker Thread 8,5,main]) started.
[        ] :emoji_picker_flutter:preDebugBuild (Thread[#44044,Execution worker Thread 18,5,main]) started.
[        ] > Task :emoji_picker_flutter:preDebugBuild UP-TO-DATE
[        ] Skipping task ':emoji_picker_flutter:preDebugBuild' as it has no actions.
[        ] Resolve mutations for :emoji_picker_flutter:writeDebugAarMetadata (Thread[#44044,Execution worker Thread 18,5,main]) started.
[        ] :emoji_picker_flutter:writeDebugAarMetadata (Thread[#44044,Execution worker Thread 18,5,main]) started.
[        ] > Task :emoji_picker_flutter:writeDebugAarMetadata UP-TO-DATE
[        ] Caching disabled for task ':emoji_picker_flutter:writeDebugAarMetadata' because:
[        ]   Build cache is disabled
[        ]   Caching has been disabled for the task
[        ] Skipping task ':emoji_picker_flutter:writeDebugAarMetadata' as it is up-to-date.
[        ] work action resolve aar-metadata.properties (project :emoji_picker_flutter) (Thread[#44044,Execution worker Thread 18,5,main]) started.
[        ] Resolve mutations for :file_selector_android:preBuild (Thread[#44044,Execution worker Thread 18,5,main]) started.
[        ] :file_selector_android:preBuild (Thread[#44044,Execution worker Thread 18,5,main]) started.
[        ] > Task :file_selector_android:preBuild UP-TO-DATE
[        ] Skipping task ':file_selector_android:preBuild' as it has no actions.
[        ] Resolve mutations for :file_selector_android:preDebugBuild (Thread[#44044,Execution worker Thread 18,5,main]) started.
[        ] :file_selector_android:preDebugBuild (Thread[#44044,Execution worker Thread 18,5,main]) started.
[        ] > Task :file_selector_android:preDebugBuild UP-TO-DATE
[        ] Skipping task ':file_selector_android:preDebugBuild' as it has no actions.
[        ] Resolve mutations for :file_selector_android:writeDebugAarMetadata (Thread[#44044,Execution worker Thread 18,5,main]) started.
[        ] :file_selector_android:writeDebugAarMetadata (Thread[#44044,Execution worker Thread 18,5,main]) started.
[        ] > Task :file_selector_android:writeDebugAarMetadata UP-TO-DATE
[        ] Caching disabled for task ':file_selector_android:writeDebugAarMetadata' because:
[        ]   Build cache is disabled
[        ]   Caching has been disabled for the task
[        ] Skipping task ':file_selector_android:writeDebugAarMetadata' as it is up-to-date.
[        ] work action resolve aar-metadata.properties (project :file_selector_android) (Thread[#44044,Execution worker Thread 18,5,main]) started.
[        ] Resolve mutations for :flutter_keyboard_visibility_temp_fork:preBuild (Thread[#44044,Execution worker Thread 18,5,main]) started.
[        ] :flutter_keyboard_visibility_temp_fork:preBuild (Thread[#44044,Execution worker Thread 18,5,main]) started.
[        ] > Task :flutter_keyboard_visibility_temp_fork:preBuild UP-TO-DATE
[        ] Skipping task ':flutter_keyboard_visibility_temp_fork:preBuild' as it has no actions.
[        ] Resolve mutations for :flutter_keyboard_visibility_temp_fork:preDebugBuild (Thread[#44044,Execution worker Thread 18,5,main]) started.
[        ] :flutter_keyboard_visibility_temp_fork:preDebugBuild (Thread[#44050,Execution worker Thread 24,5,main]) started.
[        ] > Task :flutter_keyboard_visibility_temp_fork:preDebugBuild UP-TO-DATE
[        ] Skipping task ':flutter_keyboard_visibility_temp_fork:preDebugBuild' as it has no actions.
[        ] Resolve mutations for :flutter_keyboard_visibility_temp_fork:writeDebugAarMetadata (Thread[#44050,Execution worker Thread 24,5,main]) started.
[        ] :flutter_keyboard_visibility_temp_fork:writeDebugAarMetadata (Thread[#44050,Execution worker Thread 24,5,main]) started.
[        ] > Task :flutter_keyboard_visibility_temp_fork:writeDebugAarMetadata UP-TO-DATE
[        ] Caching disabled for task ':flutter_keyboard_visibility_temp_fork:writeDebugAarMetadata' because:
[        ]   Build cache is disabled
[        ]   Caching has been disabled for the task
[        ] Skipping task ':flutter_keyboard_visibility_temp_fork:writeDebugAarMetadata' as it is up-to-date.
[        ] work action resolve aar-metadata.properties (project :flutter_keyboard_visibility_temp_fork) (Thread[#44050,Execution worker Thread 24,5,main]) started.
[        ] Resolve mutations for :flutter_native_splash:preBuild (Thread[#44050,Execution worker Thread 24,5,main]) started.
[        ] :flutter_native_splash:preBuild (Thread[#44050,Execution worker Thread 24,5,main]) started.
[        ] > Task :flutter_native_splash:preBuild UP-TO-DATE
[        ] Skipping task ':flutter_native_splash:preBuild' as it has no actions.
[        ] Resolve mutations for :flutter_native_splash:preDebugBuild (Thread[#44050,Execution worker Thread 24,5,main]) started.
[        ] :flutter_native_splash:preDebugBuild (Thread[#44050,Execution worker Thread 24,5,main]) started.
[        ] > Task :flutter_native_splash:preDebugBuild UP-TO-DATE
[        ] Skipping task ':flutter_native_splash:preDebugBuild' as it has no actions.
[        ] Resolve mutations for :flutter_native_splash:writeDebugAarMetadata (Thread[#44050,Execution worker Thread 24,5,main]) started.
[        ] :flutter_native_splash:writeDebugAarMetadata (Thread[#44050,Execution worker Thread 24,5,main]) started.
[        ] > Task :flutter_native_splash:writeDebugAarMetadata UP-TO-DATE
[        ] Caching disabled for task ':flutter_native_splash:writeDebugAarMetadata' because:
[        ]   Build cache is disabled
[        ]   Caching has been disabled for the task
[        ] Skipping task ':flutter_native_splash:writeDebugAarMetadata' as it is up-to-date.
[        ] work action resolve aar-metadata.properties (project :flutter_native_splash) (Thread[#44050,Execution worker Thread 24,5,main]) started.
[        ] Resolve mutations for :flutter_olm:preBuild (Thread[#44050,Execution worker Thread 24,5,main]) started.
[        ] :flutter_olm:preBuild (Thread[#44050,Execution worker Thread 24,5,main]) started.
[        ] > Task :flutter_olm:preBuild UP-TO-DATE
[        ] Skipping task ':flutter_olm:preBuild' as it has no actions.
[        ] Resolve mutations for :flutter_olm:preDebugBuild (Thread[#44050,Execution worker Thread 24,5,main]) started.
[        ] :flutter_olm:preDebugBuild (Thread[#44050,Execution worker Thread 24,5,main]) started.
[        ] > Task :flutter_olm:preDebugBuild UP-TO-DATE
[        ] Skipping task ':flutter_olm:preDebugBuild' as it has no actions.
[        ] Resolve mutations for :flutter_olm:writeDebugAarMetadata (Thread[#44050,Execution worker Thread 24,5,main]) started.
[        ] :flutter_olm:writeDebugAarMetadata (Thread[#44050,Execution worker Thread 24,5,main]) started.
[        ] > Task :flutter_olm:writeDebugAarMetadata UP-TO-DATE
[        ] Caching disabled for task ':flutter_olm:writeDebugAarMetadata' because:
[        ]   Build cache is disabled
[        ]   Caching has been disabled for the task
[        ] Skipping task ':flutter_olm:writeDebugAarMetadata' as it is up-to-date.
[        ] work action resolve aar-metadata.properties (project :flutter_olm) (Thread[#44050,Execution worker Thread 24,5,main]) started.
[        ] Resolve mutations for :flutter_openssl_crypto:preBuild (Thread[#44050,Execution worker Thread 24,5,main]) started.
[        ] :flutter_openssl_crypto:preBuild (Thread[#44050,Execution worker Thread 24,5,main]) started.
[        ] > Task :flutter_openssl_crypto:preBuild UP-TO-DATE
[        ] Skipping task ':flutter_openssl_crypto:preBuild' as it has no actions.
[        ] Resolve mutations for :flutter_openssl_crypto:preDebugBuild (Thread[#44050,Execution worker Thread 24,5,main]) started.
[        ] :flutter_openssl_crypto:preDebugBuild (Thread[#44050,Execution worker Thread 24,5,main]) started.
[        ] > Task :flutter_openssl_crypto:preDebugBuild UP-TO-DATE
[        ] Skipping task ':flutter_openssl_crypto:preDebugBuild' as it has no actions.
[        ] Resolve mutations for :flutter_openssl_crypto:writeDebugAarMetadata (Thread[#44050,Execution worker Thread 24,5,main]) started.
[        ] :flutter_openssl_crypto:writeDebugAarMetadata (Thread[#44050,Execution worker Thread 24,5,main]) started.
[        ] > Task :flutter_openssl_crypto:writeDebugAarMetadata UP-TO-DATE
[        ] Caching disabled for task ':flutter_openssl_crypto:writeDebugAarMetadata' because:
[        ]   Build cache is disabled
[        ]   Caching has been disabled for the task
[        ] Skipping task ':flutter_openssl_crypto:writeDebugAarMetadata' as it is up-to-date.
[        ] work action resolve aar-metadata.properties (project :flutter_openssl_crypto) (Thread[#44050,Execution worker Thread 24,5,main]) started.
[        ] Resolve mutations for :integration_test:preBuild (Thread[#44050,Execution worker Thread 24,5,main]) started.
[        ] :integration_test:preBuild (Thread[#44050,Execution worker Thread 24,5,main]) started.
[        ] > Task :integration_test:preBuild UP-TO-DATE
[        ] Skipping task ':integration_test:preBuild' as it has no actions.
[        ] Resolve mutations for :integration_test:preDebugBuild (Thread[#44050,Execution worker Thread 24,5,main]) started.
[        ] :integration_test:preDebugBuild (Thread[#44050,Execution worker Thread 24,5,main]) started.
[        ] > Task :integration_test:preDebugBuild UP-TO-DATE
[        ] Skipping task ':integration_test:preDebugBuild' as it has no actions.
[        ] Resolve mutations for :integration_test:writeDebugAarMetadata (Thread[#44050,Execution worker Thread 24,5,main]) started.
[        ] :integration_test:writeDebugAarMetadata (Thread[#44050,Execution worker Thread 24,5,main]) started.
[        ] > Task :integration_test:writeDebugAarMetadata UP-TO-DATE
[        ] Caching disabled for task ':integration_test:writeDebugAarMetadata' because:
[        ]   Build cache is disabled
[        ]   Caching has been disabled for the task
[        ] Skipping task ':integration_test:writeDebugAarMetadata' as it is up-to-date.
[        ] work action resolve aar-metadata.properties (project :integration_test) (Thread[#44050,Execution worker Thread 24,5,main]) started.
[        ] Resolve mutations for :path_provider_android:preBuild (Thread[#44050,Execution worker Thread 24,5,main]) started.
[        ] :path_provider_android:preBuild (Thread[#44050,Execution worker Thread 24,5,main]) started.
[        ] > Task :path_provider_android:preBuild UP-TO-DATE
[        ] Skipping task ':path_provider_android:preBuild' as it has no actions.
[        ] Resolve mutations for :path_provider_android:preDebugBuild (Thread[#44050,Execution worker Thread 24,5,main]) started.
[        ] :path_provider_android:preDebugBuild (Thread[#44050,Execution worker Thread 24,5,main]) started.
[        ] > Task :path_provider_android:preDebugBuild UP-TO-DATE
[        ] Skipping task ':path_provider_android:preDebugBuild' as it has no actions.
[        ] Resolve mutations for :path_provider_android:writeDebugAarMetadata (Thread[#44050,Execution worker Thread 24,5,main]) started.
[        ] :path_provider_android:writeDebugAarMetadata (Thread[#44050,Execution worker Thread 24,5,main]) started.
[        ] > Task :path_provider_android:writeDebugAarMetadata UP-TO-DATE
[        ] Caching disabled for task ':path_provider_android:writeDebugAarMetadata' because:
[        ]   Build cache is disabled
[        ]   Caching has been disabled for the task
[        ] Skipping task ':path_provider_android:writeDebugAarMetadata' as it is up-to-date.
[        ] work action resolve aar-metadata.properties (project :path_provider_android) (Thread[#44050,Execution worker Thread 24,5,main]) started.
[        ] Resolve mutations for :quill_native_bridge_android:preBuild (Thread[#44050,Execution worker Thread 24,5,main]) started.
[        ] :quill_native_bridge_android:preBuild (Thread[#44050,Execution worker Thread 24,5,main]) started.
[        ] > Task :quill_native_bridge_android:preBuild UP-TO-DATE
[        ] Skipping task ':quill_native_bridge_android:preBuild' as it has no actions.
[        ] Resolve mutations for :quill_native_bridge_android:preDebugBuild (Thread[#44050,Execution worker Thread 24,5,main]) started.
[        ] :quill_native_bridge_android:preDebugBuild (Thread[#44050,Execution worker Thread 24,5,main]) started.
[        ] > Task :quill_native_bridge_android:preDebugBuild UP-TO-DATE
[        ] Skipping task ':quill_native_bridge_android:preDebugBuild' as it has no actions.
[        ] Resolve mutations for :quill_native_bridge_android:writeDebugAarMetadata (Thread[#44050,Execution worker Thread 24,5,main]) started.
[        ] :quill_native_bridge_android:writeDebugAarMetadata (Thread[#44050,Execution worker Thread 24,5,main]) started.
[        ] > Task :quill_native_bridge_android:writeDebugAarMetadata UP-TO-DATE
[        ] Caching disabled for task ':quill_native_bridge_android:writeDebugAarMetadata' because:
[        ]   Build cache is disabled
[        ]   Caching has been disabled for the task
[        ] Skipping task ':quill_native_bridge_android:writeDebugAarMetadata' as it is up-to-date.
[        ] work action resolve aar-metadata.properties (project :quill_native_bridge_android) (Thread[#44050,Execution worker Thread 24,5,main]) started.
[        ] Resolve mutations for :shared_preferences_android:preBuild (Thread[#44050,Execution worker Thread 24,5,main]) started.
[        ] :shared_preferences_android:preBuild (Thread[#44050,Execution worker Thread 24,5,main]) started.
[        ] > Task :shared_preferences_android:preBuild UP-TO-DATE
[        ] Skipping task ':shared_preferences_android:preBuild' as it has no actions.
[        ] Resolve mutations for :shared_preferences_android:preDebugBuild (Thread[#44050,Execution worker Thread 24,5,main]) started.
[        ] :shared_preferences_android:preDebugBuild (Thread[#44050,Execution worker Thread 24,5,main]) started.
[        ] > Task :shared_preferences_android:preDebugBuild UP-TO-DATE
[        ] Skipping task ':shared_preferences_android:preDebugBuild' as it has no actions.
[        ] Resolve mutations for :shared_preferences_android:writeDebugAarMetadata (Thread[#44050,Execution worker Thread 24,5,main]) started.
[        ] :shared_preferences_android:writeDebugAarMetadata (Thread[#44050,Execution worker Thread 24,5,main]) started.
[        ] > Task :shared_preferences_android:writeDebugAarMetadata UP-TO-DATE
[        ] Caching disabled for task ':shared_preferences_android:writeDebugAarMetadata' because:
[        ]   Build cache is disabled
[        ]   Caching has been disabled for the task
[        ] Skipping task ':shared_preferences_android:writeDebugAarMetadata' as it is up-to-date.
[        ] work action resolve aar-metadata.properties (project :shared_preferences_android) (Thread[#44050,Execution worker Thread 24,5,main]) started.
[        ] Resolve mutations for :sqflite_android:preBuild (Thread[#44050,Execution worker Thread 24,5,main]) started.
[        ] :sqflite_android:preBuild (Thread[#44050,Execution worker Thread 24,5,main]) started.
[        ] > Task :sqflite_android:preBuild UP-TO-DATE
[        ] Skipping task ':sqflite_android:preBuild' as it has no actions.
[        ] Resolve mutations for :sqflite_android:preDebugBuild (Thread[#44050,Execution worker Thread 24,5,main]) started.
[        ] :sqflite_android:preDebugBuild (Thread[#44050,Execution worker Thread 24,5,main]) started.
[        ] > Task :sqflite_android:preDebugBuild UP-TO-DATE
[        ] Skipping task ':sqflite_android:preDebugBuild' as it has no actions.
[        ] Resolve mutations for :sqflite_android:writeDebugAarMetadata (Thread[#44050,Execution worker Thread 24,5,main]) started.
[        ] :sqflite_android:writeDebugAarMetadata (Thread[#44050,Execution worker Thread 24,5,main]) started.
[        ] > Task :sqflite_android:writeDebugAarMetadata UP-TO-DATE
[        ] Caching disabled for task ':sqflite_android:writeDebugAarMetadata' because:
[        ]   Build cache is disabled
[        ]   Caching has been disabled for the task
[        ] Skipping task ':sqflite_android:writeDebugAarMetadata' as it is up-to-date.
[        ] work action resolve aar-metadata.properties (project :sqflite_android) (Thread[#44050,Execution worker Thread 24,5,main]) started.
[        ] Resolve mutations for :url_launcher_android:preBuild (Thread[#44050,Execution worker Thread 24,5,main]) started.
[        ] :url_launcher_android:preBuild (Thread[#44050,Execution worker Thread 24,5,main]) started.
[        ] > Task :url_launcher_android:preBuild UP-TO-DATE
[        ] Skipping task ':url_launcher_android:preBuild' as it has no actions.
[        ] Resolve mutations for :url_launcher_android:preDebugBuild (Thread[#44050,Execution worker Thread 24,5,main]) started.
[        ] :url_launcher_android:preDebugBuild (Thread[#44050,Execution worker Thread 24,5,main]) started.
[        ] > Task :url_launcher_android:preDebugBuild UP-TO-DATE
[        ] Skipping task ':url_launcher_android:preDebugBuild' as it has no actions.
[        ] Resolve mutations for :url_launcher_android:writeDebugAarMetadata (Thread[#44050,Execution worker Thread 24,5,main]) started.
[        ] :url_launcher_android:writeDebugAarMetadata (Thread[#44050,Execution worker Thread 24,5,main]) started.
[        ] > Task :url_launcher_android:writeDebugAarMetadata UP-TO-DATE
[        ] Caching disabled for task ':url_launcher_android:writeDebugAarMetadata' because:
[        ]   Build cache is disabled
[        ]   Caching has been disabled for the task
[        ] Skipping task ':url_launcher_android:writeDebugAarMetadata' as it is up-to-date.
[        ] work action resolve aar-metadata.properties (project :url_launcher_android) (Thread[#44050,Execution worker Thread 24,5,main]) started.
[        ] Resolve mutations for :video_player_android:preBuild (Thread[#44050,Execution worker Thread 24,5,main]) started.
[        ] :video_player_android:preBuild (Thread[#44050,Execution worker Thread 24,5,main]) started.
[        ] > Task :video_player_android:preBuild UP-TO-DATE
[        ] Skipping task ':video_player_android:preBuild' as it has no actions.
[        ] Resolve mutations for :video_player_android:preDebugBuild (Thread[#44050,Execution worker Thread 24,5,main]) started.
[        ] :video_player_android:preDebugBuild (Thread[#44050,Execution worker Thread 24,5,main]) started.
[        ] > Task :video_player_android:preDebugBuild UP-TO-DATE
[        ] Skipping task ':video_player_android:preDebugBuild' as it has no actions.
[        ] Resolve mutations for :video_player_android:writeDebugAarMetadata (Thread[#44050,Execution worker Thread 24,5,main]) started.
[        ] :video_player_android:writeDebugAarMetadata (Thread[#44050,Execution worker Thread 24,5,main]) started.
[        ] > Task :video_player_android:writeDebugAarMetadata UP-TO-DATE
[        ] Caching disabled for task ':video_player_android:writeDebugAarMetadata' because:
[        ]   Build cache is disabled
[        ]   Caching has been disabled for the task
[        ] Skipping task ':video_player_android:writeDebugAarMetadata' as it is up-to-date.
[        ] work action resolve aar-metadata.properties (project :video_player_android) (Thread[#44050,Execution worker Thread 24,5,main]) started.
[        ] Resolve mutations for :app:checkDebugAarMetadata (Thread[#44050,Execution worker Thread 24,5,main]) started.
[        ] :app:checkDebugAarMetadata (Thread[#44050,Execution worker Thread 24,5,main]) started.
[ +105 ms] > Task :app:checkDebugAarMetadata UP-TO-DATE
[        ] Caching disabled for task ':app:checkDebugAarMetadata' because:
[        ]   Build cache is disabled
[        ]   Caching has been disabled for the task
[        ] Skipping task ':app:checkDebugAarMetadata' as it is up-to-date.
[        ] Resolve mutations for :app:cleanMergeDebugAssets (Thread[#44050,Execution worker Thread 24,5,main]) started.
[        ] :app:cleanMergeDebugAssets (Thread[#44050,Execution worker Thread 24,5,main]) started.
[        ] > Task :app:cleanMergeDebugAssets
[        ] Caching disabled for task ':app:cleanMergeDebugAssets' because:
[        ]   Build cache is disabled
[        ] Task ':app:cleanMergeDebugAssets' is not up-to-date because:
[        ]   Task has not declared any outputs despite executing actions.
[        ] Resolve mutations for :app:mergeDebugShaders (Thread[#44050,Execution worker Thread 24,5,main]) started.
[        ] :app:mergeDebugShaders (Thread[#44050,Execution worker Thread 24,5,main]) started.
[        ] > Task :app:mergeDebugShaders UP-TO-DATE
[        ] Caching disabled for task ':app:mergeDebugShaders' because:
[        ]   Build cache is disabled
[        ]   Simple merging task
[        ] Skipping task ':app:mergeDebugShaders' as it is up-to-date.
[        ] Resolve mutations for :app:compileDebugShaders (Thread[#44050,Execution worker Thread 24,5,main]) started.
[        ] :app:compileDebugShaders (Thread[#44050,Execution worker Thread 24,5,main]) started.
[        ] > Task :app:compileDebugShaders NO-SOURCE
[        ] Skipping task ':app:compileDebugShaders' as it has no source files and no previous output files.
[        ] Resolve mutations for :app:generateDebugAssets (Thread[#44050,Execution worker Thread 24,5,main]) started.
[        ] :app:generateDebugAssets (Thread[#44050,Execution worker Thread 24,5,main]) started.
[        ] > Task :app:generateDebugAssets UP-TO-DATE
[        ] Skipping task ':app:generateDebugAssets' as it has no actions.
[        ] Resolve mutations for :connectivity_plus:mergeDebugShaders (Thread[#44050,Execution worker Thread 24,5,main]) started.
[        ] :connectivity_plus:mergeDebugShaders (Thread[#44050,Execution worker Thread 24,5,main]) started.
[        ] > Task :connectivity_plus:mergeDebugShaders UP-TO-DATE
[        ] Caching disabled for task ':connectivity_plus:mergeDebugShaders' because:
[        ]   Build cache is disabled
[        ]   Simple merging task
[        ] Skipping task ':connectivity_plus:mergeDebugShaders' as it is up-to-date.
[        ] Resolve mutations for :connectivity_plus:compileDebugShaders (Thread[#44050,Execution worker Thread 24,5,main]) started.
[        ] :connectivity_plus:compileDebugShaders (Thread[#44050,Execution worker Thread 24,5,main]) started.
[        ] > Task :connectivity_plus:compileDebugShaders NO-SOURCE
[        ] Skipping task ':connectivity_plus:compileDebugShaders' as it has no source files and no previous output files.
[        ] Resolve mutations for :connectivity_plus:generateDebugAssets (Thread[#44050,Execution worker Thread 24,5,main]) started.
[        ] :connectivity_plus:generateDebugAssets (Thread[#44050,Execution worker Thread 24,5,main]) started.
[        ] > Task :connectivity_plus:generateDebugAssets UP-TO-DATE
[        ] Skipping task ':connectivity_plus:generateDebugAssets' as it has no actions.
[        ] Resolve mutations for :connectivity_plus:mergeDebugAssets (Thread[#44050,Execution worker Thread 24,5,main]) started.
[        ] :connectivity_plus:mergeDebugAssets (Thread[#44050,Execution worker Thread 24,5,main]) started.
[        ] > Task :connectivity_plus:mergeDebugAssets UP-TO-DATE
[        ] Caching disabled for task ':connectivity_plus:mergeDebugAssets' because:
[        ]   Build cache is disabled
[        ]   Simple merging task
[        ] Skipping task ':connectivity_plus:mergeDebugAssets' as it is up-to-date.
[        ] work action resolve mergeDebugAssets (project :connectivity_plus) (Thread[#44050,Execution worker Thread 24,5,main]) started.
[        ] Resolve mutations for :emoji_picker_flutter:mergeDebugShaders (Thread[#44050,Execution worker Thread 24,5,main]) started.
[        ] :emoji_picker_flutter:mergeDebugShaders (Thread[#44050,Execution worker Thread 24,5,main]) started.
[        ] > Task :emoji_picker_flutter:mergeDebugShaders UP-TO-DATE
[        ] Caching disabled for task ':emoji_picker_flutter:mergeDebugShaders' because:
[        ]   Build cache is disabled
[        ]   Simple merging task
[        ] Skipping task ':emoji_picker_flutter:mergeDebugShaders' as it is up-to-date.
[        ] Resolve mutations for :emoji_picker_flutter:compileDebugShaders (Thread[#44050,Execution worker Thread 24,5,main]) started.
[        ] :emoji_picker_flutter:compileDebugShaders (Thread[#44050,Execution worker Thread 24,5,main]) started.
[        ] > Task :emoji_picker_flutter:compileDebugShaders NO-SOURCE
[        ] Skipping task ':emoji_picker_flutter:compileDebugShaders' as it has no source files and no previous output files.
[        ] Resolve mutations for :emoji_picker_flutter:generateDebugAssets (Thread[#44050,Execution worker Thread 24,5,main]) started.
[        ] :emoji_picker_flutter:generateDebugAssets (Thread[#44050,Execution worker Thread 24,5,main]) started.
[        ] > Task :emoji_picker_flutter:generateDebugAssets UP-TO-DATE
[        ] Skipping task ':emoji_picker_flutter:generateDebugAssets' as it has no actions.
[        ] Resolve mutations for :emoji_picker_flutter:mergeDebugAssets (Thread[#44050,Execution worker Thread 24,5,main]) started.
[        ] :emoji_picker_flutter:mergeDebugAssets (Thread[#44050,Execution worker Thread 24,5,main]) started.
[        ] > Task :emoji_picker_flutter:mergeDebugAssets UP-TO-DATE
[        ] Caching disabled for task ':emoji_picker_flutter:mergeDebugAssets' because:
[        ]   Build cache is disabled
[        ]   Simple merging task
[        ] Skipping task ':emoji_picker_flutter:mergeDebugAssets' as it is up-to-date.
[        ] work action resolve mergeDebugAssets (project :emoji_picker_flutter) (Thread[#44050,Execution worker Thread 24,5,main]) started.
[        ] Resolve mutations for :file_selector_android:mergeDebugShaders (Thread[#44050,Execution worker Thread 24,5,main]) started.
[        ] :file_selector_android:mergeDebugShaders (Thread[#44050,Execution worker Thread 24,5,main]) started.
[        ] > Task :file_selector_android:mergeDebugShaders UP-TO-DATE
[        ] Caching disabled for task ':file_selector_android:mergeDebugShaders' because:
[        ]   Build cache is disabled
[        ]   Simple merging task
[        ] Skipping task ':file_selector_android:mergeDebugShaders' as it is up-to-date.
[        ] Resolve mutations for :file_selector_android:compileDebugShaders (Thread[#44050,Execution worker Thread 24,5,main]) started.
[        ] :file_selector_android:compileDebugShaders (Thread[#44050,Execution worker Thread 24,5,main]) started.
[        ] > Task :file_selector_android:compileDebugShaders NO-SOURCE
[        ] Skipping task ':file_selector_android:compileDebugShaders' as it has no source files and no previous output files.
[        ] Resolve mutations for :file_selector_android:generateDebugAssets (Thread[#44050,Execution worker Thread 24,5,main]) started.
[        ] :file_selector_android:generateDebugAssets (Thread[#44050,Execution worker Thread 24,5,main]) started.
[        ] > Task :file_selector_android:generateDebugAssets UP-TO-DATE
[        ] Skipping task ':file_selector_android:generateDebugAssets' as it has no actions.
[        ] Resolve mutations for :file_selector_android:mergeDebugAssets (Thread[#44050,Execution worker Thread 24,5,main]) started.
[        ] :file_selector_android:mergeDebugAssets (Thread[#44050,Execution worker Thread 24,5,main]) started.
[        ] > Task :file_selector_android:mergeDebugAssets UP-TO-DATE
[        ] Caching disabled for task ':file_selector_android:mergeDebugAssets' because:
[        ]   Build cache is disabled
[        ]   Simple merging task
[        ] Skipping task ':file_selector_android:mergeDebugAssets' as it is up-to-date.
[        ] work action resolve mergeDebugAssets (project :file_selector_android) (Thread[#44050,Execution worker Thread 24,5,main]) started.
[        ] Resolve mutations for :flutter_keyboard_visibility_temp_fork:mergeDebugShaders (Thread[#44050,Execution worker Thread 24,5,main]) started.
[        ] :flutter_keyboard_visibility_temp_fork:mergeDebugShaders (Thread[#44050,Execution worker Thread 24,5,main]) started.
[        ] > Task :flutter_keyboard_visibility_temp_fork:mergeDebugShaders UP-TO-DATE
[        ] Caching disabled for task ':flutter_keyboard_visibility_temp_fork:mergeDebugShaders' because:
[        ]   Build cache is disabled
[        ]   Simple merging task
[        ] Skipping task ':flutter_keyboard_visibility_temp_fork:mergeDebugShaders' as it is up-to-date.
[        ] Resolve mutations for :flutter_keyboard_visibility_temp_fork:compileDebugShaders (Thread[#44050,Execution worker Thread 24,5,main]) started.
[        ] :flutter_keyboard_visibility_temp_fork:compileDebugShaders (Thread[#44050,Execution worker Thread 24,5,main]) started.
[        ] > Task :flutter_keyboard_visibility_temp_fork:compileDebugShaders NO-SOURCE
[        ] Skipping task ':flutter_keyboard_visibility_temp_fork:compileDebugShaders' as it has no source files and no previous output files.
[        ] Resolve mutations for :flutter_keyboard_visibility_temp_fork:generateDebugAssets (Thread[#44050,Execution worker Thread 24,5,main]) started.
[        ] :flutter_keyboard_visibility_temp_fork:generateDebugAssets (Thread[#44050,Execution worker Thread 24,5,main]) started.
[        ] > Task :flutter_keyboard_visibility_temp_fork:generateDebugAssets UP-TO-DATE
[        ] Skipping task ':flutter_keyboard_visibility_temp_fork:generateDebugAssets' as it has no actions.
[        ] Resolve mutations for :flutter_keyboard_visibility_temp_fork:mergeDebugAssets (Thread[#44050,Execution worker Thread 24,5,main]) started.
[        ] :flutter_keyboard_visibility_temp_fork:mergeDebugAssets (Thread[#44050,Execution worker Thread 24,5,main]) started.
[        ] > Task :flutter_keyboard_visibility_temp_fork:mergeDebugAssets UP-TO-DATE
[        ] Caching disabled for task ':flutter_keyboard_visibility_temp_fork:mergeDebugAssets' because:
[        ]   Build cache is disabled
[        ]   Simple merging task
[        ] Skipping task ':flutter_keyboard_visibility_temp_fork:mergeDebugAssets' as it is up-to-date.
[        ] work action resolve mergeDebugAssets (project :flutter_keyboard_visibility_temp_fork) (Thread[#44050,Execution worker Thread 24,5,main]) started.
[        ] Resolve mutations for :flutter_native_splash:mergeDebugShaders (Thread[#44050,Execution worker Thread 24,5,main]) started.
[        ] :flutter_native_splash:mergeDebugShaders (Thread[#44050,Execution worker Thread 24,5,main]) started.
[        ] > Task :flutter_native_splash:mergeDebugShaders UP-TO-DATE
[        ] Caching disabled for task ':flutter_native_splash:mergeDebugShaders' because:
[        ]   Build cache is disabled
[        ]   Simple merging task
[        ] Skipping task ':flutter_native_splash:mergeDebugShaders' as it is up-to-date.
[        ] Resolve mutations for :flutter_native_splash:compileDebugShaders (Thread[#44050,Execution worker Thread 24,5,main]) started.
[        ] :flutter_native_splash:compileDebugShaders (Thread[#44050,Execution worker Thread 24,5,main]) started.
[        ] > Task :flutter_native_splash:compileDebugShaders NO-SOURCE
[        ] Skipping task ':flutter_native_splash:compileDebugShaders' as it has no source files and no previous output files.
[        ] Resolve mutations for :flutter_native_splash:generateDebugAssets (Thread[#44050,Execution worker Thread 24,5,main]) started.
[        ] :flutter_native_splash:generateDebugAssets (Thread[#44050,Execution worker Thread 24,5,main]) started.
[        ] > Task :flutter_native_splash:generateDebugAssets UP-TO-DATE
[        ] Skipping task ':flutter_native_splash:generateDebugAssets' as it has no actions.
[        ] Resolve mutations for :flutter_native_splash:mergeDebugAssets (Thread[#44050,Execution worker Thread 24,5,main]) started.
[        ] :flutter_native_splash:mergeDebugAssets (Thread[#44050,Execution worker Thread 24,5,main]) started.
[        ] > Task :flutter_native_splash:mergeDebugAssets UP-TO-DATE
[        ] Caching disabled for task ':flutter_native_splash:mergeDebugAssets' because:
[        ]   Build cache is disabled
[        ]   Simple merging task
[        ] Skipping task ':flutter_native_splash:mergeDebugAssets' as it is up-to-date.
[        ] work action resolve mergeDebugAssets (project :flutter_native_splash) (Thread[#44050,Execution worker Thread 24,5,main]) started.
[        ] Resolve mutations for :flutter_olm:mergeDebugShaders (Thread[#44050,Execution worker Thread 24,5,main]) started.
[        ] :flutter_olm:mergeDebugShaders (Thread[#44050,Execution worker Thread 24,5,main]) started.
[        ] > Task :flutter_olm:mergeDebugShaders UP-TO-DATE
[        ] Caching disabled for task ':flutter_olm:mergeDebugShaders' because:
[        ]   Build cache is disabled
[        ]   Simple merging task
[        ] Skipping task ':flutter_olm:mergeDebugShaders' as it is up-to-date.
[        ] Resolve mutations for :flutter_olm:compileDebugShaders (Thread[#44050,Execution worker Thread 24,5,main]) started.
[        ] :flutter_olm:compileDebugShaders (Thread[#44050,Execution worker Thread 24,5,main]) started.
[        ] > Task :flutter_olm:compileDebugShaders NO-SOURCE
[        ] Skipping task ':flutter_olm:compileDebugShaders' as it has no source files and no previous output files.
[        ] Resolve mutations for :flutter_olm:generateDebugAssets (Thread[#44050,Execution worker Thread 24,5,main]) started.
[        ] :flutter_olm:generateDebugAssets (Thread[#44050,Execution worker Thread 24,5,main]) started.
[        ] > Task :flutter_olm:generateDebugAssets UP-TO-DATE
[        ] Skipping task ':flutter_olm:generateDebugAssets' as it has no actions.
[        ] Resolve mutations for :flutter_olm:mergeDebugAssets (Thread[#44050,Execution worker Thread 24,5,main]) started.
[        ] :flutter_olm:mergeDebugAssets (Thread[#44050,Execution worker Thread 24,5,main]) started.
[        ] > Task :flutter_olm:mergeDebugAssets UP-TO-DATE
[        ] Caching disabled for task ':flutter_olm:mergeDebugAssets' because:
[        ]   Build cache is disabled
[        ]   Simple merging task
[        ] Skipping task ':flutter_olm:mergeDebugAssets' as it is up-to-date.
[        ] work action resolve mergeDebugAssets (project :flutter_olm) (Thread[#44050,Execution worker Thread 24,5,main]) started.
[        ] Resolve mutations for :flutter_openssl_crypto:mergeDebugShaders (Thread[#44050,Execution worker Thread 24,5,main]) started.
[        ] :flutter_openssl_crypto:mergeDebugShaders (Thread[#44050,Execution worker Thread 24,5,main]) started.
[        ] > Task :flutter_openssl_crypto:mergeDebugShaders UP-TO-DATE
[        ] Caching disabled for task ':flutter_openssl_crypto:mergeDebugShaders' because:
[        ]   Build cache is disabled
[        ]   Simple merging task
[        ] Skipping task ':flutter_openssl_crypto:mergeDebugShaders' as it is up-to-date.
[        ] Resolve mutations for :flutter_openssl_crypto:compileDebugShaders (Thread[#44050,Execution worker Thread 24,5,main]) started.
[        ] :flutter_openssl_crypto:compileDebugShaders (Thread[#44050,Execution worker Thread 24,5,main]) started.
[        ] > Task :flutter_openssl_crypto:compileDebugShaders NO-SOURCE
[        ] Skipping task ':flutter_openssl_crypto:compileDebugShaders' as it has no source files and no previous output files.
[        ] Resolve mutations for :flutter_openssl_crypto:generateDebugAssets (Thread[#44050,Execution worker Thread 24,5,main]) started.
[        ] :flutter_openssl_crypto:generateDebugAssets (Thread[#44050,Execution worker Thread 24,5,main]) started.
[        ] > Task :flutter_openssl_crypto:generateDebugAssets UP-TO-DATE
[        ] Skipping task ':flutter_openssl_crypto:generateDebugAssets' as it has no actions.
[        ] Resolve mutations for :flutter_openssl_crypto:mergeDebugAssets (Thread[#44050,Execution worker Thread 24,5,main]) started.
[        ] :flutter_openssl_crypto:mergeDebugAssets (Thread[#44050,Execution worker Thread 24,5,main]) started.
[        ] > Task :flutter_openssl_crypto:mergeDebugAssets UP-TO-DATE
[        ] Caching disabled for task ':flutter_openssl_crypto:mergeDebugAssets' because:
[        ]   Build cache is disabled
[        ]   Simple merging task
[        ] Skipping task ':flutter_openssl_crypto:mergeDebugAssets' as it is up-to-date.
[        ] work action resolve mergeDebugAssets (project :flutter_openssl_crypto) (Thread[#44050,Execution worker Thread 24,5,main]) started.
[        ] Resolve mutations for :integration_test:mergeDebugShaders (Thread[#44050,Execution worker Thread 24,5,main]) started.
[        ] :integration_test:mergeDebugShaders (Thread[#44050,Execution worker Thread 24,5,main]) started.
[        ] > Task :integration_test:mergeDebugShaders UP-TO-DATE
[        ] Caching disabled for task ':integration_test:mergeDebugShaders' because:
[        ]   Build cache is disabled
[        ]   Simple merging task
[        ] Skipping task ':integration_test:mergeDebugShaders' as it is up-to-date.
[        ] Resolve mutations for :integration_test:compileDebugShaders (Thread[#44050,Execution worker Thread 24,5,main]) started.
[        ] :integration_test:compileDebugShaders (Thread[#44050,Execution worker Thread 24,5,main]) started.
[        ] > Task :integration_test:compileDebugShaders NO-SOURCE
[        ] Skipping task ':integration_test:compileDebugShaders' as it has no source files and no previous output files.
[        ] Resolve mutations for :integration_test:generateDebugAssets (Thread[#44050,Execution worker Thread 24,5,main]) started.
[        ] :integration_test:generateDebugAssets (Thread[#44050,Execution worker Thread 24,5,main]) started.
[        ] > Task :integration_test:generateDebugAssets UP-TO-DATE
[        ] Skipping task ':integration_test:generateDebugAssets' as it has no actions.
[        ] Resolve mutations for :integration_test:mergeDebugAssets (Thread[#44050,Execution worker Thread 24,5,main]) started.
[        ] :integration_test:mergeDebugAssets (Thread[#44050,Execution worker Thread 24,5,main]) started.
[        ] > Task :integration_test:mergeDebugAssets UP-TO-DATE
[        ] Caching disabled for task ':integration_test:mergeDebugAssets' because:
[        ]   Build cache is disabled
[        ]   Simple merging task
[        ] Skipping task ':integration_test:mergeDebugAssets' as it is up-to-date.
[        ] work action resolve mergeDebugAssets (project :integration_test) (Thread[#44050,Execution worker Thread 24,5,main]) started.
[        ] Resolve mutations for :path_provider_android:mergeDebugShaders (Thread[#44050,Execution worker Thread 24,5,main]) started.
[        ] :path_provider_android:mergeDebugShaders (Thread[#44050,Execution worker Thread 24,5,main]) started.
[        ] > Task :path_provider_android:mergeDebugShaders UP-TO-DATE
[        ] Caching disabled for task ':path_provider_android:mergeDebugShaders' because:
[        ]   Build cache is disabled
[        ]   Simple merging task
[        ] Skipping task ':path_provider_android:mergeDebugShaders' as it is up-to-date.
[        ] Resolve mutations for :path_provider_android:compileDebugShaders (Thread[#44050,Execution worker Thread 24,5,main]) started.
[        ] :path_provider_android:compileDebugShaders (Thread[#44050,Execution worker Thread 24,5,main]) started.
[        ] > Task :path_provider_android:compileDebugShaders NO-SOURCE
[        ] Skipping task ':path_provider_android:compileDebugShaders' as it has no source files and no previous output files.
[        ] Resolve mutations for :path_provider_android:generateDebugAssets (Thread[#44050,Execution worker Thread 24,5,main]) started.
[        ] :path_provider_android:generateDebugAssets (Thread[#44050,Execution worker Thread 24,5,main]) started.
[        ] > Task :path_provider_android:generateDebugAssets UP-TO-DATE
[        ] Skipping task ':path_provider_android:generateDebugAssets' as it has no actions.
[        ] Resolve mutations for :path_provider_android:mergeDebugAssets (Thread[#44050,Execution worker Thread 24,5,main]) started.
[        ] :path_provider_android:mergeDebugAssets (Thread[#44050,Execution worker Thread 24,5,main]) started.
[        ] > Task :path_provider_android:mergeDebugAssets UP-TO-DATE
[        ] Caching disabled for task ':path_provider_android:mergeDebugAssets' because:
[        ]   Build cache is disabled
[        ]   Simple merging task
[        ] Skipping task ':path_provider_android:mergeDebugAssets' as it is up-to-date.
[        ] work action resolve mergeDebugAssets (project :path_provider_android) (Thread[#44050,Execution worker Thread 24,5,main]) started.
[        ] Resolve mutations for :quill_native_bridge_android:mergeDebugShaders (Thread[#44050,Execution worker Thread 24,5,main]) started.
[        ] :quill_native_bridge_android:mergeDebugShaders (Thread[#44050,Execution worker Thread 24,5,main]) started.
[        ] > Task :quill_native_bridge_android:mergeDebugShaders UP-TO-DATE
[        ] Caching disabled for task ':quill_native_bridge_android:mergeDebugShaders' because:
[        ]   Build cache is disabled
[        ]   Simple merging task
[        ] Skipping task ':quill_native_bridge_android:mergeDebugShaders' as it is up-to-date.
[        ] Resolve mutations for :quill_native_bridge_android:compileDebugShaders (Thread[#44050,Execution worker Thread 24,5,main]) started.
[        ] :quill_native_bridge_android:compileDebugShaders (Thread[#44050,Execution worker Thread 24,5,main]) started.
[        ] > Task :quill_native_bridge_android:compileDebugShaders NO-SOURCE
[        ] Skipping task ':quill_native_bridge_android:compileDebugShaders' as it has no source files and no previous output files.
[        ] Resolve mutations for :quill_native_bridge_android:generateDebugAssets (Thread[#44050,Execution worker Thread 24,5,main]) started.
[        ] :quill_native_bridge_android:generateDebugAssets (Thread[#44050,Execution worker Thread 24,5,main]) started.
[        ] > Task :quill_native_bridge_android:generateDebugAssets UP-TO-DATE
[        ] Skipping task ':quill_native_bridge_android:generateDebugAssets' as it has no actions.
[        ] Resolve mutations for :quill_native_bridge_android:mergeDebugAssets (Thread[#44050,Execution worker Thread 24,5,main]) started.
[        ] :quill_native_bridge_android:mergeDebugAssets (Thread[#44050,Execution worker Thread 24,5,main]) started.
[        ] > Task :quill_native_bridge_android:mergeDebugAssets UP-TO-DATE
[        ] Caching disabled for task ':quill_native_bridge_android:mergeDebugAssets' because:
[        ]   Build cache is disabled
[        ]   Simple merging task
[        ] Skipping task ':quill_native_bridge_android:mergeDebugAssets' as it is up-to-date.
[        ] work action resolve mergeDebugAssets (project :quill_native_bridge_android) (Thread[#44050,Execution worker Thread 24,5,main]) started.
[        ] Resolve mutations for :shared_preferences_android:mergeDebugShaders (Thread[#44050,Execution worker Thread 24,5,main]) started.
[        ] :shared_preferences_android:mergeDebugShaders (Thread[#44050,Execution worker Thread 24,5,main]) started.
[        ] > Task :shared_preferences_android:mergeDebugShaders UP-TO-DATE
[        ] Caching disabled for task ':shared_preferences_android:mergeDebugShaders' because:
[        ]   Build cache is disabled
[        ]   Simple merging task
[        ] Skipping task ':shared_preferences_android:mergeDebugShaders' as it is up-to-date.
[        ] Resolve mutations for :shared_preferences_android:compileDebugShaders (Thread[#44050,Execution worker Thread 24,5,main]) started.
[        ] :shared_preferences_android:compileDebugShaders (Thread[#44050,Execution worker Thread 24,5,main]) started.
[        ] > Task :shared_preferences_android:compileDebugShaders NO-SOURCE
[        ] Skipping task ':shared_preferences_android:compileDebugShaders' as it has no source files and no previous output files.
[        ] Resolve mutations for :shared_preferences_android:generateDebugAssets (Thread[#44050,Execution worker Thread 24,5,main]) started.
[        ] :shared_preferences_android:generateDebugAssets (Thread[#44050,Execution worker Thread 24,5,main]) started.
[        ] > Task :shared_preferences_android:generateDebugAssets UP-TO-DATE
[        ] Skipping task ':shared_preferences_android:generateDebugAssets' as it has no actions.
[        ] Resolve mutations for :shared_preferences_android:mergeDebugAssets (Thread[#44050,Execution worker Thread 24,5,main]) started.
[        ] :shared_preferences_android:mergeDebugAssets (Thread[#44050,Execution worker Thread 24,5,main]) started.
[        ] > Task :shared_preferences_android:mergeDebugAssets UP-TO-DATE
[        ] Caching disabled for task ':shared_preferences_android:mergeDebugAssets' because:
[        ]   Build cache is disabled
[        ]   Simple merging task
[        ] Skipping task ':shared_preferences_android:mergeDebugAssets' as it is up-to-date.
[        ] work action resolve mergeDebugAssets (project :shared_preferences_android) (Thread[#44050,Execution worker Thread 24,5,main]) started.
[        ] Resolve mutations for :sqflite_android:mergeDebugShaders (Thread[#44050,Execution worker Thread 24,5,main]) started.
[        ] :sqflite_android:mergeDebugShaders (Thread[#44050,Execution worker Thread 24,5,main]) started.
[        ] > Task :sqflite_android:mergeDebugShaders UP-TO-DATE
[        ] Caching disabled for task ':sqflite_android:mergeDebugShaders' because:
[        ]   Build cache is disabled
[        ]   Simple merging task
[        ] Skipping task ':sqflite_android:mergeDebugShaders' as it is up-to-date.
[        ] Resolve mutations for :sqflite_android:compileDebugShaders (Thread[#44050,Execution worker Thread 24,5,main]) started.
[        ] :sqflite_android:compileDebugShaders (Thread[#44050,Execution worker Thread 24,5,main]) started.
[        ] > Task :sqflite_android:compileDebugShaders NO-SOURCE
[        ] Skipping task ':sqflite_android:compileDebugShaders' as it has no source files and no previous output files.
[        ] Resolve mutations for :sqflite_android:generateDebugAssets (Thread[#44050,Execution worker Thread 24,5,main]) started.
[        ] :sqflite_android:generateDebugAssets (Thread[#44050,Execution worker Thread 24,5,main]) started.
[        ] > Task :sqflite_android:generateDebugAssets UP-TO-DATE
[        ] Skipping task ':sqflite_android:generateDebugAssets' as it has no actions.
[        ] Resolve mutations for :sqflite_android:mergeDebugAssets (Thread[#44050,Execution worker Thread 24,5,main]) started.
[        ] :sqflite_android:mergeDebugAssets (Thread[#44050,Execution worker Thread 24,5,main]) started.
[        ] > Task :sqflite_android:mergeDebugAssets UP-TO-DATE
[        ] Caching disabled for task ':sqflite_android:mergeDebugAssets' because:
[        ]   Build cache is disabled
[        ]   Simple merging task
[        ] Skipping task ':sqflite_android:mergeDebugAssets' as it is up-to-date.
[        ] work action resolve mergeDebugAssets (project :sqflite_android) (Thread[#44050,Execution worker Thread 24,5,main]) started.
[        ] Resolve mutations for :url_launcher_android:mergeDebugShaders (Thread[#44050,Execution worker Thread 24,5,main]) started.
[        ] :url_launcher_android:mergeDebugShaders (Thread[#44050,Execution worker Thread 24,5,main]) started.
[        ] > Task :url_launcher_android:mergeDebugShaders UP-TO-DATE
[        ] Caching disabled for task ':url_launcher_android:mergeDebugShaders' because:
[        ]   Build cache is disabled
[        ]   Simple merging task
[        ] Skipping task ':url_launcher_android:mergeDebugShaders' as it is up-to-date.
[        ] Resolve mutations for :url_launcher_android:compileDebugShaders (Thread[#44050,Execution worker Thread 24,5,main]) started.
[        ] :url_launcher_android:compileDebugShaders (Thread[#44050,Execution worker Thread 24,5,main]) started.
[        ] > Task :url_launcher_android:compileDebugShaders NO-SOURCE
[        ] Skipping task ':url_launcher_android:compileDebugShaders' as it has no source files and no previous output files.
[        ] Resolve mutations for :url_launcher_android:generateDebugAssets (Thread[#44050,Execution worker Thread 24,5,main]) started.
[        ] :url_launcher_android:generateDebugAssets (Thread[#44050,Execution worker Thread 24,5,main]) started.
[        ] > Task :url_launcher_android:generateDebugAssets UP-TO-DATE
[        ] Skipping task ':url_launcher_android:generateDebugAssets' as it has no actions.
[        ] Resolve mutations for :url_launcher_android:mergeDebugAssets (Thread[#44050,Execution worker Thread 24,5,main]) started.
[        ] :url_launcher_android:mergeDebugAssets (Thread[#44050,Execution worker Thread 24,5,main]) started.
[        ] > Task :url_launcher_android:mergeDebugAssets UP-TO-DATE
[        ] Caching disabled for task ':url_launcher_android:mergeDebugAssets' because:
[        ]   Build cache is disabled
[        ]   Simple merging task
[        ] Skipping task ':url_launcher_android:mergeDebugAssets' as it is up-to-date.
[        ] work action resolve mergeDebugAssets (project :url_launcher_android) (Thread[#44050,Execution worker Thread 24,5,main]) started.
[        ] Resolve mutations for :video_player_android:mergeDebugShaders (Thread[#44050,Execution worker Thread 24,5,main]) started.
[        ] :video_player_android:mergeDebugShaders (Thread[#44050,Execution worker Thread 24,5,main]) started.
[        ] > Task :video_player_android:mergeDebugShaders UP-TO-DATE
[        ] Caching disabled for task ':video_player_android:mergeDebugShaders' because:
[        ]   Build cache is disabled
[        ]   Simple merging task
[        ] Skipping task ':video_player_android:mergeDebugShaders' as it is up-to-date.
[        ] Resolve mutations for :video_player_android:compileDebugShaders (Thread[#44050,Execution worker Thread 24,5,main]) started.
[        ] :video_player_android:compileDebugShaders (Thread[#44050,Execution worker Thread 24,5,main]) started.
[        ] > Task :video_player_android:compileDebugShaders NO-SOURCE
[        ] Skipping task ':video_player_android:compileDebugShaders' as it has no source files and no previous output files.
[        ] Resolve mutations for :video_player_android:generateDebugAssets (Thread[#44050,Execution worker Thread 24,5,main]) started.
[        ] :video_player_android:generateDebugAssets (Thread[#44050,Execution worker Thread 24,5,main]) started.
[        ] > Task :video_player_android:generateDebugAssets UP-TO-DATE
[        ] Skipping task ':video_player_android:generateDebugAssets' as it has no actions.
[        ] Resolve mutations for :video_player_android:mergeDebugAssets (Thread[#44050,Execution worker Thread 24,5,main]) started.
[        ] :video_player_android:mergeDebugAssets (Thread[#44050,Execution worker Thread 24,5,main]) started.
[        ] > Task :video_player_android:mergeDebugAssets UP-TO-DATE
[        ] Caching disabled for task ':video_player_android:mergeDebugAssets' because:
[        ]   Build cache is disabled
[        ]   Simple merging task
[        ] Skipping task ':video_player_android:mergeDebugAssets' as it is up-to-date.
[        ] work action resolve mergeDebugAssets (project :video_player_android) (Thread[#44050,Execution worker Thread 24,5,main]) started.
[        ] Resolve mutations for :app:mergeDebugAssets (Thread[#44050,Execution worker Thread 24,5,main]) started.
[        ] :app:mergeDebugAssets (Thread[#44050,Execution worker Thread 24,5,main]) started.
[        ] > Task :app:mergeDebugAssets
[        ] Caching disabled for task ':app:mergeDebugAssets' because:
[        ]   Build cache is disabled
[        ]   Simple merging task
[        ] Task ':app:mergeDebugAssets' is not up-to-date because:
[        ]   Output property 'outputDir' file /Users/florian/Code/substitution/build/app/intermediates/assets/debug/mergeDebugAssets has been removed.
[        ] The input changes require a full rebuild for incremental task ':app:mergeDebugAssets'.
[        ] Resolve mutations for :app:copyFlutterAssetsDebug (Thread[#44050,Execution worker Thread 24,5,main]) started.
[        ] :app:copyFlutterAssetsDebug (Thread[#44050,Execution worker Thread 24,5,main]) started.
16:52 +12 -37: loading /Users/florian/Code/substitution/integration_test/room_discovery_with_matrix_test.dart                                                                                          [ +192 ms] > Task :app:copyFlutterAssetsDebug
[        ] Caching disabled for task ':app:copyFlutterAssetsDebug' because:
[        ]   Build cache is disabled
[        ]   Not worth caching
[        ] Task ':app:copyFlutterAssetsDebug' is not up-to-date because:
[        ]   Output property 'destinationDir' file /Users/florian/Code/substitution/build/app/intermediates/assets/debug/mergeDebugAssets/flutter_assets has been removed.
[        ]   Output property 'destinationDir' file /Users/florian/Code/substitution/build/app/intermediates/assets/debug/mergeDebugAssets/flutter_assets/AssetManifest.bin has been removed.
[        ]   Output property 'destinationDir' file /Users/florian/Code/substitution/build/app/intermediates/assets/debug/mergeDebugAssets/flutter_assets/FontManifest.json has been removed.
[        ]   and more...
[        ] Resolve mutations for :app:generateDebugResValues (Thread[#44050,Execution worker Thread 24,5,main]) started.
[        ] :app:generateDebugResValues (Thread[#44050,Execution worker Thread 24,5,main]) started.
[        ] > Task :app:generateDebugResValues UP-TO-DATE
[        ] Caching disabled for task ':app:generateDebugResValues' because:
[        ]   Build cache is disabled
[        ] Skipping task ':app:generateDebugResValues' as it is up-to-date.
[        ] Resolve mutations for :connectivity_plus:generateDebugResValues (Thread[#44050,Execution worker Thread 24,5,main]) started.
[        ] :connectivity_plus:generateDebugResValues (Thread[#44050,Execution worker Thread 24,5,main]) started.
[        ] > Task :connectivity_plus:generateDebugResValues UP-TO-DATE
[        ] Caching disabled for task ':connectivity_plus:generateDebugResValues' because:
[        ]   Build cache is disabled
[        ] Skipping task ':connectivity_plus:generateDebugResValues' as it is up-to-date.
[        ] Resolve mutations for :connectivity_plus:generateDebugResources (Thread[#44050,Execution worker Thread 24,5,main]) started.
[        ] :connectivity_plus:generateDebugResources (Thread[#44050,Execution worker Thread 24,5,main]) started.
[        ] > Task :connectivity_plus:generateDebugResources UP-TO-DATE
[        ] Caching disabled for task ':connectivity_plus:generateDebugResources' because:
[        ]   Build cache is disabled
[        ] Skipping task ':connectivity_plus:generateDebugResources' as it is up-to-date.
[        ] Resolve mutations for :connectivity_plus:packageDebugResources (Thread[#44050,Execution worker Thread 24,5,main]) started.
[        ] :connectivity_plus:packageDebugResources (Thread[#44050,Execution worker Thread 24,5,main]) started.
[        ] > Task :connectivity_plus:packageDebugResources UP-TO-DATE
[        ] Caching disabled for task ':connectivity_plus:packageDebugResources' because:
[        ]   Build cache is disabled
[        ] Skipping task ':connectivity_plus:packageDebugResources' as it is up-to-date.
[        ] work action resolve packageDebugResources (project :connectivity_plus) (Thread[#44050,Execution worker Thread 24,5,main]) started.
[        ] Resolve mutations for :emoji_picker_flutter:generateDebugResValues (Thread[#44050,Execution worker Thread 24,5,main]) started.
[        ] :emoji_picker_flutter:generateDebugResValues (Thread[#44050,Execution worker Thread 24,5,main]) started.
[        ] > Task :emoji_picker_flutter:generateDebugResValues UP-TO-DATE
[        ] Caching disabled for task ':emoji_picker_flutter:generateDebugResValues' because:
[        ]   Build cache is disabled
[        ] Skipping task ':emoji_picker_flutter:generateDebugResValues' as it is up-to-date.
[        ] Resolve mutations for :emoji_picker_flutter:generateDebugResources (Thread[#44050,Execution worker Thread 24,5,main]) started.
[        ] :emoji_picker_flutter:generateDebugResources (Thread[#44050,Execution worker Thread 24,5,main]) started.
[        ] > Task :emoji_picker_flutter:generateDebugResources UP-TO-DATE
[        ] Caching disabled for task ':emoji_picker_flutter:generateDebugResources' because:
[        ]   Build cache is disabled
[        ] Skipping task ':emoji_picker_flutter:generateDebugResources' as it is up-to-date.
[        ] Resolve mutations for :emoji_picker_flutter:packageDebugResources (Thread[#44050,Execution worker Thread 24,5,main]) started.
[        ] :emoji_picker_flutter:packageDebugResources (Thread[#44050,Execution worker Thread 24,5,main]) started.
[        ] > Task :emoji_picker_flutter:packageDebugResources UP-TO-DATE
[        ] Caching disabled for task ':emoji_picker_flutter:packageDebugResources' because:
[        ]   Build cache is disabled
[        ] Skipping task ':emoji_picker_flutter:packageDebugResources' as it is up-to-date.
[        ] work action resolve packageDebugResources (project :emoji_picker_flutter) (Thread[#44050,Execution worker Thread 24,5,main]) started.
[        ] Resolve mutations for :file_selector_android:generateDebugResValues (Thread[#44050,Execution worker Thread 24,5,main]) started.
[        ] :file_selector_android:generateDebugResValues (Thread[#44050,Execution worker Thread 24,5,main]) started.
[        ] > Task :file_selector_android:generateDebugResValues UP-TO-DATE
[        ] Caching disabled for task ':file_selector_android:generateDebugResValues' because:
[        ]   Build cache is disabled
[        ] Skipping task ':file_selector_android:generateDebugResValues' as it is up-to-date.
[        ] Resolve mutations for :file_selector_android:generateDebugResources (Thread[#44050,Execution worker Thread 24,5,main]) started.
[        ] :file_selector_android:generateDebugResources (Thread[#44050,Execution worker Thread 24,5,main]) started.
[        ] > Task :file_selector_android:generateDebugResources UP-TO-DATE
[        ] Caching disabled for task ':file_selector_android:generateDebugResources' because:
[        ]   Build cache is disabled
[        ] Skipping task ':file_selector_android:generateDebugResources' as it is up-to-date.
[        ] Resolve mutations for :file_selector_android:packageDebugResources (Thread[#44050,Execution worker Thread 24,5,main]) started.
[        ] :file_selector_android:packageDebugResources (Thread[#44050,Execution worker Thread 24,5,main]) started.
[        ] > Task :file_selector_android:packageDebugResources UP-TO-DATE
[        ] Caching disabled for task ':file_selector_android:packageDebugResources' because:
[        ]   Build cache is disabled
[        ] Skipping task ':file_selector_android:packageDebugResources' as it is up-to-date.
[        ] work action resolve packageDebugResources (project :file_selector_android) (Thread[#44050,Execution worker Thread 24,5,main]) started.
[        ] Resolve mutations for :flutter_keyboard_visibility_temp_fork:generateDebugResValues (Thread[#44050,Execution worker Thread 24,5,main]) started.
[        ] :flutter_keyboard_visibility_temp_fork:generateDebugResValues (Thread[#44050,Execution worker Thread 24,5,main]) started.
[        ] > Task :flutter_keyboard_visibility_temp_fork:generateDebugResValues UP-TO-DATE
[        ] Caching disabled for task ':flutter_keyboard_visibility_temp_fork:generateDebugResValues' because:
[        ]   Build cache is disabled
[        ] Skipping task ':flutter_keyboard_visibility_temp_fork:generateDebugResValues' as it is up-to-date.
[        ] Resolve mutations for :flutter_keyboard_visibility_temp_fork:generateDebugResources (Thread[#44050,Execution worker Thread 24,5,main]) started.
[        ] :flutter_keyboard_visibility_temp_fork:generateDebugResources (Thread[#44050,Execution worker Thread 24,5,main]) started.
[        ] > Task :flutter_keyboard_visibility_temp_fork:generateDebugResources UP-TO-DATE
[        ] Caching disabled for task ':flutter_keyboard_visibility_temp_fork:generateDebugResources' because:
[        ]   Build cache is disabled
[        ] Skipping task ':flutter_keyboard_visibility_temp_fork:generateDebugResources' as it is up-to-date.
[        ] Resolve mutations for :flutter_keyboard_visibility_temp_fork:packageDebugResources (Thread[#44050,Execution worker Thread 24,5,main]) started.
[        ] :flutter_keyboard_visibility_temp_fork:packageDebugResources (Thread[#44050,Execution worker Thread 24,5,main]) started.
[        ] > Task :flutter_keyboard_visibility_temp_fork:packageDebugResources UP-TO-DATE
[        ] Caching disabled for task ':flutter_keyboard_visibility_temp_fork:packageDebugResources' because:
[        ]   Build cache is disabled
[        ] Skipping task ':flutter_keyboard_visibility_temp_fork:packageDebugResources' as it is up-to-date.
[        ] work action resolve packageDebugResources (project :flutter_keyboard_visibility_temp_fork) (Thread[#44050,Execution worker Thread 24,5,main]) started.
[        ] Resolve mutations for :flutter_native_splash:generateDebugResValues (Thread[#44050,Execution worker Thread 24,5,main]) started.
[        ] :flutter_native_splash:generateDebugResValues (Thread[#44050,Execution worker Thread 24,5,main]) started.
[        ] > Task :flutter_native_splash:generateDebugResValues UP-TO-DATE
[        ] Caching disabled for task ':flutter_native_splash:generateDebugResValues' because:
[        ]   Build cache is disabled
[        ] Skipping task ':flutter_native_splash:generateDebugResValues' as it is up-to-date.
[        ] Resolve mutations for :flutter_native_splash:generateDebugResources (Thread[#44050,Execution worker Thread 24,5,main]) started.
[        ] :flutter_native_splash:generateDebugResources (Thread[#44050,Execution worker Thread 24,5,main]) started.
[        ] > Task :flutter_native_splash:generateDebugResources UP-TO-DATE
[        ] Caching disabled for task ':flutter_native_splash:generateDebugResources' because:
[        ]   Build cache is disabled
[        ] Skipping task ':flutter_native_splash:generateDebugResources' as it is up-to-date.
[        ] Resolve mutations for :flutter_native_splash:packageDebugResources (Thread[#44050,Execution worker Thread 24,5,main]) started.
[        ] :flutter_native_splash:packageDebugResources (Thread[#44050,Execution worker Thread 24,5,main]) started.
[        ] > Task :flutter_native_splash:packageDebugResources UP-TO-DATE
[        ] Caching disabled for task ':flutter_native_splash:packageDebugResources' because:
[        ]   Build cache is disabled
[        ] Skipping task ':flutter_native_splash:packageDebugResources' as it is up-to-date.
[        ] work action resolve packageDebugResources (project :flutter_native_splash) (Thread[#44050,Execution worker Thread 24,5,main]) started.
[        ] Resolve mutations for :flutter_olm:generateDebugResValues (Thread[#44050,Execution worker Thread 24,5,main]) started.
[        ] :flutter_olm:generateDebugResValues (Thread[#44050,Execution worker Thread 24,5,main]) started.
[        ] > Task :flutter_olm:generateDebugResValues UP-TO-DATE
[        ] Caching disabled for task ':flutter_olm:generateDebugResValues' because:
[        ]   Build cache is disabled
[        ] Skipping task ':flutter_olm:generateDebugResValues' as it is up-to-date.
[        ] Resolve mutations for :flutter_olm:generateDebugResources (Thread[#44050,Execution worker Thread 24,5,main]) started.
[        ] :flutter_olm:generateDebugResources (Thread[#44050,Execution worker Thread 24,5,main]) started.
[        ] > Task :flutter_olm:generateDebugResources UP-TO-DATE
[        ] Caching disabled for task ':flutter_olm:generateDebugResources' because:
[        ]   Build cache is disabled
[        ] Skipping task ':flutter_olm:generateDebugResources' as it is up-to-date.
[        ] Resolve mutations for :flutter_olm:packageDebugResources (Thread[#44050,Execution worker Thread 24,5,main]) started.
[        ] :flutter_olm:packageDebugResources (Thread[#44050,Execution worker Thread 24,5,main]) started.
[        ] > Task :flutter_olm:packageDebugResources UP-TO-DATE
[        ] Caching disabled for task ':flutter_olm:packageDebugResources' because:
[        ]   Build cache is disabled
[        ] Skipping task ':flutter_olm:packageDebugResources' as it is up-to-date.
[        ] work action resolve packageDebugResources (project :flutter_olm) (Thread[#44050,Execution worker Thread 24,5,main]) started.
[        ] Resolve mutations for :flutter_openssl_crypto:generateDebugResValues (Thread[#44050,Execution worker Thread 24,5,main]) started.
[        ] :flutter_openssl_crypto:generateDebugResValues (Thread[#44050,Execution worker Thread 24,5,main]) started.
[        ] > Task :flutter_openssl_crypto:generateDebugResValues UP-TO-DATE
[        ] Caching disabled for task ':flutter_openssl_crypto:generateDebugResValues' because:
[        ]   Build cache is disabled
[        ] Skipping task ':flutter_openssl_crypto:generateDebugResValues' as it is up-to-date.
[        ] Resolve mutations for :flutter_openssl_crypto:generateDebugResources (Thread[#44050,Execution worker Thread 24,5,main]) started.
[        ] :flutter_openssl_crypto:generateDebugResources (Thread[#44050,Execution worker Thread 24,5,main]) started.
[        ] > Task :flutter_openssl_crypto:generateDebugResources UP-TO-DATE
[        ] Caching disabled for task ':flutter_openssl_crypto:generateDebugResources' because:
[        ]   Build cache is disabled
[        ] Skipping task ':flutter_openssl_crypto:generateDebugResources' as it is up-to-date.
[        ] Resolve mutations for :flutter_openssl_crypto:packageDebugResources (Thread[#44050,Execution worker Thread 24,5,main]) started.
[        ] :flutter_openssl_crypto:packageDebugResources (Thread[#44050,Execution worker Thread 24,5,main]) started.
[        ] > Task :flutter_openssl_crypto:packageDebugResources UP-TO-DATE
[        ] Caching disabled for task ':flutter_openssl_crypto:packageDebugResources' because:
[        ]   Build cache is disabled
[        ] Skipping task ':flutter_openssl_crypto:packageDebugResources' as it is up-to-date.
[        ] work action resolve packageDebugResources (project :flutter_openssl_crypto) (Thread[#44050,Execution worker Thread 24,5,main]) started.
[        ] Resolve mutations for :integration_test:generateDebugResValues (Thread[#44050,Execution worker Thread 24,5,main]) started.
[        ] :integration_test:generateDebugResValues (Thread[#44050,Execution worker Thread 24,5,main]) started.
[        ] > Task :integration_test:generateDebugResValues UP-TO-DATE
[        ] Caching disabled for task ':integration_test:generateDebugResValues' because:
[        ]   Build cache is disabled
[        ] Skipping task ':integration_test:generateDebugResValues' as it is up-to-date.
[        ] Resolve mutations for :integration_test:generateDebugResources (Thread[#44050,Execution worker Thread 24,5,main]) started.
[        ] :integration_test:generateDebugResources (Thread[#44050,Execution worker Thread 24,5,main]) started.
[        ] > Task :integration_test:generateDebugResources UP-TO-DATE
[        ] Caching disabled for task ':integration_test:generateDebugResources' because:
[        ]   Build cache is disabled
[        ] Skipping task ':integration_test:generateDebugResources' as it is up-to-date.
[        ] Resolve mutations for :integration_test:packageDebugResources (Thread[#44050,Execution worker Thread 24,5,main]) started.
[        ] :integration_test:packageDebugResources (Thread[#44050,Execution worker Thread 24,5,main]) started.
[        ] > Task :integration_test:packageDebugResources UP-TO-DATE
[        ] Caching disabled for task ':integration_test:packageDebugResources' because:
[        ]   Build cache is disabled
[        ] Skipping task ':integration_test:packageDebugResources' as it is up-to-date.
[        ] work action resolve packageDebugResources (project :integration_test) (Thread[#44050,Execution worker Thread 24,5,main]) started.
[        ] Resolve mutations for :path_provider_android:generateDebugResValues (Thread[#44050,Execution worker Thread 24,5,main]) started.
[        ] :path_provider_android:generateDebugResValues (Thread[#44050,Execution worker Thread 24,5,main]) started.
[        ] > Task :path_provider_android:generateDebugResValues UP-TO-DATE
[        ] Caching disabled for task ':path_provider_android:generateDebugResValues' because:
[        ]   Build cache is disabled
[        ] Skipping task ':path_provider_android:generateDebugResValues' as it is up-to-date.
[        ] Resolve mutations for :path_provider_android:generateDebugResources (Thread[#44050,Execution worker Thread 24,5,main]) started.
[        ] :path_provider_android:generateDebugResources (Thread[#44050,Execution worker Thread 24,5,main]) started.
[        ] > Task :path_provider_android:generateDebugResources UP-TO-DATE
[        ] Caching disabled for task ':path_provider_android:generateDebugResources' because:
[        ]   Build cache is disabled
[        ] Skipping task ':path_provider_android:generateDebugResources' as it is up-to-date.
[        ] Resolve mutations for :path_provider_android:packageDebugResources (Thread[#44050,Execution worker Thread 24,5,main]) started.
[        ] :path_provider_android:packageDebugResources (Thread[#44050,Execution worker Thread 24,5,main]) started.
[        ] > Task :path_provider_android:packageDebugResources UP-TO-DATE
[        ] Caching disabled for task ':path_provider_android:packageDebugResources' because:
[        ]   Build cache is disabled
[        ] Skipping task ':path_provider_android:packageDebugResources' as it is up-to-date.
[        ] work action resolve packageDebugResources (project :path_provider_android) (Thread[#44050,Execution worker Thread 24,5,main]) started.
[        ] Resolve mutations for :quill_native_bridge_android:generateDebugResValues (Thread[#44050,Execution worker Thread 24,5,main]) started.
[        ] :quill_native_bridge_android:generateDebugResValues (Thread[#44050,Execution worker Thread 24,5,main]) started.
[        ] > Task :quill_native_bridge_android:generateDebugResValues UP-TO-DATE
[        ] Caching disabled for task ':quill_native_bridge_android:generateDebugResValues' because:
[        ]   Build cache is disabled
[        ] Skipping task ':quill_native_bridge_android:generateDebugResValues' as it is up-to-date.
[        ] Resolve mutations for :quill_native_bridge_android:generateDebugResources (Thread[#44050,Execution worker Thread 24,5,main]) started.
[        ] :quill_native_bridge_android:generateDebugResources (Thread[#44050,Execution worker Thread 24,5,main]) started.
[        ] > Task :quill_native_bridge_android:generateDebugResources UP-TO-DATE
[        ] Caching disabled for task ':quill_native_bridge_android:generateDebugResources' because:
[        ]   Build cache is disabled
[        ] Skipping task ':quill_native_bridge_android:generateDebugResources' as it is up-to-date.
[        ] Resolve mutations for :quill_native_bridge_android:packageDebugResources (Thread[#44050,Execution worker Thread 24,5,main]) started.
[        ] :quill_native_bridge_android:packageDebugResources (Thread[#44050,Execution worker Thread 24,5,main]) started.
[        ] > Task :quill_native_bridge_android:packageDebugResources UP-TO-DATE
[        ] Caching disabled for task ':quill_native_bridge_android:packageDebugResources' because:
[        ]   Build cache is disabled
[        ] Skipping task ':quill_native_bridge_android:packageDebugResources' as it is up-to-date.
[        ] work action resolve packageDebugResources (project :quill_native_bridge_android) (Thread[#44050,Execution worker Thread 24,5,main]) started.
[        ] Resolve mutations for :shared_preferences_android:generateDebugResValues (Thread[#44050,Execution worker Thread 24,5,main]) started.
[        ] :shared_preferences_android:generateDebugResValues (Thread[#44050,Execution worker Thread 24,5,main]) started.
[        ] > Task :shared_preferences_android:generateDebugResValues UP-TO-DATE
[        ] Caching disabled for task ':shared_preferences_android:generateDebugResValues' because:
[        ]   Build cache is disabled
[        ] Skipping task ':shared_preferences_android:generateDebugResValues' as it is up-to-date.
[        ] Resolve mutations for :shared_preferences_android:generateDebugResources (Thread[#44050,Execution worker Thread 24,5,main]) started.
[        ] :shared_preferences_android:generateDebugResources (Thread[#44050,Execution worker Thread 24,5,main]) started.
[        ] > Task :shared_preferences_android:generateDebugResources UP-TO-DATE
[        ] Caching disabled for task ':shared_preferences_android:generateDebugResources' because:
[        ]   Build cache is disabled
[        ] Skipping task ':shared_preferences_android:generateDebugResources' as it is up-to-date.
[        ] Resolve mutations for :shared_preferences_android:packageDebugResources (Thread[#44050,Execution worker Thread 24,5,main]) started.
[        ] :shared_preferences_android:packageDebugResources (Thread[#44050,Execution worker Thread 24,5,main]) started.
[        ] > Task :shared_preferences_android:packageDebugResources UP-TO-DATE
[        ] Caching disabled for task ':shared_preferences_android:packageDebugResources' because:
[        ]   Build cache is disabled
[        ] Skipping task ':shared_preferences_android:packageDebugResources' as it is up-to-date.
[        ] work action resolve packageDebugResources (project :shared_preferences_android) (Thread[#44050,Execution worker Thread 24,5,main]) started.
[        ] Resolve mutations for :sqflite_android:generateDebugResValues (Thread[#44050,Execution worker Thread 24,5,main]) started.
[        ] :sqflite_android:generateDebugResValues (Thread[#44050,Execution worker Thread 24,5,main]) started.
[        ] > Task :sqflite_android:generateDebugResValues UP-TO-DATE
[        ] Caching disabled for task ':sqflite_android:generateDebugResValues' because:
[        ]   Build cache is disabled
[        ] Skipping task ':sqflite_android:generateDebugResValues' as it is up-to-date.
[        ] Resolve mutations for :sqflite_android:generateDebugResources (Thread[#44050,Execution worker Thread 24,5,main]) started.
[        ] :sqflite_android:generateDebugResources (Thread[#44050,Execution worker Thread 24,5,main]) started.
[        ] > Task :sqflite_android:generateDebugResources UP-TO-DATE
[        ] Caching disabled for task ':sqflite_android:generateDebugResources' because:
[        ]   Build cache is disabled
[        ] Skipping task ':sqflite_android:generateDebugResources' as it is up-to-date.
[        ] Resolve mutations for :sqflite_android:packageDebugResources (Thread[#44050,Execution worker Thread 24,5,main]) started.
[        ] :sqflite_android:packageDebugResources (Thread[#44050,Execution worker Thread 24,5,main]) started.
[        ] > Task :sqflite_android:packageDebugResources UP-TO-DATE
[        ] Caching disabled for task ':sqflite_android:packageDebugResources' because:
[        ]   Build cache is disabled
[        ] Skipping task ':sqflite_android:packageDebugResources' as it is up-to-date.
[        ] work action resolve packageDebugResources (project :sqflite_android) (Thread[#44050,Execution worker Thread 24,5,main]) started.
[        ] Resolve mutations for :url_launcher_android:generateDebugResValues (Thread[#44050,Execution worker Thread 24,5,main]) started.
[        ] :url_launcher_android:generateDebugResValues (Thread[#44050,Execution worker Thread 24,5,main]) started.
[        ] > Task :url_launcher_android:generateDebugResValues UP-TO-DATE
[        ] Caching disabled for task ':url_launcher_android:generateDebugResValues' because:
[        ]   Build cache is disabled
[        ] Skipping task ':url_launcher_android:generateDebugResValues' as it is up-to-date.
[        ] Resolve mutations for :url_launcher_android:generateDebugResources (Thread[#44050,Execution worker Thread 24,5,main]) started.
[        ] :url_launcher_android:generateDebugResources (Thread[#44050,Execution worker Thread 24,5,main]) started.
[        ] > Task :url_launcher_android:generateDebugResources UP-TO-DATE
[        ] Caching disabled for task ':url_launcher_android:generateDebugResources' because:
[        ]   Build cache is disabled
[        ] Skipping task ':url_launcher_android:generateDebugResources' as it is up-to-date.
[        ] Resolve mutations for :url_launcher_android:packageDebugResources (Thread[#44050,Execution worker Thread 24,5,main]) started.
[        ] :url_launcher_android:packageDebugResources (Thread[#44050,Execution worker Thread 24,5,main]) started.
[        ] > Task :url_launcher_android:packageDebugResources UP-TO-DATE
[        ] Caching disabled for task ':url_launcher_android:packageDebugResources' because:
[        ]   Build cache is disabled
[        ] Skipping task ':url_launcher_android:packageDebugResources' as it is up-to-date.
[        ] work action resolve packageDebugResources (project :url_launcher_android) (Thread[#44050,Execution worker Thread 24,5,main]) started.
[        ] Resolve mutations for :video_player_android:generateDebugResValues (Thread[#44050,Execution worker Thread 24,5,main]) started.
[        ] :video_player_android:generateDebugResValues (Thread[#44050,Execution worker Thread 24,5,main]) started.
[        ] > Task :video_player_android:generateDebugResValues UP-TO-DATE
[        ] Caching disabled for task ':video_player_android:generateDebugResValues' because:
[        ]   Build cache is disabled
[        ] Skipping task ':video_player_android:generateDebugResValues' as it is up-to-date.
[        ] Resolve mutations for :video_player_android:generateDebugResources (Thread[#44050,Execution worker Thread 24,5,main]) started.
[        ] :video_player_android:generateDebugResources (Thread[#44050,Execution worker Thread 24,5,main]) started.
[        ] > Task :video_player_android:generateDebugResources UP-TO-DATE
[        ] Caching disabled for task ':video_player_android:generateDebugResources' because:
[        ]   Build cache is disabled
[        ] Skipping task ':video_player_android:generateDebugResources' as it is up-to-date.
[        ] Resolve mutations for :video_player_android:packageDebugResources (Thread[#44050,Execution worker Thread 24,5,main]) started.
[        ] :video_player_android:packageDebugResources (Thread[#44050,Execution worker Thread 24,5,main]) started.
[        ] > Task :video_player_android:packageDebugResources UP-TO-DATE
[        ] Caching disabled for task ':video_player_android:packageDebugResources' because:
[        ]   Build cache is disabled
[        ] Skipping task ':video_player_android:packageDebugResources' as it is up-to-date.
[        ] work action resolve packageDebugResources (project :video_player_android) (Thread[#44050,Execution worker Thread 24,5,main]) started.
[        ] Resolve mutations for :app:mapDebugSourceSetPaths (Thread[#44050,Execution worker Thread 24,5,main]) started.
[        ] :app:mapDebugSourceSetPaths (Thread[#44050,Execution worker Thread 24,5,main]) started.
[        ] > Task :app:mapDebugSourceSetPaths UP-TO-DATE
[        ] Caching disabled for task ':app:mapDebugSourceSetPaths' because:
[        ]   Build cache is disabled
[        ]   Caching has been disabled for the task
[        ] Skipping task ':app:mapDebugSourceSetPaths' as it is up-to-date.
[        ] Resolve mutations for :app:generateDebugResources (Thread[#44050,Execution worker Thread 24,5,main]) started.
[        ] :app:generateDebugResources (Thread[#44046,Execution worker Thread 20,5,main]) started.
[        ] > Task :app:generateDebugResources UP-TO-DATE
[        ] Caching disabled for task ':app:generateDebugResources' because:
[        ]   Build cache is disabled
[        ] Skipping task ':app:generateDebugResources' as it is up-to-date.
[        ] Resolve mutations for :app:mergeDebugResources (Thread[#44046,Execution worker Thread 20,5,main]) started.
[        ] :app:mergeDebugResources (Thread[#44046,Execution worker Thread 20,5,main]) started.
[        ] > Task :app:mergeDebugResources UP-TO-DATE
[        ] Caching disabled for task ':app:mergeDebugResources' because:
[        ]   Build cache is disabled
[        ] Skipping task ':app:mergeDebugResources' as it is up-to-date.
[        ] Resolve mutations for :app:packageDebugResources (Thread[#44046,Execution worker Thread 20,5,main]) started.
[        ] :app:packageDebugResources (Thread[#44046,Execution worker Thread 20,5,main]) started.
[        ] > Task :app:packageDebugResources UP-TO-DATE
[        ] Caching disabled for task ':app:packageDebugResources' because:
[        ]   Build cache is disabled
[        ] Skipping task ':app:packageDebugResources' as it is up-to-date.
[        ] Resolve mutations for :app:parseDebugLocalResources (Thread[#44046,Execution worker Thread 20,5,main]) started.
[        ] :app:parseDebugLocalResources (Thread[#44046,Execution worker Thread 20,5,main]) started.
[        ] > Task :app:parseDebugLocalResources UP-TO-DATE
[        ] Caching disabled for task ':app:parseDebugLocalResources' because:
[        ]   Build cache is disabled
[        ] Skipping task ':app:parseDebugLocalResources' as it is up-to-date.
[        ] Resolve mutations for :app:createDebugCompatibleScreenManifests (Thread[#44046,Execution worker Thread 20,5,main]) started.
[        ] :app:createDebugCompatibleScreenManifests (Thread[#44046,Execution worker Thread 20,5,main]) started.
[        ] > Task :app:createDebugCompatibleScreenManifests UP-TO-DATE
[        ] Caching disabled for task ':app:createDebugCompatibleScreenManifests' because:
[        ]   Build cache is disabled
[        ]   Caching has been disabled for the task
[        ] Skipping task ':app:createDebugCompatibleScreenManifests' as it is up-to-date.
[        ] Resolve mutations for :app:extractDeepLinksDebug (Thread[#44046,Execution worker Thread 20,5,main]) started.
[        ] :app:extractDeepLinksDebug (Thread[#44046,Execution worker Thread 20,5,main]) started.
[        ] > Task :app:extractDeepLinksDebug UP-TO-DATE
[        ] Caching disabled for task ':app:extractDeepLinksDebug' because:
[        ]   Build cache is disabled
[        ] Skipping task ':app:extractDeepLinksDebug' as it is up-to-date.
[        ] Resolve mutations for :connectivity_plus:extractDeepLinksDebug (Thread[#44046,Execution worker Thread 20,5,main]) started.
[        ] :connectivity_plus:extractDeepLinksDebug (Thread[#44046,Execution worker Thread 20,5,main]) started.
[        ] > Task :connectivity_plus:extractDeepLinksDebug UP-TO-DATE
[        ] Caching disabled for task ':connectivity_plus:extractDeepLinksDebug' because:
[        ]   Build cache is disabled
[        ] Skipping task ':connectivity_plus:extractDeepLinksDebug' as it is up-to-date.
[        ] work action resolve navigation.json (project :connectivity_plus) (Thread[#44046,Execution worker Thread 20,5,main]) started.
[        ] Resolve mutations for :connectivity_plus:processDebugManifest (Thread[#44046,Execution worker Thread 20,5,main]) started.
[        ] :connectivity_plus:processDebugManifest (Thread[#44046,Execution worker Thread 20,5,main]) started.
[        ] > Task :connectivity_plus:processDebugManifest UP-TO-DATE
[        ] Caching disabled for task ':connectivity_plus:processDebugManifest' because:
[        ]   Build cache is disabled
[        ] Skipping task ':connectivity_plus:processDebugManifest' as it is up-to-date.
[        ] work action resolve AndroidManifest.xml (project :connectivity_plus) (Thread[#44046,Execution worker Thread 20,5,main]) started.
[        ] Resolve mutations for :emoji_picker_flutter:extractDeepLinksDebug (Thread[#44046,Execution worker Thread 20,5,main]) started.
[        ] :emoji_picker_flutter:extractDeepLinksDebug (Thread[#44046,Execution worker Thread 20,5,main]) started.
[        ] > Task :emoji_picker_flutter:extractDeepLinksDebug UP-TO-DATE
[        ] Caching disabled for task ':emoji_picker_flutter:extractDeepLinksDebug' because:
[        ]   Build cache is disabled
[        ] Skipping task ':emoji_picker_flutter:extractDeepLinksDebug' as it is up-to-date.
[        ] work action resolve navigation.json (project :emoji_picker_flutter) (Thread[#44046,Execution worker Thread 20,5,main]) started.
[        ] Resolve mutations for :emoji_picker_flutter:processDebugManifest (Thread[#44046,Execution worker Thread 20,5,main]) started.
[        ] :emoji_picker_flutter:processDebugManifest (Thread[#44046,Execution worker Thread 20,5,main]) started.
[        ] > Task :emoji_picker_flutter:processDebugManifest UP-TO-DATE
[        ] Caching disabled for task ':emoji_picker_flutter:processDebugManifest' because:
[        ]   Build cache is disabled
[        ] Skipping task ':emoji_picker_flutter:processDebugManifest' as it is up-to-date.
[        ] work action resolve AndroidManifest.xml (project :emoji_picker_flutter) (Thread[#44046,Execution worker Thread 20,5,main]) started.
[        ] Resolve mutations for :file_selector_android:extractDeepLinksDebug (Thread[#44046,Execution worker Thread 20,5,main]) started.
[        ] :file_selector_android:extractDeepLinksDebug (Thread[#44046,Execution worker Thread 20,5,main]) started.
[        ] > Task :file_selector_android:extractDeepLinksDebug UP-TO-DATE
[        ] Caching disabled for task ':file_selector_android:extractDeepLinksDebug' because:
[        ]   Build cache is disabled
[        ] Skipping task ':file_selector_android:extractDeepLinksDebug' as it is up-to-date.
[        ] work action resolve navigation.json (project :file_selector_android) (Thread[#44046,Execution worker Thread 20,5,main]) started.
[        ] Resolve mutations for :file_selector_android:processDebugManifest (Thread[#44046,Execution worker Thread 20,5,main]) started.
[        ] :file_selector_android:processDebugManifest (Thread[#44046,Execution worker Thread 20,5,main]) started.
[        ] > Task :file_selector_android:processDebugManifest UP-TO-DATE
[        ] Caching disabled for task ':file_selector_android:processDebugManifest' because:
[        ]   Build cache is disabled
[        ] Skipping task ':file_selector_android:processDebugManifest' as it is up-to-date.
[        ] work action resolve AndroidManifest.xml (project :file_selector_android) (Thread[#44046,Execution worker Thread 20,5,main]) started.
[        ] Resolve mutations for :flutter_keyboard_visibility_temp_fork:extractDeepLinksDebug (Thread[#44046,Execution worker Thread 20,5,main]) started.
[        ] :flutter_keyboard_visibility_temp_fork:extractDeepLinksDebug (Thread[#44046,Execution worker Thread 20,5,main]) started.
[        ] > Task :flutter_keyboard_visibility_temp_fork:extractDeepLinksDebug UP-TO-DATE
[        ] Caching disabled for task ':flutter_keyboard_visibility_temp_fork:extractDeepLinksDebug' because:
[        ]   Build cache is disabled
[        ] Skipping task ':flutter_keyboard_visibility_temp_fork:extractDeepLinksDebug' as it is up-to-date.
[        ] work action resolve navigation.json (project :flutter_keyboard_visibility_temp_fork) (Thread[#44046,Execution worker Thread 20,5,main]) started.
[        ] Resolve mutations for :flutter_keyboard_visibility_temp_fork:processDebugManifest (Thread[#44046,Execution worker Thread 20,5,main]) started.
[        ] :flutter_keyboard_visibility_temp_fork:processDebugManifest (Thread[#44046,Execution worker Thread 20,5,main]) started.
[        ] > Task :flutter_keyboard_visibility_temp_fork:processDebugManifest UP-TO-DATE
[        ] Caching disabled for task ':flutter_keyboard_visibility_temp_fork:processDebugManifest' because:
[        ]   Build cache is disabled
[        ] Skipping task ':flutter_keyboard_visibility_temp_fork:processDebugManifest' as it is up-to-date.
[        ] work action resolve AndroidManifest.xml (project :flutter_keyboard_visibility_temp_fork) (Thread[#44046,Execution worker Thread 20,5,main]) started.
[        ] Resolve mutations for :flutter_native_splash:extractDeepLinksDebug (Thread[#44046,Execution worker Thread 20,5,main]) started.
[        ] :flutter_native_splash:extractDeepLinksDebug (Thread[#44046,Execution worker Thread 20,5,main]) started.
[        ] > Task :flutter_native_splash:extractDeepLinksDebug UP-TO-DATE
[        ] Caching disabled for task ':flutter_native_splash:extractDeepLinksDebug' because:
[        ]   Build cache is disabled
[        ] Skipping task ':flutter_native_splash:extractDeepLinksDebug' as it is up-to-date.
[        ] work action resolve navigation.json (project :flutter_native_splash) (Thread[#44046,Execution worker Thread 20,5,main]) started.
[        ] Resolve mutations for :flutter_native_splash:processDebugManifest (Thread[#44046,Execution worker Thread 20,5,main]) started.
[        ] :flutter_native_splash:processDebugManifest (Thread[#44046,Execution worker Thread 20,5,main]) started.
[        ] > Task :flutter_native_splash:processDebugManifest UP-TO-DATE
[        ] Caching disabled for task ':flutter_native_splash:processDebugManifest' because:
[        ]   Build cache is disabled
[        ] Skipping task ':flutter_native_splash:processDebugManifest' as it is up-to-date.
[        ] work action resolve AndroidManifest.xml (project :flutter_native_splash) (Thread[#44046,Execution worker Thread 20,5,main]) started.
[        ] Resolve mutations for :flutter_olm:extractDeepLinksDebug (Thread[#44046,Execution worker Thread 20,5,main]) started.
[        ] :flutter_olm:extractDeepLinksDebug (Thread[#44046,Execution worker Thread 20,5,main]) started.
[        ] > Task :flutter_olm:extractDeepLinksDebug UP-TO-DATE
[        ] Caching disabled for task ':flutter_olm:extractDeepLinksDebug' because:
[        ]   Build cache is disabled
[        ] Skipping task ':flutter_olm:extractDeepLinksDebug' as it is up-to-date.
[        ] work action resolve navigation.json (project :flutter_olm) (Thread[#44046,Execution worker Thread 20,5,main]) started.
[        ] Resolve mutations for :flutter_olm:processDebugManifest (Thread[#44046,Execution worker Thread 20,5,main]) started.
[        ] :flutter_olm:processDebugManifest (Thread[#44046,Execution worker Thread 20,5,main]) started.
[        ] > Task :flutter_olm:processDebugManifest UP-TO-DATE
[        ] Caching disabled for task ':flutter_olm:processDebugManifest' because:
[        ]   Build cache is disabled
[        ] Skipping task ':flutter_olm:processDebugManifest' as it is up-to-date.
[        ] work action resolve AndroidManifest.xml (project :flutter_olm) (Thread[#44046,Execution worker Thread 20,5,main]) started.
[        ] Resolve mutations for :flutter_openssl_crypto:extractDeepLinksDebug (Thread[#44046,Execution worker Thread 20,5,main]) started.
[        ] :flutter_openssl_crypto:extractDeepLinksDebug (Thread[#44046,Execution worker Thread 20,5,main]) started.
[        ] > Task :flutter_openssl_crypto:extractDeepLinksDebug UP-TO-DATE
[        ] Caching disabled for task ':flutter_openssl_crypto:extractDeepLinksDebug' because:
[        ]   Build cache is disabled
[        ] Skipping task ':flutter_openssl_crypto:extractDeepLinksDebug' as it is up-to-date.
[        ] work action resolve navigation.json (project :flutter_openssl_crypto) (Thread[#44046,Execution worker Thread 20,5,main]) started.
[        ] Resolve mutations for :flutter_openssl_crypto:processDebugManifest (Thread[#44046,Execution worker Thread 20,5,main]) started.
[        ] :flutter_openssl_crypto:processDebugManifest (Thread[#44046,Execution worker Thread 20,5,main]) started.
[        ] > Task :flutter_openssl_crypto:processDebugManifest UP-TO-DATE
[        ] Caching disabled for task ':flutter_openssl_crypto:processDebugManifest' because:
[        ]   Build cache is disabled
[        ] Skipping task ':flutter_openssl_crypto:processDebugManifest' as it is up-to-date.
[        ] work action resolve AndroidManifest.xml (project :flutter_openssl_crypto) (Thread[#44046,Execution worker Thread 20,5,main]) started.
[        ] Resolve mutations for :integration_test:extractDeepLinksDebug (Thread[#44046,Execution worker Thread 20,5,main]) started.
[        ] :integration_test:extractDeepLinksDebug (Thread[#44046,Execution worker Thread 20,5,main]) started.
[        ] > Task :integration_test:extractDeepLinksDebug UP-TO-DATE
[        ] Caching disabled for task ':integration_test:extractDeepLinksDebug' because:
[        ]   Build cache is disabled
[        ] Skipping task ':integration_test:extractDeepLinksDebug' as it is up-to-date.
[        ] work action resolve navigation.json (project :integration_test) (Thread[#44046,Execution worker Thread 20,5,main]) started.
[        ] Resolve mutations for :integration_test:processDebugManifest (Thread[#44046,Execution worker Thread 20,5,main]) started.
[        ] :integration_test:processDebugManifest (Thread[#44046,Execution worker Thread 20,5,main]) started.
[        ] > Task :integration_test:processDebugManifest UP-TO-DATE
[        ] Caching disabled for task ':integration_test:processDebugManifest' because:
[        ]   Build cache is disabled
[        ] Skipping task ':integration_test:processDebugManifest' as it is up-to-date.
[        ] work action resolve AndroidManifest.xml (project :integration_test) (Thread[#44046,Execution worker Thread 20,5,main]) started.
[        ] Resolve mutations for :path_provider_android:extractDeepLinksDebug (Thread[#44046,Execution worker Thread 20,5,main]) started.
[        ] :path_provider_android:extractDeepLinksDebug (Thread[#44046,Execution worker Thread 20,5,main]) started.
[        ] > Task :path_provider_android:extractDeepLinksDebug UP-TO-DATE
[        ] Caching disabled for task ':path_provider_android:extractDeepLinksDebug' because:
[        ]   Build cache is disabled
[        ] Skipping task ':path_provider_android:extractDeepLinksDebug' as it is up-to-date.
[        ] work action resolve navigation.json (project :path_provider_android) (Thread[#44046,Execution worker Thread 20,5,main]) started.
[        ] Resolve mutations for :path_provider_android:processDebugManifest (Thread[#44046,Execution worker Thread 20,5,main]) started.
[        ] :path_provider_android:processDebugManifest (Thread[#44046,Execution worker Thread 20,5,main]) started.
[        ] > Task :path_provider_android:processDebugManifest UP-TO-DATE
[        ] Caching disabled for task ':path_provider_android:processDebugManifest' because:
[        ]   Build cache is disabled
[        ] Skipping task ':path_provider_android:processDebugManifest' as it is up-to-date.
[        ] work action resolve AndroidManifest.xml (project :path_provider_android) (Thread[#44046,Execution worker Thread 20,5,main]) started.
[        ] Resolve mutations for :quill_native_bridge_android:extractDeepLinksDebug (Thread[#44046,Execution worker Thread 20,5,main]) started.
[        ] :quill_native_bridge_android:extractDeepLinksDebug (Thread[#44046,Execution worker Thread 20,5,main]) started.
[        ] > Task :quill_native_bridge_android:extractDeepLinksDebug UP-TO-DATE
[        ] Caching disabled for task ':quill_native_bridge_android:extractDeepLinksDebug' because:
[        ]   Build cache is disabled
[        ] Skipping task ':quill_native_bridge_android:extractDeepLinksDebug' as it is up-to-date.
[        ] work action resolve navigation.json (project :quill_native_bridge_android) (Thread[#44046,Execution worker Thread 20,5,main]) started.
[        ] Resolve mutations for :quill_native_bridge_android:processDebugManifest (Thread[#44046,Execution worker Thread 20,5,main]) started.
[  +96 ms] :quill_native_bridge_android:processDebugManifest (Thread[#44046,Execution worker Thread 20,5,main]) started.
[        ] > Task :quill_native_bridge_android:processDebugManifest UP-TO-DATE
[        ] Caching disabled for task ':quill_native_bridge_android:processDebugManifest' because:
[        ]   Build cache is disabled
[        ] Skipping task ':quill_native_bridge_android:processDebugManifest' as it is up-to-date.
[        ] work action resolve AndroidManifest.xml (project :quill_native_bridge_android) (Thread[#44046,Execution worker Thread 20,5,main]) started.
[        ] Resolve mutations for :shared_preferences_android:extractDeepLinksDebug (Thread[#44046,Execution worker Thread 20,5,main]) started.
[        ] :shared_preferences_android:extractDeepLinksDebug (Thread[#44046,Execution worker Thread 20,5,main]) started.
[        ] > Task :shared_preferences_android:extractDeepLinksDebug UP-TO-DATE
[        ] Caching disabled for task ':shared_preferences_android:extractDeepLinksDebug' because:
[        ]   Build cache is disabled
[        ] Skipping task ':shared_preferences_android:extractDeepLinksDebug' as it is up-to-date.
[        ] work action resolve navigation.json (project :shared_preferences_android) (Thread[#44046,Execution worker Thread 20,5,main]) started.
[        ] Resolve mutations for :shared_preferences_android:processDebugManifest (Thread[#44046,Execution worker Thread 20,5,main]) started.
[        ] :shared_preferences_android:processDebugManifest (Thread[#44046,Execution worker Thread 20,5,main]) started.
[        ] > Task :shared_preferences_android:processDebugManifest UP-TO-DATE
[        ] Caching disabled for task ':shared_preferences_android:processDebugManifest' because:
[        ]   Build cache is disabled
[        ] Skipping task ':shared_preferences_android:processDebugManifest' as it is up-to-date.
[        ] work action resolve AndroidManifest.xml (project :shared_preferences_android) (Thread[#44046,Execution worker Thread 20,5,main]) started.
[        ] Resolve mutations for :sqflite_android:extractDeepLinksDebug (Thread[#44046,Execution worker Thread 20,5,main]) started.
[        ] :sqflite_android:extractDeepLinksDebug (Thread[#44046,Execution worker Thread 20,5,main]) started.
[        ] > Task :sqflite_android:extractDeepLinksDebug UP-TO-DATE
[        ] Caching disabled for task ':sqflite_android:extractDeepLinksDebug' because:
[        ]   Build cache is disabled
[        ] Skipping task ':sqflite_android:extractDeepLinksDebug' as it is up-to-date.
[        ] work action resolve navigation.json (project :sqflite_android) (Thread[#44046,Execution worker Thread 20,5,main]) started.
[        ] Resolve mutations for :sqflite_android:processDebugManifest (Thread[#44046,Execution worker Thread 20,5,main]) started.
[        ] :sqflite_android:processDebugManifest (Thread[#44046,Execution worker Thread 20,5,main]) started.
[        ] > Task :sqflite_android:processDebugManifest UP-TO-DATE
[        ] Caching disabled for task ':sqflite_android:processDebugManifest' because:
[        ]   Build cache is disabled
[        ] Skipping task ':sqflite_android:processDebugManifest' as it is up-to-date.
[        ] work action resolve AndroidManifest.xml (project :sqflite_android) (Thread[#44046,Execution worker Thread 20,5,main]) started.
[        ] Resolve mutations for :url_launcher_android:extractDeepLinksDebug (Thread[#44046,Execution worker Thread 20,5,main]) started.
[        ] :url_launcher_android:extractDeepLinksDebug (Thread[#44046,Execution worker Thread 20,5,main]) started.
[        ] > Task :url_launcher_android:extractDeepLinksDebug UP-TO-DATE
[        ] Caching disabled for task ':url_launcher_android:extractDeepLinksDebug' because:
[        ]   Build cache is disabled
[        ] Skipping task ':url_launcher_android:extractDeepLinksDebug' as it is up-to-date.
[        ] work action resolve navigation.json (project :url_launcher_android) (Thread[#44046,Execution worker Thread 20,5,main]) started.
[        ] Resolve mutations for :url_launcher_android:processDebugManifest (Thread[#44046,Execution worker Thread 20,5,main]) started.
[        ] :url_launcher_android:processDebugManifest (Thread[#44046,Execution worker Thread 20,5,main]) started.
[        ] > Task :url_launcher_android:processDebugManifest UP-TO-DATE
[        ] Caching disabled for task ':url_launcher_android:processDebugManifest' because:
[        ]   Build cache is disabled
[        ] Skipping task ':url_launcher_android:processDebugManifest' as it is up-to-date.
[        ] work action resolve AndroidManifest.xml (project :url_launcher_android) (Thread[#44046,Execution worker Thread 20,5,main]) started.
[        ] Resolve mutations for :video_player_android:extractDeepLinksDebug (Thread[#44046,Execution worker Thread 20,5,main]) started.
[        ] :video_player_android:extractDeepLinksDebug (Thread[#44046,Execution worker Thread 20,5,main]) started.
[        ] > Task :video_player_android:extractDeepLinksDebug UP-TO-DATE
[        ] Caching disabled for task ':video_player_android:extractDeepLinksDebug' because:
[        ]   Build cache is disabled
[        ] Skipping task ':video_player_android:extractDeepLinksDebug' as it is up-to-date.
[        ] work action resolve navigation.json (project :video_player_android) (Thread[#44046,Execution worker Thread 20,5,main]) started.
[        ] Resolve mutations for :video_player_android:processDebugManifest (Thread[#44046,Execution worker Thread 20,5,main]) started.
[        ] :video_player_android:processDebugManifest (Thread[#44046,Execution worker Thread 20,5,main]) started.
[        ] > Task :video_player_android:processDebugManifest UP-TO-DATE
[        ] Caching disabled for task ':video_player_android:processDebugManifest' because:
[        ]   Build cache is disabled
[        ] Skipping task ':video_player_android:processDebugManifest' as it is up-to-date.
[        ] work action resolve AndroidManifest.xml (project :video_player_android) (Thread[#44046,Execution worker Thread 20,5,main]) started.
[        ] Resolve mutations for :app:processDebugMainManifest (Thread[#44046,Execution worker Thread 20,5,main]) started.
[        ] :app:processDebugMainManifest (Thread[#44046,Execution worker Thread 20,5,main]) started.
[        ] > Task :app:processDebugMainManifest UP-TO-DATE
[        ] Caching disabled for task ':app:processDebugMainManifest' because:
[        ]   Build cache is disabled
[        ] Skipping task ':app:processDebugMainManifest' as it is up-to-date.
[        ] Resolve mutations for :app:outputDebugAppLinkSettings (Thread[#44046,Execution worker Thread 20,5,main]) started.
[        ] :app:outputDebugAppLinkSettings (Thread[#44046,Execution worker Thread 20,5,main]) started.
[        ] > Task :app:outputDebugAppLinkSettings UP-TO-DATE
[        ] Caching disabled for task ':app:outputDebugAppLinkSettings' because:
[        ]   Build cache is disabled
[        ]   Caching has not been enabled for the task
[        ] Skipping task ':app:outputDebugAppLinkSettings' as it is up-to-date.
[        ] Resolve mutations for :app:processDebugManifest (Thread[#44046,Execution worker Thread 20,5,main]) started.
[        ] :app:processDebugManifest (Thread[#44046,Execution worker Thread 20,5,main]) started.
[        ] > Task :app:processDebugManifest UP-TO-DATE
[        ] Caching disabled for task ':app:processDebugManifest' because:
[        ]   Build cache is disabled
[        ] Skipping task ':app:processDebugManifest' as it is up-to-date.
[        ] Resolve mutations for :app:processDebugManifestForPackage (Thread[#44046,Execution worker Thread 20,5,main]) started.
[        ] :app:processDebugManifestForPackage (Thread[#44046,Execution worker Thread 20,5,main]) started.
[        ] > Task :app:processDebugManifestForPackage UP-TO-DATE
[        ] Custom actions are attached to task ':app:processDebugManifestForPackage'.
[        ] Caching disabled for task ':app:processDebugManifestForPackage' because:
[        ]   Build cache is disabled
[        ] Skipping task ':app:processDebugManifestForPackage' as it is up-to-date.
[        ] Resolve mutations for :connectivity_plus:compileDebugLibraryResources (Thread[#44046,Execution worker Thread 20,5,main]) started.
[        ] :connectivity_plus:compileDebugLibraryResources (Thread[#44046,Execution worker Thread 20,5,main]) started.
[        ] > Task :connectivity_plus:compileDebugLibraryResources UP-TO-DATE
[        ] Caching disabled for task ':connectivity_plus:compileDebugLibraryResources' because:
[        ]   Build cache is disabled
[        ] Skipping task ':connectivity_plus:compileDebugLibraryResources' as it is up-to-date.
[        ] work action resolve out (project :connectivity_plus) (Thread[#44046,Execution worker Thread 20,5,main]) started.
[        ] Resolve mutations for :connectivity_plus:parseDebugLocalResources (Thread[#44046,Execution worker Thread 20,5,main]) started.
[        ] :connectivity_plus:parseDebugLocalResources (Thread[#44046,Execution worker Thread 20,5,main]) started.
[        ] > Task :connectivity_plus:parseDebugLocalResources UP-TO-DATE
[        ] Caching disabled for task ':connectivity_plus:parseDebugLocalResources' because:
[        ]   Build cache is disabled
[        ] Skipping task ':connectivity_plus:parseDebugLocalResources' as it is up-to-date.
[        ] Resolve mutations for :connectivity_plus:generateDebugRFile (Thread[#44046,Execution worker Thread 20,5,main]) started.
[        ] :connectivity_plus:generateDebugRFile (Thread[#44046,Execution worker Thread 20,5,main]) started.
[        ] > Task :connectivity_plus:generateDebugRFile UP-TO-DATE
[        ] Caching disabled for task ':connectivity_plus:generateDebugRFile' because:
[        ]   Build cache is disabled
[        ] Skipping task ':connectivity_plus:generateDebugRFile' as it is up-to-date.
[        ] work action resolve package-aware-r.txt (project :connectivity_plus) (Thread[#44046,Execution worker Thread 20,5,main]) started.
[        ] Resolve mutations for :emoji_picker_flutter:compileDebugLibraryResources (Thread[#44046,Execution worker Thread 20,5,main]) started.
[        ] :emoji_picker_flutter:compileDebugLibraryResources (Thread[#44046,Execution worker Thread 20,5,main]) started.
[        ] > Task :emoji_picker_flutter:compileDebugLibraryResources UP-TO-DATE
[        ] Caching disabled for task ':emoji_picker_flutter:compileDebugLibraryResources' because:
[        ]   Build cache is disabled
[        ] Skipping task ':emoji_picker_flutter:compileDebugLibraryResources' as it is up-to-date.
[        ] work action resolve out (project :emoji_picker_flutter) (Thread[#44046,Execution worker Thread 20,5,main]) started.
[        ] Resolve mutations for :emoji_picker_flutter:parseDebugLocalResources (Thread[#44046,Execution worker Thread 20,5,main]) started.
[        ] :emoji_picker_flutter:parseDebugLocalResources (Thread[#44046,Execution worker Thread 20,5,main]) started.
[        ] > Task :emoji_picker_flutter:parseDebugLocalResources UP-TO-DATE
[        ] Caching disabled for task ':emoji_picker_flutter:parseDebugLocalResources' because:
[        ]   Build cache is disabled
[        ] Skipping task ':emoji_picker_flutter:parseDebugLocalResources' as it is up-to-date.
[        ] Resolve mutations for :emoji_picker_flutter:generateDebugRFile (Thread[#44046,Execution worker Thread 20,5,main]) started.
[        ] :emoji_picker_flutter:generateDebugRFile (Thread[#44046,Execution worker Thread 20,5,main]) started.
[        ] > Task :emoji_picker_flutter:generateDebugRFile UP-TO-DATE
[        ] Caching disabled for task ':emoji_picker_flutter:generateDebugRFile' because:
[        ]   Build cache is disabled
[        ] Skipping task ':emoji_picker_flutter:generateDebugRFile' as it is up-to-date.
[        ] work action resolve package-aware-r.txt (project :emoji_picker_flutter) (Thread[#44046,Execution worker Thread 20,5,main]) started.
[        ] Resolve mutations for :file_selector_android:compileDebugLibraryResources (Thread[#44046,Execution worker Thread 20,5,main]) started.
[        ] :file_selector_android:compileDebugLibraryResources (Thread[#44046,Execution worker Thread 20,5,main]) started.
[        ] > Task :file_selector_android:compileDebugLibraryResources UP-TO-DATE
[        ] Caching disabled for task ':file_selector_android:compileDebugLibraryResources' because:
[        ]   Build cache is disabled
[        ] Skipping task ':file_selector_android:compileDebugLibraryResources' as it is up-to-date.
[        ] work action resolve out (project :file_selector_android) (Thread[#44046,Execution worker Thread 20,5,main]) started.
[        ] Resolve mutations for :file_selector_android:parseDebugLocalResources (Thread[#44046,Execution worker Thread 20,5,main]) started.
[        ] :file_selector_android:parseDebugLocalResources (Thread[#44046,Execution worker Thread 20,5,main]) started.
[        ] > Task :file_selector_android:parseDebugLocalResources UP-TO-DATE
[        ] Caching disabled for task ':file_selector_android:parseDebugLocalResources' because:
[        ]   Build cache is disabled
[        ] Skipping task ':file_selector_android:parseDebugLocalResources' as it is up-to-date.
[        ] Resolve mutations for :file_selector_android:generateDebugRFile (Thread[#44046,Execution worker Thread 20,5,main]) started.
[        ] :file_selector_android:generateDebugRFile (Thread[#44046,Execution worker Thread 20,5,main]) started.
[        ] > Task :file_selector_android:generateDebugRFile UP-TO-DATE
[        ] Caching disabled for task ':file_selector_android:generateDebugRFile' because:
[        ]   Build cache is disabled
[        ] Skipping task ':file_selector_android:generateDebugRFile' as it is up-to-date.
[        ] work action resolve package-aware-r.txt (project :file_selector_android) (Thread[#44046,Execution worker Thread 20,5,main]) started.
[        ] Resolve mutations for :flutter_keyboard_visibility_temp_fork:compileDebugLibraryResources (Thread[#44046,Execution worker Thread 20,5,main]) started.
[        ] :flutter_keyboard_visibility_temp_fork:compileDebugLibraryResources (Thread[#44046,Execution worker Thread 20,5,main]) started.
[        ] > Task :flutter_keyboard_visibility_temp_fork:compileDebugLibraryResources UP-TO-DATE
[        ] Caching disabled for task ':flutter_keyboard_visibility_temp_fork:compileDebugLibraryResources' because:
[        ]   Build cache is disabled
[        ] Skipping task ':flutter_keyboard_visibility_temp_fork:compileDebugLibraryResources' as it is up-to-date.
[        ] work action resolve out (project :flutter_keyboard_visibility_temp_fork) (Thread[#44046,Execution worker Thread 20,5,main]) started.
[        ] Resolve mutations for :flutter_keyboard_visibility_temp_fork:parseDebugLocalResources (Thread[#44046,Execution worker Thread 20,5,main]) started.
[        ] :flutter_keyboard_visibility_temp_fork:parseDebugLocalResources (Thread[#44046,Execution worker Thread 20,5,main]) started.
[        ] > Task :flutter_keyboard_visibility_temp_fork:parseDebugLocalResources UP-TO-DATE
[        ] Caching disabled for task ':flutter_keyboard_visibility_temp_fork:parseDebugLocalResources' because:
[        ]   Build cache is disabled
[        ] Skipping task ':flutter_keyboard_visibility_temp_fork:parseDebugLocalResources' as it is up-to-date.
[        ] Resolve mutations for :flutter_keyboard_visibility_temp_fork:generateDebugRFile (Thread[#44046,Execution worker Thread 20,5,main]) started.
[        ] :flutter_keyboard_visibility_temp_fork:generateDebugRFile (Thread[#44046,Execution worker Thread 20,5,main]) started.
[        ] > Task :flutter_keyboard_visibility_temp_fork:generateDebugRFile UP-TO-DATE
[        ] Caching disabled for task ':flutter_keyboard_visibility_temp_fork:generateDebugRFile' because:
[        ]   Build cache is disabled
[        ] Skipping task ':flutter_keyboard_visibility_temp_fork:generateDebugRFile' as it is up-to-date.
[        ] work action resolve package-aware-r.txt (project :flutter_keyboard_visibility_temp_fork) (Thread[#44046,Execution worker Thread 20,5,main]) started.
[        ] Resolve mutations for :flutter_native_splash:compileDebugLibraryResources (Thread[#44046,Execution worker Thread 20,5,main]) started.
[        ] :flutter_native_splash:compileDebugLibraryResources (Thread[#44046,Execution worker Thread 20,5,main]) started.
[        ] > Task :flutter_native_splash:compileDebugLibraryResources UP-TO-DATE
[        ] Caching disabled for task ':flutter_native_splash:compileDebugLibraryResources' because:
[        ]   Build cache is disabled
[        ] Skipping task ':flutter_native_splash:compileDebugLibraryResources' as it is up-to-date.
[        ] work action resolve out (project :flutter_native_splash) (Thread[#44046,Execution worker Thread 20,5,main]) started.
[        ] Resolve mutations for :flutter_native_splash:parseDebugLocalResources (Thread[#44046,Execution worker Thread 20,5,main]) started.
[        ] :flutter_native_splash:parseDebugLocalResources (Thread[#44046,Execution worker Thread 20,5,main]) started.
[        ] > Task :flutter_native_splash:parseDebugLocalResources UP-TO-DATE
[        ] Caching disabled for task ':flutter_native_splash:parseDebugLocalResources' because:
[        ]   Build cache is disabled
[        ] Skipping task ':flutter_native_splash:parseDebugLocalResources' as it is up-to-date.
[        ] Resolve mutations for :flutter_native_splash:generateDebugRFile (Thread[#44046,Execution worker Thread 20,5,main]) started.
[        ] :flutter_native_splash:generateDebugRFile (Thread[#44046,Execution worker Thread 20,5,main]) started.
[        ] > Task :flutter_native_splash:generateDebugRFile UP-TO-DATE
[        ] Caching disabled for task ':flutter_native_splash:generateDebugRFile' because:
[        ]   Build cache is disabled
[        ] Skipping task ':flutter_native_splash:generateDebugRFile' as it is up-to-date.
[        ] work action resolve package-aware-r.txt (project :flutter_native_splash) (Thread[#44046,Execution worker Thread 20,5,main]) started.
[        ] Resolve mutations for :flutter_olm:compileDebugLibraryResources (Thread[#44046,Execution worker Thread 20,5,main]) started.
[        ] :flutter_olm:compileDebugLibraryResources (Thread[#44046,Execution worker Thread 20,5,main]) started.
[        ] > Task :flutter_olm:compileDebugLibraryResources UP-TO-DATE
[        ] Caching disabled for task ':flutter_olm:compileDebugLibraryResources' because:
[        ]   Build cache is disabled
[        ] Skipping task ':flutter_olm:compileDebugLibraryResources' as it is up-to-date.
[        ] work action resolve out (project :flutter_olm) (Thread[#44046,Execution worker Thread 20,5,main]) started.
[        ] Resolve mutations for :flutter_olm:parseDebugLocalResources (Thread[#44046,Execution worker Thread 20,5,main]) started.
[        ] :flutter_olm:parseDebugLocalResources (Thread[#44046,Execution worker Thread 20,5,main]) started.
[        ] > Task :flutter_olm:parseDebugLocalResources UP-TO-DATE
[        ] Caching disabled for task ':flutter_olm:parseDebugLocalResources' because:
[        ]   Build cache is disabled
[        ] Skipping task ':flutter_olm:parseDebugLocalResources' as it is up-to-date.
[        ] Resolve mutations for :flutter_olm:generateDebugRFile (Thread[#44046,Execution worker Thread 20,5,main]) started.
[        ] :flutter_olm:generateDebugRFile (Thread[#44046,Execution worker Thread 20,5,main]) started.
[        ] > Task :flutter_olm:generateDebugRFile UP-TO-DATE
[        ] Caching disabled for task ':flutter_olm:generateDebugRFile' because:
[        ]   Build cache is disabled
[        ] Skipping task ':flutter_olm:generateDebugRFile' as it is up-to-date.
[        ] work action resolve package-aware-r.txt (project :flutter_olm) (Thread[#44046,Execution worker Thread 20,5,main]) started.
[        ] Resolve mutations for :flutter_openssl_crypto:compileDebugLibraryResources (Thread[#44046,Execution worker Thread 20,5,main]) started.
[        ] :flutter_openssl_crypto:compileDebugLibraryResources (Thread[#44046,Execution worker Thread 20,5,main]) started.
[        ] > Task :flutter_openssl_crypto:compileDebugLibraryResources UP-TO-DATE
[        ] Caching disabled for task ':flutter_openssl_crypto:compileDebugLibraryResources' because:
[        ]   Build cache is disabled
[        ] Skipping task ':flutter_openssl_crypto:compileDebugLibraryResources' as it is up-to-date.
[        ] work action resolve out (project :flutter_openssl_crypto) (Thread[#44046,Execution worker Thread 20,5,main]) started.
[        ] Resolve mutations for :flutter_openssl_crypto:parseDebugLocalResources (Thread[#44046,Execution worker Thread 20,5,main]) started.
[        ] :flutter_openssl_crypto:parseDebugLocalResources (Thread[#44046,Execution worker Thread 20,5,main]) started.
[        ] > Task :flutter_openssl_crypto:parseDebugLocalResources UP-TO-DATE
[        ] Caching disabled for task ':flutter_openssl_crypto:parseDebugLocalResources' because:
[        ]   Build cache is disabled
[        ] Skipping task ':flutter_openssl_crypto:parseDebugLocalResources' as it is up-to-date.
[        ] Resolve mutations for :flutter_openssl_crypto:generateDebugRFile (Thread[#44046,Execution worker Thread 20,5,main]) started.
[        ] :flutter_openssl_crypto:generateDebugRFile (Thread[#44046,Execution worker Thread 20,5,main]) started.
[        ] > Task :flutter_openssl_crypto:generateDebugRFile UP-TO-DATE
[        ] Caching disabled for task ':flutter_openssl_crypto:generateDebugRFile' because:
[        ]   Build cache is disabled
[        ] Skipping task ':flutter_openssl_crypto:generateDebugRFile' as it is up-to-date.
[        ] work action resolve package-aware-r.txt (project :flutter_openssl_crypto) (Thread[#44046,Execution worker Thread 20,5,main]) started.
[        ] Resolve mutations for :integration_test:compileDebugLibraryResources (Thread[#44046,Execution worker Thread 20,5,main]) started.
[        ] :integration_test:compileDebugLibraryResources (Thread[#44046,Execution worker Thread 20,5,main]) started.
[        ] > Task :integration_test:compileDebugLibraryResources UP-TO-DATE
[        ] Caching disabled for task ':integration_test:compileDebugLibraryResources' because:
[        ]   Build cache is disabled
[        ] Skipping task ':integration_test:compileDebugLibraryResources' as it is up-to-date.
[        ] work action resolve out (project :integration_test) (Thread[#44046,Execution worker Thread 20,5,main]) started.
[        ] Resolve mutations for :integration_test:parseDebugLocalResources (Thread[#44046,Execution worker Thread 20,5,main]) started.
[        ] :integration_test:parseDebugLocalResources (Thread[#44046,Execution worker Thread 20,5,main]) started.
[        ] > Task :integration_test:parseDebugLocalResources UP-TO-DATE
[        ] Caching disabled for task ':integration_test:parseDebugLocalResources' because:
[        ]   Build cache is disabled
[        ] Skipping task ':integration_test:parseDebugLocalResources' as it is up-to-date.
[        ] Resolve mutations for :integration_test:generateDebugRFile (Thread[#44046,Execution worker Thread 20,5,main]) started.
[        ] :integration_test:generateDebugRFile (Thread[#44046,Execution worker Thread 20,5,main]) started.
[        ] > Task :integration_test:generateDebugRFile UP-TO-DATE
[        ] Caching disabled for task ':integration_test:generateDebugRFile' because:
[        ]   Build cache is disabled
[        ] Skipping task ':integration_test:generateDebugRFile' as it is up-to-date.
[        ] work action resolve package-aware-r.txt (project :integration_test) (Thread[#44046,Execution worker Thread 20,5,main]) started.
[        ] Resolve mutations for :path_provider_android:compileDebugLibraryResources (Thread[#44046,Execution worker Thread 20,5,main]) started.
[        ] :path_provider_android:compileDebugLibraryResources (Thread[#44046,Execution worker Thread 20,5,main]) started.
[        ] > Task :path_provider_android:compileDebugLibraryResources UP-TO-DATE
[        ] Caching disabled for task ':path_provider_android:compileDebugLibraryResources' because:
[        ]   Build cache is disabled
[        ] Skipping task ':path_provider_android:compileDebugLibraryResources' as it is up-to-date.
[        ] work action resolve out (project :path_provider_android) (Thread[#44046,Execution worker Thread 20,5,main]) started.
[        ] Resolve mutations for :path_provider_android:parseDebugLocalResources (Thread[#44046,Execution worker Thread 20,5,main]) started.
[        ] :path_provider_android:parseDebugLocalResources (Thread[#44046,Execution worker Thread 20,5,main]) started.
[        ] > Task :path_provider_android:parseDebugLocalResources UP-TO-DATE
[        ] Caching disabled for task ':path_provider_android:parseDebugLocalResources' because:
[        ]   Build cache is disabled
[        ] Skipping task ':path_provider_android:parseDebugLocalResources' as it is up-to-date.
[        ] Resolve mutations for :path_provider_android:generateDebugRFile (Thread[#44046,Execution worker Thread 20,5,main]) started.
[        ] :path_provider_android:generateDebugRFile (Thread[#44046,Execution worker Thread 20,5,main]) started.
[        ] > Task :path_provider_android:generateDebugRFile UP-TO-DATE
[        ] Caching disabled for task ':path_provider_android:generateDebugRFile' because:
[        ]   Build cache is disabled
[        ] Skipping task ':path_provider_android:generateDebugRFile' as it is up-to-date.
[        ] work action resolve package-aware-r.txt (project :path_provider_android) (Thread[#44046,Execution worker Thread 20,5,main]) started.
[        ] Resolve mutations for :quill_native_bridge_android:compileDebugLibraryResources (Thread[#44046,Execution worker Thread 20,5,main]) started.
[        ] :quill_native_bridge_android:compileDebugLibraryResources (Thread[#44046,Execution worker Thread 20,5,main]) started.
[        ] > Task :quill_native_bridge_android:compileDebugLibraryResources UP-TO-DATE
[        ] Caching disabled for task ':quill_native_bridge_android:compileDebugLibraryResources' because:
[        ]   Build cache is disabled
[        ] Skipping task ':quill_native_bridge_android:compileDebugLibraryResources' as it is up-to-date.
[        ] work action resolve out (project :quill_native_bridge_android) (Thread[#44046,Execution worker Thread 20,5,main]) started.
[        ] Resolve mutations for :quill_native_bridge_android:parseDebugLocalResources (Thread[#44046,Execution worker Thread 20,5,main]) started.
[        ] :quill_native_bridge_android:parseDebugLocalResources (Thread[#44046,Execution worker Thread 20,5,main]) started.
[        ] > Task :quill_native_bridge_android:parseDebugLocalResources UP-TO-DATE
[        ] Caching disabled for task ':quill_native_bridge_android:parseDebugLocalResources' because:
[        ]   Build cache is disabled
[        ] Skipping task ':quill_native_bridge_android:parseDebugLocalResources' as it is up-to-date.
[        ] Resolve mutations for :quill_native_bridge_android:generateDebugRFile (Thread[#44046,Execution worker Thread 20,5,main]) started.
[        ] :quill_native_bridge_android:generateDebugRFile (Thread[#44046,Execution worker Thread 20,5,main]) started.
[        ] > Task :quill_native_bridge_android:generateDebugRFile UP-TO-DATE
[        ] Caching disabled for task ':quill_native_bridge_android:generateDebugRFile' because:
[        ]   Build cache is disabled
[        ] Skipping task ':quill_native_bridge_android:generateDebugRFile' as it is up-to-date.
[        ] work action resolve package-aware-r.txt (project :quill_native_bridge_android) (Thread[#44046,Execution worker Thread 20,5,main]) started.
[        ] Resolve mutations for :shared_preferences_android:compileDebugLibraryResources (Thread[#44046,Execution worker Thread 20,5,main]) started.
[        ] :shared_preferences_android:compileDebugLibraryResources (Thread[#44046,Execution worker Thread 20,5,main]) started.
[        ] > Task :shared_preferences_android:compileDebugLibraryResources UP-TO-DATE
[        ] Caching disabled for task ':shared_preferences_android:compileDebugLibraryResources' because:
[        ]   Build cache is disabled
[        ] Skipping task ':shared_preferences_android:compileDebugLibraryResources' as it is up-to-date.
[        ] work action resolve out (project :shared_preferences_android) (Thread[#44046,Execution worker Thread 20,5,main]) started.
[        ] Resolve mutations for :shared_preferences_android:parseDebugLocalResources (Thread[#44046,Execution worker Thread 20,5,main]) started.
[        ] :shared_preferences_android:parseDebugLocalResources (Thread[#44046,Execution worker Thread 20,5,main]) started.
[        ] > Task :shared_preferences_android:parseDebugLocalResources UP-TO-DATE
[        ] Caching disabled for task ':shared_preferences_android:parseDebugLocalResources' because:
[        ]   Build cache is disabled
[        ] Skipping task ':shared_preferences_android:parseDebugLocalResources' as it is up-to-date.
[        ] Resolve mutations for :shared_preferences_android:generateDebugRFile (Thread[#44046,Execution worker Thread 20,5,main]) started.
[        ] :shared_preferences_android:generateDebugRFile (Thread[#44046,Execution worker Thread 20,5,main]) started.
[        ] > Task :shared_preferences_android:generateDebugRFile UP-TO-DATE
[        ] Caching disabled for task ':shared_preferences_android:generateDebugRFile' because:
[        ]   Build cache is disabled
[        ] Skipping task ':shared_preferences_android:generateDebugRFile' as it is up-to-date.
[        ] work action resolve package-aware-r.txt (project :shared_preferences_android) (Thread[#44046,Execution worker Thread 20,5,main]) started.
[        ] Resolve mutations for :sqflite_android:compileDebugLibraryResources (Thread[#44046,Execution worker Thread 20,5,main]) started.
[        ] :sqflite_android:compileDebugLibraryResources (Thread[#44046,Execution worker Thread 20,5,main]) started.
[        ] > Task :sqflite_android:compileDebugLibraryResources UP-TO-DATE
[        ] Caching disabled for task ':sqflite_android:compileDebugLibraryResources' because:
[        ]   Build cache is disabled
[        ] Skipping task ':sqflite_android:compileDebugLibraryResources' as it is up-to-date.
[        ] work action resolve out (project :sqflite_android) (Thread[#44046,Execution worker Thread 20,5,main]) started.
[        ] Resolve mutations for :sqflite_android:parseDebugLocalResources (Thread[#44046,Execution worker Thread 20,5,main]) started.
[        ] :sqflite_android:parseDebugLocalResources (Thread[#44046,Execution worker Thread 20,5,main]) started.
[        ] > Task :sqflite_android:parseDebugLocalResources UP-TO-DATE
[        ] Caching disabled for task ':sqflite_android:parseDebugLocalResources' because:
[        ]   Build cache is disabled
[        ] Skipping task ':sqflite_android:parseDebugLocalResources' as it is up-to-date.
[        ] Resolve mutations for :sqflite_android:generateDebugRFile (Thread[#44046,Execution worker Thread 20,5,main]) started.
[        ] :sqflite_android:generateDebugRFile (Thread[#44046,Execution worker Thread 20,5,main]) started.
[        ] > Task :sqflite_android:generateDebugRFile UP-TO-DATE
[        ] Caching disabled for task ':sqflite_android:generateDebugRFile' because:
[        ]   Build cache is disabled
[        ] Skipping task ':sqflite_android:generateDebugRFile' as it is up-to-date.
[        ] work action resolve package-aware-r.txt (project :sqflite_android) (Thread[#44046,Execution worker Thread 20,5,main]) started.
[        ] Resolve mutations for :url_launcher_android:compileDebugLibraryResources (Thread[#44046,Execution worker Thread 20,5,main]) started.
[        ] :url_launcher_android:compileDebugLibraryResources (Thread[#44046,Execution worker Thread 20,5,main]) started.
[        ] > Task :url_launcher_android:compileDebugLibraryResources UP-TO-DATE
[        ] Caching disabled for task ':url_launcher_android:compileDebugLibraryResources' because:
[        ]   Build cache is disabled
[        ] Skipping task ':url_launcher_android:compileDebugLibraryResources' as it is up-to-date.
[        ] work action resolve out (project :url_launcher_android) (Thread[#44046,Execution worker Thread 20,5,main]) started.
[        ] Resolve mutations for :url_launcher_android:parseDebugLocalResources (Thread[#44046,Execution worker Thread 20,5,main]) started.
[        ] :url_launcher_android:parseDebugLocalResources (Thread[#44046,Execution worker Thread 20,5,main]) started.
[        ] > Task :url_launcher_android:parseDebugLocalResources UP-TO-DATE
[        ] Caching disabled for task ':url_launcher_android:parseDebugLocalResources' because:
[        ]   Build cache is disabled
[        ] Skipping task ':url_launcher_android:parseDebugLocalResources' as it is up-to-date.
[        ] Resolve mutations for :url_launcher_android:generateDebugRFile (Thread[#44046,Execution worker Thread 20,5,main]) started.
[        ] :url_launcher_android:generateDebugRFile (Thread[#44046,Execution worker Thread 20,5,main]) started.
[        ] > Task :url_launcher_android:generateDebugRFile UP-TO-DATE
[        ] Caching disabled for task ':url_launcher_android:generateDebugRFile' because:
[        ]   Build cache is disabled
[        ] Skipping task ':url_launcher_android:generateDebugRFile' as it is up-to-date.
[        ] work action resolve package-aware-r.txt (project :url_launcher_android) (Thread[#44046,Execution worker Thread 20,5,main]) started.
[        ] Resolve mutations for :video_player_android:compileDebugLibraryResources (Thread[#44046,Execution worker Thread 20,5,main]) started.
[        ] :video_player_android:compileDebugLibraryResources (Thread[#44046,Execution worker Thread 20,5,main]) started.
[        ] > Task :video_player_android:compileDebugLibraryResources UP-TO-DATE
[        ] Caching disabled for task ':video_player_android:compileDebugLibraryResources' because:
[        ]   Build cache is disabled
[        ] Skipping task ':video_player_android:compileDebugLibraryResources' as it is up-to-date.
[        ] work action resolve out (project :video_player_android) (Thread[#44046,Execution worker Thread 20,5,main]) started.
[        ] Resolve mutations for :video_player_android:parseDebugLocalResources (Thread[#44046,Execution worker Thread 20,5,main]) started.
[        ] :video_player_android:parseDebugLocalResources (Thread[#44046,Execution worker Thread 20,5,main]) started.
[        ] > Task :video_player_android:parseDebugLocalResources UP-TO-DATE
[        ] Caching disabled for task ':video_player_android:parseDebugLocalResources' because:
[        ]   Build cache is disabled
[        ] Skipping task ':video_player_android:parseDebugLocalResources' as it is up-to-date.
[        ] Resolve mutations for :video_player_android:generateDebugRFile (Thread[#44046,Execution worker Thread 20,5,main]) started.
[        ] :video_player_android:generateDebugRFile (Thread[#44046,Execution worker Thread 20,5,main]) started.
[        ] > Task :video_player_android:generateDebugRFile UP-TO-DATE
[        ] Caching disabled for task ':video_player_android:generateDebugRFile' because:
[        ]   Build cache is disabled
[        ] Skipping task ':video_player_android:generateDebugRFile' as it is up-to-date.
[        ] work action resolve package-aware-r.txt (project :video_player_android) (Thread[#44046,Execution worker Thread 20,5,main]) started.
[        ] Resolve mutations for :app:processDebugResources (Thread[#44046,Execution worker Thread 20,5,main]) started.
[        ] :app:processDebugResources (Thread[#44046,Execution worker Thread 20,5,main]) started.
[        ] > Task :app:processDebugResources UP-TO-DATE
[        ] Caching disabled for task ':app:processDebugResources' because:
[        ]   Build cache is disabled
[        ] Skipping task ':app:processDebugResources' as it is up-to-date.
[        ] Resolve mutations for :connectivity_plus:javaPreCompileDebug (Thread[#44046,Execution worker Thread 20,5,main]) started.
[        ] :connectivity_plus:javaPreCompileDebug (Thread[#44046,Execution worker Thread 20,5,main]) started.
[        ] > Task :connectivity_plus:javaPreCompileDebug UP-TO-DATE
[        ] Caching disabled for task ':connectivity_plus:javaPreCompileDebug' because:
[        ]   Build cache is disabled
[        ] Skipping task ':connectivity_plus:javaPreCompileDebug' as it is up-to-date.
[        ] Resolve mutations for :connectivity_plus:compileDebugJavaWithJavac (Thread[#44046,Execution worker Thread 20,5,main]) started.
[        ] :connectivity_plus:compileDebugJavaWithJavac (Thread[#44046,Execution worker Thread 20,5,main]) started.
[        ] > Task :connectivity_plus:compileDebugJavaWithJavac UP-TO-DATE
[        ] Custom actions are attached to task ':connectivity_plus:compileDebugJavaWithJavac'.
[        ] Caching disabled for task ':connectivity_plus:compileDebugJavaWithJavac' because:
[        ]   Build cache is disabled
[        ] Skipping task ':connectivity_plus:compileDebugJavaWithJavac' as it is up-to-date.
[        ] No compile result for :connectivity_plus:compileDebugJavaWithJavac
[        ] No compile result for :connectivity_plus:compileDebugJavaWithJavac
[        ] Resolve mutations for :connectivity_plus:bundleLibCompileToJarDebug (Thread[#44046,Execution worker Thread 20,5,main]) started.
[        ] :connectivity_plus:bundleLibCompileToJarDebug (Thread[#44046,Execution worker Thread 20,5,main]) started.
[        ] > Task :connectivity_plus:bundleLibCompileToJarDebug UP-TO-DATE
[        ] Caching disabled for task ':connectivity_plus:bundleLibCompileToJarDebug' because:
[        ]   Build cache is disabled
[        ]   Simple merging task
[        ] Skipping task ':connectivity_plus:bundleLibCompileToJarDebug' as it is up-to-date.
[        ] work action resolve classes.jar (project :connectivity_plus) (Thread[#44046,Execution worker Thread 20,5,main]) started.
[        ] Resolve mutations for :emoji_picker_flutter:checkKotlinGradlePluginConfigurationErrors (Thread[#44046,Execution worker Thread 20,5,main]) started.
[        ] :emoji_picker_flutter:checkKotlinGradlePluginConfigurationErrors (Thread[#44046,Execution worker Thread 20,5,main]) started.
[        ] > Task :emoji_picker_flutter:checkKotlinGradlePluginConfigurationErrors SKIPPED
[        ] Skipping task ':emoji_picker_flutter:checkKotlinGradlePluginConfigurationErrors' as task onlyIf 'errorDiagnostics are present' is false.
[        ] Resolve mutations for :emoji_picker_flutter:compileDebugKotlin (Thread[#44046,Execution worker Thread 20,5,main]) started.
[        ] :emoji_picker_flutter:compileDebugKotlin (Thread[#44046,Execution worker Thread 20,5,main]) started.
[        ] > Task :emoji_picker_flutter:compileDebugKotlin UP-TO-DATE
[        ] Adding -Xuse-inline-scopes-numbers Kotlin compiler flag for task :emoji_picker_flutter:compileDebugAndroidTestKotlin
[        ] Caching disabled for task ':emoji_picker_flutter:compileDebugKotlin' because:
[        ]   Build cache is disabled
[        ] Skipping task ':emoji_picker_flutter:compileDebugKotlin' as it is up-to-date.
[        ] Resolve mutations for :emoji_picker_flutter:javaPreCompileDebug (Thread[#44046,Execution worker Thread 20,5,main]) started.
[        ] :emoji_picker_flutter:javaPreCompileDebug (Thread[#44046,Execution worker Thread 20,5,main]) started.
[        ] > Task :emoji_picker_flutter:javaPreCompileDebug UP-TO-DATE
[        ] Caching disabled for task ':emoji_picker_flutter:javaPreCompileDebug' because:
[        ]   Build cache is disabled
[        ] Skipping task ':emoji_picker_flutter:javaPreCompileDebug' as it is up-to-date.
[        ] Resolve mutations for :emoji_picker_flutter:compileDebugJavaWithJavac (Thread[#44046,Execution worker Thread 20,5,main]) started.
[        ] :emoji_picker_flutter:compileDebugJavaWithJavac (Thread[#44046,Execution worker Thread 20,5,main]) started.
[        ] > Task :emoji_picker_flutter:compileDebugJavaWithJavac NO-SOURCE
[        ] Skipping task ':emoji_picker_flutter:compileDebugJavaWithJavac' as it has no source files and no previous output files.
[        ] Resolve mutations for :emoji_picker_flutter:bundleLibCompileToJarDebug (Thread[#44046,Execution worker Thread 20,5,main]) started.
[        ] :emoji_picker_flutter:bundleLibCompileToJarDebug (Thread[#44046,Execution worker Thread 20,5,main]) started.
[        ] > Task :emoji_picker_flutter:bundleLibCompileToJarDebug UP-TO-DATE
[        ] Caching disabled for task ':emoji_picker_flutter:bundleLibCompileToJarDebug' because:
[        ]   Build cache is disabled
[        ]   Simple merging task
[        ] Skipping task ':emoji_picker_flutter:bundleLibCompileToJarDebug' as it is up-to-date.
[        ] work action resolve classes.jar (project :emoji_picker_flutter) (Thread[#44046,Execution worker Thread 20,5,main]) started.
[        ] Resolve mutations for :file_selector_android:javaPreCompileDebug (Thread[#44046,Execution worker Thread 20,5,main]) started.
[        ] :file_selector_android:javaPreCompileDebug (Thread[#44046,Execution worker Thread 20,5,main]) started.
[        ] > Task :file_selector_android:javaPreCompileDebug UP-TO-DATE
[        ] Caching disabled for task ':file_selector_android:javaPreCompileDebug' because:
[        ]   Build cache is disabled
[        ] Skipping task ':file_selector_android:javaPreCompileDebug' as it is up-to-date.
[        ] Resolve mutations for :file_selector_android:compileDebugJavaWithJavac (Thread[#44046,Execution worker Thread 20,5,main]) started.
[        ] :file_selector_android:compileDebugJavaWithJavac (Thread[#44046,Execution worker Thread 20,5,main]) started.
[        ] > Task :file_selector_android:compileDebugJavaWithJavac UP-TO-DATE
[        ] Custom actions are attached to task ':file_selector_android:compileDebugJavaWithJavac'.
[        ] Caching disabled for task ':file_selector_android:compileDebugJavaWithJavac' because:
[        ]   Build cache is disabled
[        ] Skipping task ':file_selector_android:compileDebugJavaWithJavac' as it is up-to-date.
[        ] No compile result for :file_selector_android:compileDebugJavaWithJavac
[        ] No compile result for :file_selector_android:compileDebugJavaWithJavac
[        ] Resolve mutations for :file_selector_android:bundleLibCompileToJarDebug (Thread[#44046,Execution worker Thread 20,5,main]) started.
[        ] :file_selector_android:bundleLibCompileToJarDebug (Thread[#44046,Execution worker Thread 20,5,main]) started.
[        ] > Task :file_selector_android:bundleLibCompileToJarDebug UP-TO-DATE
[        ] Caching disabled for task ':file_selector_android:bundleLibCompileToJarDebug' because:
[        ]   Build cache is disabled
[        ]   Simple merging task
[        ] Skipping task ':file_selector_android:bundleLibCompileToJarDebug' as it is up-to-date.
[        ] work action resolve classes.jar (project :file_selector_android) (Thread[#44046,Execution worker Thread 20,5,main]) started.
[        ] Resolve mutations for :flutter_keyboard_visibility_temp_fork:javaPreCompileDebug (Thread[#44046,Execution worker Thread 20,5,main]) started.
[        ] :flutter_keyboard_visibility_temp_fork:javaPreCompileDebug (Thread[#44046,Execution worker Thread 20,5,main]) started.
[        ] > Task :flutter_keyboard_visibility_temp_fork:javaPreCompileDebug UP-TO-DATE
[        ] Caching disabled for task ':flutter_keyboard_visibility_temp_fork:javaPreCompileDebug' because:
[        ]   Build cache is disabled
[        ] Skipping task ':flutter_keyboard_visibility_temp_fork:javaPreCompileDebug' as it is up-to-date.
[        ] Resolve mutations for :flutter_keyboard_visibility_temp_fork:compileDebugJavaWithJavac (Thread[#44046,Execution worker Thread 20,5,main]) started.
[        ] :flutter_keyboard_visibility_temp_fork:compileDebugJavaWithJavac (Thread[#44046,Execution worker Thread 20,5,main]) started.
[        ] > Task :flutter_keyboard_visibility_temp_fork:compileDebugJavaWithJavac UP-TO-DATE
[        ] Custom actions are attached to task ':flutter_keyboard_visibility_temp_fork:compileDebugJavaWithJavac'.
[        ] Caching disabled for task ':flutter_keyboard_visibility_temp_fork:compileDebugJavaWithJavac' because:
[        ]   Build cache is disabled
[        ] Skipping task ':flutter_keyboard_visibility_temp_fork:compileDebugJavaWithJavac' as it is up-to-date.
[        ] No compile result for :flutter_keyboard_visibility_temp_fork:compileDebugJavaWithJavac
[        ] No compile result for :flutter_keyboard_visibility_temp_fork:compileDebugJavaWithJavac
[        ] Resolve mutations for :flutter_keyboard_visibility_temp_fork:bundleLibCompileToJarDebug (Thread[#44046,Execution worker Thread 20,5,main]) started.
[        ] :flutter_keyboard_visibility_temp_fork:bundleLibCompileToJarDebug (Thread[#44046,Execution worker Thread 20,5,main]) started.
[        ] > Task :flutter_keyboard_visibility_temp_fork:bundleLibCompileToJarDebug UP-TO-DATE
[        ] Caching disabled for task ':flutter_keyboard_visibility_temp_fork:bundleLibCompileToJarDebug' because:
[        ]   Build cache is disabled
[        ]   Simple merging task
[        ] Skipping task ':flutter_keyboard_visibility_temp_fork:bundleLibCompileToJarDebug' as it is up-to-date.
[        ] work action resolve classes.jar (project :flutter_keyboard_visibility_temp_fork) (Thread[#44046,Execution worker Thread 20,5,main]) started.
[        ] Resolve mutations for :flutter_native_splash:javaPreCompileDebug (Thread[#44046,Execution worker Thread 20,5,main]) started.
[        ] :flutter_native_splash:javaPreCompileDebug (Thread[#44046,Execution worker Thread 20,5,main]) started.
[        ] > Task :flutter_native_splash:javaPreCompileDebug UP-TO-DATE
[        ] Caching disabled for task ':flutter_native_splash:javaPreCompileDebug' because:
[        ]   Build cache is disabled
[        ] Skipping task ':flutter_native_splash:javaPreCompileDebug' as it is up-to-date.
[        ] Resolve mutations for :flutter_native_splash:compileDebugJavaWithJavac (Thread[#44046,Execution worker Thread 20,5,main]) started.
[        ] :flutter_native_splash:compileDebugJavaWithJavac (Thread[#44046,Execution worker Thread 20,5,main]) started.
[        ] > Task :flutter_native_splash:compileDebugJavaWithJavac UP-TO-DATE
[        ] Custom actions are attached to task ':flutter_native_splash:compileDebugJavaWithJavac'.
[        ] Caching disabled for task ':flutter_native_splash:compileDebugJavaWithJavac' because:
[        ]   Build cache is disabled
[        ] Skipping task ':flutter_native_splash:compileDebugJavaWithJavac' as it is up-to-date.
[        ] No compile result for :flutter_native_splash:compileDebugJavaWithJavac
[        ] No compile result for :flutter_native_splash:compileDebugJavaWithJavac
[        ] Resolve mutations for :flutter_native_splash:bundleLibCompileToJarDebug (Thread[#44046,Execution worker Thread 20,5,main]) started.
[        ] :flutter_native_splash:bundleLibCompileToJarDebug (Thread[#44046,Execution worker Thread 20,5,main]) started.
[        ] > Task :flutter_native_splash:bundleLibCompileToJarDebug UP-TO-DATE
[        ] Caching disabled for task ':flutter_native_splash:bundleLibCompileToJarDebug' because:
[        ]   Build cache is disabled
[        ]   Simple merging task
[        ] Skipping task ':flutter_native_splash:bundleLibCompileToJarDebug' as it is up-to-date.
[        ] work action resolve classes.jar (project :flutter_native_splash) (Thread[#44046,Execution worker Thread 20,5,main]) started.
[        ] Resolve mutations for :flutter_olm:checkKotlinGradlePluginConfigurationErrors (Thread[#44046,Execution worker Thread 20,5,main]) started.
[        ] :flutter_olm:checkKotlinGradlePluginConfigurationErrors (Thread[#44046,Execution worker Thread 20,5,main]) started.
[        ] > Task :flutter_olm:checkKotlinGradlePluginConfigurationErrors SKIPPED
[        ] Skipping task ':flutter_olm:checkKotlinGradlePluginConfigurationErrors' as task onlyIf 'errorDiagnostics are present' is false.
[        ] Resolve mutations for :flutter_olm:compileDebugKotlin (Thread[#44046,Execution worker Thread 20,5,main]) started.
[        ] :flutter_olm:compileDebugKotlin (Thread[#44046,Execution worker Thread 20,5,main]) started.
[        ] > Task :flutter_olm:compileDebugKotlin UP-TO-DATE
[        ] Adding -Xuse-inline-scopes-numbers Kotlin compiler flag for task :flutter_olm:compileDebugAndroidTestKotlin
[        ] Caching disabled for task ':flutter_olm:compileDebugKotlin' because:
[        ]   Build cache is disabled
[        ] Skipping task ':flutter_olm:compileDebugKotlin' as it is up-to-date.
[        ] Resolve mutations for :flutter_olm:javaPreCompileDebug (Thread[#44046,Execution worker Thread 20,5,main]) started.
[        ] :flutter_olm:javaPreCompileDebug (Thread[#44046,Execution worker Thread 20,5,main]) started.
[        ] > Task :flutter_olm:javaPreCompileDebug UP-TO-DATE
[        ] Caching disabled for task ':flutter_olm:javaPreCompileDebug' because:
[        ]   Build cache is disabled
[        ] Skipping task ':flutter_olm:javaPreCompileDebug' as it is up-to-date.
[        ] Resolve mutations for :flutter_olm:compileDebugJavaWithJavac (Thread[#44046,Execution worker Thread 20,5,main]) started.
[        ] :flutter_olm:compileDebugJavaWithJavac (Thread[#44046,Execution worker Thread 20,5,main]) started.
[        ] > Task :flutter_olm:compileDebugJavaWithJavac NO-SOURCE
[        ] Skipping task ':flutter_olm:compileDebugJavaWithJavac' as it has no source files and no previous output files.
[        ] Resolve mutations for :flutter_olm:bundleLibCompileToJarDebug (Thread[#44046,Execution worker Thread 20,5,main]) started.
[        ] :flutter_olm:bundleLibCompileToJarDebug (Thread[#44046,Execution worker Thread 20,5,main]) started.
[        ] > Task :flutter_olm:bundleLibCompileToJarDebug UP-TO-DATE
[        ] Caching disabled for task ':flutter_olm:bundleLibCompileToJarDebug' because:
[        ]   Build cache is disabled
[        ]   Simple merging task
[        ] Skipping task ':flutter_olm:bundleLibCompileToJarDebug' as it is up-to-date.
[        ] work action resolve classes.jar (project :flutter_olm) (Thread[#44046,Execution worker Thread 20,5,main]) started.
[        ] Resolve mutations for :flutter_openssl_crypto:checkKotlinGradlePluginConfigurationErrors (Thread[#44046,Execution worker Thread 20,5,main]) started.
[        ] :flutter_openssl_crypto:checkKotlinGradlePluginConfigurationErrors (Thread[#44046,Execution worker Thread 20,5,main]) started.
[        ] > Task :flutter_openssl_crypto:checkKotlinGradlePluginConfigurationErrors SKIPPED
[        ] Skipping task ':flutter_openssl_crypto:checkKotlinGradlePluginConfigurationErrors' as task onlyIf 'errorDiagnostics are present' is false.
[        ] Resolve mutations for :flutter_openssl_crypto:compileDebugKotlin (Thread[#44046,Execution worker Thread 20,5,main]) started.
[        ] :flutter_openssl_crypto:compileDebugKotlin (Thread[#44046,Execution worker Thread 20,5,main]) started.
[        ] > Task :flutter_openssl_crypto:compileDebugKotlin UP-TO-DATE
[        ] Adding -Xuse-inline-scopes-numbers Kotlin compiler flag for task :flutter_openssl_crypto:compileDebugAndroidTestKotlin
[        ] Caching disabled for task ':flutter_openssl_crypto:compileDebugKotlin' because:
[        ]   Build cache is disabled
[        ] Skipping task ':flutter_openssl_crypto:compileDebugKotlin' as it is up-to-date.
[        ] Resolve mutations for :flutter_openssl_crypto:javaPreCompileDebug (Thread[#44046,Execution worker Thread 20,5,main]) started.
[        ] :flutter_openssl_crypto:javaPreCompileDebug (Thread[#44046,Execution worker Thread 20,5,main]) started.
[        ] > Task :flutter_openssl_crypto:javaPreCompileDebug UP-TO-DATE
[        ] Caching disabled for task ':flutter_openssl_crypto:javaPreCompileDebug' because:
[        ]   Build cache is disabled
[        ] Skipping task ':flutter_openssl_crypto:javaPreCompileDebug' as it is up-to-date.
[        ] Resolve mutations for :flutter_openssl_crypto:compileDebugJavaWithJavac (Thread[#44046,Execution worker Thread 20,5,main]) started.
[        ] :flutter_openssl_crypto:compileDebugJavaWithJavac (Thread[#44046,Execution worker Thread 20,5,main]) started.
[        ] > Task :flutter_openssl_crypto:compileDebugJavaWithJavac NO-SOURCE
[        ] Skipping task ':flutter_openssl_crypto:compileDebugJavaWithJavac' as it has no source files and no previous output files.
[        ] Resolve mutations for :flutter_openssl_crypto:bundleLibCompileToJarDebug (Thread[#44046,Execution worker Thread 20,5,main]) started.
[        ] :flutter_openssl_crypto:bundleLibCompileToJarDebug (Thread[#44046,Execution worker Thread 20,5,main]) started.
[        ] > Task :flutter_openssl_crypto:bundleLibCompileToJarDebug UP-TO-DATE
[        ] Caching disabled for task ':flutter_openssl_crypto:bundleLibCompileToJarDebug' because:
[        ]   Build cache is disabled
[        ]   Simple merging task
[        ] Skipping task ':flutter_openssl_crypto:bundleLibCompileToJarDebug' as it is up-to-date.
[        ] work action resolve classes.jar (project :flutter_openssl_crypto) (Thread[#44046,Execution worker Thread 20,5,main]) started.
[        ] Resolve mutations for :integration_test:javaPreCompileDebug (Thread[#44046,Execution worker Thread 20,5,main]) started.
[        ] :integration_test:javaPreCompileDebug (Thread[#44046,Execution worker Thread 20,5,main]) started.
[        ] > Task :integration_test:javaPreCompileDebug UP-TO-DATE
[        ] Caching disabled for task ':integration_test:javaPreCompileDebug' because:
[        ]   Build cache is disabled
[        ] Skipping task ':integration_test:javaPreCompileDebug' as it is up-to-date.
[        ] Resolve mutations for :integration_test:compileDebugJavaWithJavac (Thread[#44046,Execution worker Thread 20,5,main]) started.
[        ] :integration_test:compileDebugJavaWithJavac (Thread[#44046,Execution worker Thread 20,5,main]) started.
[        ] > Task :integration_test:compileDebugJavaWithJavac UP-TO-DATE
[        ] Custom actions are attached to task ':integration_test:compileDebugJavaWithJavac'.
[        ] Caching disabled for task ':integration_test:compileDebugJavaWithJavac' because:
[        ]   Build cache is disabled
[        ] Skipping task ':integration_test:compileDebugJavaWithJavac' as it is up-to-date.
[        ] No compile result for :integration_test:compileDebugJavaWithJavac
[        ] No compile result for :integration_test:compileDebugJavaWithJavac
[        ] Resolve mutations for :integration_test:bundleLibCompileToJarDebug (Thread[#44046,Execution worker Thread 20,5,main]) started.
[        ] :integration_test:bundleLibCompileToJarDebug (Thread[#44046,Execution worker Thread 20,5,main]) started.
[        ] > Task :integration_test:bundleLibCompileToJarDebug UP-TO-DATE
[        ] Caching disabled for task ':integration_test:bundleLibCompileToJarDebug' because:
[        ]   Build cache is disabled
[        ]   Simple merging task
[        ] Skipping task ':integration_test:bundleLibCompileToJarDebug' as it is up-to-date.
[        ] work action resolve classes.jar (project :integration_test) (Thread[#44046,Execution worker Thread 20,5,main]) started.
[        ] Resolve mutations for :path_provider_android:javaPreCompileDebug (Thread[#44046,Execution worker Thread 20,5,main]) started.
[        ] :path_provider_android:javaPreCompileDebug (Thread[#44046,Execution worker Thread 20,5,main]) started.
[        ] > Task :path_provider_android:javaPreCompileDebug UP-TO-DATE
[        ] Caching disabled for task ':path_provider_android:javaPreCompileDebug' because:
[        ]   Build cache is disabled
[        ] Skipping task ':path_provider_android:javaPreCompileDebug' as it is up-to-date.
[        ] Resolve mutations for :path_provider_android:compileDebugJavaWithJavac (Thread[#44046,Execution worker Thread 20,5,main]) started.
[        ] :path_provider_android:compileDebugJavaWithJavac (Thread[#44046,Execution worker Thread 20,5,main]) started.
[        ] > Task :path_provider_android:compileDebugJavaWithJavac UP-TO-DATE
[        ] Custom actions are attached to task ':path_provider_android:compileDebugJavaWithJavac'.
[        ] Caching disabled for task ':path_provider_android:compileDebugJavaWithJavac' because:
[        ]   Build cache is disabled
[        ] Skipping task ':path_provider_android:compileDebugJavaWithJavac' as it is up-to-date.
[        ] No compile result for :path_provider_android:compileDebugJavaWithJavac
[        ] No compile result for :path_provider_android:compileDebugJavaWithJavac
[        ] Resolve mutations for :path_provider_android:bundleLibCompileToJarDebug (Thread[#44046,Execution worker Thread 20,5,main]) started.
[        ] :path_provider_android:bundleLibCompileToJarDebug (Thread[#44046,Execution worker Thread 20,5,main]) started.
[        ] > Task :path_provider_android:bundleLibCompileToJarDebug UP-TO-DATE
[        ] Caching disabled for task ':path_provider_android:bundleLibCompileToJarDebug' because:
[        ]   Build cache is disabled
[        ]   Simple merging task
[        ] Skipping task ':path_provider_android:bundleLibCompileToJarDebug' as it is up-to-date.
[        ] work action resolve classes.jar (project :path_provider_android) (Thread[#44046,Execution worker Thread 20,5,main]) started.
[        ] Resolve mutations for :quill_native_bridge_android:checkKotlinGradlePluginConfigurationErrors (Thread[#44046,Execution worker Thread 20,5,main]) started.
[        ] :quill_native_bridge_android:checkKotlinGradlePluginConfigurationErrors (Thread[#44046,Execution worker Thread 20,5,main]) started.
[        ] > Task :quill_native_bridge_android:checkKotlinGradlePluginConfigurationErrors SKIPPED
[        ] Skipping task ':quill_native_bridge_android:checkKotlinGradlePluginConfigurationErrors' as task onlyIf 'errorDiagnostics are present' is false.
[        ] Resolve mutations for :quill_native_bridge_android:compileDebugKotlin (Thread[#44046,Execution worker Thread 20,5,main]) started.
[        ] :quill_native_bridge_android:compileDebugKotlin (Thread[#44046,Execution worker Thread 20,5,main]) started.
[        ] > Task :quill_native_bridge_android:compileDebugKotlin UP-TO-DATE
[        ] Adding -Xuse-inline-scopes-numbers Kotlin compiler flag for task :quill_native_bridge_android:compileDebugAndroidTestKotlin
[        ] Caching disabled for task ':quill_native_bridge_android:compileDebugKotlin' because:
[        ]   Build cache is disabled
[        ] Skipping task ':quill_native_bridge_android:compileDebugKotlin' as it is up-to-date.
[        ] Resolve mutations for :quill_native_bridge_android:javaPreCompileDebug (Thread[#44046,Execution worker Thread 20,5,main]) started.
[        ] :quill_native_bridge_android:javaPreCompileDebug (Thread[#44046,Execution worker Thread 20,5,main]) started.
[        ] > Task :quill_native_bridge_android:javaPreCompileDebug UP-TO-DATE
[        ] Caching disabled for task ':quill_native_bridge_android:javaPreCompileDebug' because:
[        ]   Build cache is disabled
[        ] Skipping task ':quill_native_bridge_android:javaPreCompileDebug' as it is up-to-date.
[        ] Resolve mutations for :quill_native_bridge_android:compileDebugJavaWithJavac (Thread[#44046,Execution worker Thread 20,5,main]) started.
[        ] :quill_native_bridge_android:compileDebugJavaWithJavac (Thread[#44046,Execution worker Thread 20,5,main]) started.
[        ] > Task :quill_native_bridge_android:compileDebugJavaWithJavac NO-SOURCE
[        ] Skipping task ':quill_native_bridge_android:compileDebugJavaWithJavac' as it has no source files and no previous output files.
[        ] Resolve mutations for :quill_native_bridge_android:bundleLibCompileToJarDebug (Thread[#44046,Execution worker Thread 20,5,main]) started.
[        ] :quill_native_bridge_android:bundleLibCompileToJarDebug (Thread[#44046,Execution worker Thread 20,5,main]) started.
[        ] > Task :quill_native_bridge_android:bundleLibCompileToJarDebug UP-TO-DATE
[        ] Caching disabled for task ':quill_native_bridge_android:bundleLibCompileToJarDebug' because:
[        ]   Build cache is disabled
[        ]   Simple merging task
[        ] Skipping task ':quill_native_bridge_android:bundleLibCompileToJarDebug' as it is up-to-date.
[        ] work action resolve classes.jar (project :quill_native_bridge_android) (Thread[#44046,Execution worker Thread 20,5,main]) started.
[        ] Resolve mutations for :shared_preferences_android:checkKotlinGradlePluginConfigurationErrors (Thread[#44046,Execution worker Thread 20,5,main]) started.
[        ] :shared_preferences_android:checkKotlinGradlePluginConfigurationErrors (Thread[#44046,Execution worker Thread 20,5,main]) started.
[        ] > Task :shared_preferences_android:checkKotlinGradlePluginConfigurationErrors SKIPPED
[        ] Skipping task ':shared_preferences_android:checkKotlinGradlePluginConfigurationErrors' as task onlyIf 'errorDiagnostics are present' is false.
[        ] Resolve mutations for :shared_preferences_android:compileDebugKotlin (Thread[#44046,Execution worker Thread 20,5,main]) started.
[        ] :shared_preferences_android:compileDebugKotlin (Thread[#44046,Execution worker Thread 20,5,main]) started.
[        ] > Task :shared_preferences_android:compileDebugKotlin UP-TO-DATE
[        ] Adding -Xuse-inline-scopes-numbers Kotlin compiler flag for task :shared_preferences_android:compileDebugAndroidTestKotlin
[        ] Caching disabled for task ':shared_preferences_android:compileDebugKotlin' because:
[        ]   Build cache is disabled
[        ] Skipping task ':shared_preferences_android:compileDebugKotlin' as it is up-to-date.
[        ] Resolve mutations for :shared_preferences_android:javaPreCompileDebug (Thread[#44046,Execution worker Thread 20,5,main]) started.
[        ] :shared_preferences_android:javaPreCompileDebug (Thread[#44046,Execution worker Thread 20,5,main]) started.
[        ] > Task :shared_preferences_android:javaPreCompileDebug UP-TO-DATE
[        ] Caching disabled for task ':shared_preferences_android:javaPreCompileDebug' because:
[        ]   Build cache is disabled
[        ] Skipping task ':shared_preferences_android:javaPreCompileDebug' as it is up-to-date.
[        ] Resolve mutations for :shared_preferences_android:compileDebugJavaWithJavac (Thread[#44046,Execution worker Thread 20,5,main]) started.
[        ] :shared_preferences_android:compileDebugJavaWithJavac (Thread[#44046,Execution worker Thread 20,5,main]) started.
[        ] > Task :shared_preferences_android:compileDebugJavaWithJavac UP-TO-DATE
[        ] Custom actions are attached to task ':shared_preferences_android:compileDebugJavaWithJavac'.
[        ] Caching disabled for task ':shared_preferences_android:compileDebugJavaWithJavac' because:
[        ]   Build cache is disabled
[        ] Skipping task ':shared_preferences_android:compileDebugJavaWithJavac' as it is up-to-date.
[        ] No compile result for :shared_preferences_android:compileDebugJavaWithJavac
[        ] No compile result for :shared_preferences_android:compileDebugJavaWithJavac
[        ] Resolve mutations for :shared_preferences_android:bundleLibCompileToJarDebug (Thread[#44046,Execution worker Thread 20,5,main]) started.
[        ] :shared_preferences_android:bundleLibCompileToJarDebug (Thread[#44046,Execution worker Thread 20,5,main]) started.
[        ] > Task :shared_preferences_android:bundleLibCompileToJarDebug UP-TO-DATE
[        ] Caching disabled for task ':shared_preferences_android:bundleLibCompileToJarDebug' because:
[        ]   Build cache is disabled
[        ]   Simple merging task
[        ] Skipping task ':shared_preferences_android:bundleLibCompileToJarDebug' as it is up-to-date.
[        ] work action resolve classes.jar (project :shared_preferences_android) (Thread[#44046,Execution worker Thread 20,5,main]) started.
[        ] Resolve mutations for :sqflite_android:javaPreCompileDebug (Thread[#44046,Execution worker Thread 20,5,main]) started.
[        ] :sqflite_android:javaPreCompileDebug (Thread[#44046,Execution worker Thread 20,5,main]) started.
[        ] > Task :sqflite_android:javaPreCompileDebug UP-TO-DATE
[        ] Caching disabled for task ':sqflite_android:javaPreCompileDebug' because:
[        ]   Build cache is disabled
[        ] Skipping task ':sqflite_android:javaPreCompileDebug' as it is up-to-date.
[        ] Resolve mutations for :sqflite_android:compileDebugJavaWithJavac (Thread[#44046,Execution worker Thread 20,5,main]) started.
[        ] :sqflite_android:compileDebugJavaWithJavac (Thread[#44046,Execution worker Thread 20,5,main]) started.
[        ] > Task :sqflite_android:compileDebugJavaWithJavac UP-TO-DATE
[        ] Custom actions are attached to task ':sqflite_android:compileDebugJavaWithJavac'.
[        ] Caching disabled for task ':sqflite_android:compileDebugJavaWithJavac' because:
[        ]   Build cache is disabled
[        ] Skipping task ':sqflite_android:compileDebugJavaWithJavac' as it is up-to-date.
[        ] No compile result for :sqflite_android:compileDebugJavaWithJavac
[        ] No compile result for :sqflite_android:compileDebugJavaWithJavac
[        ] Resolve mutations for :sqflite_android:bundleLibCompileToJarDebug (Thread[#44046,Execution worker Thread 20,5,main]) started.
[        ] :sqflite_android:bundleLibCompileToJarDebug (Thread[#44046,Execution worker Thread 20,5,main]) started.
[        ] > Task :sqflite_android:bundleLibCompileToJarDebug UP-TO-DATE
[        ] Caching disabled for task ':sqflite_android:bundleLibCompileToJarDebug' because:
[        ]   Build cache is disabled
[        ]   Simple merging task
[        ] Skipping task ':sqflite_android:bundleLibCompileToJarDebug' as it is up-to-date.
[        ] work action resolve classes.jar (project :sqflite_android) (Thread[#44046,Execution worker Thread 20,5,main]) started.
[        ] Resolve mutations for :url_launcher_android:generateDebugBuildConfig (Thread[#44046,Execution worker Thread 20,5,main]) started.
[        ] :url_launcher_android:generateDebugBuildConfig (Thread[#44046,Execution worker Thread 20,5,main]) started.
[        ] > Task :url_launcher_android:generateDebugBuildConfig UP-TO-DATE
[        ] Caching disabled for task ':url_launcher_android:generateDebugBuildConfig' because:
[        ]   Build cache is disabled
[        ] Skipping task ':url_launcher_android:generateDebugBuildConfig' as it is up-to-date.
[        ] Resolve mutations for :url_launcher_android:javaPreCompileDebug (Thread[#44046,Execution worker Thread 20,5,main]) started.
[        ] :url_launcher_android:javaPreCompileDebug (Thread[#44046,Execution worker Thread 20,5,main]) started.
[        ] > Task :url_launcher_android:javaPreCompileDebug UP-TO-DATE
[        ] Caching disabled for task ':url_launcher_android:javaPreCompileDebug' because:
[        ]   Build cache is disabled
[        ] Skipping task ':url_launcher_android:javaPreCompileDebug' as it is up-to-date.
[        ] Resolve mutations for :url_launcher_android:compileDebugJavaWithJavac (Thread[#44046,Execution worker Thread 20,5,main]) started.
[        ] :url_launcher_android:compileDebugJavaWithJavac (Thread[#44046,Execution worker Thread 20,5,main]) started.
[  +86 ms] > Task :url_launcher_android:compileDebugJavaWithJavac UP-TO-DATE
[        ] Custom actions are attached to task ':url_launcher_android:compileDebugJavaWithJavac'.
[        ] Caching disabled for task ':url_launcher_android:compileDebugJavaWithJavac' because:
[        ]   Build cache is disabled
[        ] Skipping task ':url_launcher_android:compileDebugJavaWithJavac' as it is up-to-date.
[        ] No compile result for :url_launcher_android:compileDebugJavaWithJavac
[        ] No compile result for :url_launcher_android:compileDebugJavaWithJavac
[        ] Resolve mutations for :url_launcher_android:bundleLibCompileToJarDebug (Thread[#44046,Execution worker Thread 20,5,main]) started.
[        ] :url_launcher_android:bundleLibCompileToJarDebug (Thread[#44046,Execution worker Thread 20,5,main]) started.
[        ] > Task :url_launcher_android:bundleLibCompileToJarDebug UP-TO-DATE
[        ] Caching disabled for task ':url_launcher_android:bundleLibCompileToJarDebug' because:
[        ]   Build cache is disabled
[        ]   Simple merging task
[        ] Skipping task ':url_launcher_android:bundleLibCompileToJarDebug' as it is up-to-date.
[        ] work action resolve classes.jar (project :url_launcher_android) (Thread[#44046,Execution worker Thread 20,5,main]) started.
[        ] Resolve mutations for :video_player_android:checkKotlinGradlePluginConfigurationErrors (Thread[#44046,Execution worker Thread 20,5,main]) started.
[        ] :video_player_android:checkKotlinGradlePluginConfigurationErrors (Thread[#44046,Execution worker Thread 20,5,main]) started.
[        ] > Task :video_player_android:checkKotlinGradlePluginConfigurationErrors SKIPPED
[        ] Skipping task ':video_player_android:checkKotlinGradlePluginConfigurationErrors' as task onlyIf 'errorDiagnostics are present' is false.
[        ] Resolve mutations for :video_player_android:compileDebugKotlin (Thread[#44046,Execution worker Thread 20,5,main]) started.
[        ] :video_player_android:compileDebugKotlin (Thread[#44046,Execution worker Thread 20,5,main]) started.
[        ] > Task :video_player_android:compileDebugKotlin UP-TO-DATE
[        ] Adding -Xuse-inline-scopes-numbers Kotlin compiler flag for task :video_player_android:compileDebugAndroidTestKotlin
[        ] Caching disabled for task ':video_player_android:compileDebugKotlin' because:
[        ]   Build cache is disabled
[        ] Skipping task ':video_player_android:compileDebugKotlin' as it is up-to-date.
[        ] Resolve mutations for :video_player_android:javaPreCompileDebug (Thread[#44046,Execution worker Thread 20,5,main]) started.
[        ] :video_player_android:javaPreCompileDebug (Thread[#44046,Execution worker Thread 20,5,main]) started.
[        ] > Task :video_player_android:javaPreCompileDebug UP-TO-DATE
[        ] Caching disabled for task ':video_player_android:javaPreCompileDebug' because:
[        ]   Build cache is disabled
[        ] Skipping task ':video_player_android:javaPreCompileDebug' as it is up-to-date.
[        ] Resolve mutations for :video_player_android:compileDebugJavaWithJavac (Thread[#44046,Execution worker Thread 20,5,main]) started.
[        ] :video_player_android:compileDebugJavaWithJavac (Thread[#44046,Execution worker Thread 20,5,main]) started.
[        ] > Task :video_player_android:compileDebugJavaWithJavac UP-TO-DATE
[        ] Custom actions are attached to task ':video_player_android:compileDebugJavaWithJavac'.
[        ] Caching disabled for task ':video_player_android:compileDebugJavaWithJavac' because:
[        ]   Build cache is disabled
[        ] Skipping task ':video_player_android:compileDebugJavaWithJavac' as it is up-to-date.
[        ] No compile result for :video_player_android:compileDebugJavaWithJavac
[        ] No compile result for :video_player_android:compileDebugJavaWithJavac
[        ] Resolve mutations for :video_player_android:bundleLibCompileToJarDebug (Thread[#44046,Execution worker Thread 20,5,main]) started.
[        ] :video_player_android:bundleLibCompileToJarDebug (Thread[#44046,Execution worker Thread 20,5,main]) started.
[        ] > Task :video_player_android:bundleLibCompileToJarDebug UP-TO-DATE
[        ] Caching disabled for task ':video_player_android:bundleLibCompileToJarDebug' because:
[        ]   Build cache is disabled
[        ]   Simple merging task
[        ] Skipping task ':video_player_android:bundleLibCompileToJarDebug' as it is up-to-date.
[        ] work action resolve classes.jar (project :video_player_android) (Thread[#44046,Execution worker Thread 20,5,main]) started.
[        ] Resolve mutations for :app:compileDebugKotlin (Thread[#44046,Execution worker Thread 20,5,main]) started.
[        ] :app:compileDebugKotlin (Thread[#44046,Execution worker Thread 20,5,main]) started.
[        ] > Task :app:compileDebugKotlin UP-TO-DATE
[        ] Adding -Xuse-inline-scopes-numbers Kotlin compiler flag for task :app:compileDebugAndroidTestKotlin
[        ] Caching disabled for task ':app:compileDebugKotlin' because:
[        ]   Build cache is disabled
[        ] Skipping task ':app:compileDebugKotlin' as it is up-to-date.
[        ] Resolve mutations for :app:javaPreCompileDebug (Thread[#44046,Execution worker Thread 20,5,main]) started.
[        ] :app:javaPreCompileDebug (Thread[#44046,Execution worker Thread 20,5,main]) started.
[        ] > Task :app:javaPreCompileDebug UP-TO-DATE
[        ] Caching disabled for task ':app:javaPreCompileDebug' because:
[        ]   Build cache is disabled
[        ] Skipping task ':app:javaPreCompileDebug' as it is up-to-date.
[        ] Resolve mutations for :app:compileDebugJavaWithJavac (Thread[#44046,Execution worker Thread 20,5,main]) started.
[        ] :app:compileDebugJavaWithJavac (Thread[#44046,Execution worker Thread 20,5,main]) started.
[        ] > Task :app:compileDebugJavaWithJavac UP-TO-DATE
[        ] Custom actions are attached to task ':app:compileDebugJavaWithJavac'.
[        ] Caching disabled for task ':app:compileDebugJavaWithJavac' because:
[        ]   Build cache is disabled
[        ] Skipping task ':app:compileDebugJavaWithJavac' as it is up-to-date.
[        ] No compile result for :app:compileDebugJavaWithJavac
[        ] No compile result for :app:compileDebugJavaWithJavac
[        ] Resolve mutations for :app:compressDebugAssets (Thread[#44046,Execution worker Thread 20,5,main]) started.
[        ] :app:compressDebugAssets (Thread[#44046,Execution worker Thread 20,5,main]) started.
[        ] Resolve mutations for :app:processDebugJavaRes (Thread[#44027,Execution worker Thread 2,5,main]) started.
[        ] :app:processDebugJavaRes (Thread[#44027,Execution worker Thread 2,5,main]) started.
[        ] > Task :app:processDebugJavaRes UP-TO-DATE
[        ] file or directory '/Users/florian/Code/substitution/android/app/src/main/resources', not found
[        ] file or directory '/Users/florian/Code/substitution/android/app/src/debug/resources', not found
[        ] file or directory '/Users/florian/Code/substitution/android/app/src/main/resources', not found
[        ] file or directory '/Users/florian/Code/substitution/android/app/src/debug/resources', not found
[        ] Caching disabled for task ':app:processDebugJavaRes' because:
[        ]   Build cache is disabled
[        ]   Caching has been disabled for the task
[        ] Skipping task ':app:processDebugJavaRes' as it is up-to-date.
[        ] Resolve mutations for :connectivity_plus:processDebugJavaRes (Thread[#44027,Execution worker Thread 2,5,main]) started.
[        ] :connectivity_plus:processDebugJavaRes (Thread[#44027,Execution worker Thread 2,5,main]) started.
[        ] > Task :connectivity_plus:processDebugJavaRes NO-SOURCE
[        ] file or directory '/Users/florian/.pub-cache/hosted/pub.dev/connectivity_plus-5.0.2/android/src/main/resources', not found
[        ] file or directory '/Users/florian/.pub-cache/hosted/pub.dev/connectivity_plus-5.0.2/android/src/debug/resources', not found
[        ] Skipping task ':connectivity_plus:processDebugJavaRes' as it has no source files and no previous output files.
[        ] work action resolve out (project :connectivity_plus) (Thread[#44027,Execution worker Thread 2,5,main]) started.
[        ] Resolve mutations for :emoji_picker_flutter:processDebugJavaRes (Thread[#44027,Execution worker Thread 2,5,main]) started.
[        ] :emoji_picker_flutter:processDebugJavaRes (Thread[#44027,Execution worker Thread 2,5,main]) started.
[        ] > Task :emoji_picker_flutter:processDebugJavaRes UP-TO-DATE
[        ] file or directory '/Users/florian/.pub-cache/hosted/pub.dev/emoji_picker_flutter-4.4.0/android/src/main/resources', not found
[        ] file or directory '/Users/florian/.pub-cache/hosted/pub.dev/emoji_picker_flutter-4.4.0/android/src/debug/resources', not found
[        ] file or directory '/Users/florian/.pub-cache/hosted/pub.dev/emoji_picker_flutter-4.4.0/android/src/main/resources', not found
[        ] file or directory '/Users/florian/.pub-cache/hosted/pub.dev/emoji_picker_flutter-4.4.0/android/src/debug/resources', not found
[        ] Caching disabled for task ':emoji_picker_flutter:processDebugJavaRes' because:
[        ]   Build cache is disabled
[        ]   Caching has been disabled for the task
[        ] Skipping task ':emoji_picker_flutter:processDebugJavaRes' as it is up-to-date.
[        ] work action resolve out (project :emoji_picker_flutter) (Thread[#44027,Execution worker Thread 2,5,main]) started.
[        ] Resolve mutations for :file_selector_android:processDebugJavaRes (Thread[#44027,Execution worker Thread 2,5,main]) started.
[        ] :file_selector_android:processDebugJavaRes (Thread[#44027,Execution worker Thread 2,5,main]) started.
[        ] > Task :file_selector_android:processDebugJavaRes NO-SOURCE
[        ] file or directory '/Users/florian/.pub-cache/hosted/pub.dev/file_selector_android-0.5.2+4/android/src/main/resources', not found
[        ] file or directory '/Users/florian/.pub-cache/hosted/pub.dev/file_selector_android-0.5.2+4/android/src/debug/resources', not found
[        ] Skipping task ':file_selector_android:processDebugJavaRes' as it has no source files and no previous output files.
[        ] work action resolve out (project :file_selector_android) (Thread[#44027,Execution worker Thread 2,5,main]) started.
[        ] Resolve mutations for :flutter_keyboard_visibility_temp_fork:processDebugJavaRes (Thread[#44027,Execution worker Thread 2,5,main]) started.
[        ] :flutter_keyboard_visibility_temp_fork:processDebugJavaRes (Thread[#44027,Execution worker Thread 2,5,main]) started.
[        ] > Task :flutter_keyboard_visibility_temp_fork:processDebugJavaRes NO-SOURCE
[        ] file or directory '/Users/florian/.pub-cache/hosted/pub.dev/flutter_keyboard_visibility_temp_fork-0.1.5/android/src/main/resources', not found
[        ] file or directory '/Users/florian/.pub-cache/hosted/pub.dev/flutter_keyboard_visibility_temp_fork-0.1.5/android/src/debug/resources', not found
[        ] Skipping task ':flutter_keyboard_visibility_temp_fork:processDebugJavaRes' as it has no source files and no previous output files.
[        ] work action resolve out (project :flutter_keyboard_visibility_temp_fork) (Thread[#44027,Execution worker Thread 2,5,main]) started.
[        ] Resolve mutations for :flutter_native_splash:processDebugJavaRes (Thread[#44027,Execution worker Thread 2,5,main]) started.
[        ] :flutter_native_splash:processDebugJavaRes (Thread[#44027,Execution worker Thread 2,5,main]) started.
[        ] > Task :flutter_native_splash:processDebugJavaRes NO-SOURCE
[        ] file or directory '/Users/florian/.pub-cache/hosted/pub.dev/flutter_native_splash-2.4.7/android/src/main/resources', not found
[        ] file or directory '/Users/florian/.pub-cache/hosted/pub.dev/flutter_native_splash-2.4.7/android/src/debug/resources', not found
[        ] Skipping task ':flutter_native_splash:processDebugJavaRes' as it has no source files and no previous output files.
[        ] work action resolve out (project :flutter_native_splash) (Thread[#44027,Execution worker Thread 2,5,main]) started.
[        ] Resolve mutations for :flutter_olm:processDebugJavaRes (Thread[#44027,Execution worker Thread 2,5,main]) started.
[        ] :flutter_olm:processDebugJavaRes (Thread[#44027,Execution worker Thread 2,5,main]) started.
[        ] > Task :flutter_olm:processDebugJavaRes UP-TO-DATE
[        ] file or directory '/Users/florian/.pub-cache/hosted/pub.dev/flutter_olm-2.0.0/android/src/main/resources', not found
[        ] file or directory '/Users/florian/.pub-cache/hosted/pub.dev/flutter_olm-2.0.0/android/src/debug/resources', not found
[        ] file or directory '/Users/florian/.pub-cache/hosted/pub.dev/flutter_olm-2.0.0/android/src/main/resources', not found
[        ] file or directory '/Users/florian/.pub-cache/hosted/pub.dev/flutter_olm-2.0.0/android/src/debug/resources', not found
[        ] Caching disabled for task ':flutter_olm:processDebugJavaRes' because:
[        ]   Build cache is disabled
[        ]   Caching has been disabled for the task
[        ] Skipping task ':flutter_olm:processDebugJavaRes' as it is up-to-date.
[        ] work action resolve out (project :flutter_olm) (Thread[#44027,Execution worker Thread 2,5,main]) started.
[        ] Resolve mutations for :flutter_openssl_crypto:processDebugJavaRes (Thread[#44027,Execution worker Thread 2,5,main]) started.
[        ] :flutter_openssl_crypto:processDebugJavaRes (Thread[#44027,Execution worker Thread 2,5,main]) started.
[        ] > Task :flutter_openssl_crypto:processDebugJavaRes UP-TO-DATE
[        ] file or directory '/Users/florian/.pub-cache/hosted/pub.dev/flutter_openssl_crypto-0.5.0/android/src/main/resources', not found
[        ] file or directory '/Users/florian/.pub-cache/hosted/pub.dev/flutter_openssl_crypto-0.5.0/android/src/debug/resources', not found
[        ] file or directory '/Users/florian/.pub-cache/hosted/pub.dev/flutter_openssl_crypto-0.5.0/android/src/main/resources', not found
[        ] file or directory '/Users/florian/.pub-cache/hosted/pub.dev/flutter_openssl_crypto-0.5.0/android/src/debug/resources', not found
[        ] Caching disabled for task ':flutter_openssl_crypto:processDebugJavaRes' because:
[        ]   Build cache is disabled
[        ]   Caching has been disabled for the task
[        ] Skipping task ':flutter_openssl_crypto:processDebugJavaRes' as it is up-to-date.
[        ] work action resolve out (project :flutter_openssl_crypto) (Thread[#44027,Execution worker Thread 2,5,main]) started.
[        ] Resolve mutations for :integration_test:processDebugJavaRes (Thread[#44027,Execution worker Thread 2,5,main]) started.
[        ] :integration_test:processDebugJavaRes (Thread[#44027,Execution worker Thread 2,5,main]) started.
[        ] > Task :integration_test:processDebugJavaRes NO-SOURCE
[        ] file or directory '/opt/homebrew/share/flutter/packages/integration_test/android/src/main/resources', not found
[        ] file or directory '/opt/homebrew/share/flutter/packages/integration_test/android/src/debug/resources', not found
[        ] Skipping task ':integration_test:processDebugJavaRes' as it has no source files and no previous output files.
[        ] work action resolve out (project :integration_test) (Thread[#44027,Execution worker Thread 2,5,main]) started.
[        ] Resolve mutations for :path_provider_android:processDebugJavaRes (Thread[#44027,Execution worker Thread 2,5,main]) started.
[        ] :path_provider_android:processDebugJavaRes (Thread[#44027,Execution worker Thread 2,5,main]) started.
[        ] > Task :path_provider_android:processDebugJavaRes NO-SOURCE
[        ] file or directory '/Users/florian/.pub-cache/hosted/pub.dev/path_provider_android-2.2.22/android/src/main/resources', not found
[        ] file or directory '/Users/florian/.pub-cache/hosted/pub.dev/path_provider_android-2.2.22/android/src/debug/resources', not found
[        ] Skipping task ':path_provider_android:processDebugJavaRes' as it has no source files and no previous output files.
[        ] work action resolve out (project :path_provider_android) (Thread[#44027,Execution worker Thread 2,5,main]) started.
[        ] Resolve mutations for :quill_native_bridge_android:processDebugJavaRes (Thread[#44027,Execution worker Thread 2,5,main]) started.
[        ] :quill_native_bridge_android:processDebugJavaRes (Thread[#44027,Execution worker Thread 2,5,main]) started.
[        ] > Task :quill_native_bridge_android:processDebugJavaRes UP-TO-DATE
[        ] file or directory '/Users/florian/.pub-cache/hosted/pub.dev/quill_native_bridge_android-0.0.1+2/android/src/main/resources', not found
[        ] file or directory '/Users/florian/.pub-cache/hosted/pub.dev/quill_native_bridge_android-0.0.1+2/android/src/debug/resources', not found
[        ] file or directory '/Users/florian/.pub-cache/hosted/pub.dev/quill_native_bridge_android-0.0.1+2/android/src/main/resources', not found
[        ] file or directory '/Users/florian/.pub-cache/hosted/pub.dev/quill_native_bridge_android-0.0.1+2/android/src/debug/resources', not found
[        ] Caching disabled for task ':quill_native_bridge_android:processDebugJavaRes' because:
[        ]   Build cache is disabled
[        ]   Caching has been disabled for the task
[        ] Skipping task ':quill_native_bridge_android:processDebugJavaRes' as it is up-to-date.
[        ] work action resolve out (project :quill_native_bridge_android) (Thread[#44027,Execution worker Thread 2,5,main]) started.
[        ] Resolve mutations for :shared_preferences_android:processDebugJavaRes (Thread[#44027,Execution worker Thread 2,5,main]) started.
[        ] :shared_preferences_android:processDebugJavaRes (Thread[#44027,Execution worker Thread 2,5,main]) started.
[        ] > Task :shared_preferences_android:processDebugJavaRes UP-TO-DATE
[        ] file or directory '/Users/florian/.pub-cache/hosted/pub.dev/shared_preferences_android-2.4.20/android/src/main/resources', not found
[        ] file or directory '/Users/florian/.pub-cache/hosted/pub.dev/shared_preferences_android-2.4.20/android/src/debug/resources', not found
[        ] file or directory '/Users/florian/.pub-cache/hosted/pub.dev/shared_preferences_android-2.4.20/android/src/main/resources', not found
[        ] file or directory '/Users/florian/.pub-cache/hosted/pub.dev/shared_preferences_android-2.4.20/android/src/debug/resources', not found
[        ] Caching disabled for task ':shared_preferences_android:processDebugJavaRes' because:
[        ]   Build cache is disabled
[        ]   Caching has been disabled for the task
[        ] Skipping task ':shared_preferences_android:processDebugJavaRes' as it is up-to-date.
[        ] work action resolve out (project :shared_preferences_android) (Thread[#44027,Execution worker Thread 2,5,main]) started.
[        ] Resolve mutations for :sqflite_android:processDebugJavaRes (Thread[#44027,Execution worker Thread 2,5,main]) started.
[        ] :sqflite_android:processDebugJavaRes (Thread[#44027,Execution worker Thread 2,5,main]) started.
[        ] > Task :sqflite_android:processDebugJavaRes NO-SOURCE
[        ] file or directory '/Users/florian/.pub-cache/hosted/pub.dev/sqflite_android-2.4.2+2/android/src/main/resources', not found
[        ] file or directory '/Users/florian/.pub-cache/hosted/pub.dev/sqflite_android-2.4.2+2/android/src/debug/resources', not found
[        ] Skipping task ':sqflite_android:processDebugJavaRes' as it has no source files and no previous output files.
[        ] work action resolve out (project :sqflite_android) (Thread[#44027,Execution worker Thread 2,5,main]) started.
[        ] Resolve mutations for :url_launcher_android:processDebugJavaRes (Thread[#44027,Execution worker Thread 2,5,main]) started.
[        ] :url_launcher_android:processDebugJavaRes (Thread[#44027,Execution worker Thread 2,5,main]) started.
[        ] > Task :url_launcher_android:processDebugJavaRes NO-SOURCE
[        ] file or directory '/Users/florian/.pub-cache/hosted/pub.dev/url_launcher_android-6.3.28/android/src/main/resources', not found
[        ] file or directory '/Users/florian/.pub-cache/hosted/pub.dev/url_launcher_android-6.3.28/android/src/debug/resources', not found
[        ] Skipping task ':url_launcher_android:processDebugJavaRes' as it has no source files and no previous output files.
[        ] work action resolve out (project :url_launcher_android) (Thread[#44027,Execution worker Thread 2,5,main]) started.
[        ] Resolve mutations for :video_player_android:processDebugJavaRes (Thread[#44027,Execution worker Thread 2,5,main]) started.
[        ] :video_player_android:processDebugJavaRes (Thread[#44027,Execution worker Thread 2,5,main]) started.
[        ] > Task :video_player_android:processDebugJavaRes UP-TO-DATE
[        ] file or directory '/Users/florian/.pub-cache/hosted/pub.dev/video_player_android-2.9.1/android/src/main/resources', not found
[        ] file or directory '/Users/florian/.pub-cache/hosted/pub.dev/video_player_android-2.9.1/android/src/debug/resources', not found
[        ] file or directory '/Users/florian/.pub-cache/hosted/pub.dev/video_player_android-2.9.1/android/src/main/resources', not found
[        ] file or directory '/Users/florian/.pub-cache/hosted/pub.dev/video_player_android-2.9.1/android/src/debug/resources', not found
[        ] Caching disabled for task ':video_player_android:processDebugJavaRes' because:
[        ]   Build cache is disabled
[        ]   Caching has been disabled for the task
[        ] Skipping task ':video_player_android:processDebugJavaRes' as it is up-to-date.
[        ] work action resolve out (project :video_player_android) (Thread[#44027,Execution worker Thread 2,5,main]) started.
[        ] Resolve mutations for :app:mergeDebugJavaResource (Thread[#44027,Execution worker Thread 2,5,main]) started.
[        ] :app:mergeDebugJavaResource (Thread[#44027,Execution worker Thread 2,5,main]) started.
[        ] > Task :app:mergeDebugJavaResource UP-TO-DATE
[        ] Caching disabled for task ':app:mergeDebugJavaResource' because:
[        ]   Build cache is disabled
[        ]   Caching has been disabled for the task
[        ] Skipping task ':app:mergeDebugJavaResource' as it is up-to-date.
[        ] Resolve mutations for :app:checkDebugDuplicateClasses (Thread[#44027,Execution worker Thread 2,5,main]) started.
[        ] :app:checkDebugDuplicateClasses (Thread[#44027,Execution worker Thread 2,5,main]) started.
[        ] > Task :app:checkDebugDuplicateClasses UP-TO-DATE
[        ] Caching disabled for task ':app:checkDebugDuplicateClasses' because:
[        ]   Build cache is disabled
[        ]   Caching has been disabled for the task
[        ] Skipping task ':app:checkDebugDuplicateClasses' as it is up-to-date.
[        ] Resolve mutations for :app:desugarDebugFileDependencies (Thread[#44027,Execution worker Thread 2,5,main]) started.
[        ] :app:desugarDebugFileDependencies (Thread[#44027,Execution worker Thread 2,5,main]) started.
[        ] > Task :app:desugarDebugFileDependencies UP-TO-DATE
[        ] Caching disabled for task ':app:desugarDebugFileDependencies' because:
[        ]   Build cache is disabled
[        ] Skipping task ':app:desugarDebugFileDependencies' as it is up-to-date.
[        ] Resolve mutations for :app:mergeExtDexDebug (Thread[#44027,Execution worker Thread 2,5,main]) started.
[        ] :app:mergeExtDexDebug (Thread[#44027,Execution worker Thread 2,5,main]) started.
[        ] > Task :app:mergeExtDexDebug UP-TO-DATE
[        ] Caching disabled for task ':app:mergeExtDexDebug' because:
[        ]   Build cache is disabled
[        ] Skipping task ':app:mergeExtDexDebug' as it is up-to-date.
[        ] Resolve mutations for :connectivity_plus:bundleLibRuntimeToDirDebug (Thread[#44027,Execution worker Thread 2,5,main]) started.
[        ] :connectivity_plus:bundleLibRuntimeToDirDebug (Thread[#44027,Execution worker Thread 2,5,main]) started.
[        ] > Task :connectivity_plus:bundleLibRuntimeToDirDebug UP-TO-DATE
[        ] Caching disabled for task ':connectivity_plus:bundleLibRuntimeToDirDebug' because:
[        ]   Build cache is disabled
[        ]   Simple merging task
[        ] Skipping task ':connectivity_plus:bundleLibRuntimeToDirDebug' as it is up-to-date.
[        ] work action resolve bundleLibRuntimeToDirDebug (project :connectivity_plus) (Thread[#44027,Execution worker Thread 2,5,main]) started.
[        ] ClassesDirToClassesTransform (Thread[#44027,Execution worker Thread 2,5,main]) started.
[        ] Resolve mutations for :emoji_picker_flutter:bundleLibRuntimeToDirDebug (Thread[#44030,Execution worker Thread 5,5,main]) started.
[        ] :emoji_picker_flutter:bundleLibRuntimeToDirDebug (Thread[#44030,Execution worker Thread 5,5,main]) started.
[        ] DexingNoClasspathTransform (Thread[#44027,Execution worker Thread 2,5,main]) started.
[        ] > Task :emoji_picker_flutter:bundleLibRuntimeToDirDebug UP-TO-DATE
[        ] Caching disabled for task ':emoji_picker_flutter:bundleLibRuntimeToDirDebug' because:
[        ]   Build cache is disabled
[        ]   Simple merging task
[        ] Skipping task ':emoji_picker_flutter:bundleLibRuntimeToDirDebug' as it is up-to-date.
[        ] work action resolve bundleLibRuntimeToDirDebug (project :emoji_picker_flutter) (Thread[#44030,Execution worker Thread 5,5,main]) started.
[        ] ClassesDirToClassesTransform (Thread[#44030,Execution worker Thread 5,5,main]) started.
[        ] Resolve mutations for :file_selector_android:bundleLibRuntimeToDirDebug (Thread[#44041,Execution worker Thread 15,5,main]) started.
[        ] DexingNoClasspathTransform (Thread[#44030,Execution worker Thread 5,5,main]) started.
[        ] :file_selector_android:bundleLibRuntimeToDirDebug (Thread[#44041,Execution worker Thread 15,5,main]) started.
[        ] > Transform bundleLibRuntimeToDirDebug (project :connectivity_plus) with DexingNoClasspathTransform
[        ] Caching disabled for DexingNoClasspathTransform: /Users/florian/Code/substitution/build/connectivity_plus/intermediates/runtime_library_classes_dir/debug/bundleLibRuntimeToDirDebug because:
[        ]   Build cache is disabled
[        ] Skipping DexingNoClasspathTransform: /Users/florian/Code/substitution/build/connectivity_plus/intermediates/runtime_library_classes_dir/debug/bundleLibRuntimeToDirDebug as it is up-to-date.
[        ] > Transform bundleLibRuntimeToDirDebug (project :emoji_picker_flutter) with DexingNoClasspathTransform
[        ] Caching disabled for DexingNoClasspathTransform: /Users/florian/Code/substitution/build/emoji_picker_flutter/intermediates/runtime_library_classes_dir/debug/bundleLibRuntimeToDirDebug because:
[        ]   Build cache is disabled
[        ] Skipping DexingNoClasspathTransform: /Users/florian/Code/substitution/build/emoji_picker_flutter/intermediates/runtime_library_classes_dir/debug/bundleLibRuntimeToDirDebug as it is up-to-date.
[        ] > Task :file_selector_android:bundleLibRuntimeToDirDebug UP-TO-DATE
[        ] Caching disabled for task ':file_selector_android:bundleLibRuntimeToDirDebug' because:
[        ]   Build cache is disabled
[        ]   Simple merging task
[        ] Skipping task ':file_selector_android:bundleLibRuntimeToDirDebug' as it is up-to-date.
[        ] work action resolve bundleLibRuntimeToDirDebug (project :file_selector_android) (Thread[#44041,Execution worker Thread 15,5,main]) started.
[        ] ClassesDirToClassesTransform (Thread[#44041,Execution worker Thread 15,5,main]) started.
[        ] Resolve mutations for :flutter_keyboard_visibility_temp_fork:bundleLibRuntimeToDirDebug (Thread[#44048,Execution worker Thread 22,5,main]) started.
[        ] :flutter_keyboard_visibility_temp_fork:bundleLibRuntimeToDirDebug (Thread[#44048,Execution worker Thread 22,5,main]) started.
[        ] DexingNoClasspathTransform (Thread[#44041,Execution worker Thread 15,5,main]) started.
[        ] > Task :flutter_keyboard_visibility_temp_fork:bundleLibRuntimeToDirDebug UP-TO-DATE
[        ] Caching disabled for task ':flutter_keyboard_visibility_temp_fork:bundleLibRuntimeToDirDebug' because:
[        ]   Build cache is disabled
[        ]   Simple merging task
[        ] Skipping task ':flutter_keyboard_visibility_temp_fork:bundleLibRuntimeToDirDebug' as it is up-to-date.
[        ] work action resolve bundleLibRuntimeToDirDebug (project :flutter_keyboard_visibility_temp_fork) (Thread[#44048,Execution worker Thread 22,5,main]) started.
[        ] ClassesDirToClassesTransform (Thread[#44048,Execution worker Thread 22,5,main]) started.
[        ] Resolve mutations for :flutter_native_splash:bundleLibRuntimeToDirDebug (Thread[#44038,Execution worker Thread 12,5,main]) started.
[        ] DexingNoClasspathTransform (Thread[#44048,Execution worker Thread 22,5,main]) started.
[        ] :flutter_native_splash:bundleLibRuntimeToDirDebug (Thread[#44038,Execution worker Thread 12,5,main]) started.
[        ] > Transform bundleLibRuntimeToDirDebug (project :file_selector_android) with DexingNoClasspathTransform
[        ] Caching disabled for DexingNoClasspathTransform: /Users/florian/Code/substitution/build/file_selector_android/intermediates/runtime_library_classes_dir/debug/bundleLibRuntimeToDirDebug because:
[        ]   Build cache is disabled
[        ] Skipping DexingNoClasspathTransform: /Users/florian/Code/substitution/build/file_selector_android/intermediates/runtime_library_classes_dir/debug/bundleLibRuntimeToDirDebug as it is up-to-date.
[        ] > Task :flutter_native_splash:bundleLibRuntimeToDirDebug UP-TO-DATE
[        ] Caching disabled for task ':flutter_native_splash:bundleLibRuntimeToDirDebug' because:
[        ]   Build cache is disabled
[        ]   Simple merging task
[        ] Skipping task ':flutter_native_splash:bundleLibRuntimeToDirDebug' as it is up-to-date.
[        ] work action resolve bundleLibRuntimeToDirDebug (project :flutter_native_splash) (Thread[#44038,Execution worker Thread 12,5,main]) started.
[        ] > Transform bundleLibRuntimeToDirDebug (project :flutter_keyboard_visibility_temp_fork) with DexingNoClasspathTransform
[        ] Caching disabled for DexingNoClasspathTransform: /Users/florian/Code/substitution/build/flutter_keyboard_visibility_temp_fork/intermediates/runtime_library_classes_dir/debug/bundleLibRuntimeToDirDebug because:
[        ]   Build cache is disabled
[        ] Skipping DexingNoClasspathTransform: /Users/florian/Code/substitution/build/flutter_keyboard_visibility_temp_fork/intermediates/runtime_library_classes_dir/debug/bundleLibRuntimeToDirDebug as it is up-to-date.
[        ] ClassesDirToClassesTransform (Thread[#44038,Execution worker Thread 12,5,main]) started.
[        ] Resolve mutations for :flutter_olm:bundleLibRuntimeToDirDebug (Thread[#44048,Execution worker Thread 22,5,main]) started.
[        ] DexingNoClasspathTransform (Thread[#44038,Execution worker Thread 12,5,main]) started.
[        ] :flutter_olm:bundleLibRuntimeToDirDebug (Thread[#44048,Execution worker Thread 22,5,main]) started.
[        ] > Transform bundleLibRuntimeToDirDebug (project :flutter_native_splash) with DexingNoClasspathTransform
[        ] Caching disabled for DexingNoClasspathTransform: /Users/florian/Code/substitution/build/flutter_native_splash/intermediates/runtime_library_classes_dir/debug/bundleLibRuntimeToDirDebug because:
[        ]   Build cache is disabled
[        ] Skipping DexingNoClasspathTransform: /Users/florian/Code/substitution/build/flutter_native_splash/intermediates/runtime_library_classes_dir/debug/bundleLibRuntimeToDirDebug as it is up-to-date.
[        ] > Task :flutter_olm:bundleLibRuntimeToDirDebug UP-TO-DATE
[        ] Caching disabled for task ':flutter_olm:bundleLibRuntimeToDirDebug' because:
[        ]   Build cache is disabled
[        ]   Simple merging task
[        ] Skipping task ':flutter_olm:bundleLibRuntimeToDirDebug' as it is up-to-date.
[        ] work action resolve bundleLibRuntimeToDirDebug (project :flutter_olm) (Thread[#44048,Execution worker Thread 22,5,main]) started.
[        ] ClassesDirToClassesTransform (Thread[#44048,Execution worker Thread 22,5,main]) started.
[        ] Resolve mutations for :flutter_openssl_crypto:bundleLibRuntimeToDirDebug (Thread[#44050,Execution worker Thread 24,5,main]) started.
[        ] DexingNoClasspathTransform (Thread[#44042,Execution worker Thread 16,5,main]) started.
[        ] :flutter_openssl_crypto:bundleLibRuntimeToDirDebug (Thread[#44050,Execution worker Thread 24,5,main]) started.
[        ] > Transform bundleLibRuntimeToDirDebug (project :flutter_olm) with DexingNoClasspathTransform
[        ] Caching disabled for DexingNoClasspathTransform: /Users/florian/Code/substitution/build/flutter_olm/intermediates/runtime_library_classes_dir/debug/bundleLibRuntimeToDirDebug because:
[        ]   Build cache is disabled
[        ] Skipping DexingNoClasspathTransform: /Users/florian/Code/substitution/build/flutter_olm/intermediates/runtime_library_classes_dir/debug/bundleLibRuntimeToDirDebug as it is up-to-date.
[        ] > Task :flutter_openssl_crypto:bundleLibRuntimeToDirDebug UP-TO-DATE
[        ] Caching disabled for task ':flutter_openssl_crypto:bundleLibRuntimeToDirDebug' because:
[        ]   Build cache is disabled
[        ]   Simple merging task
[        ] Skipping task ':flutter_openssl_crypto:bundleLibRuntimeToDirDebug' as it is up-to-date.
[        ] work action resolve bundleLibRuntimeToDirDebug (project :flutter_openssl_crypto) (Thread[#44050,Execution worker Thread 24,5,main]) started.
[        ] ClassesDirToClassesTransform (Thread[#44050,Execution worker Thread 24,5,main]) started.
[        ] Resolve mutations for :integration_test:bundleLibRuntimeToDirDebug (Thread[#44048,Execution worker Thread 22,5,main]) started.
[        ] DexingNoClasspathTransform (Thread[#44048,Execution worker Thread 22,5,main]) started.
[        ] :integration_test:bundleLibRuntimeToDirDebug (Thread[#44050,Execution worker Thread 24,5,main]) started.
[        ] > Task :integration_test:bundleLibRuntimeToDirDebug UP-TO-DATE
[        ] Caching disabled for task ':integration_test:bundleLibRuntimeToDirDebug' because:
[        ]   Build cache is disabled
[        ]   Simple merging task
[        ] Skipping task ':integration_test:bundleLibRuntimeToDirDebug' as it is up-to-date.
[        ] > Transform bundleLibRuntimeToDirDebug (project :flutter_openssl_crypto) with DexingNoClasspathTransform
[        ] Caching disabled for DexingNoClasspathTransform: /Users/florian/Code/substitution/build/flutter_openssl_crypto/intermediates/runtime_library_classes_dir/debug/bundleLibRuntimeToDirDebug because:
[        ]   Build cache is disabled
[        ] Skipping DexingNoClasspathTransform: /Users/florian/Code/substitution/build/flutter_openssl_crypto/intermediates/runtime_library_classes_dir/debug/bundleLibRuntimeToDirDebug as it is up-to-date.
[        ] work action resolve bundleLibRuntimeToDirDebug (project :integration_test) (Thread[#44050,Execution worker Thread 24,5,main]) started.
[        ] ClassesDirToClassesTransform (Thread[#44050,Execution worker Thread 24,5,main]) started.
[        ] Resolve mutations for :path_provider_android:bundleLibRuntimeToDirDebug (Thread[#44048,Execution worker Thread 22,5,main]) started.
[        ] :path_provider_android:bundleLibRuntimeToDirDebug (Thread[#44048,Execution worker Thread 22,5,main]) started.
[        ] DexingNoClasspathTransform (Thread[#44050,Execution worker Thread 24,5,main]) started.
[        ] > Task :path_provider_android:bundleLibRuntimeToDirDebug UP-TO-DATE
[        ] Caching disabled for task ':path_provider_android:bundleLibRuntimeToDirDebug' because:
[        ]   Build cache is disabled
[        ]   Simple merging task
[        ] Skipping task ':path_provider_android:bundleLibRuntimeToDirDebug' as it is up-to-date.
[        ] work action resolve bundleLibRuntimeToDirDebug (project :path_provider_android) (Thread[#44048,Execution worker Thread 22,5,main]) started.
[        ] ClassesDirToClassesTransform (Thread[#44048,Execution worker Thread 22,5,main]) started.
[        ] Resolve mutations for :quill_native_bridge_android:bundleLibRuntimeToDirDebug (Thread[#44051,Execution worker Thread 25,5,main]) started.
[        ] > Transform bundleLibRuntimeToDirDebug (project :integration_test) with DexingNoClasspathTransform
[        ] Caching disabled for DexingNoClasspathTransform: /Users/florian/Code/substitution/build/integration_test/intermediates/runtime_library_classes_dir/debug/bundleLibRuntimeToDirDebug because:
[        ]   Build cache is disabled
[        ] Skipping DexingNoClasspathTransform: /Users/florian/Code/substitution/build/integration_test/intermediates/runtime_library_classes_dir/debug/bundleLibRuntimeToDirDebug as it is up-to-date.
[        ] DexingNoClasspathTransform (Thread[#44048,Execution worker Thread 22,5,main]) started.
[        ] :quill_native_bridge_android:bundleLibRuntimeToDirDebug (Thread[#44051,Execution worker Thread 25,5,main]) started.
[        ] > Transform bundleLibRuntimeToDirDebug (project :path_provider_android) with DexingNoClasspathTransform
[        ] Caching disabled for DexingNoClasspathTransform: /Users/florian/Code/substitution/build/path_provider_android/intermediates/runtime_library_classes_dir/debug/bundleLibRuntimeToDirDebug because:
[        ]   Build cache is disabled
[        ] Skipping DexingNoClasspathTransform: /Users/florian/Code/substitution/build/path_provider_android/intermediates/runtime_library_classes_dir/debug/bundleLibRuntimeToDirDebug as it is up-to-date.
[        ] > Task :quill_native_bridge_android:bundleLibRuntimeToDirDebug UP-TO-DATE
[        ] Caching disabled for task ':quill_native_bridge_android:bundleLibRuntimeToDirDebug' because:
[        ]   Build cache is disabled
[        ]   Simple merging task
[        ] Skipping task ':quill_native_bridge_android:bundleLibRuntimeToDirDebug' as it is up-to-date.
[        ] work action resolve bundleLibRuntimeToDirDebug (project :quill_native_bridge_android) (Thread[#44051,Execution worker Thread 25,5,main]) started.
[        ] ClassesDirToClassesTransform (Thread[#44051,Execution worker Thread 25,5,main]) started.
[        ] Resolve mutations for :shared_preferences_android:bundleLibRuntimeToDirDebug (Thread[#44028,Execution worker Thread 3,5,main]) started.
[        ] :shared_preferences_android:bundleLibRuntimeToDirDebug (Thread[#44028,Execution worker Thread 3,5,main]) started.
[        ] DexingNoClasspathTransform (Thread[#44051,Execution worker Thread 25,5,main]) started.
[        ] > Transform bundleLibRuntimeToDirDebug (project :quill_native_bridge_android) with DexingNoClasspathTransform
[        ] Caching disabled for DexingNoClasspathTransform: /Users/florian/Code/substitution/build/quill_native_bridge_android/intermediates/runtime_library_classes_dir/debug/bundleLibRuntimeToDirDebug because:
[        ]   Build cache is disabled
[        ] Skipping DexingNoClasspathTransform: /Users/florian/Code/substitution/build/quill_native_bridge_android/intermediates/runtime_library_classes_dir/debug/bundleLibRuntimeToDirDebug as it is up-to-date.
[        ] > Task :shared_preferences_android:bundleLibRuntimeToDirDebug UP-TO-DATE
[        ] Caching disabled for task ':shared_preferences_android:bundleLibRuntimeToDirDebug' because:
[        ]   Build cache is disabled
[        ]   Simple merging task
[        ] Skipping task ':shared_preferences_android:bundleLibRuntimeToDirDebug' as it is up-to-date.
[        ] work action resolve bundleLibRuntimeToDirDebug (project :shared_preferences_android) (Thread[#44028,Execution worker Thread 3,5,main]) started.
[        ] ClassesDirToClassesTransform (Thread[#44028,Execution worker Thread 3,5,main]) started.
[        ] Resolve mutations for :sqflite_android:bundleLibRuntimeToDirDebug (Thread[#44042,Execution worker Thread 16,5,main]) started.
[        ] :sqflite_android:bundleLibRuntimeToDirDebug (Thread[#44042,Execution worker Thread 16,5,main]) started.
[        ] DexingNoClasspathTransform (Thread[#44028,Execution worker Thread 3,5,main]) started.
[        ] > Task :sqflite_android:bundleLibRuntimeToDirDebug UP-TO-DATE
[        ] Caching disabled for task ':sqflite_android:bundleLibRuntimeToDirDebug' because:
[        ]   Build cache is disabled
[        ]   Simple merging task
[        ] Skipping task ':sqflite_android:bundleLibRuntimeToDirDebug' as it is up-to-date.
[        ] work action resolve bundleLibRuntimeToDirDebug (project :sqflite_android) (Thread[#44042,Execution worker Thread 16,5,main]) started.
[        ] ClassesDirToClassesTransform (Thread[#44042,Execution worker Thread 16,5,main]) started.
[        ] Resolve mutations for :url_launcher_android:bundleLibRuntimeToDirDebug (Thread[#44056,Execution worker Thread 30,5,main]) started.
[        ] DexingNoClasspathTransform (Thread[#44042,Execution worker Thread 16,5,main]) started.
[        ] :url_launcher_android:bundleLibRuntimeToDirDebug (Thread[#44056,Execution worker Thread 30,5,main]) started.
[        ] > Transform bundleLibRuntimeToDirDebug (project :shared_preferences_android) with DexingNoClasspathTransform
[        ] Caching disabled for DexingNoClasspathTransform: /Users/florian/Code/substitution/build/shared_preferences_android/intermediates/runtime_library_classes_dir/debug/bundleLibRuntimeToDirDebug because:
[        ]   Build cache is disabled
[        ] Skipping DexingNoClasspathTransform: /Users/florian/Code/substitution/build/shared_preferences_android/intermediates/runtime_library_classes_dir/debug/bundleLibRuntimeToDirDebug as it is up-to-date.
[        ] > Transform bundleLibRuntimeToDirDebug (project :sqflite_android) with DexingNoClasspathTransform
[        ] Caching disabled for DexingNoClasspathTransform: /Users/florian/Code/substitution/build/sqflite_android/intermediates/runtime_library_classes_dir/debug/bundleLibRuntimeToDirDebug because:
[        ]   Build cache is disabled
[        ] Skipping DexingNoClasspathTransform: /Users/florian/Code/substitution/build/sqflite_android/intermediates/runtime_library_classes_dir/debug/bundleLibRuntimeToDirDebug as it is up-to-date.
[        ] > Task :url_launcher_android:bundleLibRuntimeToDirDebug UP-TO-DATE
[        ] Caching disabled for task ':url_launcher_android:bundleLibRuntimeToDirDebug' because:
[        ]   Build cache is disabled
[        ]   Simple merging task
[        ] Skipping task ':url_launcher_android:bundleLibRuntimeToDirDebug' as it is up-to-date.
[        ] work action resolve bundleLibRuntimeToDirDebug (project :url_launcher_android) (Thread[#44056,Execution worker Thread 30,5,main]) started.
[        ] ClassesDirToClassesTransform (Thread[#44056,Execution worker Thread 30,5,main]) started.
[        ] Resolve mutations for :video_player_android:bundleLibRuntimeToDirDebug (Thread[#44042,Execution worker Thread 16,5,main]) started.
[        ] :video_player_android:bundleLibRuntimeToDirDebug (Thread[#44042,Execution worker Thread 16,5,main]) started.
[        ] DexingNoClasspathTransform (Thread[#44056,Execution worker Thread 30,5,main]) started.
[        ] > Transform bundleLibRuntimeToDirDebug (project :url_launcher_android) with DexingNoClasspathTransform
[        ] Caching disabled for DexingNoClasspathTransform: /Users/florian/Code/substitution/build/url_launcher_android/intermediates/runtime_library_classes_dir/debug/bundleLibRuntimeToDirDebug because:
[        ]   Build cache is disabled
[        ] Skipping DexingNoClasspathTransform: /Users/florian/Code/substitution/build/url_launcher_android/intermediates/runtime_library_classes_dir/debug/bundleLibRuntimeToDirDebug as it is up-to-date.
[        ] > Task :video_player_android:bundleLibRuntimeToDirDebug UP-TO-DATE
[        ] Caching disabled for task ':video_player_android:bundleLibRuntimeToDirDebug' because:
[        ]   Build cache is disabled
[        ]   Simple merging task
[        ] Skipping task ':video_player_android:bundleLibRuntimeToDirDebug' as it is up-to-date.
[        ] work action resolve bundleLibRuntimeToDirDebug (project :video_player_android) (Thread[#44042,Execution worker Thread 16,5,main]) started.
[        ] ClassesDirToClassesTransform (Thread[#44042,Execution worker Thread 16,5,main]) started.
[        ] Resolve mutations for :app:dexBuilderDebug (Thread[#44032,Execution worker Thread 7,5,main]) started.
[        ] DexingNoClasspathTransform (Thread[#44042,Execution worker Thread 16,5,main]) started.
[        ] :app:dexBuilderDebug (Thread[#44032,Execution worker Thread 7,5,main]) started.
[        ] > Task :app:dexBuilderDebug UP-TO-DATE
[        ] Caching disabled for task ':app:dexBuilderDebug' because:
[        ]   Build cache is disabled
[        ] Skipping task ':app:dexBuilderDebug' as it is up-to-date.
[        ] > Transform bundleLibRuntimeToDirDebug (project :video_player_android) with DexingNoClasspathTransform
[        ] Caching disabled for DexingNoClasspathTransform: /Users/florian/Code/substitution/build/video_player_android/intermediates/runtime_library_classes_dir/debug/bundleLibRuntimeToDirDebug because:
[        ]   Build cache is disabled
[        ] Skipping DexingNoClasspathTransform: /Users/florian/Code/substitution/build/video_player_android/intermediates/runtime_library_classes_dir/debug/bundleLibRuntimeToDirDebug as it is up-to-date.
[        ] Resolve mutations for :app:mergeLibDexDebug (Thread[#44042,Execution worker Thread 16,5,main]) started.
[        ] :app:mergeLibDexDebug (Thread[#44042,Execution worker Thread 16,5,main]) started.
[        ] > Task :app:mergeLibDexDebug UP-TO-DATE
[        ] Caching disabled for task ':app:mergeLibDexDebug' because:
[        ]   Build cache is disabled
[        ] Skipping task ':app:mergeLibDexDebug' as it is up-to-date.
[        ] Resolve mutations for :app:mergeProjectDexDebug (Thread[#44042,Execution worker Thread 16,5,main]) started.
[        ] :app:mergeProjectDexDebug (Thread[#44042,Execution worker Thread 16,5,main]) started.
[        ] > Task :app:mergeProjectDexDebug UP-TO-DATE
[        ] Caching disabled for task ':app:mergeProjectDexDebug' because:
[        ]   Build cache is disabled
[        ] Skipping task ':app:mergeProjectDexDebug' as it is up-to-date.
[        ] Resolve mutations for :app:configureCMakeDebug[arm64-v8a] (Thread[#44042,Execution worker Thread 16,5,main]) started.
[        ] :app:configureCMakeDebug[arm64-v8a] (Thread[#44042,Execution worker Thread 16,5,main]) started.
[        ] > Task :app:configureCMakeDebug[arm64-v8a]
[        ] Caching disabled for task ':app:configureCMakeDebug[arm64-v8a]' because:
[        ]   Build cache is disabled
[        ]   Caching has been disabled for the task
[        ] Task ':app:configureCMakeDebug[arm64-v8a]' is not up-to-date because:
[        ]   Task.upToDateWhen is false.
[        ] C/C++: /opt/homebrew/share/flutter/packages/flutter_tools/gradle/src/main/scripts/CMakeLists.txt debug|arm64-v8a : Start JSON generation. Platform version: 24 min SDK version: arm64-v8a
[        ] C/C++: /opt/homebrew/share/flutter/packages/flutter_tools/gradle/src/main/scripts/CMakeLists.txt debug|arm64-v8a : JSON '/Users/florian/Code/substitution/build/.cxx/debug/x6546535/arm64-v8a/android_gradle_build.json' was up-to-date
[        ] C/C++: /opt/homebrew/share/flutter/packages/flutter_tools/gradle/src/main/scripts/CMakeLists.txt debug|arm64-v8a : JSON generation completed without problems
[        ] C/C++: /opt/homebrew/share/flutter/packages/flutter_tools/gradle/src/main/scripts/CMakeLists.txt debug|arm64-v8a : Writing build model to /Users/florian/Code/substitution/build/app/intermediates/cxx/debug/x6546535/logs/arm64-v8a/build_model.json
[        ] Resolve mutations for :app:buildCMakeDebug[arm64-v8a] (Thread[#44042,Execution worker Thread 16,5,main]) started.
[        ] :app:buildCMakeDebug[arm64-v8a] (Thread[#44042,Execution worker Thread 16,5,main]) started.
[        ] > Task :app:buildCMakeDebug[arm64-v8a]
[        ] Caching disabled for task ':app:buildCMakeDebug[arm64-v8a]' because:
[        ]   Build cache is disabled
[        ]   Caching has been disabled for the task
[        ] Task ':app:buildCMakeDebug[arm64-v8a]' is not up-to-date because:
[        ]   Task.upToDateWhen is false.
[        ] C/C++: starting build
[        ] C/C++: reading expected JSONs
[        ] C/C++: done reading expected JSONs
[        ] C/C++: executing build commands for targets that produce .so files or executables
[        ] C/C++: evaluate miniconfig
[        ] C/C++: no libraries
[        ] Resolve mutations for :app:configureCMakeDebug[armeabi-v7a] (Thread[#44042,Execution worker Thread 16,5,main]) started.
[        ] :app:configureCMakeDebug[armeabi-v7a] (Thread[#44042,Execution worker Thread 16,5,main]) started.
[        ] > Task :app:configureCMakeDebug[armeabi-v7a]
[        ] Caching disabled for task ':app:configureCMakeDebug[armeabi-v7a]' because:
[        ]   Build cache is disabled
[        ]   Caching has been disabled for the task
[        ] Task ':app:configureCMakeDebug[armeabi-v7a]' is not up-to-date because:
[        ]   Task.upToDateWhen is false.
[        ] C/C++: /opt/homebrew/share/flutter/packages/flutter_tools/gradle/src/main/scripts/CMakeLists.txt debug|armeabi-v7a : Start JSON generation. Platform version: 24 min SDK version: armeabi-v7a
[        ] C/C++: /opt/homebrew/share/flutter/packages/flutter_tools/gradle/src/main/scripts/CMakeLists.txt debug|armeabi-v7a : JSON '/Users/florian/Code/substitution/build/.cxx/debug/x6546535/armeabi-v7a/android_gradle_build.json' was up-to-date
[        ] C/C++: /opt/homebrew/share/flutter/packages/flutter_tools/gradle/src/main/scripts/CMakeLists.txt debug|armeabi-v7a : JSON generation completed without problems
[        ] C/C++: /opt/homebrew/share/flutter/packages/flutter_tools/gradle/src/main/scripts/CMakeLists.txt debug|armeabi-v7a : Writing build model to /Users/florian/Code/substitution/build/app/intermediates/cxx/debug/x6546535/logs/armeabi-v7a/build_model.json
[        ] Resolve mutations for :app:buildCMakeDebug[armeabi-v7a] (Thread[#44042,Execution worker Thread 16,5,main]) started.
[        ] :app:buildCMakeDebug[armeabi-v7a] (Thread[#44042,Execution worker Thread 16,5,main]) started.
[        ] > Task :app:buildCMakeDebug[armeabi-v7a]
[        ] Caching disabled for task ':app:buildCMakeDebug[armeabi-v7a]' because:
[        ]   Build cache is disabled
[        ]   Caching has been disabled for the task
[        ] Task ':app:buildCMakeDebug[armeabi-v7a]' is not up-to-date because:
[        ]   Task.upToDateWhen is false.
[        ] C/C++: starting build
[        ] C/C++: reading expected JSONs
[        ] C/C++: done reading expected JSONs
[        ] C/C++: executing build commands for targets that produce .so files or executables
[        ] C/C++: evaluate miniconfig
[        ] C/C++: no libraries
[        ] Resolve mutations for :app:configureCMakeDebug[x86_64] (Thread[#44042,Execution worker Thread 16,5,main]) started.
[        ] :app:configureCMakeDebug[x86_64] (Thread[#44042,Execution worker Thread 16,5,main]) started.
[        ] > Task :app:configureCMakeDebug[x86_64]
[        ] Caching disabled for task ':app:configureCMakeDebug[x86_64]' because:
[        ]   Build cache is disabled
[        ]   Caching has been disabled for the task
[        ] Task ':app:configureCMakeDebug[x86_64]' is not up-to-date because:
[        ]   Task.upToDateWhen is false.
[        ] C/C++: /opt/homebrew/share/flutter/packages/flutter_tools/gradle/src/main/scripts/CMakeLists.txt debug|x86_64 : Start JSON generation. Platform version: 24 min SDK version: x86_64
[        ] C/C++: /opt/homebrew/share/flutter/packages/flutter_tools/gradle/src/main/scripts/CMakeLists.txt debug|x86_64 : JSON '/Users/florian/Code/substitution/build/.cxx/debug/x6546535/x86_64/android_gradle_build.json' was up-to-date
[        ] C/C++: /opt/homebrew/share/flutter/packages/flutter_tools/gradle/src/main/scripts/CMakeLists.txt debug|x86_64 : JSON generation completed without problems
[        ] C/C++: /opt/homebrew/share/flutter/packages/flutter_tools/gradle/src/main/scripts/CMakeLists.txt debug|x86_64 : Writing build model to /Users/florian/Code/substitution/build/app/intermediates/cxx/debug/x6546535/logs/x86_64/build_model.json
[        ] Resolve mutations for :app:buildCMakeDebug[x86_64] (Thread[#44042,Execution worker Thread 16,5,main]) started.
[        ] :app:buildCMakeDebug[x86_64] (Thread[#44042,Execution worker Thread 16,5,main]) started.
[        ] > Task :app:buildCMakeDebug[x86_64]
[        ] Caching disabled for task ':app:buildCMakeDebug[x86_64]' because:
[        ]   Build cache is disabled
[        ]   Caching has been disabled for the task
[        ] Task ':app:buildCMakeDebug[x86_64]' is not up-to-date because:
[        ]   Task.upToDateWhen is false.
[        ] C/C++: starting build
[        ] C/C++: reading expected JSONs
[        ] C/C++: done reading expected JSONs
[        ] C/C++: executing build commands for targets that produce .so files or executables
[        ] C/C++: evaluate miniconfig
[        ] C/C++: no libraries
[        ] Resolve mutations for :app:mergeDebugJniLibFolders (Thread[#44042,Execution worker Thread 16,5,main]) started.
[        ] :app:mergeDebugJniLibFolders (Thread[#44042,Execution worker Thread 16,5,main]) started.
[        ] > Task :app:mergeDebugJniLibFolders UP-TO-DATE
[        ] Caching disabled for task ':app:mergeDebugJniLibFolders' because:
[        ]   Build cache is disabled
[        ]   Simple merging task
[        ] Skipping task ':app:mergeDebugJniLibFolders' as it is up-to-date.
[        ] Resolve mutations for :connectivity_plus:mergeDebugJniLibFolders (Thread[#44042,Execution worker Thread 16,5,main]) started.
[        ] :connectivity_plus:mergeDebugJniLibFolders (Thread[#44042,Execution worker Thread 16,5,main]) started.
[        ] > Task :connectivity_plus:mergeDebugJniLibFolders UP-TO-DATE
[        ] Caching disabled for task ':connectivity_plus:mergeDebugJniLibFolders' because:
[        ]   Build cache is disabled
[        ]   Simple merging task
[        ] Skipping task ':connectivity_plus:mergeDebugJniLibFolders' as it is up-to-date.
[        ] Resolve mutations for :connectivity_plus:mergeDebugNativeLibs (Thread[#44042,Execution worker Thread 16,5,main]) started.
[        ] :connectivity_plus:mergeDebugNativeLibs (Thread[#44042,Execution worker Thread 16,5,main]) started.
[        ] > Task :connectivity_plus:mergeDebugNativeLibs NO-SOURCE
[        ] Skipping task ':connectivity_plus:mergeDebugNativeLibs' as it has no source files and no previous output files.
[        ] Resolve mutations for :connectivity_plus:copyDebugJniLibsProjectOnly (Thread[#44042,Execution worker Thread 16,5,main]) started.
[        ] :connectivity_plus:copyDebugJniLibsProjectOnly (Thread[#44042,Execution worker Thread 16,5,main]) started.
[        ] > Task :connectivity_plus:copyDebugJniLibsProjectOnly UP-TO-DATE
[        ] Caching disabled for task ':connectivity_plus:copyDebugJniLibsProjectOnly' because:
[        ]   Build cache is disabled
[        ]   Caching has been disabled for the task
[        ] Skipping task ':connectivity_plus:copyDebugJniLibsProjectOnly' as it is up-to-date.
[        ] work action resolve jni (project :connectivity_plus) (Thread[#44042,Execution worker Thread 16,5,main]) started.
[        ] Resolve mutations for :emoji_picker_flutter:mergeDebugJniLibFolders (Thread[#44042,Execution worker Thread 16,5,main]) started.
[        ] :emoji_picker_flutter:mergeDebugJniLibFolders (Thread[#44042,Execution worker Thread 16,5,main]) started.
[        ] > Task :emoji_picker_flutter:mergeDebugJniLibFolders UP-TO-DATE
[        ] Caching disabled for task ':emoji_picker_flutter:mergeDebugJniLibFolders' because:
[        ]   Build cache is disabled
[        ]   Simple merging task
[        ] Skipping task ':emoji_picker_flutter:mergeDebugJniLibFolders' as it is up-to-date.
[        ] Resolve mutations for :emoji_picker_flutter:mergeDebugNativeLibs (Thread[#44042,Execution worker Thread 16,5,main]) started.
[        ] :emoji_picker_flutter:mergeDebugNativeLibs (Thread[#44042,Execution worker Thread 16,5,main]) started.
[        ] > Task :emoji_picker_flutter:mergeDebugNativeLibs NO-SOURCE
[        ] Skipping task ':emoji_picker_flutter:mergeDebugNativeLibs' as it has no source files and no previous output files.
[        ] Resolve mutations for :emoji_picker_flutter:copyDebugJniLibsProjectOnly (Thread[#44042,Execution worker Thread 16,5,main]) started.
[        ] :emoji_picker_flutter:copyDebugJniLibsProjectOnly (Thread[#44042,Execution worker Thread 16,5,main]) started.
[        ] > Task :emoji_picker_flutter:copyDebugJniLibsProjectOnly UP-TO-DATE
[        ] Caching disabled for task ':emoji_picker_flutter:copyDebugJniLibsProjectOnly' because:
[        ]   Build cache is disabled
[        ]   Caching has been disabled for the task
[        ] Skipping task ':emoji_picker_flutter:copyDebugJniLibsProjectOnly' as it is up-to-date.
[        ] work action resolve jni (project :emoji_picker_flutter) (Thread[#44042,Execution worker Thread 16,5,main]) started.
[        ] Resolve mutations for :file_selector_android:mergeDebugJniLibFolders (Thread[#44042,Execution worker Thread 16,5,main]) started.
[        ] :file_selector_android:mergeDebugJniLibFolders (Thread[#44042,Execution worker Thread 16,5,main]) started.
[        ] > Task :file_selector_android:mergeDebugJniLibFolders UP-TO-DATE
[        ] Caching disabled for task ':file_selector_android:mergeDebugJniLibFolders' because:
[        ]   Build cache is disabled
[        ]   Simple merging task
[        ] Skipping task ':file_selector_android:mergeDebugJniLibFolders' as it is up-to-date.
[        ] Resolve mutations for :file_selector_android:mergeDebugNativeLibs (Thread[#44042,Execution worker Thread 16,5,main]) started.
[        ] :file_selector_android:mergeDebugNativeLibs (Thread[#44042,Execution worker Thread 16,5,main]) started.
[        ] > Task :file_selector_android:mergeDebugNativeLibs NO-SOURCE
[        ] Skipping task ':file_selector_android:mergeDebugNativeLibs' as it has no source files and no previous output files.
[        ] Resolve mutations for :file_selector_android:copyDebugJniLibsProjectOnly (Thread[#44042,Execution worker Thread 16,5,main]) started.
[        ] :file_selector_android:copyDebugJniLibsProjectOnly (Thread[#44042,Execution worker Thread 16,5,main]) started.
[        ] > Task :file_selector_android:copyDebugJniLibsProjectOnly UP-TO-DATE
[        ] Caching disabled for task ':file_selector_android:copyDebugJniLibsProjectOnly' because:
[        ]   Build cache is disabled
[        ]   Caching has been disabled for the task
[        ] Skipping task ':file_selector_android:copyDebugJniLibsProjectOnly' as it is up-to-date.
[        ] work action resolve jni (project :file_selector_android) (Thread[#44042,Execution worker Thread 16,5,main]) started.
[        ] Resolve mutations for :flutter_keyboard_visibility_temp_fork:mergeDebugJniLibFolders (Thread[#44042,Execution worker Thread 16,5,main]) started.
[        ] :flutter_keyboard_visibility_temp_fork:mergeDebugJniLibFolders (Thread[#44042,Execution worker Thread 16,5,main]) started.
[        ] > Task :flutter_keyboard_visibility_temp_fork:mergeDebugJniLibFolders UP-TO-DATE
[        ] Caching disabled for task ':flutter_keyboard_visibility_temp_fork:mergeDebugJniLibFolders' because:
[        ]   Build cache is disabled
[        ]   Simple merging task
[        ] Skipping task ':flutter_keyboard_visibility_temp_fork:mergeDebugJniLibFolders' as it is up-to-date.
[        ] Resolve mutations for :flutter_keyboard_visibility_temp_fork:mergeDebugNativeLibs (Thread[#44042,Execution worker Thread 16,5,main]) started.
[        ] :flutter_keyboard_visibility_temp_fork:mergeDebugNativeLibs (Thread[#44042,Execution worker Thread 16,5,main]) started.
[        ] > Task :flutter_keyboard_visibility_temp_fork:mergeDebugNativeLibs NO-SOURCE
[        ] Skipping task ':flutter_keyboard_visibility_temp_fork:mergeDebugNativeLibs' as it has no source files and no previous output files.
[        ] Resolve mutations for :flutter_keyboard_visibility_temp_fork:copyDebugJniLibsProjectOnly (Thread[#44042,Execution worker Thread 16,5,main]) started.
[        ] :flutter_keyboard_visibility_temp_fork:copyDebugJniLibsProjectOnly (Thread[#44042,Execution worker Thread 16,5,main]) started.
[        ] > Task :flutter_keyboard_visibility_temp_fork:copyDebugJniLibsProjectOnly UP-TO-DATE
[        ] Caching disabled for task ':flutter_keyboard_visibility_temp_fork:copyDebugJniLibsProjectOnly' because:
[        ]   Build cache is disabled
[        ]   Caching has been disabled for the task
[        ] Skipping task ':flutter_keyboard_visibility_temp_fork:copyDebugJniLibsProjectOnly' as it is up-to-date.
[        ] work action resolve jni (project :flutter_keyboard_visibility_temp_fork) (Thread[#44042,Execution worker Thread 16,5,main]) started.
[        ] Resolve mutations for :flutter_native_splash:mergeDebugJniLibFolders (Thread[#44042,Execution worker Thread 16,5,main]) started.
[        ] :flutter_native_splash:mergeDebugJniLibFolders (Thread[#44042,Execution worker Thread 16,5,main]) started.
[        ] > Task :flutter_native_splash:mergeDebugJniLibFolders UP-TO-DATE
[        ] Caching disabled for task ':flutter_native_splash:mergeDebugJniLibFolders' because:
[        ]   Build cache is disabled
[        ]   Simple merging task
[        ] Skipping task ':flutter_native_splash:mergeDebugJniLibFolders' as it is up-to-date.
[        ] Resolve mutations for :flutter_native_splash:mergeDebugNativeLibs (Thread[#44042,Execution worker Thread 16,5,main]) started.
[        ] :flutter_native_splash:mergeDebugNativeLibs (Thread[#44042,Execution worker Thread 16,5,main]) started.
[        ] > Task :flutter_native_splash:mergeDebugNativeLibs NO-SOURCE
[        ] Skipping task ':flutter_native_splash:mergeDebugNativeLibs' as it has no source files and no previous output files.
[        ] Resolve mutations for :flutter_native_splash:copyDebugJniLibsProjectOnly (Thread[#44042,Execution worker Thread 16,5,main]) started.
[        ] :flutter_native_splash:copyDebugJniLibsProjectOnly (Thread[#44042,Execution worker Thread 16,5,main]) started.
[        ] > Task :flutter_native_splash:copyDebugJniLibsProjectOnly UP-TO-DATE
[        ] Caching disabled for task ':flutter_native_splash:copyDebugJniLibsProjectOnly' because:
[        ]   Build cache is disabled
[        ]   Caching has been disabled for the task
[        ] Skipping task ':flutter_native_splash:copyDebugJniLibsProjectOnly' as it is up-to-date.
[        ] work action resolve jni (project :flutter_native_splash) (Thread[#44042,Execution worker Thread 16,5,main]) started.
[        ] Resolve mutations for :flutter_olm:preProfileBuild (Thread[#44042,Execution worker Thread 16,5,main]) started.
[        ] :flutter_olm:preProfileBuild (Thread[#44042,Execution worker Thread 16,5,main]) started.
[        ] > Task :flutter_olm:preProfileBuild UP-TO-DATE
[        ] Skipping task ':flutter_olm:preProfileBuild' as it has no actions.
[        ] Resolve mutations for :flutter_olm:configureCMakeDebug[arm64-v8a] (Thread[#44042,Execution worker Thread 16,5,main]) started.
[        ] :flutter_olm:configureCMakeDebug[arm64-v8a] (Thread[#44042,Execution worker Thread 16,5,main]) started.
[        ] > Task :flutter_olm:configureCMakeDebug[arm64-v8a]
[        ] Caching disabled for task ':flutter_olm:configureCMakeDebug[arm64-v8a]' because:
[        ]   Build cache is disabled
[        ]   Caching has been disabled for the task
[        ] Task ':flutter_olm:configureCMakeDebug[arm64-v8a]' is not up-to-date because:
[        ]   Task.upToDateWhen is false.
[        ] C/C++: /Users/florian/.pub-cache/hosted/pub.dev/flutter_olm-2.0.0/ios/CMakeLists.txt profile|arm64-v8a : Start JSON generation. Platform version: 21 min SDK version: arm64-v8a
[        ] C/C++: /Users/florian/.pub-cache/hosted/pub.dev/flutter_olm-2.0.0/ios/CMakeLists.txt profile|arm64-v8a : JSON '/Users/florian/.pub-cache/hosted/pub.dev/flutter_olm-2.0.0/android/.cxx/Debug/611a6669/arm64-v8a/android_gradle_build.json' was up-to-date
[        ] C/C++: /Users/florian/.pub-cache/hosted/pub.dev/flutter_olm-2.0.0/ios/CMakeLists.txt profile|arm64-v8a : JSON generation completed without problems
[        ] C/C++: /Users/florian/.pub-cache/hosted/pub.dev/flutter_olm-2.0.0/ios/CMakeLists.txt profile|arm64-v8a : Writing build model to /Users/florian/Code/substitution/build/flutter_olm/intermediates/cxx/Debug/611a6669/logs/arm64-v8a/build_model.json
[        ] Resolve mutations for :flutter_olm:buildCMakeDebug[arm64-v8a] (Thread[#44042,Execution worker Thread 16,5,main]) started.
[        ] :flutter_olm:buildCMakeDebug[arm64-v8a] (Thread[#44042,Execution worker Thread 16,5,main]) started.
[        ] > Task :flutter_olm:buildCMakeDebug[arm64-v8a]
[        ] Caching disabled for task ':flutter_olm:buildCMakeDebug[arm64-v8a]' because:
[        ]   Build cache is disabled
[        ]   Caching has been disabled for the task
[        ] Task ':flutter_olm:buildCMakeDebug[arm64-v8a]' is not up-to-date because:
[        ]   Task.upToDateWhen is false.
[        ] C/C++: starting build
[        ] C/C++: reading expected JSONs
[        ] C/C++: done reading expected JSONs
[        ] C/C++: executing build commands for targets that produce .so files or executables
[        ] C/C++: evaluate miniconfig
[        ] C/C++: evaluate library olm (arm64-v8a)
[        ] C/C++: building target library olm because no targets are specified.
[        ] C/C++: about to build targets olm
[        ] C/C++: Build olm
[        ] C/C++: /Users/florian/Library/Android/sdk/cmake/3.22.1/bin/ninja \
[        ]   -C \
[        ]   /Users/florian/.pub-cache/hosted/pub.dev/flutter_olm-2.0.0/android/.cxx/Debug/611a6669/arm64-v8a \
[        ]   olm
[        ] Starting process 'command '/Users/florian/Library/Android/sdk/cmake/3.22.1/bin/ninja''. Working directory: /Users/florian/.pub-cache/hosted/pub.dev/flutter_olm-2.0.0/android Command: /Users/florian/Library/Android/sdk/cmake/3.22.1/bin/ninja -C /Users/florian/.pub-cache/hosted/pub.dev/flutter_olm-2.0.0/android/.cxx/Debug/611a6669/arm64-v8a olm
[        ] Successfully started process 'command '/Users/florian/Library/Android/sdk/cmake/3.22.1/bin/ninja''
[        ] C/C++: Received process result: 0
[        ] C/C++: check expected build outputs
[        ] C/C++: build complete
[        ] Resolve mutations for :flutter_olm:configureCMakeDebug[armeabi-v7a] (Thread[#44042,Execution worker Thread 16,5,main]) started.
[        ] :flutter_olm:configureCMakeDebug[armeabi-v7a] (Thread[#44042,Execution worker Thread 16,5,main]) started.
[        ] > Task :flutter_olm:configureCMakeDebug[armeabi-v7a]
[        ] Caching disabled for task ':flutter_olm:configureCMakeDebug[armeabi-v7a]' because:
[        ]   Build cache is disabled
[        ]   Caching has been disabled for the task
[        ] Task ':flutter_olm:configureCMakeDebug[armeabi-v7a]' is not up-to-date because:
[        ]   Task.upToDateWhen is false.
[        ] C/C++: /Users/florian/.pub-cache/hosted/pub.dev/flutter_olm-2.0.0/ios/CMakeLists.txt profile|armeabi-v7a : Start JSON generation. Platform version: 21 min SDK version: armeabi-v7a
[        ] C/C++: /Users/florian/.pub-cache/hosted/pub.dev/flutter_olm-2.0.0/ios/CMakeLists.txt profile|armeabi-v7a : JSON '/Users/florian/.pub-cache/hosted/pub.dev/flutter_olm-2.0.0/android/.cxx/Debug/611a6669/armeabi-v7a/android_gradle_build.json' was up-to-date
[        ] C/C++: /Users/florian/.pub-cache/hosted/pub.dev/flutter_olm-2.0.0/ios/CMakeLists.txt profile|armeabi-v7a : JSON generation completed without problems
[        ] C/C++: /Users/florian/.pub-cache/hosted/pub.dev/flutter_olm-2.0.0/ios/CMakeLists.txt profile|armeabi-v7a : Writing build model to /Users/florian/Code/substitution/build/flutter_olm/intermediates/cxx/Debug/611a6669/logs/armeabi-v7a/build_model.json
[        ] Resolve mutations for :flutter_olm:buildCMakeDebug[armeabi-v7a] (Thread[#44042,Execution worker Thread 16,5,main]) started.
[        ] :flutter_olm:buildCMakeDebug[armeabi-v7a] (Thread[#44042,Execution worker Thread 16,5,main]) started.
[        ] > Task :flutter_olm:buildCMakeDebug[armeabi-v7a]
[        ] Caching disabled for task ':flutter_olm:buildCMakeDebug[armeabi-v7a]' because:
[        ]   Build cache is disabled
[        ]   Caching has been disabled for the task
[        ] Task ':flutter_olm:buildCMakeDebug[armeabi-v7a]' is not up-to-date because:
[        ]   Task.upToDateWhen is false.
[        ] C/C++: starting build
[        ] C/C++: reading expected JSONs
[        ] C/C++: done reading expected JSONs
[        ] C/C++: executing build commands for targets that produce .so files or executables
[        ] C/C++: evaluate miniconfig
[        ] C/C++: evaluate library olm (armeabi-v7a)
[        ] C/C++: building target library olm because no targets are specified.
[        ] C/C++: about to build targets olm
[        ] C/C++: Build olm
[        ] C/C++: /Users/florian/Library/Android/sdk/cmake/3.22.1/bin/ninja \
[        ]   -C \
[        ]   /Users/florian/.pub-cache/hosted/pub.dev/flutter_olm-2.0.0/android/.cxx/Debug/611a6669/armeabi-v7a \
[        ]   olm
[        ] Starting process 'command '/Users/florian/Library/Android/sdk/cmake/3.22.1/bin/ninja''. Working directory: /Users/florian/.pub-cache/hosted/pub.dev/flutter_olm-2.0.0/android Command: /Users/florian/Library/Android/sdk/cmake/3.22.1/bin/ninja -C /Users/florian/.pub-cache/hosted/pub.dev/flutter_olm-2.0.0/android/.cxx/Debug/611a6669/armeabi-v7a olm
[        ] Successfully started process 'command '/Users/florian/Library/Android/sdk/cmake/3.22.1/bin/ninja''
[        ] C/C++: Received process result: 0
[        ] C/C++: check expected build outputs
[        ] C/C++: build complete
[        ] Resolve mutations for :flutter_olm:configureCMakeDebug[x86] (Thread[#44042,Execution worker Thread 16,5,main]) started.
[        ] :flutter_olm:configureCMakeDebug[x86] (Thread[#44042,Execution worker Thread 16,5,main]) started.
[        ] > Task :flutter_olm:configureCMakeDebug[x86]
[        ] Caching disabled for task ':flutter_olm:configureCMakeDebug[x86]' because:
[        ]   Build cache is disabled
[        ]   Caching has been disabled for the task
[        ] Task ':flutter_olm:configureCMakeDebug[x86]' is not up-to-date because:
[        ]   Task.upToDateWhen is false.
[        ] C/C++: /Users/florian/.pub-cache/hosted/pub.dev/flutter_olm-2.0.0/ios/CMakeLists.txt profile|x86 : Start JSON generation. Platform version: 21 min SDK version: x86
[        ] C/C++: /Users/florian/.pub-cache/hosted/pub.dev/flutter_olm-2.0.0/ios/CMakeLists.txt profile|x86 : JSON '/Users/florian/.pub-cache/hosted/pub.dev/flutter_olm-2.0.0/android/.cxx/Debug/611a6669/x86/android_gradle_build.json' was up-to-date
[        ] C/C++: /Users/florian/.pub-cache/hosted/pub.dev/flutter_olm-2.0.0/ios/CMakeLists.txt profile|x86 : JSON generation completed without problems
[        ] C/C++: /Users/florian/.pub-cache/hosted/pub.dev/flutter_olm-2.0.0/ios/CMakeLists.txt profile|x86 : Writing build model to /Users/florian/Code/substitution/build/flutter_olm/intermediates/cxx/Debug/611a6669/logs/x86/build_model.json
[        ] Resolve mutations for :flutter_olm:buildCMakeDebug[x86] (Thread[#44042,Execution worker Thread 16,5,main]) started.
[        ] :flutter_olm:buildCMakeDebug[x86] (Thread[#44042,Execution worker Thread 16,5,main]) started.
[        ] > Task :flutter_olm:buildCMakeDebug[x86]
[        ] Caching disabled for task ':flutter_olm:buildCMakeDebug[x86]' because:
[        ]   Build cache is disabled
[        ]   Caching has been disabled for the task
[        ] Task ':flutter_olm:buildCMakeDebug[x86]' is not up-to-date because:
[        ]   Task.upToDateWhen is false.
[        ] C/C++: starting build
[        ] C/C++: reading expected JSONs
[        ] C/C++: done reading expected JSONs
[        ] C/C++: executing build commands for targets that produce .so files or executables
[        ] C/C++: evaluate miniconfig
[        ] C/C++: evaluate library olm (x86)
[        ] C/C++: building target library olm because no targets are specified.
[        ] C/C++: about to build targets olm
[        ] C/C++: Build olm
[        ] C/C++: /Users/florian/Library/Android/sdk/cmake/3.22.1/bin/ninja \
[        ]   -C \
[        ]   /Users/florian/.pub-cache/hosted/pub.dev/flutter_olm-2.0.0/android/.cxx/Debug/611a6669/x86 \
[        ]   olm
[        ] Starting process 'command '/Users/florian/Library/Android/sdk/cmake/3.22.1/bin/ninja''. Working directory: /Users/florian/.pub-cache/hosted/pub.dev/flutter_olm-2.0.0/android Command: /Users/florian/Library/Android/sdk/cmake/3.22.1/bin/ninja -C /Users/florian/.pub-cache/hosted/pub.dev/flutter_olm-2.0.0/android/.cxx/Debug/611a6669/x86 olm
[        ] Successfully started process 'command '/Users/florian/Library/Android/sdk/cmake/3.22.1/bin/ninja''
[        ] C/C++: Received process result: 0
[        ] C/C++: check expected build outputs
[        ] C/C++: build complete
[        ] Resolve mutations for :flutter_olm:configureCMakeDebug[x86_64] (Thread[#44042,Execution worker Thread 16,5,main]) started.
[        ] :flutter_olm:configureCMakeDebug[x86_64] (Thread[#44042,Execution worker Thread 16,5,main]) started.
[        ] > Task :flutter_olm:configureCMakeDebug[x86_64]
[        ] Caching disabled for task ':flutter_olm:configureCMakeDebug[x86_64]' because:
[        ]   Build cache is disabled
[        ]   Caching has been disabled for the task
[        ] Task ':flutter_olm:configureCMakeDebug[x86_64]' is not up-to-date because:
[        ]   Task.upToDateWhen is false.
[        ] C/C++: /Users/florian/.pub-cache/hosted/pub.dev/flutter_olm-2.0.0/ios/CMakeLists.txt profile|x86_64 : Start JSON generation. Platform version: 21 min SDK version: x86_64
[        ] C/C++: /Users/florian/.pub-cache/hosted/pub.dev/flutter_olm-2.0.0/ios/CMakeLists.txt profile|x86_64 : JSON '/Users/florian/.pub-cache/hosted/pub.dev/flutter_olm-2.0.0/android/.cxx/Debug/611a6669/x86_64/android_gradle_build.json' was up-to-date
[        ] C/C++: /Users/florian/.pub-cache/hosted/pub.dev/flutter_olm-2.0.0/ios/CMakeLists.txt profile|x86_64 : JSON generation completed without problems
[        ] C/C++: /Users/florian/.pub-cache/hosted/pub.dev/flutter_olm-2.0.0/ios/CMakeLists.txt profile|x86_64 : Writing build model to /Users/florian/Code/substitution/build/flutter_olm/intermediates/cxx/Debug/611a6669/logs/x86_64/build_model.json
[        ] Resolve mutations for :flutter_olm:buildCMakeDebug[x86_64] (Thread[#44042,Execution worker Thread 16,5,main]) started.
[        ] :flutter_olm:buildCMakeDebug[x86_64] (Thread[#44042,Execution worker Thread 16,5,main]) started.
[  +96 ms] > Task :flutter_olm:buildCMakeDebug[x86_64]
[        ] Caching disabled for task ':flutter_olm:buildCMakeDebug[x86_64]' because:
[        ]   Build cache is disabled
[        ]   Caching has been disabled for the task
[        ] Task ':flutter_olm:buildCMakeDebug[x86_64]' is not up-to-date because:
[        ]   Task.upToDateWhen is false.
[        ] C/C++: starting build
[        ] C/C++: reading expected JSONs
[        ] C/C++: done reading expected JSONs
[        ] C/C++: executing build commands for targets that produce .so files or executables
[        ] C/C++: evaluate miniconfig
[        ] C/C++: evaluate library olm (x86_64)
[        ] C/C++: building target library olm because no targets are specified.
[        ] C/C++: about to build targets olm
[        ] C/C++: Build olm
[        ] C/C++: /Users/florian/Library/Android/sdk/cmake/3.22.1/bin/ninja \
[        ]   -C \
[        ]   /Users/florian/.pub-cache/hosted/pub.dev/flutter_olm-2.0.0/android/.cxx/Debug/611a6669/x86_64 \
[        ]   olm
[        ] Starting process 'command '/Users/florian/Library/Android/sdk/cmake/3.22.1/bin/ninja''. Working directory: /Users/florian/.pub-cache/hosted/pub.dev/flutter_olm-2.0.0/android Command: /Users/florian/Library/Android/sdk/cmake/3.22.1/bin/ninja -C /Users/florian/.pub-cache/hosted/pub.dev/flutter_olm-2.0.0/android/.cxx/Debug/611a6669/x86_64 olm
[        ] Successfully started process 'command '/Users/florian/Library/Android/sdk/cmake/3.22.1/bin/ninja''
[        ] C/C++: Received process result: 0
[        ] C/C++: check expected build outputs
[        ] C/C++: build complete
[        ] Resolve mutations for :flutter_olm:mergeDebugJniLibFolders (Thread[#44042,Execution worker Thread 16,5,main]) started.
[        ] :flutter_olm:mergeDebugJniLibFolders (Thread[#44042,Execution worker Thread 16,5,main]) started.
[        ] > Task :flutter_olm:mergeDebugJniLibFolders UP-TO-DATE
[        ] Caching disabled for task ':flutter_olm:mergeDebugJniLibFolders' because:
[        ]   Build cache is disabled
[        ]   Simple merging task
[        ] Skipping task ':flutter_olm:mergeDebugJniLibFolders' as it is up-to-date.
[        ] Resolve mutations for :flutter_olm:mergeDebugNativeLibs (Thread[#44042,Execution worker Thread 16,5,main]) started.
[        ] :flutter_olm:mergeDebugNativeLibs (Thread[#44042,Execution worker Thread 16,5,main]) started.
[        ] > Task :flutter_olm:mergeDebugNativeLibs UP-TO-DATE
[        ] Caching disabled for task ':flutter_olm:mergeDebugNativeLibs' because:
[        ]   Build cache is disabled
[        ]   Caching has been disabled for the task
[        ] Skipping task ':flutter_olm:mergeDebugNativeLibs' as it is up-to-date.
[        ] Resolve mutations for :flutter_olm:copyDebugJniLibsProjectOnly (Thread[#44042,Execution worker Thread 16,5,main]) started.
[        ] :flutter_olm:copyDebugJniLibsProjectOnly (Thread[#44042,Execution worker Thread 16,5,main]) started.
[        ] > Task :flutter_olm:copyDebugJniLibsProjectOnly UP-TO-DATE
[        ] Caching disabled for task ':flutter_olm:copyDebugJniLibsProjectOnly' because:
[        ]   Build cache is disabled
[        ]   Caching has been disabled for the task
[        ] Skipping task ':flutter_olm:copyDebugJniLibsProjectOnly' as it is up-to-date.
[        ] work action resolve jni (project :flutter_olm) (Thread[#44042,Execution worker Thread 16,5,main]) started.
[        ] Resolve mutations for :flutter_openssl_crypto:preProfileBuild (Thread[#44042,Execution worker Thread 16,5,main]) started.
[        ] :flutter_openssl_crypto:preProfileBuild (Thread[#44042,Execution worker Thread 16,5,main]) started.
[        ] > Task :flutter_openssl_crypto:preProfileBuild UP-TO-DATE
[        ] Skipping task ':flutter_openssl_crypto:preProfileBuild' as it has no actions.
[        ] Resolve mutations for :flutter_openssl_crypto:configureCMakeDebug[arm64-v8a] (Thread[#44042,Execution worker Thread 16,5,main]) started.
[        ] :flutter_openssl_crypto:configureCMakeDebug[arm64-v8a] (Thread[#44042,Execution worker Thread 16,5,main]) started.
[        ] > Task :flutter_openssl_crypto:configureCMakeDebug[arm64-v8a]
[        ] Caching disabled for task ':flutter_openssl_crypto:configureCMakeDebug[arm64-v8a]' because:
[        ]   Build cache is disabled
[        ]   Caching has been disabled for the task
[        ] Task ':flutter_openssl_crypto:configureCMakeDebug[arm64-v8a]' is not up-to-date because:
[        ]   Task.upToDateWhen is false.
[        ] C/C++: /Users/florian/.pub-cache/hosted/pub.dev/flutter_openssl_crypto-0.5.0/android/CMakeLists.txt profile|arm64-v8a : Start JSON generation. Platform version: 21 min SDK version: arm64-v8a
[        ] C/C++: /Users/florian/.pub-cache/hosted/pub.dev/flutter_openssl_crypto-0.5.0/android/CMakeLists.txt profile|arm64-v8a : JSON '/Users/florian/.pub-cache/hosted/pub.dev/flutter_openssl_crypto-0.5.0/android/.cxx/Debug/42n1p1e4/arm64-v8a/android_gradle_build.json' was up-to-date
[        ] C/C++: /Users/florian/.pub-cache/hosted/pub.dev/flutter_openssl_crypto-0.5.0/android/CMakeLists.txt profile|arm64-v8a : JSON generation completed without problems
[        ] C/C++: /Users/florian/.pub-cache/hosted/pub.dev/flutter_openssl_crypto-0.5.0/android/CMakeLists.txt profile|arm64-v8a : Writing build model to /Users/florian/Code/substitution/build/flutter_openssl_crypto/intermediates/cxx/Debug/42n1p1e4/logs/arm64-v8a/build_model.json
[        ] Resolve mutations for :flutter_openssl_crypto:buildCMakeDebug[arm64-v8a] (Thread[#44042,Execution worker Thread 16,5,main]) started.
[        ] :flutter_openssl_crypto:buildCMakeDebug[arm64-v8a] (Thread[#44042,Execution worker Thread 16,5,main]) started.
[        ] > Task :flutter_openssl_crypto:buildCMakeDebug[arm64-v8a]
[        ] Caching disabled for task ':flutter_openssl_crypto:buildCMakeDebug[arm64-v8a]' because:
[        ]   Build cache is disabled
[        ]   Caching has been disabled for the task
[        ] Task ':flutter_openssl_crypto:buildCMakeDebug[arm64-v8a]' is not up-to-date because:
[        ]   Task.upToDateWhen is false.
[        ] C/C++: starting build
[        ] C/C++: reading expected JSONs
[        ] C/C++: done reading expected JSONs
[        ] C/C++: executing build commands for targets that produce .so files or executables
[        ] C/C++: evaluate miniconfig
[        ] C/C++: evaluate library flutter_openssl_crypto (arm64-v8a)
[        ] C/C++: building target library flutter_openssl_crypto because no targets are specified.
[        ] C/C++: about to build targets flutter_openssl_crypto
[        ] C/C++: Build flutter_openssl_crypto
[        ] C/C++: /Users/florian/Library/Android/sdk/cmake/3.22.1/bin/ninja \
[        ]   -C \
[        ]   /Users/florian/.pub-cache/hosted/pub.dev/flutter_openssl_crypto-0.5.0/android/.cxx/Debug/42n1p1e4/arm64-v8a \
[        ]   flutter_openssl_crypto
[        ] Starting process 'command '/Users/florian/Library/Android/sdk/cmake/3.22.1/bin/ninja''. Working directory: /Users/florian/.pub-cache/hosted/pub.dev/flutter_openssl_crypto-0.5.0/android Command: /Users/florian/Library/Android/sdk/cmake/3.22.1/bin/ninja -C /Users/florian/.pub-cache/hosted/pub.dev/flutter_openssl_crypto-0.5.0/android/.cxx/Debug/42n1p1e4/arm64-v8a flutter_openssl_crypto
[        ] Successfully started process 'command '/Users/florian/Library/Android/sdk/cmake/3.22.1/bin/ninja''
[        ] C/C++: Received process result: 0
[        ] C/C++: check expected build outputs
[        ] C/C++: build complete
[        ] Resolve mutations for :flutter_openssl_crypto:configureCMakeDebug[armeabi-v7a] (Thread[#44042,Execution worker Thread 16,5,main]) started.
[        ] :flutter_openssl_crypto:configureCMakeDebug[armeabi-v7a] (Thread[#44042,Execution worker Thread 16,5,main]) started.
[        ] > Task :flutter_openssl_crypto:configureCMakeDebug[armeabi-v7a]
[        ] Caching disabled for task ':flutter_openssl_crypto:configureCMakeDebug[armeabi-v7a]' because:
[        ]   Build cache is disabled
[        ]   Caching has been disabled for the task
[        ] Task ':flutter_openssl_crypto:configureCMakeDebug[armeabi-v7a]' is not up-to-date because:
[        ]   Task.upToDateWhen is false.
[        ] C/C++: /Users/florian/.pub-cache/hosted/pub.dev/flutter_openssl_crypto-0.5.0/android/CMakeLists.txt profile|armeabi-v7a : Start JSON generation. Platform version: 21 min SDK version: armeabi-v7a
[        ] C/C++: /Users/florian/.pub-cache/hosted/pub.dev/flutter_openssl_crypto-0.5.0/android/CMakeLists.txt profile|armeabi-v7a : JSON '/Users/florian/.pub-cache/hosted/pub.dev/flutter_openssl_crypto-0.5.0/android/.cxx/Debug/42n1p1e4/armeabi-v7a/android_gradle_build.json' was up-to-date
[        ] C/C++: /Users/florian/.pub-cache/hosted/pub.dev/flutter_openssl_crypto-0.5.0/android/CMakeLists.txt profile|armeabi-v7a : JSON generation completed without problems
[        ] C/C++: /Users/florian/.pub-cache/hosted/pub.dev/flutter_openssl_crypto-0.5.0/android/CMakeLists.txt profile|armeabi-v7a : Writing build model to /Users/florian/Code/substitution/build/flutter_openssl_crypto/intermediates/cxx/Debug/42n1p1e4/logs/armeabi-v7a/build_model.json
[        ] Resolve mutations for :flutter_openssl_crypto:buildCMakeDebug[armeabi-v7a] (Thread[#44042,Execution worker Thread 16,5,main]) started.
[        ] :flutter_openssl_crypto:buildCMakeDebug[armeabi-v7a] (Thread[#44042,Execution worker Thread 16,5,main]) started.
[        ] > Task :flutter_openssl_crypto:buildCMakeDebug[armeabi-v7a]
[        ] Caching disabled for task ':flutter_openssl_crypto:buildCMakeDebug[armeabi-v7a]' because:
[        ]   Build cache is disabled
[        ]   Caching has been disabled for the task
[        ] Task ':flutter_openssl_crypto:buildCMakeDebug[armeabi-v7a]' is not up-to-date because:
[        ]   Task.upToDateWhen is false.
[        ] C/C++: starting build
[        ] C/C++: reading expected JSONs
[        ] C/C++: done reading expected JSONs
[        ] C/C++: executing build commands for targets that produce .so files or executables
[        ] C/C++: evaluate miniconfig
[        ] C/C++: evaluate library flutter_openssl_crypto (armeabi-v7a)
[        ] C/C++: building target library flutter_openssl_crypto because no targets are specified.
[        ] C/C++: about to build targets flutter_openssl_crypto
[        ] C/C++: Build flutter_openssl_crypto
[        ] C/C++: /Users/florian/Library/Android/sdk/cmake/3.22.1/bin/ninja \
[        ]   -C \
[        ]   /Users/florian/.pub-cache/hosted/pub.dev/flutter_openssl_crypto-0.5.0/android/.cxx/Debug/42n1p1e4/armeabi-v7a \
[        ]   flutter_openssl_crypto
[        ] Starting process 'command '/Users/florian/Library/Android/sdk/cmake/3.22.1/bin/ninja''. Working directory: /Users/florian/.pub-cache/hosted/pub.dev/flutter_openssl_crypto-0.5.0/android Command: /Users/florian/Library/Android/sdk/cmake/3.22.1/bin/ninja -C /Users/florian/.pub-cache/hosted/pub.dev/flutter_openssl_crypto-0.5.0/android/.cxx/Debug/42n1p1e4/armeabi-v7a flutter_openssl_crypto
[        ] Successfully started process 'command '/Users/florian/Library/Android/sdk/cmake/3.22.1/bin/ninja''
[        ] C/C++: Received process result: 0
[        ] C/C++: check expected build outputs
[        ] C/C++: build complete
[        ] Resolve mutations for :flutter_openssl_crypto:configureCMakeDebug[x86] (Thread[#44042,Execution worker Thread 16,5,main]) started.
[        ] :flutter_openssl_crypto:configureCMakeDebug[x86] (Thread[#44042,Execution worker Thread 16,5,main]) started.
[        ] > Task :flutter_openssl_crypto:configureCMakeDebug[x86]
[        ] Caching disabled for task ':flutter_openssl_crypto:configureCMakeDebug[x86]' because:
[        ]   Build cache is disabled
[        ]   Caching has been disabled for the task
[        ] Task ':flutter_openssl_crypto:configureCMakeDebug[x86]' is not up-to-date because:
[        ]   Task.upToDateWhen is false.
[        ] C/C++: /Users/florian/.pub-cache/hosted/pub.dev/flutter_openssl_crypto-0.5.0/android/CMakeLists.txt profile|x86 : Start JSON generation. Platform version: 21 min SDK version: x86
[        ] C/C++: /Users/florian/.pub-cache/hosted/pub.dev/flutter_openssl_crypto-0.5.0/android/CMakeLists.txt profile|x86 : JSON '/Users/florian/.pub-cache/hosted/pub.dev/flutter_openssl_crypto-0.5.0/android/.cxx/Debug/42n1p1e4/x86/android_gradle_build.json' was up-to-date
[        ] C/C++: /Users/florian/.pub-cache/hosted/pub.dev/flutter_openssl_crypto-0.5.0/android/CMakeLists.txt profile|x86 : JSON generation completed without problems
[        ] C/C++: /Users/florian/.pub-cache/hosted/pub.dev/flutter_openssl_crypto-0.5.0/android/CMakeLists.txt profile|x86 : Writing build model to /Users/florian/Code/substitution/build/flutter_openssl_crypto/intermediates/cxx/Debug/42n1p1e4/logs/x86/build_model.json
[        ] Resolve mutations for :flutter_openssl_crypto:buildCMakeDebug[x86] (Thread[#44042,Execution worker Thread 16,5,main]) started.
[        ] :flutter_openssl_crypto:buildCMakeDebug[x86] (Thread[#44042,Execution worker Thread 16,5,main]) started.
[        ] > Task :flutter_openssl_crypto:buildCMakeDebug[x86]
[        ] Caching disabled for task ':flutter_openssl_crypto:buildCMakeDebug[x86]' because:
[        ]   Build cache is disabled
[        ]   Caching has been disabled for the task
[        ] Task ':flutter_openssl_crypto:buildCMakeDebug[x86]' is not up-to-date because:
[        ]   Task.upToDateWhen is false.
[        ] C/C++: starting build
[        ] C/C++: reading expected JSONs
[        ] C/C++: done reading expected JSONs
[        ] C/C++: executing build commands for targets that produce .so files or executables
[        ] C/C++: evaluate miniconfig
[        ] C/C++: evaluate library flutter_openssl_crypto (x86)
[        ] C/C++: building target library flutter_openssl_crypto because no targets are specified.
[        ] C/C++: about to build targets flutter_openssl_crypto
[        ] C/C++: Build flutter_openssl_crypto
[        ] C/C++: /Users/florian/Library/Android/sdk/cmake/3.22.1/bin/ninja \
[        ]   -C \
[        ]   /Users/florian/.pub-cache/hosted/pub.dev/flutter_openssl_crypto-0.5.0/android/.cxx/Debug/42n1p1e4/x86 \
[        ]   flutter_openssl_crypto
[        ] Starting process 'command '/Users/florian/Library/Android/sdk/cmake/3.22.1/bin/ninja''. Working directory: /Users/florian/.pub-cache/hosted/pub.dev/flutter_openssl_crypto-0.5.0/android Command: /Users/florian/Library/Android/sdk/cmake/3.22.1/bin/ninja -C /Users/florian/.pub-cache/hosted/pub.dev/flutter_openssl_crypto-0.5.0/android/.cxx/Debug/42n1p1e4/x86 flutter_openssl_crypto
[        ] Successfully started process 'command '/Users/florian/Library/Android/sdk/cmake/3.22.1/bin/ninja''
[        ] C/C++: Received process result: 0
[        ] C/C++: check expected build outputs
[        ] C/C++: build complete
[        ] Resolve mutations for :flutter_openssl_crypto:configureCMakeDebug[x86_64] (Thread[#44042,Execution worker Thread 16,5,main]) started.
[        ] :flutter_openssl_crypto:configureCMakeDebug[x86_64] (Thread[#44042,Execution worker Thread 16,5,main]) started.
[        ] > Task :flutter_openssl_crypto:configureCMakeDebug[x86_64]
[        ] Caching disabled for task ':flutter_openssl_crypto:configureCMakeDebug[x86_64]' because:
[        ]   Build cache is disabled
[        ]   Caching has been disabled for the task
[        ] Task ':flutter_openssl_crypto:configureCMakeDebug[x86_64]' is not up-to-date because:
[        ]   Task.upToDateWhen is false.
[        ] C/C++: /Users/florian/.pub-cache/hosted/pub.dev/flutter_openssl_crypto-0.5.0/android/CMakeLists.txt profile|x86_64 : Start JSON generation. Platform version: 21 min SDK version: x86_64
[        ] C/C++: /Users/florian/.pub-cache/hosted/pub.dev/flutter_openssl_crypto-0.5.0/android/CMakeLists.txt profile|x86_64 : JSON '/Users/florian/.pub-cache/hosted/pub.dev/flutter_openssl_crypto-0.5.0/android/.cxx/Debug/42n1p1e4/x86_64/android_gradle_build.json' was up-to-date
[        ] C/C++: /Users/florian/.pub-cache/hosted/pub.dev/flutter_openssl_crypto-0.5.0/android/CMakeLists.txt profile|x86_64 : JSON generation completed without problems
[        ] C/C++: /Users/florian/.pub-cache/hosted/pub.dev/flutter_openssl_crypto-0.5.0/android/CMakeLists.txt profile|x86_64 : Writing build model to /Users/florian/Code/substitution/build/flutter_openssl_crypto/intermediates/cxx/Debug/42n1p1e4/logs/x86_64/build_model.json
[        ] Resolve mutations for :flutter_openssl_crypto:buildCMakeDebug[x86_64] (Thread[#44042,Execution worker Thread 16,5,main]) started.
[        ] :flutter_openssl_crypto:buildCMakeDebug[x86_64] (Thread[#44042,Execution worker Thread 16,5,main]) started.
[        ] > Task :flutter_openssl_crypto:buildCMakeDebug[x86_64]
[        ] Caching disabled for task ':flutter_openssl_crypto:buildCMakeDebug[x86_64]' because:
[        ]   Build cache is disabled
[        ]   Caching has been disabled for the task
[        ] Task ':flutter_openssl_crypto:buildCMakeDebug[x86_64]' is not up-to-date because:
[        ]   Task.upToDateWhen is false.
[        ] C/C++: starting build
[        ] C/C++: reading expected JSONs
[        ] C/C++: done reading expected JSONs
[        ] C/C++: executing build commands for targets that produce .so files or executables
[        ] C/C++: evaluate miniconfig
[        ] C/C++: evaluate library flutter_openssl_crypto (x86_64)
[        ] C/C++: building target library flutter_openssl_crypto because no targets are specified.
[        ] C/C++: about to build targets flutter_openssl_crypto
[        ] C/C++: Build flutter_openssl_crypto
[        ] C/C++: /Users/florian/Library/Android/sdk/cmake/3.22.1/bin/ninja \
[        ]   -C \
[        ]   /Users/florian/.pub-cache/hosted/pub.dev/flutter_openssl_crypto-0.5.0/android/.cxx/Debug/42n1p1e4/x86_64 \
[        ]   flutter_openssl_crypto
[        ] Starting process 'command '/Users/florian/Library/Android/sdk/cmake/3.22.1/bin/ninja''. Working directory: /Users/florian/.pub-cache/hosted/pub.dev/flutter_openssl_crypto-0.5.0/android Command: /Users/florian/Library/Android/sdk/cmake/3.22.1/bin/ninja -C /Users/florian/.pub-cache/hosted/pub.dev/flutter_openssl_crypto-0.5.0/android/.cxx/Debug/42n1p1e4/x86_64 flutter_openssl_crypto
[        ] Successfully started process 'command '/Users/florian/Library/Android/sdk/cmake/3.22.1/bin/ninja''
[        ] C/C++: Received process result: 0
[        ] C/C++: check expected build outputs
[        ] C/C++: build complete
[        ] Resolve mutations for :flutter_openssl_crypto:mergeDebugJniLibFolders (Thread[#44042,Execution worker Thread 16,5,main]) started.
[        ] :flutter_openssl_crypto:mergeDebugJniLibFolders (Thread[#44042,Execution worker Thread 16,5,main]) started.
[        ] > Task :flutter_openssl_crypto:mergeDebugJniLibFolders UP-TO-DATE
[        ] Caching disabled for task ':flutter_openssl_crypto:mergeDebugJniLibFolders' because:
[        ]   Build cache is disabled
[        ]   Simple merging task
[        ] Skipping task ':flutter_openssl_crypto:mergeDebugJniLibFolders' as it is up-to-date.
[        ] Resolve mutations for :flutter_openssl_crypto:mergeDebugNativeLibs (Thread[#44042,Execution worker Thread 16,5,main]) started.
[        ] :flutter_openssl_crypto:mergeDebugNativeLibs (Thread[#44042,Execution worker Thread 16,5,main]) started.
[        ] > Task :flutter_openssl_crypto:mergeDebugNativeLibs UP-TO-DATE
[        ] Caching disabled for task ':flutter_openssl_crypto:mergeDebugNativeLibs' because:
[        ]   Build cache is disabled
[        ]   Caching has been disabled for the task
[        ] Skipping task ':flutter_openssl_crypto:mergeDebugNativeLibs' as it is up-to-date.
[        ] Resolve mutations for :flutter_openssl_crypto:copyDebugJniLibsProjectOnly (Thread[#44042,Execution worker Thread 16,5,main]) started.
[        ] :flutter_openssl_crypto:copyDebugJniLibsProjectOnly (Thread[#44042,Execution worker Thread 16,5,main]) started.
[        ] > Task :flutter_openssl_crypto:copyDebugJniLibsProjectOnly UP-TO-DATE
[        ] Caching disabled for task ':flutter_openssl_crypto:copyDebugJniLibsProjectOnly' because:
[        ]   Build cache is disabled
[        ]   Caching has been disabled for the task
[        ] Skipping task ':flutter_openssl_crypto:copyDebugJniLibsProjectOnly' as it is up-to-date.
[        ] work action resolve jni (project :flutter_openssl_crypto) (Thread[#44042,Execution worker Thread 16,5,main]) started.
[        ] Resolve mutations for :integration_test:mergeDebugJniLibFolders (Thread[#44042,Execution worker Thread 16,5,main]) started.
[        ] :integration_test:mergeDebugJniLibFolders (Thread[#44042,Execution worker Thread 16,5,main]) started.
[        ] > Task :integration_test:mergeDebugJniLibFolders UP-TO-DATE
[        ] Caching disabled for task ':integration_test:mergeDebugJniLibFolders' because:
[        ]   Build cache is disabled
[        ]   Simple merging task
[        ] Skipping task ':integration_test:mergeDebugJniLibFolders' as it is up-to-date.
[        ] Resolve mutations for :integration_test:mergeDebugNativeLibs (Thread[#44042,Execution worker Thread 16,5,main]) started.
[        ] :integration_test:mergeDebugNativeLibs (Thread[#44042,Execution worker Thread 16,5,main]) started.
[        ] > Task :integration_test:mergeDebugNativeLibs NO-SOURCE
[        ] Skipping task ':integration_test:mergeDebugNativeLibs' as it has no source files and no previous output files.
[        ] Resolve mutations for :integration_test:copyDebugJniLibsProjectOnly (Thread[#44042,Execution worker Thread 16,5,main]) started.
[        ] :integration_test:copyDebugJniLibsProjectOnly (Thread[#44042,Execution worker Thread 16,5,main]) started.
[        ] > Task :integration_test:copyDebugJniLibsProjectOnly UP-TO-DATE
[        ] Caching disabled for task ':integration_test:copyDebugJniLibsProjectOnly' because:
[        ]   Build cache is disabled
[        ]   Caching has been disabled for the task
[        ] Skipping task ':integration_test:copyDebugJniLibsProjectOnly' as it is up-to-date.
[        ] work action resolve jni (project :integration_test) (Thread[#44042,Execution worker Thread 16,5,main]) started.
[        ] Resolve mutations for :path_provider_android:mergeDebugJniLibFolders (Thread[#44042,Execution worker Thread 16,5,main]) started.
[        ] :path_provider_android:mergeDebugJniLibFolders (Thread[#44042,Execution worker Thread 16,5,main]) started.
[        ] > Task :path_provider_android:mergeDebugJniLibFolders UP-TO-DATE
[        ] Caching disabled for task ':path_provider_android:mergeDebugJniLibFolders' because:
[        ]   Build cache is disabled
[        ]   Simple merging task
[        ] Skipping task ':path_provider_android:mergeDebugJniLibFolders' as it is up-to-date.
[        ] Resolve mutations for :path_provider_android:mergeDebugNativeLibs (Thread[#44042,Execution worker Thread 16,5,main]) started.
[        ] :path_provider_android:mergeDebugNativeLibs (Thread[#44042,Execution worker Thread 16,5,main]) started.
[        ] > Task :path_provider_android:mergeDebugNativeLibs NO-SOURCE
[        ] Skipping task ':path_provider_android:mergeDebugNativeLibs' as it has no source files and no previous output files.
[        ] Resolve mutations for :path_provider_android:copyDebugJniLibsProjectOnly (Thread[#44042,Execution worker Thread 16,5,main]) started.
[        ] :path_provider_android:copyDebugJniLibsProjectOnly (Thread[#44042,Execution worker Thread 16,5,main]) started.
[        ] > Task :path_provider_android:copyDebugJniLibsProjectOnly UP-TO-DATE
[        ] Caching disabled for task ':path_provider_android:copyDebugJniLibsProjectOnly' because:
[        ]   Build cache is disabled
[        ]   Caching has been disabled for the task
[        ] Skipping task ':path_provider_android:copyDebugJniLibsProjectOnly' as it is up-to-date.
[        ] work action resolve jni (project :path_provider_android) (Thread[#44042,Execution worker Thread 16,5,main]) started.
[        ] Resolve mutations for :quill_native_bridge_android:mergeDebugJniLibFolders (Thread[#44042,Execution worker Thread 16,5,main]) started.
[        ] :quill_native_bridge_android:mergeDebugJniLibFolders (Thread[#44042,Execution worker Thread 16,5,main]) started.
[        ] > Task :quill_native_bridge_android:mergeDebugJniLibFolders UP-TO-DATE
[        ] Caching disabled for task ':quill_native_bridge_android:mergeDebugJniLibFolders' because:
[        ]   Build cache is disabled
[        ]   Simple merging task
[        ] Skipping task ':quill_native_bridge_android:mergeDebugJniLibFolders' as it is up-to-date.
[        ] Resolve mutations for :quill_native_bridge_android:mergeDebugNativeLibs (Thread[#44042,Execution worker Thread 16,5,main]) started.
[        ] :quill_native_bridge_android:mergeDebugNativeLibs (Thread[#44042,Execution worker Thread 16,5,main]) started.
[        ] > Task :quill_native_bridge_android:mergeDebugNativeLibs NO-SOURCE
[        ] Skipping task ':quill_native_bridge_android:mergeDebugNativeLibs' as it has no source files and no previous output files.
[        ] Resolve mutations for :quill_native_bridge_android:copyDebugJniLibsProjectOnly (Thread[#44042,Execution worker Thread 16,5,main]) started.
[        ] :quill_native_bridge_android:copyDebugJniLibsProjectOnly (Thread[#44042,Execution worker Thread 16,5,main]) started.
[        ] > Task :quill_native_bridge_android:copyDebugJniLibsProjectOnly UP-TO-DATE
[        ] Caching disabled for task ':quill_native_bridge_android:copyDebugJniLibsProjectOnly' because:
[        ]   Build cache is disabled
[        ]   Caching has been disabled for the task
[        ] Skipping task ':quill_native_bridge_android:copyDebugJniLibsProjectOnly' as it is up-to-date.
[        ] work action resolve jni (project :quill_native_bridge_android) (Thread[#44042,Execution worker Thread 16,5,main]) started.
[        ] Resolve mutations for :shared_preferences_android:mergeDebugJniLibFolders (Thread[#44042,Execution worker Thread 16,5,main]) started.
[        ] :shared_preferences_android:mergeDebugJniLibFolders (Thread[#44042,Execution worker Thread 16,5,main]) started.
[        ] > Task :shared_preferences_android:mergeDebugJniLibFolders UP-TO-DATE
[        ] Caching disabled for task ':shared_preferences_android:mergeDebugJniLibFolders' because:
[        ]   Build cache is disabled
[        ]   Simple merging task
[        ] Skipping task ':shared_preferences_android:mergeDebugJniLibFolders' as it is up-to-date.
[        ] Resolve mutations for :shared_preferences_android:mergeDebugNativeLibs (Thread[#44042,Execution worker Thread 16,5,main]) started.
[        ] :shared_preferences_android:mergeDebugNativeLibs (Thread[#44042,Execution worker Thread 16,5,main]) started.
[        ] > Task :shared_preferences_android:mergeDebugNativeLibs NO-SOURCE
[        ] Skipping task ':shared_preferences_android:mergeDebugNativeLibs' as it has no source files and no previous output files.
[        ] Resolve mutations for :shared_preferences_android:copyDebugJniLibsProjectOnly (Thread[#44042,Execution worker Thread 16,5,main]) started.
[        ] :shared_preferences_android:copyDebugJniLibsProjectOnly (Thread[#44042,Execution worker Thread 16,5,main]) started.
[        ] > Task :shared_preferences_android:copyDebugJniLibsProjectOnly UP-TO-DATE
[        ] Caching disabled for task ':shared_preferences_android:copyDebugJniLibsProjectOnly' because:
[        ]   Build cache is disabled
[        ]   Caching has been disabled for the task
[        ] Skipping task ':shared_preferences_android:copyDebugJniLibsProjectOnly' as it is up-to-date.
[        ] work action resolve jni (project :shared_preferences_android) (Thread[#44042,Execution worker Thread 16,5,main]) started.
[        ] Resolve mutations for :sqflite_android:mergeDebugJniLibFolders (Thread[#44042,Execution worker Thread 16,5,main]) started.
[        ] :sqflite_android:mergeDebugJniLibFolders (Thread[#44042,Execution worker Thread 16,5,main]) started.
[        ] > Task :sqflite_android:mergeDebugJniLibFolders UP-TO-DATE
[        ] Caching disabled for task ':sqflite_android:mergeDebugJniLibFolders' because:
[        ]   Build cache is disabled
[        ]   Simple merging task
[        ] Skipping task ':sqflite_android:mergeDebugJniLibFolders' as it is up-to-date.
[        ] Resolve mutations for :sqflite_android:mergeDebugNativeLibs (Thread[#44042,Execution worker Thread 16,5,main]) started.
[        ] :sqflite_android:mergeDebugNativeLibs (Thread[#44042,Execution worker Thread 16,5,main]) started.
[        ] > Task :sqflite_android:mergeDebugNativeLibs NO-SOURCE
[        ] Skipping task ':sqflite_android:mergeDebugNativeLibs' as it has no source files and no previous output files.
[        ] Resolve mutations for :sqflite_android:copyDebugJniLibsProjectOnly (Thread[#44042,Execution worker Thread 16,5,main]) started.
[        ] :sqflite_android:copyDebugJniLibsProjectOnly (Thread[#44042,Execution worker Thread 16,5,main]) started.
[        ] > Task :sqflite_android:copyDebugJniLibsProjectOnly UP-TO-DATE
[        ] Caching disabled for task ':sqflite_android:copyDebugJniLibsProjectOnly' because:
[        ]   Build cache is disabled
[        ]   Caching has been disabled for the task
[        ] Skipping task ':sqflite_android:copyDebugJniLibsProjectOnly' as it is up-to-date.
[        ] work action resolve jni (project :sqflite_android) (Thread[#44042,Execution worker Thread 16,5,main]) started.
[        ] Resolve mutations for :url_launcher_android:mergeDebugJniLibFolders (Thread[#44042,Execution worker Thread 16,5,main]) started.
[        ] :url_launcher_android:mergeDebugJniLibFolders (Thread[#44042,Execution worker Thread 16,5,main]) started.
[        ] > Task :url_launcher_android:mergeDebugJniLibFolders UP-TO-DATE
[        ] Caching disabled for task ':url_launcher_android:mergeDebugJniLibFolders' because:
[        ]   Build cache is disabled
[        ]   Simple merging task
[        ] Skipping task ':url_launcher_android:mergeDebugJniLibFolders' as it is up-to-date.
[        ] Resolve mutations for :url_launcher_android:mergeDebugNativeLibs (Thread[#44042,Execution worker Thread 16,5,main]) started.
[        ] :url_launcher_android:mergeDebugNativeLibs (Thread[#44042,Execution worker Thread 16,5,main]) started.
[        ] > Task :url_launcher_android:mergeDebugNativeLibs NO-SOURCE
[        ] Skipping task ':url_launcher_android:mergeDebugNativeLibs' as it has no source files and no previous output files.
[        ] Resolve mutations for :url_launcher_android:copyDebugJniLibsProjectOnly (Thread[#44042,Execution worker Thread 16,5,main]) started.
[        ] :url_launcher_android:copyDebugJniLibsProjectOnly (Thread[#44042,Execution worker Thread 16,5,main]) started.
[        ] > Task :url_launcher_android:copyDebugJniLibsProjectOnly UP-TO-DATE
[        ] Caching disabled for task ':url_launcher_android:copyDebugJniLibsProjectOnly' because:
[        ]   Build cache is disabled
[        ]   Caching has been disabled for the task
[        ] Skipping task ':url_launcher_android:copyDebugJniLibsProjectOnly' as it is up-to-date.
[        ] work action resolve jni (project :url_launcher_android) (Thread[#44042,Execution worker Thread 16,5,main]) started.
[        ] Resolve mutations for :video_player_android:mergeDebugJniLibFolders (Thread[#44042,Execution worker Thread 16,5,main]) started.
[        ] :video_player_android:mergeDebugJniLibFolders (Thread[#44042,Execution worker Thread 16,5,main]) started.
[        ] > Task :video_player_android:mergeDebugJniLibFolders UP-TO-DATE
[        ] Caching disabled for task ':video_player_android:mergeDebugJniLibFolders' because:
[        ]   Build cache is disabled
[        ]   Simple merging task
[        ] Skipping task ':video_player_android:mergeDebugJniLibFolders' as it is up-to-date.
[        ] Resolve mutations for :video_player_android:mergeDebugNativeLibs (Thread[#44042,Execution worker Thread 16,5,main]) started.
[        ] :video_player_android:mergeDebugNativeLibs (Thread[#44042,Execution worker Thread 16,5,main]) started.
[        ] > Task :video_player_android:mergeDebugNativeLibs NO-SOURCE
[        ] Skipping task ':video_player_android:mergeDebugNativeLibs' as it has no source files and no previous output files.
[        ] Resolve mutations for :video_player_android:copyDebugJniLibsProjectOnly (Thread[#44042,Execution worker Thread 16,5,main]) started.
[        ] :video_player_android:copyDebugJniLibsProjectOnly (Thread[#44042,Execution worker Thread 16,5,main]) started.
[        ] > Task :video_player_android:copyDebugJniLibsProjectOnly UP-TO-DATE
[        ] Caching disabled for task ':video_player_android:copyDebugJniLibsProjectOnly' because:
[        ]   Build cache is disabled
[        ]   Caching has been disabled for the task
[        ] Skipping task ':video_player_android:copyDebugJniLibsProjectOnly' as it is up-to-date.
[        ] work action resolve jni (project :video_player_android) (Thread[#44042,Execution worker Thread 16,5,main]) started.
[        ] Resolve mutations for :app:mergeDebugNativeLibs (Thread[#44042,Execution worker Thread 16,5,main]) started.
[        ] :app:mergeDebugNativeLibs (Thread[#44042,Execution worker Thread 16,5,main]) started.
[        ] > Task :app:mergeDebugNativeLibs UP-TO-DATE
[        ] Caching disabled for task ':app:mergeDebugNativeLibs' because:
[        ]   Build cache is disabled
[        ]   Caching has been disabled for the task
[        ] Skipping task ':app:mergeDebugNativeLibs' as it is up-to-date.
[        ] Resolve mutations for :app:stripDebugDebugSymbols (Thread[#44042,Execution worker Thread 16,5,main]) started.
[        ] :app:stripDebugDebugSymbols (Thread[#44042,Execution worker Thread 16,5,main]) started.
[        ] > Task :app:stripDebugDebugSymbols UP-TO-DATE
[        ] Caching disabled for task ':app:stripDebugDebugSymbols' because:
[        ]   Build cache is disabled
[        ]   Caching has been disabled for the task
[        ] Skipping task ':app:stripDebugDebugSymbols' as it is up-to-date.
[        ] Resolve mutations for :app:validateSigningDebug (Thread[#44042,Execution worker Thread 16,5,main]) started.
[        ] :app:validateSigningDebug (Thread[#44042,Execution worker Thread 16,5,main]) started.
[        ] > Task :app:validateSigningDebug UP-TO-DATE
[        ] Caching disabled for task ':app:validateSigningDebug' because:
[        ]   Build cache is disabled
[        ]   Caching has been disabled for the task
[        ] Skipping task ':app:validateSigningDebug' as it is up-to-date.
[        ] Resolve mutations for :app:writeDebugAppMetadata (Thread[#44042,Execution worker Thread 16,5,main]) started.
[        ] :app:writeDebugAppMetadata (Thread[#44042,Execution worker Thread 16,5,main]) started.
[        ] > Task :app:writeDebugAppMetadata UP-TO-DATE
[        ] Caching disabled for task ':app:writeDebugAppMetadata' because:
[        ]   Build cache is disabled
[        ]   Caching has been disabled for the task
[        ] Skipping task ':app:writeDebugAppMetadata' as it is up-to-date.
[        ] Resolve mutations for :app:writeDebugSigningConfigVersions (Thread[#44042,Execution worker Thread 16,5,main]) started.
[        ] :app:writeDebugSigningConfigVersions (Thread[#44042,Execution worker Thread 16,5,main]) started.
[        ] > Task :app:writeDebugSigningConfigVersions UP-TO-DATE
[        ] Caching disabled for task ':app:writeDebugSigningConfigVersions' because:
[        ]   Build cache is disabled
[        ]   Caching has been disabled for the task
[        ] Skipping task ':app:writeDebugSigningConfigVersions' as it is up-to-date.
[        ] Resolve mutations for :connectivity_plus:stripDebugDebugSymbols (Thread[#44042,Execution worker Thread 16,5,main]) started.
[        ] :connectivity_plus:stripDebugDebugSymbols (Thread[#44042,Execution worker Thread 16,5,main]) started.
[        ] > Task :connectivity_plus:stripDebugDebugSymbols NO-SOURCE
[        ] Skipping task ':connectivity_plus:stripDebugDebugSymbols' as it has no source files and no previous output files.
[        ] Resolve mutations for :connectivity_plus:copyDebugJniLibsProjectAndLocalJars (Thread[#44042,Execution worker Thread 16,5,main]) started.
[        ] :connectivity_plus:copyDebugJniLibsProjectAndLocalJars (Thread[#44042,Execution worker Thread 16,5,main]) started.
[        ] > Task :connectivity_plus:copyDebugJniLibsProjectAndLocalJars UP-TO-DATE
[        ] Caching disabled for task ':connectivity_plus:copyDebugJniLibsProjectAndLocalJars' because:
[        ]   Build cache is disabled
[        ]   Caching has been disabled for the task
[        ] Skipping task ':connectivity_plus:copyDebugJniLibsProjectAndLocalJars' as it is up-to-date.
[        ] Resolve mutations for :connectivity_plus:extractDebugAnnotations (Thread[#44042,Execution worker Thread 16,5,main]) started.
[        ] :connectivity_plus:extractDebugAnnotations (Thread[#44042,Execution worker Thread 16,5,main]) started.
[        ] > Task :connectivity_plus:extractDebugAnnotations UP-TO-DATE
[        ] Caching disabled for task ':connectivity_plus:extractDebugAnnotations' because:
[        ]   Build cache is disabled
[        ] Skipping task ':connectivity_plus:extractDebugAnnotations' as it is up-to-date.
[        ] Resolve mutations for :connectivity_plus:extractDeepLinksForAarDebug (Thread[#44042,Execution worker Thread 16,5,main]) started.
[        ] :connectivity_plus:extractDeepLinksForAarDebug (Thread[#44042,Execution worker Thread 16,5,main]) started.
[        ] > Task :connectivity_plus:extractDeepLinksForAarDebug UP-TO-DATE
[        ] Caching disabled for task ':connectivity_plus:extractDeepLinksForAarDebug' because:
[        ]   Build cache is disabled
[        ] Skipping task ':connectivity_plus:extractDeepLinksForAarDebug' as it is up-to-date.
[        ] Resolve mutations for :connectivity_plus:mergeDebugGeneratedProguardFiles (Thread[#44042,Execution worker Thread 16,5,main]) started.
[        ] :connectivity_plus:mergeDebugGeneratedProguardFiles (Thread[#44042,Execution worker Thread 16,5,main]) started.
[        ] > Task :connectivity_plus:mergeDebugGeneratedProguardFiles UP-TO-DATE
[        ] Caching disabled for task ':connectivity_plus:mergeDebugGeneratedProguardFiles' because:
[        ]   Build cache is disabled
[        ]   Simple merging task
[        ] Skipping task ':connectivity_plus:mergeDebugGeneratedProguardFiles' as it is up-to-date.
[        ] Resolve mutations for :connectivity_plus:mergeDebugConsumerProguardFiles (Thread[#44042,Execution worker Thread 16,5,main]) started.
[        ] :connectivity_plus:mergeDebugConsumerProguardFiles (Thread[#44042,Execution worker Thread 16,5,main]) started.
[        ] > Task :connectivity_plus:mergeDebugConsumerProguardFiles UP-TO-DATE
[        ] Caching disabled for task ':connectivity_plus:mergeDebugConsumerProguardFiles' because:
[        ]   Build cache is disabled
[        ]   Simple merging task
[        ] Skipping task ':connectivity_plus:mergeDebugConsumerProguardFiles' as it is up-to-date.
[        ] Resolve mutations for :connectivity_plus:prepareDebugArtProfile (Thread[#44042,Execution worker Thread 16,5,main]) started.
[        ] :connectivity_plus:prepareDebugArtProfile (Thread[#44042,Execution worker Thread 16,5,main]) started.
[        ] > Task :connectivity_plus:prepareDebugArtProfile UP-TO-DATE
[        ] Caching disabled for task ':connectivity_plus:prepareDebugArtProfile' because:
[        ]   Build cache is disabled
[        ]   Caching has been disabled for the task
[        ] Skipping task ':connectivity_plus:prepareDebugArtProfile' as it is up-to-date.
[        ] Resolve mutations for :connectivity_plus:prepareLintJarForPublish (Thread[#44042,Execution worker Thread 16,5,main]) started.
[        ] :connectivity_plus:prepareLintJarForPublish (Thread[#44042,Execution worker Thread 16,5,main]) started.
[        ] > Task :connectivity_plus:prepareLintJarForPublish UP-TO-DATE
[        ] Caching disabled for task ':connectivity_plus:prepareLintJarForPublish' because:
[        ]   Build cache is disabled
[        ]   Caching has been disabled for the task
[        ] Skipping task ':connectivity_plus:prepareLintJarForPublish' as it is up-to-date.
[        ] Resolve mutations for :connectivity_plus:mergeDebugJavaResource (Thread[#44042,Execution worker Thread 16,5,main]) started.
[        ] :connectivity_plus:mergeDebugJavaResource (Thread[#44042,Execution worker Thread 16,5,main]) started.
[        ] > Task :connectivity_plus:mergeDebugJavaResource UP-TO-DATE
[        ] Caching disabled for task ':connectivity_plus:mergeDebugJavaResource' because:
[        ]   Build cache is disabled
[        ]   Caching has been disabled for the task
[        ] Skipping task ':connectivity_plus:mergeDebugJavaResource' as it is up-to-date.
[        ] Resolve mutations for :connectivity_plus:syncDebugLibJars (Thread[#44042,Execution worker Thread 16,5,main]) started.
[        ] :connectivity_plus:syncDebugLibJars (Thread[#44042,Execution worker Thread 16,5,main]) started.
[        ] > Task :connectivity_plus:syncDebugLibJars UP-TO-DATE
[        ] Caching disabled for task ':connectivity_plus:syncDebugLibJars' because:
[        ]   Build cache is disabled
[        ] Skipping task ':connectivity_plus:syncDebugLibJars' as it is up-to-date.
[        ] Resolve mutations for :connectivity_plus:bundleDebugAar (Thread[#44042,Execution worker Thread 16,5,main]) started.
[        ] :connectivity_plus:bundleDebugAar (Thread[#44042,Execution worker Thread 16,5,main]) started.
[        ] > Task :connectivity_plus:bundleDebugAar UP-TO-DATE
[        ] Caching disabled for task ':connectivity_plus:bundleDebugAar' because:
[        ]   Build cache is disabled
[        ]   Caching has been disabled for the task
[        ] Skipping task ':connectivity_plus:bundleDebugAar' as it is up-to-date.
[        ] Resolve mutations for :connectivity_plus:assembleDebug (Thread[#44042,Execution worker Thread 16,5,main]) started.
[        ] :connectivity_plus:assembleDebug (Thread[#44042,Execution worker Thread 16,5,main]) started.
[        ] > Task :connectivity_plus:assembleDebug UP-TO-DATE
[        ] Skipping task ':connectivity_plus:assembleDebug' as it has no actions.
[        ] Resolve mutations for :emoji_picker_flutter:stripDebugDebugSymbols (Thread[#44042,Execution worker Thread 16,5,main]) started.
[        ] :emoji_picker_flutter:stripDebugDebugSymbols (Thread[#44042,Execution worker Thread 16,5,main]) started.
[        ] > Task :emoji_picker_flutter:stripDebugDebugSymbols NO-SOURCE
[        ] Skipping task ':emoji_picker_flutter:stripDebugDebugSymbols' as it has no source files and no previous output files.
[        ] Resolve mutations for :emoji_picker_flutter:copyDebugJniLibsProjectAndLocalJars (Thread[#44042,Execution worker Thread 16,5,main]) started.
[        ] :emoji_picker_flutter:copyDebugJniLibsProjectAndLocalJars (Thread[#44042,Execution worker Thread 16,5,main]) started.
[        ] > Task :emoji_picker_flutter:copyDebugJniLibsProjectAndLocalJars UP-TO-DATE
[        ] Caching disabled for task ':emoji_picker_flutter:copyDebugJniLibsProjectAndLocalJars' because:
[        ]   Build cache is disabled
[        ]   Caching has been disabled for the task
[        ] Skipping task ':emoji_picker_flutter:copyDebugJniLibsProjectAndLocalJars' as it is up-to-date.
[        ] Resolve mutations for :emoji_picker_flutter:extractDebugAnnotations (Thread[#44042,Execution worker Thread 16,5,main]) started.
[        ] :emoji_picker_flutter:extractDebugAnnotations (Thread[#44042,Execution worker Thread 16,5,main]) started.
[        ] > Task :emoji_picker_flutter:extractDebugAnnotations UP-TO-DATE
[        ] Caching disabled for task ':emoji_picker_flutter:extractDebugAnnotations' because:
[        ]   Build cache is disabled
[        ] Skipping task ':emoji_picker_flutter:extractDebugAnnotations' as it is up-to-date.
[        ] Resolve mutations for :emoji_picker_flutter:extractDeepLinksForAarDebug (Thread[#44042,Execution worker Thread 16,5,main]) started.
[        ] :emoji_picker_flutter:extractDeepLinksForAarDebug (Thread[#44042,Execution worker Thread 16,5,main]) started.
[        ] > Task :emoji_picker_flutter:extractDeepLinksForAarDebug UP-TO-DATE
[        ] Caching disabled for task ':emoji_picker_flutter:extractDeepLinksForAarDebug' because:
[        ]   Build cache is disabled
[        ] Skipping task ':emoji_picker_flutter:extractDeepLinksForAarDebug' as it is up-to-date.
[        ] Resolve mutations for :emoji_picker_flutter:mergeDebugGeneratedProguardFiles (Thread[#44042,Execution worker Thread 16,5,main]) started.
[        ] :emoji_picker_flutter:mergeDebugGeneratedProguardFiles (Thread[#44042,Execution worker Thread 16,5,main]) started.
[        ] > Task :emoji_picker_flutter:mergeDebugGeneratedProguardFiles UP-TO-DATE
[        ] Caching disabled for task ':emoji_picker_flutter:mergeDebugGeneratedProguardFiles' because:
[        ]   Build cache is disabled
[        ]   Simple merging task
[        ] Skipping task ':emoji_picker_flutter:mergeDebugGeneratedProguardFiles' as it is up-to-date.
[        ] Resolve mutations for :emoji_picker_flutter:mergeDebugConsumerProguardFiles (Thread[#44042,Execution worker Thread 16,5,main]) started.
[        ] :emoji_picker_flutter:mergeDebugConsumerProguardFiles (Thread[#44042,Execution worker Thread 16,5,main]) started.
[        ] > Task :emoji_picker_flutter:mergeDebugConsumerProguardFiles UP-TO-DATE
[        ] Caching disabled for task ':emoji_picker_flutter:mergeDebugConsumerProguardFiles' because:
[        ]   Build cache is disabled
[        ]   Simple merging task
[        ] Skipping task ':emoji_picker_flutter:mergeDebugConsumerProguardFiles' as it is up-to-date.
[        ] Resolve mutations for :emoji_picker_flutter:prepareDebugArtProfile (Thread[#44042,Execution worker Thread 16,5,main]) started.
[        ] :emoji_picker_flutter:prepareDebugArtProfile (Thread[#44042,Execution worker Thread 16,5,main]) started.
[        ] > Task :emoji_picker_flutter:prepareDebugArtProfile UP-TO-DATE
[        ] Caching disabled for task ':emoji_picker_flutter:prepareDebugArtProfile' because:
[        ]   Build cache is disabled
[        ]   Caching has been disabled for the task
[        ] Skipping task ':emoji_picker_flutter:prepareDebugArtProfile' as it is up-to-date.
[        ] Resolve mutations for :emoji_picker_flutter:prepareLintJarForPublish (Thread[#44042,Execution worker Thread 16,5,main]) started.
[        ] :emoji_picker_flutter:prepareLintJarForPublish (Thread[#44042,Execution worker Thread 16,5,main]) started.
[        ] > Task :emoji_picker_flutter:prepareLintJarForPublish UP-TO-DATE
[        ] Caching disabled for task ':emoji_picker_flutter:prepareLintJarForPublish' because:
[        ]   Build cache is disabled
[        ]   Caching has been disabled for the task
[        ] Skipping task ':emoji_picker_flutter:prepareLintJarForPublish' as it is up-to-date.
[        ] Resolve mutations for :emoji_picker_flutter:mergeDebugJavaResource (Thread[#44042,Execution worker Thread 16,5,main]) started.
[        ] :emoji_picker_flutter:mergeDebugJavaResource (Thread[#44042,Execution worker Thread 16,5,main]) started.
[        ] > Task :emoji_picker_flutter:mergeDebugJavaResource UP-TO-DATE
[        ] Caching disabled for task ':emoji_picker_flutter:mergeDebugJavaResource' because:
[        ]   Build cache is disabled
[        ]   Caching has been disabled for the task
[        ] Skipping task ':emoji_picker_flutter:mergeDebugJavaResource' as it is up-to-date.
[        ] Resolve mutations for :emoji_picker_flutter:syncDebugLibJars (Thread[#44042,Execution worker Thread 16,5,main]) started.
[        ] :emoji_picker_flutter:syncDebugLibJars (Thread[#44042,Execution worker Thread 16,5,main]) started.
[        ] > Task :emoji_picker_flutter:syncDebugLibJars UP-TO-DATE
[        ] Caching disabled for task ':emoji_picker_flutter:syncDebugLibJars' because:
[        ]   Build cache is disabled
[        ] Skipping task ':emoji_picker_flutter:syncDebugLibJars' as it is up-to-date.
[        ] Resolve mutations for :emoji_picker_flutter:bundleDebugAar (Thread[#44042,Execution worker Thread 16,5,main]) started.
[        ] :emoji_picker_flutter:bundleDebugAar (Thread[#44042,Execution worker Thread 16,5,main]) started.
[        ] > Task :emoji_picker_flutter:bundleDebugAar UP-TO-DATE
[        ] Caching disabled for task ':emoji_picker_flutter:bundleDebugAar' because:
[        ]   Build cache is disabled
[        ]   Caching has been disabled for the task
[        ] Skipping task ':emoji_picker_flutter:bundleDebugAar' as it is up-to-date.
[        ] Resolve mutations for :emoji_picker_flutter:assembleDebug (Thread[#44042,Execution worker Thread 16,5,main]) started.
[        ] :emoji_picker_flutter:assembleDebug (Thread[#44042,Execution worker Thread 16,5,main]) started.
[        ] > Task :emoji_picker_flutter:assembleDebug UP-TO-DATE
[        ] Skipping task ':emoji_picker_flutter:assembleDebug' as it has no actions.
[        ] Resolve mutations for :file_selector_android:stripDebugDebugSymbols (Thread[#44042,Execution worker Thread 16,5,main]) started.
[        ] :file_selector_android:stripDebugDebugSymbols (Thread[#44042,Execution worker Thread 16,5,main]) started.
[        ] > Task :file_selector_android:stripDebugDebugSymbols NO-SOURCE
[        ] Skipping task ':file_selector_android:stripDebugDebugSymbols' as it has no source files and no previous output files.
[        ] Resolve mutations for :file_selector_android:copyDebugJniLibsProjectAndLocalJars (Thread[#44042,Execution worker Thread 16,5,main]) started.
[        ] :file_selector_android:copyDebugJniLibsProjectAndLocalJars (Thread[#44042,Execution worker Thread 16,5,main]) started.
[        ] > Task :file_selector_android:copyDebugJniLibsProjectAndLocalJars UP-TO-DATE
[        ] Caching disabled for task ':file_selector_android:copyDebugJniLibsProjectAndLocalJars' because:
[        ]   Build cache is disabled
[        ]   Caching has been disabled for the task
[        ] Skipping task ':file_selector_android:copyDebugJniLibsProjectAndLocalJars' as it is up-to-date.
[        ] Resolve mutations for :file_selector_android:extractDebugAnnotations (Thread[#44042,Execution worker Thread 16,5,main]) started.
[        ] :file_selector_android:extractDebugAnnotations (Thread[#44042,Execution worker Thread 16,5,main]) started.
[        ] > Task :file_selector_android:extractDebugAnnotations UP-TO-DATE
[        ] Caching disabled for task ':file_selector_android:extractDebugAnnotations' because:
[        ]   Build cache is disabled
[        ] Skipping task ':file_selector_android:extractDebugAnnotations' as it is up-to-date.
[        ] Resolve mutations for :file_selector_android:extractDeepLinksForAarDebug (Thread[#44042,Execution worker Thread 16,5,main]) started.
[        ] :file_selector_android:extractDeepLinksForAarDebug (Thread[#44042,Execution worker Thread 16,5,main]) started.
[        ] > Task :file_selector_android:extractDeepLinksForAarDebug UP-TO-DATE
[        ] Caching disabled for task ':file_selector_android:extractDeepLinksForAarDebug' because:
[        ]   Build cache is disabled
[        ] Skipping task ':file_selector_android:extractDeepLinksForAarDebug' as it is up-to-date.
[        ] Resolve mutations for :file_selector_android:mergeDebugGeneratedProguardFiles (Thread[#44042,Execution worker Thread 16,5,main]) started.
[        ] :file_selector_android:mergeDebugGeneratedProguardFiles (Thread[#44042,Execution worker Thread 16,5,main]) started.
[        ] > Task :file_selector_android:mergeDebugGeneratedProguardFiles UP-TO-DATE
[        ] Caching disabled for task ':file_selector_android:mergeDebugGeneratedProguardFiles' because:
[        ]   Build cache is disabled
[        ]   Simple merging task
[        ] Skipping task ':file_selector_android:mergeDebugGeneratedProguardFiles' as it is up-to-date.
[        ] Resolve mutations for :file_selector_android:mergeDebugConsumerProguardFiles (Thread[#44042,Execution worker Thread 16,5,main]) started.
[        ] :file_selector_android:mergeDebugConsumerProguardFiles (Thread[#44042,Execution worker Thread 16,5,main]) started.
[        ] > Task :file_selector_android:mergeDebugConsumerProguardFiles UP-TO-DATE
[        ] Caching disabled for task ':file_selector_android:mergeDebugConsumerProguardFiles' because:
[        ]   Build cache is disabled
[        ]   Simple merging task
[        ] Skipping task ':file_selector_android:mergeDebugConsumerProguardFiles' as it is up-to-date.
[        ] Resolve mutations for :file_selector_android:prepareDebugArtProfile (Thread[#44042,Execution worker Thread 16,5,main]) started.
[        ] :file_selector_android:prepareDebugArtProfile (Thread[#44042,Execution worker Thread 16,5,main]) started.
[        ] > Task :file_selector_android:prepareDebugArtProfile UP-TO-DATE
[        ] Caching disabled for task ':file_selector_android:prepareDebugArtProfile' because:
[        ]   Build cache is disabled
[        ]   Caching has been disabled for the task
[        ] Skipping task ':file_selector_android:prepareDebugArtProfile' as it is up-to-date.
[        ] Resolve mutations for :file_selector_android:prepareLintJarForPublish (Thread[#44042,Execution worker Thread 16,5,main]) started.
[        ] :file_selector_android:prepareLintJarForPublish (Thread[#44042,Execution worker Thread 16,5,main]) started.
[        ] > Task :file_selector_android:prepareLintJarForPublish UP-TO-DATE
[        ] Caching disabled for task ':file_selector_android:prepareLintJarForPublish' because:
[        ]   Build cache is disabled
[        ]   Caching has been disabled for the task
[        ] Skipping task ':file_selector_android:prepareLintJarForPublish' as it is up-to-date.
[        ] Resolve mutations for :file_selector_android:mergeDebugJavaResource (Thread[#44042,Execution worker Thread 16,5,main]) started.
[        ] :file_selector_android:mergeDebugJavaResource (Thread[#44042,Execution worker Thread 16,5,main]) started.
[        ] > Task :file_selector_android:mergeDebugJavaResource UP-TO-DATE
[        ] Caching disabled for task ':file_selector_android:mergeDebugJavaResource' because:
[        ]   Build cache is disabled
[        ]   Caching has been disabled for the task
[        ] Skipping task ':file_selector_android:mergeDebugJavaResource' as it is up-to-date.
[        ] Resolve mutations for :file_selector_android:syncDebugLibJars (Thread[#44042,Execution worker Thread 16,5,main]) started.
[        ] :file_selector_android:syncDebugLibJars (Thread[#44042,Execution worker Thread 16,5,main]) started.
[        ] > Task :file_selector_android:syncDebugLibJars UP-TO-DATE
[        ] Caching disabled for task ':file_selector_android:syncDebugLibJars' because:
[        ]   Build cache is disabled
[        ] Skipping task ':file_selector_android:syncDebugLibJars' as it is up-to-date.
[        ] Resolve mutations for :file_selector_android:bundleDebugAar (Thread[#44042,Execution worker Thread 16,5,main]) started.
[        ] :file_selector_android:bundleDebugAar (Thread[#44042,Execution worker Thread 16,5,main]) started.
[        ] > Task :file_selector_android:bundleDebugAar UP-TO-DATE
[        ] Caching disabled for task ':file_selector_android:bundleDebugAar' because:
[        ]   Build cache is disabled
[        ]   Caching has been disabled for the task
[        ] Skipping task ':file_selector_android:bundleDebugAar' as it is up-to-date.
[        ] Resolve mutations for :file_selector_android:assembleDebug (Thread[#44042,Execution worker Thread 16,5,main]) started.
[        ] :file_selector_android:assembleDebug (Thread[#44042,Execution worker Thread 16,5,main]) started.
[        ] > Task :file_selector_android:assembleDebug UP-TO-DATE
[        ] Skipping task ':file_selector_android:assembleDebug' as it has no actions.
[        ] Resolve mutations for :flutter_keyboard_visibility_temp_fork:stripDebugDebugSymbols (Thread[#44042,Execution worker Thread 16,5,main]) started.
[        ] :flutter_keyboard_visibility_temp_fork:stripDebugDebugSymbols (Thread[#44042,Execution worker Thread 16,5,main]) started.
[        ] > Task :flutter_keyboard_visibility_temp_fork:stripDebugDebugSymbols NO-SOURCE
[        ] Skipping task ':flutter_keyboard_visibility_temp_fork:stripDebugDebugSymbols' as it has no source files and no previous output files.
[        ] Resolve mutations for :flutter_keyboard_visibility_temp_fork:copyDebugJniLibsProjectAndLocalJars (Thread[#44042,Execution worker Thread 16,5,main]) started.
[        ] :flutter_keyboard_visibility_temp_fork:copyDebugJniLibsProjectAndLocalJars (Thread[#44042,Execution worker Thread 16,5,main]) started.
[        ] > Task :flutter_keyboard_visibility_temp_fork:copyDebugJniLibsProjectAndLocalJars UP-TO-DATE
[        ] Caching disabled for task ':flutter_keyboard_visibility_temp_fork:copyDebugJniLibsProjectAndLocalJars' because:
[        ]   Build cache is disabled
[        ]   Caching has been disabled for the task
[        ] Skipping task ':flutter_keyboard_visibility_temp_fork:copyDebugJniLibsProjectAndLocalJars' as it is up-to-date.
[        ] Resolve mutations for :flutter_keyboard_visibility_temp_fork:extractDebugAnnotations (Thread[#44042,Execution worker Thread 16,5,main]) started.
[        ] :flutter_keyboard_visibility_temp_fork:extractDebugAnnotations (Thread[#44042,Execution worker Thread 16,5,main]) started.
[        ] > Task :flutter_keyboard_visibility_temp_fork:extractDebugAnnotations UP-TO-DATE
[        ] Caching disabled for task ':flutter_keyboard_visibility_temp_fork:extractDebugAnnotations' because:
[        ]   Build cache is disabled
[        ] Skipping task ':flutter_keyboard_visibility_temp_fork:extractDebugAnnotations' as it is up-to-date.
[        ] Resolve mutations for :flutter_keyboard_visibility_temp_fork:extractDeepLinksForAarDebug (Thread[#44042,Execution worker Thread 16,5,main]) started.
[        ] :flutter_keyboard_visibility_temp_fork:extractDeepLinksForAarDebug (Thread[#44042,Execution worker Thread 16,5,main]) started.
[        ] > Task :flutter_keyboard_visibility_temp_fork:extractDeepLinksForAarDebug UP-TO-DATE
[        ] Caching disabled for task ':flutter_keyboard_visibility_temp_fork:extractDeepLinksForAarDebug' because:
[        ]   Build cache is disabled
[        ] Skipping task ':flutter_keyboard_visibility_temp_fork:extractDeepLinksForAarDebug' as it is up-to-date.
[        ] Resolve mutations for :flutter_keyboard_visibility_temp_fork:mergeDebugGeneratedProguardFiles (Thread[#44042,Execution worker Thread 16,5,main]) started.
[        ] :flutter_keyboard_visibility_temp_fork:mergeDebugGeneratedProguardFiles (Thread[#44042,Execution worker Thread 16,5,main]) started.
[        ] > Task :flutter_keyboard_visibility_temp_fork:mergeDebugGeneratedProguardFiles UP-TO-DATE
[        ] Caching disabled for task ':flutter_keyboard_visibility_temp_fork:mergeDebugGeneratedProguardFiles' because:
[        ]   Build cache is disabled
[        ]   Simple merging task
[        ] Skipping task ':flutter_keyboard_visibility_temp_fork:mergeDebugGeneratedProguardFiles' as it is up-to-date.
[        ] Resolve mutations for :flutter_keyboard_visibility_temp_fork:mergeDebugConsumerProguardFiles (Thread[#44042,Execution worker Thread 16,5,main]) started.
[        ] :flutter_keyboard_visibility_temp_fork:mergeDebugConsumerProguardFiles (Thread[#44042,Execution worker Thread 16,5,main]) started.
[        ] > Task :flutter_keyboard_visibility_temp_fork:mergeDebugConsumerProguardFiles UP-TO-DATE
[        ] Caching disabled for task ':flutter_keyboard_visibility_temp_fork:mergeDebugConsumerProguardFiles' because:
[        ]   Build cache is disabled
[        ]   Simple merging task
[        ] Skipping task ':flutter_keyboard_visibility_temp_fork:mergeDebugConsumerProguardFiles' as it is up-to-date.
[        ] Resolve mutations for :flutter_keyboard_visibility_temp_fork:prepareDebugArtProfile (Thread[#44042,Execution worker Thread 16,5,main]) started.
[        ] :flutter_keyboard_visibility_temp_fork:prepareDebugArtProfile (Thread[#44042,Execution worker Thread 16,5,main]) started.
[        ] > Task :flutter_keyboard_visibility_temp_fork:prepareDebugArtProfile UP-TO-DATE
[        ] Caching disabled for task ':flutter_keyboard_visibility_temp_fork:prepareDebugArtProfile' because:
[        ]   Build cache is disabled
[        ]   Caching has been disabled for the task
[        ] Skipping task ':flutter_keyboard_visibility_temp_fork:prepareDebugArtProfile' as it is up-to-date.
[        ] Resolve mutations for :flutter_keyboard_visibility_temp_fork:prepareLintJarForPublish (Thread[#44042,Execution worker Thread 16,5,main]) started.
[        ] :flutter_keyboard_visibility_temp_fork:prepareLintJarForPublish (Thread[#44042,Execution worker Thread 16,5,main]) started.
[        ] > Task :flutter_keyboard_visibility_temp_fork:prepareLintJarForPublish UP-TO-DATE
[        ] Caching disabled for task ':flutter_keyboard_visibility_temp_fork:prepareLintJarForPublish' because:
[        ]   Build cache is disabled
[        ]   Caching has been disabled for the task
[        ] Skipping task ':flutter_keyboard_visibility_temp_fork:prepareLintJarForPublish' as it is up-to-date.
[        ] Resolve mutations for :flutter_keyboard_visibility_temp_fork:mergeDebugJavaResource (Thread[#44042,Execution worker Thread 16,5,main]) started.
[        ] :flutter_keyboard_visibility_temp_fork:mergeDebugJavaResource (Thread[#44042,Execution worker Thread 16,5,main]) started.
[        ] > Task :flutter_keyboard_visibility_temp_fork:mergeDebugJavaResource UP-TO-DATE
[        ] Caching disabled for task ':flutter_keyboard_visibility_temp_fork:mergeDebugJavaResource' because:
[        ]   Build cache is disabled
[        ]   Caching has been disabled for the task
[        ] Skipping task ':flutter_keyboard_visibility_temp_fork:mergeDebugJavaResource' as it is up-to-date.
[        ] Resolve mutations for :flutter_keyboard_visibility_temp_fork:syncDebugLibJars (Thread[#44042,Execution worker Thread 16,5,main]) started.
[        ] :flutter_keyboard_visibility_temp_fork:syncDebugLibJars (Thread[#44042,Execution worker Thread 16,5,main]) started.
[        ] > Task :flutter_keyboard_visibility_temp_fork:syncDebugLibJars UP-TO-DATE
[        ] Caching disabled for task ':flutter_keyboard_visibility_temp_fork:syncDebugLibJars' because:
[        ]   Build cache is disabled
[        ] Skipping task ':flutter_keyboard_visibility_temp_fork:syncDebugLibJars' as it is up-to-date.
[        ] Resolve mutations for :flutter_keyboard_visibility_temp_fork:bundleDebugAar (Thread[#44042,Execution worker Thread 16,5,main]) started.
[        ] :flutter_keyboard_visibility_temp_fork:bundleDebugAar (Thread[#44042,Execution worker Thread 16,5,main]) started.
[        ] > Task :flutter_keyboard_visibility_temp_fork:bundleDebugAar UP-TO-DATE
[        ] Caching disabled for task ':flutter_keyboard_visibility_temp_fork:bundleDebugAar' because:
[        ]   Build cache is disabled
[        ]   Caching has been disabled for the task
[        ] Skipping task ':flutter_keyboard_visibility_temp_fork:bundleDebugAar' as it is up-to-date.
[        ] Resolve mutations for :flutter_keyboard_visibility_temp_fork:assembleDebug (Thread[#44042,Execution worker Thread 16,5,main]) started.
[        ] :flutter_keyboard_visibility_temp_fork:assembleDebug (Thread[#44042,Execution worker Thread 16,5,main]) started.
[        ] > Task :flutter_keyboard_visibility_temp_fork:assembleDebug UP-TO-DATE
[        ] Skipping task ':flutter_keyboard_visibility_temp_fork:assembleDebug' as it has no actions.
[        ] Resolve mutations for :flutter_native_splash:stripDebugDebugSymbols (Thread[#44042,Execution worker Thread 16,5,main]) started.
[        ] :flutter_native_splash:stripDebugDebugSymbols (Thread[#44042,Execution worker Thread 16,5,main]) started.
[        ] > Task :flutter_native_splash:stripDebugDebugSymbols NO-SOURCE
[        ] Skipping task ':flutter_native_splash:stripDebugDebugSymbols' as it has no source files and no previous output files.
[        ] Resolve mutations for :flutter_native_splash:copyDebugJniLibsProjectAndLocalJars (Thread[#44042,Execution worker Thread 16,5,main]) started.
[        ] :flutter_native_splash:copyDebugJniLibsProjectAndLocalJars (Thread[#44042,Execution worker Thread 16,5,main]) started.
[        ] > Task :flutter_native_splash:copyDebugJniLibsProjectAndLocalJars UP-TO-DATE
[        ] Caching disabled for task ':flutter_native_splash:copyDebugJniLibsProjectAndLocalJars' because:
[        ]   Build cache is disabled
[        ]   Caching has been disabled for the task
[        ] Skipping task ':flutter_native_splash:copyDebugJniLibsProjectAndLocalJars' as it is up-to-date.
[        ] Resolve mutations for :flutter_native_splash:extractDebugAnnotations (Thread[#44042,Execution worker Thread 16,5,main]) started.
[        ] :flutter_native_splash:extractDebugAnnotations (Thread[#44042,Execution worker Thread 16,5,main]) started.
[        ] > Task :flutter_native_splash:extractDebugAnnotations UP-TO-DATE
[        ] Caching disabled for task ':flutter_native_splash:extractDebugAnnotations' because:
[        ]   Build cache is disabled
[        ] Skipping task ':flutter_native_splash:extractDebugAnnotations' as it is up-to-date.
[        ] Resolve mutations for :flutter_native_splash:extractDeepLinksForAarDebug (Thread[#44042,Execution worker Thread 16,5,main]) started.
[        ] :flutter_native_splash:extractDeepLinksForAarDebug (Thread[#44042,Execution worker Thread 16,5,main]) started.
[        ] > Task :flutter_native_splash:extractDeepLinksForAarDebug UP-TO-DATE
[        ] Caching disabled for task ':flutter_native_splash:extractDeepLinksForAarDebug' because:
[        ]   Build cache is disabled
[        ] Skipping task ':flutter_native_splash:extractDeepLinksForAarDebug' as it is up-to-date.
[        ] Resolve mutations for :flutter_native_splash:mergeDebugGeneratedProguardFiles (Thread[#44042,Execution worker Thread 16,5,main]) started.
[        ] :flutter_native_splash:mergeDebugGeneratedProguardFiles (Thread[#44042,Execution worker Thread 16,5,main]) started.
[        ] > Task :flutter_native_splash:mergeDebugGeneratedProguardFiles UP-TO-DATE
[        ] Caching disabled for task ':flutter_native_splash:mergeDebugGeneratedProguardFiles' because:
[        ]   Build cache is disabled
[        ]   Simple merging task
[        ] Skipping task ':flutter_native_splash:mergeDebugGeneratedProguardFiles' as it is up-to-date.
[        ] Resolve mutations for :flutter_native_splash:mergeDebugConsumerProguardFiles (Thread[#44042,Execution worker Thread 16,5,main]) started.
[        ] :flutter_native_splash:mergeDebugConsumerProguardFiles (Thread[#44042,Execution worker Thread 16,5,main]) started.
[        ] > Task :flutter_native_splash:mergeDebugConsumerProguardFiles UP-TO-DATE
[        ] Caching disabled for task ':flutter_native_splash:mergeDebugConsumerProguardFiles' because:
[        ]   Build cache is disabled
[        ]   Simple merging task
[        ] Skipping task ':flutter_native_splash:mergeDebugConsumerProguardFiles' as it is up-to-date.
[        ] Resolve mutations for :flutter_native_splash:prepareDebugArtProfile (Thread[#44042,Execution worker Thread 16,5,main]) started.
[        ] :flutter_native_splash:prepareDebugArtProfile (Thread[#44042,Execution worker Thread 16,5,main]) started.
[        ] > Task :flutter_native_splash:prepareDebugArtProfile UP-TO-DATE
[        ] Caching disabled for task ':flutter_native_splash:prepareDebugArtProfile' because:
[        ]   Build cache is disabled
[        ]   Caching has been disabled for the task
[        ] Skipping task ':flutter_native_splash:prepareDebugArtProfile' as it is up-to-date.
[        ] Resolve mutations for :flutter_native_splash:prepareLintJarForPublish (Thread[#44042,Execution worker Thread 16,5,main]) started.
[        ] :flutter_native_splash:prepareLintJarForPublish (Thread[#44042,Execution worker Thread 16,5,main]) started.
[        ] > Task :flutter_native_splash:prepareLintJarForPublish UP-TO-DATE
[        ] Caching disabled for task ':flutter_native_splash:prepareLintJarForPublish' because:
[        ]   Build cache is disabled
[        ]   Caching has been disabled for the task
[        ] Skipping task ':flutter_native_splash:prepareLintJarForPublish' as it is up-to-date.
[        ] Resolve mutations for :flutter_native_splash:mergeDebugJavaResource (Thread[#44042,Execution worker Thread 16,5,main]) started.
[        ] :flutter_native_splash:mergeDebugJavaResource (Thread[#44042,Execution worker Thread 16,5,main]) started.
[        ] > Task :flutter_native_splash:mergeDebugJavaResource UP-TO-DATE
[        ] Caching disabled for task ':flutter_native_splash:mergeDebugJavaResource' because:
[        ]   Build cache is disabled
[        ]   Caching has been disabled for the task
[        ] Skipping task ':flutter_native_splash:mergeDebugJavaResource' as it is up-to-date.
[        ] Resolve mutations for :flutter_native_splash:syncDebugLibJars (Thread[#44042,Execution worker Thread 16,5,main]) started.
[        ] :flutter_native_splash:syncDebugLibJars (Thread[#44042,Execution worker Thread 16,5,main]) started.
[        ] > Task :flutter_native_splash:syncDebugLibJars UP-TO-DATE
[        ] Caching disabled for task ':flutter_native_splash:syncDebugLibJars' because:
[        ]   Build cache is disabled
[        ] Skipping task ':flutter_native_splash:syncDebugLibJars' as it is up-to-date.
[        ] Resolve mutations for :flutter_native_splash:bundleDebugAar (Thread[#44042,Execution worker Thread 16,5,main]) started.
[        ] :flutter_native_splash:bundleDebugAar (Thread[#44042,Execution worker Thread 16,5,main]) started.
[        ] > Task :flutter_native_splash:bundleDebugAar UP-TO-DATE
[        ] Caching disabled for task ':flutter_native_splash:bundleDebugAar' because:
[        ]   Build cache is disabled
[        ]   Caching has been disabled for the task
[        ] Skipping task ':flutter_native_splash:bundleDebugAar' as it is up-to-date.
[        ] Resolve mutations for :flutter_native_splash:assembleDebug (Thread[#44042,Execution worker Thread 16,5,main]) started.
[        ] :flutter_native_splash:assembleDebug (Thread[#44042,Execution worker Thread 16,5,main]) started.
[        ] > Task :flutter_native_splash:assembleDebug UP-TO-DATE
[        ] Skipping task ':flutter_native_splash:assembleDebug' as it has no actions.
[        ] Resolve mutations for :flutter_olm:stripDebugDebugSymbols (Thread[#44042,Execution worker Thread 16,5,main]) started.
[        ] :flutter_olm:stripDebugDebugSymbols (Thread[#44042,Execution worker Thread 16,5,main]) started.
[        ] > Task :flutter_olm:stripDebugDebugSymbols UP-TO-DATE
[        ] Caching disabled for task ':flutter_olm:stripDebugDebugSymbols' because:
[        ]   Build cache is disabled
[        ]   Caching has been disabled for the task
[        ] Skipping task ':flutter_olm:stripDebugDebugSymbols' as it is up-to-date.
[        ] Resolve mutations for :flutter_olm:copyDebugJniLibsProjectAndLocalJars (Thread[#44042,Execution worker Thread 16,5,main]) started.
[        ] :flutter_olm:copyDebugJniLibsProjectAndLocalJars (Thread[#44042,Execution worker Thread 16,5,main]) started.
[        ] > Task :flutter_olm:copyDebugJniLibsProjectAndLocalJars UP-TO-DATE
[        ] Caching disabled for task ':flutter_olm:copyDebugJniLibsProjectAndLocalJars' because:
[        ]   Build cache is disabled
[        ]   Caching has been disabled for the task
[        ] Skipping task ':flutter_olm:copyDebugJniLibsProjectAndLocalJars' as it is up-to-date.
[        ] Resolve mutations for :flutter_olm:extractDebugAnnotations (Thread[#44042,Execution worker Thread 16,5,main]) started.
[        ] :flutter_olm:extractDebugAnnotations (Thread[#44042,Execution worker Thread 16,5,main]) started.
[        ] > Task :flutter_olm:extractDebugAnnotations UP-TO-DATE
[        ] Caching disabled for task ':flutter_olm:extractDebugAnnotations' because:
[        ]   Build cache is disabled
[        ] Skipping task ':flutter_olm:extractDebugAnnotations' as it is up-to-date.
[        ] Resolve mutations for :flutter_olm:extractDeepLinksForAarDebug (Thread[#44042,Execution worker Thread 16,5,main]) started.
[        ] :flutter_olm:extractDeepLinksForAarDebug (Thread[#44042,Execution worker Thread 16,5,main]) started.
[        ] > Task :flutter_olm:extractDeepLinksForAarDebug UP-TO-DATE
[        ] Caching disabled for task ':flutter_olm:extractDeepLinksForAarDebug' because:
[        ]   Build cache is disabled
[        ] Skipping task ':flutter_olm:extractDeepLinksForAarDebug' as it is up-to-date.
[        ] Resolve mutations for :flutter_olm:mergeDebugGeneratedProguardFiles (Thread[#44042,Execution worker Thread 16,5,main]) started.
[        ] :flutter_olm:mergeDebugGeneratedProguardFiles (Thread[#44042,Execution worker Thread 16,5,main]) started.
[        ] > Task :flutter_olm:mergeDebugGeneratedProguardFiles UP-TO-DATE
[        ] Caching disabled for task ':flutter_olm:mergeDebugGeneratedProguardFiles' because:
[        ]   Build cache is disabled
[        ]   Simple merging task
[        ] Skipping task ':flutter_olm:mergeDebugGeneratedProguardFiles' as it is up-to-date.
[        ] Resolve mutations for :flutter_olm:mergeDebugConsumerProguardFiles (Thread[#44042,Execution worker Thread 16,5,main]) started.
[        ] :flutter_olm:mergeDebugConsumerProguardFiles (Thread[#44042,Execution worker Thread 16,5,main]) started.
[        ] > Task :flutter_olm:mergeDebugConsumerProguardFiles UP-TO-DATE
[        ] Caching disabled for task ':flutter_olm:mergeDebugConsumerProguardFiles' because:
[        ]   Build cache is disabled
[        ]   Simple merging task
[        ] Skipping task ':flutter_olm:mergeDebugConsumerProguardFiles' as it is up-to-date.
[        ] Resolve mutations for :flutter_olm:prepareDebugArtProfile (Thread[#44042,Execution worker Thread 16,5,main]) started.
[        ] :flutter_olm:prepareDebugArtProfile (Thread[#44042,Execution worker Thread 16,5,main]) started.
[        ] > Task :flutter_olm:prepareDebugArtProfile UP-TO-DATE
[        ] Caching disabled for task ':flutter_olm:prepareDebugArtProfile' because:
[        ]   Build cache is disabled
[        ]   Caching has been disabled for the task
[        ] Skipping task ':flutter_olm:prepareDebugArtProfile' as it is up-to-date.
[        ] Resolve mutations for :flutter_olm:prepareLintJarForPublish (Thread[#44042,Execution worker Thread 16,5,main]) started.
[        ] :flutter_olm:prepareLintJarForPublish (Thread[#44042,Execution worker Thread 16,5,main]) started.
[        ] > Task :flutter_olm:prepareLintJarForPublish UP-TO-DATE
[        ] Caching disabled for task ':flutter_olm:prepareLintJarForPublish' because:
[        ]   Build cache is disabled
[        ]   Caching has been disabled for the task
[        ] Skipping task ':flutter_olm:prepareLintJarForPublish' as it is up-to-date.
[        ] Resolve mutations for :flutter_olm:mergeDebugJavaResource (Thread[#44042,Execution worker Thread 16,5,main]) started.
[        ] :flutter_olm:mergeDebugJavaResource (Thread[#44042,Execution worker Thread 16,5,main]) started.
[        ] > Task :flutter_olm:mergeDebugJavaResource UP-TO-DATE
[        ] Caching disabled for task ':flutter_olm:mergeDebugJavaResource' because:
[        ]   Build cache is disabled
[        ]   Caching has been disabled for the task
[        ] Skipping task ':flutter_olm:mergeDebugJavaResource' as it is up-to-date.
[        ] Resolve mutations for :flutter_olm:syncDebugLibJars (Thread[#44042,Execution worker Thread 16,5,main]) started.
[        ] :flutter_olm:syncDebugLibJars (Thread[#44042,Execution worker Thread 16,5,main]) started.
[        ] > Task :flutter_olm:syncDebugLibJars UP-TO-DATE
[        ] Caching disabled for task ':flutter_olm:syncDebugLibJars' because:
[        ]   Build cache is disabled
[        ] Skipping task ':flutter_olm:syncDebugLibJars' as it is up-to-date.
[        ] Resolve mutations for :flutter_olm:bundleDebugAar (Thread[#44042,Execution worker Thread 16,5,main]) started.
[        ] :flutter_olm:bundleDebugAar (Thread[#44042,Execution worker Thread 16,5,main]) started.
[        ] > Task :flutter_olm:bundleDebugAar UP-TO-DATE
[        ] Caching disabled for task ':flutter_olm:bundleDebugAar' because:
[        ]   Build cache is disabled
[        ]   Caching has been disabled for the task
[        ] Skipping task ':flutter_olm:bundleDebugAar' as it is up-to-date.
[        ] Resolve mutations for :flutter_olm:assembleDebug (Thread[#44042,Execution worker Thread 16,5,main]) started.
[        ] :flutter_olm:assembleDebug (Thread[#44042,Execution worker Thread 16,5,main]) started.
[        ] > Task :flutter_olm:assembleDebug UP-TO-DATE
[        ] Skipping task ':flutter_olm:assembleDebug' as it has no actions.
[        ] Resolve mutations for :flutter_openssl_crypto:stripDebugDebugSymbols (Thread[#44042,Execution worker Thread 16,5,main]) started.
[        ] :flutter_openssl_crypto:stripDebugDebugSymbols (Thread[#44042,Execution worker Thread 16,5,main]) started.
[        ] > Task :flutter_openssl_crypto:stripDebugDebugSymbols UP-TO-DATE
[        ] Caching disabled for task ':flutter_openssl_crypto:stripDebugDebugSymbols' because:
[        ]   Build cache is disabled
[        ]   Caching has been disabled for the task
[        ] Skipping task ':flutter_openssl_crypto:stripDebugDebugSymbols' as it is up-to-date.
[        ] Resolve mutations for :flutter_openssl_crypto:copyDebugJniLibsProjectAndLocalJars (Thread[#44042,Execution worker Thread 16,5,main]) started.
[        ] :flutter_openssl_crypto:copyDebugJniLibsProjectAndLocalJars (Thread[#44042,Execution worker Thread 16,5,main]) started.
[        ] > Task :flutter_openssl_crypto:copyDebugJniLibsProjectAndLocalJars UP-TO-DATE
[        ] Caching disabled for task ':flutter_openssl_crypto:copyDebugJniLibsProjectAndLocalJars' because:
[        ]   Build cache is disabled
[        ]   Caching has been disabled for the task
[        ] Skipping task ':flutter_openssl_crypto:copyDebugJniLibsProjectAndLocalJars' as it is up-to-date.
[        ] Resolve mutations for :flutter_openssl_crypto:extractDebugAnnotations (Thread[#44042,Execution worker Thread 16,5,main]) started.
[        ] :flutter_openssl_crypto:extractDebugAnnotations (Thread[#44042,Execution worker Thread 16,5,main]) started.
[        ] > Task :flutter_openssl_crypto:extractDebugAnnotations UP-TO-DATE
[        ] Caching disabled for task ':flutter_openssl_crypto:extractDebugAnnotations' because:
[        ]   Build cache is disabled
[        ] Skipping task ':flutter_openssl_crypto:extractDebugAnnotations' as it is up-to-date.
[        ] Resolve mutations for :flutter_openssl_crypto:extractDeepLinksForAarDebug (Thread[#44042,Execution worker Thread 16,5,main]) started.
[        ] :flutter_openssl_crypto:extractDeepLinksForAarDebug (Thread[#44042,Execution worker Thread 16,5,main]) started.
[        ] > Task :flutter_openssl_crypto:extractDeepLinksForAarDebug UP-TO-DATE
[        ] Caching disabled for task ':flutter_openssl_crypto:extractDeepLinksForAarDebug' because:
[        ]   Build cache is disabled
[        ] Skipping task ':flutter_openssl_crypto:extractDeepLinksForAarDebug' as it is up-to-date.
[        ] Resolve mutations for :flutter_openssl_crypto:mergeDebugGeneratedProguardFiles (Thread[#44042,Execution worker Thread 16,5,main]) started.
[        ] :flutter_openssl_crypto:mergeDebugGeneratedProguardFiles (Thread[#44042,Execution worker Thread 16,5,main]) started.
[        ] > Task :flutter_openssl_crypto:mergeDebugGeneratedProguardFiles UP-TO-DATE
[        ] Caching disabled for task ':flutter_openssl_crypto:mergeDebugGeneratedProguardFiles' because:
[        ]   Build cache is disabled
[        ]   Simple merging task
[        ] Skipping task ':flutter_openssl_crypto:mergeDebugGeneratedProguardFiles' as it is up-to-date.
[        ] Resolve mutations for :flutter_openssl_crypto:mergeDebugConsumerProguardFiles (Thread[#44042,Execution worker Thread 16,5,main]) started.
[        ] :flutter_openssl_crypto:mergeDebugConsumerProguardFiles (Thread[#44042,Execution worker Thread 16,5,main]) started.
[        ] > Task :flutter_openssl_crypto:mergeDebugConsumerProguardFiles UP-TO-DATE
[        ] Caching disabled for task ':flutter_openssl_crypto:mergeDebugConsumerProguardFiles' because:
[        ]   Build cache is disabled
[        ]   Simple merging task
[        ] Skipping task ':flutter_openssl_crypto:mergeDebugConsumerProguardFiles' as it is up-to-date.
[        ] Resolve mutations for :flutter_openssl_crypto:prepareDebugArtProfile (Thread[#44042,Execution worker Thread 16,5,main]) started.
[        ] :flutter_openssl_crypto:prepareDebugArtProfile (Thread[#44042,Execution worker Thread 16,5,main]) started.
[        ] > Task :flutter_openssl_crypto:prepareDebugArtProfile UP-TO-DATE
[        ] Caching disabled for task ':flutter_openssl_crypto:prepareDebugArtProfile' because:
[        ]   Build cache is disabled
[        ]   Caching has been disabled for the task
[        ] Skipping task ':flutter_openssl_crypto:prepareDebugArtProfile' as it is up-to-date.
[        ] Resolve mutations for :flutter_openssl_crypto:prepareLintJarForPublish (Thread[#44042,Execution worker Thread 16,5,main]) started.
[        ] :flutter_openssl_crypto:prepareLintJarForPublish (Thread[#44042,Execution worker Thread 16,5,main]) started.
[        ] > Task :flutter_openssl_crypto:prepareLintJarForPublish UP-TO-DATE
[        ] Caching disabled for task ':flutter_openssl_crypto:prepareLintJarForPublish' because:
[        ]   Build cache is disabled
[        ]   Caching has been disabled for the task
[        ] Skipping task ':flutter_openssl_crypto:prepareLintJarForPublish' as it is up-to-date.
[        ] Resolve mutations for :flutter_openssl_crypto:mergeDebugJavaResource (Thread[#44042,Execution worker Thread 16,5,main]) started.
[        ] :flutter_openssl_crypto:mergeDebugJavaResource (Thread[#44042,Execution worker Thread 16,5,main]) started.
[        ] > Task :flutter_openssl_crypto:mergeDebugJavaResource UP-TO-DATE
[        ] Caching disabled for task ':flutter_openssl_crypto:mergeDebugJavaResource' because:
[        ]   Build cache is disabled
[        ]   Caching has been disabled for the task
[        ] Skipping task ':flutter_openssl_crypto:mergeDebugJavaResource' as it is up-to-date.
[        ] Resolve mutations for :flutter_openssl_crypto:syncDebugLibJars (Thread[#44042,Execution worker Thread 16,5,main]) started.
[        ] :flutter_openssl_crypto:syncDebugLibJars (Thread[#44042,Execution worker Thread 16,5,main]) started.
[        ] > Task :flutter_openssl_crypto:syncDebugLibJars UP-TO-DATE
[        ] Caching disabled for task ':flutter_openssl_crypto:syncDebugLibJars' because:
[        ]   Build cache is disabled
[        ] Skipping task ':flutter_openssl_crypto:syncDebugLibJars' as it is up-to-date.
[        ] Resolve mutations for :flutter_openssl_crypto:bundleDebugAar (Thread[#44042,Execution worker Thread 16,5,main]) started.
[        ] :flutter_openssl_crypto:bundleDebugAar (Thread[#44042,Execution worker Thread 16,5,main]) started.
[        ] > Task :flutter_openssl_crypto:bundleDebugAar UP-TO-DATE
[        ] Caching disabled for task ':flutter_openssl_crypto:bundleDebugAar' because:
[        ]   Build cache is disabled
[        ]   Caching has been disabled for the task
[        ] Skipping task ':flutter_openssl_crypto:bundleDebugAar' as it is up-to-date.
[        ] Resolve mutations for :flutter_openssl_crypto:assembleDebug (Thread[#44042,Execution worker Thread 16,5,main]) started.
[        ] :flutter_openssl_crypto:assembleDebug (Thread[#44042,Execution worker Thread 16,5,main]) started.
[        ] > Task :flutter_openssl_crypto:assembleDebug UP-TO-DATE
[        ] Skipping task ':flutter_openssl_crypto:assembleDebug' as it has no actions.
[        ] Resolve mutations for :integration_test:stripDebugDebugSymbols (Thread[#44042,Execution worker Thread 16,5,main]) started.
[        ] :integration_test:stripDebugDebugSymbols (Thread[#44042,Execution worker Thread 16,5,main]) started.
[        ] > Task :integration_test:stripDebugDebugSymbols NO-SOURCE
[        ] Skipping task ':integration_test:stripDebugDebugSymbols' as it has no source files and no previous output files.
[        ] Resolve mutations for :integration_test:copyDebugJniLibsProjectAndLocalJars (Thread[#44042,Execution worker Thread 16,5,main]) started.
[        ] :integration_test:copyDebugJniLibsProjectAndLocalJars (Thread[#44042,Execution worker Thread 16,5,main]) started.
[        ] > Task :integration_test:copyDebugJniLibsProjectAndLocalJars UP-TO-DATE
[        ] Caching disabled for task ':integration_test:copyDebugJniLibsProjectAndLocalJars' because:
[        ]   Build cache is disabled
[        ]   Caching has been disabled for the task
[        ] Skipping task ':integration_test:copyDebugJniLibsProjectAndLocalJars' as it is up-to-date.
[        ] Resolve mutations for :integration_test:extractDebugAnnotations (Thread[#44042,Execution worker Thread 16,5,main]) started.
[        ] :integration_test:extractDebugAnnotations (Thread[#44042,Execution worker Thread 16,5,main]) started.
[        ] > Task :integration_test:extractDebugAnnotations UP-TO-DATE
[        ] Caching disabled for task ':integration_test:extractDebugAnnotations' because:
[        ]   Build cache is disabled
[        ] Skipping task ':integration_test:extractDebugAnnotations' as it is up-to-date.
[        ] Resolve mutations for :integration_test:extractDeepLinksForAarDebug (Thread[#44042,Execution worker Thread 16,5,main]) started.
[        ] :integration_test:extractDeepLinksForAarDebug (Thread[#44042,Execution worker Thread 16,5,main]) started.
[        ] > Task :integration_test:extractDeepLinksForAarDebug UP-TO-DATE
[        ] Caching disabled for task ':integration_test:extractDeepLinksForAarDebug' because:
[        ]   Build cache is disabled
[        ] Skipping task ':integration_test:extractDeepLinksForAarDebug' as it is up-to-date.
[        ] Resolve mutations for :integration_test:mergeDebugGeneratedProguardFiles (Thread[#44042,Execution worker Thread 16,5,main]) started.
[        ] :integration_test:mergeDebugGeneratedProguardFiles (Thread[#44042,Execution worker Thread 16,5,main]) started.
[        ] > Task :integration_test:mergeDebugGeneratedProguardFiles UP-TO-DATE
[        ] Caching disabled for task ':integration_test:mergeDebugGeneratedProguardFiles' because:
[        ]   Build cache is disabled
[        ]   Simple merging task
[        ] Skipping task ':integration_test:mergeDebugGeneratedProguardFiles' as it is up-to-date.
[        ] Resolve mutations for :integration_test:mergeDebugConsumerProguardFiles (Thread[#44042,Execution worker Thread 16,5,main]) started.
[        ] :integration_test:mergeDebugConsumerProguardFiles (Thread[#44042,Execution worker Thread 16,5,main]) started.
[        ] > Task :integration_test:mergeDebugConsumerProguardFiles UP-TO-DATE
[        ] Caching disabled for task ':integration_test:mergeDebugConsumerProguardFiles' because:
[        ]   Build cache is disabled
[        ]   Simple merging task
[        ] Skipping task ':integration_test:mergeDebugConsumerProguardFiles' as it is up-to-date.
[        ] Resolve mutations for :integration_test:prepareDebugArtProfile (Thread[#44042,Execution worker Thread 16,5,main]) started.
[        ] :integration_test:prepareDebugArtProfile (Thread[#44042,Execution worker Thread 16,5,main]) started.
[        ] > Task :integration_test:prepareDebugArtProfile UP-TO-DATE
[        ] Caching disabled for task ':integration_test:prepareDebugArtProfile' because:
[        ]   Build cache is disabled
[        ]   Caching has been disabled for the task
[        ] Skipping task ':integration_test:prepareDebugArtProfile' as it is up-to-date.
[        ] Resolve mutations for :integration_test:prepareLintJarForPublish (Thread[#44042,Execution worker Thread 16,5,main]) started.
[        ] :integration_test:prepareLintJarForPublish (Thread[#44042,Execution worker Thread 16,5,main]) started.
[        ] > Task :integration_test:prepareLintJarForPublish UP-TO-DATE
[        ] Caching disabled for task ':integration_test:prepareLintJarForPublish' because:
[        ]   Build cache is disabled
[        ]   Caching has been disabled for the task
[        ] Skipping task ':integration_test:prepareLintJarForPublish' as it is up-to-date.
[        ] Resolve mutations for :integration_test:mergeDebugJavaResource (Thread[#44042,Execution worker Thread 16,5,main]) started.
[        ] :integration_test:mergeDebugJavaResource (Thread[#44042,Execution worker Thread 16,5,main]) started.
[        ] > Task :integration_test:mergeDebugJavaResource UP-TO-DATE
[        ] Caching disabled for task ':integration_test:mergeDebugJavaResource' because:
[        ]   Build cache is disabled
[        ]   Caching has been disabled for the task
[        ] Skipping task ':integration_test:mergeDebugJavaResource' as it is up-to-date.
[        ] Resolve mutations for :integration_test:syncDebugLibJars (Thread[#44042,Execution worker Thread 16,5,main]) started.
[        ] :integration_test:syncDebugLibJars (Thread[#44042,Execution worker Thread 16,5,main]) started.
[        ] > Task :integration_test:syncDebugLibJars UP-TO-DATE
[        ] Caching disabled for task ':integration_test:syncDebugLibJars' because:
[        ]   Build cache is disabled
[        ] Skipping task ':integration_test:syncDebugLibJars' as it is up-to-date.
[        ] Resolve mutations for :integration_test:bundleDebugAar (Thread[#44042,Execution worker Thread 16,5,main]) started.
[        ] :integration_test:bundleDebugAar (Thread[#44042,Execution worker Thread 16,5,main]) started.
[        ] > Task :integration_test:bundleDebugAar UP-TO-DATE
[        ] Caching disabled for task ':integration_test:bundleDebugAar' because:
[        ]   Build cache is disabled
[        ]   Caching has been disabled for the task
[        ] Skipping task ':integration_test:bundleDebugAar' as it is up-to-date.
[        ] Resolve mutations for :integration_test:assembleDebug (Thread[#44042,Execution worker Thread 16,5,main]) started.
[        ] :integration_test:assembleDebug (Thread[#44042,Execution worker Thread 16,5,main]) started.
[        ] > Task :integration_test:assembleDebug UP-TO-DATE
[        ] Skipping task ':integration_test:assembleDebug' as it has no actions.
[        ] Resolve mutations for :path_provider_android:stripDebugDebugSymbols (Thread[#44042,Execution worker Thread 16,5,main]) started.
[        ] :path_provider_android:stripDebugDebugSymbols (Thread[#44042,Execution worker Thread 16,5,main]) started.
[        ] > Task :path_provider_android:stripDebugDebugSymbols NO-SOURCE
[        ] Skipping task ':path_provider_android:stripDebugDebugSymbols' as it has no source files and no previous output files.
[        ] Resolve mutations for :path_provider_android:copyDebugJniLibsProjectAndLocalJars (Thread[#44042,Execution worker Thread 16,5,main]) started.
[        ] :path_provider_android:copyDebugJniLibsProjectAndLocalJars (Thread[#44042,Execution worker Thread 16,5,main]) started.
[        ] > Task :path_provider_android:copyDebugJniLibsProjectAndLocalJars UP-TO-DATE
[        ] Caching disabled for task ':path_provider_android:copyDebugJniLibsProjectAndLocalJars' because:
[        ]   Build cache is disabled
[        ]   Caching has been disabled for the task
[        ] Skipping task ':path_provider_android:copyDebugJniLibsProjectAndLocalJars' as it is up-to-date.
[        ] Resolve mutations for :path_provider_android:extractDebugAnnotations (Thread[#44042,Execution worker Thread 16,5,main]) started.
[        ] :path_provider_android:extractDebugAnnotations (Thread[#44042,Execution worker Thread 16,5,main]) started.
[        ] > Task :path_provider_android:extractDebugAnnotations UP-TO-DATE
[        ] Caching disabled for task ':path_provider_android:extractDebugAnnotations' because:
[        ]   Build cache is disabled
[        ] Skipping task ':path_provider_android:extractDebugAnnotations' as it is up-to-date.
[        ] Resolve mutations for :path_provider_android:extractDeepLinksForAarDebug (Thread[#44042,Execution worker Thread 16,5,main]) started.
[        ] :path_provider_android:extractDeepLinksForAarDebug (Thread[#44042,Execution worker Thread 16,5,main]) started.
[        ] > Task :path_provider_android:extractDeepLinksForAarDebug UP-TO-DATE
[        ] Caching disabled for task ':path_provider_android:extractDeepLinksForAarDebug' because:
[        ]   Build cache is disabled
[        ] Skipping task ':path_provider_android:extractDeepLinksForAarDebug' as it is up-to-date.
[        ] Resolve mutations for :path_provider_android:mergeDebugGeneratedProguardFiles (Thread[#44042,Execution worker Thread 16,5,main]) started.
[        ] :path_provider_android:mergeDebugGeneratedProguardFiles (Thread[#44042,Execution worker Thread 16,5,main]) started.
[        ] > Task :path_provider_android:mergeDebugGeneratedProguardFiles UP-TO-DATE
[        ] Caching disabled for task ':path_provider_android:mergeDebugGeneratedProguardFiles' because:
[        ]   Build cache is disabled
[        ]   Simple merging task
[        ] Skipping task ':path_provider_android:mergeDebugGeneratedProguardFiles' as it is up-to-date.
[        ] Resolve mutations for :path_provider_android:mergeDebugConsumerProguardFiles (Thread[#44042,Execution worker Thread 16,5,main]) started.
[        ] :path_provider_android:mergeDebugConsumerProguardFiles (Thread[#44042,Execution worker Thread 16,5,main]) started.
[        ] > Task :path_provider_android:mergeDebugConsumerProguardFiles UP-TO-DATE
[        ] Caching disabled for task ':path_provider_android:mergeDebugConsumerProguardFiles' because:
[        ]   Build cache is disabled
[        ]   Simple merging task
[        ] Skipping task ':path_provider_android:mergeDebugConsumerProguardFiles' as it is up-to-date.
[        ] Resolve mutations for :path_provider_android:prepareDebugArtProfile (Thread[#44042,Execution worker Thread 16,5,main]) started.
[        ] :path_provider_android:prepareDebugArtProfile (Thread[#44042,Execution worker Thread 16,5,main]) started.
[        ] > Task :path_provider_android:prepareDebugArtProfile UP-TO-DATE
[        ] Caching disabled for task ':path_provider_android:prepareDebugArtProfile' because:
[        ]   Build cache is disabled
[        ]   Caching has been disabled for the task
[        ] Skipping task ':path_provider_android:prepareDebugArtProfile' as it is up-to-date.
[        ] Resolve mutations for :path_provider_android:prepareLintJarForPublish (Thread[#44042,Execution worker Thread 16,5,main]) started.
[        ] :path_provider_android:prepareLintJarForPublish (Thread[#44042,Execution worker Thread 16,5,main]) started.
[        ] > Task :path_provider_android:prepareLintJarForPublish UP-TO-DATE
[        ] Caching disabled for task ':path_provider_android:prepareLintJarForPublish' because:
[        ]   Build cache is disabled
[        ]   Caching has been disabled for the task
[        ] Skipping task ':path_provider_android:prepareLintJarForPublish' as it is up-to-date.
[        ] Resolve mutations for :path_provider_android:mergeDebugJavaResource (Thread[#44042,Execution worker Thread 16,5,main]) started.
[        ] :path_provider_android:mergeDebugJavaResource (Thread[#44042,Execution worker Thread 16,5,main]) started.
[        ] > Task :path_provider_android:mergeDebugJavaResource UP-TO-DATE
[        ] Caching disabled for task ':path_provider_android:mergeDebugJavaResource' because:
[        ]   Build cache is disabled
[        ]   Caching has been disabled for the task
[        ] Skipping task ':path_provider_android:mergeDebugJavaResource' as it is up-to-date.
[        ] Resolve mutations for :path_provider_android:syncDebugLibJars (Thread[#44042,Execution worker Thread 16,5,main]) started.
[        ] :path_provider_android:syncDebugLibJars (Thread[#44042,Execution worker Thread 16,5,main]) started.
[        ] > Task :path_provider_android:syncDebugLibJars UP-TO-DATE
[        ] Caching disabled for task ':path_provider_android:syncDebugLibJars' because:
[        ]   Build cache is disabled
[        ] Skipping task ':path_provider_android:syncDebugLibJars' as it is up-to-date.
[        ] Resolve mutations for :path_provider_android:bundleDebugAar (Thread[#44042,Execution worker Thread 16,5,main]) started.
[        ] :path_provider_android:bundleDebugAar (Thread[#44042,Execution worker Thread 16,5,main]) started.
[        ] > Task :path_provider_android:bundleDebugAar UP-TO-DATE
[        ] Caching disabled for task ':path_provider_android:bundleDebugAar' because:
[        ]   Build cache is disabled
[        ]   Caching has been disabled for the task
[        ] Skipping task ':path_provider_android:bundleDebugAar' as it is up-to-date.
[        ] Resolve mutations for :path_provider_android:assembleDebug (Thread[#44042,Execution worker Thread 16,5,main]) started.
[        ] :path_provider_android:assembleDebug (Thread[#44042,Execution worker Thread 16,5,main]) started.
[        ] > Task :path_provider_android:assembleDebug UP-TO-DATE
[        ] Skipping task ':path_provider_android:assembleDebug' as it has no actions.
[        ] Resolve mutations for :quill_native_bridge_android:stripDebugDebugSymbols (Thread[#44042,Execution worker Thread 16,5,main]) started.
[        ] :quill_native_bridge_android:stripDebugDebugSymbols (Thread[#44042,Execution worker Thread 16,5,main]) started.
[        ] > Task :quill_native_bridge_android:stripDebugDebugSymbols NO-SOURCE
[        ] Skipping task ':quill_native_bridge_android:stripDebugDebugSymbols' as it has no source files and no previous output files.
[        ] Resolve mutations for :quill_native_bridge_android:copyDebugJniLibsProjectAndLocalJars (Thread[#44042,Execution worker Thread 16,5,main]) started.
[        ] :quill_native_bridge_android:copyDebugJniLibsProjectAndLocalJars (Thread[#44042,Execution worker Thread 16,5,main]) started.
[        ] > Task :quill_native_bridge_android:copyDebugJniLibsProjectAndLocalJars UP-TO-DATE
[        ] Caching disabled for task ':quill_native_bridge_android:copyDebugJniLibsProjectAndLocalJars' because:
[        ]   Build cache is disabled
[        ]   Caching has been disabled for the task
[        ] Skipping task ':quill_native_bridge_android:copyDebugJniLibsProjectAndLocalJars' as it is up-to-date.
[        ] Resolve mutations for :quill_native_bridge_android:extractDebugAnnotations (Thread[#44042,Execution worker Thread 16,5,main]) started.
[        ] :quill_native_bridge_android:extractDebugAnnotations (Thread[#44042,Execution worker Thread 16,5,main]) started.
[        ] > Task :quill_native_bridge_android:extractDebugAnnotations UP-TO-DATE
[        ] Caching disabled for task ':quill_native_bridge_android:extractDebugAnnotations' because:
[        ]   Build cache is disabled
[        ] Skipping task ':quill_native_bridge_android:extractDebugAnnotations' as it is up-to-date.
[        ] Resolve mutations for :quill_native_bridge_android:extractDeepLinksForAarDebug (Thread[#44042,Execution worker Thread 16,5,main]) started.
[        ] :quill_native_bridge_android:extractDeepLinksForAarDebug (Thread[#44042,Execution worker Thread 16,5,main]) started.
[        ] > Task :quill_native_bridge_android:extractDeepLinksForAarDebug UP-TO-DATE
[        ] Caching disabled for task ':quill_native_bridge_android:extractDeepLinksForAarDebug' because:
[        ]   Build cache is disabled
[        ] Skipping task ':quill_native_bridge_android:extractDeepLinksForAarDebug' as it is up-to-date.
[        ] Resolve mutations for :quill_native_bridge_android:mergeDebugGeneratedProguardFiles (Thread[#44042,Execution worker Thread 16,5,main]) started.
[        ] :quill_native_bridge_android:mergeDebugGeneratedProguardFiles (Thread[#44042,Execution worker Thread 16,5,main]) started.
[        ] > Task :quill_native_bridge_android:mergeDebugGeneratedProguardFiles UP-TO-DATE
[        ] Caching disabled for task ':quill_native_bridge_android:mergeDebugGeneratedProguardFiles' because:
[        ]   Build cache is disabled
[        ]   Simple merging task
[        ] Skipping task ':quill_native_bridge_android:mergeDebugGeneratedProguardFiles' as it is up-to-date.
[        ] Resolve mutations for :quill_native_bridge_android:mergeDebugConsumerProguardFiles (Thread[#44042,Execution worker Thread 16,5,main]) started.
[        ] :quill_native_bridge_android:mergeDebugConsumerProguardFiles (Thread[#44042,Execution worker Thread 16,5,main]) started.
[        ] > Task :quill_native_bridge_android:mergeDebugConsumerProguardFiles UP-TO-DATE
[        ] Caching disabled for task ':quill_native_bridge_android:mergeDebugConsumerProguardFiles' because:
[        ]   Build cache is disabled
[        ]   Simple merging task
[        ] Skipping task ':quill_native_bridge_android:mergeDebugConsumerProguardFiles' as it is up-to-date.
[        ] Resolve mutations for :quill_native_bridge_android:prepareDebugArtProfile (Thread[#44042,Execution worker Thread 16,5,main]) started.
[        ] :quill_native_bridge_android:prepareDebugArtProfile (Thread[#44042,Execution worker Thread 16,5,main]) started.
[        ] > Task :quill_native_bridge_android:prepareDebugArtProfile UP-TO-DATE
[        ] Caching disabled for task ':quill_native_bridge_android:prepareDebugArtProfile' because:
[        ]   Build cache is disabled
[        ]   Caching has been disabled for the task
[        ] Skipping task ':quill_native_bridge_android:prepareDebugArtProfile' as it is up-to-date.
[        ] Resolve mutations for :quill_native_bridge_android:prepareLintJarForPublish (Thread[#44042,Execution worker Thread 16,5,main]) started.
[        ] :quill_native_bridge_android:prepareLintJarForPublish (Thread[#44042,Execution worker Thread 16,5,main]) started.
[        ] > Task :quill_native_bridge_android:prepareLintJarForPublish UP-TO-DATE
[        ] Caching disabled for task ':quill_native_bridge_android:prepareLintJarForPublish' because:
[        ]   Build cache is disabled
[        ]   Caching has been disabled for the task
[        ] Skipping task ':quill_native_bridge_android:prepareLintJarForPublish' as it is up-to-date.
[        ] Resolve mutations for :quill_native_bridge_android:mergeDebugJavaResource (Thread[#44042,Execution worker Thread 16,5,main]) started.
[        ] :quill_native_bridge_android:mergeDebugJavaResource (Thread[#44042,Execution worker Thread 16,5,main]) started.
[        ] > Task :quill_native_bridge_android:mergeDebugJavaResource UP-TO-DATE
[        ] Caching disabled for task ':quill_native_bridge_android:mergeDebugJavaResource' because:
[        ]   Build cache is disabled
[        ]   Caching has been disabled for the task
[        ] Skipping task ':quill_native_bridge_android:mergeDebugJavaResource' as it is up-to-date.
[        ] Resolve mutations for :quill_native_bridge_android:syncDebugLibJars (Thread[#44042,Execution worker Thread 16,5,main]) started.
[        ] :quill_native_bridge_android:syncDebugLibJars (Thread[#44042,Execution worker Thread 16,5,main]) started.
[        ] > Task :quill_native_bridge_android:syncDebugLibJars UP-TO-DATE
[        ] Caching disabled for task ':quill_native_bridge_android:syncDebugLibJars' because:
[        ]   Build cache is disabled
[        ] Skipping task ':quill_native_bridge_android:syncDebugLibJars' as it is up-to-date.
[        ] Resolve mutations for :quill_native_bridge_android:bundleDebugAar (Thread[#44042,Execution worker Thread 16,5,main]) started.
[        ] :quill_native_bridge_android:bundleDebugAar (Thread[#44042,Execution worker Thread 16,5,main]) started.
[        ] > Task :quill_native_bridge_android:bundleDebugAar UP-TO-DATE
[        ] Caching disabled for task ':quill_native_bridge_android:bundleDebugAar' because:
[        ]   Build cache is disabled
[        ]   Caching has been disabled for the task
[        ] Skipping task ':quill_native_bridge_android:bundleDebugAar' as it is up-to-date.
[        ] Resolve mutations for :quill_native_bridge_android:assembleDebug (Thread[#44042,Execution worker Thread 16,5,main]) started.
[        ] :quill_native_bridge_android:assembleDebug (Thread[#44042,Execution worker Thread 16,5,main]) started.
[        ] > Task :quill_native_bridge_android:assembleDebug UP-TO-DATE
[        ] Skipping task ':quill_native_bridge_android:assembleDebug' as it has no actions.
[        ] Resolve mutations for :shared_preferences_android:stripDebugDebugSymbols (Thread[#44042,Execution worker Thread 16,5,main]) started.
[        ] :shared_preferences_android:stripDebugDebugSymbols (Thread[#44042,Execution worker Thread 16,5,main]) started.
[        ] > Task :shared_preferences_android:stripDebugDebugSymbols NO-SOURCE
[        ] Skipping task ':shared_preferences_android:stripDebugDebugSymbols' as it has no source files and no previous output files.
[        ] Resolve mutations for :shared_preferences_android:copyDebugJniLibsProjectAndLocalJars (Thread[#44042,Execution worker Thread 16,5,main]) started.
[        ] :shared_preferences_android:copyDebugJniLibsProjectAndLocalJars (Thread[#44042,Execution worker Thread 16,5,main]) started.
[        ] > Task :shared_preferences_android:copyDebugJniLibsProjectAndLocalJars UP-TO-DATE
[        ] Caching disabled for task ':shared_preferences_android:copyDebugJniLibsProjectAndLocalJars' because:
[        ]   Build cache is disabled
[        ]   Caching has been disabled for the task
[        ] Skipping task ':shared_preferences_android:copyDebugJniLibsProjectAndLocalJars' as it is up-to-date.
[        ] Resolve mutations for :shared_preferences_android:extractDebugAnnotations (Thread[#44042,Execution worker Thread 16,5,main]) started.
[        ] :shared_preferences_android:extractDebugAnnotations (Thread[#44042,Execution worker Thread 16,5,main]) started.
[        ] > Task :shared_preferences_android:extractDebugAnnotations UP-TO-DATE
[        ] Caching disabled for task ':shared_preferences_android:extractDebugAnnotations' because:
[        ]   Build cache is disabled
[        ] Skipping task ':shared_preferences_android:extractDebugAnnotations' as it is up-to-date.
[        ] Resolve mutations for :shared_preferences_android:extractDeepLinksForAarDebug (Thread[#44042,Execution worker Thread 16,5,main]) started.
[        ] :shared_preferences_android:extractDeepLinksForAarDebug (Thread[#44042,Execution worker Thread 16,5,main]) started.
[        ] > Task :shared_preferences_android:extractDeepLinksForAarDebug UP-TO-DATE
[        ] Caching disabled for task ':shared_preferences_android:extractDeepLinksForAarDebug' because:
[        ]   Build cache is disabled
[        ] Skipping task ':shared_preferences_android:extractDeepLinksForAarDebug' as it is up-to-date.
[        ] Resolve mutations for :shared_preferences_android:mergeDebugGeneratedProguardFiles (Thread[#44042,Execution worker Thread 16,5,main]) started.
[        ] :shared_preferences_android:mergeDebugGeneratedProguardFiles (Thread[#44042,Execution worker Thread 16,5,main]) started.
[        ] > Task :shared_preferences_android:mergeDebugGeneratedProguardFiles UP-TO-DATE
[        ] Caching disabled for task ':shared_preferences_android:mergeDebugGeneratedProguardFiles' because:
[        ]   Build cache is disabled
[        ]   Simple merging task
[        ] Skipping task ':shared_preferences_android:mergeDebugGeneratedProguardFiles' as it is up-to-date.
[        ] Resolve mutations for :shared_preferences_android:mergeDebugConsumerProguardFiles (Thread[#44042,Execution worker Thread 16,5,main]) started.
[        ] :shared_preferences_android:mergeDebugConsumerProguardFiles (Thread[#44042,Execution worker Thread 16,5,main]) started.
[        ] > Task :shared_preferences_android:mergeDebugConsumerProguardFiles UP-TO-DATE
[        ] Caching disabled for task ':shared_preferences_android:mergeDebugConsumerProguardFiles' because:
[        ]   Build cache is disabled
[        ]   Simple merging task
[        ] Skipping task ':shared_preferences_android:mergeDebugConsumerProguardFiles' as it is up-to-date.
[        ] Resolve mutations for :shared_preferences_android:prepareDebugArtProfile (Thread[#44042,Execution worker Thread 16,5,main]) started.
[        ] :shared_preferences_android:prepareDebugArtProfile (Thread[#44042,Execution worker Thread 16,5,main]) started.
[        ] > Task :shared_preferences_android:prepareDebugArtProfile UP-TO-DATE
[        ] Caching disabled for task ':shared_preferences_android:prepareDebugArtProfile' because:
[        ]   Build cache is disabled
[        ]   Caching has been disabled for the task
[        ] Skipping task ':shared_preferences_android:prepareDebugArtProfile' as it is up-to-date.
[        ] Resolve mutations for :shared_preferences_android:prepareLintJarForPublish (Thread[#44042,Execution worker Thread 16,5,main]) started.
[        ] :shared_preferences_android:prepareLintJarForPublish (Thread[#44042,Execution worker Thread 16,5,main]) started.
[        ] > Task :shared_preferences_android:prepareLintJarForPublish UP-TO-DATE
[        ] Caching disabled for task ':shared_preferences_android:prepareLintJarForPublish' because:
[        ]   Build cache is disabled
[        ]   Caching has been disabled for the task
[        ] Skipping task ':shared_preferences_android:prepareLintJarForPublish' as it is up-to-date.
[        ] Resolve mutations for :shared_preferences_android:mergeDebugJavaResource (Thread[#44042,Execution worker Thread 16,5,main]) started.
[        ] :shared_preferences_android:mergeDebugJavaResource (Thread[#44042,Execution worker Thread 16,5,main]) started.
[        ] > Task :shared_preferences_android:mergeDebugJavaResource UP-TO-DATE
[        ] Caching disabled for task ':shared_preferences_android:mergeDebugJavaResource' because:
[        ]   Build cache is disabled
[        ]   Caching has been disabled for the task
[        ] Skipping task ':shared_preferences_android:mergeDebugJavaResource' as it is up-to-date.
[        ] Resolve mutations for :shared_preferences_android:syncDebugLibJars (Thread[#44042,Execution worker Thread 16,5,main]) started.
[        ] :shared_preferences_android:syncDebugLibJars (Thread[#44042,Execution worker Thread 16,5,main]) started.
[        ] > Task :shared_preferences_android:syncDebugLibJars UP-TO-DATE
[        ] Caching disabled for task ':shared_preferences_android:syncDebugLibJars' because:
[        ]   Build cache is disabled
[        ] Skipping task ':shared_preferences_android:syncDebugLibJars' as it is up-to-date.
[        ] Resolve mutations for :shared_preferences_android:bundleDebugAar (Thread[#44042,Execution worker Thread 16,5,main]) started.
[        ] :shared_preferences_android:bundleDebugAar (Thread[#44042,Execution worker Thread 16,5,main]) started.
[        ] > Task :shared_preferences_android:bundleDebugAar UP-TO-DATE
[        ] Caching disabled for task ':shared_preferences_android:bundleDebugAar' because:
[        ]   Build cache is disabled
[        ]   Caching has been disabled for the task
[        ] Skipping task ':shared_preferences_android:bundleDebugAar' as it is up-to-date.
[        ] Resolve mutations for :shared_preferences_android:assembleDebug (Thread[#44042,Execution worker Thread 16,5,main]) started.
[        ] :shared_preferences_android:assembleDebug (Thread[#44042,Execution worker Thread 16,5,main]) started.
[        ] > Task :shared_preferences_android:assembleDebug UP-TO-DATE
[        ] Skipping task ':shared_preferences_android:assembleDebug' as it has no actions.
[        ] Resolve mutations for :sqflite_android:stripDebugDebugSymbols (Thread[#44042,Execution worker Thread 16,5,main]) started.
[        ] :sqflite_android:stripDebugDebugSymbols (Thread[#44042,Execution worker Thread 16,5,main]) started.
[        ] > Task :sqflite_android:stripDebugDebugSymbols NO-SOURCE
[        ] Skipping task ':sqflite_android:stripDebugDebugSymbols' as it has no source files and no previous output files.
[        ] Resolve mutations for :sqflite_android:copyDebugJniLibsProjectAndLocalJars (Thread[#44042,Execution worker Thread 16,5,main]) started.
[        ] :sqflite_android:copyDebugJniLibsProjectAndLocalJars (Thread[#44042,Execution worker Thread 16,5,main]) started.
[        ] > Task :sqflite_android:copyDebugJniLibsProjectAndLocalJars UP-TO-DATE
[        ] Caching disabled for task ':sqflite_android:copyDebugJniLibsProjectAndLocalJars' because:
[        ]   Build cache is disabled
[        ]   Caching has been disabled for the task
[        ] Skipping task ':sqflite_android:copyDebugJniLibsProjectAndLocalJars' as it is up-to-date.
[        ] Resolve mutations for :sqflite_android:extractDebugAnnotations (Thread[#44042,Execution worker Thread 16,5,main]) started.
[        ] :sqflite_android:extractDebugAnnotations (Thread[#44042,Execution worker Thread 16,5,main]) started.
[        ] > Task :sqflite_android:extractDebugAnnotations UP-TO-DATE
[        ] Caching disabled for task ':sqflite_android:extractDebugAnnotations' because:
[        ]   Build cache is disabled
[        ] Skipping task ':sqflite_android:extractDebugAnnotations' as it is up-to-date.
[        ] Resolve mutations for :sqflite_android:extractDeepLinksForAarDebug (Thread[#44042,Execution worker Thread 16,5,main]) started.
[        ] :sqflite_android:extractDeepLinksForAarDebug (Thread[#44042,Execution worker Thread 16,5,main]) started.
[        ] > Task :sqflite_android:extractDeepLinksForAarDebug UP-TO-DATE
[        ] Caching disabled for task ':sqflite_android:extractDeepLinksForAarDebug' because:
[        ]   Build cache is disabled
[        ] Skipping task ':sqflite_android:extractDeepLinksForAarDebug' as it is up-to-date.
[        ] Resolve mutations for :sqflite_android:mergeDebugGeneratedProguardFiles (Thread[#44042,Execution worker Thread 16,5,main]) started.
[        ] :sqflite_android:mergeDebugGeneratedProguardFiles (Thread[#44042,Execution worker Thread 16,5,main]) started.
[        ] > Task :sqflite_android:mergeDebugGeneratedProguardFiles UP-TO-DATE
[        ] Caching disabled for task ':sqflite_android:mergeDebugGeneratedProguardFiles' because:
[        ]   Build cache is disabled
[        ]   Simple merging task
[        ] Skipping task ':sqflite_android:mergeDebugGeneratedProguardFiles' as it is up-to-date.
[        ] Resolve mutations for :sqflite_android:mergeDebugConsumerProguardFiles (Thread[#44042,Execution worker Thread 16,5,main]) started.
[        ] :sqflite_android:mergeDebugConsumerProguardFiles (Thread[#44042,Execution worker Thread 16,5,main]) started.
[        ] > Task :sqflite_android:mergeDebugConsumerProguardFiles UP-TO-DATE
[        ] Caching disabled for task ':sqflite_android:mergeDebugConsumerProguardFiles' because:
[        ]   Build cache is disabled
[        ]   Simple merging task
[        ] Skipping task ':sqflite_android:mergeDebugConsumerProguardFiles' as it is up-to-date.
[        ] Resolve mutations for :sqflite_android:prepareDebugArtProfile (Thread[#44042,Execution worker Thread 16,5,main]) started.
[        ] :sqflite_android:prepareDebugArtProfile (Thread[#44042,Execution worker Thread 16,5,main]) started.
[        ] > Task :sqflite_android:prepareDebugArtProfile UP-TO-DATE
[        ] Caching disabled for task ':sqflite_android:prepareDebugArtProfile' because:
[        ]   Build cache is disabled
[        ]   Caching has been disabled for the task
[        ] Skipping task ':sqflite_android:prepareDebugArtProfile' as it is up-to-date.
[        ] Resolve mutations for :sqflite_android:prepareLintJarForPublish (Thread[#44042,Execution worker Thread 16,5,main]) started.
[        ] :sqflite_android:prepareLintJarForPublish (Thread[#44042,Execution worker Thread 16,5,main]) started.
[        ] > Task :sqflite_android:prepareLintJarForPublish UP-TO-DATE
[        ] Caching disabled for task ':sqflite_android:prepareLintJarForPublish' because:
[        ]   Build cache is disabled
[        ]   Caching has been disabled for the task
[        ] Skipping task ':sqflite_android:prepareLintJarForPublish' as it is up-to-date.
[        ] Resolve mutations for :sqflite_android:mergeDebugJavaResource (Thread[#44042,Execution worker Thread 16,5,main]) started.
[        ] :sqflite_android:mergeDebugJavaResource (Thread[#44042,Execution worker Thread 16,5,main]) started.
[        ] > Task :sqflite_android:mergeDebugJavaResource UP-TO-DATE
[        ] Caching disabled for task ':sqflite_android:mergeDebugJavaResource' because:
[        ]   Build cache is disabled
[        ]   Caching has been disabled for the task
[        ] Skipping task ':sqflite_android:mergeDebugJavaResource' as it is up-to-date.
[        ] Resolve mutations for :sqflite_android:syncDebugLibJars (Thread[#44042,Execution worker Thread 16,5,main]) started.
[        ] :sqflite_android:syncDebugLibJars (Thread[#44042,Execution worker Thread 16,5,main]) started.
[        ] > Task :sqflite_android:syncDebugLibJars UP-TO-DATE
[        ] Caching disabled for task ':sqflite_android:syncDebugLibJars' because:
[        ]   Build cache is disabled
[        ] Skipping task ':sqflite_android:syncDebugLibJars' as it is up-to-date.
[        ] Resolve mutations for :sqflite_android:bundleDebugAar (Thread[#44042,Execution worker Thread 16,5,main]) started.
[        ] :sqflite_android:bundleDebugAar (Thread[#44042,Execution worker Thread 16,5,main]) started.
[        ] > Task :sqflite_android:bundleDebugAar UP-TO-DATE
[        ] Caching disabled for task ':sqflite_android:bundleDebugAar' because:
[        ]   Build cache is disabled
[        ]   Caching has been disabled for the task
[        ] Skipping task ':sqflite_android:bundleDebugAar' as it is up-to-date.
[        ] Resolve mutations for :sqflite_android:assembleDebug (Thread[#44042,Execution worker Thread 16,5,main]) started.
[        ] :sqflite_android:assembleDebug (Thread[#44042,Execution worker Thread 16,5,main]) started.
[        ] > Task :sqflite_android:assembleDebug UP-TO-DATE
[        ] Skipping task ':sqflite_android:assembleDebug' as it has no actions.
[        ] Resolve mutations for :url_launcher_android:stripDebugDebugSymbols (Thread[#44042,Execution worker Thread 16,5,main]) started.
[        ] :url_launcher_android:stripDebugDebugSymbols (Thread[#44042,Execution worker Thread 16,5,main]) started.
[        ] > Task :url_launcher_android:stripDebugDebugSymbols NO-SOURCE
[        ] Skipping task ':url_launcher_android:stripDebugDebugSymbols' as it has no source files and no previous output files.
[        ] Resolve mutations for :url_launcher_android:copyDebugJniLibsProjectAndLocalJars (Thread[#44042,Execution worker Thread 16,5,main]) started.
[        ] :url_launcher_android:copyDebugJniLibsProjectAndLocalJars (Thread[#44042,Execution worker Thread 16,5,main]) started.
[        ] > Task :url_launcher_android:copyDebugJniLibsProjectAndLocalJars UP-TO-DATE
[        ] Caching disabled for task ':url_launcher_android:copyDebugJniLibsProjectAndLocalJars' because:
[        ]   Build cache is disabled
[        ]   Caching has been disabled for the task
[        ] Skipping task ':url_launcher_android:copyDebugJniLibsProjectAndLocalJars' as it is up-to-date.
[        ] Resolve mutations for :url_launcher_android:extractDebugAnnotations (Thread[#44042,Execution worker Thread 16,5,main]) started.
[        ] :url_launcher_android:extractDebugAnnotations (Thread[#44042,Execution worker Thread 16,5,main]) started.
[        ] > Task :url_launcher_android:extractDebugAnnotations UP-TO-DATE
[        ] Caching disabled for task ':url_launcher_android:extractDebugAnnotations' because:
[        ]   Build cache is disabled
[        ] Skipping task ':url_launcher_android:extractDebugAnnotations' as it is up-to-date.
[        ] Resolve mutations for :url_launcher_android:extractDeepLinksForAarDebug (Thread[#44042,Execution worker Thread 16,5,main]) started.
[        ] :url_launcher_android:extractDeepLinksForAarDebug (Thread[#44042,Execution worker Thread 16,5,main]) started.
[        ] > Task :url_launcher_android:extractDeepLinksForAarDebug UP-TO-DATE
[        ] Caching disabled for task ':url_launcher_android:extractDeepLinksForAarDebug' because:
[        ]   Build cache is disabled
[        ] Skipping task ':url_launcher_android:extractDeepLinksForAarDebug' as it is up-to-date.
[        ] Resolve mutations for :url_launcher_android:mergeDebugGeneratedProguardFiles (Thread[#44042,Execution worker Thread 16,5,main]) started.
[        ] :url_launcher_android:mergeDebugGeneratedProguardFiles (Thread[#44042,Execution worker Thread 16,5,main]) started.
[        ] > Task :url_launcher_android:mergeDebugGeneratedProguardFiles UP-TO-DATE
[        ] Caching disabled for task ':url_launcher_android:mergeDebugGeneratedProguardFiles' because:
[        ]   Build cache is disabled
[        ]   Simple merging task
[        ] Skipping task ':url_launcher_android:mergeDebugGeneratedProguardFiles' as it is up-to-date.
[        ] Resolve mutations for :url_launcher_android:mergeDebugConsumerProguardFiles (Thread[#44042,Execution worker Thread 16,5,main]) started.
[        ] :url_launcher_android:mergeDebugConsumerProguardFiles (Thread[#44042,Execution worker Thread 16,5,main]) started.
[        ] > Task :url_launcher_android:mergeDebugConsumerProguardFiles UP-TO-DATE
[        ] Caching disabled for task ':url_launcher_android:mergeDebugConsumerProguardFiles' because:
[        ]   Build cache is disabled
[        ]   Simple merging task
[        ] Skipping task ':url_launcher_android:mergeDebugConsumerProguardFiles' as it is up-to-date.
[        ] Resolve mutations for :url_launcher_android:prepareDebugArtProfile (Thread[#44042,Execution worker Thread 16,5,main]) started.
[        ] :url_launcher_android:prepareDebugArtProfile (Thread[#44042,Execution worker Thread 16,5,main]) started.
[        ] > Task :url_launcher_android:prepareDebugArtProfile UP-TO-DATE
[        ] Caching disabled for task ':url_launcher_android:prepareDebugArtProfile' because:
[        ]   Build cache is disabled
[        ]   Caching has been disabled for the task
[        ] Skipping task ':url_launcher_android:prepareDebugArtProfile' as it is up-to-date.
[        ] Resolve mutations for :url_launcher_android:prepareLintJarForPublish (Thread[#44042,Execution worker Thread 16,5,main]) started.
[        ] :url_launcher_android:prepareLintJarForPublish (Thread[#44042,Execution worker Thread 16,5,main]) started.
[        ] > Task :url_launcher_android:prepareLintJarForPublish UP-TO-DATE
[        ] Caching disabled for task ':url_launcher_android:prepareLintJarForPublish' because:
[        ]   Build cache is disabled
[        ]   Caching has been disabled for the task
[        ] Skipping task ':url_launcher_android:prepareLintJarForPublish' as it is up-to-date.
[        ] Resolve mutations for :url_launcher_android:mergeDebugJavaResource (Thread[#44042,Execution worker Thread 16,5,main]) started.
[        ] :url_launcher_android:mergeDebugJavaResource (Thread[#44042,Execution worker Thread 16,5,main]) started.
[        ] > Task :url_launcher_android:mergeDebugJavaResource UP-TO-DATE
[        ] Caching disabled for task ':url_launcher_android:mergeDebugJavaResource' because:
[        ]   Build cache is disabled
[        ]   Caching has been disabled for the task
[        ] Skipping task ':url_launcher_android:mergeDebugJavaResource' as it is up-to-date.
[        ] Resolve mutations for :url_launcher_android:syncDebugLibJars (Thread[#44042,Execution worker Thread 16,5,main]) started.
[        ] :url_launcher_android:syncDebugLibJars (Thread[#44042,Execution worker Thread 16,5,main]) started.
[        ] > Task :url_launcher_android:syncDebugLibJars UP-TO-DATE
[        ] Caching disabled for task ':url_launcher_android:syncDebugLibJars' because:
[        ]   Build cache is disabled
[        ] Skipping task ':url_launcher_android:syncDebugLibJars' as it is up-to-date.
[        ] Resolve mutations for :url_launcher_android:bundleDebugAar (Thread[#44042,Execution worker Thread 16,5,main]) started.
[        ] :url_launcher_android:bundleDebugAar (Thread[#44042,Execution worker Thread 16,5,main]) started.
[        ] > Task :url_launcher_android:bundleDebugAar UP-TO-DATE
[        ] Caching disabled for task ':url_launcher_android:bundleDebugAar' because:
[        ]   Build cache is disabled
[        ]   Caching has been disabled for the task
[        ] Skipping task ':url_launcher_android:bundleDebugAar' as it is up-to-date.
[        ] Resolve mutations for :url_launcher_android:assembleDebug (Thread[#44042,Execution worker Thread 16,5,main]) started.
[        ] :url_launcher_android:assembleDebug (Thread[#44042,Execution worker Thread 16,5,main]) started.
[        ] > Task :url_launcher_android:assembleDebug UP-TO-DATE
[        ] Skipping task ':url_launcher_android:assembleDebug' as it has no actions.
[        ] Resolve mutations for :video_player_android:stripDebugDebugSymbols (Thread[#44042,Execution worker Thread 16,5,main]) started.
[        ] :video_player_android:stripDebugDebugSymbols (Thread[#44042,Execution worker Thread 16,5,main]) started.
[        ] > Task :video_player_android:stripDebugDebugSymbols NO-SOURCE
[        ] Skipping task ':video_player_android:stripDebugDebugSymbols' as it has no source files and no previous output files.
[        ] Resolve mutations for :video_player_android:copyDebugJniLibsProjectAndLocalJars (Thread[#44042,Execution worker Thread 16,5,main]) started.
[        ] :video_player_android:copyDebugJniLibsProjectAndLocalJars (Thread[#44042,Execution worker Thread 16,5,main]) started.
[        ] > Task :video_player_android:copyDebugJniLibsProjectAndLocalJars UP-TO-DATE
[        ] Caching disabled for task ':video_player_android:copyDebugJniLibsProjectAndLocalJars' because:
[        ]   Build cache is disabled
[        ]   Caching has been disabled for the task
[        ] Skipping task ':video_player_android:copyDebugJniLibsProjectAndLocalJars' as it is up-to-date.
[        ] Resolve mutations for :video_player_android:extractDebugAnnotations (Thread[#44042,Execution worker Thread 16,5,main]) started.
[        ] :video_player_android:extractDebugAnnotations (Thread[#44042,Execution worker Thread 16,5,main]) started.
[        ] > Task :video_player_android:extractDebugAnnotations UP-TO-DATE
[        ] Caching disabled for task ':video_player_android:extractDebugAnnotations' because:
[        ]   Build cache is disabled
[        ] Skipping task ':video_player_android:extractDebugAnnotations' as it is up-to-date.
[        ] Resolve mutations for :video_player_android:extractDeepLinksForAarDebug (Thread[#44042,Execution worker Thread 16,5,main]) started.
[        ] :video_player_android:extractDeepLinksForAarDebug (Thread[#44042,Execution worker Thread 16,5,main]) started.
[        ] > Task :video_player_android:extractDeepLinksForAarDebug UP-TO-DATE
[        ] Caching disabled for task ':video_player_android:extractDeepLinksForAarDebug' because:
[        ]   Build cache is disabled
[        ] Skipping task ':video_player_android:extractDeepLinksForAarDebug' as it is up-to-date.
[        ] Resolve mutations for :video_player_android:mergeDebugGeneratedProguardFiles (Thread[#44042,Execution worker Thread 16,5,main]) started.
[        ] :video_player_android:mergeDebugGeneratedProguardFiles (Thread[#44042,Execution worker Thread 16,5,main]) started.
[        ] > Task :video_player_android:mergeDebugGeneratedProguardFiles UP-TO-DATE
[        ] Caching disabled for task ':video_player_android:mergeDebugGeneratedProguardFiles' because:
[        ]   Build cache is disabled
[        ]   Simple merging task
[        ] Skipping task ':video_player_android:mergeDebugGeneratedProguardFiles' as it is up-to-date.
[        ] Resolve mutations for :video_player_android:mergeDebugConsumerProguardFiles (Thread[#44042,Execution worker Thread 16,5,main]) started.
[        ] :video_player_android:mergeDebugConsumerProguardFiles (Thread[#44042,Execution worker Thread 16,5,main]) started.
[        ] > Task :video_player_android:mergeDebugConsumerProguardFiles UP-TO-DATE
[        ] Caching disabled for task ':video_player_android:mergeDebugConsumerProguardFiles' because:
[        ]   Build cache is disabled
[        ]   Simple merging task
[        ] Skipping task ':video_player_android:mergeDebugConsumerProguardFiles' as it is up-to-date.
[        ] Resolve mutations for :video_player_android:prepareDebugArtProfile (Thread[#44042,Execution worker Thread 16,5,main]) started.
[        ] :video_player_android:prepareDebugArtProfile (Thread[#44042,Execution worker Thread 16,5,main]) started.
[        ] > Task :video_player_android:prepareDebugArtProfile UP-TO-DATE
[        ] Caching disabled for task ':video_player_android:prepareDebugArtProfile' because:
[        ]   Build cache is disabled
[        ]   Caching has been disabled for the task
[        ] Skipping task ':video_player_android:prepareDebugArtProfile' as it is up-to-date.
[        ] Resolve mutations for :video_player_android:prepareLintJarForPublish (Thread[#44042,Execution worker Thread 16,5,main]) started.
[        ] :video_player_android:prepareLintJarForPublish (Thread[#44042,Execution worker Thread 16,5,main]) started.
[        ] > Task :video_player_android:prepareLintJarForPublish UP-TO-DATE
[        ] Caching disabled for task ':video_player_android:prepareLintJarForPublish' because:
[        ]   Build cache is disabled
[        ]   Caching has been disabled for the task
[        ] Skipping task ':video_player_android:prepareLintJarForPublish' as it is up-to-date.
[        ] Resolve mutations for :video_player_android:mergeDebugJavaResource (Thread[#44042,Execution worker Thread 16,5,main]) started.
[        ] :video_player_android:mergeDebugJavaResource (Thread[#44042,Execution worker Thread 16,5,main]) started.
[        ] > Task :video_player_android:mergeDebugJavaResource UP-TO-DATE
[        ] Caching disabled for task ':video_player_android:mergeDebugJavaResource' because:
[        ]   Build cache is disabled
[        ]   Caching has been disabled for the task
[        ] Skipping task ':video_player_android:mergeDebugJavaResource' as it is up-to-date.
[        ] Resolve mutations for :video_player_android:syncDebugLibJars (Thread[#44042,Execution worker Thread 16,5,main]) started.
[        ] :video_player_android:syncDebugLibJars (Thread[#44042,Execution worker Thread 16,5,main]) started.
[        ] > Task :video_player_android:syncDebugLibJars UP-TO-DATE
[        ] Caching disabled for task ':video_player_android:syncDebugLibJars' because:
[        ]   Build cache is disabled
[        ] Skipping task ':video_player_android:syncDebugLibJars' as it is up-to-date.
[        ] Resolve mutations for :video_player_android:bundleDebugAar (Thread[#44042,Execution worker Thread 16,5,main]) started.
[        ] :video_player_android:bundleDebugAar (Thread[#44042,Execution worker Thread 16,5,main]) started.
[        ] > Task :video_player_android:bundleDebugAar UP-TO-DATE
[        ] Caching disabled for task ':video_player_android:bundleDebugAar' because:
[        ]   Build cache is disabled
[        ]   Caching has been disabled for the task
[        ] Skipping task ':video_player_android:bundleDebugAar' as it is up-to-date.
[        ] Resolve mutations for :video_player_android:assembleDebug (Thread[#44042,Execution worker Thread 16,5,main]) started.
[        ] :video_player_android:assembleDebug (Thread[#44042,Execution worker Thread 16,5,main]) started.
[        ] > Task :video_player_android:assembleDebug UP-TO-DATE
[        ] Skipping task ':video_player_android:assembleDebug' as it has no actions.
[ +582 ms] > Task :app:compressDebugAssets
[        ] Caching disabled for task ':app:compressDebugAssets' because:
[        ]   Build cache is disabled
[        ] Task ':app:compressDebugAssets' is not up-to-date because:
[        ]   Input property 'inputDirs' file /Users/florian/Code/substitution/build/app/intermediates/assets/debug/mergeDebugAssets/flutter_assets/kernel_blob.bin has changed.
[        ] Resolve mutations for :app:packageDebug (Thread[#44046,Execution worker Thread 20,5,main]) started.
[        ] :app:packageDebug (Thread[#44046,Execution worker Thread 20,5,main]) started.
16:53 +12 -37: loading /Users/florian/Code/substitution/integration_test/room_discovery_with_matrix_test.dart                                                                                          [ +394 ms] > Task :app:packageDebug
[        ] Custom actions are attached to task ':app:packageDebug'.
[        ] Caching disabled for task ':app:packageDebug' because:
[        ]   Build cache is disabled
[        ]   Caching has been disabled for the task
[        ] Task ':app:packageDebug' is not up-to-date because:
[        ]   Input property 'assets' file /Users/florian/Code/substitution/build/app/intermediates/compressed_assets/debug/compressDebugAssets/out/assets/flutter_assets/kernel_blob.bin.jar has changed.
[        ] Resolve mutations for :app:createDebugApkListingFileRedirect (Thread[#44046,Execution worker Thread 20,5,main]) started.
[        ] :app:createDebugApkListingFileRedirect (Thread[#44046,Execution worker Thread 20,5,main]) started.
[        ] > Task :app:createDebugApkListingFileRedirect UP-TO-DATE
[        ] Caching disabled for task ':app:createDebugApkListingFileRedirect' because:
[        ]   Build cache is disabled
[        ]   Caching has been disabled for the task
[        ] Skipping task ':app:createDebugApkListingFileRedirect' as it is up-to-date.
[        ] Resolve mutations for :app:assembleDebug (Thread[#44046,Execution worker Thread 20,5,main]) started.
[        ] :app:assembleDebug (Thread[#44046,Execution worker Thread 20,5,main]) started.
[        ] > Task :app:assembleDebug
[        ] Caching disabled for task ':app:assembleDebug' because:
[        ]   Build cache is disabled
[        ] Task ':app:assembleDebug' is not up-to-date because:
[        ]   Task has not declared any outputs despite executing actions.
[        ] [Incubating] Problems report is available at: file:///Users/florian/Code/substitution/build/reports/problems/problems-report.html
[        ] Deprecated Gradle features were used in this build, making it incompatible with Gradle 9.0.
[        ] You can use '--warning-mode all' to show the individual deprecation warnings and determine if they come from your own scripts or plugins.
[        ] For more on this, please refer to https://docs.gradle.org/8.12.1/userguide/command_line_interface.html#sec:command_line_warnings in the Gradle documentation.
[        ] BUILD SUCCESSFUL in 13s
[        ] 458 actionable tasks: 29 executed, 429 up-to-date
[        ] Watched directory hierarchies: [/opt/homebrew/share/flutter/packages/flutter_tools/gradle, /Users/florian/Code/substitution/android]
[  +37 ms] Running Gradle task 'assembleDebug'... (completed in 13,2s)
[   +6 ms] Calculate SHA1: LocalDirectory: '/Users/florian/Code/substitution/build/app/outputs/flutter-apk'/app-debug.apk
[+1084 ms] ✓ Built build/app/outputs/flutter-apk/app-debug.apk
[   +1 ms] executing: /Users/florian/Library/Android/sdk/build-tools/36.1.0/aapt dump xmltree /Users/florian/Code/substitution/build/app/outputs/flutter-apk/app-debug.apk AndroidManifest.xml
[  +12 ms] Exit code 0 from: /Users/florian/Library/Android/sdk/build-tools/36.1.0/aapt dump xmltree /Users/florian/Code/substitution/build/app/outputs/flutter-apk/app-debug.apk AndroidManifest.xml
[        ] N: android=http://schemas.android.com/apk/res/android
             E: manifest (line=2)
               A: android:versionCode(0x0101021b)=(type 0x10)0x7
               A: android:versionName(0x0101021c)="1.0.0" (Raw: "1.0.0")
               A: android:compileSdkVersion(0x01010572)=(type 0x10)0x24
               A: android:compileSdkVersionCodename(0x01010573)="16" (Raw: "16")
               A: package="art.substitution.substitution" (Raw: "art.substitution.substitution")
               A: platformBuildVersionCode=(type 0x10)0x24
               A: platformBuildVersionName=(type 0x10)0x10
               E: uses-sdk (line=7)
                 A: android:minSdkVersion(0x0101020c)=(type 0x10)0x18
                 A: android:targetSdkVersion(0x01010270)=(type 0x10)0x22
               E: uses-permission (line=15)
                 A: android:name(0x01010003)="android.permission.INTERNET" (Raw: "android.permission.INTERNET")
               E: uses-permission (line=16)
                 A: android:name(0x01010003)="android.permission.ACCESS_NETWORK_STATE" (Raw: "android.permission.ACCESS_NETWORK_STATE")
               E: permission (line=18)
                 A: android:name(0x01010003)="art.substitution.substitution.DYNAMIC_RECEIVER_NOT_EXPORTED_PERMISSION" (Raw: "art.substitution.substitution.DYNAMIC_RECEIVER_NOT_EXPORTED_PERMISSION")
                 A: android:protectionLevel(0x01010009)=(type 0x11)0x2
               E: uses-permission (line=22)
                 A: android:name(0x01010003)="art.substitution.substitution.DYNAMIC_RECEIVER_NOT_EXPORTED_PERMISSION" (Raw: "art.substitution.substitution.DYNAMIC_RECEIVER_NOT_EXPORTED_PERMISSION")
               E: application (line=24)
                 A: android:label(0x01010001)="substitution" (Raw: "substitution")
                 A: android:icon(0x01010002)=@0x7f0c0000
                 A: android:name(0x01010003)="android.app.Application" (Raw: "android.app.Application")
                 A: android:debuggable(0x0101000f)=(type 0x12)0xffffffff
                 A: android:extractNativeLibs(0x010104ea)=(type 0x12)0x0
                 A: android:appComponentFactory(0x0101057a)="androidx.core.app.CoreComponentFactory" (Raw: "androidx.core.app.CoreComponentFactory")
                 E: activity (line=31)
                   A: android:theme(0x01010000)=@0x7f0e00a2
                   A: android:name(0x01010003)="art.substitution.substitution.MainActivity" (Raw: "art.substitution.substitution.MainActivity")
                   A: android:exported(0x01010010)=(type 0x12)0xffffffff
                   A: android:launchMode(0x0101001d)=(type 0x10)0x1
                   A: android:configChanges(0x0101001f)=(type 0x11)0x40003fb4
                   A: android:windowSoftInputMode(0x0101022b)=(type 0x11)0x10
                   A: android:hardwareAccelerated(0x010102d3)=(type 0x12)0xffffffff
                   E: meta-data (line=46)
                     A: android:name(0x01010003)="io.flutter.embedding.android.NormalTheme" (Raw: "io.flutter.embedding.android.NormalTheme")
                     A: android:resource(0x01010025)=@0x7f0e00a3
                   E: intent-filter (line=50)
                     E: action (line=51)
                       A: android:name(0x01010003)="android.intent.action.MAIN" (Raw: "android.intent.action.MAIN")
                     E: category (line=53)
                       A: android:name(0x01010003)="android.intent.category.LAUNCHER" (Raw: "android.intent.category.LAUNCHER")
                   E: intent-filter (line=56)
                     E: action (line=57)
                       A: android:name(0x01010003)="android.intent.action.VIEW" (Raw: "android.intent.action.VIEW")
                     E: category (line=59)
                       A: android:name(0x01010003)="android.intent.category.DEFAULT" (Raw: "android.intent.category.DEFAULT")
                     E: category (line=60)
                       A: android:name(0x01010003)="android.intent.category.BROWSABLE" (Raw: "android.intent.category.BROWSABLE")
                     E: data (line=62)
                       A: android:scheme(0x01010027)="substitution" (Raw: "substitution")
                       A: android:host(0x01010028)="auth" (Raw: "auth")
                       A: android:pathPrefix(0x0101002b)="/login-callback" (Raw: "/login-callback")
                 E: meta-data (line=72)
                   A: android:name(0x01010003)="flutterEmbedding" (Raw: "flutterEmbedding")
                   A: android:value(0x01010024)=(type 0x10)0x2
                 E: activity (line=76)
                   A: android:theme(0x01010000)=@0x01030007
                   A: android:name(0x01010003)="io.flutter.plugins.urllauncher.WebViewActivity" (Raw: "io.flutter.plugins.urllauncher.WebViewActivity")
                   A: android:exported(0x01010010)=(type 0x12)0x0
                 E: uses-library (line=81)
                   A: android:name(0x01010003)="androidx.window.extensions" (Raw: "androidx.window.extensions")
                   A: android:required(0x0101028e)=(type 0x12)0x0
                 E: uses-library (line=84)
                   A: android:name(0x01010003)="androidx.window.sidecar" (Raw: "androidx.window.sidecar")
                   A: android:required(0x0101028e)=(type 0x12)0x0
                 E: provider (line=88)
                   A: android:name(0x01010003)="androidx.startup.InitializationProvider" (Raw: "androidx.startup.InitializationProvider")
                   A: android:exported(0x01010010)=(type 0x12)0x0
                   A: android:authorities(0x01010018)="art.substitution.substitution.androidx-startup" (Raw: "art.substitution.substitution.androidx-startup")
                   E: meta-data (line=92)
                     A: android:name(0x01010003)="androidx.lifecycle.ProcessLifecycleInitializer" (Raw: "androidx.lifecycle.ProcessLifecycleInitializer")
                     A: android:value(0x01010024)="androidx.startup" (Raw: "androidx.startup")
                   E: meta-data (line=95)
                     A: android:name(0x01010003)="androidx.profileinstaller.ProfileInstallerInitializer" (Raw: "androidx.profileinstaller.ProfileInstallerInitializer")
                     A: android:value(0x01010024)="androidx.startup" (Raw: "androidx.startup")
                 E: receiver (line=100)
                   A: android:name(0x01010003)="androidx.profileinstaller.ProfileInstallReceiver" (Raw: "androidx.profileinstaller.ProfileInstallReceiver")
                   A: android:permission(0x01010006)="android.permission.DUMP" (Raw: "android.permission.DUMP")
                   A: android:enabled(0x0101000e)=(type 0x12)0xffffffff
                   A: android:exported(0x01010010)=(type 0x12)0xffffffff
                   A: android:directBootAware(0x01010505)=(type 0x12)0x0
                   E: intent-filter (line=106)
                     E: action (line=107)
                       A: android:name(0x01010003)="androidx.profileinstaller.action.INSTALL_PROFILE" (Raw: "androidx.profileinstaller.action.INSTALL_PROFILE")
                   E: intent-filter (line=109)
                     E: action (line=110)
                       A: android:name(0x01010003)="androidx.profileinstaller.action.SKIP_FILE" (Raw: "androidx.profileinstaller.action.SKIP_FILE")
                   E: intent-filter (line=112)
                     E: action (line=113)
                       A: android:name(0x01010003)="androidx.profileinstaller.action.SAVE_PROFILE" (Raw: "androidx.profileinstaller.action.SAVE_PROFILE")
                   E: intent-filter (line=115)
                     E: action (line=116)
                       A: android:name(0x01010003)="androidx.profileinstaller.action.BENCHMARK_OPERATION" (Raw: "androidx.profileinstaller.action.BENCHMARK_OPERATION")
[        ] Stopping app 'app-debug.apk' on sdk gphone64 arm64.
[        ] executing: /Users/florian/Library/Android/sdk/platform-tools/adb -s emulator-5554 shell am force-stop art.substitution.substitution
16:54 +12 -37: loading /Users/florian/Code/substitution/integration_test/room_discovery_with_matrix_test.dart                                                                                          [  +22 ms] Installing APK.
[        ] Installing build/app/outputs/flutter-apk/app-debug.apk...
[        ] executing: /Users/florian/Library/Android/sdk/platform-tools/adb -s emulator-5554 install -t -r /Users/florian/Code/substitution/build/app/outputs/flutter-apk/app-debug.apk
[ +380 ms] Performing Streamed Install
           Success
[        ] Installing build/app/outputs/flutter-apk/app-debug.apk... (completed in 380ms)
[        ] executing: /Users/florian/Library/Android/sdk/platform-tools/adb -s emulator-5554 shell echo -n 6e36e020bfd84e22ae5ac5a6ef23ac0310062ca5 > /data/local/tmp/sky.art.substitution.substitution.sha1
[  +21 ms] executing: /Users/florian/Library/Android/sdk/platform-tools/adb -s emulator-5554 shell -x logcat -v time -t 1
16:55 +12 -37: loading /Users/florian/Code/substitution/integration_test/room_discovery_with_matrix_test.dart                                                                                          [ +116 ms] --------- beginning of main
           02-17 00:11:46.124 W/HWUI    ( 1098): Failed to choose config with EGL_SWAP_BEHAVIOR_PRESERVED, retrying without...
[   +3 ms] executing: /Users/florian/Library/Android/sdk/platform-tools/adb -s emulator-5554 shell am start -a android.intent.action.MAIN -c android.intent.category.LAUNCHER -f 0x20000000 --ez enable-dart-profiling true --ez enable-checked-mode true --ez verify-entry-points true art.substitution.substitution/art.substitution.substitution.MainActivity
[  +88 ms] Starting: Intent { act=android.intent.action.MAIN cat=[android.intent.category.LAUNCHER] flg=0x20000000 cmp=art.substitution.substitution/.MainActivity (has extras) }
[        ] Waiting for VM Service port to be available...
16:56 +12 -37: loading /Users/florian/Code/substitution/integration_test/room_discovery_with_matrix_test.dart                                                                                          16:57 +12 -37: loading /Users/florian/Code/substitution/integration_test/room_discovery_with_matrix_test.dart                                                                                          [+1882 ms] VM Service URL on device: http://127.0.0.1:41979/txkEme2GXNU=/
[        ] executing: /Users/florian/Library/Android/sdk/platform-tools/adb -s emulator-5554 forward tcp:0 tcp:41979
[  +14 ms] 55725
[        ] Forwarded host port 55725 to device port 41979 for VM Service
[        ] test 17: Starting Dart Development Service
[        ] Launching a Dart Developer Service (DDS) instance at http://127.0.0.1:0, connecting to VM service at http://127.0.0.1:55725/txkEme2GXNU=/.
[ +152 ms] test 17: Dart Development Service started at http://127.0.0.1:55728/S9rFX0fzc6k=/, forwarding to VM service at http://127.0.0.1:55725/txkEme2GXNU=/.
[        ] test 17: Connecting to vm service
[        ] test 17: VM Service uri is available at http://127.0.0.1:55728/S9rFX0fzc6k=/
[   +3 ms] test 17: Finding the correct isolate with the integration test service extension
[ +126 ms] test 17: connected to test device, now awaiting test result
[        ] test 17: Waiting for test harness or tests to finish
16:57 +12 -37: /Users/florian/Code/substitution/integration_test/room_discovery_with_matrix_test.dart: Room Discovery & Subscription with Real Matrix Server User can search for public rooms          16:58 +12 -37: /Users/florian/Code/substitution/integration_test/room_discovery_with_matrix_test.dart: Room Discovery & Subscription with Real Matrix Server User can search for public rooms          16:58 +12 -37: /Users/florian/Code/substitution/integration_test/room_discovery_with_matrix_test.dart: Room Discovery & Subscription with Real Matrix Server User can search for public rooms          
[90m[🌎 Easy Localization] [DEBUG] Localization initialized[0m
[Matrix] [32mInitialize client Substitution[0m
[Matrix] [32mUser is not logged in.[0m
[90m[🌎 Easy Localization] [DEBUG] Start[0m
[90m[🌎 Easy Localization] [DEBUG] Init state[0m
[90m[🌎 Easy Localization] [DEBUG] Build[0m
[90m[🌎 Easy Localization] [DEBUG] Init Localization Delegate[0m
[90m[🌎 Easy Localization] [DEBUG] Init provider[0m
[90m[🌎 Easy Localization] [DEBUG] Load Localization Delegate[0m
[90m[🌎 Easy Localization] [DEBUG] Load asset from assets/translations[0m
[90m[🌎 Easy Localization] [DEBUG] Build[0m
[90m[🌎 Easy Localization] [DEBUG] Init Localization Delegate[0m
[90m[🌎 Easy Localization] [DEBUG] Init provider[0m
══╡ EXCEPTION CAUGHT BY FLUTTER TEST FRAMEWORK ╞════════════════════════════════════════════════════
The following TestFailure was thrown running a test:
Expected: exactly one matching candidate
  Actual: _KeyWidgetFinder:<Found 0 widgets with key [<'loginUsernameInput'>]: []>
   Which: means none were found but one was expected
Username field should be visible on login page

When the exception was thrown, this was the stack:
#4      main.<anonymous closure>.loginUser (file:///Users/florian/Code/substitution/integration_test/room_discovery_with_matrix_test.dart:83:7)
<asynchronous suspension>
#5      main.<anonymous closure>.<anonymous closure> (file:///Users/florian/Code/substitution/integration_test/room_discovery_with_matrix_test.dart:103:9)
<asynchronous suspension>
#6      testWidgets.<anonymous closure>.<anonymous closure> (package:flutter_test/src/widget_tester.dart:192:15)
<asynchronous suspension>
#7      TestWidgetsFlutterBinding._runTestBody (package:flutter_test/src/binding.dart:1059:5)
<asynchronous suspension>
<asynchronous suspension>
(elided one frame from package:stack_trace)

This was caught by the test expectation on the following line:
  file:///Users/florian/Code/substitution/integration_test/room_discovery_with_matrix_test.dart line 83
The test description was:
  User can search for public rooms
════════════════════════════════════════════════════════════════════════════════════════════════════
17:12 +12 -38: /Users/florian/Code/substitution/integration_test/room_discovery_with_matrix_test.dart: Room Discovery & Subscription with Real Matrix Server User can search for public rooms [E]      
  Test failed. See exception logs above.
  The test description was: User can search for public rooms
  

To run this test again: /opt/homebrew/share/flutter/bin/cache/dart-sdk/bin/dart test /Users/florian/Code/substitution/integration_test/room_discovery_with_matrix_test.dart -p vm --plain-name 'Room Discovery & Subscription with Real Matrix Server User can search for public rooms'
17:12 +12 -38: /Users/florian/Code/substitution/integration_test/room_discovery_with_matrix_test.dart: ... with Real Matrix Server Test rooms are discoverable (test_general, test_photos, test_art)   17:12 +12 -38: /Users/florian/Code/substitution/integration_test/room_discovery_with_matrix_test.dart: Room Discovery & Subscription with Real Matrix Server Test rooms are discoverable (test_general, test_photos, test_art)
[90m[🌎 Easy Localization] [DEBUG] Localization initialized[0m
[Matrix] [32mInitialize client Substitution[0m
[Matrix] [32mUser is not logged in.[0m
[90m[🌎 Easy Localization] [DEBUG] Start[0m
17:14 +12 -38: /Users/florian/Code/substitution/integration_test/room_discovery_with_matrix_test.dart: Room Discovery & Subscription with Real Matrix Server User can search for public rooms          
[90m[🌎 Easy Localization] [DEBUG] Init state[0m
[90m[🌎 Easy Localization] [DEBUG] Build[0m
[90m[🌎 Easy Localization] [DEBUG] Init Localization Delegate[0m
[90m[🌎 Easy Localization] [DEBUG] Init provider[0m
[90m[🌎 Easy Localization] [DEBUG] Load Localization Delegate[0m
[90m[🌎 Easy Localization] [DEBUG] Load asset from assets/translations[0m
[90m[🌎 Easy Localization] [DEBUG] Build[0m
[90m[🌎 Easy Localization] [DEBUG] Init Localization Delegate[0m
[90m[🌎 Easy Localization] [DEBUG] Init provider[0m
17:31 +12 -38: /Users/florian/Code/substitution/integration_test/room_discovery_with_matrix_test.dart: Room Discovery & Subscription with Real Matrix Server Test rooms are discoverable (test_general, test_photos, test_art)
══╡ EXCEPTION CAUGHT BY FLUTTER TEST FRAMEWORK ╞════════════════════════════════════════════════════
The following TestFailure was thrown running a test:
Expected: exactly one matching candidate
  Actual: _KeyWidgetFinder:<Found 0 widgets with key [<'loginUsernameInput'>]: []>
   Which: means none were found but one was expected
Username field should be visible on login page

When the exception was thrown, this was the stack:
#4      main.<anonymous closure>.loginUser (file:///Users/florian/Code/substitution/integration_test/room_discovery_with_matrix_test.dart:83:7)
<asynchronous suspension>
#5      main.<anonymous closure>.<anonymous closure> (file:///Users/florian/Code/substitution/integration_test/room_discovery_with_matrix_test.dart:133:9)
<asynchronous suspension>
#6      testWidgets.<anonymous closure>.<anonymous closure> (package:flutter_test/src/widget_tester.dart:192:15)
<asynchronous suspension>
#7      TestWidgetsFlutterBinding._runTestBody (package:flutter_test/src/binding.dart:1059:5)
<asynchronous suspension>
<asynchronous suspension>
(elided one frame from package:stack_trace)

This was caught by the test expectation on the following line:
  file:///Users/florian/Code/substitution/integration_test/room_discovery_with_matrix_test.dart line 83
The test description was:
  Test rooms are discoverable (test_general, test_photos, test_art)
════════════════════════════════════════════════════════════════════════════════════════════════════
17:31 +12 -39: /Users/florian/Code/substitution/integration_test/room_discovery_with_matrix_test.dart: Room Discovery & Subscription with Real Matrix Server Test rooms are discoverable (test_general, test_photos, test_art) [E]
  Test failed. See exception logs above.
  The test description was: Test rooms are discoverable (test_general, test_photos, test_art)
  

To run this test again: /opt/homebrew/share/flutter/bin/cache/dart-sdk/bin/dart test /Users/florian/Code/substitution/integration_test/room_discovery_with_matrix_test.dart -p vm --plain-name 'Room Discovery & Subscription with Real Matrix Server Test rooms are discoverable (test_general, test_photos, test_art)'
17:31 +12 -39: /Users/florian/Code/substitution/integration_test/room_discovery_with_matrix_test.dart: Room Discovery & Subscription with Real Matrix Server User can access room settings or details  17:31 +12 -39: /Users/florian/Code/substitution/integration_test/room_discovery_with_matrix_test.dart: Room Discovery & Subscription with Real Matrix Server User can access room settings or details  
[90m[🌎 Easy Localization] [DEBUG] Localization initialized[0m
[Matrix] [32mInitialize client Substitution[0m
[Matrix] [32mUser is not logged in.[0m
[90m[🌎 Easy Localization] [DEBUG] Start[0m
17:33 +12 -39: /Users/florian/Code/substitution/integration_test/room_discovery_with_matrix_test.dart: Room Discovery & Subscription with Real Matrix Server User can search for public rooms          
[90m[🌎 Easy Localization] [DEBUG] Init state[0m
[90m[🌎 Easy Localization] [DEBUG] Build[0m
[90m[🌎 Easy Localization] [DEBUG] Init Localization Delegate[0m
[90m[🌎 Easy Localization] [DEBUG] Init provider[0m
[90m[🌎 Easy Localization] [DEBUG] Load Localization Delegate[0m
[90m[🌎 Easy Localization] [DEBUG] Load asset from assets/translations[0m
[90m[🌎 Easy Localization] [DEBUG] Build[0m
[90m[🌎 Easy Localization] [DEBUG] Init Localization Delegate[0m
[90m[🌎 Easy Localization] [DEBUG] Init provider[0m
17:50 +12 -39: /Users/florian/Code/substitution/integration_test/room_discovery_with_matrix_test.dart: Room Discovery & Subscription with Real Matrix Server User can access room settings or details  
══╡ EXCEPTION CAUGHT BY FLUTTER TEST FRAMEWORK ╞════════════════════════════════════════════════════
The following TestFailure was thrown running a test:
Expected: exactly one matching candidate
  Actual: _KeyWidgetFinder:<Found 0 widgets with key [<'loginUsernameInput'>]: []>
   Which: means none were found but one was expected
Username field should be visible on login page

When the exception was thrown, this was the stack:
#4      main.<anonymous closure>.loginUser (file:///Users/florian/Code/substitution/integration_test/room_discovery_with_matrix_test.dart:83:7)
<asynchronous suspension>
#5      main.<anonymous closure>.<anonymous closure> (file:///Users/florian/Code/substitution/integration_test/room_discovery_with_matrix_test.dart:156:9)
<asynchronous suspension>
#6      testWidgets.<anonymous closure>.<anonymous closure> (package:flutter_test/src/widget_tester.dart:192:15)
<asynchronous suspension>
#7      TestWidgetsFlutterBinding._runTestBody (package:flutter_test/src/binding.dart:1059:5)
<asynchronous suspension>
<asynchronous suspension>
(elided one frame from package:stack_trace)

This was caught by the test expectation on the following line:
  file:///Users/florian/Code/substitution/integration_test/room_discovery_with_matrix_test.dart line 83
The test description was:
  User can access room settings or details
════════════════════════════════════════════════════════════════════════════════════════════════════
17:50 +12 -40: /Users/florian/Code/substitution/integration_test/room_discovery_with_matrix_test.dart: Room Discovery & Subscription with Real Matrix Server User can access room settings or details [E]
  Test failed. See exception logs above.
  The test description was: User can access room settings or details
  

To run this test again: /opt/homebrew/share/flutter/bin/cache/dart-sdk/bin/dart test /Users/florian/Code/substitution/integration_test/room_discovery_with_matrix_test.dart -p vm --plain-name 'Room Discovery & Subscription with Real Matrix Server User can access room settings or details'
17:50 +12 -40: /Users/florian/Code/substitution/integration_test/room_discovery_with_matrix_test.dart: Room Discovery & Subscription with Real Matrix Server Multiple test users can see the same rooms17:50 +12 -40: /Users/florian/Code/substitution/integration_test/room_discovery_with_matrix_test.dart: Room Discovery & Subscription with Real Matrix Server Multiple test users can see the same rooms
[90m[🌎 Easy Localization] [DEBUG] Localization initialized[0m
[Matrix] [32mInitialize client Substitution[0m
[Matrix] [32mUser is not logged in.[0m
[90m[🌎 Easy Localization] [DEBUG] Start[0m
17:52 +12 -40: /Users/florian/Code/substitution/integration_test/room_discovery_with_matrix_test.dart: Room Discovery & Subscription with Real Matrix Server User can search for public rooms          
[90m[🌎 Easy Localization] [DEBUG] Init state[0m
[90m[🌎 Easy Localization] [DEBUG] Build[0m
[90m[🌎 Easy Localization] [DEBUG] Init Localization Delegate[0m
[90m[🌎 Easy Localization] [DEBUG] Init provider[0m
[90m[🌎 Easy Localization] [DEBUG] Load Localization Delegate[0m
[90m[🌎 Easy Localization] [DEBUG] Load asset from assets/translations[0m
[90m[🌎 Easy Localization] [DEBUG] Build[0m
[90m[🌎 Easy Localization] [DEBUG] Init Localization Delegate[0m
[90m[🌎 Easy Localization] [DEBUG] Init provider[0m
17:56 +12 -40: /Users/florian/Code/substitution/integration_test/room_discovery_with_matrix_test.dart: Room Discovery & Subscription with Real Matrix Server Multiple test users can see the same rooms
══╡ EXCEPTION CAUGHT BY FLUTTER TEST FRAMEWORK ╞════════════════════════════════════════════════════
The following StateError was thrown running a test:
Bad state: No element

When the exception was thrown, this was the stack:
#0      Iterable.first (dart:core/iterable.dart:663:7)
#1      _FirstFinderMixin.filter (package:flutter_test/src/finders.dart:1332:28)
#3      ExpandIterator.moveNext (dart:_internal/iterable.dart:506:21)
#4      SetBase.addAll (dart:collection/set.dart:58:23)
#5      _Set.addAll (dart:_compact_hash:1190:11)
#6      new LinkedHashSet.of (dart:collection/linked_hash_set.dart:193:27)
#7      Iterable.toSet (dart:core/iterable.dart:532:21)
#8      _DescendantFinderMixin.allCandidates (package:flutter_test/src/finders.dart:1731:10)
#9      FinderBase.evaluate (package:flutter_test/src/finders.dart:979:76)
#10     WidgetController.state (package:flutter_test/src/controller.dart:912:31)
#11     WidgetTester.showKeyboard.<anonymous closure> (package:flutter_test/src/widget_tester.dart:1125:42)
#14     TestAsyncUtils.guard (package:flutter_test/src/test_async_utils.dart:74:41)
#15     WidgetTester.showKeyboard (package:flutter_test/src/widget_tester.dart:1124:27)
#16     WidgetTester.enterText.<anonymous closure> (package:flutter_test/src/widget_tester.dart:1160:13)
#19     TestAsyncUtils.guard (package:flutter_test/src/test_async_utils.dart:74:41)
#20     WidgetTester.enterText (package:flutter_test/src/widget_tester.dart:1159:27)
#21     main.<anonymous closure>.<anonymous closure> (file:///Users/florian/Code/substitution/integration_test/room_discovery_with_matrix_test.dart:184:22)
<asynchronous suspension>
#22     testWidgets.<anonymous closure>.<anonymous closure> (package:flutter_test/src/widget_tester.dart:192:15)
<asynchronous suspension>
#23     TestWidgetsFlutterBinding._runTestBody (package:flutter_test/src/binding.dart:1059:5)
<asynchronous suspension>
<asynchronous suspension>
(elided 6 frames from dart:async, dart:async-patch, and package:stack_trace)

The test description was:
  Multiple test users can see the same rooms
════════════════════════════════════════════════════════════════════════════════════════════════════
17:56 +12 -41: /Users/florian/Code/substitution/integration_test/room_discovery_with_matrix_test.dart: Room Discovery & Subscription with Real Matrix Server Multiple test users can see the same rooms [E]
  Test failed. See exception logs above.
  The test description was: Multiple test users can see the same rooms
  

To run this test again: /opt/homebrew/share/flutter/bin/cache/dart-sdk/bin/dart test /Users/florian/Code/substitution/integration_test/room_discovery_with_matrix_test.dart -p vm --plain-name 'Room Discovery & Subscription with Real Matrix Server Multiple test users can see the same rooms'
17:56 +12 -41: /Users/florian/Code/substitution/integration_test/room_discovery_with_matrix_test.dart: (tearDownAll)                                                                                   [+59121 ms] test 17: Test harness is no longer needed by test process
[        ] test 17: finished
[        ] test 17: cleaning up...
[        ] test 17: ensuring test device is terminated.
[        ] executing: /Users/florian/Library/Android/sdk/platform-tools/adb -s emulator-5554 shell am force-stop art.substitution.substitution
[        ] test 17: Test process is no longer needed by test harness
[  +51 ms] executing: /Users/florian/Library/Android/sdk/platform-tools/adb -s emulator-5554 uninstall art.substitution.substitution
[ +198 ms] Success
[        ] test 17: deleting temporary directory
[        ] test 17: finished
17:56 +12 -41: loading /Users/florian/Code/substitution/integration_test/room_permissions_test.dart                                                                                                    [        ] test 18: starting test /Users/florian/Code/substitution/integration_test/room_permissions_test.dart
[        ] Stopping scan for flutter_test_config.dart; found project root at /Users/florian/Code/substitution
[        ] test 18: starting test device
[        ] test 18: awaiting connection to test device
[        ] executing: /Users/florian/Library/Android/sdk/build-tools/36.1.0/aapt dump xmltree /Users/florian/Code/substitution/build/app/outputs/flutter-apk/app-debug.apk AndroidManifest.xml
[  +10 ms] Exit code 0 from: /Users/florian/Library/Android/sdk/build-tools/36.1.0/aapt dump xmltree /Users/florian/Code/substitution/build/app/outputs/flutter-apk/app-debug.apk AndroidManifest.xml
[        ] N: android=http://schemas.android.com/apk/res/android
             E: manifest (line=2)
               A: android:versionCode(0x0101021b)=(type 0x10)0x7
               A: android:versionName(0x0101021c)="1.0.0" (Raw: "1.0.0")
               A: android:compileSdkVersion(0x01010572)=(type 0x10)0x24
               A: android:compileSdkVersionCodename(0x01010573)="16" (Raw: "16")
               A: package="art.substitution.substitution" (Raw: "art.substitution.substitution")
               A: platformBuildVersionCode=(type 0x10)0x24
               A: platformBuildVersionName=(type 0x10)0x10
               E: uses-sdk (line=7)
                 A: android:minSdkVersion(0x0101020c)=(type 0x10)0x18
                 A: android:targetSdkVersion(0x01010270)=(type 0x10)0x22
               E: uses-permission (line=15)
                 A: android:name(0x01010003)="android.permission.INTERNET" (Raw: "android.permission.INTERNET")
               E: uses-permission (line=16)
                 A: android:name(0x01010003)="android.permission.ACCESS_NETWORK_STATE" (Raw: "android.permission.ACCESS_NETWORK_STATE")
               E: permission (line=18)
                 A: android:name(0x01010003)="art.substitution.substitution.DYNAMIC_RECEIVER_NOT_EXPORTED_PERMISSION" (Raw: "art.substitution.substitution.DYNAMIC_RECEIVER_NOT_EXPORTED_PERMISSION")
                 A: android:protectionLevel(0x01010009)=(type 0x11)0x2
               E: uses-permission (line=22)
                 A: android:name(0x01010003)="art.substitution.substitution.DYNAMIC_RECEIVER_NOT_EXPORTED_PERMISSION" (Raw: "art.substitution.substitution.DYNAMIC_RECEIVER_NOT_EXPORTED_PERMISSION")
               E: application (line=24)
                 A: android:label(0x01010001)="substitution" (Raw: "substitution")
                 A: android:icon(0x01010002)=@0x7f0c0000
                 A: android:name(0x01010003)="android.app.Application" (Raw: "android.app.Application")
                 A: android:debuggable(0x0101000f)=(type 0x12)0xffffffff
                 A: android:extractNativeLibs(0x010104ea)=(type 0x12)0x0
                 A: android:appComponentFactory(0x0101057a)="androidx.core.app.CoreComponentFactory" (Raw: "androidx.core.app.CoreComponentFactory")
                 E: activity (line=31)
                   A: android:theme(0x01010000)=@0x7f0e00a2
                   A: android:name(0x01010003)="art.substitution.substitution.MainActivity" (Raw: "art.substitution.substitution.MainActivity")
                   A: android:exported(0x01010010)=(type 0x12)0xffffffff
                   A: android:launchMode(0x0101001d)=(type 0x10)0x1
                   A: android:configChanges(0x0101001f)=(type 0x11)0x40003fb4
                   A: android:windowSoftInputMode(0x0101022b)=(type 0x11)0x10
                   A: android:hardwareAccelerated(0x010102d3)=(type 0x12)0xffffffff
                   E: meta-data (line=46)
                     A: android:name(0x01010003)="io.flutter.embedding.android.NormalTheme" (Raw: "io.flutter.embedding.android.NormalTheme")
                     A: android:resource(0x01010025)=@0x7f0e00a3
                   E: intent-filter (line=50)
                     E: action (line=51)
                       A: android:name(0x01010003)="android.intent.action.MAIN" (Raw: "android.intent.action.MAIN")
                     E: category (line=53)
                       A: android:name(0x01010003)="android.intent.category.LAUNCHER" (Raw: "android.intent.category.LAUNCHER")
                   E: intent-filter (line=56)
                     E: action (line=57)
                       A: android:name(0x01010003)="android.intent.action.VIEW" (Raw: "android.intent.action.VIEW")
                     E: category (line=59)
                       A: android:name(0x01010003)="android.intent.category.DEFAULT" (Raw: "android.intent.category.DEFAULT")
                     E: category (line=60)
                       A: android:name(0x01010003)="android.intent.category.BROWSABLE" (Raw: "android.intent.category.BROWSABLE")
                     E: data (line=62)
                       A: android:scheme(0x01010027)="substitution" (Raw: "substitution")
                       A: android:host(0x01010028)="auth" (Raw: "auth")
                       A: android:pathPrefix(0x0101002b)="/login-callback" (Raw: "/login-callback")
                 E: meta-data (line=72)
                   A: android:name(0x01010003)="flutterEmbedding" (Raw: "flutterEmbedding")
                   A: android:value(0x01010024)=(type 0x10)0x2
                 E: activity (line=76)
                   A: android:theme(0x01010000)=@0x01030007
                   A: android:name(0x01010003)="io.flutter.plugins.urllauncher.WebViewActivity" (Raw: "io.flutter.plugins.urllauncher.WebViewActivity")
                   A: android:exported(0x01010010)=(type 0x12)0x0
                 E: uses-library (line=81)
                   A: android:name(0x01010003)="androidx.window.extensions" (Raw: "androidx.window.extensions")
                   A: android:required(0x0101028e)=(type 0x12)0x0
                 E: uses-library (line=84)
                   A: android:name(0x01010003)="androidx.window.sidecar" (Raw: "androidx.window.sidecar")
                   A: android:required(0x0101028e)=(type 0x12)0x0
                 E: provider (line=88)
                   A: android:name(0x01010003)="androidx.startup.InitializationProvider" (Raw: "androidx.startup.InitializationProvider")
                   A: android:exported(0x01010010)=(type 0x12)0x0
                   A: android:authorities(0x01010018)="art.substitution.substitution.androidx-startup" (Raw: "art.substitution.substitution.androidx-startup")
                   E: meta-data (line=92)
                     A: android:name(0x01010003)="androidx.lifecycle.ProcessLifecycleInitializer" (Raw: "androidx.lifecycle.ProcessLifecycleInitializer")
                     A: android:value(0x01010024)="androidx.startup" (Raw: "androidx.startup")
                   E: meta-data (line=95)
                     A: android:name(0x01010003)="androidx.profileinstaller.ProfileInstallerInitializer" (Raw: "androidx.profileinstaller.ProfileInstallerInitializer")
                     A: android:value(0x01010024)="androidx.startup" (Raw: "androidx.startup")
                 E: receiver (line=100)
                   A: android:name(0x01010003)="androidx.profileinstaller.ProfileInstallReceiver" (Raw: "androidx.profileinstaller.ProfileInstallReceiver")
                   A: android:permission(0x01010006)="android.permission.DUMP" (Raw: "android.permission.DUMP")
                   A: android:enabled(0x0101000e)=(type 0x12)0xffffffff
                   A: android:exported(0x01010010)=(type 0x12)0xffffffff
                   A: android:directBootAware(0x01010505)=(type 0x12)0x0
                   E: intent-filter (line=106)
                     E: action (line=107)
                       A: android:name(0x01010003)="androidx.profileinstaller.action.INSTALL_PROFILE" (Raw: "androidx.profileinstaller.action.INSTALL_PROFILE")
                   E: intent-filter (line=109)
                     E: action (line=110)
                       A: android:name(0x01010003)="androidx.profileinstaller.action.SKIP_FILE" (Raw: "androidx.profileinstaller.action.SKIP_FILE")
                   E: intent-filter (line=112)
                     E: action (line=113)
                       A: android:name(0x01010003)="androidx.profileinstaller.action.SAVE_PROFILE" (Raw: "androidx.profileinstaller.action.SAVE_PROFILE")
                   E: intent-filter (line=115)
                     E: action (line=116)
                       A: android:name(0x01010003)="androidx.profileinstaller.action.BENCHMARK_OPERATION" (Raw: "androidx.profileinstaller.action.BENCHMARK_OPERATION")
[        ] Building APK
[        ] Version of Java is different than impacted version, no migration attempted.
[        ] CMake project not found, skipping support Android 15 16k page size migration.
[        ] Using gradle from /Users/florian/Code/substitution/android/gradlew.
[   +5 ms] LocalFile: '/Users/florian/Code/substitution/android/build.gradle' provides AGP version from classpath: 8.6.0
[   +6 ms] Running Gradle task 'assembleDebug'...
[        ] executing: [/Users/florian/Code/substitution/android/] /Users/florian/Code/substitution/android/gradlew --full-stacktrace --info -Pverbose=true -PskipDependencyChecks=true -Ptarget-platform=android-arm64 -Ptarget=/var/folders/l_/w8pnbb9d38n57pzg9j98fmy80000gn/T/flutter_tools.wuOse9/flutter_test_listener.oeA0Dl/listener.dart -Pbase-application-name=android.app.Application -Pdart-defines=TUFUUklYX1NFUlZFUj1odHRwOi8vbG9jYWxob3N0OjgwMDg=,TUFUUklYX1RFU1RfVVNFUj0=,TUFUUklYX1RFU1RfUEFTU1dPUkQ9,RkxVVFRFUl9WRVJTSU9OPTMuMzguOQ==,RkxVVFRFUl9DSEFOTkVMPXN0YWJsZQ==,RkxVVFRFUl9HSVRfVVJMPWh0dHBzOi8vZ2l0aHViLmNvbS9mbHV0dGVyL2ZsdXR0ZXIuZ2l0,RkxVVFRFUl9GUkFNRVdPUktfUkVWSVNJT049NjczMjNkZTI4NQ==,RkxVVFRFUl9FTkdJTkVfUkVWSVNJT049NTg3YzE4Zjg3Mw==,RkxVVFRFUl9EQVJUX1ZFUlNJT049My4xMC44,SU5URUdSQVRJT05fVEVTVF9TSE9VTERfUkVQT1JUX1JFU1VMVFNfVE9fTkFUSVZFPWZhbHNl -Pdart-obfuscation=false -Ptrack-widget-creation=true -Ptree-shake-icons=false assembleDebug
[ +292 ms] Initialized native services in: /Users/florian/.gradle/native
[        ] Initialized jansi services in: /Users/florian/.gradle/native
17:57 +12 -41: loading /Users/florian/Code/substitution/integration_test/room_permissions_test.dart                                                                                                    [ +209 ms] The client will now receive all logging from the daemon (pid: 43439). The daemon log file: /Users/florian/.gradle/daemon/8.12.1/daemon-43439.out.log
[        ] Starting 111th build in daemon [uptime: 2 hrs 15 mins 46.33 secs, performance: 100%, GC rate: 0.00/s, heap usage: 0% of 4 GiB]
[        ] Using 32 worker leases.
[        ] Now considering [/Users/florian/Code/substitution/android, /opt/homebrew/share/flutter/packages/flutter_tools/gradle] as hierarchies to watch
[        ] Watching the file system is configured to be enabled if available
[        ] File system watching is active
[        ] Starting Build
[        ] Now considering [/opt/homebrew/share/flutter/packages/flutter_tools/gradle, /Users/florian/Code/substitution/android] as hierarchies to watch
[        ] > Configure project :gradle
[        ] Evaluating project ':gradle' using build file '/opt/homebrew/share/flutter/packages/flutter_tools/gradle/build.gradle.kts'.
[        ] Resolved plugin [id: 'org.gradle.java-gradle-plugin']
[        ] Resolved plugin [id: 'org.gradle.groovy']
[        ] Resolved plugin [id: 'org.gradle.kotlin.kotlin-dsl', version: '5.1.2']
[        ] Resolved plugin [id: 'org.jetbrains.kotlin.jvm', version: '1.9.20']
[        ] Using Kotlin Gradle Plugin gradle85 variant
[        ] kotlin scripting plugin: created the scripting discovery configuration: kotlinScriptDef
[        ] kotlin scripting plugin: created the scripting discovery configuration: testKotlinScriptDef
[        ] file or directory '/opt/homebrew/share/flutter/packages/flutter_tools/gradle/src/main/java', not found
[        ] Resolved plugin [id: 'dev.flutter.flutter-plugin-loader', version: '1.0.0']
[        ] Resolved plugin [id: 'com.android.application', version: '8.9.1', apply: false]
[        ] Resolved plugin [id: 'org.jetbrains.kotlin.android', version: '2.1.0', apply: false]
[        ] Resolve mutations for :gradle:checkKotlinGradlePluginConfigurationErrors (Thread[#44443,Execution worker,5,main]) started.
[        ] :gradle:checkKotlinGradlePluginConfigurationErrors (Thread[#44443,Execution worker,5,main]) started.
[        ] > Task :gradle:checkKotlinGradlePluginConfigurationErrors SKIPPED
[        ] Skipping task ':gradle:checkKotlinGradlePluginConfigurationErrors' as task onlyIf 'errorDiagnostics are present' is false.
[        ] Resolve mutations for :gradle:compileKotlin (Thread[#44443,Execution worker,5,main]) started.
[        ] :gradle:compileKotlin (Thread[#44443,Execution worker,5,main]) started.
[        ] > Task :gradle:compileKotlin UP-TO-DATE
[        ] Caching disabled for task ':gradle:compileKotlin' because:
[        ]   Build cache is disabled
[        ] Skipping task ':gradle:compileKotlin' as it is up-to-date.
[        ] Resolve mutations for :gradle:compileJava (Thread[#44443,Execution worker,5,main]) started.
[        ] :gradle:compileJava (Thread[#44443,Execution worker,5,main]) started.
[        ] > Task :gradle:compileJava NO-SOURCE
[        ] Skipping task ':gradle:compileJava' as it has no source files and no previous output files.
[        ] Resolve mutations for :gradle:compileGroovy (Thread[#44468,Execution worker Thread 25,5,main]) started.
[        ] :gradle:compileGroovy (Thread[#44468,Execution worker Thread 25,5,main]) started.
[        ] > Task :gradle:compileGroovy NO-SOURCE
[        ] Skipping task ':gradle:compileGroovy' as it has no source files and no previous output files.
[        ] Resolve mutations for :gradle:pluginDescriptors (Thread[#44468,Execution worker Thread 25,5,main]) started.
[        ] :gradle:pluginDescriptors (Thread[#44468,Execution worker Thread 25,5,main]) started.
[        ] > Task :gradle:pluginDescriptors UP-TO-DATE
[        ] Caching disabled for task ':gradle:pluginDescriptors' because:
[        ]   Build cache is disabled
[        ]   Not worth caching
[        ] Skipping task ':gradle:pluginDescriptors' as it is up-to-date.
[        ] Resolve mutations for :gradle:processResources (Thread[#44474,Execution worker Thread 31,5,main]) started.
[        ] :gradle:processResources (Thread[#44474,Execution worker Thread 31,5,main]) started.
[        ] > Task :gradle:processResources UP-TO-DATE
[        ] Caching disabled for task ':gradle:processResources' because:
[        ]   Build cache is disabled
[        ]   Not worth caching
[        ] Skipping task ':gradle:processResources' as it is up-to-date.
[        ] Resolve mutations for :gradle:classes (Thread[#44474,Execution worker Thread 31,5,main]) started.
[        ] :gradle:classes (Thread[#44474,Execution worker Thread 31,5,main]) started.
[        ] > Task :gradle:classes UP-TO-DATE
[        ] Skipping task ':gradle:classes' as it has no actions.
[        ] Resolve mutations for :gradle:jar (Thread[#44474,Execution worker Thread 31,5,main]) started.
[        ] :gradle:jar (Thread[#44474,Execution worker Thread 31,5,main]) started.
[        ] > Task :gradle:jar UP-TO-DATE
[        ] Caching disabled for task ':gradle:jar' because:
[        ]   Build cache is disabled
[        ]   Not worth caching
[        ] Skipping task ':gradle:jar' as it is up-to-date.
[        ] Settings evaluated using settings file '/Users/florian/Code/substitution/android/settings.gradle'.
[  +99 ms] Projects loaded. Root project using build file '/Users/florian/Code/substitution/android/build.gradle'.
[        ] Included projects: [root project 'android', project ':app', project ':connectivity_plus', project ':emoji_picker_flutter', project ':file_selector_android', project ':flutter_keyboard_visibility_temp_fork', project ':flutter_native_splash', project ':flutter_olm', project ':flutter_openssl_crypto', project ':integration_test', project ':path_provider_android', project ':quill_native_bridge_android', project ':shared_preferences_android', project ':sqflite_android', project ':url_launcher_android', project ':video_player_android']
[        ] > Configure project :app
[        ] Evaluating project ':app' using build file '/Users/florian/Code/substitution/android/app/build.gradle'.
[        ] Resolved plugin [id: 'com.android.application']
[        ] Resolved plugin [id: 'kotlin-android']
[        ] Resolved plugin [id: 'dev.flutter.flutter-gradle-plugin']
[        ] Using default execution profile
[        ] Using Kotlin Gradle Plugin gradle85 variant
[        ] C/C++: android.ndkVersion from module build.gradle is [28.2.13676358]
[        ] C/C++: android.ndkPath from module build.gradle is not set
[        ] C/C++: ndk.dir in local.properties is not set
[        ] C/C++: Not considering ANDROID_NDK_HOME because support was removed after deprecation period.
[        ] C/C++: sdkFolder is /Users/florian/Library/Android/sdk
[        ] C/C++: android.ndkVersion from module build.gradle is [28.2.13676358]
[        ] C/C++: android.ndkPath from module build.gradle is not set
[        ] C/C++: ndk.dir in local.properties is not set
[        ] C/C++: Not considering ANDROID_NDK_HOME because support was removed after deprecation period.
[        ] C/C++: sdkFolder is /Users/florian/Library/Android/sdk
[        ] C/C++: android.ndkVersion from module build.gradle is [28.2.13676358]
[        ] C/C++: android.ndkPath from module build.gradle is not set
[        ] C/C++: ndk.dir in local.properties is not set
[        ] C/C++: Not considering ANDROID_NDK_HOME because support was removed after deprecation period.
[        ] C/C++: sdkFolder is /Users/florian/Library/Android/sdk
[        ] C/C++: android.ndkVersion from module build.gradle is [28.2.13676358]
[        ] C/C++: android.ndkPath from module build.gradle is not set
[        ] C/C++: ndk.dir in local.properties is not set
[        ] C/C++: Not considering ANDROID_NDK_HOME because support was removed after deprecation period.
[        ] C/C++: sdkFolder is /Users/florian/Library/Android/sdk
[        ] C/C++: android.ndkVersion from module build.gradle is [28.2.13676358]
[        ] C/C++: android.ndkPath from module build.gradle is not set
[        ] C/C++: ndk.dir in local.properties is not set
[        ] C/C++: Not considering ANDROID_NDK_HOME because support was removed after deprecation period.
[        ] C/C++: sdkFolder is /Users/florian/Library/Android/sdk
[        ] C/C++: android.ndkVersion from module build.gradle is [28.2.13676358]
[        ] C/C++: android.ndkPath from module build.gradle is not set
[        ] C/C++: ndk.dir in local.properties is not set
[        ] C/C++: Not considering ANDROID_NDK_HOME because support was removed after deprecation period.
[        ] C/C++: sdkFolder is /Users/florian/Library/Android/sdk
[        ] C/C++: android.ndkVersion from module build.gradle is [28.2.13676358]
[        ] C/C++: android.ndkPath from module build.gradle is not set
[        ] C/C++: ndk.dir in local.properties is not set
[        ] C/C++: Not considering ANDROID_NDK_HOME because support was removed after deprecation period.
[        ] C/C++: sdkFolder is /Users/florian/Library/Android/sdk
[        ] C/C++: android.ndkVersion from module build.gradle is [28.2.13676358]
[        ] C/C++: android.ndkPath from module build.gradle is not set
[        ] C/C++: ndk.dir in local.properties is not set
[        ] C/C++: Not considering ANDROID_NDK_HOME because support was removed after deprecation period.
[        ] C/C++: sdkFolder is /Users/florian/Library/Android/sdk
[        ] C/C++: android.ndkVersion from module build.gradle is [28.2.13676358]
[        ] C/C++: android.ndkPath from module build.gradle is not set
[        ] C/C++: ndk.dir in local.properties is not set
[        ] C/C++: Not considering ANDROID_NDK_HOME because support was removed after deprecation period.
[        ] C/C++: sdkFolder is /Users/florian/Library/Android/sdk
[        ] C/C++: android.ndkVersion from module build.gradle is [28.2.13676358]
[        ] C/C++: android.ndkPath from module build.gradle is not set
[        ] C/C++: ndk.dir in local.properties is not set
[        ] C/C++: Not considering ANDROID_NDK_HOME because support was removed after deprecation period.
[        ] C/C++: sdkFolder is /Users/florian/Library/Android/sdk
[        ] C/C++: android.ndkVersion from module build.gradle is [28.2.13676358]
[        ] C/C++: android.ndkPath from module build.gradle is not set
[        ] C/C++: ndk.dir in local.properties is not set
[        ] C/C++: Not considering ANDROID_NDK_HOME because support was removed after deprecation period.
[        ] C/C++: sdkFolder is /Users/florian/Library/Android/sdk
[        ] C/C++: android.ndkVersion from module build.gradle is [28.2.13676358]
[        ] C/C++: android.ndkPath from module build.gradle is not set
[        ] C/C++: ndk.dir in local.properties is not set
[        ] C/C++: Not considering ANDROID_NDK_HOME because support was removed after deprecation period.
[        ] C/C++: sdkFolder is /Users/florian/Library/Android/sdk
[        ] C/C++: android.ndkVersion from module build.gradle is [28.2.13676358]
[        ] C/C++: android.ndkPath from module build.gradle is not set
[        ] C/C++: ndk.dir in local.properties is not set
[        ] C/C++: Not considering ANDROID_NDK_HOME because support was removed after deprecation period.
[        ] C/C++: sdkFolder is /Users/florian/Library/Android/sdk
[        ] C/C++: android.ndkVersion from module build.gradle is [28.2.13676358]
[        ] C/C++: android.ndkPath from module build.gradle is not set
[        ] C/C++: ndk.dir in local.properties is not set
[        ] C/C++: Not considering ANDROID_NDK_HOME because support was removed after deprecation period.
[        ] C/C++: sdkFolder is /Users/florian/Library/Android/sdk
[        ] C/C++: android.ndkVersion from module build.gradle is [28.2.13676358]
[        ] C/C++: android.ndkPath from module build.gradle is not set
[        ] C/C++: ndk.dir in local.properties is not set
[        ] C/C++: Not considering ANDROID_NDK_HOME because support was removed after deprecation period.
[        ] C/C++: sdkFolder is /Users/florian/Library/Android/sdk
[        ] C/C++: android.ndkVersion from module build.gradle is [28.2.13676358]
[        ] C/C++: android.ndkPath from module build.gradle is not set
[        ] C/C++: ndk.dir in local.properties is not set
[        ] C/C++: Not considering ANDROID_NDK_HOME because support was removed after deprecation period.
[        ] C/C++: sdkFolder is /Users/florian/Library/Android/sdk
[        ] C/C++: android.ndkVersion from module build.gradle is [28.2.13676358]
[        ] C/C++: android.ndkPath from module build.gradle is not set
[        ] C/C++: ndk.dir in local.properties is not set
[        ] C/C++: Not considering ANDROID_NDK_HOME because support was removed after deprecation period.
[        ] C/C++: sdkFolder is /Users/florian/Library/Android/sdk
[        ] C/C++: android.ndkVersion from module build.gradle is [28.2.13676358]
[        ] C/C++: android.ndkPath from module build.gradle is not set
[        ] C/C++: ndk.dir in local.properties is not set
[        ] C/C++: Not considering ANDROID_NDK_HOME because support was removed after deprecation period.
[        ] C/C++: sdkFolder is /Users/florian/Library/Android/sdk
[        ] C/C++: android.ndkVersion from module build.gradle is [28.2.13676358]
[        ] C/C++: android.ndkPath from module build.gradle is not set
[        ] C/C++: ndk.dir in local.properties is not set
[        ] C/C++: Not considering ANDROID_NDK_HOME because support was removed after deprecation period.
[        ] C/C++: sdkFolder is /Users/florian/Library/Android/sdk
[        ] > Configure project :
[        ] Evaluating root project 'android' using build file '/Users/florian/Code/substitution/android/build.gradle'.
[        ] > Configure project :connectivity_plus
[        ] Evaluating project ':connectivity_plus' using build file '/Users/florian/.pub-cache/hosted/pub.dev/connectivity_plus-5.0.2/android/build.gradle'.
[        ] Using default execution profile
[        ] > Configure project :emoji_picker_flutter
[        ] Evaluating project ':emoji_picker_flutter' using build file '/Users/florian/.pub-cache/hosted/pub.dev/emoji_picker_flutter-4.4.0/android/build.gradle'.
[        ] Using default execution profile
[        ] Using Kotlin Gradle Plugin gradle85 variant
[  +97 ms] > Configure project :file_selector_android
[        ] Evaluating project ':file_selector_android' using build file '/Users/florian/.pub-cache/hosted/pub.dev/file_selector_android-0.5.2+4/android/build.gradle'.
[        ] Using default execution profile
[        ] > Configure project :flutter_keyboard_visibility_temp_fork
[        ] Evaluating project ':flutter_keyboard_visibility_temp_fork' using build file '/Users/florian/.pub-cache/hosted/pub.dev/flutter_keyboard_visibility_temp_fork-0.1.5/android/build.gradle'.
[        ] Using default execution profile
[        ] > Configure project :flutter_native_splash
[        ] Evaluating project ':flutter_native_splash' using build file '/Users/florian/.pub-cache/hosted/pub.dev/flutter_native_splash-2.4.7/android/build.gradle'.
[        ] Using default execution profile
[        ] > Configure project :flutter_olm
[        ] Evaluating project ':flutter_olm' using build file '/Users/florian/.pub-cache/hosted/pub.dev/flutter_olm-2.0.0/android/build.gradle'.
[        ] Using default execution profile
[        ] Using Kotlin Gradle Plugin gradle85 variant
[        ] C/C++: android.ndkVersion from module build.gradle is [27.0.12077973]
[        ] C/C++: android.ndkPath from module build.gradle is not set
[        ] C/C++: ndk.dir in local.properties is not set
[        ] C/C++: Not considering ANDROID_NDK_HOME because support was removed after deprecation period.
[        ] C/C++: sdkFolder is /Users/florian/Library/Android/sdk
[        ] C/C++: android.ndkVersion from module build.gradle is [27.0.12077973]
[        ] C/C++: android.ndkPath from module build.gradle is not set
[        ] C/C++: ndk.dir in local.properties is not set
[        ] C/C++: Not considering ANDROID_NDK_HOME because support was removed after deprecation period.
[        ] C/C++: sdkFolder is /Users/florian/Library/Android/sdk
[        ] C/C++: android.ndkVersion from module build.gradle is [27.0.12077973]
[        ] C/C++: android.ndkPath from module build.gradle is not set
[        ] C/C++: ndk.dir in local.properties is not set
[        ] C/C++: Not considering ANDROID_NDK_HOME because support was removed after deprecation period.
[        ] C/C++: sdkFolder is /Users/florian/Library/Android/sdk
[        ] C/C++: android.ndkVersion from module build.gradle is [27.0.12077973]
[        ] C/C++: android.ndkPath from module build.gradle is not set
[        ] C/C++: ndk.dir in local.properties is not set
[        ] C/C++: Not considering ANDROID_NDK_HOME because support was removed after deprecation period.
[        ] C/C++: sdkFolder is /Users/florian/Library/Android/sdk
[        ] C/C++: android.ndkVersion from module build.gradle is [27.0.12077973]
[        ] C/C++: android.ndkPath from module build.gradle is not set
[        ] C/C++: ndk.dir in local.properties is not set
[        ] C/C++: Not considering ANDROID_NDK_HOME because support was removed after deprecation period.
[        ] C/C++: sdkFolder is /Users/florian/Library/Android/sdk
[        ] C/C++: android.ndkVersion from module build.gradle is [27.0.12077973]
[        ] C/C++: android.ndkPath from module build.gradle is not set
[        ] C/C++: ndk.dir in local.properties is not set
[        ] C/C++: Not considering ANDROID_NDK_HOME because support was removed after deprecation period.
[        ] C/C++: sdkFolder is /Users/florian/Library/Android/sdk
[        ] C/C++: android.ndkVersion from module build.gradle is [27.0.12077973]
[        ] C/C++: android.ndkPath from module build.gradle is not set
[        ] C/C++: ndk.dir in local.properties is not set
[        ] C/C++: Not considering ANDROID_NDK_HOME because support was removed after deprecation period.
[        ] C/C++: sdkFolder is /Users/florian/Library/Android/sdk
[        ] C/C++: android.ndkVersion from module build.gradle is [27.0.12077973]
[        ] C/C++: android.ndkPath from module build.gradle is not set
[        ] C/C++: ndk.dir in local.properties is not set
[        ] C/C++: Not considering ANDROID_NDK_HOME because support was removed after deprecation period.
[        ] C/C++: sdkFolder is /Users/florian/Library/Android/sdk
[        ] C/C++: android.ndkVersion from module build.gradle is [27.0.12077973]
[        ] C/C++: android.ndkPath from module build.gradle is not set
[        ] C/C++: ndk.dir in local.properties is not set
[        ] C/C++: Not considering ANDROID_NDK_HOME because support was removed after deprecation period.
[        ] C/C++: sdkFolder is /Users/florian/Library/Android/sdk
[        ] C/C++: android.ndkVersion from module build.gradle is [27.0.12077973]
[        ] C/C++: android.ndkPath from module build.gradle is not set
[        ] C/C++: ndk.dir in local.properties is not set
[        ] C/C++: Not considering ANDROID_NDK_HOME because support was removed after deprecation period.
[        ] C/C++: sdkFolder is /Users/florian/Library/Android/sdk
[        ] C/C++: android.ndkVersion from module build.gradle is [27.0.12077973]
[        ] C/C++: android.ndkPath from module build.gradle is not set
[        ] C/C++: ndk.dir in local.properties is not set
[        ] C/C++: Not considering ANDROID_NDK_HOME because support was removed after deprecation period.
[        ] C/C++: sdkFolder is /Users/florian/Library/Android/sdk
[        ] C/C++: android.ndkVersion from module build.gradle is [27.0.12077973]
[        ] C/C++: android.ndkPath from module build.gradle is not set
[        ] C/C++: ndk.dir in local.properties is not set
[        ] C/C++: Not considering ANDROID_NDK_HOME because support was removed after deprecation period.
[        ] C/C++: sdkFolder is /Users/florian/Library/Android/sdk
[        ] C/C++: android.ndkVersion from module build.gradle is [27.0.12077973]
[        ] C/C++: android.ndkPath from module build.gradle is not set
[        ] C/C++: ndk.dir in local.properties is not set
[        ] C/C++: Not considering ANDROID_NDK_HOME because support was removed after deprecation period.
[        ] C/C++: sdkFolder is /Users/florian/Library/Android/sdk
[        ] C/C++: android.ndkVersion from module build.gradle is [27.0.12077973]
[        ] C/C++: android.ndkPath from module build.gradle is not set
[        ] C/C++: ndk.dir in local.properties is not set
[        ] C/C++: Not considering ANDROID_NDK_HOME because support was removed after deprecation period.
[        ] C/C++: sdkFolder is /Users/florian/Library/Android/sdk
[        ] C/C++: android.ndkVersion from module build.gradle is [27.0.12077973]
[        ] C/C++: android.ndkPath from module build.gradle is not set
[        ] C/C++: ndk.dir in local.properties is not set
[        ] C/C++: Not considering ANDROID_NDK_HOME because support was removed after deprecation period.
[        ] C/C++: sdkFolder is /Users/florian/Library/Android/sdk
[        ] C/C++: android.ndkVersion from module build.gradle is [27.0.12077973]
[        ] C/C++: android.ndkPath from module build.gradle is not set
[        ] C/C++: ndk.dir in local.properties is not set
[        ] C/C++: Not considering ANDROID_NDK_HOME because support was removed after deprecation period.
[        ] C/C++: sdkFolder is /Users/florian/Library/Android/sdk
[        ] C/C++: android.ndkVersion from module build.gradle is [27.0.12077973]
[        ] C/C++: android.ndkPath from module build.gradle is not set
[        ] C/C++: ndk.dir in local.properties is not set
[        ] C/C++: Not considering ANDROID_NDK_HOME because support was removed after deprecation period.
[        ] C/C++: sdkFolder is /Users/florian/Library/Android/sdk
[        ] C/C++: android.ndkVersion from module build.gradle is [27.0.12077973]
[        ] C/C++: android.ndkPath from module build.gradle is not set
[        ] C/C++: ndk.dir in local.properties is not set
[        ] C/C++: Not considering ANDROID_NDK_HOME because support was removed after deprecation period.
[        ] C/C++: sdkFolder is /Users/florian/Library/Android/sdk
[        ] C/C++: android.ndkVersion from module build.gradle is [27.0.12077973]
[        ] C/C++: android.ndkPath from module build.gradle is not set
[        ] C/C++: ndk.dir in local.properties is not set
[        ] C/C++: Not considering ANDROID_NDK_HOME because support was removed after deprecation period.
[        ] C/C++: sdkFolder is /Users/florian/Library/Android/sdk
[        ] > Configure project :flutter_openssl_crypto
[        ] Evaluating project ':flutter_openssl_crypto' using build file '/Users/florian/.pub-cache/hosted/pub.dev/flutter_openssl_crypto-0.5.0/android/build.gradle'.
[        ] Using default execution profile
[        ] Using Kotlin Gradle Plugin gradle85 variant
[        ] C/C++: android.ndkVersion from module build.gradle is [27.0.12077973]
[        ] C/C++: android.ndkPath from module build.gradle is not set
[        ] C/C++: ndk.dir in local.properties is not set
[        ] C/C++: Not considering ANDROID_NDK_HOME because support was removed after deprecation period.
[        ] C/C++: sdkFolder is /Users/florian/Library/Android/sdk
[        ] C/C++: android.ndkVersion from module build.gradle is [27.0.12077973]
[        ] C/C++: android.ndkPath from module build.gradle is not set
[        ] C/C++: ndk.dir in local.properties is not set
[        ] C/C++: Not considering ANDROID_NDK_HOME because support was removed after deprecation period.
[        ] C/C++: sdkFolder is /Users/florian/Library/Android/sdk
[        ] C/C++: android.ndkVersion from module build.gradle is [27.0.12077973]
[        ] C/C++: android.ndkPath from module build.gradle is not set
[        ] C/C++: ndk.dir in local.properties is not set
[        ] C/C++: Not considering ANDROID_NDK_HOME because support was removed after deprecation period.
[        ] C/C++: sdkFolder is /Users/florian/Library/Android/sdk
[        ] C/C++: android.ndkVersion from module build.gradle is [27.0.12077973]
[        ] C/C++: android.ndkPath from module build.gradle is not set
[        ] C/C++: ndk.dir in local.properties is not set
[        ] C/C++: Not considering ANDROID_NDK_HOME because support was removed after deprecation period.
[        ] C/C++: sdkFolder is /Users/florian/Library/Android/sdk
[        ] C/C++: android.ndkVersion from module build.gradle is [27.0.12077973]
[        ] C/C++: android.ndkPath from module build.gradle is not set
[        ] C/C++: ndk.dir in local.properties is not set
[        ] C/C++: Not considering ANDROID_NDK_HOME because support was removed after deprecation period.
[        ] C/C++: sdkFolder is /Users/florian/Library/Android/sdk
[        ] C/C++: android.ndkVersion from module build.gradle is [27.0.12077973]
[        ] C/C++: android.ndkPath from module build.gradle is not set
[        ] C/C++: ndk.dir in local.properties is not set
[        ] C/C++: Not considering ANDROID_NDK_HOME because support was removed after deprecation period.
[        ] C/C++: sdkFolder is /Users/florian/Library/Android/sdk
[        ] C/C++: android.ndkVersion from module build.gradle is [27.0.12077973]
[        ] C/C++: android.ndkPath from module build.gradle is not set
[        ] C/C++: ndk.dir in local.properties is not set
[        ] C/C++: Not considering ANDROID_NDK_HOME because support was removed after deprecation period.
[        ] C/C++: sdkFolder is /Users/florian/Library/Android/sdk
[        ] C/C++: android.ndkVersion from module build.gradle is [27.0.12077973]
[        ] C/C++: android.ndkPath from module build.gradle is not set
[        ] C/C++: ndk.dir in local.properties is not set
[        ] C/C++: Not considering ANDROID_NDK_HOME because support was removed after deprecation period.
[        ] C/C++: sdkFolder is /Users/florian/Library/Android/sdk
[        ] C/C++: android.ndkVersion from module build.gradle is [27.0.12077973]
[        ] C/C++: android.ndkPath from module build.gradle is not set
[        ] C/C++: ndk.dir in local.properties is not set
[        ] C/C++: Not considering ANDROID_NDK_HOME because support was removed after deprecation period.
[        ] C/C++: sdkFolder is /Users/florian/Library/Android/sdk
[        ] C/C++: android.ndkVersion from module build.gradle is [27.0.12077973]
[        ] C/C++: android.ndkPath from module build.gradle is not set
[        ] C/C++: ndk.dir in local.properties is not set
[        ] C/C++: Not considering ANDROID_NDK_HOME because support was removed after deprecation period.
[        ] C/C++: sdkFolder is /Users/florian/Library/Android/sdk
[        ] C/C++: android.ndkVersion from module build.gradle is [27.0.12077973]
[        ] C/C++: android.ndkPath from module build.gradle is not set
[        ] C/C++: ndk.dir in local.properties is not set
[        ] C/C++: Not considering ANDROID_NDK_HOME because support was removed after deprecation period.
[        ] C/C++: sdkFolder is /Users/florian/Library/Android/sdk
[        ] C/C++: android.ndkVersion from module build.gradle is [27.0.12077973]
[        ] C/C++: android.ndkPath from module build.gradle is not set
[        ] C/C++: ndk.dir in local.properties is not set
[        ] C/C++: Not considering ANDROID_NDK_HOME because support was removed after deprecation period.
[        ] C/C++: sdkFolder is /Users/florian/Library/Android/sdk
[        ] C/C++: android.ndkVersion from module build.gradle is [27.0.12077973]
[        ] C/C++: android.ndkPath from module build.gradle is not set
[        ] C/C++: ndk.dir in local.properties is not set
[        ] C/C++: Not considering ANDROID_NDK_HOME because support was removed after deprecation period.
[        ] C/C++: sdkFolder is /Users/florian/Library/Android/sdk
[        ] C/C++: android.ndkVersion from module build.gradle is [27.0.12077973]
[        ] C/C++: android.ndkPath from module build.gradle is not set
[        ] C/C++: ndk.dir in local.properties is not set
[        ] C/C++: Not considering ANDROID_NDK_HOME because support was removed after deprecation period.
[        ] C/C++: sdkFolder is /Users/florian/Library/Android/sdk
[        ] C/C++: android.ndkVersion from module build.gradle is [27.0.12077973]
[        ] C/C++: android.ndkPath from module build.gradle is not set
[        ] C/C++: ndk.dir in local.properties is not set
[        ] C/C++: Not considering ANDROID_NDK_HOME because support was removed after deprecation period.
[        ] C/C++: sdkFolder is /Users/florian/Library/Android/sdk
[        ] C/C++: android.ndkVersion from module build.gradle is [27.0.12077973]
[        ] C/C++: android.ndkPath from module build.gradle is not set
[        ] C/C++: ndk.dir in local.properties is not set
[        ] C/C++: Not considering ANDROID_NDK_HOME because support was removed after deprecation period.
[        ] C/C++: sdkFolder is /Users/florian/Library/Android/sdk
[        ] C/C++: android.ndkVersion from module build.gradle is [27.0.12077973]
[        ] C/C++: android.ndkPath from module build.gradle is not set
[        ] C/C++: ndk.dir in local.properties is not set
[        ] C/C++: Not considering ANDROID_NDK_HOME because support was removed after deprecation period.
[        ] C/C++: sdkFolder is /Users/florian/Library/Android/sdk
[        ] C/C++: android.ndkVersion from module build.gradle is [27.0.12077973]
[        ] C/C++: android.ndkPath from module build.gradle is not set
[        ] C/C++: ndk.dir in local.properties is not set
[        ] C/C++: Not considering ANDROID_NDK_HOME because support was removed after deprecation period.
[        ] C/C++: sdkFolder is /Users/florian/Library/Android/sdk
[        ] C/C++: android.ndkVersion from module build.gradle is [27.0.12077973]
[        ] C/C++: android.ndkPath from module build.gradle is not set
[        ] C/C++: ndk.dir in local.properties is not set
[        ] C/C++: Not considering ANDROID_NDK_HOME because support was removed after deprecation period.
[        ] C/C++: sdkFolder is /Users/florian/Library/Android/sdk
[  +98 ms] > Configure project :integration_test
[        ] Evaluating project ':integration_test' using build file '/opt/homebrew/share/flutter/packages/integration_test/android/build.gradle.kts'.
[        ] Resolved plugin [id: 'com.android.library']
[        ] Using default execution profile
[        ] > Configure project :path_provider_android
[        ] Evaluating project ':path_provider_android' using build file '/Users/florian/.pub-cache/hosted/pub.dev/path_provider_android-2.2.22/android/build.gradle'.
[        ] Using default execution profile
[        ] > Configure project :quill_native_bridge_android
[        ] Evaluating project ':quill_native_bridge_android' using build file '/Users/florian/.pub-cache/hosted/pub.dev/quill_native_bridge_android-0.0.1+2/android/build.gradle'.
[        ] Using default execution profile
[        ] Using Kotlin Gradle Plugin gradle85 variant
[        ] > Configure project :shared_preferences_android
[        ] Evaluating project ':shared_preferences_android' using build file '/Users/florian/.pub-cache/hosted/pub.dev/shared_preferences_android-2.4.20/android/build.gradle'.
[        ] Using default execution profile
[        ] Using Kotlin Gradle Plugin gradle85 variant
[        ] > Configure project :sqflite_android
[        ] Evaluating project ':sqflite_android' using build file '/Users/florian/.pub-cache/hosted/pub.dev/sqflite_android-2.4.2+2/android/build.gradle'.
[        ] Using default execution profile
[        ] > Configure project :url_launcher_android
[        ] Evaluating project ':url_launcher_android' using build file '/Users/florian/.pub-cache/hosted/pub.dev/url_launcher_android-6.3.28/android/build.gradle'.
[        ] Using default execution profile
[  +99 ms] > Configure project :video_player_android
[        ] Evaluating project ':video_player_android' using build file '/Users/florian/.pub-cache/hosted/pub.dev/video_player_android-2.9.1/android/build.gradle'.
[        ] Using default execution profile
[        ] Using Kotlin Gradle Plugin gradle85 variant
[        ] All projects evaluated.
[        ] Task name matched 'assembleDebug'
[        ] Selected primary task 'assembleDebug' from project :
[        ] Adding -Xuse-inline-scopes-numbers Kotlin compiler flag for task :app:compileDebugKotlin
[   +2 ms] Tasks to be executed: [task ':app:preBuild', task ':app:preDebugBuild', task ':app:mergeDebugNativeDebugMetadata', task ':app:checkKotlinGradlePluginConfigurationErrors', task ':app:compileFlutterBuildDebug', task ':app:packJniLibsflutterBuildDebug', task ':connectivity_plus:preBuild', task ':connectivity_plus:preDebugBuild', task ':connectivity_plus:writeDebugAarMetadata', task ':emoji_picker_flutter:preBuild', task ':emoji_picker_flutter:preDebugBuild', task ':emoji_picker_flutter:writeDebugAarMetadata', task ':file_selector_android:preBuild', task ':file_selector_android:preDebugBuild', task ':file_selector_android:writeDebugAarMetadata', task ':flutter_keyboard_visibility_temp_fork:preBuild', task ':flutter_keyboard_visibility_temp_fork:preDebugBuild', task ':flutter_keyboard_visibility_temp_fork:writeDebugAarMetadata', task ':flutter_native_splash:preBuild', task ':flutter_native_splash:preDebugBuild', task ':flutter_native_splash:writeDebugAarMetadata', task ':flutter_olm:preBuild', task ':flutter_olm:preDebugBuild', task ':flutter_olm:writeDebugAarMetadata', task ':flutter_openssl_crypto:preBuild', task ':flutter_openssl_crypto:preDebugBuild', task ':flutter_openssl_crypto:writeDebugAarMetadata', task ':integration_test:preBuild', task ':integration_test:preDebugBuild', task ':integration_test:writeDebugAarMetadata', task ':path_provider_android:preBuild', task ':path_provider_android:preDebugBuild', task ':path_provider_android:writeDebugAarMetadata', task ':quill_native_bridge_android:preBuild', task ':quill_native_bridge_android:preDebugBuild', task ':quill_native_bridge_android:writeDebugAarMetadata', task ':shared_preferences_android:preBuild', task ':shared_preferences_android:preDebugBuild', task ':shared_preferences_android:writeDebugAarMetadata', task ':sqflite_android:preBuild', task ':sqflite_android:preDebugBuild', task ':sqflite_android:writeDebugAarMetadata', task ':url_launcher_android:preBuild', task ':url_launcher_android:preDebugBuild', task ':url_launcher_android:writeDebugAarMetadata', task ':video_player_android:preBuild', task ':video_player_android:preDebugBuild', task ':video_player_android:writeDebugAarMetadata', task ':app:checkDebugAarMetadata', task ':app:cleanMergeDebugAssets', task ':app:mergeDebugShaders', task ':app:compileDebugShaders', task ':app:generateDebugAssets', task ':connectivity_plus:mergeDebugShaders', task ':connectivity_plus:compileDebugShaders', task ':connectivity_plus:generateDebugAssets', task ':connectivity_plus:mergeDebugAssets', task ':emoji_picker_flutter:mergeDebugShaders', task ':emoji_picker_flutter:compileDebugShaders', task ':emoji_picker_flutter:generateDebugAssets', task ':emoji_picker_flutter:mergeDebugAssets', task ':file_selector_android:mergeDebugShaders', task ':file_selector_android:compileDebugShaders', task ':file_selector_android:generateDebugAssets', task ':file_selector_android:mergeDebugAssets', task ':flutter_keyboard_visibility_temp_fork:mergeDebugShaders', task ':flutter_keyboard_visibility_temp_fork:compileDebugShaders', task ':flutter_keyboard_visibility_temp_fork:generateDebugAssets', task ':flutter_keyboard_visibility_temp_fork:mergeDebugAssets', task ':flutter_native_splash:mergeDebugShaders', task ':flutter_native_splash:compileDebugShaders', task ':flutter_native_splash:generateDebugAssets', task ':flutter_native_splash:mergeDebugAssets', task ':flutter_olm:mergeDebugShaders', task ':flutter_olm:compileDebugShaders', task ':flutter_olm:generateDebugAssets', task ':flutter_olm:mergeDebugAssets', task ':flutter_openssl_crypto:mergeDebugShaders', task ':flutter_openssl_crypto:compileDebugShaders', task ':flutter_openssl_crypto:generateDebugAssets', task ':flutter_openssl_crypto:mergeDebugAssets', task ':integration_test:mergeDebugShaders', task ':integration_test:compileDebugShaders', task ':integration_test:generateDebugAssets', task ':integration_test:mergeDebugAssets', task ':path_provider_android:mergeDebugShaders', task ':path_provider_android:compileDebugShaders', task ':path_provider_android:generateDebugAssets', task ':path_provider_android:mergeDebugAssets', task ':quill_native_bridge_android:mergeDebugShaders', task ':quill_native_bridge_android:compileDebugShaders', task ':quill_native_bridge_android:generateDebugAssets', task ':quill_native_bridge_android:mergeDebugAssets', task ':shared_preferences_android:mergeDebugShaders', task ':shared_preferences_android:compileDebugShaders', task ':shared_preferences_android:generateDebugAssets', task ':shared_preferences_android:mergeDebugAssets', task ':sqflite_android:mergeDebugShaders', task ':sqflite_android:compileDebugShaders', task ':sqflite_android:generateDebugAssets', task ':sqflite_android:mergeDebugAssets', task ':url_launcher_android:mergeDebugShaders', task ':url_launcher_android:compileDebugShaders', task ':url_launcher_android:generateDebugAssets', task ':url_launcher_android:mergeDebugAssets', task ':video_player_android:mergeDebugShaders', task ':video_player_android:compileDebugShaders', task ':video_player_android:generateDebugAssets', task ':video_player_android:mergeDebugAssets', task ':app:mergeDebugAssets', task ':app:copyFlutterAssetsDebug', task ':app:generateDebugResValues', task ':connectivity_plus:generateDebugResValues', task ':connectivity_plus:generateDebugResources', task ':connectivity_plus:packageDebugResources', task ':emoji_picker_flutter:generateDebugResValues', task ':emoji_picker_flutter:generateDebugResources', task ':emoji_picker_flutter:packageDebugResources', task ':file_selector_android:generateDebugResValues', task ':file_selector_android:generateDebugResources', task ':file_selector_android:packageDebugResources', task ':flutter_keyboard_visibility_temp_fork:generateDebugResValues', task ':flutter_keyboard_visibility_temp_fork:generateDebugResources', task ':flutter_keyboard_visibility_temp_fork:packageDebugResources', task ':flutter_native_splash:generateDebugResValues', task ':flutter_native_splash:generateDebugResources', task ':flutter_native_splash:packageDebugResources', task ':flutter_olm:generateDebugResValues', task ':flutter_olm:generateDebugResources', task ':flutter_olm:packageDebugResources', task ':flutter_openssl_crypto:generateDebugResValues', task ':flutter_openssl_crypto:generateDebugResources', task ':flutter_openssl_crypto:packageDebugResources', task ':integration_test:generateDebugResValues', task ':integration_test:generateDebugResources', task ':integration_test:packageDebugResources', task ':path_provider_android:generateDebugResValues', task ':path_provider_android:generateDebugResources', task ':path_provider_android:packageDebugResources', task ':quill_native_bridge_android:generateDebugResValues', task ':quill_native_bridge_android:generateDebugResources', task ':quill_native_bridge_android:packageDebugResources', task ':shared_preferences_android:generateDebugResValues', task ':shared_preferences_android:generateDebugResources', task ':shared_preferences_android:packageDebugResources', task ':sqflite_android:generateDebugResValues', task ':sqflite_android:generateDebugResources', task ':sqflite_android:packageDebugResources', task ':url_launcher_android:generateDebugResValues', task ':url_launcher_android:generateDebugResources', task ':url_launcher_android:packageDebugResources', task ':video_player_android:generateDebugResValues', task ':video_player_android:generateDebugResources', task ':video_player_android:packageDebugResources', task ':app:mapDebugSourceSetPaths', task ':app:generateDebugResources', task ':app:mergeDebugResources', task ':app:packageDebugResources', task ':app:parseDebugLocalResources', task ':app:createDebugCompatibleScreenManifests', task ':app:extractDeepLinksDebug', task ':connectivity_plus:extractDeepLinksDebug', task ':connectivity_plus:processDebugManifest', task ':emoji_picker_flutter:extractDeepLinksDebug', task ':emoji_picker_flutter:processDebugManifest', task ':file_selector_android:extractDeepLinksDebug', task ':file_selector_android:processDebugManifest', task ':flutter_keyboard_visibility_temp_fork:extractDeepLinksDebug', task ':flutter_keyboard_visibility_temp_fork:processDebugManifest', task ':flutter_native_splash:extractDeepLinksDebug', task ':flutter_native_splash:processDebugManifest', task ':flutter_olm:extractDeepLinksDebug', task ':flutter_olm:processDebugManifest', task ':flutter_openssl_crypto:extractDeepLinksDebug', task ':flutter_openssl_crypto:processDebugManifest', task ':integration_test:extractDeepLinksDebug', task ':integration_test:processDebugManifest', task ':path_provider_android:extractDeepLinksDebug', task ':path_provider_android:processDebugManifest', task ':quill_native_bridge_android:extractDeepLinksDebug', task ':quill_native_bridge_android:processDebugManifest', task ':shared_preferences_android:extractDeepLinksDebug', task ':shared_preferences_android:processDebugManifest', task ':sqflite_android:extractDeepLinksDebug', task ':sqflite_android:processDebugManifest', task ':url_launcher_android:extractDeepLinksDebug', task ':url_launcher_android:processDebugManifest', task ':video_player_android:extractDeepLinksDebug', task ':video_player_android:processDebugManifest', task ':app:processDebugMainManifest', task ':app:outputDebugAppLinkSettings', task ':app:processDebugManifest', task ':app:processDebugManifestForPackage', task ':connectivity_plus:compileDebugLibraryResources', task ':connectivity_plus:parseDebugLocalResources', task ':connectivity_plus:generateDebugRFile', task ':emoji_picker_flutter:compileDebugLibraryResources', task ':emoji_picker_flutter:parseDebugLocalResources', task ':emoji_picker_flutter:generateDebugRFile', task ':file_selector_android:compileDebugLibraryResources', task ':file_selector_android:parseDebugLocalResources', task ':file_selector_android:generateDebugRFile', task ':flutter_keyboard_visibility_temp_fork:compileDebugLibraryResources', task ':flutter_keyboard_visibility_temp_fork:parseDebugLocalResources', task ':flutter_keyboard_visibility_temp_fork:generateDebugRFile', task ':flutter_native_splash:compileDebugLibraryResources', task ':flutter_native_splash:parseDebugLocalResources', task ':flutter_native_splash:generateDebugRFile', task ':flutter_olm:compileDebugLibraryResources', task ':flutter_olm:parseDebugLocalResources', task ':flutter_olm:generateDebugRFile', task ':flutter_openssl_crypto:compileDebugLibraryResources', task ':flutter_openssl_crypto:parseDebugLocalResources', task ':flutter_openssl_crypto:generateDebugRFile', task ':integration_test:compileDebugLibraryResources', task ':integration_test:parseDebugLocalResources', task ':integration_test:generateDebugRFile', task ':path_provider_android:compileDebugLibraryResources', task ':path_provider_android:parseDebugLocalResources', task ':path_provider_android:generateDebugRFile', task ':quill_native_bridge_android:compileDebugLibraryResources', task ':quill_native_bridge_android:parseDebugLocalResources', task ':quill_native_bridge_android:generateDebugRFile', task ':shared_preferences_android:compileDebugLibraryResources', task ':shared_preferences_android:parseDebugLocalResources', task ':shared_preferences_android:generateDebugRFile', task ':sqflite_android:compileDebugLibraryResources', task ':sqflite_android:parseDebugLocalResources', task ':sqflite_android:generateDebugRFile', task ':url_launcher_android:compileDebugLibraryResources', task ':url_launcher_android:parseDebugLocalResources', task ':url_launcher_android:generateDebugRFile', task ':video_player_android:compileDebugLibraryResources', task ':video_player_android:parseDebugLocalResources', task ':video_player_android:generateDebugRFile', task ':app:processDebugResources', task ':connectivity_plus:javaPreCompileDebug', task ':connectivity_plus:compileDebugJavaWithJavac', task ':connectivity_plus:bundleLibCompileToJarDebug', task ':emoji_picker_flutter:checkKotlinGradlePluginConfigurationErrors', task ':emoji_picker_flutter:compileDebugKotlin', task ':emoji_picker_flutter:javaPreCompileDebug', task ':emoji_picker_flutter:compileDebugJavaWithJavac', task ':emoji_picker_flutter:bundleLibCompileToJarDebug', task ':file_selector_android:javaPreCompileDebug', task ':file_selector_android:compileDebugJavaWithJavac', task ':file_selector_android:bundleLibCompileToJarDebug', task ':flutter_keyboard_visibility_temp_fork:javaPreCompileDebug', task ':flutter_keyboard_visibility_temp_fork:compileDebugJavaWithJavac', task ':flutter_keyboard_visibility_temp_fork:bundleLibCompileToJarDebug', task ':flutter_native_splash:javaPreCompileDebug', task ':flutter_native_splash:compileDebugJavaWithJavac', task ':flutter_native_splash:bundleLibCompileToJarDebug', task ':flutter_olm:checkKotlinGradlePluginConfigurationErrors', task ':flutter_olm:compileDebugKotlin', task ':flutter_olm:javaPreCompileDebug', task ':flutter_olm:compileDebugJavaWithJavac', task ':flutter_olm:bundleLibCompileToJarDebug', task ':flutter_openssl_crypto:checkKotlinGradlePluginConfigurationErrors', task ':flutter_openssl_crypto:compileDebugKotlin', task ':flutter_openssl_crypto:javaPreCompileDebug', task ':flutter_openssl_crypto:compileDebugJavaWithJavac', task ':flutter_openssl_crypto:bundleLibCompileToJarDebug', task ':integration_test:javaPreCompileDebug', task ':integration_test:compileDebugJavaWithJavac', task ':integration_test:bundleLibCompileToJarDebug', task ':path_provider_android:javaPreCompileDebug', task ':path_provider_android:compileDebugJavaWithJavac', task ':path_provider_android:bundleLibCompileToJarDebug', task ':quill_native_bridge_android:checkKotlinGradlePluginConfigurationErrors', task ':quill_native_bridge_android:compileDebugKotlin', task ':quill_native_bridge_android:javaPreCompileDebug', task ':quill_native_bridge_android:compileDebugJavaWithJavac', task ':quill_native_bridge_android:bundleLibCompileToJarDebug', task ':shared_preferences_android:checkKotlinGradlePluginConfigurationErrors', task ':shared_preferences_android:compileDebugKotlin', task ':shared_preferences_android:javaPreCompileDebug', task ':shared_preferences_android:compileDebugJavaWithJavac', task ':shared_preferences_android:bundleLibCompileToJarDebug', task ':sqflite_android:javaPreCompileDebug', task ':sqflite_android:compileDebugJavaWithJavac', task ':sqflite_android:bundleLibCompileToJarDebug', task ':url_launcher_android:generateDebugBuildConfig', task ':url_launcher_android:javaPreCompileDebug', task ':url_launcher_android:compileDebugJavaWithJavac', task ':url_launcher_android:bundleLibCompileToJarDebug', task ':video_player_android:checkKotlinGradlePluginConfigurationErrors', task ':video_player_android:compileDebugKotlin', task ':video_player_android:javaPreCompileDebug', task ':video_player_android:compileDebugJavaWithJavac', task ':video_player_android:bundleLibCompileToJarDebug', task ':app:compileDebugKotlin', task ':app:javaPreCompileDebug', task ':app:compileDebugJavaWithJavac', task ':app:compressDebugAssets', task ':app:processDebugJavaRes', task ':connectivity_plus:processDebugJavaRes', task ':emoji_picker_flutter:processDebugJavaRes', task ':file_selector_android:processDebugJavaRes', task ':flutter_keyboard_visibility_temp_fork:processDebugJavaRes', task ':flutter_native_splash:processDebugJavaRes', task ':flutter_olm:processDebugJavaRes', task ':flutter_openssl_crypto:processDebugJavaRes', task ':integration_test:processDebugJavaRes', task ':path_provider_android:processDebugJavaRes', task ':quill_native_bridge_android:processDebugJavaRes', task ':shared_preferences_android:processDebugJavaRes', task ':sqflite_android:processDebugJavaRes', task ':url_launcher_android:processDebugJavaRes', task ':video_player_android:processDebugJavaRes', task ':app:mergeDebugJavaResource', task ':app:checkDebugDuplicateClasses', task ':app:desugarDebugFileDependencies', task ':app:mergeExtDexDebug', task ':connectivity_plus:bundleLibRuntimeToDirDebug', task ':emoji_picker_flutter:bundleLibRuntimeToDirDebug', task ':file_selector_android:bundleLibRuntimeToDirDebug', task ':flutter_keyboard_visibility_temp_fork:bundleLibRuntimeToDirDebug', task ':flutter_native_splash:bundleLibRuntimeToDirDebug', task ':flutter_olm:bundleLibRuntimeToDirDebug', task ':flutter_openssl_crypto:bundleLibRuntimeToDirDebug', task ':integration_test:bundleLibRuntimeToDirDebug', task ':path_provider_android:bundleLibRuntimeToDirDebug', task ':quill_native_bridge_android:bundleLibRuntimeToDirDebug', task ':shared_preferences_android:bundleLibRuntimeToDirDebug', task ':sqflite_android:bundleLibRuntimeToDirDebug', task ':url_launcher_android:bundleLibRuntimeToDirDebug', task ':video_player_android:bundleLibRuntimeToDirDebug', task ':app:mergeLibDexDebug', task ':app:dexBuilderDebug', task ':app:mergeProjectDexDebug', task ':app:configureCMakeDebug[arm64-v8a]', task ':app:buildCMakeDebug[arm64-v8a]', task ':app:configureCMakeDebug[armeabi-v7a]', task ':app:buildCMakeDebug[armeabi-v7a]', task ':app:configureCMakeDebug[x86_64]', task ':app:buildCMakeDebug[x86_64]', task ':app:mergeDebugJniLibFolders', task ':connectivity_plus:mergeDebugJniLibFolders', task ':connectivity_plus:mergeDebugNativeLibs', task ':connectivity_plus:copyDebugJniLibsProjectOnly', task ':emoji_picker_flutter:mergeDebugJniLibFolders', task ':emoji_picker_flutter:mergeDebugNativeLibs', task ':emoji_picker_flutter:copyDebugJniLibsProjectOnly', task ':file_selector_android:mergeDebugJniLibFolders', task ':file_selector_android:mergeDebugNativeLibs', task ':file_selector_android:copyDebugJniLibsProjectOnly', task ':flutter_keyboard_visibility_temp_fork:mergeDebugJniLibFolders', task ':flutter_keyboard_visibility_temp_fork:mergeDebugNativeLibs', task ':flutter_keyboard_visibility_temp_fork:copyDebugJniLibsProjectOnly', task ':flutter_native_splash:mergeDebugJniLibFolders', task ':flutter_native_splash:mergeDebugNativeLibs', task ':flutter_native_splash:copyDebugJniLibsProjectOnly', task ':flutter_olm:preProfileBuild', task ':flutter_olm:configureCMakeDebug[arm64-v8a]', task ':flutter_olm:buildCMakeDebug[arm64-v8a]', task ':flutter_olm:configureCMakeDebug[armeabi-v7a]', task ':flutter_olm:buildCMakeDebug[armeabi-v7a]', task ':flutter_olm:configureCMakeDebug[x86]', task ':flutter_olm:buildCMakeDebug[x86]', task ':flutter_olm:configureCMakeDebug[x86_64]', task ':flutter_olm:buildCMakeDebug[x86_64]', task ':flutter_olm:mergeDebugJniLibFolders', task ':flutter_olm:mergeDebugNativeLibs', task ':flutter_olm:copyDebugJniLibsProjectOnly', task ':flutter_openssl_crypto:preProfileBuild', task ':flutter_openssl_crypto:configureCMakeDebug[arm64-v8a]', task ':flutter_openssl_crypto:buildCMakeDebug[arm64-v8a]', task ':flutter_openssl_crypto:configureCMakeDebug[armeabi-v7a]', task ':flutter_openssl_crypto:buildCMakeDebug[armeabi-v7a]', task ':flutter_openssl_crypto:configureCMakeDebug[x86]', task ':flutter_openssl_crypto:buildCMakeDebug[x86]', task ':flutter_openssl_crypto:configureCMakeDebug[x86_64]', task ':flutter_openssl_crypto:buildCMakeDebug[x86_64]', task ':flutter_openssl_crypto:mergeDebugJniLibFolders', task ':flutter_openssl_crypto:mergeDebugNativeLibs', task ':flutter_openssl_crypto:copyDebugJniLibsProjectOnly', task ':integration_test:mergeDebugJniLibFolders', task ':integration_test:mergeDebugNativeLibs', task ':integration_test:copyDebugJniLibsProjectOnly', task ':path_provider_android:mergeDebugJniLibFolders', task ':path_provider_android:mergeDebugNativeLibs', task ':path_provider_android:copyDebugJniLibsProjectOnly', task ':quill_native_bridge_android:mergeDebugJniLibFolders', task ':quill_native_bridge_android:mergeDebugNativeLibs', task ':quill_native_bridge_android:copyDebugJniLibsProjectOnly', task ':shared_preferences_android:mergeDebugJniLibFolders', task ':shared_preferences_android:mergeDebugNativeLibs', task ':shared_preferences_android:copyDebugJniLibsProjectOnly', task ':sqflite_android:mergeDebugJniLibFolders', task ':sqflite_android:mergeDebugNativeLibs', task ':sqflite_android:copyDebugJniLibsProjectOnly', task ':url_launcher_android:mergeDebugJniLibFolders', task ':url_launcher_android:mergeDebugNativeLibs', task ':url_launcher_android:copyDebugJniLibsProjectOnly', task ':video_player_android:mergeDebugJniLibFolders', task ':video_player_android:mergeDebugNativeLibs', task ':video_player_android:copyDebugJniLibsProjectOnly', task ':app:mergeDebugNativeLibs', task ':app:stripDebugDebugSymbols', task ':app:validateSigningDebug', task ':app:writeDebugAppMetadata', task ':app:writeDebugSigningConfigVersions', task ':app:packageDebug', task ':app:createDebugApkListingFileRedirect', task ':app:assembleDebug', task ':connectivity_plus:stripDebugDebugSymbols', task ':connectivity_plus:copyDebugJniLibsProjectAndLocalJars', task ':connectivity_plus:extractDebugAnnotations', task ':connectivity_plus:extractDeepLinksForAarDebug', task ':connectivity_plus:mergeDebugGeneratedProguardFiles', task ':connectivity_plus:mergeDebugConsumerProguardFiles', task ':connectivity_plus:prepareDebugArtProfile', task ':connectivity_plus:prepareLintJarForPublish', task ':connectivity_plus:mergeDebugJavaResource', task ':connectivity_plus:syncDebugLibJars', task ':connectivity_plus:bundleDebugAar', task ':connectivity_plus:assembleDebug', task ':emoji_picker_flutter:stripDebugDebugSymbols', task ':emoji_picker_flutter:copyDebugJniLibsProjectAndLocalJars', task ':emoji_picker_flutter:extractDebugAnnotations', task ':emoji_picker_flutter:extractDeepLinksForAarDebug', task ':emoji_picker_flutter:mergeDebugGeneratedProguardFiles', task ':emoji_picker_flutter:mergeDebugConsumerProguardFiles', task ':emoji_picker_flutter:prepareDebugArtProfile', task ':emoji_picker_flutter:prepareLintJarForPublish', task ':emoji_picker_flutter:mergeDebugJavaResource', task ':emoji_picker_flutter:syncDebugLibJars', task ':emoji_picker_flutter:bundleDebugAar', task ':emoji_picker_flutter:assembleDebug', task ':file_selector_android:stripDebugDebugSymbols', task ':file_selector_android:copyDebugJniLibsProjectAndLocalJars', task ':file_selector_android:extractDebugAnnotations', task ':file_selector_android:extractDeepLinksForAarDebug', task ':file_selector_android:mergeDebugGeneratedProguardFiles', task ':file_selector_android:mergeDebugConsumerProguardFiles', task ':file_selector_android:prepareDebugArtProfile', task ':file_selector_android:prepareLintJarForPublish', task ':file_selector_android:mergeDebugJavaResource', task ':file_selector_android:syncDebugLibJars', task ':file_selector_android:bundleDebugAar', task ':file_selector_android:assembleDebug', task ':flutter_keyboard_visibility_temp_fork:stripDebugDebugSymbols', task ':flutter_keyboard_visibility_temp_fork:copyDebugJniLibsProjectAndLocalJars', task ':flutter_keyboard_visibility_temp_fork:extractDebugAnnotations', task ':flutter_keyboard_visibility_temp_fork:extractDeepLinksForAarDebug', task ':flutter_keyboard_visibility_temp_fork:mergeDebugGeneratedProguardFiles', task ':flutter_keyboard_visibility_temp_fork:mergeDebugConsumerProguardFiles', task ':flutter_keyboard_visibility_temp_fork:prepareDebugArtProfile', task ':flutter_keyboard_visibility_temp_fork:prepareLintJarForPublish', task ':flutter_keyboard_visibility_temp_fork:mergeDebugJavaResource', task ':flutter_keyboard_visibility_temp_fork:syncDebugLibJars', task ':flutter_keyboard_visibility_temp_fork:bundleDebugAar', task ':flutter_keyboard_visibility_temp_fork:assembleDebug', task ':flutter_native_splash:stripDebugDebugSymbols', task ':flutter_native_splash:copyDebugJniLibsProjectAndLocalJars', task ':flutter_native_splash:extractDebugAnnotations', task ':flutter_native_splash:extractDeepLinksForAarDebug', task ':flutter_native_splash:mergeDebugGeneratedProguardFiles', task ':flutter_native_splash:mergeDebugConsumerProguardFiles', task ':flutter_native_splash:prepareDebugArtProfile', task ':flutter_native_splash:prepareLintJarForPublish', task ':flutter_native_splash:mergeDebugJavaResource', task ':flutter_native_splash:syncDebugLibJars', task ':flutter_native_splash:bundleDebugAar', task ':flutter_native_splash:assembleDebug', task ':flutter_olm:stripDebugDebugSymbols', task ':flutter_olm:copyDebugJniLibsProjectAndLocalJars', task ':flutter_olm:extractDebugAnnotations', task ':flutter_olm:extractDeepLinksForAarDebug', task ':flutter_olm:mergeDebugGeneratedProguardFiles', task ':flutter_olm:mergeDebugConsumerProguardFiles', task ':flutter_olm:prepareDebugArtProfile', task ':flutter_olm:prepareLintJarForPublish', task ':flutter_olm:mergeDebugJavaResource', task ':flutter_olm:syncDebugLibJars', task ':flutter_olm:bundleDebugAar', task ':flutter_olm:assembleDebug', task ':flutter_openssl_crypto:stripDebugDebugSymbols', task ':flutter_openssl_crypto:copyDebugJniLibsProjectAndLocalJars', task ':flutter_openssl_crypto:extractDebugAnnotations', task ':flutter_openssl_crypto:extractDeepLinksForAarDebug', task ':flutter_openssl_crypto:mergeDebugGeneratedProguardFiles', task ':flutter_openssl_crypto:mergeDebugConsumerProguardFiles', task ':flutter_openssl_crypto:prepareDebugArtProfile', task ':flutter_openssl_crypto:prepareLintJarForPublish', task ':flutter_openssl_crypto:mergeDebugJavaResource', task ':flutter_openssl_crypto:syncDebugLibJars', task ':flutter_openssl_crypto:bundleDebugAar', task ':flutter_openssl_crypto:assembleDebug', task ':integration_test:stripDebugDebugSymbols', task ':integration_test:copyDebugJniLibsProjectAndLocalJars', task ':integration_test:extractDebugAnnotations', task ':integration_test:extractDeepLinksForAarDebug', task ':integration_test:mergeDebugGeneratedProguardFiles', task ':integration_test:mergeDebugConsumerProguardFiles', task ':integration_test:prepareDebugArtProfile', task ':integration_test:prepareLintJarForPublish', task ':integration_test:mergeDebugJavaResource', task ':integration_test:syncDebugLibJars', task ':integration_test:bundleDebugAar', task ':integration_test:assembleDebug', task ':path_provider_android:stripDebugDebugSymbols', task ':path_provider_android:copyDebugJniLibsProjectAndLocalJars', task ':path_provider_android:extractDebugAnnotations', task ':path_provider_android:extractDeepLinksForAarDebug', task ':path_provider_android:mergeDebugGeneratedProguardFiles', task ':path_provider_android:mergeDebugConsumerProguardFiles', task ':path_provider_android:prepareDebugArtProfile', task ':path_provider_android:prepareLintJarForPublish', task ':path_provider_android:mergeDebugJavaResource', task ':path_provider_android:syncDebugLibJars', task ':path_provider_android:bundleDebugAar', task ':path_provider_android:assembleDebug', task ':quill_native_bridge_android:stripDebugDebugSymbols', task ':quill_native_bridge_android:copyDebugJniLibsProjectAndLocalJars', task ':quill_native_bridge_android:extractDebugAnnotations', task ':quill_native_bridge_android:extractDeepLinksForAarDebug', task ':quill_native_bridge_android:mergeDebugGeneratedProguardFiles', task ':quill_native_bridge_android:mergeDebugConsumerProguardFiles', task ':quill_native_bridge_android:prepareDebugArtProfile', task ':quill_native_bridge_android:prepareLintJarForPublish', task ':quill_native_bridge_android:mergeDebugJavaResource', task ':quill_native_bridge_android:syncDebugLibJars', task ':quill_native_bridge_android:bundleDebugAar', task ':quill_native_bridge_android:assembleDebug', task ':shared_preferences_android:stripDebugDebugSymbols', task ':shared_preferences_android:copyDebugJniLibsProjectAndLocalJars', task ':shared_preferences_android:extractDebugAnnotations', task ':shared_preferences_android:extractDeepLinksForAarDebug', task ':shared_preferences_android:mergeDebugGeneratedProguardFiles', task ':shared_preferences_android:mergeDebugConsumerProguardFiles', task ':shared_preferences_android:prepareDebugArtProfile', task ':shared_preferences_android:prepareLintJarForPublish', task ':shared_preferences_android:mergeDebugJavaResource', task ':shared_preferences_android:syncDebugLibJars', task ':shared_preferences_android:bundleDebugAar', task ':shared_preferences_android:assembleDebug', task ':sqflite_android:stripDebugDebugSymbols', task ':sqflite_android:copyDebugJniLibsProjectAndLocalJars', task ':sqflite_android:extractDebugAnnotations', task ':sqflite_android:extractDeepLinksForAarDebug', task ':sqflite_android:mergeDebugGeneratedProguardFiles', task ':sqflite_android:mergeDebugConsumerProguardFiles', task ':sqflite_android:prepareDebugArtProfile', task ':sqflite_android:prepareLintJarForPublish', task ':sqflite_android:mergeDebugJavaResource', task ':sqflite_android:syncDebugLibJars', task ':sqflite_android:bundleDebugAar', task ':sqflite_android:assembleDebug', task ':url_launcher_android:stripDebugDebugSymbols', task ':url_launcher_android:copyDebugJniLibsProjectAndLocalJars', task ':url_launcher_android:extractDebugAnnotations', task ':url_launcher_android:extractDeepLinksForAarDebug', task ':url_launcher_android:mergeDebugGeneratedProguardFiles', task ':url_launcher_android:mergeDebugConsumerProguardFiles', task ':url_launcher_android:prepareDebugArtProfile', task ':url_launcher_android:prepareLintJarForPublish', task ':url_launcher_android:mergeDebugJavaResource', task ':url_launcher_android:syncDebugLibJars', task ':url_launcher_android:bundleDebugAar', task ':url_launcher_android:assembleDebug', task ':video_player_android:stripDebugDebugSymbols', task ':video_player_android:copyDebugJniLibsProjectAndLocalJars', task ':video_player_android:extractDebugAnnotations', task ':video_player_android:extractDeepLinksForAarDebug', task ':video_player_android:mergeDebugGeneratedProguardFiles', task ':video_player_android:mergeDebugConsumerProguardFiles', task ':video_player_android:prepareDebugArtProfile', task ':video_player_android:prepareLintJarForPublish', task ':video_player_android:mergeDebugJavaResource', task ':video_player_android:syncDebugLibJars', task ':video_player_android:bundleDebugAar', task ':video_player_android:assembleDebug']
[        ] Tasks that were excluded: []
[        ] work action Parameters of ClassesDirToClassesTransform (Thread[#44464,Execution worker Thread 21,5,main]) started.
[        ] work action Parameters of DexingNoClasspathTransform (Thread[#44464,Execution worker Thread 21,5,main]) started.
[        ] Resolve mutations for :app:preBuild (Thread[#44469,Execution worker Thread 26,5,main]) started.
[        ] :app:preBuild (Thread[#44469,Execution worker Thread 26,5,main]) started.
[        ] > Task :app:preBuild UP-TO-DATE
[        ] Skipping task ':app:preBuild' as it has no actions.
[        ] Resolve mutations for :app:preDebugBuild (Thread[#44469,Execution worker Thread 26,5,main]) started.
[        ] :app:preDebugBuild (Thread[#44469,Execution worker Thread 26,5,main]) started.
[        ] > Task :app:preDebugBuild UP-TO-DATE
[        ] Skipping task ':app:preDebugBuild' as it has no actions.
[        ] Resolve mutations for :app:mergeDebugNativeDebugMetadata (Thread[#44469,Execution worker Thread 26,5,main]) started.
[        ] :app:mergeDebugNativeDebugMetadata (Thread[#44469,Execution worker Thread 26,5,main]) started.
[        ] > Task :app:mergeDebugNativeDebugMetadata NO-SOURCE
[        ] Skipping task ':app:mergeDebugNativeDebugMetadata' as it has no source files and no previous output files.
[        ] Resolve mutations for :app:checkKotlinGradlePluginConfigurationErrors (Thread[#44469,Execution worker Thread 26,5,main]) started.
[        ] :app:checkKotlinGradlePluginConfigurationErrors (Thread[#44469,Execution worker Thread 26,5,main]) started.
[        ] > Task :app:checkKotlinGradlePluginConfigurationErrors SKIPPED
[        ] Skipping task ':app:checkKotlinGradlePluginConfigurationErrors' as task onlyIf 'errorDiagnostics are present' is false.
[        ] Resolve mutations for :app:compileFlutterBuildDebug (Thread[#44469,Execution worker Thread 26,5,main]) started.
[        ] :app:compileFlutterBuildDebug (Thread[#44469,Execution worker Thread 26,5,main]) started.
17:58 +12 -41: loading /Users/florian/Code/substitution/integration_test/room_permissions_test.dart                                                                                                    17:59 +12 -41: loading /Users/florian/Code/substitution/integration_test/room_permissions_test.dart                                                                                                    [+1990 ms] > Task :app:compileFlutterBuildDebug
[        ] Caching disabled for task ':app:compileFlutterBuildDebug' because:
[        ]   Build cache is disabled
[        ]   Caching has not been enabled for the task
[        ] Task ':app:compileFlutterBuildDebug' is not up-to-date because:
[        ]   Value of input property 'targetPath' has changed for task ':app:compileFlutterBuildDebug'
[        ] Starting process 'command '/opt/homebrew/share/flutter/bin/flutter''. Working directory: /Users/florian/Code/substitution Command: /opt/homebrew/share/flutter/bin/flutter --verbose assemble --no-version-check --depfile /Users/florian/Code/substitution/build/app/intermediates/flutter/debug/flutter_build.d --output /Users/florian/Code/substitution/build/app/intermediates/flutter/debug -dTargetFile=/var/folders/l_/w8pnbb9d38n57pzg9j98fmy80000gn/T/flutter_tools.wuOse9/flutter_test_listener.oeA0Dl/listener.dart -dTargetPlatform=android -dBuildMode=debug -dTrackWidgetCreation=true --DartDefines=TUFUUklYX1NFUlZFUj1odHRwOi8vbG9jYWxob3N0OjgwMDg=,TUFUUklYX1RFU1RfVVNFUj0=,TUFUUklYX1RFU1RfUEFTU1dPUkQ9,RkxVVFRFUl9WRVJTSU9OPTMuMzguOQ==,RkxVVFRFUl9DSEFOTkVMPXN0YWJsZQ==,RkxVVFRFUl9HSVRfVVJMPWh0dHBzOi8vZ2l0aHViLmNvbS9mbHV0dGVyL2ZsdXR0ZXIuZ2l0,RkxVVFRFUl9GUkFNRVdPUktfUkVWSVNJT049NjczMjNkZTI4NQ==,RkxVVFRFUl9FTkdJTkVfUkVWSVNJT049NTg3YzE4Zjg3Mw==,RkxVVFRFUl9EQVJUX1ZFUlNJT049My4xMC44,SU5URUdSQVRJT05fVEVTVF9TSE9VTERfUkVQT1JUX1JFU1VMVFNfVE9fTkFUSVZFPWZhbHNl -dFlavor= -dAndroidArchs=android-arm64 -dMinSdkVersion=24 debug_android_application
[        ] Successfully started process 'command '/opt/homebrew/share/flutter/bin/flutter''
[        ] [  +21 ms] executing: sysctl hw.optional.arm64
[        ] [   +4 ms] Exit code 0 from: sysctl hw.optional.arm64
[        ] [        ] hw.optional.arm64: 1
[        ] [   +4 ms] Artifact Instance of 'MaterialFonts' is not required, skipping update.
[        ] [        ] Artifact Instance of 'GradleWrapper' is not required, skipping update.
[        ] [        ] Artifact Instance of 'AndroidGenSnapshotArtifacts' is not required, skipping update.
[        ] [        ] Artifact Instance of 'AndroidInternalBuildArtifacts' is not required, skipping update.
[        ] [        ] Artifact Instance of 'IOSEngineArtifacts' is not required, skipping update.
[        ] [        ] Artifact Instance of 'FlutterWebSdk' is not required, skipping update.
[        ] [        ] Artifact Instance of 'LegacyCanvasKitRemover' is not required, skipping update.
[        ] [        ] Artifact Instance of 'FlutterSdk' is not required, skipping update.
[        ] [        ] Artifact Instance of 'WindowsEngineArtifacts' is not required, skipping update.
[        ] [        ] Artifact Instance of 'MacOSEngineArtifacts' is not required, skipping update.
[        ] [        ] Artifact Instance of 'LinuxEngineArtifacts' is not required, skipping update.
[        ] [        ] Artifact Instance of 'LinuxFuchsiaSDKArtifacts' is not required, skipping update.
[        ] [        ] Artifact Instance of 'MacOSFuchsiaSDKArtifacts' is not required, skipping update.
[        ] [        ] Artifact Instance of 'FlutterRunnerSDKArtifacts' is not required, skipping update.
[        ] [        ] Artifact Instance of 'FlutterRunnerDebugSymbols' is not required, skipping update.
[        ] [        ] Artifact Instance of 'IosUsbArtifacts' is not required, skipping update.
[        ] [        ] Artifact Instance of 'IosUsbArtifacts' is not required, skipping update.
[        ] [        ] Artifact Instance of 'IosUsbArtifacts' is not required, skipping update.
[        ] [        ] Artifact Instance of 'IosUsbArtifacts' is not required, skipping update.
[        ] [        ] Artifact Instance of 'IosUsbArtifacts' is not required, skipping update.
[        ] [        ] Artifact Instance of 'IosUsbArtifacts' is not required, skipping update.
[        ] [        ] Artifact Instance of 'FontSubsetArtifacts' is not required, skipping update.
[        ] [        ] Artifact Instance of 'PubDependencies' is not required, skipping update.
[        ] [   +3 ms] Artifact Instance of 'AndroidGenSnapshotArtifacts' is not required, skipping update.
[        ] [        ] Artifact Instance of 'AndroidInternalBuildArtifacts' is not required, skipping update.
[        ] [        ] Artifact Instance of 'IOSEngineArtifacts' is not required, skipping update.
[        ] [        ] Artifact Instance of 'FlutterWebSdk' is not required, skipping update.
[        ] [        ] Artifact Instance of 'FlutterEngineStamp' is not required, skipping update.
[        ] [        ] Artifact Instance of 'LegacyCanvasKitRemover' is not required, skipping update.
[        ] [        ] Artifact Instance of 'WindowsEngineArtifacts' is not required, skipping update.
[        ] [        ] Artifact Instance of 'MacOSEngineArtifacts' is not required, skipping update.
[        ] [        ] Artifact Instance of 'LinuxEngineArtifacts' is not required, skipping update.
[        ] [        ] Artifact Instance of 'LinuxFuchsiaSDKArtifacts' is not required, skipping update.
[        ] [        ] Artifact Instance of 'MacOSFuchsiaSDKArtifacts' is not required, skipping update.
[        ] [        ] Artifact Instance of 'FlutterRunnerSDKArtifacts' is not required, skipping update.
[        ] [        ] Artifact Instance of 'FlutterRunnerDebugSymbols' is not required, skipping update.
[        ] [  +26 ms] Artifact Instance of 'MaterialFonts' is not required, skipping update.
[        ] [        ] Artifact Instance of 'GradleWrapper' is not required, skipping update.
[        ] [        ] Artifact Instance of 'AndroidInternalBuildArtifacts' is not required, skipping update.
[        ] [        ] Artifact Instance of 'IOSEngineArtifacts' is not required, skipping update.
[        ] [        ] Artifact Instance of 'FlutterWebSdk' is not required, skipping update.
[        ] [        ] Artifact Instance of 'FlutterEngineStamp' is not required, skipping update.
[        ] [        ] Artifact Instance of 'LegacyCanvasKitRemover' is not required, skipping update.
[        ] [        ] Artifact Instance of 'FlutterSdk' is not required, skipping update.
[        ] [        ] Artifact Instance of 'WindowsEngineArtifacts' is not required, skipping update.
[        ] [        ] Artifact Instance of 'MacOSEngineArtifacts' is not required, skipping update.
[        ] [        ] Artifact Instance of 'LinuxEngineArtifacts' is not required, skipping update.
[        ] [        ] Artifact Instance of 'LinuxFuchsiaSDKArtifacts' is not required, skipping update.
[        ] [        ] Artifact Instance of 'MacOSFuchsiaSDKArtifacts' is not required, skipping update.
[        ] [        ] Artifact Instance of 'FlutterRunnerSDKArtifacts' is not required, skipping update.
[        ] [        ] Artifact Instance of 'FlutterRunnerDebugSymbols' is not required, skipping update.
[        ] [        ] Artifact Instance of 'IosUsbArtifacts' is not required, skipping update.
[        ] [        ] Artifact Instance of 'IosUsbArtifacts' is not required, skipping update.
[        ] [        ] Artifact Instance of 'IosUsbArtifacts' is not required, skipping update.
[        ] [        ] Artifact Instance of 'IosUsbArtifacts' is not required, skipping update.
[        ] [        ] Artifact Instance of 'IosUsbArtifacts' is not required, skipping update.
[        ] [        ] Artifact Instance of 'IosUsbArtifacts' is not required, skipping update.
[        ] [        ] Artifact Instance of 'FontSubsetArtifacts' is not required, skipping update.
[        ] [        ] Artifact Instance of 'PubDependencies' is not required, skipping update.
[        ] [  +23 ms] Initializing file store
[        ] [  +14 ms] dart_build: Starting due to {}
[        ] [        ] Skipping target: gen_localizations
[        ] [   +1 ms] gen_dart_plugin_registrant: Starting due to {InvalidatedReasonKind.outputSetAddition: The following outputs were added to the output set: /Users/florian/Code/substitution/.dart_tool/flutter_build/dart_plugin_registrant.dart, InvalidatedReasonKind.inputChanged: The following inputs have updated contents: /Users/florian/Code/substitution/.dart_tool/package_config.json}
[        ] [  +52 ms] Found plugin integration_test at /opt/homebrew/share/flutter/packages/integration_test/
[        ] [  +20 ms] Found plugin flutter_native_splash at /Users/florian/.pub-cache/hosted/pub.dev/flutter_native_splash-2.4.7/
[        ] [  +16 ms] Building native assets for android_arm64.
[        ] [  +21 ms] Found plugin connectivity_plus at /Users/florian/.pub-cache/hosted/pub.dev/connectivity_plus-5.0.2/
[        ] [   +7 ms] input.json contents:
[        ]            {
[        ]              "assets": {},
[        ]              "config": {
[        ]                "build_asset_types": [
[        ]                  "code_assets/code"
[        ]                ],
[        ]                "extensions": {
[        ]                  "code_assets": {
[        ]                    "android": {
[        ]                      "target_ndk_api": 24
[        ]                    },
[        ]                    "c_compiler": {
[        ]                      "ar": "/Users/florian/Library/Android/sdk/ndk/28.2.13676358/toolchains/llvm/prebuilt/darwin-x86_64/bin/llvm-ar",
[        ]                      "cc": "/Users/florian/Library/Android/sdk/ndk/28.2.13676358/toolchains/llvm/prebuilt/darwin-x86_64/bin/clang",
[        ]                      "ld": "/Users/florian/Library/Android/sdk/ndk/28.2.13676358/toolchains/llvm/prebuilt/darwin-x86_64/bin/ld.lld"
[        ]                    },
[        ]                    "link_mode_preference": "dynamic",
[        ]                    "target_architecture": "arm64",
[        ]                    "target_os": "android"
[        ]                  }
[        ]                },
[        ]                "linking_enabled": false
[        ]              },
[        ]              "out_dir_shared": "/Users/florian/Code/substitution/.dart_tool/hooks_runner/shared/objective_c/build/",
[        ]              "out_file": "/Users/florian/Code/substitution/.dart_tool/hooks_runner/objective_c/842b8c761140c2c0e73191c57a372e73/output.json",
[        ]              "package_name": "objective_c",
[        ]              "package_root": "/Users/florian/.pub-cache/hosted/pub.dev/objective_c-9.2.5/",
[        ]              "user_defines": {}
[        ]            }
[        ] [   +2 ms] output.json contents:
[        ]            {
[        ]              "assets_for_linking": {},
[        ]              "status": "success",
[        ]              "timestamp": "2026-02-16 21:57:23.000"
[        ]            }
[        ] [   +1 ms] Skipping build for objective_c in /Users/florian/Code/substitution/.dart_tool/hooks_runner/objective_c/842b8c761140c2c0e73191c57a372e73/. Last build on 2026-02-16 21:57:23.000.
[        ] [   +2 ms] Building native assets for android_arm64 done.
[        ] [   +1 ms] dart_build: Complete
[        ] [   +1 ms] install_code_assets: Starting due to {}
[        ] [   +1 ms] Writing native assets json to file:///Users/florian/Code/substitution/.dart_tool/flutter_build/be5f52be818fc3e0b8c614b150e471bf/native_assets.json.
[        ] [   +1 ms] Found plugin video_player at /Users/florian/.pub-cache/hosted/pub.dev/video_player-2.10.1/
[        ] [        ] Found plugin video_player_web at /Users/florian/.pub-cache/hosted/pub.dev/video_player_web-2.4.0/
[        ] [        ] Writing /Users/florian/Code/substitution/.dart_tool/flutter_build/be5f52be818fc3e0b8c614b150e471bf/native_assets.json done.
[        ] [        ] install_code_assets: Complete
[        ] [   +1 ms] Found plugin video_player_avfoundation at /Users/florian/.pub-cache/hosted/pub.dev/video_player_avfoundation-2.9.1/
[        ] [        ] Found plugin video_player_android at /Users/florian/.pub-cache/hosted/pub.dev/video_player_android-2.9.1/
[        ] [        ] Found plugin url_launcher at /Users/florian/.pub-cache/hosted/pub.dev/url_launcher-6.3.2/
[        ] [        ] Found plugin url_launcher_windows at /Users/florian/.pub-cache/hosted/pub.dev/url_launcher_windows-3.1.5/
[        ] [        ] Found plugin url_launcher_web at /Users/florian/.pub-cache/hosted/pub.dev/url_launcher_web-2.4.2/
[        ] [        ] Found plugin url_launcher_macos at /Users/florian/.pub-cache/hosted/pub.dev/url_launcher_macos-3.2.5/
[        ] [        ] Found plugin url_launcher_linux at /Users/florian/.pub-cache/hosted/pub.dev/url_launcher_linux-3.2.2/
[        ] [        ] Found plugin url_launcher_ios at /Users/florian/.pub-cache/hosted/pub.dev/url_launcher_ios-6.3.6/
[        ] [        ] Found plugin url_launcher_android at /Users/florian/.pub-cache/hosted/pub.dev/url_launcher_android-6.3.28/
[        ] [   +2 ms] Found plugin sqflite at /Users/florian/.pub-cache/hosted/pub.dev/sqflite-2.4.2/
[        ] [        ] Found plugin sqflite_darwin at /Users/florian/.pub-cache/hosted/pub.dev/sqflite_darwin-2.4.2/
[        ] [        ] Found plugin sqflite_android at /Users/florian/.pub-cache/hosted/pub.dev/sqflite_android-2.4.2+2/
[        ] [   +1 ms] Found plugin path_provider at /Users/florian/.pub-cache/hosted/pub.dev/path_provider-2.1.5/
[        ] [        ] Found plugin path_provider_windows at /Users/florian/.pub-cache/hosted/pub.dev/path_provider_windows-2.3.0/
[        ] [        ] Found plugin path_provider_linux at /Users/florian/.pub-cache/hosted/pub.dev/path_provider_linux-2.2.1/
[        ] [        ] Found plugin path_provider_foundation at /Users/florian/.pub-cache/hosted/pub.dev/path_provider_foundation-2.6.0/
[        ] [   +3 ms] Found plugin path_provider_android at /Users/florian/.pub-cache/hosted/pub.dev/path_provider_android-2.2.22/
[        ] [  +19 ms] Found plugin flutter_keyboard_visibility_temp_fork at /Users/florian/.pub-cache/hosted/pub.dev/flutter_keyboard_visibility_temp_fork-0.1.5/
[        ] [        ] Found plugin flutter_keyboard_visibility_windows at /Users/florian/.pub-cache/hosted/pub.dev/flutter_keyboard_visibility_windows-1.0.0/
[        ] [   +1 ms] Found plugin flutter_keyboard_visibility_macos at /Users/florian/.pub-cache/hosted/pub.dev/flutter_keyboard_visibility_macos-1.0.0/
[        ] [        ] Found plugin flutter_keyboard_visibility_linux at /Users/florian/.pub-cache/hosted/pub.dev/flutter_keyboard_visibility_linux-1.0.0/
[        ] [   +9 ms] Found plugin quill_native_bridge at /Users/florian/.pub-cache/hosted/pub.dev/quill_native_bridge-11.1.0/
[        ] [   +1 ms] Found plugin quill_native_bridge_windows at /Users/florian/.pub-cache/hosted/pub.dev/quill_native_bridge_windows-0.0.2/
[        ] [  +14 ms] Found plugin file_selector_windows at /Users/florian/.pub-cache/hosted/pub.dev/file_selector_windows-0.9.3+5/
[        ] [   +2 ms] Found plugin quill_native_bridge_web at /Users/florian/.pub-cache/hosted/pub.dev/quill_native_bridge_web-0.0.2/
[        ] [        ] Found plugin quill_native_bridge_macos at /Users/florian/.pub-cache/hosted/pub.dev/quill_native_bridge_macos-0.0.1/
[        ] [        ] Found plugin quill_native_bridge_ios at /Users/florian/.pub-cache/hosted/pub.dev/quill_native_bridge_ios-0.0.1/
[        ] [        ] Found plugin quill_native_bridge_android at /Users/florian/.pub-cache/hosted/pub.dev/quill_native_bridge_android-0.0.1+2/
[        ] [   +4 ms] Found plugin flutter_openssl_crypto at /Users/florian/.pub-cache/hosted/pub.dev/flutter_openssl_crypto-0.5.0/
[        ] [        ] Found plugin flutter_olm at /Users/florian/.pub-cache/hosted/pub.dev/flutter_olm-2.0.0/
[        ] [   +2 ms] Found plugin file_selector at /Users/florian/.pub-cache/hosted/pub.dev/file_selector-1.1.0/
[        ] [   +1 ms] Found plugin file_selector_web at /Users/florian/.pub-cache/hosted/pub.dev/file_selector_web-0.9.4+2/
[        ] [        ] Found plugin file_selector_macos at /Users/florian/.pub-cache/hosted/pub.dev/file_selector_macos-0.9.5/
[        ] [        ] Found plugin file_selector_linux at /Users/florian/.pub-cache/hosted/pub.dev/file_selector_linux-0.9.4/
[        ] [   +1 ms] Found plugin file_selector_ios at /Users/florian/.pub-cache/hosted/pub.dev/file_selector_ios-0.5.3+5/
[        ] [   +1 ms] Found plugin file_selector_android at /Users/florian/.pub-cache/hosted/pub.dev/file_selector_android-0.5.2+4/
[        ] [   +1 ms] Found plugin emoji_picker_flutter at /Users/florian/.pub-cache/hosted/pub.dev/emoji_picker_flutter-4.4.0/
[        ] [   +1 ms] Found plugin shared_preferences at /Users/florian/.pub-cache/hosted/pub.dev/shared_preferences-2.5.4/
[        ] [   +1 ms] Found plugin shared_preferences_windows at /Users/florian/.pub-cache/hosted/pub.dev/shared_preferences_windows-2.4.1/
[        ] [   +1 ms] Found plugin shared_preferences_web at /Users/florian/.pub-cache/hosted/pub.dev/shared_preferences_web-2.4.3/
[        ] [        ] Found plugin shared_preferences_linux at /Users/florian/.pub-cache/hosted/pub.dev/shared_preferences_linux-2.4.1/
[        ] [   +1 ms] Found plugin shared_preferences_foundation at /Users/florian/.pub-cache/hosted/pub.dev/shared_preferences_foundation-2.5.6/
[        ] [   +1 ms] Found plugin shared_preferences_android at /Users/florian/.pub-cache/hosted/pub.dev/shared_preferences_android-2.4.20/
[        ] [  +16 ms] Skipping generating dart_plugin_registrant.dart because it is up-to-date.
[        ] [        ] gen_dart_plugin_registrant: Complete
[        ] [   +1 ms] kernel_snapshot_program: Starting due to {}
[        ] [   +7 ms] /opt/homebrew/share/flutter/bin/cache/dart-sdk/bin/dartaotruntime /opt/homebrew/share/flutter/bin/cache/dart-sdk/bin/snapshots/frontend_server_aot.dart.snapshot --sdk-root /opt/homebrew/share/flutter/bin/cache/artifacts/engine/common/flutter_patched_sdk/ --target=flutter --no-print-incremental-dependencies -DMATRIX_SERVER=http://localhost:8008 -DMATRIX_TEST_USER= -DMATRIX_TEST_PASSWORD= -DFLUTTER_VERSION=3.38.9 -DFLUTTER_CHANNEL=stable -DFLUTTER_GIT_URL=https://github.com/flutter/flutter.git -DFLUTTER_FRAMEWORK_REVISION=67323de285 -DFLUTTER_ENGINE_REVISION=587c18f873 -DFLUTTER_DART_VERSION=3.10.8 -DINTEGRATION_TEST_SHOULD_REPORT_RESULTS_TO_NATIVE=false -DFLUTTER_APP_FLAVOR= -Ddart.vm.profile=false -Ddart.vm.product=false --enable-asserts --track-widget-creation --no-link-platform --packages /Users/florian/Code/substitution/.dart_tool/package_config.json --output-dill /Users/florian/Code/substitution/.dart_tool/flutter_build/be5f52be818fc3e0b8c614b150e471bf/app.dill --depfile /Users/florian/Code/substitution/.dart_tool/flutter_build/be5f52be818fc3e0b8c614b150e471bf/kernel_snapshot_program.d --incremental --initialize-from-dill /Users/florian/Code/substitution/.dart_tool/flutter_build/be5f52be818fc3e0b8c614b150e471bf/app.dill --source file:///Users/florian/Code/substitution/.dart_tool/flutter_build/dart_plugin_registrant.dart --source package:flutter/src/dart_plugin_registrant.dart -Dflutter.dart_plugin_registrant=file:///Users/florian/Code/substitution/.dart_tool/flutter_build/dart_plugin_registrant.dart --verbosity=error file:///var/folders/l_/w8pnbb9d38n57pzg9j98fmy80000gn/T/flutter_tools.wuOse9/flutter_test_listener.oeA0Dl/listener.dart
18:00 +12 -41: loading /Users/florian/Code/substitution/integration_test/room_permissions_test.dart                                                                                                    18:01 +12 -41: loading /Users/florian/Code/substitution/integration_test/room_permissions_test.dart                                                                                                    18:02 +12 -41: loading /Users/florian/Code/substitution/integration_test/room_permissions_test.dart                                                                                                    18:03 +12 -41: loading /Users/florian/Code/substitution/integration_test/room_permissions_test.dart                                                                                                    [+3904 ms] [+5323 ms] kernel_snapshot_program: Complete
18:04 +12 -41: loading /Users/florian/Code/substitution/integration_test/room_permissions_test.dart                                                                                                    [ +790 ms] [ +840 ms] debug_android_application: Starting due to {}
[ +103 ms] [  +96 ms] Manifest contained wildcard assets. Inserting missing file into build graph to force rerun. for more information see #56466.
[        ] [   +2 ms] shaderc command: [/opt/homebrew/share/flutter/bin/cache/artifacts/engine/darwin-x64/impellerc, --sksl, --runtime-stage-gles, --runtime-stage-gles3, --runtime-stage-vulkan, --iplr, --sl=/Users/florian/Code/substitution/build/app/intermediates/flutter/debug/flutter_assets/shaders/ink_sparkle.frag, --spirv=/Users/florian/Code/substitution/build/app/intermediates/flutter/debug/flutter_assets/shaders/ink_sparkle.frag.spirv, --input=/opt/homebrew/share/flutter/packages/flutter/lib/src/material/shaders/ink_sparkle.frag, --input-type=frag, --include=/opt/homebrew/share/flutter/packages/flutter/lib/src/material/shaders, --include=/opt/homebrew/share/flutter/bin/cache/artifacts/engine/darwin-x64/shader_lib]
[        ] [        ] shaderc command: [/opt/homebrew/share/flutter/bin/cache/artifacts/engine/darwin-x64/impellerc, --sksl, --runtime-stage-gles, --runtime-stage-gles3, --runtime-stage-vulkan, --iplr, --sl=/Users/florian/Code/substitution/build/app/intermediates/flutter/debug/flutter_assets/shaders/stretch_effect.frag, --spirv=/Users/florian/Code/substitution/build/app/intermediates/flutter/debug/flutter_assets/shaders/stretch_effect.frag.spirv, --input=/opt/homebrew/share/flutter/packages/flutter/lib/src/material/shaders/stretch_effect.frag, --input-type=frag, --include=/opt/homebrew/share/flutter/packages/flutter/lib/src/material/shaders, --include=/opt/homebrew/share/flutter/bin/cache/artifacts/engine/darwin-x64/shader_lib]
[ +299 ms] [ +320 ms] debug_android_application: Complete
18:05 +12 -41: loading /Users/florian/Code/substitution/integration_test/room_permissions_test.dart                                                                                                    [ +799 ms] [ +776 ms] Persisting file store
[        ] [   +5 ms] Done persisting file store
[        ] [  +13 ms] build succeeded.
[        ] [   +3 ms] "flutter assemble" took 7.704ms.
[        ] [   +2 ms] executing: sw_vers -productName
[        ] [  +10 ms] Exit code 0 from: sw_vers -productName
[        ] [        ] macOS
[        ] [        ] executing: sw_vers -productVersion
[ +104 ms] [   +8 ms] Exit code 0 from: sw_vers -productVersion
[        ] [        ] 26.1
[        ] [        ] executing: sw_vers -buildVersion
[        ] [   +7 ms] Exit code 0 from: sw_vers -buildVersion
[        ] [        ] 25B78
[        ] [        ] executing: uname -m
[        ] [   +3 ms] Exit code 0 from: uname -m
[        ] [        ] arm64
[        ] [  +21 ms] Running 1 shutdown hook
[        ] [        ] Shutdown hooks complete
[        ] [  +53 ms] exiting with code 0
[ +102 ms] Resolve mutations for :app:packJniLibsflutterBuildDebug (Thread[#44469,Execution worker Thread 26,5,main]) started.
[        ] :app:packJniLibsflutterBuildDebug (Thread[#44469,Execution worker Thread 26,5,main]) started.
[        ] > Task :app:packJniLibsflutterBuildDebug UP-TO-DATE
[        ] Caching disabled for task ':app:packJniLibsflutterBuildDebug' because:
[        ]   Build cache is disabled
[        ]   Not worth caching
[        ] Skipping task ':app:packJniLibsflutterBuildDebug' as it is up-to-date.
[        ] Resolve mutations for :connectivity_plus:preBuild (Thread[#44469,Execution worker Thread 26,5,main]) started.
[        ] :connectivity_plus:preBuild (Thread[#44470,Execution worker Thread 27,5,main]) started.
[        ] > Task :connectivity_plus:preBuild UP-TO-DATE
[        ] Skipping task ':connectivity_plus:preBuild' as it has no actions.
[        ] Resolve mutations for :connectivity_plus:preDebugBuild (Thread[#44470,Execution worker Thread 27,5,main]) started.
[        ] :connectivity_plus:preDebugBuild (Thread[#44467,Execution worker Thread 24,5,main]) started.
[        ] > Task :connectivity_plus:preDebugBuild UP-TO-DATE
[        ] Skipping task ':connectivity_plus:preDebugBuild' as it has no actions.
[        ] Resolve mutations for :connectivity_plus:writeDebugAarMetadata (Thread[#44467,Execution worker Thread 24,5,main]) started.
[        ] :connectivity_plus:writeDebugAarMetadata (Thread[#44467,Execution worker Thread 24,5,main]) started.
[        ] > Task :connectivity_plus:writeDebugAarMetadata UP-TO-DATE
[        ] Caching disabled for task ':connectivity_plus:writeDebugAarMetadata' because:
[        ]   Build cache is disabled
[        ]   Caching has been disabled for the task
[        ] Skipping task ':connectivity_plus:writeDebugAarMetadata' as it is up-to-date.
[        ] work action resolve aar-metadata.properties (project :connectivity_plus) (Thread[#44467,Execution worker Thread 24,5,main]) started.
[        ] Resolve mutations for :emoji_picker_flutter:preBuild (Thread[#44467,Execution worker Thread 24,5,main]) started.
[        ] :emoji_picker_flutter:preBuild (Thread[#44467,Execution worker Thread 24,5,main]) started.
[        ] > Task :emoji_picker_flutter:preBuild UP-TO-DATE
[        ] Skipping task ':emoji_picker_flutter:preBuild' as it has no actions.
[        ] Resolve mutations for :emoji_picker_flutter:preDebugBuild (Thread[#44467,Execution worker Thread 24,5,main]) started.
[        ] :emoji_picker_flutter:preDebugBuild (Thread[#44467,Execution worker Thread 24,5,main]) started.
[        ] > Task :emoji_picker_flutter:preDebugBuild UP-TO-DATE
[        ] Skipping task ':emoji_picker_flutter:preDebugBuild' as it has no actions.
[        ] Resolve mutations for :emoji_picker_flutter:writeDebugAarMetadata (Thread[#44467,Execution worker Thread 24,5,main]) started.
[        ] :emoji_picker_flutter:writeDebugAarMetadata (Thread[#44467,Execution worker Thread 24,5,main]) started.
[        ] > Task :emoji_picker_flutter:writeDebugAarMetadata UP-TO-DATE
[        ] Caching disabled for task ':emoji_picker_flutter:writeDebugAarMetadata' because:
[        ]   Build cache is disabled
[        ]   Caching has been disabled for the task
[        ] Skipping task ':emoji_picker_flutter:writeDebugAarMetadata' as it is up-to-date.
[        ] work action resolve aar-metadata.properties (project :emoji_picker_flutter) (Thread[#44467,Execution worker Thread 24,5,main]) started.
[        ] Resolve mutations for :file_selector_android:preBuild (Thread[#44467,Execution worker Thread 24,5,main]) started.
[        ] :file_selector_android:preBuild (Thread[#44467,Execution worker Thread 24,5,main]) started.
[        ] > Task :file_selector_android:preBuild UP-TO-DATE
[        ] Skipping task ':file_selector_android:preBuild' as it has no actions.
[        ] Resolve mutations for :file_selector_android:preDebugBuild (Thread[#44467,Execution worker Thread 24,5,main]) started.
[        ] :file_selector_android:preDebugBuild (Thread[#44467,Execution worker Thread 24,5,main]) started.
[        ] > Task :file_selector_android:preDebugBuild UP-TO-DATE
[        ] Skipping task ':file_selector_android:preDebugBuild' as it has no actions.
[        ] Resolve mutations for :file_selector_android:writeDebugAarMetadata (Thread[#44467,Execution worker Thread 24,5,main]) started.
[        ] :file_selector_android:writeDebugAarMetadata (Thread[#44467,Execution worker Thread 24,5,main]) started.
[        ] > Task :file_selector_android:writeDebugAarMetadata UP-TO-DATE
[        ] Caching disabled for task ':file_selector_android:writeDebugAarMetadata' because:
[        ]   Build cache is disabled
[        ]   Caching has been disabled for the task
[        ] Skipping task ':file_selector_android:writeDebugAarMetadata' as it is up-to-date.
[        ] work action resolve aar-metadata.properties (project :file_selector_android) (Thread[#44467,Execution worker Thread 24,5,main]) started.
[        ] Resolve mutations for :flutter_keyboard_visibility_temp_fork:preBuild (Thread[#44467,Execution worker Thread 24,5,main]) started.
[        ] :flutter_keyboard_visibility_temp_fork:preBuild (Thread[#44467,Execution worker Thread 24,5,main]) started.
[        ] > Task :flutter_keyboard_visibility_temp_fork:preBuild UP-TO-DATE
[        ] Skipping task ':flutter_keyboard_visibility_temp_fork:preBuild' as it has no actions.
[        ] Resolve mutations for :flutter_keyboard_visibility_temp_fork:preDebugBuild (Thread[#44467,Execution worker Thread 24,5,main]) started.
[        ] :flutter_keyboard_visibility_temp_fork:preDebugBuild (Thread[#44467,Execution worker Thread 24,5,main]) started.
[        ] > Task :flutter_keyboard_visibility_temp_fork:preDebugBuild UP-TO-DATE
[        ] Skipping task ':flutter_keyboard_visibility_temp_fork:preDebugBuild' as it has no actions.
[        ] Resolve mutations for :flutter_keyboard_visibility_temp_fork:writeDebugAarMetadata (Thread[#44467,Execution worker Thread 24,5,main]) started.
[        ] :flutter_keyboard_visibility_temp_fork:writeDebugAarMetadata (Thread[#44467,Execution worker Thread 24,5,main]) started.
[        ] > Task :flutter_keyboard_visibility_temp_fork:writeDebugAarMetadata UP-TO-DATE
[        ] Caching disabled for task ':flutter_keyboard_visibility_temp_fork:writeDebugAarMetadata' because:
[        ]   Build cache is disabled
[        ]   Caching has been disabled for the task
[        ] Skipping task ':flutter_keyboard_visibility_temp_fork:writeDebugAarMetadata' as it is up-to-date.
[        ] work action resolve aar-metadata.properties (project :flutter_keyboard_visibility_temp_fork) (Thread[#44467,Execution worker Thread 24,5,main]) started.
[        ] Resolve mutations for :flutter_native_splash:preBuild (Thread[#44467,Execution worker Thread 24,5,main]) started.
[        ] :flutter_native_splash:preBuild (Thread[#44467,Execution worker Thread 24,5,main]) started.
[        ] > Task :flutter_native_splash:preBuild UP-TO-DATE
[        ] Skipping task ':flutter_native_splash:preBuild' as it has no actions.
[        ] Resolve mutations for :flutter_native_splash:preDebugBuild (Thread[#44467,Execution worker Thread 24,5,main]) started.
[        ] :flutter_native_splash:preDebugBuild (Thread[#44467,Execution worker Thread 24,5,main]) started.
[        ] > Task :flutter_native_splash:preDebugBuild UP-TO-DATE
[        ] Skipping task ':flutter_native_splash:preDebugBuild' as it has no actions.
[        ] Resolve mutations for :flutter_native_splash:writeDebugAarMetadata (Thread[#44467,Execution worker Thread 24,5,main]) started.
[        ] :flutter_native_splash:writeDebugAarMetadata (Thread[#44467,Execution worker Thread 24,5,main]) started.
[        ] > Task :flutter_native_splash:writeDebugAarMetadata UP-TO-DATE
[        ] Caching disabled for task ':flutter_native_splash:writeDebugAarMetadata' because:
[        ]   Build cache is disabled
[        ]   Caching has been disabled for the task
[        ] Skipping task ':flutter_native_splash:writeDebugAarMetadata' as it is up-to-date.
[        ] work action resolve aar-metadata.properties (project :flutter_native_splash) (Thread[#44467,Execution worker Thread 24,5,main]) started.
[        ] Resolve mutations for :flutter_olm:preBuild (Thread[#44467,Execution worker Thread 24,5,main]) started.
[        ] :flutter_olm:preBuild (Thread[#44467,Execution worker Thread 24,5,main]) started.
[        ] > Task :flutter_olm:preBuild UP-TO-DATE
[        ] Skipping task ':flutter_olm:preBuild' as it has no actions.
[        ] Resolve mutations for :flutter_olm:preDebugBuild (Thread[#44467,Execution worker Thread 24,5,main]) started.
[        ] :flutter_olm:preDebugBuild (Thread[#44467,Execution worker Thread 24,5,main]) started.
[        ] > Task :flutter_olm:preDebugBuild UP-TO-DATE
[        ] Skipping task ':flutter_olm:preDebugBuild' as it has no actions.
[        ] Resolve mutations for :flutter_olm:writeDebugAarMetadata (Thread[#44467,Execution worker Thread 24,5,main]) started.
[        ] :flutter_olm:writeDebugAarMetadata (Thread[#44467,Execution worker Thread 24,5,main]) started.
[        ] > Task :flutter_olm:writeDebugAarMetadata UP-TO-DATE
[        ] Caching disabled for task ':flutter_olm:writeDebugAarMetadata' because:
[        ]   Build cache is disabled
[        ]   Caching has been disabled for the task
[        ] Skipping task ':flutter_olm:writeDebugAarMetadata' as it is up-to-date.
[        ] work action resolve aar-metadata.properties (project :flutter_olm) (Thread[#44467,Execution worker Thread 24,5,main]) started.
[        ] Resolve mutations for :flutter_openssl_crypto:preBuild (Thread[#44467,Execution worker Thread 24,5,main]) started.
[        ] :flutter_openssl_crypto:preBuild (Thread[#44467,Execution worker Thread 24,5,main]) started.
[        ] > Task :flutter_openssl_crypto:preBuild UP-TO-DATE
[        ] Skipping task ':flutter_openssl_crypto:preBuild' as it has no actions.
[        ] Resolve mutations for :flutter_openssl_crypto:preDebugBuild (Thread[#44467,Execution worker Thread 24,5,main]) started.
[        ] :flutter_openssl_crypto:preDebugBuild (Thread[#44467,Execution worker Thread 24,5,main]) started.
[        ] > Task :flutter_openssl_crypto:preDebugBuild UP-TO-DATE
[        ] Skipping task ':flutter_openssl_crypto:preDebugBuild' as it has no actions.
[        ] Resolve mutations for :flutter_openssl_crypto:writeDebugAarMetadata (Thread[#44467,Execution worker Thread 24,5,main]) started.
[        ] :flutter_openssl_crypto:writeDebugAarMetadata (Thread[#44467,Execution worker Thread 24,5,main]) started.
[        ] > Task :flutter_openssl_crypto:writeDebugAarMetadata UP-TO-DATE
[        ] Caching disabled for task ':flutter_openssl_crypto:writeDebugAarMetadata' because:
[        ]   Build cache is disabled
[        ]   Caching has been disabled for the task
[        ] Skipping task ':flutter_openssl_crypto:writeDebugAarMetadata' as it is up-to-date.
[        ] work action resolve aar-metadata.properties (project :flutter_openssl_crypto) (Thread[#44467,Execution worker Thread 24,5,main]) started.
[        ] Resolve mutations for :integration_test:preBuild (Thread[#44467,Execution worker Thread 24,5,main]) started.
[        ] :integration_test:preBuild (Thread[#44467,Execution worker Thread 24,5,main]) started.
[        ] > Task :integration_test:preBuild UP-TO-DATE
[        ] Skipping task ':integration_test:preBuild' as it has no actions.
[        ] Resolve mutations for :integration_test:preDebugBuild (Thread[#44467,Execution worker Thread 24,5,main]) started.
[        ] :integration_test:preDebugBuild (Thread[#44467,Execution worker Thread 24,5,main]) started.
[        ] > Task :integration_test:preDebugBuild UP-TO-DATE
[        ] Skipping task ':integration_test:preDebugBuild' as it has no actions.
[        ] Resolve mutations for :integration_test:writeDebugAarMetadata (Thread[#44467,Execution worker Thread 24,5,main]) started.
[        ] :integration_test:writeDebugAarMetadata (Thread[#44443,Execution worker,5,main]) started.
[        ] > Task :integration_test:writeDebugAarMetadata UP-TO-DATE
[        ] Caching disabled for task ':integration_test:writeDebugAarMetadata' because:
[        ]   Build cache is disabled
[        ]   Caching has been disabled for the task
[        ] Skipping task ':integration_test:writeDebugAarMetadata' as it is up-to-date.
[        ] work action resolve aar-metadata.properties (project :integration_test) (Thread[#44443,Execution worker,5,main]) started.
[        ] Resolve mutations for :path_provider_android:preBuild (Thread[#44443,Execution worker,5,main]) started.
[        ] :path_provider_android:preBuild (Thread[#44443,Execution worker,5,main]) started.
[        ] > Task :path_provider_android:preBuild UP-TO-DATE
[        ] Skipping task ':path_provider_android:preBuild' as it has no actions.
[        ] Resolve mutations for :path_provider_android:preDebugBuild (Thread[#44443,Execution worker,5,main]) started.
[        ] :path_provider_android:preDebugBuild (Thread[#44443,Execution worker,5,main]) started.
[        ] > Task :path_provider_android:preDebugBuild UP-TO-DATE
[        ] Skipping task ':path_provider_android:preDebugBuild' as it has no actions.
[        ] Resolve mutations for :path_provider_android:writeDebugAarMetadata (Thread[#44443,Execution worker,5,main]) started.
[        ] :path_provider_android:writeDebugAarMetadata (Thread[#44443,Execution worker,5,main]) started.
[        ] > Task :path_provider_android:writeDebugAarMetadata UP-TO-DATE
[        ] Caching disabled for task ':path_provider_android:writeDebugAarMetadata' because:
[        ]   Build cache is disabled
[        ]   Caching has been disabled for the task
[        ] Skipping task ':path_provider_android:writeDebugAarMetadata' as it is up-to-date.
[        ] work action resolve aar-metadata.properties (project :path_provider_android) (Thread[#44443,Execution worker,5,main]) started.
[        ] Resolve mutations for :quill_native_bridge_android:preBuild (Thread[#44443,Execution worker,5,main]) started.
[        ] :quill_native_bridge_android:preBuild (Thread[#44443,Execution worker,5,main]) started.
[        ] > Task :quill_native_bridge_android:preBuild UP-TO-DATE
[        ] Skipping task ':quill_native_bridge_android:preBuild' as it has no actions.
[        ] Resolve mutations for :quill_native_bridge_android:preDebugBuild (Thread[#44443,Execution worker,5,main]) started.
[        ] :quill_native_bridge_android:preDebugBuild (Thread[#44443,Execution worker,5,main]) started.
[        ] > Task :quill_native_bridge_android:preDebugBuild UP-TO-DATE
[        ] Skipping task ':quill_native_bridge_android:preDebugBuild' as it has no actions.
[        ] Resolve mutations for :quill_native_bridge_android:writeDebugAarMetadata (Thread[#44443,Execution worker,5,main]) started.
[        ] :quill_native_bridge_android:writeDebugAarMetadata (Thread[#44443,Execution worker,5,main]) started.
[        ] > Task :quill_native_bridge_android:writeDebugAarMetadata UP-TO-DATE
[        ] Caching disabled for task ':quill_native_bridge_android:writeDebugAarMetadata' because:
[        ]   Build cache is disabled
[        ]   Caching has been disabled for the task
[        ] Skipping task ':quill_native_bridge_android:writeDebugAarMetadata' as it is up-to-date.
[        ] work action resolve aar-metadata.properties (project :quill_native_bridge_android) (Thread[#44443,Execution worker,5,main]) started.
[        ] Resolve mutations for :shared_preferences_android:preBuild (Thread[#44450,Execution worker Thread 8,5,main]) started.
[        ] :shared_preferences_android:preBuild (Thread[#44450,Execution worker Thread 8,5,main]) started.
[        ] > Task :shared_preferences_android:preBuild UP-TO-DATE
[        ] Skipping task ':shared_preferences_android:preBuild' as it has no actions.
[        ] Resolve mutations for :shared_preferences_android:preDebugBuild (Thread[#44450,Execution worker Thread 8,5,main]) started.
[        ] :shared_preferences_android:preDebugBuild (Thread[#44450,Execution worker Thread 8,5,main]) started.
[        ] > Task :shared_preferences_android:preDebugBuild UP-TO-DATE
[        ] Skipping task ':shared_preferences_android:preDebugBuild' as it has no actions.
[        ] Resolve mutations for :shared_preferences_android:writeDebugAarMetadata (Thread[#44450,Execution worker Thread 8,5,main]) started.
[        ] :shared_preferences_android:writeDebugAarMetadata (Thread[#44450,Execution worker Thread 8,5,main]) started.
[        ] > Task :shared_preferences_android:writeDebugAarMetadata UP-TO-DATE
[        ] Caching disabled for task ':shared_preferences_android:writeDebugAarMetadata' because:
[        ]   Build cache is disabled
[        ]   Caching has been disabled for the task
[        ] Skipping task ':shared_preferences_android:writeDebugAarMetadata' as it is up-to-date.
[        ] work action resolve aar-metadata.properties (project :shared_preferences_android) (Thread[#44450,Execution worker Thread 8,5,main]) started.
[        ] Resolve mutations for :sqflite_android:preBuild (Thread[#44450,Execution worker Thread 8,5,main]) started.
[        ] :sqflite_android:preBuild (Thread[#44450,Execution worker Thread 8,5,main]) started.
[        ] > Task :sqflite_android:preBuild UP-TO-DATE
[        ] Skipping task ':sqflite_android:preBuild' as it has no actions.
[        ] Resolve mutations for :sqflite_android:preDebugBuild (Thread[#44450,Execution worker Thread 8,5,main]) started.
[        ] :sqflite_android:preDebugBuild (Thread[#44450,Execution worker Thread 8,5,main]) started.
[        ] > Task :sqflite_android:preDebugBuild UP-TO-DATE
[        ] Skipping task ':sqflite_android:preDebugBuild' as it has no actions.
[        ] Resolve mutations for :sqflite_android:writeDebugAarMetadata (Thread[#44450,Execution worker Thread 8,5,main]) started.
[        ] :sqflite_android:writeDebugAarMetadata (Thread[#44450,Execution worker Thread 8,5,main]) started.
[        ] > Task :sqflite_android:writeDebugAarMetadata UP-TO-DATE
[        ] Caching disabled for task ':sqflite_android:writeDebugAarMetadata' because:
[        ]   Build cache is disabled
[        ]   Caching has been disabled for the task
[        ] Skipping task ':sqflite_android:writeDebugAarMetadata' as it is up-to-date.
[        ] work action resolve aar-metadata.properties (project :sqflite_android) (Thread[#44450,Execution worker Thread 8,5,main]) started.
[        ] Resolve mutations for :url_launcher_android:preBuild (Thread[#44450,Execution worker Thread 8,5,main]) started.
[        ] :url_launcher_android:preBuild (Thread[#44450,Execution worker Thread 8,5,main]) started.
[        ] > Task :url_launcher_android:preBuild UP-TO-DATE
[        ] Skipping task ':url_launcher_android:preBuild' as it has no actions.
[        ] Resolve mutations for :url_launcher_android:preDebugBuild (Thread[#44450,Execution worker Thread 8,5,main]) started.
[        ] :url_launcher_android:preDebugBuild (Thread[#44450,Execution worker Thread 8,5,main]) started.
[        ] > Task :url_launcher_android:preDebugBuild UP-TO-DATE
[        ] Skipping task ':url_launcher_android:preDebugBuild' as it has no actions.
[        ] Resolve mutations for :url_launcher_android:writeDebugAarMetadata (Thread[#44450,Execution worker Thread 8,5,main]) started.
[        ] :url_launcher_android:writeDebugAarMetadata (Thread[#44450,Execution worker Thread 8,5,main]) started.
[        ] > Task :url_launcher_android:writeDebugAarMetadata UP-TO-DATE
[        ] Caching disabled for task ':url_launcher_android:writeDebugAarMetadata' because:
[        ]   Build cache is disabled
[        ]   Caching has been disabled for the task
[        ] Skipping task ':url_launcher_android:writeDebugAarMetadata' as it is up-to-date.
[        ] work action resolve aar-metadata.properties (project :url_launcher_android) (Thread[#44450,Execution worker Thread 8,5,main]) started.
[        ] Resolve mutations for :video_player_android:preBuild (Thread[#44450,Execution worker Thread 8,5,main]) started.
[        ] :video_player_android:preBuild (Thread[#44450,Execution worker Thread 8,5,main]) started.
[        ] > Task :video_player_android:preBuild UP-TO-DATE
[        ] Skipping task ':video_player_android:preBuild' as it has no actions.
[        ] Resolve mutations for :video_player_android:preDebugBuild (Thread[#44450,Execution worker Thread 8,5,main]) started.
[        ] :video_player_android:preDebugBuild (Thread[#44450,Execution worker Thread 8,5,main]) started.
[        ] > Task :video_player_android:preDebugBuild UP-TO-DATE
[        ] Skipping task ':video_player_android:preDebugBuild' as it has no actions.
[        ] Resolve mutations for :video_player_android:writeDebugAarMetadata (Thread[#44450,Execution worker Thread 8,5,main]) started.
[        ] :video_player_android:writeDebugAarMetadata (Thread[#44456,Execution worker Thread 13,5,main]) started.
[        ] > Task :video_player_android:writeDebugAarMetadata UP-TO-DATE
[        ] Caching disabled for task ':video_player_android:writeDebugAarMetadata' because:
[        ]   Build cache is disabled
[        ]   Caching has been disabled for the task
[        ] Skipping task ':video_player_android:writeDebugAarMetadata' as it is up-to-date.
[        ] work action resolve aar-metadata.properties (project :video_player_android) (Thread[#44456,Execution worker Thread 13,5,main]) started.
[        ] Resolve mutations for :app:checkDebugAarMetadata (Thread[#44456,Execution worker Thread 13,5,main]) started.
[        ] :app:checkDebugAarMetadata (Thread[#44456,Execution worker Thread 13,5,main]) started.
[  +92 ms] > Task :app:checkDebugAarMetadata UP-TO-DATE
[        ] Caching disabled for task ':app:checkDebugAarMetadata' because:
[        ]   Build cache is disabled
[        ]   Caching has been disabled for the task
[        ] Skipping task ':app:checkDebugAarMetadata' as it is up-to-date.
[        ] Resolve mutations for :app:cleanMergeDebugAssets (Thread[#44456,Execution worker Thread 13,5,main]) started.
[        ] :app:cleanMergeDebugAssets (Thread[#44456,Execution worker Thread 13,5,main]) started.
[        ] > Task :app:cleanMergeDebugAssets
[        ] Caching disabled for task ':app:cleanMergeDebugAssets' because:
[        ]   Build cache is disabled
[        ] Task ':app:cleanMergeDebugAssets' is not up-to-date because:
[        ]   Task has not declared any outputs despite executing actions.
[        ] Resolve mutations for :app:mergeDebugShaders (Thread[#44456,Execution worker Thread 13,5,main]) started.
[        ] :app:mergeDebugShaders (Thread[#44456,Execution worker Thread 13,5,main]) started.
[        ] > Task :app:mergeDebugShaders UP-TO-DATE
[        ] Caching disabled for task ':app:mergeDebugShaders' because:
[        ]   Build cache is disabled
[        ]   Simple merging task
[        ] Skipping task ':app:mergeDebugShaders' as it is up-to-date.
[        ] Resolve mutations for :app:compileDebugShaders (Thread[#44456,Execution worker Thread 13,5,main]) started.
[        ] :app:compileDebugShaders (Thread[#44456,Execution worker Thread 13,5,main]) started.
[        ] > Task :app:compileDebugShaders NO-SOURCE
[        ] Skipping task ':app:compileDebugShaders' as it has no source files and no previous output files.
[        ] Resolve mutations for :app:generateDebugAssets (Thread[#44456,Execution worker Thread 13,5,main]) started.
[        ] :app:generateDebugAssets (Thread[#44456,Execution worker Thread 13,5,main]) started.
[        ] > Task :app:generateDebugAssets UP-TO-DATE
[        ] Skipping task ':app:generateDebugAssets' as it has no actions.
[        ] Resolve mutations for :connectivity_plus:mergeDebugShaders (Thread[#44456,Execution worker Thread 13,5,main]) started.
[        ] :connectivity_plus:mergeDebugShaders (Thread[#44456,Execution worker Thread 13,5,main]) started.
[        ] > Task :connectivity_plus:mergeDebugShaders UP-TO-DATE
[        ] Caching disabled for task ':connectivity_plus:mergeDebugShaders' because:
[        ]   Build cache is disabled
[        ]   Simple merging task
[        ] Skipping task ':connectivity_plus:mergeDebugShaders' as it is up-to-date.
[        ] Resolve mutations for :connectivity_plus:compileDebugShaders (Thread[#44456,Execution worker Thread 13,5,main]) started.
[        ] :connectivity_plus:compileDebugShaders (Thread[#44456,Execution worker Thread 13,5,main]) started.
[        ] > Task :connectivity_plus:compileDebugShaders NO-SOURCE
[        ] Skipping task ':connectivity_plus:compileDebugShaders' as it has no source files and no previous output files.
[        ] Resolve mutations for :connectivity_plus:generateDebugAssets (Thread[#44456,Execution worker Thread 13,5,main]) started.
[        ] :connectivity_plus:generateDebugAssets (Thread[#44456,Execution worker Thread 13,5,main]) started.
[        ] > Task :connectivity_plus:generateDebugAssets UP-TO-DATE
[        ] Skipping task ':connectivity_plus:generateDebugAssets' as it has no actions.
[        ] Resolve mutations for :connectivity_plus:mergeDebugAssets (Thread[#44456,Execution worker Thread 13,5,main]) started.
[        ] :connectivity_plus:mergeDebugAssets (Thread[#44456,Execution worker Thread 13,5,main]) started.
[        ] > Task :connectivity_plus:mergeDebugAssets UP-TO-DATE
[        ] Caching disabled for task ':connectivity_plus:mergeDebugAssets' because:
[        ]   Build cache is disabled
[        ]   Simple merging task
[        ] Skipping task ':connectivity_plus:mergeDebugAssets' as it is up-to-date.
[        ] work action resolve mergeDebugAssets (project :connectivity_plus) (Thread[#44456,Execution worker Thread 13,5,main]) started.
[        ] Resolve mutations for :emoji_picker_flutter:mergeDebugShaders (Thread[#44456,Execution worker Thread 13,5,main]) started.
[        ] :emoji_picker_flutter:mergeDebugShaders (Thread[#44456,Execution worker Thread 13,5,main]) started.
[        ] > Task :emoji_picker_flutter:mergeDebugShaders UP-TO-DATE
[        ] Caching disabled for task ':emoji_picker_flutter:mergeDebugShaders' because:
[        ]   Build cache is disabled
[        ]   Simple merging task
[        ] Skipping task ':emoji_picker_flutter:mergeDebugShaders' as it is up-to-date.
[        ] Resolve mutations for :emoji_picker_flutter:compileDebugShaders (Thread[#44456,Execution worker Thread 13,5,main]) started.
[        ] :emoji_picker_flutter:compileDebugShaders (Thread[#44456,Execution worker Thread 13,5,main]) started.
[        ] > Task :emoji_picker_flutter:compileDebugShaders NO-SOURCE
[        ] Skipping task ':emoji_picker_flutter:compileDebugShaders' as it has no source files and no previous output files.
[        ] Resolve mutations for :emoji_picker_flutter:generateDebugAssets (Thread[#44456,Execution worker Thread 13,5,main]) started.
[        ] :emoji_picker_flutter:generateDebugAssets (Thread[#44456,Execution worker Thread 13,5,main]) started.
[        ] > Task :emoji_picker_flutter:generateDebugAssets UP-TO-DATE
[        ] Skipping task ':emoji_picker_flutter:generateDebugAssets' as it has no actions.
[        ] Resolve mutations for :emoji_picker_flutter:mergeDebugAssets (Thread[#44456,Execution worker Thread 13,5,main]) started.
[        ] :emoji_picker_flutter:mergeDebugAssets (Thread[#44453,Execution worker Thread 10,5,main]) started.
[        ] > Task :emoji_picker_flutter:mergeDebugAssets UP-TO-DATE
[        ] Caching disabled for task ':emoji_picker_flutter:mergeDebugAssets' because:
[        ]   Build cache is disabled
[        ]   Simple merging task
[        ] Skipping task ':emoji_picker_flutter:mergeDebugAssets' as it is up-to-date.
[        ] work action resolve mergeDebugAssets (project :emoji_picker_flutter) (Thread[#44453,Execution worker Thread 10,5,main]) started.
[        ] Resolve mutations for :file_selector_android:mergeDebugShaders (Thread[#44453,Execution worker Thread 10,5,main]) started.
[        ] :file_selector_android:mergeDebugShaders (Thread[#44453,Execution worker Thread 10,5,main]) started.
[        ] > Task :file_selector_android:mergeDebugShaders UP-TO-DATE
[        ] Caching disabled for task ':file_selector_android:mergeDebugShaders' because:
[        ]   Build cache is disabled
[        ]   Simple merging task
[        ] Skipping task ':file_selector_android:mergeDebugShaders' as it is up-to-date.
[        ] Resolve mutations for :file_selector_android:compileDebugShaders (Thread[#44453,Execution worker Thread 10,5,main]) started.
[        ] :file_selector_android:compileDebugShaders (Thread[#44453,Execution worker Thread 10,5,main]) started.
[        ] > Task :file_selector_android:compileDebugShaders NO-SOURCE
[        ] Skipping task ':file_selector_android:compileDebugShaders' as it has no source files and no previous output files.
[        ] Resolve mutations for :file_selector_android:generateDebugAssets (Thread[#44453,Execution worker Thread 10,5,main]) started.
[        ] :file_selector_android:generateDebugAssets (Thread[#44453,Execution worker Thread 10,5,main]) started.
[        ] > Task :file_selector_android:generateDebugAssets UP-TO-DATE
[        ] Skipping task ':file_selector_android:generateDebugAssets' as it has no actions.
[        ] Resolve mutations for :file_selector_android:mergeDebugAssets (Thread[#44453,Execution worker Thread 10,5,main]) started.
[        ] :file_selector_android:mergeDebugAssets (Thread[#44453,Execution worker Thread 10,5,main]) started.
[        ] > Task :file_selector_android:mergeDebugAssets UP-TO-DATE
[        ] Caching disabled for task ':file_selector_android:mergeDebugAssets' because:
[        ]   Build cache is disabled
[        ]   Simple merging task
[        ] Skipping task ':file_selector_android:mergeDebugAssets' as it is up-to-date.
[        ] work action resolve mergeDebugAssets (project :file_selector_android) (Thread[#44453,Execution worker Thread 10,5,main]) started.
[        ] Resolve mutations for :flutter_keyboard_visibility_temp_fork:mergeDebugShaders (Thread[#44453,Execution worker Thread 10,5,main]) started.
[        ] :flutter_keyboard_visibility_temp_fork:mergeDebugShaders (Thread[#44453,Execution worker Thread 10,5,main]) started.
[        ] > Task :flutter_keyboard_visibility_temp_fork:mergeDebugShaders UP-TO-DATE
[        ] Caching disabled for task ':flutter_keyboard_visibility_temp_fork:mergeDebugShaders' because:
[        ]   Build cache is disabled
[        ]   Simple merging task
[        ] Skipping task ':flutter_keyboard_visibility_temp_fork:mergeDebugShaders' as it is up-to-date.
[        ] Resolve mutations for :flutter_keyboard_visibility_temp_fork:compileDebugShaders (Thread[#44453,Execution worker Thread 10,5,main]) started.
[        ] :flutter_keyboard_visibility_temp_fork:compileDebugShaders (Thread[#44453,Execution worker Thread 10,5,main]) started.
[        ] > Task :flutter_keyboard_visibility_temp_fork:compileDebugShaders NO-SOURCE
[        ] Skipping task ':flutter_keyboard_visibility_temp_fork:compileDebugShaders' as it has no source files and no previous output files.
[        ] Resolve mutations for :flutter_keyboard_visibility_temp_fork:generateDebugAssets (Thread[#44453,Execution worker Thread 10,5,main]) started.
[        ] :flutter_keyboard_visibility_temp_fork:generateDebugAssets (Thread[#44453,Execution worker Thread 10,5,main]) started.
[        ] > Task :flutter_keyboard_visibility_temp_fork:generateDebugAssets UP-TO-DATE
[        ] Skipping task ':flutter_keyboard_visibility_temp_fork:generateDebugAssets' as it has no actions.
[        ] Resolve mutations for :flutter_keyboard_visibility_temp_fork:mergeDebugAssets (Thread[#44453,Execution worker Thread 10,5,main]) started.
[        ] :flutter_keyboard_visibility_temp_fork:mergeDebugAssets (Thread[#44453,Execution worker Thread 10,5,main]) started.
[        ] > Task :flutter_keyboard_visibility_temp_fork:mergeDebugAssets UP-TO-DATE
[        ] Caching disabled for task ':flutter_keyboard_visibility_temp_fork:mergeDebugAssets' because:
[        ]   Build cache is disabled
[        ]   Simple merging task
[        ] Skipping task ':flutter_keyboard_visibility_temp_fork:mergeDebugAssets' as it is up-to-date.
[        ] work action resolve mergeDebugAssets (project :flutter_keyboard_visibility_temp_fork) (Thread[#44453,Execution worker Thread 10,5,main]) started.
[        ] Resolve mutations for :flutter_native_splash:mergeDebugShaders (Thread[#44453,Execution worker Thread 10,5,main]) started.
[        ] :flutter_native_splash:mergeDebugShaders (Thread[#44453,Execution worker Thread 10,5,main]) started.
[        ] > Task :flutter_native_splash:mergeDebugShaders UP-TO-DATE
[        ] Caching disabled for task ':flutter_native_splash:mergeDebugShaders' because:
[        ]   Build cache is disabled
[        ]   Simple merging task
[        ] Skipping task ':flutter_native_splash:mergeDebugShaders' as it is up-to-date.
[        ] Resolve mutations for :flutter_native_splash:compileDebugShaders (Thread[#44453,Execution worker Thread 10,5,main]) started.
[        ] :flutter_native_splash:compileDebugShaders (Thread[#44453,Execution worker Thread 10,5,main]) started.
[        ] > Task :flutter_native_splash:compileDebugShaders NO-SOURCE
[        ] Skipping task ':flutter_native_splash:compileDebugShaders' as it has no source files and no previous output files.
[        ] Resolve mutations for :flutter_native_splash:generateDebugAssets (Thread[#44453,Execution worker Thread 10,5,main]) started.
[        ] :flutter_native_splash:generateDebugAssets (Thread[#44453,Execution worker Thread 10,5,main]) started.
[        ] > Task :flutter_native_splash:generateDebugAssets UP-TO-DATE
[        ] Skipping task ':flutter_native_splash:generateDebugAssets' as it has no actions.
[        ] Resolve mutations for :flutter_native_splash:mergeDebugAssets (Thread[#44453,Execution worker Thread 10,5,main]) started.
[        ] :flutter_native_splash:mergeDebugAssets (Thread[#44453,Execution worker Thread 10,5,main]) started.
[        ] > Task :flutter_native_splash:mergeDebugAssets UP-TO-DATE
[        ] Caching disabled for task ':flutter_native_splash:mergeDebugAssets' because:
[        ]   Build cache is disabled
[        ]   Simple merging task
[        ] Skipping task ':flutter_native_splash:mergeDebugAssets' as it is up-to-date.
[        ] work action resolve mergeDebugAssets (project :flutter_native_splash) (Thread[#44453,Execution worker Thread 10,5,main]) started.
[        ] Resolve mutations for :flutter_olm:mergeDebugShaders (Thread[#44453,Execution worker Thread 10,5,main]) started.
[        ] :flutter_olm:mergeDebugShaders (Thread[#44453,Execution worker Thread 10,5,main]) started.
[        ] > Task :flutter_olm:mergeDebugShaders UP-TO-DATE
[        ] Caching disabled for task ':flutter_olm:mergeDebugShaders' because:
[        ]   Build cache is disabled
[        ]   Simple merging task
[        ] Skipping task ':flutter_olm:mergeDebugShaders' as it is up-to-date.
[        ] Resolve mutations for :flutter_olm:compileDebugShaders (Thread[#44453,Execution worker Thread 10,5,main]) started.
[        ] :flutter_olm:compileDebugShaders (Thread[#44453,Execution worker Thread 10,5,main]) started.
[        ] > Task :flutter_olm:compileDebugShaders NO-SOURCE
[        ] Skipping task ':flutter_olm:compileDebugShaders' as it has no source files and no previous output files.
[        ] Resolve mutations for :flutter_olm:generateDebugAssets (Thread[#44453,Execution worker Thread 10,5,main]) started.
[        ] :flutter_olm:generateDebugAssets (Thread[#44453,Execution worker Thread 10,5,main]) started.
[        ] > Task :flutter_olm:generateDebugAssets UP-TO-DATE
[        ] Skipping task ':flutter_olm:generateDebugAssets' as it has no actions.
[        ] Resolve mutations for :flutter_olm:mergeDebugAssets (Thread[#44453,Execution worker Thread 10,5,main]) started.
[        ] :flutter_olm:mergeDebugAssets (Thread[#44453,Execution worker Thread 10,5,main]) started.
[        ] > Task :flutter_olm:mergeDebugAssets UP-TO-DATE
[        ] Caching disabled for task ':flutter_olm:mergeDebugAssets' because:
[        ]   Build cache is disabled
[        ]   Simple merging task
[        ] Skipping task ':flutter_olm:mergeDebugAssets' as it is up-to-date.
[        ] work action resolve mergeDebugAssets (project :flutter_olm) (Thread[#44453,Execution worker Thread 10,5,main]) started.
[        ] Resolve mutations for :flutter_openssl_crypto:mergeDebugShaders (Thread[#44453,Execution worker Thread 10,5,main]) started.
[        ] :flutter_openssl_crypto:mergeDebugShaders (Thread[#44453,Execution worker Thread 10,5,main]) started.
[        ] > Task :flutter_openssl_crypto:mergeDebugShaders UP-TO-DATE
[        ] Caching disabled for task ':flutter_openssl_crypto:mergeDebugShaders' because:
[        ]   Build cache is disabled
[        ]   Simple merging task
[        ] Skipping task ':flutter_openssl_crypto:mergeDebugShaders' as it is up-to-date.
[        ] Resolve mutations for :flutter_openssl_crypto:compileDebugShaders (Thread[#44453,Execution worker Thread 10,5,main]) started.
[        ] :flutter_openssl_crypto:compileDebugShaders (Thread[#44453,Execution worker Thread 10,5,main]) started.
[        ] > Task :flutter_openssl_crypto:compileDebugShaders NO-SOURCE
[        ] Skipping task ':flutter_openssl_crypto:compileDebugShaders' as it has no source files and no previous output files.
[        ] Resolve mutations for :flutter_openssl_crypto:generateDebugAssets (Thread[#44453,Execution worker Thread 10,5,main]) started.
[        ] :flutter_openssl_crypto:generateDebugAssets (Thread[#44453,Execution worker Thread 10,5,main]) started.
[        ] > Task :flutter_openssl_crypto:generateDebugAssets UP-TO-DATE
[        ] Skipping task ':flutter_openssl_crypto:generateDebugAssets' as it has no actions.
[        ] Resolve mutations for :flutter_openssl_crypto:mergeDebugAssets (Thread[#44453,Execution worker Thread 10,5,main]) started.
[        ] :flutter_openssl_crypto:mergeDebugAssets (Thread[#44453,Execution worker Thread 10,5,main]) started.
[        ] > Task :flutter_openssl_crypto:mergeDebugAssets UP-TO-DATE
[        ] Caching disabled for task ':flutter_openssl_crypto:mergeDebugAssets' because:
[        ]   Build cache is disabled
[        ]   Simple merging task
[        ] Skipping task ':flutter_openssl_crypto:mergeDebugAssets' as it is up-to-date.
[        ] work action resolve mergeDebugAssets (project :flutter_openssl_crypto) (Thread[#44453,Execution worker Thread 10,5,main]) started.
[        ] Resolve mutations for :integration_test:mergeDebugShaders (Thread[#44453,Execution worker Thread 10,5,main]) started.
[        ] :integration_test:mergeDebugShaders (Thread[#44453,Execution worker Thread 10,5,main]) started.
[        ] > Task :integration_test:mergeDebugShaders UP-TO-DATE
[        ] Caching disabled for task ':integration_test:mergeDebugShaders' because:
[        ]   Build cache is disabled
[        ]   Simple merging task
[        ] Skipping task ':integration_test:mergeDebugShaders' as it is up-to-date.
[        ] Resolve mutations for :integration_test:compileDebugShaders (Thread[#44453,Execution worker Thread 10,5,main]) started.
[        ] :integration_test:compileDebugShaders (Thread[#44453,Execution worker Thread 10,5,main]) started.
[        ] > Task :integration_test:compileDebugShaders NO-SOURCE
[        ] Skipping task ':integration_test:compileDebugShaders' as it has no source files and no previous output files.
[        ] Resolve mutations for :integration_test:generateDebugAssets (Thread[#44453,Execution worker Thread 10,5,main]) started.
[        ] :integration_test:generateDebugAssets (Thread[#44453,Execution worker Thread 10,5,main]) started.
[        ] > Task :integration_test:generateDebugAssets UP-TO-DATE
[        ] Skipping task ':integration_test:generateDebugAssets' as it has no actions.
[        ] Resolve mutations for :integration_test:mergeDebugAssets (Thread[#44453,Execution worker Thread 10,5,main]) started.
[        ] :integration_test:mergeDebugAssets (Thread[#44453,Execution worker Thread 10,5,main]) started.
[        ] > Task :integration_test:mergeDebugAssets UP-TO-DATE
[        ] Caching disabled for task ':integration_test:mergeDebugAssets' because:
[        ]   Build cache is disabled
[        ]   Simple merging task
[        ] Skipping task ':integration_test:mergeDebugAssets' as it is up-to-date.
[        ] work action resolve mergeDebugAssets (project :integration_test) (Thread[#44453,Execution worker Thread 10,5,main]) started.
[        ] Resolve mutations for :path_provider_android:mergeDebugShaders (Thread[#44453,Execution worker Thread 10,5,main]) started.
[        ] :path_provider_android:mergeDebugShaders (Thread[#44453,Execution worker Thread 10,5,main]) started.
[        ] > Task :path_provider_android:mergeDebugShaders UP-TO-DATE
[        ] Caching disabled for task ':path_provider_android:mergeDebugShaders' because:
[        ]   Build cache is disabled
[        ]   Simple merging task
[        ] Skipping task ':path_provider_android:mergeDebugShaders' as it is up-to-date.
[        ] Resolve mutations for :path_provider_android:compileDebugShaders (Thread[#44453,Execution worker Thread 10,5,main]) started.
[        ] :path_provider_android:compileDebugShaders (Thread[#44453,Execution worker Thread 10,5,main]) started.
[        ] > Task :path_provider_android:compileDebugShaders NO-SOURCE
[        ] Skipping task ':path_provider_android:compileDebugShaders' as it has no source files and no previous output files.
[        ] Resolve mutations for :path_provider_android:generateDebugAssets (Thread[#44453,Execution worker Thread 10,5,main]) started.
[        ] :path_provider_android:generateDebugAssets (Thread[#44453,Execution worker Thread 10,5,main]) started.
[        ] > Task :path_provider_android:generateDebugAssets UP-TO-DATE
[        ] Skipping task ':path_provider_android:generateDebugAssets' as it has no actions.
[        ] Resolve mutations for :path_provider_android:mergeDebugAssets (Thread[#44453,Execution worker Thread 10,5,main]) started.
[        ] :path_provider_android:mergeDebugAssets (Thread[#44453,Execution worker Thread 10,5,main]) started.
[        ] > Task :path_provider_android:mergeDebugAssets UP-TO-DATE
[        ] Caching disabled for task ':path_provider_android:mergeDebugAssets' because:
[        ]   Build cache is disabled
[        ]   Simple merging task
[        ] Skipping task ':path_provider_android:mergeDebugAssets' as it is up-to-date.
[        ] work action resolve mergeDebugAssets (project :path_provider_android) (Thread[#44453,Execution worker Thread 10,5,main]) started.
[        ] Resolve mutations for :quill_native_bridge_android:mergeDebugShaders (Thread[#44453,Execution worker Thread 10,5,main]) started.
[        ] :quill_native_bridge_android:mergeDebugShaders (Thread[#44453,Execution worker Thread 10,5,main]) started.
[        ] > Task :quill_native_bridge_android:mergeDebugShaders UP-TO-DATE
[        ] Caching disabled for task ':quill_native_bridge_android:mergeDebugShaders' because:
[        ]   Build cache is disabled
[        ]   Simple merging task
[        ] Skipping task ':quill_native_bridge_android:mergeDebugShaders' as it is up-to-date.
[        ] Resolve mutations for :quill_native_bridge_android:compileDebugShaders (Thread[#44453,Execution worker Thread 10,5,main]) started.
[        ] :quill_native_bridge_android:compileDebugShaders (Thread[#44453,Execution worker Thread 10,5,main]) started.
[        ] > Task :quill_native_bridge_android:compileDebugShaders NO-SOURCE
[        ] Skipping task ':quill_native_bridge_android:compileDebugShaders' as it has no source files and no previous output files.
[        ] Resolve mutations for :quill_native_bridge_android:generateDebugAssets (Thread[#44453,Execution worker Thread 10,5,main]) started.
[        ] :quill_native_bridge_android:generateDebugAssets (Thread[#44453,Execution worker Thread 10,5,main]) started.
[        ] > Task :quill_native_bridge_android:generateDebugAssets UP-TO-DATE
[        ] Skipping task ':quill_native_bridge_android:generateDebugAssets' as it has no actions.
[        ] Resolve mutations for :quill_native_bridge_android:mergeDebugAssets (Thread[#44453,Execution worker Thread 10,5,main]) started.
[        ] :quill_native_bridge_android:mergeDebugAssets (Thread[#44453,Execution worker Thread 10,5,main]) started.
[        ] > Task :quill_native_bridge_android:mergeDebugAssets UP-TO-DATE
[        ] Caching disabled for task ':quill_native_bridge_android:mergeDebugAssets' because:
[        ]   Build cache is disabled
[        ]   Simple merging task
[        ] Skipping task ':quill_native_bridge_android:mergeDebugAssets' as it is up-to-date.
[        ] work action resolve mergeDebugAssets (project :quill_native_bridge_android) (Thread[#44453,Execution worker Thread 10,5,main]) started.
[        ] Resolve mutations for :shared_preferences_android:mergeDebugShaders (Thread[#44453,Execution worker Thread 10,5,main]) started.
[        ] :shared_preferences_android:mergeDebugShaders (Thread[#44453,Execution worker Thread 10,5,main]) started.
[        ] > Task :shared_preferences_android:mergeDebugShaders UP-TO-DATE
[        ] Caching disabled for task ':shared_preferences_android:mergeDebugShaders' because:
[        ]   Build cache is disabled
[        ]   Simple merging task
[        ] Skipping task ':shared_preferences_android:mergeDebugShaders' as it is up-to-date.
[        ] Resolve mutations for :shared_preferences_android:compileDebugShaders (Thread[#44453,Execution worker Thread 10,5,main]) started.
[        ] :shared_preferences_android:compileDebugShaders (Thread[#44453,Execution worker Thread 10,5,main]) started.
[        ] > Task :shared_preferences_android:compileDebugShaders NO-SOURCE
[        ] Skipping task ':shared_preferences_android:compileDebugShaders' as it has no source files and no previous output files.
[        ] Resolve mutations for :shared_preferences_android:generateDebugAssets (Thread[#44453,Execution worker Thread 10,5,main]) started.
[        ] :shared_preferences_android:generateDebugAssets (Thread[#44453,Execution worker Thread 10,5,main]) started.
[        ] > Task :shared_preferences_android:generateDebugAssets UP-TO-DATE
[        ] Skipping task ':shared_preferences_android:generateDebugAssets' as it has no actions.
[        ] Resolve mutations for :shared_preferences_android:mergeDebugAssets (Thread[#44453,Execution worker Thread 10,5,main]) started.
[        ] :shared_preferences_android:mergeDebugAssets (Thread[#44453,Execution worker Thread 10,5,main]) started.
[        ] > Task :shared_preferences_android:mergeDebugAssets UP-TO-DATE
[        ] Caching disabled for task ':shared_preferences_android:mergeDebugAssets' because:
[        ]   Build cache is disabled
[        ]   Simple merging task
[        ] Skipping task ':shared_preferences_android:mergeDebugAssets' as it is up-to-date.
[        ] work action resolve mergeDebugAssets (project :shared_preferences_android) (Thread[#44453,Execution worker Thread 10,5,main]) started.
[        ] Resolve mutations for :sqflite_android:mergeDebugShaders (Thread[#44453,Execution worker Thread 10,5,main]) started.
[        ] :sqflite_android:mergeDebugShaders (Thread[#44453,Execution worker Thread 10,5,main]) started.
[        ] > Task :sqflite_android:mergeDebugShaders UP-TO-DATE
[        ] Caching disabled for task ':sqflite_android:mergeDebugShaders' because:
[        ]   Build cache is disabled
[        ]   Simple merging task
[        ] Skipping task ':sqflite_android:mergeDebugShaders' as it is up-to-date.
[        ] Resolve mutations for :sqflite_android:compileDebugShaders (Thread[#44453,Execution worker Thread 10,5,main]) started.
[        ] :sqflite_android:compileDebugShaders (Thread[#44453,Execution worker Thread 10,5,main]) started.
[        ] > Task :sqflite_android:compileDebugShaders NO-SOURCE
[        ] Skipping task ':sqflite_android:compileDebugShaders' as it has no source files and no previous output files.
[        ] Resolve mutations for :sqflite_android:generateDebugAssets (Thread[#44453,Execution worker Thread 10,5,main]) started.
[        ] :sqflite_android:generateDebugAssets (Thread[#44453,Execution worker Thread 10,5,main]) started.
[        ] > Task :sqflite_android:generateDebugAssets UP-TO-DATE
[        ] Skipping task ':sqflite_android:generateDebugAssets' as it has no actions.
[        ] Resolve mutations for :sqflite_android:mergeDebugAssets (Thread[#44453,Execution worker Thread 10,5,main]) started.
[        ] :sqflite_android:mergeDebugAssets (Thread[#44453,Execution worker Thread 10,5,main]) started.
[        ] > Task :sqflite_android:mergeDebugAssets UP-TO-DATE
[        ] Caching disabled for task ':sqflite_android:mergeDebugAssets' because:
[        ]   Build cache is disabled
[        ]   Simple merging task
[        ] Skipping task ':sqflite_android:mergeDebugAssets' as it is up-to-date.
[        ] work action resolve mergeDebugAssets (project :sqflite_android) (Thread[#44453,Execution worker Thread 10,5,main]) started.
[        ] Resolve mutations for :url_launcher_android:mergeDebugShaders (Thread[#44453,Execution worker Thread 10,5,main]) started.
[        ] :url_launcher_android:mergeDebugShaders (Thread[#44453,Execution worker Thread 10,5,main]) started.
[        ] > Task :url_launcher_android:mergeDebugShaders UP-TO-DATE
[        ] Caching disabled for task ':url_launcher_android:mergeDebugShaders' because:
[        ]   Build cache is disabled
[        ]   Simple merging task
[        ] Skipping task ':url_launcher_android:mergeDebugShaders' as it is up-to-date.
[        ] Resolve mutations for :url_launcher_android:compileDebugShaders (Thread[#44453,Execution worker Thread 10,5,main]) started.
[        ] :url_launcher_android:compileDebugShaders (Thread[#44453,Execution worker Thread 10,5,main]) started.
[        ] > Task :url_launcher_android:compileDebugShaders NO-SOURCE
[        ] Skipping task ':url_launcher_android:compileDebugShaders' as it has no source files and no previous output files.
[        ] Resolve mutations for :url_launcher_android:generateDebugAssets (Thread[#44453,Execution worker Thread 10,5,main]) started.
[        ] :url_launcher_android:generateDebugAssets (Thread[#44453,Execution worker Thread 10,5,main]) started.
[        ] > Task :url_launcher_android:generateDebugAssets UP-TO-DATE
[        ] Skipping task ':url_launcher_android:generateDebugAssets' as it has no actions.
[        ] Resolve mutations for :url_launcher_android:mergeDebugAssets (Thread[#44453,Execution worker Thread 10,5,main]) started.
[        ] :url_launcher_android:mergeDebugAssets (Thread[#44453,Execution worker Thread 10,5,main]) started.
[        ] > Task :url_launcher_android:mergeDebugAssets UP-TO-DATE
[        ] Caching disabled for task ':url_launcher_android:mergeDebugAssets' because:
[        ]   Build cache is disabled
[        ]   Simple merging task
[        ] Skipping task ':url_launcher_android:mergeDebugAssets' as it is up-to-date.
[        ] work action resolve mergeDebugAssets (project :url_launcher_android) (Thread[#44453,Execution worker Thread 10,5,main]) started.
[        ] Resolve mutations for :video_player_android:mergeDebugShaders (Thread[#44453,Execution worker Thread 10,5,main]) started.
[        ] :video_player_android:mergeDebugShaders (Thread[#44453,Execution worker Thread 10,5,main]) started.
[        ] > Task :video_player_android:mergeDebugShaders UP-TO-DATE
[        ] Caching disabled for task ':video_player_android:mergeDebugShaders' because:
[        ]   Build cache is disabled
[        ]   Simple merging task
[        ] Skipping task ':video_player_android:mergeDebugShaders' as it is up-to-date.
[        ] Resolve mutations for :video_player_android:compileDebugShaders (Thread[#44453,Execution worker Thread 10,5,main]) started.
[        ] :video_player_android:compileDebugShaders (Thread[#44453,Execution worker Thread 10,5,main]) started.
[        ] > Task :video_player_android:compileDebugShaders NO-SOURCE
[        ] Skipping task ':video_player_android:compileDebugShaders' as it has no source files and no previous output files.
[        ] Resolve mutations for :video_player_android:generateDebugAssets (Thread[#44453,Execution worker Thread 10,5,main]) started.
[        ] :video_player_android:generateDebugAssets (Thread[#44453,Execution worker Thread 10,5,main]) started.
[        ] > Task :video_player_android:generateDebugAssets UP-TO-DATE
[        ] Skipping task ':video_player_android:generateDebugAssets' as it has no actions.
[        ] Resolve mutations for :video_player_android:mergeDebugAssets (Thread[#44453,Execution worker Thread 10,5,main]) started.
[        ] :video_player_android:mergeDebugAssets (Thread[#44453,Execution worker Thread 10,5,main]) started.
[        ] > Task :video_player_android:mergeDebugAssets UP-TO-DATE
[        ] Caching disabled for task ':video_player_android:mergeDebugAssets' because:
[        ]   Build cache is disabled
[        ]   Simple merging task
[        ] Skipping task ':video_player_android:mergeDebugAssets' as it is up-to-date.
[        ] work action resolve mergeDebugAssets (project :video_player_android) (Thread[#44453,Execution worker Thread 10,5,main]) started.
[        ] Resolve mutations for :app:mergeDebugAssets (Thread[#44453,Execution worker Thread 10,5,main]) started.
[        ] :app:mergeDebugAssets (Thread[#44453,Execution worker Thread 10,5,main]) started.
[        ] > Task :app:mergeDebugAssets
[        ] Caching disabled for task ':app:mergeDebugAssets' because:
[        ]   Build cache is disabled
[        ]   Simple merging task
[        ] Task ':app:mergeDebugAssets' is not up-to-date because:
[        ]   Output property 'outputDir' file /Users/florian/Code/substitution/build/app/intermediates/assets/debug/mergeDebugAssets has been removed.
[        ] The input changes require a full rebuild for incremental task ':app:mergeDebugAssets'.
[        ] Resolve mutations for :app:copyFlutterAssetsDebug (Thread[#44444,Execution worker Thread 2,5,main]) started.
[        ] :app:copyFlutterAssetsDebug (Thread[#44444,Execution worker Thread 2,5,main]) started.
18:06 +12 -41: loading /Users/florian/Code/substitution/integration_test/room_permissions_test.dart                                                                                                    [ +191 ms] > Task :app:copyFlutterAssetsDebug
[        ] Caching disabled for task ':app:copyFlutterAssetsDebug' because:
[        ]   Build cache is disabled
[        ]   Not worth caching
[        ] Task ':app:copyFlutterAssetsDebug' is not up-to-date because:
[        ]   Output property 'destinationDir' file /Users/florian/Code/substitution/build/app/intermediates/assets/debug/mergeDebugAssets/flutter_assets has been removed.
[        ]   Output property 'destinationDir' file /Users/florian/Code/substitution/build/app/intermediates/assets/debug/mergeDebugAssets/flutter_assets/AssetManifest.bin has been removed.
[        ]   Output property 'destinationDir' file /Users/florian/Code/substitution/build/app/intermediates/assets/debug/mergeDebugAssets/flutter_assets/FontManifest.json has been removed.
[        ]   and more...
[        ] Resolve mutations for :app:generateDebugResValues (Thread[#44444,Execution worker Thread 2,5,main]) started.
[        ] :app:generateDebugResValues (Thread[#44444,Execution worker Thread 2,5,main]) started.
[        ] > Task :app:generateDebugResValues UP-TO-DATE
[        ] Caching disabled for task ':app:generateDebugResValues' because:
[        ]   Build cache is disabled
[        ] Skipping task ':app:generateDebugResValues' as it is up-to-date.
[        ] Resolve mutations for :connectivity_plus:generateDebugResValues (Thread[#44444,Execution worker Thread 2,5,main]) started.
[        ] :connectivity_plus:generateDebugResValues (Thread[#44444,Execution worker Thread 2,5,main]) started.
[        ] > Task :connectivity_plus:generateDebugResValues UP-TO-DATE
[        ] Caching disabled for task ':connectivity_plus:generateDebugResValues' because:
[        ]   Build cache is disabled
[        ] Skipping task ':connectivity_plus:generateDebugResValues' as it is up-to-date.
[        ] Resolve mutations for :connectivity_plus:generateDebugResources (Thread[#44444,Execution worker Thread 2,5,main]) started.
[        ] :connectivity_plus:generateDebugResources (Thread[#44444,Execution worker Thread 2,5,main]) started.
[        ] > Task :connectivity_plus:generateDebugResources UP-TO-DATE
[        ] Caching disabled for task ':connectivity_plus:generateDebugResources' because:
[        ]   Build cache is disabled
[        ] Skipping task ':connectivity_plus:generateDebugResources' as it is up-to-date.
[        ] Resolve mutations for :connectivity_plus:packageDebugResources (Thread[#44444,Execution worker Thread 2,5,main]) started.
[        ] :connectivity_plus:packageDebugResources (Thread[#44444,Execution worker Thread 2,5,main]) started.
[        ] > Task :connectivity_plus:packageDebugResources UP-TO-DATE
[        ] Caching disabled for task ':connectivity_plus:packageDebugResources' because:
[        ]   Build cache is disabled
[        ] Skipping task ':connectivity_plus:packageDebugResources' as it is up-to-date.
[        ] work action resolve packageDebugResources (project :connectivity_plus) (Thread[#44444,Execution worker Thread 2,5,main]) started.
[        ] Resolve mutations for :emoji_picker_flutter:generateDebugResValues (Thread[#44444,Execution worker Thread 2,5,main]) started.
[        ] :emoji_picker_flutter:generateDebugResValues (Thread[#44444,Execution worker Thread 2,5,main]) started.
[        ] > Task :emoji_picker_flutter:generateDebugResValues UP-TO-DATE
[        ] Caching disabled for task ':emoji_picker_flutter:generateDebugResValues' because:
[        ]   Build cache is disabled
[        ] Skipping task ':emoji_picker_flutter:generateDebugResValues' as it is up-to-date.
[        ] Resolve mutations for :emoji_picker_flutter:generateDebugResources (Thread[#44444,Execution worker Thread 2,5,main]) started.
[        ] :emoji_picker_flutter:generateDebugResources (Thread[#44444,Execution worker Thread 2,5,main]) started.
[        ] > Task :emoji_picker_flutter:generateDebugResources UP-TO-DATE
[        ] Caching disabled for task ':emoji_picker_flutter:generateDebugResources' because:
[        ]   Build cache is disabled
[        ] Skipping task ':emoji_picker_flutter:generateDebugResources' as it is up-to-date.
[        ] Resolve mutations for :emoji_picker_flutter:packageDebugResources (Thread[#44444,Execution worker Thread 2,5,main]) started.
[        ] :emoji_picker_flutter:packageDebugResources (Thread[#44444,Execution worker Thread 2,5,main]) started.
[        ] > Task :emoji_picker_flutter:packageDebugResources UP-TO-DATE
[        ] Caching disabled for task ':emoji_picker_flutter:packageDebugResources' because:
[        ]   Build cache is disabled
[        ] Skipping task ':emoji_picker_flutter:packageDebugResources' as it is up-to-date.
[        ] work action resolve packageDebugResources (project :emoji_picker_flutter) (Thread[#44444,Execution worker Thread 2,5,main]) started.
[        ] Resolve mutations for :file_selector_android:generateDebugResValues (Thread[#44444,Execution worker Thread 2,5,main]) started.
[        ] :file_selector_android:generateDebugResValues (Thread[#44444,Execution worker Thread 2,5,main]) started.
[        ] > Task :file_selector_android:generateDebugResValues UP-TO-DATE
[        ] Caching disabled for task ':file_selector_android:generateDebugResValues' because:
[        ]   Build cache is disabled
[        ] Skipping task ':file_selector_android:generateDebugResValues' as it is up-to-date.
[        ] Resolve mutations for :file_selector_android:generateDebugResources (Thread[#44444,Execution worker Thread 2,5,main]) started.
[        ] :file_selector_android:generateDebugResources (Thread[#44444,Execution worker Thread 2,5,main]) started.
[        ] > Task :file_selector_android:generateDebugResources UP-TO-DATE
[        ] Caching disabled for task ':file_selector_android:generateDebugResources' because:
[        ]   Build cache is disabled
[        ] Skipping task ':file_selector_android:generateDebugResources' as it is up-to-date.
[        ] Resolve mutations for :file_selector_android:packageDebugResources (Thread[#44444,Execution worker Thread 2,5,main]) started.
[        ] :file_selector_android:packageDebugResources (Thread[#44444,Execution worker Thread 2,5,main]) started.
[        ] > Task :file_selector_android:packageDebugResources UP-TO-DATE
[        ] Caching disabled for task ':file_selector_android:packageDebugResources' because:
[        ]   Build cache is disabled
[        ] Skipping task ':file_selector_android:packageDebugResources' as it is up-to-date.
[        ] work action resolve packageDebugResources (project :file_selector_android) (Thread[#44444,Execution worker Thread 2,5,main]) started.
[        ] Resolve mutations for :flutter_keyboard_visibility_temp_fork:generateDebugResValues (Thread[#44444,Execution worker Thread 2,5,main]) started.
[        ] :flutter_keyboard_visibility_temp_fork:generateDebugResValues (Thread[#44444,Execution worker Thread 2,5,main]) started.
[        ] > Task :flutter_keyboard_visibility_temp_fork:generateDebugResValues UP-TO-DATE
[        ] Caching disabled for task ':flutter_keyboard_visibility_temp_fork:generateDebugResValues' because:
[        ]   Build cache is disabled
[        ] Skipping task ':flutter_keyboard_visibility_temp_fork:generateDebugResValues' as it is up-to-date.
[        ] Resolve mutations for :flutter_keyboard_visibility_temp_fork:generateDebugResources (Thread[#44444,Execution worker Thread 2,5,main]) started.
[        ] :flutter_keyboard_visibility_temp_fork:generateDebugResources (Thread[#44444,Execution worker Thread 2,5,main]) started.
[        ] > Task :flutter_keyboard_visibility_temp_fork:generateDebugResources UP-TO-DATE
[        ] Caching disabled for task ':flutter_keyboard_visibility_temp_fork:generateDebugResources' because:
[        ]   Build cache is disabled
[        ] Skipping task ':flutter_keyboard_visibility_temp_fork:generateDebugResources' as it is up-to-date.
[        ] Resolve mutations for :flutter_keyboard_visibility_temp_fork:packageDebugResources (Thread[#44444,Execution worker Thread 2,5,main]) started.
[        ] :flutter_keyboard_visibility_temp_fork:packageDebugResources (Thread[#44444,Execution worker Thread 2,5,main]) started.
[        ] > Task :flutter_keyboard_visibility_temp_fork:packageDebugResources UP-TO-DATE
[        ] Caching disabled for task ':flutter_keyboard_visibility_temp_fork:packageDebugResources' because:
[        ]   Build cache is disabled
[        ] Skipping task ':flutter_keyboard_visibility_temp_fork:packageDebugResources' as it is up-to-date.
[        ] work action resolve packageDebugResources (project :flutter_keyboard_visibility_temp_fork) (Thread[#44444,Execution worker Thread 2,5,main]) started.
[        ] Resolve mutations for :flutter_native_splash:generateDebugResValues (Thread[#44444,Execution worker Thread 2,5,main]) started.
[        ] :flutter_native_splash:generateDebugResValues (Thread[#44444,Execution worker Thread 2,5,main]) started.
[        ] > Task :flutter_native_splash:generateDebugResValues UP-TO-DATE
[        ] Caching disabled for task ':flutter_native_splash:generateDebugResValues' because:
[        ]   Build cache is disabled
[        ] Skipping task ':flutter_native_splash:generateDebugResValues' as it is up-to-date.
[        ] Resolve mutations for :flutter_native_splash:generateDebugResources (Thread[#44444,Execution worker Thread 2,5,main]) started.
[        ] :flutter_native_splash:generateDebugResources (Thread[#44444,Execution worker Thread 2,5,main]) started.
[        ] > Task :flutter_native_splash:generateDebugResources UP-TO-DATE
[        ] Caching disabled for task ':flutter_native_splash:generateDebugResources' because:
[        ]   Build cache is disabled
[        ] Skipping task ':flutter_native_splash:generateDebugResources' as it is up-to-date.
[        ] Resolve mutations for :flutter_native_splash:packageDebugResources (Thread[#44444,Execution worker Thread 2,5,main]) started.
[        ] :flutter_native_splash:packageDebugResources (Thread[#44444,Execution worker Thread 2,5,main]) started.
[        ] > Task :flutter_native_splash:packageDebugResources UP-TO-DATE
[        ] Caching disabled for task ':flutter_native_splash:packageDebugResources' because:
[        ]   Build cache is disabled
[        ] Skipping task ':flutter_native_splash:packageDebugResources' as it is up-to-date.
[        ] work action resolve packageDebugResources (project :flutter_native_splash) (Thread[#44444,Execution worker Thread 2,5,main]) started.
[        ] Resolve mutations for :flutter_olm:generateDebugResValues (Thread[#44444,Execution worker Thread 2,5,main]) started.
[        ] :flutter_olm:generateDebugResValues (Thread[#44444,Execution worker Thread 2,5,main]) started.
[        ] > Task :flutter_olm:generateDebugResValues UP-TO-DATE
[        ] Caching disabled for task ':flutter_olm:generateDebugResValues' because:
[        ]   Build cache is disabled
[        ] Skipping task ':flutter_olm:generateDebugResValues' as it is up-to-date.
[        ] Resolve mutations for :flutter_olm:generateDebugResources (Thread[#44444,Execution worker Thread 2,5,main]) started.
[        ] :flutter_olm:generateDebugResources (Thread[#44444,Execution worker Thread 2,5,main]) started.
[        ] > Task :flutter_olm:generateDebugResources UP-TO-DATE
[        ] Caching disabled for task ':flutter_olm:generateDebugResources' because:
[        ]   Build cache is disabled
[        ] Skipping task ':flutter_olm:generateDebugResources' as it is up-to-date.
[        ] Resolve mutations for :flutter_olm:packageDebugResources (Thread[#44444,Execution worker Thread 2,5,main]) started.
[        ] :flutter_olm:packageDebugResources (Thread[#44444,Execution worker Thread 2,5,main]) started.
[        ] > Task :flutter_olm:packageDebugResources UP-TO-DATE
[        ] Caching disabled for task ':flutter_olm:packageDebugResources' because:
[        ]   Build cache is disabled
[        ] Skipping task ':flutter_olm:packageDebugResources' as it is up-to-date.
[        ] work action resolve packageDebugResources (project :flutter_olm) (Thread[#44444,Execution worker Thread 2,5,main]) started.
[        ] Resolve mutations for :flutter_openssl_crypto:generateDebugResValues (Thread[#44444,Execution worker Thread 2,5,main]) started.
[        ] :flutter_openssl_crypto:generateDebugResValues (Thread[#44444,Execution worker Thread 2,5,main]) started.
[        ] > Task :flutter_openssl_crypto:generateDebugResValues UP-TO-DATE
[        ] Caching disabled for task ':flutter_openssl_crypto:generateDebugResValues' because:
[        ]   Build cache is disabled
[        ] Skipping task ':flutter_openssl_crypto:generateDebugResValues' as it is up-to-date.
[        ] Resolve mutations for :flutter_openssl_crypto:generateDebugResources (Thread[#44444,Execution worker Thread 2,5,main]) started.
[        ] :flutter_openssl_crypto:generateDebugResources (Thread[#44444,Execution worker Thread 2,5,main]) started.
[        ] > Task :flutter_openssl_crypto:generateDebugResources UP-TO-DATE
[        ] Caching disabled for task ':flutter_openssl_crypto:generateDebugResources' because:
[        ]   Build cache is disabled
[        ] Skipping task ':flutter_openssl_crypto:generateDebugResources' as it is up-to-date.
[        ] Resolve mutations for :flutter_openssl_crypto:packageDebugResources (Thread[#44444,Execution worker Thread 2,5,main]) started.
[        ] :flutter_openssl_crypto:packageDebugResources (Thread[#44444,Execution worker Thread 2,5,main]) started.
[        ] > Task :flutter_openssl_crypto:packageDebugResources UP-TO-DATE
[        ] Caching disabled for task ':flutter_openssl_crypto:packageDebugResources' because:
[        ]   Build cache is disabled
[        ] Skipping task ':flutter_openssl_crypto:packageDebugResources' as it is up-to-date.
[        ] work action resolve packageDebugResources (project :flutter_openssl_crypto) (Thread[#44444,Execution worker Thread 2,5,main]) started.
[        ] Resolve mutations for :integration_test:generateDebugResValues (Thread[#44444,Execution worker Thread 2,5,main]) started.
[        ] :integration_test:generateDebugResValues (Thread[#44444,Execution worker Thread 2,5,main]) started.
[        ] > Task :integration_test:generateDebugResValues UP-TO-DATE
[        ] Caching disabled for task ':integration_test:generateDebugResValues' because:
[        ]   Build cache is disabled
[        ] Skipping task ':integration_test:generateDebugResValues' as it is up-to-date.
[        ] Resolve mutations for :integration_test:generateDebugResources (Thread[#44444,Execution worker Thread 2,5,main]) started.
[        ] :integration_test:generateDebugResources (Thread[#44444,Execution worker Thread 2,5,main]) started.
[        ] > Task :integration_test:generateDebugResources UP-TO-DATE
[        ] Caching disabled for task ':integration_test:generateDebugResources' because:
[        ]   Build cache is disabled
[        ] Skipping task ':integration_test:generateDebugResources' as it is up-to-date.
[        ] Resolve mutations for :integration_test:packageDebugResources (Thread[#44444,Execution worker Thread 2,5,main]) started.
[        ] :integration_test:packageDebugResources (Thread[#44444,Execution worker Thread 2,5,main]) started.
[        ] > Task :integration_test:packageDebugResources UP-TO-DATE
[        ] Caching disabled for task ':integration_test:packageDebugResources' because:
[        ]   Build cache is disabled
[        ] Skipping task ':integration_test:packageDebugResources' as it is up-to-date.
[        ] work action resolve packageDebugResources (project :integration_test) (Thread[#44444,Execution worker Thread 2,5,main]) started.
[        ] Resolve mutations for :path_provider_android:generateDebugResValues (Thread[#44444,Execution worker Thread 2,5,main]) started.
[        ] :path_provider_android:generateDebugResValues (Thread[#44444,Execution worker Thread 2,5,main]) started.
[        ] > Task :path_provider_android:generateDebugResValues UP-TO-DATE
[        ] Caching disabled for task ':path_provider_android:generateDebugResValues' because:
[        ]   Build cache is disabled
[        ] Skipping task ':path_provider_android:generateDebugResValues' as it is up-to-date.
[        ] Resolve mutations for :path_provider_android:generateDebugResources (Thread[#44444,Execution worker Thread 2,5,main]) started.
[        ] :path_provider_android:generateDebugResources (Thread[#44444,Execution worker Thread 2,5,main]) started.
[        ] > Task :path_provider_android:generateDebugResources UP-TO-DATE
[        ] Caching disabled for task ':path_provider_android:generateDebugResources' because:
[        ]   Build cache is disabled
[        ] Skipping task ':path_provider_android:generateDebugResources' as it is up-to-date.
[        ] Resolve mutations for :path_provider_android:packageDebugResources (Thread[#44444,Execution worker Thread 2,5,main]) started.
[        ] :path_provider_android:packageDebugResources (Thread[#44444,Execution worker Thread 2,5,main]) started.
[        ] > Task :path_provider_android:packageDebugResources UP-TO-DATE
[        ] Caching disabled for task ':path_provider_android:packageDebugResources' because:
[        ]   Build cache is disabled
[        ] Skipping task ':path_provider_android:packageDebugResources' as it is up-to-date.
[        ] work action resolve packageDebugResources (project :path_provider_android) (Thread[#44444,Execution worker Thread 2,5,main]) started.
[        ] Resolve mutations for :quill_native_bridge_android:generateDebugResValues (Thread[#44444,Execution worker Thread 2,5,main]) started.
[        ] :quill_native_bridge_android:generateDebugResValues (Thread[#44444,Execution worker Thread 2,5,main]) started.
[        ] > Task :quill_native_bridge_android:generateDebugResValues UP-TO-DATE
[        ] Caching disabled for task ':quill_native_bridge_android:generateDebugResValues' because:
[        ]   Build cache is disabled
[        ] Skipping task ':quill_native_bridge_android:generateDebugResValues' as it is up-to-date.
[        ] Resolve mutations for :quill_native_bridge_android:generateDebugResources (Thread[#44444,Execution worker Thread 2,5,main]) started.
[        ] :quill_native_bridge_android:generateDebugResources (Thread[#44471,Execution worker Thread 28,5,main]) started.
[        ] > Task :quill_native_bridge_android:generateDebugResources UP-TO-DATE
[        ] Caching disabled for task ':quill_native_bridge_android:generateDebugResources' because:
[        ]   Build cache is disabled
[        ] Skipping task ':quill_native_bridge_android:generateDebugResources' as it is up-to-date.
[        ] Resolve mutations for :quill_native_bridge_android:packageDebugResources (Thread[#44471,Execution worker Thread 28,5,main]) started.
[        ] :quill_native_bridge_android:packageDebugResources (Thread[#44471,Execution worker Thread 28,5,main]) started.
[        ] > Task :quill_native_bridge_android:packageDebugResources UP-TO-DATE
[        ] Caching disabled for task ':quill_native_bridge_android:packageDebugResources' because:
[        ]   Build cache is disabled
[        ] Skipping task ':quill_native_bridge_android:packageDebugResources' as it is up-to-date.
[        ] work action resolve packageDebugResources (project :quill_native_bridge_android) (Thread[#44471,Execution worker Thread 28,5,main]) started.
[        ] Resolve mutations for :shared_preferences_android:generateDebugResValues (Thread[#44471,Execution worker Thread 28,5,main]) started.
[        ] :shared_preferences_android:generateDebugResValues (Thread[#44471,Execution worker Thread 28,5,main]) started.
[        ] > Task :shared_preferences_android:generateDebugResValues UP-TO-DATE
[        ] Caching disabled for task ':shared_preferences_android:generateDebugResValues' because:
[        ]   Build cache is disabled
[        ] Skipping task ':shared_preferences_android:generateDebugResValues' as it is up-to-date.
[        ] Resolve mutations for :shared_preferences_android:generateDebugResources (Thread[#44471,Execution worker Thread 28,5,main]) started.
[        ] :shared_preferences_android:generateDebugResources (Thread[#44471,Execution worker Thread 28,5,main]) started.
[        ] > Task :shared_preferences_android:generateDebugResources UP-TO-DATE
[        ] Caching disabled for task ':shared_preferences_android:generateDebugResources' because:
[        ]   Build cache is disabled
[        ] Skipping task ':shared_preferences_android:generateDebugResources' as it is up-to-date.
[        ] Resolve mutations for :shared_preferences_android:packageDebugResources (Thread[#44471,Execution worker Thread 28,5,main]) started.
[        ] :shared_preferences_android:packageDebugResources (Thread[#44471,Execution worker Thread 28,5,main]) started.
[        ] > Task :shared_preferences_android:packageDebugResources UP-TO-DATE
[        ] Caching disabled for task ':shared_preferences_android:packageDebugResources' because:
[        ]   Build cache is disabled
[        ] Skipping task ':shared_preferences_android:packageDebugResources' as it is up-to-date.
[        ] work action resolve packageDebugResources (project :shared_preferences_android) (Thread[#44471,Execution worker Thread 28,5,main]) started.
[        ] Resolve mutations for :sqflite_android:generateDebugResValues (Thread[#44471,Execution worker Thread 28,5,main]) started.
[        ] :sqflite_android:generateDebugResValues (Thread[#44471,Execution worker Thread 28,5,main]) started.
[        ] > Task :sqflite_android:generateDebugResValues UP-TO-DATE
[        ] Caching disabled for task ':sqflite_android:generateDebugResValues' because:
[        ]   Build cache is disabled
[        ] Skipping task ':sqflite_android:generateDebugResValues' as it is up-to-date.
[        ] Resolve mutations for :sqflite_android:generateDebugResources (Thread[#44471,Execution worker Thread 28,5,main]) started.
[        ] :sqflite_android:generateDebugResources (Thread[#44471,Execution worker Thread 28,5,main]) started.
[        ] > Task :sqflite_android:generateDebugResources UP-TO-DATE
[        ] Caching disabled for task ':sqflite_android:generateDebugResources' because:
[        ]   Build cache is disabled
[        ] Skipping task ':sqflite_android:generateDebugResources' as it is up-to-date.
[        ] Resolve mutations for :sqflite_android:packageDebugResources (Thread[#44471,Execution worker Thread 28,5,main]) started.
[        ] :sqflite_android:packageDebugResources (Thread[#44471,Execution worker Thread 28,5,main]) started.
[        ] > Task :sqflite_android:packageDebugResources UP-TO-DATE
[        ] Caching disabled for task ':sqflite_android:packageDebugResources' because:
[        ]   Build cache is disabled
[        ] Skipping task ':sqflite_android:packageDebugResources' as it is up-to-date.
[        ] work action resolve packageDebugResources (project :sqflite_android) (Thread[#44471,Execution worker Thread 28,5,main]) started.
[        ] Resolve mutations for :url_launcher_android:generateDebugResValues (Thread[#44471,Execution worker Thread 28,5,main]) started.
[        ] :url_launcher_android:generateDebugResValues (Thread[#44471,Execution worker Thread 28,5,main]) started.
[        ] > Task :url_launcher_android:generateDebugResValues UP-TO-DATE
[        ] Caching disabled for task ':url_launcher_android:generateDebugResValues' because:
[        ]   Build cache is disabled
[        ] Skipping task ':url_launcher_android:generateDebugResValues' as it is up-to-date.
[        ] Resolve mutations for :url_launcher_android:generateDebugResources (Thread[#44471,Execution worker Thread 28,5,main]) started.
[        ] :url_launcher_android:generateDebugResources (Thread[#44471,Execution worker Thread 28,5,main]) started.
[        ] > Task :url_launcher_android:generateDebugResources UP-TO-DATE
[        ] Caching disabled for task ':url_launcher_android:generateDebugResources' because:
[        ]   Build cache is disabled
[        ] Skipping task ':url_launcher_android:generateDebugResources' as it is up-to-date.
[        ] Resolve mutations for :url_launcher_android:packageDebugResources (Thread[#44471,Execution worker Thread 28,5,main]) started.
[        ] :url_launcher_android:packageDebugResources (Thread[#44471,Execution worker Thread 28,5,main]) started.
[        ] > Task :url_launcher_android:packageDebugResources UP-TO-DATE
[        ] Caching disabled for task ':url_launcher_android:packageDebugResources' because:
[        ]   Build cache is disabled
[        ] Skipping task ':url_launcher_android:packageDebugResources' as it is up-to-date.
[        ] work action resolve packageDebugResources (project :url_launcher_android) (Thread[#44471,Execution worker Thread 28,5,main]) started.
[        ] Resolve mutations for :video_player_android:generateDebugResValues (Thread[#44471,Execution worker Thread 28,5,main]) started.
[        ] :video_player_android:generateDebugResValues (Thread[#44471,Execution worker Thread 28,5,main]) started.
[        ] > Task :video_player_android:generateDebugResValues UP-TO-DATE
[        ] Caching disabled for task ':video_player_android:generateDebugResValues' because:
[        ]   Build cache is disabled
[        ] Skipping task ':video_player_android:generateDebugResValues' as it is up-to-date.
[        ] Resolve mutations for :video_player_android:generateDebugResources (Thread[#44471,Execution worker Thread 28,5,main]) started.
[        ] :video_player_android:generateDebugResources (Thread[#44471,Execution worker Thread 28,5,main]) started.
[        ] > Task :video_player_android:generateDebugResources UP-TO-DATE
[        ] Caching disabled for task ':video_player_android:generateDebugResources' because:
[        ]   Build cache is disabled
[        ] Skipping task ':video_player_android:generateDebugResources' as it is up-to-date.
[        ] Resolve mutations for :video_player_android:packageDebugResources (Thread[#44471,Execution worker Thread 28,5,main]) started.
[        ] :video_player_android:packageDebugResources (Thread[#44471,Execution worker Thread 28,5,main]) started.
[        ] > Task :video_player_android:packageDebugResources UP-TO-DATE
[        ] Caching disabled for task ':video_player_android:packageDebugResources' because:
[        ]   Build cache is disabled
[        ] Skipping task ':video_player_android:packageDebugResources' as it is up-to-date.
[        ] work action resolve packageDebugResources (project :video_player_android) (Thread[#44471,Execution worker Thread 28,5,main]) started.
[        ] Resolve mutations for :app:mapDebugSourceSetPaths (Thread[#44471,Execution worker Thread 28,5,main]) started.
[        ] :app:mapDebugSourceSetPaths (Thread[#44471,Execution worker Thread 28,5,main]) started.
[        ] > Task :app:mapDebugSourceSetPaths UP-TO-DATE
[        ] Caching disabled for task ':app:mapDebugSourceSetPaths' because:
[        ]   Build cache is disabled
[        ]   Caching has been disabled for the task
[        ] Skipping task ':app:mapDebugSourceSetPaths' as it is up-to-date.
[        ] Resolve mutations for :app:generateDebugResources (Thread[#44471,Execution worker Thread 28,5,main]) started.
[        ] :app:generateDebugResources (Thread[#44471,Execution worker Thread 28,5,main]) started.
[        ] > Task :app:generateDebugResources UP-TO-DATE
[        ] Caching disabled for task ':app:generateDebugResources' because:
[        ]   Build cache is disabled
[        ] Skipping task ':app:generateDebugResources' as it is up-to-date.
[        ] Resolve mutations for :app:mergeDebugResources (Thread[#44471,Execution worker Thread 28,5,main]) started.
[        ] :app:mergeDebugResources (Thread[#44471,Execution worker Thread 28,5,main]) started.
[        ] > Task :app:mergeDebugResources UP-TO-DATE
[        ] Caching disabled for task ':app:mergeDebugResources' because:
[        ]   Build cache is disabled
[        ] Skipping task ':app:mergeDebugResources' as it is up-to-date.
[        ] Resolve mutations for :app:packageDebugResources (Thread[#44471,Execution worker Thread 28,5,main]) started.
[        ] :app:packageDebugResources (Thread[#44471,Execution worker Thread 28,5,main]) started.
[        ] > Task :app:packageDebugResources UP-TO-DATE
[        ] Caching disabled for task ':app:packageDebugResources' because:
[        ]   Build cache is disabled
[        ] Skipping task ':app:packageDebugResources' as it is up-to-date.
[        ] Resolve mutations for :app:parseDebugLocalResources (Thread[#44471,Execution worker Thread 28,5,main]) started.
[        ] :app:parseDebugLocalResources (Thread[#44471,Execution worker Thread 28,5,main]) started.
[        ] > Task :app:parseDebugLocalResources UP-TO-DATE
[        ] Caching disabled for task ':app:parseDebugLocalResources' because:
[        ]   Build cache is disabled
[        ] Skipping task ':app:parseDebugLocalResources' as it is up-to-date.
[        ] Resolve mutations for :app:createDebugCompatibleScreenManifests (Thread[#44471,Execution worker Thread 28,5,main]) started.
[        ] :app:createDebugCompatibleScreenManifests (Thread[#44471,Execution worker Thread 28,5,main]) started.
[        ] > Task :app:createDebugCompatibleScreenManifests UP-TO-DATE
[        ] Caching disabled for task ':app:createDebugCompatibleScreenManifests' because:
[        ]   Build cache is disabled
[        ]   Caching has been disabled for the task
[        ] Skipping task ':app:createDebugCompatibleScreenManifests' as it is up-to-date.
[        ] Resolve mutations for :app:extractDeepLinksDebug (Thread[#44471,Execution worker Thread 28,5,main]) started.
[        ] :app:extractDeepLinksDebug (Thread[#44471,Execution worker Thread 28,5,main]) started.
[        ] > Task :app:extractDeepLinksDebug UP-TO-DATE
[        ] Caching disabled for task ':app:extractDeepLinksDebug' because:
[        ]   Build cache is disabled
[        ] Skipping task ':app:extractDeepLinksDebug' as it is up-to-date.
[        ] Resolve mutations for :connectivity_plus:extractDeepLinksDebug (Thread[#44471,Execution worker Thread 28,5,main]) started.
[        ] :connectivity_plus:extractDeepLinksDebug (Thread[#44471,Execution worker Thread 28,5,main]) started.
[        ] > Task :connectivity_plus:extractDeepLinksDebug UP-TO-DATE
[        ] Caching disabled for task ':connectivity_plus:extractDeepLinksDebug' because:
[        ]   Build cache is disabled
[        ] Skipping task ':connectivity_plus:extractDeepLinksDebug' as it is up-to-date.
[        ] work action resolve navigation.json (project :connectivity_plus) (Thread[#44471,Execution worker Thread 28,5,main]) started.
[        ] Resolve mutations for :connectivity_plus:processDebugManifest (Thread[#44471,Execution worker Thread 28,5,main]) started.
[        ] :connectivity_plus:processDebugManifest (Thread[#44471,Execution worker Thread 28,5,main]) started.
[        ] > Task :connectivity_plus:processDebugManifest UP-TO-DATE
[        ] Caching disabled for task ':connectivity_plus:processDebugManifest' because:
[        ]   Build cache is disabled
[        ] Skipping task ':connectivity_plus:processDebugManifest' as it is up-to-date.
[        ] work action resolve AndroidManifest.xml (project :connectivity_plus) (Thread[#44471,Execution worker Thread 28,5,main]) started.
[        ] Resolve mutations for :emoji_picker_flutter:extractDeepLinksDebug (Thread[#44471,Execution worker Thread 28,5,main]) started.
[        ] :emoji_picker_flutter:extractDeepLinksDebug (Thread[#44471,Execution worker Thread 28,5,main]) started.
[        ] > Task :emoji_picker_flutter:extractDeepLinksDebug UP-TO-DATE
[        ] Caching disabled for task ':emoji_picker_flutter:extractDeepLinksDebug' because:
[        ]   Build cache is disabled
[        ] Skipping task ':emoji_picker_flutter:extractDeepLinksDebug' as it is up-to-date.
[        ] work action resolve navigation.json (project :emoji_picker_flutter) (Thread[#44471,Execution worker Thread 28,5,main]) started.
[        ] Resolve mutations for :emoji_picker_flutter:processDebugManifest (Thread[#44471,Execution worker Thread 28,5,main]) started.
[        ] :emoji_picker_flutter:processDebugManifest (Thread[#44471,Execution worker Thread 28,5,main]) started.
[        ] > Task :emoji_picker_flutter:processDebugManifest UP-TO-DATE
[        ] Caching disabled for task ':emoji_picker_flutter:processDebugManifest' because:
[        ]   Build cache is disabled
[        ] Skipping task ':emoji_picker_flutter:processDebugManifest' as it is up-to-date.
[        ] work action resolve AndroidManifest.xml (project :emoji_picker_flutter) (Thread[#44471,Execution worker Thread 28,5,main]) started.
[        ] Resolve mutations for :file_selector_android:extractDeepLinksDebug (Thread[#44471,Execution worker Thread 28,5,main]) started.
[        ] :file_selector_android:extractDeepLinksDebug (Thread[#44471,Execution worker Thread 28,5,main]) started.
[        ] > Task :file_selector_android:extractDeepLinksDebug UP-TO-DATE
[        ] Caching disabled for task ':file_selector_android:extractDeepLinksDebug' because:
[        ]   Build cache is disabled
[        ] Skipping task ':file_selector_android:extractDeepLinksDebug' as it is up-to-date.
[        ] work action resolve navigation.json (project :file_selector_android) (Thread[#44471,Execution worker Thread 28,5,main]) started.
[        ] Resolve mutations for :file_selector_android:processDebugManifest (Thread[#44471,Execution worker Thread 28,5,main]) started.
[        ] :file_selector_android:processDebugManifest (Thread[#44471,Execution worker Thread 28,5,main]) started.
[        ] > Task :file_selector_android:processDebugManifest UP-TO-DATE
[        ] Caching disabled for task ':file_selector_android:processDebugManifest' because:
[        ]   Build cache is disabled
[        ] Skipping task ':file_selector_android:processDebugManifest' as it is up-to-date.
[        ] work action resolve AndroidManifest.xml (project :file_selector_android) (Thread[#44471,Execution worker Thread 28,5,main]) started.
[        ] Resolve mutations for :flutter_keyboard_visibility_temp_fork:extractDeepLinksDebug (Thread[#44471,Execution worker Thread 28,5,main]) started.
[        ] :flutter_keyboard_visibility_temp_fork:extractDeepLinksDebug (Thread[#44471,Execution worker Thread 28,5,main]) started.
[        ] > Task :flutter_keyboard_visibility_temp_fork:extractDeepLinksDebug UP-TO-DATE
[        ] Caching disabled for task ':flutter_keyboard_visibility_temp_fork:extractDeepLinksDebug' because:
[        ]   Build cache is disabled
[        ] Skipping task ':flutter_keyboard_visibility_temp_fork:extractDeepLinksDebug' as it is up-to-date.
[        ] work action resolve navigation.json (project :flutter_keyboard_visibility_temp_fork) (Thread[#44471,Execution worker Thread 28,5,main]) started.
[        ] Resolve mutations for :flutter_keyboard_visibility_temp_fork:processDebugManifest (Thread[#44471,Execution worker Thread 28,5,main]) started.
[        ] :flutter_keyboard_visibility_temp_fork:processDebugManifest (Thread[#44471,Execution worker Thread 28,5,main]) started.
[        ] > Task :flutter_keyboard_visibility_temp_fork:processDebugManifest UP-TO-DATE
[        ] Caching disabled for task ':flutter_keyboard_visibility_temp_fork:processDebugManifest' because:
[        ]   Build cache is disabled
[        ] Skipping task ':flutter_keyboard_visibility_temp_fork:processDebugManifest' as it is up-to-date.
[        ] work action resolve AndroidManifest.xml (project :flutter_keyboard_visibility_temp_fork) (Thread[#44471,Execution worker Thread 28,5,main]) started.
[        ] Resolve mutations for :flutter_native_splash:extractDeepLinksDebug (Thread[#44471,Execution worker Thread 28,5,main]) started.
[        ] :flutter_native_splash:extractDeepLinksDebug (Thread[#44471,Execution worker Thread 28,5,main]) started.
[        ] > Task :flutter_native_splash:extractDeepLinksDebug UP-TO-DATE
[        ] Caching disabled for task ':flutter_native_splash:extractDeepLinksDebug' because:
[        ]   Build cache is disabled
[        ] Skipping task ':flutter_native_splash:extractDeepLinksDebug' as it is up-to-date.
[        ] work action resolve navigation.json (project :flutter_native_splash) (Thread[#44471,Execution worker Thread 28,5,main]) started.
[        ] Resolve mutations for :flutter_native_splash:processDebugManifest (Thread[#44471,Execution worker Thread 28,5,main]) started.
[        ] :flutter_native_splash:processDebugManifest (Thread[#44471,Execution worker Thread 28,5,main]) started.
[        ] > Task :flutter_native_splash:processDebugManifest UP-TO-DATE
[        ] Caching disabled for task ':flutter_native_splash:processDebugManifest' because:
[        ]   Build cache is disabled
[        ] Skipping task ':flutter_native_splash:processDebugManifest' as it is up-to-date.
[        ] work action resolve AndroidManifest.xml (project :flutter_native_splash) (Thread[#44471,Execution worker Thread 28,5,main]) started.
[        ] Resolve mutations for :flutter_olm:extractDeepLinksDebug (Thread[#44471,Execution worker Thread 28,5,main]) started.
[        ] :flutter_olm:extractDeepLinksDebug (Thread[#44471,Execution worker Thread 28,5,main]) started.
[        ] > Task :flutter_olm:extractDeepLinksDebug UP-TO-DATE
[        ] Caching disabled for task ':flutter_olm:extractDeepLinksDebug' because:
[        ]   Build cache is disabled
[        ] Skipping task ':flutter_olm:extractDeepLinksDebug' as it is up-to-date.
[        ] work action resolve navigation.json (project :flutter_olm) (Thread[#44471,Execution worker Thread 28,5,main]) started.
[        ] Resolve mutations for :flutter_olm:processDebugManifest (Thread[#44471,Execution worker Thread 28,5,main]) started.
[        ] :flutter_olm:processDebugManifest (Thread[#44471,Execution worker Thread 28,5,main]) started.
[        ] > Task :flutter_olm:processDebugManifest UP-TO-DATE
[        ] Caching disabled for task ':flutter_olm:processDebugManifest' because:
[        ]   Build cache is disabled
[        ] Skipping task ':flutter_olm:processDebugManifest' as it is up-to-date.
[        ] work action resolve AndroidManifest.xml (project :flutter_olm) (Thread[#44471,Execution worker Thread 28,5,main]) started.
[        ] Resolve mutations for :flutter_openssl_crypto:extractDeepLinksDebug (Thread[#44471,Execution worker Thread 28,5,main]) started.
[        ] :flutter_openssl_crypto:extractDeepLinksDebug (Thread[#44471,Execution worker Thread 28,5,main]) started.
[        ] > Task :flutter_openssl_crypto:extractDeepLinksDebug UP-TO-DATE
[        ] Caching disabled for task ':flutter_openssl_crypto:extractDeepLinksDebug' because:
[        ]   Build cache is disabled
[        ] Skipping task ':flutter_openssl_crypto:extractDeepLinksDebug' as it is up-to-date.
[        ] work action resolve navigation.json (project :flutter_openssl_crypto) (Thread[#44471,Execution worker Thread 28,5,main]) started.
[        ] Resolve mutations for :flutter_openssl_crypto:processDebugManifest (Thread[#44471,Execution worker Thread 28,5,main]) started.
[        ] :flutter_openssl_crypto:processDebugManifest (Thread[#44471,Execution worker Thread 28,5,main]) started.
[        ] > Task :flutter_openssl_crypto:processDebugManifest UP-TO-DATE
[        ] Caching disabled for task ':flutter_openssl_crypto:processDebugManifest' because:
[        ]   Build cache is disabled
[        ] Skipping task ':flutter_openssl_crypto:processDebugManifest' as it is up-to-date.
[        ] work action resolve AndroidManifest.xml (project :flutter_openssl_crypto) (Thread[#44471,Execution worker Thread 28,5,main]) started.
[        ] Resolve mutations for :integration_test:extractDeepLinksDebug (Thread[#44471,Execution worker Thread 28,5,main]) started.
[        ] :integration_test:extractDeepLinksDebug (Thread[#44471,Execution worker Thread 28,5,main]) started.
[        ] > Task :integration_test:extractDeepLinksDebug UP-TO-DATE
[        ] Caching disabled for task ':integration_test:extractDeepLinksDebug' because:
[        ]   Build cache is disabled
[        ] Skipping task ':integration_test:extractDeepLinksDebug' as it is up-to-date.
[        ] work action resolve navigation.json (project :integration_test) (Thread[#44471,Execution worker Thread 28,5,main]) started.
[        ] Resolve mutations for :integration_test:processDebugManifest (Thread[#44471,Execution worker Thread 28,5,main]) started.
[        ] :integration_test:processDebugManifest (Thread[#44471,Execution worker Thread 28,5,main]) started.
[        ] > Task :integration_test:processDebugManifest UP-TO-DATE
[        ] Caching disabled for task ':integration_test:processDebugManifest' because:
[        ]   Build cache is disabled
[        ] Skipping task ':integration_test:processDebugManifest' as it is up-to-date.
[        ] work action resolve AndroidManifest.xml (project :integration_test) (Thread[#44471,Execution worker Thread 28,5,main]) started.
[        ] Resolve mutations for :path_provider_android:extractDeepLinksDebug (Thread[#44471,Execution worker Thread 28,5,main]) started.
[        ] :path_provider_android:extractDeepLinksDebug (Thread[#44471,Execution worker Thread 28,5,main]) started.
[        ] > Task :path_provider_android:extractDeepLinksDebug UP-TO-DATE
[        ] Caching disabled for task ':path_provider_android:extractDeepLinksDebug' because:
[        ]   Build cache is disabled
[        ] Skipping task ':path_provider_android:extractDeepLinksDebug' as it is up-to-date.
[        ] work action resolve navigation.json (project :path_provider_android) (Thread[#44471,Execution worker Thread 28,5,main]) started.
[        ] Resolve mutations for :path_provider_android:processDebugManifest (Thread[#44471,Execution worker Thread 28,5,main]) started.
[        ] :path_provider_android:processDebugManifest (Thread[#44471,Execution worker Thread 28,5,main]) started.
[        ] > Task :path_provider_android:processDebugManifest UP-TO-DATE
[        ] Caching disabled for task ':path_provider_android:processDebugManifest' because:
[        ]   Build cache is disabled
[        ] Skipping task ':path_provider_android:processDebugManifest' as it is up-to-date.
[        ] work action resolve AndroidManifest.xml (project :path_provider_android) (Thread[#44471,Execution worker Thread 28,5,main]) started.
[        ] Resolve mutations for :quill_native_bridge_android:extractDeepLinksDebug (Thread[#44471,Execution worker Thread 28,5,main]) started.
[        ] :quill_native_bridge_android:extractDeepLinksDebug (Thread[#44471,Execution worker Thread 28,5,main]) started.
[        ] > Task :quill_native_bridge_android:extractDeepLinksDebug UP-TO-DATE
[        ] Caching disabled for task ':quill_native_bridge_android:extractDeepLinksDebug' because:
[        ]   Build cache is disabled
[        ] Skipping task ':quill_native_bridge_android:extractDeepLinksDebug' as it is up-to-date.
[        ] work action resolve navigation.json (project :quill_native_bridge_android) (Thread[#44471,Execution worker Thread 28,5,main]) started.
[        ] Resolve mutations for :quill_native_bridge_android:processDebugManifest (Thread[#44471,Execution worker Thread 28,5,main]) started.
[        ] :quill_native_bridge_android:processDebugManifest (Thread[#44471,Execution worker Thread 28,5,main]) started.
[        ] > Task :quill_native_bridge_android:processDebugManifest UP-TO-DATE
[        ] Caching disabled for task ':quill_native_bridge_android:processDebugManifest' because:
[        ]   Build cache is disabled
[        ] Skipping task ':quill_native_bridge_android:processDebugManifest' as it is up-to-date.
[        ] work action resolve AndroidManifest.xml (project :quill_native_bridge_android) (Thread[#44471,Execution worker Thread 28,5,main]) started.
[        ] Resolve mutations for :shared_preferences_android:extractDeepLinksDebug (Thread[#44471,Execution worker Thread 28,5,main]) started.
[        ] :shared_preferences_android:extractDeepLinksDebug (Thread[#44471,Execution worker Thread 28,5,main]) started.
[        ] > Task :shared_preferences_android:extractDeepLinksDebug UP-TO-DATE
[        ] Caching disabled for task ':shared_preferences_android:extractDeepLinksDebug' because:
[        ]   Build cache is disabled
[        ] Skipping task ':shared_preferences_android:extractDeepLinksDebug' as it is up-to-date.
[        ] work action resolve navigation.json (project :shared_preferences_android) (Thread[#44471,Execution worker Thread 28,5,main]) started.
[        ] Resolve mutations for :shared_preferences_android:processDebugManifest (Thread[#44471,Execution worker Thread 28,5,main]) started.
[        ] :shared_preferences_android:processDebugManifest (Thread[#44471,Execution worker Thread 28,5,main]) started.
[        ] > Task :shared_preferences_android:processDebugManifest UP-TO-DATE
[        ] Caching disabled for task ':shared_preferences_android:processDebugManifest' because:
[        ]   Build cache is disabled
[        ] Skipping task ':shared_preferences_android:processDebugManifest' as it is up-to-date.
[        ] work action resolve AndroidManifest.xml (project :shared_preferences_android) (Thread[#44471,Execution worker Thread 28,5,main]) started.
[        ] Resolve mutations for :sqflite_android:extractDeepLinksDebug (Thread[#44471,Execution worker Thread 28,5,main]) started.
[        ] :sqflite_android:extractDeepLinksDebug (Thread[#44471,Execution worker Thread 28,5,main]) started.
[        ] > Task :sqflite_android:extractDeepLinksDebug UP-TO-DATE
[        ] Caching disabled for task ':sqflite_android:extractDeepLinksDebug' because:
[        ]   Build cache is disabled
[        ] Skipping task ':sqflite_android:extractDeepLinksDebug' as it is up-to-date.
[        ] work action resolve navigation.json (project :sqflite_android) (Thread[#44471,Execution worker Thread 28,5,main]) started.
[        ] Resolve mutations for :sqflite_android:processDebugManifest (Thread[#44471,Execution worker Thread 28,5,main]) started.
[        ] :sqflite_android:processDebugManifest (Thread[#44471,Execution worker Thread 28,5,main]) started.
[        ] > Task :sqflite_android:processDebugManifest UP-TO-DATE
[        ] Caching disabled for task ':sqflite_android:processDebugManifest' because:
[        ]   Build cache is disabled
[        ] Skipping task ':sqflite_android:processDebugManifest' as it is up-to-date.
[        ] work action resolve AndroidManifest.xml (project :sqflite_android) (Thread[#44471,Execution worker Thread 28,5,main]) started.
[        ] Resolve mutations for :url_launcher_android:extractDeepLinksDebug (Thread[#44471,Execution worker Thread 28,5,main]) started.
[        ] :url_launcher_android:extractDeepLinksDebug (Thread[#44471,Execution worker Thread 28,5,main]) started.
[        ] > Task :url_launcher_android:extractDeepLinksDebug UP-TO-DATE
[        ] Caching disabled for task ':url_launcher_android:extractDeepLinksDebug' because:
[        ]   Build cache is disabled
[        ] Skipping task ':url_launcher_android:extractDeepLinksDebug' as it is up-to-date.
[        ] work action resolve navigation.json (project :url_launcher_android) (Thread[#44471,Execution worker Thread 28,5,main]) started.
[        ] Resolve mutations for :url_launcher_android:processDebugManifest (Thread[#44471,Execution worker Thread 28,5,main]) started.
[        ] :url_launcher_android:processDebugManifest (Thread[#44471,Execution worker Thread 28,5,main]) started.
[        ] > Task :url_launcher_android:processDebugManifest UP-TO-DATE
[        ] Caching disabled for task ':url_launcher_android:processDebugManifest' because:
[        ]   Build cache is disabled
[        ] Skipping task ':url_launcher_android:processDebugManifest' as it is up-to-date.
[        ] work action resolve AndroidManifest.xml (project :url_launcher_android) (Thread[#44471,Execution worker Thread 28,5,main]) started.
[        ] Resolve mutations for :video_player_android:extractDeepLinksDebug (Thread[#44471,Execution worker Thread 28,5,main]) started.
[        ] :video_player_android:extractDeepLinksDebug (Thread[#44471,Execution worker Thread 28,5,main]) started.
[        ] > Task :video_player_android:extractDeepLinksDebug UP-TO-DATE
[        ] Caching disabled for task ':video_player_android:extractDeepLinksDebug' because:
[        ]   Build cache is disabled
[        ] Skipping task ':video_player_android:extractDeepLinksDebug' as it is up-to-date.
[        ] work action resolve navigation.json (project :video_player_android) (Thread[#44471,Execution worker Thread 28,5,main]) started.
[        ] Resolve mutations for :video_player_android:processDebugManifest (Thread[#44471,Execution worker Thread 28,5,main]) started.
[        ] :video_player_android:processDebugManifest (Thread[#44471,Execution worker Thread 28,5,main]) started.
[        ] > Task :video_player_android:processDebugManifest UP-TO-DATE
[        ] Caching disabled for task ':video_player_android:processDebugManifest' because:
[        ]   Build cache is disabled
[        ] Skipping task ':video_player_android:processDebugManifest' as it is up-to-date.
[        ] work action resolve AndroidManifest.xml (project :video_player_android) (Thread[#44471,Execution worker Thread 28,5,main]) started.
[        ] Resolve mutations for :app:processDebugMainManifest (Thread[#44471,Execution worker Thread 28,5,main]) started.
[        ] :app:processDebugMainManifest (Thread[#44471,Execution worker Thread 28,5,main]) started.
[        ] > Task :app:processDebugMainManifest UP-TO-DATE
[        ] Caching disabled for task ':app:processDebugMainManifest' because:
[        ]   Build cache is disabled
[        ] Skipping task ':app:processDebugMainManifest' as it is up-to-date.
[        ] Resolve mutations for :app:outputDebugAppLinkSettings (Thread[#44471,Execution worker Thread 28,5,main]) started.
[        ] :app:outputDebugAppLinkSettings (Thread[#44471,Execution worker Thread 28,5,main]) started.
[        ] > Task :app:outputDebugAppLinkSettings UP-TO-DATE
[        ] Caching disabled for task ':app:outputDebugAppLinkSettings' because:
[        ]   Build cache is disabled
[        ]   Caching has not been enabled for the task
[        ] Skipping task ':app:outputDebugAppLinkSettings' as it is up-to-date.
[        ] Resolve mutations for :app:processDebugManifest (Thread[#44471,Execution worker Thread 28,5,main]) started.
[        ] :app:processDebugManifest (Thread[#44471,Execution worker Thread 28,5,main]) started.
[        ] > Task :app:processDebugManifest UP-TO-DATE
[        ] Caching disabled for task ':app:processDebugManifest' because:
[        ]   Build cache is disabled
[        ] Skipping task ':app:processDebugManifest' as it is up-to-date.
[        ] Resolve mutations for :app:processDebugManifestForPackage (Thread[#44471,Execution worker Thread 28,5,main]) started.
[        ] :app:processDebugManifestForPackage (Thread[#44471,Execution worker Thread 28,5,main]) started.
[        ] > Task :app:processDebugManifestForPackage UP-TO-DATE
[        ] Custom actions are attached to task ':app:processDebugManifestForPackage'.
[        ] Caching disabled for task ':app:processDebugManifestForPackage' because:
[        ]   Build cache is disabled
[        ] Skipping task ':app:processDebugManifestForPackage' as it is up-to-date.
[        ] Resolve mutations for :connectivity_plus:compileDebugLibraryResources (Thread[#44471,Execution worker Thread 28,5,main]) started.
[        ] :connectivity_plus:compileDebugLibraryResources (Thread[#44471,Execution worker Thread 28,5,main]) started.
[        ] > Task :connectivity_plus:compileDebugLibraryResources UP-TO-DATE
[        ] Caching disabled for task ':connectivity_plus:compileDebugLibraryResources' because:
[        ]   Build cache is disabled
[        ] Skipping task ':connectivity_plus:compileDebugLibraryResources' as it is up-to-date.
[        ] work action resolve out (project :connectivity_plus) (Thread[#44471,Execution worker Thread 28,5,main]) started.
[        ] Resolve mutations for :connectivity_plus:parseDebugLocalResources (Thread[#44471,Execution worker Thread 28,5,main]) started.
[        ] :connectivity_plus:parseDebugLocalResources (Thread[#44471,Execution worker Thread 28,5,main]) started.
[        ] > Task :connectivity_plus:parseDebugLocalResources UP-TO-DATE
[        ] Caching disabled for task ':connectivity_plus:parseDebugLocalResources' because:
[        ]   Build cache is disabled
[        ] Skipping task ':connectivity_plus:parseDebugLocalResources' as it is up-to-date.
[        ] Resolve mutations for :connectivity_plus:generateDebugRFile (Thread[#44471,Execution worker Thread 28,5,main]) started.
[        ] :connectivity_plus:generateDebugRFile (Thread[#44471,Execution worker Thread 28,5,main]) started.
[        ] > Task :connectivity_plus:generateDebugRFile UP-TO-DATE
[        ] Caching disabled for task ':connectivity_plus:generateDebugRFile' because:
[        ]   Build cache is disabled
[        ] Skipping task ':connectivity_plus:generateDebugRFile' as it is up-to-date.
[        ] work action resolve package-aware-r.txt (project :connectivity_plus) (Thread[#44471,Execution worker Thread 28,5,main]) started.
[        ] Resolve mutations for :emoji_picker_flutter:compileDebugLibraryResources (Thread[#44471,Execution worker Thread 28,5,main]) started.
[        ] :emoji_picker_flutter:compileDebugLibraryResources (Thread[#44471,Execution worker Thread 28,5,main]) started.
[        ] > Task :emoji_picker_flutter:compileDebugLibraryResources UP-TO-DATE
[        ] Caching disabled for task ':emoji_picker_flutter:compileDebugLibraryResources' because:
[        ]   Build cache is disabled
[        ] Skipping task ':emoji_picker_flutter:compileDebugLibraryResources' as it is up-to-date.
[        ] work action resolve out (project :emoji_picker_flutter) (Thread[#44471,Execution worker Thread 28,5,main]) started.
[        ] Resolve mutations for :emoji_picker_flutter:parseDebugLocalResources (Thread[#44471,Execution worker Thread 28,5,main]) started.
[        ] :emoji_picker_flutter:parseDebugLocalResources (Thread[#44471,Execution worker Thread 28,5,main]) started.
[        ] > Task :emoji_picker_flutter:parseDebugLocalResources UP-TO-DATE
[        ] Caching disabled for task ':emoji_picker_flutter:parseDebugLocalResources' because:
[        ]   Build cache is disabled
[        ] Skipping task ':emoji_picker_flutter:parseDebugLocalResources' as it is up-to-date.
[        ] Resolve mutations for :emoji_picker_flutter:generateDebugRFile (Thread[#44471,Execution worker Thread 28,5,main]) started.
[        ] :emoji_picker_flutter:generateDebugRFile (Thread[#44471,Execution worker Thread 28,5,main]) started.
[        ] > Task :emoji_picker_flutter:generateDebugRFile UP-TO-DATE
[        ] Caching disabled for task ':emoji_picker_flutter:generateDebugRFile' because:
[        ]   Build cache is disabled
[        ] Skipping task ':emoji_picker_flutter:generateDebugRFile' as it is up-to-date.
[        ] work action resolve package-aware-r.txt (project :emoji_picker_flutter) (Thread[#44471,Execution worker Thread 28,5,main]) started.
[        ] Resolve mutations for :file_selector_android:compileDebugLibraryResources (Thread[#44471,Execution worker Thread 28,5,main]) started.
[        ] :file_selector_android:compileDebugLibraryResources (Thread[#44471,Execution worker Thread 28,5,main]) started.
[        ] > Task :file_selector_android:compileDebugLibraryResources UP-TO-DATE
[        ] Caching disabled for task ':file_selector_android:compileDebugLibraryResources' because:
[        ]   Build cache is disabled
[        ] Skipping task ':file_selector_android:compileDebugLibraryResources' as it is up-to-date.
[        ] work action resolve out (project :file_selector_android) (Thread[#44471,Execution worker Thread 28,5,main]) started.
[        ] Resolve mutations for :file_selector_android:parseDebugLocalResources (Thread[#44471,Execution worker Thread 28,5,main]) started.
[        ] :file_selector_android:parseDebugLocalResources (Thread[#44471,Execution worker Thread 28,5,main]) started.
[        ] > Task :file_selector_android:parseDebugLocalResources UP-TO-DATE
[        ] Caching disabled for task ':file_selector_android:parseDebugLocalResources' because:
[        ]   Build cache is disabled
[        ] Skipping task ':file_selector_android:parseDebugLocalResources' as it is up-to-date.
[        ] Resolve mutations for :file_selector_android:generateDebugRFile (Thread[#44471,Execution worker Thread 28,5,main]) started.
[        ] :file_selector_android:generateDebugRFile (Thread[#44471,Execution worker Thread 28,5,main]) started.
[        ] > Task :file_selector_android:generateDebugRFile UP-TO-DATE
[        ] Caching disabled for task ':file_selector_android:generateDebugRFile' because:
[        ]   Build cache is disabled
[        ] Skipping task ':file_selector_android:generateDebugRFile' as it is up-to-date.
[        ] work action resolve package-aware-r.txt (project :file_selector_android) (Thread[#44471,Execution worker Thread 28,5,main]) started.
[        ] Resolve mutations for :flutter_keyboard_visibility_temp_fork:compileDebugLibraryResources (Thread[#44471,Execution worker Thread 28,5,main]) started.
[        ] :flutter_keyboard_visibility_temp_fork:compileDebugLibraryResources (Thread[#44471,Execution worker Thread 28,5,main]) started.
[        ] > Task :flutter_keyboard_visibility_temp_fork:compileDebugLibraryResources UP-TO-DATE
[        ] Caching disabled for task ':flutter_keyboard_visibility_temp_fork:compileDebugLibraryResources' because:
[        ]   Build cache is disabled
[        ] Skipping task ':flutter_keyboard_visibility_temp_fork:compileDebugLibraryResources' as it is up-to-date.
[        ] work action resolve out (project :flutter_keyboard_visibility_temp_fork) (Thread[#44471,Execution worker Thread 28,5,main]) started.
[        ] Resolve mutations for :flutter_keyboard_visibility_temp_fork:parseDebugLocalResources (Thread[#44471,Execution worker Thread 28,5,main]) started.
[        ] :flutter_keyboard_visibility_temp_fork:parseDebugLocalResources (Thread[#44471,Execution worker Thread 28,5,main]) started.
[        ] > Task :flutter_keyboard_visibility_temp_fork:parseDebugLocalResources UP-TO-DATE
[        ] Caching disabled for task ':flutter_keyboard_visibility_temp_fork:parseDebugLocalResources' because:
[        ]   Build cache is disabled
[        ] Skipping task ':flutter_keyboard_visibility_temp_fork:parseDebugLocalResources' as it is up-to-date.
[        ] Resolve mutations for :flutter_keyboard_visibility_temp_fork:generateDebugRFile (Thread[#44471,Execution worker Thread 28,5,main]) started.
[        ] :flutter_keyboard_visibility_temp_fork:generateDebugRFile (Thread[#44471,Execution worker Thread 28,5,main]) started.
[        ] > Task :flutter_keyboard_visibility_temp_fork:generateDebugRFile UP-TO-DATE
[        ] Caching disabled for task ':flutter_keyboard_visibility_temp_fork:generateDebugRFile' because:
[        ]   Build cache is disabled
[        ] Skipping task ':flutter_keyboard_visibility_temp_fork:generateDebugRFile' as it is up-to-date.
[        ] work action resolve package-aware-r.txt (project :flutter_keyboard_visibility_temp_fork) (Thread[#44471,Execution worker Thread 28,5,main]) started.
[        ] Resolve mutations for :flutter_native_splash:compileDebugLibraryResources (Thread[#44471,Execution worker Thread 28,5,main]) started.
[        ] :flutter_native_splash:compileDebugLibraryResources (Thread[#44471,Execution worker Thread 28,5,main]) started.
[        ] > Task :flutter_native_splash:compileDebugLibraryResources UP-TO-DATE
[        ] Caching disabled for task ':flutter_native_splash:compileDebugLibraryResources' because:
[        ]   Build cache is disabled
[        ] Skipping task ':flutter_native_splash:compileDebugLibraryResources' as it is up-to-date.
[        ] work action resolve out (project :flutter_native_splash) (Thread[#44471,Execution worker Thread 28,5,main]) started.
[        ] Resolve mutations for :flutter_native_splash:parseDebugLocalResources (Thread[#44471,Execution worker Thread 28,5,main]) started.
[        ] :flutter_native_splash:parseDebugLocalResources (Thread[#44471,Execution worker Thread 28,5,main]) started.
[        ] > Task :flutter_native_splash:parseDebugLocalResources UP-TO-DATE
[        ] Caching disabled for task ':flutter_native_splash:parseDebugLocalResources' because:
[        ]   Build cache is disabled
[        ] Skipping task ':flutter_native_splash:parseDebugLocalResources' as it is up-to-date.
[        ] Resolve mutations for :flutter_native_splash:generateDebugRFile (Thread[#44471,Execution worker Thread 28,5,main]) started.
[        ] :flutter_native_splash:generateDebugRFile (Thread[#44471,Execution worker Thread 28,5,main]) started.
[        ] > Task :flutter_native_splash:generateDebugRFile UP-TO-DATE
[        ] Caching disabled for task ':flutter_native_splash:generateDebugRFile' because:
[        ]   Build cache is disabled
[        ] Skipping task ':flutter_native_splash:generateDebugRFile' as it is up-to-date.
[        ] work action resolve package-aware-r.txt (project :flutter_native_splash) (Thread[#44471,Execution worker Thread 28,5,main]) started.
[        ] Resolve mutations for :flutter_olm:compileDebugLibraryResources (Thread[#44471,Execution worker Thread 28,5,main]) started.
[        ] :flutter_olm:compileDebugLibraryResources (Thread[#44471,Execution worker Thread 28,5,main]) started.
[        ] > Task :flutter_olm:compileDebugLibraryResources UP-TO-DATE
[        ] Caching disabled for task ':flutter_olm:compileDebugLibraryResources' because:
[        ]   Build cache is disabled
[        ] Skipping task ':flutter_olm:compileDebugLibraryResources' as it is up-to-date.
[        ] work action resolve out (project :flutter_olm) (Thread[#44471,Execution worker Thread 28,5,main]) started.
[        ] Resolve mutations for :flutter_olm:parseDebugLocalResources (Thread[#44471,Execution worker Thread 28,5,main]) started.
[        ] :flutter_olm:parseDebugLocalResources (Thread[#44471,Execution worker Thread 28,5,main]) started.
[        ] > Task :flutter_olm:parseDebugLocalResources UP-TO-DATE
[        ] Caching disabled for task ':flutter_olm:parseDebugLocalResources' because:
[        ]   Build cache is disabled
[        ] Skipping task ':flutter_olm:parseDebugLocalResources' as it is up-to-date.
[        ] Resolve mutations for :flutter_olm:generateDebugRFile (Thread[#44471,Execution worker Thread 28,5,main]) started.
[        ] :flutter_olm:generateDebugRFile (Thread[#44471,Execution worker Thread 28,5,main]) started.
[        ] > Task :flutter_olm:generateDebugRFile UP-TO-DATE
[        ] Caching disabled for task ':flutter_olm:generateDebugRFile' because:
[        ]   Build cache is disabled
[        ] Skipping task ':flutter_olm:generateDebugRFile' as it is up-to-date.
[        ] work action resolve package-aware-r.txt (project :flutter_olm) (Thread[#44471,Execution worker Thread 28,5,main]) started.
[        ] Resolve mutations for :flutter_openssl_crypto:compileDebugLibraryResources (Thread[#44454,Execution worker Thread 11,5,main]) started.
[        ] :flutter_openssl_crypto:compileDebugLibraryResources (Thread[#44454,Execution worker Thread 11,5,main]) started.
[        ] > Task :flutter_openssl_crypto:compileDebugLibraryResources UP-TO-DATE
[        ] Caching disabled for task ':flutter_openssl_crypto:compileDebugLibraryResources' because:
[        ]   Build cache is disabled
[        ] Skipping task ':flutter_openssl_crypto:compileDebugLibraryResources' as it is up-to-date.
[        ] work action resolve out (project :flutter_openssl_crypto) (Thread[#44454,Execution worker Thread 11,5,main]) started.
[        ] Resolve mutations for :flutter_openssl_crypto:parseDebugLocalResources (Thread[#44454,Execution worker Thread 11,5,main]) started.
[        ] :flutter_openssl_crypto:parseDebugLocalResources (Thread[#44454,Execution worker Thread 11,5,main]) started.
[        ] > Task :flutter_openssl_crypto:parseDebugLocalResources UP-TO-DATE
[        ] Caching disabled for task ':flutter_openssl_crypto:parseDebugLocalResources' because:
[        ]   Build cache is disabled
[        ] Skipping task ':flutter_openssl_crypto:parseDebugLocalResources' as it is up-to-date.
[        ] Resolve mutations for :flutter_openssl_crypto:generateDebugRFile (Thread[#44454,Execution worker Thread 11,5,main]) started.
[        ] :flutter_openssl_crypto:generateDebugRFile (Thread[#44454,Execution worker Thread 11,5,main]) started.
[        ] > Task :flutter_openssl_crypto:generateDebugRFile UP-TO-DATE
[        ] Caching disabled for task ':flutter_openssl_crypto:generateDebugRFile' because:
[        ]   Build cache is disabled
[        ] Skipping task ':flutter_openssl_crypto:generateDebugRFile' as it is up-to-date.
[        ] work action resolve package-aware-r.txt (project :flutter_openssl_crypto) (Thread[#44454,Execution worker Thread 11,5,main]) started.
[        ] Resolve mutations for :integration_test:compileDebugLibraryResources (Thread[#44454,Execution worker Thread 11,5,main]) started.
[        ] :integration_test:compileDebugLibraryResources (Thread[#44454,Execution worker Thread 11,5,main]) started.
[        ] > Task :integration_test:compileDebugLibraryResources UP-TO-DATE
[        ] Caching disabled for task ':integration_test:compileDebugLibraryResources' because:
[        ]   Build cache is disabled
[        ] Skipping task ':integration_test:compileDebugLibraryResources' as it is up-to-date.
[        ] work action resolve out (project :integration_test) (Thread[#44454,Execution worker Thread 11,5,main]) started.
[        ] Resolve mutations for :integration_test:parseDebugLocalResources (Thread[#44454,Execution worker Thread 11,5,main]) started.
[        ] :integration_test:parseDebugLocalResources (Thread[#44454,Execution worker Thread 11,5,main]) started.
[        ] > Task :integration_test:parseDebugLocalResources UP-TO-DATE
[        ] Caching disabled for task ':integration_test:parseDebugLocalResources' because:
[        ]   Build cache is disabled
[        ] Skipping task ':integration_test:parseDebugLocalResources' as it is up-to-date.
[        ] Resolve mutations for :integration_test:generateDebugRFile (Thread[#44454,Execution worker Thread 11,5,main]) started.
[        ] :integration_test:generateDebugRFile (Thread[#44454,Execution worker Thread 11,5,main]) started.
[        ] > Task :integration_test:generateDebugRFile UP-TO-DATE
[        ] Caching disabled for task ':integration_test:generateDebugRFile' because:
[        ]   Build cache is disabled
[        ] Skipping task ':integration_test:generateDebugRFile' as it is up-to-date.
[        ] work action resolve package-aware-r.txt (project :integration_test) (Thread[#44454,Execution worker Thread 11,5,main]) started.
[        ] Resolve mutations for :path_provider_android:compileDebugLibraryResources (Thread[#44454,Execution worker Thread 11,5,main]) started.
[        ] :path_provider_android:compileDebugLibraryResources (Thread[#44454,Execution worker Thread 11,5,main]) started.
[        ] > Task :path_provider_android:compileDebugLibraryResources UP-TO-DATE
[        ] Caching disabled for task ':path_provider_android:compileDebugLibraryResources' because:
[        ]   Build cache is disabled
[        ] Skipping task ':path_provider_android:compileDebugLibraryResources' as it is up-to-date.
[        ] work action resolve out (project :path_provider_android) (Thread[#44454,Execution worker Thread 11,5,main]) started.
[        ] Resolve mutations for :path_provider_android:parseDebugLocalResources (Thread[#44454,Execution worker Thread 11,5,main]) started.
[        ] :path_provider_android:parseDebugLocalResources (Thread[#44454,Execution worker Thread 11,5,main]) started.
[        ] > Task :path_provider_android:parseDebugLocalResources UP-TO-DATE
[        ] Caching disabled for task ':path_provider_android:parseDebugLocalResources' because:
[        ]   Build cache is disabled
[        ] Skipping task ':path_provider_android:parseDebugLocalResources' as it is up-to-date.
[        ] Resolve mutations for :path_provider_android:generateDebugRFile (Thread[#44454,Execution worker Thread 11,5,main]) started.
[        ] :path_provider_android:generateDebugRFile (Thread[#44454,Execution worker Thread 11,5,main]) started.
[        ] > Task :path_provider_android:generateDebugRFile UP-TO-DATE
[        ] Caching disabled for task ':path_provider_android:generateDebugRFile' because:
[        ]   Build cache is disabled
[        ] Skipping task ':path_provider_android:generateDebugRFile' as it is up-to-date.
[        ] work action resolve package-aware-r.txt (project :path_provider_android) (Thread[#44454,Execution worker Thread 11,5,main]) started.
[        ] Resolve mutations for :quill_native_bridge_android:compileDebugLibraryResources (Thread[#44454,Execution worker Thread 11,5,main]) started.
[        ] :quill_native_bridge_android:compileDebugLibraryResources (Thread[#44454,Execution worker Thread 11,5,main]) started.
[        ] > Task :quill_native_bridge_android:compileDebugLibraryResources UP-TO-DATE
[        ] Caching disabled for task ':quill_native_bridge_android:compileDebugLibraryResources' because:
[        ]   Build cache is disabled
[        ] Skipping task ':quill_native_bridge_android:compileDebugLibraryResources' as it is up-to-date.
[        ] work action resolve out (project :quill_native_bridge_android) (Thread[#44454,Execution worker Thread 11,5,main]) started.
[        ] Resolve mutations for :quill_native_bridge_android:parseDebugLocalResources (Thread[#44454,Execution worker Thread 11,5,main]) started.
[        ] :quill_native_bridge_android:parseDebugLocalResources (Thread[#44454,Execution worker Thread 11,5,main]) started.
[        ] > Task :quill_native_bridge_android:parseDebugLocalResources UP-TO-DATE
[        ] Caching disabled for task ':quill_native_bridge_android:parseDebugLocalResources' because:
[        ]   Build cache is disabled
[        ] Skipping task ':quill_native_bridge_android:parseDebugLocalResources' as it is up-to-date.
[        ] Resolve mutations for :quill_native_bridge_android:generateDebugRFile (Thread[#44454,Execution worker Thread 11,5,main]) started.
[        ] :quill_native_bridge_android:generateDebugRFile (Thread[#44454,Execution worker Thread 11,5,main]) started.
[        ] > Task :quill_native_bridge_android:generateDebugRFile UP-TO-DATE
[        ] Caching disabled for task ':quill_native_bridge_android:generateDebugRFile' because:
[        ]   Build cache is disabled
[        ] Skipping task ':quill_native_bridge_android:generateDebugRFile' as it is up-to-date.
[        ] work action resolve package-aware-r.txt (project :quill_native_bridge_android) (Thread[#44454,Execution worker Thread 11,5,main]) started.
[        ] Resolve mutations for :shared_preferences_android:compileDebugLibraryResources (Thread[#44454,Execution worker Thread 11,5,main]) started.
[        ] :shared_preferences_android:compileDebugLibraryResources (Thread[#44454,Execution worker Thread 11,5,main]) started.
[        ] > Task :shared_preferences_android:compileDebugLibraryResources UP-TO-DATE
[        ] Caching disabled for task ':shared_preferences_android:compileDebugLibraryResources' because:
[        ]   Build cache is disabled
[        ] Skipping task ':shared_preferences_android:compileDebugLibraryResources' as it is up-to-date.
[        ] work action resolve out (project :shared_preferences_android) (Thread[#44454,Execution worker Thread 11,5,main]) started.
[        ] Resolve mutations for :shared_preferences_android:parseDebugLocalResources (Thread[#44454,Execution worker Thread 11,5,main]) started.
[        ] :shared_preferences_android:parseDebugLocalResources (Thread[#44454,Execution worker Thread 11,5,main]) started.
[        ] > Task :shared_preferences_android:parseDebugLocalResources UP-TO-DATE
[        ] Caching disabled for task ':shared_preferences_android:parseDebugLocalResources' because:
[        ]   Build cache is disabled
[        ] Skipping task ':shared_preferences_android:parseDebugLocalResources' as it is up-to-date.
[        ] Resolve mutations for :shared_preferences_android:generateDebugRFile (Thread[#44454,Execution worker Thread 11,5,main]) started.
[        ] :shared_preferences_android:generateDebugRFile (Thread[#44454,Execution worker Thread 11,5,main]) started.
[        ] > Task :shared_preferences_android:generateDebugRFile UP-TO-DATE
[        ] Caching disabled for task ':shared_preferences_android:generateDebugRFile' because:
[        ]   Build cache is disabled
[        ] Skipping task ':shared_preferences_android:generateDebugRFile' as it is up-to-date.
[        ] work action resolve package-aware-r.txt (project :shared_preferences_android) (Thread[#44454,Execution worker Thread 11,5,main]) started.
[        ] Resolve mutations for :sqflite_android:compileDebugLibraryResources (Thread[#44454,Execution worker Thread 11,5,main]) started.
[        ] :sqflite_android:compileDebugLibraryResources (Thread[#44454,Execution worker Thread 11,5,main]) started.
[        ] > Task :sqflite_android:compileDebugLibraryResources UP-TO-DATE
[        ] Caching disabled for task ':sqflite_android:compileDebugLibraryResources' because:
[        ]   Build cache is disabled
[        ] Skipping task ':sqflite_android:compileDebugLibraryResources' as it is up-to-date.
[        ] work action resolve out (project :sqflite_android) (Thread[#44454,Execution worker Thread 11,5,main]) started.
[        ] Resolve mutations for :sqflite_android:parseDebugLocalResources (Thread[#44454,Execution worker Thread 11,5,main]) started.
[        ] :sqflite_android:parseDebugLocalResources (Thread[#44454,Execution worker Thread 11,5,main]) started.
[        ] > Task :sqflite_android:parseDebugLocalResources UP-TO-DATE
[        ] Caching disabled for task ':sqflite_android:parseDebugLocalResources' because:
[        ]   Build cache is disabled
[        ] Skipping task ':sqflite_android:parseDebugLocalResources' as it is up-to-date.
[        ] Resolve mutations for :sqflite_android:generateDebugRFile (Thread[#44454,Execution worker Thread 11,5,main]) started.
[        ] :sqflite_android:generateDebugRFile (Thread[#44454,Execution worker Thread 11,5,main]) started.
[        ] > Task :sqflite_android:generateDebugRFile UP-TO-DATE
[        ] Caching disabled for task ':sqflite_android:generateDebugRFile' because:
[        ]   Build cache is disabled
[        ] Skipping task ':sqflite_android:generateDebugRFile' as it is up-to-date.
[        ] work action resolve package-aware-r.txt (project :sqflite_android) (Thread[#44454,Execution worker Thread 11,5,main]) started.
[        ] Resolve mutations for :url_launcher_android:compileDebugLibraryResources (Thread[#44454,Execution worker Thread 11,5,main]) started.
[        ] :url_launcher_android:compileDebugLibraryResources (Thread[#44454,Execution worker Thread 11,5,main]) started.
[        ] > Task :url_launcher_android:compileDebugLibraryResources UP-TO-DATE
[        ] Caching disabled for task ':url_launcher_android:compileDebugLibraryResources' because:
[        ]   Build cache is disabled
[        ] Skipping task ':url_launcher_android:compileDebugLibraryResources' as it is up-to-date.
[        ] work action resolve out (project :url_launcher_android) (Thread[#44454,Execution worker Thread 11,5,main]) started.
[        ] Resolve mutations for :url_launcher_android:parseDebugLocalResources (Thread[#44454,Execution worker Thread 11,5,main]) started.
[        ] :url_launcher_android:parseDebugLocalResources (Thread[#44454,Execution worker Thread 11,5,main]) started.
[        ] > Task :url_launcher_android:parseDebugLocalResources UP-TO-DATE
[        ] Caching disabled for task ':url_launcher_android:parseDebugLocalResources' because:
[        ]   Build cache is disabled
[        ] Skipping task ':url_launcher_android:parseDebugLocalResources' as it is up-to-date.
[        ] Resolve mutations for :url_launcher_android:generateDebugRFile (Thread[#44454,Execution worker Thread 11,5,main]) started.
[        ] :url_launcher_android:generateDebugRFile (Thread[#44454,Execution worker Thread 11,5,main]) started.
[        ] > Task :url_launcher_android:generateDebugRFile UP-TO-DATE
[        ] Caching disabled for task ':url_launcher_android:generateDebugRFile' because:
[        ]   Build cache is disabled
[        ] Skipping task ':url_launcher_android:generateDebugRFile' as it is up-to-date.
[        ] work action resolve package-aware-r.txt (project :url_launcher_android) (Thread[#44454,Execution worker Thread 11,5,main]) started.
[        ] Resolve mutations for :video_player_android:compileDebugLibraryResources (Thread[#44454,Execution worker Thread 11,5,main]) started.
[        ] :video_player_android:compileDebugLibraryResources (Thread[#44454,Execution worker Thread 11,5,main]) started.
[        ] > Task :video_player_android:compileDebugLibraryResources UP-TO-DATE
[        ] Caching disabled for task ':video_player_android:compileDebugLibraryResources' because:
[        ]   Build cache is disabled
[        ] Skipping task ':video_player_android:compileDebugLibraryResources' as it is up-to-date.
[        ] work action resolve out (project :video_player_android) (Thread[#44454,Execution worker Thread 11,5,main]) started.
[        ] Resolve mutations for :video_player_android:parseDebugLocalResources (Thread[#44454,Execution worker Thread 11,5,main]) started.
[        ] :video_player_android:parseDebugLocalResources (Thread[#44454,Execution worker Thread 11,5,main]) started.
[        ] > Task :video_player_android:parseDebugLocalResources UP-TO-DATE
[        ] Caching disabled for task ':video_player_android:parseDebugLocalResources' because:
[        ]   Build cache is disabled
[        ] Skipping task ':video_player_android:parseDebugLocalResources' as it is up-to-date.
[        ] Resolve mutations for :video_player_android:generateDebugRFile (Thread[#44454,Execution worker Thread 11,5,main]) started.
[        ] :video_player_android:generateDebugRFile (Thread[#44454,Execution worker Thread 11,5,main]) started.
[        ] > Task :video_player_android:generateDebugRFile UP-TO-DATE
[        ] Caching disabled for task ':video_player_android:generateDebugRFile' because:
[        ]   Build cache is disabled
[        ] Skipping task ':video_player_android:generateDebugRFile' as it is up-to-date.
[        ] work action resolve package-aware-r.txt (project :video_player_android) (Thread[#44454,Execution worker Thread 11,5,main]) started.
[        ] Resolve mutations for :app:processDebugResources (Thread[#44454,Execution worker Thread 11,5,main]) started.
[        ] :app:processDebugResources (Thread[#44454,Execution worker Thread 11,5,main]) started.
[        ] > Task :app:processDebugResources UP-TO-DATE
[        ] Caching disabled for task ':app:processDebugResources' because:
[        ]   Build cache is disabled
[        ] Skipping task ':app:processDebugResources' as it is up-to-date.
[        ] Resolve mutations for :connectivity_plus:javaPreCompileDebug (Thread[#44454,Execution worker Thread 11,5,main]) started.
[        ] :connectivity_plus:javaPreCompileDebug (Thread[#44454,Execution worker Thread 11,5,main]) started.
[        ] > Task :connectivity_plus:javaPreCompileDebug UP-TO-DATE
[        ] Caching disabled for task ':connectivity_plus:javaPreCompileDebug' because:
[        ]   Build cache is disabled
[        ] Skipping task ':connectivity_plus:javaPreCompileDebug' as it is up-to-date.
[        ] Resolve mutations for :connectivity_plus:compileDebugJavaWithJavac (Thread[#44454,Execution worker Thread 11,5,main]) started.
[        ] :connectivity_plus:compileDebugJavaWithJavac (Thread[#44454,Execution worker Thread 11,5,main]) started.
[  +95 ms] > Task :connectivity_plus:compileDebugJavaWithJavac UP-TO-DATE
[        ] Custom actions are attached to task ':connectivity_plus:compileDebugJavaWithJavac'.
[        ] Caching disabled for task ':connectivity_plus:compileDebugJavaWithJavac' because:
[        ]   Build cache is disabled
[        ] Skipping task ':connectivity_plus:compileDebugJavaWithJavac' as it is up-to-date.
[        ] No compile result for :connectivity_plus:compileDebugJavaWithJavac
[        ] No compile result for :connectivity_plus:compileDebugJavaWithJavac
[        ] Resolve mutations for :connectivity_plus:bundleLibCompileToJarDebug (Thread[#44454,Execution worker Thread 11,5,main]) started.
[        ] :connectivity_plus:bundleLibCompileToJarDebug (Thread[#44454,Execution worker Thread 11,5,main]) started.
[        ] > Task :connectivity_plus:bundleLibCompileToJarDebug UP-TO-DATE
[        ] Caching disabled for task ':connectivity_plus:bundleLibCompileToJarDebug' because:
[        ]   Build cache is disabled
[        ]   Simple merging task
[        ] Skipping task ':connectivity_plus:bundleLibCompileToJarDebug' as it is up-to-date.
[        ] work action resolve classes.jar (project :connectivity_plus) (Thread[#44454,Execution worker Thread 11,5,main]) started.
[        ] Resolve mutations for :emoji_picker_flutter:checkKotlinGradlePluginConfigurationErrors (Thread[#44454,Execution worker Thread 11,5,main]) started.
[        ] :emoji_picker_flutter:checkKotlinGradlePluginConfigurationErrors (Thread[#44454,Execution worker Thread 11,5,main]) started.
[        ] > Task :emoji_picker_flutter:checkKotlinGradlePluginConfigurationErrors SKIPPED
[        ] Skipping task ':emoji_picker_flutter:checkKotlinGradlePluginConfigurationErrors' as task onlyIf 'errorDiagnostics are present' is false.
[        ] Resolve mutations for :emoji_picker_flutter:compileDebugKotlin (Thread[#44454,Execution worker Thread 11,5,main]) started.
[        ] :emoji_picker_flutter:compileDebugKotlin (Thread[#44454,Execution worker Thread 11,5,main]) started.
[        ] > Task :emoji_picker_flutter:compileDebugKotlin UP-TO-DATE
[        ] Adding -Xuse-inline-scopes-numbers Kotlin compiler flag for task :emoji_picker_flutter:compileDebugAndroidTestKotlin
[        ] Caching disabled for task ':emoji_picker_flutter:compileDebugKotlin' because:
[        ]   Build cache is disabled
[        ] Skipping task ':emoji_picker_flutter:compileDebugKotlin' as it is up-to-date.
[        ] Resolve mutations for :emoji_picker_flutter:javaPreCompileDebug (Thread[#44454,Execution worker Thread 11,5,main]) started.
[        ] :emoji_picker_flutter:javaPreCompileDebug (Thread[#44454,Execution worker Thread 11,5,main]) started.
[        ] > Task :emoji_picker_flutter:javaPreCompileDebug UP-TO-DATE
[        ] Caching disabled for task ':emoji_picker_flutter:javaPreCompileDebug' because:
[        ]   Build cache is disabled
[        ] Skipping task ':emoji_picker_flutter:javaPreCompileDebug' as it is up-to-date.
[        ] Resolve mutations for :emoji_picker_flutter:compileDebugJavaWithJavac (Thread[#44454,Execution worker Thread 11,5,main]) started.
[        ] :emoji_picker_flutter:compileDebugJavaWithJavac (Thread[#44454,Execution worker Thread 11,5,main]) started.
[        ] > Task :emoji_picker_flutter:compileDebugJavaWithJavac NO-SOURCE
[        ] Skipping task ':emoji_picker_flutter:compileDebugJavaWithJavac' as it has no source files and no previous output files.
[        ] Resolve mutations for :emoji_picker_flutter:bundleLibCompileToJarDebug (Thread[#44454,Execution worker Thread 11,5,main]) started.
[        ] :emoji_picker_flutter:bundleLibCompileToJarDebug (Thread[#44454,Execution worker Thread 11,5,main]) started.
[        ] > Task :emoji_picker_flutter:bundleLibCompileToJarDebug UP-TO-DATE
[        ] Caching disabled for task ':emoji_picker_flutter:bundleLibCompileToJarDebug' because:
[        ]   Build cache is disabled
[        ]   Simple merging task
[        ] Skipping task ':emoji_picker_flutter:bundleLibCompileToJarDebug' as it is up-to-date.
[        ] work action resolve classes.jar (project :emoji_picker_flutter) (Thread[#44454,Execution worker Thread 11,5,main]) started.
[        ] Resolve mutations for :file_selector_android:javaPreCompileDebug (Thread[#44454,Execution worker Thread 11,5,main]) started.
[        ] :file_selector_android:javaPreCompileDebug (Thread[#44454,Execution worker Thread 11,5,main]) started.
[        ] > Task :file_selector_android:javaPreCompileDebug UP-TO-DATE
[        ] Caching disabled for task ':file_selector_android:javaPreCompileDebug' because:
[        ]   Build cache is disabled
[        ] Skipping task ':file_selector_android:javaPreCompileDebug' as it is up-to-date.
[        ] Resolve mutations for :file_selector_android:compileDebugJavaWithJavac (Thread[#44454,Execution worker Thread 11,5,main]) started.
[        ] :file_selector_android:compileDebugJavaWithJavac (Thread[#44454,Execution worker Thread 11,5,main]) started.
[        ] > Task :file_selector_android:compileDebugJavaWithJavac UP-TO-DATE
[        ] Custom actions are attached to task ':file_selector_android:compileDebugJavaWithJavac'.
[        ] Caching disabled for task ':file_selector_android:compileDebugJavaWithJavac' because:
[        ]   Build cache is disabled
[        ] Skipping task ':file_selector_android:compileDebugJavaWithJavac' as it is up-to-date.
[        ] No compile result for :file_selector_android:compileDebugJavaWithJavac
[        ] No compile result for :file_selector_android:compileDebugJavaWithJavac
[        ] Resolve mutations for :file_selector_android:bundleLibCompileToJarDebug (Thread[#44454,Execution worker Thread 11,5,main]) started.
[        ] :file_selector_android:bundleLibCompileToJarDebug (Thread[#44454,Execution worker Thread 11,5,main]) started.
[        ] > Task :file_selector_android:bundleLibCompileToJarDebug UP-TO-DATE
[        ] Caching disabled for task ':file_selector_android:bundleLibCompileToJarDebug' because:
[        ]   Build cache is disabled
[        ]   Simple merging task
[        ] Skipping task ':file_selector_android:bundleLibCompileToJarDebug' as it is up-to-date.
[        ] work action resolve classes.jar (project :file_selector_android) (Thread[#44454,Execution worker Thread 11,5,main]) started.
[        ] Resolve mutations for :flutter_keyboard_visibility_temp_fork:javaPreCompileDebug (Thread[#44454,Execution worker Thread 11,5,main]) started.
[        ] :flutter_keyboard_visibility_temp_fork:javaPreCompileDebug (Thread[#44454,Execution worker Thread 11,5,main]) started.
[        ] > Task :flutter_keyboard_visibility_temp_fork:javaPreCompileDebug UP-TO-DATE
[        ] Caching disabled for task ':flutter_keyboard_visibility_temp_fork:javaPreCompileDebug' because:
[        ]   Build cache is disabled
[        ] Skipping task ':flutter_keyboard_visibility_temp_fork:javaPreCompileDebug' as it is up-to-date.
[        ] Resolve mutations for :flutter_keyboard_visibility_temp_fork:compileDebugJavaWithJavac (Thread[#44454,Execution worker Thread 11,5,main]) started.
[        ] :flutter_keyboard_visibility_temp_fork:compileDebugJavaWithJavac (Thread[#44454,Execution worker Thread 11,5,main]) started.
[        ] > Task :flutter_keyboard_visibility_temp_fork:compileDebugJavaWithJavac UP-TO-DATE
[        ] Custom actions are attached to task ':flutter_keyboard_visibility_temp_fork:compileDebugJavaWithJavac'.
[        ] Caching disabled for task ':flutter_keyboard_visibility_temp_fork:compileDebugJavaWithJavac' because:
[        ]   Build cache is disabled
[        ] Skipping task ':flutter_keyboard_visibility_temp_fork:compileDebugJavaWithJavac' as it is up-to-date.
[        ] No compile result for :flutter_keyboard_visibility_temp_fork:compileDebugJavaWithJavac
[        ] No compile result for :flutter_keyboard_visibility_temp_fork:compileDebugJavaWithJavac
[        ] Resolve mutations for :flutter_keyboard_visibility_temp_fork:bundleLibCompileToJarDebug (Thread[#44454,Execution worker Thread 11,5,main]) started.
[        ] :flutter_keyboard_visibility_temp_fork:bundleLibCompileToJarDebug (Thread[#44454,Execution worker Thread 11,5,main]) started.
[        ] > Task :flutter_keyboard_visibility_temp_fork:bundleLibCompileToJarDebug UP-TO-DATE
[        ] Caching disabled for task ':flutter_keyboard_visibility_temp_fork:bundleLibCompileToJarDebug' because:
[        ]   Build cache is disabled
[        ]   Simple merging task
[        ] Skipping task ':flutter_keyboard_visibility_temp_fork:bundleLibCompileToJarDebug' as it is up-to-date.
[        ] work action resolve classes.jar (project :flutter_keyboard_visibility_temp_fork) (Thread[#44454,Execution worker Thread 11,5,main]) started.
[        ] Resolve mutations for :flutter_native_splash:javaPreCompileDebug (Thread[#44454,Execution worker Thread 11,5,main]) started.
[        ] :flutter_native_splash:javaPreCompileDebug (Thread[#44454,Execution worker Thread 11,5,main]) started.
[        ] > Task :flutter_native_splash:javaPreCompileDebug UP-TO-DATE
[        ] Caching disabled for task ':flutter_native_splash:javaPreCompileDebug' because:
[        ]   Build cache is disabled
[        ] Skipping task ':flutter_native_splash:javaPreCompileDebug' as it is up-to-date.
[        ] Resolve mutations for :flutter_native_splash:compileDebugJavaWithJavac (Thread[#44454,Execution worker Thread 11,5,main]) started.
[        ] :flutter_native_splash:compileDebugJavaWithJavac (Thread[#44454,Execution worker Thread 11,5,main]) started.
[        ] > Task :flutter_native_splash:compileDebugJavaWithJavac UP-TO-DATE
[        ] Custom actions are attached to task ':flutter_native_splash:compileDebugJavaWithJavac'.
[        ] Caching disabled for task ':flutter_native_splash:compileDebugJavaWithJavac' because:
[        ]   Build cache is disabled
[        ] Skipping task ':flutter_native_splash:compileDebugJavaWithJavac' as it is up-to-date.
[        ] No compile result for :flutter_native_splash:compileDebugJavaWithJavac
[        ] No compile result for :flutter_native_splash:compileDebugJavaWithJavac
[        ] Resolve mutations for :flutter_native_splash:bundleLibCompileToJarDebug (Thread[#44454,Execution worker Thread 11,5,main]) started.
[        ] :flutter_native_splash:bundleLibCompileToJarDebug (Thread[#44454,Execution worker Thread 11,5,main]) started.
[        ] > Task :flutter_native_splash:bundleLibCompileToJarDebug UP-TO-DATE
[        ] Caching disabled for task ':flutter_native_splash:bundleLibCompileToJarDebug' because:
[        ]   Build cache is disabled
[        ]   Simple merging task
[        ] Skipping task ':flutter_native_splash:bundleLibCompileToJarDebug' as it is up-to-date.
[        ] work action resolve classes.jar (project :flutter_native_splash) (Thread[#44454,Execution worker Thread 11,5,main]) started.
[        ] Resolve mutations for :flutter_olm:checkKotlinGradlePluginConfigurationErrors (Thread[#44454,Execution worker Thread 11,5,main]) started.
[        ] :flutter_olm:checkKotlinGradlePluginConfigurationErrors (Thread[#44454,Execution worker Thread 11,5,main]) started.
[        ] > Task :flutter_olm:checkKotlinGradlePluginConfigurationErrors SKIPPED
[        ] Skipping task ':flutter_olm:checkKotlinGradlePluginConfigurationErrors' as task onlyIf 'errorDiagnostics are present' is false.
[        ] Resolve mutations for :flutter_olm:compileDebugKotlin (Thread[#44454,Execution worker Thread 11,5,main]) started.
[        ] :flutter_olm:compileDebugKotlin (Thread[#44454,Execution worker Thread 11,5,main]) started.
[        ] > Task :flutter_olm:compileDebugKotlin UP-TO-DATE
[        ] Adding -Xuse-inline-scopes-numbers Kotlin compiler flag for task :flutter_olm:compileDebugAndroidTestKotlin
[        ] Caching disabled for task ':flutter_olm:compileDebugKotlin' because:
[        ]   Build cache is disabled
[        ] Skipping task ':flutter_olm:compileDebugKotlin' as it is up-to-date.
[        ] Resolve mutations for :flutter_olm:javaPreCompileDebug (Thread[#44454,Execution worker Thread 11,5,main]) started.
[        ] :flutter_olm:javaPreCompileDebug (Thread[#44454,Execution worker Thread 11,5,main]) started.
[        ] > Task :flutter_olm:javaPreCompileDebug UP-TO-DATE
[        ] Caching disabled for task ':flutter_olm:javaPreCompileDebug' because:
[        ]   Build cache is disabled
[        ] Skipping task ':flutter_olm:javaPreCompileDebug' as it is up-to-date.
[        ] Resolve mutations for :flutter_olm:compileDebugJavaWithJavac (Thread[#44454,Execution worker Thread 11,5,main]) started.
[        ] :flutter_olm:compileDebugJavaWithJavac (Thread[#44458,Execution worker Thread 15,5,main]) started.
[        ] > Task :flutter_olm:compileDebugJavaWithJavac NO-SOURCE
[        ] Skipping task ':flutter_olm:compileDebugJavaWithJavac' as it has no source files and no previous output files.
[        ] Resolve mutations for :flutter_olm:bundleLibCompileToJarDebug (Thread[#44458,Execution worker Thread 15,5,main]) started.
[        ] :flutter_olm:bundleLibCompileToJarDebug (Thread[#44458,Execution worker Thread 15,5,main]) started.
[        ] > Task :flutter_olm:bundleLibCompileToJarDebug UP-TO-DATE
[        ] Caching disabled for task ':flutter_olm:bundleLibCompileToJarDebug' because:
[        ]   Build cache is disabled
[        ]   Simple merging task
[        ] Skipping task ':flutter_olm:bundleLibCompileToJarDebug' as it is up-to-date.
[        ] work action resolve classes.jar (project :flutter_olm) (Thread[#44458,Execution worker Thread 15,5,main]) started.
[        ] Resolve mutations for :flutter_openssl_crypto:checkKotlinGradlePluginConfigurationErrors (Thread[#44458,Execution worker Thread 15,5,main]) started.
[        ] :flutter_openssl_crypto:checkKotlinGradlePluginConfigurationErrors (Thread[#44458,Execution worker Thread 15,5,main]) started.
[        ] > Task :flutter_openssl_crypto:checkKotlinGradlePluginConfigurationErrors SKIPPED
[        ] Skipping task ':flutter_openssl_crypto:checkKotlinGradlePluginConfigurationErrors' as task onlyIf 'errorDiagnostics are present' is false.
[        ] Resolve mutations for :flutter_openssl_crypto:compileDebugKotlin (Thread[#44458,Execution worker Thread 15,5,main]) started.
[        ] :flutter_openssl_crypto:compileDebugKotlin (Thread[#44458,Execution worker Thread 15,5,main]) started.
[        ] > Task :flutter_openssl_crypto:compileDebugKotlin UP-TO-DATE
[        ] Adding -Xuse-inline-scopes-numbers Kotlin compiler flag for task :flutter_openssl_crypto:compileDebugAndroidTestKotlin
[        ] Caching disabled for task ':flutter_openssl_crypto:compileDebugKotlin' because:
[        ]   Build cache is disabled
[        ] Skipping task ':flutter_openssl_crypto:compileDebugKotlin' as it is up-to-date.
[        ] Resolve mutations for :flutter_openssl_crypto:javaPreCompileDebug (Thread[#44458,Execution worker Thread 15,5,main]) started.
[        ] :flutter_openssl_crypto:javaPreCompileDebug (Thread[#44458,Execution worker Thread 15,5,main]) started.
[        ] > Task :flutter_openssl_crypto:javaPreCompileDebug UP-TO-DATE
[        ] Caching disabled for task ':flutter_openssl_crypto:javaPreCompileDebug' because:
[        ]   Build cache is disabled
[        ] Skipping task ':flutter_openssl_crypto:javaPreCompileDebug' as it is up-to-date.
[        ] Resolve mutations for :flutter_openssl_crypto:compileDebugJavaWithJavac (Thread[#44458,Execution worker Thread 15,5,main]) started.
[        ] :flutter_openssl_crypto:compileDebugJavaWithJavac (Thread[#44458,Execution worker Thread 15,5,main]) started.
[        ] > Task :flutter_openssl_crypto:compileDebugJavaWithJavac NO-SOURCE
[        ] Skipping task ':flutter_openssl_crypto:compileDebugJavaWithJavac' as it has no source files and no previous output files.
[        ] Resolve mutations for :flutter_openssl_crypto:bundleLibCompileToJarDebug (Thread[#44458,Execution worker Thread 15,5,main]) started.
[        ] :flutter_openssl_crypto:bundleLibCompileToJarDebug (Thread[#44458,Execution worker Thread 15,5,main]) started.
[        ] > Task :flutter_openssl_crypto:bundleLibCompileToJarDebug UP-TO-DATE
[        ] Caching disabled for task ':flutter_openssl_crypto:bundleLibCompileToJarDebug' because:
[        ]   Build cache is disabled
[        ]   Simple merging task
[        ] Skipping task ':flutter_openssl_crypto:bundleLibCompileToJarDebug' as it is up-to-date.
[        ] work action resolve classes.jar (project :flutter_openssl_crypto) (Thread[#44458,Execution worker Thread 15,5,main]) started.
[        ] Resolve mutations for :integration_test:javaPreCompileDebug (Thread[#44458,Execution worker Thread 15,5,main]) started.
[        ] :integration_test:javaPreCompileDebug (Thread[#44458,Execution worker Thread 15,5,main]) started.
[        ] > Task :integration_test:javaPreCompileDebug UP-TO-DATE
[        ] Caching disabled for task ':integration_test:javaPreCompileDebug' because:
[        ]   Build cache is disabled
[        ] Skipping task ':integration_test:javaPreCompileDebug' as it is up-to-date.
[        ] Resolve mutations for :integration_test:compileDebugJavaWithJavac (Thread[#44458,Execution worker Thread 15,5,main]) started.
[        ] :integration_test:compileDebugJavaWithJavac (Thread[#44458,Execution worker Thread 15,5,main]) started.
[        ] > Task :integration_test:compileDebugJavaWithJavac UP-TO-DATE
[        ] Custom actions are attached to task ':integration_test:compileDebugJavaWithJavac'.
[        ] Caching disabled for task ':integration_test:compileDebugJavaWithJavac' because:
[        ]   Build cache is disabled
[        ] Skipping task ':integration_test:compileDebugJavaWithJavac' as it is up-to-date.
[        ] No compile result for :integration_test:compileDebugJavaWithJavac
[        ] No compile result for :integration_test:compileDebugJavaWithJavac
[        ] Resolve mutations for :integration_test:bundleLibCompileToJarDebug (Thread[#44458,Execution worker Thread 15,5,main]) started.
[        ] :integration_test:bundleLibCompileToJarDebug (Thread[#44458,Execution worker Thread 15,5,main]) started.
[        ] > Task :integration_test:bundleLibCompileToJarDebug UP-TO-DATE
[        ] Caching disabled for task ':integration_test:bundleLibCompileToJarDebug' because:
[        ]   Build cache is disabled
[        ]   Simple merging task
[        ] Skipping task ':integration_test:bundleLibCompileToJarDebug' as it is up-to-date.
[        ] work action resolve classes.jar (project :integration_test) (Thread[#44458,Execution worker Thread 15,5,main]) started.
[        ] Resolve mutations for :path_provider_android:javaPreCompileDebug (Thread[#44458,Execution worker Thread 15,5,main]) started.
[        ] :path_provider_android:javaPreCompileDebug (Thread[#44458,Execution worker Thread 15,5,main]) started.
[        ] > Task :path_provider_android:javaPreCompileDebug UP-TO-DATE
[        ] Caching disabled for task ':path_provider_android:javaPreCompileDebug' because:
[        ]   Build cache is disabled
[        ] Skipping task ':path_provider_android:javaPreCompileDebug' as it is up-to-date.
[        ] Resolve mutations for :path_provider_android:compileDebugJavaWithJavac (Thread[#44458,Execution worker Thread 15,5,main]) started.
[        ] :path_provider_android:compileDebugJavaWithJavac (Thread[#44458,Execution worker Thread 15,5,main]) started.
[        ] > Task :path_provider_android:compileDebugJavaWithJavac UP-TO-DATE
[        ] Custom actions are attached to task ':path_provider_android:compileDebugJavaWithJavac'.
[        ] Caching disabled for task ':path_provider_android:compileDebugJavaWithJavac' because:
[        ]   Build cache is disabled
[        ] Skipping task ':path_provider_android:compileDebugJavaWithJavac' as it is up-to-date.
[        ] No compile result for :path_provider_android:compileDebugJavaWithJavac
[        ] No compile result for :path_provider_android:compileDebugJavaWithJavac
[        ] Resolve mutations for :path_provider_android:bundleLibCompileToJarDebug (Thread[#44458,Execution worker Thread 15,5,main]) started.
[        ] :path_provider_android:bundleLibCompileToJarDebug (Thread[#44458,Execution worker Thread 15,5,main]) started.
[        ] > Task :path_provider_android:bundleLibCompileToJarDebug UP-TO-DATE
[        ] Caching disabled for task ':path_provider_android:bundleLibCompileToJarDebug' because:
[        ]   Build cache is disabled
[        ]   Simple merging task
[        ] Skipping task ':path_provider_android:bundleLibCompileToJarDebug' as it is up-to-date.
[        ] work action resolve classes.jar (project :path_provider_android) (Thread[#44458,Execution worker Thread 15,5,main]) started.
[        ] Resolve mutations for :quill_native_bridge_android:checkKotlinGradlePluginConfigurationErrors (Thread[#44458,Execution worker Thread 15,5,main]) started.
[        ] :quill_native_bridge_android:checkKotlinGradlePluginConfigurationErrors (Thread[#44458,Execution worker Thread 15,5,main]) started.
[        ] > Task :quill_native_bridge_android:checkKotlinGradlePluginConfigurationErrors SKIPPED
[        ] Skipping task ':quill_native_bridge_android:checkKotlinGradlePluginConfigurationErrors' as task onlyIf 'errorDiagnostics are present' is false.
[        ] Resolve mutations for :quill_native_bridge_android:compileDebugKotlin (Thread[#44458,Execution worker Thread 15,5,main]) started.
[        ] :quill_native_bridge_android:compileDebugKotlin (Thread[#44458,Execution worker Thread 15,5,main]) started.
[        ] > Task :quill_native_bridge_android:compileDebugKotlin UP-TO-DATE
[        ] Adding -Xuse-inline-scopes-numbers Kotlin compiler flag for task :quill_native_bridge_android:compileDebugAndroidTestKotlin
[        ] Caching disabled for task ':quill_native_bridge_android:compileDebugKotlin' because:
[        ]   Build cache is disabled
[        ] Skipping task ':quill_native_bridge_android:compileDebugKotlin' as it is up-to-date.
[        ] Resolve mutations for :quill_native_bridge_android:javaPreCompileDebug (Thread[#44458,Execution worker Thread 15,5,main]) started.
[        ] :quill_native_bridge_android:javaPreCompileDebug (Thread[#44458,Execution worker Thread 15,5,main]) started.
[        ] > Task :quill_native_bridge_android:javaPreCompileDebug UP-TO-DATE
[        ] Caching disabled for task ':quill_native_bridge_android:javaPreCompileDebug' because:
[        ]   Build cache is disabled
[        ] Skipping task ':quill_native_bridge_android:javaPreCompileDebug' as it is up-to-date.
[        ] Resolve mutations for :quill_native_bridge_android:compileDebugJavaWithJavac (Thread[#44458,Execution worker Thread 15,5,main]) started.
[        ] :quill_native_bridge_android:compileDebugJavaWithJavac (Thread[#44458,Execution worker Thread 15,5,main]) started.
[        ] > Task :quill_native_bridge_android:compileDebugJavaWithJavac NO-SOURCE
[        ] Skipping task ':quill_native_bridge_android:compileDebugJavaWithJavac' as it has no source files and no previous output files.
[        ] Resolve mutations for :quill_native_bridge_android:bundleLibCompileToJarDebug (Thread[#44458,Execution worker Thread 15,5,main]) started.
[        ] :quill_native_bridge_android:bundleLibCompileToJarDebug (Thread[#44458,Execution worker Thread 15,5,main]) started.
[        ] > Task :quill_native_bridge_android:bundleLibCompileToJarDebug UP-TO-DATE
[        ] Caching disabled for task ':quill_native_bridge_android:bundleLibCompileToJarDebug' because:
[        ]   Build cache is disabled
[        ]   Simple merging task
[        ] Skipping task ':quill_native_bridge_android:bundleLibCompileToJarDebug' as it is up-to-date.
[        ] work action resolve classes.jar (project :quill_native_bridge_android) (Thread[#44458,Execution worker Thread 15,5,main]) started.
[        ] Resolve mutations for :shared_preferences_android:checkKotlinGradlePluginConfigurationErrors (Thread[#44458,Execution worker Thread 15,5,main]) started.
[        ] :shared_preferences_android:checkKotlinGradlePluginConfigurationErrors (Thread[#44458,Execution worker Thread 15,5,main]) started.
[        ] > Task :shared_preferences_android:checkKotlinGradlePluginConfigurationErrors SKIPPED
[        ] Skipping task ':shared_preferences_android:checkKotlinGradlePluginConfigurationErrors' as task onlyIf 'errorDiagnostics are present' is false.
[        ] Resolve mutations for :shared_preferences_android:compileDebugKotlin (Thread[#44458,Execution worker Thread 15,5,main]) started.
[        ] :shared_preferences_android:compileDebugKotlin (Thread[#44458,Execution worker Thread 15,5,main]) started.
[        ] > Task :shared_preferences_android:compileDebugKotlin UP-TO-DATE
[        ] Adding -Xuse-inline-scopes-numbers Kotlin compiler flag for task :shared_preferences_android:compileDebugAndroidTestKotlin
[        ] Caching disabled for task ':shared_preferences_android:compileDebugKotlin' because:
[        ]   Build cache is disabled
[        ] Skipping task ':shared_preferences_android:compileDebugKotlin' as it is up-to-date.
[        ] Resolve mutations for :shared_preferences_android:javaPreCompileDebug (Thread[#44458,Execution worker Thread 15,5,main]) started.
[        ] :shared_preferences_android:javaPreCompileDebug (Thread[#44458,Execution worker Thread 15,5,main]) started.
[        ] > Task :shared_preferences_android:javaPreCompileDebug UP-TO-DATE
[        ] Caching disabled for task ':shared_preferences_android:javaPreCompileDebug' because:
[        ]   Build cache is disabled
[        ] Skipping task ':shared_preferences_android:javaPreCompileDebug' as it is up-to-date.
[        ] Resolve mutations for :shared_preferences_android:compileDebugJavaWithJavac (Thread[#44458,Execution worker Thread 15,5,main]) started.
[        ] :shared_preferences_android:compileDebugJavaWithJavac (Thread[#44458,Execution worker Thread 15,5,main]) started.
[        ] > Task :shared_preferences_android:compileDebugJavaWithJavac UP-TO-DATE
[        ] Custom actions are attached to task ':shared_preferences_android:compileDebugJavaWithJavac'.
[        ] Caching disabled for task ':shared_preferences_android:compileDebugJavaWithJavac' because:
[        ]   Build cache is disabled
[        ] Skipping task ':shared_preferences_android:compileDebugJavaWithJavac' as it is up-to-date.
[        ] No compile result for :shared_preferences_android:compileDebugJavaWithJavac
[        ] No compile result for :shared_preferences_android:compileDebugJavaWithJavac
[        ] Resolve mutations for :shared_preferences_android:bundleLibCompileToJarDebug (Thread[#44458,Execution worker Thread 15,5,main]) started.
[        ] :shared_preferences_android:bundleLibCompileToJarDebug (Thread[#44458,Execution worker Thread 15,5,main]) started.
[        ] > Task :shared_preferences_android:bundleLibCompileToJarDebug UP-TO-DATE
[        ] Caching disabled for task ':shared_preferences_android:bundleLibCompileToJarDebug' because:
[        ]   Build cache is disabled
[        ]   Simple merging task
[        ] Skipping task ':shared_preferences_android:bundleLibCompileToJarDebug' as it is up-to-date.
[        ] work action resolve classes.jar (project :shared_preferences_android) (Thread[#44458,Execution worker Thread 15,5,main]) started.
[        ] Resolve mutations for :sqflite_android:javaPreCompileDebug (Thread[#44458,Execution worker Thread 15,5,main]) started.
[        ] :sqflite_android:javaPreCompileDebug (Thread[#44458,Execution worker Thread 15,5,main]) started.
[        ] > Task :sqflite_android:javaPreCompileDebug UP-TO-DATE
[        ] Caching disabled for task ':sqflite_android:javaPreCompileDebug' because:
[        ]   Build cache is disabled
[        ] Skipping task ':sqflite_android:javaPreCompileDebug' as it is up-to-date.
[        ] Resolve mutations for :sqflite_android:compileDebugJavaWithJavac (Thread[#44458,Execution worker Thread 15,5,main]) started.
[        ] :sqflite_android:compileDebugJavaWithJavac (Thread[#44458,Execution worker Thread 15,5,main]) started.
[        ] > Task :sqflite_android:compileDebugJavaWithJavac UP-TO-DATE
[        ] Custom actions are attached to task ':sqflite_android:compileDebugJavaWithJavac'.
[        ] Caching disabled for task ':sqflite_android:compileDebugJavaWithJavac' because:
[        ]   Build cache is disabled
[        ] Skipping task ':sqflite_android:compileDebugJavaWithJavac' as it is up-to-date.
[        ] No compile result for :sqflite_android:compileDebugJavaWithJavac
[        ] No compile result for :sqflite_android:compileDebugJavaWithJavac
[        ] Resolve mutations for :sqflite_android:bundleLibCompileToJarDebug (Thread[#44458,Execution worker Thread 15,5,main]) started.
[        ] :sqflite_android:bundleLibCompileToJarDebug (Thread[#44458,Execution worker Thread 15,5,main]) started.
[        ] > Task :sqflite_android:bundleLibCompileToJarDebug UP-TO-DATE
[        ] Caching disabled for task ':sqflite_android:bundleLibCompileToJarDebug' because:
[        ]   Build cache is disabled
[        ]   Simple merging task
[        ] Skipping task ':sqflite_android:bundleLibCompileToJarDebug' as it is up-to-date.
[        ] work action resolve classes.jar (project :sqflite_android) (Thread[#44458,Execution worker Thread 15,5,main]) started.
[        ] Resolve mutations for :url_launcher_android:generateDebugBuildConfig (Thread[#44458,Execution worker Thread 15,5,main]) started.
[        ] :url_launcher_android:generateDebugBuildConfig (Thread[#44458,Execution worker Thread 15,5,main]) started.
[        ] > Task :url_launcher_android:generateDebugBuildConfig UP-TO-DATE
[        ] Caching disabled for task ':url_launcher_android:generateDebugBuildConfig' because:
[        ]   Build cache is disabled
[        ] Skipping task ':url_launcher_android:generateDebugBuildConfig' as it is up-to-date.
[        ] Resolve mutations for :url_launcher_android:javaPreCompileDebug (Thread[#44458,Execution worker Thread 15,5,main]) started.
[        ] :url_launcher_android:javaPreCompileDebug (Thread[#44458,Execution worker Thread 15,5,main]) started.
[        ] > Task :url_launcher_android:javaPreCompileDebug UP-TO-DATE
[        ] Caching disabled for task ':url_launcher_android:javaPreCompileDebug' because:
[        ]   Build cache is disabled
[        ] Skipping task ':url_launcher_android:javaPreCompileDebug' as it is up-to-date.
[        ] Resolve mutations for :url_launcher_android:compileDebugJavaWithJavac (Thread[#44458,Execution worker Thread 15,5,main]) started.
[        ] :url_launcher_android:compileDebugJavaWithJavac (Thread[#44458,Execution worker Thread 15,5,main]) started.
[        ] > Task :url_launcher_android:compileDebugJavaWithJavac UP-TO-DATE
[        ] Custom actions are attached to task ':url_launcher_android:compileDebugJavaWithJavac'.
[        ] Caching disabled for task ':url_launcher_android:compileDebugJavaWithJavac' because:
[        ]   Build cache is disabled
[        ] Skipping task ':url_launcher_android:compileDebugJavaWithJavac' as it is up-to-date.
[        ] No compile result for :url_launcher_android:compileDebugJavaWithJavac
[        ] No compile result for :url_launcher_android:compileDebugJavaWithJavac
[        ] Resolve mutations for :url_launcher_android:bundleLibCompileToJarDebug (Thread[#44458,Execution worker Thread 15,5,main]) started.
[        ] :url_launcher_android:bundleLibCompileToJarDebug (Thread[#44458,Execution worker Thread 15,5,main]) started.
[        ] > Task :url_launcher_android:bundleLibCompileToJarDebug UP-TO-DATE
[        ] Caching disabled for task ':url_launcher_android:bundleLibCompileToJarDebug' because:
[        ]   Build cache is disabled
[        ]   Simple merging task
[        ] Skipping task ':url_launcher_android:bundleLibCompileToJarDebug' as it is up-to-date.
[        ] work action resolve classes.jar (project :url_launcher_android) (Thread[#44458,Execution worker Thread 15,5,main]) started.
[        ] Resolve mutations for :video_player_android:checkKotlinGradlePluginConfigurationErrors (Thread[#44458,Execution worker Thread 15,5,main]) started.
[        ] :video_player_android:checkKotlinGradlePluginConfigurationErrors (Thread[#44446,Execution worker Thread 4,5,main]) started.
[        ] > Task :video_player_android:checkKotlinGradlePluginConfigurationErrors SKIPPED
[        ] Skipping task ':video_player_android:checkKotlinGradlePluginConfigurationErrors' as task onlyIf 'errorDiagnostics are present' is false.
[        ] Resolve mutations for :video_player_android:compileDebugKotlin (Thread[#44446,Execution worker Thread 4,5,main]) started.
[        ] :video_player_android:compileDebugKotlin (Thread[#44446,Execution worker Thread 4,5,main]) started.
[        ] > Task :video_player_android:compileDebugKotlin UP-TO-DATE
[        ] Adding -Xuse-inline-scopes-numbers Kotlin compiler flag for task :video_player_android:compileDebugAndroidTestKotlin
[        ] Caching disabled for task ':video_player_android:compileDebugKotlin' because:
[        ]   Build cache is disabled
[        ] Skipping task ':video_player_android:compileDebugKotlin' as it is up-to-date.
[        ] Resolve mutations for :video_player_android:javaPreCompileDebug (Thread[#44446,Execution worker Thread 4,5,main]) started.
[        ] :video_player_android:javaPreCompileDebug (Thread[#44446,Execution worker Thread 4,5,main]) started.
[        ] > Task :video_player_android:javaPreCompileDebug UP-TO-DATE
[        ] Caching disabled for task ':video_player_android:javaPreCompileDebug' because:
[        ]   Build cache is disabled
[        ] Skipping task ':video_player_android:javaPreCompileDebug' as it is up-to-date.
[        ] Resolve mutations for :video_player_android:compileDebugJavaWithJavac (Thread[#44446,Execution worker Thread 4,5,main]) started.
[        ] :video_player_android:compileDebugJavaWithJavac (Thread[#44446,Execution worker Thread 4,5,main]) started.
[        ] > Task :video_player_android:compileDebugJavaWithJavac UP-TO-DATE
[        ] Custom actions are attached to task ':video_player_android:compileDebugJavaWithJavac'.
[        ] Caching disabled for task ':video_player_android:compileDebugJavaWithJavac' because:
[        ]   Build cache is disabled
[        ] Skipping task ':video_player_android:compileDebugJavaWithJavac' as it is up-to-date.
[        ] No compile result for :video_player_android:compileDebugJavaWithJavac
[        ] No compile result for :video_player_android:compileDebugJavaWithJavac
[        ] Resolve mutations for :video_player_android:bundleLibCompileToJarDebug (Thread[#44446,Execution worker Thread 4,5,main]) started.
[        ] :video_player_android:bundleLibCompileToJarDebug (Thread[#44446,Execution worker Thread 4,5,main]) started.
[        ] > Task :video_player_android:bundleLibCompileToJarDebug UP-TO-DATE
[        ] Caching disabled for task ':video_player_android:bundleLibCompileToJarDebug' because:
[        ]   Build cache is disabled
[        ]   Simple merging task
[        ] Skipping task ':video_player_android:bundleLibCompileToJarDebug' as it is up-to-date.
[        ] work action resolve classes.jar (project :video_player_android) (Thread[#44446,Execution worker Thread 4,5,main]) started.
[        ] Resolve mutations for :app:compileDebugKotlin (Thread[#44446,Execution worker Thread 4,5,main]) started.
[        ] :app:compileDebugKotlin (Thread[#44446,Execution worker Thread 4,5,main]) started.
[        ] > Task :app:compileDebugKotlin UP-TO-DATE
[        ] Adding -Xuse-inline-scopes-numbers Kotlin compiler flag for task :app:compileDebugAndroidTestKotlin
[        ] Caching disabled for task ':app:compileDebugKotlin' because:
[        ]   Build cache is disabled
[        ] Skipping task ':app:compileDebugKotlin' as it is up-to-date.
[        ] Resolve mutations for :app:javaPreCompileDebug (Thread[#44446,Execution worker Thread 4,5,main]) started.
[        ] :app:javaPreCompileDebug (Thread[#44446,Execution worker Thread 4,5,main]) started.
[        ] > Task :app:javaPreCompileDebug UP-TO-DATE
[        ] Caching disabled for task ':app:javaPreCompileDebug' because:
[        ]   Build cache is disabled
[        ] Skipping task ':app:javaPreCompileDebug' as it is up-to-date.
[        ] Resolve mutations for :app:compileDebugJavaWithJavac (Thread[#44446,Execution worker Thread 4,5,main]) started.
[        ] :app:compileDebugJavaWithJavac (Thread[#44446,Execution worker Thread 4,5,main]) started.
[        ] > Task :app:compileDebugJavaWithJavac UP-TO-DATE
[        ] Custom actions are attached to task ':app:compileDebugJavaWithJavac'.
[        ] Caching disabled for task ':app:compileDebugJavaWithJavac' because:
[        ]   Build cache is disabled
[        ] Skipping task ':app:compileDebugJavaWithJavac' as it is up-to-date.
[        ] No compile result for :app:compileDebugJavaWithJavac
[        ] No compile result for :app:compileDebugJavaWithJavac
[        ] Resolve mutations for :app:compressDebugAssets (Thread[#44446,Execution worker Thread 4,5,main]) started.
[        ] :app:compressDebugAssets (Thread[#44446,Execution worker Thread 4,5,main]) started.
[        ] Resolve mutations for :app:processDebugJavaRes (Thread[#44462,Execution worker Thread 19,5,main]) started.
[        ] :app:processDebugJavaRes (Thread[#44462,Execution worker Thread 19,5,main]) started.
[        ] > Task :app:processDebugJavaRes UP-TO-DATE
[        ] file or directory '/Users/florian/Code/substitution/android/app/src/main/resources', not found
[        ] file or directory '/Users/florian/Code/substitution/android/app/src/debug/resources', not found
[        ] file or directory '/Users/florian/Code/substitution/android/app/src/main/resources', not found
[        ] file or directory '/Users/florian/Code/substitution/android/app/src/debug/resources', not found
[        ] Caching disabled for task ':app:processDebugJavaRes' because:
[        ]   Build cache is disabled
[        ]   Caching has been disabled for the task
[        ] Skipping task ':app:processDebugJavaRes' as it is up-to-date.
[        ] Resolve mutations for :connectivity_plus:processDebugJavaRes (Thread[#44462,Execution worker Thread 19,5,main]) started.
[        ] :connectivity_plus:processDebugJavaRes (Thread[#44462,Execution worker Thread 19,5,main]) started.
[        ] > Task :connectivity_plus:processDebugJavaRes NO-SOURCE
[        ] file or directory '/Users/florian/.pub-cache/hosted/pub.dev/connectivity_plus-5.0.2/android/src/main/resources', not found
[        ] file or directory '/Users/florian/.pub-cache/hosted/pub.dev/connectivity_plus-5.0.2/android/src/debug/resources', not found
[        ] Skipping task ':connectivity_plus:processDebugJavaRes' as it has no source files and no previous output files.
[        ] work action resolve out (project :connectivity_plus) (Thread[#44462,Execution worker Thread 19,5,main]) started.
[        ] Resolve mutations for :emoji_picker_flutter:processDebugJavaRes (Thread[#44462,Execution worker Thread 19,5,main]) started.
[        ] :emoji_picker_flutter:processDebugJavaRes (Thread[#44462,Execution worker Thread 19,5,main]) started.
[        ] > Task :emoji_picker_flutter:processDebugJavaRes UP-TO-DATE
[        ] file or directory '/Users/florian/.pub-cache/hosted/pub.dev/emoji_picker_flutter-4.4.0/android/src/main/resources', not found
[        ] file or directory '/Users/florian/.pub-cache/hosted/pub.dev/emoji_picker_flutter-4.4.0/android/src/debug/resources', not found
[        ] file or directory '/Users/florian/.pub-cache/hosted/pub.dev/emoji_picker_flutter-4.4.0/android/src/main/resources', not found
[        ] file or directory '/Users/florian/.pub-cache/hosted/pub.dev/emoji_picker_flutter-4.4.0/android/src/debug/resources', not found
[        ] Caching disabled for task ':emoji_picker_flutter:processDebugJavaRes' because:
[        ]   Build cache is disabled
[        ]   Caching has been disabled for the task
[        ] Skipping task ':emoji_picker_flutter:processDebugJavaRes' as it is up-to-date.
[        ] work action resolve out (project :emoji_picker_flutter) (Thread[#44462,Execution worker Thread 19,5,main]) started.
[        ] Resolve mutations for :file_selector_android:processDebugJavaRes (Thread[#44462,Execution worker Thread 19,5,main]) started.
[        ] :file_selector_android:processDebugJavaRes (Thread[#44462,Execution worker Thread 19,5,main]) started.
[        ] > Task :file_selector_android:processDebugJavaRes NO-SOURCE
[        ] file or directory '/Users/florian/.pub-cache/hosted/pub.dev/file_selector_android-0.5.2+4/android/src/main/resources', not found
[        ] file or directory '/Users/florian/.pub-cache/hosted/pub.dev/file_selector_android-0.5.2+4/android/src/debug/resources', not found
[        ] Skipping task ':file_selector_android:processDebugJavaRes' as it has no source files and no previous output files.
[        ] work action resolve out (project :file_selector_android) (Thread[#44462,Execution worker Thread 19,5,main]) started.
[        ] Resolve mutations for :flutter_keyboard_visibility_temp_fork:processDebugJavaRes (Thread[#44462,Execution worker Thread 19,5,main]) started.
[        ] :flutter_keyboard_visibility_temp_fork:processDebugJavaRes (Thread[#44462,Execution worker Thread 19,5,main]) started.
[        ] > Task :flutter_keyboard_visibility_temp_fork:processDebugJavaRes NO-SOURCE
[        ] file or directory '/Users/florian/.pub-cache/hosted/pub.dev/flutter_keyboard_visibility_temp_fork-0.1.5/android/src/main/resources', not found
[        ] file or directory '/Users/florian/.pub-cache/hosted/pub.dev/flutter_keyboard_visibility_temp_fork-0.1.5/android/src/debug/resources', not found
[        ] Skipping task ':flutter_keyboard_visibility_temp_fork:processDebugJavaRes' as it has no source files and no previous output files.
[        ] work action resolve out (project :flutter_keyboard_visibility_temp_fork) (Thread[#44462,Execution worker Thread 19,5,main]) started.
[        ] Resolve mutations for :flutter_native_splash:processDebugJavaRes (Thread[#44462,Execution worker Thread 19,5,main]) started.
[        ] :flutter_native_splash:processDebugJavaRes (Thread[#44462,Execution worker Thread 19,5,main]) started.
[        ] > Task :flutter_native_splash:processDebugJavaRes NO-SOURCE
[        ] file or directory '/Users/florian/.pub-cache/hosted/pub.dev/flutter_native_splash-2.4.7/android/src/main/resources', not found
[        ] file or directory '/Users/florian/.pub-cache/hosted/pub.dev/flutter_native_splash-2.4.7/android/src/debug/resources', not found
[        ] Skipping task ':flutter_native_splash:processDebugJavaRes' as it has no source files and no previous output files.
[        ] work action resolve out (project :flutter_native_splash) (Thread[#44462,Execution worker Thread 19,5,main]) started.
[        ] Resolve mutations for :flutter_olm:processDebugJavaRes (Thread[#44462,Execution worker Thread 19,5,main]) started.
[        ] :flutter_olm:processDebugJavaRes (Thread[#44462,Execution worker Thread 19,5,main]) started.
[        ] > Task :flutter_olm:processDebugJavaRes UP-TO-DATE
[        ] file or directory '/Users/florian/.pub-cache/hosted/pub.dev/flutter_olm-2.0.0/android/src/main/resources', not found
[        ] file or directory '/Users/florian/.pub-cache/hosted/pub.dev/flutter_olm-2.0.0/android/src/debug/resources', not found
[        ] file or directory '/Users/florian/.pub-cache/hosted/pub.dev/flutter_olm-2.0.0/android/src/main/resources', not found
[        ] file or directory '/Users/florian/.pub-cache/hosted/pub.dev/flutter_olm-2.0.0/android/src/debug/resources', not found
[        ] Caching disabled for task ':flutter_olm:processDebugJavaRes' because:
[        ]   Build cache is disabled
[        ]   Caching has been disabled for the task
[        ] Skipping task ':flutter_olm:processDebugJavaRes' as it is up-to-date.
[        ] work action resolve out (project :flutter_olm) (Thread[#44462,Execution worker Thread 19,5,main]) started.
[        ] Resolve mutations for :flutter_openssl_crypto:processDebugJavaRes (Thread[#44462,Execution worker Thread 19,5,main]) started.
[        ] :flutter_openssl_crypto:processDebugJavaRes (Thread[#44462,Execution worker Thread 19,5,main]) started.
[        ] > Task :flutter_openssl_crypto:processDebugJavaRes UP-TO-DATE
[        ] file or directory '/Users/florian/.pub-cache/hosted/pub.dev/flutter_openssl_crypto-0.5.0/android/src/main/resources', not found
[        ] file or directory '/Users/florian/.pub-cache/hosted/pub.dev/flutter_openssl_crypto-0.5.0/android/src/debug/resources', not found
[        ] file or directory '/Users/florian/.pub-cache/hosted/pub.dev/flutter_openssl_crypto-0.5.0/android/src/main/resources', not found
[        ] file or directory '/Users/florian/.pub-cache/hosted/pub.dev/flutter_openssl_crypto-0.5.0/android/src/debug/resources', not found
[        ] Caching disabled for task ':flutter_openssl_crypto:processDebugJavaRes' because:
[        ]   Build cache is disabled
[        ]   Caching has been disabled for the task
[        ] Skipping task ':flutter_openssl_crypto:processDebugJavaRes' as it is up-to-date.
[        ] work action resolve out (project :flutter_openssl_crypto) (Thread[#44462,Execution worker Thread 19,5,main]) started.
[        ] Resolve mutations for :integration_test:processDebugJavaRes (Thread[#44462,Execution worker Thread 19,5,main]) started.
[        ] :integration_test:processDebugJavaRes (Thread[#44462,Execution worker Thread 19,5,main]) started.
[        ] > Task :integration_test:processDebugJavaRes NO-SOURCE
[        ] file or directory '/opt/homebrew/share/flutter/packages/integration_test/android/src/main/resources', not found
[        ] file or directory '/opt/homebrew/share/flutter/packages/integration_test/android/src/debug/resources', not found
[        ] Skipping task ':integration_test:processDebugJavaRes' as it has no source files and no previous output files.
[        ] work action resolve out (project :integration_test) (Thread[#44462,Execution worker Thread 19,5,main]) started.
[        ] Resolve mutations for :path_provider_android:processDebugJavaRes (Thread[#44462,Execution worker Thread 19,5,main]) started.
[        ] :path_provider_android:processDebugJavaRes (Thread[#44462,Execution worker Thread 19,5,main]) started.
[        ] > Task :path_provider_android:processDebugJavaRes NO-SOURCE
[        ] file or directory '/Users/florian/.pub-cache/hosted/pub.dev/path_provider_android-2.2.22/android/src/main/resources', not found
[        ] file or directory '/Users/florian/.pub-cache/hosted/pub.dev/path_provider_android-2.2.22/android/src/debug/resources', not found
[        ] Skipping task ':path_provider_android:processDebugJavaRes' as it has no source files and no previous output files.
[        ] work action resolve out (project :path_provider_android) (Thread[#44462,Execution worker Thread 19,5,main]) started.
[        ] Resolve mutations for :quill_native_bridge_android:processDebugJavaRes (Thread[#44462,Execution worker Thread 19,5,main]) started.
[        ] :quill_native_bridge_android:processDebugJavaRes (Thread[#44462,Execution worker Thread 19,5,main]) started.
[        ] > Task :quill_native_bridge_android:processDebugJavaRes UP-TO-DATE
[        ] file or directory '/Users/florian/.pub-cache/hosted/pub.dev/quill_native_bridge_android-0.0.1+2/android/src/main/resources', not found
[        ] file or directory '/Users/florian/.pub-cache/hosted/pub.dev/quill_native_bridge_android-0.0.1+2/android/src/debug/resources', not found
[        ] file or directory '/Users/florian/.pub-cache/hosted/pub.dev/quill_native_bridge_android-0.0.1+2/android/src/main/resources', not found
[        ] file or directory '/Users/florian/.pub-cache/hosted/pub.dev/quill_native_bridge_android-0.0.1+2/android/src/debug/resources', not found
[        ] Caching disabled for task ':quill_native_bridge_android:processDebugJavaRes' because:
[        ]   Build cache is disabled
[        ]   Caching has been disabled for the task
[        ] Skipping task ':quill_native_bridge_android:processDebugJavaRes' as it is up-to-date.
[        ] work action resolve out (project :quill_native_bridge_android) (Thread[#44462,Execution worker Thread 19,5,main]) started.
[        ] Resolve mutations for :shared_preferences_android:processDebugJavaRes (Thread[#44462,Execution worker Thread 19,5,main]) started.
[        ] :shared_preferences_android:processDebugJavaRes (Thread[#44462,Execution worker Thread 19,5,main]) started.
[        ] > Task :shared_preferences_android:processDebugJavaRes UP-TO-DATE
[        ] file or directory '/Users/florian/.pub-cache/hosted/pub.dev/shared_preferences_android-2.4.20/android/src/main/resources', not found
[        ] file or directory '/Users/florian/.pub-cache/hosted/pub.dev/shared_preferences_android-2.4.20/android/src/debug/resources', not found
[        ] file or directory '/Users/florian/.pub-cache/hosted/pub.dev/shared_preferences_android-2.4.20/android/src/main/resources', not found
[        ] file or directory '/Users/florian/.pub-cache/hosted/pub.dev/shared_preferences_android-2.4.20/android/src/debug/resources', not found
[        ] Caching disabled for task ':shared_preferences_android:processDebugJavaRes' because:
[        ]   Build cache is disabled
[        ]   Caching has been disabled for the task
[        ] Skipping task ':shared_preferences_android:processDebugJavaRes' as it is up-to-date.
[        ] work action resolve out (project :shared_preferences_android) (Thread[#44462,Execution worker Thread 19,5,main]) started.
[        ] Resolve mutations for :sqflite_android:processDebugJavaRes (Thread[#44462,Execution worker Thread 19,5,main]) started.
[        ] :sqflite_android:processDebugJavaRes (Thread[#44462,Execution worker Thread 19,5,main]) started.
[        ] > Task :sqflite_android:processDebugJavaRes NO-SOURCE
[        ] file or directory '/Users/florian/.pub-cache/hosted/pub.dev/sqflite_android-2.4.2+2/android/src/main/resources', not found
[        ] file or directory '/Users/florian/.pub-cache/hosted/pub.dev/sqflite_android-2.4.2+2/android/src/debug/resources', not found
[        ] Skipping task ':sqflite_android:processDebugJavaRes' as it has no source files and no previous output files.
[        ] work action resolve out (project :sqflite_android) (Thread[#44462,Execution worker Thread 19,5,main]) started.
[        ] Resolve mutations for :url_launcher_android:processDebugJavaRes (Thread[#44462,Execution worker Thread 19,5,main]) started.
[        ] :url_launcher_android:processDebugJavaRes (Thread[#44462,Execution worker Thread 19,5,main]) started.
[        ] > Task :url_launcher_android:processDebugJavaRes NO-SOURCE
[        ] file or directory '/Users/florian/.pub-cache/hosted/pub.dev/url_launcher_android-6.3.28/android/src/main/resources', not found
[        ] file or directory '/Users/florian/.pub-cache/hosted/pub.dev/url_launcher_android-6.3.28/android/src/debug/resources', not found
[        ] Skipping task ':url_launcher_android:processDebugJavaRes' as it has no source files and no previous output files.
[        ] work action resolve out (project :url_launcher_android) (Thread[#44462,Execution worker Thread 19,5,main]) started.
[        ] Resolve mutations for :video_player_android:processDebugJavaRes (Thread[#44462,Execution worker Thread 19,5,main]) started.
[        ] :video_player_android:processDebugJavaRes (Thread[#44462,Execution worker Thread 19,5,main]) started.
[        ] > Task :video_player_android:processDebugJavaRes UP-TO-DATE
[        ] file or directory '/Users/florian/.pub-cache/hosted/pub.dev/video_player_android-2.9.1/android/src/main/resources', not found
[        ] file or directory '/Users/florian/.pub-cache/hosted/pub.dev/video_player_android-2.9.1/android/src/debug/resources', not found
[        ] file or directory '/Users/florian/.pub-cache/hosted/pub.dev/video_player_android-2.9.1/android/src/main/resources', not found
[        ] file or directory '/Users/florian/.pub-cache/hosted/pub.dev/video_player_android-2.9.1/android/src/debug/resources', not found
[        ] Caching disabled for task ':video_player_android:processDebugJavaRes' because:
[        ]   Build cache is disabled
[        ]   Caching has been disabled for the task
[        ] Skipping task ':video_player_android:processDebugJavaRes' as it is up-to-date.
[        ] work action resolve out (project :video_player_android) (Thread[#44462,Execution worker Thread 19,5,main]) started.
[        ] Resolve mutations for :app:mergeDebugJavaResource (Thread[#44462,Execution worker Thread 19,5,main]) started.
[        ] :app:mergeDebugJavaResource (Thread[#44462,Execution worker Thread 19,5,main]) started.
[        ] > Task :app:mergeDebugJavaResource UP-TO-DATE
[        ] Caching disabled for task ':app:mergeDebugJavaResource' because:
[        ]   Build cache is disabled
[        ]   Caching has been disabled for the task
[        ] Skipping task ':app:mergeDebugJavaResource' as it is up-to-date.
[        ] Resolve mutations for :app:checkDebugDuplicateClasses (Thread[#44462,Execution worker Thread 19,5,main]) started.
[        ] :app:checkDebugDuplicateClasses (Thread[#44462,Execution worker Thread 19,5,main]) started.
[        ] > Task :app:checkDebugDuplicateClasses UP-TO-DATE
[        ] Caching disabled for task ':app:checkDebugDuplicateClasses' because:
[        ]   Build cache is disabled
[        ]   Caching has been disabled for the task
[        ] Skipping task ':app:checkDebugDuplicateClasses' as it is up-to-date.
[        ] Resolve mutations for :app:desugarDebugFileDependencies (Thread[#44462,Execution worker Thread 19,5,main]) started.
[        ] :app:desugarDebugFileDependencies (Thread[#44462,Execution worker Thread 19,5,main]) started.
[        ] > Task :app:desugarDebugFileDependencies UP-TO-DATE
[        ] Caching disabled for task ':app:desugarDebugFileDependencies' because:
[        ]   Build cache is disabled
[        ] Skipping task ':app:desugarDebugFileDependencies' as it is up-to-date.
[        ] Resolve mutations for :app:mergeExtDexDebug (Thread[#44462,Execution worker Thread 19,5,main]) started.
[        ] :app:mergeExtDexDebug (Thread[#44462,Execution worker Thread 19,5,main]) started.
[        ] > Task :app:mergeExtDexDebug UP-TO-DATE
[        ] Caching disabled for task ':app:mergeExtDexDebug' because:
[        ]   Build cache is disabled
[        ] Skipping task ':app:mergeExtDexDebug' as it is up-to-date.
[        ] Resolve mutations for :connectivity_plus:bundleLibRuntimeToDirDebug (Thread[#44462,Execution worker Thread 19,5,main]) started.
[        ] :connectivity_plus:bundleLibRuntimeToDirDebug (Thread[#44462,Execution worker Thread 19,5,main]) started.
[        ] > Task :connectivity_plus:bundleLibRuntimeToDirDebug UP-TO-DATE
[        ] Caching disabled for task ':connectivity_plus:bundleLibRuntimeToDirDebug' because:
[        ]   Build cache is disabled
[        ]   Simple merging task
[        ] Skipping task ':connectivity_plus:bundleLibRuntimeToDirDebug' as it is up-to-date.
[        ] work action resolve bundleLibRuntimeToDirDebug (project :connectivity_plus) (Thread[#44462,Execution worker Thread 19,5,main]) started.
[        ] ClassesDirToClassesTransform (Thread[#44462,Execution worker Thread 19,5,main]) started.
[        ] Resolve mutations for :emoji_picker_flutter:bundleLibRuntimeToDirDebug (Thread[#44468,Execution worker Thread 25,5,main]) started.
[        ] :emoji_picker_flutter:bundleLibRuntimeToDirDebug (Thread[#44468,Execution worker Thread 25,5,main]) started.
[        ] DexingNoClasspathTransform (Thread[#44462,Execution worker Thread 19,5,main]) started.
[  +90 ms] > Task :emoji_picker_flutter:bundleLibRuntimeToDirDebug UP-TO-DATE
[        ] Caching disabled for task ':emoji_picker_flutter:bundleLibRuntimeToDirDebug' because:
[        ]   Build cache is disabled
[        ]   Simple merging task
[        ] Skipping task ':emoji_picker_flutter:bundleLibRuntimeToDirDebug' as it is up-to-date.
[        ] work action resolve bundleLibRuntimeToDirDebug (project :emoji_picker_flutter) (Thread[#44468,Execution worker Thread 25,5,main]) started.
[        ] ClassesDirToClassesTransform (Thread[#44468,Execution worker Thread 25,5,main]) started.
[        ] > Transform bundleLibRuntimeToDirDebug (project :connectivity_plus) with DexingNoClasspathTransform
[        ] Caching disabled for DexingNoClasspathTransform: /Users/florian/Code/substitution/build/connectivity_plus/intermediates/runtime_library_classes_dir/debug/bundleLibRuntimeToDirDebug because:
[        ]   Build cache is disabled
[        ] Skipping DexingNoClasspathTransform: /Users/florian/Code/substitution/build/connectivity_plus/intermediates/runtime_library_classes_dir/debug/bundleLibRuntimeToDirDebug as it is up-to-date.
[        ] Resolve mutations for :file_selector_android:bundleLibRuntimeToDirDebug (Thread[#44460,Execution worker Thread 17,5,main]) started.
[        ] DexingNoClasspathTransform (Thread[#44468,Execution worker Thread 25,5,main]) started.
[        ] :file_selector_android:bundleLibRuntimeToDirDebug (Thread[#44460,Execution worker Thread 17,5,main]) started.
[        ] > Transform bundleLibRuntimeToDirDebug (project :emoji_picker_flutter) with DexingNoClasspathTransform
[        ] Caching disabled for DexingNoClasspathTransform: /Users/florian/Code/substitution/build/emoji_picker_flutter/intermediates/runtime_library_classes_dir/debug/bundleLibRuntimeToDirDebug because:
[        ]   Build cache is disabled
[        ] Skipping DexingNoClasspathTransform: /Users/florian/Code/substitution/build/emoji_picker_flutter/intermediates/runtime_library_classes_dir/debug/bundleLibRuntimeToDirDebug as it is up-to-date.
[        ] > Task :file_selector_android:bundleLibRuntimeToDirDebug UP-TO-DATE
[        ] Caching disabled for task ':file_selector_android:bundleLibRuntimeToDirDebug' because:
[        ]   Build cache is disabled
[        ]   Simple merging task
[        ] Skipping task ':file_selector_android:bundleLibRuntimeToDirDebug' as it is up-to-date.
[        ] work action resolve bundleLibRuntimeToDirDebug (project :file_selector_android) (Thread[#44460,Execution worker Thread 17,5,main]) started.
[        ] ClassesDirToClassesTransform (Thread[#44460,Execution worker Thread 17,5,main]) started.
[        ] Resolve mutations for :flutter_keyboard_visibility_temp_fork:bundleLibRuntimeToDirDebug (Thread[#44462,Execution worker Thread 19,5,main]) started.
[        ] :flutter_keyboard_visibility_temp_fork:bundleLibRuntimeToDirDebug (Thread[#44462,Execution worker Thread 19,5,main]) started.
[        ] DexingNoClasspathTransform (Thread[#44460,Execution worker Thread 17,5,main]) started.
[        ] > Task :flutter_keyboard_visibility_temp_fork:bundleLibRuntimeToDirDebug UP-TO-DATE
[        ] Caching disabled for task ':flutter_keyboard_visibility_temp_fork:bundleLibRuntimeToDirDebug' because:
[        ]   Build cache is disabled
[        ]   Simple merging task
[        ] Skipping task ':flutter_keyboard_visibility_temp_fork:bundleLibRuntimeToDirDebug' as it is up-to-date.
[        ] work action resolve bundleLibRuntimeToDirDebug (project :flutter_keyboard_visibility_temp_fork) (Thread[#44462,Execution worker Thread 19,5,main]) started.
[        ] ClassesDirToClassesTransform (Thread[#44462,Execution worker Thread 19,5,main]) started.
[        ] Resolve mutations for :flutter_native_splash:bundleLibRuntimeToDirDebug (Thread[#44468,Execution worker Thread 25,5,main]) started.
[        ] DexingNoClasspathTransform (Thread[#44462,Execution worker Thread 19,5,main]) started.
[        ] :flutter_native_splash:bundleLibRuntimeToDirDebug (Thread[#44468,Execution worker Thread 25,5,main]) started.
[        ] > Transform bundleLibRuntimeToDirDebug (project :file_selector_android) with DexingNoClasspathTransform
[        ] Caching disabled for DexingNoClasspathTransform: /Users/florian/Code/substitution/build/file_selector_android/intermediates/runtime_library_classes_dir/debug/bundleLibRuntimeToDirDebug because:
[        ]   Build cache is disabled
[        ] Skipping DexingNoClasspathTransform: /Users/florian/Code/substitution/build/file_selector_android/intermediates/runtime_library_classes_dir/debug/bundleLibRuntimeToDirDebug as it is up-to-date.
[        ] > Transform bundleLibRuntimeToDirDebug (project :flutter_keyboard_visibility_temp_fork) with DexingNoClasspathTransform
[        ] Caching disabled for DexingNoClasspathTransform: /Users/florian/Code/substitution/build/flutter_keyboard_visibility_temp_fork/intermediates/runtime_library_classes_dir/debug/bundleLibRuntimeToDirDebug because:
[        ]   Build cache is disabled
[        ] Skipping DexingNoClasspathTransform: /Users/florian/Code/substitution/build/flutter_keyboard_visibility_temp_fork/intermediates/runtime_library_classes_dir/debug/bundleLibRuntimeToDirDebug as it is up-to-date.
[        ] > Task :flutter_native_splash:bundleLibRuntimeToDirDebug UP-TO-DATE
[        ] Caching disabled for task ':flutter_native_splash:bundleLibRuntimeToDirDebug' because:
[        ]   Build cache is disabled
[        ]   Simple merging task
[        ] Skipping task ':flutter_native_splash:bundleLibRuntimeToDirDebug' as it is up-to-date.
[        ] work action resolve bundleLibRuntimeToDirDebug (project :flutter_native_splash) (Thread[#44468,Execution worker Thread 25,5,main]) started.
[        ] ClassesDirToClassesTransform (Thread[#44468,Execution worker Thread 25,5,main]) started.
[        ] Resolve mutations for :flutter_olm:bundleLibRuntimeToDirDebug (Thread[#44465,Execution worker Thread 22,5,main]) started.
[        ] :flutter_olm:bundleLibRuntimeToDirDebug (Thread[#44465,Execution worker Thread 22,5,main]) started.
[        ] DexingNoClasspathTransform (Thread[#44468,Execution worker Thread 25,5,main]) started.
[        ] > Task :flutter_olm:bundleLibRuntimeToDirDebug UP-TO-DATE
[        ] Caching disabled for task ':flutter_olm:bundleLibRuntimeToDirDebug' because:
[        ]   Build cache is disabled
[        ]   Simple merging task
[        ] Skipping task ':flutter_olm:bundleLibRuntimeToDirDebug' as it is up-to-date.
[        ] work action resolve bundleLibRuntimeToDirDebug (project :flutter_olm) (Thread[#44465,Execution worker Thread 22,5,main]) started.
[        ] ClassesDirToClassesTransform (Thread[#44465,Execution worker Thread 22,5,main]) started.
[        ] Resolve mutations for :flutter_openssl_crypto:bundleLibRuntimeToDirDebug (Thread[#44447,Execution worker Thread 5,5,main]) started.
[        ] > Transform bundleLibRuntimeToDirDebug (project :flutter_native_splash) with DexingNoClasspathTransform
[        ] Caching disabled for DexingNoClasspathTransform: /Users/florian/Code/substitution/build/flutter_native_splash/intermediates/runtime_library_classes_dir/debug/bundleLibRuntimeToDirDebug because:
[        ]   Build cache is disabled
[        ] Skipping DexingNoClasspathTransform: /Users/florian/Code/substitution/build/flutter_native_splash/intermediates/runtime_library_classes_dir/debug/bundleLibRuntimeToDirDebug as it is up-to-date.
[        ] :flutter_openssl_crypto:bundleLibRuntimeToDirDebug (Thread[#44468,Execution worker Thread 25,5,main]) started.
[        ] DexingNoClasspathTransform (Thread[#44465,Execution worker Thread 22,5,main]) started.
[        ] > Task :flutter_openssl_crypto:bundleLibRuntimeToDirDebug UP-TO-DATE
[        ] Caching disabled for task ':flutter_openssl_crypto:bundleLibRuntimeToDirDebug' because:
[        ]   Build cache is disabled
[        ]   Simple merging task
[        ] Skipping task ':flutter_openssl_crypto:bundleLibRuntimeToDirDebug' as it is up-to-date.
[        ] work action resolve bundleLibRuntimeToDirDebug (project :flutter_openssl_crypto) (Thread[#44468,Execution worker Thread 25,5,main]) started.
[        ] ClassesDirToClassesTransform (Thread[#44468,Execution worker Thread 25,5,main]) started.
[        ] Resolve mutations for :integration_test:bundleLibRuntimeToDirDebug (Thread[#44444,Execution worker Thread 2,5,main]) started.
[        ] > Transform bundleLibRuntimeToDirDebug (project :flutter_olm) with DexingNoClasspathTransform
[        ] Caching disabled for DexingNoClasspathTransform: /Users/florian/Code/substitution/build/flutter_olm/intermediates/runtime_library_classes_dir/debug/bundleLibRuntimeToDirDebug because:
[        ]   Build cache is disabled
[        ] Skipping DexingNoClasspathTransform: /Users/florian/Code/substitution/build/flutter_olm/intermediates/runtime_library_classes_dir/debug/bundleLibRuntimeToDirDebug as it is up-to-date.
[        ] :integration_test:bundleLibRuntimeToDirDebug (Thread[#44444,Execution worker Thread 2,5,main]) started.
[        ] DexingNoClasspathTransform (Thread[#44468,Execution worker Thread 25,5,main]) started.
[        ] > Task :integration_test:bundleLibRuntimeToDirDebug UP-TO-DATE
[        ] Caching disabled for task ':integration_test:bundleLibRuntimeToDirDebug' because:
[        ]   Build cache is disabled
[        ]   Simple merging task
[        ] Skipping task ':integration_test:bundleLibRuntimeToDirDebug' as it is up-to-date.
[        ] > Transform bundleLibRuntimeToDirDebug (project :flutter_openssl_crypto) with DexingNoClasspathTransform
[        ] Caching disabled for DexingNoClasspathTransform: /Users/florian/Code/substitution/build/flutter_openssl_crypto/intermediates/runtime_library_classes_dir/debug/bundleLibRuntimeToDirDebug because:
[        ]   Build cache is disabled
[        ] Skipping DexingNoClasspathTransform: /Users/florian/Code/substitution/build/flutter_openssl_crypto/intermediates/runtime_library_classes_dir/debug/bundleLibRuntimeToDirDebug as it is up-to-date.
[        ] work action resolve bundleLibRuntimeToDirDebug (project :integration_test) (Thread[#44444,Execution worker Thread 2,5,main]) started.
[        ] ClassesDirToClassesTransform (Thread[#44444,Execution worker Thread 2,5,main]) started.
[        ] Resolve mutations for :path_provider_android:bundleLibRuntimeToDirDebug (Thread[#44447,Execution worker Thread 5,5,main]) started.
[        ] DexingNoClasspathTransform (Thread[#44444,Execution worker Thread 2,5,main]) started.
[        ] :path_provider_android:bundleLibRuntimeToDirDebug (Thread[#44447,Execution worker Thread 5,5,main]) started.
[        ] > Transform bundleLibRuntimeToDirDebug (project :integration_test) with DexingNoClasspathTransform
[        ] Caching disabled for DexingNoClasspathTransform: /Users/florian/Code/substitution/build/integration_test/intermediates/runtime_library_classes_dir/debug/bundleLibRuntimeToDirDebug because:
[        ]   Build cache is disabled
[        ] Skipping DexingNoClasspathTransform: /Users/florian/Code/substitution/build/integration_test/intermediates/runtime_library_classes_dir/debug/bundleLibRuntimeToDirDebug as it is up-to-date.
[        ] > Task :path_provider_android:bundleLibRuntimeToDirDebug UP-TO-DATE
[        ] Caching disabled for task ':path_provider_android:bundleLibRuntimeToDirDebug' because:
[        ]   Build cache is disabled
[        ]   Simple merging task
[        ] Skipping task ':path_provider_android:bundleLibRuntimeToDirDebug' as it is up-to-date.
[        ] work action resolve bundleLibRuntimeToDirDebug (project :path_provider_android) (Thread[#44447,Execution worker Thread 5,5,main]) started.
[        ] ClassesDirToClassesTransform (Thread[#44447,Execution worker Thread 5,5,main]) started.
[        ] Resolve mutations for :quill_native_bridge_android:bundleLibRuntimeToDirDebug (Thread[#44469,Execution worker Thread 26,5,main]) started.
[        ] :quill_native_bridge_android:bundleLibRuntimeToDirDebug (Thread[#44469,Execution worker Thread 26,5,main]) started.
[        ] DexingNoClasspathTransform (Thread[#44447,Execution worker Thread 5,5,main]) started.
[        ] > Transform bundleLibRuntimeToDirDebug (project :path_provider_android) with DexingNoClasspathTransform
[        ] Caching disabled for DexingNoClasspathTransform: /Users/florian/Code/substitution/build/path_provider_android/intermediates/runtime_library_classes_dir/debug/bundleLibRuntimeToDirDebug because:
[        ]   Build cache is disabled
[        ] Skipping DexingNoClasspathTransform: /Users/florian/Code/substitution/build/path_provider_android/intermediates/runtime_library_classes_dir/debug/bundleLibRuntimeToDirDebug as it is up-to-date.
[        ] > Task :quill_native_bridge_android:bundleLibRuntimeToDirDebug UP-TO-DATE
[        ] Caching disabled for task ':quill_native_bridge_android:bundleLibRuntimeToDirDebug' because:
[        ]   Build cache is disabled
[        ]   Simple merging task
[        ] Skipping task ':quill_native_bridge_android:bundleLibRuntimeToDirDebug' as it is up-to-date.
[        ] work action resolve bundleLibRuntimeToDirDebug (project :quill_native_bridge_android) (Thread[#44469,Execution worker Thread 26,5,main]) started.
[        ] ClassesDirToClassesTransform (Thread[#44469,Execution worker Thread 26,5,main]) started.
[        ] Resolve mutations for :shared_preferences_android:bundleLibRuntimeToDirDebug (Thread[#44449,Execution worker Thread 7,5,main]) started.
[        ] :shared_preferences_android:bundleLibRuntimeToDirDebug (Thread[#44449,Execution worker Thread 7,5,main]) started.
[        ] DexingNoClasspathTransform (Thread[#44469,Execution worker Thread 26,5,main]) started.
[        ] > Transform bundleLibRuntimeToDirDebug (project :quill_native_bridge_android) with DexingNoClasspathTransform
[        ] Caching disabled for DexingNoClasspathTransform: /Users/florian/Code/substitution/build/quill_native_bridge_android/intermediates/runtime_library_classes_dir/debug/bundleLibRuntimeToDirDebug because:
[        ]   Build cache is disabled
[        ] Skipping DexingNoClasspathTransform: /Users/florian/Code/substitution/build/quill_native_bridge_android/intermediates/runtime_library_classes_dir/debug/bundleLibRuntimeToDirDebug as it is up-to-date.
[        ] > Task :shared_preferences_android:bundleLibRuntimeToDirDebug UP-TO-DATE
[        ] Caching disabled for task ':shared_preferences_android:bundleLibRuntimeToDirDebug' because:
[        ]   Build cache is disabled
[        ]   Simple merging task
[        ] Skipping task ':shared_preferences_android:bundleLibRuntimeToDirDebug' as it is up-to-date.
[        ] work action resolve bundleLibRuntimeToDirDebug (project :shared_preferences_android) (Thread[#44449,Execution worker Thread 7,5,main]) started.
[        ] ClassesDirToClassesTransform (Thread[#44449,Execution worker Thread 7,5,main]) started.
[        ] Resolve mutations for :sqflite_android:bundleLibRuntimeToDirDebug (Thread[#44455,Execution worker Thread 12,5,main]) started.
[        ] :sqflite_android:bundleLibRuntimeToDirDebug (Thread[#44455,Execution worker Thread 12,5,main]) started.
[        ] DexingNoClasspathTransform (Thread[#44449,Execution worker Thread 7,5,main]) started.
[        ] > Task :sqflite_android:bundleLibRuntimeToDirDebug UP-TO-DATE
[        ] Caching disabled for task ':sqflite_android:bundleLibRuntimeToDirDebug' because:
[        ]   Build cache is disabled
[        ]   Simple merging task
[        ] Skipping task ':sqflite_android:bundleLibRuntimeToDirDebug' as it is up-to-date.
[        ] work action resolve bundleLibRuntimeToDirDebug (project :sqflite_android) (Thread[#44455,Execution worker Thread 12,5,main]) started.
[        ] ClassesDirToClassesTransform (Thread[#44455,Execution worker Thread 12,5,main]) started.
[        ] Resolve mutations for :url_launcher_android:bundleLibRuntimeToDirDebug (Thread[#44469,Execution worker Thread 26,5,main]) started.
[        ] :url_launcher_android:bundleLibRuntimeToDirDebug (Thread[#44469,Execution worker Thread 26,5,main]) started.
[        ] DexingNoClasspathTransform (Thread[#44455,Execution worker Thread 12,5,main]) started.
[        ] > Transform bundleLibRuntimeToDirDebug (project :shared_preferences_android) with DexingNoClasspathTransform
[        ] Caching disabled for DexingNoClasspathTransform: /Users/florian/Code/substitution/build/shared_preferences_android/intermediates/runtime_library_classes_dir/debug/bundleLibRuntimeToDirDebug because:
[        ]   Build cache is disabled
[        ] Skipping DexingNoClasspathTransform: /Users/florian/Code/substitution/build/shared_preferences_android/intermediates/runtime_library_classes_dir/debug/bundleLibRuntimeToDirDebug as it is up-to-date.
[        ] > Task :url_launcher_android:bundleLibRuntimeToDirDebug UP-TO-DATE
[        ] Caching disabled for task ':url_launcher_android:bundleLibRuntimeToDirDebug' because:
[        ]   Build cache is disabled
[        ]   Simple merging task
[        ] Skipping task ':url_launcher_android:bundleLibRuntimeToDirDebug' as it is up-to-date.
[        ] work action resolve bundleLibRuntimeToDirDebug (project :url_launcher_android) (Thread[#44469,Execution worker Thread 26,5,main]) started.
[        ] ClassesDirToClassesTransform (Thread[#44469,Execution worker Thread 26,5,main]) started.
[        ] Resolve mutations for :video_player_android:bundleLibRuntimeToDirDebug (Thread[#44472,Execution worker Thread 29,5,main]) started.
[        ] DexingNoClasspathTransform (Thread[#44469,Execution worker Thread 26,5,main]) started.
[        ] > Transform bundleLibRuntimeToDirDebug (project :sqflite_android) with DexingNoClasspathTransform
[        ] Caching disabled for DexingNoClasspathTransform: /Users/florian/Code/substitution/build/sqflite_android/intermediates/runtime_library_classes_dir/debug/bundleLibRuntimeToDirDebug because:
[        ]   Build cache is disabled
[        ] Skipping DexingNoClasspathTransform: /Users/florian/Code/substitution/build/sqflite_android/intermediates/runtime_library_classes_dir/debug/bundleLibRuntimeToDirDebug as it is up-to-date.
[        ] :video_player_android:bundleLibRuntimeToDirDebug (Thread[#44472,Execution worker Thread 29,5,main]) started.
[        ] > Transform bundleLibRuntimeToDirDebug (project :url_launcher_android) with DexingNoClasspathTransform
[        ] Caching disabled for DexingNoClasspathTransform: /Users/florian/Code/substitution/build/url_launcher_android/intermediates/runtime_library_classes_dir/debug/bundleLibRuntimeToDirDebug because:
[        ]   Build cache is disabled
[        ] Skipping DexingNoClasspathTransform: /Users/florian/Code/substitution/build/url_launcher_android/intermediates/runtime_library_classes_dir/debug/bundleLibRuntimeToDirDebug as it is up-to-date.
[        ] > Task :video_player_android:bundleLibRuntimeToDirDebug UP-TO-DATE
[        ] Caching disabled for task ':video_player_android:bundleLibRuntimeToDirDebug' because:
[        ]   Build cache is disabled
[        ]   Simple merging task
[        ] Skipping task ':video_player_android:bundleLibRuntimeToDirDebug' as it is up-to-date.
[        ] work action resolve bundleLibRuntimeToDirDebug (project :video_player_android) (Thread[#44472,Execution worker Thread 29,5,main]) started.
[        ] ClassesDirToClassesTransform (Thread[#44472,Execution worker Thread 29,5,main]) started.
[        ] Resolve mutations for :app:dexBuilderDebug (Thread[#44445,Execution worker Thread 3,5,main]) started.
[        ] :app:dexBuilderDebug (Thread[#44445,Execution worker Thread 3,5,main]) started.
[        ] DexingNoClasspathTransform (Thread[#44472,Execution worker Thread 29,5,main]) started.
[        ] > Task :app:dexBuilderDebug UP-TO-DATE
[        ] Caching disabled for task ':app:dexBuilderDebug' because:
[        ]   Build cache is disabled
[        ] Skipping task ':app:dexBuilderDebug' as it is up-to-date.
[        ] Resolve mutations for :app:mergeProjectDexDebug (Thread[#44445,Execution worker Thread 3,5,main]) started.
[        ] :app:mergeProjectDexDebug (Thread[#44445,Execution worker Thread 3,5,main]) started.
[        ] > Transform bundleLibRuntimeToDirDebug (project :video_player_android) with DexingNoClasspathTransform
[        ] Caching disabled for DexingNoClasspathTransform: /Users/florian/Code/substitution/build/video_player_android/intermediates/runtime_library_classes_dir/debug/bundleLibRuntimeToDirDebug because:
[        ]   Build cache is disabled
[        ] Skipping DexingNoClasspathTransform: /Users/florian/Code/substitution/build/video_player_android/intermediates/runtime_library_classes_dir/debug/bundleLibRuntimeToDirDebug as it is up-to-date.
[        ] > Task :app:mergeProjectDexDebug UP-TO-DATE
[        ] Caching disabled for task ':app:mergeProjectDexDebug' because:
[        ]   Build cache is disabled
[        ] Skipping task ':app:mergeProjectDexDebug' as it is up-to-date.
[        ] Resolve mutations for :app:mergeLibDexDebug (Thread[#44445,Execution worker Thread 3,5,main]) started.
[        ] :app:mergeLibDexDebug (Thread[#44445,Execution worker Thread 3,5,main]) started.
[        ] > Task :app:mergeLibDexDebug UP-TO-DATE
[        ] Caching disabled for task ':app:mergeLibDexDebug' because:
[        ]   Build cache is disabled
[        ] Skipping task ':app:mergeLibDexDebug' as it is up-to-date.
[        ] Resolve mutations for :app:configureCMakeDebug[arm64-v8a] (Thread[#44445,Execution worker Thread 3,5,main]) started.
[        ] :app:configureCMakeDebug[arm64-v8a] (Thread[#44445,Execution worker Thread 3,5,main]) started.
[        ] > Task :app:configureCMakeDebug[arm64-v8a]
[        ] Caching disabled for task ':app:configureCMakeDebug[arm64-v8a]' because:
[        ]   Build cache is disabled
[        ]   Caching has been disabled for the task
[        ] Task ':app:configureCMakeDebug[arm64-v8a]' is not up-to-date because:
[        ]   Task.upToDateWhen is false.
[        ] C/C++: /opt/homebrew/share/flutter/packages/flutter_tools/gradle/src/main/scripts/CMakeLists.txt debug|arm64-v8a : Start JSON generation. Platform version: 24 min SDK version: arm64-v8a
[        ] C/C++: /opt/homebrew/share/flutter/packages/flutter_tools/gradle/src/main/scripts/CMakeLists.txt debug|arm64-v8a : JSON '/Users/florian/Code/substitution/build/.cxx/debug/x6546535/arm64-v8a/android_gradle_build.json' was up-to-date
[        ] C/C++: /opt/homebrew/share/flutter/packages/flutter_tools/gradle/src/main/scripts/CMakeLists.txt debug|arm64-v8a : JSON generation completed without problems
[        ] C/C++: /opt/homebrew/share/flutter/packages/flutter_tools/gradle/src/main/scripts/CMakeLists.txt debug|arm64-v8a : Writing build model to /Users/florian/Code/substitution/build/app/intermediates/cxx/debug/x6546535/logs/arm64-v8a/build_model.json
[        ] Resolve mutations for :app:buildCMakeDebug[arm64-v8a] (Thread[#44445,Execution worker Thread 3,5,main]) started.
[        ] :app:buildCMakeDebug[arm64-v8a] (Thread[#44445,Execution worker Thread 3,5,main]) started.
[        ] > Task :app:buildCMakeDebug[arm64-v8a]
[        ] Caching disabled for task ':app:buildCMakeDebug[arm64-v8a]' because:
[        ]   Build cache is disabled
[        ]   Caching has been disabled for the task
[        ] Task ':app:buildCMakeDebug[arm64-v8a]' is not up-to-date because:
[        ]   Task.upToDateWhen is false.
[        ] C/C++: starting build
[        ] C/C++: reading expected JSONs
[        ] C/C++: done reading expected JSONs
[        ] C/C++: executing build commands for targets that produce .so files or executables
[        ] C/C++: evaluate miniconfig
[        ] C/C++: no libraries
[        ] Resolve mutations for :app:configureCMakeDebug[armeabi-v7a] (Thread[#44445,Execution worker Thread 3,5,main]) started.
[        ] :app:configureCMakeDebug[armeabi-v7a] (Thread[#44445,Execution worker Thread 3,5,main]) started.
[        ] > Task :app:configureCMakeDebug[armeabi-v7a]
[        ] Caching disabled for task ':app:configureCMakeDebug[armeabi-v7a]' because:
[        ]   Build cache is disabled
[        ]   Caching has been disabled for the task
[        ] Task ':app:configureCMakeDebug[armeabi-v7a]' is not up-to-date because:
[        ]   Task.upToDateWhen is false.
[        ] C/C++: /opt/homebrew/share/flutter/packages/flutter_tools/gradle/src/main/scripts/CMakeLists.txt debug|armeabi-v7a : Start JSON generation. Platform version: 24 min SDK version: armeabi-v7a
[        ] C/C++: /opt/homebrew/share/flutter/packages/flutter_tools/gradle/src/main/scripts/CMakeLists.txt debug|armeabi-v7a : JSON '/Users/florian/Code/substitution/build/.cxx/debug/x6546535/armeabi-v7a/android_gradle_build.json' was up-to-date
[        ] C/C++: /opt/homebrew/share/flutter/packages/flutter_tools/gradle/src/main/scripts/CMakeLists.txt debug|armeabi-v7a : JSON generation completed without problems
[        ] C/C++: /opt/homebrew/share/flutter/packages/flutter_tools/gradle/src/main/scripts/CMakeLists.txt debug|armeabi-v7a : Writing build model to /Users/florian/Code/substitution/build/app/intermediates/cxx/debug/x6546535/logs/armeabi-v7a/build_model.json
[        ] Resolve mutations for :app:buildCMakeDebug[armeabi-v7a] (Thread[#44445,Execution worker Thread 3,5,main]) started.
[        ] :app:buildCMakeDebug[armeabi-v7a] (Thread[#44445,Execution worker Thread 3,5,main]) started.
[        ] > Task :app:buildCMakeDebug[armeabi-v7a]
[        ] Caching disabled for task ':app:buildCMakeDebug[armeabi-v7a]' because:
[        ]   Build cache is disabled
[        ]   Caching has been disabled for the task
[        ] Task ':app:buildCMakeDebug[armeabi-v7a]' is not up-to-date because:
[        ]   Task.upToDateWhen is false.
[        ] C/C++: starting build
[        ] C/C++: reading expected JSONs
[        ] C/C++: done reading expected JSONs
[        ] C/C++: executing build commands for targets that produce .so files or executables
[        ] C/C++: evaluate miniconfig
[        ] C/C++: no libraries
[        ] Resolve mutations for :app:configureCMakeDebug[x86_64] (Thread[#44445,Execution worker Thread 3,5,main]) started.
[        ] :app:configureCMakeDebug[x86_64] (Thread[#44445,Execution worker Thread 3,5,main]) started.
[        ] > Task :app:configureCMakeDebug[x86_64]
[        ] Caching disabled for task ':app:configureCMakeDebug[x86_64]' because:
[        ]   Build cache is disabled
[        ]   Caching has been disabled for the task
[        ] Task ':app:configureCMakeDebug[x86_64]' is not up-to-date because:
[        ]   Task.upToDateWhen is false.
[        ] C/C++: /opt/homebrew/share/flutter/packages/flutter_tools/gradle/src/main/scripts/CMakeLists.txt debug|x86_64 : Start JSON generation. Platform version: 24 min SDK version: x86_64
[        ] C/C++: /opt/homebrew/share/flutter/packages/flutter_tools/gradle/src/main/scripts/CMakeLists.txt debug|x86_64 : JSON '/Users/florian/Code/substitution/build/.cxx/debug/x6546535/x86_64/android_gradle_build.json' was up-to-date
[        ] C/C++: /opt/homebrew/share/flutter/packages/flutter_tools/gradle/src/main/scripts/CMakeLists.txt debug|x86_64 : JSON generation completed without problems
[        ] C/C++: /opt/homebrew/share/flutter/packages/flutter_tools/gradle/src/main/scripts/CMakeLists.txt debug|x86_64 : Writing build model to /Users/florian/Code/substitution/build/app/intermediates/cxx/debug/x6546535/logs/x86_64/build_model.json
[        ] Resolve mutations for :app:buildCMakeDebug[x86_64] (Thread[#44445,Execution worker Thread 3,5,main]) started.
[        ] :app:buildCMakeDebug[x86_64] (Thread[#44445,Execution worker Thread 3,5,main]) started.
[        ] > Task :app:buildCMakeDebug[x86_64]
[        ] Caching disabled for task ':app:buildCMakeDebug[x86_64]' because:
[        ]   Build cache is disabled
[        ]   Caching has been disabled for the task
[        ] Task ':app:buildCMakeDebug[x86_64]' is not up-to-date because:
[        ]   Task.upToDateWhen is false.
[        ] C/C++: starting build
[        ] C/C++: reading expected JSONs
[        ] C/C++: done reading expected JSONs
[        ] C/C++: executing build commands for targets that produce .so files or executables
[        ] C/C++: evaluate miniconfig
[        ] C/C++: no libraries
[        ] Resolve mutations for :app:mergeDebugJniLibFolders (Thread[#44445,Execution worker Thread 3,5,main]) started.
[        ] :app:mergeDebugJniLibFolders (Thread[#44445,Execution worker Thread 3,5,main]) started.
[        ] > Task :app:mergeDebugJniLibFolders UP-TO-DATE
[        ] Caching disabled for task ':app:mergeDebugJniLibFolders' because:
[        ]   Build cache is disabled
[        ]   Simple merging task
[        ] Skipping task ':app:mergeDebugJniLibFolders' as it is up-to-date.
[        ] Resolve mutations for :connectivity_plus:mergeDebugJniLibFolders (Thread[#44445,Execution worker Thread 3,5,main]) started.
[        ] :connectivity_plus:mergeDebugJniLibFolders (Thread[#44445,Execution worker Thread 3,5,main]) started.
[        ] > Task :connectivity_plus:mergeDebugJniLibFolders UP-TO-DATE
[        ] Caching disabled for task ':connectivity_plus:mergeDebugJniLibFolders' because:
[        ]   Build cache is disabled
[        ]   Simple merging task
[        ] Skipping task ':connectivity_plus:mergeDebugJniLibFolders' as it is up-to-date.
[        ] Resolve mutations for :connectivity_plus:mergeDebugNativeLibs (Thread[#44445,Execution worker Thread 3,5,main]) started.
[        ] :connectivity_plus:mergeDebugNativeLibs (Thread[#44445,Execution worker Thread 3,5,main]) started.
[        ] > Task :connectivity_plus:mergeDebugNativeLibs NO-SOURCE
[        ] Skipping task ':connectivity_plus:mergeDebugNativeLibs' as it has no source files and no previous output files.
[        ] Resolve mutations for :connectivity_plus:copyDebugJniLibsProjectOnly (Thread[#44445,Execution worker Thread 3,5,main]) started.
[        ] :connectivity_plus:copyDebugJniLibsProjectOnly (Thread[#44445,Execution worker Thread 3,5,main]) started.
[        ] > Task :connectivity_plus:copyDebugJniLibsProjectOnly UP-TO-DATE
[        ] Caching disabled for task ':connectivity_plus:copyDebugJniLibsProjectOnly' because:
[        ]   Build cache is disabled
[        ]   Caching has been disabled for the task
[        ] Skipping task ':connectivity_plus:copyDebugJniLibsProjectOnly' as it is up-to-date.
[        ] work action resolve jni (project :connectivity_plus) (Thread[#44445,Execution worker Thread 3,5,main]) started.
[        ] Resolve mutations for :emoji_picker_flutter:mergeDebugJniLibFolders (Thread[#44445,Execution worker Thread 3,5,main]) started.
[        ] :emoji_picker_flutter:mergeDebugJniLibFolders (Thread[#44445,Execution worker Thread 3,5,main]) started.
[        ] > Task :emoji_picker_flutter:mergeDebugJniLibFolders UP-TO-DATE
[        ] Caching disabled for task ':emoji_picker_flutter:mergeDebugJniLibFolders' because:
[        ]   Build cache is disabled
[        ]   Simple merging task
[        ] Skipping task ':emoji_picker_flutter:mergeDebugJniLibFolders' as it is up-to-date.
[        ] Resolve mutations for :emoji_picker_flutter:mergeDebugNativeLibs (Thread[#44445,Execution worker Thread 3,5,main]) started.
[        ] :emoji_picker_flutter:mergeDebugNativeLibs (Thread[#44445,Execution worker Thread 3,5,main]) started.
[        ] > Task :emoji_picker_flutter:mergeDebugNativeLibs NO-SOURCE
[        ] Skipping task ':emoji_picker_flutter:mergeDebugNativeLibs' as it has no source files and no previous output files.
[        ] Resolve mutations for :emoji_picker_flutter:copyDebugJniLibsProjectOnly (Thread[#44445,Execution worker Thread 3,5,main]) started.
[        ] :emoji_picker_flutter:copyDebugJniLibsProjectOnly (Thread[#44445,Execution worker Thread 3,5,main]) started.
[        ] > Task :emoji_picker_flutter:copyDebugJniLibsProjectOnly UP-TO-DATE
[        ] Caching disabled for task ':emoji_picker_flutter:copyDebugJniLibsProjectOnly' because:
[        ]   Build cache is disabled
[        ]   Caching has been disabled for the task
[        ] Skipping task ':emoji_picker_flutter:copyDebugJniLibsProjectOnly' as it is up-to-date.
[        ] work action resolve jni (project :emoji_picker_flutter) (Thread[#44445,Execution worker Thread 3,5,main]) started.
[        ] Resolve mutations for :file_selector_android:mergeDebugJniLibFolders (Thread[#44445,Execution worker Thread 3,5,main]) started.
[        ] :file_selector_android:mergeDebugJniLibFolders (Thread[#44445,Execution worker Thread 3,5,main]) started.
[        ] > Task :file_selector_android:mergeDebugJniLibFolders UP-TO-DATE
[        ] Caching disabled for task ':file_selector_android:mergeDebugJniLibFolders' because:
[        ]   Build cache is disabled
[        ]   Simple merging task
[        ] Skipping task ':file_selector_android:mergeDebugJniLibFolders' as it is up-to-date.
[        ] Resolve mutations for :file_selector_android:mergeDebugNativeLibs (Thread[#44445,Execution worker Thread 3,5,main]) started.
[        ] :file_selector_android:mergeDebugNativeLibs (Thread[#44445,Execution worker Thread 3,5,main]) started.
[        ] > Task :file_selector_android:mergeDebugNativeLibs NO-SOURCE
[        ] Skipping task ':file_selector_android:mergeDebugNativeLibs' as it has no source files and no previous output files.
[        ] Resolve mutations for :file_selector_android:copyDebugJniLibsProjectOnly (Thread[#44445,Execution worker Thread 3,5,main]) started.
[        ] :file_selector_android:copyDebugJniLibsProjectOnly (Thread[#44445,Execution worker Thread 3,5,main]) started.
[        ] > Task :file_selector_android:copyDebugJniLibsProjectOnly UP-TO-DATE
[        ] Caching disabled for task ':file_selector_android:copyDebugJniLibsProjectOnly' because:
[        ]   Build cache is disabled
[        ]   Caching has been disabled for the task
[        ] Skipping task ':file_selector_android:copyDebugJniLibsProjectOnly' as it is up-to-date.
[        ] work action resolve jni (project :file_selector_android) (Thread[#44445,Execution worker Thread 3,5,main]) started.
[        ] Resolve mutations for :flutter_keyboard_visibility_temp_fork:mergeDebugJniLibFolders (Thread[#44445,Execution worker Thread 3,5,main]) started.
[        ] :flutter_keyboard_visibility_temp_fork:mergeDebugJniLibFolders (Thread[#44445,Execution worker Thread 3,5,main]) started.
[        ] > Task :flutter_keyboard_visibility_temp_fork:mergeDebugJniLibFolders UP-TO-DATE
[        ] Caching disabled for task ':flutter_keyboard_visibility_temp_fork:mergeDebugJniLibFolders' because:
[        ]   Build cache is disabled
[        ]   Simple merging task
[        ] Skipping task ':flutter_keyboard_visibility_temp_fork:mergeDebugJniLibFolders' as it is up-to-date.
[        ] Resolve mutations for :flutter_keyboard_visibility_temp_fork:mergeDebugNativeLibs (Thread[#44445,Execution worker Thread 3,5,main]) started.
[        ] :flutter_keyboard_visibility_temp_fork:mergeDebugNativeLibs (Thread[#44445,Execution worker Thread 3,5,main]) started.
[        ] > Task :flutter_keyboard_visibility_temp_fork:mergeDebugNativeLibs NO-SOURCE
[        ] Skipping task ':flutter_keyboard_visibility_temp_fork:mergeDebugNativeLibs' as it has no source files and no previous output files.
[        ] Resolve mutations for :flutter_keyboard_visibility_temp_fork:copyDebugJniLibsProjectOnly (Thread[#44445,Execution worker Thread 3,5,main]) started.
[        ] :flutter_keyboard_visibility_temp_fork:copyDebugJniLibsProjectOnly (Thread[#44445,Execution worker Thread 3,5,main]) started.
[        ] > Task :flutter_keyboard_visibility_temp_fork:copyDebugJniLibsProjectOnly UP-TO-DATE
[        ] Caching disabled for task ':flutter_keyboard_visibility_temp_fork:copyDebugJniLibsProjectOnly' because:
[        ]   Build cache is disabled
[        ]   Caching has been disabled for the task
[        ] Skipping task ':flutter_keyboard_visibility_temp_fork:copyDebugJniLibsProjectOnly' as it is up-to-date.
[        ] work action resolve jni (project :flutter_keyboard_visibility_temp_fork) (Thread[#44445,Execution worker Thread 3,5,main]) started.
[        ] Resolve mutations for :flutter_native_splash:mergeDebugJniLibFolders (Thread[#44445,Execution worker Thread 3,5,main]) started.
[        ] :flutter_native_splash:mergeDebugJniLibFolders (Thread[#44445,Execution worker Thread 3,5,main]) started.
[        ] > Task :flutter_native_splash:mergeDebugJniLibFolders UP-TO-DATE
[        ] Caching disabled for task ':flutter_native_splash:mergeDebugJniLibFolders' because:
[        ]   Build cache is disabled
[        ]   Simple merging task
[        ] Skipping task ':flutter_native_splash:mergeDebugJniLibFolders' as it is up-to-date.
[        ] Resolve mutations for :flutter_native_splash:mergeDebugNativeLibs (Thread[#44445,Execution worker Thread 3,5,main]) started.
[        ] :flutter_native_splash:mergeDebugNativeLibs (Thread[#44445,Execution worker Thread 3,5,main]) started.
[        ] > Task :flutter_native_splash:mergeDebugNativeLibs NO-SOURCE
[        ] Skipping task ':flutter_native_splash:mergeDebugNativeLibs' as it has no source files and no previous output files.
[        ] Resolve mutations for :flutter_native_splash:copyDebugJniLibsProjectOnly (Thread[#44445,Execution worker Thread 3,5,main]) started.
[        ] :flutter_native_splash:copyDebugJniLibsProjectOnly (Thread[#44445,Execution worker Thread 3,5,main]) started.
[        ] > Task :flutter_native_splash:copyDebugJniLibsProjectOnly UP-TO-DATE
[        ] Caching disabled for task ':flutter_native_splash:copyDebugJniLibsProjectOnly' because:
[        ]   Build cache is disabled
[        ]   Caching has been disabled for the task
[        ] Skipping task ':flutter_native_splash:copyDebugJniLibsProjectOnly' as it is up-to-date.
[        ] work action resolve jni (project :flutter_native_splash) (Thread[#44445,Execution worker Thread 3,5,main]) started.
[        ] Resolve mutations for :flutter_olm:preProfileBuild (Thread[#44445,Execution worker Thread 3,5,main]) started.
[        ] :flutter_olm:preProfileBuild (Thread[#44445,Execution worker Thread 3,5,main]) started.
[        ] > Task :flutter_olm:preProfileBuild UP-TO-DATE
[        ] Skipping task ':flutter_olm:preProfileBuild' as it has no actions.
[        ] Resolve mutations for :flutter_olm:configureCMakeDebug[arm64-v8a] (Thread[#44445,Execution worker Thread 3,5,main]) started.
[        ] :flutter_olm:configureCMakeDebug[arm64-v8a] (Thread[#44445,Execution worker Thread 3,5,main]) started.
[        ] > Task :flutter_olm:configureCMakeDebug[arm64-v8a]
[        ] Caching disabled for task ':flutter_olm:configureCMakeDebug[arm64-v8a]' because:
[        ]   Build cache is disabled
[        ]   Caching has been disabled for the task
[        ] Task ':flutter_olm:configureCMakeDebug[arm64-v8a]' is not up-to-date because:
[        ]   Task.upToDateWhen is false.
[        ] C/C++: /Users/florian/.pub-cache/hosted/pub.dev/flutter_olm-2.0.0/ios/CMakeLists.txt profile|arm64-v8a : Start JSON generation. Platform version: 21 min SDK version: arm64-v8a
[        ] C/C++: /Users/florian/.pub-cache/hosted/pub.dev/flutter_olm-2.0.0/ios/CMakeLists.txt profile|arm64-v8a : JSON '/Users/florian/.pub-cache/hosted/pub.dev/flutter_olm-2.0.0/android/.cxx/Debug/611a6669/arm64-v8a/android_gradle_build.json' was up-to-date
[        ] C/C++: /Users/florian/.pub-cache/hosted/pub.dev/flutter_olm-2.0.0/ios/CMakeLists.txt profile|arm64-v8a : JSON generation completed without problems
[        ] C/C++: /Users/florian/.pub-cache/hosted/pub.dev/flutter_olm-2.0.0/ios/CMakeLists.txt profile|arm64-v8a : Writing build model to /Users/florian/Code/substitution/build/flutter_olm/intermediates/cxx/Debug/611a6669/logs/arm64-v8a/build_model.json
[        ] Resolve mutations for :flutter_olm:buildCMakeDebug[arm64-v8a] (Thread[#44445,Execution worker Thread 3,5,main]) started.
[        ] :flutter_olm:buildCMakeDebug[arm64-v8a] (Thread[#44445,Execution worker Thread 3,5,main]) started.
[        ] > Task :flutter_olm:buildCMakeDebug[arm64-v8a]
[        ] Caching disabled for task ':flutter_olm:buildCMakeDebug[arm64-v8a]' because:
[        ]   Build cache is disabled
[        ]   Caching has been disabled for the task
[        ] Task ':flutter_olm:buildCMakeDebug[arm64-v8a]' is not up-to-date because:
[        ]   Task.upToDateWhen is false.
[        ] C/C++: starting build
[        ] C/C++: reading expected JSONs
[        ] C/C++: done reading expected JSONs
[        ] C/C++: executing build commands for targets that produce .so files or executables
[        ] C/C++: evaluate miniconfig
[        ] C/C++: evaluate library olm (arm64-v8a)
[        ] C/C++: building target library olm because no targets are specified.
[        ] C/C++: about to build targets olm
[        ] C/C++: Build olm
[        ] C/C++: /Users/florian/Library/Android/sdk/cmake/3.22.1/bin/ninja \
[        ]   -C \
[        ]   /Users/florian/.pub-cache/hosted/pub.dev/flutter_olm-2.0.0/android/.cxx/Debug/611a6669/arm64-v8a \
[        ]   olm
[        ] Starting process 'command '/Users/florian/Library/Android/sdk/cmake/3.22.1/bin/ninja''. Working directory: /Users/florian/.pub-cache/hosted/pub.dev/flutter_olm-2.0.0/android Command: /Users/florian/Library/Android/sdk/cmake/3.22.1/bin/ninja -C /Users/florian/.pub-cache/hosted/pub.dev/flutter_olm-2.0.0/android/.cxx/Debug/611a6669/arm64-v8a olm
[        ] Successfully started process 'command '/Users/florian/Library/Android/sdk/cmake/3.22.1/bin/ninja''
[        ] C/C++: Received process result: 0
[        ] C/C++: check expected build outputs
[        ] C/C++: build complete
[        ] Resolve mutations for :flutter_olm:configureCMakeDebug[armeabi-v7a] (Thread[#44445,Execution worker Thread 3,5,main]) started.
[        ] :flutter_olm:configureCMakeDebug[armeabi-v7a] (Thread[#44445,Execution worker Thread 3,5,main]) started.
[        ] > Task :flutter_olm:configureCMakeDebug[armeabi-v7a]
[        ] Caching disabled for task ':flutter_olm:configureCMakeDebug[armeabi-v7a]' because:
[        ]   Build cache is disabled
[        ]   Caching has been disabled for the task
[        ] Task ':flutter_olm:configureCMakeDebug[armeabi-v7a]' is not up-to-date because:
[        ]   Task.upToDateWhen is false.
[        ] C/C++: /Users/florian/.pub-cache/hosted/pub.dev/flutter_olm-2.0.0/ios/CMakeLists.txt profile|armeabi-v7a : Start JSON generation. Platform version: 21 min SDK version: armeabi-v7a
[        ] C/C++: /Users/florian/.pub-cache/hosted/pub.dev/flutter_olm-2.0.0/ios/CMakeLists.txt profile|armeabi-v7a : JSON '/Users/florian/.pub-cache/hosted/pub.dev/flutter_olm-2.0.0/android/.cxx/Debug/611a6669/armeabi-v7a/android_gradle_build.json' was up-to-date
[        ] C/C++: /Users/florian/.pub-cache/hosted/pub.dev/flutter_olm-2.0.0/ios/CMakeLists.txt profile|armeabi-v7a : JSON generation completed without problems
[        ] C/C++: /Users/florian/.pub-cache/hosted/pub.dev/flutter_olm-2.0.0/ios/CMakeLists.txt profile|armeabi-v7a : Writing build model to /Users/florian/Code/substitution/build/flutter_olm/intermediates/cxx/Debug/611a6669/logs/armeabi-v7a/build_model.json
[        ] Resolve mutations for :flutter_olm:buildCMakeDebug[armeabi-v7a] (Thread[#44445,Execution worker Thread 3,5,main]) started.
[        ] :flutter_olm:buildCMakeDebug[armeabi-v7a] (Thread[#44445,Execution worker Thread 3,5,main]) started.
[        ] > Task :flutter_olm:buildCMakeDebug[armeabi-v7a]
[        ] Caching disabled for task ':flutter_olm:buildCMakeDebug[armeabi-v7a]' because:
[        ]   Build cache is disabled
[        ]   Caching has been disabled for the task
[        ] Task ':flutter_olm:buildCMakeDebug[armeabi-v7a]' is not up-to-date because:
[        ]   Task.upToDateWhen is false.
[        ] C/C++: starting build
[        ] C/C++: reading expected JSONs
[        ] C/C++: done reading expected JSONs
[        ] C/C++: executing build commands for targets that produce .so files or executables
[        ] C/C++: evaluate miniconfig
[        ] C/C++: evaluate library olm (armeabi-v7a)
[        ] C/C++: building target library olm because no targets are specified.
[        ] C/C++: about to build targets olm
[        ] C/C++: Build olm
[        ] C/C++: /Users/florian/Library/Android/sdk/cmake/3.22.1/bin/ninja \
[        ]   -C \
[        ]   /Users/florian/.pub-cache/hosted/pub.dev/flutter_olm-2.0.0/android/.cxx/Debug/611a6669/armeabi-v7a \
[        ]   olm
[        ] Starting process 'command '/Users/florian/Library/Android/sdk/cmake/3.22.1/bin/ninja''. Working directory: /Users/florian/.pub-cache/hosted/pub.dev/flutter_olm-2.0.0/android Command: /Users/florian/Library/Android/sdk/cmake/3.22.1/bin/ninja -C /Users/florian/.pub-cache/hosted/pub.dev/flutter_olm-2.0.0/android/.cxx/Debug/611a6669/armeabi-v7a olm
[        ] Successfully started process 'command '/Users/florian/Library/Android/sdk/cmake/3.22.1/bin/ninja''
[        ] C/C++: Received process result: 0
[        ] C/C++: check expected build outputs
[        ] C/C++: build complete
[        ] Resolve mutations for :flutter_olm:configureCMakeDebug[x86] (Thread[#44445,Execution worker Thread 3,5,main]) started.
[        ] :flutter_olm:configureCMakeDebug[x86] (Thread[#44445,Execution worker Thread 3,5,main]) started.
[        ] > Task :flutter_olm:configureCMakeDebug[x86]
[        ] Caching disabled for task ':flutter_olm:configureCMakeDebug[x86]' because:
[        ]   Build cache is disabled
[        ]   Caching has been disabled for the task
[        ] Task ':flutter_olm:configureCMakeDebug[x86]' is not up-to-date because:
[        ]   Task.upToDateWhen is false.
[        ] C/C++: /Users/florian/.pub-cache/hosted/pub.dev/flutter_olm-2.0.0/ios/CMakeLists.txt profile|x86 : Start JSON generation. Platform version: 21 min SDK version: x86
[        ] C/C++: /Users/florian/.pub-cache/hosted/pub.dev/flutter_olm-2.0.0/ios/CMakeLists.txt profile|x86 : JSON '/Users/florian/.pub-cache/hosted/pub.dev/flutter_olm-2.0.0/android/.cxx/Debug/611a6669/x86/android_gradle_build.json' was up-to-date
[        ] C/C++: /Users/florian/.pub-cache/hosted/pub.dev/flutter_olm-2.0.0/ios/CMakeLists.txt profile|x86 : JSON generation completed without problems
[        ] C/C++: /Users/florian/.pub-cache/hosted/pub.dev/flutter_olm-2.0.0/ios/CMakeLists.txt profile|x86 : Writing build model to /Users/florian/Code/substitution/build/flutter_olm/intermediates/cxx/Debug/611a6669/logs/x86/build_model.json
[        ] Resolve mutations for :flutter_olm:buildCMakeDebug[x86] (Thread[#44445,Execution worker Thread 3,5,main]) started.
[        ] :flutter_olm:buildCMakeDebug[x86] (Thread[#44445,Execution worker Thread 3,5,main]) started.
[        ] > Task :flutter_olm:buildCMakeDebug[x86]
[        ] Caching disabled for task ':flutter_olm:buildCMakeDebug[x86]' because:
[        ]   Build cache is disabled
[        ]   Caching has been disabled for the task
[        ] Task ':flutter_olm:buildCMakeDebug[x86]' is not up-to-date because:
[        ]   Task.upToDateWhen is false.
[        ] C/C++: starting build
[        ] C/C++: reading expected JSONs
[        ] C/C++: done reading expected JSONs
[        ] C/C++: executing build commands for targets that produce .so files or executables
[        ] C/C++: evaluate miniconfig
[        ] C/C++: evaluate library olm (x86)
[        ] C/C++: building target library olm because no targets are specified.
[        ] C/C++: about to build targets olm
[        ] C/C++: Build olm
[        ] C/C++: /Users/florian/Library/Android/sdk/cmake/3.22.1/bin/ninja \
[        ]   -C \
[        ]   /Users/florian/.pub-cache/hosted/pub.dev/flutter_olm-2.0.0/android/.cxx/Debug/611a6669/x86 \
[        ]   olm
[        ] Starting process 'command '/Users/florian/Library/Android/sdk/cmake/3.22.1/bin/ninja''. Working directory: /Users/florian/.pub-cache/hosted/pub.dev/flutter_olm-2.0.0/android Command: /Users/florian/Library/Android/sdk/cmake/3.22.1/bin/ninja -C /Users/florian/.pub-cache/hosted/pub.dev/flutter_olm-2.0.0/android/.cxx/Debug/611a6669/x86 olm
[        ] Successfully started process 'command '/Users/florian/Library/Android/sdk/cmake/3.22.1/bin/ninja''
[        ] C/C++: Received process result: 0
[        ] C/C++: check expected build outputs
[        ] C/C++: build complete
[        ] Resolve mutations for :flutter_olm:configureCMakeDebug[x86_64] (Thread[#44445,Execution worker Thread 3,5,main]) started.
[        ] :flutter_olm:configureCMakeDebug[x86_64] (Thread[#44445,Execution worker Thread 3,5,main]) started.
[        ] > Task :flutter_olm:configureCMakeDebug[x86_64]
[        ] Caching disabled for task ':flutter_olm:configureCMakeDebug[x86_64]' because:
[        ]   Build cache is disabled
[        ]   Caching has been disabled for the task
[        ] Task ':flutter_olm:configureCMakeDebug[x86_64]' is not up-to-date because:
[        ]   Task.upToDateWhen is false.
[        ] C/C++: /Users/florian/.pub-cache/hosted/pub.dev/flutter_olm-2.0.0/ios/CMakeLists.txt profile|x86_64 : Start JSON generation. Platform version: 21 min SDK version: x86_64
[        ] C/C++: /Users/florian/.pub-cache/hosted/pub.dev/flutter_olm-2.0.0/ios/CMakeLists.txt profile|x86_64 : JSON '/Users/florian/.pub-cache/hosted/pub.dev/flutter_olm-2.0.0/android/.cxx/Debug/611a6669/x86_64/android_gradle_build.json' was up-to-date
[        ] C/C++: /Users/florian/.pub-cache/hosted/pub.dev/flutter_olm-2.0.0/ios/CMakeLists.txt profile|x86_64 : JSON generation completed without problems
[        ] C/C++: /Users/florian/.pub-cache/hosted/pub.dev/flutter_olm-2.0.0/ios/CMakeLists.txt profile|x86_64 : Writing build model to /Users/florian/Code/substitution/build/flutter_olm/intermediates/cxx/Debug/611a6669/logs/x86_64/build_model.json
[        ] Resolve mutations for :flutter_olm:buildCMakeDebug[x86_64] (Thread[#44445,Execution worker Thread 3,5,main]) started.
[        ] :flutter_olm:buildCMakeDebug[x86_64] (Thread[#44458,Execution worker Thread 15,5,main]) started.
[        ] > Task :flutter_olm:buildCMakeDebug[x86_64]
[        ] Caching disabled for task ':flutter_olm:buildCMakeDebug[x86_64]' because:
[        ]   Build cache is disabled
[        ]   Caching has been disabled for the task
[        ] Task ':flutter_olm:buildCMakeDebug[x86_64]' is not up-to-date because:
[        ]   Task.upToDateWhen is false.
[        ] C/C++: starting build
[        ] C/C++: reading expected JSONs
[        ] C/C++: done reading expected JSONs
[        ] C/C++: executing build commands for targets that produce .so files or executables
[        ] C/C++: evaluate miniconfig
[        ] C/C++: evaluate library olm (x86_64)
[        ] C/C++: building target library olm because no targets are specified.
[        ] C/C++: about to build targets olm
[        ] C/C++: Build olm
[        ] C/C++: /Users/florian/Library/Android/sdk/cmake/3.22.1/bin/ninja \
[        ]   -C \
[        ]   /Users/florian/.pub-cache/hosted/pub.dev/flutter_olm-2.0.0/android/.cxx/Debug/611a6669/x86_64 \
[        ]   olm
[        ] Starting process 'command '/Users/florian/Library/Android/sdk/cmake/3.22.1/bin/ninja''. Working directory: /Users/florian/.pub-cache/hosted/pub.dev/flutter_olm-2.0.0/android Command: /Users/florian/Library/Android/sdk/cmake/3.22.1/bin/ninja -C /Users/florian/.pub-cache/hosted/pub.dev/flutter_olm-2.0.0/android/.cxx/Debug/611a6669/x86_64 olm
[        ] Successfully started process 'command '/Users/florian/Library/Android/sdk/cmake/3.22.1/bin/ninja''
[        ] C/C++: Received process result: 0
[        ] C/C++: check expected build outputs
[        ] C/C++: build complete
[        ] Resolve mutations for :flutter_olm:mergeDebugJniLibFolders (Thread[#44458,Execution worker Thread 15,5,main]) started.
[        ] :flutter_olm:mergeDebugJniLibFolders (Thread[#44460,Execution worker Thread 17,5,main]) started.
[        ] > Task :flutter_olm:mergeDebugJniLibFolders UP-TO-DATE
[        ] Caching disabled for task ':flutter_olm:mergeDebugJniLibFolders' because:
[        ]   Build cache is disabled
[        ]   Simple merging task
[        ] Skipping task ':flutter_olm:mergeDebugJniLibFolders' as it is up-to-date.
[        ] Resolve mutations for :flutter_olm:mergeDebugNativeLibs (Thread[#44460,Execution worker Thread 17,5,main]) started.
[        ] :flutter_olm:mergeDebugNativeLibs (Thread[#44460,Execution worker Thread 17,5,main]) started.
[        ] > Task :flutter_olm:mergeDebugNativeLibs UP-TO-DATE
[        ] Caching disabled for task ':flutter_olm:mergeDebugNativeLibs' because:
[        ]   Build cache is disabled
[        ]   Caching has been disabled for the task
[        ] Skipping task ':flutter_olm:mergeDebugNativeLibs' as it is up-to-date.
[        ] Resolve mutations for :flutter_olm:copyDebugJniLibsProjectOnly (Thread[#44460,Execution worker Thread 17,5,main]) started.
[        ] :flutter_olm:copyDebugJniLibsProjectOnly (Thread[#44460,Execution worker Thread 17,5,main]) started.
[        ] > Task :flutter_olm:copyDebugJniLibsProjectOnly UP-TO-DATE
[        ] Caching disabled for task ':flutter_olm:copyDebugJniLibsProjectOnly' because:
[        ]   Build cache is disabled
[        ]   Caching has been disabled for the task
[        ] Skipping task ':flutter_olm:copyDebugJniLibsProjectOnly' as it is up-to-date.
[        ] work action resolve jni (project :flutter_olm) (Thread[#44460,Execution worker Thread 17,5,main]) started.
[        ] Resolve mutations for :flutter_openssl_crypto:preProfileBuild (Thread[#44460,Execution worker Thread 17,5,main]) started.
[        ] :flutter_openssl_crypto:preProfileBuild (Thread[#44460,Execution worker Thread 17,5,main]) started.
[        ] > Task :flutter_openssl_crypto:preProfileBuild UP-TO-DATE
[        ] Skipping task ':flutter_openssl_crypto:preProfileBuild' as it has no actions.
[        ] Resolve mutations for :flutter_openssl_crypto:configureCMakeDebug[arm64-v8a] (Thread[#44460,Execution worker Thread 17,5,main]) started.
[        ] :flutter_openssl_crypto:configureCMakeDebug[arm64-v8a] (Thread[#44460,Execution worker Thread 17,5,main]) started.
[        ] > Task :flutter_openssl_crypto:configureCMakeDebug[arm64-v8a]
[        ] Caching disabled for task ':flutter_openssl_crypto:configureCMakeDebug[arm64-v8a]' because:
[        ]   Build cache is disabled
[        ]   Caching has been disabled for the task
[        ] Task ':flutter_openssl_crypto:configureCMakeDebug[arm64-v8a]' is not up-to-date because:
[        ]   Task.upToDateWhen is false.
[        ] C/C++: /Users/florian/.pub-cache/hosted/pub.dev/flutter_openssl_crypto-0.5.0/android/CMakeLists.txt profile|arm64-v8a : Start JSON generation. Platform version: 21 min SDK version: arm64-v8a
[        ] C/C++: /Users/florian/.pub-cache/hosted/pub.dev/flutter_openssl_crypto-0.5.0/android/CMakeLists.txt profile|arm64-v8a : JSON '/Users/florian/.pub-cache/hosted/pub.dev/flutter_openssl_crypto-0.5.0/android/.cxx/Debug/42n1p1e4/arm64-v8a/android_gradle_build.json' was up-to-date
[        ] C/C++: /Users/florian/.pub-cache/hosted/pub.dev/flutter_openssl_crypto-0.5.0/android/CMakeLists.txt profile|arm64-v8a : JSON generation completed without problems
[        ] C/C++: /Users/florian/.pub-cache/hosted/pub.dev/flutter_openssl_crypto-0.5.0/android/CMakeLists.txt profile|arm64-v8a : Writing build model to /Users/florian/Code/substitution/build/flutter_openssl_crypto/intermediates/cxx/Debug/42n1p1e4/logs/arm64-v8a/build_model.json
[        ] Resolve mutations for :flutter_openssl_crypto:buildCMakeDebug[arm64-v8a] (Thread[#44460,Execution worker Thread 17,5,main]) started.
[        ] :flutter_openssl_crypto:buildCMakeDebug[arm64-v8a] (Thread[#44460,Execution worker Thread 17,5,main]) started.
[        ] > Task :flutter_openssl_crypto:buildCMakeDebug[arm64-v8a]
[        ] Caching disabled for task ':flutter_openssl_crypto:buildCMakeDebug[arm64-v8a]' because:
[        ]   Build cache is disabled
[        ]   Caching has been disabled for the task
[        ] Task ':flutter_openssl_crypto:buildCMakeDebug[arm64-v8a]' is not up-to-date because:
[        ]   Task.upToDateWhen is false.
[        ] C/C++: starting build
[        ] C/C++: reading expected JSONs
[        ] C/C++: done reading expected JSONs
[        ] C/C++: executing build commands for targets that produce .so files or executables
[        ] C/C++: evaluate miniconfig
[        ] C/C++: evaluate library flutter_openssl_crypto (arm64-v8a)
[        ] C/C++: building target library flutter_openssl_crypto because no targets are specified.
[        ] C/C++: about to build targets flutter_openssl_crypto
[        ] C/C++: Build flutter_openssl_crypto
[        ] C/C++: /Users/florian/Library/Android/sdk/cmake/3.22.1/bin/ninja \
[        ]   -C \
[        ]   /Users/florian/.pub-cache/hosted/pub.dev/flutter_openssl_crypto-0.5.0/android/.cxx/Debug/42n1p1e4/arm64-v8a \
[        ]   flutter_openssl_crypto
[        ] Starting process 'command '/Users/florian/Library/Android/sdk/cmake/3.22.1/bin/ninja''. Working directory: /Users/florian/.pub-cache/hosted/pub.dev/flutter_openssl_crypto-0.5.0/android Command: /Users/florian/Library/Android/sdk/cmake/3.22.1/bin/ninja -C /Users/florian/.pub-cache/hosted/pub.dev/flutter_openssl_crypto-0.5.0/android/.cxx/Debug/42n1p1e4/arm64-v8a flutter_openssl_crypto
[        ] Successfully started process 'command '/Users/florian/Library/Android/sdk/cmake/3.22.1/bin/ninja''
[        ] C/C++: Received process result: 0
[        ] C/C++: check expected build outputs
[        ] C/C++: build complete
[        ] Resolve mutations for :flutter_openssl_crypto:configureCMakeDebug[armeabi-v7a] (Thread[#44460,Execution worker Thread 17,5,main]) started.
[        ] :flutter_openssl_crypto:configureCMakeDebug[armeabi-v7a] (Thread[#44460,Execution worker Thread 17,5,main]) started.
[  +90 ms] > Task :flutter_openssl_crypto:configureCMakeDebug[armeabi-v7a]
[        ] Caching disabled for task ':flutter_openssl_crypto:configureCMakeDebug[armeabi-v7a]' because:
[        ]   Build cache is disabled
[        ]   Caching has been disabled for the task
[        ] Task ':flutter_openssl_crypto:configureCMakeDebug[armeabi-v7a]' is not up-to-date because:
[        ]   Task.upToDateWhen is false.
[        ] C/C++: /Users/florian/.pub-cache/hosted/pub.dev/flutter_openssl_crypto-0.5.0/android/CMakeLists.txt profile|armeabi-v7a : Start JSON generation. Platform version: 21 min SDK version: armeabi-v7a
[        ] C/C++: /Users/florian/.pub-cache/hosted/pub.dev/flutter_openssl_crypto-0.5.0/android/CMakeLists.txt profile|armeabi-v7a : JSON '/Users/florian/.pub-cache/hosted/pub.dev/flutter_openssl_crypto-0.5.0/android/.cxx/Debug/42n1p1e4/armeabi-v7a/android_gradle_build.json' was up-to-date
[        ] C/C++: /Users/florian/.pub-cache/hosted/pub.dev/flutter_openssl_crypto-0.5.0/android/CMakeLists.txt profile|armeabi-v7a : JSON generation completed without problems
[        ] C/C++: /Users/florian/.pub-cache/hosted/pub.dev/flutter_openssl_crypto-0.5.0/android/CMakeLists.txt profile|armeabi-v7a : Writing build model to /Users/florian/Code/substitution/build/flutter_openssl_crypto/intermediates/cxx/Debug/42n1p1e4/logs/armeabi-v7a/build_model.json
[        ] Resolve mutations for :flutter_openssl_crypto:buildCMakeDebug[armeabi-v7a] (Thread[#44460,Execution worker Thread 17,5,main]) started.
[        ] :flutter_openssl_crypto:buildCMakeDebug[armeabi-v7a] (Thread[#44460,Execution worker Thread 17,5,main]) started.
[        ] > Task :flutter_openssl_crypto:buildCMakeDebug[armeabi-v7a]
[        ] Caching disabled for task ':flutter_openssl_crypto:buildCMakeDebug[armeabi-v7a]' because:
[        ]   Build cache is disabled
[        ]   Caching has been disabled for the task
[        ] Task ':flutter_openssl_crypto:buildCMakeDebug[armeabi-v7a]' is not up-to-date because:
[        ]   Task.upToDateWhen is false.
[        ] C/C++: starting build
[        ] C/C++: reading expected JSONs
[        ] C/C++: done reading expected JSONs
[        ] C/C++: executing build commands for targets that produce .so files or executables
[        ] C/C++: evaluate miniconfig
[        ] C/C++: evaluate library flutter_openssl_crypto (armeabi-v7a)
[        ] C/C++: building target library flutter_openssl_crypto because no targets are specified.
[        ] C/C++: about to build targets flutter_openssl_crypto
[        ] C/C++: Build flutter_openssl_crypto
[        ] C/C++: /Users/florian/Library/Android/sdk/cmake/3.22.1/bin/ninja \
[        ]   -C \
[        ]   /Users/florian/.pub-cache/hosted/pub.dev/flutter_openssl_crypto-0.5.0/android/.cxx/Debug/42n1p1e4/armeabi-v7a \
[        ]   flutter_openssl_crypto
[        ] Starting process 'command '/Users/florian/Library/Android/sdk/cmake/3.22.1/bin/ninja''. Working directory: /Users/florian/.pub-cache/hosted/pub.dev/flutter_openssl_crypto-0.5.0/android Command: /Users/florian/Library/Android/sdk/cmake/3.22.1/bin/ninja -C /Users/florian/.pub-cache/hosted/pub.dev/flutter_openssl_crypto-0.5.0/android/.cxx/Debug/42n1p1e4/armeabi-v7a flutter_openssl_crypto
[        ] Successfully started process 'command '/Users/florian/Library/Android/sdk/cmake/3.22.1/bin/ninja''
[        ] C/C++: Received process result: 0
[        ] C/C++: check expected build outputs
[        ] C/C++: build complete
[        ] Resolve mutations for :flutter_openssl_crypto:configureCMakeDebug[x86] (Thread[#44460,Execution worker Thread 17,5,main]) started.
[        ] :flutter_openssl_crypto:configureCMakeDebug[x86] (Thread[#44460,Execution worker Thread 17,5,main]) started.
[        ] > Task :flutter_openssl_crypto:configureCMakeDebug[x86]
[        ] Caching disabled for task ':flutter_openssl_crypto:configureCMakeDebug[x86]' because:
[        ]   Build cache is disabled
[        ]   Caching has been disabled for the task
[        ] Task ':flutter_openssl_crypto:configureCMakeDebug[x86]' is not up-to-date because:
[        ]   Task.upToDateWhen is false.
[        ] C/C++: /Users/florian/.pub-cache/hosted/pub.dev/flutter_openssl_crypto-0.5.0/android/CMakeLists.txt profile|x86 : Start JSON generation. Platform version: 21 min SDK version: x86
[        ] C/C++: /Users/florian/.pub-cache/hosted/pub.dev/flutter_openssl_crypto-0.5.0/android/CMakeLists.txt profile|x86 : JSON '/Users/florian/.pub-cache/hosted/pub.dev/flutter_openssl_crypto-0.5.0/android/.cxx/Debug/42n1p1e4/x86/android_gradle_build.json' was up-to-date
[        ] C/C++: /Users/florian/.pub-cache/hosted/pub.dev/flutter_openssl_crypto-0.5.0/android/CMakeLists.txt profile|x86 : JSON generation completed without problems
[        ] C/C++: /Users/florian/.pub-cache/hosted/pub.dev/flutter_openssl_crypto-0.5.0/android/CMakeLists.txt profile|x86 : Writing build model to /Users/florian/Code/substitution/build/flutter_openssl_crypto/intermediates/cxx/Debug/42n1p1e4/logs/x86/build_model.json
[        ] Resolve mutations for :flutter_openssl_crypto:buildCMakeDebug[x86] (Thread[#44460,Execution worker Thread 17,5,main]) started.
[        ] :flutter_openssl_crypto:buildCMakeDebug[x86] (Thread[#44460,Execution worker Thread 17,5,main]) started.
[        ] > Task :flutter_openssl_crypto:buildCMakeDebug[x86]
[        ] Caching disabled for task ':flutter_openssl_crypto:buildCMakeDebug[x86]' because:
[        ]   Build cache is disabled
[        ]   Caching has been disabled for the task
[        ] Task ':flutter_openssl_crypto:buildCMakeDebug[x86]' is not up-to-date because:
[        ]   Task.upToDateWhen is false.
[        ] C/C++: starting build
[        ] C/C++: reading expected JSONs
[        ] C/C++: done reading expected JSONs
[        ] C/C++: executing build commands for targets that produce .so files or executables
[        ] C/C++: evaluate miniconfig
[        ] C/C++: evaluate library flutter_openssl_crypto (x86)
[        ] C/C++: building target library flutter_openssl_crypto because no targets are specified.
[        ] C/C++: about to build targets flutter_openssl_crypto
[        ] C/C++: Build flutter_openssl_crypto
[        ] C/C++: /Users/florian/Library/Android/sdk/cmake/3.22.1/bin/ninja \
[        ]   -C \
[        ]   /Users/florian/.pub-cache/hosted/pub.dev/flutter_openssl_crypto-0.5.0/android/.cxx/Debug/42n1p1e4/x86 \
[        ]   flutter_openssl_crypto
[        ] Starting process 'command '/Users/florian/Library/Android/sdk/cmake/3.22.1/bin/ninja''. Working directory: /Users/florian/.pub-cache/hosted/pub.dev/flutter_openssl_crypto-0.5.0/android Command: /Users/florian/Library/Android/sdk/cmake/3.22.1/bin/ninja -C /Users/florian/.pub-cache/hosted/pub.dev/flutter_openssl_crypto-0.5.0/android/.cxx/Debug/42n1p1e4/x86 flutter_openssl_crypto
[        ] Successfully started process 'command '/Users/florian/Library/Android/sdk/cmake/3.22.1/bin/ninja''
[        ] C/C++: Received process result: 0
[        ] C/C++: check expected build outputs
[        ] C/C++: build complete
[        ] Resolve mutations for :flutter_openssl_crypto:configureCMakeDebug[x86_64] (Thread[#44460,Execution worker Thread 17,5,main]) started.
[        ] :flutter_openssl_crypto:configureCMakeDebug[x86_64] (Thread[#44460,Execution worker Thread 17,5,main]) started.
[        ] > Task :flutter_openssl_crypto:configureCMakeDebug[x86_64]
[        ] Caching disabled for task ':flutter_openssl_crypto:configureCMakeDebug[x86_64]' because:
[        ]   Build cache is disabled
[        ]   Caching has been disabled for the task
[        ] Task ':flutter_openssl_crypto:configureCMakeDebug[x86_64]' is not up-to-date because:
[        ]   Task.upToDateWhen is false.
[        ] C/C++: /Users/florian/.pub-cache/hosted/pub.dev/flutter_openssl_crypto-0.5.0/android/CMakeLists.txt profile|x86_64 : Start JSON generation. Platform version: 21 min SDK version: x86_64
[        ] C/C++: /Users/florian/.pub-cache/hosted/pub.dev/flutter_openssl_crypto-0.5.0/android/CMakeLists.txt profile|x86_64 : JSON '/Users/florian/.pub-cache/hosted/pub.dev/flutter_openssl_crypto-0.5.0/android/.cxx/Debug/42n1p1e4/x86_64/android_gradle_build.json' was up-to-date
[        ] C/C++: /Users/florian/.pub-cache/hosted/pub.dev/flutter_openssl_crypto-0.5.0/android/CMakeLists.txt profile|x86_64 : JSON generation completed without problems
[        ] C/C++: /Users/florian/.pub-cache/hosted/pub.dev/flutter_openssl_crypto-0.5.0/android/CMakeLists.txt profile|x86_64 : Writing build model to /Users/florian/Code/substitution/build/flutter_openssl_crypto/intermediates/cxx/Debug/42n1p1e4/logs/x86_64/build_model.json
[        ] Resolve mutations for :flutter_openssl_crypto:buildCMakeDebug[x86_64] (Thread[#44460,Execution worker Thread 17,5,main]) started.
[        ] :flutter_openssl_crypto:buildCMakeDebug[x86_64] (Thread[#44460,Execution worker Thread 17,5,main]) started.
[        ] > Task :flutter_openssl_crypto:buildCMakeDebug[x86_64]
[        ] Caching disabled for task ':flutter_openssl_crypto:buildCMakeDebug[x86_64]' because:
[        ]   Build cache is disabled
[        ]   Caching has been disabled for the task
[        ] Task ':flutter_openssl_crypto:buildCMakeDebug[x86_64]' is not up-to-date because:
[        ]   Task.upToDateWhen is false.
[        ] C/C++: starting build
[        ] C/C++: reading expected JSONs
[        ] C/C++: done reading expected JSONs
[        ] C/C++: executing build commands for targets that produce .so files or executables
[        ] C/C++: evaluate miniconfig
[        ] C/C++: evaluate library flutter_openssl_crypto (x86_64)
[        ] C/C++: building target library flutter_openssl_crypto because no targets are specified.
[        ] C/C++: about to build targets flutter_openssl_crypto
[        ] C/C++: Build flutter_openssl_crypto
[        ] C/C++: /Users/florian/Library/Android/sdk/cmake/3.22.1/bin/ninja \
[        ]   -C \
[        ]   /Users/florian/.pub-cache/hosted/pub.dev/flutter_openssl_crypto-0.5.0/android/.cxx/Debug/42n1p1e4/x86_64 \
[        ]   flutter_openssl_crypto
[        ] Starting process 'command '/Users/florian/Library/Android/sdk/cmake/3.22.1/bin/ninja''. Working directory: /Users/florian/.pub-cache/hosted/pub.dev/flutter_openssl_crypto-0.5.0/android Command: /Users/florian/Library/Android/sdk/cmake/3.22.1/bin/ninja -C /Users/florian/.pub-cache/hosted/pub.dev/flutter_openssl_crypto-0.5.0/android/.cxx/Debug/42n1p1e4/x86_64 flutter_openssl_crypto
[        ] Successfully started process 'command '/Users/florian/Library/Android/sdk/cmake/3.22.1/bin/ninja''
[        ] C/C++: Received process result: 0
[        ] C/C++: check expected build outputs
[        ] C/C++: build complete
[        ] Resolve mutations for :flutter_openssl_crypto:mergeDebugJniLibFolders (Thread[#44460,Execution worker Thread 17,5,main]) started.
[        ] :flutter_openssl_crypto:mergeDebugJniLibFolders (Thread[#44460,Execution worker Thread 17,5,main]) started.
[        ] > Task :flutter_openssl_crypto:mergeDebugJniLibFolders UP-TO-DATE
[        ] Caching disabled for task ':flutter_openssl_crypto:mergeDebugJniLibFolders' because:
[        ]   Build cache is disabled
[        ]   Simple merging task
[        ] Skipping task ':flutter_openssl_crypto:mergeDebugJniLibFolders' as it is up-to-date.
[        ] Resolve mutations for :flutter_openssl_crypto:mergeDebugNativeLibs (Thread[#44460,Execution worker Thread 17,5,main]) started.
[        ] :flutter_openssl_crypto:mergeDebugNativeLibs (Thread[#44460,Execution worker Thread 17,5,main]) started.
[        ] > Task :flutter_openssl_crypto:mergeDebugNativeLibs UP-TO-DATE
[        ] Caching disabled for task ':flutter_openssl_crypto:mergeDebugNativeLibs' because:
[        ]   Build cache is disabled
[        ]   Caching has been disabled for the task
[        ] Skipping task ':flutter_openssl_crypto:mergeDebugNativeLibs' as it is up-to-date.
[        ] Resolve mutations for :flutter_openssl_crypto:copyDebugJniLibsProjectOnly (Thread[#44460,Execution worker Thread 17,5,main]) started.
[        ] :flutter_openssl_crypto:copyDebugJniLibsProjectOnly (Thread[#44460,Execution worker Thread 17,5,main]) started.
[        ] > Task :flutter_openssl_crypto:copyDebugJniLibsProjectOnly UP-TO-DATE
[        ] Caching disabled for task ':flutter_openssl_crypto:copyDebugJniLibsProjectOnly' because:
[        ]   Build cache is disabled
[        ]   Caching has been disabled for the task
[        ] Skipping task ':flutter_openssl_crypto:copyDebugJniLibsProjectOnly' as it is up-to-date.
[        ] work action resolve jni (project :flutter_openssl_crypto) (Thread[#44460,Execution worker Thread 17,5,main]) started.
[        ] Resolve mutations for :integration_test:mergeDebugJniLibFolders (Thread[#44460,Execution worker Thread 17,5,main]) started.
[        ] :integration_test:mergeDebugJniLibFolders (Thread[#44460,Execution worker Thread 17,5,main]) started.
[        ] > Task :integration_test:mergeDebugJniLibFolders UP-TO-DATE
[        ] Caching disabled for task ':integration_test:mergeDebugJniLibFolders' because:
[        ]   Build cache is disabled
[        ]   Simple merging task
[        ] Skipping task ':integration_test:mergeDebugJniLibFolders' as it is up-to-date.
[        ] Resolve mutations for :integration_test:mergeDebugNativeLibs (Thread[#44460,Execution worker Thread 17,5,main]) started.
[        ] :integration_test:mergeDebugNativeLibs (Thread[#44442,included builds,5,main]) started.
[        ] > Task :integration_test:mergeDebugNativeLibs NO-SOURCE
[        ] Skipping task ':integration_test:mergeDebugNativeLibs' as it has no source files and no previous output files.
[        ] Resolve mutations for :integration_test:copyDebugJniLibsProjectOnly (Thread[#44442,included builds,5,main]) started.
[        ] :integration_test:copyDebugJniLibsProjectOnly (Thread[#44442,included builds,5,main]) started.
[        ] > Task :integration_test:copyDebugJniLibsProjectOnly UP-TO-DATE
[        ] Caching disabled for task ':integration_test:copyDebugJniLibsProjectOnly' because:
[        ]   Build cache is disabled
[        ]   Caching has been disabled for the task
[        ] Skipping task ':integration_test:copyDebugJniLibsProjectOnly' as it is up-to-date.
[        ] work action resolve jni (project :integration_test) (Thread[#44442,included builds,5,main]) started.
[        ] Resolve mutations for :path_provider_android:mergeDebugJniLibFolders (Thread[#44442,included builds,5,main]) started.
[        ] :path_provider_android:mergeDebugJniLibFolders (Thread[#44442,included builds,5,main]) started.
[        ] > Task :path_provider_android:mergeDebugJniLibFolders UP-TO-DATE
[        ] Caching disabled for task ':path_provider_android:mergeDebugJniLibFolders' because:
[        ]   Build cache is disabled
[        ]   Simple merging task
[        ] Skipping task ':path_provider_android:mergeDebugJniLibFolders' as it is up-to-date.
[        ] Resolve mutations for :path_provider_android:mergeDebugNativeLibs (Thread[#44442,included builds,5,main]) started.
[        ] :path_provider_android:mergeDebugNativeLibs (Thread[#44442,included builds,5,main]) started.
[        ] > Task :path_provider_android:mergeDebugNativeLibs NO-SOURCE
[        ] Skipping task ':path_provider_android:mergeDebugNativeLibs' as it has no source files and no previous output files.
[        ] Resolve mutations for :path_provider_android:copyDebugJniLibsProjectOnly (Thread[#44442,included builds,5,main]) started.
[        ] :path_provider_android:copyDebugJniLibsProjectOnly (Thread[#44442,included builds,5,main]) started.
[        ] > Task :path_provider_android:copyDebugJniLibsProjectOnly UP-TO-DATE
[        ] Caching disabled for task ':path_provider_android:copyDebugJniLibsProjectOnly' because:
[        ]   Build cache is disabled
[        ]   Caching has been disabled for the task
[        ] Skipping task ':path_provider_android:copyDebugJniLibsProjectOnly' as it is up-to-date.
[        ] work action resolve jni (project :path_provider_android) (Thread[#44442,included builds,5,main]) started.
[        ] Resolve mutations for :quill_native_bridge_android:mergeDebugJniLibFolders (Thread[#44442,included builds,5,main]) started.
[        ] :quill_native_bridge_android:mergeDebugJniLibFolders (Thread[#44442,included builds,5,main]) started.
[        ] > Task :quill_native_bridge_android:mergeDebugJniLibFolders UP-TO-DATE
[        ] Caching disabled for task ':quill_native_bridge_android:mergeDebugJniLibFolders' because:
[        ]   Build cache is disabled
[        ]   Simple merging task
[        ] Skipping task ':quill_native_bridge_android:mergeDebugJniLibFolders' as it is up-to-date.
[        ] Resolve mutations for :quill_native_bridge_android:mergeDebugNativeLibs (Thread[#44442,included builds,5,main]) started.
[        ] :quill_native_bridge_android:mergeDebugNativeLibs (Thread[#44442,included builds,5,main]) started.
[        ] > Task :quill_native_bridge_android:mergeDebugNativeLibs NO-SOURCE
[        ] Skipping task ':quill_native_bridge_android:mergeDebugNativeLibs' as it has no source files and no previous output files.
[        ] Resolve mutations for :quill_native_bridge_android:copyDebugJniLibsProjectOnly (Thread[#44442,included builds,5,main]) started.
[        ] :quill_native_bridge_android:copyDebugJniLibsProjectOnly (Thread[#44442,included builds,5,main]) started.
[        ] > Task :quill_native_bridge_android:copyDebugJniLibsProjectOnly UP-TO-DATE
[        ] Caching disabled for task ':quill_native_bridge_android:copyDebugJniLibsProjectOnly' because:
[        ]   Build cache is disabled
[        ]   Caching has been disabled for the task
[        ] Skipping task ':quill_native_bridge_android:copyDebugJniLibsProjectOnly' as it is up-to-date.
[        ] work action resolve jni (project :quill_native_bridge_android) (Thread[#44442,included builds,5,main]) started.
[        ] Resolve mutations for :shared_preferences_android:mergeDebugJniLibFolders (Thread[#44442,included builds,5,main]) started.
[        ] :shared_preferences_android:mergeDebugJniLibFolders (Thread[#44442,included builds,5,main]) started.
[        ] > Task :shared_preferences_android:mergeDebugJniLibFolders UP-TO-DATE
[        ] Caching disabled for task ':shared_preferences_android:mergeDebugJniLibFolders' because:
[        ]   Build cache is disabled
[        ]   Simple merging task
[        ] Skipping task ':shared_preferences_android:mergeDebugJniLibFolders' as it is up-to-date.
[        ] Resolve mutations for :shared_preferences_android:mergeDebugNativeLibs (Thread[#44442,included builds,5,main]) started.
[        ] :shared_preferences_android:mergeDebugNativeLibs (Thread[#44442,included builds,5,main]) started.
[        ] > Task :shared_preferences_android:mergeDebugNativeLibs NO-SOURCE
[        ] Skipping task ':shared_preferences_android:mergeDebugNativeLibs' as it has no source files and no previous output files.
[        ] Resolve mutations for :shared_preferences_android:copyDebugJniLibsProjectOnly (Thread[#44442,included builds,5,main]) started.
[        ] :shared_preferences_android:copyDebugJniLibsProjectOnly (Thread[#44442,included builds,5,main]) started.
[        ] > Task :shared_preferences_android:copyDebugJniLibsProjectOnly UP-TO-DATE
[        ] Caching disabled for task ':shared_preferences_android:copyDebugJniLibsProjectOnly' because:
[        ]   Build cache is disabled
[        ]   Caching has been disabled for the task
[        ] Skipping task ':shared_preferences_android:copyDebugJniLibsProjectOnly' as it is up-to-date.
[        ] work action resolve jni (project :shared_preferences_android) (Thread[#44442,included builds,5,main]) started.
[        ] Resolve mutations for :sqflite_android:mergeDebugJniLibFolders (Thread[#44442,included builds,5,main]) started.
[        ] :sqflite_android:mergeDebugJniLibFolders (Thread[#44442,included builds,5,main]) started.
[        ] > Task :sqflite_android:mergeDebugJniLibFolders UP-TO-DATE
[        ] Caching disabled for task ':sqflite_android:mergeDebugJniLibFolders' because:
[        ]   Build cache is disabled
[        ]   Simple merging task
[        ] Skipping task ':sqflite_android:mergeDebugJniLibFolders' as it is up-to-date.
[        ] Resolve mutations for :sqflite_android:mergeDebugNativeLibs (Thread[#44442,included builds,5,main]) started.
[        ] :sqflite_android:mergeDebugNativeLibs (Thread[#44442,included builds,5,main]) started.
[        ] > Task :sqflite_android:mergeDebugNativeLibs NO-SOURCE
[        ] Skipping task ':sqflite_android:mergeDebugNativeLibs' as it has no source files and no previous output files.
[        ] Resolve mutations for :sqflite_android:copyDebugJniLibsProjectOnly (Thread[#44442,included builds,5,main]) started.
[        ] :sqflite_android:copyDebugJniLibsProjectOnly (Thread[#44442,included builds,5,main]) started.
[        ] > Task :sqflite_android:copyDebugJniLibsProjectOnly UP-TO-DATE
[        ] Caching disabled for task ':sqflite_android:copyDebugJniLibsProjectOnly' because:
[        ]   Build cache is disabled
[        ]   Caching has been disabled for the task
[        ] Skipping task ':sqflite_android:copyDebugJniLibsProjectOnly' as it is up-to-date.
[        ] work action resolve jni (project :sqflite_android) (Thread[#44442,included builds,5,main]) started.
[        ] Resolve mutations for :url_launcher_android:mergeDebugJniLibFolders (Thread[#44442,included builds,5,main]) started.
[        ] :url_launcher_android:mergeDebugJniLibFolders (Thread[#44442,included builds,5,main]) started.
[        ] > Task :url_launcher_android:mergeDebugJniLibFolders UP-TO-DATE
[        ] Caching disabled for task ':url_launcher_android:mergeDebugJniLibFolders' because:
[        ]   Build cache is disabled
[        ]   Simple merging task
[        ] Skipping task ':url_launcher_android:mergeDebugJniLibFolders' as it is up-to-date.
[        ] Resolve mutations for :url_launcher_android:mergeDebugNativeLibs (Thread[#44442,included builds,5,main]) started.
[        ] :url_launcher_android:mergeDebugNativeLibs (Thread[#44442,included builds,5,main]) started.
[        ] > Task :url_launcher_android:mergeDebugNativeLibs NO-SOURCE
[        ] Skipping task ':url_launcher_android:mergeDebugNativeLibs' as it has no source files and no previous output files.
[        ] Resolve mutations for :url_launcher_android:copyDebugJniLibsProjectOnly (Thread[#44442,included builds,5,main]) started.
[        ] :url_launcher_android:copyDebugJniLibsProjectOnly (Thread[#44442,included builds,5,main]) started.
[        ] > Task :url_launcher_android:copyDebugJniLibsProjectOnly UP-TO-DATE
[        ] Caching disabled for task ':url_launcher_android:copyDebugJniLibsProjectOnly' because:
[        ]   Build cache is disabled
[        ]   Caching has been disabled for the task
[        ] Skipping task ':url_launcher_android:copyDebugJniLibsProjectOnly' as it is up-to-date.
[        ] work action resolve jni (project :url_launcher_android) (Thread[#44442,included builds,5,main]) started.
[        ] Resolve mutations for :video_player_android:mergeDebugJniLibFolders (Thread[#44442,included builds,5,main]) started.
[        ] :video_player_android:mergeDebugJniLibFolders (Thread[#44442,included builds,5,main]) started.
[        ] > Task :video_player_android:mergeDebugJniLibFolders UP-TO-DATE
[        ] Caching disabled for task ':video_player_android:mergeDebugJniLibFolders' because:
[        ]   Build cache is disabled
[        ]   Simple merging task
[        ] Skipping task ':video_player_android:mergeDebugJniLibFolders' as it is up-to-date.
[        ] Resolve mutations for :video_player_android:mergeDebugNativeLibs (Thread[#44442,included builds,5,main]) started.
[        ] :video_player_android:mergeDebugNativeLibs (Thread[#44442,included builds,5,main]) started.
[        ] > Task :video_player_android:mergeDebugNativeLibs NO-SOURCE
[        ] Skipping task ':video_player_android:mergeDebugNativeLibs' as it has no source files and no previous output files.
[        ] Resolve mutations for :video_player_android:copyDebugJniLibsProjectOnly (Thread[#44442,included builds,5,main]) started.
[        ] :video_player_android:copyDebugJniLibsProjectOnly (Thread[#44442,included builds,5,main]) started.
[        ] > Task :video_player_android:copyDebugJniLibsProjectOnly UP-TO-DATE
[        ] Caching disabled for task ':video_player_android:copyDebugJniLibsProjectOnly' because:
[        ]   Build cache is disabled
[        ]   Caching has been disabled for the task
[        ] Skipping task ':video_player_android:copyDebugJniLibsProjectOnly' as it is up-to-date.
[        ] work action resolve jni (project :video_player_android) (Thread[#44442,included builds,5,main]) started.
[        ] Resolve mutations for :app:mergeDebugNativeLibs (Thread[#44442,included builds,5,main]) started.
[        ] :app:mergeDebugNativeLibs (Thread[#44442,included builds,5,main]) started.
[        ] > Task :app:mergeDebugNativeLibs UP-TO-DATE
[        ] Caching disabled for task ':app:mergeDebugNativeLibs' because:
[        ]   Build cache is disabled
[        ]   Caching has been disabled for the task
[        ] Skipping task ':app:mergeDebugNativeLibs' as it is up-to-date.
[        ] Resolve mutations for :app:stripDebugDebugSymbols (Thread[#44442,included builds,5,main]) started.
[        ] :app:stripDebugDebugSymbols (Thread[#44442,included builds,5,main]) started.
[        ] > Task :app:stripDebugDebugSymbols UP-TO-DATE
[        ] Caching disabled for task ':app:stripDebugDebugSymbols' because:
[        ]   Build cache is disabled
[        ]   Caching has been disabled for the task
[        ] Skipping task ':app:stripDebugDebugSymbols' as it is up-to-date.
[        ] Resolve mutations for :app:validateSigningDebug (Thread[#44442,included builds,5,main]) started.
[        ] :app:validateSigningDebug (Thread[#44442,included builds,5,main]) started.
[        ] > Task :app:validateSigningDebug UP-TO-DATE
[        ] Caching disabled for task ':app:validateSigningDebug' because:
[        ]   Build cache is disabled
[        ]   Caching has been disabled for the task
[        ] Skipping task ':app:validateSigningDebug' as it is up-to-date.
[        ] Resolve mutations for :app:writeDebugAppMetadata (Thread[#44442,included builds,5,main]) started.
[        ] :app:writeDebugAppMetadata (Thread[#44442,included builds,5,main]) started.
[        ] > Task :app:writeDebugAppMetadata UP-TO-DATE
[        ] Caching disabled for task ':app:writeDebugAppMetadata' because:
[        ]   Build cache is disabled
[        ]   Caching has been disabled for the task
[        ] Skipping task ':app:writeDebugAppMetadata' as it is up-to-date.
[        ] Resolve mutations for :app:writeDebugSigningConfigVersions (Thread[#44442,included builds,5,main]) started.
[        ] :app:writeDebugSigningConfigVersions (Thread[#44442,included builds,5,main]) started.
[        ] > Task :app:writeDebugSigningConfigVersions UP-TO-DATE
[        ] Caching disabled for task ':app:writeDebugSigningConfigVersions' because:
[        ]   Build cache is disabled
[        ]   Caching has been disabled for the task
[        ] Skipping task ':app:writeDebugSigningConfigVersions' as it is up-to-date.
[        ] Resolve mutations for :connectivity_plus:stripDebugDebugSymbols (Thread[#44442,included builds,5,main]) started.
[        ] :connectivity_plus:stripDebugDebugSymbols (Thread[#44442,included builds,5,main]) started.
[        ] > Task :connectivity_plus:stripDebugDebugSymbols NO-SOURCE
[        ] Skipping task ':connectivity_plus:stripDebugDebugSymbols' as it has no source files and no previous output files.
[        ] Resolve mutations for :connectivity_plus:copyDebugJniLibsProjectAndLocalJars (Thread[#44442,included builds,5,main]) started.
[        ] :connectivity_plus:copyDebugJniLibsProjectAndLocalJars (Thread[#44442,included builds,5,main]) started.
[        ] > Task :connectivity_plus:copyDebugJniLibsProjectAndLocalJars UP-TO-DATE
[        ] Caching disabled for task ':connectivity_plus:copyDebugJniLibsProjectAndLocalJars' because:
[        ]   Build cache is disabled
[        ]   Caching has been disabled for the task
[        ] Skipping task ':connectivity_plus:copyDebugJniLibsProjectAndLocalJars' as it is up-to-date.
[        ] Resolve mutations for :connectivity_plus:extractDebugAnnotations (Thread[#44442,included builds,5,main]) started.
[        ] :connectivity_plus:extractDebugAnnotations (Thread[#44442,included builds,5,main]) started.
[        ] > Task :connectivity_plus:extractDebugAnnotations UP-TO-DATE
[        ] Caching disabled for task ':connectivity_plus:extractDebugAnnotations' because:
[        ]   Build cache is disabled
[        ] Skipping task ':connectivity_plus:extractDebugAnnotations' as it is up-to-date.
[        ] Resolve mutations for :connectivity_plus:extractDeepLinksForAarDebug (Thread[#44442,included builds,5,main]) started.
[        ] :connectivity_plus:extractDeepLinksForAarDebug (Thread[#44442,included builds,5,main]) started.
[        ] > Task :connectivity_plus:extractDeepLinksForAarDebug UP-TO-DATE
[        ] Caching disabled for task ':connectivity_plus:extractDeepLinksForAarDebug' because:
[        ]   Build cache is disabled
[        ] Skipping task ':connectivity_plus:extractDeepLinksForAarDebug' as it is up-to-date.
[        ] Resolve mutations for :connectivity_plus:mergeDebugGeneratedProguardFiles (Thread[#44442,included builds,5,main]) started.
[        ] :connectivity_plus:mergeDebugGeneratedProguardFiles (Thread[#44442,included builds,5,main]) started.
[        ] > Task :connectivity_plus:mergeDebugGeneratedProguardFiles UP-TO-DATE
[        ] Caching disabled for task ':connectivity_plus:mergeDebugGeneratedProguardFiles' because:
[        ]   Build cache is disabled
[        ]   Simple merging task
[        ] Skipping task ':connectivity_plus:mergeDebugGeneratedProguardFiles' as it is up-to-date.
[        ] Resolve mutations for :connectivity_plus:mergeDebugConsumerProguardFiles (Thread[#44442,included builds,5,main]) started.
[        ] :connectivity_plus:mergeDebugConsumerProguardFiles (Thread[#44442,included builds,5,main]) started.
[        ] > Task :connectivity_plus:mergeDebugConsumerProguardFiles UP-TO-DATE
[        ] Caching disabled for task ':connectivity_plus:mergeDebugConsumerProguardFiles' because:
[        ]   Build cache is disabled
[        ]   Simple merging task
[        ] Skipping task ':connectivity_plus:mergeDebugConsumerProguardFiles' as it is up-to-date.
[        ] Resolve mutations for :connectivity_plus:prepareDebugArtProfile (Thread[#44442,included builds,5,main]) started.
[        ] :connectivity_plus:prepareDebugArtProfile (Thread[#44442,included builds,5,main]) started.
[        ] > Task :connectivity_plus:prepareDebugArtProfile UP-TO-DATE
[        ] Caching disabled for task ':connectivity_plus:prepareDebugArtProfile' because:
[        ]   Build cache is disabled
[        ]   Caching has been disabled for the task
[        ] Skipping task ':connectivity_plus:prepareDebugArtProfile' as it is up-to-date.
[        ] Resolve mutations for :connectivity_plus:prepareLintJarForPublish (Thread[#44442,included builds,5,main]) started.
[        ] :connectivity_plus:prepareLintJarForPublish (Thread[#44442,included builds,5,main]) started.
[        ] > Task :connectivity_plus:prepareLintJarForPublish UP-TO-DATE
[        ] Caching disabled for task ':connectivity_plus:prepareLintJarForPublish' because:
[        ]   Build cache is disabled
[        ]   Caching has been disabled for the task
[        ] Skipping task ':connectivity_plus:prepareLintJarForPublish' as it is up-to-date.
[        ] Resolve mutations for :connectivity_plus:mergeDebugJavaResource (Thread[#44442,included builds,5,main]) started.
[        ] :connectivity_plus:mergeDebugJavaResource (Thread[#44442,included builds,5,main]) started.
[        ] > Task :connectivity_plus:mergeDebugJavaResource UP-TO-DATE
[        ] Caching disabled for task ':connectivity_plus:mergeDebugJavaResource' because:
[        ]   Build cache is disabled
[        ]   Caching has been disabled for the task
[        ] Skipping task ':connectivity_plus:mergeDebugJavaResource' as it is up-to-date.
[        ] Resolve mutations for :connectivity_plus:syncDebugLibJars (Thread[#44442,included builds,5,main]) started.
[        ] :connectivity_plus:syncDebugLibJars (Thread[#44442,included builds,5,main]) started.
[        ] > Task :connectivity_plus:syncDebugLibJars UP-TO-DATE
[        ] Caching disabled for task ':connectivity_plus:syncDebugLibJars' because:
[        ]   Build cache is disabled
[        ] Skipping task ':connectivity_plus:syncDebugLibJars' as it is up-to-date.
[        ] Resolve mutations for :connectivity_plus:bundleDebugAar (Thread[#44442,included builds,5,main]) started.
[        ] :connectivity_plus:bundleDebugAar (Thread[#44442,included builds,5,main]) started.
[        ] > Task :connectivity_plus:bundleDebugAar UP-TO-DATE
[        ] Caching disabled for task ':connectivity_plus:bundleDebugAar' because:
[        ]   Build cache is disabled
[        ]   Caching has been disabled for the task
[        ] Skipping task ':connectivity_plus:bundleDebugAar' as it is up-to-date.
[        ] Resolve mutations for :connectivity_plus:assembleDebug (Thread[#44442,included builds,5,main]) started.
[        ] :connectivity_plus:assembleDebug (Thread[#44442,included builds,5,main]) started.
[        ] > Task :connectivity_plus:assembleDebug UP-TO-DATE
[        ] Skipping task ':connectivity_plus:assembleDebug' as it has no actions.
[        ] Resolve mutations for :emoji_picker_flutter:stripDebugDebugSymbols (Thread[#44442,included builds,5,main]) started.
[        ] :emoji_picker_flutter:stripDebugDebugSymbols (Thread[#44442,included builds,5,main]) started.
[        ] > Task :emoji_picker_flutter:stripDebugDebugSymbols NO-SOURCE
[        ] Skipping task ':emoji_picker_flutter:stripDebugDebugSymbols' as it has no source files and no previous output files.
[        ] Resolve mutations for :emoji_picker_flutter:copyDebugJniLibsProjectAndLocalJars (Thread[#44442,included builds,5,main]) started.
[        ] :emoji_picker_flutter:copyDebugJniLibsProjectAndLocalJars (Thread[#44442,included builds,5,main]) started.
[        ] > Task :emoji_picker_flutter:copyDebugJniLibsProjectAndLocalJars UP-TO-DATE
[        ] Caching disabled for task ':emoji_picker_flutter:copyDebugJniLibsProjectAndLocalJars' because:
[        ]   Build cache is disabled
[        ]   Caching has been disabled for the task
[        ] Skipping task ':emoji_picker_flutter:copyDebugJniLibsProjectAndLocalJars' as it is up-to-date.
[        ] Resolve mutations for :emoji_picker_flutter:extractDebugAnnotations (Thread[#44442,included builds,5,main]) started.
[        ] :emoji_picker_flutter:extractDebugAnnotations (Thread[#44442,included builds,5,main]) started.
[        ] > Task :emoji_picker_flutter:extractDebugAnnotations UP-TO-DATE
[        ] Caching disabled for task ':emoji_picker_flutter:extractDebugAnnotations' because:
[        ]   Build cache is disabled
[        ] Skipping task ':emoji_picker_flutter:extractDebugAnnotations' as it is up-to-date.
[        ] Resolve mutations for :emoji_picker_flutter:extractDeepLinksForAarDebug (Thread[#44442,included builds,5,main]) started.
[        ] :emoji_picker_flutter:extractDeepLinksForAarDebug (Thread[#44442,included builds,5,main]) started.
[        ] > Task :emoji_picker_flutter:extractDeepLinksForAarDebug UP-TO-DATE
[        ] Caching disabled for task ':emoji_picker_flutter:extractDeepLinksForAarDebug' because:
[        ]   Build cache is disabled
[        ] Skipping task ':emoji_picker_flutter:extractDeepLinksForAarDebug' as it is up-to-date.
[        ] Resolve mutations for :emoji_picker_flutter:mergeDebugGeneratedProguardFiles (Thread[#44442,included builds,5,main]) started.
[        ] :emoji_picker_flutter:mergeDebugGeneratedProguardFiles (Thread[#44442,included builds,5,main]) started.
[        ] > Task :emoji_picker_flutter:mergeDebugGeneratedProguardFiles UP-TO-DATE
[        ] Caching disabled for task ':emoji_picker_flutter:mergeDebugGeneratedProguardFiles' because:
[        ]   Build cache is disabled
[        ]   Simple merging task
[        ] Skipping task ':emoji_picker_flutter:mergeDebugGeneratedProguardFiles' as it is up-to-date.
[        ] Resolve mutations for :emoji_picker_flutter:mergeDebugConsumerProguardFiles (Thread[#44442,included builds,5,main]) started.
[        ] :emoji_picker_flutter:mergeDebugConsumerProguardFiles (Thread[#44442,included builds,5,main]) started.
[        ] > Task :emoji_picker_flutter:mergeDebugConsumerProguardFiles UP-TO-DATE
[        ] Caching disabled for task ':emoji_picker_flutter:mergeDebugConsumerProguardFiles' because:
[        ]   Build cache is disabled
[        ]   Simple merging task
[        ] Skipping task ':emoji_picker_flutter:mergeDebugConsumerProguardFiles' as it is up-to-date.
[        ] Resolve mutations for :emoji_picker_flutter:prepareDebugArtProfile (Thread[#44442,included builds,5,main]) started.
[        ] :emoji_picker_flutter:prepareDebugArtProfile (Thread[#44442,included builds,5,main]) started.
[        ] > Task :emoji_picker_flutter:prepareDebugArtProfile UP-TO-DATE
[        ] Caching disabled for task ':emoji_picker_flutter:prepareDebugArtProfile' because:
[        ]   Build cache is disabled
[        ]   Caching has been disabled for the task
[        ] Skipping task ':emoji_picker_flutter:prepareDebugArtProfile' as it is up-to-date.
[        ] Resolve mutations for :emoji_picker_flutter:prepareLintJarForPublish (Thread[#44442,included builds,5,main]) started.
[        ] :emoji_picker_flutter:prepareLintJarForPublish (Thread[#44442,included builds,5,main]) started.
[        ] > Task :emoji_picker_flutter:prepareLintJarForPublish UP-TO-DATE
[        ] Caching disabled for task ':emoji_picker_flutter:prepareLintJarForPublish' because:
[        ]   Build cache is disabled
[        ]   Caching has been disabled for the task
[        ] Skipping task ':emoji_picker_flutter:prepareLintJarForPublish' as it is up-to-date.
[        ] Resolve mutations for :emoji_picker_flutter:mergeDebugJavaResource (Thread[#44442,included builds,5,main]) started.
[        ] :emoji_picker_flutter:mergeDebugJavaResource (Thread[#44442,included builds,5,main]) started.
[        ] > Task :emoji_picker_flutter:mergeDebugJavaResource UP-TO-DATE
[        ] Caching disabled for task ':emoji_picker_flutter:mergeDebugJavaResource' because:
[        ]   Build cache is disabled
[        ]   Caching has been disabled for the task
[        ] Skipping task ':emoji_picker_flutter:mergeDebugJavaResource' as it is up-to-date.
[        ] Resolve mutations for :emoji_picker_flutter:syncDebugLibJars (Thread[#44442,included builds,5,main]) started.
[        ] :emoji_picker_flutter:syncDebugLibJars (Thread[#44442,included builds,5,main]) started.
[        ] > Task :emoji_picker_flutter:syncDebugLibJars UP-TO-DATE
[        ] Caching disabled for task ':emoji_picker_flutter:syncDebugLibJars' because:
[        ]   Build cache is disabled
[        ] Skipping task ':emoji_picker_flutter:syncDebugLibJars' as it is up-to-date.
[        ] Resolve mutations for :emoji_picker_flutter:bundleDebugAar (Thread[#44442,included builds,5,main]) started.
[        ] :emoji_picker_flutter:bundleDebugAar (Thread[#44442,included builds,5,main]) started.
[        ] > Task :emoji_picker_flutter:bundleDebugAar UP-TO-DATE
[        ] Caching disabled for task ':emoji_picker_flutter:bundleDebugAar' because:
[        ]   Build cache is disabled
[        ]   Caching has been disabled for the task
[        ] Skipping task ':emoji_picker_flutter:bundleDebugAar' as it is up-to-date.
[        ] Resolve mutations for :emoji_picker_flutter:assembleDebug (Thread[#44442,included builds,5,main]) started.
[        ] :emoji_picker_flutter:assembleDebug (Thread[#44442,included builds,5,main]) started.
[        ] > Task :emoji_picker_flutter:assembleDebug UP-TO-DATE
[        ] Skipping task ':emoji_picker_flutter:assembleDebug' as it has no actions.
[        ] Resolve mutations for :file_selector_android:stripDebugDebugSymbols (Thread[#44442,included builds,5,main]) started.
[        ] :file_selector_android:stripDebugDebugSymbols (Thread[#44442,included builds,5,main]) started.
[        ] > Task :file_selector_android:stripDebugDebugSymbols NO-SOURCE
[        ] Skipping task ':file_selector_android:stripDebugDebugSymbols' as it has no source files and no previous output files.
[        ] Resolve mutations for :file_selector_android:copyDebugJniLibsProjectAndLocalJars (Thread[#44442,included builds,5,main]) started.
[        ] :file_selector_android:copyDebugJniLibsProjectAndLocalJars (Thread[#44442,included builds,5,main]) started.
[        ] > Task :file_selector_android:copyDebugJniLibsProjectAndLocalJars UP-TO-DATE
[        ] Caching disabled for task ':file_selector_android:copyDebugJniLibsProjectAndLocalJars' because:
[        ]   Build cache is disabled
[        ]   Caching has been disabled for the task
[        ] Skipping task ':file_selector_android:copyDebugJniLibsProjectAndLocalJars' as it is up-to-date.
[        ] Resolve mutations for :file_selector_android:extractDebugAnnotations (Thread[#44442,included builds,5,main]) started.
[        ] :file_selector_android:extractDebugAnnotations (Thread[#44442,included builds,5,main]) started.
[        ] > Task :file_selector_android:extractDebugAnnotations UP-TO-DATE
[        ] Caching disabled for task ':file_selector_android:extractDebugAnnotations' because:
[        ]   Build cache is disabled
[        ] Skipping task ':file_selector_android:extractDebugAnnotations' as it is up-to-date.
[        ] Resolve mutations for :file_selector_android:extractDeepLinksForAarDebug (Thread[#44442,included builds,5,main]) started.
[        ] :file_selector_android:extractDeepLinksForAarDebug (Thread[#44442,included builds,5,main]) started.
[        ] > Task :file_selector_android:extractDeepLinksForAarDebug UP-TO-DATE
[        ] Caching disabled for task ':file_selector_android:extractDeepLinksForAarDebug' because:
[        ]   Build cache is disabled
[        ] Skipping task ':file_selector_android:extractDeepLinksForAarDebug' as it is up-to-date.
[        ] Resolve mutations for :file_selector_android:mergeDebugGeneratedProguardFiles (Thread[#44442,included builds,5,main]) started.
[        ] :file_selector_android:mergeDebugGeneratedProguardFiles (Thread[#44442,included builds,5,main]) started.
[        ] > Task :file_selector_android:mergeDebugGeneratedProguardFiles UP-TO-DATE
[        ] Caching disabled for task ':file_selector_android:mergeDebugGeneratedProguardFiles' because:
[        ]   Build cache is disabled
[        ]   Simple merging task
[        ] Skipping task ':file_selector_android:mergeDebugGeneratedProguardFiles' as it is up-to-date.
[        ] Resolve mutations for :file_selector_android:mergeDebugConsumerProguardFiles (Thread[#44442,included builds,5,main]) started.
[        ] :file_selector_android:mergeDebugConsumerProguardFiles (Thread[#44442,included builds,5,main]) started.
[        ] > Task :file_selector_android:mergeDebugConsumerProguardFiles UP-TO-DATE
[        ] Caching disabled for task ':file_selector_android:mergeDebugConsumerProguardFiles' because:
[        ]   Build cache is disabled
[        ]   Simple merging task
[        ] Skipping task ':file_selector_android:mergeDebugConsumerProguardFiles' as it is up-to-date.
[        ] Resolve mutations for :file_selector_android:prepareDebugArtProfile (Thread[#44442,included builds,5,main]) started.
[        ] :file_selector_android:prepareDebugArtProfile (Thread[#44442,included builds,5,main]) started.
[        ] > Task :file_selector_android:prepareDebugArtProfile UP-TO-DATE
[        ] Caching disabled for task ':file_selector_android:prepareDebugArtProfile' because:
[        ]   Build cache is disabled
[        ]   Caching has been disabled for the task
[        ] Skipping task ':file_selector_android:prepareDebugArtProfile' as it is up-to-date.
[        ] Resolve mutations for :file_selector_android:prepareLintJarForPublish (Thread[#44442,included builds,5,main]) started.
[        ] :file_selector_android:prepareLintJarForPublish (Thread[#44442,included builds,5,main]) started.
[        ] > Task :file_selector_android:prepareLintJarForPublish UP-TO-DATE
[        ] Caching disabled for task ':file_selector_android:prepareLintJarForPublish' because:
[        ]   Build cache is disabled
[        ]   Caching has been disabled for the task
[        ] Skipping task ':file_selector_android:prepareLintJarForPublish' as it is up-to-date.
[        ] Resolve mutations for :file_selector_android:mergeDebugJavaResource (Thread[#44442,included builds,5,main]) started.
[        ] :file_selector_android:mergeDebugJavaResource (Thread[#44442,included builds,5,main]) started.
[        ] > Task :file_selector_android:mergeDebugJavaResource UP-TO-DATE
[        ] Caching disabled for task ':file_selector_android:mergeDebugJavaResource' because:
[        ]   Build cache is disabled
[        ]   Caching has been disabled for the task
[        ] Skipping task ':file_selector_android:mergeDebugJavaResource' as it is up-to-date.
[        ] Resolve mutations for :file_selector_android:syncDebugLibJars (Thread[#44442,included builds,5,main]) started.
[        ] :file_selector_android:syncDebugLibJars (Thread[#44442,included builds,5,main]) started.
[        ] > Task :file_selector_android:syncDebugLibJars UP-TO-DATE
[        ] Caching disabled for task ':file_selector_android:syncDebugLibJars' because:
[        ]   Build cache is disabled
[        ] Skipping task ':file_selector_android:syncDebugLibJars' as it is up-to-date.
[        ] Resolve mutations for :file_selector_android:bundleDebugAar (Thread[#44442,included builds,5,main]) started.
[        ] :file_selector_android:bundleDebugAar (Thread[#44442,included builds,5,main]) started.
[        ] > Task :file_selector_android:bundleDebugAar UP-TO-DATE
[        ] Caching disabled for task ':file_selector_android:bundleDebugAar' because:
[        ]   Build cache is disabled
[        ]   Caching has been disabled for the task
[        ] Skipping task ':file_selector_android:bundleDebugAar' as it is up-to-date.
[        ] Resolve mutations for :file_selector_android:assembleDebug (Thread[#44442,included builds,5,main]) started.
[        ] :file_selector_android:assembleDebug (Thread[#44442,included builds,5,main]) started.
[        ] > Task :file_selector_android:assembleDebug UP-TO-DATE
[        ] Skipping task ':file_selector_android:assembleDebug' as it has no actions.
[        ] Resolve mutations for :flutter_keyboard_visibility_temp_fork:stripDebugDebugSymbols (Thread[#44442,included builds,5,main]) started.
[        ] :flutter_keyboard_visibility_temp_fork:stripDebugDebugSymbols (Thread[#44442,included builds,5,main]) started.
[        ] > Task :flutter_keyboard_visibility_temp_fork:stripDebugDebugSymbols NO-SOURCE
[        ] Skipping task ':flutter_keyboard_visibility_temp_fork:stripDebugDebugSymbols' as it has no source files and no previous output files.
[        ] Resolve mutations for :flutter_keyboard_visibility_temp_fork:copyDebugJniLibsProjectAndLocalJars (Thread[#44442,included builds,5,main]) started.
[        ] :flutter_keyboard_visibility_temp_fork:copyDebugJniLibsProjectAndLocalJars (Thread[#44442,included builds,5,main]) started.
[        ] > Task :flutter_keyboard_visibility_temp_fork:copyDebugJniLibsProjectAndLocalJars UP-TO-DATE
[        ] Caching disabled for task ':flutter_keyboard_visibility_temp_fork:copyDebugJniLibsProjectAndLocalJars' because:
[        ]   Build cache is disabled
[        ]   Caching has been disabled for the task
[        ] Skipping task ':flutter_keyboard_visibility_temp_fork:copyDebugJniLibsProjectAndLocalJars' as it is up-to-date.
[        ] Resolve mutations for :flutter_keyboard_visibility_temp_fork:extractDebugAnnotations (Thread[#44442,included builds,5,main]) started.
[        ] :flutter_keyboard_visibility_temp_fork:extractDebugAnnotations (Thread[#44442,included builds,5,main]) started.
[        ] > Task :flutter_keyboard_visibility_temp_fork:extractDebugAnnotations UP-TO-DATE
[        ] Caching disabled for task ':flutter_keyboard_visibility_temp_fork:extractDebugAnnotations' because:
[        ]   Build cache is disabled
[        ] Skipping task ':flutter_keyboard_visibility_temp_fork:extractDebugAnnotations' as it is up-to-date.
[        ] Resolve mutations for :flutter_keyboard_visibility_temp_fork:extractDeepLinksForAarDebug (Thread[#44442,included builds,5,main]) started.
[        ] :flutter_keyboard_visibility_temp_fork:extractDeepLinksForAarDebug (Thread[#44442,included builds,5,main]) started.
[        ] > Task :flutter_keyboard_visibility_temp_fork:extractDeepLinksForAarDebug UP-TO-DATE
[        ] Caching disabled for task ':flutter_keyboard_visibility_temp_fork:extractDeepLinksForAarDebug' because:
[        ]   Build cache is disabled
[        ] Skipping task ':flutter_keyboard_visibility_temp_fork:extractDeepLinksForAarDebug' as it is up-to-date.
[        ] Resolve mutations for :flutter_keyboard_visibility_temp_fork:mergeDebugGeneratedProguardFiles (Thread[#44442,included builds,5,main]) started.
[        ] :flutter_keyboard_visibility_temp_fork:mergeDebugGeneratedProguardFiles (Thread[#44442,included builds,5,main]) started.
[        ] > Task :flutter_keyboard_visibility_temp_fork:mergeDebugGeneratedProguardFiles UP-TO-DATE
[        ] Caching disabled for task ':flutter_keyboard_visibility_temp_fork:mergeDebugGeneratedProguardFiles' because:
[        ]   Build cache is disabled
[        ]   Simple merging task
[        ] Skipping task ':flutter_keyboard_visibility_temp_fork:mergeDebugGeneratedProguardFiles' as it is up-to-date.
[        ] Resolve mutations for :flutter_keyboard_visibility_temp_fork:mergeDebugConsumerProguardFiles (Thread[#44442,included builds,5,main]) started.
[        ] :flutter_keyboard_visibility_temp_fork:mergeDebugConsumerProguardFiles (Thread[#44442,included builds,5,main]) started.
[        ] > Task :flutter_keyboard_visibility_temp_fork:mergeDebugConsumerProguardFiles UP-TO-DATE
[        ] Caching disabled for task ':flutter_keyboard_visibility_temp_fork:mergeDebugConsumerProguardFiles' because:
[        ]   Build cache is disabled
[        ]   Simple merging task
[        ] Skipping task ':flutter_keyboard_visibility_temp_fork:mergeDebugConsumerProguardFiles' as it is up-to-date.
[        ] Resolve mutations for :flutter_keyboard_visibility_temp_fork:prepareDebugArtProfile (Thread[#44442,included builds,5,main]) started.
[        ] :flutter_keyboard_visibility_temp_fork:prepareDebugArtProfile (Thread[#44442,included builds,5,main]) started.
[        ] > Task :flutter_keyboard_visibility_temp_fork:prepareDebugArtProfile UP-TO-DATE
[        ] Caching disabled for task ':flutter_keyboard_visibility_temp_fork:prepareDebugArtProfile' because:
[        ]   Build cache is disabled
[        ]   Caching has been disabled for the task
[        ] Skipping task ':flutter_keyboard_visibility_temp_fork:prepareDebugArtProfile' as it is up-to-date.
[        ] Resolve mutations for :flutter_keyboard_visibility_temp_fork:prepareLintJarForPublish (Thread[#44442,included builds,5,main]) started.
[        ] :flutter_keyboard_visibility_temp_fork:prepareLintJarForPublish (Thread[#44442,included builds,5,main]) started.
[        ] > Task :flutter_keyboard_visibility_temp_fork:prepareLintJarForPublish UP-TO-DATE
[        ] Caching disabled for task ':flutter_keyboard_visibility_temp_fork:prepareLintJarForPublish' because:
[        ]   Build cache is disabled
[        ]   Caching has been disabled for the task
[        ] Skipping task ':flutter_keyboard_visibility_temp_fork:prepareLintJarForPublish' as it is up-to-date.
[        ] Resolve mutations for :flutter_keyboard_visibility_temp_fork:mergeDebugJavaResource (Thread[#44442,included builds,5,main]) started.
[        ] :flutter_keyboard_visibility_temp_fork:mergeDebugJavaResource (Thread[#44442,included builds,5,main]) started.
[        ] > Task :flutter_keyboard_visibility_temp_fork:mergeDebugJavaResource UP-TO-DATE
[        ] Caching disabled for task ':flutter_keyboard_visibility_temp_fork:mergeDebugJavaResource' because:
[        ]   Build cache is disabled
[        ]   Caching has been disabled for the task
[        ] Skipping task ':flutter_keyboard_visibility_temp_fork:mergeDebugJavaResource' as it is up-to-date.
[        ] Resolve mutations for :flutter_keyboard_visibility_temp_fork:syncDebugLibJars (Thread[#44442,included builds,5,main]) started.
[        ] :flutter_keyboard_visibility_temp_fork:syncDebugLibJars (Thread[#44442,included builds,5,main]) started.
[        ] > Task :flutter_keyboard_visibility_temp_fork:syncDebugLibJars UP-TO-DATE
[        ] Caching disabled for task ':flutter_keyboard_visibility_temp_fork:syncDebugLibJars' because:
[        ]   Build cache is disabled
[        ] Skipping task ':flutter_keyboard_visibility_temp_fork:syncDebugLibJars' as it is up-to-date.
[        ] Resolve mutations for :flutter_keyboard_visibility_temp_fork:bundleDebugAar (Thread[#44442,included builds,5,main]) started.
[        ] :flutter_keyboard_visibility_temp_fork:bundleDebugAar (Thread[#44442,included builds,5,main]) started.
[        ] > Task :flutter_keyboard_visibility_temp_fork:bundleDebugAar UP-TO-DATE
[        ] Caching disabled for task ':flutter_keyboard_visibility_temp_fork:bundleDebugAar' because:
[        ]   Build cache is disabled
[        ]   Caching has been disabled for the task
[        ] Skipping task ':flutter_keyboard_visibility_temp_fork:bundleDebugAar' as it is up-to-date.
[        ] Resolve mutations for :flutter_keyboard_visibility_temp_fork:assembleDebug (Thread[#44442,included builds,5,main]) started.
[        ] :flutter_keyboard_visibility_temp_fork:assembleDebug (Thread[#44442,included builds,5,main]) started.
[        ] > Task :flutter_keyboard_visibility_temp_fork:assembleDebug UP-TO-DATE
[        ] Skipping task ':flutter_keyboard_visibility_temp_fork:assembleDebug' as it has no actions.
[        ] Resolve mutations for :flutter_native_splash:stripDebugDebugSymbols (Thread[#44442,included builds,5,main]) started.
[        ] :flutter_native_splash:stripDebugDebugSymbols (Thread[#44442,included builds,5,main]) started.
[        ] > Task :flutter_native_splash:stripDebugDebugSymbols NO-SOURCE
[        ] Skipping task ':flutter_native_splash:stripDebugDebugSymbols' as it has no source files and no previous output files.
[        ] Resolve mutations for :flutter_native_splash:copyDebugJniLibsProjectAndLocalJars (Thread[#44442,included builds,5,main]) started.
[        ] :flutter_native_splash:copyDebugJniLibsProjectAndLocalJars (Thread[#44442,included builds,5,main]) started.
[        ] > Task :flutter_native_splash:copyDebugJniLibsProjectAndLocalJars UP-TO-DATE
[        ] Caching disabled for task ':flutter_native_splash:copyDebugJniLibsProjectAndLocalJars' because:
[        ]   Build cache is disabled
[        ]   Caching has been disabled for the task
[        ] Skipping task ':flutter_native_splash:copyDebugJniLibsProjectAndLocalJars' as it is up-to-date.
[        ] Resolve mutations for :flutter_native_splash:extractDebugAnnotations (Thread[#44442,included builds,5,main]) started.
[        ] :flutter_native_splash:extractDebugAnnotations (Thread[#44442,included builds,5,main]) started.
[        ] > Task :flutter_native_splash:extractDebugAnnotations UP-TO-DATE
[        ] Caching disabled for task ':flutter_native_splash:extractDebugAnnotations' because:
[        ]   Build cache is disabled
[        ] Skipping task ':flutter_native_splash:extractDebugAnnotations' as it is up-to-date.
[        ] Resolve mutations for :flutter_native_splash:extractDeepLinksForAarDebug (Thread[#44442,included builds,5,main]) started.
[        ] :flutter_native_splash:extractDeepLinksForAarDebug (Thread[#44442,included builds,5,main]) started.
[        ] > Task :flutter_native_splash:extractDeepLinksForAarDebug UP-TO-DATE
[        ] Caching disabled for task ':flutter_native_splash:extractDeepLinksForAarDebug' because:
[        ]   Build cache is disabled
[        ] Skipping task ':flutter_native_splash:extractDeepLinksForAarDebug' as it is up-to-date.
[        ] Resolve mutations for :flutter_native_splash:mergeDebugGeneratedProguardFiles (Thread[#44442,included builds,5,main]) started.
[        ] :flutter_native_splash:mergeDebugGeneratedProguardFiles (Thread[#44442,included builds,5,main]) started.
[        ] > Task :flutter_native_splash:mergeDebugGeneratedProguardFiles UP-TO-DATE
[        ] Caching disabled for task ':flutter_native_splash:mergeDebugGeneratedProguardFiles' because:
[        ]   Build cache is disabled
[        ]   Simple merging task
[        ] Skipping task ':flutter_native_splash:mergeDebugGeneratedProguardFiles' as it is up-to-date.
[        ] Resolve mutations for :flutter_native_splash:mergeDebugConsumerProguardFiles (Thread[#44442,included builds,5,main]) started.
[        ] :flutter_native_splash:mergeDebugConsumerProguardFiles (Thread[#44442,included builds,5,main]) started.
[        ] > Task :flutter_native_splash:mergeDebugConsumerProguardFiles UP-TO-DATE
[        ] Caching disabled for task ':flutter_native_splash:mergeDebugConsumerProguardFiles' because:
[        ]   Build cache is disabled
[        ]   Simple merging task
[        ] Skipping task ':flutter_native_splash:mergeDebugConsumerProguardFiles' as it is up-to-date.
[        ] Resolve mutations for :flutter_native_splash:prepareDebugArtProfile (Thread[#44442,included builds,5,main]) started.
[        ] :flutter_native_splash:prepareDebugArtProfile (Thread[#44442,included builds,5,main]) started.
[        ] > Task :flutter_native_splash:prepareDebugArtProfile UP-TO-DATE
[        ] Caching disabled for task ':flutter_native_splash:prepareDebugArtProfile' because:
[        ]   Build cache is disabled
[        ]   Caching has been disabled for the task
[        ] Skipping task ':flutter_native_splash:prepareDebugArtProfile' as it is up-to-date.
[        ] Resolve mutations for :flutter_native_splash:prepareLintJarForPublish (Thread[#44442,included builds,5,main]) started.
[        ] :flutter_native_splash:prepareLintJarForPublish (Thread[#44442,included builds,5,main]) started.
[        ] > Task :flutter_native_splash:prepareLintJarForPublish UP-TO-DATE
[        ] Caching disabled for task ':flutter_native_splash:prepareLintJarForPublish' because:
[        ]   Build cache is disabled
[        ]   Caching has been disabled for the task
[        ] Skipping task ':flutter_native_splash:prepareLintJarForPublish' as it is up-to-date.
[        ] Resolve mutations for :flutter_native_splash:mergeDebugJavaResource (Thread[#44442,included builds,5,main]) started.
[        ] :flutter_native_splash:mergeDebugJavaResource (Thread[#44442,included builds,5,main]) started.
[        ] > Task :flutter_native_splash:mergeDebugJavaResource UP-TO-DATE
[        ] Caching disabled for task ':flutter_native_splash:mergeDebugJavaResource' because:
[        ]   Build cache is disabled
[        ]   Caching has been disabled for the task
[        ] Skipping task ':flutter_native_splash:mergeDebugJavaResource' as it is up-to-date.
[        ] Resolve mutations for :flutter_native_splash:syncDebugLibJars (Thread[#44442,included builds,5,main]) started.
[        ] :flutter_native_splash:syncDebugLibJars (Thread[#44442,included builds,5,main]) started.
[        ] > Task :flutter_native_splash:syncDebugLibJars UP-TO-DATE
[        ] Caching disabled for task ':flutter_native_splash:syncDebugLibJars' because:
[        ]   Build cache is disabled
[        ] Skipping task ':flutter_native_splash:syncDebugLibJars' as it is up-to-date.
[        ] Resolve mutations for :flutter_native_splash:bundleDebugAar (Thread[#44442,included builds,5,main]) started.
[        ] :flutter_native_splash:bundleDebugAar (Thread[#44442,included builds,5,main]) started.
[        ] > Task :flutter_native_splash:bundleDebugAar UP-TO-DATE
[        ] Caching disabled for task ':flutter_native_splash:bundleDebugAar' because:
[        ]   Build cache is disabled
[        ]   Caching has been disabled for the task
[        ] Skipping task ':flutter_native_splash:bundleDebugAar' as it is up-to-date.
[        ] Resolve mutations for :flutter_native_splash:assembleDebug (Thread[#44442,included builds,5,main]) started.
[        ] :flutter_native_splash:assembleDebug (Thread[#44442,included builds,5,main]) started.
[        ] > Task :flutter_native_splash:assembleDebug UP-TO-DATE
[        ] Skipping task ':flutter_native_splash:assembleDebug' as it has no actions.
[        ] Resolve mutations for :flutter_olm:stripDebugDebugSymbols (Thread[#44442,included builds,5,main]) started.
[        ] :flutter_olm:stripDebugDebugSymbols (Thread[#44442,included builds,5,main]) started.
[        ] > Task :flutter_olm:stripDebugDebugSymbols UP-TO-DATE
[        ] Caching disabled for task ':flutter_olm:stripDebugDebugSymbols' because:
[        ]   Build cache is disabled
[        ]   Caching has been disabled for the task
[        ] Skipping task ':flutter_olm:stripDebugDebugSymbols' as it is up-to-date.
[        ] Resolve mutations for :flutter_olm:copyDebugJniLibsProjectAndLocalJars (Thread[#44442,included builds,5,main]) started.
[        ] :flutter_olm:copyDebugJniLibsProjectAndLocalJars (Thread[#44442,included builds,5,main]) started.
[        ] > Task :flutter_olm:copyDebugJniLibsProjectAndLocalJars UP-TO-DATE
[        ] Caching disabled for task ':flutter_olm:copyDebugJniLibsProjectAndLocalJars' because:
[        ]   Build cache is disabled
[        ]   Caching has been disabled for the task
[        ] Skipping task ':flutter_olm:copyDebugJniLibsProjectAndLocalJars' as it is up-to-date.
[        ] Resolve mutations for :flutter_olm:extractDebugAnnotations (Thread[#44442,included builds,5,main]) started.
[        ] :flutter_olm:extractDebugAnnotations (Thread[#44442,included builds,5,main]) started.
[        ] > Task :flutter_olm:extractDebugAnnotations UP-TO-DATE
[        ] Caching disabled for task ':flutter_olm:extractDebugAnnotations' because:
[        ]   Build cache is disabled
[        ] Skipping task ':flutter_olm:extractDebugAnnotations' as it is up-to-date.
[        ] Resolve mutations for :flutter_olm:extractDeepLinksForAarDebug (Thread[#44442,included builds,5,main]) started.
[        ] :flutter_olm:extractDeepLinksForAarDebug (Thread[#44442,included builds,5,main]) started.
[        ] > Task :flutter_olm:extractDeepLinksForAarDebug UP-TO-DATE
[        ] Caching disabled for task ':flutter_olm:extractDeepLinksForAarDebug' because:
[        ]   Build cache is disabled
[        ] Skipping task ':flutter_olm:extractDeepLinksForAarDebug' as it is up-to-date.
[        ] Resolve mutations for :flutter_olm:mergeDebugGeneratedProguardFiles (Thread[#44442,included builds,5,main]) started.
[        ] :flutter_olm:mergeDebugGeneratedProguardFiles (Thread[#44442,included builds,5,main]) started.
[        ] > Task :flutter_olm:mergeDebugGeneratedProguardFiles UP-TO-DATE
[        ] Caching disabled for task ':flutter_olm:mergeDebugGeneratedProguardFiles' because:
[        ]   Build cache is disabled
[        ]   Simple merging task
[        ] Skipping task ':flutter_olm:mergeDebugGeneratedProguardFiles' as it is up-to-date.
[        ] Resolve mutations for :flutter_olm:mergeDebugConsumerProguardFiles (Thread[#44442,included builds,5,main]) started.
[        ] :flutter_olm:mergeDebugConsumerProguardFiles (Thread[#44442,included builds,5,main]) started.
[        ] > Task :flutter_olm:mergeDebugConsumerProguardFiles UP-TO-DATE
[        ] Caching disabled for task ':flutter_olm:mergeDebugConsumerProguardFiles' because:
[        ]   Build cache is disabled
[        ]   Simple merging task
[        ] Skipping task ':flutter_olm:mergeDebugConsumerProguardFiles' as it is up-to-date.
[        ] Resolve mutations for :flutter_olm:prepareDebugArtProfile (Thread[#44442,included builds,5,main]) started.
[        ] :flutter_olm:prepareDebugArtProfile (Thread[#44442,included builds,5,main]) started.
[        ] > Task :flutter_olm:prepareDebugArtProfile UP-TO-DATE
[        ] Caching disabled for task ':flutter_olm:prepareDebugArtProfile' because:
[        ]   Build cache is disabled
[        ]   Caching has been disabled for the task
[        ] Skipping task ':flutter_olm:prepareDebugArtProfile' as it is up-to-date.
[        ] Resolve mutations for :flutter_olm:prepareLintJarForPublish (Thread[#44442,included builds,5,main]) started.
[        ] :flutter_olm:prepareLintJarForPublish (Thread[#44442,included builds,5,main]) started.
[        ] > Task :flutter_olm:prepareLintJarForPublish UP-TO-DATE
[        ] Caching disabled for task ':flutter_olm:prepareLintJarForPublish' because:
[        ]   Build cache is disabled
[        ]   Caching has been disabled for the task
[        ] Skipping task ':flutter_olm:prepareLintJarForPublish' as it is up-to-date.
[        ] Resolve mutations for :flutter_olm:mergeDebugJavaResource (Thread[#44442,included builds,5,main]) started.
[        ] :flutter_olm:mergeDebugJavaResource (Thread[#44442,included builds,5,main]) started.
[        ] > Task :flutter_olm:mergeDebugJavaResource UP-TO-DATE
[        ] Caching disabled for task ':flutter_olm:mergeDebugJavaResource' because:
[        ]   Build cache is disabled
[        ]   Caching has been disabled for the task
[        ] Skipping task ':flutter_olm:mergeDebugJavaResource' as it is up-to-date.
[        ] Resolve mutations for :flutter_olm:syncDebugLibJars (Thread[#44442,included builds,5,main]) started.
[        ] :flutter_olm:syncDebugLibJars (Thread[#44442,included builds,5,main]) started.
[        ] > Task :flutter_olm:syncDebugLibJars UP-TO-DATE
[        ] Caching disabled for task ':flutter_olm:syncDebugLibJars' because:
[        ]   Build cache is disabled
[        ] Skipping task ':flutter_olm:syncDebugLibJars' as it is up-to-date.
[        ] Resolve mutations for :flutter_olm:bundleDebugAar (Thread[#44442,included builds,5,main]) started.
[        ] :flutter_olm:bundleDebugAar (Thread[#44442,included builds,5,main]) started.
[        ] > Task :flutter_olm:bundleDebugAar UP-TO-DATE
[        ] Caching disabled for task ':flutter_olm:bundleDebugAar' because:
[        ]   Build cache is disabled
[        ]   Caching has been disabled for the task
[        ] Skipping task ':flutter_olm:bundleDebugAar' as it is up-to-date.
[        ] Resolve mutations for :flutter_olm:assembleDebug (Thread[#44442,included builds,5,main]) started.
[        ] :flutter_olm:assembleDebug (Thread[#44442,included builds,5,main]) started.
[        ] > Task :flutter_olm:assembleDebug UP-TO-DATE
[        ] Skipping task ':flutter_olm:assembleDebug' as it has no actions.
[        ] Resolve mutations for :flutter_openssl_crypto:stripDebugDebugSymbols (Thread[#44442,included builds,5,main]) started.
[        ] :flutter_openssl_crypto:stripDebugDebugSymbols (Thread[#44442,included builds,5,main]) started.
[        ] > Task :flutter_openssl_crypto:stripDebugDebugSymbols UP-TO-DATE
[        ] Caching disabled for task ':flutter_openssl_crypto:stripDebugDebugSymbols' because:
[        ]   Build cache is disabled
[        ]   Caching has been disabled for the task
[        ] Skipping task ':flutter_openssl_crypto:stripDebugDebugSymbols' as it is up-to-date.
[        ] Resolve mutations for :flutter_openssl_crypto:copyDebugJniLibsProjectAndLocalJars (Thread[#44442,included builds,5,main]) started.
[        ] :flutter_openssl_crypto:copyDebugJniLibsProjectAndLocalJars (Thread[#44442,included builds,5,main]) started.
[        ] > Task :flutter_openssl_crypto:copyDebugJniLibsProjectAndLocalJars UP-TO-DATE
[        ] Caching disabled for task ':flutter_openssl_crypto:copyDebugJniLibsProjectAndLocalJars' because:
[        ]   Build cache is disabled
[        ]   Caching has been disabled for the task
[        ] Skipping task ':flutter_openssl_crypto:copyDebugJniLibsProjectAndLocalJars' as it is up-to-date.
[        ] Resolve mutations for :flutter_openssl_crypto:extractDebugAnnotations (Thread[#44442,included builds,5,main]) started.
[        ] :flutter_openssl_crypto:extractDebugAnnotations (Thread[#44442,included builds,5,main]) started.
[        ] > Task :flutter_openssl_crypto:extractDebugAnnotations UP-TO-DATE
[        ] Caching disabled for task ':flutter_openssl_crypto:extractDebugAnnotations' because:
[        ]   Build cache is disabled
[        ] Skipping task ':flutter_openssl_crypto:extractDebugAnnotations' as it is up-to-date.
[        ] Resolve mutations for :flutter_openssl_crypto:extractDeepLinksForAarDebug (Thread[#44442,included builds,5,main]) started.
[        ] :flutter_openssl_crypto:extractDeepLinksForAarDebug (Thread[#44442,included builds,5,main]) started.
[        ] > Task :flutter_openssl_crypto:extractDeepLinksForAarDebug UP-TO-DATE
[        ] Caching disabled for task ':flutter_openssl_crypto:extractDeepLinksForAarDebug' because:
[        ]   Build cache is disabled
[        ] Skipping task ':flutter_openssl_crypto:extractDeepLinksForAarDebug' as it is up-to-date.
[        ] Resolve mutations for :flutter_openssl_crypto:mergeDebugGeneratedProguardFiles (Thread[#44442,included builds,5,main]) started.
[        ] :flutter_openssl_crypto:mergeDebugGeneratedProguardFiles (Thread[#44442,included builds,5,main]) started.
[        ] > Task :flutter_openssl_crypto:mergeDebugGeneratedProguardFiles UP-TO-DATE
[        ] Caching disabled for task ':flutter_openssl_crypto:mergeDebugGeneratedProguardFiles' because:
[        ]   Build cache is disabled
[        ]   Simple merging task
[        ] Skipping task ':flutter_openssl_crypto:mergeDebugGeneratedProguardFiles' as it is up-to-date.
[        ] Resolve mutations for :flutter_openssl_crypto:mergeDebugConsumerProguardFiles (Thread[#44442,included builds,5,main]) started.
[        ] :flutter_openssl_crypto:mergeDebugConsumerProguardFiles (Thread[#44442,included builds,5,main]) started.
[        ] > Task :flutter_openssl_crypto:mergeDebugConsumerProguardFiles UP-TO-DATE
[        ] Caching disabled for task ':flutter_openssl_crypto:mergeDebugConsumerProguardFiles' because:
[        ]   Build cache is disabled
[        ]   Simple merging task
[        ] Skipping task ':flutter_openssl_crypto:mergeDebugConsumerProguardFiles' as it is up-to-date.
[        ] Resolve mutations for :flutter_openssl_crypto:prepareDebugArtProfile (Thread[#44442,included builds,5,main]) started.
[        ] :flutter_openssl_crypto:prepareDebugArtProfile (Thread[#44442,included builds,5,main]) started.
[        ] > Task :flutter_openssl_crypto:prepareDebugArtProfile UP-TO-DATE
[        ] Caching disabled for task ':flutter_openssl_crypto:prepareDebugArtProfile' because:
[        ]   Build cache is disabled
[        ]   Caching has been disabled for the task
[        ] Skipping task ':flutter_openssl_crypto:prepareDebugArtProfile' as it is up-to-date.
[        ] Resolve mutations for :flutter_openssl_crypto:prepareLintJarForPublish (Thread[#44442,included builds,5,main]) started.
[        ] :flutter_openssl_crypto:prepareLintJarForPublish (Thread[#44442,included builds,5,main]) started.
[        ] > Task :flutter_openssl_crypto:prepareLintJarForPublish UP-TO-DATE
[        ] Caching disabled for task ':flutter_openssl_crypto:prepareLintJarForPublish' because:
[        ]   Build cache is disabled
[        ]   Caching has been disabled for the task
[        ] Skipping task ':flutter_openssl_crypto:prepareLintJarForPublish' as it is up-to-date.
[        ] Resolve mutations for :flutter_openssl_crypto:mergeDebugJavaResource (Thread[#44442,included builds,5,main]) started.
[        ] :flutter_openssl_crypto:mergeDebugJavaResource (Thread[#44442,included builds,5,main]) started.
[        ] > Task :flutter_openssl_crypto:mergeDebugJavaResource UP-TO-DATE
[        ] Caching disabled for task ':flutter_openssl_crypto:mergeDebugJavaResource' because:
[        ]   Build cache is disabled
[        ]   Caching has been disabled for the task
[        ] Skipping task ':flutter_openssl_crypto:mergeDebugJavaResource' as it is up-to-date.
[        ] Resolve mutations for :flutter_openssl_crypto:syncDebugLibJars (Thread[#44442,included builds,5,main]) started.
[        ] :flutter_openssl_crypto:syncDebugLibJars (Thread[#44442,included builds,5,main]) started.
[        ] > Task :flutter_openssl_crypto:syncDebugLibJars UP-TO-DATE
[        ] Caching disabled for task ':flutter_openssl_crypto:syncDebugLibJars' because:
[        ]   Build cache is disabled
[        ] Skipping task ':flutter_openssl_crypto:syncDebugLibJars' as it is up-to-date.
[        ] Resolve mutations for :flutter_openssl_crypto:bundleDebugAar (Thread[#44442,included builds,5,main]) started.
[        ] :flutter_openssl_crypto:bundleDebugAar (Thread[#44442,included builds,5,main]) started.
[        ] > Task :flutter_openssl_crypto:bundleDebugAar UP-TO-DATE
[        ] Caching disabled for task ':flutter_openssl_crypto:bundleDebugAar' because:
[        ]   Build cache is disabled
[        ]   Caching has been disabled for the task
[        ] Skipping task ':flutter_openssl_crypto:bundleDebugAar' as it is up-to-date.
[        ] Resolve mutations for :flutter_openssl_crypto:assembleDebug (Thread[#44442,included builds,5,main]) started.
[        ] :flutter_openssl_crypto:assembleDebug (Thread[#44442,included builds,5,main]) started.
[        ] > Task :flutter_openssl_crypto:assembleDebug UP-TO-DATE
[        ] Skipping task ':flutter_openssl_crypto:assembleDebug' as it has no actions.
[        ] Resolve mutations for :integration_test:stripDebugDebugSymbols (Thread[#44442,included builds,5,main]) started.
[        ] :integration_test:stripDebugDebugSymbols (Thread[#44442,included builds,5,main]) started.
[        ] > Task :integration_test:stripDebugDebugSymbols NO-SOURCE
[        ] Skipping task ':integration_test:stripDebugDebugSymbols' as it has no source files and no previous output files.
[        ] Resolve mutations for :integration_test:copyDebugJniLibsProjectAndLocalJars (Thread[#44442,included builds,5,main]) started.
[        ] :integration_test:copyDebugJniLibsProjectAndLocalJars (Thread[#44442,included builds,5,main]) started.
[        ] > Task :integration_test:copyDebugJniLibsProjectAndLocalJars UP-TO-DATE
[        ] Caching disabled for task ':integration_test:copyDebugJniLibsProjectAndLocalJars' because:
[        ]   Build cache is disabled
[        ]   Caching has been disabled for the task
[        ] Skipping task ':integration_test:copyDebugJniLibsProjectAndLocalJars' as it is up-to-date.
[        ] Resolve mutations for :integration_test:extractDebugAnnotations (Thread[#44442,included builds,5,main]) started.
[        ] :integration_test:extractDebugAnnotations (Thread[#44442,included builds,5,main]) started.
[        ] > Task :integration_test:extractDebugAnnotations UP-TO-DATE
[        ] Caching disabled for task ':integration_test:extractDebugAnnotations' because:
[        ]   Build cache is disabled
[        ] Skipping task ':integration_test:extractDebugAnnotations' as it is up-to-date.
[        ] Resolve mutations for :integration_test:extractDeepLinksForAarDebug (Thread[#44442,included builds,5,main]) started.
[        ] :integration_test:extractDeepLinksForAarDebug (Thread[#44442,included builds,5,main]) started.
[        ] > Task :integration_test:extractDeepLinksForAarDebug UP-TO-DATE
[        ] Caching disabled for task ':integration_test:extractDeepLinksForAarDebug' because:
[        ]   Build cache is disabled
[        ] Skipping task ':integration_test:extractDeepLinksForAarDebug' as it is up-to-date.
[        ] Resolve mutations for :integration_test:mergeDebugGeneratedProguardFiles (Thread[#44442,included builds,5,main]) started.
[        ] :integration_test:mergeDebugGeneratedProguardFiles (Thread[#44442,included builds,5,main]) started.
[        ] > Task :integration_test:mergeDebugGeneratedProguardFiles UP-TO-DATE
[        ] Caching disabled for task ':integration_test:mergeDebugGeneratedProguardFiles' because:
[        ]   Build cache is disabled
[        ]   Simple merging task
[        ] Skipping task ':integration_test:mergeDebugGeneratedProguardFiles' as it is up-to-date.
[        ] Resolve mutations for :integration_test:mergeDebugConsumerProguardFiles (Thread[#44442,included builds,5,main]) started.
[        ] :integration_test:mergeDebugConsumerProguardFiles (Thread[#44442,included builds,5,main]) started.
[        ] > Task :integration_test:mergeDebugConsumerProguardFiles UP-TO-DATE
[        ] Caching disabled for task ':integration_test:mergeDebugConsumerProguardFiles' because:
[        ]   Build cache is disabled
[        ]   Simple merging task
[        ] Skipping task ':integration_test:mergeDebugConsumerProguardFiles' as it is up-to-date.
[        ] Resolve mutations for :integration_test:prepareDebugArtProfile (Thread[#44442,included builds,5,main]) started.
[        ] :integration_test:prepareDebugArtProfile (Thread[#44442,included builds,5,main]) started.
[        ] > Task :integration_test:prepareDebugArtProfile UP-TO-DATE
[        ] Caching disabled for task ':integration_test:prepareDebugArtProfile' because:
[        ]   Build cache is disabled
[        ]   Caching has been disabled for the task
[        ] Skipping task ':integration_test:prepareDebugArtProfile' as it is up-to-date.
[        ] Resolve mutations for :integration_test:prepareLintJarForPublish (Thread[#44442,included builds,5,main]) started.
[        ] :integration_test:prepareLintJarForPublish (Thread[#44442,included builds,5,main]) started.
[        ] > Task :integration_test:prepareLintJarForPublish UP-TO-DATE
[        ] Caching disabled for task ':integration_test:prepareLintJarForPublish' because:
[        ]   Build cache is disabled
[        ]   Caching has been disabled for the task
[        ] Skipping task ':integration_test:prepareLintJarForPublish' as it is up-to-date.
[        ] Resolve mutations for :integration_test:mergeDebugJavaResource (Thread[#44442,included builds,5,main]) started.
[        ] :integration_test:mergeDebugJavaResource (Thread[#44442,included builds,5,main]) started.
[        ] > Task :integration_test:mergeDebugJavaResource UP-TO-DATE
[        ] Caching disabled for task ':integration_test:mergeDebugJavaResource' because:
[        ]   Build cache is disabled
[        ]   Caching has been disabled for the task
[        ] Skipping task ':integration_test:mergeDebugJavaResource' as it is up-to-date.
[        ] Resolve mutations for :integration_test:syncDebugLibJars (Thread[#44442,included builds,5,main]) started.
[        ] :integration_test:syncDebugLibJars (Thread[#44442,included builds,5,main]) started.
[        ] > Task :integration_test:syncDebugLibJars UP-TO-DATE
[        ] Caching disabled for task ':integration_test:syncDebugLibJars' because:
[        ]   Build cache is disabled
[        ] Skipping task ':integration_test:syncDebugLibJars' as it is up-to-date.
[        ] Resolve mutations for :integration_test:bundleDebugAar (Thread[#44442,included builds,5,main]) started.
[        ] :integration_test:bundleDebugAar (Thread[#44442,included builds,5,main]) started.
[        ] > Task :integration_test:bundleDebugAar UP-TO-DATE
[        ] Caching disabled for task ':integration_test:bundleDebugAar' because:
[        ]   Build cache is disabled
[        ]   Caching has been disabled for the task
[        ] Skipping task ':integration_test:bundleDebugAar' as it is up-to-date.
[        ] Resolve mutations for :integration_test:assembleDebug (Thread[#44442,included builds,5,main]) started.
[        ] :integration_test:assembleDebug (Thread[#44442,included builds,5,main]) started.
[        ] > Task :integration_test:assembleDebug UP-TO-DATE
[        ] Skipping task ':integration_test:assembleDebug' as it has no actions.
[        ] Resolve mutations for :path_provider_android:stripDebugDebugSymbols (Thread[#44442,included builds,5,main]) started.
[        ] :path_provider_android:stripDebugDebugSymbols (Thread[#44442,included builds,5,main]) started.
[        ] > Task :path_provider_android:stripDebugDebugSymbols NO-SOURCE
[        ] Skipping task ':path_provider_android:stripDebugDebugSymbols' as it has no source files and no previous output files.
[        ] Resolve mutations for :path_provider_android:copyDebugJniLibsProjectAndLocalJars (Thread[#44442,included builds,5,main]) started.
[        ] :path_provider_android:copyDebugJniLibsProjectAndLocalJars (Thread[#44442,included builds,5,main]) started.
[        ] > Task :path_provider_android:copyDebugJniLibsProjectAndLocalJars UP-TO-DATE
[        ] Caching disabled for task ':path_provider_android:copyDebugJniLibsProjectAndLocalJars' because:
[        ]   Build cache is disabled
[        ]   Caching has been disabled for the task
[        ] Skipping task ':path_provider_android:copyDebugJniLibsProjectAndLocalJars' as it is up-to-date.
[        ] Resolve mutations for :path_provider_android:extractDebugAnnotations (Thread[#44442,included builds,5,main]) started.
[        ] :path_provider_android:extractDebugAnnotations (Thread[#44442,included builds,5,main]) started.
[        ] > Task :path_provider_android:extractDebugAnnotations UP-TO-DATE
[        ] Caching disabled for task ':path_provider_android:extractDebugAnnotations' because:
[        ]   Build cache is disabled
[        ] Skipping task ':path_provider_android:extractDebugAnnotations' as it is up-to-date.
[        ] Resolve mutations for :path_provider_android:extractDeepLinksForAarDebug (Thread[#44442,included builds,5,main]) started.
[        ] :path_provider_android:extractDeepLinksForAarDebug (Thread[#44442,included builds,5,main]) started.
[        ] > Task :path_provider_android:extractDeepLinksForAarDebug UP-TO-DATE
[        ] Caching disabled for task ':path_provider_android:extractDeepLinksForAarDebug' because:
[        ]   Build cache is disabled
[        ] Skipping task ':path_provider_android:extractDeepLinksForAarDebug' as it is up-to-date.
[        ] Resolve mutations for :path_provider_android:mergeDebugGeneratedProguardFiles (Thread[#44442,included builds,5,main]) started.
[        ] :path_provider_android:mergeDebugGeneratedProguardFiles (Thread[#44442,included builds,5,main]) started.
[        ] > Task :path_provider_android:mergeDebugGeneratedProguardFiles UP-TO-DATE
[        ] Caching disabled for task ':path_provider_android:mergeDebugGeneratedProguardFiles' because:
[        ]   Build cache is disabled
[        ]   Simple merging task
[        ] Skipping task ':path_provider_android:mergeDebugGeneratedProguardFiles' as it is up-to-date.
[        ] Resolve mutations for :path_provider_android:mergeDebugConsumerProguardFiles (Thread[#44442,included builds,5,main]) started.
[        ] :path_provider_android:mergeDebugConsumerProguardFiles (Thread[#44442,included builds,5,main]) started.
[        ] > Task :path_provider_android:mergeDebugConsumerProguardFiles UP-TO-DATE
[        ] Caching disabled for task ':path_provider_android:mergeDebugConsumerProguardFiles' because:
[        ]   Build cache is disabled
[        ]   Simple merging task
[        ] Skipping task ':path_provider_android:mergeDebugConsumerProguardFiles' as it is up-to-date.
[        ] Resolve mutations for :path_provider_android:prepareDebugArtProfile (Thread[#44442,included builds,5,main]) started.
[        ] :path_provider_android:prepareDebugArtProfile (Thread[#44442,included builds,5,main]) started.
[        ] > Task :path_provider_android:prepareDebugArtProfile UP-TO-DATE
[        ] Caching disabled for task ':path_provider_android:prepareDebugArtProfile' because:
[        ]   Build cache is disabled
[        ]   Caching has been disabled for the task
[        ] Skipping task ':path_provider_android:prepareDebugArtProfile' as it is up-to-date.
[        ] Resolve mutations for :path_provider_android:prepareLintJarForPublish (Thread[#44442,included builds,5,main]) started.
[        ] :path_provider_android:prepareLintJarForPublish (Thread[#44442,included builds,5,main]) started.
[        ] > Task :path_provider_android:prepareLintJarForPublish UP-TO-DATE
[        ] Caching disabled for task ':path_provider_android:prepareLintJarForPublish' because:
[        ]   Build cache is disabled
[        ]   Caching has been disabled for the task
[        ] Skipping task ':path_provider_android:prepareLintJarForPublish' as it is up-to-date.
[        ] Resolve mutations for :path_provider_android:mergeDebugJavaResource (Thread[#44442,included builds,5,main]) started.
[        ] :path_provider_android:mergeDebugJavaResource (Thread[#44442,included builds,5,main]) started.
[        ] > Task :path_provider_android:mergeDebugJavaResource UP-TO-DATE
[        ] Caching disabled for task ':path_provider_android:mergeDebugJavaResource' because:
[        ]   Build cache is disabled
[        ]   Caching has been disabled for the task
[        ] Skipping task ':path_provider_android:mergeDebugJavaResource' as it is up-to-date.
[        ] Resolve mutations for :path_provider_android:syncDebugLibJars (Thread[#44442,included builds,5,main]) started.
[        ] :path_provider_android:syncDebugLibJars (Thread[#44442,included builds,5,main]) started.
[        ] > Task :path_provider_android:syncDebugLibJars UP-TO-DATE
[        ] Caching disabled for task ':path_provider_android:syncDebugLibJars' because:
[        ]   Build cache is disabled
[        ] Skipping task ':path_provider_android:syncDebugLibJars' as it is up-to-date.
[        ] Resolve mutations for :path_provider_android:bundleDebugAar (Thread[#44442,included builds,5,main]) started.
[        ] :path_provider_android:bundleDebugAar (Thread[#44442,included builds,5,main]) started.
[        ] > Task :path_provider_android:bundleDebugAar UP-TO-DATE
[        ] Caching disabled for task ':path_provider_android:bundleDebugAar' because:
[        ]   Build cache is disabled
[        ]   Caching has been disabled for the task
[        ] Skipping task ':path_provider_android:bundleDebugAar' as it is up-to-date.
[        ] Resolve mutations for :path_provider_android:assembleDebug (Thread[#44442,included builds,5,main]) started.
[        ] :path_provider_android:assembleDebug (Thread[#44442,included builds,5,main]) started.
[        ] > Task :path_provider_android:assembleDebug UP-TO-DATE
[        ] Skipping task ':path_provider_android:assembleDebug' as it has no actions.
[        ] Resolve mutations for :quill_native_bridge_android:stripDebugDebugSymbols (Thread[#44442,included builds,5,main]) started.
[        ] :quill_native_bridge_android:stripDebugDebugSymbols (Thread[#44442,included builds,5,main]) started.
[        ] > Task :quill_native_bridge_android:stripDebugDebugSymbols NO-SOURCE
[        ] Skipping task ':quill_native_bridge_android:stripDebugDebugSymbols' as it has no source files and no previous output files.
[        ] Resolve mutations for :quill_native_bridge_android:copyDebugJniLibsProjectAndLocalJars (Thread[#44442,included builds,5,main]) started.
[        ] :quill_native_bridge_android:copyDebugJniLibsProjectAndLocalJars (Thread[#44442,included builds,5,main]) started.
[        ] > Task :quill_native_bridge_android:copyDebugJniLibsProjectAndLocalJars UP-TO-DATE
[        ] Caching disabled for task ':quill_native_bridge_android:copyDebugJniLibsProjectAndLocalJars' because:
[        ]   Build cache is disabled
[        ]   Caching has been disabled for the task
[        ] Skipping task ':quill_native_bridge_android:copyDebugJniLibsProjectAndLocalJars' as it is up-to-date.
[        ] Resolve mutations for :quill_native_bridge_android:extractDebugAnnotations (Thread[#44442,included builds,5,main]) started.
[        ] :quill_native_bridge_android:extractDebugAnnotations (Thread[#44442,included builds,5,main]) started.
[        ] > Task :quill_native_bridge_android:extractDebugAnnotations UP-TO-DATE
[        ] Caching disabled for task ':quill_native_bridge_android:extractDebugAnnotations' because:
[        ]   Build cache is disabled
[        ] Skipping task ':quill_native_bridge_android:extractDebugAnnotations' as it is up-to-date.
[        ] Resolve mutations for :quill_native_bridge_android:extractDeepLinksForAarDebug (Thread[#44442,included builds,5,main]) started.
[        ] :quill_native_bridge_android:extractDeepLinksForAarDebug (Thread[#44442,included builds,5,main]) started.
[        ] > Task :quill_native_bridge_android:extractDeepLinksForAarDebug UP-TO-DATE
[        ] Caching disabled for task ':quill_native_bridge_android:extractDeepLinksForAarDebug' because:
[        ]   Build cache is disabled
[        ] Skipping task ':quill_native_bridge_android:extractDeepLinksForAarDebug' as it is up-to-date.
[        ] Resolve mutations for :quill_native_bridge_android:mergeDebugGeneratedProguardFiles (Thread[#44442,included builds,5,main]) started.
[        ] :quill_native_bridge_android:mergeDebugGeneratedProguardFiles (Thread[#44442,included builds,5,main]) started.
[        ] > Task :quill_native_bridge_android:mergeDebugGeneratedProguardFiles UP-TO-DATE
[        ] Caching disabled for task ':quill_native_bridge_android:mergeDebugGeneratedProguardFiles' because:
[        ]   Build cache is disabled
[        ]   Simple merging task
[        ] Skipping task ':quill_native_bridge_android:mergeDebugGeneratedProguardFiles' as it is up-to-date.
[        ] Resolve mutations for :quill_native_bridge_android:mergeDebugConsumerProguardFiles (Thread[#44442,included builds,5,main]) started.
[        ] :quill_native_bridge_android:mergeDebugConsumerProguardFiles (Thread[#44442,included builds,5,main]) started.
[        ] > Task :quill_native_bridge_android:mergeDebugConsumerProguardFiles UP-TO-DATE
[        ] Caching disabled for task ':quill_native_bridge_android:mergeDebugConsumerProguardFiles' because:
[        ]   Build cache is disabled
[        ]   Simple merging task
[        ] Skipping task ':quill_native_bridge_android:mergeDebugConsumerProguardFiles' as it is up-to-date.
[        ] Resolve mutations for :quill_native_bridge_android:prepareDebugArtProfile (Thread[#44442,included builds,5,main]) started.
[        ] :quill_native_bridge_android:prepareDebugArtProfile (Thread[#44442,included builds,5,main]) started.
[        ] > Task :quill_native_bridge_android:prepareDebugArtProfile UP-TO-DATE
[        ] Caching disabled for task ':quill_native_bridge_android:prepareDebugArtProfile' because:
[        ]   Build cache is disabled
[        ]   Caching has been disabled for the task
[        ] Skipping task ':quill_native_bridge_android:prepareDebugArtProfile' as it is up-to-date.
[        ] Resolve mutations for :quill_native_bridge_android:prepareLintJarForPublish (Thread[#44442,included builds,5,main]) started.
[        ] :quill_native_bridge_android:prepareLintJarForPublish (Thread[#44442,included builds,5,main]) started.
[        ] > Task :quill_native_bridge_android:prepareLintJarForPublish UP-TO-DATE
[        ] Caching disabled for task ':quill_native_bridge_android:prepareLintJarForPublish' because:
[        ]   Build cache is disabled
[        ]   Caching has been disabled for the task
[        ] Skipping task ':quill_native_bridge_android:prepareLintJarForPublish' as it is up-to-date.
[        ] Resolve mutations for :quill_native_bridge_android:mergeDebugJavaResource (Thread[#44442,included builds,5,main]) started.
[        ] :quill_native_bridge_android:mergeDebugJavaResource (Thread[#44442,included builds,5,main]) started.
[        ] > Task :quill_native_bridge_android:mergeDebugJavaResource UP-TO-DATE
[        ] Caching disabled for task ':quill_native_bridge_android:mergeDebugJavaResource' because:
[        ]   Build cache is disabled
[        ]   Caching has been disabled for the task
[        ] Skipping task ':quill_native_bridge_android:mergeDebugJavaResource' as it is up-to-date.
[        ] Resolve mutations for :quill_native_bridge_android:syncDebugLibJars (Thread[#44442,included builds,5,main]) started.
[        ] :quill_native_bridge_android:syncDebugLibJars (Thread[#44442,included builds,5,main]) started.
[        ] > Task :quill_native_bridge_android:syncDebugLibJars UP-TO-DATE
[        ] Caching disabled for task ':quill_native_bridge_android:syncDebugLibJars' because:
[        ]   Build cache is disabled
[        ] Skipping task ':quill_native_bridge_android:syncDebugLibJars' as it is up-to-date.
[        ] Resolve mutations for :quill_native_bridge_android:bundleDebugAar (Thread[#44442,included builds,5,main]) started.
[        ] :quill_native_bridge_android:bundleDebugAar (Thread[#44442,included builds,5,main]) started.
[        ] > Task :quill_native_bridge_android:bundleDebugAar UP-TO-DATE
[        ] Caching disabled for task ':quill_native_bridge_android:bundleDebugAar' because:
[        ]   Build cache is disabled
[        ]   Caching has been disabled for the task
[        ] Skipping task ':quill_native_bridge_android:bundleDebugAar' as it is up-to-date.
[        ] Resolve mutations for :quill_native_bridge_android:assembleDebug (Thread[#44442,included builds,5,main]) started.
[        ] :quill_native_bridge_android:assembleDebug (Thread[#44442,included builds,5,main]) started.
[        ] > Task :quill_native_bridge_android:assembleDebug UP-TO-DATE
[        ] Skipping task ':quill_native_bridge_android:assembleDebug' as it has no actions.
[        ] Resolve mutations for :shared_preferences_android:stripDebugDebugSymbols (Thread[#44442,included builds,5,main]) started.
[        ] :shared_preferences_android:stripDebugDebugSymbols (Thread[#44442,included builds,5,main]) started.
[        ] > Task :shared_preferences_android:stripDebugDebugSymbols NO-SOURCE
[        ] Skipping task ':shared_preferences_android:stripDebugDebugSymbols' as it has no source files and no previous output files.
[        ] Resolve mutations for :shared_preferences_android:copyDebugJniLibsProjectAndLocalJars (Thread[#44442,included builds,5,main]) started.
[        ] :shared_preferences_android:copyDebugJniLibsProjectAndLocalJars (Thread[#44442,included builds,5,main]) started.
[        ] > Task :shared_preferences_android:copyDebugJniLibsProjectAndLocalJars UP-TO-DATE
[        ] Caching disabled for task ':shared_preferences_android:copyDebugJniLibsProjectAndLocalJars' because:
[        ]   Build cache is disabled
[        ]   Caching has been disabled for the task
[        ] Skipping task ':shared_preferences_android:copyDebugJniLibsProjectAndLocalJars' as it is up-to-date.
[        ] Resolve mutations for :shared_preferences_android:extractDebugAnnotations (Thread[#44442,included builds,5,main]) started.
[        ] :shared_preferences_android:extractDebugAnnotations (Thread[#44442,included builds,5,main]) started.
[        ] > Task :shared_preferences_android:extractDebugAnnotations UP-TO-DATE
[        ] Caching disabled for task ':shared_preferences_android:extractDebugAnnotations' because:
[        ]   Build cache is disabled
[        ] Skipping task ':shared_preferences_android:extractDebugAnnotations' as it is up-to-date.
[        ] Resolve mutations for :shared_preferences_android:extractDeepLinksForAarDebug (Thread[#44442,included builds,5,main]) started.
[        ] :shared_preferences_android:extractDeepLinksForAarDebug (Thread[#44442,included builds,5,main]) started.
[        ] > Task :shared_preferences_android:extractDeepLinksForAarDebug UP-TO-DATE
[        ] Caching disabled for task ':shared_preferences_android:extractDeepLinksForAarDebug' because:
[        ]   Build cache is disabled
[        ] Skipping task ':shared_preferences_android:extractDeepLinksForAarDebug' as it is up-to-date.
[        ] Resolve mutations for :shared_preferences_android:mergeDebugGeneratedProguardFiles (Thread[#44442,included builds,5,main]) started.
[        ] :shared_preferences_android:mergeDebugGeneratedProguardFiles (Thread[#44442,included builds,5,main]) started.
[        ] > Task :shared_preferences_android:mergeDebugGeneratedProguardFiles UP-TO-DATE
[        ] Caching disabled for task ':shared_preferences_android:mergeDebugGeneratedProguardFiles' because:
[        ]   Build cache is disabled
[        ]   Simple merging task
[        ] Skipping task ':shared_preferences_android:mergeDebugGeneratedProguardFiles' as it is up-to-date.
[        ] Resolve mutations for :shared_preferences_android:mergeDebugConsumerProguardFiles (Thread[#44442,included builds,5,main]) started.
[        ] :shared_preferences_android:mergeDebugConsumerProguardFiles (Thread[#44442,included builds,5,main]) started.
[        ] > Task :shared_preferences_android:mergeDebugConsumerProguardFiles UP-TO-DATE
[        ] Caching disabled for task ':shared_preferences_android:mergeDebugConsumerProguardFiles' because:
[        ]   Build cache is disabled
[        ]   Simple merging task
[        ] Skipping task ':shared_preferences_android:mergeDebugConsumerProguardFiles' as it is up-to-date.
[        ] Resolve mutations for :shared_preferences_android:prepareDebugArtProfile (Thread[#44442,included builds,5,main]) started.
[        ] :shared_preferences_android:prepareDebugArtProfile (Thread[#44442,included builds,5,main]) started.
[        ] > Task :shared_preferences_android:prepareDebugArtProfile UP-TO-DATE
[        ] Caching disabled for task ':shared_preferences_android:prepareDebugArtProfile' because:
[        ]   Build cache is disabled
[        ]   Caching has been disabled for the task
[        ] Skipping task ':shared_preferences_android:prepareDebugArtProfile' as it is up-to-date.
[        ] Resolve mutations for :shared_preferences_android:prepareLintJarForPublish (Thread[#44442,included builds,5,main]) started.
[        ] :shared_preferences_android:prepareLintJarForPublish (Thread[#44442,included builds,5,main]) started.
[        ] > Task :shared_preferences_android:prepareLintJarForPublish UP-TO-DATE
[        ] Caching disabled for task ':shared_preferences_android:prepareLintJarForPublish' because:
[        ]   Build cache is disabled
[        ]   Caching has been disabled for the task
[        ] Skipping task ':shared_preferences_android:prepareLintJarForPublish' as it is up-to-date.
[        ] Resolve mutations for :shared_preferences_android:mergeDebugJavaResource (Thread[#44442,included builds,5,main]) started.
[        ] :shared_preferences_android:mergeDebugJavaResource (Thread[#44442,included builds,5,main]) started.
[        ] > Task :shared_preferences_android:mergeDebugJavaResource UP-TO-DATE
[        ] Caching disabled for task ':shared_preferences_android:mergeDebugJavaResource' because:
[        ]   Build cache is disabled
[        ]   Caching has been disabled for the task
[        ] Skipping task ':shared_preferences_android:mergeDebugJavaResource' as it is up-to-date.
[        ] Resolve mutations for :shared_preferences_android:syncDebugLibJars (Thread[#44442,included builds,5,main]) started.
[        ] :shared_preferences_android:syncDebugLibJars (Thread[#44442,included builds,5,main]) started.
[        ] > Task :shared_preferences_android:syncDebugLibJars UP-TO-DATE
[        ] Caching disabled for task ':shared_preferences_android:syncDebugLibJars' because:
[        ]   Build cache is disabled
[        ] Skipping task ':shared_preferences_android:syncDebugLibJars' as it is up-to-date.
[        ] Resolve mutations for :shared_preferences_android:bundleDebugAar (Thread[#44442,included builds,5,main]) started.
[        ] :shared_preferences_android:bundleDebugAar (Thread[#44442,included builds,5,main]) started.
[        ] > Task :shared_preferences_android:bundleDebugAar UP-TO-DATE
[        ] Caching disabled for task ':shared_preferences_android:bundleDebugAar' because:
[        ]   Build cache is disabled
[        ]   Caching has been disabled for the task
[        ] Skipping task ':shared_preferences_android:bundleDebugAar' as it is up-to-date.
[        ] Resolve mutations for :shared_preferences_android:assembleDebug (Thread[#44442,included builds,5,main]) started.
[        ] :shared_preferences_android:assembleDebug (Thread[#44442,included builds,5,main]) started.
[        ] > Task :shared_preferences_android:assembleDebug UP-TO-DATE
[        ] Skipping task ':shared_preferences_android:assembleDebug' as it has no actions.
[        ] Resolve mutations for :sqflite_android:stripDebugDebugSymbols (Thread[#44442,included builds,5,main]) started.
[        ] :sqflite_android:stripDebugDebugSymbols (Thread[#44442,included builds,5,main]) started.
[        ] > Task :sqflite_android:stripDebugDebugSymbols NO-SOURCE
[        ] Skipping task ':sqflite_android:stripDebugDebugSymbols' as it has no source files and no previous output files.
[        ] Resolve mutations for :sqflite_android:copyDebugJniLibsProjectAndLocalJars (Thread[#44442,included builds,5,main]) started.
[        ] :sqflite_android:copyDebugJniLibsProjectAndLocalJars (Thread[#44442,included builds,5,main]) started.
[        ] > Task :sqflite_android:copyDebugJniLibsProjectAndLocalJars UP-TO-DATE
[        ] Caching disabled for task ':sqflite_android:copyDebugJniLibsProjectAndLocalJars' because:
[        ]   Build cache is disabled
[        ]   Caching has been disabled for the task
[        ] Skipping task ':sqflite_android:copyDebugJniLibsProjectAndLocalJars' as it is up-to-date.
[        ] Resolve mutations for :sqflite_android:extractDebugAnnotations (Thread[#44442,included builds,5,main]) started.
[        ] :sqflite_android:extractDebugAnnotations (Thread[#44442,included builds,5,main]) started.
[        ] > Task :sqflite_android:extractDebugAnnotations UP-TO-DATE
[        ] Caching disabled for task ':sqflite_android:extractDebugAnnotations' because:
[        ]   Build cache is disabled
[        ] Skipping task ':sqflite_android:extractDebugAnnotations' as it is up-to-date.
[        ] Resolve mutations for :sqflite_android:extractDeepLinksForAarDebug (Thread[#44442,included builds,5,main]) started.
[        ] :sqflite_android:extractDeepLinksForAarDebug (Thread[#44442,included builds,5,main]) started.
[        ] > Task :sqflite_android:extractDeepLinksForAarDebug UP-TO-DATE
[        ] Caching disabled for task ':sqflite_android:extractDeepLinksForAarDebug' because:
[        ]   Build cache is disabled
[        ] Skipping task ':sqflite_android:extractDeepLinksForAarDebug' as it is up-to-date.
[        ] Resolve mutations for :sqflite_android:mergeDebugGeneratedProguardFiles (Thread[#44442,included builds,5,main]) started.
[        ] :sqflite_android:mergeDebugGeneratedProguardFiles (Thread[#44442,included builds,5,main]) started.
[        ] > Task :sqflite_android:mergeDebugGeneratedProguardFiles UP-TO-DATE
[        ] Caching disabled for task ':sqflite_android:mergeDebugGeneratedProguardFiles' because:
[        ]   Build cache is disabled
[        ]   Simple merging task
[        ] Skipping task ':sqflite_android:mergeDebugGeneratedProguardFiles' as it is up-to-date.
[        ] Resolve mutations for :sqflite_android:mergeDebugConsumerProguardFiles (Thread[#44442,included builds,5,main]) started.
[        ] :sqflite_android:mergeDebugConsumerProguardFiles (Thread[#44442,included builds,5,main]) started.
[        ] > Task :sqflite_android:mergeDebugConsumerProguardFiles UP-TO-DATE
[        ] Caching disabled for task ':sqflite_android:mergeDebugConsumerProguardFiles' because:
[        ]   Build cache is disabled
[        ]   Simple merging task
[        ] Skipping task ':sqflite_android:mergeDebugConsumerProguardFiles' as it is up-to-date.
[        ] Resolve mutations for :sqflite_android:prepareDebugArtProfile (Thread[#44442,included builds,5,main]) started.
[        ] :sqflite_android:prepareDebugArtProfile (Thread[#44442,included builds,5,main]) started.
[        ] > Task :sqflite_android:prepareDebugArtProfile UP-TO-DATE
[        ] Caching disabled for task ':sqflite_android:prepareDebugArtProfile' because:
[        ]   Build cache is disabled
[        ]   Caching has been disabled for the task
[        ] Skipping task ':sqflite_android:prepareDebugArtProfile' as it is up-to-date.
[        ] Resolve mutations for :sqflite_android:prepareLintJarForPublish (Thread[#44442,included builds,5,main]) started.
[        ] :sqflite_android:prepareLintJarForPublish (Thread[#44442,included builds,5,main]) started.
[        ] > Task :sqflite_android:prepareLintJarForPublish UP-TO-DATE
[        ] Caching disabled for task ':sqflite_android:prepareLintJarForPublish' because:
[        ]   Build cache is disabled
[        ]   Caching has been disabled for the task
[        ] Skipping task ':sqflite_android:prepareLintJarForPublish' as it is up-to-date.
[        ] Resolve mutations for :sqflite_android:mergeDebugJavaResource (Thread[#44442,included builds,5,main]) started.
[        ] :sqflite_android:mergeDebugJavaResource (Thread[#44442,included builds,5,main]) started.
[        ] > Task :sqflite_android:mergeDebugJavaResource UP-TO-DATE
[        ] Caching disabled for task ':sqflite_android:mergeDebugJavaResource' because:
[        ]   Build cache is disabled
[        ]   Caching has been disabled for the task
[        ] Skipping task ':sqflite_android:mergeDebugJavaResource' as it is up-to-date.
[        ] Resolve mutations for :sqflite_android:syncDebugLibJars (Thread[#44442,included builds,5,main]) started.
[        ] :sqflite_android:syncDebugLibJars (Thread[#44442,included builds,5,main]) started.
[        ] > Task :sqflite_android:syncDebugLibJars UP-TO-DATE
[        ] Caching disabled for task ':sqflite_android:syncDebugLibJars' because:
[        ]   Build cache is disabled
[        ] Skipping task ':sqflite_android:syncDebugLibJars' as it is up-to-date.
[        ] Resolve mutations for :sqflite_android:bundleDebugAar (Thread[#44442,included builds,5,main]) started.
[        ] :sqflite_android:bundleDebugAar (Thread[#44442,included builds,5,main]) started.
[        ] > Task :sqflite_android:bundleDebugAar UP-TO-DATE
[        ] Caching disabled for task ':sqflite_android:bundleDebugAar' because:
[        ]   Build cache is disabled
[        ]   Caching has been disabled for the task
[        ] Skipping task ':sqflite_android:bundleDebugAar' as it is up-to-date.
[        ] Resolve mutations for :sqflite_android:assembleDebug (Thread[#44442,included builds,5,main]) started.
[        ] :sqflite_android:assembleDebug (Thread[#44442,included builds,5,main]) started.
[        ] > Task :sqflite_android:assembleDebug UP-TO-DATE
[        ] Skipping task ':sqflite_android:assembleDebug' as it has no actions.
[        ] Resolve mutations for :url_launcher_android:stripDebugDebugSymbols (Thread[#44442,included builds,5,main]) started.
[        ] :url_launcher_android:stripDebugDebugSymbols (Thread[#44442,included builds,5,main]) started.
[        ] > Task :url_launcher_android:stripDebugDebugSymbols NO-SOURCE
[        ] Skipping task ':url_launcher_android:stripDebugDebugSymbols' as it has no source files and no previous output files.
[        ] Resolve mutations for :url_launcher_android:copyDebugJniLibsProjectAndLocalJars (Thread[#44442,included builds,5,main]) started.
[        ] :url_launcher_android:copyDebugJniLibsProjectAndLocalJars (Thread[#44442,included builds,5,main]) started.
[        ] > Task :url_launcher_android:copyDebugJniLibsProjectAndLocalJars UP-TO-DATE
[        ] Caching disabled for task ':url_launcher_android:copyDebugJniLibsProjectAndLocalJars' because:
[        ]   Build cache is disabled
[        ]   Caching has been disabled for the task
[        ] Skipping task ':url_launcher_android:copyDebugJniLibsProjectAndLocalJars' as it is up-to-date.
[        ] Resolve mutations for :url_launcher_android:extractDebugAnnotations (Thread[#44442,included builds,5,main]) started.
[        ] :url_launcher_android:extractDebugAnnotations (Thread[#44442,included builds,5,main]) started.
[        ] > Task :url_launcher_android:extractDebugAnnotations UP-TO-DATE
[        ] Caching disabled for task ':url_launcher_android:extractDebugAnnotations' because:
[        ]   Build cache is disabled
[        ] Skipping task ':url_launcher_android:extractDebugAnnotations' as it is up-to-date.
[        ] Resolve mutations for :url_launcher_android:extractDeepLinksForAarDebug (Thread[#44442,included builds,5,main]) started.
[        ] :url_launcher_android:extractDeepLinksForAarDebug (Thread[#44442,included builds,5,main]) started.
[        ] > Task :url_launcher_android:extractDeepLinksForAarDebug UP-TO-DATE
[        ] Caching disabled for task ':url_launcher_android:extractDeepLinksForAarDebug' because:
[        ]   Build cache is disabled
[        ] Skipping task ':url_launcher_android:extractDeepLinksForAarDebug' as it is up-to-date.
[        ] Resolve mutations for :url_launcher_android:mergeDebugGeneratedProguardFiles (Thread[#44442,included builds,5,main]) started.
[        ] :url_launcher_android:mergeDebugGeneratedProguardFiles (Thread[#44442,included builds,5,main]) started.
[        ] > Task :url_launcher_android:mergeDebugGeneratedProguardFiles UP-TO-DATE
[        ] Caching disabled for task ':url_launcher_android:mergeDebugGeneratedProguardFiles' because:
[        ]   Build cache is disabled
[        ]   Simple merging task
[        ] Skipping task ':url_launcher_android:mergeDebugGeneratedProguardFiles' as it is up-to-date.
[        ] Resolve mutations for :url_launcher_android:mergeDebugConsumerProguardFiles (Thread[#44442,included builds,5,main]) started.
[        ] :url_launcher_android:mergeDebugConsumerProguardFiles (Thread[#44442,included builds,5,main]) started.
[        ] > Task :url_launcher_android:mergeDebugConsumerProguardFiles UP-TO-DATE
[        ] Caching disabled for task ':url_launcher_android:mergeDebugConsumerProguardFiles' because:
[        ]   Build cache is disabled
[        ]   Simple merging task
[        ] Skipping task ':url_launcher_android:mergeDebugConsumerProguardFiles' as it is up-to-date.
[        ] Resolve mutations for :url_launcher_android:prepareDebugArtProfile (Thread[#44442,included builds,5,main]) started.
[        ] :url_launcher_android:prepareDebugArtProfile (Thread[#44442,included builds,5,main]) started.
[        ] > Task :url_launcher_android:prepareDebugArtProfile UP-TO-DATE
[        ] Caching disabled for task ':url_launcher_android:prepareDebugArtProfile' because:
[        ]   Build cache is disabled
[        ]   Caching has been disabled for the task
[        ] Skipping task ':url_launcher_android:prepareDebugArtProfile' as it is up-to-date.
[        ] Resolve mutations for :url_launcher_android:prepareLintJarForPublish (Thread[#44442,included builds,5,main]) started.
[        ] :url_launcher_android:prepareLintJarForPublish (Thread[#44442,included builds,5,main]) started.
[        ] > Task :url_launcher_android:prepareLintJarForPublish UP-TO-DATE
[        ] Caching disabled for task ':url_launcher_android:prepareLintJarForPublish' because:
[        ]   Build cache is disabled
[        ]   Caching has been disabled for the task
[        ] Skipping task ':url_launcher_android:prepareLintJarForPublish' as it is up-to-date.
[        ] Resolve mutations for :url_launcher_android:mergeDebugJavaResource (Thread[#44442,included builds,5,main]) started.
[        ] :url_launcher_android:mergeDebugJavaResource (Thread[#44442,included builds,5,main]) started.
[        ] > Task :url_launcher_android:mergeDebugJavaResource UP-TO-DATE
[        ] Caching disabled for task ':url_launcher_android:mergeDebugJavaResource' because:
[        ]   Build cache is disabled
[        ]   Caching has been disabled for the task
[        ] Skipping task ':url_launcher_android:mergeDebugJavaResource' as it is up-to-date.
[        ] Resolve mutations for :url_launcher_android:syncDebugLibJars (Thread[#44442,included builds,5,main]) started.
[        ] :url_launcher_android:syncDebugLibJars (Thread[#44442,included builds,5,main]) started.
[        ] > Task :url_launcher_android:syncDebugLibJars UP-TO-DATE
[        ] Caching disabled for task ':url_launcher_android:syncDebugLibJars' because:
[        ]   Build cache is disabled
[        ] Skipping task ':url_launcher_android:syncDebugLibJars' as it is up-to-date.
[        ] Resolve mutations for :url_launcher_android:bundleDebugAar (Thread[#44442,included builds,5,main]) started.
[        ] :url_launcher_android:bundleDebugAar (Thread[#44442,included builds,5,main]) started.
[        ] > Task :url_launcher_android:bundleDebugAar UP-TO-DATE
[        ] Caching disabled for task ':url_launcher_android:bundleDebugAar' because:
[        ]   Build cache is disabled
[        ]   Caching has been disabled for the task
[        ] Skipping task ':url_launcher_android:bundleDebugAar' as it is up-to-date.
[        ] Resolve mutations for :url_launcher_android:assembleDebug (Thread[#44442,included builds,5,main]) started.
[        ] :url_launcher_android:assembleDebug (Thread[#44442,included builds,5,main]) started.
[        ] > Task :url_launcher_android:assembleDebug UP-TO-DATE
[        ] Skipping task ':url_launcher_android:assembleDebug' as it has no actions.
[        ] Resolve mutations for :video_player_android:stripDebugDebugSymbols (Thread[#44442,included builds,5,main]) started.
[        ] :video_player_android:stripDebugDebugSymbols (Thread[#44442,included builds,5,main]) started.
[        ] > Task :video_player_android:stripDebugDebugSymbols NO-SOURCE
[        ] Skipping task ':video_player_android:stripDebugDebugSymbols' as it has no source files and no previous output files.
[        ] Resolve mutations for :video_player_android:copyDebugJniLibsProjectAndLocalJars (Thread[#44442,included builds,5,main]) started.
[        ] :video_player_android:copyDebugJniLibsProjectAndLocalJars (Thread[#44442,included builds,5,main]) started.
[        ] > Task :video_player_android:copyDebugJniLibsProjectAndLocalJars UP-TO-DATE
[        ] Caching disabled for task ':video_player_android:copyDebugJniLibsProjectAndLocalJars' because:
[        ]   Build cache is disabled
[        ]   Caching has been disabled for the task
[        ] Skipping task ':video_player_android:copyDebugJniLibsProjectAndLocalJars' as it is up-to-date.
[        ] Resolve mutations for :video_player_android:extractDebugAnnotations (Thread[#44442,included builds,5,main]) started.
[        ] :video_player_android:extractDebugAnnotations (Thread[#44442,included builds,5,main]) started.
[        ] > Task :video_player_android:extractDebugAnnotations UP-TO-DATE
[        ] Caching disabled for task ':video_player_android:extractDebugAnnotations' because:
[        ]   Build cache is disabled
[        ] Skipping task ':video_player_android:extractDebugAnnotations' as it is up-to-date.
[        ] Resolve mutations for :video_player_android:extractDeepLinksForAarDebug (Thread[#44442,included builds,5,main]) started.
[        ] :video_player_android:extractDeepLinksForAarDebug (Thread[#44442,included builds,5,main]) started.
[        ] > Task :video_player_android:extractDeepLinksForAarDebug UP-TO-DATE
[        ] Caching disabled for task ':video_player_android:extractDeepLinksForAarDebug' because:
[        ]   Build cache is disabled
[        ] Skipping task ':video_player_android:extractDeepLinksForAarDebug' as it is up-to-date.
[        ] Resolve mutations for :video_player_android:mergeDebugGeneratedProguardFiles (Thread[#44442,included builds,5,main]) started.
[        ] :video_player_android:mergeDebugGeneratedProguardFiles (Thread[#44442,included builds,5,main]) started.
[        ] > Task :video_player_android:mergeDebugGeneratedProguardFiles UP-TO-DATE
[        ] Caching disabled for task ':video_player_android:mergeDebugGeneratedProguardFiles' because:
[        ]   Build cache is disabled
[        ]   Simple merging task
[        ] Skipping task ':video_player_android:mergeDebugGeneratedProguardFiles' as it is up-to-date.
[        ] Resolve mutations for :video_player_android:mergeDebugConsumerProguardFiles (Thread[#44442,included builds,5,main]) started.
[        ] :video_player_android:mergeDebugConsumerProguardFiles (Thread[#44442,included builds,5,main]) started.
[        ] > Task :video_player_android:mergeDebugConsumerProguardFiles UP-TO-DATE
[        ] Caching disabled for task ':video_player_android:mergeDebugConsumerProguardFiles' because:
[        ]   Build cache is disabled
[        ]   Simple merging task
[        ] Skipping task ':video_player_android:mergeDebugConsumerProguardFiles' as it is up-to-date.
[        ] Resolve mutations for :video_player_android:prepareDebugArtProfile (Thread[#44442,included builds,5,main]) started.
[        ] :video_player_android:prepareDebugArtProfile (Thread[#44442,included builds,5,main]) started.
[        ] > Task :video_player_android:prepareDebugArtProfile UP-TO-DATE
[        ] Caching disabled for task ':video_player_android:prepareDebugArtProfile' because:
[        ]   Build cache is disabled
[        ]   Caching has been disabled for the task
[        ] Skipping task ':video_player_android:prepareDebugArtProfile' as it is up-to-date.
[        ] Resolve mutations for :video_player_android:prepareLintJarForPublish (Thread[#44442,included builds,5,main]) started.
[        ] :video_player_android:prepareLintJarForPublish (Thread[#44442,included builds,5,main]) started.
[        ] > Task :video_player_android:prepareLintJarForPublish UP-TO-DATE
[        ] Caching disabled for task ':video_player_android:prepareLintJarForPublish' because:
[        ]   Build cache is disabled
[        ]   Caching has been disabled for the task
[        ] Skipping task ':video_player_android:prepareLintJarForPublish' as it is up-to-date.
[        ] Resolve mutations for :video_player_android:mergeDebugJavaResource (Thread[#44442,included builds,5,main]) started.
[        ] :video_player_android:mergeDebugJavaResource (Thread[#44442,included builds,5,main]) started.
[        ] > Task :video_player_android:mergeDebugJavaResource UP-TO-DATE
[        ] Caching disabled for task ':video_player_android:mergeDebugJavaResource' because:
[        ]   Build cache is disabled
[        ]   Caching has been disabled for the task
[        ] Skipping task ':video_player_android:mergeDebugJavaResource' as it is up-to-date.
[        ] Resolve mutations for :video_player_android:syncDebugLibJars (Thread[#44442,included builds,5,main]) started.
[        ] :video_player_android:syncDebugLibJars (Thread[#44442,included builds,5,main]) started.
[        ] > Task :video_player_android:syncDebugLibJars UP-TO-DATE
[        ] Caching disabled for task ':video_player_android:syncDebugLibJars' because:
[        ]   Build cache is disabled
[        ] Skipping task ':video_player_android:syncDebugLibJars' as it is up-to-date.
[        ] Resolve mutations for :video_player_android:bundleDebugAar (Thread[#44442,included builds,5,main]) started.
[        ] :video_player_android:bundleDebugAar (Thread[#44442,included builds,5,main]) started.
[        ] > Task :video_player_android:bundleDebugAar UP-TO-DATE
[        ] Caching disabled for task ':video_player_android:bundleDebugAar' because:
[        ]   Build cache is disabled
[        ]   Caching has been disabled for the task
[        ] Skipping task ':video_player_android:bundleDebugAar' as it is up-to-date.
[        ] Resolve mutations for :video_player_android:assembleDebug (Thread[#44442,included builds,5,main]) started.
[        ] :video_player_android:assembleDebug (Thread[#44442,included builds,5,main]) started.
[        ] > Task :video_player_android:assembleDebug UP-TO-DATE
[        ] Skipping task ':video_player_android:assembleDebug' as it has no actions.
[ +385 ms] > Task :app:compressDebugAssets
[        ] Caching disabled for task ':app:compressDebugAssets' because:
[        ]   Build cache is disabled
[        ] Task ':app:compressDebugAssets' is not up-to-date because:
[        ]   Input property 'inputDirs' file /Users/florian/Code/substitution/build/app/intermediates/assets/debug/mergeDebugAssets/flutter_assets/kernel_blob.bin has changed.
[        ] Resolve mutations for :app:packageDebug (Thread[#44446,Execution worker Thread 4,5,main]) started.
[        ] :app:packageDebug (Thread[#44446,Execution worker Thread 4,5,main]) started.
18:07 +12 -41: loading /Users/florian/Code/substitution/integration_test/room_permissions_test.dart                                                                                                    [ +400 ms] > Task :app:packageDebug
[        ] Custom actions are attached to task ':app:packageDebug'.
[        ] Caching disabled for task ':app:packageDebug' because:
[        ]   Build cache is disabled
[        ]   Caching has been disabled for the task
[        ] Task ':app:packageDebug' is not up-to-date because:
[        ]   Input property 'assets' file /Users/florian/Code/substitution/build/app/intermediates/compressed_assets/debug/compressDebugAssets/out/assets/flutter_assets/kernel_blob.bin.jar has changed.
[        ] Resolve mutations for :app:createDebugApkListingFileRedirect (Thread[#44446,Execution worker Thread 4,5,main]) started.
[        ] :app:createDebugApkListingFileRedirect (Thread[#44446,Execution worker Thread 4,5,main]) started.
[        ] > Task :app:createDebugApkListingFileRedirect UP-TO-DATE
[        ] Caching disabled for task ':app:createDebugApkListingFileRedirect' because:
[        ]   Build cache is disabled
[        ]   Caching has been disabled for the task
[        ] Skipping task ':app:createDebugApkListingFileRedirect' as it is up-to-date.
[        ] Resolve mutations for :app:assembleDebug (Thread[#44446,Execution worker Thread 4,5,main]) started.
[        ] :app:assembleDebug (Thread[#44446,Execution worker Thread 4,5,main]) started.
[  +36 ms] > Task :app:assembleDebug
[        ] Caching disabled for task ':app:assembleDebug' because:
[        ]   Build cache is disabled
[        ] Task ':app:assembleDebug' is not up-to-date because:
[        ]   Task has not declared any outputs despite executing actions.
[        ] [Incubating] Problems report is available at: file:///Users/florian/Code/substitution/build/reports/problems/problems-report.html
[        ] Deprecated Gradle features were used in this build, making it incompatible with Gradle 9.0.
[        ] You can use '--warning-mode all' to show the individual deprecation warnings and determine if they come from your own scripts or plugins.
[        ] For more on this, please refer to https://docs.gradle.org/8.12.1/userguide/command_line_interface.html#sec:command_line_warnings in the Gradle documentation.
[        ] BUILD SUCCESSFUL in 10s
[        ] 458 actionable tasks: 29 executed, 429 up-to-date
[        ] Watched directory hierarchies: [/opt/homebrew/share/flutter/packages/flutter_tools/gradle, /Users/florian/Code/substitution/android]
[  +18 ms] Running Gradle task 'assembleDebug'... (completed in 10,5s)
[   +7 ms] Calculate SHA1: LocalDirectory: '/Users/florian/Code/substitution/build/app/outputs/flutter-apk'/app-debug.apk
[+1081 ms] ✓ Built build/app/outputs/flutter-apk/app-debug.apk
[   +1 ms] executing: /Users/florian/Library/Android/sdk/build-tools/36.1.0/aapt dump xmltree /Users/florian/Code/substitution/build/app/outputs/flutter-apk/app-debug.apk AndroidManifest.xml
[  +11 ms] Exit code 0 from: /Users/florian/Library/Android/sdk/build-tools/36.1.0/aapt dump xmltree /Users/florian/Code/substitution/build/app/outputs/flutter-apk/app-debug.apk AndroidManifest.xml
[        ] N: android=http://schemas.android.com/apk/res/android
             E: manifest (line=2)
               A: android:versionCode(0x0101021b)=(type 0x10)0x7
               A: android:versionName(0x0101021c)="1.0.0" (Raw: "1.0.0")
               A: android:compileSdkVersion(0x01010572)=(type 0x10)0x24
               A: android:compileSdkVersionCodename(0x01010573)="16" (Raw: "16")
               A: package="art.substitution.substitution" (Raw: "art.substitution.substitution")
               A: platformBuildVersionCode=(type 0x10)0x24
               A: platformBuildVersionName=(type 0x10)0x10
               E: uses-sdk (line=7)
                 A: android:minSdkVersion(0x0101020c)=(type 0x10)0x18
                 A: android:targetSdkVersion(0x01010270)=(type 0x10)0x22
               E: uses-permission (line=15)
                 A: android:name(0x01010003)="android.permission.INTERNET" (Raw: "android.permission.INTERNET")
               E: uses-permission (line=16)
                 A: android:name(0x01010003)="android.permission.ACCESS_NETWORK_STATE" (Raw: "android.permission.ACCESS_NETWORK_STATE")
               E: permission (line=18)
                 A: android:name(0x01010003)="art.substitution.substitution.DYNAMIC_RECEIVER_NOT_EXPORTED_PERMISSION" (Raw: "art.substitution.substitution.DYNAMIC_RECEIVER_NOT_EXPORTED_PERMISSION")
                 A: android:protectionLevel(0x01010009)=(type 0x11)0x2
               E: uses-permission (line=22)
                 A: android:name(0x01010003)="art.substitution.substitution.DYNAMIC_RECEIVER_NOT_EXPORTED_PERMISSION" (Raw: "art.substitution.substitution.DYNAMIC_RECEIVER_NOT_EXPORTED_PERMISSION")
               E: application (line=24)
                 A: android:label(0x01010001)="substitution" (Raw: "substitution")
                 A: android:icon(0x01010002)=@0x7f0c0000
                 A: android:name(0x01010003)="android.app.Application" (Raw: "android.app.Application")
                 A: android:debuggable(0x0101000f)=(type 0x12)0xffffffff
                 A: android:extractNativeLibs(0x010104ea)=(type 0x12)0x0
                 A: android:appComponentFactory(0x0101057a)="androidx.core.app.CoreComponentFactory" (Raw: "androidx.core.app.CoreComponentFactory")
                 E: activity (line=31)
                   A: android:theme(0x01010000)=@0x7f0e00a2
                   A: android:name(0x01010003)="art.substitution.substitution.MainActivity" (Raw: "art.substitution.substitution.MainActivity")
                   A: android:exported(0x01010010)=(type 0x12)0xffffffff
                   A: android:launchMode(0x0101001d)=(type 0x10)0x1
                   A: android:configChanges(0x0101001f)=(type 0x11)0x40003fb4
                   A: android:windowSoftInputMode(0x0101022b)=(type 0x11)0x10
                   A: android:hardwareAccelerated(0x010102d3)=(type 0x12)0xffffffff
                   E: meta-data (line=46)
                     A: android:name(0x01010003)="io.flutter.embedding.android.NormalTheme" (Raw: "io.flutter.embedding.android.NormalTheme")
                     A: android:resource(0x01010025)=@0x7f0e00a3
                   E: intent-filter (line=50)
                     E: action (line=51)
                       A: android:name(0x01010003)="android.intent.action.MAIN" (Raw: "android.intent.action.MAIN")
                     E: category (line=53)
                       A: android:name(0x01010003)="android.intent.category.LAUNCHER" (Raw: "android.intent.category.LAUNCHER")
                   E: intent-filter (line=56)
                     E: action (line=57)
                       A: android:name(0x01010003)="android.intent.action.VIEW" (Raw: "android.intent.action.VIEW")
                     E: category (line=59)
                       A: android:name(0x01010003)="android.intent.category.DEFAULT" (Raw: "android.intent.category.DEFAULT")
                     E: category (line=60)
                       A: android:name(0x01010003)="android.intent.category.BROWSABLE" (Raw: "android.intent.category.BROWSABLE")
                     E: data (line=62)
                       A: android:scheme(0x01010027)="substitution" (Raw: "substitution")
                       A: android:host(0x01010028)="auth" (Raw: "auth")
                       A: android:pathPrefix(0x0101002b)="/login-callback" (Raw: "/login-callback")
                 E: meta-data (line=72)
                   A: android:name(0x01010003)="flutterEmbedding" (Raw: "flutterEmbedding")
                   A: android:value(0x01010024)=(type 0x10)0x2
                 E: activity (line=76)
                   A: android:theme(0x01010000)=@0x01030007
                   A: android:name(0x01010003)="io.flutter.plugins.urllauncher.WebViewActivity" (Raw: "io.flutter.plugins.urllauncher.WebViewActivity")
                   A: android:exported(0x01010010)=(type 0x12)0x0
                 E: uses-library (line=81)
                   A: android:name(0x01010003)="androidx.window.extensions" (Raw: "androidx.window.extensions")
                   A: android:required(0x0101028e)=(type 0x12)0x0
                 E: uses-library (line=84)
                   A: android:name(0x01010003)="androidx.window.sidecar" (Raw: "androidx.window.sidecar")
                   A: android:required(0x0101028e)=(type 0x12)0x0
                 E: provider (line=88)
                   A: android:name(0x01010003)="androidx.startup.InitializationProvider" (Raw: "androidx.startup.InitializationProvider")
                   A: android:exported(0x01010010)=(type 0x12)0x0
                   A: android:authorities(0x01010018)="art.substitution.substitution.androidx-startup" (Raw: "art.substitution.substitution.androidx-startup")
                   E: meta-data (line=92)
                     A: android:name(0x01010003)="androidx.lifecycle.ProcessLifecycleInitializer" (Raw: "androidx.lifecycle.ProcessLifecycleInitializer")
                     A: android:value(0x01010024)="androidx.startup" (Raw: "androidx.startup")
                   E: meta-data (line=95)
                     A: android:name(0x01010003)="androidx.profileinstaller.ProfileInstallerInitializer" (Raw: "androidx.profileinstaller.ProfileInstallerInitializer")
                     A: android:value(0x01010024)="androidx.startup" (Raw: "androidx.startup")
                 E: receiver (line=100)
                   A: android:name(0x01010003)="androidx.profileinstaller.ProfileInstallReceiver" (Raw: "androidx.profileinstaller.ProfileInstallReceiver")
                   A: android:permission(0x01010006)="android.permission.DUMP" (Raw: "android.permission.DUMP")
                   A: android:enabled(0x0101000e)=(type 0x12)0xffffffff
                   A: android:exported(0x01010010)=(type 0x12)0xffffffff
                   A: android:directBootAware(0x01010505)=(type 0x12)0x0
                   E: intent-filter (line=106)
                     E: action (line=107)
                       A: android:name(0x01010003)="androidx.profileinstaller.action.INSTALL_PROFILE" (Raw: "androidx.profileinstaller.action.INSTALL_PROFILE")
                   E: intent-filter (line=109)
                     E: action (line=110)
                       A: android:name(0x01010003)="androidx.profileinstaller.action.SKIP_FILE" (Raw: "androidx.profileinstaller.action.SKIP_FILE")
                   E: intent-filter (line=112)
                     E: action (line=113)
                       A: android:name(0x01010003)="androidx.profileinstaller.action.SAVE_PROFILE" (Raw: "androidx.profileinstaller.action.SAVE_PROFILE")
                   E: intent-filter (line=115)
                     E: action (line=116)
                       A: android:name(0x01010003)="androidx.profileinstaller.action.BENCHMARK_OPERATION" (Raw: "androidx.profileinstaller.action.BENCHMARK_OPERATION")
[        ] Stopping app 'app-debug.apk' on sdk gphone64 arm64.
[        ] executing: /Users/florian/Library/Android/sdk/platform-tools/adb -s emulator-5554 shell am force-stop art.substitution.substitution
18:08 +12 -41: loading /Users/florian/Code/substitution/integration_test/room_permissions_test.dart                                                                                                    [  +22 ms] Installing APK.
[        ] Installing build/app/outputs/flutter-apk/app-debug.apk...
[        ] executing: /Users/florian/Library/Android/sdk/platform-tools/adb -s emulator-5554 install -t -r /Users/florian/Code/substitution/build/app/outputs/flutter-apk/app-debug.apk
[ +369 ms] Performing Streamed Install
           Success
[        ] Installing build/app/outputs/flutter-apk/app-debug.apk... (completed in 369ms)
[        ] executing: /Users/florian/Library/Android/sdk/platform-tools/adb -s emulator-5554 shell echo -n b97a321b23561803fe0d7011418432ba51134b9e > /data/local/tmp/sky.art.substitution.substitution.sha1
[  +24 ms] executing: /Users/florian/Library/Android/sdk/platform-tools/adb -s emulator-5554 shell -x logcat -v time -t 1
[  +78 ms] --------- beginning of system
           02-17 00:12:59.883 D/BackgroundInstallControlService(  668): Package event received: 0
[   +4 ms] executing: /Users/florian/Library/Android/sdk/platform-tools/adb -s emulator-5554 shell am start -a android.intent.action.MAIN -c android.intent.category.LAUNCHER -f 0x20000000 --ez enable-dart-profiling true --ez enable-checked-mode true --ez verify-entry-points true art.substitution.substitution/art.substitution.substitution.MainActivity
[ +170 ms] Starting: Intent { act=android.intent.action.MAIN cat=[android.intent.category.LAUNCHER] flg=0x20000000 cmp=art.substitution.substitution/.MainActivity (has extras) }
[        ] Waiting for VM Service port to be available...
18:09 +12 -41: loading /Users/florian/Code/substitution/integration_test/room_permissions_test.dart                                                                                                    18:10 +12 -41: loading /Users/florian/Code/substitution/integration_test/room_permissions_test.dart                                                                                                    [+1802 ms] VM Service URL on device: http://127.0.0.1:41705/4Xg8sATNr_c=/
[        ] executing: /Users/florian/Library/Android/sdk/platform-tools/adb -s emulator-5554 forward tcp:0 tcp:41705
[  +14 ms] 55807
[        ] Forwarded host port 55807 to device port 41705 for VM Service
[        ] test 18: Starting Dart Development Service
[        ] Launching a Dart Developer Service (DDS) instance at http://127.0.0.1:0, connecting to VM service at http://127.0.0.1:55807/4Xg8sATNr_c=/.
[ +191 ms] test 18: Dart Development Service started at http://127.0.0.1:55810/b4CGs_2N8yg=/, forwarding to VM service at http://127.0.0.1:55807/4Xg8sATNr_c=/.
[        ] test 18: Connecting to vm service
[        ] test 18: VM Service uri is available at http://127.0.0.1:55810/b4CGs_2N8yg=/
[   +3 ms] test 18: Finding the correct isolate with the integration test service extension
18:11 +12 -41: loading /Users/florian/Code/substitution/integration_test/room_permissions_test.dart                                                                                                    [  +89 ms] test 18: connected to test device, now awaiting test result
[        ] test 18: Waiting for test harness or tests to finish
18:11 +12 -41: loading /Users/florian/Code/substitution/integration_test/room_permissions_test.dart                                                                                                    
Warning: A tag was used that wasn't specified in dart_test.yaml.
  integration was used in the suite itself

18:11 +12 -41: /Users/florian/Code/substitution/integration_test/room_permissions_test.dart: Room Permissions Integration Test Create room, navigate to permissions, switch modes                      18:11 +13 -41: /Users/florian/Code/substitution/integration_test/room_permissions_test.dart: Room Permissions Integration Test Create room, navigate to permissions, switch modes                      18:11 +13 -41: /Users/florian/Code/substitution/integration_test/room_permissions_test.dart: (tearDownAll)                                                                                             [ +417 ms] test 18: Test harness is no longer needed by test process
[        ] test 18: finished
[        ] test 18: cleaning up...
[        ] test 18: ensuring test device is terminated.
[        ] executing: /Users/florian/Library/Android/sdk/platform-tools/adb -s emulator-5554 shell am force-stop art.substitution.substitution
[        ] test 18: Test process is no longer needed by test harness
[  +87 ms] executing: /Users/florian/Library/Android/sdk/platform-tools/adb -s emulator-5554 uninstall art.substitution.substitution
[  +87 ms] Success
[        ] test 18: deleting temporary directory
[        ] test 18: finished
18:11 +13 -41: loading /Users/florian/Code/substitution/integration_test/room_discovery_strict_test.dart                                                                                               [        ] test 19: starting test /Users/florian/Code/substitution/integration_test/room_discovery_strict_test.dart
[        ] Stopping scan for flutter_test_config.dart; found project root at /Users/florian/Code/substitution
[        ] test 19: starting test device
[        ] test 19: awaiting connection to test device
[        ] executing: /Users/florian/Library/Android/sdk/build-tools/36.1.0/aapt dump xmltree /Users/florian/Code/substitution/build/app/outputs/flutter-apk/app-debug.apk AndroidManifest.xml
[  +11 ms] Exit code 0 from: /Users/florian/Library/Android/sdk/build-tools/36.1.0/aapt dump xmltree /Users/florian/Code/substitution/build/app/outputs/flutter-apk/app-debug.apk AndroidManifest.xml
[        ] N: android=http://schemas.android.com/apk/res/android
             E: manifest (line=2)
               A: android:versionCode(0x0101021b)=(type 0x10)0x7
               A: android:versionName(0x0101021c)="1.0.0" (Raw: "1.0.0")
               A: android:compileSdkVersion(0x01010572)=(type 0x10)0x24
               A: android:compileSdkVersionCodename(0x01010573)="16" (Raw: "16")
               A: package="art.substitution.substitution" (Raw: "art.substitution.substitution")
               A: platformBuildVersionCode=(type 0x10)0x24
               A: platformBuildVersionName=(type 0x10)0x10
               E: uses-sdk (line=7)
                 A: android:minSdkVersion(0x0101020c)=(type 0x10)0x18
                 A: android:targetSdkVersion(0x01010270)=(type 0x10)0x22
               E: uses-permission (line=15)
                 A: android:name(0x01010003)="android.permission.INTERNET" (Raw: "android.permission.INTERNET")
               E: uses-permission (line=16)
                 A: android:name(0x01010003)="android.permission.ACCESS_NETWORK_STATE" (Raw: "android.permission.ACCESS_NETWORK_STATE")
               E: permission (line=18)
                 A: android:name(0x01010003)="art.substitution.substitution.DYNAMIC_RECEIVER_NOT_EXPORTED_PERMISSION" (Raw: "art.substitution.substitution.DYNAMIC_RECEIVER_NOT_EXPORTED_PERMISSION")
                 A: android:protectionLevel(0x01010009)=(type 0x11)0x2
               E: uses-permission (line=22)
                 A: android:name(0x01010003)="art.substitution.substitution.DYNAMIC_RECEIVER_NOT_EXPORTED_PERMISSION" (Raw: "art.substitution.substitution.DYNAMIC_RECEIVER_NOT_EXPORTED_PERMISSION")
               E: application (line=24)
                 A: android:label(0x01010001)="substitution" (Raw: "substitution")
                 A: android:icon(0x01010002)=@0x7f0c0000
                 A: android:name(0x01010003)="android.app.Application" (Raw: "android.app.Application")
                 A: android:debuggable(0x0101000f)=(type 0x12)0xffffffff
                 A: android:extractNativeLibs(0x010104ea)=(type 0x12)0x0
                 A: android:appComponentFactory(0x0101057a)="androidx.core.app.CoreComponentFactory" (Raw: "androidx.core.app.CoreComponentFactory")
                 E: activity (line=31)
                   A: android:theme(0x01010000)=@0x7f0e00a2
                   A: android:name(0x01010003)="art.substitution.substitution.MainActivity" (Raw: "art.substitution.substitution.MainActivity")
                   A: android:exported(0x01010010)=(type 0x12)0xffffffff
                   A: android:launchMode(0x0101001d)=(type 0x10)0x1
                   A: android:configChanges(0x0101001f)=(type 0x11)0x40003fb4
                   A: android:windowSoftInputMode(0x0101022b)=(type 0x11)0x10
                   A: android:hardwareAccelerated(0x010102d3)=(type 0x12)0xffffffff
                   E: meta-data (line=46)
                     A: android:name(0x01010003)="io.flutter.embedding.android.NormalTheme" (Raw: "io.flutter.embedding.android.NormalTheme")
                     A: android:resource(0x01010025)=@0x7f0e00a3
                   E: intent-filter (line=50)
                     E: action (line=51)
                       A: android:name(0x01010003)="android.intent.action.MAIN" (Raw: "android.intent.action.MAIN")
                     E: category (line=53)
                       A: android:name(0x01010003)="android.intent.category.LAUNCHER" (Raw: "android.intent.category.LAUNCHER")
                   E: intent-filter (line=56)
                     E: action (line=57)
                       A: android:name(0x01010003)="android.intent.action.VIEW" (Raw: "android.intent.action.VIEW")
                     E: category (line=59)
                       A: android:name(0x01010003)="android.intent.category.DEFAULT" (Raw: "android.intent.category.DEFAULT")
                     E: category (line=60)
                       A: android:name(0x01010003)="android.intent.category.BROWSABLE" (Raw: "android.intent.category.BROWSABLE")
                     E: data (line=62)
                       A: android:scheme(0x01010027)="substitution" (Raw: "substitution")
                       A: android:host(0x01010028)="auth" (Raw: "auth")
                       A: android:pathPrefix(0x0101002b)="/login-callback" (Raw: "/login-callback")
                 E: meta-data (line=72)
                   A: android:name(0x01010003)="flutterEmbedding" (Raw: "flutterEmbedding")
                   A: android:value(0x01010024)=(type 0x10)0x2
                 E: activity (line=76)
                   A: android:theme(0x01010000)=@0x01030007
                   A: android:name(0x01010003)="io.flutter.plugins.urllauncher.WebViewActivity" (Raw: "io.flutter.plugins.urllauncher.WebViewActivity")
                   A: android:exported(0x01010010)=(type 0x12)0x0
                 E: uses-library (line=81)
                   A: android:name(0x01010003)="androidx.window.extensions" (Raw: "androidx.window.extensions")
                   A: android:required(0x0101028e)=(type 0x12)0x0
                 E: uses-library (line=84)
                   A: android:name(0x01010003)="androidx.window.sidecar" (Raw: "androidx.window.sidecar")
                   A: android:required(0x0101028e)=(type 0x12)0x0
                 E: provider (line=88)
                   A: android:name(0x01010003)="androidx.startup.InitializationProvider" (Raw: "androidx.startup.InitializationProvider")
                   A: android:exported(0x01010010)=(type 0x12)0x0
                   A: android:authorities(0x01010018)="art.substitution.substitution.androidx-startup" (Raw: "art.substitution.substitution.androidx-startup")
                   E: meta-data (line=92)
                     A: android:name(0x01010003)="androidx.lifecycle.ProcessLifecycleInitializer" (Raw: "androidx.lifecycle.ProcessLifecycleInitializer")
                     A: android:value(0x01010024)="androidx.startup" (Raw: "androidx.startup")
                   E: meta-data (line=95)
                     A: android:name(0x01010003)="androidx.profileinstaller.ProfileInstallerInitializer" (Raw: "androidx.profileinstaller.ProfileInstallerInitializer")
                     A: android:value(0x01010024)="androidx.startup" (Raw: "androidx.startup")
                 E: receiver (line=100)
                   A: android:name(0x01010003)="androidx.profileinstaller.ProfileInstallReceiver" (Raw: "androidx.profileinstaller.ProfileInstallReceiver")
                   A: android:permission(0x01010006)="android.permission.DUMP" (Raw: "android.permission.DUMP")
                   A: android:enabled(0x0101000e)=(type 0x12)0xffffffff
                   A: android:exported(0x01010010)=(type 0x12)0xffffffff
                   A: android:directBootAware(0x01010505)=(type 0x12)0x0
                   E: intent-filter (line=106)
                     E: action (line=107)
                       A: android:name(0x01010003)="androidx.profileinstaller.action.INSTALL_PROFILE" (Raw: "androidx.profileinstaller.action.INSTALL_PROFILE")
                   E: intent-filter (line=109)
                     E: action (line=110)
                       A: android:name(0x01010003)="androidx.profileinstaller.action.SKIP_FILE" (Raw: "androidx.profileinstaller.action.SKIP_FILE")
                   E: intent-filter (line=112)
                     E: action (line=113)
                       A: android:name(0x01010003)="androidx.profileinstaller.action.SAVE_PROFILE" (Raw: "androidx.profileinstaller.action.SAVE_PROFILE")
                   E: intent-filter (line=115)
                     E: action (line=116)
                       A: android:name(0x01010003)="androidx.profileinstaller.action.BENCHMARK_OPERATION" (Raw: "androidx.profileinstaller.action.BENCHMARK_OPERATION")
[        ] Building APK
[        ] Version of Java is different than impacted version, no migration attempted.
[        ] CMake project not found, skipping support Android 15 16k page size migration.
[        ] Using gradle from /Users/florian/Code/substitution/android/gradlew.
[   +5 ms] LocalFile: '/Users/florian/Code/substitution/android/build.gradle' provides AGP version from classpath: 8.6.0
[   +7 ms] Running Gradle task 'assembleDebug'...
[        ] executing: [/Users/florian/Code/substitution/android/] /Users/florian/Code/substitution/android/gradlew --full-stacktrace --info -Pverbose=true -PskipDependencyChecks=true -Ptarget-platform=android-arm64 -Ptarget=/var/folders/l_/w8pnbb9d38n57pzg9j98fmy80000gn/T/flutter_tools.wuOse9/flutter_test_listener.aUZoMP/listener.dart -Pbase-application-name=android.app.Application -Pdart-defines=TUFUUklYX1NFUlZFUj1odHRwOi8vbG9jYWxob3N0OjgwMDg=,TUFUUklYX1RFU1RfVVNFUj0=,TUFUUklYX1RFU1RfUEFTU1dPUkQ9,RkxVVFRFUl9WRVJTSU9OPTMuMzguOQ==,RkxVVFRFUl9DSEFOTkVMPXN0YWJsZQ==,RkxVVFRFUl9HSVRfVVJMPWh0dHBzOi8vZ2l0aHViLmNvbS9mbHV0dGVyL2ZsdXR0ZXIuZ2l0,RkxVVFRFUl9GUkFNRVdPUktfUkVWSVNJT049NjczMjNkZTI4NQ==,RkxVVFRFUl9FTkdJTkVfUkVWSVNJT049NTg3YzE4Zjg3Mw==,RkxVVFRFUl9EQVJUX1ZFUlNJT049My4xMC44,SU5URUdSQVRJT05fVEVTVF9TSE9VTERfUkVQT1JUX1JFU1VMVFNfVE9fTkFUSVZFPWZhbHNl -Pdart-obfuscation=false -Ptrack-widget-creation=true -Ptree-shake-icons=false assembleDebug
[ +281 ms] Initialized native services in: /Users/florian/.gradle/native
[        ] Initialized jansi services in: /Users/florian/.gradle/native
18:12 +13 -41: loading /Users/florian/Code/substitution/integration_test/room_discovery_strict_test.dart                                                                                               [ +212 ms] The client will now receive all logging from the daemon (pid: 43439). The daemon log file: /Users/florian/.gradle/daemon/8.12.1/daemon-43439.out.log
[        ] Starting 112th build in daemon [uptime: 2 hrs 16 mins 1.277 secs, performance: 100%, GC rate: 0.00/s, heap usage: 0% of 4 GiB]
[        ] Using 32 worker leases.
[        ] Now considering [/Users/florian/Code/substitution/android, /opt/homebrew/share/flutter/packages/flutter_tools/gradle] as hierarchies to watch
[        ] Watching the file system is configured to be enabled if available
[        ] File system watching is active
[        ] Starting Build
[        ] Now considering [/opt/homebrew/share/flutter/packages/flutter_tools/gradle, /Users/florian/Code/substitution/android] as hierarchies to watch
[        ] > Configure project :gradle
[        ] Evaluating project ':gradle' using build file '/opt/homebrew/share/flutter/packages/flutter_tools/gradle/build.gradle.kts'.
[        ] Resolved plugin [id: 'org.gradle.java-gradle-plugin']
[        ] Resolved plugin [id: 'org.gradle.groovy']
[        ] Resolved plugin [id: 'org.gradle.kotlin.kotlin-dsl', version: '5.1.2']
[        ] Resolved plugin [id: 'org.jetbrains.kotlin.jvm', version: '1.9.20']
[        ] Using Kotlin Gradle Plugin gradle85 variant
[        ] kotlin scripting plugin: created the scripting discovery configuration: kotlinScriptDef
[        ] kotlin scripting plugin: created the scripting discovery configuration: testKotlinScriptDef
[        ] file or directory '/opt/homebrew/share/flutter/packages/flutter_tools/gradle/src/main/java', not found
[        ] Resolved plugin [id: 'dev.flutter.flutter-plugin-loader', version: '1.0.0']
[        ] Resolved plugin [id: 'com.android.application', version: '8.9.1', apply: false]
[        ] Resolved plugin [id: 'org.jetbrains.kotlin.android', version: '2.1.0', apply: false]
[        ] Resolve mutations for :gradle:checkKotlinGradlePluginConfigurationErrors (Thread[#44837,Execution worker,5,main]) started.
[        ] :gradle:checkKotlinGradlePluginConfigurationErrors (Thread[#44837,Execution worker,5,main]) started.
[        ] > Task :gradle:checkKotlinGradlePluginConfigurationErrors SKIPPED
[        ] Skipping task ':gradle:checkKotlinGradlePluginConfigurationErrors' as task onlyIf 'errorDiagnostics are present' is false.
[        ] Resolve mutations for :gradle:compileKotlin (Thread[#44837,Execution worker,5,main]) started.
[        ] :gradle:compileKotlin (Thread[#44837,Execution worker,5,main]) started.
[        ] > Task :gradle:compileKotlin UP-TO-DATE
[        ] Caching disabled for task ':gradle:compileKotlin' because:
[        ]   Build cache is disabled
[        ] Skipping task ':gradle:compileKotlin' as it is up-to-date.
[        ] Resolve mutations for :gradle:compileJava (Thread[#44837,Execution worker,5,main]) started.
[        ] :gradle:compileJava (Thread[#44837,Execution worker,5,main]) started.
[        ] > Task :gradle:compileJava NO-SOURCE
[        ] Skipping task ':gradle:compileJava' as it has no source files and no previous output files.
[        ] Resolve mutations for :gradle:compileGroovy (Thread[#44837,Execution worker,5,main]) started.
[        ] :gradle:compileGroovy (Thread[#44837,Execution worker,5,main]) started.
[        ] > Task :gradle:compileGroovy NO-SOURCE
[        ] Skipping task ':gradle:compileGroovy' as it has no source files and no previous output files.
[        ] Resolve mutations for :gradle:pluginDescriptors (Thread[#44837,Execution worker,5,main]) started.
[        ] :gradle:pluginDescriptors (Thread[#44837,Execution worker,5,main]) started.
[        ] > Task :gradle:pluginDescriptors UP-TO-DATE
[        ] Caching disabled for task ':gradle:pluginDescriptors' because:
[        ]   Build cache is disabled
[        ]   Not worth caching
[        ] Skipping task ':gradle:pluginDescriptors' as it is up-to-date.
[        ] Resolve mutations for :gradle:processResources (Thread[#44837,Execution worker,5,main]) started.
[        ] :gradle:processResources (Thread[#44837,Execution worker,5,main]) started.
[        ] > Task :gradle:processResources UP-TO-DATE
[        ] Caching disabled for task ':gradle:processResources' because:
[        ]   Build cache is disabled
[        ]   Not worth caching
[        ] Skipping task ':gradle:processResources' as it is up-to-date.
[        ] Resolve mutations for :gradle:classes (Thread[#44837,Execution worker,5,main]) started.
[        ] :gradle:classes (Thread[#44837,Execution worker,5,main]) started.
[        ] > Task :gradle:classes UP-TO-DATE
[        ] Skipping task ':gradle:classes' as it has no actions.
[        ] Resolve mutations for :gradle:jar (Thread[#44837,Execution worker,5,main]) started.
[        ] :gradle:jar (Thread[#44837,Execution worker,5,main]) started.
[        ] > Task :gradle:jar UP-TO-DATE
[        ] Caching disabled for task ':gradle:jar' because:
[        ]   Build cache is disabled
[        ]   Not worth caching
[        ] Skipping task ':gradle:jar' as it is up-to-date.
[        ] Settings evaluated using settings file '/Users/florian/Code/substitution/android/settings.gradle'.
[        ] Projects loaded. Root project using build file '/Users/florian/Code/substitution/android/build.gradle'.
[        ] Included projects: [root project 'android', project ':app', project ':connectivity_plus', project ':emoji_picker_flutter', project ':file_selector_android', project ':flutter_keyboard_visibility_temp_fork', project ':flutter_native_splash', project ':flutter_olm', project ':flutter_openssl_crypto', project ':integration_test', project ':path_provider_android', project ':quill_native_bridge_android', project ':shared_preferences_android', project ':sqflite_android', project ':url_launcher_android', project ':video_player_android']
[  +98 ms] > Configure project :app
[        ] Evaluating project ':app' using build file '/Users/florian/Code/substitution/android/app/build.gradle'.
[        ] Resolved plugin [id: 'com.android.application']
[        ] Resolved plugin [id: 'kotlin-android']
[        ] Resolved plugin [id: 'dev.flutter.flutter-gradle-plugin']
[        ] Using default execution profile
[        ] Using Kotlin Gradle Plugin gradle85 variant
[        ] C/C++: android.ndkVersion from module build.gradle is [28.2.13676358]
[        ] C/C++: android.ndkPath from module build.gradle is not set
[        ] C/C++: ndk.dir in local.properties is not set
[        ] C/C++: Not considering ANDROID_NDK_HOME because support was removed after deprecation period.
[        ] C/C++: sdkFolder is /Users/florian/Library/Android/sdk
[        ] C/C++: android.ndkVersion from module build.gradle is [28.2.13676358]
[        ] C/C++: android.ndkPath from module build.gradle is not set
[        ] C/C++: ndk.dir in local.properties is not set
[        ] C/C++: Not considering ANDROID_NDK_HOME because support was removed after deprecation period.
[        ] C/C++: sdkFolder is /Users/florian/Library/Android/sdk
[        ] C/C++: android.ndkVersion from module build.gradle is [28.2.13676358]
[        ] C/C++: android.ndkPath from module build.gradle is not set
[        ] C/C++: ndk.dir in local.properties is not set
[        ] C/C++: Not considering ANDROID_NDK_HOME because support was removed after deprecation period.
[        ] C/C++: sdkFolder is /Users/florian/Library/Android/sdk
[        ] C/C++: android.ndkVersion from module build.gradle is [28.2.13676358]
[        ] C/C++: android.ndkPath from module build.gradle is not set
[        ] C/C++: ndk.dir in local.properties is not set
[        ] C/C++: Not considering ANDROID_NDK_HOME because support was removed after deprecation period.
[        ] C/C++: sdkFolder is /Users/florian/Library/Android/sdk
[        ] C/C++: android.ndkVersion from module build.gradle is [28.2.13676358]
[        ] C/C++: android.ndkPath from module build.gradle is not set
[        ] C/C++: ndk.dir in local.properties is not set
[        ] C/C++: Not considering ANDROID_NDK_HOME because support was removed after deprecation period.
[        ] C/C++: sdkFolder is /Users/florian/Library/Android/sdk
[        ] C/C++: android.ndkVersion from module build.gradle is [28.2.13676358]
[        ] C/C++: android.ndkPath from module build.gradle is not set
[        ] C/C++: ndk.dir in local.properties is not set
[        ] C/C++: Not considering ANDROID_NDK_HOME because support was removed after deprecation period.
[        ] C/C++: sdkFolder is /Users/florian/Library/Android/sdk
[        ] C/C++: android.ndkVersion from module build.gradle is [28.2.13676358]
[        ] C/C++: android.ndkPath from module build.gradle is not set
[        ] C/C++: ndk.dir in local.properties is not set
[        ] C/C++: Not considering ANDROID_NDK_HOME because support was removed after deprecation period.
[        ] C/C++: sdkFolder is /Users/florian/Library/Android/sdk
[        ] C/C++: android.ndkVersion from module build.gradle is [28.2.13676358]
[        ] C/C++: android.ndkPath from module build.gradle is not set
[        ] C/C++: ndk.dir in local.properties is not set
[        ] C/C++: Not considering ANDROID_NDK_HOME because support was removed after deprecation period.
[        ] C/C++: sdkFolder is /Users/florian/Library/Android/sdk
[        ] C/C++: android.ndkVersion from module build.gradle is [28.2.13676358]
[        ] C/C++: android.ndkPath from module build.gradle is not set
[        ] C/C++: ndk.dir in local.properties is not set
[        ] C/C++: Not considering ANDROID_NDK_HOME because support was removed after deprecation period.
[        ] C/C++: sdkFolder is /Users/florian/Library/Android/sdk
[        ] C/C++: android.ndkVersion from module build.gradle is [28.2.13676358]
[        ] C/C++: android.ndkPath from module build.gradle is not set
[        ] C/C++: ndk.dir in local.properties is not set
[        ] C/C++: Not considering ANDROID_NDK_HOME because support was removed after deprecation period.
[        ] C/C++: sdkFolder is /Users/florian/Library/Android/sdk
[        ] C/C++: android.ndkVersion from module build.gradle is [28.2.13676358]
[        ] C/C++: android.ndkPath from module build.gradle is not set
[        ] C/C++: ndk.dir in local.properties is not set
[        ] C/C++: Not considering ANDROID_NDK_HOME because support was removed after deprecation period.
[        ] C/C++: sdkFolder is /Users/florian/Library/Android/sdk
[        ] C/C++: android.ndkVersion from module build.gradle is [28.2.13676358]
[        ] C/C++: android.ndkPath from module build.gradle is not set
[        ] C/C++: ndk.dir in local.properties is not set
[        ] C/C++: Not considering ANDROID_NDK_HOME because support was removed after deprecation period.
[        ] C/C++: sdkFolder is /Users/florian/Library/Android/sdk
[        ] C/C++: android.ndkVersion from module build.gradle is [28.2.13676358]
[        ] C/C++: android.ndkPath from module build.gradle is not set
[        ] C/C++: ndk.dir in local.properties is not set
[        ] C/C++: Not considering ANDROID_NDK_HOME because support was removed after deprecation period.
[        ] C/C++: sdkFolder is /Users/florian/Library/Android/sdk
[        ] C/C++: android.ndkVersion from module build.gradle is [28.2.13676358]
[        ] C/C++: android.ndkPath from module build.gradle is not set
[        ] C/C++: ndk.dir in local.properties is not set
[        ] C/C++: Not considering ANDROID_NDK_HOME because support was removed after deprecation period.
[        ] C/C++: sdkFolder is /Users/florian/Library/Android/sdk
[        ] C/C++: android.ndkVersion from module build.gradle is [28.2.13676358]
[        ] C/C++: android.ndkPath from module build.gradle is not set
[        ] C/C++: ndk.dir in local.properties is not set
[        ] C/C++: Not considering ANDROID_NDK_HOME because support was removed after deprecation period.
[        ] C/C++: sdkFolder is /Users/florian/Library/Android/sdk
[        ] C/C++: android.ndkVersion from module build.gradle is [28.2.13676358]
[        ] C/C++: android.ndkPath from module build.gradle is not set
[        ] C/C++: ndk.dir in local.properties is not set
[        ] C/C++: Not considering ANDROID_NDK_HOME because support was removed after deprecation period.
[        ] C/C++: sdkFolder is /Users/florian/Library/Android/sdk
[        ] C/C++: android.ndkVersion from module build.gradle is [28.2.13676358]
[        ] C/C++: android.ndkPath from module build.gradle is not set
[        ] C/C++: ndk.dir in local.properties is not set
[        ] C/C++: Not considering ANDROID_NDK_HOME because support was removed after deprecation period.
[        ] C/C++: sdkFolder is /Users/florian/Library/Android/sdk
[        ] C/C++: android.ndkVersion from module build.gradle is [28.2.13676358]
[        ] C/C++: android.ndkPath from module build.gradle is not set
[        ] C/C++: ndk.dir in local.properties is not set
[        ] C/C++: Not considering ANDROID_NDK_HOME because support was removed after deprecation period.
[        ] C/C++: sdkFolder is /Users/florian/Library/Android/sdk
[        ] C/C++: android.ndkVersion from module build.gradle is [28.2.13676358]
[        ] C/C++: android.ndkPath from module build.gradle is not set
[        ] C/C++: ndk.dir in local.properties is not set
[        ] C/C++: Not considering ANDROID_NDK_HOME because support was removed after deprecation period.
[        ] C/C++: sdkFolder is /Users/florian/Library/Android/sdk
[        ] > Configure project :
[        ] Evaluating root project 'android' using build file '/Users/florian/Code/substitution/android/build.gradle'.
[        ] > Configure project :connectivity_plus
[        ] Evaluating project ':connectivity_plus' using build file '/Users/florian/.pub-cache/hosted/pub.dev/connectivity_plus-5.0.2/android/build.gradle'.
[        ] Using default execution profile
[        ] > Configure project :emoji_picker_flutter
[        ] Evaluating project ':emoji_picker_flutter' using build file '/Users/florian/.pub-cache/hosted/pub.dev/emoji_picker_flutter-4.4.0/android/build.gradle'.
[        ] Using default execution profile
[        ] Using Kotlin Gradle Plugin gradle85 variant
[        ] > Configure project :file_selector_android
[        ] Evaluating project ':file_selector_android' using build file '/Users/florian/.pub-cache/hosted/pub.dev/file_selector_android-0.5.2+4/android/build.gradle'.
[        ] Using default execution profile
[  +93 ms] > Configure project :flutter_keyboard_visibility_temp_fork
[        ] Evaluating project ':flutter_keyboard_visibility_temp_fork' using build file '/Users/florian/.pub-cache/hosted/pub.dev/flutter_keyboard_visibility_temp_fork-0.1.5/android/build.gradle'.
[        ] Using default execution profile
[        ] > Configure project :flutter_native_splash
[        ] Evaluating project ':flutter_native_splash' using build file '/Users/florian/.pub-cache/hosted/pub.dev/flutter_native_splash-2.4.7/android/build.gradle'.
[        ] Using default execution profile
[        ] > Configure project :flutter_olm
[        ] Evaluating project ':flutter_olm' using build file '/Users/florian/.pub-cache/hosted/pub.dev/flutter_olm-2.0.0/android/build.gradle'.
[        ] Using default execution profile
[        ] Using Kotlin Gradle Plugin gradle85 variant
[        ] C/C++: android.ndkVersion from module build.gradle is [27.0.12077973]
[        ] C/C++: android.ndkPath from module build.gradle is not set
[        ] C/C++: ndk.dir in local.properties is not set
[        ] C/C++: Not considering ANDROID_NDK_HOME because support was removed after deprecation period.
[        ] C/C++: sdkFolder is /Users/florian/Library/Android/sdk
[        ] C/C++: android.ndkVersion from module build.gradle is [27.0.12077973]
[        ] C/C++: android.ndkPath from module build.gradle is not set
[        ] C/C++: ndk.dir in local.properties is not set
[        ] C/C++: Not considering ANDROID_NDK_HOME because support was removed after deprecation period.
[        ] C/C++: sdkFolder is /Users/florian/Library/Android/sdk
[        ] C/C++: android.ndkVersion from module build.gradle is [27.0.12077973]
[        ] C/C++: android.ndkPath from module build.gradle is not set
[        ] C/C++: ndk.dir in local.properties is not set
[        ] C/C++: Not considering ANDROID_NDK_HOME because support was removed after deprecation period.
[        ] C/C++: sdkFolder is /Users/florian/Library/Android/sdk
[        ] C/C++: android.ndkVersion from module build.gradle is [27.0.12077973]
[        ] C/C++: android.ndkPath from module build.gradle is not set
[        ] C/C++: ndk.dir in local.properties is not set
[        ] C/C++: Not considering ANDROID_NDK_HOME because support was removed after deprecation period.
[        ] C/C++: sdkFolder is /Users/florian/Library/Android/sdk
[        ] C/C++: android.ndkVersion from module build.gradle is [27.0.12077973]
[        ] C/C++: android.ndkPath from module build.gradle is not set
[        ] C/C++: ndk.dir in local.properties is not set
[        ] C/C++: Not considering ANDROID_NDK_HOME because support was removed after deprecation period.
[        ] C/C++: sdkFolder is /Users/florian/Library/Android/sdk
[        ] C/C++: android.ndkVersion from module build.gradle is [27.0.12077973]
[        ] C/C++: android.ndkPath from module build.gradle is not set
[        ] C/C++: ndk.dir in local.properties is not set
[        ] C/C++: Not considering ANDROID_NDK_HOME because support was removed after deprecation period.
[        ] C/C++: sdkFolder is /Users/florian/Library/Android/sdk
[        ] C/C++: android.ndkVersion from module build.gradle is [27.0.12077973]
[        ] C/C++: android.ndkPath from module build.gradle is not set
[        ] C/C++: ndk.dir in local.properties is not set
[        ] C/C++: Not considering ANDROID_NDK_HOME because support was removed after deprecation period.
[        ] C/C++: sdkFolder is /Users/florian/Library/Android/sdk
[        ] C/C++: android.ndkVersion from module build.gradle is [27.0.12077973]
[        ] C/C++: android.ndkPath from module build.gradle is not set
[        ] C/C++: ndk.dir in local.properties is not set
[        ] C/C++: Not considering ANDROID_NDK_HOME because support was removed after deprecation period.
[        ] C/C++: sdkFolder is /Users/florian/Library/Android/sdk
[        ] C/C++: android.ndkVersion from module build.gradle is [27.0.12077973]
[        ] C/C++: android.ndkPath from module build.gradle is not set
[        ] C/C++: ndk.dir in local.properties is not set
[        ] C/C++: Not considering ANDROID_NDK_HOME because support was removed after deprecation period.
[        ] C/C++: sdkFolder is /Users/florian/Library/Android/sdk
[        ] C/C++: android.ndkVersion from module build.gradle is [27.0.12077973]
[        ] C/C++: android.ndkPath from module build.gradle is not set
[        ] C/C++: ndk.dir in local.properties is not set
[        ] C/C++: Not considering ANDROID_NDK_HOME because support was removed after deprecation period.
[        ] C/C++: sdkFolder is /Users/florian/Library/Android/sdk
[        ] C/C++: android.ndkVersion from module build.gradle is [27.0.12077973]
[        ] C/C++: android.ndkPath from module build.gradle is not set
[        ] C/C++: ndk.dir in local.properties is not set
[        ] C/C++: Not considering ANDROID_NDK_HOME because support was removed after deprecation period.
[        ] C/C++: sdkFolder is /Users/florian/Library/Android/sdk
[        ] C/C++: android.ndkVersion from module build.gradle is [27.0.12077973]
[        ] C/C++: android.ndkPath from module build.gradle is not set
[        ] C/C++: ndk.dir in local.properties is not set
[        ] C/C++: Not considering ANDROID_NDK_HOME because support was removed after deprecation period.
[        ] C/C++: sdkFolder is /Users/florian/Library/Android/sdk
[        ] C/C++: android.ndkVersion from module build.gradle is [27.0.12077973]
[        ] C/C++: android.ndkPath from module build.gradle is not set
[        ] C/C++: ndk.dir in local.properties is not set
[        ] C/C++: Not considering ANDROID_NDK_HOME because support was removed after deprecation period.
[        ] C/C++: sdkFolder is /Users/florian/Library/Android/sdk
[        ] C/C++: android.ndkVersion from module build.gradle is [27.0.12077973]
[        ] C/C++: android.ndkPath from module build.gradle is not set
[        ] C/C++: ndk.dir in local.properties is not set
[        ] C/C++: Not considering ANDROID_NDK_HOME because support was removed after deprecation period.
[        ] C/C++: sdkFolder is /Users/florian/Library/Android/sdk
[        ] C/C++: android.ndkVersion from module build.gradle is [27.0.12077973]
[        ] C/C++: android.ndkPath from module build.gradle is not set
[        ] C/C++: ndk.dir in local.properties is not set
[        ] C/C++: Not considering ANDROID_NDK_HOME because support was removed after deprecation period.
[        ] C/C++: sdkFolder is /Users/florian/Library/Android/sdk
[        ] C/C++: android.ndkVersion from module build.gradle is [27.0.12077973]
[        ] C/C++: android.ndkPath from module build.gradle is not set
[        ] C/C++: ndk.dir in local.properties is not set
[        ] C/C++: Not considering ANDROID_NDK_HOME because support was removed after deprecation period.
[        ] C/C++: sdkFolder is /Users/florian/Library/Android/sdk
[        ] C/C++: android.ndkVersion from module build.gradle is [27.0.12077973]
[        ] C/C++: android.ndkPath from module build.gradle is not set
[        ] C/C++: ndk.dir in local.properties is not set
[        ] C/C++: Not considering ANDROID_NDK_HOME because support was removed after deprecation period.
[        ] C/C++: sdkFolder is /Users/florian/Library/Android/sdk
[        ] C/C++: android.ndkVersion from module build.gradle is [27.0.12077973]
[        ] C/C++: android.ndkPath from module build.gradle is not set
[        ] C/C++: ndk.dir in local.properties is not set
[        ] C/C++: Not considering ANDROID_NDK_HOME because support was removed after deprecation period.
[        ] C/C++: sdkFolder is /Users/florian/Library/Android/sdk
[        ] C/C++: android.ndkVersion from module build.gradle is [27.0.12077973]
[        ] C/C++: android.ndkPath from module build.gradle is not set
[        ] C/C++: ndk.dir in local.properties is not set
[        ] C/C++: Not considering ANDROID_NDK_HOME because support was removed after deprecation period.
[        ] C/C++: sdkFolder is /Users/florian/Library/Android/sdk
[        ] > Configure project :flutter_openssl_crypto
[        ] Evaluating project ':flutter_openssl_crypto' using build file '/Users/florian/.pub-cache/hosted/pub.dev/flutter_openssl_crypto-0.5.0/android/build.gradle'.
[        ] Using default execution profile
[        ] Using Kotlin Gradle Plugin gradle85 variant
[        ] C/C++: android.ndkVersion from module build.gradle is [27.0.12077973]
[        ] C/C++: android.ndkPath from module build.gradle is not set
[        ] C/C++: ndk.dir in local.properties is not set
[        ] C/C++: Not considering ANDROID_NDK_HOME because support was removed after deprecation period.
[        ] C/C++: sdkFolder is /Users/florian/Library/Android/sdk
[        ] C/C++: android.ndkVersion from module build.gradle is [27.0.12077973]
[        ] C/C++: android.ndkPath from module build.gradle is not set
[        ] C/C++: ndk.dir in local.properties is not set
[        ] C/C++: Not considering ANDROID_NDK_HOME because support was removed after deprecation period.
[        ] C/C++: sdkFolder is /Users/florian/Library/Android/sdk
[        ] C/C++: android.ndkVersion from module build.gradle is [27.0.12077973]
[        ] C/C++: android.ndkPath from module build.gradle is not set
[        ] C/C++: ndk.dir in local.properties is not set
[        ] C/C++: Not considering ANDROID_NDK_HOME because support was removed after deprecation period.
[        ] C/C++: sdkFolder is /Users/florian/Library/Android/sdk
[        ] C/C++: android.ndkVersion from module build.gradle is [27.0.12077973]
[        ] C/C++: android.ndkPath from module build.gradle is not set
[        ] C/C++: ndk.dir in local.properties is not set
[        ] C/C++: Not considering ANDROID_NDK_HOME because support was removed after deprecation period.
[        ] C/C++: sdkFolder is /Users/florian/Library/Android/sdk
[        ] C/C++: android.ndkVersion from module build.gradle is [27.0.12077973]
[        ] C/C++: android.ndkPath from module build.gradle is not set
[        ] C/C++: ndk.dir in local.properties is not set
[        ] C/C++: Not considering ANDROID_NDK_HOME because support was removed after deprecation period.
[        ] C/C++: sdkFolder is /Users/florian/Library/Android/sdk
[        ] C/C++: android.ndkVersion from module build.gradle is [27.0.12077973]
[        ] C/C++: android.ndkPath from module build.gradle is not set
[        ] C/C++: ndk.dir in local.properties is not set
[        ] C/C++: Not considering ANDROID_NDK_HOME because support was removed after deprecation period.
[        ] C/C++: sdkFolder is /Users/florian/Library/Android/sdk
[        ] C/C++: android.ndkVersion from module build.gradle is [27.0.12077973]
[        ] C/C++: android.ndkPath from module build.gradle is not set
[        ] C/C++: ndk.dir in local.properties is not set
[        ] C/C++: Not considering ANDROID_NDK_HOME because support was removed after deprecation period.
[        ] C/C++: sdkFolder is /Users/florian/Library/Android/sdk
[        ] C/C++: android.ndkVersion from module build.gradle is [27.0.12077973]
[        ] C/C++: android.ndkPath from module build.gradle is not set
[        ] C/C++: ndk.dir in local.properties is not set
[        ] C/C++: Not considering ANDROID_NDK_HOME because support was removed after deprecation period.
[        ] C/C++: sdkFolder is /Users/florian/Library/Android/sdk
[        ] C/C++: android.ndkVersion from module build.gradle is [27.0.12077973]
[        ] C/C++: android.ndkPath from module build.gradle is not set
[        ] C/C++: ndk.dir in local.properties is not set
[        ] C/C++: Not considering ANDROID_NDK_HOME because support was removed after deprecation period.
[        ] C/C++: sdkFolder is /Users/florian/Library/Android/sdk
[        ] C/C++: android.ndkVersion from module build.gradle is [27.0.12077973]
[        ] C/C++: android.ndkPath from module build.gradle is not set
[        ] C/C++: ndk.dir in local.properties is not set
[        ] C/C++: Not considering ANDROID_NDK_HOME because support was removed after deprecation period.
[        ] C/C++: sdkFolder is /Users/florian/Library/Android/sdk
[        ] C/C++: android.ndkVersion from module build.gradle is [27.0.12077973]
[        ] C/C++: android.ndkPath from module build.gradle is not set
[        ] C/C++: ndk.dir in local.properties is not set
[        ] C/C++: Not considering ANDROID_NDK_HOME because support was removed after deprecation period.
[        ] C/C++: sdkFolder is /Users/florian/Library/Android/sdk
[        ] C/C++: android.ndkVersion from module build.gradle is [27.0.12077973]
[        ] C/C++: android.ndkPath from module build.gradle is not set
[        ] C/C++: ndk.dir in local.properties is not set
[        ] C/C++: Not considering ANDROID_NDK_HOME because support was removed after deprecation period.
[        ] C/C++: sdkFolder is /Users/florian/Library/Android/sdk
[        ] C/C++: android.ndkVersion from module build.gradle is [27.0.12077973]
[        ] C/C++: android.ndkPath from module build.gradle is not set
[        ] C/C++: ndk.dir in local.properties is not set
[        ] C/C++: Not considering ANDROID_NDK_HOME because support was removed after deprecation period.
[        ] C/C++: sdkFolder is /Users/florian/Library/Android/sdk
[        ] C/C++: android.ndkVersion from module build.gradle is [27.0.12077973]
[        ] C/C++: android.ndkPath from module build.gradle is not set
[        ] C/C++: ndk.dir in local.properties is not set
[        ] C/C++: Not considering ANDROID_NDK_HOME because support was removed after deprecation period.
[        ] C/C++: sdkFolder is /Users/florian/Library/Android/sdk
[        ] C/C++: android.ndkVersion from module build.gradle is [27.0.12077973]
[        ] C/C++: android.ndkPath from module build.gradle is not set
[        ] C/C++: ndk.dir in local.properties is not set
[        ] C/C++: Not considering ANDROID_NDK_HOME because support was removed after deprecation period.
[        ] C/C++: sdkFolder is /Users/florian/Library/Android/sdk
[        ] C/C++: android.ndkVersion from module build.gradle is [27.0.12077973]
[        ] C/C++: android.ndkPath from module build.gradle is not set
[        ] C/C++: ndk.dir in local.properties is not set
[        ] C/C++: Not considering ANDROID_NDK_HOME because support was removed after deprecation period.
[        ] C/C++: sdkFolder is /Users/florian/Library/Android/sdk
[        ] C/C++: android.ndkVersion from module build.gradle is [27.0.12077973]
[        ] C/C++: android.ndkPath from module build.gradle is not set
[        ] C/C++: ndk.dir in local.properties is not set
[        ] C/C++: Not considering ANDROID_NDK_HOME because support was removed after deprecation period.
[        ] C/C++: sdkFolder is /Users/florian/Library/Android/sdk
[        ] C/C++: android.ndkVersion from module build.gradle is [27.0.12077973]
[        ] C/C++: android.ndkPath from module build.gradle is not set
[        ] C/C++: ndk.dir in local.properties is not set
[        ] C/C++: Not considering ANDROID_NDK_HOME because support was removed after deprecation period.
[        ] C/C++: sdkFolder is /Users/florian/Library/Android/sdk
[        ] C/C++: android.ndkVersion from module build.gradle is [27.0.12077973]
[        ] C/C++: android.ndkPath from module build.gradle is not set
[        ] C/C++: ndk.dir in local.properties is not set
[        ] C/C++: Not considering ANDROID_NDK_HOME because support was removed after deprecation period.
[        ] C/C++: sdkFolder is /Users/florian/Library/Android/sdk
[  +94 ms] > Configure project :integration_test
[        ] Evaluating project ':integration_test' using build file '/opt/homebrew/share/flutter/packages/integration_test/android/build.gradle.kts'.
[        ] Resolved plugin [id: 'com.android.library']
[        ] Using default execution profile
[        ] > Configure project :path_provider_android
[        ] Evaluating project ':path_provider_android' using build file '/Users/florian/.pub-cache/hosted/pub.dev/path_provider_android-2.2.22/android/build.gradle'.
[        ] Using default execution profile
[        ] > Configure project :quill_native_bridge_android
[        ] Evaluating project ':quill_native_bridge_android' using build file '/Users/florian/.pub-cache/hosted/pub.dev/quill_native_bridge_android-0.0.1+2/android/build.gradle'.
[        ] Using default execution profile
[        ] Using Kotlin Gradle Plugin gradle85 variant
[        ] > Configure project :shared_preferences_android
[        ] Evaluating project ':shared_preferences_android' using build file '/Users/florian/.pub-cache/hosted/pub.dev/shared_preferences_android-2.4.20/android/build.gradle'.
[        ] Using default execution profile
[        ] Using Kotlin Gradle Plugin gradle85 variant
[        ] > Configure project :sqflite_android
[        ] Evaluating project ':sqflite_android' using build file '/Users/florian/.pub-cache/hosted/pub.dev/sqflite_android-2.4.2+2/android/build.gradle'.
[        ] Using default execution profile
[        ] > Configure project :url_launcher_android
[        ] Evaluating project ':url_launcher_android' using build file '/Users/florian/.pub-cache/hosted/pub.dev/url_launcher_android-6.3.28/android/build.gradle'.
[        ] Using default execution profile
[  +97 ms] > Configure project :video_player_android
[        ] Evaluating project ':video_player_android' using build file '/Users/florian/.pub-cache/hosted/pub.dev/video_player_android-2.9.1/android/build.gradle'.
[        ] Using default execution profile
[        ] Using Kotlin Gradle Plugin gradle85 variant
[        ] All projects evaluated.
[        ] Task name matched 'assembleDebug'
[        ] Selected primary task 'assembleDebug' from project :
[        ] Adding -Xuse-inline-scopes-numbers Kotlin compiler flag for task :app:compileDebugKotlin
[   +2 ms] Tasks to be executed: [task ':app:preBuild', task ':app:preDebugBuild', task ':app:mergeDebugNativeDebugMetadata', task ':app:checkKotlinGradlePluginConfigurationErrors', task ':app:compileFlutterBuildDebug', task ':app:packJniLibsflutterBuildDebug', task ':connectivity_plus:preBuild', task ':connectivity_plus:preDebugBuild', task ':connectivity_plus:writeDebugAarMetadata', task ':emoji_picker_flutter:preBuild', task ':emoji_picker_flutter:preDebugBuild', task ':emoji_picker_flutter:writeDebugAarMetadata', task ':file_selector_android:preBuild', task ':file_selector_android:preDebugBuild', task ':file_selector_android:writeDebugAarMetadata', task ':flutter_keyboard_visibility_temp_fork:preBuild', task ':flutter_keyboard_visibility_temp_fork:preDebugBuild', task ':flutter_keyboard_visibility_temp_fork:writeDebugAarMetadata', task ':flutter_native_splash:preBuild', task ':flutter_native_splash:preDebugBuild', task ':flutter_native_splash:writeDebugAarMetadata', task ':flutter_olm:preBuild', task ':flutter_olm:preDebugBuild', task ':flutter_olm:writeDebugAarMetadata', task ':flutter_openssl_crypto:preBuild', task ':flutter_openssl_crypto:preDebugBuild', task ':flutter_openssl_crypto:writeDebugAarMetadata', task ':integration_test:preBuild', task ':integration_test:preDebugBuild', task ':integration_test:writeDebugAarMetadata', task ':path_provider_android:preBuild', task ':path_provider_android:preDebugBuild', task ':path_provider_android:writeDebugAarMetadata', task ':quill_native_bridge_android:preBuild', task ':quill_native_bridge_android:preDebugBuild', task ':quill_native_bridge_android:writeDebugAarMetadata', task ':shared_preferences_android:preBuild', task ':shared_preferences_android:preDebugBuild', task ':shared_preferences_android:writeDebugAarMetadata', task ':sqflite_android:preBuild', task ':sqflite_android:preDebugBuild', task ':sqflite_android:writeDebugAarMetadata', task ':url_launcher_android:preBuild', task ':url_launcher_android:preDebugBuild', task ':url_launcher_android:writeDebugAarMetadata', task ':video_player_android:preBuild', task ':video_player_android:preDebugBuild', task ':video_player_android:writeDebugAarMetadata', task ':app:checkDebugAarMetadata', task ':app:cleanMergeDebugAssets', task ':app:mergeDebugShaders', task ':app:compileDebugShaders', task ':app:generateDebugAssets', task ':connectivity_plus:mergeDebugShaders', task ':connectivity_plus:compileDebugShaders', task ':connectivity_plus:generateDebugAssets', task ':connectivity_plus:mergeDebugAssets', task ':emoji_picker_flutter:mergeDebugShaders', task ':emoji_picker_flutter:compileDebugShaders', task ':emoji_picker_flutter:generateDebugAssets', task ':emoji_picker_flutter:mergeDebugAssets', task ':file_selector_android:mergeDebugShaders', task ':file_selector_android:compileDebugShaders', task ':file_selector_android:generateDebugAssets', task ':file_selector_android:mergeDebugAssets', task ':flutter_keyboard_visibility_temp_fork:mergeDebugShaders', task ':flutter_keyboard_visibility_temp_fork:compileDebugShaders', task ':flutter_keyboard_visibility_temp_fork:generateDebugAssets', task ':flutter_keyboard_visibility_temp_fork:mergeDebugAssets', task ':flutter_native_splash:mergeDebugShaders', task ':flutter_native_splash:compileDebugShaders', task ':flutter_native_splash:generateDebugAssets', task ':flutter_native_splash:mergeDebugAssets', task ':flutter_olm:mergeDebugShaders', task ':flutter_olm:compileDebugShaders', task ':flutter_olm:generateDebugAssets', task ':flutter_olm:mergeDebugAssets', task ':flutter_openssl_crypto:mergeDebugShaders', task ':flutter_openssl_crypto:compileDebugShaders', task ':flutter_openssl_crypto:generateDebugAssets', task ':flutter_openssl_crypto:mergeDebugAssets', task ':integration_test:mergeDebugShaders', task ':integration_test:compileDebugShaders', task ':integration_test:generateDebugAssets', task ':integration_test:mergeDebugAssets', task ':path_provider_android:mergeDebugShaders', task ':path_provider_android:compileDebugShaders', task ':path_provider_android:generateDebugAssets', task ':path_provider_android:mergeDebugAssets', task ':quill_native_bridge_android:mergeDebugShaders', task ':quill_native_bridge_android:compileDebugShaders', task ':quill_native_bridge_android:generateDebugAssets', task ':quill_native_bridge_android:mergeDebugAssets', task ':shared_preferences_android:mergeDebugShaders', task ':shared_preferences_android:compileDebugShaders', task ':shared_preferences_android:generateDebugAssets', task ':shared_preferences_android:mergeDebugAssets', task ':sqflite_android:mergeDebugShaders', task ':sqflite_android:compileDebugShaders', task ':sqflite_android:generateDebugAssets', task ':sqflite_android:mergeDebugAssets', task ':url_launcher_android:mergeDebugShaders', task ':url_launcher_android:compileDebugShaders', task ':url_launcher_android:generateDebugAssets', task ':url_launcher_android:mergeDebugAssets', task ':video_player_android:mergeDebugShaders', task ':video_player_android:compileDebugShaders', task ':video_player_android:generateDebugAssets', task ':video_player_android:mergeDebugAssets', task ':app:mergeDebugAssets', task ':app:copyFlutterAssetsDebug', task ':app:generateDebugResValues', task ':connectivity_plus:generateDebugResValues', task ':connectivity_plus:generateDebugResources', task ':connectivity_plus:packageDebugResources', task ':emoji_picker_flutter:generateDebugResValues', task ':emoji_picker_flutter:generateDebugResources', task ':emoji_picker_flutter:packageDebugResources', task ':file_selector_android:generateDebugResValues', task ':file_selector_android:generateDebugResources', task ':file_selector_android:packageDebugResources', task ':flutter_keyboard_visibility_temp_fork:generateDebugResValues', task ':flutter_keyboard_visibility_temp_fork:generateDebugResources', task ':flutter_keyboard_visibility_temp_fork:packageDebugResources', task ':flutter_native_splash:generateDebugResValues', task ':flutter_native_splash:generateDebugResources', task ':flutter_native_splash:packageDebugResources', task ':flutter_olm:generateDebugResValues', task ':flutter_olm:generateDebugResources', task ':flutter_olm:packageDebugResources', task ':flutter_openssl_crypto:generateDebugResValues', task ':flutter_openssl_crypto:generateDebugResources', task ':flutter_openssl_crypto:packageDebugResources', task ':integration_test:generateDebugResValues', task ':integration_test:generateDebugResources', task ':integration_test:packageDebugResources', task ':path_provider_android:generateDebugResValues', task ':path_provider_android:generateDebugResources', task ':path_provider_android:packageDebugResources', task ':quill_native_bridge_android:generateDebugResValues', task ':quill_native_bridge_android:generateDebugResources', task ':quill_native_bridge_android:packageDebugResources', task ':shared_preferences_android:generateDebugResValues', task ':shared_preferences_android:generateDebugResources', task ':shared_preferences_android:packageDebugResources', task ':sqflite_android:generateDebugResValues', task ':sqflite_android:generateDebugResources', task ':sqflite_android:packageDebugResources', task ':url_launcher_android:generateDebugResValues', task ':url_launcher_android:generateDebugResources', task ':url_launcher_android:packageDebugResources', task ':video_player_android:generateDebugResValues', task ':video_player_android:generateDebugResources', task ':video_player_android:packageDebugResources', task ':app:mapDebugSourceSetPaths', task ':app:generateDebugResources', task ':app:mergeDebugResources', task ':app:packageDebugResources', task ':app:parseDebugLocalResources', task ':app:createDebugCompatibleScreenManifests', task ':app:extractDeepLinksDebug', task ':connectivity_plus:extractDeepLinksDebug', task ':connectivity_plus:processDebugManifest', task ':emoji_picker_flutter:extractDeepLinksDebug', task ':emoji_picker_flutter:processDebugManifest', task ':file_selector_android:extractDeepLinksDebug', task ':file_selector_android:processDebugManifest', task ':flutter_keyboard_visibility_temp_fork:extractDeepLinksDebug', task ':flutter_keyboard_visibility_temp_fork:processDebugManifest', task ':flutter_native_splash:extractDeepLinksDebug', task ':flutter_native_splash:processDebugManifest', task ':flutter_olm:extractDeepLinksDebug', task ':flutter_olm:processDebugManifest', task ':flutter_openssl_crypto:extractDeepLinksDebug', task ':flutter_openssl_crypto:processDebugManifest', task ':integration_test:extractDeepLinksDebug', task ':integration_test:processDebugManifest', task ':path_provider_android:extractDeepLinksDebug', task ':path_provider_android:processDebugManifest', task ':quill_native_bridge_android:extractDeepLinksDebug', task ':quill_native_bridge_android:processDebugManifest', task ':shared_preferences_android:extractDeepLinksDebug', task ':shared_preferences_android:processDebugManifest', task ':sqflite_android:extractDeepLinksDebug', task ':sqflite_android:processDebugManifest', task ':url_launcher_android:extractDeepLinksDebug', task ':url_launcher_android:processDebugManifest', task ':video_player_android:extractDeepLinksDebug', task ':video_player_android:processDebugManifest', task ':app:processDebugMainManifest', task ':app:outputDebugAppLinkSettings', task ':app:processDebugManifest', task ':app:processDebugManifestForPackage', task ':connectivity_plus:compileDebugLibraryResources', task ':connectivity_plus:parseDebugLocalResources', task ':connectivity_plus:generateDebugRFile', task ':emoji_picker_flutter:compileDebugLibraryResources', task ':emoji_picker_flutter:parseDebugLocalResources', task ':emoji_picker_flutter:generateDebugRFile', task ':file_selector_android:compileDebugLibraryResources', task ':file_selector_android:parseDebugLocalResources', task ':file_selector_android:generateDebugRFile', task ':flutter_keyboard_visibility_temp_fork:compileDebugLibraryResources', task ':flutter_keyboard_visibility_temp_fork:parseDebugLocalResources', task ':flutter_keyboard_visibility_temp_fork:generateDebugRFile', task ':flutter_native_splash:compileDebugLibraryResources', task ':flutter_native_splash:parseDebugLocalResources', task ':flutter_native_splash:generateDebugRFile', task ':flutter_olm:compileDebugLibraryResources', task ':flutter_olm:parseDebugLocalResources', task ':flutter_olm:generateDebugRFile', task ':flutter_openssl_crypto:compileDebugLibraryResources', task ':flutter_openssl_crypto:parseDebugLocalResources', task ':flutter_openssl_crypto:generateDebugRFile', task ':integration_test:compileDebugLibraryResources', task ':integration_test:parseDebugLocalResources', task ':integration_test:generateDebugRFile', task ':path_provider_android:compileDebugLibraryResources', task ':path_provider_android:parseDebugLocalResources', task ':path_provider_android:generateDebugRFile', task ':quill_native_bridge_android:compileDebugLibraryResources', task ':quill_native_bridge_android:parseDebugLocalResources', task ':quill_native_bridge_android:generateDebugRFile', task ':shared_preferences_android:compileDebugLibraryResources', task ':shared_preferences_android:parseDebugLocalResources', task ':shared_preferences_android:generateDebugRFile', task ':sqflite_android:compileDebugLibraryResources', task ':sqflite_android:parseDebugLocalResources', task ':sqflite_android:generateDebugRFile', task ':url_launcher_android:compileDebugLibraryResources', task ':url_launcher_android:parseDebugLocalResources', task ':url_launcher_android:generateDebugRFile', task ':video_player_android:compileDebugLibraryResources', task ':video_player_android:parseDebugLocalResources', task ':video_player_android:generateDebugRFile', task ':app:processDebugResources', task ':connectivity_plus:javaPreCompileDebug', task ':connectivity_plus:compileDebugJavaWithJavac', task ':connectivity_plus:bundleLibCompileToJarDebug', task ':emoji_picker_flutter:checkKotlinGradlePluginConfigurationErrors', task ':emoji_picker_flutter:compileDebugKotlin', task ':emoji_picker_flutter:javaPreCompileDebug', task ':emoji_picker_flutter:compileDebugJavaWithJavac', task ':emoji_picker_flutter:bundleLibCompileToJarDebug', task ':file_selector_android:javaPreCompileDebug', task ':file_selector_android:compileDebugJavaWithJavac', task ':file_selector_android:bundleLibCompileToJarDebug', task ':flutter_keyboard_visibility_temp_fork:javaPreCompileDebug', task ':flutter_keyboard_visibility_temp_fork:compileDebugJavaWithJavac', task ':flutter_keyboard_visibility_temp_fork:bundleLibCompileToJarDebug', task ':flutter_native_splash:javaPreCompileDebug', task ':flutter_native_splash:compileDebugJavaWithJavac', task ':flutter_native_splash:bundleLibCompileToJarDebug', task ':flutter_olm:checkKotlinGradlePluginConfigurationErrors', task ':flutter_olm:compileDebugKotlin', task ':flutter_olm:javaPreCompileDebug', task ':flutter_olm:compileDebugJavaWithJavac', task ':flutter_olm:bundleLibCompileToJarDebug', task ':flutter_openssl_crypto:checkKotlinGradlePluginConfigurationErrors', task ':flutter_openssl_crypto:compileDebugKotlin', task ':flutter_openssl_crypto:javaPreCompileDebug', task ':flutter_openssl_crypto:compileDebugJavaWithJavac', task ':flutter_openssl_crypto:bundleLibCompileToJarDebug', task ':integration_test:javaPreCompileDebug', task ':integration_test:compileDebugJavaWithJavac', task ':integration_test:bundleLibCompileToJarDebug', task ':path_provider_android:javaPreCompileDebug', task ':path_provider_android:compileDebugJavaWithJavac', task ':path_provider_android:bundleLibCompileToJarDebug', task ':quill_native_bridge_android:checkKotlinGradlePluginConfigurationErrors', task ':quill_native_bridge_android:compileDebugKotlin', task ':quill_native_bridge_android:javaPreCompileDebug', task ':quill_native_bridge_android:compileDebugJavaWithJavac', task ':quill_native_bridge_android:bundleLibCompileToJarDebug', task ':shared_preferences_android:checkKotlinGradlePluginConfigurationErrors', task ':shared_preferences_android:compileDebugKotlin', task ':shared_preferences_android:javaPreCompileDebug', task ':shared_preferences_android:compileDebugJavaWithJavac', task ':shared_preferences_android:bundleLibCompileToJarDebug', task ':sqflite_android:javaPreCompileDebug', task ':sqflite_android:compileDebugJavaWithJavac', task ':sqflite_android:bundleLibCompileToJarDebug', task ':url_launcher_android:generateDebugBuildConfig', task ':url_launcher_android:javaPreCompileDebug', task ':url_launcher_android:compileDebugJavaWithJavac', task ':url_launcher_android:bundleLibCompileToJarDebug', task ':video_player_android:checkKotlinGradlePluginConfigurationErrors', task ':video_player_android:compileDebugKotlin', task ':video_player_android:javaPreCompileDebug', task ':video_player_android:compileDebugJavaWithJavac', task ':video_player_android:bundleLibCompileToJarDebug', task ':app:compileDebugKotlin', task ':app:javaPreCompileDebug', task ':app:compileDebugJavaWithJavac', task ':app:compressDebugAssets', task ':app:processDebugJavaRes', task ':connectivity_plus:processDebugJavaRes', task ':emoji_picker_flutter:processDebugJavaRes', task ':file_selector_android:processDebugJavaRes', task ':flutter_keyboard_visibility_temp_fork:processDebugJavaRes', task ':flutter_native_splash:processDebugJavaRes', task ':flutter_olm:processDebugJavaRes', task ':flutter_openssl_crypto:processDebugJavaRes', task ':integration_test:processDebugJavaRes', task ':path_provider_android:processDebugJavaRes', task ':quill_native_bridge_android:processDebugJavaRes', task ':shared_preferences_android:processDebugJavaRes', task ':sqflite_android:processDebugJavaRes', task ':url_launcher_android:processDebugJavaRes', task ':video_player_android:processDebugJavaRes', task ':app:mergeDebugJavaResource', task ':app:checkDebugDuplicateClasses', task ':app:desugarDebugFileDependencies', task ':app:mergeExtDexDebug', task ':connectivity_plus:bundleLibRuntimeToDirDebug', task ':emoji_picker_flutter:bundleLibRuntimeToDirDebug', task ':file_selector_android:bundleLibRuntimeToDirDebug', task ':flutter_keyboard_visibility_temp_fork:bundleLibRuntimeToDirDebug', task ':flutter_native_splash:bundleLibRuntimeToDirDebug', task ':flutter_olm:bundleLibRuntimeToDirDebug', task ':flutter_openssl_crypto:bundleLibRuntimeToDirDebug', task ':integration_test:bundleLibRuntimeToDirDebug', task ':path_provider_android:bundleLibRuntimeToDirDebug', task ':quill_native_bridge_android:bundleLibRuntimeToDirDebug', task ':shared_preferences_android:bundleLibRuntimeToDirDebug', task ':sqflite_android:bundleLibRuntimeToDirDebug', task ':url_launcher_android:bundleLibRuntimeToDirDebug', task ':video_player_android:bundleLibRuntimeToDirDebug', task ':app:mergeLibDexDebug', task ':app:dexBuilderDebug', task ':app:mergeProjectDexDebug', task ':app:configureCMakeDebug[arm64-v8a]', task ':app:buildCMakeDebug[arm64-v8a]', task ':app:configureCMakeDebug[armeabi-v7a]', task ':app:buildCMakeDebug[armeabi-v7a]', task ':app:configureCMakeDebug[x86_64]', task ':app:buildCMakeDebug[x86_64]', task ':app:mergeDebugJniLibFolders', task ':connectivity_plus:mergeDebugJniLibFolders', task ':connectivity_plus:mergeDebugNativeLibs', task ':connectivity_plus:copyDebugJniLibsProjectOnly', task ':emoji_picker_flutter:mergeDebugJniLibFolders', task ':emoji_picker_flutter:mergeDebugNativeLibs', task ':emoji_picker_flutter:copyDebugJniLibsProjectOnly', task ':file_selector_android:mergeDebugJniLibFolders', task ':file_selector_android:mergeDebugNativeLibs', task ':file_selector_android:copyDebugJniLibsProjectOnly', task ':flutter_keyboard_visibility_temp_fork:mergeDebugJniLibFolders', task ':flutter_keyboard_visibility_temp_fork:mergeDebugNativeLibs', task ':flutter_keyboard_visibility_temp_fork:copyDebugJniLibsProjectOnly', task ':flutter_native_splash:mergeDebugJniLibFolders', task ':flutter_native_splash:mergeDebugNativeLibs', task ':flutter_native_splash:copyDebugJniLibsProjectOnly', task ':flutter_olm:preProfileBuild', task ':flutter_olm:configureCMakeDebug[arm64-v8a]', task ':flutter_olm:buildCMakeDebug[arm64-v8a]', task ':flutter_olm:configureCMakeDebug[armeabi-v7a]', task ':flutter_olm:buildCMakeDebug[armeabi-v7a]', task ':flutter_olm:configureCMakeDebug[x86]', task ':flutter_olm:buildCMakeDebug[x86]', task ':flutter_olm:configureCMakeDebug[x86_64]', task ':flutter_olm:buildCMakeDebug[x86_64]', task ':flutter_olm:mergeDebugJniLibFolders', task ':flutter_olm:mergeDebugNativeLibs', task ':flutter_olm:copyDebugJniLibsProjectOnly', task ':flutter_openssl_crypto:preProfileBuild', task ':flutter_openssl_crypto:configureCMakeDebug[arm64-v8a]', task ':flutter_openssl_crypto:buildCMakeDebug[arm64-v8a]', task ':flutter_openssl_crypto:configureCMakeDebug[armeabi-v7a]', task ':flutter_openssl_crypto:buildCMakeDebug[armeabi-v7a]', task ':flutter_openssl_crypto:configureCMakeDebug[x86]', task ':flutter_openssl_crypto:buildCMakeDebug[x86]', task ':flutter_openssl_crypto:configureCMakeDebug[x86_64]', task ':flutter_openssl_crypto:buildCMakeDebug[x86_64]', task ':flutter_openssl_crypto:mergeDebugJniLibFolders', task ':flutter_openssl_crypto:mergeDebugNativeLibs', task ':flutter_openssl_crypto:copyDebugJniLibsProjectOnly', task ':integration_test:mergeDebugJniLibFolders', task ':integration_test:mergeDebugNativeLibs', task ':integration_test:copyDebugJniLibsProjectOnly', task ':path_provider_android:mergeDebugJniLibFolders', task ':path_provider_android:mergeDebugNativeLibs', task ':path_provider_android:copyDebugJniLibsProjectOnly', task ':quill_native_bridge_android:mergeDebugJniLibFolders', task ':quill_native_bridge_android:mergeDebugNativeLibs', task ':quill_native_bridge_android:copyDebugJniLibsProjectOnly', task ':shared_preferences_android:mergeDebugJniLibFolders', task ':shared_preferences_android:mergeDebugNativeLibs', task ':shared_preferences_android:copyDebugJniLibsProjectOnly', task ':sqflite_android:mergeDebugJniLibFolders', task ':sqflite_android:mergeDebugNativeLibs', task ':sqflite_android:copyDebugJniLibsProjectOnly', task ':url_launcher_android:mergeDebugJniLibFolders', task ':url_launcher_android:mergeDebugNativeLibs', task ':url_launcher_android:copyDebugJniLibsProjectOnly', task ':video_player_android:mergeDebugJniLibFolders', task ':video_player_android:mergeDebugNativeLibs', task ':video_player_android:copyDebugJniLibsProjectOnly', task ':app:mergeDebugNativeLibs', task ':app:stripDebugDebugSymbols', task ':app:validateSigningDebug', task ':app:writeDebugAppMetadata', task ':app:writeDebugSigningConfigVersions', task ':app:packageDebug', task ':app:createDebugApkListingFileRedirect', task ':app:assembleDebug', task ':connectivity_plus:stripDebugDebugSymbols', task ':connectivity_plus:copyDebugJniLibsProjectAndLocalJars', task ':connectivity_plus:extractDebugAnnotations', task ':connectivity_plus:extractDeepLinksForAarDebug', task ':connectivity_plus:mergeDebugGeneratedProguardFiles', task ':connectivity_plus:mergeDebugConsumerProguardFiles', task ':connectivity_plus:prepareDebugArtProfile', task ':connectivity_plus:prepareLintJarForPublish', task ':connectivity_plus:mergeDebugJavaResource', task ':connectivity_plus:syncDebugLibJars', task ':connectivity_plus:bundleDebugAar', task ':connectivity_plus:assembleDebug', task ':emoji_picker_flutter:stripDebugDebugSymbols', task ':emoji_picker_flutter:copyDebugJniLibsProjectAndLocalJars', task ':emoji_picker_flutter:extractDebugAnnotations', task ':emoji_picker_flutter:extractDeepLinksForAarDebug', task ':emoji_picker_flutter:mergeDebugGeneratedProguardFiles', task ':emoji_picker_flutter:mergeDebugConsumerProguardFiles', task ':emoji_picker_flutter:prepareDebugArtProfile', task ':emoji_picker_flutter:prepareLintJarForPublish', task ':emoji_picker_flutter:mergeDebugJavaResource', task ':emoji_picker_flutter:syncDebugLibJars', task ':emoji_picker_flutter:bundleDebugAar', task ':emoji_picker_flutter:assembleDebug', task ':file_selector_android:stripDebugDebugSymbols', task ':file_selector_android:copyDebugJniLibsProjectAndLocalJars', task ':file_selector_android:extractDebugAnnotations', task ':file_selector_android:extractDeepLinksForAarDebug', task ':file_selector_android:mergeDebugGeneratedProguardFiles', task ':file_selector_android:mergeDebugConsumerProguardFiles', task ':file_selector_android:prepareDebugArtProfile', task ':file_selector_android:prepareLintJarForPublish', task ':file_selector_android:mergeDebugJavaResource', task ':file_selector_android:syncDebugLibJars', task ':file_selector_android:bundleDebugAar', task ':file_selector_android:assembleDebug', task ':flutter_keyboard_visibility_temp_fork:stripDebugDebugSymbols', task ':flutter_keyboard_visibility_temp_fork:copyDebugJniLibsProjectAndLocalJars', task ':flutter_keyboard_visibility_temp_fork:extractDebugAnnotations', task ':flutter_keyboard_visibility_temp_fork:extractDeepLinksForAarDebug', task ':flutter_keyboard_visibility_temp_fork:mergeDebugGeneratedProguardFiles', task ':flutter_keyboard_visibility_temp_fork:mergeDebugConsumerProguardFiles', task ':flutter_keyboard_visibility_temp_fork:prepareDebugArtProfile', task ':flutter_keyboard_visibility_temp_fork:prepareLintJarForPublish', task ':flutter_keyboard_visibility_temp_fork:mergeDebugJavaResource', task ':flutter_keyboard_visibility_temp_fork:syncDebugLibJars', task ':flutter_keyboard_visibility_temp_fork:bundleDebugAar', task ':flutter_keyboard_visibility_temp_fork:assembleDebug', task ':flutter_native_splash:stripDebugDebugSymbols', task ':flutter_native_splash:copyDebugJniLibsProjectAndLocalJars', task ':flutter_native_splash:extractDebugAnnotations', task ':flutter_native_splash:extractDeepLinksForAarDebug', task ':flutter_native_splash:mergeDebugGeneratedProguardFiles', task ':flutter_native_splash:mergeDebugConsumerProguardFiles', task ':flutter_native_splash:prepareDebugArtProfile', task ':flutter_native_splash:prepareLintJarForPublish', task ':flutter_native_splash:mergeDebugJavaResource', task ':flutter_native_splash:syncDebugLibJars', task ':flutter_native_splash:bundleDebugAar', task ':flutter_native_splash:assembleDebug', task ':flutter_olm:stripDebugDebugSymbols', task ':flutter_olm:copyDebugJniLibsProjectAndLocalJars', task ':flutter_olm:extractDebugAnnotations', task ':flutter_olm:extractDeepLinksForAarDebug', task ':flutter_olm:mergeDebugGeneratedProguardFiles', task ':flutter_olm:mergeDebugConsumerProguardFiles', task ':flutter_olm:prepareDebugArtProfile', task ':flutter_olm:prepareLintJarForPublish', task ':flutter_olm:mergeDebugJavaResource', task ':flutter_olm:syncDebugLibJars', task ':flutter_olm:bundleDebugAar', task ':flutter_olm:assembleDebug', task ':flutter_openssl_crypto:stripDebugDebugSymbols', task ':flutter_openssl_crypto:copyDebugJniLibsProjectAndLocalJars', task ':flutter_openssl_crypto:extractDebugAnnotations', task ':flutter_openssl_crypto:extractDeepLinksForAarDebug', task ':flutter_openssl_crypto:mergeDebugGeneratedProguardFiles', task ':flutter_openssl_crypto:mergeDebugConsumerProguardFiles', task ':flutter_openssl_crypto:prepareDebugArtProfile', task ':flutter_openssl_crypto:prepareLintJarForPublish', task ':flutter_openssl_crypto:mergeDebugJavaResource', task ':flutter_openssl_crypto:syncDebugLibJars', task ':flutter_openssl_crypto:bundleDebugAar', task ':flutter_openssl_crypto:assembleDebug', task ':integration_test:stripDebugDebugSymbols', task ':integration_test:copyDebugJniLibsProjectAndLocalJars', task ':integration_test:extractDebugAnnotations', task ':integration_test:extractDeepLinksForAarDebug', task ':integration_test:mergeDebugGeneratedProguardFiles', task ':integration_test:mergeDebugConsumerProguardFiles', task ':integration_test:prepareDebugArtProfile', task ':integration_test:prepareLintJarForPublish', task ':integration_test:mergeDebugJavaResource', task ':integration_test:syncDebugLibJars', task ':integration_test:bundleDebugAar', task ':integration_test:assembleDebug', task ':path_provider_android:stripDebugDebugSymbols', task ':path_provider_android:copyDebugJniLibsProjectAndLocalJars', task ':path_provider_android:extractDebugAnnotations', task ':path_provider_android:extractDeepLinksForAarDebug', task ':path_provider_android:mergeDebugGeneratedProguardFiles', task ':path_provider_android:mergeDebugConsumerProguardFiles', task ':path_provider_android:prepareDebugArtProfile', task ':path_provider_android:prepareLintJarForPublish', task ':path_provider_android:mergeDebugJavaResource', task ':path_provider_android:syncDebugLibJars', task ':path_provider_android:bundleDebugAar', task ':path_provider_android:assembleDebug', task ':quill_native_bridge_android:stripDebugDebugSymbols', task ':quill_native_bridge_android:copyDebugJniLibsProjectAndLocalJars', task ':quill_native_bridge_android:extractDebugAnnotations', task ':quill_native_bridge_android:extractDeepLinksForAarDebug', task ':quill_native_bridge_android:mergeDebugGeneratedProguardFiles', task ':quill_native_bridge_android:mergeDebugConsumerProguardFiles', task ':quill_native_bridge_android:prepareDebugArtProfile', task ':quill_native_bridge_android:prepareLintJarForPublish', task ':quill_native_bridge_android:mergeDebugJavaResource', task ':quill_native_bridge_android:syncDebugLibJars', task ':quill_native_bridge_android:bundleDebugAar', task ':quill_native_bridge_android:assembleDebug', task ':shared_preferences_android:stripDebugDebugSymbols', task ':shared_preferences_android:copyDebugJniLibsProjectAndLocalJars', task ':shared_preferences_android:extractDebugAnnotations', task ':shared_preferences_android:extractDeepLinksForAarDebug', task ':shared_preferences_android:mergeDebugGeneratedProguardFiles', task ':shared_preferences_android:mergeDebugConsumerProguardFiles', task ':shared_preferences_android:prepareDebugArtProfile', task ':shared_preferences_android:prepareLintJarForPublish', task ':shared_preferences_android:mergeDebugJavaResource', task ':shared_preferences_android:syncDebugLibJars', task ':shared_preferences_android:bundleDebugAar', task ':shared_preferences_android:assembleDebug', task ':sqflite_android:stripDebugDebugSymbols', task ':sqflite_android:copyDebugJniLibsProjectAndLocalJars', task ':sqflite_android:extractDebugAnnotations', task ':sqflite_android:extractDeepLinksForAarDebug', task ':sqflite_android:mergeDebugGeneratedProguardFiles', task ':sqflite_android:mergeDebugConsumerProguardFiles', task ':sqflite_android:prepareDebugArtProfile', task ':sqflite_android:prepareLintJarForPublish', task ':sqflite_android:mergeDebugJavaResource', task ':sqflite_android:syncDebugLibJars', task ':sqflite_android:bundleDebugAar', task ':sqflite_android:assembleDebug', task ':url_launcher_android:stripDebugDebugSymbols', task ':url_launcher_android:copyDebugJniLibsProjectAndLocalJars', task ':url_launcher_android:extractDebugAnnotations', task ':url_launcher_android:extractDeepLinksForAarDebug', task ':url_launcher_android:mergeDebugGeneratedProguardFiles', task ':url_launcher_android:mergeDebugConsumerProguardFiles', task ':url_launcher_android:prepareDebugArtProfile', task ':url_launcher_android:prepareLintJarForPublish', task ':url_launcher_android:mergeDebugJavaResource', task ':url_launcher_android:syncDebugLibJars', task ':url_launcher_android:bundleDebugAar', task ':url_launcher_android:assembleDebug', task ':video_player_android:stripDebugDebugSymbols', task ':video_player_android:copyDebugJniLibsProjectAndLocalJars', task ':video_player_android:extractDebugAnnotations', task ':video_player_android:extractDeepLinksForAarDebug', task ':video_player_android:mergeDebugGeneratedProguardFiles', task ':video_player_android:mergeDebugConsumerProguardFiles', task ':video_player_android:prepareDebugArtProfile', task ':video_player_android:prepareLintJarForPublish', task ':video_player_android:mergeDebugJavaResource', task ':video_player_android:syncDebugLibJars', task ':video_player_android:bundleDebugAar', task ':video_player_android:assembleDebug']
[        ] Tasks that were excluded: []
[        ] work action Parameters of ClassesDirToClassesTransform (Thread[#44838,Execution worker Thread 2,5,main]) started.
[        ] work action Parameters of DexingNoClasspathTransform (Thread[#44838,Execution worker Thread 2,5,main]) started.
[        ] Resolve mutations for :app:preBuild (Thread[#44838,Execution worker Thread 2,5,main]) started.
[        ] :app:preBuild (Thread[#44838,Execution worker Thread 2,5,main]) started.
[        ] > Task :app:preBuild UP-TO-DATE
[        ] Skipping task ':app:preBuild' as it has no actions.
[        ] Resolve mutations for :app:preDebugBuild (Thread[#44838,Execution worker Thread 2,5,main]) started.
[        ] :app:preDebugBuild (Thread[#44838,Execution worker Thread 2,5,main]) started.
[        ] > Task :app:preDebugBuild UP-TO-DATE
[        ] Skipping task ':app:preDebugBuild' as it has no actions.
[        ] Resolve mutations for :app:mergeDebugNativeDebugMetadata (Thread[#44838,Execution worker Thread 2,5,main]) started.
[        ] :app:mergeDebugNativeDebugMetadata (Thread[#44838,Execution worker Thread 2,5,main]) started.
[        ] > Task :app:mergeDebugNativeDebugMetadata NO-SOURCE
[        ] Skipping task ':app:mergeDebugNativeDebugMetadata' as it has no source files and no previous output files.
[        ] Resolve mutations for :app:checkKotlinGradlePluginConfigurationErrors (Thread[#44838,Execution worker Thread 2,5,main]) started.
[        ] :app:checkKotlinGradlePluginConfigurationErrors (Thread[#44838,Execution worker Thread 2,5,main]) started.
[        ] > Task :app:checkKotlinGradlePluginConfigurationErrors SKIPPED
[        ] Skipping task ':app:checkKotlinGradlePluginConfigurationErrors' as task onlyIf 'errorDiagnostics are present' is false.
[        ] Resolve mutations for :app:compileFlutterBuildDebug (Thread[#44838,Execution worker Thread 2,5,main]) started.
[        ] :app:compileFlutterBuildDebug (Thread[#44838,Execution worker Thread 2,5,main]) started.
18:13 +13 -41: loading /Users/florian/Code/substitution/integration_test/room_discovery_strict_test.dart                                                                                               18:14 +13 -41: loading /Users/florian/Code/substitution/integration_test/room_discovery_strict_test.dart                                                                                               [+2002 ms] > Task :app:compileFlutterBuildDebug
[        ] Caching disabled for task ':app:compileFlutterBuildDebug' because:
[        ]   Build cache is disabled
[        ]   Caching has not been enabled for the task
[        ] Task ':app:compileFlutterBuildDebug' is not up-to-date because:
[        ]   Value of input property 'targetPath' has changed for task ':app:compileFlutterBuildDebug'
[        ] Starting process 'command '/opt/homebrew/share/flutter/bin/flutter''. Working directory: /Users/florian/Code/substitution Command: /opt/homebrew/share/flutter/bin/flutter --verbose assemble --no-version-check --depfile /Users/florian/Code/substitution/build/app/intermediates/flutter/debug/flutter_build.d --output /Users/florian/Code/substitution/build/app/intermediates/flutter/debug -dTargetFile=/var/folders/l_/w8pnbb9d38n57pzg9j98fmy80000gn/T/flutter_tools.wuOse9/flutter_test_listener.aUZoMP/listener.dart -dTargetPlatform=android -dBuildMode=debug -dTrackWidgetCreation=true --DartDefines=TUFUUklYX1NFUlZFUj1odHRwOi8vbG9jYWxob3N0OjgwMDg=,TUFUUklYX1RFU1RfVVNFUj0=,TUFUUklYX1RFU1RfUEFTU1dPUkQ9,RkxVVFRFUl9WRVJTSU9OPTMuMzguOQ==,RkxVVFRFUl9DSEFOTkVMPXN0YWJsZQ==,RkxVVFRFUl9HSVRfVVJMPWh0dHBzOi8vZ2l0aHViLmNvbS9mbHV0dGVyL2ZsdXR0ZXIuZ2l0,RkxVVFRFUl9GUkFNRVdPUktfUkVWSVNJT049NjczMjNkZTI4NQ==,RkxVVFRFUl9FTkdJTkVfUkVWSVNJT049NTg3YzE4Zjg3Mw==,RkxVVFRFUl9EQVJUX1ZFUlNJT049My4xMC44,SU5URUdSQVRJT05fVEVTVF9TSE9VTERfUkVQT1JUX1JFU1VMVFNfVE9fTkFUSVZFPWZhbHNl -dFlavor= -dAndroidArchs=android-arm64 -dMinSdkVersion=24 debug_android_application
[        ] Successfully started process 'command '/opt/homebrew/share/flutter/bin/flutter''
[        ] [  +20 ms] executing: sysctl hw.optional.arm64
[        ] [   +3 ms] Exit code 0 from: sysctl hw.optional.arm64
[        ] [        ] hw.optional.arm64: 1
[        ] [   +4 ms] Artifact Instance of 'MaterialFonts' is not required, skipping update.
[        ] [        ] Artifact Instance of 'GradleWrapper' is not required, skipping update.
[        ] [        ] Artifact Instance of 'AndroidGenSnapshotArtifacts' is not required, skipping update.
[        ] [        ] Artifact Instance of 'AndroidInternalBuildArtifacts' is not required, skipping update.
[        ] [        ] Artifact Instance of 'IOSEngineArtifacts' is not required, skipping update.
[        ] [        ] Artifact Instance of 'FlutterWebSdk' is not required, skipping update.
[        ] [        ] Artifact Instance of 'LegacyCanvasKitRemover' is not required, skipping update.
[        ] [        ] Artifact Instance of 'FlutterSdk' is not required, skipping update.
[        ] [        ] Artifact Instance of 'WindowsEngineArtifacts' is not required, skipping update.
[        ] [        ] Artifact Instance of 'MacOSEngineArtifacts' is not required, skipping update.
[        ] [        ] Artifact Instance of 'LinuxEngineArtifacts' is not required, skipping update.
[        ] [        ] Artifact Instance of 'LinuxFuchsiaSDKArtifacts' is not required, skipping update.
[        ] [        ] Artifact Instance of 'MacOSFuchsiaSDKArtifacts' is not required, skipping update.
[        ] [        ] Artifact Instance of 'FlutterRunnerSDKArtifacts' is not required, skipping update.
[        ] [        ] Artifact Instance of 'FlutterRunnerDebugSymbols' is not required, skipping update.
[        ] [        ] Artifact Instance of 'IosUsbArtifacts' is not required, skipping update.
[        ] [        ] Artifact Instance of 'IosUsbArtifacts' is not required, skipping update.
[        ] [        ] Artifact Instance of 'IosUsbArtifacts' is not required, skipping update.
[        ] [        ] Artifact Instance of 'IosUsbArtifacts' is not required, skipping update.
[        ] [        ] Artifact Instance of 'IosUsbArtifacts' is not required, skipping update.
[        ] [        ] Artifact Instance of 'IosUsbArtifacts' is not required, skipping update.
[        ] [        ] Artifact Instance of 'FontSubsetArtifacts' is not required, skipping update.
[        ] [        ] Artifact Instance of 'PubDependencies' is not required, skipping update.
[        ] [   +3 ms] Artifact Instance of 'AndroidGenSnapshotArtifacts' is not required, skipping update.
[        ] [        ] Artifact Instance of 'AndroidInternalBuildArtifacts' is not required, skipping update.
[        ] [        ] Artifact Instance of 'IOSEngineArtifacts' is not required, skipping update.
[        ] [        ] Artifact Instance of 'FlutterWebSdk' is not required, skipping update.
[        ] [        ] Artifact Instance of 'FlutterEngineStamp' is not required, skipping update.
[        ] [        ] Artifact Instance of 'LegacyCanvasKitRemover' is not required, skipping update.
[        ] [        ] Artifact Instance of 'WindowsEngineArtifacts' is not required, skipping update.
[        ] [        ] Artifact Instance of 'MacOSEngineArtifacts' is not required, skipping update.
[        ] [        ] Artifact Instance of 'LinuxEngineArtifacts' is not required, skipping update.
[        ] [        ] Artifact Instance of 'LinuxFuchsiaSDKArtifacts' is not required, skipping update.
[        ] [        ] Artifact Instance of 'MacOSFuchsiaSDKArtifacts' is not required, skipping update.
[        ] [        ] Artifact Instance of 'FlutterRunnerSDKArtifacts' is not required, skipping update.
[        ] [        ] Artifact Instance of 'FlutterRunnerDebugSymbols' is not required, skipping update.
[        ] [  +23 ms] Artifact Instance of 'MaterialFonts' is not required, skipping update.
[        ] [        ] Artifact Instance of 'GradleWrapper' is not required, skipping update.
[        ] [        ] Artifact Instance of 'AndroidInternalBuildArtifacts' is not required, skipping update.
[        ] [        ] Artifact Instance of 'IOSEngineArtifacts' is not required, skipping update.
[        ] [        ] Artifact Instance of 'FlutterWebSdk' is not required, skipping update.
[        ] [        ] Artifact Instance of 'FlutterEngineStamp' is not required, skipping update.
[        ] [        ] Artifact Instance of 'LegacyCanvasKitRemover' is not required, skipping update.
[        ] [        ] Artifact Instance of 'FlutterSdk' is not required, skipping update.
[        ] [        ] Artifact Instance of 'WindowsEngineArtifacts' is not required, skipping update.
[        ] [        ] Artifact Instance of 'MacOSEngineArtifacts' is not required, skipping update.
[        ] [        ] Artifact Instance of 'LinuxEngineArtifacts' is not required, skipping update.
[        ] [        ] Artifact Instance of 'LinuxFuchsiaSDKArtifacts' is not required, skipping update.
[        ] [        ] Artifact Instance of 'MacOSFuchsiaSDKArtifacts' is not required, skipping update.
[        ] [        ] Artifact Instance of 'FlutterRunnerSDKArtifacts' is not required, skipping update.
[        ] [        ] Artifact Instance of 'FlutterRunnerDebugSymbols' is not required, skipping update.
[        ] [        ] Artifact Instance of 'IosUsbArtifacts' is not required, skipping update.
[        ] [        ] Artifact Instance of 'IosUsbArtifacts' is not required, skipping update.
[        ] [        ] Artifact Instance of 'IosUsbArtifacts' is not required, skipping update.
[        ] [        ] Artifact Instance of 'IosUsbArtifacts' is not required, skipping update.
[        ] [        ] Artifact Instance of 'IosUsbArtifacts' is not required, skipping update.
[        ] [        ] Artifact Instance of 'IosUsbArtifacts' is not required, skipping update.
[        ] [        ] Artifact Instance of 'FontSubsetArtifacts' is not required, skipping update.
[        ] [        ] Artifact Instance of 'PubDependencies' is not required, skipping update.
[        ] [  +22 ms] Initializing file store
[        ] [  +12 ms] dart_build: Starting due to {}
[        ] [        ] Skipping target: gen_localizations
[        ] [   +1 ms] gen_dart_plugin_registrant: Starting due to {InvalidatedReasonKind.outputSetAddition: The following outputs were added to the output set: /Users/florian/Code/substitution/.dart_tool/flutter_build/dart_plugin_registrant.dart, InvalidatedReasonKind.inputChanged: The following inputs have updated contents: /Users/florian/Code/substitution/.dart_tool/package_config.json}
[        ] [  +47 ms] Found plugin integration_test at /opt/homebrew/share/flutter/packages/integration_test/
[        ] [  +20 ms] Found plugin flutter_native_splash at /Users/florian/.pub-cache/hosted/pub.dev/flutter_native_splash-2.4.7/
[        ] [  +14 ms] Building native assets for android_arm64.
[        ] [  +24 ms] Found plugin connectivity_plus at /Users/florian/.pub-cache/hosted/pub.dev/connectivity_plus-5.0.2/
[        ] [   +5 ms] input.json contents:
[        ]            {
[        ]              "assets": {},
[        ]              "config": {
[        ]                "build_asset_types": [
[        ]                  "code_assets/code"
[        ]                ],
[        ]                "extensions": {
[        ]                  "code_assets": {
[        ]                    "android": {
[        ]                      "target_ndk_api": 24
[        ]                    },
[        ]                    "c_compiler": {
[        ]                      "ar": "/Users/florian/Library/Android/sdk/ndk/28.2.13676358/toolchains/llvm/prebuilt/darwin-x86_64/bin/llvm-ar",
[        ]                      "cc": "/Users/florian/Library/Android/sdk/ndk/28.2.13676358/toolchains/llvm/prebuilt/darwin-x86_64/bin/clang",
[        ]                      "ld": "/Users/florian/Library/Android/sdk/ndk/28.2.13676358/toolchains/llvm/prebuilt/darwin-x86_64/bin/ld.lld"
[        ]                    },
[        ]                    "link_mode_preference": "dynamic",
[        ]                    "target_architecture": "arm64",
[        ]                    "target_os": "android"
[        ]                  }
[        ]                },
[        ]                "linking_enabled": false
[        ]              },
[        ]              "out_dir_shared": "/Users/florian/Code/substitution/.dart_tool/hooks_runner/shared/objective_c/build/",
[        ]              "out_file": "/Users/florian/Code/substitution/.dart_tool/hooks_runner/objective_c/842b8c761140c2c0e73191c57a372e73/output.json",
[        ]              "package_name": "objective_c",
[        ]              "package_root": "/Users/florian/.pub-cache/hosted/pub.dev/objective_c-9.2.5/",
[        ]              "user_defines": {}
[        ]            }
[        ] [   +3 ms] output.json contents:
[        ]            {
[        ]              "assets_for_linking": {},
[        ]              "status": "success",
[        ]              "timestamp": "2026-02-16 21:57:23.000"
[        ]            }
[        ] [   +1 ms] Skipping build for objective_c in /Users/florian/Code/substitution/.dart_tool/hooks_runner/objective_c/842b8c761140c2c0e73191c57a372e73/. Last build on 2026-02-16 21:57:23.000.
[        ] [   +2 ms] Building native assets for android_arm64 done.
[        ] [   +1 ms] dart_build: Complete
[        ] [   +1 ms] install_code_assets: Starting due to {}
[        ] [   +1 ms] Writing native assets json to file:///Users/florian/Code/substitution/.dart_tool/flutter_build/faa29af945e9f6d859b3057bf5fe9b68/native_assets.json.
[        ] [   +1 ms] Found plugin video_player at /Users/florian/.pub-cache/hosted/pub.dev/video_player-2.10.1/
[        ] [        ] Writing /Users/florian/Code/substitution/.dart_tool/flutter_build/faa29af945e9f6d859b3057bf5fe9b68/native_assets.json done.
[        ] [        ] install_code_assets: Complete
[        ] [   +1 ms] Found plugin video_player_web at /Users/florian/.pub-cache/hosted/pub.dev/video_player_web-2.4.0/
[        ] [   +1 ms] Found plugin video_player_avfoundation at /Users/florian/.pub-cache/hosted/pub.dev/video_player_avfoundation-2.9.1/
[        ] [        ] Found plugin video_player_android at /Users/florian/.pub-cache/hosted/pub.dev/video_player_android-2.9.1/
[        ] [        ] Found plugin url_launcher at /Users/florian/.pub-cache/hosted/pub.dev/url_launcher-6.3.2/
[        ] [        ] Found plugin url_launcher_windows at /Users/florian/.pub-cache/hosted/pub.dev/url_launcher_windows-3.1.5/
[        ] [        ] Found plugin url_launcher_web at /Users/florian/.pub-cache/hosted/pub.dev/url_launcher_web-2.4.2/
[        ] [        ] Found plugin url_launcher_macos at /Users/florian/.pub-cache/hosted/pub.dev/url_launcher_macos-3.2.5/
[        ] [        ] Found plugin url_launcher_linux at /Users/florian/.pub-cache/hosted/pub.dev/url_launcher_linux-3.2.2/
[        ] [        ] Found plugin url_launcher_ios at /Users/florian/.pub-cache/hosted/pub.dev/url_launcher_ios-6.3.6/
[        ] [        ] Found plugin url_launcher_android at /Users/florian/.pub-cache/hosted/pub.dev/url_launcher_android-6.3.28/
[        ] [   +2 ms] Found plugin sqflite at /Users/florian/.pub-cache/hosted/pub.dev/sqflite-2.4.2/
[        ] [        ] Found plugin sqflite_darwin at /Users/florian/.pub-cache/hosted/pub.dev/sqflite_darwin-2.4.2/
[        ] [        ] Found plugin sqflite_android at /Users/florian/.pub-cache/hosted/pub.dev/sqflite_android-2.4.2+2/
[        ] [   +1 ms] Found plugin path_provider at /Users/florian/.pub-cache/hosted/pub.dev/path_provider-2.1.5/
[        ] [        ] Found plugin path_provider_windows at /Users/florian/.pub-cache/hosted/pub.dev/path_provider_windows-2.3.0/
[        ] [        ] Found plugin path_provider_linux at /Users/florian/.pub-cache/hosted/pub.dev/path_provider_linux-2.2.1/
[        ] [        ] Found plugin path_provider_foundation at /Users/florian/.pub-cache/hosted/pub.dev/path_provider_foundation-2.6.0/
[        ] [   +2 ms] Found plugin path_provider_android at /Users/florian/.pub-cache/hosted/pub.dev/path_provider_android-2.2.22/
[        ] [  +19 ms] Found plugin flutter_keyboard_visibility_temp_fork at /Users/florian/.pub-cache/hosted/pub.dev/flutter_keyboard_visibility_temp_fork-0.1.5/
[        ] [        ] Found plugin flutter_keyboard_visibility_windows at /Users/florian/.pub-cache/hosted/pub.dev/flutter_keyboard_visibility_windows-1.0.0/
[        ] [   +1 ms] Found plugin flutter_keyboard_visibility_macos at /Users/florian/.pub-cache/hosted/pub.dev/flutter_keyboard_visibility_macos-1.0.0/
[        ] [        ] Found plugin flutter_keyboard_visibility_linux at /Users/florian/.pub-cache/hosted/pub.dev/flutter_keyboard_visibility_linux-1.0.0/
[        ] [   +9 ms] Found plugin quill_native_bridge at /Users/florian/.pub-cache/hosted/pub.dev/quill_native_bridge-11.1.0/
[        ] [        ] Found plugin quill_native_bridge_windows at /Users/florian/.pub-cache/hosted/pub.dev/quill_native_bridge_windows-0.0.2/
[        ] [  +13 ms] Found plugin file_selector_windows at /Users/florian/.pub-cache/hosted/pub.dev/file_selector_windows-0.9.3+5/
[        ] [   +2 ms] Found plugin quill_native_bridge_web at /Users/florian/.pub-cache/hosted/pub.dev/quill_native_bridge_web-0.0.2/
[        ] [        ] Found plugin quill_native_bridge_macos at /Users/florian/.pub-cache/hosted/pub.dev/quill_native_bridge_macos-0.0.1/
[        ] [        ] Found plugin quill_native_bridge_ios at /Users/florian/.pub-cache/hosted/pub.dev/quill_native_bridge_ios-0.0.1/
[        ] [        ] Found plugin quill_native_bridge_android at /Users/florian/.pub-cache/hosted/pub.dev/quill_native_bridge_android-0.0.1+2/
[        ] [   +4 ms] Found plugin flutter_openssl_crypto at /Users/florian/.pub-cache/hosted/pub.dev/flutter_openssl_crypto-0.5.0/
[        ] [        ] Found plugin flutter_olm at /Users/florian/.pub-cache/hosted/pub.dev/flutter_olm-2.0.0/
[        ] [   +2 ms] Found plugin file_selector at /Users/florian/.pub-cache/hosted/pub.dev/file_selector-1.1.0/
[        ] [        ] Found plugin file_selector_web at /Users/florian/.pub-cache/hosted/pub.dev/file_selector_web-0.9.4+2/
[        ] [        ] Found plugin file_selector_macos at /Users/florian/.pub-cache/hosted/pub.dev/file_selector_macos-0.9.5/
[        ] [        ] Found plugin file_selector_linux at /Users/florian/.pub-cache/hosted/pub.dev/file_selector_linux-0.9.4/
[        ] [        ] Found plugin file_selector_ios at /Users/florian/.pub-cache/hosted/pub.dev/file_selector_ios-0.5.3+5/
[        ] [        ] Found plugin file_selector_android at /Users/florian/.pub-cache/hosted/pub.dev/file_selector_android-0.5.2+4/
[        ] [   +1 ms] Found plugin emoji_picker_flutter at /Users/florian/.pub-cache/hosted/pub.dev/emoji_picker_flutter-4.4.0/
[        ] [   +1 ms] Found plugin shared_preferences at /Users/florian/.pub-cache/hosted/pub.dev/shared_preferences-2.5.4/
[        ] [   +1 ms] Found plugin shared_preferences_windows at /Users/florian/.pub-cache/hosted/pub.dev/shared_preferences_windows-2.4.1/
[        ] [   +1 ms] Found plugin shared_preferences_web at /Users/florian/.pub-cache/hosted/pub.dev/shared_preferences_web-2.4.3/
[        ] [   +1 ms] Found plugin shared_preferences_linux at /Users/florian/.pub-cache/hosted/pub.dev/shared_preferences_linux-2.4.1/
[        ] [   +1 ms] Found plugin shared_preferences_foundation at /Users/florian/.pub-cache/hosted/pub.dev/shared_preferences_foundation-2.5.6/
[        ] [        ] Found plugin shared_preferences_android at /Users/florian/.pub-cache/hosted/pub.dev/shared_preferences_android-2.4.20/
[        ] [  +16 ms] Skipping generating dart_plugin_registrant.dart because it is up-to-date.
[        ] [        ] gen_dart_plugin_registrant: Complete
[        ] [   +1 ms] kernel_snapshot_program: Starting due to {}
[        ] [   +6 ms] /opt/homebrew/share/flutter/bin/cache/dart-sdk/bin/dartaotruntime /opt/homebrew/share/flutter/bin/cache/dart-sdk/bin/snapshots/frontend_server_aot.dart.snapshot --sdk-root /opt/homebrew/share/flutter/bin/cache/artifacts/engine/common/flutter_patched_sdk/ --target=flutter --no-print-incremental-dependencies -DMATRIX_SERVER=http://localhost:8008 -DMATRIX_TEST_USER= -DMATRIX_TEST_PASSWORD= -DFLUTTER_VERSION=3.38.9 -DFLUTTER_CHANNEL=stable -DFLUTTER_GIT_URL=https://github.com/flutter/flutter.git -DFLUTTER_FRAMEWORK_REVISION=67323de285 -DFLUTTER_ENGINE_REVISION=587c18f873 -DFLUTTER_DART_VERSION=3.10.8 -DINTEGRATION_TEST_SHOULD_REPORT_RESULTS_TO_NATIVE=false -DFLUTTER_APP_FLAVOR= -Ddart.vm.profile=false -Ddart.vm.product=false --enable-asserts --track-widget-creation --no-link-platform --packages /Users/florian/Code/substitution/.dart_tool/package_config.json --output-dill /Users/florian/Code/substitution/.dart_tool/flutter_build/faa29af945e9f6d859b3057bf5fe9b68/app.dill --depfile /Users/florian/Code/substitution/.dart_tool/flutter_build/faa29af945e9f6d859b3057bf5fe9b68/kernel_snapshot_program.d --incremental --initialize-from-dill /Users/florian/Code/substitution/.dart_tool/flutter_build/faa29af945e9f6d859b3057bf5fe9b68/app.dill --source file:///Users/florian/Code/substitution/.dart_tool/flutter_build/dart_plugin_registrant.dart --source package:flutter/src/dart_plugin_registrant.dart -Dflutter.dart_plugin_registrant=file:///Users/florian/Code/substitution/.dart_tool/flutter_build/dart_plugin_registrant.dart --verbosity=error file:///var/folders/l_/w8pnbb9d38n57pzg9j98fmy80000gn/T/flutter_tools.wuOse9/flutter_test_listener.aUZoMP/listener.dart
18:15 +13 -41: loading /Users/florian/Code/substitution/integration_test/room_discovery_strict_test.dart                                                                                               18:16 +13 -41: loading /Users/florian/Code/substitution/integration_test/room_discovery_strict_test.dart                                                                                               18:17 +13 -41: loading /Users/florian/Code/substitution/integration_test/room_discovery_strict_test.dart                                                                                               18:18 +13 -41: loading /Users/florian/Code/substitution/integration_test/room_discovery_strict_test.dart                                                                                               18:19 +13 -41: loading /Users/florian/Code/substitution/integration_test/room_discovery_strict_test.dart                                                                                               [+5392 ms] [+6883 ms] kernel_snapshot_program: Complete
18:20 +13 -41: loading /Users/florian/Code/substitution/integration_test/room_discovery_strict_test.dart                                                                                               18:21 +13 -41: loading /Users/florian/Code/substitution/integration_test/room_discovery_strict_test.dart                                                                                               [+1102 ms] [+1072 ms] debug_android_application: Starting due to {}
[ +105 ms] [ +104 ms] Manifest contained wildcard assets. Inserting missing file into build graph to force rerun. for more information see #56466.
[        ] [   +3 ms] shaderc command: [/opt/homebrew/share/flutter/bin/cache/artifacts/engine/darwin-x64/impellerc, --sksl, --runtime-stage-gles, --runtime-stage-gles3, --runtime-stage-vulkan, --iplr, --sl=/Users/florian/Code/substitution/build/app/intermediates/flutter/debug/flutter_assets/shaders/ink_sparkle.frag, --spirv=/Users/florian/Code/substitution/build/app/intermediates/flutter/debug/flutter_assets/shaders/ink_sparkle.frag.spirv, --input=/opt/homebrew/share/flutter/packages/flutter/lib/src/material/shaders/ink_sparkle.frag, --input-type=frag, --include=/opt/homebrew/share/flutter/packages/flutter/lib/src/material/shaders, --include=/opt/homebrew/share/flutter/bin/cache/artifacts/engine/darwin-x64/shader_lib]
[        ] [        ] shaderc command: [/opt/homebrew/share/flutter/bin/cache/artifacts/engine/darwin-x64/impellerc, --sksl, --runtime-stage-gles, --runtime-stage-gles3, --runtime-stage-vulkan, --iplr, --sl=/Users/florian/Code/substitution/build/app/intermediates/flutter/debug/flutter_assets/shaders/stretch_effect.frag, --spirv=/Users/florian/Code/substitution/build/app/intermediates/flutter/debug/flutter_assets/shaders/stretch_effect.frag.spirv, --input=/opt/homebrew/share/flutter/packages/flutter/lib/src/material/shaders/stretch_effect.frag, --input-type=frag, --include=/opt/homebrew/share/flutter/packages/flutter/lib/src/material/shaders, --include=/opt/homebrew/share/flutter/bin/cache/artifacts/engine/darwin-x64/shader_lib]
[ +302 ms] [ +333 ms] debug_android_application: Complete
18:22 +13 -41: loading /Users/florian/Code/substitution/integration_test/room_discovery_strict_test.dart                                                                                               [ +899 ms] [ +934 ms] Persisting file store
[        ] [   +7 ms] Done persisting file store
[  +90 ms] [  +15 ms] build succeeded.
[        ] [   +3 ms] "flutter assemble" took 9.663ms.
[        ] [   +2 ms] executing: sw_vers -productName
[        ] [   +9 ms] Exit code 0 from: sw_vers -productName
[        ] [        ] macOS
[        ] [        ] executing: sw_vers -productVersion
[        ] [   +8 ms] Exit code 0 from: sw_vers -productVersion
[        ] [        ] 26.1
[        ] [        ] executing: sw_vers -buildVersion
[        ] [   +7 ms] Exit code 0 from: sw_vers -buildVersion
[        ] [        ] 25B78
[        ] [        ] executing: uname -m
[        ] [   +3 ms] Exit code 0 from: uname -m
[        ] [        ] arm64
[        ] [  +20 ms] Running 1 shutdown hook
[        ] [        ] Shutdown hooks complete
[ +103 ms] [  +52 ms] exiting with code 0
[ +100 ms] Resolve mutations for :app:packJniLibsflutterBuildDebug (Thread[#44838,Execution worker Thread 2,5,main]) started.
[        ] :app:packJniLibsflutterBuildDebug (Thread[#44838,Execution worker Thread 2,5,main]) started.
[        ] > Task :app:packJniLibsflutterBuildDebug UP-TO-DATE
[        ] Caching disabled for task ':app:packJniLibsflutterBuildDebug' because:
[        ]   Build cache is disabled
[        ]   Not worth caching
[        ] Skipping task ':app:packJniLibsflutterBuildDebug' as it is up-to-date.
[        ] Resolve mutations for :connectivity_plus:preBuild (Thread[#44838,Execution worker Thread 2,5,main]) started.
[        ] :connectivity_plus:preBuild (Thread[#44838,Execution worker Thread 2,5,main]) started.
[        ] > Task :connectivity_plus:preBuild UP-TO-DATE
[        ] Skipping task ':connectivity_plus:preBuild' as it has no actions.
[        ] Resolve mutations for :connectivity_plus:preDebugBuild (Thread[#44838,Execution worker Thread 2,5,main]) started.
[        ] :connectivity_plus:preDebugBuild (Thread[#44862,Execution worker Thread 25,5,main]) started.
[        ] > Task :connectivity_plus:preDebugBuild UP-TO-DATE
[        ] Skipping task ':connectivity_plus:preDebugBuild' as it has no actions.
[        ] Resolve mutations for :connectivity_plus:writeDebugAarMetadata (Thread[#44862,Execution worker Thread 25,5,main]) started.
[        ] :connectivity_plus:writeDebugAarMetadata (Thread[#44862,Execution worker Thread 25,5,main]) started.
[        ] > Task :connectivity_plus:writeDebugAarMetadata UP-TO-DATE
[        ] Caching disabled for task ':connectivity_plus:writeDebugAarMetadata' because:
[        ]   Build cache is disabled
[        ]   Caching has been disabled for the task
[        ] Skipping task ':connectivity_plus:writeDebugAarMetadata' as it is up-to-date.
[        ] work action resolve aar-metadata.properties (project :connectivity_plus) (Thread[#44862,Execution worker Thread 25,5,main]) started.
[        ] Resolve mutations for :emoji_picker_flutter:preBuild (Thread[#44862,Execution worker Thread 25,5,main]) started.
[        ] :emoji_picker_flutter:preBuild (Thread[#44862,Execution worker Thread 25,5,main]) started.
[        ] > Task :emoji_picker_flutter:preBuild UP-TO-DATE
[        ] Skipping task ':emoji_picker_flutter:preBuild' as it has no actions.
[        ] Resolve mutations for :emoji_picker_flutter:preDebugBuild (Thread[#44862,Execution worker Thread 25,5,main]) started.
[        ] :emoji_picker_flutter:preDebugBuild (Thread[#44862,Execution worker Thread 25,5,main]) started.
[        ] > Task :emoji_picker_flutter:preDebugBuild UP-TO-DATE
[        ] Skipping task ':emoji_picker_flutter:preDebugBuild' as it has no actions.
[        ] Resolve mutations for :emoji_picker_flutter:writeDebugAarMetadata (Thread[#44862,Execution worker Thread 25,5,main]) started.
[        ] :emoji_picker_flutter:writeDebugAarMetadata (Thread[#44862,Execution worker Thread 25,5,main]) started.
[        ] > Task :emoji_picker_flutter:writeDebugAarMetadata UP-TO-DATE
[        ] Caching disabled for task ':emoji_picker_flutter:writeDebugAarMetadata' because:
[        ]   Build cache is disabled
[        ]   Caching has been disabled for the task
[        ] Skipping task ':emoji_picker_flutter:writeDebugAarMetadata' as it is up-to-date.
[        ] work action resolve aar-metadata.properties (project :emoji_picker_flutter) (Thread[#44862,Execution worker Thread 25,5,main]) started.
[        ] Resolve mutations for :file_selector_android:preBuild (Thread[#44862,Execution worker Thread 25,5,main]) started.
[        ] :file_selector_android:preBuild (Thread[#44862,Execution worker Thread 25,5,main]) started.
[        ] > Task :file_selector_android:preBuild UP-TO-DATE
[        ] Skipping task ':file_selector_android:preBuild' as it has no actions.
[        ] Resolve mutations for :file_selector_android:preDebugBuild (Thread[#44862,Execution worker Thread 25,5,main]) started.
[        ] :file_selector_android:preDebugBuild (Thread[#44862,Execution worker Thread 25,5,main]) started.
[        ] > Task :file_selector_android:preDebugBuild UP-TO-DATE
[        ] Skipping task ':file_selector_android:preDebugBuild' as it has no actions.
[        ] Resolve mutations for :file_selector_android:writeDebugAarMetadata (Thread[#44862,Execution worker Thread 25,5,main]) started.
[        ] :file_selector_android:writeDebugAarMetadata (Thread[#44862,Execution worker Thread 25,5,main]) started.
[        ] > Task :file_selector_android:writeDebugAarMetadata UP-TO-DATE
[        ] Caching disabled for task ':file_selector_android:writeDebugAarMetadata' because:
[        ]   Build cache is disabled
[        ]   Caching has been disabled for the task
[        ] Skipping task ':file_selector_android:writeDebugAarMetadata' as it is up-to-date.
[        ] work action resolve aar-metadata.properties (project :file_selector_android) (Thread[#44862,Execution worker Thread 25,5,main]) started.
[        ] Resolve mutations for :flutter_keyboard_visibility_temp_fork:preBuild (Thread[#44862,Execution worker Thread 25,5,main]) started.
[        ] :flutter_keyboard_visibility_temp_fork:preBuild (Thread[#44862,Execution worker Thread 25,5,main]) started.
[        ] > Task :flutter_keyboard_visibility_temp_fork:preBuild UP-TO-DATE
[        ] Skipping task ':flutter_keyboard_visibility_temp_fork:preBuild' as it has no actions.
[        ] Resolve mutations for :flutter_keyboard_visibility_temp_fork:preDebugBuild (Thread[#44862,Execution worker Thread 25,5,main]) started.
[        ] :flutter_keyboard_visibility_temp_fork:preDebugBuild (Thread[#44862,Execution worker Thread 25,5,main]) started.
[        ] > Task :flutter_keyboard_visibility_temp_fork:preDebugBuild UP-TO-DATE
[        ] Skipping task ':flutter_keyboard_visibility_temp_fork:preDebugBuild' as it has no actions.
[        ] Resolve mutations for :flutter_keyboard_visibility_temp_fork:writeDebugAarMetadata (Thread[#44862,Execution worker Thread 25,5,main]) started.
[        ] :flutter_keyboard_visibility_temp_fork:writeDebugAarMetadata (Thread[#44862,Execution worker Thread 25,5,main]) started.
[        ] > Task :flutter_keyboard_visibility_temp_fork:writeDebugAarMetadata UP-TO-DATE
[        ] Caching disabled for task ':flutter_keyboard_visibility_temp_fork:writeDebugAarMetadata' because:
[        ]   Build cache is disabled
[        ]   Caching has been disabled for the task
[        ] Skipping task ':flutter_keyboard_visibility_temp_fork:writeDebugAarMetadata' as it is up-to-date.
[        ] work action resolve aar-metadata.properties (project :flutter_keyboard_visibility_temp_fork) (Thread[#44862,Execution worker Thread 25,5,main]) started.
[        ] Resolve mutations for :flutter_native_splash:preBuild (Thread[#44862,Execution worker Thread 25,5,main]) started.
[        ] :flutter_native_splash:preBuild (Thread[#44862,Execution worker Thread 25,5,main]) started.
[        ] > Task :flutter_native_splash:preBuild UP-TO-DATE
[        ] Skipping task ':flutter_native_splash:preBuild' as it has no actions.
[        ] Resolve mutations for :flutter_native_splash:preDebugBuild (Thread[#44862,Execution worker Thread 25,5,main]) started.
[        ] :flutter_native_splash:preDebugBuild (Thread[#44862,Execution worker Thread 25,5,main]) started.
[        ] > Task :flutter_native_splash:preDebugBuild UP-TO-DATE
[        ] Skipping task ':flutter_native_splash:preDebugBuild' as it has no actions.
[        ] Resolve mutations for :flutter_native_splash:writeDebugAarMetadata (Thread[#44862,Execution worker Thread 25,5,main]) started.
[        ] :flutter_native_splash:writeDebugAarMetadata (Thread[#44862,Execution worker Thread 25,5,main]) started.
[        ] > Task :flutter_native_splash:writeDebugAarMetadata UP-TO-DATE
[        ] Caching disabled for task ':flutter_native_splash:writeDebugAarMetadata' because:
[        ]   Build cache is disabled
[        ]   Caching has been disabled for the task
[        ] Skipping task ':flutter_native_splash:writeDebugAarMetadata' as it is up-to-date.
[        ] work action resolve aar-metadata.properties (project :flutter_native_splash) (Thread[#44862,Execution worker Thread 25,5,main]) started.
[        ] Resolve mutations for :flutter_olm:preBuild (Thread[#44862,Execution worker Thread 25,5,main]) started.
[        ] :flutter_olm:preBuild (Thread[#44862,Execution worker Thread 25,5,main]) started.
[        ] > Task :flutter_olm:preBuild UP-TO-DATE
[        ] Skipping task ':flutter_olm:preBuild' as it has no actions.
[        ] Resolve mutations for :flutter_olm:preDebugBuild (Thread[#44862,Execution worker Thread 25,5,main]) started.
[        ] :flutter_olm:preDebugBuild (Thread[#44862,Execution worker Thread 25,5,main]) started.
[        ] > Task :flutter_olm:preDebugBuild UP-TO-DATE
[        ] Skipping task ':flutter_olm:preDebugBuild' as it has no actions.
[        ] Resolve mutations for :flutter_olm:writeDebugAarMetadata (Thread[#44862,Execution worker Thread 25,5,main]) started.
[        ] :flutter_olm:writeDebugAarMetadata (Thread[#44862,Execution worker Thread 25,5,main]) started.
[        ] > Task :flutter_olm:writeDebugAarMetadata UP-TO-DATE
[        ] Caching disabled for task ':flutter_olm:writeDebugAarMetadata' because:
[        ]   Build cache is disabled
[        ]   Caching has been disabled for the task
[        ] Skipping task ':flutter_olm:writeDebugAarMetadata' as it is up-to-date.
[        ] work action resolve aar-metadata.properties (project :flutter_olm) (Thread[#44862,Execution worker Thread 25,5,main]) started.
[        ] Resolve mutations for :flutter_openssl_crypto:preBuild (Thread[#44862,Execution worker Thread 25,5,main]) started.
[        ] :flutter_openssl_crypto:preBuild (Thread[#44862,Execution worker Thread 25,5,main]) started.
[        ] > Task :flutter_openssl_crypto:preBuild UP-TO-DATE
[        ] Skipping task ':flutter_openssl_crypto:preBuild' as it has no actions.
[        ] Resolve mutations for :flutter_openssl_crypto:preDebugBuild (Thread[#44862,Execution worker Thread 25,5,main]) started.
[        ] :flutter_openssl_crypto:preDebugBuild (Thread[#44859,Execution worker Thread 22,5,main]) started.
[        ] > Task :flutter_openssl_crypto:preDebugBuild UP-TO-DATE
[        ] Skipping task ':flutter_openssl_crypto:preDebugBuild' as it has no actions.
[        ] Resolve mutations for :flutter_openssl_crypto:writeDebugAarMetadata (Thread[#44859,Execution worker Thread 22,5,main]) started.
[        ] :flutter_openssl_crypto:writeDebugAarMetadata (Thread[#44864,Execution worker Thread 27,5,main]) started.
[        ] > Task :flutter_openssl_crypto:writeDebugAarMetadata UP-TO-DATE
[        ] Caching disabled for task ':flutter_openssl_crypto:writeDebugAarMetadata' because:
[        ]   Build cache is disabled
[        ]   Caching has been disabled for the task
[        ] Skipping task ':flutter_openssl_crypto:writeDebugAarMetadata' as it is up-to-date.
[        ] work action resolve aar-metadata.properties (project :flutter_openssl_crypto) (Thread[#44864,Execution worker Thread 27,5,main]) started.
[        ] Resolve mutations for :integration_test:preBuild (Thread[#44864,Execution worker Thread 27,5,main]) started.
[        ] :integration_test:preBuild (Thread[#44864,Execution worker Thread 27,5,main]) started.
[        ] > Task :integration_test:preBuild UP-TO-DATE
[        ] Skipping task ':integration_test:preBuild' as it has no actions.
[        ] Resolve mutations for :integration_test:preDebugBuild (Thread[#44864,Execution worker Thread 27,5,main]) started.
[        ] :integration_test:preDebugBuild (Thread[#44864,Execution worker Thread 27,5,main]) started.
[        ] > Task :integration_test:preDebugBuild UP-TO-DATE
[        ] Skipping task ':integration_test:preDebugBuild' as it has no actions.
[        ] Resolve mutations for :integration_test:writeDebugAarMetadata (Thread[#44864,Execution worker Thread 27,5,main]) started.
[        ] :integration_test:writeDebugAarMetadata (Thread[#44864,Execution worker Thread 27,5,main]) started.
[        ] > Task :integration_test:writeDebugAarMetadata UP-TO-DATE
[        ] Caching disabled for task ':integration_test:writeDebugAarMetadata' because:
[        ]   Build cache is disabled
[        ]   Caching has been disabled for the task
[        ] Skipping task ':integration_test:writeDebugAarMetadata' as it is up-to-date.
[        ] work action resolve aar-metadata.properties (project :integration_test) (Thread[#44864,Execution worker Thread 27,5,main]) started.
[        ] Resolve mutations for :path_provider_android:preBuild (Thread[#44864,Execution worker Thread 27,5,main]) started.
[        ] :path_provider_android:preBuild (Thread[#44864,Execution worker Thread 27,5,main]) started.
[        ] > Task :path_provider_android:preBuild UP-TO-DATE
[        ] Skipping task ':path_provider_android:preBuild' as it has no actions.
[        ] Resolve mutations for :path_provider_android:preDebugBuild (Thread[#44864,Execution worker Thread 27,5,main]) started.
[        ] :path_provider_android:preDebugBuild (Thread[#44864,Execution worker Thread 27,5,main]) started.
[        ] > Task :path_provider_android:preDebugBuild UP-TO-DATE
[        ] Skipping task ':path_provider_android:preDebugBuild' as it has no actions.
[        ] Resolve mutations for :path_provider_android:writeDebugAarMetadata (Thread[#44864,Execution worker Thread 27,5,main]) started.
[        ] :path_provider_android:writeDebugAarMetadata (Thread[#44864,Execution worker Thread 27,5,main]) started.
[        ] > Task :path_provider_android:writeDebugAarMetadata UP-TO-DATE
[        ] Caching disabled for task ':path_provider_android:writeDebugAarMetadata' because:
[        ]   Build cache is disabled
[        ]   Caching has been disabled for the task
[        ] Skipping task ':path_provider_android:writeDebugAarMetadata' as it is up-to-date.
[        ] work action resolve aar-metadata.properties (project :path_provider_android) (Thread[#44864,Execution worker Thread 27,5,main]) started.
[        ] Resolve mutations for :quill_native_bridge_android:preBuild (Thread[#44864,Execution worker Thread 27,5,main]) started.
[        ] :quill_native_bridge_android:preBuild (Thread[#44864,Execution worker Thread 27,5,main]) started.
[        ] > Task :quill_native_bridge_android:preBuild UP-TO-DATE
[        ] Skipping task ':quill_native_bridge_android:preBuild' as it has no actions.
[        ] Resolve mutations for :quill_native_bridge_android:preDebugBuild (Thread[#44864,Execution worker Thread 27,5,main]) started.
[        ] :quill_native_bridge_android:preDebugBuild (Thread[#44864,Execution worker Thread 27,5,main]) started.
[        ] > Task :quill_native_bridge_android:preDebugBuild UP-TO-DATE
[        ] Skipping task ':quill_native_bridge_android:preDebugBuild' as it has no actions.
[        ] Resolve mutations for :quill_native_bridge_android:writeDebugAarMetadata (Thread[#44864,Execution worker Thread 27,5,main]) started.
[        ] :quill_native_bridge_android:writeDebugAarMetadata (Thread[#44864,Execution worker Thread 27,5,main]) started.
[        ] > Task :quill_native_bridge_android:writeDebugAarMetadata UP-TO-DATE
[        ] Caching disabled for task ':quill_native_bridge_android:writeDebugAarMetadata' because:
[        ]   Build cache is disabled
[        ]   Caching has been disabled for the task
[        ] Skipping task ':quill_native_bridge_android:writeDebugAarMetadata' as it is up-to-date.
[        ] work action resolve aar-metadata.properties (project :quill_native_bridge_android) (Thread[#44864,Execution worker Thread 27,5,main]) started.
[        ] Resolve mutations for :shared_preferences_android:preBuild (Thread[#44864,Execution worker Thread 27,5,main]) started.
[        ] :shared_preferences_android:preBuild (Thread[#44864,Execution worker Thread 27,5,main]) started.
[        ] > Task :shared_preferences_android:preBuild UP-TO-DATE
[        ] Skipping task ':shared_preferences_android:preBuild' as it has no actions.
[        ] Resolve mutations for :shared_preferences_android:preDebugBuild (Thread[#44864,Execution worker Thread 27,5,main]) started.
[        ] :shared_preferences_android:preDebugBuild (Thread[#44864,Execution worker Thread 27,5,main]) started.
[        ] > Task :shared_preferences_android:preDebugBuild UP-TO-DATE
[        ] Skipping task ':shared_preferences_android:preDebugBuild' as it has no actions.
[        ] Resolve mutations for :shared_preferences_android:writeDebugAarMetadata (Thread[#44864,Execution worker Thread 27,5,main]) started.
[        ] :shared_preferences_android:writeDebugAarMetadata (Thread[#44864,Execution worker Thread 27,5,main]) started.
[        ] > Task :shared_preferences_android:writeDebugAarMetadata UP-TO-DATE
[        ] Caching disabled for task ':shared_preferences_android:writeDebugAarMetadata' because:
[        ]   Build cache is disabled
[        ]   Caching has been disabled for the task
[        ] Skipping task ':shared_preferences_android:writeDebugAarMetadata' as it is up-to-date.
[        ] work action resolve aar-metadata.properties (project :shared_preferences_android) (Thread[#44864,Execution worker Thread 27,5,main]) started.
[        ] Resolve mutations for :sqflite_android:preBuild (Thread[#44864,Execution worker Thread 27,5,main]) started.
[        ] :sqflite_android:preBuild (Thread[#44864,Execution worker Thread 27,5,main]) started.
[        ] > Task :sqflite_android:preBuild UP-TO-DATE
[        ] Skipping task ':sqflite_android:preBuild' as it has no actions.
[        ] Resolve mutations for :sqflite_android:preDebugBuild (Thread[#44864,Execution worker Thread 27,5,main]) started.
[        ] :sqflite_android:preDebugBuild (Thread[#44864,Execution worker Thread 27,5,main]) started.
[        ] > Task :sqflite_android:preDebugBuild UP-TO-DATE
[        ] Skipping task ':sqflite_android:preDebugBuild' as it has no actions.
[        ] Resolve mutations for :sqflite_android:writeDebugAarMetadata (Thread[#44864,Execution worker Thread 27,5,main]) started.
[        ] :sqflite_android:writeDebugAarMetadata (Thread[#44864,Execution worker Thread 27,5,main]) started.
[        ] > Task :sqflite_android:writeDebugAarMetadata UP-TO-DATE
[        ] Caching disabled for task ':sqflite_android:writeDebugAarMetadata' because:
[        ]   Build cache is disabled
[        ]   Caching has been disabled for the task
[        ] Skipping task ':sqflite_android:writeDebugAarMetadata' as it is up-to-date.
[        ] work action resolve aar-metadata.properties (project :sqflite_android) (Thread[#44864,Execution worker Thread 27,5,main]) started.
[        ] Resolve mutations for :url_launcher_android:preBuild (Thread[#44864,Execution worker Thread 27,5,main]) started.
[        ] :url_launcher_android:preBuild (Thread[#44864,Execution worker Thread 27,5,main]) started.
[        ] > Task :url_launcher_android:preBuild UP-TO-DATE
[        ] Skipping task ':url_launcher_android:preBuild' as it has no actions.
[        ] Resolve mutations for :url_launcher_android:preDebugBuild (Thread[#44864,Execution worker Thread 27,5,main]) started.
[        ] :url_launcher_android:preDebugBuild (Thread[#44864,Execution worker Thread 27,5,main]) started.
[        ] > Task :url_launcher_android:preDebugBuild UP-TO-DATE
[        ] Skipping task ':url_launcher_android:preDebugBuild' as it has no actions.
[        ] Resolve mutations for :url_launcher_android:writeDebugAarMetadata (Thread[#44864,Execution worker Thread 27,5,main]) started.
[        ] :url_launcher_android:writeDebugAarMetadata (Thread[#44864,Execution worker Thread 27,5,main]) started.
[        ] > Task :url_launcher_android:writeDebugAarMetadata UP-TO-DATE
[        ] Caching disabled for task ':url_launcher_android:writeDebugAarMetadata' because:
[        ]   Build cache is disabled
[        ]   Caching has been disabled for the task
[        ] Skipping task ':url_launcher_android:writeDebugAarMetadata' as it is up-to-date.
[        ] work action resolve aar-metadata.properties (project :url_launcher_android) (Thread[#44864,Execution worker Thread 27,5,main]) started.
[        ] Resolve mutations for :video_player_android:preBuild (Thread[#44864,Execution worker Thread 27,5,main]) started.
[        ] :video_player_android:preBuild (Thread[#44864,Execution worker Thread 27,5,main]) started.
[        ] > Task :video_player_android:preBuild UP-TO-DATE
[        ] Skipping task ':video_player_android:preBuild' as it has no actions.
[        ] Resolve mutations for :video_player_android:preDebugBuild (Thread[#44864,Execution worker Thread 27,5,main]) started.
[        ] :video_player_android:preDebugBuild (Thread[#44864,Execution worker Thread 27,5,main]) started.
[        ] > Task :video_player_android:preDebugBuild UP-TO-DATE
[        ] Skipping task ':video_player_android:preDebugBuild' as it has no actions.
[        ] Resolve mutations for :video_player_android:writeDebugAarMetadata (Thread[#44864,Execution worker Thread 27,5,main]) started.
[        ] :video_player_android:writeDebugAarMetadata (Thread[#44864,Execution worker Thread 27,5,main]) started.
[        ] > Task :video_player_android:writeDebugAarMetadata UP-TO-DATE
[        ] Caching disabled for task ':video_player_android:writeDebugAarMetadata' because:
[        ]   Build cache is disabled
[        ]   Caching has been disabled for the task
[        ] Skipping task ':video_player_android:writeDebugAarMetadata' as it is up-to-date.
[        ] work action resolve aar-metadata.properties (project :video_player_android) (Thread[#44864,Execution worker Thread 27,5,main]) started.
[        ] Resolve mutations for :app:checkDebugAarMetadata (Thread[#44864,Execution worker Thread 27,5,main]) started.
[        ] :app:checkDebugAarMetadata (Thread[#44864,Execution worker Thread 27,5,main]) started.
[        ] > Task :app:checkDebugAarMetadata UP-TO-DATE
[        ] Caching disabled for task ':app:checkDebugAarMetadata' because:
[        ]   Build cache is disabled
[        ]   Caching has been disabled for the task
[        ] Skipping task ':app:checkDebugAarMetadata' as it is up-to-date.
[        ] Resolve mutations for :app:cleanMergeDebugAssets (Thread[#44864,Execution worker Thread 27,5,main]) started.
[        ] :app:cleanMergeDebugAssets (Thread[#44864,Execution worker Thread 27,5,main]) started.
[        ] > Task :app:cleanMergeDebugAssets
[        ] Caching disabled for task ':app:cleanMergeDebugAssets' because:
[        ]   Build cache is disabled
[        ] Task ':app:cleanMergeDebugAssets' is not up-to-date because:
[        ]   Task has not declared any outputs despite executing actions.
[        ] Resolve mutations for :app:mergeDebugShaders (Thread[#44864,Execution worker Thread 27,5,main]) started.
[        ] :app:mergeDebugShaders (Thread[#44864,Execution worker Thread 27,5,main]) started.
[        ] > Task :app:mergeDebugShaders UP-TO-DATE
[        ] Caching disabled for task ':app:mergeDebugShaders' because:
[        ]   Build cache is disabled
[        ]   Simple merging task
[        ] Skipping task ':app:mergeDebugShaders' as it is up-to-date.
[        ] Resolve mutations for :app:compileDebugShaders (Thread[#44864,Execution worker Thread 27,5,main]) started.
[        ] :app:compileDebugShaders (Thread[#44864,Execution worker Thread 27,5,main]) started.
[        ] > Task :app:compileDebugShaders NO-SOURCE
[        ] Skipping task ':app:compileDebugShaders' as it has no source files and no previous output files.
[        ] Resolve mutations for :app:generateDebugAssets (Thread[#44864,Execution worker Thread 27,5,main]) started.
[        ] :app:generateDebugAssets (Thread[#44864,Execution worker Thread 27,5,main]) started.
[        ] > Task :app:generateDebugAssets UP-TO-DATE
[        ] Skipping task ':app:generateDebugAssets' as it has no actions.
[        ] Resolve mutations for :connectivity_plus:mergeDebugShaders (Thread[#44864,Execution worker Thread 27,5,main]) started.
[        ] :connectivity_plus:mergeDebugShaders (Thread[#44864,Execution worker Thread 27,5,main]) started.
[        ] > Task :connectivity_plus:mergeDebugShaders UP-TO-DATE
[        ] Caching disabled for task ':connectivity_plus:mergeDebugShaders' because:
[        ]   Build cache is disabled
[        ]   Simple merging task
[        ] Skipping task ':connectivity_plus:mergeDebugShaders' as it is up-to-date.
[        ] Resolve mutations for :connectivity_plus:compileDebugShaders (Thread[#44864,Execution worker Thread 27,5,main]) started.
[        ] :connectivity_plus:compileDebugShaders (Thread[#44864,Execution worker Thread 27,5,main]) started.
[        ] > Task :connectivity_plus:compileDebugShaders NO-SOURCE
[        ] Skipping task ':connectivity_plus:compileDebugShaders' as it has no source files and no previous output files.
[        ] Resolve mutations for :connectivity_plus:generateDebugAssets (Thread[#44864,Execution worker Thread 27,5,main]) started.
[        ] :connectivity_plus:generateDebugAssets (Thread[#44864,Execution worker Thread 27,5,main]) started.
[        ] > Task :connectivity_plus:generateDebugAssets UP-TO-DATE
[        ] Skipping task ':connectivity_plus:generateDebugAssets' as it has no actions.
[        ] Resolve mutations for :connectivity_plus:mergeDebugAssets (Thread[#44864,Execution worker Thread 27,5,main]) started.
[        ] :connectivity_plus:mergeDebugAssets (Thread[#44864,Execution worker Thread 27,5,main]) started.
[        ] > Task :connectivity_plus:mergeDebugAssets UP-TO-DATE
[        ] Caching disabled for task ':connectivity_plus:mergeDebugAssets' because:
[        ]   Build cache is disabled
[        ]   Simple merging task
[        ] Skipping task ':connectivity_plus:mergeDebugAssets' as it is up-to-date.
[        ] work action resolve mergeDebugAssets (project :connectivity_plus) (Thread[#44864,Execution worker Thread 27,5,main]) started.
[        ] Resolve mutations for :emoji_picker_flutter:mergeDebugShaders (Thread[#44864,Execution worker Thread 27,5,main]) started.
[        ] :emoji_picker_flutter:mergeDebugShaders (Thread[#44864,Execution worker Thread 27,5,main]) started.
[        ] > Task :emoji_picker_flutter:mergeDebugShaders UP-TO-DATE
[        ] Caching disabled for task ':emoji_picker_flutter:mergeDebugShaders' because:
[        ]   Build cache is disabled
[        ]   Simple merging task
[        ] Skipping task ':emoji_picker_flutter:mergeDebugShaders' as it is up-to-date.
[        ] Resolve mutations for :emoji_picker_flutter:compileDebugShaders (Thread[#44864,Execution worker Thread 27,5,main]) started.
[        ] :emoji_picker_flutter:compileDebugShaders (Thread[#44864,Execution worker Thread 27,5,main]) started.
[        ] > Task :emoji_picker_flutter:compileDebugShaders NO-SOURCE
[        ] Skipping task ':emoji_picker_flutter:compileDebugShaders' as it has no source files and no previous output files.
[        ] Resolve mutations for :emoji_picker_flutter:generateDebugAssets (Thread[#44864,Execution worker Thread 27,5,main]) started.
[        ] :emoji_picker_flutter:generateDebugAssets (Thread[#44864,Execution worker Thread 27,5,main]) started.
[        ] > Task :emoji_picker_flutter:generateDebugAssets UP-TO-DATE
[        ] Skipping task ':emoji_picker_flutter:generateDebugAssets' as it has no actions.
[        ] Resolve mutations for :emoji_picker_flutter:mergeDebugAssets (Thread[#44864,Execution worker Thread 27,5,main]) started.
[        ] :emoji_picker_flutter:mergeDebugAssets (Thread[#44864,Execution worker Thread 27,5,main]) started.
[        ] > Task :emoji_picker_flutter:mergeDebugAssets UP-TO-DATE
[        ] Caching disabled for task ':emoji_picker_flutter:mergeDebugAssets' because:
[        ]   Build cache is disabled
[        ]   Simple merging task
[        ] Skipping task ':emoji_picker_flutter:mergeDebugAssets' as it is up-to-date.
[        ] work action resolve mergeDebugAssets (project :emoji_picker_flutter) (Thread[#44864,Execution worker Thread 27,5,main]) started.
[        ] Resolve mutations for :file_selector_android:mergeDebugShaders (Thread[#44864,Execution worker Thread 27,5,main]) started.
[        ] :file_selector_android:mergeDebugShaders (Thread[#44864,Execution worker Thread 27,5,main]) started.
[        ] > Task :file_selector_android:mergeDebugShaders UP-TO-DATE
[        ] Caching disabled for task ':file_selector_android:mergeDebugShaders' because:
[        ]   Build cache is disabled
[        ]   Simple merging task
[        ] Skipping task ':file_selector_android:mergeDebugShaders' as it is up-to-date.
[        ] Resolve mutations for :file_selector_android:compileDebugShaders (Thread[#44864,Execution worker Thread 27,5,main]) started.
[        ] :file_selector_android:compileDebugShaders (Thread[#44864,Execution worker Thread 27,5,main]) started.
[        ] > Task :file_selector_android:compileDebugShaders NO-SOURCE
[        ] Skipping task ':file_selector_android:compileDebugShaders' as it has no source files and no previous output files.
[        ] Resolve mutations for :file_selector_android:generateDebugAssets (Thread[#44864,Execution worker Thread 27,5,main]) started.
[        ] :file_selector_android:generateDebugAssets (Thread[#44864,Execution worker Thread 27,5,main]) started.
[        ] > Task :file_selector_android:generateDebugAssets UP-TO-DATE
[        ] Skipping task ':file_selector_android:generateDebugAssets' as it has no actions.
[        ] Resolve mutations for :file_selector_android:mergeDebugAssets (Thread[#44864,Execution worker Thread 27,5,main]) started.
[        ] :file_selector_android:mergeDebugAssets (Thread[#44864,Execution worker Thread 27,5,main]) started.
[        ] > Task :file_selector_android:mergeDebugAssets UP-TO-DATE
[        ] Caching disabled for task ':file_selector_android:mergeDebugAssets' because:
[        ]   Build cache is disabled
[        ]   Simple merging task
[        ] Skipping task ':file_selector_android:mergeDebugAssets' as it is up-to-date.
[        ] work action resolve mergeDebugAssets (project :file_selector_android) (Thread[#44864,Execution worker Thread 27,5,main]) started.
[        ] Resolve mutations for :flutter_keyboard_visibility_temp_fork:mergeDebugShaders (Thread[#44864,Execution worker Thread 27,5,main]) started.
[        ] :flutter_keyboard_visibility_temp_fork:mergeDebugShaders (Thread[#44864,Execution worker Thread 27,5,main]) started.
[        ] > Task :flutter_keyboard_visibility_temp_fork:mergeDebugShaders UP-TO-DATE
[        ] Caching disabled for task ':flutter_keyboard_visibility_temp_fork:mergeDebugShaders' because:
[        ]   Build cache is disabled
[        ]   Simple merging task
[        ] Skipping task ':flutter_keyboard_visibility_temp_fork:mergeDebugShaders' as it is up-to-date.
[        ] Resolve mutations for :flutter_keyboard_visibility_temp_fork:compileDebugShaders (Thread[#44864,Execution worker Thread 27,5,main]) started.
[        ] :flutter_keyboard_visibility_temp_fork:compileDebugShaders (Thread[#44864,Execution worker Thread 27,5,main]) started.
[        ] > Task :flutter_keyboard_visibility_temp_fork:compileDebugShaders NO-SOURCE
[        ] Skipping task ':flutter_keyboard_visibility_temp_fork:compileDebugShaders' as it has no source files and no previous output files.
[        ] Resolve mutations for :flutter_keyboard_visibility_temp_fork:generateDebugAssets (Thread[#44864,Execution worker Thread 27,5,main]) started.
[        ] :flutter_keyboard_visibility_temp_fork:generateDebugAssets (Thread[#44864,Execution worker Thread 27,5,main]) started.
[        ] > Task :flutter_keyboard_visibility_temp_fork:generateDebugAssets UP-TO-DATE
[        ] Skipping task ':flutter_keyboard_visibility_temp_fork:generateDebugAssets' as it has no actions.
[        ] Resolve mutations for :flutter_keyboard_visibility_temp_fork:mergeDebugAssets (Thread[#44864,Execution worker Thread 27,5,main]) started.
[        ] :flutter_keyboard_visibility_temp_fork:mergeDebugAssets (Thread[#44864,Execution worker Thread 27,5,main]) started.
[        ] > Task :flutter_keyboard_visibility_temp_fork:mergeDebugAssets UP-TO-DATE
[        ] Caching disabled for task ':flutter_keyboard_visibility_temp_fork:mergeDebugAssets' because:
[        ]   Build cache is disabled
[        ]   Simple merging task
[        ] Skipping task ':flutter_keyboard_visibility_temp_fork:mergeDebugAssets' as it is up-to-date.
[  +94 ms] work action resolve mergeDebugAssets (project :flutter_keyboard_visibility_temp_fork) (Thread[#44864,Execution worker Thread 27,5,main]) started.
[        ] Resolve mutations for :flutter_native_splash:mergeDebugShaders (Thread[#44864,Execution worker Thread 27,5,main]) started.
[        ] :flutter_native_splash:mergeDebugShaders (Thread[#44864,Execution worker Thread 27,5,main]) started.
[        ] > Task :flutter_native_splash:mergeDebugShaders UP-TO-DATE
[        ] Caching disabled for task ':flutter_native_splash:mergeDebugShaders' because:
[        ]   Build cache is disabled
[        ]   Simple merging task
[        ] Skipping task ':flutter_native_splash:mergeDebugShaders' as it is up-to-date.
[        ] Resolve mutations for :flutter_native_splash:compileDebugShaders (Thread[#44864,Execution worker Thread 27,5,main]) started.
[        ] :flutter_native_splash:compileDebugShaders (Thread[#44864,Execution worker Thread 27,5,main]) started.
[        ] > Task :flutter_native_splash:compileDebugShaders NO-SOURCE
[        ] Skipping task ':flutter_native_splash:compileDebugShaders' as it has no source files and no previous output files.
[        ] Resolve mutations for :flutter_native_splash:generateDebugAssets (Thread[#44864,Execution worker Thread 27,5,main]) started.
[        ] :flutter_native_splash:generateDebugAssets (Thread[#44864,Execution worker Thread 27,5,main]) started.
[        ] > Task :flutter_native_splash:generateDebugAssets UP-TO-DATE
[        ] Skipping task ':flutter_native_splash:generateDebugAssets' as it has no actions.
[        ] Resolve mutations for :flutter_native_splash:mergeDebugAssets (Thread[#44864,Execution worker Thread 27,5,main]) started.
[        ] :flutter_native_splash:mergeDebugAssets (Thread[#44864,Execution worker Thread 27,5,main]) started.
[        ] > Task :flutter_native_splash:mergeDebugAssets UP-TO-DATE
[        ] Caching disabled for task ':flutter_native_splash:mergeDebugAssets' because:
[        ]   Build cache is disabled
[        ]   Simple merging task
[        ] Skipping task ':flutter_native_splash:mergeDebugAssets' as it is up-to-date.
[        ] work action resolve mergeDebugAssets (project :flutter_native_splash) (Thread[#44864,Execution worker Thread 27,5,main]) started.
[        ] Resolve mutations for :flutter_olm:mergeDebugShaders (Thread[#44864,Execution worker Thread 27,5,main]) started.
[        ] :flutter_olm:mergeDebugShaders (Thread[#44864,Execution worker Thread 27,5,main]) started.
[        ] > Task :flutter_olm:mergeDebugShaders UP-TO-DATE
[        ] Caching disabled for task ':flutter_olm:mergeDebugShaders' because:
[        ]   Build cache is disabled
[        ]   Simple merging task
[        ] Skipping task ':flutter_olm:mergeDebugShaders' as it is up-to-date.
[        ] Resolve mutations for :flutter_olm:compileDebugShaders (Thread[#44864,Execution worker Thread 27,5,main]) started.
[        ] :flutter_olm:compileDebugShaders (Thread[#44864,Execution worker Thread 27,5,main]) started.
[        ] > Task :flutter_olm:compileDebugShaders NO-SOURCE
[        ] Skipping task ':flutter_olm:compileDebugShaders' as it has no source files and no previous output files.
[        ] Resolve mutations for :flutter_olm:generateDebugAssets (Thread[#44864,Execution worker Thread 27,5,main]) started.
[        ] :flutter_olm:generateDebugAssets (Thread[#44864,Execution worker Thread 27,5,main]) started.
[        ] > Task :flutter_olm:generateDebugAssets UP-TO-DATE
[        ] Skipping task ':flutter_olm:generateDebugAssets' as it has no actions.
[        ] Resolve mutations for :flutter_olm:mergeDebugAssets (Thread[#44864,Execution worker Thread 27,5,main]) started.
[        ] :flutter_olm:mergeDebugAssets (Thread[#44864,Execution worker Thread 27,5,main]) started.
[        ] > Task :flutter_olm:mergeDebugAssets UP-TO-DATE
[        ] Caching disabled for task ':flutter_olm:mergeDebugAssets' because:
[        ]   Build cache is disabled
[        ]   Simple merging task
[        ] Skipping task ':flutter_olm:mergeDebugAssets' as it is up-to-date.
[        ] work action resolve mergeDebugAssets (project :flutter_olm) (Thread[#44864,Execution worker Thread 27,5,main]) started.
[        ] Resolve mutations for :flutter_openssl_crypto:mergeDebugShaders (Thread[#44864,Execution worker Thread 27,5,main]) started.
[        ] :flutter_openssl_crypto:mergeDebugShaders (Thread[#44864,Execution worker Thread 27,5,main]) started.
[        ] > Task :flutter_openssl_crypto:mergeDebugShaders UP-TO-DATE
[        ] Caching disabled for task ':flutter_openssl_crypto:mergeDebugShaders' because:
[        ]   Build cache is disabled
[        ]   Simple merging task
[        ] Skipping task ':flutter_openssl_crypto:mergeDebugShaders' as it is up-to-date.
[        ] Resolve mutations for :flutter_openssl_crypto:compileDebugShaders (Thread[#44864,Execution worker Thread 27,5,main]) started.
[        ] :flutter_openssl_crypto:compileDebugShaders (Thread[#44864,Execution worker Thread 27,5,main]) started.
[        ] > Task :flutter_openssl_crypto:compileDebugShaders NO-SOURCE
[        ] Skipping task ':flutter_openssl_crypto:compileDebugShaders' as it has no source files and no previous output files.
[        ] Resolve mutations for :flutter_openssl_crypto:generateDebugAssets (Thread[#44864,Execution worker Thread 27,5,main]) started.
[        ] :flutter_openssl_crypto:generateDebugAssets (Thread[#44864,Execution worker Thread 27,5,main]) started.
[        ] > Task :flutter_openssl_crypto:generateDebugAssets UP-TO-DATE
[        ] Skipping task ':flutter_openssl_crypto:generateDebugAssets' as it has no actions.
[        ] Resolve mutations for :flutter_openssl_crypto:mergeDebugAssets (Thread[#44864,Execution worker Thread 27,5,main]) started.
[        ] :flutter_openssl_crypto:mergeDebugAssets (Thread[#44864,Execution worker Thread 27,5,main]) started.
[        ] > Task :flutter_openssl_crypto:mergeDebugAssets UP-TO-DATE
[        ] Caching disabled for task ':flutter_openssl_crypto:mergeDebugAssets' because:
[        ]   Build cache is disabled
[        ]   Simple merging task
[        ] Skipping task ':flutter_openssl_crypto:mergeDebugAssets' as it is up-to-date.
[        ] work action resolve mergeDebugAssets (project :flutter_openssl_crypto) (Thread[#44864,Execution worker Thread 27,5,main]) started.
[        ] Resolve mutations for :integration_test:mergeDebugShaders (Thread[#44864,Execution worker Thread 27,5,main]) started.
[        ] :integration_test:mergeDebugShaders (Thread[#44864,Execution worker Thread 27,5,main]) started.
[        ] > Task :integration_test:mergeDebugShaders UP-TO-DATE
[        ] Caching disabled for task ':integration_test:mergeDebugShaders' because:
[        ]   Build cache is disabled
[        ]   Simple merging task
[        ] Skipping task ':integration_test:mergeDebugShaders' as it is up-to-date.
[        ] Resolve mutations for :integration_test:compileDebugShaders (Thread[#44864,Execution worker Thread 27,5,main]) started.
[        ] :integration_test:compileDebugShaders (Thread[#44864,Execution worker Thread 27,5,main]) started.
[        ] > Task :integration_test:compileDebugShaders NO-SOURCE
[        ] Skipping task ':integration_test:compileDebugShaders' as it has no source files and no previous output files.
[        ] Resolve mutations for :integration_test:generateDebugAssets (Thread[#44864,Execution worker Thread 27,5,main]) started.
[        ] :integration_test:generateDebugAssets (Thread[#44864,Execution worker Thread 27,5,main]) started.
[        ] > Task :integration_test:generateDebugAssets UP-TO-DATE
[        ] Skipping task ':integration_test:generateDebugAssets' as it has no actions.
[        ] Resolve mutations for :integration_test:mergeDebugAssets (Thread[#44864,Execution worker Thread 27,5,main]) started.
[        ] :integration_test:mergeDebugAssets (Thread[#44864,Execution worker Thread 27,5,main]) started.
[        ] > Task :integration_test:mergeDebugAssets UP-TO-DATE
[        ] Caching disabled for task ':integration_test:mergeDebugAssets' because:
[        ]   Build cache is disabled
[        ]   Simple merging task
[        ] Skipping task ':integration_test:mergeDebugAssets' as it is up-to-date.
[        ] work action resolve mergeDebugAssets (project :integration_test) (Thread[#44864,Execution worker Thread 27,5,main]) started.
[        ] Resolve mutations for :path_provider_android:mergeDebugShaders (Thread[#44864,Execution worker Thread 27,5,main]) started.
[        ] :path_provider_android:mergeDebugShaders (Thread[#44864,Execution worker Thread 27,5,main]) started.
[        ] > Task :path_provider_android:mergeDebugShaders UP-TO-DATE
[        ] Caching disabled for task ':path_provider_android:mergeDebugShaders' because:
[        ]   Build cache is disabled
[        ]   Simple merging task
[        ] Skipping task ':path_provider_android:mergeDebugShaders' as it is up-to-date.
[        ] Resolve mutations for :path_provider_android:compileDebugShaders (Thread[#44864,Execution worker Thread 27,5,main]) started.
[        ] :path_provider_android:compileDebugShaders (Thread[#44864,Execution worker Thread 27,5,main]) started.
[        ] > Task :path_provider_android:compileDebugShaders NO-SOURCE
[        ] Skipping task ':path_provider_android:compileDebugShaders' as it has no source files and no previous output files.
[        ] Resolve mutations for :path_provider_android:generateDebugAssets (Thread[#44864,Execution worker Thread 27,5,main]) started.
[        ] :path_provider_android:generateDebugAssets (Thread[#44864,Execution worker Thread 27,5,main]) started.
[        ] > Task :path_provider_android:generateDebugAssets UP-TO-DATE
[        ] Skipping task ':path_provider_android:generateDebugAssets' as it has no actions.
[        ] Resolve mutations for :path_provider_android:mergeDebugAssets (Thread[#44864,Execution worker Thread 27,5,main]) started.
[        ] :path_provider_android:mergeDebugAssets (Thread[#44864,Execution worker Thread 27,5,main]) started.
[        ] > Task :path_provider_android:mergeDebugAssets UP-TO-DATE
[        ] Caching disabled for task ':path_provider_android:mergeDebugAssets' because:
[        ]   Build cache is disabled
[        ]   Simple merging task
[        ] Skipping task ':path_provider_android:mergeDebugAssets' as it is up-to-date.
[        ] work action resolve mergeDebugAssets (project :path_provider_android) (Thread[#44864,Execution worker Thread 27,5,main]) started.
[        ] Resolve mutations for :quill_native_bridge_android:mergeDebugShaders (Thread[#44864,Execution worker Thread 27,5,main]) started.
[        ] :quill_native_bridge_android:mergeDebugShaders (Thread[#44864,Execution worker Thread 27,5,main]) started.
[        ] > Task :quill_native_bridge_android:mergeDebugShaders UP-TO-DATE
[        ] Caching disabled for task ':quill_native_bridge_android:mergeDebugShaders' because:
[        ]   Build cache is disabled
[        ]   Simple merging task
[        ] Skipping task ':quill_native_bridge_android:mergeDebugShaders' as it is up-to-date.
[        ] Resolve mutations for :quill_native_bridge_android:compileDebugShaders (Thread[#44864,Execution worker Thread 27,5,main]) started.
[        ] :quill_native_bridge_android:compileDebugShaders (Thread[#44864,Execution worker Thread 27,5,main]) started.
[        ] > Task :quill_native_bridge_android:compileDebugShaders NO-SOURCE
[        ] Skipping task ':quill_native_bridge_android:compileDebugShaders' as it has no source files and no previous output files.
[        ] Resolve mutations for :quill_native_bridge_android:generateDebugAssets (Thread[#44864,Execution worker Thread 27,5,main]) started.
[        ] :quill_native_bridge_android:generateDebugAssets (Thread[#44864,Execution worker Thread 27,5,main]) started.
[        ] > Task :quill_native_bridge_android:generateDebugAssets UP-TO-DATE
[        ] Skipping task ':quill_native_bridge_android:generateDebugAssets' as it has no actions.
[        ] Resolve mutations for :quill_native_bridge_android:mergeDebugAssets (Thread[#44864,Execution worker Thread 27,5,main]) started.
[        ] :quill_native_bridge_android:mergeDebugAssets (Thread[#44864,Execution worker Thread 27,5,main]) started.
[        ] > Task :quill_native_bridge_android:mergeDebugAssets UP-TO-DATE
[        ] Caching disabled for task ':quill_native_bridge_android:mergeDebugAssets' because:
[        ]   Build cache is disabled
[        ]   Simple merging task
[        ] Skipping task ':quill_native_bridge_android:mergeDebugAssets' as it is up-to-date.
[        ] work action resolve mergeDebugAssets (project :quill_native_bridge_android) (Thread[#44864,Execution worker Thread 27,5,main]) started.
[        ] Resolve mutations for :shared_preferences_android:mergeDebugShaders (Thread[#44864,Execution worker Thread 27,5,main]) started.
[        ] :shared_preferences_android:mergeDebugShaders (Thread[#44864,Execution worker Thread 27,5,main]) started.
[        ] > Task :shared_preferences_android:mergeDebugShaders UP-TO-DATE
[        ] Caching disabled for task ':shared_preferences_android:mergeDebugShaders' because:
[        ]   Build cache is disabled
[        ]   Simple merging task
[        ] Skipping task ':shared_preferences_android:mergeDebugShaders' as it is up-to-date.
[        ] Resolve mutations for :shared_preferences_android:compileDebugShaders (Thread[#44864,Execution worker Thread 27,5,main]) started.
[        ] :shared_preferences_android:compileDebugShaders (Thread[#44864,Execution worker Thread 27,5,main]) started.
[        ] > Task :shared_preferences_android:compileDebugShaders NO-SOURCE
[        ] Skipping task ':shared_preferences_android:compileDebugShaders' as it has no source files and no previous output files.
[        ] Resolve mutations for :shared_preferences_android:generateDebugAssets (Thread[#44864,Execution worker Thread 27,5,main]) started.
[        ] :shared_preferences_android:generateDebugAssets (Thread[#44864,Execution worker Thread 27,5,main]) started.
[        ] > Task :shared_preferences_android:generateDebugAssets UP-TO-DATE
[        ] Skipping task ':shared_preferences_android:generateDebugAssets' as it has no actions.
[        ] Resolve mutations for :shared_preferences_android:mergeDebugAssets (Thread[#44864,Execution worker Thread 27,5,main]) started.
[        ] :shared_preferences_android:mergeDebugAssets (Thread[#44864,Execution worker Thread 27,5,main]) started.
[        ] > Task :shared_preferences_android:mergeDebugAssets UP-TO-DATE
[        ] Caching disabled for task ':shared_preferences_android:mergeDebugAssets' because:
[        ]   Build cache is disabled
[        ]   Simple merging task
[        ] Skipping task ':shared_preferences_android:mergeDebugAssets' as it is up-to-date.
[        ] work action resolve mergeDebugAssets (project :shared_preferences_android) (Thread[#44864,Execution worker Thread 27,5,main]) started.
[        ] Resolve mutations for :sqflite_android:mergeDebugShaders (Thread[#44864,Execution worker Thread 27,5,main]) started.
[        ] :sqflite_android:mergeDebugShaders (Thread[#44864,Execution worker Thread 27,5,main]) started.
[        ] > Task :sqflite_android:mergeDebugShaders UP-TO-DATE
[        ] Caching disabled for task ':sqflite_android:mergeDebugShaders' because:
[        ]   Build cache is disabled
[        ]   Simple merging task
[        ] Skipping task ':sqflite_android:mergeDebugShaders' as it is up-to-date.
[        ] Resolve mutations for :sqflite_android:compileDebugShaders (Thread[#44864,Execution worker Thread 27,5,main]) started.
[        ] :sqflite_android:compileDebugShaders (Thread[#44864,Execution worker Thread 27,5,main]) started.
[        ] > Task :sqflite_android:compileDebugShaders NO-SOURCE
[        ] Skipping task ':sqflite_android:compileDebugShaders' as it has no source files and no previous output files.
[        ] Resolve mutations for :sqflite_android:generateDebugAssets (Thread[#44864,Execution worker Thread 27,5,main]) started.
[        ] :sqflite_android:generateDebugAssets (Thread[#44864,Execution worker Thread 27,5,main]) started.
[        ] > Task :sqflite_android:generateDebugAssets UP-TO-DATE
[        ] Skipping task ':sqflite_android:generateDebugAssets' as it has no actions.
[        ] Resolve mutations for :sqflite_android:mergeDebugAssets (Thread[#44864,Execution worker Thread 27,5,main]) started.
[        ] :sqflite_android:mergeDebugAssets (Thread[#44864,Execution worker Thread 27,5,main]) started.
[        ] > Task :sqflite_android:mergeDebugAssets UP-TO-DATE
[        ] Caching disabled for task ':sqflite_android:mergeDebugAssets' because:
[        ]   Build cache is disabled
[        ]   Simple merging task
[        ] Skipping task ':sqflite_android:mergeDebugAssets' as it is up-to-date.
[        ] work action resolve mergeDebugAssets (project :sqflite_android) (Thread[#44864,Execution worker Thread 27,5,main]) started.
[        ] Resolve mutations for :url_launcher_android:mergeDebugShaders (Thread[#44864,Execution worker Thread 27,5,main]) started.
[        ] :url_launcher_android:mergeDebugShaders (Thread[#44864,Execution worker Thread 27,5,main]) started.
[        ] > Task :url_launcher_android:mergeDebugShaders UP-TO-DATE
[        ] Caching disabled for task ':url_launcher_android:mergeDebugShaders' because:
[        ]   Build cache is disabled
[        ]   Simple merging task
[        ] Skipping task ':url_launcher_android:mergeDebugShaders' as it is up-to-date.
[        ] Resolve mutations for :url_launcher_android:compileDebugShaders (Thread[#44864,Execution worker Thread 27,5,main]) started.
[        ] :url_launcher_android:compileDebugShaders (Thread[#44864,Execution worker Thread 27,5,main]) started.
[        ] > Task :url_launcher_android:compileDebugShaders NO-SOURCE
[        ] Skipping task ':url_launcher_android:compileDebugShaders' as it has no source files and no previous output files.
[        ] Resolve mutations for :url_launcher_android:generateDebugAssets (Thread[#44864,Execution worker Thread 27,5,main]) started.
[        ] :url_launcher_android:generateDebugAssets (Thread[#44864,Execution worker Thread 27,5,main]) started.
[        ] > Task :url_launcher_android:generateDebugAssets UP-TO-DATE
[        ] Skipping task ':url_launcher_android:generateDebugAssets' as it has no actions.
[        ] Resolve mutations for :url_launcher_android:mergeDebugAssets (Thread[#44864,Execution worker Thread 27,5,main]) started.
[        ] :url_launcher_android:mergeDebugAssets (Thread[#44864,Execution worker Thread 27,5,main]) started.
[        ] > Task :url_launcher_android:mergeDebugAssets UP-TO-DATE
[        ] Caching disabled for task ':url_launcher_android:mergeDebugAssets' because:
[        ]   Build cache is disabled
[        ]   Simple merging task
[        ] Skipping task ':url_launcher_android:mergeDebugAssets' as it is up-to-date.
[        ] work action resolve mergeDebugAssets (project :url_launcher_android) (Thread[#44864,Execution worker Thread 27,5,main]) started.
[        ] Resolve mutations for :video_player_android:mergeDebugShaders (Thread[#44864,Execution worker Thread 27,5,main]) started.
[        ] :video_player_android:mergeDebugShaders (Thread[#44864,Execution worker Thread 27,5,main]) started.
[        ] > Task :video_player_android:mergeDebugShaders UP-TO-DATE
[        ] Caching disabled for task ':video_player_android:mergeDebugShaders' because:
[        ]   Build cache is disabled
[        ]   Simple merging task
[        ] Skipping task ':video_player_android:mergeDebugShaders' as it is up-to-date.
[        ] Resolve mutations for :video_player_android:compileDebugShaders (Thread[#44864,Execution worker Thread 27,5,main]) started.
[        ] :video_player_android:compileDebugShaders (Thread[#44864,Execution worker Thread 27,5,main]) started.
[        ] > Task :video_player_android:compileDebugShaders NO-SOURCE
[        ] Skipping task ':video_player_android:compileDebugShaders' as it has no source files and no previous output files.
[        ] Resolve mutations for :video_player_android:generateDebugAssets (Thread[#44864,Execution worker Thread 27,5,main]) started.
[        ] :video_player_android:generateDebugAssets (Thread[#44864,Execution worker Thread 27,5,main]) started.
[        ] > Task :video_player_android:generateDebugAssets UP-TO-DATE
[        ] Skipping task ':video_player_android:generateDebugAssets' as it has no actions.
[        ] Resolve mutations for :video_player_android:mergeDebugAssets (Thread[#44864,Execution worker Thread 27,5,main]) started.
[        ] :video_player_android:mergeDebugAssets (Thread[#44864,Execution worker Thread 27,5,main]) started.
[        ] > Task :video_player_android:mergeDebugAssets UP-TO-DATE
[        ] Caching disabled for task ':video_player_android:mergeDebugAssets' because:
[        ]   Build cache is disabled
[        ]   Simple merging task
[        ] Skipping task ':video_player_android:mergeDebugAssets' as it is up-to-date.
[        ] work action resolve mergeDebugAssets (project :video_player_android) (Thread[#44864,Execution worker Thread 27,5,main]) started.
[        ] Resolve mutations for :app:mergeDebugAssets (Thread[#44864,Execution worker Thread 27,5,main]) started.
[        ] :app:mergeDebugAssets (Thread[#44864,Execution worker Thread 27,5,main]) started.
[        ] > Task :app:mergeDebugAssets
[        ] Caching disabled for task ':app:mergeDebugAssets' because:
[        ]   Build cache is disabled
[        ]   Simple merging task
[        ] Task ':app:mergeDebugAssets' is not up-to-date because:
[        ]   Output property 'outputDir' file /Users/florian/Code/substitution/build/app/intermediates/assets/debug/mergeDebugAssets has been removed.
[        ] The input changes require a full rebuild for incremental task ':app:mergeDebugAssets'.
[        ] Resolve mutations for :app:copyFlutterAssetsDebug (Thread[#44864,Execution worker Thread 27,5,main]) started.
[        ] :app:copyFlutterAssetsDebug (Thread[#44864,Execution worker Thread 27,5,main]) started.
[ +200 ms] > Task :app:copyFlutterAssetsDebug
[        ] Caching disabled for task ':app:copyFlutterAssetsDebug' because:
[        ]   Build cache is disabled
[        ]   Not worth caching
[        ] Task ':app:copyFlutterAssetsDebug' is not up-to-date because:
[        ]   Output property 'destinationDir' file /Users/florian/Code/substitution/build/app/intermediates/assets/debug/mergeDebugAssets/flutter_assets has been removed.
[        ]   Output property 'destinationDir' file /Users/florian/Code/substitution/build/app/intermediates/assets/debug/mergeDebugAssets/flutter_assets/AssetManifest.bin has been removed.
[        ]   Output property 'destinationDir' file /Users/florian/Code/substitution/build/app/intermediates/assets/debug/mergeDebugAssets/flutter_assets/FontManifest.json has been removed.
[        ]   and more...
[        ] Resolve mutations for :app:generateDebugResValues (Thread[#44864,Execution worker Thread 27,5,main]) started.
[        ] :app:generateDebugResValues (Thread[#44864,Execution worker Thread 27,5,main]) started.
[        ] > Task :app:generateDebugResValues UP-TO-DATE
[        ] Caching disabled for task ':app:generateDebugResValues' because:
[        ]   Build cache is disabled
[        ] Skipping task ':app:generateDebugResValues' as it is up-to-date.
[        ] Resolve mutations for :connectivity_plus:generateDebugResValues (Thread[#44864,Execution worker Thread 27,5,main]) started.
[        ] :connectivity_plus:generateDebugResValues (Thread[#44864,Execution worker Thread 27,5,main]) started.
[        ] > Task :connectivity_plus:generateDebugResValues UP-TO-DATE
[        ] Caching disabled for task ':connectivity_plus:generateDebugResValues' because:
[        ]   Build cache is disabled
[        ] Skipping task ':connectivity_plus:generateDebugResValues' as it is up-to-date.
[        ] Resolve mutations for :connectivity_plus:generateDebugResources (Thread[#44864,Execution worker Thread 27,5,main]) started.
[        ] :connectivity_plus:generateDebugResources (Thread[#44864,Execution worker Thread 27,5,main]) started.
[        ] > Task :connectivity_plus:generateDebugResources UP-TO-DATE
[        ] Caching disabled for task ':connectivity_plus:generateDebugResources' because:
[        ]   Build cache is disabled
[        ] Skipping task ':connectivity_plus:generateDebugResources' as it is up-to-date.
[        ] Resolve mutations for :connectivity_plus:packageDebugResources (Thread[#44864,Execution worker Thread 27,5,main]) started.
[        ] :connectivity_plus:packageDebugResources (Thread[#44864,Execution worker Thread 27,5,main]) started.
[        ] > Task :connectivity_plus:packageDebugResources UP-TO-DATE
[        ] Caching disabled for task ':connectivity_plus:packageDebugResources' because:
[        ]   Build cache is disabled
[        ] Skipping task ':connectivity_plus:packageDebugResources' as it is up-to-date.
[        ] work action resolve packageDebugResources (project :connectivity_plus) (Thread[#44864,Execution worker Thread 27,5,main]) started.
[        ] Resolve mutations for :emoji_picker_flutter:generateDebugResValues (Thread[#44864,Execution worker Thread 27,5,main]) started.
[        ] :emoji_picker_flutter:generateDebugResValues (Thread[#44864,Execution worker Thread 27,5,main]) started.
[        ] > Task :emoji_picker_flutter:generateDebugResValues UP-TO-DATE
[        ] Caching disabled for task ':emoji_picker_flutter:generateDebugResValues' because:
[        ]   Build cache is disabled
[        ] Skipping task ':emoji_picker_flutter:generateDebugResValues' as it is up-to-date.
[        ] Resolve mutations for :emoji_picker_flutter:generateDebugResources (Thread[#44864,Execution worker Thread 27,5,main]) started.
[        ] :emoji_picker_flutter:generateDebugResources (Thread[#44864,Execution worker Thread 27,5,main]) started.
[        ] > Task :emoji_picker_flutter:generateDebugResources UP-TO-DATE
[        ] Caching disabled for task ':emoji_picker_flutter:generateDebugResources' because:
[        ]   Build cache is disabled
[        ] Skipping task ':emoji_picker_flutter:generateDebugResources' as it is up-to-date.
[        ] Resolve mutations for :emoji_picker_flutter:packageDebugResources (Thread[#44864,Execution worker Thread 27,5,main]) started.
[        ] :emoji_picker_flutter:packageDebugResources (Thread[#44864,Execution worker Thread 27,5,main]) started.
[        ] > Task :emoji_picker_flutter:packageDebugResources UP-TO-DATE
[        ] Caching disabled for task ':emoji_picker_flutter:packageDebugResources' because:
[        ]   Build cache is disabled
[        ] Skipping task ':emoji_picker_flutter:packageDebugResources' as it is up-to-date.
[        ] work action resolve packageDebugResources (project :emoji_picker_flutter) (Thread[#44864,Execution worker Thread 27,5,main]) started.
[        ] Resolve mutations for :file_selector_android:generateDebugResValues (Thread[#44864,Execution worker Thread 27,5,main]) started.
[        ] :file_selector_android:generateDebugResValues (Thread[#44864,Execution worker Thread 27,5,main]) started.
[        ] > Task :file_selector_android:generateDebugResValues UP-TO-DATE
[        ] Caching disabled for task ':file_selector_android:generateDebugResValues' because:
[        ]   Build cache is disabled
[        ] Skipping task ':file_selector_android:generateDebugResValues' as it is up-to-date.
[        ] Resolve mutations for :file_selector_android:generateDebugResources (Thread[#44864,Execution worker Thread 27,5,main]) started.
[        ] :file_selector_android:generateDebugResources (Thread[#44864,Execution worker Thread 27,5,main]) started.
[        ] > Task :file_selector_android:generateDebugResources UP-TO-DATE
[        ] Caching disabled for task ':file_selector_android:generateDebugResources' because:
[        ]   Build cache is disabled
[        ] Skipping task ':file_selector_android:generateDebugResources' as it is up-to-date.
[        ] Resolve mutations for :file_selector_android:packageDebugResources (Thread[#44864,Execution worker Thread 27,5,main]) started.
[        ] :file_selector_android:packageDebugResources (Thread[#44864,Execution worker Thread 27,5,main]) started.
[        ] > Task :file_selector_android:packageDebugResources UP-TO-DATE
[        ] Caching disabled for task ':file_selector_android:packageDebugResources' because:
[        ]   Build cache is disabled
[        ] Skipping task ':file_selector_android:packageDebugResources' as it is up-to-date.
[        ] work action resolve packageDebugResources (project :file_selector_android) (Thread[#44864,Execution worker Thread 27,5,main]) started.
[        ] Resolve mutations for :flutter_keyboard_visibility_temp_fork:generateDebugResValues (Thread[#44864,Execution worker Thread 27,5,main]) started.
[        ] :flutter_keyboard_visibility_temp_fork:generateDebugResValues (Thread[#44864,Execution worker Thread 27,5,main]) started.
[        ] > Task :flutter_keyboard_visibility_temp_fork:generateDebugResValues UP-TO-DATE
[        ] Caching disabled for task ':flutter_keyboard_visibility_temp_fork:generateDebugResValues' because:
[        ]   Build cache is disabled
[        ] Skipping task ':flutter_keyboard_visibility_temp_fork:generateDebugResValues' as it is up-to-date.
[        ] Resolve mutations for :flutter_keyboard_visibility_temp_fork:generateDebugResources (Thread[#44864,Execution worker Thread 27,5,main]) started.
[        ] :flutter_keyboard_visibility_temp_fork:generateDebugResources (Thread[#44864,Execution worker Thread 27,5,main]) started.
[        ] > Task :flutter_keyboard_visibility_temp_fork:generateDebugResources UP-TO-DATE
[        ] Caching disabled for task ':flutter_keyboard_visibility_temp_fork:generateDebugResources' because:
[        ]   Build cache is disabled
[        ] Skipping task ':flutter_keyboard_visibility_temp_fork:generateDebugResources' as it is up-to-date.
[        ] Resolve mutations for :flutter_keyboard_visibility_temp_fork:packageDebugResources (Thread[#44864,Execution worker Thread 27,5,main]) started.
[        ] :flutter_keyboard_visibility_temp_fork:packageDebugResources (Thread[#44864,Execution worker Thread 27,5,main]) started.
[        ] > Task :flutter_keyboard_visibility_temp_fork:packageDebugResources UP-TO-DATE
[        ] Caching disabled for task ':flutter_keyboard_visibility_temp_fork:packageDebugResources' because:
[        ]   Build cache is disabled
[        ] Skipping task ':flutter_keyboard_visibility_temp_fork:packageDebugResources' as it is up-to-date.
[        ] work action resolve packageDebugResources (project :flutter_keyboard_visibility_temp_fork) (Thread[#44864,Execution worker Thread 27,5,main]) started.
[        ] Resolve mutations for :flutter_native_splash:generateDebugResValues (Thread[#44864,Execution worker Thread 27,5,main]) started.
[        ] :flutter_native_splash:generateDebugResValues (Thread[#44864,Execution worker Thread 27,5,main]) started.
[        ] > Task :flutter_native_splash:generateDebugResValues UP-TO-DATE
[        ] Caching disabled for task ':flutter_native_splash:generateDebugResValues' because:
[        ]   Build cache is disabled
[        ] Skipping task ':flutter_native_splash:generateDebugResValues' as it is up-to-date.
[        ] Resolve mutations for :flutter_native_splash:generateDebugResources (Thread[#44864,Execution worker Thread 27,5,main]) started.
[        ] :flutter_native_splash:generateDebugResources (Thread[#44864,Execution worker Thread 27,5,main]) started.
[        ] > Task :flutter_native_splash:generateDebugResources UP-TO-DATE
[        ] Caching disabled for task ':flutter_native_splash:generateDebugResources' because:
[        ]   Build cache is disabled
[        ] Skipping task ':flutter_native_splash:generateDebugResources' as it is up-to-date.
[        ] Resolve mutations for :flutter_native_splash:packageDebugResources (Thread[#44864,Execution worker Thread 27,5,main]) started.
[        ] :flutter_native_splash:packageDebugResources (Thread[#44864,Execution worker Thread 27,5,main]) started.
[        ] > Task :flutter_native_splash:packageDebugResources UP-TO-DATE
[        ] Caching disabled for task ':flutter_native_splash:packageDebugResources' because:
[        ]   Build cache is disabled
[        ] Skipping task ':flutter_native_splash:packageDebugResources' as it is up-to-date.
[        ] work action resolve packageDebugResources (project :flutter_native_splash) (Thread[#44864,Execution worker Thread 27,5,main]) started.
[        ] Resolve mutations for :flutter_olm:generateDebugResValues (Thread[#44864,Execution worker Thread 27,5,main]) started.
[        ] :flutter_olm:generateDebugResValues (Thread[#44864,Execution worker Thread 27,5,main]) started.
[        ] > Task :flutter_olm:generateDebugResValues UP-TO-DATE
[        ] Caching disabled for task ':flutter_olm:generateDebugResValues' because:
[        ]   Build cache is disabled
[        ] Skipping task ':flutter_olm:generateDebugResValues' as it is up-to-date.
[        ] Resolve mutations for :flutter_olm:generateDebugResources (Thread[#44864,Execution worker Thread 27,5,main]) started.
[        ] :flutter_olm:generateDebugResources (Thread[#44864,Execution worker Thread 27,5,main]) started.
[        ] > Task :flutter_olm:generateDebugResources UP-TO-DATE
[        ] Caching disabled for task ':flutter_olm:generateDebugResources' because:
[        ]   Build cache is disabled
[        ] Skipping task ':flutter_olm:generateDebugResources' as it is up-to-date.
[        ] Resolve mutations for :flutter_olm:packageDebugResources (Thread[#44864,Execution worker Thread 27,5,main]) started.
[        ] :flutter_olm:packageDebugResources (Thread[#44864,Execution worker Thread 27,5,main]) started.
[        ] > Task :flutter_olm:packageDebugResources UP-TO-DATE
[        ] Caching disabled for task ':flutter_olm:packageDebugResources' because:
[        ]   Build cache is disabled
[        ] Skipping task ':flutter_olm:packageDebugResources' as it is up-to-date.
[        ] work action resolve packageDebugResources (project :flutter_olm) (Thread[#44864,Execution worker Thread 27,5,main]) started.
[        ] Resolve mutations for :flutter_openssl_crypto:generateDebugResValues (Thread[#44864,Execution worker Thread 27,5,main]) started.
[        ] :flutter_openssl_crypto:generateDebugResValues (Thread[#44864,Execution worker Thread 27,5,main]) started.
[        ] > Task :flutter_openssl_crypto:generateDebugResValues UP-TO-DATE
[        ] Caching disabled for task ':flutter_openssl_crypto:generateDebugResValues' because:
[        ]   Build cache is disabled
[        ] Skipping task ':flutter_openssl_crypto:generateDebugResValues' as it is up-to-date.
[        ] Resolve mutations for :flutter_openssl_crypto:generateDebugResources (Thread[#44864,Execution worker Thread 27,5,main]) started.
[        ] :flutter_openssl_crypto:generateDebugResources (Thread[#44864,Execution worker Thread 27,5,main]) started.
[        ] > Task :flutter_openssl_crypto:generateDebugResources UP-TO-DATE
[        ] Caching disabled for task ':flutter_openssl_crypto:generateDebugResources' because:
[        ]   Build cache is disabled
[        ] Skipping task ':flutter_openssl_crypto:generateDebugResources' as it is up-to-date.
[        ] Resolve mutations for :flutter_openssl_crypto:packageDebugResources (Thread[#44864,Execution worker Thread 27,5,main]) started.
[        ] :flutter_openssl_crypto:packageDebugResources (Thread[#44864,Execution worker Thread 27,5,main]) started.
[        ] > Task :flutter_openssl_crypto:packageDebugResources UP-TO-DATE
[        ] Caching disabled for task ':flutter_openssl_crypto:packageDebugResources' because:
[        ]   Build cache is disabled
[        ] Skipping task ':flutter_openssl_crypto:packageDebugResources' as it is up-to-date.
[        ] work action resolve packageDebugResources (project :flutter_openssl_crypto) (Thread[#44864,Execution worker Thread 27,5,main]) started.
[        ] Resolve mutations for :integration_test:generateDebugResValues (Thread[#44864,Execution worker Thread 27,5,main]) started.
[        ] :integration_test:generateDebugResValues (Thread[#44864,Execution worker Thread 27,5,main]) started.
[        ] > Task :integration_test:generateDebugResValues UP-TO-DATE
[        ] Caching disabled for task ':integration_test:generateDebugResValues' because:
[        ]   Build cache is disabled
[        ] Skipping task ':integration_test:generateDebugResValues' as it is up-to-date.
[        ] Resolve mutations for :integration_test:generateDebugResources (Thread[#44864,Execution worker Thread 27,5,main]) started.
[        ] :integration_test:generateDebugResources (Thread[#44864,Execution worker Thread 27,5,main]) started.
[        ] > Task :integration_test:generateDebugResources UP-TO-DATE
[        ] Caching disabled for task ':integration_test:generateDebugResources' because:
[        ]   Build cache is disabled
[        ] Skipping task ':integration_test:generateDebugResources' as it is up-to-date.
[        ] Resolve mutations for :integration_test:packageDebugResources (Thread[#44864,Execution worker Thread 27,5,main]) started.
[        ] :integration_test:packageDebugResources (Thread[#44864,Execution worker Thread 27,5,main]) started.
[        ] > Task :integration_test:packageDebugResources UP-TO-DATE
[        ] Caching disabled for task ':integration_test:packageDebugResources' because:
[        ]   Build cache is disabled
[        ] Skipping task ':integration_test:packageDebugResources' as it is up-to-date.
[        ] work action resolve packageDebugResources (project :integration_test) (Thread[#44864,Execution worker Thread 27,5,main]) started.
[        ] Resolve mutations for :path_provider_android:generateDebugResValues (Thread[#44864,Execution worker Thread 27,5,main]) started.
[        ] :path_provider_android:generateDebugResValues (Thread[#44864,Execution worker Thread 27,5,main]) started.
[        ] > Task :path_provider_android:generateDebugResValues UP-TO-DATE
[        ] Caching disabled for task ':path_provider_android:generateDebugResValues' because:
[        ]   Build cache is disabled
[        ] Skipping task ':path_provider_android:generateDebugResValues' as it is up-to-date.
[        ] Resolve mutations for :path_provider_android:generateDebugResources (Thread[#44864,Execution worker Thread 27,5,main]) started.
[        ] :path_provider_android:generateDebugResources (Thread[#44864,Execution worker Thread 27,5,main]) started.
[        ] > Task :path_provider_android:generateDebugResources UP-TO-DATE
[        ] Caching disabled for task ':path_provider_android:generateDebugResources' because:
[        ]   Build cache is disabled
[        ] Skipping task ':path_provider_android:generateDebugResources' as it is up-to-date.
[        ] Resolve mutations for :path_provider_android:packageDebugResources (Thread[#44864,Execution worker Thread 27,5,main]) started.
[        ] :path_provider_android:packageDebugResources (Thread[#44864,Execution worker Thread 27,5,main]) started.
[        ] > Task :path_provider_android:packageDebugResources UP-TO-DATE
[        ] Caching disabled for task ':path_provider_android:packageDebugResources' because:
[        ]   Build cache is disabled
[        ] Skipping task ':path_provider_android:packageDebugResources' as it is up-to-date.
[        ] work action resolve packageDebugResources (project :path_provider_android) (Thread[#44864,Execution worker Thread 27,5,main]) started.
[        ] Resolve mutations for :quill_native_bridge_android:generateDebugResValues (Thread[#44864,Execution worker Thread 27,5,main]) started.
[        ] :quill_native_bridge_android:generateDebugResValues (Thread[#44864,Execution worker Thread 27,5,main]) started.
[        ] > Task :quill_native_bridge_android:generateDebugResValues UP-TO-DATE
[        ] Caching disabled for task ':quill_native_bridge_android:generateDebugResValues' because:
[        ]   Build cache is disabled
[        ] Skipping task ':quill_native_bridge_android:generateDebugResValues' as it is up-to-date.
[        ] Resolve mutations for :quill_native_bridge_android:generateDebugResources (Thread[#44864,Execution worker Thread 27,5,main]) started.
[        ] :quill_native_bridge_android:generateDebugResources (Thread[#44864,Execution worker Thread 27,5,main]) started.
[        ] > Task :quill_native_bridge_android:generateDebugResources UP-TO-DATE
[        ] Caching disabled for task ':quill_native_bridge_android:generateDebugResources' because:
[        ]   Build cache is disabled
[        ] Skipping task ':quill_native_bridge_android:generateDebugResources' as it is up-to-date.
[        ] Resolve mutations for :quill_native_bridge_android:packageDebugResources (Thread[#44864,Execution worker Thread 27,5,main]) started.
[        ] :quill_native_bridge_android:packageDebugResources (Thread[#44864,Execution worker Thread 27,5,main]) started.
[        ] > Task :quill_native_bridge_android:packageDebugResources UP-TO-DATE
[        ] Caching disabled for task ':quill_native_bridge_android:packageDebugResources' because:
[        ]   Build cache is disabled
[        ] Skipping task ':quill_native_bridge_android:packageDebugResources' as it is up-to-date.
[        ] work action resolve packageDebugResources (project :quill_native_bridge_android) (Thread[#44864,Execution worker Thread 27,5,main]) started.
[        ] Resolve mutations for :shared_preferences_android:generateDebugResValues (Thread[#44864,Execution worker Thread 27,5,main]) started.
[        ] :shared_preferences_android:generateDebugResValues (Thread[#44864,Execution worker Thread 27,5,main]) started.
[        ] > Task :shared_preferences_android:generateDebugResValues UP-TO-DATE
[        ] Caching disabled for task ':shared_preferences_android:generateDebugResValues' because:
[        ]   Build cache is disabled
[        ] Skipping task ':shared_preferences_android:generateDebugResValues' as it is up-to-date.
[        ] Resolve mutations for :shared_preferences_android:generateDebugResources (Thread[#44864,Execution worker Thread 27,5,main]) started.
[        ] :shared_preferences_android:generateDebugResources (Thread[#44864,Execution worker Thread 27,5,main]) started.
[        ] > Task :shared_preferences_android:generateDebugResources UP-TO-DATE
[        ] Caching disabled for task ':shared_preferences_android:generateDebugResources' because:
[        ]   Build cache is disabled
[        ] Skipping task ':shared_preferences_android:generateDebugResources' as it is up-to-date.
[        ] Resolve mutations for :shared_preferences_android:packageDebugResources (Thread[#44864,Execution worker Thread 27,5,main]) started.
[        ] :shared_preferences_android:packageDebugResources (Thread[#44864,Execution worker Thread 27,5,main]) started.
[        ] > Task :shared_preferences_android:packageDebugResources UP-TO-DATE
[        ] Caching disabled for task ':shared_preferences_android:packageDebugResources' because:
[        ]   Build cache is disabled
[        ] Skipping task ':shared_preferences_android:packageDebugResources' as it is up-to-date.
[        ] work action resolve packageDebugResources (project :shared_preferences_android) (Thread[#44864,Execution worker Thread 27,5,main]) started.
[        ] Resolve mutations for :sqflite_android:generateDebugResValues (Thread[#44864,Execution worker Thread 27,5,main]) started.
[        ] :sqflite_android:generateDebugResValues (Thread[#44864,Execution worker Thread 27,5,main]) started.
[        ] > Task :sqflite_android:generateDebugResValues UP-TO-DATE
[        ] Caching disabled for task ':sqflite_android:generateDebugResValues' because:
[        ]   Build cache is disabled
[        ] Skipping task ':sqflite_android:generateDebugResValues' as it is up-to-date.
[        ] Resolve mutations for :sqflite_android:generateDebugResources (Thread[#44864,Execution worker Thread 27,5,main]) started.
[        ] :sqflite_android:generateDebugResources (Thread[#44864,Execution worker Thread 27,5,main]) started.
[        ] > Task :sqflite_android:generateDebugResources UP-TO-DATE
[        ] Caching disabled for task ':sqflite_android:generateDebugResources' because:
[        ]   Build cache is disabled
[        ] Skipping task ':sqflite_android:generateDebugResources' as it is up-to-date.
[        ] Resolve mutations for :sqflite_android:packageDebugResources (Thread[#44864,Execution worker Thread 27,5,main]) started.
[        ] :sqflite_android:packageDebugResources (Thread[#44864,Execution worker Thread 27,5,main]) started.
[        ] > Task :sqflite_android:packageDebugResources UP-TO-DATE
[        ] Caching disabled for task ':sqflite_android:packageDebugResources' because:
[        ]   Build cache is disabled
[        ] Skipping task ':sqflite_android:packageDebugResources' as it is up-to-date.
[        ] work action resolve packageDebugResources (project :sqflite_android) (Thread[#44864,Execution worker Thread 27,5,main]) started.
[        ] Resolve mutations for :url_launcher_android:generateDebugResValues (Thread[#44864,Execution worker Thread 27,5,main]) started.
[        ] :url_launcher_android:generateDebugResValues (Thread[#44864,Execution worker Thread 27,5,main]) started.
[        ] > Task :url_launcher_android:generateDebugResValues UP-TO-DATE
[        ] Caching disabled for task ':url_launcher_android:generateDebugResValues' because:
[        ]   Build cache is disabled
[        ] Skipping task ':url_launcher_android:generateDebugResValues' as it is up-to-date.
[        ] Resolve mutations for :url_launcher_android:generateDebugResources (Thread[#44864,Execution worker Thread 27,5,main]) started.
[        ] :url_launcher_android:generateDebugResources (Thread[#44864,Execution worker Thread 27,5,main]) started.
[        ] > Task :url_launcher_android:generateDebugResources UP-TO-DATE
[        ] Caching disabled for task ':url_launcher_android:generateDebugResources' because:
[        ]   Build cache is disabled
[        ] Skipping task ':url_launcher_android:generateDebugResources' as it is up-to-date.
[        ] Resolve mutations for :url_launcher_android:packageDebugResources (Thread[#44864,Execution worker Thread 27,5,main]) started.
[        ] :url_launcher_android:packageDebugResources (Thread[#44864,Execution worker Thread 27,5,main]) started.
[        ] > Task :url_launcher_android:packageDebugResources UP-TO-DATE
[        ] Caching disabled for task ':url_launcher_android:packageDebugResources' because:
[        ]   Build cache is disabled
[        ] Skipping task ':url_launcher_android:packageDebugResources' as it is up-to-date.
[        ] work action resolve packageDebugResources (project :url_launcher_android) (Thread[#44864,Execution worker Thread 27,5,main]) started.
[        ] Resolve mutations for :video_player_android:generateDebugResValues (Thread[#44864,Execution worker Thread 27,5,main]) started.
[        ] :video_player_android:generateDebugResValues (Thread[#44864,Execution worker Thread 27,5,main]) started.
[        ] > Task :video_player_android:generateDebugResValues UP-TO-DATE
[        ] Caching disabled for task ':video_player_android:generateDebugResValues' because:
[        ]   Build cache is disabled
[        ] Skipping task ':video_player_android:generateDebugResValues' as it is up-to-date.
[        ] Resolve mutations for :video_player_android:generateDebugResources (Thread[#44864,Execution worker Thread 27,5,main]) started.
[        ] :video_player_android:generateDebugResources (Thread[#44864,Execution worker Thread 27,5,main]) started.
[        ] > Task :video_player_android:generateDebugResources UP-TO-DATE
[        ] Caching disabled for task ':video_player_android:generateDebugResources' because:
[        ]   Build cache is disabled
[        ] Skipping task ':video_player_android:generateDebugResources' as it is up-to-date.
[        ] Resolve mutations for :video_player_android:packageDebugResources (Thread[#44864,Execution worker Thread 27,5,main]) started.
[        ] :video_player_android:packageDebugResources (Thread[#44864,Execution worker Thread 27,5,main]) started.
[        ] > Task :video_player_android:packageDebugResources UP-TO-DATE
[        ] Caching disabled for task ':video_player_android:packageDebugResources' because:
[        ]   Build cache is disabled
[        ] Skipping task ':video_player_android:packageDebugResources' as it is up-to-date.
[        ] work action resolve packageDebugResources (project :video_player_android) (Thread[#44864,Execution worker Thread 27,5,main]) started.
[        ] Resolve mutations for :app:mapDebugSourceSetPaths (Thread[#44864,Execution worker Thread 27,5,main]) started.
[        ] :app:mapDebugSourceSetPaths (Thread[#44864,Execution worker Thread 27,5,main]) started.
18:23 +13 -41: loading /Users/florian/Code/substitution/integration_test/room_discovery_strict_test.dart                                                                                               [  +95 ms] > Task :app:mapDebugSourceSetPaths UP-TO-DATE
[        ] Caching disabled for task ':app:mapDebugSourceSetPaths' because:
[        ]   Build cache is disabled
[        ]   Caching has been disabled for the task
[        ] Skipping task ':app:mapDebugSourceSetPaths' as it is up-to-date.
[        ] Resolve mutations for :app:generateDebugResources (Thread[#44864,Execution worker Thread 27,5,main]) started.
[        ] :app:generateDebugResources (Thread[#44864,Execution worker Thread 27,5,main]) started.
[        ] > Task :app:generateDebugResources UP-TO-DATE
[        ] Caching disabled for task ':app:generateDebugResources' because:
[        ]   Build cache is disabled
[        ] Skipping task ':app:generateDebugResources' as it is up-to-date.
[        ] Resolve mutations for :app:mergeDebugResources (Thread[#44864,Execution worker Thread 27,5,main]) started.
[        ] :app:mergeDebugResources (Thread[#44864,Execution worker Thread 27,5,main]) started.
[        ] > Task :app:mergeDebugResources UP-TO-DATE
[        ] Caching disabled for task ':app:mergeDebugResources' because:
[        ]   Build cache is disabled
[        ] Skipping task ':app:mergeDebugResources' as it is up-to-date.
[        ] Resolve mutations for :app:packageDebugResources (Thread[#44864,Execution worker Thread 27,5,main]) started.
[        ] :app:packageDebugResources (Thread[#44849,Execution worker Thread 12,5,main]) started.
[        ] > Task :app:packageDebugResources UP-TO-DATE
[        ] Caching disabled for task ':app:packageDebugResources' because:
[        ]   Build cache is disabled
[        ] Skipping task ':app:packageDebugResources' as it is up-to-date.
[        ] Resolve mutations for :app:parseDebugLocalResources (Thread[#44849,Execution worker Thread 12,5,main]) started.
[        ] :app:parseDebugLocalResources (Thread[#44849,Execution worker Thread 12,5,main]) started.
[        ] > Task :app:parseDebugLocalResources UP-TO-DATE
[        ] Caching disabled for task ':app:parseDebugLocalResources' because:
[        ]   Build cache is disabled
[        ] Skipping task ':app:parseDebugLocalResources' as it is up-to-date.
[        ] Resolve mutations for :app:createDebugCompatibleScreenManifests (Thread[#44849,Execution worker Thread 12,5,main]) started.
[        ] :app:createDebugCompatibleScreenManifests (Thread[#44849,Execution worker Thread 12,5,main]) started.
[        ] > Task :app:createDebugCompatibleScreenManifests UP-TO-DATE
[        ] Caching disabled for task ':app:createDebugCompatibleScreenManifests' because:
[        ]   Build cache is disabled
[        ]   Caching has been disabled for the task
[        ] Skipping task ':app:createDebugCompatibleScreenManifests' as it is up-to-date.
[        ] Resolve mutations for :app:extractDeepLinksDebug (Thread[#44849,Execution worker Thread 12,5,main]) started.
[        ] :app:extractDeepLinksDebug (Thread[#44849,Execution worker Thread 12,5,main]) started.
[        ] > Task :app:extractDeepLinksDebug UP-TO-DATE
[        ] Caching disabled for task ':app:extractDeepLinksDebug' because:
[        ]   Build cache is disabled
[        ] Skipping task ':app:extractDeepLinksDebug' as it is up-to-date.
[        ] Resolve mutations for :connectivity_plus:extractDeepLinksDebug (Thread[#44849,Execution worker Thread 12,5,main]) started.
[        ] :connectivity_plus:extractDeepLinksDebug (Thread[#44849,Execution worker Thread 12,5,main]) started.
[        ] > Task :connectivity_plus:extractDeepLinksDebug UP-TO-DATE
[        ] Caching disabled for task ':connectivity_plus:extractDeepLinksDebug' because:
[        ]   Build cache is disabled
[        ] Skipping task ':connectivity_plus:extractDeepLinksDebug' as it is up-to-date.
[        ] work action resolve navigation.json (project :connectivity_plus) (Thread[#44849,Execution worker Thread 12,5,main]) started.
[        ] Resolve mutations for :connectivity_plus:processDebugManifest (Thread[#44849,Execution worker Thread 12,5,main]) started.
[        ] :connectivity_plus:processDebugManifest (Thread[#44849,Execution worker Thread 12,5,main]) started.
[        ] > Task :connectivity_plus:processDebugManifest UP-TO-DATE
[        ] Caching disabled for task ':connectivity_plus:processDebugManifest' because:
[        ]   Build cache is disabled
[        ] Skipping task ':connectivity_plus:processDebugManifest' as it is up-to-date.
[        ] work action resolve AndroidManifest.xml (project :connectivity_plus) (Thread[#44849,Execution worker Thread 12,5,main]) started.
[        ] Resolve mutations for :emoji_picker_flutter:extractDeepLinksDebug (Thread[#44849,Execution worker Thread 12,5,main]) started.
[        ] :emoji_picker_flutter:extractDeepLinksDebug (Thread[#44849,Execution worker Thread 12,5,main]) started.
[        ] > Task :emoji_picker_flutter:extractDeepLinksDebug UP-TO-DATE
[        ] Caching disabled for task ':emoji_picker_flutter:extractDeepLinksDebug' because:
[        ]   Build cache is disabled
[        ] Skipping task ':emoji_picker_flutter:extractDeepLinksDebug' as it is up-to-date.
[        ] work action resolve navigation.json (project :emoji_picker_flutter) (Thread[#44849,Execution worker Thread 12,5,main]) started.
[        ] Resolve mutations for :emoji_picker_flutter:processDebugManifest (Thread[#44849,Execution worker Thread 12,5,main]) started.
[        ] :emoji_picker_flutter:processDebugManifest (Thread[#44849,Execution worker Thread 12,5,main]) started.
[        ] > Task :emoji_picker_flutter:processDebugManifest UP-TO-DATE
[        ] Caching disabled for task ':emoji_picker_flutter:processDebugManifest' because:
[        ]   Build cache is disabled
[        ] Skipping task ':emoji_picker_flutter:processDebugManifest' as it is up-to-date.
[        ] work action resolve AndroidManifest.xml (project :emoji_picker_flutter) (Thread[#44849,Execution worker Thread 12,5,main]) started.
[        ] Resolve mutations for :file_selector_android:extractDeepLinksDebug (Thread[#44849,Execution worker Thread 12,5,main]) started.
[        ] :file_selector_android:extractDeepLinksDebug (Thread[#44849,Execution worker Thread 12,5,main]) started.
[        ] > Task :file_selector_android:extractDeepLinksDebug UP-TO-DATE
[        ] Caching disabled for task ':file_selector_android:extractDeepLinksDebug' because:
[        ]   Build cache is disabled
[        ] Skipping task ':file_selector_android:extractDeepLinksDebug' as it is up-to-date.
[        ] work action resolve navigation.json (project :file_selector_android) (Thread[#44849,Execution worker Thread 12,5,main]) started.
[        ] Resolve mutations for :file_selector_android:processDebugManifest (Thread[#44849,Execution worker Thread 12,5,main]) started.
[        ] :file_selector_android:processDebugManifest (Thread[#44849,Execution worker Thread 12,5,main]) started.
[        ] > Task :file_selector_android:processDebugManifest UP-TO-DATE
[        ] Caching disabled for task ':file_selector_android:processDebugManifest' because:
[        ]   Build cache is disabled
[        ] Skipping task ':file_selector_android:processDebugManifest' as it is up-to-date.
[        ] work action resolve AndroidManifest.xml (project :file_selector_android) (Thread[#44849,Execution worker Thread 12,5,main]) started.
[        ] Resolve mutations for :flutter_keyboard_visibility_temp_fork:extractDeepLinksDebug (Thread[#44849,Execution worker Thread 12,5,main]) started.
[        ] :flutter_keyboard_visibility_temp_fork:extractDeepLinksDebug (Thread[#44849,Execution worker Thread 12,5,main]) started.
[        ] > Task :flutter_keyboard_visibility_temp_fork:extractDeepLinksDebug UP-TO-DATE
[        ] Caching disabled for task ':flutter_keyboard_visibility_temp_fork:extractDeepLinksDebug' because:
[        ]   Build cache is disabled
[        ] Skipping task ':flutter_keyboard_visibility_temp_fork:extractDeepLinksDebug' as it is up-to-date.
[        ] work action resolve navigation.json (project :flutter_keyboard_visibility_temp_fork) (Thread[#44849,Execution worker Thread 12,5,main]) started.
[        ] Resolve mutations for :flutter_keyboard_visibility_temp_fork:processDebugManifest (Thread[#44849,Execution worker Thread 12,5,main]) started.
[        ] :flutter_keyboard_visibility_temp_fork:processDebugManifest (Thread[#44849,Execution worker Thread 12,5,main]) started.
[        ] > Task :flutter_keyboard_visibility_temp_fork:processDebugManifest UP-TO-DATE
[        ] Caching disabled for task ':flutter_keyboard_visibility_temp_fork:processDebugManifest' because:
[        ]   Build cache is disabled
[        ] Skipping task ':flutter_keyboard_visibility_temp_fork:processDebugManifest' as it is up-to-date.
[        ] work action resolve AndroidManifest.xml (project :flutter_keyboard_visibility_temp_fork) (Thread[#44849,Execution worker Thread 12,5,main]) started.
[        ] Resolve mutations for :flutter_native_splash:extractDeepLinksDebug (Thread[#44849,Execution worker Thread 12,5,main]) started.
[        ] :flutter_native_splash:extractDeepLinksDebug (Thread[#44849,Execution worker Thread 12,5,main]) started.
[        ] > Task :flutter_native_splash:extractDeepLinksDebug UP-TO-DATE
[        ] Caching disabled for task ':flutter_native_splash:extractDeepLinksDebug' because:
[        ]   Build cache is disabled
[        ] Skipping task ':flutter_native_splash:extractDeepLinksDebug' as it is up-to-date.
[        ] work action resolve navigation.json (project :flutter_native_splash) (Thread[#44849,Execution worker Thread 12,5,main]) started.
[        ] Resolve mutations for :flutter_native_splash:processDebugManifest (Thread[#44849,Execution worker Thread 12,5,main]) started.
[        ] :flutter_native_splash:processDebugManifest (Thread[#44849,Execution worker Thread 12,5,main]) started.
[        ] > Task :flutter_native_splash:processDebugManifest UP-TO-DATE
[        ] Caching disabled for task ':flutter_native_splash:processDebugManifest' because:
[        ]   Build cache is disabled
[        ] Skipping task ':flutter_native_splash:processDebugManifest' as it is up-to-date.
[        ] work action resolve AndroidManifest.xml (project :flutter_native_splash) (Thread[#44849,Execution worker Thread 12,5,main]) started.
[        ] Resolve mutations for :flutter_olm:extractDeepLinksDebug (Thread[#44849,Execution worker Thread 12,5,main]) started.
[        ] :flutter_olm:extractDeepLinksDebug (Thread[#44849,Execution worker Thread 12,5,main]) started.
[        ] > Task :flutter_olm:extractDeepLinksDebug UP-TO-DATE
[        ] Caching disabled for task ':flutter_olm:extractDeepLinksDebug' because:
[        ]   Build cache is disabled
[        ] Skipping task ':flutter_olm:extractDeepLinksDebug' as it is up-to-date.
[        ] work action resolve navigation.json (project :flutter_olm) (Thread[#44849,Execution worker Thread 12,5,main]) started.
[        ] Resolve mutations for :flutter_olm:processDebugManifest (Thread[#44849,Execution worker Thread 12,5,main]) started.
[        ] :flutter_olm:processDebugManifest (Thread[#44849,Execution worker Thread 12,5,main]) started.
[        ] > Task :flutter_olm:processDebugManifest UP-TO-DATE
[        ] Caching disabled for task ':flutter_olm:processDebugManifest' because:
[        ]   Build cache is disabled
[        ] Skipping task ':flutter_olm:processDebugManifest' as it is up-to-date.
[        ] work action resolve AndroidManifest.xml (project :flutter_olm) (Thread[#44849,Execution worker Thread 12,5,main]) started.
[        ] Resolve mutations for :flutter_openssl_crypto:extractDeepLinksDebug (Thread[#44849,Execution worker Thread 12,5,main]) started.
[        ] :flutter_openssl_crypto:extractDeepLinksDebug (Thread[#44849,Execution worker Thread 12,5,main]) started.
[        ] > Task :flutter_openssl_crypto:extractDeepLinksDebug UP-TO-DATE
[        ] Caching disabled for task ':flutter_openssl_crypto:extractDeepLinksDebug' because:
[        ]   Build cache is disabled
[        ] Skipping task ':flutter_openssl_crypto:extractDeepLinksDebug' as it is up-to-date.
[        ] work action resolve navigation.json (project :flutter_openssl_crypto) (Thread[#44857,Execution worker Thread 20,5,main]) started.
[        ] Resolve mutations for :flutter_openssl_crypto:processDebugManifest (Thread[#44857,Execution worker Thread 20,5,main]) started.
[        ] :flutter_openssl_crypto:processDebugManifest (Thread[#44857,Execution worker Thread 20,5,main]) started.
[        ] > Task :flutter_openssl_crypto:processDebugManifest UP-TO-DATE
[        ] Caching disabled for task ':flutter_openssl_crypto:processDebugManifest' because:
[        ]   Build cache is disabled
[        ] Skipping task ':flutter_openssl_crypto:processDebugManifest' as it is up-to-date.
[        ] work action resolve AndroidManifest.xml (project :flutter_openssl_crypto) (Thread[#44857,Execution worker Thread 20,5,main]) started.
[        ] Resolve mutations for :integration_test:extractDeepLinksDebug (Thread[#44857,Execution worker Thread 20,5,main]) started.
[        ] :integration_test:extractDeepLinksDebug (Thread[#44857,Execution worker Thread 20,5,main]) started.
[        ] > Task :integration_test:extractDeepLinksDebug UP-TO-DATE
[        ] Caching disabled for task ':integration_test:extractDeepLinksDebug' because:
[        ]   Build cache is disabled
[        ] Skipping task ':integration_test:extractDeepLinksDebug' as it is up-to-date.
[        ] work action resolve navigation.json (project :integration_test) (Thread[#44857,Execution worker Thread 20,5,main]) started.
[        ] Resolve mutations for :integration_test:processDebugManifest (Thread[#44857,Execution worker Thread 20,5,main]) started.
[        ] :integration_test:processDebugManifest (Thread[#44857,Execution worker Thread 20,5,main]) started.
[        ] > Task :integration_test:processDebugManifest UP-TO-DATE
[        ] Caching disabled for task ':integration_test:processDebugManifest' because:
[        ]   Build cache is disabled
[        ] Skipping task ':integration_test:processDebugManifest' as it is up-to-date.
[        ] work action resolve AndroidManifest.xml (project :integration_test) (Thread[#44857,Execution worker Thread 20,5,main]) started.
[        ] Resolve mutations for :path_provider_android:extractDeepLinksDebug (Thread[#44857,Execution worker Thread 20,5,main]) started.
[        ] :path_provider_android:extractDeepLinksDebug (Thread[#44868,Execution worker Thread 31,5,main]) started.
[        ] > Task :path_provider_android:extractDeepLinksDebug UP-TO-DATE
[        ] Caching disabled for task ':path_provider_android:extractDeepLinksDebug' because:
[        ]   Build cache is disabled
[        ] Skipping task ':path_provider_android:extractDeepLinksDebug' as it is up-to-date.
[        ] work action resolve navigation.json (project :path_provider_android) (Thread[#44868,Execution worker Thread 31,5,main]) started.
[        ] Resolve mutations for :path_provider_android:processDebugManifest (Thread[#44868,Execution worker Thread 31,5,main]) started.
[        ] :path_provider_android:processDebugManifest (Thread[#44868,Execution worker Thread 31,5,main]) started.
[        ] > Task :path_provider_android:processDebugManifest UP-TO-DATE
[        ] Caching disabled for task ':path_provider_android:processDebugManifest' because:
[        ]   Build cache is disabled
[        ] Skipping task ':path_provider_android:processDebugManifest' as it is up-to-date.
[        ] work action resolve AndroidManifest.xml (project :path_provider_android) (Thread[#44868,Execution worker Thread 31,5,main]) started.
[        ] Resolve mutations for :quill_native_bridge_android:extractDeepLinksDebug (Thread[#44868,Execution worker Thread 31,5,main]) started.
[        ] :quill_native_bridge_android:extractDeepLinksDebug (Thread[#44868,Execution worker Thread 31,5,main]) started.
[        ] > Task :quill_native_bridge_android:extractDeepLinksDebug UP-TO-DATE
[        ] Caching disabled for task ':quill_native_bridge_android:extractDeepLinksDebug' because:
[        ]   Build cache is disabled
[        ] Skipping task ':quill_native_bridge_android:extractDeepLinksDebug' as it is up-to-date.
[        ] work action resolve navigation.json (project :quill_native_bridge_android) (Thread[#44868,Execution worker Thread 31,5,main]) started.
[        ] Resolve mutations for :quill_native_bridge_android:processDebugManifest (Thread[#44868,Execution worker Thread 31,5,main]) started.
[        ] :quill_native_bridge_android:processDebugManifest (Thread[#44868,Execution worker Thread 31,5,main]) started.
[        ] > Task :quill_native_bridge_android:processDebugManifest UP-TO-DATE
[        ] Caching disabled for task ':quill_native_bridge_android:processDebugManifest' because:
[        ]   Build cache is disabled
[        ] Skipping task ':quill_native_bridge_android:processDebugManifest' as it is up-to-date.
[        ] work action resolve AndroidManifest.xml (project :quill_native_bridge_android) (Thread[#44868,Execution worker Thread 31,5,main]) started.
[        ] Resolve mutations for :shared_preferences_android:extractDeepLinksDebug (Thread[#44868,Execution worker Thread 31,5,main]) started.
[        ] :shared_preferences_android:extractDeepLinksDebug (Thread[#44868,Execution worker Thread 31,5,main]) started.
[        ] > Task :shared_preferences_android:extractDeepLinksDebug UP-TO-DATE
[        ] Caching disabled for task ':shared_preferences_android:extractDeepLinksDebug' because:
[        ]   Build cache is disabled
[        ] Skipping task ':shared_preferences_android:extractDeepLinksDebug' as it is up-to-date.
[        ] work action resolve navigation.json (project :shared_preferences_android) (Thread[#44868,Execution worker Thread 31,5,main]) started.
[        ] Resolve mutations for :shared_preferences_android:processDebugManifest (Thread[#44868,Execution worker Thread 31,5,main]) started.
[        ] :shared_preferences_android:processDebugManifest (Thread[#44868,Execution worker Thread 31,5,main]) started.
[        ] > Task :shared_preferences_android:processDebugManifest UP-TO-DATE
[        ] Caching disabled for task ':shared_preferences_android:processDebugManifest' because:
[        ]   Build cache is disabled
[        ] Skipping task ':shared_preferences_android:processDebugManifest' as it is up-to-date.
[        ] work action resolve AndroidManifest.xml (project :shared_preferences_android) (Thread[#44868,Execution worker Thread 31,5,main]) started.
[        ] Resolve mutations for :sqflite_android:extractDeepLinksDebug (Thread[#44868,Execution worker Thread 31,5,main]) started.
[        ] :sqflite_android:extractDeepLinksDebug (Thread[#44868,Execution worker Thread 31,5,main]) started.
[        ] > Task :sqflite_android:extractDeepLinksDebug UP-TO-DATE
[        ] Caching disabled for task ':sqflite_android:extractDeepLinksDebug' because:
[        ]   Build cache is disabled
[        ] Skipping task ':sqflite_android:extractDeepLinksDebug' as it is up-to-date.
[        ] work action resolve navigation.json (project :sqflite_android) (Thread[#44868,Execution worker Thread 31,5,main]) started.
[        ] Resolve mutations for :sqflite_android:processDebugManifest (Thread[#44868,Execution worker Thread 31,5,main]) started.
[        ] :sqflite_android:processDebugManifest (Thread[#44868,Execution worker Thread 31,5,main]) started.
[        ] > Task :sqflite_android:processDebugManifest UP-TO-DATE
[        ] Caching disabled for task ':sqflite_android:processDebugManifest' because:
[        ]   Build cache is disabled
[        ] Skipping task ':sqflite_android:processDebugManifest' as it is up-to-date.
[        ] work action resolve AndroidManifest.xml (project :sqflite_android) (Thread[#44868,Execution worker Thread 31,5,main]) started.
[        ] Resolve mutations for :url_launcher_android:extractDeepLinksDebug (Thread[#44868,Execution worker Thread 31,5,main]) started.
[        ] :url_launcher_android:extractDeepLinksDebug (Thread[#44868,Execution worker Thread 31,5,main]) started.
[        ] > Task :url_launcher_android:extractDeepLinksDebug UP-TO-DATE
[        ] Caching disabled for task ':url_launcher_android:extractDeepLinksDebug' because:
[        ]   Build cache is disabled
[        ] Skipping task ':url_launcher_android:extractDeepLinksDebug' as it is up-to-date.
[        ] work action resolve navigation.json (project :url_launcher_android) (Thread[#44868,Execution worker Thread 31,5,main]) started.
[        ] Resolve mutations for :url_launcher_android:processDebugManifest (Thread[#44868,Execution worker Thread 31,5,main]) started.
[        ] :url_launcher_android:processDebugManifest (Thread[#44868,Execution worker Thread 31,5,main]) started.
[        ] > Task :url_launcher_android:processDebugManifest UP-TO-DATE
[        ] Caching disabled for task ':url_launcher_android:processDebugManifest' because:
[        ]   Build cache is disabled
[        ] Skipping task ':url_launcher_android:processDebugManifest' as it is up-to-date.
[        ] work action resolve AndroidManifest.xml (project :url_launcher_android) (Thread[#44868,Execution worker Thread 31,5,main]) started.
[        ] Resolve mutations for :video_player_android:extractDeepLinksDebug (Thread[#44868,Execution worker Thread 31,5,main]) started.
[        ] :video_player_android:extractDeepLinksDebug (Thread[#44868,Execution worker Thread 31,5,main]) started.
[        ] > Task :video_player_android:extractDeepLinksDebug UP-TO-DATE
[        ] Caching disabled for task ':video_player_android:extractDeepLinksDebug' because:
[        ]   Build cache is disabled
[        ] Skipping task ':video_player_android:extractDeepLinksDebug' as it is up-to-date.
[        ] work action resolve navigation.json (project :video_player_android) (Thread[#44868,Execution worker Thread 31,5,main]) started.
[        ] Resolve mutations for :video_player_android:processDebugManifest (Thread[#44868,Execution worker Thread 31,5,main]) started.
[        ] :video_player_android:processDebugManifest (Thread[#44868,Execution worker Thread 31,5,main]) started.
[        ] > Task :video_player_android:processDebugManifest UP-TO-DATE
[        ] Caching disabled for task ':video_player_android:processDebugManifest' because:
[        ]   Build cache is disabled
[        ] Skipping task ':video_player_android:processDebugManifest' as it is up-to-date.
[        ] work action resolve AndroidManifest.xml (project :video_player_android) (Thread[#44868,Execution worker Thread 31,5,main]) started.
[        ] Resolve mutations for :app:processDebugMainManifest (Thread[#44868,Execution worker Thread 31,5,main]) started.
[        ] :app:processDebugMainManifest (Thread[#44868,Execution worker Thread 31,5,main]) started.
[        ] > Task :app:processDebugMainManifest UP-TO-DATE
[        ] Caching disabled for task ':app:processDebugMainManifest' because:
[        ]   Build cache is disabled
[        ] Skipping task ':app:processDebugMainManifest' as it is up-to-date.
[        ] Resolve mutations for :app:outputDebugAppLinkSettings (Thread[#44868,Execution worker Thread 31,5,main]) started.
[        ] :app:outputDebugAppLinkSettings (Thread[#44868,Execution worker Thread 31,5,main]) started.
[        ] > Task :app:outputDebugAppLinkSettings UP-TO-DATE
[        ] Caching disabled for task ':app:outputDebugAppLinkSettings' because:
[        ]   Build cache is disabled
[        ]   Caching has not been enabled for the task
[        ] Skipping task ':app:outputDebugAppLinkSettings' as it is up-to-date.
[        ] Resolve mutations for :app:processDebugManifest (Thread[#44868,Execution worker Thread 31,5,main]) started.
[        ] :app:processDebugManifest (Thread[#44868,Execution worker Thread 31,5,main]) started.
[        ] > Task :app:processDebugManifest UP-TO-DATE
[        ] Caching disabled for task ':app:processDebugManifest' because:
[        ]   Build cache is disabled
[        ] Skipping task ':app:processDebugManifest' as it is up-to-date.
[        ] Resolve mutations for :app:processDebugManifestForPackage (Thread[#44868,Execution worker Thread 31,5,main]) started.
[        ] :app:processDebugManifestForPackage (Thread[#44868,Execution worker Thread 31,5,main]) started.
[        ] > Task :app:processDebugManifestForPackage UP-TO-DATE
[        ] Custom actions are attached to task ':app:processDebugManifestForPackage'.
[        ] Caching disabled for task ':app:processDebugManifestForPackage' because:
[        ]   Build cache is disabled
[        ] Skipping task ':app:processDebugManifestForPackage' as it is up-to-date.
[        ] Resolve mutations for :connectivity_plus:compileDebugLibraryResources (Thread[#44868,Execution worker Thread 31,5,main]) started.
[        ] :connectivity_plus:compileDebugLibraryResources (Thread[#44868,Execution worker Thread 31,5,main]) started.
[        ] > Task :connectivity_plus:compileDebugLibraryResources UP-TO-DATE
[        ] Caching disabled for task ':connectivity_plus:compileDebugLibraryResources' because:
[        ]   Build cache is disabled
[        ] Skipping task ':connectivity_plus:compileDebugLibraryResources' as it is up-to-date.
[        ] work action resolve out (project :connectivity_plus) (Thread[#44868,Execution worker Thread 31,5,main]) started.
[        ] Resolve mutations for :connectivity_plus:parseDebugLocalResources (Thread[#44868,Execution worker Thread 31,5,main]) started.
[        ] :connectivity_plus:parseDebugLocalResources (Thread[#44868,Execution worker Thread 31,5,main]) started.
[        ] > Task :connectivity_plus:parseDebugLocalResources UP-TO-DATE
[        ] Caching disabled for task ':connectivity_plus:parseDebugLocalResources' because:
[        ]   Build cache is disabled
[        ] Skipping task ':connectivity_plus:parseDebugLocalResources' as it is up-to-date.
[        ] Resolve mutations for :connectivity_plus:generateDebugRFile (Thread[#44868,Execution worker Thread 31,5,main]) started.
[        ] :connectivity_plus:generateDebugRFile (Thread[#44868,Execution worker Thread 31,5,main]) started.
[        ] > Task :connectivity_plus:generateDebugRFile UP-TO-DATE
[        ] Caching disabled for task ':connectivity_plus:generateDebugRFile' because:
[        ]   Build cache is disabled
[        ] Skipping task ':connectivity_plus:generateDebugRFile' as it is up-to-date.
[        ] work action resolve package-aware-r.txt (project :connectivity_plus) (Thread[#44868,Execution worker Thread 31,5,main]) started.
[        ] Resolve mutations for :emoji_picker_flutter:compileDebugLibraryResources (Thread[#44868,Execution worker Thread 31,5,main]) started.
[        ] :emoji_picker_flutter:compileDebugLibraryResources (Thread[#44868,Execution worker Thread 31,5,main]) started.
[        ] > Task :emoji_picker_flutter:compileDebugLibraryResources UP-TO-DATE
[        ] Caching disabled for task ':emoji_picker_flutter:compileDebugLibraryResources' because:
[        ]   Build cache is disabled
[        ] Skipping task ':emoji_picker_flutter:compileDebugLibraryResources' as it is up-to-date.
[        ] work action resolve out (project :emoji_picker_flutter) (Thread[#44868,Execution worker Thread 31,5,main]) started.
[        ] Resolve mutations for :emoji_picker_flutter:parseDebugLocalResources (Thread[#44868,Execution worker Thread 31,5,main]) started.
[        ] :emoji_picker_flutter:parseDebugLocalResources (Thread[#44868,Execution worker Thread 31,5,main]) started.
[        ] > Task :emoji_picker_flutter:parseDebugLocalResources UP-TO-DATE
[        ] Caching disabled for task ':emoji_picker_flutter:parseDebugLocalResources' because:
[        ]   Build cache is disabled
[        ] Skipping task ':emoji_picker_flutter:parseDebugLocalResources' as it is up-to-date.
[        ] Resolve mutations for :emoji_picker_flutter:generateDebugRFile (Thread[#44868,Execution worker Thread 31,5,main]) started.
[        ] :emoji_picker_flutter:generateDebugRFile (Thread[#44868,Execution worker Thread 31,5,main]) started.
[        ] > Task :emoji_picker_flutter:generateDebugRFile UP-TO-DATE
[        ] Caching disabled for task ':emoji_picker_flutter:generateDebugRFile' because:
[        ]   Build cache is disabled
[        ] Skipping task ':emoji_picker_flutter:generateDebugRFile' as it is up-to-date.
[        ] work action resolve package-aware-r.txt (project :emoji_picker_flutter) (Thread[#44868,Execution worker Thread 31,5,main]) started.
[        ] Resolve mutations for :file_selector_android:compileDebugLibraryResources (Thread[#44868,Execution worker Thread 31,5,main]) started.
[        ] :file_selector_android:compileDebugLibraryResources (Thread[#44868,Execution worker Thread 31,5,main]) started.
[        ] > Task :file_selector_android:compileDebugLibraryResources UP-TO-DATE
[        ] Caching disabled for task ':file_selector_android:compileDebugLibraryResources' because:
[        ]   Build cache is disabled
[        ] Skipping task ':file_selector_android:compileDebugLibraryResources' as it is up-to-date.
[        ] work action resolve out (project :file_selector_android) (Thread[#44868,Execution worker Thread 31,5,main]) started.
[        ] Resolve mutations for :file_selector_android:parseDebugLocalResources (Thread[#44868,Execution worker Thread 31,5,main]) started.
[        ] :file_selector_android:parseDebugLocalResources (Thread[#44868,Execution worker Thread 31,5,main]) started.
[        ] > Task :file_selector_android:parseDebugLocalResources UP-TO-DATE
[        ] Caching disabled for task ':file_selector_android:parseDebugLocalResources' because:
[        ]   Build cache is disabled
[        ] Skipping task ':file_selector_android:parseDebugLocalResources' as it is up-to-date.
[        ] Resolve mutations for :file_selector_android:generateDebugRFile (Thread[#44868,Execution worker Thread 31,5,main]) started.
[        ] :file_selector_android:generateDebugRFile (Thread[#44868,Execution worker Thread 31,5,main]) started.
[        ] > Task :file_selector_android:generateDebugRFile UP-TO-DATE
[        ] Caching disabled for task ':file_selector_android:generateDebugRFile' because:
[        ]   Build cache is disabled
[        ] Skipping task ':file_selector_android:generateDebugRFile' as it is up-to-date.
[        ] work action resolve package-aware-r.txt (project :file_selector_android) (Thread[#44868,Execution worker Thread 31,5,main]) started.
[        ] Resolve mutations for :flutter_keyboard_visibility_temp_fork:compileDebugLibraryResources (Thread[#44868,Execution worker Thread 31,5,main]) started.
[        ] :flutter_keyboard_visibility_temp_fork:compileDebugLibraryResources (Thread[#44868,Execution worker Thread 31,5,main]) started.
[        ] > Task :flutter_keyboard_visibility_temp_fork:compileDebugLibraryResources UP-TO-DATE
[        ] Caching disabled for task ':flutter_keyboard_visibility_temp_fork:compileDebugLibraryResources' because:
[        ]   Build cache is disabled
[        ] Skipping task ':flutter_keyboard_visibility_temp_fork:compileDebugLibraryResources' as it is up-to-date.
[        ] work action resolve out (project :flutter_keyboard_visibility_temp_fork) (Thread[#44868,Execution worker Thread 31,5,main]) started.
[        ] Resolve mutations for :flutter_keyboard_visibility_temp_fork:parseDebugLocalResources (Thread[#44868,Execution worker Thread 31,5,main]) started.
[        ] :flutter_keyboard_visibility_temp_fork:parseDebugLocalResources (Thread[#44868,Execution worker Thread 31,5,main]) started.
[        ] > Task :flutter_keyboard_visibility_temp_fork:parseDebugLocalResources UP-TO-DATE
[        ] Caching disabled for task ':flutter_keyboard_visibility_temp_fork:parseDebugLocalResources' because:
[        ]   Build cache is disabled
[        ] Skipping task ':flutter_keyboard_visibility_temp_fork:parseDebugLocalResources' as it is up-to-date.
[        ] Resolve mutations for :flutter_keyboard_visibility_temp_fork:generateDebugRFile (Thread[#44868,Execution worker Thread 31,5,main]) started.
[        ] :flutter_keyboard_visibility_temp_fork:generateDebugRFile (Thread[#44868,Execution worker Thread 31,5,main]) started.
[        ] > Task :flutter_keyboard_visibility_temp_fork:generateDebugRFile UP-TO-DATE
[        ] Caching disabled for task ':flutter_keyboard_visibility_temp_fork:generateDebugRFile' because:
[        ]   Build cache is disabled
[        ] Skipping task ':flutter_keyboard_visibility_temp_fork:generateDebugRFile' as it is up-to-date.
[        ] work action resolve package-aware-r.txt (project :flutter_keyboard_visibility_temp_fork) (Thread[#44868,Execution worker Thread 31,5,main]) started.
[        ] Resolve mutations for :flutter_native_splash:compileDebugLibraryResources (Thread[#44868,Execution worker Thread 31,5,main]) started.
[        ] :flutter_native_splash:compileDebugLibraryResources (Thread[#44868,Execution worker Thread 31,5,main]) started.
[        ] > Task :flutter_native_splash:compileDebugLibraryResources UP-TO-DATE
[        ] Caching disabled for task ':flutter_native_splash:compileDebugLibraryResources' because:
[        ]   Build cache is disabled
[        ] Skipping task ':flutter_native_splash:compileDebugLibraryResources' as it is up-to-date.
[        ] work action resolve out (project :flutter_native_splash) (Thread[#44868,Execution worker Thread 31,5,main]) started.
[        ] Resolve mutations for :flutter_native_splash:parseDebugLocalResources (Thread[#44868,Execution worker Thread 31,5,main]) started.
[        ] :flutter_native_splash:parseDebugLocalResources (Thread[#44868,Execution worker Thread 31,5,main]) started.
[        ] > Task :flutter_native_splash:parseDebugLocalResources UP-TO-DATE
[        ] Caching disabled for task ':flutter_native_splash:parseDebugLocalResources' because:
[        ]   Build cache is disabled
[        ] Skipping task ':flutter_native_splash:parseDebugLocalResources' as it is up-to-date.
[        ] Resolve mutations for :flutter_native_splash:generateDebugRFile (Thread[#44868,Execution worker Thread 31,5,main]) started.
[        ] :flutter_native_splash:generateDebugRFile (Thread[#44868,Execution worker Thread 31,5,main]) started.
[        ] > Task :flutter_native_splash:generateDebugRFile UP-TO-DATE
[        ] Caching disabled for task ':flutter_native_splash:generateDebugRFile' because:
[        ]   Build cache is disabled
[        ] Skipping task ':flutter_native_splash:generateDebugRFile' as it is up-to-date.
[        ] work action resolve package-aware-r.txt (project :flutter_native_splash) (Thread[#44868,Execution worker Thread 31,5,main]) started.
[        ] Resolve mutations for :flutter_olm:compileDebugLibraryResources (Thread[#44868,Execution worker Thread 31,5,main]) started.
[        ] :flutter_olm:compileDebugLibraryResources (Thread[#44868,Execution worker Thread 31,5,main]) started.
[        ] > Task :flutter_olm:compileDebugLibraryResources UP-TO-DATE
[        ] Caching disabled for task ':flutter_olm:compileDebugLibraryResources' because:
[        ]   Build cache is disabled
[        ] Skipping task ':flutter_olm:compileDebugLibraryResources' as it is up-to-date.
[        ] work action resolve out (project :flutter_olm) (Thread[#44868,Execution worker Thread 31,5,main]) started.
[        ] Resolve mutations for :flutter_olm:parseDebugLocalResources (Thread[#44868,Execution worker Thread 31,5,main]) started.
[        ] :flutter_olm:parseDebugLocalResources (Thread[#44868,Execution worker Thread 31,5,main]) started.
[        ] > Task :flutter_olm:parseDebugLocalResources UP-TO-DATE
[        ] Caching disabled for task ':flutter_olm:parseDebugLocalResources' because:
[        ]   Build cache is disabled
[        ] Skipping task ':flutter_olm:parseDebugLocalResources' as it is up-to-date.
[        ] Resolve mutations for :flutter_olm:generateDebugRFile (Thread[#44868,Execution worker Thread 31,5,main]) started.
[        ] :flutter_olm:generateDebugRFile (Thread[#44868,Execution worker Thread 31,5,main]) started.
[        ] > Task :flutter_olm:generateDebugRFile UP-TO-DATE
[        ] Caching disabled for task ':flutter_olm:generateDebugRFile' because:
[        ]   Build cache is disabled
[        ] Skipping task ':flutter_olm:generateDebugRFile' as it is up-to-date.
[        ] work action resolve package-aware-r.txt (project :flutter_olm) (Thread[#44868,Execution worker Thread 31,5,main]) started.
[        ] Resolve mutations for :flutter_openssl_crypto:compileDebugLibraryResources (Thread[#44868,Execution worker Thread 31,5,main]) started.
[        ] :flutter_openssl_crypto:compileDebugLibraryResources (Thread[#44868,Execution worker Thread 31,5,main]) started.
[        ] > Task :flutter_openssl_crypto:compileDebugLibraryResources UP-TO-DATE
[        ] Caching disabled for task ':flutter_openssl_crypto:compileDebugLibraryResources' because:
[        ]   Build cache is disabled
[        ] Skipping task ':flutter_openssl_crypto:compileDebugLibraryResources' as it is up-to-date.
[        ] work action resolve out (project :flutter_openssl_crypto) (Thread[#44868,Execution worker Thread 31,5,main]) started.
[        ] Resolve mutations for :flutter_openssl_crypto:parseDebugLocalResources (Thread[#44868,Execution worker Thread 31,5,main]) started.
[        ] :flutter_openssl_crypto:parseDebugLocalResources (Thread[#44868,Execution worker Thread 31,5,main]) started.
[        ] > Task :flutter_openssl_crypto:parseDebugLocalResources UP-TO-DATE
[        ] Caching disabled for task ':flutter_openssl_crypto:parseDebugLocalResources' because:
[        ]   Build cache is disabled
[        ] Skipping task ':flutter_openssl_crypto:parseDebugLocalResources' as it is up-to-date.
[        ] Resolve mutations for :flutter_openssl_crypto:generateDebugRFile (Thread[#44868,Execution worker Thread 31,5,main]) started.
[        ] :flutter_openssl_crypto:generateDebugRFile (Thread[#44868,Execution worker Thread 31,5,main]) started.
[        ] > Task :flutter_openssl_crypto:generateDebugRFile UP-TO-DATE
[        ] Caching disabled for task ':flutter_openssl_crypto:generateDebugRFile' because:
[        ]   Build cache is disabled
[        ] Skipping task ':flutter_openssl_crypto:generateDebugRFile' as it is up-to-date.
[        ] work action resolve package-aware-r.txt (project :flutter_openssl_crypto) (Thread[#44868,Execution worker Thread 31,5,main]) started.
[        ] Resolve mutations for :integration_test:compileDebugLibraryResources (Thread[#44868,Execution worker Thread 31,5,main]) started.
[        ] :integration_test:compileDebugLibraryResources (Thread[#44868,Execution worker Thread 31,5,main]) started.
[        ] > Task :integration_test:compileDebugLibraryResources UP-TO-DATE
[        ] Caching disabled for task ':integration_test:compileDebugLibraryResources' because:
[        ]   Build cache is disabled
[        ] Skipping task ':integration_test:compileDebugLibraryResources' as it is up-to-date.
[        ] work action resolve out (project :integration_test) (Thread[#44868,Execution worker Thread 31,5,main]) started.
[        ] Resolve mutations for :integration_test:parseDebugLocalResources (Thread[#44868,Execution worker Thread 31,5,main]) started.
[        ] :integration_test:parseDebugLocalResources (Thread[#44868,Execution worker Thread 31,5,main]) started.
[        ] > Task :integration_test:parseDebugLocalResources UP-TO-DATE
[        ] Caching disabled for task ':integration_test:parseDebugLocalResources' because:
[        ]   Build cache is disabled
[        ] Skipping task ':integration_test:parseDebugLocalResources' as it is up-to-date.
[        ] Resolve mutations for :integration_test:generateDebugRFile (Thread[#44868,Execution worker Thread 31,5,main]) started.
[        ] :integration_test:generateDebugRFile (Thread[#44868,Execution worker Thread 31,5,main]) started.
[        ] > Task :integration_test:generateDebugRFile UP-TO-DATE
[        ] Caching disabled for task ':integration_test:generateDebugRFile' because:
[        ]   Build cache is disabled
[        ] Skipping task ':integration_test:generateDebugRFile' as it is up-to-date.
[        ] work action resolve package-aware-r.txt (project :integration_test) (Thread[#44868,Execution worker Thread 31,5,main]) started.
[        ] Resolve mutations for :path_provider_android:compileDebugLibraryResources (Thread[#44868,Execution worker Thread 31,5,main]) started.
[        ] :path_provider_android:compileDebugLibraryResources (Thread[#44868,Execution worker Thread 31,5,main]) started.
[        ] > Task :path_provider_android:compileDebugLibraryResources UP-TO-DATE
[        ] Caching disabled for task ':path_provider_android:compileDebugLibraryResources' because:
[        ]   Build cache is disabled
[        ] Skipping task ':path_provider_android:compileDebugLibraryResources' as it is up-to-date.
[        ] work action resolve out (project :path_provider_android) (Thread[#44868,Execution worker Thread 31,5,main]) started.
[        ] Resolve mutations for :path_provider_android:parseDebugLocalResources (Thread[#44868,Execution worker Thread 31,5,main]) started.
[        ] :path_provider_android:parseDebugLocalResources (Thread[#44868,Execution worker Thread 31,5,main]) started.
[        ] > Task :path_provider_android:parseDebugLocalResources UP-TO-DATE
[        ] Caching disabled for task ':path_provider_android:parseDebugLocalResources' because:
[        ]   Build cache is disabled
[        ] Skipping task ':path_provider_android:parseDebugLocalResources' as it is up-to-date.
[        ] Resolve mutations for :path_provider_android:generateDebugRFile (Thread[#44868,Execution worker Thread 31,5,main]) started.
[        ] :path_provider_android:generateDebugRFile (Thread[#44868,Execution worker Thread 31,5,main]) started.
[        ] > Task :path_provider_android:generateDebugRFile UP-TO-DATE
[        ] Caching disabled for task ':path_provider_android:generateDebugRFile' because:
[        ]   Build cache is disabled
[        ] Skipping task ':path_provider_android:generateDebugRFile' as it is up-to-date.
[        ] work action resolve package-aware-r.txt (project :path_provider_android) (Thread[#44868,Execution worker Thread 31,5,main]) started.
[        ] Resolve mutations for :quill_native_bridge_android:compileDebugLibraryResources (Thread[#44868,Execution worker Thread 31,5,main]) started.
[        ] :quill_native_bridge_android:compileDebugLibraryResources (Thread[#44868,Execution worker Thread 31,5,main]) started.
[        ] > Task :quill_native_bridge_android:compileDebugLibraryResources UP-TO-DATE
[        ] Caching disabled for task ':quill_native_bridge_android:compileDebugLibraryResources' because:
[        ]   Build cache is disabled
[        ] Skipping task ':quill_native_bridge_android:compileDebugLibraryResources' as it is up-to-date.
[        ] work action resolve out (project :quill_native_bridge_android) (Thread[#44868,Execution worker Thread 31,5,main]) started.
[        ] Resolve mutations for :quill_native_bridge_android:parseDebugLocalResources (Thread[#44868,Execution worker Thread 31,5,main]) started.
[        ] :quill_native_bridge_android:parseDebugLocalResources (Thread[#44868,Execution worker Thread 31,5,main]) started.
[        ] > Task :quill_native_bridge_android:parseDebugLocalResources UP-TO-DATE
[        ] Caching disabled for task ':quill_native_bridge_android:parseDebugLocalResources' because:
[        ]   Build cache is disabled
[        ] Skipping task ':quill_native_bridge_android:parseDebugLocalResources' as it is up-to-date.
[        ] Resolve mutations for :quill_native_bridge_android:generateDebugRFile (Thread[#44868,Execution worker Thread 31,5,main]) started.
[        ] :quill_native_bridge_android:generateDebugRFile (Thread[#44868,Execution worker Thread 31,5,main]) started.
[        ] > Task :quill_native_bridge_android:generateDebugRFile UP-TO-DATE
[        ] Caching disabled for task ':quill_native_bridge_android:generateDebugRFile' because:
[        ]   Build cache is disabled
[        ] Skipping task ':quill_native_bridge_android:generateDebugRFile' as it is up-to-date.
[        ] work action resolve package-aware-r.txt (project :quill_native_bridge_android) (Thread[#44868,Execution worker Thread 31,5,main]) started.
[        ] Resolve mutations for :shared_preferences_android:compileDebugLibraryResources (Thread[#44868,Execution worker Thread 31,5,main]) started.
[        ] :shared_preferences_android:compileDebugLibraryResources (Thread[#44868,Execution worker Thread 31,5,main]) started.
[        ] > Task :shared_preferences_android:compileDebugLibraryResources UP-TO-DATE
[        ] Caching disabled for task ':shared_preferences_android:compileDebugLibraryResources' because:
[        ]   Build cache is disabled
[        ] Skipping task ':shared_preferences_android:compileDebugLibraryResources' as it is up-to-date.
[        ] work action resolve out (project :shared_preferences_android) (Thread[#44868,Execution worker Thread 31,5,main]) started.
[        ] Resolve mutations for :shared_preferences_android:parseDebugLocalResources (Thread[#44868,Execution worker Thread 31,5,main]) started.
[        ] :shared_preferences_android:parseDebugLocalResources (Thread[#44868,Execution worker Thread 31,5,main]) started.
[        ] > Task :shared_preferences_android:parseDebugLocalResources UP-TO-DATE
[        ] Caching disabled for task ':shared_preferences_android:parseDebugLocalResources' because:
[        ]   Build cache is disabled
[        ] Skipping task ':shared_preferences_android:parseDebugLocalResources' as it is up-to-date.
[        ] Resolve mutations for :shared_preferences_android:generateDebugRFile (Thread[#44868,Execution worker Thread 31,5,main]) started.
[        ] :shared_preferences_android:generateDebugRFile (Thread[#44868,Execution worker Thread 31,5,main]) started.
[        ] > Task :shared_preferences_android:generateDebugRFile UP-TO-DATE
[        ] Caching disabled for task ':shared_preferences_android:generateDebugRFile' because:
[        ]   Build cache is disabled
[        ] Skipping task ':shared_preferences_android:generateDebugRFile' as it is up-to-date.
[        ] work action resolve package-aware-r.txt (project :shared_preferences_android) (Thread[#44868,Execution worker Thread 31,5,main]) started.
[        ] Resolve mutations for :sqflite_android:compileDebugLibraryResources (Thread[#44868,Execution worker Thread 31,5,main]) started.
[        ] :sqflite_android:compileDebugLibraryResources (Thread[#44868,Execution worker Thread 31,5,main]) started.
[        ] > Task :sqflite_android:compileDebugLibraryResources UP-TO-DATE
[        ] Caching disabled for task ':sqflite_android:compileDebugLibraryResources' because:
[        ]   Build cache is disabled
[        ] Skipping task ':sqflite_android:compileDebugLibraryResources' as it is up-to-date.
[        ] work action resolve out (project :sqflite_android) (Thread[#44868,Execution worker Thread 31,5,main]) started.
[        ] Resolve mutations for :sqflite_android:parseDebugLocalResources (Thread[#44868,Execution worker Thread 31,5,main]) started.
[        ] :sqflite_android:parseDebugLocalResources (Thread[#44868,Execution worker Thread 31,5,main]) started.
[        ] > Task :sqflite_android:parseDebugLocalResources UP-TO-DATE
[        ] Caching disabled for task ':sqflite_android:parseDebugLocalResources' because:
[        ]   Build cache is disabled
[        ] Skipping task ':sqflite_android:parseDebugLocalResources' as it is up-to-date.
[        ] Resolve mutations for :sqflite_android:generateDebugRFile (Thread[#44868,Execution worker Thread 31,5,main]) started.
[        ] :sqflite_android:generateDebugRFile (Thread[#44868,Execution worker Thread 31,5,main]) started.
[        ] > Task :sqflite_android:generateDebugRFile UP-TO-DATE
[        ] Caching disabled for task ':sqflite_android:generateDebugRFile' because:
[        ]   Build cache is disabled
[        ] Skipping task ':sqflite_android:generateDebugRFile' as it is up-to-date.
[        ] work action resolve package-aware-r.txt (project :sqflite_android) (Thread[#44868,Execution worker Thread 31,5,main]) started.
[        ] Resolve mutations for :url_launcher_android:compileDebugLibraryResources (Thread[#44868,Execution worker Thread 31,5,main]) started.
[        ] :url_launcher_android:compileDebugLibraryResources (Thread[#44868,Execution worker Thread 31,5,main]) started.
[        ] > Task :url_launcher_android:compileDebugLibraryResources UP-TO-DATE
[        ] Caching disabled for task ':url_launcher_android:compileDebugLibraryResources' because:
[        ]   Build cache is disabled
[        ] Skipping task ':url_launcher_android:compileDebugLibraryResources' as it is up-to-date.
[        ] work action resolve out (project :url_launcher_android) (Thread[#44868,Execution worker Thread 31,5,main]) started.
[        ] Resolve mutations for :url_launcher_android:parseDebugLocalResources (Thread[#44868,Execution worker Thread 31,5,main]) started.
[        ] :url_launcher_android:parseDebugLocalResources (Thread[#44868,Execution worker Thread 31,5,main]) started.
[        ] > Task :url_launcher_android:parseDebugLocalResources UP-TO-DATE
[        ] Caching disabled for task ':url_launcher_android:parseDebugLocalResources' because:
[        ]   Build cache is disabled
[        ] Skipping task ':url_launcher_android:parseDebugLocalResources' as it is up-to-date.
[        ] Resolve mutations for :url_launcher_android:generateDebugRFile (Thread[#44868,Execution worker Thread 31,5,main]) started.
[        ] :url_launcher_android:generateDebugRFile (Thread[#44868,Execution worker Thread 31,5,main]) started.
[        ] > Task :url_launcher_android:generateDebugRFile UP-TO-DATE
[        ] Caching disabled for task ':url_launcher_android:generateDebugRFile' because:
[        ]   Build cache is disabled
[        ] Skipping task ':url_launcher_android:generateDebugRFile' as it is up-to-date.
[        ] work action resolve package-aware-r.txt (project :url_launcher_android) (Thread[#44868,Execution worker Thread 31,5,main]) started.
[        ] Resolve mutations for :video_player_android:compileDebugLibraryResources (Thread[#44868,Execution worker Thread 31,5,main]) started.
[        ] :video_player_android:compileDebugLibraryResources (Thread[#44868,Execution worker Thread 31,5,main]) started.
[        ] > Task :video_player_android:compileDebugLibraryResources UP-TO-DATE
[        ] Caching disabled for task ':video_player_android:compileDebugLibraryResources' because:
[        ]   Build cache is disabled
[        ] Skipping task ':video_player_android:compileDebugLibraryResources' as it is up-to-date.
[        ] work action resolve out (project :video_player_android) (Thread[#44868,Execution worker Thread 31,5,main]) started.
[        ] Resolve mutations for :video_player_android:parseDebugLocalResources (Thread[#44868,Execution worker Thread 31,5,main]) started.
[        ] :video_player_android:parseDebugLocalResources (Thread[#44868,Execution worker Thread 31,5,main]) started.
[        ] > Task :video_player_android:parseDebugLocalResources UP-TO-DATE
[        ] Caching disabled for task ':video_player_android:parseDebugLocalResources' because:
[        ]   Build cache is disabled
[        ] Skipping task ':video_player_android:parseDebugLocalResources' as it is up-to-date.
[        ] Resolve mutations for :video_player_android:generateDebugRFile (Thread[#44868,Execution worker Thread 31,5,main]) started.
[        ] :video_player_android:generateDebugRFile (Thread[#44868,Execution worker Thread 31,5,main]) started.
[        ] > Task :video_player_android:generateDebugRFile UP-TO-DATE
[        ] Caching disabled for task ':video_player_android:generateDebugRFile' because:
[        ]   Build cache is disabled
[        ] Skipping task ':video_player_android:generateDebugRFile' as it is up-to-date.
[        ] work action resolve package-aware-r.txt (project :video_player_android) (Thread[#44868,Execution worker Thread 31,5,main]) started.
[        ] Resolve mutations for :app:processDebugResources (Thread[#44868,Execution worker Thread 31,5,main]) started.
[        ] :app:processDebugResources (Thread[#44868,Execution worker Thread 31,5,main]) started.
[        ] > Task :app:processDebugResources UP-TO-DATE
[        ] Caching disabled for task ':app:processDebugResources' because:
[        ]   Build cache is disabled
[        ] Skipping task ':app:processDebugResources' as it is up-to-date.
[        ] Resolve mutations for :connectivity_plus:javaPreCompileDebug (Thread[#44868,Execution worker Thread 31,5,main]) started.
[        ] :connectivity_plus:javaPreCompileDebug (Thread[#44868,Execution worker Thread 31,5,main]) started.
[        ] > Task :connectivity_plus:javaPreCompileDebug UP-TO-DATE
[        ] Caching disabled for task ':connectivity_plus:javaPreCompileDebug' because:
[        ]   Build cache is disabled
[        ] Skipping task ':connectivity_plus:javaPreCompileDebug' as it is up-to-date.
[        ] Resolve mutations for :connectivity_plus:compileDebugJavaWithJavac (Thread[#44868,Execution worker Thread 31,5,main]) started.
[        ] :connectivity_plus:compileDebugJavaWithJavac (Thread[#44868,Execution worker Thread 31,5,main]) started.
[        ] > Task :connectivity_plus:compileDebugJavaWithJavac UP-TO-DATE
[        ] Custom actions are attached to task ':connectivity_plus:compileDebugJavaWithJavac'.
[        ] Caching disabled for task ':connectivity_plus:compileDebugJavaWithJavac' because:
[        ]   Build cache is disabled
[        ] Skipping task ':connectivity_plus:compileDebugJavaWithJavac' as it is up-to-date.
[        ] No compile result for :connectivity_plus:compileDebugJavaWithJavac
[        ] No compile result for :connectivity_plus:compileDebugJavaWithJavac
[        ] Resolve mutations for :connectivity_plus:bundleLibCompileToJarDebug (Thread[#44868,Execution worker Thread 31,5,main]) started.
[        ] :connectivity_plus:bundleLibCompileToJarDebug (Thread[#44868,Execution worker Thread 31,5,main]) started.
[        ] > Task :connectivity_plus:bundleLibCompileToJarDebug UP-TO-DATE
[        ] Caching disabled for task ':connectivity_plus:bundleLibCompileToJarDebug' because:
[        ]   Build cache is disabled
[        ]   Simple merging task
[        ] Skipping task ':connectivity_plus:bundleLibCompileToJarDebug' as it is up-to-date.
[        ] work action resolve classes.jar (project :connectivity_plus) (Thread[#44868,Execution worker Thread 31,5,main]) started.
[        ] Resolve mutations for :emoji_picker_flutter:checkKotlinGradlePluginConfigurationErrors (Thread[#44868,Execution worker Thread 31,5,main]) started.
[        ] :emoji_picker_flutter:checkKotlinGradlePluginConfigurationErrors (Thread[#44868,Execution worker Thread 31,5,main]) started.
[        ] > Task :emoji_picker_flutter:checkKotlinGradlePluginConfigurationErrors SKIPPED
[        ] Skipping task ':emoji_picker_flutter:checkKotlinGradlePluginConfigurationErrors' as task onlyIf 'errorDiagnostics are present' is false.
[        ] Resolve mutations for :emoji_picker_flutter:compileDebugKotlin (Thread[#44868,Execution worker Thread 31,5,main]) started.
[        ] :emoji_picker_flutter:compileDebugKotlin (Thread[#44868,Execution worker Thread 31,5,main]) started.
[        ] > Task :emoji_picker_flutter:compileDebugKotlin UP-TO-DATE
[        ] Adding -Xuse-inline-scopes-numbers Kotlin compiler flag for task :emoji_picker_flutter:compileDebugAndroidTestKotlin
[        ] Caching disabled for task ':emoji_picker_flutter:compileDebugKotlin' because:
[        ]   Build cache is disabled
[        ] Skipping task ':emoji_picker_flutter:compileDebugKotlin' as it is up-to-date.
[        ] Resolve mutations for :emoji_picker_flutter:javaPreCompileDebug (Thread[#44868,Execution worker Thread 31,5,main]) started.
[        ] :emoji_picker_flutter:javaPreCompileDebug (Thread[#44868,Execution worker Thread 31,5,main]) started.
[        ] > Task :emoji_picker_flutter:javaPreCompileDebug UP-TO-DATE
[        ] Caching disabled for task ':emoji_picker_flutter:javaPreCompileDebug' because:
[        ]   Build cache is disabled
[        ] Skipping task ':emoji_picker_flutter:javaPreCompileDebug' as it is up-to-date.
[        ] Resolve mutations for :emoji_picker_flutter:compileDebugJavaWithJavac (Thread[#44868,Execution worker Thread 31,5,main]) started.
[        ] :emoji_picker_flutter:compileDebugJavaWithJavac (Thread[#44868,Execution worker Thread 31,5,main]) started.
[        ] > Task :emoji_picker_flutter:compileDebugJavaWithJavac NO-SOURCE
[        ] Skipping task ':emoji_picker_flutter:compileDebugJavaWithJavac' as it has no source files and no previous output files.
[        ] Resolve mutations for :emoji_picker_flutter:bundleLibCompileToJarDebug (Thread[#44868,Execution worker Thread 31,5,main]) started.
[        ] :emoji_picker_flutter:bundleLibCompileToJarDebug (Thread[#44868,Execution worker Thread 31,5,main]) started.
[        ] > Task :emoji_picker_flutter:bundleLibCompileToJarDebug UP-TO-DATE
[        ] Caching disabled for task ':emoji_picker_flutter:bundleLibCompileToJarDebug' because:
[        ]   Build cache is disabled
[        ]   Simple merging task
[        ] Skipping task ':emoji_picker_flutter:bundleLibCompileToJarDebug' as it is up-to-date.
[        ] work action resolve classes.jar (project :emoji_picker_flutter) (Thread[#44868,Execution worker Thread 31,5,main]) started.
[        ] Resolve mutations for :file_selector_android:javaPreCompileDebug (Thread[#44868,Execution worker Thread 31,5,main]) started.
[        ] :file_selector_android:javaPreCompileDebug (Thread[#44868,Execution worker Thread 31,5,main]) started.
[        ] > Task :file_selector_android:javaPreCompileDebug UP-TO-DATE
[        ] Caching disabled for task ':file_selector_android:javaPreCompileDebug' because:
[        ]   Build cache is disabled
[        ] Skipping task ':file_selector_android:javaPreCompileDebug' as it is up-to-date.
[        ] Resolve mutations for :file_selector_android:compileDebugJavaWithJavac (Thread[#44868,Execution worker Thread 31,5,main]) started.
[        ] :file_selector_android:compileDebugJavaWithJavac (Thread[#44868,Execution worker Thread 31,5,main]) started.
[        ] > Task :file_selector_android:compileDebugJavaWithJavac UP-TO-DATE
[        ] Custom actions are attached to task ':file_selector_android:compileDebugJavaWithJavac'.
[        ] Caching disabled for task ':file_selector_android:compileDebugJavaWithJavac' because:
[        ]   Build cache is disabled
[        ] Skipping task ':file_selector_android:compileDebugJavaWithJavac' as it is up-to-date.
[        ] No compile result for :file_selector_android:compileDebugJavaWithJavac
[        ] No compile result for :file_selector_android:compileDebugJavaWithJavac
[        ] Resolve mutations for :file_selector_android:bundleLibCompileToJarDebug (Thread[#44868,Execution worker Thread 31,5,main]) started.
[        ] :file_selector_android:bundleLibCompileToJarDebug (Thread[#44868,Execution worker Thread 31,5,main]) started.
[        ] > Task :file_selector_android:bundleLibCompileToJarDebug UP-TO-DATE
[        ] Caching disabled for task ':file_selector_android:bundleLibCompileToJarDebug' because:
[        ]   Build cache is disabled
[        ]   Simple merging task
[        ] Skipping task ':file_selector_android:bundleLibCompileToJarDebug' as it is up-to-date.
[        ] work action resolve classes.jar (project :file_selector_android) (Thread[#44868,Execution worker Thread 31,5,main]) started.
[        ] Resolve mutations for :flutter_keyboard_visibility_temp_fork:javaPreCompileDebug (Thread[#44868,Execution worker Thread 31,5,main]) started.
[        ] :flutter_keyboard_visibility_temp_fork:javaPreCompileDebug (Thread[#44868,Execution worker Thread 31,5,main]) started.
[        ] > Task :flutter_keyboard_visibility_temp_fork:javaPreCompileDebug UP-TO-DATE
[        ] Caching disabled for task ':flutter_keyboard_visibility_temp_fork:javaPreCompileDebug' because:
[        ]   Build cache is disabled
[        ] Skipping task ':flutter_keyboard_visibility_temp_fork:javaPreCompileDebug' as it is up-to-date.
[        ] Resolve mutations for :flutter_keyboard_visibility_temp_fork:compileDebugJavaWithJavac (Thread[#44868,Execution worker Thread 31,5,main]) started.
[        ] :flutter_keyboard_visibility_temp_fork:compileDebugJavaWithJavac (Thread[#44868,Execution worker Thread 31,5,main]) started.
[        ] > Task :flutter_keyboard_visibility_temp_fork:compileDebugJavaWithJavac UP-TO-DATE
[        ] Custom actions are attached to task ':flutter_keyboard_visibility_temp_fork:compileDebugJavaWithJavac'.
[        ] Caching disabled for task ':flutter_keyboard_visibility_temp_fork:compileDebugJavaWithJavac' because:
[        ]   Build cache is disabled
[        ] Skipping task ':flutter_keyboard_visibility_temp_fork:compileDebugJavaWithJavac' as it is up-to-date.
[        ] No compile result for :flutter_keyboard_visibility_temp_fork:compileDebugJavaWithJavac
[        ] No compile result for :flutter_keyboard_visibility_temp_fork:compileDebugJavaWithJavac
[        ] Resolve mutations for :flutter_keyboard_visibility_temp_fork:bundleLibCompileToJarDebug (Thread[#44868,Execution worker Thread 31,5,main]) started.
[        ] :flutter_keyboard_visibility_temp_fork:bundleLibCompileToJarDebug (Thread[#44868,Execution worker Thread 31,5,main]) started.
[        ] > Task :flutter_keyboard_visibility_temp_fork:bundleLibCompileToJarDebug UP-TO-DATE
[        ] Caching disabled for task ':flutter_keyboard_visibility_temp_fork:bundleLibCompileToJarDebug' because:
[        ]   Build cache is disabled
[        ]   Simple merging task
[        ] Skipping task ':flutter_keyboard_visibility_temp_fork:bundleLibCompileToJarDebug' as it is up-to-date.
[        ] work action resolve classes.jar (project :flutter_keyboard_visibility_temp_fork) (Thread[#44868,Execution worker Thread 31,5,main]) started.
[        ] Resolve mutations for :flutter_native_splash:javaPreCompileDebug (Thread[#44868,Execution worker Thread 31,5,main]) started.
[        ] :flutter_native_splash:javaPreCompileDebug (Thread[#44868,Execution worker Thread 31,5,main]) started.
[        ] > Task :flutter_native_splash:javaPreCompileDebug UP-TO-DATE
[        ] Caching disabled for task ':flutter_native_splash:javaPreCompileDebug' because:
[        ]   Build cache is disabled
[        ] Skipping task ':flutter_native_splash:javaPreCompileDebug' as it is up-to-date.
[        ] Resolve mutations for :flutter_native_splash:compileDebugJavaWithJavac (Thread[#44868,Execution worker Thread 31,5,main]) started.
[        ] :flutter_native_splash:compileDebugJavaWithJavac (Thread[#44868,Execution worker Thread 31,5,main]) started.
[        ] > Task :flutter_native_splash:compileDebugJavaWithJavac UP-TO-DATE
[        ] Custom actions are attached to task ':flutter_native_splash:compileDebugJavaWithJavac'.
[        ] Caching disabled for task ':flutter_native_splash:compileDebugJavaWithJavac' because:
[        ]   Build cache is disabled
[        ] Skipping task ':flutter_native_splash:compileDebugJavaWithJavac' as it is up-to-date.
[        ] No compile result for :flutter_native_splash:compileDebugJavaWithJavac
[        ] No compile result for :flutter_native_splash:compileDebugJavaWithJavac
[        ] Resolve mutations for :flutter_native_splash:bundleLibCompileToJarDebug (Thread[#44868,Execution worker Thread 31,5,main]) started.
[        ] :flutter_native_splash:bundleLibCompileToJarDebug (Thread[#44868,Execution worker Thread 31,5,main]) started.
[        ] > Task :flutter_native_splash:bundleLibCompileToJarDebug UP-TO-DATE
[        ] Caching disabled for task ':flutter_native_splash:bundleLibCompileToJarDebug' because:
[        ]   Build cache is disabled
[        ]   Simple merging task
[        ] Skipping task ':flutter_native_splash:bundleLibCompileToJarDebug' as it is up-to-date.
[        ] work action resolve classes.jar (project :flutter_native_splash) (Thread[#44868,Execution worker Thread 31,5,main]) started.
[        ] Resolve mutations for :flutter_olm:checkKotlinGradlePluginConfigurationErrors (Thread[#44868,Execution worker Thread 31,5,main]) started.
[        ] :flutter_olm:checkKotlinGradlePluginConfigurationErrors (Thread[#44868,Execution worker Thread 31,5,main]) started.
[        ] > Task :flutter_olm:checkKotlinGradlePluginConfigurationErrors SKIPPED
[        ] Skipping task ':flutter_olm:checkKotlinGradlePluginConfigurationErrors' as task onlyIf 'errorDiagnostics are present' is false.
[        ] Resolve mutations for :flutter_olm:compileDebugKotlin (Thread[#44868,Execution worker Thread 31,5,main]) started.
[        ] :flutter_olm:compileDebugKotlin (Thread[#44868,Execution worker Thread 31,5,main]) started.
[        ] > Task :flutter_olm:compileDebugKotlin UP-TO-DATE
[        ] Adding -Xuse-inline-scopes-numbers Kotlin compiler flag for task :flutter_olm:compileDebugAndroidTestKotlin
[        ] Caching disabled for task ':flutter_olm:compileDebugKotlin' because:
[        ]   Build cache is disabled
[        ] Skipping task ':flutter_olm:compileDebugKotlin' as it is up-to-date.
[        ] Resolve mutations for :flutter_olm:javaPreCompileDebug (Thread[#44868,Execution worker Thread 31,5,main]) started.
[        ] :flutter_olm:javaPreCompileDebug (Thread[#44868,Execution worker Thread 31,5,main]) started.
[        ] > Task :flutter_olm:javaPreCompileDebug UP-TO-DATE
[        ] Caching disabled for task ':flutter_olm:javaPreCompileDebug' because:
[        ]   Build cache is disabled
[        ] Skipping task ':flutter_olm:javaPreCompileDebug' as it is up-to-date.
[        ] Resolve mutations for :flutter_olm:compileDebugJavaWithJavac (Thread[#44868,Execution worker Thread 31,5,main]) started.
[        ] :flutter_olm:compileDebugJavaWithJavac (Thread[#44868,Execution worker Thread 31,5,main]) started.
[        ] > Task :flutter_olm:compileDebugJavaWithJavac NO-SOURCE
[        ] Skipping task ':flutter_olm:compileDebugJavaWithJavac' as it has no source files and no previous output files.
[        ] Resolve mutations for :flutter_olm:bundleLibCompileToJarDebug (Thread[#44868,Execution worker Thread 31,5,main]) started.
[        ] :flutter_olm:bundleLibCompileToJarDebug (Thread[#44868,Execution worker Thread 31,5,main]) started.
[        ] > Task :flutter_olm:bundleLibCompileToJarDebug UP-TO-DATE
[        ] Caching disabled for task ':flutter_olm:bundleLibCompileToJarDebug' because:
[        ]   Build cache is disabled
[        ]   Simple merging task
[        ] Skipping task ':flutter_olm:bundleLibCompileToJarDebug' as it is up-to-date.
[        ] work action resolve classes.jar (project :flutter_olm) (Thread[#44868,Execution worker Thread 31,5,main]) started.
[        ] Resolve mutations for :flutter_openssl_crypto:checkKotlinGradlePluginConfigurationErrors (Thread[#44868,Execution worker Thread 31,5,main]) started.
[        ] :flutter_openssl_crypto:checkKotlinGradlePluginConfigurationErrors (Thread[#44868,Execution worker Thread 31,5,main]) started.
[        ] > Task :flutter_openssl_crypto:checkKotlinGradlePluginConfigurationErrors SKIPPED
[        ] Skipping task ':flutter_openssl_crypto:checkKotlinGradlePluginConfigurationErrors' as task onlyIf 'errorDiagnostics are present' is false.
[        ] Resolve mutations for :flutter_openssl_crypto:compileDebugKotlin (Thread[#44868,Execution worker Thread 31,5,main]) started.
[        ] :flutter_openssl_crypto:compileDebugKotlin (Thread[#44868,Execution worker Thread 31,5,main]) started.
[        ] > Task :flutter_openssl_crypto:compileDebugKotlin UP-TO-DATE
[        ] Adding -Xuse-inline-scopes-numbers Kotlin compiler flag for task :flutter_openssl_crypto:compileDebugAndroidTestKotlin
[        ] Caching disabled for task ':flutter_openssl_crypto:compileDebugKotlin' because:
[        ]   Build cache is disabled
[        ] Skipping task ':flutter_openssl_crypto:compileDebugKotlin' as it is up-to-date.
[        ] Resolve mutations for :flutter_openssl_crypto:javaPreCompileDebug (Thread[#44868,Execution worker Thread 31,5,main]) started.
[        ] :flutter_openssl_crypto:javaPreCompileDebug (Thread[#44868,Execution worker Thread 31,5,main]) started.
[        ] > Task :flutter_openssl_crypto:javaPreCompileDebug UP-TO-DATE
[        ] Caching disabled for task ':flutter_openssl_crypto:javaPreCompileDebug' because:
[        ]   Build cache is disabled
[        ] Skipping task ':flutter_openssl_crypto:javaPreCompileDebug' as it is up-to-date.
[        ] Resolve mutations for :flutter_openssl_crypto:compileDebugJavaWithJavac (Thread[#44868,Execution worker Thread 31,5,main]) started.
[        ] :flutter_openssl_crypto:compileDebugJavaWithJavac (Thread[#44868,Execution worker Thread 31,5,main]) started.
[        ] > Task :flutter_openssl_crypto:compileDebugJavaWithJavac NO-SOURCE
[        ] Skipping task ':flutter_openssl_crypto:compileDebugJavaWithJavac' as it has no source files and no previous output files.
[        ] Resolve mutations for :flutter_openssl_crypto:bundleLibCompileToJarDebug (Thread[#44868,Execution worker Thread 31,5,main]) started.
[        ] :flutter_openssl_crypto:bundleLibCompileToJarDebug (Thread[#44868,Execution worker Thread 31,5,main]) started.
[        ] > Task :flutter_openssl_crypto:bundleLibCompileToJarDebug UP-TO-DATE
[        ] Caching disabled for task ':flutter_openssl_crypto:bundleLibCompileToJarDebug' because:
[        ]   Build cache is disabled
[        ]   Simple merging task
[        ] Skipping task ':flutter_openssl_crypto:bundleLibCompileToJarDebug' as it is up-to-date.
[        ] work action resolve classes.jar (project :flutter_openssl_crypto) (Thread[#44868,Execution worker Thread 31,5,main]) started.
[        ] Resolve mutations for :integration_test:javaPreCompileDebug (Thread[#44868,Execution worker Thread 31,5,main]) started.
[        ] :integration_test:javaPreCompileDebug (Thread[#44868,Execution worker Thread 31,5,main]) started.
[        ] > Task :integration_test:javaPreCompileDebug UP-TO-DATE
[        ] Caching disabled for task ':integration_test:javaPreCompileDebug' because:
[        ]   Build cache is disabled
[        ] Skipping task ':integration_test:javaPreCompileDebug' as it is up-to-date.
[        ] Resolve mutations for :integration_test:compileDebugJavaWithJavac (Thread[#44868,Execution worker Thread 31,5,main]) started.
[        ] :integration_test:compileDebugJavaWithJavac (Thread[#44868,Execution worker Thread 31,5,main]) started.
[        ] > Task :integration_test:compileDebugJavaWithJavac UP-TO-DATE
[        ] Custom actions are attached to task ':integration_test:compileDebugJavaWithJavac'.
[        ] Caching disabled for task ':integration_test:compileDebugJavaWithJavac' because:
[        ]   Build cache is disabled
[        ] Skipping task ':integration_test:compileDebugJavaWithJavac' as it is up-to-date.
[        ] No compile result for :integration_test:compileDebugJavaWithJavac
[        ] No compile result for :integration_test:compileDebugJavaWithJavac
[        ] Resolve mutations for :integration_test:bundleLibCompileToJarDebug (Thread[#44868,Execution worker Thread 31,5,main]) started.
[        ] :integration_test:bundleLibCompileToJarDebug (Thread[#44868,Execution worker Thread 31,5,main]) started.
[        ] > Task :integration_test:bundleLibCompileToJarDebug UP-TO-DATE
[        ] Caching disabled for task ':integration_test:bundleLibCompileToJarDebug' because:
[        ]   Build cache is disabled
[        ]   Simple merging task
[        ] Skipping task ':integration_test:bundleLibCompileToJarDebug' as it is up-to-date.
[        ] work action resolve classes.jar (project :integration_test) (Thread[#44868,Execution worker Thread 31,5,main]) started.
[        ] Resolve mutations for :path_provider_android:javaPreCompileDebug (Thread[#44868,Execution worker Thread 31,5,main]) started.
[        ] :path_provider_android:javaPreCompileDebug (Thread[#44868,Execution worker Thread 31,5,main]) started.
[        ] > Task :path_provider_android:javaPreCompileDebug UP-TO-DATE
[        ] Caching disabled for task ':path_provider_android:javaPreCompileDebug' because:
[        ]   Build cache is disabled
[        ] Skipping task ':path_provider_android:javaPreCompileDebug' as it is up-to-date.
[        ] Resolve mutations for :path_provider_android:compileDebugJavaWithJavac (Thread[#44868,Execution worker Thread 31,5,main]) started.
[        ] :path_provider_android:compileDebugJavaWithJavac (Thread[#44868,Execution worker Thread 31,5,main]) started.
[        ] > Task :path_provider_android:compileDebugJavaWithJavac UP-TO-DATE
[        ] Custom actions are attached to task ':path_provider_android:compileDebugJavaWithJavac'.
[        ] Caching disabled for task ':path_provider_android:compileDebugJavaWithJavac' because:
[        ]   Build cache is disabled
[        ] Skipping task ':path_provider_android:compileDebugJavaWithJavac' as it is up-to-date.
[        ] No compile result for :path_provider_android:compileDebugJavaWithJavac
[        ] No compile result for :path_provider_android:compileDebugJavaWithJavac
[        ] Resolve mutations for :path_provider_android:bundleLibCompileToJarDebug (Thread[#44868,Execution worker Thread 31,5,main]) started.
[        ] :path_provider_android:bundleLibCompileToJarDebug (Thread[#44868,Execution worker Thread 31,5,main]) started.
[        ] > Task :path_provider_android:bundleLibCompileToJarDebug UP-TO-DATE
[        ] Caching disabled for task ':path_provider_android:bundleLibCompileToJarDebug' because:
[        ]   Build cache is disabled
[        ]   Simple merging task
[        ] Skipping task ':path_provider_android:bundleLibCompileToJarDebug' as it is up-to-date.
[        ] work action resolve classes.jar (project :path_provider_android) (Thread[#44868,Execution worker Thread 31,5,main]) started.
[        ] Resolve mutations for :quill_native_bridge_android:checkKotlinGradlePluginConfigurationErrors (Thread[#44868,Execution worker Thread 31,5,main]) started.
[        ] :quill_native_bridge_android:checkKotlinGradlePluginConfigurationErrors (Thread[#44868,Execution worker Thread 31,5,main]) started.
[        ] > Task :quill_native_bridge_android:checkKotlinGradlePluginConfigurationErrors SKIPPED
[        ] Skipping task ':quill_native_bridge_android:checkKotlinGradlePluginConfigurationErrors' as task onlyIf 'errorDiagnostics are present' is false.
[        ] Resolve mutations for :quill_native_bridge_android:compileDebugKotlin (Thread[#44868,Execution worker Thread 31,5,main]) started.
[        ] :quill_native_bridge_android:compileDebugKotlin (Thread[#44868,Execution worker Thread 31,5,main]) started.
[  +92 ms] > Task :quill_native_bridge_android:compileDebugKotlin UP-TO-DATE
[        ] Adding -Xuse-inline-scopes-numbers Kotlin compiler flag for task :quill_native_bridge_android:compileDebugAndroidTestKotlin
[        ] Caching disabled for task ':quill_native_bridge_android:compileDebugKotlin' because:
[        ]   Build cache is disabled
[        ] Skipping task ':quill_native_bridge_android:compileDebugKotlin' as it is up-to-date.
[        ] Resolve mutations for :quill_native_bridge_android:javaPreCompileDebug (Thread[#44868,Execution worker Thread 31,5,main]) started.
[        ] :quill_native_bridge_android:javaPreCompileDebug (Thread[#44868,Execution worker Thread 31,5,main]) started.
[        ] > Task :quill_native_bridge_android:javaPreCompileDebug UP-TO-DATE
[        ] Caching disabled for task ':quill_native_bridge_android:javaPreCompileDebug' because:
[        ]   Build cache is disabled
[        ] Skipping task ':quill_native_bridge_android:javaPreCompileDebug' as it is up-to-date.
[        ] Resolve mutations for :quill_native_bridge_android:compileDebugJavaWithJavac (Thread[#44868,Execution worker Thread 31,5,main]) started.
[        ] :quill_native_bridge_android:compileDebugJavaWithJavac (Thread[#44868,Execution worker Thread 31,5,main]) started.
[        ] > Task :quill_native_bridge_android:compileDebugJavaWithJavac NO-SOURCE
[        ] Skipping task ':quill_native_bridge_android:compileDebugJavaWithJavac' as it has no source files and no previous output files.
[        ] Resolve mutations for :quill_native_bridge_android:bundleLibCompileToJarDebug (Thread[#44868,Execution worker Thread 31,5,main]) started.
[        ] :quill_native_bridge_android:bundleLibCompileToJarDebug (Thread[#44868,Execution worker Thread 31,5,main]) started.
[        ] > Task :quill_native_bridge_android:bundleLibCompileToJarDebug UP-TO-DATE
[        ] Caching disabled for task ':quill_native_bridge_android:bundleLibCompileToJarDebug' because:
[        ]   Build cache is disabled
[        ]   Simple merging task
[        ] Skipping task ':quill_native_bridge_android:bundleLibCompileToJarDebug' as it is up-to-date.
[        ] work action resolve classes.jar (project :quill_native_bridge_android) (Thread[#44868,Execution worker Thread 31,5,main]) started.
[        ] Resolve mutations for :shared_preferences_android:checkKotlinGradlePluginConfigurationErrors (Thread[#44868,Execution worker Thread 31,5,main]) started.
[        ] :shared_preferences_android:checkKotlinGradlePluginConfigurationErrors (Thread[#44868,Execution worker Thread 31,5,main]) started.
[        ] > Task :shared_preferences_android:checkKotlinGradlePluginConfigurationErrors SKIPPED
[        ] Skipping task ':shared_preferences_android:checkKotlinGradlePluginConfigurationErrors' as task onlyIf 'errorDiagnostics are present' is false.
[        ] Resolve mutations for :shared_preferences_android:compileDebugKotlin (Thread[#44868,Execution worker Thread 31,5,main]) started.
[        ] :shared_preferences_android:compileDebugKotlin (Thread[#44868,Execution worker Thread 31,5,main]) started.
[        ] > Task :shared_preferences_android:compileDebugKotlin UP-TO-DATE
[        ] Adding -Xuse-inline-scopes-numbers Kotlin compiler flag for task :shared_preferences_android:compileDebugAndroidTestKotlin
[        ] Caching disabled for task ':shared_preferences_android:compileDebugKotlin' because:
[        ]   Build cache is disabled
[        ] Skipping task ':shared_preferences_android:compileDebugKotlin' as it is up-to-date.
[        ] Resolve mutations for :shared_preferences_android:javaPreCompileDebug (Thread[#44868,Execution worker Thread 31,5,main]) started.
[        ] :shared_preferences_android:javaPreCompileDebug (Thread[#44868,Execution worker Thread 31,5,main]) started.
[        ] > Task :shared_preferences_android:javaPreCompileDebug UP-TO-DATE
[        ] Caching disabled for task ':shared_preferences_android:javaPreCompileDebug' because:
[        ]   Build cache is disabled
[        ] Skipping task ':shared_preferences_android:javaPreCompileDebug' as it is up-to-date.
[        ] Resolve mutations for :shared_preferences_android:compileDebugJavaWithJavac (Thread[#44868,Execution worker Thread 31,5,main]) started.
[        ] :shared_preferences_android:compileDebugJavaWithJavac (Thread[#44868,Execution worker Thread 31,5,main]) started.
[        ] > Task :shared_preferences_android:compileDebugJavaWithJavac UP-TO-DATE
[        ] Custom actions are attached to task ':shared_preferences_android:compileDebugJavaWithJavac'.
[        ] Caching disabled for task ':shared_preferences_android:compileDebugJavaWithJavac' because:
[        ]   Build cache is disabled
[        ] Skipping task ':shared_preferences_android:compileDebugJavaWithJavac' as it is up-to-date.
[        ] No compile result for :shared_preferences_android:compileDebugJavaWithJavac
[        ] No compile result for :shared_preferences_android:compileDebugJavaWithJavac
[        ] Resolve mutations for :shared_preferences_android:bundleLibCompileToJarDebug (Thread[#44868,Execution worker Thread 31,5,main]) started.
[        ] :shared_preferences_android:bundleLibCompileToJarDebug (Thread[#44868,Execution worker Thread 31,5,main]) started.
[        ] > Task :shared_preferences_android:bundleLibCompileToJarDebug UP-TO-DATE
[        ] Caching disabled for task ':shared_preferences_android:bundleLibCompileToJarDebug' because:
[        ]   Build cache is disabled
[        ]   Simple merging task
[        ] Skipping task ':shared_preferences_android:bundleLibCompileToJarDebug' as it is up-to-date.
[        ] work action resolve classes.jar (project :shared_preferences_android) (Thread[#44868,Execution worker Thread 31,5,main]) started.
[        ] Resolve mutations for :sqflite_android:javaPreCompileDebug (Thread[#44868,Execution worker Thread 31,5,main]) started.
[        ] :sqflite_android:javaPreCompileDebug (Thread[#44868,Execution worker Thread 31,5,main]) started.
[        ] > Task :sqflite_android:javaPreCompileDebug UP-TO-DATE
[        ] Caching disabled for task ':sqflite_android:javaPreCompileDebug' because:
[        ]   Build cache is disabled
[        ] Skipping task ':sqflite_android:javaPreCompileDebug' as it is up-to-date.
[        ] Resolve mutations for :sqflite_android:compileDebugJavaWithJavac (Thread[#44868,Execution worker Thread 31,5,main]) started.
[        ] :sqflite_android:compileDebugJavaWithJavac (Thread[#44868,Execution worker Thread 31,5,main]) started.
[        ] > Task :sqflite_android:compileDebugJavaWithJavac UP-TO-DATE
[        ] Custom actions are attached to task ':sqflite_android:compileDebugJavaWithJavac'.
[        ] Caching disabled for task ':sqflite_android:compileDebugJavaWithJavac' because:
[        ]   Build cache is disabled
[        ] Skipping task ':sqflite_android:compileDebugJavaWithJavac' as it is up-to-date.
[        ] No compile result for :sqflite_android:compileDebugJavaWithJavac
[        ] No compile result for :sqflite_android:compileDebugJavaWithJavac
[        ] Resolve mutations for :sqflite_android:bundleLibCompileToJarDebug (Thread[#44868,Execution worker Thread 31,5,main]) started.
[        ] :sqflite_android:bundleLibCompileToJarDebug (Thread[#44868,Execution worker Thread 31,5,main]) started.
[        ] > Task :sqflite_android:bundleLibCompileToJarDebug UP-TO-DATE
[        ] Caching disabled for task ':sqflite_android:bundleLibCompileToJarDebug' because:
[        ]   Build cache is disabled
[        ]   Simple merging task
[        ] Skipping task ':sqflite_android:bundleLibCompileToJarDebug' as it is up-to-date.
[        ] work action resolve classes.jar (project :sqflite_android) (Thread[#44868,Execution worker Thread 31,5,main]) started.
[        ] Resolve mutations for :url_launcher_android:generateDebugBuildConfig (Thread[#44868,Execution worker Thread 31,5,main]) started.
[        ] :url_launcher_android:generateDebugBuildConfig (Thread[#44868,Execution worker Thread 31,5,main]) started.
[        ] > Task :url_launcher_android:generateDebugBuildConfig UP-TO-DATE
[        ] Caching disabled for task ':url_launcher_android:generateDebugBuildConfig' because:
[        ]   Build cache is disabled
[        ] Skipping task ':url_launcher_android:generateDebugBuildConfig' as it is up-to-date.
[        ] Resolve mutations for :url_launcher_android:javaPreCompileDebug (Thread[#44868,Execution worker Thread 31,5,main]) started.
[        ] :url_launcher_android:javaPreCompileDebug (Thread[#44868,Execution worker Thread 31,5,main]) started.
[        ] > Task :url_launcher_android:javaPreCompileDebug UP-TO-DATE
[        ] Caching disabled for task ':url_launcher_android:javaPreCompileDebug' because:
[        ]   Build cache is disabled
[        ] Skipping task ':url_launcher_android:javaPreCompileDebug' as it is up-to-date.
[        ] Resolve mutations for :url_launcher_android:compileDebugJavaWithJavac (Thread[#44868,Execution worker Thread 31,5,main]) started.
[        ] :url_launcher_android:compileDebugJavaWithJavac (Thread[#44868,Execution worker Thread 31,5,main]) started.
[        ] > Task :url_launcher_android:compileDebugJavaWithJavac UP-TO-DATE
[        ] Custom actions are attached to task ':url_launcher_android:compileDebugJavaWithJavac'.
[        ] Caching disabled for task ':url_launcher_android:compileDebugJavaWithJavac' because:
[        ]   Build cache is disabled
[        ] Skipping task ':url_launcher_android:compileDebugJavaWithJavac' as it is up-to-date.
[        ] No compile result for :url_launcher_android:compileDebugJavaWithJavac
[        ] No compile result for :url_launcher_android:compileDebugJavaWithJavac
[        ] Resolve mutations for :url_launcher_android:bundleLibCompileToJarDebug (Thread[#44868,Execution worker Thread 31,5,main]) started.
[        ] :url_launcher_android:bundleLibCompileToJarDebug (Thread[#44868,Execution worker Thread 31,5,main]) started.
[        ] > Task :url_launcher_android:bundleLibCompileToJarDebug UP-TO-DATE
[        ] Caching disabled for task ':url_launcher_android:bundleLibCompileToJarDebug' because:
[        ]   Build cache is disabled
[        ]   Simple merging task
[        ] Skipping task ':url_launcher_android:bundleLibCompileToJarDebug' as it is up-to-date.
[        ] work action resolve classes.jar (project :url_launcher_android) (Thread[#44868,Execution worker Thread 31,5,main]) started.
[        ] Resolve mutations for :video_player_android:checkKotlinGradlePluginConfigurationErrors (Thread[#44868,Execution worker Thread 31,5,main]) started.
[        ] :video_player_android:checkKotlinGradlePluginConfigurationErrors (Thread[#44868,Execution worker Thread 31,5,main]) started.
[        ] > Task :video_player_android:checkKotlinGradlePluginConfigurationErrors SKIPPED
[        ] Skipping task ':video_player_android:checkKotlinGradlePluginConfigurationErrors' as task onlyIf 'errorDiagnostics are present' is false.
[        ] Resolve mutations for :video_player_android:compileDebugKotlin (Thread[#44868,Execution worker Thread 31,5,main]) started.
[        ] :video_player_android:compileDebugKotlin (Thread[#44868,Execution worker Thread 31,5,main]) started.
[        ] > Task :video_player_android:compileDebugKotlin UP-TO-DATE
[        ] Adding -Xuse-inline-scopes-numbers Kotlin compiler flag for task :video_player_android:compileDebugAndroidTestKotlin
[        ] Caching disabled for task ':video_player_android:compileDebugKotlin' because:
[        ]   Build cache is disabled
[        ] Skipping task ':video_player_android:compileDebugKotlin' as it is up-to-date.
[        ] Resolve mutations for :video_player_android:javaPreCompileDebug (Thread[#44868,Execution worker Thread 31,5,main]) started.
[        ] :video_player_android:javaPreCompileDebug (Thread[#44868,Execution worker Thread 31,5,main]) started.
[        ] > Task :video_player_android:javaPreCompileDebug UP-TO-DATE
[        ] Caching disabled for task ':video_player_android:javaPreCompileDebug' because:
[        ]   Build cache is disabled
[        ] Skipping task ':video_player_android:javaPreCompileDebug' as it is up-to-date.
[        ] Resolve mutations for :video_player_android:compileDebugJavaWithJavac (Thread[#44868,Execution worker Thread 31,5,main]) started.
[        ] :video_player_android:compileDebugJavaWithJavac (Thread[#44868,Execution worker Thread 31,5,main]) started.
[        ] > Task :video_player_android:compileDebugJavaWithJavac UP-TO-DATE
[        ] Custom actions are attached to task ':video_player_android:compileDebugJavaWithJavac'.
[        ] Caching disabled for task ':video_player_android:compileDebugJavaWithJavac' because:
[        ]   Build cache is disabled
[        ] Skipping task ':video_player_android:compileDebugJavaWithJavac' as it is up-to-date.
[        ] No compile result for :video_player_android:compileDebugJavaWithJavac
[        ] No compile result for :video_player_android:compileDebugJavaWithJavac
[        ] Resolve mutations for :video_player_android:bundleLibCompileToJarDebug (Thread[#44868,Execution worker Thread 31,5,main]) started.
[        ] :video_player_android:bundleLibCompileToJarDebug (Thread[#44868,Execution worker Thread 31,5,main]) started.
[        ] > Task :video_player_android:bundleLibCompileToJarDebug UP-TO-DATE
[        ] Caching disabled for task ':video_player_android:bundleLibCompileToJarDebug' because:
[        ]   Build cache is disabled
[        ]   Simple merging task
[        ] Skipping task ':video_player_android:bundleLibCompileToJarDebug' as it is up-to-date.
[        ] work action resolve classes.jar (project :video_player_android) (Thread[#44868,Execution worker Thread 31,5,main]) started.
[        ] Resolve mutations for :app:compileDebugKotlin (Thread[#44868,Execution worker Thread 31,5,main]) started.
[        ] :app:compileDebugKotlin (Thread[#44868,Execution worker Thread 31,5,main]) started.
[        ] > Task :app:compileDebugKotlin UP-TO-DATE
[        ] Adding -Xuse-inline-scopes-numbers Kotlin compiler flag for task :app:compileDebugAndroidTestKotlin
[        ] Caching disabled for task ':app:compileDebugKotlin' because:
[        ]   Build cache is disabled
[        ] Skipping task ':app:compileDebugKotlin' as it is up-to-date.
[        ] Resolve mutations for :app:javaPreCompileDebug (Thread[#44868,Execution worker Thread 31,5,main]) started.
[        ] :app:javaPreCompileDebug (Thread[#44868,Execution worker Thread 31,5,main]) started.
[        ] > Task :app:javaPreCompileDebug UP-TO-DATE
[        ] Caching disabled for task ':app:javaPreCompileDebug' because:
[        ]   Build cache is disabled
[        ] Skipping task ':app:javaPreCompileDebug' as it is up-to-date.
[        ] Resolve mutations for :app:compileDebugJavaWithJavac (Thread[#44868,Execution worker Thread 31,5,main]) started.
[        ] :app:compileDebugJavaWithJavac (Thread[#44868,Execution worker Thread 31,5,main]) started.
[        ] > Task :app:compileDebugJavaWithJavac UP-TO-DATE
[        ] Custom actions are attached to task ':app:compileDebugJavaWithJavac'.
[        ] Caching disabled for task ':app:compileDebugJavaWithJavac' because:
[        ]   Build cache is disabled
[        ] Skipping task ':app:compileDebugJavaWithJavac' as it is up-to-date.
[        ] No compile result for :app:compileDebugJavaWithJavac
[        ] No compile result for :app:compileDebugJavaWithJavac
[        ] Resolve mutations for :app:compressDebugAssets (Thread[#44868,Execution worker Thread 31,5,main]) started.
[        ] :app:compressDebugAssets (Thread[#44868,Execution worker Thread 31,5,main]) started.
[        ] Resolve mutations for :app:processDebugJavaRes (Thread[#44855,Execution worker Thread 18,5,main]) started.
[        ] :app:processDebugJavaRes (Thread[#44855,Execution worker Thread 18,5,main]) started.
[        ] > Task :app:processDebugJavaRes UP-TO-DATE
[        ] file or directory '/Users/florian/Code/substitution/android/app/src/main/resources', not found
[        ] file or directory '/Users/florian/Code/substitution/android/app/src/debug/resources', not found
[        ] file or directory '/Users/florian/Code/substitution/android/app/src/main/resources', not found
[        ] file or directory '/Users/florian/Code/substitution/android/app/src/debug/resources', not found
[        ] Caching disabled for task ':app:processDebugJavaRes' because:
[        ]   Build cache is disabled
[        ]   Caching has been disabled for the task
[        ] Skipping task ':app:processDebugJavaRes' as it is up-to-date.
[        ] Resolve mutations for :connectivity_plus:processDebugJavaRes (Thread[#44855,Execution worker Thread 18,5,main]) started.
[        ] :connectivity_plus:processDebugJavaRes (Thread[#44855,Execution worker Thread 18,5,main]) started.
[        ] > Task :connectivity_plus:processDebugJavaRes NO-SOURCE
[        ] file or directory '/Users/florian/.pub-cache/hosted/pub.dev/connectivity_plus-5.0.2/android/src/main/resources', not found
[        ] file or directory '/Users/florian/.pub-cache/hosted/pub.dev/connectivity_plus-5.0.2/android/src/debug/resources', not found
[        ] Skipping task ':connectivity_plus:processDebugJavaRes' as it has no source files and no previous output files.
[        ] work action resolve out (project :connectivity_plus) (Thread[#44855,Execution worker Thread 18,5,main]) started.
[        ] Resolve mutations for :emoji_picker_flutter:processDebugJavaRes (Thread[#44855,Execution worker Thread 18,5,main]) started.
[        ] :emoji_picker_flutter:processDebugJavaRes (Thread[#44855,Execution worker Thread 18,5,main]) started.
[        ] > Task :emoji_picker_flutter:processDebugJavaRes UP-TO-DATE
[        ] file or directory '/Users/florian/.pub-cache/hosted/pub.dev/emoji_picker_flutter-4.4.0/android/src/main/resources', not found
[        ] file or directory '/Users/florian/.pub-cache/hosted/pub.dev/emoji_picker_flutter-4.4.0/android/src/debug/resources', not found
[        ] file or directory '/Users/florian/.pub-cache/hosted/pub.dev/emoji_picker_flutter-4.4.0/android/src/main/resources', not found
[        ] file or directory '/Users/florian/.pub-cache/hosted/pub.dev/emoji_picker_flutter-4.4.0/android/src/debug/resources', not found
[        ] Caching disabled for task ':emoji_picker_flutter:processDebugJavaRes' because:
[        ]   Build cache is disabled
[        ]   Caching has been disabled for the task
[        ] Skipping task ':emoji_picker_flutter:processDebugJavaRes' as it is up-to-date.
[        ] work action resolve out (project :emoji_picker_flutter) (Thread[#44855,Execution worker Thread 18,5,main]) started.
[        ] Resolve mutations for :file_selector_android:processDebugJavaRes (Thread[#44855,Execution worker Thread 18,5,main]) started.
[        ] :file_selector_android:processDebugJavaRes (Thread[#44855,Execution worker Thread 18,5,main]) started.
[        ] > Task :file_selector_android:processDebugJavaRes NO-SOURCE
[        ] file or directory '/Users/florian/.pub-cache/hosted/pub.dev/file_selector_android-0.5.2+4/android/src/main/resources', not found
[        ] file or directory '/Users/florian/.pub-cache/hosted/pub.dev/file_selector_android-0.5.2+4/android/src/debug/resources', not found
[        ] Skipping task ':file_selector_android:processDebugJavaRes' as it has no source files and no previous output files.
[        ] work action resolve out (project :file_selector_android) (Thread[#44855,Execution worker Thread 18,5,main]) started.
[        ] Resolve mutations for :flutter_keyboard_visibility_temp_fork:processDebugJavaRes (Thread[#44855,Execution worker Thread 18,5,main]) started.
[        ] :flutter_keyboard_visibility_temp_fork:processDebugJavaRes (Thread[#44855,Execution worker Thread 18,5,main]) started.
[        ] > Task :flutter_keyboard_visibility_temp_fork:processDebugJavaRes NO-SOURCE
[        ] file or directory '/Users/florian/.pub-cache/hosted/pub.dev/flutter_keyboard_visibility_temp_fork-0.1.5/android/src/main/resources', not found
[        ] file or directory '/Users/florian/.pub-cache/hosted/pub.dev/flutter_keyboard_visibility_temp_fork-0.1.5/android/src/debug/resources', not found
[        ] Skipping task ':flutter_keyboard_visibility_temp_fork:processDebugJavaRes' as it has no source files and no previous output files.
[        ] work action resolve out (project :flutter_keyboard_visibility_temp_fork) (Thread[#44855,Execution worker Thread 18,5,main]) started.
[        ] Resolve mutations for :flutter_native_splash:processDebugJavaRes (Thread[#44855,Execution worker Thread 18,5,main]) started.
[        ] :flutter_native_splash:processDebugJavaRes (Thread[#44855,Execution worker Thread 18,5,main]) started.
[        ] > Task :flutter_native_splash:processDebugJavaRes NO-SOURCE
[        ] file or directory '/Users/florian/.pub-cache/hosted/pub.dev/flutter_native_splash-2.4.7/android/src/main/resources', not found
[        ] file or directory '/Users/florian/.pub-cache/hosted/pub.dev/flutter_native_splash-2.4.7/android/src/debug/resources', not found
[        ] Skipping task ':flutter_native_splash:processDebugJavaRes' as it has no source files and no previous output files.
[        ] work action resolve out (project :flutter_native_splash) (Thread[#44855,Execution worker Thread 18,5,main]) started.
[        ] Resolve mutations for :flutter_olm:processDebugJavaRes (Thread[#44855,Execution worker Thread 18,5,main]) started.
[        ] :flutter_olm:processDebugJavaRes (Thread[#44855,Execution worker Thread 18,5,main]) started.
[        ] > Task :flutter_olm:processDebugJavaRes UP-TO-DATE
[        ] file or directory '/Users/florian/.pub-cache/hosted/pub.dev/flutter_olm-2.0.0/android/src/main/resources', not found
[        ] file or directory '/Users/florian/.pub-cache/hosted/pub.dev/flutter_olm-2.0.0/android/src/debug/resources', not found
[        ] file or directory '/Users/florian/.pub-cache/hosted/pub.dev/flutter_olm-2.0.0/android/src/main/resources', not found
[        ] file or directory '/Users/florian/.pub-cache/hosted/pub.dev/flutter_olm-2.0.0/android/src/debug/resources', not found
[        ] Caching disabled for task ':flutter_olm:processDebugJavaRes' because:
[        ]   Build cache is disabled
[        ]   Caching has been disabled for the task
[        ] Skipping task ':flutter_olm:processDebugJavaRes' as it is up-to-date.
[        ] work action resolve out (project :flutter_olm) (Thread[#44855,Execution worker Thread 18,5,main]) started.
[        ] Resolve mutations for :flutter_openssl_crypto:processDebugJavaRes (Thread[#44855,Execution worker Thread 18,5,main]) started.
[        ] :flutter_openssl_crypto:processDebugJavaRes (Thread[#44855,Execution worker Thread 18,5,main]) started.
[        ] > Task :flutter_openssl_crypto:processDebugJavaRes UP-TO-DATE
[        ] file or directory '/Users/florian/.pub-cache/hosted/pub.dev/flutter_openssl_crypto-0.5.0/android/src/main/resources', not found
[        ] file or directory '/Users/florian/.pub-cache/hosted/pub.dev/flutter_openssl_crypto-0.5.0/android/src/debug/resources', not found
[        ] file or directory '/Users/florian/.pub-cache/hosted/pub.dev/flutter_openssl_crypto-0.5.0/android/src/main/resources', not found
[        ] file or directory '/Users/florian/.pub-cache/hosted/pub.dev/flutter_openssl_crypto-0.5.0/android/src/debug/resources', not found
[        ] Caching disabled for task ':flutter_openssl_crypto:processDebugJavaRes' because:
[        ]   Build cache is disabled
[        ]   Caching has been disabled for the task
[        ] Skipping task ':flutter_openssl_crypto:processDebugJavaRes' as it is up-to-date.
[        ] work action resolve out (project :flutter_openssl_crypto) (Thread[#44855,Execution worker Thread 18,5,main]) started.
[        ] Resolve mutations for :integration_test:processDebugJavaRes (Thread[#44855,Execution worker Thread 18,5,main]) started.
[        ] :integration_test:processDebugJavaRes (Thread[#44855,Execution worker Thread 18,5,main]) started.
[        ] > Task :integration_test:processDebugJavaRes NO-SOURCE
[        ] file or directory '/opt/homebrew/share/flutter/packages/integration_test/android/src/main/resources', not found
[        ] file or directory '/opt/homebrew/share/flutter/packages/integration_test/android/src/debug/resources', not found
[        ] Skipping task ':integration_test:processDebugJavaRes' as it has no source files and no previous output files.
[        ] work action resolve out (project :integration_test) (Thread[#44855,Execution worker Thread 18,5,main]) started.
[        ] Resolve mutations for :path_provider_android:processDebugJavaRes (Thread[#44855,Execution worker Thread 18,5,main]) started.
[        ] :path_provider_android:processDebugJavaRes (Thread[#44855,Execution worker Thread 18,5,main]) started.
[        ] > Task :path_provider_android:processDebugJavaRes NO-SOURCE
[        ] file or directory '/Users/florian/.pub-cache/hosted/pub.dev/path_provider_android-2.2.22/android/src/main/resources', not found
[        ] file or directory '/Users/florian/.pub-cache/hosted/pub.dev/path_provider_android-2.2.22/android/src/debug/resources', not found
[        ] Skipping task ':path_provider_android:processDebugJavaRes' as it has no source files and no previous output files.
[        ] work action resolve out (project :path_provider_android) (Thread[#44855,Execution worker Thread 18,5,main]) started.
[        ] Resolve mutations for :quill_native_bridge_android:processDebugJavaRes (Thread[#44855,Execution worker Thread 18,5,main]) started.
[        ] :quill_native_bridge_android:processDebugJavaRes (Thread[#44855,Execution worker Thread 18,5,main]) started.
[        ] > Task :quill_native_bridge_android:processDebugJavaRes UP-TO-DATE
[        ] file or directory '/Users/florian/.pub-cache/hosted/pub.dev/quill_native_bridge_android-0.0.1+2/android/src/main/resources', not found
[        ] file or directory '/Users/florian/.pub-cache/hosted/pub.dev/quill_native_bridge_android-0.0.1+2/android/src/debug/resources', not found
[        ] file or directory '/Users/florian/.pub-cache/hosted/pub.dev/quill_native_bridge_android-0.0.1+2/android/src/main/resources', not found
[        ] file or directory '/Users/florian/.pub-cache/hosted/pub.dev/quill_native_bridge_android-0.0.1+2/android/src/debug/resources', not found
[        ] Caching disabled for task ':quill_native_bridge_android:processDebugJavaRes' because:
[        ]   Build cache is disabled
[        ]   Caching has been disabled for the task
[        ] Skipping task ':quill_native_bridge_android:processDebugJavaRes' as it is up-to-date.
[        ] work action resolve out (project :quill_native_bridge_android) (Thread[#44855,Execution worker Thread 18,5,main]) started.
[        ] Resolve mutations for :shared_preferences_android:processDebugJavaRes (Thread[#44855,Execution worker Thread 18,5,main]) started.
[        ] :shared_preferences_android:processDebugJavaRes (Thread[#44855,Execution worker Thread 18,5,main]) started.
[        ] > Task :shared_preferences_android:processDebugJavaRes UP-TO-DATE
[        ] file or directory '/Users/florian/.pub-cache/hosted/pub.dev/shared_preferences_android-2.4.20/android/src/main/resources', not found
[        ] file or directory '/Users/florian/.pub-cache/hosted/pub.dev/shared_preferences_android-2.4.20/android/src/debug/resources', not found
[        ] file or directory '/Users/florian/.pub-cache/hosted/pub.dev/shared_preferences_android-2.4.20/android/src/main/resources', not found
[        ] file or directory '/Users/florian/.pub-cache/hosted/pub.dev/shared_preferences_android-2.4.20/android/src/debug/resources', not found
[        ] Caching disabled for task ':shared_preferences_android:processDebugJavaRes' because:
[        ]   Build cache is disabled
[        ]   Caching has been disabled for the task
[        ] Skipping task ':shared_preferences_android:processDebugJavaRes' as it is up-to-date.
[        ] work action resolve out (project :shared_preferences_android) (Thread[#44855,Execution worker Thread 18,5,main]) started.
[        ] Resolve mutations for :sqflite_android:processDebugJavaRes (Thread[#44855,Execution worker Thread 18,5,main]) started.
[        ] :sqflite_android:processDebugJavaRes (Thread[#44855,Execution worker Thread 18,5,main]) started.
[        ] > Task :sqflite_android:processDebugJavaRes NO-SOURCE
[        ] file or directory '/Users/florian/.pub-cache/hosted/pub.dev/sqflite_android-2.4.2+2/android/src/main/resources', not found
[        ] file or directory '/Users/florian/.pub-cache/hosted/pub.dev/sqflite_android-2.4.2+2/android/src/debug/resources', not found
[        ] Skipping task ':sqflite_android:processDebugJavaRes' as it has no source files and no previous output files.
[        ] work action resolve out (project :sqflite_android) (Thread[#44855,Execution worker Thread 18,5,main]) started.
[        ] Resolve mutations for :url_launcher_android:processDebugJavaRes (Thread[#44855,Execution worker Thread 18,5,main]) started.
[        ] :url_launcher_android:processDebugJavaRes (Thread[#44855,Execution worker Thread 18,5,main]) started.
[        ] > Task :url_launcher_android:processDebugJavaRes NO-SOURCE
[        ] file or directory '/Users/florian/.pub-cache/hosted/pub.dev/url_launcher_android-6.3.28/android/src/main/resources', not found
[        ] file or directory '/Users/florian/.pub-cache/hosted/pub.dev/url_launcher_android-6.3.28/android/src/debug/resources', not found
[        ] Skipping task ':url_launcher_android:processDebugJavaRes' as it has no source files and no previous output files.
[        ] work action resolve out (project :url_launcher_android) (Thread[#44855,Execution worker Thread 18,5,main]) started.
[        ] Resolve mutations for :video_player_android:processDebugJavaRes (Thread[#44855,Execution worker Thread 18,5,main]) started.
[        ] :video_player_android:processDebugJavaRes (Thread[#44855,Execution worker Thread 18,5,main]) started.
[        ] > Task :video_player_android:processDebugJavaRes UP-TO-DATE
[        ] file or directory '/Users/florian/.pub-cache/hosted/pub.dev/video_player_android-2.9.1/android/src/main/resources', not found
[        ] file or directory '/Users/florian/.pub-cache/hosted/pub.dev/video_player_android-2.9.1/android/src/debug/resources', not found
[        ] file or directory '/Users/florian/.pub-cache/hosted/pub.dev/video_player_android-2.9.1/android/src/main/resources', not found
[        ] file or directory '/Users/florian/.pub-cache/hosted/pub.dev/video_player_android-2.9.1/android/src/debug/resources', not found
[        ] Caching disabled for task ':video_player_android:processDebugJavaRes' because:
[        ]   Build cache is disabled
[        ]   Caching has been disabled for the task
[        ] Skipping task ':video_player_android:processDebugJavaRes' as it is up-to-date.
[        ] work action resolve out (project :video_player_android) (Thread[#44855,Execution worker Thread 18,5,main]) started.
[        ] Resolve mutations for :app:mergeDebugJavaResource (Thread[#44855,Execution worker Thread 18,5,main]) started.
[        ] :app:mergeDebugJavaResource (Thread[#44855,Execution worker Thread 18,5,main]) started.
[        ] > Task :app:mergeDebugJavaResource UP-TO-DATE
[        ] Caching disabled for task ':app:mergeDebugJavaResource' because:
[        ]   Build cache is disabled
[        ]   Caching has been disabled for the task
[        ] Skipping task ':app:mergeDebugJavaResource' as it is up-to-date.
[        ] Resolve mutations for :app:checkDebugDuplicateClasses (Thread[#44855,Execution worker Thread 18,5,main]) started.
[        ] :app:checkDebugDuplicateClasses (Thread[#44855,Execution worker Thread 18,5,main]) started.
[        ] > Task :app:checkDebugDuplicateClasses UP-TO-DATE
[        ] Caching disabled for task ':app:checkDebugDuplicateClasses' because:
[        ]   Build cache is disabled
[        ]   Caching has been disabled for the task
[        ] Skipping task ':app:checkDebugDuplicateClasses' as it is up-to-date.
[        ] Resolve mutations for :app:desugarDebugFileDependencies (Thread[#44855,Execution worker Thread 18,5,main]) started.
[        ] :app:desugarDebugFileDependencies (Thread[#44855,Execution worker Thread 18,5,main]) started.
[        ] > Task :app:desugarDebugFileDependencies UP-TO-DATE
[        ] Caching disabled for task ':app:desugarDebugFileDependencies' because:
[        ]   Build cache is disabled
[        ] Skipping task ':app:desugarDebugFileDependencies' as it is up-to-date.
[        ] Resolve mutations for :app:mergeExtDexDebug (Thread[#44855,Execution worker Thread 18,5,main]) started.
[        ] :app:mergeExtDexDebug (Thread[#44855,Execution worker Thread 18,5,main]) started.
[        ] > Task :app:mergeExtDexDebug UP-TO-DATE
[        ] Caching disabled for task ':app:mergeExtDexDebug' because:
[        ]   Build cache is disabled
[        ] Skipping task ':app:mergeExtDexDebug' as it is up-to-date.
[        ] Resolve mutations for :connectivity_plus:bundleLibRuntimeToDirDebug (Thread[#44855,Execution worker Thread 18,5,main]) started.
[        ] :connectivity_plus:bundleLibRuntimeToDirDebug (Thread[#44855,Execution worker Thread 18,5,main]) started.
[        ] > Task :connectivity_plus:bundleLibRuntimeToDirDebug UP-TO-DATE
[        ] Caching disabled for task ':connectivity_plus:bundleLibRuntimeToDirDebug' because:
[        ]   Build cache is disabled
[        ]   Simple merging task
[        ] Skipping task ':connectivity_plus:bundleLibRuntimeToDirDebug' as it is up-to-date.
[        ] work action resolve bundleLibRuntimeToDirDebug (project :connectivity_plus) (Thread[#44855,Execution worker Thread 18,5,main]) started.
[        ] ClassesDirToClassesTransform (Thread[#44855,Execution worker Thread 18,5,main]) started.
[        ] Resolve mutations for :emoji_picker_flutter:bundleLibRuntimeToDirDebug (Thread[#44838,Execution worker Thread 2,5,main]) started.
[        ] :emoji_picker_flutter:bundleLibRuntimeToDirDebug (Thread[#44838,Execution worker Thread 2,5,main]) started.
[        ] DexingNoClasspathTransform (Thread[#44846,Execution worker Thread 9,5,main]) started.
[        ] > Task :emoji_picker_flutter:bundleLibRuntimeToDirDebug UP-TO-DATE
[        ] Caching disabled for task ':emoji_picker_flutter:bundleLibRuntimeToDirDebug' because:
[        ]   Build cache is disabled
[        ]   Simple merging task
[        ] Skipping task ':emoji_picker_flutter:bundleLibRuntimeToDirDebug' as it is up-to-date.
[        ] work action resolve bundleLibRuntimeToDirDebug (project :emoji_picker_flutter) (Thread[#44838,Execution worker Thread 2,5,main]) started.
[        ] ClassesDirToClassesTransform (Thread[#44838,Execution worker Thread 2,5,main]) started.
[        ] Resolve mutations for :file_selector_android:bundleLibRuntimeToDirDebug (Thread[#44842,Execution worker Thread 6,5,main]) started.
[        ] :file_selector_android:bundleLibRuntimeToDirDebug (Thread[#44842,Execution worker Thread 6,5,main]) started.
[        ] DexingNoClasspathTransform (Thread[#44838,Execution worker Thread 2,5,main]) started.
[        ] > Transform bundleLibRuntimeToDirDebug (project :connectivity_plus) with DexingNoClasspathTransform
[        ] Caching disabled for DexingNoClasspathTransform: /Users/florian/Code/substitution/build/connectivity_plus/intermediates/runtime_library_classes_dir/debug/bundleLibRuntimeToDirDebug because:
[        ]   Build cache is disabled
[        ] Skipping DexingNoClasspathTransform: /Users/florian/Code/substitution/build/connectivity_plus/intermediates/runtime_library_classes_dir/debug/bundleLibRuntimeToDirDebug as it is up-to-date.
[        ] > Transform bundleLibRuntimeToDirDebug (project :emoji_picker_flutter) with DexingNoClasspathTransform
[        ] Caching disabled for DexingNoClasspathTransform: /Users/florian/Code/substitution/build/emoji_picker_flutter/intermediates/runtime_library_classes_dir/debug/bundleLibRuntimeToDirDebug because:
[        ]   Build cache is disabled
[        ] Skipping DexingNoClasspathTransform: /Users/florian/Code/substitution/build/emoji_picker_flutter/intermediates/runtime_library_classes_dir/debug/bundleLibRuntimeToDirDebug as it is up-to-date.
[        ] > Task :file_selector_android:bundleLibRuntimeToDirDebug UP-TO-DATE
[        ] Caching disabled for task ':file_selector_android:bundleLibRuntimeToDirDebug' because:
[        ]   Build cache is disabled
[        ]   Simple merging task
[        ] Skipping task ':file_selector_android:bundleLibRuntimeToDirDebug' as it is up-to-date.
[        ] work action resolve bundleLibRuntimeToDirDebug (project :file_selector_android) (Thread[#44842,Execution worker Thread 6,5,main]) started.
[        ] ClassesDirToClassesTransform (Thread[#44842,Execution worker Thread 6,5,main]) started.
[        ] Resolve mutations for :flutter_keyboard_visibility_temp_fork:bundleLibRuntimeToDirDebug (Thread[#44846,Execution worker Thread 9,5,main]) started.
[        ] :flutter_keyboard_visibility_temp_fork:bundleLibRuntimeToDirDebug (Thread[#44846,Execution worker Thread 9,5,main]) started.
[        ] DexingNoClasspathTransform (Thread[#44860,Execution worker Thread 23,5,main]) started.
[        ] > Task :flutter_keyboard_visibility_temp_fork:bundleLibRuntimeToDirDebug UP-TO-DATE
[        ] Caching disabled for task ':flutter_keyboard_visibility_temp_fork:bundleLibRuntimeToDirDebug' because:
[        ]   Build cache is disabled
[        ]   Simple merging task
[        ] Skipping task ':flutter_keyboard_visibility_temp_fork:bundleLibRuntimeToDirDebug' as it is up-to-date.
[        ] work action resolve bundleLibRuntimeToDirDebug (project :flutter_keyboard_visibility_temp_fork) (Thread[#44846,Execution worker Thread 9,5,main]) started.
[        ] ClassesDirToClassesTransform (Thread[#44846,Execution worker Thread 9,5,main]) started.
[        ] Resolve mutations for :flutter_native_splash:bundleLibRuntimeToDirDebug (Thread[#44838,Execution worker Thread 2,5,main]) started.
[        ] :flutter_native_splash:bundleLibRuntimeToDirDebug (Thread[#44838,Execution worker Thread 2,5,main]) started.
[        ] DexingNoClasspathTransform (Thread[#44846,Execution worker Thread 9,5,main]) started.
[        ] > Transform bundleLibRuntimeToDirDebug (project :file_selector_android) with DexingNoClasspathTransform
[        ] Caching disabled for DexingNoClasspathTransform: /Users/florian/Code/substitution/build/file_selector_android/intermediates/runtime_library_classes_dir/debug/bundleLibRuntimeToDirDebug because:
[        ]   Build cache is disabled
[        ] Skipping DexingNoClasspathTransform: /Users/florian/Code/substitution/build/file_selector_android/intermediates/runtime_library_classes_dir/debug/bundleLibRuntimeToDirDebug as it is up-to-date.
[        ] > Task :flutter_native_splash:bundleLibRuntimeToDirDebug UP-TO-DATE
[        ] Caching disabled for task ':flutter_native_splash:bundleLibRuntimeToDirDebug' because:
[        ]   Build cache is disabled
[        ]   Simple merging task
[        ] Skipping task ':flutter_native_splash:bundleLibRuntimeToDirDebug' as it is up-to-date.
[        ] work action resolve bundleLibRuntimeToDirDebug (project :flutter_native_splash) (Thread[#44838,Execution worker Thread 2,5,main]) started.
[        ] ClassesDirToClassesTransform (Thread[#44838,Execution worker Thread 2,5,main]) started.
[        ] Resolve mutations for :flutter_olm:bundleLibRuntimeToDirDebug (Thread[#44851,Execution worker Thread 14,5,main]) started.
[        ] :flutter_olm:bundleLibRuntimeToDirDebug (Thread[#44851,Execution worker Thread 14,5,main]) started.
[        ] DexingNoClasspathTransform (Thread[#44838,Execution worker Thread 2,5,main]) started.
[        ] > Transform bundleLibRuntimeToDirDebug (project :flutter_keyboard_visibility_temp_fork) with DexingNoClasspathTransform
[        ] Caching disabled for DexingNoClasspathTransform: /Users/florian/Code/substitution/build/flutter_keyboard_visibility_temp_fork/intermediates/runtime_library_classes_dir/debug/bundleLibRuntimeToDirDebug because:
[        ]   Build cache is disabled
[        ] Skipping DexingNoClasspathTransform: /Users/florian/Code/substitution/build/flutter_keyboard_visibility_temp_fork/intermediates/runtime_library_classes_dir/debug/bundleLibRuntimeToDirDebug as it is up-to-date.
[        ] > Task :flutter_olm:bundleLibRuntimeToDirDebug UP-TO-DATE
[        ] Caching disabled for task ':flutter_olm:bundleLibRuntimeToDirDebug' because:
[        ]   Build cache is disabled
[        ]   Simple merging task
[        ] Skipping task ':flutter_olm:bundleLibRuntimeToDirDebug' as it is up-to-date.
[        ] work action resolve bundleLibRuntimeToDirDebug (project :flutter_olm) (Thread[#44851,Execution worker Thread 14,5,main]) started.
[        ] Resolve mutations for :flutter_openssl_crypto:bundleLibRuntimeToDirDebug (Thread[#44841,Execution worker Thread 5,5,main]) started.
[        ] ClassesDirToClassesTransform (Thread[#44851,Execution worker Thread 14,5,main]) started.
[        ] :flutter_openssl_crypto:bundleLibRuntimeToDirDebug (Thread[#44841,Execution worker Thread 5,5,main]) started.
[        ] DexingNoClasspathTransform (Thread[#44851,Execution worker Thread 14,5,main]) started.
[        ] > Transform bundleLibRuntimeToDirDebug (project :flutter_native_splash) with DexingNoClasspathTransform
[        ] Caching disabled for DexingNoClasspathTransform: /Users/florian/Code/substitution/build/flutter_native_splash/intermediates/runtime_library_classes_dir/debug/bundleLibRuntimeToDirDebug because:
[        ]   Build cache is disabled
[        ] Skipping DexingNoClasspathTransform: /Users/florian/Code/substitution/build/flutter_native_splash/intermediates/runtime_library_classes_dir/debug/bundleLibRuntimeToDirDebug as it is up-to-date.
[        ] > Task :flutter_openssl_crypto:bundleLibRuntimeToDirDebug UP-TO-DATE
[        ] Caching disabled for task ':flutter_openssl_crypto:bundleLibRuntimeToDirDebug' because:
[        ]   Build cache is disabled
[        ]   Simple merging task
[        ] Skipping task ':flutter_openssl_crypto:bundleLibRuntimeToDirDebug' as it is up-to-date.
[        ] work action resolve bundleLibRuntimeToDirDebug (project :flutter_openssl_crypto) (Thread[#44841,Execution worker Thread 5,5,main]) started.
[        ] ClassesDirToClassesTransform (Thread[#44841,Execution worker Thread 5,5,main]) started.
[        ] Resolve mutations for :integration_test:bundleLibRuntimeToDirDebug (Thread[#44865,Execution worker Thread 28,5,main]) started.
[        ] > Transform bundleLibRuntimeToDirDebug (project :flutter_olm) with DexingNoClasspathTransform
[        ] Caching disabled for DexingNoClasspathTransform: /Users/florian/Code/substitution/build/flutter_olm/intermediates/runtime_library_classes_dir/debug/bundleLibRuntimeToDirDebug because:
[        ]   Build cache is disabled
[        ] Skipping DexingNoClasspathTransform: /Users/florian/Code/substitution/build/flutter_olm/intermediates/runtime_library_classes_dir/debug/bundleLibRuntimeToDirDebug as it is up-to-date.
[        ] :integration_test:bundleLibRuntimeToDirDebug (Thread[#44865,Execution worker Thread 28,5,main]) started.
[        ] DexingNoClasspathTransform (Thread[#44841,Execution worker Thread 5,5,main]) started.
[        ] > Task :integration_test:bundleLibRuntimeToDirDebug UP-TO-DATE
[        ] Caching disabled for task ':integration_test:bundleLibRuntimeToDirDebug' because:
[        ]   Build cache is disabled
[        ]   Simple merging task
[        ] Skipping task ':integration_test:bundleLibRuntimeToDirDebug' as it is up-to-date.
[        ] > Transform bundleLibRuntimeToDirDebug (project :flutter_openssl_crypto) with DexingNoClasspathTransform
[        ] Caching disabled for DexingNoClasspathTransform: /Users/florian/Code/substitution/build/flutter_openssl_crypto/intermediates/runtime_library_classes_dir/debug/bundleLibRuntimeToDirDebug because:
[        ]   Build cache is disabled
[        ] Skipping DexingNoClasspathTransform: /Users/florian/Code/substitution/build/flutter_openssl_crypto/intermediates/runtime_library_classes_dir/debug/bundleLibRuntimeToDirDebug as it is up-to-date.
[        ] work action resolve bundleLibRuntimeToDirDebug (project :integration_test) (Thread[#44841,Execution worker Thread 5,5,main]) started.
[        ] ClassesDirToClassesTransform (Thread[#44841,Execution worker Thread 5,5,main]) started.
[        ] Resolve mutations for :path_provider_android:bundleLibRuntimeToDirDebug (Thread[#44865,Execution worker Thread 28,5,main]) started.
[        ] DexingNoClasspathTransform (Thread[#44841,Execution worker Thread 5,5,main]) started.
[        ] :path_provider_android:bundleLibRuntimeToDirDebug (Thread[#44865,Execution worker Thread 28,5,main]) started.
[        ] > Transform bundleLibRuntimeToDirDebug (project :integration_test) with DexingNoClasspathTransform
[        ] Caching disabled for DexingNoClasspathTransform: /Users/florian/Code/substitution/build/integration_test/intermediates/runtime_library_classes_dir/debug/bundleLibRuntimeToDirDebug because:
[        ]   Build cache is disabled
[        ] Skipping DexingNoClasspathTransform: /Users/florian/Code/substitution/build/integration_test/intermediates/runtime_library_classes_dir/debug/bundleLibRuntimeToDirDebug as it is up-to-date.
[        ] > Task :path_provider_android:bundleLibRuntimeToDirDebug UP-TO-DATE
[        ] Caching disabled for task ':path_provider_android:bundleLibRuntimeToDirDebug' because:
[        ]   Build cache is disabled
[        ]   Simple merging task
[        ] Skipping task ':path_provider_android:bundleLibRuntimeToDirDebug' as it is up-to-date.
[        ] work action resolve bundleLibRuntimeToDirDebug (project :path_provider_android) (Thread[#44865,Execution worker Thread 28,5,main]) started.
[        ] ClassesDirToClassesTransform (Thread[#44865,Execution worker Thread 28,5,main]) started.
[        ] Resolve mutations for :quill_native_bridge_android:bundleLibRuntimeToDirDebug (Thread[#44866,Execution worker Thread 29,5,main]) started.
[        ] DexingNoClasspathTransform (Thread[#44865,Execution worker Thread 28,5,main]) started.
[        ] :quill_native_bridge_android:bundleLibRuntimeToDirDebug (Thread[#44866,Execution worker Thread 29,5,main]) started.
[        ] > Transform bundleLibRuntimeToDirDebug (project :path_provider_android) with DexingNoClasspathTransform
[        ] Caching disabled for DexingNoClasspathTransform: /Users/florian/Code/substitution/build/path_provider_android/intermediates/runtime_library_classes_dir/debug/bundleLibRuntimeToDirDebug because:
[        ]   Build cache is disabled
[        ] Skipping DexingNoClasspathTransform: /Users/florian/Code/substitution/build/path_provider_android/intermediates/runtime_library_classes_dir/debug/bundleLibRuntimeToDirDebug as it is up-to-date.
[        ] > Task :quill_native_bridge_android:bundleLibRuntimeToDirDebug UP-TO-DATE
[        ] Caching disabled for task ':quill_native_bridge_android:bundleLibRuntimeToDirDebug' because:
[        ]   Build cache is disabled
[        ]   Simple merging task
[        ] Skipping task ':quill_native_bridge_android:bundleLibRuntimeToDirDebug' as it is up-to-date.
[        ] work action resolve bundleLibRuntimeToDirDebug (project :quill_native_bridge_android) (Thread[#44866,Execution worker Thread 29,5,main]) started.
[        ] ClassesDirToClassesTransform (Thread[#44866,Execution worker Thread 29,5,main]) started.
[        ] Resolve mutations for :shared_preferences_android:bundleLibRuntimeToDirDebug (Thread[#44845,Execution worker Thread 8,5,main]) started.
[        ] DexingNoClasspathTransform (Thread[#44866,Execution worker Thread 29,5,main]) started.
[        ] :shared_preferences_android:bundleLibRuntimeToDirDebug (Thread[#44845,Execution worker Thread 8,5,main]) started.
[        ] > Transform bundleLibRuntimeToDirDebug (project :quill_native_bridge_android) with DexingNoClasspathTransform
[        ] Caching disabled for DexingNoClasspathTransform: /Users/florian/Code/substitution/build/quill_native_bridge_android/intermediates/runtime_library_classes_dir/debug/bundleLibRuntimeToDirDebug because:
[        ]   Build cache is disabled
[        ] Skipping DexingNoClasspathTransform: /Users/florian/Code/substitution/build/quill_native_bridge_android/intermediates/runtime_library_classes_dir/debug/bundleLibRuntimeToDirDebug as it is up-to-date.
[        ] > Task :shared_preferences_android:bundleLibRuntimeToDirDebug UP-TO-DATE
[        ] Caching disabled for task ':shared_preferences_android:bundleLibRuntimeToDirDebug' because:
[        ]   Build cache is disabled
[        ]   Simple merging task
[        ] Skipping task ':shared_preferences_android:bundleLibRuntimeToDirDebug' as it is up-to-date.
[        ] work action resolve bundleLibRuntimeToDirDebug (project :shared_preferences_android) (Thread[#44845,Execution worker Thread 8,5,main]) started.
[        ] ClassesDirToClassesTransform (Thread[#44845,Execution worker Thread 8,5,main]) started.
[        ] Resolve mutations for :sqflite_android:bundleLibRuntimeToDirDebug (Thread[#44866,Execution worker Thread 29,5,main]) started.
[        ] :sqflite_android:bundleLibRuntimeToDirDebug (Thread[#44866,Execution worker Thread 29,5,main]) started.
[        ] DexingNoClasspathTransform (Thread[#44845,Execution worker Thread 8,5,main]) started.
[        ] > Task :sqflite_android:bundleLibRuntimeToDirDebug UP-TO-DATE
[        ] Caching disabled for task ':sqflite_android:bundleLibRuntimeToDirDebug' because:
[        ]   Build cache is disabled
[        ]   Simple merging task
[        ] Skipping task ':sqflite_android:bundleLibRuntimeToDirDebug' as it is up-to-date.
[        ] work action resolve bundleLibRuntimeToDirDebug (project :sqflite_android) (Thread[#44866,Execution worker Thread 29,5,main]) started.
[        ] ClassesDirToClassesTransform (Thread[#44866,Execution worker Thread 29,5,main]) started.
[        ] Resolve mutations for :url_launcher_android:bundleLibRuntimeToDirDebug (Thread[#44846,Execution worker Thread 9,5,main]) started.
[        ] DexingNoClasspathTransform (Thread[#44866,Execution worker Thread 29,5,main]) started.
[        ] :url_launcher_android:bundleLibRuntimeToDirDebug (Thread[#44846,Execution worker Thread 9,5,main]) started.
[        ] > Transform bundleLibRuntimeToDirDebug (project :shared_preferences_android) with DexingNoClasspathTransform
[        ] Caching disabled for DexingNoClasspathTransform: /Users/florian/Code/substitution/build/shared_preferences_android/intermediates/runtime_library_classes_dir/debug/bundleLibRuntimeToDirDebug because:
[        ]   Build cache is disabled
[        ] Skipping DexingNoClasspathTransform: /Users/florian/Code/substitution/build/shared_preferences_android/intermediates/runtime_library_classes_dir/debug/bundleLibRuntimeToDirDebug as it is up-to-date.
[        ] > Task :url_launcher_android:bundleLibRuntimeToDirDebug UP-TO-DATE
[        ] Caching disabled for task ':url_launcher_android:bundleLibRuntimeToDirDebug' because:
[        ]   Build cache is disabled
[        ]   Simple merging task
[        ] Skipping task ':url_launcher_android:bundleLibRuntimeToDirDebug' as it is up-to-date.
[        ] work action resolve bundleLibRuntimeToDirDebug (project :url_launcher_android) (Thread[#44846,Execution worker Thread 9,5,main]) started.
[        ] ClassesDirToClassesTransform (Thread[#44846,Execution worker Thread 9,5,main]) started.
[        ] Resolve mutations for :video_player_android:bundleLibRuntimeToDirDebug (Thread[#44839,Execution worker Thread 3,5,main]) started.
[        ] :video_player_android:bundleLibRuntimeToDirDebug (Thread[#44839,Execution worker Thread 3,5,main]) started.
[        ] > Transform bundleLibRuntimeToDirDebug (project :sqflite_android) with DexingNoClasspathTransform
[        ] Caching disabled for DexingNoClasspathTransform: /Users/florian/Code/substitution/build/sqflite_android/intermediates/runtime_library_classes_dir/debug/bundleLibRuntimeToDirDebug because:
[        ]   Build cache is disabled
[        ] Skipping DexingNoClasspathTransform: /Users/florian/Code/substitution/build/sqflite_android/intermediates/runtime_library_classes_dir/debug/bundleLibRuntimeToDirDebug as it is up-to-date.
[        ] DexingNoClasspathTransform (Thread[#44846,Execution worker Thread 9,5,main]) started.
[        ] > Transform bundleLibRuntimeToDirDebug (project :url_launcher_android) with DexingNoClasspathTransform
[        ] Caching disabled for DexingNoClasspathTransform: /Users/florian/Code/substitution/build/url_launcher_android/intermediates/runtime_library_classes_dir/debug/bundleLibRuntimeToDirDebug because:
[        ]   Build cache is disabled
[        ] Skipping DexingNoClasspathTransform: /Users/florian/Code/substitution/build/url_launcher_android/intermediates/runtime_library_classes_dir/debug/bundleLibRuntimeToDirDebug as it is up-to-date.
[        ] > Task :video_player_android:bundleLibRuntimeToDirDebug UP-TO-DATE
[        ] Caching disabled for task ':video_player_android:bundleLibRuntimeToDirDebug' because:
[        ]   Build cache is disabled
[        ]   Simple merging task
[        ] Skipping task ':video_player_android:bundleLibRuntimeToDirDebug' as it is up-to-date.
[        ] work action resolve bundleLibRuntimeToDirDebug (project :video_player_android) (Thread[#44839,Execution worker Thread 3,5,main]) started.
[        ] ClassesDirToClassesTransform (Thread[#44839,Execution worker Thread 3,5,main]) started.
[        ] Resolve mutations for :app:dexBuilderDebug (Thread[#44846,Execution worker Thread 9,5,main]) started.
[        ] DexingNoClasspathTransform (Thread[#44839,Execution worker Thread 3,5,main]) started.
[        ] :app:dexBuilderDebug (Thread[#44846,Execution worker Thread 9,5,main]) started.
[        ] > Task :app:dexBuilderDebug UP-TO-DATE
[        ] Caching disabled for task ':app:dexBuilderDebug' because:
[        ]   Build cache is disabled
[        ] Skipping task ':app:dexBuilderDebug' as it is up-to-date.
[        ] Resolve mutations for :app:mergeProjectDexDebug (Thread[#44846,Execution worker Thread 9,5,main]) started.
[        ] > Transform bundleLibRuntimeToDirDebug (project :video_player_android) with DexingNoClasspathTransform
[        ] Caching disabled for DexingNoClasspathTransform: /Users/florian/Code/substitution/build/video_player_android/intermediates/runtime_library_classes_dir/debug/bundleLibRuntimeToDirDebug because:
[        ]   Build cache is disabled
[        ] Skipping DexingNoClasspathTransform: /Users/florian/Code/substitution/build/video_player_android/intermediates/runtime_library_classes_dir/debug/bundleLibRuntimeToDirDebug as it is up-to-date.
[        ] Resolve mutations for :app:mergeLibDexDebug (Thread[#44846,Execution worker Thread 9,5,main]) started.
[        ] :app:mergeLibDexDebug (Thread[#44846,Execution worker Thread 9,5,main]) started.
[        ] > Task :app:mergeLibDexDebug UP-TO-DATE
[        ] Caching disabled for task ':app:mergeLibDexDebug' because:
[        ]   Build cache is disabled
[        ] Skipping task ':app:mergeLibDexDebug' as it is up-to-date.
[        ] :app:mergeProjectDexDebug (Thread[#44846,Execution worker Thread 9,5,main]) started.
[        ] > Task :app:mergeProjectDexDebug UP-TO-DATE
[        ] Caching disabled for task ':app:mergeProjectDexDebug' because:
[        ]   Build cache is disabled
[        ] Skipping task ':app:mergeProjectDexDebug' as it is up-to-date.
[        ] Resolve mutations for :app:configureCMakeDebug[arm64-v8a] (Thread[#44846,Execution worker Thread 9,5,main]) started.
[        ] :app:configureCMakeDebug[arm64-v8a] (Thread[#44846,Execution worker Thread 9,5,main]) started.
[        ] > Task :app:configureCMakeDebug[arm64-v8a]
[        ] Caching disabled for task ':app:configureCMakeDebug[arm64-v8a]' because:
[        ]   Build cache is disabled
[        ]   Caching has been disabled for the task
[        ] Task ':app:configureCMakeDebug[arm64-v8a]' is not up-to-date because:
[        ]   Task.upToDateWhen is false.
[        ] C/C++: /opt/homebrew/share/flutter/packages/flutter_tools/gradle/src/main/scripts/CMakeLists.txt debug|arm64-v8a : Start JSON generation. Platform version: 24 min SDK version: arm64-v8a
[        ] C/C++: /opt/homebrew/share/flutter/packages/flutter_tools/gradle/src/main/scripts/CMakeLists.txt debug|arm64-v8a : JSON '/Users/florian/Code/substitution/build/.cxx/debug/x6546535/arm64-v8a/android_gradle_build.json' was up-to-date
[        ] C/C++: /opt/homebrew/share/flutter/packages/flutter_tools/gradle/src/main/scripts/CMakeLists.txt debug|arm64-v8a : JSON generation completed without problems
[        ] C/C++: /opt/homebrew/share/flutter/packages/flutter_tools/gradle/src/main/scripts/CMakeLists.txt debug|arm64-v8a : Writing build model to /Users/florian/Code/substitution/build/app/intermediates/cxx/debug/x6546535/logs/arm64-v8a/build_model.json
[        ] Resolve mutations for :app:buildCMakeDebug[arm64-v8a] (Thread[#44846,Execution worker Thread 9,5,main]) started.
[        ] :app:buildCMakeDebug[arm64-v8a] (Thread[#44846,Execution worker Thread 9,5,main]) started.
[        ] > Task :app:buildCMakeDebug[arm64-v8a]
[        ] Caching disabled for task ':app:buildCMakeDebug[arm64-v8a]' because:
[        ]   Build cache is disabled
[        ]   Caching has been disabled for the task
[        ] Task ':app:buildCMakeDebug[arm64-v8a]' is not up-to-date because:
[        ]   Task.upToDateWhen is false.
[        ] C/C++: starting build
[        ] C/C++: reading expected JSONs
[        ] C/C++: done reading expected JSONs
[        ] C/C++: executing build commands for targets that produce .so files or executables
[        ] C/C++: evaluate miniconfig
[        ] C/C++: no libraries
[        ] Resolve mutations for :app:configureCMakeDebug[armeabi-v7a] (Thread[#44846,Execution worker Thread 9,5,main]) started.
[        ] :app:configureCMakeDebug[armeabi-v7a] (Thread[#44846,Execution worker Thread 9,5,main]) started.
[        ] > Task :app:configureCMakeDebug[armeabi-v7a]
[        ] Caching disabled for task ':app:configureCMakeDebug[armeabi-v7a]' because:
[        ]   Build cache is disabled
[        ]   Caching has been disabled for the task
[        ] Task ':app:configureCMakeDebug[armeabi-v7a]' is not up-to-date because:
[        ]   Task.upToDateWhen is false.
[        ] C/C++: /opt/homebrew/share/flutter/packages/flutter_tools/gradle/src/main/scripts/CMakeLists.txt debug|armeabi-v7a : Start JSON generation. Platform version: 24 min SDK version: armeabi-v7a
[        ] C/C++: /opt/homebrew/share/flutter/packages/flutter_tools/gradle/src/main/scripts/CMakeLists.txt debug|armeabi-v7a : JSON '/Users/florian/Code/substitution/build/.cxx/debug/x6546535/armeabi-v7a/android_gradle_build.json' was up-to-date
[        ] C/C++: /opt/homebrew/share/flutter/packages/flutter_tools/gradle/src/main/scripts/CMakeLists.txt debug|armeabi-v7a : JSON generation completed without problems
[        ] C/C++: /opt/homebrew/share/flutter/packages/flutter_tools/gradle/src/main/scripts/CMakeLists.txt debug|armeabi-v7a : Writing build model to /Users/florian/Code/substitution/build/app/intermediates/cxx/debug/x6546535/logs/armeabi-v7a/build_model.json
[        ] Resolve mutations for :app:buildCMakeDebug[armeabi-v7a] (Thread[#44846,Execution worker Thread 9,5,main]) started.
[        ] :app:buildCMakeDebug[armeabi-v7a] (Thread[#44846,Execution worker Thread 9,5,main]) started.
[        ] > Task :app:buildCMakeDebug[armeabi-v7a]
[        ] Caching disabled for task ':app:buildCMakeDebug[armeabi-v7a]' because:
[        ]   Build cache is disabled
[        ]   Caching has been disabled for the task
[        ] Task ':app:buildCMakeDebug[armeabi-v7a]' is not up-to-date because:
[        ]   Task.upToDateWhen is false.
[        ] C/C++: starting build
[        ] C/C++: reading expected JSONs
[        ] C/C++: done reading expected JSONs
[        ] C/C++: executing build commands for targets that produce .so files or executables
[        ] C/C++: evaluate miniconfig
[        ] C/C++: no libraries
[        ] Resolve mutations for :app:configureCMakeDebug[x86_64] (Thread[#44846,Execution worker Thread 9,5,main]) started.
[        ] :app:configureCMakeDebug[x86_64] (Thread[#44846,Execution worker Thread 9,5,main]) started.
[        ] > Task :app:configureCMakeDebug[x86_64]
[        ] Caching disabled for task ':app:configureCMakeDebug[x86_64]' because:
[        ]   Build cache is disabled
[        ]   Caching has been disabled for the task
[        ] Task ':app:configureCMakeDebug[x86_64]' is not up-to-date because:
[        ]   Task.upToDateWhen is false.
[        ] C/C++: /opt/homebrew/share/flutter/packages/flutter_tools/gradle/src/main/scripts/CMakeLists.txt debug|x86_64 : Start JSON generation. Platform version: 24 min SDK version: x86_64
[        ] C/C++: /opt/homebrew/share/flutter/packages/flutter_tools/gradle/src/main/scripts/CMakeLists.txt debug|x86_64 : JSON '/Users/florian/Code/substitution/build/.cxx/debug/x6546535/x86_64/android_gradle_build.json' was up-to-date
[        ] C/C++: /opt/homebrew/share/flutter/packages/flutter_tools/gradle/src/main/scripts/CMakeLists.txt debug|x86_64 : JSON generation completed without problems
[        ] C/C++: /opt/homebrew/share/flutter/packages/flutter_tools/gradle/src/main/scripts/CMakeLists.txt debug|x86_64 : Writing build model to /Users/florian/Code/substitution/build/app/intermediates/cxx/debug/x6546535/logs/x86_64/build_model.json
[        ] Resolve mutations for :app:buildCMakeDebug[x86_64] (Thread[#44846,Execution worker Thread 9,5,main]) started.
[        ] :app:buildCMakeDebug[x86_64] (Thread[#44846,Execution worker Thread 9,5,main]) started.
[        ] > Task :app:buildCMakeDebug[x86_64]
[        ] Caching disabled for task ':app:buildCMakeDebug[x86_64]' because:
[        ]   Build cache is disabled
[        ]   Caching has been disabled for the task
[        ] Task ':app:buildCMakeDebug[x86_64]' is not up-to-date because:
[        ]   Task.upToDateWhen is false.
[        ] C/C++: starting build
[        ] C/C++: reading expected JSONs
[        ] C/C++: done reading expected JSONs
[        ] C/C++: executing build commands for targets that produce .so files or executables
[        ] C/C++: evaluate miniconfig
[        ] C/C++: no libraries
[        ] Resolve mutations for :app:mergeDebugJniLibFolders (Thread[#44846,Execution worker Thread 9,5,main]) started.
[        ] :app:mergeDebugJniLibFolders (Thread[#44846,Execution worker Thread 9,5,main]) started.
[        ] > Task :app:mergeDebugJniLibFolders UP-TO-DATE
[        ] Caching disabled for task ':app:mergeDebugJniLibFolders' because:
[        ]   Build cache is disabled
[        ]   Simple merging task
[        ] Skipping task ':app:mergeDebugJniLibFolders' as it is up-to-date.
[        ] Resolve mutations for :connectivity_plus:mergeDebugJniLibFolders (Thread[#44846,Execution worker Thread 9,5,main]) started.
[        ] :connectivity_plus:mergeDebugJniLibFolders (Thread[#44846,Execution worker Thread 9,5,main]) started.
[        ] > Task :connectivity_plus:mergeDebugJniLibFolders UP-TO-DATE
[        ] Caching disabled for task ':connectivity_plus:mergeDebugJniLibFolders' because:
[        ]   Build cache is disabled
[        ]   Simple merging task
[        ] Skipping task ':connectivity_plus:mergeDebugJniLibFolders' as it is up-to-date.
[        ] Resolve mutations for :connectivity_plus:mergeDebugNativeLibs (Thread[#44846,Execution worker Thread 9,5,main]) started.
[        ] :connectivity_plus:mergeDebugNativeLibs (Thread[#44846,Execution worker Thread 9,5,main]) started.
[        ] > Task :connectivity_plus:mergeDebugNativeLibs NO-SOURCE
[        ] Skipping task ':connectivity_plus:mergeDebugNativeLibs' as it has no source files and no previous output files.
[        ] Resolve mutations for :connectivity_plus:copyDebugJniLibsProjectOnly (Thread[#44846,Execution worker Thread 9,5,main]) started.
[        ] :connectivity_plus:copyDebugJniLibsProjectOnly (Thread[#44846,Execution worker Thread 9,5,main]) started.
[        ] > Task :connectivity_plus:copyDebugJniLibsProjectOnly UP-TO-DATE
[        ] Caching disabled for task ':connectivity_plus:copyDebugJniLibsProjectOnly' because:
[        ]   Build cache is disabled
[        ]   Caching has been disabled for the task
[        ] Skipping task ':connectivity_plus:copyDebugJniLibsProjectOnly' as it is up-to-date.
[        ] work action resolve jni (project :connectivity_plus) (Thread[#44846,Execution worker Thread 9,5,main]) started.
[        ] Resolve mutations for :emoji_picker_flutter:mergeDebugJniLibFolders (Thread[#44846,Execution worker Thread 9,5,main]) started.
[        ] :emoji_picker_flutter:mergeDebugJniLibFolders (Thread[#44846,Execution worker Thread 9,5,main]) started.
[        ] > Task :emoji_picker_flutter:mergeDebugJniLibFolders UP-TO-DATE
[        ] Caching disabled for task ':emoji_picker_flutter:mergeDebugJniLibFolders' because:
[        ]   Build cache is disabled
[        ]   Simple merging task
[        ] Skipping task ':emoji_picker_flutter:mergeDebugJniLibFolders' as it is up-to-date.
[        ] Resolve mutations for :emoji_picker_flutter:mergeDebugNativeLibs (Thread[#44846,Execution worker Thread 9,5,main]) started.
[        ] :emoji_picker_flutter:mergeDebugNativeLibs (Thread[#44846,Execution worker Thread 9,5,main]) started.
[        ] > Task :emoji_picker_flutter:mergeDebugNativeLibs NO-SOURCE
[        ] Skipping task ':emoji_picker_flutter:mergeDebugNativeLibs' as it has no source files and no previous output files.
[        ] Resolve mutations for :emoji_picker_flutter:copyDebugJniLibsProjectOnly (Thread[#44846,Execution worker Thread 9,5,main]) started.
[        ] :emoji_picker_flutter:copyDebugJniLibsProjectOnly (Thread[#44846,Execution worker Thread 9,5,main]) started.
[        ] > Task :emoji_picker_flutter:copyDebugJniLibsProjectOnly UP-TO-DATE
[        ] Caching disabled for task ':emoji_picker_flutter:copyDebugJniLibsProjectOnly' because:
[        ]   Build cache is disabled
[        ]   Caching has been disabled for the task
[        ] Skipping task ':emoji_picker_flutter:copyDebugJniLibsProjectOnly' as it is up-to-date.
[        ] work action resolve jni (project :emoji_picker_flutter) (Thread[#44846,Execution worker Thread 9,5,main]) started.
[        ] Resolve mutations for :file_selector_android:mergeDebugJniLibFolders (Thread[#44846,Execution worker Thread 9,5,main]) started.
[        ] :file_selector_android:mergeDebugJniLibFolders (Thread[#44846,Execution worker Thread 9,5,main]) started.
[        ] > Task :file_selector_android:mergeDebugJniLibFolders UP-TO-DATE
[        ] Caching disabled for task ':file_selector_android:mergeDebugJniLibFolders' because:
[        ]   Build cache is disabled
[        ]   Simple merging task
[        ] Skipping task ':file_selector_android:mergeDebugJniLibFolders' as it is up-to-date.
[        ] Resolve mutations for :file_selector_android:mergeDebugNativeLibs (Thread[#44846,Execution worker Thread 9,5,main]) started.
[        ] :file_selector_android:mergeDebugNativeLibs (Thread[#44846,Execution worker Thread 9,5,main]) started.
[        ] > Task :file_selector_android:mergeDebugNativeLibs NO-SOURCE
[        ] Skipping task ':file_selector_android:mergeDebugNativeLibs' as it has no source files and no previous output files.
[        ] Resolve mutations for :file_selector_android:copyDebugJniLibsProjectOnly (Thread[#44846,Execution worker Thread 9,5,main]) started.
[        ] :file_selector_android:copyDebugJniLibsProjectOnly (Thread[#44846,Execution worker Thread 9,5,main]) started.
[        ] > Task :file_selector_android:copyDebugJniLibsProjectOnly UP-TO-DATE
[        ] Caching disabled for task ':file_selector_android:copyDebugJniLibsProjectOnly' because:
[        ]   Build cache is disabled
[        ]   Caching has been disabled for the task
[        ] Skipping task ':file_selector_android:copyDebugJniLibsProjectOnly' as it is up-to-date.
[        ] work action resolve jni (project :file_selector_android) (Thread[#44846,Execution worker Thread 9,5,main]) started.
[        ] Resolve mutations for :flutter_keyboard_visibility_temp_fork:mergeDebugJniLibFolders (Thread[#44846,Execution worker Thread 9,5,main]) started.
[        ] :flutter_keyboard_visibility_temp_fork:mergeDebugJniLibFolders (Thread[#44846,Execution worker Thread 9,5,main]) started.
[        ] > Task :flutter_keyboard_visibility_temp_fork:mergeDebugJniLibFolders UP-TO-DATE
[        ] Caching disabled for task ':flutter_keyboard_visibility_temp_fork:mergeDebugJniLibFolders' because:
[        ]   Build cache is disabled
[        ]   Simple merging task
[        ] Skipping task ':flutter_keyboard_visibility_temp_fork:mergeDebugJniLibFolders' as it is up-to-date.
[        ] Resolve mutations for :flutter_keyboard_visibility_temp_fork:mergeDebugNativeLibs (Thread[#44846,Execution worker Thread 9,5,main]) started.
[        ] :flutter_keyboard_visibility_temp_fork:mergeDebugNativeLibs (Thread[#44846,Execution worker Thread 9,5,main]) started.
[        ] > Task :flutter_keyboard_visibility_temp_fork:mergeDebugNativeLibs NO-SOURCE
[        ] Skipping task ':flutter_keyboard_visibility_temp_fork:mergeDebugNativeLibs' as it has no source files and no previous output files.
[        ] Resolve mutations for :flutter_keyboard_visibility_temp_fork:copyDebugJniLibsProjectOnly (Thread[#44846,Execution worker Thread 9,5,main]) started.
[        ] :flutter_keyboard_visibility_temp_fork:copyDebugJniLibsProjectOnly (Thread[#44846,Execution worker Thread 9,5,main]) started.
[        ] > Task :flutter_keyboard_visibility_temp_fork:copyDebugJniLibsProjectOnly UP-TO-DATE
[        ] Caching disabled for task ':flutter_keyboard_visibility_temp_fork:copyDebugJniLibsProjectOnly' because:
[        ]   Build cache is disabled
[        ]   Caching has been disabled for the task
[        ] Skipping task ':flutter_keyboard_visibility_temp_fork:copyDebugJniLibsProjectOnly' as it is up-to-date.
[        ] work action resolve jni (project :flutter_keyboard_visibility_temp_fork) (Thread[#44846,Execution worker Thread 9,5,main]) started.
[        ] Resolve mutations for :flutter_native_splash:mergeDebugJniLibFolders (Thread[#44846,Execution worker Thread 9,5,main]) started.
[        ] :flutter_native_splash:mergeDebugJniLibFolders (Thread[#44846,Execution worker Thread 9,5,main]) started.
[        ] > Task :flutter_native_splash:mergeDebugJniLibFolders UP-TO-DATE
[        ] Caching disabled for task ':flutter_native_splash:mergeDebugJniLibFolders' because:
[        ]   Build cache is disabled
[        ]   Simple merging task
[        ] Skipping task ':flutter_native_splash:mergeDebugJniLibFolders' as it is up-to-date.
[        ] Resolve mutations for :flutter_native_splash:mergeDebugNativeLibs (Thread[#44846,Execution worker Thread 9,5,main]) started.
[        ] :flutter_native_splash:mergeDebugNativeLibs (Thread[#44846,Execution worker Thread 9,5,main]) started.
[        ] > Task :flutter_native_splash:mergeDebugNativeLibs NO-SOURCE
[        ] Skipping task ':flutter_native_splash:mergeDebugNativeLibs' as it has no source files and no previous output files.
[        ] Resolve mutations for :flutter_native_splash:copyDebugJniLibsProjectOnly (Thread[#44846,Execution worker Thread 9,5,main]) started.
[        ] :flutter_native_splash:copyDebugJniLibsProjectOnly (Thread[#44846,Execution worker Thread 9,5,main]) started.
[        ] > Task :flutter_native_splash:copyDebugJniLibsProjectOnly UP-TO-DATE
[        ] Caching disabled for task ':flutter_native_splash:copyDebugJniLibsProjectOnly' because:
[        ]   Build cache is disabled
[        ]   Caching has been disabled for the task
[        ] Skipping task ':flutter_native_splash:copyDebugJniLibsProjectOnly' as it is up-to-date.
[        ] work action resolve jni (project :flutter_native_splash) (Thread[#44846,Execution worker Thread 9,5,main]) started.
[        ] Resolve mutations for :flutter_olm:preProfileBuild (Thread[#44846,Execution worker Thread 9,5,main]) started.
[        ] :flutter_olm:preProfileBuild (Thread[#44846,Execution worker Thread 9,5,main]) started.
[        ] > Task :flutter_olm:preProfileBuild UP-TO-DATE
[        ] Skipping task ':flutter_olm:preProfileBuild' as it has no actions.
[        ] Resolve mutations for :flutter_olm:configureCMakeDebug[arm64-v8a] (Thread[#44846,Execution worker Thread 9,5,main]) started.
[        ] :flutter_olm:configureCMakeDebug[arm64-v8a] (Thread[#44846,Execution worker Thread 9,5,main]) started.
[        ] > Task :flutter_olm:configureCMakeDebug[arm64-v8a]
[        ] Caching disabled for task ':flutter_olm:configureCMakeDebug[arm64-v8a]' because:
[        ]   Build cache is disabled
[        ]   Caching has been disabled for the task
[        ] Task ':flutter_olm:configureCMakeDebug[arm64-v8a]' is not up-to-date because:
[        ]   Task.upToDateWhen is false.
[        ] C/C++: /Users/florian/.pub-cache/hosted/pub.dev/flutter_olm-2.0.0/ios/CMakeLists.txt profile|arm64-v8a : Start JSON generation. Platform version: 21 min SDK version: arm64-v8a
[        ] C/C++: /Users/florian/.pub-cache/hosted/pub.dev/flutter_olm-2.0.0/ios/CMakeLists.txt profile|arm64-v8a : JSON '/Users/florian/.pub-cache/hosted/pub.dev/flutter_olm-2.0.0/android/.cxx/Debug/611a6669/arm64-v8a/android_gradle_build.json' was up-to-date
[        ] C/C++: /Users/florian/.pub-cache/hosted/pub.dev/flutter_olm-2.0.0/ios/CMakeLists.txt profile|arm64-v8a : JSON generation completed without problems
[        ] C/C++: /Users/florian/.pub-cache/hosted/pub.dev/flutter_olm-2.0.0/ios/CMakeLists.txt profile|arm64-v8a : Writing build model to /Users/florian/Code/substitution/build/flutter_olm/intermediates/cxx/Debug/611a6669/logs/arm64-v8a/build_model.json
[        ] Resolve mutations for :flutter_olm:buildCMakeDebug[arm64-v8a] (Thread[#44846,Execution worker Thread 9,5,main]) started.
[        ] :flutter_olm:buildCMakeDebug[arm64-v8a] (Thread[#44846,Execution worker Thread 9,5,main]) started.
[        ] > Task :flutter_olm:buildCMakeDebug[arm64-v8a]
[        ] Caching disabled for task ':flutter_olm:buildCMakeDebug[arm64-v8a]' because:
[        ]   Build cache is disabled
[        ]   Caching has been disabled for the task
[        ] Task ':flutter_olm:buildCMakeDebug[arm64-v8a]' is not up-to-date because:
[        ]   Task.upToDateWhen is false.
[        ] C/C++: starting build
[        ] C/C++: reading expected JSONs
[        ] C/C++: done reading expected JSONs
[        ] C/C++: executing build commands for targets that produce .so files or executables
[        ] C/C++: evaluate miniconfig
[        ] C/C++: evaluate library olm (arm64-v8a)
[        ] C/C++: building target library olm because no targets are specified.
[        ] C/C++: about to build targets olm
[        ] C/C++: Build olm
[        ] C/C++: /Users/florian/Library/Android/sdk/cmake/3.22.1/bin/ninja \
[        ]   -C \
[        ]   /Users/florian/.pub-cache/hosted/pub.dev/flutter_olm-2.0.0/android/.cxx/Debug/611a6669/arm64-v8a \
[        ]   olm
[        ] Starting process 'command '/Users/florian/Library/Android/sdk/cmake/3.22.1/bin/ninja''. Working directory: /Users/florian/.pub-cache/hosted/pub.dev/flutter_olm-2.0.0/android Command: /Users/florian/Library/Android/sdk/cmake/3.22.1/bin/ninja -C /Users/florian/.pub-cache/hosted/pub.dev/flutter_olm-2.0.0/android/.cxx/Debug/611a6669/arm64-v8a olm
[        ] Successfully started process 'command '/Users/florian/Library/Android/sdk/cmake/3.22.1/bin/ninja''
[        ] C/C++: Received process result: 0
[        ] C/C++: check expected build outputs
[        ] C/C++: build complete
[        ] Resolve mutations for :flutter_olm:configureCMakeDebug[armeabi-v7a] (Thread[#44846,Execution worker Thread 9,5,main]) started.
[        ] :flutter_olm:configureCMakeDebug[armeabi-v7a] (Thread[#44846,Execution worker Thread 9,5,main]) started.
[        ] > Task :flutter_olm:configureCMakeDebug[armeabi-v7a]
[        ] Caching disabled for task ':flutter_olm:configureCMakeDebug[armeabi-v7a]' because:
[        ]   Build cache is disabled
[        ]   Caching has been disabled for the task
[        ] Task ':flutter_olm:configureCMakeDebug[armeabi-v7a]' is not up-to-date because:
[        ]   Task.upToDateWhen is false.
[        ] C/C++: /Users/florian/.pub-cache/hosted/pub.dev/flutter_olm-2.0.0/ios/CMakeLists.txt profile|armeabi-v7a : Start JSON generation. Platform version: 21 min SDK version: armeabi-v7a
[        ] C/C++: /Users/florian/.pub-cache/hosted/pub.dev/flutter_olm-2.0.0/ios/CMakeLists.txt profile|armeabi-v7a : JSON '/Users/florian/.pub-cache/hosted/pub.dev/flutter_olm-2.0.0/android/.cxx/Debug/611a6669/armeabi-v7a/android_gradle_build.json' was up-to-date
[        ] C/C++: /Users/florian/.pub-cache/hosted/pub.dev/flutter_olm-2.0.0/ios/CMakeLists.txt profile|armeabi-v7a : JSON generation completed without problems
[        ] C/C++: /Users/florian/.pub-cache/hosted/pub.dev/flutter_olm-2.0.0/ios/CMakeLists.txt profile|armeabi-v7a : Writing build model to /Users/florian/Code/substitution/build/flutter_olm/intermediates/cxx/Debug/611a6669/logs/armeabi-v7a/build_model.json
[        ] Resolve mutations for :flutter_olm:buildCMakeDebug[armeabi-v7a] (Thread[#44846,Execution worker Thread 9,5,main]) started.
[        ] :flutter_olm:buildCMakeDebug[armeabi-v7a] (Thread[#44846,Execution worker Thread 9,5,main]) started.
[  +85 ms] > Task :flutter_olm:buildCMakeDebug[armeabi-v7a]
[        ] Caching disabled for task ':flutter_olm:buildCMakeDebug[armeabi-v7a]' because:
[        ]   Build cache is disabled
[        ]   Caching has been disabled for the task
[        ] Task ':flutter_olm:buildCMakeDebug[armeabi-v7a]' is not up-to-date because:
[        ]   Task.upToDateWhen is false.
[        ] C/C++: starting build
[        ] C/C++: reading expected JSONs
[        ] C/C++: done reading expected JSONs
[        ] C/C++: executing build commands for targets that produce .so files or executables
[        ] C/C++: evaluate miniconfig
[        ] C/C++: evaluate library olm (armeabi-v7a)
[        ] C/C++: building target library olm because no targets are specified.
[        ] C/C++: about to build targets olm
[        ] C/C++: Build olm
[        ] C/C++: /Users/florian/Library/Android/sdk/cmake/3.22.1/bin/ninja \
[        ]   -C \
[        ]   /Users/florian/.pub-cache/hosted/pub.dev/flutter_olm-2.0.0/android/.cxx/Debug/611a6669/armeabi-v7a \
[        ]   olm
[        ] Starting process 'command '/Users/florian/Library/Android/sdk/cmake/3.22.1/bin/ninja''. Working directory: /Users/florian/.pub-cache/hosted/pub.dev/flutter_olm-2.0.0/android Command: /Users/florian/Library/Android/sdk/cmake/3.22.1/bin/ninja -C /Users/florian/.pub-cache/hosted/pub.dev/flutter_olm-2.0.0/android/.cxx/Debug/611a6669/armeabi-v7a olm
[        ] Successfully started process 'command '/Users/florian/Library/Android/sdk/cmake/3.22.1/bin/ninja''
[        ] C/C++: Received process result: 0
[        ] C/C++: check expected build outputs
[        ] C/C++: build complete
[        ] Resolve mutations for :flutter_olm:configureCMakeDebug[x86] (Thread[#44846,Execution worker Thread 9,5,main]) started.
[        ] :flutter_olm:configureCMakeDebug[x86] (Thread[#44846,Execution worker Thread 9,5,main]) started.
[        ] > Task :flutter_olm:configureCMakeDebug[x86]
[        ] Caching disabled for task ':flutter_olm:configureCMakeDebug[x86]' because:
[        ]   Build cache is disabled
[        ]   Caching has been disabled for the task
[        ] Task ':flutter_olm:configureCMakeDebug[x86]' is not up-to-date because:
[        ]   Task.upToDateWhen is false.
[        ] C/C++: /Users/florian/.pub-cache/hosted/pub.dev/flutter_olm-2.0.0/ios/CMakeLists.txt profile|x86 : Start JSON generation. Platform version: 21 min SDK version: x86
[        ] C/C++: /Users/florian/.pub-cache/hosted/pub.dev/flutter_olm-2.0.0/ios/CMakeLists.txt profile|x86 : JSON '/Users/florian/.pub-cache/hosted/pub.dev/flutter_olm-2.0.0/android/.cxx/Debug/611a6669/x86/android_gradle_build.json' was up-to-date
[        ] C/C++: /Users/florian/.pub-cache/hosted/pub.dev/flutter_olm-2.0.0/ios/CMakeLists.txt profile|x86 : JSON generation completed without problems
[        ] C/C++: /Users/florian/.pub-cache/hosted/pub.dev/flutter_olm-2.0.0/ios/CMakeLists.txt profile|x86 : Writing build model to /Users/florian/Code/substitution/build/flutter_olm/intermediates/cxx/Debug/611a6669/logs/x86/build_model.json
[        ] Resolve mutations for :flutter_olm:buildCMakeDebug[x86] (Thread[#44846,Execution worker Thread 9,5,main]) started.
[        ] :flutter_olm:buildCMakeDebug[x86] (Thread[#44846,Execution worker Thread 9,5,main]) started.
[        ] > Task :flutter_olm:buildCMakeDebug[x86]
[        ] Caching disabled for task ':flutter_olm:buildCMakeDebug[x86]' because:
[        ]   Build cache is disabled
[        ]   Caching has been disabled for the task
[        ] Task ':flutter_olm:buildCMakeDebug[x86]' is not up-to-date because:
[        ]   Task.upToDateWhen is false.
[        ] C/C++: starting build
[        ] C/C++: reading expected JSONs
[        ] C/C++: done reading expected JSONs
[        ] C/C++: executing build commands for targets that produce .so files or executables
[        ] C/C++: evaluate miniconfig
[        ] C/C++: evaluate library olm (x86)
[        ] C/C++: building target library olm because no targets are specified.
[        ] C/C++: about to build targets olm
[        ] C/C++: Build olm
[        ] C/C++: /Users/florian/Library/Android/sdk/cmake/3.22.1/bin/ninja \
[        ]   -C \
[        ]   /Users/florian/.pub-cache/hosted/pub.dev/flutter_olm-2.0.0/android/.cxx/Debug/611a6669/x86 \
[        ]   olm
[        ] Starting process 'command '/Users/florian/Library/Android/sdk/cmake/3.22.1/bin/ninja''. Working directory: /Users/florian/.pub-cache/hosted/pub.dev/flutter_olm-2.0.0/android Command: /Users/florian/Library/Android/sdk/cmake/3.22.1/bin/ninja -C /Users/florian/.pub-cache/hosted/pub.dev/flutter_olm-2.0.0/android/.cxx/Debug/611a6669/x86 olm
[        ] Successfully started process 'command '/Users/florian/Library/Android/sdk/cmake/3.22.1/bin/ninja''
[        ] C/C++: Received process result: 0
[        ] C/C++: check expected build outputs
[        ] C/C++: build complete
[        ] Resolve mutations for :flutter_olm:configureCMakeDebug[x86_64] (Thread[#44846,Execution worker Thread 9,5,main]) started.
[        ] :flutter_olm:configureCMakeDebug[x86_64] (Thread[#44846,Execution worker Thread 9,5,main]) started.
[        ] > Task :flutter_olm:configureCMakeDebug[x86_64]
[        ] Caching disabled for task ':flutter_olm:configureCMakeDebug[x86_64]' because:
[        ]   Build cache is disabled
[        ]   Caching has been disabled for the task
[        ] Task ':flutter_olm:configureCMakeDebug[x86_64]' is not up-to-date because:
[        ]   Task.upToDateWhen is false.
[        ] C/C++: /Users/florian/.pub-cache/hosted/pub.dev/flutter_olm-2.0.0/ios/CMakeLists.txt profile|x86_64 : Start JSON generation. Platform version: 21 min SDK version: x86_64
[        ] C/C++: /Users/florian/.pub-cache/hosted/pub.dev/flutter_olm-2.0.0/ios/CMakeLists.txt profile|x86_64 : JSON '/Users/florian/.pub-cache/hosted/pub.dev/flutter_olm-2.0.0/android/.cxx/Debug/611a6669/x86_64/android_gradle_build.json' was up-to-date
[        ] C/C++: /Users/florian/.pub-cache/hosted/pub.dev/flutter_olm-2.0.0/ios/CMakeLists.txt profile|x86_64 : JSON generation completed without problems
[        ] C/C++: /Users/florian/.pub-cache/hosted/pub.dev/flutter_olm-2.0.0/ios/CMakeLists.txt profile|x86_64 : Writing build model to /Users/florian/Code/substitution/build/flutter_olm/intermediates/cxx/Debug/611a6669/logs/x86_64/build_model.json
[        ] Resolve mutations for :flutter_olm:buildCMakeDebug[x86_64] (Thread[#44846,Execution worker Thread 9,5,main]) started.
[        ] :flutter_olm:buildCMakeDebug[x86_64] (Thread[#44846,Execution worker Thread 9,5,main]) started.
[        ] > Task :flutter_olm:buildCMakeDebug[x86_64]
[        ] Caching disabled for task ':flutter_olm:buildCMakeDebug[x86_64]' because:
[        ]   Build cache is disabled
[        ]   Caching has been disabled for the task
[        ] Task ':flutter_olm:buildCMakeDebug[x86_64]' is not up-to-date because:
[        ]   Task.upToDateWhen is false.
[        ] C/C++: starting build
[        ] C/C++: reading expected JSONs
[        ] C/C++: done reading expected JSONs
[        ] C/C++: executing build commands for targets that produce .so files or executables
[        ] C/C++: evaluate miniconfig
[        ] C/C++: evaluate library olm (x86_64)
[        ] C/C++: building target library olm because no targets are specified.
[        ] C/C++: about to build targets olm
[        ] C/C++: Build olm
[        ] C/C++: /Users/florian/Library/Android/sdk/cmake/3.22.1/bin/ninja \
[        ]   -C \
[        ]   /Users/florian/.pub-cache/hosted/pub.dev/flutter_olm-2.0.0/android/.cxx/Debug/611a6669/x86_64 \
[        ]   olm
[        ] Starting process 'command '/Users/florian/Library/Android/sdk/cmake/3.22.1/bin/ninja''. Working directory: /Users/florian/.pub-cache/hosted/pub.dev/flutter_olm-2.0.0/android Command: /Users/florian/Library/Android/sdk/cmake/3.22.1/bin/ninja -C /Users/florian/.pub-cache/hosted/pub.dev/flutter_olm-2.0.0/android/.cxx/Debug/611a6669/x86_64 olm
[        ] Successfully started process 'command '/Users/florian/Library/Android/sdk/cmake/3.22.1/bin/ninja''
[        ] C/C++: Received process result: 0
[        ] C/C++: check expected build outputs
[        ] C/C++: build complete
[        ] Resolve mutations for :flutter_olm:mergeDebugJniLibFolders (Thread[#44846,Execution worker Thread 9,5,main]) started.
[        ] :flutter_olm:mergeDebugJniLibFolders (Thread[#44846,Execution worker Thread 9,5,main]) started.
[        ] > Task :flutter_olm:mergeDebugJniLibFolders UP-TO-DATE
[        ] Caching disabled for task ':flutter_olm:mergeDebugJniLibFolders' because:
[        ]   Build cache is disabled
[        ]   Simple merging task
[        ] Skipping task ':flutter_olm:mergeDebugJniLibFolders' as it is up-to-date.
[        ] Resolve mutations for :flutter_olm:mergeDebugNativeLibs (Thread[#44846,Execution worker Thread 9,5,main]) started.
[        ] :flutter_olm:mergeDebugNativeLibs (Thread[#44846,Execution worker Thread 9,5,main]) started.
[        ] > Task :flutter_olm:mergeDebugNativeLibs UP-TO-DATE
[        ] Caching disabled for task ':flutter_olm:mergeDebugNativeLibs' because:
[        ]   Build cache is disabled
[        ]   Caching has been disabled for the task
[        ] Skipping task ':flutter_olm:mergeDebugNativeLibs' as it is up-to-date.
[        ] Resolve mutations for :flutter_olm:copyDebugJniLibsProjectOnly (Thread[#44846,Execution worker Thread 9,5,main]) started.
[        ] :flutter_olm:copyDebugJniLibsProjectOnly (Thread[#44846,Execution worker Thread 9,5,main]) started.
[        ] > Task :flutter_olm:copyDebugJniLibsProjectOnly UP-TO-DATE
[        ] Caching disabled for task ':flutter_olm:copyDebugJniLibsProjectOnly' because:
[        ]   Build cache is disabled
[        ]   Caching has been disabled for the task
[        ] Skipping task ':flutter_olm:copyDebugJniLibsProjectOnly' as it is up-to-date.
[        ] work action resolve jni (project :flutter_olm) (Thread[#44846,Execution worker Thread 9,5,main]) started.
[        ] Resolve mutations for :flutter_openssl_crypto:preProfileBuild (Thread[#44846,Execution worker Thread 9,5,main]) started.
[        ] :flutter_openssl_crypto:preProfileBuild (Thread[#44846,Execution worker Thread 9,5,main]) started.
[        ] > Task :flutter_openssl_crypto:preProfileBuild UP-TO-DATE
[        ] Skipping task ':flutter_openssl_crypto:preProfileBuild' as it has no actions.
[        ] Resolve mutations for :flutter_openssl_crypto:configureCMakeDebug[arm64-v8a] (Thread[#44846,Execution worker Thread 9,5,main]) started.
[        ] :flutter_openssl_crypto:configureCMakeDebug[arm64-v8a] (Thread[#44846,Execution worker Thread 9,5,main]) started.
[        ] > Task :flutter_openssl_crypto:configureCMakeDebug[arm64-v8a]
[        ] Caching disabled for task ':flutter_openssl_crypto:configureCMakeDebug[arm64-v8a]' because:
[        ]   Build cache is disabled
[        ]   Caching has been disabled for the task
[        ] Task ':flutter_openssl_crypto:configureCMakeDebug[arm64-v8a]' is not up-to-date because:
[        ]   Task.upToDateWhen is false.
[        ] C/C++: /Users/florian/.pub-cache/hosted/pub.dev/flutter_openssl_crypto-0.5.0/android/CMakeLists.txt profile|arm64-v8a : Start JSON generation. Platform version: 21 min SDK version: arm64-v8a
[        ] C/C++: /Users/florian/.pub-cache/hosted/pub.dev/flutter_openssl_crypto-0.5.0/android/CMakeLists.txt profile|arm64-v8a : JSON '/Users/florian/.pub-cache/hosted/pub.dev/flutter_openssl_crypto-0.5.0/android/.cxx/Debug/42n1p1e4/arm64-v8a/android_gradle_build.json' was up-to-date
[        ] C/C++: /Users/florian/.pub-cache/hosted/pub.dev/flutter_openssl_crypto-0.5.0/android/CMakeLists.txt profile|arm64-v8a : JSON generation completed without problems
[        ] C/C++: /Users/florian/.pub-cache/hosted/pub.dev/flutter_openssl_crypto-0.5.0/android/CMakeLists.txt profile|arm64-v8a : Writing build model to /Users/florian/Code/substitution/build/flutter_openssl_crypto/intermediates/cxx/Debug/42n1p1e4/logs/arm64-v8a/build_model.json
[        ] Resolve mutations for :flutter_openssl_crypto:buildCMakeDebug[arm64-v8a] (Thread[#44846,Execution worker Thread 9,5,main]) started.
[        ] :flutter_openssl_crypto:buildCMakeDebug[arm64-v8a] (Thread[#44846,Execution worker Thread 9,5,main]) started.
[        ] > Task :flutter_openssl_crypto:buildCMakeDebug[arm64-v8a]
[        ] Caching disabled for task ':flutter_openssl_crypto:buildCMakeDebug[arm64-v8a]' because:
[        ]   Build cache is disabled
[        ]   Caching has been disabled for the task
[        ] Task ':flutter_openssl_crypto:buildCMakeDebug[arm64-v8a]' is not up-to-date because:
[        ]   Task.upToDateWhen is false.
[        ] C/C++: starting build
[        ] C/C++: reading expected JSONs
[        ] C/C++: done reading expected JSONs
[        ] C/C++: executing build commands for targets that produce .so files or executables
[        ] C/C++: evaluate miniconfig
[        ] C/C++: evaluate library flutter_openssl_crypto (arm64-v8a)
[        ] C/C++: building target library flutter_openssl_crypto because no targets are specified.
[        ] C/C++: about to build targets flutter_openssl_crypto
[        ] C/C++: Build flutter_openssl_crypto
[        ] C/C++: /Users/florian/Library/Android/sdk/cmake/3.22.1/bin/ninja \
[        ]   -C \
[        ]   /Users/florian/.pub-cache/hosted/pub.dev/flutter_openssl_crypto-0.5.0/android/.cxx/Debug/42n1p1e4/arm64-v8a \
[        ]   flutter_openssl_crypto
[        ] Starting process 'command '/Users/florian/Library/Android/sdk/cmake/3.22.1/bin/ninja''. Working directory: /Users/florian/.pub-cache/hosted/pub.dev/flutter_openssl_crypto-0.5.0/android Command: /Users/florian/Library/Android/sdk/cmake/3.22.1/bin/ninja -C /Users/florian/.pub-cache/hosted/pub.dev/flutter_openssl_crypto-0.5.0/android/.cxx/Debug/42n1p1e4/arm64-v8a flutter_openssl_crypto
[        ] Successfully started process 'command '/Users/florian/Library/Android/sdk/cmake/3.22.1/bin/ninja''
[        ] C/C++: Received process result: 0
[        ] C/C++: check expected build outputs
[        ] C/C++: build complete
[        ] Resolve mutations for :flutter_openssl_crypto:configureCMakeDebug[armeabi-v7a] (Thread[#44846,Execution worker Thread 9,5,main]) started.
[        ] :flutter_openssl_crypto:configureCMakeDebug[armeabi-v7a] (Thread[#44846,Execution worker Thread 9,5,main]) started.
[        ] > Task :flutter_openssl_crypto:configureCMakeDebug[armeabi-v7a]
[        ] Caching disabled for task ':flutter_openssl_crypto:configureCMakeDebug[armeabi-v7a]' because:
[        ]   Build cache is disabled
[        ]   Caching has been disabled for the task
[        ] Task ':flutter_openssl_crypto:configureCMakeDebug[armeabi-v7a]' is not up-to-date because:
[        ]   Task.upToDateWhen is false.
[        ] C/C++: /Users/florian/.pub-cache/hosted/pub.dev/flutter_openssl_crypto-0.5.0/android/CMakeLists.txt profile|armeabi-v7a : Start JSON generation. Platform version: 21 min SDK version: armeabi-v7a
[        ] C/C++: /Users/florian/.pub-cache/hosted/pub.dev/flutter_openssl_crypto-0.5.0/android/CMakeLists.txt profile|armeabi-v7a : JSON '/Users/florian/.pub-cache/hosted/pub.dev/flutter_openssl_crypto-0.5.0/android/.cxx/Debug/42n1p1e4/armeabi-v7a/android_gradle_build.json' was up-to-date
[        ] C/C++: /Users/florian/.pub-cache/hosted/pub.dev/flutter_openssl_crypto-0.5.0/android/CMakeLists.txt profile|armeabi-v7a : JSON generation completed without problems
[        ] C/C++: /Users/florian/.pub-cache/hosted/pub.dev/flutter_openssl_crypto-0.5.0/android/CMakeLists.txt profile|armeabi-v7a : Writing build model to /Users/florian/Code/substitution/build/flutter_openssl_crypto/intermediates/cxx/Debug/42n1p1e4/logs/armeabi-v7a/build_model.json
[        ] Resolve mutations for :flutter_openssl_crypto:buildCMakeDebug[armeabi-v7a] (Thread[#44846,Execution worker Thread 9,5,main]) started.
[        ] :flutter_openssl_crypto:buildCMakeDebug[armeabi-v7a] (Thread[#44846,Execution worker Thread 9,5,main]) started.
[        ] > Task :flutter_openssl_crypto:buildCMakeDebug[armeabi-v7a]
[        ] Caching disabled for task ':flutter_openssl_crypto:buildCMakeDebug[armeabi-v7a]' because:
[        ]   Build cache is disabled
[        ]   Caching has been disabled for the task
[        ] Task ':flutter_openssl_crypto:buildCMakeDebug[armeabi-v7a]' is not up-to-date because:
[        ]   Task.upToDateWhen is false.
[        ] C/C++: starting build
[        ] C/C++: reading expected JSONs
[        ] C/C++: done reading expected JSONs
[        ] C/C++: executing build commands for targets that produce .so files or executables
[        ] C/C++: evaluate miniconfig
[        ] C/C++: evaluate library flutter_openssl_crypto (armeabi-v7a)
[        ] C/C++: building target library flutter_openssl_crypto because no targets are specified.
[        ] C/C++: about to build targets flutter_openssl_crypto
[        ] C/C++: Build flutter_openssl_crypto
[        ] C/C++: /Users/florian/Library/Android/sdk/cmake/3.22.1/bin/ninja \
[        ]   -C \
[        ]   /Users/florian/.pub-cache/hosted/pub.dev/flutter_openssl_crypto-0.5.0/android/.cxx/Debug/42n1p1e4/armeabi-v7a \
[        ]   flutter_openssl_crypto
[        ] Starting process 'command '/Users/florian/Library/Android/sdk/cmake/3.22.1/bin/ninja''. Working directory: /Users/florian/.pub-cache/hosted/pub.dev/flutter_openssl_crypto-0.5.0/android Command: /Users/florian/Library/Android/sdk/cmake/3.22.1/bin/ninja -C /Users/florian/.pub-cache/hosted/pub.dev/flutter_openssl_crypto-0.5.0/android/.cxx/Debug/42n1p1e4/armeabi-v7a flutter_openssl_crypto
[        ] Successfully started process 'command '/Users/florian/Library/Android/sdk/cmake/3.22.1/bin/ninja''
[        ] C/C++: Received process result: 0
[        ] C/C++: check expected build outputs
[        ] C/C++: build complete
[        ] Resolve mutations for :flutter_openssl_crypto:configureCMakeDebug[x86] (Thread[#44846,Execution worker Thread 9,5,main]) started.
[        ] :flutter_openssl_crypto:configureCMakeDebug[x86] (Thread[#44846,Execution worker Thread 9,5,main]) started.
[        ] > Task :flutter_openssl_crypto:configureCMakeDebug[x86]
[        ] Caching disabled for task ':flutter_openssl_crypto:configureCMakeDebug[x86]' because:
[        ]   Build cache is disabled
[        ]   Caching has been disabled for the task
[        ] Task ':flutter_openssl_crypto:configureCMakeDebug[x86]' is not up-to-date because:
[        ]   Task.upToDateWhen is false.
[        ] C/C++: /Users/florian/.pub-cache/hosted/pub.dev/flutter_openssl_crypto-0.5.0/android/CMakeLists.txt profile|x86 : Start JSON generation. Platform version: 21 min SDK version: x86
[        ] C/C++: /Users/florian/.pub-cache/hosted/pub.dev/flutter_openssl_crypto-0.5.0/android/CMakeLists.txt profile|x86 : JSON '/Users/florian/.pub-cache/hosted/pub.dev/flutter_openssl_crypto-0.5.0/android/.cxx/Debug/42n1p1e4/x86/android_gradle_build.json' was up-to-date
[        ] C/C++: /Users/florian/.pub-cache/hosted/pub.dev/flutter_openssl_crypto-0.5.0/android/CMakeLists.txt profile|x86 : JSON generation completed without problems
[        ] C/C++: /Users/florian/.pub-cache/hosted/pub.dev/flutter_openssl_crypto-0.5.0/android/CMakeLists.txt profile|x86 : Writing build model to /Users/florian/Code/substitution/build/flutter_openssl_crypto/intermediates/cxx/Debug/42n1p1e4/logs/x86/build_model.json
[        ] Resolve mutations for :flutter_openssl_crypto:buildCMakeDebug[x86] (Thread[#44846,Execution worker Thread 9,5,main]) started.
[        ] :flutter_openssl_crypto:buildCMakeDebug[x86] (Thread[#44846,Execution worker Thread 9,5,main]) started.
[        ] > Task :flutter_openssl_crypto:buildCMakeDebug[x86]
[        ] Caching disabled for task ':flutter_openssl_crypto:buildCMakeDebug[x86]' because:
[        ]   Build cache is disabled
[        ]   Caching has been disabled for the task
[        ] Task ':flutter_openssl_crypto:buildCMakeDebug[x86]' is not up-to-date because:
[        ]   Task.upToDateWhen is false.
[        ] C/C++: starting build
[        ] C/C++: reading expected JSONs
[        ] C/C++: done reading expected JSONs
[        ] C/C++: executing build commands for targets that produce .so files or executables
[        ] C/C++: evaluate miniconfig
[        ] C/C++: evaluate library flutter_openssl_crypto (x86)
[        ] C/C++: building target library flutter_openssl_crypto because no targets are specified.
[        ] C/C++: about to build targets flutter_openssl_crypto
[        ] C/C++: Build flutter_openssl_crypto
[        ] C/C++: /Users/florian/Library/Android/sdk/cmake/3.22.1/bin/ninja \
[        ]   -C \
[        ]   /Users/florian/.pub-cache/hosted/pub.dev/flutter_openssl_crypto-0.5.0/android/.cxx/Debug/42n1p1e4/x86 \
[        ]   flutter_openssl_crypto
[        ] Starting process 'command '/Users/florian/Library/Android/sdk/cmake/3.22.1/bin/ninja''. Working directory: /Users/florian/.pub-cache/hosted/pub.dev/flutter_openssl_crypto-0.5.0/android Command: /Users/florian/Library/Android/sdk/cmake/3.22.1/bin/ninja -C /Users/florian/.pub-cache/hosted/pub.dev/flutter_openssl_crypto-0.5.0/android/.cxx/Debug/42n1p1e4/x86 flutter_openssl_crypto
[        ] Successfully started process 'command '/Users/florian/Library/Android/sdk/cmake/3.22.1/bin/ninja''
[        ] C/C++: Received process result: 0
[        ] C/C++: check expected build outputs
[        ] C/C++: build complete
[        ] Resolve mutations for :flutter_openssl_crypto:configureCMakeDebug[x86_64] (Thread[#44846,Execution worker Thread 9,5,main]) started.
[        ] :flutter_openssl_crypto:configureCMakeDebug[x86_64] (Thread[#44846,Execution worker Thread 9,5,main]) started.
[        ] > Task :flutter_openssl_crypto:configureCMakeDebug[x86_64]
[        ] Caching disabled for task ':flutter_openssl_crypto:configureCMakeDebug[x86_64]' because:
[        ]   Build cache is disabled
[        ]   Caching has been disabled for the task
[        ] Task ':flutter_openssl_crypto:configureCMakeDebug[x86_64]' is not up-to-date because:
[        ]   Task.upToDateWhen is false.
[        ] C/C++: /Users/florian/.pub-cache/hosted/pub.dev/flutter_openssl_crypto-0.5.0/android/CMakeLists.txt profile|x86_64 : Start JSON generation. Platform version: 21 min SDK version: x86_64
[        ] C/C++: /Users/florian/.pub-cache/hosted/pub.dev/flutter_openssl_crypto-0.5.0/android/CMakeLists.txt profile|x86_64 : JSON '/Users/florian/.pub-cache/hosted/pub.dev/flutter_openssl_crypto-0.5.0/android/.cxx/Debug/42n1p1e4/x86_64/android_gradle_build.json' was up-to-date
[        ] C/C++: /Users/florian/.pub-cache/hosted/pub.dev/flutter_openssl_crypto-0.5.0/android/CMakeLists.txt profile|x86_64 : JSON generation completed without problems
[        ] C/C++: /Users/florian/.pub-cache/hosted/pub.dev/flutter_openssl_crypto-0.5.0/android/CMakeLists.txt profile|x86_64 : Writing build model to /Users/florian/Code/substitution/build/flutter_openssl_crypto/intermediates/cxx/Debug/42n1p1e4/logs/x86_64/build_model.json
[        ] Resolve mutations for :flutter_openssl_crypto:buildCMakeDebug[x86_64] (Thread[#44846,Execution worker Thread 9,5,main]) started.
[        ] :flutter_openssl_crypto:buildCMakeDebug[x86_64] (Thread[#44846,Execution worker Thread 9,5,main]) started.
[        ] > Task :flutter_openssl_crypto:buildCMakeDebug[x86_64]
[        ] Caching disabled for task ':flutter_openssl_crypto:buildCMakeDebug[x86_64]' because:
[        ]   Build cache is disabled
[        ]   Caching has been disabled for the task
[        ] Task ':flutter_openssl_crypto:buildCMakeDebug[x86_64]' is not up-to-date because:
[        ]   Task.upToDateWhen is false.
[        ] C/C++: starting build
[        ] C/C++: reading expected JSONs
[        ] C/C++: done reading expected JSONs
[        ] C/C++: executing build commands for targets that produce .so files or executables
[        ] C/C++: evaluate miniconfig
[        ] C/C++: evaluate library flutter_openssl_crypto (x86_64)
[        ] C/C++: building target library flutter_openssl_crypto because no targets are specified.
[        ] C/C++: about to build targets flutter_openssl_crypto
[        ] C/C++: Build flutter_openssl_crypto
[        ] C/C++: /Users/florian/Library/Android/sdk/cmake/3.22.1/bin/ninja \
[        ]   -C \
[        ]   /Users/florian/.pub-cache/hosted/pub.dev/flutter_openssl_crypto-0.5.0/android/.cxx/Debug/42n1p1e4/x86_64 \
[        ]   flutter_openssl_crypto
[        ] Starting process 'command '/Users/florian/Library/Android/sdk/cmake/3.22.1/bin/ninja''. Working directory: /Users/florian/.pub-cache/hosted/pub.dev/flutter_openssl_crypto-0.5.0/android Command: /Users/florian/Library/Android/sdk/cmake/3.22.1/bin/ninja -C /Users/florian/.pub-cache/hosted/pub.dev/flutter_openssl_crypto-0.5.0/android/.cxx/Debug/42n1p1e4/x86_64 flutter_openssl_crypto
[        ] Successfully started process 'command '/Users/florian/Library/Android/sdk/cmake/3.22.1/bin/ninja''
[        ] C/C++: Received process result: 0
[        ] C/C++: check expected build outputs
[        ] C/C++: build complete
[        ] Resolve mutations for :flutter_openssl_crypto:mergeDebugJniLibFolders (Thread[#44846,Execution worker Thread 9,5,main]) started.
[        ] :flutter_openssl_crypto:mergeDebugJniLibFolders (Thread[#44846,Execution worker Thread 9,5,main]) started.
[        ] > Task :flutter_openssl_crypto:mergeDebugJniLibFolders UP-TO-DATE
[        ] Caching disabled for task ':flutter_openssl_crypto:mergeDebugJniLibFolders' because:
[        ]   Build cache is disabled
[        ]   Simple merging task
[        ] Skipping task ':flutter_openssl_crypto:mergeDebugJniLibFolders' as it is up-to-date.
[        ] Resolve mutations for :flutter_openssl_crypto:mergeDebugNativeLibs (Thread[#44846,Execution worker Thread 9,5,main]) started.
[        ] :flutter_openssl_crypto:mergeDebugNativeLibs (Thread[#44846,Execution worker Thread 9,5,main]) started.
[        ] > Task :flutter_openssl_crypto:mergeDebugNativeLibs UP-TO-DATE
[        ] Caching disabled for task ':flutter_openssl_crypto:mergeDebugNativeLibs' because:
[        ]   Build cache is disabled
[        ]   Caching has been disabled for the task
[        ] Skipping task ':flutter_openssl_crypto:mergeDebugNativeLibs' as it is up-to-date.
[        ] Resolve mutations for :flutter_openssl_crypto:copyDebugJniLibsProjectOnly (Thread[#44846,Execution worker Thread 9,5,main]) started.
[        ] :flutter_openssl_crypto:copyDebugJniLibsProjectOnly (Thread[#44846,Execution worker Thread 9,5,main]) started.
[        ] > Task :flutter_openssl_crypto:copyDebugJniLibsProjectOnly UP-TO-DATE
[        ] Caching disabled for task ':flutter_openssl_crypto:copyDebugJniLibsProjectOnly' because:
[        ]   Build cache is disabled
[        ]   Caching has been disabled for the task
[        ] Skipping task ':flutter_openssl_crypto:copyDebugJniLibsProjectOnly' as it is up-to-date.
[        ] work action resolve jni (project :flutter_openssl_crypto) (Thread[#44846,Execution worker Thread 9,5,main]) started.
[        ] Resolve mutations for :integration_test:mergeDebugJniLibFolders (Thread[#44846,Execution worker Thread 9,5,main]) started.
[        ] :integration_test:mergeDebugJniLibFolders (Thread[#44846,Execution worker Thread 9,5,main]) started.
[        ] > Task :integration_test:mergeDebugJniLibFolders UP-TO-DATE
[        ] Caching disabled for task ':integration_test:mergeDebugJniLibFolders' because:
[        ]   Build cache is disabled
[        ]   Simple merging task
[        ] Skipping task ':integration_test:mergeDebugJniLibFolders' as it is up-to-date.
[        ] Resolve mutations for :integration_test:mergeDebugNativeLibs (Thread[#44846,Execution worker Thread 9,5,main]) started.
[        ] :integration_test:mergeDebugNativeLibs (Thread[#44846,Execution worker Thread 9,5,main]) started.
[        ] > Task :integration_test:mergeDebugNativeLibs NO-SOURCE
[        ] Skipping task ':integration_test:mergeDebugNativeLibs' as it has no source files and no previous output files.
[        ] Resolve mutations for :integration_test:copyDebugJniLibsProjectOnly (Thread[#44846,Execution worker Thread 9,5,main]) started.
[        ] :integration_test:copyDebugJniLibsProjectOnly (Thread[#44846,Execution worker Thread 9,5,main]) started.
[        ] > Task :integration_test:copyDebugJniLibsProjectOnly UP-TO-DATE
[        ] Caching disabled for task ':integration_test:copyDebugJniLibsProjectOnly' because:
[        ]   Build cache is disabled
[        ]   Caching has been disabled for the task
[        ] Skipping task ':integration_test:copyDebugJniLibsProjectOnly' as it is up-to-date.
[        ] work action resolve jni (project :integration_test) (Thread[#44846,Execution worker Thread 9,5,main]) started.
[        ] Resolve mutations for :path_provider_android:mergeDebugJniLibFolders (Thread[#44846,Execution worker Thread 9,5,main]) started.
[        ] :path_provider_android:mergeDebugJniLibFolders (Thread[#44846,Execution worker Thread 9,5,main]) started.
[        ] > Task :path_provider_android:mergeDebugJniLibFolders UP-TO-DATE
[        ] Caching disabled for task ':path_provider_android:mergeDebugJniLibFolders' because:
[        ]   Build cache is disabled
[        ]   Simple merging task
[        ] Skipping task ':path_provider_android:mergeDebugJniLibFolders' as it is up-to-date.
[        ] Resolve mutations for :path_provider_android:mergeDebugNativeLibs (Thread[#44846,Execution worker Thread 9,5,main]) started.
[        ] :path_provider_android:mergeDebugNativeLibs (Thread[#44846,Execution worker Thread 9,5,main]) started.
[        ] > Task :path_provider_android:mergeDebugNativeLibs NO-SOURCE
[        ] Skipping task ':path_provider_android:mergeDebugNativeLibs' as it has no source files and no previous output files.
[        ] Resolve mutations for :path_provider_android:copyDebugJniLibsProjectOnly (Thread[#44846,Execution worker Thread 9,5,main]) started.
[        ] :path_provider_android:copyDebugJniLibsProjectOnly (Thread[#44846,Execution worker Thread 9,5,main]) started.
[        ] > Task :path_provider_android:copyDebugJniLibsProjectOnly UP-TO-DATE
[        ] Caching disabled for task ':path_provider_android:copyDebugJniLibsProjectOnly' because:
[        ]   Build cache is disabled
[        ]   Caching has been disabled for the task
[        ] Skipping task ':path_provider_android:copyDebugJniLibsProjectOnly' as it is up-to-date.
[        ] work action resolve jni (project :path_provider_android) (Thread[#44846,Execution worker Thread 9,5,main]) started.
[        ] Resolve mutations for :quill_native_bridge_android:mergeDebugJniLibFolders (Thread[#44846,Execution worker Thread 9,5,main]) started.
[        ] :quill_native_bridge_android:mergeDebugJniLibFolders (Thread[#44846,Execution worker Thread 9,5,main]) started.
[        ] > Task :quill_native_bridge_android:mergeDebugJniLibFolders UP-TO-DATE
[        ] Caching disabled for task ':quill_native_bridge_android:mergeDebugJniLibFolders' because:
[        ]   Build cache is disabled
[        ]   Simple merging task
[        ] Skipping task ':quill_native_bridge_android:mergeDebugJniLibFolders' as it is up-to-date.
[        ] Resolve mutations for :quill_native_bridge_android:mergeDebugNativeLibs (Thread[#44846,Execution worker Thread 9,5,main]) started.
[        ] :quill_native_bridge_android:mergeDebugNativeLibs (Thread[#44846,Execution worker Thread 9,5,main]) started.
[        ] > Task :quill_native_bridge_android:mergeDebugNativeLibs NO-SOURCE
[        ] Skipping task ':quill_native_bridge_android:mergeDebugNativeLibs' as it has no source files and no previous output files.
[        ] Resolve mutations for :quill_native_bridge_android:copyDebugJniLibsProjectOnly (Thread[#44846,Execution worker Thread 9,5,main]) started.
[        ] :quill_native_bridge_android:copyDebugJniLibsProjectOnly (Thread[#44846,Execution worker Thread 9,5,main]) started.
[        ] > Task :quill_native_bridge_android:copyDebugJniLibsProjectOnly UP-TO-DATE
[        ] Caching disabled for task ':quill_native_bridge_android:copyDebugJniLibsProjectOnly' because:
[        ]   Build cache is disabled
[        ]   Caching has been disabled for the task
[        ] Skipping task ':quill_native_bridge_android:copyDebugJniLibsProjectOnly' as it is up-to-date.
[        ] work action resolve jni (project :quill_native_bridge_android) (Thread[#44846,Execution worker Thread 9,5,main]) started.
[        ] Resolve mutations for :shared_preferences_android:mergeDebugJniLibFolders (Thread[#44846,Execution worker Thread 9,5,main]) started.
[        ] :shared_preferences_android:mergeDebugJniLibFolders (Thread[#44846,Execution worker Thread 9,5,main]) started.
[        ] > Task :shared_preferences_android:mergeDebugJniLibFolders UP-TO-DATE
[        ] Caching disabled for task ':shared_preferences_android:mergeDebugJniLibFolders' because:
[        ]   Build cache is disabled
[        ]   Simple merging task
[        ] Skipping task ':shared_preferences_android:mergeDebugJniLibFolders' as it is up-to-date.
[        ] Resolve mutations for :shared_preferences_android:mergeDebugNativeLibs (Thread[#44846,Execution worker Thread 9,5,main]) started.
[        ] :shared_preferences_android:mergeDebugNativeLibs (Thread[#44846,Execution worker Thread 9,5,main]) started.
[        ] > Task :shared_preferences_android:mergeDebugNativeLibs NO-SOURCE
[        ] Skipping task ':shared_preferences_android:mergeDebugNativeLibs' as it has no source files and no previous output files.
[        ] Resolve mutations for :shared_preferences_android:copyDebugJniLibsProjectOnly (Thread[#44846,Execution worker Thread 9,5,main]) started.
[        ] :shared_preferences_android:copyDebugJniLibsProjectOnly (Thread[#44846,Execution worker Thread 9,5,main]) started.
[        ] > Task :shared_preferences_android:copyDebugJniLibsProjectOnly UP-TO-DATE
[        ] Caching disabled for task ':shared_preferences_android:copyDebugJniLibsProjectOnly' because:
[        ]   Build cache is disabled
[        ]   Caching has been disabled for the task
[        ] Skipping task ':shared_preferences_android:copyDebugJniLibsProjectOnly' as it is up-to-date.
[        ] work action resolve jni (project :shared_preferences_android) (Thread[#44846,Execution worker Thread 9,5,main]) started.
[        ] Resolve mutations for :sqflite_android:mergeDebugJniLibFolders (Thread[#44846,Execution worker Thread 9,5,main]) started.
[        ] :sqflite_android:mergeDebugJniLibFolders (Thread[#44846,Execution worker Thread 9,5,main]) started.
[        ] > Task :sqflite_android:mergeDebugJniLibFolders UP-TO-DATE
[        ] Caching disabled for task ':sqflite_android:mergeDebugJniLibFolders' because:
[        ]   Build cache is disabled
[        ]   Simple merging task
[        ] Skipping task ':sqflite_android:mergeDebugJniLibFolders' as it is up-to-date.
[        ] Resolve mutations for :sqflite_android:mergeDebugNativeLibs (Thread[#44846,Execution worker Thread 9,5,main]) started.
[        ] :sqflite_android:mergeDebugNativeLibs (Thread[#44846,Execution worker Thread 9,5,main]) started.
[        ] > Task :sqflite_android:mergeDebugNativeLibs NO-SOURCE
[        ] Skipping task ':sqflite_android:mergeDebugNativeLibs' as it has no source files and no previous output files.
[        ] Resolve mutations for :sqflite_android:copyDebugJniLibsProjectOnly (Thread[#44846,Execution worker Thread 9,5,main]) started.
[        ] :sqflite_android:copyDebugJniLibsProjectOnly (Thread[#44846,Execution worker Thread 9,5,main]) started.
[        ] > Task :sqflite_android:copyDebugJniLibsProjectOnly UP-TO-DATE
[        ] Caching disabled for task ':sqflite_android:copyDebugJniLibsProjectOnly' because:
[        ]   Build cache is disabled
[        ]   Caching has been disabled for the task
[        ] Skipping task ':sqflite_android:copyDebugJniLibsProjectOnly' as it is up-to-date.
[        ] work action resolve jni (project :sqflite_android) (Thread[#44846,Execution worker Thread 9,5,main]) started.
[        ] Resolve mutations for :url_launcher_android:mergeDebugJniLibFolders (Thread[#44846,Execution worker Thread 9,5,main]) started.
[        ] :url_launcher_android:mergeDebugJniLibFolders (Thread[#44846,Execution worker Thread 9,5,main]) started.
[        ] > Task :url_launcher_android:mergeDebugJniLibFolders UP-TO-DATE
[        ] Caching disabled for task ':url_launcher_android:mergeDebugJniLibFolders' because:
[        ]   Build cache is disabled
[        ]   Simple merging task
[        ] Skipping task ':url_launcher_android:mergeDebugJniLibFolders' as it is up-to-date.
[        ] Resolve mutations for :url_launcher_android:mergeDebugNativeLibs (Thread[#44846,Execution worker Thread 9,5,main]) started.
[        ] :url_launcher_android:mergeDebugNativeLibs (Thread[#44846,Execution worker Thread 9,5,main]) started.
[        ] > Task :url_launcher_android:mergeDebugNativeLibs NO-SOURCE
[        ] Skipping task ':url_launcher_android:mergeDebugNativeLibs' as it has no source files and no previous output files.
[        ] Resolve mutations for :url_launcher_android:copyDebugJniLibsProjectOnly (Thread[#44846,Execution worker Thread 9,5,main]) started.
[        ] :url_launcher_android:copyDebugJniLibsProjectOnly (Thread[#44846,Execution worker Thread 9,5,main]) started.
[        ] > Task :url_launcher_android:copyDebugJniLibsProjectOnly UP-TO-DATE
[        ] Caching disabled for task ':url_launcher_android:copyDebugJniLibsProjectOnly' because:
[        ]   Build cache is disabled
[        ]   Caching has been disabled for the task
[        ] Skipping task ':url_launcher_android:copyDebugJniLibsProjectOnly' as it is up-to-date.
[        ] work action resolve jni (project :url_launcher_android) (Thread[#44846,Execution worker Thread 9,5,main]) started.
[        ] Resolve mutations for :video_player_android:mergeDebugJniLibFolders (Thread[#44846,Execution worker Thread 9,5,main]) started.
[        ] :video_player_android:mergeDebugJniLibFolders (Thread[#44846,Execution worker Thread 9,5,main]) started.
[        ] > Task :video_player_android:mergeDebugJniLibFolders UP-TO-DATE
[        ] Caching disabled for task ':video_player_android:mergeDebugJniLibFolders' because:
[        ]   Build cache is disabled
[        ]   Simple merging task
[        ] Skipping task ':video_player_android:mergeDebugJniLibFolders' as it is up-to-date.
[        ] Resolve mutations for :video_player_android:mergeDebugNativeLibs (Thread[#44846,Execution worker Thread 9,5,main]) started.
[        ] :video_player_android:mergeDebugNativeLibs (Thread[#44846,Execution worker Thread 9,5,main]) started.
[        ] > Task :video_player_android:mergeDebugNativeLibs NO-SOURCE
[        ] Skipping task ':video_player_android:mergeDebugNativeLibs' as it has no source files and no previous output files.
[        ] Resolve mutations for :video_player_android:copyDebugJniLibsProjectOnly (Thread[#44846,Execution worker Thread 9,5,main]) started.
[        ] :video_player_android:copyDebugJniLibsProjectOnly (Thread[#44846,Execution worker Thread 9,5,main]) started.
[        ] > Task :video_player_android:copyDebugJniLibsProjectOnly UP-TO-DATE
[        ] Caching disabled for task ':video_player_android:copyDebugJniLibsProjectOnly' because:
[        ]   Build cache is disabled
[        ]   Caching has been disabled for the task
[        ] Skipping task ':video_player_android:copyDebugJniLibsProjectOnly' as it is up-to-date.
[        ] work action resolve jni (project :video_player_android) (Thread[#44846,Execution worker Thread 9,5,main]) started.
[        ] Resolve mutations for :app:mergeDebugNativeLibs (Thread[#44846,Execution worker Thread 9,5,main]) started.
[        ] :app:mergeDebugNativeLibs (Thread[#44846,Execution worker Thread 9,5,main]) started.
[        ] > Task :app:mergeDebugNativeLibs UP-TO-DATE
[        ] Caching disabled for task ':app:mergeDebugNativeLibs' because:
[        ]   Build cache is disabled
[        ]   Caching has been disabled for the task
[        ] Skipping task ':app:mergeDebugNativeLibs' as it is up-to-date.
[        ] Resolve mutations for :app:stripDebugDebugSymbols (Thread[#44846,Execution worker Thread 9,5,main]) started.
[        ] :app:stripDebugDebugSymbols (Thread[#44846,Execution worker Thread 9,5,main]) started.
[  +92 ms] > Task :app:stripDebugDebugSymbols UP-TO-DATE
[        ] Caching disabled for task ':app:stripDebugDebugSymbols' because:
[        ]   Build cache is disabled
[        ]   Caching has been disabled for the task
[        ] Skipping task ':app:stripDebugDebugSymbols' as it is up-to-date.
[        ] Resolve mutations for :app:validateSigningDebug (Thread[#44846,Execution worker Thread 9,5,main]) started.
[        ] :app:validateSigningDebug (Thread[#44846,Execution worker Thread 9,5,main]) started.
[        ] > Task :app:validateSigningDebug UP-TO-DATE
[        ] Caching disabled for task ':app:validateSigningDebug' because:
[        ]   Build cache is disabled
[        ]   Caching has been disabled for the task
[        ] Skipping task ':app:validateSigningDebug' as it is up-to-date.
[        ] Resolve mutations for :app:writeDebugAppMetadata (Thread[#44846,Execution worker Thread 9,5,main]) started.
[        ] :app:writeDebugAppMetadata (Thread[#44846,Execution worker Thread 9,5,main]) started.
[        ] > Task :app:writeDebugAppMetadata UP-TO-DATE
[        ] Caching disabled for task ':app:writeDebugAppMetadata' because:
[        ]   Build cache is disabled
[        ]   Caching has been disabled for the task
[        ] Skipping task ':app:writeDebugAppMetadata' as it is up-to-date.
[        ] Resolve mutations for :app:writeDebugSigningConfigVersions (Thread[#44846,Execution worker Thread 9,5,main]) started.
[        ] :app:writeDebugSigningConfigVersions (Thread[#44846,Execution worker Thread 9,5,main]) started.
[        ] > Task :app:writeDebugSigningConfigVersions UP-TO-DATE
[        ] Caching disabled for task ':app:writeDebugSigningConfigVersions' because:
[        ]   Build cache is disabled
[        ]   Caching has been disabled for the task
[        ] Skipping task ':app:writeDebugSigningConfigVersions' as it is up-to-date.
[        ] Resolve mutations for :connectivity_plus:stripDebugDebugSymbols (Thread[#44846,Execution worker Thread 9,5,main]) started.
[        ] :connectivity_plus:stripDebugDebugSymbols (Thread[#44846,Execution worker Thread 9,5,main]) started.
[        ] > Task :connectivity_plus:stripDebugDebugSymbols NO-SOURCE
[        ] Skipping task ':connectivity_plus:stripDebugDebugSymbols' as it has no source files and no previous output files.
[        ] Resolve mutations for :connectivity_plus:copyDebugJniLibsProjectAndLocalJars (Thread[#44846,Execution worker Thread 9,5,main]) started.
[        ] :connectivity_plus:copyDebugJniLibsProjectAndLocalJars (Thread[#44846,Execution worker Thread 9,5,main]) started.
[        ] > Task :connectivity_plus:copyDebugJniLibsProjectAndLocalJars UP-TO-DATE
[        ] Caching disabled for task ':connectivity_plus:copyDebugJniLibsProjectAndLocalJars' because:
[        ]   Build cache is disabled
[        ]   Caching has been disabled for the task
[        ] Skipping task ':connectivity_plus:copyDebugJniLibsProjectAndLocalJars' as it is up-to-date.
[        ] Resolve mutations for :connectivity_plus:extractDebugAnnotations (Thread[#44846,Execution worker Thread 9,5,main]) started.
[        ] :connectivity_plus:extractDebugAnnotations (Thread[#44846,Execution worker Thread 9,5,main]) started.
[        ] > Task :connectivity_plus:extractDebugAnnotations UP-TO-DATE
[        ] Caching disabled for task ':connectivity_plus:extractDebugAnnotations' because:
[        ]   Build cache is disabled
[        ] Skipping task ':connectivity_plus:extractDebugAnnotations' as it is up-to-date.
[        ] Resolve mutations for :connectivity_plus:extractDeepLinksForAarDebug (Thread[#44846,Execution worker Thread 9,5,main]) started.
[        ] :connectivity_plus:extractDeepLinksForAarDebug (Thread[#44846,Execution worker Thread 9,5,main]) started.
[        ] > Task :connectivity_plus:extractDeepLinksForAarDebug UP-TO-DATE
[        ] Caching disabled for task ':connectivity_plus:extractDeepLinksForAarDebug' because:
[        ]   Build cache is disabled
[        ] Skipping task ':connectivity_plus:extractDeepLinksForAarDebug' as it is up-to-date.
[        ] Resolve mutations for :connectivity_plus:mergeDebugGeneratedProguardFiles (Thread[#44846,Execution worker Thread 9,5,main]) started.
[        ] :connectivity_plus:mergeDebugGeneratedProguardFiles (Thread[#44846,Execution worker Thread 9,5,main]) started.
[        ] > Task :connectivity_plus:mergeDebugGeneratedProguardFiles UP-TO-DATE
[        ] Caching disabled for task ':connectivity_plus:mergeDebugGeneratedProguardFiles' because:
[        ]   Build cache is disabled
[        ]   Simple merging task
[        ] Skipping task ':connectivity_plus:mergeDebugGeneratedProguardFiles' as it is up-to-date.
[        ] Resolve mutations for :connectivity_plus:mergeDebugConsumerProguardFiles (Thread[#44846,Execution worker Thread 9,5,main]) started.
[        ] :connectivity_plus:mergeDebugConsumerProguardFiles (Thread[#44846,Execution worker Thread 9,5,main]) started.
[        ] > Task :connectivity_plus:mergeDebugConsumerProguardFiles UP-TO-DATE
[        ] Caching disabled for task ':connectivity_plus:mergeDebugConsumerProguardFiles' because:
[        ]   Build cache is disabled
[        ]   Simple merging task
[        ] Skipping task ':connectivity_plus:mergeDebugConsumerProguardFiles' as it is up-to-date.
[        ] Resolve mutations for :connectivity_plus:prepareDebugArtProfile (Thread[#44846,Execution worker Thread 9,5,main]) started.
[        ] :connectivity_plus:prepareDebugArtProfile (Thread[#44846,Execution worker Thread 9,5,main]) started.
[        ] > Task :connectivity_plus:prepareDebugArtProfile UP-TO-DATE
[        ] Caching disabled for task ':connectivity_plus:prepareDebugArtProfile' because:
[        ]   Build cache is disabled
[        ]   Caching has been disabled for the task
[        ] Skipping task ':connectivity_plus:prepareDebugArtProfile' as it is up-to-date.
[        ] Resolve mutations for :connectivity_plus:prepareLintJarForPublish (Thread[#44846,Execution worker Thread 9,5,main]) started.
[        ] :connectivity_plus:prepareLintJarForPublish (Thread[#44846,Execution worker Thread 9,5,main]) started.
[        ] > Task :connectivity_plus:prepareLintJarForPublish UP-TO-DATE
[        ] Caching disabled for task ':connectivity_plus:prepareLintJarForPublish' because:
[        ]   Build cache is disabled
[        ]   Caching has been disabled for the task
[        ] Skipping task ':connectivity_plus:prepareLintJarForPublish' as it is up-to-date.
[        ] Resolve mutations for :connectivity_plus:mergeDebugJavaResource (Thread[#44846,Execution worker Thread 9,5,main]) started.
[        ] :connectivity_plus:mergeDebugJavaResource (Thread[#44846,Execution worker Thread 9,5,main]) started.
[        ] > Task :connectivity_plus:mergeDebugJavaResource UP-TO-DATE
[        ] Caching disabled for task ':connectivity_plus:mergeDebugJavaResource' because:
[        ]   Build cache is disabled
[        ]   Caching has been disabled for the task
[        ] Skipping task ':connectivity_plus:mergeDebugJavaResource' as it is up-to-date.
[        ] Resolve mutations for :connectivity_plus:syncDebugLibJars (Thread[#44846,Execution worker Thread 9,5,main]) started.
[        ] :connectivity_plus:syncDebugLibJars (Thread[#44846,Execution worker Thread 9,5,main]) started.
[        ] > Task :connectivity_plus:syncDebugLibJars UP-TO-DATE
[        ] Caching disabled for task ':connectivity_plus:syncDebugLibJars' because:
[        ]   Build cache is disabled
[        ] Skipping task ':connectivity_plus:syncDebugLibJars' as it is up-to-date.
[        ] Resolve mutations for :connectivity_plus:bundleDebugAar (Thread[#44846,Execution worker Thread 9,5,main]) started.
[        ] :connectivity_plus:bundleDebugAar (Thread[#44846,Execution worker Thread 9,5,main]) started.
[        ] > Task :connectivity_plus:bundleDebugAar UP-TO-DATE
[        ] Caching disabled for task ':connectivity_plus:bundleDebugAar' because:
[        ]   Build cache is disabled
[        ]   Caching has been disabled for the task
[        ] Skipping task ':connectivity_plus:bundleDebugAar' as it is up-to-date.
[        ] Resolve mutations for :connectivity_plus:assembleDebug (Thread[#44846,Execution worker Thread 9,5,main]) started.
[        ] :connectivity_plus:assembleDebug (Thread[#44846,Execution worker Thread 9,5,main]) started.
[        ] > Task :connectivity_plus:assembleDebug UP-TO-DATE
[        ] Skipping task ':connectivity_plus:assembleDebug' as it has no actions.
[        ] Resolve mutations for :emoji_picker_flutter:stripDebugDebugSymbols (Thread[#44846,Execution worker Thread 9,5,main]) started.
[        ] :emoji_picker_flutter:stripDebugDebugSymbols (Thread[#44846,Execution worker Thread 9,5,main]) started.
[        ] > Task :emoji_picker_flutter:stripDebugDebugSymbols NO-SOURCE
[        ] Skipping task ':emoji_picker_flutter:stripDebugDebugSymbols' as it has no source files and no previous output files.
[        ] Resolve mutations for :emoji_picker_flutter:copyDebugJniLibsProjectAndLocalJars (Thread[#44846,Execution worker Thread 9,5,main]) started.
[        ] :emoji_picker_flutter:copyDebugJniLibsProjectAndLocalJars (Thread[#44846,Execution worker Thread 9,5,main]) started.
[        ] > Task :emoji_picker_flutter:copyDebugJniLibsProjectAndLocalJars UP-TO-DATE
[        ] Caching disabled for task ':emoji_picker_flutter:copyDebugJniLibsProjectAndLocalJars' because:
[        ]   Build cache is disabled
[        ]   Caching has been disabled for the task
[        ] Skipping task ':emoji_picker_flutter:copyDebugJniLibsProjectAndLocalJars' as it is up-to-date.
[        ] Resolve mutations for :emoji_picker_flutter:extractDebugAnnotations (Thread[#44846,Execution worker Thread 9,5,main]) started.
[        ] :emoji_picker_flutter:extractDebugAnnotations (Thread[#44846,Execution worker Thread 9,5,main]) started.
[        ] > Task :emoji_picker_flutter:extractDebugAnnotations UP-TO-DATE
[        ] Caching disabled for task ':emoji_picker_flutter:extractDebugAnnotations' because:
[        ]   Build cache is disabled
[        ] Skipping task ':emoji_picker_flutter:extractDebugAnnotations' as it is up-to-date.
[        ] Resolve mutations for :emoji_picker_flutter:extractDeepLinksForAarDebug (Thread[#44846,Execution worker Thread 9,5,main]) started.
[        ] :emoji_picker_flutter:extractDeepLinksForAarDebug (Thread[#44846,Execution worker Thread 9,5,main]) started.
[        ] > Task :emoji_picker_flutter:extractDeepLinksForAarDebug UP-TO-DATE
[        ] Caching disabled for task ':emoji_picker_flutter:extractDeepLinksForAarDebug' because:
[        ]   Build cache is disabled
[        ] Skipping task ':emoji_picker_flutter:extractDeepLinksForAarDebug' as it is up-to-date.
[        ] Resolve mutations for :emoji_picker_flutter:mergeDebugGeneratedProguardFiles (Thread[#44846,Execution worker Thread 9,5,main]) started.
[        ] :emoji_picker_flutter:mergeDebugGeneratedProguardFiles (Thread[#44846,Execution worker Thread 9,5,main]) started.
[        ] > Task :emoji_picker_flutter:mergeDebugGeneratedProguardFiles UP-TO-DATE
[        ] Caching disabled for task ':emoji_picker_flutter:mergeDebugGeneratedProguardFiles' because:
[        ]   Build cache is disabled
[        ]   Simple merging task
[        ] Skipping task ':emoji_picker_flutter:mergeDebugGeneratedProguardFiles' as it is up-to-date.
[        ] Resolve mutations for :emoji_picker_flutter:mergeDebugConsumerProguardFiles (Thread[#44846,Execution worker Thread 9,5,main]) started.
[        ] :emoji_picker_flutter:mergeDebugConsumerProguardFiles (Thread[#44846,Execution worker Thread 9,5,main]) started.
[        ] > Task :emoji_picker_flutter:mergeDebugConsumerProguardFiles UP-TO-DATE
[        ] Caching disabled for task ':emoji_picker_flutter:mergeDebugConsumerProguardFiles' because:
[        ]   Build cache is disabled
[        ]   Simple merging task
[        ] Skipping task ':emoji_picker_flutter:mergeDebugConsumerProguardFiles' as it is up-to-date.
[        ] Resolve mutations for :emoji_picker_flutter:prepareDebugArtProfile (Thread[#44846,Execution worker Thread 9,5,main]) started.
[        ] :emoji_picker_flutter:prepareDebugArtProfile (Thread[#44846,Execution worker Thread 9,5,main]) started.
[        ] > Task :emoji_picker_flutter:prepareDebugArtProfile UP-TO-DATE
[        ] Caching disabled for task ':emoji_picker_flutter:prepareDebugArtProfile' because:
[        ]   Build cache is disabled
[        ]   Caching has been disabled for the task
[        ] Skipping task ':emoji_picker_flutter:prepareDebugArtProfile' as it is up-to-date.
[        ] Resolve mutations for :emoji_picker_flutter:prepareLintJarForPublish (Thread[#44846,Execution worker Thread 9,5,main]) started.
[        ] :emoji_picker_flutter:prepareLintJarForPublish (Thread[#44846,Execution worker Thread 9,5,main]) started.
[        ] > Task :emoji_picker_flutter:prepareLintJarForPublish UP-TO-DATE
[        ] Caching disabled for task ':emoji_picker_flutter:prepareLintJarForPublish' because:
[        ]   Build cache is disabled
[        ]   Caching has been disabled for the task
[        ] Skipping task ':emoji_picker_flutter:prepareLintJarForPublish' as it is up-to-date.
[        ] Resolve mutations for :emoji_picker_flutter:mergeDebugJavaResource (Thread[#44846,Execution worker Thread 9,5,main]) started.
[        ] :emoji_picker_flutter:mergeDebugJavaResource (Thread[#44846,Execution worker Thread 9,5,main]) started.
[        ] > Task :emoji_picker_flutter:mergeDebugJavaResource UP-TO-DATE
[        ] Caching disabled for task ':emoji_picker_flutter:mergeDebugJavaResource' because:
[        ]   Build cache is disabled
[        ]   Caching has been disabled for the task
[        ] Skipping task ':emoji_picker_flutter:mergeDebugJavaResource' as it is up-to-date.
[        ] Resolve mutations for :emoji_picker_flutter:syncDebugLibJars (Thread[#44846,Execution worker Thread 9,5,main]) started.
[        ] :emoji_picker_flutter:syncDebugLibJars (Thread[#44846,Execution worker Thread 9,5,main]) started.
[        ] > Task :emoji_picker_flutter:syncDebugLibJars UP-TO-DATE
[        ] Caching disabled for task ':emoji_picker_flutter:syncDebugLibJars' because:
[        ]   Build cache is disabled
[        ] Skipping task ':emoji_picker_flutter:syncDebugLibJars' as it is up-to-date.
[        ] Resolve mutations for :emoji_picker_flutter:bundleDebugAar (Thread[#44846,Execution worker Thread 9,5,main]) started.
[        ] :emoji_picker_flutter:bundleDebugAar (Thread[#44846,Execution worker Thread 9,5,main]) started.
[        ] > Task :emoji_picker_flutter:bundleDebugAar UP-TO-DATE
[        ] Caching disabled for task ':emoji_picker_flutter:bundleDebugAar' because:
[        ]   Build cache is disabled
[        ]   Caching has been disabled for the task
[        ] Skipping task ':emoji_picker_flutter:bundleDebugAar' as it is up-to-date.
[        ] Resolve mutations for :emoji_picker_flutter:assembleDebug (Thread[#44846,Execution worker Thread 9,5,main]) started.
[        ] :emoji_picker_flutter:assembleDebug (Thread[#44846,Execution worker Thread 9,5,main]) started.
[        ] > Task :emoji_picker_flutter:assembleDebug UP-TO-DATE
[        ] Skipping task ':emoji_picker_flutter:assembleDebug' as it has no actions.
[        ] Resolve mutations for :file_selector_android:stripDebugDebugSymbols (Thread[#44846,Execution worker Thread 9,5,main]) started.
[        ] :file_selector_android:stripDebugDebugSymbols (Thread[#44846,Execution worker Thread 9,5,main]) started.
[        ] > Task :file_selector_android:stripDebugDebugSymbols NO-SOURCE
[        ] Skipping task ':file_selector_android:stripDebugDebugSymbols' as it has no source files and no previous output files.
[        ] Resolve mutations for :file_selector_android:copyDebugJniLibsProjectAndLocalJars (Thread[#44846,Execution worker Thread 9,5,main]) started.
[        ] :file_selector_android:copyDebugJniLibsProjectAndLocalJars (Thread[#44846,Execution worker Thread 9,5,main]) started.
[        ] > Task :file_selector_android:copyDebugJniLibsProjectAndLocalJars UP-TO-DATE
[        ] Caching disabled for task ':file_selector_android:copyDebugJniLibsProjectAndLocalJars' because:
[        ]   Build cache is disabled
[        ]   Caching has been disabled for the task
[        ] Skipping task ':file_selector_android:copyDebugJniLibsProjectAndLocalJars' as it is up-to-date.
[        ] Resolve mutations for :file_selector_android:extractDebugAnnotations (Thread[#44846,Execution worker Thread 9,5,main]) started.
[        ] :file_selector_android:extractDebugAnnotations (Thread[#44846,Execution worker Thread 9,5,main]) started.
[        ] > Task :file_selector_android:extractDebugAnnotations UP-TO-DATE
[        ] Caching disabled for task ':file_selector_android:extractDebugAnnotations' because:
[        ]   Build cache is disabled
[        ] Skipping task ':file_selector_android:extractDebugAnnotations' as it is up-to-date.
[        ] Resolve mutations for :file_selector_android:extractDeepLinksForAarDebug (Thread[#44846,Execution worker Thread 9,5,main]) started.
[        ] :file_selector_android:extractDeepLinksForAarDebug (Thread[#44846,Execution worker Thread 9,5,main]) started.
[        ] > Task :file_selector_android:extractDeepLinksForAarDebug UP-TO-DATE
[        ] Caching disabled for task ':file_selector_android:extractDeepLinksForAarDebug' because:
[        ]   Build cache is disabled
[        ] Skipping task ':file_selector_android:extractDeepLinksForAarDebug' as it is up-to-date.
[        ] Resolve mutations for :file_selector_android:mergeDebugGeneratedProguardFiles (Thread[#44846,Execution worker Thread 9,5,main]) started.
[        ] :file_selector_android:mergeDebugGeneratedProguardFiles (Thread[#44853,Execution worker Thread 16,5,main]) started.
[        ] > Task :file_selector_android:mergeDebugGeneratedProguardFiles UP-TO-DATE
[        ] Caching disabled for task ':file_selector_android:mergeDebugGeneratedProguardFiles' because:
[        ]   Build cache is disabled
[        ]   Simple merging task
[        ] Skipping task ':file_selector_android:mergeDebugGeneratedProguardFiles' as it is up-to-date.
[        ] Resolve mutations for :file_selector_android:mergeDebugConsumerProguardFiles (Thread[#44853,Execution worker Thread 16,5,main]) started.
[        ] :file_selector_android:mergeDebugConsumerProguardFiles (Thread[#44853,Execution worker Thread 16,5,main]) started.
[        ] > Task :file_selector_android:mergeDebugConsumerProguardFiles UP-TO-DATE
[        ] Caching disabled for task ':file_selector_android:mergeDebugConsumerProguardFiles' because:
[        ]   Build cache is disabled
[        ]   Simple merging task
[        ] Skipping task ':file_selector_android:mergeDebugConsumerProguardFiles' as it is up-to-date.
[        ] Resolve mutations for :file_selector_android:prepareDebugArtProfile (Thread[#44853,Execution worker Thread 16,5,main]) started.
[        ] :file_selector_android:prepareDebugArtProfile (Thread[#44853,Execution worker Thread 16,5,main]) started.
[        ] > Task :file_selector_android:prepareDebugArtProfile UP-TO-DATE
[        ] Caching disabled for task ':file_selector_android:prepareDebugArtProfile' because:
[        ]   Build cache is disabled
[        ]   Caching has been disabled for the task
[        ] Skipping task ':file_selector_android:prepareDebugArtProfile' as it is up-to-date.
[        ] Resolve mutations for :file_selector_android:prepareLintJarForPublish (Thread[#44853,Execution worker Thread 16,5,main]) started.
[        ] :file_selector_android:prepareLintJarForPublish (Thread[#44853,Execution worker Thread 16,5,main]) started.
[        ] > Task :file_selector_android:prepareLintJarForPublish UP-TO-DATE
[        ] Caching disabled for task ':file_selector_android:prepareLintJarForPublish' because:
[        ]   Build cache is disabled
[        ]   Caching has been disabled for the task
[        ] Skipping task ':file_selector_android:prepareLintJarForPublish' as it is up-to-date.
[        ] Resolve mutations for :file_selector_android:mergeDebugJavaResource (Thread[#44853,Execution worker Thread 16,5,main]) started.
[        ] :file_selector_android:mergeDebugJavaResource (Thread[#44853,Execution worker Thread 16,5,main]) started.
[        ] > Task :file_selector_android:mergeDebugJavaResource UP-TO-DATE
[        ] Caching disabled for task ':file_selector_android:mergeDebugJavaResource' because:
[        ]   Build cache is disabled
[        ]   Caching has been disabled for the task
[        ] Skipping task ':file_selector_android:mergeDebugJavaResource' as it is up-to-date.
[        ] Resolve mutations for :file_selector_android:syncDebugLibJars (Thread[#44853,Execution worker Thread 16,5,main]) started.
[        ] :file_selector_android:syncDebugLibJars (Thread[#44853,Execution worker Thread 16,5,main]) started.
[        ] > Task :file_selector_android:syncDebugLibJars UP-TO-DATE
[        ] Caching disabled for task ':file_selector_android:syncDebugLibJars' because:
[        ]   Build cache is disabled
[        ] Skipping task ':file_selector_android:syncDebugLibJars' as it is up-to-date.
[        ] Resolve mutations for :file_selector_android:bundleDebugAar (Thread[#44853,Execution worker Thread 16,5,main]) started.
[        ] :file_selector_android:bundleDebugAar (Thread[#44853,Execution worker Thread 16,5,main]) started.
[        ] > Task :file_selector_android:bundleDebugAar UP-TO-DATE
[        ] Caching disabled for task ':file_selector_android:bundleDebugAar' because:
[        ]   Build cache is disabled
[        ]   Caching has been disabled for the task
[        ] Skipping task ':file_selector_android:bundleDebugAar' as it is up-to-date.
[        ] Resolve mutations for :file_selector_android:assembleDebug (Thread[#44853,Execution worker Thread 16,5,main]) started.
[        ] :file_selector_android:assembleDebug (Thread[#44853,Execution worker Thread 16,5,main]) started.
[        ] > Task :file_selector_android:assembleDebug UP-TO-DATE
[        ] Skipping task ':file_selector_android:assembleDebug' as it has no actions.
[        ] Resolve mutations for :flutter_keyboard_visibility_temp_fork:stripDebugDebugSymbols (Thread[#44853,Execution worker Thread 16,5,main]) started.
[        ] :flutter_keyboard_visibility_temp_fork:stripDebugDebugSymbols (Thread[#44853,Execution worker Thread 16,5,main]) started.
[        ] > Task :flutter_keyboard_visibility_temp_fork:stripDebugDebugSymbols NO-SOURCE
[        ] Skipping task ':flutter_keyboard_visibility_temp_fork:stripDebugDebugSymbols' as it has no source files and no previous output files.
[        ] Resolve mutations for :flutter_keyboard_visibility_temp_fork:copyDebugJniLibsProjectAndLocalJars (Thread[#44853,Execution worker Thread 16,5,main]) started.
[        ] :flutter_keyboard_visibility_temp_fork:copyDebugJniLibsProjectAndLocalJars (Thread[#44853,Execution worker Thread 16,5,main]) started.
[        ] > Task :flutter_keyboard_visibility_temp_fork:copyDebugJniLibsProjectAndLocalJars UP-TO-DATE
[        ] Caching disabled for task ':flutter_keyboard_visibility_temp_fork:copyDebugJniLibsProjectAndLocalJars' because:
[        ]   Build cache is disabled
[        ]   Caching has been disabled for the task
[        ] Skipping task ':flutter_keyboard_visibility_temp_fork:copyDebugJniLibsProjectAndLocalJars' as it is up-to-date.
[        ] Resolve mutations for :flutter_keyboard_visibility_temp_fork:extractDebugAnnotations (Thread[#44853,Execution worker Thread 16,5,main]) started.
[        ] :flutter_keyboard_visibility_temp_fork:extractDebugAnnotations (Thread[#44853,Execution worker Thread 16,5,main]) started.
[        ] > Task :flutter_keyboard_visibility_temp_fork:extractDebugAnnotations UP-TO-DATE
[        ] Caching disabled for task ':flutter_keyboard_visibility_temp_fork:extractDebugAnnotations' because:
[        ]   Build cache is disabled
[        ] Skipping task ':flutter_keyboard_visibility_temp_fork:extractDebugAnnotations' as it is up-to-date.
[        ] Resolve mutations for :flutter_keyboard_visibility_temp_fork:extractDeepLinksForAarDebug (Thread[#44853,Execution worker Thread 16,5,main]) started.
[        ] :flutter_keyboard_visibility_temp_fork:extractDeepLinksForAarDebug (Thread[#44853,Execution worker Thread 16,5,main]) started.
[        ] > Task :flutter_keyboard_visibility_temp_fork:extractDeepLinksForAarDebug UP-TO-DATE
[        ] Caching disabled for task ':flutter_keyboard_visibility_temp_fork:extractDeepLinksForAarDebug' because:
[        ]   Build cache is disabled
[        ] Skipping task ':flutter_keyboard_visibility_temp_fork:extractDeepLinksForAarDebug' as it is up-to-date.
[        ] Resolve mutations for :flutter_keyboard_visibility_temp_fork:mergeDebugGeneratedProguardFiles (Thread[#44853,Execution worker Thread 16,5,main]) started.
[        ] :flutter_keyboard_visibility_temp_fork:mergeDebugGeneratedProguardFiles (Thread[#44853,Execution worker Thread 16,5,main]) started.
[        ] > Task :flutter_keyboard_visibility_temp_fork:mergeDebugGeneratedProguardFiles UP-TO-DATE
[        ] Caching disabled for task ':flutter_keyboard_visibility_temp_fork:mergeDebugGeneratedProguardFiles' because:
[        ]   Build cache is disabled
[        ]   Simple merging task
[        ] Skipping task ':flutter_keyboard_visibility_temp_fork:mergeDebugGeneratedProguardFiles' as it is up-to-date.
[        ] Resolve mutations for :flutter_keyboard_visibility_temp_fork:mergeDebugConsumerProguardFiles (Thread[#44853,Execution worker Thread 16,5,main]) started.
[        ] :flutter_keyboard_visibility_temp_fork:mergeDebugConsumerProguardFiles (Thread[#44853,Execution worker Thread 16,5,main]) started.
[        ] > Task :flutter_keyboard_visibility_temp_fork:mergeDebugConsumerProguardFiles UP-TO-DATE
[        ] Caching disabled for task ':flutter_keyboard_visibility_temp_fork:mergeDebugConsumerProguardFiles' because:
[        ]   Build cache is disabled
[        ]   Simple merging task
[        ] Skipping task ':flutter_keyboard_visibility_temp_fork:mergeDebugConsumerProguardFiles' as it is up-to-date.
[        ] Resolve mutations for :flutter_keyboard_visibility_temp_fork:prepareDebugArtProfile (Thread[#44853,Execution worker Thread 16,5,main]) started.
[        ] :flutter_keyboard_visibility_temp_fork:prepareDebugArtProfile (Thread[#44853,Execution worker Thread 16,5,main]) started.
[        ] > Task :flutter_keyboard_visibility_temp_fork:prepareDebugArtProfile UP-TO-DATE
[        ] Caching disabled for task ':flutter_keyboard_visibility_temp_fork:prepareDebugArtProfile' because:
[        ]   Build cache is disabled
[        ]   Caching has been disabled for the task
[        ] Skipping task ':flutter_keyboard_visibility_temp_fork:prepareDebugArtProfile' as it is up-to-date.
[        ] Resolve mutations for :flutter_keyboard_visibility_temp_fork:prepareLintJarForPublish (Thread[#44853,Execution worker Thread 16,5,main]) started.
[        ] :flutter_keyboard_visibility_temp_fork:prepareLintJarForPublish (Thread[#44853,Execution worker Thread 16,5,main]) started.
[        ] > Task :flutter_keyboard_visibility_temp_fork:prepareLintJarForPublish UP-TO-DATE
[        ] Caching disabled for task ':flutter_keyboard_visibility_temp_fork:prepareLintJarForPublish' because:
[        ]   Build cache is disabled
[        ]   Caching has been disabled for the task
[        ] Skipping task ':flutter_keyboard_visibility_temp_fork:prepareLintJarForPublish' as it is up-to-date.
[        ] Resolve mutations for :flutter_keyboard_visibility_temp_fork:mergeDebugJavaResource (Thread[#44853,Execution worker Thread 16,5,main]) started.
[        ] :flutter_keyboard_visibility_temp_fork:mergeDebugJavaResource (Thread[#44853,Execution worker Thread 16,5,main]) started.
[        ] > Task :flutter_keyboard_visibility_temp_fork:mergeDebugJavaResource UP-TO-DATE
[        ] Caching disabled for task ':flutter_keyboard_visibility_temp_fork:mergeDebugJavaResource' because:
[        ]   Build cache is disabled
[        ]   Caching has been disabled for the task
[        ] Skipping task ':flutter_keyboard_visibility_temp_fork:mergeDebugJavaResource' as it is up-to-date.
[        ] Resolve mutations for :flutter_keyboard_visibility_temp_fork:syncDebugLibJars (Thread[#44853,Execution worker Thread 16,5,main]) started.
[        ] :flutter_keyboard_visibility_temp_fork:syncDebugLibJars (Thread[#44853,Execution worker Thread 16,5,main]) started.
[        ] > Task :flutter_keyboard_visibility_temp_fork:syncDebugLibJars UP-TO-DATE
[        ] Caching disabled for task ':flutter_keyboard_visibility_temp_fork:syncDebugLibJars' because:
[        ]   Build cache is disabled
[        ] Skipping task ':flutter_keyboard_visibility_temp_fork:syncDebugLibJars' as it is up-to-date.
[        ] Resolve mutations for :flutter_keyboard_visibility_temp_fork:bundleDebugAar (Thread[#44853,Execution worker Thread 16,5,main]) started.
[        ] :flutter_keyboard_visibility_temp_fork:bundleDebugAar (Thread[#44853,Execution worker Thread 16,5,main]) started.
[        ] > Task :flutter_keyboard_visibility_temp_fork:bundleDebugAar UP-TO-DATE
[        ] Caching disabled for task ':flutter_keyboard_visibility_temp_fork:bundleDebugAar' because:
[        ]   Build cache is disabled
[        ]   Caching has been disabled for the task
[        ] Skipping task ':flutter_keyboard_visibility_temp_fork:bundleDebugAar' as it is up-to-date.
[        ] Resolve mutations for :flutter_keyboard_visibility_temp_fork:assembleDebug (Thread[#44853,Execution worker Thread 16,5,main]) started.
[        ] :flutter_keyboard_visibility_temp_fork:assembleDebug (Thread[#44853,Execution worker Thread 16,5,main]) started.
[        ] > Task :flutter_keyboard_visibility_temp_fork:assembleDebug UP-TO-DATE
[        ] Skipping task ':flutter_keyboard_visibility_temp_fork:assembleDebug' as it has no actions.
[        ] Resolve mutations for :flutter_native_splash:stripDebugDebugSymbols (Thread[#44853,Execution worker Thread 16,5,main]) started.
[        ] :flutter_native_splash:stripDebugDebugSymbols (Thread[#44853,Execution worker Thread 16,5,main]) started.
[        ] > Task :flutter_native_splash:stripDebugDebugSymbols NO-SOURCE
[        ] Skipping task ':flutter_native_splash:stripDebugDebugSymbols' as it has no source files and no previous output files.
[        ] Resolve mutations for :flutter_native_splash:copyDebugJniLibsProjectAndLocalJars (Thread[#44853,Execution worker Thread 16,5,main]) started.
[        ] :flutter_native_splash:copyDebugJniLibsProjectAndLocalJars (Thread[#44853,Execution worker Thread 16,5,main]) started.
[        ] > Task :flutter_native_splash:copyDebugJniLibsProjectAndLocalJars UP-TO-DATE
[        ] Caching disabled for task ':flutter_native_splash:copyDebugJniLibsProjectAndLocalJars' because:
[        ]   Build cache is disabled
[        ]   Caching has been disabled for the task
[        ] Skipping task ':flutter_native_splash:copyDebugJniLibsProjectAndLocalJars' as it is up-to-date.
[        ] Resolve mutations for :flutter_native_splash:extractDebugAnnotations (Thread[#44853,Execution worker Thread 16,5,main]) started.
[        ] :flutter_native_splash:extractDebugAnnotations (Thread[#44853,Execution worker Thread 16,5,main]) started.
[        ] > Task :flutter_native_splash:extractDebugAnnotations UP-TO-DATE
[        ] Caching disabled for task ':flutter_native_splash:extractDebugAnnotations' because:
[        ]   Build cache is disabled
[        ] Skipping task ':flutter_native_splash:extractDebugAnnotations' as it is up-to-date.
[        ] Resolve mutations for :flutter_native_splash:extractDeepLinksForAarDebug (Thread[#44853,Execution worker Thread 16,5,main]) started.
[        ] :flutter_native_splash:extractDeepLinksForAarDebug (Thread[#44853,Execution worker Thread 16,5,main]) started.
[        ] > Task :flutter_native_splash:extractDeepLinksForAarDebug UP-TO-DATE
[        ] Caching disabled for task ':flutter_native_splash:extractDeepLinksForAarDebug' because:
[        ]   Build cache is disabled
[        ] Skipping task ':flutter_native_splash:extractDeepLinksForAarDebug' as it is up-to-date.
[        ] Resolve mutations for :flutter_native_splash:mergeDebugGeneratedProguardFiles (Thread[#44853,Execution worker Thread 16,5,main]) started.
[        ] :flutter_native_splash:mergeDebugGeneratedProguardFiles (Thread[#44856,Execution worker Thread 19,5,main]) started.
[        ] > Task :flutter_native_splash:mergeDebugGeneratedProguardFiles UP-TO-DATE
[        ] Caching disabled for task ':flutter_native_splash:mergeDebugGeneratedProguardFiles' because:
[        ]   Build cache is disabled
[        ]   Simple merging task
[        ] Skipping task ':flutter_native_splash:mergeDebugGeneratedProguardFiles' as it is up-to-date.
[        ] Resolve mutations for :flutter_native_splash:mergeDebugConsumerProguardFiles (Thread[#44856,Execution worker Thread 19,5,main]) started.
[        ] :flutter_native_splash:mergeDebugConsumerProguardFiles (Thread[#44856,Execution worker Thread 19,5,main]) started.
[        ] > Task :flutter_native_splash:mergeDebugConsumerProguardFiles UP-TO-DATE
[        ] Caching disabled for task ':flutter_native_splash:mergeDebugConsumerProguardFiles' because:
[        ]   Build cache is disabled
[        ]   Simple merging task
[        ] Skipping task ':flutter_native_splash:mergeDebugConsumerProguardFiles' as it is up-to-date.
[        ] Resolve mutations for :flutter_native_splash:prepareDebugArtProfile (Thread[#44856,Execution worker Thread 19,5,main]) started.
[        ] :flutter_native_splash:prepareDebugArtProfile (Thread[#44856,Execution worker Thread 19,5,main]) started.
[        ] > Task :flutter_native_splash:prepareDebugArtProfile UP-TO-DATE
[        ] Caching disabled for task ':flutter_native_splash:prepareDebugArtProfile' because:
[        ]   Build cache is disabled
[        ]   Caching has been disabled for the task
[        ] Skipping task ':flutter_native_splash:prepareDebugArtProfile' as it is up-to-date.
[        ] Resolve mutations for :flutter_native_splash:prepareLintJarForPublish (Thread[#44856,Execution worker Thread 19,5,main]) started.
[        ] :flutter_native_splash:prepareLintJarForPublish (Thread[#44856,Execution worker Thread 19,5,main]) started.
[        ] > Task :flutter_native_splash:prepareLintJarForPublish UP-TO-DATE
[        ] Caching disabled for task ':flutter_native_splash:prepareLintJarForPublish' because:
[        ]   Build cache is disabled
[        ]   Caching has been disabled for the task
[        ] Skipping task ':flutter_native_splash:prepareLintJarForPublish' as it is up-to-date.
[        ] Resolve mutations for :flutter_native_splash:mergeDebugJavaResource (Thread[#44856,Execution worker Thread 19,5,main]) started.
[        ] :flutter_native_splash:mergeDebugJavaResource (Thread[#44856,Execution worker Thread 19,5,main]) started.
[        ] > Task :flutter_native_splash:mergeDebugJavaResource UP-TO-DATE
[        ] Caching disabled for task ':flutter_native_splash:mergeDebugJavaResource' because:
[        ]   Build cache is disabled
[        ]   Caching has been disabled for the task
[        ] Skipping task ':flutter_native_splash:mergeDebugJavaResource' as it is up-to-date.
[        ] Resolve mutations for :flutter_native_splash:syncDebugLibJars (Thread[#44856,Execution worker Thread 19,5,main]) started.
[        ] :flutter_native_splash:syncDebugLibJars (Thread[#44856,Execution worker Thread 19,5,main]) started.
[        ] > Task :flutter_native_splash:syncDebugLibJars UP-TO-DATE
[        ] Caching disabled for task ':flutter_native_splash:syncDebugLibJars' because:
[        ]   Build cache is disabled
[        ] Skipping task ':flutter_native_splash:syncDebugLibJars' as it is up-to-date.
[        ] Resolve mutations for :flutter_native_splash:bundleDebugAar (Thread[#44856,Execution worker Thread 19,5,main]) started.
[        ] :flutter_native_splash:bundleDebugAar (Thread[#44856,Execution worker Thread 19,5,main]) started.
[        ] > Task :flutter_native_splash:bundleDebugAar UP-TO-DATE
[        ] Caching disabled for task ':flutter_native_splash:bundleDebugAar' because:
[        ]   Build cache is disabled
[        ]   Caching has been disabled for the task
[        ] Skipping task ':flutter_native_splash:bundleDebugAar' as it is up-to-date.
[        ] Resolve mutations for :flutter_native_splash:assembleDebug (Thread[#44856,Execution worker Thread 19,5,main]) started.
[        ] :flutter_native_splash:assembleDebug (Thread[#44856,Execution worker Thread 19,5,main]) started.
[        ] > Task :flutter_native_splash:assembleDebug UP-TO-DATE
[        ] Skipping task ':flutter_native_splash:assembleDebug' as it has no actions.
[        ] Resolve mutations for :flutter_olm:stripDebugDebugSymbols (Thread[#44856,Execution worker Thread 19,5,main]) started.
[        ] :flutter_olm:stripDebugDebugSymbols (Thread[#44856,Execution worker Thread 19,5,main]) started.
[        ] > Task :flutter_olm:stripDebugDebugSymbols UP-TO-DATE
[        ] Caching disabled for task ':flutter_olm:stripDebugDebugSymbols' because:
[        ]   Build cache is disabled
[        ]   Caching has been disabled for the task
[        ] Skipping task ':flutter_olm:stripDebugDebugSymbols' as it is up-to-date.
[        ] Resolve mutations for :flutter_olm:copyDebugJniLibsProjectAndLocalJars (Thread[#44856,Execution worker Thread 19,5,main]) started.
[        ] :flutter_olm:copyDebugJniLibsProjectAndLocalJars (Thread[#44856,Execution worker Thread 19,5,main]) started.
[        ] > Task :flutter_olm:copyDebugJniLibsProjectAndLocalJars UP-TO-DATE
[        ] Caching disabled for task ':flutter_olm:copyDebugJniLibsProjectAndLocalJars' because:
[        ]   Build cache is disabled
[        ]   Caching has been disabled for the task
[        ] Skipping task ':flutter_olm:copyDebugJniLibsProjectAndLocalJars' as it is up-to-date.
[        ] Resolve mutations for :flutter_olm:extractDebugAnnotations (Thread[#44856,Execution worker Thread 19,5,main]) started.
[        ] :flutter_olm:extractDebugAnnotations (Thread[#44856,Execution worker Thread 19,5,main]) started.
[        ] > Task :flutter_olm:extractDebugAnnotations UP-TO-DATE
[        ] Caching disabled for task ':flutter_olm:extractDebugAnnotations' because:
[        ]   Build cache is disabled
[        ] Skipping task ':flutter_olm:extractDebugAnnotations' as it is up-to-date.
[        ] Resolve mutations for :flutter_olm:extractDeepLinksForAarDebug (Thread[#44856,Execution worker Thread 19,5,main]) started.
[        ] :flutter_olm:extractDeepLinksForAarDebug (Thread[#44856,Execution worker Thread 19,5,main]) started.
[        ] > Task :flutter_olm:extractDeepLinksForAarDebug UP-TO-DATE
[        ] Caching disabled for task ':flutter_olm:extractDeepLinksForAarDebug' because:
[        ]   Build cache is disabled
[        ] Skipping task ':flutter_olm:extractDeepLinksForAarDebug' as it is up-to-date.
[        ] Resolve mutations for :flutter_olm:mergeDebugGeneratedProguardFiles (Thread[#44856,Execution worker Thread 19,5,main]) started.
[        ] :flutter_olm:mergeDebugGeneratedProguardFiles (Thread[#44856,Execution worker Thread 19,5,main]) started.
[        ] > Task :flutter_olm:mergeDebugGeneratedProguardFiles UP-TO-DATE
[        ] Caching disabled for task ':flutter_olm:mergeDebugGeneratedProguardFiles' because:
[        ]   Build cache is disabled
[        ]   Simple merging task
[        ] Skipping task ':flutter_olm:mergeDebugGeneratedProguardFiles' as it is up-to-date.
[        ] Resolve mutations for :flutter_olm:mergeDebugConsumerProguardFiles (Thread[#44856,Execution worker Thread 19,5,main]) started.
[        ] :flutter_olm:mergeDebugConsumerProguardFiles (Thread[#44856,Execution worker Thread 19,5,main]) started.
[        ] > Task :flutter_olm:mergeDebugConsumerProguardFiles UP-TO-DATE
[        ] Caching disabled for task ':flutter_olm:mergeDebugConsumerProguardFiles' because:
[        ]   Build cache is disabled
[        ]   Simple merging task
[        ] Skipping task ':flutter_olm:mergeDebugConsumerProguardFiles' as it is up-to-date.
[        ] Resolve mutations for :flutter_olm:prepareDebugArtProfile (Thread[#44856,Execution worker Thread 19,5,main]) started.
[        ] :flutter_olm:prepareDebugArtProfile (Thread[#44856,Execution worker Thread 19,5,main]) started.
[        ] > Task :flutter_olm:prepareDebugArtProfile UP-TO-DATE
[        ] Caching disabled for task ':flutter_olm:prepareDebugArtProfile' because:
[        ]   Build cache is disabled
[        ]   Caching has been disabled for the task
[        ] Skipping task ':flutter_olm:prepareDebugArtProfile' as it is up-to-date.
[        ] Resolve mutations for :flutter_olm:prepareLintJarForPublish (Thread[#44856,Execution worker Thread 19,5,main]) started.
[        ] :flutter_olm:prepareLintJarForPublish (Thread[#44856,Execution worker Thread 19,5,main]) started.
[        ] > Task :flutter_olm:prepareLintJarForPublish UP-TO-DATE
[        ] Caching disabled for task ':flutter_olm:prepareLintJarForPublish' because:
[        ]   Build cache is disabled
[        ]   Caching has been disabled for the task
[        ] Skipping task ':flutter_olm:prepareLintJarForPublish' as it is up-to-date.
[        ] Resolve mutations for :flutter_olm:mergeDebugJavaResource (Thread[#44856,Execution worker Thread 19,5,main]) started.
[        ] :flutter_olm:mergeDebugJavaResource (Thread[#44856,Execution worker Thread 19,5,main]) started.
[        ] > Task :flutter_olm:mergeDebugJavaResource UP-TO-DATE
[        ] Caching disabled for task ':flutter_olm:mergeDebugJavaResource' because:
[        ]   Build cache is disabled
[        ]   Caching has been disabled for the task
[        ] Skipping task ':flutter_olm:mergeDebugJavaResource' as it is up-to-date.
[        ] Resolve mutations for :flutter_olm:syncDebugLibJars (Thread[#44856,Execution worker Thread 19,5,main]) started.
[        ] :flutter_olm:syncDebugLibJars (Thread[#44856,Execution worker Thread 19,5,main]) started.
[        ] > Task :flutter_olm:syncDebugLibJars UP-TO-DATE
[        ] Caching disabled for task ':flutter_olm:syncDebugLibJars' because:
[        ]   Build cache is disabled
[        ] Skipping task ':flutter_olm:syncDebugLibJars' as it is up-to-date.
[        ] Resolve mutations for :flutter_olm:bundleDebugAar (Thread[#44856,Execution worker Thread 19,5,main]) started.
[        ] :flutter_olm:bundleDebugAar (Thread[#44856,Execution worker Thread 19,5,main]) started.
[        ] > Task :flutter_olm:bundleDebugAar UP-TO-DATE
[        ] Caching disabled for task ':flutter_olm:bundleDebugAar' because:
[        ]   Build cache is disabled
[        ]   Caching has been disabled for the task
[        ] Skipping task ':flutter_olm:bundleDebugAar' as it is up-to-date.
[        ] Resolve mutations for :flutter_olm:assembleDebug (Thread[#44856,Execution worker Thread 19,5,main]) started.
[        ] :flutter_olm:assembleDebug (Thread[#44856,Execution worker Thread 19,5,main]) started.
[        ] > Task :flutter_olm:assembleDebug UP-TO-DATE
[        ] Skipping task ':flutter_olm:assembleDebug' as it has no actions.
[        ] Resolve mutations for :flutter_openssl_crypto:stripDebugDebugSymbols (Thread[#44856,Execution worker Thread 19,5,main]) started.
[        ] :flutter_openssl_crypto:stripDebugDebugSymbols (Thread[#44856,Execution worker Thread 19,5,main]) started.
[        ] > Task :flutter_openssl_crypto:stripDebugDebugSymbols UP-TO-DATE
[        ] Caching disabled for task ':flutter_openssl_crypto:stripDebugDebugSymbols' because:
[        ]   Build cache is disabled
[        ]   Caching has been disabled for the task
[        ] Skipping task ':flutter_openssl_crypto:stripDebugDebugSymbols' as it is up-to-date.
[        ] Resolve mutations for :flutter_openssl_crypto:copyDebugJniLibsProjectAndLocalJars (Thread[#44856,Execution worker Thread 19,5,main]) started.
[        ] :flutter_openssl_crypto:copyDebugJniLibsProjectAndLocalJars (Thread[#44856,Execution worker Thread 19,5,main]) started.
[        ] > Task :flutter_openssl_crypto:copyDebugJniLibsProjectAndLocalJars UP-TO-DATE
[        ] Caching disabled for task ':flutter_openssl_crypto:copyDebugJniLibsProjectAndLocalJars' because:
[        ]   Build cache is disabled
[        ]   Caching has been disabled for the task
[        ] Skipping task ':flutter_openssl_crypto:copyDebugJniLibsProjectAndLocalJars' as it is up-to-date.
[        ] Resolve mutations for :flutter_openssl_crypto:extractDebugAnnotations (Thread[#44856,Execution worker Thread 19,5,main]) started.
[        ] :flutter_openssl_crypto:extractDebugAnnotations (Thread[#44856,Execution worker Thread 19,5,main]) started.
[        ] > Task :flutter_openssl_crypto:extractDebugAnnotations UP-TO-DATE
[        ] Caching disabled for task ':flutter_openssl_crypto:extractDebugAnnotations' because:
[        ]   Build cache is disabled
[        ] Skipping task ':flutter_openssl_crypto:extractDebugAnnotations' as it is up-to-date.
[        ] Resolve mutations for :flutter_openssl_crypto:extractDeepLinksForAarDebug (Thread[#44856,Execution worker Thread 19,5,main]) started.
[        ] :flutter_openssl_crypto:extractDeepLinksForAarDebug (Thread[#44856,Execution worker Thread 19,5,main]) started.
[        ] > Task :flutter_openssl_crypto:extractDeepLinksForAarDebug UP-TO-DATE
[        ] Caching disabled for task ':flutter_openssl_crypto:extractDeepLinksForAarDebug' because:
[        ]   Build cache is disabled
[        ] Skipping task ':flutter_openssl_crypto:extractDeepLinksForAarDebug' as it is up-to-date.
[        ] Resolve mutations for :flutter_openssl_crypto:mergeDebugGeneratedProguardFiles (Thread[#44856,Execution worker Thread 19,5,main]) started.
[        ] :flutter_openssl_crypto:mergeDebugGeneratedProguardFiles (Thread[#44856,Execution worker Thread 19,5,main]) started.
[        ] > Task :flutter_openssl_crypto:mergeDebugGeneratedProguardFiles UP-TO-DATE
[        ] Caching disabled for task ':flutter_openssl_crypto:mergeDebugGeneratedProguardFiles' because:
[        ]   Build cache is disabled
[        ]   Simple merging task
[        ] Skipping task ':flutter_openssl_crypto:mergeDebugGeneratedProguardFiles' as it is up-to-date.
[        ] Resolve mutations for :flutter_openssl_crypto:mergeDebugConsumerProguardFiles (Thread[#44856,Execution worker Thread 19,5,main]) started.
[        ] :flutter_openssl_crypto:mergeDebugConsumerProguardFiles (Thread[#44856,Execution worker Thread 19,5,main]) started.
[        ] > Task :flutter_openssl_crypto:mergeDebugConsumerProguardFiles UP-TO-DATE
[        ] Caching disabled for task ':flutter_openssl_crypto:mergeDebugConsumerProguardFiles' because:
[        ]   Build cache is disabled
[        ]   Simple merging task
[        ] Skipping task ':flutter_openssl_crypto:mergeDebugConsumerProguardFiles' as it is up-to-date.
[        ] Resolve mutations for :flutter_openssl_crypto:prepareDebugArtProfile (Thread[#44856,Execution worker Thread 19,5,main]) started.
[        ] :flutter_openssl_crypto:prepareDebugArtProfile (Thread[#44856,Execution worker Thread 19,5,main]) started.
[        ] > Task :flutter_openssl_crypto:prepareDebugArtProfile UP-TO-DATE
[        ] Caching disabled for task ':flutter_openssl_crypto:prepareDebugArtProfile' because:
[        ]   Build cache is disabled
[        ]   Caching has been disabled for the task
[        ] Skipping task ':flutter_openssl_crypto:prepareDebugArtProfile' as it is up-to-date.
[        ] Resolve mutations for :flutter_openssl_crypto:prepareLintJarForPublish (Thread[#44856,Execution worker Thread 19,5,main]) started.
[        ] :flutter_openssl_crypto:prepareLintJarForPublish (Thread[#44856,Execution worker Thread 19,5,main]) started.
[        ] > Task :flutter_openssl_crypto:prepareLintJarForPublish UP-TO-DATE
[        ] Caching disabled for task ':flutter_openssl_crypto:prepareLintJarForPublish' because:
[        ]   Build cache is disabled
[        ]   Caching has been disabled for the task
[        ] Skipping task ':flutter_openssl_crypto:prepareLintJarForPublish' as it is up-to-date.
[        ] Resolve mutations for :flutter_openssl_crypto:mergeDebugJavaResource (Thread[#44856,Execution worker Thread 19,5,main]) started.
[        ] :flutter_openssl_crypto:mergeDebugJavaResource (Thread[#44856,Execution worker Thread 19,5,main]) started.
[        ] > Task :flutter_openssl_crypto:mergeDebugJavaResource UP-TO-DATE
[        ] Caching disabled for task ':flutter_openssl_crypto:mergeDebugJavaResource' because:
[        ]   Build cache is disabled
[        ]   Caching has been disabled for the task
[        ] Skipping task ':flutter_openssl_crypto:mergeDebugJavaResource' as it is up-to-date.
[        ] Resolve mutations for :flutter_openssl_crypto:syncDebugLibJars (Thread[#44856,Execution worker Thread 19,5,main]) started.
[        ] :flutter_openssl_crypto:syncDebugLibJars (Thread[#44856,Execution worker Thread 19,5,main]) started.
[        ] > Task :flutter_openssl_crypto:syncDebugLibJars UP-TO-DATE
[        ] Caching disabled for task ':flutter_openssl_crypto:syncDebugLibJars' because:
[        ]   Build cache is disabled
[        ] Skipping task ':flutter_openssl_crypto:syncDebugLibJars' as it is up-to-date.
[        ] Resolve mutations for :flutter_openssl_crypto:bundleDebugAar (Thread[#44856,Execution worker Thread 19,5,main]) started.
[        ] :flutter_openssl_crypto:bundleDebugAar (Thread[#44856,Execution worker Thread 19,5,main]) started.
[        ] > Task :flutter_openssl_crypto:bundleDebugAar UP-TO-DATE
[        ] Caching disabled for task ':flutter_openssl_crypto:bundleDebugAar' because:
[        ]   Build cache is disabled
[        ]   Caching has been disabled for the task
[        ] Skipping task ':flutter_openssl_crypto:bundleDebugAar' as it is up-to-date.
[        ] Resolve mutations for :flutter_openssl_crypto:assembleDebug (Thread[#44856,Execution worker Thread 19,5,main]) started.
[        ] :flutter_openssl_crypto:assembleDebug (Thread[#44856,Execution worker Thread 19,5,main]) started.
[        ] > Task :flutter_openssl_crypto:assembleDebug UP-TO-DATE
[        ] Skipping task ':flutter_openssl_crypto:assembleDebug' as it has no actions.
[        ] Resolve mutations for :integration_test:stripDebugDebugSymbols (Thread[#44856,Execution worker Thread 19,5,main]) started.
[        ] :integration_test:stripDebugDebugSymbols (Thread[#44856,Execution worker Thread 19,5,main]) started.
[        ] > Task :integration_test:stripDebugDebugSymbols NO-SOURCE
[        ] Skipping task ':integration_test:stripDebugDebugSymbols' as it has no source files and no previous output files.
[        ] Resolve mutations for :integration_test:copyDebugJniLibsProjectAndLocalJars (Thread[#44856,Execution worker Thread 19,5,main]) started.
[        ] :integration_test:copyDebugJniLibsProjectAndLocalJars (Thread[#44856,Execution worker Thread 19,5,main]) started.
[        ] > Task :integration_test:copyDebugJniLibsProjectAndLocalJars UP-TO-DATE
[        ] Caching disabled for task ':integration_test:copyDebugJniLibsProjectAndLocalJars' because:
[        ]   Build cache is disabled
[        ]   Caching has been disabled for the task
[        ] Skipping task ':integration_test:copyDebugJniLibsProjectAndLocalJars' as it is up-to-date.
[        ] Resolve mutations for :integration_test:extractDebugAnnotations (Thread[#44856,Execution worker Thread 19,5,main]) started.
[        ] :integration_test:extractDebugAnnotations (Thread[#44856,Execution worker Thread 19,5,main]) started.
[        ] > Task :integration_test:extractDebugAnnotations UP-TO-DATE
[        ] Caching disabled for task ':integration_test:extractDebugAnnotations' because:
[        ]   Build cache is disabled
[        ] Skipping task ':integration_test:extractDebugAnnotations' as it is up-to-date.
[        ] Resolve mutations for :integration_test:extractDeepLinksForAarDebug (Thread[#44856,Execution worker Thread 19,5,main]) started.
[        ] :integration_test:extractDeepLinksForAarDebug (Thread[#44856,Execution worker Thread 19,5,main]) started.
[        ] > Task :integration_test:extractDeepLinksForAarDebug UP-TO-DATE
[        ] Caching disabled for task ':integration_test:extractDeepLinksForAarDebug' because:
[        ]   Build cache is disabled
[        ] Skipping task ':integration_test:extractDeepLinksForAarDebug' as it is up-to-date.
[        ] Resolve mutations for :integration_test:mergeDebugGeneratedProguardFiles (Thread[#44856,Execution worker Thread 19,5,main]) started.
[        ] :integration_test:mergeDebugGeneratedProguardFiles (Thread[#44856,Execution worker Thread 19,5,main]) started.
[        ] > Task :integration_test:mergeDebugGeneratedProguardFiles UP-TO-DATE
[        ] Caching disabled for task ':integration_test:mergeDebugGeneratedProguardFiles' because:
[        ]   Build cache is disabled
[        ]   Simple merging task
[        ] Skipping task ':integration_test:mergeDebugGeneratedProguardFiles' as it is up-to-date.
[        ] Resolve mutations for :integration_test:mergeDebugConsumerProguardFiles (Thread[#44856,Execution worker Thread 19,5,main]) started.
[        ] :integration_test:mergeDebugConsumerProguardFiles (Thread[#44856,Execution worker Thread 19,5,main]) started.
[        ] > Task :integration_test:mergeDebugConsumerProguardFiles UP-TO-DATE
[        ] Caching disabled for task ':integration_test:mergeDebugConsumerProguardFiles' because:
[        ]   Build cache is disabled
[        ]   Simple merging task
[        ] Skipping task ':integration_test:mergeDebugConsumerProguardFiles' as it is up-to-date.
[        ] Resolve mutations for :integration_test:prepareDebugArtProfile (Thread[#44856,Execution worker Thread 19,5,main]) started.
[        ] :integration_test:prepareDebugArtProfile (Thread[#44856,Execution worker Thread 19,5,main]) started.
[        ] > Task :integration_test:prepareDebugArtProfile UP-TO-DATE
[        ] Caching disabled for task ':integration_test:prepareDebugArtProfile' because:
[        ]   Build cache is disabled
[        ]   Caching has been disabled for the task
[        ] Skipping task ':integration_test:prepareDebugArtProfile' as it is up-to-date.
[        ] Resolve mutations for :integration_test:prepareLintJarForPublish (Thread[#44856,Execution worker Thread 19,5,main]) started.
[        ] :integration_test:prepareLintJarForPublish (Thread[#44856,Execution worker Thread 19,5,main]) started.
[        ] > Task :integration_test:prepareLintJarForPublish UP-TO-DATE
[        ] Caching disabled for task ':integration_test:prepareLintJarForPublish' because:
[        ]   Build cache is disabled
[        ]   Caching has been disabled for the task
[        ] Skipping task ':integration_test:prepareLintJarForPublish' as it is up-to-date.
[        ] Resolve mutations for :integration_test:mergeDebugJavaResource (Thread[#44856,Execution worker Thread 19,5,main]) started.
[        ] :integration_test:mergeDebugJavaResource (Thread[#44856,Execution worker Thread 19,5,main]) started.
[        ] > Task :integration_test:mergeDebugJavaResource UP-TO-DATE
[        ] Caching disabled for task ':integration_test:mergeDebugJavaResource' because:
[        ]   Build cache is disabled
[        ]   Caching has been disabled for the task
[        ] Skipping task ':integration_test:mergeDebugJavaResource' as it is up-to-date.
[        ] Resolve mutations for :integration_test:syncDebugLibJars (Thread[#44856,Execution worker Thread 19,5,main]) started.
[        ] :integration_test:syncDebugLibJars (Thread[#44856,Execution worker Thread 19,5,main]) started.
[        ] > Task :integration_test:syncDebugLibJars UP-TO-DATE
[        ] Caching disabled for task ':integration_test:syncDebugLibJars' because:
[        ]   Build cache is disabled
[        ] Skipping task ':integration_test:syncDebugLibJars' as it is up-to-date.
[        ] Resolve mutations for :integration_test:bundleDebugAar (Thread[#44856,Execution worker Thread 19,5,main]) started.
[        ] :integration_test:bundleDebugAar (Thread[#44856,Execution worker Thread 19,5,main]) started.
[        ] > Task :integration_test:bundleDebugAar UP-TO-DATE
[        ] Caching disabled for task ':integration_test:bundleDebugAar' because:
[        ]   Build cache is disabled
[        ]   Caching has been disabled for the task
[        ] Skipping task ':integration_test:bundleDebugAar' as it is up-to-date.
[        ] Resolve mutations for :integration_test:assembleDebug (Thread[#44856,Execution worker Thread 19,5,main]) started.
[        ] :integration_test:assembleDebug (Thread[#44856,Execution worker Thread 19,5,main]) started.
[        ] > Task :integration_test:assembleDebug UP-TO-DATE
[        ] Skipping task ':integration_test:assembleDebug' as it has no actions.
[        ] Resolve mutations for :path_provider_android:stripDebugDebugSymbols (Thread[#44856,Execution worker Thread 19,5,main]) started.
[        ] :path_provider_android:stripDebugDebugSymbols (Thread[#44856,Execution worker Thread 19,5,main]) started.
[        ] > Task :path_provider_android:stripDebugDebugSymbols NO-SOURCE
[        ] Skipping task ':path_provider_android:stripDebugDebugSymbols' as it has no source files and no previous output files.
[        ] Resolve mutations for :path_provider_android:copyDebugJniLibsProjectAndLocalJars (Thread[#44856,Execution worker Thread 19,5,main]) started.
[        ] :path_provider_android:copyDebugJniLibsProjectAndLocalJars (Thread[#44856,Execution worker Thread 19,5,main]) started.
[        ] > Task :path_provider_android:copyDebugJniLibsProjectAndLocalJars UP-TO-DATE
[        ] Caching disabled for task ':path_provider_android:copyDebugJniLibsProjectAndLocalJars' because:
[        ]   Build cache is disabled
[        ]   Caching has been disabled for the task
[        ] Skipping task ':path_provider_android:copyDebugJniLibsProjectAndLocalJars' as it is up-to-date.
[        ] Resolve mutations for :path_provider_android:extractDebugAnnotations (Thread[#44856,Execution worker Thread 19,5,main]) started.
[        ] :path_provider_android:extractDebugAnnotations (Thread[#44856,Execution worker Thread 19,5,main]) started.
[        ] > Task :path_provider_android:extractDebugAnnotations UP-TO-DATE
[        ] Caching disabled for task ':path_provider_android:extractDebugAnnotations' because:
[        ]   Build cache is disabled
[        ] Skipping task ':path_provider_android:extractDebugAnnotations' as it is up-to-date.
[        ] Resolve mutations for :path_provider_android:extractDeepLinksForAarDebug (Thread[#44856,Execution worker Thread 19,5,main]) started.
[        ] :path_provider_android:extractDeepLinksForAarDebug (Thread[#44856,Execution worker Thread 19,5,main]) started.
[        ] > Task :path_provider_android:extractDeepLinksForAarDebug UP-TO-DATE
[        ] Caching disabled for task ':path_provider_android:extractDeepLinksForAarDebug' because:
[        ]   Build cache is disabled
[        ] Skipping task ':path_provider_android:extractDeepLinksForAarDebug' as it is up-to-date.
[        ] Resolve mutations for :path_provider_android:mergeDebugGeneratedProguardFiles (Thread[#44856,Execution worker Thread 19,5,main]) started.
[        ] :path_provider_android:mergeDebugGeneratedProguardFiles (Thread[#44856,Execution worker Thread 19,5,main]) started.
[        ] > Task :path_provider_android:mergeDebugGeneratedProguardFiles UP-TO-DATE
[        ] Caching disabled for task ':path_provider_android:mergeDebugGeneratedProguardFiles' because:
[        ]   Build cache is disabled
[        ]   Simple merging task
[        ] Skipping task ':path_provider_android:mergeDebugGeneratedProguardFiles' as it is up-to-date.
[        ] Resolve mutations for :path_provider_android:mergeDebugConsumerProguardFiles (Thread[#44856,Execution worker Thread 19,5,main]) started.
[        ] :path_provider_android:mergeDebugConsumerProguardFiles (Thread[#44856,Execution worker Thread 19,5,main]) started.
[        ] > Task :path_provider_android:mergeDebugConsumerProguardFiles UP-TO-DATE
[        ] Caching disabled for task ':path_provider_android:mergeDebugConsumerProguardFiles' because:
[        ]   Build cache is disabled
[        ]   Simple merging task
[        ] Skipping task ':path_provider_android:mergeDebugConsumerProguardFiles' as it is up-to-date.
[        ] Resolve mutations for :path_provider_android:prepareDebugArtProfile (Thread[#44856,Execution worker Thread 19,5,main]) started.
[        ] :path_provider_android:prepareDebugArtProfile (Thread[#44856,Execution worker Thread 19,5,main]) started.
[        ] > Task :path_provider_android:prepareDebugArtProfile UP-TO-DATE
[        ] Caching disabled for task ':path_provider_android:prepareDebugArtProfile' because:
[        ]   Build cache is disabled
[        ]   Caching has been disabled for the task
[        ] Skipping task ':path_provider_android:prepareDebugArtProfile' as it is up-to-date.
[        ] Resolve mutations for :path_provider_android:prepareLintJarForPublish (Thread[#44856,Execution worker Thread 19,5,main]) started.
[        ] :path_provider_android:prepareLintJarForPublish (Thread[#44856,Execution worker Thread 19,5,main]) started.
[        ] > Task :path_provider_android:prepareLintJarForPublish UP-TO-DATE
[        ] Caching disabled for task ':path_provider_android:prepareLintJarForPublish' because:
[        ]   Build cache is disabled
[        ]   Caching has been disabled for the task
[        ] Skipping task ':path_provider_android:prepareLintJarForPublish' as it is up-to-date.
[        ] Resolve mutations for :path_provider_android:mergeDebugJavaResource (Thread[#44856,Execution worker Thread 19,5,main]) started.
[        ] :path_provider_android:mergeDebugJavaResource (Thread[#44856,Execution worker Thread 19,5,main]) started.
[        ] > Task :path_provider_android:mergeDebugJavaResource UP-TO-DATE
[        ] Caching disabled for task ':path_provider_android:mergeDebugJavaResource' because:
[        ]   Build cache is disabled
[        ]   Caching has been disabled for the task
[        ] Skipping task ':path_provider_android:mergeDebugJavaResource' as it is up-to-date.
[        ] Resolve mutations for :path_provider_android:syncDebugLibJars (Thread[#44856,Execution worker Thread 19,5,main]) started.
[        ] :path_provider_android:syncDebugLibJars (Thread[#44856,Execution worker Thread 19,5,main]) started.
[        ] > Task :path_provider_android:syncDebugLibJars UP-TO-DATE
[        ] Caching disabled for task ':path_provider_android:syncDebugLibJars' because:
[        ]   Build cache is disabled
[        ] Skipping task ':path_provider_android:syncDebugLibJars' as it is up-to-date.
[        ] Resolve mutations for :path_provider_android:bundleDebugAar (Thread[#44856,Execution worker Thread 19,5,main]) started.
[        ] :path_provider_android:bundleDebugAar (Thread[#44856,Execution worker Thread 19,5,main]) started.
[        ] > Task :path_provider_android:bundleDebugAar UP-TO-DATE
[        ] Caching disabled for task ':path_provider_android:bundleDebugAar' because:
[        ]   Build cache is disabled
[        ]   Caching has been disabled for the task
[        ] Skipping task ':path_provider_android:bundleDebugAar' as it is up-to-date.
[        ] Resolve mutations for :path_provider_android:assembleDebug (Thread[#44856,Execution worker Thread 19,5,main]) started.
[        ] :path_provider_android:assembleDebug (Thread[#44856,Execution worker Thread 19,5,main]) started.
[        ] > Task :path_provider_android:assembleDebug UP-TO-DATE
[        ] Skipping task ':path_provider_android:assembleDebug' as it has no actions.
[        ] Resolve mutations for :quill_native_bridge_android:stripDebugDebugSymbols (Thread[#44856,Execution worker Thread 19,5,main]) started.
[        ] :quill_native_bridge_android:stripDebugDebugSymbols (Thread[#44856,Execution worker Thread 19,5,main]) started.
[        ] > Task :quill_native_bridge_android:stripDebugDebugSymbols NO-SOURCE
[        ] Skipping task ':quill_native_bridge_android:stripDebugDebugSymbols' as it has no source files and no previous output files.
[        ] Resolve mutations for :quill_native_bridge_android:copyDebugJniLibsProjectAndLocalJars (Thread[#44856,Execution worker Thread 19,5,main]) started.
[        ] :quill_native_bridge_android:copyDebugJniLibsProjectAndLocalJars (Thread[#44856,Execution worker Thread 19,5,main]) started.
[        ] > Task :quill_native_bridge_android:copyDebugJniLibsProjectAndLocalJars UP-TO-DATE
[        ] Caching disabled for task ':quill_native_bridge_android:copyDebugJniLibsProjectAndLocalJars' because:
[        ]   Build cache is disabled
[        ]   Caching has been disabled for the task
[        ] Skipping task ':quill_native_bridge_android:copyDebugJniLibsProjectAndLocalJars' as it is up-to-date.
[        ] Resolve mutations for :quill_native_bridge_android:extractDebugAnnotations (Thread[#44856,Execution worker Thread 19,5,main]) started.
[        ] :quill_native_bridge_android:extractDebugAnnotations (Thread[#44856,Execution worker Thread 19,5,main]) started.
[        ] > Task :quill_native_bridge_android:extractDebugAnnotations UP-TO-DATE
[        ] Caching disabled for task ':quill_native_bridge_android:extractDebugAnnotations' because:
[        ]   Build cache is disabled
[        ] Skipping task ':quill_native_bridge_android:extractDebugAnnotations' as it is up-to-date.
[        ] Resolve mutations for :quill_native_bridge_android:extractDeepLinksForAarDebug (Thread[#44856,Execution worker Thread 19,5,main]) started.
[        ] :quill_native_bridge_android:extractDeepLinksForAarDebug (Thread[#44856,Execution worker Thread 19,5,main]) started.
[        ] > Task :quill_native_bridge_android:extractDeepLinksForAarDebug UP-TO-DATE
[        ] Caching disabled for task ':quill_native_bridge_android:extractDeepLinksForAarDebug' because:
[        ]   Build cache is disabled
[        ] Skipping task ':quill_native_bridge_android:extractDeepLinksForAarDebug' as it is up-to-date.
[        ] Resolve mutations for :quill_native_bridge_android:mergeDebugGeneratedProguardFiles (Thread[#44856,Execution worker Thread 19,5,main]) started.
[        ] :quill_native_bridge_android:mergeDebugGeneratedProguardFiles (Thread[#44856,Execution worker Thread 19,5,main]) started.
[        ] > Task :quill_native_bridge_android:mergeDebugGeneratedProguardFiles UP-TO-DATE
[        ] Caching disabled for task ':quill_native_bridge_android:mergeDebugGeneratedProguardFiles' because:
[        ]   Build cache is disabled
[        ]   Simple merging task
[        ] Skipping task ':quill_native_bridge_android:mergeDebugGeneratedProguardFiles' as it is up-to-date.
[        ] Resolve mutations for :quill_native_bridge_android:mergeDebugConsumerProguardFiles (Thread[#44856,Execution worker Thread 19,5,main]) started.
[        ] :quill_native_bridge_android:mergeDebugConsumerProguardFiles (Thread[#44856,Execution worker Thread 19,5,main]) started.
[        ] > Task :quill_native_bridge_android:mergeDebugConsumerProguardFiles UP-TO-DATE
[        ] Caching disabled for task ':quill_native_bridge_android:mergeDebugConsumerProguardFiles' because:
[        ]   Build cache is disabled
[        ]   Simple merging task
[        ] Skipping task ':quill_native_bridge_android:mergeDebugConsumerProguardFiles' as it is up-to-date.
[        ] Resolve mutations for :quill_native_bridge_android:prepareDebugArtProfile (Thread[#44856,Execution worker Thread 19,5,main]) started.
[        ] :quill_native_bridge_android:prepareDebugArtProfile (Thread[#44856,Execution worker Thread 19,5,main]) started.
[        ] > Task :quill_native_bridge_android:prepareDebugArtProfile UP-TO-DATE
[        ] Caching disabled for task ':quill_native_bridge_android:prepareDebugArtProfile' because:
[        ]   Build cache is disabled
[        ]   Caching has been disabled for the task
[        ] Skipping task ':quill_native_bridge_android:prepareDebugArtProfile' as it is up-to-date.
[        ] Resolve mutations for :quill_native_bridge_android:prepareLintJarForPublish (Thread[#44856,Execution worker Thread 19,5,main]) started.
[        ] :quill_native_bridge_android:prepareLintJarForPublish (Thread[#44856,Execution worker Thread 19,5,main]) started.
[        ] > Task :quill_native_bridge_android:prepareLintJarForPublish UP-TO-DATE
[        ] Caching disabled for task ':quill_native_bridge_android:prepareLintJarForPublish' because:
[        ]   Build cache is disabled
[        ]   Caching has been disabled for the task
[        ] Skipping task ':quill_native_bridge_android:prepareLintJarForPublish' as it is up-to-date.
[        ] Resolve mutations for :quill_native_bridge_android:mergeDebugJavaResource (Thread[#44856,Execution worker Thread 19,5,main]) started.
[        ] :quill_native_bridge_android:mergeDebugJavaResource (Thread[#44856,Execution worker Thread 19,5,main]) started.
[        ] > Task :quill_native_bridge_android:mergeDebugJavaResource UP-TO-DATE
[        ] Caching disabled for task ':quill_native_bridge_android:mergeDebugJavaResource' because:
[        ]   Build cache is disabled
[        ]   Caching has been disabled for the task
[        ] Skipping task ':quill_native_bridge_android:mergeDebugJavaResource' as it is up-to-date.
[        ] Resolve mutations for :quill_native_bridge_android:syncDebugLibJars (Thread[#44856,Execution worker Thread 19,5,main]) started.
[        ] :quill_native_bridge_android:syncDebugLibJars (Thread[#44856,Execution worker Thread 19,5,main]) started.
[        ] > Task :quill_native_bridge_android:syncDebugLibJars UP-TO-DATE
[        ] Caching disabled for task ':quill_native_bridge_android:syncDebugLibJars' because:
[        ]   Build cache is disabled
[        ] Skipping task ':quill_native_bridge_android:syncDebugLibJars' as it is up-to-date.
[        ] Resolve mutations for :quill_native_bridge_android:bundleDebugAar (Thread[#44856,Execution worker Thread 19,5,main]) started.
[        ] :quill_native_bridge_android:bundleDebugAar (Thread[#44856,Execution worker Thread 19,5,main]) started.
[        ] > Task :quill_native_bridge_android:bundleDebugAar UP-TO-DATE
[        ] Caching disabled for task ':quill_native_bridge_android:bundleDebugAar' because:
[        ]   Build cache is disabled
[        ]   Caching has been disabled for the task
[        ] Skipping task ':quill_native_bridge_android:bundleDebugAar' as it is up-to-date.
[        ] Resolve mutations for :quill_native_bridge_android:assembleDebug (Thread[#44856,Execution worker Thread 19,5,main]) started.
[        ] :quill_native_bridge_android:assembleDebug (Thread[#44856,Execution worker Thread 19,5,main]) started.
[        ] > Task :quill_native_bridge_android:assembleDebug UP-TO-DATE
[        ] Skipping task ':quill_native_bridge_android:assembleDebug' as it has no actions.
[        ] Resolve mutations for :shared_preferences_android:stripDebugDebugSymbols (Thread[#44856,Execution worker Thread 19,5,main]) started.
[        ] :shared_preferences_android:stripDebugDebugSymbols (Thread[#44856,Execution worker Thread 19,5,main]) started.
[        ] > Task :shared_preferences_android:stripDebugDebugSymbols NO-SOURCE
[        ] Skipping task ':shared_preferences_android:stripDebugDebugSymbols' as it has no source files and no previous output files.
[        ] Resolve mutations for :shared_preferences_android:copyDebugJniLibsProjectAndLocalJars (Thread[#44856,Execution worker Thread 19,5,main]) started.
[        ] :shared_preferences_android:copyDebugJniLibsProjectAndLocalJars (Thread[#44856,Execution worker Thread 19,5,main]) started.
[        ] > Task :shared_preferences_android:copyDebugJniLibsProjectAndLocalJars UP-TO-DATE
[        ] Caching disabled for task ':shared_preferences_android:copyDebugJniLibsProjectAndLocalJars' because:
[        ]   Build cache is disabled
[        ]   Caching has been disabled for the task
[        ] Skipping task ':shared_preferences_android:copyDebugJniLibsProjectAndLocalJars' as it is up-to-date.
[        ] Resolve mutations for :shared_preferences_android:extractDebugAnnotations (Thread[#44856,Execution worker Thread 19,5,main]) started.
[        ] :shared_preferences_android:extractDebugAnnotations (Thread[#44856,Execution worker Thread 19,5,main]) started.
[        ] > Task :shared_preferences_android:extractDebugAnnotations UP-TO-DATE
[        ] Caching disabled for task ':shared_preferences_android:extractDebugAnnotations' because:
[        ]   Build cache is disabled
[        ] Skipping task ':shared_preferences_android:extractDebugAnnotations' as it is up-to-date.
[        ] Resolve mutations for :shared_preferences_android:extractDeepLinksForAarDebug (Thread[#44856,Execution worker Thread 19,5,main]) started.
[        ] :shared_preferences_android:extractDeepLinksForAarDebug (Thread[#44856,Execution worker Thread 19,5,main]) started.
[        ] > Task :shared_preferences_android:extractDeepLinksForAarDebug UP-TO-DATE
[        ] Caching disabled for task ':shared_preferences_android:extractDeepLinksForAarDebug' because:
[        ]   Build cache is disabled
[        ] Skipping task ':shared_preferences_android:extractDeepLinksForAarDebug' as it is up-to-date.
[        ] Resolve mutations for :shared_preferences_android:mergeDebugGeneratedProguardFiles (Thread[#44856,Execution worker Thread 19,5,main]) started.
[        ] :shared_preferences_android:mergeDebugGeneratedProguardFiles (Thread[#44856,Execution worker Thread 19,5,main]) started.
[        ] > Task :shared_preferences_android:mergeDebugGeneratedProguardFiles UP-TO-DATE
[        ] Caching disabled for task ':shared_preferences_android:mergeDebugGeneratedProguardFiles' because:
[        ]   Build cache is disabled
[        ]   Simple merging task
[        ] Skipping task ':shared_preferences_android:mergeDebugGeneratedProguardFiles' as it is up-to-date.
[        ] Resolve mutations for :shared_preferences_android:mergeDebugConsumerProguardFiles (Thread[#44856,Execution worker Thread 19,5,main]) started.
[        ] :shared_preferences_android:mergeDebugConsumerProguardFiles (Thread[#44856,Execution worker Thread 19,5,main]) started.
[        ] > Task :shared_preferences_android:mergeDebugConsumerProguardFiles UP-TO-DATE
[        ] Caching disabled for task ':shared_preferences_android:mergeDebugConsumerProguardFiles' because:
[        ]   Build cache is disabled
[        ]   Simple merging task
[        ] Skipping task ':shared_preferences_android:mergeDebugConsumerProguardFiles' as it is up-to-date.
[        ] Resolve mutations for :shared_preferences_android:prepareDebugArtProfile (Thread[#44856,Execution worker Thread 19,5,main]) started.
[        ] :shared_preferences_android:prepareDebugArtProfile (Thread[#44856,Execution worker Thread 19,5,main]) started.
[        ] > Task :shared_preferences_android:prepareDebugArtProfile UP-TO-DATE
[        ] Caching disabled for task ':shared_preferences_android:prepareDebugArtProfile' because:
[        ]   Build cache is disabled
[        ]   Caching has been disabled for the task
[        ] Skipping task ':shared_preferences_android:prepareDebugArtProfile' as it is up-to-date.
[        ] Resolve mutations for :shared_preferences_android:prepareLintJarForPublish (Thread[#44856,Execution worker Thread 19,5,main]) started.
[        ] :shared_preferences_android:prepareLintJarForPublish (Thread[#44856,Execution worker Thread 19,5,main]) started.
[        ] > Task :shared_preferences_android:prepareLintJarForPublish UP-TO-DATE
[        ] Caching disabled for task ':shared_preferences_android:prepareLintJarForPublish' because:
[        ]   Build cache is disabled
[        ]   Caching has been disabled for the task
[        ] Skipping task ':shared_preferences_android:prepareLintJarForPublish' as it is up-to-date.
[        ] Resolve mutations for :shared_preferences_android:mergeDebugJavaResource (Thread[#44856,Execution worker Thread 19,5,main]) started.
[        ] :shared_preferences_android:mergeDebugJavaResource (Thread[#44856,Execution worker Thread 19,5,main]) started.
[        ] > Task :shared_preferences_android:mergeDebugJavaResource UP-TO-DATE
[        ] Caching disabled for task ':shared_preferences_android:mergeDebugJavaResource' because:
[        ]   Build cache is disabled
[        ]   Caching has been disabled for the task
[        ] Skipping task ':shared_preferences_android:mergeDebugJavaResource' as it is up-to-date.
[        ] Resolve mutations for :shared_preferences_android:syncDebugLibJars (Thread[#44856,Execution worker Thread 19,5,main]) started.
[        ] :shared_preferences_android:syncDebugLibJars (Thread[#44856,Execution worker Thread 19,5,main]) started.
[        ] > Task :shared_preferences_android:syncDebugLibJars UP-TO-DATE
[        ] Caching disabled for task ':shared_preferences_android:syncDebugLibJars' because:
[        ]   Build cache is disabled
[        ] Skipping task ':shared_preferences_android:syncDebugLibJars' as it is up-to-date.
[        ] Resolve mutations for :shared_preferences_android:bundleDebugAar (Thread[#44856,Execution worker Thread 19,5,main]) started.
[        ] :shared_preferences_android:bundleDebugAar (Thread[#44856,Execution worker Thread 19,5,main]) started.
[        ] > Task :shared_preferences_android:bundleDebugAar UP-TO-DATE
[        ] Caching disabled for task ':shared_preferences_android:bundleDebugAar' because:
[        ]   Build cache is disabled
[        ]   Caching has been disabled for the task
[        ] Skipping task ':shared_preferences_android:bundleDebugAar' as it is up-to-date.
[        ] Resolve mutations for :shared_preferences_android:assembleDebug (Thread[#44856,Execution worker Thread 19,5,main]) started.
[        ] :shared_preferences_android:assembleDebug (Thread[#44856,Execution worker Thread 19,5,main]) started.
[        ] > Task :shared_preferences_android:assembleDebug UP-TO-DATE
[        ] Skipping task ':shared_preferences_android:assembleDebug' as it has no actions.
[        ] Resolve mutations for :sqflite_android:stripDebugDebugSymbols (Thread[#44856,Execution worker Thread 19,5,main]) started.
[        ] :sqflite_android:stripDebugDebugSymbols (Thread[#44856,Execution worker Thread 19,5,main]) started.
[        ] > Task :sqflite_android:stripDebugDebugSymbols NO-SOURCE
[        ] Skipping task ':sqflite_android:stripDebugDebugSymbols' as it has no source files and no previous output files.
[        ] Resolve mutations for :sqflite_android:copyDebugJniLibsProjectAndLocalJars (Thread[#44856,Execution worker Thread 19,5,main]) started.
[        ] :sqflite_android:copyDebugJniLibsProjectAndLocalJars (Thread[#44856,Execution worker Thread 19,5,main]) started.
[        ] > Task :sqflite_android:copyDebugJniLibsProjectAndLocalJars UP-TO-DATE
[        ] Caching disabled for task ':sqflite_android:copyDebugJniLibsProjectAndLocalJars' because:
[        ]   Build cache is disabled
[        ]   Caching has been disabled for the task
[        ] Skipping task ':sqflite_android:copyDebugJniLibsProjectAndLocalJars' as it is up-to-date.
[        ] Resolve mutations for :sqflite_android:extractDebugAnnotations (Thread[#44856,Execution worker Thread 19,5,main]) started.
[        ] :sqflite_android:extractDebugAnnotations (Thread[#44856,Execution worker Thread 19,5,main]) started.
[        ] > Task :sqflite_android:extractDebugAnnotations UP-TO-DATE
[        ] Caching disabled for task ':sqflite_android:extractDebugAnnotations' because:
[        ]   Build cache is disabled
[        ] Skipping task ':sqflite_android:extractDebugAnnotations' as it is up-to-date.
[        ] Resolve mutations for :sqflite_android:extractDeepLinksForAarDebug (Thread[#44856,Execution worker Thread 19,5,main]) started.
[        ] :sqflite_android:extractDeepLinksForAarDebug (Thread[#44856,Execution worker Thread 19,5,main]) started.
[        ] > Task :sqflite_android:extractDeepLinksForAarDebug UP-TO-DATE
[        ] Caching disabled for task ':sqflite_android:extractDeepLinksForAarDebug' because:
[        ]   Build cache is disabled
[        ] Skipping task ':sqflite_android:extractDeepLinksForAarDebug' as it is up-to-date.
[        ] Resolve mutations for :sqflite_android:mergeDebugGeneratedProguardFiles (Thread[#44856,Execution worker Thread 19,5,main]) started.
[        ] :sqflite_android:mergeDebugGeneratedProguardFiles (Thread[#44856,Execution worker Thread 19,5,main]) started.
[        ] > Task :sqflite_android:mergeDebugGeneratedProguardFiles UP-TO-DATE
[        ] Caching disabled for task ':sqflite_android:mergeDebugGeneratedProguardFiles' because:
[        ]   Build cache is disabled
[        ]   Simple merging task
[        ] Skipping task ':sqflite_android:mergeDebugGeneratedProguardFiles' as it is up-to-date.
[        ] Resolve mutations for :sqflite_android:mergeDebugConsumerProguardFiles (Thread[#44856,Execution worker Thread 19,5,main]) started.
[        ] :sqflite_android:mergeDebugConsumerProguardFiles (Thread[#44856,Execution worker Thread 19,5,main]) started.
[        ] > Task :sqflite_android:mergeDebugConsumerProguardFiles UP-TO-DATE
[        ] Caching disabled for task ':sqflite_android:mergeDebugConsumerProguardFiles' because:
[        ]   Build cache is disabled
[        ]   Simple merging task
[        ] Skipping task ':sqflite_android:mergeDebugConsumerProguardFiles' as it is up-to-date.
[        ] Resolve mutations for :sqflite_android:prepareDebugArtProfile (Thread[#44856,Execution worker Thread 19,5,main]) started.
[        ] :sqflite_android:prepareDebugArtProfile (Thread[#44856,Execution worker Thread 19,5,main]) started.
[        ] > Task :sqflite_android:prepareDebugArtProfile UP-TO-DATE
[        ] Caching disabled for task ':sqflite_android:prepareDebugArtProfile' because:
[        ]   Build cache is disabled
[        ]   Caching has been disabled for the task
[        ] Skipping task ':sqflite_android:prepareDebugArtProfile' as it is up-to-date.
[        ] Resolve mutations for :sqflite_android:prepareLintJarForPublish (Thread[#44856,Execution worker Thread 19,5,main]) started.
[        ] :sqflite_android:prepareLintJarForPublish (Thread[#44856,Execution worker Thread 19,5,main]) started.
[        ] > Task :sqflite_android:prepareLintJarForPublish UP-TO-DATE
[        ] Caching disabled for task ':sqflite_android:prepareLintJarForPublish' because:
[        ]   Build cache is disabled
[        ]   Caching has been disabled for the task
[        ] Skipping task ':sqflite_android:prepareLintJarForPublish' as it is up-to-date.
[        ] Resolve mutations for :sqflite_android:mergeDebugJavaResource (Thread[#44856,Execution worker Thread 19,5,main]) started.
[        ] :sqflite_android:mergeDebugJavaResource (Thread[#44856,Execution worker Thread 19,5,main]) started.
[        ] > Task :sqflite_android:mergeDebugJavaResource UP-TO-DATE
[        ] Caching disabled for task ':sqflite_android:mergeDebugJavaResource' because:
[        ]   Build cache is disabled
[        ]   Caching has been disabled for the task
[        ] Skipping task ':sqflite_android:mergeDebugJavaResource' as it is up-to-date.
[        ] Resolve mutations for :sqflite_android:syncDebugLibJars (Thread[#44856,Execution worker Thread 19,5,main]) started.
[        ] :sqflite_android:syncDebugLibJars (Thread[#44856,Execution worker Thread 19,5,main]) started.
[        ] > Task :sqflite_android:syncDebugLibJars UP-TO-DATE
[        ] Caching disabled for task ':sqflite_android:syncDebugLibJars' because:
[        ]   Build cache is disabled
[        ] Skipping task ':sqflite_android:syncDebugLibJars' as it is up-to-date.
[        ] Resolve mutations for :sqflite_android:bundleDebugAar (Thread[#44856,Execution worker Thread 19,5,main]) started.
[        ] :sqflite_android:bundleDebugAar (Thread[#44856,Execution worker Thread 19,5,main]) started.
[        ] > Task :sqflite_android:bundleDebugAar UP-TO-DATE
[        ] Caching disabled for task ':sqflite_android:bundleDebugAar' because:
[        ]   Build cache is disabled
[        ]   Caching has been disabled for the task
[        ] Skipping task ':sqflite_android:bundleDebugAar' as it is up-to-date.
[        ] Resolve mutations for :sqflite_android:assembleDebug (Thread[#44856,Execution worker Thread 19,5,main]) started.
[        ] :sqflite_android:assembleDebug (Thread[#44856,Execution worker Thread 19,5,main]) started.
[        ] > Task :sqflite_android:assembleDebug UP-TO-DATE
[        ] Skipping task ':sqflite_android:assembleDebug' as it has no actions.
[        ] Resolve mutations for :url_launcher_android:stripDebugDebugSymbols (Thread[#44856,Execution worker Thread 19,5,main]) started.
[        ] :url_launcher_android:stripDebugDebugSymbols (Thread[#44856,Execution worker Thread 19,5,main]) started.
[        ] > Task :url_launcher_android:stripDebugDebugSymbols NO-SOURCE
[        ] Skipping task ':url_launcher_android:stripDebugDebugSymbols' as it has no source files and no previous output files.
[        ] Resolve mutations for :url_launcher_android:copyDebugJniLibsProjectAndLocalJars (Thread[#44856,Execution worker Thread 19,5,main]) started.
[        ] :url_launcher_android:copyDebugJniLibsProjectAndLocalJars (Thread[#44856,Execution worker Thread 19,5,main]) started.
[        ] > Task :url_launcher_android:copyDebugJniLibsProjectAndLocalJars UP-TO-DATE
[        ] Caching disabled for task ':url_launcher_android:copyDebugJniLibsProjectAndLocalJars' because:
[        ]   Build cache is disabled
[        ]   Caching has been disabled for the task
[        ] Skipping task ':url_launcher_android:copyDebugJniLibsProjectAndLocalJars' as it is up-to-date.
[        ] Resolve mutations for :url_launcher_android:extractDebugAnnotations (Thread[#44856,Execution worker Thread 19,5,main]) started.
[        ] :url_launcher_android:extractDebugAnnotations (Thread[#44856,Execution worker Thread 19,5,main]) started.
[        ] > Task :url_launcher_android:extractDebugAnnotations UP-TO-DATE
[        ] Caching disabled for task ':url_launcher_android:extractDebugAnnotations' because:
[        ]   Build cache is disabled
[        ] Skipping task ':url_launcher_android:extractDebugAnnotations' as it is up-to-date.
[        ] Resolve mutations for :url_launcher_android:extractDeepLinksForAarDebug (Thread[#44856,Execution worker Thread 19,5,main]) started.
[        ] :url_launcher_android:extractDeepLinksForAarDebug (Thread[#44856,Execution worker Thread 19,5,main]) started.
[        ] > Task :url_launcher_android:extractDeepLinksForAarDebug UP-TO-DATE
[        ] Caching disabled for task ':url_launcher_android:extractDeepLinksForAarDebug' because:
[        ]   Build cache is disabled
[        ] Skipping task ':url_launcher_android:extractDeepLinksForAarDebug' as it is up-to-date.
[        ] Resolve mutations for :url_launcher_android:mergeDebugGeneratedProguardFiles (Thread[#44856,Execution worker Thread 19,5,main]) started.
[        ] :url_launcher_android:mergeDebugGeneratedProguardFiles (Thread[#44856,Execution worker Thread 19,5,main]) started.
[        ] > Task :url_launcher_android:mergeDebugGeneratedProguardFiles UP-TO-DATE
[        ] Caching disabled for task ':url_launcher_android:mergeDebugGeneratedProguardFiles' because:
[        ]   Build cache is disabled
[        ]   Simple merging task
[        ] Skipping task ':url_launcher_android:mergeDebugGeneratedProguardFiles' as it is up-to-date.
[        ] Resolve mutations for :url_launcher_android:mergeDebugConsumerProguardFiles (Thread[#44856,Execution worker Thread 19,5,main]) started.
[        ] :url_launcher_android:mergeDebugConsumerProguardFiles (Thread[#44856,Execution worker Thread 19,5,main]) started.
[        ] > Task :url_launcher_android:mergeDebugConsumerProguardFiles UP-TO-DATE
[        ] Caching disabled for task ':url_launcher_android:mergeDebugConsumerProguardFiles' because:
[        ]   Build cache is disabled
[        ]   Simple merging task
[        ] Skipping task ':url_launcher_android:mergeDebugConsumerProguardFiles' as it is up-to-date.
[        ] Resolve mutations for :url_launcher_android:prepareDebugArtProfile (Thread[#44856,Execution worker Thread 19,5,main]) started.
[        ] :url_launcher_android:prepareDebugArtProfile (Thread[#44856,Execution worker Thread 19,5,main]) started.
[        ] > Task :url_launcher_android:prepareDebugArtProfile UP-TO-DATE
[        ] Caching disabled for task ':url_launcher_android:prepareDebugArtProfile' because:
[        ]   Build cache is disabled
[        ]   Caching has been disabled for the task
[        ] Skipping task ':url_launcher_android:prepareDebugArtProfile' as it is up-to-date.
[        ] Resolve mutations for :url_launcher_android:prepareLintJarForPublish (Thread[#44856,Execution worker Thread 19,5,main]) started.
[        ] :url_launcher_android:prepareLintJarForPublish (Thread[#44856,Execution worker Thread 19,5,main]) started.
[        ] > Task :url_launcher_android:prepareLintJarForPublish UP-TO-DATE
[        ] Caching disabled for task ':url_launcher_android:prepareLintJarForPublish' because:
[        ]   Build cache is disabled
[        ]   Caching has been disabled for the task
[        ] Skipping task ':url_launcher_android:prepareLintJarForPublish' as it is up-to-date.
[        ] Resolve mutations for :url_launcher_android:mergeDebugJavaResource (Thread[#44856,Execution worker Thread 19,5,main]) started.
[        ] :url_launcher_android:mergeDebugJavaResource (Thread[#44856,Execution worker Thread 19,5,main]) started.
[        ] > Task :url_launcher_android:mergeDebugJavaResource UP-TO-DATE
[        ] Caching disabled for task ':url_launcher_android:mergeDebugJavaResource' because:
[        ]   Build cache is disabled
[        ]   Caching has been disabled for the task
[        ] Skipping task ':url_launcher_android:mergeDebugJavaResource' as it is up-to-date.
[        ] Resolve mutations for :url_launcher_android:syncDebugLibJars (Thread[#44856,Execution worker Thread 19,5,main]) started.
[        ] :url_launcher_android:syncDebugLibJars (Thread[#44856,Execution worker Thread 19,5,main]) started.
[        ] > Task :url_launcher_android:syncDebugLibJars UP-TO-DATE
[        ] Caching disabled for task ':url_launcher_android:syncDebugLibJars' because:
[        ]   Build cache is disabled
[        ] Skipping task ':url_launcher_android:syncDebugLibJars' as it is up-to-date.
[        ] Resolve mutations for :url_launcher_android:bundleDebugAar (Thread[#44856,Execution worker Thread 19,5,main]) started.
[        ] :url_launcher_android:bundleDebugAar (Thread[#44856,Execution worker Thread 19,5,main]) started.
[        ] > Task :url_launcher_android:bundleDebugAar UP-TO-DATE
[        ] Caching disabled for task ':url_launcher_android:bundleDebugAar' because:
[        ]   Build cache is disabled
[        ]   Caching has been disabled for the task
[        ] Skipping task ':url_launcher_android:bundleDebugAar' as it is up-to-date.
[        ] Resolve mutations for :url_launcher_android:assembleDebug (Thread[#44856,Execution worker Thread 19,5,main]) started.
[        ] :url_launcher_android:assembleDebug (Thread[#44856,Execution worker Thread 19,5,main]) started.
[        ] > Task :url_launcher_android:assembleDebug UP-TO-DATE
[        ] Skipping task ':url_launcher_android:assembleDebug' as it has no actions.
[        ] Resolve mutations for :video_player_android:stripDebugDebugSymbols (Thread[#44856,Execution worker Thread 19,5,main]) started.
[        ] :video_player_android:stripDebugDebugSymbols (Thread[#44856,Execution worker Thread 19,5,main]) started.
[        ] > Task :video_player_android:stripDebugDebugSymbols NO-SOURCE
[        ] Skipping task ':video_player_android:stripDebugDebugSymbols' as it has no source files and no previous output files.
[        ] Resolve mutations for :video_player_android:copyDebugJniLibsProjectAndLocalJars (Thread[#44856,Execution worker Thread 19,5,main]) started.
[        ] :video_player_android:copyDebugJniLibsProjectAndLocalJars (Thread[#44856,Execution worker Thread 19,5,main]) started.
[        ] > Task :video_player_android:copyDebugJniLibsProjectAndLocalJars UP-TO-DATE
[        ] Caching disabled for task ':video_player_android:copyDebugJniLibsProjectAndLocalJars' because:
[        ]   Build cache is disabled
[        ]   Caching has been disabled for the task
[        ] Skipping task ':video_player_android:copyDebugJniLibsProjectAndLocalJars' as it is up-to-date.
[        ] Resolve mutations for :video_player_android:extractDebugAnnotations (Thread[#44856,Execution worker Thread 19,5,main]) started.
[        ] :video_player_android:extractDebugAnnotations (Thread[#44856,Execution worker Thread 19,5,main]) started.
[        ] > Task :video_player_android:extractDebugAnnotations UP-TO-DATE
[        ] Caching disabled for task ':video_player_android:extractDebugAnnotations' because:
[        ]   Build cache is disabled
[        ] Skipping task ':video_player_android:extractDebugAnnotations' as it is up-to-date.
[        ] Resolve mutations for :video_player_android:extractDeepLinksForAarDebug (Thread[#44856,Execution worker Thread 19,5,main]) started.
[        ] :video_player_android:extractDeepLinksForAarDebug (Thread[#44856,Execution worker Thread 19,5,main]) started.
[        ] > Task :video_player_android:extractDeepLinksForAarDebug UP-TO-DATE
[        ] Caching disabled for task ':video_player_android:extractDeepLinksForAarDebug' because:
[        ]   Build cache is disabled
[        ] Skipping task ':video_player_android:extractDeepLinksForAarDebug' as it is up-to-date.
[        ] Resolve mutations for :video_player_android:mergeDebugGeneratedProguardFiles (Thread[#44856,Execution worker Thread 19,5,main]) started.
[        ] :video_player_android:mergeDebugGeneratedProguardFiles (Thread[#44856,Execution worker Thread 19,5,main]) started.
[        ] > Task :video_player_android:mergeDebugGeneratedProguardFiles UP-TO-DATE
[        ] Caching disabled for task ':video_player_android:mergeDebugGeneratedProguardFiles' because:
[        ]   Build cache is disabled
[        ]   Simple merging task
[        ] Skipping task ':video_player_android:mergeDebugGeneratedProguardFiles' as it is up-to-date.
[        ] Resolve mutations for :video_player_android:mergeDebugConsumerProguardFiles (Thread[#44856,Execution worker Thread 19,5,main]) started.
[        ] :video_player_android:mergeDebugConsumerProguardFiles (Thread[#44856,Execution worker Thread 19,5,main]) started.
[        ] > Task :video_player_android:mergeDebugConsumerProguardFiles UP-TO-DATE
[        ] Caching disabled for task ':video_player_android:mergeDebugConsumerProguardFiles' because:
[        ]   Build cache is disabled
[        ]   Simple merging task
[        ] Skipping task ':video_player_android:mergeDebugConsumerProguardFiles' as it is up-to-date.
[        ] Resolve mutations for :video_player_android:prepareDebugArtProfile (Thread[#44856,Execution worker Thread 19,5,main]) started.
[        ] :video_player_android:prepareDebugArtProfile (Thread[#44856,Execution worker Thread 19,5,main]) started.
[        ] > Task :video_player_android:prepareDebugArtProfile UP-TO-DATE
[        ] Caching disabled for task ':video_player_android:prepareDebugArtProfile' because:
[        ]   Build cache is disabled
[        ]   Caching has been disabled for the task
[        ] Skipping task ':video_player_android:prepareDebugArtProfile' as it is up-to-date.
[        ] Resolve mutations for :video_player_android:prepareLintJarForPublish (Thread[#44856,Execution worker Thread 19,5,main]) started.
[        ] :video_player_android:prepareLintJarForPublish (Thread[#44856,Execution worker Thread 19,5,main]) started.
[        ] > Task :video_player_android:prepareLintJarForPublish UP-TO-DATE
[        ] Caching disabled for task ':video_player_android:prepareLintJarForPublish' because:
[        ]   Build cache is disabled
[        ]   Caching has been disabled for the task
[        ] Skipping task ':video_player_android:prepareLintJarForPublish' as it is up-to-date.
[        ] Resolve mutations for :video_player_android:mergeDebugJavaResource (Thread[#44856,Execution worker Thread 19,5,main]) started.
[        ] :video_player_android:mergeDebugJavaResource (Thread[#44856,Execution worker Thread 19,5,main]) started.
[        ] > Task :video_player_android:mergeDebugJavaResource UP-TO-DATE
[        ] Caching disabled for task ':video_player_android:mergeDebugJavaResource' because:
[        ]   Build cache is disabled
[        ]   Caching has been disabled for the task
[        ] Skipping task ':video_player_android:mergeDebugJavaResource' as it is up-to-date.
[        ] Resolve mutations for :video_player_android:syncDebugLibJars (Thread[#44856,Execution worker Thread 19,5,main]) started.
[        ] :video_player_android:syncDebugLibJars (Thread[#44856,Execution worker Thread 19,5,main]) started.
[        ] > Task :video_player_android:syncDebugLibJars UP-TO-DATE
[        ] Caching disabled for task ':video_player_android:syncDebugLibJars' because:
[        ]   Build cache is disabled
[        ] Skipping task ':video_player_android:syncDebugLibJars' as it is up-to-date.
[        ] Resolve mutations for :video_player_android:bundleDebugAar (Thread[#44856,Execution worker Thread 19,5,main]) started.
[        ] :video_player_android:bundleDebugAar (Thread[#44856,Execution worker Thread 19,5,main]) started.
[        ] > Task :video_player_android:bundleDebugAar UP-TO-DATE
[        ] Caching disabled for task ':video_player_android:bundleDebugAar' because:
[        ]   Build cache is disabled
[        ]   Caching has been disabled for the task
[        ] Skipping task ':video_player_android:bundleDebugAar' as it is up-to-date.
[        ] Resolve mutations for :video_player_android:assembleDebug (Thread[#44856,Execution worker Thread 19,5,main]) started.
[        ] :video_player_android:assembleDebug (Thread[#44856,Execution worker Thread 19,5,main]) started.
[        ] > Task :video_player_android:assembleDebug UP-TO-DATE
[        ] Skipping task ':video_player_android:assembleDebug' as it has no actions.
[ +592 ms] > Task :app:compressDebugAssets
[        ] Caching disabled for task ':app:compressDebugAssets' because:
[        ]   Build cache is disabled
[        ] Task ':app:compressDebugAssets' is not up-to-date because:
[        ]   Input property 'inputDirs' file /Users/florian/Code/substitution/build/app/intermediates/assets/debug/mergeDebugAssets/flutter_assets/kernel_blob.bin has changed.
[        ] Resolve mutations for :app:packageDebug (Thread[#44868,Execution worker Thread 31,5,main]) started.
[        ] :app:packageDebug (Thread[#44868,Execution worker Thread 31,5,main]) started.
18:24 +13 -41: loading /Users/florian/Code/substitution/integration_test/room_discovery_strict_test.dart                                                                                               [ +295 ms] > Task :app:packageDebug
[        ] Custom actions are attached to task ':app:packageDebug'.
[        ] Caching disabled for task ':app:packageDebug' because:
[        ]   Build cache is disabled
[        ]   Caching has been disabled for the task
[        ] Task ':app:packageDebug' is not up-to-date because:
[        ]   Input property 'assets' file /Users/florian/Code/substitution/build/app/intermediates/compressed_assets/debug/compressDebugAssets/out/assets/flutter_assets/kernel_blob.bin.jar has changed.
[        ] Resolve mutations for :app:createDebugApkListingFileRedirect (Thread[#44868,Execution worker Thread 31,5,main]) started.
[        ] :app:createDebugApkListingFileRedirect (Thread[#44868,Execution worker Thread 31,5,main]) started.
[        ] > Task :app:createDebugApkListingFileRedirect UP-TO-DATE
[        ] Caching disabled for task ':app:createDebugApkListingFileRedirect' because:
[        ]   Build cache is disabled
[        ]   Caching has been disabled for the task
[        ] Skipping task ':app:createDebugApkListingFileRedirect' as it is up-to-date.
[        ] Resolve mutations for :app:assembleDebug (Thread[#44868,Execution worker Thread 31,5,main]) started.
[        ] :app:assembleDebug (Thread[#44868,Execution worker Thread 31,5,main]) started.
[        ] > Task :app:assembleDebug
[        ] Caching disabled for task ':app:assembleDebug' because:
[        ]   Build cache is disabled
[        ] Task ':app:assembleDebug' is not up-to-date because:
[        ]   Task has not declared any outputs despite executing actions.
[  +46 ms] [Incubating] Problems report is available at: file:///Users/florian/Code/substitution/build/reports/problems/problems-report.html
[        ] Deprecated Gradle features were used in this build, making it incompatible with Gradle 9.0.
[        ] You can use '--warning-mode all' to show the individual deprecation warnings and determine if they come from your own scripts or plugins.
[        ] For more on this, please refer to https://docs.gradle.org/8.12.1/userguide/command_line_interface.html#sec:command_line_warnings in the Gradle documentation.
[        ] BUILD SUCCESSFUL in 12s
[        ] 458 actionable tasks: 29 executed, 429 up-to-date
[        ] Watched directory hierarchies: [/opt/homebrew/share/flutter/packages/flutter_tools/gradle, /Users/florian/Code/substitution/android]
[  +16 ms] Running Gradle task 'assembleDebug'... (completed in 12,7s)
[   +7 ms] Calculate SHA1: LocalDirectory: '/Users/florian/Code/substitution/build/app/outputs/flutter-apk'/app-debug.apk
[+1082 ms] ✓ Built build/app/outputs/flutter-apk/app-debug.apk
[   +1 ms] executing: /Users/florian/Library/Android/sdk/build-tools/36.1.0/aapt dump xmltree /Users/florian/Code/substitution/build/app/outputs/flutter-apk/app-debug.apk AndroidManifest.xml
[  +12 ms] Exit code 0 from: /Users/florian/Library/Android/sdk/build-tools/36.1.0/aapt dump xmltree /Users/florian/Code/substitution/build/app/outputs/flutter-apk/app-debug.apk AndroidManifest.xml
[        ] N: android=http://schemas.android.com/apk/res/android
             E: manifest (line=2)
               A: android:versionCode(0x0101021b)=(type 0x10)0x7
               A: android:versionName(0x0101021c)="1.0.0" (Raw: "1.0.0")
               A: android:compileSdkVersion(0x01010572)=(type 0x10)0x24
               A: android:compileSdkVersionCodename(0x01010573)="16" (Raw: "16")
               A: package="art.substitution.substitution" (Raw: "art.substitution.substitution")
               A: platformBuildVersionCode=(type 0x10)0x24
               A: platformBuildVersionName=(type 0x10)0x10
               E: uses-sdk (line=7)
                 A: android:minSdkVersion(0x0101020c)=(type 0x10)0x18
                 A: android:targetSdkVersion(0x01010270)=(type 0x10)0x22
               E: uses-permission (line=15)
                 A: android:name(0x01010003)="android.permission.INTERNET" (Raw: "android.permission.INTERNET")
               E: uses-permission (line=16)
                 A: android:name(0x01010003)="android.permission.ACCESS_NETWORK_STATE" (Raw: "android.permission.ACCESS_NETWORK_STATE")
               E: permission (line=18)
                 A: android:name(0x01010003)="art.substitution.substitution.DYNAMIC_RECEIVER_NOT_EXPORTED_PERMISSION" (Raw: "art.substitution.substitution.DYNAMIC_RECEIVER_NOT_EXPORTED_PERMISSION")
                 A: android:protectionLevel(0x01010009)=(type 0x11)0x2
               E: uses-permission (line=22)
                 A: android:name(0x01010003)="art.substitution.substitution.DYNAMIC_RECEIVER_NOT_EXPORTED_PERMISSION" (Raw: "art.substitution.substitution.DYNAMIC_RECEIVER_NOT_EXPORTED_PERMISSION")
               E: application (line=24)
                 A: android:label(0x01010001)="substitution" (Raw: "substitution")
                 A: android:icon(0x01010002)=@0x7f0c0000
                 A: android:name(0x01010003)="android.app.Application" (Raw: "android.app.Application")
                 A: android:debuggable(0x0101000f)=(type 0x12)0xffffffff
                 A: android:extractNativeLibs(0x010104ea)=(type 0x12)0x0
                 A: android:appComponentFactory(0x0101057a)="androidx.core.app.CoreComponentFactory" (Raw: "androidx.core.app.CoreComponentFactory")
                 E: activity (line=31)
                   A: android:theme(0x01010000)=@0x7f0e00a2
                   A: android:name(0x01010003)="art.substitution.substitution.MainActivity" (Raw: "art.substitution.substitution.MainActivity")
                   A: android:exported(0x01010010)=(type 0x12)0xffffffff
                   A: android:launchMode(0x0101001d)=(type 0x10)0x1
                   A: android:configChanges(0x0101001f)=(type 0x11)0x40003fb4
                   A: android:windowSoftInputMode(0x0101022b)=(type 0x11)0x10
                   A: android:hardwareAccelerated(0x010102d3)=(type 0x12)0xffffffff
                   E: meta-data (line=46)
                     A: android:name(0x01010003)="io.flutter.embedding.android.NormalTheme" (Raw: "io.flutter.embedding.android.NormalTheme")
                     A: android:resource(0x01010025)=@0x7f0e00a3
                   E: intent-filter (line=50)
                     E: action (line=51)
                       A: android:name(0x01010003)="android.intent.action.MAIN" (Raw: "android.intent.action.MAIN")
                     E: category (line=53)
                       A: android:name(0x01010003)="android.intent.category.LAUNCHER" (Raw: "android.intent.category.LAUNCHER")
                   E: intent-filter (line=56)
                     E: action (line=57)
                       A: android:name(0x01010003)="android.intent.action.VIEW" (Raw: "android.intent.action.VIEW")
                     E: category (line=59)
                       A: android:name(0x01010003)="android.intent.category.DEFAULT" (Raw: "android.intent.category.DEFAULT")
                     E: category (line=60)
                       A: android:name(0x01010003)="android.intent.category.BROWSABLE" (Raw: "android.intent.category.BROWSABLE")
                     E: data (line=62)
                       A: android:scheme(0x01010027)="substitution" (Raw: "substitution")
                       A: android:host(0x01010028)="auth" (Raw: "auth")
                       A: android:pathPrefix(0x0101002b)="/login-callback" (Raw: "/login-callback")
                 E: meta-data (line=72)
                   A: android:name(0x01010003)="flutterEmbedding" (Raw: "flutterEmbedding")
                   A: android:value(0x01010024)=(type 0x10)0x2
                 E: activity (line=76)
                   A: android:theme(0x01010000)=@0x01030007
                   A: android:name(0x01010003)="io.flutter.plugins.urllauncher.WebViewActivity" (Raw: "io.flutter.plugins.urllauncher.WebViewActivity")
                   A: android:exported(0x01010010)=(type 0x12)0x0
                 E: uses-library (line=81)
                   A: android:name(0x01010003)="androidx.window.extensions" (Raw: "androidx.window.extensions")
                   A: android:required(0x0101028e)=(type 0x12)0x0
                 E: uses-library (line=84)
                   A: android:name(0x01010003)="androidx.window.sidecar" (Raw: "androidx.window.sidecar")
                   A: android:required(0x0101028e)=(type 0x12)0x0
                 E: provider (line=88)
                   A: android:name(0x01010003)="androidx.startup.InitializationProvider" (Raw: "androidx.startup.InitializationProvider")
                   A: android:exported(0x01010010)=(type 0x12)0x0
                   A: android:authorities(0x01010018)="art.substitution.substitution.androidx-startup" (Raw: "art.substitution.substitution.androidx-startup")
                   E: meta-data (line=92)
                     A: android:name(0x01010003)="androidx.lifecycle.ProcessLifecycleInitializer" (Raw: "androidx.lifecycle.ProcessLifecycleInitializer")
                     A: android:value(0x01010024)="androidx.startup" (Raw: "androidx.startup")
                   E: meta-data (line=95)
                     A: android:name(0x01010003)="androidx.profileinstaller.ProfileInstallerInitializer" (Raw: "androidx.profileinstaller.ProfileInstallerInitializer")
                     A: android:value(0x01010024)="androidx.startup" (Raw: "androidx.startup")
                 E: receiver (line=100)
                   A: android:name(0x01010003)="androidx.profileinstaller.ProfileInstallReceiver" (Raw: "androidx.profileinstaller.ProfileInstallReceiver")
                   A: android:permission(0x01010006)="android.permission.DUMP" (Raw: "android.permission.DUMP")
                   A: android:enabled(0x0101000e)=(type 0x12)0xffffffff
                   A: android:exported(0x01010010)=(type 0x12)0xffffffff
                   A: android:directBootAware(0x01010505)=(type 0x12)0x0
                   E: intent-filter (line=106)
                     E: action (line=107)
                       A: android:name(0x01010003)="androidx.profileinstaller.action.INSTALL_PROFILE" (Raw: "androidx.profileinstaller.action.INSTALL_PROFILE")
                   E: intent-filter (line=109)
                     E: action (line=110)
                       A: android:name(0x01010003)="androidx.profileinstaller.action.SKIP_FILE" (Raw: "androidx.profileinstaller.action.SKIP_FILE")
                   E: intent-filter (line=112)
                     E: action (line=113)
                       A: android:name(0x01010003)="androidx.profileinstaller.action.SAVE_PROFILE" (Raw: "androidx.profileinstaller.action.SAVE_PROFILE")
                   E: intent-filter (line=115)
                     E: action (line=116)
                       A: android:name(0x01010003)="androidx.profileinstaller.action.BENCHMARK_OPERATION" (Raw: "androidx.profileinstaller.action.BENCHMARK_OPERATION")
[        ] Stopping app 'app-debug.apk' on sdk gphone64 arm64.
[        ] executing: /Users/florian/Library/Android/sdk/platform-tools/adb -s emulator-5554 shell am force-stop art.substitution.substitution
18:25 +13 -41: loading /Users/florian/Code/substitution/integration_test/room_discovery_strict_test.dart                                                                                               [  +24 ms] Installing APK.
[        ] Installing build/app/outputs/flutter-apk/app-debug.apk...
[        ] executing: /Users/florian/Library/Android/sdk/platform-tools/adb -s emulator-5554 install -t -r /Users/florian/Code/substitution/build/app/outputs/flutter-apk/app-debug.apk
[ +423 ms] Performing Streamed Install
           Success
[        ] Installing build/app/outputs/flutter-apk/app-debug.apk... (completed in 424ms)
[        ] executing: /Users/florian/Library/Android/sdk/platform-tools/adb -s emulator-5554 shell echo -n 865627a87aa047f11b7532e560f92adb15c81ad2 > /data/local/tmp/sky.art.substitution.substitution.sha1
[  +22 ms] executing: /Users/florian/Library/Android/sdk/platform-tools/adb -s emulator-5554 shell -x logcat -v time -t 1
[ +104 ms] --------- beginning of system
           02-17 00:13:17.093 D/TransparencyService(  668): Not an update. Skipping...
[   +3 ms] executing: /Users/florian/Library/Android/sdk/platform-tools/adb -s emulator-5554 shell am start -a android.intent.action.MAIN -c android.intent.category.LAUNCHER -f 0x20000000 --ez enable-dart-profiling true --ez enable-checked-mode true --ez verify-entry-points true art.substitution.substitution/art.substitution.substitution.MainActivity
18:26 +13 -41: loading /Users/florian/Code/substitution/integration_test/room_discovery_strict_test.dart                                                                                               [ +225 ms] Starting: Intent { act=android.intent.action.MAIN cat=[android.intent.category.LAUNCHER] flg=0x20000000 cmp=art.substitution.substitution/.MainActivity (has extras) }
[        ] Waiting for VM Service port to be available...
18:27 +13 -41: loading /Users/florian/Code/substitution/integration_test/room_discovery_strict_test.dart                                                                                               18:28 +13 -41: loading /Users/florian/Code/substitution/integration_test/room_discovery_strict_test.dart                                                                                               [+1891 ms] VM Service URL on device: http://127.0.0.1:43387/X6kXh4uik10=/
[        ] executing: /Users/florian/Library/Android/sdk/platform-tools/adb -s emulator-5554 forward tcp:0 tcp:43387
[  +14 ms] 55860
[        ] Forwarded host port 55860 to device port 43387 for VM Service
[        ] test 19: Starting Dart Development Service
[        ] Launching a Dart Developer Service (DDS) instance at http://127.0.0.1:0, connecting to VM service at http://127.0.0.1:55860/X6kXh4uik10=/.
[ +245 ms] test 19: Dart Development Service started at http://127.0.0.1:55863/T2tuvIUJI5Q=/, forwarding to VM service at http://127.0.0.1:55860/X6kXh4uik10=/.
[        ] test 19: Connecting to vm service
[        ] test 19: VM Service uri is available at http://127.0.0.1:55863/T2tuvIUJI5Q=/
[   +4 ms] test 19: Finding the correct isolate with the integration test service extension
[ +168 ms] test 19: connected to test device, now awaiting test result
[        ] test 19: Waiting for test harness or tests to finish
18:28 +13 -41: /Users/florian/Code/substitution/integration_test/room_discovery_strict_test.dart: ... Join & Leave with Real Matrix Server STRICT: Can discover unjoinable room (test_invite_only)     18:29 +13 -41: /Users/florian/Code/substitution/integration_test/room_discovery_strict_test.dart: ... Join & Leave with Real Matrix Server STRICT: Can discover unjoinable room (test_invite_only)     18:29 +13 -41: /Users/florian/Code/substitution/integration_test/room_discovery_strict_test.dart: Room Discovery, Join & Leave with Real Matrix Server STRICT: Can discover unjoinable room (test_invite_only)
[90m[🌎 Easy Localization] [DEBUG] Localization initialized[0m
[Matrix] [32mInitialize client Substitution[0m
[Matrix] [32mUser is not logged in.[0m
[90m[🌎 Easy Localization] [DEBUG] Start[0m
[90m[🌎 Easy Localization] [DEBUG] Init state[0m
[90m[🌎 Easy Localization] [DEBUG] Build[0m
[90m[🌎 Easy Localization] [DEBUG] Init Localization Delegate[0m
[90m[🌎 Easy Localization] [DEBUG] Init provider[0m
[90m[🌎 Easy Localization] [DEBUG] Load Localization Delegate[0m
[90m[🌎 Easy Localization] [DEBUG] Load asset from assets/translations[0m
[90m[🌎 Easy Localization] [DEBUG] Build[0m
[90m[🌎 Easy Localization] [DEBUG] Init Localization Delegate[0m
[90m[🌎 Easy Localization] [DEBUG] Init provider[0m
══╡ EXCEPTION CAUGHT BY FLUTTER TEST FRAMEWORK ╞════════════════════════════════════════════════════
The following TestFailure was thrown running a test:
Expected: exactly one matching candidate
  Actual: _KeyWidgetFinder:<Found 0 widgets with key [<'loginUsernameInput'>]: []>
   Which: means none were found but one was expected
Username field should be visible on login page

When the exception was thrown, this was the stack:
#4      main.<anonymous closure>.loginUser (file:///Users/florian/Code/substitution/integration_test/room_discovery_strict_test.dart:83:7)
<asynchronous suspension>
#5      main.<anonymous closure>.<anonymous closure> (file:///Users/florian/Code/substitution/integration_test/room_discovery_strict_test.dart:103:9)
<asynchronous suspension>
#6      testWidgets.<anonymous closure>.<anonymous closure> (package:flutter_test/src/widget_tester.dart:192:15)
<asynchronous suspension>
#7      TestWidgetsFlutterBinding._runTestBody (package:flutter_test/src/binding.dart:1059:5)
<asynchronous suspension>
<asynchronous suspension>
(elided one frame from package:stack_trace)

This was caught by the test expectation on the following line:
  file:///Users/florian/Code/substitution/integration_test/room_discovery_strict_test.dart line 83
The test description was:
  STRICT: Can discover unjoinable room (test_invite_only)
════════════════════════════════════════════════════════════════════════════════════════════════════
18:43 +13 -42: /Users/florian/Code/substitution/integration_test/room_discovery_strict_test.dart: Room Discovery, Join & Leave with Real Matrix Server STRICT: Can discover unjoinable room (test_invite_only) [E]
  Test failed. See exception logs above.
  The test description was: STRICT: Can discover unjoinable room (test_invite_only)
  

To run this test again: /opt/homebrew/share/flutter/bin/cache/dart-sdk/bin/dart test /Users/florian/Code/substitution/integration_test/room_discovery_strict_test.dart -p vm --plain-name 'Room Discovery, Join & Leave with Real Matrix Server STRICT: Can discover unjoinable room (test_invite_only)'
18:43 +13 -42: /Users/florian/Code/substitution/integration_test/room_discovery_strict_test.dart: ... & Leave with Real Matrix Server STRICT: Join room (test_invite_only) that user is not a member of18:43 +13 -42: /Users/florian/Code/substitution/integration_test/room_discovery_strict_test.dart: Room Discovery, Join & Leave with Real Matrix Server STRICT: Join room (test_invite_only) that user is not a member of
[90m[🌎 Easy Localization] [DEBUG] Localization initialized[0m
[Matrix] [32mInitialize client Substitution[0m
[Matrix] [32mUser is not logged in.[0m
[90m[🌎 Easy Localization] [DEBUG] Start[0m
18:45 +13 -42: /Users/florian/Code/substitution/integration_test/room_discovery_strict_test.dart: Room Discovery, Join & Leave with Real Matrix Server STRICT: Can discover unjoinable room (test_invite_only)
[90m[🌎 Easy Localization] [DEBUG] Init state[0m
[90m[🌎 Easy Localization] [DEBUG] Build[0m
[90m[🌎 Easy Localization] [DEBUG] Init Localization Delegate[0m
[90m[🌎 Easy Localization] [DEBUG] Init provider[0m
[90m[🌎 Easy Localization] [DEBUG] Load Localization Delegate[0m
[90m[🌎 Easy Localization] [DEBUG] Load asset from assets/translations[0m
[90m[🌎 Easy Localization] [DEBUG] Build[0m
[90m[🌎 Easy Localization] [DEBUG] Init Localization Delegate[0m
[90m[🌎 Easy Localization] [DEBUG] Init provider[0m
19:02 +13 -42: /Users/florian/Code/substitution/integration_test/room_discovery_strict_test.dart: Room Discovery, Join & Leave with Real Matrix Server STRICT: Join room (test_invite_only) that user is not a member of
══╡ EXCEPTION CAUGHT BY FLUTTER TEST FRAMEWORK ╞════════════════════════════════════════════════════
The following TestFailure was thrown running a test:
Expected: exactly one matching candidate
  Actual: _KeyWidgetFinder:<Found 0 widgets with key [<'loginUsernameInput'>]: []>
   Which: means none were found but one was expected
Username field should be visible on login page

When the exception was thrown, this was the stack:
#4      main.<anonymous closure>.loginUser (file:///Users/florian/Code/substitution/integration_test/room_discovery_strict_test.dart:83:7)
<asynchronous suspension>
#5      main.<anonymous closure>.<anonymous closure> (file:///Users/florian/Code/substitution/integration_test/room_discovery_strict_test.dart:134:9)
<asynchronous suspension>
#6      testWidgets.<anonymous closure>.<anonymous closure> (package:flutter_test/src/widget_tester.dart:192:15)
<asynchronous suspension>
#7      TestWidgetsFlutterBinding._runTestBody (package:flutter_test/src/binding.dart:1059:5)
<asynchronous suspension>
<asynchronous suspension>
(elided one frame from package:stack_trace)

This was caught by the test expectation on the following line:
  file:///Users/florian/Code/substitution/integration_test/room_discovery_strict_test.dart line 83
The test description was:
  STRICT: Join room (test_invite_only) that user is not a member of
════════════════════════════════════════════════════════════════════════════════════════════════════
19:02 +13 -43: /Users/florian/Code/substitution/integration_test/room_discovery_strict_test.dart: Room Discovery, Join & Leave with Real Matrix Server STRICT: Join room (test_invite_only) that user is not a member of [E]
  Test failed. See exception logs above.
  The test description was: STRICT: Join room (test_invite_only) that user is not a member of
  

To run this test again: /opt/homebrew/share/flutter/bin/cache/dart-sdk/bin/dart test /Users/florian/Code/substitution/integration_test/room_discovery_strict_test.dart -p vm --plain-name 'Room Discovery, Join & Leave with Real Matrix Server STRICT: Join room (test_invite_only) that user is not a member of'
19:02 +13 -43: /Users/florian/Code/substitution/integration_test/room_discovery_strict_test.dart: Room Discovery, Join & Leave with Real Matrix Server STRICT: Leave room (US-2.3)                     19:02 +13 -43: /Users/florian/Code/substitution/integration_test/room_discovery_strict_test.dart: Room Discovery, Join & Leave with Real Matrix Server STRICT: Leave room (US-2.3)                     
[90m[🌎 Easy Localization] [DEBUG] Localization initialized[0m
[Matrix] [32mInitialize client Substitution[0m
[Matrix] [32mUser is not logged in.[0m
[90m[🌎 Easy Localization] [DEBUG] Start[0m
19:04 +13 -43: /Users/florian/Code/substitution/integration_test/room_discovery_strict_test.dart: Room Discovery, Join & Leave with Real Matrix Server STRICT: Can discover unjoinable room (test_invite_only)
[90m[🌎 Easy Localization] [DEBUG] Init state[0m
[90m[🌎 Easy Localization] [DEBUG] Build[0m
[90m[🌎 Easy Localization] [DEBUG] Init Localization Delegate[0m
[90m[🌎 Easy Localization] [DEBUG] Init provider[0m
[90m[🌎 Easy Localization] [DEBUG] Load Localization Delegate[0m
[90m[🌎 Easy Localization] [DEBUG] Load asset from assets/translations[0m
[90m[🌎 Easy Localization] [DEBUG] Build[0m
[90m[🌎 Easy Localization] [DEBUG] Init Localization Delegate[0m
[90m[🌎 Easy Localization] [DEBUG] Init provider[0m
19:21 +13 -43: /Users/florian/Code/substitution/integration_test/room_discovery_strict_test.dart: Room Discovery, Join & Leave with Real Matrix Server STRICT: Leave room (US-2.3)                     
══╡ EXCEPTION CAUGHT BY FLUTTER TEST FRAMEWORK ╞════════════════════════════════════════════════════
The following TestFailure was thrown running a test:
Expected: exactly one matching candidate
  Actual: _KeyWidgetFinder:<Found 0 widgets with key [<'loginUsernameInput'>]: []>
   Which: means none were found but one was expected
Username field should be visible on login page

When the exception was thrown, this was the stack:
#4      main.<anonymous closure>.loginUser (file:///Users/florian/Code/substitution/integration_test/room_discovery_strict_test.dart:83:7)
<asynchronous suspension>
#5      main.<anonymous closure>.<anonymous closure> (file:///Users/florian/Code/substitution/integration_test/room_discovery_strict_test.dart:216:9)
<asynchronous suspension>
#6      testWidgets.<anonymous closure>.<anonymous closure> (package:flutter_test/src/widget_tester.dart:192:15)
<asynchronous suspension>
#7      TestWidgetsFlutterBinding._runTestBody (package:flutter_test/src/binding.dart:1059:5)
<asynchronous suspension>
<asynchronous suspension>
(elided one frame from package:stack_trace)

This was caught by the test expectation on the following line:
  file:///Users/florian/Code/substitution/integration_test/room_discovery_strict_test.dart line 83
The test description was:
  STRICT: Leave room (US-2.3)
════════════════════════════════════════════════════════════════════════════════════════════════════
19:21 +13 -44: /Users/florian/Code/substitution/integration_test/room_discovery_strict_test.dart: Room Discovery, Join & Leave with Real Matrix Server STRICT: Leave room (US-2.3) [E]                 
  Test failed. See exception logs above.
  The test description was: STRICT: Leave room (US-2.3)
  

To run this test again: /opt/homebrew/share/flutter/bin/cache/dart-sdk/bin/dart test /Users/florian/Code/substitution/integration_test/room_discovery_strict_test.dart -p vm --plain-name 'Room Discovery, Join & Leave with Real Matrix Server STRICT: Leave room (US-2.3)'
19:21 +13 -44: /Users/florian/Code/substitution/integration_test/room_discovery_strict_test.dart: ... Join & Leave with Real Matrix Server STRICT: All 3 joined rooms are visible in room list         19:21 +13 -44: /Users/florian/Code/substitution/integration_test/room_discovery_strict_test.dart: Room Discovery, Join & Leave with Real Matrix Server STRICT: All 3 joined rooms are visible in room list
[90m[🌎 Easy Localization] [DEBUG] Localization initialized[0m
[Matrix] [32mInitialize client Substitution[0m
[Matrix] [32mUser is not logged in.[0m
[90m[🌎 Easy Localization] [DEBUG] Start[0m
19:23 +13 -44: /Users/florian/Code/substitution/integration_test/room_discovery_strict_test.dart: Room Discovery, Join & Leave with Real Matrix Server STRICT: Can discover unjoinable room (test_invite_only)
[90m[🌎 Easy Localization] [DEBUG] Init state[0m
[90m[🌎 Easy Localization] [DEBUG] Build[0m
[90m[🌎 Easy Localization] [DEBUG] Init Localization Delegate[0m
[90m[🌎 Easy Localization] [DEBUG] Init provider[0m
[90m[🌎 Easy Localization] [DEBUG] Load Localization Delegate[0m
[90m[🌎 Easy Localization] [DEBUG] Load asset from assets/translations[0m
[90m[🌎 Easy Localization] [DEBUG] Build[0m
[90m[🌎 Easy Localization] [DEBUG] Init Localization Delegate[0m
[90m[🌎 Easy Localization] [DEBUG] Init provider[0m
19:40 +13 -44: /Users/florian/Code/substitution/integration_test/room_discovery_strict_test.dart: Room Discovery, Join & Leave with Real Matrix Server STRICT: All 3 joined rooms are visible in room list
══╡ EXCEPTION CAUGHT BY FLUTTER TEST FRAMEWORK ╞════════════════════════════════════════════════════
The following TestFailure was thrown running a test:
Expected: exactly one matching candidate
  Actual: _KeyWidgetFinder:<Found 0 widgets with key [<'loginUsernameInput'>]: []>
   Which: means none were found but one was expected
Username field should be visible on login page

When the exception was thrown, this was the stack:
#4      main.<anonymous closure>.loginUser (file:///Users/florian/Code/substitution/integration_test/room_discovery_strict_test.dart:83:7)
<asynchronous suspension>
#5      main.<anonymous closure>.<anonymous closure> (file:///Users/florian/Code/substitution/integration_test/room_discovery_strict_test.dart:289:9)
<asynchronous suspension>
#6      testWidgets.<anonymous closure>.<anonymous closure> (package:flutter_test/src/widget_tester.dart:192:15)
<asynchronous suspension>
#7      TestWidgetsFlutterBinding._runTestBody (package:flutter_test/src/binding.dart:1059:5)
<asynchronous suspension>
<asynchronous suspension>
(elided one frame from package:stack_trace)

This was caught by the test expectation on the following line:
  file:///Users/florian/Code/substitution/integration_test/room_discovery_strict_test.dart line 83
The test description was:
  STRICT: All 3 joined rooms are visible in room list
════════════════════════════════════════════════════════════════════════════════════════════════════
19:40 +13 -45: /Users/florian/Code/substitution/integration_test/room_discovery_strict_test.dart: Room Discovery, Join & Leave with Real Matrix Server STRICT: All 3 joined rooms are visible in room list [E]
  Test failed. See exception logs above.
  The test description was: STRICT: All 3 joined rooms are visible in room list
  

To run this test again: /opt/homebrew/share/flutter/bin/cache/dart-sdk/bin/dart test /Users/florian/Code/substitution/integration_test/room_discovery_strict_test.dart -p vm --plain-name 'Room Discovery, Join & Leave with Real Matrix Server STRICT: All 3 joined rooms are visible in room list'
19:40 +13 -45: /Users/florian/Code/substitution/integration_test/room_discovery_strict_test.dart: (tearDownAll)                                                                                        [+71502 ms] test 19: Test harness is no longer needed by test process
[        ] test 19: finished
[        ] test 19: cleaning up...
[        ] test 19: ensuring test device is terminated.
[        ] executing: /Users/florian/Library/Android/sdk/platform-tools/adb -s emulator-5554 shell am force-stop art.substitution.substitution
[        ] test 19: Test process is no longer needed by test harness
[  +53 ms] executing: /Users/florian/Library/Android/sdk/platform-tools/adb -s emulator-5554 uninstall art.substitution.substitution
[ +252 ms] Success
[        ] test 19: deleting temporary directory
[        ] test 19: finished
19:40 +13 -45: loading /Users/florian/Code/substitution/integration_test/onboarding_and_login_test.dart                                                                                                [        ] test 20: starting test /Users/florian/Code/substitution/integration_test/onboarding_and_login_test.dart
[        ] Stopping scan for flutter_test_config.dart; found project root at /Users/florian/Code/substitution
[        ] test 20: starting test device
[        ] test 20: awaiting connection to test device
[   +1 ms] executing: /Users/florian/Library/Android/sdk/build-tools/36.1.0/aapt dump xmltree /Users/florian/Code/substitution/build/app/outputs/flutter-apk/app-debug.apk AndroidManifest.xml
[  +11 ms] Exit code 0 from: /Users/florian/Library/Android/sdk/build-tools/36.1.0/aapt dump xmltree /Users/florian/Code/substitution/build/app/outputs/flutter-apk/app-debug.apk AndroidManifest.xml
[        ] N: android=http://schemas.android.com/apk/res/android
             E: manifest (line=2)
               A: android:versionCode(0x0101021b)=(type 0x10)0x7
               A: android:versionName(0x0101021c)="1.0.0" (Raw: "1.0.0")
               A: android:compileSdkVersion(0x01010572)=(type 0x10)0x24
               A: android:compileSdkVersionCodename(0x01010573)="16" (Raw: "16")
               A: package="art.substitution.substitution" (Raw: "art.substitution.substitution")
               A: platformBuildVersionCode=(type 0x10)0x24
               A: platformBuildVersionName=(type 0x10)0x10
               E: uses-sdk (line=7)
                 A: android:minSdkVersion(0x0101020c)=(type 0x10)0x18
                 A: android:targetSdkVersion(0x01010270)=(type 0x10)0x22
               E: uses-permission (line=15)
                 A: android:name(0x01010003)="android.permission.INTERNET" (Raw: "android.permission.INTERNET")
               E: uses-permission (line=16)
                 A: android:name(0x01010003)="android.permission.ACCESS_NETWORK_STATE" (Raw: "android.permission.ACCESS_NETWORK_STATE")
               E: permission (line=18)
                 A: android:name(0x01010003)="art.substitution.substitution.DYNAMIC_RECEIVER_NOT_EXPORTED_PERMISSION" (Raw: "art.substitution.substitution.DYNAMIC_RECEIVER_NOT_EXPORTED_PERMISSION")
                 A: android:protectionLevel(0x01010009)=(type 0x11)0x2
               E: uses-permission (line=22)
                 A: android:name(0x01010003)="art.substitution.substitution.DYNAMIC_RECEIVER_NOT_EXPORTED_PERMISSION" (Raw: "art.substitution.substitution.DYNAMIC_RECEIVER_NOT_EXPORTED_PERMISSION")
               E: application (line=24)
                 A: android:label(0x01010001)="substitution" (Raw: "substitution")
                 A: android:icon(0x01010002)=@0x7f0c0000
                 A: android:name(0x01010003)="android.app.Application" (Raw: "android.app.Application")
                 A: android:debuggable(0x0101000f)=(type 0x12)0xffffffff
                 A: android:extractNativeLibs(0x010104ea)=(type 0x12)0x0
                 A: android:appComponentFactory(0x0101057a)="androidx.core.app.CoreComponentFactory" (Raw: "androidx.core.app.CoreComponentFactory")
                 E: activity (line=31)
                   A: android:theme(0x01010000)=@0x7f0e00a2
                   A: android:name(0x01010003)="art.substitution.substitution.MainActivity" (Raw: "art.substitution.substitution.MainActivity")
                   A: android:exported(0x01010010)=(type 0x12)0xffffffff
                   A: android:launchMode(0x0101001d)=(type 0x10)0x1
                   A: android:configChanges(0x0101001f)=(type 0x11)0x40003fb4
                   A: android:windowSoftInputMode(0x0101022b)=(type 0x11)0x10
                   A: android:hardwareAccelerated(0x010102d3)=(type 0x12)0xffffffff
                   E: meta-data (line=46)
                     A: android:name(0x01010003)="io.flutter.embedding.android.NormalTheme" (Raw: "io.flutter.embedding.android.NormalTheme")
                     A: android:resource(0x01010025)=@0x7f0e00a3
                   E: intent-filter (line=50)
                     E: action (line=51)
                       A: android:name(0x01010003)="android.intent.action.MAIN" (Raw: "android.intent.action.MAIN")
                     E: category (line=53)
                       A: android:name(0x01010003)="android.intent.category.LAUNCHER" (Raw: "android.intent.category.LAUNCHER")
                   E: intent-filter (line=56)
                     E: action (line=57)
                       A: android:name(0x01010003)="android.intent.action.VIEW" (Raw: "android.intent.action.VIEW")
                     E: category (line=59)
                       A: android:name(0x01010003)="android.intent.category.DEFAULT" (Raw: "android.intent.category.DEFAULT")
                     E: category (line=60)
                       A: android:name(0x01010003)="android.intent.category.BROWSABLE" (Raw: "android.intent.category.BROWSABLE")
                     E: data (line=62)
                       A: android:scheme(0x01010027)="substitution" (Raw: "substitution")
                       A: android:host(0x01010028)="auth" (Raw: "auth")
                       A: android:pathPrefix(0x0101002b)="/login-callback" (Raw: "/login-callback")
                 E: meta-data (line=72)
                   A: android:name(0x01010003)="flutterEmbedding" (Raw: "flutterEmbedding")
                   A: android:value(0x01010024)=(type 0x10)0x2
                 E: activity (line=76)
                   A: android:theme(0x01010000)=@0x01030007
                   A: android:name(0x01010003)="io.flutter.plugins.urllauncher.WebViewActivity" (Raw: "io.flutter.plugins.urllauncher.WebViewActivity")
                   A: android:exported(0x01010010)=(type 0x12)0x0
                 E: uses-library (line=81)
                   A: android:name(0x01010003)="androidx.window.extensions" (Raw: "androidx.window.extensions")
                   A: android:required(0x0101028e)=(type 0x12)0x0
                 E: uses-library (line=84)
                   A: android:name(0x01010003)="androidx.window.sidecar" (Raw: "androidx.window.sidecar")
                   A: android:required(0x0101028e)=(type 0x12)0x0
                 E: provider (line=88)
                   A: android:name(0x01010003)="androidx.startup.InitializationProvider" (Raw: "androidx.startup.InitializationProvider")
                   A: android:exported(0x01010010)=(type 0x12)0x0
                   A: android:authorities(0x01010018)="art.substitution.substitution.androidx-startup" (Raw: "art.substitution.substitution.androidx-startup")
                   E: meta-data (line=92)
                     A: android:name(0x01010003)="androidx.lifecycle.ProcessLifecycleInitializer" (Raw: "androidx.lifecycle.ProcessLifecycleInitializer")
                     A: android:value(0x01010024)="androidx.startup" (Raw: "androidx.startup")
                   E: meta-data (line=95)
                     A: android:name(0x01010003)="androidx.profileinstaller.ProfileInstallerInitializer" (Raw: "androidx.profileinstaller.ProfileInstallerInitializer")
                     A: android:value(0x01010024)="androidx.startup" (Raw: "androidx.startup")
                 E: receiver (line=100)
                   A: android:name(0x01010003)="androidx.profileinstaller.ProfileInstallReceiver" (Raw: "androidx.profileinstaller.ProfileInstallReceiver")
                   A: android:permission(0x01010006)="android.permission.DUMP" (Raw: "android.permission.DUMP")
                   A: android:enabled(0x0101000e)=(type 0x12)0xffffffff
                   A: android:exported(0x01010010)=(type 0x12)0xffffffff
                   A: android:directBootAware(0x01010505)=(type 0x12)0x0
                   E: intent-filter (line=106)
                     E: action (line=107)
                       A: android:name(0x01010003)="androidx.profileinstaller.action.INSTALL_PROFILE" (Raw: "androidx.profileinstaller.action.INSTALL_PROFILE")
                   E: intent-filter (line=109)
                     E: action (line=110)
                       A: android:name(0x01010003)="androidx.profileinstaller.action.SKIP_FILE" (Raw: "androidx.profileinstaller.action.SKIP_FILE")
                   E: intent-filter (line=112)
                     E: action (line=113)
                       A: android:name(0x01010003)="androidx.profileinstaller.action.SAVE_PROFILE" (Raw: "androidx.profileinstaller.action.SAVE_PROFILE")
                   E: intent-filter (line=115)
                     E: action (line=116)
                       A: android:name(0x01010003)="androidx.profileinstaller.action.BENCHMARK_OPERATION" (Raw: "androidx.profileinstaller.action.BENCHMARK_OPERATION")
[        ] Building APK
[        ] Version of Java is different than impacted version, no migration attempted.
[        ] CMake project not found, skipping support Android 15 16k page size migration.
[        ] Using gradle from /Users/florian/Code/substitution/android/gradlew.
[   +5 ms] LocalFile: '/Users/florian/Code/substitution/android/build.gradle' provides AGP version from classpath: 8.6.0
[   +8 ms] Running Gradle task 'assembleDebug'...
[        ] executing: [/Users/florian/Code/substitution/android/] /Users/florian/Code/substitution/android/gradlew --full-stacktrace --info -Pverbose=true -PskipDependencyChecks=true -Ptarget-platform=android-arm64 -Ptarget=/var/folders/l_/w8pnbb9d38n57pzg9j98fmy80000gn/T/flutter_tools.wuOse9/flutter_test_listener.RvtA1y/listener.dart -Pbase-application-name=android.app.Application -Pdart-defines=TUFUUklYX1NFUlZFUj1odHRwOi8vbG9jYWxob3N0OjgwMDg=,TUFUUklYX1RFU1RfVVNFUj0=,TUFUUklYX1RFU1RfUEFTU1dPUkQ9,RkxVVFRFUl9WRVJTSU9OPTMuMzguOQ==,RkxVVFRFUl9DSEFOTkVMPXN0YWJsZQ==,RkxVVFRFUl9HSVRfVVJMPWh0dHBzOi8vZ2l0aHViLmNvbS9mbHV0dGVyL2ZsdXR0ZXIuZ2l0,RkxVVFRFUl9GUkFNRVdPUktfUkVWSVNJT049NjczMjNkZTI4NQ==,RkxVVFRFUl9FTkdJTkVfUkVWSVNJT049NTg3YzE4Zjg3Mw==,RkxVVFRFUl9EQVJUX1ZFUlNJT049My4xMC44,SU5URUdSQVRJT05fVEVTVF9TSE9VTERfUkVQT1JUX1JFU1VMVFNfVE9fTkFUSVZFPWZhbHNl -Pdart-obfuscation=false -Ptrack-widget-creation=true -Ptree-shake-icons=false assembleDebug
[ +283 ms] Initialized native services in: /Users/florian/.gradle/native
[        ] Initialized jansi services in: /Users/florian/.gradle/native
[ +215 ms] The client will now receive all logging from the daemon (pid: 43439). The daemon log file: /Users/florian/.gradle/daemon/8.12.1/daemon-43439.out.log
[        ] Starting 113th build in daemon [uptime: 2 hrs 17 mins 30.005 secs, performance: 100%, GC rate: 0.00/s, heap usage: 0% of 4 GiB]
[        ] Using 32 worker leases.
[        ] Now considering [/Users/florian/Code/substitution/android, /opt/homebrew/share/flutter/packages/flutter_tools/gradle] as hierarchies to watch
[        ] Watching the file system is configured to be enabled if available
[        ] File system watching is active
[        ] Starting Build
[        ] Now considering [/opt/homebrew/share/flutter/packages/flutter_tools/gradle, /Users/florian/Code/substitution/android] as hierarchies to watch
[        ] > Configure project :gradle
[        ] Evaluating project ':gradle' using build file '/opt/homebrew/share/flutter/packages/flutter_tools/gradle/build.gradle.kts'.
[        ] Resolved plugin [id: 'org.gradle.java-gradle-plugin']
[        ] Resolved plugin [id: 'org.gradle.groovy']
[        ] Resolved plugin [id: 'org.gradle.kotlin.kotlin-dsl', version: '5.1.2']
[        ] Resolved plugin [id: 'org.jetbrains.kotlin.jvm', version: '1.9.20']
[        ] Using Kotlin Gradle Plugin gradle85 variant
[        ] kotlin scripting plugin: created the scripting discovery configuration: kotlinScriptDef
[        ] kotlin scripting plugin: created the scripting discovery configuration: testKotlinScriptDef
[        ] file or directory '/opt/homebrew/share/flutter/packages/flutter_tools/gradle/src/main/java', not found
[        ] Resolved plugin [id: 'dev.flutter.flutter-plugin-loader', version: '1.0.0']
[        ] Resolved plugin [id: 'com.android.application', version: '8.9.1', apply: false]
[        ] Resolved plugin [id: 'org.jetbrains.kotlin.android', version: '2.1.0', apply: false]
[        ] Resolve mutations for :gradle:checkKotlinGradlePluginConfigurationErrors (Thread[#45220,Execution worker,5,main]) started.
[        ] :gradle:checkKotlinGradlePluginConfigurationErrors (Thread[#45220,Execution worker,5,main]) started.
[        ] > Task :gradle:checkKotlinGradlePluginConfigurationErrors SKIPPED
[        ] Skipping task ':gradle:checkKotlinGradlePluginConfigurationErrors' as task onlyIf 'errorDiagnostics are present' is false.
[        ] Resolve mutations for :gradle:compileKotlin (Thread[#45220,Execution worker,5,main]) started.
[        ] :gradle:compileKotlin (Thread[#45220,Execution worker,5,main]) started.
[        ] > Task :gradle:compileKotlin UP-TO-DATE
[        ] Caching disabled for task ':gradle:compileKotlin' because:
[        ]   Build cache is disabled
[        ] Skipping task ':gradle:compileKotlin' as it is up-to-date.
[        ] Resolve mutations for :gradle:compileJava (Thread[#45220,Execution worker,5,main]) started.
[        ] :gradle:compileJava (Thread[#45220,Execution worker,5,main]) started.
[        ] > Task :gradle:compileJava NO-SOURCE
[        ] Skipping task ':gradle:compileJava' as it has no source files and no previous output files.
[        ] Resolve mutations for :gradle:compileGroovy (Thread[#45220,Execution worker,5,main]) started.
[        ] :gradle:compileGroovy (Thread[#45220,Execution worker,5,main]) started.
[        ] > Task :gradle:compileGroovy NO-SOURCE
[        ] Skipping task ':gradle:compileGroovy' as it has no source files and no previous output files.
[        ] Resolve mutations for :gradle:pluginDescriptors (Thread[#45220,Execution worker,5,main]) started.
[        ] :gradle:pluginDescriptors (Thread[#45220,Execution worker,5,main]) started.
[        ] > Task :gradle:pluginDescriptors UP-TO-DATE
[        ] Caching disabled for task ':gradle:pluginDescriptors' because:
[        ]   Build cache is disabled
[        ]   Not worth caching
[        ] Skipping task ':gradle:pluginDescriptors' as it is up-to-date.
[        ] Resolve mutations for :gradle:processResources (Thread[#45220,Execution worker,5,main]) started.
[        ] :gradle:processResources (Thread[#45220,Execution worker,5,main]) started.
[        ] > Task :gradle:processResources UP-TO-DATE
[        ] Caching disabled for task ':gradle:processResources' because:
[        ]   Build cache is disabled
[        ]   Not worth caching
[        ] Skipping task ':gradle:processResources' as it is up-to-date.
[        ] Resolve mutations for :gradle:classes (Thread[#45220,Execution worker,5,main]) started.
[        ] :gradle:classes (Thread[#45220,Execution worker,5,main]) started.
[        ] > Task :gradle:classes UP-TO-DATE
[        ] Skipping task ':gradle:classes' as it has no actions.
[        ] Resolve mutations for :gradle:jar (Thread[#45220,Execution worker,5,main]) started.
[        ] :gradle:jar (Thread[#45220,Execution worker,5,main]) started.
[        ] > Task :gradle:jar UP-TO-DATE
[        ] Caching disabled for task ':gradle:jar' because:
[        ]   Build cache is disabled
[        ]   Not worth caching
[        ] Skipping task ':gradle:jar' as it is up-to-date.
[        ] Settings evaluated using settings file '/Users/florian/Code/substitution/android/settings.gradle'.
[        ] Projects loaded. Root project using build file '/Users/florian/Code/substitution/android/build.gradle'.
[        ] Included projects: [root project 'android', project ':app', project ':connectivity_plus', project ':emoji_picker_flutter', project ':file_selector_android', project ':flutter_keyboard_visibility_temp_fork', project ':flutter_native_splash', project ':flutter_olm', project ':flutter_openssl_crypto', project ':integration_test', project ':path_provider_android', project ':quill_native_bridge_android', project ':shared_preferences_android', project ':sqflite_android', project ':url_launcher_android', project ':video_player_android']
[  +89 ms] > Configure project :app
[        ] Evaluating project ':app' using build file '/Users/florian/Code/substitution/android/app/build.gradle'.
[        ] Resolved plugin [id: 'com.android.application']
[        ] Resolved plugin [id: 'kotlin-android']
[        ] Resolved plugin [id: 'dev.flutter.flutter-gradle-plugin']
[        ] Using default execution profile
[        ] Using Kotlin Gradle Plugin gradle85 variant
[        ] C/C++: android.ndkVersion from module build.gradle is [28.2.13676358]
[        ] C/C++: android.ndkPath from module build.gradle is not set
[        ] C/C++: ndk.dir in local.properties is not set
[        ] C/C++: Not considering ANDROID_NDK_HOME because support was removed after deprecation period.
[        ] C/C++: sdkFolder is /Users/florian/Library/Android/sdk
[        ] C/C++: android.ndkVersion from module build.gradle is [28.2.13676358]
[        ] C/C++: android.ndkPath from module build.gradle is not set
[        ] C/C++: ndk.dir in local.properties is not set
[        ] C/C++: Not considering ANDROID_NDK_HOME because support was removed after deprecation period.
[        ] C/C++: sdkFolder is /Users/florian/Library/Android/sdk
[        ] C/C++: android.ndkVersion from module build.gradle is [28.2.13676358]
[        ] C/C++: android.ndkPath from module build.gradle is not set
[        ] C/C++: ndk.dir in local.properties is not set
[        ] C/C++: Not considering ANDROID_NDK_HOME because support was removed after deprecation period.
[        ] C/C++: sdkFolder is /Users/florian/Library/Android/sdk
[        ] C/C++: android.ndkVersion from module build.gradle is [28.2.13676358]
[        ] C/C++: android.ndkPath from module build.gradle is not set
[        ] C/C++: ndk.dir in local.properties is not set
[        ] C/C++: Not considering ANDROID_NDK_HOME because support was removed after deprecation period.
[        ] C/C++: sdkFolder is /Users/florian/Library/Android/sdk
[        ] C/C++: android.ndkVersion from module build.gradle is [28.2.13676358]
[        ] C/C++: android.ndkPath from module build.gradle is not set
[        ] C/C++: ndk.dir in local.properties is not set
[        ] C/C++: Not considering ANDROID_NDK_HOME because support was removed after deprecation period.
[        ] C/C++: sdkFolder is /Users/florian/Library/Android/sdk
[        ] C/C++: android.ndkVersion from module build.gradle is [28.2.13676358]
[        ] C/C++: android.ndkPath from module build.gradle is not set
[        ] C/C++: ndk.dir in local.properties is not set
[        ] C/C++: Not considering ANDROID_NDK_HOME because support was removed after deprecation period.
[        ] C/C++: sdkFolder is /Users/florian/Library/Android/sdk
[        ] C/C++: android.ndkVersion from module build.gradle is [28.2.13676358]
[        ] C/C++: android.ndkPath from module build.gradle is not set
[        ] C/C++: ndk.dir in local.properties is not set
[        ] C/C++: Not considering ANDROID_NDK_HOME because support was removed after deprecation period.
[        ] C/C++: sdkFolder is /Users/florian/Library/Android/sdk
[        ] C/C++: android.ndkVersion from module build.gradle is [28.2.13676358]
[        ] C/C++: android.ndkPath from module build.gradle is not set
[        ] C/C++: ndk.dir in local.properties is not set
[        ] C/C++: Not considering ANDROID_NDK_HOME because support was removed after deprecation period.
[        ] C/C++: sdkFolder is /Users/florian/Library/Android/sdk
[        ] C/C++: android.ndkVersion from module build.gradle is [28.2.13676358]
[        ] C/C++: android.ndkPath from module build.gradle is not set
[        ] C/C++: ndk.dir in local.properties is not set
[        ] C/C++: Not considering ANDROID_NDK_HOME because support was removed after deprecation period.
[        ] C/C++: sdkFolder is /Users/florian/Library/Android/sdk
[        ] C/C++: android.ndkVersion from module build.gradle is [28.2.13676358]
[        ] C/C++: android.ndkPath from module build.gradle is not set
[        ] C/C++: ndk.dir in local.properties is not set
[        ] C/C++: Not considering ANDROID_NDK_HOME because support was removed after deprecation period.
[        ] C/C++: sdkFolder is /Users/florian/Library/Android/sdk
[        ] C/C++: android.ndkVersion from module build.gradle is [28.2.13676358]
[        ] C/C++: android.ndkPath from module build.gradle is not set
[        ] C/C++: ndk.dir in local.properties is not set
[        ] C/C++: Not considering ANDROID_NDK_HOME because support was removed after deprecation period.
[        ] C/C++: sdkFolder is /Users/florian/Library/Android/sdk
[        ] C/C++: android.ndkVersion from module build.gradle is [28.2.13676358]
[        ] C/C++: android.ndkPath from module build.gradle is not set
[        ] C/C++: ndk.dir in local.properties is not set
[        ] C/C++: Not considering ANDROID_NDK_HOME because support was removed after deprecation period.
[        ] C/C++: sdkFolder is /Users/florian/Library/Android/sdk
[        ] C/C++: android.ndkVersion from module build.gradle is [28.2.13676358]
[        ] C/C++: android.ndkPath from module build.gradle is not set
[        ] C/C++: ndk.dir in local.properties is not set
[        ] C/C++: Not considering ANDROID_NDK_HOME because support was removed after deprecation period.
[        ] C/C++: sdkFolder is /Users/florian/Library/Android/sdk
[        ] C/C++: android.ndkVersion from module build.gradle is [28.2.13676358]
[        ] C/C++: android.ndkPath from module build.gradle is not set
[        ] C/C++: ndk.dir in local.properties is not set
[        ] C/C++: Not considering ANDROID_NDK_HOME because support was removed after deprecation period.
[        ] C/C++: sdkFolder is /Users/florian/Library/Android/sdk
[        ] C/C++: android.ndkVersion from module build.gradle is [28.2.13676358]
[        ] C/C++: android.ndkPath from module build.gradle is not set
[        ] C/C++: ndk.dir in local.properties is not set
[        ] C/C++: Not considering ANDROID_NDK_HOME because support was removed after deprecation period.
[        ] C/C++: sdkFolder is /Users/florian/Library/Android/sdk
[        ] C/C++: android.ndkVersion from module build.gradle is [28.2.13676358]
[        ] C/C++: android.ndkPath from module build.gradle is not set
[        ] C/C++: ndk.dir in local.properties is not set
[        ] C/C++: Not considering ANDROID_NDK_HOME because support was removed after deprecation period.
[        ] C/C++: sdkFolder is /Users/florian/Library/Android/sdk
[        ] C/C++: android.ndkVersion from module build.gradle is [28.2.13676358]
[        ] C/C++: android.ndkPath from module build.gradle is not set
[        ] C/C++: ndk.dir in local.properties is not set
[        ] C/C++: Not considering ANDROID_NDK_HOME because support was removed after deprecation period.
[        ] C/C++: sdkFolder is /Users/florian/Library/Android/sdk
[        ] C/C++: android.ndkVersion from module build.gradle is [28.2.13676358]
[        ] C/C++: android.ndkPath from module build.gradle is not set
[        ] C/C++: ndk.dir in local.properties is not set
[        ] C/C++: Not considering ANDROID_NDK_HOME because support was removed after deprecation period.
[        ] C/C++: sdkFolder is /Users/florian/Library/Android/sdk
[        ] C/C++: android.ndkVersion from module build.gradle is [28.2.13676358]
[        ] C/C++: android.ndkPath from module build.gradle is not set
[        ] C/C++: ndk.dir in local.properties is not set
[        ] C/C++: Not considering ANDROID_NDK_HOME because support was removed after deprecation period.
[        ] C/C++: sdkFolder is /Users/florian/Library/Android/sdk
[        ] > Configure project :
[        ] Evaluating root project 'android' using build file '/Users/florian/Code/substitution/android/build.gradle'.
[        ] > Configure project :connectivity_plus
[        ] Evaluating project ':connectivity_plus' using build file '/Users/florian/.pub-cache/hosted/pub.dev/connectivity_plus-5.0.2/android/build.gradle'.
[        ] Using default execution profile
[        ] > Configure project :emoji_picker_flutter
[        ] Evaluating project ':emoji_picker_flutter' using build file '/Users/florian/.pub-cache/hosted/pub.dev/emoji_picker_flutter-4.4.0/android/build.gradle'.
[        ] Using default execution profile
[        ] Using Kotlin Gradle Plugin gradle85 variant
[   +1 ms] > Configure project :file_selector_android
[        ] Evaluating project ':file_selector_android' using build file '/Users/florian/.pub-cache/hosted/pub.dev/file_selector_android-0.5.2+4/android/build.gradle'.
[        ] Using default execution profile
19:41 +13 -45: loading /Users/florian/Code/substitution/integration_test/onboarding_and_login_test.dart                                                                                                [  +95 ms] > Configure project :flutter_keyboard_visibility_temp_fork
[        ] Evaluating project ':flutter_keyboard_visibility_temp_fork' using build file '/Users/florian/.pub-cache/hosted/pub.dev/flutter_keyboard_visibility_temp_fork-0.1.5/android/build.gradle'.
[        ] Using default execution profile
[        ] > Configure project :flutter_native_splash
[        ] Evaluating project ':flutter_native_splash' using build file '/Users/florian/.pub-cache/hosted/pub.dev/flutter_native_splash-2.4.7/android/build.gradle'.
[        ] Using default execution profile
[        ] > Configure project :flutter_olm
[        ] Evaluating project ':flutter_olm' using build file '/Users/florian/.pub-cache/hosted/pub.dev/flutter_olm-2.0.0/android/build.gradle'.
[        ] Using default execution profile
[        ] Using Kotlin Gradle Plugin gradle85 variant
[        ] C/C++: android.ndkVersion from module build.gradle is [27.0.12077973]
[        ] C/C++: android.ndkPath from module build.gradle is not set
[        ] C/C++: ndk.dir in local.properties is not set
[        ] C/C++: Not considering ANDROID_NDK_HOME because support was removed after deprecation period.
[        ] C/C++: sdkFolder is /Users/florian/Library/Android/sdk
[        ] C/C++: android.ndkVersion from module build.gradle is [27.0.12077973]
[        ] C/C++: android.ndkPath from module build.gradle is not set
[        ] C/C++: ndk.dir in local.properties is not set
[        ] C/C++: Not considering ANDROID_NDK_HOME because support was removed after deprecation period.
[        ] C/C++: sdkFolder is /Users/florian/Library/Android/sdk
[        ] C/C++: android.ndkVersion from module build.gradle is [27.0.12077973]
[        ] C/C++: android.ndkPath from module build.gradle is not set
[        ] C/C++: ndk.dir in local.properties is not set
[        ] C/C++: Not considering ANDROID_NDK_HOME because support was removed after deprecation period.
[        ] C/C++: sdkFolder is /Users/florian/Library/Android/sdk
[        ] C/C++: android.ndkVersion from module build.gradle is [27.0.12077973]
[        ] C/C++: android.ndkPath from module build.gradle is not set
[        ] C/C++: ndk.dir in local.properties is not set
[        ] C/C++: Not considering ANDROID_NDK_HOME because support was removed after deprecation period.
[        ] C/C++: sdkFolder is /Users/florian/Library/Android/sdk
[        ] C/C++: android.ndkVersion from module build.gradle is [27.0.12077973]
[        ] C/C++: android.ndkPath from module build.gradle is not set
[        ] C/C++: ndk.dir in local.properties is not set
[        ] C/C++: Not considering ANDROID_NDK_HOME because support was removed after deprecation period.
[        ] C/C++: sdkFolder is /Users/florian/Library/Android/sdk
[        ] C/C++: android.ndkVersion from module build.gradle is [27.0.12077973]
[        ] C/C++: android.ndkPath from module build.gradle is not set
[        ] C/C++: ndk.dir in local.properties is not set
[        ] C/C++: Not considering ANDROID_NDK_HOME because support was removed after deprecation period.
[        ] C/C++: sdkFolder is /Users/florian/Library/Android/sdk
[        ] C/C++: android.ndkVersion from module build.gradle is [27.0.12077973]
[        ] C/C++: android.ndkPath from module build.gradle is not set
[        ] C/C++: ndk.dir in local.properties is not set
[        ] C/C++: Not considering ANDROID_NDK_HOME because support was removed after deprecation period.
[        ] C/C++: sdkFolder is /Users/florian/Library/Android/sdk
[        ] C/C++: android.ndkVersion from module build.gradle is [27.0.12077973]
[        ] C/C++: android.ndkPath from module build.gradle is not set
[        ] C/C++: ndk.dir in local.properties is not set
[        ] C/C++: Not considering ANDROID_NDK_HOME because support was removed after deprecation period.
[        ] C/C++: sdkFolder is /Users/florian/Library/Android/sdk
[        ] C/C++: android.ndkVersion from module build.gradle is [27.0.12077973]
[        ] C/C++: android.ndkPath from module build.gradle is not set
[        ] C/C++: ndk.dir in local.properties is not set
[        ] C/C++: Not considering ANDROID_NDK_HOME because support was removed after deprecation period.
[        ] C/C++: sdkFolder is /Users/florian/Library/Android/sdk
[        ] C/C++: android.ndkVersion from module build.gradle is [27.0.12077973]
[        ] C/C++: android.ndkPath from module build.gradle is not set
[        ] C/C++: ndk.dir in local.properties is not set
[        ] C/C++: Not considering ANDROID_NDK_HOME because support was removed after deprecation period.
[        ] C/C++: sdkFolder is /Users/florian/Library/Android/sdk
[        ] C/C++: android.ndkVersion from module build.gradle is [27.0.12077973]
[        ] C/C++: android.ndkPath from module build.gradle is not set
[        ] C/C++: ndk.dir in local.properties is not set
[        ] C/C++: Not considering ANDROID_NDK_HOME because support was removed after deprecation period.
[        ] C/C++: sdkFolder is /Users/florian/Library/Android/sdk
[        ] C/C++: android.ndkVersion from module build.gradle is [27.0.12077973]
[        ] C/C++: android.ndkPath from module build.gradle is not set
[        ] C/C++: ndk.dir in local.properties is not set
[        ] C/C++: Not considering ANDROID_NDK_HOME because support was removed after deprecation period.
[        ] C/C++: sdkFolder is /Users/florian/Library/Android/sdk
[        ] C/C++: android.ndkVersion from module build.gradle is [27.0.12077973]
[        ] C/C++: android.ndkPath from module build.gradle is not set
[        ] C/C++: ndk.dir in local.properties is not set
[        ] C/C++: Not considering ANDROID_NDK_HOME because support was removed after deprecation period.
[        ] C/C++: sdkFolder is /Users/florian/Library/Android/sdk
[        ] C/C++: android.ndkVersion from module build.gradle is [27.0.12077973]
[        ] C/C++: android.ndkPath from module build.gradle is not set
[        ] C/C++: ndk.dir in local.properties is not set
[        ] C/C++: Not considering ANDROID_NDK_HOME because support was removed after deprecation period.
[        ] C/C++: sdkFolder is /Users/florian/Library/Android/sdk
[        ] C/C++: android.ndkVersion from module build.gradle is [27.0.12077973]
[        ] C/C++: android.ndkPath from module build.gradle is not set
[        ] C/C++: ndk.dir in local.properties is not set
[        ] C/C++: Not considering ANDROID_NDK_HOME because support was removed after deprecation period.
[        ] C/C++: sdkFolder is /Users/florian/Library/Android/sdk
[        ] C/C++: android.ndkVersion from module build.gradle is [27.0.12077973]
[        ] C/C++: android.ndkPath from module build.gradle is not set
[        ] C/C++: ndk.dir in local.properties is not set
[        ] C/C++: Not considering ANDROID_NDK_HOME because support was removed after deprecation period.
[        ] C/C++: sdkFolder is /Users/florian/Library/Android/sdk
[        ] C/C++: android.ndkVersion from module build.gradle is [27.0.12077973]
[        ] C/C++: android.ndkPath from module build.gradle is not set
[        ] C/C++: ndk.dir in local.properties is not set
[        ] C/C++: Not considering ANDROID_NDK_HOME because support was removed after deprecation period.
[        ] C/C++: sdkFolder is /Users/florian/Library/Android/sdk
[        ] C/C++: android.ndkVersion from module build.gradle is [27.0.12077973]
[        ] C/C++: android.ndkPath from module build.gradle is not set
[        ] C/C++: ndk.dir in local.properties is not set
[        ] C/C++: Not considering ANDROID_NDK_HOME because support was removed after deprecation period.
[        ] C/C++: sdkFolder is /Users/florian/Library/Android/sdk
[        ] C/C++: android.ndkVersion from module build.gradle is [27.0.12077973]
[        ] C/C++: android.ndkPath from module build.gradle is not set
[        ] C/C++: ndk.dir in local.properties is not set
[        ] C/C++: Not considering ANDROID_NDK_HOME because support was removed after deprecation period.
[        ] C/C++: sdkFolder is /Users/florian/Library/Android/sdk
[        ] > Configure project :flutter_openssl_crypto
[        ] Evaluating project ':flutter_openssl_crypto' using build file '/Users/florian/.pub-cache/hosted/pub.dev/flutter_openssl_crypto-0.5.0/android/build.gradle'.
[        ] Using default execution profile
[        ] Using Kotlin Gradle Plugin gradle85 variant
[        ] C/C++: android.ndkVersion from module build.gradle is [27.0.12077973]
[        ] C/C++: android.ndkPath from module build.gradle is not set
[        ] C/C++: ndk.dir in local.properties is not set
[        ] C/C++: Not considering ANDROID_NDK_HOME because support was removed after deprecation period.
[        ] C/C++: sdkFolder is /Users/florian/Library/Android/sdk
[        ] C/C++: android.ndkVersion from module build.gradle is [27.0.12077973]
[        ] C/C++: android.ndkPath from module build.gradle is not set
[        ] C/C++: ndk.dir in local.properties is not set
[        ] C/C++: Not considering ANDROID_NDK_HOME because support was removed after deprecation period.
[        ] C/C++: sdkFolder is /Users/florian/Library/Android/sdk
[        ] C/C++: android.ndkVersion from module build.gradle is [27.0.12077973]
[        ] C/C++: android.ndkPath from module build.gradle is not set
[        ] C/C++: ndk.dir in local.properties is not set
[        ] C/C++: Not considering ANDROID_NDK_HOME because support was removed after deprecation period.
[        ] C/C++: sdkFolder is /Users/florian/Library/Android/sdk
[        ] C/C++: android.ndkVersion from module build.gradle is [27.0.12077973]
[        ] C/C++: android.ndkPath from module build.gradle is not set
[        ] C/C++: ndk.dir in local.properties is not set
[        ] C/C++: Not considering ANDROID_NDK_HOME because support was removed after deprecation period.
[        ] C/C++: sdkFolder is /Users/florian/Library/Android/sdk
[        ] C/C++: android.ndkVersion from module build.gradle is [27.0.12077973]
[        ] C/C++: android.ndkPath from module build.gradle is not set
[        ] C/C++: ndk.dir in local.properties is not set
[        ] C/C++: Not considering ANDROID_NDK_HOME because support was removed after deprecation period.
[        ] C/C++: sdkFolder is /Users/florian/Library/Android/sdk
[        ] C/C++: android.ndkVersion from module build.gradle is [27.0.12077973]
[        ] C/C++: android.ndkPath from module build.gradle is not set
[        ] C/C++: ndk.dir in local.properties is not set
[        ] C/C++: Not considering ANDROID_NDK_HOME because support was removed after deprecation period.
[        ] C/C++: sdkFolder is /Users/florian/Library/Android/sdk
[        ] C/C++: android.ndkVersion from module build.gradle is [27.0.12077973]
[        ] C/C++: android.ndkPath from module build.gradle is not set
[        ] C/C++: ndk.dir in local.properties is not set
[        ] C/C++: Not considering ANDROID_NDK_HOME because support was removed after deprecation period.
[        ] C/C++: sdkFolder is /Users/florian/Library/Android/sdk
[        ] C/C++: android.ndkVersion from module build.gradle is [27.0.12077973]
[        ] C/C++: android.ndkPath from module build.gradle is not set
[        ] C/C++: ndk.dir in local.properties is not set
[        ] C/C++: Not considering ANDROID_NDK_HOME because support was removed after deprecation period.
[        ] C/C++: sdkFolder is /Users/florian/Library/Android/sdk
[        ] C/C++: android.ndkVersion from module build.gradle is [27.0.12077973]
[        ] C/C++: android.ndkPath from module build.gradle is not set
[        ] C/C++: ndk.dir in local.properties is not set
[        ] C/C++: Not considering ANDROID_NDK_HOME because support was removed after deprecation period.
[        ] C/C++: sdkFolder is /Users/florian/Library/Android/sdk
[        ] C/C++: android.ndkVersion from module build.gradle is [27.0.12077973]
[        ] C/C++: android.ndkPath from module build.gradle is not set
[        ] C/C++: ndk.dir in local.properties is not set
[        ] C/C++: Not considering ANDROID_NDK_HOME because support was removed after deprecation period.
[        ] C/C++: sdkFolder is /Users/florian/Library/Android/sdk
[        ] C/C++: android.ndkVersion from module build.gradle is [27.0.12077973]
[        ] C/C++: android.ndkPath from module build.gradle is not set
[        ] C/C++: ndk.dir in local.properties is not set
[        ] C/C++: Not considering ANDROID_NDK_HOME because support was removed after deprecation period.
[        ] C/C++: sdkFolder is /Users/florian/Library/Android/sdk
[        ] C/C++: android.ndkVersion from module build.gradle is [27.0.12077973]
[        ] C/C++: android.ndkPath from module build.gradle is not set
[        ] C/C++: ndk.dir in local.properties is not set
[        ] C/C++: Not considering ANDROID_NDK_HOME because support was removed after deprecation period.
[        ] C/C++: sdkFolder is /Users/florian/Library/Android/sdk
[        ] C/C++: android.ndkVersion from module build.gradle is [27.0.12077973]
[        ] C/C++: android.ndkPath from module build.gradle is not set
[        ] C/C++: ndk.dir in local.properties is not set
[        ] C/C++: Not considering ANDROID_NDK_HOME because support was removed after deprecation period.
[        ] C/C++: sdkFolder is /Users/florian/Library/Android/sdk
[        ] C/C++: android.ndkVersion from module build.gradle is [27.0.12077973]
[        ] C/C++: android.ndkPath from module build.gradle is not set
[        ] C/C++: ndk.dir in local.properties is not set
[        ] C/C++: Not considering ANDROID_NDK_HOME because support was removed after deprecation period.
[        ] C/C++: sdkFolder is /Users/florian/Library/Android/sdk
[        ] C/C++: android.ndkVersion from module build.gradle is [27.0.12077973]
[        ] C/C++: android.ndkPath from module build.gradle is not set
[        ] C/C++: ndk.dir in local.properties is not set
[        ] C/C++: Not considering ANDROID_NDK_HOME because support was removed after deprecation period.
[        ] C/C++: sdkFolder is /Users/florian/Library/Android/sdk
[        ] C/C++: android.ndkVersion from module build.gradle is [27.0.12077973]
[        ] C/C++: android.ndkPath from module build.gradle is not set
[        ] C/C++: ndk.dir in local.properties is not set
[        ] C/C++: Not considering ANDROID_NDK_HOME because support was removed after deprecation period.
[        ] C/C++: sdkFolder is /Users/florian/Library/Android/sdk
[        ] C/C++: android.ndkVersion from module build.gradle is [27.0.12077973]
[        ] C/C++: android.ndkPath from module build.gradle is not set
[        ] C/C++: ndk.dir in local.properties is not set
[        ] C/C++: Not considering ANDROID_NDK_HOME because support was removed after deprecation period.
[        ] C/C++: sdkFolder is /Users/florian/Library/Android/sdk
[        ] C/C++: android.ndkVersion from module build.gradle is [27.0.12077973]
[        ] C/C++: android.ndkPath from module build.gradle is not set
[        ] C/C++: ndk.dir in local.properties is not set
[        ] C/C++: Not considering ANDROID_NDK_HOME because support was removed after deprecation period.
[        ] C/C++: sdkFolder is /Users/florian/Library/Android/sdk
[        ] C/C++: android.ndkVersion from module build.gradle is [27.0.12077973]
[        ] C/C++: android.ndkPath from module build.gradle is not set
[        ] C/C++: ndk.dir in local.properties is not set
[        ] C/C++: Not considering ANDROID_NDK_HOME because support was removed after deprecation period.
[        ] C/C++: sdkFolder is /Users/florian/Library/Android/sdk
[  +95 ms] > Configure project :integration_test
[        ] Evaluating project ':integration_test' using build file '/opt/homebrew/share/flutter/packages/integration_test/android/build.gradle.kts'.
[        ] Resolved plugin [id: 'com.android.library']
[        ] Using default execution profile
[        ] > Configure project :path_provider_android
[        ] Evaluating project ':path_provider_android' using build file '/Users/florian/.pub-cache/hosted/pub.dev/path_provider_android-2.2.22/android/build.gradle'.
[        ] Using default execution profile
[        ] > Configure project :quill_native_bridge_android
[        ] Evaluating project ':quill_native_bridge_android' using build file '/Users/florian/.pub-cache/hosted/pub.dev/quill_native_bridge_android-0.0.1+2/android/build.gradle'.
[        ] Using default execution profile
[        ] Using Kotlin Gradle Plugin gradle85 variant
[        ] > Configure project :shared_preferences_android
[        ] Evaluating project ':shared_preferences_android' using build file '/Users/florian/.pub-cache/hosted/pub.dev/shared_preferences_android-2.4.20/android/build.gradle'.
[        ] Using default execution profile
[        ] Using Kotlin Gradle Plugin gradle85 variant
[        ] > Configure project :sqflite_android
[        ] Evaluating project ':sqflite_android' using build file '/Users/florian/.pub-cache/hosted/pub.dev/sqflite_android-2.4.2+2/android/build.gradle'.
[        ] Using default execution profile
[        ] > Configure project :url_launcher_android
[        ] Evaluating project ':url_launcher_android' using build file '/Users/florian/.pub-cache/hosted/pub.dev/url_launcher_android-6.3.28/android/build.gradle'.
[        ] Using default execution profile
[ +109 ms] > Configure project :video_player_android
[        ] Evaluating project ':video_player_android' using build file '/Users/florian/.pub-cache/hosted/pub.dev/video_player_android-2.9.1/android/build.gradle'.
[        ] Using default execution profile
[        ] Using Kotlin Gradle Plugin gradle85 variant
[        ] All projects evaluated.
[        ] Task name matched 'assembleDebug'
[        ] Selected primary task 'assembleDebug' from project :
[        ] Adding -Xuse-inline-scopes-numbers Kotlin compiler flag for task :app:compileDebugKotlin
[   +2 ms] Tasks to be executed: [task ':app:preBuild', task ':app:preDebugBuild', task ':app:mergeDebugNativeDebugMetadata', task ':app:checkKotlinGradlePluginConfigurationErrors', task ':app:compileFlutterBuildDebug', task ':app:packJniLibsflutterBuildDebug', task ':connectivity_plus:preBuild', task ':connectivity_plus:preDebugBuild', task ':connectivity_plus:writeDebugAarMetadata', task ':emoji_picker_flutter:preBuild', task ':emoji_picker_flutter:preDebugBuild', task ':emoji_picker_flutter:writeDebugAarMetadata', task ':file_selector_android:preBuild', task ':file_selector_android:preDebugBuild', task ':file_selector_android:writeDebugAarMetadata', task ':flutter_keyboard_visibility_temp_fork:preBuild', task ':flutter_keyboard_visibility_temp_fork:preDebugBuild', task ':flutter_keyboard_visibility_temp_fork:writeDebugAarMetadata', task ':flutter_native_splash:preBuild', task ':flutter_native_splash:preDebugBuild', task ':flutter_native_splash:writeDebugAarMetadata', task ':flutter_olm:preBuild', task ':flutter_olm:preDebugBuild', task ':flutter_olm:writeDebugAarMetadata', task ':flutter_openssl_crypto:preBuild', task ':flutter_openssl_crypto:preDebugBuild', task ':flutter_openssl_crypto:writeDebugAarMetadata', task ':integration_test:preBuild', task ':integration_test:preDebugBuild', task ':integration_test:writeDebugAarMetadata', task ':path_provider_android:preBuild', task ':path_provider_android:preDebugBuild', task ':path_provider_android:writeDebugAarMetadata', task ':quill_native_bridge_android:preBuild', task ':quill_native_bridge_android:preDebugBuild', task ':quill_native_bridge_android:writeDebugAarMetadata', task ':shared_preferences_android:preBuild', task ':shared_preferences_android:preDebugBuild', task ':shared_preferences_android:writeDebugAarMetadata', task ':sqflite_android:preBuild', task ':sqflite_android:preDebugBuild', task ':sqflite_android:writeDebugAarMetadata', task ':url_launcher_android:preBuild', task ':url_launcher_android:preDebugBuild', task ':url_launcher_android:writeDebugAarMetadata', task ':video_player_android:preBuild', task ':video_player_android:preDebugBuild', task ':video_player_android:writeDebugAarMetadata', task ':app:checkDebugAarMetadata', task ':app:cleanMergeDebugAssets', task ':app:mergeDebugShaders', task ':app:compileDebugShaders', task ':app:generateDebugAssets', task ':connectivity_plus:mergeDebugShaders', task ':connectivity_plus:compileDebugShaders', task ':connectivity_plus:generateDebugAssets', task ':connectivity_plus:mergeDebugAssets', task ':emoji_picker_flutter:mergeDebugShaders', task ':emoji_picker_flutter:compileDebugShaders', task ':emoji_picker_flutter:generateDebugAssets', task ':emoji_picker_flutter:mergeDebugAssets', task ':file_selector_android:mergeDebugShaders', task ':file_selector_android:compileDebugShaders', task ':file_selector_android:generateDebugAssets', task ':file_selector_android:mergeDebugAssets', task ':flutter_keyboard_visibility_temp_fork:mergeDebugShaders', task ':flutter_keyboard_visibility_temp_fork:compileDebugShaders', task ':flutter_keyboard_visibility_temp_fork:generateDebugAssets', task ':flutter_keyboard_visibility_temp_fork:mergeDebugAssets', task ':flutter_native_splash:mergeDebugShaders', task ':flutter_native_splash:compileDebugShaders', task ':flutter_native_splash:generateDebugAssets', task ':flutter_native_splash:mergeDebugAssets', task ':flutter_olm:mergeDebugShaders', task ':flutter_olm:compileDebugShaders', task ':flutter_olm:generateDebugAssets', task ':flutter_olm:mergeDebugAssets', task ':flutter_openssl_crypto:mergeDebugShaders', task ':flutter_openssl_crypto:compileDebugShaders', task ':flutter_openssl_crypto:generateDebugAssets', task ':flutter_openssl_crypto:mergeDebugAssets', task ':integration_test:mergeDebugShaders', task ':integration_test:compileDebugShaders', task ':integration_test:generateDebugAssets', task ':integration_test:mergeDebugAssets', task ':path_provider_android:mergeDebugShaders', task ':path_provider_android:compileDebugShaders', task ':path_provider_android:generateDebugAssets', task ':path_provider_android:mergeDebugAssets', task ':quill_native_bridge_android:mergeDebugShaders', task ':quill_native_bridge_android:compileDebugShaders', task ':quill_native_bridge_android:generateDebugAssets', task ':quill_native_bridge_android:mergeDebugAssets', task ':shared_preferences_android:mergeDebugShaders', task ':shared_preferences_android:compileDebugShaders', task ':shared_preferences_android:generateDebugAssets', task ':shared_preferences_android:mergeDebugAssets', task ':sqflite_android:mergeDebugShaders', task ':sqflite_android:compileDebugShaders', task ':sqflite_android:generateDebugAssets', task ':sqflite_android:mergeDebugAssets', task ':url_launcher_android:mergeDebugShaders', task ':url_launcher_android:compileDebugShaders', task ':url_launcher_android:generateDebugAssets', task ':url_launcher_android:mergeDebugAssets', task ':video_player_android:mergeDebugShaders', task ':video_player_android:compileDebugShaders', task ':video_player_android:generateDebugAssets', task ':video_player_android:mergeDebugAssets', task ':app:mergeDebugAssets', task ':app:copyFlutterAssetsDebug', task ':app:generateDebugResValues', task ':connectivity_plus:generateDebugResValues', task ':connectivity_plus:generateDebugResources', task ':connectivity_plus:packageDebugResources', task ':emoji_picker_flutter:generateDebugResValues', task ':emoji_picker_flutter:generateDebugResources', task ':emoji_picker_flutter:packageDebugResources', task ':file_selector_android:generateDebugResValues', task ':file_selector_android:generateDebugResources', task ':file_selector_android:packageDebugResources', task ':flutter_keyboard_visibility_temp_fork:generateDebugResValues', task ':flutter_keyboard_visibility_temp_fork:generateDebugResources', task ':flutter_keyboard_visibility_temp_fork:packageDebugResources', task ':flutter_native_splash:generateDebugResValues', task ':flutter_native_splash:generateDebugResources', task ':flutter_native_splash:packageDebugResources', task ':flutter_olm:generateDebugResValues', task ':flutter_olm:generateDebugResources', task ':flutter_olm:packageDebugResources', task ':flutter_openssl_crypto:generateDebugResValues', task ':flutter_openssl_crypto:generateDebugResources', task ':flutter_openssl_crypto:packageDebugResources', task ':integration_test:generateDebugResValues', task ':integration_test:generateDebugResources', task ':integration_test:packageDebugResources', task ':path_provider_android:generateDebugResValues', task ':path_provider_android:generateDebugResources', task ':path_provider_android:packageDebugResources', task ':quill_native_bridge_android:generateDebugResValues', task ':quill_native_bridge_android:generateDebugResources', task ':quill_native_bridge_android:packageDebugResources', task ':shared_preferences_android:generateDebugResValues', task ':shared_preferences_android:generateDebugResources', task ':shared_preferences_android:packageDebugResources', task ':sqflite_android:generateDebugResValues', task ':sqflite_android:generateDebugResources', task ':sqflite_android:packageDebugResources', task ':url_launcher_android:generateDebugResValues', task ':url_launcher_android:generateDebugResources', task ':url_launcher_android:packageDebugResources', task ':video_player_android:generateDebugResValues', task ':video_player_android:generateDebugResources', task ':video_player_android:packageDebugResources', task ':app:mapDebugSourceSetPaths', task ':app:generateDebugResources', task ':app:mergeDebugResources', task ':app:packageDebugResources', task ':app:parseDebugLocalResources', task ':app:createDebugCompatibleScreenManifests', task ':app:extractDeepLinksDebug', task ':connectivity_plus:extractDeepLinksDebug', task ':connectivity_plus:processDebugManifest', task ':emoji_picker_flutter:extractDeepLinksDebug', task ':emoji_picker_flutter:processDebugManifest', task ':file_selector_android:extractDeepLinksDebug', task ':file_selector_android:processDebugManifest', task ':flutter_keyboard_visibility_temp_fork:extractDeepLinksDebug', task ':flutter_keyboard_visibility_temp_fork:processDebugManifest', task ':flutter_native_splash:extractDeepLinksDebug', task ':flutter_native_splash:processDebugManifest', task ':flutter_olm:extractDeepLinksDebug', task ':flutter_olm:processDebugManifest', task ':flutter_openssl_crypto:extractDeepLinksDebug', task ':flutter_openssl_crypto:processDebugManifest', task ':integration_test:extractDeepLinksDebug', task ':integration_test:processDebugManifest', task ':path_provider_android:extractDeepLinksDebug', task ':path_provider_android:processDebugManifest', task ':quill_native_bridge_android:extractDeepLinksDebug', task ':quill_native_bridge_android:processDebugManifest', task ':shared_preferences_android:extractDeepLinksDebug', task ':shared_preferences_android:processDebugManifest', task ':sqflite_android:extractDeepLinksDebug', task ':sqflite_android:processDebugManifest', task ':url_launcher_android:extractDeepLinksDebug', task ':url_launcher_android:processDebugManifest', task ':video_player_android:extractDeepLinksDebug', task ':video_player_android:processDebugManifest', task ':app:processDebugMainManifest', task ':app:outputDebugAppLinkSettings', task ':app:processDebugManifest', task ':app:processDebugManifestForPackage', task ':connectivity_plus:compileDebugLibraryResources', task ':connectivity_plus:parseDebugLocalResources', task ':connectivity_plus:generateDebugRFile', task ':emoji_picker_flutter:compileDebugLibraryResources', task ':emoji_picker_flutter:parseDebugLocalResources', task ':emoji_picker_flutter:generateDebugRFile', task ':file_selector_android:compileDebugLibraryResources', task ':file_selector_android:parseDebugLocalResources', task ':file_selector_android:generateDebugRFile', task ':flutter_keyboard_visibility_temp_fork:compileDebugLibraryResources', task ':flutter_keyboard_visibility_temp_fork:parseDebugLocalResources', task ':flutter_keyboard_visibility_temp_fork:generateDebugRFile', task ':flutter_native_splash:compileDebugLibraryResources', task ':flutter_native_splash:parseDebugLocalResources', task ':flutter_native_splash:generateDebugRFile', task ':flutter_olm:compileDebugLibraryResources', task ':flutter_olm:parseDebugLocalResources', task ':flutter_olm:generateDebugRFile', task ':flutter_openssl_crypto:compileDebugLibraryResources', task ':flutter_openssl_crypto:parseDebugLocalResources', task ':flutter_openssl_crypto:generateDebugRFile', task ':integration_test:compileDebugLibraryResources', task ':integration_test:parseDebugLocalResources', task ':integration_test:generateDebugRFile', task ':path_provider_android:compileDebugLibraryResources', task ':path_provider_android:parseDebugLocalResources', task ':path_provider_android:generateDebugRFile', task ':quill_native_bridge_android:compileDebugLibraryResources', task ':quill_native_bridge_android:parseDebugLocalResources', task ':quill_native_bridge_android:generateDebugRFile', task ':shared_preferences_android:compileDebugLibraryResources', task ':shared_preferences_android:parseDebugLocalResources', task ':shared_preferences_android:generateDebugRFile', task ':sqflite_android:compileDebugLibraryResources', task ':sqflite_android:parseDebugLocalResources', task ':sqflite_android:generateDebugRFile', task ':url_launcher_android:compileDebugLibraryResources', task ':url_launcher_android:parseDebugLocalResources', task ':url_launcher_android:generateDebugRFile', task ':video_player_android:compileDebugLibraryResources', task ':video_player_android:parseDebugLocalResources', task ':video_player_android:generateDebugRFile', task ':app:processDebugResources', task ':connectivity_plus:javaPreCompileDebug', task ':connectivity_plus:compileDebugJavaWithJavac', task ':connectivity_plus:bundleLibCompileToJarDebug', task ':emoji_picker_flutter:checkKotlinGradlePluginConfigurationErrors', task ':emoji_picker_flutter:compileDebugKotlin', task ':emoji_picker_flutter:javaPreCompileDebug', task ':emoji_picker_flutter:compileDebugJavaWithJavac', task ':emoji_picker_flutter:bundleLibCompileToJarDebug', task ':file_selector_android:javaPreCompileDebug', task ':file_selector_android:compileDebugJavaWithJavac', task ':file_selector_android:bundleLibCompileToJarDebug', task ':flutter_keyboard_visibility_temp_fork:javaPreCompileDebug', task ':flutter_keyboard_visibility_temp_fork:compileDebugJavaWithJavac', task ':flutter_keyboard_visibility_temp_fork:bundleLibCompileToJarDebug', task ':flutter_native_splash:javaPreCompileDebug', task ':flutter_native_splash:compileDebugJavaWithJavac', task ':flutter_native_splash:bundleLibCompileToJarDebug', task ':flutter_olm:checkKotlinGradlePluginConfigurationErrors', task ':flutter_olm:compileDebugKotlin', task ':flutter_olm:javaPreCompileDebug', task ':flutter_olm:compileDebugJavaWithJavac', task ':flutter_olm:bundleLibCompileToJarDebug', task ':flutter_openssl_crypto:checkKotlinGradlePluginConfigurationErrors', task ':flutter_openssl_crypto:compileDebugKotlin', task ':flutter_openssl_crypto:javaPreCompileDebug', task ':flutter_openssl_crypto:compileDebugJavaWithJavac', task ':flutter_openssl_crypto:bundleLibCompileToJarDebug', task ':integration_test:javaPreCompileDebug', task ':integration_test:compileDebugJavaWithJavac', task ':integration_test:bundleLibCompileToJarDebug', task ':path_provider_android:javaPreCompileDebug', task ':path_provider_android:compileDebugJavaWithJavac', task ':path_provider_android:bundleLibCompileToJarDebug', task ':quill_native_bridge_android:checkKotlinGradlePluginConfigurationErrors', task ':quill_native_bridge_android:compileDebugKotlin', task ':quill_native_bridge_android:javaPreCompileDebug', task ':quill_native_bridge_android:compileDebugJavaWithJavac', task ':quill_native_bridge_android:bundleLibCompileToJarDebug', task ':shared_preferences_android:checkKotlinGradlePluginConfigurationErrors', task ':shared_preferences_android:compileDebugKotlin', task ':shared_preferences_android:javaPreCompileDebug', task ':shared_preferences_android:compileDebugJavaWithJavac', task ':shared_preferences_android:bundleLibCompileToJarDebug', task ':sqflite_android:javaPreCompileDebug', task ':sqflite_android:compileDebugJavaWithJavac', task ':sqflite_android:bundleLibCompileToJarDebug', task ':url_launcher_android:generateDebugBuildConfig', task ':url_launcher_android:javaPreCompileDebug', task ':url_launcher_android:compileDebugJavaWithJavac', task ':url_launcher_android:bundleLibCompileToJarDebug', task ':video_player_android:checkKotlinGradlePluginConfigurationErrors', task ':video_player_android:compileDebugKotlin', task ':video_player_android:javaPreCompileDebug', task ':video_player_android:compileDebugJavaWithJavac', task ':video_player_android:bundleLibCompileToJarDebug', task ':app:compileDebugKotlin', task ':app:javaPreCompileDebug', task ':app:compileDebugJavaWithJavac', task ':app:compressDebugAssets', task ':app:processDebugJavaRes', task ':connectivity_plus:processDebugJavaRes', task ':emoji_picker_flutter:processDebugJavaRes', task ':file_selector_android:processDebugJavaRes', task ':flutter_keyboard_visibility_temp_fork:processDebugJavaRes', task ':flutter_native_splash:processDebugJavaRes', task ':flutter_olm:processDebugJavaRes', task ':flutter_openssl_crypto:processDebugJavaRes', task ':integration_test:processDebugJavaRes', task ':path_provider_android:processDebugJavaRes', task ':quill_native_bridge_android:processDebugJavaRes', task ':shared_preferences_android:processDebugJavaRes', task ':sqflite_android:processDebugJavaRes', task ':url_launcher_android:processDebugJavaRes', task ':video_player_android:processDebugJavaRes', task ':app:mergeDebugJavaResource', task ':app:checkDebugDuplicateClasses', task ':app:desugarDebugFileDependencies', task ':app:mergeExtDexDebug', task ':connectivity_plus:bundleLibRuntimeToDirDebug', task ':emoji_picker_flutter:bundleLibRuntimeToDirDebug', task ':file_selector_android:bundleLibRuntimeToDirDebug', task ':flutter_keyboard_visibility_temp_fork:bundleLibRuntimeToDirDebug', task ':flutter_native_splash:bundleLibRuntimeToDirDebug', task ':flutter_olm:bundleLibRuntimeToDirDebug', task ':flutter_openssl_crypto:bundleLibRuntimeToDirDebug', task ':integration_test:bundleLibRuntimeToDirDebug', task ':path_provider_android:bundleLibRuntimeToDirDebug', task ':quill_native_bridge_android:bundleLibRuntimeToDirDebug', task ':shared_preferences_android:bundleLibRuntimeToDirDebug', task ':sqflite_android:bundleLibRuntimeToDirDebug', task ':url_launcher_android:bundleLibRuntimeToDirDebug', task ':video_player_android:bundleLibRuntimeToDirDebug', task ':app:mergeLibDexDebug', task ':app:dexBuilderDebug', task ':app:mergeProjectDexDebug', task ':app:configureCMakeDebug[arm64-v8a]', task ':app:buildCMakeDebug[arm64-v8a]', task ':app:configureCMakeDebug[armeabi-v7a]', task ':app:buildCMakeDebug[armeabi-v7a]', task ':app:configureCMakeDebug[x86_64]', task ':app:buildCMakeDebug[x86_64]', task ':app:mergeDebugJniLibFolders', task ':connectivity_plus:mergeDebugJniLibFolders', task ':connectivity_plus:mergeDebugNativeLibs', task ':connectivity_plus:copyDebugJniLibsProjectOnly', task ':emoji_picker_flutter:mergeDebugJniLibFolders', task ':emoji_picker_flutter:mergeDebugNativeLibs', task ':emoji_picker_flutter:copyDebugJniLibsProjectOnly', task ':file_selector_android:mergeDebugJniLibFolders', task ':file_selector_android:mergeDebugNativeLibs', task ':file_selector_android:copyDebugJniLibsProjectOnly', task ':flutter_keyboard_visibility_temp_fork:mergeDebugJniLibFolders', task ':flutter_keyboard_visibility_temp_fork:mergeDebugNativeLibs', task ':flutter_keyboard_visibility_temp_fork:copyDebugJniLibsProjectOnly', task ':flutter_native_splash:mergeDebugJniLibFolders', task ':flutter_native_splash:mergeDebugNativeLibs', task ':flutter_native_splash:copyDebugJniLibsProjectOnly', task ':flutter_olm:preProfileBuild', task ':flutter_olm:configureCMakeDebug[arm64-v8a]', task ':flutter_olm:buildCMakeDebug[arm64-v8a]', task ':flutter_olm:configureCMakeDebug[armeabi-v7a]', task ':flutter_olm:buildCMakeDebug[armeabi-v7a]', task ':flutter_olm:configureCMakeDebug[x86]', task ':flutter_olm:buildCMakeDebug[x86]', task ':flutter_olm:configureCMakeDebug[x86_64]', task ':flutter_olm:buildCMakeDebug[x86_64]', task ':flutter_olm:mergeDebugJniLibFolders', task ':flutter_olm:mergeDebugNativeLibs', task ':flutter_olm:copyDebugJniLibsProjectOnly', task ':flutter_openssl_crypto:preProfileBuild', task ':flutter_openssl_crypto:configureCMakeDebug[arm64-v8a]', task ':flutter_openssl_crypto:buildCMakeDebug[arm64-v8a]', task ':flutter_openssl_crypto:configureCMakeDebug[armeabi-v7a]', task ':flutter_openssl_crypto:buildCMakeDebug[armeabi-v7a]', task ':flutter_openssl_crypto:configureCMakeDebug[x86]', task ':flutter_openssl_crypto:buildCMakeDebug[x86]', task ':flutter_openssl_crypto:configureCMakeDebug[x86_64]', task ':flutter_openssl_crypto:buildCMakeDebug[x86_64]', task ':flutter_openssl_crypto:mergeDebugJniLibFolders', task ':flutter_openssl_crypto:mergeDebugNativeLibs', task ':flutter_openssl_crypto:copyDebugJniLibsProjectOnly', task ':integration_test:mergeDebugJniLibFolders', task ':integration_test:mergeDebugNativeLibs', task ':integration_test:copyDebugJniLibsProjectOnly', task ':path_provider_android:mergeDebugJniLibFolders', task ':path_provider_android:mergeDebugNativeLibs', task ':path_provider_android:copyDebugJniLibsProjectOnly', task ':quill_native_bridge_android:mergeDebugJniLibFolders', task ':quill_native_bridge_android:mergeDebugNativeLibs', task ':quill_native_bridge_android:copyDebugJniLibsProjectOnly', task ':shared_preferences_android:mergeDebugJniLibFolders', task ':shared_preferences_android:mergeDebugNativeLibs', task ':shared_preferences_android:copyDebugJniLibsProjectOnly', task ':sqflite_android:mergeDebugJniLibFolders', task ':sqflite_android:mergeDebugNativeLibs', task ':sqflite_android:copyDebugJniLibsProjectOnly', task ':url_launcher_android:mergeDebugJniLibFolders', task ':url_launcher_android:mergeDebugNativeLibs', task ':url_launcher_android:copyDebugJniLibsProjectOnly', task ':video_player_android:mergeDebugJniLibFolders', task ':video_player_android:mergeDebugNativeLibs', task ':video_player_android:copyDebugJniLibsProjectOnly', task ':app:mergeDebugNativeLibs', task ':app:stripDebugDebugSymbols', task ':app:validateSigningDebug', task ':app:writeDebugAppMetadata', task ':app:writeDebugSigningConfigVersions', task ':app:packageDebug', task ':app:createDebugApkListingFileRedirect', task ':app:assembleDebug', task ':connectivity_plus:stripDebugDebugSymbols', task ':connectivity_plus:copyDebugJniLibsProjectAndLocalJars', task ':connectivity_plus:extractDebugAnnotations', task ':connectivity_plus:extractDeepLinksForAarDebug', task ':connectivity_plus:mergeDebugGeneratedProguardFiles', task ':connectivity_plus:mergeDebugConsumerProguardFiles', task ':connectivity_plus:prepareDebugArtProfile', task ':connectivity_plus:prepareLintJarForPublish', task ':connectivity_plus:mergeDebugJavaResource', task ':connectivity_plus:syncDebugLibJars', task ':connectivity_plus:bundleDebugAar', task ':connectivity_plus:assembleDebug', task ':emoji_picker_flutter:stripDebugDebugSymbols', task ':emoji_picker_flutter:copyDebugJniLibsProjectAndLocalJars', task ':emoji_picker_flutter:extractDebugAnnotations', task ':emoji_picker_flutter:extractDeepLinksForAarDebug', task ':emoji_picker_flutter:mergeDebugGeneratedProguardFiles', task ':emoji_picker_flutter:mergeDebugConsumerProguardFiles', task ':emoji_picker_flutter:prepareDebugArtProfile', task ':emoji_picker_flutter:prepareLintJarForPublish', task ':emoji_picker_flutter:mergeDebugJavaResource', task ':emoji_picker_flutter:syncDebugLibJars', task ':emoji_picker_flutter:bundleDebugAar', task ':emoji_picker_flutter:assembleDebug', task ':file_selector_android:stripDebugDebugSymbols', task ':file_selector_android:copyDebugJniLibsProjectAndLocalJars', task ':file_selector_android:extractDebugAnnotations', task ':file_selector_android:extractDeepLinksForAarDebug', task ':file_selector_android:mergeDebugGeneratedProguardFiles', task ':file_selector_android:mergeDebugConsumerProguardFiles', task ':file_selector_android:prepareDebugArtProfile', task ':file_selector_android:prepareLintJarForPublish', task ':file_selector_android:mergeDebugJavaResource', task ':file_selector_android:syncDebugLibJars', task ':file_selector_android:bundleDebugAar', task ':file_selector_android:assembleDebug', task ':flutter_keyboard_visibility_temp_fork:stripDebugDebugSymbols', task ':flutter_keyboard_visibility_temp_fork:copyDebugJniLibsProjectAndLocalJars', task ':flutter_keyboard_visibility_temp_fork:extractDebugAnnotations', task ':flutter_keyboard_visibility_temp_fork:extractDeepLinksForAarDebug', task ':flutter_keyboard_visibility_temp_fork:mergeDebugGeneratedProguardFiles', task ':flutter_keyboard_visibility_temp_fork:mergeDebugConsumerProguardFiles', task ':flutter_keyboard_visibility_temp_fork:prepareDebugArtProfile', task ':flutter_keyboard_visibility_temp_fork:prepareLintJarForPublish', task ':flutter_keyboard_visibility_temp_fork:mergeDebugJavaResource', task ':flutter_keyboard_visibility_temp_fork:syncDebugLibJars', task ':flutter_keyboard_visibility_temp_fork:bundleDebugAar', task ':flutter_keyboard_visibility_temp_fork:assembleDebug', task ':flutter_native_splash:stripDebugDebugSymbols', task ':flutter_native_splash:copyDebugJniLibsProjectAndLocalJars', task ':flutter_native_splash:extractDebugAnnotations', task ':flutter_native_splash:extractDeepLinksForAarDebug', task ':flutter_native_splash:mergeDebugGeneratedProguardFiles', task ':flutter_native_splash:mergeDebugConsumerProguardFiles', task ':flutter_native_splash:prepareDebugArtProfile', task ':flutter_native_splash:prepareLintJarForPublish', task ':flutter_native_splash:mergeDebugJavaResource', task ':flutter_native_splash:syncDebugLibJars', task ':flutter_native_splash:bundleDebugAar', task ':flutter_native_splash:assembleDebug', task ':flutter_olm:stripDebugDebugSymbols', task ':flutter_olm:copyDebugJniLibsProjectAndLocalJars', task ':flutter_olm:extractDebugAnnotations', task ':flutter_olm:extractDeepLinksForAarDebug', task ':flutter_olm:mergeDebugGeneratedProguardFiles', task ':flutter_olm:mergeDebugConsumerProguardFiles', task ':flutter_olm:prepareDebugArtProfile', task ':flutter_olm:prepareLintJarForPublish', task ':flutter_olm:mergeDebugJavaResource', task ':flutter_olm:syncDebugLibJars', task ':flutter_olm:bundleDebugAar', task ':flutter_olm:assembleDebug', task ':flutter_openssl_crypto:stripDebugDebugSymbols', task ':flutter_openssl_crypto:copyDebugJniLibsProjectAndLocalJars', task ':flutter_openssl_crypto:extractDebugAnnotations', task ':flutter_openssl_crypto:extractDeepLinksForAarDebug', task ':flutter_openssl_crypto:mergeDebugGeneratedProguardFiles', task ':flutter_openssl_crypto:mergeDebugConsumerProguardFiles', task ':flutter_openssl_crypto:prepareDebugArtProfile', task ':flutter_openssl_crypto:prepareLintJarForPublish', task ':flutter_openssl_crypto:mergeDebugJavaResource', task ':flutter_openssl_crypto:syncDebugLibJars', task ':flutter_openssl_crypto:bundleDebugAar', task ':flutter_openssl_crypto:assembleDebug', task ':integration_test:stripDebugDebugSymbols', task ':integration_test:copyDebugJniLibsProjectAndLocalJars', task ':integration_test:extractDebugAnnotations', task ':integration_test:extractDeepLinksForAarDebug', task ':integration_test:mergeDebugGeneratedProguardFiles', task ':integration_test:mergeDebugConsumerProguardFiles', task ':integration_test:prepareDebugArtProfile', task ':integration_test:prepareLintJarForPublish', task ':integration_test:mergeDebugJavaResource', task ':integration_test:syncDebugLibJars', task ':integration_test:bundleDebugAar', task ':integration_test:assembleDebug', task ':path_provider_android:stripDebugDebugSymbols', task ':path_provider_android:copyDebugJniLibsProjectAndLocalJars', task ':path_provider_android:extractDebugAnnotations', task ':path_provider_android:extractDeepLinksForAarDebug', task ':path_provider_android:mergeDebugGeneratedProguardFiles', task ':path_provider_android:mergeDebugConsumerProguardFiles', task ':path_provider_android:prepareDebugArtProfile', task ':path_provider_android:prepareLintJarForPublish', task ':path_provider_android:mergeDebugJavaResource', task ':path_provider_android:syncDebugLibJars', task ':path_provider_android:bundleDebugAar', task ':path_provider_android:assembleDebug', task ':quill_native_bridge_android:stripDebugDebugSymbols', task ':quill_native_bridge_android:copyDebugJniLibsProjectAndLocalJars', task ':quill_native_bridge_android:extractDebugAnnotations', task ':quill_native_bridge_android:extractDeepLinksForAarDebug', task ':quill_native_bridge_android:mergeDebugGeneratedProguardFiles', task ':quill_native_bridge_android:mergeDebugConsumerProguardFiles', task ':quill_native_bridge_android:prepareDebugArtProfile', task ':quill_native_bridge_android:prepareLintJarForPublish', task ':quill_native_bridge_android:mergeDebugJavaResource', task ':quill_native_bridge_android:syncDebugLibJars', task ':quill_native_bridge_android:bundleDebugAar', task ':quill_native_bridge_android:assembleDebug', task ':shared_preferences_android:stripDebugDebugSymbols', task ':shared_preferences_android:copyDebugJniLibsProjectAndLocalJars', task ':shared_preferences_android:extractDebugAnnotations', task ':shared_preferences_android:extractDeepLinksForAarDebug', task ':shared_preferences_android:mergeDebugGeneratedProguardFiles', task ':shared_preferences_android:mergeDebugConsumerProguardFiles', task ':shared_preferences_android:prepareDebugArtProfile', task ':shared_preferences_android:prepareLintJarForPublish', task ':shared_preferences_android:mergeDebugJavaResource', task ':shared_preferences_android:syncDebugLibJars', task ':shared_preferences_android:bundleDebugAar', task ':shared_preferences_android:assembleDebug', task ':sqflite_android:stripDebugDebugSymbols', task ':sqflite_android:copyDebugJniLibsProjectAndLocalJars', task ':sqflite_android:extractDebugAnnotations', task ':sqflite_android:extractDeepLinksForAarDebug', task ':sqflite_android:mergeDebugGeneratedProguardFiles', task ':sqflite_android:mergeDebugConsumerProguardFiles', task ':sqflite_android:prepareDebugArtProfile', task ':sqflite_android:prepareLintJarForPublish', task ':sqflite_android:mergeDebugJavaResource', task ':sqflite_android:syncDebugLibJars', task ':sqflite_android:bundleDebugAar', task ':sqflite_android:assembleDebug', task ':url_launcher_android:stripDebugDebugSymbols', task ':url_launcher_android:copyDebugJniLibsProjectAndLocalJars', task ':url_launcher_android:extractDebugAnnotations', task ':url_launcher_android:extractDeepLinksForAarDebug', task ':url_launcher_android:mergeDebugGeneratedProguardFiles', task ':url_launcher_android:mergeDebugConsumerProguardFiles', task ':url_launcher_android:prepareDebugArtProfile', task ':url_launcher_android:prepareLintJarForPublish', task ':url_launcher_android:mergeDebugJavaResource', task ':url_launcher_android:syncDebugLibJars', task ':url_launcher_android:bundleDebugAar', task ':url_launcher_android:assembleDebug', task ':video_player_android:stripDebugDebugSymbols', task ':video_player_android:copyDebugJniLibsProjectAndLocalJars', task ':video_player_android:extractDebugAnnotations', task ':video_player_android:extractDeepLinksForAarDebug', task ':video_player_android:mergeDebugGeneratedProguardFiles', task ':video_player_android:mergeDebugConsumerProguardFiles', task ':video_player_android:prepareDebugArtProfile', task ':video_player_android:prepareLintJarForPublish', task ':video_player_android:mergeDebugJavaResource', task ':video_player_android:syncDebugLibJars', task ':video_player_android:bundleDebugAar', task ':video_player_android:assembleDebug']
[        ] Tasks that were excluded: []
[        ] work action Parameters of ClassesDirToClassesTransform (Thread[#45238,Execution worker Thread 18,5,main]) started.
[        ] work action Parameters of DexingNoClasspathTransform (Thread[#45238,Execution worker Thread 18,5,main]) started.
[        ] Resolve mutations for :app:preBuild (Thread[#45220,Execution worker,5,main]) started.
[        ] :app:preBuild (Thread[#45220,Execution worker,5,main]) started.
[        ] > Task :app:preBuild UP-TO-DATE
[        ] Skipping task ':app:preBuild' as it has no actions.
[        ] Resolve mutations for :app:preDebugBuild (Thread[#45220,Execution worker,5,main]) started.
[        ] :app:preDebugBuild (Thread[#45220,Execution worker,5,main]) started.
[        ] > Task :app:preDebugBuild UP-TO-DATE
[        ] Skipping task ':app:preDebugBuild' as it has no actions.
[        ] Resolve mutations for :app:mergeDebugNativeDebugMetadata (Thread[#45220,Execution worker,5,main]) started.
[        ] :app:mergeDebugNativeDebugMetadata (Thread[#45220,Execution worker,5,main]) started.
[        ] > Task :app:mergeDebugNativeDebugMetadata NO-SOURCE
[        ] Skipping task ':app:mergeDebugNativeDebugMetadata' as it has no source files and no previous output files.
[        ] Resolve mutations for :app:checkKotlinGradlePluginConfigurationErrors (Thread[#45220,Execution worker,5,main]) started.
[        ] :app:checkKotlinGradlePluginConfigurationErrors (Thread[#45220,Execution worker,5,main]) started.
[        ] > Task :app:checkKotlinGradlePluginConfigurationErrors SKIPPED
[        ] Skipping task ':app:checkKotlinGradlePluginConfigurationErrors' as task onlyIf 'errorDiagnostics are present' is false.
[        ] Resolve mutations for :app:compileFlutterBuildDebug (Thread[#45220,Execution worker,5,main]) started.
[        ] :app:compileFlutterBuildDebug (Thread[#45220,Execution worker,5,main]) started.
19:42 +13 -45: loading /Users/florian/Code/substitution/integration_test/onboarding_and_login_test.dart                                                                                                19:43 +13 -45: loading /Users/florian/Code/substitution/integration_test/onboarding_and_login_test.dart                                                                                                [+1992 ms] > Task :app:compileFlutterBuildDebug
[        ] Caching disabled for task ':app:compileFlutterBuildDebug' because:
[        ]   Build cache is disabled
[        ]   Caching has not been enabled for the task
[        ] Task ':app:compileFlutterBuildDebug' is not up-to-date because:
[        ]   Value of input property 'targetPath' has changed for task ':app:compileFlutterBuildDebug'
[        ] Starting process 'command '/opt/homebrew/share/flutter/bin/flutter''. Working directory: /Users/florian/Code/substitution Command: /opt/homebrew/share/flutter/bin/flutter --verbose assemble --no-version-check --depfile /Users/florian/Code/substitution/build/app/intermediates/flutter/debug/flutter_build.d --output /Users/florian/Code/substitution/build/app/intermediates/flutter/debug -dTargetFile=/var/folders/l_/w8pnbb9d38n57pzg9j98fmy80000gn/T/flutter_tools.wuOse9/flutter_test_listener.RvtA1y/listener.dart -dTargetPlatform=android -dBuildMode=debug -dTrackWidgetCreation=true --DartDefines=TUFUUklYX1NFUlZFUj1odHRwOi8vbG9jYWxob3N0OjgwMDg=,TUFUUklYX1RFU1RfVVNFUj0=,TUFUUklYX1RFU1RfUEFTU1dPUkQ9,RkxVVFRFUl9WRVJTSU9OPTMuMzguOQ==,RkxVVFRFUl9DSEFOTkVMPXN0YWJsZQ==,RkxVVFRFUl9HSVRfVVJMPWh0dHBzOi8vZ2l0aHViLmNvbS9mbHV0dGVyL2ZsdXR0ZXIuZ2l0,RkxVVFRFUl9GUkFNRVdPUktfUkVWSVNJT049NjczMjNkZTI4NQ==,RkxVVFRFUl9FTkdJTkVfUkVWSVNJT049NTg3YzE4Zjg3Mw==,RkxVVFRFUl9EQVJUX1ZFUlNJT049My4xMC44,SU5URUdSQVRJT05fVEVTVF9TSE9VTERfUkVQT1JUX1JFU1VMVFNfVE9fTkFUSVZFPWZhbHNl -dFlavor= -dAndroidArchs=android-arm64 -dMinSdkVersion=24 debug_android_application
[        ] Successfully started process 'command '/opt/homebrew/share/flutter/bin/flutter''
[        ] [  +20 ms] executing: sysctl hw.optional.arm64
[        ] [   +3 ms] Exit code 0 from: sysctl hw.optional.arm64
[        ] [        ] hw.optional.arm64: 1
[        ] [   +4 ms] Artifact Instance of 'MaterialFonts' is not required, skipping update.
[        ] [        ] Artifact Instance of 'GradleWrapper' is not required, skipping update.
[        ] [        ] Artifact Instance of 'AndroidGenSnapshotArtifacts' is not required, skipping update.
[        ] [        ] Artifact Instance of 'AndroidInternalBuildArtifacts' is not required, skipping update.
[        ] [        ] Artifact Instance of 'IOSEngineArtifacts' is not required, skipping update.
[        ] [        ] Artifact Instance of 'FlutterWebSdk' is not required, skipping update.
[        ] [        ] Artifact Instance of 'LegacyCanvasKitRemover' is not required, skipping update.
[        ] [        ] Artifact Instance of 'FlutterSdk' is not required, skipping update.
[        ] [        ] Artifact Instance of 'WindowsEngineArtifacts' is not required, skipping update.
[        ] [        ] Artifact Instance of 'MacOSEngineArtifacts' is not required, skipping update.
[        ] [        ] Artifact Instance of 'LinuxEngineArtifacts' is not required, skipping update.
[        ] [        ] Artifact Instance of 'LinuxFuchsiaSDKArtifacts' is not required, skipping update.
[        ] [        ] Artifact Instance of 'MacOSFuchsiaSDKArtifacts' is not required, skipping update.
[        ] [        ] Artifact Instance of 'FlutterRunnerSDKArtifacts' is not required, skipping update.
[        ] [        ] Artifact Instance of 'FlutterRunnerDebugSymbols' is not required, skipping update.
[        ] [        ] Artifact Instance of 'IosUsbArtifacts' is not required, skipping update.
[        ] [        ] Artifact Instance of 'IosUsbArtifacts' is not required, skipping update.
[        ] [        ] Artifact Instance of 'IosUsbArtifacts' is not required, skipping update.
[        ] [        ] Artifact Instance of 'IosUsbArtifacts' is not required, skipping update.
[        ] [        ] Artifact Instance of 'IosUsbArtifacts' is not required, skipping update.
[        ] [        ] Artifact Instance of 'IosUsbArtifacts' is not required, skipping update.
[        ] [        ] Artifact Instance of 'FontSubsetArtifacts' is not required, skipping update.
[        ] [        ] Artifact Instance of 'PubDependencies' is not required, skipping update.
[        ] [   +3 ms] Artifact Instance of 'AndroidGenSnapshotArtifacts' is not required, skipping update.
[        ] [        ] Artifact Instance of 'AndroidInternalBuildArtifacts' is not required, skipping update.
[        ] [        ] Artifact Instance of 'IOSEngineArtifacts' is not required, skipping update.
[        ] [        ] Artifact Instance of 'FlutterWebSdk' is not required, skipping update.
[        ] [        ] Artifact Instance of 'FlutterEngineStamp' is not required, skipping update.
[        ] [        ] Artifact Instance of 'LegacyCanvasKitRemover' is not required, skipping update.
[        ] [        ] Artifact Instance of 'WindowsEngineArtifacts' is not required, skipping update.
[        ] [        ] Artifact Instance of 'MacOSEngineArtifacts' is not required, skipping update.
[        ] [        ] Artifact Instance of 'LinuxEngineArtifacts' is not required, skipping update.
[        ] [        ] Artifact Instance of 'LinuxFuchsiaSDKArtifacts' is not required, skipping update.
[        ] [        ] Artifact Instance of 'MacOSFuchsiaSDKArtifacts' is not required, skipping update.
[        ] [        ] Artifact Instance of 'FlutterRunnerSDKArtifacts' is not required, skipping update.
[        ] [        ] Artifact Instance of 'FlutterRunnerDebugSymbols' is not required, skipping update.
[        ] [  +23 ms] Artifact Instance of 'MaterialFonts' is not required, skipping update.
[        ] [        ] Artifact Instance of 'GradleWrapper' is not required, skipping update.
[        ] [        ] Artifact Instance of 'AndroidInternalBuildArtifacts' is not required, skipping update.
[        ] [        ] Artifact Instance of 'IOSEngineArtifacts' is not required, skipping update.
[        ] [        ] Artifact Instance of 'FlutterWebSdk' is not required, skipping update.
[        ] [        ] Artifact Instance of 'FlutterEngineStamp' is not required, skipping update.
[        ] [        ] Artifact Instance of 'LegacyCanvasKitRemover' is not required, skipping update.
[        ] [        ] Artifact Instance of 'FlutterSdk' is not required, skipping update.
[        ] [        ] Artifact Instance of 'WindowsEngineArtifacts' is not required, skipping update.
[        ] [        ] Artifact Instance of 'MacOSEngineArtifacts' is not required, skipping update.
[        ] [        ] Artifact Instance of 'LinuxEngineArtifacts' is not required, skipping update.
[        ] [        ] Artifact Instance of 'LinuxFuchsiaSDKArtifacts' is not required, skipping update.
[        ] [        ] Artifact Instance of 'MacOSFuchsiaSDKArtifacts' is not required, skipping update.
[        ] [        ] Artifact Instance of 'FlutterRunnerSDKArtifacts' is not required, skipping update.
[        ] [        ] Artifact Instance of 'FlutterRunnerDebugSymbols' is not required, skipping update.
[        ] [        ] Artifact Instance of 'IosUsbArtifacts' is not required, skipping update.
[        ] [        ] Artifact Instance of 'IosUsbArtifacts' is not required, skipping update.
[        ] [        ] Artifact Instance of 'IosUsbArtifacts' is not required, skipping update.
[        ] [        ] Artifact Instance of 'IosUsbArtifacts' is not required, skipping update.
[        ] [        ] Artifact Instance of 'IosUsbArtifacts' is not required, skipping update.
[        ] [        ] Artifact Instance of 'IosUsbArtifacts' is not required, skipping update.
[        ] [        ] Artifact Instance of 'FontSubsetArtifacts' is not required, skipping update.
[        ] [        ] Artifact Instance of 'PubDependencies' is not required, skipping update.
[        ] [  +22 ms] Initializing file store
[        ] [  +12 ms] dart_build: Starting due to {}
[        ] [        ] Skipping target: gen_localizations
[        ] [        ] gen_dart_plugin_registrant: Starting due to {InvalidatedReasonKind.outputSetAddition: The following outputs were added to the output set: /Users/florian/Code/substitution/.dart_tool/flutter_build/dart_plugin_registrant.dart, InvalidatedReasonKind.inputChanged: The following inputs have updated contents: /Users/florian/Code/substitution/.dart_tool/package_config.json}
[        ] [  +52 ms] Found plugin integration_test at /opt/homebrew/share/flutter/packages/integration_test/
[        ] [  +21 ms] Found plugin flutter_native_splash at /Users/florian/.pub-cache/hosted/pub.dev/flutter_native_splash-2.4.7/
[        ] [  +17 ms] Building native assets for android_arm64.
[        ] [  +24 ms] Found plugin connectivity_plus at /Users/florian/.pub-cache/hosted/pub.dev/connectivity_plus-5.0.2/
[        ] [   +6 ms] input.json contents:
[        ]            {
[        ]              "assets": {},
[        ]              "config": {
[        ]                "build_asset_types": [
[        ]                  "code_assets/code"
[        ]                ],
[        ]                "extensions": {
[        ]                  "code_assets": {
[        ]                    "android": {
[        ]                      "target_ndk_api": 24
[        ]                    },
[        ]                    "c_compiler": {
[        ]                      "ar": "/Users/florian/Library/Android/sdk/ndk/28.2.13676358/toolchains/llvm/prebuilt/darwin-x86_64/bin/llvm-ar",
[        ]                      "cc": "/Users/florian/Library/Android/sdk/ndk/28.2.13676358/toolchains/llvm/prebuilt/darwin-x86_64/bin/clang",
[        ]                      "ld": "/Users/florian/Library/Android/sdk/ndk/28.2.13676358/toolchains/llvm/prebuilt/darwin-x86_64/bin/ld.lld"
[        ]                    },
[        ]                    "link_mode_preference": "dynamic",
[        ]                    "target_architecture": "arm64",
[        ]                    "target_os": "android"
[        ]                  }
[        ]                },
[        ]                "linking_enabled": false
[        ]              },
[        ]              "out_dir_shared": "/Users/florian/Code/substitution/.dart_tool/hooks_runner/shared/objective_c/build/",
[        ]              "out_file": "/Users/florian/Code/substitution/.dart_tool/hooks_runner/objective_c/842b8c761140c2c0e73191c57a372e73/output.json",
[        ]              "package_name": "objective_c",
[        ]              "package_root": "/Users/florian/.pub-cache/hosted/pub.dev/objective_c-9.2.5/",
[        ]              "user_defines": {}
[        ]            }
[        ] [   +3 ms] output.json contents:
[        ]            {
[        ]              "assets_for_linking": {},
[        ]              "status": "success",
[        ]              "timestamp": "2026-02-16 21:57:23.000"
[        ]            }
[        ] [   +1 ms] Skipping build for objective_c in /Users/florian/Code/substitution/.dart_tool/hooks_runner/objective_c/842b8c761140c2c0e73191c57a372e73/. Last build on 2026-02-16 21:57:23.000.
[        ] [   +2 ms] Building native assets for android_arm64 done.
[        ] [   +1 ms] dart_build: Complete
[        ] [   +1 ms] install_code_assets: Starting due to {}
[        ] [   +1 ms] Writing native assets json to file:///Users/florian/Code/substitution/.dart_tool/flutter_build/c0b62b287d1f862dccc561cdd47d8620/native_assets.json.
[        ] [   +1 ms] Found plugin video_player at /Users/florian/.pub-cache/hosted/pub.dev/video_player-2.10.1/
[        ] [        ] Found plugin video_player_web at /Users/florian/.pub-cache/hosted/pub.dev/video_player_web-2.4.0/
[        ] [        ] Writing /Users/florian/Code/substitution/.dart_tool/flutter_build/c0b62b287d1f862dccc561cdd47d8620/native_assets.json done.
[        ] [        ] install_code_assets: Complete
[        ] [   +1 ms] Found plugin video_player_avfoundation at /Users/florian/.pub-cache/hosted/pub.dev/video_player_avfoundation-2.9.1/
[        ] [        ] Found plugin video_player_android at /Users/florian/.pub-cache/hosted/pub.dev/video_player_android-2.9.1/
[        ] [        ] Found plugin url_launcher at /Users/florian/.pub-cache/hosted/pub.dev/url_launcher-6.3.2/
[        ] [        ] Found plugin url_launcher_windows at /Users/florian/.pub-cache/hosted/pub.dev/url_launcher_windows-3.1.5/
[        ] [        ] Found plugin url_launcher_web at /Users/florian/.pub-cache/hosted/pub.dev/url_launcher_web-2.4.2/
[        ] [        ] Found plugin url_launcher_macos at /Users/florian/.pub-cache/hosted/pub.dev/url_launcher_macos-3.2.5/
[        ] [        ] Found plugin url_launcher_linux at /Users/florian/.pub-cache/hosted/pub.dev/url_launcher_linux-3.2.2/
[        ] [        ] Found plugin url_launcher_ios at /Users/florian/.pub-cache/hosted/pub.dev/url_launcher_ios-6.3.6/
[        ] [        ] Found plugin url_launcher_android at /Users/florian/.pub-cache/hosted/pub.dev/url_launcher_android-6.3.28/
[        ] [   +2 ms] Found plugin sqflite at /Users/florian/.pub-cache/hosted/pub.dev/sqflite-2.4.2/
[        ] [        ] Found plugin sqflite_darwin at /Users/florian/.pub-cache/hosted/pub.dev/sqflite_darwin-2.4.2/
[        ] [        ] Found plugin sqflite_android at /Users/florian/.pub-cache/hosted/pub.dev/sqflite_android-2.4.2+2/
[        ] [   +1 ms] Found plugin path_provider at /Users/florian/.pub-cache/hosted/pub.dev/path_provider-2.1.5/
[        ] [        ] Found plugin path_provider_windows at /Users/florian/.pub-cache/hosted/pub.dev/path_provider_windows-2.3.0/
[        ] [        ] Found plugin path_provider_linux at /Users/florian/.pub-cache/hosted/pub.dev/path_provider_linux-2.2.1/
[        ] [        ] Found plugin path_provider_foundation at /Users/florian/.pub-cache/hosted/pub.dev/path_provider_foundation-2.6.0/
[        ] [   +2 ms] Found plugin path_provider_android at /Users/florian/.pub-cache/hosted/pub.dev/path_provider_android-2.2.22/
[        ] [  +20 ms] Found plugin flutter_keyboard_visibility_temp_fork at /Users/florian/.pub-cache/hosted/pub.dev/flutter_keyboard_visibility_temp_fork-0.1.5/
[        ] [        ] Found plugin flutter_keyboard_visibility_windows at /Users/florian/.pub-cache/hosted/pub.dev/flutter_keyboard_visibility_windows-1.0.0/
[        ] [   +1 ms] Found plugin flutter_keyboard_visibility_macos at /Users/florian/.pub-cache/hosted/pub.dev/flutter_keyboard_visibility_macos-1.0.0/
[        ] [        ] Found plugin flutter_keyboard_visibility_linux at /Users/florian/.pub-cache/hosted/pub.dev/flutter_keyboard_visibility_linux-1.0.0/
[        ] [   +9 ms] Found plugin quill_native_bridge at /Users/florian/.pub-cache/hosted/pub.dev/quill_native_bridge-11.1.0/
[        ] [   +1 ms] Found plugin quill_native_bridge_windows at /Users/florian/.pub-cache/hosted/pub.dev/quill_native_bridge_windows-0.0.2/
[        ] [  +13 ms] Found plugin file_selector_windows at /Users/florian/.pub-cache/hosted/pub.dev/file_selector_windows-0.9.3+5/
[        ] [   +2 ms] Found plugin quill_native_bridge_web at /Users/florian/.pub-cache/hosted/pub.dev/quill_native_bridge_web-0.0.2/
[        ] [        ] Found plugin quill_native_bridge_macos at /Users/florian/.pub-cache/hosted/pub.dev/quill_native_bridge_macos-0.0.1/
[        ] [        ] Found plugin quill_native_bridge_ios at /Users/florian/.pub-cache/hosted/pub.dev/quill_native_bridge_ios-0.0.1/
[        ] [   +1 ms] Found plugin quill_native_bridge_android at /Users/florian/.pub-cache/hosted/pub.dev/quill_native_bridge_android-0.0.1+2/
[        ] [   +4 ms] Found plugin flutter_openssl_crypto at /Users/florian/.pub-cache/hosted/pub.dev/flutter_openssl_crypto-0.5.0/
[        ] [        ] Found plugin flutter_olm at /Users/florian/.pub-cache/hosted/pub.dev/flutter_olm-2.0.0/
[        ] [   +2 ms] Found plugin file_selector at /Users/florian/.pub-cache/hosted/pub.dev/file_selector-1.1.0/
[        ] [        ] Found plugin file_selector_web at /Users/florian/.pub-cache/hosted/pub.dev/file_selector_web-0.9.4+2/
[        ] [        ] Found plugin file_selector_macos at /Users/florian/.pub-cache/hosted/pub.dev/file_selector_macos-0.9.5/
[        ] [        ] Found plugin file_selector_linux at /Users/florian/.pub-cache/hosted/pub.dev/file_selector_linux-0.9.4/
[        ] [        ] Found plugin file_selector_ios at /Users/florian/.pub-cache/hosted/pub.dev/file_selector_ios-0.5.3+5/
[        ] [   +1 ms] Found plugin file_selector_android at /Users/florian/.pub-cache/hosted/pub.dev/file_selector_android-0.5.2+4/
[        ] [   +1 ms] Found plugin emoji_picker_flutter at /Users/florian/.pub-cache/hosted/pub.dev/emoji_picker_flutter-4.4.0/
[        ] [   +1 ms] Found plugin shared_preferences at /Users/florian/.pub-cache/hosted/pub.dev/shared_preferences-2.5.4/
[        ] [   +1 ms] Found plugin shared_preferences_windows at /Users/florian/.pub-cache/hosted/pub.dev/shared_preferences_windows-2.4.1/
[        ] [   +1 ms] Found plugin shared_preferences_web at /Users/florian/.pub-cache/hosted/pub.dev/shared_preferences_web-2.4.3/
[        ] [   +1 ms] Found plugin shared_preferences_linux at /Users/florian/.pub-cache/hosted/pub.dev/shared_preferences_linux-2.4.1/
[        ] [        ] Found plugin shared_preferences_foundation at /Users/florian/.pub-cache/hosted/pub.dev/shared_preferences_foundation-2.5.6/
[        ] [   +1 ms] Found plugin shared_preferences_android at /Users/florian/.pub-cache/hosted/pub.dev/shared_preferences_android-2.4.20/
[        ] [  +16 ms] Skipping generating dart_plugin_registrant.dart because it is up-to-date.
[        ] [        ] gen_dart_plugin_registrant: Complete
[        ] [   +2 ms] kernel_snapshot_program: Starting due to {}
[        ] [   +7 ms] /opt/homebrew/share/flutter/bin/cache/dart-sdk/bin/dartaotruntime /opt/homebrew/share/flutter/bin/cache/dart-sdk/bin/snapshots/frontend_server_aot.dart.snapshot --sdk-root /opt/homebrew/share/flutter/bin/cache/artifacts/engine/common/flutter_patched_sdk/ --target=flutter --no-print-incremental-dependencies -DMATRIX_SERVER=http://localhost:8008 -DMATRIX_TEST_USER= -DMATRIX_TEST_PASSWORD= -DFLUTTER_VERSION=3.38.9 -DFLUTTER_CHANNEL=stable -DFLUTTER_GIT_URL=https://github.com/flutter/flutter.git -DFLUTTER_FRAMEWORK_REVISION=67323de285 -DFLUTTER_ENGINE_REVISION=587c18f873 -DFLUTTER_DART_VERSION=3.10.8 -DINTEGRATION_TEST_SHOULD_REPORT_RESULTS_TO_NATIVE=false -DFLUTTER_APP_FLAVOR= -Ddart.vm.profile=false -Ddart.vm.product=false --enable-asserts --track-widget-creation --no-link-platform --packages /Users/florian/Code/substitution/.dart_tool/package_config.json --output-dill /Users/florian/Code/substitution/.dart_tool/flutter_build/c0b62b287d1f862dccc561cdd47d8620/app.dill --depfile /Users/florian/Code/substitution/.dart_tool/flutter_build/c0b62b287d1f862dccc561cdd47d8620/kernel_snapshot_program.d --incremental --initialize-from-dill /Users/florian/Code/substitution/.dart_tool/flutter_build/c0b62b287d1f862dccc561cdd47d8620/app.dill --source file:///Users/florian/Code/substitution/.dart_tool/flutter_build/dart_plugin_registrant.dart --source package:flutter/src/dart_plugin_registrant.dart -Dflutter.dart_plugin_registrant=file:///Users/florian/Code/substitution/.dart_tool/flutter_build/dart_plugin_registrant.dart --verbosity=error file:///var/folders/l_/w8pnbb9d38n57pzg9j98fmy80000gn/T/flutter_tools.wuOse9/flutter_test_listener.RvtA1y/listener.dart
19:44 +13 -45: loading /Users/florian/Code/substitution/integration_test/onboarding_and_login_test.dart                                                                                                19:45 +13 -45: loading /Users/florian/Code/substitution/integration_test/onboarding_and_login_test.dart                                                                                                19:46 +13 -45: loading /Users/florian/Code/substitution/integration_test/onboarding_and_login_test.dart                                                                                                19:47 +13 -45: loading /Users/florian/Code/substitution/integration_test/onboarding_and_login_test.dart                                                                                                19:48 +13 -45: loading /Users/florian/Code/substitution/integration_test/onboarding_and_login_test.dart                                                                                                19:49 +13 -45: loading /Users/florian/Code/substitution/integration_test/onboarding_and_login_test.dart                                                                                                [+5794 ms] [+7226 ms] kernel_snapshot_program: Complete
19:50 +13 -45: loading /Users/florian/Code/substitution/integration_test/onboarding_and_login_test.dart                                                                                                [+1100 ms] [+1131 ms] debug_android_application: Starting due to {}
[ +102 ms] [ +111 ms] Manifest contained wildcard assets. Inserting missing file into build graph to force rerun. for more information see #56466.
[        ] [   +3 ms] shaderc command: [/opt/homebrew/share/flutter/bin/cache/artifacts/engine/darwin-x64/impellerc, --sksl, --runtime-stage-gles, --runtime-stage-gles3, --runtime-stage-vulkan, --iplr, --sl=/Users/florian/Code/substitution/build/app/intermediates/flutter/debug/flutter_assets/shaders/ink_sparkle.frag, --spirv=/Users/florian/Code/substitution/build/app/intermediates/flutter/debug/flutter_assets/shaders/ink_sparkle.frag.spirv, --input=/opt/homebrew/share/flutter/packages/flutter/lib/src/material/shaders/ink_sparkle.frag, --input-type=frag, --include=/opt/homebrew/share/flutter/packages/flutter/lib/src/material/shaders, --include=/opt/homebrew/share/flutter/bin/cache/artifacts/engine/darwin-x64/shader_lib]
[        ] [        ] shaderc command: [/opt/homebrew/share/flutter/bin/cache/artifacts/engine/darwin-x64/impellerc, --sksl, --runtime-stage-gles, --runtime-stage-gles3, --runtime-stage-vulkan, --iplr, --sl=/Users/florian/Code/substitution/build/app/intermediates/flutter/debug/flutter_assets/shaders/stretch_effect.frag, --spirv=/Users/florian/Code/substitution/build/app/intermediates/flutter/debug/flutter_assets/shaders/stretch_effect.frag.spirv, --input=/opt/homebrew/share/flutter/packages/flutter/lib/src/material/shaders/stretch_effect.frag, --input-type=frag, --include=/opt/homebrew/share/flutter/packages/flutter/lib/src/material/shaders, --include=/opt/homebrew/share/flutter/bin/cache/artifacts/engine/darwin-x64/shader_lib]
[ +304 ms] [ +340 ms] debug_android_application: Complete
19:51 +13 -45: loading /Users/florian/Code/substitution/integration_test/onboarding_and_login_test.dart                                                                                                [ +994 ms] [+1010 ms] Persisting file store
[ +103 ms] [   +7 ms] Done persisting file store
[        ] [  +17 ms] build succeeded.
[        ] [   +3 ms] "flutter assemble" took 10.168ms.
[        ] [   +2 ms] executing: sw_vers -productName
[        ] [   +9 ms] Exit code 0 from: sw_vers -productName
[        ] [        ] macOS
[        ] [        ] executing: sw_vers -productVersion
[        ] [   +9 ms] Exit code 0 from: sw_vers -productVersion
[        ] [        ] 26.1
[        ] [        ] executing: sw_vers -buildVersion
[        ] [   +9 ms] Exit code 0 from: sw_vers -buildVersion
[        ] [        ] 25B78
[        ] [        ] executing: uname -m
[        ] [   +3 ms] Exit code 0 from: uname -m
[        ] [        ] arm64
[        ] [  +22 ms] Running 1 shutdown hook
[        ] [        ] Shutdown hooks complete
[  +94 ms] [  +91 ms] exiting with code 0
[ +207 ms] Resolve mutations for :app:packJniLibsflutterBuildDebug (Thread[#45220,Execution worker,5,main]) started.
[        ] :app:packJniLibsflutterBuildDebug (Thread[#45220,Execution worker,5,main]) started.
[        ] > Task :app:packJniLibsflutterBuildDebug UP-TO-DATE
[        ] Caching disabled for task ':app:packJniLibsflutterBuildDebug' because:
[        ]   Build cache is disabled
[        ]   Not worth caching
[        ] Skipping task ':app:packJniLibsflutterBuildDebug' as it is up-to-date.
[        ] Resolve mutations for :connectivity_plus:preBuild (Thread[#45220,Execution worker,5,main]) started.
[        ] :connectivity_plus:preBuild (Thread[#45220,Execution worker,5,main]) started.
[        ] > Task :connectivity_plus:preBuild UP-TO-DATE
[        ] Skipping task ':connectivity_plus:preBuild' as it has no actions.
[        ] Resolve mutations for :connectivity_plus:preDebugBuild (Thread[#45220,Execution worker,5,main]) started.
[        ] :connectivity_plus:preDebugBuild (Thread[#45220,Execution worker,5,main]) started.
[        ] > Task :connectivity_plus:preDebugBuild UP-TO-DATE
[        ] Skipping task ':connectivity_plus:preDebugBuild' as it has no actions.
[        ] Resolve mutations for :connectivity_plus:writeDebugAarMetadata (Thread[#45220,Execution worker,5,main]) started.
[        ] :connectivity_plus:writeDebugAarMetadata (Thread[#45219,included builds,5,main]) started.
[        ] > Task :connectivity_plus:writeDebugAarMetadata UP-TO-DATE
[        ] Caching disabled for task ':connectivity_plus:writeDebugAarMetadata' because:
[        ]   Build cache is disabled
[        ]   Caching has been disabled for the task
[        ] Skipping task ':connectivity_plus:writeDebugAarMetadata' as it is up-to-date.
[        ] work action resolve aar-metadata.properties (project :connectivity_plus) (Thread[#45219,included builds,5,main]) started.
[        ] Resolve mutations for :emoji_picker_flutter:preBuild (Thread[#45219,included builds,5,main]) started.
[        ] :emoji_picker_flutter:preBuild (Thread[#45219,included builds,5,main]) started.
[        ] > Task :emoji_picker_flutter:preBuild UP-TO-DATE
[        ] Skipping task ':emoji_picker_flutter:preBuild' as it has no actions.
[        ] Resolve mutations for :emoji_picker_flutter:preDebugBuild (Thread[#45219,included builds,5,main]) started.
[        ] :emoji_picker_flutter:preDebugBuild (Thread[#45219,included builds,5,main]) started.
[        ] > Task :emoji_picker_flutter:preDebugBuild UP-TO-DATE
[        ] Skipping task ':emoji_picker_flutter:preDebugBuild' as it has no actions.
[        ] Resolve mutations for :emoji_picker_flutter:writeDebugAarMetadata (Thread[#45219,included builds,5,main]) started.
[        ] :emoji_picker_flutter:writeDebugAarMetadata (Thread[#45219,included builds,5,main]) started.
[        ] > Task :emoji_picker_flutter:writeDebugAarMetadata UP-TO-DATE
[        ] Caching disabled for task ':emoji_picker_flutter:writeDebugAarMetadata' because:
[        ]   Build cache is disabled
[        ]   Caching has been disabled for the task
[        ] Skipping task ':emoji_picker_flutter:writeDebugAarMetadata' as it is up-to-date.
[        ] work action resolve aar-metadata.properties (project :emoji_picker_flutter) (Thread[#45219,included builds,5,main]) started.
[        ] Resolve mutations for :file_selector_android:preBuild (Thread[#45219,included builds,5,main]) started.
[        ] :file_selector_android:preBuild (Thread[#45219,included builds,5,main]) started.
[        ] > Task :file_selector_android:preBuild UP-TO-DATE
[        ] Skipping task ':file_selector_android:preBuild' as it has no actions.
[        ] Resolve mutations for :file_selector_android:preDebugBuild (Thread[#45219,included builds,5,main]) started.
[        ] :file_selector_android:preDebugBuild (Thread[#45219,included builds,5,main]) started.
[        ] > Task :file_selector_android:preDebugBuild UP-TO-DATE
[        ] Skipping task ':file_selector_android:preDebugBuild' as it has no actions.
[        ] Resolve mutations for :file_selector_android:writeDebugAarMetadata (Thread[#45219,included builds,5,main]) started.
[        ] :file_selector_android:writeDebugAarMetadata (Thread[#45219,included builds,5,main]) started.
[        ] > Task :file_selector_android:writeDebugAarMetadata UP-TO-DATE
[        ] Caching disabled for task ':file_selector_android:writeDebugAarMetadata' because:
[        ]   Build cache is disabled
[        ]   Caching has been disabled for the task
[        ] Skipping task ':file_selector_android:writeDebugAarMetadata' as it is up-to-date.
[        ] work action resolve aar-metadata.properties (project :file_selector_android) (Thread[#45219,included builds,5,main]) started.
[        ] Resolve mutations for :flutter_keyboard_visibility_temp_fork:preBuild (Thread[#45219,included builds,5,main]) started.
[        ] :flutter_keyboard_visibility_temp_fork:preBuild (Thread[#45219,included builds,5,main]) started.
[        ] > Task :flutter_keyboard_visibility_temp_fork:preBuild UP-TO-DATE
[        ] Skipping task ':flutter_keyboard_visibility_temp_fork:preBuild' as it has no actions.
[        ] Resolve mutations for :flutter_keyboard_visibility_temp_fork:preDebugBuild (Thread[#45219,included builds,5,main]) started.
[        ] :flutter_keyboard_visibility_temp_fork:preDebugBuild (Thread[#45219,included builds,5,main]) started.
[        ] > Task :flutter_keyboard_visibility_temp_fork:preDebugBuild UP-TO-DATE
[        ] Skipping task ':flutter_keyboard_visibility_temp_fork:preDebugBuild' as it has no actions.
[        ] Resolve mutations for :flutter_keyboard_visibility_temp_fork:writeDebugAarMetadata (Thread[#45219,included builds,5,main]) started.
[        ] :flutter_keyboard_visibility_temp_fork:writeDebugAarMetadata (Thread[#45219,included builds,5,main]) started.
[        ] > Task :flutter_keyboard_visibility_temp_fork:writeDebugAarMetadata UP-TO-DATE
[        ] Caching disabled for task ':flutter_keyboard_visibility_temp_fork:writeDebugAarMetadata' because:
[        ]   Build cache is disabled
[        ]   Caching has been disabled for the task
[        ] Skipping task ':flutter_keyboard_visibility_temp_fork:writeDebugAarMetadata' as it is up-to-date.
[        ] work action resolve aar-metadata.properties (project :flutter_keyboard_visibility_temp_fork) (Thread[#45219,included builds,5,main]) started.
[        ] Resolve mutations for :flutter_native_splash:preBuild (Thread[#45219,included builds,5,main]) started.
[        ] :flutter_native_splash:preBuild (Thread[#45219,included builds,5,main]) started.
[        ] > Task :flutter_native_splash:preBuild UP-TO-DATE
[        ] Skipping task ':flutter_native_splash:preBuild' as it has no actions.
[        ] Resolve mutations for :flutter_native_splash:preDebugBuild (Thread[#45219,included builds,5,main]) started.
[        ] :flutter_native_splash:preDebugBuild (Thread[#45219,included builds,5,main]) started.
[        ] > Task :flutter_native_splash:preDebugBuild UP-TO-DATE
[        ] Skipping task ':flutter_native_splash:preDebugBuild' as it has no actions.
[        ] Resolve mutations for :flutter_native_splash:writeDebugAarMetadata (Thread[#45219,included builds,5,main]) started.
[        ] :flutter_native_splash:writeDebugAarMetadata (Thread[#45219,included builds,5,main]) started.
[        ] > Task :flutter_native_splash:writeDebugAarMetadata UP-TO-DATE
[        ] Caching disabled for task ':flutter_native_splash:writeDebugAarMetadata' because:
[        ]   Build cache is disabled
[        ]   Caching has been disabled for the task
[        ] Skipping task ':flutter_native_splash:writeDebugAarMetadata' as it is up-to-date.
[        ] work action resolve aar-metadata.properties (project :flutter_native_splash) (Thread[#45219,included builds,5,main]) started.
[        ] Resolve mutations for :flutter_olm:preBuild (Thread[#45219,included builds,5,main]) started.
[        ] :flutter_olm:preBuild (Thread[#45219,included builds,5,main]) started.
[        ] > Task :flutter_olm:preBuild UP-TO-DATE
[        ] Skipping task ':flutter_olm:preBuild' as it has no actions.
[        ] Resolve mutations for :flutter_olm:preDebugBuild (Thread[#45219,included builds,5,main]) started.
[        ] :flutter_olm:preDebugBuild (Thread[#45219,included builds,5,main]) started.
[        ] > Task :flutter_olm:preDebugBuild UP-TO-DATE
[        ] Skipping task ':flutter_olm:preDebugBuild' as it has no actions.
[        ] Resolve mutations for :flutter_olm:writeDebugAarMetadata (Thread[#45219,included builds,5,main]) started.
[        ] :flutter_olm:writeDebugAarMetadata (Thread[#45219,included builds,5,main]) started.
[        ] > Task :flutter_olm:writeDebugAarMetadata UP-TO-DATE
[        ] Caching disabled for task ':flutter_olm:writeDebugAarMetadata' because:
[        ]   Build cache is disabled
[        ]   Caching has been disabled for the task
[        ] Skipping task ':flutter_olm:writeDebugAarMetadata' as it is up-to-date.
[        ] work action resolve aar-metadata.properties (project :flutter_olm) (Thread[#45219,included builds,5,main]) started.
[        ] Resolve mutations for :flutter_openssl_crypto:preBuild (Thread[#45219,included builds,5,main]) started.
[        ] :flutter_openssl_crypto:preBuild (Thread[#45219,included builds,5,main]) started.
[        ] > Task :flutter_openssl_crypto:preBuild UP-TO-DATE
[        ] Skipping task ':flutter_openssl_crypto:preBuild' as it has no actions.
[        ] Resolve mutations for :flutter_openssl_crypto:preDebugBuild (Thread[#45219,included builds,5,main]) started.
[        ] :flutter_openssl_crypto:preDebugBuild (Thread[#45219,included builds,5,main]) started.
[        ] > Task :flutter_openssl_crypto:preDebugBuild UP-TO-DATE
[        ] Skipping task ':flutter_openssl_crypto:preDebugBuild' as it has no actions.
[        ] Resolve mutations for :flutter_openssl_crypto:writeDebugAarMetadata (Thread[#45219,included builds,5,main]) started.
[        ] :flutter_openssl_crypto:writeDebugAarMetadata (Thread[#45219,included builds,5,main]) started.
[        ] > Task :flutter_openssl_crypto:writeDebugAarMetadata UP-TO-DATE
[        ] Caching disabled for task ':flutter_openssl_crypto:writeDebugAarMetadata' because:
[        ]   Build cache is disabled
[        ]   Caching has been disabled for the task
[        ] Skipping task ':flutter_openssl_crypto:writeDebugAarMetadata' as it is up-to-date.
[        ] work action resolve aar-metadata.properties (project :flutter_openssl_crypto) (Thread[#45219,included builds,5,main]) started.
[        ] Resolve mutations for :integration_test:preBuild (Thread[#45219,included builds,5,main]) started.
[        ] :integration_test:preBuild (Thread[#45219,included builds,5,main]) started.
[        ] > Task :integration_test:preBuild UP-TO-DATE
[        ] Skipping task ':integration_test:preBuild' as it has no actions.
[        ] Resolve mutations for :integration_test:preDebugBuild (Thread[#45219,included builds,5,main]) started.
[        ] :integration_test:preDebugBuild (Thread[#45219,included builds,5,main]) started.
[        ] > Task :integration_test:preDebugBuild UP-TO-DATE
[        ] Skipping task ':integration_test:preDebugBuild' as it has no actions.
[        ] Resolve mutations for :integration_test:writeDebugAarMetadata (Thread[#45219,included builds,5,main]) started.
[        ] :integration_test:writeDebugAarMetadata (Thread[#45219,included builds,5,main]) started.
[        ] > Task :integration_test:writeDebugAarMetadata UP-TO-DATE
[        ] Caching disabled for task ':integration_test:writeDebugAarMetadata' because:
[        ]   Build cache is disabled
[        ]   Caching has been disabled for the task
[        ] Skipping task ':integration_test:writeDebugAarMetadata' as it is up-to-date.
[        ] work action resolve aar-metadata.properties (project :integration_test) (Thread[#45219,included builds,5,main]) started.
[        ] Resolve mutations for :path_provider_android:preBuild (Thread[#45219,included builds,5,main]) started.
[        ] :path_provider_android:preBuild (Thread[#45219,included builds,5,main]) started.
[        ] > Task :path_provider_android:preBuild UP-TO-DATE
[        ] Skipping task ':path_provider_android:preBuild' as it has no actions.
[        ] Resolve mutations for :path_provider_android:preDebugBuild (Thread[#45219,included builds,5,main]) started.
[        ] :path_provider_android:preDebugBuild (Thread[#45219,included builds,5,main]) started.
[        ] > Task :path_provider_android:preDebugBuild UP-TO-DATE
[        ] Skipping task ':path_provider_android:preDebugBuild' as it has no actions.
[        ] Resolve mutations for :path_provider_android:writeDebugAarMetadata (Thread[#45219,included builds,5,main]) started.
[        ] :path_provider_android:writeDebugAarMetadata (Thread[#45219,included builds,5,main]) started.
[        ] > Task :path_provider_android:writeDebugAarMetadata UP-TO-DATE
[        ] Caching disabled for task ':path_provider_android:writeDebugAarMetadata' because:
[        ]   Build cache is disabled
[        ]   Caching has been disabled for the task
[        ] Skipping task ':path_provider_android:writeDebugAarMetadata' as it is up-to-date.
[        ] work action resolve aar-metadata.properties (project :path_provider_android) (Thread[#45219,included builds,5,main]) started.
[        ] Resolve mutations for :quill_native_bridge_android:preBuild (Thread[#45219,included builds,5,main]) started.
[        ] :quill_native_bridge_android:preBuild (Thread[#45219,included builds,5,main]) started.
[        ] > Task :quill_native_bridge_android:preBuild UP-TO-DATE
[        ] Skipping task ':quill_native_bridge_android:preBuild' as it has no actions.
[        ] Resolve mutations for :quill_native_bridge_android:preDebugBuild (Thread[#45219,included builds,5,main]) started.
[        ] :quill_native_bridge_android:preDebugBuild (Thread[#45219,included builds,5,main]) started.
[        ] > Task :quill_native_bridge_android:preDebugBuild UP-TO-DATE
[        ] Skipping task ':quill_native_bridge_android:preDebugBuild' as it has no actions.
[        ] Resolve mutations for :quill_native_bridge_android:writeDebugAarMetadata (Thread[#45219,included builds,5,main]) started.
[        ] :quill_native_bridge_android:writeDebugAarMetadata (Thread[#45219,included builds,5,main]) started.
[        ] > Task :quill_native_bridge_android:writeDebugAarMetadata UP-TO-DATE
[        ] Caching disabled for task ':quill_native_bridge_android:writeDebugAarMetadata' because:
[        ]   Build cache is disabled
[        ]   Caching has been disabled for the task
[        ] Skipping task ':quill_native_bridge_android:writeDebugAarMetadata' as it is up-to-date.
[        ] work action resolve aar-metadata.properties (project :quill_native_bridge_android) (Thread[#45219,included builds,5,main]) started.
[        ] Resolve mutations for :shared_preferences_android:preBuild (Thread[#45219,included builds,5,main]) started.
[        ] :shared_preferences_android:preBuild (Thread[#45219,included builds,5,main]) started.
[        ] > Task :shared_preferences_android:preBuild UP-TO-DATE
[        ] Skipping task ':shared_preferences_android:preBuild' as it has no actions.
[        ] Resolve mutations for :shared_preferences_android:preDebugBuild (Thread[#45219,included builds,5,main]) started.
[        ] :shared_preferences_android:preDebugBuild (Thread[#45219,included builds,5,main]) started.
[        ] > Task :shared_preferences_android:preDebugBuild UP-TO-DATE
[        ] Skipping task ':shared_preferences_android:preDebugBuild' as it has no actions.
[        ] Resolve mutations for :shared_preferences_android:writeDebugAarMetadata (Thread[#45219,included builds,5,main]) started.
[        ] :shared_preferences_android:writeDebugAarMetadata (Thread[#45219,included builds,5,main]) started.
[        ] > Task :shared_preferences_android:writeDebugAarMetadata UP-TO-DATE
[        ] Caching disabled for task ':shared_preferences_android:writeDebugAarMetadata' because:
[        ]   Build cache is disabled
[        ]   Caching has been disabled for the task
[        ] Skipping task ':shared_preferences_android:writeDebugAarMetadata' as it is up-to-date.
[        ] work action resolve aar-metadata.properties (project :shared_preferences_android) (Thread[#45219,included builds,5,main]) started.
[        ] Resolve mutations for :sqflite_android:preBuild (Thread[#45219,included builds,5,main]) started.
[        ] :sqflite_android:preBuild (Thread[#45219,included builds,5,main]) started.
[        ] > Task :sqflite_android:preBuild UP-TO-DATE
[        ] Skipping task ':sqflite_android:preBuild' as it has no actions.
[        ] Resolve mutations for :sqflite_android:preDebugBuild (Thread[#45219,included builds,5,main]) started.
[        ] :sqflite_android:preDebugBuild (Thread[#45219,included builds,5,main]) started.
[        ] > Task :sqflite_android:preDebugBuild UP-TO-DATE
[        ] Skipping task ':sqflite_android:preDebugBuild' as it has no actions.
[        ] Resolve mutations for :sqflite_android:writeDebugAarMetadata (Thread[#45219,included builds,5,main]) started.
[        ] :sqflite_android:writeDebugAarMetadata (Thread[#45219,included builds,5,main]) started.
[        ] > Task :sqflite_android:writeDebugAarMetadata UP-TO-DATE
[        ] Caching disabled for task ':sqflite_android:writeDebugAarMetadata' because:
[        ]   Build cache is disabled
[        ]   Caching has been disabled for the task
[        ] Skipping task ':sqflite_android:writeDebugAarMetadata' as it is up-to-date.
[        ] work action resolve aar-metadata.properties (project :sqflite_android) (Thread[#45219,included builds,5,main]) started.
[        ] Resolve mutations for :url_launcher_android:preBuild (Thread[#45219,included builds,5,main]) started.
[        ] :url_launcher_android:preBuild (Thread[#45219,included builds,5,main]) started.
[        ] > Task :url_launcher_android:preBuild UP-TO-DATE
[        ] Skipping task ':url_launcher_android:preBuild' as it has no actions.
[        ] Resolve mutations for :url_launcher_android:preDebugBuild (Thread[#45219,included builds,5,main]) started.
[        ] :url_launcher_android:preDebugBuild (Thread[#45219,included builds,5,main]) started.
[        ] > Task :url_launcher_android:preDebugBuild UP-TO-DATE
[        ] Skipping task ':url_launcher_android:preDebugBuild' as it has no actions.
[        ] Resolve mutations for :url_launcher_android:writeDebugAarMetadata (Thread[#45219,included builds,5,main]) started.
[        ] :url_launcher_android:writeDebugAarMetadata (Thread[#45219,included builds,5,main]) started.
[        ] > Task :url_launcher_android:writeDebugAarMetadata UP-TO-DATE
[        ] Caching disabled for task ':url_launcher_android:writeDebugAarMetadata' because:
[        ]   Build cache is disabled
[        ]   Caching has been disabled for the task
[        ] Skipping task ':url_launcher_android:writeDebugAarMetadata' as it is up-to-date.
[        ] work action resolve aar-metadata.properties (project :url_launcher_android) (Thread[#45219,included builds,5,main]) started.
[        ] Resolve mutations for :video_player_android:preBuild (Thread[#45219,included builds,5,main]) started.
[        ] :video_player_android:preBuild (Thread[#45219,included builds,5,main]) started.
[        ] > Task :video_player_android:preBuild UP-TO-DATE
[        ] Skipping task ':video_player_android:preBuild' as it has no actions.
[        ] Resolve mutations for :video_player_android:preDebugBuild (Thread[#45219,included builds,5,main]) started.
[        ] :video_player_android:preDebugBuild (Thread[#45219,included builds,5,main]) started.
[        ] > Task :video_player_android:preDebugBuild UP-TO-DATE
[        ] Skipping task ':video_player_android:preDebugBuild' as it has no actions.
[        ] Resolve mutations for :video_player_android:writeDebugAarMetadata (Thread[#45219,included builds,5,main]) started.
[        ] :video_player_android:writeDebugAarMetadata (Thread[#45219,included builds,5,main]) started.
[        ] > Task :video_player_android:writeDebugAarMetadata UP-TO-DATE
[        ] Caching disabled for task ':video_player_android:writeDebugAarMetadata' because:
[        ]   Build cache is disabled
[        ]   Caching has been disabled for the task
[        ] Skipping task ':video_player_android:writeDebugAarMetadata' as it is up-to-date.
[        ] work action resolve aar-metadata.properties (project :video_player_android) (Thread[#45219,included builds,5,main]) started.
[        ] Resolve mutations for :app:checkDebugAarMetadata (Thread[#45219,included builds,5,main]) started.
[        ] :app:checkDebugAarMetadata (Thread[#45219,included builds,5,main]) started.
[        ] > Task :app:checkDebugAarMetadata UP-TO-DATE
[        ] Caching disabled for task ':app:checkDebugAarMetadata' because:
[        ]   Build cache is disabled
[        ]   Caching has been disabled for the task
[        ] Skipping task ':app:checkDebugAarMetadata' as it is up-to-date.
[        ] Resolve mutations for :app:cleanMergeDebugAssets (Thread[#45219,included builds,5,main]) started.
[        ] :app:cleanMergeDebugAssets (Thread[#45219,included builds,5,main]) started.
[        ] > Task :app:cleanMergeDebugAssets
[        ] Caching disabled for task ':app:cleanMergeDebugAssets' because:
[        ]   Build cache is disabled
[        ] Task ':app:cleanMergeDebugAssets' is not up-to-date because:
[        ]   Task has not declared any outputs despite executing actions.
[        ] Resolve mutations for :app:mergeDebugShaders (Thread[#45219,included builds,5,main]) started.
[        ] :app:mergeDebugShaders (Thread[#45219,included builds,5,main]) started.
[        ] > Task :app:mergeDebugShaders UP-TO-DATE
[        ] Caching disabled for task ':app:mergeDebugShaders' because:
[        ]   Build cache is disabled
[        ]   Simple merging task
[        ] Skipping task ':app:mergeDebugShaders' as it is up-to-date.
[        ] Resolve mutations for :app:compileDebugShaders (Thread[#45219,included builds,5,main]) started.
[        ] :app:compileDebugShaders (Thread[#45219,included builds,5,main]) started.
[        ] > Task :app:compileDebugShaders NO-SOURCE
[        ] Skipping task ':app:compileDebugShaders' as it has no source files and no previous output files.
[        ] Resolve mutations for :app:generateDebugAssets (Thread[#45219,included builds,5,main]) started.
[        ] :app:generateDebugAssets (Thread[#45219,included builds,5,main]) started.
[        ] > Task :app:generateDebugAssets UP-TO-DATE
[        ] Skipping task ':app:generateDebugAssets' as it has no actions.
[        ] Resolve mutations for :connectivity_plus:mergeDebugShaders (Thread[#45219,included builds,5,main]) started.
[        ] :connectivity_plus:mergeDebugShaders (Thread[#45219,included builds,5,main]) started.
[        ] > Task :connectivity_plus:mergeDebugShaders UP-TO-DATE
[        ] Caching disabled for task ':connectivity_plus:mergeDebugShaders' because:
[        ]   Build cache is disabled
[        ]   Simple merging task
[        ] Skipping task ':connectivity_plus:mergeDebugShaders' as it is up-to-date.
[        ] Resolve mutations for :connectivity_plus:compileDebugShaders (Thread[#45219,included builds,5,main]) started.
[        ] :connectivity_plus:compileDebugShaders (Thread[#45219,included builds,5,main]) started.
[        ] > Task :connectivity_plus:compileDebugShaders NO-SOURCE
[        ] Skipping task ':connectivity_plus:compileDebugShaders' as it has no source files and no previous output files.
[        ] Resolve mutations for :connectivity_plus:generateDebugAssets (Thread[#45219,included builds,5,main]) started.
[        ] :connectivity_plus:generateDebugAssets (Thread[#45219,included builds,5,main]) started.
[        ] > Task :connectivity_plus:generateDebugAssets UP-TO-DATE
[        ] Skipping task ':connectivity_plus:generateDebugAssets' as it has no actions.
[        ] Resolve mutations for :connectivity_plus:mergeDebugAssets (Thread[#45219,included builds,5,main]) started.
[        ] :connectivity_plus:mergeDebugAssets (Thread[#45219,included builds,5,main]) started.
[        ] > Task :connectivity_plus:mergeDebugAssets UP-TO-DATE
[        ] Caching disabled for task ':connectivity_plus:mergeDebugAssets' because:
[        ]   Build cache is disabled
[        ]   Simple merging task
[        ] Skipping task ':connectivity_plus:mergeDebugAssets' as it is up-to-date.
[        ] work action resolve mergeDebugAssets (project :connectivity_plus) (Thread[#45219,included builds,5,main]) started.
[        ] Resolve mutations for :emoji_picker_flutter:mergeDebugShaders (Thread[#45219,included builds,5,main]) started.
[        ] :emoji_picker_flutter:mergeDebugShaders (Thread[#45219,included builds,5,main]) started.
[        ] > Task :emoji_picker_flutter:mergeDebugShaders UP-TO-DATE
[        ] Caching disabled for task ':emoji_picker_flutter:mergeDebugShaders' because:
[        ]   Build cache is disabled
[        ]   Simple merging task
[        ] Skipping task ':emoji_picker_flutter:mergeDebugShaders' as it is up-to-date.
[        ] Resolve mutations for :emoji_picker_flutter:compileDebugShaders (Thread[#45219,included builds,5,main]) started.
[        ] :emoji_picker_flutter:compileDebugShaders (Thread[#45219,included builds,5,main]) started.
[        ] > Task :emoji_picker_flutter:compileDebugShaders NO-SOURCE
[        ] Skipping task ':emoji_picker_flutter:compileDebugShaders' as it has no source files and no previous output files.
[        ] Resolve mutations for :emoji_picker_flutter:generateDebugAssets (Thread[#45219,included builds,5,main]) started.
[        ] :emoji_picker_flutter:generateDebugAssets (Thread[#45219,included builds,5,main]) started.
[        ] > Task :emoji_picker_flutter:generateDebugAssets UP-TO-DATE
[        ] Skipping task ':emoji_picker_flutter:generateDebugAssets' as it has no actions.
[        ] Resolve mutations for :emoji_picker_flutter:mergeDebugAssets (Thread[#45219,included builds,5,main]) started.
[        ] :emoji_picker_flutter:mergeDebugAssets (Thread[#45219,included builds,5,main]) started.
[        ] > Task :emoji_picker_flutter:mergeDebugAssets UP-TO-DATE
[        ] Caching disabled for task ':emoji_picker_flutter:mergeDebugAssets' because:
[        ]   Build cache is disabled
[        ]   Simple merging task
[        ] Skipping task ':emoji_picker_flutter:mergeDebugAssets' as it is up-to-date.
[        ] work action resolve mergeDebugAssets (project :emoji_picker_flutter) (Thread[#45219,included builds,5,main]) started.
[        ] Resolve mutations for :file_selector_android:mergeDebugShaders (Thread[#45219,included builds,5,main]) started.
[        ] :file_selector_android:mergeDebugShaders (Thread[#45219,included builds,5,main]) started.
[        ] > Task :file_selector_android:mergeDebugShaders UP-TO-DATE
[        ] Caching disabled for task ':file_selector_android:mergeDebugShaders' because:
[        ]   Build cache is disabled
[        ]   Simple merging task
[        ] Skipping task ':file_selector_android:mergeDebugShaders' as it is up-to-date.
[        ] Resolve mutations for :file_selector_android:compileDebugShaders (Thread[#45219,included builds,5,main]) started.
[        ] :file_selector_android:compileDebugShaders (Thread[#45219,included builds,5,main]) started.
[        ] > Task :file_selector_android:compileDebugShaders NO-SOURCE
[        ] Skipping task ':file_selector_android:compileDebugShaders' as it has no source files and no previous output files.
[        ] Resolve mutations for :file_selector_android:generateDebugAssets (Thread[#45219,included builds,5,main]) started.
[        ] :file_selector_android:generateDebugAssets (Thread[#45219,included builds,5,main]) started.
[        ] > Task :file_selector_android:generateDebugAssets UP-TO-DATE
[        ] Skipping task ':file_selector_android:generateDebugAssets' as it has no actions.
[        ] Resolve mutations for :file_selector_android:mergeDebugAssets (Thread[#45219,included builds,5,main]) started.
[        ] :file_selector_android:mergeDebugAssets (Thread[#45219,included builds,5,main]) started.
[        ] > Task :file_selector_android:mergeDebugAssets UP-TO-DATE
[        ] Caching disabled for task ':file_selector_android:mergeDebugAssets' because:
[        ]   Build cache is disabled
[        ]   Simple merging task
[        ] Skipping task ':file_selector_android:mergeDebugAssets' as it is up-to-date.
[        ] work action resolve mergeDebugAssets (project :file_selector_android) (Thread[#45219,included builds,5,main]) started.
[        ] Resolve mutations for :flutter_keyboard_visibility_temp_fork:mergeDebugShaders (Thread[#45219,included builds,5,main]) started.
[        ] :flutter_keyboard_visibility_temp_fork:mergeDebugShaders (Thread[#45219,included builds,5,main]) started.
[        ] > Task :flutter_keyboard_visibility_temp_fork:mergeDebugShaders UP-TO-DATE
[        ] Caching disabled for task ':flutter_keyboard_visibility_temp_fork:mergeDebugShaders' because:
[        ]   Build cache is disabled
[        ]   Simple merging task
[        ] Skipping task ':flutter_keyboard_visibility_temp_fork:mergeDebugShaders' as it is up-to-date.
[        ] Resolve mutations for :flutter_keyboard_visibility_temp_fork:compileDebugShaders (Thread[#45219,included builds,5,main]) started.
[        ] :flutter_keyboard_visibility_temp_fork:compileDebugShaders (Thread[#45219,included builds,5,main]) started.
[        ] > Task :flutter_keyboard_visibility_temp_fork:compileDebugShaders NO-SOURCE
[        ] Skipping task ':flutter_keyboard_visibility_temp_fork:compileDebugShaders' as it has no source files and no previous output files.
[        ] Resolve mutations for :flutter_keyboard_visibility_temp_fork:generateDebugAssets (Thread[#45219,included builds,5,main]) started.
[        ] :flutter_keyboard_visibility_temp_fork:generateDebugAssets (Thread[#45219,included builds,5,main]) started.
[        ] > Task :flutter_keyboard_visibility_temp_fork:generateDebugAssets UP-TO-DATE
[        ] Skipping task ':flutter_keyboard_visibility_temp_fork:generateDebugAssets' as it has no actions.
[        ] Resolve mutations for :flutter_keyboard_visibility_temp_fork:mergeDebugAssets (Thread[#45219,included builds,5,main]) started.
[        ] :flutter_keyboard_visibility_temp_fork:mergeDebugAssets (Thread[#45219,included builds,5,main]) started.
[        ] > Task :flutter_keyboard_visibility_temp_fork:mergeDebugAssets UP-TO-DATE
[        ] Caching disabled for task ':flutter_keyboard_visibility_temp_fork:mergeDebugAssets' because:
[        ]   Build cache is disabled
[        ]   Simple merging task
[        ] Skipping task ':flutter_keyboard_visibility_temp_fork:mergeDebugAssets' as it is up-to-date.
[        ] work action resolve mergeDebugAssets (project :flutter_keyboard_visibility_temp_fork) (Thread[#45219,included builds,5,main]) started.
[        ] Resolve mutations for :flutter_native_splash:mergeDebugShaders (Thread[#45219,included builds,5,main]) started.
[        ] :flutter_native_splash:mergeDebugShaders (Thread[#45219,included builds,5,main]) started.
[        ] > Task :flutter_native_splash:mergeDebugShaders UP-TO-DATE
[        ] Caching disabled for task ':flutter_native_splash:mergeDebugShaders' because:
[        ]   Build cache is disabled
[        ]   Simple merging task
[        ] Skipping task ':flutter_native_splash:mergeDebugShaders' as it is up-to-date.
[        ] Resolve mutations for :flutter_native_splash:compileDebugShaders (Thread[#45219,included builds,5,main]) started.
[        ] :flutter_native_splash:compileDebugShaders (Thread[#45219,included builds,5,main]) started.
[        ] > Task :flutter_native_splash:compileDebugShaders NO-SOURCE
[        ] Skipping task ':flutter_native_splash:compileDebugShaders' as it has no source files and no previous output files.
[        ] Resolve mutations for :flutter_native_splash:generateDebugAssets (Thread[#45219,included builds,5,main]) started.
[        ] :flutter_native_splash:generateDebugAssets (Thread[#45219,included builds,5,main]) started.
[        ] > Task :flutter_native_splash:generateDebugAssets UP-TO-DATE
[        ] Skipping task ':flutter_native_splash:generateDebugAssets' as it has no actions.
[        ] Resolve mutations for :flutter_native_splash:mergeDebugAssets (Thread[#45219,included builds,5,main]) started.
[        ] :flutter_native_splash:mergeDebugAssets (Thread[#45219,included builds,5,main]) started.
[        ] > Task :flutter_native_splash:mergeDebugAssets UP-TO-DATE
[        ] Caching disabled for task ':flutter_native_splash:mergeDebugAssets' because:
[        ]   Build cache is disabled
[        ]   Simple merging task
[        ] Skipping task ':flutter_native_splash:mergeDebugAssets' as it is up-to-date.
[        ] work action resolve mergeDebugAssets (project :flutter_native_splash) (Thread[#45219,included builds,5,main]) started.
[        ] Resolve mutations for :flutter_olm:mergeDebugShaders (Thread[#45219,included builds,5,main]) started.
[        ] :flutter_olm:mergeDebugShaders (Thread[#45219,included builds,5,main]) started.
[        ] > Task :flutter_olm:mergeDebugShaders UP-TO-DATE
[        ] Caching disabled for task ':flutter_olm:mergeDebugShaders' because:
[        ]   Build cache is disabled
[        ]   Simple merging task
[        ] Skipping task ':flutter_olm:mergeDebugShaders' as it is up-to-date.
[        ] Resolve mutations for :flutter_olm:compileDebugShaders (Thread[#45219,included builds,5,main]) started.
[        ] :flutter_olm:compileDebugShaders (Thread[#45219,included builds,5,main]) started.
[        ] > Task :flutter_olm:compileDebugShaders NO-SOURCE
[        ] Skipping task ':flutter_olm:compileDebugShaders' as it has no source files and no previous output files.
[        ] Resolve mutations for :flutter_olm:generateDebugAssets (Thread[#45219,included builds,5,main]) started.
[        ] :flutter_olm:generateDebugAssets (Thread[#45219,included builds,5,main]) started.
[        ] > Task :flutter_olm:generateDebugAssets UP-TO-DATE
[        ] Skipping task ':flutter_olm:generateDebugAssets' as it has no actions.
[        ] Resolve mutations for :flutter_olm:mergeDebugAssets (Thread[#45219,included builds,5,main]) started.
[        ] :flutter_olm:mergeDebugAssets (Thread[#45219,included builds,5,main]) started.
[        ] > Task :flutter_olm:mergeDebugAssets UP-TO-DATE
[        ] Caching disabled for task ':flutter_olm:mergeDebugAssets' because:
[        ]   Build cache is disabled
[        ]   Simple merging task
[        ] Skipping task ':flutter_olm:mergeDebugAssets' as it is up-to-date.
[        ] work action resolve mergeDebugAssets (project :flutter_olm) (Thread[#45219,included builds,5,main]) started.
[        ] Resolve mutations for :flutter_openssl_crypto:mergeDebugShaders (Thread[#45219,included builds,5,main]) started.
[        ] :flutter_openssl_crypto:mergeDebugShaders (Thread[#45219,included builds,5,main]) started.
[        ] > Task :flutter_openssl_crypto:mergeDebugShaders UP-TO-DATE
[        ] Caching disabled for task ':flutter_openssl_crypto:mergeDebugShaders' because:
[        ]   Build cache is disabled
[        ]   Simple merging task
[        ] Skipping task ':flutter_openssl_crypto:mergeDebugShaders' as it is up-to-date.
[        ] Resolve mutations for :flutter_openssl_crypto:compileDebugShaders (Thread[#45219,included builds,5,main]) started.
[        ] :flutter_openssl_crypto:compileDebugShaders (Thread[#45219,included builds,5,main]) started.
[        ] > Task :flutter_openssl_crypto:compileDebugShaders NO-SOURCE
[        ] Skipping task ':flutter_openssl_crypto:compileDebugShaders' as it has no source files and no previous output files.
[        ] Resolve mutations for :flutter_openssl_crypto:generateDebugAssets (Thread[#45219,included builds,5,main]) started.
[        ] :flutter_openssl_crypto:generateDebugAssets (Thread[#45219,included builds,5,main]) started.
[        ] > Task :flutter_openssl_crypto:generateDebugAssets UP-TO-DATE
[        ] Skipping task ':flutter_openssl_crypto:generateDebugAssets' as it has no actions.
[        ] Resolve mutations for :flutter_openssl_crypto:mergeDebugAssets (Thread[#45219,included builds,5,main]) started.
[        ] :flutter_openssl_crypto:mergeDebugAssets (Thread[#45219,included builds,5,main]) started.
[        ] > Task :flutter_openssl_crypto:mergeDebugAssets UP-TO-DATE
[        ] Caching disabled for task ':flutter_openssl_crypto:mergeDebugAssets' because:
[        ]   Build cache is disabled
[        ]   Simple merging task
[        ] Skipping task ':flutter_openssl_crypto:mergeDebugAssets' as it is up-to-date.
[        ] work action resolve mergeDebugAssets (project :flutter_openssl_crypto) (Thread[#45219,included builds,5,main]) started.
[        ] Resolve mutations for :integration_test:mergeDebugShaders (Thread[#45219,included builds,5,main]) started.
[        ] :integration_test:mergeDebugShaders (Thread[#45219,included builds,5,main]) started.
[        ] > Task :integration_test:mergeDebugShaders UP-TO-DATE
[        ] Caching disabled for task ':integration_test:mergeDebugShaders' because:
[        ]   Build cache is disabled
[        ]   Simple merging task
[        ] Skipping task ':integration_test:mergeDebugShaders' as it is up-to-date.
[        ] Resolve mutations for :integration_test:compileDebugShaders (Thread[#45219,included builds,5,main]) started.
[        ] :integration_test:compileDebugShaders (Thread[#45219,included builds,5,main]) started.
[        ] > Task :integration_test:compileDebugShaders NO-SOURCE
[        ] Skipping task ':integration_test:compileDebugShaders' as it has no source files and no previous output files.
[        ] Resolve mutations for :integration_test:generateDebugAssets (Thread[#45219,included builds,5,main]) started.
[        ] :integration_test:generateDebugAssets (Thread[#45219,included builds,5,main]) started.
[        ] > Task :integration_test:generateDebugAssets UP-TO-DATE
[        ] Skipping task ':integration_test:generateDebugAssets' as it has no actions.
[        ] Resolve mutations for :integration_test:mergeDebugAssets (Thread[#45219,included builds,5,main]) started.
[        ] :integration_test:mergeDebugAssets (Thread[#45219,included builds,5,main]) started.
[        ] > Task :integration_test:mergeDebugAssets UP-TO-DATE
[        ] Caching disabled for task ':integration_test:mergeDebugAssets' because:
[        ]   Build cache is disabled
[        ]   Simple merging task
[        ] Skipping task ':integration_test:mergeDebugAssets' as it is up-to-date.
[        ] work action resolve mergeDebugAssets (project :integration_test) (Thread[#45219,included builds,5,main]) started.
[        ] Resolve mutations for :path_provider_android:mergeDebugShaders (Thread[#45219,included builds,5,main]) started.
[        ] :path_provider_android:mergeDebugShaders (Thread[#45219,included builds,5,main]) started.
[        ] > Task :path_provider_android:mergeDebugShaders UP-TO-DATE
[        ] Caching disabled for task ':path_provider_android:mergeDebugShaders' because:
[        ]   Build cache is disabled
[        ]   Simple merging task
[        ] Skipping task ':path_provider_android:mergeDebugShaders' as it is up-to-date.
[        ] Resolve mutations for :path_provider_android:compileDebugShaders (Thread[#45219,included builds,5,main]) started.
[        ] :path_provider_android:compileDebugShaders (Thread[#45219,included builds,5,main]) started.
[        ] > Task :path_provider_android:compileDebugShaders NO-SOURCE
[        ] Skipping task ':path_provider_android:compileDebugShaders' as it has no source files and no previous output files.
[        ] Resolve mutations for :path_provider_android:generateDebugAssets (Thread[#45219,included builds,5,main]) started.
[        ] :path_provider_android:generateDebugAssets (Thread[#45219,included builds,5,main]) started.
[        ] > Task :path_provider_android:generateDebugAssets UP-TO-DATE
[        ] Skipping task ':path_provider_android:generateDebugAssets' as it has no actions.
[        ] Resolve mutations for :path_provider_android:mergeDebugAssets (Thread[#45219,included builds,5,main]) started.
[        ] :path_provider_android:mergeDebugAssets (Thread[#45219,included builds,5,main]) started.
[        ] > Task :path_provider_android:mergeDebugAssets UP-TO-DATE
[        ] Caching disabled for task ':path_provider_android:mergeDebugAssets' because:
[        ]   Build cache is disabled
[        ]   Simple merging task
[        ] Skipping task ':path_provider_android:mergeDebugAssets' as it is up-to-date.
[        ] work action resolve mergeDebugAssets (project :path_provider_android) (Thread[#45219,included builds,5,main]) started.
[        ] Resolve mutations for :quill_native_bridge_android:mergeDebugShaders (Thread[#45219,included builds,5,main]) started.
[        ] :quill_native_bridge_android:mergeDebugShaders (Thread[#45219,included builds,5,main]) started.
[        ] > Task :quill_native_bridge_android:mergeDebugShaders UP-TO-DATE
[        ] Caching disabled for task ':quill_native_bridge_android:mergeDebugShaders' because:
[        ]   Build cache is disabled
[        ]   Simple merging task
[        ] Skipping task ':quill_native_bridge_android:mergeDebugShaders' as it is up-to-date.
[        ] Resolve mutations for :quill_native_bridge_android:compileDebugShaders (Thread[#45219,included builds,5,main]) started.
[        ] :quill_native_bridge_android:compileDebugShaders (Thread[#45219,included builds,5,main]) started.
[        ] > Task :quill_native_bridge_android:compileDebugShaders NO-SOURCE
[        ] Skipping task ':quill_native_bridge_android:compileDebugShaders' as it has no source files and no previous output files.
[        ] Resolve mutations for :quill_native_bridge_android:generateDebugAssets (Thread[#45219,included builds,5,main]) started.
[        ] :quill_native_bridge_android:generateDebugAssets (Thread[#45219,included builds,5,main]) started.
[        ] > Task :quill_native_bridge_android:generateDebugAssets UP-TO-DATE
[        ] Skipping task ':quill_native_bridge_android:generateDebugAssets' as it has no actions.
[        ] Resolve mutations for :quill_native_bridge_android:mergeDebugAssets (Thread[#45219,included builds,5,main]) started.
[        ] :quill_native_bridge_android:mergeDebugAssets (Thread[#45219,included builds,5,main]) started.
[        ] > Task :quill_native_bridge_android:mergeDebugAssets UP-TO-DATE
[        ] Caching disabled for task ':quill_native_bridge_android:mergeDebugAssets' because:
[        ]   Build cache is disabled
[        ]   Simple merging task
[        ] Skipping task ':quill_native_bridge_android:mergeDebugAssets' as it is up-to-date.
[        ] work action resolve mergeDebugAssets (project :quill_native_bridge_android) (Thread[#45219,included builds,5,main]) started.
[        ] Resolve mutations for :shared_preferences_android:mergeDebugShaders (Thread[#45219,included builds,5,main]) started.
[        ] :shared_preferences_android:mergeDebugShaders (Thread[#45219,included builds,5,main]) started.
[        ] > Task :shared_preferences_android:mergeDebugShaders UP-TO-DATE
[        ] Caching disabled for task ':shared_preferences_android:mergeDebugShaders' because:
[        ]   Build cache is disabled
[        ]   Simple merging task
[        ] Skipping task ':shared_preferences_android:mergeDebugShaders' as it is up-to-date.
[        ] Resolve mutations for :shared_preferences_android:compileDebugShaders (Thread[#45219,included builds,5,main]) started.
[        ] :shared_preferences_android:compileDebugShaders (Thread[#45219,included builds,5,main]) started.
[        ] > Task :shared_preferences_android:compileDebugShaders NO-SOURCE
[        ] Skipping task ':shared_preferences_android:compileDebugShaders' as it has no source files and no previous output files.
[        ] Resolve mutations for :shared_preferences_android:generateDebugAssets (Thread[#45219,included builds,5,main]) started.
[        ] :shared_preferences_android:generateDebugAssets (Thread[#45219,included builds,5,main]) started.
[        ] > Task :shared_preferences_android:generateDebugAssets UP-TO-DATE
[        ] Skipping task ':shared_preferences_android:generateDebugAssets' as it has no actions.
[        ] Resolve mutations for :shared_preferences_android:mergeDebugAssets (Thread[#45219,included builds,5,main]) started.
[        ] :shared_preferences_android:mergeDebugAssets (Thread[#45219,included builds,5,main]) started.
[        ] > Task :shared_preferences_android:mergeDebugAssets UP-TO-DATE
[        ] Caching disabled for task ':shared_preferences_android:mergeDebugAssets' because:
[        ]   Build cache is disabled
[        ]   Simple merging task
[        ] Skipping task ':shared_preferences_android:mergeDebugAssets' as it is up-to-date.
[        ] work action resolve mergeDebugAssets (project :shared_preferences_android) (Thread[#45219,included builds,5,main]) started.
[        ] Resolve mutations for :sqflite_android:mergeDebugShaders (Thread[#45219,included builds,5,main]) started.
[        ] :sqflite_android:mergeDebugShaders (Thread[#45219,included builds,5,main]) started.
[        ] > Task :sqflite_android:mergeDebugShaders UP-TO-DATE
[        ] Caching disabled for task ':sqflite_android:mergeDebugShaders' because:
[        ]   Build cache is disabled
[        ]   Simple merging task
[        ] Skipping task ':sqflite_android:mergeDebugShaders' as it is up-to-date.
[        ] Resolve mutations for :sqflite_android:compileDebugShaders (Thread[#45219,included builds,5,main]) started.
[        ] :sqflite_android:compileDebugShaders (Thread[#45219,included builds,5,main]) started.
[        ] > Task :sqflite_android:compileDebugShaders NO-SOURCE
[        ] Skipping task ':sqflite_android:compileDebugShaders' as it has no source files and no previous output files.
[        ] Resolve mutations for :sqflite_android:generateDebugAssets (Thread[#45219,included builds,5,main]) started.
[        ] :sqflite_android:generateDebugAssets (Thread[#45219,included builds,5,main]) started.
[        ] > Task :sqflite_android:generateDebugAssets UP-TO-DATE
[        ] Skipping task ':sqflite_android:generateDebugAssets' as it has no actions.
[        ] Resolve mutations for :sqflite_android:mergeDebugAssets (Thread[#45219,included builds,5,main]) started.
[        ] :sqflite_android:mergeDebugAssets (Thread[#45219,included builds,5,main]) started.
[        ] > Task :sqflite_android:mergeDebugAssets UP-TO-DATE
[        ] Caching disabled for task ':sqflite_android:mergeDebugAssets' because:
[        ]   Build cache is disabled
[        ]   Simple merging task
[        ] Skipping task ':sqflite_android:mergeDebugAssets' as it is up-to-date.
[        ] work action resolve mergeDebugAssets (project :sqflite_android) (Thread[#45219,included builds,5,main]) started.
[        ] Resolve mutations for :url_launcher_android:mergeDebugShaders (Thread[#45219,included builds,5,main]) started.
[        ] :url_launcher_android:mergeDebugShaders (Thread[#45219,included builds,5,main]) started.
[        ] > Task :url_launcher_android:mergeDebugShaders UP-TO-DATE
[        ] Caching disabled for task ':url_launcher_android:mergeDebugShaders' because:
[        ]   Build cache is disabled
[        ]   Simple merging task
[        ] Skipping task ':url_launcher_android:mergeDebugShaders' as it is up-to-date.
[        ] Resolve mutations for :url_launcher_android:compileDebugShaders (Thread[#45219,included builds,5,main]) started.
[        ] :url_launcher_android:compileDebugShaders (Thread[#45219,included builds,5,main]) started.
[        ] > Task :url_launcher_android:compileDebugShaders NO-SOURCE
[        ] Skipping task ':url_launcher_android:compileDebugShaders' as it has no source files and no previous output files.
[        ] Resolve mutations for :url_launcher_android:generateDebugAssets (Thread[#45219,included builds,5,main]) started.
[        ] :url_launcher_android:generateDebugAssets (Thread[#45219,included builds,5,main]) started.
[        ] > Task :url_launcher_android:generateDebugAssets UP-TO-DATE
[        ] Skipping task ':url_launcher_android:generateDebugAssets' as it has no actions.
[        ] Resolve mutations for :url_launcher_android:mergeDebugAssets (Thread[#45219,included builds,5,main]) started.
[        ] :url_launcher_android:mergeDebugAssets (Thread[#45219,included builds,5,main]) started.
[        ] > Task :url_launcher_android:mergeDebugAssets UP-TO-DATE
[        ] Caching disabled for task ':url_launcher_android:mergeDebugAssets' because:
[        ]   Build cache is disabled
[        ]   Simple merging task
[        ] Skipping task ':url_launcher_android:mergeDebugAssets' as it is up-to-date.
[        ] work action resolve mergeDebugAssets (project :url_launcher_android) (Thread[#45219,included builds,5,main]) started.
[        ] Resolve mutations for :video_player_android:mergeDebugShaders (Thread[#45219,included builds,5,main]) started.
[        ] :video_player_android:mergeDebugShaders (Thread[#45219,included builds,5,main]) started.
[        ] > Task :video_player_android:mergeDebugShaders UP-TO-DATE
[        ] Caching disabled for task ':video_player_android:mergeDebugShaders' because:
[        ]   Build cache is disabled
[        ]   Simple merging task
[        ] Skipping task ':video_player_android:mergeDebugShaders' as it is up-to-date.
[        ] Resolve mutations for :video_player_android:compileDebugShaders (Thread[#45219,included builds,5,main]) started.
[        ] :video_player_android:compileDebugShaders (Thread[#45219,included builds,5,main]) started.
[        ] > Task :video_player_android:compileDebugShaders NO-SOURCE
[        ] Skipping task ':video_player_android:compileDebugShaders' as it has no source files and no previous output files.
[        ] Resolve mutations for :video_player_android:generateDebugAssets (Thread[#45219,included builds,5,main]) started.
[        ] :video_player_android:generateDebugAssets (Thread[#45219,included builds,5,main]) started.
[        ] > Task :video_player_android:generateDebugAssets UP-TO-DATE
[        ] Skipping task ':video_player_android:generateDebugAssets' as it has no actions.
[        ] Resolve mutations for :video_player_android:mergeDebugAssets (Thread[#45219,included builds,5,main]) started.
[        ] :video_player_android:mergeDebugAssets (Thread[#45219,included builds,5,main]) started.
[        ] > Task :video_player_android:mergeDebugAssets UP-TO-DATE
[        ] Caching disabled for task ':video_player_android:mergeDebugAssets' because:
[        ]   Build cache is disabled
[        ]   Simple merging task
[        ] Skipping task ':video_player_android:mergeDebugAssets' as it is up-to-date.
[        ] work action resolve mergeDebugAssets (project :video_player_android) (Thread[#45219,included builds,5,main]) started.
[        ] Resolve mutations for :app:mergeDebugAssets (Thread[#45219,included builds,5,main]) started.
[        ] :app:mergeDebugAssets (Thread[#45219,included builds,5,main]) started.
[        ] > Task :app:mergeDebugAssets
[        ] Caching disabled for task ':app:mergeDebugAssets' because:
[        ]   Build cache is disabled
[        ]   Simple merging task
[        ] Task ':app:mergeDebugAssets' is not up-to-date because:
[        ]   Output property 'outputDir' file /Users/florian/Code/substitution/build/app/intermediates/assets/debug/mergeDebugAssets has been removed.
[        ] The input changes require a full rebuild for incremental task ':app:mergeDebugAssets'.
[        ] Resolve mutations for :app:copyFlutterAssetsDebug (Thread[#45219,included builds,5,main]) started.
[        ] :app:copyFlutterAssetsDebug (Thread[#45219,included builds,5,main]) started.
19:52 +13 -45: loading /Users/florian/Code/substitution/integration_test/onboarding_and_login_test.dart                                                                                                [ +283 ms] > Task :app:copyFlutterAssetsDebug
[        ] Caching disabled for task ':app:copyFlutterAssetsDebug' because:
[        ]   Build cache is disabled
[        ]   Not worth caching
[        ] Task ':app:copyFlutterAssetsDebug' is not up-to-date because:
[        ]   Output property 'destinationDir' file /Users/florian/Code/substitution/build/app/intermediates/assets/debug/mergeDebugAssets/flutter_assets has been removed.
[        ]   Output property 'destinationDir' file /Users/florian/Code/substitution/build/app/intermediates/assets/debug/mergeDebugAssets/flutter_assets/AssetManifest.bin has been removed.
[        ]   Output property 'destinationDir' file /Users/florian/Code/substitution/build/app/intermediates/assets/debug/mergeDebugAssets/flutter_assets/FontManifest.json has been removed.
[        ]   and more...
[        ] Resolve mutations for :app:generateDebugResValues (Thread[#45219,included builds,5,main]) started.
[        ] :app:generateDebugResValues (Thread[#45219,included builds,5,main]) started.
[        ] > Task :app:generateDebugResValues UP-TO-DATE
[        ] Caching disabled for task ':app:generateDebugResValues' because:
[        ]   Build cache is disabled
[        ] Skipping task ':app:generateDebugResValues' as it is up-to-date.
[        ] Resolve mutations for :connectivity_plus:generateDebugResValues (Thread[#45219,included builds,5,main]) started.
[        ] :connectivity_plus:generateDebugResValues (Thread[#45219,included builds,5,main]) started.
[        ] > Task :connectivity_plus:generateDebugResValues UP-TO-DATE
[        ] Caching disabled for task ':connectivity_plus:generateDebugResValues' because:
[        ]   Build cache is disabled
[        ] Skipping task ':connectivity_plus:generateDebugResValues' as it is up-to-date.
[        ] Resolve mutations for :connectivity_plus:generateDebugResources (Thread[#45219,included builds,5,main]) started.
[        ] :connectivity_plus:generateDebugResources (Thread[#45219,included builds,5,main]) started.
[        ] > Task :connectivity_plus:generateDebugResources UP-TO-DATE
[        ] Caching disabled for task ':connectivity_plus:generateDebugResources' because:
[        ]   Build cache is disabled
[        ] Skipping task ':connectivity_plus:generateDebugResources' as it is up-to-date.
[        ] Resolve mutations for :connectivity_plus:packageDebugResources (Thread[#45219,included builds,5,main]) started.
[        ] :connectivity_plus:packageDebugResources (Thread[#45219,included builds,5,main]) started.
[        ] > Task :connectivity_plus:packageDebugResources UP-TO-DATE
[        ] Caching disabled for task ':connectivity_plus:packageDebugResources' because:
[        ]   Build cache is disabled
[        ] Skipping task ':connectivity_plus:packageDebugResources' as it is up-to-date.
[        ] work action resolve packageDebugResources (project :connectivity_plus) (Thread[#45219,included builds,5,main]) started.
[        ] Resolve mutations for :emoji_picker_flutter:generateDebugResValues (Thread[#45219,included builds,5,main]) started.
[        ] :emoji_picker_flutter:generateDebugResValues (Thread[#45219,included builds,5,main]) started.
[        ] > Task :emoji_picker_flutter:generateDebugResValues UP-TO-DATE
[        ] Caching disabled for task ':emoji_picker_flutter:generateDebugResValues' because:
[        ]   Build cache is disabled
[        ] Skipping task ':emoji_picker_flutter:generateDebugResValues' as it is up-to-date.
[        ] Resolve mutations for :emoji_picker_flutter:generateDebugResources (Thread[#45219,included builds,5,main]) started.
[        ] :emoji_picker_flutter:generateDebugResources (Thread[#45219,included builds,5,main]) started.
[        ] > Task :emoji_picker_flutter:generateDebugResources UP-TO-DATE
[        ] Caching disabled for task ':emoji_picker_flutter:generateDebugResources' because:
[        ]   Build cache is disabled
[        ] Skipping task ':emoji_picker_flutter:generateDebugResources' as it is up-to-date.
[        ] Resolve mutations for :emoji_picker_flutter:packageDebugResources (Thread[#45219,included builds,5,main]) started.
[        ] :emoji_picker_flutter:packageDebugResources (Thread[#45219,included builds,5,main]) started.
[        ] > Task :emoji_picker_flutter:packageDebugResources UP-TO-DATE
[        ] Caching disabled for task ':emoji_picker_flutter:packageDebugResources' because:
[        ]   Build cache is disabled
[        ] Skipping task ':emoji_picker_flutter:packageDebugResources' as it is up-to-date.
[        ] work action resolve packageDebugResources (project :emoji_picker_flutter) (Thread[#45219,included builds,5,main]) started.
[        ] Resolve mutations for :file_selector_android:generateDebugResValues (Thread[#45219,included builds,5,main]) started.
[        ] :file_selector_android:generateDebugResValues (Thread[#45219,included builds,5,main]) started.
[        ] > Task :file_selector_android:generateDebugResValues UP-TO-DATE
[        ] Caching disabled for task ':file_selector_android:generateDebugResValues' because:
[        ]   Build cache is disabled
[        ] Skipping task ':file_selector_android:generateDebugResValues' as it is up-to-date.
[        ] Resolve mutations for :file_selector_android:generateDebugResources (Thread[#45219,included builds,5,main]) started.
[        ] :file_selector_android:generateDebugResources (Thread[#45219,included builds,5,main]) started.
[        ] > Task :file_selector_android:generateDebugResources UP-TO-DATE
[        ] Caching disabled for task ':file_selector_android:generateDebugResources' because:
[        ]   Build cache is disabled
[        ] Skipping task ':file_selector_android:generateDebugResources' as it is up-to-date.
[        ] Resolve mutations for :file_selector_android:packageDebugResources (Thread[#45219,included builds,5,main]) started.
[        ] :file_selector_android:packageDebugResources (Thread[#45219,included builds,5,main]) started.
[        ] > Task :file_selector_android:packageDebugResources UP-TO-DATE
[        ] Caching disabled for task ':file_selector_android:packageDebugResources' because:
[        ]   Build cache is disabled
[        ] Skipping task ':file_selector_android:packageDebugResources' as it is up-to-date.
[        ] work action resolve packageDebugResources (project :file_selector_android) (Thread[#45219,included builds,5,main]) started.
[        ] Resolve mutations for :flutter_keyboard_visibility_temp_fork:generateDebugResValues (Thread[#45219,included builds,5,main]) started.
[        ] :flutter_keyboard_visibility_temp_fork:generateDebugResValues (Thread[#45219,included builds,5,main]) started.
[        ] > Task :flutter_keyboard_visibility_temp_fork:generateDebugResValues UP-TO-DATE
[        ] Caching disabled for task ':flutter_keyboard_visibility_temp_fork:generateDebugResValues' because:
[        ]   Build cache is disabled
[        ] Skipping task ':flutter_keyboard_visibility_temp_fork:generateDebugResValues' as it is up-to-date.
[        ] Resolve mutations for :flutter_keyboard_visibility_temp_fork:generateDebugResources (Thread[#45219,included builds,5,main]) started.
[        ] :flutter_keyboard_visibility_temp_fork:generateDebugResources (Thread[#45219,included builds,5,main]) started.
[        ] > Task :flutter_keyboard_visibility_temp_fork:generateDebugResources UP-TO-DATE
[        ] Caching disabled for task ':flutter_keyboard_visibility_temp_fork:generateDebugResources' because:
[        ]   Build cache is disabled
[        ] Skipping task ':flutter_keyboard_visibility_temp_fork:generateDebugResources' as it is up-to-date.
[        ] Resolve mutations for :flutter_keyboard_visibility_temp_fork:packageDebugResources (Thread[#45219,included builds,5,main]) started.
[        ] :flutter_keyboard_visibility_temp_fork:packageDebugResources (Thread[#45219,included builds,5,main]) started.
[        ] > Task :flutter_keyboard_visibility_temp_fork:packageDebugResources UP-TO-DATE
[        ] Caching disabled for task ':flutter_keyboard_visibility_temp_fork:packageDebugResources' because:
[        ]   Build cache is disabled
[        ] Skipping task ':flutter_keyboard_visibility_temp_fork:packageDebugResources' as it is up-to-date.
[        ] work action resolve packageDebugResources (project :flutter_keyboard_visibility_temp_fork) (Thread[#45219,included builds,5,main]) started.
[        ] Resolve mutations for :flutter_native_splash:generateDebugResValues (Thread[#45219,included builds,5,main]) started.
[        ] :flutter_native_splash:generateDebugResValues (Thread[#45219,included builds,5,main]) started.
[        ] > Task :flutter_native_splash:generateDebugResValues UP-TO-DATE
[        ] Caching disabled for task ':flutter_native_splash:generateDebugResValues' because:
[        ]   Build cache is disabled
[        ] Skipping task ':flutter_native_splash:generateDebugResValues' as it is up-to-date.
[        ] Resolve mutations for :flutter_native_splash:generateDebugResources (Thread[#45219,included builds,5,main]) started.
[        ] :flutter_native_splash:generateDebugResources (Thread[#45219,included builds,5,main]) started.
[        ] > Task :flutter_native_splash:generateDebugResources UP-TO-DATE
[        ] Caching disabled for task ':flutter_native_splash:generateDebugResources' because:
[        ]   Build cache is disabled
[        ] Skipping task ':flutter_native_splash:generateDebugResources' as it is up-to-date.
[        ] Resolve mutations for :flutter_native_splash:packageDebugResources (Thread[#45219,included builds,5,main]) started.
[        ] :flutter_native_splash:packageDebugResources (Thread[#45219,included builds,5,main]) started.
[        ] > Task :flutter_native_splash:packageDebugResources UP-TO-DATE
[        ] Caching disabled for task ':flutter_native_splash:packageDebugResources' because:
[        ]   Build cache is disabled
[        ] Skipping task ':flutter_native_splash:packageDebugResources' as it is up-to-date.
[        ] work action resolve packageDebugResources (project :flutter_native_splash) (Thread[#45219,included builds,5,main]) started.
[        ] Resolve mutations for :flutter_olm:generateDebugResValues (Thread[#45219,included builds,5,main]) started.
[        ] :flutter_olm:generateDebugResValues (Thread[#45219,included builds,5,main]) started.
[        ] > Task :flutter_olm:generateDebugResValues UP-TO-DATE
[        ] Caching disabled for task ':flutter_olm:generateDebugResValues' because:
[        ]   Build cache is disabled
[        ] Skipping task ':flutter_olm:generateDebugResValues' as it is up-to-date.
[        ] Resolve mutations for :flutter_olm:generateDebugResources (Thread[#45219,included builds,5,main]) started.
[        ] :flutter_olm:generateDebugResources (Thread[#45219,included builds,5,main]) started.
[        ] > Task :flutter_olm:generateDebugResources UP-TO-DATE
[        ] Caching disabled for task ':flutter_olm:generateDebugResources' because:
[        ]   Build cache is disabled
[        ] Skipping task ':flutter_olm:generateDebugResources' as it is up-to-date.
[        ] Resolve mutations for :flutter_olm:packageDebugResources (Thread[#45219,included builds,5,main]) started.
[        ] :flutter_olm:packageDebugResources (Thread[#45219,included builds,5,main]) started.
[        ] > Task :flutter_olm:packageDebugResources UP-TO-DATE
[        ] Caching disabled for task ':flutter_olm:packageDebugResources' because:
[        ]   Build cache is disabled
[        ] Skipping task ':flutter_olm:packageDebugResources' as it is up-to-date.
[        ] work action resolve packageDebugResources (project :flutter_olm) (Thread[#45219,included builds,5,main]) started.
[        ] Resolve mutations for :flutter_openssl_crypto:generateDebugResValues (Thread[#45219,included builds,5,main]) started.
[        ] :flutter_openssl_crypto:generateDebugResValues (Thread[#45219,included builds,5,main]) started.
[        ] > Task :flutter_openssl_crypto:generateDebugResValues UP-TO-DATE
[        ] Caching disabled for task ':flutter_openssl_crypto:generateDebugResValues' because:
[        ]   Build cache is disabled
[        ] Skipping task ':flutter_openssl_crypto:generateDebugResValues' as it is up-to-date.
[        ] Resolve mutations for :flutter_openssl_crypto:generateDebugResources (Thread[#45219,included builds,5,main]) started.
[        ] :flutter_openssl_crypto:generateDebugResources (Thread[#45219,included builds,5,main]) started.
[        ] > Task :flutter_openssl_crypto:generateDebugResources UP-TO-DATE
[        ] Caching disabled for task ':flutter_openssl_crypto:generateDebugResources' because:
[        ]   Build cache is disabled
[        ] Skipping task ':flutter_openssl_crypto:generateDebugResources' as it is up-to-date.
[        ] Resolve mutations for :flutter_openssl_crypto:packageDebugResources (Thread[#45219,included builds,5,main]) started.
[        ] :flutter_openssl_crypto:packageDebugResources (Thread[#45219,included builds,5,main]) started.
[        ] > Task :flutter_openssl_crypto:packageDebugResources UP-TO-DATE
[        ] Caching disabled for task ':flutter_openssl_crypto:packageDebugResources' because:
[        ]   Build cache is disabled
[        ] Skipping task ':flutter_openssl_crypto:packageDebugResources' as it is up-to-date.
[        ] work action resolve packageDebugResources (project :flutter_openssl_crypto) (Thread[#45219,included builds,5,main]) started.
[        ] Resolve mutations for :integration_test:generateDebugResValues (Thread[#45219,included builds,5,main]) started.
[        ] :integration_test:generateDebugResValues (Thread[#45219,included builds,5,main]) started.
[        ] > Task :integration_test:generateDebugResValues UP-TO-DATE
[        ] Caching disabled for task ':integration_test:generateDebugResValues' because:
[        ]   Build cache is disabled
[        ] Skipping task ':integration_test:generateDebugResValues' as it is up-to-date.
[        ] Resolve mutations for :integration_test:generateDebugResources (Thread[#45219,included builds,5,main]) started.
[        ] :integration_test:generateDebugResources (Thread[#45219,included builds,5,main]) started.
[        ] > Task :integration_test:generateDebugResources UP-TO-DATE
[        ] Caching disabled for task ':integration_test:generateDebugResources' because:
[        ]   Build cache is disabled
[        ] Skipping task ':integration_test:generateDebugResources' as it is up-to-date.
[        ] Resolve mutations for :integration_test:packageDebugResources (Thread[#45219,included builds,5,main]) started.
[        ] :integration_test:packageDebugResources (Thread[#45219,included builds,5,main]) started.
[        ] > Task :integration_test:packageDebugResources UP-TO-DATE
[        ] Caching disabled for task ':integration_test:packageDebugResources' because:
[        ]   Build cache is disabled
[        ] Skipping task ':integration_test:packageDebugResources' as it is up-to-date.
[        ] work action resolve packageDebugResources (project :integration_test) (Thread[#45219,included builds,5,main]) started.
[        ] Resolve mutations for :path_provider_android:generateDebugResValues (Thread[#45219,included builds,5,main]) started.
[        ] :path_provider_android:generateDebugResValues (Thread[#45219,included builds,5,main]) started.
[        ] > Task :path_provider_android:generateDebugResValues UP-TO-DATE
[        ] Caching disabled for task ':path_provider_android:generateDebugResValues' because:
[        ]   Build cache is disabled
[        ] Skipping task ':path_provider_android:generateDebugResValues' as it is up-to-date.
[        ] Resolve mutations for :path_provider_android:generateDebugResources (Thread[#45219,included builds,5,main]) started.
[        ] :path_provider_android:generateDebugResources (Thread[#45219,included builds,5,main]) started.
[        ] > Task :path_provider_android:generateDebugResources UP-TO-DATE
[        ] Caching disabled for task ':path_provider_android:generateDebugResources' because:
[        ]   Build cache is disabled
[        ] Skipping task ':path_provider_android:generateDebugResources' as it is up-to-date.
[        ] Resolve mutations for :path_provider_android:packageDebugResources (Thread[#45219,included builds,5,main]) started.
[        ] :path_provider_android:packageDebugResources (Thread[#45219,included builds,5,main]) started.
[        ] > Task :path_provider_android:packageDebugResources UP-TO-DATE
[        ] Caching disabled for task ':path_provider_android:packageDebugResources' because:
[        ]   Build cache is disabled
[        ] Skipping task ':path_provider_android:packageDebugResources' as it is up-to-date.
[        ] work action resolve packageDebugResources (project :path_provider_android) (Thread[#45219,included builds,5,main]) started.
[        ] Resolve mutations for :quill_native_bridge_android:generateDebugResValues (Thread[#45219,included builds,5,main]) started.
[        ] :quill_native_bridge_android:generateDebugResValues (Thread[#45219,included builds,5,main]) started.
[        ] > Task :quill_native_bridge_android:generateDebugResValues UP-TO-DATE
[        ] Caching disabled for task ':quill_native_bridge_android:generateDebugResValues' because:
[        ]   Build cache is disabled
[        ] Skipping task ':quill_native_bridge_android:generateDebugResValues' as it is up-to-date.
[        ] Resolve mutations for :quill_native_bridge_android:generateDebugResources (Thread[#45219,included builds,5,main]) started.
[        ] :quill_native_bridge_android:generateDebugResources (Thread[#45219,included builds,5,main]) started.
[        ] > Task :quill_native_bridge_android:generateDebugResources UP-TO-DATE
[        ] Caching disabled for task ':quill_native_bridge_android:generateDebugResources' because:
[        ]   Build cache is disabled
[        ] Skipping task ':quill_native_bridge_android:generateDebugResources' as it is up-to-date.
[        ] Resolve mutations for :quill_native_bridge_android:packageDebugResources (Thread[#45219,included builds,5,main]) started.
[        ] :quill_native_bridge_android:packageDebugResources (Thread[#45219,included builds,5,main]) started.
[        ] > Task :quill_native_bridge_android:packageDebugResources UP-TO-DATE
[        ] Caching disabled for task ':quill_native_bridge_android:packageDebugResources' because:
[        ]   Build cache is disabled
[        ] Skipping task ':quill_native_bridge_android:packageDebugResources' as it is up-to-date.
[        ] work action resolve packageDebugResources (project :quill_native_bridge_android) (Thread[#45219,included builds,5,main]) started.
[        ] Resolve mutations for :shared_preferences_android:generateDebugResValues (Thread[#45219,included builds,5,main]) started.
[        ] :shared_preferences_android:generateDebugResValues (Thread[#45219,included builds,5,main]) started.
[        ] > Task :shared_preferences_android:generateDebugResValues UP-TO-DATE
[        ] Caching disabled for task ':shared_preferences_android:generateDebugResValues' because:
[        ]   Build cache is disabled
[        ] Skipping task ':shared_preferences_android:generateDebugResValues' as it is up-to-date.
[        ] Resolve mutations for :shared_preferences_android:generateDebugResources (Thread[#45219,included builds,5,main]) started.
[        ] :shared_preferences_android:generateDebugResources (Thread[#45219,included builds,5,main]) started.
[        ] > Task :shared_preferences_android:generateDebugResources UP-TO-DATE
[        ] Caching disabled for task ':shared_preferences_android:generateDebugResources' because:
[        ]   Build cache is disabled
[        ] Skipping task ':shared_preferences_android:generateDebugResources' as it is up-to-date.
[        ] Resolve mutations for :shared_preferences_android:packageDebugResources (Thread[#45219,included builds,5,main]) started.
[        ] :shared_preferences_android:packageDebugResources (Thread[#45219,included builds,5,main]) started.
[        ] > Task :shared_preferences_android:packageDebugResources UP-TO-DATE
[        ] Caching disabled for task ':shared_preferences_android:packageDebugResources' because:
[        ]   Build cache is disabled
[        ] Skipping task ':shared_preferences_android:packageDebugResources' as it is up-to-date.
[        ] work action resolve packageDebugResources (project :shared_preferences_android) (Thread[#45219,included builds,5,main]) started.
[        ] Resolve mutations for :sqflite_android:generateDebugResValues (Thread[#45219,included builds,5,main]) started.
[        ] :sqflite_android:generateDebugResValues (Thread[#45219,included builds,5,main]) started.
[        ] > Task :sqflite_android:generateDebugResValues UP-TO-DATE
[        ] Caching disabled for task ':sqflite_android:generateDebugResValues' because:
[        ]   Build cache is disabled
[        ] Skipping task ':sqflite_android:generateDebugResValues' as it is up-to-date.
[        ] Resolve mutations for :sqflite_android:generateDebugResources (Thread[#45219,included builds,5,main]) started.
[        ] :sqflite_android:generateDebugResources (Thread[#45219,included builds,5,main]) started.
[        ] > Task :sqflite_android:generateDebugResources UP-TO-DATE
[        ] Caching disabled for task ':sqflite_android:generateDebugResources' because:
[        ]   Build cache is disabled
[        ] Skipping task ':sqflite_android:generateDebugResources' as it is up-to-date.
[        ] Resolve mutations for :sqflite_android:packageDebugResources (Thread[#45219,included builds,5,main]) started.
[        ] :sqflite_android:packageDebugResources (Thread[#45219,included builds,5,main]) started.
[        ] > Task :sqflite_android:packageDebugResources UP-TO-DATE
[        ] Caching disabled for task ':sqflite_android:packageDebugResources' because:
[        ]   Build cache is disabled
[        ] Skipping task ':sqflite_android:packageDebugResources' as it is up-to-date.
[        ] work action resolve packageDebugResources (project :sqflite_android) (Thread[#45219,included builds,5,main]) started.
[        ] Resolve mutations for :url_launcher_android:generateDebugResValues (Thread[#45219,included builds,5,main]) started.
[        ] :url_launcher_android:generateDebugResValues (Thread[#45219,included builds,5,main]) started.
[        ] > Task :url_launcher_android:generateDebugResValues UP-TO-DATE
[        ] Caching disabled for task ':url_launcher_android:generateDebugResValues' because:
[        ]   Build cache is disabled
[        ] Skipping task ':url_launcher_android:generateDebugResValues' as it is up-to-date.
[        ] Resolve mutations for :url_launcher_android:generateDebugResources (Thread[#45219,included builds,5,main]) started.
[        ] :url_launcher_android:generateDebugResources (Thread[#45219,included builds,5,main]) started.
[        ] > Task :url_launcher_android:generateDebugResources UP-TO-DATE
[        ] Caching disabled for task ':url_launcher_android:generateDebugResources' because:
[        ]   Build cache is disabled
[        ] Skipping task ':url_launcher_android:generateDebugResources' as it is up-to-date.
[        ] Resolve mutations for :url_launcher_android:packageDebugResources (Thread[#45219,included builds,5,main]) started.
[        ] :url_launcher_android:packageDebugResources (Thread[#45219,included builds,5,main]) started.
[        ] > Task :url_launcher_android:packageDebugResources UP-TO-DATE
[        ] Caching disabled for task ':url_launcher_android:packageDebugResources' because:
[        ]   Build cache is disabled
[        ] Skipping task ':url_launcher_android:packageDebugResources' as it is up-to-date.
[        ] work action resolve packageDebugResources (project :url_launcher_android) (Thread[#45219,included builds,5,main]) started.
[        ] Resolve mutations for :video_player_android:generateDebugResValues (Thread[#45219,included builds,5,main]) started.
[        ] :video_player_android:generateDebugResValues (Thread[#45219,included builds,5,main]) started.
[        ] > Task :video_player_android:generateDebugResValues UP-TO-DATE
[        ] Caching disabled for task ':video_player_android:generateDebugResValues' because:
[        ]   Build cache is disabled
[        ] Skipping task ':video_player_android:generateDebugResValues' as it is up-to-date.
[        ] Resolve mutations for :video_player_android:generateDebugResources (Thread[#45219,included builds,5,main]) started.
[        ] :video_player_android:generateDebugResources (Thread[#45219,included builds,5,main]) started.
[        ] > Task :video_player_android:generateDebugResources UP-TO-DATE
[        ] Caching disabled for task ':video_player_android:generateDebugResources' because:
[        ]   Build cache is disabled
[        ] Skipping task ':video_player_android:generateDebugResources' as it is up-to-date.
[        ] Resolve mutations for :video_player_android:packageDebugResources (Thread[#45219,included builds,5,main]) started.
[        ] :video_player_android:packageDebugResources (Thread[#45219,included builds,5,main]) started.
[        ] > Task :video_player_android:packageDebugResources UP-TO-DATE
[        ] Caching disabled for task ':video_player_android:packageDebugResources' because:
[        ]   Build cache is disabled
[        ] Skipping task ':video_player_android:packageDebugResources' as it is up-to-date.
[        ] work action resolve packageDebugResources (project :video_player_android) (Thread[#45219,included builds,5,main]) started.
[        ] Resolve mutations for :app:mapDebugSourceSetPaths (Thread[#45219,included builds,5,main]) started.
[        ] :app:mapDebugSourceSetPaths (Thread[#45219,included builds,5,main]) started.
[        ] > Task :app:mapDebugSourceSetPaths UP-TO-DATE
[        ] Caching disabled for task ':app:mapDebugSourceSetPaths' because:
[        ]   Build cache is disabled
[        ]   Caching has been disabled for the task
[        ] Skipping task ':app:mapDebugSourceSetPaths' as it is up-to-date.
[        ] Resolve mutations for :app:generateDebugResources (Thread[#45219,included builds,5,main]) started.
[        ] :app:generateDebugResources (Thread[#45219,included builds,5,main]) started.
[        ] > Task :app:generateDebugResources UP-TO-DATE
[        ] Caching disabled for task ':app:generateDebugResources' because:
[        ]   Build cache is disabled
[        ] Skipping task ':app:generateDebugResources' as it is up-to-date.
[        ] Resolve mutations for :app:mergeDebugResources (Thread[#45219,included builds,5,main]) started.
[        ] :app:mergeDebugResources (Thread[#45219,included builds,5,main]) started.
[        ] > Task :app:mergeDebugResources UP-TO-DATE
[        ] Caching disabled for task ':app:mergeDebugResources' because:
[        ]   Build cache is disabled
[        ] Skipping task ':app:mergeDebugResources' as it is up-to-date.
[        ] Resolve mutations for :app:packageDebugResources (Thread[#45219,included builds,5,main]) started.
[        ] :app:packageDebugResources (Thread[#45219,included builds,5,main]) started.
[        ] > Task :app:packageDebugResources UP-TO-DATE
[        ] Caching disabled for task ':app:packageDebugResources' because:
[        ]   Build cache is disabled
[        ] Skipping task ':app:packageDebugResources' as it is up-to-date.
[        ] Resolve mutations for :app:parseDebugLocalResources (Thread[#45219,included builds,5,main]) started.
[        ] :app:parseDebugLocalResources (Thread[#45219,included builds,5,main]) started.
[        ] > Task :app:parseDebugLocalResources UP-TO-DATE
[        ] Caching disabled for task ':app:parseDebugLocalResources' because:
[        ]   Build cache is disabled
[        ] Skipping task ':app:parseDebugLocalResources' as it is up-to-date.
[        ] Resolve mutations for :app:createDebugCompatibleScreenManifests (Thread[#45219,included builds,5,main]) started.
[        ] :app:createDebugCompatibleScreenManifests (Thread[#45219,included builds,5,main]) started.
[        ] > Task :app:createDebugCompatibleScreenManifests UP-TO-DATE
[        ] Caching disabled for task ':app:createDebugCompatibleScreenManifests' because:
[        ]   Build cache is disabled
[        ]   Caching has been disabled for the task
[        ] Skipping task ':app:createDebugCompatibleScreenManifests' as it is up-to-date.
[        ] Resolve mutations for :app:extractDeepLinksDebug (Thread[#45219,included builds,5,main]) started.
[        ] :app:extractDeepLinksDebug (Thread[#45219,included builds,5,main]) started.
[        ] > Task :app:extractDeepLinksDebug UP-TO-DATE
[        ] Caching disabled for task ':app:extractDeepLinksDebug' because:
[        ]   Build cache is disabled
[        ] Skipping task ':app:extractDeepLinksDebug' as it is up-to-date.
[        ] Resolve mutations for :connectivity_plus:extractDeepLinksDebug (Thread[#45219,included builds,5,main]) started.
[        ] :connectivity_plus:extractDeepLinksDebug (Thread[#45219,included builds,5,main]) started.
[        ] > Task :connectivity_plus:extractDeepLinksDebug UP-TO-DATE
[        ] Caching disabled for task ':connectivity_plus:extractDeepLinksDebug' because:
[        ]   Build cache is disabled
[        ] Skipping task ':connectivity_plus:extractDeepLinksDebug' as it is up-to-date.
[        ] work action resolve navigation.json (project :connectivity_plus) (Thread[#45219,included builds,5,main]) started.
[        ] Resolve mutations for :connectivity_plus:processDebugManifest (Thread[#45219,included builds,5,main]) started.
[        ] :connectivity_plus:processDebugManifest (Thread[#45219,included builds,5,main]) started.
[        ] > Task :connectivity_plus:processDebugManifest UP-TO-DATE
[        ] Caching disabled for task ':connectivity_plus:processDebugManifest' because:
[        ]   Build cache is disabled
[        ] Skipping task ':connectivity_plus:processDebugManifest' as it is up-to-date.
[        ] work action resolve AndroidManifest.xml (project :connectivity_plus) (Thread[#45219,included builds,5,main]) started.
[        ] Resolve mutations for :emoji_picker_flutter:extractDeepLinksDebug (Thread[#45219,included builds,5,main]) started.
[        ] :emoji_picker_flutter:extractDeepLinksDebug (Thread[#45219,included builds,5,main]) started.
[        ] > Task :emoji_picker_flutter:extractDeepLinksDebug UP-TO-DATE
[        ] Caching disabled for task ':emoji_picker_flutter:extractDeepLinksDebug' because:
[        ]   Build cache is disabled
[        ] Skipping task ':emoji_picker_flutter:extractDeepLinksDebug' as it is up-to-date.
[        ] work action resolve navigation.json (project :emoji_picker_flutter) (Thread[#45219,included builds,5,main]) started.
[        ] Resolve mutations for :emoji_picker_flutter:processDebugManifest (Thread[#45219,included builds,5,main]) started.
[        ] :emoji_picker_flutter:processDebugManifest (Thread[#45219,included builds,5,main]) started.
[        ] > Task :emoji_picker_flutter:processDebugManifest UP-TO-DATE
[        ] Caching disabled for task ':emoji_picker_flutter:processDebugManifest' because:
[        ]   Build cache is disabled
[        ] Skipping task ':emoji_picker_flutter:processDebugManifest' as it is up-to-date.
[        ] work action resolve AndroidManifest.xml (project :emoji_picker_flutter) (Thread[#45219,included builds,5,main]) started.
[        ] Resolve mutations for :file_selector_android:extractDeepLinksDebug (Thread[#45219,included builds,5,main]) started.
[        ] :file_selector_android:extractDeepLinksDebug (Thread[#45219,included builds,5,main]) started.
[        ] > Task :file_selector_android:extractDeepLinksDebug UP-TO-DATE
[        ] Caching disabled for task ':file_selector_android:extractDeepLinksDebug' because:
[        ]   Build cache is disabled
[        ] Skipping task ':file_selector_android:extractDeepLinksDebug' as it is up-to-date.
[        ] work action resolve navigation.json (project :file_selector_android) (Thread[#45219,included builds,5,main]) started.
[        ] Resolve mutations for :file_selector_android:processDebugManifest (Thread[#45219,included builds,5,main]) started.
[        ] :file_selector_android:processDebugManifest (Thread[#45219,included builds,5,main]) started.
[        ] > Task :file_selector_android:processDebugManifest UP-TO-DATE
[        ] Caching disabled for task ':file_selector_android:processDebugManifest' because:
[        ]   Build cache is disabled
[        ] Skipping task ':file_selector_android:processDebugManifest' as it is up-to-date.
[        ] work action resolve AndroidManifest.xml (project :file_selector_android) (Thread[#45219,included builds,5,main]) started.
[        ] Resolve mutations for :flutter_keyboard_visibility_temp_fork:extractDeepLinksDebug (Thread[#45219,included builds,5,main]) started.
[        ] :flutter_keyboard_visibility_temp_fork:extractDeepLinksDebug (Thread[#45219,included builds,5,main]) started.
[        ] > Task :flutter_keyboard_visibility_temp_fork:extractDeepLinksDebug UP-TO-DATE
[        ] Caching disabled for task ':flutter_keyboard_visibility_temp_fork:extractDeepLinksDebug' because:
[        ]   Build cache is disabled
[        ] Skipping task ':flutter_keyboard_visibility_temp_fork:extractDeepLinksDebug' as it is up-to-date.
[        ] work action resolve navigation.json (project :flutter_keyboard_visibility_temp_fork) (Thread[#45219,included builds,5,main]) started.
[        ] Resolve mutations for :flutter_keyboard_visibility_temp_fork:processDebugManifest (Thread[#45219,included builds,5,main]) started.
[        ] :flutter_keyboard_visibility_temp_fork:processDebugManifest (Thread[#45219,included builds,5,main]) started.
[        ] > Task :flutter_keyboard_visibility_temp_fork:processDebugManifest UP-TO-DATE
[        ] Caching disabled for task ':flutter_keyboard_visibility_temp_fork:processDebugManifest' because:
[        ]   Build cache is disabled
[        ] Skipping task ':flutter_keyboard_visibility_temp_fork:processDebugManifest' as it is up-to-date.
[        ] work action resolve AndroidManifest.xml (project :flutter_keyboard_visibility_temp_fork) (Thread[#45219,included builds,5,main]) started.
[        ] Resolve mutations for :flutter_native_splash:extractDeepLinksDebug (Thread[#45219,included builds,5,main]) started.
[        ] :flutter_native_splash:extractDeepLinksDebug (Thread[#45219,included builds,5,main]) started.
[        ] > Task :flutter_native_splash:extractDeepLinksDebug UP-TO-DATE
[        ] Caching disabled for task ':flutter_native_splash:extractDeepLinksDebug' because:
[        ]   Build cache is disabled
[        ] Skipping task ':flutter_native_splash:extractDeepLinksDebug' as it is up-to-date.
[        ] work action resolve navigation.json (project :flutter_native_splash) (Thread[#45219,included builds,5,main]) started.
[        ] Resolve mutations for :flutter_native_splash:processDebugManifest (Thread[#45219,included builds,5,main]) started.
[        ] :flutter_native_splash:processDebugManifest (Thread[#45219,included builds,5,main]) started.
[        ] > Task :flutter_native_splash:processDebugManifest UP-TO-DATE
[        ] Caching disabled for task ':flutter_native_splash:processDebugManifest' because:
[        ]   Build cache is disabled
[        ] Skipping task ':flutter_native_splash:processDebugManifest' as it is up-to-date.
[        ] work action resolve AndroidManifest.xml (project :flutter_native_splash) (Thread[#45219,included builds,5,main]) started.
[        ] Resolve mutations for :flutter_olm:extractDeepLinksDebug (Thread[#45219,included builds,5,main]) started.
[        ] :flutter_olm:extractDeepLinksDebug (Thread[#45219,included builds,5,main]) started.
[        ] > Task :flutter_olm:extractDeepLinksDebug UP-TO-DATE
[        ] Caching disabled for task ':flutter_olm:extractDeepLinksDebug' because:
[        ]   Build cache is disabled
[        ] Skipping task ':flutter_olm:extractDeepLinksDebug' as it is up-to-date.
[        ] work action resolve navigation.json (project :flutter_olm) (Thread[#45219,included builds,5,main]) started.
[        ] Resolve mutations for :flutter_olm:processDebugManifest (Thread[#45219,included builds,5,main]) started.
[        ] :flutter_olm:processDebugManifest (Thread[#45219,included builds,5,main]) started.
[        ] > Task :flutter_olm:processDebugManifest UP-TO-DATE
[        ] Caching disabled for task ':flutter_olm:processDebugManifest' because:
[        ]   Build cache is disabled
[        ] Skipping task ':flutter_olm:processDebugManifest' as it is up-to-date.
[        ] work action resolve AndroidManifest.xml (project :flutter_olm) (Thread[#45219,included builds,5,main]) started.
[        ] Resolve mutations for :flutter_openssl_crypto:extractDeepLinksDebug (Thread[#45219,included builds,5,main]) started.
[        ] :flutter_openssl_crypto:extractDeepLinksDebug (Thread[#45219,included builds,5,main]) started.
[        ] > Task :flutter_openssl_crypto:extractDeepLinksDebug UP-TO-DATE
[        ] Caching disabled for task ':flutter_openssl_crypto:extractDeepLinksDebug' because:
[        ]   Build cache is disabled
[        ] Skipping task ':flutter_openssl_crypto:extractDeepLinksDebug' as it is up-to-date.
[        ] work action resolve navigation.json (project :flutter_openssl_crypto) (Thread[#45219,included builds,5,main]) started.
[        ] Resolve mutations for :flutter_openssl_crypto:processDebugManifest (Thread[#45219,included builds,5,main]) started.
[        ] :flutter_openssl_crypto:processDebugManifest (Thread[#45219,included builds,5,main]) started.
[        ] > Task :flutter_openssl_crypto:processDebugManifest UP-TO-DATE
[        ] Caching disabled for task ':flutter_openssl_crypto:processDebugManifest' because:
[        ]   Build cache is disabled
[        ] Skipping task ':flutter_openssl_crypto:processDebugManifest' as it is up-to-date.
[        ] work action resolve AndroidManifest.xml (project :flutter_openssl_crypto) (Thread[#45219,included builds,5,main]) started.
[        ] Resolve mutations for :integration_test:extractDeepLinksDebug (Thread[#45219,included builds,5,main]) started.
[        ] :integration_test:extractDeepLinksDebug (Thread[#45219,included builds,5,main]) started.
[        ] > Task :integration_test:extractDeepLinksDebug UP-TO-DATE
[        ] Caching disabled for task ':integration_test:extractDeepLinksDebug' because:
[        ]   Build cache is disabled
[        ] Skipping task ':integration_test:extractDeepLinksDebug' as it is up-to-date.
[        ] work action resolve navigation.json (project :integration_test) (Thread[#45219,included builds,5,main]) started.
[        ] Resolve mutations for :integration_test:processDebugManifest (Thread[#45219,included builds,5,main]) started.
[        ] :integration_test:processDebugManifest (Thread[#45219,included builds,5,main]) started.
[        ] > Task :integration_test:processDebugManifest UP-TO-DATE
[        ] Caching disabled for task ':integration_test:processDebugManifest' because:
[        ]   Build cache is disabled
[        ] Skipping task ':integration_test:processDebugManifest' as it is up-to-date.
[        ] work action resolve AndroidManifest.xml (project :integration_test) (Thread[#45219,included builds,5,main]) started.
[        ] Resolve mutations for :path_provider_android:extractDeepLinksDebug (Thread[#45219,included builds,5,main]) started.
[        ] :path_provider_android:extractDeepLinksDebug (Thread[#45219,included builds,5,main]) started.
[        ] > Task :path_provider_android:extractDeepLinksDebug UP-TO-DATE
[        ] Caching disabled for task ':path_provider_android:extractDeepLinksDebug' because:
[        ]   Build cache is disabled
[        ] Skipping task ':path_provider_android:extractDeepLinksDebug' as it is up-to-date.
[        ] work action resolve navigation.json (project :path_provider_android) (Thread[#45219,included builds,5,main]) started.
[        ] Resolve mutations for :path_provider_android:processDebugManifest (Thread[#45219,included builds,5,main]) started.
[        ] :path_provider_android:processDebugManifest (Thread[#45219,included builds,5,main]) started.
[        ] > Task :path_provider_android:processDebugManifest UP-TO-DATE
[        ] Caching disabled for task ':path_provider_android:processDebugManifest' because:
[        ]   Build cache is disabled
[        ] Skipping task ':path_provider_android:processDebugManifest' as it is up-to-date.
[        ] work action resolve AndroidManifest.xml (project :path_provider_android) (Thread[#45219,included builds,5,main]) started.
[        ] Resolve mutations for :quill_native_bridge_android:extractDeepLinksDebug (Thread[#45219,included builds,5,main]) started.
[        ] :quill_native_bridge_android:extractDeepLinksDebug (Thread[#45219,included builds,5,main]) started.
[        ] > Task :quill_native_bridge_android:extractDeepLinksDebug UP-TO-DATE
[        ] Caching disabled for task ':quill_native_bridge_android:extractDeepLinksDebug' because:
[        ]   Build cache is disabled
[        ] Skipping task ':quill_native_bridge_android:extractDeepLinksDebug' as it is up-to-date.
[        ] work action resolve navigation.json (project :quill_native_bridge_android) (Thread[#45219,included builds,5,main]) started.
[        ] Resolve mutations for :quill_native_bridge_android:processDebugManifest (Thread[#45219,included builds,5,main]) started.
[        ] :quill_native_bridge_android:processDebugManifest (Thread[#45219,included builds,5,main]) started.
[        ] > Task :quill_native_bridge_android:processDebugManifest UP-TO-DATE
[        ] Caching disabled for task ':quill_native_bridge_android:processDebugManifest' because:
[        ]   Build cache is disabled
[        ] Skipping task ':quill_native_bridge_android:processDebugManifest' as it is up-to-date.
[        ] work action resolve AndroidManifest.xml (project :quill_native_bridge_android) (Thread[#45219,included builds,5,main]) started.
[        ] Resolve mutations for :shared_preferences_android:extractDeepLinksDebug (Thread[#45219,included builds,5,main]) started.
[        ] :shared_preferences_android:extractDeepLinksDebug (Thread[#45219,included builds,5,main]) started.
[        ] > Task :shared_preferences_android:extractDeepLinksDebug UP-TO-DATE
[        ] Caching disabled for task ':shared_preferences_android:extractDeepLinksDebug' because:
[        ]   Build cache is disabled
[        ] Skipping task ':shared_preferences_android:extractDeepLinksDebug' as it is up-to-date.
[        ] work action resolve navigation.json (project :shared_preferences_android) (Thread[#45219,included builds,5,main]) started.
[        ] Resolve mutations for :shared_preferences_android:processDebugManifest (Thread[#45219,included builds,5,main]) started.
[        ] :shared_preferences_android:processDebugManifest (Thread[#45219,included builds,5,main]) started.
[        ] > Task :shared_preferences_android:processDebugManifest UP-TO-DATE
[        ] Caching disabled for task ':shared_preferences_android:processDebugManifest' because:
[        ]   Build cache is disabled
[        ] Skipping task ':shared_preferences_android:processDebugManifest' as it is up-to-date.
[        ] work action resolve AndroidManifest.xml (project :shared_preferences_android) (Thread[#45219,included builds,5,main]) started.
[        ] Resolve mutations for :sqflite_android:extractDeepLinksDebug (Thread[#45219,included builds,5,main]) started.
[        ] :sqflite_android:extractDeepLinksDebug (Thread[#45219,included builds,5,main]) started.
[        ] > Task :sqflite_android:extractDeepLinksDebug UP-TO-DATE
[        ] Caching disabled for task ':sqflite_android:extractDeepLinksDebug' because:
[        ]   Build cache is disabled
[        ] Skipping task ':sqflite_android:extractDeepLinksDebug' as it is up-to-date.
[        ] work action resolve navigation.json (project :sqflite_android) (Thread[#45219,included builds,5,main]) started.
[        ] Resolve mutations for :sqflite_android:processDebugManifest (Thread[#45219,included builds,5,main]) started.
[        ] :sqflite_android:processDebugManifest (Thread[#45219,included builds,5,main]) started.
[        ] > Task :sqflite_android:processDebugManifest UP-TO-DATE
[        ] Caching disabled for task ':sqflite_android:processDebugManifest' because:
[        ]   Build cache is disabled
[        ] Skipping task ':sqflite_android:processDebugManifest' as it is up-to-date.
[        ] work action resolve AndroidManifest.xml (project :sqflite_android) (Thread[#45219,included builds,5,main]) started.
[        ] Resolve mutations for :url_launcher_android:extractDeepLinksDebug (Thread[#45219,included builds,5,main]) started.
[        ] :url_launcher_android:extractDeepLinksDebug (Thread[#45219,included builds,5,main]) started.
[        ] > Task :url_launcher_android:extractDeepLinksDebug UP-TO-DATE
[        ] Caching disabled for task ':url_launcher_android:extractDeepLinksDebug' because:
[        ]   Build cache is disabled
[        ] Skipping task ':url_launcher_android:extractDeepLinksDebug' as it is up-to-date.
[        ] work action resolve navigation.json (project :url_launcher_android) (Thread[#45219,included builds,5,main]) started.
[        ] Resolve mutations for :url_launcher_android:processDebugManifest (Thread[#45219,included builds,5,main]) started.
[        ] :url_launcher_android:processDebugManifest (Thread[#45219,included builds,5,main]) started.
[        ] > Task :url_launcher_android:processDebugManifest UP-TO-DATE
[        ] Caching disabled for task ':url_launcher_android:processDebugManifest' because:
[        ]   Build cache is disabled
[        ] Skipping task ':url_launcher_android:processDebugManifest' as it is up-to-date.
[        ] work action resolve AndroidManifest.xml (project :url_launcher_android) (Thread[#45219,included builds,5,main]) started.
[        ] Resolve mutations for :video_player_android:extractDeepLinksDebug (Thread[#45219,included builds,5,main]) started.
[        ] :video_player_android:extractDeepLinksDebug (Thread[#45219,included builds,5,main]) started.
[        ] > Task :video_player_android:extractDeepLinksDebug UP-TO-DATE
[        ] Caching disabled for task ':video_player_android:extractDeepLinksDebug' because:
[        ]   Build cache is disabled
[        ] Skipping task ':video_player_android:extractDeepLinksDebug' as it is up-to-date.
[        ] work action resolve navigation.json (project :video_player_android) (Thread[#45219,included builds,5,main]) started.
[        ] Resolve mutations for :video_player_android:processDebugManifest (Thread[#45219,included builds,5,main]) started.
[        ] :video_player_android:processDebugManifest (Thread[#45219,included builds,5,main]) started.
[        ] > Task :video_player_android:processDebugManifest UP-TO-DATE
[        ] Caching disabled for task ':video_player_android:processDebugManifest' because:
[        ]   Build cache is disabled
[        ] Skipping task ':video_player_android:processDebugManifest' as it is up-to-date.
[        ] work action resolve AndroidManifest.xml (project :video_player_android) (Thread[#45219,included builds,5,main]) started.
[        ] Resolve mutations for :app:processDebugMainManifest (Thread[#45219,included builds,5,main]) started.
[        ] :app:processDebugMainManifest (Thread[#45219,included builds,5,main]) started.
[        ] > Task :app:processDebugMainManifest UP-TO-DATE
[        ] Caching disabled for task ':app:processDebugMainManifest' because:
[        ]   Build cache is disabled
[        ] Skipping task ':app:processDebugMainManifest' as it is up-to-date.
[        ] Resolve mutations for :app:outputDebugAppLinkSettings (Thread[#45219,included builds,5,main]) started.
[        ] :app:outputDebugAppLinkSettings (Thread[#45219,included builds,5,main]) started.
[        ] > Task :app:outputDebugAppLinkSettings UP-TO-DATE
[        ] Caching disabled for task ':app:outputDebugAppLinkSettings' because:
[        ]   Build cache is disabled
[        ]   Caching has not been enabled for the task
[        ] Skipping task ':app:outputDebugAppLinkSettings' as it is up-to-date.
[        ] Resolve mutations for :app:processDebugManifest (Thread[#45219,included builds,5,main]) started.
[        ] :app:processDebugManifest (Thread[#45219,included builds,5,main]) started.
[        ] > Task :app:processDebugManifest UP-TO-DATE
[        ] Caching disabled for task ':app:processDebugManifest' because:
[        ]   Build cache is disabled
[        ] Skipping task ':app:processDebugManifest' as it is up-to-date.
[        ] Resolve mutations for :app:processDebugManifestForPackage (Thread[#45219,included builds,5,main]) started.
[        ] :app:processDebugManifestForPackage (Thread[#45219,included builds,5,main]) started.
[        ] > Task :app:processDebugManifestForPackage UP-TO-DATE
[        ] Custom actions are attached to task ':app:processDebugManifestForPackage'.
[        ] Caching disabled for task ':app:processDebugManifestForPackage' because:
[        ]   Build cache is disabled
[        ] Skipping task ':app:processDebugManifestForPackage' as it is up-to-date.
[        ] Resolve mutations for :connectivity_plus:compileDebugLibraryResources (Thread[#45219,included builds,5,main]) started.
[        ] :connectivity_plus:compileDebugLibraryResources (Thread[#45219,included builds,5,main]) started.
[        ] > Task :connectivity_plus:compileDebugLibraryResources UP-TO-DATE
[        ] Caching disabled for task ':connectivity_plus:compileDebugLibraryResources' because:
[        ]   Build cache is disabled
[        ] Skipping task ':connectivity_plus:compileDebugLibraryResources' as it is up-to-date.
[        ] work action resolve out (project :connectivity_plus) (Thread[#45219,included builds,5,main]) started.
[        ] Resolve mutations for :connectivity_plus:parseDebugLocalResources (Thread[#45219,included builds,5,main]) started.
[        ] :connectivity_plus:parseDebugLocalResources (Thread[#45219,included builds,5,main]) started.
[        ] > Task :connectivity_plus:parseDebugLocalResources UP-TO-DATE
[        ] Caching disabled for task ':connectivity_plus:parseDebugLocalResources' because:
[        ]   Build cache is disabled
[        ] Skipping task ':connectivity_plus:parseDebugLocalResources' as it is up-to-date.
[        ] Resolve mutations for :connectivity_plus:generateDebugRFile (Thread[#45219,included builds,5,main]) started.
[        ] :connectivity_plus:generateDebugRFile (Thread[#45219,included builds,5,main]) started.
[        ] > Task :connectivity_plus:generateDebugRFile UP-TO-DATE
[        ] Caching disabled for task ':connectivity_plus:generateDebugRFile' because:
[        ]   Build cache is disabled
[        ] Skipping task ':connectivity_plus:generateDebugRFile' as it is up-to-date.
[        ] work action resolve package-aware-r.txt (project :connectivity_plus) (Thread[#45219,included builds,5,main]) started.
[        ] Resolve mutations for :emoji_picker_flutter:compileDebugLibraryResources (Thread[#45219,included builds,5,main]) started.
[        ] :emoji_picker_flutter:compileDebugLibraryResources (Thread[#45219,included builds,5,main]) started.
[        ] > Task :emoji_picker_flutter:compileDebugLibraryResources UP-TO-DATE
[        ] Caching disabled for task ':emoji_picker_flutter:compileDebugLibraryResources' because:
[        ]   Build cache is disabled
[        ] Skipping task ':emoji_picker_flutter:compileDebugLibraryResources' as it is up-to-date.
[        ] work action resolve out (project :emoji_picker_flutter) (Thread[#45219,included builds,5,main]) started.
[        ] Resolve mutations for :emoji_picker_flutter:parseDebugLocalResources (Thread[#45219,included builds,5,main]) started.
[        ] :emoji_picker_flutter:parseDebugLocalResources (Thread[#45219,included builds,5,main]) started.
[        ] > Task :emoji_picker_flutter:parseDebugLocalResources UP-TO-DATE
[        ] Caching disabled for task ':emoji_picker_flutter:parseDebugLocalResources' because:
[        ]   Build cache is disabled
[        ] Skipping task ':emoji_picker_flutter:parseDebugLocalResources' as it is up-to-date.
[        ] Resolve mutations for :emoji_picker_flutter:generateDebugRFile (Thread[#45219,included builds,5,main]) started.
[        ] :emoji_picker_flutter:generateDebugRFile (Thread[#45219,included builds,5,main]) started.
[        ] > Task :emoji_picker_flutter:generateDebugRFile UP-TO-DATE
[        ] Caching disabled for task ':emoji_picker_flutter:generateDebugRFile' because:
[        ]   Build cache is disabled
[        ] Skipping task ':emoji_picker_flutter:generateDebugRFile' as it is up-to-date.
[        ] work action resolve package-aware-r.txt (project :emoji_picker_flutter) (Thread[#45219,included builds,5,main]) started.
[        ] Resolve mutations for :file_selector_android:compileDebugLibraryResources (Thread[#45219,included builds,5,main]) started.
[        ] :file_selector_android:compileDebugLibraryResources (Thread[#45219,included builds,5,main]) started.
[        ] > Task :file_selector_android:compileDebugLibraryResources UP-TO-DATE
[        ] Caching disabled for task ':file_selector_android:compileDebugLibraryResources' because:
[        ]   Build cache is disabled
[        ] Skipping task ':file_selector_android:compileDebugLibraryResources' as it is up-to-date.
[        ] work action resolve out (project :file_selector_android) (Thread[#45219,included builds,5,main]) started.
[        ] Resolve mutations for :file_selector_android:parseDebugLocalResources (Thread[#45219,included builds,5,main]) started.
[        ] :file_selector_android:parseDebugLocalResources (Thread[#45219,included builds,5,main]) started.
[        ] > Task :file_selector_android:parseDebugLocalResources UP-TO-DATE
[        ] Caching disabled for task ':file_selector_android:parseDebugLocalResources' because:
[        ]   Build cache is disabled
[        ] Skipping task ':file_selector_android:parseDebugLocalResources' as it is up-to-date.
[        ] Resolve mutations for :file_selector_android:generateDebugRFile (Thread[#45219,included builds,5,main]) started.
[        ] :file_selector_android:generateDebugRFile (Thread[#45219,included builds,5,main]) started.
[        ] > Task :file_selector_android:generateDebugRFile UP-TO-DATE
[        ] Caching disabled for task ':file_selector_android:generateDebugRFile' because:
[        ]   Build cache is disabled
[        ] Skipping task ':file_selector_android:generateDebugRFile' as it is up-to-date.
[        ] work action resolve package-aware-r.txt (project :file_selector_android) (Thread[#45219,included builds,5,main]) started.
[        ] Resolve mutations for :flutter_keyboard_visibility_temp_fork:compileDebugLibraryResources (Thread[#45219,included builds,5,main]) started.
[        ] :flutter_keyboard_visibility_temp_fork:compileDebugLibraryResources (Thread[#45219,included builds,5,main]) started.
[        ] > Task :flutter_keyboard_visibility_temp_fork:compileDebugLibraryResources UP-TO-DATE
[        ] Caching disabled for task ':flutter_keyboard_visibility_temp_fork:compileDebugLibraryResources' because:
[        ]   Build cache is disabled
[        ] Skipping task ':flutter_keyboard_visibility_temp_fork:compileDebugLibraryResources' as it is up-to-date.
[        ] work action resolve out (project :flutter_keyboard_visibility_temp_fork) (Thread[#45219,included builds,5,main]) started.
[        ] Resolve mutations for :flutter_keyboard_visibility_temp_fork:parseDebugLocalResources (Thread[#45219,included builds,5,main]) started.
[        ] :flutter_keyboard_visibility_temp_fork:parseDebugLocalResources (Thread[#45219,included builds,5,main]) started.
[        ] > Task :flutter_keyboard_visibility_temp_fork:parseDebugLocalResources UP-TO-DATE
[        ] Caching disabled for task ':flutter_keyboard_visibility_temp_fork:parseDebugLocalResources' because:
[        ]   Build cache is disabled
[        ] Skipping task ':flutter_keyboard_visibility_temp_fork:parseDebugLocalResources' as it is up-to-date.
[        ] Resolve mutations for :flutter_keyboard_visibility_temp_fork:generateDebugRFile (Thread[#45219,included builds,5,main]) started.
[        ] :flutter_keyboard_visibility_temp_fork:generateDebugRFile (Thread[#45219,included builds,5,main]) started.
[        ] > Task :flutter_keyboard_visibility_temp_fork:generateDebugRFile UP-TO-DATE
[        ] Caching disabled for task ':flutter_keyboard_visibility_temp_fork:generateDebugRFile' because:
[        ]   Build cache is disabled
[        ] Skipping task ':flutter_keyboard_visibility_temp_fork:generateDebugRFile' as it is up-to-date.
[        ] work action resolve package-aware-r.txt (project :flutter_keyboard_visibility_temp_fork) (Thread[#45219,included builds,5,main]) started.
[        ] Resolve mutations for :flutter_native_splash:compileDebugLibraryResources (Thread[#45219,included builds,5,main]) started.
[        ] :flutter_native_splash:compileDebugLibraryResources (Thread[#45219,included builds,5,main]) started.
[        ] > Task :flutter_native_splash:compileDebugLibraryResources UP-TO-DATE
[        ] Caching disabled for task ':flutter_native_splash:compileDebugLibraryResources' because:
[        ]   Build cache is disabled
[        ] Skipping task ':flutter_native_splash:compileDebugLibraryResources' as it is up-to-date.
[        ] work action resolve out (project :flutter_native_splash) (Thread[#45219,included builds,5,main]) started.
[        ] Resolve mutations for :flutter_native_splash:parseDebugLocalResources (Thread[#45219,included builds,5,main]) started.
[        ] :flutter_native_splash:parseDebugLocalResources (Thread[#45219,included builds,5,main]) started.
[        ] > Task :flutter_native_splash:parseDebugLocalResources UP-TO-DATE
[        ] Caching disabled for task ':flutter_native_splash:parseDebugLocalResources' because:
[        ]   Build cache is disabled
[        ] Skipping task ':flutter_native_splash:parseDebugLocalResources' as it is up-to-date.
[        ] Resolve mutations for :flutter_native_splash:generateDebugRFile (Thread[#45219,included builds,5,main]) started.
[        ] :flutter_native_splash:generateDebugRFile (Thread[#45219,included builds,5,main]) started.
[        ] > Task :flutter_native_splash:generateDebugRFile UP-TO-DATE
[        ] Caching disabled for task ':flutter_native_splash:generateDebugRFile' because:
[        ]   Build cache is disabled
[        ] Skipping task ':flutter_native_splash:generateDebugRFile' as it is up-to-date.
[        ] work action resolve package-aware-r.txt (project :flutter_native_splash) (Thread[#45219,included builds,5,main]) started.
[        ] Resolve mutations for :flutter_olm:compileDebugLibraryResources (Thread[#45219,included builds,5,main]) started.
[        ] :flutter_olm:compileDebugLibraryResources (Thread[#45219,included builds,5,main]) started.
[        ] > Task :flutter_olm:compileDebugLibraryResources UP-TO-DATE
[        ] Caching disabled for task ':flutter_olm:compileDebugLibraryResources' because:
[        ]   Build cache is disabled
[        ] Skipping task ':flutter_olm:compileDebugLibraryResources' as it is up-to-date.
[        ] work action resolve out (project :flutter_olm) (Thread[#45219,included builds,5,main]) started.
[        ] Resolve mutations for :flutter_olm:parseDebugLocalResources (Thread[#45219,included builds,5,main]) started.
[        ] :flutter_olm:parseDebugLocalResources (Thread[#45219,included builds,5,main]) started.
[        ] > Task :flutter_olm:parseDebugLocalResources UP-TO-DATE
[        ] Caching disabled for task ':flutter_olm:parseDebugLocalResources' because:
[        ]   Build cache is disabled
[        ] Skipping task ':flutter_olm:parseDebugLocalResources' as it is up-to-date.
[        ] Resolve mutations for :flutter_olm:generateDebugRFile (Thread[#45219,included builds,5,main]) started.
[        ] :flutter_olm:generateDebugRFile (Thread[#45219,included builds,5,main]) started.
[        ] > Task :flutter_olm:generateDebugRFile UP-TO-DATE
[        ] Caching disabled for task ':flutter_olm:generateDebugRFile' because:
[        ]   Build cache is disabled
[        ] Skipping task ':flutter_olm:generateDebugRFile' as it is up-to-date.
[        ] work action resolve package-aware-r.txt (project :flutter_olm) (Thread[#45219,included builds,5,main]) started.
[        ] Resolve mutations for :flutter_openssl_crypto:compileDebugLibraryResources (Thread[#45219,included builds,5,main]) started.
[        ] :flutter_openssl_crypto:compileDebugLibraryResources (Thread[#45219,included builds,5,main]) started.
[        ] > Task :flutter_openssl_crypto:compileDebugLibraryResources UP-TO-DATE
[        ] Caching disabled for task ':flutter_openssl_crypto:compileDebugLibraryResources' because:
[        ]   Build cache is disabled
[        ] Skipping task ':flutter_openssl_crypto:compileDebugLibraryResources' as it is up-to-date.
[        ] work action resolve out (project :flutter_openssl_crypto) (Thread[#45219,included builds,5,main]) started.
[        ] Resolve mutations for :flutter_openssl_crypto:parseDebugLocalResources (Thread[#45219,included builds,5,main]) started.
[        ] :flutter_openssl_crypto:parseDebugLocalResources (Thread[#45219,included builds,5,main]) started.
[        ] > Task :flutter_openssl_crypto:parseDebugLocalResources UP-TO-DATE
[        ] Caching disabled for task ':flutter_openssl_crypto:parseDebugLocalResources' because:
[        ]   Build cache is disabled
[        ] Skipping task ':flutter_openssl_crypto:parseDebugLocalResources' as it is up-to-date.
[        ] Resolve mutations for :flutter_openssl_crypto:generateDebugRFile (Thread[#45219,included builds,5,main]) started.
[        ] :flutter_openssl_crypto:generateDebugRFile (Thread[#45219,included builds,5,main]) started.
[        ] > Task :flutter_openssl_crypto:generateDebugRFile UP-TO-DATE
[        ] Caching disabled for task ':flutter_openssl_crypto:generateDebugRFile' because:
[        ]   Build cache is disabled
[        ] Skipping task ':flutter_openssl_crypto:generateDebugRFile' as it is up-to-date.
[        ] work action resolve package-aware-r.txt (project :flutter_openssl_crypto) (Thread[#45219,included builds,5,main]) started.
[        ] Resolve mutations for :integration_test:compileDebugLibraryResources (Thread[#45219,included builds,5,main]) started.
[        ] :integration_test:compileDebugLibraryResources (Thread[#45219,included builds,5,main]) started.
[        ] > Task :integration_test:compileDebugLibraryResources UP-TO-DATE
[        ] Caching disabled for task ':integration_test:compileDebugLibraryResources' because:
[        ]   Build cache is disabled
[        ] Skipping task ':integration_test:compileDebugLibraryResources' as it is up-to-date.
[        ] work action resolve out (project :integration_test) (Thread[#45219,included builds,5,main]) started.
[        ] Resolve mutations for :integration_test:parseDebugLocalResources (Thread[#45219,included builds,5,main]) started.
[        ] :integration_test:parseDebugLocalResources (Thread[#45219,included builds,5,main]) started.
[        ] > Task :integration_test:parseDebugLocalResources UP-TO-DATE
[        ] Caching disabled for task ':integration_test:parseDebugLocalResources' because:
[        ]   Build cache is disabled
[        ] Skipping task ':integration_test:parseDebugLocalResources' as it is up-to-date.
[        ] Resolve mutations for :integration_test:generateDebugRFile (Thread[#45219,included builds,5,main]) started.
[        ] :integration_test:generateDebugRFile (Thread[#45219,included builds,5,main]) started.
[        ] > Task :integration_test:generateDebugRFile UP-TO-DATE
[        ] Caching disabled for task ':integration_test:generateDebugRFile' because:
[        ]   Build cache is disabled
[        ] Skipping task ':integration_test:generateDebugRFile' as it is up-to-date.
[        ] work action resolve package-aware-r.txt (project :integration_test) (Thread[#45219,included builds,5,main]) started.
[        ] Resolve mutations for :path_provider_android:compileDebugLibraryResources (Thread[#45219,included builds,5,main]) started.
[        ] :path_provider_android:compileDebugLibraryResources (Thread[#45219,included builds,5,main]) started.
[        ] > Task :path_provider_android:compileDebugLibraryResources UP-TO-DATE
[        ] Caching disabled for task ':path_provider_android:compileDebugLibraryResources' because:
[        ]   Build cache is disabled
[        ] Skipping task ':path_provider_android:compileDebugLibraryResources' as it is up-to-date.
[        ] work action resolve out (project :path_provider_android) (Thread[#45219,included builds,5,main]) started.
[        ] Resolve mutations for :path_provider_android:parseDebugLocalResources (Thread[#45219,included builds,5,main]) started.
[        ] :path_provider_android:parseDebugLocalResources (Thread[#45219,included builds,5,main]) started.
[        ] > Task :path_provider_android:parseDebugLocalResources UP-TO-DATE
[        ] Caching disabled for task ':path_provider_android:parseDebugLocalResources' because:
[        ]   Build cache is disabled
[        ] Skipping task ':path_provider_android:parseDebugLocalResources' as it is up-to-date.
[        ] Resolve mutations for :path_provider_android:generateDebugRFile (Thread[#45219,included builds,5,main]) started.
[        ] :path_provider_android:generateDebugRFile (Thread[#45219,included builds,5,main]) started.
[        ] > Task :path_provider_android:generateDebugRFile UP-TO-DATE
[        ] Caching disabled for task ':path_provider_android:generateDebugRFile' because:
[        ]   Build cache is disabled
[        ] Skipping task ':path_provider_android:generateDebugRFile' as it is up-to-date.
[        ] work action resolve package-aware-r.txt (project :path_provider_android) (Thread[#45219,included builds,5,main]) started.
[        ] Resolve mutations for :quill_native_bridge_android:compileDebugLibraryResources (Thread[#45219,included builds,5,main]) started.
[        ] :quill_native_bridge_android:compileDebugLibraryResources (Thread[#45219,included builds,5,main]) started.
[        ] > Task :quill_native_bridge_android:compileDebugLibraryResources UP-TO-DATE
[        ] Caching disabled for task ':quill_native_bridge_android:compileDebugLibraryResources' because:
[        ]   Build cache is disabled
[        ] Skipping task ':quill_native_bridge_android:compileDebugLibraryResources' as it is up-to-date.
[        ] work action resolve out (project :quill_native_bridge_android) (Thread[#45219,included builds,5,main]) started.
[        ] Resolve mutations for :quill_native_bridge_android:parseDebugLocalResources (Thread[#45219,included builds,5,main]) started.
[        ] :quill_native_bridge_android:parseDebugLocalResources (Thread[#45219,included builds,5,main]) started.
[        ] > Task :quill_native_bridge_android:parseDebugLocalResources UP-TO-DATE
[        ] Caching disabled for task ':quill_native_bridge_android:parseDebugLocalResources' because:
[        ]   Build cache is disabled
[        ] Skipping task ':quill_native_bridge_android:parseDebugLocalResources' as it is up-to-date.
[        ] Resolve mutations for :quill_native_bridge_android:generateDebugRFile (Thread[#45219,included builds,5,main]) started.
[        ] :quill_native_bridge_android:generateDebugRFile (Thread[#45219,included builds,5,main]) started.
[        ] > Task :quill_native_bridge_android:generateDebugRFile UP-TO-DATE
[        ] Caching disabled for task ':quill_native_bridge_android:generateDebugRFile' because:
[        ]   Build cache is disabled
[        ] Skipping task ':quill_native_bridge_android:generateDebugRFile' as it is up-to-date.
[        ] work action resolve package-aware-r.txt (project :quill_native_bridge_android) (Thread[#45219,included builds,5,main]) started.
[        ] Resolve mutations for :shared_preferences_android:compileDebugLibraryResources (Thread[#45219,included builds,5,main]) started.
[        ] :shared_preferences_android:compileDebugLibraryResources (Thread[#45219,included builds,5,main]) started.
[        ] > Task :shared_preferences_android:compileDebugLibraryResources UP-TO-DATE
[        ] Caching disabled for task ':shared_preferences_android:compileDebugLibraryResources' because:
[        ]   Build cache is disabled
[        ] Skipping task ':shared_preferences_android:compileDebugLibraryResources' as it is up-to-date.
[        ] work action resolve out (project :shared_preferences_android) (Thread[#45219,included builds,5,main]) started.
[        ] Resolve mutations for :shared_preferences_android:parseDebugLocalResources (Thread[#45219,included builds,5,main]) started.
[        ] :shared_preferences_android:parseDebugLocalResources (Thread[#45219,included builds,5,main]) started.
[        ] > Task :shared_preferences_android:parseDebugLocalResources UP-TO-DATE
[        ] Caching disabled for task ':shared_preferences_android:parseDebugLocalResources' because:
[        ]   Build cache is disabled
[        ] Skipping task ':shared_preferences_android:parseDebugLocalResources' as it is up-to-date.
[        ] Resolve mutations for :shared_preferences_android:generateDebugRFile (Thread[#45219,included builds,5,main]) started.
[        ] :shared_preferences_android:generateDebugRFile (Thread[#45219,included builds,5,main]) started.
[        ] > Task :shared_preferences_android:generateDebugRFile UP-TO-DATE
[        ] Caching disabled for task ':shared_preferences_android:generateDebugRFile' because:
[        ]   Build cache is disabled
[        ] Skipping task ':shared_preferences_android:generateDebugRFile' as it is up-to-date.
[        ] work action resolve package-aware-r.txt (project :shared_preferences_android) (Thread[#45219,included builds,5,main]) started.
[        ] Resolve mutations for :sqflite_android:compileDebugLibraryResources (Thread[#45219,included builds,5,main]) started.
[        ] :sqflite_android:compileDebugLibraryResources (Thread[#45219,included builds,5,main]) started.
[        ] > Task :sqflite_android:compileDebugLibraryResources UP-TO-DATE
[        ] Caching disabled for task ':sqflite_android:compileDebugLibraryResources' because:
[        ]   Build cache is disabled
[        ] Skipping task ':sqflite_android:compileDebugLibraryResources' as it is up-to-date.
[        ] work action resolve out (project :sqflite_android) (Thread[#45219,included builds,5,main]) started.
[        ] Resolve mutations for :sqflite_android:parseDebugLocalResources (Thread[#45219,included builds,5,main]) started.
[        ] :sqflite_android:parseDebugLocalResources (Thread[#45219,included builds,5,main]) started.
[        ] > Task :sqflite_android:parseDebugLocalResources UP-TO-DATE
[        ] Caching disabled for task ':sqflite_android:parseDebugLocalResources' because:
[        ]   Build cache is disabled
[        ] Skipping task ':sqflite_android:parseDebugLocalResources' as it is up-to-date.
[        ] Resolve mutations for :sqflite_android:generateDebugRFile (Thread[#45219,included builds,5,main]) started.
[        ] :sqflite_android:generateDebugRFile (Thread[#45219,included builds,5,main]) started.
[        ] > Task :sqflite_android:generateDebugRFile UP-TO-DATE
[        ] Caching disabled for task ':sqflite_android:generateDebugRFile' because:
[        ]   Build cache is disabled
[        ] Skipping task ':sqflite_android:generateDebugRFile' as it is up-to-date.
[        ] work action resolve package-aware-r.txt (project :sqflite_android) (Thread[#45219,included builds,5,main]) started.
[        ] Resolve mutations for :url_launcher_android:compileDebugLibraryResources (Thread[#45219,included builds,5,main]) started.
[        ] :url_launcher_android:compileDebugLibraryResources (Thread[#45219,included builds,5,main]) started.
[        ] > Task :url_launcher_android:compileDebugLibraryResources UP-TO-DATE
[        ] Caching disabled for task ':url_launcher_android:compileDebugLibraryResources' because:
[        ]   Build cache is disabled
[        ] Skipping task ':url_launcher_android:compileDebugLibraryResources' as it is up-to-date.
[        ] work action resolve out (project :url_launcher_android) (Thread[#45219,included builds,5,main]) started.
[        ] Resolve mutations for :url_launcher_android:parseDebugLocalResources (Thread[#45219,included builds,5,main]) started.
[        ] :url_launcher_android:parseDebugLocalResources (Thread[#45219,included builds,5,main]) started.
[        ] > Task :url_launcher_android:parseDebugLocalResources UP-TO-DATE
[        ] Caching disabled for task ':url_launcher_android:parseDebugLocalResources' because:
[        ]   Build cache is disabled
[        ] Skipping task ':url_launcher_android:parseDebugLocalResources' as it is up-to-date.
[        ] Resolve mutations for :url_launcher_android:generateDebugRFile (Thread[#45219,included builds,5,main]) started.
[        ] :url_launcher_android:generateDebugRFile (Thread[#45219,included builds,5,main]) started.
[        ] > Task :url_launcher_android:generateDebugRFile UP-TO-DATE
[        ] Caching disabled for task ':url_launcher_android:generateDebugRFile' because:
[        ]   Build cache is disabled
[        ] Skipping task ':url_launcher_android:generateDebugRFile' as it is up-to-date.
[        ] work action resolve package-aware-r.txt (project :url_launcher_android) (Thread[#45219,included builds,5,main]) started.
[        ] Resolve mutations for :video_player_android:compileDebugLibraryResources (Thread[#45219,included builds,5,main]) started.
[        ] :video_player_android:compileDebugLibraryResources (Thread[#45219,included builds,5,main]) started.
[        ] > Task :video_player_android:compileDebugLibraryResources UP-TO-DATE
[        ] Caching disabled for task ':video_player_android:compileDebugLibraryResources' because:
[        ]   Build cache is disabled
[        ] Skipping task ':video_player_android:compileDebugLibraryResources' as it is up-to-date.
[        ] work action resolve out (project :video_player_android) (Thread[#45219,included builds,5,main]) started.
[        ] Resolve mutations for :video_player_android:parseDebugLocalResources (Thread[#45219,included builds,5,main]) started.
[        ] :video_player_android:parseDebugLocalResources (Thread[#45219,included builds,5,main]) started.
[        ] > Task :video_player_android:parseDebugLocalResources UP-TO-DATE
[        ] Caching disabled for task ':video_player_android:parseDebugLocalResources' because:
[        ]   Build cache is disabled
[        ] Skipping task ':video_player_android:parseDebugLocalResources' as it is up-to-date.
[        ] Resolve mutations for :video_player_android:generateDebugRFile (Thread[#45219,included builds,5,main]) started.
[        ] :video_player_android:generateDebugRFile (Thread[#45219,included builds,5,main]) started.
[        ] > Task :video_player_android:generateDebugRFile UP-TO-DATE
[        ] Caching disabled for task ':video_player_android:generateDebugRFile' because:
[        ]   Build cache is disabled
[        ] Skipping task ':video_player_android:generateDebugRFile' as it is up-to-date.
[        ] work action resolve package-aware-r.txt (project :video_player_android) (Thread[#45219,included builds,5,main]) started.
[        ] Resolve mutations for :app:processDebugResources (Thread[#45219,included builds,5,main]) started.
[        ] :app:processDebugResources (Thread[#45219,included builds,5,main]) started.
[        ] > Task :app:processDebugResources UP-TO-DATE
[        ] Caching disabled for task ':app:processDebugResources' because:
[        ]   Build cache is disabled
[        ] Skipping task ':app:processDebugResources' as it is up-to-date.
[        ] Resolve mutations for :connectivity_plus:javaPreCompileDebug (Thread[#45219,included builds,5,main]) started.
[        ] :connectivity_plus:javaPreCompileDebug (Thread[#45219,included builds,5,main]) started.
[        ] > Task :connectivity_plus:javaPreCompileDebug UP-TO-DATE
[        ] Caching disabled for task ':connectivity_plus:javaPreCompileDebug' because:
[        ]   Build cache is disabled
[        ] Skipping task ':connectivity_plus:javaPreCompileDebug' as it is up-to-date.
[        ] Resolve mutations for :connectivity_plus:compileDebugJavaWithJavac (Thread[#45219,included builds,5,main]) started.
[        ] :connectivity_plus:compileDebugJavaWithJavac (Thread[#45219,included builds,5,main]) started.
[  +91 ms] > Task :connectivity_plus:compileDebugJavaWithJavac UP-TO-DATE
[        ] Custom actions are attached to task ':connectivity_plus:compileDebugJavaWithJavac'.
[        ] Caching disabled for task ':connectivity_plus:compileDebugJavaWithJavac' because:
[        ]   Build cache is disabled
[        ] Skipping task ':connectivity_plus:compileDebugJavaWithJavac' as it is up-to-date.
[        ] No compile result for :connectivity_plus:compileDebugJavaWithJavac
[        ] No compile result for :connectivity_plus:compileDebugJavaWithJavac
[        ] Resolve mutations for :connectivity_plus:bundleLibCompileToJarDebug (Thread[#45219,included builds,5,main]) started.
[        ] :connectivity_plus:bundleLibCompileToJarDebug (Thread[#45219,included builds,5,main]) started.
[        ] > Task :connectivity_plus:bundleLibCompileToJarDebug UP-TO-DATE
[        ] Caching disabled for task ':connectivity_plus:bundleLibCompileToJarDebug' because:
[        ]   Build cache is disabled
[        ]   Simple merging task
[        ] Skipping task ':connectivity_plus:bundleLibCompileToJarDebug' as it is up-to-date.
[        ] work action resolve classes.jar (project :connectivity_plus) (Thread[#45219,included builds,5,main]) started.
[        ] Resolve mutations for :emoji_picker_flutter:checkKotlinGradlePluginConfigurationErrors (Thread[#45219,included builds,5,main]) started.
[        ] :emoji_picker_flutter:checkKotlinGradlePluginConfigurationErrors (Thread[#45219,included builds,5,main]) started.
[        ] > Task :emoji_picker_flutter:checkKotlinGradlePluginConfigurationErrors SKIPPED
[        ] Skipping task ':emoji_picker_flutter:checkKotlinGradlePluginConfigurationErrors' as task onlyIf 'errorDiagnostics are present' is false.
[        ] Resolve mutations for :emoji_picker_flutter:compileDebugKotlin (Thread[#45219,included builds,5,main]) started.
[        ] :emoji_picker_flutter:compileDebugKotlin (Thread[#45219,included builds,5,main]) started.
[        ] > Task :emoji_picker_flutter:compileDebugKotlin UP-TO-DATE
[        ] Adding -Xuse-inline-scopes-numbers Kotlin compiler flag for task :emoji_picker_flutter:compileDebugAndroidTestKotlin
[        ] Caching disabled for task ':emoji_picker_flutter:compileDebugKotlin' because:
[        ]   Build cache is disabled
[        ] Skipping task ':emoji_picker_flutter:compileDebugKotlin' as it is up-to-date.
[        ] Resolve mutations for :emoji_picker_flutter:javaPreCompileDebug (Thread[#45219,included builds,5,main]) started.
[        ] :emoji_picker_flutter:javaPreCompileDebug (Thread[#45219,included builds,5,main]) started.
[        ] > Task :emoji_picker_flutter:javaPreCompileDebug UP-TO-DATE
[        ] Caching disabled for task ':emoji_picker_flutter:javaPreCompileDebug' because:
[        ]   Build cache is disabled
[        ] Skipping task ':emoji_picker_flutter:javaPreCompileDebug' as it is up-to-date.
[        ] Resolve mutations for :emoji_picker_flutter:compileDebugJavaWithJavac (Thread[#45219,included builds,5,main]) started.
[        ] :emoji_picker_flutter:compileDebugJavaWithJavac (Thread[#45219,included builds,5,main]) started.
[        ] > Task :emoji_picker_flutter:compileDebugJavaWithJavac NO-SOURCE
[        ] Skipping task ':emoji_picker_flutter:compileDebugJavaWithJavac' as it has no source files and no previous output files.
[        ] Resolve mutations for :emoji_picker_flutter:bundleLibCompileToJarDebug (Thread[#45219,included builds,5,main]) started.
[        ] :emoji_picker_flutter:bundleLibCompileToJarDebug (Thread[#45219,included builds,5,main]) started.
[        ] > Task :emoji_picker_flutter:bundleLibCompileToJarDebug UP-TO-DATE
[        ] Caching disabled for task ':emoji_picker_flutter:bundleLibCompileToJarDebug' because:
[        ]   Build cache is disabled
[        ]   Simple merging task
[        ] Skipping task ':emoji_picker_flutter:bundleLibCompileToJarDebug' as it is up-to-date.
[        ] work action resolve classes.jar (project :emoji_picker_flutter) (Thread[#45219,included builds,5,main]) started.
[        ] Resolve mutations for :file_selector_android:javaPreCompileDebug (Thread[#45219,included builds,5,main]) started.
[        ] :file_selector_android:javaPreCompileDebug (Thread[#45219,included builds,5,main]) started.
[        ] > Task :file_selector_android:javaPreCompileDebug UP-TO-DATE
[        ] Caching disabled for task ':file_selector_android:javaPreCompileDebug' because:
[        ]   Build cache is disabled
[        ] Skipping task ':file_selector_android:javaPreCompileDebug' as it is up-to-date.
[        ] Resolve mutations for :file_selector_android:compileDebugJavaWithJavac (Thread[#45219,included builds,5,main]) started.
[        ] :file_selector_android:compileDebugJavaWithJavac (Thread[#45219,included builds,5,main]) started.
[        ] > Task :file_selector_android:compileDebugJavaWithJavac UP-TO-DATE
[        ] Custom actions are attached to task ':file_selector_android:compileDebugJavaWithJavac'.
[        ] Caching disabled for task ':file_selector_android:compileDebugJavaWithJavac' because:
[        ]   Build cache is disabled
[        ] Skipping task ':file_selector_android:compileDebugJavaWithJavac' as it is up-to-date.
[        ] No compile result for :file_selector_android:compileDebugJavaWithJavac
[        ] No compile result for :file_selector_android:compileDebugJavaWithJavac
[        ] Resolve mutations for :file_selector_android:bundleLibCompileToJarDebug (Thread[#45219,included builds,5,main]) started.
[        ] :file_selector_android:bundleLibCompileToJarDebug (Thread[#45219,included builds,5,main]) started.
[        ] > Task :file_selector_android:bundleLibCompileToJarDebug UP-TO-DATE
[        ] Caching disabled for task ':file_selector_android:bundleLibCompileToJarDebug' because:
[        ]   Build cache is disabled
[        ]   Simple merging task
[        ] Skipping task ':file_selector_android:bundleLibCompileToJarDebug' as it is up-to-date.
[        ] work action resolve classes.jar (project :file_selector_android) (Thread[#45219,included builds,5,main]) started.
[        ] Resolve mutations for :flutter_keyboard_visibility_temp_fork:javaPreCompileDebug (Thread[#45219,included builds,5,main]) started.
[        ] :flutter_keyboard_visibility_temp_fork:javaPreCompileDebug (Thread[#45219,included builds,5,main]) started.
[        ] > Task :flutter_keyboard_visibility_temp_fork:javaPreCompileDebug UP-TO-DATE
[        ] Caching disabled for task ':flutter_keyboard_visibility_temp_fork:javaPreCompileDebug' because:
[        ]   Build cache is disabled
[        ] Skipping task ':flutter_keyboard_visibility_temp_fork:javaPreCompileDebug' as it is up-to-date.
[        ] Resolve mutations for :flutter_keyboard_visibility_temp_fork:compileDebugJavaWithJavac (Thread[#45219,included builds,5,main]) started.
[        ] :flutter_keyboard_visibility_temp_fork:compileDebugJavaWithJavac (Thread[#45219,included builds,5,main]) started.
[        ] > Task :flutter_keyboard_visibility_temp_fork:compileDebugJavaWithJavac UP-TO-DATE
[        ] Custom actions are attached to task ':flutter_keyboard_visibility_temp_fork:compileDebugJavaWithJavac'.
[        ] Caching disabled for task ':flutter_keyboard_visibility_temp_fork:compileDebugJavaWithJavac' because:
[        ]   Build cache is disabled
[        ] Skipping task ':flutter_keyboard_visibility_temp_fork:compileDebugJavaWithJavac' as it is up-to-date.
[        ] No compile result for :flutter_keyboard_visibility_temp_fork:compileDebugJavaWithJavac
[        ] No compile result for :flutter_keyboard_visibility_temp_fork:compileDebugJavaWithJavac
[        ] Resolve mutations for :flutter_keyboard_visibility_temp_fork:bundleLibCompileToJarDebug (Thread[#45219,included builds,5,main]) started.
[        ] :flutter_keyboard_visibility_temp_fork:bundleLibCompileToJarDebug (Thread[#45219,included builds,5,main]) started.
[        ] > Task :flutter_keyboard_visibility_temp_fork:bundleLibCompileToJarDebug UP-TO-DATE
[        ] Caching disabled for task ':flutter_keyboard_visibility_temp_fork:bundleLibCompileToJarDebug' because:
[        ]   Build cache is disabled
[        ]   Simple merging task
[        ] Skipping task ':flutter_keyboard_visibility_temp_fork:bundleLibCompileToJarDebug' as it is up-to-date.
[        ] work action resolve classes.jar (project :flutter_keyboard_visibility_temp_fork) (Thread[#45219,included builds,5,main]) started.
[        ] Resolve mutations for :flutter_native_splash:javaPreCompileDebug (Thread[#45219,included builds,5,main]) started.
[        ] :flutter_native_splash:javaPreCompileDebug (Thread[#45219,included builds,5,main]) started.
[        ] > Task :flutter_native_splash:javaPreCompileDebug UP-TO-DATE
[        ] Caching disabled for task ':flutter_native_splash:javaPreCompileDebug' because:
[        ]   Build cache is disabled
[        ] Skipping task ':flutter_native_splash:javaPreCompileDebug' as it is up-to-date.
[        ] Resolve mutations for :flutter_native_splash:compileDebugJavaWithJavac (Thread[#45219,included builds,5,main]) started.
[        ] :flutter_native_splash:compileDebugJavaWithJavac (Thread[#45219,included builds,5,main]) started.
[        ] > Task :flutter_native_splash:compileDebugJavaWithJavac UP-TO-DATE
[        ] Custom actions are attached to task ':flutter_native_splash:compileDebugJavaWithJavac'.
[        ] Caching disabled for task ':flutter_native_splash:compileDebugJavaWithJavac' because:
[        ]   Build cache is disabled
[        ] Skipping task ':flutter_native_splash:compileDebugJavaWithJavac' as it is up-to-date.
[        ] No compile result for :flutter_native_splash:compileDebugJavaWithJavac
[        ] No compile result for :flutter_native_splash:compileDebugJavaWithJavac
[        ] Resolve mutations for :flutter_native_splash:bundleLibCompileToJarDebug (Thread[#45219,included builds,5,main]) started.
[        ] :flutter_native_splash:bundleLibCompileToJarDebug (Thread[#45219,included builds,5,main]) started.
[        ] > Task :flutter_native_splash:bundleLibCompileToJarDebug UP-TO-DATE
[        ] Caching disabled for task ':flutter_native_splash:bundleLibCompileToJarDebug' because:
[        ]   Build cache is disabled
[        ]   Simple merging task
[        ] Skipping task ':flutter_native_splash:bundleLibCompileToJarDebug' as it is up-to-date.
[        ] work action resolve classes.jar (project :flutter_native_splash) (Thread[#45219,included builds,5,main]) started.
[        ] Resolve mutations for :flutter_olm:checkKotlinGradlePluginConfigurationErrors (Thread[#45219,included builds,5,main]) started.
[        ] :flutter_olm:checkKotlinGradlePluginConfigurationErrors (Thread[#45219,included builds,5,main]) started.
[        ] > Task :flutter_olm:checkKotlinGradlePluginConfigurationErrors SKIPPED
[        ] Skipping task ':flutter_olm:checkKotlinGradlePluginConfigurationErrors' as task onlyIf 'errorDiagnostics are present' is false.
[        ] Resolve mutations for :flutter_olm:compileDebugKotlin (Thread[#45219,included builds,5,main]) started.
[        ] :flutter_olm:compileDebugKotlin (Thread[#45219,included builds,5,main]) started.
[        ] > Task :flutter_olm:compileDebugKotlin UP-TO-DATE
[        ] Adding -Xuse-inline-scopes-numbers Kotlin compiler flag for task :flutter_olm:compileDebugAndroidTestKotlin
[        ] Caching disabled for task ':flutter_olm:compileDebugKotlin' because:
[        ]   Build cache is disabled
[        ] Skipping task ':flutter_olm:compileDebugKotlin' as it is up-to-date.
[        ] Resolve mutations for :flutter_olm:javaPreCompileDebug (Thread[#45219,included builds,5,main]) started.
[        ] :flutter_olm:javaPreCompileDebug (Thread[#45219,included builds,5,main]) started.
[        ] > Task :flutter_olm:javaPreCompileDebug UP-TO-DATE
[        ] Caching disabled for task ':flutter_olm:javaPreCompileDebug' because:
[        ]   Build cache is disabled
[        ] Skipping task ':flutter_olm:javaPreCompileDebug' as it is up-to-date.
[        ] Resolve mutations for :flutter_olm:compileDebugJavaWithJavac (Thread[#45219,included builds,5,main]) started.
[        ] :flutter_olm:compileDebugJavaWithJavac (Thread[#45219,included builds,5,main]) started.
[        ] > Task :flutter_olm:compileDebugJavaWithJavac NO-SOURCE
[        ] Skipping task ':flutter_olm:compileDebugJavaWithJavac' as it has no source files and no previous output files.
[        ] Resolve mutations for :flutter_olm:bundleLibCompileToJarDebug (Thread[#45219,included builds,5,main]) started.
[        ] :flutter_olm:bundleLibCompileToJarDebug (Thread[#45219,included builds,5,main]) started.
[        ] > Task :flutter_olm:bundleLibCompileToJarDebug UP-TO-DATE
[        ] Caching disabled for task ':flutter_olm:bundleLibCompileToJarDebug' because:
[        ]   Build cache is disabled
[        ]   Simple merging task
[        ] Skipping task ':flutter_olm:bundleLibCompileToJarDebug' as it is up-to-date.
[        ] work action resolve classes.jar (project :flutter_olm) (Thread[#45219,included builds,5,main]) started.
[        ] Resolve mutations for :flutter_openssl_crypto:checkKotlinGradlePluginConfigurationErrors (Thread[#45219,included builds,5,main]) started.
[        ] :flutter_openssl_crypto:checkKotlinGradlePluginConfigurationErrors (Thread[#45219,included builds,5,main]) started.
[        ] > Task :flutter_openssl_crypto:checkKotlinGradlePluginConfigurationErrors SKIPPED
[        ] Skipping task ':flutter_openssl_crypto:checkKotlinGradlePluginConfigurationErrors' as task onlyIf 'errorDiagnostics are present' is false.
[        ] Resolve mutations for :flutter_openssl_crypto:compileDebugKotlin (Thread[#45219,included builds,5,main]) started.
[        ] :flutter_openssl_crypto:compileDebugKotlin (Thread[#45219,included builds,5,main]) started.
[        ] > Task :flutter_openssl_crypto:compileDebugKotlin UP-TO-DATE
[        ] Adding -Xuse-inline-scopes-numbers Kotlin compiler flag for task :flutter_openssl_crypto:compileDebugAndroidTestKotlin
[        ] Caching disabled for task ':flutter_openssl_crypto:compileDebugKotlin' because:
[        ]   Build cache is disabled
[        ] Skipping task ':flutter_openssl_crypto:compileDebugKotlin' as it is up-to-date.
[        ] Resolve mutations for :flutter_openssl_crypto:javaPreCompileDebug (Thread[#45219,included builds,5,main]) started.
[        ] :flutter_openssl_crypto:javaPreCompileDebug (Thread[#45219,included builds,5,main]) started.
[        ] > Task :flutter_openssl_crypto:javaPreCompileDebug UP-TO-DATE
[        ] Caching disabled for task ':flutter_openssl_crypto:javaPreCompileDebug' because:
[        ]   Build cache is disabled
[        ] Skipping task ':flutter_openssl_crypto:javaPreCompileDebug' as it is up-to-date.
[        ] Resolve mutations for :flutter_openssl_crypto:compileDebugJavaWithJavac (Thread[#45219,included builds,5,main]) started.
[        ] :flutter_openssl_crypto:compileDebugJavaWithJavac (Thread[#45219,included builds,5,main]) started.
[        ] > Task :flutter_openssl_crypto:compileDebugJavaWithJavac NO-SOURCE
[        ] Skipping task ':flutter_openssl_crypto:compileDebugJavaWithJavac' as it has no source files and no previous output files.
[        ] Resolve mutations for :flutter_openssl_crypto:bundleLibCompileToJarDebug (Thread[#45219,included builds,5,main]) started.
[        ] :flutter_openssl_crypto:bundleLibCompileToJarDebug (Thread[#45219,included builds,5,main]) started.
[        ] > Task :flutter_openssl_crypto:bundleLibCompileToJarDebug UP-TO-DATE
[        ] Caching disabled for task ':flutter_openssl_crypto:bundleLibCompileToJarDebug' because:
[        ]   Build cache is disabled
[        ]   Simple merging task
[        ] Skipping task ':flutter_openssl_crypto:bundleLibCompileToJarDebug' as it is up-to-date.
[        ] work action resolve classes.jar (project :flutter_openssl_crypto) (Thread[#45219,included builds,5,main]) started.
[        ] Resolve mutations for :integration_test:javaPreCompileDebug (Thread[#45219,included builds,5,main]) started.
[        ] :integration_test:javaPreCompileDebug (Thread[#45219,included builds,5,main]) started.
[        ] > Task :integration_test:javaPreCompileDebug UP-TO-DATE
[        ] Caching disabled for task ':integration_test:javaPreCompileDebug' because:
[        ]   Build cache is disabled
[        ] Skipping task ':integration_test:javaPreCompileDebug' as it is up-to-date.
[        ] Resolve mutations for :integration_test:compileDebugJavaWithJavac (Thread[#45219,included builds,5,main]) started.
[        ] :integration_test:compileDebugJavaWithJavac (Thread[#45219,included builds,5,main]) started.
[        ] > Task :integration_test:compileDebugJavaWithJavac UP-TO-DATE
[        ] Custom actions are attached to task ':integration_test:compileDebugJavaWithJavac'.
[        ] Caching disabled for task ':integration_test:compileDebugJavaWithJavac' because:
[        ]   Build cache is disabled
[        ] Skipping task ':integration_test:compileDebugJavaWithJavac' as it is up-to-date.
[        ] No compile result for :integration_test:compileDebugJavaWithJavac
[        ] No compile result for :integration_test:compileDebugJavaWithJavac
[        ] Resolve mutations for :integration_test:bundleLibCompileToJarDebug (Thread[#45219,included builds,5,main]) started.
[        ] :integration_test:bundleLibCompileToJarDebug (Thread[#45219,included builds,5,main]) started.
[        ] > Task :integration_test:bundleLibCompileToJarDebug UP-TO-DATE
[        ] Caching disabled for task ':integration_test:bundleLibCompileToJarDebug' because:
[        ]   Build cache is disabled
[        ]   Simple merging task
[        ] Skipping task ':integration_test:bundleLibCompileToJarDebug' as it is up-to-date.
[        ] work action resolve classes.jar (project :integration_test) (Thread[#45219,included builds,5,main]) started.
[        ] Resolve mutations for :path_provider_android:javaPreCompileDebug (Thread[#45219,included builds,5,main]) started.
[        ] :path_provider_android:javaPreCompileDebug (Thread[#45219,included builds,5,main]) started.
[        ] > Task :path_provider_android:javaPreCompileDebug UP-TO-DATE
[        ] Caching disabled for task ':path_provider_android:javaPreCompileDebug' because:
[        ]   Build cache is disabled
[        ] Skipping task ':path_provider_android:javaPreCompileDebug' as it is up-to-date.
[        ] Resolve mutations for :path_provider_android:compileDebugJavaWithJavac (Thread[#45219,included builds,5,main]) started.
[        ] :path_provider_android:compileDebugJavaWithJavac (Thread[#45219,included builds,5,main]) started.
[        ] > Task :path_provider_android:compileDebugJavaWithJavac UP-TO-DATE
[        ] Custom actions are attached to task ':path_provider_android:compileDebugJavaWithJavac'.
[        ] Caching disabled for task ':path_provider_android:compileDebugJavaWithJavac' because:
[        ]   Build cache is disabled
[        ] Skipping task ':path_provider_android:compileDebugJavaWithJavac' as it is up-to-date.
[        ] No compile result for :path_provider_android:compileDebugJavaWithJavac
[        ] No compile result for :path_provider_android:compileDebugJavaWithJavac
[        ] Resolve mutations for :path_provider_android:bundleLibCompileToJarDebug (Thread[#45219,included builds,5,main]) started.
[        ] :path_provider_android:bundleLibCompileToJarDebug (Thread[#45219,included builds,5,main]) started.
[        ] > Task :path_provider_android:bundleLibCompileToJarDebug UP-TO-DATE
[        ] Caching disabled for task ':path_provider_android:bundleLibCompileToJarDebug' because:
[        ]   Build cache is disabled
[        ]   Simple merging task
[        ] Skipping task ':path_provider_android:bundleLibCompileToJarDebug' as it is up-to-date.
[        ] work action resolve classes.jar (project :path_provider_android) (Thread[#45219,included builds,5,main]) started.
[        ] Resolve mutations for :quill_native_bridge_android:checkKotlinGradlePluginConfigurationErrors (Thread[#45219,included builds,5,main]) started.
[        ] :quill_native_bridge_android:checkKotlinGradlePluginConfigurationErrors (Thread[#45219,included builds,5,main]) started.
[        ] > Task :quill_native_bridge_android:checkKotlinGradlePluginConfigurationErrors SKIPPED
[        ] Skipping task ':quill_native_bridge_android:checkKotlinGradlePluginConfigurationErrors' as task onlyIf 'errorDiagnostics are present' is false.
[        ] Resolve mutations for :quill_native_bridge_android:compileDebugKotlin (Thread[#45219,included builds,5,main]) started.
[        ] :quill_native_bridge_android:compileDebugKotlin (Thread[#45219,included builds,5,main]) started.
[        ] > Task :quill_native_bridge_android:compileDebugKotlin UP-TO-DATE
[        ] Adding -Xuse-inline-scopes-numbers Kotlin compiler flag for task :quill_native_bridge_android:compileDebugAndroidTestKotlin
[        ] Caching disabled for task ':quill_native_bridge_android:compileDebugKotlin' because:
[        ]   Build cache is disabled
[        ] Skipping task ':quill_native_bridge_android:compileDebugKotlin' as it is up-to-date.
[        ] Resolve mutations for :quill_native_bridge_android:javaPreCompileDebug (Thread[#45219,included builds,5,main]) started.
[        ] :quill_native_bridge_android:javaPreCompileDebug (Thread[#45219,included builds,5,main]) started.
[        ] > Task :quill_native_bridge_android:javaPreCompileDebug UP-TO-DATE
[        ] Caching disabled for task ':quill_native_bridge_android:javaPreCompileDebug' because:
[        ]   Build cache is disabled
[        ] Skipping task ':quill_native_bridge_android:javaPreCompileDebug' as it is up-to-date.
[        ] Resolve mutations for :quill_native_bridge_android:compileDebugJavaWithJavac (Thread[#45219,included builds,5,main]) started.
[        ] :quill_native_bridge_android:compileDebugJavaWithJavac (Thread[#45219,included builds,5,main]) started.
[        ] > Task :quill_native_bridge_android:compileDebugJavaWithJavac NO-SOURCE
[        ] Skipping task ':quill_native_bridge_android:compileDebugJavaWithJavac' as it has no source files and no previous output files.
[        ] Resolve mutations for :quill_native_bridge_android:bundleLibCompileToJarDebug (Thread[#45219,included builds,5,main]) started.
[        ] :quill_native_bridge_android:bundleLibCompileToJarDebug (Thread[#45219,included builds,5,main]) started.
[        ] > Task :quill_native_bridge_android:bundleLibCompileToJarDebug UP-TO-DATE
[        ] Caching disabled for task ':quill_native_bridge_android:bundleLibCompileToJarDebug' because:
[        ]   Build cache is disabled
[        ]   Simple merging task
[        ] Skipping task ':quill_native_bridge_android:bundleLibCompileToJarDebug' as it is up-to-date.
[        ] work action resolve classes.jar (project :quill_native_bridge_android) (Thread[#45219,included builds,5,main]) started.
[        ] Resolve mutations for :shared_preferences_android:checkKotlinGradlePluginConfigurationErrors (Thread[#45219,included builds,5,main]) started.
[        ] :shared_preferences_android:checkKotlinGradlePluginConfigurationErrors (Thread[#45219,included builds,5,main]) started.
[        ] > Task :shared_preferences_android:checkKotlinGradlePluginConfigurationErrors SKIPPED
[        ] Skipping task ':shared_preferences_android:checkKotlinGradlePluginConfigurationErrors' as task onlyIf 'errorDiagnostics are present' is false.
[        ] Resolve mutations for :shared_preferences_android:compileDebugKotlin (Thread[#45219,included builds,5,main]) started.
[        ] :shared_preferences_android:compileDebugKotlin (Thread[#45219,included builds,5,main]) started.
[        ] > Task :shared_preferences_android:compileDebugKotlin UP-TO-DATE
[        ] Adding -Xuse-inline-scopes-numbers Kotlin compiler flag for task :shared_preferences_android:compileDebugAndroidTestKotlin
[        ] Caching disabled for task ':shared_preferences_android:compileDebugKotlin' because:
[        ]   Build cache is disabled
[        ] Skipping task ':shared_preferences_android:compileDebugKotlin' as it is up-to-date.
[        ] Resolve mutations for :shared_preferences_android:javaPreCompileDebug (Thread[#45219,included builds,5,main]) started.
[        ] :shared_preferences_android:javaPreCompileDebug (Thread[#45219,included builds,5,main]) started.
[        ] > Task :shared_preferences_android:javaPreCompileDebug UP-TO-DATE
[        ] Caching disabled for task ':shared_preferences_android:javaPreCompileDebug' because:
[        ]   Build cache is disabled
[        ] Skipping task ':shared_preferences_android:javaPreCompileDebug' as it is up-to-date.
[        ] Resolve mutations for :shared_preferences_android:compileDebugJavaWithJavac (Thread[#45219,included builds,5,main]) started.
[        ] :shared_preferences_android:compileDebugJavaWithJavac (Thread[#45219,included builds,5,main]) started.
[        ] > Task :shared_preferences_android:compileDebugJavaWithJavac UP-TO-DATE
[        ] Custom actions are attached to task ':shared_preferences_android:compileDebugJavaWithJavac'.
[        ] Caching disabled for task ':shared_preferences_android:compileDebugJavaWithJavac' because:
[        ]   Build cache is disabled
[        ] Skipping task ':shared_preferences_android:compileDebugJavaWithJavac' as it is up-to-date.
[        ] No compile result for :shared_preferences_android:compileDebugJavaWithJavac
[        ] No compile result for :shared_preferences_android:compileDebugJavaWithJavac
[        ] Resolve mutations for :shared_preferences_android:bundleLibCompileToJarDebug (Thread[#45219,included builds,5,main]) started.
[        ] :shared_preferences_android:bundleLibCompileToJarDebug (Thread[#45219,included builds,5,main]) started.
[        ] > Task :shared_preferences_android:bundleLibCompileToJarDebug UP-TO-DATE
[        ] Caching disabled for task ':shared_preferences_android:bundleLibCompileToJarDebug' because:
[        ]   Build cache is disabled
[        ]   Simple merging task
[        ] Skipping task ':shared_preferences_android:bundleLibCompileToJarDebug' as it is up-to-date.
[        ] work action resolve classes.jar (project :shared_preferences_android) (Thread[#45219,included builds,5,main]) started.
[        ] Resolve mutations for :sqflite_android:javaPreCompileDebug (Thread[#45219,included builds,5,main]) started.
[        ] :sqflite_android:javaPreCompileDebug (Thread[#45219,included builds,5,main]) started.
[        ] > Task :sqflite_android:javaPreCompileDebug UP-TO-DATE
[        ] Caching disabled for task ':sqflite_android:javaPreCompileDebug' because:
[        ]   Build cache is disabled
[        ] Skipping task ':sqflite_android:javaPreCompileDebug' as it is up-to-date.
[        ] Resolve mutations for :sqflite_android:compileDebugJavaWithJavac (Thread[#45219,included builds,5,main]) started.
[        ] :sqflite_android:compileDebugJavaWithJavac (Thread[#45219,included builds,5,main]) started.
[        ] > Task :sqflite_android:compileDebugJavaWithJavac UP-TO-DATE
[        ] Custom actions are attached to task ':sqflite_android:compileDebugJavaWithJavac'.
[        ] Caching disabled for task ':sqflite_android:compileDebugJavaWithJavac' because:
[        ]   Build cache is disabled
[        ] Skipping task ':sqflite_android:compileDebugJavaWithJavac' as it is up-to-date.
[        ] No compile result for :sqflite_android:compileDebugJavaWithJavac
[        ] No compile result for :sqflite_android:compileDebugJavaWithJavac
[        ] Resolve mutations for :sqflite_android:bundleLibCompileToJarDebug (Thread[#45219,included builds,5,main]) started.
[        ] :sqflite_android:bundleLibCompileToJarDebug (Thread[#45219,included builds,5,main]) started.
[        ] > Task :sqflite_android:bundleLibCompileToJarDebug UP-TO-DATE
[        ] Caching disabled for task ':sqflite_android:bundleLibCompileToJarDebug' because:
[        ]   Build cache is disabled
[        ]   Simple merging task
[        ] Skipping task ':sqflite_android:bundleLibCompileToJarDebug' as it is up-to-date.
[        ] work action resolve classes.jar (project :sqflite_android) (Thread[#45219,included builds,5,main]) started.
[        ] Resolve mutations for :url_launcher_android:generateDebugBuildConfig (Thread[#45219,included builds,5,main]) started.
[        ] :url_launcher_android:generateDebugBuildConfig (Thread[#45219,included builds,5,main]) started.
[        ] > Task :url_launcher_android:generateDebugBuildConfig UP-TO-DATE
[        ] Caching disabled for task ':url_launcher_android:generateDebugBuildConfig' because:
[        ]   Build cache is disabled
[        ] Skipping task ':url_launcher_android:generateDebugBuildConfig' as it is up-to-date.
[        ] Resolve mutations for :url_launcher_android:javaPreCompileDebug (Thread[#45219,included builds,5,main]) started.
[        ] :url_launcher_android:javaPreCompileDebug (Thread[#45219,included builds,5,main]) started.
[        ] > Task :url_launcher_android:javaPreCompileDebug UP-TO-DATE
[        ] Caching disabled for task ':url_launcher_android:javaPreCompileDebug' because:
[        ]   Build cache is disabled
[        ] Skipping task ':url_launcher_android:javaPreCompileDebug' as it is up-to-date.
[        ] Resolve mutations for :url_launcher_android:compileDebugJavaWithJavac (Thread[#45219,included builds,5,main]) started.
[        ] :url_launcher_android:compileDebugJavaWithJavac (Thread[#45219,included builds,5,main]) started.
[        ] > Task :url_launcher_android:compileDebugJavaWithJavac UP-TO-DATE
[        ] Custom actions are attached to task ':url_launcher_android:compileDebugJavaWithJavac'.
[        ] Caching disabled for task ':url_launcher_android:compileDebugJavaWithJavac' because:
[        ]   Build cache is disabled
[        ] Skipping task ':url_launcher_android:compileDebugJavaWithJavac' as it is up-to-date.
[        ] No compile result for :url_launcher_android:compileDebugJavaWithJavac
[        ] No compile result for :url_launcher_android:compileDebugJavaWithJavac
[        ] Resolve mutations for :url_launcher_android:bundleLibCompileToJarDebug (Thread[#45219,included builds,5,main]) started.
[        ] :url_launcher_android:bundleLibCompileToJarDebug (Thread[#45219,included builds,5,main]) started.
[        ] > Task :url_launcher_android:bundleLibCompileToJarDebug UP-TO-DATE
[        ] Caching disabled for task ':url_launcher_android:bundleLibCompileToJarDebug' because:
[        ]   Build cache is disabled
[        ]   Simple merging task
[        ] Skipping task ':url_launcher_android:bundleLibCompileToJarDebug' as it is up-to-date.
[        ] work action resolve classes.jar (project :url_launcher_android) (Thread[#45219,included builds,5,main]) started.
[        ] Resolve mutations for :video_player_android:checkKotlinGradlePluginConfigurationErrors (Thread[#45219,included builds,5,main]) started.
[        ] :video_player_android:checkKotlinGradlePluginConfigurationErrors (Thread[#45219,included builds,5,main]) started.
[        ] > Task :video_player_android:checkKotlinGradlePluginConfigurationErrors SKIPPED
[        ] Skipping task ':video_player_android:checkKotlinGradlePluginConfigurationErrors' as task onlyIf 'errorDiagnostics are present' is false.
[        ] Resolve mutations for :video_player_android:compileDebugKotlin (Thread[#45219,included builds,5,main]) started.
[        ] :video_player_android:compileDebugKotlin (Thread[#45219,included builds,5,main]) started.
[        ] > Task :video_player_android:compileDebugKotlin UP-TO-DATE
[        ] Adding -Xuse-inline-scopes-numbers Kotlin compiler flag for task :video_player_android:compileDebugAndroidTestKotlin
[        ] Caching disabled for task ':video_player_android:compileDebugKotlin' because:
[        ]   Build cache is disabled
[        ] Skipping task ':video_player_android:compileDebugKotlin' as it is up-to-date.
[        ] Resolve mutations for :video_player_android:javaPreCompileDebug (Thread[#45219,included builds,5,main]) started.
[        ] :video_player_android:javaPreCompileDebug (Thread[#45219,included builds,5,main]) started.
[        ] > Task :video_player_android:javaPreCompileDebug UP-TO-DATE
[        ] Caching disabled for task ':video_player_android:javaPreCompileDebug' because:
[        ]   Build cache is disabled
[        ] Skipping task ':video_player_android:javaPreCompileDebug' as it is up-to-date.
[        ] Resolve mutations for :video_player_android:compileDebugJavaWithJavac (Thread[#45219,included builds,5,main]) started.
[        ] :video_player_android:compileDebugJavaWithJavac (Thread[#45219,included builds,5,main]) started.
[        ] > Task :video_player_android:compileDebugJavaWithJavac UP-TO-DATE
[        ] Custom actions are attached to task ':video_player_android:compileDebugJavaWithJavac'.
[        ] Caching disabled for task ':video_player_android:compileDebugJavaWithJavac' because:
[        ]   Build cache is disabled
[        ] Skipping task ':video_player_android:compileDebugJavaWithJavac' as it is up-to-date.
[        ] No compile result for :video_player_android:compileDebugJavaWithJavac
[        ] No compile result for :video_player_android:compileDebugJavaWithJavac
[        ] Resolve mutations for :video_player_android:bundleLibCompileToJarDebug (Thread[#45219,included builds,5,main]) started.
[        ] :video_player_android:bundleLibCompileToJarDebug (Thread[#45219,included builds,5,main]) started.
[        ] > Task :video_player_android:bundleLibCompileToJarDebug UP-TO-DATE
[        ] Caching disabled for task ':video_player_android:bundleLibCompileToJarDebug' because:
[        ]   Build cache is disabled
[        ]   Simple merging task
[        ] Skipping task ':video_player_android:bundleLibCompileToJarDebug' as it is up-to-date.
[        ] work action resolve classes.jar (project :video_player_android) (Thread[#45219,included builds,5,main]) started.
[        ] Resolve mutations for :app:compileDebugKotlin (Thread[#45219,included builds,5,main]) started.
[        ] :app:compileDebugKotlin (Thread[#45219,included builds,5,main]) started.
[        ] > Task :app:compileDebugKotlin UP-TO-DATE
[        ] Adding -Xuse-inline-scopes-numbers Kotlin compiler flag for task :app:compileDebugAndroidTestKotlin
[        ] Caching disabled for task ':app:compileDebugKotlin' because:
[        ]   Build cache is disabled
[        ] Skipping task ':app:compileDebugKotlin' as it is up-to-date.
[        ] Resolve mutations for :app:javaPreCompileDebug (Thread[#45219,included builds,5,main]) started.
[        ] :app:javaPreCompileDebug (Thread[#45219,included builds,5,main]) started.
[        ] > Task :app:javaPreCompileDebug UP-TO-DATE
[        ] Caching disabled for task ':app:javaPreCompileDebug' because:
[        ]   Build cache is disabled
[        ] Skipping task ':app:javaPreCompileDebug' as it is up-to-date.
[        ] Resolve mutations for :app:compileDebugJavaWithJavac (Thread[#45219,included builds,5,main]) started.
[        ] :app:compileDebugJavaWithJavac (Thread[#45219,included builds,5,main]) started.
[        ] > Task :app:compileDebugJavaWithJavac UP-TO-DATE
[        ] Custom actions are attached to task ':app:compileDebugJavaWithJavac'.
[        ] Caching disabled for task ':app:compileDebugJavaWithJavac' because:
[        ]   Build cache is disabled
[        ] Skipping task ':app:compileDebugJavaWithJavac' as it is up-to-date.
[        ] No compile result for :app:compileDebugJavaWithJavac
[        ] No compile result for :app:compileDebugJavaWithJavac
[        ] Resolve mutations for :app:compressDebugAssets (Thread[#45219,included builds,5,main]) started.
[        ] :app:compressDebugAssets (Thread[#45219,included builds,5,main]) started.
[  +95 ms] Resolve mutations for :app:processDebugJavaRes (Thread[#45243,Execution worker Thread 23,5,main]) started.
[        ] :app:processDebugJavaRes (Thread[#45243,Execution worker Thread 23,5,main]) started.
[        ] > Task :app:processDebugJavaRes UP-TO-DATE
[        ] file or directory '/Users/florian/Code/substitution/android/app/src/main/resources', not found
[        ] file or directory '/Users/florian/Code/substitution/android/app/src/debug/resources', not found
[        ] file or directory '/Users/florian/Code/substitution/android/app/src/main/resources', not found
[        ] file or directory '/Users/florian/Code/substitution/android/app/src/debug/resources', not found
[        ] Caching disabled for task ':app:processDebugJavaRes' because:
[        ]   Build cache is disabled
[        ]   Caching has been disabled for the task
[        ] Skipping task ':app:processDebugJavaRes' as it is up-to-date.
[        ] Resolve mutations for :connectivity_plus:processDebugJavaRes (Thread[#45243,Execution worker Thread 23,5,main]) started.
[        ] :connectivity_plus:processDebugJavaRes (Thread[#45243,Execution worker Thread 23,5,main]) started.
[        ] > Task :connectivity_plus:processDebugJavaRes NO-SOURCE
[        ] file or directory '/Users/florian/.pub-cache/hosted/pub.dev/connectivity_plus-5.0.2/android/src/main/resources', not found
[        ] file or directory '/Users/florian/.pub-cache/hosted/pub.dev/connectivity_plus-5.0.2/android/src/debug/resources', not found
[        ] Skipping task ':connectivity_plus:processDebugJavaRes' as it has no source files and no previous output files.
[        ] work action resolve out (project :connectivity_plus) (Thread[#45243,Execution worker Thread 23,5,main]) started.
[        ] Resolve mutations for :emoji_picker_flutter:processDebugJavaRes (Thread[#45243,Execution worker Thread 23,5,main]) started.
[        ] :emoji_picker_flutter:processDebugJavaRes (Thread[#45243,Execution worker Thread 23,5,main]) started.
[        ] > Task :emoji_picker_flutter:processDebugJavaRes UP-TO-DATE
[        ] file or directory '/Users/florian/.pub-cache/hosted/pub.dev/emoji_picker_flutter-4.4.0/android/src/main/resources', not found
[        ] file or directory '/Users/florian/.pub-cache/hosted/pub.dev/emoji_picker_flutter-4.4.0/android/src/debug/resources', not found
[        ] file or directory '/Users/florian/.pub-cache/hosted/pub.dev/emoji_picker_flutter-4.4.0/android/src/main/resources', not found
[        ] file or directory '/Users/florian/.pub-cache/hosted/pub.dev/emoji_picker_flutter-4.4.0/android/src/debug/resources', not found
[        ] Caching disabled for task ':emoji_picker_flutter:processDebugJavaRes' because:
[        ]   Build cache is disabled
[        ]   Caching has been disabled for the task
[        ] Skipping task ':emoji_picker_flutter:processDebugJavaRes' as it is up-to-date.
[        ] work action resolve out (project :emoji_picker_flutter) (Thread[#45243,Execution worker Thread 23,5,main]) started.
[        ] Resolve mutations for :file_selector_android:processDebugJavaRes (Thread[#45243,Execution worker Thread 23,5,main]) started.
[        ] :file_selector_android:processDebugJavaRes (Thread[#45243,Execution worker Thread 23,5,main]) started.
[        ] > Task :file_selector_android:processDebugJavaRes NO-SOURCE
[        ] file or directory '/Users/florian/.pub-cache/hosted/pub.dev/file_selector_android-0.5.2+4/android/src/main/resources', not found
[        ] file or directory '/Users/florian/.pub-cache/hosted/pub.dev/file_selector_android-0.5.2+4/android/src/debug/resources', not found
[        ] Skipping task ':file_selector_android:processDebugJavaRes' as it has no source files and no previous output files.
[        ] work action resolve out (project :file_selector_android) (Thread[#45243,Execution worker Thread 23,5,main]) started.
[        ] Resolve mutations for :flutter_keyboard_visibility_temp_fork:processDebugJavaRes (Thread[#45243,Execution worker Thread 23,5,main]) started.
[        ] :flutter_keyboard_visibility_temp_fork:processDebugJavaRes (Thread[#45243,Execution worker Thread 23,5,main]) started.
[        ] > Task :flutter_keyboard_visibility_temp_fork:processDebugJavaRes NO-SOURCE
[        ] file or directory '/Users/florian/.pub-cache/hosted/pub.dev/flutter_keyboard_visibility_temp_fork-0.1.5/android/src/main/resources', not found
[        ] file or directory '/Users/florian/.pub-cache/hosted/pub.dev/flutter_keyboard_visibility_temp_fork-0.1.5/android/src/debug/resources', not found
[        ] Skipping task ':flutter_keyboard_visibility_temp_fork:processDebugJavaRes' as it has no source files and no previous output files.
[        ] work action resolve out (project :flutter_keyboard_visibility_temp_fork) (Thread[#45243,Execution worker Thread 23,5,main]) started.
[        ] Resolve mutations for :flutter_native_splash:processDebugJavaRes (Thread[#45243,Execution worker Thread 23,5,main]) started.
[        ] :flutter_native_splash:processDebugJavaRes (Thread[#45243,Execution worker Thread 23,5,main]) started.
[        ] > Task :flutter_native_splash:processDebugJavaRes NO-SOURCE
[        ] file or directory '/Users/florian/.pub-cache/hosted/pub.dev/flutter_native_splash-2.4.7/android/src/main/resources', not found
[        ] file or directory '/Users/florian/.pub-cache/hosted/pub.dev/flutter_native_splash-2.4.7/android/src/debug/resources', not found
[        ] Skipping task ':flutter_native_splash:processDebugJavaRes' as it has no source files and no previous output files.
[        ] work action resolve out (project :flutter_native_splash) (Thread[#45243,Execution worker Thread 23,5,main]) started.
[        ] Resolve mutations for :flutter_olm:processDebugJavaRes (Thread[#45243,Execution worker Thread 23,5,main]) started.
[        ] :flutter_olm:processDebugJavaRes (Thread[#45243,Execution worker Thread 23,5,main]) started.
[        ] > Task :flutter_olm:processDebugJavaRes UP-TO-DATE
[        ] file or directory '/Users/florian/.pub-cache/hosted/pub.dev/flutter_olm-2.0.0/android/src/main/resources', not found
[        ] file or directory '/Users/florian/.pub-cache/hosted/pub.dev/flutter_olm-2.0.0/android/src/debug/resources', not found
[        ] file or directory '/Users/florian/.pub-cache/hosted/pub.dev/flutter_olm-2.0.0/android/src/main/resources', not found
[        ] file or directory '/Users/florian/.pub-cache/hosted/pub.dev/flutter_olm-2.0.0/android/src/debug/resources', not found
[        ] Caching disabled for task ':flutter_olm:processDebugJavaRes' because:
[        ]   Build cache is disabled
[        ]   Caching has been disabled for the task
[        ] Skipping task ':flutter_olm:processDebugJavaRes' as it is up-to-date.
[        ] work action resolve out (project :flutter_olm) (Thread[#45243,Execution worker Thread 23,5,main]) started.
[        ] Resolve mutations for :flutter_openssl_crypto:processDebugJavaRes (Thread[#45243,Execution worker Thread 23,5,main]) started.
[        ] :flutter_openssl_crypto:processDebugJavaRes (Thread[#45243,Execution worker Thread 23,5,main]) started.
[        ] > Task :flutter_openssl_crypto:processDebugJavaRes UP-TO-DATE
[        ] file or directory '/Users/florian/.pub-cache/hosted/pub.dev/flutter_openssl_crypto-0.5.0/android/src/main/resources', not found
[        ] file or directory '/Users/florian/.pub-cache/hosted/pub.dev/flutter_openssl_crypto-0.5.0/android/src/debug/resources', not found
[        ] file or directory '/Users/florian/.pub-cache/hosted/pub.dev/flutter_openssl_crypto-0.5.0/android/src/main/resources', not found
[        ] file or directory '/Users/florian/.pub-cache/hosted/pub.dev/flutter_openssl_crypto-0.5.0/android/src/debug/resources', not found
[        ] Caching disabled for task ':flutter_openssl_crypto:processDebugJavaRes' because:
[        ]   Build cache is disabled
[        ]   Caching has been disabled for the task
[        ] Skipping task ':flutter_openssl_crypto:processDebugJavaRes' as it is up-to-date.
[        ] work action resolve out (project :flutter_openssl_crypto) (Thread[#45243,Execution worker Thread 23,5,main]) started.
[        ] Resolve mutations for :integration_test:processDebugJavaRes (Thread[#45243,Execution worker Thread 23,5,main]) started.
[        ] :integration_test:processDebugJavaRes (Thread[#45243,Execution worker Thread 23,5,main]) started.
[        ] > Task :integration_test:processDebugJavaRes NO-SOURCE
[        ] file or directory '/opt/homebrew/share/flutter/packages/integration_test/android/src/main/resources', not found
[        ] file or directory '/opt/homebrew/share/flutter/packages/integration_test/android/src/debug/resources', not found
[        ] Skipping task ':integration_test:processDebugJavaRes' as it has no source files and no previous output files.
[        ] work action resolve out (project :integration_test) (Thread[#45243,Execution worker Thread 23,5,main]) started.
[        ] Resolve mutations for :path_provider_android:processDebugJavaRes (Thread[#45243,Execution worker Thread 23,5,main]) started.
[        ] :path_provider_android:processDebugJavaRes (Thread[#45243,Execution worker Thread 23,5,main]) started.
[        ] > Task :path_provider_android:processDebugJavaRes NO-SOURCE
[        ] file or directory '/Users/florian/.pub-cache/hosted/pub.dev/path_provider_android-2.2.22/android/src/main/resources', not found
[        ] file or directory '/Users/florian/.pub-cache/hosted/pub.dev/path_provider_android-2.2.22/android/src/debug/resources', not found
[        ] Skipping task ':path_provider_android:processDebugJavaRes' as it has no source files and no previous output files.
[        ] work action resolve out (project :path_provider_android) (Thread[#45243,Execution worker Thread 23,5,main]) started.
[        ] Resolve mutations for :quill_native_bridge_android:processDebugJavaRes (Thread[#45243,Execution worker Thread 23,5,main]) started.
[        ] :quill_native_bridge_android:processDebugJavaRes (Thread[#45243,Execution worker Thread 23,5,main]) started.
[        ] > Task :quill_native_bridge_android:processDebugJavaRes UP-TO-DATE
[        ] file or directory '/Users/florian/.pub-cache/hosted/pub.dev/quill_native_bridge_android-0.0.1+2/android/src/main/resources', not found
[        ] file or directory '/Users/florian/.pub-cache/hosted/pub.dev/quill_native_bridge_android-0.0.1+2/android/src/debug/resources', not found
[        ] file or directory '/Users/florian/.pub-cache/hosted/pub.dev/quill_native_bridge_android-0.0.1+2/android/src/main/resources', not found
[        ] file or directory '/Users/florian/.pub-cache/hosted/pub.dev/quill_native_bridge_android-0.0.1+2/android/src/debug/resources', not found
[        ] Caching disabled for task ':quill_native_bridge_android:processDebugJavaRes' because:
[        ]   Build cache is disabled
[        ]   Caching has been disabled for the task
[        ] Skipping task ':quill_native_bridge_android:processDebugJavaRes' as it is up-to-date.
[        ] work action resolve out (project :quill_native_bridge_android) (Thread[#45243,Execution worker Thread 23,5,main]) started.
[        ] Resolve mutations for :shared_preferences_android:processDebugJavaRes (Thread[#45243,Execution worker Thread 23,5,main]) started.
[        ] :shared_preferences_android:processDebugJavaRes (Thread[#45243,Execution worker Thread 23,5,main]) started.
[        ] > Task :shared_preferences_android:processDebugJavaRes UP-TO-DATE
[        ] file or directory '/Users/florian/.pub-cache/hosted/pub.dev/shared_preferences_android-2.4.20/android/src/main/resources', not found
[        ] file or directory '/Users/florian/.pub-cache/hosted/pub.dev/shared_preferences_android-2.4.20/android/src/debug/resources', not found
[        ] file or directory '/Users/florian/.pub-cache/hosted/pub.dev/shared_preferences_android-2.4.20/android/src/main/resources', not found
[        ] file or directory '/Users/florian/.pub-cache/hosted/pub.dev/shared_preferences_android-2.4.20/android/src/debug/resources', not found
[        ] Caching disabled for task ':shared_preferences_android:processDebugJavaRes' because:
[        ]   Build cache is disabled
[        ]   Caching has been disabled for the task
[        ] Skipping task ':shared_preferences_android:processDebugJavaRes' as it is up-to-date.
[        ] work action resolve out (project :shared_preferences_android) (Thread[#45243,Execution worker Thread 23,5,main]) started.
[        ] Resolve mutations for :sqflite_android:processDebugJavaRes (Thread[#45243,Execution worker Thread 23,5,main]) started.
[        ] :sqflite_android:processDebugJavaRes (Thread[#45243,Execution worker Thread 23,5,main]) started.
[        ] > Task :sqflite_android:processDebugJavaRes NO-SOURCE
[        ] file or directory '/Users/florian/.pub-cache/hosted/pub.dev/sqflite_android-2.4.2+2/android/src/main/resources', not found
[        ] file or directory '/Users/florian/.pub-cache/hosted/pub.dev/sqflite_android-2.4.2+2/android/src/debug/resources', not found
[        ] Skipping task ':sqflite_android:processDebugJavaRes' as it has no source files and no previous output files.
[        ] work action resolve out (project :sqflite_android) (Thread[#45243,Execution worker Thread 23,5,main]) started.
[        ] Resolve mutations for :url_launcher_android:processDebugJavaRes (Thread[#45243,Execution worker Thread 23,5,main]) started.
[        ] :url_launcher_android:processDebugJavaRes (Thread[#45243,Execution worker Thread 23,5,main]) started.
[        ] > Task :url_launcher_android:processDebugJavaRes NO-SOURCE
[        ] file or directory '/Users/florian/.pub-cache/hosted/pub.dev/url_launcher_android-6.3.28/android/src/main/resources', not found
[        ] file or directory '/Users/florian/.pub-cache/hosted/pub.dev/url_launcher_android-6.3.28/android/src/debug/resources', not found
[        ] Skipping task ':url_launcher_android:processDebugJavaRes' as it has no source files and no previous output files.
[        ] work action resolve out (project :url_launcher_android) (Thread[#45243,Execution worker Thread 23,5,main]) started.
[        ] Resolve mutations for :video_player_android:processDebugJavaRes (Thread[#45243,Execution worker Thread 23,5,main]) started.
[        ] :video_player_android:processDebugJavaRes (Thread[#45243,Execution worker Thread 23,5,main]) started.
[        ] > Task :video_player_android:processDebugJavaRes UP-TO-DATE
[        ] file or directory '/Users/florian/.pub-cache/hosted/pub.dev/video_player_android-2.9.1/android/src/main/resources', not found
[        ] file or directory '/Users/florian/.pub-cache/hosted/pub.dev/video_player_android-2.9.1/android/src/debug/resources', not found
[        ] file or directory '/Users/florian/.pub-cache/hosted/pub.dev/video_player_android-2.9.1/android/src/main/resources', not found
[        ] file or directory '/Users/florian/.pub-cache/hosted/pub.dev/video_player_android-2.9.1/android/src/debug/resources', not found
[        ] Caching disabled for task ':video_player_android:processDebugJavaRes' because:
[        ]   Build cache is disabled
[        ]   Caching has been disabled for the task
[        ] Skipping task ':video_player_android:processDebugJavaRes' as it is up-to-date.
[        ] work action resolve out (project :video_player_android) (Thread[#45243,Execution worker Thread 23,5,main]) started.
[        ] Resolve mutations for :app:mergeDebugJavaResource (Thread[#45243,Execution worker Thread 23,5,main]) started.
[        ] :app:mergeDebugJavaResource (Thread[#45243,Execution worker Thread 23,5,main]) started.
[        ] > Task :app:mergeDebugJavaResource UP-TO-DATE
[        ] Caching disabled for task ':app:mergeDebugJavaResource' because:
[        ]   Build cache is disabled
[        ]   Caching has been disabled for the task
[        ] Skipping task ':app:mergeDebugJavaResource' as it is up-to-date.
[        ] Resolve mutations for :app:checkDebugDuplicateClasses (Thread[#45243,Execution worker Thread 23,5,main]) started.
[        ] :app:checkDebugDuplicateClasses (Thread[#45243,Execution worker Thread 23,5,main]) started.
[        ] > Task :app:checkDebugDuplicateClasses UP-TO-DATE
[        ] Caching disabled for task ':app:checkDebugDuplicateClasses' because:
[        ]   Build cache is disabled
[        ]   Caching has been disabled for the task
[        ] Skipping task ':app:checkDebugDuplicateClasses' as it is up-to-date.
[        ] Resolve mutations for :app:desugarDebugFileDependencies (Thread[#45243,Execution worker Thread 23,5,main]) started.
[        ] :app:desugarDebugFileDependencies (Thread[#45246,Execution worker Thread 26,5,main]) started.
[        ] > Task :app:desugarDebugFileDependencies UP-TO-DATE
[        ] Caching disabled for task ':app:desugarDebugFileDependencies' because:
[        ]   Build cache is disabled
[        ] Skipping task ':app:desugarDebugFileDependencies' as it is up-to-date.
[        ] Resolve mutations for :app:mergeExtDexDebug (Thread[#45246,Execution worker Thread 26,5,main]) started.
[        ] :app:mergeExtDexDebug (Thread[#45246,Execution worker Thread 26,5,main]) started.
[        ] > Task :app:mergeExtDexDebug UP-TO-DATE
[        ] Caching disabled for task ':app:mergeExtDexDebug' because:
[        ]   Build cache is disabled
[        ] Skipping task ':app:mergeExtDexDebug' as it is up-to-date.
[        ] Resolve mutations for :connectivity_plus:bundleLibRuntimeToDirDebug (Thread[#45246,Execution worker Thread 26,5,main]) started.
[        ] :connectivity_plus:bundleLibRuntimeToDirDebug (Thread[#45246,Execution worker Thread 26,5,main]) started.
[        ] > Task :connectivity_plus:bundleLibRuntimeToDirDebug UP-TO-DATE
[        ] Caching disabled for task ':connectivity_plus:bundleLibRuntimeToDirDebug' because:
[        ]   Build cache is disabled
[        ]   Simple merging task
[        ] Skipping task ':connectivity_plus:bundleLibRuntimeToDirDebug' as it is up-to-date.
[        ] work action resolve bundleLibRuntimeToDirDebug (project :connectivity_plus) (Thread[#45246,Execution worker Thread 26,5,main]) started.
[        ] ClassesDirToClassesTransform (Thread[#45246,Execution worker Thread 26,5,main]) started.
[        ] Resolve mutations for :emoji_picker_flutter:bundleLibRuntimeToDirDebug (Thread[#45243,Execution worker Thread 23,5,main]) started.
[        ] :emoji_picker_flutter:bundleLibRuntimeToDirDebug (Thread[#45243,Execution worker Thread 23,5,main]) started.
[        ] DexingNoClasspathTransform (Thread[#45246,Execution worker Thread 26,5,main]) started.
[        ] > Task :emoji_picker_flutter:bundleLibRuntimeToDirDebug UP-TO-DATE
[        ] Caching disabled for task ':emoji_picker_flutter:bundleLibRuntimeToDirDebug' because:
[        ]   Build cache is disabled
[        ]   Simple merging task
[        ] Skipping task ':emoji_picker_flutter:bundleLibRuntimeToDirDebug' as it is up-to-date.
[        ] work action resolve bundleLibRuntimeToDirDebug (project :emoji_picker_flutter) (Thread[#45243,Execution worker Thread 23,5,main]) started.
[        ] ClassesDirToClassesTransform (Thread[#45243,Execution worker Thread 23,5,main]) started.
[        ] Resolve mutations for :file_selector_android:bundleLibRuntimeToDirDebug (Thread[#45220,Execution worker,5,main]) started.
[        ] :file_selector_android:bundleLibRuntimeToDirDebug (Thread[#45220,Execution worker,5,main]) started.
[        ] DexingNoClasspathTransform (Thread[#45243,Execution worker Thread 23,5,main]) started.
[        ] > Transform bundleLibRuntimeToDirDebug (project :connectivity_plus) with DexingNoClasspathTransform
[        ] Caching disabled for DexingNoClasspathTransform: /Users/florian/Code/substitution/build/connectivity_plus/intermediates/runtime_library_classes_dir/debug/bundleLibRuntimeToDirDebug because:
[        ]   Build cache is disabled
[        ] Skipping DexingNoClasspathTransform: /Users/florian/Code/substitution/build/connectivity_plus/intermediates/runtime_library_classes_dir/debug/bundleLibRuntimeToDirDebug as it is up-to-date.
[        ] > Transform bundleLibRuntimeToDirDebug (project :emoji_picker_flutter) with DexingNoClasspathTransform
[        ] Caching disabled for DexingNoClasspathTransform: /Users/florian/Code/substitution/build/emoji_picker_flutter/intermediates/runtime_library_classes_dir/debug/bundleLibRuntimeToDirDebug because:
[        ]   Build cache is disabled
[        ] Skipping DexingNoClasspathTransform: /Users/florian/Code/substitution/build/emoji_picker_flutter/intermediates/runtime_library_classes_dir/debug/bundleLibRuntimeToDirDebug as it is up-to-date.
[        ] > Task :file_selector_android:bundleLibRuntimeToDirDebug UP-TO-DATE
[        ] Caching disabled for task ':file_selector_android:bundleLibRuntimeToDirDebug' because:
[        ]   Build cache is disabled
[        ]   Simple merging task
[        ] Skipping task ':file_selector_android:bundleLibRuntimeToDirDebug' as it is up-to-date.
[        ] work action resolve bundleLibRuntimeToDirDebug (project :file_selector_android) (Thread[#45220,Execution worker,5,main]) started.
[        ] ClassesDirToClassesTransform (Thread[#45220,Execution worker,5,main]) started.
[        ] Resolve mutations for :flutter_keyboard_visibility_temp_fork:bundleLibRuntimeToDirDebug (Thread[#45240,Execution worker Thread 20,5,main]) started.
[        ] :flutter_keyboard_visibility_temp_fork:bundleLibRuntimeToDirDebug (Thread[#45240,Execution worker Thread 20,5,main]) started.
[        ] DexingNoClasspathTransform (Thread[#45220,Execution worker,5,main]) started.
[        ] > Task :flutter_keyboard_visibility_temp_fork:bundleLibRuntimeToDirDebug UP-TO-DATE
[        ] Caching disabled for task ':flutter_keyboard_visibility_temp_fork:bundleLibRuntimeToDirDebug' because:
[        ]   Build cache is disabled
[        ]   Simple merging task
[        ] Skipping task ':flutter_keyboard_visibility_temp_fork:bundleLibRuntimeToDirDebug' as it is up-to-date.
[        ] work action resolve bundleLibRuntimeToDirDebug (project :flutter_keyboard_visibility_temp_fork) (Thread[#45240,Execution worker Thread 20,5,main]) started.
[        ] ClassesDirToClassesTransform (Thread[#45240,Execution worker Thread 20,5,main]) started.
[        ] Resolve mutations for :flutter_native_splash:bundleLibRuntimeToDirDebug (Thread[#45225,Execution worker Thread 6,5,main]) started.
[        ] :flutter_native_splash:bundleLibRuntimeToDirDebug (Thread[#45225,Execution worker Thread 6,5,main]) started.
[        ] DexingNoClasspathTransform (Thread[#45240,Execution worker Thread 20,5,main]) started.
[        ] > Transform bundleLibRuntimeToDirDebug (project :file_selector_android) with DexingNoClasspathTransform
[        ] Caching disabled for DexingNoClasspathTransform: /Users/florian/Code/substitution/build/file_selector_android/intermediates/runtime_library_classes_dir/debug/bundleLibRuntimeToDirDebug because:
[        ]   Build cache is disabled
[        ] Skipping DexingNoClasspathTransform: /Users/florian/Code/substitution/build/file_selector_android/intermediates/runtime_library_classes_dir/debug/bundleLibRuntimeToDirDebug as it is up-to-date.
[        ] > Task :flutter_native_splash:bundleLibRuntimeToDirDebug UP-TO-DATE
[        ] Caching disabled for task ':flutter_native_splash:bundleLibRuntimeToDirDebug' because:
[        ]   Build cache is disabled
[        ]   Simple merging task
[        ] Skipping task ':flutter_native_splash:bundleLibRuntimeToDirDebug' as it is up-to-date.
[        ] work action resolve bundleLibRuntimeToDirDebug (project :flutter_native_splash) (Thread[#45225,Execution worker Thread 6,5,main]) started.
[        ] Resolve mutations for :flutter_olm:bundleLibRuntimeToDirDebug (Thread[#45220,Execution worker,5,main]) started.
[        ] ClassesDirToClassesTransform (Thread[#45225,Execution worker Thread 6,5,main]) started.
[        ] DexingNoClasspathTransform (Thread[#45225,Execution worker Thread 6,5,main]) started.
[        ] :flutter_olm:bundleLibRuntimeToDirDebug (Thread[#45230,Execution worker Thread 10,5,main]) started.
[        ] > Transform bundleLibRuntimeToDirDebug (project :flutter_keyboard_visibility_temp_fork) with DexingNoClasspathTransform
[        ] Caching disabled for DexingNoClasspathTransform: /Users/florian/Code/substitution/build/flutter_keyboard_visibility_temp_fork/intermediates/runtime_library_classes_dir/debug/bundleLibRuntimeToDirDebug because:
[        ]   Build cache is disabled
[        ] Skipping DexingNoClasspathTransform: /Users/florian/Code/substitution/build/flutter_keyboard_visibility_temp_fork/intermediates/runtime_library_classes_dir/debug/bundleLibRuntimeToDirDebug as it is up-to-date.
[        ] > Transform bundleLibRuntimeToDirDebug (project :flutter_native_splash) with DexingNoClasspathTransform
[        ] Caching disabled for DexingNoClasspathTransform: /Users/florian/Code/substitution/build/flutter_native_splash/intermediates/runtime_library_classes_dir/debug/bundleLibRuntimeToDirDebug because:
[        ]   Build cache is disabled
[        ] Skipping DexingNoClasspathTransform: /Users/florian/Code/substitution/build/flutter_native_splash/intermediates/runtime_library_classes_dir/debug/bundleLibRuntimeToDirDebug as it is up-to-date.
[        ] > Task :flutter_olm:bundleLibRuntimeToDirDebug UP-TO-DATE
[        ] Caching disabled for task ':flutter_olm:bundleLibRuntimeToDirDebug' because:
[        ]   Build cache is disabled
[        ]   Simple merging task
[        ] Skipping task ':flutter_olm:bundleLibRuntimeToDirDebug' as it is up-to-date.
[        ] work action resolve bundleLibRuntimeToDirDebug (project :flutter_olm) (Thread[#45230,Execution worker Thread 10,5,main]) started.
[        ] ClassesDirToClassesTransform (Thread[#45230,Execution worker Thread 10,5,main]) started.
[        ] Resolve mutations for :flutter_openssl_crypto:bundleLibRuntimeToDirDebug (Thread[#45250,Execution worker Thread 30,5,main]) started.
[        ] :flutter_openssl_crypto:bundleLibRuntimeToDirDebug (Thread[#45250,Execution worker Thread 30,5,main]) started.
[        ] DexingNoClasspathTransform (Thread[#45230,Execution worker Thread 10,5,main]) started.
[        ] > Transform bundleLibRuntimeToDirDebug (project :flutter_olm) with DexingNoClasspathTransform
[        ] Caching disabled for DexingNoClasspathTransform: /Users/florian/Code/substitution/build/flutter_olm/intermediates/runtime_library_classes_dir/debug/bundleLibRuntimeToDirDebug because:
[        ]   Build cache is disabled
[        ] Skipping DexingNoClasspathTransform: /Users/florian/Code/substitution/build/flutter_olm/intermediates/runtime_library_classes_dir/debug/bundleLibRuntimeToDirDebug as it is up-to-date.
[        ] > Task :flutter_openssl_crypto:bundleLibRuntimeToDirDebug UP-TO-DATE
[        ] Caching disabled for task ':flutter_openssl_crypto:bundleLibRuntimeToDirDebug' because:
[        ]   Build cache is disabled
[        ]   Simple merging task
[        ] Skipping task ':flutter_openssl_crypto:bundleLibRuntimeToDirDebug' as it is up-to-date.
[        ] work action resolve bundleLibRuntimeToDirDebug (project :flutter_openssl_crypto) (Thread[#45250,Execution worker Thread 30,5,main]) started.
[        ] ClassesDirToClassesTransform (Thread[#45250,Execution worker Thread 30,5,main]) started.
[        ] Resolve mutations for :integration_test:bundleLibRuntimeToDirDebug (Thread[#45242,Execution worker Thread 22,5,main]) started.
[        ] DexingNoClasspathTransform (Thread[#45250,Execution worker Thread 30,5,main]) started.
[        ] :integration_test:bundleLibRuntimeToDirDebug (Thread[#45242,Execution worker Thread 22,5,main]) started.
[        ] > Transform bundleLibRuntimeToDirDebug (project :flutter_openssl_crypto) with DexingNoClasspathTransform
[        ] Caching disabled for DexingNoClasspathTransform: /Users/florian/Code/substitution/build/flutter_openssl_crypto/intermediates/runtime_library_classes_dir/debug/bundleLibRuntimeToDirDebug because:
[        ]   Build cache is disabled
[        ] Skipping DexingNoClasspathTransform: /Users/florian/Code/substitution/build/flutter_openssl_crypto/intermediates/runtime_library_classes_dir/debug/bundleLibRuntimeToDirDebug as it is up-to-date.
[        ] > Task :integration_test:bundleLibRuntimeToDirDebug UP-TO-DATE
[        ] Caching disabled for task ':integration_test:bundleLibRuntimeToDirDebug' because:
[        ]   Build cache is disabled
[        ]   Simple merging task
[        ] Skipping task ':integration_test:bundleLibRuntimeToDirDebug' as it is up-to-date.
[        ] work action resolve bundleLibRuntimeToDirDebug (project :integration_test) (Thread[#45242,Execution worker Thread 22,5,main]) started.
[        ] ClassesDirToClassesTransform (Thread[#45242,Execution worker Thread 22,5,main]) started.
[        ] Resolve mutations for :path_provider_android:bundleLibRuntimeToDirDebug (Thread[#45250,Execution worker Thread 30,5,main]) started.
[        ] DexingNoClasspathTransform (Thread[#45242,Execution worker Thread 22,5,main]) started.
[        ] :path_provider_android:bundleLibRuntimeToDirDebug (Thread[#45250,Execution worker Thread 30,5,main]) started.
[        ] > Transform bundleLibRuntimeToDirDebug (project :integration_test) with DexingNoClasspathTransform
[        ] Caching disabled for DexingNoClasspathTransform: /Users/florian/Code/substitution/build/integration_test/intermediates/runtime_library_classes_dir/debug/bundleLibRuntimeToDirDebug because:
[        ]   Build cache is disabled
[        ] Skipping DexingNoClasspathTransform: /Users/florian/Code/substitution/build/integration_test/intermediates/runtime_library_classes_dir/debug/bundleLibRuntimeToDirDebug as it is up-to-date.
[        ] > Task :path_provider_android:bundleLibRuntimeToDirDebug UP-TO-DATE
[        ] Caching disabled for task ':path_provider_android:bundleLibRuntimeToDirDebug' because:
[        ]   Build cache is disabled
[        ]   Simple merging task
[        ] Skipping task ':path_provider_android:bundleLibRuntimeToDirDebug' as it is up-to-date.
[        ] work action resolve bundleLibRuntimeToDirDebug (project :path_provider_android) (Thread[#45250,Execution worker Thread 30,5,main]) started.
[        ] ClassesDirToClassesTransform (Thread[#45250,Execution worker Thread 30,5,main]) started.
[        ] Resolve mutations for :quill_native_bridge_android:bundleLibRuntimeToDirDebug (Thread[#45233,Execution worker Thread 13,5,main]) started.
[        ] DexingNoClasspathTransform (Thread[#45250,Execution worker Thread 30,5,main]) started.
[        ] :quill_native_bridge_android:bundleLibRuntimeToDirDebug (Thread[#45233,Execution worker Thread 13,5,main]) started.
[        ] > Transform bundleLibRuntimeToDirDebug (project :path_provider_android) with DexingNoClasspathTransform
[        ] Caching disabled for DexingNoClasspathTransform: /Users/florian/Code/substitution/build/path_provider_android/intermediates/runtime_library_classes_dir/debug/bundleLibRuntimeToDirDebug because:
[        ]   Build cache is disabled
[        ] Skipping DexingNoClasspathTransform: /Users/florian/Code/substitution/build/path_provider_android/intermediates/runtime_library_classes_dir/debug/bundleLibRuntimeToDirDebug as it is up-to-date.
[        ] > Task :quill_native_bridge_android:bundleLibRuntimeToDirDebug UP-TO-DATE
[        ] Caching disabled for task ':quill_native_bridge_android:bundleLibRuntimeToDirDebug' because:
[        ]   Build cache is disabled
[        ]   Simple merging task
[        ] Skipping task ':quill_native_bridge_android:bundleLibRuntimeToDirDebug' as it is up-to-date.
[        ] work action resolve bundleLibRuntimeToDirDebug (project :quill_native_bridge_android) (Thread[#45233,Execution worker Thread 13,5,main]) started.
[        ] ClassesDirToClassesTransform (Thread[#45233,Execution worker Thread 13,5,main]) started.
[        ] Resolve mutations for :shared_preferences_android:bundleLibRuntimeToDirDebug (Thread[#45237,Execution worker Thread 17,5,main]) started.
[        ] :shared_preferences_android:bundleLibRuntimeToDirDebug (Thread[#45237,Execution worker Thread 17,5,main]) started.
[        ] DexingNoClasspathTransform (Thread[#45233,Execution worker Thread 13,5,main]) started.
[        ] > Transform bundleLibRuntimeToDirDebug (project :quill_native_bridge_android) with DexingNoClasspathTransform
[        ] Caching disabled for DexingNoClasspathTransform: /Users/florian/Code/substitution/build/quill_native_bridge_android/intermediates/runtime_library_classes_dir/debug/bundleLibRuntimeToDirDebug because:
[        ]   Build cache is disabled
[        ] Skipping DexingNoClasspathTransform: /Users/florian/Code/substitution/build/quill_native_bridge_android/intermediates/runtime_library_classes_dir/debug/bundleLibRuntimeToDirDebug as it is up-to-date.
[        ] > Task :shared_preferences_android:bundleLibRuntimeToDirDebug UP-TO-DATE
[        ] Caching disabled for task ':shared_preferences_android:bundleLibRuntimeToDirDebug' because:
[        ]   Build cache is disabled
[        ]   Simple merging task
[        ] Skipping task ':shared_preferences_android:bundleLibRuntimeToDirDebug' as it is up-to-date.
[        ] work action resolve bundleLibRuntimeToDirDebug (project :shared_preferences_android) (Thread[#45237,Execution worker Thread 17,5,main]) started.
[        ] ClassesDirToClassesTransform (Thread[#45237,Execution worker Thread 17,5,main]) started.
[        ] Resolve mutations for :sqflite_android:bundleLibRuntimeToDirDebug (Thread[#45247,Execution worker Thread 27,5,main]) started.
[        ] :sqflite_android:bundleLibRuntimeToDirDebug (Thread[#45247,Execution worker Thread 27,5,main]) started.
[        ] DexingNoClasspathTransform (Thread[#45237,Execution worker Thread 17,5,main]) started.
[        ] > Task :sqflite_android:bundleLibRuntimeToDirDebug UP-TO-DATE
[        ] Caching disabled for task ':sqflite_android:bundleLibRuntimeToDirDebug' because:
[        ]   Build cache is disabled
[        ]   Simple merging task
[        ] Skipping task ':sqflite_android:bundleLibRuntimeToDirDebug' as it is up-to-date.
[        ] work action resolve bundleLibRuntimeToDirDebug (project :sqflite_android) (Thread[#45247,Execution worker Thread 27,5,main]) started.
[        ] ClassesDirToClassesTransform (Thread[#45247,Execution worker Thread 27,5,main]) started.
[        ] Resolve mutations for :url_launcher_android:bundleLibRuntimeToDirDebug (Thread[#45229,Execution worker Thread 9,5,main]) started.
[        ] :url_launcher_android:bundleLibRuntimeToDirDebug (Thread[#45229,Execution worker Thread 9,5,main]) started.
[        ] DexingNoClasspathTransform (Thread[#45247,Execution worker Thread 27,5,main]) started.
[        ] > Transform bundleLibRuntimeToDirDebug (project :shared_preferences_android) with DexingNoClasspathTransform
[        ] Caching disabled for DexingNoClasspathTransform: /Users/florian/Code/substitution/build/shared_preferences_android/intermediates/runtime_library_classes_dir/debug/bundleLibRuntimeToDirDebug because:
[        ]   Build cache is disabled
[        ] Skipping DexingNoClasspathTransform: /Users/florian/Code/substitution/build/shared_preferences_android/intermediates/runtime_library_classes_dir/debug/bundleLibRuntimeToDirDebug as it is up-to-date.
[        ] > Task :url_launcher_android:bundleLibRuntimeToDirDebug UP-TO-DATE
[        ] Caching disabled for task ':url_launcher_android:bundleLibRuntimeToDirDebug' because:
[        ]   Build cache is disabled
[        ]   Simple merging task
[        ] Skipping task ':url_launcher_android:bundleLibRuntimeToDirDebug' as it is up-to-date.
[        ] work action resolve bundleLibRuntimeToDirDebug (project :url_launcher_android) (Thread[#45229,Execution worker Thread 9,5,main]) started.
[        ] ClassesDirToClassesTransform (Thread[#45229,Execution worker Thread 9,5,main]) started.
[        ] Resolve mutations for :video_player_android:bundleLibRuntimeToDirDebug (Thread[#45248,Execution worker Thread 28,5,main]) started.
[        ] > Transform bundleLibRuntimeToDirDebug (project :sqflite_android) with DexingNoClasspathTransform
[        ] Caching disabled for DexingNoClasspathTransform: /Users/florian/Code/substitution/build/sqflite_android/intermediates/runtime_library_classes_dir/debug/bundleLibRuntimeToDirDebug because:
[        ]   Build cache is disabled
[        ] Skipping DexingNoClasspathTransform: /Users/florian/Code/substitution/build/sqflite_android/intermediates/runtime_library_classes_dir/debug/bundleLibRuntimeToDirDebug as it is up-to-date.
[        ] :video_player_android:bundleLibRuntimeToDirDebug (Thread[#45248,Execution worker Thread 28,5,main]) started.
[        ] DexingNoClasspathTransform (Thread[#45229,Execution worker Thread 9,5,main]) started.
[        ] > Transform bundleLibRuntimeToDirDebug (project :url_launcher_android) with DexingNoClasspathTransform
[        ] Caching disabled for DexingNoClasspathTransform: /Users/florian/Code/substitution/build/url_launcher_android/intermediates/runtime_library_classes_dir/debug/bundleLibRuntimeToDirDebug because:
[        ]   Build cache is disabled
[        ] Skipping DexingNoClasspathTransform: /Users/florian/Code/substitution/build/url_launcher_android/intermediates/runtime_library_classes_dir/debug/bundleLibRuntimeToDirDebug as it is up-to-date.
[        ] > Task :video_player_android:bundleLibRuntimeToDirDebug UP-TO-DATE
[        ] Caching disabled for task ':video_player_android:bundleLibRuntimeToDirDebug' because:
[        ]   Build cache is disabled
[        ]   Simple merging task
[        ] Skipping task ':video_player_android:bundleLibRuntimeToDirDebug' as it is up-to-date.
[        ] work action resolve bundleLibRuntimeToDirDebug (project :video_player_android) (Thread[#45248,Execution worker Thread 28,5,main]) started.
[        ] ClassesDirToClassesTransform (Thread[#45248,Execution worker Thread 28,5,main]) started.
[        ] Resolve mutations for :app:dexBuilderDebug (Thread[#45229,Execution worker Thread 9,5,main]) started.
[        ] DexingNoClasspathTransform (Thread[#45248,Execution worker Thread 28,5,main]) started.
[        ] :app:dexBuilderDebug (Thread[#45229,Execution worker Thread 9,5,main]) started.
[        ] > Task :app:dexBuilderDebug UP-TO-DATE
[        ] Caching disabled for task ':app:dexBuilderDebug' because:
[        ]   Build cache is disabled
[        ] Skipping task ':app:dexBuilderDebug' as it is up-to-date.
[        ] > Transform bundleLibRuntimeToDirDebug (project :video_player_android) with DexingNoClasspathTransform
[        ] Caching disabled for DexingNoClasspathTransform: /Users/florian/Code/substitution/build/video_player_android/intermediates/runtime_library_classes_dir/debug/bundleLibRuntimeToDirDebug because:
[        ]   Build cache is disabled
[        ] Skipping DexingNoClasspathTransform: /Users/florian/Code/substitution/build/video_player_android/intermediates/runtime_library_classes_dir/debug/bundleLibRuntimeToDirDebug as it is up-to-date.
[        ] Resolve mutations for :app:mergeLibDexDebug (Thread[#45248,Execution worker Thread 28,5,main]) started.
[        ] :app:mergeLibDexDebug (Thread[#45248,Execution worker Thread 28,5,main]) started.
[        ] > Task :app:mergeLibDexDebug UP-TO-DATE
[        ] Caching disabled for task ':app:mergeLibDexDebug' because:
[        ]   Build cache is disabled
[        ] Skipping task ':app:mergeLibDexDebug' as it is up-to-date.
[        ] Resolve mutations for :app:mergeProjectDexDebug (Thread[#45248,Execution worker Thread 28,5,main]) started.
[        ] :app:mergeProjectDexDebug (Thread[#45248,Execution worker Thread 28,5,main]) started.
[        ] > Task :app:mergeProjectDexDebug UP-TO-DATE
[        ] Caching disabled for task ':app:mergeProjectDexDebug' because:
[        ]   Build cache is disabled
[        ] Skipping task ':app:mergeProjectDexDebug' as it is up-to-date.
[        ] Resolve mutations for :app:configureCMakeDebug[arm64-v8a] (Thread[#45248,Execution worker Thread 28,5,main]) started.
[        ] :app:configureCMakeDebug[arm64-v8a] (Thread[#45248,Execution worker Thread 28,5,main]) started.
[        ] > Task :app:configureCMakeDebug[arm64-v8a]
[        ] Caching disabled for task ':app:configureCMakeDebug[arm64-v8a]' because:
[        ]   Build cache is disabled
[        ]   Caching has been disabled for the task
[        ] Task ':app:configureCMakeDebug[arm64-v8a]' is not up-to-date because:
[        ]   Task.upToDateWhen is false.
[        ] C/C++: /opt/homebrew/share/flutter/packages/flutter_tools/gradle/src/main/scripts/CMakeLists.txt debug|arm64-v8a : Start JSON generation. Platform version: 24 min SDK version: arm64-v8a
[        ] C/C++: /opt/homebrew/share/flutter/packages/flutter_tools/gradle/src/main/scripts/CMakeLists.txt debug|arm64-v8a : JSON '/Users/florian/Code/substitution/build/.cxx/debug/x6546535/arm64-v8a/android_gradle_build.json' was up-to-date
[        ] C/C++: /opt/homebrew/share/flutter/packages/flutter_tools/gradle/src/main/scripts/CMakeLists.txt debug|arm64-v8a : JSON generation completed without problems
[        ] C/C++: /opt/homebrew/share/flutter/packages/flutter_tools/gradle/src/main/scripts/CMakeLists.txt debug|arm64-v8a : Writing build model to /Users/florian/Code/substitution/build/app/intermediates/cxx/debug/x6546535/logs/arm64-v8a/build_model.json
[        ] Resolve mutations for :app:buildCMakeDebug[arm64-v8a] (Thread[#45248,Execution worker Thread 28,5,main]) started.
[        ] :app:buildCMakeDebug[arm64-v8a] (Thread[#45248,Execution worker Thread 28,5,main]) started.
[        ] > Task :app:buildCMakeDebug[arm64-v8a]
[        ] Caching disabled for task ':app:buildCMakeDebug[arm64-v8a]' because:
[        ]   Build cache is disabled
[        ]   Caching has been disabled for the task
[        ] Task ':app:buildCMakeDebug[arm64-v8a]' is not up-to-date because:
[        ]   Task.upToDateWhen is false.
[        ] C/C++: starting build
[        ] C/C++: reading expected JSONs
[        ] C/C++: done reading expected JSONs
[        ] C/C++: executing build commands for targets that produce .so files or executables
[        ] C/C++: evaluate miniconfig
[        ] C/C++: no libraries
[        ] Resolve mutations for :app:configureCMakeDebug[armeabi-v7a] (Thread[#45248,Execution worker Thread 28,5,main]) started.
[        ] :app:configureCMakeDebug[armeabi-v7a] (Thread[#45248,Execution worker Thread 28,5,main]) started.
[        ] > Task :app:configureCMakeDebug[armeabi-v7a]
[        ] Caching disabled for task ':app:configureCMakeDebug[armeabi-v7a]' because:
[        ]   Build cache is disabled
[        ]   Caching has been disabled for the task
[        ] Task ':app:configureCMakeDebug[armeabi-v7a]' is not up-to-date because:
[        ]   Task.upToDateWhen is false.
[        ] C/C++: /opt/homebrew/share/flutter/packages/flutter_tools/gradle/src/main/scripts/CMakeLists.txt debug|armeabi-v7a : Start JSON generation. Platform version: 24 min SDK version: armeabi-v7a
[        ] C/C++: /opt/homebrew/share/flutter/packages/flutter_tools/gradle/src/main/scripts/CMakeLists.txt debug|armeabi-v7a : JSON '/Users/florian/Code/substitution/build/.cxx/debug/x6546535/armeabi-v7a/android_gradle_build.json' was up-to-date
[        ] C/C++: /opt/homebrew/share/flutter/packages/flutter_tools/gradle/src/main/scripts/CMakeLists.txt debug|armeabi-v7a : JSON generation completed without problems
[        ] C/C++: /opt/homebrew/share/flutter/packages/flutter_tools/gradle/src/main/scripts/CMakeLists.txt debug|armeabi-v7a : Writing build model to /Users/florian/Code/substitution/build/app/intermediates/cxx/debug/x6546535/logs/armeabi-v7a/build_model.json
[        ] Resolve mutations for :app:buildCMakeDebug[armeabi-v7a] (Thread[#45248,Execution worker Thread 28,5,main]) started.
[        ] :app:buildCMakeDebug[armeabi-v7a] (Thread[#45248,Execution worker Thread 28,5,main]) started.
[        ] > Task :app:buildCMakeDebug[armeabi-v7a]
[        ] Caching disabled for task ':app:buildCMakeDebug[armeabi-v7a]' because:
[        ]   Build cache is disabled
[        ]   Caching has been disabled for the task
[        ] Task ':app:buildCMakeDebug[armeabi-v7a]' is not up-to-date because:
[        ]   Task.upToDateWhen is false.
[        ] C/C++: starting build
[        ] C/C++: reading expected JSONs
[        ] C/C++: done reading expected JSONs
[        ] C/C++: executing build commands for targets that produce .so files or executables
[        ] C/C++: evaluate miniconfig
[        ] C/C++: no libraries
[        ] Resolve mutations for :app:configureCMakeDebug[x86_64] (Thread[#45248,Execution worker Thread 28,5,main]) started.
[        ] :app:configureCMakeDebug[x86_64] (Thread[#45248,Execution worker Thread 28,5,main]) started.
[        ] > Task :app:configureCMakeDebug[x86_64]
[        ] Caching disabled for task ':app:configureCMakeDebug[x86_64]' because:
[        ]   Build cache is disabled
[        ]   Caching has been disabled for the task
[        ] Task ':app:configureCMakeDebug[x86_64]' is not up-to-date because:
[        ]   Task.upToDateWhen is false.
[        ] C/C++: /opt/homebrew/share/flutter/packages/flutter_tools/gradle/src/main/scripts/CMakeLists.txt debug|x86_64 : Start JSON generation. Platform version: 24 min SDK version: x86_64
[        ] C/C++: /opt/homebrew/share/flutter/packages/flutter_tools/gradle/src/main/scripts/CMakeLists.txt debug|x86_64 : JSON '/Users/florian/Code/substitution/build/.cxx/debug/x6546535/x86_64/android_gradle_build.json' was up-to-date
[        ] C/C++: /opt/homebrew/share/flutter/packages/flutter_tools/gradle/src/main/scripts/CMakeLists.txt debug|x86_64 : JSON generation completed without problems
[        ] C/C++: /opt/homebrew/share/flutter/packages/flutter_tools/gradle/src/main/scripts/CMakeLists.txt debug|x86_64 : Writing build model to /Users/florian/Code/substitution/build/app/intermediates/cxx/debug/x6546535/logs/x86_64/build_model.json
[        ] Resolve mutations for :app:buildCMakeDebug[x86_64] (Thread[#45248,Execution worker Thread 28,5,main]) started.
[        ] :app:buildCMakeDebug[x86_64] (Thread[#45248,Execution worker Thread 28,5,main]) started.
[        ] > Task :app:buildCMakeDebug[x86_64]
[        ] Caching disabled for task ':app:buildCMakeDebug[x86_64]' because:
[        ]   Build cache is disabled
[        ]   Caching has been disabled for the task
[        ] Task ':app:buildCMakeDebug[x86_64]' is not up-to-date because:
[        ]   Task.upToDateWhen is false.
[        ] C/C++: starting build
[        ] C/C++: reading expected JSONs
[        ] C/C++: done reading expected JSONs
[        ] C/C++: executing build commands for targets that produce .so files or executables
[        ] C/C++: evaluate miniconfig
[        ] C/C++: no libraries
[        ] Resolve mutations for :app:mergeDebugJniLibFolders (Thread[#45248,Execution worker Thread 28,5,main]) started.
[        ] :app:mergeDebugJniLibFolders (Thread[#45248,Execution worker Thread 28,5,main]) started.
[        ] > Task :app:mergeDebugJniLibFolders UP-TO-DATE
[        ] Caching disabled for task ':app:mergeDebugJniLibFolders' because:
[        ]   Build cache is disabled
[        ]   Simple merging task
[        ] Skipping task ':app:mergeDebugJniLibFolders' as it is up-to-date.
[        ] Resolve mutations for :connectivity_plus:mergeDebugJniLibFolders (Thread[#45248,Execution worker Thread 28,5,main]) started.
[        ] :connectivity_plus:mergeDebugJniLibFolders (Thread[#45248,Execution worker Thread 28,5,main]) started.
[        ] > Task :connectivity_plus:mergeDebugJniLibFolders UP-TO-DATE
[        ] Caching disabled for task ':connectivity_plus:mergeDebugJniLibFolders' because:
[        ]   Build cache is disabled
[        ]   Simple merging task
[        ] Skipping task ':connectivity_plus:mergeDebugJniLibFolders' as it is up-to-date.
[        ] Resolve mutations for :connectivity_plus:mergeDebugNativeLibs (Thread[#45248,Execution worker Thread 28,5,main]) started.
[        ] :connectivity_plus:mergeDebugNativeLibs (Thread[#45248,Execution worker Thread 28,5,main]) started.
[        ] > Task :connectivity_plus:mergeDebugNativeLibs NO-SOURCE
[        ] Skipping task ':connectivity_plus:mergeDebugNativeLibs' as it has no source files and no previous output files.
[        ] Resolve mutations for :connectivity_plus:copyDebugJniLibsProjectOnly (Thread[#45248,Execution worker Thread 28,5,main]) started.
[        ] :connectivity_plus:copyDebugJniLibsProjectOnly (Thread[#45248,Execution worker Thread 28,5,main]) started.
[        ] > Task :connectivity_plus:copyDebugJniLibsProjectOnly UP-TO-DATE
[        ] Caching disabled for task ':connectivity_plus:copyDebugJniLibsProjectOnly' because:
[        ]   Build cache is disabled
[        ]   Caching has been disabled for the task
[        ] Skipping task ':connectivity_plus:copyDebugJniLibsProjectOnly' as it is up-to-date.
[        ] work action resolve jni (project :connectivity_plus) (Thread[#45248,Execution worker Thread 28,5,main]) started.
[        ] Resolve mutations for :emoji_picker_flutter:mergeDebugJniLibFolders (Thread[#45248,Execution worker Thread 28,5,main]) started.
[        ] :emoji_picker_flutter:mergeDebugJniLibFolders (Thread[#45248,Execution worker Thread 28,5,main]) started.
[        ] > Task :emoji_picker_flutter:mergeDebugJniLibFolders UP-TO-DATE
[        ] Caching disabled for task ':emoji_picker_flutter:mergeDebugJniLibFolders' because:
[        ]   Build cache is disabled
[        ]   Simple merging task
[        ] Skipping task ':emoji_picker_flutter:mergeDebugJniLibFolders' as it is up-to-date.
[        ] Resolve mutations for :emoji_picker_flutter:mergeDebugNativeLibs (Thread[#45248,Execution worker Thread 28,5,main]) started.
[        ] :emoji_picker_flutter:mergeDebugNativeLibs (Thread[#45248,Execution worker Thread 28,5,main]) started.
[        ] > Task :emoji_picker_flutter:mergeDebugNativeLibs NO-SOURCE
[        ] Skipping task ':emoji_picker_flutter:mergeDebugNativeLibs' as it has no source files and no previous output files.
[        ] Resolve mutations for :emoji_picker_flutter:copyDebugJniLibsProjectOnly (Thread[#45248,Execution worker Thread 28,5,main]) started.
[        ] :emoji_picker_flutter:copyDebugJniLibsProjectOnly (Thread[#45248,Execution worker Thread 28,5,main]) started.
[        ] > Task :emoji_picker_flutter:copyDebugJniLibsProjectOnly UP-TO-DATE
[        ] Caching disabled for task ':emoji_picker_flutter:copyDebugJniLibsProjectOnly' because:
[        ]   Build cache is disabled
[        ]   Caching has been disabled for the task
[        ] Skipping task ':emoji_picker_flutter:copyDebugJniLibsProjectOnly' as it is up-to-date.
[        ] work action resolve jni (project :emoji_picker_flutter) (Thread[#45248,Execution worker Thread 28,5,main]) started.
[        ] Resolve mutations for :file_selector_android:mergeDebugJniLibFolders (Thread[#45248,Execution worker Thread 28,5,main]) started.
[        ] :file_selector_android:mergeDebugJniLibFolders (Thread[#45248,Execution worker Thread 28,5,main]) started.
[        ] > Task :file_selector_android:mergeDebugJniLibFolders UP-TO-DATE
[        ] Caching disabled for task ':file_selector_android:mergeDebugJniLibFolders' because:
[        ]   Build cache is disabled
[        ]   Simple merging task
[        ] Skipping task ':file_selector_android:mergeDebugJniLibFolders' as it is up-to-date.
[        ] Resolve mutations for :file_selector_android:mergeDebugNativeLibs (Thread[#45248,Execution worker Thread 28,5,main]) started.
[        ] :file_selector_android:mergeDebugNativeLibs (Thread[#45248,Execution worker Thread 28,5,main]) started.
[        ] > Task :file_selector_android:mergeDebugNativeLibs NO-SOURCE
[        ] Skipping task ':file_selector_android:mergeDebugNativeLibs' as it has no source files and no previous output files.
[        ] Resolve mutations for :file_selector_android:copyDebugJniLibsProjectOnly (Thread[#45248,Execution worker Thread 28,5,main]) started.
[        ] :file_selector_android:copyDebugJniLibsProjectOnly (Thread[#45248,Execution worker Thread 28,5,main]) started.
[        ] > Task :file_selector_android:copyDebugJniLibsProjectOnly UP-TO-DATE
[        ] Caching disabled for task ':file_selector_android:copyDebugJniLibsProjectOnly' because:
[        ]   Build cache is disabled
[        ]   Caching has been disabled for the task
[        ] Skipping task ':file_selector_android:copyDebugJniLibsProjectOnly' as it is up-to-date.
[        ] work action resolve jni (project :file_selector_android) (Thread[#45248,Execution worker Thread 28,5,main]) started.
[        ] Resolve mutations for :flutter_keyboard_visibility_temp_fork:mergeDebugJniLibFolders (Thread[#45248,Execution worker Thread 28,5,main]) started.
[        ] :flutter_keyboard_visibility_temp_fork:mergeDebugJniLibFolders (Thread[#45248,Execution worker Thread 28,5,main]) started.
[        ] > Task :flutter_keyboard_visibility_temp_fork:mergeDebugJniLibFolders UP-TO-DATE
[        ] Caching disabled for task ':flutter_keyboard_visibility_temp_fork:mergeDebugJniLibFolders' because:
[        ]   Build cache is disabled
[        ]   Simple merging task
[        ] Skipping task ':flutter_keyboard_visibility_temp_fork:mergeDebugJniLibFolders' as it is up-to-date.
[        ] Resolve mutations for :flutter_keyboard_visibility_temp_fork:mergeDebugNativeLibs (Thread[#45248,Execution worker Thread 28,5,main]) started.
[        ] :flutter_keyboard_visibility_temp_fork:mergeDebugNativeLibs (Thread[#45248,Execution worker Thread 28,5,main]) started.
[        ] > Task :flutter_keyboard_visibility_temp_fork:mergeDebugNativeLibs NO-SOURCE
[        ] Skipping task ':flutter_keyboard_visibility_temp_fork:mergeDebugNativeLibs' as it has no source files and no previous output files.
[        ] Resolve mutations for :flutter_keyboard_visibility_temp_fork:copyDebugJniLibsProjectOnly (Thread[#45248,Execution worker Thread 28,5,main]) started.
[        ] :flutter_keyboard_visibility_temp_fork:copyDebugJniLibsProjectOnly (Thread[#45248,Execution worker Thread 28,5,main]) started.
[        ] > Task :flutter_keyboard_visibility_temp_fork:copyDebugJniLibsProjectOnly UP-TO-DATE
[        ] Caching disabled for task ':flutter_keyboard_visibility_temp_fork:copyDebugJniLibsProjectOnly' because:
[        ]   Build cache is disabled
[        ]   Caching has been disabled for the task
[        ] Skipping task ':flutter_keyboard_visibility_temp_fork:copyDebugJniLibsProjectOnly' as it is up-to-date.
[        ] work action resolve jni (project :flutter_keyboard_visibility_temp_fork) (Thread[#45248,Execution worker Thread 28,5,main]) started.
[        ] Resolve mutations for :flutter_native_splash:mergeDebugJniLibFolders (Thread[#45248,Execution worker Thread 28,5,main]) started.
[        ] :flutter_native_splash:mergeDebugJniLibFolders (Thread[#45248,Execution worker Thread 28,5,main]) started.
[        ] > Task :flutter_native_splash:mergeDebugJniLibFolders UP-TO-DATE
[        ] Caching disabled for task ':flutter_native_splash:mergeDebugJniLibFolders' because:
[        ]   Build cache is disabled
[        ]   Simple merging task
[        ] Skipping task ':flutter_native_splash:mergeDebugJniLibFolders' as it is up-to-date.
[        ] Resolve mutations for :flutter_native_splash:mergeDebugNativeLibs (Thread[#45248,Execution worker Thread 28,5,main]) started.
[        ] :flutter_native_splash:mergeDebugNativeLibs (Thread[#45248,Execution worker Thread 28,5,main]) started.
[        ] > Task :flutter_native_splash:mergeDebugNativeLibs NO-SOURCE
[        ] Skipping task ':flutter_native_splash:mergeDebugNativeLibs' as it has no source files and no previous output files.
[        ] Resolve mutations for :flutter_native_splash:copyDebugJniLibsProjectOnly (Thread[#45248,Execution worker Thread 28,5,main]) started.
[        ] :flutter_native_splash:copyDebugJniLibsProjectOnly (Thread[#45248,Execution worker Thread 28,5,main]) started.
[        ] > Task :flutter_native_splash:copyDebugJniLibsProjectOnly UP-TO-DATE
[        ] Caching disabled for task ':flutter_native_splash:copyDebugJniLibsProjectOnly' because:
[        ]   Build cache is disabled
[        ]   Caching has been disabled for the task
[        ] Skipping task ':flutter_native_splash:copyDebugJniLibsProjectOnly' as it is up-to-date.
[        ] work action resolve jni (project :flutter_native_splash) (Thread[#45248,Execution worker Thread 28,5,main]) started.
[        ] Resolve mutations for :flutter_olm:preProfileBuild (Thread[#45248,Execution worker Thread 28,5,main]) started.
[        ] :flutter_olm:preProfileBuild (Thread[#45248,Execution worker Thread 28,5,main]) started.
[        ] > Task :flutter_olm:preProfileBuild UP-TO-DATE
[        ] Skipping task ':flutter_olm:preProfileBuild' as it has no actions.
[        ] Resolve mutations for :flutter_olm:configureCMakeDebug[arm64-v8a] (Thread[#45248,Execution worker Thread 28,5,main]) started.
[        ] :flutter_olm:configureCMakeDebug[arm64-v8a] (Thread[#45248,Execution worker Thread 28,5,main]) started.
[        ] > Task :flutter_olm:configureCMakeDebug[arm64-v8a]
[        ] Caching disabled for task ':flutter_olm:configureCMakeDebug[arm64-v8a]' because:
[        ]   Build cache is disabled
[        ]   Caching has been disabled for the task
[        ] Task ':flutter_olm:configureCMakeDebug[arm64-v8a]' is not up-to-date because:
[        ]   Task.upToDateWhen is false.
[        ] C/C++: /Users/florian/.pub-cache/hosted/pub.dev/flutter_olm-2.0.0/ios/CMakeLists.txt profile|arm64-v8a : Start JSON generation. Platform version: 21 min SDK version: arm64-v8a
[        ] C/C++: /Users/florian/.pub-cache/hosted/pub.dev/flutter_olm-2.0.0/ios/CMakeLists.txt profile|arm64-v8a : JSON '/Users/florian/.pub-cache/hosted/pub.dev/flutter_olm-2.0.0/android/.cxx/Debug/611a6669/arm64-v8a/android_gradle_build.json' was up-to-date
[        ] C/C++: /Users/florian/.pub-cache/hosted/pub.dev/flutter_olm-2.0.0/ios/CMakeLists.txt profile|arm64-v8a : JSON generation completed without problems
[        ] C/C++: /Users/florian/.pub-cache/hosted/pub.dev/flutter_olm-2.0.0/ios/CMakeLists.txt profile|arm64-v8a : Writing build model to /Users/florian/Code/substitution/build/flutter_olm/intermediates/cxx/Debug/611a6669/logs/arm64-v8a/build_model.json
[        ] Resolve mutations for :flutter_olm:buildCMakeDebug[arm64-v8a] (Thread[#45248,Execution worker Thread 28,5,main]) started.
[        ] :flutter_olm:buildCMakeDebug[arm64-v8a] (Thread[#45248,Execution worker Thread 28,5,main]) started.
[        ] > Task :flutter_olm:buildCMakeDebug[arm64-v8a]
[        ] Caching disabled for task ':flutter_olm:buildCMakeDebug[arm64-v8a]' because:
[        ]   Build cache is disabled
[        ]   Caching has been disabled for the task
[        ] Task ':flutter_olm:buildCMakeDebug[arm64-v8a]' is not up-to-date because:
[        ]   Task.upToDateWhen is false.
[        ] C/C++: starting build
[        ] C/C++: reading expected JSONs
[        ] C/C++: done reading expected JSONs
[        ] C/C++: executing build commands for targets that produce .so files or executables
[        ] C/C++: evaluate miniconfig
[        ] C/C++: evaluate library olm (arm64-v8a)
[        ] C/C++: building target library olm because no targets are specified.
[        ] C/C++: about to build targets olm
[        ] C/C++: Build olm
[        ] C/C++: /Users/florian/Library/Android/sdk/cmake/3.22.1/bin/ninja \
[        ]   -C \
[        ]   /Users/florian/.pub-cache/hosted/pub.dev/flutter_olm-2.0.0/android/.cxx/Debug/611a6669/arm64-v8a \
[        ]   olm
[        ] Starting process 'command '/Users/florian/Library/Android/sdk/cmake/3.22.1/bin/ninja''. Working directory: /Users/florian/.pub-cache/hosted/pub.dev/flutter_olm-2.0.0/android Command: /Users/florian/Library/Android/sdk/cmake/3.22.1/bin/ninja -C /Users/florian/.pub-cache/hosted/pub.dev/flutter_olm-2.0.0/android/.cxx/Debug/611a6669/arm64-v8a olm
[        ] Successfully started process 'command '/Users/florian/Library/Android/sdk/cmake/3.22.1/bin/ninja''
[        ] C/C++: Received process result: 0
[        ] C/C++: check expected build outputs
[        ] C/C++: build complete
[        ] Resolve mutations for :flutter_olm:configureCMakeDebug[armeabi-v7a] (Thread[#45248,Execution worker Thread 28,5,main]) started.
[        ] :flutter_olm:configureCMakeDebug[armeabi-v7a] (Thread[#45248,Execution worker Thread 28,5,main]) started.
[        ] > Task :flutter_olm:configureCMakeDebug[armeabi-v7a]
[        ] Caching disabled for task ':flutter_olm:configureCMakeDebug[armeabi-v7a]' because:
[        ]   Build cache is disabled
[        ]   Caching has been disabled for the task
[        ] Task ':flutter_olm:configureCMakeDebug[armeabi-v7a]' is not up-to-date because:
[        ]   Task.upToDateWhen is false.
[        ] C/C++: /Users/florian/.pub-cache/hosted/pub.dev/flutter_olm-2.0.0/ios/CMakeLists.txt profile|armeabi-v7a : Start JSON generation. Platform version: 21 min SDK version: armeabi-v7a
[        ] C/C++: /Users/florian/.pub-cache/hosted/pub.dev/flutter_olm-2.0.0/ios/CMakeLists.txt profile|armeabi-v7a : JSON '/Users/florian/.pub-cache/hosted/pub.dev/flutter_olm-2.0.0/android/.cxx/Debug/611a6669/armeabi-v7a/android_gradle_build.json' was up-to-date
[        ] C/C++: /Users/florian/.pub-cache/hosted/pub.dev/flutter_olm-2.0.0/ios/CMakeLists.txt profile|armeabi-v7a : JSON generation completed without problems
[        ] C/C++: /Users/florian/.pub-cache/hosted/pub.dev/flutter_olm-2.0.0/ios/CMakeLists.txt profile|armeabi-v7a : Writing build model to /Users/florian/Code/substitution/build/flutter_olm/intermediates/cxx/Debug/611a6669/logs/armeabi-v7a/build_model.json
[        ] Resolve mutations for :flutter_olm:buildCMakeDebug[armeabi-v7a] (Thread[#45248,Execution worker Thread 28,5,main]) started.
[        ] :flutter_olm:buildCMakeDebug[armeabi-v7a] (Thread[#45248,Execution worker Thread 28,5,main]) started.
[        ] > Task :flutter_olm:buildCMakeDebug[armeabi-v7a]
[        ] Caching disabled for task ':flutter_olm:buildCMakeDebug[armeabi-v7a]' because:
[        ]   Build cache is disabled
[        ]   Caching has been disabled for the task
[        ] Task ':flutter_olm:buildCMakeDebug[armeabi-v7a]' is not up-to-date because:
[        ]   Task.upToDateWhen is false.
[        ] C/C++: starting build
[        ] C/C++: reading expected JSONs
[        ] C/C++: done reading expected JSONs
[        ] C/C++: executing build commands for targets that produce .so files or executables
[        ] C/C++: evaluate miniconfig
[        ] C/C++: evaluate library olm (armeabi-v7a)
[        ] C/C++: building target library olm because no targets are specified.
[        ] C/C++: about to build targets olm
[        ] C/C++: Build olm
[        ] C/C++: /Users/florian/Library/Android/sdk/cmake/3.22.1/bin/ninja \
[        ]   -C \
[        ]   /Users/florian/.pub-cache/hosted/pub.dev/flutter_olm-2.0.0/android/.cxx/Debug/611a6669/armeabi-v7a \
[        ]   olm
[        ] Starting process 'command '/Users/florian/Library/Android/sdk/cmake/3.22.1/bin/ninja''. Working directory: /Users/florian/.pub-cache/hosted/pub.dev/flutter_olm-2.0.0/android Command: /Users/florian/Library/Android/sdk/cmake/3.22.1/bin/ninja -C /Users/florian/.pub-cache/hosted/pub.dev/flutter_olm-2.0.0/android/.cxx/Debug/611a6669/armeabi-v7a olm
[        ] Successfully started process 'command '/Users/florian/Library/Android/sdk/cmake/3.22.1/bin/ninja''
[        ] C/C++: Received process result: 0
[        ] C/C++: check expected build outputs
[        ] C/C++: build complete
[        ] Resolve mutations for :flutter_olm:configureCMakeDebug[x86] (Thread[#45248,Execution worker Thread 28,5,main]) started.
[        ] :flutter_olm:configureCMakeDebug[x86] (Thread[#45248,Execution worker Thread 28,5,main]) started.
[        ] > Task :flutter_olm:configureCMakeDebug[x86]
[        ] Caching disabled for task ':flutter_olm:configureCMakeDebug[x86]' because:
[        ]   Build cache is disabled
[        ]   Caching has been disabled for the task
[        ] Task ':flutter_olm:configureCMakeDebug[x86]' is not up-to-date because:
[        ]   Task.upToDateWhen is false.
[        ] C/C++: /Users/florian/.pub-cache/hosted/pub.dev/flutter_olm-2.0.0/ios/CMakeLists.txt profile|x86 : Start JSON generation. Platform version: 21 min SDK version: x86
[        ] C/C++: /Users/florian/.pub-cache/hosted/pub.dev/flutter_olm-2.0.0/ios/CMakeLists.txt profile|x86 : JSON '/Users/florian/.pub-cache/hosted/pub.dev/flutter_olm-2.0.0/android/.cxx/Debug/611a6669/x86/android_gradle_build.json' was up-to-date
[        ] C/C++: /Users/florian/.pub-cache/hosted/pub.dev/flutter_olm-2.0.0/ios/CMakeLists.txt profile|x86 : JSON generation completed without problems
[        ] C/C++: /Users/florian/.pub-cache/hosted/pub.dev/flutter_olm-2.0.0/ios/CMakeLists.txt profile|x86 : Writing build model to /Users/florian/Code/substitution/build/flutter_olm/intermediates/cxx/Debug/611a6669/logs/x86/build_model.json
[        ] Resolve mutations for :flutter_olm:buildCMakeDebug[x86] (Thread[#45248,Execution worker Thread 28,5,main]) started.
[        ] :flutter_olm:buildCMakeDebug[x86] (Thread[#45248,Execution worker Thread 28,5,main]) started.
[        ] > Task :flutter_olm:buildCMakeDebug[x86]
[        ] Caching disabled for task ':flutter_olm:buildCMakeDebug[x86]' because:
[        ]   Build cache is disabled
[        ]   Caching has been disabled for the task
[        ] Task ':flutter_olm:buildCMakeDebug[x86]' is not up-to-date because:
[        ]   Task.upToDateWhen is false.
[        ] C/C++: starting build
[        ] C/C++: reading expected JSONs
[        ] C/C++: done reading expected JSONs
[        ] C/C++: executing build commands for targets that produce .so files or executables
[        ] C/C++: evaluate miniconfig
[        ] C/C++: evaluate library olm (x86)
[        ] C/C++: building target library olm because no targets are specified.
[        ] C/C++: about to build targets olm
[        ] C/C++: Build olm
[        ] C/C++: /Users/florian/Library/Android/sdk/cmake/3.22.1/bin/ninja \
[        ]   -C \
[        ]   /Users/florian/.pub-cache/hosted/pub.dev/flutter_olm-2.0.0/android/.cxx/Debug/611a6669/x86 \
[        ]   olm
[        ] Starting process 'command '/Users/florian/Library/Android/sdk/cmake/3.22.1/bin/ninja''. Working directory: /Users/florian/.pub-cache/hosted/pub.dev/flutter_olm-2.0.0/android Command: /Users/florian/Library/Android/sdk/cmake/3.22.1/bin/ninja -C /Users/florian/.pub-cache/hosted/pub.dev/flutter_olm-2.0.0/android/.cxx/Debug/611a6669/x86 olm
[        ] Successfully started process 'command '/Users/florian/Library/Android/sdk/cmake/3.22.1/bin/ninja''
[        ] C/C++: Received process result: 0
[        ] C/C++: check expected build outputs
[        ] C/C++: build complete
[        ] Resolve mutations for :flutter_olm:configureCMakeDebug[x86_64] (Thread[#45248,Execution worker Thread 28,5,main]) started.
[        ] :flutter_olm:configureCMakeDebug[x86_64] (Thread[#45248,Execution worker Thread 28,5,main]) started.
[        ] > Task :flutter_olm:configureCMakeDebug[x86_64]
[        ] Caching disabled for task ':flutter_olm:configureCMakeDebug[x86_64]' because:
[        ]   Build cache is disabled
[        ]   Caching has been disabled for the task
[        ] Task ':flutter_olm:configureCMakeDebug[x86_64]' is not up-to-date because:
[        ]   Task.upToDateWhen is false.
[        ] C/C++: /Users/florian/.pub-cache/hosted/pub.dev/flutter_olm-2.0.0/ios/CMakeLists.txt profile|x86_64 : Start JSON generation. Platform version: 21 min SDK version: x86_64
[        ] C/C++: /Users/florian/.pub-cache/hosted/pub.dev/flutter_olm-2.0.0/ios/CMakeLists.txt profile|x86_64 : JSON '/Users/florian/.pub-cache/hosted/pub.dev/flutter_olm-2.0.0/android/.cxx/Debug/611a6669/x86_64/android_gradle_build.json' was up-to-date
[        ] C/C++: /Users/florian/.pub-cache/hosted/pub.dev/flutter_olm-2.0.0/ios/CMakeLists.txt profile|x86_64 : JSON generation completed without problems
[        ] C/C++: /Users/florian/.pub-cache/hosted/pub.dev/flutter_olm-2.0.0/ios/CMakeLists.txt profile|x86_64 : Writing build model to /Users/florian/Code/substitution/build/flutter_olm/intermediates/cxx/Debug/611a6669/logs/x86_64/build_model.json
[        ] Resolve mutations for :flutter_olm:buildCMakeDebug[x86_64] (Thread[#45248,Execution worker Thread 28,5,main]) started.
[        ] :flutter_olm:buildCMakeDebug[x86_64] (Thread[#45248,Execution worker Thread 28,5,main]) started.
[        ] > Task :flutter_olm:buildCMakeDebug[x86_64]
[        ] Caching disabled for task ':flutter_olm:buildCMakeDebug[x86_64]' because:
[        ]   Build cache is disabled
[        ]   Caching has been disabled for the task
[        ] Task ':flutter_olm:buildCMakeDebug[x86_64]' is not up-to-date because:
[        ]   Task.upToDateWhen is false.
[        ] C/C++: starting build
[        ] C/C++: reading expected JSONs
[        ] C/C++: done reading expected JSONs
[        ] C/C++: executing build commands for targets that produce .so files or executables
[        ] C/C++: evaluate miniconfig
[        ] C/C++: evaluate library olm (x86_64)
[        ] C/C++: building target library olm because no targets are specified.
[        ] C/C++: about to build targets olm
[        ] C/C++: Build olm
[        ] C/C++: /Users/florian/Library/Android/sdk/cmake/3.22.1/bin/ninja \
[        ]   -C \
[        ]   /Users/florian/.pub-cache/hosted/pub.dev/flutter_olm-2.0.0/android/.cxx/Debug/611a6669/x86_64 \
[        ]   olm
[        ] Starting process 'command '/Users/florian/Library/Android/sdk/cmake/3.22.1/bin/ninja''. Working directory: /Users/florian/.pub-cache/hosted/pub.dev/flutter_olm-2.0.0/android Command: /Users/florian/Library/Android/sdk/cmake/3.22.1/bin/ninja -C /Users/florian/.pub-cache/hosted/pub.dev/flutter_olm-2.0.0/android/.cxx/Debug/611a6669/x86_64 olm
[        ] Successfully started process 'command '/Users/florian/Library/Android/sdk/cmake/3.22.1/bin/ninja''
[        ] C/C++: Received process result: 0
[        ] C/C++: check expected build outputs
[        ] C/C++: build complete
[        ] Resolve mutations for :flutter_olm:mergeDebugJniLibFolders (Thread[#45248,Execution worker Thread 28,5,main]) started.
[        ] :flutter_olm:mergeDebugJniLibFolders (Thread[#45248,Execution worker Thread 28,5,main]) started.
[        ] > Task :flutter_olm:mergeDebugJniLibFolders UP-TO-DATE
[        ] Caching disabled for task ':flutter_olm:mergeDebugJniLibFolders' because:
[        ]   Build cache is disabled
[        ]   Simple merging task
[        ] Skipping task ':flutter_olm:mergeDebugJniLibFolders' as it is up-to-date.
[        ] Resolve mutations for :flutter_olm:mergeDebugNativeLibs (Thread[#45248,Execution worker Thread 28,5,main]) started.
[        ] :flutter_olm:mergeDebugNativeLibs (Thread[#45248,Execution worker Thread 28,5,main]) started.
[        ] > Task :flutter_olm:mergeDebugNativeLibs UP-TO-DATE
[        ] Caching disabled for task ':flutter_olm:mergeDebugNativeLibs' because:
[        ]   Build cache is disabled
[        ]   Caching has been disabled for the task
[        ] Skipping task ':flutter_olm:mergeDebugNativeLibs' as it is up-to-date.
[        ] Resolve mutations for :flutter_olm:copyDebugJniLibsProjectOnly (Thread[#45248,Execution worker Thread 28,5,main]) started.
[        ] :flutter_olm:copyDebugJniLibsProjectOnly (Thread[#45248,Execution worker Thread 28,5,main]) started.
[        ] > Task :flutter_olm:copyDebugJniLibsProjectOnly UP-TO-DATE
[        ] Caching disabled for task ':flutter_olm:copyDebugJniLibsProjectOnly' because:
[        ]   Build cache is disabled
[        ]   Caching has been disabled for the task
[        ] Skipping task ':flutter_olm:copyDebugJniLibsProjectOnly' as it is up-to-date.
[        ] work action resolve jni (project :flutter_olm) (Thread[#45248,Execution worker Thread 28,5,main]) started.
[        ] Resolve mutations for :flutter_openssl_crypto:preProfileBuild (Thread[#45248,Execution worker Thread 28,5,main]) started.
[        ] :flutter_openssl_crypto:preProfileBuild (Thread[#45248,Execution worker Thread 28,5,main]) started.
[        ] > Task :flutter_openssl_crypto:preProfileBuild UP-TO-DATE
[        ] Skipping task ':flutter_openssl_crypto:preProfileBuild' as it has no actions.
[        ] Resolve mutations for :flutter_openssl_crypto:configureCMakeDebug[arm64-v8a] (Thread[#45248,Execution worker Thread 28,5,main]) started.
[        ] :flutter_openssl_crypto:configureCMakeDebug[arm64-v8a] (Thread[#45248,Execution worker Thread 28,5,main]) started.
[        ] > Task :flutter_openssl_crypto:configureCMakeDebug[arm64-v8a]
[        ] Caching disabled for task ':flutter_openssl_crypto:configureCMakeDebug[arm64-v8a]' because:
[        ]   Build cache is disabled
[        ]   Caching has been disabled for the task
[        ] Task ':flutter_openssl_crypto:configureCMakeDebug[arm64-v8a]' is not up-to-date because:
[        ]   Task.upToDateWhen is false.
[        ] C/C++: /Users/florian/.pub-cache/hosted/pub.dev/flutter_openssl_crypto-0.5.0/android/CMakeLists.txt profile|arm64-v8a : Start JSON generation. Platform version: 21 min SDK version: arm64-v8a
[        ] C/C++: /Users/florian/.pub-cache/hosted/pub.dev/flutter_openssl_crypto-0.5.0/android/CMakeLists.txt profile|arm64-v8a : JSON '/Users/florian/.pub-cache/hosted/pub.dev/flutter_openssl_crypto-0.5.0/android/.cxx/Debug/42n1p1e4/arm64-v8a/android_gradle_build.json' was up-to-date
[        ] C/C++: /Users/florian/.pub-cache/hosted/pub.dev/flutter_openssl_crypto-0.5.0/android/CMakeLists.txt profile|arm64-v8a : JSON generation completed without problems
[        ] C/C++: /Users/florian/.pub-cache/hosted/pub.dev/flutter_openssl_crypto-0.5.0/android/CMakeLists.txt profile|arm64-v8a : Writing build model to /Users/florian/Code/substitution/build/flutter_openssl_crypto/intermediates/cxx/Debug/42n1p1e4/logs/arm64-v8a/build_model.json
[        ] Resolve mutations for :flutter_openssl_crypto:buildCMakeDebug[arm64-v8a] (Thread[#45248,Execution worker Thread 28,5,main]) started.
[        ] :flutter_openssl_crypto:buildCMakeDebug[arm64-v8a] (Thread[#45248,Execution worker Thread 28,5,main]) started.
[  +90 ms] > Task :flutter_openssl_crypto:buildCMakeDebug[arm64-v8a]
[        ] Caching disabled for task ':flutter_openssl_crypto:buildCMakeDebug[arm64-v8a]' because:
[        ]   Build cache is disabled
[        ]   Caching has been disabled for the task
[        ] Task ':flutter_openssl_crypto:buildCMakeDebug[arm64-v8a]' is not up-to-date because:
[        ]   Task.upToDateWhen is false.
[        ] C/C++: starting build
[        ] C/C++: reading expected JSONs
[        ] C/C++: done reading expected JSONs
[        ] C/C++: executing build commands for targets that produce .so files or executables
[        ] C/C++: evaluate miniconfig
[        ] C/C++: evaluate library flutter_openssl_crypto (arm64-v8a)
[        ] C/C++: building target library flutter_openssl_crypto because no targets are specified.
[        ] C/C++: about to build targets flutter_openssl_crypto
[        ] C/C++: Build flutter_openssl_crypto
[        ] C/C++: /Users/florian/Library/Android/sdk/cmake/3.22.1/bin/ninja \
[        ]   -C \
[        ]   /Users/florian/.pub-cache/hosted/pub.dev/flutter_openssl_crypto-0.5.0/android/.cxx/Debug/42n1p1e4/arm64-v8a \
[        ]   flutter_openssl_crypto
[        ] Starting process 'command '/Users/florian/Library/Android/sdk/cmake/3.22.1/bin/ninja''. Working directory: /Users/florian/.pub-cache/hosted/pub.dev/flutter_openssl_crypto-0.5.0/android Command: /Users/florian/Library/Android/sdk/cmake/3.22.1/bin/ninja -C /Users/florian/.pub-cache/hosted/pub.dev/flutter_openssl_crypto-0.5.0/android/.cxx/Debug/42n1p1e4/arm64-v8a flutter_openssl_crypto
[        ] Successfully started process 'command '/Users/florian/Library/Android/sdk/cmake/3.22.1/bin/ninja''
[        ] C/C++: Received process result: 0
[        ] C/C++: check expected build outputs
[        ] C/C++: build complete
[        ] Resolve mutations for :flutter_openssl_crypto:configureCMakeDebug[armeabi-v7a] (Thread[#45248,Execution worker Thread 28,5,main]) started.
[        ] :flutter_openssl_crypto:configureCMakeDebug[armeabi-v7a] (Thread[#45248,Execution worker Thread 28,5,main]) started.
[        ] > Task :flutter_openssl_crypto:configureCMakeDebug[armeabi-v7a]
[        ] Caching disabled for task ':flutter_openssl_crypto:configureCMakeDebug[armeabi-v7a]' because:
[        ]   Build cache is disabled
[        ]   Caching has been disabled for the task
[        ] Task ':flutter_openssl_crypto:configureCMakeDebug[armeabi-v7a]' is not up-to-date because:
[        ]   Task.upToDateWhen is false.
[        ] C/C++: /Users/florian/.pub-cache/hosted/pub.dev/flutter_openssl_crypto-0.5.0/android/CMakeLists.txt profile|armeabi-v7a : Start JSON generation. Platform version: 21 min SDK version: armeabi-v7a
[        ] C/C++: /Users/florian/.pub-cache/hosted/pub.dev/flutter_openssl_crypto-0.5.0/android/CMakeLists.txt profile|armeabi-v7a : JSON '/Users/florian/.pub-cache/hosted/pub.dev/flutter_openssl_crypto-0.5.0/android/.cxx/Debug/42n1p1e4/armeabi-v7a/android_gradle_build.json' was up-to-date
[        ] C/C++: /Users/florian/.pub-cache/hosted/pub.dev/flutter_openssl_crypto-0.5.0/android/CMakeLists.txt profile|armeabi-v7a : JSON generation completed without problems
[        ] C/C++: /Users/florian/.pub-cache/hosted/pub.dev/flutter_openssl_crypto-0.5.0/android/CMakeLists.txt profile|armeabi-v7a : Writing build model to /Users/florian/Code/substitution/build/flutter_openssl_crypto/intermediates/cxx/Debug/42n1p1e4/logs/armeabi-v7a/build_model.json
[        ] Resolve mutations for :flutter_openssl_crypto:buildCMakeDebug[armeabi-v7a] (Thread[#45248,Execution worker Thread 28,5,main]) started.
[        ] :flutter_openssl_crypto:buildCMakeDebug[armeabi-v7a] (Thread[#45248,Execution worker Thread 28,5,main]) started.
[        ] > Task :flutter_openssl_crypto:buildCMakeDebug[armeabi-v7a]
[        ] Caching disabled for task ':flutter_openssl_crypto:buildCMakeDebug[armeabi-v7a]' because:
[        ]   Build cache is disabled
[        ]   Caching has been disabled for the task
[        ] Task ':flutter_openssl_crypto:buildCMakeDebug[armeabi-v7a]' is not up-to-date because:
[        ]   Task.upToDateWhen is false.
[        ] C/C++: starting build
[        ] C/C++: reading expected JSONs
[        ] C/C++: done reading expected JSONs
[        ] C/C++: executing build commands for targets that produce .so files or executables
[        ] C/C++: evaluate miniconfig
[        ] C/C++: evaluate library flutter_openssl_crypto (armeabi-v7a)
[        ] C/C++: building target library flutter_openssl_crypto because no targets are specified.
[        ] C/C++: about to build targets flutter_openssl_crypto
[        ] C/C++: Build flutter_openssl_crypto
[        ] C/C++: /Users/florian/Library/Android/sdk/cmake/3.22.1/bin/ninja \
[        ]   -C \
[        ]   /Users/florian/.pub-cache/hosted/pub.dev/flutter_openssl_crypto-0.5.0/android/.cxx/Debug/42n1p1e4/armeabi-v7a \
[        ]   flutter_openssl_crypto
[        ] Starting process 'command '/Users/florian/Library/Android/sdk/cmake/3.22.1/bin/ninja''. Working directory: /Users/florian/.pub-cache/hosted/pub.dev/flutter_openssl_crypto-0.5.0/android Command: /Users/florian/Library/Android/sdk/cmake/3.22.1/bin/ninja -C /Users/florian/.pub-cache/hosted/pub.dev/flutter_openssl_crypto-0.5.0/android/.cxx/Debug/42n1p1e4/armeabi-v7a flutter_openssl_crypto
[        ] Successfully started process 'command '/Users/florian/Library/Android/sdk/cmake/3.22.1/bin/ninja''
[        ] C/C++: Received process result: 0
[        ] C/C++: check expected build outputs
[        ] C/C++: build complete
[        ] Resolve mutations for :flutter_openssl_crypto:configureCMakeDebug[x86] (Thread[#45248,Execution worker Thread 28,5,main]) started.
[        ] :flutter_openssl_crypto:configureCMakeDebug[x86] (Thread[#45248,Execution worker Thread 28,5,main]) started.
[        ] > Task :flutter_openssl_crypto:configureCMakeDebug[x86]
[        ] Caching disabled for task ':flutter_openssl_crypto:configureCMakeDebug[x86]' because:
[        ]   Build cache is disabled
[        ]   Caching has been disabled for the task
[        ] Task ':flutter_openssl_crypto:configureCMakeDebug[x86]' is not up-to-date because:
[        ]   Task.upToDateWhen is false.
[        ] C/C++: /Users/florian/.pub-cache/hosted/pub.dev/flutter_openssl_crypto-0.5.0/android/CMakeLists.txt profile|x86 : Start JSON generation. Platform version: 21 min SDK version: x86
[        ] C/C++: /Users/florian/.pub-cache/hosted/pub.dev/flutter_openssl_crypto-0.5.0/android/CMakeLists.txt profile|x86 : JSON '/Users/florian/.pub-cache/hosted/pub.dev/flutter_openssl_crypto-0.5.0/android/.cxx/Debug/42n1p1e4/x86/android_gradle_build.json' was up-to-date
[        ] C/C++: /Users/florian/.pub-cache/hosted/pub.dev/flutter_openssl_crypto-0.5.0/android/CMakeLists.txt profile|x86 : JSON generation completed without problems
[        ] C/C++: /Users/florian/.pub-cache/hosted/pub.dev/flutter_openssl_crypto-0.5.0/android/CMakeLists.txt profile|x86 : Writing build model to /Users/florian/Code/substitution/build/flutter_openssl_crypto/intermediates/cxx/Debug/42n1p1e4/logs/x86/build_model.json
[        ] Resolve mutations for :flutter_openssl_crypto:buildCMakeDebug[x86] (Thread[#45248,Execution worker Thread 28,5,main]) started.
[        ] :flutter_openssl_crypto:buildCMakeDebug[x86] (Thread[#45248,Execution worker Thread 28,5,main]) started.
[        ] > Task :flutter_openssl_crypto:buildCMakeDebug[x86]
[        ] Caching disabled for task ':flutter_openssl_crypto:buildCMakeDebug[x86]' because:
[        ]   Build cache is disabled
[        ]   Caching has been disabled for the task
[        ] Task ':flutter_openssl_crypto:buildCMakeDebug[x86]' is not up-to-date because:
[        ]   Task.upToDateWhen is false.
[        ] C/C++: starting build
[        ] C/C++: reading expected JSONs
[        ] C/C++: done reading expected JSONs
[        ] C/C++: executing build commands for targets that produce .so files or executables
[        ] C/C++: evaluate miniconfig
[        ] C/C++: evaluate library flutter_openssl_crypto (x86)
[        ] C/C++: building target library flutter_openssl_crypto because no targets are specified.
[        ] C/C++: about to build targets flutter_openssl_crypto
[        ] C/C++: Build flutter_openssl_crypto
[        ] C/C++: /Users/florian/Library/Android/sdk/cmake/3.22.1/bin/ninja \
[        ]   -C \
[        ]   /Users/florian/.pub-cache/hosted/pub.dev/flutter_openssl_crypto-0.5.0/android/.cxx/Debug/42n1p1e4/x86 \
[        ]   flutter_openssl_crypto
[        ] Starting process 'command '/Users/florian/Library/Android/sdk/cmake/3.22.1/bin/ninja''. Working directory: /Users/florian/.pub-cache/hosted/pub.dev/flutter_openssl_crypto-0.5.0/android Command: /Users/florian/Library/Android/sdk/cmake/3.22.1/bin/ninja -C /Users/florian/.pub-cache/hosted/pub.dev/flutter_openssl_crypto-0.5.0/android/.cxx/Debug/42n1p1e4/x86 flutter_openssl_crypto
[        ] Successfully started process 'command '/Users/florian/Library/Android/sdk/cmake/3.22.1/bin/ninja''
[        ] C/C++: Received process result: 0
[        ] C/C++: check expected build outputs
[        ] C/C++: build complete
[        ] Resolve mutations for :flutter_openssl_crypto:configureCMakeDebug[x86_64] (Thread[#45248,Execution worker Thread 28,5,main]) started.
[        ] :flutter_openssl_crypto:configureCMakeDebug[x86_64] (Thread[#45248,Execution worker Thread 28,5,main]) started.
[        ] > Task :flutter_openssl_crypto:configureCMakeDebug[x86_64]
[        ] Caching disabled for task ':flutter_openssl_crypto:configureCMakeDebug[x86_64]' because:
[        ]   Build cache is disabled
[        ]   Caching has been disabled for the task
[        ] Task ':flutter_openssl_crypto:configureCMakeDebug[x86_64]' is not up-to-date because:
[        ]   Task.upToDateWhen is false.
[        ] C/C++: /Users/florian/.pub-cache/hosted/pub.dev/flutter_openssl_crypto-0.5.0/android/CMakeLists.txt profile|x86_64 : Start JSON generation. Platform version: 21 min SDK version: x86_64
[        ] C/C++: /Users/florian/.pub-cache/hosted/pub.dev/flutter_openssl_crypto-0.5.0/android/CMakeLists.txt profile|x86_64 : JSON '/Users/florian/.pub-cache/hosted/pub.dev/flutter_openssl_crypto-0.5.0/android/.cxx/Debug/42n1p1e4/x86_64/android_gradle_build.json' was up-to-date
[        ] C/C++: /Users/florian/.pub-cache/hosted/pub.dev/flutter_openssl_crypto-0.5.0/android/CMakeLists.txt profile|x86_64 : JSON generation completed without problems
[        ] C/C++: /Users/florian/.pub-cache/hosted/pub.dev/flutter_openssl_crypto-0.5.0/android/CMakeLists.txt profile|x86_64 : Writing build model to /Users/florian/Code/substitution/build/flutter_openssl_crypto/intermediates/cxx/Debug/42n1p1e4/logs/x86_64/build_model.json
[        ] Resolve mutations for :flutter_openssl_crypto:buildCMakeDebug[x86_64] (Thread[#45248,Execution worker Thread 28,5,main]) started.
[        ] :flutter_openssl_crypto:buildCMakeDebug[x86_64] (Thread[#45248,Execution worker Thread 28,5,main]) started.
[        ] > Task :flutter_openssl_crypto:buildCMakeDebug[x86_64]
[        ] Caching disabled for task ':flutter_openssl_crypto:buildCMakeDebug[x86_64]' because:
[        ]   Build cache is disabled
[        ]   Caching has been disabled for the task
[        ] Task ':flutter_openssl_crypto:buildCMakeDebug[x86_64]' is not up-to-date because:
[        ]   Task.upToDateWhen is false.
[        ] C/C++: starting build
[        ] C/C++: reading expected JSONs
[        ] C/C++: done reading expected JSONs
[        ] C/C++: executing build commands for targets that produce .so files or executables
[        ] C/C++: evaluate miniconfig
[        ] C/C++: evaluate library flutter_openssl_crypto (x86_64)
[        ] C/C++: building target library flutter_openssl_crypto because no targets are specified.
[        ] C/C++: about to build targets flutter_openssl_crypto
[        ] C/C++: Build flutter_openssl_crypto
[        ] C/C++: /Users/florian/Library/Android/sdk/cmake/3.22.1/bin/ninja \
[        ]   -C \
[        ]   /Users/florian/.pub-cache/hosted/pub.dev/flutter_openssl_crypto-0.5.0/android/.cxx/Debug/42n1p1e4/x86_64 \
[        ]   flutter_openssl_crypto
[        ] Starting process 'command '/Users/florian/Library/Android/sdk/cmake/3.22.1/bin/ninja''. Working directory: /Users/florian/.pub-cache/hosted/pub.dev/flutter_openssl_crypto-0.5.0/android Command: /Users/florian/Library/Android/sdk/cmake/3.22.1/bin/ninja -C /Users/florian/.pub-cache/hosted/pub.dev/flutter_openssl_crypto-0.5.0/android/.cxx/Debug/42n1p1e4/x86_64 flutter_openssl_crypto
[        ] Successfully started process 'command '/Users/florian/Library/Android/sdk/cmake/3.22.1/bin/ninja''
[        ] C/C++: Received process result: 0
[        ] C/C++: check expected build outputs
[        ] C/C++: build complete
[        ] Resolve mutations for :flutter_openssl_crypto:mergeDebugJniLibFolders (Thread[#45248,Execution worker Thread 28,5,main]) started.
[        ] :flutter_openssl_crypto:mergeDebugJniLibFolders (Thread[#45248,Execution worker Thread 28,5,main]) started.
[        ] > Task :flutter_openssl_crypto:mergeDebugJniLibFolders UP-TO-DATE
[        ] Caching disabled for task ':flutter_openssl_crypto:mergeDebugJniLibFolders' because:
[        ]   Build cache is disabled
[        ]   Simple merging task
[        ] Skipping task ':flutter_openssl_crypto:mergeDebugJniLibFolders' as it is up-to-date.
[        ] Resolve mutations for :flutter_openssl_crypto:mergeDebugNativeLibs (Thread[#45248,Execution worker Thread 28,5,main]) started.
[        ] :flutter_openssl_crypto:mergeDebugNativeLibs (Thread[#45248,Execution worker Thread 28,5,main]) started.
[        ] > Task :flutter_openssl_crypto:mergeDebugNativeLibs UP-TO-DATE
[        ] Caching disabled for task ':flutter_openssl_crypto:mergeDebugNativeLibs' because:
[        ]   Build cache is disabled
[        ]   Caching has been disabled for the task
[        ] Skipping task ':flutter_openssl_crypto:mergeDebugNativeLibs' as it is up-to-date.
[        ] Resolve mutations for :flutter_openssl_crypto:copyDebugJniLibsProjectOnly (Thread[#45248,Execution worker Thread 28,5,main]) started.
[        ] :flutter_openssl_crypto:copyDebugJniLibsProjectOnly (Thread[#45248,Execution worker Thread 28,5,main]) started.
[        ] > Task :flutter_openssl_crypto:copyDebugJniLibsProjectOnly UP-TO-DATE
[        ] Caching disabled for task ':flutter_openssl_crypto:copyDebugJniLibsProjectOnly' because:
[        ]   Build cache is disabled
[        ]   Caching has been disabled for the task
[        ] Skipping task ':flutter_openssl_crypto:copyDebugJniLibsProjectOnly' as it is up-to-date.
[        ] work action resolve jni (project :flutter_openssl_crypto) (Thread[#45248,Execution worker Thread 28,5,main]) started.
[        ] Resolve mutations for :integration_test:mergeDebugJniLibFolders (Thread[#45248,Execution worker Thread 28,5,main]) started.
[        ] :integration_test:mergeDebugJniLibFolders (Thread[#45248,Execution worker Thread 28,5,main]) started.
[        ] > Task :integration_test:mergeDebugJniLibFolders UP-TO-DATE
[        ] Caching disabled for task ':integration_test:mergeDebugJniLibFolders' because:
[        ]   Build cache is disabled
[        ]   Simple merging task
[        ] Skipping task ':integration_test:mergeDebugJniLibFolders' as it is up-to-date.
[        ] Resolve mutations for :integration_test:mergeDebugNativeLibs (Thread[#45248,Execution worker Thread 28,5,main]) started.
[        ] :integration_test:mergeDebugNativeLibs (Thread[#45248,Execution worker Thread 28,5,main]) started.
[        ] > Task :integration_test:mergeDebugNativeLibs NO-SOURCE
[        ] Skipping task ':integration_test:mergeDebugNativeLibs' as it has no source files and no previous output files.
[        ] Resolve mutations for :integration_test:copyDebugJniLibsProjectOnly (Thread[#45248,Execution worker Thread 28,5,main]) started.
[        ] :integration_test:copyDebugJniLibsProjectOnly (Thread[#45248,Execution worker Thread 28,5,main]) started.
[        ] > Task :integration_test:copyDebugJniLibsProjectOnly UP-TO-DATE
[        ] Caching disabled for task ':integration_test:copyDebugJniLibsProjectOnly' because:
[        ]   Build cache is disabled
[        ]   Caching has been disabled for the task
[        ] Skipping task ':integration_test:copyDebugJniLibsProjectOnly' as it is up-to-date.
[        ] work action resolve jni (project :integration_test) (Thread[#45248,Execution worker Thread 28,5,main]) started.
[        ] Resolve mutations for :path_provider_android:mergeDebugJniLibFolders (Thread[#45248,Execution worker Thread 28,5,main]) started.
[        ] :path_provider_android:mergeDebugJniLibFolders (Thread[#45248,Execution worker Thread 28,5,main]) started.
[        ] > Task :path_provider_android:mergeDebugJniLibFolders UP-TO-DATE
[        ] Caching disabled for task ':path_provider_android:mergeDebugJniLibFolders' because:
[        ]   Build cache is disabled
[        ]   Simple merging task
[        ] Skipping task ':path_provider_android:mergeDebugJniLibFolders' as it is up-to-date.
[        ] Resolve mutations for :path_provider_android:mergeDebugNativeLibs (Thread[#45248,Execution worker Thread 28,5,main]) started.
[        ] :path_provider_android:mergeDebugNativeLibs (Thread[#45248,Execution worker Thread 28,5,main]) started.
[        ] > Task :path_provider_android:mergeDebugNativeLibs NO-SOURCE
[        ] Skipping task ':path_provider_android:mergeDebugNativeLibs' as it has no source files and no previous output files.
[        ] Resolve mutations for :path_provider_android:copyDebugJniLibsProjectOnly (Thread[#45248,Execution worker Thread 28,5,main]) started.
[        ] :path_provider_android:copyDebugJniLibsProjectOnly (Thread[#45248,Execution worker Thread 28,5,main]) started.
[        ] > Task :path_provider_android:copyDebugJniLibsProjectOnly UP-TO-DATE
[        ] Caching disabled for task ':path_provider_android:copyDebugJniLibsProjectOnly' because:
[        ]   Build cache is disabled
[        ]   Caching has been disabled for the task
[        ] Skipping task ':path_provider_android:copyDebugJniLibsProjectOnly' as it is up-to-date.
[        ] work action resolve jni (project :path_provider_android) (Thread[#45248,Execution worker Thread 28,5,main]) started.
[        ] Resolve mutations for :quill_native_bridge_android:mergeDebugJniLibFolders (Thread[#45248,Execution worker Thread 28,5,main]) started.
[        ] :quill_native_bridge_android:mergeDebugJniLibFolders (Thread[#45248,Execution worker Thread 28,5,main]) started.
[        ] > Task :quill_native_bridge_android:mergeDebugJniLibFolders UP-TO-DATE
[        ] Caching disabled for task ':quill_native_bridge_android:mergeDebugJniLibFolders' because:
[        ]   Build cache is disabled
[        ]   Simple merging task
[        ] Skipping task ':quill_native_bridge_android:mergeDebugJniLibFolders' as it is up-to-date.
[        ] Resolve mutations for :quill_native_bridge_android:mergeDebugNativeLibs (Thread[#45248,Execution worker Thread 28,5,main]) started.
[        ] :quill_native_bridge_android:mergeDebugNativeLibs (Thread[#45248,Execution worker Thread 28,5,main]) started.
[        ] > Task :quill_native_bridge_android:mergeDebugNativeLibs NO-SOURCE
[        ] Skipping task ':quill_native_bridge_android:mergeDebugNativeLibs' as it has no source files and no previous output files.
[        ] Resolve mutations for :quill_native_bridge_android:copyDebugJniLibsProjectOnly (Thread[#45248,Execution worker Thread 28,5,main]) started.
[        ] :quill_native_bridge_android:copyDebugJniLibsProjectOnly (Thread[#45248,Execution worker Thread 28,5,main]) started.
[        ] > Task :quill_native_bridge_android:copyDebugJniLibsProjectOnly UP-TO-DATE
[        ] Caching disabled for task ':quill_native_bridge_android:copyDebugJniLibsProjectOnly' because:
[        ]   Build cache is disabled
[        ]   Caching has been disabled for the task
[        ] Skipping task ':quill_native_bridge_android:copyDebugJniLibsProjectOnly' as it is up-to-date.
[        ] work action resolve jni (project :quill_native_bridge_android) (Thread[#45248,Execution worker Thread 28,5,main]) started.
[        ] Resolve mutations for :shared_preferences_android:mergeDebugJniLibFolders (Thread[#45248,Execution worker Thread 28,5,main]) started.
[        ] :shared_preferences_android:mergeDebugJniLibFolders (Thread[#45248,Execution worker Thread 28,5,main]) started.
[        ] > Task :shared_preferences_android:mergeDebugJniLibFolders UP-TO-DATE
[        ] Caching disabled for task ':shared_preferences_android:mergeDebugJniLibFolders' because:
[        ]   Build cache is disabled
[        ]   Simple merging task
[        ] Skipping task ':shared_preferences_android:mergeDebugJniLibFolders' as it is up-to-date.
[        ] Resolve mutations for :shared_preferences_android:mergeDebugNativeLibs (Thread[#45248,Execution worker Thread 28,5,main]) started.
[        ] :shared_preferences_android:mergeDebugNativeLibs (Thread[#45248,Execution worker Thread 28,5,main]) started.
[        ] > Task :shared_preferences_android:mergeDebugNativeLibs NO-SOURCE
[        ] Skipping task ':shared_preferences_android:mergeDebugNativeLibs' as it has no source files and no previous output files.
[        ] Resolve mutations for :shared_preferences_android:copyDebugJniLibsProjectOnly (Thread[#45248,Execution worker Thread 28,5,main]) started.
[        ] :shared_preferences_android:copyDebugJniLibsProjectOnly (Thread[#45248,Execution worker Thread 28,5,main]) started.
[        ] > Task :shared_preferences_android:copyDebugJniLibsProjectOnly UP-TO-DATE
[        ] Caching disabled for task ':shared_preferences_android:copyDebugJniLibsProjectOnly' because:
[        ]   Build cache is disabled
[        ]   Caching has been disabled for the task
[        ] Skipping task ':shared_preferences_android:copyDebugJniLibsProjectOnly' as it is up-to-date.
[        ] work action resolve jni (project :shared_preferences_android) (Thread[#45248,Execution worker Thread 28,5,main]) started.
[        ] Resolve mutations for :sqflite_android:mergeDebugJniLibFolders (Thread[#45248,Execution worker Thread 28,5,main]) started.
[        ] :sqflite_android:mergeDebugJniLibFolders (Thread[#45248,Execution worker Thread 28,5,main]) started.
[        ] > Task :sqflite_android:mergeDebugJniLibFolders UP-TO-DATE
[        ] Caching disabled for task ':sqflite_android:mergeDebugJniLibFolders' because:
[        ]   Build cache is disabled
[        ]   Simple merging task
[        ] Skipping task ':sqflite_android:mergeDebugJniLibFolders' as it is up-to-date.
[        ] Resolve mutations for :sqflite_android:mergeDebugNativeLibs (Thread[#45248,Execution worker Thread 28,5,main]) started.
[        ] :sqflite_android:mergeDebugNativeLibs (Thread[#45248,Execution worker Thread 28,5,main]) started.
[        ] > Task :sqflite_android:mergeDebugNativeLibs NO-SOURCE
[        ] Skipping task ':sqflite_android:mergeDebugNativeLibs' as it has no source files and no previous output files.
[        ] Resolve mutations for :sqflite_android:copyDebugJniLibsProjectOnly (Thread[#45248,Execution worker Thread 28,5,main]) started.
[        ] :sqflite_android:copyDebugJniLibsProjectOnly (Thread[#45248,Execution worker Thread 28,5,main]) started.
[        ] > Task :sqflite_android:copyDebugJniLibsProjectOnly UP-TO-DATE
[        ] Caching disabled for task ':sqflite_android:copyDebugJniLibsProjectOnly' because:
[        ]   Build cache is disabled
[        ]   Caching has been disabled for the task
[        ] Skipping task ':sqflite_android:copyDebugJniLibsProjectOnly' as it is up-to-date.
[        ] work action resolve jni (project :sqflite_android) (Thread[#45248,Execution worker Thread 28,5,main]) started.
[        ] Resolve mutations for :url_launcher_android:mergeDebugJniLibFolders (Thread[#45248,Execution worker Thread 28,5,main]) started.
[        ] :url_launcher_android:mergeDebugJniLibFolders (Thread[#45248,Execution worker Thread 28,5,main]) started.
[        ] > Task :url_launcher_android:mergeDebugJniLibFolders UP-TO-DATE
[        ] Caching disabled for task ':url_launcher_android:mergeDebugJniLibFolders' because:
[        ]   Build cache is disabled
[        ]   Simple merging task
[        ] Skipping task ':url_launcher_android:mergeDebugJniLibFolders' as it is up-to-date.
[        ] Resolve mutations for :url_launcher_android:mergeDebugNativeLibs (Thread[#45248,Execution worker Thread 28,5,main]) started.
[        ] :url_launcher_android:mergeDebugNativeLibs (Thread[#45248,Execution worker Thread 28,5,main]) started.
[        ] > Task :url_launcher_android:mergeDebugNativeLibs NO-SOURCE
[        ] Skipping task ':url_launcher_android:mergeDebugNativeLibs' as it has no source files and no previous output files.
[        ] Resolve mutations for :url_launcher_android:copyDebugJniLibsProjectOnly (Thread[#45248,Execution worker Thread 28,5,main]) started.
[        ] :url_launcher_android:copyDebugJniLibsProjectOnly (Thread[#45248,Execution worker Thread 28,5,main]) started.
[        ] > Task :url_launcher_android:copyDebugJniLibsProjectOnly UP-TO-DATE
[        ] Caching disabled for task ':url_launcher_android:copyDebugJniLibsProjectOnly' because:
[        ]   Build cache is disabled
[        ]   Caching has been disabled for the task
[        ] Skipping task ':url_launcher_android:copyDebugJniLibsProjectOnly' as it is up-to-date.
[        ] work action resolve jni (project :url_launcher_android) (Thread[#45248,Execution worker Thread 28,5,main]) started.
[        ] Resolve mutations for :video_player_android:mergeDebugJniLibFolders (Thread[#45248,Execution worker Thread 28,5,main]) started.
[        ] :video_player_android:mergeDebugJniLibFolders (Thread[#45248,Execution worker Thread 28,5,main]) started.
[        ] > Task :video_player_android:mergeDebugJniLibFolders UP-TO-DATE
[        ] Caching disabled for task ':video_player_android:mergeDebugJniLibFolders' because:
[        ]   Build cache is disabled
[        ]   Simple merging task
[        ] Skipping task ':video_player_android:mergeDebugJniLibFolders' as it is up-to-date.
[        ] Resolve mutations for :video_player_android:mergeDebugNativeLibs (Thread[#45248,Execution worker Thread 28,5,main]) started.
[        ] :video_player_android:mergeDebugNativeLibs (Thread[#45248,Execution worker Thread 28,5,main]) started.
[        ] > Task :video_player_android:mergeDebugNativeLibs NO-SOURCE
[        ] Skipping task ':video_player_android:mergeDebugNativeLibs' as it has no source files and no previous output files.
[        ] Resolve mutations for :video_player_android:copyDebugJniLibsProjectOnly (Thread[#45248,Execution worker Thread 28,5,main]) started.
[        ] :video_player_android:copyDebugJniLibsProjectOnly (Thread[#45248,Execution worker Thread 28,5,main]) started.
[        ] > Task :video_player_android:copyDebugJniLibsProjectOnly UP-TO-DATE
[        ] Caching disabled for task ':video_player_android:copyDebugJniLibsProjectOnly' because:
[        ]   Build cache is disabled
[        ]   Caching has been disabled for the task
[        ] Skipping task ':video_player_android:copyDebugJniLibsProjectOnly' as it is up-to-date.
[        ] work action resolve jni (project :video_player_android) (Thread[#45248,Execution worker Thread 28,5,main]) started.
[        ] Resolve mutations for :app:mergeDebugNativeLibs (Thread[#45248,Execution worker Thread 28,5,main]) started.
[        ] :app:mergeDebugNativeLibs (Thread[#45248,Execution worker Thread 28,5,main]) started.
[        ] > Task :app:mergeDebugNativeLibs UP-TO-DATE
[        ] Caching disabled for task ':app:mergeDebugNativeLibs' because:
[        ]   Build cache is disabled
[        ]   Caching has been disabled for the task
[        ] Skipping task ':app:mergeDebugNativeLibs' as it is up-to-date.
[        ] Resolve mutations for :app:stripDebugDebugSymbols (Thread[#45248,Execution worker Thread 28,5,main]) started.
[        ] :app:stripDebugDebugSymbols (Thread[#45248,Execution worker Thread 28,5,main]) started.
[        ] > Task :app:stripDebugDebugSymbols UP-TO-DATE
[        ] Caching disabled for task ':app:stripDebugDebugSymbols' because:
[        ]   Build cache is disabled
[        ]   Caching has been disabled for the task
[        ] Skipping task ':app:stripDebugDebugSymbols' as it is up-to-date.
[        ] Resolve mutations for :app:validateSigningDebug (Thread[#45248,Execution worker Thread 28,5,main]) started.
[        ] :app:validateSigningDebug (Thread[#45248,Execution worker Thread 28,5,main]) started.
[        ] > Task :app:validateSigningDebug UP-TO-DATE
[        ] Caching disabled for task ':app:validateSigningDebug' because:
[        ]   Build cache is disabled
[        ]   Caching has been disabled for the task
[        ] Skipping task ':app:validateSigningDebug' as it is up-to-date.
[        ] Resolve mutations for :app:writeDebugAppMetadata (Thread[#45248,Execution worker Thread 28,5,main]) started.
[        ] :app:writeDebugAppMetadata (Thread[#45248,Execution worker Thread 28,5,main]) started.
[        ] > Task :app:writeDebugAppMetadata UP-TO-DATE
[        ] Caching disabled for task ':app:writeDebugAppMetadata' because:
[        ]   Build cache is disabled
[        ]   Caching has been disabled for the task
[        ] Skipping task ':app:writeDebugAppMetadata' as it is up-to-date.
[        ] Resolve mutations for :app:writeDebugSigningConfigVersions (Thread[#45248,Execution worker Thread 28,5,main]) started.
[        ] :app:writeDebugSigningConfigVersions (Thread[#45248,Execution worker Thread 28,5,main]) started.
[        ] > Task :app:writeDebugSigningConfigVersions UP-TO-DATE
[        ] Caching disabled for task ':app:writeDebugSigningConfigVersions' because:
[        ]   Build cache is disabled
[        ]   Caching has been disabled for the task
[        ] Skipping task ':app:writeDebugSigningConfigVersions' as it is up-to-date.
[        ] Resolve mutations for :connectivity_plus:stripDebugDebugSymbols (Thread[#45248,Execution worker Thread 28,5,main]) started.
[        ] :connectivity_plus:stripDebugDebugSymbols (Thread[#45248,Execution worker Thread 28,5,main]) started.
[        ] > Task :connectivity_plus:stripDebugDebugSymbols NO-SOURCE
[        ] Skipping task ':connectivity_plus:stripDebugDebugSymbols' as it has no source files and no previous output files.
[        ] Resolve mutations for :connectivity_plus:copyDebugJniLibsProjectAndLocalJars (Thread[#45248,Execution worker Thread 28,5,main]) started.
[        ] :connectivity_plus:copyDebugJniLibsProjectAndLocalJars (Thread[#45248,Execution worker Thread 28,5,main]) started.
[        ] > Task :connectivity_plus:copyDebugJniLibsProjectAndLocalJars UP-TO-DATE
[        ] Caching disabled for task ':connectivity_plus:copyDebugJniLibsProjectAndLocalJars' because:
[        ]   Build cache is disabled
[        ]   Caching has been disabled for the task
[        ] Skipping task ':connectivity_plus:copyDebugJniLibsProjectAndLocalJars' as it is up-to-date.
[        ] Resolve mutations for :connectivity_plus:extractDebugAnnotations (Thread[#45248,Execution worker Thread 28,5,main]) started.
[        ] :connectivity_plus:extractDebugAnnotations (Thread[#45248,Execution worker Thread 28,5,main]) started.
[        ] > Task :connectivity_plus:extractDebugAnnotations UP-TO-DATE
[        ] Caching disabled for task ':connectivity_plus:extractDebugAnnotations' because:
[        ]   Build cache is disabled
[        ] Skipping task ':connectivity_plus:extractDebugAnnotations' as it is up-to-date.
[        ] Resolve mutations for :connectivity_plus:extractDeepLinksForAarDebug (Thread[#45248,Execution worker Thread 28,5,main]) started.
[        ] :connectivity_plus:extractDeepLinksForAarDebug (Thread[#45248,Execution worker Thread 28,5,main]) started.
[        ] > Task :connectivity_plus:extractDeepLinksForAarDebug UP-TO-DATE
[        ] Caching disabled for task ':connectivity_plus:extractDeepLinksForAarDebug' because:
[        ]   Build cache is disabled
[        ] Skipping task ':connectivity_plus:extractDeepLinksForAarDebug' as it is up-to-date.
[        ] Resolve mutations for :connectivity_plus:mergeDebugGeneratedProguardFiles (Thread[#45248,Execution worker Thread 28,5,main]) started.
[        ] :connectivity_plus:mergeDebugGeneratedProguardFiles (Thread[#45248,Execution worker Thread 28,5,main]) started.
[        ] > Task :connectivity_plus:mergeDebugGeneratedProguardFiles UP-TO-DATE
[        ] Caching disabled for task ':connectivity_plus:mergeDebugGeneratedProguardFiles' because:
[        ]   Build cache is disabled
[        ]   Simple merging task
[        ] Skipping task ':connectivity_plus:mergeDebugGeneratedProguardFiles' as it is up-to-date.
[        ] Resolve mutations for :connectivity_plus:mergeDebugConsumerProguardFiles (Thread[#45248,Execution worker Thread 28,5,main]) started.
[        ] :connectivity_plus:mergeDebugConsumerProguardFiles (Thread[#45248,Execution worker Thread 28,5,main]) started.
[        ] > Task :connectivity_plus:mergeDebugConsumerProguardFiles UP-TO-DATE
[        ] Caching disabled for task ':connectivity_plus:mergeDebugConsumerProguardFiles' because:
[        ]   Build cache is disabled
[        ]   Simple merging task
[        ] Skipping task ':connectivity_plus:mergeDebugConsumerProguardFiles' as it is up-to-date.
[        ] Resolve mutations for :connectivity_plus:prepareDebugArtProfile (Thread[#45248,Execution worker Thread 28,5,main]) started.
[        ] :connectivity_plus:prepareDebugArtProfile (Thread[#45248,Execution worker Thread 28,5,main]) started.
[        ] > Task :connectivity_plus:prepareDebugArtProfile UP-TO-DATE
[        ] Caching disabled for task ':connectivity_plus:prepareDebugArtProfile' because:
[        ]   Build cache is disabled
[        ]   Caching has been disabled for the task
[        ] Skipping task ':connectivity_plus:prepareDebugArtProfile' as it is up-to-date.
[        ] Resolve mutations for :connectivity_plus:prepareLintJarForPublish (Thread[#45248,Execution worker Thread 28,5,main]) started.
[        ] :connectivity_plus:prepareLintJarForPublish (Thread[#45248,Execution worker Thread 28,5,main]) started.
[        ] > Task :connectivity_plus:prepareLintJarForPublish UP-TO-DATE
[        ] Caching disabled for task ':connectivity_plus:prepareLintJarForPublish' because:
[        ]   Build cache is disabled
[        ]   Caching has been disabled for the task
[        ] Skipping task ':connectivity_plus:prepareLintJarForPublish' as it is up-to-date.
[        ] Resolve mutations for :connectivity_plus:mergeDebugJavaResource (Thread[#45248,Execution worker Thread 28,5,main]) started.
[        ] :connectivity_plus:mergeDebugJavaResource (Thread[#45248,Execution worker Thread 28,5,main]) started.
[        ] > Task :connectivity_plus:mergeDebugJavaResource UP-TO-DATE
[        ] Caching disabled for task ':connectivity_plus:mergeDebugJavaResource' because:
[        ]   Build cache is disabled
[        ]   Caching has been disabled for the task
[        ] Skipping task ':connectivity_plus:mergeDebugJavaResource' as it is up-to-date.
[        ] Resolve mutations for :connectivity_plus:syncDebugLibJars (Thread[#45248,Execution worker Thread 28,5,main]) started.
[        ] :connectivity_plus:syncDebugLibJars (Thread[#45248,Execution worker Thread 28,5,main]) started.
[        ] > Task :connectivity_plus:syncDebugLibJars UP-TO-DATE
[        ] Caching disabled for task ':connectivity_plus:syncDebugLibJars' because:
[        ]   Build cache is disabled
[        ] Skipping task ':connectivity_plus:syncDebugLibJars' as it is up-to-date.
[        ] Resolve mutations for :connectivity_plus:bundleDebugAar (Thread[#45248,Execution worker Thread 28,5,main]) started.
[        ] :connectivity_plus:bundleDebugAar (Thread[#45248,Execution worker Thread 28,5,main]) started.
[        ] > Task :connectivity_plus:bundleDebugAar UP-TO-DATE
[        ] Caching disabled for task ':connectivity_plus:bundleDebugAar' because:
[        ]   Build cache is disabled
[        ]   Caching has been disabled for the task
[        ] Skipping task ':connectivity_plus:bundleDebugAar' as it is up-to-date.
[        ] Resolve mutations for :connectivity_plus:assembleDebug (Thread[#45248,Execution worker Thread 28,5,main]) started.
[        ] :connectivity_plus:assembleDebug (Thread[#45248,Execution worker Thread 28,5,main]) started.
[        ] > Task :connectivity_plus:assembleDebug UP-TO-DATE
[        ] Skipping task ':connectivity_plus:assembleDebug' as it has no actions.
[        ] Resolve mutations for :emoji_picker_flutter:stripDebugDebugSymbols (Thread[#45248,Execution worker Thread 28,5,main]) started.
[        ] :emoji_picker_flutter:stripDebugDebugSymbols (Thread[#45248,Execution worker Thread 28,5,main]) started.
[        ] > Task :emoji_picker_flutter:stripDebugDebugSymbols NO-SOURCE
[        ] Skipping task ':emoji_picker_flutter:stripDebugDebugSymbols' as it has no source files and no previous output files.
[        ] Resolve mutations for :emoji_picker_flutter:copyDebugJniLibsProjectAndLocalJars (Thread[#45248,Execution worker Thread 28,5,main]) started.
[        ] :emoji_picker_flutter:copyDebugJniLibsProjectAndLocalJars (Thread[#45248,Execution worker Thread 28,5,main]) started.
[        ] > Task :emoji_picker_flutter:copyDebugJniLibsProjectAndLocalJars UP-TO-DATE
[        ] Caching disabled for task ':emoji_picker_flutter:copyDebugJniLibsProjectAndLocalJars' because:
[        ]   Build cache is disabled
[        ]   Caching has been disabled for the task
[        ] Skipping task ':emoji_picker_flutter:copyDebugJniLibsProjectAndLocalJars' as it is up-to-date.
[        ] Resolve mutations for :emoji_picker_flutter:extractDebugAnnotations (Thread[#45248,Execution worker Thread 28,5,main]) started.
[        ] :emoji_picker_flutter:extractDebugAnnotations (Thread[#45248,Execution worker Thread 28,5,main]) started.
[        ] > Task :emoji_picker_flutter:extractDebugAnnotations UP-TO-DATE
[        ] Caching disabled for task ':emoji_picker_flutter:extractDebugAnnotations' because:
[        ]   Build cache is disabled
[        ] Skipping task ':emoji_picker_flutter:extractDebugAnnotations' as it is up-to-date.
[        ] Resolve mutations for :emoji_picker_flutter:extractDeepLinksForAarDebug (Thread[#45248,Execution worker Thread 28,5,main]) started.
[        ] :emoji_picker_flutter:extractDeepLinksForAarDebug (Thread[#45248,Execution worker Thread 28,5,main]) started.
[        ] > Task :emoji_picker_flutter:extractDeepLinksForAarDebug UP-TO-DATE
[        ] Caching disabled for task ':emoji_picker_flutter:extractDeepLinksForAarDebug' because:
[        ]   Build cache is disabled
[        ] Skipping task ':emoji_picker_flutter:extractDeepLinksForAarDebug' as it is up-to-date.
[        ] Resolve mutations for :emoji_picker_flutter:mergeDebugGeneratedProguardFiles (Thread[#45248,Execution worker Thread 28,5,main]) started.
[        ] :emoji_picker_flutter:mergeDebugGeneratedProguardFiles (Thread[#45248,Execution worker Thread 28,5,main]) started.
[        ] > Task :emoji_picker_flutter:mergeDebugGeneratedProguardFiles UP-TO-DATE
[        ] Caching disabled for task ':emoji_picker_flutter:mergeDebugGeneratedProguardFiles' because:
[        ]   Build cache is disabled
[        ]   Simple merging task
[        ] Skipping task ':emoji_picker_flutter:mergeDebugGeneratedProguardFiles' as it is up-to-date.
[        ] Resolve mutations for :emoji_picker_flutter:mergeDebugConsumerProguardFiles (Thread[#45248,Execution worker Thread 28,5,main]) started.
[        ] :emoji_picker_flutter:mergeDebugConsumerProguardFiles (Thread[#45248,Execution worker Thread 28,5,main]) started.
[        ] > Task :emoji_picker_flutter:mergeDebugConsumerProguardFiles UP-TO-DATE
[        ] Caching disabled for task ':emoji_picker_flutter:mergeDebugConsumerProguardFiles' because:
[        ]   Build cache is disabled
[        ]   Simple merging task
[        ] Skipping task ':emoji_picker_flutter:mergeDebugConsumerProguardFiles' as it is up-to-date.
[        ] Resolve mutations for :emoji_picker_flutter:prepareDebugArtProfile (Thread[#45248,Execution worker Thread 28,5,main]) started.
[        ] :emoji_picker_flutter:prepareDebugArtProfile (Thread[#45248,Execution worker Thread 28,5,main]) started.
[        ] > Task :emoji_picker_flutter:prepareDebugArtProfile UP-TO-DATE
[        ] Caching disabled for task ':emoji_picker_flutter:prepareDebugArtProfile' because:
[        ]   Build cache is disabled
[        ]   Caching has been disabled for the task
[        ] Skipping task ':emoji_picker_flutter:prepareDebugArtProfile' as it is up-to-date.
[        ] Resolve mutations for :emoji_picker_flutter:prepareLintJarForPublish (Thread[#45248,Execution worker Thread 28,5,main]) started.
[        ] :emoji_picker_flutter:prepareLintJarForPublish (Thread[#45248,Execution worker Thread 28,5,main]) started.
[        ] > Task :emoji_picker_flutter:prepareLintJarForPublish UP-TO-DATE
[        ] Caching disabled for task ':emoji_picker_flutter:prepareLintJarForPublish' because:
[        ]   Build cache is disabled
[        ]   Caching has been disabled for the task
[        ] Skipping task ':emoji_picker_flutter:prepareLintJarForPublish' as it is up-to-date.
[        ] Resolve mutations for :emoji_picker_flutter:mergeDebugJavaResource (Thread[#45248,Execution worker Thread 28,5,main]) started.
[        ] :emoji_picker_flutter:mergeDebugJavaResource (Thread[#45248,Execution worker Thread 28,5,main]) started.
[        ] > Task :emoji_picker_flutter:mergeDebugJavaResource UP-TO-DATE
[        ] Caching disabled for task ':emoji_picker_flutter:mergeDebugJavaResource' because:
[        ]   Build cache is disabled
[        ]   Caching has been disabled for the task
[        ] Skipping task ':emoji_picker_flutter:mergeDebugJavaResource' as it is up-to-date.
[        ] Resolve mutations for :emoji_picker_flutter:syncDebugLibJars (Thread[#45248,Execution worker Thread 28,5,main]) started.
[        ] :emoji_picker_flutter:syncDebugLibJars (Thread[#45248,Execution worker Thread 28,5,main]) started.
[        ] > Task :emoji_picker_flutter:syncDebugLibJars UP-TO-DATE
[        ] Caching disabled for task ':emoji_picker_flutter:syncDebugLibJars' because:
[        ]   Build cache is disabled
[        ] Skipping task ':emoji_picker_flutter:syncDebugLibJars' as it is up-to-date.
[        ] Resolve mutations for :emoji_picker_flutter:bundleDebugAar (Thread[#45248,Execution worker Thread 28,5,main]) started.
[        ] :emoji_picker_flutter:bundleDebugAar (Thread[#45248,Execution worker Thread 28,5,main]) started.
[        ] > Task :emoji_picker_flutter:bundleDebugAar UP-TO-DATE
[        ] Caching disabled for task ':emoji_picker_flutter:bundleDebugAar' because:
[        ]   Build cache is disabled
[        ]   Caching has been disabled for the task
[        ] Skipping task ':emoji_picker_flutter:bundleDebugAar' as it is up-to-date.
[        ] Resolve mutations for :emoji_picker_flutter:assembleDebug (Thread[#45248,Execution worker Thread 28,5,main]) started.
[        ] :emoji_picker_flutter:assembleDebug (Thread[#45248,Execution worker Thread 28,5,main]) started.
[        ] > Task :emoji_picker_flutter:assembleDebug UP-TO-DATE
[        ] Skipping task ':emoji_picker_flutter:assembleDebug' as it has no actions.
[        ] Resolve mutations for :file_selector_android:stripDebugDebugSymbols (Thread[#45248,Execution worker Thread 28,5,main]) started.
[        ] :file_selector_android:stripDebugDebugSymbols (Thread[#45248,Execution worker Thread 28,5,main]) started.
[        ] > Task :file_selector_android:stripDebugDebugSymbols NO-SOURCE
[        ] Skipping task ':file_selector_android:stripDebugDebugSymbols' as it has no source files and no previous output files.
[        ] Resolve mutations for :file_selector_android:copyDebugJniLibsProjectAndLocalJars (Thread[#45248,Execution worker Thread 28,5,main]) started.
[        ] :file_selector_android:copyDebugJniLibsProjectAndLocalJars (Thread[#45248,Execution worker Thread 28,5,main]) started.
[        ] > Task :file_selector_android:copyDebugJniLibsProjectAndLocalJars UP-TO-DATE
[        ] Caching disabled for task ':file_selector_android:copyDebugJniLibsProjectAndLocalJars' because:
[        ]   Build cache is disabled
[        ]   Caching has been disabled for the task
[        ] Skipping task ':file_selector_android:copyDebugJniLibsProjectAndLocalJars' as it is up-to-date.
[        ] Resolve mutations for :file_selector_android:extractDebugAnnotations (Thread[#45248,Execution worker Thread 28,5,main]) started.
[        ] :file_selector_android:extractDebugAnnotations (Thread[#45248,Execution worker Thread 28,5,main]) started.
[        ] > Task :file_selector_android:extractDebugAnnotations UP-TO-DATE
[        ] Caching disabled for task ':file_selector_android:extractDebugAnnotations' because:
[        ]   Build cache is disabled
[        ] Skipping task ':file_selector_android:extractDebugAnnotations' as it is up-to-date.
[        ] Resolve mutations for :file_selector_android:extractDeepLinksForAarDebug (Thread[#45248,Execution worker Thread 28,5,main]) started.
[        ] :file_selector_android:extractDeepLinksForAarDebug (Thread[#45248,Execution worker Thread 28,5,main]) started.
[        ] > Task :file_selector_android:extractDeepLinksForAarDebug UP-TO-DATE
[        ] Caching disabled for task ':file_selector_android:extractDeepLinksForAarDebug' because:
[        ]   Build cache is disabled
[        ] Skipping task ':file_selector_android:extractDeepLinksForAarDebug' as it is up-to-date.
[        ] Resolve mutations for :file_selector_android:mergeDebugGeneratedProguardFiles (Thread[#45248,Execution worker Thread 28,5,main]) started.
[        ] :file_selector_android:mergeDebugGeneratedProguardFiles (Thread[#45248,Execution worker Thread 28,5,main]) started.
[        ] > Task :file_selector_android:mergeDebugGeneratedProguardFiles UP-TO-DATE
[        ] Caching disabled for task ':file_selector_android:mergeDebugGeneratedProguardFiles' because:
[        ]   Build cache is disabled
[        ]   Simple merging task
[        ] Skipping task ':file_selector_android:mergeDebugGeneratedProguardFiles' as it is up-to-date.
[        ] Resolve mutations for :file_selector_android:mergeDebugConsumerProguardFiles (Thread[#45248,Execution worker Thread 28,5,main]) started.
[        ] :file_selector_android:mergeDebugConsumerProguardFiles (Thread[#45248,Execution worker Thread 28,5,main]) started.
[        ] > Task :file_selector_android:mergeDebugConsumerProguardFiles UP-TO-DATE
[        ] Caching disabled for task ':file_selector_android:mergeDebugConsumerProguardFiles' because:
[        ]   Build cache is disabled
[        ]   Simple merging task
[        ] Skipping task ':file_selector_android:mergeDebugConsumerProguardFiles' as it is up-to-date.
[        ] Resolve mutations for :file_selector_android:prepareDebugArtProfile (Thread[#45248,Execution worker Thread 28,5,main]) started.
[        ] :file_selector_android:prepareDebugArtProfile (Thread[#45248,Execution worker Thread 28,5,main]) started.
[        ] > Task :file_selector_android:prepareDebugArtProfile UP-TO-DATE
[        ] Caching disabled for task ':file_selector_android:prepareDebugArtProfile' because:
[        ]   Build cache is disabled
[        ]   Caching has been disabled for the task
[        ] Skipping task ':file_selector_android:prepareDebugArtProfile' as it is up-to-date.
[        ] Resolve mutations for :file_selector_android:prepareLintJarForPublish (Thread[#45248,Execution worker Thread 28,5,main]) started.
[        ] :file_selector_android:prepareLintJarForPublish (Thread[#45248,Execution worker Thread 28,5,main]) started.
[        ] > Task :file_selector_android:prepareLintJarForPublish UP-TO-DATE
[        ] Caching disabled for task ':file_selector_android:prepareLintJarForPublish' because:
[        ]   Build cache is disabled
[        ]   Caching has been disabled for the task
[        ] Skipping task ':file_selector_android:prepareLintJarForPublish' as it is up-to-date.
[        ] Resolve mutations for :file_selector_android:mergeDebugJavaResource (Thread[#45248,Execution worker Thread 28,5,main]) started.
[        ] :file_selector_android:mergeDebugJavaResource (Thread[#45248,Execution worker Thread 28,5,main]) started.
[        ] > Task :file_selector_android:mergeDebugJavaResource UP-TO-DATE
[        ] Caching disabled for task ':file_selector_android:mergeDebugJavaResource' because:
[        ]   Build cache is disabled
[        ]   Caching has been disabled for the task
[        ] Skipping task ':file_selector_android:mergeDebugJavaResource' as it is up-to-date.
[        ] Resolve mutations for :file_selector_android:syncDebugLibJars (Thread[#45248,Execution worker Thread 28,5,main]) started.
[        ] :file_selector_android:syncDebugLibJars (Thread[#45248,Execution worker Thread 28,5,main]) started.
[        ] > Task :file_selector_android:syncDebugLibJars UP-TO-DATE
[        ] Caching disabled for task ':file_selector_android:syncDebugLibJars' because:
[        ]   Build cache is disabled
[        ] Skipping task ':file_selector_android:syncDebugLibJars' as it is up-to-date.
[        ] Resolve mutations for :file_selector_android:bundleDebugAar (Thread[#45248,Execution worker Thread 28,5,main]) started.
[        ] :file_selector_android:bundleDebugAar (Thread[#45248,Execution worker Thread 28,5,main]) started.
[        ] > Task :file_selector_android:bundleDebugAar UP-TO-DATE
[        ] Caching disabled for task ':file_selector_android:bundleDebugAar' because:
[        ]   Build cache is disabled
[        ]   Caching has been disabled for the task
[        ] Skipping task ':file_selector_android:bundleDebugAar' as it is up-to-date.
[        ] Resolve mutations for :file_selector_android:assembleDebug (Thread[#45248,Execution worker Thread 28,5,main]) started.
[        ] :file_selector_android:assembleDebug (Thread[#45248,Execution worker Thread 28,5,main]) started.
[        ] > Task :file_selector_android:assembleDebug UP-TO-DATE
[        ] Skipping task ':file_selector_android:assembleDebug' as it has no actions.
[        ] Resolve mutations for :flutter_keyboard_visibility_temp_fork:stripDebugDebugSymbols (Thread[#45248,Execution worker Thread 28,5,main]) started.
[        ] :flutter_keyboard_visibility_temp_fork:stripDebugDebugSymbols (Thread[#45248,Execution worker Thread 28,5,main]) started.
[        ] > Task :flutter_keyboard_visibility_temp_fork:stripDebugDebugSymbols NO-SOURCE
[        ] Skipping task ':flutter_keyboard_visibility_temp_fork:stripDebugDebugSymbols' as it has no source files and no previous output files.
[        ] Resolve mutations for :flutter_keyboard_visibility_temp_fork:copyDebugJniLibsProjectAndLocalJars (Thread[#45248,Execution worker Thread 28,5,main]) started.
[        ] :flutter_keyboard_visibility_temp_fork:copyDebugJniLibsProjectAndLocalJars (Thread[#45248,Execution worker Thread 28,5,main]) started.
[        ] > Task :flutter_keyboard_visibility_temp_fork:copyDebugJniLibsProjectAndLocalJars UP-TO-DATE
[        ] Caching disabled for task ':flutter_keyboard_visibility_temp_fork:copyDebugJniLibsProjectAndLocalJars' because:
[        ]   Build cache is disabled
[        ]   Caching has been disabled for the task
[        ] Skipping task ':flutter_keyboard_visibility_temp_fork:copyDebugJniLibsProjectAndLocalJars' as it is up-to-date.
[        ] Resolve mutations for :flutter_keyboard_visibility_temp_fork:extractDebugAnnotations (Thread[#45248,Execution worker Thread 28,5,main]) started.
[        ] :flutter_keyboard_visibility_temp_fork:extractDebugAnnotations (Thread[#45248,Execution worker Thread 28,5,main]) started.
[        ] > Task :flutter_keyboard_visibility_temp_fork:extractDebugAnnotations UP-TO-DATE
[        ] Caching disabled for task ':flutter_keyboard_visibility_temp_fork:extractDebugAnnotations' because:
[        ]   Build cache is disabled
[        ] Skipping task ':flutter_keyboard_visibility_temp_fork:extractDebugAnnotations' as it is up-to-date.
[        ] Resolve mutations for :flutter_keyboard_visibility_temp_fork:extractDeepLinksForAarDebug (Thread[#45248,Execution worker Thread 28,5,main]) started.
[        ] :flutter_keyboard_visibility_temp_fork:extractDeepLinksForAarDebug (Thread[#45248,Execution worker Thread 28,5,main]) started.
[        ] > Task :flutter_keyboard_visibility_temp_fork:extractDeepLinksForAarDebug UP-TO-DATE
[        ] Caching disabled for task ':flutter_keyboard_visibility_temp_fork:extractDeepLinksForAarDebug' because:
[        ]   Build cache is disabled
[        ] Skipping task ':flutter_keyboard_visibility_temp_fork:extractDeepLinksForAarDebug' as it is up-to-date.
[        ] Resolve mutations for :flutter_keyboard_visibility_temp_fork:mergeDebugGeneratedProguardFiles (Thread[#45248,Execution worker Thread 28,5,main]) started.
[        ] :flutter_keyboard_visibility_temp_fork:mergeDebugGeneratedProguardFiles (Thread[#45248,Execution worker Thread 28,5,main]) started.
[        ] > Task :flutter_keyboard_visibility_temp_fork:mergeDebugGeneratedProguardFiles UP-TO-DATE
[        ] Caching disabled for task ':flutter_keyboard_visibility_temp_fork:mergeDebugGeneratedProguardFiles' because:
[        ]   Build cache is disabled
[        ]   Simple merging task
[        ] Skipping task ':flutter_keyboard_visibility_temp_fork:mergeDebugGeneratedProguardFiles' as it is up-to-date.
[        ] Resolve mutations for :flutter_keyboard_visibility_temp_fork:mergeDebugConsumerProguardFiles (Thread[#45248,Execution worker Thread 28,5,main]) started.
[        ] :flutter_keyboard_visibility_temp_fork:mergeDebugConsumerProguardFiles (Thread[#45248,Execution worker Thread 28,5,main]) started.
[        ] > Task :flutter_keyboard_visibility_temp_fork:mergeDebugConsumerProguardFiles UP-TO-DATE
[        ] Caching disabled for task ':flutter_keyboard_visibility_temp_fork:mergeDebugConsumerProguardFiles' because:
[        ]   Build cache is disabled
[        ]   Simple merging task
[        ] Skipping task ':flutter_keyboard_visibility_temp_fork:mergeDebugConsumerProguardFiles' as it is up-to-date.
[        ] Resolve mutations for :flutter_keyboard_visibility_temp_fork:prepareDebugArtProfile (Thread[#45248,Execution worker Thread 28,5,main]) started.
[        ] :flutter_keyboard_visibility_temp_fork:prepareDebugArtProfile (Thread[#45248,Execution worker Thread 28,5,main]) started.
[        ] > Task :flutter_keyboard_visibility_temp_fork:prepareDebugArtProfile UP-TO-DATE
[        ] Caching disabled for task ':flutter_keyboard_visibility_temp_fork:prepareDebugArtProfile' because:
[        ]   Build cache is disabled
[        ]   Caching has been disabled for the task
[        ] Skipping task ':flutter_keyboard_visibility_temp_fork:prepareDebugArtProfile' as it is up-to-date.
[        ] Resolve mutations for :flutter_keyboard_visibility_temp_fork:prepareLintJarForPublish (Thread[#45248,Execution worker Thread 28,5,main]) started.
[        ] :flutter_keyboard_visibility_temp_fork:prepareLintJarForPublish (Thread[#45248,Execution worker Thread 28,5,main]) started.
[        ] > Task :flutter_keyboard_visibility_temp_fork:prepareLintJarForPublish UP-TO-DATE
[        ] Caching disabled for task ':flutter_keyboard_visibility_temp_fork:prepareLintJarForPublish' because:
[        ]   Build cache is disabled
[        ]   Caching has been disabled for the task
[        ] Skipping task ':flutter_keyboard_visibility_temp_fork:prepareLintJarForPublish' as it is up-to-date.
[        ] Resolve mutations for :flutter_keyboard_visibility_temp_fork:mergeDebugJavaResource (Thread[#45248,Execution worker Thread 28,5,main]) started.
[        ] :flutter_keyboard_visibility_temp_fork:mergeDebugJavaResource (Thread[#45246,Execution worker Thread 26,5,main]) started.
[        ] > Task :flutter_keyboard_visibility_temp_fork:mergeDebugJavaResource UP-TO-DATE
[        ] Caching disabled for task ':flutter_keyboard_visibility_temp_fork:mergeDebugJavaResource' because:
[        ]   Build cache is disabled
[        ]   Caching has been disabled for the task
[        ] Skipping task ':flutter_keyboard_visibility_temp_fork:mergeDebugJavaResource' as it is up-to-date.
[        ] Resolve mutations for :flutter_keyboard_visibility_temp_fork:syncDebugLibJars (Thread[#45246,Execution worker Thread 26,5,main]) started.
[        ] :flutter_keyboard_visibility_temp_fork:syncDebugLibJars (Thread[#45246,Execution worker Thread 26,5,main]) started.
[        ] > Task :flutter_keyboard_visibility_temp_fork:syncDebugLibJars UP-TO-DATE
[        ] Caching disabled for task ':flutter_keyboard_visibility_temp_fork:syncDebugLibJars' because:
[        ]   Build cache is disabled
[        ] Skipping task ':flutter_keyboard_visibility_temp_fork:syncDebugLibJars' as it is up-to-date.
[        ] Resolve mutations for :flutter_keyboard_visibility_temp_fork:bundleDebugAar (Thread[#45246,Execution worker Thread 26,5,main]) started.
[        ] :flutter_keyboard_visibility_temp_fork:bundleDebugAar (Thread[#45246,Execution worker Thread 26,5,main]) started.
[        ] > Task :flutter_keyboard_visibility_temp_fork:bundleDebugAar UP-TO-DATE
[        ] Caching disabled for task ':flutter_keyboard_visibility_temp_fork:bundleDebugAar' because:
[        ]   Build cache is disabled
[        ]   Caching has been disabled for the task
[        ] Skipping task ':flutter_keyboard_visibility_temp_fork:bundleDebugAar' as it is up-to-date.
[        ] Resolve mutations for :flutter_keyboard_visibility_temp_fork:assembleDebug (Thread[#45246,Execution worker Thread 26,5,main]) started.
[        ] :flutter_keyboard_visibility_temp_fork:assembleDebug (Thread[#45246,Execution worker Thread 26,5,main]) started.
[        ] > Task :flutter_keyboard_visibility_temp_fork:assembleDebug UP-TO-DATE
[        ] Skipping task ':flutter_keyboard_visibility_temp_fork:assembleDebug' as it has no actions.
[        ] Resolve mutations for :flutter_native_splash:stripDebugDebugSymbols (Thread[#45246,Execution worker Thread 26,5,main]) started.
[        ] :flutter_native_splash:stripDebugDebugSymbols (Thread[#45246,Execution worker Thread 26,5,main]) started.
[        ] > Task :flutter_native_splash:stripDebugDebugSymbols NO-SOURCE
[        ] Skipping task ':flutter_native_splash:stripDebugDebugSymbols' as it has no source files and no previous output files.
[        ] Resolve mutations for :flutter_native_splash:copyDebugJniLibsProjectAndLocalJars (Thread[#45246,Execution worker Thread 26,5,main]) started.
[        ] :flutter_native_splash:copyDebugJniLibsProjectAndLocalJars (Thread[#45246,Execution worker Thread 26,5,main]) started.
[        ] > Task :flutter_native_splash:copyDebugJniLibsProjectAndLocalJars UP-TO-DATE
[        ] Caching disabled for task ':flutter_native_splash:copyDebugJniLibsProjectAndLocalJars' because:
[        ]   Build cache is disabled
[        ]   Caching has been disabled for the task
[        ] Skipping task ':flutter_native_splash:copyDebugJniLibsProjectAndLocalJars' as it is up-to-date.
[        ] Resolve mutations for :flutter_native_splash:extractDebugAnnotations (Thread[#45246,Execution worker Thread 26,5,main]) started.
[        ] :flutter_native_splash:extractDebugAnnotations (Thread[#45246,Execution worker Thread 26,5,main]) started.
[        ] > Task :flutter_native_splash:extractDebugAnnotations UP-TO-DATE
[        ] Caching disabled for task ':flutter_native_splash:extractDebugAnnotations' because:
[        ]   Build cache is disabled
[        ] Skipping task ':flutter_native_splash:extractDebugAnnotations' as it is up-to-date.
[        ] Resolve mutations for :flutter_native_splash:extractDeepLinksForAarDebug (Thread[#45246,Execution worker Thread 26,5,main]) started.
[        ] :flutter_native_splash:extractDeepLinksForAarDebug (Thread[#45246,Execution worker Thread 26,5,main]) started.
[        ] > Task :flutter_native_splash:extractDeepLinksForAarDebug UP-TO-DATE
[        ] Caching disabled for task ':flutter_native_splash:extractDeepLinksForAarDebug' because:
[        ]   Build cache is disabled
[        ] Skipping task ':flutter_native_splash:extractDeepLinksForAarDebug' as it is up-to-date.
[        ] Resolve mutations for :flutter_native_splash:mergeDebugGeneratedProguardFiles (Thread[#45246,Execution worker Thread 26,5,main]) started.
[        ] :flutter_native_splash:mergeDebugGeneratedProguardFiles (Thread[#45246,Execution worker Thread 26,5,main]) started.
[        ] > Task :flutter_native_splash:mergeDebugGeneratedProguardFiles UP-TO-DATE
[        ] Caching disabled for task ':flutter_native_splash:mergeDebugGeneratedProguardFiles' because:
[        ]   Build cache is disabled
[        ]   Simple merging task
[        ] Skipping task ':flutter_native_splash:mergeDebugGeneratedProguardFiles' as it is up-to-date.
[        ] Resolve mutations for :flutter_native_splash:mergeDebugConsumerProguardFiles (Thread[#45246,Execution worker Thread 26,5,main]) started.
[        ] :flutter_native_splash:mergeDebugConsumerProguardFiles (Thread[#45246,Execution worker Thread 26,5,main]) started.
[        ] > Task :flutter_native_splash:mergeDebugConsumerProguardFiles UP-TO-DATE
[        ] Caching disabled for task ':flutter_native_splash:mergeDebugConsumerProguardFiles' because:
[        ]   Build cache is disabled
[        ]   Simple merging task
[        ] Skipping task ':flutter_native_splash:mergeDebugConsumerProguardFiles' as it is up-to-date.
[        ] Resolve mutations for :flutter_native_splash:prepareDebugArtProfile (Thread[#45246,Execution worker Thread 26,5,main]) started.
[        ] :flutter_native_splash:prepareDebugArtProfile (Thread[#45246,Execution worker Thread 26,5,main]) started.
[        ] > Task :flutter_native_splash:prepareDebugArtProfile UP-TO-DATE
[        ] Caching disabled for task ':flutter_native_splash:prepareDebugArtProfile' because:
[        ]   Build cache is disabled
[        ]   Caching has been disabled for the task
[        ] Skipping task ':flutter_native_splash:prepareDebugArtProfile' as it is up-to-date.
[        ] Resolve mutations for :flutter_native_splash:prepareLintJarForPublish (Thread[#45246,Execution worker Thread 26,5,main]) started.
[        ] :flutter_native_splash:prepareLintJarForPublish (Thread[#45246,Execution worker Thread 26,5,main]) started.
[        ] > Task :flutter_native_splash:prepareLintJarForPublish UP-TO-DATE
[        ] Caching disabled for task ':flutter_native_splash:prepareLintJarForPublish' because:
[        ]   Build cache is disabled
[        ]   Caching has been disabled for the task
[        ] Skipping task ':flutter_native_splash:prepareLintJarForPublish' as it is up-to-date.
[        ] Resolve mutations for :flutter_native_splash:mergeDebugJavaResource (Thread[#45246,Execution worker Thread 26,5,main]) started.
[        ] :flutter_native_splash:mergeDebugJavaResource (Thread[#45246,Execution worker Thread 26,5,main]) started.
[        ] > Task :flutter_native_splash:mergeDebugJavaResource UP-TO-DATE
[        ] Caching disabled for task ':flutter_native_splash:mergeDebugJavaResource' because:
[        ]   Build cache is disabled
[        ]   Caching has been disabled for the task
[        ] Skipping task ':flutter_native_splash:mergeDebugJavaResource' as it is up-to-date.
[        ] Resolve mutations for :flutter_native_splash:syncDebugLibJars (Thread[#45246,Execution worker Thread 26,5,main]) started.
[        ] :flutter_native_splash:syncDebugLibJars (Thread[#45246,Execution worker Thread 26,5,main]) started.
[        ] > Task :flutter_native_splash:syncDebugLibJars UP-TO-DATE
[        ] Caching disabled for task ':flutter_native_splash:syncDebugLibJars' because:
[        ]   Build cache is disabled
[        ] Skipping task ':flutter_native_splash:syncDebugLibJars' as it is up-to-date.
[        ] Resolve mutations for :flutter_native_splash:bundleDebugAar (Thread[#45246,Execution worker Thread 26,5,main]) started.
[        ] :flutter_native_splash:bundleDebugAar (Thread[#45246,Execution worker Thread 26,5,main]) started.
[        ] > Task :flutter_native_splash:bundleDebugAar UP-TO-DATE
[        ] Caching disabled for task ':flutter_native_splash:bundleDebugAar' because:
[        ]   Build cache is disabled
[        ]   Caching has been disabled for the task
[        ] Skipping task ':flutter_native_splash:bundleDebugAar' as it is up-to-date.
[        ] Resolve mutations for :flutter_native_splash:assembleDebug (Thread[#45246,Execution worker Thread 26,5,main]) started.
[        ] :flutter_native_splash:assembleDebug (Thread[#45246,Execution worker Thread 26,5,main]) started.
[        ] > Task :flutter_native_splash:assembleDebug UP-TO-DATE
[        ] Skipping task ':flutter_native_splash:assembleDebug' as it has no actions.
[        ] Resolve mutations for :flutter_olm:stripDebugDebugSymbols (Thread[#45246,Execution worker Thread 26,5,main]) started.
[        ] :flutter_olm:stripDebugDebugSymbols (Thread[#45246,Execution worker Thread 26,5,main]) started.
[        ] > Task :flutter_olm:stripDebugDebugSymbols UP-TO-DATE
[        ] Caching disabled for task ':flutter_olm:stripDebugDebugSymbols' because:
[        ]   Build cache is disabled
[        ]   Caching has been disabled for the task
[        ] Skipping task ':flutter_olm:stripDebugDebugSymbols' as it is up-to-date.
[        ] Resolve mutations for :flutter_olm:copyDebugJniLibsProjectAndLocalJars (Thread[#45246,Execution worker Thread 26,5,main]) started.
[        ] :flutter_olm:copyDebugJniLibsProjectAndLocalJars (Thread[#45246,Execution worker Thread 26,5,main]) started.
[        ] > Task :flutter_olm:copyDebugJniLibsProjectAndLocalJars UP-TO-DATE
[        ] Caching disabled for task ':flutter_olm:copyDebugJniLibsProjectAndLocalJars' because:
[        ]   Build cache is disabled
[        ]   Caching has been disabled for the task
[        ] Skipping task ':flutter_olm:copyDebugJniLibsProjectAndLocalJars' as it is up-to-date.
[        ] Resolve mutations for :flutter_olm:extractDebugAnnotations (Thread[#45246,Execution worker Thread 26,5,main]) started.
[        ] :flutter_olm:extractDebugAnnotations (Thread[#45246,Execution worker Thread 26,5,main]) started.
[        ] > Task :flutter_olm:extractDebugAnnotations UP-TO-DATE
[        ] Caching disabled for task ':flutter_olm:extractDebugAnnotations' because:
[        ]   Build cache is disabled
[        ] Skipping task ':flutter_olm:extractDebugAnnotations' as it is up-to-date.
[        ] Resolve mutations for :flutter_olm:extractDeepLinksForAarDebug (Thread[#45246,Execution worker Thread 26,5,main]) started.
[        ] :flutter_olm:extractDeepLinksForAarDebug (Thread[#45246,Execution worker Thread 26,5,main]) started.
[        ] > Task :flutter_olm:extractDeepLinksForAarDebug UP-TO-DATE
[        ] Caching disabled for task ':flutter_olm:extractDeepLinksForAarDebug' because:
[        ]   Build cache is disabled
[        ] Skipping task ':flutter_olm:extractDeepLinksForAarDebug' as it is up-to-date.
[        ] Resolve mutations for :flutter_olm:mergeDebugGeneratedProguardFiles (Thread[#45246,Execution worker Thread 26,5,main]) started.
[        ] :flutter_olm:mergeDebugGeneratedProguardFiles (Thread[#45246,Execution worker Thread 26,5,main]) started.
[        ] > Task :flutter_olm:mergeDebugGeneratedProguardFiles UP-TO-DATE
[        ] Caching disabled for task ':flutter_olm:mergeDebugGeneratedProguardFiles' because:
[        ]   Build cache is disabled
[        ]   Simple merging task
[        ] Skipping task ':flutter_olm:mergeDebugGeneratedProguardFiles' as it is up-to-date.
[        ] Resolve mutations for :flutter_olm:mergeDebugConsumerProguardFiles (Thread[#45246,Execution worker Thread 26,5,main]) started.
[        ] :flutter_olm:mergeDebugConsumerProguardFiles (Thread[#45246,Execution worker Thread 26,5,main]) started.
[        ] > Task :flutter_olm:mergeDebugConsumerProguardFiles UP-TO-DATE
[        ] Caching disabled for task ':flutter_olm:mergeDebugConsumerProguardFiles' because:
[        ]   Build cache is disabled
[        ]   Simple merging task
[        ] Skipping task ':flutter_olm:mergeDebugConsumerProguardFiles' as it is up-to-date.
[        ] Resolve mutations for :flutter_olm:prepareDebugArtProfile (Thread[#45246,Execution worker Thread 26,5,main]) started.
[        ] :flutter_olm:prepareDebugArtProfile (Thread[#45246,Execution worker Thread 26,5,main]) started.
[        ] > Task :flutter_olm:prepareDebugArtProfile UP-TO-DATE
[        ] Caching disabled for task ':flutter_olm:prepareDebugArtProfile' because:
[        ]   Build cache is disabled
[        ]   Caching has been disabled for the task
[        ] Skipping task ':flutter_olm:prepareDebugArtProfile' as it is up-to-date.
[        ] Resolve mutations for :flutter_olm:prepareLintJarForPublish (Thread[#45246,Execution worker Thread 26,5,main]) started.
[        ] :flutter_olm:prepareLintJarForPublish (Thread[#45246,Execution worker Thread 26,5,main]) started.
[        ] > Task :flutter_olm:prepareLintJarForPublish UP-TO-DATE
[        ] Caching disabled for task ':flutter_olm:prepareLintJarForPublish' because:
[        ]   Build cache is disabled
[        ]   Caching has been disabled for the task
[        ] Skipping task ':flutter_olm:prepareLintJarForPublish' as it is up-to-date.
[        ] Resolve mutations for :flutter_olm:mergeDebugJavaResource (Thread[#45246,Execution worker Thread 26,5,main]) started.
[        ] :flutter_olm:mergeDebugJavaResource (Thread[#45246,Execution worker Thread 26,5,main]) started.
[        ] > Task :flutter_olm:mergeDebugJavaResource UP-TO-DATE
[        ] Caching disabled for task ':flutter_olm:mergeDebugJavaResource' because:
[        ]   Build cache is disabled
[        ]   Caching has been disabled for the task
[        ] Skipping task ':flutter_olm:mergeDebugJavaResource' as it is up-to-date.
[        ] Resolve mutations for :flutter_olm:syncDebugLibJars (Thread[#45246,Execution worker Thread 26,5,main]) started.
[        ] :flutter_olm:syncDebugLibJars (Thread[#45246,Execution worker Thread 26,5,main]) started.
[        ] > Task :flutter_olm:syncDebugLibJars UP-TO-DATE
[        ] Caching disabled for task ':flutter_olm:syncDebugLibJars' because:
[        ]   Build cache is disabled
[        ] Skipping task ':flutter_olm:syncDebugLibJars' as it is up-to-date.
[        ] Resolve mutations for :flutter_olm:bundleDebugAar (Thread[#45246,Execution worker Thread 26,5,main]) started.
[        ] :flutter_olm:bundleDebugAar (Thread[#45246,Execution worker Thread 26,5,main]) started.
[        ] > Task :flutter_olm:bundleDebugAar UP-TO-DATE
[        ] Caching disabled for task ':flutter_olm:bundleDebugAar' because:
[        ]   Build cache is disabled
[        ]   Caching has been disabled for the task
[        ] Skipping task ':flutter_olm:bundleDebugAar' as it is up-to-date.
[        ] Resolve mutations for :flutter_olm:assembleDebug (Thread[#45246,Execution worker Thread 26,5,main]) started.
[        ] :flutter_olm:assembleDebug (Thread[#45246,Execution worker Thread 26,5,main]) started.
[        ] > Task :flutter_olm:assembleDebug UP-TO-DATE
[        ] Skipping task ':flutter_olm:assembleDebug' as it has no actions.
[        ] Resolve mutations for :flutter_openssl_crypto:stripDebugDebugSymbols (Thread[#45246,Execution worker Thread 26,5,main]) started.
[        ] :flutter_openssl_crypto:stripDebugDebugSymbols (Thread[#45246,Execution worker Thread 26,5,main]) started.
[        ] > Task :flutter_openssl_crypto:stripDebugDebugSymbols UP-TO-DATE
[        ] Caching disabled for task ':flutter_openssl_crypto:stripDebugDebugSymbols' because:
[        ]   Build cache is disabled
[        ]   Caching has been disabled for the task
[        ] Skipping task ':flutter_openssl_crypto:stripDebugDebugSymbols' as it is up-to-date.
[        ] Resolve mutations for :flutter_openssl_crypto:copyDebugJniLibsProjectAndLocalJars (Thread[#45246,Execution worker Thread 26,5,main]) started.
[        ] :flutter_openssl_crypto:copyDebugJniLibsProjectAndLocalJars (Thread[#45246,Execution worker Thread 26,5,main]) started.
[        ] > Task :flutter_openssl_crypto:copyDebugJniLibsProjectAndLocalJars UP-TO-DATE
[        ] Caching disabled for task ':flutter_openssl_crypto:copyDebugJniLibsProjectAndLocalJars' because:
[        ]   Build cache is disabled
[        ]   Caching has been disabled for the task
[        ] Skipping task ':flutter_openssl_crypto:copyDebugJniLibsProjectAndLocalJars' as it is up-to-date.
[        ] Resolve mutations for :flutter_openssl_crypto:extractDebugAnnotations (Thread[#45246,Execution worker Thread 26,5,main]) started.
[        ] :flutter_openssl_crypto:extractDebugAnnotations (Thread[#45246,Execution worker Thread 26,5,main]) started.
[        ] > Task :flutter_openssl_crypto:extractDebugAnnotations UP-TO-DATE
[        ] Caching disabled for task ':flutter_openssl_crypto:extractDebugAnnotations' because:
[        ]   Build cache is disabled
[        ] Skipping task ':flutter_openssl_crypto:extractDebugAnnotations' as it is up-to-date.
[        ] Resolve mutations for :flutter_openssl_crypto:extractDeepLinksForAarDebug (Thread[#45246,Execution worker Thread 26,5,main]) started.
[        ] :flutter_openssl_crypto:extractDeepLinksForAarDebug (Thread[#45246,Execution worker Thread 26,5,main]) started.
[        ] > Task :flutter_openssl_crypto:extractDeepLinksForAarDebug UP-TO-DATE
[        ] Caching disabled for task ':flutter_openssl_crypto:extractDeepLinksForAarDebug' because:
[        ]   Build cache is disabled
[        ] Skipping task ':flutter_openssl_crypto:extractDeepLinksForAarDebug' as it is up-to-date.
[        ] Resolve mutations for :flutter_openssl_crypto:mergeDebugGeneratedProguardFiles (Thread[#45246,Execution worker Thread 26,5,main]) started.
[        ] :flutter_openssl_crypto:mergeDebugGeneratedProguardFiles (Thread[#45246,Execution worker Thread 26,5,main]) started.
[        ] > Task :flutter_openssl_crypto:mergeDebugGeneratedProguardFiles UP-TO-DATE
[        ] Caching disabled for task ':flutter_openssl_crypto:mergeDebugGeneratedProguardFiles' because:
[        ]   Build cache is disabled
[        ]   Simple merging task
[        ] Skipping task ':flutter_openssl_crypto:mergeDebugGeneratedProguardFiles' as it is up-to-date.
[        ] Resolve mutations for :flutter_openssl_crypto:mergeDebugConsumerProguardFiles (Thread[#45246,Execution worker Thread 26,5,main]) started.
[        ] :flutter_openssl_crypto:mergeDebugConsumerProguardFiles (Thread[#45246,Execution worker Thread 26,5,main]) started.
[        ] > Task :flutter_openssl_crypto:mergeDebugConsumerProguardFiles UP-TO-DATE
[        ] Caching disabled for task ':flutter_openssl_crypto:mergeDebugConsumerProguardFiles' because:
[        ]   Build cache is disabled
[        ]   Simple merging task
[        ] Skipping task ':flutter_openssl_crypto:mergeDebugConsumerProguardFiles' as it is up-to-date.
[        ] Resolve mutations for :flutter_openssl_crypto:prepareDebugArtProfile (Thread[#45246,Execution worker Thread 26,5,main]) started.
[        ] :flutter_openssl_crypto:prepareDebugArtProfile (Thread[#45246,Execution worker Thread 26,5,main]) started.
[        ] > Task :flutter_openssl_crypto:prepareDebugArtProfile UP-TO-DATE
[        ] Caching disabled for task ':flutter_openssl_crypto:prepareDebugArtProfile' because:
[        ]   Build cache is disabled
[        ]   Caching has been disabled for the task
[        ] Skipping task ':flutter_openssl_crypto:prepareDebugArtProfile' as it is up-to-date.
[        ] Resolve mutations for :flutter_openssl_crypto:prepareLintJarForPublish (Thread[#45246,Execution worker Thread 26,5,main]) started.
[        ] :flutter_openssl_crypto:prepareLintJarForPublish (Thread[#45246,Execution worker Thread 26,5,main]) started.
[        ] > Task :flutter_openssl_crypto:prepareLintJarForPublish UP-TO-DATE
[        ] Caching disabled for task ':flutter_openssl_crypto:prepareLintJarForPublish' because:
[        ]   Build cache is disabled
[        ]   Caching has been disabled for the task
[        ] Skipping task ':flutter_openssl_crypto:prepareLintJarForPublish' as it is up-to-date.
[        ] Resolve mutations for :flutter_openssl_crypto:mergeDebugJavaResource (Thread[#45246,Execution worker Thread 26,5,main]) started.
[        ] :flutter_openssl_crypto:mergeDebugJavaResource (Thread[#45246,Execution worker Thread 26,5,main]) started.
[        ] > Task :flutter_openssl_crypto:mergeDebugJavaResource UP-TO-DATE
[        ] Caching disabled for task ':flutter_openssl_crypto:mergeDebugJavaResource' because:
[        ]   Build cache is disabled
[        ]   Caching has been disabled for the task
[        ] Skipping task ':flutter_openssl_crypto:mergeDebugJavaResource' as it is up-to-date.
[        ] Resolve mutations for :flutter_openssl_crypto:syncDebugLibJars (Thread[#45246,Execution worker Thread 26,5,main]) started.
[        ] :flutter_openssl_crypto:syncDebugLibJars (Thread[#45246,Execution worker Thread 26,5,main]) started.
[        ] > Task :flutter_openssl_crypto:syncDebugLibJars UP-TO-DATE
[        ] Caching disabled for task ':flutter_openssl_crypto:syncDebugLibJars' because:
[        ]   Build cache is disabled
[        ] Skipping task ':flutter_openssl_crypto:syncDebugLibJars' as it is up-to-date.
[        ] Resolve mutations for :flutter_openssl_crypto:bundleDebugAar (Thread[#45246,Execution worker Thread 26,5,main]) started.
[        ] :flutter_openssl_crypto:bundleDebugAar (Thread[#45246,Execution worker Thread 26,5,main]) started.
[        ] > Task :flutter_openssl_crypto:bundleDebugAar UP-TO-DATE
[        ] Caching disabled for task ':flutter_openssl_crypto:bundleDebugAar' because:
[        ]   Build cache is disabled
[        ]   Caching has been disabled for the task
[        ] Skipping task ':flutter_openssl_crypto:bundleDebugAar' as it is up-to-date.
[        ] Resolve mutations for :flutter_openssl_crypto:assembleDebug (Thread[#45246,Execution worker Thread 26,5,main]) started.
[        ] :flutter_openssl_crypto:assembleDebug (Thread[#45246,Execution worker Thread 26,5,main]) started.
[        ] > Task :flutter_openssl_crypto:assembleDebug UP-TO-DATE
[        ] Skipping task ':flutter_openssl_crypto:assembleDebug' as it has no actions.
[        ] Resolve mutations for :integration_test:stripDebugDebugSymbols (Thread[#45246,Execution worker Thread 26,5,main]) started.
[        ] :integration_test:stripDebugDebugSymbols (Thread[#45246,Execution worker Thread 26,5,main]) started.
[        ] > Task :integration_test:stripDebugDebugSymbols NO-SOURCE
[        ] Skipping task ':integration_test:stripDebugDebugSymbols' as it has no source files and no previous output files.
[        ] Resolve mutations for :integration_test:copyDebugJniLibsProjectAndLocalJars (Thread[#45246,Execution worker Thread 26,5,main]) started.
[        ] :integration_test:copyDebugJniLibsProjectAndLocalJars (Thread[#45246,Execution worker Thread 26,5,main]) started.
[        ] > Task :integration_test:copyDebugJniLibsProjectAndLocalJars UP-TO-DATE
[        ] Caching disabled for task ':integration_test:copyDebugJniLibsProjectAndLocalJars' because:
[        ]   Build cache is disabled
[        ]   Caching has been disabled for the task
[        ] Skipping task ':integration_test:copyDebugJniLibsProjectAndLocalJars' as it is up-to-date.
[        ] Resolve mutations for :integration_test:extractDebugAnnotations (Thread[#45246,Execution worker Thread 26,5,main]) started.
[        ] :integration_test:extractDebugAnnotations (Thread[#45246,Execution worker Thread 26,5,main]) started.
[        ] > Task :integration_test:extractDebugAnnotations UP-TO-DATE
[        ] Caching disabled for task ':integration_test:extractDebugAnnotations' because:
[        ]   Build cache is disabled
[        ] Skipping task ':integration_test:extractDebugAnnotations' as it is up-to-date.
[        ] Resolve mutations for :integration_test:extractDeepLinksForAarDebug (Thread[#45246,Execution worker Thread 26,5,main]) started.
[        ] :integration_test:extractDeepLinksForAarDebug (Thread[#45246,Execution worker Thread 26,5,main]) started.
[        ] > Task :integration_test:extractDeepLinksForAarDebug UP-TO-DATE
[        ] Caching disabled for task ':integration_test:extractDeepLinksForAarDebug' because:
[        ]   Build cache is disabled
[        ] Skipping task ':integration_test:extractDeepLinksForAarDebug' as it is up-to-date.
[        ] Resolve mutations for :integration_test:mergeDebugGeneratedProguardFiles (Thread[#45246,Execution worker Thread 26,5,main]) started.
[        ] :integration_test:mergeDebugGeneratedProguardFiles (Thread[#45246,Execution worker Thread 26,5,main]) started.
[        ] > Task :integration_test:mergeDebugGeneratedProguardFiles UP-TO-DATE
[        ] Caching disabled for task ':integration_test:mergeDebugGeneratedProguardFiles' because:
[        ]   Build cache is disabled
[        ]   Simple merging task
[        ] Skipping task ':integration_test:mergeDebugGeneratedProguardFiles' as it is up-to-date.
[        ] Resolve mutations for :integration_test:mergeDebugConsumerProguardFiles (Thread[#45246,Execution worker Thread 26,5,main]) started.
[        ] :integration_test:mergeDebugConsumerProguardFiles (Thread[#45246,Execution worker Thread 26,5,main]) started.
[        ] > Task :integration_test:mergeDebugConsumerProguardFiles UP-TO-DATE
[        ] Caching disabled for task ':integration_test:mergeDebugConsumerProguardFiles' because:
[        ]   Build cache is disabled
[        ]   Simple merging task
[        ] Skipping task ':integration_test:mergeDebugConsumerProguardFiles' as it is up-to-date.
[        ] Resolve mutations for :integration_test:prepareDebugArtProfile (Thread[#45246,Execution worker Thread 26,5,main]) started.
[        ] :integration_test:prepareDebugArtProfile (Thread[#45246,Execution worker Thread 26,5,main]) started.
[        ] > Task :integration_test:prepareDebugArtProfile UP-TO-DATE
[        ] Caching disabled for task ':integration_test:prepareDebugArtProfile' because:
[        ]   Build cache is disabled
[        ]   Caching has been disabled for the task
[        ] Skipping task ':integration_test:prepareDebugArtProfile' as it is up-to-date.
[        ] Resolve mutations for :integration_test:prepareLintJarForPublish (Thread[#45246,Execution worker Thread 26,5,main]) started.
[        ] :integration_test:prepareLintJarForPublish (Thread[#45246,Execution worker Thread 26,5,main]) started.
[        ] > Task :integration_test:prepareLintJarForPublish UP-TO-DATE
[        ] Caching disabled for task ':integration_test:prepareLintJarForPublish' because:
[        ]   Build cache is disabled
[        ]   Caching has been disabled for the task
[        ] Skipping task ':integration_test:prepareLintJarForPublish' as it is up-to-date.
[        ] Resolve mutations for :integration_test:mergeDebugJavaResource (Thread[#45246,Execution worker Thread 26,5,main]) started.
[        ] :integration_test:mergeDebugJavaResource (Thread[#45246,Execution worker Thread 26,5,main]) started.
[        ] > Task :integration_test:mergeDebugJavaResource UP-TO-DATE
[        ] Caching disabled for task ':integration_test:mergeDebugJavaResource' because:
[        ]   Build cache is disabled
[        ]   Caching has been disabled for the task
[        ] Skipping task ':integration_test:mergeDebugJavaResource' as it is up-to-date.
[        ] Resolve mutations for :integration_test:syncDebugLibJars (Thread[#45246,Execution worker Thread 26,5,main]) started.
[        ] :integration_test:syncDebugLibJars (Thread[#45246,Execution worker Thread 26,5,main]) started.
[        ] > Task :integration_test:syncDebugLibJars UP-TO-DATE
[        ] Caching disabled for task ':integration_test:syncDebugLibJars' because:
[        ]   Build cache is disabled
[        ] Skipping task ':integration_test:syncDebugLibJars' as it is up-to-date.
[        ] Resolve mutations for :integration_test:bundleDebugAar (Thread[#45246,Execution worker Thread 26,5,main]) started.
[        ] :integration_test:bundleDebugAar (Thread[#45246,Execution worker Thread 26,5,main]) started.
[        ] > Task :integration_test:bundleDebugAar UP-TO-DATE
[        ] Caching disabled for task ':integration_test:bundleDebugAar' because:
[        ]   Build cache is disabled
[        ]   Caching has been disabled for the task
[        ] Skipping task ':integration_test:bundleDebugAar' as it is up-to-date.
[        ] Resolve mutations for :integration_test:assembleDebug (Thread[#45246,Execution worker Thread 26,5,main]) started.
[        ] :integration_test:assembleDebug (Thread[#45246,Execution worker Thread 26,5,main]) started.
[        ] > Task :integration_test:assembleDebug UP-TO-DATE
[        ] Skipping task ':integration_test:assembleDebug' as it has no actions.
[        ] Resolve mutations for :path_provider_android:stripDebugDebugSymbols (Thread[#45246,Execution worker Thread 26,5,main]) started.
[        ] :path_provider_android:stripDebugDebugSymbols (Thread[#45246,Execution worker Thread 26,5,main]) started.
[        ] > Task :path_provider_android:stripDebugDebugSymbols NO-SOURCE
[        ] Skipping task ':path_provider_android:stripDebugDebugSymbols' as it has no source files and no previous output files.
[        ] Resolve mutations for :path_provider_android:copyDebugJniLibsProjectAndLocalJars (Thread[#45246,Execution worker Thread 26,5,main]) started.
[        ] :path_provider_android:copyDebugJniLibsProjectAndLocalJars (Thread[#45246,Execution worker Thread 26,5,main]) started.
[        ] > Task :path_provider_android:copyDebugJniLibsProjectAndLocalJars UP-TO-DATE
[        ] Caching disabled for task ':path_provider_android:copyDebugJniLibsProjectAndLocalJars' because:
[        ]   Build cache is disabled
[        ]   Caching has been disabled for the task
[        ] Skipping task ':path_provider_android:copyDebugJniLibsProjectAndLocalJars' as it is up-to-date.
[        ] Resolve mutations for :path_provider_android:extractDebugAnnotations (Thread[#45246,Execution worker Thread 26,5,main]) started.
[        ] :path_provider_android:extractDebugAnnotations (Thread[#45246,Execution worker Thread 26,5,main]) started.
[        ] > Task :path_provider_android:extractDebugAnnotations UP-TO-DATE
[        ] Caching disabled for task ':path_provider_android:extractDebugAnnotations' because:
[        ]   Build cache is disabled
[        ] Skipping task ':path_provider_android:extractDebugAnnotations' as it is up-to-date.
[        ] Resolve mutations for :path_provider_android:extractDeepLinksForAarDebug (Thread[#45246,Execution worker Thread 26,5,main]) started.
[        ] :path_provider_android:extractDeepLinksForAarDebug (Thread[#45246,Execution worker Thread 26,5,main]) started.
[        ] > Task :path_provider_android:extractDeepLinksForAarDebug UP-TO-DATE
[        ] Caching disabled for task ':path_provider_android:extractDeepLinksForAarDebug' because:
[        ]   Build cache is disabled
[        ] Skipping task ':path_provider_android:extractDeepLinksForAarDebug' as it is up-to-date.
[        ] Resolve mutations for :path_provider_android:mergeDebugGeneratedProguardFiles (Thread[#45246,Execution worker Thread 26,5,main]) started.
[        ] :path_provider_android:mergeDebugGeneratedProguardFiles (Thread[#45246,Execution worker Thread 26,5,main]) started.
[        ] > Task :path_provider_android:mergeDebugGeneratedProguardFiles UP-TO-DATE
[        ] Caching disabled for task ':path_provider_android:mergeDebugGeneratedProguardFiles' because:
[        ]   Build cache is disabled
[        ]   Simple merging task
[        ] Skipping task ':path_provider_android:mergeDebugGeneratedProguardFiles' as it is up-to-date.
[        ] Resolve mutations for :path_provider_android:mergeDebugConsumerProguardFiles (Thread[#45246,Execution worker Thread 26,5,main]) started.
[        ] :path_provider_android:mergeDebugConsumerProguardFiles (Thread[#45246,Execution worker Thread 26,5,main]) started.
[        ] > Task :path_provider_android:mergeDebugConsumerProguardFiles UP-TO-DATE
[        ] Caching disabled for task ':path_provider_android:mergeDebugConsumerProguardFiles' because:
[        ]   Build cache is disabled
[        ]   Simple merging task
[        ] Skipping task ':path_provider_android:mergeDebugConsumerProguardFiles' as it is up-to-date.
[        ] Resolve mutations for :path_provider_android:prepareDebugArtProfile (Thread[#45246,Execution worker Thread 26,5,main]) started.
[        ] :path_provider_android:prepareDebugArtProfile (Thread[#45246,Execution worker Thread 26,5,main]) started.
[        ] > Task :path_provider_android:prepareDebugArtProfile UP-TO-DATE
[        ] Caching disabled for task ':path_provider_android:prepareDebugArtProfile' because:
[        ]   Build cache is disabled
[        ]   Caching has been disabled for the task
[        ] Skipping task ':path_provider_android:prepareDebugArtProfile' as it is up-to-date.
[        ] Resolve mutations for :path_provider_android:prepareLintJarForPublish (Thread[#45246,Execution worker Thread 26,5,main]) started.
[        ] :path_provider_android:prepareLintJarForPublish (Thread[#45246,Execution worker Thread 26,5,main]) started.
[        ] > Task :path_provider_android:prepareLintJarForPublish UP-TO-DATE
[        ] Caching disabled for task ':path_provider_android:prepareLintJarForPublish' because:
[        ]   Build cache is disabled
[        ]   Caching has been disabled for the task
[        ] Skipping task ':path_provider_android:prepareLintJarForPublish' as it is up-to-date.
[        ] Resolve mutations for :path_provider_android:mergeDebugJavaResource (Thread[#45246,Execution worker Thread 26,5,main]) started.
[        ] :path_provider_android:mergeDebugJavaResource (Thread[#45246,Execution worker Thread 26,5,main]) started.
[        ] > Task :path_provider_android:mergeDebugJavaResource UP-TO-DATE
[        ] Caching disabled for task ':path_provider_android:mergeDebugJavaResource' because:
[        ]   Build cache is disabled
[        ]   Caching has been disabled for the task
[        ] Skipping task ':path_provider_android:mergeDebugJavaResource' as it is up-to-date.
[        ] Resolve mutations for :path_provider_android:syncDebugLibJars (Thread[#45246,Execution worker Thread 26,5,main]) started.
[        ] :path_provider_android:syncDebugLibJars (Thread[#45246,Execution worker Thread 26,5,main]) started.
[        ] > Task :path_provider_android:syncDebugLibJars UP-TO-DATE
[        ] Caching disabled for task ':path_provider_android:syncDebugLibJars' because:
[        ]   Build cache is disabled
[        ] Skipping task ':path_provider_android:syncDebugLibJars' as it is up-to-date.
[        ] Resolve mutations for :path_provider_android:bundleDebugAar (Thread[#45246,Execution worker Thread 26,5,main]) started.
[        ] :path_provider_android:bundleDebugAar (Thread[#45246,Execution worker Thread 26,5,main]) started.
[        ] > Task :path_provider_android:bundleDebugAar UP-TO-DATE
[        ] Caching disabled for task ':path_provider_android:bundleDebugAar' because:
[        ]   Build cache is disabled
[        ]   Caching has been disabled for the task
[        ] Skipping task ':path_provider_android:bundleDebugAar' as it is up-to-date.
[        ] Resolve mutations for :path_provider_android:assembleDebug (Thread[#45246,Execution worker Thread 26,5,main]) started.
[        ] :path_provider_android:assembleDebug (Thread[#45246,Execution worker Thread 26,5,main]) started.
[        ] > Task :path_provider_android:assembleDebug UP-TO-DATE
[        ] Skipping task ':path_provider_android:assembleDebug' as it has no actions.
[        ] Resolve mutations for :quill_native_bridge_android:stripDebugDebugSymbols (Thread[#45246,Execution worker Thread 26,5,main]) started.
[        ] :quill_native_bridge_android:stripDebugDebugSymbols (Thread[#45246,Execution worker Thread 26,5,main]) started.
[        ] > Task :quill_native_bridge_android:stripDebugDebugSymbols NO-SOURCE
[        ] Skipping task ':quill_native_bridge_android:stripDebugDebugSymbols' as it has no source files and no previous output files.
[        ] Resolve mutations for :quill_native_bridge_android:copyDebugJniLibsProjectAndLocalJars (Thread[#45246,Execution worker Thread 26,5,main]) started.
[        ] :quill_native_bridge_android:copyDebugJniLibsProjectAndLocalJars (Thread[#45246,Execution worker Thread 26,5,main]) started.
[        ] > Task :quill_native_bridge_android:copyDebugJniLibsProjectAndLocalJars UP-TO-DATE
[        ] Caching disabled for task ':quill_native_bridge_android:copyDebugJniLibsProjectAndLocalJars' because:
[        ]   Build cache is disabled
[        ]   Caching has been disabled for the task
[        ] Skipping task ':quill_native_bridge_android:copyDebugJniLibsProjectAndLocalJars' as it is up-to-date.
[        ] Resolve mutations for :quill_native_bridge_android:extractDebugAnnotations (Thread[#45246,Execution worker Thread 26,5,main]) started.
[        ] :quill_native_bridge_android:extractDebugAnnotations (Thread[#45246,Execution worker Thread 26,5,main]) started.
[        ] > Task :quill_native_bridge_android:extractDebugAnnotations UP-TO-DATE
[        ] Caching disabled for task ':quill_native_bridge_android:extractDebugAnnotations' because:
[        ]   Build cache is disabled
[        ] Skipping task ':quill_native_bridge_android:extractDebugAnnotations' as it is up-to-date.
[        ] Resolve mutations for :quill_native_bridge_android:extractDeepLinksForAarDebug (Thread[#45246,Execution worker Thread 26,5,main]) started.
[        ] :quill_native_bridge_android:extractDeepLinksForAarDebug (Thread[#45246,Execution worker Thread 26,5,main]) started.
[        ] > Task :quill_native_bridge_android:extractDeepLinksForAarDebug UP-TO-DATE
[        ] Caching disabled for task ':quill_native_bridge_android:extractDeepLinksForAarDebug' because:
[        ]   Build cache is disabled
[        ] Skipping task ':quill_native_bridge_android:extractDeepLinksForAarDebug' as it is up-to-date.
[        ] Resolve mutations for :quill_native_bridge_android:mergeDebugGeneratedProguardFiles (Thread[#45246,Execution worker Thread 26,5,main]) started.
[        ] :quill_native_bridge_android:mergeDebugGeneratedProguardFiles (Thread[#45246,Execution worker Thread 26,5,main]) started.
[  +93 ms] > Task :quill_native_bridge_android:mergeDebugGeneratedProguardFiles UP-TO-DATE
[        ] Caching disabled for task ':quill_native_bridge_android:mergeDebugGeneratedProguardFiles' because:
[        ]   Build cache is disabled
[        ]   Simple merging task
[        ] Skipping task ':quill_native_bridge_android:mergeDebugGeneratedProguardFiles' as it is up-to-date.
[        ] Resolve mutations for :quill_native_bridge_android:mergeDebugConsumerProguardFiles (Thread[#45246,Execution worker Thread 26,5,main]) started.
[        ] :quill_native_bridge_android:mergeDebugConsumerProguardFiles (Thread[#45246,Execution worker Thread 26,5,main]) started.
[        ] > Task :quill_native_bridge_android:mergeDebugConsumerProguardFiles UP-TO-DATE
[        ] Caching disabled for task ':quill_native_bridge_android:mergeDebugConsumerProguardFiles' because:
[        ]   Build cache is disabled
[        ]   Simple merging task
[        ] Skipping task ':quill_native_bridge_android:mergeDebugConsumerProguardFiles' as it is up-to-date.
[        ] Resolve mutations for :quill_native_bridge_android:prepareDebugArtProfile (Thread[#45246,Execution worker Thread 26,5,main]) started.
[        ] :quill_native_bridge_android:prepareDebugArtProfile (Thread[#45246,Execution worker Thread 26,5,main]) started.
[        ] > Task :quill_native_bridge_android:prepareDebugArtProfile UP-TO-DATE
[        ] Caching disabled for task ':quill_native_bridge_android:prepareDebugArtProfile' because:
[        ]   Build cache is disabled
[        ]   Caching has been disabled for the task
[        ] Skipping task ':quill_native_bridge_android:prepareDebugArtProfile' as it is up-to-date.
[        ] Resolve mutations for :quill_native_bridge_android:prepareLintJarForPublish (Thread[#45246,Execution worker Thread 26,5,main]) started.
[        ] :quill_native_bridge_android:prepareLintJarForPublish (Thread[#45246,Execution worker Thread 26,5,main]) started.
[        ] > Task :quill_native_bridge_android:prepareLintJarForPublish UP-TO-DATE
[        ] Caching disabled for task ':quill_native_bridge_android:prepareLintJarForPublish' because:
[        ]   Build cache is disabled
[        ]   Caching has been disabled for the task
[        ] Skipping task ':quill_native_bridge_android:prepareLintJarForPublish' as it is up-to-date.
[        ] Resolve mutations for :quill_native_bridge_android:mergeDebugJavaResource (Thread[#45246,Execution worker Thread 26,5,main]) started.
[        ] :quill_native_bridge_android:mergeDebugJavaResource (Thread[#45246,Execution worker Thread 26,5,main]) started.
[        ] > Task :quill_native_bridge_android:mergeDebugJavaResource UP-TO-DATE
[        ] Caching disabled for task ':quill_native_bridge_android:mergeDebugJavaResource' because:
[        ]   Build cache is disabled
[        ]   Caching has been disabled for the task
[        ] Skipping task ':quill_native_bridge_android:mergeDebugJavaResource' as it is up-to-date.
[        ] Resolve mutations for :quill_native_bridge_android:syncDebugLibJars (Thread[#45246,Execution worker Thread 26,5,main]) started.
[        ] :quill_native_bridge_android:syncDebugLibJars (Thread[#45246,Execution worker Thread 26,5,main]) started.
[        ] > Task :quill_native_bridge_android:syncDebugLibJars UP-TO-DATE
[        ] Caching disabled for task ':quill_native_bridge_android:syncDebugLibJars' because:
[        ]   Build cache is disabled
[        ] Skipping task ':quill_native_bridge_android:syncDebugLibJars' as it is up-to-date.
[        ] Resolve mutations for :quill_native_bridge_android:bundleDebugAar (Thread[#45246,Execution worker Thread 26,5,main]) started.
[        ] :quill_native_bridge_android:bundleDebugAar (Thread[#45246,Execution worker Thread 26,5,main]) started.
[        ] > Task :quill_native_bridge_android:bundleDebugAar UP-TO-DATE
[        ] Caching disabled for task ':quill_native_bridge_android:bundleDebugAar' because:
[        ]   Build cache is disabled
[        ]   Caching has been disabled for the task
[        ] Skipping task ':quill_native_bridge_android:bundleDebugAar' as it is up-to-date.
[        ] Resolve mutations for :quill_native_bridge_android:assembleDebug (Thread[#45246,Execution worker Thread 26,5,main]) started.
[        ] :quill_native_bridge_android:assembleDebug (Thread[#45246,Execution worker Thread 26,5,main]) started.
[        ] > Task :quill_native_bridge_android:assembleDebug UP-TO-DATE
[        ] Skipping task ':quill_native_bridge_android:assembleDebug' as it has no actions.
[        ] Resolve mutations for :shared_preferences_android:stripDebugDebugSymbols (Thread[#45246,Execution worker Thread 26,5,main]) started.
[        ] :shared_preferences_android:stripDebugDebugSymbols (Thread[#45246,Execution worker Thread 26,5,main]) started.
[        ] > Task :shared_preferences_android:stripDebugDebugSymbols NO-SOURCE
[        ] Skipping task ':shared_preferences_android:stripDebugDebugSymbols' as it has no source files and no previous output files.
[        ] Resolve mutations for :shared_preferences_android:copyDebugJniLibsProjectAndLocalJars (Thread[#45246,Execution worker Thread 26,5,main]) started.
[        ] :shared_preferences_android:copyDebugJniLibsProjectAndLocalJars (Thread[#45246,Execution worker Thread 26,5,main]) started.
[        ] > Task :shared_preferences_android:copyDebugJniLibsProjectAndLocalJars UP-TO-DATE
[        ] Caching disabled for task ':shared_preferences_android:copyDebugJniLibsProjectAndLocalJars' because:
[        ]   Build cache is disabled
[        ]   Caching has been disabled for the task
[        ] Skipping task ':shared_preferences_android:copyDebugJniLibsProjectAndLocalJars' as it is up-to-date.
[        ] Resolve mutations for :shared_preferences_android:extractDebugAnnotations (Thread[#45246,Execution worker Thread 26,5,main]) started.
[        ] :shared_preferences_android:extractDebugAnnotations (Thread[#45246,Execution worker Thread 26,5,main]) started.
[        ] > Task :shared_preferences_android:extractDebugAnnotations UP-TO-DATE
[        ] Caching disabled for task ':shared_preferences_android:extractDebugAnnotations' because:
[        ]   Build cache is disabled
[        ] Skipping task ':shared_preferences_android:extractDebugAnnotations' as it is up-to-date.
[        ] Resolve mutations for :shared_preferences_android:extractDeepLinksForAarDebug (Thread[#45246,Execution worker Thread 26,5,main]) started.
[        ] :shared_preferences_android:extractDeepLinksForAarDebug (Thread[#45246,Execution worker Thread 26,5,main]) started.
[        ] > Task :shared_preferences_android:extractDeepLinksForAarDebug UP-TO-DATE
[        ] Caching disabled for task ':shared_preferences_android:extractDeepLinksForAarDebug' because:
[        ]   Build cache is disabled
[        ] Skipping task ':shared_preferences_android:extractDeepLinksForAarDebug' as it is up-to-date.
[        ] Resolve mutations for :shared_preferences_android:mergeDebugGeneratedProguardFiles (Thread[#45246,Execution worker Thread 26,5,main]) started.
[        ] :shared_preferences_android:mergeDebugGeneratedProguardFiles (Thread[#45246,Execution worker Thread 26,5,main]) started.
[        ] > Task :shared_preferences_android:mergeDebugGeneratedProguardFiles UP-TO-DATE
[        ] Caching disabled for task ':shared_preferences_android:mergeDebugGeneratedProguardFiles' because:
[        ]   Build cache is disabled
[        ]   Simple merging task
[        ] Skipping task ':shared_preferences_android:mergeDebugGeneratedProguardFiles' as it is up-to-date.
[        ] Resolve mutations for :shared_preferences_android:mergeDebugConsumerProguardFiles (Thread[#45246,Execution worker Thread 26,5,main]) started.
[        ] :shared_preferences_android:mergeDebugConsumerProguardFiles (Thread[#45246,Execution worker Thread 26,5,main]) started.
[        ] > Task :shared_preferences_android:mergeDebugConsumerProguardFiles UP-TO-DATE
[        ] Caching disabled for task ':shared_preferences_android:mergeDebugConsumerProguardFiles' because:
[        ]   Build cache is disabled
[        ]   Simple merging task
[        ] Skipping task ':shared_preferences_android:mergeDebugConsumerProguardFiles' as it is up-to-date.
[        ] Resolve mutations for :shared_preferences_android:prepareDebugArtProfile (Thread[#45246,Execution worker Thread 26,5,main]) started.
[        ] :shared_preferences_android:prepareDebugArtProfile (Thread[#45246,Execution worker Thread 26,5,main]) started.
[        ] > Task :shared_preferences_android:prepareDebugArtProfile UP-TO-DATE
[        ] Caching disabled for task ':shared_preferences_android:prepareDebugArtProfile' because:
[        ]   Build cache is disabled
[        ]   Caching has been disabled for the task
[        ] Skipping task ':shared_preferences_android:prepareDebugArtProfile' as it is up-to-date.
[        ] Resolve mutations for :shared_preferences_android:prepareLintJarForPublish (Thread[#45246,Execution worker Thread 26,5,main]) started.
[        ] :shared_preferences_android:prepareLintJarForPublish (Thread[#45246,Execution worker Thread 26,5,main]) started.
[        ] > Task :shared_preferences_android:prepareLintJarForPublish UP-TO-DATE
[        ] Caching disabled for task ':shared_preferences_android:prepareLintJarForPublish' because:
[        ]   Build cache is disabled
[        ]   Caching has been disabled for the task
[        ] Skipping task ':shared_preferences_android:prepareLintJarForPublish' as it is up-to-date.
[        ] Resolve mutations for :shared_preferences_android:mergeDebugJavaResource (Thread[#45246,Execution worker Thread 26,5,main]) started.
[        ] :shared_preferences_android:mergeDebugJavaResource (Thread[#45246,Execution worker Thread 26,5,main]) started.
[        ] > Task :shared_preferences_android:mergeDebugJavaResource UP-TO-DATE
[        ] Caching disabled for task ':shared_preferences_android:mergeDebugJavaResource' because:
[        ]   Build cache is disabled
[        ]   Caching has been disabled for the task
[        ] Skipping task ':shared_preferences_android:mergeDebugJavaResource' as it is up-to-date.
[        ] Resolve mutations for :shared_preferences_android:syncDebugLibJars (Thread[#45246,Execution worker Thread 26,5,main]) started.
[        ] :shared_preferences_android:syncDebugLibJars (Thread[#45246,Execution worker Thread 26,5,main]) started.
[        ] > Task :shared_preferences_android:syncDebugLibJars UP-TO-DATE
[        ] Caching disabled for task ':shared_preferences_android:syncDebugLibJars' because:
[        ]   Build cache is disabled
[        ] Skipping task ':shared_preferences_android:syncDebugLibJars' as it is up-to-date.
[        ] Resolve mutations for :shared_preferences_android:bundleDebugAar (Thread[#45246,Execution worker Thread 26,5,main]) started.
[        ] :shared_preferences_android:bundleDebugAar (Thread[#45246,Execution worker Thread 26,5,main]) started.
[        ] > Task :shared_preferences_android:bundleDebugAar UP-TO-DATE
[        ] Caching disabled for task ':shared_preferences_android:bundleDebugAar' because:
[        ]   Build cache is disabled
[        ]   Caching has been disabled for the task
[        ] Skipping task ':shared_preferences_android:bundleDebugAar' as it is up-to-date.
[        ] Resolve mutations for :shared_preferences_android:assembleDebug (Thread[#45246,Execution worker Thread 26,5,main]) started.
[        ] :shared_preferences_android:assembleDebug (Thread[#45246,Execution worker Thread 26,5,main]) started.
[        ] > Task :shared_preferences_android:assembleDebug UP-TO-DATE
[        ] Skipping task ':shared_preferences_android:assembleDebug' as it has no actions.
[        ] Resolve mutations for :sqflite_android:stripDebugDebugSymbols (Thread[#45246,Execution worker Thread 26,5,main]) started.
[        ] :sqflite_android:stripDebugDebugSymbols (Thread[#45246,Execution worker Thread 26,5,main]) started.
[        ] > Task :sqflite_android:stripDebugDebugSymbols NO-SOURCE
[        ] Skipping task ':sqflite_android:stripDebugDebugSymbols' as it has no source files and no previous output files.
[        ] Resolve mutations for :sqflite_android:copyDebugJniLibsProjectAndLocalJars (Thread[#45246,Execution worker Thread 26,5,main]) started.
[        ] :sqflite_android:copyDebugJniLibsProjectAndLocalJars (Thread[#45246,Execution worker Thread 26,5,main]) started.
[        ] > Task :sqflite_android:copyDebugJniLibsProjectAndLocalJars UP-TO-DATE
[        ] Caching disabled for task ':sqflite_android:copyDebugJniLibsProjectAndLocalJars' because:
[        ]   Build cache is disabled
[        ]   Caching has been disabled for the task
[        ] Skipping task ':sqflite_android:copyDebugJniLibsProjectAndLocalJars' as it is up-to-date.
[        ] Resolve mutations for :sqflite_android:extractDebugAnnotations (Thread[#45246,Execution worker Thread 26,5,main]) started.
[        ] :sqflite_android:extractDebugAnnotations (Thread[#45246,Execution worker Thread 26,5,main]) started.
[        ] > Task :sqflite_android:extractDebugAnnotations UP-TO-DATE
[        ] Caching disabled for task ':sqflite_android:extractDebugAnnotations' because:
[        ]   Build cache is disabled
[        ] Skipping task ':sqflite_android:extractDebugAnnotations' as it is up-to-date.
[        ] Resolve mutations for :sqflite_android:extractDeepLinksForAarDebug (Thread[#45246,Execution worker Thread 26,5,main]) started.
[        ] :sqflite_android:extractDeepLinksForAarDebug (Thread[#45246,Execution worker Thread 26,5,main]) started.
[        ] > Task :sqflite_android:extractDeepLinksForAarDebug UP-TO-DATE
[        ] Caching disabled for task ':sqflite_android:extractDeepLinksForAarDebug' because:
[        ]   Build cache is disabled
[        ] Skipping task ':sqflite_android:extractDeepLinksForAarDebug' as it is up-to-date.
[        ] Resolve mutations for :sqflite_android:mergeDebugGeneratedProguardFiles (Thread[#45246,Execution worker Thread 26,5,main]) started.
[        ] :sqflite_android:mergeDebugGeneratedProguardFiles (Thread[#45246,Execution worker Thread 26,5,main]) started.
[        ] > Task :sqflite_android:mergeDebugGeneratedProguardFiles UP-TO-DATE
[        ] Caching disabled for task ':sqflite_android:mergeDebugGeneratedProguardFiles' because:
[        ]   Build cache is disabled
[        ]   Simple merging task
[        ] Skipping task ':sqflite_android:mergeDebugGeneratedProguardFiles' as it is up-to-date.
[        ] Resolve mutations for :sqflite_android:mergeDebugConsumerProguardFiles (Thread[#45246,Execution worker Thread 26,5,main]) started.
[        ] :sqflite_android:mergeDebugConsumerProguardFiles (Thread[#45246,Execution worker Thread 26,5,main]) started.
[        ] > Task :sqflite_android:mergeDebugConsumerProguardFiles UP-TO-DATE
[        ] Caching disabled for task ':sqflite_android:mergeDebugConsumerProguardFiles' because:
[        ]   Build cache is disabled
[        ]   Simple merging task
[        ] Skipping task ':sqflite_android:mergeDebugConsumerProguardFiles' as it is up-to-date.
[        ] Resolve mutations for :sqflite_android:prepareDebugArtProfile (Thread[#45246,Execution worker Thread 26,5,main]) started.
[        ] :sqflite_android:prepareDebugArtProfile (Thread[#45246,Execution worker Thread 26,5,main]) started.
[        ] > Task :sqflite_android:prepareDebugArtProfile UP-TO-DATE
[        ] Caching disabled for task ':sqflite_android:prepareDebugArtProfile' because:
[        ]   Build cache is disabled
[        ]   Caching has been disabled for the task
[        ] Skipping task ':sqflite_android:prepareDebugArtProfile' as it is up-to-date.
[        ] Resolve mutations for :sqflite_android:prepareLintJarForPublish (Thread[#45246,Execution worker Thread 26,5,main]) started.
[        ] :sqflite_android:prepareLintJarForPublish (Thread[#45246,Execution worker Thread 26,5,main]) started.
[        ] > Task :sqflite_android:prepareLintJarForPublish UP-TO-DATE
[        ] Caching disabled for task ':sqflite_android:prepareLintJarForPublish' because:
[        ]   Build cache is disabled
[        ]   Caching has been disabled for the task
[        ] Skipping task ':sqflite_android:prepareLintJarForPublish' as it is up-to-date.
[        ] Resolve mutations for :sqflite_android:mergeDebugJavaResource (Thread[#45246,Execution worker Thread 26,5,main]) started.
[        ] :sqflite_android:mergeDebugJavaResource (Thread[#45246,Execution worker Thread 26,5,main]) started.
[        ] > Task :sqflite_android:mergeDebugJavaResource UP-TO-DATE
[        ] Caching disabled for task ':sqflite_android:mergeDebugJavaResource' because:
[        ]   Build cache is disabled
[        ]   Caching has been disabled for the task
[        ] Skipping task ':sqflite_android:mergeDebugJavaResource' as it is up-to-date.
[        ] Resolve mutations for :sqflite_android:syncDebugLibJars (Thread[#45246,Execution worker Thread 26,5,main]) started.
[        ] :sqflite_android:syncDebugLibJars (Thread[#45246,Execution worker Thread 26,5,main]) started.
[        ] > Task :sqflite_android:syncDebugLibJars UP-TO-DATE
[        ] Caching disabled for task ':sqflite_android:syncDebugLibJars' because:
[        ]   Build cache is disabled
[        ] Skipping task ':sqflite_android:syncDebugLibJars' as it is up-to-date.
[        ] Resolve mutations for :sqflite_android:bundleDebugAar (Thread[#45246,Execution worker Thread 26,5,main]) started.
[        ] :sqflite_android:bundleDebugAar (Thread[#45246,Execution worker Thread 26,5,main]) started.
[        ] > Task :sqflite_android:bundleDebugAar UP-TO-DATE
[        ] Caching disabled for task ':sqflite_android:bundleDebugAar' because:
[        ]   Build cache is disabled
[        ]   Caching has been disabled for the task
[        ] Skipping task ':sqflite_android:bundleDebugAar' as it is up-to-date.
[        ] Resolve mutations for :sqflite_android:assembleDebug (Thread[#45246,Execution worker Thread 26,5,main]) started.
[        ] :sqflite_android:assembleDebug (Thread[#45246,Execution worker Thread 26,5,main]) started.
[        ] > Task :sqflite_android:assembleDebug UP-TO-DATE
[        ] Skipping task ':sqflite_android:assembleDebug' as it has no actions.
[        ] Resolve mutations for :url_launcher_android:stripDebugDebugSymbols (Thread[#45246,Execution worker Thread 26,5,main]) started.
[        ] :url_launcher_android:stripDebugDebugSymbols (Thread[#45246,Execution worker Thread 26,5,main]) started.
[        ] > Task :url_launcher_android:stripDebugDebugSymbols NO-SOURCE
[        ] Skipping task ':url_launcher_android:stripDebugDebugSymbols' as it has no source files and no previous output files.
[        ] Resolve mutations for :url_launcher_android:copyDebugJniLibsProjectAndLocalJars (Thread[#45246,Execution worker Thread 26,5,main]) started.
[        ] :url_launcher_android:copyDebugJniLibsProjectAndLocalJars (Thread[#45246,Execution worker Thread 26,5,main]) started.
[        ] > Task :url_launcher_android:copyDebugJniLibsProjectAndLocalJars UP-TO-DATE
[        ] Caching disabled for task ':url_launcher_android:copyDebugJniLibsProjectAndLocalJars' because:
[        ]   Build cache is disabled
[        ]   Caching has been disabled for the task
[        ] Skipping task ':url_launcher_android:copyDebugJniLibsProjectAndLocalJars' as it is up-to-date.
[        ] Resolve mutations for :url_launcher_android:extractDebugAnnotations (Thread[#45246,Execution worker Thread 26,5,main]) started.
[        ] :url_launcher_android:extractDebugAnnotations (Thread[#45246,Execution worker Thread 26,5,main]) started.
[        ] > Task :url_launcher_android:extractDebugAnnotations UP-TO-DATE
[        ] Caching disabled for task ':url_launcher_android:extractDebugAnnotations' because:
[        ]   Build cache is disabled
[        ] Skipping task ':url_launcher_android:extractDebugAnnotations' as it is up-to-date.
[        ] Resolve mutations for :url_launcher_android:extractDeepLinksForAarDebug (Thread[#45246,Execution worker Thread 26,5,main]) started.
[        ] :url_launcher_android:extractDeepLinksForAarDebug (Thread[#45246,Execution worker Thread 26,5,main]) started.
[        ] > Task :url_launcher_android:extractDeepLinksForAarDebug UP-TO-DATE
[        ] Caching disabled for task ':url_launcher_android:extractDeepLinksForAarDebug' because:
[        ]   Build cache is disabled
[        ] Skipping task ':url_launcher_android:extractDeepLinksForAarDebug' as it is up-to-date.
[        ] Resolve mutations for :url_launcher_android:mergeDebugGeneratedProguardFiles (Thread[#45246,Execution worker Thread 26,5,main]) started.
[        ] :url_launcher_android:mergeDebugGeneratedProguardFiles (Thread[#45246,Execution worker Thread 26,5,main]) started.
[        ] > Task :url_launcher_android:mergeDebugGeneratedProguardFiles UP-TO-DATE
[        ] Caching disabled for task ':url_launcher_android:mergeDebugGeneratedProguardFiles' because:
[        ]   Build cache is disabled
[        ]   Simple merging task
[        ] Skipping task ':url_launcher_android:mergeDebugGeneratedProguardFiles' as it is up-to-date.
[        ] Resolve mutations for :url_launcher_android:mergeDebugConsumerProguardFiles (Thread[#45246,Execution worker Thread 26,5,main]) started.
[        ] :url_launcher_android:mergeDebugConsumerProguardFiles (Thread[#45246,Execution worker Thread 26,5,main]) started.
[        ] > Task :url_launcher_android:mergeDebugConsumerProguardFiles UP-TO-DATE
[        ] Caching disabled for task ':url_launcher_android:mergeDebugConsumerProguardFiles' because:
[        ]   Build cache is disabled
[        ]   Simple merging task
[        ] Skipping task ':url_launcher_android:mergeDebugConsumerProguardFiles' as it is up-to-date.
[        ] Resolve mutations for :url_launcher_android:prepareDebugArtProfile (Thread[#45246,Execution worker Thread 26,5,main]) started.
[        ] :url_launcher_android:prepareDebugArtProfile (Thread[#45246,Execution worker Thread 26,5,main]) started.
[        ] > Task :url_launcher_android:prepareDebugArtProfile UP-TO-DATE
[        ] Caching disabled for task ':url_launcher_android:prepareDebugArtProfile' because:
[        ]   Build cache is disabled
[        ]   Caching has been disabled for the task
[        ] Skipping task ':url_launcher_android:prepareDebugArtProfile' as it is up-to-date.
[        ] Resolve mutations for :url_launcher_android:prepareLintJarForPublish (Thread[#45246,Execution worker Thread 26,5,main]) started.
[        ] :url_launcher_android:prepareLintJarForPublish (Thread[#45246,Execution worker Thread 26,5,main]) started.
[        ] > Task :url_launcher_android:prepareLintJarForPublish UP-TO-DATE
[        ] Caching disabled for task ':url_launcher_android:prepareLintJarForPublish' because:
[        ]   Build cache is disabled
[        ]   Caching has been disabled for the task
[        ] Skipping task ':url_launcher_android:prepareLintJarForPublish' as it is up-to-date.
[        ] Resolve mutations for :url_launcher_android:mergeDebugJavaResource (Thread[#45246,Execution worker Thread 26,5,main]) started.
[        ] :url_launcher_android:mergeDebugJavaResource (Thread[#45246,Execution worker Thread 26,5,main]) started.
[        ] > Task :url_launcher_android:mergeDebugJavaResource UP-TO-DATE
[        ] Caching disabled for task ':url_launcher_android:mergeDebugJavaResource' because:
[        ]   Build cache is disabled
[        ]   Caching has been disabled for the task
[        ] Skipping task ':url_launcher_android:mergeDebugJavaResource' as it is up-to-date.
[        ] Resolve mutations for :url_launcher_android:syncDebugLibJars (Thread[#45246,Execution worker Thread 26,5,main]) started.
[        ] :url_launcher_android:syncDebugLibJars (Thread[#45246,Execution worker Thread 26,5,main]) started.
[        ] > Task :url_launcher_android:syncDebugLibJars UP-TO-DATE
[        ] Caching disabled for task ':url_launcher_android:syncDebugLibJars' because:
[        ]   Build cache is disabled
[        ] Skipping task ':url_launcher_android:syncDebugLibJars' as it is up-to-date.
[        ] Resolve mutations for :url_launcher_android:bundleDebugAar (Thread[#45246,Execution worker Thread 26,5,main]) started.
[        ] :url_launcher_android:bundleDebugAar (Thread[#45246,Execution worker Thread 26,5,main]) started.
[        ] > Task :url_launcher_android:bundleDebugAar UP-TO-DATE
[        ] Caching disabled for task ':url_launcher_android:bundleDebugAar' because:
[        ]   Build cache is disabled
[        ]   Caching has been disabled for the task
[        ] Skipping task ':url_launcher_android:bundleDebugAar' as it is up-to-date.
[        ] Resolve mutations for :url_launcher_android:assembleDebug (Thread[#45246,Execution worker Thread 26,5,main]) started.
[        ] :url_launcher_android:assembleDebug (Thread[#45246,Execution worker Thread 26,5,main]) started.
[        ] > Task :url_launcher_android:assembleDebug UP-TO-DATE
[        ] Skipping task ':url_launcher_android:assembleDebug' as it has no actions.
[        ] Resolve mutations for :video_player_android:stripDebugDebugSymbols (Thread[#45246,Execution worker Thread 26,5,main]) started.
[        ] :video_player_android:stripDebugDebugSymbols (Thread[#45246,Execution worker Thread 26,5,main]) started.
[        ] > Task :video_player_android:stripDebugDebugSymbols NO-SOURCE
[        ] Skipping task ':video_player_android:stripDebugDebugSymbols' as it has no source files and no previous output files.
[        ] Resolve mutations for :video_player_android:copyDebugJniLibsProjectAndLocalJars (Thread[#45246,Execution worker Thread 26,5,main]) started.
[        ] :video_player_android:copyDebugJniLibsProjectAndLocalJars (Thread[#45246,Execution worker Thread 26,5,main]) started.
[        ] > Task :video_player_android:copyDebugJniLibsProjectAndLocalJars UP-TO-DATE
[        ] Caching disabled for task ':video_player_android:copyDebugJniLibsProjectAndLocalJars' because:
[        ]   Build cache is disabled
[        ]   Caching has been disabled for the task
[        ] Skipping task ':video_player_android:copyDebugJniLibsProjectAndLocalJars' as it is up-to-date.
[        ] Resolve mutations for :video_player_android:extractDebugAnnotations (Thread[#45246,Execution worker Thread 26,5,main]) started.
[        ] :video_player_android:extractDebugAnnotations (Thread[#45246,Execution worker Thread 26,5,main]) started.
[        ] > Task :video_player_android:extractDebugAnnotations UP-TO-DATE
[        ] Caching disabled for task ':video_player_android:extractDebugAnnotations' because:
[        ]   Build cache is disabled
[        ] Skipping task ':video_player_android:extractDebugAnnotations' as it is up-to-date.
[        ] Resolve mutations for :video_player_android:extractDeepLinksForAarDebug (Thread[#45246,Execution worker Thread 26,5,main]) started.
[        ] :video_player_android:extractDeepLinksForAarDebug (Thread[#45246,Execution worker Thread 26,5,main]) started.
[        ] > Task :video_player_android:extractDeepLinksForAarDebug UP-TO-DATE
[        ] Caching disabled for task ':video_player_android:extractDeepLinksForAarDebug' because:
[        ]   Build cache is disabled
[        ] Skipping task ':video_player_android:extractDeepLinksForAarDebug' as it is up-to-date.
[        ] Resolve mutations for :video_player_android:mergeDebugGeneratedProguardFiles (Thread[#45246,Execution worker Thread 26,5,main]) started.
[        ] :video_player_android:mergeDebugGeneratedProguardFiles (Thread[#45246,Execution worker Thread 26,5,main]) started.
[        ] > Task :video_player_android:mergeDebugGeneratedProguardFiles UP-TO-DATE
[        ] Caching disabled for task ':video_player_android:mergeDebugGeneratedProguardFiles' because:
[        ]   Build cache is disabled
[        ]   Simple merging task
[        ] Skipping task ':video_player_android:mergeDebugGeneratedProguardFiles' as it is up-to-date.
[        ] Resolve mutations for :video_player_android:mergeDebugConsumerProguardFiles (Thread[#45246,Execution worker Thread 26,5,main]) started.
[        ] :video_player_android:mergeDebugConsumerProguardFiles (Thread[#45246,Execution worker Thread 26,5,main]) started.
[        ] > Task :video_player_android:mergeDebugConsumerProguardFiles UP-TO-DATE
[        ] Caching disabled for task ':video_player_android:mergeDebugConsumerProguardFiles' because:
[        ]   Build cache is disabled
[        ]   Simple merging task
[        ] Skipping task ':video_player_android:mergeDebugConsumerProguardFiles' as it is up-to-date.
[        ] Resolve mutations for :video_player_android:prepareDebugArtProfile (Thread[#45246,Execution worker Thread 26,5,main]) started.
[        ] :video_player_android:prepareDebugArtProfile (Thread[#45246,Execution worker Thread 26,5,main]) started.
[        ] > Task :video_player_android:prepareDebugArtProfile UP-TO-DATE
[        ] Caching disabled for task ':video_player_android:prepareDebugArtProfile' because:
[        ]   Build cache is disabled
[        ]   Caching has been disabled for the task
[        ] Skipping task ':video_player_android:prepareDebugArtProfile' as it is up-to-date.
[        ] Resolve mutations for :video_player_android:prepareLintJarForPublish (Thread[#45246,Execution worker Thread 26,5,main]) started.
[        ] :video_player_android:prepareLintJarForPublish (Thread[#45246,Execution worker Thread 26,5,main]) started.
[        ] > Task :video_player_android:prepareLintJarForPublish UP-TO-DATE
[        ] Caching disabled for task ':video_player_android:prepareLintJarForPublish' because:
[        ]   Build cache is disabled
[        ]   Caching has been disabled for the task
[        ] Skipping task ':video_player_android:prepareLintJarForPublish' as it is up-to-date.
[        ] Resolve mutations for :video_player_android:mergeDebugJavaResource (Thread[#45246,Execution worker Thread 26,5,main]) started.
[        ] :video_player_android:mergeDebugJavaResource (Thread[#45246,Execution worker Thread 26,5,main]) started.
[        ] > Task :video_player_android:mergeDebugJavaResource UP-TO-DATE
[        ] Caching disabled for task ':video_player_android:mergeDebugJavaResource' because:
[        ]   Build cache is disabled
[        ]   Caching has been disabled for the task
[        ] Skipping task ':video_player_android:mergeDebugJavaResource' as it is up-to-date.
[        ] Resolve mutations for :video_player_android:syncDebugLibJars (Thread[#45246,Execution worker Thread 26,5,main]) started.
[        ] :video_player_android:syncDebugLibJars (Thread[#45246,Execution worker Thread 26,5,main]) started.
[        ] > Task :video_player_android:syncDebugLibJars UP-TO-DATE
[        ] Caching disabled for task ':video_player_android:syncDebugLibJars' because:
[        ]   Build cache is disabled
[        ] Skipping task ':video_player_android:syncDebugLibJars' as it is up-to-date.
[        ] Resolve mutations for :video_player_android:bundleDebugAar (Thread[#45246,Execution worker Thread 26,5,main]) started.
[        ] :video_player_android:bundleDebugAar (Thread[#45246,Execution worker Thread 26,5,main]) started.
[        ] > Task :video_player_android:bundleDebugAar UP-TO-DATE
[        ] Caching disabled for task ':video_player_android:bundleDebugAar' because:
[        ]   Build cache is disabled
[        ]   Caching has been disabled for the task
[        ] Skipping task ':video_player_android:bundleDebugAar' as it is up-to-date.
[        ] Resolve mutations for :video_player_android:assembleDebug (Thread[#45246,Execution worker Thread 26,5,main]) started.
[        ] :video_player_android:assembleDebug (Thread[#45246,Execution worker Thread 26,5,main]) started.
[        ] > Task :video_player_android:assembleDebug UP-TO-DATE
[        ] Skipping task ':video_player_android:assembleDebug' as it has no actions.
19:53 +13 -45: loading /Users/florian/Code/substitution/integration_test/onboarding_and_login_test.dart                                                                                                [ +493 ms] > Task :app:compressDebugAssets
[        ] Caching disabled for task ':app:compressDebugAssets' because:
[        ]   Build cache is disabled
[        ] Task ':app:compressDebugAssets' is not up-to-date because:
[        ]   Input property 'inputDirs' file /Users/florian/Code/substitution/build/app/intermediates/assets/debug/mergeDebugAssets/flutter_assets/kernel_blob.bin has changed.
[        ] Resolve mutations for :app:packageDebug (Thread[#45219,included builds,5,main]) started.
[        ] :app:packageDebug (Thread[#45219,included builds,5,main]) started.
[ +395 ms] > Task :app:packageDebug
[        ] Custom actions are attached to task ':app:packageDebug'.
[        ] Caching disabled for task ':app:packageDebug' because:
[        ]   Build cache is disabled
[        ]   Caching has been disabled for the task
[        ] Task ':app:packageDebug' is not up-to-date because:
[        ]   Input property 'assets' file /Users/florian/Code/substitution/build/app/intermediates/compressed_assets/debug/compressDebugAssets/out/assets/flutter_assets/kernel_blob.bin.jar has changed.
[        ] Resolve mutations for :app:createDebugApkListingFileRedirect (Thread[#45219,included builds,5,main]) started.
[ +107 ms] :app:createDebugApkListingFileRedirect (Thread[#45219,included builds,5,main]) started.
[        ] > Task :app:createDebugApkListingFileRedirect UP-TO-DATE
[        ] Caching disabled for task ':app:createDebugApkListingFileRedirect' because:
[        ]   Build cache is disabled
[        ]   Caching has been disabled for the task
[        ] Skipping task ':app:createDebugApkListingFileRedirect' as it is up-to-date.
[        ] Resolve mutations for :app:assembleDebug (Thread[#45219,included builds,5,main]) started.
[        ] :app:assembleDebug (Thread[#45219,included builds,5,main]) started.
[        ] > Task :app:assembleDebug
[        ] Caching disabled for task ':app:assembleDebug' because:
[        ]   Build cache is disabled
[        ] Task ':app:assembleDebug' is not up-to-date because:
[        ]   Task has not declared any outputs despite executing actions.
[        ] [Incubating] Problems report is available at: file:///Users/florian/Code/substitution/build/reports/problems/problems-report.html
[        ] Deprecated Gradle features were used in this build, making it incompatible with Gradle 9.0.
[        ] You can use '--warning-mode all' to show the individual deprecation warnings and determine if they come from your own scripts or plugins.
[        ] For more on this, please refer to https://docs.gradle.org/8.12.1/userguide/command_line_interface.html#sec:command_line_warnings in the Gradle documentation.
[        ] BUILD SUCCESSFUL in 13s
[        ] 458 actionable tasks: 29 executed, 429 up-to-date
[        ] Watched directory hierarchies: [/opt/homebrew/share/flutter/packages/flutter_tools/gradle, /Users/florian/Code/substitution/android]
[  +61 ms] Running Gradle task 'assembleDebug'... (completed in 13,4s)
[   +6 ms] Calculate SHA1: LocalDirectory: '/Users/florian/Code/substitution/build/app/outputs/flutter-apk'/app-debug.apk
[+1100 ms] ✓ Built build/app/outputs/flutter-apk/app-debug.apk
[   +2 ms] executing: /Users/florian/Library/Android/sdk/build-tools/36.1.0/aapt dump xmltree /Users/florian/Code/substitution/build/app/outputs/flutter-apk/app-debug.apk AndroidManifest.xml
[  +13 ms] Exit code 0 from: /Users/florian/Library/Android/sdk/build-tools/36.1.0/aapt dump xmltree /Users/florian/Code/substitution/build/app/outputs/flutter-apk/app-debug.apk AndroidManifest.xml
[        ] N: android=http://schemas.android.com/apk/res/android
             E: manifest (line=2)
               A: android:versionCode(0x0101021b)=(type 0x10)0x7
               A: android:versionName(0x0101021c)="1.0.0" (Raw: "1.0.0")
               A: android:compileSdkVersion(0x01010572)=(type 0x10)0x24
               A: android:compileSdkVersionCodename(0x01010573)="16" (Raw: "16")
               A: package="art.substitution.substitution" (Raw: "art.substitution.substitution")
               A: platformBuildVersionCode=(type 0x10)0x24
               A: platformBuildVersionName=(type 0x10)0x10
               E: uses-sdk (line=7)
                 A: android:minSdkVersion(0x0101020c)=(type 0x10)0x18
                 A: android:targetSdkVersion(0x01010270)=(type 0x10)0x22
               E: uses-permission (line=15)
                 A: android:name(0x01010003)="android.permission.INTERNET" (Raw: "android.permission.INTERNET")
               E: uses-permission (line=16)
                 A: android:name(0x01010003)="android.permission.ACCESS_NETWORK_STATE" (Raw: "android.permission.ACCESS_NETWORK_STATE")
               E: permission (line=18)
                 A: android:name(0x01010003)="art.substitution.substitution.DYNAMIC_RECEIVER_NOT_EXPORTED_PERMISSION" (Raw: "art.substitution.substitution.DYNAMIC_RECEIVER_NOT_EXPORTED_PERMISSION")
                 A: android:protectionLevel(0x01010009)=(type 0x11)0x2
               E: uses-permission (line=22)
                 A: android:name(0x01010003)="art.substitution.substitution.DYNAMIC_RECEIVER_NOT_EXPORTED_PERMISSION" (Raw: "art.substitution.substitution.DYNAMIC_RECEIVER_NOT_EXPORTED_PERMISSION")
               E: application (line=24)
                 A: android:label(0x01010001)="substitution" (Raw: "substitution")
                 A: android:icon(0x01010002)=@0x7f0c0000
                 A: android:name(0x01010003)="android.app.Application" (Raw: "android.app.Application")
                 A: android:debuggable(0x0101000f)=(type 0x12)0xffffffff
                 A: android:extractNativeLibs(0x010104ea)=(type 0x12)0x0
                 A: android:appComponentFactory(0x0101057a)="androidx.core.app.CoreComponentFactory" (Raw: "androidx.core.app.CoreComponentFactory")
                 E: activity (line=31)
                   A: android:theme(0x01010000)=@0x7f0e00a2
                   A: android:name(0x01010003)="art.substitution.substitution.MainActivity" (Raw: "art.substitution.substitution.MainActivity")
                   A: android:exported(0x01010010)=(type 0x12)0xffffffff
                   A: android:launchMode(0x0101001d)=(type 0x10)0x1
                   A: android:configChanges(0x0101001f)=(type 0x11)0x40003fb4
                   A: android:windowSoftInputMode(0x0101022b)=(type 0x11)0x10
                   A: android:hardwareAccelerated(0x010102d3)=(type 0x12)0xffffffff
                   E: meta-data (line=46)
                     A: android:name(0x01010003)="io.flutter.embedding.android.NormalTheme" (Raw: "io.flutter.embedding.android.NormalTheme")
                     A: android:resource(0x01010025)=@0x7f0e00a3
                   E: intent-filter (line=50)
                     E: action (line=51)
                       A: android:name(0x01010003)="android.intent.action.MAIN" (Raw: "android.intent.action.MAIN")
                     E: category (line=53)
                       A: android:name(0x01010003)="android.intent.category.LAUNCHER" (Raw: "android.intent.category.LAUNCHER")
                   E: intent-filter (line=56)
                     E: action (line=57)
                       A: android:name(0x01010003)="android.intent.action.VIEW" (Raw: "android.intent.action.VIEW")
                     E: category (line=59)
                       A: android:name(0x01010003)="android.intent.category.DEFAULT" (Raw: "android.intent.category.DEFAULT")
                     E: category (line=60)
                       A: android:name(0x01010003)="android.intent.category.BROWSABLE" (Raw: "android.intent.category.BROWSABLE")
                     E: data (line=62)
                       A: android:scheme(0x01010027)="substitution" (Raw: "substitution")
                       A: android:host(0x01010028)="auth" (Raw: "auth")
                       A: android:pathPrefix(0x0101002b)="/login-callback" (Raw: "/login-callback")
                 E: meta-data (line=72)
                   A: android:name(0x01010003)="flutterEmbedding" (Raw: "flutterEmbedding")
                   A: android:value(0x01010024)=(type 0x10)0x2
                 E: activity (line=76)
                   A: android:theme(0x01010000)=@0x01030007
                   A: android:name(0x01010003)="io.flutter.plugins.urllauncher.WebViewActivity" (Raw: "io.flutter.plugins.urllauncher.WebViewActivity")
                   A: android:exported(0x01010010)=(type 0x12)0x0
                 E: uses-library (line=81)
                   A: android:name(0x01010003)="androidx.window.extensions" (Raw: "androidx.window.extensions")
                   A: android:required(0x0101028e)=(type 0x12)0x0
                 E: uses-library (line=84)
                   A: android:name(0x01010003)="androidx.window.sidecar" (Raw: "androidx.window.sidecar")
                   A: android:required(0x0101028e)=(type 0x12)0x0
                 E: provider (line=88)
                   A: android:name(0x01010003)="androidx.startup.InitializationProvider" (Raw: "androidx.startup.InitializationProvider")
                   A: android:exported(0x01010010)=(type 0x12)0x0
                   A: android:authorities(0x01010018)="art.substitution.substitution.androidx-startup" (Raw: "art.substitution.substitution.androidx-startup")
                   E: meta-data (line=92)
                     A: android:name(0x01010003)="androidx.lifecycle.ProcessLifecycleInitializer" (Raw: "androidx.lifecycle.ProcessLifecycleInitializer")
                     A: android:value(0x01010024)="androidx.startup" (Raw: "androidx.startup")
                   E: meta-data (line=95)
                     A: android:name(0x01010003)="androidx.profileinstaller.ProfileInstallerInitializer" (Raw: "androidx.profileinstaller.ProfileInstallerInitializer")
                     A: android:value(0x01010024)="androidx.startup" (Raw: "androidx.startup")
                 E: receiver (line=100)
                   A: android:name(0x01010003)="androidx.profileinstaller.ProfileInstallReceiver" (Raw: "androidx.profileinstaller.ProfileInstallReceiver")
                   A: android:permission(0x01010006)="android.permission.DUMP" (Raw: "android.permission.DUMP")
                   A: android:enabled(0x0101000e)=(type 0x12)0xffffffff
                   A: android:exported(0x01010010)=(type 0x12)0xffffffff
                   A: android:directBootAware(0x01010505)=(type 0x12)0x0
                   E: intent-filter (line=106)
                     E: action (line=107)
                       A: android:name(0x01010003)="androidx.profileinstaller.action.INSTALL_PROFILE" (Raw: "androidx.profileinstaller.action.INSTALL_PROFILE")
                   E: intent-filter (line=109)
                     E: action (line=110)
                       A: android:name(0x01010003)="androidx.profileinstaller.action.SKIP_FILE" (Raw: "androidx.profileinstaller.action.SKIP_FILE")
                   E: intent-filter (line=112)
                     E: action (line=113)
                       A: android:name(0x01010003)="androidx.profileinstaller.action.SAVE_PROFILE" (Raw: "androidx.profileinstaller.action.SAVE_PROFILE")
                   E: intent-filter (line=115)
                     E: action (line=116)
                       A: android:name(0x01010003)="androidx.profileinstaller.action.BENCHMARK_OPERATION" (Raw: "androidx.profileinstaller.action.BENCHMARK_OPERATION")
[        ] Stopping app 'app-debug.apk' on sdk gphone64 arm64.
[        ] executing: /Users/florian/Library/Android/sdk/platform-tools/adb -s emulator-5554 shell am force-stop art.substitution.substitution
19:54 +13 -45: loading /Users/florian/Code/substitution/integration_test/onboarding_and_login_test.dart                                                                                                [  +24 ms] Installing APK.
[        ] Installing build/app/outputs/flutter-apk/app-debug.apk...
[        ] executing: /Users/florian/Library/Android/sdk/platform-tools/adb -s emulator-5554 install -t -r /Users/florian/Code/substitution/build/app/outputs/flutter-apk/app-debug.apk
19:55 +13 -45: loading /Users/florian/Code/substitution/integration_test/onboarding_and_login_test.dart                                                                                                [ +401 ms] Performing Streamed Install
           Success
[        ] Installing build/app/outputs/flutter-apk/app-debug.apk... (completed in 401ms)
[        ] executing: /Users/florian/Library/Android/sdk/platform-tools/adb -s emulator-5554 shell echo -n 14258f4cfe8b88cd66105e9411c40407506d1078 > /data/local/tmp/sky.art.substitution.substitution.sha1
[  +22 ms] executing: /Users/florian/Library/Android/sdk/platform-tools/adb -s emulator-5554 shell -x logcat -v time -t 1
[  +93 ms] --------- beginning of main
           02-17 00:14:46.532 W/SignedPackage(  668): Package doesn't have required signing certificate: com.google.android.retaildemo
[   +4 ms] executing: /Users/florian/Library/Android/sdk/platform-tools/adb -s emulator-5554 shell am start -a android.intent.action.MAIN -c android.intent.category.LAUNCHER -f 0x20000000 --ez enable-dart-profiling true --ez enable-checked-mode true --ez verify-entry-points true art.substitution.substitution/art.substitution.substitution.MainActivity
[ +149 ms] Starting: Intent { act=android.intent.action.MAIN cat=[android.intent.category.LAUNCHER] flg=0x20000000 cmp=art.substitution.substitution/.MainActivity (has extras) }
[        ] Waiting for VM Service port to be available...
19:56 +13 -45: loading /Users/florian/Code/substitution/integration_test/onboarding_and_login_test.dart                                                                                                19:57 +13 -45: loading /Users/florian/Code/substitution/integration_test/onboarding_and_login_test.dart                                                                                                [+2295 ms] VM Service URL on device: http://127.0.0.1:39953/2BOUyrnZc6o=/
[        ] executing: /Users/florian/Library/Android/sdk/platform-tools/adb -s emulator-5554 forward tcp:0 tcp:39953
[  +16 ms] 55977
[        ] Forwarded host port 55977 to device port 39953 for VM Service
[        ] test 20: Starting Dart Development Service
[        ] Launching a Dart Developer Service (DDS) instance at http://127.0.0.1:0, connecting to VM service at http://127.0.0.1:55977/2BOUyrnZc6o=/.
19:58 +13 -45: loading /Users/florian/Code/substitution/integration_test/onboarding_and_login_test.dart                                                                                                [ +194 ms] test 20: Dart Development Service started at http://127.0.0.1:55981/F1WA-1FM1gU=/, forwarding to VM service at http://127.0.0.1:55977/2BOUyrnZc6o=/.
[        ] test 20: Connecting to vm service
[        ] test 20: VM Service uri is available at http://127.0.0.1:55981/F1WA-1FM1gU=/
[   +3 ms] test 20: Finding the correct isolate with the integration test service extension
[ +159 ms] test 20: connected to test device, now awaiting test result
[        ] test 20: Waiting for test harness or tests to finish
19:58 +13 -45: /Users/florian/Code/substitution/integration_test/onboarding_and_login_test.dart: ... & Login Flow with Real Matrix Server Complete onboarding: host selection -> login -> view feed    19:58 +13 -45: /Users/florian/Code/substitution/integration_test/onboarding_and_login_test.dart: Onboarding & Login Flow with Real Matrix Server Complete onboarding: host selection -> login -> view feed
[90m[🌎 Easy Localization] [DEBUG] Localization initialized[0m
[Matrix] [32mInitialize client Substitution[0m
[Matrix] [32mUser is not logged in.[0m
[90m[🌎 Easy Localization] [DEBUG] Start[0m
[90m[🌎 Easy Localization] [DEBUG] Init state[0m
[90m[🌎 Easy Localization] [DEBUG] Build[0m
[90m[🌎 Easy Localization] [DEBUG] Init Localization Delegate[0m
[90m[🌎 Easy Localization] [DEBUG] Init provider[0m
[90m[🌎 Easy Localization] [DEBUG] Load Localization Delegate[0m
[90m[🌎 Easy Localization] [DEBUG] Load asset from assets/translations[0m
[90m[🌎 Easy Localization] [DEBUG] Build[0m
[90m[🌎 Easy Localization] [DEBUG] Init Localization Delegate[0m
[90m[🌎 Easy Localization] [DEBUG] Init provider[0m
══╡ EXCEPTION CAUGHT BY FLUTTER TEST FRAMEWORK ╞════════════════════════════════════════════════════
The following StateError was thrown running a test:
Bad state: No element

When the exception was thrown, this was the stack:
#0      Iterable.first (dart:core/iterable.dart:663:7)
#1      _FirstFinderMixin.filter (package:flutter_test/src/finders.dart:1332:28)
#3      ExpandIterator.moveNext (dart:_internal/iterable.dart:506:21)
#4      SetBase.addAll (dart:collection/set.dart:58:23)
#5      _Set.addAll (dart:_compact_hash:1190:11)
#6      new LinkedHashSet.of (dart:collection/linked_hash_set.dart:193:27)
#7      Iterable.toSet (dart:core/iterable.dart:532:21)
#8      _DescendantFinderMixin.allCandidates (package:flutter_test/src/finders.dart:1731:10)
#9      FinderBase.evaluate (package:flutter_test/src/finders.dart:979:76)
#10     WidgetController.state (package:flutter_test/src/controller.dart:912:31)
#11     WidgetTester.showKeyboard.<anonymous closure> (package:flutter_test/src/widget_tester.dart:1125:42)
#14     TestAsyncUtils.guard (package:flutter_test/src/test_async_utils.dart:74:41)
#15     WidgetTester.showKeyboard (package:flutter_test/src/widget_tester.dart:1124:27)
#16     WidgetTester.enterText.<anonymous closure> (package:flutter_test/src/widget_tester.dart:1160:13)
#19     TestAsyncUtils.guard (package:flutter_test/src/test_async_utils.dart:74:41)
#20     WidgetTester.enterText (package:flutter_test/src/widget_tester.dart:1159:27)
#21     main.<anonymous closure>.<anonymous closure> (file:///Users/florian/Code/substitution/integration_test/onboarding_and_login_test.dart:72:22)
<asynchronous suspension>
#22     testWidgets.<anonymous closure>.<anonymous closure> (package:flutter_test/src/widget_tester.dart:192:15)
<asynchronous suspension>
#23     TestWidgetsFlutterBinding._runTestBody (package:flutter_test/src/binding.dart:1059:5)
<asynchronous suspension>
<asynchronous suspension>
(elided 6 frames from dart:async, dart:async-patch, and package:stack_trace)

The test description was:
  Complete onboarding: host selection -> login -> view feed
════════════════════════════════════════════════════════════════════════════════════════════════════
20:05 +13 -46: /Users/florian/Code/substitution/integration_test/onboarding_and_login_test.dart: Onboarding & Login Flow with Real Matrix Server Complete onboarding: host selection -> login -> view feed [E]
  Test failed. See exception logs above.
  The test description was: Complete onboarding: host selection -> login -> view feed
  

To run this test again: /opt/homebrew/share/flutter/bin/cache/dart-sdk/bin/dart test /Users/florian/Code/substitution/integration_test/onboarding_and_login_test.dart -p vm --plain-name 'Onboarding & Login Flow with Real Matrix Server Complete onboarding: host selection -> login -> view feed'
20:05 +13 -46: /Users/florian/Code/substitution/integration_test/onboarding_and_login_test.dart: Onboarding & Login Flow with Real Matrix Server Login with invalid credentials shows error            20:05 +13 -46: /Users/florian/Code/substitution/integration_test/onboarding_and_login_test.dart: Onboarding & Login Flow with Real Matrix Server Login with invalid credentials shows error            
[90m[🌎 Easy Localization] [DEBUG] Localization initialized[0m
[Matrix] [32mInitialize client Substitution[0m
[Matrix] [32mUser is not logged in.[0m
[90m[🌎 Easy Localization] [DEBUG] Start[0m
20:07 +13 -46: /Users/florian/Code/substitution/integration_test/onboarding_and_login_test.dart: Onboarding & Login Flow with Real Matrix Server Complete onboarding: host selection -> login -> view feed
[90m[🌎 Easy Localization] [DEBUG] Init state[0m
[90m[🌎 Easy Localization] [DEBUG] Build[0m
[90m[🌎 Easy Localization] [DEBUG] Init Localization Delegate[0m
[90m[🌎 Easy Localization] [DEBUG] Init provider[0m
[90m[🌎 Easy Localization] [DEBUG] Load Localization Delegate[0m
[90m[🌎 Easy Localization] [DEBUG] Load asset from assets/translations[0m
[90m[🌎 Easy Localization] [DEBUG] Build[0m
[90m[🌎 Easy Localization] [DEBUG] Init Localization Delegate[0m
[90m[🌎 Easy Localization] [DEBUG] Init provider[0m
20:11 +13 -46: /Users/florian/Code/substitution/integration_test/onboarding_and_login_test.dart: Onboarding & Login Flow with Real Matrix Server Login with invalid credentials shows error            
══╡ EXCEPTION CAUGHT BY FLUTTER TEST FRAMEWORK ╞════════════════════════════════════════════════════
The following StateError was thrown running a test:
Bad state: No element

When the exception was thrown, this was the stack:
#0      Iterable.first (dart:core/iterable.dart:663:7)
#1      _FirstFinderMixin.filter (package:flutter_test/src/finders.dart:1332:28)
#3      ExpandIterator.moveNext (dart:_internal/iterable.dart:506:21)
#4      SetBase.addAll (dart:collection/set.dart:58:23)
#5      _Set.addAll (dart:_compact_hash:1190:11)
#6      new LinkedHashSet.of (dart:collection/linked_hash_set.dart:193:27)
#7      Iterable.toSet (dart:core/iterable.dart:532:21)
#8      _DescendantFinderMixin.allCandidates (package:flutter_test/src/finders.dart:1731:10)
#9      FinderBase.evaluate (package:flutter_test/src/finders.dart:979:76)
#10     WidgetController.state (package:flutter_test/src/controller.dart:912:31)
#11     WidgetTester.showKeyboard.<anonymous closure> (package:flutter_test/src/widget_tester.dart:1125:42)
#14     TestAsyncUtils.guard (package:flutter_test/src/test_async_utils.dart:74:41)
#15     WidgetTester.showKeyboard (package:flutter_test/src/widget_tester.dart:1124:27)
#16     WidgetTester.enterText.<anonymous closure> (package:flutter_test/src/widget_tester.dart:1160:13)
#19     TestAsyncUtils.guard (package:flutter_test/src/test_async_utils.dart:74:41)
#20     WidgetTester.enterText (package:flutter_test/src/widget_tester.dart:1159:27)
#21     main.<anonymous closure>.<anonymous closure> (file:///Users/florian/Code/substitution/integration_test/onboarding_and_login_test.dart:120:22)
<asynchronous suspension>
#22     testWidgets.<anonymous closure>.<anonymous closure> (package:flutter_test/src/widget_tester.dart:192:15)
<asynchronous suspension>
#23     TestWidgetsFlutterBinding._runTestBody (package:flutter_test/src/binding.dart:1059:5)
<asynchronous suspension>
<asynchronous suspension>
(elided 6 frames from dart:async, dart:async-patch, and package:stack_trace)

The test description was:
  Login with invalid credentials shows error
════════════════════════════════════════════════════════════════════════════════════════════════════
20:11 +13 -47: /Users/florian/Code/substitution/integration_test/onboarding_and_login_test.dart: Onboarding & Login Flow with Real Matrix Server Login with invalid credentials shows error [E]        
  Test failed. See exception logs above.
  The test description was: Login with invalid credentials shows error
  

To run this test again: /opt/homebrew/share/flutter/bin/cache/dart-sdk/bin/dart test /Users/florian/Code/substitution/integration_test/onboarding_and_login_test.dart -p vm --plain-name 'Onboarding & Login Flow with Real Matrix Server Login with invalid credentials shows error'
20:11 +13 -47: /Users/florian/Code/substitution/integration_test/onboarding_and_login_test.dart: Onboarding & Login Flow with Real Matrix Server User can choose different homeserver                  20:11 +13 -47: /Users/florian/Code/substitution/integration_test/onboarding_and_login_test.dart: Onboarding & Login Flow with Real Matrix Server User can choose different homeserver                  
[90m[🌎 Easy Localization] [DEBUG] Localization initialized[0m
[Matrix] [32mInitialize client Substitution[0m
[Matrix] [32mUser is not logged in.[0m
[90m[🌎 Easy Localization] [DEBUG] Start[0m
20:13 +13 -47: /Users/florian/Code/substitution/integration_test/onboarding_and_login_test.dart: Onboarding & Login Flow with Real Matrix Server Complete onboarding: host selection -> login -> view feed
[90m[🌎 Easy Localization] [DEBUG] Init state[0m
[90m[🌎 Easy Localization] [DEBUG] Build[0m
[90m[🌎 Easy Localization] [DEBUG] Init Localization Delegate[0m
[90m[🌎 Easy Localization] [DEBUG] Init provider[0m
[90m[🌎 Easy Localization] [DEBUG] Load Localization Delegate[0m
[90m[🌎 Easy Localization] [DEBUG] Load asset from assets/translations[0m
[90m[🌎 Easy Localization] [DEBUG] Build[0m
[90m[🌎 Easy Localization] [DEBUG] Init Localization Delegate[0m
[90m[🌎 Easy Localization] [DEBUG] Init provider[0m
20:18 +13 -47: /Users/florian/Code/substitution/integration_test/onboarding_and_login_test.dart: Onboarding & Login Flow with Real Matrix Server User can choose different homeserver                  
══╡ EXCEPTION CAUGHT BY FLUTTER TEST FRAMEWORK ╞════════════════════════════════════════════════════
The following StateError was thrown running a test:
Bad state: No element

When the exception was thrown, this was the stack:
#0      Iterable.first (dart:core/iterable.dart:663:7)
#1      _FirstFinderMixin.filter (package:flutter_test/src/finders.dart:1332:28)
#3      Iterable.isEmpty (dart:core/iterable.dart:560:33)
#4      WidgetController._getElementPoint (package:flutter_test/src/controller.dart:2012:18)
#5      WidgetController.getCenter (package:flutter_test/src/controller.dart:1865:12)
#6      WidgetController.tap (package:flutter_test/src/controller.dart:1045:7)
#7      main.<anonymous closure>.<anonymous closure> (file:///Users/florian/Code/substitution/integration_test/onboarding_and_login_test.dart:163:22)
<asynchronous suspension>
#8      testWidgets.<anonymous closure>.<anonymous closure> (package:flutter_test/src/widget_tester.dart:192:15)
<asynchronous suspension>
#9      TestWidgetsFlutterBinding._runTestBody (package:flutter_test/src/binding.dart:1059:5)
<asynchronous suspension>
<asynchronous suspension>
(elided 2 frames from dart:async-patch and package:stack_trace)

The test description was:
  User can choose different homeserver
════════════════════════════════════════════════════════════════════════════════════════════════════
20:18 +13 -48: /Users/florian/Code/substitution/integration_test/onboarding_and_login_test.dart: Onboarding & Login Flow with Real Matrix Server User can choose different homeserver [E]              
  Test failed. See exception logs above.
  The test description was: User can choose different homeserver
  

To run this test again: /opt/homebrew/share/flutter/bin/cache/dart-sdk/bin/dart test /Users/florian/Code/substitution/integration_test/onboarding_and_login_test.dart -p vm --plain-name 'Onboarding & Login Flow with Real Matrix Server User can choose different homeserver'
20:18 +13 -48: /Users/florian/Code/substitution/integration_test/onboarding_and_login_test.dart: (tearDownAll)                                                                                         [+19987 ms] test 20: Test harness is no longer needed by test process
[        ] test 20: finished
[        ] test 20: cleaning up...
[        ] test 20: ensuring test device is terminated.
[        ] executing: /Users/florian/Library/Android/sdk/platform-tools/adb -s emulator-5554 shell am force-stop art.substitution.substitution
[        ] test 20: Test process is no longer needed by test harness
[  +64 ms] executing: /Users/florian/Library/Android/sdk/platform-tools/adb -s emulator-5554 uninstall art.substitution.substitution
[ +132 ms] Success
[        ] test 20: deleting temporary directory
[        ] test 20: finished
20:18 +13 -48: loading /Users/florian/Code/substitution/integration_test/discovery_flow_test.dart                                                                                                      [        ] test 21: starting test /Users/florian/Code/substitution/integration_test/discovery_flow_test.dart
[        ] Stopping scan for flutter_test_config.dart; found project root at /Users/florian/Code/substitution
[        ] test 21: starting test device
[        ] test 21: awaiting connection to test device
[        ] executing: /Users/florian/Library/Android/sdk/build-tools/36.1.0/aapt dump xmltree /Users/florian/Code/substitution/build/app/outputs/flutter-apk/app-debug.apk AndroidManifest.xml
[  +10 ms] Exit code 0 from: /Users/florian/Library/Android/sdk/build-tools/36.1.0/aapt dump xmltree /Users/florian/Code/substitution/build/app/outputs/flutter-apk/app-debug.apk AndroidManifest.xml
[        ] N: android=http://schemas.android.com/apk/res/android
             E: manifest (line=2)
               A: android:versionCode(0x0101021b)=(type 0x10)0x7
               A: android:versionName(0x0101021c)="1.0.0" (Raw: "1.0.0")
               A: android:compileSdkVersion(0x01010572)=(type 0x10)0x24
               A: android:compileSdkVersionCodename(0x01010573)="16" (Raw: "16")
               A: package="art.substitution.substitution" (Raw: "art.substitution.substitution")
               A: platformBuildVersionCode=(type 0x10)0x24
               A: platformBuildVersionName=(type 0x10)0x10
               E: uses-sdk (line=7)
                 A: android:minSdkVersion(0x0101020c)=(type 0x10)0x18
                 A: android:targetSdkVersion(0x01010270)=(type 0x10)0x22
               E: uses-permission (line=15)
                 A: android:name(0x01010003)="android.permission.INTERNET" (Raw: "android.permission.INTERNET")
               E: uses-permission (line=16)
                 A: android:name(0x01010003)="android.permission.ACCESS_NETWORK_STATE" (Raw: "android.permission.ACCESS_NETWORK_STATE")
               E: permission (line=18)
                 A: android:name(0x01010003)="art.substitution.substitution.DYNAMIC_RECEIVER_NOT_EXPORTED_PERMISSION" (Raw: "art.substitution.substitution.DYNAMIC_RECEIVER_NOT_EXPORTED_PERMISSION")
                 A: android:protectionLevel(0x01010009)=(type 0x11)0x2
               E: uses-permission (line=22)
                 A: android:name(0x01010003)="art.substitution.substitution.DYNAMIC_RECEIVER_NOT_EXPORTED_PERMISSION" (Raw: "art.substitution.substitution.DYNAMIC_RECEIVER_NOT_EXPORTED_PERMISSION")
               E: application (line=24)
                 A: android:label(0x01010001)="substitution" (Raw: "substitution")
                 A: android:icon(0x01010002)=@0x7f0c0000
                 A: android:name(0x01010003)="android.app.Application" (Raw: "android.app.Application")
                 A: android:debuggable(0x0101000f)=(type 0x12)0xffffffff
                 A: android:extractNativeLibs(0x010104ea)=(type 0x12)0x0
                 A: android:appComponentFactory(0x0101057a)="androidx.core.app.CoreComponentFactory" (Raw: "androidx.core.app.CoreComponentFactory")
                 E: activity (line=31)
                   A: android:theme(0x01010000)=@0x7f0e00a2
                   A: android:name(0x01010003)="art.substitution.substitution.MainActivity" (Raw: "art.substitution.substitution.MainActivity")
                   A: android:exported(0x01010010)=(type 0x12)0xffffffff
                   A: android:launchMode(0x0101001d)=(type 0x10)0x1
                   A: android:configChanges(0x0101001f)=(type 0x11)0x40003fb4
                   A: android:windowSoftInputMode(0x0101022b)=(type 0x11)0x10
                   A: android:hardwareAccelerated(0x010102d3)=(type 0x12)0xffffffff
                   E: meta-data (line=46)
                     A: android:name(0x01010003)="io.flutter.embedding.android.NormalTheme" (Raw: "io.flutter.embedding.android.NormalTheme")
                     A: android:resource(0x01010025)=@0x7f0e00a3
                   E: intent-filter (line=50)
                     E: action (line=51)
                       A: android:name(0x01010003)="android.intent.action.MAIN" (Raw: "android.intent.action.MAIN")
                     E: category (line=53)
                       A: android:name(0x01010003)="android.intent.category.LAUNCHER" (Raw: "android.intent.category.LAUNCHER")
                   E: intent-filter (line=56)
                     E: action (line=57)
                       A: android:name(0x01010003)="android.intent.action.VIEW" (Raw: "android.intent.action.VIEW")
                     E: category (line=59)
                       A: android:name(0x01010003)="android.intent.category.DEFAULT" (Raw: "android.intent.category.DEFAULT")
                     E: category (line=60)
                       A: android:name(0x01010003)="android.intent.category.BROWSABLE" (Raw: "android.intent.category.BROWSABLE")
                     E: data (line=62)
                       A: android:scheme(0x01010027)="substitution" (Raw: "substitution")
                       A: android:host(0x01010028)="auth" (Raw: "auth")
                       A: android:pathPrefix(0x0101002b)="/login-callback" (Raw: "/login-callback")
                 E: meta-data (line=72)
                   A: android:name(0x01010003)="flutterEmbedding" (Raw: "flutterEmbedding")
                   A: android:value(0x01010024)=(type 0x10)0x2
                 E: activity (line=76)
                   A: android:theme(0x01010000)=@0x01030007
                   A: android:name(0x01010003)="io.flutter.plugins.urllauncher.WebViewActivity" (Raw: "io.flutter.plugins.urllauncher.WebViewActivity")
                   A: android:exported(0x01010010)=(type 0x12)0x0
                 E: uses-library (line=81)
                   A: android:name(0x01010003)="androidx.window.extensions" (Raw: "androidx.window.extensions")
                   A: android:required(0x0101028e)=(type 0x12)0x0
                 E: uses-library (line=84)
                   A: android:name(0x01010003)="androidx.window.sidecar" (Raw: "androidx.window.sidecar")
                   A: android:required(0x0101028e)=(type 0x12)0x0
                 E: provider (line=88)
                   A: android:name(0x01010003)="androidx.startup.InitializationProvider" (Raw: "androidx.startup.InitializationProvider")
                   A: android:exported(0x01010010)=(type 0x12)0x0
                   A: android:authorities(0x01010018)="art.substitution.substitution.androidx-startup" (Raw: "art.substitution.substitution.androidx-startup")
                   E: meta-data (line=92)
                     A: android:name(0x01010003)="androidx.lifecycle.ProcessLifecycleInitializer" (Raw: "androidx.lifecycle.ProcessLifecycleInitializer")
                     A: android:value(0x01010024)="androidx.startup" (Raw: "androidx.startup")
                   E: meta-data (line=95)
                     A: android:name(0x01010003)="androidx.profileinstaller.ProfileInstallerInitializer" (Raw: "androidx.profileinstaller.ProfileInstallerInitializer")
                     A: android:value(0x01010024)="androidx.startup" (Raw: "androidx.startup")
                 E: receiver (line=100)
                   A: android:name(0x01010003)="androidx.profileinstaller.ProfileInstallReceiver" (Raw: "androidx.profileinstaller.ProfileInstallReceiver")
                   A: android:permission(0x01010006)="android.permission.DUMP" (Raw: "android.permission.DUMP")
                   A: android:enabled(0x0101000e)=(type 0x12)0xffffffff
                   A: android:exported(0x01010010)=(type 0x12)0xffffffff
                   A: android:directBootAware(0x01010505)=(type 0x12)0x0
                   E: intent-filter (line=106)
                     E: action (line=107)
                       A: android:name(0x01010003)="androidx.profileinstaller.action.INSTALL_PROFILE" (Raw: "androidx.profileinstaller.action.INSTALL_PROFILE")
                   E: intent-filter (line=109)
                     E: action (line=110)
                       A: android:name(0x01010003)="androidx.profileinstaller.action.SKIP_FILE" (Raw: "androidx.profileinstaller.action.SKIP_FILE")
                   E: intent-filter (line=112)
                     E: action (line=113)
                       A: android:name(0x01010003)="androidx.profileinstaller.action.SAVE_PROFILE" (Raw: "androidx.profileinstaller.action.SAVE_PROFILE")
                   E: intent-filter (line=115)
                     E: action (line=116)
                       A: android:name(0x01010003)="androidx.profileinstaller.action.BENCHMARK_OPERATION" (Raw: "androidx.profileinstaller.action.BENCHMARK_OPERATION")
[        ] Building APK
[        ] Version of Java is different than impacted version, no migration attempted.
[        ] CMake project not found, skipping support Android 15 16k page size migration.
[        ] Using gradle from /Users/florian/Code/substitution/android/gradlew.
[   +5 ms] LocalFile: '/Users/florian/Code/substitution/android/build.gradle' provides AGP version from classpath: 8.6.0
[   +7 ms] Running Gradle task 'assembleDebug'...
[        ] executing: [/Users/florian/Code/substitution/android/] /Users/florian/Code/substitution/android/gradlew --full-stacktrace --info -Pverbose=true -PskipDependencyChecks=true -Ptarget-platform=android-arm64 -Ptarget=/var/folders/l_/w8pnbb9d38n57pzg9j98fmy80000gn/T/flutter_tools.wuOse9/flutter_test_listener.TlA6DS/listener.dart -Pbase-application-name=android.app.Application -Pdart-defines=TUFUUklYX1NFUlZFUj1odHRwOi8vbG9jYWxob3N0OjgwMDg=,TUFUUklYX1RFU1RfVVNFUj0=,TUFUUklYX1RFU1RfUEFTU1dPUkQ9,RkxVVFRFUl9WRVJTSU9OPTMuMzguOQ==,RkxVVFRFUl9DSEFOTkVMPXN0YWJsZQ==,RkxVVFRFUl9HSVRfVVJMPWh0dHBzOi8vZ2l0aHViLmNvbS9mbHV0dGVyL2ZsdXR0ZXIuZ2l0,RkxVVFRFUl9GUkFNRVdPUktfUkVWSVNJT049NjczMjNkZTI4NQ==,RkxVVFRFUl9FTkdJTkVfUkVWSVNJT049NTg3YzE4Zjg3Mw==,RkxVVFRFUl9EQVJUX1ZFUlNJT049My4xMC44,SU5URUdSQVRJT05fVEVTVF9TSE9VTERfUkVQT1JUX1JFU1VMVFNfVE9fTkFUSVZFPWZhbHNl -Pdart-obfuscation=false -Ptrack-widget-creation=true -Ptree-shake-icons=false assembleDebug
[ +287 ms] Initialized native services in: /Users/florian/.gradle/native
[        ] Initialized jansi services in: /Users/florian/.gradle/native
[ +215 ms] The client will now receive all logging from the daemon (pid: 43439). The daemon log file: /Users/florian/.gradle/daemon/8.12.1/daemon-43439.out.log
[        ] Starting 114th build in daemon [uptime: 2 hrs 18 mins 8.076 secs, performance: 100%, GC rate: 0.00/s, heap usage: 0% of 4 GiB]
[        ] Using 32 worker leases.
[        ] Now considering [/Users/florian/Code/substitution/android, /opt/homebrew/share/flutter/packages/flutter_tools/gradle] as hierarchies to watch
[        ] Watching the file system is configured to be enabled if available
[        ] File system watching is active
[        ] Starting Build
[        ] Now considering [/opt/homebrew/share/flutter/packages/flutter_tools/gradle, /Users/florian/Code/substitution/android] as hierarchies to watch
[   +1 ms] > Configure project :gradle
[        ] Evaluating project ':gradle' using build file '/opt/homebrew/share/flutter/packages/flutter_tools/gradle/build.gradle.kts'.
[        ] Resolved plugin [id: 'org.gradle.java-gradle-plugin']
[        ] Resolved plugin [id: 'org.gradle.groovy']
[        ] Resolved plugin [id: 'org.gradle.kotlin.kotlin-dsl', version: '5.1.2']
[        ] Resolved plugin [id: 'org.jetbrains.kotlin.jvm', version: '1.9.20']
[        ] Using Kotlin Gradle Plugin gradle85 variant
[        ] kotlin scripting plugin: created the scripting discovery configuration: kotlinScriptDef
[        ] kotlin scripting plugin: created the scripting discovery configuration: testKotlinScriptDef
[        ] file or directory '/opt/homebrew/share/flutter/packages/flutter_tools/gradle/src/main/java', not found
[        ] Resolved plugin [id: 'dev.flutter.flutter-plugin-loader', version: '1.0.0']
[        ] Resolved plugin [id: 'com.android.application', version: '8.9.1', apply: false]
[        ] Resolved plugin [id: 'org.jetbrains.kotlin.android', version: '2.1.0', apply: false]
[        ] Resolve mutations for :gradle:checkKotlinGradlePluginConfigurationErrors (Thread[#45622,Execution worker,5,main]) started.
[        ] :gradle:checkKotlinGradlePluginConfigurationErrors (Thread[#45622,Execution worker,5,main]) started.
[        ] > Task :gradle:checkKotlinGradlePluginConfigurationErrors SKIPPED
[        ] Skipping task ':gradle:checkKotlinGradlePluginConfigurationErrors' as task onlyIf 'errorDiagnostics are present' is false.
[        ] Resolve mutations for :gradle:compileKotlin (Thread[#45622,Execution worker,5,main]) started.
[        ] :gradle:compileKotlin (Thread[#45643,Execution worker Thread 21,5,main]) started.
[        ] > Task :gradle:compileKotlin UP-TO-DATE
[        ] Caching disabled for task ':gradle:compileKotlin' because:
[        ]   Build cache is disabled
[        ] Skipping task ':gradle:compileKotlin' as it is up-to-date.
[        ] Resolve mutations for :gradle:compileJava (Thread[#45643,Execution worker Thread 21,5,main]) started.
[        ] :gradle:compileJava (Thread[#45643,Execution worker Thread 21,5,main]) started.
[        ] > Task :gradle:compileJava NO-SOURCE
[        ] Skipping task ':gradle:compileJava' as it has no source files and no previous output files.
[        ] Resolve mutations for :gradle:compileGroovy (Thread[#45643,Execution worker Thread 21,5,main]) started.
[        ] :gradle:compileGroovy (Thread[#45643,Execution worker Thread 21,5,main]) started.
[        ] > Task :gradle:compileGroovy NO-SOURCE
[        ] Skipping task ':gradle:compileGroovy' as it has no source files and no previous output files.
[        ] Resolve mutations for :gradle:pluginDescriptors (Thread[#45643,Execution worker Thread 21,5,main]) started.
[        ] :gradle:pluginDescriptors (Thread[#45643,Execution worker Thread 21,5,main]) started.
[        ] > Task :gradle:pluginDescriptors UP-TO-DATE
[        ] Caching disabled for task ':gradle:pluginDescriptors' because:
[        ]   Build cache is disabled
[        ]   Not worth caching
[        ] Skipping task ':gradle:pluginDescriptors' as it is up-to-date.
[        ] Resolve mutations for :gradle:processResources (Thread[#45643,Execution worker Thread 21,5,main]) started.
[        ] :gradle:processResources (Thread[#45643,Execution worker Thread 21,5,main]) started.
[        ] > Task :gradle:processResources UP-TO-DATE
[        ] Caching disabled for task ':gradle:processResources' because:
[        ]   Build cache is disabled
[        ]   Not worth caching
[        ] Skipping task ':gradle:processResources' as it is up-to-date.
[        ] Resolve mutations for :gradle:classes (Thread[#45643,Execution worker Thread 21,5,main]) started.
[        ] :gradle:classes (Thread[#45643,Execution worker Thread 21,5,main]) started.
[        ] > Task :gradle:classes UP-TO-DATE
[        ] Skipping task ':gradle:classes' as it has no actions.
[        ] Resolve mutations for :gradle:jar (Thread[#45643,Execution worker Thread 21,5,main]) started.
[        ] :gradle:jar (Thread[#45643,Execution worker Thread 21,5,main]) started.
[        ] > Task :gradle:jar UP-TO-DATE
[        ] Caching disabled for task ':gradle:jar' because:
[        ]   Build cache is disabled
[        ]   Not worth caching
[        ] Skipping task ':gradle:jar' as it is up-to-date.
[        ] Settings evaluated using settings file '/Users/florian/Code/substitution/android/settings.gradle'.
[        ] Projects loaded. Root project using build file '/Users/florian/Code/substitution/android/build.gradle'.
[        ] Included projects: [root project 'android', project ':app', project ':connectivity_plus', project ':emoji_picker_flutter', project ':file_selector_android', project ':flutter_keyboard_visibility_temp_fork', project ':flutter_native_splash', project ':flutter_olm', project ':flutter_openssl_crypto', project ':integration_test', project ':path_provider_android', project ':quill_native_bridge_android', project ':shared_preferences_android', project ':sqflite_android', project ':url_launcher_android', project ':video_player_android']
20:19 +13 -48: loading /Users/florian/Code/substitution/integration_test/discovery_flow_test.dart                                                                                                      [  +88 ms] > Configure project :app
[        ] Evaluating project ':app' using build file '/Users/florian/Code/substitution/android/app/build.gradle'.
[        ] Resolved plugin [id: 'com.android.application']
[        ] Resolved plugin [id: 'kotlin-android']
[        ] Resolved plugin [id: 'dev.flutter.flutter-gradle-plugin']
[        ] Using default execution profile
[        ] Using Kotlin Gradle Plugin gradle85 variant
[        ] C/C++: android.ndkVersion from module build.gradle is [28.2.13676358]
[        ] C/C++: android.ndkPath from module build.gradle is not set
[        ] C/C++: ndk.dir in local.properties is not set
[        ] C/C++: Not considering ANDROID_NDK_HOME because support was removed after deprecation period.
[        ] C/C++: sdkFolder is /Users/florian/Library/Android/sdk
[        ] C/C++: android.ndkVersion from module build.gradle is [28.2.13676358]
[        ] C/C++: android.ndkPath from module build.gradle is not set
[        ] C/C++: ndk.dir in local.properties is not set
[        ] C/C++: Not considering ANDROID_NDK_HOME because support was removed after deprecation period.
[        ] C/C++: sdkFolder is /Users/florian/Library/Android/sdk
[        ] C/C++: android.ndkVersion from module build.gradle is [28.2.13676358]
[        ] C/C++: android.ndkPath from module build.gradle is not set
[        ] C/C++: ndk.dir in local.properties is not set
[        ] C/C++: Not considering ANDROID_NDK_HOME because support was removed after deprecation period.
[        ] C/C++: sdkFolder is /Users/florian/Library/Android/sdk
[        ] C/C++: android.ndkVersion from module build.gradle is [28.2.13676358]
[        ] C/C++: android.ndkPath from module build.gradle is not set
[        ] C/C++: ndk.dir in local.properties is not set
[        ] C/C++: Not considering ANDROID_NDK_HOME because support was removed after deprecation period.
[        ] C/C++: sdkFolder is /Users/florian/Library/Android/sdk
[        ] C/C++: android.ndkVersion from module build.gradle is [28.2.13676358]
[        ] C/C++: android.ndkPath from module build.gradle is not set
[        ] C/C++: ndk.dir in local.properties is not set
[        ] C/C++: Not considering ANDROID_NDK_HOME because support was removed after deprecation period.
[        ] C/C++: sdkFolder is /Users/florian/Library/Android/sdk
[        ] C/C++: android.ndkVersion from module build.gradle is [28.2.13676358]
[        ] C/C++: android.ndkPath from module build.gradle is not set
[        ] C/C++: ndk.dir in local.properties is not set
[        ] C/C++: Not considering ANDROID_NDK_HOME because support was removed after deprecation period.
[        ] C/C++: sdkFolder is /Users/florian/Library/Android/sdk
[        ] C/C++: android.ndkVersion from module build.gradle is [28.2.13676358]
[        ] C/C++: android.ndkPath from module build.gradle is not set
[        ] C/C++: ndk.dir in local.properties is not set
[        ] C/C++: Not considering ANDROID_NDK_HOME because support was removed after deprecation period.
[        ] C/C++: sdkFolder is /Users/florian/Library/Android/sdk
[        ] C/C++: android.ndkVersion from module build.gradle is [28.2.13676358]
[        ] C/C++: android.ndkPath from module build.gradle is not set
[        ] C/C++: ndk.dir in local.properties is not set
[        ] C/C++: Not considering ANDROID_NDK_HOME because support was removed after deprecation period.
[        ] C/C++: sdkFolder is /Users/florian/Library/Android/sdk
[        ] C/C++: android.ndkVersion from module build.gradle is [28.2.13676358]
[        ] C/C++: android.ndkPath from module build.gradle is not set
[        ] C/C++: ndk.dir in local.properties is not set
[        ] C/C++: Not considering ANDROID_NDK_HOME because support was removed after deprecation period.
[        ] C/C++: sdkFolder is /Users/florian/Library/Android/sdk
[        ] C/C++: android.ndkVersion from module build.gradle is [28.2.13676358]
[        ] C/C++: android.ndkPath from module build.gradle is not set
[        ] C/C++: ndk.dir in local.properties is not set
[        ] C/C++: Not considering ANDROID_NDK_HOME because support was removed after deprecation period.
[        ] C/C++: sdkFolder is /Users/florian/Library/Android/sdk
[        ] C/C++: android.ndkVersion from module build.gradle is [28.2.13676358]
[        ] C/C++: android.ndkPath from module build.gradle is not set
[        ] C/C++: ndk.dir in local.properties is not set
[        ] C/C++: Not considering ANDROID_NDK_HOME because support was removed after deprecation period.
[        ] C/C++: sdkFolder is /Users/florian/Library/Android/sdk
[        ] C/C++: android.ndkVersion from module build.gradle is [28.2.13676358]
[        ] C/C++: android.ndkPath from module build.gradle is not set
[        ] C/C++: ndk.dir in local.properties is not set
[        ] C/C++: Not considering ANDROID_NDK_HOME because support was removed after deprecation period.
[        ] C/C++: sdkFolder is /Users/florian/Library/Android/sdk
[        ] C/C++: android.ndkVersion from module build.gradle is [28.2.13676358]
[        ] C/C++: android.ndkPath from module build.gradle is not set
[        ] C/C++: ndk.dir in local.properties is not set
[        ] C/C++: Not considering ANDROID_NDK_HOME because support was removed after deprecation period.
[        ] C/C++: sdkFolder is /Users/florian/Library/Android/sdk
[        ] C/C++: android.ndkVersion from module build.gradle is [28.2.13676358]
[        ] C/C++: android.ndkPath from module build.gradle is not set
[        ] C/C++: ndk.dir in local.properties is not set
[        ] C/C++: Not considering ANDROID_NDK_HOME because support was removed after deprecation period.
[        ] C/C++: sdkFolder is /Users/florian/Library/Android/sdk
[        ] C/C++: android.ndkVersion from module build.gradle is [28.2.13676358]
[        ] C/C++: android.ndkPath from module build.gradle is not set
[        ] C/C++: ndk.dir in local.properties is not set
[        ] C/C++: Not considering ANDROID_NDK_HOME because support was removed after deprecation period.
[        ] C/C++: sdkFolder is /Users/florian/Library/Android/sdk
[        ] C/C++: android.ndkVersion from module build.gradle is [28.2.13676358]
[        ] C/C++: android.ndkPath from module build.gradle is not set
[        ] C/C++: ndk.dir in local.properties is not set
[        ] C/C++: Not considering ANDROID_NDK_HOME because support was removed after deprecation period.
[        ] C/C++: sdkFolder is /Users/florian/Library/Android/sdk
[        ] C/C++: android.ndkVersion from module build.gradle is [28.2.13676358]
[        ] C/C++: android.ndkPath from module build.gradle is not set
[        ] C/C++: ndk.dir in local.properties is not set
[        ] C/C++: Not considering ANDROID_NDK_HOME because support was removed after deprecation period.
[        ] C/C++: sdkFolder is /Users/florian/Library/Android/sdk
[        ] C/C++: android.ndkVersion from module build.gradle is [28.2.13676358]
[        ] C/C++: android.ndkPath from module build.gradle is not set
[        ] C/C++: ndk.dir in local.properties is not set
[        ] C/C++: Not considering ANDROID_NDK_HOME because support was removed after deprecation period.
[        ] C/C++: sdkFolder is /Users/florian/Library/Android/sdk
[        ] C/C++: android.ndkVersion from module build.gradle is [28.2.13676358]
[        ] C/C++: android.ndkPath from module build.gradle is not set
[        ] C/C++: ndk.dir in local.properties is not set
[        ] C/C++: Not considering ANDROID_NDK_HOME because support was removed after deprecation period.
[        ] C/C++: sdkFolder is /Users/florian/Library/Android/sdk
[        ] > Configure project :
[        ] Evaluating root project 'android' using build file '/Users/florian/Code/substitution/android/build.gradle'.
[        ] > Configure project :connectivity_plus
[        ] Evaluating project ':connectivity_plus' using build file '/Users/florian/.pub-cache/hosted/pub.dev/connectivity_plus-5.0.2/android/build.gradle'.
[        ] Using default execution profile
[        ] > Configure project :emoji_picker_flutter
[        ] Evaluating project ':emoji_picker_flutter' using build file '/Users/florian/.pub-cache/hosted/pub.dev/emoji_picker_flutter-4.4.0/android/build.gradle'.
[        ] Using default execution profile
[        ] Using Kotlin Gradle Plugin gradle85 variant
[  +96 ms] > Configure project :file_selector_android
[        ] Evaluating project ':file_selector_android' using build file '/Users/florian/.pub-cache/hosted/pub.dev/file_selector_android-0.5.2+4/android/build.gradle'.
[        ] Using default execution profile
[        ] > Configure project :flutter_keyboard_visibility_temp_fork
[        ] Evaluating project ':flutter_keyboard_visibility_temp_fork' using build file '/Users/florian/.pub-cache/hosted/pub.dev/flutter_keyboard_visibility_temp_fork-0.1.5/android/build.gradle'.
[        ] Using default execution profile
[        ] > Configure project :flutter_native_splash
[        ] Evaluating project ':flutter_native_splash' using build file '/Users/florian/.pub-cache/hosted/pub.dev/flutter_native_splash-2.4.7/android/build.gradle'.
[        ] Using default execution profile
[        ] > Configure project :flutter_olm
[        ] Evaluating project ':flutter_olm' using build file '/Users/florian/.pub-cache/hosted/pub.dev/flutter_olm-2.0.0/android/build.gradle'.
[        ] Using default execution profile
[        ] Using Kotlin Gradle Plugin gradle85 variant
[        ] C/C++: android.ndkVersion from module build.gradle is [27.0.12077973]
[        ] C/C++: android.ndkPath from module build.gradle is not set
[        ] C/C++: ndk.dir in local.properties is not set
[        ] C/C++: Not considering ANDROID_NDK_HOME because support was removed after deprecation period.
[        ] C/C++: sdkFolder is /Users/florian/Library/Android/sdk
[        ] C/C++: android.ndkVersion from module build.gradle is [27.0.12077973]
[        ] C/C++: android.ndkPath from module build.gradle is not set
[        ] C/C++: ndk.dir in local.properties is not set
[        ] C/C++: Not considering ANDROID_NDK_HOME because support was removed after deprecation period.
[        ] C/C++: sdkFolder is /Users/florian/Library/Android/sdk
[        ] C/C++: android.ndkVersion from module build.gradle is [27.0.12077973]
[        ] C/C++: android.ndkPath from module build.gradle is not set
[        ] C/C++: ndk.dir in local.properties is not set
[        ] C/C++: Not considering ANDROID_NDK_HOME because support was removed after deprecation period.
[        ] C/C++: sdkFolder is /Users/florian/Library/Android/sdk
[        ] C/C++: android.ndkVersion from module build.gradle is [27.0.12077973]
[        ] C/C++: android.ndkPath from module build.gradle is not set
[        ] C/C++: ndk.dir in local.properties is not set
[        ] C/C++: Not considering ANDROID_NDK_HOME because support was removed after deprecation period.
[        ] C/C++: sdkFolder is /Users/florian/Library/Android/sdk
[        ] C/C++: android.ndkVersion from module build.gradle is [27.0.12077973]
[        ] C/C++: android.ndkPath from module build.gradle is not set
[        ] C/C++: ndk.dir in local.properties is not set
[        ] C/C++: Not considering ANDROID_NDK_HOME because support was removed after deprecation period.
[        ] C/C++: sdkFolder is /Users/florian/Library/Android/sdk
[        ] C/C++: android.ndkVersion from module build.gradle is [27.0.12077973]
[        ] C/C++: android.ndkPath from module build.gradle is not set
[        ] C/C++: ndk.dir in local.properties is not set
[        ] C/C++: Not considering ANDROID_NDK_HOME because support was removed after deprecation period.
[        ] C/C++: sdkFolder is /Users/florian/Library/Android/sdk
[        ] C/C++: android.ndkVersion from module build.gradle is [27.0.12077973]
[        ] C/C++: android.ndkPath from module build.gradle is not set
[        ] C/C++: ndk.dir in local.properties is not set
[        ] C/C++: Not considering ANDROID_NDK_HOME because support was removed after deprecation period.
[        ] C/C++: sdkFolder is /Users/florian/Library/Android/sdk
[        ] C/C++: android.ndkVersion from module build.gradle is [27.0.12077973]
[        ] C/C++: android.ndkPath from module build.gradle is not set
[        ] C/C++: ndk.dir in local.properties is not set
[        ] C/C++: Not considering ANDROID_NDK_HOME because support was removed after deprecation period.
[        ] C/C++: sdkFolder is /Users/florian/Library/Android/sdk
[        ] C/C++: android.ndkVersion from module build.gradle is [27.0.12077973]
[        ] C/C++: android.ndkPath from module build.gradle is not set
[        ] C/C++: ndk.dir in local.properties is not set
[        ] C/C++: Not considering ANDROID_NDK_HOME because support was removed after deprecation period.
[        ] C/C++: sdkFolder is /Users/florian/Library/Android/sdk
[        ] C/C++: android.ndkVersion from module build.gradle is [27.0.12077973]
[        ] C/C++: android.ndkPath from module build.gradle is not set
[        ] C/C++: ndk.dir in local.properties is not set
[        ] C/C++: Not considering ANDROID_NDK_HOME because support was removed after deprecation period.
[        ] C/C++: sdkFolder is /Users/florian/Library/Android/sdk
[        ] C/C++: android.ndkVersion from module build.gradle is [27.0.12077973]
[        ] C/C++: android.ndkPath from module build.gradle is not set
[        ] C/C++: ndk.dir in local.properties is not set
[        ] C/C++: Not considering ANDROID_NDK_HOME because support was removed after deprecation period.
[        ] C/C++: sdkFolder is /Users/florian/Library/Android/sdk
[        ] C/C++: android.ndkVersion from module build.gradle is [27.0.12077973]
[        ] C/C++: android.ndkPath from module build.gradle is not set
[        ] C/C++: ndk.dir in local.properties is not set
[        ] C/C++: Not considering ANDROID_NDK_HOME because support was removed after deprecation period.
[        ] C/C++: sdkFolder is /Users/florian/Library/Android/sdk
[        ] C/C++: android.ndkVersion from module build.gradle is [27.0.12077973]
[        ] C/C++: android.ndkPath from module build.gradle is not set
[        ] C/C++: ndk.dir in local.properties is not set
[        ] C/C++: Not considering ANDROID_NDK_HOME because support was removed after deprecation period.
[        ] C/C++: sdkFolder is /Users/florian/Library/Android/sdk
[        ] C/C++: android.ndkVersion from module build.gradle is [27.0.12077973]
[        ] C/C++: android.ndkPath from module build.gradle is not set
[        ] C/C++: ndk.dir in local.properties is not set
[        ] C/C++: Not considering ANDROID_NDK_HOME because support was removed after deprecation period.
[        ] C/C++: sdkFolder is /Users/florian/Library/Android/sdk
[        ] C/C++: android.ndkVersion from module build.gradle is [27.0.12077973]
[        ] C/C++: android.ndkPath from module build.gradle is not set
[        ] C/C++: ndk.dir in local.properties is not set
[        ] C/C++: Not considering ANDROID_NDK_HOME because support was removed after deprecation period.
[        ] C/C++: sdkFolder is /Users/florian/Library/Android/sdk
[        ] C/C++: android.ndkVersion from module build.gradle is [27.0.12077973]
[        ] C/C++: android.ndkPath from module build.gradle is not set
[        ] C/C++: ndk.dir in local.properties is not set
[        ] C/C++: Not considering ANDROID_NDK_HOME because support was removed after deprecation period.
[        ] C/C++: sdkFolder is /Users/florian/Library/Android/sdk
[        ] C/C++: android.ndkVersion from module build.gradle is [27.0.12077973]
[        ] C/C++: android.ndkPath from module build.gradle is not set
[        ] C/C++: ndk.dir in local.properties is not set
[        ] C/C++: Not considering ANDROID_NDK_HOME because support was removed after deprecation period.
[        ] C/C++: sdkFolder is /Users/florian/Library/Android/sdk
[        ] C/C++: android.ndkVersion from module build.gradle is [27.0.12077973]
[        ] C/C++: android.ndkPath from module build.gradle is not set
[        ] C/C++: ndk.dir in local.properties is not set
[        ] C/C++: Not considering ANDROID_NDK_HOME because support was removed after deprecation period.
[        ] C/C++: sdkFolder is /Users/florian/Library/Android/sdk
[        ] C/C++: android.ndkVersion from module build.gradle is [27.0.12077973]
[        ] C/C++: android.ndkPath from module build.gradle is not set
[        ] C/C++: ndk.dir in local.properties is not set
[        ] C/C++: Not considering ANDROID_NDK_HOME because support was removed after deprecation period.
[        ] C/C++: sdkFolder is /Users/florian/Library/Android/sdk
[ +102 ms] > Configure project :flutter_openssl_crypto
[        ] Evaluating project ':flutter_openssl_crypto' using build file '/Users/florian/.pub-cache/hosted/pub.dev/flutter_openssl_crypto-0.5.0/android/build.gradle'.
[        ] Using default execution profile
[        ] Using Kotlin Gradle Plugin gradle85 variant
[        ] C/C++: android.ndkVersion from module build.gradle is [27.0.12077973]
[        ] C/C++: android.ndkPath from module build.gradle is not set
[        ] C/C++: ndk.dir in local.properties is not set
[        ] C/C++: Not considering ANDROID_NDK_HOME because support was removed after deprecation period.
[        ] C/C++: sdkFolder is /Users/florian/Library/Android/sdk
[        ] C/C++: android.ndkVersion from module build.gradle is [27.0.12077973]
[        ] C/C++: android.ndkPath from module build.gradle is not set
[        ] C/C++: ndk.dir in local.properties is not set
[        ] C/C++: Not considering ANDROID_NDK_HOME because support was removed after deprecation period.
[        ] C/C++: sdkFolder is /Users/florian/Library/Android/sdk
[        ] C/C++: android.ndkVersion from module build.gradle is [27.0.12077973]
[        ] C/C++: android.ndkPath from module build.gradle is not set
[        ] C/C++: ndk.dir in local.properties is not set
[        ] C/C++: Not considering ANDROID_NDK_HOME because support was removed after deprecation period.
[        ] C/C++: sdkFolder is /Users/florian/Library/Android/sdk
[        ] C/C++: android.ndkVersion from module build.gradle is [27.0.12077973]
[        ] C/C++: android.ndkPath from module build.gradle is not set
[        ] C/C++: ndk.dir in local.properties is not set
[        ] C/C++: Not considering ANDROID_NDK_HOME because support was removed after deprecation period.
[        ] C/C++: sdkFolder is /Users/florian/Library/Android/sdk
[        ] C/C++: android.ndkVersion from module build.gradle is [27.0.12077973]
[        ] C/C++: android.ndkPath from module build.gradle is not set
[        ] C/C++: ndk.dir in local.properties is not set
[        ] C/C++: Not considering ANDROID_NDK_HOME because support was removed after deprecation period.
[        ] C/C++: sdkFolder is /Users/florian/Library/Android/sdk
[        ] C/C++: android.ndkVersion from module build.gradle is [27.0.12077973]
[        ] C/C++: android.ndkPath from module build.gradle is not set
[        ] C/C++: ndk.dir in local.properties is not set
[        ] C/C++: Not considering ANDROID_NDK_HOME because support was removed after deprecation period.
[        ] C/C++: sdkFolder is /Users/florian/Library/Android/sdk
[        ] C/C++: android.ndkVersion from module build.gradle is [27.0.12077973]
[        ] C/C++: android.ndkPath from module build.gradle is not set
[        ] C/C++: ndk.dir in local.properties is not set
[        ] C/C++: Not considering ANDROID_NDK_HOME because support was removed after deprecation period.
[        ] C/C++: sdkFolder is /Users/florian/Library/Android/sdk
[        ] C/C++: android.ndkVersion from module build.gradle is [27.0.12077973]
[        ] C/C++: android.ndkPath from module build.gradle is not set
[        ] C/C++: ndk.dir in local.properties is not set
[        ] C/C++: Not considering ANDROID_NDK_HOME because support was removed after deprecation period.
[        ] C/C++: sdkFolder is /Users/florian/Library/Android/sdk
[        ] C/C++: android.ndkVersion from module build.gradle is [27.0.12077973]
[        ] C/C++: android.ndkPath from module build.gradle is not set
[        ] C/C++: ndk.dir in local.properties is not set
[        ] C/C++: Not considering ANDROID_NDK_HOME because support was removed after deprecation period.
[        ] C/C++: sdkFolder is /Users/florian/Library/Android/sdk
[        ] C/C++: android.ndkVersion from module build.gradle is [27.0.12077973]
[        ] C/C++: android.ndkPath from module build.gradle is not set
[        ] C/C++: ndk.dir in local.properties is not set
[        ] C/C++: Not considering ANDROID_NDK_HOME because support was removed after deprecation period.
[        ] C/C++: sdkFolder is /Users/florian/Library/Android/sdk
[        ] C/C++: android.ndkVersion from module build.gradle is [27.0.12077973]
[        ] C/C++: android.ndkPath from module build.gradle is not set
[        ] C/C++: ndk.dir in local.properties is not set
[        ] C/C++: Not considering ANDROID_NDK_HOME because support was removed after deprecation period.
[        ] C/C++: sdkFolder is /Users/florian/Library/Android/sdk
[        ] C/C++: android.ndkVersion from module build.gradle is [27.0.12077973]
[        ] C/C++: android.ndkPath from module build.gradle is not set
[        ] C/C++: ndk.dir in local.properties is not set
[        ] C/C++: Not considering ANDROID_NDK_HOME because support was removed after deprecation period.
[        ] C/C++: sdkFolder is /Users/florian/Library/Android/sdk
[        ] C/C++: android.ndkVersion from module build.gradle is [27.0.12077973]
[        ] C/C++: android.ndkPath from module build.gradle is not set
[        ] C/C++: ndk.dir in local.properties is not set
[        ] C/C++: Not considering ANDROID_NDK_HOME because support was removed after deprecation period.
[        ] C/C++: sdkFolder is /Users/florian/Library/Android/sdk
[        ] C/C++: android.ndkVersion from module build.gradle is [27.0.12077973]
[        ] C/C++: android.ndkPath from module build.gradle is not set
[        ] C/C++: ndk.dir in local.properties is not set
[        ] C/C++: Not considering ANDROID_NDK_HOME because support was removed after deprecation period.
[        ] C/C++: sdkFolder is /Users/florian/Library/Android/sdk
[        ] C/C++: android.ndkVersion from module build.gradle is [27.0.12077973]
[        ] C/C++: android.ndkPath from module build.gradle is not set
[        ] C/C++: ndk.dir in local.properties is not set
[        ] C/C++: Not considering ANDROID_NDK_HOME because support was removed after deprecation period.
[        ] C/C++: sdkFolder is /Users/florian/Library/Android/sdk
[        ] C/C++: android.ndkVersion from module build.gradle is [27.0.12077973]
[        ] C/C++: android.ndkPath from module build.gradle is not set
[        ] C/C++: ndk.dir in local.properties is not set
[        ] C/C++: Not considering ANDROID_NDK_HOME because support was removed after deprecation period.
[        ] C/C++: sdkFolder is /Users/florian/Library/Android/sdk
[        ] C/C++: android.ndkVersion from module build.gradle is [27.0.12077973]
[        ] C/C++: android.ndkPath from module build.gradle is not set
[        ] C/C++: ndk.dir in local.properties is not set
[        ] C/C++: Not considering ANDROID_NDK_HOME because support was removed after deprecation period.
[        ] C/C++: sdkFolder is /Users/florian/Library/Android/sdk
[        ] C/C++: android.ndkVersion from module build.gradle is [27.0.12077973]
[        ] C/C++: android.ndkPath from module build.gradle is not set
[        ] C/C++: ndk.dir in local.properties is not set
[        ] C/C++: Not considering ANDROID_NDK_HOME because support was removed after deprecation period.
[        ] C/C++: sdkFolder is /Users/florian/Library/Android/sdk
[        ] C/C++: android.ndkVersion from module build.gradle is [27.0.12077973]
[        ] C/C++: android.ndkPath from module build.gradle is not set
[        ] C/C++: ndk.dir in local.properties is not set
[        ] C/C++: Not considering ANDROID_NDK_HOME because support was removed after deprecation period.
[        ] C/C++: sdkFolder is /Users/florian/Library/Android/sdk
[        ] > Configure project :integration_test
[        ] Evaluating project ':integration_test' using build file '/opt/homebrew/share/flutter/packages/integration_test/android/build.gradle.kts'.
[        ] Resolved plugin [id: 'com.android.library']
[        ] Using default execution profile
[        ] > Configure project :path_provider_android
[        ] Evaluating project ':path_provider_android' using build file '/Users/florian/.pub-cache/hosted/pub.dev/path_provider_android-2.2.22/android/build.gradle'.
[        ] Using default execution profile
[        ] > Configure project :quill_native_bridge_android
[        ] Evaluating project ':quill_native_bridge_android' using build file '/Users/florian/.pub-cache/hosted/pub.dev/quill_native_bridge_android-0.0.1+2/android/build.gradle'.
[        ] Using default execution profile
[        ] Using Kotlin Gradle Plugin gradle85 variant
[        ] > Configure project :shared_preferences_android
[        ] Evaluating project ':shared_preferences_android' using build file '/Users/florian/.pub-cache/hosted/pub.dev/shared_preferences_android-2.4.20/android/build.gradle'.
[        ] Using default execution profile
[        ] Using Kotlin Gradle Plugin gradle85 variant
[        ] > Configure project :sqflite_android
[        ] Evaluating project ':sqflite_android' using build file '/Users/florian/.pub-cache/hosted/pub.dev/sqflite_android-2.4.2+2/android/build.gradle'.
[        ] Using default execution profile
[        ] > Configure project :url_launcher_android
[        ] Evaluating project ':url_launcher_android' using build file '/Users/florian/.pub-cache/hosted/pub.dev/url_launcher_android-6.3.28/android/build.gradle'.
[        ] Using default execution profile
[ +102 ms] > Configure project :video_player_android
[        ] Evaluating project ':video_player_android' using build file '/Users/florian/.pub-cache/hosted/pub.dev/video_player_android-2.9.1/android/build.gradle'.
[        ] Using default execution profile
[        ] Using Kotlin Gradle Plugin gradle85 variant
[        ] All projects evaluated.
[        ] Task name matched 'assembleDebug'
[        ] Selected primary task 'assembleDebug' from project :
[        ] Adding -Xuse-inline-scopes-numbers Kotlin compiler flag for task :app:compileDebugKotlin
[   +2 ms] Tasks to be executed: [task ':app:preBuild', task ':app:preDebugBuild', task ':app:mergeDebugNativeDebugMetadata', task ':app:checkKotlinGradlePluginConfigurationErrors', task ':app:compileFlutterBuildDebug', task ':app:packJniLibsflutterBuildDebug', task ':connectivity_plus:preBuild', task ':connectivity_plus:preDebugBuild', task ':connectivity_plus:writeDebugAarMetadata', task ':emoji_picker_flutter:preBuild', task ':emoji_picker_flutter:preDebugBuild', task ':emoji_picker_flutter:writeDebugAarMetadata', task ':file_selector_android:preBuild', task ':file_selector_android:preDebugBuild', task ':file_selector_android:writeDebugAarMetadata', task ':flutter_keyboard_visibility_temp_fork:preBuild', task ':flutter_keyboard_visibility_temp_fork:preDebugBuild', task ':flutter_keyboard_visibility_temp_fork:writeDebugAarMetadata', task ':flutter_native_splash:preBuild', task ':flutter_native_splash:preDebugBuild', task ':flutter_native_splash:writeDebugAarMetadata', task ':flutter_olm:preBuild', task ':flutter_olm:preDebugBuild', task ':flutter_olm:writeDebugAarMetadata', task ':flutter_openssl_crypto:preBuild', task ':flutter_openssl_crypto:preDebugBuild', task ':flutter_openssl_crypto:writeDebugAarMetadata', task ':integration_test:preBuild', task ':integration_test:preDebugBuild', task ':integration_test:writeDebugAarMetadata', task ':path_provider_android:preBuild', task ':path_provider_android:preDebugBuild', task ':path_provider_android:writeDebugAarMetadata', task ':quill_native_bridge_android:preBuild', task ':quill_native_bridge_android:preDebugBuild', task ':quill_native_bridge_android:writeDebugAarMetadata', task ':shared_preferences_android:preBuild', task ':shared_preferences_android:preDebugBuild', task ':shared_preferences_android:writeDebugAarMetadata', task ':sqflite_android:preBuild', task ':sqflite_android:preDebugBuild', task ':sqflite_android:writeDebugAarMetadata', task ':url_launcher_android:preBuild', task ':url_launcher_android:preDebugBuild', task ':url_launcher_android:writeDebugAarMetadata', task ':video_player_android:preBuild', task ':video_player_android:preDebugBuild', task ':video_player_android:writeDebugAarMetadata', task ':app:checkDebugAarMetadata', task ':app:cleanMergeDebugAssets', task ':app:mergeDebugShaders', task ':app:compileDebugShaders', task ':app:generateDebugAssets', task ':connectivity_plus:mergeDebugShaders', task ':connectivity_plus:compileDebugShaders', task ':connectivity_plus:generateDebugAssets', task ':connectivity_plus:mergeDebugAssets', task ':emoji_picker_flutter:mergeDebugShaders', task ':emoji_picker_flutter:compileDebugShaders', task ':emoji_picker_flutter:generateDebugAssets', task ':emoji_picker_flutter:mergeDebugAssets', task ':file_selector_android:mergeDebugShaders', task ':file_selector_android:compileDebugShaders', task ':file_selector_android:generateDebugAssets', task ':file_selector_android:mergeDebugAssets', task ':flutter_keyboard_visibility_temp_fork:mergeDebugShaders', task ':flutter_keyboard_visibility_temp_fork:compileDebugShaders', task ':flutter_keyboard_visibility_temp_fork:generateDebugAssets', task ':flutter_keyboard_visibility_temp_fork:mergeDebugAssets', task ':flutter_native_splash:mergeDebugShaders', task ':flutter_native_splash:compileDebugShaders', task ':flutter_native_splash:generateDebugAssets', task ':flutter_native_splash:mergeDebugAssets', task ':flutter_olm:mergeDebugShaders', task ':flutter_olm:compileDebugShaders', task ':flutter_olm:generateDebugAssets', task ':flutter_olm:mergeDebugAssets', task ':flutter_openssl_crypto:mergeDebugShaders', task ':flutter_openssl_crypto:compileDebugShaders', task ':flutter_openssl_crypto:generateDebugAssets', task ':flutter_openssl_crypto:mergeDebugAssets', task ':integration_test:mergeDebugShaders', task ':integration_test:compileDebugShaders', task ':integration_test:generateDebugAssets', task ':integration_test:mergeDebugAssets', task ':path_provider_android:mergeDebugShaders', task ':path_provider_android:compileDebugShaders', task ':path_provider_android:generateDebugAssets', task ':path_provider_android:mergeDebugAssets', task ':quill_native_bridge_android:mergeDebugShaders', task ':quill_native_bridge_android:compileDebugShaders', task ':quill_native_bridge_android:generateDebugAssets', task ':quill_native_bridge_android:mergeDebugAssets', task ':shared_preferences_android:mergeDebugShaders', task ':shared_preferences_android:compileDebugShaders', task ':shared_preferences_android:generateDebugAssets', task ':shared_preferences_android:mergeDebugAssets', task ':sqflite_android:mergeDebugShaders', task ':sqflite_android:compileDebugShaders', task ':sqflite_android:generateDebugAssets', task ':sqflite_android:mergeDebugAssets', task ':url_launcher_android:mergeDebugShaders', task ':url_launcher_android:compileDebugShaders', task ':url_launcher_android:generateDebugAssets', task ':url_launcher_android:mergeDebugAssets', task ':video_player_android:mergeDebugShaders', task ':video_player_android:compileDebugShaders', task ':video_player_android:generateDebugAssets', task ':video_player_android:mergeDebugAssets', task ':app:mergeDebugAssets', task ':app:copyFlutterAssetsDebug', task ':app:generateDebugResValues', task ':connectivity_plus:generateDebugResValues', task ':connectivity_plus:generateDebugResources', task ':connectivity_plus:packageDebugResources', task ':emoji_picker_flutter:generateDebugResValues', task ':emoji_picker_flutter:generateDebugResources', task ':emoji_picker_flutter:packageDebugResources', task ':file_selector_android:generateDebugResValues', task ':file_selector_android:generateDebugResources', task ':file_selector_android:packageDebugResources', task ':flutter_keyboard_visibility_temp_fork:generateDebugResValues', task ':flutter_keyboard_visibility_temp_fork:generateDebugResources', task ':flutter_keyboard_visibility_temp_fork:packageDebugResources', task ':flutter_native_splash:generateDebugResValues', task ':flutter_native_splash:generateDebugResources', task ':flutter_native_splash:packageDebugResources', task ':flutter_olm:generateDebugResValues', task ':flutter_olm:generateDebugResources', task ':flutter_olm:packageDebugResources', task ':flutter_openssl_crypto:generateDebugResValues', task ':flutter_openssl_crypto:generateDebugResources', task ':flutter_openssl_crypto:packageDebugResources', task ':integration_test:generateDebugResValues', task ':integration_test:generateDebugResources', task ':integration_test:packageDebugResources', task ':path_provider_android:generateDebugResValues', task ':path_provider_android:generateDebugResources', task ':path_provider_android:packageDebugResources', task ':quill_native_bridge_android:generateDebugResValues', task ':quill_native_bridge_android:generateDebugResources', task ':quill_native_bridge_android:packageDebugResources', task ':shared_preferences_android:generateDebugResValues', task ':shared_preferences_android:generateDebugResources', task ':shared_preferences_android:packageDebugResources', task ':sqflite_android:generateDebugResValues', task ':sqflite_android:generateDebugResources', task ':sqflite_android:packageDebugResources', task ':url_launcher_android:generateDebugResValues', task ':url_launcher_android:generateDebugResources', task ':url_launcher_android:packageDebugResources', task ':video_player_android:generateDebugResValues', task ':video_player_android:generateDebugResources', task ':video_player_android:packageDebugResources', task ':app:mapDebugSourceSetPaths', task ':app:generateDebugResources', task ':app:mergeDebugResources', task ':app:packageDebugResources', task ':app:parseDebugLocalResources', task ':app:createDebugCompatibleScreenManifests', task ':app:extractDeepLinksDebug', task ':connectivity_plus:extractDeepLinksDebug', task ':connectivity_plus:processDebugManifest', task ':emoji_picker_flutter:extractDeepLinksDebug', task ':emoji_picker_flutter:processDebugManifest', task ':file_selector_android:extractDeepLinksDebug', task ':file_selector_android:processDebugManifest', task ':flutter_keyboard_visibility_temp_fork:extractDeepLinksDebug', task ':flutter_keyboard_visibility_temp_fork:processDebugManifest', task ':flutter_native_splash:extractDeepLinksDebug', task ':flutter_native_splash:processDebugManifest', task ':flutter_olm:extractDeepLinksDebug', task ':flutter_olm:processDebugManifest', task ':flutter_openssl_crypto:extractDeepLinksDebug', task ':flutter_openssl_crypto:processDebugManifest', task ':integration_test:extractDeepLinksDebug', task ':integration_test:processDebugManifest', task ':path_provider_android:extractDeepLinksDebug', task ':path_provider_android:processDebugManifest', task ':quill_native_bridge_android:extractDeepLinksDebug', task ':quill_native_bridge_android:processDebugManifest', task ':shared_preferences_android:extractDeepLinksDebug', task ':shared_preferences_android:processDebugManifest', task ':sqflite_android:extractDeepLinksDebug', task ':sqflite_android:processDebugManifest', task ':url_launcher_android:extractDeepLinksDebug', task ':url_launcher_android:processDebugManifest', task ':video_player_android:extractDeepLinksDebug', task ':video_player_android:processDebugManifest', task ':app:processDebugMainManifest', task ':app:outputDebugAppLinkSettings', task ':app:processDebugManifest', task ':app:processDebugManifestForPackage', task ':connectivity_plus:compileDebugLibraryResources', task ':connectivity_plus:parseDebugLocalResources', task ':connectivity_plus:generateDebugRFile', task ':emoji_picker_flutter:compileDebugLibraryResources', task ':emoji_picker_flutter:parseDebugLocalResources', task ':emoji_picker_flutter:generateDebugRFile', task ':file_selector_android:compileDebugLibraryResources', task ':file_selector_android:parseDebugLocalResources', task ':file_selector_android:generateDebugRFile', task ':flutter_keyboard_visibility_temp_fork:compileDebugLibraryResources', task ':flutter_keyboard_visibility_temp_fork:parseDebugLocalResources', task ':flutter_keyboard_visibility_temp_fork:generateDebugRFile', task ':flutter_native_splash:compileDebugLibraryResources', task ':flutter_native_splash:parseDebugLocalResources', task ':flutter_native_splash:generateDebugRFile', task ':flutter_olm:compileDebugLibraryResources', task ':flutter_olm:parseDebugLocalResources', task ':flutter_olm:generateDebugRFile', task ':flutter_openssl_crypto:compileDebugLibraryResources', task ':flutter_openssl_crypto:parseDebugLocalResources', task ':flutter_openssl_crypto:generateDebugRFile', task ':integration_test:compileDebugLibraryResources', task ':integration_test:parseDebugLocalResources', task ':integration_test:generateDebugRFile', task ':path_provider_android:compileDebugLibraryResources', task ':path_provider_android:parseDebugLocalResources', task ':path_provider_android:generateDebugRFile', task ':quill_native_bridge_android:compileDebugLibraryResources', task ':quill_native_bridge_android:parseDebugLocalResources', task ':quill_native_bridge_android:generateDebugRFile', task ':shared_preferences_android:compileDebugLibraryResources', task ':shared_preferences_android:parseDebugLocalResources', task ':shared_preferences_android:generateDebugRFile', task ':sqflite_android:compileDebugLibraryResources', task ':sqflite_android:parseDebugLocalResources', task ':sqflite_android:generateDebugRFile', task ':url_launcher_android:compileDebugLibraryResources', task ':url_launcher_android:parseDebugLocalResources', task ':url_launcher_android:generateDebugRFile', task ':video_player_android:compileDebugLibraryResources', task ':video_player_android:parseDebugLocalResources', task ':video_player_android:generateDebugRFile', task ':app:processDebugResources', task ':connectivity_plus:javaPreCompileDebug', task ':connectivity_plus:compileDebugJavaWithJavac', task ':connectivity_plus:bundleLibCompileToJarDebug', task ':emoji_picker_flutter:checkKotlinGradlePluginConfigurationErrors', task ':emoji_picker_flutter:compileDebugKotlin', task ':emoji_picker_flutter:javaPreCompileDebug', task ':emoji_picker_flutter:compileDebugJavaWithJavac', task ':emoji_picker_flutter:bundleLibCompileToJarDebug', task ':file_selector_android:javaPreCompileDebug', task ':file_selector_android:compileDebugJavaWithJavac', task ':file_selector_android:bundleLibCompileToJarDebug', task ':flutter_keyboard_visibility_temp_fork:javaPreCompileDebug', task ':flutter_keyboard_visibility_temp_fork:compileDebugJavaWithJavac', task ':flutter_keyboard_visibility_temp_fork:bundleLibCompileToJarDebug', task ':flutter_native_splash:javaPreCompileDebug', task ':flutter_native_splash:compileDebugJavaWithJavac', task ':flutter_native_splash:bundleLibCompileToJarDebug', task ':flutter_olm:checkKotlinGradlePluginConfigurationErrors', task ':flutter_olm:compileDebugKotlin', task ':flutter_olm:javaPreCompileDebug', task ':flutter_olm:compileDebugJavaWithJavac', task ':flutter_olm:bundleLibCompileToJarDebug', task ':flutter_openssl_crypto:checkKotlinGradlePluginConfigurationErrors', task ':flutter_openssl_crypto:compileDebugKotlin', task ':flutter_openssl_crypto:javaPreCompileDebug', task ':flutter_openssl_crypto:compileDebugJavaWithJavac', task ':flutter_openssl_crypto:bundleLibCompileToJarDebug', task ':integration_test:javaPreCompileDebug', task ':integration_test:compileDebugJavaWithJavac', task ':integration_test:bundleLibCompileToJarDebug', task ':path_provider_android:javaPreCompileDebug', task ':path_provider_android:compileDebugJavaWithJavac', task ':path_provider_android:bundleLibCompileToJarDebug', task ':quill_native_bridge_android:checkKotlinGradlePluginConfigurationErrors', task ':quill_native_bridge_android:compileDebugKotlin', task ':quill_native_bridge_android:javaPreCompileDebug', task ':quill_native_bridge_android:compileDebugJavaWithJavac', task ':quill_native_bridge_android:bundleLibCompileToJarDebug', task ':shared_preferences_android:checkKotlinGradlePluginConfigurationErrors', task ':shared_preferences_android:compileDebugKotlin', task ':shared_preferences_android:javaPreCompileDebug', task ':shared_preferences_android:compileDebugJavaWithJavac', task ':shared_preferences_android:bundleLibCompileToJarDebug', task ':sqflite_android:javaPreCompileDebug', task ':sqflite_android:compileDebugJavaWithJavac', task ':sqflite_android:bundleLibCompileToJarDebug', task ':url_launcher_android:generateDebugBuildConfig', task ':url_launcher_android:javaPreCompileDebug', task ':url_launcher_android:compileDebugJavaWithJavac', task ':url_launcher_android:bundleLibCompileToJarDebug', task ':video_player_android:checkKotlinGradlePluginConfigurationErrors', task ':video_player_android:compileDebugKotlin', task ':video_player_android:javaPreCompileDebug', task ':video_player_android:compileDebugJavaWithJavac', task ':video_player_android:bundleLibCompileToJarDebug', task ':app:compileDebugKotlin', task ':app:javaPreCompileDebug', task ':app:compileDebugJavaWithJavac', task ':app:compressDebugAssets', task ':app:processDebugJavaRes', task ':connectivity_plus:processDebugJavaRes', task ':emoji_picker_flutter:processDebugJavaRes', task ':file_selector_android:processDebugJavaRes', task ':flutter_keyboard_visibility_temp_fork:processDebugJavaRes', task ':flutter_native_splash:processDebugJavaRes', task ':flutter_olm:processDebugJavaRes', task ':flutter_openssl_crypto:processDebugJavaRes', task ':integration_test:processDebugJavaRes', task ':path_provider_android:processDebugJavaRes', task ':quill_native_bridge_android:processDebugJavaRes', task ':shared_preferences_android:processDebugJavaRes', task ':sqflite_android:processDebugJavaRes', task ':url_launcher_android:processDebugJavaRes', task ':video_player_android:processDebugJavaRes', task ':app:mergeDebugJavaResource', task ':app:checkDebugDuplicateClasses', task ':app:desugarDebugFileDependencies', task ':app:mergeExtDexDebug', task ':connectivity_plus:bundleLibRuntimeToDirDebug', task ':emoji_picker_flutter:bundleLibRuntimeToDirDebug', task ':file_selector_android:bundleLibRuntimeToDirDebug', task ':flutter_keyboard_visibility_temp_fork:bundleLibRuntimeToDirDebug', task ':flutter_native_splash:bundleLibRuntimeToDirDebug', task ':flutter_olm:bundleLibRuntimeToDirDebug', task ':flutter_openssl_crypto:bundleLibRuntimeToDirDebug', task ':integration_test:bundleLibRuntimeToDirDebug', task ':path_provider_android:bundleLibRuntimeToDirDebug', task ':quill_native_bridge_android:bundleLibRuntimeToDirDebug', task ':shared_preferences_android:bundleLibRuntimeToDirDebug', task ':sqflite_android:bundleLibRuntimeToDirDebug', task ':url_launcher_android:bundleLibRuntimeToDirDebug', task ':video_player_android:bundleLibRuntimeToDirDebug', task ':app:mergeLibDexDebug', task ':app:dexBuilderDebug', task ':app:mergeProjectDexDebug', task ':app:configureCMakeDebug[arm64-v8a]', task ':app:buildCMakeDebug[arm64-v8a]', task ':app:configureCMakeDebug[armeabi-v7a]', task ':app:buildCMakeDebug[armeabi-v7a]', task ':app:configureCMakeDebug[x86_64]', task ':app:buildCMakeDebug[x86_64]', task ':app:mergeDebugJniLibFolders', task ':connectivity_plus:mergeDebugJniLibFolders', task ':connectivity_plus:mergeDebugNativeLibs', task ':connectivity_plus:copyDebugJniLibsProjectOnly', task ':emoji_picker_flutter:mergeDebugJniLibFolders', task ':emoji_picker_flutter:mergeDebugNativeLibs', task ':emoji_picker_flutter:copyDebugJniLibsProjectOnly', task ':file_selector_android:mergeDebugJniLibFolders', task ':file_selector_android:mergeDebugNativeLibs', task ':file_selector_android:copyDebugJniLibsProjectOnly', task ':flutter_keyboard_visibility_temp_fork:mergeDebugJniLibFolders', task ':flutter_keyboard_visibility_temp_fork:mergeDebugNativeLibs', task ':flutter_keyboard_visibility_temp_fork:copyDebugJniLibsProjectOnly', task ':flutter_native_splash:mergeDebugJniLibFolders', task ':flutter_native_splash:mergeDebugNativeLibs', task ':flutter_native_splash:copyDebugJniLibsProjectOnly', task ':flutter_olm:preProfileBuild', task ':flutter_olm:configureCMakeDebug[arm64-v8a]', task ':flutter_olm:buildCMakeDebug[arm64-v8a]', task ':flutter_olm:configureCMakeDebug[armeabi-v7a]', task ':flutter_olm:buildCMakeDebug[armeabi-v7a]', task ':flutter_olm:configureCMakeDebug[x86]', task ':flutter_olm:buildCMakeDebug[x86]', task ':flutter_olm:configureCMakeDebug[x86_64]', task ':flutter_olm:buildCMakeDebug[x86_64]', task ':flutter_olm:mergeDebugJniLibFolders', task ':flutter_olm:mergeDebugNativeLibs', task ':flutter_olm:copyDebugJniLibsProjectOnly', task ':flutter_openssl_crypto:preProfileBuild', task ':flutter_openssl_crypto:configureCMakeDebug[arm64-v8a]', task ':flutter_openssl_crypto:buildCMakeDebug[arm64-v8a]', task ':flutter_openssl_crypto:configureCMakeDebug[armeabi-v7a]', task ':flutter_openssl_crypto:buildCMakeDebug[armeabi-v7a]', task ':flutter_openssl_crypto:configureCMakeDebug[x86]', task ':flutter_openssl_crypto:buildCMakeDebug[x86]', task ':flutter_openssl_crypto:configureCMakeDebug[x86_64]', task ':flutter_openssl_crypto:buildCMakeDebug[x86_64]', task ':flutter_openssl_crypto:mergeDebugJniLibFolders', task ':flutter_openssl_crypto:mergeDebugNativeLibs', task ':flutter_openssl_crypto:copyDebugJniLibsProjectOnly', task ':integration_test:mergeDebugJniLibFolders', task ':integration_test:mergeDebugNativeLibs', task ':integration_test:copyDebugJniLibsProjectOnly', task ':path_provider_android:mergeDebugJniLibFolders', task ':path_provider_android:mergeDebugNativeLibs', task ':path_provider_android:copyDebugJniLibsProjectOnly', task ':quill_native_bridge_android:mergeDebugJniLibFolders', task ':quill_native_bridge_android:mergeDebugNativeLibs', task ':quill_native_bridge_android:copyDebugJniLibsProjectOnly', task ':shared_preferences_android:mergeDebugJniLibFolders', task ':shared_preferences_android:mergeDebugNativeLibs', task ':shared_preferences_android:copyDebugJniLibsProjectOnly', task ':sqflite_android:mergeDebugJniLibFolders', task ':sqflite_android:mergeDebugNativeLibs', task ':sqflite_android:copyDebugJniLibsProjectOnly', task ':url_launcher_android:mergeDebugJniLibFolders', task ':url_launcher_android:mergeDebugNativeLibs', task ':url_launcher_android:copyDebugJniLibsProjectOnly', task ':video_player_android:mergeDebugJniLibFolders', task ':video_player_android:mergeDebugNativeLibs', task ':video_player_android:copyDebugJniLibsProjectOnly', task ':app:mergeDebugNativeLibs', task ':app:stripDebugDebugSymbols', task ':app:validateSigningDebug', task ':app:writeDebugAppMetadata', task ':app:writeDebugSigningConfigVersions', task ':app:packageDebug', task ':app:createDebugApkListingFileRedirect', task ':app:assembleDebug', task ':connectivity_plus:stripDebugDebugSymbols', task ':connectivity_plus:copyDebugJniLibsProjectAndLocalJars', task ':connectivity_plus:extractDebugAnnotations', task ':connectivity_plus:extractDeepLinksForAarDebug', task ':connectivity_plus:mergeDebugGeneratedProguardFiles', task ':connectivity_plus:mergeDebugConsumerProguardFiles', task ':connectivity_plus:prepareDebugArtProfile', task ':connectivity_plus:prepareLintJarForPublish', task ':connectivity_plus:mergeDebugJavaResource', task ':connectivity_plus:syncDebugLibJars', task ':connectivity_plus:bundleDebugAar', task ':connectivity_plus:assembleDebug', task ':emoji_picker_flutter:stripDebugDebugSymbols', task ':emoji_picker_flutter:copyDebugJniLibsProjectAndLocalJars', task ':emoji_picker_flutter:extractDebugAnnotations', task ':emoji_picker_flutter:extractDeepLinksForAarDebug', task ':emoji_picker_flutter:mergeDebugGeneratedProguardFiles', task ':emoji_picker_flutter:mergeDebugConsumerProguardFiles', task ':emoji_picker_flutter:prepareDebugArtProfile', task ':emoji_picker_flutter:prepareLintJarForPublish', task ':emoji_picker_flutter:mergeDebugJavaResource', task ':emoji_picker_flutter:syncDebugLibJars', task ':emoji_picker_flutter:bundleDebugAar', task ':emoji_picker_flutter:assembleDebug', task ':file_selector_android:stripDebugDebugSymbols', task ':file_selector_android:copyDebugJniLibsProjectAndLocalJars', task ':file_selector_android:extractDebugAnnotations', task ':file_selector_android:extractDeepLinksForAarDebug', task ':file_selector_android:mergeDebugGeneratedProguardFiles', task ':file_selector_android:mergeDebugConsumerProguardFiles', task ':file_selector_android:prepareDebugArtProfile', task ':file_selector_android:prepareLintJarForPublish', task ':file_selector_android:mergeDebugJavaResource', task ':file_selector_android:syncDebugLibJars', task ':file_selector_android:bundleDebugAar', task ':file_selector_android:assembleDebug', task ':flutter_keyboard_visibility_temp_fork:stripDebugDebugSymbols', task ':flutter_keyboard_visibility_temp_fork:copyDebugJniLibsProjectAndLocalJars', task ':flutter_keyboard_visibility_temp_fork:extractDebugAnnotations', task ':flutter_keyboard_visibility_temp_fork:extractDeepLinksForAarDebug', task ':flutter_keyboard_visibility_temp_fork:mergeDebugGeneratedProguardFiles', task ':flutter_keyboard_visibility_temp_fork:mergeDebugConsumerProguardFiles', task ':flutter_keyboard_visibility_temp_fork:prepareDebugArtProfile', task ':flutter_keyboard_visibility_temp_fork:prepareLintJarForPublish', task ':flutter_keyboard_visibility_temp_fork:mergeDebugJavaResource', task ':flutter_keyboard_visibility_temp_fork:syncDebugLibJars', task ':flutter_keyboard_visibility_temp_fork:bundleDebugAar', task ':flutter_keyboard_visibility_temp_fork:assembleDebug', task ':flutter_native_splash:stripDebugDebugSymbols', task ':flutter_native_splash:copyDebugJniLibsProjectAndLocalJars', task ':flutter_native_splash:extractDebugAnnotations', task ':flutter_native_splash:extractDeepLinksForAarDebug', task ':flutter_native_splash:mergeDebugGeneratedProguardFiles', task ':flutter_native_splash:mergeDebugConsumerProguardFiles', task ':flutter_native_splash:prepareDebugArtProfile', task ':flutter_native_splash:prepareLintJarForPublish', task ':flutter_native_splash:mergeDebugJavaResource', task ':flutter_native_splash:syncDebugLibJars', task ':flutter_native_splash:bundleDebugAar', task ':flutter_native_splash:assembleDebug', task ':flutter_olm:stripDebugDebugSymbols', task ':flutter_olm:copyDebugJniLibsProjectAndLocalJars', task ':flutter_olm:extractDebugAnnotations', task ':flutter_olm:extractDeepLinksForAarDebug', task ':flutter_olm:mergeDebugGeneratedProguardFiles', task ':flutter_olm:mergeDebugConsumerProguardFiles', task ':flutter_olm:prepareDebugArtProfile', task ':flutter_olm:prepareLintJarForPublish', task ':flutter_olm:mergeDebugJavaResource', task ':flutter_olm:syncDebugLibJars', task ':flutter_olm:bundleDebugAar', task ':flutter_olm:assembleDebug', task ':flutter_openssl_crypto:stripDebugDebugSymbols', task ':flutter_openssl_crypto:copyDebugJniLibsProjectAndLocalJars', task ':flutter_openssl_crypto:extractDebugAnnotations', task ':flutter_openssl_crypto:extractDeepLinksForAarDebug', task ':flutter_openssl_crypto:mergeDebugGeneratedProguardFiles', task ':flutter_openssl_crypto:mergeDebugConsumerProguardFiles', task ':flutter_openssl_crypto:prepareDebugArtProfile', task ':flutter_openssl_crypto:prepareLintJarForPublish', task ':flutter_openssl_crypto:mergeDebugJavaResource', task ':flutter_openssl_crypto:syncDebugLibJars', task ':flutter_openssl_crypto:bundleDebugAar', task ':flutter_openssl_crypto:assembleDebug', task ':integration_test:stripDebugDebugSymbols', task ':integration_test:copyDebugJniLibsProjectAndLocalJars', task ':integration_test:extractDebugAnnotations', task ':integration_test:extractDeepLinksForAarDebug', task ':integration_test:mergeDebugGeneratedProguardFiles', task ':integration_test:mergeDebugConsumerProguardFiles', task ':integration_test:prepareDebugArtProfile', task ':integration_test:prepareLintJarForPublish', task ':integration_test:mergeDebugJavaResource', task ':integration_test:syncDebugLibJars', task ':integration_test:bundleDebugAar', task ':integration_test:assembleDebug', task ':path_provider_android:stripDebugDebugSymbols', task ':path_provider_android:copyDebugJniLibsProjectAndLocalJars', task ':path_provider_android:extractDebugAnnotations', task ':path_provider_android:extractDeepLinksForAarDebug', task ':path_provider_android:mergeDebugGeneratedProguardFiles', task ':path_provider_android:mergeDebugConsumerProguardFiles', task ':path_provider_android:prepareDebugArtProfile', task ':path_provider_android:prepareLintJarForPublish', task ':path_provider_android:mergeDebugJavaResource', task ':path_provider_android:syncDebugLibJars', task ':path_provider_android:bundleDebugAar', task ':path_provider_android:assembleDebug', task ':quill_native_bridge_android:stripDebugDebugSymbols', task ':quill_native_bridge_android:copyDebugJniLibsProjectAndLocalJars', task ':quill_native_bridge_android:extractDebugAnnotations', task ':quill_native_bridge_android:extractDeepLinksForAarDebug', task ':quill_native_bridge_android:mergeDebugGeneratedProguardFiles', task ':quill_native_bridge_android:mergeDebugConsumerProguardFiles', task ':quill_native_bridge_android:prepareDebugArtProfile', task ':quill_native_bridge_android:prepareLintJarForPublish', task ':quill_native_bridge_android:mergeDebugJavaResource', task ':quill_native_bridge_android:syncDebugLibJars', task ':quill_native_bridge_android:bundleDebugAar', task ':quill_native_bridge_android:assembleDebug', task ':shared_preferences_android:stripDebugDebugSymbols', task ':shared_preferences_android:copyDebugJniLibsProjectAndLocalJars', task ':shared_preferences_android:extractDebugAnnotations', task ':shared_preferences_android:extractDeepLinksForAarDebug', task ':shared_preferences_android:mergeDebugGeneratedProguardFiles', task ':shared_preferences_android:mergeDebugConsumerProguardFiles', task ':shared_preferences_android:prepareDebugArtProfile', task ':shared_preferences_android:prepareLintJarForPublish', task ':shared_preferences_android:mergeDebugJavaResource', task ':shared_preferences_android:syncDebugLibJars', task ':shared_preferences_android:bundleDebugAar', task ':shared_preferences_android:assembleDebug', task ':sqflite_android:stripDebugDebugSymbols', task ':sqflite_android:copyDebugJniLibsProjectAndLocalJars', task ':sqflite_android:extractDebugAnnotations', task ':sqflite_android:extractDeepLinksForAarDebug', task ':sqflite_android:mergeDebugGeneratedProguardFiles', task ':sqflite_android:mergeDebugConsumerProguardFiles', task ':sqflite_android:prepareDebugArtProfile', task ':sqflite_android:prepareLintJarForPublish', task ':sqflite_android:mergeDebugJavaResource', task ':sqflite_android:syncDebugLibJars', task ':sqflite_android:bundleDebugAar', task ':sqflite_android:assembleDebug', task ':url_launcher_android:stripDebugDebugSymbols', task ':url_launcher_android:copyDebugJniLibsProjectAndLocalJars', task ':url_launcher_android:extractDebugAnnotations', task ':url_launcher_android:extractDeepLinksForAarDebug', task ':url_launcher_android:mergeDebugGeneratedProguardFiles', task ':url_launcher_android:mergeDebugConsumerProguardFiles', task ':url_launcher_android:prepareDebugArtProfile', task ':url_launcher_android:prepareLintJarForPublish', task ':url_launcher_android:mergeDebugJavaResource', task ':url_launcher_android:syncDebugLibJars', task ':url_launcher_android:bundleDebugAar', task ':url_launcher_android:assembleDebug', task ':video_player_android:stripDebugDebugSymbols', task ':video_player_android:copyDebugJniLibsProjectAndLocalJars', task ':video_player_android:extractDebugAnnotations', task ':video_player_android:extractDeepLinksForAarDebug', task ':video_player_android:mergeDebugGeneratedProguardFiles', task ':video_player_android:mergeDebugConsumerProguardFiles', task ':video_player_android:prepareDebugArtProfile', task ':video_player_android:prepareLintJarForPublish', task ':video_player_android:mergeDebugJavaResource', task ':video_player_android:syncDebugLibJars', task ':video_player_android:bundleDebugAar', task ':video_player_android:assembleDebug']
[        ] Tasks that were excluded: []
[        ] work action Parameters of ClassesDirToClassesTransform (Thread[#45645,Execution worker Thread 23,5,main]) started.
[        ] work action Parameters of DexingNoClasspathTransform (Thread[#45645,Execution worker Thread 23,5,main]) started.
[        ] Resolve mutations for :app:preBuild (Thread[#45645,Execution worker Thread 23,5,main]) started.
[        ] :app:preBuild (Thread[#45645,Execution worker Thread 23,5,main]) started.
[        ] > Task :app:preBuild UP-TO-DATE
[        ] Skipping task ':app:preBuild' as it has no actions.
[        ] Resolve mutations for :app:preDebugBuild (Thread[#45645,Execution worker Thread 23,5,main]) started.
[        ] :app:preDebugBuild (Thread[#45645,Execution worker Thread 23,5,main]) started.
[        ] > Task :app:preDebugBuild UP-TO-DATE
[        ] Skipping task ':app:preDebugBuild' as it has no actions.
[        ] Resolve mutations for :app:mergeDebugNativeDebugMetadata (Thread[#45645,Execution worker Thread 23,5,main]) started.
[        ] :app:mergeDebugNativeDebugMetadata (Thread[#45645,Execution worker Thread 23,5,main]) started.
[        ] > Task :app:mergeDebugNativeDebugMetadata NO-SOURCE
[        ] Skipping task ':app:mergeDebugNativeDebugMetadata' as it has no source files and no previous output files.
[        ] Resolve mutations for :app:checkKotlinGradlePluginConfigurationErrors (Thread[#45622,Execution worker,5,main]) started.
[        ] :app:checkKotlinGradlePluginConfigurationErrors (Thread[#45622,Execution worker,5,main]) started.
[        ] > Task :app:checkKotlinGradlePluginConfigurationErrors SKIPPED
[        ] Skipping task ':app:checkKotlinGradlePluginConfigurationErrors' as task onlyIf 'errorDiagnostics are present' is false.
[        ] Resolve mutations for :app:compileFlutterBuildDebug (Thread[#45622,Execution worker,5,main]) started.
[        ] :app:compileFlutterBuildDebug (Thread[#45622,Execution worker,5,main]) started.
20:20 +13 -48: loading /Users/florian/Code/substitution/integration_test/discovery_flow_test.dart                                                                                                      20:21 +13 -48: loading /Users/florian/Code/substitution/integration_test/discovery_flow_test.dart                                                                                                      [+1997 ms] > Task :app:compileFlutterBuildDebug
[        ] Caching disabled for task ':app:compileFlutterBuildDebug' because:
[        ]   Build cache is disabled
[        ]   Caching has not been enabled for the task
[        ] Task ':app:compileFlutterBuildDebug' is not up-to-date because:
[        ]   Value of input property 'targetPath' has changed for task ':app:compileFlutterBuildDebug'
[        ] Starting process 'command '/opt/homebrew/share/flutter/bin/flutter''. Working directory: /Users/florian/Code/substitution Command: /opt/homebrew/share/flutter/bin/flutter --verbose assemble --no-version-check --depfile /Users/florian/Code/substitution/build/app/intermediates/flutter/debug/flutter_build.d --output /Users/florian/Code/substitution/build/app/intermediates/flutter/debug -dTargetFile=/var/folders/l_/w8pnbb9d38n57pzg9j98fmy80000gn/T/flutter_tools.wuOse9/flutter_test_listener.TlA6DS/listener.dart -dTargetPlatform=android -dBuildMode=debug -dTrackWidgetCreation=true --DartDefines=TUFUUklYX1NFUlZFUj1odHRwOi8vbG9jYWxob3N0OjgwMDg=,TUFUUklYX1RFU1RfVVNFUj0=,TUFUUklYX1RFU1RfUEFTU1dPUkQ9,RkxVVFRFUl9WRVJTSU9OPTMuMzguOQ==,RkxVVFRFUl9DSEFOTkVMPXN0YWJsZQ==,RkxVVFRFUl9HSVRfVVJMPWh0dHBzOi8vZ2l0aHViLmNvbS9mbHV0dGVyL2ZsdXR0ZXIuZ2l0,RkxVVFRFUl9GUkFNRVdPUktfUkVWSVNJT049NjczMjNkZTI4NQ==,RkxVVFRFUl9FTkdJTkVfUkVWSVNJT049NTg3YzE4Zjg3Mw==,RkxVVFRFUl9EQVJUX1ZFUlNJT049My4xMC44,SU5URUdSQVRJT05fVEVTVF9TSE9VTERfUkVQT1JUX1JFU1VMVFNfVE9fTkFUSVZFPWZhbHNl -dFlavor= -dAndroidArchs=android-arm64 -dMinSdkVersion=24 debug_android_application
[        ] Successfully started process 'command '/opt/homebrew/share/flutter/bin/flutter''
[        ] [  +20 ms] executing: sysctl hw.optional.arm64
[        ] [   +3 ms] Exit code 0 from: sysctl hw.optional.arm64
[        ] [        ] hw.optional.arm64: 1
[        ] [   +3 ms] Artifact Instance of 'MaterialFonts' is not required, skipping update.
[        ] [        ] Artifact Instance of 'GradleWrapper' is not required, skipping update.
[        ] [        ] Artifact Instance of 'AndroidGenSnapshotArtifacts' is not required, skipping update.
[        ] [        ] Artifact Instance of 'AndroidInternalBuildArtifacts' is not required, skipping update.
[        ] [        ] Artifact Instance of 'IOSEngineArtifacts' is not required, skipping update.
[        ] [        ] Artifact Instance of 'FlutterWebSdk' is not required, skipping update.
[        ] [        ] Artifact Instance of 'LegacyCanvasKitRemover' is not required, skipping update.
[        ] [        ] Artifact Instance of 'FlutterSdk' is not required, skipping update.
[        ] [        ] Artifact Instance of 'WindowsEngineArtifacts' is not required, skipping update.
[        ] [        ] Artifact Instance of 'MacOSEngineArtifacts' is not required, skipping update.
[        ] [        ] Artifact Instance of 'LinuxEngineArtifacts' is not required, skipping update.
[        ] [        ] Artifact Instance of 'LinuxFuchsiaSDKArtifacts' is not required, skipping update.
[        ] [        ] Artifact Instance of 'MacOSFuchsiaSDKArtifacts' is not required, skipping update.
[        ] [        ] Artifact Instance of 'FlutterRunnerSDKArtifacts' is not required, skipping update.
[        ] [        ] Artifact Instance of 'FlutterRunnerDebugSymbols' is not required, skipping update.
[        ] [        ] Artifact Instance of 'IosUsbArtifacts' is not required, skipping update.
[        ] [        ] Artifact Instance of 'IosUsbArtifacts' is not required, skipping update.
[        ] [        ] Artifact Instance of 'IosUsbArtifacts' is not required, skipping update.
[        ] [        ] Artifact Instance of 'IosUsbArtifacts' is not required, skipping update.
[        ] [        ] Artifact Instance of 'IosUsbArtifacts' is not required, skipping update.
[        ] [        ] Artifact Instance of 'IosUsbArtifacts' is not required, skipping update.
[        ] [        ] Artifact Instance of 'FontSubsetArtifacts' is not required, skipping update.
[        ] [        ] Artifact Instance of 'PubDependencies' is not required, skipping update.
[        ] [   +3 ms] Artifact Instance of 'AndroidGenSnapshotArtifacts' is not required, skipping update.
[        ] [        ] Artifact Instance of 'AndroidInternalBuildArtifacts' is not required, skipping update.
[        ] [        ] Artifact Instance of 'IOSEngineArtifacts' is not required, skipping update.
[        ] [        ] Artifact Instance of 'FlutterWebSdk' is not required, skipping update.
[        ] [        ] Artifact Instance of 'FlutterEngineStamp' is not required, skipping update.
[        ] [        ] Artifact Instance of 'LegacyCanvasKitRemover' is not required, skipping update.
[        ] [        ] Artifact Instance of 'WindowsEngineArtifacts' is not required, skipping update.
[        ] [        ] Artifact Instance of 'MacOSEngineArtifacts' is not required, skipping update.
[        ] [        ] Artifact Instance of 'LinuxEngineArtifacts' is not required, skipping update.
[        ] [        ] Artifact Instance of 'LinuxFuchsiaSDKArtifacts' is not required, skipping update.
[        ] [        ] Artifact Instance of 'MacOSFuchsiaSDKArtifacts' is not required, skipping update.
[        ] [        ] Artifact Instance of 'FlutterRunnerSDKArtifacts' is not required, skipping update.
[        ] [        ] Artifact Instance of 'FlutterRunnerDebugSymbols' is not required, skipping update.
[        ] [  +22 ms] Artifact Instance of 'MaterialFonts' is not required, skipping update.
[        ] [        ] Artifact Instance of 'GradleWrapper' is not required, skipping update.
[        ] [        ] Artifact Instance of 'AndroidInternalBuildArtifacts' is not required, skipping update.
[        ] [        ] Artifact Instance of 'IOSEngineArtifacts' is not required, skipping update.
[        ] [        ] Artifact Instance of 'FlutterWebSdk' is not required, skipping update.
[        ] [        ] Artifact Instance of 'FlutterEngineStamp' is not required, skipping update.
[        ] [        ] Artifact Instance of 'LegacyCanvasKitRemover' is not required, skipping update.
[        ] [        ] Artifact Instance of 'FlutterSdk' is not required, skipping update.
[        ] [        ] Artifact Instance of 'WindowsEngineArtifacts' is not required, skipping update.
[        ] [        ] Artifact Instance of 'MacOSEngineArtifacts' is not required, skipping update.
[        ] [        ] Artifact Instance of 'LinuxEngineArtifacts' is not required, skipping update.
[        ] [        ] Artifact Instance of 'LinuxFuchsiaSDKArtifacts' is not required, skipping update.
[        ] [        ] Artifact Instance of 'MacOSFuchsiaSDKArtifacts' is not required, skipping update.
[        ] [        ] Artifact Instance of 'FlutterRunnerSDKArtifacts' is not required, skipping update.
[        ] [        ] Artifact Instance of 'FlutterRunnerDebugSymbols' is not required, skipping update.
[        ] [        ] Artifact Instance of 'IosUsbArtifacts' is not required, skipping update.
[        ] [        ] Artifact Instance of 'IosUsbArtifacts' is not required, skipping update.
[        ] [        ] Artifact Instance of 'IosUsbArtifacts' is not required, skipping update.
[        ] [        ] Artifact Instance of 'IosUsbArtifacts' is not required, skipping update.
[        ] [        ] Artifact Instance of 'IosUsbArtifacts' is not required, skipping update.
[        ] [        ] Artifact Instance of 'IosUsbArtifacts' is not required, skipping update.
[        ] [        ] Artifact Instance of 'FontSubsetArtifacts' is not required, skipping update.
[        ] [        ] Artifact Instance of 'PubDependencies' is not required, skipping update.
[        ] [  +21 ms] Initializing file store
[        ] [  +12 ms] dart_build: Starting due to {}
[        ] [        ] Skipping target: gen_localizations
[        ] [        ] gen_dart_plugin_registrant: Starting due to {InvalidatedReasonKind.outputSetAddition: The following outputs were added to the output set: /Users/florian/Code/substitution/.dart_tool/flutter_build/dart_plugin_registrant.dart, InvalidatedReasonKind.inputChanged: The following inputs have updated contents: /Users/florian/Code/substitution/.dart_tool/package_config.json}
[        ] [  +45 ms] Found plugin integration_test at /opt/homebrew/share/flutter/packages/integration_test/
[        ] [  +18 ms] Found plugin flutter_native_splash at /Users/florian/.pub-cache/hosted/pub.dev/flutter_native_splash-2.4.7/
[        ] [  +13 ms] Building native assets for android_arm64.
[        ] [  +23 ms] Found plugin connectivity_plus at /Users/florian/.pub-cache/hosted/pub.dev/connectivity_plus-5.0.2/
[        ] [   +7 ms] input.json contents:
[        ]            {
[        ]              "assets": {},
[        ]              "config": {
[        ]                "build_asset_types": [
[        ]                  "code_assets/code"
[        ]                ],
[        ]                "extensions": {
[        ]                  "code_assets": {
[        ]                    "android": {
[        ]                      "target_ndk_api": 24
[        ]                    },
[        ]                    "c_compiler": {
[        ]                      "ar": "/Users/florian/Library/Android/sdk/ndk/28.2.13676358/toolchains/llvm/prebuilt/darwin-x86_64/bin/llvm-ar",
[        ]                      "cc": "/Users/florian/Library/Android/sdk/ndk/28.2.13676358/toolchains/llvm/prebuilt/darwin-x86_64/bin/clang",
[        ]                      "ld": "/Users/florian/Library/Android/sdk/ndk/28.2.13676358/toolchains/llvm/prebuilt/darwin-x86_64/bin/ld.lld"
[        ]                    },
[        ]                    "link_mode_preference": "dynamic",
[        ]                    "target_architecture": "arm64",
[        ]                    "target_os": "android"
[        ]                  }
[        ]                },
[        ]                "linking_enabled": false
[        ]              },
[        ]              "out_dir_shared": "/Users/florian/Code/substitution/.dart_tool/hooks_runner/shared/objective_c/build/",
[        ]              "out_file": "/Users/florian/Code/substitution/.dart_tool/hooks_runner/objective_c/842b8c761140c2c0e73191c57a372e73/output.json",
[        ]              "package_name": "objective_c",
[        ]              "package_root": "/Users/florian/.pub-cache/hosted/pub.dev/objective_c-9.2.5/",
[        ]              "user_defines": {}
[        ]            }
[        ] [   +2 ms] output.json contents:
[        ]            {
[        ]              "assets_for_linking": {},
[        ]              "status": "success",
[        ]              "timestamp": "2026-02-16 21:57:23.000"
[        ]            }
[        ] [   +1 ms] Skipping build for objective_c in /Users/florian/Code/substitution/.dart_tool/hooks_runner/objective_c/842b8c761140c2c0e73191c57a372e73/. Last build on 2026-02-16 21:57:23.000.
[        ] [   +2 ms] Building native assets for android_arm64 done.
[        ] [   +1 ms] dart_build: Complete
[        ] [   +1 ms] install_code_assets: Starting due to {}
[        ] [   +1 ms] Writing native assets json to file:///Users/florian/Code/substitution/.dart_tool/flutter_build/624e1592a9adacc1e316161761a962f6/native_assets.json.
[        ] [        ] Found plugin video_player at /Users/florian/.pub-cache/hosted/pub.dev/video_player-2.10.1/
[        ] [        ] Found plugin video_player_web at /Users/florian/.pub-cache/hosted/pub.dev/video_player_web-2.4.0/
[        ] [        ] Writing /Users/florian/Code/substitution/.dart_tool/flutter_build/624e1592a9adacc1e316161761a962f6/native_assets.json done.
[        ] [        ] install_code_assets: Complete
[        ] [   +1 ms] Found plugin video_player_avfoundation at /Users/florian/.pub-cache/hosted/pub.dev/video_player_avfoundation-2.9.1/
[        ] [        ] Found plugin video_player_android at /Users/florian/.pub-cache/hosted/pub.dev/video_player_android-2.9.1/
[        ] [        ] Found plugin url_launcher at /Users/florian/.pub-cache/hosted/pub.dev/url_launcher-6.3.2/
[        ] [        ] Found plugin url_launcher_windows at /Users/florian/.pub-cache/hosted/pub.dev/url_launcher_windows-3.1.5/
[        ] [        ] Found plugin url_launcher_web at /Users/florian/.pub-cache/hosted/pub.dev/url_launcher_web-2.4.2/
[        ] [        ] Found plugin url_launcher_macos at /Users/florian/.pub-cache/hosted/pub.dev/url_launcher_macos-3.2.5/
[        ] [        ] Found plugin url_launcher_linux at /Users/florian/.pub-cache/hosted/pub.dev/url_launcher_linux-3.2.2/
[        ] [        ] Found plugin url_launcher_ios at /Users/florian/.pub-cache/hosted/pub.dev/url_launcher_ios-6.3.6/
[        ] [        ] Found plugin url_launcher_android at /Users/florian/.pub-cache/hosted/pub.dev/url_launcher_android-6.3.28/
[        ] [   +2 ms] Found plugin sqflite at /Users/florian/.pub-cache/hosted/pub.dev/sqflite-2.4.2/
[        ] [        ] Found plugin sqflite_darwin at /Users/florian/.pub-cache/hosted/pub.dev/sqflite_darwin-2.4.2/
[        ] [        ] Found plugin sqflite_android at /Users/florian/.pub-cache/hosted/pub.dev/sqflite_android-2.4.2+2/
[        ] [   +1 ms] Found plugin path_provider at /Users/florian/.pub-cache/hosted/pub.dev/path_provider-2.1.5/
[        ] [        ] Found plugin path_provider_windows at /Users/florian/.pub-cache/hosted/pub.dev/path_provider_windows-2.3.0/
[        ] [        ] Found plugin path_provider_linux at /Users/florian/.pub-cache/hosted/pub.dev/path_provider_linux-2.2.1/
[        ] [        ] Found plugin path_provider_foundation at /Users/florian/.pub-cache/hosted/pub.dev/path_provider_foundation-2.6.0/
[        ] [   +2 ms] Found plugin path_provider_android at /Users/florian/.pub-cache/hosted/pub.dev/path_provider_android-2.2.22/
[        ] [  +19 ms] Found plugin flutter_keyboard_visibility_temp_fork at /Users/florian/.pub-cache/hosted/pub.dev/flutter_keyboard_visibility_temp_fork-0.1.5/
[        ] [        ] Found plugin flutter_keyboard_visibility_windows at /Users/florian/.pub-cache/hosted/pub.dev/flutter_keyboard_visibility_windows-1.0.0/
[        ] [   +1 ms] Found plugin flutter_keyboard_visibility_macos at /Users/florian/.pub-cache/hosted/pub.dev/flutter_keyboard_visibility_macos-1.0.0/
[        ] [        ] Found plugin flutter_keyboard_visibility_linux at /Users/florian/.pub-cache/hosted/pub.dev/flutter_keyboard_visibility_linux-1.0.0/
[        ] [   +9 ms] Found plugin quill_native_bridge at /Users/florian/.pub-cache/hosted/pub.dev/quill_native_bridge-11.1.0/
[        ] [   +1 ms] Found plugin quill_native_bridge_windows at /Users/florian/.pub-cache/hosted/pub.dev/quill_native_bridge_windows-0.0.2/
[        ] [  +14 ms] Found plugin file_selector_windows at /Users/florian/.pub-cache/hosted/pub.dev/file_selector_windows-0.9.3+5/
[        ] [   +2 ms] Found plugin quill_native_bridge_web at /Users/florian/.pub-cache/hosted/pub.dev/quill_native_bridge_web-0.0.2/
[        ] [   +1 ms] Found plugin quill_native_bridge_macos at /Users/florian/.pub-cache/hosted/pub.dev/quill_native_bridge_macos-0.0.1/
[        ] [        ] Found plugin quill_native_bridge_ios at /Users/florian/.pub-cache/hosted/pub.dev/quill_native_bridge_ios-0.0.1/
[        ] [   +1 ms] Found plugin quill_native_bridge_android at /Users/florian/.pub-cache/hosted/pub.dev/quill_native_bridge_android-0.0.1+2/
[        ] [   +4 ms] Found plugin flutter_openssl_crypto at /Users/florian/.pub-cache/hosted/pub.dev/flutter_openssl_crypto-0.5.0/
[        ] [        ] Found plugin flutter_olm at /Users/florian/.pub-cache/hosted/pub.dev/flutter_olm-2.0.0/
[        ] [   +2 ms] Found plugin file_selector at /Users/florian/.pub-cache/hosted/pub.dev/file_selector-1.1.0/
[        ] [        ] Found plugin file_selector_web at /Users/florian/.pub-cache/hosted/pub.dev/file_selector_web-0.9.4+2/
[        ] [        ] Found plugin file_selector_macos at /Users/florian/.pub-cache/hosted/pub.dev/file_selector_macos-0.9.5/
[        ] [        ] Found plugin file_selector_linux at /Users/florian/.pub-cache/hosted/pub.dev/file_selector_linux-0.9.4/
[        ] [        ] Found plugin file_selector_ios at /Users/florian/.pub-cache/hosted/pub.dev/file_selector_ios-0.5.3+5/
[        ] [   +1 ms] Found plugin file_selector_android at /Users/florian/.pub-cache/hosted/pub.dev/file_selector_android-0.5.2+4/
[        ] [   +1 ms] Found plugin emoji_picker_flutter at /Users/florian/.pub-cache/hosted/pub.dev/emoji_picker_flutter-4.4.0/
[        ] [   +1 ms] Found plugin shared_preferences at /Users/florian/.pub-cache/hosted/pub.dev/shared_preferences-2.5.4/
[        ] [   +1 ms] Found plugin shared_preferences_windows at /Users/florian/.pub-cache/hosted/pub.dev/shared_preferences_windows-2.4.1/
[        ] [   +1 ms] Found plugin shared_preferences_web at /Users/florian/.pub-cache/hosted/pub.dev/shared_preferences_web-2.4.3/
[        ] [   +1 ms] Found plugin shared_preferences_linux at /Users/florian/.pub-cache/hosted/pub.dev/shared_preferences_linux-2.4.1/
[        ] [   +1 ms] Found plugin shared_preferences_foundation at /Users/florian/.pub-cache/hosted/pub.dev/shared_preferences_foundation-2.5.6/
[        ] [        ] Found plugin shared_preferences_android at /Users/florian/.pub-cache/hosted/pub.dev/shared_preferences_android-2.4.20/
[        ] [  +15 ms] Skipping generating dart_plugin_registrant.dart because it is up-to-date.
[        ] [        ] gen_dart_plugin_registrant: Complete
[        ] [   +1 ms] kernel_snapshot_program: Starting due to {}
[        ] [   +7 ms] /opt/homebrew/share/flutter/bin/cache/dart-sdk/bin/dartaotruntime /opt/homebrew/share/flutter/bin/cache/dart-sdk/bin/snapshots/frontend_server_aot.dart.snapshot --sdk-root /opt/homebrew/share/flutter/bin/cache/artifacts/engine/common/flutter_patched_sdk/ --target=flutter --no-print-incremental-dependencies -DMATRIX_SERVER=http://localhost:8008 -DMATRIX_TEST_USER= -DMATRIX_TEST_PASSWORD= -DFLUTTER_VERSION=3.38.9 -DFLUTTER_CHANNEL=stable -DFLUTTER_GIT_URL=https://github.com/flutter/flutter.git -DFLUTTER_FRAMEWORK_REVISION=67323de285 -DFLUTTER_ENGINE_REVISION=587c18f873 -DFLUTTER_DART_VERSION=3.10.8 -DINTEGRATION_TEST_SHOULD_REPORT_RESULTS_TO_NATIVE=false -DFLUTTER_APP_FLAVOR= -Ddart.vm.profile=false -Ddart.vm.product=false --enable-asserts --track-widget-creation --no-link-platform --packages /Users/florian/Code/substitution/.dart_tool/package_config.json --output-dill /Users/florian/Code/substitution/.dart_tool/flutter_build/624e1592a9adacc1e316161761a962f6/app.dill --depfile /Users/florian/Code/substitution/.dart_tool/flutter_build/624e1592a9adacc1e316161761a962f6/kernel_snapshot_program.d --incremental --initialize-from-dill /Users/florian/Code/substitution/.dart_tool/flutter_build/624e1592a9adacc1e316161761a962f6/app.dill --source file:///Users/florian/Code/substitution/.dart_tool/flutter_build/dart_plugin_registrant.dart --source package:flutter/src/dart_plugin_registrant.dart -Dflutter.dart_plugin_registrant=file:///Users/florian/Code/substitution/.dart_tool/flutter_build/dart_plugin_registrant.dart --verbosity=error file:///var/folders/l_/w8pnbb9d38n57pzg9j98fmy80000gn/T/flutter_tools.wuOse9/flutter_test_listener.TlA6DS/listener.dart
20:22 +13 -48: loading /Users/florian/Code/substitution/integration_test/discovery_flow_test.dart                                                                                                      20:23 +13 -48: loading /Users/florian/Code/substitution/integration_test/discovery_flow_test.dart                                                                                                      20:24 +13 -48: loading /Users/florian/Code/substitution/integration_test/discovery_flow_test.dart                                                                                                      20:25 +13 -48: loading /Users/florian/Code/substitution/integration_test/discovery_flow_test.dart                                                                                                      20:26 +13 -48: loading /Users/florian/Code/substitution/integration_test/discovery_flow_test.dart                                                                                                      [+5391 ms] [+6843 ms] kernel_snapshot_program: Complete
20:27 +13 -48: loading /Users/florian/Code/substitution/integration_test/discovery_flow_test.dart                                                                                                      [ +999 ms] [+1072 ms] debug_android_application: Starting due to {}
[  +98 ms] [ +107 ms] Manifest contained wildcard assets. Inserting missing file into build graph to force rerun. for more information see #56466.
[        ] [   +3 ms] shaderc command: [/opt/homebrew/share/flutter/bin/cache/artifacts/engine/darwin-x64/impellerc, --sksl, --runtime-stage-gles, --runtime-stage-gles3, --runtime-stage-vulkan, --iplr, --sl=/Users/florian/Code/substitution/build/app/intermediates/flutter/debug/flutter_assets/shaders/ink_sparkle.frag, --spirv=/Users/florian/Code/substitution/build/app/intermediates/flutter/debug/flutter_assets/shaders/ink_sparkle.frag.spirv, --input=/opt/homebrew/share/flutter/packages/flutter/lib/src/material/shaders/ink_sparkle.frag, --input-type=frag, --include=/opt/homebrew/share/flutter/packages/flutter/lib/src/material/shaders, --include=/opt/homebrew/share/flutter/bin/cache/artifacts/engine/darwin-x64/shader_lib]
[        ] [        ] shaderc command: [/opt/homebrew/share/flutter/bin/cache/artifacts/engine/darwin-x64/impellerc, --sksl, --runtime-stage-gles, --runtime-stage-gles3, --runtime-stage-vulkan, --iplr, --sl=/Users/florian/Code/substitution/build/app/intermediates/flutter/debug/flutter_assets/shaders/stretch_effect.frag, --spirv=/Users/florian/Code/substitution/build/app/intermediates/flutter/debug/flutter_assets/shaders/stretch_effect.frag.spirv, --input=/opt/homebrew/share/flutter/packages/flutter/lib/src/material/shaders/stretch_effect.frag, --input-type=frag, --include=/opt/homebrew/share/flutter/packages/flutter/lib/src/material/shaders, --include=/opt/homebrew/share/flutter/bin/cache/artifacts/engine/darwin-x64/shader_lib]
20:28 +13 -48: loading /Users/florian/Code/substitution/integration_test/discovery_flow_test.dart                                                                                                      [ +407 ms] [ +329 ms] debug_android_application: Complete
20:29 +13 -48: loading /Users/florian/Code/substitution/integration_test/discovery_flow_test.dart                                                                                                      [ +896 ms] [ +951 ms] Persisting file store
[        ] [   +6 ms] Done persisting file store
[        ] [  +15 ms] build succeeded.
[        ] [   +3 ms] "flutter assemble" took 9.634ms.
[        ] [   +2 ms] executing: sw_vers -productName
[ +100 ms] [   +9 ms] Exit code 0 from: sw_vers -productName
[        ] [        ] macOS
[        ] [        ] executing: sw_vers -productVersion
[        ] [   +7 ms] Exit code 0 from: sw_vers -productVersion
[        ] [        ] 26.1
[        ] [        ] executing: sw_vers -buildVersion
[        ] [   +7 ms] Exit code 0 from: sw_vers -buildVersion
[        ] [        ] 25B78
[        ] [        ] executing: uname -m
[        ] [   +3 ms] Exit code 0 from: uname -m
[        ] [        ] arm64
[        ] [  +21 ms] Running 1 shutdown hook
[        ] [        ] Shutdown hooks complete
[ +101 ms] [  +57 ms] exiting with code 0
[  +91 ms] Resolve mutations for :app:packJniLibsflutterBuildDebug (Thread[#45622,Execution worker,5,main]) started.
[        ] :app:packJniLibsflutterBuildDebug (Thread[#45622,Execution worker,5,main]) started.
[        ] > Task :app:packJniLibsflutterBuildDebug UP-TO-DATE
[        ] Caching disabled for task ':app:packJniLibsflutterBuildDebug' because:
[        ]   Build cache is disabled
[        ]   Not worth caching
[        ] Skipping task ':app:packJniLibsflutterBuildDebug' as it is up-to-date.
[        ] Resolve mutations for :connectivity_plus:preBuild (Thread[#45622,Execution worker,5,main]) started.
[        ] :connectivity_plus:preBuild (Thread[#45625,Execution worker Thread 4,5,main]) started.
[        ] > Task :connectivity_plus:preBuild UP-TO-DATE
[        ] Skipping task ':connectivity_plus:preBuild' as it has no actions.
[        ] Resolve mutations for :connectivity_plus:preDebugBuild (Thread[#45625,Execution worker Thread 4,5,main]) started.
[        ] :connectivity_plus:preDebugBuild (Thread[#45625,Execution worker Thread 4,5,main]) started.
[        ] > Task :connectivity_plus:preDebugBuild UP-TO-DATE
[        ] Skipping task ':connectivity_plus:preDebugBuild' as it has no actions.
[        ] Resolve mutations for :connectivity_plus:writeDebugAarMetadata (Thread[#45625,Execution worker Thread 4,5,main]) started.
[        ] :connectivity_plus:writeDebugAarMetadata (Thread[#45625,Execution worker Thread 4,5,main]) started.
[        ] > Task :connectivity_plus:writeDebugAarMetadata UP-TO-DATE
[        ] Caching disabled for task ':connectivity_plus:writeDebugAarMetadata' because:
[        ]   Build cache is disabled
[        ]   Caching has been disabled for the task
[        ] Skipping task ':connectivity_plus:writeDebugAarMetadata' as it is up-to-date.
[        ] work action resolve aar-metadata.properties (project :connectivity_plus) (Thread[#45625,Execution worker Thread 4,5,main]) started.
[        ] Resolve mutations for :emoji_picker_flutter:preBuild (Thread[#45625,Execution worker Thread 4,5,main]) started.
[        ] :emoji_picker_flutter:preBuild (Thread[#45625,Execution worker Thread 4,5,main]) started.
[        ] > Task :emoji_picker_flutter:preBuild UP-TO-DATE
[        ] Skipping task ':emoji_picker_flutter:preBuild' as it has no actions.
[        ] Resolve mutations for :emoji_picker_flutter:preDebugBuild (Thread[#45625,Execution worker Thread 4,5,main]) started.
[        ] :emoji_picker_flutter:preDebugBuild (Thread[#45625,Execution worker Thread 4,5,main]) started.
[        ] > Task :emoji_picker_flutter:preDebugBuild UP-TO-DATE
[        ] Skipping task ':emoji_picker_flutter:preDebugBuild' as it has no actions.
[        ] Resolve mutations for :emoji_picker_flutter:writeDebugAarMetadata (Thread[#45625,Execution worker Thread 4,5,main]) started.
[        ] :emoji_picker_flutter:writeDebugAarMetadata (Thread[#45625,Execution worker Thread 4,5,main]) started.
[        ] > Task :emoji_picker_flutter:writeDebugAarMetadata UP-TO-DATE
[        ] Caching disabled for task ':emoji_picker_flutter:writeDebugAarMetadata' because:
[        ]   Build cache is disabled
[        ]   Caching has been disabled for the task
[        ] Skipping task ':emoji_picker_flutter:writeDebugAarMetadata' as it is up-to-date.
[        ] work action resolve aar-metadata.properties (project :emoji_picker_flutter) (Thread[#45625,Execution worker Thread 4,5,main]) started.
[        ] Resolve mutations for :file_selector_android:preBuild (Thread[#45625,Execution worker Thread 4,5,main]) started.
[        ] :file_selector_android:preBuild (Thread[#45625,Execution worker Thread 4,5,main]) started.
[        ] > Task :file_selector_android:preBuild UP-TO-DATE
[        ] Skipping task ':file_selector_android:preBuild' as it has no actions.
[        ] Resolve mutations for :file_selector_android:preDebugBuild (Thread[#45625,Execution worker Thread 4,5,main]) started.
[        ] :file_selector_android:preDebugBuild (Thread[#45625,Execution worker Thread 4,5,main]) started.
[        ] > Task :file_selector_android:preDebugBuild UP-TO-DATE
[        ] Skipping task ':file_selector_android:preDebugBuild' as it has no actions.
[        ] Resolve mutations for :file_selector_android:writeDebugAarMetadata (Thread[#45625,Execution worker Thread 4,5,main]) started.
[        ] :file_selector_android:writeDebugAarMetadata (Thread[#45625,Execution worker Thread 4,5,main]) started.
[        ] > Task :file_selector_android:writeDebugAarMetadata UP-TO-DATE
[        ] Caching disabled for task ':file_selector_android:writeDebugAarMetadata' because:
[        ]   Build cache is disabled
[        ]   Caching has been disabled for the task
[        ] Skipping task ':file_selector_android:writeDebugAarMetadata' as it is up-to-date.
[        ] work action resolve aar-metadata.properties (project :file_selector_android) (Thread[#45625,Execution worker Thread 4,5,main]) started.
[        ] Resolve mutations for :flutter_keyboard_visibility_temp_fork:preBuild (Thread[#45625,Execution worker Thread 4,5,main]) started.
[        ] :flutter_keyboard_visibility_temp_fork:preBuild (Thread[#45625,Execution worker Thread 4,5,main]) started.
[        ] > Task :flutter_keyboard_visibility_temp_fork:preBuild UP-TO-DATE
[        ] Skipping task ':flutter_keyboard_visibility_temp_fork:preBuild' as it has no actions.
[        ] Resolve mutations for :flutter_keyboard_visibility_temp_fork:preDebugBuild (Thread[#45625,Execution worker Thread 4,5,main]) started.
[        ] :flutter_keyboard_visibility_temp_fork:preDebugBuild (Thread[#45625,Execution worker Thread 4,5,main]) started.
[        ] > Task :flutter_keyboard_visibility_temp_fork:preDebugBuild UP-TO-DATE
[        ] Skipping task ':flutter_keyboard_visibility_temp_fork:preDebugBuild' as it has no actions.
[        ] Resolve mutations for :flutter_keyboard_visibility_temp_fork:writeDebugAarMetadata (Thread[#45625,Execution worker Thread 4,5,main]) started.
[        ] :flutter_keyboard_visibility_temp_fork:writeDebugAarMetadata (Thread[#45625,Execution worker Thread 4,5,main]) started.
[        ] > Task :flutter_keyboard_visibility_temp_fork:writeDebugAarMetadata UP-TO-DATE
[        ] Caching disabled for task ':flutter_keyboard_visibility_temp_fork:writeDebugAarMetadata' because:
[        ]   Build cache is disabled
[        ]   Caching has been disabled for the task
[        ] Skipping task ':flutter_keyboard_visibility_temp_fork:writeDebugAarMetadata' as it is up-to-date.
[        ] work action resolve aar-metadata.properties (project :flutter_keyboard_visibility_temp_fork) (Thread[#45625,Execution worker Thread 4,5,main]) started.
[        ] Resolve mutations for :flutter_native_splash:preBuild (Thread[#45625,Execution worker Thread 4,5,main]) started.
[        ] :flutter_native_splash:preBuild (Thread[#45625,Execution worker Thread 4,5,main]) started.
[        ] > Task :flutter_native_splash:preBuild UP-TO-DATE
[        ] Skipping task ':flutter_native_splash:preBuild' as it has no actions.
[        ] Resolve mutations for :flutter_native_splash:preDebugBuild (Thread[#45625,Execution worker Thread 4,5,main]) started.
[        ] :flutter_native_splash:preDebugBuild (Thread[#45625,Execution worker Thread 4,5,main]) started.
[        ] > Task :flutter_native_splash:preDebugBuild UP-TO-DATE
[        ] Skipping task ':flutter_native_splash:preDebugBuild' as it has no actions.
[        ] Resolve mutations for :flutter_native_splash:writeDebugAarMetadata (Thread[#45625,Execution worker Thread 4,5,main]) started.
[        ] :flutter_native_splash:writeDebugAarMetadata (Thread[#45625,Execution worker Thread 4,5,main]) started.
[        ] > Task :flutter_native_splash:writeDebugAarMetadata UP-TO-DATE
[        ] Caching disabled for task ':flutter_native_splash:writeDebugAarMetadata' because:
[        ]   Build cache is disabled
[        ]   Caching has been disabled for the task
[        ] Skipping task ':flutter_native_splash:writeDebugAarMetadata' as it is up-to-date.
[        ] work action resolve aar-metadata.properties (project :flutter_native_splash) (Thread[#45625,Execution worker Thread 4,5,main]) started.
[        ] Resolve mutations for :flutter_olm:preBuild (Thread[#45625,Execution worker Thread 4,5,main]) started.
[        ] :flutter_olm:preBuild (Thread[#45625,Execution worker Thread 4,5,main]) started.
[        ] > Task :flutter_olm:preBuild UP-TO-DATE
[        ] Skipping task ':flutter_olm:preBuild' as it has no actions.
[        ] Resolve mutations for :flutter_olm:preDebugBuild (Thread[#45625,Execution worker Thread 4,5,main]) started.
[        ] :flutter_olm:preDebugBuild (Thread[#45625,Execution worker Thread 4,5,main]) started.
[        ] > Task :flutter_olm:preDebugBuild UP-TO-DATE
[        ] Skipping task ':flutter_olm:preDebugBuild' as it has no actions.
[        ] Resolve mutations for :flutter_olm:writeDebugAarMetadata (Thread[#45625,Execution worker Thread 4,5,main]) started.
[        ] :flutter_olm:writeDebugAarMetadata (Thread[#45625,Execution worker Thread 4,5,main]) started.
[        ] > Task :flutter_olm:writeDebugAarMetadata UP-TO-DATE
[        ] Caching disabled for task ':flutter_olm:writeDebugAarMetadata' because:
[        ]   Build cache is disabled
[        ]   Caching has been disabled for the task
[        ] Skipping task ':flutter_olm:writeDebugAarMetadata' as it is up-to-date.
[        ] work action resolve aar-metadata.properties (project :flutter_olm) (Thread[#45625,Execution worker Thread 4,5,main]) started.
[        ] Resolve mutations for :flutter_openssl_crypto:preBuild (Thread[#45625,Execution worker Thread 4,5,main]) started.
[        ] :flutter_openssl_crypto:preBuild (Thread[#45625,Execution worker Thread 4,5,main]) started.
[        ] > Task :flutter_openssl_crypto:preBuild UP-TO-DATE
[        ] Skipping task ':flutter_openssl_crypto:preBuild' as it has no actions.
[        ] Resolve mutations for :flutter_openssl_crypto:preDebugBuild (Thread[#45625,Execution worker Thread 4,5,main]) started.
[        ] :flutter_openssl_crypto:preDebugBuild (Thread[#45625,Execution worker Thread 4,5,main]) started.
[        ] > Task :flutter_openssl_crypto:preDebugBuild UP-TO-DATE
[        ] Skipping task ':flutter_openssl_crypto:preDebugBuild' as it has no actions.
[        ] Resolve mutations for :flutter_openssl_crypto:writeDebugAarMetadata (Thread[#45625,Execution worker Thread 4,5,main]) started.
[        ] :flutter_openssl_crypto:writeDebugAarMetadata (Thread[#45625,Execution worker Thread 4,5,main]) started.
[        ] > Task :flutter_openssl_crypto:writeDebugAarMetadata UP-TO-DATE
[        ] Caching disabled for task ':flutter_openssl_crypto:writeDebugAarMetadata' because:
[        ]   Build cache is disabled
[        ]   Caching has been disabled for the task
[        ] Skipping task ':flutter_openssl_crypto:writeDebugAarMetadata' as it is up-to-date.
[        ] work action resolve aar-metadata.properties (project :flutter_openssl_crypto) (Thread[#45625,Execution worker Thread 4,5,main]) started.
[        ] Resolve mutations for :integration_test:preBuild (Thread[#45625,Execution worker Thread 4,5,main]) started.
[        ] :integration_test:preBuild (Thread[#45625,Execution worker Thread 4,5,main]) started.
[        ] > Task :integration_test:preBuild UP-TO-DATE
[        ] Skipping task ':integration_test:preBuild' as it has no actions.
[        ] Resolve mutations for :integration_test:preDebugBuild (Thread[#45625,Execution worker Thread 4,5,main]) started.
[        ] :integration_test:preDebugBuild (Thread[#45625,Execution worker Thread 4,5,main]) started.
[        ] > Task :integration_test:preDebugBuild UP-TO-DATE
[        ] Skipping task ':integration_test:preDebugBuild' as it has no actions.
[        ] Resolve mutations for :integration_test:writeDebugAarMetadata (Thread[#45625,Execution worker Thread 4,5,main]) started.
[        ] :integration_test:writeDebugAarMetadata (Thread[#45625,Execution worker Thread 4,5,main]) started.
[        ] > Task :integration_test:writeDebugAarMetadata UP-TO-DATE
[        ] Caching disabled for task ':integration_test:writeDebugAarMetadata' because:
[        ]   Build cache is disabled
[        ]   Caching has been disabled for the task
[        ] Skipping task ':integration_test:writeDebugAarMetadata' as it is up-to-date.
[        ] work action resolve aar-metadata.properties (project :integration_test) (Thread[#45625,Execution worker Thread 4,5,main]) started.
[        ] Resolve mutations for :path_provider_android:preBuild (Thread[#45625,Execution worker Thread 4,5,main]) started.
[        ] :path_provider_android:preBuild (Thread[#45625,Execution worker Thread 4,5,main]) started.
[        ] > Task :path_provider_android:preBuild UP-TO-DATE
[        ] Skipping task ':path_provider_android:preBuild' as it has no actions.
[        ] Resolve mutations for :path_provider_android:preDebugBuild (Thread[#45625,Execution worker Thread 4,5,main]) started.
[        ] :path_provider_android:preDebugBuild (Thread[#45625,Execution worker Thread 4,5,main]) started.
[        ] > Task :path_provider_android:preDebugBuild UP-TO-DATE
[        ] Skipping task ':path_provider_android:preDebugBuild' as it has no actions.
[        ] Resolve mutations for :path_provider_android:writeDebugAarMetadata (Thread[#45625,Execution worker Thread 4,5,main]) started.
[        ] :path_provider_android:writeDebugAarMetadata (Thread[#45625,Execution worker Thread 4,5,main]) started.
[        ] > Task :path_provider_android:writeDebugAarMetadata UP-TO-DATE
[        ] Caching disabled for task ':path_provider_android:writeDebugAarMetadata' because:
[        ]   Build cache is disabled
[        ]   Caching has been disabled for the task
[        ] Skipping task ':path_provider_android:writeDebugAarMetadata' as it is up-to-date.
[        ] work action resolve aar-metadata.properties (project :path_provider_android) (Thread[#45625,Execution worker Thread 4,5,main]) started.
[        ] Resolve mutations for :quill_native_bridge_android:preBuild (Thread[#45625,Execution worker Thread 4,5,main]) started.
[        ] :quill_native_bridge_android:preBuild (Thread[#45625,Execution worker Thread 4,5,main]) started.
[        ] > Task :quill_native_bridge_android:preBuild UP-TO-DATE
[        ] Skipping task ':quill_native_bridge_android:preBuild' as it has no actions.
[        ] Resolve mutations for :quill_native_bridge_android:preDebugBuild (Thread[#45625,Execution worker Thread 4,5,main]) started.
[        ] :quill_native_bridge_android:preDebugBuild (Thread[#45625,Execution worker Thread 4,5,main]) started.
[        ] > Task :quill_native_bridge_android:preDebugBuild UP-TO-DATE
[        ] Skipping task ':quill_native_bridge_android:preDebugBuild' as it has no actions.
[        ] Resolve mutations for :quill_native_bridge_android:writeDebugAarMetadata (Thread[#45625,Execution worker Thread 4,5,main]) started.
[        ] :quill_native_bridge_android:writeDebugAarMetadata (Thread[#45625,Execution worker Thread 4,5,main]) started.
[        ] > Task :quill_native_bridge_android:writeDebugAarMetadata UP-TO-DATE
[        ] Caching disabled for task ':quill_native_bridge_android:writeDebugAarMetadata' because:
[        ]   Build cache is disabled
[        ]   Caching has been disabled for the task
[        ] Skipping task ':quill_native_bridge_android:writeDebugAarMetadata' as it is up-to-date.
[        ] work action resolve aar-metadata.properties (project :quill_native_bridge_android) (Thread[#45625,Execution worker Thread 4,5,main]) started.
[        ] Resolve mutations for :shared_preferences_android:preBuild (Thread[#45625,Execution worker Thread 4,5,main]) started.
[        ] :shared_preferences_android:preBuild (Thread[#45625,Execution worker Thread 4,5,main]) started.
[        ] > Task :shared_preferences_android:preBuild UP-TO-DATE
[        ] Skipping task ':shared_preferences_android:preBuild' as it has no actions.
[        ] Resolve mutations for :shared_preferences_android:preDebugBuild (Thread[#45625,Execution worker Thread 4,5,main]) started.
[        ] :shared_preferences_android:preDebugBuild (Thread[#45625,Execution worker Thread 4,5,main]) started.
[        ] > Task :shared_preferences_android:preDebugBuild UP-TO-DATE
[        ] Skipping task ':shared_preferences_android:preDebugBuild' as it has no actions.
[        ] Resolve mutations for :shared_preferences_android:writeDebugAarMetadata (Thread[#45625,Execution worker Thread 4,5,main]) started.
[        ] :shared_preferences_android:writeDebugAarMetadata (Thread[#45625,Execution worker Thread 4,5,main]) started.
[        ] > Task :shared_preferences_android:writeDebugAarMetadata UP-TO-DATE
[        ] Caching disabled for task ':shared_preferences_android:writeDebugAarMetadata' because:
[        ]   Build cache is disabled
[        ]   Caching has been disabled for the task
[        ] Skipping task ':shared_preferences_android:writeDebugAarMetadata' as it is up-to-date.
[        ] work action resolve aar-metadata.properties (project :shared_preferences_android) (Thread[#45625,Execution worker Thread 4,5,main]) started.
[        ] Resolve mutations for :sqflite_android:preBuild (Thread[#45625,Execution worker Thread 4,5,main]) started.
[        ] :sqflite_android:preBuild (Thread[#45625,Execution worker Thread 4,5,main]) started.
[        ] > Task :sqflite_android:preBuild UP-TO-DATE
[        ] Skipping task ':sqflite_android:preBuild' as it has no actions.
[        ] Resolve mutations for :sqflite_android:preDebugBuild (Thread[#45625,Execution worker Thread 4,5,main]) started.
[        ] :sqflite_android:preDebugBuild (Thread[#45625,Execution worker Thread 4,5,main]) started.
[        ] > Task :sqflite_android:preDebugBuild UP-TO-DATE
[        ] Skipping task ':sqflite_android:preDebugBuild' as it has no actions.
[        ] Resolve mutations for :sqflite_android:writeDebugAarMetadata (Thread[#45625,Execution worker Thread 4,5,main]) started.
[        ] :sqflite_android:writeDebugAarMetadata (Thread[#45625,Execution worker Thread 4,5,main]) started.
[        ] > Task :sqflite_android:writeDebugAarMetadata UP-TO-DATE
[        ] Caching disabled for task ':sqflite_android:writeDebugAarMetadata' because:
[        ]   Build cache is disabled
[        ]   Caching has been disabled for the task
[        ] Skipping task ':sqflite_android:writeDebugAarMetadata' as it is up-to-date.
[        ] work action resolve aar-metadata.properties (project :sqflite_android) (Thread[#45625,Execution worker Thread 4,5,main]) started.
[        ] Resolve mutations for :url_launcher_android:preBuild (Thread[#45625,Execution worker Thread 4,5,main]) started.
[        ] :url_launcher_android:preBuild (Thread[#45653,Execution worker Thread 31,5,main]) started.
[        ] > Task :url_launcher_android:preBuild UP-TO-DATE
[        ] Skipping task ':url_launcher_android:preBuild' as it has no actions.
[        ] Resolve mutations for :url_launcher_android:preDebugBuild (Thread[#45653,Execution worker Thread 31,5,main]) started.
[        ] :url_launcher_android:preDebugBuild (Thread[#45653,Execution worker Thread 31,5,main]) started.
[        ] > Task :url_launcher_android:preDebugBuild UP-TO-DATE
[        ] Skipping task ':url_launcher_android:preDebugBuild' as it has no actions.
[        ] Resolve mutations for :url_launcher_android:writeDebugAarMetadata (Thread[#45653,Execution worker Thread 31,5,main]) started.
[        ] :url_launcher_android:writeDebugAarMetadata (Thread[#45653,Execution worker Thread 31,5,main]) started.
[        ] > Task :url_launcher_android:writeDebugAarMetadata UP-TO-DATE
[        ] Caching disabled for task ':url_launcher_android:writeDebugAarMetadata' because:
[        ]   Build cache is disabled
[        ]   Caching has been disabled for the task
[        ] Skipping task ':url_launcher_android:writeDebugAarMetadata' as it is up-to-date.
[        ] work action resolve aar-metadata.properties (project :url_launcher_android) (Thread[#45653,Execution worker Thread 31,5,main]) started.
[        ] Resolve mutations for :video_player_android:preBuild (Thread[#45653,Execution worker Thread 31,5,main]) started.
[        ] :video_player_android:preBuild (Thread[#45653,Execution worker Thread 31,5,main]) started.
[        ] > Task :video_player_android:preBuild UP-TO-DATE
[        ] Skipping task ':video_player_android:preBuild' as it has no actions.
[        ] Resolve mutations for :video_player_android:preDebugBuild (Thread[#45653,Execution worker Thread 31,5,main]) started.
[        ] :video_player_android:preDebugBuild (Thread[#45653,Execution worker Thread 31,5,main]) started.
[        ] > Task :video_player_android:preDebugBuild UP-TO-DATE
[        ] Skipping task ':video_player_android:preDebugBuild' as it has no actions.
[        ] Resolve mutations for :video_player_android:writeDebugAarMetadata (Thread[#45653,Execution worker Thread 31,5,main]) started.
[        ] :video_player_android:writeDebugAarMetadata (Thread[#45653,Execution worker Thread 31,5,main]) started.
[        ] > Task :video_player_android:writeDebugAarMetadata UP-TO-DATE
[        ] Caching disabled for task ':video_player_android:writeDebugAarMetadata' because:
[        ]   Build cache is disabled
[        ]   Caching has been disabled for the task
[        ] Skipping task ':video_player_android:writeDebugAarMetadata' as it is up-to-date.
[        ] work action resolve aar-metadata.properties (project :video_player_android) (Thread[#45653,Execution worker Thread 31,5,main]) started.
[        ] Resolve mutations for :app:checkDebugAarMetadata (Thread[#45653,Execution worker Thread 31,5,main]) started.
[        ] :app:checkDebugAarMetadata (Thread[#45653,Execution worker Thread 31,5,main]) started.
[        ] > Task :app:checkDebugAarMetadata UP-TO-DATE
[        ] Caching disabled for task ':app:checkDebugAarMetadata' because:
[        ]   Build cache is disabled
[        ]   Caching has been disabled for the task
[        ] Skipping task ':app:checkDebugAarMetadata' as it is up-to-date.
[        ] Resolve mutations for :app:cleanMergeDebugAssets (Thread[#45653,Execution worker Thread 31,5,main]) started.
[        ] :app:cleanMergeDebugAssets (Thread[#45653,Execution worker Thread 31,5,main]) started.
[        ] > Task :app:cleanMergeDebugAssets
[        ] Caching disabled for task ':app:cleanMergeDebugAssets' because:
[        ]   Build cache is disabled
[        ] Task ':app:cleanMergeDebugAssets' is not up-to-date because:
[        ]   Task has not declared any outputs despite executing actions.
[        ] Resolve mutations for :app:mergeDebugShaders (Thread[#45653,Execution worker Thread 31,5,main]) started.
[        ] :app:mergeDebugShaders (Thread[#45653,Execution worker Thread 31,5,main]) started.
[        ] > Task :app:mergeDebugShaders UP-TO-DATE
[        ] Caching disabled for task ':app:mergeDebugShaders' because:
[        ]   Build cache is disabled
[        ]   Simple merging task
[        ] Skipping task ':app:mergeDebugShaders' as it is up-to-date.
[        ] Resolve mutations for :app:compileDebugShaders (Thread[#45653,Execution worker Thread 31,5,main]) started.
[        ] :app:compileDebugShaders (Thread[#45653,Execution worker Thread 31,5,main]) started.
[        ] > Task :app:compileDebugShaders NO-SOURCE
[        ] Skipping task ':app:compileDebugShaders' as it has no source files and no previous output files.
[        ] Resolve mutations for :app:generateDebugAssets (Thread[#45653,Execution worker Thread 31,5,main]) started.
[        ] :app:generateDebugAssets (Thread[#45653,Execution worker Thread 31,5,main]) started.
[        ] > Task :app:generateDebugAssets UP-TO-DATE
[        ] Skipping task ':app:generateDebugAssets' as it has no actions.
[        ] Resolve mutations for :connectivity_plus:mergeDebugShaders (Thread[#45653,Execution worker Thread 31,5,main]) started.
[        ] :connectivity_plus:mergeDebugShaders (Thread[#45653,Execution worker Thread 31,5,main]) started.
[        ] > Task :connectivity_plus:mergeDebugShaders UP-TO-DATE
[        ] Caching disabled for task ':connectivity_plus:mergeDebugShaders' because:
[        ]   Build cache is disabled
[        ]   Simple merging task
[        ] Skipping task ':connectivity_plus:mergeDebugShaders' as it is up-to-date.
[        ] Resolve mutations for :connectivity_plus:compileDebugShaders (Thread[#45653,Execution worker Thread 31,5,main]) started.
[        ] :connectivity_plus:compileDebugShaders (Thread[#45653,Execution worker Thread 31,5,main]) started.
[        ] > Task :connectivity_plus:compileDebugShaders NO-SOURCE
[        ] Skipping task ':connectivity_plus:compileDebugShaders' as it has no source files and no previous output files.
[        ] Resolve mutations for :connectivity_plus:generateDebugAssets (Thread[#45653,Execution worker Thread 31,5,main]) started.
[        ] :connectivity_plus:generateDebugAssets (Thread[#45653,Execution worker Thread 31,5,main]) started.
[        ] > Task :connectivity_plus:generateDebugAssets UP-TO-DATE
[        ] Skipping task ':connectivity_plus:generateDebugAssets' as it has no actions.
[        ] Resolve mutations for :connectivity_plus:mergeDebugAssets (Thread[#45653,Execution worker Thread 31,5,main]) started.
[        ] :connectivity_plus:mergeDebugAssets (Thread[#45653,Execution worker Thread 31,5,main]) started.
[        ] > Task :connectivity_plus:mergeDebugAssets UP-TO-DATE
[        ] Caching disabled for task ':connectivity_plus:mergeDebugAssets' because:
[        ]   Build cache is disabled
[        ]   Simple merging task
[        ] Skipping task ':connectivity_plus:mergeDebugAssets' as it is up-to-date.
[        ] work action resolve mergeDebugAssets (project :connectivity_plus) (Thread[#45653,Execution worker Thread 31,5,main]) started.
[        ] Resolve mutations for :emoji_picker_flutter:mergeDebugShaders (Thread[#45653,Execution worker Thread 31,5,main]) started.
[        ] :emoji_picker_flutter:mergeDebugShaders (Thread[#45653,Execution worker Thread 31,5,main]) started.
[        ] > Task :emoji_picker_flutter:mergeDebugShaders UP-TO-DATE
[        ] Caching disabled for task ':emoji_picker_flutter:mergeDebugShaders' because:
[        ]   Build cache is disabled
[        ]   Simple merging task
[        ] Skipping task ':emoji_picker_flutter:mergeDebugShaders' as it is up-to-date.
[        ] Resolve mutations for :emoji_picker_flutter:compileDebugShaders (Thread[#45653,Execution worker Thread 31,5,main]) started.
[        ] :emoji_picker_flutter:compileDebugShaders (Thread[#45653,Execution worker Thread 31,5,main]) started.
[        ] > Task :emoji_picker_flutter:compileDebugShaders NO-SOURCE
[        ] Skipping task ':emoji_picker_flutter:compileDebugShaders' as it has no source files and no previous output files.
[        ] Resolve mutations for :emoji_picker_flutter:generateDebugAssets (Thread[#45653,Execution worker Thread 31,5,main]) started.
[        ] :emoji_picker_flutter:generateDebugAssets (Thread[#45653,Execution worker Thread 31,5,main]) started.
[        ] > Task :emoji_picker_flutter:generateDebugAssets UP-TO-DATE
[        ] Skipping task ':emoji_picker_flutter:generateDebugAssets' as it has no actions.
[        ] Resolve mutations for :emoji_picker_flutter:mergeDebugAssets (Thread[#45653,Execution worker Thread 31,5,main]) started.
[        ] :emoji_picker_flutter:mergeDebugAssets (Thread[#45653,Execution worker Thread 31,5,main]) started.
[        ] > Task :emoji_picker_flutter:mergeDebugAssets UP-TO-DATE
[        ] Caching disabled for task ':emoji_picker_flutter:mergeDebugAssets' because:
[        ]   Build cache is disabled
[        ]   Simple merging task
[        ] Skipping task ':emoji_picker_flutter:mergeDebugAssets' as it is up-to-date.
[        ] work action resolve mergeDebugAssets (project :emoji_picker_flutter) (Thread[#45653,Execution worker Thread 31,5,main]) started.
[        ] Resolve mutations for :file_selector_android:mergeDebugShaders (Thread[#45653,Execution worker Thread 31,5,main]) started.
[        ] :file_selector_android:mergeDebugShaders (Thread[#45653,Execution worker Thread 31,5,main]) started.
[        ] > Task :file_selector_android:mergeDebugShaders UP-TO-DATE
[        ] Caching disabled for task ':file_selector_android:mergeDebugShaders' because:
[        ]   Build cache is disabled
[        ]   Simple merging task
[        ] Skipping task ':file_selector_android:mergeDebugShaders' as it is up-to-date.
[        ] Resolve mutations for :file_selector_android:compileDebugShaders (Thread[#45653,Execution worker Thread 31,5,main]) started.
[        ] :file_selector_android:compileDebugShaders (Thread[#45653,Execution worker Thread 31,5,main]) started.
[        ] > Task :file_selector_android:compileDebugShaders NO-SOURCE
[        ] Skipping task ':file_selector_android:compileDebugShaders' as it has no source files and no previous output files.
[        ] Resolve mutations for :file_selector_android:generateDebugAssets (Thread[#45653,Execution worker Thread 31,5,main]) started.
[        ] :file_selector_android:generateDebugAssets (Thread[#45653,Execution worker Thread 31,5,main]) started.
[        ] > Task :file_selector_android:generateDebugAssets UP-TO-DATE
[        ] Skipping task ':file_selector_android:generateDebugAssets' as it has no actions.
[        ] Resolve mutations for :file_selector_android:mergeDebugAssets (Thread[#45653,Execution worker Thread 31,5,main]) started.
[        ] :file_selector_android:mergeDebugAssets (Thread[#45653,Execution worker Thread 31,5,main]) started.
[        ] > Task :file_selector_android:mergeDebugAssets UP-TO-DATE
[        ] Caching disabled for task ':file_selector_android:mergeDebugAssets' because:
[        ]   Build cache is disabled
[        ]   Simple merging task
[        ] Skipping task ':file_selector_android:mergeDebugAssets' as it is up-to-date.
[        ] work action resolve mergeDebugAssets (project :file_selector_android) (Thread[#45653,Execution worker Thread 31,5,main]) started.
[        ] Resolve mutations for :flutter_keyboard_visibility_temp_fork:mergeDebugShaders (Thread[#45653,Execution worker Thread 31,5,main]) started.
[        ] :flutter_keyboard_visibility_temp_fork:mergeDebugShaders (Thread[#45653,Execution worker Thread 31,5,main]) started.
[        ] > Task :flutter_keyboard_visibility_temp_fork:mergeDebugShaders UP-TO-DATE
[        ] Caching disabled for task ':flutter_keyboard_visibility_temp_fork:mergeDebugShaders' because:
[        ]   Build cache is disabled
[        ]   Simple merging task
[        ] Skipping task ':flutter_keyboard_visibility_temp_fork:mergeDebugShaders' as it is up-to-date.
[        ] Resolve mutations for :flutter_keyboard_visibility_temp_fork:compileDebugShaders (Thread[#45653,Execution worker Thread 31,5,main]) started.
[        ] :flutter_keyboard_visibility_temp_fork:compileDebugShaders (Thread[#45653,Execution worker Thread 31,5,main]) started.
[        ] > Task :flutter_keyboard_visibility_temp_fork:compileDebugShaders NO-SOURCE
[        ] Skipping task ':flutter_keyboard_visibility_temp_fork:compileDebugShaders' as it has no source files and no previous output files.
[        ] Resolve mutations for :flutter_keyboard_visibility_temp_fork:generateDebugAssets (Thread[#45653,Execution worker Thread 31,5,main]) started.
[        ] :flutter_keyboard_visibility_temp_fork:generateDebugAssets (Thread[#45653,Execution worker Thread 31,5,main]) started.
[        ] > Task :flutter_keyboard_visibility_temp_fork:generateDebugAssets UP-TO-DATE
[        ] Skipping task ':flutter_keyboard_visibility_temp_fork:generateDebugAssets' as it has no actions.
[        ] Resolve mutations for :flutter_keyboard_visibility_temp_fork:mergeDebugAssets (Thread[#45653,Execution worker Thread 31,5,main]) started.
[        ] :flutter_keyboard_visibility_temp_fork:mergeDebugAssets (Thread[#45653,Execution worker Thread 31,5,main]) started.
[        ] > Task :flutter_keyboard_visibility_temp_fork:mergeDebugAssets UP-TO-DATE
[        ] Caching disabled for task ':flutter_keyboard_visibility_temp_fork:mergeDebugAssets' because:
[        ]   Build cache is disabled
[        ]   Simple merging task
[        ] Skipping task ':flutter_keyboard_visibility_temp_fork:mergeDebugAssets' as it is up-to-date.
[        ] work action resolve mergeDebugAssets (project :flutter_keyboard_visibility_temp_fork) (Thread[#45653,Execution worker Thread 31,5,main]) started.
[        ] Resolve mutations for :flutter_native_splash:mergeDebugShaders (Thread[#45653,Execution worker Thread 31,5,main]) started.
[        ] :flutter_native_splash:mergeDebugShaders (Thread[#45653,Execution worker Thread 31,5,main]) started.
[        ] > Task :flutter_native_splash:mergeDebugShaders UP-TO-DATE
[        ] Caching disabled for task ':flutter_native_splash:mergeDebugShaders' because:
[        ]   Build cache is disabled
[        ]   Simple merging task
[        ] Skipping task ':flutter_native_splash:mergeDebugShaders' as it is up-to-date.
[        ] Resolve mutations for :flutter_native_splash:compileDebugShaders (Thread[#45653,Execution worker Thread 31,5,main]) started.
[        ] :flutter_native_splash:compileDebugShaders (Thread[#45653,Execution worker Thread 31,5,main]) started.
[        ] > Task :flutter_native_splash:compileDebugShaders NO-SOURCE
[        ] Skipping task ':flutter_native_splash:compileDebugShaders' as it has no source files and no previous output files.
[        ] Resolve mutations for :flutter_native_splash:generateDebugAssets (Thread[#45653,Execution worker Thread 31,5,main]) started.
[        ] :flutter_native_splash:generateDebugAssets (Thread[#45653,Execution worker Thread 31,5,main]) started.
[        ] > Task :flutter_native_splash:generateDebugAssets UP-TO-DATE
[        ] Skipping task ':flutter_native_splash:generateDebugAssets' as it has no actions.
[        ] Resolve mutations for :flutter_native_splash:mergeDebugAssets (Thread[#45653,Execution worker Thread 31,5,main]) started.
[        ] :flutter_native_splash:mergeDebugAssets (Thread[#45653,Execution worker Thread 31,5,main]) started.
[        ] > Task :flutter_native_splash:mergeDebugAssets UP-TO-DATE
[        ] Caching disabled for task ':flutter_native_splash:mergeDebugAssets' because:
[        ]   Build cache is disabled
[        ]   Simple merging task
[        ] Skipping task ':flutter_native_splash:mergeDebugAssets' as it is up-to-date.
[        ] work action resolve mergeDebugAssets (project :flutter_native_splash) (Thread[#45653,Execution worker Thread 31,5,main]) started.
[        ] Resolve mutations for :flutter_olm:mergeDebugShaders (Thread[#45653,Execution worker Thread 31,5,main]) started.
[        ] :flutter_olm:mergeDebugShaders (Thread[#45653,Execution worker Thread 31,5,main]) started.
[        ] > Task :flutter_olm:mergeDebugShaders UP-TO-DATE
[        ] Caching disabled for task ':flutter_olm:mergeDebugShaders' because:
[        ]   Build cache is disabled
[        ]   Simple merging task
[        ] Skipping task ':flutter_olm:mergeDebugShaders' as it is up-to-date.
[        ] Resolve mutations for :flutter_olm:compileDebugShaders (Thread[#45653,Execution worker Thread 31,5,main]) started.
[        ] :flutter_olm:compileDebugShaders (Thread[#45653,Execution worker Thread 31,5,main]) started.
[        ] > Task :flutter_olm:compileDebugShaders NO-SOURCE
[        ] Skipping task ':flutter_olm:compileDebugShaders' as it has no source files and no previous output files.
[        ] Resolve mutations for :flutter_olm:generateDebugAssets (Thread[#45653,Execution worker Thread 31,5,main]) started.
[        ] :flutter_olm:generateDebugAssets (Thread[#45653,Execution worker Thread 31,5,main]) started.
[        ] > Task :flutter_olm:generateDebugAssets UP-TO-DATE
[        ] Skipping task ':flutter_olm:generateDebugAssets' as it has no actions.
[        ] Resolve mutations for :flutter_olm:mergeDebugAssets (Thread[#45653,Execution worker Thread 31,5,main]) started.
[        ] :flutter_olm:mergeDebugAssets (Thread[#45653,Execution worker Thread 31,5,main]) started.
[        ] > Task :flutter_olm:mergeDebugAssets UP-TO-DATE
[        ] Caching disabled for task ':flutter_olm:mergeDebugAssets' because:
[        ]   Build cache is disabled
[        ]   Simple merging task
[        ] Skipping task ':flutter_olm:mergeDebugAssets' as it is up-to-date.
[        ] work action resolve mergeDebugAssets (project :flutter_olm) (Thread[#45653,Execution worker Thread 31,5,main]) started.
[        ] Resolve mutations for :flutter_openssl_crypto:mergeDebugShaders (Thread[#45653,Execution worker Thread 31,5,main]) started.
[        ] :flutter_openssl_crypto:mergeDebugShaders (Thread[#45653,Execution worker Thread 31,5,main]) started.
[        ] > Task :flutter_openssl_crypto:mergeDebugShaders UP-TO-DATE
[        ] Caching disabled for task ':flutter_openssl_crypto:mergeDebugShaders' because:
[        ]   Build cache is disabled
[        ]   Simple merging task
[        ] Skipping task ':flutter_openssl_crypto:mergeDebugShaders' as it is up-to-date.
[        ] Resolve mutations for :flutter_openssl_crypto:compileDebugShaders (Thread[#45653,Execution worker Thread 31,5,main]) started.
[        ] :flutter_openssl_crypto:compileDebugShaders (Thread[#45653,Execution worker Thread 31,5,main]) started.
[        ] > Task :flutter_openssl_crypto:compileDebugShaders NO-SOURCE
[        ] Skipping task ':flutter_openssl_crypto:compileDebugShaders' as it has no source files and no previous output files.
[        ] Resolve mutations for :flutter_openssl_crypto:generateDebugAssets (Thread[#45653,Execution worker Thread 31,5,main]) started.
[        ] :flutter_openssl_crypto:generateDebugAssets (Thread[#45653,Execution worker Thread 31,5,main]) started.
[        ] > Task :flutter_openssl_crypto:generateDebugAssets UP-TO-DATE
[        ] Skipping task ':flutter_openssl_crypto:generateDebugAssets' as it has no actions.
[        ] Resolve mutations for :flutter_openssl_crypto:mergeDebugAssets (Thread[#45653,Execution worker Thread 31,5,main]) started.
[        ] :flutter_openssl_crypto:mergeDebugAssets (Thread[#45653,Execution worker Thread 31,5,main]) started.
[        ] > Task :flutter_openssl_crypto:mergeDebugAssets UP-TO-DATE
[        ] Caching disabled for task ':flutter_openssl_crypto:mergeDebugAssets' because:
[        ]   Build cache is disabled
[        ]   Simple merging task
[        ] Skipping task ':flutter_openssl_crypto:mergeDebugAssets' as it is up-to-date.
[        ] work action resolve mergeDebugAssets (project :flutter_openssl_crypto) (Thread[#45653,Execution worker Thread 31,5,main]) started.
[        ] Resolve mutations for :integration_test:mergeDebugShaders (Thread[#45653,Execution worker Thread 31,5,main]) started.
[        ] :integration_test:mergeDebugShaders (Thread[#45653,Execution worker Thread 31,5,main]) started.
[        ] > Task :integration_test:mergeDebugShaders UP-TO-DATE
[        ] Caching disabled for task ':integration_test:mergeDebugShaders' because:
[        ]   Build cache is disabled
[        ]   Simple merging task
[        ] Skipping task ':integration_test:mergeDebugShaders' as it is up-to-date.
[        ] Resolve mutations for :integration_test:compileDebugShaders (Thread[#45653,Execution worker Thread 31,5,main]) started.
[        ] :integration_test:compileDebugShaders (Thread[#45653,Execution worker Thread 31,5,main]) started.
[        ] > Task :integration_test:compileDebugShaders NO-SOURCE
[        ] Skipping task ':integration_test:compileDebugShaders' as it has no source files and no previous output files.
[        ] Resolve mutations for :integration_test:generateDebugAssets (Thread[#45653,Execution worker Thread 31,5,main]) started.
[        ] :integration_test:generateDebugAssets (Thread[#45653,Execution worker Thread 31,5,main]) started.
[        ] > Task :integration_test:generateDebugAssets UP-TO-DATE
[        ] Skipping task ':integration_test:generateDebugAssets' as it has no actions.
[        ] Resolve mutations for :integration_test:mergeDebugAssets (Thread[#45653,Execution worker Thread 31,5,main]) started.
[        ] :integration_test:mergeDebugAssets (Thread[#45653,Execution worker Thread 31,5,main]) started.
[        ] > Task :integration_test:mergeDebugAssets UP-TO-DATE
[        ] Caching disabled for task ':integration_test:mergeDebugAssets' because:
[        ]   Build cache is disabled
[        ]   Simple merging task
[        ] Skipping task ':integration_test:mergeDebugAssets' as it is up-to-date.
[        ] work action resolve mergeDebugAssets (project :integration_test) (Thread[#45653,Execution worker Thread 31,5,main]) started.
[        ] Resolve mutations for :path_provider_android:mergeDebugShaders (Thread[#45653,Execution worker Thread 31,5,main]) started.
[        ] :path_provider_android:mergeDebugShaders (Thread[#45653,Execution worker Thread 31,5,main]) started.
[        ] > Task :path_provider_android:mergeDebugShaders UP-TO-DATE
[        ] Caching disabled for task ':path_provider_android:mergeDebugShaders' because:
[        ]   Build cache is disabled
[        ]   Simple merging task
[        ] Skipping task ':path_provider_android:mergeDebugShaders' as it is up-to-date.
[        ] Resolve mutations for :path_provider_android:compileDebugShaders (Thread[#45653,Execution worker Thread 31,5,main]) started.
[        ] :path_provider_android:compileDebugShaders (Thread[#45653,Execution worker Thread 31,5,main]) started.
[        ] > Task :path_provider_android:compileDebugShaders NO-SOURCE
[        ] Skipping task ':path_provider_android:compileDebugShaders' as it has no source files and no previous output files.
[        ] Resolve mutations for :path_provider_android:generateDebugAssets (Thread[#45653,Execution worker Thread 31,5,main]) started.
[        ] :path_provider_android:generateDebugAssets (Thread[#45653,Execution worker Thread 31,5,main]) started.
[        ] > Task :path_provider_android:generateDebugAssets UP-TO-DATE
[        ] Skipping task ':path_provider_android:generateDebugAssets' as it has no actions.
[        ] Resolve mutations for :path_provider_android:mergeDebugAssets (Thread[#45653,Execution worker Thread 31,5,main]) started.
[        ] :path_provider_android:mergeDebugAssets (Thread[#45653,Execution worker Thread 31,5,main]) started.
[        ] > Task :path_provider_android:mergeDebugAssets UP-TO-DATE
[        ] Caching disabled for task ':path_provider_android:mergeDebugAssets' because:
[        ]   Build cache is disabled
[        ]   Simple merging task
[        ] Skipping task ':path_provider_android:mergeDebugAssets' as it is up-to-date.
[        ] work action resolve mergeDebugAssets (project :path_provider_android) (Thread[#45653,Execution worker Thread 31,5,main]) started.
[        ] Resolve mutations for :quill_native_bridge_android:mergeDebugShaders (Thread[#45653,Execution worker Thread 31,5,main]) started.
[        ] :quill_native_bridge_android:mergeDebugShaders (Thread[#45653,Execution worker Thread 31,5,main]) started.
[        ] > Task :quill_native_bridge_android:mergeDebugShaders UP-TO-DATE
[        ] Caching disabled for task ':quill_native_bridge_android:mergeDebugShaders' because:
[        ]   Build cache is disabled
[        ]   Simple merging task
[        ] Skipping task ':quill_native_bridge_android:mergeDebugShaders' as it is up-to-date.
[        ] Resolve mutations for :quill_native_bridge_android:compileDebugShaders (Thread[#45653,Execution worker Thread 31,5,main]) started.
[        ] :quill_native_bridge_android:compileDebugShaders (Thread[#45653,Execution worker Thread 31,5,main]) started.
[        ] > Task :quill_native_bridge_android:compileDebugShaders NO-SOURCE
[        ] Skipping task ':quill_native_bridge_android:compileDebugShaders' as it has no source files and no previous output files.
[        ] Resolve mutations for :quill_native_bridge_android:generateDebugAssets (Thread[#45653,Execution worker Thread 31,5,main]) started.
[        ] :quill_native_bridge_android:generateDebugAssets (Thread[#45653,Execution worker Thread 31,5,main]) started.
[        ] > Task :quill_native_bridge_android:generateDebugAssets UP-TO-DATE
[        ] Skipping task ':quill_native_bridge_android:generateDebugAssets' as it has no actions.
[        ] Resolve mutations for :quill_native_bridge_android:mergeDebugAssets (Thread[#45653,Execution worker Thread 31,5,main]) started.
[        ] :quill_native_bridge_android:mergeDebugAssets (Thread[#45653,Execution worker Thread 31,5,main]) started.
[        ] > Task :quill_native_bridge_android:mergeDebugAssets UP-TO-DATE
[        ] Caching disabled for task ':quill_native_bridge_android:mergeDebugAssets' because:
[        ]   Build cache is disabled
[        ]   Simple merging task
[        ] Skipping task ':quill_native_bridge_android:mergeDebugAssets' as it is up-to-date.
[        ] work action resolve mergeDebugAssets (project :quill_native_bridge_android) (Thread[#45653,Execution worker Thread 31,5,main]) started.
[        ] Resolve mutations for :shared_preferences_android:mergeDebugShaders (Thread[#45653,Execution worker Thread 31,5,main]) started.
[        ] :shared_preferences_android:mergeDebugShaders (Thread[#45653,Execution worker Thread 31,5,main]) started.
[        ] > Task :shared_preferences_android:mergeDebugShaders UP-TO-DATE
[        ] Caching disabled for task ':shared_preferences_android:mergeDebugShaders' because:
[        ]   Build cache is disabled
[        ]   Simple merging task
[        ] Skipping task ':shared_preferences_android:mergeDebugShaders' as it is up-to-date.
[        ] Resolve mutations for :shared_preferences_android:compileDebugShaders (Thread[#45653,Execution worker Thread 31,5,main]) started.
[        ] :shared_preferences_android:compileDebugShaders (Thread[#45653,Execution worker Thread 31,5,main]) started.
[        ] > Task :shared_preferences_android:compileDebugShaders NO-SOURCE
[        ] Skipping task ':shared_preferences_android:compileDebugShaders' as it has no source files and no previous output files.
[        ] Resolve mutations for :shared_preferences_android:generateDebugAssets (Thread[#45653,Execution worker Thread 31,5,main]) started.
[        ] :shared_preferences_android:generateDebugAssets (Thread[#45653,Execution worker Thread 31,5,main]) started.
[        ] > Task :shared_preferences_android:generateDebugAssets UP-TO-DATE
[        ] Skipping task ':shared_preferences_android:generateDebugAssets' as it has no actions.
[        ] Resolve mutations for :shared_preferences_android:mergeDebugAssets (Thread[#45653,Execution worker Thread 31,5,main]) started.
[        ] :shared_preferences_android:mergeDebugAssets (Thread[#45653,Execution worker Thread 31,5,main]) started.
[        ] > Task :shared_preferences_android:mergeDebugAssets UP-TO-DATE
[        ] Caching disabled for task ':shared_preferences_android:mergeDebugAssets' because:
[        ]   Build cache is disabled
[        ]   Simple merging task
[        ] Skipping task ':shared_preferences_android:mergeDebugAssets' as it is up-to-date.
[        ] work action resolve mergeDebugAssets (project :shared_preferences_android) (Thread[#45653,Execution worker Thread 31,5,main]) started.
[        ] Resolve mutations for :sqflite_android:mergeDebugShaders (Thread[#45653,Execution worker Thread 31,5,main]) started.
[        ] :sqflite_android:mergeDebugShaders (Thread[#45653,Execution worker Thread 31,5,main]) started.
[        ] > Task :sqflite_android:mergeDebugShaders UP-TO-DATE
[        ] Caching disabled for task ':sqflite_android:mergeDebugShaders' because:
[        ]   Build cache is disabled
[        ]   Simple merging task
[        ] Skipping task ':sqflite_android:mergeDebugShaders' as it is up-to-date.
[        ] Resolve mutations for :sqflite_android:compileDebugShaders (Thread[#45653,Execution worker Thread 31,5,main]) started.
[        ] :sqflite_android:compileDebugShaders (Thread[#45653,Execution worker Thread 31,5,main]) started.
[        ] > Task :sqflite_android:compileDebugShaders NO-SOURCE
[        ] Skipping task ':sqflite_android:compileDebugShaders' as it has no source files and no previous output files.
[        ] Resolve mutations for :sqflite_android:generateDebugAssets (Thread[#45653,Execution worker Thread 31,5,main]) started.
[        ] :sqflite_android:generateDebugAssets (Thread[#45653,Execution worker Thread 31,5,main]) started.
[        ] > Task :sqflite_android:generateDebugAssets UP-TO-DATE
[        ] Skipping task ':sqflite_android:generateDebugAssets' as it has no actions.
[        ] Resolve mutations for :sqflite_android:mergeDebugAssets (Thread[#45653,Execution worker Thread 31,5,main]) started.
[        ] :sqflite_android:mergeDebugAssets (Thread[#45653,Execution worker Thread 31,5,main]) started.
[        ] > Task :sqflite_android:mergeDebugAssets UP-TO-DATE
[        ] Caching disabled for task ':sqflite_android:mergeDebugAssets' because:
[        ]   Build cache is disabled
[        ]   Simple merging task
[        ] Skipping task ':sqflite_android:mergeDebugAssets' as it is up-to-date.
[        ] work action resolve mergeDebugAssets (project :sqflite_android) (Thread[#45653,Execution worker Thread 31,5,main]) started.
[        ] Resolve mutations for :url_launcher_android:mergeDebugShaders (Thread[#45653,Execution worker Thread 31,5,main]) started.
[        ] :url_launcher_android:mergeDebugShaders (Thread[#45653,Execution worker Thread 31,5,main]) started.
[        ] > Task :url_launcher_android:mergeDebugShaders UP-TO-DATE
[        ] Caching disabled for task ':url_launcher_android:mergeDebugShaders' because:
[        ]   Build cache is disabled
[        ]   Simple merging task
[        ] Skipping task ':url_launcher_android:mergeDebugShaders' as it is up-to-date.
[        ] Resolve mutations for :url_launcher_android:compileDebugShaders (Thread[#45653,Execution worker Thread 31,5,main]) started.
[        ] :url_launcher_android:compileDebugShaders (Thread[#45653,Execution worker Thread 31,5,main]) started.
[        ] > Task :url_launcher_android:compileDebugShaders NO-SOURCE
[        ] Skipping task ':url_launcher_android:compileDebugShaders' as it has no source files and no previous output files.
[        ] Resolve mutations for :url_launcher_android:generateDebugAssets (Thread[#45653,Execution worker Thread 31,5,main]) started.
[        ] :url_launcher_android:generateDebugAssets (Thread[#45653,Execution worker Thread 31,5,main]) started.
[        ] > Task :url_launcher_android:generateDebugAssets UP-TO-DATE
[        ] Skipping task ':url_launcher_android:generateDebugAssets' as it has no actions.
[        ] Resolve mutations for :url_launcher_android:mergeDebugAssets (Thread[#45653,Execution worker Thread 31,5,main]) started.
[        ] :url_launcher_android:mergeDebugAssets (Thread[#45653,Execution worker Thread 31,5,main]) started.
[        ] > Task :url_launcher_android:mergeDebugAssets UP-TO-DATE
[        ] Caching disabled for task ':url_launcher_android:mergeDebugAssets' because:
[        ]   Build cache is disabled
[        ]   Simple merging task
[        ] Skipping task ':url_launcher_android:mergeDebugAssets' as it is up-to-date.
[        ] work action resolve mergeDebugAssets (project :url_launcher_android) (Thread[#45653,Execution worker Thread 31,5,main]) started.
[        ] Resolve mutations for :video_player_android:mergeDebugShaders (Thread[#45653,Execution worker Thread 31,5,main]) started.
[        ] :video_player_android:mergeDebugShaders (Thread[#45653,Execution worker Thread 31,5,main]) started.
[        ] > Task :video_player_android:mergeDebugShaders UP-TO-DATE
[        ] Caching disabled for task ':video_player_android:mergeDebugShaders' because:
[        ]   Build cache is disabled
[        ]   Simple merging task
[        ] Skipping task ':video_player_android:mergeDebugShaders' as it is up-to-date.
[        ] Resolve mutations for :video_player_android:compileDebugShaders (Thread[#45653,Execution worker Thread 31,5,main]) started.
[        ] :video_player_android:compileDebugShaders (Thread[#45653,Execution worker Thread 31,5,main]) started.
[        ] > Task :video_player_android:compileDebugShaders NO-SOURCE
[        ] Skipping task ':video_player_android:compileDebugShaders' as it has no source files and no previous output files.
[        ] Resolve mutations for :video_player_android:generateDebugAssets (Thread[#45653,Execution worker Thread 31,5,main]) started.
[        ] :video_player_android:generateDebugAssets (Thread[#45653,Execution worker Thread 31,5,main]) started.
[        ] > Task :video_player_android:generateDebugAssets UP-TO-DATE
[        ] Skipping task ':video_player_android:generateDebugAssets' as it has no actions.
[        ] Resolve mutations for :video_player_android:mergeDebugAssets (Thread[#45653,Execution worker Thread 31,5,main]) started.
[        ] :video_player_android:mergeDebugAssets (Thread[#45653,Execution worker Thread 31,5,main]) started.
[        ] > Task :video_player_android:mergeDebugAssets UP-TO-DATE
[        ] Caching disabled for task ':video_player_android:mergeDebugAssets' because:
[        ]   Build cache is disabled
[        ]   Simple merging task
[        ] Skipping task ':video_player_android:mergeDebugAssets' as it is up-to-date.
[        ] work action resolve mergeDebugAssets (project :video_player_android) (Thread[#45653,Execution worker Thread 31,5,main]) started.
[        ] Resolve mutations for :app:mergeDebugAssets (Thread[#45653,Execution worker Thread 31,5,main]) started.
[        ] :app:mergeDebugAssets (Thread[#45653,Execution worker Thread 31,5,main]) started.
[        ] > Task :app:mergeDebugAssets
[        ] Caching disabled for task ':app:mergeDebugAssets' because:
[        ]   Build cache is disabled
[        ]   Simple merging task
[        ] Task ':app:mergeDebugAssets' is not up-to-date because:
[        ]   Output property 'outputDir' file /Users/florian/Code/substitution/build/app/intermediates/assets/debug/mergeDebugAssets has been removed.
[        ] The input changes require a full rebuild for incremental task ':app:mergeDebugAssets'.
[        ] Resolve mutations for :app:copyFlutterAssetsDebug (Thread[#45653,Execution worker Thread 31,5,main]) started.
[        ] :app:copyFlutterAssetsDebug (Thread[#45648,Execution worker Thread 26,5,main]) started.
[ +293 ms] > Task :app:copyFlutterAssetsDebug
[        ] Caching disabled for task ':app:copyFlutterAssetsDebug' because:
[        ]   Build cache is disabled
[        ]   Not worth caching
[        ] Task ':app:copyFlutterAssetsDebug' is not up-to-date because:
[        ]   Output property 'destinationDir' file /Users/florian/Code/substitution/build/app/intermediates/assets/debug/mergeDebugAssets/flutter_assets has been removed.
[        ]   Output property 'destinationDir' file /Users/florian/Code/substitution/build/app/intermediates/assets/debug/mergeDebugAssets/flutter_assets/AssetManifest.bin has been removed.
[        ]   Output property 'destinationDir' file /Users/florian/Code/substitution/build/app/intermediates/assets/debug/mergeDebugAssets/flutter_assets/FontManifest.json has been removed.
[        ]   and more...
[        ] Resolve mutations for :app:generateDebugResValues (Thread[#45648,Execution worker Thread 26,5,main]) started.
[        ] :app:generateDebugResValues (Thread[#45648,Execution worker Thread 26,5,main]) started.
[        ] > Task :app:generateDebugResValues UP-TO-DATE
[        ] Caching disabled for task ':app:generateDebugResValues' because:
[        ]   Build cache is disabled
[        ] Skipping task ':app:generateDebugResValues' as it is up-to-date.
[        ] Resolve mutations for :connectivity_plus:generateDebugResValues (Thread[#45648,Execution worker Thread 26,5,main]) started.
[        ] :connectivity_plus:generateDebugResValues (Thread[#45648,Execution worker Thread 26,5,main]) started.
[        ] > Task :connectivity_plus:generateDebugResValues UP-TO-DATE
[        ] Caching disabled for task ':connectivity_plus:generateDebugResValues' because:
[        ]   Build cache is disabled
[        ] Skipping task ':connectivity_plus:generateDebugResValues' as it is up-to-date.
[        ] Resolve mutations for :connectivity_plus:generateDebugResources (Thread[#45648,Execution worker Thread 26,5,main]) started.
[        ] :connectivity_plus:generateDebugResources (Thread[#45648,Execution worker Thread 26,5,main]) started.
[        ] > Task :connectivity_plus:generateDebugResources UP-TO-DATE
[        ] Caching disabled for task ':connectivity_plus:generateDebugResources' because:
[        ]   Build cache is disabled
[        ] Skipping task ':connectivity_plus:generateDebugResources' as it is up-to-date.
[        ] Resolve mutations for :connectivity_plus:packageDebugResources (Thread[#45648,Execution worker Thread 26,5,main]) started.
[        ] :connectivity_plus:packageDebugResources (Thread[#45648,Execution worker Thread 26,5,main]) started.
[        ] > Task :connectivity_plus:packageDebugResources UP-TO-DATE
[        ] Caching disabled for task ':connectivity_plus:packageDebugResources' because:
[        ]   Build cache is disabled
[        ] Skipping task ':connectivity_plus:packageDebugResources' as it is up-to-date.
[        ] work action resolve packageDebugResources (project :connectivity_plus) (Thread[#45648,Execution worker Thread 26,5,main]) started.
[        ] Resolve mutations for :emoji_picker_flutter:generateDebugResValues (Thread[#45648,Execution worker Thread 26,5,main]) started.
[        ] :emoji_picker_flutter:generateDebugResValues (Thread[#45648,Execution worker Thread 26,5,main]) started.
[        ] > Task :emoji_picker_flutter:generateDebugResValues UP-TO-DATE
[        ] Caching disabled for task ':emoji_picker_flutter:generateDebugResValues' because:
[        ]   Build cache is disabled
[        ] Skipping task ':emoji_picker_flutter:generateDebugResValues' as it is up-to-date.
[        ] Resolve mutations for :emoji_picker_flutter:generateDebugResources (Thread[#45648,Execution worker Thread 26,5,main]) started.
[        ] :emoji_picker_flutter:generateDebugResources (Thread[#45648,Execution worker Thread 26,5,main]) started.
[        ] > Task :emoji_picker_flutter:generateDebugResources UP-TO-DATE
[        ] Caching disabled for task ':emoji_picker_flutter:generateDebugResources' because:
[        ]   Build cache is disabled
[        ] Skipping task ':emoji_picker_flutter:generateDebugResources' as it is up-to-date.
[        ] Resolve mutations for :emoji_picker_flutter:packageDebugResources (Thread[#45648,Execution worker Thread 26,5,main]) started.
[        ] :emoji_picker_flutter:packageDebugResources (Thread[#45648,Execution worker Thread 26,5,main]) started.
[        ] > Task :emoji_picker_flutter:packageDebugResources UP-TO-DATE
[        ] Caching disabled for task ':emoji_picker_flutter:packageDebugResources' because:
[        ]   Build cache is disabled
[        ] Skipping task ':emoji_picker_flutter:packageDebugResources' as it is up-to-date.
[        ] work action resolve packageDebugResources (project :emoji_picker_flutter) (Thread[#45648,Execution worker Thread 26,5,main]) started.
[        ] Resolve mutations for :file_selector_android:generateDebugResValues (Thread[#45648,Execution worker Thread 26,5,main]) started.
[        ] :file_selector_android:generateDebugResValues (Thread[#45648,Execution worker Thread 26,5,main]) started.
[        ] > Task :file_selector_android:generateDebugResValues UP-TO-DATE
[        ] Caching disabled for task ':file_selector_android:generateDebugResValues' because:
[        ]   Build cache is disabled
[        ] Skipping task ':file_selector_android:generateDebugResValues' as it is up-to-date.
[        ] Resolve mutations for :file_selector_android:generateDebugResources (Thread[#45648,Execution worker Thread 26,5,main]) started.
[        ] :file_selector_android:generateDebugResources (Thread[#45648,Execution worker Thread 26,5,main]) started.
[        ] > Task :file_selector_android:generateDebugResources UP-TO-DATE
[        ] Caching disabled for task ':file_selector_android:generateDebugResources' because:
[        ]   Build cache is disabled
[        ] Skipping task ':file_selector_android:generateDebugResources' as it is up-to-date.
[        ] Resolve mutations for :file_selector_android:packageDebugResources (Thread[#45648,Execution worker Thread 26,5,main]) started.
[        ] :file_selector_android:packageDebugResources (Thread[#45648,Execution worker Thread 26,5,main]) started.
[        ] > Task :file_selector_android:packageDebugResources UP-TO-DATE
[        ] Caching disabled for task ':file_selector_android:packageDebugResources' because:
[        ]   Build cache is disabled
[        ] Skipping task ':file_selector_android:packageDebugResources' as it is up-to-date.
[        ] work action resolve packageDebugResources (project :file_selector_android) (Thread[#45648,Execution worker Thread 26,5,main]) started.
[        ] Resolve mutations for :flutter_keyboard_visibility_temp_fork:generateDebugResValues (Thread[#45648,Execution worker Thread 26,5,main]) started.
[        ] :flutter_keyboard_visibility_temp_fork:generateDebugResValues (Thread[#45648,Execution worker Thread 26,5,main]) started.
[        ] > Task :flutter_keyboard_visibility_temp_fork:generateDebugResValues UP-TO-DATE
[        ] Caching disabled for task ':flutter_keyboard_visibility_temp_fork:generateDebugResValues' because:
[        ]   Build cache is disabled
[        ] Skipping task ':flutter_keyboard_visibility_temp_fork:generateDebugResValues' as it is up-to-date.
[        ] Resolve mutations for :flutter_keyboard_visibility_temp_fork:generateDebugResources (Thread[#45648,Execution worker Thread 26,5,main]) started.
[        ] :flutter_keyboard_visibility_temp_fork:generateDebugResources (Thread[#45648,Execution worker Thread 26,5,main]) started.
[        ] > Task :flutter_keyboard_visibility_temp_fork:generateDebugResources UP-TO-DATE
[        ] Caching disabled for task ':flutter_keyboard_visibility_temp_fork:generateDebugResources' because:
[        ]   Build cache is disabled
[        ] Skipping task ':flutter_keyboard_visibility_temp_fork:generateDebugResources' as it is up-to-date.
[        ] Resolve mutations for :flutter_keyboard_visibility_temp_fork:packageDebugResources (Thread[#45648,Execution worker Thread 26,5,main]) started.
[        ] :flutter_keyboard_visibility_temp_fork:packageDebugResources (Thread[#45648,Execution worker Thread 26,5,main]) started.
[        ] > Task :flutter_keyboard_visibility_temp_fork:packageDebugResources UP-TO-DATE
[        ] Caching disabled for task ':flutter_keyboard_visibility_temp_fork:packageDebugResources' because:
[        ]   Build cache is disabled
[        ] Skipping task ':flutter_keyboard_visibility_temp_fork:packageDebugResources' as it is up-to-date.
[        ] work action resolve packageDebugResources (project :flutter_keyboard_visibility_temp_fork) (Thread[#45648,Execution worker Thread 26,5,main]) started.
[        ] Resolve mutations for :flutter_native_splash:generateDebugResValues (Thread[#45648,Execution worker Thread 26,5,main]) started.
[        ] :flutter_native_splash:generateDebugResValues (Thread[#45633,Execution worker Thread 11,5,main]) started.
[        ] > Task :flutter_native_splash:generateDebugResValues UP-TO-DATE
[        ] Caching disabled for task ':flutter_native_splash:generateDebugResValues' because:
[        ]   Build cache is disabled
[        ] Skipping task ':flutter_native_splash:generateDebugResValues' as it is up-to-date.
[        ] Resolve mutations for :flutter_native_splash:generateDebugResources (Thread[#45633,Execution worker Thread 11,5,main]) started.
[        ] :flutter_native_splash:generateDebugResources (Thread[#45624,Execution worker Thread 3,5,main]) started.
[        ] > Task :flutter_native_splash:generateDebugResources UP-TO-DATE
[        ] Caching disabled for task ':flutter_native_splash:generateDebugResources' because:
[        ]   Build cache is disabled
[        ] Skipping task ':flutter_native_splash:generateDebugResources' as it is up-to-date.
[        ] Resolve mutations for :flutter_native_splash:packageDebugResources (Thread[#45624,Execution worker Thread 3,5,main]) started.
[        ] :flutter_native_splash:packageDebugResources (Thread[#45624,Execution worker Thread 3,5,main]) started.
[        ] > Task :flutter_native_splash:packageDebugResources UP-TO-DATE
[        ] Caching disabled for task ':flutter_native_splash:packageDebugResources' because:
[        ]   Build cache is disabled
[        ] Skipping task ':flutter_native_splash:packageDebugResources' as it is up-to-date.
[        ] work action resolve packageDebugResources (project :flutter_native_splash) (Thread[#45624,Execution worker Thread 3,5,main]) started.
[        ] Resolve mutations for :flutter_olm:generateDebugResValues (Thread[#45624,Execution worker Thread 3,5,main]) started.
[        ] :flutter_olm:generateDebugResValues (Thread[#45624,Execution worker Thread 3,5,main]) started.
[        ] > Task :flutter_olm:generateDebugResValues UP-TO-DATE
[        ] Caching disabled for task ':flutter_olm:generateDebugResValues' because:
[        ]   Build cache is disabled
[        ] Skipping task ':flutter_olm:generateDebugResValues' as it is up-to-date.
[        ] Resolve mutations for :flutter_olm:generateDebugResources (Thread[#45624,Execution worker Thread 3,5,main]) started.
[        ] :flutter_olm:generateDebugResources (Thread[#45624,Execution worker Thread 3,5,main]) started.
[        ] > Task :flutter_olm:generateDebugResources UP-TO-DATE
[        ] Caching disabled for task ':flutter_olm:generateDebugResources' because:
[        ]   Build cache is disabled
[        ] Skipping task ':flutter_olm:generateDebugResources' as it is up-to-date.
[        ] Resolve mutations for :flutter_olm:packageDebugResources (Thread[#45624,Execution worker Thread 3,5,main]) started.
[        ] :flutter_olm:packageDebugResources (Thread[#45624,Execution worker Thread 3,5,main]) started.
[        ] > Task :flutter_olm:packageDebugResources UP-TO-DATE
[        ] Caching disabled for task ':flutter_olm:packageDebugResources' because:
[        ]   Build cache is disabled
[        ] Skipping task ':flutter_olm:packageDebugResources' as it is up-to-date.
[        ] work action resolve packageDebugResources (project :flutter_olm) (Thread[#45624,Execution worker Thread 3,5,main]) started.
[        ] Resolve mutations for :flutter_openssl_crypto:generateDebugResValues (Thread[#45624,Execution worker Thread 3,5,main]) started.
[        ] :flutter_openssl_crypto:generateDebugResValues (Thread[#45624,Execution worker Thread 3,5,main]) started.
[        ] > Task :flutter_openssl_crypto:generateDebugResValues UP-TO-DATE
[        ] Caching disabled for task ':flutter_openssl_crypto:generateDebugResValues' because:
[        ]   Build cache is disabled
[        ] Skipping task ':flutter_openssl_crypto:generateDebugResValues' as it is up-to-date.
[        ] Resolve mutations for :flutter_openssl_crypto:generateDebugResources (Thread[#45626,Execution worker Thread 5,5,main]) started.
[        ] :flutter_openssl_crypto:generateDebugResources (Thread[#45626,Execution worker Thread 5,5,main]) started.
[        ] > Task :flutter_openssl_crypto:generateDebugResources UP-TO-DATE
[        ] Caching disabled for task ':flutter_openssl_crypto:generateDebugResources' because:
[        ]   Build cache is disabled
[        ] Skipping task ':flutter_openssl_crypto:generateDebugResources' as it is up-to-date.
[        ] Resolve mutations for :flutter_openssl_crypto:packageDebugResources (Thread[#45626,Execution worker Thread 5,5,main]) started.
[        ] :flutter_openssl_crypto:packageDebugResources (Thread[#45626,Execution worker Thread 5,5,main]) started.
[        ] > Task :flutter_openssl_crypto:packageDebugResources UP-TO-DATE
[        ] Caching disabled for task ':flutter_openssl_crypto:packageDebugResources' because:
[        ]   Build cache is disabled
[        ] Skipping task ':flutter_openssl_crypto:packageDebugResources' as it is up-to-date.
[        ] work action resolve packageDebugResources (project :flutter_openssl_crypto) (Thread[#45626,Execution worker Thread 5,5,main]) started.
[        ] Resolve mutations for :integration_test:generateDebugResValues (Thread[#45626,Execution worker Thread 5,5,main]) started.
[        ] :integration_test:generateDebugResValues (Thread[#45626,Execution worker Thread 5,5,main]) started.
[        ] > Task :integration_test:generateDebugResValues UP-TO-DATE
[        ] Caching disabled for task ':integration_test:generateDebugResValues' because:
[        ]   Build cache is disabled
[        ] Skipping task ':integration_test:generateDebugResValues' as it is up-to-date.
[        ] Resolve mutations for :integration_test:generateDebugResources (Thread[#45626,Execution worker Thread 5,5,main]) started.
[        ] :integration_test:generateDebugResources (Thread[#45626,Execution worker Thread 5,5,main]) started.
[        ] > Task :integration_test:generateDebugResources UP-TO-DATE
[        ] Caching disabled for task ':integration_test:generateDebugResources' because:
[        ]   Build cache is disabled
[        ] Skipping task ':integration_test:generateDebugResources' as it is up-to-date.
[        ] Resolve mutations for :integration_test:packageDebugResources (Thread[#45626,Execution worker Thread 5,5,main]) started.
[        ] :integration_test:packageDebugResources (Thread[#45626,Execution worker Thread 5,5,main]) started.
[        ] > Task :integration_test:packageDebugResources UP-TO-DATE
[        ] Caching disabled for task ':integration_test:packageDebugResources' because:
[        ]   Build cache is disabled
[        ] Skipping task ':integration_test:packageDebugResources' as it is up-to-date.
[        ] work action resolve packageDebugResources (project :integration_test) (Thread[#45626,Execution worker Thread 5,5,main]) started.
[        ] Resolve mutations for :path_provider_android:generateDebugResValues (Thread[#45626,Execution worker Thread 5,5,main]) started.
[        ] :path_provider_android:generateDebugResValues (Thread[#45626,Execution worker Thread 5,5,main]) started.
[        ] > Task :path_provider_android:generateDebugResValues UP-TO-DATE
[        ] Caching disabled for task ':path_provider_android:generateDebugResValues' because:
[        ]   Build cache is disabled
[        ] Skipping task ':path_provider_android:generateDebugResValues' as it is up-to-date.
[        ] Resolve mutations for :path_provider_android:generateDebugResources (Thread[#45626,Execution worker Thread 5,5,main]) started.
[        ] :path_provider_android:generateDebugResources (Thread[#45626,Execution worker Thread 5,5,main]) started.
[        ] > Task :path_provider_android:generateDebugResources UP-TO-DATE
[        ] Caching disabled for task ':path_provider_android:generateDebugResources' because:
[        ]   Build cache is disabled
[        ] Skipping task ':path_provider_android:generateDebugResources' as it is up-to-date.
[        ] Resolve mutations for :path_provider_android:packageDebugResources (Thread[#45626,Execution worker Thread 5,5,main]) started.
[        ] :path_provider_android:packageDebugResources (Thread[#45626,Execution worker Thread 5,5,main]) started.
[        ] > Task :path_provider_android:packageDebugResources UP-TO-DATE
[        ] Caching disabled for task ':path_provider_android:packageDebugResources' because:
[        ]   Build cache is disabled
[        ] Skipping task ':path_provider_android:packageDebugResources' as it is up-to-date.
[        ] work action resolve packageDebugResources (project :path_provider_android) (Thread[#45626,Execution worker Thread 5,5,main]) started.
[        ] Resolve mutations for :quill_native_bridge_android:generateDebugResValues (Thread[#45626,Execution worker Thread 5,5,main]) started.
[        ] :quill_native_bridge_android:generateDebugResValues (Thread[#45626,Execution worker Thread 5,5,main]) started.
[        ] > Task :quill_native_bridge_android:generateDebugResValues UP-TO-DATE
[        ] Caching disabled for task ':quill_native_bridge_android:generateDebugResValues' because:
[        ]   Build cache is disabled
[        ] Skipping task ':quill_native_bridge_android:generateDebugResValues' as it is up-to-date.
[        ] Resolve mutations for :quill_native_bridge_android:generateDebugResources (Thread[#45626,Execution worker Thread 5,5,main]) started.
[        ] :quill_native_bridge_android:generateDebugResources (Thread[#45626,Execution worker Thread 5,5,main]) started.
[        ] > Task :quill_native_bridge_android:generateDebugResources UP-TO-DATE
[        ] Caching disabled for task ':quill_native_bridge_android:generateDebugResources' because:
[        ]   Build cache is disabled
[        ] Skipping task ':quill_native_bridge_android:generateDebugResources' as it is up-to-date.
[        ] Resolve mutations for :quill_native_bridge_android:packageDebugResources (Thread[#45626,Execution worker Thread 5,5,main]) started.
[        ] :quill_native_bridge_android:packageDebugResources (Thread[#45626,Execution worker Thread 5,5,main]) started.
[        ] > Task :quill_native_bridge_android:packageDebugResources UP-TO-DATE
[        ] Caching disabled for task ':quill_native_bridge_android:packageDebugResources' because:
[        ]   Build cache is disabled
[        ] Skipping task ':quill_native_bridge_android:packageDebugResources' as it is up-to-date.
[        ] work action resolve packageDebugResources (project :quill_native_bridge_android) (Thread[#45626,Execution worker Thread 5,5,main]) started.
[        ] Resolve mutations for :shared_preferences_android:generateDebugResValues (Thread[#45626,Execution worker Thread 5,5,main]) started.
[        ] :shared_preferences_android:generateDebugResValues (Thread[#45626,Execution worker Thread 5,5,main]) started.
[        ] > Task :shared_preferences_android:generateDebugResValues UP-TO-DATE
[        ] Caching disabled for task ':shared_preferences_android:generateDebugResValues' because:
[        ]   Build cache is disabled
[        ] Skipping task ':shared_preferences_android:generateDebugResValues' as it is up-to-date.
[        ] Resolve mutations for :shared_preferences_android:generateDebugResources (Thread[#45626,Execution worker Thread 5,5,main]) started.
[        ] :shared_preferences_android:generateDebugResources (Thread[#45626,Execution worker Thread 5,5,main]) started.
[        ] > Task :shared_preferences_android:generateDebugResources UP-TO-DATE
[        ] Caching disabled for task ':shared_preferences_android:generateDebugResources' because:
[        ]   Build cache is disabled
[        ] Skipping task ':shared_preferences_android:generateDebugResources' as it is up-to-date.
[        ] Resolve mutations for :shared_preferences_android:packageDebugResources (Thread[#45626,Execution worker Thread 5,5,main]) started.
[        ] :shared_preferences_android:packageDebugResources (Thread[#45626,Execution worker Thread 5,5,main]) started.
[        ] > Task :shared_preferences_android:packageDebugResources UP-TO-DATE
[        ] Caching disabled for task ':shared_preferences_android:packageDebugResources' because:
[        ]   Build cache is disabled
[        ] Skipping task ':shared_preferences_android:packageDebugResources' as it is up-to-date.
[        ] work action resolve packageDebugResources (project :shared_preferences_android) (Thread[#45626,Execution worker Thread 5,5,main]) started.
[        ] Resolve mutations for :sqflite_android:generateDebugResValues (Thread[#45626,Execution worker Thread 5,5,main]) started.
[        ] :sqflite_android:generateDebugResValues (Thread[#45626,Execution worker Thread 5,5,main]) started.
[        ] > Task :sqflite_android:generateDebugResValues UP-TO-DATE
[        ] Caching disabled for task ':sqflite_android:generateDebugResValues' because:
[        ]   Build cache is disabled
[        ] Skipping task ':sqflite_android:generateDebugResValues' as it is up-to-date.
[        ] Resolve mutations for :sqflite_android:generateDebugResources (Thread[#45626,Execution worker Thread 5,5,main]) started.
[        ] :sqflite_android:generateDebugResources (Thread[#45626,Execution worker Thread 5,5,main]) started.
[        ] > Task :sqflite_android:generateDebugResources UP-TO-DATE
[        ] Caching disabled for task ':sqflite_android:generateDebugResources' because:
[        ]   Build cache is disabled
[        ] Skipping task ':sqflite_android:generateDebugResources' as it is up-to-date.
[        ] Resolve mutations for :sqflite_android:packageDebugResources (Thread[#45626,Execution worker Thread 5,5,main]) started.
[        ] :sqflite_android:packageDebugResources (Thread[#45626,Execution worker Thread 5,5,main]) started.
[        ] > Task :sqflite_android:packageDebugResources UP-TO-DATE
[        ] Caching disabled for task ':sqflite_android:packageDebugResources' because:
[        ]   Build cache is disabled
[        ] Skipping task ':sqflite_android:packageDebugResources' as it is up-to-date.
[        ] work action resolve packageDebugResources (project :sqflite_android) (Thread[#45626,Execution worker Thread 5,5,main]) started.
[        ] Resolve mutations for :url_launcher_android:generateDebugResValues (Thread[#45626,Execution worker Thread 5,5,main]) started.
[        ] :url_launcher_android:generateDebugResValues (Thread[#45626,Execution worker Thread 5,5,main]) started.
[        ] > Task :url_launcher_android:generateDebugResValues UP-TO-DATE
[        ] Caching disabled for task ':url_launcher_android:generateDebugResValues' because:
[        ]   Build cache is disabled
[        ] Skipping task ':url_launcher_android:generateDebugResValues' as it is up-to-date.
[        ] Resolve mutations for :url_launcher_android:generateDebugResources (Thread[#45626,Execution worker Thread 5,5,main]) started.
[        ] :url_launcher_android:generateDebugResources (Thread[#45626,Execution worker Thread 5,5,main]) started.
[        ] > Task :url_launcher_android:generateDebugResources UP-TO-DATE
[        ] Caching disabled for task ':url_launcher_android:generateDebugResources' because:
[        ]   Build cache is disabled
[        ] Skipping task ':url_launcher_android:generateDebugResources' as it is up-to-date.
[        ] Resolve mutations for :url_launcher_android:packageDebugResources (Thread[#45626,Execution worker Thread 5,5,main]) started.
[        ] :url_launcher_android:packageDebugResources (Thread[#45626,Execution worker Thread 5,5,main]) started.
[        ] > Task :url_launcher_android:packageDebugResources UP-TO-DATE
[        ] Caching disabled for task ':url_launcher_android:packageDebugResources' because:
[        ]   Build cache is disabled
[        ] Skipping task ':url_launcher_android:packageDebugResources' as it is up-to-date.
[        ] work action resolve packageDebugResources (project :url_launcher_android) (Thread[#45626,Execution worker Thread 5,5,main]) started.
[        ] Resolve mutations for :video_player_android:generateDebugResValues (Thread[#45626,Execution worker Thread 5,5,main]) started.
[        ] :video_player_android:generateDebugResValues (Thread[#45626,Execution worker Thread 5,5,main]) started.
[        ] > Task :video_player_android:generateDebugResValues UP-TO-DATE
[        ] Caching disabled for task ':video_player_android:generateDebugResValues' because:
[        ]   Build cache is disabled
[        ] Skipping task ':video_player_android:generateDebugResValues' as it is up-to-date.
[        ] Resolve mutations for :video_player_android:generateDebugResources (Thread[#45626,Execution worker Thread 5,5,main]) started.
[        ] :video_player_android:generateDebugResources (Thread[#45626,Execution worker Thread 5,5,main]) started.
[        ] > Task :video_player_android:generateDebugResources UP-TO-DATE
[        ] Caching disabled for task ':video_player_android:generateDebugResources' because:
[        ]   Build cache is disabled
[        ] Skipping task ':video_player_android:generateDebugResources' as it is up-to-date.
[        ] Resolve mutations for :video_player_android:packageDebugResources (Thread[#45626,Execution worker Thread 5,5,main]) started.
[        ] :video_player_android:packageDebugResources (Thread[#45626,Execution worker Thread 5,5,main]) started.
[        ] > Task :video_player_android:packageDebugResources UP-TO-DATE
[        ] Caching disabled for task ':video_player_android:packageDebugResources' because:
[        ]   Build cache is disabled
[        ] Skipping task ':video_player_android:packageDebugResources' as it is up-to-date.
[        ] work action resolve packageDebugResources (project :video_player_android) (Thread[#45626,Execution worker Thread 5,5,main]) started.
[        ] Resolve mutations for :app:mapDebugSourceSetPaths (Thread[#45626,Execution worker Thread 5,5,main]) started.
[        ] :app:mapDebugSourceSetPaths (Thread[#45626,Execution worker Thread 5,5,main]) started.
[        ] > Task :app:mapDebugSourceSetPaths UP-TO-DATE
[        ] Caching disabled for task ':app:mapDebugSourceSetPaths' because:
[        ]   Build cache is disabled
[        ]   Caching has been disabled for the task
[        ] Skipping task ':app:mapDebugSourceSetPaths' as it is up-to-date.
[        ] Resolve mutations for :app:generateDebugResources (Thread[#45626,Execution worker Thread 5,5,main]) started.
[        ] :app:generateDebugResources (Thread[#45626,Execution worker Thread 5,5,main]) started.
[        ] > Task :app:generateDebugResources UP-TO-DATE
[        ] Caching disabled for task ':app:generateDebugResources' because:
[        ]   Build cache is disabled
[        ] Skipping task ':app:generateDebugResources' as it is up-to-date.
[        ] Resolve mutations for :app:mergeDebugResources (Thread[#45626,Execution worker Thread 5,5,main]) started.
[        ] :app:mergeDebugResources (Thread[#45626,Execution worker Thread 5,5,main]) started.
[        ] > Task :app:mergeDebugResources UP-TO-DATE
[        ] Caching disabled for task ':app:mergeDebugResources' because:
[        ]   Build cache is disabled
[        ] Skipping task ':app:mergeDebugResources' as it is up-to-date.
[        ] Resolve mutations for :app:packageDebugResources (Thread[#45626,Execution worker Thread 5,5,main]) started.
[        ] :app:packageDebugResources (Thread[#45626,Execution worker Thread 5,5,main]) started.
[        ] > Task :app:packageDebugResources UP-TO-DATE
[        ] Caching disabled for task ':app:packageDebugResources' because:
[        ]   Build cache is disabled
[        ] Skipping task ':app:packageDebugResources' as it is up-to-date.
[        ] Resolve mutations for :app:parseDebugLocalResources (Thread[#45626,Execution worker Thread 5,5,main]) started.
[        ] :app:parseDebugLocalResources (Thread[#45626,Execution worker Thread 5,5,main]) started.
[        ] > Task :app:parseDebugLocalResources UP-TO-DATE
[        ] Caching disabled for task ':app:parseDebugLocalResources' because:
[        ]   Build cache is disabled
[        ] Skipping task ':app:parseDebugLocalResources' as it is up-to-date.
[        ] Resolve mutations for :app:createDebugCompatibleScreenManifests (Thread[#45626,Execution worker Thread 5,5,main]) started.
[        ] :app:createDebugCompatibleScreenManifests (Thread[#45626,Execution worker Thread 5,5,main]) started.
[        ] > Task :app:createDebugCompatibleScreenManifests UP-TO-DATE
[        ] Caching disabled for task ':app:createDebugCompatibleScreenManifests' because:
[        ]   Build cache is disabled
[        ]   Caching has been disabled for the task
[        ] Skipping task ':app:createDebugCompatibleScreenManifests' as it is up-to-date.
[        ] Resolve mutations for :app:extractDeepLinksDebug (Thread[#45626,Execution worker Thread 5,5,main]) started.
[        ] :app:extractDeepLinksDebug (Thread[#45626,Execution worker Thread 5,5,main]) started.
[        ] > Task :app:extractDeepLinksDebug UP-TO-DATE
[        ] Caching disabled for task ':app:extractDeepLinksDebug' because:
[        ]   Build cache is disabled
[        ] Skipping task ':app:extractDeepLinksDebug' as it is up-to-date.
[        ] Resolve mutations for :connectivity_plus:extractDeepLinksDebug (Thread[#45626,Execution worker Thread 5,5,main]) started.
[        ] :connectivity_plus:extractDeepLinksDebug (Thread[#45626,Execution worker Thread 5,5,main]) started.
[        ] > Task :connectivity_plus:extractDeepLinksDebug UP-TO-DATE
[        ] Caching disabled for task ':connectivity_plus:extractDeepLinksDebug' because:
[        ]   Build cache is disabled
[        ] Skipping task ':connectivity_plus:extractDeepLinksDebug' as it is up-to-date.
[        ] work action resolve navigation.json (project :connectivity_plus) (Thread[#45626,Execution worker Thread 5,5,main]) started.
[        ] Resolve mutations for :connectivity_plus:processDebugManifest (Thread[#45626,Execution worker Thread 5,5,main]) started.
[        ] :connectivity_plus:processDebugManifest (Thread[#45626,Execution worker Thread 5,5,main]) started.
[        ] > Task :connectivity_plus:processDebugManifest UP-TO-DATE
[        ] Caching disabled for task ':connectivity_plus:processDebugManifest' because:
[        ]   Build cache is disabled
[        ] Skipping task ':connectivity_plus:processDebugManifest' as it is up-to-date.
[        ] work action resolve AndroidManifest.xml (project :connectivity_plus) (Thread[#45626,Execution worker Thread 5,5,main]) started.
[        ] Resolve mutations for :emoji_picker_flutter:extractDeepLinksDebug (Thread[#45626,Execution worker Thread 5,5,main]) started.
[        ] :emoji_picker_flutter:extractDeepLinksDebug (Thread[#45626,Execution worker Thread 5,5,main]) started.
[        ] > Task :emoji_picker_flutter:extractDeepLinksDebug UP-TO-DATE
[        ] Caching disabled for task ':emoji_picker_flutter:extractDeepLinksDebug' because:
[        ]   Build cache is disabled
[        ] Skipping task ':emoji_picker_flutter:extractDeepLinksDebug' as it is up-to-date.
[        ] work action resolve navigation.json (project :emoji_picker_flutter) (Thread[#45626,Execution worker Thread 5,5,main]) started.
[        ] Resolve mutations for :emoji_picker_flutter:processDebugManifest (Thread[#45626,Execution worker Thread 5,5,main]) started.
[        ] :emoji_picker_flutter:processDebugManifest (Thread[#45626,Execution worker Thread 5,5,main]) started.
[        ] > Task :emoji_picker_flutter:processDebugManifest UP-TO-DATE
[        ] Caching disabled for task ':emoji_picker_flutter:processDebugManifest' because:
[        ]   Build cache is disabled
[        ] Skipping task ':emoji_picker_flutter:processDebugManifest' as it is up-to-date.
[        ] work action resolve AndroidManifest.xml (project :emoji_picker_flutter) (Thread[#45626,Execution worker Thread 5,5,main]) started.
[        ] Resolve mutations for :file_selector_android:extractDeepLinksDebug (Thread[#45626,Execution worker Thread 5,5,main]) started.
[        ] :file_selector_android:extractDeepLinksDebug (Thread[#45626,Execution worker Thread 5,5,main]) started.
[        ] > Task :file_selector_android:extractDeepLinksDebug UP-TO-DATE
[        ] Caching disabled for task ':file_selector_android:extractDeepLinksDebug' because:
[        ]   Build cache is disabled
[        ] Skipping task ':file_selector_android:extractDeepLinksDebug' as it is up-to-date.
[        ] work action resolve navigation.json (project :file_selector_android) (Thread[#45626,Execution worker Thread 5,5,main]) started.
[        ] Resolve mutations for :file_selector_android:processDebugManifest (Thread[#45626,Execution worker Thread 5,5,main]) started.
[        ] :file_selector_android:processDebugManifest (Thread[#45626,Execution worker Thread 5,5,main]) started.
[        ] > Task :file_selector_android:processDebugManifest UP-TO-DATE
[        ] Caching disabled for task ':file_selector_android:processDebugManifest' because:
[        ]   Build cache is disabled
[        ] Skipping task ':file_selector_android:processDebugManifest' as it is up-to-date.
[        ] work action resolve AndroidManifest.xml (project :file_selector_android) (Thread[#45626,Execution worker Thread 5,5,main]) started.
[        ] Resolve mutations for :flutter_keyboard_visibility_temp_fork:extractDeepLinksDebug (Thread[#45626,Execution worker Thread 5,5,main]) started.
[        ] :flutter_keyboard_visibility_temp_fork:extractDeepLinksDebug (Thread[#45626,Execution worker Thread 5,5,main]) started.
[        ] > Task :flutter_keyboard_visibility_temp_fork:extractDeepLinksDebug UP-TO-DATE
[        ] Caching disabled for task ':flutter_keyboard_visibility_temp_fork:extractDeepLinksDebug' because:
[        ]   Build cache is disabled
[        ] Skipping task ':flutter_keyboard_visibility_temp_fork:extractDeepLinksDebug' as it is up-to-date.
[        ] work action resolve navigation.json (project :flutter_keyboard_visibility_temp_fork) (Thread[#45626,Execution worker Thread 5,5,main]) started.
[        ] Resolve mutations for :flutter_keyboard_visibility_temp_fork:processDebugManifest (Thread[#45626,Execution worker Thread 5,5,main]) started.
[        ] :flutter_keyboard_visibility_temp_fork:processDebugManifest (Thread[#45626,Execution worker Thread 5,5,main]) started.
[        ] > Task :flutter_keyboard_visibility_temp_fork:processDebugManifest UP-TO-DATE
[        ] Caching disabled for task ':flutter_keyboard_visibility_temp_fork:processDebugManifest' because:
[        ]   Build cache is disabled
[        ] Skipping task ':flutter_keyboard_visibility_temp_fork:processDebugManifest' as it is up-to-date.
[        ] work action resolve AndroidManifest.xml (project :flutter_keyboard_visibility_temp_fork) (Thread[#45626,Execution worker Thread 5,5,main]) started.
[        ] Resolve mutations for :flutter_native_splash:extractDeepLinksDebug (Thread[#45626,Execution worker Thread 5,5,main]) started.
[        ] :flutter_native_splash:extractDeepLinksDebug (Thread[#45626,Execution worker Thread 5,5,main]) started.
[        ] > Task :flutter_native_splash:extractDeepLinksDebug UP-TO-DATE
[        ] Caching disabled for task ':flutter_native_splash:extractDeepLinksDebug' because:
[        ]   Build cache is disabled
[        ] Skipping task ':flutter_native_splash:extractDeepLinksDebug' as it is up-to-date.
[        ] work action resolve navigation.json (project :flutter_native_splash) (Thread[#45626,Execution worker Thread 5,5,main]) started.
[        ] Resolve mutations for :flutter_native_splash:processDebugManifest (Thread[#45626,Execution worker Thread 5,5,main]) started.
[        ] :flutter_native_splash:processDebugManifest (Thread[#45626,Execution worker Thread 5,5,main]) started.
[        ] > Task :flutter_native_splash:processDebugManifest UP-TO-DATE
[        ] Caching disabled for task ':flutter_native_splash:processDebugManifest' because:
[        ]   Build cache is disabled
[        ] Skipping task ':flutter_native_splash:processDebugManifest' as it is up-to-date.
[        ] work action resolve AndroidManifest.xml (project :flutter_native_splash) (Thread[#45626,Execution worker Thread 5,5,main]) started.
[        ] Resolve mutations for :flutter_olm:extractDeepLinksDebug (Thread[#45626,Execution worker Thread 5,5,main]) started.
[        ] :flutter_olm:extractDeepLinksDebug (Thread[#45626,Execution worker Thread 5,5,main]) started.
[        ] > Task :flutter_olm:extractDeepLinksDebug UP-TO-DATE
[        ] Caching disabled for task ':flutter_olm:extractDeepLinksDebug' because:
[        ]   Build cache is disabled
[        ] Skipping task ':flutter_olm:extractDeepLinksDebug' as it is up-to-date.
[        ] work action resolve navigation.json (project :flutter_olm) (Thread[#45626,Execution worker Thread 5,5,main]) started.
[        ] Resolve mutations for :flutter_olm:processDebugManifest (Thread[#45626,Execution worker Thread 5,5,main]) started.
[        ] :flutter_olm:processDebugManifest (Thread[#45626,Execution worker Thread 5,5,main]) started.
[        ] > Task :flutter_olm:processDebugManifest UP-TO-DATE
[        ] Caching disabled for task ':flutter_olm:processDebugManifest' because:
[        ]   Build cache is disabled
[        ] Skipping task ':flutter_olm:processDebugManifest' as it is up-to-date.
[        ] work action resolve AndroidManifest.xml (project :flutter_olm) (Thread[#45626,Execution worker Thread 5,5,main]) started.
[        ] Resolve mutations for :flutter_openssl_crypto:extractDeepLinksDebug (Thread[#45626,Execution worker Thread 5,5,main]) started.
[        ] :flutter_openssl_crypto:extractDeepLinksDebug (Thread[#45626,Execution worker Thread 5,5,main]) started.
[        ] > Task :flutter_openssl_crypto:extractDeepLinksDebug UP-TO-DATE
[        ] Caching disabled for task ':flutter_openssl_crypto:extractDeepLinksDebug' because:
[        ]   Build cache is disabled
[        ] Skipping task ':flutter_openssl_crypto:extractDeepLinksDebug' as it is up-to-date.
[        ] work action resolve navigation.json (project :flutter_openssl_crypto) (Thread[#45626,Execution worker Thread 5,5,main]) started.
[        ] Resolve mutations for :flutter_openssl_crypto:processDebugManifest (Thread[#45626,Execution worker Thread 5,5,main]) started.
[        ] :flutter_openssl_crypto:processDebugManifest (Thread[#45626,Execution worker Thread 5,5,main]) started.
[        ] > Task :flutter_openssl_crypto:processDebugManifest UP-TO-DATE
[        ] Caching disabled for task ':flutter_openssl_crypto:processDebugManifest' because:
[        ]   Build cache is disabled
[        ] Skipping task ':flutter_openssl_crypto:processDebugManifest' as it is up-to-date.
[        ] work action resolve AndroidManifest.xml (project :flutter_openssl_crypto) (Thread[#45626,Execution worker Thread 5,5,main]) started.
[        ] Resolve mutations for :integration_test:extractDeepLinksDebug (Thread[#45626,Execution worker Thread 5,5,main]) started.
[        ] :integration_test:extractDeepLinksDebug (Thread[#45626,Execution worker Thread 5,5,main]) started.
[        ] > Task :integration_test:extractDeepLinksDebug UP-TO-DATE
[        ] Caching disabled for task ':integration_test:extractDeepLinksDebug' because:
[        ]   Build cache is disabled
[        ] Skipping task ':integration_test:extractDeepLinksDebug' as it is up-to-date.
[        ] work action resolve navigation.json (project :integration_test) (Thread[#45626,Execution worker Thread 5,5,main]) started.
[        ] Resolve mutations for :integration_test:processDebugManifest (Thread[#45626,Execution worker Thread 5,5,main]) started.
[        ] :integration_test:processDebugManifest (Thread[#45626,Execution worker Thread 5,5,main]) started.
[        ] > Task :integration_test:processDebugManifest UP-TO-DATE
[        ] Caching disabled for task ':integration_test:processDebugManifest' because:
[        ]   Build cache is disabled
[        ] Skipping task ':integration_test:processDebugManifest' as it is up-to-date.
[        ] work action resolve AndroidManifest.xml (project :integration_test) (Thread[#45626,Execution worker Thread 5,5,main]) started.
[        ] Resolve mutations for :path_provider_android:extractDeepLinksDebug (Thread[#45626,Execution worker Thread 5,5,main]) started.
[        ] :path_provider_android:extractDeepLinksDebug (Thread[#45626,Execution worker Thread 5,5,main]) started.
[        ] > Task :path_provider_android:extractDeepLinksDebug UP-TO-DATE
[        ] Caching disabled for task ':path_provider_android:extractDeepLinksDebug' because:
[        ]   Build cache is disabled
[        ] Skipping task ':path_provider_android:extractDeepLinksDebug' as it is up-to-date.
[        ] work action resolve navigation.json (project :path_provider_android) (Thread[#45626,Execution worker Thread 5,5,main]) started.
[        ] Resolve mutations for :path_provider_android:processDebugManifest (Thread[#45626,Execution worker Thread 5,5,main]) started.
[        ] :path_provider_android:processDebugManifest (Thread[#45626,Execution worker Thread 5,5,main]) started.
[        ] > Task :path_provider_android:processDebugManifest UP-TO-DATE
[        ] Caching disabled for task ':path_provider_android:processDebugManifest' because:
[        ]   Build cache is disabled
[        ] Skipping task ':path_provider_android:processDebugManifest' as it is up-to-date.
[        ] work action resolve AndroidManifest.xml (project :path_provider_android) (Thread[#45626,Execution worker Thread 5,5,main]) started.
[        ] Resolve mutations for :quill_native_bridge_android:extractDeepLinksDebug (Thread[#45626,Execution worker Thread 5,5,main]) started.
[        ] :quill_native_bridge_android:extractDeepLinksDebug (Thread[#45626,Execution worker Thread 5,5,main]) started.
[        ] > Task :quill_native_bridge_android:extractDeepLinksDebug UP-TO-DATE
[        ] Caching disabled for task ':quill_native_bridge_android:extractDeepLinksDebug' because:
[        ]   Build cache is disabled
[        ] Skipping task ':quill_native_bridge_android:extractDeepLinksDebug' as it is up-to-date.
[        ] work action resolve navigation.json (project :quill_native_bridge_android) (Thread[#45626,Execution worker Thread 5,5,main]) started.
[        ] Resolve mutations for :quill_native_bridge_android:processDebugManifest (Thread[#45626,Execution worker Thread 5,5,main]) started.
[        ] :quill_native_bridge_android:processDebugManifest (Thread[#45626,Execution worker Thread 5,5,main]) started.
[        ] > Task :quill_native_bridge_android:processDebugManifest UP-TO-DATE
[        ] Caching disabled for task ':quill_native_bridge_android:processDebugManifest' because:
[        ]   Build cache is disabled
[        ] Skipping task ':quill_native_bridge_android:processDebugManifest' as it is up-to-date.
[        ] work action resolve AndroidManifest.xml (project :quill_native_bridge_android) (Thread[#45626,Execution worker Thread 5,5,main]) started.
[        ] Resolve mutations for :shared_preferences_android:extractDeepLinksDebug (Thread[#45626,Execution worker Thread 5,5,main]) started.
[        ] :shared_preferences_android:extractDeepLinksDebug (Thread[#45626,Execution worker Thread 5,5,main]) started.
[        ] > Task :shared_preferences_android:extractDeepLinksDebug UP-TO-DATE
[        ] Caching disabled for task ':shared_preferences_android:extractDeepLinksDebug' because:
[        ]   Build cache is disabled
[        ] Skipping task ':shared_preferences_android:extractDeepLinksDebug' as it is up-to-date.
[        ] work action resolve navigation.json (project :shared_preferences_android) (Thread[#45626,Execution worker Thread 5,5,main]) started.
[        ] Resolve mutations for :shared_preferences_android:processDebugManifest (Thread[#45626,Execution worker Thread 5,5,main]) started.
[        ] :shared_preferences_android:processDebugManifest (Thread[#45626,Execution worker Thread 5,5,main]) started.
[        ] > Task :shared_preferences_android:processDebugManifest UP-TO-DATE
[        ] Caching disabled for task ':shared_preferences_android:processDebugManifest' because:
[        ]   Build cache is disabled
[        ] Skipping task ':shared_preferences_android:processDebugManifest' as it is up-to-date.
[        ] work action resolve AndroidManifest.xml (project :shared_preferences_android) (Thread[#45626,Execution worker Thread 5,5,main]) started.
[        ] Resolve mutations for :sqflite_android:extractDeepLinksDebug (Thread[#45626,Execution worker Thread 5,5,main]) started.
[        ] :sqflite_android:extractDeepLinksDebug (Thread[#45626,Execution worker Thread 5,5,main]) started.
[        ] > Task :sqflite_android:extractDeepLinksDebug UP-TO-DATE
[        ] Caching disabled for task ':sqflite_android:extractDeepLinksDebug' because:
[        ]   Build cache is disabled
[        ] Skipping task ':sqflite_android:extractDeepLinksDebug' as it is up-to-date.
[        ] work action resolve navigation.json (project :sqflite_android) (Thread[#45626,Execution worker Thread 5,5,main]) started.
[        ] Resolve mutations for :sqflite_android:processDebugManifest (Thread[#45626,Execution worker Thread 5,5,main]) started.
[        ] :sqflite_android:processDebugManifest (Thread[#45626,Execution worker Thread 5,5,main]) started.
[        ] > Task :sqflite_android:processDebugManifest UP-TO-DATE
[        ] Caching disabled for task ':sqflite_android:processDebugManifest' because:
[        ]   Build cache is disabled
[        ] Skipping task ':sqflite_android:processDebugManifest' as it is up-to-date.
[        ] work action resolve AndroidManifest.xml (project :sqflite_android) (Thread[#45626,Execution worker Thread 5,5,main]) started.
[        ] Resolve mutations for :url_launcher_android:extractDeepLinksDebug (Thread[#45626,Execution worker Thread 5,5,main]) started.
[        ] :url_launcher_android:extractDeepLinksDebug (Thread[#45626,Execution worker Thread 5,5,main]) started.
[        ] > Task :url_launcher_android:extractDeepLinksDebug UP-TO-DATE
[        ] Caching disabled for task ':url_launcher_android:extractDeepLinksDebug' because:
[        ]   Build cache is disabled
[        ] Skipping task ':url_launcher_android:extractDeepLinksDebug' as it is up-to-date.
[        ] work action resolve navigation.json (project :url_launcher_android) (Thread[#45626,Execution worker Thread 5,5,main]) started.
[        ] Resolve mutations for :url_launcher_android:processDebugManifest (Thread[#45626,Execution worker Thread 5,5,main]) started.
[        ] :url_launcher_android:processDebugManifest (Thread[#45626,Execution worker Thread 5,5,main]) started.
[        ] > Task :url_launcher_android:processDebugManifest UP-TO-DATE
[        ] Caching disabled for task ':url_launcher_android:processDebugManifest' because:
[        ]   Build cache is disabled
[        ] Skipping task ':url_launcher_android:processDebugManifest' as it is up-to-date.
[        ] work action resolve AndroidManifest.xml (project :url_launcher_android) (Thread[#45626,Execution worker Thread 5,5,main]) started.
[        ] Resolve mutations for :video_player_android:extractDeepLinksDebug (Thread[#45626,Execution worker Thread 5,5,main]) started.
[        ] :video_player_android:extractDeepLinksDebug (Thread[#45626,Execution worker Thread 5,5,main]) started.
[        ] > Task :video_player_android:extractDeepLinksDebug UP-TO-DATE
[        ] Caching disabled for task ':video_player_android:extractDeepLinksDebug' because:
[        ]   Build cache is disabled
[        ] Skipping task ':video_player_android:extractDeepLinksDebug' as it is up-to-date.
[        ] work action resolve navigation.json (project :video_player_android) (Thread[#45626,Execution worker Thread 5,5,main]) started.
[        ] Resolve mutations for :video_player_android:processDebugManifest (Thread[#45626,Execution worker Thread 5,5,main]) started.
[        ] :video_player_android:processDebugManifest (Thread[#45626,Execution worker Thread 5,5,main]) started.
[        ] > Task :video_player_android:processDebugManifest UP-TO-DATE
[        ] Caching disabled for task ':video_player_android:processDebugManifest' because:
[        ]   Build cache is disabled
[        ] Skipping task ':video_player_android:processDebugManifest' as it is up-to-date.
[        ] work action resolve AndroidManifest.xml (project :video_player_android) (Thread[#45626,Execution worker Thread 5,5,main]) started.
[        ] Resolve mutations for :app:processDebugMainManifest (Thread[#45626,Execution worker Thread 5,5,main]) started.
[        ] :app:processDebugMainManifest (Thread[#45626,Execution worker Thread 5,5,main]) started.
[        ] > Task :app:processDebugMainManifest UP-TO-DATE
[        ] Caching disabled for task ':app:processDebugMainManifest' because:
[        ]   Build cache is disabled
[        ] Skipping task ':app:processDebugMainManifest' as it is up-to-date.
[        ] Resolve mutations for :app:outputDebugAppLinkSettings (Thread[#45626,Execution worker Thread 5,5,main]) started.
[        ] :app:outputDebugAppLinkSettings (Thread[#45626,Execution worker Thread 5,5,main]) started.
[        ] > Task :app:outputDebugAppLinkSettings UP-TO-DATE
[        ] Caching disabled for task ':app:outputDebugAppLinkSettings' because:
[        ]   Build cache is disabled
[        ]   Caching has not been enabled for the task
[        ] Skipping task ':app:outputDebugAppLinkSettings' as it is up-to-date.
[        ] Resolve mutations for :app:processDebugManifest (Thread[#45626,Execution worker Thread 5,5,main]) started.
[        ] :app:processDebugManifest (Thread[#45626,Execution worker Thread 5,5,main]) started.
[        ] > Task :app:processDebugManifest UP-TO-DATE
[        ] Caching disabled for task ':app:processDebugManifest' because:
[        ]   Build cache is disabled
[        ] Skipping task ':app:processDebugManifest' as it is up-to-date.
[        ] Resolve mutations for :app:processDebugManifestForPackage (Thread[#45626,Execution worker Thread 5,5,main]) started.
[        ] :app:processDebugManifestForPackage (Thread[#45626,Execution worker Thread 5,5,main]) started.
[        ] > Task :app:processDebugManifestForPackage UP-TO-DATE
[        ] Custom actions are attached to task ':app:processDebugManifestForPackage'.
[        ] Caching disabled for task ':app:processDebugManifestForPackage' because:
[        ]   Build cache is disabled
[        ] Skipping task ':app:processDebugManifestForPackage' as it is up-to-date.
[        ] Resolve mutations for :connectivity_plus:compileDebugLibraryResources (Thread[#45626,Execution worker Thread 5,5,main]) started.
[        ] :connectivity_plus:compileDebugLibraryResources (Thread[#45626,Execution worker Thread 5,5,main]) started.
[        ] > Task :connectivity_plus:compileDebugLibraryResources UP-TO-DATE
[        ] Caching disabled for task ':connectivity_plus:compileDebugLibraryResources' because:
[        ]   Build cache is disabled
[        ] Skipping task ':connectivity_plus:compileDebugLibraryResources' as it is up-to-date.
[        ] work action resolve out (project :connectivity_plus) (Thread[#45626,Execution worker Thread 5,5,main]) started.
[        ] Resolve mutations for :connectivity_plus:parseDebugLocalResources (Thread[#45626,Execution worker Thread 5,5,main]) started.
[        ] :connectivity_plus:parseDebugLocalResources (Thread[#45626,Execution worker Thread 5,5,main]) started.
[        ] > Task :connectivity_plus:parseDebugLocalResources UP-TO-DATE
[        ] Caching disabled for task ':connectivity_plus:parseDebugLocalResources' because:
[        ]   Build cache is disabled
[        ] Skipping task ':connectivity_plus:parseDebugLocalResources' as it is up-to-date.
[        ] Resolve mutations for :connectivity_plus:generateDebugRFile (Thread[#45626,Execution worker Thread 5,5,main]) started.
[        ] :connectivity_plus:generateDebugRFile (Thread[#45626,Execution worker Thread 5,5,main]) started.
[        ] > Task :connectivity_plus:generateDebugRFile UP-TO-DATE
[        ] Caching disabled for task ':connectivity_plus:generateDebugRFile' because:
[        ]   Build cache is disabled
[        ] Skipping task ':connectivity_plus:generateDebugRFile' as it is up-to-date.
[        ] work action resolve package-aware-r.txt (project :connectivity_plus) (Thread[#45626,Execution worker Thread 5,5,main]) started.
[        ] Resolve mutations for :emoji_picker_flutter:compileDebugLibraryResources (Thread[#45626,Execution worker Thread 5,5,main]) started.
[        ] :emoji_picker_flutter:compileDebugLibraryResources (Thread[#45626,Execution worker Thread 5,5,main]) started.
[        ] > Task :emoji_picker_flutter:compileDebugLibraryResources UP-TO-DATE
[        ] Caching disabled for task ':emoji_picker_flutter:compileDebugLibraryResources' because:
[        ]   Build cache is disabled
[        ] Skipping task ':emoji_picker_flutter:compileDebugLibraryResources' as it is up-to-date.
[        ] work action resolve out (project :emoji_picker_flutter) (Thread[#45626,Execution worker Thread 5,5,main]) started.
[        ] Resolve mutations for :emoji_picker_flutter:parseDebugLocalResources (Thread[#45626,Execution worker Thread 5,5,main]) started.
[        ] :emoji_picker_flutter:parseDebugLocalResources (Thread[#45626,Execution worker Thread 5,5,main]) started.
[        ] > Task :emoji_picker_flutter:parseDebugLocalResources UP-TO-DATE
[        ] Caching disabled for task ':emoji_picker_flutter:parseDebugLocalResources' because:
[        ]   Build cache is disabled
[        ] Skipping task ':emoji_picker_flutter:parseDebugLocalResources' as it is up-to-date.
[        ] Resolve mutations for :emoji_picker_flutter:generateDebugRFile (Thread[#45626,Execution worker Thread 5,5,main]) started.
[        ] :emoji_picker_flutter:generateDebugRFile (Thread[#45626,Execution worker Thread 5,5,main]) started.
[        ] > Task :emoji_picker_flutter:generateDebugRFile UP-TO-DATE
[        ] Caching disabled for task ':emoji_picker_flutter:generateDebugRFile' because:
[        ]   Build cache is disabled
[        ] Skipping task ':emoji_picker_flutter:generateDebugRFile' as it is up-to-date.
[        ] work action resolve package-aware-r.txt (project :emoji_picker_flutter) (Thread[#45626,Execution worker Thread 5,5,main]) started.
[        ] Resolve mutations for :file_selector_android:compileDebugLibraryResources (Thread[#45626,Execution worker Thread 5,5,main]) started.
[        ] :file_selector_android:compileDebugLibraryResources (Thread[#45626,Execution worker Thread 5,5,main]) started.
[        ] > Task :file_selector_android:compileDebugLibraryResources UP-TO-DATE
[        ] Caching disabled for task ':file_selector_android:compileDebugLibraryResources' because:
[        ]   Build cache is disabled
[        ] Skipping task ':file_selector_android:compileDebugLibraryResources' as it is up-to-date.
[        ] work action resolve out (project :file_selector_android) (Thread[#45626,Execution worker Thread 5,5,main]) started.
[        ] Resolve mutations for :file_selector_android:parseDebugLocalResources (Thread[#45626,Execution worker Thread 5,5,main]) started.
[        ] :file_selector_android:parseDebugLocalResources (Thread[#45626,Execution worker Thread 5,5,main]) started.
[        ] > Task :file_selector_android:parseDebugLocalResources UP-TO-DATE
[        ] Caching disabled for task ':file_selector_android:parseDebugLocalResources' because:
[        ]   Build cache is disabled
[        ] Skipping task ':file_selector_android:parseDebugLocalResources' as it is up-to-date.
[        ] Resolve mutations for :file_selector_android:generateDebugRFile (Thread[#45626,Execution worker Thread 5,5,main]) started.
[        ] :file_selector_android:generateDebugRFile (Thread[#45626,Execution worker Thread 5,5,main]) started.
[        ] > Task :file_selector_android:generateDebugRFile UP-TO-DATE
[        ] Caching disabled for task ':file_selector_android:generateDebugRFile' because:
[        ]   Build cache is disabled
[        ] Skipping task ':file_selector_android:generateDebugRFile' as it is up-to-date.
[        ] work action resolve package-aware-r.txt (project :file_selector_android) (Thread[#45626,Execution worker Thread 5,5,main]) started.
[        ] Resolve mutations for :flutter_keyboard_visibility_temp_fork:compileDebugLibraryResources (Thread[#45626,Execution worker Thread 5,5,main]) started.
[        ] :flutter_keyboard_visibility_temp_fork:compileDebugLibraryResources (Thread[#45626,Execution worker Thread 5,5,main]) started.
[        ] > Task :flutter_keyboard_visibility_temp_fork:compileDebugLibraryResources UP-TO-DATE
[        ] Caching disabled for task ':flutter_keyboard_visibility_temp_fork:compileDebugLibraryResources' because:
[        ]   Build cache is disabled
[        ] Skipping task ':flutter_keyboard_visibility_temp_fork:compileDebugLibraryResources' as it is up-to-date.
[        ] work action resolve out (project :flutter_keyboard_visibility_temp_fork) (Thread[#45626,Execution worker Thread 5,5,main]) started.
[        ] Resolve mutations for :flutter_keyboard_visibility_temp_fork:parseDebugLocalResources (Thread[#45626,Execution worker Thread 5,5,main]) started.
[        ] :flutter_keyboard_visibility_temp_fork:parseDebugLocalResources (Thread[#45626,Execution worker Thread 5,5,main]) started.
[        ] > Task :flutter_keyboard_visibility_temp_fork:parseDebugLocalResources UP-TO-DATE
[        ] Caching disabled for task ':flutter_keyboard_visibility_temp_fork:parseDebugLocalResources' because:
[        ]   Build cache is disabled
[        ] Skipping task ':flutter_keyboard_visibility_temp_fork:parseDebugLocalResources' as it is up-to-date.
[        ] Resolve mutations for :flutter_keyboard_visibility_temp_fork:generateDebugRFile (Thread[#45626,Execution worker Thread 5,5,main]) started.
[        ] :flutter_keyboard_visibility_temp_fork:generateDebugRFile (Thread[#45626,Execution worker Thread 5,5,main]) started.
[        ] > Task :flutter_keyboard_visibility_temp_fork:generateDebugRFile UP-TO-DATE
[        ] Caching disabled for task ':flutter_keyboard_visibility_temp_fork:generateDebugRFile' because:
[        ]   Build cache is disabled
[        ] Skipping task ':flutter_keyboard_visibility_temp_fork:generateDebugRFile' as it is up-to-date.
[        ] work action resolve package-aware-r.txt (project :flutter_keyboard_visibility_temp_fork) (Thread[#45626,Execution worker Thread 5,5,main]) started.
[        ] Resolve mutations for :flutter_native_splash:compileDebugLibraryResources (Thread[#45626,Execution worker Thread 5,5,main]) started.
[        ] :flutter_native_splash:compileDebugLibraryResources (Thread[#45626,Execution worker Thread 5,5,main]) started.
[        ] > Task :flutter_native_splash:compileDebugLibraryResources UP-TO-DATE
[        ] Caching disabled for task ':flutter_native_splash:compileDebugLibraryResources' because:
[        ]   Build cache is disabled
[        ] Skipping task ':flutter_native_splash:compileDebugLibraryResources' as it is up-to-date.
[        ] work action resolve out (project :flutter_native_splash) (Thread[#45626,Execution worker Thread 5,5,main]) started.
[        ] Resolve mutations for :flutter_native_splash:parseDebugLocalResources (Thread[#45626,Execution worker Thread 5,5,main]) started.
[        ] :flutter_native_splash:parseDebugLocalResources (Thread[#45626,Execution worker Thread 5,5,main]) started.
[        ] > Task :flutter_native_splash:parseDebugLocalResources UP-TO-DATE
[        ] Caching disabled for task ':flutter_native_splash:parseDebugLocalResources' because:
[        ]   Build cache is disabled
[        ] Skipping task ':flutter_native_splash:parseDebugLocalResources' as it is up-to-date.
[        ] Resolve mutations for :flutter_native_splash:generateDebugRFile (Thread[#45626,Execution worker Thread 5,5,main]) started.
[        ] :flutter_native_splash:generateDebugRFile (Thread[#45626,Execution worker Thread 5,5,main]) started.
[        ] > Task :flutter_native_splash:generateDebugRFile UP-TO-DATE
[        ] Caching disabled for task ':flutter_native_splash:generateDebugRFile' because:
[        ]   Build cache is disabled
[        ] Skipping task ':flutter_native_splash:generateDebugRFile' as it is up-to-date.
[        ] work action resolve package-aware-r.txt (project :flutter_native_splash) (Thread[#45626,Execution worker Thread 5,5,main]) started.
[        ] Resolve mutations for :flutter_olm:compileDebugLibraryResources (Thread[#45626,Execution worker Thread 5,5,main]) started.
[        ] :flutter_olm:compileDebugLibraryResources (Thread[#45626,Execution worker Thread 5,5,main]) started.
[        ] > Task :flutter_olm:compileDebugLibraryResources UP-TO-DATE
[        ] Caching disabled for task ':flutter_olm:compileDebugLibraryResources' because:
[        ]   Build cache is disabled
[        ] Skipping task ':flutter_olm:compileDebugLibraryResources' as it is up-to-date.
[        ] work action resolve out (project :flutter_olm) (Thread[#45626,Execution worker Thread 5,5,main]) started.
[        ] Resolve mutations for :flutter_olm:parseDebugLocalResources (Thread[#45626,Execution worker Thread 5,5,main]) started.
[        ] :flutter_olm:parseDebugLocalResources (Thread[#45626,Execution worker Thread 5,5,main]) started.
[        ] > Task :flutter_olm:parseDebugLocalResources UP-TO-DATE
[        ] Caching disabled for task ':flutter_olm:parseDebugLocalResources' because:
[        ]   Build cache is disabled
[        ] Skipping task ':flutter_olm:parseDebugLocalResources' as it is up-to-date.
[        ] Resolve mutations for :flutter_olm:generateDebugRFile (Thread[#45626,Execution worker Thread 5,5,main]) started.
[        ] :flutter_olm:generateDebugRFile (Thread[#45626,Execution worker Thread 5,5,main]) started.
[        ] > Task :flutter_olm:generateDebugRFile UP-TO-DATE
[        ] Caching disabled for task ':flutter_olm:generateDebugRFile' because:
[        ]   Build cache is disabled
[        ] Skipping task ':flutter_olm:generateDebugRFile' as it is up-to-date.
[        ] work action resolve package-aware-r.txt (project :flutter_olm) (Thread[#45626,Execution worker Thread 5,5,main]) started.
[        ] Resolve mutations for :flutter_openssl_crypto:compileDebugLibraryResources (Thread[#45626,Execution worker Thread 5,5,main]) started.
[        ] :flutter_openssl_crypto:compileDebugLibraryResources (Thread[#45626,Execution worker Thread 5,5,main]) started.
[        ] > Task :flutter_openssl_crypto:compileDebugLibraryResources UP-TO-DATE
[        ] Caching disabled for task ':flutter_openssl_crypto:compileDebugLibraryResources' because:
[        ]   Build cache is disabled
[        ] Skipping task ':flutter_openssl_crypto:compileDebugLibraryResources' as it is up-to-date.
[        ] work action resolve out (project :flutter_openssl_crypto) (Thread[#45626,Execution worker Thread 5,5,main]) started.
[        ] Resolve mutations for :flutter_openssl_crypto:parseDebugLocalResources (Thread[#45626,Execution worker Thread 5,5,main]) started.
[        ] :flutter_openssl_crypto:parseDebugLocalResources (Thread[#45626,Execution worker Thread 5,5,main]) started.
[        ] > Task :flutter_openssl_crypto:parseDebugLocalResources UP-TO-DATE
[        ] Caching disabled for task ':flutter_openssl_crypto:parseDebugLocalResources' because:
[        ]   Build cache is disabled
[        ] Skipping task ':flutter_openssl_crypto:parseDebugLocalResources' as it is up-to-date.
[        ] Resolve mutations for :flutter_openssl_crypto:generateDebugRFile (Thread[#45626,Execution worker Thread 5,5,main]) started.
[        ] :flutter_openssl_crypto:generateDebugRFile (Thread[#45626,Execution worker Thread 5,5,main]) started.
[        ] > Task :flutter_openssl_crypto:generateDebugRFile UP-TO-DATE
[        ] Caching disabled for task ':flutter_openssl_crypto:generateDebugRFile' because:
[        ]   Build cache is disabled
[        ] Skipping task ':flutter_openssl_crypto:generateDebugRFile' as it is up-to-date.
[        ] work action resolve package-aware-r.txt (project :flutter_openssl_crypto) (Thread[#45626,Execution worker Thread 5,5,main]) started.
[        ] Resolve mutations for :integration_test:compileDebugLibraryResources (Thread[#45626,Execution worker Thread 5,5,main]) started.
[        ] :integration_test:compileDebugLibraryResources (Thread[#45626,Execution worker Thread 5,5,main]) started.
[        ] > Task :integration_test:compileDebugLibraryResources UP-TO-DATE
[        ] Caching disabled for task ':integration_test:compileDebugLibraryResources' because:
[        ]   Build cache is disabled
[        ] Skipping task ':integration_test:compileDebugLibraryResources' as it is up-to-date.
[        ] work action resolve out (project :integration_test) (Thread[#45626,Execution worker Thread 5,5,main]) started.
[        ] Resolve mutations for :integration_test:parseDebugLocalResources (Thread[#45626,Execution worker Thread 5,5,main]) started.
[        ] :integration_test:parseDebugLocalResources (Thread[#45626,Execution worker Thread 5,5,main]) started.
[        ] > Task :integration_test:parseDebugLocalResources UP-TO-DATE
[        ] Caching disabled for task ':integration_test:parseDebugLocalResources' because:
[        ]   Build cache is disabled
[        ] Skipping task ':integration_test:parseDebugLocalResources' as it is up-to-date.
[        ] Resolve mutations for :integration_test:generateDebugRFile (Thread[#45626,Execution worker Thread 5,5,main]) started.
[        ] :integration_test:generateDebugRFile (Thread[#45626,Execution worker Thread 5,5,main]) started.
[        ] > Task :integration_test:generateDebugRFile UP-TO-DATE
[        ] Caching disabled for task ':integration_test:generateDebugRFile' because:
[        ]   Build cache is disabled
[        ] Skipping task ':integration_test:generateDebugRFile' as it is up-to-date.
[        ] work action resolve package-aware-r.txt (project :integration_test) (Thread[#45626,Execution worker Thread 5,5,main]) started.
[        ] Resolve mutations for :path_provider_android:compileDebugLibraryResources (Thread[#45626,Execution worker Thread 5,5,main]) started.
[        ] :path_provider_android:compileDebugLibraryResources (Thread[#45626,Execution worker Thread 5,5,main]) started.
[        ] > Task :path_provider_android:compileDebugLibraryResources UP-TO-DATE
[        ] Caching disabled for task ':path_provider_android:compileDebugLibraryResources' because:
[        ]   Build cache is disabled
[        ] Skipping task ':path_provider_android:compileDebugLibraryResources' as it is up-to-date.
[        ] work action resolve out (project :path_provider_android) (Thread[#45626,Execution worker Thread 5,5,main]) started.
[        ] Resolve mutations for :path_provider_android:parseDebugLocalResources (Thread[#45626,Execution worker Thread 5,5,main]) started.
[        ] :path_provider_android:parseDebugLocalResources (Thread[#45626,Execution worker Thread 5,5,main]) started.
[        ] > Task :path_provider_android:parseDebugLocalResources UP-TO-DATE
[        ] Caching disabled for task ':path_provider_android:parseDebugLocalResources' because:
[        ]   Build cache is disabled
[        ] Skipping task ':path_provider_android:parseDebugLocalResources' as it is up-to-date.
[        ] Resolve mutations for :path_provider_android:generateDebugRFile (Thread[#45626,Execution worker Thread 5,5,main]) started.
[        ] :path_provider_android:generateDebugRFile (Thread[#45626,Execution worker Thread 5,5,main]) started.
[        ] > Task :path_provider_android:generateDebugRFile UP-TO-DATE
[        ] Caching disabled for task ':path_provider_android:generateDebugRFile' because:
[        ]   Build cache is disabled
[        ] Skipping task ':path_provider_android:generateDebugRFile' as it is up-to-date.
[        ] work action resolve package-aware-r.txt (project :path_provider_android) (Thread[#45626,Execution worker Thread 5,5,main]) started.
[        ] Resolve mutations for :quill_native_bridge_android:compileDebugLibraryResources (Thread[#45626,Execution worker Thread 5,5,main]) started.
[        ] :quill_native_bridge_android:compileDebugLibraryResources (Thread[#45626,Execution worker Thread 5,5,main]) started.
[        ] > Task :quill_native_bridge_android:compileDebugLibraryResources UP-TO-DATE
[        ] Caching disabled for task ':quill_native_bridge_android:compileDebugLibraryResources' because:
[        ]   Build cache is disabled
[        ] Skipping task ':quill_native_bridge_android:compileDebugLibraryResources' as it is up-to-date.
[        ] work action resolve out (project :quill_native_bridge_android) (Thread[#45626,Execution worker Thread 5,5,main]) started.
[        ] Resolve mutations for :quill_native_bridge_android:parseDebugLocalResources (Thread[#45626,Execution worker Thread 5,5,main]) started.
[        ] :quill_native_bridge_android:parseDebugLocalResources (Thread[#45626,Execution worker Thread 5,5,main]) started.
[        ] > Task :quill_native_bridge_android:parseDebugLocalResources UP-TO-DATE
[        ] Caching disabled for task ':quill_native_bridge_android:parseDebugLocalResources' because:
[        ]   Build cache is disabled
[        ] Skipping task ':quill_native_bridge_android:parseDebugLocalResources' as it is up-to-date.
[        ] Resolve mutations for :quill_native_bridge_android:generateDebugRFile (Thread[#45626,Execution worker Thread 5,5,main]) started.
[        ] :quill_native_bridge_android:generateDebugRFile (Thread[#45626,Execution worker Thread 5,5,main]) started.
[        ] > Task :quill_native_bridge_android:generateDebugRFile UP-TO-DATE
[        ] Caching disabled for task ':quill_native_bridge_android:generateDebugRFile' because:
[        ]   Build cache is disabled
[        ] Skipping task ':quill_native_bridge_android:generateDebugRFile' as it is up-to-date.
[        ] work action resolve package-aware-r.txt (project :quill_native_bridge_android) (Thread[#45626,Execution worker Thread 5,5,main]) started.
[        ] Resolve mutations for :shared_preferences_android:compileDebugLibraryResources (Thread[#45626,Execution worker Thread 5,5,main]) started.
[        ] :shared_preferences_android:compileDebugLibraryResources (Thread[#45626,Execution worker Thread 5,5,main]) started.
[        ] > Task :shared_preferences_android:compileDebugLibraryResources UP-TO-DATE
[        ] Caching disabled for task ':shared_preferences_android:compileDebugLibraryResources' because:
[        ]   Build cache is disabled
[        ] Skipping task ':shared_preferences_android:compileDebugLibraryResources' as it is up-to-date.
[        ] work action resolve out (project :shared_preferences_android) (Thread[#45626,Execution worker Thread 5,5,main]) started.
[        ] Resolve mutations for :shared_preferences_android:parseDebugLocalResources (Thread[#45626,Execution worker Thread 5,5,main]) started.
[        ] :shared_preferences_android:parseDebugLocalResources (Thread[#45626,Execution worker Thread 5,5,main]) started.
[        ] > Task :shared_preferences_android:parseDebugLocalResources UP-TO-DATE
[        ] Caching disabled for task ':shared_preferences_android:parseDebugLocalResources' because:
[        ]   Build cache is disabled
[        ] Skipping task ':shared_preferences_android:parseDebugLocalResources' as it is up-to-date.
[        ] Resolve mutations for :shared_preferences_android:generateDebugRFile (Thread[#45626,Execution worker Thread 5,5,main]) started.
[        ] :shared_preferences_android:generateDebugRFile (Thread[#45626,Execution worker Thread 5,5,main]) started.
[        ] > Task :shared_preferences_android:generateDebugRFile UP-TO-DATE
[        ] Caching disabled for task ':shared_preferences_android:generateDebugRFile' because:
[        ]   Build cache is disabled
[        ] Skipping task ':shared_preferences_android:generateDebugRFile' as it is up-to-date.
[        ] work action resolve package-aware-r.txt (project :shared_preferences_android) (Thread[#45626,Execution worker Thread 5,5,main]) started.
[        ] Resolve mutations for :sqflite_android:compileDebugLibraryResources (Thread[#45626,Execution worker Thread 5,5,main]) started.
[        ] :sqflite_android:compileDebugLibraryResources (Thread[#45626,Execution worker Thread 5,5,main]) started.
[        ] > Task :sqflite_android:compileDebugLibraryResources UP-TO-DATE
[        ] Caching disabled for task ':sqflite_android:compileDebugLibraryResources' because:
[        ]   Build cache is disabled
[        ] Skipping task ':sqflite_android:compileDebugLibraryResources' as it is up-to-date.
[        ] work action resolve out (project :sqflite_android) (Thread[#45626,Execution worker Thread 5,5,main]) started.
[        ] Resolve mutations for :sqflite_android:parseDebugLocalResources (Thread[#45626,Execution worker Thread 5,5,main]) started.
[        ] :sqflite_android:parseDebugLocalResources (Thread[#45626,Execution worker Thread 5,5,main]) started.
[        ] > Task :sqflite_android:parseDebugLocalResources UP-TO-DATE
[        ] Caching disabled for task ':sqflite_android:parseDebugLocalResources' because:
[        ]   Build cache is disabled
[        ] Skipping task ':sqflite_android:parseDebugLocalResources' as it is up-to-date.
[        ] Resolve mutations for :sqflite_android:generateDebugRFile (Thread[#45626,Execution worker Thread 5,5,main]) started.
[        ] :sqflite_android:generateDebugRFile (Thread[#45626,Execution worker Thread 5,5,main]) started.
[        ] > Task :sqflite_android:generateDebugRFile UP-TO-DATE
[        ] Caching disabled for task ':sqflite_android:generateDebugRFile' because:
[        ]   Build cache is disabled
[        ] Skipping task ':sqflite_android:generateDebugRFile' as it is up-to-date.
[        ] work action resolve package-aware-r.txt (project :sqflite_android) (Thread[#45626,Execution worker Thread 5,5,main]) started.
[        ] Resolve mutations for :url_launcher_android:compileDebugLibraryResources (Thread[#45626,Execution worker Thread 5,5,main]) started.
[        ] :url_launcher_android:compileDebugLibraryResources (Thread[#45626,Execution worker Thread 5,5,main]) started.
[        ] > Task :url_launcher_android:compileDebugLibraryResources UP-TO-DATE
[        ] Caching disabled for task ':url_launcher_android:compileDebugLibraryResources' because:
[        ]   Build cache is disabled
[        ] Skipping task ':url_launcher_android:compileDebugLibraryResources' as it is up-to-date.
[        ] work action resolve out (project :url_launcher_android) (Thread[#45626,Execution worker Thread 5,5,main]) started.
[        ] Resolve mutations for :url_launcher_android:parseDebugLocalResources (Thread[#45626,Execution worker Thread 5,5,main]) started.
[        ] :url_launcher_android:parseDebugLocalResources (Thread[#45626,Execution worker Thread 5,5,main]) started.
[        ] > Task :url_launcher_android:parseDebugLocalResources UP-TO-DATE
[        ] Caching disabled for task ':url_launcher_android:parseDebugLocalResources' because:
[        ]   Build cache is disabled
[        ] Skipping task ':url_launcher_android:parseDebugLocalResources' as it is up-to-date.
[        ] Resolve mutations for :url_launcher_android:generateDebugRFile (Thread[#45626,Execution worker Thread 5,5,main]) started.
[        ] :url_launcher_android:generateDebugRFile (Thread[#45626,Execution worker Thread 5,5,main]) started.
[        ] > Task :url_launcher_android:generateDebugRFile UP-TO-DATE
[        ] Caching disabled for task ':url_launcher_android:generateDebugRFile' because:
[        ]   Build cache is disabled
[        ] Skipping task ':url_launcher_android:generateDebugRFile' as it is up-to-date.
[        ] work action resolve package-aware-r.txt (project :url_launcher_android) (Thread[#45626,Execution worker Thread 5,5,main]) started.
[        ] Resolve mutations for :video_player_android:compileDebugLibraryResources (Thread[#45626,Execution worker Thread 5,5,main]) started.
[        ] :video_player_android:compileDebugLibraryResources (Thread[#45626,Execution worker Thread 5,5,main]) started.
[        ] > Task :video_player_android:compileDebugLibraryResources UP-TO-DATE
[        ] Caching disabled for task ':video_player_android:compileDebugLibraryResources' because:
[        ]   Build cache is disabled
[        ] Skipping task ':video_player_android:compileDebugLibraryResources' as it is up-to-date.
[        ] work action resolve out (project :video_player_android) (Thread[#45626,Execution worker Thread 5,5,main]) started.
[        ] Resolve mutations for :video_player_android:parseDebugLocalResources (Thread[#45626,Execution worker Thread 5,5,main]) started.
[        ] :video_player_android:parseDebugLocalResources (Thread[#45626,Execution worker Thread 5,5,main]) started.
[        ] > Task :video_player_android:parseDebugLocalResources UP-TO-DATE
[        ] Caching disabled for task ':video_player_android:parseDebugLocalResources' because:
[        ]   Build cache is disabled
[        ] Skipping task ':video_player_android:parseDebugLocalResources' as it is up-to-date.
[        ] Resolve mutations for :video_player_android:generateDebugRFile (Thread[#45626,Execution worker Thread 5,5,main]) started.
[        ] :video_player_android:generateDebugRFile (Thread[#45626,Execution worker Thread 5,5,main]) started.
[        ] > Task :video_player_android:generateDebugRFile UP-TO-DATE
[        ] Caching disabled for task ':video_player_android:generateDebugRFile' because:
[        ]   Build cache is disabled
[        ] Skipping task ':video_player_android:generateDebugRFile' as it is up-to-date.
[        ] work action resolve package-aware-r.txt (project :video_player_android) (Thread[#45626,Execution worker Thread 5,5,main]) started.
[        ] Resolve mutations for :app:processDebugResources (Thread[#45626,Execution worker Thread 5,5,main]) started.
[        ] :app:processDebugResources (Thread[#45626,Execution worker Thread 5,5,main]) started.
[        ] > Task :app:processDebugResources UP-TO-DATE
[        ] Caching disabled for task ':app:processDebugResources' because:
[        ]   Build cache is disabled
[        ] Skipping task ':app:processDebugResources' as it is up-to-date.
[        ] Resolve mutations for :connectivity_plus:javaPreCompileDebug (Thread[#45626,Execution worker Thread 5,5,main]) started.
[        ] :connectivity_plus:javaPreCompileDebug (Thread[#45626,Execution worker Thread 5,5,main]) started.
[        ] > Task :connectivity_plus:javaPreCompileDebug UP-TO-DATE
[        ] Caching disabled for task ':connectivity_plus:javaPreCompileDebug' because:
[        ]   Build cache is disabled
[        ] Skipping task ':connectivity_plus:javaPreCompileDebug' as it is up-to-date.
[        ] Resolve mutations for :connectivity_plus:compileDebugJavaWithJavac (Thread[#45626,Execution worker Thread 5,5,main]) started.
[        ] :connectivity_plus:compileDebugJavaWithJavac (Thread[#45626,Execution worker Thread 5,5,main]) started.
[        ] > Task :connectivity_plus:compileDebugJavaWithJavac UP-TO-DATE
[        ] Custom actions are attached to task ':connectivity_plus:compileDebugJavaWithJavac'.
[        ] Caching disabled for task ':connectivity_plus:compileDebugJavaWithJavac' because:
[        ]   Build cache is disabled
[        ] Skipping task ':connectivity_plus:compileDebugJavaWithJavac' as it is up-to-date.
[        ] No compile result for :connectivity_plus:compileDebugJavaWithJavac
[        ] No compile result for :connectivity_plus:compileDebugJavaWithJavac
[        ] Resolve mutations for :connectivity_plus:bundleLibCompileToJarDebug (Thread[#45626,Execution worker Thread 5,5,main]) started.
[        ] :connectivity_plus:bundleLibCompileToJarDebug (Thread[#45626,Execution worker Thread 5,5,main]) started.
[        ] > Task :connectivity_plus:bundleLibCompileToJarDebug UP-TO-DATE
[        ] Caching disabled for task ':connectivity_plus:bundleLibCompileToJarDebug' because:
[        ]   Build cache is disabled
[        ]   Simple merging task
[        ] Skipping task ':connectivity_plus:bundleLibCompileToJarDebug' as it is up-to-date.
[        ] work action resolve classes.jar (project :connectivity_plus) (Thread[#45626,Execution worker Thread 5,5,main]) started.
[        ] Resolve mutations for :emoji_picker_flutter:checkKotlinGradlePluginConfigurationErrors (Thread[#45626,Execution worker Thread 5,5,main]) started.
[        ] :emoji_picker_flutter:checkKotlinGradlePluginConfigurationErrors (Thread[#45626,Execution worker Thread 5,5,main]) started.
[        ] > Task :emoji_picker_flutter:checkKotlinGradlePluginConfigurationErrors SKIPPED
[        ] Skipping task ':emoji_picker_flutter:checkKotlinGradlePluginConfigurationErrors' as task onlyIf 'errorDiagnostics are present' is false.
[        ] Resolve mutations for :emoji_picker_flutter:compileDebugKotlin (Thread[#45626,Execution worker Thread 5,5,main]) started.
[        ] :emoji_picker_flutter:compileDebugKotlin (Thread[#45626,Execution worker Thread 5,5,main]) started.
[  +88 ms] > Task :emoji_picker_flutter:compileDebugKotlin UP-TO-DATE
[        ] Adding -Xuse-inline-scopes-numbers Kotlin compiler flag for task :emoji_picker_flutter:compileDebugAndroidTestKotlin
[        ] Caching disabled for task ':emoji_picker_flutter:compileDebugKotlin' because:
[        ]   Build cache is disabled
[        ] Skipping task ':emoji_picker_flutter:compileDebugKotlin' as it is up-to-date.
[        ] Resolve mutations for :emoji_picker_flutter:javaPreCompileDebug (Thread[#45626,Execution worker Thread 5,5,main]) started.
[        ] :emoji_picker_flutter:javaPreCompileDebug (Thread[#45626,Execution worker Thread 5,5,main]) started.
[        ] > Task :emoji_picker_flutter:javaPreCompileDebug UP-TO-DATE
[        ] Caching disabled for task ':emoji_picker_flutter:javaPreCompileDebug' because:
[        ]   Build cache is disabled
[        ] Skipping task ':emoji_picker_flutter:javaPreCompileDebug' as it is up-to-date.
[        ] Resolve mutations for :emoji_picker_flutter:compileDebugJavaWithJavac (Thread[#45626,Execution worker Thread 5,5,main]) started.
[        ] :emoji_picker_flutter:compileDebugJavaWithJavac (Thread[#45626,Execution worker Thread 5,5,main]) started.
[        ] > Task :emoji_picker_flutter:compileDebugJavaWithJavac NO-SOURCE
[        ] Skipping task ':emoji_picker_flutter:compileDebugJavaWithJavac' as it has no source files and no previous output files.
[        ] Resolve mutations for :emoji_picker_flutter:bundleLibCompileToJarDebug (Thread[#45626,Execution worker Thread 5,5,main]) started.
[        ] :emoji_picker_flutter:bundleLibCompileToJarDebug (Thread[#45626,Execution worker Thread 5,5,main]) started.
[        ] > Task :emoji_picker_flutter:bundleLibCompileToJarDebug UP-TO-DATE
[        ] Caching disabled for task ':emoji_picker_flutter:bundleLibCompileToJarDebug' because:
[        ]   Build cache is disabled
[        ]   Simple merging task
[        ] Skipping task ':emoji_picker_flutter:bundleLibCompileToJarDebug' as it is up-to-date.
[        ] work action resolve classes.jar (project :emoji_picker_flutter) (Thread[#45626,Execution worker Thread 5,5,main]) started.
[        ] Resolve mutations for :file_selector_android:javaPreCompileDebug (Thread[#45626,Execution worker Thread 5,5,main]) started.
[        ] :file_selector_android:javaPreCompileDebug (Thread[#45626,Execution worker Thread 5,5,main]) started.
[        ] > Task :file_selector_android:javaPreCompileDebug UP-TO-DATE
[        ] Caching disabled for task ':file_selector_android:javaPreCompileDebug' because:
[        ]   Build cache is disabled
[        ] Skipping task ':file_selector_android:javaPreCompileDebug' as it is up-to-date.
[        ] Resolve mutations for :file_selector_android:compileDebugJavaWithJavac (Thread[#45626,Execution worker Thread 5,5,main]) started.
[        ] :file_selector_android:compileDebugJavaWithJavac (Thread[#45626,Execution worker Thread 5,5,main]) started.
[        ] > Task :file_selector_android:compileDebugJavaWithJavac UP-TO-DATE
[        ] Custom actions are attached to task ':file_selector_android:compileDebugJavaWithJavac'.
[        ] Caching disabled for task ':file_selector_android:compileDebugJavaWithJavac' because:
[        ]   Build cache is disabled
[        ] Skipping task ':file_selector_android:compileDebugJavaWithJavac' as it is up-to-date.
[        ] No compile result for :file_selector_android:compileDebugJavaWithJavac
[        ] No compile result for :file_selector_android:compileDebugJavaWithJavac
[        ] Resolve mutations for :file_selector_android:bundleLibCompileToJarDebug (Thread[#45626,Execution worker Thread 5,5,main]) started.
[        ] :file_selector_android:bundleLibCompileToJarDebug (Thread[#45626,Execution worker Thread 5,5,main]) started.
[        ] > Task :file_selector_android:bundleLibCompileToJarDebug UP-TO-DATE
[        ] Caching disabled for task ':file_selector_android:bundleLibCompileToJarDebug' because:
[        ]   Build cache is disabled
[        ]   Simple merging task
[        ] Skipping task ':file_selector_android:bundleLibCompileToJarDebug' as it is up-to-date.
[        ] work action resolve classes.jar (project :file_selector_android) (Thread[#45626,Execution worker Thread 5,5,main]) started.
[        ] Resolve mutations for :flutter_keyboard_visibility_temp_fork:javaPreCompileDebug (Thread[#45626,Execution worker Thread 5,5,main]) started.
[        ] :flutter_keyboard_visibility_temp_fork:javaPreCompileDebug (Thread[#45626,Execution worker Thread 5,5,main]) started.
[        ] > Task :flutter_keyboard_visibility_temp_fork:javaPreCompileDebug UP-TO-DATE
[        ] Caching disabled for task ':flutter_keyboard_visibility_temp_fork:javaPreCompileDebug' because:
[        ]   Build cache is disabled
[        ] Skipping task ':flutter_keyboard_visibility_temp_fork:javaPreCompileDebug' as it is up-to-date.
[        ] Resolve mutations for :flutter_keyboard_visibility_temp_fork:compileDebugJavaWithJavac (Thread[#45626,Execution worker Thread 5,5,main]) started.
[        ] :flutter_keyboard_visibility_temp_fork:compileDebugJavaWithJavac (Thread[#45626,Execution worker Thread 5,5,main]) started.
[        ] > Task :flutter_keyboard_visibility_temp_fork:compileDebugJavaWithJavac UP-TO-DATE
[        ] Custom actions are attached to task ':flutter_keyboard_visibility_temp_fork:compileDebugJavaWithJavac'.
[        ] Caching disabled for task ':flutter_keyboard_visibility_temp_fork:compileDebugJavaWithJavac' because:
[        ]   Build cache is disabled
[        ] Skipping task ':flutter_keyboard_visibility_temp_fork:compileDebugJavaWithJavac' as it is up-to-date.
[        ] No compile result for :flutter_keyboard_visibility_temp_fork:compileDebugJavaWithJavac
[        ] No compile result for :flutter_keyboard_visibility_temp_fork:compileDebugJavaWithJavac
[        ] Resolve mutations for :flutter_keyboard_visibility_temp_fork:bundleLibCompileToJarDebug (Thread[#45626,Execution worker Thread 5,5,main]) started.
[        ] :flutter_keyboard_visibility_temp_fork:bundleLibCompileToJarDebug (Thread[#45626,Execution worker Thread 5,5,main]) started.
[        ] > Task :flutter_keyboard_visibility_temp_fork:bundleLibCompileToJarDebug UP-TO-DATE
[        ] Caching disabled for task ':flutter_keyboard_visibility_temp_fork:bundleLibCompileToJarDebug' because:
[        ]   Build cache is disabled
[        ]   Simple merging task
[        ] Skipping task ':flutter_keyboard_visibility_temp_fork:bundleLibCompileToJarDebug' as it is up-to-date.
[        ] work action resolve classes.jar (project :flutter_keyboard_visibility_temp_fork) (Thread[#45626,Execution worker Thread 5,5,main]) started.
[        ] Resolve mutations for :flutter_native_splash:javaPreCompileDebug (Thread[#45626,Execution worker Thread 5,5,main]) started.
[        ] :flutter_native_splash:javaPreCompileDebug (Thread[#45626,Execution worker Thread 5,5,main]) started.
[        ] > Task :flutter_native_splash:javaPreCompileDebug UP-TO-DATE
[        ] Caching disabled for task ':flutter_native_splash:javaPreCompileDebug' because:
[        ]   Build cache is disabled
[        ] Skipping task ':flutter_native_splash:javaPreCompileDebug' as it is up-to-date.
[        ] Resolve mutations for :flutter_native_splash:compileDebugJavaWithJavac (Thread[#45626,Execution worker Thread 5,5,main]) started.
[        ] :flutter_native_splash:compileDebugJavaWithJavac (Thread[#45626,Execution worker Thread 5,5,main]) started.
[        ] > Task :flutter_native_splash:compileDebugJavaWithJavac UP-TO-DATE
[        ] Custom actions are attached to task ':flutter_native_splash:compileDebugJavaWithJavac'.
[        ] Caching disabled for task ':flutter_native_splash:compileDebugJavaWithJavac' because:
[        ]   Build cache is disabled
[        ] Skipping task ':flutter_native_splash:compileDebugJavaWithJavac' as it is up-to-date.
[        ] No compile result for :flutter_native_splash:compileDebugJavaWithJavac
[        ] No compile result for :flutter_native_splash:compileDebugJavaWithJavac
[        ] Resolve mutations for :flutter_native_splash:bundleLibCompileToJarDebug (Thread[#45626,Execution worker Thread 5,5,main]) started.
[        ] :flutter_native_splash:bundleLibCompileToJarDebug (Thread[#45626,Execution worker Thread 5,5,main]) started.
[        ] > Task :flutter_native_splash:bundleLibCompileToJarDebug UP-TO-DATE
[        ] Caching disabled for task ':flutter_native_splash:bundleLibCompileToJarDebug' because:
[        ]   Build cache is disabled
[        ]   Simple merging task
[        ] Skipping task ':flutter_native_splash:bundleLibCompileToJarDebug' as it is up-to-date.
[        ] work action resolve classes.jar (project :flutter_native_splash) (Thread[#45626,Execution worker Thread 5,5,main]) started.
[        ] Resolve mutations for :flutter_olm:checkKotlinGradlePluginConfigurationErrors (Thread[#45626,Execution worker Thread 5,5,main]) started.
[        ] :flutter_olm:checkKotlinGradlePluginConfigurationErrors (Thread[#45626,Execution worker Thread 5,5,main]) started.
[        ] > Task :flutter_olm:checkKotlinGradlePluginConfigurationErrors SKIPPED
[        ] Skipping task ':flutter_olm:checkKotlinGradlePluginConfigurationErrors' as task onlyIf 'errorDiagnostics are present' is false.
[        ] Resolve mutations for :flutter_olm:compileDebugKotlin (Thread[#45626,Execution worker Thread 5,5,main]) started.
[        ] :flutter_olm:compileDebugKotlin (Thread[#45626,Execution worker Thread 5,5,main]) started.
[        ] > Task :flutter_olm:compileDebugKotlin UP-TO-DATE
[        ] Adding -Xuse-inline-scopes-numbers Kotlin compiler flag for task :flutter_olm:compileDebugAndroidTestKotlin
[        ] Caching disabled for task ':flutter_olm:compileDebugKotlin' because:
[        ]   Build cache is disabled
[        ] Skipping task ':flutter_olm:compileDebugKotlin' as it is up-to-date.
[        ] Resolve mutations for :flutter_olm:javaPreCompileDebug (Thread[#45626,Execution worker Thread 5,5,main]) started.
[        ] :flutter_olm:javaPreCompileDebug (Thread[#45626,Execution worker Thread 5,5,main]) started.
[        ] > Task :flutter_olm:javaPreCompileDebug UP-TO-DATE
[        ] Caching disabled for task ':flutter_olm:javaPreCompileDebug' because:
[        ]   Build cache is disabled
[        ] Skipping task ':flutter_olm:javaPreCompileDebug' as it is up-to-date.
[        ] Resolve mutations for :flutter_olm:compileDebugJavaWithJavac (Thread[#45626,Execution worker Thread 5,5,main]) started.
[        ] :flutter_olm:compileDebugJavaWithJavac (Thread[#45626,Execution worker Thread 5,5,main]) started.
[        ] > Task :flutter_olm:compileDebugJavaWithJavac NO-SOURCE
[        ] Skipping task ':flutter_olm:compileDebugJavaWithJavac' as it has no source files and no previous output files.
[        ] Resolve mutations for :flutter_olm:bundleLibCompileToJarDebug (Thread[#45626,Execution worker Thread 5,5,main]) started.
[        ] :flutter_olm:bundleLibCompileToJarDebug (Thread[#45626,Execution worker Thread 5,5,main]) started.
[        ] > Task :flutter_olm:bundleLibCompileToJarDebug UP-TO-DATE
[        ] Caching disabled for task ':flutter_olm:bundleLibCompileToJarDebug' because:
[        ]   Build cache is disabled
[        ]   Simple merging task
[        ] Skipping task ':flutter_olm:bundleLibCompileToJarDebug' as it is up-to-date.
[        ] work action resolve classes.jar (project :flutter_olm) (Thread[#45626,Execution worker Thread 5,5,main]) started.
[        ] Resolve mutations for :flutter_openssl_crypto:checkKotlinGradlePluginConfigurationErrors (Thread[#45626,Execution worker Thread 5,5,main]) started.
[        ] :flutter_openssl_crypto:checkKotlinGradlePluginConfigurationErrors (Thread[#45626,Execution worker Thread 5,5,main]) started.
[        ] > Task :flutter_openssl_crypto:checkKotlinGradlePluginConfigurationErrors SKIPPED
[        ] Skipping task ':flutter_openssl_crypto:checkKotlinGradlePluginConfigurationErrors' as task onlyIf 'errorDiagnostics are present' is false.
[        ] Resolve mutations for :flutter_openssl_crypto:compileDebugKotlin (Thread[#45626,Execution worker Thread 5,5,main]) started.
[        ] :flutter_openssl_crypto:compileDebugKotlin (Thread[#45626,Execution worker Thread 5,5,main]) started.
[        ] > Task :flutter_openssl_crypto:compileDebugKotlin UP-TO-DATE
[        ] Adding -Xuse-inline-scopes-numbers Kotlin compiler flag for task :flutter_openssl_crypto:compileDebugAndroidTestKotlin
[        ] Caching disabled for task ':flutter_openssl_crypto:compileDebugKotlin' because:
[        ]   Build cache is disabled
[        ] Skipping task ':flutter_openssl_crypto:compileDebugKotlin' as it is up-to-date.
[        ] Resolve mutations for :flutter_openssl_crypto:javaPreCompileDebug (Thread[#45626,Execution worker Thread 5,5,main]) started.
[        ] :flutter_openssl_crypto:javaPreCompileDebug (Thread[#45626,Execution worker Thread 5,5,main]) started.
[        ] > Task :flutter_openssl_crypto:javaPreCompileDebug UP-TO-DATE
[        ] Caching disabled for task ':flutter_openssl_crypto:javaPreCompileDebug' because:
[        ]   Build cache is disabled
[        ] Skipping task ':flutter_openssl_crypto:javaPreCompileDebug' as it is up-to-date.
[        ] Resolve mutations for :flutter_openssl_crypto:compileDebugJavaWithJavac (Thread[#45626,Execution worker Thread 5,5,main]) started.
[        ] :flutter_openssl_crypto:compileDebugJavaWithJavac (Thread[#45626,Execution worker Thread 5,5,main]) started.
[        ] > Task :flutter_openssl_crypto:compileDebugJavaWithJavac NO-SOURCE
[        ] Skipping task ':flutter_openssl_crypto:compileDebugJavaWithJavac' as it has no source files and no previous output files.
[        ] Resolve mutations for :flutter_openssl_crypto:bundleLibCompileToJarDebug (Thread[#45626,Execution worker Thread 5,5,main]) started.
[        ] :flutter_openssl_crypto:bundleLibCompileToJarDebug (Thread[#45626,Execution worker Thread 5,5,main]) started.
[        ] > Task :flutter_openssl_crypto:bundleLibCompileToJarDebug UP-TO-DATE
[        ] Caching disabled for task ':flutter_openssl_crypto:bundleLibCompileToJarDebug' because:
[        ]   Build cache is disabled
[        ]   Simple merging task
[        ] Skipping task ':flutter_openssl_crypto:bundleLibCompileToJarDebug' as it is up-to-date.
[        ] work action resolve classes.jar (project :flutter_openssl_crypto) (Thread[#45626,Execution worker Thread 5,5,main]) started.
[        ] Resolve mutations for :integration_test:javaPreCompileDebug (Thread[#45626,Execution worker Thread 5,5,main]) started.
[        ] :integration_test:javaPreCompileDebug (Thread[#45626,Execution worker Thread 5,5,main]) started.
[        ] > Task :integration_test:javaPreCompileDebug UP-TO-DATE
[        ] Caching disabled for task ':integration_test:javaPreCompileDebug' because:
[        ]   Build cache is disabled
[        ] Skipping task ':integration_test:javaPreCompileDebug' as it is up-to-date.
[        ] Resolve mutations for :integration_test:compileDebugJavaWithJavac (Thread[#45626,Execution worker Thread 5,5,main]) started.
[        ] :integration_test:compileDebugJavaWithJavac (Thread[#45626,Execution worker Thread 5,5,main]) started.
[        ] > Task :integration_test:compileDebugJavaWithJavac UP-TO-DATE
[        ] Custom actions are attached to task ':integration_test:compileDebugJavaWithJavac'.
[        ] Caching disabled for task ':integration_test:compileDebugJavaWithJavac' because:
[        ]   Build cache is disabled
[        ] Skipping task ':integration_test:compileDebugJavaWithJavac' as it is up-to-date.
[        ] No compile result for :integration_test:compileDebugJavaWithJavac
[        ] No compile result for :integration_test:compileDebugJavaWithJavac
[        ] Resolve mutations for :integration_test:bundleLibCompileToJarDebug (Thread[#45626,Execution worker Thread 5,5,main]) started.
[        ] :integration_test:bundleLibCompileToJarDebug (Thread[#45626,Execution worker Thread 5,5,main]) started.
[        ] > Task :integration_test:bundleLibCompileToJarDebug UP-TO-DATE
[        ] Caching disabled for task ':integration_test:bundleLibCompileToJarDebug' because:
[        ]   Build cache is disabled
[        ]   Simple merging task
[        ] Skipping task ':integration_test:bundleLibCompileToJarDebug' as it is up-to-date.
[        ] work action resolve classes.jar (project :integration_test) (Thread[#45626,Execution worker Thread 5,5,main]) started.
[        ] Resolve mutations for :path_provider_android:javaPreCompileDebug (Thread[#45626,Execution worker Thread 5,5,main]) started.
[        ] :path_provider_android:javaPreCompileDebug (Thread[#45626,Execution worker Thread 5,5,main]) started.
[        ] > Task :path_provider_android:javaPreCompileDebug UP-TO-DATE
[        ] Caching disabled for task ':path_provider_android:javaPreCompileDebug' because:
[        ]   Build cache is disabled
[        ] Skipping task ':path_provider_android:javaPreCompileDebug' as it is up-to-date.
[        ] Resolve mutations for :path_provider_android:compileDebugJavaWithJavac (Thread[#45626,Execution worker Thread 5,5,main]) started.
[        ] :path_provider_android:compileDebugJavaWithJavac (Thread[#45626,Execution worker Thread 5,5,main]) started.
[        ] > Task :path_provider_android:compileDebugJavaWithJavac UP-TO-DATE
[        ] Custom actions are attached to task ':path_provider_android:compileDebugJavaWithJavac'.
[        ] Caching disabled for task ':path_provider_android:compileDebugJavaWithJavac' because:
[        ]   Build cache is disabled
[        ] Skipping task ':path_provider_android:compileDebugJavaWithJavac' as it is up-to-date.
[        ] No compile result for :path_provider_android:compileDebugJavaWithJavac
[        ] No compile result for :path_provider_android:compileDebugJavaWithJavac
[        ] Resolve mutations for :path_provider_android:bundleLibCompileToJarDebug (Thread[#45626,Execution worker Thread 5,5,main]) started.
[        ] :path_provider_android:bundleLibCompileToJarDebug (Thread[#45626,Execution worker Thread 5,5,main]) started.
[        ] > Task :path_provider_android:bundleLibCompileToJarDebug UP-TO-DATE
[        ] Caching disabled for task ':path_provider_android:bundleLibCompileToJarDebug' because:
[        ]   Build cache is disabled
[        ]   Simple merging task
[        ] Skipping task ':path_provider_android:bundleLibCompileToJarDebug' as it is up-to-date.
[        ] work action resolve classes.jar (project :path_provider_android) (Thread[#45626,Execution worker Thread 5,5,main]) started.
[        ] Resolve mutations for :quill_native_bridge_android:checkKotlinGradlePluginConfigurationErrors (Thread[#45626,Execution worker Thread 5,5,main]) started.
[        ] :quill_native_bridge_android:checkKotlinGradlePluginConfigurationErrors (Thread[#45626,Execution worker Thread 5,5,main]) started.
[        ] > Task :quill_native_bridge_android:checkKotlinGradlePluginConfigurationErrors SKIPPED
[        ] Skipping task ':quill_native_bridge_android:checkKotlinGradlePluginConfigurationErrors' as task onlyIf 'errorDiagnostics are present' is false.
[        ] Resolve mutations for :quill_native_bridge_android:compileDebugKotlin (Thread[#45626,Execution worker Thread 5,5,main]) started.
[        ] :quill_native_bridge_android:compileDebugKotlin (Thread[#45626,Execution worker Thread 5,5,main]) started.
[        ] > Task :quill_native_bridge_android:compileDebugKotlin UP-TO-DATE
[        ] Adding -Xuse-inline-scopes-numbers Kotlin compiler flag for task :quill_native_bridge_android:compileDebugAndroidTestKotlin
[        ] Caching disabled for task ':quill_native_bridge_android:compileDebugKotlin' because:
[        ]   Build cache is disabled
[        ] Skipping task ':quill_native_bridge_android:compileDebugKotlin' as it is up-to-date.
[        ] Resolve mutations for :quill_native_bridge_android:javaPreCompileDebug (Thread[#45626,Execution worker Thread 5,5,main]) started.
[        ] :quill_native_bridge_android:javaPreCompileDebug (Thread[#45626,Execution worker Thread 5,5,main]) started.
[        ] > Task :quill_native_bridge_android:javaPreCompileDebug UP-TO-DATE
[        ] Caching disabled for task ':quill_native_bridge_android:javaPreCompileDebug' because:
[        ]   Build cache is disabled
[        ] Skipping task ':quill_native_bridge_android:javaPreCompileDebug' as it is up-to-date.
[        ] Resolve mutations for :quill_native_bridge_android:compileDebugJavaWithJavac (Thread[#45626,Execution worker Thread 5,5,main]) started.
[        ] :quill_native_bridge_android:compileDebugJavaWithJavac (Thread[#45626,Execution worker Thread 5,5,main]) started.
[        ] > Task :quill_native_bridge_android:compileDebugJavaWithJavac NO-SOURCE
[        ] Skipping task ':quill_native_bridge_android:compileDebugJavaWithJavac' as it has no source files and no previous output files.
[        ] Resolve mutations for :quill_native_bridge_android:bundleLibCompileToJarDebug (Thread[#45626,Execution worker Thread 5,5,main]) started.
[        ] :quill_native_bridge_android:bundleLibCompileToJarDebug (Thread[#45626,Execution worker Thread 5,5,main]) started.
[        ] > Task :quill_native_bridge_android:bundleLibCompileToJarDebug UP-TO-DATE
[        ] Caching disabled for task ':quill_native_bridge_android:bundleLibCompileToJarDebug' because:
[        ]   Build cache is disabled
[        ]   Simple merging task
[        ] Skipping task ':quill_native_bridge_android:bundleLibCompileToJarDebug' as it is up-to-date.
[        ] work action resolve classes.jar (project :quill_native_bridge_android) (Thread[#45626,Execution worker Thread 5,5,main]) started.
[        ] Resolve mutations for :shared_preferences_android:checkKotlinGradlePluginConfigurationErrors (Thread[#45626,Execution worker Thread 5,5,main]) started.
[        ] :shared_preferences_android:checkKotlinGradlePluginConfigurationErrors (Thread[#45626,Execution worker Thread 5,5,main]) started.
[        ] > Task :shared_preferences_android:checkKotlinGradlePluginConfigurationErrors SKIPPED
[        ] Skipping task ':shared_preferences_android:checkKotlinGradlePluginConfigurationErrors' as task onlyIf 'errorDiagnostics are present' is false.
[        ] Resolve mutations for :shared_preferences_android:compileDebugKotlin (Thread[#45626,Execution worker Thread 5,5,main]) started.
[        ] :shared_preferences_android:compileDebugKotlin (Thread[#45626,Execution worker Thread 5,5,main]) started.
[        ] > Task :shared_preferences_android:compileDebugKotlin UP-TO-DATE
[        ] Adding -Xuse-inline-scopes-numbers Kotlin compiler flag for task :shared_preferences_android:compileDebugAndroidTestKotlin
[        ] Caching disabled for task ':shared_preferences_android:compileDebugKotlin' because:
[        ]   Build cache is disabled
[        ] Skipping task ':shared_preferences_android:compileDebugKotlin' as it is up-to-date.
[        ] Resolve mutations for :shared_preferences_android:javaPreCompileDebug (Thread[#45626,Execution worker Thread 5,5,main]) started.
[        ] :shared_preferences_android:javaPreCompileDebug (Thread[#45626,Execution worker Thread 5,5,main]) started.
[        ] > Task :shared_preferences_android:javaPreCompileDebug UP-TO-DATE
[        ] Caching disabled for task ':shared_preferences_android:javaPreCompileDebug' because:
[        ]   Build cache is disabled
[        ] Skipping task ':shared_preferences_android:javaPreCompileDebug' as it is up-to-date.
[        ] Resolve mutations for :shared_preferences_android:compileDebugJavaWithJavac (Thread[#45626,Execution worker Thread 5,5,main]) started.
[        ] :shared_preferences_android:compileDebugJavaWithJavac (Thread[#45626,Execution worker Thread 5,5,main]) started.
[        ] > Task :shared_preferences_android:compileDebugJavaWithJavac UP-TO-DATE
[        ] Custom actions are attached to task ':shared_preferences_android:compileDebugJavaWithJavac'.
[        ] Caching disabled for task ':shared_preferences_android:compileDebugJavaWithJavac' because:
[        ]   Build cache is disabled
[        ] Skipping task ':shared_preferences_android:compileDebugJavaWithJavac' as it is up-to-date.
[        ] No compile result for :shared_preferences_android:compileDebugJavaWithJavac
[        ] No compile result for :shared_preferences_android:compileDebugJavaWithJavac
[        ] Resolve mutations for :shared_preferences_android:bundleLibCompileToJarDebug (Thread[#45626,Execution worker Thread 5,5,main]) started.
[        ] :shared_preferences_android:bundleLibCompileToJarDebug (Thread[#45626,Execution worker Thread 5,5,main]) started.
[        ] > Task :shared_preferences_android:bundleLibCompileToJarDebug UP-TO-DATE
[        ] Caching disabled for task ':shared_preferences_android:bundleLibCompileToJarDebug' because:
[        ]   Build cache is disabled
[        ]   Simple merging task
[        ] Skipping task ':shared_preferences_android:bundleLibCompileToJarDebug' as it is up-to-date.
[        ] work action resolve classes.jar (project :shared_preferences_android) (Thread[#45626,Execution worker Thread 5,5,main]) started.
[        ] Resolve mutations for :sqflite_android:javaPreCompileDebug (Thread[#45626,Execution worker Thread 5,5,main]) started.
[        ] :sqflite_android:javaPreCompileDebug (Thread[#45626,Execution worker Thread 5,5,main]) started.
[        ] > Task :sqflite_android:javaPreCompileDebug UP-TO-DATE
[        ] Caching disabled for task ':sqflite_android:javaPreCompileDebug' because:
[        ]   Build cache is disabled
[        ] Skipping task ':sqflite_android:javaPreCompileDebug' as it is up-to-date.
[        ] Resolve mutations for :sqflite_android:compileDebugJavaWithJavac (Thread[#45626,Execution worker Thread 5,5,main]) started.
[        ] :sqflite_android:compileDebugJavaWithJavac (Thread[#45626,Execution worker Thread 5,5,main]) started.
[        ] > Task :sqflite_android:compileDebugJavaWithJavac UP-TO-DATE
[        ] Custom actions are attached to task ':sqflite_android:compileDebugJavaWithJavac'.
[        ] Caching disabled for task ':sqflite_android:compileDebugJavaWithJavac' because:
[        ]   Build cache is disabled
[        ] Skipping task ':sqflite_android:compileDebugJavaWithJavac' as it is up-to-date.
[        ] No compile result for :sqflite_android:compileDebugJavaWithJavac
[        ] No compile result for :sqflite_android:compileDebugJavaWithJavac
[        ] Resolve mutations for :sqflite_android:bundleLibCompileToJarDebug (Thread[#45626,Execution worker Thread 5,5,main]) started.
[        ] :sqflite_android:bundleLibCompileToJarDebug (Thread[#45626,Execution worker Thread 5,5,main]) started.
[        ] > Task :sqflite_android:bundleLibCompileToJarDebug UP-TO-DATE
[        ] Caching disabled for task ':sqflite_android:bundleLibCompileToJarDebug' because:
[        ]   Build cache is disabled
[        ]   Simple merging task
[        ] Skipping task ':sqflite_android:bundleLibCompileToJarDebug' as it is up-to-date.
[        ] work action resolve classes.jar (project :sqflite_android) (Thread[#45626,Execution worker Thread 5,5,main]) started.
[        ] Resolve mutations for :url_launcher_android:generateDebugBuildConfig (Thread[#45626,Execution worker Thread 5,5,main]) started.
[        ] :url_launcher_android:generateDebugBuildConfig (Thread[#45626,Execution worker Thread 5,5,main]) started.
[        ] > Task :url_launcher_android:generateDebugBuildConfig UP-TO-DATE
[        ] Caching disabled for task ':url_launcher_android:generateDebugBuildConfig' because:
[        ]   Build cache is disabled
[        ] Skipping task ':url_launcher_android:generateDebugBuildConfig' as it is up-to-date.
[        ] Resolve mutations for :url_launcher_android:javaPreCompileDebug (Thread[#45626,Execution worker Thread 5,5,main]) started.
[        ] :url_launcher_android:javaPreCompileDebug (Thread[#45626,Execution worker Thread 5,5,main]) started.
[        ] > Task :url_launcher_android:javaPreCompileDebug UP-TO-DATE
[        ] Caching disabled for task ':url_launcher_android:javaPreCompileDebug' because:
[        ]   Build cache is disabled
[        ] Skipping task ':url_launcher_android:javaPreCompileDebug' as it is up-to-date.
[        ] Resolve mutations for :url_launcher_android:compileDebugJavaWithJavac (Thread[#45626,Execution worker Thread 5,5,main]) started.
[        ] :url_launcher_android:compileDebugJavaWithJavac (Thread[#45626,Execution worker Thread 5,5,main]) started.
[        ] > Task :url_launcher_android:compileDebugJavaWithJavac UP-TO-DATE
[        ] Custom actions are attached to task ':url_launcher_android:compileDebugJavaWithJavac'.
[        ] Caching disabled for task ':url_launcher_android:compileDebugJavaWithJavac' because:
[        ]   Build cache is disabled
[        ] Skipping task ':url_launcher_android:compileDebugJavaWithJavac' as it is up-to-date.
[        ] No compile result for :url_launcher_android:compileDebugJavaWithJavac
[        ] No compile result for :url_launcher_android:compileDebugJavaWithJavac
[        ] Resolve mutations for :url_launcher_android:bundleLibCompileToJarDebug (Thread[#45626,Execution worker Thread 5,5,main]) started.
[        ] :url_launcher_android:bundleLibCompileToJarDebug (Thread[#45626,Execution worker Thread 5,5,main]) started.
[        ] > Task :url_launcher_android:bundleLibCompileToJarDebug UP-TO-DATE
[        ] Caching disabled for task ':url_launcher_android:bundleLibCompileToJarDebug' because:
[        ]   Build cache is disabled
[        ]   Simple merging task
[        ] Skipping task ':url_launcher_android:bundleLibCompileToJarDebug' as it is up-to-date.
[        ] work action resolve classes.jar (project :url_launcher_android) (Thread[#45626,Execution worker Thread 5,5,main]) started.
[        ] Resolve mutations for :video_player_android:checkKotlinGradlePluginConfigurationErrors (Thread[#45626,Execution worker Thread 5,5,main]) started.
[        ] :video_player_android:checkKotlinGradlePluginConfigurationErrors (Thread[#45626,Execution worker Thread 5,5,main]) started.
[        ] > Task :video_player_android:checkKotlinGradlePluginConfigurationErrors SKIPPED
[        ] Skipping task ':video_player_android:checkKotlinGradlePluginConfigurationErrors' as task onlyIf 'errorDiagnostics are present' is false.
[        ] Resolve mutations for :video_player_android:compileDebugKotlin (Thread[#45626,Execution worker Thread 5,5,main]) started.
[        ] :video_player_android:compileDebugKotlin (Thread[#45626,Execution worker Thread 5,5,main]) started.
[        ] > Task :video_player_android:compileDebugKotlin UP-TO-DATE
[        ] Adding -Xuse-inline-scopes-numbers Kotlin compiler flag for task :video_player_android:compileDebugAndroidTestKotlin
[        ] Caching disabled for task ':video_player_android:compileDebugKotlin' because:
[        ]   Build cache is disabled
[        ] Skipping task ':video_player_android:compileDebugKotlin' as it is up-to-date.
[        ] Resolve mutations for :video_player_android:javaPreCompileDebug (Thread[#45626,Execution worker Thread 5,5,main]) started.
[        ] :video_player_android:javaPreCompileDebug (Thread[#45626,Execution worker Thread 5,5,main]) started.
[ +103 ms] > Task :video_player_android:javaPreCompileDebug UP-TO-DATE
[        ] Caching disabled for task ':video_player_android:javaPreCompileDebug' because:
[        ]   Build cache is disabled
[        ] Skipping task ':video_player_android:javaPreCompileDebug' as it is up-to-date.
[        ] Resolve mutations for :video_player_android:compileDebugJavaWithJavac (Thread[#45626,Execution worker Thread 5,5,main]) started.
[        ] :video_player_android:compileDebugJavaWithJavac (Thread[#45626,Execution worker Thread 5,5,main]) started.
[        ] > Task :video_player_android:compileDebugJavaWithJavac UP-TO-DATE
[        ] Custom actions are attached to task ':video_player_android:compileDebugJavaWithJavac'.
[        ] Caching disabled for task ':video_player_android:compileDebugJavaWithJavac' because:
[        ]   Build cache is disabled
[        ] Skipping task ':video_player_android:compileDebugJavaWithJavac' as it is up-to-date.
[        ] No compile result for :video_player_android:compileDebugJavaWithJavac
[        ] No compile result for :video_player_android:compileDebugJavaWithJavac
[        ] Resolve mutations for :video_player_android:bundleLibCompileToJarDebug (Thread[#45626,Execution worker Thread 5,5,main]) started.
[        ] :video_player_android:bundleLibCompileToJarDebug (Thread[#45626,Execution worker Thread 5,5,main]) started.
[        ] > Task :video_player_android:bundleLibCompileToJarDebug UP-TO-DATE
[        ] Caching disabled for task ':video_player_android:bundleLibCompileToJarDebug' because:
[        ]   Build cache is disabled
[        ]   Simple merging task
[        ] Skipping task ':video_player_android:bundleLibCompileToJarDebug' as it is up-to-date.
[        ] work action resolve classes.jar (project :video_player_android) (Thread[#45626,Execution worker Thread 5,5,main]) started.
[        ] Resolve mutations for :app:compileDebugKotlin (Thread[#45626,Execution worker Thread 5,5,main]) started.
[        ] :app:compileDebugKotlin (Thread[#45626,Execution worker Thread 5,5,main]) started.
[        ] > Task :app:compileDebugKotlin UP-TO-DATE
[        ] Adding -Xuse-inline-scopes-numbers Kotlin compiler flag for task :app:compileDebugAndroidTestKotlin
[        ] Caching disabled for task ':app:compileDebugKotlin' because:
[        ]   Build cache is disabled
[        ] Skipping task ':app:compileDebugKotlin' as it is up-to-date.
[        ] Resolve mutations for :app:javaPreCompileDebug (Thread[#45626,Execution worker Thread 5,5,main]) started.
[        ] :app:javaPreCompileDebug (Thread[#45626,Execution worker Thread 5,5,main]) started.
[        ] > Task :app:javaPreCompileDebug UP-TO-DATE
[        ] Caching disabled for task ':app:javaPreCompileDebug' because:
[        ]   Build cache is disabled
[        ] Skipping task ':app:javaPreCompileDebug' as it is up-to-date.
[        ] Resolve mutations for :app:compileDebugJavaWithJavac (Thread[#45626,Execution worker Thread 5,5,main]) started.
[        ] :app:compileDebugJavaWithJavac (Thread[#45626,Execution worker Thread 5,5,main]) started.
[        ] > Task :app:compileDebugJavaWithJavac UP-TO-DATE
[        ] Custom actions are attached to task ':app:compileDebugJavaWithJavac'.
[        ] Caching disabled for task ':app:compileDebugJavaWithJavac' because:
[        ]   Build cache is disabled
[        ] Skipping task ':app:compileDebugJavaWithJavac' as it is up-to-date.
[        ] No compile result for :app:compileDebugJavaWithJavac
[        ] No compile result for :app:compileDebugJavaWithJavac
[        ] Resolve mutations for :app:compressDebugAssets (Thread[#45626,Execution worker Thread 5,5,main]) started.
[        ] :app:compressDebugAssets (Thread[#45626,Execution worker Thread 5,5,main]) started.
[        ] Resolve mutations for :app:processDebugJavaRes (Thread[#45647,Execution worker Thread 25,5,main]) started.
[        ] :app:processDebugJavaRes (Thread[#45647,Execution worker Thread 25,5,main]) started.
[        ] > Task :app:processDebugJavaRes UP-TO-DATE
[        ] file or directory '/Users/florian/Code/substitution/android/app/src/main/resources', not found
[        ] file or directory '/Users/florian/Code/substitution/android/app/src/debug/resources', not found
[        ] file or directory '/Users/florian/Code/substitution/android/app/src/main/resources', not found
[        ] file or directory '/Users/florian/Code/substitution/android/app/src/debug/resources', not found
[        ] Caching disabled for task ':app:processDebugJavaRes' because:
[        ]   Build cache is disabled
[        ]   Caching has been disabled for the task
[        ] Skipping task ':app:processDebugJavaRes' as it is up-to-date.
[        ] Resolve mutations for :connectivity_plus:processDebugJavaRes (Thread[#45647,Execution worker Thread 25,5,main]) started.
[        ] :connectivity_plus:processDebugJavaRes (Thread[#45647,Execution worker Thread 25,5,main]) started.
[        ] > Task :connectivity_plus:processDebugJavaRes NO-SOURCE
[        ] file or directory '/Users/florian/.pub-cache/hosted/pub.dev/connectivity_plus-5.0.2/android/src/main/resources', not found
[        ] file or directory '/Users/florian/.pub-cache/hosted/pub.dev/connectivity_plus-5.0.2/android/src/debug/resources', not found
[        ] Skipping task ':connectivity_plus:processDebugJavaRes' as it has no source files and no previous output files.
[        ] work action resolve out (project :connectivity_plus) (Thread[#45647,Execution worker Thread 25,5,main]) started.
[        ] Resolve mutations for :emoji_picker_flutter:processDebugJavaRes (Thread[#45647,Execution worker Thread 25,5,main]) started.
[        ] :emoji_picker_flutter:processDebugJavaRes (Thread[#45647,Execution worker Thread 25,5,main]) started.
[        ] > Task :emoji_picker_flutter:processDebugJavaRes UP-TO-DATE
[        ] file or directory '/Users/florian/.pub-cache/hosted/pub.dev/emoji_picker_flutter-4.4.0/android/src/main/resources', not found
[        ] file or directory '/Users/florian/.pub-cache/hosted/pub.dev/emoji_picker_flutter-4.4.0/android/src/debug/resources', not found
[        ] file or directory '/Users/florian/.pub-cache/hosted/pub.dev/emoji_picker_flutter-4.4.0/android/src/main/resources', not found
[        ] file or directory '/Users/florian/.pub-cache/hosted/pub.dev/emoji_picker_flutter-4.4.0/android/src/debug/resources', not found
[        ] Caching disabled for task ':emoji_picker_flutter:processDebugJavaRes' because:
[        ]   Build cache is disabled
[        ]   Caching has been disabled for the task
[        ] Skipping task ':emoji_picker_flutter:processDebugJavaRes' as it is up-to-date.
[        ] work action resolve out (project :emoji_picker_flutter) (Thread[#45647,Execution worker Thread 25,5,main]) started.
[        ] Resolve mutations for :file_selector_android:processDebugJavaRes (Thread[#45647,Execution worker Thread 25,5,main]) started.
[        ] :file_selector_android:processDebugJavaRes (Thread[#45647,Execution worker Thread 25,5,main]) started.
[        ] > Task :file_selector_android:processDebugJavaRes NO-SOURCE
[        ] file or directory '/Users/florian/.pub-cache/hosted/pub.dev/file_selector_android-0.5.2+4/android/src/main/resources', not found
[        ] file or directory '/Users/florian/.pub-cache/hosted/pub.dev/file_selector_android-0.5.2+4/android/src/debug/resources', not found
[        ] Skipping task ':file_selector_android:processDebugJavaRes' as it has no source files and no previous output files.
[        ] work action resolve out (project :file_selector_android) (Thread[#45647,Execution worker Thread 25,5,main]) started.
[        ] Resolve mutations for :flutter_keyboard_visibility_temp_fork:processDebugJavaRes (Thread[#45647,Execution worker Thread 25,5,main]) started.
[        ] :flutter_keyboard_visibility_temp_fork:processDebugJavaRes (Thread[#45647,Execution worker Thread 25,5,main]) started.
[        ] > Task :flutter_keyboard_visibility_temp_fork:processDebugJavaRes NO-SOURCE
[        ] file or directory '/Users/florian/.pub-cache/hosted/pub.dev/flutter_keyboard_visibility_temp_fork-0.1.5/android/src/main/resources', not found
[        ] file or directory '/Users/florian/.pub-cache/hosted/pub.dev/flutter_keyboard_visibility_temp_fork-0.1.5/android/src/debug/resources', not found
[        ] Skipping task ':flutter_keyboard_visibility_temp_fork:processDebugJavaRes' as it has no source files and no previous output files.
[        ] work action resolve out (project :flutter_keyboard_visibility_temp_fork) (Thread[#45647,Execution worker Thread 25,5,main]) started.
[        ] Resolve mutations for :flutter_native_splash:processDebugJavaRes (Thread[#45647,Execution worker Thread 25,5,main]) started.
[        ] :flutter_native_splash:processDebugJavaRes (Thread[#45647,Execution worker Thread 25,5,main]) started.
[        ] > Task :flutter_native_splash:processDebugJavaRes NO-SOURCE
[        ] file or directory '/Users/florian/.pub-cache/hosted/pub.dev/flutter_native_splash-2.4.7/android/src/main/resources', not found
[        ] file or directory '/Users/florian/.pub-cache/hosted/pub.dev/flutter_native_splash-2.4.7/android/src/debug/resources', not found
[        ] Skipping task ':flutter_native_splash:processDebugJavaRes' as it has no source files and no previous output files.
[        ] work action resolve out (project :flutter_native_splash) (Thread[#45647,Execution worker Thread 25,5,main]) started.
[        ] Resolve mutations for :flutter_olm:processDebugJavaRes (Thread[#45647,Execution worker Thread 25,5,main]) started.
[        ] :flutter_olm:processDebugJavaRes (Thread[#45647,Execution worker Thread 25,5,main]) started.
[        ] > Task :flutter_olm:processDebugJavaRes UP-TO-DATE
[        ] file or directory '/Users/florian/.pub-cache/hosted/pub.dev/flutter_olm-2.0.0/android/src/main/resources', not found
[        ] file or directory '/Users/florian/.pub-cache/hosted/pub.dev/flutter_olm-2.0.0/android/src/debug/resources', not found
[        ] file or directory '/Users/florian/.pub-cache/hosted/pub.dev/flutter_olm-2.0.0/android/src/main/resources', not found
[        ] file or directory '/Users/florian/.pub-cache/hosted/pub.dev/flutter_olm-2.0.0/android/src/debug/resources', not found
[        ] Caching disabled for task ':flutter_olm:processDebugJavaRes' because:
[        ]   Build cache is disabled
[        ]   Caching has been disabled for the task
[        ] Skipping task ':flutter_olm:processDebugJavaRes' as it is up-to-date.
[        ] work action resolve out (project :flutter_olm) (Thread[#45647,Execution worker Thread 25,5,main]) started.
[        ] Resolve mutations for :flutter_openssl_crypto:processDebugJavaRes (Thread[#45647,Execution worker Thread 25,5,main]) started.
[        ] :flutter_openssl_crypto:processDebugJavaRes (Thread[#45647,Execution worker Thread 25,5,main]) started.
[        ] > Task :flutter_openssl_crypto:processDebugJavaRes UP-TO-DATE
[        ] file or directory '/Users/florian/.pub-cache/hosted/pub.dev/flutter_openssl_crypto-0.5.0/android/src/main/resources', not found
[        ] file or directory '/Users/florian/.pub-cache/hosted/pub.dev/flutter_openssl_crypto-0.5.0/android/src/debug/resources', not found
[        ] file or directory '/Users/florian/.pub-cache/hosted/pub.dev/flutter_openssl_crypto-0.5.0/android/src/main/resources', not found
[        ] file or directory '/Users/florian/.pub-cache/hosted/pub.dev/flutter_openssl_crypto-0.5.0/android/src/debug/resources', not found
[        ] Caching disabled for task ':flutter_openssl_crypto:processDebugJavaRes' because:
[        ]   Build cache is disabled
[        ]   Caching has been disabled for the task
[        ] Skipping task ':flutter_openssl_crypto:processDebugJavaRes' as it is up-to-date.
[        ] work action resolve out (project :flutter_openssl_crypto) (Thread[#45647,Execution worker Thread 25,5,main]) started.
[        ] Resolve mutations for :integration_test:processDebugJavaRes (Thread[#45647,Execution worker Thread 25,5,main]) started.
[        ] :integration_test:processDebugJavaRes (Thread[#45647,Execution worker Thread 25,5,main]) started.
[        ] > Task :integration_test:processDebugJavaRes NO-SOURCE
[        ] file or directory '/opt/homebrew/share/flutter/packages/integration_test/android/src/main/resources', not found
[        ] file or directory '/opt/homebrew/share/flutter/packages/integration_test/android/src/debug/resources', not found
[        ] Skipping task ':integration_test:processDebugJavaRes' as it has no source files and no previous output files.
[        ] work action resolve out (project :integration_test) (Thread[#45647,Execution worker Thread 25,5,main]) started.
[        ] Resolve mutations for :path_provider_android:processDebugJavaRes (Thread[#45647,Execution worker Thread 25,5,main]) started.
[        ] :path_provider_android:processDebugJavaRes (Thread[#45647,Execution worker Thread 25,5,main]) started.
[        ] > Task :path_provider_android:processDebugJavaRes NO-SOURCE
[        ] file or directory '/Users/florian/.pub-cache/hosted/pub.dev/path_provider_android-2.2.22/android/src/main/resources', not found
[        ] file or directory '/Users/florian/.pub-cache/hosted/pub.dev/path_provider_android-2.2.22/android/src/debug/resources', not found
[        ] Skipping task ':path_provider_android:processDebugJavaRes' as it has no source files and no previous output files.
[        ] work action resolve out (project :path_provider_android) (Thread[#45647,Execution worker Thread 25,5,main]) started.
[        ] Resolve mutations for :quill_native_bridge_android:processDebugJavaRes (Thread[#45647,Execution worker Thread 25,5,main]) started.
[        ] :quill_native_bridge_android:processDebugJavaRes (Thread[#45647,Execution worker Thread 25,5,main]) started.
[        ] > Task :quill_native_bridge_android:processDebugJavaRes UP-TO-DATE
[        ] file or directory '/Users/florian/.pub-cache/hosted/pub.dev/quill_native_bridge_android-0.0.1+2/android/src/main/resources', not found
[        ] file or directory '/Users/florian/.pub-cache/hosted/pub.dev/quill_native_bridge_android-0.0.1+2/android/src/debug/resources', not found
[        ] file or directory '/Users/florian/.pub-cache/hosted/pub.dev/quill_native_bridge_android-0.0.1+2/android/src/main/resources', not found
[        ] file or directory '/Users/florian/.pub-cache/hosted/pub.dev/quill_native_bridge_android-0.0.1+2/android/src/debug/resources', not found
[        ] Caching disabled for task ':quill_native_bridge_android:processDebugJavaRes' because:
[        ]   Build cache is disabled
[        ]   Caching has been disabled for the task
[        ] Skipping task ':quill_native_bridge_android:processDebugJavaRes' as it is up-to-date.
[        ] work action resolve out (project :quill_native_bridge_android) (Thread[#45647,Execution worker Thread 25,5,main]) started.
[        ] Resolve mutations for :shared_preferences_android:processDebugJavaRes (Thread[#45647,Execution worker Thread 25,5,main]) started.
[        ] :shared_preferences_android:processDebugJavaRes (Thread[#45647,Execution worker Thread 25,5,main]) started.
[        ] > Task :shared_preferences_android:processDebugJavaRes UP-TO-DATE
[        ] file or directory '/Users/florian/.pub-cache/hosted/pub.dev/shared_preferences_android-2.4.20/android/src/main/resources', not found
[        ] file or directory '/Users/florian/.pub-cache/hosted/pub.dev/shared_preferences_android-2.4.20/android/src/debug/resources', not found
[        ] file or directory '/Users/florian/.pub-cache/hosted/pub.dev/shared_preferences_android-2.4.20/android/src/main/resources', not found
[        ] file or directory '/Users/florian/.pub-cache/hosted/pub.dev/shared_preferences_android-2.4.20/android/src/debug/resources', not found
[        ] Caching disabled for task ':shared_preferences_android:processDebugJavaRes' because:
[        ]   Build cache is disabled
[        ]   Caching has been disabled for the task
[        ] Skipping task ':shared_preferences_android:processDebugJavaRes' as it is up-to-date.
[        ] work action resolve out (project :shared_preferences_android) (Thread[#45647,Execution worker Thread 25,5,main]) started.
[        ] Resolve mutations for :sqflite_android:processDebugJavaRes (Thread[#45647,Execution worker Thread 25,5,main]) started.
[        ] :sqflite_android:processDebugJavaRes (Thread[#45647,Execution worker Thread 25,5,main]) started.
[        ] > Task :sqflite_android:processDebugJavaRes NO-SOURCE
[        ] file or directory '/Users/florian/.pub-cache/hosted/pub.dev/sqflite_android-2.4.2+2/android/src/main/resources', not found
[        ] file or directory '/Users/florian/.pub-cache/hosted/pub.dev/sqflite_android-2.4.2+2/android/src/debug/resources', not found
[        ] Skipping task ':sqflite_android:processDebugJavaRes' as it has no source files and no previous output files.
[        ] work action resolve out (project :sqflite_android) (Thread[#45647,Execution worker Thread 25,5,main]) started.
[        ] Resolve mutations for :url_launcher_android:processDebugJavaRes (Thread[#45647,Execution worker Thread 25,5,main]) started.
[        ] :url_launcher_android:processDebugJavaRes (Thread[#45647,Execution worker Thread 25,5,main]) started.
[        ] > Task :url_launcher_android:processDebugJavaRes NO-SOURCE
[        ] file or directory '/Users/florian/.pub-cache/hosted/pub.dev/url_launcher_android-6.3.28/android/src/main/resources', not found
[        ] file or directory '/Users/florian/.pub-cache/hosted/pub.dev/url_launcher_android-6.3.28/android/src/debug/resources', not found
[        ] Skipping task ':url_launcher_android:processDebugJavaRes' as it has no source files and no previous output files.
[        ] work action resolve out (project :url_launcher_android) (Thread[#45647,Execution worker Thread 25,5,main]) started.
[        ] Resolve mutations for :video_player_android:processDebugJavaRes (Thread[#45647,Execution worker Thread 25,5,main]) started.
[        ] :video_player_android:processDebugJavaRes (Thread[#45647,Execution worker Thread 25,5,main]) started.
[        ] > Task :video_player_android:processDebugJavaRes UP-TO-DATE
[        ] file or directory '/Users/florian/.pub-cache/hosted/pub.dev/video_player_android-2.9.1/android/src/main/resources', not found
[        ] file or directory '/Users/florian/.pub-cache/hosted/pub.dev/video_player_android-2.9.1/android/src/debug/resources', not found
[        ] file or directory '/Users/florian/.pub-cache/hosted/pub.dev/video_player_android-2.9.1/android/src/main/resources', not found
[        ] file or directory '/Users/florian/.pub-cache/hosted/pub.dev/video_player_android-2.9.1/android/src/debug/resources', not found
[        ] Caching disabled for task ':video_player_android:processDebugJavaRes' because:
[        ]   Build cache is disabled
[        ]   Caching has been disabled for the task
[        ] Skipping task ':video_player_android:processDebugJavaRes' as it is up-to-date.
[        ] work action resolve out (project :video_player_android) (Thread[#45647,Execution worker Thread 25,5,main]) started.
[        ] Resolve mutations for :app:mergeDebugJavaResource (Thread[#45647,Execution worker Thread 25,5,main]) started.
[        ] :app:mergeDebugJavaResource (Thread[#45647,Execution worker Thread 25,5,main]) started.
[        ] > Task :app:mergeDebugJavaResource UP-TO-DATE
[        ] Caching disabled for task ':app:mergeDebugJavaResource' because:
[        ]   Build cache is disabled
[        ]   Caching has been disabled for the task
[        ] Skipping task ':app:mergeDebugJavaResource' as it is up-to-date.
[        ] Resolve mutations for :app:checkDebugDuplicateClasses (Thread[#45647,Execution worker Thread 25,5,main]) started.
[        ] :app:checkDebugDuplicateClasses (Thread[#45647,Execution worker Thread 25,5,main]) started.
[        ] > Task :app:checkDebugDuplicateClasses UP-TO-DATE
[        ] Caching disabled for task ':app:checkDebugDuplicateClasses' because:
[        ]   Build cache is disabled
[        ]   Caching has been disabled for the task
[        ] Skipping task ':app:checkDebugDuplicateClasses' as it is up-to-date.
[        ] Resolve mutations for :app:desugarDebugFileDependencies (Thread[#45647,Execution worker Thread 25,5,main]) started.
[        ] :app:desugarDebugFileDependencies (Thread[#45647,Execution worker Thread 25,5,main]) started.
[        ] > Task :app:desugarDebugFileDependencies UP-TO-DATE
[        ] Caching disabled for task ':app:desugarDebugFileDependencies' because:
[        ]   Build cache is disabled
[        ] Skipping task ':app:desugarDebugFileDependencies' as it is up-to-date.
[        ] Resolve mutations for :app:mergeExtDexDebug (Thread[#45647,Execution worker Thread 25,5,main]) started.
[        ] :app:mergeExtDexDebug (Thread[#45647,Execution worker Thread 25,5,main]) started.
[        ] > Task :app:mergeExtDexDebug UP-TO-DATE
[        ] Caching disabled for task ':app:mergeExtDexDebug' because:
[        ]   Build cache is disabled
[        ] Skipping task ':app:mergeExtDexDebug' as it is up-to-date.
[        ] Resolve mutations for :connectivity_plus:bundleLibRuntimeToDirDebug (Thread[#45647,Execution worker Thread 25,5,main]) started.
[        ] :connectivity_plus:bundleLibRuntimeToDirDebug (Thread[#45647,Execution worker Thread 25,5,main]) started.
[        ] > Task :connectivity_plus:bundleLibRuntimeToDirDebug UP-TO-DATE
[        ] Caching disabled for task ':connectivity_plus:bundleLibRuntimeToDirDebug' because:
[        ]   Build cache is disabled
[        ]   Simple merging task
[        ] Skipping task ':connectivity_plus:bundleLibRuntimeToDirDebug' as it is up-to-date.
[        ] work action resolve bundleLibRuntimeToDirDebug (project :connectivity_plus) (Thread[#45647,Execution worker Thread 25,5,main]) started.
[        ] ClassesDirToClassesTransform (Thread[#45647,Execution worker Thread 25,5,main]) started.
[        ] Resolve mutations for :emoji_picker_flutter:bundleLibRuntimeToDirDebug (Thread[#45629,Execution worker Thread 8,5,main]) started.
[        ] :emoji_picker_flutter:bundleLibRuntimeToDirDebug (Thread[#45629,Execution worker Thread 8,5,main]) started.
[        ] DexingNoClasspathTransform (Thread[#45647,Execution worker Thread 25,5,main]) started.
[        ] > Task :emoji_picker_flutter:bundleLibRuntimeToDirDebug UP-TO-DATE
[        ] Caching disabled for task ':emoji_picker_flutter:bundleLibRuntimeToDirDebug' because:
[        ]   Build cache is disabled
[        ]   Simple merging task
[        ] Skipping task ':emoji_picker_flutter:bundleLibRuntimeToDirDebug' as it is up-to-date.
[        ] work action resolve bundleLibRuntimeToDirDebug (project :emoji_picker_flutter) (Thread[#45629,Execution worker Thread 8,5,main]) started.
[        ] > Transform bundleLibRuntimeToDirDebug (project :connectivity_plus) with DexingNoClasspathTransform
[        ] Caching disabled for DexingNoClasspathTransform: /Users/florian/Code/substitution/build/connectivity_plus/intermediates/runtime_library_classes_dir/debug/bundleLibRuntimeToDirDebug because:
[        ]   Build cache is disabled
[        ] Skipping DexingNoClasspathTransform: /Users/florian/Code/substitution/build/connectivity_plus/intermediates/runtime_library_classes_dir/debug/bundleLibRuntimeToDirDebug as it is up-to-date.
[        ] ClassesDirToClassesTransform (Thread[#45629,Execution worker Thread 8,5,main]) started.
[        ] Resolve mutations for :file_selector_android:bundleLibRuntimeToDirDebug (Thread[#45647,Execution worker Thread 25,5,main]) started.
[        ] :file_selector_android:bundleLibRuntimeToDirDebug (Thread[#45647,Execution worker Thread 25,5,main]) started.
[        ] DexingNoClasspathTransform (Thread[#45629,Execution worker Thread 8,5,main]) started.
[        ] > Transform bundleLibRuntimeToDirDebug (project :emoji_picker_flutter) with DexingNoClasspathTransform
[        ] Caching disabled for DexingNoClasspathTransform: /Users/florian/Code/substitution/build/emoji_picker_flutter/intermediates/runtime_library_classes_dir/debug/bundleLibRuntimeToDirDebug because:
[        ]   Build cache is disabled
[        ] Skipping DexingNoClasspathTransform: /Users/florian/Code/substitution/build/emoji_picker_flutter/intermediates/runtime_library_classes_dir/debug/bundleLibRuntimeToDirDebug as it is up-to-date.
[        ] > Task :file_selector_android:bundleLibRuntimeToDirDebug UP-TO-DATE
[        ] Caching disabled for task ':file_selector_android:bundleLibRuntimeToDirDebug' because:
[        ]   Build cache is disabled
[        ]   Simple merging task
[        ] Skipping task ':file_selector_android:bundleLibRuntimeToDirDebug' as it is up-to-date.
[        ] work action resolve bundleLibRuntimeToDirDebug (project :file_selector_android) (Thread[#45647,Execution worker Thread 25,5,main]) started.
[        ] ClassesDirToClassesTransform (Thread[#45647,Execution worker Thread 25,5,main]) started.
[        ] Resolve mutations for :flutter_keyboard_visibility_temp_fork:bundleLibRuntimeToDirDebug (Thread[#45629,Execution worker Thread 8,5,main]) started.
[        ] DexingNoClasspathTransform (Thread[#45647,Execution worker Thread 25,5,main]) started.
[        ] :flutter_keyboard_visibility_temp_fork:bundleLibRuntimeToDirDebug (Thread[#45629,Execution worker Thread 8,5,main]) started.
[        ] > Task :flutter_keyboard_visibility_temp_fork:bundleLibRuntimeToDirDebug UP-TO-DATE
[        ] Caching disabled for task ':flutter_keyboard_visibility_temp_fork:bundleLibRuntimeToDirDebug' because:
[        ]   Build cache is disabled
[        ]   Simple merging task
[        ] Skipping task ':flutter_keyboard_visibility_temp_fork:bundleLibRuntimeToDirDebug' as it is up-to-date.
[        ] work action resolve bundleLibRuntimeToDirDebug (project :flutter_keyboard_visibility_temp_fork) (Thread[#45629,Execution worker Thread 8,5,main]) started.
[        ] ClassesDirToClassesTransform (Thread[#45629,Execution worker Thread 8,5,main]) started.
[        ] Resolve mutations for :flutter_native_splash:bundleLibRuntimeToDirDebug (Thread[#45644,Execution worker Thread 22,5,main]) started.
[        ] DexingNoClasspathTransform (Thread[#45629,Execution worker Thread 8,5,main]) started.
[        ] :flutter_native_splash:bundleLibRuntimeToDirDebug (Thread[#45644,Execution worker Thread 22,5,main]) started.
[        ] > Transform bundleLibRuntimeToDirDebug (project :file_selector_android) with DexingNoClasspathTransform
[        ] Caching disabled for DexingNoClasspathTransform: /Users/florian/Code/substitution/build/file_selector_android/intermediates/runtime_library_classes_dir/debug/bundleLibRuntimeToDirDebug because:
[        ]   Build cache is disabled
[        ] Skipping DexingNoClasspathTransform: /Users/florian/Code/substitution/build/file_selector_android/intermediates/runtime_library_classes_dir/debug/bundleLibRuntimeToDirDebug as it is up-to-date.
[        ] > Task :flutter_native_splash:bundleLibRuntimeToDirDebug UP-TO-DATE
[        ] Caching disabled for task ':flutter_native_splash:bundleLibRuntimeToDirDebug' because:
[        ]   Build cache is disabled
[        ]   Simple merging task
[        ] Skipping task ':flutter_native_splash:bundleLibRuntimeToDirDebug' as it is up-to-date.
[        ] > Transform bundleLibRuntimeToDirDebug (project :flutter_keyboard_visibility_temp_fork) with DexingNoClasspathTransform
[        ] Caching disabled for DexingNoClasspathTransform: /Users/florian/Code/substitution/build/flutter_keyboard_visibility_temp_fork/intermediates/runtime_library_classes_dir/debug/bundleLibRuntimeToDirDebug because:
[        ]   Build cache is disabled
[        ] Skipping DexingNoClasspathTransform: /Users/florian/Code/substitution/build/flutter_keyboard_visibility_temp_fork/intermediates/runtime_library_classes_dir/debug/bundleLibRuntimeToDirDebug as it is up-to-date.
[        ] work action resolve bundleLibRuntimeToDirDebug (project :flutter_native_splash) (Thread[#45644,Execution worker Thread 22,5,main]) started.
[        ] ClassesDirToClassesTransform (Thread[#45644,Execution worker Thread 22,5,main]) started.
[        ] Resolve mutations for :flutter_olm:bundleLibRuntimeToDirDebug (Thread[#45635,Execution worker Thread 13,5,main]) started.
[        ] DexingNoClasspathTransform (Thread[#45644,Execution worker Thread 22,5,main]) started.
[        ] :flutter_olm:bundleLibRuntimeToDirDebug (Thread[#45635,Execution worker Thread 13,5,main]) started.
[        ] > Transform bundleLibRuntimeToDirDebug (project :flutter_native_splash) with DexingNoClasspathTransform
[        ] Caching disabled for DexingNoClasspathTransform: /Users/florian/Code/substitution/build/flutter_native_splash/intermediates/runtime_library_classes_dir/debug/bundleLibRuntimeToDirDebug because:
[        ]   Build cache is disabled
[        ] Skipping DexingNoClasspathTransform: /Users/florian/Code/substitution/build/flutter_native_splash/intermediates/runtime_library_classes_dir/debug/bundleLibRuntimeToDirDebug as it is up-to-date.
[        ] > Task :flutter_olm:bundleLibRuntimeToDirDebug UP-TO-DATE
[        ] Caching disabled for task ':flutter_olm:bundleLibRuntimeToDirDebug' because:
[        ]   Build cache is disabled
[        ]   Simple merging task
[        ] Skipping task ':flutter_olm:bundleLibRuntimeToDirDebug' as it is up-to-date.
[        ] work action resolve bundleLibRuntimeToDirDebug (project :flutter_olm) (Thread[#45635,Execution worker Thread 13,5,main]) started.
[        ] ClassesDirToClassesTransform (Thread[#45635,Execution worker Thread 13,5,main]) started.
[        ] Resolve mutations for :flutter_openssl_crypto:bundleLibRuntimeToDirDebug (Thread[#45644,Execution worker Thread 22,5,main]) started.
[        ] DexingNoClasspathTransform (Thread[#45635,Execution worker Thread 13,5,main]) started.
[        ] :flutter_openssl_crypto:bundleLibRuntimeToDirDebug (Thread[#45644,Execution worker Thread 22,5,main]) started.
[        ] > Transform bundleLibRuntimeToDirDebug (project :flutter_olm) with DexingNoClasspathTransform
[        ] Caching disabled for DexingNoClasspathTransform: /Users/florian/Code/substitution/build/flutter_olm/intermediates/runtime_library_classes_dir/debug/bundleLibRuntimeToDirDebug because:
[        ]   Build cache is disabled
[        ] Skipping DexingNoClasspathTransform: /Users/florian/Code/substitution/build/flutter_olm/intermediates/runtime_library_classes_dir/debug/bundleLibRuntimeToDirDebug as it is up-to-date.
[        ] > Task :flutter_openssl_crypto:bundleLibRuntimeToDirDebug UP-TO-DATE
[        ] Caching disabled for task ':flutter_openssl_crypto:bundleLibRuntimeToDirDebug' because:
[        ]   Build cache is disabled
[        ]   Simple merging task
[        ] Skipping task ':flutter_openssl_crypto:bundleLibRuntimeToDirDebug' as it is up-to-date.
[        ] work action resolve bundleLibRuntimeToDirDebug (project :flutter_openssl_crypto) (Thread[#45644,Execution worker Thread 22,5,main]) started.
[        ] ClassesDirToClassesTransform (Thread[#45644,Execution worker Thread 22,5,main]) started.
[        ] Resolve mutations for :integration_test:bundleLibRuntimeToDirDebug (Thread[#45635,Execution worker Thread 13,5,main]) started.
[        ] DexingNoClasspathTransform (Thread[#45644,Execution worker Thread 22,5,main]) started.
[        ] :integration_test:bundleLibRuntimeToDirDebug (Thread[#45635,Execution worker Thread 13,5,main]) started.
[        ] > Transform bundleLibRuntimeToDirDebug (project :flutter_openssl_crypto) with DexingNoClasspathTransform
[        ] Caching disabled for DexingNoClasspathTransform: /Users/florian/Code/substitution/build/flutter_openssl_crypto/intermediates/runtime_library_classes_dir/debug/bundleLibRuntimeToDirDebug because:
[        ]   Build cache is disabled
[        ] Skipping DexingNoClasspathTransform: /Users/florian/Code/substitution/build/flutter_openssl_crypto/intermediates/runtime_library_classes_dir/debug/bundleLibRuntimeToDirDebug as it is up-to-date.
[        ] > Task :integration_test:bundleLibRuntimeToDirDebug UP-TO-DATE
[        ] Caching disabled for task ':integration_test:bundleLibRuntimeToDirDebug' because:
[        ]   Build cache is disabled
[        ]   Simple merging task
[        ] Skipping task ':integration_test:bundleLibRuntimeToDirDebug' as it is up-to-date.
[        ] work action resolve bundleLibRuntimeToDirDebug (project :integration_test) (Thread[#45635,Execution worker Thread 13,5,main]) started.
[        ] ClassesDirToClassesTransform (Thread[#45635,Execution worker Thread 13,5,main]) started.
[        ] Resolve mutations for :path_provider_android:bundleLibRuntimeToDirDebug (Thread[#45651,Execution worker Thread 29,5,main]) started.
[        ] :path_provider_android:bundleLibRuntimeToDirDebug (Thread[#45651,Execution worker Thread 29,5,main]) started.
[        ] DexingNoClasspathTransform (Thread[#45635,Execution worker Thread 13,5,main]) started.
[        ] > Task :path_provider_android:bundleLibRuntimeToDirDebug UP-TO-DATE
[        ] Caching disabled for task ':path_provider_android:bundleLibRuntimeToDirDebug' because:
[        ]   Build cache is disabled
[        ]   Simple merging task
[        ] Skipping task ':path_provider_android:bundleLibRuntimeToDirDebug' as it is up-to-date.
[        ] > Transform bundleLibRuntimeToDirDebug (project :integration_test) with DexingNoClasspathTransform
[        ] Caching disabled for DexingNoClasspathTransform: /Users/florian/Code/substitution/build/integration_test/intermediates/runtime_library_classes_dir/debug/bundleLibRuntimeToDirDebug because:
[        ]   Build cache is disabled
[        ] Skipping DexingNoClasspathTransform: /Users/florian/Code/substitution/build/integration_test/intermediates/runtime_library_classes_dir/debug/bundleLibRuntimeToDirDebug as it is up-to-date.
[        ] work action resolve bundleLibRuntimeToDirDebug (project :path_provider_android) (Thread[#45651,Execution worker Thread 29,5,main]) started.
[        ] ClassesDirToClassesTransform (Thread[#45651,Execution worker Thread 29,5,main]) started.
[        ] Resolve mutations for :quill_native_bridge_android:bundleLibRuntimeToDirDebug (Thread[#45635,Execution worker Thread 13,5,main]) started.
[        ] :quill_native_bridge_android:bundleLibRuntimeToDirDebug (Thread[#45635,Execution worker Thread 13,5,main]) started.
[        ] DexingNoClasspathTransform (Thread[#45651,Execution worker Thread 29,5,main]) started.
[        ] > Transform bundleLibRuntimeToDirDebug (project :path_provider_android) with DexingNoClasspathTransform
[        ] Caching disabled for DexingNoClasspathTransform: /Users/florian/Code/substitution/build/path_provider_android/intermediates/runtime_library_classes_dir/debug/bundleLibRuntimeToDirDebug because:
[        ]   Build cache is disabled
[        ] Skipping DexingNoClasspathTransform: /Users/florian/Code/substitution/build/path_provider_android/intermediates/runtime_library_classes_dir/debug/bundleLibRuntimeToDirDebug as it is up-to-date.
[        ] > Task :quill_native_bridge_android:bundleLibRuntimeToDirDebug UP-TO-DATE
[        ] Caching disabled for task ':quill_native_bridge_android:bundleLibRuntimeToDirDebug' because:
[        ]   Build cache is disabled
[        ]   Simple merging task
[        ] Skipping task ':quill_native_bridge_android:bundleLibRuntimeToDirDebug' as it is up-to-date.
[        ] work action resolve bundleLibRuntimeToDirDebug (project :quill_native_bridge_android) (Thread[#45635,Execution worker Thread 13,5,main]) started.
[        ] ClassesDirToClassesTransform (Thread[#45635,Execution worker Thread 13,5,main]) started.
[        ] Resolve mutations for :shared_preferences_android:bundleLibRuntimeToDirDebug (Thread[#45638,Execution worker Thread 16,5,main]) started.
[        ] :shared_preferences_android:bundleLibRuntimeToDirDebug (Thread[#45638,Execution worker Thread 16,5,main]) started.
[        ] DexingNoClasspathTransform (Thread[#45635,Execution worker Thread 13,5,main]) started.
[        ] > Transform bundleLibRuntimeToDirDebug (project :quill_native_bridge_android) with DexingNoClasspathTransform
[        ] Caching disabled for DexingNoClasspathTransform: /Users/florian/Code/substitution/build/quill_native_bridge_android/intermediates/runtime_library_classes_dir/debug/bundleLibRuntimeToDirDebug because:
[        ]   Build cache is disabled
[        ] Skipping DexingNoClasspathTransform: /Users/florian/Code/substitution/build/quill_native_bridge_android/intermediates/runtime_library_classes_dir/debug/bundleLibRuntimeToDirDebug as it is up-to-date.
[        ] > Task :shared_preferences_android:bundleLibRuntimeToDirDebug UP-TO-DATE
[        ] Caching disabled for task ':shared_preferences_android:bundleLibRuntimeToDirDebug' because:
[        ]   Build cache is disabled
[        ]   Simple merging task
[        ] Skipping task ':shared_preferences_android:bundleLibRuntimeToDirDebug' as it is up-to-date.
[        ] work action resolve bundleLibRuntimeToDirDebug (project :shared_preferences_android) (Thread[#45638,Execution worker Thread 16,5,main]) started.
[        ] ClassesDirToClassesTransform (Thread[#45638,Execution worker Thread 16,5,main]) started.
[        ] Resolve mutations for :sqflite_android:bundleLibRuntimeToDirDebug (Thread[#45635,Execution worker Thread 13,5,main]) started.
[        ] :sqflite_android:bundleLibRuntimeToDirDebug (Thread[#45635,Execution worker Thread 13,5,main]) started.
[        ] DexingNoClasspathTransform (Thread[#45638,Execution worker Thread 16,5,main]) started.
[        ] > Task :sqflite_android:bundleLibRuntimeToDirDebug UP-TO-DATE
[        ] Caching disabled for task ':sqflite_android:bundleLibRuntimeToDirDebug' because:
[        ]   Build cache is disabled
[        ]   Simple merging task
[        ] Skipping task ':sqflite_android:bundleLibRuntimeToDirDebug' as it is up-to-date.
[        ] work action resolve bundleLibRuntimeToDirDebug (project :sqflite_android) (Thread[#45635,Execution worker Thread 13,5,main]) started.
[        ] ClassesDirToClassesTransform (Thread[#45635,Execution worker Thread 13,5,main]) started.
[        ] Resolve mutations for :url_launcher_android:bundleLibRuntimeToDirDebug (Thread[#45644,Execution worker Thread 22,5,main]) started.
[        ] :url_launcher_android:bundleLibRuntimeToDirDebug (Thread[#45644,Execution worker Thread 22,5,main]) started.
[        ] DexingNoClasspathTransform (Thread[#45635,Execution worker Thread 13,5,main]) started.
[        ] > Transform bundleLibRuntimeToDirDebug (project :shared_preferences_android) with DexingNoClasspathTransform
[        ] Caching disabled for DexingNoClasspathTransform: /Users/florian/Code/substitution/build/shared_preferences_android/intermediates/runtime_library_classes_dir/debug/bundleLibRuntimeToDirDebug because:
[        ]   Build cache is disabled
[        ] Skipping DexingNoClasspathTransform: /Users/florian/Code/substitution/build/shared_preferences_android/intermediates/runtime_library_classes_dir/debug/bundleLibRuntimeToDirDebug as it is up-to-date.
[        ] > Task :url_launcher_android:bundleLibRuntimeToDirDebug UP-TO-DATE
[        ] Caching disabled for task ':url_launcher_android:bundleLibRuntimeToDirDebug' because:
[        ]   Build cache is disabled
[        ]   Simple merging task
[        ] Skipping task ':url_launcher_android:bundleLibRuntimeToDirDebug' as it is up-to-date.
[        ] work action resolve bundleLibRuntimeToDirDebug (project :url_launcher_android) (Thread[#45644,Execution worker Thread 22,5,main]) started.
[        ] ClassesDirToClassesTransform (Thread[#45644,Execution worker Thread 22,5,main]) started.
[        ] Resolve mutations for :video_player_android:bundleLibRuntimeToDirDebug (Thread[#45638,Execution worker Thread 16,5,main]) started.
[        ] DexingNoClasspathTransform (Thread[#45638,Execution worker Thread 16,5,main]) started.
[        ] :video_player_android:bundleLibRuntimeToDirDebug (Thread[#45631,Execution worker Thread 10,5,main]) started.
[        ] > Transform bundleLibRuntimeToDirDebug (project :sqflite_android) with DexingNoClasspathTransform
[        ] Caching disabled for DexingNoClasspathTransform: /Users/florian/Code/substitution/build/sqflite_android/intermediates/runtime_library_classes_dir/debug/bundleLibRuntimeToDirDebug because:
[        ]   Build cache is disabled
[        ] Skipping DexingNoClasspathTransform: /Users/florian/Code/substitution/build/sqflite_android/intermediates/runtime_library_classes_dir/debug/bundleLibRuntimeToDirDebug as it is up-to-date.
[        ] > Transform bundleLibRuntimeToDirDebug (project :url_launcher_android) with DexingNoClasspathTransform
[        ] Caching disabled for DexingNoClasspathTransform: /Users/florian/Code/substitution/build/url_launcher_android/intermediates/runtime_library_classes_dir/debug/bundleLibRuntimeToDirDebug because:
[        ]   Build cache is disabled
[        ] Skipping DexingNoClasspathTransform: /Users/florian/Code/substitution/build/url_launcher_android/intermediates/runtime_library_classes_dir/debug/bundleLibRuntimeToDirDebug as it is up-to-date.
[        ] > Task :video_player_android:bundleLibRuntimeToDirDebug UP-TO-DATE
[        ] Caching disabled for task ':video_player_android:bundleLibRuntimeToDirDebug' because:
[        ]   Build cache is disabled
[        ]   Simple merging task
[        ] Skipping task ':video_player_android:bundleLibRuntimeToDirDebug' as it is up-to-date.
[        ] work action resolve bundleLibRuntimeToDirDebug (project :video_player_android) (Thread[#45631,Execution worker Thread 10,5,main]) started.
[        ] ClassesDirToClassesTransform (Thread[#45631,Execution worker Thread 10,5,main]) started.
[        ] Resolve mutations for :app:dexBuilderDebug (Thread[#45638,Execution worker Thread 16,5,main]) started.
[        ] DexingNoClasspathTransform (Thread[#45631,Execution worker Thread 10,5,main]) started.
[        ] :app:dexBuilderDebug (Thread[#45638,Execution worker Thread 16,5,main]) started.
[        ] > Task :app:dexBuilderDebug UP-TO-DATE
[        ] Caching disabled for task ':app:dexBuilderDebug' because:
[        ]   Build cache is disabled
[        ] Skipping task ':app:dexBuilderDebug' as it is up-to-date.
[        ] Resolve mutations for :app:mergeProjectDexDebug (Thread[#45638,Execution worker Thread 16,5,main]) started.
[        ] > Transform bundleLibRuntimeToDirDebug (project :video_player_android) with DexingNoClasspathTransform
[        ] Caching disabled for DexingNoClasspathTransform: /Users/florian/Code/substitution/build/video_player_android/intermediates/runtime_library_classes_dir/debug/bundleLibRuntimeToDirDebug because:
[        ]   Build cache is disabled
[        ] Skipping DexingNoClasspathTransform: /Users/florian/Code/substitution/build/video_player_android/intermediates/runtime_library_classes_dir/debug/bundleLibRuntimeToDirDebug as it is up-to-date.
[        ] Resolve mutations for :app:mergeLibDexDebug (Thread[#45638,Execution worker Thread 16,5,main]) started.
[        ] :app:mergeLibDexDebug (Thread[#45638,Execution worker Thread 16,5,main]) started.
[        ] > Task :app:mergeLibDexDebug UP-TO-DATE
[        ] Caching disabled for task ':app:mergeLibDexDebug' because:
[        ]   Build cache is disabled
[        ] Skipping task ':app:mergeLibDexDebug' as it is up-to-date.
[        ] :app:mergeProjectDexDebug (Thread[#45638,Execution worker Thread 16,5,main]) started.
[        ] > Task :app:mergeProjectDexDebug UP-TO-DATE
[        ] Caching disabled for task ':app:mergeProjectDexDebug' because:
[        ]   Build cache is disabled
[        ] Skipping task ':app:mergeProjectDexDebug' as it is up-to-date.
[        ] Resolve mutations for :app:configureCMakeDebug[arm64-v8a] (Thread[#45638,Execution worker Thread 16,5,main]) started.
[        ] :app:configureCMakeDebug[arm64-v8a] (Thread[#45638,Execution worker Thread 16,5,main]) started.
[        ] > Task :app:configureCMakeDebug[arm64-v8a]
[        ] Caching disabled for task ':app:configureCMakeDebug[arm64-v8a]' because:
[        ]   Build cache is disabled
[        ]   Caching has been disabled for the task
[        ] Task ':app:configureCMakeDebug[arm64-v8a]' is not up-to-date because:
[        ]   Task.upToDateWhen is false.
[        ] C/C++: /opt/homebrew/share/flutter/packages/flutter_tools/gradle/src/main/scripts/CMakeLists.txt debug|arm64-v8a : Start JSON generation. Platform version: 24 min SDK version: arm64-v8a
[        ] C/C++: /opt/homebrew/share/flutter/packages/flutter_tools/gradle/src/main/scripts/CMakeLists.txt debug|arm64-v8a : JSON '/Users/florian/Code/substitution/build/.cxx/debug/x6546535/arm64-v8a/android_gradle_build.json' was up-to-date
[        ] C/C++: /opt/homebrew/share/flutter/packages/flutter_tools/gradle/src/main/scripts/CMakeLists.txt debug|arm64-v8a : JSON generation completed without problems
[        ] C/C++: /opt/homebrew/share/flutter/packages/flutter_tools/gradle/src/main/scripts/CMakeLists.txt debug|arm64-v8a : Writing build model to /Users/florian/Code/substitution/build/app/intermediates/cxx/debug/x6546535/logs/arm64-v8a/build_model.json
[        ] Resolve mutations for :app:buildCMakeDebug[arm64-v8a] (Thread[#45638,Execution worker Thread 16,5,main]) started.
[        ] :app:buildCMakeDebug[arm64-v8a] (Thread[#45638,Execution worker Thread 16,5,main]) started.
[        ] > Task :app:buildCMakeDebug[arm64-v8a]
[        ] Caching disabled for task ':app:buildCMakeDebug[arm64-v8a]' because:
[        ]   Build cache is disabled
[        ]   Caching has been disabled for the task
[        ] Task ':app:buildCMakeDebug[arm64-v8a]' is not up-to-date because:
[        ]   Task.upToDateWhen is false.
[        ] C/C++: starting build
[        ] C/C++: reading expected JSONs
[        ] C/C++: done reading expected JSONs
[        ] C/C++: executing build commands for targets that produce .so files or executables
[        ] C/C++: evaluate miniconfig
[        ] C/C++: no libraries
[        ] Resolve mutations for :app:configureCMakeDebug[armeabi-v7a] (Thread[#45638,Execution worker Thread 16,5,main]) started.
[        ] :app:configureCMakeDebug[armeabi-v7a] (Thread[#45638,Execution worker Thread 16,5,main]) started.
[        ] > Task :app:configureCMakeDebug[armeabi-v7a]
[        ] Caching disabled for task ':app:configureCMakeDebug[armeabi-v7a]' because:
[        ]   Build cache is disabled
[        ]   Caching has been disabled for the task
[        ] Task ':app:configureCMakeDebug[armeabi-v7a]' is not up-to-date because:
[        ]   Task.upToDateWhen is false.
[        ] C/C++: /opt/homebrew/share/flutter/packages/flutter_tools/gradle/src/main/scripts/CMakeLists.txt debug|armeabi-v7a : Start JSON generation. Platform version: 24 min SDK version: armeabi-v7a
[        ] C/C++: /opt/homebrew/share/flutter/packages/flutter_tools/gradle/src/main/scripts/CMakeLists.txt debug|armeabi-v7a : JSON '/Users/florian/Code/substitution/build/.cxx/debug/x6546535/armeabi-v7a/android_gradle_build.json' was up-to-date
[        ] C/C++: /opt/homebrew/share/flutter/packages/flutter_tools/gradle/src/main/scripts/CMakeLists.txt debug|armeabi-v7a : JSON generation completed without problems
[        ] C/C++: /opt/homebrew/share/flutter/packages/flutter_tools/gradle/src/main/scripts/CMakeLists.txt debug|armeabi-v7a : Writing build model to /Users/florian/Code/substitution/build/app/intermediates/cxx/debug/x6546535/logs/armeabi-v7a/build_model.json
[        ] Resolve mutations for :app:buildCMakeDebug[armeabi-v7a] (Thread[#45638,Execution worker Thread 16,5,main]) started.
[        ] :app:buildCMakeDebug[armeabi-v7a] (Thread[#45638,Execution worker Thread 16,5,main]) started.
[        ] > Task :app:buildCMakeDebug[armeabi-v7a]
[        ] Caching disabled for task ':app:buildCMakeDebug[armeabi-v7a]' because:
[        ]   Build cache is disabled
[        ]   Caching has been disabled for the task
[        ] Task ':app:buildCMakeDebug[armeabi-v7a]' is not up-to-date because:
[        ]   Task.upToDateWhen is false.
[        ] C/C++: starting build
[        ] C/C++: reading expected JSONs
[        ] C/C++: done reading expected JSONs
[        ] C/C++: executing build commands for targets that produce .so files or executables
[        ] C/C++: evaluate miniconfig
[        ] C/C++: no libraries
[        ] Resolve mutations for :app:configureCMakeDebug[x86_64] (Thread[#45638,Execution worker Thread 16,5,main]) started.
[        ] :app:configureCMakeDebug[x86_64] (Thread[#45638,Execution worker Thread 16,5,main]) started.
[        ] > Task :app:configureCMakeDebug[x86_64]
[        ] Caching disabled for task ':app:configureCMakeDebug[x86_64]' because:
[        ]   Build cache is disabled
[        ]   Caching has been disabled for the task
[        ] Task ':app:configureCMakeDebug[x86_64]' is not up-to-date because:
[        ]   Task.upToDateWhen is false.
[        ] C/C++: /opt/homebrew/share/flutter/packages/flutter_tools/gradle/src/main/scripts/CMakeLists.txt debug|x86_64 : Start JSON generation. Platform version: 24 min SDK version: x86_64
[        ] C/C++: /opt/homebrew/share/flutter/packages/flutter_tools/gradle/src/main/scripts/CMakeLists.txt debug|x86_64 : JSON '/Users/florian/Code/substitution/build/.cxx/debug/x6546535/x86_64/android_gradle_build.json' was up-to-date
[        ] C/C++: /opt/homebrew/share/flutter/packages/flutter_tools/gradle/src/main/scripts/CMakeLists.txt debug|x86_64 : JSON generation completed without problems
[        ] C/C++: /opt/homebrew/share/flutter/packages/flutter_tools/gradle/src/main/scripts/CMakeLists.txt debug|x86_64 : Writing build model to /Users/florian/Code/substitution/build/app/intermediates/cxx/debug/x6546535/logs/x86_64/build_model.json
[        ] Resolve mutations for :app:buildCMakeDebug[x86_64] (Thread[#45638,Execution worker Thread 16,5,main]) started.
[        ] :app:buildCMakeDebug[x86_64] (Thread[#45638,Execution worker Thread 16,5,main]) started.
[        ] > Task :app:buildCMakeDebug[x86_64]
[        ] Caching disabled for task ':app:buildCMakeDebug[x86_64]' because:
[        ]   Build cache is disabled
[        ]   Caching has been disabled for the task
[        ] Task ':app:buildCMakeDebug[x86_64]' is not up-to-date because:
[        ]   Task.upToDateWhen is false.
[        ] C/C++: starting build
[        ] C/C++: reading expected JSONs
[        ] C/C++: done reading expected JSONs
[        ] C/C++: executing build commands for targets that produce .so files or executables
[        ] C/C++: evaluate miniconfig
[        ] C/C++: no libraries
[        ] Resolve mutations for :app:mergeDebugJniLibFolders (Thread[#45638,Execution worker Thread 16,5,main]) started.
[        ] :app:mergeDebugJniLibFolders (Thread[#45638,Execution worker Thread 16,5,main]) started.
[        ] > Task :app:mergeDebugJniLibFolders UP-TO-DATE
[        ] Caching disabled for task ':app:mergeDebugJniLibFolders' because:
[        ]   Build cache is disabled
[        ]   Simple merging task
[        ] Skipping task ':app:mergeDebugJniLibFolders' as it is up-to-date.
[        ] Resolve mutations for :connectivity_plus:mergeDebugJniLibFolders (Thread[#45638,Execution worker Thread 16,5,main]) started.
[        ] :connectivity_plus:mergeDebugJniLibFolders (Thread[#45638,Execution worker Thread 16,5,main]) started.
[        ] > Task :connectivity_plus:mergeDebugJniLibFolders UP-TO-DATE
[        ] Caching disabled for task ':connectivity_plus:mergeDebugJniLibFolders' because:
[        ]   Build cache is disabled
[        ]   Simple merging task
[        ] Skipping task ':connectivity_plus:mergeDebugJniLibFolders' as it is up-to-date.
[        ] Resolve mutations for :connectivity_plus:mergeDebugNativeLibs (Thread[#45638,Execution worker Thread 16,5,main]) started.
[        ] :connectivity_plus:mergeDebugNativeLibs (Thread[#45638,Execution worker Thread 16,5,main]) started.
[        ] > Task :connectivity_plus:mergeDebugNativeLibs NO-SOURCE
[        ] Skipping task ':connectivity_plus:mergeDebugNativeLibs' as it has no source files and no previous output files.
[        ] Resolve mutations for :connectivity_plus:copyDebugJniLibsProjectOnly (Thread[#45638,Execution worker Thread 16,5,main]) started.
[        ] :connectivity_plus:copyDebugJniLibsProjectOnly (Thread[#45638,Execution worker Thread 16,5,main]) started.
[        ] > Task :connectivity_plus:copyDebugJniLibsProjectOnly UP-TO-DATE
[        ] Caching disabled for task ':connectivity_plus:copyDebugJniLibsProjectOnly' because:
[        ]   Build cache is disabled
[        ]   Caching has been disabled for the task
[        ] Skipping task ':connectivity_plus:copyDebugJniLibsProjectOnly' as it is up-to-date.
[        ] work action resolve jni (project :connectivity_plus) (Thread[#45638,Execution worker Thread 16,5,main]) started.
[        ] Resolve mutations for :emoji_picker_flutter:mergeDebugJniLibFolders (Thread[#45638,Execution worker Thread 16,5,main]) started.
[        ] :emoji_picker_flutter:mergeDebugJniLibFolders (Thread[#45638,Execution worker Thread 16,5,main]) started.
[        ] > Task :emoji_picker_flutter:mergeDebugJniLibFolders UP-TO-DATE
[        ] Caching disabled for task ':emoji_picker_flutter:mergeDebugJniLibFolders' because:
[        ]   Build cache is disabled
[        ]   Simple merging task
[        ] Skipping task ':emoji_picker_flutter:mergeDebugJniLibFolders' as it is up-to-date.
[        ] Resolve mutations for :emoji_picker_flutter:mergeDebugNativeLibs (Thread[#45638,Execution worker Thread 16,5,main]) started.
[        ] :emoji_picker_flutter:mergeDebugNativeLibs (Thread[#45638,Execution worker Thread 16,5,main]) started.
[        ] > Task :emoji_picker_flutter:mergeDebugNativeLibs NO-SOURCE
[        ] Skipping task ':emoji_picker_flutter:mergeDebugNativeLibs' as it has no source files and no previous output files.
[        ] Resolve mutations for :emoji_picker_flutter:copyDebugJniLibsProjectOnly (Thread[#45638,Execution worker Thread 16,5,main]) started.
[        ] :emoji_picker_flutter:copyDebugJniLibsProjectOnly (Thread[#45638,Execution worker Thread 16,5,main]) started.
[        ] > Task :emoji_picker_flutter:copyDebugJniLibsProjectOnly UP-TO-DATE
[        ] Caching disabled for task ':emoji_picker_flutter:copyDebugJniLibsProjectOnly' because:
[        ]   Build cache is disabled
[        ]   Caching has been disabled for the task
[        ] Skipping task ':emoji_picker_flutter:copyDebugJniLibsProjectOnly' as it is up-to-date.
[        ] work action resolve jni (project :emoji_picker_flutter) (Thread[#45638,Execution worker Thread 16,5,main]) started.
[        ] Resolve mutations for :file_selector_android:mergeDebugJniLibFolders (Thread[#45638,Execution worker Thread 16,5,main]) started.
[        ] :file_selector_android:mergeDebugJniLibFolders (Thread[#45638,Execution worker Thread 16,5,main]) started.
[        ] > Task :file_selector_android:mergeDebugJniLibFolders UP-TO-DATE
[        ] Caching disabled for task ':file_selector_android:mergeDebugJniLibFolders' because:
[        ]   Build cache is disabled
[        ]   Simple merging task
[        ] Skipping task ':file_selector_android:mergeDebugJniLibFolders' as it is up-to-date.
[        ] Resolve mutations for :file_selector_android:mergeDebugNativeLibs (Thread[#45638,Execution worker Thread 16,5,main]) started.
[        ] :file_selector_android:mergeDebugNativeLibs (Thread[#45638,Execution worker Thread 16,5,main]) started.
[        ] > Task :file_selector_android:mergeDebugNativeLibs NO-SOURCE
[        ] Skipping task ':file_selector_android:mergeDebugNativeLibs' as it has no source files and no previous output files.
[        ] Resolve mutations for :file_selector_android:copyDebugJniLibsProjectOnly (Thread[#45638,Execution worker Thread 16,5,main]) started.
[        ] :file_selector_android:copyDebugJniLibsProjectOnly (Thread[#45638,Execution worker Thread 16,5,main]) started.
[        ] > Task :file_selector_android:copyDebugJniLibsProjectOnly UP-TO-DATE
[        ] Caching disabled for task ':file_selector_android:copyDebugJniLibsProjectOnly' because:
[        ]   Build cache is disabled
[        ]   Caching has been disabled for the task
[        ] Skipping task ':file_selector_android:copyDebugJniLibsProjectOnly' as it is up-to-date.
[        ] work action resolve jni (project :file_selector_android) (Thread[#45638,Execution worker Thread 16,5,main]) started.
[        ] Resolve mutations for :flutter_keyboard_visibility_temp_fork:mergeDebugJniLibFolders (Thread[#45638,Execution worker Thread 16,5,main]) started.
[        ] :flutter_keyboard_visibility_temp_fork:mergeDebugJniLibFolders (Thread[#45638,Execution worker Thread 16,5,main]) started.
[        ] > Task :flutter_keyboard_visibility_temp_fork:mergeDebugJniLibFolders UP-TO-DATE
[        ] Caching disabled for task ':flutter_keyboard_visibility_temp_fork:mergeDebugJniLibFolders' because:
[        ]   Build cache is disabled
[        ]   Simple merging task
[        ] Skipping task ':flutter_keyboard_visibility_temp_fork:mergeDebugJniLibFolders' as it is up-to-date.
[        ] Resolve mutations for :flutter_keyboard_visibility_temp_fork:mergeDebugNativeLibs (Thread[#45638,Execution worker Thread 16,5,main]) started.
[        ] :flutter_keyboard_visibility_temp_fork:mergeDebugNativeLibs (Thread[#45638,Execution worker Thread 16,5,main]) started.
[        ] > Task :flutter_keyboard_visibility_temp_fork:mergeDebugNativeLibs NO-SOURCE
[        ] Skipping task ':flutter_keyboard_visibility_temp_fork:mergeDebugNativeLibs' as it has no source files and no previous output files.
[        ] Resolve mutations for :flutter_keyboard_visibility_temp_fork:copyDebugJniLibsProjectOnly (Thread[#45638,Execution worker Thread 16,5,main]) started.
[        ] :flutter_keyboard_visibility_temp_fork:copyDebugJniLibsProjectOnly (Thread[#45638,Execution worker Thread 16,5,main]) started.
[        ] > Task :flutter_keyboard_visibility_temp_fork:copyDebugJniLibsProjectOnly UP-TO-DATE
[        ] Caching disabled for task ':flutter_keyboard_visibility_temp_fork:copyDebugJniLibsProjectOnly' because:
[        ]   Build cache is disabled
[        ]   Caching has been disabled for the task
[        ] Skipping task ':flutter_keyboard_visibility_temp_fork:copyDebugJniLibsProjectOnly' as it is up-to-date.
[        ] work action resolve jni (project :flutter_keyboard_visibility_temp_fork) (Thread[#45638,Execution worker Thread 16,5,main]) started.
[        ] Resolve mutations for :flutter_native_splash:mergeDebugJniLibFolders (Thread[#45638,Execution worker Thread 16,5,main]) started.
[        ] :flutter_native_splash:mergeDebugJniLibFolders (Thread[#45638,Execution worker Thread 16,5,main]) started.
[        ] > Task :flutter_native_splash:mergeDebugJniLibFolders UP-TO-DATE
[        ] Caching disabled for task ':flutter_native_splash:mergeDebugJniLibFolders' because:
[        ]   Build cache is disabled
[        ]   Simple merging task
[        ] Skipping task ':flutter_native_splash:mergeDebugJniLibFolders' as it is up-to-date.
[        ] Resolve mutations for :flutter_native_splash:mergeDebugNativeLibs (Thread[#45638,Execution worker Thread 16,5,main]) started.
[        ] :flutter_native_splash:mergeDebugNativeLibs (Thread[#45638,Execution worker Thread 16,5,main]) started.
[        ] > Task :flutter_native_splash:mergeDebugNativeLibs NO-SOURCE
[        ] Skipping task ':flutter_native_splash:mergeDebugNativeLibs' as it has no source files and no previous output files.
[        ] Resolve mutations for :flutter_native_splash:copyDebugJniLibsProjectOnly (Thread[#45638,Execution worker Thread 16,5,main]) started.
[        ] :flutter_native_splash:copyDebugJniLibsProjectOnly (Thread[#45638,Execution worker Thread 16,5,main]) started.
[        ] > Task :flutter_native_splash:copyDebugJniLibsProjectOnly UP-TO-DATE
[        ] Caching disabled for task ':flutter_native_splash:copyDebugJniLibsProjectOnly' because:
[        ]   Build cache is disabled
[        ]   Caching has been disabled for the task
[        ] Skipping task ':flutter_native_splash:copyDebugJniLibsProjectOnly' as it is up-to-date.
[        ] work action resolve jni (project :flutter_native_splash) (Thread[#45638,Execution worker Thread 16,5,main]) started.
[        ] Resolve mutations for :flutter_olm:preProfileBuild (Thread[#45638,Execution worker Thread 16,5,main]) started.
[        ] :flutter_olm:preProfileBuild (Thread[#45638,Execution worker Thread 16,5,main]) started.
[        ] > Task :flutter_olm:preProfileBuild UP-TO-DATE
[        ] Skipping task ':flutter_olm:preProfileBuild' as it has no actions.
[        ] Resolve mutations for :flutter_olm:configureCMakeDebug[arm64-v8a] (Thread[#45638,Execution worker Thread 16,5,main]) started.
[        ] :flutter_olm:configureCMakeDebug[arm64-v8a] (Thread[#45638,Execution worker Thread 16,5,main]) started.
[        ] > Task :flutter_olm:configureCMakeDebug[arm64-v8a]
[        ] Caching disabled for task ':flutter_olm:configureCMakeDebug[arm64-v8a]' because:
[        ]   Build cache is disabled
[        ]   Caching has been disabled for the task
[        ] Task ':flutter_olm:configureCMakeDebug[arm64-v8a]' is not up-to-date because:
[        ]   Task.upToDateWhen is false.
[        ] C/C++: /Users/florian/.pub-cache/hosted/pub.dev/flutter_olm-2.0.0/ios/CMakeLists.txt profile|arm64-v8a : Start JSON generation. Platform version: 21 min SDK version: arm64-v8a
[        ] C/C++: /Users/florian/.pub-cache/hosted/pub.dev/flutter_olm-2.0.0/ios/CMakeLists.txt profile|arm64-v8a : JSON '/Users/florian/.pub-cache/hosted/pub.dev/flutter_olm-2.0.0/android/.cxx/Debug/611a6669/arm64-v8a/android_gradle_build.json' was up-to-date
[        ] C/C++: /Users/florian/.pub-cache/hosted/pub.dev/flutter_olm-2.0.0/ios/CMakeLists.txt profile|arm64-v8a : JSON generation completed without problems
[        ] C/C++: /Users/florian/.pub-cache/hosted/pub.dev/flutter_olm-2.0.0/ios/CMakeLists.txt profile|arm64-v8a : Writing build model to /Users/florian/Code/substitution/build/flutter_olm/intermediates/cxx/Debug/611a6669/logs/arm64-v8a/build_model.json
[        ] Resolve mutations for :flutter_olm:buildCMakeDebug[arm64-v8a] (Thread[#45638,Execution worker Thread 16,5,main]) started.
[        ] :flutter_olm:buildCMakeDebug[arm64-v8a] (Thread[#45638,Execution worker Thread 16,5,main]) started.
[        ] > Task :flutter_olm:buildCMakeDebug[arm64-v8a]
[        ] Caching disabled for task ':flutter_olm:buildCMakeDebug[arm64-v8a]' because:
[        ]   Build cache is disabled
[        ]   Caching has been disabled for the task
[        ] Task ':flutter_olm:buildCMakeDebug[arm64-v8a]' is not up-to-date because:
[        ]   Task.upToDateWhen is false.
[        ] C/C++: starting build
[        ] C/C++: reading expected JSONs
[        ] C/C++: done reading expected JSONs
[        ] C/C++: executing build commands for targets that produce .so files or executables
[        ] C/C++: evaluate miniconfig
[        ] C/C++: evaluate library olm (arm64-v8a)
[        ] C/C++: building target library olm because no targets are specified.
[        ] C/C++: about to build targets olm
[        ] C/C++: Build olm
[        ] C/C++: /Users/florian/Library/Android/sdk/cmake/3.22.1/bin/ninja \
[        ]   -C \
[        ]   /Users/florian/.pub-cache/hosted/pub.dev/flutter_olm-2.0.0/android/.cxx/Debug/611a6669/arm64-v8a \
[        ]   olm
[        ] Starting process 'command '/Users/florian/Library/Android/sdk/cmake/3.22.1/bin/ninja''. Working directory: /Users/florian/.pub-cache/hosted/pub.dev/flutter_olm-2.0.0/android Command: /Users/florian/Library/Android/sdk/cmake/3.22.1/bin/ninja -C /Users/florian/.pub-cache/hosted/pub.dev/flutter_olm-2.0.0/android/.cxx/Debug/611a6669/arm64-v8a olm
[        ] Successfully started process 'command '/Users/florian/Library/Android/sdk/cmake/3.22.1/bin/ninja''
[        ] C/C++: Received process result: 0
[        ] C/C++: check expected build outputs
[        ] C/C++: build complete
[        ] Resolve mutations for :flutter_olm:configureCMakeDebug[armeabi-v7a] (Thread[#45638,Execution worker Thread 16,5,main]) started.
[        ] :flutter_olm:configureCMakeDebug[armeabi-v7a] (Thread[#45638,Execution worker Thread 16,5,main]) started.
[        ] > Task :flutter_olm:configureCMakeDebug[armeabi-v7a]
[        ] Caching disabled for task ':flutter_olm:configureCMakeDebug[armeabi-v7a]' because:
[        ]   Build cache is disabled
[        ]   Caching has been disabled for the task
[        ] Task ':flutter_olm:configureCMakeDebug[armeabi-v7a]' is not up-to-date because:
[        ]   Task.upToDateWhen is false.
[        ] C/C++: /Users/florian/.pub-cache/hosted/pub.dev/flutter_olm-2.0.0/ios/CMakeLists.txt profile|armeabi-v7a : Start JSON generation. Platform version: 21 min SDK version: armeabi-v7a
[        ] C/C++: /Users/florian/.pub-cache/hosted/pub.dev/flutter_olm-2.0.0/ios/CMakeLists.txt profile|armeabi-v7a : JSON '/Users/florian/.pub-cache/hosted/pub.dev/flutter_olm-2.0.0/android/.cxx/Debug/611a6669/armeabi-v7a/android_gradle_build.json' was up-to-date
[        ] C/C++: /Users/florian/.pub-cache/hosted/pub.dev/flutter_olm-2.0.0/ios/CMakeLists.txt profile|armeabi-v7a : JSON generation completed without problems
[        ] C/C++: /Users/florian/.pub-cache/hosted/pub.dev/flutter_olm-2.0.0/ios/CMakeLists.txt profile|armeabi-v7a : Writing build model to /Users/florian/Code/substitution/build/flutter_olm/intermediates/cxx/Debug/611a6669/logs/armeabi-v7a/build_model.json
[        ] Resolve mutations for :flutter_olm:buildCMakeDebug[armeabi-v7a] (Thread[#45638,Execution worker Thread 16,5,main]) started.
[        ] :flutter_olm:buildCMakeDebug[armeabi-v7a] (Thread[#45638,Execution worker Thread 16,5,main]) started.
[        ] > Task :flutter_olm:buildCMakeDebug[armeabi-v7a]
[        ] Caching disabled for task ':flutter_olm:buildCMakeDebug[armeabi-v7a]' because:
[        ]   Build cache is disabled
[        ]   Caching has been disabled for the task
[        ] Task ':flutter_olm:buildCMakeDebug[armeabi-v7a]' is not up-to-date because:
[        ]   Task.upToDateWhen is false.
[        ] C/C++: starting build
[        ] C/C++: reading expected JSONs
[        ] C/C++: done reading expected JSONs
[        ] C/C++: executing build commands for targets that produce .so files or executables
[        ] C/C++: evaluate miniconfig
[        ] C/C++: evaluate library olm (armeabi-v7a)
[        ] C/C++: building target library olm because no targets are specified.
[        ] C/C++: about to build targets olm
[        ] C/C++: Build olm
[        ] C/C++: /Users/florian/Library/Android/sdk/cmake/3.22.1/bin/ninja \
[        ]   -C \
[        ]   /Users/florian/.pub-cache/hosted/pub.dev/flutter_olm-2.0.0/android/.cxx/Debug/611a6669/armeabi-v7a \
[        ]   olm
[        ] Starting process 'command '/Users/florian/Library/Android/sdk/cmake/3.22.1/bin/ninja''. Working directory: /Users/florian/.pub-cache/hosted/pub.dev/flutter_olm-2.0.0/android Command: /Users/florian/Library/Android/sdk/cmake/3.22.1/bin/ninja -C /Users/florian/.pub-cache/hosted/pub.dev/flutter_olm-2.0.0/android/.cxx/Debug/611a6669/armeabi-v7a olm
[        ] Successfully started process 'command '/Users/florian/Library/Android/sdk/cmake/3.22.1/bin/ninja''
[        ] C/C++: Received process result: 0
[        ] C/C++: check expected build outputs
[        ] C/C++: build complete
[        ] Resolve mutations for :flutter_olm:configureCMakeDebug[x86] (Thread[#45638,Execution worker Thread 16,5,main]) started.
[        ] :flutter_olm:configureCMakeDebug[x86] (Thread[#45638,Execution worker Thread 16,5,main]) started.
[        ] > Task :flutter_olm:configureCMakeDebug[x86]
[        ] Caching disabled for task ':flutter_olm:configureCMakeDebug[x86]' because:
[        ]   Build cache is disabled
[        ]   Caching has been disabled for the task
[        ] Task ':flutter_olm:configureCMakeDebug[x86]' is not up-to-date because:
[        ]   Task.upToDateWhen is false.
[        ] C/C++: /Users/florian/.pub-cache/hosted/pub.dev/flutter_olm-2.0.0/ios/CMakeLists.txt profile|x86 : Start JSON generation. Platform version: 21 min SDK version: x86
[        ] C/C++: /Users/florian/.pub-cache/hosted/pub.dev/flutter_olm-2.0.0/ios/CMakeLists.txt profile|x86 : JSON '/Users/florian/.pub-cache/hosted/pub.dev/flutter_olm-2.0.0/android/.cxx/Debug/611a6669/x86/android_gradle_build.json' was up-to-date
[        ] C/C++: /Users/florian/.pub-cache/hosted/pub.dev/flutter_olm-2.0.0/ios/CMakeLists.txt profile|x86 : JSON generation completed without problems
[        ] C/C++: /Users/florian/.pub-cache/hosted/pub.dev/flutter_olm-2.0.0/ios/CMakeLists.txt profile|x86 : Writing build model to /Users/florian/Code/substitution/build/flutter_olm/intermediates/cxx/Debug/611a6669/logs/x86/build_model.json
[        ] Resolve mutations for :flutter_olm:buildCMakeDebug[x86] (Thread[#45638,Execution worker Thread 16,5,main]) started.
[        ] :flutter_olm:buildCMakeDebug[x86] (Thread[#45638,Execution worker Thread 16,5,main]) started.
[        ] > Task :flutter_olm:buildCMakeDebug[x86]
[        ] Caching disabled for task ':flutter_olm:buildCMakeDebug[x86]' because:
[        ]   Build cache is disabled
[        ]   Caching has been disabled for the task
[        ] Task ':flutter_olm:buildCMakeDebug[x86]' is not up-to-date because:
[        ]   Task.upToDateWhen is false.
[        ] C/C++: starting build
[        ] C/C++: reading expected JSONs
[        ] C/C++: done reading expected JSONs
[        ] C/C++: executing build commands for targets that produce .so files or executables
[        ] C/C++: evaluate miniconfig
[        ] C/C++: evaluate library olm (x86)
[        ] C/C++: building target library olm because no targets are specified.
[        ] C/C++: about to build targets olm
[        ] C/C++: Build olm
[        ] C/C++: /Users/florian/Library/Android/sdk/cmake/3.22.1/bin/ninja \
[        ]   -C \
[        ]   /Users/florian/.pub-cache/hosted/pub.dev/flutter_olm-2.0.0/android/.cxx/Debug/611a6669/x86 \
[        ]   olm
[        ] Starting process 'command '/Users/florian/Library/Android/sdk/cmake/3.22.1/bin/ninja''. Working directory: /Users/florian/.pub-cache/hosted/pub.dev/flutter_olm-2.0.0/android Command: /Users/florian/Library/Android/sdk/cmake/3.22.1/bin/ninja -C /Users/florian/.pub-cache/hosted/pub.dev/flutter_olm-2.0.0/android/.cxx/Debug/611a6669/x86 olm
[        ] Successfully started process 'command '/Users/florian/Library/Android/sdk/cmake/3.22.1/bin/ninja''
[        ] C/C++: Received process result: 0
[        ] C/C++: check expected build outputs
[        ] C/C++: build complete
[        ] Resolve mutations for :flutter_olm:configureCMakeDebug[x86_64] (Thread[#45638,Execution worker Thread 16,5,main]) started.
[        ] :flutter_olm:configureCMakeDebug[x86_64] (Thread[#45638,Execution worker Thread 16,5,main]) started.
[        ] > Task :flutter_olm:configureCMakeDebug[x86_64]
[        ] Caching disabled for task ':flutter_olm:configureCMakeDebug[x86_64]' because:
[        ]   Build cache is disabled
[        ]   Caching has been disabled for the task
[        ] Task ':flutter_olm:configureCMakeDebug[x86_64]' is not up-to-date because:
[        ]   Task.upToDateWhen is false.
[        ] C/C++: /Users/florian/.pub-cache/hosted/pub.dev/flutter_olm-2.0.0/ios/CMakeLists.txt profile|x86_64 : Start JSON generation. Platform version: 21 min SDK version: x86_64
[        ] C/C++: /Users/florian/.pub-cache/hosted/pub.dev/flutter_olm-2.0.0/ios/CMakeLists.txt profile|x86_64 : JSON '/Users/florian/.pub-cache/hosted/pub.dev/flutter_olm-2.0.0/android/.cxx/Debug/611a6669/x86_64/android_gradle_build.json' was up-to-date
[        ] C/C++: /Users/florian/.pub-cache/hosted/pub.dev/flutter_olm-2.0.0/ios/CMakeLists.txt profile|x86_64 : JSON generation completed without problems
[        ] C/C++: /Users/florian/.pub-cache/hosted/pub.dev/flutter_olm-2.0.0/ios/CMakeLists.txt profile|x86_64 : Writing build model to /Users/florian/Code/substitution/build/flutter_olm/intermediates/cxx/Debug/611a6669/logs/x86_64/build_model.json
[        ] Resolve mutations for :flutter_olm:buildCMakeDebug[x86_64] (Thread[#45638,Execution worker Thread 16,5,main]) started.
[        ] :flutter_olm:buildCMakeDebug[x86_64] (Thread[#45638,Execution worker Thread 16,5,main]) started.
[        ] > Task :flutter_olm:buildCMakeDebug[x86_64]
[        ] Caching disabled for task ':flutter_olm:buildCMakeDebug[x86_64]' because:
[        ]   Build cache is disabled
[        ]   Caching has been disabled for the task
[        ] Task ':flutter_olm:buildCMakeDebug[x86_64]' is not up-to-date because:
[        ]   Task.upToDateWhen is false.
[        ] C/C++: starting build
[        ] C/C++: reading expected JSONs
[        ] C/C++: done reading expected JSONs
[        ] C/C++: executing build commands for targets that produce .so files or executables
[        ] C/C++: evaluate miniconfig
[        ] C/C++: evaluate library olm (x86_64)
[        ] C/C++: building target library olm because no targets are specified.
[        ] C/C++: about to build targets olm
[        ] C/C++: Build olm
[        ] C/C++: /Users/florian/Library/Android/sdk/cmake/3.22.1/bin/ninja \
[        ]   -C \
[        ]   /Users/florian/.pub-cache/hosted/pub.dev/flutter_olm-2.0.0/android/.cxx/Debug/611a6669/x86_64 \
[        ]   olm
[        ] Starting process 'command '/Users/florian/Library/Android/sdk/cmake/3.22.1/bin/ninja''. Working directory: /Users/florian/.pub-cache/hosted/pub.dev/flutter_olm-2.0.0/android Command: /Users/florian/Library/Android/sdk/cmake/3.22.1/bin/ninja -C /Users/florian/.pub-cache/hosted/pub.dev/flutter_olm-2.0.0/android/.cxx/Debug/611a6669/x86_64 olm
[        ] Successfully started process 'command '/Users/florian/Library/Android/sdk/cmake/3.22.1/bin/ninja''
[        ] C/C++: Received process result: 0
[        ] C/C++: check expected build outputs
[        ] C/C++: build complete
[        ] Resolve mutations for :flutter_olm:mergeDebugJniLibFolders (Thread[#45638,Execution worker Thread 16,5,main]) started.
[        ] :flutter_olm:mergeDebugJniLibFolders (Thread[#45638,Execution worker Thread 16,5,main]) started.
[        ] > Task :flutter_olm:mergeDebugJniLibFolders UP-TO-DATE
[        ] Caching disabled for task ':flutter_olm:mergeDebugJniLibFolders' because:
[        ]   Build cache is disabled
[        ]   Simple merging task
[        ] Skipping task ':flutter_olm:mergeDebugJniLibFolders' as it is up-to-date.
[        ] Resolve mutations for :flutter_olm:mergeDebugNativeLibs (Thread[#45638,Execution worker Thread 16,5,main]) started.
[        ] :flutter_olm:mergeDebugNativeLibs (Thread[#45638,Execution worker Thread 16,5,main]) started.
[        ] > Task :flutter_olm:mergeDebugNativeLibs UP-TO-DATE
[        ] Caching disabled for task ':flutter_olm:mergeDebugNativeLibs' because:
[        ]   Build cache is disabled
[        ]   Caching has been disabled for the task
[        ] Skipping task ':flutter_olm:mergeDebugNativeLibs' as it is up-to-date.
[        ] Resolve mutations for :flutter_olm:copyDebugJniLibsProjectOnly (Thread[#45638,Execution worker Thread 16,5,main]) started.
[        ] :flutter_olm:copyDebugJniLibsProjectOnly (Thread[#45638,Execution worker Thread 16,5,main]) started.
[        ] > Task :flutter_olm:copyDebugJniLibsProjectOnly UP-TO-DATE
[        ] Caching disabled for task ':flutter_olm:copyDebugJniLibsProjectOnly' because:
[        ]   Build cache is disabled
[        ]   Caching has been disabled for the task
[        ] Skipping task ':flutter_olm:copyDebugJniLibsProjectOnly' as it is up-to-date.
[        ] work action resolve jni (project :flutter_olm) (Thread[#45638,Execution worker Thread 16,5,main]) started.
[        ] Resolve mutations for :flutter_openssl_crypto:preProfileBuild (Thread[#45638,Execution worker Thread 16,5,main]) started.
[        ] :flutter_openssl_crypto:preProfileBuild (Thread[#45638,Execution worker Thread 16,5,main]) started.
[        ] > Task :flutter_openssl_crypto:preProfileBuild UP-TO-DATE
[        ] Skipping task ':flutter_openssl_crypto:preProfileBuild' as it has no actions.
[        ] Resolve mutations for :flutter_openssl_crypto:configureCMakeDebug[arm64-v8a] (Thread[#45638,Execution worker Thread 16,5,main]) started.
[        ] :flutter_openssl_crypto:configureCMakeDebug[arm64-v8a] (Thread[#45638,Execution worker Thread 16,5,main]) started.
[        ] > Task :flutter_openssl_crypto:configureCMakeDebug[arm64-v8a]
[        ] Caching disabled for task ':flutter_openssl_crypto:configureCMakeDebug[arm64-v8a]' because:
[        ]   Build cache is disabled
[        ]   Caching has been disabled for the task
[        ] Task ':flutter_openssl_crypto:configureCMakeDebug[arm64-v8a]' is not up-to-date because:
[        ]   Task.upToDateWhen is false.
[        ] C/C++: /Users/florian/.pub-cache/hosted/pub.dev/flutter_openssl_crypto-0.5.0/android/CMakeLists.txt profile|arm64-v8a : Start JSON generation. Platform version: 21 min SDK version: arm64-v8a
[        ] C/C++: /Users/florian/.pub-cache/hosted/pub.dev/flutter_openssl_crypto-0.5.0/android/CMakeLists.txt profile|arm64-v8a : JSON '/Users/florian/.pub-cache/hosted/pub.dev/flutter_openssl_crypto-0.5.0/android/.cxx/Debug/42n1p1e4/arm64-v8a/android_gradle_build.json' was up-to-date
[        ] C/C++: /Users/florian/.pub-cache/hosted/pub.dev/flutter_openssl_crypto-0.5.0/android/CMakeLists.txt profile|arm64-v8a : JSON generation completed without problems
[        ] C/C++: /Users/florian/.pub-cache/hosted/pub.dev/flutter_openssl_crypto-0.5.0/android/CMakeLists.txt profile|arm64-v8a : Writing build model to /Users/florian/Code/substitution/build/flutter_openssl_crypto/intermediates/cxx/Debug/42n1p1e4/logs/arm64-v8a/build_model.json
[        ] Resolve mutations for :flutter_openssl_crypto:buildCMakeDebug[arm64-v8a] (Thread[#45638,Execution worker Thread 16,5,main]) started.
[        ] :flutter_openssl_crypto:buildCMakeDebug[arm64-v8a] (Thread[#45638,Execution worker Thread 16,5,main]) started.
20:30 +13 -48: loading /Users/florian/Code/substitution/integration_test/discovery_flow_test.dart                                                                                                      [  +83 ms] > Task :flutter_openssl_crypto:buildCMakeDebug[arm64-v8a]
[        ] Caching disabled for task ':flutter_openssl_crypto:buildCMakeDebug[arm64-v8a]' because:
[        ]   Build cache is disabled
[        ]   Caching has been disabled for the task
[        ] Task ':flutter_openssl_crypto:buildCMakeDebug[arm64-v8a]' is not up-to-date because:
[        ]   Task.upToDateWhen is false.
[        ] C/C++: starting build
[        ] C/C++: reading expected JSONs
[        ] C/C++: done reading expected JSONs
[        ] C/C++: executing build commands for targets that produce .so files or executables
[        ] C/C++: evaluate miniconfig
[        ] C/C++: evaluate library flutter_openssl_crypto (arm64-v8a)
[        ] C/C++: building target library flutter_openssl_crypto because no targets are specified.
[        ] C/C++: about to build targets flutter_openssl_crypto
[        ] C/C++: Build flutter_openssl_crypto
[        ] C/C++: /Users/florian/Library/Android/sdk/cmake/3.22.1/bin/ninja \
[        ]   -C \
[        ]   /Users/florian/.pub-cache/hosted/pub.dev/flutter_openssl_crypto-0.5.0/android/.cxx/Debug/42n1p1e4/arm64-v8a \
[        ]   flutter_openssl_crypto
[        ] Starting process 'command '/Users/florian/Library/Android/sdk/cmake/3.22.1/bin/ninja''. Working directory: /Users/florian/.pub-cache/hosted/pub.dev/flutter_openssl_crypto-0.5.0/android Command: /Users/florian/Library/Android/sdk/cmake/3.22.1/bin/ninja -C /Users/florian/.pub-cache/hosted/pub.dev/flutter_openssl_crypto-0.5.0/android/.cxx/Debug/42n1p1e4/arm64-v8a flutter_openssl_crypto
[        ] Successfully started process 'command '/Users/florian/Library/Android/sdk/cmake/3.22.1/bin/ninja''
[        ] C/C++: Received process result: 0
[        ] C/C++: check expected build outputs
[        ] C/C++: build complete
[        ] Resolve mutations for :flutter_openssl_crypto:configureCMakeDebug[armeabi-v7a] (Thread[#45638,Execution worker Thread 16,5,main]) started.
[        ] :flutter_openssl_crypto:configureCMakeDebug[armeabi-v7a] (Thread[#45638,Execution worker Thread 16,5,main]) started.
[        ] > Task :flutter_openssl_crypto:configureCMakeDebug[armeabi-v7a]
[        ] Caching disabled for task ':flutter_openssl_crypto:configureCMakeDebug[armeabi-v7a]' because:
[        ]   Build cache is disabled
[        ]   Caching has been disabled for the task
[        ] Task ':flutter_openssl_crypto:configureCMakeDebug[armeabi-v7a]' is not up-to-date because:
[        ]   Task.upToDateWhen is false.
[        ] C/C++: /Users/florian/.pub-cache/hosted/pub.dev/flutter_openssl_crypto-0.5.0/android/CMakeLists.txt profile|armeabi-v7a : Start JSON generation. Platform version: 21 min SDK version: armeabi-v7a
[        ] C/C++: /Users/florian/.pub-cache/hosted/pub.dev/flutter_openssl_crypto-0.5.0/android/CMakeLists.txt profile|armeabi-v7a : JSON '/Users/florian/.pub-cache/hosted/pub.dev/flutter_openssl_crypto-0.5.0/android/.cxx/Debug/42n1p1e4/armeabi-v7a/android_gradle_build.json' was up-to-date
[        ] C/C++: /Users/florian/.pub-cache/hosted/pub.dev/flutter_openssl_crypto-0.5.0/android/CMakeLists.txt profile|armeabi-v7a : JSON generation completed without problems
[        ] C/C++: /Users/florian/.pub-cache/hosted/pub.dev/flutter_openssl_crypto-0.5.0/android/CMakeLists.txt profile|armeabi-v7a : Writing build model to /Users/florian/Code/substitution/build/flutter_openssl_crypto/intermediates/cxx/Debug/42n1p1e4/logs/armeabi-v7a/build_model.json
[        ] Resolve mutations for :flutter_openssl_crypto:buildCMakeDebug[armeabi-v7a] (Thread[#45638,Execution worker Thread 16,5,main]) started.
[        ] :flutter_openssl_crypto:buildCMakeDebug[armeabi-v7a] (Thread[#45638,Execution worker Thread 16,5,main]) started.
[        ] > Task :flutter_openssl_crypto:buildCMakeDebug[armeabi-v7a]
[        ] Caching disabled for task ':flutter_openssl_crypto:buildCMakeDebug[armeabi-v7a]' because:
[        ]   Build cache is disabled
[        ]   Caching has been disabled for the task
[        ] Task ':flutter_openssl_crypto:buildCMakeDebug[armeabi-v7a]' is not up-to-date because:
[        ]   Task.upToDateWhen is false.
[        ] C/C++: starting build
[        ] C/C++: reading expected JSONs
[        ] C/C++: done reading expected JSONs
[        ] C/C++: executing build commands for targets that produce .so files or executables
[        ] C/C++: evaluate miniconfig
[        ] C/C++: evaluate library flutter_openssl_crypto (armeabi-v7a)
[        ] C/C++: building target library flutter_openssl_crypto because no targets are specified.
[        ] C/C++: about to build targets flutter_openssl_crypto
[        ] C/C++: Build flutter_openssl_crypto
[        ] C/C++: /Users/florian/Library/Android/sdk/cmake/3.22.1/bin/ninja \
[        ]   -C \
[        ]   /Users/florian/.pub-cache/hosted/pub.dev/flutter_openssl_crypto-0.5.0/android/.cxx/Debug/42n1p1e4/armeabi-v7a \
[        ]   flutter_openssl_crypto
[        ] Starting process 'command '/Users/florian/Library/Android/sdk/cmake/3.22.1/bin/ninja''. Working directory: /Users/florian/.pub-cache/hosted/pub.dev/flutter_openssl_crypto-0.5.0/android Command: /Users/florian/Library/Android/sdk/cmake/3.22.1/bin/ninja -C /Users/florian/.pub-cache/hosted/pub.dev/flutter_openssl_crypto-0.5.0/android/.cxx/Debug/42n1p1e4/armeabi-v7a flutter_openssl_crypto
[        ] Successfully started process 'command '/Users/florian/Library/Android/sdk/cmake/3.22.1/bin/ninja''
[        ] C/C++: Received process result: 0
[        ] C/C++: check expected build outputs
[        ] C/C++: build complete
[        ] Resolve mutations for :flutter_openssl_crypto:configureCMakeDebug[x86] (Thread[#45638,Execution worker Thread 16,5,main]) started.
[        ] :flutter_openssl_crypto:configureCMakeDebug[x86] (Thread[#45638,Execution worker Thread 16,5,main]) started.
[        ] > Task :flutter_openssl_crypto:configureCMakeDebug[x86]
[        ] Caching disabled for task ':flutter_openssl_crypto:configureCMakeDebug[x86]' because:
[        ]   Build cache is disabled
[        ]   Caching has been disabled for the task
[        ] Task ':flutter_openssl_crypto:configureCMakeDebug[x86]' is not up-to-date because:
[        ]   Task.upToDateWhen is false.
[        ] C/C++: /Users/florian/.pub-cache/hosted/pub.dev/flutter_openssl_crypto-0.5.0/android/CMakeLists.txt profile|x86 : Start JSON generation. Platform version: 21 min SDK version: x86
[        ] C/C++: /Users/florian/.pub-cache/hosted/pub.dev/flutter_openssl_crypto-0.5.0/android/CMakeLists.txt profile|x86 : JSON '/Users/florian/.pub-cache/hosted/pub.dev/flutter_openssl_crypto-0.5.0/android/.cxx/Debug/42n1p1e4/x86/android_gradle_build.json' was up-to-date
[        ] C/C++: /Users/florian/.pub-cache/hosted/pub.dev/flutter_openssl_crypto-0.5.0/android/CMakeLists.txt profile|x86 : JSON generation completed without problems
[        ] C/C++: /Users/florian/.pub-cache/hosted/pub.dev/flutter_openssl_crypto-0.5.0/android/CMakeLists.txt profile|x86 : Writing build model to /Users/florian/Code/substitution/build/flutter_openssl_crypto/intermediates/cxx/Debug/42n1p1e4/logs/x86/build_model.json
[        ] Resolve mutations for :flutter_openssl_crypto:buildCMakeDebug[x86] (Thread[#45638,Execution worker Thread 16,5,main]) started.
[        ] :flutter_openssl_crypto:buildCMakeDebug[x86] (Thread[#45638,Execution worker Thread 16,5,main]) started.
[        ] > Task :flutter_openssl_crypto:buildCMakeDebug[x86]
[        ] Caching disabled for task ':flutter_openssl_crypto:buildCMakeDebug[x86]' because:
[        ]   Build cache is disabled
[        ]   Caching has been disabled for the task
[        ] Task ':flutter_openssl_crypto:buildCMakeDebug[x86]' is not up-to-date because:
[        ]   Task.upToDateWhen is false.
[        ] C/C++: starting build
[        ] C/C++: reading expected JSONs
[        ] C/C++: done reading expected JSONs
[        ] C/C++: executing build commands for targets that produce .so files or executables
[        ] C/C++: evaluate miniconfig
[        ] C/C++: evaluate library flutter_openssl_crypto (x86)
[        ] C/C++: building target library flutter_openssl_crypto because no targets are specified.
[        ] C/C++: about to build targets flutter_openssl_crypto
[        ] C/C++: Build flutter_openssl_crypto
[        ] C/C++: /Users/florian/Library/Android/sdk/cmake/3.22.1/bin/ninja \
[        ]   -C \
[        ]   /Users/florian/.pub-cache/hosted/pub.dev/flutter_openssl_crypto-0.5.0/android/.cxx/Debug/42n1p1e4/x86 \
[        ]   flutter_openssl_crypto
[        ] Starting process 'command '/Users/florian/Library/Android/sdk/cmake/3.22.1/bin/ninja''. Working directory: /Users/florian/.pub-cache/hosted/pub.dev/flutter_openssl_crypto-0.5.0/android Command: /Users/florian/Library/Android/sdk/cmake/3.22.1/bin/ninja -C /Users/florian/.pub-cache/hosted/pub.dev/flutter_openssl_crypto-0.5.0/android/.cxx/Debug/42n1p1e4/x86 flutter_openssl_crypto
[        ] Successfully started process 'command '/Users/florian/Library/Android/sdk/cmake/3.22.1/bin/ninja''
[        ] C/C++: Received process result: 0
[        ] C/C++: check expected build outputs
[        ] C/C++: build complete
[        ] Resolve mutations for :flutter_openssl_crypto:configureCMakeDebug[x86_64] (Thread[#45638,Execution worker Thread 16,5,main]) started.
[        ] :flutter_openssl_crypto:configureCMakeDebug[x86_64] (Thread[#45638,Execution worker Thread 16,5,main]) started.
[        ] > Task :flutter_openssl_crypto:configureCMakeDebug[x86_64]
[        ] Caching disabled for task ':flutter_openssl_crypto:configureCMakeDebug[x86_64]' because:
[        ]   Build cache is disabled
[        ]   Caching has been disabled for the task
[        ] Task ':flutter_openssl_crypto:configureCMakeDebug[x86_64]' is not up-to-date because:
[        ]   Task.upToDateWhen is false.
[        ] C/C++: /Users/florian/.pub-cache/hosted/pub.dev/flutter_openssl_crypto-0.5.0/android/CMakeLists.txt profile|x86_64 : Start JSON generation. Platform version: 21 min SDK version: x86_64
[        ] C/C++: /Users/florian/.pub-cache/hosted/pub.dev/flutter_openssl_crypto-0.5.0/android/CMakeLists.txt profile|x86_64 : JSON '/Users/florian/.pub-cache/hosted/pub.dev/flutter_openssl_crypto-0.5.0/android/.cxx/Debug/42n1p1e4/x86_64/android_gradle_build.json' was up-to-date
[        ] C/C++: /Users/florian/.pub-cache/hosted/pub.dev/flutter_openssl_crypto-0.5.0/android/CMakeLists.txt profile|x86_64 : JSON generation completed without problems
[        ] C/C++: /Users/florian/.pub-cache/hosted/pub.dev/flutter_openssl_crypto-0.5.0/android/CMakeLists.txt profile|x86_64 : Writing build model to /Users/florian/Code/substitution/build/flutter_openssl_crypto/intermediates/cxx/Debug/42n1p1e4/logs/x86_64/build_model.json
[        ] Resolve mutations for :flutter_openssl_crypto:buildCMakeDebug[x86_64] (Thread[#45638,Execution worker Thread 16,5,main]) started.
[        ] :flutter_openssl_crypto:buildCMakeDebug[x86_64] (Thread[#45638,Execution worker Thread 16,5,main]) started.
[        ] > Task :flutter_openssl_crypto:buildCMakeDebug[x86_64]
[        ] Caching disabled for task ':flutter_openssl_crypto:buildCMakeDebug[x86_64]' because:
[        ]   Build cache is disabled
[        ]   Caching has been disabled for the task
[        ] Task ':flutter_openssl_crypto:buildCMakeDebug[x86_64]' is not up-to-date because:
[        ]   Task.upToDateWhen is false.
[        ] C/C++: starting build
[        ] C/C++: reading expected JSONs
[        ] C/C++: done reading expected JSONs
[        ] C/C++: executing build commands for targets that produce .so files or executables
[        ] C/C++: evaluate miniconfig
[        ] C/C++: evaluate library flutter_openssl_crypto (x86_64)
[        ] C/C++: building target library flutter_openssl_crypto because no targets are specified.
[        ] C/C++: about to build targets flutter_openssl_crypto
[        ] C/C++: Build flutter_openssl_crypto
[        ] C/C++: /Users/florian/Library/Android/sdk/cmake/3.22.1/bin/ninja \
[        ]   -C \
[        ]   /Users/florian/.pub-cache/hosted/pub.dev/flutter_openssl_crypto-0.5.0/android/.cxx/Debug/42n1p1e4/x86_64 \
[        ]   flutter_openssl_crypto
[        ] Starting process 'command '/Users/florian/Library/Android/sdk/cmake/3.22.1/bin/ninja''. Working directory: /Users/florian/.pub-cache/hosted/pub.dev/flutter_openssl_crypto-0.5.0/android Command: /Users/florian/Library/Android/sdk/cmake/3.22.1/bin/ninja -C /Users/florian/.pub-cache/hosted/pub.dev/flutter_openssl_crypto-0.5.0/android/.cxx/Debug/42n1p1e4/x86_64 flutter_openssl_crypto
[        ] Successfully started process 'command '/Users/florian/Library/Android/sdk/cmake/3.22.1/bin/ninja''
[        ] C/C++: Received process result: 0
[        ] C/C++: check expected build outputs
[        ] C/C++: build complete
[        ] Resolve mutations for :flutter_openssl_crypto:mergeDebugJniLibFolders (Thread[#45638,Execution worker Thread 16,5,main]) started.
[        ] :flutter_openssl_crypto:mergeDebugJniLibFolders (Thread[#45638,Execution worker Thread 16,5,main]) started.
[        ] > Task :flutter_openssl_crypto:mergeDebugJniLibFolders UP-TO-DATE
[        ] Caching disabled for task ':flutter_openssl_crypto:mergeDebugJniLibFolders' because:
[        ]   Build cache is disabled
[        ]   Simple merging task
[        ] Skipping task ':flutter_openssl_crypto:mergeDebugJniLibFolders' as it is up-to-date.
[        ] Resolve mutations for :flutter_openssl_crypto:mergeDebugNativeLibs (Thread[#45638,Execution worker Thread 16,5,main]) started.
[        ] :flutter_openssl_crypto:mergeDebugNativeLibs (Thread[#45638,Execution worker Thread 16,5,main]) started.
[        ] > Task :flutter_openssl_crypto:mergeDebugNativeLibs UP-TO-DATE
[        ] Caching disabled for task ':flutter_openssl_crypto:mergeDebugNativeLibs' because:
[        ]   Build cache is disabled
[        ]   Caching has been disabled for the task
[        ] Skipping task ':flutter_openssl_crypto:mergeDebugNativeLibs' as it is up-to-date.
[        ] Resolve mutations for :flutter_openssl_crypto:copyDebugJniLibsProjectOnly (Thread[#45638,Execution worker Thread 16,5,main]) started.
[        ] :flutter_openssl_crypto:copyDebugJniLibsProjectOnly (Thread[#45638,Execution worker Thread 16,5,main]) started.
[        ] > Task :flutter_openssl_crypto:copyDebugJniLibsProjectOnly UP-TO-DATE
[        ] Caching disabled for task ':flutter_openssl_crypto:copyDebugJniLibsProjectOnly' because:
[        ]   Build cache is disabled
[        ]   Caching has been disabled for the task
[        ] Skipping task ':flutter_openssl_crypto:copyDebugJniLibsProjectOnly' as it is up-to-date.
[        ] work action resolve jni (project :flutter_openssl_crypto) (Thread[#45638,Execution worker Thread 16,5,main]) started.
[        ] Resolve mutations for :integration_test:mergeDebugJniLibFolders (Thread[#45638,Execution worker Thread 16,5,main]) started.
[        ] :integration_test:mergeDebugJniLibFolders (Thread[#45638,Execution worker Thread 16,5,main]) started.
[        ] > Task :integration_test:mergeDebugJniLibFolders UP-TO-DATE
[        ] Caching disabled for task ':integration_test:mergeDebugJniLibFolders' because:
[        ]   Build cache is disabled
[        ]   Simple merging task
[        ] Skipping task ':integration_test:mergeDebugJniLibFolders' as it is up-to-date.
[        ] Resolve mutations for :integration_test:mergeDebugNativeLibs (Thread[#45638,Execution worker Thread 16,5,main]) started.
[        ] :integration_test:mergeDebugNativeLibs (Thread[#45638,Execution worker Thread 16,5,main]) started.
[        ] > Task :integration_test:mergeDebugNativeLibs NO-SOURCE
[        ] Skipping task ':integration_test:mergeDebugNativeLibs' as it has no source files and no previous output files.
[        ] Resolve mutations for :integration_test:copyDebugJniLibsProjectOnly (Thread[#45638,Execution worker Thread 16,5,main]) started.
[        ] :integration_test:copyDebugJniLibsProjectOnly (Thread[#45638,Execution worker Thread 16,5,main]) started.
[        ] > Task :integration_test:copyDebugJniLibsProjectOnly UP-TO-DATE
[        ] Caching disabled for task ':integration_test:copyDebugJniLibsProjectOnly' because:
[        ]   Build cache is disabled
[        ]   Caching has been disabled for the task
[        ] Skipping task ':integration_test:copyDebugJniLibsProjectOnly' as it is up-to-date.
[        ] work action resolve jni (project :integration_test) (Thread[#45638,Execution worker Thread 16,5,main]) started.
[        ] Resolve mutations for :path_provider_android:mergeDebugJniLibFolders (Thread[#45638,Execution worker Thread 16,5,main]) started.
[        ] :path_provider_android:mergeDebugJniLibFolders (Thread[#45638,Execution worker Thread 16,5,main]) started.
[        ] > Task :path_provider_android:mergeDebugJniLibFolders UP-TO-DATE
[        ] Caching disabled for task ':path_provider_android:mergeDebugJniLibFolders' because:
[        ]   Build cache is disabled
[        ]   Simple merging task
[        ] Skipping task ':path_provider_android:mergeDebugJniLibFolders' as it is up-to-date.
[        ] Resolve mutations for :path_provider_android:mergeDebugNativeLibs (Thread[#45638,Execution worker Thread 16,5,main]) started.
[        ] :path_provider_android:mergeDebugNativeLibs (Thread[#45638,Execution worker Thread 16,5,main]) started.
[        ] > Task :path_provider_android:mergeDebugNativeLibs NO-SOURCE
[        ] Skipping task ':path_provider_android:mergeDebugNativeLibs' as it has no source files and no previous output files.
[        ] Resolve mutations for :path_provider_android:copyDebugJniLibsProjectOnly (Thread[#45638,Execution worker Thread 16,5,main]) started.
[        ] :path_provider_android:copyDebugJniLibsProjectOnly (Thread[#45638,Execution worker Thread 16,5,main]) started.
[        ] > Task :path_provider_android:copyDebugJniLibsProjectOnly UP-TO-DATE
[        ] Caching disabled for task ':path_provider_android:copyDebugJniLibsProjectOnly' because:
[        ]   Build cache is disabled
[        ]   Caching has been disabled for the task
[        ] Skipping task ':path_provider_android:copyDebugJniLibsProjectOnly' as it is up-to-date.
[        ] work action resolve jni (project :path_provider_android) (Thread[#45638,Execution worker Thread 16,5,main]) started.
[        ] Resolve mutations for :quill_native_bridge_android:mergeDebugJniLibFolders (Thread[#45638,Execution worker Thread 16,5,main]) started.
[        ] :quill_native_bridge_android:mergeDebugJniLibFolders (Thread[#45638,Execution worker Thread 16,5,main]) started.
[        ] > Task :quill_native_bridge_android:mergeDebugJniLibFolders UP-TO-DATE
[        ] Caching disabled for task ':quill_native_bridge_android:mergeDebugJniLibFolders' because:
[        ]   Build cache is disabled
[        ]   Simple merging task
[        ] Skipping task ':quill_native_bridge_android:mergeDebugJniLibFolders' as it is up-to-date.
[        ] Resolve mutations for :quill_native_bridge_android:mergeDebugNativeLibs (Thread[#45638,Execution worker Thread 16,5,main]) started.
[        ] :quill_native_bridge_android:mergeDebugNativeLibs (Thread[#45638,Execution worker Thread 16,5,main]) started.
[        ] > Task :quill_native_bridge_android:mergeDebugNativeLibs NO-SOURCE
[        ] Skipping task ':quill_native_bridge_android:mergeDebugNativeLibs' as it has no source files and no previous output files.
[        ] Resolve mutations for :quill_native_bridge_android:copyDebugJniLibsProjectOnly (Thread[#45638,Execution worker Thread 16,5,main]) started.
[        ] :quill_native_bridge_android:copyDebugJniLibsProjectOnly (Thread[#45638,Execution worker Thread 16,5,main]) started.
[        ] > Task :quill_native_bridge_android:copyDebugJniLibsProjectOnly UP-TO-DATE
[        ] Caching disabled for task ':quill_native_bridge_android:copyDebugJniLibsProjectOnly' because:
[        ]   Build cache is disabled
[        ]   Caching has been disabled for the task
[        ] Skipping task ':quill_native_bridge_android:copyDebugJniLibsProjectOnly' as it is up-to-date.
[        ] work action resolve jni (project :quill_native_bridge_android) (Thread[#45638,Execution worker Thread 16,5,main]) started.
[        ] Resolve mutations for :shared_preferences_android:mergeDebugJniLibFolders (Thread[#45638,Execution worker Thread 16,5,main]) started.
[        ] :shared_preferences_android:mergeDebugJniLibFolders (Thread[#45638,Execution worker Thread 16,5,main]) started.
[        ] > Task :shared_preferences_android:mergeDebugJniLibFolders UP-TO-DATE
[        ] Caching disabled for task ':shared_preferences_android:mergeDebugJniLibFolders' because:
[        ]   Build cache is disabled
[        ]   Simple merging task
[        ] Skipping task ':shared_preferences_android:mergeDebugJniLibFolders' as it is up-to-date.
[        ] Resolve mutations for :shared_preferences_android:mergeDebugNativeLibs (Thread[#45638,Execution worker Thread 16,5,main]) started.
[        ] :shared_preferences_android:mergeDebugNativeLibs (Thread[#45638,Execution worker Thread 16,5,main]) started.
[        ] > Task :shared_preferences_android:mergeDebugNativeLibs NO-SOURCE
[        ] Skipping task ':shared_preferences_android:mergeDebugNativeLibs' as it has no source files and no previous output files.
[        ] Resolve mutations for :shared_preferences_android:copyDebugJniLibsProjectOnly (Thread[#45638,Execution worker Thread 16,5,main]) started.
[        ] :shared_preferences_android:copyDebugJniLibsProjectOnly (Thread[#45638,Execution worker Thread 16,5,main]) started.
[        ] > Task :shared_preferences_android:copyDebugJniLibsProjectOnly UP-TO-DATE
[        ] Caching disabled for task ':shared_preferences_android:copyDebugJniLibsProjectOnly' because:
[        ]   Build cache is disabled
[        ]   Caching has been disabled for the task
[        ] Skipping task ':shared_preferences_android:copyDebugJniLibsProjectOnly' as it is up-to-date.
[        ] work action resolve jni (project :shared_preferences_android) (Thread[#45638,Execution worker Thread 16,5,main]) started.
[        ] Resolve mutations for :sqflite_android:mergeDebugJniLibFolders (Thread[#45638,Execution worker Thread 16,5,main]) started.
[        ] :sqflite_android:mergeDebugJniLibFolders (Thread[#45638,Execution worker Thread 16,5,main]) started.
[        ] > Task :sqflite_android:mergeDebugJniLibFolders UP-TO-DATE
[        ] Caching disabled for task ':sqflite_android:mergeDebugJniLibFolders' because:
[        ]   Build cache is disabled
[        ]   Simple merging task
[        ] Skipping task ':sqflite_android:mergeDebugJniLibFolders' as it is up-to-date.
[        ] Resolve mutations for :sqflite_android:mergeDebugNativeLibs (Thread[#45638,Execution worker Thread 16,5,main]) started.
[        ] :sqflite_android:mergeDebugNativeLibs (Thread[#45638,Execution worker Thread 16,5,main]) started.
[        ] > Task :sqflite_android:mergeDebugNativeLibs NO-SOURCE
[        ] Skipping task ':sqflite_android:mergeDebugNativeLibs' as it has no source files and no previous output files.
[        ] Resolve mutations for :sqflite_android:copyDebugJniLibsProjectOnly (Thread[#45638,Execution worker Thread 16,5,main]) started.
[        ] :sqflite_android:copyDebugJniLibsProjectOnly (Thread[#45638,Execution worker Thread 16,5,main]) started.
[        ] > Task :sqflite_android:copyDebugJniLibsProjectOnly UP-TO-DATE
[        ] Caching disabled for task ':sqflite_android:copyDebugJniLibsProjectOnly' because:
[        ]   Build cache is disabled
[        ]   Caching has been disabled for the task
[        ] Skipping task ':sqflite_android:copyDebugJniLibsProjectOnly' as it is up-to-date.
[        ] work action resolve jni (project :sqflite_android) (Thread[#45638,Execution worker Thread 16,5,main]) started.
[        ] Resolve mutations for :url_launcher_android:mergeDebugJniLibFolders (Thread[#45638,Execution worker Thread 16,5,main]) started.
[        ] :url_launcher_android:mergeDebugJniLibFolders (Thread[#45638,Execution worker Thread 16,5,main]) started.
[        ] > Task :url_launcher_android:mergeDebugJniLibFolders UP-TO-DATE
[        ] Caching disabled for task ':url_launcher_android:mergeDebugJniLibFolders' because:
[        ]   Build cache is disabled
[        ]   Simple merging task
[        ] Skipping task ':url_launcher_android:mergeDebugJniLibFolders' as it is up-to-date.
[        ] Resolve mutations for :url_launcher_android:mergeDebugNativeLibs (Thread[#45638,Execution worker Thread 16,5,main]) started.
[        ] :url_launcher_android:mergeDebugNativeLibs (Thread[#45638,Execution worker Thread 16,5,main]) started.
[        ] > Task :url_launcher_android:mergeDebugNativeLibs NO-SOURCE
[        ] Skipping task ':url_launcher_android:mergeDebugNativeLibs' as it has no source files and no previous output files.
[        ] Resolve mutations for :url_launcher_android:copyDebugJniLibsProjectOnly (Thread[#45638,Execution worker Thread 16,5,main]) started.
[        ] :url_launcher_android:copyDebugJniLibsProjectOnly (Thread[#45638,Execution worker Thread 16,5,main]) started.
[        ] > Task :url_launcher_android:copyDebugJniLibsProjectOnly UP-TO-DATE
[        ] Caching disabled for task ':url_launcher_android:copyDebugJniLibsProjectOnly' because:
[        ]   Build cache is disabled
[        ]   Caching has been disabled for the task
[        ] Skipping task ':url_launcher_android:copyDebugJniLibsProjectOnly' as it is up-to-date.
[        ] work action resolve jni (project :url_launcher_android) (Thread[#45638,Execution worker Thread 16,5,main]) started.
[        ] Resolve mutations for :video_player_android:mergeDebugJniLibFolders (Thread[#45638,Execution worker Thread 16,5,main]) started.
[        ] :video_player_android:mergeDebugJniLibFolders (Thread[#45638,Execution worker Thread 16,5,main]) started.
[        ] > Task :video_player_android:mergeDebugJniLibFolders UP-TO-DATE
[        ] Caching disabled for task ':video_player_android:mergeDebugJniLibFolders' because:
[        ]   Build cache is disabled
[        ]   Simple merging task
[        ] Skipping task ':video_player_android:mergeDebugJniLibFolders' as it is up-to-date.
[        ] Resolve mutations for :video_player_android:mergeDebugNativeLibs (Thread[#45638,Execution worker Thread 16,5,main]) started.
[        ] :video_player_android:mergeDebugNativeLibs (Thread[#45638,Execution worker Thread 16,5,main]) started.
[        ] > Task :video_player_android:mergeDebugNativeLibs NO-SOURCE
[        ] Skipping task ':video_player_android:mergeDebugNativeLibs' as it has no source files and no previous output files.
[        ] Resolve mutations for :video_player_android:copyDebugJniLibsProjectOnly (Thread[#45638,Execution worker Thread 16,5,main]) started.
[        ] :video_player_android:copyDebugJniLibsProjectOnly (Thread[#45638,Execution worker Thread 16,5,main]) started.
[        ] > Task :video_player_android:copyDebugJniLibsProjectOnly UP-TO-DATE
[        ] Caching disabled for task ':video_player_android:copyDebugJniLibsProjectOnly' because:
[        ]   Build cache is disabled
[        ]   Caching has been disabled for the task
[        ] Skipping task ':video_player_android:copyDebugJniLibsProjectOnly' as it is up-to-date.
[        ] work action resolve jni (project :video_player_android) (Thread[#45638,Execution worker Thread 16,5,main]) started.
[        ] Resolve mutations for :app:mergeDebugNativeLibs (Thread[#45638,Execution worker Thread 16,5,main]) started.
[        ] :app:mergeDebugNativeLibs (Thread[#45638,Execution worker Thread 16,5,main]) started.
[        ] > Task :app:mergeDebugNativeLibs UP-TO-DATE
[        ] Caching disabled for task ':app:mergeDebugNativeLibs' because:
[        ]   Build cache is disabled
[        ]   Caching has been disabled for the task
[        ] Skipping task ':app:mergeDebugNativeLibs' as it is up-to-date.
[        ] Resolve mutations for :app:stripDebugDebugSymbols (Thread[#45638,Execution worker Thread 16,5,main]) started.
[        ] :app:stripDebugDebugSymbols (Thread[#45638,Execution worker Thread 16,5,main]) started.
[        ] > Task :app:stripDebugDebugSymbols UP-TO-DATE
[        ] Caching disabled for task ':app:stripDebugDebugSymbols' because:
[        ]   Build cache is disabled
[        ]   Caching has been disabled for the task
[        ] Skipping task ':app:stripDebugDebugSymbols' as it is up-to-date.
[        ] Resolve mutations for :app:validateSigningDebug (Thread[#45638,Execution worker Thread 16,5,main]) started.
[        ] :app:validateSigningDebug (Thread[#45638,Execution worker Thread 16,5,main]) started.
[        ] > Task :app:validateSigningDebug UP-TO-DATE
[        ] Caching disabled for task ':app:validateSigningDebug' because:
[        ]   Build cache is disabled
[        ]   Caching has been disabled for the task
[        ] Skipping task ':app:validateSigningDebug' as it is up-to-date.
[        ] Resolve mutations for :app:writeDebugAppMetadata (Thread[#45638,Execution worker Thread 16,5,main]) started.
[        ] :app:writeDebugAppMetadata (Thread[#45638,Execution worker Thread 16,5,main]) started.
[        ] > Task :app:writeDebugAppMetadata UP-TO-DATE
[        ] Caching disabled for task ':app:writeDebugAppMetadata' because:
[        ]   Build cache is disabled
[        ]   Caching has been disabled for the task
[        ] Skipping task ':app:writeDebugAppMetadata' as it is up-to-date.
[        ] Resolve mutations for :app:writeDebugSigningConfigVersions (Thread[#45638,Execution worker Thread 16,5,main]) started.
[        ] :app:writeDebugSigningConfigVersions (Thread[#45638,Execution worker Thread 16,5,main]) started.
[        ] > Task :app:writeDebugSigningConfigVersions UP-TO-DATE
[        ] Caching disabled for task ':app:writeDebugSigningConfigVersions' because:
[        ]   Build cache is disabled
[        ]   Caching has been disabled for the task
[        ] Skipping task ':app:writeDebugSigningConfigVersions' as it is up-to-date.
[        ] Resolve mutations for :connectivity_plus:stripDebugDebugSymbols (Thread[#45638,Execution worker Thread 16,5,main]) started.
[        ] :connectivity_plus:stripDebugDebugSymbols (Thread[#45638,Execution worker Thread 16,5,main]) started.
[        ] > Task :connectivity_plus:stripDebugDebugSymbols NO-SOURCE
[        ] Skipping task ':connectivity_plus:stripDebugDebugSymbols' as it has no source files and no previous output files.
[        ] Resolve mutations for :connectivity_plus:copyDebugJniLibsProjectAndLocalJars (Thread[#45638,Execution worker Thread 16,5,main]) started.
[        ] :connectivity_plus:copyDebugJniLibsProjectAndLocalJars (Thread[#45638,Execution worker Thread 16,5,main]) started.
[        ] > Task :connectivity_plus:copyDebugJniLibsProjectAndLocalJars UP-TO-DATE
[        ] Caching disabled for task ':connectivity_plus:copyDebugJniLibsProjectAndLocalJars' because:
[        ]   Build cache is disabled
[        ]   Caching has been disabled for the task
[        ] Skipping task ':connectivity_plus:copyDebugJniLibsProjectAndLocalJars' as it is up-to-date.
[        ] Resolve mutations for :connectivity_plus:extractDebugAnnotations (Thread[#45638,Execution worker Thread 16,5,main]) started.
[        ] :connectivity_plus:extractDebugAnnotations (Thread[#45638,Execution worker Thread 16,5,main]) started.
[        ] > Task :connectivity_plus:extractDebugAnnotations UP-TO-DATE
[        ] Caching disabled for task ':connectivity_plus:extractDebugAnnotations' because:
[        ]   Build cache is disabled
[        ] Skipping task ':connectivity_plus:extractDebugAnnotations' as it is up-to-date.
[        ] Resolve mutations for :connectivity_plus:extractDeepLinksForAarDebug (Thread[#45638,Execution worker Thread 16,5,main]) started.
[        ] :connectivity_plus:extractDeepLinksForAarDebug (Thread[#45638,Execution worker Thread 16,5,main]) started.
[        ] > Task :connectivity_plus:extractDeepLinksForAarDebug UP-TO-DATE
[        ] Caching disabled for task ':connectivity_plus:extractDeepLinksForAarDebug' because:
[        ]   Build cache is disabled
[        ] Skipping task ':connectivity_plus:extractDeepLinksForAarDebug' as it is up-to-date.
[        ] Resolve mutations for :connectivity_plus:mergeDebugGeneratedProguardFiles (Thread[#45638,Execution worker Thread 16,5,main]) started.
[        ] :connectivity_plus:mergeDebugGeneratedProguardFiles (Thread[#45638,Execution worker Thread 16,5,main]) started.
[        ] > Task :connectivity_plus:mergeDebugGeneratedProguardFiles UP-TO-DATE
[        ] Caching disabled for task ':connectivity_plus:mergeDebugGeneratedProguardFiles' because:
[        ]   Build cache is disabled
[        ]   Simple merging task
[        ] Skipping task ':connectivity_plus:mergeDebugGeneratedProguardFiles' as it is up-to-date.
[        ] Resolve mutations for :connectivity_plus:mergeDebugConsumerProguardFiles (Thread[#45638,Execution worker Thread 16,5,main]) started.
[        ] :connectivity_plus:mergeDebugConsumerProguardFiles (Thread[#45638,Execution worker Thread 16,5,main]) started.
[        ] > Task :connectivity_plus:mergeDebugConsumerProguardFiles UP-TO-DATE
[        ] Caching disabled for task ':connectivity_plus:mergeDebugConsumerProguardFiles' because:
[        ]   Build cache is disabled
[        ]   Simple merging task
[        ] Skipping task ':connectivity_plus:mergeDebugConsumerProguardFiles' as it is up-to-date.
[        ] Resolve mutations for :connectivity_plus:prepareDebugArtProfile (Thread[#45638,Execution worker Thread 16,5,main]) started.
[        ] :connectivity_plus:prepareDebugArtProfile (Thread[#45638,Execution worker Thread 16,5,main]) started.
[        ] > Task :connectivity_plus:prepareDebugArtProfile UP-TO-DATE
[        ] Caching disabled for task ':connectivity_plus:prepareDebugArtProfile' because:
[        ]   Build cache is disabled
[        ]   Caching has been disabled for the task
[        ] Skipping task ':connectivity_plus:prepareDebugArtProfile' as it is up-to-date.
[        ] Resolve mutations for :connectivity_plus:prepareLintJarForPublish (Thread[#45638,Execution worker Thread 16,5,main]) started.
[        ] :connectivity_plus:prepareLintJarForPublish (Thread[#45638,Execution worker Thread 16,5,main]) started.
[        ] > Task :connectivity_plus:prepareLintJarForPublish UP-TO-DATE
[        ] Caching disabled for task ':connectivity_plus:prepareLintJarForPublish' because:
[        ]   Build cache is disabled
[        ]   Caching has been disabled for the task
[        ] Skipping task ':connectivity_plus:prepareLintJarForPublish' as it is up-to-date.
[        ] Resolve mutations for :connectivity_plus:mergeDebugJavaResource (Thread[#45638,Execution worker Thread 16,5,main]) started.
[        ] :connectivity_plus:mergeDebugJavaResource (Thread[#45638,Execution worker Thread 16,5,main]) started.
[        ] > Task :connectivity_plus:mergeDebugJavaResource UP-TO-DATE
[        ] Caching disabled for task ':connectivity_plus:mergeDebugJavaResource' because:
[        ]   Build cache is disabled
[        ]   Caching has been disabled for the task
[        ] Skipping task ':connectivity_plus:mergeDebugJavaResource' as it is up-to-date.
[        ] Resolve mutations for :connectivity_plus:syncDebugLibJars (Thread[#45638,Execution worker Thread 16,5,main]) started.
[        ] :connectivity_plus:syncDebugLibJars (Thread[#45638,Execution worker Thread 16,5,main]) started.
[        ] > Task :connectivity_plus:syncDebugLibJars UP-TO-DATE
[        ] Caching disabled for task ':connectivity_plus:syncDebugLibJars' because:
[        ]   Build cache is disabled
[        ] Skipping task ':connectivity_plus:syncDebugLibJars' as it is up-to-date.
[        ] Resolve mutations for :connectivity_plus:bundleDebugAar (Thread[#45638,Execution worker Thread 16,5,main]) started.
[        ] :connectivity_plus:bundleDebugAar (Thread[#45638,Execution worker Thread 16,5,main]) started.
[        ] > Task :connectivity_plus:bundleDebugAar UP-TO-DATE
[        ] Caching disabled for task ':connectivity_plus:bundleDebugAar' because:
[        ]   Build cache is disabled
[        ]   Caching has been disabled for the task
[        ] Skipping task ':connectivity_plus:bundleDebugAar' as it is up-to-date.
[        ] Resolve mutations for :connectivity_plus:assembleDebug (Thread[#45638,Execution worker Thread 16,5,main]) started.
[        ] :connectivity_plus:assembleDebug (Thread[#45638,Execution worker Thread 16,5,main]) started.
[        ] > Task :connectivity_plus:assembleDebug UP-TO-DATE
[        ] Skipping task ':connectivity_plus:assembleDebug' as it has no actions.
[        ] Resolve mutations for :emoji_picker_flutter:stripDebugDebugSymbols (Thread[#45638,Execution worker Thread 16,5,main]) started.
[        ] :emoji_picker_flutter:stripDebugDebugSymbols (Thread[#45638,Execution worker Thread 16,5,main]) started.
[        ] > Task :emoji_picker_flutter:stripDebugDebugSymbols NO-SOURCE
[        ] Skipping task ':emoji_picker_flutter:stripDebugDebugSymbols' as it has no source files and no previous output files.
[        ] Resolve mutations for :emoji_picker_flutter:copyDebugJniLibsProjectAndLocalJars (Thread[#45638,Execution worker Thread 16,5,main]) started.
[        ] :emoji_picker_flutter:copyDebugJniLibsProjectAndLocalJars (Thread[#45638,Execution worker Thread 16,5,main]) started.
[        ] > Task :emoji_picker_flutter:copyDebugJniLibsProjectAndLocalJars UP-TO-DATE
[        ] Caching disabled for task ':emoji_picker_flutter:copyDebugJniLibsProjectAndLocalJars' because:
[        ]   Build cache is disabled
[        ]   Caching has been disabled for the task
[        ] Skipping task ':emoji_picker_flutter:copyDebugJniLibsProjectAndLocalJars' as it is up-to-date.
[        ] Resolve mutations for :emoji_picker_flutter:extractDebugAnnotations (Thread[#45638,Execution worker Thread 16,5,main]) started.
[        ] :emoji_picker_flutter:extractDebugAnnotations (Thread[#45638,Execution worker Thread 16,5,main]) started.
[        ] > Task :emoji_picker_flutter:extractDebugAnnotations UP-TO-DATE
[        ] Caching disabled for task ':emoji_picker_flutter:extractDebugAnnotations' because:
[        ]   Build cache is disabled
[        ] Skipping task ':emoji_picker_flutter:extractDebugAnnotations' as it is up-to-date.
[        ] Resolve mutations for :emoji_picker_flutter:extractDeepLinksForAarDebug (Thread[#45638,Execution worker Thread 16,5,main]) started.
[        ] :emoji_picker_flutter:extractDeepLinksForAarDebug (Thread[#45638,Execution worker Thread 16,5,main]) started.
[        ] > Task :emoji_picker_flutter:extractDeepLinksForAarDebug UP-TO-DATE
[        ] Caching disabled for task ':emoji_picker_flutter:extractDeepLinksForAarDebug' because:
[        ]   Build cache is disabled
[        ] Skipping task ':emoji_picker_flutter:extractDeepLinksForAarDebug' as it is up-to-date.
[        ] Resolve mutations for :emoji_picker_flutter:mergeDebugGeneratedProguardFiles (Thread[#45638,Execution worker Thread 16,5,main]) started.
[        ] :emoji_picker_flutter:mergeDebugGeneratedProguardFiles (Thread[#45638,Execution worker Thread 16,5,main]) started.
[        ] > Task :emoji_picker_flutter:mergeDebugGeneratedProguardFiles UP-TO-DATE
[        ] Caching disabled for task ':emoji_picker_flutter:mergeDebugGeneratedProguardFiles' because:
[        ]   Build cache is disabled
[        ]   Simple merging task
[        ] Skipping task ':emoji_picker_flutter:mergeDebugGeneratedProguardFiles' as it is up-to-date.
[        ] Resolve mutations for :emoji_picker_flutter:mergeDebugConsumerProguardFiles (Thread[#45638,Execution worker Thread 16,5,main]) started.
[        ] :emoji_picker_flutter:mergeDebugConsumerProguardFiles (Thread[#45638,Execution worker Thread 16,5,main]) started.
[        ] > Task :emoji_picker_flutter:mergeDebugConsumerProguardFiles UP-TO-DATE
[        ] Caching disabled for task ':emoji_picker_flutter:mergeDebugConsumerProguardFiles' because:
[        ]   Build cache is disabled
[        ]   Simple merging task
[        ] Skipping task ':emoji_picker_flutter:mergeDebugConsumerProguardFiles' as it is up-to-date.
[        ] Resolve mutations for :emoji_picker_flutter:prepareDebugArtProfile (Thread[#45638,Execution worker Thread 16,5,main]) started.
[        ] :emoji_picker_flutter:prepareDebugArtProfile (Thread[#45638,Execution worker Thread 16,5,main]) started.
[        ] > Task :emoji_picker_flutter:prepareDebugArtProfile UP-TO-DATE
[        ] Caching disabled for task ':emoji_picker_flutter:prepareDebugArtProfile' because:
[        ]   Build cache is disabled
[        ]   Caching has been disabled for the task
[        ] Skipping task ':emoji_picker_flutter:prepareDebugArtProfile' as it is up-to-date.
[        ] Resolve mutations for :emoji_picker_flutter:prepareLintJarForPublish (Thread[#45638,Execution worker Thread 16,5,main]) started.
[        ] :emoji_picker_flutter:prepareLintJarForPublish (Thread[#45638,Execution worker Thread 16,5,main]) started.
[        ] > Task :emoji_picker_flutter:prepareLintJarForPublish UP-TO-DATE
[        ] Caching disabled for task ':emoji_picker_flutter:prepareLintJarForPublish' because:
[        ]   Build cache is disabled
[        ]   Caching has been disabled for the task
[        ] Skipping task ':emoji_picker_flutter:prepareLintJarForPublish' as it is up-to-date.
[        ] Resolve mutations for :emoji_picker_flutter:mergeDebugJavaResource (Thread[#45638,Execution worker Thread 16,5,main]) started.
[        ] :emoji_picker_flutter:mergeDebugJavaResource (Thread[#45638,Execution worker Thread 16,5,main]) started.
[        ] > Task :emoji_picker_flutter:mergeDebugJavaResource UP-TO-DATE
[        ] Caching disabled for task ':emoji_picker_flutter:mergeDebugJavaResource' because:
[        ]   Build cache is disabled
[        ]   Caching has been disabled for the task
[        ] Skipping task ':emoji_picker_flutter:mergeDebugJavaResource' as it is up-to-date.
[        ] Resolve mutations for :emoji_picker_flutter:syncDebugLibJars (Thread[#45638,Execution worker Thread 16,5,main]) started.
[        ] :emoji_picker_flutter:syncDebugLibJars (Thread[#45638,Execution worker Thread 16,5,main]) started.
[        ] > Task :emoji_picker_flutter:syncDebugLibJars UP-TO-DATE
[        ] Caching disabled for task ':emoji_picker_flutter:syncDebugLibJars' because:
[        ]   Build cache is disabled
[        ] Skipping task ':emoji_picker_flutter:syncDebugLibJars' as it is up-to-date.
[        ] Resolve mutations for :emoji_picker_flutter:bundleDebugAar (Thread[#45638,Execution worker Thread 16,5,main]) started.
[        ] :emoji_picker_flutter:bundleDebugAar (Thread[#45638,Execution worker Thread 16,5,main]) started.
[        ] > Task :emoji_picker_flutter:bundleDebugAar UP-TO-DATE
[        ] Caching disabled for task ':emoji_picker_flutter:bundleDebugAar' because:
[        ]   Build cache is disabled
[        ]   Caching has been disabled for the task
[        ] Skipping task ':emoji_picker_flutter:bundleDebugAar' as it is up-to-date.
[        ] Resolve mutations for :emoji_picker_flutter:assembleDebug (Thread[#45638,Execution worker Thread 16,5,main]) started.
[        ] :emoji_picker_flutter:assembleDebug (Thread[#45638,Execution worker Thread 16,5,main]) started.
[        ] > Task :emoji_picker_flutter:assembleDebug UP-TO-DATE
[        ] Skipping task ':emoji_picker_flutter:assembleDebug' as it has no actions.
[        ] Resolve mutations for :file_selector_android:stripDebugDebugSymbols (Thread[#45638,Execution worker Thread 16,5,main]) started.
[        ] :file_selector_android:stripDebugDebugSymbols (Thread[#45638,Execution worker Thread 16,5,main]) started.
[        ] > Task :file_selector_android:stripDebugDebugSymbols NO-SOURCE
[        ] Skipping task ':file_selector_android:stripDebugDebugSymbols' as it has no source files and no previous output files.
[        ] Resolve mutations for :file_selector_android:copyDebugJniLibsProjectAndLocalJars (Thread[#45638,Execution worker Thread 16,5,main]) started.
[        ] :file_selector_android:copyDebugJniLibsProjectAndLocalJars (Thread[#45638,Execution worker Thread 16,5,main]) started.
[        ] > Task :file_selector_android:copyDebugJniLibsProjectAndLocalJars UP-TO-DATE
[        ] Caching disabled for task ':file_selector_android:copyDebugJniLibsProjectAndLocalJars' because:
[        ]   Build cache is disabled
[        ]   Caching has been disabled for the task
[        ] Skipping task ':file_selector_android:copyDebugJniLibsProjectAndLocalJars' as it is up-to-date.
[        ] Resolve mutations for :file_selector_android:extractDebugAnnotations (Thread[#45638,Execution worker Thread 16,5,main]) started.
[        ] :file_selector_android:extractDebugAnnotations (Thread[#45638,Execution worker Thread 16,5,main]) started.
[        ] > Task :file_selector_android:extractDebugAnnotations UP-TO-DATE
[        ] Caching disabled for task ':file_selector_android:extractDebugAnnotations' because:
[        ]   Build cache is disabled
[        ] Skipping task ':file_selector_android:extractDebugAnnotations' as it is up-to-date.
[        ] Resolve mutations for :file_selector_android:extractDeepLinksForAarDebug (Thread[#45638,Execution worker Thread 16,5,main]) started.
[        ] :file_selector_android:extractDeepLinksForAarDebug (Thread[#45638,Execution worker Thread 16,5,main]) started.
[        ] > Task :file_selector_android:extractDeepLinksForAarDebug UP-TO-DATE
[        ] Caching disabled for task ':file_selector_android:extractDeepLinksForAarDebug' because:
[        ]   Build cache is disabled
[        ] Skipping task ':file_selector_android:extractDeepLinksForAarDebug' as it is up-to-date.
[        ] Resolve mutations for :file_selector_android:mergeDebugGeneratedProguardFiles (Thread[#45638,Execution worker Thread 16,5,main]) started.
[        ] :file_selector_android:mergeDebugGeneratedProguardFiles (Thread[#45638,Execution worker Thread 16,5,main]) started.
[        ] > Task :file_selector_android:mergeDebugGeneratedProguardFiles UP-TO-DATE
[        ] Caching disabled for task ':file_selector_android:mergeDebugGeneratedProguardFiles' because:
[        ]   Build cache is disabled
[        ]   Simple merging task
[        ] Skipping task ':file_selector_android:mergeDebugGeneratedProguardFiles' as it is up-to-date.
[        ] Resolve mutations for :file_selector_android:mergeDebugConsumerProguardFiles (Thread[#45638,Execution worker Thread 16,5,main]) started.
[        ] :file_selector_android:mergeDebugConsumerProguardFiles (Thread[#45638,Execution worker Thread 16,5,main]) started.
[        ] > Task :file_selector_android:mergeDebugConsumerProguardFiles UP-TO-DATE
[        ] Caching disabled for task ':file_selector_android:mergeDebugConsumerProguardFiles' because:
[        ]   Build cache is disabled
[        ]   Simple merging task
[        ] Skipping task ':file_selector_android:mergeDebugConsumerProguardFiles' as it is up-to-date.
[        ] Resolve mutations for :file_selector_android:prepareDebugArtProfile (Thread[#45638,Execution worker Thread 16,5,main]) started.
[        ] :file_selector_android:prepareDebugArtProfile (Thread[#45638,Execution worker Thread 16,5,main]) started.
[        ] > Task :file_selector_android:prepareDebugArtProfile UP-TO-DATE
[        ] Caching disabled for task ':file_selector_android:prepareDebugArtProfile' because:
[        ]   Build cache is disabled
[        ]   Caching has been disabled for the task
[        ] Skipping task ':file_selector_android:prepareDebugArtProfile' as it is up-to-date.
[        ] Resolve mutations for :file_selector_android:prepareLintJarForPublish (Thread[#45638,Execution worker Thread 16,5,main]) started.
[        ] :file_selector_android:prepareLintJarForPublish (Thread[#45638,Execution worker Thread 16,5,main]) started.
[        ] > Task :file_selector_android:prepareLintJarForPublish UP-TO-DATE
[        ] Caching disabled for task ':file_selector_android:prepareLintJarForPublish' because:
[        ]   Build cache is disabled
[        ]   Caching has been disabled for the task
[        ] Skipping task ':file_selector_android:prepareLintJarForPublish' as it is up-to-date.
[        ] Resolve mutations for :file_selector_android:mergeDebugJavaResource (Thread[#45638,Execution worker Thread 16,5,main]) started.
[        ] :file_selector_android:mergeDebugJavaResource (Thread[#45638,Execution worker Thread 16,5,main]) started.
[        ] > Task :file_selector_android:mergeDebugJavaResource UP-TO-DATE
[        ] Caching disabled for task ':file_selector_android:mergeDebugJavaResource' because:
[        ]   Build cache is disabled
[        ]   Caching has been disabled for the task
[        ] Skipping task ':file_selector_android:mergeDebugJavaResource' as it is up-to-date.
[        ] Resolve mutations for :file_selector_android:syncDebugLibJars (Thread[#45638,Execution worker Thread 16,5,main]) started.
[        ] :file_selector_android:syncDebugLibJars (Thread[#45638,Execution worker Thread 16,5,main]) started.
[        ] > Task :file_selector_android:syncDebugLibJars UP-TO-DATE
[        ] Caching disabled for task ':file_selector_android:syncDebugLibJars' because:
[        ]   Build cache is disabled
[        ] Skipping task ':file_selector_android:syncDebugLibJars' as it is up-to-date.
[        ] Resolve mutations for :file_selector_android:bundleDebugAar (Thread[#45638,Execution worker Thread 16,5,main]) started.
[        ] :file_selector_android:bundleDebugAar (Thread[#45638,Execution worker Thread 16,5,main]) started.
[        ] > Task :file_selector_android:bundleDebugAar UP-TO-DATE
[        ] Caching disabled for task ':file_selector_android:bundleDebugAar' because:
[        ]   Build cache is disabled
[        ]   Caching has been disabled for the task
[        ] Skipping task ':file_selector_android:bundleDebugAar' as it is up-to-date.
[        ] Resolve mutations for :file_selector_android:assembleDebug (Thread[#45638,Execution worker Thread 16,5,main]) started.
[        ] :file_selector_android:assembleDebug (Thread[#45638,Execution worker Thread 16,5,main]) started.
[        ] > Task :file_selector_android:assembleDebug UP-TO-DATE
[        ] Skipping task ':file_selector_android:assembleDebug' as it has no actions.
[        ] Resolve mutations for :flutter_keyboard_visibility_temp_fork:stripDebugDebugSymbols (Thread[#45638,Execution worker Thread 16,5,main]) started.
[        ] :flutter_keyboard_visibility_temp_fork:stripDebugDebugSymbols (Thread[#45638,Execution worker Thread 16,5,main]) started.
[        ] > Task :flutter_keyboard_visibility_temp_fork:stripDebugDebugSymbols NO-SOURCE
[        ] Skipping task ':flutter_keyboard_visibility_temp_fork:stripDebugDebugSymbols' as it has no source files and no previous output files.
[        ] Resolve mutations for :flutter_keyboard_visibility_temp_fork:copyDebugJniLibsProjectAndLocalJars (Thread[#45638,Execution worker Thread 16,5,main]) started.
[        ] :flutter_keyboard_visibility_temp_fork:copyDebugJniLibsProjectAndLocalJars (Thread[#45638,Execution worker Thread 16,5,main]) started.
[        ] > Task :flutter_keyboard_visibility_temp_fork:copyDebugJniLibsProjectAndLocalJars UP-TO-DATE
[        ] Caching disabled for task ':flutter_keyboard_visibility_temp_fork:copyDebugJniLibsProjectAndLocalJars' because:
[        ]   Build cache is disabled
[        ]   Caching has been disabled for the task
[        ] Skipping task ':flutter_keyboard_visibility_temp_fork:copyDebugJniLibsProjectAndLocalJars' as it is up-to-date.
[        ] Resolve mutations for :flutter_keyboard_visibility_temp_fork:extractDebugAnnotations (Thread[#45638,Execution worker Thread 16,5,main]) started.
[        ] :flutter_keyboard_visibility_temp_fork:extractDebugAnnotations (Thread[#45638,Execution worker Thread 16,5,main]) started.
[        ] > Task :flutter_keyboard_visibility_temp_fork:extractDebugAnnotations UP-TO-DATE
[        ] Caching disabled for task ':flutter_keyboard_visibility_temp_fork:extractDebugAnnotations' because:
[        ]   Build cache is disabled
[        ] Skipping task ':flutter_keyboard_visibility_temp_fork:extractDebugAnnotations' as it is up-to-date.
[        ] Resolve mutations for :flutter_keyboard_visibility_temp_fork:extractDeepLinksForAarDebug (Thread[#45638,Execution worker Thread 16,5,main]) started.
[        ] :flutter_keyboard_visibility_temp_fork:extractDeepLinksForAarDebug (Thread[#45638,Execution worker Thread 16,5,main]) started.
[        ] > Task :flutter_keyboard_visibility_temp_fork:extractDeepLinksForAarDebug UP-TO-DATE
[        ] Caching disabled for task ':flutter_keyboard_visibility_temp_fork:extractDeepLinksForAarDebug' because:
[        ]   Build cache is disabled
[        ] Skipping task ':flutter_keyboard_visibility_temp_fork:extractDeepLinksForAarDebug' as it is up-to-date.
[        ] Resolve mutations for :flutter_keyboard_visibility_temp_fork:mergeDebugGeneratedProguardFiles (Thread[#45638,Execution worker Thread 16,5,main]) started.
[        ] :flutter_keyboard_visibility_temp_fork:mergeDebugGeneratedProguardFiles (Thread[#45638,Execution worker Thread 16,5,main]) started.
[        ] > Task :flutter_keyboard_visibility_temp_fork:mergeDebugGeneratedProguardFiles UP-TO-DATE
[        ] Caching disabled for task ':flutter_keyboard_visibility_temp_fork:mergeDebugGeneratedProguardFiles' because:
[        ]   Build cache is disabled
[        ]   Simple merging task
[        ] Skipping task ':flutter_keyboard_visibility_temp_fork:mergeDebugGeneratedProguardFiles' as it is up-to-date.
[        ] Resolve mutations for :flutter_keyboard_visibility_temp_fork:mergeDebugConsumerProguardFiles (Thread[#45638,Execution worker Thread 16,5,main]) started.
[        ] :flutter_keyboard_visibility_temp_fork:mergeDebugConsumerProguardFiles (Thread[#45638,Execution worker Thread 16,5,main]) started.
[        ] > Task :flutter_keyboard_visibility_temp_fork:mergeDebugConsumerProguardFiles UP-TO-DATE
[        ] Caching disabled for task ':flutter_keyboard_visibility_temp_fork:mergeDebugConsumerProguardFiles' because:
[        ]   Build cache is disabled
[        ]   Simple merging task
[        ] Skipping task ':flutter_keyboard_visibility_temp_fork:mergeDebugConsumerProguardFiles' as it is up-to-date.
[        ] Resolve mutations for :flutter_keyboard_visibility_temp_fork:prepareDebugArtProfile (Thread[#45638,Execution worker Thread 16,5,main]) started.
[        ] :flutter_keyboard_visibility_temp_fork:prepareDebugArtProfile (Thread[#45638,Execution worker Thread 16,5,main]) started.
[        ] > Task :flutter_keyboard_visibility_temp_fork:prepareDebugArtProfile UP-TO-DATE
[        ] Caching disabled for task ':flutter_keyboard_visibility_temp_fork:prepareDebugArtProfile' because:
[        ]   Build cache is disabled
[        ]   Caching has been disabled for the task
[        ] Skipping task ':flutter_keyboard_visibility_temp_fork:prepareDebugArtProfile' as it is up-to-date.
[        ] Resolve mutations for :flutter_keyboard_visibility_temp_fork:prepareLintJarForPublish (Thread[#45638,Execution worker Thread 16,5,main]) started.
[        ] :flutter_keyboard_visibility_temp_fork:prepareLintJarForPublish (Thread[#45638,Execution worker Thread 16,5,main]) started.
[        ] > Task :flutter_keyboard_visibility_temp_fork:prepareLintJarForPublish UP-TO-DATE
[        ] Caching disabled for task ':flutter_keyboard_visibility_temp_fork:prepareLintJarForPublish' because:
[        ]   Build cache is disabled
[        ]   Caching has been disabled for the task
[        ] Skipping task ':flutter_keyboard_visibility_temp_fork:prepareLintJarForPublish' as it is up-to-date.
[        ] Resolve mutations for :flutter_keyboard_visibility_temp_fork:mergeDebugJavaResource (Thread[#45638,Execution worker Thread 16,5,main]) started.
[        ] :flutter_keyboard_visibility_temp_fork:mergeDebugJavaResource (Thread[#45638,Execution worker Thread 16,5,main]) started.
[        ] > Task :flutter_keyboard_visibility_temp_fork:mergeDebugJavaResource UP-TO-DATE
[        ] Caching disabled for task ':flutter_keyboard_visibility_temp_fork:mergeDebugJavaResource' because:
[        ]   Build cache is disabled
[        ]   Caching has been disabled for the task
[        ] Skipping task ':flutter_keyboard_visibility_temp_fork:mergeDebugJavaResource' as it is up-to-date.
[        ] Resolve mutations for :flutter_keyboard_visibility_temp_fork:syncDebugLibJars (Thread[#45638,Execution worker Thread 16,5,main]) started.
[        ] :flutter_keyboard_visibility_temp_fork:syncDebugLibJars (Thread[#45638,Execution worker Thread 16,5,main]) started.
[        ] > Task :flutter_keyboard_visibility_temp_fork:syncDebugLibJars UP-TO-DATE
[        ] Caching disabled for task ':flutter_keyboard_visibility_temp_fork:syncDebugLibJars' because:
[        ]   Build cache is disabled
[        ] Skipping task ':flutter_keyboard_visibility_temp_fork:syncDebugLibJars' as it is up-to-date.
[        ] Resolve mutations for :flutter_keyboard_visibility_temp_fork:bundleDebugAar (Thread[#45638,Execution worker Thread 16,5,main]) started.
[        ] :flutter_keyboard_visibility_temp_fork:bundleDebugAar (Thread[#45638,Execution worker Thread 16,5,main]) started.
[        ] > Task :flutter_keyboard_visibility_temp_fork:bundleDebugAar UP-TO-DATE
[        ] Caching disabled for task ':flutter_keyboard_visibility_temp_fork:bundleDebugAar' because:
[        ]   Build cache is disabled
[        ]   Caching has been disabled for the task
[        ] Skipping task ':flutter_keyboard_visibility_temp_fork:bundleDebugAar' as it is up-to-date.
[        ] Resolve mutations for :flutter_keyboard_visibility_temp_fork:assembleDebug (Thread[#45638,Execution worker Thread 16,5,main]) started.
[        ] :flutter_keyboard_visibility_temp_fork:assembleDebug (Thread[#45638,Execution worker Thread 16,5,main]) started.
[        ] > Task :flutter_keyboard_visibility_temp_fork:assembleDebug UP-TO-DATE
[        ] Skipping task ':flutter_keyboard_visibility_temp_fork:assembleDebug' as it has no actions.
[        ] Resolve mutations for :flutter_native_splash:stripDebugDebugSymbols (Thread[#45638,Execution worker Thread 16,5,main]) started.
[        ] :flutter_native_splash:stripDebugDebugSymbols (Thread[#45638,Execution worker Thread 16,5,main]) started.
[        ] > Task :flutter_native_splash:stripDebugDebugSymbols NO-SOURCE
[        ] Skipping task ':flutter_native_splash:stripDebugDebugSymbols' as it has no source files and no previous output files.
[        ] Resolve mutations for :flutter_native_splash:copyDebugJniLibsProjectAndLocalJars (Thread[#45638,Execution worker Thread 16,5,main]) started.
[        ] :flutter_native_splash:copyDebugJniLibsProjectAndLocalJars (Thread[#45638,Execution worker Thread 16,5,main]) started.
[        ] > Task :flutter_native_splash:copyDebugJniLibsProjectAndLocalJars UP-TO-DATE
[        ] Caching disabled for task ':flutter_native_splash:copyDebugJniLibsProjectAndLocalJars' because:
[        ]   Build cache is disabled
[        ]   Caching has been disabled for the task
[        ] Skipping task ':flutter_native_splash:copyDebugJniLibsProjectAndLocalJars' as it is up-to-date.
[        ] Resolve mutations for :flutter_native_splash:extractDebugAnnotations (Thread[#45638,Execution worker Thread 16,5,main]) started.
[        ] :flutter_native_splash:extractDebugAnnotations (Thread[#45643,Execution worker Thread 21,5,main]) started.
[        ] > Task :flutter_native_splash:extractDebugAnnotations UP-TO-DATE
[        ] Caching disabled for task ':flutter_native_splash:extractDebugAnnotations' because:
[        ]   Build cache is disabled
[        ] Skipping task ':flutter_native_splash:extractDebugAnnotations' as it is up-to-date.
[        ] Resolve mutations for :flutter_native_splash:extractDeepLinksForAarDebug (Thread[#45643,Execution worker Thread 21,5,main]) started.
[        ] :flutter_native_splash:extractDeepLinksForAarDebug (Thread[#45643,Execution worker Thread 21,5,main]) started.
[        ] > Task :flutter_native_splash:extractDeepLinksForAarDebug UP-TO-DATE
[        ] Caching disabled for task ':flutter_native_splash:extractDeepLinksForAarDebug' because:
[        ]   Build cache is disabled
[        ] Skipping task ':flutter_native_splash:extractDeepLinksForAarDebug' as it is up-to-date.
[        ] Resolve mutations for :flutter_native_splash:mergeDebugGeneratedProguardFiles (Thread[#45643,Execution worker Thread 21,5,main]) started.
[        ] :flutter_native_splash:mergeDebugGeneratedProguardFiles (Thread[#45643,Execution worker Thread 21,5,main]) started.
[        ] > Task :flutter_native_splash:mergeDebugGeneratedProguardFiles UP-TO-DATE
[        ] Caching disabled for task ':flutter_native_splash:mergeDebugGeneratedProguardFiles' because:
[        ]   Build cache is disabled
[        ]   Simple merging task
[        ] Skipping task ':flutter_native_splash:mergeDebugGeneratedProguardFiles' as it is up-to-date.
[        ] Resolve mutations for :flutter_native_splash:mergeDebugConsumerProguardFiles (Thread[#45643,Execution worker Thread 21,5,main]) started.
[        ] :flutter_native_splash:mergeDebugConsumerProguardFiles (Thread[#45643,Execution worker Thread 21,5,main]) started.
[        ] > Task :flutter_native_splash:mergeDebugConsumerProguardFiles UP-TO-DATE
[        ] Caching disabled for task ':flutter_native_splash:mergeDebugConsumerProguardFiles' because:
[        ]   Build cache is disabled
[        ]   Simple merging task
[        ] Skipping task ':flutter_native_splash:mergeDebugConsumerProguardFiles' as it is up-to-date.
[        ] Resolve mutations for :flutter_native_splash:prepareDebugArtProfile (Thread[#45643,Execution worker Thread 21,5,main]) started.
[        ] :flutter_native_splash:prepareDebugArtProfile (Thread[#45643,Execution worker Thread 21,5,main]) started.
[        ] > Task :flutter_native_splash:prepareDebugArtProfile UP-TO-DATE
[        ] Caching disabled for task ':flutter_native_splash:prepareDebugArtProfile' because:
[        ]   Build cache is disabled
[        ]   Caching has been disabled for the task
[        ] Skipping task ':flutter_native_splash:prepareDebugArtProfile' as it is up-to-date.
[        ] Resolve mutations for :flutter_native_splash:prepareLintJarForPublish (Thread[#45643,Execution worker Thread 21,5,main]) started.
[        ] :flutter_native_splash:prepareLintJarForPublish (Thread[#45643,Execution worker Thread 21,5,main]) started.
[        ] > Task :flutter_native_splash:prepareLintJarForPublish UP-TO-DATE
[        ] Caching disabled for task ':flutter_native_splash:prepareLintJarForPublish' because:
[        ]   Build cache is disabled
[        ]   Caching has been disabled for the task
[        ] Skipping task ':flutter_native_splash:prepareLintJarForPublish' as it is up-to-date.
[        ] Resolve mutations for :flutter_native_splash:mergeDebugJavaResource (Thread[#45643,Execution worker Thread 21,5,main]) started.
[        ] :flutter_native_splash:mergeDebugJavaResource (Thread[#45643,Execution worker Thread 21,5,main]) started.
[        ] > Task :flutter_native_splash:mergeDebugJavaResource UP-TO-DATE
[        ] Caching disabled for task ':flutter_native_splash:mergeDebugJavaResource' because:
[        ]   Build cache is disabled
[        ]   Caching has been disabled for the task
[        ] Skipping task ':flutter_native_splash:mergeDebugJavaResource' as it is up-to-date.
[        ] Resolve mutations for :flutter_native_splash:syncDebugLibJars (Thread[#45643,Execution worker Thread 21,5,main]) started.
[        ] :flutter_native_splash:syncDebugLibJars (Thread[#45643,Execution worker Thread 21,5,main]) started.
[        ] > Task :flutter_native_splash:syncDebugLibJars UP-TO-DATE
[        ] Caching disabled for task ':flutter_native_splash:syncDebugLibJars' because:
[        ]   Build cache is disabled
[        ] Skipping task ':flutter_native_splash:syncDebugLibJars' as it is up-to-date.
[        ] Resolve mutations for :flutter_native_splash:bundleDebugAar (Thread[#45643,Execution worker Thread 21,5,main]) started.
[        ] :flutter_native_splash:bundleDebugAar (Thread[#45643,Execution worker Thread 21,5,main]) started.
[        ] > Task :flutter_native_splash:bundleDebugAar UP-TO-DATE
[        ] Caching disabled for task ':flutter_native_splash:bundleDebugAar' because:
[        ]   Build cache is disabled
[        ]   Caching has been disabled for the task
[        ] Skipping task ':flutter_native_splash:bundleDebugAar' as it is up-to-date.
[        ] Resolve mutations for :flutter_native_splash:assembleDebug (Thread[#45643,Execution worker Thread 21,5,main]) started.
[        ] :flutter_native_splash:assembleDebug (Thread[#45643,Execution worker Thread 21,5,main]) started.
[        ] > Task :flutter_native_splash:assembleDebug UP-TO-DATE
[        ] Skipping task ':flutter_native_splash:assembleDebug' as it has no actions.
[        ] Resolve mutations for :flutter_olm:stripDebugDebugSymbols (Thread[#45643,Execution worker Thread 21,5,main]) started.
[        ] :flutter_olm:stripDebugDebugSymbols (Thread[#45643,Execution worker Thread 21,5,main]) started.
[        ] > Task :flutter_olm:stripDebugDebugSymbols UP-TO-DATE
[        ] Caching disabled for task ':flutter_olm:stripDebugDebugSymbols' because:
[        ]   Build cache is disabled
[        ]   Caching has been disabled for the task
[        ] Skipping task ':flutter_olm:stripDebugDebugSymbols' as it is up-to-date.
[        ] Resolve mutations for :flutter_olm:copyDebugJniLibsProjectAndLocalJars (Thread[#45643,Execution worker Thread 21,5,main]) started.
[        ] :flutter_olm:copyDebugJniLibsProjectAndLocalJars (Thread[#45643,Execution worker Thread 21,5,main]) started.
[        ] > Task :flutter_olm:copyDebugJniLibsProjectAndLocalJars UP-TO-DATE
[        ] Caching disabled for task ':flutter_olm:copyDebugJniLibsProjectAndLocalJars' because:
[        ]   Build cache is disabled
[        ]   Caching has been disabled for the task
[        ] Skipping task ':flutter_olm:copyDebugJniLibsProjectAndLocalJars' as it is up-to-date.
[        ] Resolve mutations for :flutter_olm:extractDebugAnnotations (Thread[#45643,Execution worker Thread 21,5,main]) started.
[        ] :flutter_olm:extractDebugAnnotations (Thread[#45643,Execution worker Thread 21,5,main]) started.
[        ] > Task :flutter_olm:extractDebugAnnotations UP-TO-DATE
[        ] Caching disabled for task ':flutter_olm:extractDebugAnnotations' because:
[        ]   Build cache is disabled
[        ] Skipping task ':flutter_olm:extractDebugAnnotations' as it is up-to-date.
[        ] Resolve mutations for :flutter_olm:extractDeepLinksForAarDebug (Thread[#45643,Execution worker Thread 21,5,main]) started.
[        ] :flutter_olm:extractDeepLinksForAarDebug (Thread[#45643,Execution worker Thread 21,5,main]) started.
[        ] > Task :flutter_olm:extractDeepLinksForAarDebug UP-TO-DATE
[        ] Caching disabled for task ':flutter_olm:extractDeepLinksForAarDebug' because:
[        ]   Build cache is disabled
[        ] Skipping task ':flutter_olm:extractDeepLinksForAarDebug' as it is up-to-date.
[        ] Resolve mutations for :flutter_olm:mergeDebugGeneratedProguardFiles (Thread[#45643,Execution worker Thread 21,5,main]) started.
[        ] :flutter_olm:mergeDebugGeneratedProguardFiles (Thread[#45643,Execution worker Thread 21,5,main]) started.
[        ] > Task :flutter_olm:mergeDebugGeneratedProguardFiles UP-TO-DATE
[        ] Caching disabled for task ':flutter_olm:mergeDebugGeneratedProguardFiles' because:
[        ]   Build cache is disabled
[        ]   Simple merging task
[        ] Skipping task ':flutter_olm:mergeDebugGeneratedProguardFiles' as it is up-to-date.
[        ] Resolve mutations for :flutter_olm:mergeDebugConsumerProguardFiles (Thread[#45643,Execution worker Thread 21,5,main]) started.
[        ] :flutter_olm:mergeDebugConsumerProguardFiles (Thread[#45643,Execution worker Thread 21,5,main]) started.
[        ] > Task :flutter_olm:mergeDebugConsumerProguardFiles UP-TO-DATE
[        ] Caching disabled for task ':flutter_olm:mergeDebugConsumerProguardFiles' because:
[        ]   Build cache is disabled
[        ]   Simple merging task
[        ] Skipping task ':flutter_olm:mergeDebugConsumerProguardFiles' as it is up-to-date.
[        ] Resolve mutations for :flutter_olm:prepareDebugArtProfile (Thread[#45643,Execution worker Thread 21,5,main]) started.
[        ] :flutter_olm:prepareDebugArtProfile (Thread[#45643,Execution worker Thread 21,5,main]) started.
[        ] > Task :flutter_olm:prepareDebugArtProfile UP-TO-DATE
[        ] Caching disabled for task ':flutter_olm:prepareDebugArtProfile' because:
[        ]   Build cache is disabled
[        ]   Caching has been disabled for the task
[        ] Skipping task ':flutter_olm:prepareDebugArtProfile' as it is up-to-date.
[        ] Resolve mutations for :flutter_olm:prepareLintJarForPublish (Thread[#45643,Execution worker Thread 21,5,main]) started.
[        ] :flutter_olm:prepareLintJarForPublish (Thread[#45643,Execution worker Thread 21,5,main]) started.
[        ] > Task :flutter_olm:prepareLintJarForPublish UP-TO-DATE
[        ] Caching disabled for task ':flutter_olm:prepareLintJarForPublish' because:
[        ]   Build cache is disabled
[        ]   Caching has been disabled for the task
[        ] Skipping task ':flutter_olm:prepareLintJarForPublish' as it is up-to-date.
[        ] Resolve mutations for :flutter_olm:mergeDebugJavaResource (Thread[#45643,Execution worker Thread 21,5,main]) started.
[        ] :flutter_olm:mergeDebugJavaResource (Thread[#45643,Execution worker Thread 21,5,main]) started.
[        ] > Task :flutter_olm:mergeDebugJavaResource UP-TO-DATE
[        ] Caching disabled for task ':flutter_olm:mergeDebugJavaResource' because:
[        ]   Build cache is disabled
[        ]   Caching has been disabled for the task
[        ] Skipping task ':flutter_olm:mergeDebugJavaResource' as it is up-to-date.
[        ] Resolve mutations for :flutter_olm:syncDebugLibJars (Thread[#45643,Execution worker Thread 21,5,main]) started.
[        ] :flutter_olm:syncDebugLibJars (Thread[#45643,Execution worker Thread 21,5,main]) started.
[        ] > Task :flutter_olm:syncDebugLibJars UP-TO-DATE
[        ] Caching disabled for task ':flutter_olm:syncDebugLibJars' because:
[        ]   Build cache is disabled
[        ] Skipping task ':flutter_olm:syncDebugLibJars' as it is up-to-date.
[        ] Resolve mutations for :flutter_olm:bundleDebugAar (Thread[#45643,Execution worker Thread 21,5,main]) started.
[        ] :flutter_olm:bundleDebugAar (Thread[#45643,Execution worker Thread 21,5,main]) started.
[        ] > Task :flutter_olm:bundleDebugAar UP-TO-DATE
[        ] Caching disabled for task ':flutter_olm:bundleDebugAar' because:
[        ]   Build cache is disabled
[        ]   Caching has been disabled for the task
[        ] Skipping task ':flutter_olm:bundleDebugAar' as it is up-to-date.
[        ] Resolve mutations for :flutter_olm:assembleDebug (Thread[#45643,Execution worker Thread 21,5,main]) started.
[        ] :flutter_olm:assembleDebug (Thread[#45643,Execution worker Thread 21,5,main]) started.
[        ] > Task :flutter_olm:assembleDebug UP-TO-DATE
[        ] Skipping task ':flutter_olm:assembleDebug' as it has no actions.
[        ] Resolve mutations for :flutter_openssl_crypto:stripDebugDebugSymbols (Thread[#45643,Execution worker Thread 21,5,main]) started.
[        ] :flutter_openssl_crypto:stripDebugDebugSymbols (Thread[#45643,Execution worker Thread 21,5,main]) started.
[        ] > Task :flutter_openssl_crypto:stripDebugDebugSymbols UP-TO-DATE
[        ] Caching disabled for task ':flutter_openssl_crypto:stripDebugDebugSymbols' because:
[        ]   Build cache is disabled
[        ]   Caching has been disabled for the task
[        ] Skipping task ':flutter_openssl_crypto:stripDebugDebugSymbols' as it is up-to-date.
[        ] Resolve mutations for :flutter_openssl_crypto:copyDebugJniLibsProjectAndLocalJars (Thread[#45643,Execution worker Thread 21,5,main]) started.
[        ] :flutter_openssl_crypto:copyDebugJniLibsProjectAndLocalJars (Thread[#45643,Execution worker Thread 21,5,main]) started.
[        ] > Task :flutter_openssl_crypto:copyDebugJniLibsProjectAndLocalJars UP-TO-DATE
[        ] Caching disabled for task ':flutter_openssl_crypto:copyDebugJniLibsProjectAndLocalJars' because:
[        ]   Build cache is disabled
[        ]   Caching has been disabled for the task
[        ] Skipping task ':flutter_openssl_crypto:copyDebugJniLibsProjectAndLocalJars' as it is up-to-date.
[        ] Resolve mutations for :flutter_openssl_crypto:extractDebugAnnotations (Thread[#45643,Execution worker Thread 21,5,main]) started.
[        ] :flutter_openssl_crypto:extractDebugAnnotations (Thread[#45643,Execution worker Thread 21,5,main]) started.
[        ] > Task :flutter_openssl_crypto:extractDebugAnnotations UP-TO-DATE
[        ] Caching disabled for task ':flutter_openssl_crypto:extractDebugAnnotations' because:
[        ]   Build cache is disabled
[        ] Skipping task ':flutter_openssl_crypto:extractDebugAnnotations' as it is up-to-date.
[        ] Resolve mutations for :flutter_openssl_crypto:extractDeepLinksForAarDebug (Thread[#45643,Execution worker Thread 21,5,main]) started.
[        ] :flutter_openssl_crypto:extractDeepLinksForAarDebug (Thread[#45643,Execution worker Thread 21,5,main]) started.
[        ] > Task :flutter_openssl_crypto:extractDeepLinksForAarDebug UP-TO-DATE
[        ] Caching disabled for task ':flutter_openssl_crypto:extractDeepLinksForAarDebug' because:
[        ]   Build cache is disabled
[        ] Skipping task ':flutter_openssl_crypto:extractDeepLinksForAarDebug' as it is up-to-date.
[        ] Resolve mutations for :flutter_openssl_crypto:mergeDebugGeneratedProguardFiles (Thread[#45643,Execution worker Thread 21,5,main]) started.
[        ] :flutter_openssl_crypto:mergeDebugGeneratedProguardFiles (Thread[#45643,Execution worker Thread 21,5,main]) started.
[        ] > Task :flutter_openssl_crypto:mergeDebugGeneratedProguardFiles UP-TO-DATE
[        ] Caching disabled for task ':flutter_openssl_crypto:mergeDebugGeneratedProguardFiles' because:
[        ]   Build cache is disabled
[        ]   Simple merging task
[        ] Skipping task ':flutter_openssl_crypto:mergeDebugGeneratedProguardFiles' as it is up-to-date.
[        ] Resolve mutations for :flutter_openssl_crypto:mergeDebugConsumerProguardFiles (Thread[#45643,Execution worker Thread 21,5,main]) started.
[        ] :flutter_openssl_crypto:mergeDebugConsumerProguardFiles (Thread[#45643,Execution worker Thread 21,5,main]) started.
[        ] > Task :flutter_openssl_crypto:mergeDebugConsumerProguardFiles UP-TO-DATE
[        ] Caching disabled for task ':flutter_openssl_crypto:mergeDebugConsumerProguardFiles' because:
[        ]   Build cache is disabled
[        ]   Simple merging task
[        ] Skipping task ':flutter_openssl_crypto:mergeDebugConsumerProguardFiles' as it is up-to-date.
[        ] Resolve mutations for :flutter_openssl_crypto:prepareDebugArtProfile (Thread[#45643,Execution worker Thread 21,5,main]) started.
[        ] :flutter_openssl_crypto:prepareDebugArtProfile (Thread[#45643,Execution worker Thread 21,5,main]) started.
[        ] > Task :flutter_openssl_crypto:prepareDebugArtProfile UP-TO-DATE
[        ] Caching disabled for task ':flutter_openssl_crypto:prepareDebugArtProfile' because:
[        ]   Build cache is disabled
[        ]   Caching has been disabled for the task
[        ] Skipping task ':flutter_openssl_crypto:prepareDebugArtProfile' as it is up-to-date.
[        ] Resolve mutations for :flutter_openssl_crypto:prepareLintJarForPublish (Thread[#45643,Execution worker Thread 21,5,main]) started.
[        ] :flutter_openssl_crypto:prepareLintJarForPublish (Thread[#45643,Execution worker Thread 21,5,main]) started.
[        ] > Task :flutter_openssl_crypto:prepareLintJarForPublish UP-TO-DATE
[        ] Caching disabled for task ':flutter_openssl_crypto:prepareLintJarForPublish' because:
[        ]   Build cache is disabled
[        ]   Caching has been disabled for the task
[        ] Skipping task ':flutter_openssl_crypto:prepareLintJarForPublish' as it is up-to-date.
[        ] Resolve mutations for :flutter_openssl_crypto:mergeDebugJavaResource (Thread[#45643,Execution worker Thread 21,5,main]) started.
[        ] :flutter_openssl_crypto:mergeDebugJavaResource (Thread[#45643,Execution worker Thread 21,5,main]) started.
[        ] > Task :flutter_openssl_crypto:mergeDebugJavaResource UP-TO-DATE
[        ] Caching disabled for task ':flutter_openssl_crypto:mergeDebugJavaResource' because:
[        ]   Build cache is disabled
[        ]   Caching has been disabled for the task
[        ] Skipping task ':flutter_openssl_crypto:mergeDebugJavaResource' as it is up-to-date.
[        ] Resolve mutations for :flutter_openssl_crypto:syncDebugLibJars (Thread[#45643,Execution worker Thread 21,5,main]) started.
[        ] :flutter_openssl_crypto:syncDebugLibJars (Thread[#45643,Execution worker Thread 21,5,main]) started.
[        ] > Task :flutter_openssl_crypto:syncDebugLibJars UP-TO-DATE
[        ] Caching disabled for task ':flutter_openssl_crypto:syncDebugLibJars' because:
[        ]   Build cache is disabled
[        ] Skipping task ':flutter_openssl_crypto:syncDebugLibJars' as it is up-to-date.
[        ] Resolve mutations for :flutter_openssl_crypto:bundleDebugAar (Thread[#45643,Execution worker Thread 21,5,main]) started.
[        ] :flutter_openssl_crypto:bundleDebugAar (Thread[#45643,Execution worker Thread 21,5,main]) started.
[        ] > Task :flutter_openssl_crypto:bundleDebugAar UP-TO-DATE
[        ] Caching disabled for task ':flutter_openssl_crypto:bundleDebugAar' because:
[        ]   Build cache is disabled
[        ]   Caching has been disabled for the task
[        ] Skipping task ':flutter_openssl_crypto:bundleDebugAar' as it is up-to-date.
[        ] Resolve mutations for :flutter_openssl_crypto:assembleDebug (Thread[#45643,Execution worker Thread 21,5,main]) started.
[        ] :flutter_openssl_crypto:assembleDebug (Thread[#45643,Execution worker Thread 21,5,main]) started.
[        ] > Task :flutter_openssl_crypto:assembleDebug UP-TO-DATE
[        ] Skipping task ':flutter_openssl_crypto:assembleDebug' as it has no actions.
[        ] Resolve mutations for :integration_test:stripDebugDebugSymbols (Thread[#45643,Execution worker Thread 21,5,main]) started.
[        ] :integration_test:stripDebugDebugSymbols (Thread[#45643,Execution worker Thread 21,5,main]) started.
[        ] > Task :integration_test:stripDebugDebugSymbols NO-SOURCE
[        ] Skipping task ':integration_test:stripDebugDebugSymbols' as it has no source files and no previous output files.
[        ] Resolve mutations for :integration_test:copyDebugJniLibsProjectAndLocalJars (Thread[#45643,Execution worker Thread 21,5,main]) started.
[        ] :integration_test:copyDebugJniLibsProjectAndLocalJars (Thread[#45643,Execution worker Thread 21,5,main]) started.
[        ] > Task :integration_test:copyDebugJniLibsProjectAndLocalJars UP-TO-DATE
[        ] Caching disabled for task ':integration_test:copyDebugJniLibsProjectAndLocalJars' because:
[        ]   Build cache is disabled
[        ]   Caching has been disabled for the task
[        ] Skipping task ':integration_test:copyDebugJniLibsProjectAndLocalJars' as it is up-to-date.
[        ] Resolve mutations for :integration_test:extractDebugAnnotations (Thread[#45643,Execution worker Thread 21,5,main]) started.
[        ] :integration_test:extractDebugAnnotations (Thread[#45643,Execution worker Thread 21,5,main]) started.
[        ] > Task :integration_test:extractDebugAnnotations UP-TO-DATE
[        ] Caching disabled for task ':integration_test:extractDebugAnnotations' because:
[        ]   Build cache is disabled
[        ] Skipping task ':integration_test:extractDebugAnnotations' as it is up-to-date.
[        ] Resolve mutations for :integration_test:extractDeepLinksForAarDebug (Thread[#45643,Execution worker Thread 21,5,main]) started.
[        ] :integration_test:extractDeepLinksForAarDebug (Thread[#45643,Execution worker Thread 21,5,main]) started.
[        ] > Task :integration_test:extractDeepLinksForAarDebug UP-TO-DATE
[        ] Caching disabled for task ':integration_test:extractDeepLinksForAarDebug' because:
[        ]   Build cache is disabled
[        ] Skipping task ':integration_test:extractDeepLinksForAarDebug' as it is up-to-date.
[        ] Resolve mutations for :integration_test:mergeDebugGeneratedProguardFiles (Thread[#45643,Execution worker Thread 21,5,main]) started.
[        ] :integration_test:mergeDebugGeneratedProguardFiles (Thread[#45643,Execution worker Thread 21,5,main]) started.
[        ] > Task :integration_test:mergeDebugGeneratedProguardFiles UP-TO-DATE
[        ] Caching disabled for task ':integration_test:mergeDebugGeneratedProguardFiles' because:
[        ]   Build cache is disabled
[        ]   Simple merging task
[        ] Skipping task ':integration_test:mergeDebugGeneratedProguardFiles' as it is up-to-date.
[        ] Resolve mutations for :integration_test:mergeDebugConsumerProguardFiles (Thread[#45643,Execution worker Thread 21,5,main]) started.
[        ] :integration_test:mergeDebugConsumerProguardFiles (Thread[#45643,Execution worker Thread 21,5,main]) started.
[        ] > Task :integration_test:mergeDebugConsumerProguardFiles UP-TO-DATE
[        ] Caching disabled for task ':integration_test:mergeDebugConsumerProguardFiles' because:
[        ]   Build cache is disabled
[        ]   Simple merging task
[        ] Skipping task ':integration_test:mergeDebugConsumerProguardFiles' as it is up-to-date.
[        ] Resolve mutations for :integration_test:prepareDebugArtProfile (Thread[#45643,Execution worker Thread 21,5,main]) started.
[        ] :integration_test:prepareDebugArtProfile (Thread[#45643,Execution worker Thread 21,5,main]) started.
[        ] > Task :integration_test:prepareDebugArtProfile UP-TO-DATE
[        ] Caching disabled for task ':integration_test:prepareDebugArtProfile' because:
[        ]   Build cache is disabled
[        ]   Caching has been disabled for the task
[        ] Skipping task ':integration_test:prepareDebugArtProfile' as it is up-to-date.
[        ] Resolve mutations for :integration_test:prepareLintJarForPublish (Thread[#45643,Execution worker Thread 21,5,main]) started.
[        ] :integration_test:prepareLintJarForPublish (Thread[#45643,Execution worker Thread 21,5,main]) started.
[        ] > Task :integration_test:prepareLintJarForPublish UP-TO-DATE
[        ] Caching disabled for task ':integration_test:prepareLintJarForPublish' because:
[        ]   Build cache is disabled
[        ]   Caching has been disabled for the task
[        ] Skipping task ':integration_test:prepareLintJarForPublish' as it is up-to-date.
[        ] Resolve mutations for :integration_test:mergeDebugJavaResource (Thread[#45643,Execution worker Thread 21,5,main]) started.
[        ] :integration_test:mergeDebugJavaResource (Thread[#45643,Execution worker Thread 21,5,main]) started.
[        ] > Task :integration_test:mergeDebugJavaResource UP-TO-DATE
[        ] Caching disabled for task ':integration_test:mergeDebugJavaResource' because:
[        ]   Build cache is disabled
[        ]   Caching has been disabled for the task
[        ] Skipping task ':integration_test:mergeDebugJavaResource' as it is up-to-date.
[        ] Resolve mutations for :integration_test:syncDebugLibJars (Thread[#45643,Execution worker Thread 21,5,main]) started.
[        ] :integration_test:syncDebugLibJars (Thread[#45643,Execution worker Thread 21,5,main]) started.
[        ] > Task :integration_test:syncDebugLibJars UP-TO-DATE
[        ] Caching disabled for task ':integration_test:syncDebugLibJars' because:
[        ]   Build cache is disabled
[        ] Skipping task ':integration_test:syncDebugLibJars' as it is up-to-date.
[        ] Resolve mutations for :integration_test:bundleDebugAar (Thread[#45643,Execution worker Thread 21,5,main]) started.
[        ] :integration_test:bundleDebugAar (Thread[#45643,Execution worker Thread 21,5,main]) started.
[        ] > Task :integration_test:bundleDebugAar UP-TO-DATE
[        ] Caching disabled for task ':integration_test:bundleDebugAar' because:
[        ]   Build cache is disabled
[        ]   Caching has been disabled for the task
[        ] Skipping task ':integration_test:bundleDebugAar' as it is up-to-date.
[        ] Resolve mutations for :integration_test:assembleDebug (Thread[#45643,Execution worker Thread 21,5,main]) started.
[        ] :integration_test:assembleDebug (Thread[#45643,Execution worker Thread 21,5,main]) started.
[        ] > Task :integration_test:assembleDebug UP-TO-DATE
[        ] Skipping task ':integration_test:assembleDebug' as it has no actions.
[        ] Resolve mutations for :path_provider_android:stripDebugDebugSymbols (Thread[#45643,Execution worker Thread 21,5,main]) started.
[        ] :path_provider_android:stripDebugDebugSymbols (Thread[#45643,Execution worker Thread 21,5,main]) started.
[        ] > Task :path_provider_android:stripDebugDebugSymbols NO-SOURCE
[        ] Skipping task ':path_provider_android:stripDebugDebugSymbols' as it has no source files and no previous output files.
[        ] Resolve mutations for :path_provider_android:copyDebugJniLibsProjectAndLocalJars (Thread[#45643,Execution worker Thread 21,5,main]) started.
[        ] :path_provider_android:copyDebugJniLibsProjectAndLocalJars (Thread[#45643,Execution worker Thread 21,5,main]) started.
[        ] > Task :path_provider_android:copyDebugJniLibsProjectAndLocalJars UP-TO-DATE
[        ] Caching disabled for task ':path_provider_android:copyDebugJniLibsProjectAndLocalJars' because:
[        ]   Build cache is disabled
[        ]   Caching has been disabled for the task
[        ] Skipping task ':path_provider_android:copyDebugJniLibsProjectAndLocalJars' as it is up-to-date.
[        ] Resolve mutations for :path_provider_android:extractDebugAnnotations (Thread[#45643,Execution worker Thread 21,5,main]) started.
[        ] :path_provider_android:extractDebugAnnotations (Thread[#45643,Execution worker Thread 21,5,main]) started.
[        ] > Task :path_provider_android:extractDebugAnnotations UP-TO-DATE
[        ] Caching disabled for task ':path_provider_android:extractDebugAnnotations' because:
[        ]   Build cache is disabled
[        ] Skipping task ':path_provider_android:extractDebugAnnotations' as it is up-to-date.
[        ] Resolve mutations for :path_provider_android:extractDeepLinksForAarDebug (Thread[#45643,Execution worker Thread 21,5,main]) started.
[        ] :path_provider_android:extractDeepLinksForAarDebug (Thread[#45643,Execution worker Thread 21,5,main]) started.
[        ] > Task :path_provider_android:extractDeepLinksForAarDebug UP-TO-DATE
[        ] Caching disabled for task ':path_provider_android:extractDeepLinksForAarDebug' because:
[        ]   Build cache is disabled
[        ] Skipping task ':path_provider_android:extractDeepLinksForAarDebug' as it is up-to-date.
[        ] Resolve mutations for :path_provider_android:mergeDebugGeneratedProguardFiles (Thread[#45643,Execution worker Thread 21,5,main]) started.
[        ] :path_provider_android:mergeDebugGeneratedProguardFiles (Thread[#45643,Execution worker Thread 21,5,main]) started.
[        ] > Task :path_provider_android:mergeDebugGeneratedProguardFiles UP-TO-DATE
[        ] Caching disabled for task ':path_provider_android:mergeDebugGeneratedProguardFiles' because:
[        ]   Build cache is disabled
[        ]   Simple merging task
[        ] Skipping task ':path_provider_android:mergeDebugGeneratedProguardFiles' as it is up-to-date.
[        ] Resolve mutations for :path_provider_android:mergeDebugConsumerProguardFiles (Thread[#45643,Execution worker Thread 21,5,main]) started.
[        ] :path_provider_android:mergeDebugConsumerProguardFiles (Thread[#45643,Execution worker Thread 21,5,main]) started.
[        ] > Task :path_provider_android:mergeDebugConsumerProguardFiles UP-TO-DATE
[        ] Caching disabled for task ':path_provider_android:mergeDebugConsumerProguardFiles' because:
[        ]   Build cache is disabled
[        ]   Simple merging task
[        ] Skipping task ':path_provider_android:mergeDebugConsumerProguardFiles' as it is up-to-date.
[        ] Resolve mutations for :path_provider_android:prepareDebugArtProfile (Thread[#45643,Execution worker Thread 21,5,main]) started.
[        ] :path_provider_android:prepareDebugArtProfile (Thread[#45643,Execution worker Thread 21,5,main]) started.
[        ] > Task :path_provider_android:prepareDebugArtProfile UP-TO-DATE
[        ] Caching disabled for task ':path_provider_android:prepareDebugArtProfile' because:
[        ]   Build cache is disabled
[        ]   Caching has been disabled for the task
[        ] Skipping task ':path_provider_android:prepareDebugArtProfile' as it is up-to-date.
[        ] Resolve mutations for :path_provider_android:prepareLintJarForPublish (Thread[#45643,Execution worker Thread 21,5,main]) started.
[        ] :path_provider_android:prepareLintJarForPublish (Thread[#45643,Execution worker Thread 21,5,main]) started.
[        ] > Task :path_provider_android:prepareLintJarForPublish UP-TO-DATE
[        ] Caching disabled for task ':path_provider_android:prepareLintJarForPublish' because:
[        ]   Build cache is disabled
[        ]   Caching has been disabled for the task
[        ] Skipping task ':path_provider_android:prepareLintJarForPublish' as it is up-to-date.
[        ] Resolve mutations for :path_provider_android:mergeDebugJavaResource (Thread[#45643,Execution worker Thread 21,5,main]) started.
[        ] :path_provider_android:mergeDebugJavaResource (Thread[#45643,Execution worker Thread 21,5,main]) started.
[        ] > Task :path_provider_android:mergeDebugJavaResource UP-TO-DATE
[        ] Caching disabled for task ':path_provider_android:mergeDebugJavaResource' because:
[        ]   Build cache is disabled
[        ]   Caching has been disabled for the task
[        ] Skipping task ':path_provider_android:mergeDebugJavaResource' as it is up-to-date.
[        ] Resolve mutations for :path_provider_android:syncDebugLibJars (Thread[#45643,Execution worker Thread 21,5,main]) started.
[        ] :path_provider_android:syncDebugLibJars (Thread[#45643,Execution worker Thread 21,5,main]) started.
[        ] > Task :path_provider_android:syncDebugLibJars UP-TO-DATE
[        ] Caching disabled for task ':path_provider_android:syncDebugLibJars' because:
[        ]   Build cache is disabled
[        ] Skipping task ':path_provider_android:syncDebugLibJars' as it is up-to-date.
[        ] Resolve mutations for :path_provider_android:bundleDebugAar (Thread[#45643,Execution worker Thread 21,5,main]) started.
[        ] :path_provider_android:bundleDebugAar (Thread[#45643,Execution worker Thread 21,5,main]) started.
[        ] > Task :path_provider_android:bundleDebugAar UP-TO-DATE
[        ] Caching disabled for task ':path_provider_android:bundleDebugAar' because:
[        ]   Build cache is disabled
[        ]   Caching has been disabled for the task
[        ] Skipping task ':path_provider_android:bundleDebugAar' as it is up-to-date.
[        ] Resolve mutations for :path_provider_android:assembleDebug (Thread[#45643,Execution worker Thread 21,5,main]) started.
[        ] :path_provider_android:assembleDebug (Thread[#45643,Execution worker Thread 21,5,main]) started.
[        ] > Task :path_provider_android:assembleDebug UP-TO-DATE
[        ] Skipping task ':path_provider_android:assembleDebug' as it has no actions.
[        ] Resolve mutations for :quill_native_bridge_android:stripDebugDebugSymbols (Thread[#45643,Execution worker Thread 21,5,main]) started.
[        ] :quill_native_bridge_android:stripDebugDebugSymbols (Thread[#45643,Execution worker Thread 21,5,main]) started.
[        ] > Task :quill_native_bridge_android:stripDebugDebugSymbols NO-SOURCE
[        ] Skipping task ':quill_native_bridge_android:stripDebugDebugSymbols' as it has no source files and no previous output files.
[        ] Resolve mutations for :quill_native_bridge_android:copyDebugJniLibsProjectAndLocalJars (Thread[#45643,Execution worker Thread 21,5,main]) started.
[        ] :quill_native_bridge_android:copyDebugJniLibsProjectAndLocalJars (Thread[#45643,Execution worker Thread 21,5,main]) started.
[        ] > Task :quill_native_bridge_android:copyDebugJniLibsProjectAndLocalJars UP-TO-DATE
[        ] Caching disabled for task ':quill_native_bridge_android:copyDebugJniLibsProjectAndLocalJars' because:
[        ]   Build cache is disabled
[        ]   Caching has been disabled for the task
[        ] Skipping task ':quill_native_bridge_android:copyDebugJniLibsProjectAndLocalJars' as it is up-to-date.
[        ] Resolve mutations for :quill_native_bridge_android:extractDebugAnnotations (Thread[#45643,Execution worker Thread 21,5,main]) started.
[        ] :quill_native_bridge_android:extractDebugAnnotations (Thread[#45643,Execution worker Thread 21,5,main]) started.
[        ] > Task :quill_native_bridge_android:extractDebugAnnotations UP-TO-DATE
[        ] Caching disabled for task ':quill_native_bridge_android:extractDebugAnnotations' because:
[        ]   Build cache is disabled
[        ] Skipping task ':quill_native_bridge_android:extractDebugAnnotations' as it is up-to-date.
[        ] Resolve mutations for :quill_native_bridge_android:extractDeepLinksForAarDebug (Thread[#45643,Execution worker Thread 21,5,main]) started.
[        ] :quill_native_bridge_android:extractDeepLinksForAarDebug (Thread[#45643,Execution worker Thread 21,5,main]) started.
[        ] > Task :quill_native_bridge_android:extractDeepLinksForAarDebug UP-TO-DATE
[        ] Caching disabled for task ':quill_native_bridge_android:extractDeepLinksForAarDebug' because:
[        ]   Build cache is disabled
[        ] Skipping task ':quill_native_bridge_android:extractDeepLinksForAarDebug' as it is up-to-date.
[        ] Resolve mutations for :quill_native_bridge_android:mergeDebugGeneratedProguardFiles (Thread[#45643,Execution worker Thread 21,5,main]) started.
[        ] :quill_native_bridge_android:mergeDebugGeneratedProguardFiles (Thread[#45643,Execution worker Thread 21,5,main]) started.
[        ] > Task :quill_native_bridge_android:mergeDebugGeneratedProguardFiles UP-TO-DATE
[        ] Caching disabled for task ':quill_native_bridge_android:mergeDebugGeneratedProguardFiles' because:
[        ]   Build cache is disabled
[        ]   Simple merging task
[        ] Skipping task ':quill_native_bridge_android:mergeDebugGeneratedProguardFiles' as it is up-to-date.
[        ] Resolve mutations for :quill_native_bridge_android:mergeDebugConsumerProguardFiles (Thread[#45643,Execution worker Thread 21,5,main]) started.
[        ] :quill_native_bridge_android:mergeDebugConsumerProguardFiles (Thread[#45643,Execution worker Thread 21,5,main]) started.
[        ] > Task :quill_native_bridge_android:mergeDebugConsumerProguardFiles UP-TO-DATE
[        ] Caching disabled for task ':quill_native_bridge_android:mergeDebugConsumerProguardFiles' because:
[        ]   Build cache is disabled
[        ]   Simple merging task
[        ] Skipping task ':quill_native_bridge_android:mergeDebugConsumerProguardFiles' as it is up-to-date.
[        ] Resolve mutations for :quill_native_bridge_android:prepareDebugArtProfile (Thread[#45643,Execution worker Thread 21,5,main]) started.
[        ] :quill_native_bridge_android:prepareDebugArtProfile (Thread[#45643,Execution worker Thread 21,5,main]) started.
[        ] > Task :quill_native_bridge_android:prepareDebugArtProfile UP-TO-DATE
[        ] Caching disabled for task ':quill_native_bridge_android:prepareDebugArtProfile' because:
[        ]   Build cache is disabled
[        ]   Caching has been disabled for the task
[        ] Skipping task ':quill_native_bridge_android:prepareDebugArtProfile' as it is up-to-date.
[        ] Resolve mutations for :quill_native_bridge_android:prepareLintJarForPublish (Thread[#45643,Execution worker Thread 21,5,main]) started.
[        ] :quill_native_bridge_android:prepareLintJarForPublish (Thread[#45643,Execution worker Thread 21,5,main]) started.
[        ] > Task :quill_native_bridge_android:prepareLintJarForPublish UP-TO-DATE
[        ] Caching disabled for task ':quill_native_bridge_android:prepareLintJarForPublish' because:
[        ]   Build cache is disabled
[        ]   Caching has been disabled for the task
[        ] Skipping task ':quill_native_bridge_android:prepareLintJarForPublish' as it is up-to-date.
[        ] Resolve mutations for :quill_native_bridge_android:mergeDebugJavaResource (Thread[#45643,Execution worker Thread 21,5,main]) started.
[        ] :quill_native_bridge_android:mergeDebugJavaResource (Thread[#45643,Execution worker Thread 21,5,main]) started.
[        ] > Task :quill_native_bridge_android:mergeDebugJavaResource UP-TO-DATE
[        ] Caching disabled for task ':quill_native_bridge_android:mergeDebugJavaResource' because:
[        ]   Build cache is disabled
[        ]   Caching has been disabled for the task
[        ] Skipping task ':quill_native_bridge_android:mergeDebugJavaResource' as it is up-to-date.
[        ] Resolve mutations for :quill_native_bridge_android:syncDebugLibJars (Thread[#45643,Execution worker Thread 21,5,main]) started.
[        ] :quill_native_bridge_android:syncDebugLibJars (Thread[#45643,Execution worker Thread 21,5,main]) started.
[        ] > Task :quill_native_bridge_android:syncDebugLibJars UP-TO-DATE
[        ] Caching disabled for task ':quill_native_bridge_android:syncDebugLibJars' because:
[        ]   Build cache is disabled
[        ] Skipping task ':quill_native_bridge_android:syncDebugLibJars' as it is up-to-date.
[        ] Resolve mutations for :quill_native_bridge_android:bundleDebugAar (Thread[#45643,Execution worker Thread 21,5,main]) started.
[        ] :quill_native_bridge_android:bundleDebugAar (Thread[#45643,Execution worker Thread 21,5,main]) started.
[        ] > Task :quill_native_bridge_android:bundleDebugAar UP-TO-DATE
[        ] Caching disabled for task ':quill_native_bridge_android:bundleDebugAar' because:
[        ]   Build cache is disabled
[        ]   Caching has been disabled for the task
[        ] Skipping task ':quill_native_bridge_android:bundleDebugAar' as it is up-to-date.
[        ] Resolve mutations for :quill_native_bridge_android:assembleDebug (Thread[#45643,Execution worker Thread 21,5,main]) started.
[        ] :quill_native_bridge_android:assembleDebug (Thread[#45643,Execution worker Thread 21,5,main]) started.
[        ] > Task :quill_native_bridge_android:assembleDebug UP-TO-DATE
[        ] Skipping task ':quill_native_bridge_android:assembleDebug' as it has no actions.
[        ] Resolve mutations for :shared_preferences_android:stripDebugDebugSymbols (Thread[#45643,Execution worker Thread 21,5,main]) started.
[        ] :shared_preferences_android:stripDebugDebugSymbols (Thread[#45643,Execution worker Thread 21,5,main]) started.
[        ] > Task :shared_preferences_android:stripDebugDebugSymbols NO-SOURCE
[        ] Skipping task ':shared_preferences_android:stripDebugDebugSymbols' as it has no source files and no previous output files.
[        ] Resolve mutations for :shared_preferences_android:copyDebugJniLibsProjectAndLocalJars (Thread[#45643,Execution worker Thread 21,5,main]) started.
[        ] :shared_preferences_android:copyDebugJniLibsProjectAndLocalJars (Thread[#45643,Execution worker Thread 21,5,main]) started.
[        ] > Task :shared_preferences_android:copyDebugJniLibsProjectAndLocalJars UP-TO-DATE
[        ] Caching disabled for task ':shared_preferences_android:copyDebugJniLibsProjectAndLocalJars' because:
[        ]   Build cache is disabled
[        ]   Caching has been disabled for the task
[        ] Skipping task ':shared_preferences_android:copyDebugJniLibsProjectAndLocalJars' as it is up-to-date.
[        ] Resolve mutations for :shared_preferences_android:extractDebugAnnotations (Thread[#45643,Execution worker Thread 21,5,main]) started.
[        ] :shared_preferences_android:extractDebugAnnotations (Thread[#45643,Execution worker Thread 21,5,main]) started.
[        ] > Task :shared_preferences_android:extractDebugAnnotations UP-TO-DATE
[        ] Caching disabled for task ':shared_preferences_android:extractDebugAnnotations' because:
[        ]   Build cache is disabled
[        ] Skipping task ':shared_preferences_android:extractDebugAnnotations' as it is up-to-date.
[        ] Resolve mutations for :shared_preferences_android:extractDeepLinksForAarDebug (Thread[#45643,Execution worker Thread 21,5,main]) started.
[        ] :shared_preferences_android:extractDeepLinksForAarDebug (Thread[#45643,Execution worker Thread 21,5,main]) started.
[        ] > Task :shared_preferences_android:extractDeepLinksForAarDebug UP-TO-DATE
[        ] Caching disabled for task ':shared_preferences_android:extractDeepLinksForAarDebug' because:
[        ]   Build cache is disabled
[        ] Skipping task ':shared_preferences_android:extractDeepLinksForAarDebug' as it is up-to-date.
[        ] Resolve mutations for :shared_preferences_android:mergeDebugGeneratedProguardFiles (Thread[#45643,Execution worker Thread 21,5,main]) started.
[        ] :shared_preferences_android:mergeDebugGeneratedProguardFiles (Thread[#45643,Execution worker Thread 21,5,main]) started.
[        ] > Task :shared_preferences_android:mergeDebugGeneratedProguardFiles UP-TO-DATE
[        ] Caching disabled for task ':shared_preferences_android:mergeDebugGeneratedProguardFiles' because:
[        ]   Build cache is disabled
[        ]   Simple merging task
[        ] Skipping task ':shared_preferences_android:mergeDebugGeneratedProguardFiles' as it is up-to-date.
[        ] Resolve mutations for :shared_preferences_android:mergeDebugConsumerProguardFiles (Thread[#45643,Execution worker Thread 21,5,main]) started.
[        ] :shared_preferences_android:mergeDebugConsumerProguardFiles (Thread[#45643,Execution worker Thread 21,5,main]) started.
[        ] > Task :shared_preferences_android:mergeDebugConsumerProguardFiles UP-TO-DATE
[        ] Caching disabled for task ':shared_preferences_android:mergeDebugConsumerProguardFiles' because:
[        ]   Build cache is disabled
[        ]   Simple merging task
[        ] Skipping task ':shared_preferences_android:mergeDebugConsumerProguardFiles' as it is up-to-date.
[        ] Resolve mutations for :shared_preferences_android:prepareDebugArtProfile (Thread[#45643,Execution worker Thread 21,5,main]) started.
[        ] :shared_preferences_android:prepareDebugArtProfile (Thread[#45643,Execution worker Thread 21,5,main]) started.
[        ] > Task :shared_preferences_android:prepareDebugArtProfile UP-TO-DATE
[        ] Caching disabled for task ':shared_preferences_android:prepareDebugArtProfile' because:
[        ]   Build cache is disabled
[        ]   Caching has been disabled for the task
[        ] Skipping task ':shared_preferences_android:prepareDebugArtProfile' as it is up-to-date.
[        ] Resolve mutations for :shared_preferences_android:prepareLintJarForPublish (Thread[#45643,Execution worker Thread 21,5,main]) started.
[        ] :shared_preferences_android:prepareLintJarForPublish (Thread[#45643,Execution worker Thread 21,5,main]) started.
[        ] > Task :shared_preferences_android:prepareLintJarForPublish UP-TO-DATE
[        ] Caching disabled for task ':shared_preferences_android:prepareLintJarForPublish' because:
[        ]   Build cache is disabled
[        ]   Caching has been disabled for the task
[        ] Skipping task ':shared_preferences_android:prepareLintJarForPublish' as it is up-to-date.
[        ] Resolve mutations for :shared_preferences_android:mergeDebugJavaResource (Thread[#45643,Execution worker Thread 21,5,main]) started.
[        ] :shared_preferences_android:mergeDebugJavaResource (Thread[#45643,Execution worker Thread 21,5,main]) started.
[        ] > Task :shared_preferences_android:mergeDebugJavaResource UP-TO-DATE
[        ] Caching disabled for task ':shared_preferences_android:mergeDebugJavaResource' because:
[        ]   Build cache is disabled
[        ]   Caching has been disabled for the task
[        ] Skipping task ':shared_preferences_android:mergeDebugJavaResource' as it is up-to-date.
[        ] Resolve mutations for :shared_preferences_android:syncDebugLibJars (Thread[#45643,Execution worker Thread 21,5,main]) started.
[        ] :shared_preferences_android:syncDebugLibJars (Thread[#45643,Execution worker Thread 21,5,main]) started.
[        ] > Task :shared_preferences_android:syncDebugLibJars UP-TO-DATE
[        ] Caching disabled for task ':shared_preferences_android:syncDebugLibJars' because:
[        ]   Build cache is disabled
[        ] Skipping task ':shared_preferences_android:syncDebugLibJars' as it is up-to-date.
[        ] Resolve mutations for :shared_preferences_android:bundleDebugAar (Thread[#45643,Execution worker Thread 21,5,main]) started.
[        ] :shared_preferences_android:bundleDebugAar (Thread[#45643,Execution worker Thread 21,5,main]) started.
[        ] > Task :shared_preferences_android:bundleDebugAar UP-TO-DATE
[        ] Caching disabled for task ':shared_preferences_android:bundleDebugAar' because:
[        ]   Build cache is disabled
[        ]   Caching has been disabled for the task
[        ] Skipping task ':shared_preferences_android:bundleDebugAar' as it is up-to-date.
[        ] Resolve mutations for :shared_preferences_android:assembleDebug (Thread[#45643,Execution worker Thread 21,5,main]) started.
[        ] :shared_preferences_android:assembleDebug (Thread[#45643,Execution worker Thread 21,5,main]) started.
[        ] > Task :shared_preferences_android:assembleDebug UP-TO-DATE
[        ] Skipping task ':shared_preferences_android:assembleDebug' as it has no actions.
[        ] Resolve mutations for :sqflite_android:stripDebugDebugSymbols (Thread[#45643,Execution worker Thread 21,5,main]) started.
[        ] :sqflite_android:stripDebugDebugSymbols (Thread[#45643,Execution worker Thread 21,5,main]) started.
[        ] > Task :sqflite_android:stripDebugDebugSymbols NO-SOURCE
[        ] Skipping task ':sqflite_android:stripDebugDebugSymbols' as it has no source files and no previous output files.
[        ] Resolve mutations for :sqflite_android:copyDebugJniLibsProjectAndLocalJars (Thread[#45643,Execution worker Thread 21,5,main]) started.
[        ] :sqflite_android:copyDebugJniLibsProjectAndLocalJars (Thread[#45643,Execution worker Thread 21,5,main]) started.
[        ] > Task :sqflite_android:copyDebugJniLibsProjectAndLocalJars UP-TO-DATE
[        ] Caching disabled for task ':sqflite_android:copyDebugJniLibsProjectAndLocalJars' because:
[        ]   Build cache is disabled
[        ]   Caching has been disabled for the task
[        ] Skipping task ':sqflite_android:copyDebugJniLibsProjectAndLocalJars' as it is up-to-date.
[        ] Resolve mutations for :sqflite_android:extractDebugAnnotations (Thread[#45643,Execution worker Thread 21,5,main]) started.
[        ] :sqflite_android:extractDebugAnnotations (Thread[#45643,Execution worker Thread 21,5,main]) started.
[        ] > Task :sqflite_android:extractDebugAnnotations UP-TO-DATE
[        ] Caching disabled for task ':sqflite_android:extractDebugAnnotations' because:
[        ]   Build cache is disabled
[        ] Skipping task ':sqflite_android:extractDebugAnnotations' as it is up-to-date.
[        ] Resolve mutations for :sqflite_android:extractDeepLinksForAarDebug (Thread[#45643,Execution worker Thread 21,5,main]) started.
[        ] :sqflite_android:extractDeepLinksForAarDebug (Thread[#45643,Execution worker Thread 21,5,main]) started.
[        ] > Task :sqflite_android:extractDeepLinksForAarDebug UP-TO-DATE
[        ] Caching disabled for task ':sqflite_android:extractDeepLinksForAarDebug' because:
[        ]   Build cache is disabled
[        ] Skipping task ':sqflite_android:extractDeepLinksForAarDebug' as it is up-to-date.
[        ] Resolve mutations for :sqflite_android:mergeDebugGeneratedProguardFiles (Thread[#45643,Execution worker Thread 21,5,main]) started.
[        ] :sqflite_android:mergeDebugGeneratedProguardFiles (Thread[#45643,Execution worker Thread 21,5,main]) started.
[        ] > Task :sqflite_android:mergeDebugGeneratedProguardFiles UP-TO-DATE
[        ] Caching disabled for task ':sqflite_android:mergeDebugGeneratedProguardFiles' because:
[        ]   Build cache is disabled
[        ]   Simple merging task
[        ] Skipping task ':sqflite_android:mergeDebugGeneratedProguardFiles' as it is up-to-date.
[        ] Resolve mutations for :sqflite_android:mergeDebugConsumerProguardFiles (Thread[#45643,Execution worker Thread 21,5,main]) started.
[        ] :sqflite_android:mergeDebugConsumerProguardFiles (Thread[#45643,Execution worker Thread 21,5,main]) started.
[        ] > Task :sqflite_android:mergeDebugConsumerProguardFiles UP-TO-DATE
[        ] Caching disabled for task ':sqflite_android:mergeDebugConsumerProguardFiles' because:
[        ]   Build cache is disabled
[        ]   Simple merging task
[        ] Skipping task ':sqflite_android:mergeDebugConsumerProguardFiles' as it is up-to-date.
[        ] Resolve mutations for :sqflite_android:prepareDebugArtProfile (Thread[#45643,Execution worker Thread 21,5,main]) started.
[        ] :sqflite_android:prepareDebugArtProfile (Thread[#45643,Execution worker Thread 21,5,main]) started.
[        ] > Task :sqflite_android:prepareDebugArtProfile UP-TO-DATE
[        ] Caching disabled for task ':sqflite_android:prepareDebugArtProfile' because:
[        ]   Build cache is disabled
[        ]   Caching has been disabled for the task
[        ] Skipping task ':sqflite_android:prepareDebugArtProfile' as it is up-to-date.
[        ] Resolve mutations for :sqflite_android:prepareLintJarForPublish (Thread[#45643,Execution worker Thread 21,5,main]) started.
[        ] :sqflite_android:prepareLintJarForPublish (Thread[#45643,Execution worker Thread 21,5,main]) started.
[        ] > Task :sqflite_android:prepareLintJarForPublish UP-TO-DATE
[        ] Caching disabled for task ':sqflite_android:prepareLintJarForPublish' because:
[        ]   Build cache is disabled
[        ]   Caching has been disabled for the task
[        ] Skipping task ':sqflite_android:prepareLintJarForPublish' as it is up-to-date.
[        ] Resolve mutations for :sqflite_android:mergeDebugJavaResource (Thread[#45643,Execution worker Thread 21,5,main]) started.
[        ] :sqflite_android:mergeDebugJavaResource (Thread[#45643,Execution worker Thread 21,5,main]) started.
[        ] > Task :sqflite_android:mergeDebugJavaResource UP-TO-DATE
[        ] Caching disabled for task ':sqflite_android:mergeDebugJavaResource' because:
[        ]   Build cache is disabled
[        ]   Caching has been disabled for the task
[        ] Skipping task ':sqflite_android:mergeDebugJavaResource' as it is up-to-date.
[        ] Resolve mutations for :sqflite_android:syncDebugLibJars (Thread[#45643,Execution worker Thread 21,5,main]) started.
[        ] :sqflite_android:syncDebugLibJars (Thread[#45643,Execution worker Thread 21,5,main]) started.
[        ] > Task :sqflite_android:syncDebugLibJars UP-TO-DATE
[        ] Caching disabled for task ':sqflite_android:syncDebugLibJars' because:
[        ]   Build cache is disabled
[        ] Skipping task ':sqflite_android:syncDebugLibJars' as it is up-to-date.
[        ] Resolve mutations for :sqflite_android:bundleDebugAar (Thread[#45643,Execution worker Thread 21,5,main]) started.
[        ] :sqflite_android:bundleDebugAar (Thread[#45643,Execution worker Thread 21,5,main]) started.
[        ] > Task :sqflite_android:bundleDebugAar UP-TO-DATE
[        ] Caching disabled for task ':sqflite_android:bundleDebugAar' because:
[        ]   Build cache is disabled
[        ]   Caching has been disabled for the task
[        ] Skipping task ':sqflite_android:bundleDebugAar' as it is up-to-date.
[        ] Resolve mutations for :sqflite_android:assembleDebug (Thread[#45643,Execution worker Thread 21,5,main]) started.
[        ] :sqflite_android:assembleDebug (Thread[#45643,Execution worker Thread 21,5,main]) started.
[        ] > Task :sqflite_android:assembleDebug UP-TO-DATE
[        ] Skipping task ':sqflite_android:assembleDebug' as it has no actions.
[        ] Resolve mutations for :url_launcher_android:stripDebugDebugSymbols (Thread[#45643,Execution worker Thread 21,5,main]) started.
[        ] :url_launcher_android:stripDebugDebugSymbols (Thread[#45643,Execution worker Thread 21,5,main]) started.
[        ] > Task :url_launcher_android:stripDebugDebugSymbols NO-SOURCE
[        ] Skipping task ':url_launcher_android:stripDebugDebugSymbols' as it has no source files and no previous output files.
[        ] Resolve mutations for :url_launcher_android:copyDebugJniLibsProjectAndLocalJars (Thread[#45643,Execution worker Thread 21,5,main]) started.
[        ] :url_launcher_android:copyDebugJniLibsProjectAndLocalJars (Thread[#45643,Execution worker Thread 21,5,main]) started.
[        ] > Task :url_launcher_android:copyDebugJniLibsProjectAndLocalJars UP-TO-DATE
[        ] Caching disabled for task ':url_launcher_android:copyDebugJniLibsProjectAndLocalJars' because:
[        ]   Build cache is disabled
[        ]   Caching has been disabled for the task
[        ] Skipping task ':url_launcher_android:copyDebugJniLibsProjectAndLocalJars' as it is up-to-date.
[        ] Resolve mutations for :url_launcher_android:extractDebugAnnotations (Thread[#45643,Execution worker Thread 21,5,main]) started.
[        ] :url_launcher_android:extractDebugAnnotations (Thread[#45643,Execution worker Thread 21,5,main]) started.
[        ] > Task :url_launcher_android:extractDebugAnnotations UP-TO-DATE
[        ] Caching disabled for task ':url_launcher_android:extractDebugAnnotations' because:
[        ]   Build cache is disabled
[        ] Skipping task ':url_launcher_android:extractDebugAnnotations' as it is up-to-date.
[        ] Resolve mutations for :url_launcher_android:extractDeepLinksForAarDebug (Thread[#45643,Execution worker Thread 21,5,main]) started.
[        ] :url_launcher_android:extractDeepLinksForAarDebug (Thread[#45643,Execution worker Thread 21,5,main]) started.
[        ] > Task :url_launcher_android:extractDeepLinksForAarDebug UP-TO-DATE
[        ] Caching disabled for task ':url_launcher_android:extractDeepLinksForAarDebug' because:
[        ]   Build cache is disabled
[        ] Skipping task ':url_launcher_android:extractDeepLinksForAarDebug' as it is up-to-date.
[        ] Resolve mutations for :url_launcher_android:mergeDebugGeneratedProguardFiles (Thread[#45643,Execution worker Thread 21,5,main]) started.
[        ] :url_launcher_android:mergeDebugGeneratedProguardFiles (Thread[#45643,Execution worker Thread 21,5,main]) started.
[        ] > Task :url_launcher_android:mergeDebugGeneratedProguardFiles UP-TO-DATE
[        ] Caching disabled for task ':url_launcher_android:mergeDebugGeneratedProguardFiles' because:
[        ]   Build cache is disabled
[        ]   Simple merging task
[        ] Skipping task ':url_launcher_android:mergeDebugGeneratedProguardFiles' as it is up-to-date.
[        ] Resolve mutations for :url_launcher_android:mergeDebugConsumerProguardFiles (Thread[#45643,Execution worker Thread 21,5,main]) started.
[        ] :url_launcher_android:mergeDebugConsumerProguardFiles (Thread[#45643,Execution worker Thread 21,5,main]) started.
[        ] > Task :url_launcher_android:mergeDebugConsumerProguardFiles UP-TO-DATE
[        ] Caching disabled for task ':url_launcher_android:mergeDebugConsumerProguardFiles' because:
[        ]   Build cache is disabled
[        ]   Simple merging task
[        ] Skipping task ':url_launcher_android:mergeDebugConsumerProguardFiles' as it is up-to-date.
[        ] Resolve mutations for :url_launcher_android:prepareDebugArtProfile (Thread[#45643,Execution worker Thread 21,5,main]) started.
[        ] :url_launcher_android:prepareDebugArtProfile (Thread[#45643,Execution worker Thread 21,5,main]) started.
[        ] > Task :url_launcher_android:prepareDebugArtProfile UP-TO-DATE
[        ] Caching disabled for task ':url_launcher_android:prepareDebugArtProfile' because:
[        ]   Build cache is disabled
[        ]   Caching has been disabled for the task
[        ] Skipping task ':url_launcher_android:prepareDebugArtProfile' as it is up-to-date.
[        ] Resolve mutations for :url_launcher_android:prepareLintJarForPublish (Thread[#45643,Execution worker Thread 21,5,main]) started.
[        ] :url_launcher_android:prepareLintJarForPublish (Thread[#45643,Execution worker Thread 21,5,main]) started.
[        ] > Task :url_launcher_android:prepareLintJarForPublish UP-TO-DATE
[        ] Caching disabled for task ':url_launcher_android:prepareLintJarForPublish' because:
[        ]   Build cache is disabled
[        ]   Caching has been disabled for the task
[        ] Skipping task ':url_launcher_android:prepareLintJarForPublish' as it is up-to-date.
[        ] Resolve mutations for :url_launcher_android:mergeDebugJavaResource (Thread[#45643,Execution worker Thread 21,5,main]) started.
[        ] :url_launcher_android:mergeDebugJavaResource (Thread[#45643,Execution worker Thread 21,5,main]) started.
[        ] > Task :url_launcher_android:mergeDebugJavaResource UP-TO-DATE
[        ] Caching disabled for task ':url_launcher_android:mergeDebugJavaResource' because:
[        ]   Build cache is disabled
[        ]   Caching has been disabled for the task
[        ] Skipping task ':url_launcher_android:mergeDebugJavaResource' as it is up-to-date.
[        ] Resolve mutations for :url_launcher_android:syncDebugLibJars (Thread[#45643,Execution worker Thread 21,5,main]) started.
[        ] :url_launcher_android:syncDebugLibJars (Thread[#45643,Execution worker Thread 21,5,main]) started.
[        ] > Task :url_launcher_android:syncDebugLibJars UP-TO-DATE
[        ] Caching disabled for task ':url_launcher_android:syncDebugLibJars' because:
[        ]   Build cache is disabled
[        ] Skipping task ':url_launcher_android:syncDebugLibJars' as it is up-to-date.
[        ] Resolve mutations for :url_launcher_android:bundleDebugAar (Thread[#45643,Execution worker Thread 21,5,main]) started.
[        ] :url_launcher_android:bundleDebugAar (Thread[#45643,Execution worker Thread 21,5,main]) started.
[        ] > Task :url_launcher_android:bundleDebugAar UP-TO-DATE
[        ] Caching disabled for task ':url_launcher_android:bundleDebugAar' because:
[        ]   Build cache is disabled
[        ]   Caching has been disabled for the task
[        ] Skipping task ':url_launcher_android:bundleDebugAar' as it is up-to-date.
[        ] Resolve mutations for :url_launcher_android:assembleDebug (Thread[#45643,Execution worker Thread 21,5,main]) started.
[        ] :url_launcher_android:assembleDebug (Thread[#45643,Execution worker Thread 21,5,main]) started.
[        ] > Task :url_launcher_android:assembleDebug UP-TO-DATE
[        ] Skipping task ':url_launcher_android:assembleDebug' as it has no actions.
[        ] Resolve mutations for :video_player_android:stripDebugDebugSymbols (Thread[#45643,Execution worker Thread 21,5,main]) started.
[        ] :video_player_android:stripDebugDebugSymbols (Thread[#45643,Execution worker Thread 21,5,main]) started.
[        ] > Task :video_player_android:stripDebugDebugSymbols NO-SOURCE
[        ] Skipping task ':video_player_android:stripDebugDebugSymbols' as it has no source files and no previous output files.
[        ] Resolve mutations for :video_player_android:copyDebugJniLibsProjectAndLocalJars (Thread[#45643,Execution worker Thread 21,5,main]) started.
[        ] :video_player_android:copyDebugJniLibsProjectAndLocalJars (Thread[#45643,Execution worker Thread 21,5,main]) started.
[        ] > Task :video_player_android:copyDebugJniLibsProjectAndLocalJars UP-TO-DATE
[        ] Caching disabled for task ':video_player_android:copyDebugJniLibsProjectAndLocalJars' because:
[        ]   Build cache is disabled
[        ]   Caching has been disabled for the task
[        ] Skipping task ':video_player_android:copyDebugJniLibsProjectAndLocalJars' as it is up-to-date.
[        ] Resolve mutations for :video_player_android:extractDebugAnnotations (Thread[#45643,Execution worker Thread 21,5,main]) started.
[        ] :video_player_android:extractDebugAnnotations (Thread[#45643,Execution worker Thread 21,5,main]) started.
[        ] > Task :video_player_android:extractDebugAnnotations UP-TO-DATE
[        ] Caching disabled for task ':video_player_android:extractDebugAnnotations' because:
[        ]   Build cache is disabled
[        ] Skipping task ':video_player_android:extractDebugAnnotations' as it is up-to-date.
[        ] Resolve mutations for :video_player_android:extractDeepLinksForAarDebug (Thread[#45643,Execution worker Thread 21,5,main]) started.
[        ] :video_player_android:extractDeepLinksForAarDebug (Thread[#45643,Execution worker Thread 21,5,main]) started.
[        ] > Task :video_player_android:extractDeepLinksForAarDebug UP-TO-DATE
[        ] Caching disabled for task ':video_player_android:extractDeepLinksForAarDebug' because:
[        ]   Build cache is disabled
[        ] Skipping task ':video_player_android:extractDeepLinksForAarDebug' as it is up-to-date.
[        ] Resolve mutations for :video_player_android:mergeDebugGeneratedProguardFiles (Thread[#45643,Execution worker Thread 21,5,main]) started.
[        ] :video_player_android:mergeDebugGeneratedProguardFiles (Thread[#45643,Execution worker Thread 21,5,main]) started.
[        ] > Task :video_player_android:mergeDebugGeneratedProguardFiles UP-TO-DATE
[        ] Caching disabled for task ':video_player_android:mergeDebugGeneratedProguardFiles' because:
[        ]   Build cache is disabled
[        ]   Simple merging task
[        ] Skipping task ':video_player_android:mergeDebugGeneratedProguardFiles' as it is up-to-date.
[        ] Resolve mutations for :video_player_android:mergeDebugConsumerProguardFiles (Thread[#45643,Execution worker Thread 21,5,main]) started.
[        ] :video_player_android:mergeDebugConsumerProguardFiles (Thread[#45643,Execution worker Thread 21,5,main]) started.
[        ] > Task :video_player_android:mergeDebugConsumerProguardFiles UP-TO-DATE
[        ] Caching disabled for task ':video_player_android:mergeDebugConsumerProguardFiles' because:
[        ]   Build cache is disabled
[        ]   Simple merging task
[        ] Skipping task ':video_player_android:mergeDebugConsumerProguardFiles' as it is up-to-date.
[        ] Resolve mutations for :video_player_android:prepareDebugArtProfile (Thread[#45643,Execution worker Thread 21,5,main]) started.
[        ] :video_player_android:prepareDebugArtProfile (Thread[#45643,Execution worker Thread 21,5,main]) started.
[        ] > Task :video_player_android:prepareDebugArtProfile UP-TO-DATE
[        ] Caching disabled for task ':video_player_android:prepareDebugArtProfile' because:
[        ]   Build cache is disabled
[        ]   Caching has been disabled for the task
[        ] Skipping task ':video_player_android:prepareDebugArtProfile' as it is up-to-date.
[        ] Resolve mutations for :video_player_android:prepareLintJarForPublish (Thread[#45643,Execution worker Thread 21,5,main]) started.
[        ] :video_player_android:prepareLintJarForPublish (Thread[#45643,Execution worker Thread 21,5,main]) started.
[        ] > Task :video_player_android:prepareLintJarForPublish UP-TO-DATE
[        ] Caching disabled for task ':video_player_android:prepareLintJarForPublish' because:
[        ]   Build cache is disabled
[        ]   Caching has been disabled for the task
[        ] Skipping task ':video_player_android:prepareLintJarForPublish' as it is up-to-date.
[        ] Resolve mutations for :video_player_android:mergeDebugJavaResource (Thread[#45643,Execution worker Thread 21,5,main]) started.
[        ] :video_player_android:mergeDebugJavaResource (Thread[#45643,Execution worker Thread 21,5,main]) started.
[        ] > Task :video_player_android:mergeDebugJavaResource UP-TO-DATE
[        ] Caching disabled for task ':video_player_android:mergeDebugJavaResource' because:
[        ]   Build cache is disabled
[        ]   Caching has been disabled for the task
[        ] Skipping task ':video_player_android:mergeDebugJavaResource' as it is up-to-date.
[        ] Resolve mutations for :video_player_android:syncDebugLibJars (Thread[#45643,Execution worker Thread 21,5,main]) started.
[        ] :video_player_android:syncDebugLibJars (Thread[#45643,Execution worker Thread 21,5,main]) started.
[        ] > Task :video_player_android:syncDebugLibJars UP-TO-DATE
[        ] Caching disabled for task ':video_player_android:syncDebugLibJars' because:
[        ]   Build cache is disabled
[        ] Skipping task ':video_player_android:syncDebugLibJars' as it is up-to-date.
[        ] Resolve mutations for :video_player_android:bundleDebugAar (Thread[#45643,Execution worker Thread 21,5,main]) started.
[        ] :video_player_android:bundleDebugAar (Thread[#45643,Execution worker Thread 21,5,main]) started.
[        ] > Task :video_player_android:bundleDebugAar UP-TO-DATE
[        ] Caching disabled for task ':video_player_android:bundleDebugAar' because:
[        ]   Build cache is disabled
[        ]   Caching has been disabled for the task
[        ] Skipping task ':video_player_android:bundleDebugAar' as it is up-to-date.
[        ] Resolve mutations for :video_player_android:assembleDebug (Thread[#45643,Execution worker Thread 21,5,main]) started.
[        ] :video_player_android:assembleDebug (Thread[#45643,Execution worker Thread 21,5,main]) started.
[        ] > Task :video_player_android:assembleDebug UP-TO-DATE
[        ] Skipping task ':video_player_android:assembleDebug' as it has no actions.
[ +585 ms] > Task :app:compressDebugAssets
[        ] Caching disabled for task ':app:compressDebugAssets' because:
[        ]   Build cache is disabled
[        ] Task ':app:compressDebugAssets' is not up-to-date because:
[        ]   Input property 'inputDirs' file /Users/florian/Code/substitution/build/app/intermediates/assets/debug/mergeDebugAssets/flutter_assets/kernel_blob.bin has changed.
[        ] Resolve mutations for :app:packageDebug (Thread[#45626,Execution worker Thread 5,5,main]) started.
[        ] :app:packageDebug (Thread[#45626,Execution worker Thread 5,5,main]) started.
[ +305 ms] > Task :app:packageDebug
[        ] Custom actions are attached to task ':app:packageDebug'.
[        ] Caching disabled for task ':app:packageDebug' because:
[        ]   Build cache is disabled
[        ]   Caching has been disabled for the task
[        ] Task ':app:packageDebug' is not up-to-date because:
[        ]   Input property 'assets' file /Users/florian/Code/substitution/build/app/intermediates/compressed_assets/debug/compressDebugAssets/out/assets/flutter_assets/kernel_blob.bin.jar has changed.
[        ] Resolve mutations for :app:createDebugApkListingFileRedirect (Thread[#45626,Execution worker Thread 5,5,main]) started.
[        ] :app:createDebugApkListingFileRedirect (Thread[#45626,Execution worker Thread 5,5,main]) started.
[        ] > Task :app:createDebugApkListingFileRedirect UP-TO-DATE
[        ] Caching disabled for task ':app:createDebugApkListingFileRedirect' because:
[        ]   Build cache is disabled
[        ]   Caching has been disabled for the task
[        ] Skipping task ':app:createDebugApkListingFileRedirect' as it is up-to-date.
[        ] Resolve mutations for :app:assembleDebug (Thread[#45626,Execution worker Thread 5,5,main]) started.
[        ] :app:assembleDebug (Thread[#45626,Execution worker Thread 5,5,main]) started.
20:31 +13 -48: loading /Users/florian/Code/substitution/integration_test/discovery_flow_test.dart                                                                                                      [  +91 ms] > Task :app:assembleDebug
[        ] Caching disabled for task ':app:assembleDebug' because:
[        ]   Build cache is disabled
[        ] Task ':app:assembleDebug' is not up-to-date because:
[        ]   Task has not declared any outputs despite executing actions.
[        ] [Incubating] Problems report is available at: file:///Users/florian/Code/substitution/build/reports/problems/problems-report.html
[        ] Deprecated Gradle features were used in this build, making it incompatible with Gradle 9.0.
[        ] You can use '--warning-mode all' to show the individual deprecation warnings and determine if they come from your own scripts or plugins.
[        ] For more on this, please refer to https://docs.gradle.org/8.12.1/userguide/command_line_interface.html#sec:command_line_warnings in the Gradle documentation.
[        ] BUILD SUCCESSFUL in 12s
[        ] 458 actionable tasks: 29 executed, 429 up-to-date
[        ] Watched directory hierarchies: [/opt/homebrew/share/flutter/packages/flutter_tools/gradle, /Users/florian/Code/substitution/android]
[  +17 ms] Running Gradle task 'assembleDebug'... (completed in 12,6s)
[   +5 ms] Calculate SHA1: LocalDirectory: '/Users/florian/Code/substitution/build/app/outputs/flutter-apk'/app-debug.apk
[+1077 ms] ✓ Built build/app/outputs/flutter-apk/app-debug.apk
[   +1 ms] executing: /Users/florian/Library/Android/sdk/build-tools/36.1.0/aapt dump xmltree /Users/florian/Code/substitution/build/app/outputs/flutter-apk/app-debug.apk AndroidManifest.xml
[  +11 ms] Exit code 0 from: /Users/florian/Library/Android/sdk/build-tools/36.1.0/aapt dump xmltree /Users/florian/Code/substitution/build/app/outputs/flutter-apk/app-debug.apk AndroidManifest.xml
[        ] N: android=http://schemas.android.com/apk/res/android
             E: manifest (line=2)
               A: android:versionCode(0x0101021b)=(type 0x10)0x7
               A: android:versionName(0x0101021c)="1.0.0" (Raw: "1.0.0")
               A: android:compileSdkVersion(0x01010572)=(type 0x10)0x24
               A: android:compileSdkVersionCodename(0x01010573)="16" (Raw: "16")
               A: package="art.substitution.substitution" (Raw: "art.substitution.substitution")
               A: platformBuildVersionCode=(type 0x10)0x24
               A: platformBuildVersionName=(type 0x10)0x10
               E: uses-sdk (line=7)
                 A: android:minSdkVersion(0x0101020c)=(type 0x10)0x18
                 A: android:targetSdkVersion(0x01010270)=(type 0x10)0x22
               E: uses-permission (line=15)
                 A: android:name(0x01010003)="android.permission.INTERNET" (Raw: "android.permission.INTERNET")
               E: uses-permission (line=16)
                 A: android:name(0x01010003)="android.permission.ACCESS_NETWORK_STATE" (Raw: "android.permission.ACCESS_NETWORK_STATE")
               E: permission (line=18)
                 A: android:name(0x01010003)="art.substitution.substitution.DYNAMIC_RECEIVER_NOT_EXPORTED_PERMISSION" (Raw: "art.substitution.substitution.DYNAMIC_RECEIVER_NOT_EXPORTED_PERMISSION")
                 A: android:protectionLevel(0x01010009)=(type 0x11)0x2
               E: uses-permission (line=22)
                 A: android:name(0x01010003)="art.substitution.substitution.DYNAMIC_RECEIVER_NOT_EXPORTED_PERMISSION" (Raw: "art.substitution.substitution.DYNAMIC_RECEIVER_NOT_EXPORTED_PERMISSION")
               E: application (line=24)
                 A: android:label(0x01010001)="substitution" (Raw: "substitution")
                 A: android:icon(0x01010002)=@0x7f0c0000
                 A: android:name(0x01010003)="android.app.Application" (Raw: "android.app.Application")
                 A: android:debuggable(0x0101000f)=(type 0x12)0xffffffff
                 A: android:extractNativeLibs(0x010104ea)=(type 0x12)0x0
                 A: android:appComponentFactory(0x0101057a)="androidx.core.app.CoreComponentFactory" (Raw: "androidx.core.app.CoreComponentFactory")
                 E: activity (line=31)
                   A: android:theme(0x01010000)=@0x7f0e00a2
                   A: android:name(0x01010003)="art.substitution.substitution.MainActivity" (Raw: "art.substitution.substitution.MainActivity")
                   A: android:exported(0x01010010)=(type 0x12)0xffffffff
                   A: android:launchMode(0x0101001d)=(type 0x10)0x1
                   A: android:configChanges(0x0101001f)=(type 0x11)0x40003fb4
                   A: android:windowSoftInputMode(0x0101022b)=(type 0x11)0x10
                   A: android:hardwareAccelerated(0x010102d3)=(type 0x12)0xffffffff
                   E: meta-data (line=46)
                     A: android:name(0x01010003)="io.flutter.embedding.android.NormalTheme" (Raw: "io.flutter.embedding.android.NormalTheme")
                     A: android:resource(0x01010025)=@0x7f0e00a3
                   E: intent-filter (line=50)
                     E: action (line=51)
                       A: android:name(0x01010003)="android.intent.action.MAIN" (Raw: "android.intent.action.MAIN")
                     E: category (line=53)
                       A: android:name(0x01010003)="android.intent.category.LAUNCHER" (Raw: "android.intent.category.LAUNCHER")
                   E: intent-filter (line=56)
                     E: action (line=57)
                       A: android:name(0x01010003)="android.intent.action.VIEW" (Raw: "android.intent.action.VIEW")
                     E: category (line=59)
                       A: android:name(0x01010003)="android.intent.category.DEFAULT" (Raw: "android.intent.category.DEFAULT")
                     E: category (line=60)
                       A: android:name(0x01010003)="android.intent.category.BROWSABLE" (Raw: "android.intent.category.BROWSABLE")
                     E: data (line=62)
                       A: android:scheme(0x01010027)="substitution" (Raw: "substitution")
                       A: android:host(0x01010028)="auth" (Raw: "auth")
                       A: android:pathPrefix(0x0101002b)="/login-callback" (Raw: "/login-callback")
                 E: meta-data (line=72)
                   A: android:name(0x01010003)="flutterEmbedding" (Raw: "flutterEmbedding")
                   A: android:value(0x01010024)=(type 0x10)0x2
                 E: activity (line=76)
                   A: android:theme(0x01010000)=@0x01030007
                   A: android:name(0x01010003)="io.flutter.plugins.urllauncher.WebViewActivity" (Raw: "io.flutter.plugins.urllauncher.WebViewActivity")
                   A: android:exported(0x01010010)=(type 0x12)0x0
                 E: uses-library (line=81)
                   A: android:name(0x01010003)="androidx.window.extensions" (Raw: "androidx.window.extensions")
                   A: android:required(0x0101028e)=(type 0x12)0x0
                 E: uses-library (line=84)
                   A: android:name(0x01010003)="androidx.window.sidecar" (Raw: "androidx.window.sidecar")
                   A: android:required(0x0101028e)=(type 0x12)0x0
                 E: provider (line=88)
                   A: android:name(0x01010003)="androidx.startup.InitializationProvider" (Raw: "androidx.startup.InitializationProvider")
                   A: android:exported(0x01010010)=(type 0x12)0x0
                   A: android:authorities(0x01010018)="art.substitution.substitution.androidx-startup" (Raw: "art.substitution.substitution.androidx-startup")
                   E: meta-data (line=92)
                     A: android:name(0x01010003)="androidx.lifecycle.ProcessLifecycleInitializer" (Raw: "androidx.lifecycle.ProcessLifecycleInitializer")
                     A: android:value(0x01010024)="androidx.startup" (Raw: "androidx.startup")
                   E: meta-data (line=95)
                     A: android:name(0x01010003)="androidx.profileinstaller.ProfileInstallerInitializer" (Raw: "androidx.profileinstaller.ProfileInstallerInitializer")
                     A: android:value(0x01010024)="androidx.startup" (Raw: "androidx.startup")
                 E: receiver (line=100)
                   A: android:name(0x01010003)="androidx.profileinstaller.ProfileInstallReceiver" (Raw: "androidx.profileinstaller.ProfileInstallReceiver")
                   A: android:permission(0x01010006)="android.permission.DUMP" (Raw: "android.permission.DUMP")
                   A: android:enabled(0x0101000e)=(type 0x12)0xffffffff
                   A: android:exported(0x01010010)=(type 0x12)0xffffffff
                   A: android:directBootAware(0x01010505)=(type 0x12)0x0
                   E: intent-filter (line=106)
                     E: action (line=107)
                       A: android:name(0x01010003)="androidx.profileinstaller.action.INSTALL_PROFILE" (Raw: "androidx.profileinstaller.action.INSTALL_PROFILE")
                   E: intent-filter (line=109)
                     E: action (line=110)
                       A: android:name(0x01010003)="androidx.profileinstaller.action.SKIP_FILE" (Raw: "androidx.profileinstaller.action.SKIP_FILE")
                   E: intent-filter (line=112)
                     E: action (line=113)
                       A: android:name(0x01010003)="androidx.profileinstaller.action.SAVE_PROFILE" (Raw: "androidx.profileinstaller.action.SAVE_PROFILE")
                   E: intent-filter (line=115)
                     E: action (line=116)
                       A: android:name(0x01010003)="androidx.profileinstaller.action.BENCHMARK_OPERATION" (Raw: "androidx.profileinstaller.action.BENCHMARK_OPERATION")
[        ] Stopping app 'app-debug.apk' on sdk gphone64 arm64.
[        ] executing: /Users/florian/Library/Android/sdk/platform-tools/adb -s emulator-5554 shell am force-stop art.substitution.substitution
20:32 +13 -48: loading /Users/florian/Code/substitution/integration_test/discovery_flow_test.dart                                                                                                      [  +23 ms] Installing APK.
[        ] Installing build/app/outputs/flutter-apk/app-debug.apk...
[        ] executing: /Users/florian/Library/Android/sdk/platform-tools/adb -s emulator-5554 install -t -r /Users/florian/Code/substitution/build/app/outputs/flutter-apk/app-debug.apk
[ +374 ms] Performing Streamed Install
           Success
[        ] Installing build/app/outputs/flutter-apk/app-debug.apk... (completed in 374ms)
[        ] executing: /Users/florian/Library/Android/sdk/platform-tools/adb -s emulator-5554 shell echo -n 557350989e5a661421c144c606eb0b22d9424836 > /data/local/tmp/sky.art.substitution.substitution.sha1
[  +21 ms] executing: /Users/florian/Library/Android/sdk/platform-tools/adb -s emulator-5554 shell -x logcat -v time -t 1
[  +78 ms] --------- beginning of system
           02-17 00:15:23.786 W/AppOpService(  668): Ignored setUidMode call for runtime permission app op: uid = 1001, code = READ_CELL_BROADCASTS, mode = allow, callingUid = 1001, oldMode = allow
[   +4 ms] executing: /Users/florian/Library/Android/sdk/platform-tools/adb -s emulator-5554 shell am start -a android.intent.action.MAIN -c android.intent.category.LAUNCHER -f 0x20000000 --ez enable-dart-profiling true --ez enable-checked-mode true --ez verify-entry-points true art.substitution.substitution/art.substitution.substitution.MainActivity
[  +92 ms] Starting: Intent { act=android.intent.action.MAIN cat=[android.intent.category.LAUNCHER] flg=0x20000000 cmp=art.substitution.substitution/.MainActivity (has extras) }
[        ] Waiting for VM Service port to be available...
20:33 +13 -48: loading /Users/florian/Code/substitution/integration_test/discovery_flow_test.dart                                                                                                      20:34 +13 -48: loading /Users/florian/Code/substitution/integration_test/discovery_flow_test.dart                                                                                                      [+1909 ms] VM Service URL on device: http://127.0.0.1:41369/s8H5Dh1Id5s=/
[        ] executing: /Users/florian/Library/Android/sdk/platform-tools/adb -s emulator-5554 forward tcp:0 tcp:41369
[  +14 ms] 56049
[        ] Forwarded host port 56049 to device port 41369 for VM Service
[        ] test 21: Starting Dart Development Service
[        ] Launching a Dart Developer Service (DDS) instance at http://127.0.0.1:0, connecting to VM service at http://127.0.0.1:56049/s8H5Dh1Id5s=/.
[ +161 ms] test 21: Dart Development Service started at http://127.0.0.1:56052/1qJCvmQf6IA=/, forwarding to VM service at http://127.0.0.1:56049/s8H5Dh1Id5s=/.
[        ] test 21: Connecting to vm service
[        ] test 21: VM Service uri is available at http://127.0.0.1:56052/1qJCvmQf6IA=/
[   +4 ms] test 21: Finding the correct isolate with the integration test service extension
20:35 +13 -48: loading /Users/florian/Code/substitution/integration_test/discovery_flow_test.dart                                                                                                      [ +157 ms] test 21: connected to test device, now awaiting test result
[        ] test 21: Waiting for test harness or tests to finish
20:35 +13 -48: /Users/florian/Code/substitution/integration_test/discovery_flow_test.dart: Discovery Flow Integration Tests Navigate to follow feeds -> add server -> search rooms -> see results      20:35 +13 -48: /Users/florian/Code/substitution/integration_test/discovery_flow_test.dart: Discovery Flow Integration Tests Navigate to follow feeds -> add server -> search rooms -> see results      
[90m[🌎 Easy Localization] [DEBUG] Localization initialized[0m
[Matrix] [32mInitialize client Substitution[0m
[Matrix] [32mUser is not logged in.[0m
[90m[🌎 Easy Localization] [DEBUG] Start[0m
[90m[🌎 Easy Localization] [DEBUG] Init state[0m
[90m[🌎 Easy Localization] [DEBUG] Build[0m
[90m[🌎 Easy Localization] [DEBUG] Init Localization Delegate[0m
[90m[🌎 Easy Localization] [DEBUG] Init provider[0m
[90m[🌎 Easy Localization] [DEBUG] Load Localization Delegate[0m
[90m[🌎 Easy Localization] [DEBUG] Load asset from assets/translations[0m
[90m[🌎 Easy Localization] [DEBUG] Build[0m
[90m[🌎 Easy Localization] [DEBUG] Init Localization Delegate[0m
[90m[🌎 Easy Localization] [DEBUG] Init provider[0m
21:05 +14 -48: /Users/florian/Code/substitution/integration_test/discovery_flow_test.dart: Discovery Flow Integration Tests Navigate to follow feeds -> add server -> search rooms -> see results      21:05 +14 -48: /Users/florian/Code/substitution/integration_test/discovery_flow_test.dart: Discovery Flow Integration Tests Search multiple servers and results merge correctly                        21:05 +14 -48: /Users/florian/Code/substitution/integration_test/discovery_flow_test.dart: Discovery Flow Integration Tests Search multiple servers and results merge correctly                        
[90m[🌎 Easy Localization] [DEBUG] Localization initialized[0m
[Matrix] [32mInitialize client Substitution[0m
[Matrix] [32mUser is not logged in.[0m
[90m[🌎 Easy Localization] [DEBUG] Start[0m
21:15 +14 -48: /Users/florian/Code/substitution/integration_test/discovery_flow_test.dart: Discovery Flow Integration Tests Navigate to follow feeds -> add server -> search rooms -> see results      
[90m[🌎 Easy Localization] [DEBUG] Init state[0m
[90m[🌎 Easy Localization] [DEBUG] Build[0m
[90m[🌎 Easy Localization] [DEBUG] Init Localization Delegate[0m
[90m[🌎 Easy Localization] [DEBUG] Init provider[0m
[90m[🌎 Easy Localization] [DEBUG] Load Localization Delegate[0m
[90m[🌎 Easy Localization] [DEBUG] Load asset from assets/translations[0m
[90m[🌎 Easy Localization] [DEBUG] Build[0m
[90m[🌎 Easy Localization] [DEBUG] Init Localization Delegate[0m
[90m[🌎 Easy Localization] [DEBUG] Init provider[0m
21:36 +15 -48: /Users/florian/Code/substitution/integration_test/discovery_flow_test.dart: Discovery Flow Integration Tests Search multiple servers and results merge correctly                        21:36 +15 -48: /Users/florian/Code/substitution/integration_test/discovery_flow_test.dart: Discovery Flow Integration Tests Join room and verify it appears in main feed                               21:36 +15 -48: /Users/florian/Code/substitution/integration_test/discovery_flow_test.dart: Discovery Flow Integration Tests Join room and verify it appears in main feed                               
[90m[🌎 Easy Localization] [DEBUG] Localization initialized[0m
[Matrix] [32mInitialize client Substitution[0m
[Matrix] [32mUser is not logged in.[0m
[90m[🌎 Easy Localization] [DEBUG] Start[0m
21:46 +15 -48: /Users/florian/Code/substitution/integration_test/discovery_flow_test.dart: Discovery Flow Integration Tests Navigate to follow feeds -> add server -> search rooms -> see results      
[90m[🌎 Easy Localization] [DEBUG] Init state[0m
[90m[🌎 Easy Localization] [DEBUG] Build[0m
[90m[🌎 Easy Localization] [DEBUG] Init Localization Delegate[0m
[90m[🌎 Easy Localization] [DEBUG] Init provider[0m
[90m[🌎 Easy Localization] [DEBUG] Load Localization Delegate[0m
[90m[🌎 Easy Localization] [DEBUG] Load asset from assets/translations[0m
[90m[🌎 Easy Localization] [DEBUG] Build[0m
[90m[🌎 Easy Localization] [DEBUG] Init Localization Delegate[0m
[90m[🌎 Easy Localization] [DEBUG] Init provider[0m
22:06 +16 -48: /Users/florian/Code/substitution/integration_test/discovery_flow_test.dart: Discovery Flow Integration Tests Join room and verify it appears in main feed                               22:06 +16 -48: /Users/florian/Code/substitution/integration_test/discovery_flow_test.dart: Discovery Flow Integration Tests Leave room and verify it disappears from main feed                         22:06 +16 -48: /Users/florian/Code/substitution/integration_test/discovery_flow_test.dart: Discovery Flow Integration Tests Leave room and verify it disappears from main feed                         
[90m[🌎 Easy Localization] [DEBUG] Localization initialized[0m
[Matrix] [32mInitialize client Substitution[0m
[Matrix] [32mUser is not logged in.[0m
[90m[🌎 Easy Localization] [DEBUG] Start[0m
22:16 +16 -48: /Users/florian/Code/substitution/integration_test/discovery_flow_test.dart: Discovery Flow Integration Tests Navigate to follow feeds -> add server -> search rooms -> see results      
[90m[🌎 Easy Localization] [DEBUG] Init state[0m
[90m[🌎 Easy Localization] [DEBUG] Build[0m
[90m[🌎 Easy Localization] [DEBUG] Init Localization Delegate[0m
[90m[🌎 Easy Localization] [DEBUG] Init provider[0m
[90m[🌎 Easy Localization] [DEBUG] Load Localization Delegate[0m
[90m[🌎 Easy Localization] [DEBUG] Load asset from assets/translations[0m
[90m[🌎 Easy Localization] [DEBUG] Build[0m
[90m[🌎 Easy Localization] [DEBUG] Init Localization Delegate[0m
[90m[🌎 Easy Localization] [DEBUG] Init provider[0m
22:36 +17 -48: /Users/florian/Code/substitution/integration_test/discovery_flow_test.dart: Discovery Flow Integration Tests Leave room and verify it disappears from main feed                         22:36 +17 -48: /Users/florian/Code/substitution/integration_test/discovery_flow_test.dart: (tearDownAll)                                                                                               [+121454 ms] test 21: Test harness is no longer needed by test process
[        ] test 21: finished
[        ] test 21: cleaning up...
[        ] test 21: ensuring test device is terminated.
[        ] executing: /Users/florian/Library/Android/sdk/platform-tools/adb -s emulator-5554 shell am force-stop art.substitution.substitution
[        ] test 21: Test process is no longer needed by test harness
[  +55 ms] executing: /Users/florian/Library/Android/sdk/platform-tools/adb -s emulator-5554 uninstall art.substitution.substitution
[ +189 ms] Success
[        ] test 21: deleting temporary directory
[        ] test 21: finished
22:36 +17 -48: loading /Users/florian/Code/substitution/integration_test/matrix_integration_test.dart                                                                                                  [        ] test 22: starting test /Users/florian/Code/substitution/integration_test/matrix_integration_test.dart
[        ] Stopping scan for flutter_test_config.dart; found project root at /Users/florian/Code/substitution
[        ] test 22: starting test device
[        ] test 22: awaiting connection to test device
[        ] executing: /Users/florian/Library/Android/sdk/build-tools/36.1.0/aapt dump xmltree /Users/florian/Code/substitution/build/app/outputs/flutter-apk/app-debug.apk AndroidManifest.xml
[  +11 ms] Exit code 0 from: /Users/florian/Library/Android/sdk/build-tools/36.1.0/aapt dump xmltree /Users/florian/Code/substitution/build/app/outputs/flutter-apk/app-debug.apk AndroidManifest.xml
[        ] N: android=http://schemas.android.com/apk/res/android
             E: manifest (line=2)
               A: android:versionCode(0x0101021b)=(type 0x10)0x7
               A: android:versionName(0x0101021c)="1.0.0" (Raw: "1.0.0")
               A: android:compileSdkVersion(0x01010572)=(type 0x10)0x24
               A: android:compileSdkVersionCodename(0x01010573)="16" (Raw: "16")
               A: package="art.substitution.substitution" (Raw: "art.substitution.substitution")
               A: platformBuildVersionCode=(type 0x10)0x24
               A: platformBuildVersionName=(type 0x10)0x10
               E: uses-sdk (line=7)
                 A: android:minSdkVersion(0x0101020c)=(type 0x10)0x18
                 A: android:targetSdkVersion(0x01010270)=(type 0x10)0x22
               E: uses-permission (line=15)
                 A: android:name(0x01010003)="android.permission.INTERNET" (Raw: "android.permission.INTERNET")
               E: uses-permission (line=16)
                 A: android:name(0x01010003)="android.permission.ACCESS_NETWORK_STATE" (Raw: "android.permission.ACCESS_NETWORK_STATE")
               E: permission (line=18)
                 A: android:name(0x01010003)="art.substitution.substitution.DYNAMIC_RECEIVER_NOT_EXPORTED_PERMISSION" (Raw: "art.substitution.substitution.DYNAMIC_RECEIVER_NOT_EXPORTED_PERMISSION")
                 A: android:protectionLevel(0x01010009)=(type 0x11)0x2
               E: uses-permission (line=22)
                 A: android:name(0x01010003)="art.substitution.substitution.DYNAMIC_RECEIVER_NOT_EXPORTED_PERMISSION" (Raw: "art.substitution.substitution.DYNAMIC_RECEIVER_NOT_EXPORTED_PERMISSION")
               E: application (line=24)
                 A: android:label(0x01010001)="substitution" (Raw: "substitution")
                 A: android:icon(0x01010002)=@0x7f0c0000
                 A: android:name(0x01010003)="android.app.Application" (Raw: "android.app.Application")
                 A: android:debuggable(0x0101000f)=(type 0x12)0xffffffff
                 A: android:extractNativeLibs(0x010104ea)=(type 0x12)0x0
                 A: android:appComponentFactory(0x0101057a)="androidx.core.app.CoreComponentFactory" (Raw: "androidx.core.app.CoreComponentFactory")
                 E: activity (line=31)
                   A: android:theme(0x01010000)=@0x7f0e00a2
                   A: android:name(0x01010003)="art.substitution.substitution.MainActivity" (Raw: "art.substitution.substitution.MainActivity")
                   A: android:exported(0x01010010)=(type 0x12)0xffffffff
                   A: android:launchMode(0x0101001d)=(type 0x10)0x1
                   A: android:configChanges(0x0101001f)=(type 0x11)0x40003fb4
                   A: android:windowSoftInputMode(0x0101022b)=(type 0x11)0x10
                   A: android:hardwareAccelerated(0x010102d3)=(type 0x12)0xffffffff
                   E: meta-data (line=46)
                     A: android:name(0x01010003)="io.flutter.embedding.android.NormalTheme" (Raw: "io.flutter.embedding.android.NormalTheme")
                     A: android:resource(0x01010025)=@0x7f0e00a3
                   E: intent-filter (line=50)
                     E: action (line=51)
                       A: android:name(0x01010003)="android.intent.action.MAIN" (Raw: "android.intent.action.MAIN")
                     E: category (line=53)
                       A: android:name(0x01010003)="android.intent.category.LAUNCHER" (Raw: "android.intent.category.LAUNCHER")
                   E: intent-filter (line=56)
                     E: action (line=57)
                       A: android:name(0x01010003)="android.intent.action.VIEW" (Raw: "android.intent.action.VIEW")
                     E: category (line=59)
                       A: android:name(0x01010003)="android.intent.category.DEFAULT" (Raw: "android.intent.category.DEFAULT")
                     E: category (line=60)
                       A: android:name(0x01010003)="android.intent.category.BROWSABLE" (Raw: "android.intent.category.BROWSABLE")
                     E: data (line=62)
                       A: android:scheme(0x01010027)="substitution" (Raw: "substitution")
                       A: android:host(0x01010028)="auth" (Raw: "auth")
                       A: android:pathPrefix(0x0101002b)="/login-callback" (Raw: "/login-callback")
                 E: meta-data (line=72)
                   A: android:name(0x01010003)="flutterEmbedding" (Raw: "flutterEmbedding")
                   A: android:value(0x01010024)=(type 0x10)0x2
                 E: activity (line=76)
                   A: android:theme(0x01010000)=@0x01030007
                   A: android:name(0x01010003)="io.flutter.plugins.urllauncher.WebViewActivity" (Raw: "io.flutter.plugins.urllauncher.WebViewActivity")
                   A: android:exported(0x01010010)=(type 0x12)0x0
                 E: uses-library (line=81)
                   A: android:name(0x01010003)="androidx.window.extensions" (Raw: "androidx.window.extensions")
                   A: android:required(0x0101028e)=(type 0x12)0x0
                 E: uses-library (line=84)
                   A: android:name(0x01010003)="androidx.window.sidecar" (Raw: "androidx.window.sidecar")
                   A: android:required(0x0101028e)=(type 0x12)0x0
                 E: provider (line=88)
                   A: android:name(0x01010003)="androidx.startup.InitializationProvider" (Raw: "androidx.startup.InitializationProvider")
                   A: android:exported(0x01010010)=(type 0x12)0x0
                   A: android:authorities(0x01010018)="art.substitution.substitution.androidx-startup" (Raw: "art.substitution.substitution.androidx-startup")
                   E: meta-data (line=92)
                     A: android:name(0x01010003)="androidx.lifecycle.ProcessLifecycleInitializer" (Raw: "androidx.lifecycle.ProcessLifecycleInitializer")
                     A: android:value(0x01010024)="androidx.startup" (Raw: "androidx.startup")
                   E: meta-data (line=95)
                     A: android:name(0x01010003)="androidx.profileinstaller.ProfileInstallerInitializer" (Raw: "androidx.profileinstaller.ProfileInstallerInitializer")
                     A: android:value(0x01010024)="androidx.startup" (Raw: "androidx.startup")
                 E: receiver (line=100)
                   A: android:name(0x01010003)="androidx.profileinstaller.ProfileInstallReceiver" (Raw: "androidx.profileinstaller.ProfileInstallReceiver")
                   A: android:permission(0x01010006)="android.permission.DUMP" (Raw: "android.permission.DUMP")
                   A: android:enabled(0x0101000e)=(type 0x12)0xffffffff
                   A: android:exported(0x01010010)=(type 0x12)0xffffffff
                   A: android:directBootAware(0x01010505)=(type 0x12)0x0
                   E: intent-filter (line=106)
                     E: action (line=107)
                       A: android:name(0x01010003)="androidx.profileinstaller.action.INSTALL_PROFILE" (Raw: "androidx.profileinstaller.action.INSTALL_PROFILE")
                   E: intent-filter (line=109)
                     E: action (line=110)
                       A: android:name(0x01010003)="androidx.profileinstaller.action.SKIP_FILE" (Raw: "androidx.profileinstaller.action.SKIP_FILE")
                   E: intent-filter (line=112)
                     E: action (line=113)
                       A: android:name(0x01010003)="androidx.profileinstaller.action.SAVE_PROFILE" (Raw: "androidx.profileinstaller.action.SAVE_PROFILE")
                   E: intent-filter (line=115)
                     E: action (line=116)
                       A: android:name(0x01010003)="androidx.profileinstaller.action.BENCHMARK_OPERATION" (Raw: "androidx.profileinstaller.action.BENCHMARK_OPERATION")
[        ] Building APK
[   +1 ms] Version of Java is different than impacted version, no migration attempted.
[        ] CMake project not found, skipping support Android 15 16k page size migration.
[        ] Using gradle from /Users/florian/Code/substitution/android/gradlew.
[   +6 ms] LocalFile: '/Users/florian/Code/substitution/android/build.gradle' provides AGP version from classpath: 8.6.0
[   +8 ms] Running Gradle task 'assembleDebug'...
[        ] executing: [/Users/florian/Code/substitution/android/] /Users/florian/Code/substitution/android/gradlew --full-stacktrace --info -Pverbose=true -PskipDependencyChecks=true -Ptarget-platform=android-arm64 -Ptarget=/var/folders/l_/w8pnbb9d38n57pzg9j98fmy80000gn/T/flutter_tools.wuOse9/flutter_test_listener.P2TmNS/listener.dart -Pbase-application-name=android.app.Application -Pdart-defines=TUFUUklYX1NFUlZFUj1odHRwOi8vbG9jYWxob3N0OjgwMDg=,TUFUUklYX1RFU1RfVVNFUj0=,TUFUUklYX1RFU1RfUEFTU1dPUkQ9,RkxVVFRFUl9WRVJTSU9OPTMuMzguOQ==,RkxVVFRFUl9DSEFOTkVMPXN0YWJsZQ==,RkxVVFRFUl9HSVRfVVJMPWh0dHBzOi8vZ2l0aHViLmNvbS9mbHV0dGVyL2ZsdXR0ZXIuZ2l0,RkxVVFRFUl9GUkFNRVdPUktfUkVWSVNJT049NjczMjNkZTI4NQ==,RkxVVFRFUl9FTkdJTkVfUkVWSVNJT049NTg3YzE4Zjg3Mw==,RkxVVFRFUl9EQVJUX1ZFUlNJT049My4xMC44,SU5URUdSQVRJT05fVEVTVF9TSE9VTERfUkVQT1JUX1JFU1VMVFNfVE9fTkFUSVZFPWZhbHNl -Pdart-obfuscation=false -Ptrack-widget-creation=true -Ptree-shake-icons=false assembleDebug
22:37 +17 -48: loading /Users/florian/Code/substitution/integration_test/matrix_integration_test.dart                                                                                                  [ +295 ms] Initialized native services in: /Users/florian/.gradle/native
[        ] Initialized jansi services in: /Users/florian/.gradle/native
[ +215 ms] The client will now receive all logging from the daemon (pid: 43439). The daemon log file: /Users/florian/.gradle/daemon/8.12.1/daemon-43439.out.log
[        ] Starting 115th build in daemon [uptime: 2 hrs 20 mins 26.379 secs, performance: 100%, GC rate: 0.00/s, heap usage: 0% of 4 GiB]
[        ] Using 32 worker leases.
[        ] Now considering [/Users/florian/Code/substitution/android, /opt/homebrew/share/flutter/packages/flutter_tools/gradle] as hierarchies to watch
[        ] Watching the file system is configured to be enabled if available
[        ] File system watching is active
[        ] Starting Build
[        ] Now considering [/opt/homebrew/share/flutter/packages/flutter_tools/gradle, /Users/florian/Code/substitution/android] as hierarchies to watch
[   +1 ms] > Configure project :gradle
[        ] Evaluating project ':gradle' using build file '/opt/homebrew/share/flutter/packages/flutter_tools/gradle/build.gradle.kts'.
[        ] Resolved plugin [id: 'org.gradle.java-gradle-plugin']
[        ] Resolved plugin [id: 'org.gradle.groovy']
[        ] Resolved plugin [id: 'org.gradle.kotlin.kotlin-dsl', version: '5.1.2']
[        ] Resolved plugin [id: 'org.jetbrains.kotlin.jvm', version: '1.9.20']
[        ] Using Kotlin Gradle Plugin gradle85 variant
[        ] kotlin scripting plugin: created the scripting discovery configuration: kotlinScriptDef
[        ] kotlin scripting plugin: created the scripting discovery configuration: testKotlinScriptDef
[        ] file or directory '/opt/homebrew/share/flutter/packages/flutter_tools/gradle/src/main/java', not found
[        ] Resolved plugin [id: 'dev.flutter.flutter-plugin-loader', version: '1.0.0']
[        ] Resolved plugin [id: 'com.android.application', version: '8.9.1', apply: false]
[        ] Resolved plugin [id: 'org.jetbrains.kotlin.android', version: '2.1.0', apply: false]
[        ] Resolve mutations for :gradle:checkKotlinGradlePluginConfigurationErrors (Thread[#46005,Execution worker,5,main]) started.
[        ] :gradle:checkKotlinGradlePluginConfigurationErrors (Thread[#46005,Execution worker,5,main]) started.
[        ] > Task :gradle:checkKotlinGradlePluginConfigurationErrors SKIPPED
[        ] Skipping task ':gradle:checkKotlinGradlePluginConfigurationErrors' as task onlyIf 'errorDiagnostics are present' is false.
[        ] Resolve mutations for :gradle:compileKotlin (Thread[#46005,Execution worker,5,main]) started.
[        ] :gradle:compileKotlin (Thread[#46005,Execution worker,5,main]) started.
[        ] > Task :gradle:compileKotlin UP-TO-DATE
[        ] Caching disabled for task ':gradle:compileKotlin' because:
[        ]   Build cache is disabled
[        ] Skipping task ':gradle:compileKotlin' as it is up-to-date.
[        ] Resolve mutations for :gradle:compileJava (Thread[#46005,Execution worker,5,main]) started.
[        ] :gradle:compileJava (Thread[#46005,Execution worker,5,main]) started.
[        ] > Task :gradle:compileJava NO-SOURCE
[        ] Skipping task ':gradle:compileJava' as it has no source files and no previous output files.
[        ] Resolve mutations for :gradle:compileGroovy (Thread[#46005,Execution worker,5,main]) started.
[        ] :gradle:compileGroovy (Thread[#46005,Execution worker,5,main]) started.
[        ] > Task :gradle:compileGroovy NO-SOURCE
[        ] Skipping task ':gradle:compileGroovy' as it has no source files and no previous output files.
[        ] Resolve mutations for :gradle:pluginDescriptors (Thread[#46016,Execution worker Thread 11,5,main]) started.
[        ] :gradle:pluginDescriptors (Thread[#46016,Execution worker Thread 11,5,main]) started.
[        ] > Task :gradle:pluginDescriptors UP-TO-DATE
[        ] Caching disabled for task ':gradle:pluginDescriptors' because:
[        ]   Build cache is disabled
[        ]   Not worth caching
[        ] Skipping task ':gradle:pluginDescriptors' as it is up-to-date.
[        ] Resolve mutations for :gradle:processResources (Thread[#46016,Execution worker Thread 11,5,main]) started.
[        ] :gradle:processResources (Thread[#46016,Execution worker Thread 11,5,main]) started.
[        ] > Task :gradle:processResources UP-TO-DATE
[        ] Caching disabled for task ':gradle:processResources' because:
[        ]   Build cache is disabled
[        ]   Not worth caching
[        ] Skipping task ':gradle:processResources' as it is up-to-date.
[        ] Resolve mutations for :gradle:classes (Thread[#46016,Execution worker Thread 11,5,main]) started.
[        ] :gradle:classes (Thread[#46016,Execution worker Thread 11,5,main]) started.
[        ] > Task :gradle:classes UP-TO-DATE
[        ] Skipping task ':gradle:classes' as it has no actions.
[        ] Resolve mutations for :gradle:jar (Thread[#46016,Execution worker Thread 11,5,main]) started.
[        ] :gradle:jar (Thread[#46016,Execution worker Thread 11,5,main]) started.
[        ] > Task :gradle:jar UP-TO-DATE
[        ] Caching disabled for task ':gradle:jar' because:
[        ]   Build cache is disabled
[        ]   Not worth caching
[        ] Skipping task ':gradle:jar' as it is up-to-date.
[  +89 ms] Settings evaluated using settings file '/Users/florian/Code/substitution/android/settings.gradle'.
[        ] Projects loaded. Root project using build file '/Users/florian/Code/substitution/android/build.gradle'.
[        ] Included projects: [root project 'android', project ':app', project ':connectivity_plus', project ':emoji_picker_flutter', project ':file_selector_android', project ':flutter_keyboard_visibility_temp_fork', project ':flutter_native_splash', project ':flutter_olm', project ':flutter_openssl_crypto', project ':integration_test', project ':path_provider_android', project ':quill_native_bridge_android', project ':shared_preferences_android', project ':sqflite_android', project ':url_launcher_android', project ':video_player_android']
[        ] > Configure project :app
[        ] Evaluating project ':app' using build file '/Users/florian/Code/substitution/android/app/build.gradle'.
[        ] Resolved plugin [id: 'com.android.application']
[        ] Resolved plugin [id: 'kotlin-android']
[        ] Resolved plugin [id: 'dev.flutter.flutter-gradle-plugin']
[        ] Using default execution profile
[        ] Using Kotlin Gradle Plugin gradle85 variant
[        ] C/C++: android.ndkVersion from module build.gradle is [28.2.13676358]
[        ] C/C++: android.ndkPath from module build.gradle is not set
[        ] C/C++: ndk.dir in local.properties is not set
[        ] C/C++: Not considering ANDROID_NDK_HOME because support was removed after deprecation period.
[        ] C/C++: sdkFolder is /Users/florian/Library/Android/sdk
[        ] C/C++: android.ndkVersion from module build.gradle is [28.2.13676358]
[        ] C/C++: android.ndkPath from module build.gradle is not set
[        ] C/C++: ndk.dir in local.properties is not set
[        ] C/C++: Not considering ANDROID_NDK_HOME because support was removed after deprecation period.
[        ] C/C++: sdkFolder is /Users/florian/Library/Android/sdk
[        ] C/C++: android.ndkVersion from module build.gradle is [28.2.13676358]
[        ] C/C++: android.ndkPath from module build.gradle is not set
[        ] C/C++: ndk.dir in local.properties is not set
[        ] C/C++: Not considering ANDROID_NDK_HOME because support was removed after deprecation period.
[        ] C/C++: sdkFolder is /Users/florian/Library/Android/sdk
[        ] C/C++: android.ndkVersion from module build.gradle is [28.2.13676358]
[        ] C/C++: android.ndkPath from module build.gradle is not set
[        ] C/C++: ndk.dir in local.properties is not set
[        ] C/C++: Not considering ANDROID_NDK_HOME because support was removed after deprecation period.
[        ] C/C++: sdkFolder is /Users/florian/Library/Android/sdk
[        ] C/C++: android.ndkVersion from module build.gradle is [28.2.13676358]
[        ] C/C++: android.ndkPath from module build.gradle is not set
[        ] C/C++: ndk.dir in local.properties is not set
[        ] C/C++: Not considering ANDROID_NDK_HOME because support was removed after deprecation period.
[        ] C/C++: sdkFolder is /Users/florian/Library/Android/sdk
[        ] C/C++: android.ndkVersion from module build.gradle is [28.2.13676358]
[        ] C/C++: android.ndkPath from module build.gradle is not set
[        ] C/C++: ndk.dir in local.properties is not set
[        ] C/C++: Not considering ANDROID_NDK_HOME because support was removed after deprecation period.
[        ] C/C++: sdkFolder is /Users/florian/Library/Android/sdk
[        ] C/C++: android.ndkVersion from module build.gradle is [28.2.13676358]
[        ] C/C++: android.ndkPath from module build.gradle is not set
[        ] C/C++: ndk.dir in local.properties is not set
[        ] C/C++: Not considering ANDROID_NDK_HOME because support was removed after deprecation period.
[        ] C/C++: sdkFolder is /Users/florian/Library/Android/sdk
[        ] C/C++: android.ndkVersion from module build.gradle is [28.2.13676358]
[        ] C/C++: android.ndkPath from module build.gradle is not set
[        ] C/C++: ndk.dir in local.properties is not set
[        ] C/C++: Not considering ANDROID_NDK_HOME because support was removed after deprecation period.
[        ] C/C++: sdkFolder is /Users/florian/Library/Android/sdk
[        ] C/C++: android.ndkVersion from module build.gradle is [28.2.13676358]
[        ] C/C++: android.ndkPath from module build.gradle is not set
[        ] C/C++: ndk.dir in local.properties is not set
[        ] C/C++: Not considering ANDROID_NDK_HOME because support was removed after deprecation period.
[        ] C/C++: sdkFolder is /Users/florian/Library/Android/sdk
[        ] C/C++: android.ndkVersion from module build.gradle is [28.2.13676358]
[        ] C/C++: android.ndkPath from module build.gradle is not set
[        ] C/C++: ndk.dir in local.properties is not set
[        ] C/C++: Not considering ANDROID_NDK_HOME because support was removed after deprecation period.
[        ] C/C++: sdkFolder is /Users/florian/Library/Android/sdk
[        ] C/C++: android.ndkVersion from module build.gradle is [28.2.13676358]
[        ] C/C++: android.ndkPath from module build.gradle is not set
[        ] C/C++: ndk.dir in local.properties is not set
[        ] C/C++: Not considering ANDROID_NDK_HOME because support was removed after deprecation period.
[        ] C/C++: sdkFolder is /Users/florian/Library/Android/sdk
[        ] C/C++: android.ndkVersion from module build.gradle is [28.2.13676358]
[        ] C/C++: android.ndkPath from module build.gradle is not set
[        ] C/C++: ndk.dir in local.properties is not set
[        ] C/C++: Not considering ANDROID_NDK_HOME because support was removed after deprecation period.
[        ] C/C++: sdkFolder is /Users/florian/Library/Android/sdk
[        ] C/C++: android.ndkVersion from module build.gradle is [28.2.13676358]
[        ] C/C++: android.ndkPath from module build.gradle is not set
[        ] C/C++: ndk.dir in local.properties is not set
[        ] C/C++: Not considering ANDROID_NDK_HOME because support was removed after deprecation period.
[        ] C/C++: sdkFolder is /Users/florian/Library/Android/sdk
[        ] C/C++: android.ndkVersion from module build.gradle is [28.2.13676358]
[        ] C/C++: android.ndkPath from module build.gradle is not set
[        ] C/C++: ndk.dir in local.properties is not set
[        ] C/C++: Not considering ANDROID_NDK_HOME because support was removed after deprecation period.
[        ] C/C++: sdkFolder is /Users/florian/Library/Android/sdk
[        ] C/C++: android.ndkVersion from module build.gradle is [28.2.13676358]
[        ] C/C++: android.ndkPath from module build.gradle is not set
[        ] C/C++: ndk.dir in local.properties is not set
[        ] C/C++: Not considering ANDROID_NDK_HOME because support was removed after deprecation period.
[        ] C/C++: sdkFolder is /Users/florian/Library/Android/sdk
[        ] C/C++: android.ndkVersion from module build.gradle is [28.2.13676358]
[        ] C/C++: android.ndkPath from module build.gradle is not set
[        ] C/C++: ndk.dir in local.properties is not set
[        ] C/C++: Not considering ANDROID_NDK_HOME because support was removed after deprecation period.
[        ] C/C++: sdkFolder is /Users/florian/Library/Android/sdk
[        ] C/C++: android.ndkVersion from module build.gradle is [28.2.13676358]
[        ] C/C++: android.ndkPath from module build.gradle is not set
[        ] C/C++: ndk.dir in local.properties is not set
[        ] C/C++: Not considering ANDROID_NDK_HOME because support was removed after deprecation period.
[        ] C/C++: sdkFolder is /Users/florian/Library/Android/sdk
[        ] C/C++: android.ndkVersion from module build.gradle is [28.2.13676358]
[        ] C/C++: android.ndkPath from module build.gradle is not set
[        ] C/C++: ndk.dir in local.properties is not set
[        ] C/C++: Not considering ANDROID_NDK_HOME because support was removed after deprecation period.
[        ] C/C++: sdkFolder is /Users/florian/Library/Android/sdk
[        ] C/C++: android.ndkVersion from module build.gradle is [28.2.13676358]
[        ] C/C++: android.ndkPath from module build.gradle is not set
[        ] C/C++: ndk.dir in local.properties is not set
[        ] C/C++: Not considering ANDROID_NDK_HOME because support was removed after deprecation period.
[        ] C/C++: sdkFolder is /Users/florian/Library/Android/sdk
[        ] > Configure project :
[        ] Evaluating root project 'android' using build file '/Users/florian/Code/substitution/android/build.gradle'.
[        ] > Configure project :connectivity_plus
[        ] Evaluating project ':connectivity_plus' using build file '/Users/florian/.pub-cache/hosted/pub.dev/connectivity_plus-5.0.2/android/build.gradle'.
[        ] Using default execution profile
[        ] > Configure project :emoji_picker_flutter
[        ] Evaluating project ':emoji_picker_flutter' using build file '/Users/florian/.pub-cache/hosted/pub.dev/emoji_picker_flutter-4.4.0/android/build.gradle'.
[        ] Using default execution profile
[        ] Using Kotlin Gradle Plugin gradle85 variant
[ +102 ms] > Configure project :file_selector_android
[        ] Evaluating project ':file_selector_android' using build file '/Users/florian/.pub-cache/hosted/pub.dev/file_selector_android-0.5.2+4/android/build.gradle'.
[        ] Using default execution profile
[   +1 ms] > Configure project :flutter_keyboard_visibility_temp_fork
[        ] Evaluating project ':flutter_keyboard_visibility_temp_fork' using build file '/Users/florian/.pub-cache/hosted/pub.dev/flutter_keyboard_visibility_temp_fork-0.1.5/android/build.gradle'.
[        ] Using default execution profile
[        ] > Configure project :flutter_native_splash
[        ] Evaluating project ':flutter_native_splash' using build file '/Users/florian/.pub-cache/hosted/pub.dev/flutter_native_splash-2.4.7/android/build.gradle'.
[        ] Using default execution profile
[        ] > Configure project :flutter_olm
[        ] Evaluating project ':flutter_olm' using build file '/Users/florian/.pub-cache/hosted/pub.dev/flutter_olm-2.0.0/android/build.gradle'.
[        ] Using default execution profile
[        ] Using Kotlin Gradle Plugin gradle85 variant
[        ] C/C++: android.ndkVersion from module build.gradle is [27.0.12077973]
[        ] C/C++: android.ndkPath from module build.gradle is not set
[        ] C/C++: ndk.dir in local.properties is not set
[        ] C/C++: Not considering ANDROID_NDK_HOME because support was removed after deprecation period.
[        ] C/C++: sdkFolder is /Users/florian/Library/Android/sdk
[        ] C/C++: android.ndkVersion from module build.gradle is [27.0.12077973]
[        ] C/C++: android.ndkPath from module build.gradle is not set
[        ] C/C++: ndk.dir in local.properties is not set
[        ] C/C++: Not considering ANDROID_NDK_HOME because support was removed after deprecation period.
[        ] C/C++: sdkFolder is /Users/florian/Library/Android/sdk
[        ] C/C++: android.ndkVersion from module build.gradle is [27.0.12077973]
[        ] C/C++: android.ndkPath from module build.gradle is not set
[        ] C/C++: ndk.dir in local.properties is not set
[        ] C/C++: Not considering ANDROID_NDK_HOME because support was removed after deprecation period.
[        ] C/C++: sdkFolder is /Users/florian/Library/Android/sdk
[        ] C/C++: android.ndkVersion from module build.gradle is [27.0.12077973]
[        ] C/C++: android.ndkPath from module build.gradle is not set
[        ] C/C++: ndk.dir in local.properties is not set
[        ] C/C++: Not considering ANDROID_NDK_HOME because support was removed after deprecation period.
[        ] C/C++: sdkFolder is /Users/florian/Library/Android/sdk
[        ] C/C++: android.ndkVersion from module build.gradle is [27.0.12077973]
[        ] C/C++: android.ndkPath from module build.gradle is not set
[        ] C/C++: ndk.dir in local.properties is not set
[        ] C/C++: Not considering ANDROID_NDK_HOME because support was removed after deprecation period.
[        ] C/C++: sdkFolder is /Users/florian/Library/Android/sdk
[        ] C/C++: android.ndkVersion from module build.gradle is [27.0.12077973]
[        ] C/C++: android.ndkPath from module build.gradle is not set
[        ] C/C++: ndk.dir in local.properties is not set
[        ] C/C++: Not considering ANDROID_NDK_HOME because support was removed after deprecation period.
[        ] C/C++: sdkFolder is /Users/florian/Library/Android/sdk
[        ] C/C++: android.ndkVersion from module build.gradle is [27.0.12077973]
[        ] C/C++: android.ndkPath from module build.gradle is not set
[        ] C/C++: ndk.dir in local.properties is not set
[        ] C/C++: Not considering ANDROID_NDK_HOME because support was removed after deprecation period.
[        ] C/C++: sdkFolder is /Users/florian/Library/Android/sdk
[        ] C/C++: android.ndkVersion from module build.gradle is [27.0.12077973]
[        ] C/C++: android.ndkPath from module build.gradle is not set
[        ] C/C++: ndk.dir in local.properties is not set
[        ] C/C++: Not considering ANDROID_NDK_HOME because support was removed after deprecation period.
[        ] C/C++: sdkFolder is /Users/florian/Library/Android/sdk
[        ] C/C++: android.ndkVersion from module build.gradle is [27.0.12077973]
[        ] C/C++: android.ndkPath from module build.gradle is not set
[        ] C/C++: ndk.dir in local.properties is not set
[        ] C/C++: Not considering ANDROID_NDK_HOME because support was removed after deprecation period.
[        ] C/C++: sdkFolder is /Users/florian/Library/Android/sdk
[        ] C/C++: android.ndkVersion from module build.gradle is [27.0.12077973]
[        ] C/C++: android.ndkPath from module build.gradle is not set
[        ] C/C++: ndk.dir in local.properties is not set
[        ] C/C++: Not considering ANDROID_NDK_HOME because support was removed after deprecation period.
[        ] C/C++: sdkFolder is /Users/florian/Library/Android/sdk
[        ] C/C++: android.ndkVersion from module build.gradle is [27.0.12077973]
[        ] C/C++: android.ndkPath from module build.gradle is not set
[        ] C/C++: ndk.dir in local.properties is not set
[        ] C/C++: Not considering ANDROID_NDK_HOME because support was removed after deprecation period.
[        ] C/C++: sdkFolder is /Users/florian/Library/Android/sdk
[        ] C/C++: android.ndkVersion from module build.gradle is [27.0.12077973]
[        ] C/C++: android.ndkPath from module build.gradle is not set
[        ] C/C++: ndk.dir in local.properties is not set
[        ] C/C++: Not considering ANDROID_NDK_HOME because support was removed after deprecation period.
[        ] C/C++: sdkFolder is /Users/florian/Library/Android/sdk
[        ] C/C++: android.ndkVersion from module build.gradle is [27.0.12077973]
[        ] C/C++: android.ndkPath from module build.gradle is not set
[        ] C/C++: ndk.dir in local.properties is not set
[        ] C/C++: Not considering ANDROID_NDK_HOME because support was removed after deprecation period.
[        ] C/C++: sdkFolder is /Users/florian/Library/Android/sdk
[        ] C/C++: android.ndkVersion from module build.gradle is [27.0.12077973]
[        ] C/C++: android.ndkPath from module build.gradle is not set
[        ] C/C++: ndk.dir in local.properties is not set
[        ] C/C++: Not considering ANDROID_NDK_HOME because support was removed after deprecation period.
[        ] C/C++: sdkFolder is /Users/florian/Library/Android/sdk
[        ] C/C++: android.ndkVersion from module build.gradle is [27.0.12077973]
[        ] C/C++: android.ndkPath from module build.gradle is not set
[        ] C/C++: ndk.dir in local.properties is not set
[        ] C/C++: Not considering ANDROID_NDK_HOME because support was removed after deprecation period.
[        ] C/C++: sdkFolder is /Users/florian/Library/Android/sdk
[        ] C/C++: android.ndkVersion from module build.gradle is [27.0.12077973]
[        ] C/C++: android.ndkPath from module build.gradle is not set
[        ] C/C++: ndk.dir in local.properties is not set
[        ] C/C++: Not considering ANDROID_NDK_HOME because support was removed after deprecation period.
[        ] C/C++: sdkFolder is /Users/florian/Library/Android/sdk
[        ] C/C++: android.ndkVersion from module build.gradle is [27.0.12077973]
[        ] C/C++: android.ndkPath from module build.gradle is not set
[        ] C/C++: ndk.dir in local.properties is not set
[        ] C/C++: Not considering ANDROID_NDK_HOME because support was removed after deprecation period.
[        ] C/C++: sdkFolder is /Users/florian/Library/Android/sdk
[        ] C/C++: android.ndkVersion from module build.gradle is [27.0.12077973]
[        ] C/C++: android.ndkPath from module build.gradle is not set
[        ] C/C++: ndk.dir in local.properties is not set
[        ] C/C++: Not considering ANDROID_NDK_HOME because support was removed after deprecation period.
[        ] C/C++: sdkFolder is /Users/florian/Library/Android/sdk
[        ] C/C++: android.ndkVersion from module build.gradle is [27.0.12077973]
[        ] C/C++: android.ndkPath from module build.gradle is not set
[        ] C/C++: ndk.dir in local.properties is not set
[        ] C/C++: Not considering ANDROID_NDK_HOME because support was removed after deprecation period.
[        ] C/C++: sdkFolder is /Users/florian/Library/Android/sdk
[  +99 ms] > Configure project :flutter_openssl_crypto
[        ] Evaluating project ':flutter_openssl_crypto' using build file '/Users/florian/.pub-cache/hosted/pub.dev/flutter_openssl_crypto-0.5.0/android/build.gradle'.
[        ] Using default execution profile
[        ] Using Kotlin Gradle Plugin gradle85 variant
[        ] C/C++: android.ndkVersion from module build.gradle is [27.0.12077973]
[        ] C/C++: android.ndkPath from module build.gradle is not set
[        ] C/C++: ndk.dir in local.properties is not set
[        ] C/C++: Not considering ANDROID_NDK_HOME because support was removed after deprecation period.
[        ] C/C++: sdkFolder is /Users/florian/Library/Android/sdk
[        ] C/C++: android.ndkVersion from module build.gradle is [27.0.12077973]
[        ] C/C++: android.ndkPath from module build.gradle is not set
[        ] C/C++: ndk.dir in local.properties is not set
[        ] C/C++: Not considering ANDROID_NDK_HOME because support was removed after deprecation period.
[        ] C/C++: sdkFolder is /Users/florian/Library/Android/sdk
[        ] C/C++: android.ndkVersion from module build.gradle is [27.0.12077973]
[        ] C/C++: android.ndkPath from module build.gradle is not set
[        ] C/C++: ndk.dir in local.properties is not set
[        ] C/C++: Not considering ANDROID_NDK_HOME because support was removed after deprecation period.
[        ] C/C++: sdkFolder is /Users/florian/Library/Android/sdk
[        ] C/C++: android.ndkVersion from module build.gradle is [27.0.12077973]
[        ] C/C++: android.ndkPath from module build.gradle is not set
[        ] C/C++: ndk.dir in local.properties is not set
[        ] C/C++: Not considering ANDROID_NDK_HOME because support was removed after deprecation period.
[        ] C/C++: sdkFolder is /Users/florian/Library/Android/sdk
[        ] C/C++: android.ndkVersion from module build.gradle is [27.0.12077973]
[        ] C/C++: android.ndkPath from module build.gradle is not set
[        ] C/C++: ndk.dir in local.properties is not set
[        ] C/C++: Not considering ANDROID_NDK_HOME because support was removed after deprecation period.
[        ] C/C++: sdkFolder is /Users/florian/Library/Android/sdk
[        ] C/C++: android.ndkVersion from module build.gradle is [27.0.12077973]
[        ] C/C++: android.ndkPath from module build.gradle is not set
[        ] C/C++: ndk.dir in local.properties is not set
[        ] C/C++: Not considering ANDROID_NDK_HOME because support was removed after deprecation period.
[        ] C/C++: sdkFolder is /Users/florian/Library/Android/sdk
[        ] C/C++: android.ndkVersion from module build.gradle is [27.0.12077973]
[        ] C/C++: android.ndkPath from module build.gradle is not set
[        ] C/C++: ndk.dir in local.properties is not set
[        ] C/C++: Not considering ANDROID_NDK_HOME because support was removed after deprecation period.
[        ] C/C++: sdkFolder is /Users/florian/Library/Android/sdk
[        ] C/C++: android.ndkVersion from module build.gradle is [27.0.12077973]
[        ] C/C++: android.ndkPath from module build.gradle is not set
[        ] C/C++: ndk.dir in local.properties is not set
[        ] C/C++: Not considering ANDROID_NDK_HOME because support was removed after deprecation period.
[        ] C/C++: sdkFolder is /Users/florian/Library/Android/sdk
[        ] C/C++: android.ndkVersion from module build.gradle is [27.0.12077973]
[        ] C/C++: android.ndkPath from module build.gradle is not set
[        ] C/C++: ndk.dir in local.properties is not set
[        ] C/C++: Not considering ANDROID_NDK_HOME because support was removed after deprecation period.
[        ] C/C++: sdkFolder is /Users/florian/Library/Android/sdk
[        ] C/C++: android.ndkVersion from module build.gradle is [27.0.12077973]
[        ] C/C++: android.ndkPath from module build.gradle is not set
[        ] C/C++: ndk.dir in local.properties is not set
[        ] C/C++: Not considering ANDROID_NDK_HOME because support was removed after deprecation period.
[        ] C/C++: sdkFolder is /Users/florian/Library/Android/sdk
[        ] C/C++: android.ndkVersion from module build.gradle is [27.0.12077973]
[        ] C/C++: android.ndkPath from module build.gradle is not set
[        ] C/C++: ndk.dir in local.properties is not set
[        ] C/C++: Not considering ANDROID_NDK_HOME because support was removed after deprecation period.
[        ] C/C++: sdkFolder is /Users/florian/Library/Android/sdk
[        ] C/C++: android.ndkVersion from module build.gradle is [27.0.12077973]
[        ] C/C++: android.ndkPath from module build.gradle is not set
[        ] C/C++: ndk.dir in local.properties is not set
[        ] C/C++: Not considering ANDROID_NDK_HOME because support was removed after deprecation period.
[        ] C/C++: sdkFolder is /Users/florian/Library/Android/sdk
[        ] C/C++: android.ndkVersion from module build.gradle is [27.0.12077973]
[        ] C/C++: android.ndkPath from module build.gradle is not set
[        ] C/C++: ndk.dir in local.properties is not set
[        ] C/C++: Not considering ANDROID_NDK_HOME because support was removed after deprecation period.
[        ] C/C++: sdkFolder is /Users/florian/Library/Android/sdk
[        ] C/C++: android.ndkVersion from module build.gradle is [27.0.12077973]
[        ] C/C++: android.ndkPath from module build.gradle is not set
[        ] C/C++: ndk.dir in local.properties is not set
[        ] C/C++: Not considering ANDROID_NDK_HOME because support was removed after deprecation period.
[        ] C/C++: sdkFolder is /Users/florian/Library/Android/sdk
[        ] C/C++: android.ndkVersion from module build.gradle is [27.0.12077973]
[        ] C/C++: android.ndkPath from module build.gradle is not set
[        ] C/C++: ndk.dir in local.properties is not set
[        ] C/C++: Not considering ANDROID_NDK_HOME because support was removed after deprecation period.
[        ] C/C++: sdkFolder is /Users/florian/Library/Android/sdk
[        ] C/C++: android.ndkVersion from module build.gradle is [27.0.12077973]
[        ] C/C++: android.ndkPath from module build.gradle is not set
[        ] C/C++: ndk.dir in local.properties is not set
[        ] C/C++: Not considering ANDROID_NDK_HOME because support was removed after deprecation period.
[        ] C/C++: sdkFolder is /Users/florian/Library/Android/sdk
[        ] C/C++: android.ndkVersion from module build.gradle is [27.0.12077973]
[        ] C/C++: android.ndkPath from module build.gradle is not set
[        ] C/C++: ndk.dir in local.properties is not set
[        ] C/C++: Not considering ANDROID_NDK_HOME because support was removed after deprecation period.
[        ] C/C++: sdkFolder is /Users/florian/Library/Android/sdk
[        ] C/C++: android.ndkVersion from module build.gradle is [27.0.12077973]
[        ] C/C++: android.ndkPath from module build.gradle is not set
[        ] C/C++: ndk.dir in local.properties is not set
[        ] C/C++: Not considering ANDROID_NDK_HOME because support was removed after deprecation period.
[        ] C/C++: sdkFolder is /Users/florian/Library/Android/sdk
[        ] C/C++: android.ndkVersion from module build.gradle is [27.0.12077973]
[        ] C/C++: android.ndkPath from module build.gradle is not set
[        ] C/C++: ndk.dir in local.properties is not set
[        ] C/C++: Not considering ANDROID_NDK_HOME because support was removed after deprecation period.
[        ] C/C++: sdkFolder is /Users/florian/Library/Android/sdk
[        ] > Configure project :integration_test
[        ] Evaluating project ':integration_test' using build file '/opt/homebrew/share/flutter/packages/integration_test/android/build.gradle.kts'.
[        ] Resolved plugin [id: 'com.android.library']
[        ] Using default execution profile
[        ] > Configure project :path_provider_android
[        ] Evaluating project ':path_provider_android' using build file '/Users/florian/.pub-cache/hosted/pub.dev/path_provider_android-2.2.22/android/build.gradle'.
[        ] Using default execution profile
[        ] > Configure project :quill_native_bridge_android
[        ] Evaluating project ':quill_native_bridge_android' using build file '/Users/florian/.pub-cache/hosted/pub.dev/quill_native_bridge_android-0.0.1+2/android/build.gradle'.
[        ] Using default execution profile
[        ] Using Kotlin Gradle Plugin gradle85 variant
[        ] > Configure project :shared_preferences_android
[        ] Evaluating project ':shared_preferences_android' using build file '/Users/florian/.pub-cache/hosted/pub.dev/shared_preferences_android-2.4.20/android/build.gradle'.
[        ] Using default execution profile
[        ] Using Kotlin Gradle Plugin gradle85 variant
[  +97 ms] > Configure project :sqflite_android
[        ] Evaluating project ':sqflite_android' using build file '/Users/florian/.pub-cache/hosted/pub.dev/sqflite_android-2.4.2+2/android/build.gradle'.
[        ] Using default execution profile
[        ] > Configure project :url_launcher_android
[        ] Evaluating project ':url_launcher_android' using build file '/Users/florian/.pub-cache/hosted/pub.dev/url_launcher_android-6.3.28/android/build.gradle'.
[        ] Using default execution profile
[        ] > Configure project :video_player_android
[        ] Evaluating project ':video_player_android' using build file '/Users/florian/.pub-cache/hosted/pub.dev/video_player_android-2.9.1/android/build.gradle'.
[        ] Using default execution profile
[        ] Using Kotlin Gradle Plugin gradle85 variant
[        ] All projects evaluated.
[        ] Task name matched 'assembleDebug'
[        ] Selected primary task 'assembleDebug' from project :
[        ] Adding -Xuse-inline-scopes-numbers Kotlin compiler flag for task :app:compileDebugKotlin
[ +103 ms] Tasks to be executed: [task ':app:preBuild', task ':app:preDebugBuild', task ':app:mergeDebugNativeDebugMetadata', task ':app:checkKotlinGradlePluginConfigurationErrors', task ':app:compileFlutterBuildDebug', task ':app:packJniLibsflutterBuildDebug', task ':connectivity_plus:preBuild', task ':connectivity_plus:preDebugBuild', task ':connectivity_plus:writeDebugAarMetadata', task ':emoji_picker_flutter:preBuild', task ':emoji_picker_flutter:preDebugBuild', task ':emoji_picker_flutter:writeDebugAarMetadata', task ':file_selector_android:preBuild', task ':file_selector_android:preDebugBuild', task ':file_selector_android:writeDebugAarMetadata', task ':flutter_keyboard_visibility_temp_fork:preBuild', task ':flutter_keyboard_visibility_temp_fork:preDebugBuild', task ':flutter_keyboard_visibility_temp_fork:writeDebugAarMetadata', task ':flutter_native_splash:preBuild', task ':flutter_native_splash:preDebugBuild', task ':flutter_native_splash:writeDebugAarMetadata', task ':flutter_olm:preBuild', task ':flutter_olm:preDebugBuild', task ':flutter_olm:writeDebugAarMetadata', task ':flutter_openssl_crypto:preBuild', task ':flutter_openssl_crypto:preDebugBuild', task ':flutter_openssl_crypto:writeDebugAarMetadata', task ':integration_test:preBuild', task ':integration_test:preDebugBuild', task ':integration_test:writeDebugAarMetadata', task ':path_provider_android:preBuild', task ':path_provider_android:preDebugBuild', task ':path_provider_android:writeDebugAarMetadata', task ':quill_native_bridge_android:preBuild', task ':quill_native_bridge_android:preDebugBuild', task ':quill_native_bridge_android:writeDebugAarMetadata', task ':shared_preferences_android:preBuild', task ':shared_preferences_android:preDebugBuild', task ':shared_preferences_android:writeDebugAarMetadata', task ':sqflite_android:preBuild', task ':sqflite_android:preDebugBuild', task ':sqflite_android:writeDebugAarMetadata', task ':url_launcher_android:preBuild', task ':url_launcher_android:preDebugBuild', task ':url_launcher_android:writeDebugAarMetadata', task ':video_player_android:preBuild', task ':video_player_android:preDebugBuild', task ':video_player_android:writeDebugAarMetadata', task ':app:checkDebugAarMetadata', task ':app:cleanMergeDebugAssets', task ':app:mergeDebugShaders', task ':app:compileDebugShaders', task ':app:generateDebugAssets', task ':connectivity_plus:mergeDebugShaders', task ':connectivity_plus:compileDebugShaders', task ':connectivity_plus:generateDebugAssets', task ':connectivity_plus:mergeDebugAssets', task ':emoji_picker_flutter:mergeDebugShaders', task ':emoji_picker_flutter:compileDebugShaders', task ':emoji_picker_flutter:generateDebugAssets', task ':emoji_picker_flutter:mergeDebugAssets', task ':file_selector_android:mergeDebugShaders', task ':file_selector_android:compileDebugShaders', task ':file_selector_android:generateDebugAssets', task ':file_selector_android:mergeDebugAssets', task ':flutter_keyboard_visibility_temp_fork:mergeDebugShaders', task ':flutter_keyboard_visibility_temp_fork:compileDebugShaders', task ':flutter_keyboard_visibility_temp_fork:generateDebugAssets', task ':flutter_keyboard_visibility_temp_fork:mergeDebugAssets', task ':flutter_native_splash:mergeDebugShaders', task ':flutter_native_splash:compileDebugShaders', task ':flutter_native_splash:generateDebugAssets', task ':flutter_native_splash:mergeDebugAssets', task ':flutter_olm:mergeDebugShaders', task ':flutter_olm:compileDebugShaders', task ':flutter_olm:generateDebugAssets', task ':flutter_olm:mergeDebugAssets', task ':flutter_openssl_crypto:mergeDebugShaders', task ':flutter_openssl_crypto:compileDebugShaders', task ':flutter_openssl_crypto:generateDebugAssets', task ':flutter_openssl_crypto:mergeDebugAssets', task ':integration_test:mergeDebugShaders', task ':integration_test:compileDebugShaders', task ':integration_test:generateDebugAssets', task ':integration_test:mergeDebugAssets', task ':path_provider_android:mergeDebugShaders', task ':path_provider_android:compileDebugShaders', task ':path_provider_android:generateDebugAssets', task ':path_provider_android:mergeDebugAssets', task ':quill_native_bridge_android:mergeDebugShaders', task ':quill_native_bridge_android:compileDebugShaders', task ':quill_native_bridge_android:generateDebugAssets', task ':quill_native_bridge_android:mergeDebugAssets', task ':shared_preferences_android:mergeDebugShaders', task ':shared_preferences_android:compileDebugShaders', task ':shared_preferences_android:generateDebugAssets', task ':shared_preferences_android:mergeDebugAssets', task ':sqflite_android:mergeDebugShaders', task ':sqflite_android:compileDebugShaders', task ':sqflite_android:generateDebugAssets', task ':sqflite_android:mergeDebugAssets', task ':url_launcher_android:mergeDebugShaders', task ':url_launcher_android:compileDebugShaders', task ':url_launcher_android:generateDebugAssets', task ':url_launcher_android:mergeDebugAssets', task ':video_player_android:mergeDebugShaders', task ':video_player_android:compileDebugShaders', task ':video_player_android:generateDebugAssets', task ':video_player_android:mergeDebugAssets', task ':app:mergeDebugAssets', task ':app:copyFlutterAssetsDebug', task ':app:generateDebugResValues', task ':connectivity_plus:generateDebugResValues', task ':connectivity_plus:generateDebugResources', task ':connectivity_plus:packageDebugResources', task ':emoji_picker_flutter:generateDebugResValues', task ':emoji_picker_flutter:generateDebugResources', task ':emoji_picker_flutter:packageDebugResources', task ':file_selector_android:generateDebugResValues', task ':file_selector_android:generateDebugResources', task ':file_selector_android:packageDebugResources', task ':flutter_keyboard_visibility_temp_fork:generateDebugResValues', task ':flutter_keyboard_visibility_temp_fork:generateDebugResources', task ':flutter_keyboard_visibility_temp_fork:packageDebugResources', task ':flutter_native_splash:generateDebugResValues', task ':flutter_native_splash:generateDebugResources', task ':flutter_native_splash:packageDebugResources', task ':flutter_olm:generateDebugResValues', task ':flutter_olm:generateDebugResources', task ':flutter_olm:packageDebugResources', task ':flutter_openssl_crypto:generateDebugResValues', task ':flutter_openssl_crypto:generateDebugResources', task ':flutter_openssl_crypto:packageDebugResources', task ':integration_test:generateDebugResValues', task ':integration_test:generateDebugResources', task ':integration_test:packageDebugResources', task ':path_provider_android:generateDebugResValues', task ':path_provider_android:generateDebugResources', task ':path_provider_android:packageDebugResources', task ':quill_native_bridge_android:generateDebugResValues', task ':quill_native_bridge_android:generateDebugResources', task ':quill_native_bridge_android:packageDebugResources', task ':shared_preferences_android:generateDebugResValues', task ':shared_preferences_android:generateDebugResources', task ':shared_preferences_android:packageDebugResources', task ':sqflite_android:generateDebugResValues', task ':sqflite_android:generateDebugResources', task ':sqflite_android:packageDebugResources', task ':url_launcher_android:generateDebugResValues', task ':url_launcher_android:generateDebugResources', task ':url_launcher_android:packageDebugResources', task ':video_player_android:generateDebugResValues', task ':video_player_android:generateDebugResources', task ':video_player_android:packageDebugResources', task ':app:mapDebugSourceSetPaths', task ':app:generateDebugResources', task ':app:mergeDebugResources', task ':app:packageDebugResources', task ':app:parseDebugLocalResources', task ':app:createDebugCompatibleScreenManifests', task ':app:extractDeepLinksDebug', task ':connectivity_plus:extractDeepLinksDebug', task ':connectivity_plus:processDebugManifest', task ':emoji_picker_flutter:extractDeepLinksDebug', task ':emoji_picker_flutter:processDebugManifest', task ':file_selector_android:extractDeepLinksDebug', task ':file_selector_android:processDebugManifest', task ':flutter_keyboard_visibility_temp_fork:extractDeepLinksDebug', task ':flutter_keyboard_visibility_temp_fork:processDebugManifest', task ':flutter_native_splash:extractDeepLinksDebug', task ':flutter_native_splash:processDebugManifest', task ':flutter_olm:extractDeepLinksDebug', task ':flutter_olm:processDebugManifest', task ':flutter_openssl_crypto:extractDeepLinksDebug', task ':flutter_openssl_crypto:processDebugManifest', task ':integration_test:extractDeepLinksDebug', task ':integration_test:processDebugManifest', task ':path_provider_android:extractDeepLinksDebug', task ':path_provider_android:processDebugManifest', task ':quill_native_bridge_android:extractDeepLinksDebug', task ':quill_native_bridge_android:processDebugManifest', task ':shared_preferences_android:extractDeepLinksDebug', task ':shared_preferences_android:processDebugManifest', task ':sqflite_android:extractDeepLinksDebug', task ':sqflite_android:processDebugManifest', task ':url_launcher_android:extractDeepLinksDebug', task ':url_launcher_android:processDebugManifest', task ':video_player_android:extractDeepLinksDebug', task ':video_player_android:processDebugManifest', task ':app:processDebugMainManifest', task ':app:outputDebugAppLinkSettings', task ':app:processDebugManifest', task ':app:processDebugManifestForPackage', task ':connectivity_plus:compileDebugLibraryResources', task ':connectivity_plus:parseDebugLocalResources', task ':connectivity_plus:generateDebugRFile', task ':emoji_picker_flutter:compileDebugLibraryResources', task ':emoji_picker_flutter:parseDebugLocalResources', task ':emoji_picker_flutter:generateDebugRFile', task ':file_selector_android:compileDebugLibraryResources', task ':file_selector_android:parseDebugLocalResources', task ':file_selector_android:generateDebugRFile', task ':flutter_keyboard_visibility_temp_fork:compileDebugLibraryResources', task ':flutter_keyboard_visibility_temp_fork:parseDebugLocalResources', task ':flutter_keyboard_visibility_temp_fork:generateDebugRFile', task ':flutter_native_splash:compileDebugLibraryResources', task ':flutter_native_splash:parseDebugLocalResources', task ':flutter_native_splash:generateDebugRFile', task ':flutter_olm:compileDebugLibraryResources', task ':flutter_olm:parseDebugLocalResources', task ':flutter_olm:generateDebugRFile', task ':flutter_openssl_crypto:compileDebugLibraryResources', task ':flutter_openssl_crypto:parseDebugLocalResources', task ':flutter_openssl_crypto:generateDebugRFile', task ':integration_test:compileDebugLibraryResources', task ':integration_test:parseDebugLocalResources', task ':integration_test:generateDebugRFile', task ':path_provider_android:compileDebugLibraryResources', task ':path_provider_android:parseDebugLocalResources', task ':path_provider_android:generateDebugRFile', task ':quill_native_bridge_android:compileDebugLibraryResources', task ':quill_native_bridge_android:parseDebugLocalResources', task ':quill_native_bridge_android:generateDebugRFile', task ':shared_preferences_android:compileDebugLibraryResources', task ':shared_preferences_android:parseDebugLocalResources', task ':shared_preferences_android:generateDebugRFile', task ':sqflite_android:compileDebugLibraryResources', task ':sqflite_android:parseDebugLocalResources', task ':sqflite_android:generateDebugRFile', task ':url_launcher_android:compileDebugLibraryResources', task ':url_launcher_android:parseDebugLocalResources', task ':url_launcher_android:generateDebugRFile', task ':video_player_android:compileDebugLibraryResources', task ':video_player_android:parseDebugLocalResources', task ':video_player_android:generateDebugRFile', task ':app:processDebugResources', task ':connectivity_plus:javaPreCompileDebug', task ':connectivity_plus:compileDebugJavaWithJavac', task ':connectivity_plus:bundleLibCompileToJarDebug', task ':emoji_picker_flutter:checkKotlinGradlePluginConfigurationErrors', task ':emoji_picker_flutter:compileDebugKotlin', task ':emoji_picker_flutter:javaPreCompileDebug', task ':emoji_picker_flutter:compileDebugJavaWithJavac', task ':emoji_picker_flutter:bundleLibCompileToJarDebug', task ':file_selector_android:javaPreCompileDebug', task ':file_selector_android:compileDebugJavaWithJavac', task ':file_selector_android:bundleLibCompileToJarDebug', task ':flutter_keyboard_visibility_temp_fork:javaPreCompileDebug', task ':flutter_keyboard_visibility_temp_fork:compileDebugJavaWithJavac', task ':flutter_keyboard_visibility_temp_fork:bundleLibCompileToJarDebug', task ':flutter_native_splash:javaPreCompileDebug', task ':flutter_native_splash:compileDebugJavaWithJavac', task ':flutter_native_splash:bundleLibCompileToJarDebug', task ':flutter_olm:checkKotlinGradlePluginConfigurationErrors', task ':flutter_olm:compileDebugKotlin', task ':flutter_olm:javaPreCompileDebug', task ':flutter_olm:compileDebugJavaWithJavac', task ':flutter_olm:bundleLibCompileToJarDebug', task ':flutter_openssl_crypto:checkKotlinGradlePluginConfigurationErrors', task ':flutter_openssl_crypto:compileDebugKotlin', task ':flutter_openssl_crypto:javaPreCompileDebug', task ':flutter_openssl_crypto:compileDebugJavaWithJavac', task ':flutter_openssl_crypto:bundleLibCompileToJarDebug', task ':integration_test:javaPreCompileDebug', task ':integration_test:compileDebugJavaWithJavac', task ':integration_test:bundleLibCompileToJarDebug', task ':path_provider_android:javaPreCompileDebug', task ':path_provider_android:compileDebugJavaWithJavac', task ':path_provider_android:bundleLibCompileToJarDebug', task ':quill_native_bridge_android:checkKotlinGradlePluginConfigurationErrors', task ':quill_native_bridge_android:compileDebugKotlin', task ':quill_native_bridge_android:javaPreCompileDebug', task ':quill_native_bridge_android:compileDebugJavaWithJavac', task ':quill_native_bridge_android:bundleLibCompileToJarDebug', task ':shared_preferences_android:checkKotlinGradlePluginConfigurationErrors', task ':shared_preferences_android:compileDebugKotlin', task ':shared_preferences_android:javaPreCompileDebug', task ':shared_preferences_android:compileDebugJavaWithJavac', task ':shared_preferences_android:bundleLibCompileToJarDebug', task ':sqflite_android:javaPreCompileDebug', task ':sqflite_android:compileDebugJavaWithJavac', task ':sqflite_android:bundleLibCompileToJarDebug', task ':url_launcher_android:generateDebugBuildConfig', task ':url_launcher_android:javaPreCompileDebug', task ':url_launcher_android:compileDebugJavaWithJavac', task ':url_launcher_android:bundleLibCompileToJarDebug', task ':video_player_android:checkKotlinGradlePluginConfigurationErrors', task ':video_player_android:compileDebugKotlin', task ':video_player_android:javaPreCompileDebug', task ':video_player_android:compileDebugJavaWithJavac', task ':video_player_android:bundleLibCompileToJarDebug', task ':app:compileDebugKotlin', task ':app:javaPreCompileDebug', task ':app:compileDebugJavaWithJavac', task ':app:compressDebugAssets', task ':app:processDebugJavaRes', task ':connectivity_plus:processDebugJavaRes', task ':emoji_picker_flutter:processDebugJavaRes', task ':file_selector_android:processDebugJavaRes', task ':flutter_keyboard_visibility_temp_fork:processDebugJavaRes', task ':flutter_native_splash:processDebugJavaRes', task ':flutter_olm:processDebugJavaRes', task ':flutter_openssl_crypto:processDebugJavaRes', task ':integration_test:processDebugJavaRes', task ':path_provider_android:processDebugJavaRes', task ':quill_native_bridge_android:processDebugJavaRes', task ':shared_preferences_android:processDebugJavaRes', task ':sqflite_android:processDebugJavaRes', task ':url_launcher_android:processDebugJavaRes', task ':video_player_android:processDebugJavaRes', task ':app:mergeDebugJavaResource', task ':app:checkDebugDuplicateClasses', task ':app:desugarDebugFileDependencies', task ':app:mergeExtDexDebug', task ':connectivity_plus:bundleLibRuntimeToDirDebug', task ':emoji_picker_flutter:bundleLibRuntimeToDirDebug', task ':file_selector_android:bundleLibRuntimeToDirDebug', task ':flutter_keyboard_visibility_temp_fork:bundleLibRuntimeToDirDebug', task ':flutter_native_splash:bundleLibRuntimeToDirDebug', task ':flutter_olm:bundleLibRuntimeToDirDebug', task ':flutter_openssl_crypto:bundleLibRuntimeToDirDebug', task ':integration_test:bundleLibRuntimeToDirDebug', task ':path_provider_android:bundleLibRuntimeToDirDebug', task ':quill_native_bridge_android:bundleLibRuntimeToDirDebug', task ':shared_preferences_android:bundleLibRuntimeToDirDebug', task ':sqflite_android:bundleLibRuntimeToDirDebug', task ':url_launcher_android:bundleLibRuntimeToDirDebug', task ':video_player_android:bundleLibRuntimeToDirDebug', task ':app:mergeLibDexDebug', task ':app:dexBuilderDebug', task ':app:mergeProjectDexDebug', task ':app:configureCMakeDebug[arm64-v8a]', task ':app:buildCMakeDebug[arm64-v8a]', task ':app:configureCMakeDebug[armeabi-v7a]', task ':app:buildCMakeDebug[armeabi-v7a]', task ':app:configureCMakeDebug[x86_64]', task ':app:buildCMakeDebug[x86_64]', task ':app:mergeDebugJniLibFolders', task ':connectivity_plus:mergeDebugJniLibFolders', task ':connectivity_plus:mergeDebugNativeLibs', task ':connectivity_plus:copyDebugJniLibsProjectOnly', task ':emoji_picker_flutter:mergeDebugJniLibFolders', task ':emoji_picker_flutter:mergeDebugNativeLibs', task ':emoji_picker_flutter:copyDebugJniLibsProjectOnly', task ':file_selector_android:mergeDebugJniLibFolders', task ':file_selector_android:mergeDebugNativeLibs', task ':file_selector_android:copyDebugJniLibsProjectOnly', task ':flutter_keyboard_visibility_temp_fork:mergeDebugJniLibFolders', task ':flutter_keyboard_visibility_temp_fork:mergeDebugNativeLibs', task ':flutter_keyboard_visibility_temp_fork:copyDebugJniLibsProjectOnly', task ':flutter_native_splash:mergeDebugJniLibFolders', task ':flutter_native_splash:mergeDebugNativeLibs', task ':flutter_native_splash:copyDebugJniLibsProjectOnly', task ':flutter_olm:preProfileBuild', task ':flutter_olm:configureCMakeDebug[arm64-v8a]', task ':flutter_olm:buildCMakeDebug[arm64-v8a]', task ':flutter_olm:configureCMakeDebug[armeabi-v7a]', task ':flutter_olm:buildCMakeDebug[armeabi-v7a]', task ':flutter_olm:configureCMakeDebug[x86]', task ':flutter_olm:buildCMakeDebug[x86]', task ':flutter_olm:configureCMakeDebug[x86_64]', task ':flutter_olm:buildCMakeDebug[x86_64]', task ':flutter_olm:mergeDebugJniLibFolders', task ':flutter_olm:mergeDebugNativeLibs', task ':flutter_olm:copyDebugJniLibsProjectOnly', task ':flutter_openssl_crypto:preProfileBuild', task ':flutter_openssl_crypto:configureCMakeDebug[arm64-v8a]', task ':flutter_openssl_crypto:buildCMakeDebug[arm64-v8a]', task ':flutter_openssl_crypto:configureCMakeDebug[armeabi-v7a]', task ':flutter_openssl_crypto:buildCMakeDebug[armeabi-v7a]', task ':flutter_openssl_crypto:configureCMakeDebug[x86]', task ':flutter_openssl_crypto:buildCMakeDebug[x86]', task ':flutter_openssl_crypto:configureCMakeDebug[x86_64]', task ':flutter_openssl_crypto:buildCMakeDebug[x86_64]', task ':flutter_openssl_crypto:mergeDebugJniLibFolders', task ':flutter_openssl_crypto:mergeDebugNativeLibs', task ':flutter_openssl_crypto:copyDebugJniLibsProjectOnly', task ':integration_test:mergeDebugJniLibFolders', task ':integration_test:mergeDebugNativeLibs', task ':integration_test:copyDebugJniLibsProjectOnly', task ':path_provider_android:mergeDebugJniLibFolders', task ':path_provider_android:mergeDebugNativeLibs', task ':path_provider_android:copyDebugJniLibsProjectOnly', task ':quill_native_bridge_android:mergeDebugJniLibFolders', task ':quill_native_bridge_android:mergeDebugNativeLibs', task ':quill_native_bridge_android:copyDebugJniLibsProjectOnly', task ':shared_preferences_android:mergeDebugJniLibFolders', task ':shared_preferences_android:mergeDebugNativeLibs', task ':shared_preferences_android:copyDebugJniLibsProjectOnly', task ':sqflite_android:mergeDebugJniLibFolders', task ':sqflite_android:mergeDebugNativeLibs', task ':sqflite_android:copyDebugJniLibsProjectOnly', task ':url_launcher_android:mergeDebugJniLibFolders', task ':url_launcher_android:mergeDebugNativeLibs', task ':url_launcher_android:copyDebugJniLibsProjectOnly', task ':video_player_android:mergeDebugJniLibFolders', task ':video_player_android:mergeDebugNativeLibs', task ':video_player_android:copyDebugJniLibsProjectOnly', task ':app:mergeDebugNativeLibs', task ':app:stripDebugDebugSymbols', task ':app:validateSigningDebug', task ':app:writeDebugAppMetadata', task ':app:writeDebugSigningConfigVersions', task ':app:packageDebug', task ':app:createDebugApkListingFileRedirect', task ':app:assembleDebug', task ':connectivity_plus:stripDebugDebugSymbols', task ':connectivity_plus:copyDebugJniLibsProjectAndLocalJars', task ':connectivity_plus:extractDebugAnnotations', task ':connectivity_plus:extractDeepLinksForAarDebug', task ':connectivity_plus:mergeDebugGeneratedProguardFiles', task ':connectivity_plus:mergeDebugConsumerProguardFiles', task ':connectivity_plus:prepareDebugArtProfile', task ':connectivity_plus:prepareLintJarForPublish', task ':connectivity_plus:mergeDebugJavaResource', task ':connectivity_plus:syncDebugLibJars', task ':connectivity_plus:bundleDebugAar', task ':connectivity_plus:assembleDebug', task ':emoji_picker_flutter:stripDebugDebugSymbols', task ':emoji_picker_flutter:copyDebugJniLibsProjectAndLocalJars', task ':emoji_picker_flutter:extractDebugAnnotations', task ':emoji_picker_flutter:extractDeepLinksForAarDebug', task ':emoji_picker_flutter:mergeDebugGeneratedProguardFiles', task ':emoji_picker_flutter:mergeDebugConsumerProguardFiles', task ':emoji_picker_flutter:prepareDebugArtProfile', task ':emoji_picker_flutter:prepareLintJarForPublish', task ':emoji_picker_flutter:mergeDebugJavaResource', task ':emoji_picker_flutter:syncDebugLibJars', task ':emoji_picker_flutter:bundleDebugAar', task ':emoji_picker_flutter:assembleDebug', task ':file_selector_android:stripDebugDebugSymbols', task ':file_selector_android:copyDebugJniLibsProjectAndLocalJars', task ':file_selector_android:extractDebugAnnotations', task ':file_selector_android:extractDeepLinksForAarDebug', task ':file_selector_android:mergeDebugGeneratedProguardFiles', task ':file_selector_android:mergeDebugConsumerProguardFiles', task ':file_selector_android:prepareDebugArtProfile', task ':file_selector_android:prepareLintJarForPublish', task ':file_selector_android:mergeDebugJavaResource', task ':file_selector_android:syncDebugLibJars', task ':file_selector_android:bundleDebugAar', task ':file_selector_android:assembleDebug', task ':flutter_keyboard_visibility_temp_fork:stripDebugDebugSymbols', task ':flutter_keyboard_visibility_temp_fork:copyDebugJniLibsProjectAndLocalJars', task ':flutter_keyboard_visibility_temp_fork:extractDebugAnnotations', task ':flutter_keyboard_visibility_temp_fork:extractDeepLinksForAarDebug', task ':flutter_keyboard_visibility_temp_fork:mergeDebugGeneratedProguardFiles', task ':flutter_keyboard_visibility_temp_fork:mergeDebugConsumerProguardFiles', task ':flutter_keyboard_visibility_temp_fork:prepareDebugArtProfile', task ':flutter_keyboard_visibility_temp_fork:prepareLintJarForPublish', task ':flutter_keyboard_visibility_temp_fork:mergeDebugJavaResource', task ':flutter_keyboard_visibility_temp_fork:syncDebugLibJars', task ':flutter_keyboard_visibility_temp_fork:bundleDebugAar', task ':flutter_keyboard_visibility_temp_fork:assembleDebug', task ':flutter_native_splash:stripDebugDebugSymbols', task ':flutter_native_splash:copyDebugJniLibsProjectAndLocalJars', task ':flutter_native_splash:extractDebugAnnotations', task ':flutter_native_splash:extractDeepLinksForAarDebug', task ':flutter_native_splash:mergeDebugGeneratedProguardFiles', task ':flutter_native_splash:mergeDebugConsumerProguardFiles', task ':flutter_native_splash:prepareDebugArtProfile', task ':flutter_native_splash:prepareLintJarForPublish', task ':flutter_native_splash:mergeDebugJavaResource', task ':flutter_native_splash:syncDebugLibJars', task ':flutter_native_splash:bundleDebugAar', task ':flutter_native_splash:assembleDebug', task ':flutter_olm:stripDebugDebugSymbols', task ':flutter_olm:copyDebugJniLibsProjectAndLocalJars', task ':flutter_olm:extractDebugAnnotations', task ':flutter_olm:extractDeepLinksForAarDebug', task ':flutter_olm:mergeDebugGeneratedProguardFiles', task ':flutter_olm:mergeDebugConsumerProguardFiles', task ':flutter_olm:prepareDebugArtProfile', task ':flutter_olm:prepareLintJarForPublish', task ':flutter_olm:mergeDebugJavaResource', task ':flutter_olm:syncDebugLibJars', task ':flutter_olm:bundleDebugAar', task ':flutter_olm:assembleDebug', task ':flutter_openssl_crypto:stripDebugDebugSymbols', task ':flutter_openssl_crypto:copyDebugJniLibsProjectAndLocalJars', task ':flutter_openssl_crypto:extractDebugAnnotations', task ':flutter_openssl_crypto:extractDeepLinksForAarDebug', task ':flutter_openssl_crypto:mergeDebugGeneratedProguardFiles', task ':flutter_openssl_crypto:mergeDebugConsumerProguardFiles', task ':flutter_openssl_crypto:prepareDebugArtProfile', task ':flutter_openssl_crypto:prepareLintJarForPublish', task ':flutter_openssl_crypto:mergeDebugJavaResource', task ':flutter_openssl_crypto:syncDebugLibJars', task ':flutter_openssl_crypto:bundleDebugAar', task ':flutter_openssl_crypto:assembleDebug', task ':integration_test:stripDebugDebugSymbols', task ':integration_test:copyDebugJniLibsProjectAndLocalJars', task ':integration_test:extractDebugAnnotations', task ':integration_test:extractDeepLinksForAarDebug', task ':integration_test:mergeDebugGeneratedProguardFiles', task ':integration_test:mergeDebugConsumerProguardFiles', task ':integration_test:prepareDebugArtProfile', task ':integration_test:prepareLintJarForPublish', task ':integration_test:mergeDebugJavaResource', task ':integration_test:syncDebugLibJars', task ':integration_test:bundleDebugAar', task ':integration_test:assembleDebug', task ':path_provider_android:stripDebugDebugSymbols', task ':path_provider_android:copyDebugJniLibsProjectAndLocalJars', task ':path_provider_android:extractDebugAnnotations', task ':path_provider_android:extractDeepLinksForAarDebug', task ':path_provider_android:mergeDebugGeneratedProguardFiles', task ':path_provider_android:mergeDebugConsumerProguardFiles', task ':path_provider_android:prepareDebugArtProfile', task ':path_provider_android:prepareLintJarForPublish', task ':path_provider_android:mergeDebugJavaResource', task ':path_provider_android:syncDebugLibJars', task ':path_provider_android:bundleDebugAar', task ':path_provider_android:assembleDebug', task ':quill_native_bridge_android:stripDebugDebugSymbols', task ':quill_native_bridge_android:copyDebugJniLibsProjectAndLocalJars', task ':quill_native_bridge_android:extractDebugAnnotations', task ':quill_native_bridge_android:extractDeepLinksForAarDebug', task ':quill_native_bridge_android:mergeDebugGeneratedProguardFiles', task ':quill_native_bridge_android:mergeDebugConsumerProguardFiles', task ':quill_native_bridge_android:prepareDebugArtProfile', task ':quill_native_bridge_android:prepareLintJarForPublish', task ':quill_native_bridge_android:mergeDebugJavaResource', task ':quill_native_bridge_android:syncDebugLibJars', task ':quill_native_bridge_android:bundleDebugAar', task ':quill_native_bridge_android:assembleDebug', task ':shared_preferences_android:stripDebugDebugSymbols', task ':shared_preferences_android:copyDebugJniLibsProjectAndLocalJars', task ':shared_preferences_android:extractDebugAnnotations', task ':shared_preferences_android:extractDeepLinksForAarDebug', task ':shared_preferences_android:mergeDebugGeneratedProguardFiles', task ':shared_preferences_android:mergeDebugConsumerProguardFiles', task ':shared_preferences_android:prepareDebugArtProfile', task ':shared_preferences_android:prepareLintJarForPublish', task ':shared_preferences_android:mergeDebugJavaResource', task ':shared_preferences_android:syncDebugLibJars', task ':shared_preferences_android:bundleDebugAar', task ':shared_preferences_android:assembleDebug', task ':sqflite_android:stripDebugDebugSymbols', task ':sqflite_android:copyDebugJniLibsProjectAndLocalJars', task ':sqflite_android:extractDebugAnnotations', task ':sqflite_android:extractDeepLinksForAarDebug', task ':sqflite_android:mergeDebugGeneratedProguardFiles', task ':sqflite_android:mergeDebugConsumerProguardFiles', task ':sqflite_android:prepareDebugArtProfile', task ':sqflite_android:prepareLintJarForPublish', task ':sqflite_android:mergeDebugJavaResource', task ':sqflite_android:syncDebugLibJars', task ':sqflite_android:bundleDebugAar', task ':sqflite_android:assembleDebug', task ':url_launcher_android:stripDebugDebugSymbols', task ':url_launcher_android:copyDebugJniLibsProjectAndLocalJars', task ':url_launcher_android:extractDebugAnnotations', task ':url_launcher_android:extractDeepLinksForAarDebug', task ':url_launcher_android:mergeDebugGeneratedProguardFiles', task ':url_launcher_android:mergeDebugConsumerProguardFiles', task ':url_launcher_android:prepareDebugArtProfile', task ':url_launcher_android:prepareLintJarForPublish', task ':url_launcher_android:mergeDebugJavaResource', task ':url_launcher_android:syncDebugLibJars', task ':url_launcher_android:bundleDebugAar', task ':url_launcher_android:assembleDebug', task ':video_player_android:stripDebugDebugSymbols', task ':video_player_android:copyDebugJniLibsProjectAndLocalJars', task ':video_player_android:extractDebugAnnotations', task ':video_player_android:extractDeepLinksForAarDebug', task ':video_player_android:mergeDebugGeneratedProguardFiles', task ':video_player_android:mergeDebugConsumerProguardFiles', task ':video_player_android:prepareDebugArtProfile', task ':video_player_android:prepareLintJarForPublish', task ':video_player_android:mergeDebugJavaResource', task ':video_player_android:syncDebugLibJars', task ':video_player_android:bundleDebugAar', task ':video_player_android:assembleDebug']
[        ] Tasks that were excluded: []
[        ] work action Parameters of ClassesDirToClassesTransform (Thread[#46005,Execution worker,5,main]) started.
[        ] work action Parameters of DexingNoClasspathTransform (Thread[#46005,Execution worker,5,main]) started.
[        ] Resolve mutations for :app:preBuild (Thread[#46025,Execution worker Thread 20,5,main]) started.
[        ] :app:preBuild (Thread[#46025,Execution worker Thread 20,5,main]) started.
[        ] > Task :app:preBuild UP-TO-DATE
[        ] Skipping task ':app:preBuild' as it has no actions.
[        ] Resolve mutations for :app:preDebugBuild (Thread[#46025,Execution worker Thread 20,5,main]) started.
[        ] :app:preDebugBuild (Thread[#46025,Execution worker Thread 20,5,main]) started.
[        ] > Task :app:preDebugBuild UP-TO-DATE
[        ] Skipping task ':app:preDebugBuild' as it has no actions.
[        ] Resolve mutations for :app:mergeDebugNativeDebugMetadata (Thread[#46025,Execution worker Thread 20,5,main]) started.
[        ] :app:mergeDebugNativeDebugMetadata (Thread[#46025,Execution worker Thread 20,5,main]) started.
[        ] > Task :app:mergeDebugNativeDebugMetadata NO-SOURCE
[        ] Skipping task ':app:mergeDebugNativeDebugMetadata' as it has no source files and no previous output files.
[        ] Resolve mutations for :app:checkKotlinGradlePluginConfigurationErrors (Thread[#46025,Execution worker Thread 20,5,main]) started.
[        ] :app:checkKotlinGradlePluginConfigurationErrors (Thread[#46025,Execution worker Thread 20,5,main]) started.
[        ] > Task :app:checkKotlinGradlePluginConfigurationErrors SKIPPED
[        ] Skipping task ':app:checkKotlinGradlePluginConfigurationErrors' as task onlyIf 'errorDiagnostics are present' is false.
[        ] Resolve mutations for :app:compileFlutterBuildDebug (Thread[#46025,Execution worker Thread 20,5,main]) started.
[        ] :app:compileFlutterBuildDebug (Thread[#46025,Execution worker Thread 20,5,main]) started.
22:38 +17 -48: loading /Users/florian/Code/substitution/integration_test/matrix_integration_test.dart                                                                                                  22:39 +17 -48: loading /Users/florian/Code/substitution/integration_test/matrix_integration_test.dart                                                                                                  [+1990 ms] > Task :app:compileFlutterBuildDebug
[        ] Caching disabled for task ':app:compileFlutterBuildDebug' because:
[        ]   Build cache is disabled
[        ]   Caching has not been enabled for the task
[        ] Task ':app:compileFlutterBuildDebug' is not up-to-date because:
[        ]   Value of input property 'targetPath' has changed for task ':app:compileFlutterBuildDebug'
[        ] Starting process 'command '/opt/homebrew/share/flutter/bin/flutter''. Working directory: /Users/florian/Code/substitution Command: /opt/homebrew/share/flutter/bin/flutter --verbose assemble --no-version-check --depfile /Users/florian/Code/substitution/build/app/intermediates/flutter/debug/flutter_build.d --output /Users/florian/Code/substitution/build/app/intermediates/flutter/debug -dTargetFile=/var/folders/l_/w8pnbb9d38n57pzg9j98fmy80000gn/T/flutter_tools.wuOse9/flutter_test_listener.P2TmNS/listener.dart -dTargetPlatform=android -dBuildMode=debug -dTrackWidgetCreation=true --DartDefines=TUFUUklYX1NFUlZFUj1odHRwOi8vbG9jYWxob3N0OjgwMDg=,TUFUUklYX1RFU1RfVVNFUj0=,TUFUUklYX1RFU1RfUEFTU1dPUkQ9,RkxVVFRFUl9WRVJTSU9OPTMuMzguOQ==,RkxVVFRFUl9DSEFOTkVMPXN0YWJsZQ==,RkxVVFRFUl9HSVRfVVJMPWh0dHBzOi8vZ2l0aHViLmNvbS9mbHV0dGVyL2ZsdXR0ZXIuZ2l0,RkxVVFRFUl9GUkFNRVdPUktfUkVWSVNJT049NjczMjNkZTI4NQ==,RkxVVFRFUl9FTkdJTkVfUkVWSVNJT049NTg3YzE4Zjg3Mw==,RkxVVFRFUl9EQVJUX1ZFUlNJT049My4xMC44,SU5URUdSQVRJT05fVEVTVF9TSE9VTERfUkVQT1JUX1JFU1VMVFNfVE9fTkFUSVZFPWZhbHNl -dFlavor= -dAndroidArchs=android-arm64 -dMinSdkVersion=24 debug_android_application
[        ] Successfully started process 'command '/opt/homebrew/share/flutter/bin/flutter''
[        ] [  +21 ms] executing: sysctl hw.optional.arm64
[        ] [   +3 ms] Exit code 0 from: sysctl hw.optional.arm64
[        ] [        ] hw.optional.arm64: 1
[        ] [   +3 ms] Artifact Instance of 'MaterialFonts' is not required, skipping update.
[        ] [        ] Artifact Instance of 'GradleWrapper' is not required, skipping update.
[        ] [        ] Artifact Instance of 'AndroidGenSnapshotArtifacts' is not required, skipping update.
[        ] [        ] Artifact Instance of 'AndroidInternalBuildArtifacts' is not required, skipping update.
[        ] [        ] Artifact Instance of 'IOSEngineArtifacts' is not required, skipping update.
[        ] [        ] Artifact Instance of 'FlutterWebSdk' is not required, skipping update.
[        ] [        ] Artifact Instance of 'LegacyCanvasKitRemover' is not required, skipping update.
[        ] [        ] Artifact Instance of 'FlutterSdk' is not required, skipping update.
[        ] [        ] Artifact Instance of 'WindowsEngineArtifacts' is not required, skipping update.
[        ] [        ] Artifact Instance of 'MacOSEngineArtifacts' is not required, skipping update.
[        ] [        ] Artifact Instance of 'LinuxEngineArtifacts' is not required, skipping update.
[        ] [        ] Artifact Instance of 'LinuxFuchsiaSDKArtifacts' is not required, skipping update.
[        ] [        ] Artifact Instance of 'MacOSFuchsiaSDKArtifacts' is not required, skipping update.
[        ] [        ] Artifact Instance of 'FlutterRunnerSDKArtifacts' is not required, skipping update.
[        ] [        ] Artifact Instance of 'FlutterRunnerDebugSymbols' is not required, skipping update.
[        ] [        ] Artifact Instance of 'IosUsbArtifacts' is not required, skipping update.
[        ] [        ] Artifact Instance of 'IosUsbArtifacts' is not required, skipping update.
[        ] [        ] Artifact Instance of 'IosUsbArtifacts' is not required, skipping update.
[        ] [        ] Artifact Instance of 'IosUsbArtifacts' is not required, skipping update.
[        ] [        ] Artifact Instance of 'IosUsbArtifacts' is not required, skipping update.
[        ] [        ] Artifact Instance of 'IosUsbArtifacts' is not required, skipping update.
[        ] [        ] Artifact Instance of 'FontSubsetArtifacts' is not required, skipping update.
[        ] [        ] Artifact Instance of 'PubDependencies' is not required, skipping update.
[        ] [   +3 ms] Artifact Instance of 'AndroidGenSnapshotArtifacts' is not required, skipping update.
[        ] [        ] Artifact Instance of 'AndroidInternalBuildArtifacts' is not required, skipping update.
[        ] [        ] Artifact Instance of 'IOSEngineArtifacts' is not required, skipping update.
[        ] [        ] Artifact Instance of 'FlutterWebSdk' is not required, skipping update.
[        ] [        ] Artifact Instance of 'FlutterEngineStamp' is not required, skipping update.
[        ] [        ] Artifact Instance of 'LegacyCanvasKitRemover' is not required, skipping update.
[        ] [        ] Artifact Instance of 'WindowsEngineArtifacts' is not required, skipping update.
[        ] [        ] Artifact Instance of 'MacOSEngineArtifacts' is not required, skipping update.
[        ] [        ] Artifact Instance of 'LinuxEngineArtifacts' is not required, skipping update.
[        ] [        ] Artifact Instance of 'LinuxFuchsiaSDKArtifacts' is not required, skipping update.
[        ] [        ] Artifact Instance of 'MacOSFuchsiaSDKArtifacts' is not required, skipping update.
[        ] [        ] Artifact Instance of 'FlutterRunnerSDKArtifacts' is not required, skipping update.
[        ] [        ] Artifact Instance of 'FlutterRunnerDebugSymbols' is not required, skipping update.
[        ] [  +25 ms] Artifact Instance of 'MaterialFonts' is not required, skipping update.
[        ] [        ] Artifact Instance of 'GradleWrapper' is not required, skipping update.
[        ] [        ] Artifact Instance of 'AndroidInternalBuildArtifacts' is not required, skipping update.
[        ] [        ] Artifact Instance of 'IOSEngineArtifacts' is not required, skipping update.
[        ] [        ] Artifact Instance of 'FlutterWebSdk' is not required, skipping update.
[        ] [        ] Artifact Instance of 'FlutterEngineStamp' is not required, skipping update.
[        ] [        ] Artifact Instance of 'LegacyCanvasKitRemover' is not required, skipping update.
[        ] [        ] Artifact Instance of 'FlutterSdk' is not required, skipping update.
[        ] [        ] Artifact Instance of 'WindowsEngineArtifacts' is not required, skipping update.
[        ] [        ] Artifact Instance of 'MacOSEngineArtifacts' is not required, skipping update.
[        ] [        ] Artifact Instance of 'LinuxEngineArtifacts' is not required, skipping update.
[        ] [        ] Artifact Instance of 'LinuxFuchsiaSDKArtifacts' is not required, skipping update.
[        ] [        ] Artifact Instance of 'MacOSFuchsiaSDKArtifacts' is not required, skipping update.
[        ] [        ] Artifact Instance of 'FlutterRunnerSDKArtifacts' is not required, skipping update.
[        ] [        ] Artifact Instance of 'FlutterRunnerDebugSymbols' is not required, skipping update.
[        ] [        ] Artifact Instance of 'IosUsbArtifacts' is not required, skipping update.
[        ] [        ] Artifact Instance of 'IosUsbArtifacts' is not required, skipping update.
[        ] [        ] Artifact Instance of 'IosUsbArtifacts' is not required, skipping update.
[        ] [        ] Artifact Instance of 'IosUsbArtifacts' is not required, skipping update.
[        ] [        ] Artifact Instance of 'IosUsbArtifacts' is not required, skipping update.
[        ] [        ] Artifact Instance of 'IosUsbArtifacts' is not required, skipping update.
[        ] [        ] Artifact Instance of 'FontSubsetArtifacts' is not required, skipping update.
[        ] [        ] Artifact Instance of 'PubDependencies' is not required, skipping update.
[        ] [  +22 ms] Initializing file store
[        ] [  +12 ms] dart_build: Starting due to {}
[        ] [        ] Skipping target: gen_localizations
[        ] [        ] gen_dart_plugin_registrant: Starting due to {InvalidatedReasonKind.outputSetAddition: The following outputs were added to the output set: /Users/florian/Code/substitution/.dart_tool/flutter_build/dart_plugin_registrant.dart, InvalidatedReasonKind.inputChanged: The following inputs have updated contents: /Users/florian/Code/substitution/.dart_tool/package_config.json}
[        ] [  +49 ms] Found plugin integration_test at /opt/homebrew/share/flutter/packages/integration_test/
[        ] [  +19 ms] Found plugin flutter_native_splash at /Users/florian/.pub-cache/hosted/pub.dev/flutter_native_splash-2.4.7/
[        ] [  +14 ms] Building native assets for android_arm64.
[        ] [  +24 ms] Found plugin connectivity_plus at /Users/florian/.pub-cache/hosted/pub.dev/connectivity_plus-5.0.2/
[        ] [   +7 ms] input.json contents:
[        ]            {
[        ]              "assets": {},
[        ]              "config": {
[        ]                "build_asset_types": [
[        ]                  "code_assets/code"
[        ]                ],
[        ]                "extensions": {
[        ]                  "code_assets": {
[        ]                    "android": {
[        ]                      "target_ndk_api": 24
[        ]                    },
[        ]                    "c_compiler": {
[        ]                      "ar": "/Users/florian/Library/Android/sdk/ndk/28.2.13676358/toolchains/llvm/prebuilt/darwin-x86_64/bin/llvm-ar",
[        ]                      "cc": "/Users/florian/Library/Android/sdk/ndk/28.2.13676358/toolchains/llvm/prebuilt/darwin-x86_64/bin/clang",
[        ]                      "ld": "/Users/florian/Library/Android/sdk/ndk/28.2.13676358/toolchains/llvm/prebuilt/darwin-x86_64/bin/ld.lld"
[        ]                    },
[        ]                    "link_mode_preference": "dynamic",
[        ]                    "target_architecture": "arm64",
[        ]                    "target_os": "android"
[        ]                  }
[        ]                },
[        ]                "linking_enabled": false
[        ]              },
[        ]              "out_dir_shared": "/Users/florian/Code/substitution/.dart_tool/hooks_runner/shared/objective_c/build/",
[        ]              "out_file": "/Users/florian/Code/substitution/.dart_tool/hooks_runner/objective_c/842b8c761140c2c0e73191c57a372e73/output.json",
[        ]              "package_name": "objective_c",
[        ]              "package_root": "/Users/florian/.pub-cache/hosted/pub.dev/objective_c-9.2.5/",
[        ]              "user_defines": {}
[        ]            }
[        ] [   +3 ms] output.json contents:
[        ]            {
[        ]              "assets_for_linking": {},
[        ]              "status": "success",
[        ]              "timestamp": "2026-02-16 21:57:23.000"
[        ]            }
[        ] [   +1 ms] Skipping build for objective_c in /Users/florian/Code/substitution/.dart_tool/hooks_runner/objective_c/842b8c761140c2c0e73191c57a372e73/. Last build on 2026-02-16 21:57:23.000.
[        ] [   +2 ms] Building native assets for android_arm64 done.
[        ] [   +1 ms] dart_build: Complete
[        ] [   +2 ms] install_code_assets: Starting due to {}
[        ] [   +1 ms] Writing native assets json to file:///Users/florian/Code/substitution/.dart_tool/flutter_build/b253f595cc41504fc153239d59c452e3/native_assets.json.
[        ] [   +1 ms] Found plugin video_player at /Users/florian/.pub-cache/hosted/pub.dev/video_player-2.10.1/
[        ] [        ] Writing /Users/florian/Code/substitution/.dart_tool/flutter_build/b253f595cc41504fc153239d59c452e3/native_assets.json done.
[        ] [        ] Found plugin video_player_web at /Users/florian/.pub-cache/hosted/pub.dev/video_player_web-2.4.0/
[        ] [        ] install_code_assets: Complete
[        ] [   +2 ms] Found plugin video_player_avfoundation at /Users/florian/.pub-cache/hosted/pub.dev/video_player_avfoundation-2.9.1/
[        ] [        ] Found plugin video_player_android at /Users/florian/.pub-cache/hosted/pub.dev/video_player_android-2.9.1/
[        ] [        ] Found plugin url_launcher at /Users/florian/.pub-cache/hosted/pub.dev/url_launcher-6.3.2/
[        ] [        ] Found plugin url_launcher_windows at /Users/florian/.pub-cache/hosted/pub.dev/url_launcher_windows-3.1.5/
[        ] [   +1 ms] Found plugin url_launcher_web at /Users/florian/.pub-cache/hosted/pub.dev/url_launcher_web-2.4.2/
[        ] [        ] Found plugin url_launcher_macos at /Users/florian/.pub-cache/hosted/pub.dev/url_launcher_macos-3.2.5/
[        ] [        ] Found plugin url_launcher_linux at /Users/florian/.pub-cache/hosted/pub.dev/url_launcher_linux-3.2.2/
[        ] [        ] Found plugin url_launcher_ios at /Users/florian/.pub-cache/hosted/pub.dev/url_launcher_ios-6.3.6/
[        ] [        ] Found plugin url_launcher_android at /Users/florian/.pub-cache/hosted/pub.dev/url_launcher_android-6.3.28/
[        ] [   +3 ms] Found plugin sqflite at /Users/florian/.pub-cache/hosted/pub.dev/sqflite-2.4.2/
[        ] [   +1 ms] Found plugin sqflite_darwin at /Users/florian/.pub-cache/hosted/pub.dev/sqflite_darwin-2.4.2/
[        ] [        ] Found plugin sqflite_android at /Users/florian/.pub-cache/hosted/pub.dev/sqflite_android-2.4.2+2/
[        ] [   +1 ms] Found plugin path_provider at /Users/florian/.pub-cache/hosted/pub.dev/path_provider-2.1.5/
[        ] [        ] Found plugin path_provider_windows at /Users/florian/.pub-cache/hosted/pub.dev/path_provider_windows-2.3.0/
[        ] [   +1 ms] Found plugin path_provider_linux at /Users/florian/.pub-cache/hosted/pub.dev/path_provider_linux-2.2.1/
[        ] [        ] Found plugin path_provider_foundation at /Users/florian/.pub-cache/hosted/pub.dev/path_provider_foundation-2.6.0/
[        ] [   +3 ms] Found plugin path_provider_android at /Users/florian/.pub-cache/hosted/pub.dev/path_provider_android-2.2.22/
[        ] [  +23 ms] Found plugin flutter_keyboard_visibility_temp_fork at /Users/florian/.pub-cache/hosted/pub.dev/flutter_keyboard_visibility_temp_fork-0.1.5/
[        ] [   +1 ms] Found plugin flutter_keyboard_visibility_windows at /Users/florian/.pub-cache/hosted/pub.dev/flutter_keyboard_visibility_windows-1.0.0/
[        ] [   +1 ms] Found plugin flutter_keyboard_visibility_macos at /Users/florian/.pub-cache/hosted/pub.dev/flutter_keyboard_visibility_macos-1.0.0/
[        ] [        ] Found plugin flutter_keyboard_visibility_linux at /Users/florian/.pub-cache/hosted/pub.dev/flutter_keyboard_visibility_linux-1.0.0/
[        ] [  +10 ms] Found plugin quill_native_bridge at /Users/florian/.pub-cache/hosted/pub.dev/quill_native_bridge-11.1.0/
[        ] [   +1 ms] Found plugin quill_native_bridge_windows at /Users/florian/.pub-cache/hosted/pub.dev/quill_native_bridge_windows-0.0.2/
[        ] [  +13 ms] Found plugin file_selector_windows at /Users/florian/.pub-cache/hosted/pub.dev/file_selector_windows-0.9.3+5/
[        ] [   +2 ms] Found plugin quill_native_bridge_web at /Users/florian/.pub-cache/hosted/pub.dev/quill_native_bridge_web-0.0.2/
[        ] [        ] Found plugin quill_native_bridge_macos at /Users/florian/.pub-cache/hosted/pub.dev/quill_native_bridge_macos-0.0.1/
[        ] [   +1 ms] Found plugin quill_native_bridge_ios at /Users/florian/.pub-cache/hosted/pub.dev/quill_native_bridge_ios-0.0.1/
[        ] [   +1 ms] Found plugin quill_native_bridge_android at /Users/florian/.pub-cache/hosted/pub.dev/quill_native_bridge_android-0.0.1+2/
[        ] [   +5 ms] Found plugin flutter_openssl_crypto at /Users/florian/.pub-cache/hosted/pub.dev/flutter_openssl_crypto-0.5.0/
[        ] [        ] Found plugin flutter_olm at /Users/florian/.pub-cache/hosted/pub.dev/flutter_olm-2.0.0/
[        ] [   +3 ms] Found plugin file_selector at /Users/florian/.pub-cache/hosted/pub.dev/file_selector-1.1.0/
[        ] [   +1 ms] Found plugin file_selector_web at /Users/florian/.pub-cache/hosted/pub.dev/file_selector_web-0.9.4+2/
[        ] [   +1 ms] Found plugin file_selector_macos at /Users/florian/.pub-cache/hosted/pub.dev/file_selector_macos-0.9.5/
[        ] [   +1 ms] Found plugin file_selector_linux at /Users/florian/.pub-cache/hosted/pub.dev/file_selector_linux-0.9.4/
[        ] [   +1 ms] Found plugin file_selector_ios at /Users/florian/.pub-cache/hosted/pub.dev/file_selector_ios-0.5.3+5/
[        ] [   +1 ms] Found plugin file_selector_android at /Users/florian/.pub-cache/hosted/pub.dev/file_selector_android-0.5.2+4/
[        ] [   +1 ms] Found plugin emoji_picker_flutter at /Users/florian/.pub-cache/hosted/pub.dev/emoji_picker_flutter-4.4.0/
[        ] [   +1 ms] Found plugin shared_preferences at /Users/florian/.pub-cache/hosted/pub.dev/shared_preferences-2.5.4/
[        ] [   +1 ms] Found plugin shared_preferences_windows at /Users/florian/.pub-cache/hosted/pub.dev/shared_preferences_windows-2.4.1/
[        ] [   +2 ms] Found plugin shared_preferences_web at /Users/florian/.pub-cache/hosted/pub.dev/shared_preferences_web-2.4.3/
[        ] [        ] Found plugin shared_preferences_linux at /Users/florian/.pub-cache/hosted/pub.dev/shared_preferences_linux-2.4.1/
[        ] [   +1 ms] Found plugin shared_preferences_foundation at /Users/florian/.pub-cache/hosted/pub.dev/shared_preferences_foundation-2.5.6/
[        ] [        ] Found plugin shared_preferences_android at /Users/florian/.pub-cache/hosted/pub.dev/shared_preferences_android-2.4.20/
[        ] [  +16 ms] Skipping generating dart_plugin_registrant.dart because it is up-to-date.
[        ] [        ] gen_dart_plugin_registrant: Complete
[        ] [   +2 ms] kernel_snapshot_program: Starting due to {}
[        ] [   +7 ms] /opt/homebrew/share/flutter/bin/cache/dart-sdk/bin/dartaotruntime /opt/homebrew/share/flutter/bin/cache/dart-sdk/bin/snapshots/frontend_server_aot.dart.snapshot --sdk-root /opt/homebrew/share/flutter/bin/cache/artifacts/engine/common/flutter_patched_sdk/ --target=flutter --no-print-incremental-dependencies -DMATRIX_SERVER=http://localhost:8008 -DMATRIX_TEST_USER= -DMATRIX_TEST_PASSWORD= -DFLUTTER_VERSION=3.38.9 -DFLUTTER_CHANNEL=stable -DFLUTTER_GIT_URL=https://github.com/flutter/flutter.git -DFLUTTER_FRAMEWORK_REVISION=67323de285 -DFLUTTER_ENGINE_REVISION=587c18f873 -DFLUTTER_DART_VERSION=3.10.8 -DINTEGRATION_TEST_SHOULD_REPORT_RESULTS_TO_NATIVE=false -DFLUTTER_APP_FLAVOR= -Ddart.vm.profile=false -Ddart.vm.product=false --enable-asserts --track-widget-creation --no-link-platform --packages /Users/florian/Code/substitution/.dart_tool/package_config.json --output-dill /Users/florian/Code/substitution/.dart_tool/flutter_build/b253f595cc41504fc153239d59c452e3/app.dill --depfile /Users/florian/Code/substitution/.dart_tool/flutter_build/b253f595cc41504fc153239d59c452e3/kernel_snapshot_program.d --incremental --initialize-from-dill /Users/florian/Code/substitution/.dart_tool/flutter_build/b253f595cc41504fc153239d59c452e3/app.dill --source file:///Users/florian/Code/substitution/.dart_tool/flutter_build/dart_plugin_registrant.dart --source package:flutter/src/dart_plugin_registrant.dart -Dflutter.dart_plugin_registrant=file:///Users/florian/Code/substitution/.dart_tool/flutter_build/dart_plugin_registrant.dart --verbosity=error file:///var/folders/l_/w8pnbb9d38n57pzg9j98fmy80000gn/T/flutter_tools.wuOse9/flutter_test_listener.P2TmNS/listener.dart
22:40 +17 -48: loading /Users/florian/Code/substitution/integration_test/matrix_integration_test.dart                                                                                                  22:41 +17 -48: loading /Users/florian/Code/substitution/integration_test/matrix_integration_test.dart                                                                                                  22:42 +17 -48: loading /Users/florian/Code/substitution/integration_test/matrix_integration_test.dart                                                                                                  22:43 +17 -48: loading /Users/florian/Code/substitution/integration_test/matrix_integration_test.dart                                                                                                  [+4100 ms] [+5637 ms] kernel_snapshot_program: Complete
22:44 +17 -48: loading /Users/florian/Code/substitution/integration_test/matrix_integration_test.dart                                                                                                  [ +898 ms] [ +895 ms] debug_android_application: Starting due to {}
[ +105 ms] [ +103 ms] Manifest contained wildcard assets. Inserting missing file into build graph to force rerun. for more information see #56466.
[        ] [   +3 ms] shaderc command: [/opt/homebrew/share/flutter/bin/cache/artifacts/engine/darwin-x64/impellerc, --sksl, --runtime-stage-gles, --runtime-stage-gles3, --runtime-stage-vulkan, --iplr, --sl=/Users/florian/Code/substitution/build/app/intermediates/flutter/debug/flutter_assets/shaders/ink_sparkle.frag, --spirv=/Users/florian/Code/substitution/build/app/intermediates/flutter/debug/flutter_assets/shaders/ink_sparkle.frag.spirv, --input=/opt/homebrew/share/flutter/packages/flutter/lib/src/material/shaders/ink_sparkle.frag, --input-type=frag, --include=/opt/homebrew/share/flutter/packages/flutter/lib/src/material/shaders, --include=/opt/homebrew/share/flutter/bin/cache/artifacts/engine/darwin-x64/shader_lib]
[        ] [   +1 ms] shaderc command: [/opt/homebrew/share/flutter/bin/cache/artifacts/engine/darwin-x64/impellerc, --sksl, --runtime-stage-gles, --runtime-stage-gles3, --runtime-stage-vulkan, --iplr, --sl=/Users/florian/Code/substitution/build/app/intermediates/flutter/debug/flutter_assets/shaders/stretch_effect.frag, --spirv=/Users/florian/Code/substitution/build/app/intermediates/flutter/debug/flutter_assets/shaders/stretch_effect.frag.spirv, --input=/opt/homebrew/share/flutter/packages/flutter/lib/src/material/shaders/stretch_effect.frag, --input-type=frag, --include=/opt/homebrew/share/flutter/packages/flutter/lib/src/material/shaders, --include=/opt/homebrew/share/flutter/bin/cache/artifacts/engine/darwin-x64/shader_lib]
22:45 +17 -48: loading /Users/florian/Code/substitution/integration_test/matrix_integration_test.dart                                                                                                  [ +399 ms] [ +344 ms] debug_android_application: Complete
22:46 +17 -48: loading /Users/florian/Code/substitution/integration_test/matrix_integration_test.dart                                                                                                  [ +799 ms] [ +829 ms] Persisting file store
[        ] [   +7 ms] Done persisting file store
[        ] [  +16 ms] build succeeded.
[        ] [   +3 ms] "flutter assemble" took 8.170ms.
[        ] [   +2 ms] executing: sw_vers -productName
[        ] [   +9 ms] Exit code 0 from: sw_vers -productName
[        ] [        ] macOS
[        ] [        ] executing: sw_vers -productVersion
[        ] [   +8 ms] Exit code 0 from: sw_vers -productVersion
[        ] [        ] 26.1
[        ] [        ] executing: sw_vers -buildVersion
[ +100 ms] [   +8 ms] Exit code 0 from: sw_vers -buildVersion
[        ] [        ] 25B78
[        ] [        ] executing: uname -m
[        ] [   +3 ms] Exit code 0 from: uname -m
[        ] [        ] arm64
[        ] [  +23 ms] Running 1 shutdown hook
[        ] [        ] Shutdown hooks complete
[        ] [  +48 ms] exiting with code 0
[ +199 ms] Resolve mutations for :app:packJniLibsflutterBuildDebug (Thread[#46025,Execution worker Thread 20,5,main]) started.
[        ] :app:packJniLibsflutterBuildDebug (Thread[#46025,Execution worker Thread 20,5,main]) started.
[        ] > Task :app:packJniLibsflutterBuildDebug UP-TO-DATE
[        ] Caching disabled for task ':app:packJniLibsflutterBuildDebug' because:
[        ]   Build cache is disabled
[        ]   Not worth caching
[        ] Skipping task ':app:packJniLibsflutterBuildDebug' as it is up-to-date.
[        ] Resolve mutations for :connectivity_plus:preBuild (Thread[#46025,Execution worker Thread 20,5,main]) started.
[        ] :connectivity_plus:preBuild (Thread[#46025,Execution worker Thread 20,5,main]) started.
[        ] > Task :connectivity_plus:preBuild UP-TO-DATE
[        ] Skipping task ':connectivity_plus:preBuild' as it has no actions.
[        ] Resolve mutations for :connectivity_plus:preDebugBuild (Thread[#46025,Execution worker Thread 20,5,main]) started.
[        ] :connectivity_plus:preDebugBuild (Thread[#46025,Execution worker Thread 20,5,main]) started.
[        ] > Task :connectivity_plus:preDebugBuild UP-TO-DATE
[        ] Skipping task ':connectivity_plus:preDebugBuild' as it has no actions.
[        ] Resolve mutations for :connectivity_plus:writeDebugAarMetadata (Thread[#46025,Execution worker Thread 20,5,main]) started.
[        ] :connectivity_plus:writeDebugAarMetadata (Thread[#46025,Execution worker Thread 20,5,main]) started.
[        ] > Task :connectivity_plus:writeDebugAarMetadata UP-TO-DATE
[        ] Caching disabled for task ':connectivity_plus:writeDebugAarMetadata' because:
[        ]   Build cache is disabled
[        ]   Caching has been disabled for the task
[        ] Skipping task ':connectivity_plus:writeDebugAarMetadata' as it is up-to-date.
[        ] work action resolve aar-metadata.properties (project :connectivity_plus) (Thread[#46025,Execution worker Thread 20,5,main]) started.
[        ] Resolve mutations for :emoji_picker_flutter:preBuild (Thread[#46025,Execution worker Thread 20,5,main]) started.
[        ] :emoji_picker_flutter:preBuild (Thread[#46025,Execution worker Thread 20,5,main]) started.
[        ] > Task :emoji_picker_flutter:preBuild UP-TO-DATE
[        ] Skipping task ':emoji_picker_flutter:preBuild' as it has no actions.
[        ] Resolve mutations for :emoji_picker_flutter:preDebugBuild (Thread[#46025,Execution worker Thread 20,5,main]) started.
[        ] :emoji_picker_flutter:preDebugBuild (Thread[#46025,Execution worker Thread 20,5,main]) started.
[        ] > Task :emoji_picker_flutter:preDebugBuild UP-TO-DATE
[        ] Skipping task ':emoji_picker_flutter:preDebugBuild' as it has no actions.
[        ] Resolve mutations for :emoji_picker_flutter:writeDebugAarMetadata (Thread[#46025,Execution worker Thread 20,5,main]) started.
[        ] :emoji_picker_flutter:writeDebugAarMetadata (Thread[#46025,Execution worker Thread 20,5,main]) started.
[        ] > Task :emoji_picker_flutter:writeDebugAarMetadata UP-TO-DATE
[        ] Caching disabled for task ':emoji_picker_flutter:writeDebugAarMetadata' because:
[        ]   Build cache is disabled
[        ]   Caching has been disabled for the task
[        ] Skipping task ':emoji_picker_flutter:writeDebugAarMetadata' as it is up-to-date.
[        ] work action resolve aar-metadata.properties (project :emoji_picker_flutter) (Thread[#46025,Execution worker Thread 20,5,main]) started.
[        ] Resolve mutations for :file_selector_android:preBuild (Thread[#46025,Execution worker Thread 20,5,main]) started.
[        ] :file_selector_android:preBuild (Thread[#46025,Execution worker Thread 20,5,main]) started.
[        ] > Task :file_selector_android:preBuild UP-TO-DATE
[        ] Skipping task ':file_selector_android:preBuild' as it has no actions.
[        ] Resolve mutations for :file_selector_android:preDebugBuild (Thread[#46025,Execution worker Thread 20,5,main]) started.
[        ] :file_selector_android:preDebugBuild (Thread[#46025,Execution worker Thread 20,5,main]) started.
[        ] > Task :file_selector_android:preDebugBuild UP-TO-DATE
[        ] Skipping task ':file_selector_android:preDebugBuild' as it has no actions.
[        ] Resolve mutations for :file_selector_android:writeDebugAarMetadata (Thread[#46025,Execution worker Thread 20,5,main]) started.
[        ] :file_selector_android:writeDebugAarMetadata (Thread[#46025,Execution worker Thread 20,5,main]) started.
[        ] > Task :file_selector_android:writeDebugAarMetadata UP-TO-DATE
[        ] Caching disabled for task ':file_selector_android:writeDebugAarMetadata' because:
[        ]   Build cache is disabled
[        ]   Caching has been disabled for the task
[        ] Skipping task ':file_selector_android:writeDebugAarMetadata' as it is up-to-date.
[        ] work action resolve aar-metadata.properties (project :file_selector_android) (Thread[#46025,Execution worker Thread 20,5,main]) started.
[        ] Resolve mutations for :flutter_keyboard_visibility_temp_fork:preBuild (Thread[#46025,Execution worker Thread 20,5,main]) started.
[        ] :flutter_keyboard_visibility_temp_fork:preBuild (Thread[#46025,Execution worker Thread 20,5,main]) started.
[        ] > Task :flutter_keyboard_visibility_temp_fork:preBuild UP-TO-DATE
[        ] Skipping task ':flutter_keyboard_visibility_temp_fork:preBuild' as it has no actions.
[        ] Resolve mutations for :flutter_keyboard_visibility_temp_fork:preDebugBuild (Thread[#46025,Execution worker Thread 20,5,main]) started.
[        ] :flutter_keyboard_visibility_temp_fork:preDebugBuild (Thread[#46025,Execution worker Thread 20,5,main]) started.
[        ] > Task :flutter_keyboard_visibility_temp_fork:preDebugBuild UP-TO-DATE
[        ] Skipping task ':flutter_keyboard_visibility_temp_fork:preDebugBuild' as it has no actions.
[        ] Resolve mutations for :flutter_keyboard_visibility_temp_fork:writeDebugAarMetadata (Thread[#46025,Execution worker Thread 20,5,main]) started.
[        ] :flutter_keyboard_visibility_temp_fork:writeDebugAarMetadata (Thread[#46025,Execution worker Thread 20,5,main]) started.
[        ] > Task :flutter_keyboard_visibility_temp_fork:writeDebugAarMetadata UP-TO-DATE
[        ] Caching disabled for task ':flutter_keyboard_visibility_temp_fork:writeDebugAarMetadata' because:
[        ]   Build cache is disabled
[        ]   Caching has been disabled for the task
[        ] Skipping task ':flutter_keyboard_visibility_temp_fork:writeDebugAarMetadata' as it is up-to-date.
[        ] work action resolve aar-metadata.properties (project :flutter_keyboard_visibility_temp_fork) (Thread[#46025,Execution worker Thread 20,5,main]) started.
[        ] Resolve mutations for :flutter_native_splash:preBuild (Thread[#46025,Execution worker Thread 20,5,main]) started.
[        ] :flutter_native_splash:preBuild (Thread[#46025,Execution worker Thread 20,5,main]) started.
[        ] > Task :flutter_native_splash:preBuild UP-TO-DATE
[        ] Skipping task ':flutter_native_splash:preBuild' as it has no actions.
[        ] Resolve mutations for :flutter_native_splash:preDebugBuild (Thread[#46025,Execution worker Thread 20,5,main]) started.
[        ] :flutter_native_splash:preDebugBuild (Thread[#46025,Execution worker Thread 20,5,main]) started.
[        ] > Task :flutter_native_splash:preDebugBuild UP-TO-DATE
[        ] Skipping task ':flutter_native_splash:preDebugBuild' as it has no actions.
[        ] Resolve mutations for :flutter_native_splash:writeDebugAarMetadata (Thread[#46025,Execution worker Thread 20,5,main]) started.
[        ] :flutter_native_splash:writeDebugAarMetadata (Thread[#46025,Execution worker Thread 20,5,main]) started.
[        ] > Task :flutter_native_splash:writeDebugAarMetadata UP-TO-DATE
[        ] Caching disabled for task ':flutter_native_splash:writeDebugAarMetadata' because:
[        ]   Build cache is disabled
[        ]   Caching has been disabled for the task
[        ] Skipping task ':flutter_native_splash:writeDebugAarMetadata' as it is up-to-date.
[        ] work action resolve aar-metadata.properties (project :flutter_native_splash) (Thread[#46025,Execution worker Thread 20,5,main]) started.
[        ] Resolve mutations for :flutter_olm:preBuild (Thread[#46025,Execution worker Thread 20,5,main]) started.
[        ] :flutter_olm:preBuild (Thread[#46025,Execution worker Thread 20,5,main]) started.
[        ] > Task :flutter_olm:preBuild UP-TO-DATE
[        ] Skipping task ':flutter_olm:preBuild' as it has no actions.
[        ] Resolve mutations for :flutter_olm:preDebugBuild (Thread[#46025,Execution worker Thread 20,5,main]) started.
[        ] :flutter_olm:preDebugBuild (Thread[#46025,Execution worker Thread 20,5,main]) started.
[        ] > Task :flutter_olm:preDebugBuild UP-TO-DATE
[        ] Skipping task ':flutter_olm:preDebugBuild' as it has no actions.
[        ] Resolve mutations for :flutter_olm:writeDebugAarMetadata (Thread[#46025,Execution worker Thread 20,5,main]) started.
[        ] :flutter_olm:writeDebugAarMetadata (Thread[#46025,Execution worker Thread 20,5,main]) started.
[        ] > Task :flutter_olm:writeDebugAarMetadata UP-TO-DATE
[        ] Caching disabled for task ':flutter_olm:writeDebugAarMetadata' because:
[        ]   Build cache is disabled
[        ]   Caching has been disabled for the task
[        ] Skipping task ':flutter_olm:writeDebugAarMetadata' as it is up-to-date.
[        ] work action resolve aar-metadata.properties (project :flutter_olm) (Thread[#46025,Execution worker Thread 20,5,main]) started.
[        ] Resolve mutations for :flutter_openssl_crypto:preBuild (Thread[#46025,Execution worker Thread 20,5,main]) started.
[        ] :flutter_openssl_crypto:preBuild (Thread[#46025,Execution worker Thread 20,5,main]) started.
[        ] > Task :flutter_openssl_crypto:preBuild UP-TO-DATE
[        ] Skipping task ':flutter_openssl_crypto:preBuild' as it has no actions.
[        ] Resolve mutations for :flutter_openssl_crypto:preDebugBuild (Thread[#46025,Execution worker Thread 20,5,main]) started.
[        ] :flutter_openssl_crypto:preDebugBuild (Thread[#46025,Execution worker Thread 20,5,main]) started.
[        ] > Task :flutter_openssl_crypto:preDebugBuild UP-TO-DATE
[        ] Skipping task ':flutter_openssl_crypto:preDebugBuild' as it has no actions.
[        ] Resolve mutations for :flutter_openssl_crypto:writeDebugAarMetadata (Thread[#46025,Execution worker Thread 20,5,main]) started.
[        ] :flutter_openssl_crypto:writeDebugAarMetadata (Thread[#46025,Execution worker Thread 20,5,main]) started.
[        ] > Task :flutter_openssl_crypto:writeDebugAarMetadata UP-TO-DATE
[        ] Caching disabled for task ':flutter_openssl_crypto:writeDebugAarMetadata' because:
[        ]   Build cache is disabled
[        ]   Caching has been disabled for the task
[        ] Skipping task ':flutter_openssl_crypto:writeDebugAarMetadata' as it is up-to-date.
[        ] work action resolve aar-metadata.properties (project :flutter_openssl_crypto) (Thread[#46025,Execution worker Thread 20,5,main]) started.
[        ] Resolve mutations for :integration_test:preBuild (Thread[#46025,Execution worker Thread 20,5,main]) started.
[        ] :integration_test:preBuild (Thread[#46025,Execution worker Thread 20,5,main]) started.
[        ] > Task :integration_test:preBuild UP-TO-DATE
[        ] Skipping task ':integration_test:preBuild' as it has no actions.
[        ] Resolve mutations for :integration_test:preDebugBuild (Thread[#46025,Execution worker Thread 20,5,main]) started.
[        ] :integration_test:preDebugBuild (Thread[#46025,Execution worker Thread 20,5,main]) started.
[        ] > Task :integration_test:preDebugBuild UP-TO-DATE
[        ] Skipping task ':integration_test:preDebugBuild' as it has no actions.
[        ] Resolve mutations for :integration_test:writeDebugAarMetadata (Thread[#46025,Execution worker Thread 20,5,main]) started.
[        ] :integration_test:writeDebugAarMetadata (Thread[#46009,Execution worker Thread 5,5,main]) started.
[        ] > Task :integration_test:writeDebugAarMetadata UP-TO-DATE
[        ] Caching disabled for task ':integration_test:writeDebugAarMetadata' because:
[        ]   Build cache is disabled
[        ]   Caching has been disabled for the task
[        ] Skipping task ':integration_test:writeDebugAarMetadata' as it is up-to-date.
[        ] work action resolve aar-metadata.properties (project :integration_test) (Thread[#46009,Execution worker Thread 5,5,main]) started.
[        ] Resolve mutations for :path_provider_android:preBuild (Thread[#46026,Execution worker Thread 21,5,main]) started.
[        ] :path_provider_android:preBuild (Thread[#46006,Execution worker Thread 2,5,main]) started.
[        ] > Task :path_provider_android:preBuild UP-TO-DATE
[        ] Skipping task ':path_provider_android:preBuild' as it has no actions.
[        ] Resolve mutations for :path_provider_android:preDebugBuild (Thread[#46006,Execution worker Thread 2,5,main]) started.
[        ] :path_provider_android:preDebugBuild (Thread[#46006,Execution worker Thread 2,5,main]) started.
[        ] > Task :path_provider_android:preDebugBuild UP-TO-DATE
[        ] Skipping task ':path_provider_android:preDebugBuild' as it has no actions.
[        ] Resolve mutations for :path_provider_android:writeDebugAarMetadata (Thread[#46006,Execution worker Thread 2,5,main]) started.
[        ] :path_provider_android:writeDebugAarMetadata (Thread[#46006,Execution worker Thread 2,5,main]) started.
[        ] > Task :path_provider_android:writeDebugAarMetadata UP-TO-DATE
[        ] Caching disabled for task ':path_provider_android:writeDebugAarMetadata' because:
[        ]   Build cache is disabled
[        ]   Caching has been disabled for the task
[        ] Skipping task ':path_provider_android:writeDebugAarMetadata' as it is up-to-date.
[        ] work action resolve aar-metadata.properties (project :path_provider_android) (Thread[#46006,Execution worker Thread 2,5,main]) started.
[        ] Resolve mutations for :quill_native_bridge_android:preBuild (Thread[#46006,Execution worker Thread 2,5,main]) started.
[        ] :quill_native_bridge_android:preBuild (Thread[#46006,Execution worker Thread 2,5,main]) started.
[        ] > Task :quill_native_bridge_android:preBuild UP-TO-DATE
[        ] Skipping task ':quill_native_bridge_android:preBuild' as it has no actions.
[        ] Resolve mutations for :quill_native_bridge_android:preDebugBuild (Thread[#46006,Execution worker Thread 2,5,main]) started.
[        ] :quill_native_bridge_android:preDebugBuild (Thread[#46006,Execution worker Thread 2,5,main]) started.
[        ] > Task :quill_native_bridge_android:preDebugBuild UP-TO-DATE
[        ] Skipping task ':quill_native_bridge_android:preDebugBuild' as it has no actions.
[        ] Resolve mutations for :quill_native_bridge_android:writeDebugAarMetadata (Thread[#46006,Execution worker Thread 2,5,main]) started.
[        ] :quill_native_bridge_android:writeDebugAarMetadata (Thread[#46006,Execution worker Thread 2,5,main]) started.
[        ] > Task :quill_native_bridge_android:writeDebugAarMetadata UP-TO-DATE
[        ] Caching disabled for task ':quill_native_bridge_android:writeDebugAarMetadata' because:
[        ]   Build cache is disabled
[        ]   Caching has been disabled for the task
[        ] Skipping task ':quill_native_bridge_android:writeDebugAarMetadata' as it is up-to-date.
[        ] work action resolve aar-metadata.properties (project :quill_native_bridge_android) (Thread[#46006,Execution worker Thread 2,5,main]) started.
[        ] Resolve mutations for :shared_preferences_android:preBuild (Thread[#46006,Execution worker Thread 2,5,main]) started.
[        ] :shared_preferences_android:preBuild (Thread[#46006,Execution worker Thread 2,5,main]) started.
[        ] > Task :shared_preferences_android:preBuild UP-TO-DATE
[        ] Skipping task ':shared_preferences_android:preBuild' as it has no actions.
[        ] Resolve mutations for :shared_preferences_android:preDebugBuild (Thread[#46006,Execution worker Thread 2,5,main]) started.
[        ] :shared_preferences_android:preDebugBuild (Thread[#46006,Execution worker Thread 2,5,main]) started.
[        ] > Task :shared_preferences_android:preDebugBuild UP-TO-DATE
[        ] Skipping task ':shared_preferences_android:preDebugBuild' as it has no actions.
[        ] Resolve mutations for :shared_preferences_android:writeDebugAarMetadata (Thread[#46006,Execution worker Thread 2,5,main]) started.
[        ] :shared_preferences_android:writeDebugAarMetadata (Thread[#46006,Execution worker Thread 2,5,main]) started.
[        ] > Task :shared_preferences_android:writeDebugAarMetadata UP-TO-DATE
[        ] Caching disabled for task ':shared_preferences_android:writeDebugAarMetadata' because:
[        ]   Build cache is disabled
[        ]   Caching has been disabled for the task
[        ] Skipping task ':shared_preferences_android:writeDebugAarMetadata' as it is up-to-date.
[        ] work action resolve aar-metadata.properties (project :shared_preferences_android) (Thread[#46006,Execution worker Thread 2,5,main]) started.
[        ] Resolve mutations for :sqflite_android:preBuild (Thread[#46006,Execution worker Thread 2,5,main]) started.
[        ] :sqflite_android:preBuild (Thread[#46006,Execution worker Thread 2,5,main]) started.
[        ] > Task :sqflite_android:preBuild UP-TO-DATE
[        ] Skipping task ':sqflite_android:preBuild' as it has no actions.
[        ] Resolve mutations for :sqflite_android:preDebugBuild (Thread[#46006,Execution worker Thread 2,5,main]) started.
[        ] :sqflite_android:preDebugBuild (Thread[#46006,Execution worker Thread 2,5,main]) started.
[        ] > Task :sqflite_android:preDebugBuild UP-TO-DATE
[        ] Skipping task ':sqflite_android:preDebugBuild' as it has no actions.
[        ] Resolve mutations for :sqflite_android:writeDebugAarMetadata (Thread[#46006,Execution worker Thread 2,5,main]) started.
[        ] :sqflite_android:writeDebugAarMetadata (Thread[#46006,Execution worker Thread 2,5,main]) started.
[        ] > Task :sqflite_android:writeDebugAarMetadata UP-TO-DATE
[        ] Caching disabled for task ':sqflite_android:writeDebugAarMetadata' because:
[        ]   Build cache is disabled
[        ]   Caching has been disabled for the task
[        ] Skipping task ':sqflite_android:writeDebugAarMetadata' as it is up-to-date.
[        ] work action resolve aar-metadata.properties (project :sqflite_android) (Thread[#46006,Execution worker Thread 2,5,main]) started.
[        ] Resolve mutations for :url_launcher_android:preBuild (Thread[#46006,Execution worker Thread 2,5,main]) started.
[        ] :url_launcher_android:preBuild (Thread[#46006,Execution worker Thread 2,5,main]) started.
[        ] > Task :url_launcher_android:preBuild UP-TO-DATE
[        ] Skipping task ':url_launcher_android:preBuild' as it has no actions.
[        ] Resolve mutations for :url_launcher_android:preDebugBuild (Thread[#46006,Execution worker Thread 2,5,main]) started.
[        ] :url_launcher_android:preDebugBuild (Thread[#46006,Execution worker Thread 2,5,main]) started.
[        ] > Task :url_launcher_android:preDebugBuild UP-TO-DATE
[        ] Skipping task ':url_launcher_android:preDebugBuild' as it has no actions.
[        ] Resolve mutations for :url_launcher_android:writeDebugAarMetadata (Thread[#46006,Execution worker Thread 2,5,main]) started.
[        ] :url_launcher_android:writeDebugAarMetadata (Thread[#46006,Execution worker Thread 2,5,main]) started.
[        ] > Task :url_launcher_android:writeDebugAarMetadata UP-TO-DATE
[        ] Caching disabled for task ':url_launcher_android:writeDebugAarMetadata' because:
[        ]   Build cache is disabled
[        ]   Caching has been disabled for the task
[        ] Skipping task ':url_launcher_android:writeDebugAarMetadata' as it is up-to-date.
[        ] work action resolve aar-metadata.properties (project :url_launcher_android) (Thread[#46006,Execution worker Thread 2,5,main]) started.
[        ] Resolve mutations for :video_player_android:preBuild (Thread[#46006,Execution worker Thread 2,5,main]) started.
[        ] :video_player_android:preBuild (Thread[#46006,Execution worker Thread 2,5,main]) started.
[        ] > Task :video_player_android:preBuild UP-TO-DATE
[        ] Skipping task ':video_player_android:preBuild' as it has no actions.
[        ] Resolve mutations for :video_player_android:preDebugBuild (Thread[#46006,Execution worker Thread 2,5,main]) started.
[        ] :video_player_android:preDebugBuild (Thread[#46006,Execution worker Thread 2,5,main]) started.
[        ] > Task :video_player_android:preDebugBuild UP-TO-DATE
[        ] Skipping task ':video_player_android:preDebugBuild' as it has no actions.
[        ] Resolve mutations for :video_player_android:writeDebugAarMetadata (Thread[#46006,Execution worker Thread 2,5,main]) started.
[        ] :video_player_android:writeDebugAarMetadata (Thread[#46006,Execution worker Thread 2,5,main]) started.
[        ] > Task :video_player_android:writeDebugAarMetadata UP-TO-DATE
[        ] Caching disabled for task ':video_player_android:writeDebugAarMetadata' because:
[        ]   Build cache is disabled
[        ]   Caching has been disabled for the task
[        ] Skipping task ':video_player_android:writeDebugAarMetadata' as it is up-to-date.
[        ] work action resolve aar-metadata.properties (project :video_player_android) (Thread[#46006,Execution worker Thread 2,5,main]) started.
[        ] Resolve mutations for :app:checkDebugAarMetadata (Thread[#46006,Execution worker Thread 2,5,main]) started.
[        ] :app:checkDebugAarMetadata (Thread[#46006,Execution worker Thread 2,5,main]) started.
[        ] > Task :app:checkDebugAarMetadata UP-TO-DATE
[        ] Caching disabled for task ':app:checkDebugAarMetadata' because:
[        ]   Build cache is disabled
[        ]   Caching has been disabled for the task
[        ] Skipping task ':app:checkDebugAarMetadata' as it is up-to-date.
[        ] Resolve mutations for :app:cleanMergeDebugAssets (Thread[#46006,Execution worker Thread 2,5,main]) started.
[        ] :app:cleanMergeDebugAssets (Thread[#46025,Execution worker Thread 20,5,main]) started.
[        ] > Task :app:cleanMergeDebugAssets
[        ] Caching disabled for task ':app:cleanMergeDebugAssets' because:
[        ]   Build cache is disabled
[        ] Task ':app:cleanMergeDebugAssets' is not up-to-date because:
[        ]   Task has not declared any outputs despite executing actions.
[        ] Resolve mutations for :app:mergeDebugShaders (Thread[#46025,Execution worker Thread 20,5,main]) started.
[        ] :app:mergeDebugShaders (Thread[#46025,Execution worker Thread 20,5,main]) started.
[        ] > Task :app:mergeDebugShaders UP-TO-DATE
[        ] Caching disabled for task ':app:mergeDebugShaders' because:
[        ]   Build cache is disabled
[        ]   Simple merging task
[        ] Skipping task ':app:mergeDebugShaders' as it is up-to-date.
[        ] Resolve mutations for :app:compileDebugShaders (Thread[#46025,Execution worker Thread 20,5,main]) started.
[        ] :app:compileDebugShaders (Thread[#46025,Execution worker Thread 20,5,main]) started.
[        ] > Task :app:compileDebugShaders NO-SOURCE
[        ] Skipping task ':app:compileDebugShaders' as it has no source files and no previous output files.
[        ] Resolve mutations for :app:generateDebugAssets (Thread[#46025,Execution worker Thread 20,5,main]) started.
[        ] :app:generateDebugAssets (Thread[#46025,Execution worker Thread 20,5,main]) started.
[        ] > Task :app:generateDebugAssets UP-TO-DATE
[        ] Skipping task ':app:generateDebugAssets' as it has no actions.
[        ] Resolve mutations for :connectivity_plus:mergeDebugShaders (Thread[#46025,Execution worker Thread 20,5,main]) started.
[        ] :connectivity_plus:mergeDebugShaders (Thread[#46025,Execution worker Thread 20,5,main]) started.
[        ] > Task :connectivity_plus:mergeDebugShaders UP-TO-DATE
[        ] Caching disabled for task ':connectivity_plus:mergeDebugShaders' because:
[        ]   Build cache is disabled
[        ]   Simple merging task
[        ] Skipping task ':connectivity_plus:mergeDebugShaders' as it is up-to-date.
[        ] Resolve mutations for :connectivity_plus:compileDebugShaders (Thread[#46025,Execution worker Thread 20,5,main]) started.
[        ] :connectivity_plus:compileDebugShaders (Thread[#46025,Execution worker Thread 20,5,main]) started.
[        ] > Task :connectivity_plus:compileDebugShaders NO-SOURCE
[        ] Skipping task ':connectivity_plus:compileDebugShaders' as it has no source files and no previous output files.
[        ] Resolve mutations for :connectivity_plus:generateDebugAssets (Thread[#46025,Execution worker Thread 20,5,main]) started.
[        ] :connectivity_plus:generateDebugAssets (Thread[#46025,Execution worker Thread 20,5,main]) started.
[        ] > Task :connectivity_plus:generateDebugAssets UP-TO-DATE
[        ] Skipping task ':connectivity_plus:generateDebugAssets' as it has no actions.
[        ] Resolve mutations for :connectivity_plus:mergeDebugAssets (Thread[#46025,Execution worker Thread 20,5,main]) started.
[        ] :connectivity_plus:mergeDebugAssets (Thread[#46025,Execution worker Thread 20,5,main]) started.
[        ] > Task :connectivity_plus:mergeDebugAssets UP-TO-DATE
[        ] Caching disabled for task ':connectivity_plus:mergeDebugAssets' because:
[        ]   Build cache is disabled
[        ]   Simple merging task
[        ] Skipping task ':connectivity_plus:mergeDebugAssets' as it is up-to-date.
[        ] work action resolve mergeDebugAssets (project :connectivity_plus) (Thread[#46025,Execution worker Thread 20,5,main]) started.
[        ] Resolve mutations for :emoji_picker_flutter:mergeDebugShaders (Thread[#46025,Execution worker Thread 20,5,main]) started.
[        ] :emoji_picker_flutter:mergeDebugShaders (Thread[#46025,Execution worker Thread 20,5,main]) started.
[        ] > Task :emoji_picker_flutter:mergeDebugShaders UP-TO-DATE
[        ] Caching disabled for task ':emoji_picker_flutter:mergeDebugShaders' because:
[        ]   Build cache is disabled
[        ]   Simple merging task
[        ] Skipping task ':emoji_picker_flutter:mergeDebugShaders' as it is up-to-date.
[        ] Resolve mutations for :emoji_picker_flutter:compileDebugShaders (Thread[#46025,Execution worker Thread 20,5,main]) started.
[        ] :emoji_picker_flutter:compileDebugShaders (Thread[#46025,Execution worker Thread 20,5,main]) started.
[        ] > Task :emoji_picker_flutter:compileDebugShaders NO-SOURCE
[        ] Skipping task ':emoji_picker_flutter:compileDebugShaders' as it has no source files and no previous output files.
[        ] Resolve mutations for :emoji_picker_flutter:generateDebugAssets (Thread[#46025,Execution worker Thread 20,5,main]) started.
[        ] :emoji_picker_flutter:generateDebugAssets (Thread[#46025,Execution worker Thread 20,5,main]) started.
[        ] > Task :emoji_picker_flutter:generateDebugAssets UP-TO-DATE
[        ] Skipping task ':emoji_picker_flutter:generateDebugAssets' as it has no actions.
[        ] Resolve mutations for :emoji_picker_flutter:mergeDebugAssets (Thread[#46025,Execution worker Thread 20,5,main]) started.
[        ] :emoji_picker_flutter:mergeDebugAssets (Thread[#46025,Execution worker Thread 20,5,main]) started.
[        ] > Task :emoji_picker_flutter:mergeDebugAssets UP-TO-DATE
[        ] Caching disabled for task ':emoji_picker_flutter:mergeDebugAssets' because:
[        ]   Build cache is disabled
[        ]   Simple merging task
[        ] Skipping task ':emoji_picker_flutter:mergeDebugAssets' as it is up-to-date.
[        ] work action resolve mergeDebugAssets (project :emoji_picker_flutter) (Thread[#46025,Execution worker Thread 20,5,main]) started.
[        ] Resolve mutations for :file_selector_android:mergeDebugShaders (Thread[#46025,Execution worker Thread 20,5,main]) started.
[        ] :file_selector_android:mergeDebugShaders (Thread[#46025,Execution worker Thread 20,5,main]) started.
[        ] > Task :file_selector_android:mergeDebugShaders UP-TO-DATE
[        ] Caching disabled for task ':file_selector_android:mergeDebugShaders' because:
[        ]   Build cache is disabled
[        ]   Simple merging task
[        ] Skipping task ':file_selector_android:mergeDebugShaders' as it is up-to-date.
[        ] Resolve mutations for :file_selector_android:compileDebugShaders (Thread[#46025,Execution worker Thread 20,5,main]) started.
[        ] :file_selector_android:compileDebugShaders (Thread[#46025,Execution worker Thread 20,5,main]) started.
[        ] > Task :file_selector_android:compileDebugShaders NO-SOURCE
[        ] Skipping task ':file_selector_android:compileDebugShaders' as it has no source files and no previous output files.
[        ] Resolve mutations for :file_selector_android:generateDebugAssets (Thread[#46025,Execution worker Thread 20,5,main]) started.
[        ] :file_selector_android:generateDebugAssets (Thread[#46025,Execution worker Thread 20,5,main]) started.
[        ] > Task :file_selector_android:generateDebugAssets UP-TO-DATE
[        ] Skipping task ':file_selector_android:generateDebugAssets' as it has no actions.
[        ] Resolve mutations for :file_selector_android:mergeDebugAssets (Thread[#46025,Execution worker Thread 20,5,main]) started.
[        ] :file_selector_android:mergeDebugAssets (Thread[#46025,Execution worker Thread 20,5,main]) started.
[        ] > Task :file_selector_android:mergeDebugAssets UP-TO-DATE
[        ] Caching disabled for task ':file_selector_android:mergeDebugAssets' because:
[        ]   Build cache is disabled
[        ]   Simple merging task
[        ] Skipping task ':file_selector_android:mergeDebugAssets' as it is up-to-date.
[        ] work action resolve mergeDebugAssets (project :file_selector_android) (Thread[#46025,Execution worker Thread 20,5,main]) started.
[        ] Resolve mutations for :flutter_keyboard_visibility_temp_fork:mergeDebugShaders (Thread[#46025,Execution worker Thread 20,5,main]) started.
[        ] :flutter_keyboard_visibility_temp_fork:mergeDebugShaders (Thread[#46025,Execution worker Thread 20,5,main]) started.
[        ] > Task :flutter_keyboard_visibility_temp_fork:mergeDebugShaders UP-TO-DATE
[        ] Caching disabled for task ':flutter_keyboard_visibility_temp_fork:mergeDebugShaders' because:
[        ]   Build cache is disabled
[        ]   Simple merging task
[        ] Skipping task ':flutter_keyboard_visibility_temp_fork:mergeDebugShaders' as it is up-to-date.
[        ] Resolve mutations for :flutter_keyboard_visibility_temp_fork:compileDebugShaders (Thread[#46025,Execution worker Thread 20,5,main]) started.
[        ] :flutter_keyboard_visibility_temp_fork:compileDebugShaders (Thread[#46025,Execution worker Thread 20,5,main]) started.
[        ] > Task :flutter_keyboard_visibility_temp_fork:compileDebugShaders NO-SOURCE
[        ] Skipping task ':flutter_keyboard_visibility_temp_fork:compileDebugShaders' as it has no source files and no previous output files.
[        ] Resolve mutations for :flutter_keyboard_visibility_temp_fork:generateDebugAssets (Thread[#46025,Execution worker Thread 20,5,main]) started.
[        ] :flutter_keyboard_visibility_temp_fork:generateDebugAssets (Thread[#46025,Execution worker Thread 20,5,main]) started.
[        ] > Task :flutter_keyboard_visibility_temp_fork:generateDebugAssets UP-TO-DATE
[        ] Skipping task ':flutter_keyboard_visibility_temp_fork:generateDebugAssets' as it has no actions.
[        ] Resolve mutations for :flutter_keyboard_visibility_temp_fork:mergeDebugAssets (Thread[#46025,Execution worker Thread 20,5,main]) started.
[        ] :flutter_keyboard_visibility_temp_fork:mergeDebugAssets (Thread[#46025,Execution worker Thread 20,5,main]) started.
[        ] > Task :flutter_keyboard_visibility_temp_fork:mergeDebugAssets UP-TO-DATE
[        ] Caching disabled for task ':flutter_keyboard_visibility_temp_fork:mergeDebugAssets' because:
[        ]   Build cache is disabled
[        ]   Simple merging task
[        ] Skipping task ':flutter_keyboard_visibility_temp_fork:mergeDebugAssets' as it is up-to-date.
[        ] work action resolve mergeDebugAssets (project :flutter_keyboard_visibility_temp_fork) (Thread[#46025,Execution worker Thread 20,5,main]) started.
[        ] Resolve mutations for :flutter_native_splash:mergeDebugShaders (Thread[#46025,Execution worker Thread 20,5,main]) started.
[        ] :flutter_native_splash:mergeDebugShaders (Thread[#46025,Execution worker Thread 20,5,main]) started.
[        ] > Task :flutter_native_splash:mergeDebugShaders UP-TO-DATE
[        ] Caching disabled for task ':flutter_native_splash:mergeDebugShaders' because:
[        ]   Build cache is disabled
[        ]   Simple merging task
[        ] Skipping task ':flutter_native_splash:mergeDebugShaders' as it is up-to-date.
[        ] Resolve mutations for :flutter_native_splash:compileDebugShaders (Thread[#46025,Execution worker Thread 20,5,main]) started.
[        ] :flutter_native_splash:compileDebugShaders (Thread[#46025,Execution worker Thread 20,5,main]) started.
[        ] > Task :flutter_native_splash:compileDebugShaders NO-SOURCE
[        ] Skipping task ':flutter_native_splash:compileDebugShaders' as it has no source files and no previous output files.
[        ] Resolve mutations for :flutter_native_splash:generateDebugAssets (Thread[#46025,Execution worker Thread 20,5,main]) started.
[        ] :flutter_native_splash:generateDebugAssets (Thread[#46025,Execution worker Thread 20,5,main]) started.
[        ] > Task :flutter_native_splash:generateDebugAssets UP-TO-DATE
[        ] Skipping task ':flutter_native_splash:generateDebugAssets' as it has no actions.
[        ] Resolve mutations for :flutter_native_splash:mergeDebugAssets (Thread[#46025,Execution worker Thread 20,5,main]) started.
[        ] :flutter_native_splash:mergeDebugAssets (Thread[#46025,Execution worker Thread 20,5,main]) started.
[        ] > Task :flutter_native_splash:mergeDebugAssets UP-TO-DATE
[        ] Caching disabled for task ':flutter_native_splash:mergeDebugAssets' because:
[        ]   Build cache is disabled
[        ]   Simple merging task
[        ] Skipping task ':flutter_native_splash:mergeDebugAssets' as it is up-to-date.
[        ] work action resolve mergeDebugAssets (project :flutter_native_splash) (Thread[#46025,Execution worker Thread 20,5,main]) started.
[        ] Resolve mutations for :flutter_olm:mergeDebugShaders (Thread[#46025,Execution worker Thread 20,5,main]) started.
[        ] :flutter_olm:mergeDebugShaders (Thread[#46025,Execution worker Thread 20,5,main]) started.
[        ] > Task :flutter_olm:mergeDebugShaders UP-TO-DATE
[        ] Caching disabled for task ':flutter_olm:mergeDebugShaders' because:
[        ]   Build cache is disabled
[        ]   Simple merging task
[        ] Skipping task ':flutter_olm:mergeDebugShaders' as it is up-to-date.
[        ] Resolve mutations for :flutter_olm:compileDebugShaders (Thread[#46025,Execution worker Thread 20,5,main]) started.
[        ] :flutter_olm:compileDebugShaders (Thread[#46025,Execution worker Thread 20,5,main]) started.
[        ] > Task :flutter_olm:compileDebugShaders NO-SOURCE
[        ] Skipping task ':flutter_olm:compileDebugShaders' as it has no source files and no previous output files.
[        ] Resolve mutations for :flutter_olm:generateDebugAssets (Thread[#46025,Execution worker Thread 20,5,main]) started.
[        ] :flutter_olm:generateDebugAssets (Thread[#46025,Execution worker Thread 20,5,main]) started.
[        ] > Task :flutter_olm:generateDebugAssets UP-TO-DATE
[        ] Skipping task ':flutter_olm:generateDebugAssets' as it has no actions.
[        ] Resolve mutations for :flutter_olm:mergeDebugAssets (Thread[#46025,Execution worker Thread 20,5,main]) started.
[        ] :flutter_olm:mergeDebugAssets (Thread[#46025,Execution worker Thread 20,5,main]) started.
[        ] > Task :flutter_olm:mergeDebugAssets UP-TO-DATE
[        ] Caching disabled for task ':flutter_olm:mergeDebugAssets' because:
[        ]   Build cache is disabled
[        ]   Simple merging task
[        ] Skipping task ':flutter_olm:mergeDebugAssets' as it is up-to-date.
[        ] work action resolve mergeDebugAssets (project :flutter_olm) (Thread[#46025,Execution worker Thread 20,5,main]) started.
[        ] Resolve mutations for :flutter_openssl_crypto:mergeDebugShaders (Thread[#46025,Execution worker Thread 20,5,main]) started.
[        ] :flutter_openssl_crypto:mergeDebugShaders (Thread[#46025,Execution worker Thread 20,5,main]) started.
[        ] > Task :flutter_openssl_crypto:mergeDebugShaders UP-TO-DATE
[        ] Caching disabled for task ':flutter_openssl_crypto:mergeDebugShaders' because:
[        ]   Build cache is disabled
[        ]   Simple merging task
[        ] Skipping task ':flutter_openssl_crypto:mergeDebugShaders' as it is up-to-date.
[        ] Resolve mutations for :flutter_openssl_crypto:compileDebugShaders (Thread[#46025,Execution worker Thread 20,5,main]) started.
[        ] :flutter_openssl_crypto:compileDebugShaders (Thread[#46025,Execution worker Thread 20,5,main]) started.
[        ] > Task :flutter_openssl_crypto:compileDebugShaders NO-SOURCE
[        ] Skipping task ':flutter_openssl_crypto:compileDebugShaders' as it has no source files and no previous output files.
[        ] Resolve mutations for :flutter_openssl_crypto:generateDebugAssets (Thread[#46025,Execution worker Thread 20,5,main]) started.
[        ] :flutter_openssl_crypto:generateDebugAssets (Thread[#46025,Execution worker Thread 20,5,main]) started.
[        ] > Task :flutter_openssl_crypto:generateDebugAssets UP-TO-DATE
[        ] Skipping task ':flutter_openssl_crypto:generateDebugAssets' as it has no actions.
[        ] Resolve mutations for :flutter_openssl_crypto:mergeDebugAssets (Thread[#46025,Execution worker Thread 20,5,main]) started.
[        ] :flutter_openssl_crypto:mergeDebugAssets (Thread[#46025,Execution worker Thread 20,5,main]) started.
[        ] > Task :flutter_openssl_crypto:mergeDebugAssets UP-TO-DATE
[        ] Caching disabled for task ':flutter_openssl_crypto:mergeDebugAssets' because:
[        ]   Build cache is disabled
[        ]   Simple merging task
[        ] Skipping task ':flutter_openssl_crypto:mergeDebugAssets' as it is up-to-date.
[        ] work action resolve mergeDebugAssets (project :flutter_openssl_crypto) (Thread[#46025,Execution worker Thread 20,5,main]) started.
[        ] Resolve mutations for :integration_test:mergeDebugShaders (Thread[#46025,Execution worker Thread 20,5,main]) started.
[        ] :integration_test:mergeDebugShaders (Thread[#46025,Execution worker Thread 20,5,main]) started.
[        ] > Task :integration_test:mergeDebugShaders UP-TO-DATE
[        ] Caching disabled for task ':integration_test:mergeDebugShaders' because:
[        ]   Build cache is disabled
[        ]   Simple merging task
[        ] Skipping task ':integration_test:mergeDebugShaders' as it is up-to-date.
[        ] Resolve mutations for :integration_test:compileDebugShaders (Thread[#46025,Execution worker Thread 20,5,main]) started.
[        ] :integration_test:compileDebugShaders (Thread[#46025,Execution worker Thread 20,5,main]) started.
[        ] > Task :integration_test:compileDebugShaders NO-SOURCE
[        ] Skipping task ':integration_test:compileDebugShaders' as it has no source files and no previous output files.
[        ] Resolve mutations for :integration_test:generateDebugAssets (Thread[#46025,Execution worker Thread 20,5,main]) started.
[        ] :integration_test:generateDebugAssets (Thread[#46025,Execution worker Thread 20,5,main]) started.
[        ] > Task :integration_test:generateDebugAssets UP-TO-DATE
[        ] Skipping task ':integration_test:generateDebugAssets' as it has no actions.
[        ] Resolve mutations for :integration_test:mergeDebugAssets (Thread[#46025,Execution worker Thread 20,5,main]) started.
[        ] :integration_test:mergeDebugAssets (Thread[#46025,Execution worker Thread 20,5,main]) started.
[        ] > Task :integration_test:mergeDebugAssets UP-TO-DATE
[        ] Caching disabled for task ':integration_test:mergeDebugAssets' because:
[        ]   Build cache is disabled
[        ]   Simple merging task
[        ] Skipping task ':integration_test:mergeDebugAssets' as it is up-to-date.
[        ] work action resolve mergeDebugAssets (project :integration_test) (Thread[#46025,Execution worker Thread 20,5,main]) started.
[        ] Resolve mutations for :path_provider_android:mergeDebugShaders (Thread[#46025,Execution worker Thread 20,5,main]) started.
[        ] :path_provider_android:mergeDebugShaders (Thread[#46025,Execution worker Thread 20,5,main]) started.
[        ] > Task :path_provider_android:mergeDebugShaders UP-TO-DATE
[        ] Caching disabled for task ':path_provider_android:mergeDebugShaders' because:
[        ]   Build cache is disabled
[        ]   Simple merging task
[        ] Skipping task ':path_provider_android:mergeDebugShaders' as it is up-to-date.
[        ] Resolve mutations for :path_provider_android:compileDebugShaders (Thread[#46025,Execution worker Thread 20,5,main]) started.
[        ] :path_provider_android:compileDebugShaders (Thread[#46025,Execution worker Thread 20,5,main]) started.
[        ] > Task :path_provider_android:compileDebugShaders NO-SOURCE
[        ] Skipping task ':path_provider_android:compileDebugShaders' as it has no source files and no previous output files.
[        ] Resolve mutations for :path_provider_android:generateDebugAssets (Thread[#46025,Execution worker Thread 20,5,main]) started.
[        ] :path_provider_android:generateDebugAssets (Thread[#46025,Execution worker Thread 20,5,main]) started.
[        ] > Task :path_provider_android:generateDebugAssets UP-TO-DATE
[        ] Skipping task ':path_provider_android:generateDebugAssets' as it has no actions.
[        ] Resolve mutations for :path_provider_android:mergeDebugAssets (Thread[#46025,Execution worker Thread 20,5,main]) started.
[        ] :path_provider_android:mergeDebugAssets (Thread[#46025,Execution worker Thread 20,5,main]) started.
[        ] > Task :path_provider_android:mergeDebugAssets UP-TO-DATE
[        ] Caching disabled for task ':path_provider_android:mergeDebugAssets' because:
[        ]   Build cache is disabled
[        ]   Simple merging task
[        ] Skipping task ':path_provider_android:mergeDebugAssets' as it is up-to-date.
[        ] work action resolve mergeDebugAssets (project :path_provider_android) (Thread[#46025,Execution worker Thread 20,5,main]) started.
[        ] Resolve mutations for :quill_native_bridge_android:mergeDebugShaders (Thread[#46025,Execution worker Thread 20,5,main]) started.
[        ] :quill_native_bridge_android:mergeDebugShaders (Thread[#46025,Execution worker Thread 20,5,main]) started.
[        ] > Task :quill_native_bridge_android:mergeDebugShaders UP-TO-DATE
[        ] Caching disabled for task ':quill_native_bridge_android:mergeDebugShaders' because:
[        ]   Build cache is disabled
[        ]   Simple merging task
[        ] Skipping task ':quill_native_bridge_android:mergeDebugShaders' as it is up-to-date.
[        ] Resolve mutations for :quill_native_bridge_android:compileDebugShaders (Thread[#46025,Execution worker Thread 20,5,main]) started.
[        ] :quill_native_bridge_android:compileDebugShaders (Thread[#46025,Execution worker Thread 20,5,main]) started.
[        ] > Task :quill_native_bridge_android:compileDebugShaders NO-SOURCE
[        ] Skipping task ':quill_native_bridge_android:compileDebugShaders' as it has no source files and no previous output files.
[        ] Resolve mutations for :quill_native_bridge_android:generateDebugAssets (Thread[#46025,Execution worker Thread 20,5,main]) started.
[        ] :quill_native_bridge_android:generateDebugAssets (Thread[#46025,Execution worker Thread 20,5,main]) started.
[        ] > Task :quill_native_bridge_android:generateDebugAssets UP-TO-DATE
[        ] Skipping task ':quill_native_bridge_android:generateDebugAssets' as it has no actions.
[        ] Resolve mutations for :quill_native_bridge_android:mergeDebugAssets (Thread[#46025,Execution worker Thread 20,5,main]) started.
[        ] :quill_native_bridge_android:mergeDebugAssets (Thread[#46025,Execution worker Thread 20,5,main]) started.
[        ] > Task :quill_native_bridge_android:mergeDebugAssets UP-TO-DATE
[        ] Caching disabled for task ':quill_native_bridge_android:mergeDebugAssets' because:
[        ]   Build cache is disabled
[        ]   Simple merging task
[        ] Skipping task ':quill_native_bridge_android:mergeDebugAssets' as it is up-to-date.
[        ] work action resolve mergeDebugAssets (project :quill_native_bridge_android) (Thread[#46025,Execution worker Thread 20,5,main]) started.
[        ] Resolve mutations for :shared_preferences_android:mergeDebugShaders (Thread[#46025,Execution worker Thread 20,5,main]) started.
[        ] :shared_preferences_android:mergeDebugShaders (Thread[#46025,Execution worker Thread 20,5,main]) started.
[        ] > Task :shared_preferences_android:mergeDebugShaders UP-TO-DATE
[        ] Caching disabled for task ':shared_preferences_android:mergeDebugShaders' because:
[        ]   Build cache is disabled
[        ]   Simple merging task
[        ] Skipping task ':shared_preferences_android:mergeDebugShaders' as it is up-to-date.
[        ] Resolve mutations for :shared_preferences_android:compileDebugShaders (Thread[#46009,Execution worker Thread 5,5,main]) started.
[        ] :shared_preferences_android:compileDebugShaders (Thread[#46009,Execution worker Thread 5,5,main]) started.
[        ] > Task :shared_preferences_android:compileDebugShaders NO-SOURCE
[        ] Skipping task ':shared_preferences_android:compileDebugShaders' as it has no source files and no previous output files.
[        ] Resolve mutations for :shared_preferences_android:generateDebugAssets (Thread[#46009,Execution worker Thread 5,5,main]) started.
[        ] :shared_preferences_android:generateDebugAssets (Thread[#46009,Execution worker Thread 5,5,main]) started.
[        ] > Task :shared_preferences_android:generateDebugAssets UP-TO-DATE
[        ] Skipping task ':shared_preferences_android:generateDebugAssets' as it has no actions.
[        ] Resolve mutations for :shared_preferences_android:mergeDebugAssets (Thread[#46009,Execution worker Thread 5,5,main]) started.
[        ] :shared_preferences_android:mergeDebugAssets (Thread[#46009,Execution worker Thread 5,5,main]) started.
[        ] > Task :shared_preferences_android:mergeDebugAssets UP-TO-DATE
[        ] Caching disabled for task ':shared_preferences_android:mergeDebugAssets' because:
[        ]   Build cache is disabled
[        ]   Simple merging task
[        ] Skipping task ':shared_preferences_android:mergeDebugAssets' as it is up-to-date.
[        ] work action resolve mergeDebugAssets (project :shared_preferences_android) (Thread[#46009,Execution worker Thread 5,5,main]) started.
[        ] Resolve mutations for :sqflite_android:mergeDebugShaders (Thread[#46009,Execution worker Thread 5,5,main]) started.
[        ] :sqflite_android:mergeDebugShaders (Thread[#46009,Execution worker Thread 5,5,main]) started.
[        ] > Task :sqflite_android:mergeDebugShaders UP-TO-DATE
[        ] Caching disabled for task ':sqflite_android:mergeDebugShaders' because:
[        ]   Build cache is disabled
[        ]   Simple merging task
[        ] Skipping task ':sqflite_android:mergeDebugShaders' as it is up-to-date.
[        ] Resolve mutations for :sqflite_android:compileDebugShaders (Thread[#46009,Execution worker Thread 5,5,main]) started.
[        ] :sqflite_android:compileDebugShaders (Thread[#46009,Execution worker Thread 5,5,main]) started.
[        ] > Task :sqflite_android:compileDebugShaders NO-SOURCE
[        ] Skipping task ':sqflite_android:compileDebugShaders' as it has no source files and no previous output files.
[        ] Resolve mutations for :sqflite_android:generateDebugAssets (Thread[#46009,Execution worker Thread 5,5,main]) started.
[        ] :sqflite_android:generateDebugAssets (Thread[#46009,Execution worker Thread 5,5,main]) started.
[        ] > Task :sqflite_android:generateDebugAssets UP-TO-DATE
[        ] Skipping task ':sqflite_android:generateDebugAssets' as it has no actions.
[        ] Resolve mutations for :sqflite_android:mergeDebugAssets (Thread[#46009,Execution worker Thread 5,5,main]) started.
[        ] :sqflite_android:mergeDebugAssets (Thread[#46009,Execution worker Thread 5,5,main]) started.
[        ] > Task :sqflite_android:mergeDebugAssets UP-TO-DATE
[        ] Caching disabled for task ':sqflite_android:mergeDebugAssets' because:
[        ]   Build cache is disabled
[        ]   Simple merging task
[        ] Skipping task ':sqflite_android:mergeDebugAssets' as it is up-to-date.
[        ] work action resolve mergeDebugAssets (project :sqflite_android) (Thread[#46009,Execution worker Thread 5,5,main]) started.
[        ] Resolve mutations for :url_launcher_android:mergeDebugShaders (Thread[#46009,Execution worker Thread 5,5,main]) started.
[        ] :url_launcher_android:mergeDebugShaders (Thread[#46009,Execution worker Thread 5,5,main]) started.
[        ] > Task :url_launcher_android:mergeDebugShaders UP-TO-DATE
[        ] Caching disabled for task ':url_launcher_android:mergeDebugShaders' because:
[        ]   Build cache is disabled
[        ]   Simple merging task
[        ] Skipping task ':url_launcher_android:mergeDebugShaders' as it is up-to-date.
[        ] Resolve mutations for :url_launcher_android:compileDebugShaders (Thread[#46009,Execution worker Thread 5,5,main]) started.
[        ] :url_launcher_android:compileDebugShaders (Thread[#46009,Execution worker Thread 5,5,main]) started.
[        ] > Task :url_launcher_android:compileDebugShaders NO-SOURCE
[        ] Skipping task ':url_launcher_android:compileDebugShaders' as it has no source files and no previous output files.
[        ] Resolve mutations for :url_launcher_android:generateDebugAssets (Thread[#46009,Execution worker Thread 5,5,main]) started.
[        ] :url_launcher_android:generateDebugAssets (Thread[#46009,Execution worker Thread 5,5,main]) started.
[        ] > Task :url_launcher_android:generateDebugAssets UP-TO-DATE
[        ] Skipping task ':url_launcher_android:generateDebugAssets' as it has no actions.
[        ] Resolve mutations for :url_launcher_android:mergeDebugAssets (Thread[#46009,Execution worker Thread 5,5,main]) started.
[        ] :url_launcher_android:mergeDebugAssets (Thread[#46009,Execution worker Thread 5,5,main]) started.
[        ] > Task :url_launcher_android:mergeDebugAssets UP-TO-DATE
[        ] Caching disabled for task ':url_launcher_android:mergeDebugAssets' because:
[        ]   Build cache is disabled
[        ]   Simple merging task
[        ] Skipping task ':url_launcher_android:mergeDebugAssets' as it is up-to-date.
[        ] work action resolve mergeDebugAssets (project :url_launcher_android) (Thread[#46009,Execution worker Thread 5,5,main]) started.
[        ] Resolve mutations for :video_player_android:mergeDebugShaders (Thread[#46009,Execution worker Thread 5,5,main]) started.
[        ] :video_player_android:mergeDebugShaders (Thread[#46009,Execution worker Thread 5,5,main]) started.
[        ] > Task :video_player_android:mergeDebugShaders UP-TO-DATE
[        ] Caching disabled for task ':video_player_android:mergeDebugShaders' because:
[        ]   Build cache is disabled
[        ]   Simple merging task
[        ] Skipping task ':video_player_android:mergeDebugShaders' as it is up-to-date.
[        ] Resolve mutations for :video_player_android:compileDebugShaders (Thread[#46009,Execution worker Thread 5,5,main]) started.
[        ] :video_player_android:compileDebugShaders (Thread[#46009,Execution worker Thread 5,5,main]) started.
[        ] > Task :video_player_android:compileDebugShaders NO-SOURCE
[        ] Skipping task ':video_player_android:compileDebugShaders' as it has no source files and no previous output files.
[        ] Resolve mutations for :video_player_android:generateDebugAssets (Thread[#46009,Execution worker Thread 5,5,main]) started.
[        ] :video_player_android:generateDebugAssets (Thread[#46009,Execution worker Thread 5,5,main]) started.
[        ] > Task :video_player_android:generateDebugAssets UP-TO-DATE
[        ] Skipping task ':video_player_android:generateDebugAssets' as it has no actions.
[        ] Resolve mutations for :video_player_android:mergeDebugAssets (Thread[#46009,Execution worker Thread 5,5,main]) started.
[        ] :video_player_android:mergeDebugAssets (Thread[#46009,Execution worker Thread 5,5,main]) started.
[        ] > Task :video_player_android:mergeDebugAssets UP-TO-DATE
[        ] Caching disabled for task ':video_player_android:mergeDebugAssets' because:
[        ]   Build cache is disabled
[        ]   Simple merging task
[        ] Skipping task ':video_player_android:mergeDebugAssets' as it is up-to-date.
[        ] work action resolve mergeDebugAssets (project :video_player_android) (Thread[#46009,Execution worker Thread 5,5,main]) started.
[        ] Resolve mutations for :app:mergeDebugAssets (Thread[#46009,Execution worker Thread 5,5,main]) started.
[        ] :app:mergeDebugAssets (Thread[#46009,Execution worker Thread 5,5,main]) started.
[        ] > Task :app:mergeDebugAssets
[        ] Caching disabled for task ':app:mergeDebugAssets' because:
[        ]   Build cache is disabled
[        ]   Simple merging task
[        ] Task ':app:mergeDebugAssets' is not up-to-date because:
[        ]   Output property 'outputDir' file /Users/florian/Code/substitution/build/app/intermediates/assets/debug/mergeDebugAssets has been removed.
[        ] The input changes require a full rebuild for incremental task ':app:mergeDebugAssets'.
[        ] Resolve mutations for :app:copyFlutterAssetsDebug (Thread[#46009,Execution worker Thread 5,5,main]) started.
[        ] :app:copyFlutterAssetsDebug (Thread[#46009,Execution worker Thread 5,5,main]) started.
[ +184 ms] > Task :app:copyFlutterAssetsDebug
[        ] Caching disabled for task ':app:copyFlutterAssetsDebug' because:
[        ]   Build cache is disabled
[        ]   Not worth caching
[        ] Task ':app:copyFlutterAssetsDebug' is not up-to-date because:
[        ]   Output property 'destinationDir' file /Users/florian/Code/substitution/build/app/intermediates/assets/debug/mergeDebugAssets/flutter_assets has been removed.
[        ]   Output property 'destinationDir' file /Users/florian/Code/substitution/build/app/intermediates/assets/debug/mergeDebugAssets/flutter_assets/AssetManifest.bin has been removed.
[        ]   Output property 'destinationDir' file /Users/florian/Code/substitution/build/app/intermediates/assets/debug/mergeDebugAssets/flutter_assets/FontManifest.json has been removed.
[        ]   and more...
[        ] Resolve mutations for :app:generateDebugResValues (Thread[#46009,Execution worker Thread 5,5,main]) started.
[        ] :app:generateDebugResValues (Thread[#46009,Execution worker Thread 5,5,main]) started.
[        ] > Task :app:generateDebugResValues UP-TO-DATE
[        ] Caching disabled for task ':app:generateDebugResValues' because:
[        ]   Build cache is disabled
[        ] Skipping task ':app:generateDebugResValues' as it is up-to-date.
[        ] Resolve mutations for :connectivity_plus:generateDebugResValues (Thread[#46009,Execution worker Thread 5,5,main]) started.
[        ] :connectivity_plus:generateDebugResValues (Thread[#46009,Execution worker Thread 5,5,main]) started.
[        ] > Task :connectivity_plus:generateDebugResValues UP-TO-DATE
[        ] Caching disabled for task ':connectivity_plus:generateDebugResValues' because:
[        ]   Build cache is disabled
[        ] Skipping task ':connectivity_plus:generateDebugResValues' as it is up-to-date.
[        ] Resolve mutations for :connectivity_plus:generateDebugResources (Thread[#46009,Execution worker Thread 5,5,main]) started.
[        ] :connectivity_plus:generateDebugResources (Thread[#46009,Execution worker Thread 5,5,main]) started.
[        ] > Task :connectivity_plus:generateDebugResources UP-TO-DATE
[        ] Caching disabled for task ':connectivity_plus:generateDebugResources' because:
[        ]   Build cache is disabled
[        ] Skipping task ':connectivity_plus:generateDebugResources' as it is up-to-date.
[        ] Resolve mutations for :connectivity_plus:packageDebugResources (Thread[#46009,Execution worker Thread 5,5,main]) started.
[        ] :connectivity_plus:packageDebugResources (Thread[#46009,Execution worker Thread 5,5,main]) started.
[        ] > Task :connectivity_plus:packageDebugResources UP-TO-DATE
[        ] Caching disabled for task ':connectivity_plus:packageDebugResources' because:
[        ]   Build cache is disabled
[        ] Skipping task ':connectivity_plus:packageDebugResources' as it is up-to-date.
[        ] work action resolve packageDebugResources (project :connectivity_plus) (Thread[#46009,Execution worker Thread 5,5,main]) started.
[        ] Resolve mutations for :emoji_picker_flutter:generateDebugResValues (Thread[#46009,Execution worker Thread 5,5,main]) started.
[        ] :emoji_picker_flutter:generateDebugResValues (Thread[#46009,Execution worker Thread 5,5,main]) started.
[        ] > Task :emoji_picker_flutter:generateDebugResValues UP-TO-DATE
[        ] Caching disabled for task ':emoji_picker_flutter:generateDebugResValues' because:
[        ]   Build cache is disabled
[        ] Skipping task ':emoji_picker_flutter:generateDebugResValues' as it is up-to-date.
[        ] Resolve mutations for :emoji_picker_flutter:generateDebugResources (Thread[#46009,Execution worker Thread 5,5,main]) started.
[        ] :emoji_picker_flutter:generateDebugResources (Thread[#46009,Execution worker Thread 5,5,main]) started.
[        ] > Task :emoji_picker_flutter:generateDebugResources UP-TO-DATE
[        ] Caching disabled for task ':emoji_picker_flutter:generateDebugResources' because:
[        ]   Build cache is disabled
[        ] Skipping task ':emoji_picker_flutter:generateDebugResources' as it is up-to-date.
[        ] Resolve mutations for :emoji_picker_flutter:packageDebugResources (Thread[#46009,Execution worker Thread 5,5,main]) started.
[        ] :emoji_picker_flutter:packageDebugResources (Thread[#46009,Execution worker Thread 5,5,main]) started.
[        ] > Task :emoji_picker_flutter:packageDebugResources UP-TO-DATE
[        ] Caching disabled for task ':emoji_picker_flutter:packageDebugResources' because:
[        ]   Build cache is disabled
[        ] Skipping task ':emoji_picker_flutter:packageDebugResources' as it is up-to-date.
[        ] work action resolve packageDebugResources (project :emoji_picker_flutter) (Thread[#46009,Execution worker Thread 5,5,main]) started.
[        ] Resolve mutations for :file_selector_android:generateDebugResValues (Thread[#46009,Execution worker Thread 5,5,main]) started.
[        ] :file_selector_android:generateDebugResValues (Thread[#46036,Execution worker Thread 31,5,main]) started.
[        ] > Task :file_selector_android:generateDebugResValues UP-TO-DATE
[        ] Caching disabled for task ':file_selector_android:generateDebugResValues' because:
[        ]   Build cache is disabled
[        ] Skipping task ':file_selector_android:generateDebugResValues' as it is up-to-date.
[        ] Resolve mutations for :file_selector_android:generateDebugResources (Thread[#46036,Execution worker Thread 31,5,main]) started.
[        ] :file_selector_android:generateDebugResources (Thread[#46036,Execution worker Thread 31,5,main]) started.
[        ] > Task :file_selector_android:generateDebugResources UP-TO-DATE
[        ] Caching disabled for task ':file_selector_android:generateDebugResources' because:
[        ]   Build cache is disabled
[        ] Skipping task ':file_selector_android:generateDebugResources' as it is up-to-date.
[        ] Resolve mutations for :file_selector_android:packageDebugResources (Thread[#46036,Execution worker Thread 31,5,main]) started.
[        ] :file_selector_android:packageDebugResources (Thread[#46036,Execution worker Thread 31,5,main]) started.
[        ] > Task :file_selector_android:packageDebugResources UP-TO-DATE
[        ] Caching disabled for task ':file_selector_android:packageDebugResources' because:
[        ]   Build cache is disabled
[        ] Skipping task ':file_selector_android:packageDebugResources' as it is up-to-date.
[        ] work action resolve packageDebugResources (project :file_selector_android) (Thread[#46036,Execution worker Thread 31,5,main]) started.
[        ] Resolve mutations for :flutter_keyboard_visibility_temp_fork:generateDebugResValues (Thread[#46036,Execution worker Thread 31,5,main]) started.
[        ] :flutter_keyboard_visibility_temp_fork:generateDebugResValues (Thread[#46014,Execution worker Thread 9,5,main]) started.
[        ] > Task :flutter_keyboard_visibility_temp_fork:generateDebugResValues UP-TO-DATE
[        ] Caching disabled for task ':flutter_keyboard_visibility_temp_fork:generateDebugResValues' because:
[        ]   Build cache is disabled
[        ] Skipping task ':flutter_keyboard_visibility_temp_fork:generateDebugResValues' as it is up-to-date.
[        ] Resolve mutations for :flutter_keyboard_visibility_temp_fork:generateDebugResources (Thread[#46014,Execution worker Thread 9,5,main]) started.
[        ] :flutter_keyboard_visibility_temp_fork:generateDebugResources (Thread[#46014,Execution worker Thread 9,5,main]) started.
[        ] > Task :flutter_keyboard_visibility_temp_fork:generateDebugResources UP-TO-DATE
[        ] Caching disabled for task ':flutter_keyboard_visibility_temp_fork:generateDebugResources' because:
[        ]   Build cache is disabled
[        ] Skipping task ':flutter_keyboard_visibility_temp_fork:generateDebugResources' as it is up-to-date.
[        ] Resolve mutations for :flutter_keyboard_visibility_temp_fork:packageDebugResources (Thread[#46014,Execution worker Thread 9,5,main]) started.
[        ] :flutter_keyboard_visibility_temp_fork:packageDebugResources (Thread[#46014,Execution worker Thread 9,5,main]) started.
[        ] > Task :flutter_keyboard_visibility_temp_fork:packageDebugResources UP-TO-DATE
[        ] Caching disabled for task ':flutter_keyboard_visibility_temp_fork:packageDebugResources' because:
[        ]   Build cache is disabled
[        ] Skipping task ':flutter_keyboard_visibility_temp_fork:packageDebugResources' as it is up-to-date.
[        ] work action resolve packageDebugResources (project :flutter_keyboard_visibility_temp_fork) (Thread[#46014,Execution worker Thread 9,5,main]) started.
[        ] Resolve mutations for :flutter_native_splash:generateDebugResValues (Thread[#46014,Execution worker Thread 9,5,main]) started.
[        ] :flutter_native_splash:generateDebugResValues (Thread[#46014,Execution worker Thread 9,5,main]) started.
[        ] > Task :flutter_native_splash:generateDebugResValues UP-TO-DATE
[        ] Caching disabled for task ':flutter_native_splash:generateDebugResValues' because:
[        ]   Build cache is disabled
[        ] Skipping task ':flutter_native_splash:generateDebugResValues' as it is up-to-date.
[        ] Resolve mutations for :flutter_native_splash:generateDebugResources (Thread[#46014,Execution worker Thread 9,5,main]) started.
[        ] :flutter_native_splash:generateDebugResources (Thread[#46014,Execution worker Thread 9,5,main]) started.
[        ] > Task :flutter_native_splash:generateDebugResources UP-TO-DATE
[        ] Caching disabled for task ':flutter_native_splash:generateDebugResources' because:
[        ]   Build cache is disabled
[        ] Skipping task ':flutter_native_splash:generateDebugResources' as it is up-to-date.
[        ] Resolve mutations for :flutter_native_splash:packageDebugResources (Thread[#46014,Execution worker Thread 9,5,main]) started.
[        ] :flutter_native_splash:packageDebugResources (Thread[#46014,Execution worker Thread 9,5,main]) started.
[        ] > Task :flutter_native_splash:packageDebugResources UP-TO-DATE
[        ] Caching disabled for task ':flutter_native_splash:packageDebugResources' because:
[        ]   Build cache is disabled
[        ] Skipping task ':flutter_native_splash:packageDebugResources' as it is up-to-date.
[        ] work action resolve packageDebugResources (project :flutter_native_splash) (Thread[#46014,Execution worker Thread 9,5,main]) started.
[        ] Resolve mutations for :flutter_olm:generateDebugResValues (Thread[#46014,Execution worker Thread 9,5,main]) started.
[        ] :flutter_olm:generateDebugResValues (Thread[#46014,Execution worker Thread 9,5,main]) started.
[        ] > Task :flutter_olm:generateDebugResValues UP-TO-DATE
[        ] Caching disabled for task ':flutter_olm:generateDebugResValues' because:
[        ]   Build cache is disabled
[        ] Skipping task ':flutter_olm:generateDebugResValues' as it is up-to-date.
[        ] Resolve mutations for :flutter_olm:generateDebugResources (Thread[#46014,Execution worker Thread 9,5,main]) started.
[        ] :flutter_olm:generateDebugResources (Thread[#46014,Execution worker Thread 9,5,main]) started.
[        ] > Task :flutter_olm:generateDebugResources UP-TO-DATE
[        ] Caching disabled for task ':flutter_olm:generateDebugResources' because:
[        ]   Build cache is disabled
[        ] Skipping task ':flutter_olm:generateDebugResources' as it is up-to-date.
[        ] Resolve mutations for :flutter_olm:packageDebugResources (Thread[#46014,Execution worker Thread 9,5,main]) started.
[        ] :flutter_olm:packageDebugResources (Thread[#46014,Execution worker Thread 9,5,main]) started.
[        ] > Task :flutter_olm:packageDebugResources UP-TO-DATE
[        ] Caching disabled for task ':flutter_olm:packageDebugResources' because:
[        ]   Build cache is disabled
[        ] Skipping task ':flutter_olm:packageDebugResources' as it is up-to-date.
[        ] work action resolve packageDebugResources (project :flutter_olm) (Thread[#46014,Execution worker Thread 9,5,main]) started.
[        ] Resolve mutations for :flutter_openssl_crypto:generateDebugResValues (Thread[#46014,Execution worker Thread 9,5,main]) started.
[        ] :flutter_openssl_crypto:generateDebugResValues (Thread[#46014,Execution worker Thread 9,5,main]) started.
[        ] > Task :flutter_openssl_crypto:generateDebugResValues UP-TO-DATE
[        ] Caching disabled for task ':flutter_openssl_crypto:generateDebugResValues' because:
[        ]   Build cache is disabled
[        ] Skipping task ':flutter_openssl_crypto:generateDebugResValues' as it is up-to-date.
[        ] Resolve mutations for :flutter_openssl_crypto:generateDebugResources (Thread[#46014,Execution worker Thread 9,5,main]) started.
[        ] :flutter_openssl_crypto:generateDebugResources (Thread[#46014,Execution worker Thread 9,5,main]) started.
[        ] > Task :flutter_openssl_crypto:generateDebugResources UP-TO-DATE
[        ] Caching disabled for task ':flutter_openssl_crypto:generateDebugResources' because:
[        ]   Build cache is disabled
[        ] Skipping task ':flutter_openssl_crypto:generateDebugResources' as it is up-to-date.
[        ] Resolve mutations for :flutter_openssl_crypto:packageDebugResources (Thread[#46014,Execution worker Thread 9,5,main]) started.
[        ] :flutter_openssl_crypto:packageDebugResources (Thread[#46014,Execution worker Thread 9,5,main]) started.
[        ] > Task :flutter_openssl_crypto:packageDebugResources UP-TO-DATE
[        ] Caching disabled for task ':flutter_openssl_crypto:packageDebugResources' because:
[        ]   Build cache is disabled
[        ] Skipping task ':flutter_openssl_crypto:packageDebugResources' as it is up-to-date.
[        ] work action resolve packageDebugResources (project :flutter_openssl_crypto) (Thread[#46014,Execution worker Thread 9,5,main]) started.
[        ] Resolve mutations for :integration_test:generateDebugResValues (Thread[#46014,Execution worker Thread 9,5,main]) started.
[        ] :integration_test:generateDebugResValues (Thread[#46014,Execution worker Thread 9,5,main]) started.
[        ] > Task :integration_test:generateDebugResValues UP-TO-DATE
[        ] Caching disabled for task ':integration_test:generateDebugResValues' because:
[        ]   Build cache is disabled
[        ] Skipping task ':integration_test:generateDebugResValues' as it is up-to-date.
[        ] Resolve mutations for :integration_test:generateDebugResources (Thread[#46014,Execution worker Thread 9,5,main]) started.
[        ] :integration_test:generateDebugResources (Thread[#46014,Execution worker Thread 9,5,main]) started.
[        ] > Task :integration_test:generateDebugResources UP-TO-DATE
[        ] Caching disabled for task ':integration_test:generateDebugResources' because:
[        ]   Build cache is disabled
[        ] Skipping task ':integration_test:generateDebugResources' as it is up-to-date.
[        ] Resolve mutations for :integration_test:packageDebugResources (Thread[#46014,Execution worker Thread 9,5,main]) started.
[        ] :integration_test:packageDebugResources (Thread[#46014,Execution worker Thread 9,5,main]) started.
[        ] > Task :integration_test:packageDebugResources UP-TO-DATE
[        ] Caching disabled for task ':integration_test:packageDebugResources' because:
[        ]   Build cache is disabled
[        ] Skipping task ':integration_test:packageDebugResources' as it is up-to-date.
[        ] work action resolve packageDebugResources (project :integration_test) (Thread[#46014,Execution worker Thread 9,5,main]) started.
[        ] Resolve mutations for :path_provider_android:generateDebugResValues (Thread[#46014,Execution worker Thread 9,5,main]) started.
[        ] :path_provider_android:generateDebugResValues (Thread[#46014,Execution worker Thread 9,5,main]) started.
[        ] > Task :path_provider_android:generateDebugResValues UP-TO-DATE
[        ] Caching disabled for task ':path_provider_android:generateDebugResValues' because:
[        ]   Build cache is disabled
[        ] Skipping task ':path_provider_android:generateDebugResValues' as it is up-to-date.
[        ] Resolve mutations for :path_provider_android:generateDebugResources (Thread[#46014,Execution worker Thread 9,5,main]) started.
[        ] :path_provider_android:generateDebugResources (Thread[#46014,Execution worker Thread 9,5,main]) started.
[        ] > Task :path_provider_android:generateDebugResources UP-TO-DATE
[        ] Caching disabled for task ':path_provider_android:generateDebugResources' because:
[        ]   Build cache is disabled
[        ] Skipping task ':path_provider_android:generateDebugResources' as it is up-to-date.
[        ] Resolve mutations for :path_provider_android:packageDebugResources (Thread[#46014,Execution worker Thread 9,5,main]) started.
[        ] :path_provider_android:packageDebugResources (Thread[#46014,Execution worker Thread 9,5,main]) started.
[        ] > Task :path_provider_android:packageDebugResources UP-TO-DATE
[        ] Caching disabled for task ':path_provider_android:packageDebugResources' because:
[        ]   Build cache is disabled
[        ] Skipping task ':path_provider_android:packageDebugResources' as it is up-to-date.
[        ] work action resolve packageDebugResources (project :path_provider_android) (Thread[#46014,Execution worker Thread 9,5,main]) started.
[        ] Resolve mutations for :quill_native_bridge_android:generateDebugResValues (Thread[#46014,Execution worker Thread 9,5,main]) started.
[        ] :quill_native_bridge_android:generateDebugResValues (Thread[#46014,Execution worker Thread 9,5,main]) started.
[        ] > Task :quill_native_bridge_android:generateDebugResValues UP-TO-DATE
[        ] Caching disabled for task ':quill_native_bridge_android:generateDebugResValues' because:
[        ]   Build cache is disabled
[        ] Skipping task ':quill_native_bridge_android:generateDebugResValues' as it is up-to-date.
[        ] Resolve mutations for :quill_native_bridge_android:generateDebugResources (Thread[#46014,Execution worker Thread 9,5,main]) started.
[        ] :quill_native_bridge_android:generateDebugResources (Thread[#46014,Execution worker Thread 9,5,main]) started.
[        ] > Task :quill_native_bridge_android:generateDebugResources UP-TO-DATE
[        ] Caching disabled for task ':quill_native_bridge_android:generateDebugResources' because:
[        ]   Build cache is disabled
[        ] Skipping task ':quill_native_bridge_android:generateDebugResources' as it is up-to-date.
[        ] Resolve mutations for :quill_native_bridge_android:packageDebugResources (Thread[#46014,Execution worker Thread 9,5,main]) started.
[        ] :quill_native_bridge_android:packageDebugResources (Thread[#46014,Execution worker Thread 9,5,main]) started.
[        ] > Task :quill_native_bridge_android:packageDebugResources UP-TO-DATE
[        ] Caching disabled for task ':quill_native_bridge_android:packageDebugResources' because:
[        ]   Build cache is disabled
[        ] Skipping task ':quill_native_bridge_android:packageDebugResources' as it is up-to-date.
[        ] work action resolve packageDebugResources (project :quill_native_bridge_android) (Thread[#46014,Execution worker Thread 9,5,main]) started.
[        ] Resolve mutations for :shared_preferences_android:generateDebugResValues (Thread[#46014,Execution worker Thread 9,5,main]) started.
[        ] :shared_preferences_android:generateDebugResValues (Thread[#46014,Execution worker Thread 9,5,main]) started.
[        ] > Task :shared_preferences_android:generateDebugResValues UP-TO-DATE
[        ] Caching disabled for task ':shared_preferences_android:generateDebugResValues' because:
[        ]   Build cache is disabled
[        ] Skipping task ':shared_preferences_android:generateDebugResValues' as it is up-to-date.
[        ] Resolve mutations for :shared_preferences_android:generateDebugResources (Thread[#46014,Execution worker Thread 9,5,main]) started.
[        ] :shared_preferences_android:generateDebugResources (Thread[#46014,Execution worker Thread 9,5,main]) started.
[        ] > Task :shared_preferences_android:generateDebugResources UP-TO-DATE
[        ] Caching disabled for task ':shared_preferences_android:generateDebugResources' because:
[        ]   Build cache is disabled
[        ] Skipping task ':shared_preferences_android:generateDebugResources' as it is up-to-date.
[        ] Resolve mutations for :shared_preferences_android:packageDebugResources (Thread[#46014,Execution worker Thread 9,5,main]) started.
[        ] :shared_preferences_android:packageDebugResources (Thread[#46014,Execution worker Thread 9,5,main]) started.
[        ] > Task :shared_preferences_android:packageDebugResources UP-TO-DATE
[        ] Caching disabled for task ':shared_preferences_android:packageDebugResources' because:
[        ]   Build cache is disabled
[        ] Skipping task ':shared_preferences_android:packageDebugResources' as it is up-to-date.
[        ] work action resolve packageDebugResources (project :shared_preferences_android) (Thread[#46014,Execution worker Thread 9,5,main]) started.
[        ] Resolve mutations for :sqflite_android:generateDebugResValues (Thread[#46014,Execution worker Thread 9,5,main]) started.
[        ] :sqflite_android:generateDebugResValues (Thread[#46014,Execution worker Thread 9,5,main]) started.
[        ] > Task :sqflite_android:generateDebugResValues UP-TO-DATE
[        ] Caching disabled for task ':sqflite_android:generateDebugResValues' because:
[        ]   Build cache is disabled
[        ] Skipping task ':sqflite_android:generateDebugResValues' as it is up-to-date.
[        ] Resolve mutations for :sqflite_android:generateDebugResources (Thread[#46014,Execution worker Thread 9,5,main]) started.
[        ] :sqflite_android:generateDebugResources (Thread[#46014,Execution worker Thread 9,5,main]) started.
[        ] > Task :sqflite_android:generateDebugResources UP-TO-DATE
[        ] Caching disabled for task ':sqflite_android:generateDebugResources' because:
[        ]   Build cache is disabled
[        ] Skipping task ':sqflite_android:generateDebugResources' as it is up-to-date.
[        ] Resolve mutations for :sqflite_android:packageDebugResources (Thread[#46014,Execution worker Thread 9,5,main]) started.
[        ] :sqflite_android:packageDebugResources (Thread[#46014,Execution worker Thread 9,5,main]) started.
[        ] > Task :sqflite_android:packageDebugResources UP-TO-DATE
[        ] Caching disabled for task ':sqflite_android:packageDebugResources' because:
[        ]   Build cache is disabled
[        ] Skipping task ':sqflite_android:packageDebugResources' as it is up-to-date.
[        ] work action resolve packageDebugResources (project :sqflite_android) (Thread[#46014,Execution worker Thread 9,5,main]) started.
[        ] Resolve mutations for :url_launcher_android:generateDebugResValues (Thread[#46014,Execution worker Thread 9,5,main]) started.
[        ] :url_launcher_android:generateDebugResValues (Thread[#46014,Execution worker Thread 9,5,main]) started.
[        ] > Task :url_launcher_android:generateDebugResValues UP-TO-DATE
[        ] Caching disabled for task ':url_launcher_android:generateDebugResValues' because:
[        ]   Build cache is disabled
[        ] Skipping task ':url_launcher_android:generateDebugResValues' as it is up-to-date.
[        ] Resolve mutations for :url_launcher_android:generateDebugResources (Thread[#46014,Execution worker Thread 9,5,main]) started.
[        ] :url_launcher_android:generateDebugResources (Thread[#46014,Execution worker Thread 9,5,main]) started.
[        ] > Task :url_launcher_android:generateDebugResources UP-TO-DATE
[        ] Caching disabled for task ':url_launcher_android:generateDebugResources' because:
[        ]   Build cache is disabled
[        ] Skipping task ':url_launcher_android:generateDebugResources' as it is up-to-date.
[        ] Resolve mutations for :url_launcher_android:packageDebugResources (Thread[#46014,Execution worker Thread 9,5,main]) started.
[        ] :url_launcher_android:packageDebugResources (Thread[#46014,Execution worker Thread 9,5,main]) started.
[        ] > Task :url_launcher_android:packageDebugResources UP-TO-DATE
[        ] Caching disabled for task ':url_launcher_android:packageDebugResources' because:
[        ]   Build cache is disabled
[        ] Skipping task ':url_launcher_android:packageDebugResources' as it is up-to-date.
[        ] work action resolve packageDebugResources (project :url_launcher_android) (Thread[#46014,Execution worker Thread 9,5,main]) started.
[        ] Resolve mutations for :video_player_android:generateDebugResValues (Thread[#46014,Execution worker Thread 9,5,main]) started.
[        ] :video_player_android:generateDebugResValues (Thread[#46014,Execution worker Thread 9,5,main]) started.
[        ] > Task :video_player_android:generateDebugResValues UP-TO-DATE
[        ] Caching disabled for task ':video_player_android:generateDebugResValues' because:
[        ]   Build cache is disabled
[        ] Skipping task ':video_player_android:generateDebugResValues' as it is up-to-date.
[        ] Resolve mutations for :video_player_android:generateDebugResources (Thread[#46014,Execution worker Thread 9,5,main]) started.
[        ] :video_player_android:generateDebugResources (Thread[#46014,Execution worker Thread 9,5,main]) started.
[        ] > Task :video_player_android:generateDebugResources UP-TO-DATE
[        ] Caching disabled for task ':video_player_android:generateDebugResources' because:
[        ]   Build cache is disabled
[        ] Skipping task ':video_player_android:generateDebugResources' as it is up-to-date.
[        ] Resolve mutations for :video_player_android:packageDebugResources (Thread[#46014,Execution worker Thread 9,5,main]) started.
[        ] :video_player_android:packageDebugResources (Thread[#46014,Execution worker Thread 9,5,main]) started.
[        ] > Task :video_player_android:packageDebugResources UP-TO-DATE
[        ] Caching disabled for task ':video_player_android:packageDebugResources' because:
[        ]   Build cache is disabled
[        ] Skipping task ':video_player_android:packageDebugResources' as it is up-to-date.
[        ] work action resolve packageDebugResources (project :video_player_android) (Thread[#46014,Execution worker Thread 9,5,main]) started.
[        ] Resolve mutations for :app:mapDebugSourceSetPaths (Thread[#46014,Execution worker Thread 9,5,main]) started.
[        ] :app:mapDebugSourceSetPaths (Thread[#46014,Execution worker Thread 9,5,main]) started.
[        ] > Task :app:mapDebugSourceSetPaths UP-TO-DATE
[        ] Caching disabled for task ':app:mapDebugSourceSetPaths' because:
[        ]   Build cache is disabled
[        ]   Caching has been disabled for the task
[        ] Skipping task ':app:mapDebugSourceSetPaths' as it is up-to-date.
[        ] Resolve mutations for :app:generateDebugResources (Thread[#46014,Execution worker Thread 9,5,main]) started.
[        ] :app:generateDebugResources (Thread[#46014,Execution worker Thread 9,5,main]) started.
[        ] > Task :app:generateDebugResources UP-TO-DATE
[        ] Caching disabled for task ':app:generateDebugResources' because:
[        ]   Build cache is disabled
[        ] Skipping task ':app:generateDebugResources' as it is up-to-date.
[        ] Resolve mutations for :app:mergeDebugResources (Thread[#46014,Execution worker Thread 9,5,main]) started.
[        ] :app:mergeDebugResources (Thread[#46014,Execution worker Thread 9,5,main]) started.
[        ] > Task :app:mergeDebugResources UP-TO-DATE
[        ] Caching disabled for task ':app:mergeDebugResources' because:
[        ]   Build cache is disabled
[        ] Skipping task ':app:mergeDebugResources' as it is up-to-date.
[        ] Resolve mutations for :app:packageDebugResources (Thread[#46014,Execution worker Thread 9,5,main]) started.
[        ] :app:packageDebugResources (Thread[#46014,Execution worker Thread 9,5,main]) started.
[        ] > Task :app:packageDebugResources UP-TO-DATE
[        ] Caching disabled for task ':app:packageDebugResources' because:
[        ]   Build cache is disabled
[        ] Skipping task ':app:packageDebugResources' as it is up-to-date.
[        ] Resolve mutations for :app:parseDebugLocalResources (Thread[#46014,Execution worker Thread 9,5,main]) started.
[        ] :app:parseDebugLocalResources (Thread[#46014,Execution worker Thread 9,5,main]) started.
[        ] > Task :app:parseDebugLocalResources UP-TO-DATE
[        ] Caching disabled for task ':app:parseDebugLocalResources' because:
[        ]   Build cache is disabled
[        ] Skipping task ':app:parseDebugLocalResources' as it is up-to-date.
[        ] Resolve mutations for :app:createDebugCompatibleScreenManifests (Thread[#46014,Execution worker Thread 9,5,main]) started.
[        ] :app:createDebugCompatibleScreenManifests (Thread[#46014,Execution worker Thread 9,5,main]) started.
[        ] > Task :app:createDebugCompatibleScreenManifests UP-TO-DATE
[        ] Caching disabled for task ':app:createDebugCompatibleScreenManifests' because:
[        ]   Build cache is disabled
[        ]   Caching has been disabled for the task
[        ] Skipping task ':app:createDebugCompatibleScreenManifests' as it is up-to-date.
[        ] Resolve mutations for :app:extractDeepLinksDebug (Thread[#46014,Execution worker Thread 9,5,main]) started.
[        ] :app:extractDeepLinksDebug (Thread[#46014,Execution worker Thread 9,5,main]) started.
[        ] > Task :app:extractDeepLinksDebug UP-TO-DATE
[        ] Caching disabled for task ':app:extractDeepLinksDebug' because:
[        ]   Build cache is disabled
[        ] Skipping task ':app:extractDeepLinksDebug' as it is up-to-date.
[        ] Resolve mutations for :connectivity_plus:extractDeepLinksDebug (Thread[#46014,Execution worker Thread 9,5,main]) started.
[        ] :connectivity_plus:extractDeepLinksDebug (Thread[#46014,Execution worker Thread 9,5,main]) started.
[        ] > Task :connectivity_plus:extractDeepLinksDebug UP-TO-DATE
[        ] Caching disabled for task ':connectivity_plus:extractDeepLinksDebug' because:
[        ]   Build cache is disabled
[        ] Skipping task ':connectivity_plus:extractDeepLinksDebug' as it is up-to-date.
[        ] work action resolve navigation.json (project :connectivity_plus) (Thread[#46014,Execution worker Thread 9,5,main]) started.
[        ] Resolve mutations for :connectivity_plus:processDebugManifest (Thread[#46014,Execution worker Thread 9,5,main]) started.
[        ] :connectivity_plus:processDebugManifest (Thread[#46014,Execution worker Thread 9,5,main]) started.
[        ] > Task :connectivity_plus:processDebugManifest UP-TO-DATE
[        ] Caching disabled for task ':connectivity_plus:processDebugManifest' because:
[        ]   Build cache is disabled
[        ] Skipping task ':connectivity_plus:processDebugManifest' as it is up-to-date.
[        ] work action resolve AndroidManifest.xml (project :connectivity_plus) (Thread[#46014,Execution worker Thread 9,5,main]) started.
[        ] Resolve mutations for :emoji_picker_flutter:extractDeepLinksDebug (Thread[#46014,Execution worker Thread 9,5,main]) started.
[        ] :emoji_picker_flutter:extractDeepLinksDebug (Thread[#46014,Execution worker Thread 9,5,main]) started.
[        ] > Task :emoji_picker_flutter:extractDeepLinksDebug UP-TO-DATE
[        ] Caching disabled for task ':emoji_picker_flutter:extractDeepLinksDebug' because:
[        ]   Build cache is disabled
[        ] Skipping task ':emoji_picker_flutter:extractDeepLinksDebug' as it is up-to-date.
[        ] work action resolve navigation.json (project :emoji_picker_flutter) (Thread[#46014,Execution worker Thread 9,5,main]) started.
[        ] Resolve mutations for :emoji_picker_flutter:processDebugManifest (Thread[#46014,Execution worker Thread 9,5,main]) started.
[        ] :emoji_picker_flutter:processDebugManifest (Thread[#46014,Execution worker Thread 9,5,main]) started.
[        ] > Task :emoji_picker_flutter:processDebugManifest UP-TO-DATE
[        ] Caching disabled for task ':emoji_picker_flutter:processDebugManifest' because:
[        ]   Build cache is disabled
[        ] Skipping task ':emoji_picker_flutter:processDebugManifest' as it is up-to-date.
[        ] work action resolve AndroidManifest.xml (project :emoji_picker_flutter) (Thread[#46014,Execution worker Thread 9,5,main]) started.
[        ] Resolve mutations for :file_selector_android:extractDeepLinksDebug (Thread[#46014,Execution worker Thread 9,5,main]) started.
[        ] :file_selector_android:extractDeepLinksDebug (Thread[#46014,Execution worker Thread 9,5,main]) started.
[        ] > Task :file_selector_android:extractDeepLinksDebug UP-TO-DATE
[        ] Caching disabled for task ':file_selector_android:extractDeepLinksDebug' because:
[        ]   Build cache is disabled
[        ] Skipping task ':file_selector_android:extractDeepLinksDebug' as it is up-to-date.
[        ] work action resolve navigation.json (project :file_selector_android) (Thread[#46014,Execution worker Thread 9,5,main]) started.
[        ] Resolve mutations for :file_selector_android:processDebugManifest (Thread[#46014,Execution worker Thread 9,5,main]) started.
[        ] :file_selector_android:processDebugManifest (Thread[#46014,Execution worker Thread 9,5,main]) started.
[        ] > Task :file_selector_android:processDebugManifest UP-TO-DATE
[        ] Caching disabled for task ':file_selector_android:processDebugManifest' because:
[        ]   Build cache is disabled
[        ] Skipping task ':file_selector_android:processDebugManifest' as it is up-to-date.
[        ] work action resolve AndroidManifest.xml (project :file_selector_android) (Thread[#46014,Execution worker Thread 9,5,main]) started.
[        ] Resolve mutations for :flutter_keyboard_visibility_temp_fork:extractDeepLinksDebug (Thread[#46014,Execution worker Thread 9,5,main]) started.
[        ] :flutter_keyboard_visibility_temp_fork:extractDeepLinksDebug (Thread[#46014,Execution worker Thread 9,5,main]) started.
[        ] > Task :flutter_keyboard_visibility_temp_fork:extractDeepLinksDebug UP-TO-DATE
[        ] Caching disabled for task ':flutter_keyboard_visibility_temp_fork:extractDeepLinksDebug' because:
[        ]   Build cache is disabled
[        ] Skipping task ':flutter_keyboard_visibility_temp_fork:extractDeepLinksDebug' as it is up-to-date.
[        ] work action resolve navigation.json (project :flutter_keyboard_visibility_temp_fork) (Thread[#46014,Execution worker Thread 9,5,main]) started.
[        ] Resolve mutations for :flutter_keyboard_visibility_temp_fork:processDebugManifest (Thread[#46014,Execution worker Thread 9,5,main]) started.
[        ] :flutter_keyboard_visibility_temp_fork:processDebugManifest (Thread[#46014,Execution worker Thread 9,5,main]) started.
[        ] > Task :flutter_keyboard_visibility_temp_fork:processDebugManifest UP-TO-DATE
[        ] Caching disabled for task ':flutter_keyboard_visibility_temp_fork:processDebugManifest' because:
[        ]   Build cache is disabled
[        ] Skipping task ':flutter_keyboard_visibility_temp_fork:processDebugManifest' as it is up-to-date.
[        ] work action resolve AndroidManifest.xml (project :flutter_keyboard_visibility_temp_fork) (Thread[#46014,Execution worker Thread 9,5,main]) started.
[        ] Resolve mutations for :flutter_native_splash:extractDeepLinksDebug (Thread[#46014,Execution worker Thread 9,5,main]) started.
[        ] :flutter_native_splash:extractDeepLinksDebug (Thread[#46014,Execution worker Thread 9,5,main]) started.
[        ] > Task :flutter_native_splash:extractDeepLinksDebug UP-TO-DATE
[        ] Caching disabled for task ':flutter_native_splash:extractDeepLinksDebug' because:
[        ]   Build cache is disabled
[        ] Skipping task ':flutter_native_splash:extractDeepLinksDebug' as it is up-to-date.
[        ] work action resolve navigation.json (project :flutter_native_splash) (Thread[#46014,Execution worker Thread 9,5,main]) started.
[        ] Resolve mutations for :flutter_native_splash:processDebugManifest (Thread[#46014,Execution worker Thread 9,5,main]) started.
[        ] :flutter_native_splash:processDebugManifest (Thread[#46014,Execution worker Thread 9,5,main]) started.
[        ] > Task :flutter_native_splash:processDebugManifest UP-TO-DATE
[        ] Caching disabled for task ':flutter_native_splash:processDebugManifest' because:
[        ]   Build cache is disabled
[        ] Skipping task ':flutter_native_splash:processDebugManifest' as it is up-to-date.
[        ] work action resolve AndroidManifest.xml (project :flutter_native_splash) (Thread[#46014,Execution worker Thread 9,5,main]) started.
[        ] Resolve mutations for :flutter_olm:extractDeepLinksDebug (Thread[#46014,Execution worker Thread 9,5,main]) started.
[        ] :flutter_olm:extractDeepLinksDebug (Thread[#46014,Execution worker Thread 9,5,main]) started.
[        ] > Task :flutter_olm:extractDeepLinksDebug UP-TO-DATE
[        ] Caching disabled for task ':flutter_olm:extractDeepLinksDebug' because:
[        ]   Build cache is disabled
[        ] Skipping task ':flutter_olm:extractDeepLinksDebug' as it is up-to-date.
[        ] work action resolve navigation.json (project :flutter_olm) (Thread[#46014,Execution worker Thread 9,5,main]) started.
[        ] Resolve mutations for :flutter_olm:processDebugManifest (Thread[#46014,Execution worker Thread 9,5,main]) started.
[        ] :flutter_olm:processDebugManifest (Thread[#46014,Execution worker Thread 9,5,main]) started.
[        ] > Task :flutter_olm:processDebugManifest UP-TO-DATE
[        ] Caching disabled for task ':flutter_olm:processDebugManifest' because:
[        ]   Build cache is disabled
[        ] Skipping task ':flutter_olm:processDebugManifest' as it is up-to-date.
[        ] work action resolve AndroidManifest.xml (project :flutter_olm) (Thread[#46014,Execution worker Thread 9,5,main]) started.
[        ] Resolve mutations for :flutter_openssl_crypto:extractDeepLinksDebug (Thread[#46014,Execution worker Thread 9,5,main]) started.
[        ] :flutter_openssl_crypto:extractDeepLinksDebug (Thread[#46014,Execution worker Thread 9,5,main]) started.
[        ] > Task :flutter_openssl_crypto:extractDeepLinksDebug UP-TO-DATE
[        ] Caching disabled for task ':flutter_openssl_crypto:extractDeepLinksDebug' because:
[        ]   Build cache is disabled
[        ] Skipping task ':flutter_openssl_crypto:extractDeepLinksDebug' as it is up-to-date.
[        ] work action resolve navigation.json (project :flutter_openssl_crypto) (Thread[#46014,Execution worker Thread 9,5,main]) started.
[        ] Resolve mutations for :flutter_openssl_crypto:processDebugManifest (Thread[#46014,Execution worker Thread 9,5,main]) started.
[        ] :flutter_openssl_crypto:processDebugManifest (Thread[#46014,Execution worker Thread 9,5,main]) started.
[        ] > Task :flutter_openssl_crypto:processDebugManifest UP-TO-DATE
[        ] Caching disabled for task ':flutter_openssl_crypto:processDebugManifest' because:
[        ]   Build cache is disabled
[        ] Skipping task ':flutter_openssl_crypto:processDebugManifest' as it is up-to-date.
[        ] work action resolve AndroidManifest.xml (project :flutter_openssl_crypto) (Thread[#46014,Execution worker Thread 9,5,main]) started.
[        ] Resolve mutations for :integration_test:extractDeepLinksDebug (Thread[#46014,Execution worker Thread 9,5,main]) started.
[        ] :integration_test:extractDeepLinksDebug (Thread[#46014,Execution worker Thread 9,5,main]) started.
[        ] > Task :integration_test:extractDeepLinksDebug UP-TO-DATE
[        ] Caching disabled for task ':integration_test:extractDeepLinksDebug' because:
[        ]   Build cache is disabled
[        ] Skipping task ':integration_test:extractDeepLinksDebug' as it is up-to-date.
[        ] work action resolve navigation.json (project :integration_test) (Thread[#46014,Execution worker Thread 9,5,main]) started.
[        ] Resolve mutations for :integration_test:processDebugManifest (Thread[#46014,Execution worker Thread 9,5,main]) started.
[        ] :integration_test:processDebugManifest (Thread[#46014,Execution worker Thread 9,5,main]) started.
[        ] > Task :integration_test:processDebugManifest UP-TO-DATE
[        ] Caching disabled for task ':integration_test:processDebugManifest' because:
[        ]   Build cache is disabled
[        ] Skipping task ':integration_test:processDebugManifest' as it is up-to-date.
[        ] work action resolve AndroidManifest.xml (project :integration_test) (Thread[#46014,Execution worker Thread 9,5,main]) started.
[        ] Resolve mutations for :path_provider_android:extractDeepLinksDebug (Thread[#46014,Execution worker Thread 9,5,main]) started.
[        ] :path_provider_android:extractDeepLinksDebug (Thread[#46014,Execution worker Thread 9,5,main]) started.
[        ] > Task :path_provider_android:extractDeepLinksDebug UP-TO-DATE
[        ] Caching disabled for task ':path_provider_android:extractDeepLinksDebug' because:
[        ]   Build cache is disabled
[        ] Skipping task ':path_provider_android:extractDeepLinksDebug' as it is up-to-date.
[        ] work action resolve navigation.json (project :path_provider_android) (Thread[#46014,Execution worker Thread 9,5,main]) started.
[        ] Resolve mutations for :path_provider_android:processDebugManifest (Thread[#46014,Execution worker Thread 9,5,main]) started.
[        ] :path_provider_android:processDebugManifest (Thread[#46014,Execution worker Thread 9,5,main]) started.
[        ] > Task :path_provider_android:processDebugManifest UP-TO-DATE
[        ] Caching disabled for task ':path_provider_android:processDebugManifest' because:
[        ]   Build cache is disabled
[        ] Skipping task ':path_provider_android:processDebugManifest' as it is up-to-date.
[        ] work action resolve AndroidManifest.xml (project :path_provider_android) (Thread[#46014,Execution worker Thread 9,5,main]) started.
[        ] Resolve mutations for :quill_native_bridge_android:extractDeepLinksDebug (Thread[#46014,Execution worker Thread 9,5,main]) started.
[        ] :quill_native_bridge_android:extractDeepLinksDebug (Thread[#46014,Execution worker Thread 9,5,main]) started.
[        ] > Task :quill_native_bridge_android:extractDeepLinksDebug UP-TO-DATE
[        ] Caching disabled for task ':quill_native_bridge_android:extractDeepLinksDebug' because:
[        ]   Build cache is disabled
[        ] Skipping task ':quill_native_bridge_android:extractDeepLinksDebug' as it is up-to-date.
[        ] work action resolve navigation.json (project :quill_native_bridge_android) (Thread[#46014,Execution worker Thread 9,5,main]) started.
[        ] Resolve mutations for :quill_native_bridge_android:processDebugManifest (Thread[#46014,Execution worker Thread 9,5,main]) started.
[        ] :quill_native_bridge_android:processDebugManifest (Thread[#46014,Execution worker Thread 9,5,main]) started.
[        ] > Task :quill_native_bridge_android:processDebugManifest UP-TO-DATE
[        ] Caching disabled for task ':quill_native_bridge_android:processDebugManifest' because:
[        ]   Build cache is disabled
[        ] Skipping task ':quill_native_bridge_android:processDebugManifest' as it is up-to-date.
[        ] work action resolve AndroidManifest.xml (project :quill_native_bridge_android) (Thread[#46014,Execution worker Thread 9,5,main]) started.
[        ] Resolve mutations for :shared_preferences_android:extractDeepLinksDebug (Thread[#46014,Execution worker Thread 9,5,main]) started.
[        ] :shared_preferences_android:extractDeepLinksDebug (Thread[#46014,Execution worker Thread 9,5,main]) started.
[        ] > Task :shared_preferences_android:extractDeepLinksDebug UP-TO-DATE
[        ] Caching disabled for task ':shared_preferences_android:extractDeepLinksDebug' because:
[        ]   Build cache is disabled
[        ] Skipping task ':shared_preferences_android:extractDeepLinksDebug' as it is up-to-date.
[        ] work action resolve navigation.json (project :shared_preferences_android) (Thread[#46014,Execution worker Thread 9,5,main]) started.
[        ] Resolve mutations for :shared_preferences_android:processDebugManifest (Thread[#46014,Execution worker Thread 9,5,main]) started.
[        ] :shared_preferences_android:processDebugManifest (Thread[#46014,Execution worker Thread 9,5,main]) started.
[        ] > Task :shared_preferences_android:processDebugManifest UP-TO-DATE
[        ] Caching disabled for task ':shared_preferences_android:processDebugManifest' because:
[        ]   Build cache is disabled
[        ] Skipping task ':shared_preferences_android:processDebugManifest' as it is up-to-date.
[        ] work action resolve AndroidManifest.xml (project :shared_preferences_android) (Thread[#46014,Execution worker Thread 9,5,main]) started.
[        ] Resolve mutations for :sqflite_android:extractDeepLinksDebug (Thread[#46014,Execution worker Thread 9,5,main]) started.
[        ] :sqflite_android:extractDeepLinksDebug (Thread[#46014,Execution worker Thread 9,5,main]) started.
[        ] > Task :sqflite_android:extractDeepLinksDebug UP-TO-DATE
[        ] Caching disabled for task ':sqflite_android:extractDeepLinksDebug' because:
[        ]   Build cache is disabled
[        ] Skipping task ':sqflite_android:extractDeepLinksDebug' as it is up-to-date.
[        ] work action resolve navigation.json (project :sqflite_android) (Thread[#46014,Execution worker Thread 9,5,main]) started.
[        ] Resolve mutations for :sqflite_android:processDebugManifest (Thread[#46014,Execution worker Thread 9,5,main]) started.
[        ] :sqflite_android:processDebugManifest (Thread[#46014,Execution worker Thread 9,5,main]) started.
[        ] > Task :sqflite_android:processDebugManifest UP-TO-DATE
[        ] Caching disabled for task ':sqflite_android:processDebugManifest' because:
[        ]   Build cache is disabled
[        ] Skipping task ':sqflite_android:processDebugManifest' as it is up-to-date.
[        ] work action resolve AndroidManifest.xml (project :sqflite_android) (Thread[#46014,Execution worker Thread 9,5,main]) started.
[        ] Resolve mutations for :url_launcher_android:extractDeepLinksDebug (Thread[#46014,Execution worker Thread 9,5,main]) started.
[        ] :url_launcher_android:extractDeepLinksDebug (Thread[#46014,Execution worker Thread 9,5,main]) started.
[        ] > Task :url_launcher_android:extractDeepLinksDebug UP-TO-DATE
[        ] Caching disabled for task ':url_launcher_android:extractDeepLinksDebug' because:
[        ]   Build cache is disabled
[        ] Skipping task ':url_launcher_android:extractDeepLinksDebug' as it is up-to-date.
[        ] work action resolve navigation.json (project :url_launcher_android) (Thread[#46014,Execution worker Thread 9,5,main]) started.
[        ] Resolve mutations for :url_launcher_android:processDebugManifest (Thread[#46014,Execution worker Thread 9,5,main]) started.
[        ] :url_launcher_android:processDebugManifest (Thread[#46014,Execution worker Thread 9,5,main]) started.
[        ] > Task :url_launcher_android:processDebugManifest UP-TO-DATE
[        ] Caching disabled for task ':url_launcher_android:processDebugManifest' because:
[        ]   Build cache is disabled
[        ] Skipping task ':url_launcher_android:processDebugManifest' as it is up-to-date.
[        ] work action resolve AndroidManifest.xml (project :url_launcher_android) (Thread[#46014,Execution worker Thread 9,5,main]) started.
[        ] Resolve mutations for :video_player_android:extractDeepLinksDebug (Thread[#46014,Execution worker Thread 9,5,main]) started.
[        ] :video_player_android:extractDeepLinksDebug (Thread[#46014,Execution worker Thread 9,5,main]) started.
[        ] > Task :video_player_android:extractDeepLinksDebug UP-TO-DATE
[        ] Caching disabled for task ':video_player_android:extractDeepLinksDebug' because:
[        ]   Build cache is disabled
[        ] Skipping task ':video_player_android:extractDeepLinksDebug' as it is up-to-date.
[        ] work action resolve navigation.json (project :video_player_android) (Thread[#46014,Execution worker Thread 9,5,main]) started.
[        ] Resolve mutations for :video_player_android:processDebugManifest (Thread[#46014,Execution worker Thread 9,5,main]) started.
[        ] :video_player_android:processDebugManifest (Thread[#46014,Execution worker Thread 9,5,main]) started.
[        ] > Task :video_player_android:processDebugManifest UP-TO-DATE
[        ] Caching disabled for task ':video_player_android:processDebugManifest' because:
[        ]   Build cache is disabled
[        ] Skipping task ':video_player_android:processDebugManifest' as it is up-to-date.
[        ] work action resolve AndroidManifest.xml (project :video_player_android) (Thread[#46014,Execution worker Thread 9,5,main]) started.
[        ] Resolve mutations for :app:processDebugMainManifest (Thread[#46014,Execution worker Thread 9,5,main]) started.
[        ] :app:processDebugMainManifest (Thread[#46014,Execution worker Thread 9,5,main]) started.
[        ] > Task :app:processDebugMainManifest UP-TO-DATE
[        ] Caching disabled for task ':app:processDebugMainManifest' because:
[        ]   Build cache is disabled
[        ] Skipping task ':app:processDebugMainManifest' as it is up-to-date.
[        ] Resolve mutations for :app:outputDebugAppLinkSettings (Thread[#46014,Execution worker Thread 9,5,main]) started.
[        ] :app:outputDebugAppLinkSettings (Thread[#46014,Execution worker Thread 9,5,main]) started.
[        ] > Task :app:outputDebugAppLinkSettings UP-TO-DATE
[        ] Caching disabled for task ':app:outputDebugAppLinkSettings' because:
[        ]   Build cache is disabled
[        ]   Caching has not been enabled for the task
[        ] Skipping task ':app:outputDebugAppLinkSettings' as it is up-to-date.
[        ] Resolve mutations for :app:processDebugManifest (Thread[#46014,Execution worker Thread 9,5,main]) started.
[        ] :app:processDebugManifest (Thread[#46014,Execution worker Thread 9,5,main]) started.
[        ] > Task :app:processDebugManifest UP-TO-DATE
[        ] Caching disabled for task ':app:processDebugManifest' because:
[        ]   Build cache is disabled
[        ] Skipping task ':app:processDebugManifest' as it is up-to-date.
[        ] Resolve mutations for :app:processDebugManifestForPackage (Thread[#46014,Execution worker Thread 9,5,main]) started.
[        ] :app:processDebugManifestForPackage (Thread[#46014,Execution worker Thread 9,5,main]) started.
[        ] > Task :app:processDebugManifestForPackage UP-TO-DATE
[        ] Custom actions are attached to task ':app:processDebugManifestForPackage'.
[        ] Caching disabled for task ':app:processDebugManifestForPackage' because:
[        ]   Build cache is disabled
[        ] Skipping task ':app:processDebugManifestForPackage' as it is up-to-date.
[        ] Resolve mutations for :connectivity_plus:compileDebugLibraryResources (Thread[#46014,Execution worker Thread 9,5,main]) started.
[        ] :connectivity_plus:compileDebugLibraryResources (Thread[#46014,Execution worker Thread 9,5,main]) started.
[        ] > Task :connectivity_plus:compileDebugLibraryResources UP-TO-DATE
[        ] Caching disabled for task ':connectivity_plus:compileDebugLibraryResources' because:
[        ]   Build cache is disabled
[        ] Skipping task ':connectivity_plus:compileDebugLibraryResources' as it is up-to-date.
[        ] work action resolve out (project :connectivity_plus) (Thread[#46014,Execution worker Thread 9,5,main]) started.
[        ] Resolve mutations for :connectivity_plus:parseDebugLocalResources (Thread[#46014,Execution worker Thread 9,5,main]) started.
[        ] :connectivity_plus:parseDebugLocalResources (Thread[#46014,Execution worker Thread 9,5,main]) started.
[        ] > Task :connectivity_plus:parseDebugLocalResources UP-TO-DATE
[        ] Caching disabled for task ':connectivity_plus:parseDebugLocalResources' because:
[        ]   Build cache is disabled
[        ] Skipping task ':connectivity_plus:parseDebugLocalResources' as it is up-to-date.
[        ] Resolve mutations for :connectivity_plus:generateDebugRFile (Thread[#46014,Execution worker Thread 9,5,main]) started.
[        ] :connectivity_plus:generateDebugRFile (Thread[#46014,Execution worker Thread 9,5,main]) started.
[        ] > Task :connectivity_plus:generateDebugRFile UP-TO-DATE
[        ] Caching disabled for task ':connectivity_plus:generateDebugRFile' because:
[        ]   Build cache is disabled
[        ] Skipping task ':connectivity_plus:generateDebugRFile' as it is up-to-date.
[        ] work action resolve package-aware-r.txt (project :connectivity_plus) (Thread[#46014,Execution worker Thread 9,5,main]) started.
[        ] Resolve mutations for :emoji_picker_flutter:compileDebugLibraryResources (Thread[#46014,Execution worker Thread 9,5,main]) started.
[        ] :emoji_picker_flutter:compileDebugLibraryResources (Thread[#46014,Execution worker Thread 9,5,main]) started.
[        ] > Task :emoji_picker_flutter:compileDebugLibraryResources UP-TO-DATE
[        ] Caching disabled for task ':emoji_picker_flutter:compileDebugLibraryResources' because:
[        ]   Build cache is disabled
[        ] Skipping task ':emoji_picker_flutter:compileDebugLibraryResources' as it is up-to-date.
[        ] work action resolve out (project :emoji_picker_flutter) (Thread[#46014,Execution worker Thread 9,5,main]) started.
[        ] Resolve mutations for :emoji_picker_flutter:parseDebugLocalResources (Thread[#46014,Execution worker Thread 9,5,main]) started.
[        ] :emoji_picker_flutter:parseDebugLocalResources (Thread[#46014,Execution worker Thread 9,5,main]) started.
[        ] > Task :emoji_picker_flutter:parseDebugLocalResources UP-TO-DATE
[        ] Caching disabled for task ':emoji_picker_flutter:parseDebugLocalResources' because:
[        ]   Build cache is disabled
[        ] Skipping task ':emoji_picker_flutter:parseDebugLocalResources' as it is up-to-date.
[        ] Resolve mutations for :emoji_picker_flutter:generateDebugRFile (Thread[#46014,Execution worker Thread 9,5,main]) started.
[        ] :emoji_picker_flutter:generateDebugRFile (Thread[#46014,Execution worker Thread 9,5,main]) started.
[        ] > Task :emoji_picker_flutter:generateDebugRFile UP-TO-DATE
[        ] Caching disabled for task ':emoji_picker_flutter:generateDebugRFile' because:
[        ]   Build cache is disabled
[        ] Skipping task ':emoji_picker_flutter:generateDebugRFile' as it is up-to-date.
[        ] work action resolve package-aware-r.txt (project :emoji_picker_flutter) (Thread[#46014,Execution worker Thread 9,5,main]) started.
[        ] Resolve mutations for :file_selector_android:compileDebugLibraryResources (Thread[#46014,Execution worker Thread 9,5,main]) started.
[        ] :file_selector_android:compileDebugLibraryResources (Thread[#46014,Execution worker Thread 9,5,main]) started.
[        ] > Task :file_selector_android:compileDebugLibraryResources UP-TO-DATE
[        ] Caching disabled for task ':file_selector_android:compileDebugLibraryResources' because:
[        ]   Build cache is disabled
[        ] Skipping task ':file_selector_android:compileDebugLibraryResources' as it is up-to-date.
[        ] work action resolve out (project :file_selector_android) (Thread[#46014,Execution worker Thread 9,5,main]) started.
[        ] Resolve mutations for :file_selector_android:parseDebugLocalResources (Thread[#46014,Execution worker Thread 9,5,main]) started.
[        ] :file_selector_android:parseDebugLocalResources (Thread[#46014,Execution worker Thread 9,5,main]) started.
[        ] > Task :file_selector_android:parseDebugLocalResources UP-TO-DATE
[        ] Caching disabled for task ':file_selector_android:parseDebugLocalResources' because:
[        ]   Build cache is disabled
[        ] Skipping task ':file_selector_android:parseDebugLocalResources' as it is up-to-date.
[        ] Resolve mutations for :file_selector_android:generateDebugRFile (Thread[#46014,Execution worker Thread 9,5,main]) started.
[        ] :file_selector_android:generateDebugRFile (Thread[#46014,Execution worker Thread 9,5,main]) started.
[        ] > Task :file_selector_android:generateDebugRFile UP-TO-DATE
[        ] Caching disabled for task ':file_selector_android:generateDebugRFile' because:
[        ]   Build cache is disabled
[        ] Skipping task ':file_selector_android:generateDebugRFile' as it is up-to-date.
[        ] work action resolve package-aware-r.txt (project :file_selector_android) (Thread[#46014,Execution worker Thread 9,5,main]) started.
[        ] Resolve mutations for :flutter_keyboard_visibility_temp_fork:compileDebugLibraryResources (Thread[#46014,Execution worker Thread 9,5,main]) started.
[        ] :flutter_keyboard_visibility_temp_fork:compileDebugLibraryResources (Thread[#46014,Execution worker Thread 9,5,main]) started.
[        ] > Task :flutter_keyboard_visibility_temp_fork:compileDebugLibraryResources UP-TO-DATE
[        ] Caching disabled for task ':flutter_keyboard_visibility_temp_fork:compileDebugLibraryResources' because:
[        ]   Build cache is disabled
[        ] Skipping task ':flutter_keyboard_visibility_temp_fork:compileDebugLibraryResources' as it is up-to-date.
[        ] work action resolve out (project :flutter_keyboard_visibility_temp_fork) (Thread[#46014,Execution worker Thread 9,5,main]) started.
[        ] Resolve mutations for :flutter_keyboard_visibility_temp_fork:parseDebugLocalResources (Thread[#46014,Execution worker Thread 9,5,main]) started.
[        ] :flutter_keyboard_visibility_temp_fork:parseDebugLocalResources (Thread[#46014,Execution worker Thread 9,5,main]) started.
[        ] > Task :flutter_keyboard_visibility_temp_fork:parseDebugLocalResources UP-TO-DATE
[        ] Caching disabled for task ':flutter_keyboard_visibility_temp_fork:parseDebugLocalResources' because:
[        ]   Build cache is disabled
[        ] Skipping task ':flutter_keyboard_visibility_temp_fork:parseDebugLocalResources' as it is up-to-date.
[        ] Resolve mutations for :flutter_keyboard_visibility_temp_fork:generateDebugRFile (Thread[#46014,Execution worker Thread 9,5,main]) started.
[        ] :flutter_keyboard_visibility_temp_fork:generateDebugRFile (Thread[#46014,Execution worker Thread 9,5,main]) started.
[        ] > Task :flutter_keyboard_visibility_temp_fork:generateDebugRFile UP-TO-DATE
[        ] Caching disabled for task ':flutter_keyboard_visibility_temp_fork:generateDebugRFile' because:
[        ]   Build cache is disabled
[        ] Skipping task ':flutter_keyboard_visibility_temp_fork:generateDebugRFile' as it is up-to-date.
[        ] work action resolve package-aware-r.txt (project :flutter_keyboard_visibility_temp_fork) (Thread[#46014,Execution worker Thread 9,5,main]) started.
[        ] Resolve mutations for :flutter_native_splash:compileDebugLibraryResources (Thread[#46014,Execution worker Thread 9,5,main]) started.
[        ] :flutter_native_splash:compileDebugLibraryResources (Thread[#46014,Execution worker Thread 9,5,main]) started.
[  +91 ms] > Task :flutter_native_splash:compileDebugLibraryResources UP-TO-DATE
[        ] Caching disabled for task ':flutter_native_splash:compileDebugLibraryResources' because:
[        ]   Build cache is disabled
[        ] Skipping task ':flutter_native_splash:compileDebugLibraryResources' as it is up-to-date.
[        ] work action resolve out (project :flutter_native_splash) (Thread[#46014,Execution worker Thread 9,5,main]) started.
[        ] Resolve mutations for :flutter_native_splash:parseDebugLocalResources (Thread[#46014,Execution worker Thread 9,5,main]) started.
[        ] :flutter_native_splash:parseDebugLocalResources (Thread[#46014,Execution worker Thread 9,5,main]) started.
[        ] > Task :flutter_native_splash:parseDebugLocalResources UP-TO-DATE
[        ] Caching disabled for task ':flutter_native_splash:parseDebugLocalResources' because:
[        ]   Build cache is disabled
[        ] Skipping task ':flutter_native_splash:parseDebugLocalResources' as it is up-to-date.
[        ] Resolve mutations for :flutter_native_splash:generateDebugRFile (Thread[#46014,Execution worker Thread 9,5,main]) started.
[        ] :flutter_native_splash:generateDebugRFile (Thread[#46014,Execution worker Thread 9,5,main]) started.
[        ] > Task :flutter_native_splash:generateDebugRFile UP-TO-DATE
[        ] Caching disabled for task ':flutter_native_splash:generateDebugRFile' because:
[        ]   Build cache is disabled
[        ] Skipping task ':flutter_native_splash:generateDebugRFile' as it is up-to-date.
[        ] work action resolve package-aware-r.txt (project :flutter_native_splash) (Thread[#46014,Execution worker Thread 9,5,main]) started.
[        ] Resolve mutations for :flutter_olm:compileDebugLibraryResources (Thread[#46014,Execution worker Thread 9,5,main]) started.
[        ] :flutter_olm:compileDebugLibraryResources (Thread[#46014,Execution worker Thread 9,5,main]) started.
[        ] > Task :flutter_olm:compileDebugLibraryResources UP-TO-DATE
[        ] Caching disabled for task ':flutter_olm:compileDebugLibraryResources' because:
[        ]   Build cache is disabled
[        ] Skipping task ':flutter_olm:compileDebugLibraryResources' as it is up-to-date.
[        ] work action resolve out (project :flutter_olm) (Thread[#46014,Execution worker Thread 9,5,main]) started.
[        ] Resolve mutations for :flutter_olm:parseDebugLocalResources (Thread[#46014,Execution worker Thread 9,5,main]) started.
[        ] :flutter_olm:parseDebugLocalResources (Thread[#46014,Execution worker Thread 9,5,main]) started.
[        ] > Task :flutter_olm:parseDebugLocalResources UP-TO-DATE
[        ] Caching disabled for task ':flutter_olm:parseDebugLocalResources' because:
[        ]   Build cache is disabled
[        ] Skipping task ':flutter_olm:parseDebugLocalResources' as it is up-to-date.
[        ] Resolve mutations for :flutter_olm:generateDebugRFile (Thread[#46014,Execution worker Thread 9,5,main]) started.
[        ] :flutter_olm:generateDebugRFile (Thread[#46014,Execution worker Thread 9,5,main]) started.
[        ] > Task :flutter_olm:generateDebugRFile UP-TO-DATE
[        ] Caching disabled for task ':flutter_olm:generateDebugRFile' because:
[        ]   Build cache is disabled
[        ] Skipping task ':flutter_olm:generateDebugRFile' as it is up-to-date.
[        ] work action resolve package-aware-r.txt (project :flutter_olm) (Thread[#46014,Execution worker Thread 9,5,main]) started.
[        ] Resolve mutations for :flutter_openssl_crypto:compileDebugLibraryResources (Thread[#46014,Execution worker Thread 9,5,main]) started.
[        ] :flutter_openssl_crypto:compileDebugLibraryResources (Thread[#46014,Execution worker Thread 9,5,main]) started.
[        ] > Task :flutter_openssl_crypto:compileDebugLibraryResources UP-TO-DATE
[        ] Caching disabled for task ':flutter_openssl_crypto:compileDebugLibraryResources' because:
[        ]   Build cache is disabled
[        ] Skipping task ':flutter_openssl_crypto:compileDebugLibraryResources' as it is up-to-date.
[        ] work action resolve out (project :flutter_openssl_crypto) (Thread[#46014,Execution worker Thread 9,5,main]) started.
[        ] Resolve mutations for :flutter_openssl_crypto:parseDebugLocalResources (Thread[#46014,Execution worker Thread 9,5,main]) started.
[        ] :flutter_openssl_crypto:parseDebugLocalResources (Thread[#46014,Execution worker Thread 9,5,main]) started.
[        ] > Task :flutter_openssl_crypto:parseDebugLocalResources UP-TO-DATE
[        ] Caching disabled for task ':flutter_openssl_crypto:parseDebugLocalResources' because:
[        ]   Build cache is disabled
[        ] Skipping task ':flutter_openssl_crypto:parseDebugLocalResources' as it is up-to-date.
[        ] Resolve mutations for :flutter_openssl_crypto:generateDebugRFile (Thread[#46014,Execution worker Thread 9,5,main]) started.
[        ] :flutter_openssl_crypto:generateDebugRFile (Thread[#46014,Execution worker Thread 9,5,main]) started.
[        ] > Task :flutter_openssl_crypto:generateDebugRFile UP-TO-DATE
[        ] Caching disabled for task ':flutter_openssl_crypto:generateDebugRFile' because:
[        ]   Build cache is disabled
[        ] Skipping task ':flutter_openssl_crypto:generateDebugRFile' as it is up-to-date.
[        ] work action resolve package-aware-r.txt (project :flutter_openssl_crypto) (Thread[#46014,Execution worker Thread 9,5,main]) started.
[        ] Resolve mutations for :integration_test:compileDebugLibraryResources (Thread[#46014,Execution worker Thread 9,5,main]) started.
[        ] :integration_test:compileDebugLibraryResources (Thread[#46014,Execution worker Thread 9,5,main]) started.
[        ] > Task :integration_test:compileDebugLibraryResources UP-TO-DATE
[        ] Caching disabled for task ':integration_test:compileDebugLibraryResources' because:
[        ]   Build cache is disabled
[        ] Skipping task ':integration_test:compileDebugLibraryResources' as it is up-to-date.
[        ] work action resolve out (project :integration_test) (Thread[#46014,Execution worker Thread 9,5,main]) started.
[        ] Resolve mutations for :integration_test:parseDebugLocalResources (Thread[#46014,Execution worker Thread 9,5,main]) started.
[        ] :integration_test:parseDebugLocalResources (Thread[#46014,Execution worker Thread 9,5,main]) started.
[        ] > Task :integration_test:parseDebugLocalResources UP-TO-DATE
[        ] Caching disabled for task ':integration_test:parseDebugLocalResources' because:
[        ]   Build cache is disabled
[        ] Skipping task ':integration_test:parseDebugLocalResources' as it is up-to-date.
[        ] Resolve mutations for :integration_test:generateDebugRFile (Thread[#46014,Execution worker Thread 9,5,main]) started.
[        ] :integration_test:generateDebugRFile (Thread[#46014,Execution worker Thread 9,5,main]) started.
[        ] > Task :integration_test:generateDebugRFile UP-TO-DATE
[        ] Caching disabled for task ':integration_test:generateDebugRFile' because:
[        ]   Build cache is disabled
[        ] Skipping task ':integration_test:generateDebugRFile' as it is up-to-date.
[        ] work action resolve package-aware-r.txt (project :integration_test) (Thread[#46014,Execution worker Thread 9,5,main]) started.
[        ] Resolve mutations for :path_provider_android:compileDebugLibraryResources (Thread[#46014,Execution worker Thread 9,5,main]) started.
[        ] :path_provider_android:compileDebugLibraryResources (Thread[#46014,Execution worker Thread 9,5,main]) started.
[        ] > Task :path_provider_android:compileDebugLibraryResources UP-TO-DATE
[        ] Caching disabled for task ':path_provider_android:compileDebugLibraryResources' because:
[        ]   Build cache is disabled
[        ] Skipping task ':path_provider_android:compileDebugLibraryResources' as it is up-to-date.
[        ] work action resolve out (project :path_provider_android) (Thread[#46014,Execution worker Thread 9,5,main]) started.
[        ] Resolve mutations for :path_provider_android:parseDebugLocalResources (Thread[#46014,Execution worker Thread 9,5,main]) started.
[        ] :path_provider_android:parseDebugLocalResources (Thread[#46014,Execution worker Thread 9,5,main]) started.
[        ] > Task :path_provider_android:parseDebugLocalResources UP-TO-DATE
[        ] Caching disabled for task ':path_provider_android:parseDebugLocalResources' because:
[        ]   Build cache is disabled
[        ] Skipping task ':path_provider_android:parseDebugLocalResources' as it is up-to-date.
[        ] Resolve mutations for :path_provider_android:generateDebugRFile (Thread[#46014,Execution worker Thread 9,5,main]) started.
[        ] :path_provider_android:generateDebugRFile (Thread[#46014,Execution worker Thread 9,5,main]) started.
[        ] > Task :path_provider_android:generateDebugRFile UP-TO-DATE
[        ] Caching disabled for task ':path_provider_android:generateDebugRFile' because:
[        ]   Build cache is disabled
[        ] Skipping task ':path_provider_android:generateDebugRFile' as it is up-to-date.
[        ] work action resolve package-aware-r.txt (project :path_provider_android) (Thread[#46014,Execution worker Thread 9,5,main]) started.
[        ] Resolve mutations for :quill_native_bridge_android:compileDebugLibraryResources (Thread[#46014,Execution worker Thread 9,5,main]) started.
[        ] :quill_native_bridge_android:compileDebugLibraryResources (Thread[#46014,Execution worker Thread 9,5,main]) started.
[        ] > Task :quill_native_bridge_android:compileDebugLibraryResources UP-TO-DATE
[        ] Caching disabled for task ':quill_native_bridge_android:compileDebugLibraryResources' because:
[        ]   Build cache is disabled
[        ] Skipping task ':quill_native_bridge_android:compileDebugLibraryResources' as it is up-to-date.
[        ] work action resolve out (project :quill_native_bridge_android) (Thread[#46014,Execution worker Thread 9,5,main]) started.
[        ] Resolve mutations for :quill_native_bridge_android:parseDebugLocalResources (Thread[#46014,Execution worker Thread 9,5,main]) started.
[        ] :quill_native_bridge_android:parseDebugLocalResources (Thread[#46014,Execution worker Thread 9,5,main]) started.
[        ] > Task :quill_native_bridge_android:parseDebugLocalResources UP-TO-DATE
[        ] Caching disabled for task ':quill_native_bridge_android:parseDebugLocalResources' because:
[        ]   Build cache is disabled
[        ] Skipping task ':quill_native_bridge_android:parseDebugLocalResources' as it is up-to-date.
[        ] Resolve mutations for :quill_native_bridge_android:generateDebugRFile (Thread[#46014,Execution worker Thread 9,5,main]) started.
[        ] :quill_native_bridge_android:generateDebugRFile (Thread[#46014,Execution worker Thread 9,5,main]) started.
[        ] > Task :quill_native_bridge_android:generateDebugRFile UP-TO-DATE
[        ] Caching disabled for task ':quill_native_bridge_android:generateDebugRFile' because:
[        ]   Build cache is disabled
[        ] Skipping task ':quill_native_bridge_android:generateDebugRFile' as it is up-to-date.
[        ] work action resolve package-aware-r.txt (project :quill_native_bridge_android) (Thread[#46014,Execution worker Thread 9,5,main]) started.
[        ] Resolve mutations for :shared_preferences_android:compileDebugLibraryResources (Thread[#46014,Execution worker Thread 9,5,main]) started.
[        ] :shared_preferences_android:compileDebugLibraryResources (Thread[#46014,Execution worker Thread 9,5,main]) started.
[        ] > Task :shared_preferences_android:compileDebugLibraryResources UP-TO-DATE
[        ] Caching disabled for task ':shared_preferences_android:compileDebugLibraryResources' because:
[        ]   Build cache is disabled
[        ] Skipping task ':shared_preferences_android:compileDebugLibraryResources' as it is up-to-date.
[        ] work action resolve out (project :shared_preferences_android) (Thread[#46014,Execution worker Thread 9,5,main]) started.
[        ] Resolve mutations for :shared_preferences_android:parseDebugLocalResources (Thread[#46014,Execution worker Thread 9,5,main]) started.
[        ] :shared_preferences_android:parseDebugLocalResources (Thread[#46014,Execution worker Thread 9,5,main]) started.
[        ] > Task :shared_preferences_android:parseDebugLocalResources UP-TO-DATE
[        ] Caching disabled for task ':shared_preferences_android:parseDebugLocalResources' because:
[        ]   Build cache is disabled
[        ] Skipping task ':shared_preferences_android:parseDebugLocalResources' as it is up-to-date.
[        ] Resolve mutations for :shared_preferences_android:generateDebugRFile (Thread[#46014,Execution worker Thread 9,5,main]) started.
[        ] :shared_preferences_android:generateDebugRFile (Thread[#46014,Execution worker Thread 9,5,main]) started.
[        ] > Task :shared_preferences_android:generateDebugRFile UP-TO-DATE
[        ] Caching disabled for task ':shared_preferences_android:generateDebugRFile' because:
[        ]   Build cache is disabled
[        ] Skipping task ':shared_preferences_android:generateDebugRFile' as it is up-to-date.
[        ] work action resolve package-aware-r.txt (project :shared_preferences_android) (Thread[#46014,Execution worker Thread 9,5,main]) started.
[        ] Resolve mutations for :sqflite_android:compileDebugLibraryResources (Thread[#46014,Execution worker Thread 9,5,main]) started.
[        ] :sqflite_android:compileDebugLibraryResources (Thread[#46014,Execution worker Thread 9,5,main]) started.
[        ] > Task :sqflite_android:compileDebugLibraryResources UP-TO-DATE
[        ] Caching disabled for task ':sqflite_android:compileDebugLibraryResources' because:
[        ]   Build cache is disabled
[        ] Skipping task ':sqflite_android:compileDebugLibraryResources' as it is up-to-date.
[        ] work action resolve out (project :sqflite_android) (Thread[#46014,Execution worker Thread 9,5,main]) started.
[        ] Resolve mutations for :sqflite_android:parseDebugLocalResources (Thread[#46014,Execution worker Thread 9,5,main]) started.
[        ] :sqflite_android:parseDebugLocalResources (Thread[#46014,Execution worker Thread 9,5,main]) started.
[        ] > Task :sqflite_android:parseDebugLocalResources UP-TO-DATE
[        ] Caching disabled for task ':sqflite_android:parseDebugLocalResources' because:
[        ]   Build cache is disabled
[        ] Skipping task ':sqflite_android:parseDebugLocalResources' as it is up-to-date.
[        ] Resolve mutations for :sqflite_android:generateDebugRFile (Thread[#46014,Execution worker Thread 9,5,main]) started.
[        ] :sqflite_android:generateDebugRFile (Thread[#46014,Execution worker Thread 9,5,main]) started.
[        ] > Task :sqflite_android:generateDebugRFile UP-TO-DATE
[        ] Caching disabled for task ':sqflite_android:generateDebugRFile' because:
[        ]   Build cache is disabled
[        ] Skipping task ':sqflite_android:generateDebugRFile' as it is up-to-date.
[        ] work action resolve package-aware-r.txt (project :sqflite_android) (Thread[#46014,Execution worker Thread 9,5,main]) started.
[        ] Resolve mutations for :url_launcher_android:compileDebugLibraryResources (Thread[#46014,Execution worker Thread 9,5,main]) started.
[        ] :url_launcher_android:compileDebugLibraryResources (Thread[#46014,Execution worker Thread 9,5,main]) started.
[        ] > Task :url_launcher_android:compileDebugLibraryResources UP-TO-DATE
[        ] Caching disabled for task ':url_launcher_android:compileDebugLibraryResources' because:
[        ]   Build cache is disabled
[        ] Skipping task ':url_launcher_android:compileDebugLibraryResources' as it is up-to-date.
[        ] work action resolve out (project :url_launcher_android) (Thread[#46014,Execution worker Thread 9,5,main]) started.
[        ] Resolve mutations for :url_launcher_android:parseDebugLocalResources (Thread[#46014,Execution worker Thread 9,5,main]) started.
[        ] :url_launcher_android:parseDebugLocalResources (Thread[#46014,Execution worker Thread 9,5,main]) started.
[        ] > Task :url_launcher_android:parseDebugLocalResources UP-TO-DATE
[        ] Caching disabled for task ':url_launcher_android:parseDebugLocalResources' because:
[        ]   Build cache is disabled
[        ] Skipping task ':url_launcher_android:parseDebugLocalResources' as it is up-to-date.
[        ] Resolve mutations for :url_launcher_android:generateDebugRFile (Thread[#46014,Execution worker Thread 9,5,main]) started.
[        ] :url_launcher_android:generateDebugRFile (Thread[#46014,Execution worker Thread 9,5,main]) started.
[        ] > Task :url_launcher_android:generateDebugRFile UP-TO-DATE
[        ] Caching disabled for task ':url_launcher_android:generateDebugRFile' because:
[        ]   Build cache is disabled
[        ] Skipping task ':url_launcher_android:generateDebugRFile' as it is up-to-date.
[        ] work action resolve package-aware-r.txt (project :url_launcher_android) (Thread[#46014,Execution worker Thread 9,5,main]) started.
[        ] Resolve mutations for :video_player_android:compileDebugLibraryResources (Thread[#46014,Execution worker Thread 9,5,main]) started.
[        ] :video_player_android:compileDebugLibraryResources (Thread[#46014,Execution worker Thread 9,5,main]) started.
[        ] > Task :video_player_android:compileDebugLibraryResources UP-TO-DATE
[        ] Caching disabled for task ':video_player_android:compileDebugLibraryResources' because:
[        ]   Build cache is disabled
[        ] Skipping task ':video_player_android:compileDebugLibraryResources' as it is up-to-date.
[        ] work action resolve out (project :video_player_android) (Thread[#46014,Execution worker Thread 9,5,main]) started.
[        ] Resolve mutations for :video_player_android:parseDebugLocalResources (Thread[#46014,Execution worker Thread 9,5,main]) started.
[        ] :video_player_android:parseDebugLocalResources (Thread[#46014,Execution worker Thread 9,5,main]) started.
[        ] > Task :video_player_android:parseDebugLocalResources UP-TO-DATE
[        ] Caching disabled for task ':video_player_android:parseDebugLocalResources' because:
[        ]   Build cache is disabled
[        ] Skipping task ':video_player_android:parseDebugLocalResources' as it is up-to-date.
[        ] Resolve mutations for :video_player_android:generateDebugRFile (Thread[#46014,Execution worker Thread 9,5,main]) started.
[        ] :video_player_android:generateDebugRFile (Thread[#46014,Execution worker Thread 9,5,main]) started.
[        ] > Task :video_player_android:generateDebugRFile UP-TO-DATE
[        ] Caching disabled for task ':video_player_android:generateDebugRFile' because:
[        ]   Build cache is disabled
[        ] Skipping task ':video_player_android:generateDebugRFile' as it is up-to-date.
[        ] work action resolve package-aware-r.txt (project :video_player_android) (Thread[#46014,Execution worker Thread 9,5,main]) started.
[        ] Resolve mutations for :app:processDebugResources (Thread[#46014,Execution worker Thread 9,5,main]) started.
[        ] :app:processDebugResources (Thread[#46014,Execution worker Thread 9,5,main]) started.
[        ] > Task :app:processDebugResources UP-TO-DATE
[        ] Caching disabled for task ':app:processDebugResources' because:
[        ]   Build cache is disabled
[        ] Skipping task ':app:processDebugResources' as it is up-to-date.
[        ] Resolve mutations for :connectivity_plus:javaPreCompileDebug (Thread[#46014,Execution worker Thread 9,5,main]) started.
[        ] :connectivity_plus:javaPreCompileDebug (Thread[#46014,Execution worker Thread 9,5,main]) started.
[        ] > Task :connectivity_plus:javaPreCompileDebug UP-TO-DATE
[        ] Caching disabled for task ':connectivity_plus:javaPreCompileDebug' because:
[        ]   Build cache is disabled
[        ] Skipping task ':connectivity_plus:javaPreCompileDebug' as it is up-to-date.
[        ] Resolve mutations for :connectivity_plus:compileDebugJavaWithJavac (Thread[#46014,Execution worker Thread 9,5,main]) started.
[        ] :connectivity_plus:compileDebugJavaWithJavac (Thread[#46014,Execution worker Thread 9,5,main]) started.
[        ] > Task :connectivity_plus:compileDebugJavaWithJavac UP-TO-DATE
[        ] Custom actions are attached to task ':connectivity_plus:compileDebugJavaWithJavac'.
[        ] Caching disabled for task ':connectivity_plus:compileDebugJavaWithJavac' because:
[        ]   Build cache is disabled
[        ] Skipping task ':connectivity_plus:compileDebugJavaWithJavac' as it is up-to-date.
[        ] No compile result for :connectivity_plus:compileDebugJavaWithJavac
[        ] No compile result for :connectivity_plus:compileDebugJavaWithJavac
[        ] Resolve mutations for :connectivity_plus:bundleLibCompileToJarDebug (Thread[#46014,Execution worker Thread 9,5,main]) started.
[        ] :connectivity_plus:bundleLibCompileToJarDebug (Thread[#46014,Execution worker Thread 9,5,main]) started.
[        ] > Task :connectivity_plus:bundleLibCompileToJarDebug UP-TO-DATE
[        ] Caching disabled for task ':connectivity_plus:bundleLibCompileToJarDebug' because:
[        ]   Build cache is disabled
[        ]   Simple merging task
[        ] Skipping task ':connectivity_plus:bundleLibCompileToJarDebug' as it is up-to-date.
[        ] work action resolve classes.jar (project :connectivity_plus) (Thread[#46014,Execution worker Thread 9,5,main]) started.
[        ] Resolve mutations for :emoji_picker_flutter:checkKotlinGradlePluginConfigurationErrors (Thread[#46014,Execution worker Thread 9,5,main]) started.
[        ] :emoji_picker_flutter:checkKotlinGradlePluginConfigurationErrors (Thread[#46014,Execution worker Thread 9,5,main]) started.
[        ] > Task :emoji_picker_flutter:checkKotlinGradlePluginConfigurationErrors SKIPPED
[        ] Skipping task ':emoji_picker_flutter:checkKotlinGradlePluginConfigurationErrors' as task onlyIf 'errorDiagnostics are present' is false.
[        ] Resolve mutations for :emoji_picker_flutter:compileDebugKotlin (Thread[#46014,Execution worker Thread 9,5,main]) started.
[        ] :emoji_picker_flutter:compileDebugKotlin (Thread[#46014,Execution worker Thread 9,5,main]) started.
[        ] > Task :emoji_picker_flutter:compileDebugKotlin UP-TO-DATE
[        ] Adding -Xuse-inline-scopes-numbers Kotlin compiler flag for task :emoji_picker_flutter:compileDebugAndroidTestKotlin
[        ] Caching disabled for task ':emoji_picker_flutter:compileDebugKotlin' because:
[        ]   Build cache is disabled
[        ] Skipping task ':emoji_picker_flutter:compileDebugKotlin' as it is up-to-date.
[        ] Resolve mutations for :emoji_picker_flutter:javaPreCompileDebug (Thread[#46014,Execution worker Thread 9,5,main]) started.
[        ] :emoji_picker_flutter:javaPreCompileDebug (Thread[#46014,Execution worker Thread 9,5,main]) started.
[        ] > Task :emoji_picker_flutter:javaPreCompileDebug UP-TO-DATE
[        ] Caching disabled for task ':emoji_picker_flutter:javaPreCompileDebug' because:
[        ]   Build cache is disabled
[        ] Skipping task ':emoji_picker_flutter:javaPreCompileDebug' as it is up-to-date.
[        ] Resolve mutations for :emoji_picker_flutter:compileDebugJavaWithJavac (Thread[#46014,Execution worker Thread 9,5,main]) started.
[        ] :emoji_picker_flutter:compileDebugJavaWithJavac (Thread[#46014,Execution worker Thread 9,5,main]) started.
[        ] > Task :emoji_picker_flutter:compileDebugJavaWithJavac NO-SOURCE
[        ] Skipping task ':emoji_picker_flutter:compileDebugJavaWithJavac' as it has no source files and no previous output files.
[        ] Resolve mutations for :emoji_picker_flutter:bundleLibCompileToJarDebug (Thread[#46014,Execution worker Thread 9,5,main]) started.
[        ] :emoji_picker_flutter:bundleLibCompileToJarDebug (Thread[#46014,Execution worker Thread 9,5,main]) started.
[        ] > Task :emoji_picker_flutter:bundleLibCompileToJarDebug UP-TO-DATE
[        ] Caching disabled for task ':emoji_picker_flutter:bundleLibCompileToJarDebug' because:
[        ]   Build cache is disabled
[        ]   Simple merging task
[        ] Skipping task ':emoji_picker_flutter:bundleLibCompileToJarDebug' as it is up-to-date.
[        ] work action resolve classes.jar (project :emoji_picker_flutter) (Thread[#46014,Execution worker Thread 9,5,main]) started.
[        ] Resolve mutations for :file_selector_android:javaPreCompileDebug (Thread[#46014,Execution worker Thread 9,5,main]) started.
[        ] :file_selector_android:javaPreCompileDebug (Thread[#46014,Execution worker Thread 9,5,main]) started.
[        ] > Task :file_selector_android:javaPreCompileDebug UP-TO-DATE
[        ] Caching disabled for task ':file_selector_android:javaPreCompileDebug' because:
[        ]   Build cache is disabled
[        ] Skipping task ':file_selector_android:javaPreCompileDebug' as it is up-to-date.
[        ] Resolve mutations for :file_selector_android:compileDebugJavaWithJavac (Thread[#46014,Execution worker Thread 9,5,main]) started.
[        ] :file_selector_android:compileDebugJavaWithJavac (Thread[#46014,Execution worker Thread 9,5,main]) started.
[        ] > Task :file_selector_android:compileDebugJavaWithJavac UP-TO-DATE
[        ] Custom actions are attached to task ':file_selector_android:compileDebugJavaWithJavac'.
[        ] Caching disabled for task ':file_selector_android:compileDebugJavaWithJavac' because:
[        ]   Build cache is disabled
[        ] Skipping task ':file_selector_android:compileDebugJavaWithJavac' as it is up-to-date.
[        ] No compile result for :file_selector_android:compileDebugJavaWithJavac
[        ] No compile result for :file_selector_android:compileDebugJavaWithJavac
[        ] Resolve mutations for :file_selector_android:bundleLibCompileToJarDebug (Thread[#46014,Execution worker Thread 9,5,main]) started.
[        ] :file_selector_android:bundleLibCompileToJarDebug (Thread[#46014,Execution worker Thread 9,5,main]) started.
[        ] > Task :file_selector_android:bundleLibCompileToJarDebug UP-TO-DATE
[        ] Caching disabled for task ':file_selector_android:bundleLibCompileToJarDebug' because:
[        ]   Build cache is disabled
[        ]   Simple merging task
[        ] Skipping task ':file_selector_android:bundleLibCompileToJarDebug' as it is up-to-date.
[        ] work action resolve classes.jar (project :file_selector_android) (Thread[#46014,Execution worker Thread 9,5,main]) started.
[        ] Resolve mutations for :flutter_keyboard_visibility_temp_fork:javaPreCompileDebug (Thread[#46014,Execution worker Thread 9,5,main]) started.
[        ] :flutter_keyboard_visibility_temp_fork:javaPreCompileDebug (Thread[#46014,Execution worker Thread 9,5,main]) started.
[        ] > Task :flutter_keyboard_visibility_temp_fork:javaPreCompileDebug UP-TO-DATE
[        ] Caching disabled for task ':flutter_keyboard_visibility_temp_fork:javaPreCompileDebug' because:
[        ]   Build cache is disabled
[        ] Skipping task ':flutter_keyboard_visibility_temp_fork:javaPreCompileDebug' as it is up-to-date.
[        ] Resolve mutations for :flutter_keyboard_visibility_temp_fork:compileDebugJavaWithJavac (Thread[#46014,Execution worker Thread 9,5,main]) started.
[        ] :flutter_keyboard_visibility_temp_fork:compileDebugJavaWithJavac (Thread[#46014,Execution worker Thread 9,5,main]) started.
[        ] > Task :flutter_keyboard_visibility_temp_fork:compileDebugJavaWithJavac UP-TO-DATE
[        ] Custom actions are attached to task ':flutter_keyboard_visibility_temp_fork:compileDebugJavaWithJavac'.
[        ] Caching disabled for task ':flutter_keyboard_visibility_temp_fork:compileDebugJavaWithJavac' because:
[        ]   Build cache is disabled
[        ] Skipping task ':flutter_keyboard_visibility_temp_fork:compileDebugJavaWithJavac' as it is up-to-date.
[        ] No compile result for :flutter_keyboard_visibility_temp_fork:compileDebugJavaWithJavac
[        ] No compile result for :flutter_keyboard_visibility_temp_fork:compileDebugJavaWithJavac
[        ] Resolve mutations for :flutter_keyboard_visibility_temp_fork:bundleLibCompileToJarDebug (Thread[#46014,Execution worker Thread 9,5,main]) started.
[        ] :flutter_keyboard_visibility_temp_fork:bundleLibCompileToJarDebug (Thread[#46014,Execution worker Thread 9,5,main]) started.
[        ] > Task :flutter_keyboard_visibility_temp_fork:bundleLibCompileToJarDebug UP-TO-DATE
[        ] Caching disabled for task ':flutter_keyboard_visibility_temp_fork:bundleLibCompileToJarDebug' because:
[        ]   Build cache is disabled
[        ]   Simple merging task
[        ] Skipping task ':flutter_keyboard_visibility_temp_fork:bundleLibCompileToJarDebug' as it is up-to-date.
[        ] work action resolve classes.jar (project :flutter_keyboard_visibility_temp_fork) (Thread[#46014,Execution worker Thread 9,5,main]) started.
[        ] Resolve mutations for :flutter_native_splash:javaPreCompileDebug (Thread[#46014,Execution worker Thread 9,5,main]) started.
[        ] :flutter_native_splash:javaPreCompileDebug (Thread[#46014,Execution worker Thread 9,5,main]) started.
[        ] > Task :flutter_native_splash:javaPreCompileDebug UP-TO-DATE
[        ] Caching disabled for task ':flutter_native_splash:javaPreCompileDebug' because:
[        ]   Build cache is disabled
[        ] Skipping task ':flutter_native_splash:javaPreCompileDebug' as it is up-to-date.
[        ] Resolve mutations for :flutter_native_splash:compileDebugJavaWithJavac (Thread[#46014,Execution worker Thread 9,5,main]) started.
[        ] :flutter_native_splash:compileDebugJavaWithJavac (Thread[#46014,Execution worker Thread 9,5,main]) started.
[        ] > Task :flutter_native_splash:compileDebugJavaWithJavac UP-TO-DATE
[        ] Custom actions are attached to task ':flutter_native_splash:compileDebugJavaWithJavac'.
[        ] Caching disabled for task ':flutter_native_splash:compileDebugJavaWithJavac' because:
[        ]   Build cache is disabled
[        ] Skipping task ':flutter_native_splash:compileDebugJavaWithJavac' as it is up-to-date.
[        ] No compile result for :flutter_native_splash:compileDebugJavaWithJavac
[        ] No compile result for :flutter_native_splash:compileDebugJavaWithJavac
[        ] Resolve mutations for :flutter_native_splash:bundleLibCompileToJarDebug (Thread[#46014,Execution worker Thread 9,5,main]) started.
[        ] :flutter_native_splash:bundleLibCompileToJarDebug (Thread[#46014,Execution worker Thread 9,5,main]) started.
[        ] > Task :flutter_native_splash:bundleLibCompileToJarDebug UP-TO-DATE
[        ] Caching disabled for task ':flutter_native_splash:bundleLibCompileToJarDebug' because:
[        ]   Build cache is disabled
[        ]   Simple merging task
[        ] Skipping task ':flutter_native_splash:bundleLibCompileToJarDebug' as it is up-to-date.
[        ] work action resolve classes.jar (project :flutter_native_splash) (Thread[#46014,Execution worker Thread 9,5,main]) started.
[        ] Resolve mutations for :flutter_olm:checkKotlinGradlePluginConfigurationErrors (Thread[#46014,Execution worker Thread 9,5,main]) started.
[        ] :flutter_olm:checkKotlinGradlePluginConfigurationErrors (Thread[#46014,Execution worker Thread 9,5,main]) started.
[        ] > Task :flutter_olm:checkKotlinGradlePluginConfigurationErrors SKIPPED
[        ] Skipping task ':flutter_olm:checkKotlinGradlePluginConfigurationErrors' as task onlyIf 'errorDiagnostics are present' is false.
[        ] Resolve mutations for :flutter_olm:compileDebugKotlin (Thread[#46014,Execution worker Thread 9,5,main]) started.
[        ] :flutter_olm:compileDebugKotlin (Thread[#46014,Execution worker Thread 9,5,main]) started.
[        ] > Task :flutter_olm:compileDebugKotlin UP-TO-DATE
[        ] Adding -Xuse-inline-scopes-numbers Kotlin compiler flag for task :flutter_olm:compileDebugAndroidTestKotlin
[        ] Caching disabled for task ':flutter_olm:compileDebugKotlin' because:
[        ]   Build cache is disabled
[        ] Skipping task ':flutter_olm:compileDebugKotlin' as it is up-to-date.
[        ] Resolve mutations for :flutter_olm:javaPreCompileDebug (Thread[#46014,Execution worker Thread 9,5,main]) started.
[        ] :flutter_olm:javaPreCompileDebug (Thread[#46014,Execution worker Thread 9,5,main]) started.
[        ] > Task :flutter_olm:javaPreCompileDebug UP-TO-DATE
[        ] Caching disabled for task ':flutter_olm:javaPreCompileDebug' because:
[        ]   Build cache is disabled
[        ] Skipping task ':flutter_olm:javaPreCompileDebug' as it is up-to-date.
[        ] Resolve mutations for :flutter_olm:compileDebugJavaWithJavac (Thread[#46014,Execution worker Thread 9,5,main]) started.
[        ] :flutter_olm:compileDebugJavaWithJavac (Thread[#46014,Execution worker Thread 9,5,main]) started.
[        ] > Task :flutter_olm:compileDebugJavaWithJavac NO-SOURCE
[        ] Skipping task ':flutter_olm:compileDebugJavaWithJavac' as it has no source files and no previous output files.
[        ] Resolve mutations for :flutter_olm:bundleLibCompileToJarDebug (Thread[#46014,Execution worker Thread 9,5,main]) started.
[        ] :flutter_olm:bundleLibCompileToJarDebug (Thread[#46014,Execution worker Thread 9,5,main]) started.
[        ] > Task :flutter_olm:bundleLibCompileToJarDebug UP-TO-DATE
[        ] Caching disabled for task ':flutter_olm:bundleLibCompileToJarDebug' because:
[        ]   Build cache is disabled
[        ]   Simple merging task
[        ] Skipping task ':flutter_olm:bundleLibCompileToJarDebug' as it is up-to-date.
[        ] work action resolve classes.jar (project :flutter_olm) (Thread[#46014,Execution worker Thread 9,5,main]) started.
[        ] Resolve mutations for :flutter_openssl_crypto:checkKotlinGradlePluginConfigurationErrors (Thread[#46014,Execution worker Thread 9,5,main]) started.
[        ] :flutter_openssl_crypto:checkKotlinGradlePluginConfigurationErrors (Thread[#46014,Execution worker Thread 9,5,main]) started.
[        ] > Task :flutter_openssl_crypto:checkKotlinGradlePluginConfigurationErrors SKIPPED
[        ] Skipping task ':flutter_openssl_crypto:checkKotlinGradlePluginConfigurationErrors' as task onlyIf 'errorDiagnostics are present' is false.
[        ] Resolve mutations for :flutter_openssl_crypto:compileDebugKotlin (Thread[#46014,Execution worker Thread 9,5,main]) started.
[        ] :flutter_openssl_crypto:compileDebugKotlin (Thread[#46014,Execution worker Thread 9,5,main]) started.
[        ] > Task :flutter_openssl_crypto:compileDebugKotlin UP-TO-DATE
[        ] Adding -Xuse-inline-scopes-numbers Kotlin compiler flag for task :flutter_openssl_crypto:compileDebugAndroidTestKotlin
[        ] Caching disabled for task ':flutter_openssl_crypto:compileDebugKotlin' because:
[        ]   Build cache is disabled
[        ] Skipping task ':flutter_openssl_crypto:compileDebugKotlin' as it is up-to-date.
[        ] Resolve mutations for :flutter_openssl_crypto:javaPreCompileDebug (Thread[#46014,Execution worker Thread 9,5,main]) started.
[        ] :flutter_openssl_crypto:javaPreCompileDebug (Thread[#46014,Execution worker Thread 9,5,main]) started.
[        ] > Task :flutter_openssl_crypto:javaPreCompileDebug UP-TO-DATE
[        ] Caching disabled for task ':flutter_openssl_crypto:javaPreCompileDebug' because:
[        ]   Build cache is disabled
[        ] Skipping task ':flutter_openssl_crypto:javaPreCompileDebug' as it is up-to-date.
[        ] Resolve mutations for :flutter_openssl_crypto:compileDebugJavaWithJavac (Thread[#46014,Execution worker Thread 9,5,main]) started.
[        ] :flutter_openssl_crypto:compileDebugJavaWithJavac (Thread[#46014,Execution worker Thread 9,5,main]) started.
[        ] > Task :flutter_openssl_crypto:compileDebugJavaWithJavac NO-SOURCE
[        ] Skipping task ':flutter_openssl_crypto:compileDebugJavaWithJavac' as it has no source files and no previous output files.
[        ] Resolve mutations for :flutter_openssl_crypto:bundleLibCompileToJarDebug (Thread[#46014,Execution worker Thread 9,5,main]) started.
[        ] :flutter_openssl_crypto:bundleLibCompileToJarDebug (Thread[#46014,Execution worker Thread 9,5,main]) started.
[        ] > Task :flutter_openssl_crypto:bundleLibCompileToJarDebug UP-TO-DATE
[        ] Caching disabled for task ':flutter_openssl_crypto:bundleLibCompileToJarDebug' because:
[        ]   Build cache is disabled
[        ]   Simple merging task
[        ] Skipping task ':flutter_openssl_crypto:bundleLibCompileToJarDebug' as it is up-to-date.
[        ] work action resolve classes.jar (project :flutter_openssl_crypto) (Thread[#46014,Execution worker Thread 9,5,main]) started.
[        ] Resolve mutations for :integration_test:javaPreCompileDebug (Thread[#46014,Execution worker Thread 9,5,main]) started.
[        ] :integration_test:javaPreCompileDebug (Thread[#46014,Execution worker Thread 9,5,main]) started.
[        ] > Task :integration_test:javaPreCompileDebug UP-TO-DATE
[        ] Caching disabled for task ':integration_test:javaPreCompileDebug' because:
[        ]   Build cache is disabled
[        ] Skipping task ':integration_test:javaPreCompileDebug' as it is up-to-date.
[        ] Resolve mutations for :integration_test:compileDebugJavaWithJavac (Thread[#46014,Execution worker Thread 9,5,main]) started.
[        ] :integration_test:compileDebugJavaWithJavac (Thread[#46014,Execution worker Thread 9,5,main]) started.
[        ] > Task :integration_test:compileDebugJavaWithJavac UP-TO-DATE
[        ] Custom actions are attached to task ':integration_test:compileDebugJavaWithJavac'.
[        ] Caching disabled for task ':integration_test:compileDebugJavaWithJavac' because:
[        ]   Build cache is disabled
[        ] Skipping task ':integration_test:compileDebugJavaWithJavac' as it is up-to-date.
[        ] No compile result for :integration_test:compileDebugJavaWithJavac
[        ] No compile result for :integration_test:compileDebugJavaWithJavac
[        ] Resolve mutations for :integration_test:bundleLibCompileToJarDebug (Thread[#46014,Execution worker Thread 9,5,main]) started.
[        ] :integration_test:bundleLibCompileToJarDebug (Thread[#46014,Execution worker Thread 9,5,main]) started.
[        ] > Task :integration_test:bundleLibCompileToJarDebug UP-TO-DATE
[        ] Caching disabled for task ':integration_test:bundleLibCompileToJarDebug' because:
[        ]   Build cache is disabled
[        ]   Simple merging task
[        ] Skipping task ':integration_test:bundleLibCompileToJarDebug' as it is up-to-date.
[        ] work action resolve classes.jar (project :integration_test) (Thread[#46014,Execution worker Thread 9,5,main]) started.
[        ] Resolve mutations for :path_provider_android:javaPreCompileDebug (Thread[#46014,Execution worker Thread 9,5,main]) started.
[        ] :path_provider_android:javaPreCompileDebug (Thread[#46014,Execution worker Thread 9,5,main]) started.
[        ] > Task :path_provider_android:javaPreCompileDebug UP-TO-DATE
[        ] Caching disabled for task ':path_provider_android:javaPreCompileDebug' because:
[        ]   Build cache is disabled
[        ] Skipping task ':path_provider_android:javaPreCompileDebug' as it is up-to-date.
[        ] Resolve mutations for :path_provider_android:compileDebugJavaWithJavac (Thread[#46014,Execution worker Thread 9,5,main]) started.
[        ] :path_provider_android:compileDebugJavaWithJavac (Thread[#46014,Execution worker Thread 9,5,main]) started.
[        ] > Task :path_provider_android:compileDebugJavaWithJavac UP-TO-DATE
[        ] Custom actions are attached to task ':path_provider_android:compileDebugJavaWithJavac'.
[        ] Caching disabled for task ':path_provider_android:compileDebugJavaWithJavac' because:
[        ]   Build cache is disabled
[        ] Skipping task ':path_provider_android:compileDebugJavaWithJavac' as it is up-to-date.
[        ] No compile result for :path_provider_android:compileDebugJavaWithJavac
[        ] No compile result for :path_provider_android:compileDebugJavaWithJavac
[        ] Resolve mutations for :path_provider_android:bundleLibCompileToJarDebug (Thread[#46014,Execution worker Thread 9,5,main]) started.
[        ] :path_provider_android:bundleLibCompileToJarDebug (Thread[#46014,Execution worker Thread 9,5,main]) started.
[        ] > Task :path_provider_android:bundleLibCompileToJarDebug UP-TO-DATE
[        ] Caching disabled for task ':path_provider_android:bundleLibCompileToJarDebug' because:
[        ]   Build cache is disabled
[        ]   Simple merging task
[        ] Skipping task ':path_provider_android:bundleLibCompileToJarDebug' as it is up-to-date.
[        ] work action resolve classes.jar (project :path_provider_android) (Thread[#46014,Execution worker Thread 9,5,main]) started.
[        ] Resolve mutations for :quill_native_bridge_android:checkKotlinGradlePluginConfigurationErrors (Thread[#46014,Execution worker Thread 9,5,main]) started.
[        ] :quill_native_bridge_android:checkKotlinGradlePluginConfigurationErrors (Thread[#46014,Execution worker Thread 9,5,main]) started.
[        ] > Task :quill_native_bridge_android:checkKotlinGradlePluginConfigurationErrors SKIPPED
[        ] Skipping task ':quill_native_bridge_android:checkKotlinGradlePluginConfigurationErrors' as task onlyIf 'errorDiagnostics are present' is false.
[        ] Resolve mutations for :quill_native_bridge_android:compileDebugKotlin (Thread[#46014,Execution worker Thread 9,5,main]) started.
[        ] :quill_native_bridge_android:compileDebugKotlin (Thread[#46014,Execution worker Thread 9,5,main]) started.
[        ] > Task :quill_native_bridge_android:compileDebugKotlin UP-TO-DATE
[        ] Adding -Xuse-inline-scopes-numbers Kotlin compiler flag for task :quill_native_bridge_android:compileDebugAndroidTestKotlin
[        ] Caching disabled for task ':quill_native_bridge_android:compileDebugKotlin' because:
[        ]   Build cache is disabled
[        ] Skipping task ':quill_native_bridge_android:compileDebugKotlin' as it is up-to-date.
[        ] Resolve mutations for :quill_native_bridge_android:javaPreCompileDebug (Thread[#46014,Execution worker Thread 9,5,main]) started.
[        ] :quill_native_bridge_android:javaPreCompileDebug (Thread[#46014,Execution worker Thread 9,5,main]) started.
[        ] > Task :quill_native_bridge_android:javaPreCompileDebug UP-TO-DATE
[        ] Caching disabled for task ':quill_native_bridge_android:javaPreCompileDebug' because:
[        ]   Build cache is disabled
[        ] Skipping task ':quill_native_bridge_android:javaPreCompileDebug' as it is up-to-date.
[        ] Resolve mutations for :quill_native_bridge_android:compileDebugJavaWithJavac (Thread[#46014,Execution worker Thread 9,5,main]) started.
[        ] :quill_native_bridge_android:compileDebugJavaWithJavac (Thread[#46014,Execution worker Thread 9,5,main]) started.
[        ] > Task :quill_native_bridge_android:compileDebugJavaWithJavac NO-SOURCE
[        ] Skipping task ':quill_native_bridge_android:compileDebugJavaWithJavac' as it has no source files and no previous output files.
[        ] Resolve mutations for :quill_native_bridge_android:bundleLibCompileToJarDebug (Thread[#46014,Execution worker Thread 9,5,main]) started.
[        ] :quill_native_bridge_android:bundleLibCompileToJarDebug (Thread[#46014,Execution worker Thread 9,5,main]) started.
[        ] > Task :quill_native_bridge_android:bundleLibCompileToJarDebug UP-TO-DATE
[        ] Caching disabled for task ':quill_native_bridge_android:bundleLibCompileToJarDebug' because:
[        ]   Build cache is disabled
[        ]   Simple merging task
[        ] Skipping task ':quill_native_bridge_android:bundleLibCompileToJarDebug' as it is up-to-date.
[        ] work action resolve classes.jar (project :quill_native_bridge_android) (Thread[#46014,Execution worker Thread 9,5,main]) started.
[        ] Resolve mutations for :shared_preferences_android:checkKotlinGradlePluginConfigurationErrors (Thread[#46014,Execution worker Thread 9,5,main]) started.
[        ] :shared_preferences_android:checkKotlinGradlePluginConfigurationErrors (Thread[#46014,Execution worker Thread 9,5,main]) started.
[        ] > Task :shared_preferences_android:checkKotlinGradlePluginConfigurationErrors SKIPPED
[        ] Skipping task ':shared_preferences_android:checkKotlinGradlePluginConfigurationErrors' as task onlyIf 'errorDiagnostics are present' is false.
[        ] Resolve mutations for :shared_preferences_android:compileDebugKotlin (Thread[#46014,Execution worker Thread 9,5,main]) started.
[        ] :shared_preferences_android:compileDebugKotlin (Thread[#46014,Execution worker Thread 9,5,main]) started.
[        ] > Task :shared_preferences_android:compileDebugKotlin UP-TO-DATE
[        ] Adding -Xuse-inline-scopes-numbers Kotlin compiler flag for task :shared_preferences_android:compileDebugAndroidTestKotlin
[        ] Caching disabled for task ':shared_preferences_android:compileDebugKotlin' because:
[        ]   Build cache is disabled
[        ] Skipping task ':shared_preferences_android:compileDebugKotlin' as it is up-to-date.
[        ] Resolve mutations for :shared_preferences_android:javaPreCompileDebug (Thread[#46014,Execution worker Thread 9,5,main]) started.
[        ] :shared_preferences_android:javaPreCompileDebug (Thread[#46014,Execution worker Thread 9,5,main]) started.
[        ] > Task :shared_preferences_android:javaPreCompileDebug UP-TO-DATE
[        ] Caching disabled for task ':shared_preferences_android:javaPreCompileDebug' because:
[        ]   Build cache is disabled
[        ] Skipping task ':shared_preferences_android:javaPreCompileDebug' as it is up-to-date.
[        ] Resolve mutations for :shared_preferences_android:compileDebugJavaWithJavac (Thread[#46014,Execution worker Thread 9,5,main]) started.
[        ] :shared_preferences_android:compileDebugJavaWithJavac (Thread[#46014,Execution worker Thread 9,5,main]) started.
[        ] > Task :shared_preferences_android:compileDebugJavaWithJavac UP-TO-DATE
[        ] Custom actions are attached to task ':shared_preferences_android:compileDebugJavaWithJavac'.
[        ] Caching disabled for task ':shared_preferences_android:compileDebugJavaWithJavac' because:
[        ]   Build cache is disabled
[        ] Skipping task ':shared_preferences_android:compileDebugJavaWithJavac' as it is up-to-date.
[        ] No compile result for :shared_preferences_android:compileDebugJavaWithJavac
[        ] No compile result for :shared_preferences_android:compileDebugJavaWithJavac
[        ] Resolve mutations for :shared_preferences_android:bundleLibCompileToJarDebug (Thread[#46014,Execution worker Thread 9,5,main]) started.
[        ] :shared_preferences_android:bundleLibCompileToJarDebug (Thread[#46014,Execution worker Thread 9,5,main]) started.
[        ] > Task :shared_preferences_android:bundleLibCompileToJarDebug UP-TO-DATE
[        ] Caching disabled for task ':shared_preferences_android:bundleLibCompileToJarDebug' because:
[        ]   Build cache is disabled
[        ]   Simple merging task
[        ] Skipping task ':shared_preferences_android:bundleLibCompileToJarDebug' as it is up-to-date.
[        ] work action resolve classes.jar (project :shared_preferences_android) (Thread[#46014,Execution worker Thread 9,5,main]) started.
[        ] Resolve mutations for :sqflite_android:javaPreCompileDebug (Thread[#46014,Execution worker Thread 9,5,main]) started.
[ +102 ms] :sqflite_android:javaPreCompileDebug (Thread[#46014,Execution worker Thread 9,5,main]) started.
[        ] > Task :sqflite_android:javaPreCompileDebug UP-TO-DATE
[        ] Caching disabled for task ':sqflite_android:javaPreCompileDebug' because:
[        ]   Build cache is disabled
[        ] Skipping task ':sqflite_android:javaPreCompileDebug' as it is up-to-date.
[        ] Resolve mutations for :sqflite_android:compileDebugJavaWithJavac (Thread[#46014,Execution worker Thread 9,5,main]) started.
[        ] :sqflite_android:compileDebugJavaWithJavac (Thread[#46014,Execution worker Thread 9,5,main]) started.
[        ] > Task :sqflite_android:compileDebugJavaWithJavac UP-TO-DATE
[        ] Custom actions are attached to task ':sqflite_android:compileDebugJavaWithJavac'.
[        ] Caching disabled for task ':sqflite_android:compileDebugJavaWithJavac' because:
[        ]   Build cache is disabled
[        ] Skipping task ':sqflite_android:compileDebugJavaWithJavac' as it is up-to-date.
[        ] No compile result for :sqflite_android:compileDebugJavaWithJavac
[        ] No compile result for :sqflite_android:compileDebugJavaWithJavac
[        ] Resolve mutations for :sqflite_android:bundleLibCompileToJarDebug (Thread[#46014,Execution worker Thread 9,5,main]) started.
[        ] :sqflite_android:bundleLibCompileToJarDebug (Thread[#46014,Execution worker Thread 9,5,main]) started.
[        ] > Task :sqflite_android:bundleLibCompileToJarDebug UP-TO-DATE
[        ] Caching disabled for task ':sqflite_android:bundleLibCompileToJarDebug' because:
[        ]   Build cache is disabled
[        ]   Simple merging task
[        ] Skipping task ':sqflite_android:bundleLibCompileToJarDebug' as it is up-to-date.
[        ] work action resolve classes.jar (project :sqflite_android) (Thread[#46014,Execution worker Thread 9,5,main]) started.
[        ] Resolve mutations for :url_launcher_android:generateDebugBuildConfig (Thread[#46014,Execution worker Thread 9,5,main]) started.
[        ] :url_launcher_android:generateDebugBuildConfig (Thread[#46014,Execution worker Thread 9,5,main]) started.
[        ] > Task :url_launcher_android:generateDebugBuildConfig UP-TO-DATE
[        ] Caching disabled for task ':url_launcher_android:generateDebugBuildConfig' because:
[        ]   Build cache is disabled
[        ] Skipping task ':url_launcher_android:generateDebugBuildConfig' as it is up-to-date.
[        ] Resolve mutations for :url_launcher_android:javaPreCompileDebug (Thread[#46014,Execution worker Thread 9,5,main]) started.
[        ] :url_launcher_android:javaPreCompileDebug (Thread[#46014,Execution worker Thread 9,5,main]) started.
[        ] > Task :url_launcher_android:javaPreCompileDebug UP-TO-DATE
[        ] Caching disabled for task ':url_launcher_android:javaPreCompileDebug' because:
[        ]   Build cache is disabled
[        ] Skipping task ':url_launcher_android:javaPreCompileDebug' as it is up-to-date.
[        ] Resolve mutations for :url_launcher_android:compileDebugJavaWithJavac (Thread[#46014,Execution worker Thread 9,5,main]) started.
[        ] :url_launcher_android:compileDebugJavaWithJavac (Thread[#46014,Execution worker Thread 9,5,main]) started.
[        ] > Task :url_launcher_android:compileDebugJavaWithJavac UP-TO-DATE
[        ] Custom actions are attached to task ':url_launcher_android:compileDebugJavaWithJavac'.
[        ] Caching disabled for task ':url_launcher_android:compileDebugJavaWithJavac' because:
[        ]   Build cache is disabled
[        ] Skipping task ':url_launcher_android:compileDebugJavaWithJavac' as it is up-to-date.
[        ] No compile result for :url_launcher_android:compileDebugJavaWithJavac
[        ] No compile result for :url_launcher_android:compileDebugJavaWithJavac
[        ] Resolve mutations for :url_launcher_android:bundleLibCompileToJarDebug (Thread[#46014,Execution worker Thread 9,5,main]) started.
[        ] :url_launcher_android:bundleLibCompileToJarDebug (Thread[#46014,Execution worker Thread 9,5,main]) started.
[        ] > Task :url_launcher_android:bundleLibCompileToJarDebug UP-TO-DATE
[        ] Caching disabled for task ':url_launcher_android:bundleLibCompileToJarDebug' because:
[        ]   Build cache is disabled
[        ]   Simple merging task
[        ] Skipping task ':url_launcher_android:bundleLibCompileToJarDebug' as it is up-to-date.
[        ] work action resolve classes.jar (project :url_launcher_android) (Thread[#46014,Execution worker Thread 9,5,main]) started.
[        ] Resolve mutations for :video_player_android:checkKotlinGradlePluginConfigurationErrors (Thread[#46014,Execution worker Thread 9,5,main]) started.
[        ] :video_player_android:checkKotlinGradlePluginConfigurationErrors (Thread[#46014,Execution worker Thread 9,5,main]) started.
[        ] > Task :video_player_android:checkKotlinGradlePluginConfigurationErrors SKIPPED
[        ] Skipping task ':video_player_android:checkKotlinGradlePluginConfigurationErrors' as task onlyIf 'errorDiagnostics are present' is false.
[        ] Resolve mutations for :video_player_android:compileDebugKotlin (Thread[#46014,Execution worker Thread 9,5,main]) started.
[        ] :video_player_android:compileDebugKotlin (Thread[#46014,Execution worker Thread 9,5,main]) started.
[        ] > Task :video_player_android:compileDebugKotlin UP-TO-DATE
[        ] Adding -Xuse-inline-scopes-numbers Kotlin compiler flag for task :video_player_android:compileDebugAndroidTestKotlin
[        ] Caching disabled for task ':video_player_android:compileDebugKotlin' because:
[        ]   Build cache is disabled
[        ] Skipping task ':video_player_android:compileDebugKotlin' as it is up-to-date.
[        ] Resolve mutations for :video_player_android:javaPreCompileDebug (Thread[#46014,Execution worker Thread 9,5,main]) started.
[        ] :video_player_android:javaPreCompileDebug (Thread[#46014,Execution worker Thread 9,5,main]) started.
[        ] > Task :video_player_android:javaPreCompileDebug UP-TO-DATE
[        ] Caching disabled for task ':video_player_android:javaPreCompileDebug' because:
[        ]   Build cache is disabled
[        ] Skipping task ':video_player_android:javaPreCompileDebug' as it is up-to-date.
[        ] Resolve mutations for :video_player_android:compileDebugJavaWithJavac (Thread[#46014,Execution worker Thread 9,5,main]) started.
[        ] :video_player_android:compileDebugJavaWithJavac (Thread[#46014,Execution worker Thread 9,5,main]) started.
[        ] > Task :video_player_android:compileDebugJavaWithJavac UP-TO-DATE
[        ] Custom actions are attached to task ':video_player_android:compileDebugJavaWithJavac'.
[        ] Caching disabled for task ':video_player_android:compileDebugJavaWithJavac' because:
[        ]   Build cache is disabled
[        ] Skipping task ':video_player_android:compileDebugJavaWithJavac' as it is up-to-date.
[        ] No compile result for :video_player_android:compileDebugJavaWithJavac
[        ] No compile result for :video_player_android:compileDebugJavaWithJavac
[        ] Resolve mutations for :video_player_android:bundleLibCompileToJarDebug (Thread[#46014,Execution worker Thread 9,5,main]) started.
[        ] :video_player_android:bundleLibCompileToJarDebug (Thread[#46014,Execution worker Thread 9,5,main]) started.
[        ] > Task :video_player_android:bundleLibCompileToJarDebug UP-TO-DATE
[        ] Caching disabled for task ':video_player_android:bundleLibCompileToJarDebug' because:
[        ]   Build cache is disabled
[        ]   Simple merging task
[        ] Skipping task ':video_player_android:bundleLibCompileToJarDebug' as it is up-to-date.
[        ] work action resolve classes.jar (project :video_player_android) (Thread[#46014,Execution worker Thread 9,5,main]) started.
[        ] Resolve mutations for :app:compileDebugKotlin (Thread[#46014,Execution worker Thread 9,5,main]) started.
[        ] :app:compileDebugKotlin (Thread[#46014,Execution worker Thread 9,5,main]) started.
[        ] > Task :app:compileDebugKotlin UP-TO-DATE
[        ] Adding -Xuse-inline-scopes-numbers Kotlin compiler flag for task :app:compileDebugAndroidTestKotlin
[        ] Caching disabled for task ':app:compileDebugKotlin' because:
[        ]   Build cache is disabled
[        ] Skipping task ':app:compileDebugKotlin' as it is up-to-date.
[        ] Resolve mutations for :app:javaPreCompileDebug (Thread[#46014,Execution worker Thread 9,5,main]) started.
[        ] :app:javaPreCompileDebug (Thread[#46014,Execution worker Thread 9,5,main]) started.
[        ] > Task :app:javaPreCompileDebug UP-TO-DATE
[        ] Caching disabled for task ':app:javaPreCompileDebug' because:
[        ]   Build cache is disabled
[        ] Skipping task ':app:javaPreCompileDebug' as it is up-to-date.
[        ] Resolve mutations for :app:compileDebugJavaWithJavac (Thread[#46014,Execution worker Thread 9,5,main]) started.
[        ] :app:compileDebugJavaWithJavac (Thread[#46014,Execution worker Thread 9,5,main]) started.
[        ] > Task :app:compileDebugJavaWithJavac UP-TO-DATE
[        ] Custom actions are attached to task ':app:compileDebugJavaWithJavac'.
[        ] Caching disabled for task ':app:compileDebugJavaWithJavac' because:
[        ]   Build cache is disabled
[        ] Skipping task ':app:compileDebugJavaWithJavac' as it is up-to-date.
[        ] No compile result for :app:compileDebugJavaWithJavac
[        ] No compile result for :app:compileDebugJavaWithJavac
[        ] Resolve mutations for :app:compressDebugAssets (Thread[#46014,Execution worker Thread 9,5,main]) started.
[        ] :app:compressDebugAssets (Thread[#46014,Execution worker Thread 9,5,main]) started.
[        ] Resolve mutations for :app:processDebugJavaRes (Thread[#46033,Execution worker Thread 28,5,main]) started.
[        ] :app:processDebugJavaRes (Thread[#46033,Execution worker Thread 28,5,main]) started.
[        ] > Task :app:processDebugJavaRes UP-TO-DATE
[        ] file or directory '/Users/florian/Code/substitution/android/app/src/main/resources', not found
[        ] file or directory '/Users/florian/Code/substitution/android/app/src/debug/resources', not found
[        ] file or directory '/Users/florian/Code/substitution/android/app/src/main/resources', not found
[        ] file or directory '/Users/florian/Code/substitution/android/app/src/debug/resources', not found
[        ] Caching disabled for task ':app:processDebugJavaRes' because:
[        ]   Build cache is disabled
[        ]   Caching has been disabled for the task
[        ] Skipping task ':app:processDebugJavaRes' as it is up-to-date.
[        ] Resolve mutations for :connectivity_plus:processDebugJavaRes (Thread[#46033,Execution worker Thread 28,5,main]) started.
[        ] :connectivity_plus:processDebugJavaRes (Thread[#46033,Execution worker Thread 28,5,main]) started.
[        ] > Task :connectivity_plus:processDebugJavaRes NO-SOURCE
[        ] file or directory '/Users/florian/.pub-cache/hosted/pub.dev/connectivity_plus-5.0.2/android/src/main/resources', not found
[        ] file or directory '/Users/florian/.pub-cache/hosted/pub.dev/connectivity_plus-5.0.2/android/src/debug/resources', not found
[        ] Skipping task ':connectivity_plus:processDebugJavaRes' as it has no source files and no previous output files.
[        ] work action resolve out (project :connectivity_plus) (Thread[#46033,Execution worker Thread 28,5,main]) started.
[        ] Resolve mutations for :emoji_picker_flutter:processDebugJavaRes (Thread[#46033,Execution worker Thread 28,5,main]) started.
[        ] :emoji_picker_flutter:processDebugJavaRes (Thread[#46033,Execution worker Thread 28,5,main]) started.
[        ] > Task :emoji_picker_flutter:processDebugJavaRes UP-TO-DATE
[        ] file or directory '/Users/florian/.pub-cache/hosted/pub.dev/emoji_picker_flutter-4.4.0/android/src/main/resources', not found
[        ] file or directory '/Users/florian/.pub-cache/hosted/pub.dev/emoji_picker_flutter-4.4.0/android/src/debug/resources', not found
[        ] file or directory '/Users/florian/.pub-cache/hosted/pub.dev/emoji_picker_flutter-4.4.0/android/src/main/resources', not found
[        ] file or directory '/Users/florian/.pub-cache/hosted/pub.dev/emoji_picker_flutter-4.4.0/android/src/debug/resources', not found
[        ] Caching disabled for task ':emoji_picker_flutter:processDebugJavaRes' because:
[        ]   Build cache is disabled
[        ]   Caching has been disabled for the task
[        ] Skipping task ':emoji_picker_flutter:processDebugJavaRes' as it is up-to-date.
[        ] work action resolve out (project :emoji_picker_flutter) (Thread[#46033,Execution worker Thread 28,5,main]) started.
[        ] Resolve mutations for :file_selector_android:processDebugJavaRes (Thread[#46033,Execution worker Thread 28,5,main]) started.
[        ] :file_selector_android:processDebugJavaRes (Thread[#46033,Execution worker Thread 28,5,main]) started.
[        ] > Task :file_selector_android:processDebugJavaRes NO-SOURCE
[        ] file or directory '/Users/florian/.pub-cache/hosted/pub.dev/file_selector_android-0.5.2+4/android/src/main/resources', not found
[        ] file or directory '/Users/florian/.pub-cache/hosted/pub.dev/file_selector_android-0.5.2+4/android/src/debug/resources', not found
[        ] Skipping task ':file_selector_android:processDebugJavaRes' as it has no source files and no previous output files.
[        ] work action resolve out (project :file_selector_android) (Thread[#46033,Execution worker Thread 28,5,main]) started.
[        ] Resolve mutations for :flutter_keyboard_visibility_temp_fork:processDebugJavaRes (Thread[#46033,Execution worker Thread 28,5,main]) started.
[        ] :flutter_keyboard_visibility_temp_fork:processDebugJavaRes (Thread[#46033,Execution worker Thread 28,5,main]) started.
[        ] > Task :flutter_keyboard_visibility_temp_fork:processDebugJavaRes NO-SOURCE
[        ] file or directory '/Users/florian/.pub-cache/hosted/pub.dev/flutter_keyboard_visibility_temp_fork-0.1.5/android/src/main/resources', not found
[        ] file or directory '/Users/florian/.pub-cache/hosted/pub.dev/flutter_keyboard_visibility_temp_fork-0.1.5/android/src/debug/resources', not found
[        ] Skipping task ':flutter_keyboard_visibility_temp_fork:processDebugJavaRes' as it has no source files and no previous output files.
[        ] work action resolve out (project :flutter_keyboard_visibility_temp_fork) (Thread[#46033,Execution worker Thread 28,5,main]) started.
[        ] Resolve mutations for :flutter_native_splash:processDebugJavaRes (Thread[#46033,Execution worker Thread 28,5,main]) started.
[        ] :flutter_native_splash:processDebugJavaRes (Thread[#46033,Execution worker Thread 28,5,main]) started.
[        ] > Task :flutter_native_splash:processDebugJavaRes NO-SOURCE
[        ] file or directory '/Users/florian/.pub-cache/hosted/pub.dev/flutter_native_splash-2.4.7/android/src/main/resources', not found
[        ] file or directory '/Users/florian/.pub-cache/hosted/pub.dev/flutter_native_splash-2.4.7/android/src/debug/resources', not found
[        ] Skipping task ':flutter_native_splash:processDebugJavaRes' as it has no source files and no previous output files.
[        ] work action resolve out (project :flutter_native_splash) (Thread[#46033,Execution worker Thread 28,5,main]) started.
[        ] Resolve mutations for :flutter_olm:processDebugJavaRes (Thread[#46033,Execution worker Thread 28,5,main]) started.
[        ] :flutter_olm:processDebugJavaRes (Thread[#46033,Execution worker Thread 28,5,main]) started.
[        ] > Task :flutter_olm:processDebugJavaRes UP-TO-DATE
[        ] file or directory '/Users/florian/.pub-cache/hosted/pub.dev/flutter_olm-2.0.0/android/src/main/resources', not found
[        ] file or directory '/Users/florian/.pub-cache/hosted/pub.dev/flutter_olm-2.0.0/android/src/debug/resources', not found
[        ] file or directory '/Users/florian/.pub-cache/hosted/pub.dev/flutter_olm-2.0.0/android/src/main/resources', not found
[        ] file or directory '/Users/florian/.pub-cache/hosted/pub.dev/flutter_olm-2.0.0/android/src/debug/resources', not found
[        ] Caching disabled for task ':flutter_olm:processDebugJavaRes' because:
[        ]   Build cache is disabled
[        ]   Caching has been disabled for the task
[        ] Skipping task ':flutter_olm:processDebugJavaRes' as it is up-to-date.
[        ] work action resolve out (project :flutter_olm) (Thread[#46033,Execution worker Thread 28,5,main]) started.
[        ] Resolve mutations for :flutter_openssl_crypto:processDebugJavaRes (Thread[#46033,Execution worker Thread 28,5,main]) started.
[        ] :flutter_openssl_crypto:processDebugJavaRes (Thread[#46033,Execution worker Thread 28,5,main]) started.
[        ] > Task :flutter_openssl_crypto:processDebugJavaRes UP-TO-DATE
[        ] file or directory '/Users/florian/.pub-cache/hosted/pub.dev/flutter_openssl_crypto-0.5.0/android/src/main/resources', not found
[        ] file or directory '/Users/florian/.pub-cache/hosted/pub.dev/flutter_openssl_crypto-0.5.0/android/src/debug/resources', not found
[        ] file or directory '/Users/florian/.pub-cache/hosted/pub.dev/flutter_openssl_crypto-0.5.0/android/src/main/resources', not found
[        ] file or directory '/Users/florian/.pub-cache/hosted/pub.dev/flutter_openssl_crypto-0.5.0/android/src/debug/resources', not found
[        ] Caching disabled for task ':flutter_openssl_crypto:processDebugJavaRes' because:
[        ]   Build cache is disabled
[        ]   Caching has been disabled for the task
[        ] Skipping task ':flutter_openssl_crypto:processDebugJavaRes' as it is up-to-date.
[        ] work action resolve out (project :flutter_openssl_crypto) (Thread[#46033,Execution worker Thread 28,5,main]) started.
[        ] Resolve mutations for :integration_test:processDebugJavaRes (Thread[#46033,Execution worker Thread 28,5,main]) started.
[        ] :integration_test:processDebugJavaRes (Thread[#46033,Execution worker Thread 28,5,main]) started.
[        ] > Task :integration_test:processDebugJavaRes NO-SOURCE
[        ] file or directory '/opt/homebrew/share/flutter/packages/integration_test/android/src/main/resources', not found
[        ] file or directory '/opt/homebrew/share/flutter/packages/integration_test/android/src/debug/resources', not found
[        ] Skipping task ':integration_test:processDebugJavaRes' as it has no source files and no previous output files.
[        ] work action resolve out (project :integration_test) (Thread[#46033,Execution worker Thread 28,5,main]) started.
[        ] Resolve mutations for :path_provider_android:processDebugJavaRes (Thread[#46033,Execution worker Thread 28,5,main]) started.
[        ] :path_provider_android:processDebugJavaRes (Thread[#46033,Execution worker Thread 28,5,main]) started.
[        ] > Task :path_provider_android:processDebugJavaRes NO-SOURCE
[        ] file or directory '/Users/florian/.pub-cache/hosted/pub.dev/path_provider_android-2.2.22/android/src/main/resources', not found
[        ] file or directory '/Users/florian/.pub-cache/hosted/pub.dev/path_provider_android-2.2.22/android/src/debug/resources', not found
[        ] Skipping task ':path_provider_android:processDebugJavaRes' as it has no source files and no previous output files.
[        ] work action resolve out (project :path_provider_android) (Thread[#46033,Execution worker Thread 28,5,main]) started.
[        ] Resolve mutations for :quill_native_bridge_android:processDebugJavaRes (Thread[#46033,Execution worker Thread 28,5,main]) started.
[        ] :quill_native_bridge_android:processDebugJavaRes (Thread[#46033,Execution worker Thread 28,5,main]) started.
[        ] > Task :quill_native_bridge_android:processDebugJavaRes UP-TO-DATE
[        ] file or directory '/Users/florian/.pub-cache/hosted/pub.dev/quill_native_bridge_android-0.0.1+2/android/src/main/resources', not found
[        ] file or directory '/Users/florian/.pub-cache/hosted/pub.dev/quill_native_bridge_android-0.0.1+2/android/src/debug/resources', not found
[        ] file or directory '/Users/florian/.pub-cache/hosted/pub.dev/quill_native_bridge_android-0.0.1+2/android/src/main/resources', not found
[        ] file or directory '/Users/florian/.pub-cache/hosted/pub.dev/quill_native_bridge_android-0.0.1+2/android/src/debug/resources', not found
[        ] Caching disabled for task ':quill_native_bridge_android:processDebugJavaRes' because:
[        ]   Build cache is disabled
[        ]   Caching has been disabled for the task
[        ] Skipping task ':quill_native_bridge_android:processDebugJavaRes' as it is up-to-date.
[        ] work action resolve out (project :quill_native_bridge_android) (Thread[#46033,Execution worker Thread 28,5,main]) started.
[        ] Resolve mutations for :shared_preferences_android:processDebugJavaRes (Thread[#46033,Execution worker Thread 28,5,main]) started.
[        ] :shared_preferences_android:processDebugJavaRes (Thread[#46033,Execution worker Thread 28,5,main]) started.
[        ] > Task :shared_preferences_android:processDebugJavaRes UP-TO-DATE
[        ] file or directory '/Users/florian/.pub-cache/hosted/pub.dev/shared_preferences_android-2.4.20/android/src/main/resources', not found
[        ] file or directory '/Users/florian/.pub-cache/hosted/pub.dev/shared_preferences_android-2.4.20/android/src/debug/resources', not found
[        ] file or directory '/Users/florian/.pub-cache/hosted/pub.dev/shared_preferences_android-2.4.20/android/src/main/resources', not found
[        ] file or directory '/Users/florian/.pub-cache/hosted/pub.dev/shared_preferences_android-2.4.20/android/src/debug/resources', not found
[        ] Caching disabled for task ':shared_preferences_android:processDebugJavaRes' because:
[        ]   Build cache is disabled
[        ]   Caching has been disabled for the task
[        ] Skipping task ':shared_preferences_android:processDebugJavaRes' as it is up-to-date.
[        ] work action resolve out (project :shared_preferences_android) (Thread[#46033,Execution worker Thread 28,5,main]) started.
[        ] Resolve mutations for :sqflite_android:processDebugJavaRes (Thread[#46033,Execution worker Thread 28,5,main]) started.
[        ] :sqflite_android:processDebugJavaRes (Thread[#46033,Execution worker Thread 28,5,main]) started.
[        ] > Task :sqflite_android:processDebugJavaRes NO-SOURCE
[        ] file or directory '/Users/florian/.pub-cache/hosted/pub.dev/sqflite_android-2.4.2+2/android/src/main/resources', not found
[        ] file or directory '/Users/florian/.pub-cache/hosted/pub.dev/sqflite_android-2.4.2+2/android/src/debug/resources', not found
[        ] Skipping task ':sqflite_android:processDebugJavaRes' as it has no source files and no previous output files.
[        ] work action resolve out (project :sqflite_android) (Thread[#46033,Execution worker Thread 28,5,main]) started.
[        ] Resolve mutations for :url_launcher_android:processDebugJavaRes (Thread[#46033,Execution worker Thread 28,5,main]) started.
[        ] :url_launcher_android:processDebugJavaRes (Thread[#46033,Execution worker Thread 28,5,main]) started.
[        ] > Task :url_launcher_android:processDebugJavaRes NO-SOURCE
[        ] file or directory '/Users/florian/.pub-cache/hosted/pub.dev/url_launcher_android-6.3.28/android/src/main/resources', not found
[        ] file or directory '/Users/florian/.pub-cache/hosted/pub.dev/url_launcher_android-6.3.28/android/src/debug/resources', not found
[        ] Skipping task ':url_launcher_android:processDebugJavaRes' as it has no source files and no previous output files.
[        ] work action resolve out (project :url_launcher_android) (Thread[#46033,Execution worker Thread 28,5,main]) started.
[        ] Resolve mutations for :video_player_android:processDebugJavaRes (Thread[#46033,Execution worker Thread 28,5,main]) started.
[        ] :video_player_android:processDebugJavaRes (Thread[#46033,Execution worker Thread 28,5,main]) started.
[        ] > Task :video_player_android:processDebugJavaRes UP-TO-DATE
[        ] file or directory '/Users/florian/.pub-cache/hosted/pub.dev/video_player_android-2.9.1/android/src/main/resources', not found
[        ] file or directory '/Users/florian/.pub-cache/hosted/pub.dev/video_player_android-2.9.1/android/src/debug/resources', not found
[        ] file or directory '/Users/florian/.pub-cache/hosted/pub.dev/video_player_android-2.9.1/android/src/main/resources', not found
[        ] file or directory '/Users/florian/.pub-cache/hosted/pub.dev/video_player_android-2.9.1/android/src/debug/resources', not found
[        ] Caching disabled for task ':video_player_android:processDebugJavaRes' because:
[        ]   Build cache is disabled
[        ]   Caching has been disabled for the task
[        ] Skipping task ':video_player_android:processDebugJavaRes' as it is up-to-date.
[        ] work action resolve out (project :video_player_android) (Thread[#46033,Execution worker Thread 28,5,main]) started.
[        ] Resolve mutations for :app:mergeDebugJavaResource (Thread[#46033,Execution worker Thread 28,5,main]) started.
[        ] :app:mergeDebugJavaResource (Thread[#46033,Execution worker Thread 28,5,main]) started.
[        ] > Task :app:mergeDebugJavaResource UP-TO-DATE
[        ] Caching disabled for task ':app:mergeDebugJavaResource' because:
[        ]   Build cache is disabled
[        ]   Caching has been disabled for the task
[        ] Skipping task ':app:mergeDebugJavaResource' as it is up-to-date.
[        ] Resolve mutations for :app:checkDebugDuplicateClasses (Thread[#46033,Execution worker Thread 28,5,main]) started.
[        ] :app:checkDebugDuplicateClasses (Thread[#46033,Execution worker Thread 28,5,main]) started.
[        ] > Task :app:checkDebugDuplicateClasses UP-TO-DATE
[        ] Caching disabled for task ':app:checkDebugDuplicateClasses' because:
[        ]   Build cache is disabled
[        ]   Caching has been disabled for the task
[        ] Skipping task ':app:checkDebugDuplicateClasses' as it is up-to-date.
[        ] Resolve mutations for :app:desugarDebugFileDependencies (Thread[#46033,Execution worker Thread 28,5,main]) started.
[        ] :app:desugarDebugFileDependencies (Thread[#46033,Execution worker Thread 28,5,main]) started.
[        ] > Task :app:desugarDebugFileDependencies UP-TO-DATE
[        ] Caching disabled for task ':app:desugarDebugFileDependencies' because:
[        ]   Build cache is disabled
[        ] Skipping task ':app:desugarDebugFileDependencies' as it is up-to-date.
[        ] Resolve mutations for :app:mergeExtDexDebug (Thread[#46033,Execution worker Thread 28,5,main]) started.
[        ] :app:mergeExtDexDebug (Thread[#46033,Execution worker Thread 28,5,main]) started.
[        ] > Task :app:mergeExtDexDebug UP-TO-DATE
[        ] Caching disabled for task ':app:mergeExtDexDebug' because:
[        ]   Build cache is disabled
[        ] Skipping task ':app:mergeExtDexDebug' as it is up-to-date.
[        ] Resolve mutations for :connectivity_plus:bundleLibRuntimeToDirDebug (Thread[#46033,Execution worker Thread 28,5,main]) started.
[        ] :connectivity_plus:bundleLibRuntimeToDirDebug (Thread[#46033,Execution worker Thread 28,5,main]) started.
[        ] > Task :connectivity_plus:bundleLibRuntimeToDirDebug UP-TO-DATE
[        ] Caching disabled for task ':connectivity_plus:bundleLibRuntimeToDirDebug' because:
[        ]   Build cache is disabled
[        ]   Simple merging task
[        ] Skipping task ':connectivity_plus:bundleLibRuntimeToDirDebug' as it is up-to-date.
[        ] work action resolve bundleLibRuntimeToDirDebug (project :connectivity_plus) (Thread[#46033,Execution worker Thread 28,5,main]) started.
[        ] ClassesDirToClassesTransform (Thread[#46033,Execution worker Thread 28,5,main]) started.
[        ] Resolve mutations for :emoji_picker_flutter:bundleLibRuntimeToDirDebug (Thread[#46004,included builds,5,main]) started.
[        ] :emoji_picker_flutter:bundleLibRuntimeToDirDebug (Thread[#46004,included builds,5,main]) started.
[        ] DexingNoClasspathTransform (Thread[#46033,Execution worker Thread 28,5,main]) started.
[        ] > Task :emoji_picker_flutter:bundleLibRuntimeToDirDebug UP-TO-DATE
[        ] Caching disabled for task ':emoji_picker_flutter:bundleLibRuntimeToDirDebug' because:
[        ]   Build cache is disabled
[        ]   Simple merging task
[        ] Skipping task ':emoji_picker_flutter:bundleLibRuntimeToDirDebug' as it is up-to-date.
[        ] work action resolve bundleLibRuntimeToDirDebug (project :emoji_picker_flutter) (Thread[#46004,included builds,5,main]) started.
[        ] ClassesDirToClassesTransform (Thread[#46004,included builds,5,main]) started.
[        ] Resolve mutations for :file_selector_android:bundleLibRuntimeToDirDebug (Thread[#46015,Execution worker Thread 10,5,main]) started.
[        ] :file_selector_android:bundleLibRuntimeToDirDebug (Thread[#46015,Execution worker Thread 10,5,main]) started.
[        ] DexingNoClasspathTransform (Thread[#46004,included builds,5,main]) started.
[        ] > Transform bundleLibRuntimeToDirDebug (project :connectivity_plus) with DexingNoClasspathTransform
[        ] Caching disabled for DexingNoClasspathTransform: /Users/florian/Code/substitution/build/connectivity_plus/intermediates/runtime_library_classes_dir/debug/bundleLibRuntimeToDirDebug because:
[        ]   Build cache is disabled
[        ] Skipping DexingNoClasspathTransform: /Users/florian/Code/substitution/build/connectivity_plus/intermediates/runtime_library_classes_dir/debug/bundleLibRuntimeToDirDebug as it is up-to-date.
[        ] > Transform bundleLibRuntimeToDirDebug (project :emoji_picker_flutter) with DexingNoClasspathTransform
[        ] Caching disabled for DexingNoClasspathTransform: /Users/florian/Code/substitution/build/emoji_picker_flutter/intermediates/runtime_library_classes_dir/debug/bundleLibRuntimeToDirDebug because:
[        ]   Build cache is disabled
[        ] Skipping DexingNoClasspathTransform: /Users/florian/Code/substitution/build/emoji_picker_flutter/intermediates/runtime_library_classes_dir/debug/bundleLibRuntimeToDirDebug as it is up-to-date.
[        ] > Task :file_selector_android:bundleLibRuntimeToDirDebug UP-TO-DATE
[        ] Caching disabled for task ':file_selector_android:bundleLibRuntimeToDirDebug' because:
[        ]   Build cache is disabled
[        ]   Simple merging task
[        ] Skipping task ':file_selector_android:bundleLibRuntimeToDirDebug' as it is up-to-date.
[        ] work action resolve bundleLibRuntimeToDirDebug (project :file_selector_android) (Thread[#46015,Execution worker Thread 10,5,main]) started.
[        ] ClassesDirToClassesTransform (Thread[#46015,Execution worker Thread 10,5,main]) started.
[        ] Resolve mutations for :flutter_keyboard_visibility_temp_fork:bundleLibRuntimeToDirDebug (Thread[#46029,Execution worker Thread 24,5,main]) started.
[        ] :flutter_keyboard_visibility_temp_fork:bundleLibRuntimeToDirDebug (Thread[#46029,Execution worker Thread 24,5,main]) started.
[        ] DexingNoClasspathTransform (Thread[#46015,Execution worker Thread 10,5,main]) started.
[        ] > Task :flutter_keyboard_visibility_temp_fork:bundleLibRuntimeToDirDebug UP-TO-DATE
[        ] Caching disabled for task ':flutter_keyboard_visibility_temp_fork:bundleLibRuntimeToDirDebug' because:
[        ]   Build cache is disabled
[        ]   Simple merging task
[        ] Skipping task ':flutter_keyboard_visibility_temp_fork:bundleLibRuntimeToDirDebug' as it is up-to-date.
[        ] work action resolve bundleLibRuntimeToDirDebug (project :flutter_keyboard_visibility_temp_fork) (Thread[#46029,Execution worker Thread 24,5,main]) started.
[        ] ClassesDirToClassesTransform (Thread[#46029,Execution worker Thread 24,5,main]) started.
[        ] Resolve mutations for :flutter_native_splash:bundleLibRuntimeToDirDebug (Thread[#46034,Execution worker Thread 29,5,main]) started.
[        ] :flutter_native_splash:bundleLibRuntimeToDirDebug (Thread[#46034,Execution worker Thread 29,5,main]) started.
[        ] DexingNoClasspathTransform (Thread[#46029,Execution worker Thread 24,5,main]) started.
[        ] > Task :flutter_native_splash:bundleLibRuntimeToDirDebug UP-TO-DATE
[        ] Caching disabled for task ':flutter_native_splash:bundleLibRuntimeToDirDebug' because:
[        ]   Build cache is disabled
[        ]   Simple merging task
[        ] Skipping task ':flutter_native_splash:bundleLibRuntimeToDirDebug' as it is up-to-date.
[        ] > Transform bundleLibRuntimeToDirDebug (project :file_selector_android) with DexingNoClasspathTransform
[        ] Caching disabled for DexingNoClasspathTransform: /Users/florian/Code/substitution/build/file_selector_android/intermediates/runtime_library_classes_dir/debug/bundleLibRuntimeToDirDebug because:
[        ]   Build cache is disabled
[        ] Skipping DexingNoClasspathTransform: /Users/florian/Code/substitution/build/file_selector_android/intermediates/runtime_library_classes_dir/debug/bundleLibRuntimeToDirDebug as it is up-to-date.
[        ] > Transform bundleLibRuntimeToDirDebug (project :flutter_keyboard_visibility_temp_fork) with DexingNoClasspathTransform
[        ] Caching disabled for DexingNoClasspathTransform: /Users/florian/Code/substitution/build/flutter_keyboard_visibility_temp_fork/intermediates/runtime_library_classes_dir/debug/bundleLibRuntimeToDirDebug because:
[        ]   Build cache is disabled
[        ] Skipping DexingNoClasspathTransform: /Users/florian/Code/substitution/build/flutter_keyboard_visibility_temp_fork/intermediates/runtime_library_classes_dir/debug/bundleLibRuntimeToDirDebug as it is up-to-date.
[        ] work action resolve bundleLibRuntimeToDirDebug (project :flutter_native_splash) (Thread[#46034,Execution worker Thread 29,5,main]) started.
[        ] ClassesDirToClassesTransform (Thread[#46034,Execution worker Thread 29,5,main]) started.
[        ] Resolve mutations for :flutter_olm:bundleLibRuntimeToDirDebug (Thread[#46030,Execution worker Thread 25,5,main]) started.
[        ] :flutter_olm:bundleLibRuntimeToDirDebug (Thread[#46030,Execution worker Thread 25,5,main]) started.
[        ] DexingNoClasspathTransform (Thread[#46034,Execution worker Thread 29,5,main]) started.
[        ] > Task :flutter_olm:bundleLibRuntimeToDirDebug UP-TO-DATE
[        ] Caching disabled for task ':flutter_olm:bundleLibRuntimeToDirDebug' because:
[        ]   Build cache is disabled
[        ]   Simple merging task
[        ] Skipping task ':flutter_olm:bundleLibRuntimeToDirDebug' as it is up-to-date.
[        ] work action resolve bundleLibRuntimeToDirDebug (project :flutter_olm) (Thread[#46030,Execution worker Thread 25,5,main]) started.
[        ] ClassesDirToClassesTransform (Thread[#46030,Execution worker Thread 25,5,main]) started.
[        ] Resolve mutations for :flutter_openssl_crypto:bundleLibRuntimeToDirDebug (Thread[#46033,Execution worker Thread 28,5,main]) started.
[        ] :flutter_openssl_crypto:bundleLibRuntimeToDirDebug (Thread[#46033,Execution worker Thread 28,5,main]) started.
[        ] DexingNoClasspathTransform (Thread[#46030,Execution worker Thread 25,5,main]) started.
[        ] > Transform bundleLibRuntimeToDirDebug (project :flutter_native_splash) with DexingNoClasspathTransform
[        ] Caching disabled for DexingNoClasspathTransform: /Users/florian/Code/substitution/build/flutter_native_splash/intermediates/runtime_library_classes_dir/debug/bundleLibRuntimeToDirDebug because:
[        ]   Build cache is disabled
[        ] Skipping DexingNoClasspathTransform: /Users/florian/Code/substitution/build/flutter_native_splash/intermediates/runtime_library_classes_dir/debug/bundleLibRuntimeToDirDebug as it is up-to-date.
[        ] > Task :flutter_openssl_crypto:bundleLibRuntimeToDirDebug UP-TO-DATE
[        ] Caching disabled for task ':flutter_openssl_crypto:bundleLibRuntimeToDirDebug' because:
[        ]   Build cache is disabled
[        ]   Simple merging task
[        ] Skipping task ':flutter_openssl_crypto:bundleLibRuntimeToDirDebug' as it is up-to-date.
[        ] work action resolve bundleLibRuntimeToDirDebug (project :flutter_openssl_crypto) (Thread[#46033,Execution worker Thread 28,5,main]) started.
[        ] > Transform bundleLibRuntimeToDirDebug (project :flutter_olm) with DexingNoClasspathTransform
[        ] Caching disabled for DexingNoClasspathTransform: /Users/florian/Code/substitution/build/flutter_olm/intermediates/runtime_library_classes_dir/debug/bundleLibRuntimeToDirDebug because:
[        ]   Build cache is disabled
[        ] Skipping DexingNoClasspathTransform: /Users/florian/Code/substitution/build/flutter_olm/intermediates/runtime_library_classes_dir/debug/bundleLibRuntimeToDirDebug as it is up-to-date.
[        ] ClassesDirToClassesTransform (Thread[#46033,Execution worker Thread 28,5,main]) started.
[        ] Resolve mutations for :integration_test:bundleLibRuntimeToDirDebug (Thread[#46026,Execution worker Thread 21,5,main]) started.
[        ] :integration_test:bundleLibRuntimeToDirDebug (Thread[#46026,Execution worker Thread 21,5,main]) started.
[        ] DexingNoClasspathTransform (Thread[#46033,Execution worker Thread 28,5,main]) started.
[        ] > Task :integration_test:bundleLibRuntimeToDirDebug UP-TO-DATE
[        ] Caching disabled for task ':integration_test:bundleLibRuntimeToDirDebug' because:
[        ]   Build cache is disabled
[        ]   Simple merging task
[        ] Skipping task ':integration_test:bundleLibRuntimeToDirDebug' as it is up-to-date.
[        ] work action resolve bundleLibRuntimeToDirDebug (project :integration_test) (Thread[#46026,Execution worker Thread 21,5,main]) started.
[        ] ClassesDirToClassesTransform (Thread[#46026,Execution worker Thread 21,5,main]) started.
[        ] Resolve mutations for :path_provider_android:bundleLibRuntimeToDirDebug (Thread[#46018,Execution worker Thread 13,5,main]) started.
[        ] > Transform bundleLibRuntimeToDirDebug (project :flutter_openssl_crypto) with DexingNoClasspathTransform
[        ] Caching disabled for DexingNoClasspathTransform: /Users/florian/Code/substitution/build/flutter_openssl_crypto/intermediates/runtime_library_classes_dir/debug/bundleLibRuntimeToDirDebug because:
[        ]   Build cache is disabled
[        ] Skipping DexingNoClasspathTransform: /Users/florian/Code/substitution/build/flutter_openssl_crypto/intermediates/runtime_library_classes_dir/debug/bundleLibRuntimeToDirDebug as it is up-to-date.
[        ] :path_provider_android:bundleLibRuntimeToDirDebug (Thread[#46018,Execution worker Thread 13,5,main]) started.
[        ] DexingNoClasspathTransform (Thread[#46026,Execution worker Thread 21,5,main]) started.
[        ] > Task :path_provider_android:bundleLibRuntimeToDirDebug UP-TO-DATE
[        ] Caching disabled for task ':path_provider_android:bundleLibRuntimeToDirDebug' because:
[        ]   Build cache is disabled
[        ]   Simple merging task
[        ] Skipping task ':path_provider_android:bundleLibRuntimeToDirDebug' as it is up-to-date.
[        ] work action resolve bundleLibRuntimeToDirDebug (project :path_provider_android) (Thread[#46018,Execution worker Thread 13,5,main]) started.
[        ] ClassesDirToClassesTransform (Thread[#46018,Execution worker Thread 13,5,main]) started.
[        ] Resolve mutations for :quill_native_bridge_android:bundleLibRuntimeToDirDebug (Thread[#46007,Execution worker Thread 3,5,main]) started.
[        ] > Transform bundleLibRuntimeToDirDebug (project :integration_test) with DexingNoClasspathTransform
[        ] Caching disabled for DexingNoClasspathTransform: /Users/florian/Code/substitution/build/integration_test/intermediates/runtime_library_classes_dir/debug/bundleLibRuntimeToDirDebug because:
[        ]   Build cache is disabled
[        ] Skipping DexingNoClasspathTransform: /Users/florian/Code/substitution/build/integration_test/intermediates/runtime_library_classes_dir/debug/bundleLibRuntimeToDirDebug as it is up-to-date.
[        ] :quill_native_bridge_android:bundleLibRuntimeToDirDebug (Thread[#46007,Execution worker Thread 3,5,main]) started.
[        ] DexingNoClasspathTransform (Thread[#46018,Execution worker Thread 13,5,main]) started.
[        ] > Transform bundleLibRuntimeToDirDebug (project :path_provider_android) with DexingNoClasspathTransform
[        ] Caching disabled for DexingNoClasspathTransform: /Users/florian/Code/substitution/build/path_provider_android/intermediates/runtime_library_classes_dir/debug/bundleLibRuntimeToDirDebug because:
[        ]   Build cache is disabled
[        ] Skipping DexingNoClasspathTransform: /Users/florian/Code/substitution/build/path_provider_android/intermediates/runtime_library_classes_dir/debug/bundleLibRuntimeToDirDebug as it is up-to-date.
[        ] > Task :quill_native_bridge_android:bundleLibRuntimeToDirDebug UP-TO-DATE
[        ] Caching disabled for task ':quill_native_bridge_android:bundleLibRuntimeToDirDebug' because:
[        ]   Build cache is disabled
[        ]   Simple merging task
[        ] Skipping task ':quill_native_bridge_android:bundleLibRuntimeToDirDebug' as it is up-to-date.
[        ] work action resolve bundleLibRuntimeToDirDebug (project :quill_native_bridge_android) (Thread[#46007,Execution worker Thread 3,5,main]) started.
[        ] ClassesDirToClassesTransform (Thread[#46007,Execution worker Thread 3,5,main]) started.
[        ] Resolve mutations for :shared_preferences_android:bundleLibRuntimeToDirDebug (Thread[#46018,Execution worker Thread 13,5,main]) started.
[        ] :shared_preferences_android:bundleLibRuntimeToDirDebug (Thread[#46018,Execution worker Thread 13,5,main]) started.
[        ] DexingNoClasspathTransform (Thread[#46007,Execution worker Thread 3,5,main]) started.
[        ] > Transform bundleLibRuntimeToDirDebug (project :quill_native_bridge_android) with DexingNoClasspathTransform
[        ] Caching disabled for DexingNoClasspathTransform: /Users/florian/Code/substitution/build/quill_native_bridge_android/intermediates/runtime_library_classes_dir/debug/bundleLibRuntimeToDirDebug because:
[        ]   Build cache is disabled
[        ] Skipping DexingNoClasspathTransform: /Users/florian/Code/substitution/build/quill_native_bridge_android/intermediates/runtime_library_classes_dir/debug/bundleLibRuntimeToDirDebug as it is up-to-date.
[        ] > Task :shared_preferences_android:bundleLibRuntimeToDirDebug UP-TO-DATE
[        ] Caching disabled for task ':shared_preferences_android:bundleLibRuntimeToDirDebug' because:
[        ]   Build cache is disabled
[        ]   Simple merging task
[        ] Skipping task ':shared_preferences_android:bundleLibRuntimeToDirDebug' as it is up-to-date.
[        ] work action resolve bundleLibRuntimeToDirDebug (project :shared_preferences_android) (Thread[#46018,Execution worker Thread 13,5,main]) started.
[        ] ClassesDirToClassesTransform (Thread[#46018,Execution worker Thread 13,5,main]) started.
[        ] Resolve mutations for :sqflite_android:bundleLibRuntimeToDirDebug (Thread[#46005,Execution worker,5,main]) started.
[        ] :sqflite_android:bundleLibRuntimeToDirDebug (Thread[#46005,Execution worker,5,main]) started.
[        ] DexingNoClasspathTransform (Thread[#46018,Execution worker Thread 13,5,main]) started.
[        ] > Task :sqflite_android:bundleLibRuntimeToDirDebug UP-TO-DATE
[        ] Caching disabled for task ':sqflite_android:bundleLibRuntimeToDirDebug' because:
[        ]   Build cache is disabled
[        ]   Simple merging task
[        ] Skipping task ':sqflite_android:bundleLibRuntimeToDirDebug' as it is up-to-date.
[        ] work action resolve bundleLibRuntimeToDirDebug (project :sqflite_android) (Thread[#46005,Execution worker,5,main]) started.
[        ] ClassesDirToClassesTransform (Thread[#46005,Execution worker,5,main]) started.
[        ] Resolve mutations for :url_launcher_android:bundleLibRuntimeToDirDebug (Thread[#46007,Execution worker Thread 3,5,main]) started.
[        ] :url_launcher_android:bundleLibRuntimeToDirDebug (Thread[#46007,Execution worker Thread 3,5,main]) started.
[        ] DexingNoClasspathTransform (Thread[#46005,Execution worker,5,main]) started.
[        ] > Transform bundleLibRuntimeToDirDebug (project :shared_preferences_android) with DexingNoClasspathTransform
[        ] Caching disabled for DexingNoClasspathTransform: /Users/florian/Code/substitution/build/shared_preferences_android/intermediates/runtime_library_classes_dir/debug/bundleLibRuntimeToDirDebug because:
[        ]   Build cache is disabled
[        ] Skipping DexingNoClasspathTransform: /Users/florian/Code/substitution/build/shared_preferences_android/intermediates/runtime_library_classes_dir/debug/bundleLibRuntimeToDirDebug as it is up-to-date.
[        ] > Task :url_launcher_android:bundleLibRuntimeToDirDebug UP-TO-DATE
[        ] Caching disabled for task ':url_launcher_android:bundleLibRuntimeToDirDebug' because:
[        ]   Build cache is disabled
[        ]   Simple merging task
[        ] Skipping task ':url_launcher_android:bundleLibRuntimeToDirDebug' as it is up-to-date.
[        ] work action resolve bundleLibRuntimeToDirDebug (project :url_launcher_android) (Thread[#46007,Execution worker Thread 3,5,main]) started.
[        ] ClassesDirToClassesTransform (Thread[#46007,Execution worker Thread 3,5,main]) started.
[        ] Resolve mutations for :video_player_android:bundleLibRuntimeToDirDebug (Thread[#46018,Execution worker Thread 13,5,main]) started.
[        ] DexingNoClasspathTransform (Thread[#46007,Execution worker Thread 3,5,main]) started.
[        ] > Transform bundleLibRuntimeToDirDebug (project :sqflite_android) with DexingNoClasspathTransform
[        ] Caching disabled for DexingNoClasspathTransform: /Users/florian/Code/substitution/build/sqflite_android/intermediates/runtime_library_classes_dir/debug/bundleLibRuntimeToDirDebug because:
[        ]   Build cache is disabled
[        ] Skipping DexingNoClasspathTransform: /Users/florian/Code/substitution/build/sqflite_android/intermediates/runtime_library_classes_dir/debug/bundleLibRuntimeToDirDebug as it is up-to-date.
[        ] :video_player_android:bundleLibRuntimeToDirDebug (Thread[#46018,Execution worker Thread 13,5,main]) started.
[        ] > Transform bundleLibRuntimeToDirDebug (project :url_launcher_android) with DexingNoClasspathTransform
[        ] Caching disabled for DexingNoClasspathTransform: /Users/florian/Code/substitution/build/url_launcher_android/intermediates/runtime_library_classes_dir/debug/bundleLibRuntimeToDirDebug because:
[        ]   Build cache is disabled
[        ] Skipping DexingNoClasspathTransform: /Users/florian/Code/substitution/build/url_launcher_android/intermediates/runtime_library_classes_dir/debug/bundleLibRuntimeToDirDebug as it is up-to-date.
[        ] > Task :video_player_android:bundleLibRuntimeToDirDebug UP-TO-DATE
[        ] Caching disabled for task ':video_player_android:bundleLibRuntimeToDirDebug' because:
[        ]   Build cache is disabled
[        ]   Simple merging task
[        ] Skipping task ':video_player_android:bundleLibRuntimeToDirDebug' as it is up-to-date.
[        ] work action resolve bundleLibRuntimeToDirDebug (project :video_player_android) (Thread[#46018,Execution worker Thread 13,5,main]) started.
[        ] ClassesDirToClassesTransform (Thread[#46018,Execution worker Thread 13,5,main]) started.
[        ] Resolve mutations for :app:dexBuilderDebug (Thread[#46007,Execution worker Thread 3,5,main]) started.
[        ] DexingNoClasspathTransform (Thread[#46018,Execution worker Thread 13,5,main]) started.
[        ] :app:dexBuilderDebug (Thread[#46007,Execution worker Thread 3,5,main]) started.
[        ] > Transform bundleLibRuntimeToDirDebug (project :video_player_android) with DexingNoClasspathTransform
[        ] Caching disabled for DexingNoClasspathTransform: /Users/florian/Code/substitution/build/video_player_android/intermediates/runtime_library_classes_dir/debug/bundleLibRuntimeToDirDebug because:
[        ]   Build cache is disabled
[        ] Skipping DexingNoClasspathTransform: /Users/florian/Code/substitution/build/video_player_android/intermediates/runtime_library_classes_dir/debug/bundleLibRuntimeToDirDebug as it is up-to-date.
[        ] > Task :app:dexBuilderDebug UP-TO-DATE
[        ] Caching disabled for task ':app:dexBuilderDebug' because:
[        ]   Build cache is disabled
[        ] Skipping task ':app:dexBuilderDebug' as it is up-to-date.
[        ] Resolve mutations for :app:mergeLibDexDebug (Thread[#46007,Execution worker Thread 3,5,main]) started.
[        ] :app:mergeLibDexDebug (Thread[#46007,Execution worker Thread 3,5,main]) started.
[        ] > Task :app:mergeLibDexDebug UP-TO-DATE
[        ] Caching disabled for task ':app:mergeLibDexDebug' because:
[        ]   Build cache is disabled
[        ] Skipping task ':app:mergeLibDexDebug' as it is up-to-date.
[        ] Resolve mutations for :app:mergeProjectDexDebug (Thread[#46007,Execution worker Thread 3,5,main]) started.
[        ] :app:mergeProjectDexDebug (Thread[#46007,Execution worker Thread 3,5,main]) started.
[        ] > Task :app:mergeProjectDexDebug UP-TO-DATE
[        ] Caching disabled for task ':app:mergeProjectDexDebug' because:
[        ]   Build cache is disabled
[        ] Skipping task ':app:mergeProjectDexDebug' as it is up-to-date.
[        ] Resolve mutations for :app:configureCMakeDebug[arm64-v8a] (Thread[#46007,Execution worker Thread 3,5,main]) started.
[        ] :app:configureCMakeDebug[arm64-v8a] (Thread[#46007,Execution worker Thread 3,5,main]) started.
[        ] > Task :app:configureCMakeDebug[arm64-v8a]
[        ] Caching disabled for task ':app:configureCMakeDebug[arm64-v8a]' because:
[        ]   Build cache is disabled
[        ]   Caching has been disabled for the task
[        ] Task ':app:configureCMakeDebug[arm64-v8a]' is not up-to-date because:
[        ]   Task.upToDateWhen is false.
[        ] C/C++: /opt/homebrew/share/flutter/packages/flutter_tools/gradle/src/main/scripts/CMakeLists.txt debug|arm64-v8a : Start JSON generation. Platform version: 24 min SDK version: arm64-v8a
[        ] C/C++: /opt/homebrew/share/flutter/packages/flutter_tools/gradle/src/main/scripts/CMakeLists.txt debug|arm64-v8a : JSON '/Users/florian/Code/substitution/build/.cxx/debug/x6546535/arm64-v8a/android_gradle_build.json' was up-to-date
[        ] C/C++: /opt/homebrew/share/flutter/packages/flutter_tools/gradle/src/main/scripts/CMakeLists.txt debug|arm64-v8a : JSON generation completed without problems
[        ] C/C++: /opt/homebrew/share/flutter/packages/flutter_tools/gradle/src/main/scripts/CMakeLists.txt debug|arm64-v8a : Writing build model to /Users/florian/Code/substitution/build/app/intermediates/cxx/debug/x6546535/logs/arm64-v8a/build_model.json
[        ] Resolve mutations for :app:buildCMakeDebug[arm64-v8a] (Thread[#46007,Execution worker Thread 3,5,main]) started.
[        ] :app:buildCMakeDebug[arm64-v8a] (Thread[#46007,Execution worker Thread 3,5,main]) started.
[        ] > Task :app:buildCMakeDebug[arm64-v8a]
[        ] Caching disabled for task ':app:buildCMakeDebug[arm64-v8a]' because:
[        ]   Build cache is disabled
[        ]   Caching has been disabled for the task
[        ] Task ':app:buildCMakeDebug[arm64-v8a]' is not up-to-date because:
[        ]   Task.upToDateWhen is false.
[        ] C/C++: starting build
[        ] C/C++: reading expected JSONs
[        ] C/C++: done reading expected JSONs
[        ] C/C++: executing build commands for targets that produce .so files or executables
[        ] C/C++: evaluate miniconfig
[        ] C/C++: no libraries
[        ] Resolve mutations for :app:configureCMakeDebug[armeabi-v7a] (Thread[#46007,Execution worker Thread 3,5,main]) started.
[        ] :app:configureCMakeDebug[armeabi-v7a] (Thread[#46007,Execution worker Thread 3,5,main]) started.
[        ] > Task :app:configureCMakeDebug[armeabi-v7a]
[        ] Caching disabled for task ':app:configureCMakeDebug[armeabi-v7a]' because:
[        ]   Build cache is disabled
[        ]   Caching has been disabled for the task
[        ] Task ':app:configureCMakeDebug[armeabi-v7a]' is not up-to-date because:
[        ]   Task.upToDateWhen is false.
[        ] C/C++: /opt/homebrew/share/flutter/packages/flutter_tools/gradle/src/main/scripts/CMakeLists.txt debug|armeabi-v7a : Start JSON generation. Platform version: 24 min SDK version: armeabi-v7a
[        ] C/C++: /opt/homebrew/share/flutter/packages/flutter_tools/gradle/src/main/scripts/CMakeLists.txt debug|armeabi-v7a : JSON '/Users/florian/Code/substitution/build/.cxx/debug/x6546535/armeabi-v7a/android_gradle_build.json' was up-to-date
[        ] C/C++: /opt/homebrew/share/flutter/packages/flutter_tools/gradle/src/main/scripts/CMakeLists.txt debug|armeabi-v7a : JSON generation completed without problems
[        ] C/C++: /opt/homebrew/share/flutter/packages/flutter_tools/gradle/src/main/scripts/CMakeLists.txt debug|armeabi-v7a : Writing build model to /Users/florian/Code/substitution/build/app/intermediates/cxx/debug/x6546535/logs/armeabi-v7a/build_model.json
[        ] Resolve mutations for :app:buildCMakeDebug[armeabi-v7a] (Thread[#46007,Execution worker Thread 3,5,main]) started.
[        ] :app:buildCMakeDebug[armeabi-v7a] (Thread[#46007,Execution worker Thread 3,5,main]) started.
[        ] > Task :app:buildCMakeDebug[armeabi-v7a]
[        ] Caching disabled for task ':app:buildCMakeDebug[armeabi-v7a]' because:
[        ]   Build cache is disabled
[        ]   Caching has been disabled for the task
[        ] Task ':app:buildCMakeDebug[armeabi-v7a]' is not up-to-date because:
[        ]   Task.upToDateWhen is false.
[        ] C/C++: starting build
[        ] C/C++: reading expected JSONs
[        ] C/C++: done reading expected JSONs
[        ] C/C++: executing build commands for targets that produce .so files or executables
[        ] C/C++: evaluate miniconfig
[        ] C/C++: no libraries
[        ] Resolve mutations for :app:configureCMakeDebug[x86_64] (Thread[#46007,Execution worker Thread 3,5,main]) started.
[        ] :app:configureCMakeDebug[x86_64] (Thread[#46007,Execution worker Thread 3,5,main]) started.
[        ] > Task :app:configureCMakeDebug[x86_64]
[        ] Caching disabled for task ':app:configureCMakeDebug[x86_64]' because:
[        ]   Build cache is disabled
[        ]   Caching has been disabled for the task
[        ] Task ':app:configureCMakeDebug[x86_64]' is not up-to-date because:
[        ]   Task.upToDateWhen is false.
[        ] C/C++: /opt/homebrew/share/flutter/packages/flutter_tools/gradle/src/main/scripts/CMakeLists.txt debug|x86_64 : Start JSON generation. Platform version: 24 min SDK version: x86_64
[        ] C/C++: /opt/homebrew/share/flutter/packages/flutter_tools/gradle/src/main/scripts/CMakeLists.txt debug|x86_64 : JSON '/Users/florian/Code/substitution/build/.cxx/debug/x6546535/x86_64/android_gradle_build.json' was up-to-date
[        ] C/C++: /opt/homebrew/share/flutter/packages/flutter_tools/gradle/src/main/scripts/CMakeLists.txt debug|x86_64 : JSON generation completed without problems
[        ] C/C++: /opt/homebrew/share/flutter/packages/flutter_tools/gradle/src/main/scripts/CMakeLists.txt debug|x86_64 : Writing build model to /Users/florian/Code/substitution/build/app/intermediates/cxx/debug/x6546535/logs/x86_64/build_model.json
[        ] Resolve mutations for :app:buildCMakeDebug[x86_64] (Thread[#46007,Execution worker Thread 3,5,main]) started.
[        ] :app:buildCMakeDebug[x86_64] (Thread[#46007,Execution worker Thread 3,5,main]) started.
[        ] > Task :app:buildCMakeDebug[x86_64]
[        ] Caching disabled for task ':app:buildCMakeDebug[x86_64]' because:
[        ]   Build cache is disabled
[        ]   Caching has been disabled for the task
[        ] Task ':app:buildCMakeDebug[x86_64]' is not up-to-date because:
[        ]   Task.upToDateWhen is false.
[        ] C/C++: starting build
[        ] C/C++: reading expected JSONs
[        ] C/C++: done reading expected JSONs
[        ] C/C++: executing build commands for targets that produce .so files or executables
[        ] C/C++: evaluate miniconfig
[        ] C/C++: no libraries
[        ] Resolve mutations for :app:mergeDebugJniLibFolders (Thread[#46007,Execution worker Thread 3,5,main]) started.
[        ] :app:mergeDebugJniLibFolders (Thread[#46007,Execution worker Thread 3,5,main]) started.
[        ] > Task :app:mergeDebugJniLibFolders UP-TO-DATE
[        ] Caching disabled for task ':app:mergeDebugJniLibFolders' because:
[        ]   Build cache is disabled
[        ]   Simple merging task
[        ] Skipping task ':app:mergeDebugJniLibFolders' as it is up-to-date.
[        ] Resolve mutations for :connectivity_plus:mergeDebugJniLibFolders (Thread[#46007,Execution worker Thread 3,5,main]) started.
[        ] :connectivity_plus:mergeDebugJniLibFolders (Thread[#46007,Execution worker Thread 3,5,main]) started.
[        ] > Task :connectivity_plus:mergeDebugJniLibFolders UP-TO-DATE
[        ] Caching disabled for task ':connectivity_plus:mergeDebugJniLibFolders' because:
[        ]   Build cache is disabled
[        ]   Simple merging task
[        ] Skipping task ':connectivity_plus:mergeDebugJniLibFolders' as it is up-to-date.
[        ] Resolve mutations for :connectivity_plus:mergeDebugNativeLibs (Thread[#46007,Execution worker Thread 3,5,main]) started.
[        ] :connectivity_plus:mergeDebugNativeLibs (Thread[#46007,Execution worker Thread 3,5,main]) started.
[        ] > Task :connectivity_plus:mergeDebugNativeLibs NO-SOURCE
[        ] Skipping task ':connectivity_plus:mergeDebugNativeLibs' as it has no source files and no previous output files.
[        ] Resolve mutations for :connectivity_plus:copyDebugJniLibsProjectOnly (Thread[#46007,Execution worker Thread 3,5,main]) started.
[        ] :connectivity_plus:copyDebugJniLibsProjectOnly (Thread[#46007,Execution worker Thread 3,5,main]) started.
[        ] > Task :connectivity_plus:copyDebugJniLibsProjectOnly UP-TO-DATE
[        ] Caching disabled for task ':connectivity_plus:copyDebugJniLibsProjectOnly' because:
[        ]   Build cache is disabled
[        ]   Caching has been disabled for the task
[        ] Skipping task ':connectivity_plus:copyDebugJniLibsProjectOnly' as it is up-to-date.
[        ] work action resolve jni (project :connectivity_plus) (Thread[#46007,Execution worker Thread 3,5,main]) started.
[        ] Resolve mutations for :emoji_picker_flutter:mergeDebugJniLibFolders (Thread[#46007,Execution worker Thread 3,5,main]) started.
[        ] :emoji_picker_flutter:mergeDebugJniLibFolders (Thread[#46007,Execution worker Thread 3,5,main]) started.
[        ] > Task :emoji_picker_flutter:mergeDebugJniLibFolders UP-TO-DATE
[        ] Caching disabled for task ':emoji_picker_flutter:mergeDebugJniLibFolders' because:
[        ]   Build cache is disabled
[        ]   Simple merging task
[        ] Skipping task ':emoji_picker_flutter:mergeDebugJniLibFolders' as it is up-to-date.
[        ] Resolve mutations for :emoji_picker_flutter:mergeDebugNativeLibs (Thread[#46007,Execution worker Thread 3,5,main]) started.
[        ] :emoji_picker_flutter:mergeDebugNativeLibs (Thread[#46007,Execution worker Thread 3,5,main]) started.
[        ] > Task :emoji_picker_flutter:mergeDebugNativeLibs NO-SOURCE
[        ] Skipping task ':emoji_picker_flutter:mergeDebugNativeLibs' as it has no source files and no previous output files.
[        ] Resolve mutations for :emoji_picker_flutter:copyDebugJniLibsProjectOnly (Thread[#46007,Execution worker Thread 3,5,main]) started.
[        ] :emoji_picker_flutter:copyDebugJniLibsProjectOnly (Thread[#46007,Execution worker Thread 3,5,main]) started.
[        ] > Task :emoji_picker_flutter:copyDebugJniLibsProjectOnly UP-TO-DATE
[        ] Caching disabled for task ':emoji_picker_flutter:copyDebugJniLibsProjectOnly' because:
[        ]   Build cache is disabled
[        ]   Caching has been disabled for the task
[        ] Skipping task ':emoji_picker_flutter:copyDebugJniLibsProjectOnly' as it is up-to-date.
[        ] work action resolve jni (project :emoji_picker_flutter) (Thread[#46007,Execution worker Thread 3,5,main]) started.
[        ] Resolve mutations for :file_selector_android:mergeDebugJniLibFolders (Thread[#46007,Execution worker Thread 3,5,main]) started.
[        ] :file_selector_android:mergeDebugJniLibFolders (Thread[#46007,Execution worker Thread 3,5,main]) started.
[        ] > Task :file_selector_android:mergeDebugJniLibFolders UP-TO-DATE
[        ] Caching disabled for task ':file_selector_android:mergeDebugJniLibFolders' because:
[        ]   Build cache is disabled
[        ]   Simple merging task
[        ] Skipping task ':file_selector_android:mergeDebugJniLibFolders' as it is up-to-date.
[        ] Resolve mutations for :file_selector_android:mergeDebugNativeLibs (Thread[#46007,Execution worker Thread 3,5,main]) started.
[        ] :file_selector_android:mergeDebugNativeLibs (Thread[#46007,Execution worker Thread 3,5,main]) started.
[        ] > Task :file_selector_android:mergeDebugNativeLibs NO-SOURCE
[        ] Skipping task ':file_selector_android:mergeDebugNativeLibs' as it has no source files and no previous output files.
[        ] Resolve mutations for :file_selector_android:copyDebugJniLibsProjectOnly (Thread[#46007,Execution worker Thread 3,5,main]) started.
[        ] :file_selector_android:copyDebugJniLibsProjectOnly (Thread[#46007,Execution worker Thread 3,5,main]) started.
[        ] > Task :file_selector_android:copyDebugJniLibsProjectOnly UP-TO-DATE
[        ] Caching disabled for task ':file_selector_android:copyDebugJniLibsProjectOnly' because:
[        ]   Build cache is disabled
[        ]   Caching has been disabled for the task
[        ] Skipping task ':file_selector_android:copyDebugJniLibsProjectOnly' as it is up-to-date.
[        ] work action resolve jni (project :file_selector_android) (Thread[#46007,Execution worker Thread 3,5,main]) started.
[        ] Resolve mutations for :flutter_keyboard_visibility_temp_fork:mergeDebugJniLibFolders (Thread[#46007,Execution worker Thread 3,5,main]) started.
[        ] :flutter_keyboard_visibility_temp_fork:mergeDebugJniLibFolders (Thread[#46007,Execution worker Thread 3,5,main]) started.
[        ] > Task :flutter_keyboard_visibility_temp_fork:mergeDebugJniLibFolders UP-TO-DATE
[        ] Caching disabled for task ':flutter_keyboard_visibility_temp_fork:mergeDebugJniLibFolders' because:
[        ]   Build cache is disabled
[        ]   Simple merging task
[        ] Skipping task ':flutter_keyboard_visibility_temp_fork:mergeDebugJniLibFolders' as it is up-to-date.
[        ] Resolve mutations for :flutter_keyboard_visibility_temp_fork:mergeDebugNativeLibs (Thread[#46007,Execution worker Thread 3,5,main]) started.
[        ] :flutter_keyboard_visibility_temp_fork:mergeDebugNativeLibs (Thread[#46007,Execution worker Thread 3,5,main]) started.
[        ] > Task :flutter_keyboard_visibility_temp_fork:mergeDebugNativeLibs NO-SOURCE
[        ] Skipping task ':flutter_keyboard_visibility_temp_fork:mergeDebugNativeLibs' as it has no source files and no previous output files.
[        ] Resolve mutations for :flutter_keyboard_visibility_temp_fork:copyDebugJniLibsProjectOnly (Thread[#46007,Execution worker Thread 3,5,main]) started.
[        ] :flutter_keyboard_visibility_temp_fork:copyDebugJniLibsProjectOnly (Thread[#46007,Execution worker Thread 3,5,main]) started.
[        ] > Task :flutter_keyboard_visibility_temp_fork:copyDebugJniLibsProjectOnly UP-TO-DATE
[        ] Caching disabled for task ':flutter_keyboard_visibility_temp_fork:copyDebugJniLibsProjectOnly' because:
[        ]   Build cache is disabled
[        ]   Caching has been disabled for the task
[        ] Skipping task ':flutter_keyboard_visibility_temp_fork:copyDebugJniLibsProjectOnly' as it is up-to-date.
[        ] work action resolve jni (project :flutter_keyboard_visibility_temp_fork) (Thread[#46007,Execution worker Thread 3,5,main]) started.
[        ] Resolve mutations for :flutter_native_splash:mergeDebugJniLibFolders (Thread[#46007,Execution worker Thread 3,5,main]) started.
[        ] :flutter_native_splash:mergeDebugJniLibFolders (Thread[#46007,Execution worker Thread 3,5,main]) started.
[        ] > Task :flutter_native_splash:mergeDebugJniLibFolders UP-TO-DATE
[        ] Caching disabled for task ':flutter_native_splash:mergeDebugJniLibFolders' because:
[        ]   Build cache is disabled
[        ]   Simple merging task
[        ] Skipping task ':flutter_native_splash:mergeDebugJniLibFolders' as it is up-to-date.
[        ] Resolve mutations for :flutter_native_splash:mergeDebugNativeLibs (Thread[#46007,Execution worker Thread 3,5,main]) started.
[        ] :flutter_native_splash:mergeDebugNativeLibs (Thread[#46007,Execution worker Thread 3,5,main]) started.
[        ] > Task :flutter_native_splash:mergeDebugNativeLibs NO-SOURCE
[        ] Skipping task ':flutter_native_splash:mergeDebugNativeLibs' as it has no source files and no previous output files.
[        ] Resolve mutations for :flutter_native_splash:copyDebugJniLibsProjectOnly (Thread[#46007,Execution worker Thread 3,5,main]) started.
[        ] :flutter_native_splash:copyDebugJniLibsProjectOnly (Thread[#46007,Execution worker Thread 3,5,main]) started.
[        ] > Task :flutter_native_splash:copyDebugJniLibsProjectOnly UP-TO-DATE
[        ] Caching disabled for task ':flutter_native_splash:copyDebugJniLibsProjectOnly' because:
[        ]   Build cache is disabled
[        ]   Caching has been disabled for the task
[        ] Skipping task ':flutter_native_splash:copyDebugJniLibsProjectOnly' as it is up-to-date.
[        ] work action resolve jni (project :flutter_native_splash) (Thread[#46007,Execution worker Thread 3,5,main]) started.
[        ] Resolve mutations for :flutter_olm:preProfileBuild (Thread[#46007,Execution worker Thread 3,5,main]) started.
[        ] :flutter_olm:preProfileBuild (Thread[#46007,Execution worker Thread 3,5,main]) started.
[        ] > Task :flutter_olm:preProfileBuild UP-TO-DATE
[        ] Skipping task ':flutter_olm:preProfileBuild' as it has no actions.
[        ] Resolve mutations for :flutter_olm:configureCMakeDebug[arm64-v8a] (Thread[#46007,Execution worker Thread 3,5,main]) started.
[        ] :flutter_olm:configureCMakeDebug[arm64-v8a] (Thread[#46007,Execution worker Thread 3,5,main]) started.
[        ] > Task :flutter_olm:configureCMakeDebug[arm64-v8a]
[        ] Caching disabled for task ':flutter_olm:configureCMakeDebug[arm64-v8a]' because:
[        ]   Build cache is disabled
[        ]   Caching has been disabled for the task
[        ] Task ':flutter_olm:configureCMakeDebug[arm64-v8a]' is not up-to-date because:
[        ]   Task.upToDateWhen is false.
[        ] C/C++: /Users/florian/.pub-cache/hosted/pub.dev/flutter_olm-2.0.0/ios/CMakeLists.txt profile|arm64-v8a : Start JSON generation. Platform version: 21 min SDK version: arm64-v8a
[        ] C/C++: /Users/florian/.pub-cache/hosted/pub.dev/flutter_olm-2.0.0/ios/CMakeLists.txt profile|arm64-v8a : JSON '/Users/florian/.pub-cache/hosted/pub.dev/flutter_olm-2.0.0/android/.cxx/Debug/611a6669/arm64-v8a/android_gradle_build.json' was up-to-date
[        ] C/C++: /Users/florian/.pub-cache/hosted/pub.dev/flutter_olm-2.0.0/ios/CMakeLists.txt profile|arm64-v8a : JSON generation completed without problems
[        ] C/C++: /Users/florian/.pub-cache/hosted/pub.dev/flutter_olm-2.0.0/ios/CMakeLists.txt profile|arm64-v8a : Writing build model to /Users/florian/Code/substitution/build/flutter_olm/intermediates/cxx/Debug/611a6669/logs/arm64-v8a/build_model.json
[        ] Resolve mutations for :flutter_olm:buildCMakeDebug[arm64-v8a] (Thread[#46007,Execution worker Thread 3,5,main]) started.
[        ] :flutter_olm:buildCMakeDebug[arm64-v8a] (Thread[#46007,Execution worker Thread 3,5,main]) started.
[        ] > Task :flutter_olm:buildCMakeDebug[arm64-v8a]
[        ] Caching disabled for task ':flutter_olm:buildCMakeDebug[arm64-v8a]' because:
[        ]   Build cache is disabled
[        ]   Caching has been disabled for the task
[        ] Task ':flutter_olm:buildCMakeDebug[arm64-v8a]' is not up-to-date because:
[        ]   Task.upToDateWhen is false.
[        ] C/C++: starting build
[        ] C/C++: reading expected JSONs
[        ] C/C++: done reading expected JSONs
[        ] C/C++: executing build commands for targets that produce .so files or executables
[        ] C/C++: evaluate miniconfig
[        ] C/C++: evaluate library olm (arm64-v8a)
[        ] C/C++: building target library olm because no targets are specified.
[        ] C/C++: about to build targets olm
[        ] C/C++: Build olm
[        ] C/C++: /Users/florian/Library/Android/sdk/cmake/3.22.1/bin/ninja \
[        ]   -C \
[        ]   /Users/florian/.pub-cache/hosted/pub.dev/flutter_olm-2.0.0/android/.cxx/Debug/611a6669/arm64-v8a \
[        ]   olm
[        ] Starting process 'command '/Users/florian/Library/Android/sdk/cmake/3.22.1/bin/ninja''. Working directory: /Users/florian/.pub-cache/hosted/pub.dev/flutter_olm-2.0.0/android Command: /Users/florian/Library/Android/sdk/cmake/3.22.1/bin/ninja -C /Users/florian/.pub-cache/hosted/pub.dev/flutter_olm-2.0.0/android/.cxx/Debug/611a6669/arm64-v8a olm
[        ] Successfully started process 'command '/Users/florian/Library/Android/sdk/cmake/3.22.1/bin/ninja''
[        ] C/C++: Received process result: 0
[        ] C/C++: check expected build outputs
[        ] C/C++: build complete
[        ] Resolve mutations for :flutter_olm:configureCMakeDebug[armeabi-v7a] (Thread[#46007,Execution worker Thread 3,5,main]) started.
[        ] :flutter_olm:configureCMakeDebug[armeabi-v7a] (Thread[#46007,Execution worker Thread 3,5,main]) started.
[        ] > Task :flutter_olm:configureCMakeDebug[armeabi-v7a]
[        ] Caching disabled for task ':flutter_olm:configureCMakeDebug[armeabi-v7a]' because:
[        ]   Build cache is disabled
[        ]   Caching has been disabled for the task
[        ] Task ':flutter_olm:configureCMakeDebug[armeabi-v7a]' is not up-to-date because:
[        ]   Task.upToDateWhen is false.
[        ] C/C++: /Users/florian/.pub-cache/hosted/pub.dev/flutter_olm-2.0.0/ios/CMakeLists.txt profile|armeabi-v7a : Start JSON generation. Platform version: 21 min SDK version: armeabi-v7a
[        ] C/C++: /Users/florian/.pub-cache/hosted/pub.dev/flutter_olm-2.0.0/ios/CMakeLists.txt profile|armeabi-v7a : JSON '/Users/florian/.pub-cache/hosted/pub.dev/flutter_olm-2.0.0/android/.cxx/Debug/611a6669/armeabi-v7a/android_gradle_build.json' was up-to-date
[        ] C/C++: /Users/florian/.pub-cache/hosted/pub.dev/flutter_olm-2.0.0/ios/CMakeLists.txt profile|armeabi-v7a : JSON generation completed without problems
[        ] C/C++: /Users/florian/.pub-cache/hosted/pub.dev/flutter_olm-2.0.0/ios/CMakeLists.txt profile|armeabi-v7a : Writing build model to /Users/florian/Code/substitution/build/flutter_olm/intermediates/cxx/Debug/611a6669/logs/armeabi-v7a/build_model.json
[        ] Resolve mutations for :flutter_olm:buildCMakeDebug[armeabi-v7a] (Thread[#46007,Execution worker Thread 3,5,main]) started.
[        ] :flutter_olm:buildCMakeDebug[armeabi-v7a] (Thread[#46007,Execution worker Thread 3,5,main]) started.
[        ] > Task :flutter_olm:buildCMakeDebug[armeabi-v7a]
[        ] Caching disabled for task ':flutter_olm:buildCMakeDebug[armeabi-v7a]' because:
[        ]   Build cache is disabled
[        ]   Caching has been disabled for the task
[        ] Task ':flutter_olm:buildCMakeDebug[armeabi-v7a]' is not up-to-date because:
[        ]   Task.upToDateWhen is false.
[        ] C/C++: starting build
[        ] C/C++: reading expected JSONs
[        ] C/C++: done reading expected JSONs
[        ] C/C++: executing build commands for targets that produce .so files or executables
[        ] C/C++: evaluate miniconfig
[        ] C/C++: evaluate library olm (armeabi-v7a)
[        ] C/C++: building target library olm because no targets are specified.
[        ] C/C++: about to build targets olm
[        ] C/C++: Build olm
[        ] C/C++: /Users/florian/Library/Android/sdk/cmake/3.22.1/bin/ninja \
[        ]   -C \
[        ]   /Users/florian/.pub-cache/hosted/pub.dev/flutter_olm-2.0.0/android/.cxx/Debug/611a6669/armeabi-v7a \
[        ]   olm
[        ] Starting process 'command '/Users/florian/Library/Android/sdk/cmake/3.22.1/bin/ninja''. Working directory: /Users/florian/.pub-cache/hosted/pub.dev/flutter_olm-2.0.0/android Command: /Users/florian/Library/Android/sdk/cmake/3.22.1/bin/ninja -C /Users/florian/.pub-cache/hosted/pub.dev/flutter_olm-2.0.0/android/.cxx/Debug/611a6669/armeabi-v7a olm
[        ] Successfully started process 'command '/Users/florian/Library/Android/sdk/cmake/3.22.1/bin/ninja''
[        ] C/C++: Received process result: 0
[        ] C/C++: check expected build outputs
[        ] C/C++: build complete
[        ] Resolve mutations for :flutter_olm:configureCMakeDebug[x86] (Thread[#46007,Execution worker Thread 3,5,main]) started.
[        ] :flutter_olm:configureCMakeDebug[x86] (Thread[#46007,Execution worker Thread 3,5,main]) started.
[        ] > Task :flutter_olm:configureCMakeDebug[x86]
[        ] Caching disabled for task ':flutter_olm:configureCMakeDebug[x86]' because:
[        ]   Build cache is disabled
[        ]   Caching has been disabled for the task
[        ] Task ':flutter_olm:configureCMakeDebug[x86]' is not up-to-date because:
[        ]   Task.upToDateWhen is false.
[        ] C/C++: /Users/florian/.pub-cache/hosted/pub.dev/flutter_olm-2.0.0/ios/CMakeLists.txt profile|x86 : Start JSON generation. Platform version: 21 min SDK version: x86
[        ] C/C++: /Users/florian/.pub-cache/hosted/pub.dev/flutter_olm-2.0.0/ios/CMakeLists.txt profile|x86 : JSON '/Users/florian/.pub-cache/hosted/pub.dev/flutter_olm-2.0.0/android/.cxx/Debug/611a6669/x86/android_gradle_build.json' was up-to-date
[        ] C/C++: /Users/florian/.pub-cache/hosted/pub.dev/flutter_olm-2.0.0/ios/CMakeLists.txt profile|x86 : JSON generation completed without problems
[        ] C/C++: /Users/florian/.pub-cache/hosted/pub.dev/flutter_olm-2.0.0/ios/CMakeLists.txt profile|x86 : Writing build model to /Users/florian/Code/substitution/build/flutter_olm/intermediates/cxx/Debug/611a6669/logs/x86/build_model.json
[        ] Resolve mutations for :flutter_olm:buildCMakeDebug[x86] (Thread[#46007,Execution worker Thread 3,5,main]) started.
[        ] :flutter_olm:buildCMakeDebug[x86] (Thread[#46007,Execution worker Thread 3,5,main]) started.
[        ] > Task :flutter_olm:buildCMakeDebug[x86]
[        ] Caching disabled for task ':flutter_olm:buildCMakeDebug[x86]' because:
[        ]   Build cache is disabled
[        ]   Caching has been disabled for the task
[        ] Task ':flutter_olm:buildCMakeDebug[x86]' is not up-to-date because:
[        ]   Task.upToDateWhen is false.
[        ] C/C++: starting build
[        ] C/C++: reading expected JSONs
[        ] C/C++: done reading expected JSONs
[        ] C/C++: executing build commands for targets that produce .so files or executables
[        ] C/C++: evaluate miniconfig
[        ] C/C++: evaluate library olm (x86)
[        ] C/C++: building target library olm because no targets are specified.
[        ] C/C++: about to build targets olm
[        ] C/C++: Build olm
[        ] C/C++: /Users/florian/Library/Android/sdk/cmake/3.22.1/bin/ninja \
[        ]   -C \
[        ]   /Users/florian/.pub-cache/hosted/pub.dev/flutter_olm-2.0.0/android/.cxx/Debug/611a6669/x86 \
[        ]   olm
[        ] Starting process 'command '/Users/florian/Library/Android/sdk/cmake/3.22.1/bin/ninja''. Working directory: /Users/florian/.pub-cache/hosted/pub.dev/flutter_olm-2.0.0/android Command: /Users/florian/Library/Android/sdk/cmake/3.22.1/bin/ninja -C /Users/florian/.pub-cache/hosted/pub.dev/flutter_olm-2.0.0/android/.cxx/Debug/611a6669/x86 olm
[        ] Successfully started process 'command '/Users/florian/Library/Android/sdk/cmake/3.22.1/bin/ninja''
[        ] C/C++: Received process result: 0
[        ] C/C++: check expected build outputs
[        ] C/C++: build complete
[        ] Resolve mutations for :flutter_olm:configureCMakeDebug[x86_64] (Thread[#46007,Execution worker Thread 3,5,main]) started.
[        ] :flutter_olm:configureCMakeDebug[x86_64] (Thread[#46007,Execution worker Thread 3,5,main]) started.
[        ] > Task :flutter_olm:configureCMakeDebug[x86_64]
[        ] Caching disabled for task ':flutter_olm:configureCMakeDebug[x86_64]' because:
[        ]   Build cache is disabled
[        ]   Caching has been disabled for the task
[        ] Task ':flutter_olm:configureCMakeDebug[x86_64]' is not up-to-date because:
[        ]   Task.upToDateWhen is false.
[        ] C/C++: /Users/florian/.pub-cache/hosted/pub.dev/flutter_olm-2.0.0/ios/CMakeLists.txt profile|x86_64 : Start JSON generation. Platform version: 21 min SDK version: x86_64
[        ] C/C++: /Users/florian/.pub-cache/hosted/pub.dev/flutter_olm-2.0.0/ios/CMakeLists.txt profile|x86_64 : JSON '/Users/florian/.pub-cache/hosted/pub.dev/flutter_olm-2.0.0/android/.cxx/Debug/611a6669/x86_64/android_gradle_build.json' was up-to-date
[        ] C/C++: /Users/florian/.pub-cache/hosted/pub.dev/flutter_olm-2.0.0/ios/CMakeLists.txt profile|x86_64 : JSON generation completed without problems
[        ] C/C++: /Users/florian/.pub-cache/hosted/pub.dev/flutter_olm-2.0.0/ios/CMakeLists.txt profile|x86_64 : Writing build model to /Users/florian/Code/substitution/build/flutter_olm/intermediates/cxx/Debug/611a6669/logs/x86_64/build_model.json
[        ] Resolve mutations for :flutter_olm:buildCMakeDebug[x86_64] (Thread[#46007,Execution worker Thread 3,5,main]) started.
[        ] :flutter_olm:buildCMakeDebug[x86_64] (Thread[#46007,Execution worker Thread 3,5,main]) started.
[        ] > Task :flutter_olm:buildCMakeDebug[x86_64]
[        ] Caching disabled for task ':flutter_olm:buildCMakeDebug[x86_64]' because:
[        ]   Build cache is disabled
[        ]   Caching has been disabled for the task
[        ] Task ':flutter_olm:buildCMakeDebug[x86_64]' is not up-to-date because:
[        ]   Task.upToDateWhen is false.
[        ] C/C++: starting build
[        ] C/C++: reading expected JSONs
[        ] C/C++: done reading expected JSONs
[        ] C/C++: executing build commands for targets that produce .so files or executables
[        ] C/C++: evaluate miniconfig
[        ] C/C++: evaluate library olm (x86_64)
[        ] C/C++: building target library olm because no targets are specified.
[        ] C/C++: about to build targets olm
[        ] C/C++: Build olm
[        ] C/C++: /Users/florian/Library/Android/sdk/cmake/3.22.1/bin/ninja \
[        ]   -C \
[        ]   /Users/florian/.pub-cache/hosted/pub.dev/flutter_olm-2.0.0/android/.cxx/Debug/611a6669/x86_64 \
[        ]   olm
[        ] Starting process 'command '/Users/florian/Library/Android/sdk/cmake/3.22.1/bin/ninja''. Working directory: /Users/florian/.pub-cache/hosted/pub.dev/flutter_olm-2.0.0/android Command: /Users/florian/Library/Android/sdk/cmake/3.22.1/bin/ninja -C /Users/florian/.pub-cache/hosted/pub.dev/flutter_olm-2.0.0/android/.cxx/Debug/611a6669/x86_64 olm
[        ] Successfully started process 'command '/Users/florian/Library/Android/sdk/cmake/3.22.1/bin/ninja''
[        ] C/C++: Received process result: 0
[        ] C/C++: check expected build outputs
[        ] C/C++: build complete
[        ] Resolve mutations for :flutter_olm:mergeDebugJniLibFolders (Thread[#46007,Execution worker Thread 3,5,main]) started.
[        ] :flutter_olm:mergeDebugJniLibFolders (Thread[#46007,Execution worker Thread 3,5,main]) started.
[        ] > Task :flutter_olm:mergeDebugJniLibFolders UP-TO-DATE
[        ] Caching disabled for task ':flutter_olm:mergeDebugJniLibFolders' because:
[        ]   Build cache is disabled
[        ]   Simple merging task
[        ] Skipping task ':flutter_olm:mergeDebugJniLibFolders' as it is up-to-date.
[        ] Resolve mutations for :flutter_olm:mergeDebugNativeLibs (Thread[#46007,Execution worker Thread 3,5,main]) started.
[        ] :flutter_olm:mergeDebugNativeLibs (Thread[#46007,Execution worker Thread 3,5,main]) started.
[        ] > Task :flutter_olm:mergeDebugNativeLibs UP-TO-DATE
[        ] Caching disabled for task ':flutter_olm:mergeDebugNativeLibs' because:
[        ]   Build cache is disabled
[        ]   Caching has been disabled for the task
[        ] Skipping task ':flutter_olm:mergeDebugNativeLibs' as it is up-to-date.
[        ] Resolve mutations for :flutter_olm:copyDebugJniLibsProjectOnly (Thread[#46007,Execution worker Thread 3,5,main]) started.
[        ] :flutter_olm:copyDebugJniLibsProjectOnly (Thread[#46007,Execution worker Thread 3,5,main]) started.
[        ] > Task :flutter_olm:copyDebugJniLibsProjectOnly UP-TO-DATE
[        ] Caching disabled for task ':flutter_olm:copyDebugJniLibsProjectOnly' because:
[        ]   Build cache is disabled
[        ]   Caching has been disabled for the task
[        ] Skipping task ':flutter_olm:copyDebugJniLibsProjectOnly' as it is up-to-date.
[        ] work action resolve jni (project :flutter_olm) (Thread[#46007,Execution worker Thread 3,5,main]) started.
[        ] Resolve mutations for :flutter_openssl_crypto:preProfileBuild (Thread[#46007,Execution worker Thread 3,5,main]) started.
[        ] :flutter_openssl_crypto:preProfileBuild (Thread[#46007,Execution worker Thread 3,5,main]) started.
[        ] > Task :flutter_openssl_crypto:preProfileBuild UP-TO-DATE
[        ] Skipping task ':flutter_openssl_crypto:preProfileBuild' as it has no actions.
[        ] Resolve mutations for :flutter_openssl_crypto:configureCMakeDebug[arm64-v8a] (Thread[#46007,Execution worker Thread 3,5,main]) started.
[        ] :flutter_openssl_crypto:configureCMakeDebug[arm64-v8a] (Thread[#46007,Execution worker Thread 3,5,main]) started.
[  +88 ms] > Task :flutter_openssl_crypto:configureCMakeDebug[arm64-v8a]
[        ] Caching disabled for task ':flutter_openssl_crypto:configureCMakeDebug[arm64-v8a]' because:
[        ]   Build cache is disabled
[        ]   Caching has been disabled for the task
[        ] Task ':flutter_openssl_crypto:configureCMakeDebug[arm64-v8a]' is not up-to-date because:
[        ]   Task.upToDateWhen is false.
[        ] C/C++: /Users/florian/.pub-cache/hosted/pub.dev/flutter_openssl_crypto-0.5.0/android/CMakeLists.txt profile|arm64-v8a : Start JSON generation. Platform version: 21 min SDK version: arm64-v8a
[        ] C/C++: /Users/florian/.pub-cache/hosted/pub.dev/flutter_openssl_crypto-0.5.0/android/CMakeLists.txt profile|arm64-v8a : JSON '/Users/florian/.pub-cache/hosted/pub.dev/flutter_openssl_crypto-0.5.0/android/.cxx/Debug/42n1p1e4/arm64-v8a/android_gradle_build.json' was up-to-date
[        ] C/C++: /Users/florian/.pub-cache/hosted/pub.dev/flutter_openssl_crypto-0.5.0/android/CMakeLists.txt profile|arm64-v8a : JSON generation completed without problems
[        ] C/C++: /Users/florian/.pub-cache/hosted/pub.dev/flutter_openssl_crypto-0.5.0/android/CMakeLists.txt profile|arm64-v8a : Writing build model to /Users/florian/Code/substitution/build/flutter_openssl_crypto/intermediates/cxx/Debug/42n1p1e4/logs/arm64-v8a/build_model.json
[        ] Resolve mutations for :flutter_openssl_crypto:buildCMakeDebug[arm64-v8a] (Thread[#46007,Execution worker Thread 3,5,main]) started.
[        ] :flutter_openssl_crypto:buildCMakeDebug[arm64-v8a] (Thread[#46007,Execution worker Thread 3,5,main]) started.
[        ] > Task :flutter_openssl_crypto:buildCMakeDebug[arm64-v8a]
[        ] Caching disabled for task ':flutter_openssl_crypto:buildCMakeDebug[arm64-v8a]' because:
[        ]   Build cache is disabled
[        ]   Caching has been disabled for the task
[        ] Task ':flutter_openssl_crypto:buildCMakeDebug[arm64-v8a]' is not up-to-date because:
[        ]   Task.upToDateWhen is false.
[        ] C/C++: starting build
[        ] C/C++: reading expected JSONs
[        ] C/C++: done reading expected JSONs
[        ] C/C++: executing build commands for targets that produce .so files or executables
[        ] C/C++: evaluate miniconfig
[        ] C/C++: evaluate library flutter_openssl_crypto (arm64-v8a)
[        ] C/C++: building target library flutter_openssl_crypto because no targets are specified.
[        ] C/C++: about to build targets flutter_openssl_crypto
[        ] C/C++: Build flutter_openssl_crypto
[        ] C/C++: /Users/florian/Library/Android/sdk/cmake/3.22.1/bin/ninja \
[        ]   -C \
[        ]   /Users/florian/.pub-cache/hosted/pub.dev/flutter_openssl_crypto-0.5.0/android/.cxx/Debug/42n1p1e4/arm64-v8a \
[        ]   flutter_openssl_crypto
[        ] Starting process 'command '/Users/florian/Library/Android/sdk/cmake/3.22.1/bin/ninja''. Working directory: /Users/florian/.pub-cache/hosted/pub.dev/flutter_openssl_crypto-0.5.0/android Command: /Users/florian/Library/Android/sdk/cmake/3.22.1/bin/ninja -C /Users/florian/.pub-cache/hosted/pub.dev/flutter_openssl_crypto-0.5.0/android/.cxx/Debug/42n1p1e4/arm64-v8a flutter_openssl_crypto
[        ] Successfully started process 'command '/Users/florian/Library/Android/sdk/cmake/3.22.1/bin/ninja''
[        ] C/C++: Received process result: 0
[        ] C/C++: check expected build outputs
[        ] C/C++: build complete
[        ] Resolve mutations for :flutter_openssl_crypto:configureCMakeDebug[armeabi-v7a] (Thread[#46007,Execution worker Thread 3,5,main]) started.
[        ] :flutter_openssl_crypto:configureCMakeDebug[armeabi-v7a] (Thread[#46007,Execution worker Thread 3,5,main]) started.
[        ] > Task :flutter_openssl_crypto:configureCMakeDebug[armeabi-v7a]
[        ] Caching disabled for task ':flutter_openssl_crypto:configureCMakeDebug[armeabi-v7a]' because:
[        ]   Build cache is disabled
[        ]   Caching has been disabled for the task
[        ] Task ':flutter_openssl_crypto:configureCMakeDebug[armeabi-v7a]' is not up-to-date because:
[        ]   Task.upToDateWhen is false.
[        ] C/C++: /Users/florian/.pub-cache/hosted/pub.dev/flutter_openssl_crypto-0.5.0/android/CMakeLists.txt profile|armeabi-v7a : Start JSON generation. Platform version: 21 min SDK version: armeabi-v7a
[        ] C/C++: /Users/florian/.pub-cache/hosted/pub.dev/flutter_openssl_crypto-0.5.0/android/CMakeLists.txt profile|armeabi-v7a : JSON '/Users/florian/.pub-cache/hosted/pub.dev/flutter_openssl_crypto-0.5.0/android/.cxx/Debug/42n1p1e4/armeabi-v7a/android_gradle_build.json' was up-to-date
[        ] C/C++: /Users/florian/.pub-cache/hosted/pub.dev/flutter_openssl_crypto-0.5.0/android/CMakeLists.txt profile|armeabi-v7a : JSON generation completed without problems
[        ] C/C++: /Users/florian/.pub-cache/hosted/pub.dev/flutter_openssl_crypto-0.5.0/android/CMakeLists.txt profile|armeabi-v7a : Writing build model to /Users/florian/Code/substitution/build/flutter_openssl_crypto/intermediates/cxx/Debug/42n1p1e4/logs/armeabi-v7a/build_model.json
[        ] Resolve mutations for :flutter_openssl_crypto:buildCMakeDebug[armeabi-v7a] (Thread[#46007,Execution worker Thread 3,5,main]) started.
[        ] :flutter_openssl_crypto:buildCMakeDebug[armeabi-v7a] (Thread[#46007,Execution worker Thread 3,5,main]) started.
[        ] > Task :flutter_openssl_crypto:buildCMakeDebug[armeabi-v7a]
[        ] Caching disabled for task ':flutter_openssl_crypto:buildCMakeDebug[armeabi-v7a]' because:
[        ]   Build cache is disabled
[        ]   Caching has been disabled for the task
[        ] Task ':flutter_openssl_crypto:buildCMakeDebug[armeabi-v7a]' is not up-to-date because:
[        ]   Task.upToDateWhen is false.
[        ] C/C++: starting build
[        ] C/C++: reading expected JSONs
[        ] C/C++: done reading expected JSONs
[        ] C/C++: executing build commands for targets that produce .so files or executables
[        ] C/C++: evaluate miniconfig
[        ] C/C++: evaluate library flutter_openssl_crypto (armeabi-v7a)
[        ] C/C++: building target library flutter_openssl_crypto because no targets are specified.
[        ] C/C++: about to build targets flutter_openssl_crypto
[        ] C/C++: Build flutter_openssl_crypto
[        ] C/C++: /Users/florian/Library/Android/sdk/cmake/3.22.1/bin/ninja \
[        ]   -C \
[        ]   /Users/florian/.pub-cache/hosted/pub.dev/flutter_openssl_crypto-0.5.0/android/.cxx/Debug/42n1p1e4/armeabi-v7a \
[        ]   flutter_openssl_crypto
[        ] Starting process 'command '/Users/florian/Library/Android/sdk/cmake/3.22.1/bin/ninja''. Working directory: /Users/florian/.pub-cache/hosted/pub.dev/flutter_openssl_crypto-0.5.0/android Command: /Users/florian/Library/Android/sdk/cmake/3.22.1/bin/ninja -C /Users/florian/.pub-cache/hosted/pub.dev/flutter_openssl_crypto-0.5.0/android/.cxx/Debug/42n1p1e4/armeabi-v7a flutter_openssl_crypto
[        ] Successfully started process 'command '/Users/florian/Library/Android/sdk/cmake/3.22.1/bin/ninja''
[        ] C/C++: Received process result: 0
[        ] C/C++: check expected build outputs
[        ] C/C++: build complete
[        ] Resolve mutations for :flutter_openssl_crypto:configureCMakeDebug[x86] (Thread[#46007,Execution worker Thread 3,5,main]) started.
[        ] :flutter_openssl_crypto:configureCMakeDebug[x86] (Thread[#46031,Execution worker Thread 26,5,main]) started.
[        ] > Task :flutter_openssl_crypto:configureCMakeDebug[x86]
[        ] Caching disabled for task ':flutter_openssl_crypto:configureCMakeDebug[x86]' because:
[        ]   Build cache is disabled
[        ]   Caching has been disabled for the task
[        ] Task ':flutter_openssl_crypto:configureCMakeDebug[x86]' is not up-to-date because:
[        ]   Task.upToDateWhen is false.
[        ] C/C++: /Users/florian/.pub-cache/hosted/pub.dev/flutter_openssl_crypto-0.5.0/android/CMakeLists.txt profile|x86 : Start JSON generation. Platform version: 21 min SDK version: x86
[        ] C/C++: /Users/florian/.pub-cache/hosted/pub.dev/flutter_openssl_crypto-0.5.0/android/CMakeLists.txt profile|x86 : JSON '/Users/florian/.pub-cache/hosted/pub.dev/flutter_openssl_crypto-0.5.0/android/.cxx/Debug/42n1p1e4/x86/android_gradle_build.json' was up-to-date
[        ] C/C++: /Users/florian/.pub-cache/hosted/pub.dev/flutter_openssl_crypto-0.5.0/android/CMakeLists.txt profile|x86 : JSON generation completed without problems
[        ] C/C++: /Users/florian/.pub-cache/hosted/pub.dev/flutter_openssl_crypto-0.5.0/android/CMakeLists.txt profile|x86 : Writing build model to /Users/florian/Code/substitution/build/flutter_openssl_crypto/intermediates/cxx/Debug/42n1p1e4/logs/x86/build_model.json
[        ] Resolve mutations for :flutter_openssl_crypto:buildCMakeDebug[x86] (Thread[#46031,Execution worker Thread 26,5,main]) started.
[        ] :flutter_openssl_crypto:buildCMakeDebug[x86] (Thread[#46031,Execution worker Thread 26,5,main]) started.
[        ] > Task :flutter_openssl_crypto:buildCMakeDebug[x86]
[        ] Caching disabled for task ':flutter_openssl_crypto:buildCMakeDebug[x86]' because:
[        ]   Build cache is disabled
[        ]   Caching has been disabled for the task
[        ] Task ':flutter_openssl_crypto:buildCMakeDebug[x86]' is not up-to-date because:
[        ]   Task.upToDateWhen is false.
[        ] C/C++: starting build
[        ] C/C++: reading expected JSONs
[        ] C/C++: done reading expected JSONs
[        ] C/C++: executing build commands for targets that produce .so files or executables
[        ] C/C++: evaluate miniconfig
[        ] C/C++: evaluate library flutter_openssl_crypto (x86)
[        ] C/C++: building target library flutter_openssl_crypto because no targets are specified.
[        ] C/C++: about to build targets flutter_openssl_crypto
[        ] C/C++: Build flutter_openssl_crypto
[        ] C/C++: /Users/florian/Library/Android/sdk/cmake/3.22.1/bin/ninja \
[        ]   -C \
[        ]   /Users/florian/.pub-cache/hosted/pub.dev/flutter_openssl_crypto-0.5.0/android/.cxx/Debug/42n1p1e4/x86 \
[        ]   flutter_openssl_crypto
[        ] Starting process 'command '/Users/florian/Library/Android/sdk/cmake/3.22.1/bin/ninja''. Working directory: /Users/florian/.pub-cache/hosted/pub.dev/flutter_openssl_crypto-0.5.0/android Command: /Users/florian/Library/Android/sdk/cmake/3.22.1/bin/ninja -C /Users/florian/.pub-cache/hosted/pub.dev/flutter_openssl_crypto-0.5.0/android/.cxx/Debug/42n1p1e4/x86 flutter_openssl_crypto
[        ] Successfully started process 'command '/Users/florian/Library/Android/sdk/cmake/3.22.1/bin/ninja''
[        ] C/C++: Received process result: 0
[        ] C/C++: check expected build outputs
[        ] C/C++: build complete
[        ] Resolve mutations for :flutter_openssl_crypto:configureCMakeDebug[x86_64] (Thread[#46031,Execution worker Thread 26,5,main]) started.
[        ] :flutter_openssl_crypto:configureCMakeDebug[x86_64] (Thread[#46031,Execution worker Thread 26,5,main]) started.
[        ] > Task :flutter_openssl_crypto:configureCMakeDebug[x86_64]
[        ] Caching disabled for task ':flutter_openssl_crypto:configureCMakeDebug[x86_64]' because:
[        ]   Build cache is disabled
[        ]   Caching has been disabled for the task
[        ] Task ':flutter_openssl_crypto:configureCMakeDebug[x86_64]' is not up-to-date because:
[        ]   Task.upToDateWhen is false.
[        ] C/C++: /Users/florian/.pub-cache/hosted/pub.dev/flutter_openssl_crypto-0.5.0/android/CMakeLists.txt profile|x86_64 : Start JSON generation. Platform version: 21 min SDK version: x86_64
[        ] C/C++: /Users/florian/.pub-cache/hosted/pub.dev/flutter_openssl_crypto-0.5.0/android/CMakeLists.txt profile|x86_64 : JSON '/Users/florian/.pub-cache/hosted/pub.dev/flutter_openssl_crypto-0.5.0/android/.cxx/Debug/42n1p1e4/x86_64/android_gradle_build.json' was up-to-date
[        ] C/C++: /Users/florian/.pub-cache/hosted/pub.dev/flutter_openssl_crypto-0.5.0/android/CMakeLists.txt profile|x86_64 : JSON generation completed without problems
[        ] C/C++: /Users/florian/.pub-cache/hosted/pub.dev/flutter_openssl_crypto-0.5.0/android/CMakeLists.txt profile|x86_64 : Writing build model to /Users/florian/Code/substitution/build/flutter_openssl_crypto/intermediates/cxx/Debug/42n1p1e4/logs/x86_64/build_model.json
[        ] Resolve mutations for :flutter_openssl_crypto:buildCMakeDebug[x86_64] (Thread[#46031,Execution worker Thread 26,5,main]) started.
[        ] :flutter_openssl_crypto:buildCMakeDebug[x86_64] (Thread[#46031,Execution worker Thread 26,5,main]) started.
[        ] > Task :flutter_openssl_crypto:buildCMakeDebug[x86_64]
[        ] Caching disabled for task ':flutter_openssl_crypto:buildCMakeDebug[x86_64]' because:
[        ]   Build cache is disabled
[        ]   Caching has been disabled for the task
[        ] Task ':flutter_openssl_crypto:buildCMakeDebug[x86_64]' is not up-to-date because:
[        ]   Task.upToDateWhen is false.
[        ] C/C++: starting build
[        ] C/C++: reading expected JSONs
[        ] C/C++: done reading expected JSONs
[        ] C/C++: executing build commands for targets that produce .so files or executables
[        ] C/C++: evaluate miniconfig
[        ] C/C++: evaluate library flutter_openssl_crypto (x86_64)
[        ] C/C++: building target library flutter_openssl_crypto because no targets are specified.
[        ] C/C++: about to build targets flutter_openssl_crypto
[        ] C/C++: Build flutter_openssl_crypto
[        ] C/C++: /Users/florian/Library/Android/sdk/cmake/3.22.1/bin/ninja \
[        ]   -C \
[        ]   /Users/florian/.pub-cache/hosted/pub.dev/flutter_openssl_crypto-0.5.0/android/.cxx/Debug/42n1p1e4/x86_64 \
[        ]   flutter_openssl_crypto
[        ] Starting process 'command '/Users/florian/Library/Android/sdk/cmake/3.22.1/bin/ninja''. Working directory: /Users/florian/.pub-cache/hosted/pub.dev/flutter_openssl_crypto-0.5.0/android Command: /Users/florian/Library/Android/sdk/cmake/3.22.1/bin/ninja -C /Users/florian/.pub-cache/hosted/pub.dev/flutter_openssl_crypto-0.5.0/android/.cxx/Debug/42n1p1e4/x86_64 flutter_openssl_crypto
[        ] Successfully started process 'command '/Users/florian/Library/Android/sdk/cmake/3.22.1/bin/ninja''
[        ] C/C++: Received process result: 0
[        ] C/C++: check expected build outputs
[        ] C/C++: build complete
[        ] Resolve mutations for :flutter_openssl_crypto:mergeDebugJniLibFolders (Thread[#46031,Execution worker Thread 26,5,main]) started.
[        ] :flutter_openssl_crypto:mergeDebugJniLibFolders (Thread[#46031,Execution worker Thread 26,5,main]) started.
[        ] > Task :flutter_openssl_crypto:mergeDebugJniLibFolders UP-TO-DATE
[        ] Caching disabled for task ':flutter_openssl_crypto:mergeDebugJniLibFolders' because:
[        ]   Build cache is disabled
[        ]   Simple merging task
[        ] Skipping task ':flutter_openssl_crypto:mergeDebugJniLibFolders' as it is up-to-date.
[        ] Resolve mutations for :flutter_openssl_crypto:mergeDebugNativeLibs (Thread[#46031,Execution worker Thread 26,5,main]) started.
[        ] :flutter_openssl_crypto:mergeDebugNativeLibs (Thread[#46031,Execution worker Thread 26,5,main]) started.
[        ] > Task :flutter_openssl_crypto:mergeDebugNativeLibs UP-TO-DATE
[        ] Caching disabled for task ':flutter_openssl_crypto:mergeDebugNativeLibs' because:
[        ]   Build cache is disabled
[        ]   Caching has been disabled for the task
[        ] Skipping task ':flutter_openssl_crypto:mergeDebugNativeLibs' as it is up-to-date.
[        ] Resolve mutations for :flutter_openssl_crypto:copyDebugJniLibsProjectOnly (Thread[#46031,Execution worker Thread 26,5,main]) started.
[        ] :flutter_openssl_crypto:copyDebugJniLibsProjectOnly (Thread[#46031,Execution worker Thread 26,5,main]) started.
[        ] > Task :flutter_openssl_crypto:copyDebugJniLibsProjectOnly UP-TO-DATE
[        ] Caching disabled for task ':flutter_openssl_crypto:copyDebugJniLibsProjectOnly' because:
[        ]   Build cache is disabled
[        ]   Caching has been disabled for the task
[        ] Skipping task ':flutter_openssl_crypto:copyDebugJniLibsProjectOnly' as it is up-to-date.
[        ] work action resolve jni (project :flutter_openssl_crypto) (Thread[#46031,Execution worker Thread 26,5,main]) started.
[        ] Resolve mutations for :integration_test:mergeDebugJniLibFolders (Thread[#46031,Execution worker Thread 26,5,main]) started.
[        ] :integration_test:mergeDebugJniLibFolders (Thread[#46031,Execution worker Thread 26,5,main]) started.
[        ] > Task :integration_test:mergeDebugJniLibFolders UP-TO-DATE
[        ] Caching disabled for task ':integration_test:mergeDebugJniLibFolders' because:
[        ]   Build cache is disabled
[        ]   Simple merging task
[        ] Skipping task ':integration_test:mergeDebugJniLibFolders' as it is up-to-date.
[        ] Resolve mutations for :integration_test:mergeDebugNativeLibs (Thread[#46031,Execution worker Thread 26,5,main]) started.
[        ] :integration_test:mergeDebugNativeLibs (Thread[#46031,Execution worker Thread 26,5,main]) started.
[        ] > Task :integration_test:mergeDebugNativeLibs NO-SOURCE
[        ] Skipping task ':integration_test:mergeDebugNativeLibs' as it has no source files and no previous output files.
[        ] Resolve mutations for :integration_test:copyDebugJniLibsProjectOnly (Thread[#46031,Execution worker Thread 26,5,main]) started.
[        ] :integration_test:copyDebugJniLibsProjectOnly (Thread[#46031,Execution worker Thread 26,5,main]) started.
[        ] > Task :integration_test:copyDebugJniLibsProjectOnly UP-TO-DATE
[        ] Caching disabled for task ':integration_test:copyDebugJniLibsProjectOnly' because:
[        ]   Build cache is disabled
[        ]   Caching has been disabled for the task
[        ] Skipping task ':integration_test:copyDebugJniLibsProjectOnly' as it is up-to-date.
[        ] work action resolve jni (project :integration_test) (Thread[#46031,Execution worker Thread 26,5,main]) started.
[        ] Resolve mutations for :path_provider_android:mergeDebugJniLibFolders (Thread[#46031,Execution worker Thread 26,5,main]) started.
[        ] :path_provider_android:mergeDebugJniLibFolders (Thread[#46031,Execution worker Thread 26,5,main]) started.
[        ] > Task :path_provider_android:mergeDebugJniLibFolders UP-TO-DATE
[        ] Caching disabled for task ':path_provider_android:mergeDebugJniLibFolders' because:
[        ]   Build cache is disabled
[        ]   Simple merging task
[        ] Skipping task ':path_provider_android:mergeDebugJniLibFolders' as it is up-to-date.
[        ] Resolve mutations for :path_provider_android:mergeDebugNativeLibs (Thread[#46031,Execution worker Thread 26,5,main]) started.
[        ] :path_provider_android:mergeDebugNativeLibs (Thread[#46031,Execution worker Thread 26,5,main]) started.
[        ] > Task :path_provider_android:mergeDebugNativeLibs NO-SOURCE
[        ] Skipping task ':path_provider_android:mergeDebugNativeLibs' as it has no source files and no previous output files.
[        ] Resolve mutations for :path_provider_android:copyDebugJniLibsProjectOnly (Thread[#46031,Execution worker Thread 26,5,main]) started.
[        ] :path_provider_android:copyDebugJniLibsProjectOnly (Thread[#46031,Execution worker Thread 26,5,main]) started.
[        ] > Task :path_provider_android:copyDebugJniLibsProjectOnly UP-TO-DATE
[        ] Caching disabled for task ':path_provider_android:copyDebugJniLibsProjectOnly' because:
[        ]   Build cache is disabled
[        ]   Caching has been disabled for the task
[        ] Skipping task ':path_provider_android:copyDebugJniLibsProjectOnly' as it is up-to-date.
[        ] work action resolve jni (project :path_provider_android) (Thread[#46031,Execution worker Thread 26,5,main]) started.
[        ] Resolve mutations for :quill_native_bridge_android:mergeDebugJniLibFolders (Thread[#46031,Execution worker Thread 26,5,main]) started.
[        ] :quill_native_bridge_android:mergeDebugJniLibFolders (Thread[#46031,Execution worker Thread 26,5,main]) started.
[        ] > Task :quill_native_bridge_android:mergeDebugJniLibFolders UP-TO-DATE
[        ] Caching disabled for task ':quill_native_bridge_android:mergeDebugJniLibFolders' because:
[        ]   Build cache is disabled
[        ]   Simple merging task
[        ] Skipping task ':quill_native_bridge_android:mergeDebugJniLibFolders' as it is up-to-date.
[        ] Resolve mutations for :quill_native_bridge_android:mergeDebugNativeLibs (Thread[#46031,Execution worker Thread 26,5,main]) started.
[        ] :quill_native_bridge_android:mergeDebugNativeLibs (Thread[#46031,Execution worker Thread 26,5,main]) started.
[        ] > Task :quill_native_bridge_android:mergeDebugNativeLibs NO-SOURCE
[        ] Skipping task ':quill_native_bridge_android:mergeDebugNativeLibs' as it has no source files and no previous output files.
[        ] Resolve mutations for :quill_native_bridge_android:copyDebugJniLibsProjectOnly (Thread[#46031,Execution worker Thread 26,5,main]) started.
[        ] :quill_native_bridge_android:copyDebugJniLibsProjectOnly (Thread[#46031,Execution worker Thread 26,5,main]) started.
[        ] > Task :quill_native_bridge_android:copyDebugJniLibsProjectOnly UP-TO-DATE
[        ] Caching disabled for task ':quill_native_bridge_android:copyDebugJniLibsProjectOnly' because:
[        ]   Build cache is disabled
[        ]   Caching has been disabled for the task
[        ] Skipping task ':quill_native_bridge_android:copyDebugJniLibsProjectOnly' as it is up-to-date.
[        ] work action resolve jni (project :quill_native_bridge_android) (Thread[#46031,Execution worker Thread 26,5,main]) started.
[        ] Resolve mutations for :shared_preferences_android:mergeDebugJniLibFolders (Thread[#46031,Execution worker Thread 26,5,main]) started.
[        ] :shared_preferences_android:mergeDebugJniLibFolders (Thread[#46031,Execution worker Thread 26,5,main]) started.
[        ] > Task :shared_preferences_android:mergeDebugJniLibFolders UP-TO-DATE
[        ] Caching disabled for task ':shared_preferences_android:mergeDebugJniLibFolders' because:
[        ]   Build cache is disabled
[        ]   Simple merging task
[        ] Skipping task ':shared_preferences_android:mergeDebugJniLibFolders' as it is up-to-date.
[        ] Resolve mutations for :shared_preferences_android:mergeDebugNativeLibs (Thread[#46031,Execution worker Thread 26,5,main]) started.
[        ] :shared_preferences_android:mergeDebugNativeLibs (Thread[#46031,Execution worker Thread 26,5,main]) started.
[        ] > Task :shared_preferences_android:mergeDebugNativeLibs NO-SOURCE
[        ] Skipping task ':shared_preferences_android:mergeDebugNativeLibs' as it has no source files and no previous output files.
[        ] Resolve mutations for :shared_preferences_android:copyDebugJniLibsProjectOnly (Thread[#46031,Execution worker Thread 26,5,main]) started.
[        ] :shared_preferences_android:copyDebugJniLibsProjectOnly (Thread[#46031,Execution worker Thread 26,5,main]) started.
[        ] > Task :shared_preferences_android:copyDebugJniLibsProjectOnly UP-TO-DATE
[        ] Caching disabled for task ':shared_preferences_android:copyDebugJniLibsProjectOnly' because:
[        ]   Build cache is disabled
[        ]   Caching has been disabled for the task
[        ] Skipping task ':shared_preferences_android:copyDebugJniLibsProjectOnly' as it is up-to-date.
[        ] work action resolve jni (project :shared_preferences_android) (Thread[#46031,Execution worker Thread 26,5,main]) started.
[        ] Resolve mutations for :sqflite_android:mergeDebugJniLibFolders (Thread[#46031,Execution worker Thread 26,5,main]) started.
[        ] :sqflite_android:mergeDebugJniLibFolders (Thread[#46031,Execution worker Thread 26,5,main]) started.
[        ] > Task :sqflite_android:mergeDebugJniLibFolders UP-TO-DATE
[        ] Caching disabled for task ':sqflite_android:mergeDebugJniLibFolders' because:
[        ]   Build cache is disabled
[        ]   Simple merging task
[        ] Skipping task ':sqflite_android:mergeDebugJniLibFolders' as it is up-to-date.
[        ] Resolve mutations for :sqflite_android:mergeDebugNativeLibs (Thread[#46031,Execution worker Thread 26,5,main]) started.
[        ] :sqflite_android:mergeDebugNativeLibs (Thread[#46031,Execution worker Thread 26,5,main]) started.
[        ] > Task :sqflite_android:mergeDebugNativeLibs NO-SOURCE
[        ] Skipping task ':sqflite_android:mergeDebugNativeLibs' as it has no source files and no previous output files.
[        ] Resolve mutations for :sqflite_android:copyDebugJniLibsProjectOnly (Thread[#46031,Execution worker Thread 26,5,main]) started.
[        ] :sqflite_android:copyDebugJniLibsProjectOnly (Thread[#46031,Execution worker Thread 26,5,main]) started.
[        ] > Task :sqflite_android:copyDebugJniLibsProjectOnly UP-TO-DATE
[        ] Caching disabled for task ':sqflite_android:copyDebugJniLibsProjectOnly' because:
[        ]   Build cache is disabled
[        ]   Caching has been disabled for the task
[        ] Skipping task ':sqflite_android:copyDebugJniLibsProjectOnly' as it is up-to-date.
[        ] work action resolve jni (project :sqflite_android) (Thread[#46031,Execution worker Thread 26,5,main]) started.
[        ] Resolve mutations for :url_launcher_android:mergeDebugJniLibFolders (Thread[#46031,Execution worker Thread 26,5,main]) started.
[        ] :url_launcher_android:mergeDebugJniLibFolders (Thread[#46031,Execution worker Thread 26,5,main]) started.
[        ] > Task :url_launcher_android:mergeDebugJniLibFolders UP-TO-DATE
[        ] Caching disabled for task ':url_launcher_android:mergeDebugJniLibFolders' because:
[        ]   Build cache is disabled
[        ]   Simple merging task
[        ] Skipping task ':url_launcher_android:mergeDebugJniLibFolders' as it is up-to-date.
[        ] Resolve mutations for :url_launcher_android:mergeDebugNativeLibs (Thread[#46031,Execution worker Thread 26,5,main]) started.
[        ] :url_launcher_android:mergeDebugNativeLibs (Thread[#46031,Execution worker Thread 26,5,main]) started.
[        ] > Task :url_launcher_android:mergeDebugNativeLibs NO-SOURCE
[        ] Skipping task ':url_launcher_android:mergeDebugNativeLibs' as it has no source files and no previous output files.
[        ] Resolve mutations for :url_launcher_android:copyDebugJniLibsProjectOnly (Thread[#46031,Execution worker Thread 26,5,main]) started.
[        ] :url_launcher_android:copyDebugJniLibsProjectOnly (Thread[#46031,Execution worker Thread 26,5,main]) started.
[        ] > Task :url_launcher_android:copyDebugJniLibsProjectOnly UP-TO-DATE
[        ] Caching disabled for task ':url_launcher_android:copyDebugJniLibsProjectOnly' because:
[        ]   Build cache is disabled
[        ]   Caching has been disabled for the task
[        ] Skipping task ':url_launcher_android:copyDebugJniLibsProjectOnly' as it is up-to-date.
[        ] work action resolve jni (project :url_launcher_android) (Thread[#46031,Execution worker Thread 26,5,main]) started.
[        ] Resolve mutations for :video_player_android:mergeDebugJniLibFolders (Thread[#46031,Execution worker Thread 26,5,main]) started.
[        ] :video_player_android:mergeDebugJniLibFolders (Thread[#46031,Execution worker Thread 26,5,main]) started.
[        ] > Task :video_player_android:mergeDebugJniLibFolders UP-TO-DATE
[        ] Caching disabled for task ':video_player_android:mergeDebugJniLibFolders' because:
[        ]   Build cache is disabled
[        ]   Simple merging task
[        ] Skipping task ':video_player_android:mergeDebugJniLibFolders' as it is up-to-date.
[        ] Resolve mutations for :video_player_android:mergeDebugNativeLibs (Thread[#46031,Execution worker Thread 26,5,main]) started.
[        ] :video_player_android:mergeDebugNativeLibs (Thread[#46031,Execution worker Thread 26,5,main]) started.
[        ] > Task :video_player_android:mergeDebugNativeLibs NO-SOURCE
[        ] Skipping task ':video_player_android:mergeDebugNativeLibs' as it has no source files and no previous output files.
[        ] Resolve mutations for :video_player_android:copyDebugJniLibsProjectOnly (Thread[#46031,Execution worker Thread 26,5,main]) started.
[        ] :video_player_android:copyDebugJniLibsProjectOnly (Thread[#46031,Execution worker Thread 26,5,main]) started.
[        ] > Task :video_player_android:copyDebugJniLibsProjectOnly UP-TO-DATE
[        ] Caching disabled for task ':video_player_android:copyDebugJniLibsProjectOnly' because:
[        ]   Build cache is disabled
[        ]   Caching has been disabled for the task
[        ] Skipping task ':video_player_android:copyDebugJniLibsProjectOnly' as it is up-to-date.
[        ] work action resolve jni (project :video_player_android) (Thread[#46031,Execution worker Thread 26,5,main]) started.
[        ] Resolve mutations for :app:mergeDebugNativeLibs (Thread[#46031,Execution worker Thread 26,5,main]) started.
[        ] :app:mergeDebugNativeLibs (Thread[#46031,Execution worker Thread 26,5,main]) started.
[        ] > Task :app:mergeDebugNativeLibs UP-TO-DATE
[        ] Caching disabled for task ':app:mergeDebugNativeLibs' because:
[        ]   Build cache is disabled
[        ]   Caching has been disabled for the task
[        ] Skipping task ':app:mergeDebugNativeLibs' as it is up-to-date.
[        ] Resolve mutations for :app:stripDebugDebugSymbols (Thread[#46031,Execution worker Thread 26,5,main]) started.
[        ] :app:stripDebugDebugSymbols (Thread[#46031,Execution worker Thread 26,5,main]) started.
[        ] > Task :app:stripDebugDebugSymbols UP-TO-DATE
[        ] Caching disabled for task ':app:stripDebugDebugSymbols' because:
[        ]   Build cache is disabled
[        ]   Caching has been disabled for the task
[        ] Skipping task ':app:stripDebugDebugSymbols' as it is up-to-date.
[        ] Resolve mutations for :app:validateSigningDebug (Thread[#46031,Execution worker Thread 26,5,main]) started.
[        ] :app:validateSigningDebug (Thread[#46031,Execution worker Thread 26,5,main]) started.
[        ] > Task :app:validateSigningDebug UP-TO-DATE
[        ] Caching disabled for task ':app:validateSigningDebug' because:
[        ]   Build cache is disabled
[        ]   Caching has been disabled for the task
[        ] Skipping task ':app:validateSigningDebug' as it is up-to-date.
[        ] Resolve mutations for :app:writeDebugAppMetadata (Thread[#46031,Execution worker Thread 26,5,main]) started.
[        ] :app:writeDebugAppMetadata (Thread[#46031,Execution worker Thread 26,5,main]) started.
[        ] > Task :app:writeDebugAppMetadata UP-TO-DATE
[        ] Caching disabled for task ':app:writeDebugAppMetadata' because:
[        ]   Build cache is disabled
[        ]   Caching has been disabled for the task
[        ] Skipping task ':app:writeDebugAppMetadata' as it is up-to-date.
[        ] Resolve mutations for :app:writeDebugSigningConfigVersions (Thread[#46031,Execution worker Thread 26,5,main]) started.
[        ] :app:writeDebugSigningConfigVersions (Thread[#46031,Execution worker Thread 26,5,main]) started.
[        ] > Task :app:writeDebugSigningConfigVersions UP-TO-DATE
[        ] Caching disabled for task ':app:writeDebugSigningConfigVersions' because:
[        ]   Build cache is disabled
[        ]   Caching has been disabled for the task
[        ] Skipping task ':app:writeDebugSigningConfigVersions' as it is up-to-date.
[        ] Resolve mutations for :connectivity_plus:stripDebugDebugSymbols (Thread[#46031,Execution worker Thread 26,5,main]) started.
[        ] :connectivity_plus:stripDebugDebugSymbols (Thread[#46031,Execution worker Thread 26,5,main]) started.
[        ] > Task :connectivity_plus:stripDebugDebugSymbols NO-SOURCE
[        ] Skipping task ':connectivity_plus:stripDebugDebugSymbols' as it has no source files and no previous output files.
[        ] Resolve mutations for :connectivity_plus:copyDebugJniLibsProjectAndLocalJars (Thread[#46031,Execution worker Thread 26,5,main]) started.
[        ] :connectivity_plus:copyDebugJniLibsProjectAndLocalJars (Thread[#46031,Execution worker Thread 26,5,main]) started.
[        ] > Task :connectivity_plus:copyDebugJniLibsProjectAndLocalJars UP-TO-DATE
[        ] Caching disabled for task ':connectivity_plus:copyDebugJniLibsProjectAndLocalJars' because:
[        ]   Build cache is disabled
[        ]   Caching has been disabled for the task
[        ] Skipping task ':connectivity_plus:copyDebugJniLibsProjectAndLocalJars' as it is up-to-date.
[        ] Resolve mutations for :connectivity_plus:extractDebugAnnotations (Thread[#46031,Execution worker Thread 26,5,main]) started.
[        ] :connectivity_plus:extractDebugAnnotations (Thread[#46031,Execution worker Thread 26,5,main]) started.
[        ] > Task :connectivity_plus:extractDebugAnnotations UP-TO-DATE
[        ] Caching disabled for task ':connectivity_plus:extractDebugAnnotations' because:
[        ]   Build cache is disabled
[        ] Skipping task ':connectivity_plus:extractDebugAnnotations' as it is up-to-date.
[        ] Resolve mutations for :connectivity_plus:extractDeepLinksForAarDebug (Thread[#46031,Execution worker Thread 26,5,main]) started.
[        ] :connectivity_plus:extractDeepLinksForAarDebug (Thread[#46031,Execution worker Thread 26,5,main]) started.
[        ] > Task :connectivity_plus:extractDeepLinksForAarDebug UP-TO-DATE
[        ] Caching disabled for task ':connectivity_plus:extractDeepLinksForAarDebug' because:
[        ]   Build cache is disabled
[        ] Skipping task ':connectivity_plus:extractDeepLinksForAarDebug' as it is up-to-date.
[        ] Resolve mutations for :connectivity_plus:mergeDebugGeneratedProguardFiles (Thread[#46031,Execution worker Thread 26,5,main]) started.
[        ] :connectivity_plus:mergeDebugGeneratedProguardFiles (Thread[#46031,Execution worker Thread 26,5,main]) started.
[        ] > Task :connectivity_plus:mergeDebugGeneratedProguardFiles UP-TO-DATE
[        ] Caching disabled for task ':connectivity_plus:mergeDebugGeneratedProguardFiles' because:
[        ]   Build cache is disabled
[        ]   Simple merging task
[        ] Skipping task ':connectivity_plus:mergeDebugGeneratedProguardFiles' as it is up-to-date.
[        ] Resolve mutations for :connectivity_plus:mergeDebugConsumerProguardFiles (Thread[#46031,Execution worker Thread 26,5,main]) started.
[        ] :connectivity_plus:mergeDebugConsumerProguardFiles (Thread[#46031,Execution worker Thread 26,5,main]) started.
[        ] > Task :connectivity_plus:mergeDebugConsumerProguardFiles UP-TO-DATE
[        ] Caching disabled for task ':connectivity_plus:mergeDebugConsumerProguardFiles' because:
[        ]   Build cache is disabled
[        ]   Simple merging task
[        ] Skipping task ':connectivity_plus:mergeDebugConsumerProguardFiles' as it is up-to-date.
[        ] Resolve mutations for :connectivity_plus:prepareDebugArtProfile (Thread[#46031,Execution worker Thread 26,5,main]) started.
[        ] :connectivity_plus:prepareDebugArtProfile (Thread[#46031,Execution worker Thread 26,5,main]) started.
[        ] > Task :connectivity_plus:prepareDebugArtProfile UP-TO-DATE
[        ] Caching disabled for task ':connectivity_plus:prepareDebugArtProfile' because:
[        ]   Build cache is disabled
[        ]   Caching has been disabled for the task
[        ] Skipping task ':connectivity_plus:prepareDebugArtProfile' as it is up-to-date.
[        ] Resolve mutations for :connectivity_plus:prepareLintJarForPublish (Thread[#46031,Execution worker Thread 26,5,main]) started.
[        ] :connectivity_plus:prepareLintJarForPublish (Thread[#46031,Execution worker Thread 26,5,main]) started.
[        ] > Task :connectivity_plus:prepareLintJarForPublish UP-TO-DATE
[        ] Caching disabled for task ':connectivity_plus:prepareLintJarForPublish' because:
[        ]   Build cache is disabled
[        ]   Caching has been disabled for the task
[        ] Skipping task ':connectivity_plus:prepareLintJarForPublish' as it is up-to-date.
[        ] Resolve mutations for :connectivity_plus:mergeDebugJavaResource (Thread[#46031,Execution worker Thread 26,5,main]) started.
[        ] :connectivity_plus:mergeDebugJavaResource (Thread[#46031,Execution worker Thread 26,5,main]) started.
[        ] > Task :connectivity_plus:mergeDebugJavaResource UP-TO-DATE
[        ] Caching disabled for task ':connectivity_plus:mergeDebugJavaResource' because:
[        ]   Build cache is disabled
[        ]   Caching has been disabled for the task
[        ] Skipping task ':connectivity_plus:mergeDebugJavaResource' as it is up-to-date.
[        ] Resolve mutations for :connectivity_plus:syncDebugLibJars (Thread[#46031,Execution worker Thread 26,5,main]) started.
[        ] :connectivity_plus:syncDebugLibJars (Thread[#46031,Execution worker Thread 26,5,main]) started.
[        ] > Task :connectivity_plus:syncDebugLibJars UP-TO-DATE
[        ] Caching disabled for task ':connectivity_plus:syncDebugLibJars' because:
[        ]   Build cache is disabled
[        ] Skipping task ':connectivity_plus:syncDebugLibJars' as it is up-to-date.
[        ] Resolve mutations for :connectivity_plus:bundleDebugAar (Thread[#46031,Execution worker Thread 26,5,main]) started.
[        ] :connectivity_plus:bundleDebugAar (Thread[#46031,Execution worker Thread 26,5,main]) started.
[        ] > Task :connectivity_plus:bundleDebugAar UP-TO-DATE
[        ] Caching disabled for task ':connectivity_plus:bundleDebugAar' because:
[        ]   Build cache is disabled
[        ]   Caching has been disabled for the task
[        ] Skipping task ':connectivity_plus:bundleDebugAar' as it is up-to-date.
[        ] Resolve mutations for :connectivity_plus:assembleDebug (Thread[#46031,Execution worker Thread 26,5,main]) started.
[        ] :connectivity_plus:assembleDebug (Thread[#46031,Execution worker Thread 26,5,main]) started.
[        ] > Task :connectivity_plus:assembleDebug UP-TO-DATE
[        ] Skipping task ':connectivity_plus:assembleDebug' as it has no actions.
[        ] Resolve mutations for :emoji_picker_flutter:stripDebugDebugSymbols (Thread[#46031,Execution worker Thread 26,5,main]) started.
[        ] :emoji_picker_flutter:stripDebugDebugSymbols (Thread[#46033,Execution worker Thread 28,5,main]) started.
[        ] > Task :emoji_picker_flutter:stripDebugDebugSymbols NO-SOURCE
[        ] Skipping task ':emoji_picker_flutter:stripDebugDebugSymbols' as it has no source files and no previous output files.
[        ] Resolve mutations for :emoji_picker_flutter:copyDebugJniLibsProjectAndLocalJars (Thread[#46033,Execution worker Thread 28,5,main]) started.
[        ] :emoji_picker_flutter:copyDebugJniLibsProjectAndLocalJars (Thread[#46033,Execution worker Thread 28,5,main]) started.
[        ] > Task :emoji_picker_flutter:copyDebugJniLibsProjectAndLocalJars UP-TO-DATE
[        ] Caching disabled for task ':emoji_picker_flutter:copyDebugJniLibsProjectAndLocalJars' because:
[        ]   Build cache is disabled
[        ]   Caching has been disabled for the task
[        ] Skipping task ':emoji_picker_flutter:copyDebugJniLibsProjectAndLocalJars' as it is up-to-date.
[        ] Resolve mutations for :emoji_picker_flutter:extractDebugAnnotations (Thread[#46033,Execution worker Thread 28,5,main]) started.
[        ] :emoji_picker_flutter:extractDebugAnnotations (Thread[#46033,Execution worker Thread 28,5,main]) started.
[        ] > Task :emoji_picker_flutter:extractDebugAnnotations UP-TO-DATE
[        ] Caching disabled for task ':emoji_picker_flutter:extractDebugAnnotations' because:
[        ]   Build cache is disabled
[        ] Skipping task ':emoji_picker_flutter:extractDebugAnnotations' as it is up-to-date.
[        ] Resolve mutations for :emoji_picker_flutter:extractDeepLinksForAarDebug (Thread[#46033,Execution worker Thread 28,5,main]) started.
[        ] :emoji_picker_flutter:extractDeepLinksForAarDebug (Thread[#46033,Execution worker Thread 28,5,main]) started.
[        ] > Task :emoji_picker_flutter:extractDeepLinksForAarDebug UP-TO-DATE
[        ] Caching disabled for task ':emoji_picker_flutter:extractDeepLinksForAarDebug' because:
[        ]   Build cache is disabled
[        ] Skipping task ':emoji_picker_flutter:extractDeepLinksForAarDebug' as it is up-to-date.
[        ] Resolve mutations for :emoji_picker_flutter:mergeDebugGeneratedProguardFiles (Thread[#46033,Execution worker Thread 28,5,main]) started.
[        ] :emoji_picker_flutter:mergeDebugGeneratedProguardFiles (Thread[#46033,Execution worker Thread 28,5,main]) started.
[        ] > Task :emoji_picker_flutter:mergeDebugGeneratedProguardFiles UP-TO-DATE
[        ] Caching disabled for task ':emoji_picker_flutter:mergeDebugGeneratedProguardFiles' because:
[        ]   Build cache is disabled
[        ]   Simple merging task
[        ] Skipping task ':emoji_picker_flutter:mergeDebugGeneratedProguardFiles' as it is up-to-date.
[        ] Resolve mutations for :emoji_picker_flutter:mergeDebugConsumerProguardFiles (Thread[#46033,Execution worker Thread 28,5,main]) started.
[        ] :emoji_picker_flutter:mergeDebugConsumerProguardFiles (Thread[#46033,Execution worker Thread 28,5,main]) started.
[        ] > Task :emoji_picker_flutter:mergeDebugConsumerProguardFiles UP-TO-DATE
[        ] Caching disabled for task ':emoji_picker_flutter:mergeDebugConsumerProguardFiles' because:
[        ]   Build cache is disabled
[        ]   Simple merging task
[        ] Skipping task ':emoji_picker_flutter:mergeDebugConsumerProguardFiles' as it is up-to-date.
[        ] Resolve mutations for :emoji_picker_flutter:prepareDebugArtProfile (Thread[#46033,Execution worker Thread 28,5,main]) started.
[        ] :emoji_picker_flutter:prepareDebugArtProfile (Thread[#46033,Execution worker Thread 28,5,main]) started.
[        ] > Task :emoji_picker_flutter:prepareDebugArtProfile UP-TO-DATE
[        ] Caching disabled for task ':emoji_picker_flutter:prepareDebugArtProfile' because:
[        ]   Build cache is disabled
[        ]   Caching has been disabled for the task
[        ] Skipping task ':emoji_picker_flutter:prepareDebugArtProfile' as it is up-to-date.
[        ] Resolve mutations for :emoji_picker_flutter:prepareLintJarForPublish (Thread[#46033,Execution worker Thread 28,5,main]) started.
[        ] :emoji_picker_flutter:prepareLintJarForPublish (Thread[#46033,Execution worker Thread 28,5,main]) started.
[        ] > Task :emoji_picker_flutter:prepareLintJarForPublish UP-TO-DATE
[        ] Caching disabled for task ':emoji_picker_flutter:prepareLintJarForPublish' because:
[        ]   Build cache is disabled
[        ]   Caching has been disabled for the task
[        ] Skipping task ':emoji_picker_flutter:prepareLintJarForPublish' as it is up-to-date.
[        ] Resolve mutations for :emoji_picker_flutter:mergeDebugJavaResource (Thread[#46033,Execution worker Thread 28,5,main]) started.
[        ] :emoji_picker_flutter:mergeDebugJavaResource (Thread[#46033,Execution worker Thread 28,5,main]) started.
[        ] > Task :emoji_picker_flutter:mergeDebugJavaResource UP-TO-DATE
[        ] Caching disabled for task ':emoji_picker_flutter:mergeDebugJavaResource' because:
[        ]   Build cache is disabled
[        ]   Caching has been disabled for the task
[        ] Skipping task ':emoji_picker_flutter:mergeDebugJavaResource' as it is up-to-date.
[        ] Resolve mutations for :emoji_picker_flutter:syncDebugLibJars (Thread[#46033,Execution worker Thread 28,5,main]) started.
[        ] :emoji_picker_flutter:syncDebugLibJars (Thread[#46033,Execution worker Thread 28,5,main]) started.
[        ] > Task :emoji_picker_flutter:syncDebugLibJars UP-TO-DATE
[        ] Caching disabled for task ':emoji_picker_flutter:syncDebugLibJars' because:
[        ]   Build cache is disabled
[        ] Skipping task ':emoji_picker_flutter:syncDebugLibJars' as it is up-to-date.
[        ] Resolve mutations for :emoji_picker_flutter:bundleDebugAar (Thread[#46033,Execution worker Thread 28,5,main]) started.
[        ] :emoji_picker_flutter:bundleDebugAar (Thread[#46033,Execution worker Thread 28,5,main]) started.
[        ] > Task :emoji_picker_flutter:bundleDebugAar UP-TO-DATE
[        ] Caching disabled for task ':emoji_picker_flutter:bundleDebugAar' because:
[        ]   Build cache is disabled
[        ]   Caching has been disabled for the task
[        ] Skipping task ':emoji_picker_flutter:bundleDebugAar' as it is up-to-date.
[        ] Resolve mutations for :emoji_picker_flutter:assembleDebug (Thread[#46033,Execution worker Thread 28,5,main]) started.
[        ] :emoji_picker_flutter:assembleDebug (Thread[#46033,Execution worker Thread 28,5,main]) started.
[        ] > Task :emoji_picker_flutter:assembleDebug UP-TO-DATE
[        ] Skipping task ':emoji_picker_flutter:assembleDebug' as it has no actions.
[        ] Resolve mutations for :file_selector_android:stripDebugDebugSymbols (Thread[#46033,Execution worker Thread 28,5,main]) started.
[        ] :file_selector_android:stripDebugDebugSymbols (Thread[#46033,Execution worker Thread 28,5,main]) started.
[        ] > Task :file_selector_android:stripDebugDebugSymbols NO-SOURCE
[        ] Skipping task ':file_selector_android:stripDebugDebugSymbols' as it has no source files and no previous output files.
[        ] Resolve mutations for :file_selector_android:copyDebugJniLibsProjectAndLocalJars (Thread[#46033,Execution worker Thread 28,5,main]) started.
[        ] :file_selector_android:copyDebugJniLibsProjectAndLocalJars (Thread[#46033,Execution worker Thread 28,5,main]) started.
[        ] > Task :file_selector_android:copyDebugJniLibsProjectAndLocalJars UP-TO-DATE
[        ] Caching disabled for task ':file_selector_android:copyDebugJniLibsProjectAndLocalJars' because:
[        ]   Build cache is disabled
[        ]   Caching has been disabled for the task
[        ] Skipping task ':file_selector_android:copyDebugJniLibsProjectAndLocalJars' as it is up-to-date.
[        ] Resolve mutations for :file_selector_android:extractDebugAnnotations (Thread[#46033,Execution worker Thread 28,5,main]) started.
[        ] :file_selector_android:extractDebugAnnotations (Thread[#46033,Execution worker Thread 28,5,main]) started.
[        ] > Task :file_selector_android:extractDebugAnnotations UP-TO-DATE
[        ] Caching disabled for task ':file_selector_android:extractDebugAnnotations' because:
[        ]   Build cache is disabled
[        ] Skipping task ':file_selector_android:extractDebugAnnotations' as it is up-to-date.
[        ] Resolve mutations for :file_selector_android:extractDeepLinksForAarDebug (Thread[#46033,Execution worker Thread 28,5,main]) started.
[        ] :file_selector_android:extractDeepLinksForAarDebug (Thread[#46033,Execution worker Thread 28,5,main]) started.
[        ] > Task :file_selector_android:extractDeepLinksForAarDebug UP-TO-DATE
[        ] Caching disabled for task ':file_selector_android:extractDeepLinksForAarDebug' because:
[        ]   Build cache is disabled
[        ] Skipping task ':file_selector_android:extractDeepLinksForAarDebug' as it is up-to-date.
[        ] Resolve mutations for :file_selector_android:mergeDebugGeneratedProguardFiles (Thread[#46033,Execution worker Thread 28,5,main]) started.
[        ] :file_selector_android:mergeDebugGeneratedProguardFiles (Thread[#46033,Execution worker Thread 28,5,main]) started.
[        ] > Task :file_selector_android:mergeDebugGeneratedProguardFiles UP-TO-DATE
[        ] Caching disabled for task ':file_selector_android:mergeDebugGeneratedProguardFiles' because:
[        ]   Build cache is disabled
[        ]   Simple merging task
[        ] Skipping task ':file_selector_android:mergeDebugGeneratedProguardFiles' as it is up-to-date.
[        ] Resolve mutations for :file_selector_android:mergeDebugConsumerProguardFiles (Thread[#46033,Execution worker Thread 28,5,main]) started.
[        ] :file_selector_android:mergeDebugConsumerProguardFiles (Thread[#46033,Execution worker Thread 28,5,main]) started.
[        ] > Task :file_selector_android:mergeDebugConsumerProguardFiles UP-TO-DATE
[        ] Caching disabled for task ':file_selector_android:mergeDebugConsumerProguardFiles' because:
[        ]   Build cache is disabled
[        ]   Simple merging task
[        ] Skipping task ':file_selector_android:mergeDebugConsumerProguardFiles' as it is up-to-date.
[        ] Resolve mutations for :file_selector_android:prepareDebugArtProfile (Thread[#46033,Execution worker Thread 28,5,main]) started.
[        ] :file_selector_android:prepareDebugArtProfile (Thread[#46033,Execution worker Thread 28,5,main]) started.
[        ] > Task :file_selector_android:prepareDebugArtProfile UP-TO-DATE
[        ] Caching disabled for task ':file_selector_android:prepareDebugArtProfile' because:
[        ]   Build cache is disabled
[        ]   Caching has been disabled for the task
[        ] Skipping task ':file_selector_android:prepareDebugArtProfile' as it is up-to-date.
[        ] Resolve mutations for :file_selector_android:prepareLintJarForPublish (Thread[#46033,Execution worker Thread 28,5,main]) started.
[        ] :file_selector_android:prepareLintJarForPublish (Thread[#46033,Execution worker Thread 28,5,main]) started.
[        ] > Task :file_selector_android:prepareLintJarForPublish UP-TO-DATE
[        ] Caching disabled for task ':file_selector_android:prepareLintJarForPublish' because:
[        ]   Build cache is disabled
[        ]   Caching has been disabled for the task
[        ] Skipping task ':file_selector_android:prepareLintJarForPublish' as it is up-to-date.
[        ] Resolve mutations for :file_selector_android:mergeDebugJavaResource (Thread[#46033,Execution worker Thread 28,5,main]) started.
[        ] :file_selector_android:mergeDebugJavaResource (Thread[#46033,Execution worker Thread 28,5,main]) started.
[        ] > Task :file_selector_android:mergeDebugJavaResource UP-TO-DATE
[        ] Caching disabled for task ':file_selector_android:mergeDebugJavaResource' because:
[        ]   Build cache is disabled
[        ]   Caching has been disabled for the task
[        ] Skipping task ':file_selector_android:mergeDebugJavaResource' as it is up-to-date.
[        ] Resolve mutations for :file_selector_android:syncDebugLibJars (Thread[#46033,Execution worker Thread 28,5,main]) started.
[        ] :file_selector_android:syncDebugLibJars (Thread[#46033,Execution worker Thread 28,5,main]) started.
[        ] > Task :file_selector_android:syncDebugLibJars UP-TO-DATE
[        ] Caching disabled for task ':file_selector_android:syncDebugLibJars' because:
[        ]   Build cache is disabled
[        ] Skipping task ':file_selector_android:syncDebugLibJars' as it is up-to-date.
[        ] Resolve mutations for :file_selector_android:bundleDebugAar (Thread[#46033,Execution worker Thread 28,5,main]) started.
[        ] :file_selector_android:bundleDebugAar (Thread[#46033,Execution worker Thread 28,5,main]) started.
[        ] > Task :file_selector_android:bundleDebugAar UP-TO-DATE
[        ] Caching disabled for task ':file_selector_android:bundleDebugAar' because:
[        ]   Build cache is disabled
[        ]   Caching has been disabled for the task
[        ] Skipping task ':file_selector_android:bundleDebugAar' as it is up-to-date.
[        ] Resolve mutations for :file_selector_android:assembleDebug (Thread[#46033,Execution worker Thread 28,5,main]) started.
[        ] :file_selector_android:assembleDebug (Thread[#46033,Execution worker Thread 28,5,main]) started.
[        ] > Task :file_selector_android:assembleDebug UP-TO-DATE
[        ] Skipping task ':file_selector_android:assembleDebug' as it has no actions.
[        ] Resolve mutations for :flutter_keyboard_visibility_temp_fork:stripDebugDebugSymbols (Thread[#46033,Execution worker Thread 28,5,main]) started.
[        ] :flutter_keyboard_visibility_temp_fork:stripDebugDebugSymbols (Thread[#46033,Execution worker Thread 28,5,main]) started.
[        ] > Task :flutter_keyboard_visibility_temp_fork:stripDebugDebugSymbols NO-SOURCE
[        ] Skipping task ':flutter_keyboard_visibility_temp_fork:stripDebugDebugSymbols' as it has no source files and no previous output files.
[        ] Resolve mutations for :flutter_keyboard_visibility_temp_fork:copyDebugJniLibsProjectAndLocalJars (Thread[#46033,Execution worker Thread 28,5,main]) started.
[        ] :flutter_keyboard_visibility_temp_fork:copyDebugJniLibsProjectAndLocalJars (Thread[#46033,Execution worker Thread 28,5,main]) started.
[        ] > Task :flutter_keyboard_visibility_temp_fork:copyDebugJniLibsProjectAndLocalJars UP-TO-DATE
[        ] Caching disabled for task ':flutter_keyboard_visibility_temp_fork:copyDebugJniLibsProjectAndLocalJars' because:
[        ]   Build cache is disabled
[        ]   Caching has been disabled for the task
[        ] Skipping task ':flutter_keyboard_visibility_temp_fork:copyDebugJniLibsProjectAndLocalJars' as it is up-to-date.
[        ] Resolve mutations for :flutter_keyboard_visibility_temp_fork:extractDebugAnnotations (Thread[#46033,Execution worker Thread 28,5,main]) started.
[        ] :flutter_keyboard_visibility_temp_fork:extractDebugAnnotations (Thread[#46033,Execution worker Thread 28,5,main]) started.
[        ] > Task :flutter_keyboard_visibility_temp_fork:extractDebugAnnotations UP-TO-DATE
[        ] Caching disabled for task ':flutter_keyboard_visibility_temp_fork:extractDebugAnnotations' because:
[        ]   Build cache is disabled
[        ] Skipping task ':flutter_keyboard_visibility_temp_fork:extractDebugAnnotations' as it is up-to-date.
[        ] Resolve mutations for :flutter_keyboard_visibility_temp_fork:extractDeepLinksForAarDebug (Thread[#46033,Execution worker Thread 28,5,main]) started.
[        ] :flutter_keyboard_visibility_temp_fork:extractDeepLinksForAarDebug (Thread[#46033,Execution worker Thread 28,5,main]) started.
[        ] > Task :flutter_keyboard_visibility_temp_fork:extractDeepLinksForAarDebug UP-TO-DATE
[        ] Caching disabled for task ':flutter_keyboard_visibility_temp_fork:extractDeepLinksForAarDebug' because:
[        ]   Build cache is disabled
[        ] Skipping task ':flutter_keyboard_visibility_temp_fork:extractDeepLinksForAarDebug' as it is up-to-date.
[        ] Resolve mutations for :flutter_keyboard_visibility_temp_fork:mergeDebugGeneratedProguardFiles (Thread[#46033,Execution worker Thread 28,5,main]) started.
[        ] :flutter_keyboard_visibility_temp_fork:mergeDebugGeneratedProguardFiles (Thread[#46033,Execution worker Thread 28,5,main]) started.
[        ] > Task :flutter_keyboard_visibility_temp_fork:mergeDebugGeneratedProguardFiles UP-TO-DATE
[        ] Caching disabled for task ':flutter_keyboard_visibility_temp_fork:mergeDebugGeneratedProguardFiles' because:
[        ]   Build cache is disabled
[        ]   Simple merging task
[        ] Skipping task ':flutter_keyboard_visibility_temp_fork:mergeDebugGeneratedProguardFiles' as it is up-to-date.
[        ] Resolve mutations for :flutter_keyboard_visibility_temp_fork:mergeDebugConsumerProguardFiles (Thread[#46033,Execution worker Thread 28,5,main]) started.
[        ] :flutter_keyboard_visibility_temp_fork:mergeDebugConsumerProguardFiles (Thread[#46033,Execution worker Thread 28,5,main]) started.
[        ] > Task :flutter_keyboard_visibility_temp_fork:mergeDebugConsumerProguardFiles UP-TO-DATE
[        ] Caching disabled for task ':flutter_keyboard_visibility_temp_fork:mergeDebugConsumerProguardFiles' because:
[        ]   Build cache is disabled
[        ]   Simple merging task
[        ] Skipping task ':flutter_keyboard_visibility_temp_fork:mergeDebugConsumerProguardFiles' as it is up-to-date.
[        ] Resolve mutations for :flutter_keyboard_visibility_temp_fork:prepareDebugArtProfile (Thread[#46033,Execution worker Thread 28,5,main]) started.
[        ] :flutter_keyboard_visibility_temp_fork:prepareDebugArtProfile (Thread[#46033,Execution worker Thread 28,5,main]) started.
[        ] > Task :flutter_keyboard_visibility_temp_fork:prepareDebugArtProfile UP-TO-DATE
[        ] Caching disabled for task ':flutter_keyboard_visibility_temp_fork:prepareDebugArtProfile' because:
[        ]   Build cache is disabled
[        ]   Caching has been disabled for the task
[        ] Skipping task ':flutter_keyboard_visibility_temp_fork:prepareDebugArtProfile' as it is up-to-date.
[        ] Resolve mutations for :flutter_keyboard_visibility_temp_fork:prepareLintJarForPublish (Thread[#46033,Execution worker Thread 28,5,main]) started.
[        ] :flutter_keyboard_visibility_temp_fork:prepareLintJarForPublish (Thread[#46033,Execution worker Thread 28,5,main]) started.
[        ] > Task :flutter_keyboard_visibility_temp_fork:prepareLintJarForPublish UP-TO-DATE
[        ] Caching disabled for task ':flutter_keyboard_visibility_temp_fork:prepareLintJarForPublish' because:
[        ]   Build cache is disabled
[        ]   Caching has been disabled for the task
[        ] Skipping task ':flutter_keyboard_visibility_temp_fork:prepareLintJarForPublish' as it is up-to-date.
[        ] Resolve mutations for :flutter_keyboard_visibility_temp_fork:mergeDebugJavaResource (Thread[#46033,Execution worker Thread 28,5,main]) started.
[        ] :flutter_keyboard_visibility_temp_fork:mergeDebugJavaResource (Thread[#46033,Execution worker Thread 28,5,main]) started.
[        ] > Task :flutter_keyboard_visibility_temp_fork:mergeDebugJavaResource UP-TO-DATE
[        ] Caching disabled for task ':flutter_keyboard_visibility_temp_fork:mergeDebugJavaResource' because:
[        ]   Build cache is disabled
[        ]   Caching has been disabled for the task
[        ] Skipping task ':flutter_keyboard_visibility_temp_fork:mergeDebugJavaResource' as it is up-to-date.
[        ] Resolve mutations for :flutter_keyboard_visibility_temp_fork:syncDebugLibJars (Thread[#46033,Execution worker Thread 28,5,main]) started.
[        ] :flutter_keyboard_visibility_temp_fork:syncDebugLibJars (Thread[#46033,Execution worker Thread 28,5,main]) started.
[        ] > Task :flutter_keyboard_visibility_temp_fork:syncDebugLibJars UP-TO-DATE
[        ] Caching disabled for task ':flutter_keyboard_visibility_temp_fork:syncDebugLibJars' because:
[        ]   Build cache is disabled
[        ] Skipping task ':flutter_keyboard_visibility_temp_fork:syncDebugLibJars' as it is up-to-date.
[        ] Resolve mutations for :flutter_keyboard_visibility_temp_fork:bundleDebugAar (Thread[#46033,Execution worker Thread 28,5,main]) started.
[        ] :flutter_keyboard_visibility_temp_fork:bundleDebugAar (Thread[#46033,Execution worker Thread 28,5,main]) started.
[        ] > Task :flutter_keyboard_visibility_temp_fork:bundleDebugAar UP-TO-DATE
[        ] Caching disabled for task ':flutter_keyboard_visibility_temp_fork:bundleDebugAar' because:
[        ]   Build cache is disabled
[        ]   Caching has been disabled for the task
[        ] Skipping task ':flutter_keyboard_visibility_temp_fork:bundleDebugAar' as it is up-to-date.
[        ] Resolve mutations for :flutter_keyboard_visibility_temp_fork:assembleDebug (Thread[#46033,Execution worker Thread 28,5,main]) started.
[        ] :flutter_keyboard_visibility_temp_fork:assembleDebug (Thread[#46033,Execution worker Thread 28,5,main]) started.
[        ] > Task :flutter_keyboard_visibility_temp_fork:assembleDebug UP-TO-DATE
[        ] Skipping task ':flutter_keyboard_visibility_temp_fork:assembleDebug' as it has no actions.
[        ] Resolve mutations for :flutter_native_splash:stripDebugDebugSymbols (Thread[#46033,Execution worker Thread 28,5,main]) started.
[        ] :flutter_native_splash:stripDebugDebugSymbols (Thread[#46033,Execution worker Thread 28,5,main]) started.
[        ] > Task :flutter_native_splash:stripDebugDebugSymbols NO-SOURCE
[        ] Skipping task ':flutter_native_splash:stripDebugDebugSymbols' as it has no source files and no previous output files.
[        ] Resolve mutations for :flutter_native_splash:copyDebugJniLibsProjectAndLocalJars (Thread[#46033,Execution worker Thread 28,5,main]) started.
[        ] :flutter_native_splash:copyDebugJniLibsProjectAndLocalJars (Thread[#46033,Execution worker Thread 28,5,main]) started.
[        ] > Task :flutter_native_splash:copyDebugJniLibsProjectAndLocalJars UP-TO-DATE
[        ] Caching disabled for task ':flutter_native_splash:copyDebugJniLibsProjectAndLocalJars' because:
[        ]   Build cache is disabled
[        ]   Caching has been disabled for the task
[        ] Skipping task ':flutter_native_splash:copyDebugJniLibsProjectAndLocalJars' as it is up-to-date.
[        ] Resolve mutations for :flutter_native_splash:extractDebugAnnotations (Thread[#46033,Execution worker Thread 28,5,main]) started.
[        ] :flutter_native_splash:extractDebugAnnotations (Thread[#46008,Execution worker Thread 4,5,main]) started.
[        ] > Task :flutter_native_splash:extractDebugAnnotations UP-TO-DATE
[        ] Caching disabled for task ':flutter_native_splash:extractDebugAnnotations' because:
[        ]   Build cache is disabled
[        ] Skipping task ':flutter_native_splash:extractDebugAnnotations' as it is up-to-date.
[        ] Resolve mutations for :flutter_native_splash:extractDeepLinksForAarDebug (Thread[#46008,Execution worker Thread 4,5,main]) started.
[        ] :flutter_native_splash:extractDeepLinksForAarDebug (Thread[#46008,Execution worker Thread 4,5,main]) started.
[        ] > Task :flutter_native_splash:extractDeepLinksForAarDebug UP-TO-DATE
[        ] Caching disabled for task ':flutter_native_splash:extractDeepLinksForAarDebug' because:
[        ]   Build cache is disabled
[        ] Skipping task ':flutter_native_splash:extractDeepLinksForAarDebug' as it is up-to-date.
[        ] Resolve mutations for :flutter_native_splash:mergeDebugGeneratedProguardFiles (Thread[#46008,Execution worker Thread 4,5,main]) started.
[        ] :flutter_native_splash:mergeDebugGeneratedProguardFiles (Thread[#46008,Execution worker Thread 4,5,main]) started.
[        ] > Task :flutter_native_splash:mergeDebugGeneratedProguardFiles UP-TO-DATE
[        ] Caching disabled for task ':flutter_native_splash:mergeDebugGeneratedProguardFiles' because:
[        ]   Build cache is disabled
[        ]   Simple merging task
[        ] Skipping task ':flutter_native_splash:mergeDebugGeneratedProguardFiles' as it is up-to-date.
[        ] Resolve mutations for :flutter_native_splash:mergeDebugConsumerProguardFiles (Thread[#46008,Execution worker Thread 4,5,main]) started.
[        ] :flutter_native_splash:mergeDebugConsumerProguardFiles (Thread[#46008,Execution worker Thread 4,5,main]) started.
[        ] > Task :flutter_native_splash:mergeDebugConsumerProguardFiles UP-TO-DATE
[        ] Caching disabled for task ':flutter_native_splash:mergeDebugConsumerProguardFiles' because:
[        ]   Build cache is disabled
[        ]   Simple merging task
[        ] Skipping task ':flutter_native_splash:mergeDebugConsumerProguardFiles' as it is up-to-date.
[        ] Resolve mutations for :flutter_native_splash:prepareDebugArtProfile (Thread[#46008,Execution worker Thread 4,5,main]) started.
[        ] :flutter_native_splash:prepareDebugArtProfile (Thread[#46008,Execution worker Thread 4,5,main]) started.
[        ] > Task :flutter_native_splash:prepareDebugArtProfile UP-TO-DATE
[        ] Caching disabled for task ':flutter_native_splash:prepareDebugArtProfile' because:
[        ]   Build cache is disabled
[        ]   Caching has been disabled for the task
[        ] Skipping task ':flutter_native_splash:prepareDebugArtProfile' as it is up-to-date.
[        ] Resolve mutations for :flutter_native_splash:prepareLintJarForPublish (Thread[#46008,Execution worker Thread 4,5,main]) started.
[        ] :flutter_native_splash:prepareLintJarForPublish (Thread[#46008,Execution worker Thread 4,5,main]) started.
[        ] > Task :flutter_native_splash:prepareLintJarForPublish UP-TO-DATE
[        ] Caching disabled for task ':flutter_native_splash:prepareLintJarForPublish' because:
[        ]   Build cache is disabled
[        ]   Caching has been disabled for the task
[        ] Skipping task ':flutter_native_splash:prepareLintJarForPublish' as it is up-to-date.
[        ] Resolve mutations for :flutter_native_splash:mergeDebugJavaResource (Thread[#46008,Execution worker Thread 4,5,main]) started.
[        ] :flutter_native_splash:mergeDebugJavaResource (Thread[#46008,Execution worker Thread 4,5,main]) started.
[        ] > Task :flutter_native_splash:mergeDebugJavaResource UP-TO-DATE
[        ] Caching disabled for task ':flutter_native_splash:mergeDebugJavaResource' because:
[        ]   Build cache is disabled
[        ]   Caching has been disabled for the task
[        ] Skipping task ':flutter_native_splash:mergeDebugJavaResource' as it is up-to-date.
[        ] Resolve mutations for :flutter_native_splash:syncDebugLibJars (Thread[#46008,Execution worker Thread 4,5,main]) started.
[        ] :flutter_native_splash:syncDebugLibJars (Thread[#46008,Execution worker Thread 4,5,main]) started.
[        ] > Task :flutter_native_splash:syncDebugLibJars UP-TO-DATE
[        ] Caching disabled for task ':flutter_native_splash:syncDebugLibJars' because:
[        ]   Build cache is disabled
[        ] Skipping task ':flutter_native_splash:syncDebugLibJars' as it is up-to-date.
[        ] Resolve mutations for :flutter_native_splash:bundleDebugAar (Thread[#46008,Execution worker Thread 4,5,main]) started.
[        ] :flutter_native_splash:bundleDebugAar (Thread[#46008,Execution worker Thread 4,5,main]) started.
[        ] > Task :flutter_native_splash:bundleDebugAar UP-TO-DATE
[        ] Caching disabled for task ':flutter_native_splash:bundleDebugAar' because:
[        ]   Build cache is disabled
[        ]   Caching has been disabled for the task
[        ] Skipping task ':flutter_native_splash:bundleDebugAar' as it is up-to-date.
[        ] Resolve mutations for :flutter_native_splash:assembleDebug (Thread[#46008,Execution worker Thread 4,5,main]) started.
[        ] :flutter_native_splash:assembleDebug (Thread[#46008,Execution worker Thread 4,5,main]) started.
[        ] > Task :flutter_native_splash:assembleDebug UP-TO-DATE
[        ] Skipping task ':flutter_native_splash:assembleDebug' as it has no actions.
[        ] Resolve mutations for :flutter_olm:stripDebugDebugSymbols (Thread[#46008,Execution worker Thread 4,5,main]) started.
[        ] :flutter_olm:stripDebugDebugSymbols (Thread[#46008,Execution worker Thread 4,5,main]) started.
[        ] > Task :flutter_olm:stripDebugDebugSymbols UP-TO-DATE
[        ] Caching disabled for task ':flutter_olm:stripDebugDebugSymbols' because:
[        ]   Build cache is disabled
[        ]   Caching has been disabled for the task
[        ] Skipping task ':flutter_olm:stripDebugDebugSymbols' as it is up-to-date.
[        ] Resolve mutations for :flutter_olm:copyDebugJniLibsProjectAndLocalJars (Thread[#46008,Execution worker Thread 4,5,main]) started.
[        ] :flutter_olm:copyDebugJniLibsProjectAndLocalJars (Thread[#46008,Execution worker Thread 4,5,main]) started.
[        ] > Task :flutter_olm:copyDebugJniLibsProjectAndLocalJars UP-TO-DATE
[        ] Caching disabled for task ':flutter_olm:copyDebugJniLibsProjectAndLocalJars' because:
[        ]   Build cache is disabled
[        ]   Caching has been disabled for the task
[        ] Skipping task ':flutter_olm:copyDebugJniLibsProjectAndLocalJars' as it is up-to-date.
[        ] Resolve mutations for :flutter_olm:extractDebugAnnotations (Thread[#46008,Execution worker Thread 4,5,main]) started.
[        ] :flutter_olm:extractDebugAnnotations (Thread[#46008,Execution worker Thread 4,5,main]) started.
[        ] > Task :flutter_olm:extractDebugAnnotations UP-TO-DATE
[        ] Caching disabled for task ':flutter_olm:extractDebugAnnotations' because:
[        ]   Build cache is disabled
[        ] Skipping task ':flutter_olm:extractDebugAnnotations' as it is up-to-date.
[        ] Resolve mutations for :flutter_olm:extractDeepLinksForAarDebug (Thread[#46008,Execution worker Thread 4,5,main]) started.
[        ] :flutter_olm:extractDeepLinksForAarDebug (Thread[#46008,Execution worker Thread 4,5,main]) started.
[        ] > Task :flutter_olm:extractDeepLinksForAarDebug UP-TO-DATE
[        ] Caching disabled for task ':flutter_olm:extractDeepLinksForAarDebug' because:
[        ]   Build cache is disabled
[        ] Skipping task ':flutter_olm:extractDeepLinksForAarDebug' as it is up-to-date.
[        ] Resolve mutations for :flutter_olm:mergeDebugGeneratedProguardFiles (Thread[#46008,Execution worker Thread 4,5,main]) started.
[        ] :flutter_olm:mergeDebugGeneratedProguardFiles (Thread[#46008,Execution worker Thread 4,5,main]) started.
[        ] > Task :flutter_olm:mergeDebugGeneratedProguardFiles UP-TO-DATE
[        ] Caching disabled for task ':flutter_olm:mergeDebugGeneratedProguardFiles' because:
[        ]   Build cache is disabled
[        ]   Simple merging task
[        ] Skipping task ':flutter_olm:mergeDebugGeneratedProguardFiles' as it is up-to-date.
[        ] Resolve mutations for :flutter_olm:mergeDebugConsumerProguardFiles (Thread[#46008,Execution worker Thread 4,5,main]) started.
[        ] :flutter_olm:mergeDebugConsumerProguardFiles (Thread[#46008,Execution worker Thread 4,5,main]) started.
[        ] > Task :flutter_olm:mergeDebugConsumerProguardFiles UP-TO-DATE
[        ] Caching disabled for task ':flutter_olm:mergeDebugConsumerProguardFiles' because:
[        ]   Build cache is disabled
[        ]   Simple merging task
[        ] Skipping task ':flutter_olm:mergeDebugConsumerProguardFiles' as it is up-to-date.
[        ] Resolve mutations for :flutter_olm:prepareDebugArtProfile (Thread[#46008,Execution worker Thread 4,5,main]) started.
[        ] :flutter_olm:prepareDebugArtProfile (Thread[#46008,Execution worker Thread 4,5,main]) started.
[        ] > Task :flutter_olm:prepareDebugArtProfile UP-TO-DATE
[        ] Caching disabled for task ':flutter_olm:prepareDebugArtProfile' because:
[        ]   Build cache is disabled
[        ]   Caching has been disabled for the task
[        ] Skipping task ':flutter_olm:prepareDebugArtProfile' as it is up-to-date.
[        ] Resolve mutations for :flutter_olm:prepareLintJarForPublish (Thread[#46008,Execution worker Thread 4,5,main]) started.
[        ] :flutter_olm:prepareLintJarForPublish (Thread[#46008,Execution worker Thread 4,5,main]) started.
[        ] > Task :flutter_olm:prepareLintJarForPublish UP-TO-DATE
[        ] Caching disabled for task ':flutter_olm:prepareLintJarForPublish' because:
[        ]   Build cache is disabled
[        ]   Caching has been disabled for the task
[        ] Skipping task ':flutter_olm:prepareLintJarForPublish' as it is up-to-date.
[        ] Resolve mutations for :flutter_olm:mergeDebugJavaResource (Thread[#46008,Execution worker Thread 4,5,main]) started.
[        ] :flutter_olm:mergeDebugJavaResource (Thread[#46008,Execution worker Thread 4,5,main]) started.
[        ] > Task :flutter_olm:mergeDebugJavaResource UP-TO-DATE
[        ] Caching disabled for task ':flutter_olm:mergeDebugJavaResource' because:
[        ]   Build cache is disabled
[        ]   Caching has been disabled for the task
[        ] Skipping task ':flutter_olm:mergeDebugJavaResource' as it is up-to-date.
[        ] Resolve mutations for :flutter_olm:syncDebugLibJars (Thread[#46008,Execution worker Thread 4,5,main]) started.
[        ] :flutter_olm:syncDebugLibJars (Thread[#46008,Execution worker Thread 4,5,main]) started.
[        ] > Task :flutter_olm:syncDebugLibJars UP-TO-DATE
[        ] Caching disabled for task ':flutter_olm:syncDebugLibJars' because:
[        ]   Build cache is disabled
[        ] Skipping task ':flutter_olm:syncDebugLibJars' as it is up-to-date.
[        ] Resolve mutations for :flutter_olm:bundleDebugAar (Thread[#46008,Execution worker Thread 4,5,main]) started.
[        ] :flutter_olm:bundleDebugAar (Thread[#46008,Execution worker Thread 4,5,main]) started.
[        ] > Task :flutter_olm:bundleDebugAar UP-TO-DATE
[        ] Caching disabled for task ':flutter_olm:bundleDebugAar' because:
[        ]   Build cache is disabled
[        ]   Caching has been disabled for the task
[        ] Skipping task ':flutter_olm:bundleDebugAar' as it is up-to-date.
[        ] Resolve mutations for :flutter_olm:assembleDebug (Thread[#46008,Execution worker Thread 4,5,main]) started.
[        ] :flutter_olm:assembleDebug (Thread[#46008,Execution worker Thread 4,5,main]) started.
[        ] > Task :flutter_olm:assembleDebug UP-TO-DATE
[        ] Skipping task ':flutter_olm:assembleDebug' as it has no actions.
[        ] Resolve mutations for :flutter_openssl_crypto:stripDebugDebugSymbols (Thread[#46008,Execution worker Thread 4,5,main]) started.
[        ] :flutter_openssl_crypto:stripDebugDebugSymbols (Thread[#46008,Execution worker Thread 4,5,main]) started.
[        ] > Task :flutter_openssl_crypto:stripDebugDebugSymbols UP-TO-DATE
[        ] Caching disabled for task ':flutter_openssl_crypto:stripDebugDebugSymbols' because:
[        ]   Build cache is disabled
[        ]   Caching has been disabled for the task
[        ] Skipping task ':flutter_openssl_crypto:stripDebugDebugSymbols' as it is up-to-date.
[        ] Resolve mutations for :flutter_openssl_crypto:copyDebugJniLibsProjectAndLocalJars (Thread[#46008,Execution worker Thread 4,5,main]) started.
[        ] :flutter_openssl_crypto:copyDebugJniLibsProjectAndLocalJars (Thread[#46008,Execution worker Thread 4,5,main]) started.
[        ] > Task :flutter_openssl_crypto:copyDebugJniLibsProjectAndLocalJars UP-TO-DATE
[        ] Caching disabled for task ':flutter_openssl_crypto:copyDebugJniLibsProjectAndLocalJars' because:
[        ]   Build cache is disabled
[        ]   Caching has been disabled for the task
[        ] Skipping task ':flutter_openssl_crypto:copyDebugJniLibsProjectAndLocalJars' as it is up-to-date.
[        ] Resolve mutations for :flutter_openssl_crypto:extractDebugAnnotations (Thread[#46008,Execution worker Thread 4,5,main]) started.
[        ] :flutter_openssl_crypto:extractDebugAnnotations (Thread[#46008,Execution worker Thread 4,5,main]) started.
[        ] > Task :flutter_openssl_crypto:extractDebugAnnotations UP-TO-DATE
[        ] Caching disabled for task ':flutter_openssl_crypto:extractDebugAnnotations' because:
[        ]   Build cache is disabled
[        ] Skipping task ':flutter_openssl_crypto:extractDebugAnnotations' as it is up-to-date.
[        ] Resolve mutations for :flutter_openssl_crypto:extractDeepLinksForAarDebug (Thread[#46008,Execution worker Thread 4,5,main]) started.
[        ] :flutter_openssl_crypto:extractDeepLinksForAarDebug (Thread[#46008,Execution worker Thread 4,5,main]) started.
[        ] > Task :flutter_openssl_crypto:extractDeepLinksForAarDebug UP-TO-DATE
[        ] Caching disabled for task ':flutter_openssl_crypto:extractDeepLinksForAarDebug' because:
[        ]   Build cache is disabled
[        ] Skipping task ':flutter_openssl_crypto:extractDeepLinksForAarDebug' as it is up-to-date.
[        ] Resolve mutations for :flutter_openssl_crypto:mergeDebugGeneratedProguardFiles (Thread[#46008,Execution worker Thread 4,5,main]) started.
[        ] :flutter_openssl_crypto:mergeDebugGeneratedProguardFiles (Thread[#46008,Execution worker Thread 4,5,main]) started.
[        ] > Task :flutter_openssl_crypto:mergeDebugGeneratedProguardFiles UP-TO-DATE
[        ] Caching disabled for task ':flutter_openssl_crypto:mergeDebugGeneratedProguardFiles' because:
[        ]   Build cache is disabled
[        ]   Simple merging task
[        ] Skipping task ':flutter_openssl_crypto:mergeDebugGeneratedProguardFiles' as it is up-to-date.
[        ] Resolve mutations for :flutter_openssl_crypto:mergeDebugConsumerProguardFiles (Thread[#46008,Execution worker Thread 4,5,main]) started.
[        ] :flutter_openssl_crypto:mergeDebugConsumerProguardFiles (Thread[#46020,Execution worker Thread 15,5,main]) started.
[        ] > Task :flutter_openssl_crypto:mergeDebugConsumerProguardFiles UP-TO-DATE
[        ] Caching disabled for task ':flutter_openssl_crypto:mergeDebugConsumerProguardFiles' because:
[        ]   Build cache is disabled
[        ]   Simple merging task
[        ] Skipping task ':flutter_openssl_crypto:mergeDebugConsumerProguardFiles' as it is up-to-date.
[        ] Resolve mutations for :flutter_openssl_crypto:prepareDebugArtProfile (Thread[#46020,Execution worker Thread 15,5,main]) started.
[        ] :flutter_openssl_crypto:prepareDebugArtProfile (Thread[#46020,Execution worker Thread 15,5,main]) started.
[        ] > Task :flutter_openssl_crypto:prepareDebugArtProfile UP-TO-DATE
[        ] Caching disabled for task ':flutter_openssl_crypto:prepareDebugArtProfile' because:
[        ]   Build cache is disabled
[        ]   Caching has been disabled for the task
[        ] Skipping task ':flutter_openssl_crypto:prepareDebugArtProfile' as it is up-to-date.
[        ] Resolve mutations for :flutter_openssl_crypto:prepareLintJarForPublish (Thread[#46020,Execution worker Thread 15,5,main]) started.
[        ] :flutter_openssl_crypto:prepareLintJarForPublish (Thread[#46020,Execution worker Thread 15,5,main]) started.
[        ] > Task :flutter_openssl_crypto:prepareLintJarForPublish UP-TO-DATE
[        ] Caching disabled for task ':flutter_openssl_crypto:prepareLintJarForPublish' because:
[        ]   Build cache is disabled
[        ]   Caching has been disabled for the task
[        ] Skipping task ':flutter_openssl_crypto:prepareLintJarForPublish' as it is up-to-date.
[        ] Resolve mutations for :flutter_openssl_crypto:mergeDebugJavaResource (Thread[#46020,Execution worker Thread 15,5,main]) started.
[        ] :flutter_openssl_crypto:mergeDebugJavaResource (Thread[#46020,Execution worker Thread 15,5,main]) started.
[        ] > Task :flutter_openssl_crypto:mergeDebugJavaResource UP-TO-DATE
[        ] Caching disabled for task ':flutter_openssl_crypto:mergeDebugJavaResource' because:
[        ]   Build cache is disabled
[        ]   Caching has been disabled for the task
[        ] Skipping task ':flutter_openssl_crypto:mergeDebugJavaResource' as it is up-to-date.
[        ] Resolve mutations for :flutter_openssl_crypto:syncDebugLibJars (Thread[#46020,Execution worker Thread 15,5,main]) started.
[        ] :flutter_openssl_crypto:syncDebugLibJars (Thread[#46020,Execution worker Thread 15,5,main]) started.
[        ] > Task :flutter_openssl_crypto:syncDebugLibJars UP-TO-DATE
[        ] Caching disabled for task ':flutter_openssl_crypto:syncDebugLibJars' because:
[        ]   Build cache is disabled
[        ] Skipping task ':flutter_openssl_crypto:syncDebugLibJars' as it is up-to-date.
[        ] Resolve mutations for :flutter_openssl_crypto:bundleDebugAar (Thread[#46020,Execution worker Thread 15,5,main]) started.
[        ] :flutter_openssl_crypto:bundleDebugAar (Thread[#46020,Execution worker Thread 15,5,main]) started.
[        ] > Task :flutter_openssl_crypto:bundleDebugAar UP-TO-DATE
[        ] Caching disabled for task ':flutter_openssl_crypto:bundleDebugAar' because:
[        ]   Build cache is disabled
[        ]   Caching has been disabled for the task
[        ] Skipping task ':flutter_openssl_crypto:bundleDebugAar' as it is up-to-date.
[        ] Resolve mutations for :flutter_openssl_crypto:assembleDebug (Thread[#46020,Execution worker Thread 15,5,main]) started.
[        ] :flutter_openssl_crypto:assembleDebug (Thread[#46020,Execution worker Thread 15,5,main]) started.
[        ] > Task :flutter_openssl_crypto:assembleDebug UP-TO-DATE
[        ] Skipping task ':flutter_openssl_crypto:assembleDebug' as it has no actions.
[        ] Resolve mutations for :integration_test:stripDebugDebugSymbols (Thread[#46020,Execution worker Thread 15,5,main]) started.
[        ] :integration_test:stripDebugDebugSymbols (Thread[#46020,Execution worker Thread 15,5,main]) started.
[        ] > Task :integration_test:stripDebugDebugSymbols NO-SOURCE
[        ] Skipping task ':integration_test:stripDebugDebugSymbols' as it has no source files and no previous output files.
[        ] Resolve mutations for :integration_test:copyDebugJniLibsProjectAndLocalJars (Thread[#46020,Execution worker Thread 15,5,main]) started.
[        ] :integration_test:copyDebugJniLibsProjectAndLocalJars (Thread[#46020,Execution worker Thread 15,5,main]) started.
[        ] > Task :integration_test:copyDebugJniLibsProjectAndLocalJars UP-TO-DATE
[        ] Caching disabled for task ':integration_test:copyDebugJniLibsProjectAndLocalJars' because:
[        ]   Build cache is disabled
[        ]   Caching has been disabled for the task
[        ] Skipping task ':integration_test:copyDebugJniLibsProjectAndLocalJars' as it is up-to-date.
[        ] Resolve mutations for :integration_test:extractDebugAnnotations (Thread[#46020,Execution worker Thread 15,5,main]) started.
[        ] :integration_test:extractDebugAnnotations (Thread[#46020,Execution worker Thread 15,5,main]) started.
[        ] > Task :integration_test:extractDebugAnnotations UP-TO-DATE
[        ] Caching disabled for task ':integration_test:extractDebugAnnotations' because:
[        ]   Build cache is disabled
[        ] Skipping task ':integration_test:extractDebugAnnotations' as it is up-to-date.
[        ] Resolve mutations for :integration_test:extractDeepLinksForAarDebug (Thread[#46020,Execution worker Thread 15,5,main]) started.
[        ] :integration_test:extractDeepLinksForAarDebug (Thread[#46020,Execution worker Thread 15,5,main]) started.
[        ] > Task :integration_test:extractDeepLinksForAarDebug UP-TO-DATE
[        ] Caching disabled for task ':integration_test:extractDeepLinksForAarDebug' because:
[        ]   Build cache is disabled
[        ] Skipping task ':integration_test:extractDeepLinksForAarDebug' as it is up-to-date.
[        ] Resolve mutations for :integration_test:mergeDebugGeneratedProguardFiles (Thread[#46020,Execution worker Thread 15,5,main]) started.
[        ] :integration_test:mergeDebugGeneratedProguardFiles (Thread[#46020,Execution worker Thread 15,5,main]) started.
[        ] > Task :integration_test:mergeDebugGeneratedProguardFiles UP-TO-DATE
[        ] Caching disabled for task ':integration_test:mergeDebugGeneratedProguardFiles' because:
[        ]   Build cache is disabled
[        ]   Simple merging task
[        ] Skipping task ':integration_test:mergeDebugGeneratedProguardFiles' as it is up-to-date.
[        ] Resolve mutations for :integration_test:mergeDebugConsumerProguardFiles (Thread[#46020,Execution worker Thread 15,5,main]) started.
[        ] :integration_test:mergeDebugConsumerProguardFiles (Thread[#46020,Execution worker Thread 15,5,main]) started.
[        ] > Task :integration_test:mergeDebugConsumerProguardFiles UP-TO-DATE
[        ] Caching disabled for task ':integration_test:mergeDebugConsumerProguardFiles' because:
[        ]   Build cache is disabled
[        ]   Simple merging task
[        ] Skipping task ':integration_test:mergeDebugConsumerProguardFiles' as it is up-to-date.
[        ] Resolve mutations for :integration_test:prepareDebugArtProfile (Thread[#46020,Execution worker Thread 15,5,main]) started.
[        ] :integration_test:prepareDebugArtProfile (Thread[#46020,Execution worker Thread 15,5,main]) started.
[        ] > Task :integration_test:prepareDebugArtProfile UP-TO-DATE
[        ] Caching disabled for task ':integration_test:prepareDebugArtProfile' because:
[        ]   Build cache is disabled
[        ]   Caching has been disabled for the task
[        ] Skipping task ':integration_test:prepareDebugArtProfile' as it is up-to-date.
[        ] Resolve mutations for :integration_test:prepareLintJarForPublish (Thread[#46020,Execution worker Thread 15,5,main]) started.
[        ] :integration_test:prepareLintJarForPublish (Thread[#46020,Execution worker Thread 15,5,main]) started.
[        ] > Task :integration_test:prepareLintJarForPublish UP-TO-DATE
[        ] Caching disabled for task ':integration_test:prepareLintJarForPublish' because:
[        ]   Build cache is disabled
[        ]   Caching has been disabled for the task
[        ] Skipping task ':integration_test:prepareLintJarForPublish' as it is up-to-date.
[        ] Resolve mutations for :integration_test:mergeDebugJavaResource (Thread[#46020,Execution worker Thread 15,5,main]) started.
[        ] :integration_test:mergeDebugJavaResource (Thread[#46020,Execution worker Thread 15,5,main]) started.
[        ] > Task :integration_test:mergeDebugJavaResource UP-TO-DATE
[        ] Caching disabled for task ':integration_test:mergeDebugJavaResource' because:
[        ]   Build cache is disabled
[        ]   Caching has been disabled for the task
[        ] Skipping task ':integration_test:mergeDebugJavaResource' as it is up-to-date.
[        ] Resolve mutations for :integration_test:syncDebugLibJars (Thread[#46020,Execution worker Thread 15,5,main]) started.
[        ] :integration_test:syncDebugLibJars (Thread[#46020,Execution worker Thread 15,5,main]) started.
[        ] > Task :integration_test:syncDebugLibJars UP-TO-DATE
[        ] Caching disabled for task ':integration_test:syncDebugLibJars' because:
[        ]   Build cache is disabled
[        ] Skipping task ':integration_test:syncDebugLibJars' as it is up-to-date.
[        ] Resolve mutations for :integration_test:bundleDebugAar (Thread[#46020,Execution worker Thread 15,5,main]) started.
[        ] :integration_test:bundleDebugAar (Thread[#46020,Execution worker Thread 15,5,main]) started.
[        ] > Task :integration_test:bundleDebugAar UP-TO-DATE
[        ] Caching disabled for task ':integration_test:bundleDebugAar' because:
[        ]   Build cache is disabled
[        ]   Caching has been disabled for the task
[        ] Skipping task ':integration_test:bundleDebugAar' as it is up-to-date.
[        ] Resolve mutations for :integration_test:assembleDebug (Thread[#46020,Execution worker Thread 15,5,main]) started.
[        ] :integration_test:assembleDebug (Thread[#46020,Execution worker Thread 15,5,main]) started.
[        ] > Task :integration_test:assembleDebug UP-TO-DATE
[        ] Skipping task ':integration_test:assembleDebug' as it has no actions.
[        ] Resolve mutations for :path_provider_android:stripDebugDebugSymbols (Thread[#46020,Execution worker Thread 15,5,main]) started.
[        ] :path_provider_android:stripDebugDebugSymbols (Thread[#46020,Execution worker Thread 15,5,main]) started.
[        ] > Task :path_provider_android:stripDebugDebugSymbols NO-SOURCE
[        ] Skipping task ':path_provider_android:stripDebugDebugSymbols' as it has no source files and no previous output files.
[        ] Resolve mutations for :path_provider_android:copyDebugJniLibsProjectAndLocalJars (Thread[#46020,Execution worker Thread 15,5,main]) started.
[        ] :path_provider_android:copyDebugJniLibsProjectAndLocalJars (Thread[#46020,Execution worker Thread 15,5,main]) started.
[        ] > Task :path_provider_android:copyDebugJniLibsProjectAndLocalJars UP-TO-DATE
[        ] Caching disabled for task ':path_provider_android:copyDebugJniLibsProjectAndLocalJars' because:
[        ]   Build cache is disabled
[        ]   Caching has been disabled for the task
[        ] Skipping task ':path_provider_android:copyDebugJniLibsProjectAndLocalJars' as it is up-to-date.
[        ] Resolve mutations for :path_provider_android:extractDebugAnnotations (Thread[#46020,Execution worker Thread 15,5,main]) started.
[        ] :path_provider_android:extractDebugAnnotations (Thread[#46020,Execution worker Thread 15,5,main]) started.
[        ] > Task :path_provider_android:extractDebugAnnotations UP-TO-DATE
[        ] Caching disabled for task ':path_provider_android:extractDebugAnnotations' because:
[        ]   Build cache is disabled
[        ] Skipping task ':path_provider_android:extractDebugAnnotations' as it is up-to-date.
[        ] Resolve mutations for :path_provider_android:extractDeepLinksForAarDebug (Thread[#46020,Execution worker Thread 15,5,main]) started.
[        ] :path_provider_android:extractDeepLinksForAarDebug (Thread[#46020,Execution worker Thread 15,5,main]) started.
[        ] > Task :path_provider_android:extractDeepLinksForAarDebug UP-TO-DATE
[        ] Caching disabled for task ':path_provider_android:extractDeepLinksForAarDebug' because:
[        ]   Build cache is disabled
[        ] Skipping task ':path_provider_android:extractDeepLinksForAarDebug' as it is up-to-date.
[        ] Resolve mutations for :path_provider_android:mergeDebugGeneratedProguardFiles (Thread[#46020,Execution worker Thread 15,5,main]) started.
[        ] :path_provider_android:mergeDebugGeneratedProguardFiles (Thread[#46020,Execution worker Thread 15,5,main]) started.
[        ] > Task :path_provider_android:mergeDebugGeneratedProguardFiles UP-TO-DATE
[        ] Caching disabled for task ':path_provider_android:mergeDebugGeneratedProguardFiles' because:
[        ]   Build cache is disabled
[        ]   Simple merging task
[        ] Skipping task ':path_provider_android:mergeDebugGeneratedProguardFiles' as it is up-to-date.
[        ] Resolve mutations for :path_provider_android:mergeDebugConsumerProguardFiles (Thread[#46020,Execution worker Thread 15,5,main]) started.
[        ] :path_provider_android:mergeDebugConsumerProguardFiles (Thread[#46020,Execution worker Thread 15,5,main]) started.
[        ] > Task :path_provider_android:mergeDebugConsumerProguardFiles UP-TO-DATE
[        ] Caching disabled for task ':path_provider_android:mergeDebugConsumerProguardFiles' because:
[        ]   Build cache is disabled
[        ]   Simple merging task
[        ] Skipping task ':path_provider_android:mergeDebugConsumerProguardFiles' as it is up-to-date.
[        ] Resolve mutations for :path_provider_android:prepareDebugArtProfile (Thread[#46020,Execution worker Thread 15,5,main]) started.
[        ] :path_provider_android:prepareDebugArtProfile (Thread[#46020,Execution worker Thread 15,5,main]) started.
[        ] > Task :path_provider_android:prepareDebugArtProfile UP-TO-DATE
[        ] Caching disabled for task ':path_provider_android:prepareDebugArtProfile' because:
[        ]   Build cache is disabled
[        ]   Caching has been disabled for the task
[        ] Skipping task ':path_provider_android:prepareDebugArtProfile' as it is up-to-date.
[        ] Resolve mutations for :path_provider_android:prepareLintJarForPublish (Thread[#46020,Execution worker Thread 15,5,main]) started.
[        ] :path_provider_android:prepareLintJarForPublish (Thread[#46020,Execution worker Thread 15,5,main]) started.
[        ] > Task :path_provider_android:prepareLintJarForPublish UP-TO-DATE
[        ] Caching disabled for task ':path_provider_android:prepareLintJarForPublish' because:
[        ]   Build cache is disabled
[        ]   Caching has been disabled for the task
[        ] Skipping task ':path_provider_android:prepareLintJarForPublish' as it is up-to-date.
[        ] Resolve mutations for :path_provider_android:mergeDebugJavaResource (Thread[#46020,Execution worker Thread 15,5,main]) started.
[        ] :path_provider_android:mergeDebugJavaResource (Thread[#46020,Execution worker Thread 15,5,main]) started.
[        ] > Task :path_provider_android:mergeDebugJavaResource UP-TO-DATE
[        ] Caching disabled for task ':path_provider_android:mergeDebugJavaResource' because:
[        ]   Build cache is disabled
[        ]   Caching has been disabled for the task
[        ] Skipping task ':path_provider_android:mergeDebugJavaResource' as it is up-to-date.
[        ] Resolve mutations for :path_provider_android:syncDebugLibJars (Thread[#46020,Execution worker Thread 15,5,main]) started.
[        ] :path_provider_android:syncDebugLibJars (Thread[#46020,Execution worker Thread 15,5,main]) started.
[        ] > Task :path_provider_android:syncDebugLibJars UP-TO-DATE
[        ] Caching disabled for task ':path_provider_android:syncDebugLibJars' because:
[        ]   Build cache is disabled
[        ] Skipping task ':path_provider_android:syncDebugLibJars' as it is up-to-date.
[        ] Resolve mutations for :path_provider_android:bundleDebugAar (Thread[#46020,Execution worker Thread 15,5,main]) started.
[        ] :path_provider_android:bundleDebugAar (Thread[#46020,Execution worker Thread 15,5,main]) started.
[        ] > Task :path_provider_android:bundleDebugAar UP-TO-DATE
[        ] Caching disabled for task ':path_provider_android:bundleDebugAar' because:
[        ]   Build cache is disabled
[        ]   Caching has been disabled for the task
[        ] Skipping task ':path_provider_android:bundleDebugAar' as it is up-to-date.
[        ] Resolve mutations for :path_provider_android:assembleDebug (Thread[#46020,Execution worker Thread 15,5,main]) started.
[        ] :path_provider_android:assembleDebug (Thread[#46020,Execution worker Thread 15,5,main]) started.
[        ] > Task :path_provider_android:assembleDebug UP-TO-DATE
[        ] Skipping task ':path_provider_android:assembleDebug' as it has no actions.
[        ] Resolve mutations for :quill_native_bridge_android:stripDebugDebugSymbols (Thread[#46020,Execution worker Thread 15,5,main]) started.
[        ] :quill_native_bridge_android:stripDebugDebugSymbols (Thread[#46020,Execution worker Thread 15,5,main]) started.
[        ] > Task :quill_native_bridge_android:stripDebugDebugSymbols NO-SOURCE
[        ] Skipping task ':quill_native_bridge_android:stripDebugDebugSymbols' as it has no source files and no previous output files.
[        ] Resolve mutations for :quill_native_bridge_android:copyDebugJniLibsProjectAndLocalJars (Thread[#46020,Execution worker Thread 15,5,main]) started.
[        ] :quill_native_bridge_android:copyDebugJniLibsProjectAndLocalJars (Thread[#46020,Execution worker Thread 15,5,main]) started.
[        ] > Task :quill_native_bridge_android:copyDebugJniLibsProjectAndLocalJars UP-TO-DATE
[        ] Caching disabled for task ':quill_native_bridge_android:copyDebugJniLibsProjectAndLocalJars' because:
[        ]   Build cache is disabled
[        ]   Caching has been disabled for the task
[        ] Skipping task ':quill_native_bridge_android:copyDebugJniLibsProjectAndLocalJars' as it is up-to-date.
[        ] Resolve mutations for :quill_native_bridge_android:extractDebugAnnotations (Thread[#46020,Execution worker Thread 15,5,main]) started.
[        ] :quill_native_bridge_android:extractDebugAnnotations (Thread[#46020,Execution worker Thread 15,5,main]) started.
[        ] > Task :quill_native_bridge_android:extractDebugAnnotations UP-TO-DATE
[        ] Caching disabled for task ':quill_native_bridge_android:extractDebugAnnotations' because:
[        ]   Build cache is disabled
[        ] Skipping task ':quill_native_bridge_android:extractDebugAnnotations' as it is up-to-date.
[        ] Resolve mutations for :quill_native_bridge_android:extractDeepLinksForAarDebug (Thread[#46020,Execution worker Thread 15,5,main]) started.
[        ] :quill_native_bridge_android:extractDeepLinksForAarDebug (Thread[#46020,Execution worker Thread 15,5,main]) started.
[        ] > Task :quill_native_bridge_android:extractDeepLinksForAarDebug UP-TO-DATE
[        ] Caching disabled for task ':quill_native_bridge_android:extractDeepLinksForAarDebug' because:
[        ]   Build cache is disabled
[        ] Skipping task ':quill_native_bridge_android:extractDeepLinksForAarDebug' as it is up-to-date.
[        ] Resolve mutations for :quill_native_bridge_android:mergeDebugGeneratedProguardFiles (Thread[#46020,Execution worker Thread 15,5,main]) started.
[        ] :quill_native_bridge_android:mergeDebugGeneratedProguardFiles (Thread[#46020,Execution worker Thread 15,5,main]) started.
[        ] > Task :quill_native_bridge_android:mergeDebugGeneratedProguardFiles UP-TO-DATE
[        ] Caching disabled for task ':quill_native_bridge_android:mergeDebugGeneratedProguardFiles' because:
[        ]   Build cache is disabled
[        ]   Simple merging task
[        ] Skipping task ':quill_native_bridge_android:mergeDebugGeneratedProguardFiles' as it is up-to-date.
[        ] Resolve mutations for :quill_native_bridge_android:mergeDebugConsumerProguardFiles (Thread[#46020,Execution worker Thread 15,5,main]) started.
[        ] :quill_native_bridge_android:mergeDebugConsumerProguardFiles (Thread[#46020,Execution worker Thread 15,5,main]) started.
[        ] > Task :quill_native_bridge_android:mergeDebugConsumerProguardFiles UP-TO-DATE
[        ] Caching disabled for task ':quill_native_bridge_android:mergeDebugConsumerProguardFiles' because:
[        ]   Build cache is disabled
[        ]   Simple merging task
[        ] Skipping task ':quill_native_bridge_android:mergeDebugConsumerProguardFiles' as it is up-to-date.
[        ] Resolve mutations for :quill_native_bridge_android:prepareDebugArtProfile (Thread[#46020,Execution worker Thread 15,5,main]) started.
[        ] :quill_native_bridge_android:prepareDebugArtProfile (Thread[#46020,Execution worker Thread 15,5,main]) started.
[        ] > Task :quill_native_bridge_android:prepareDebugArtProfile UP-TO-DATE
[        ] Caching disabled for task ':quill_native_bridge_android:prepareDebugArtProfile' because:
[        ]   Build cache is disabled
[        ]   Caching has been disabled for the task
[        ] Skipping task ':quill_native_bridge_android:prepareDebugArtProfile' as it is up-to-date.
[        ] Resolve mutations for :quill_native_bridge_android:prepareLintJarForPublish (Thread[#46020,Execution worker Thread 15,5,main]) started.
[        ] :quill_native_bridge_android:prepareLintJarForPublish (Thread[#46020,Execution worker Thread 15,5,main]) started.
[        ] > Task :quill_native_bridge_android:prepareLintJarForPublish UP-TO-DATE
[        ] Caching disabled for task ':quill_native_bridge_android:prepareLintJarForPublish' because:
[        ]   Build cache is disabled
[        ]   Caching has been disabled for the task
[        ] Skipping task ':quill_native_bridge_android:prepareLintJarForPublish' as it is up-to-date.
[        ] Resolve mutations for :quill_native_bridge_android:mergeDebugJavaResource (Thread[#46020,Execution worker Thread 15,5,main]) started.
[        ] :quill_native_bridge_android:mergeDebugJavaResource (Thread[#46020,Execution worker Thread 15,5,main]) started.
[        ] > Task :quill_native_bridge_android:mergeDebugJavaResource UP-TO-DATE
[        ] Caching disabled for task ':quill_native_bridge_android:mergeDebugJavaResource' because:
[        ]   Build cache is disabled
[        ]   Caching has been disabled for the task
[        ] Skipping task ':quill_native_bridge_android:mergeDebugJavaResource' as it is up-to-date.
[        ] Resolve mutations for :quill_native_bridge_android:syncDebugLibJars (Thread[#46020,Execution worker Thread 15,5,main]) started.
[        ] :quill_native_bridge_android:syncDebugLibJars (Thread[#46020,Execution worker Thread 15,5,main]) started.
[        ] > Task :quill_native_bridge_android:syncDebugLibJars UP-TO-DATE
[        ] Caching disabled for task ':quill_native_bridge_android:syncDebugLibJars' because:
[        ]   Build cache is disabled
[        ] Skipping task ':quill_native_bridge_android:syncDebugLibJars' as it is up-to-date.
[        ] Resolve mutations for :quill_native_bridge_android:bundleDebugAar (Thread[#46020,Execution worker Thread 15,5,main]) started.
[        ] :quill_native_bridge_android:bundleDebugAar (Thread[#46020,Execution worker Thread 15,5,main]) started.
[        ] > Task :quill_native_bridge_android:bundleDebugAar UP-TO-DATE
[        ] Caching disabled for task ':quill_native_bridge_android:bundleDebugAar' because:
[        ]   Build cache is disabled
[        ]   Caching has been disabled for the task
[        ] Skipping task ':quill_native_bridge_android:bundleDebugAar' as it is up-to-date.
[        ] Resolve mutations for :quill_native_bridge_android:assembleDebug (Thread[#46020,Execution worker Thread 15,5,main]) started.
[        ] :quill_native_bridge_android:assembleDebug (Thread[#46020,Execution worker Thread 15,5,main]) started.
[        ] > Task :quill_native_bridge_android:assembleDebug UP-TO-DATE
[        ] Skipping task ':quill_native_bridge_android:assembleDebug' as it has no actions.
[        ] Resolve mutations for :shared_preferences_android:stripDebugDebugSymbols (Thread[#46020,Execution worker Thread 15,5,main]) started.
[        ] :shared_preferences_android:stripDebugDebugSymbols (Thread[#46020,Execution worker Thread 15,5,main]) started.
[        ] > Task :shared_preferences_android:stripDebugDebugSymbols NO-SOURCE
[        ] Skipping task ':shared_preferences_android:stripDebugDebugSymbols' as it has no source files and no previous output files.
[        ] Resolve mutations for :shared_preferences_android:copyDebugJniLibsProjectAndLocalJars (Thread[#46020,Execution worker Thread 15,5,main]) started.
[        ] :shared_preferences_android:copyDebugJniLibsProjectAndLocalJars (Thread[#46020,Execution worker Thread 15,5,main]) started.
[        ] > Task :shared_preferences_android:copyDebugJniLibsProjectAndLocalJars UP-TO-DATE
[        ] Caching disabled for task ':shared_preferences_android:copyDebugJniLibsProjectAndLocalJars' because:
[        ]   Build cache is disabled
[        ]   Caching has been disabled for the task
[        ] Skipping task ':shared_preferences_android:copyDebugJniLibsProjectAndLocalJars' as it is up-to-date.
[        ] Resolve mutations for :shared_preferences_android:extractDebugAnnotations (Thread[#46020,Execution worker Thread 15,5,main]) started.
[        ] :shared_preferences_android:extractDebugAnnotations (Thread[#46020,Execution worker Thread 15,5,main]) started.
[        ] > Task :shared_preferences_android:extractDebugAnnotations UP-TO-DATE
[        ] Caching disabled for task ':shared_preferences_android:extractDebugAnnotations' because:
[        ]   Build cache is disabled
[        ] Skipping task ':shared_preferences_android:extractDebugAnnotations' as it is up-to-date.
[        ] Resolve mutations for :shared_preferences_android:extractDeepLinksForAarDebug (Thread[#46020,Execution worker Thread 15,5,main]) started.
[        ] :shared_preferences_android:extractDeepLinksForAarDebug (Thread[#46020,Execution worker Thread 15,5,main]) started.
[        ] > Task :shared_preferences_android:extractDeepLinksForAarDebug UP-TO-DATE
[        ] Caching disabled for task ':shared_preferences_android:extractDeepLinksForAarDebug' because:
[        ]   Build cache is disabled
[        ] Skipping task ':shared_preferences_android:extractDeepLinksForAarDebug' as it is up-to-date.
[        ] Resolve mutations for :shared_preferences_android:mergeDebugGeneratedProguardFiles (Thread[#46020,Execution worker Thread 15,5,main]) started.
[        ] :shared_preferences_android:mergeDebugGeneratedProguardFiles (Thread[#46020,Execution worker Thread 15,5,main]) started.
[        ] > Task :shared_preferences_android:mergeDebugGeneratedProguardFiles UP-TO-DATE
[        ] Caching disabled for task ':shared_preferences_android:mergeDebugGeneratedProguardFiles' because:
[        ]   Build cache is disabled
[        ]   Simple merging task
[        ] Skipping task ':shared_preferences_android:mergeDebugGeneratedProguardFiles' as it is up-to-date.
[        ] Resolve mutations for :shared_preferences_android:mergeDebugConsumerProguardFiles (Thread[#46020,Execution worker Thread 15,5,main]) started.
[        ] :shared_preferences_android:mergeDebugConsumerProguardFiles (Thread[#46020,Execution worker Thread 15,5,main]) started.
[        ] > Task :shared_preferences_android:mergeDebugConsumerProguardFiles UP-TO-DATE
[        ] Caching disabled for task ':shared_preferences_android:mergeDebugConsumerProguardFiles' because:
[        ]   Build cache is disabled
[        ]   Simple merging task
[        ] Skipping task ':shared_preferences_android:mergeDebugConsumerProguardFiles' as it is up-to-date.
[        ] Resolve mutations for :shared_preferences_android:prepareDebugArtProfile (Thread[#46020,Execution worker Thread 15,5,main]) started.
[        ] :shared_preferences_android:prepareDebugArtProfile (Thread[#46020,Execution worker Thread 15,5,main]) started.
[        ] > Task :shared_preferences_android:prepareDebugArtProfile UP-TO-DATE
[        ] Caching disabled for task ':shared_preferences_android:prepareDebugArtProfile' because:
[        ]   Build cache is disabled
[        ]   Caching has been disabled for the task
[        ] Skipping task ':shared_preferences_android:prepareDebugArtProfile' as it is up-to-date.
[        ] Resolve mutations for :shared_preferences_android:prepareLintJarForPublish (Thread[#46020,Execution worker Thread 15,5,main]) started.
[        ] :shared_preferences_android:prepareLintJarForPublish (Thread[#46020,Execution worker Thread 15,5,main]) started.
[        ] > Task :shared_preferences_android:prepareLintJarForPublish UP-TO-DATE
[        ] Caching disabled for task ':shared_preferences_android:prepareLintJarForPublish' because:
[        ]   Build cache is disabled
[        ]   Caching has been disabled for the task
[        ] Skipping task ':shared_preferences_android:prepareLintJarForPublish' as it is up-to-date.
[        ] Resolve mutations for :shared_preferences_android:mergeDebugJavaResource (Thread[#46020,Execution worker Thread 15,5,main]) started.
[        ] :shared_preferences_android:mergeDebugJavaResource (Thread[#46020,Execution worker Thread 15,5,main]) started.
[        ] > Task :shared_preferences_android:mergeDebugJavaResource UP-TO-DATE
[        ] Caching disabled for task ':shared_preferences_android:mergeDebugJavaResource' because:
[        ]   Build cache is disabled
[        ]   Caching has been disabled for the task
[        ] Skipping task ':shared_preferences_android:mergeDebugJavaResource' as it is up-to-date.
[        ] Resolve mutations for :shared_preferences_android:syncDebugLibJars (Thread[#46020,Execution worker Thread 15,5,main]) started.
[        ] :shared_preferences_android:syncDebugLibJars (Thread[#46020,Execution worker Thread 15,5,main]) started.
[        ] > Task :shared_preferences_android:syncDebugLibJars UP-TO-DATE
[        ] Caching disabled for task ':shared_preferences_android:syncDebugLibJars' because:
[        ]   Build cache is disabled
[        ] Skipping task ':shared_preferences_android:syncDebugLibJars' as it is up-to-date.
[        ] Resolve mutations for :shared_preferences_android:bundleDebugAar (Thread[#46020,Execution worker Thread 15,5,main]) started.
[        ] :shared_preferences_android:bundleDebugAar (Thread[#46020,Execution worker Thread 15,5,main]) started.
[        ] > Task :shared_preferences_android:bundleDebugAar UP-TO-DATE
[        ] Caching disabled for task ':shared_preferences_android:bundleDebugAar' because:
[        ]   Build cache is disabled
[        ]   Caching has been disabled for the task
[        ] Skipping task ':shared_preferences_android:bundleDebugAar' as it is up-to-date.
[        ] Resolve mutations for :shared_preferences_android:assembleDebug (Thread[#46020,Execution worker Thread 15,5,main]) started.
[        ] :shared_preferences_android:assembleDebug (Thread[#46020,Execution worker Thread 15,5,main]) started.
[        ] > Task :shared_preferences_android:assembleDebug UP-TO-DATE
[        ] Skipping task ':shared_preferences_android:assembleDebug' as it has no actions.
[        ] Resolve mutations for :sqflite_android:stripDebugDebugSymbols (Thread[#46020,Execution worker Thread 15,5,main]) started.
[        ] :sqflite_android:stripDebugDebugSymbols (Thread[#46020,Execution worker Thread 15,5,main]) started.
[        ] > Task :sqflite_android:stripDebugDebugSymbols NO-SOURCE
[        ] Skipping task ':sqflite_android:stripDebugDebugSymbols' as it has no source files and no previous output files.
[        ] Resolve mutations for :sqflite_android:copyDebugJniLibsProjectAndLocalJars (Thread[#46020,Execution worker Thread 15,5,main]) started.
[        ] :sqflite_android:copyDebugJniLibsProjectAndLocalJars (Thread[#46020,Execution worker Thread 15,5,main]) started.
[        ] > Task :sqflite_android:copyDebugJniLibsProjectAndLocalJars UP-TO-DATE
[        ] Caching disabled for task ':sqflite_android:copyDebugJniLibsProjectAndLocalJars' because:
[        ]   Build cache is disabled
[        ]   Caching has been disabled for the task
[        ] Skipping task ':sqflite_android:copyDebugJniLibsProjectAndLocalJars' as it is up-to-date.
[        ] Resolve mutations for :sqflite_android:extractDebugAnnotations (Thread[#46020,Execution worker Thread 15,5,main]) started.
[        ] :sqflite_android:extractDebugAnnotations (Thread[#46020,Execution worker Thread 15,5,main]) started.
[        ] > Task :sqflite_android:extractDebugAnnotations UP-TO-DATE
[        ] Caching disabled for task ':sqflite_android:extractDebugAnnotations' because:
[        ]   Build cache is disabled
[        ] Skipping task ':sqflite_android:extractDebugAnnotations' as it is up-to-date.
[        ] Resolve mutations for :sqflite_android:extractDeepLinksForAarDebug (Thread[#46020,Execution worker Thread 15,5,main]) started.
[        ] :sqflite_android:extractDeepLinksForAarDebug (Thread[#46020,Execution worker Thread 15,5,main]) started.
[        ] > Task :sqflite_android:extractDeepLinksForAarDebug UP-TO-DATE
[        ] Caching disabled for task ':sqflite_android:extractDeepLinksForAarDebug' because:
[        ]   Build cache is disabled
[        ] Skipping task ':sqflite_android:extractDeepLinksForAarDebug' as it is up-to-date.
[        ] Resolve mutations for :sqflite_android:mergeDebugGeneratedProguardFiles (Thread[#46020,Execution worker Thread 15,5,main]) started.
[        ] :sqflite_android:mergeDebugGeneratedProguardFiles (Thread[#46020,Execution worker Thread 15,5,main]) started.
[        ] > Task :sqflite_android:mergeDebugGeneratedProguardFiles UP-TO-DATE
[        ] Caching disabled for task ':sqflite_android:mergeDebugGeneratedProguardFiles' because:
[        ]   Build cache is disabled
[        ]   Simple merging task
[        ] Skipping task ':sqflite_android:mergeDebugGeneratedProguardFiles' as it is up-to-date.
[        ] Resolve mutations for :sqflite_android:mergeDebugConsumerProguardFiles (Thread[#46020,Execution worker Thread 15,5,main]) started.
[        ] :sqflite_android:mergeDebugConsumerProguardFiles (Thread[#46020,Execution worker Thread 15,5,main]) started.
[        ] > Task :sqflite_android:mergeDebugConsumerProguardFiles UP-TO-DATE
[        ] Caching disabled for task ':sqflite_android:mergeDebugConsumerProguardFiles' because:
[        ]   Build cache is disabled
[        ]   Simple merging task
[        ] Skipping task ':sqflite_android:mergeDebugConsumerProguardFiles' as it is up-to-date.
[        ] Resolve mutations for :sqflite_android:prepareDebugArtProfile (Thread[#46020,Execution worker Thread 15,5,main]) started.
[        ] :sqflite_android:prepareDebugArtProfile (Thread[#46020,Execution worker Thread 15,5,main]) started.
[        ] > Task :sqflite_android:prepareDebugArtProfile UP-TO-DATE
[        ] Caching disabled for task ':sqflite_android:prepareDebugArtProfile' because:
[        ]   Build cache is disabled
[        ]   Caching has been disabled for the task
[        ] Skipping task ':sqflite_android:prepareDebugArtProfile' as it is up-to-date.
[        ] Resolve mutations for :sqflite_android:prepareLintJarForPublish (Thread[#46020,Execution worker Thread 15,5,main]) started.
[        ] :sqflite_android:prepareLintJarForPublish (Thread[#46020,Execution worker Thread 15,5,main]) started.
[        ] > Task :sqflite_android:prepareLintJarForPublish UP-TO-DATE
[        ] Caching disabled for task ':sqflite_android:prepareLintJarForPublish' because:
[        ]   Build cache is disabled
[        ]   Caching has been disabled for the task
[        ] Skipping task ':sqflite_android:prepareLintJarForPublish' as it is up-to-date.
[        ] Resolve mutations for :sqflite_android:mergeDebugJavaResource (Thread[#46020,Execution worker Thread 15,5,main]) started.
[        ] :sqflite_android:mergeDebugJavaResource (Thread[#46020,Execution worker Thread 15,5,main]) started.
[        ] > Task :sqflite_android:mergeDebugJavaResource UP-TO-DATE
[        ] Caching disabled for task ':sqflite_android:mergeDebugJavaResource' because:
[        ]   Build cache is disabled
[        ]   Caching has been disabled for the task
[        ] Skipping task ':sqflite_android:mergeDebugJavaResource' as it is up-to-date.
[        ] Resolve mutations for :sqflite_android:syncDebugLibJars (Thread[#46020,Execution worker Thread 15,5,main]) started.
[        ] :sqflite_android:syncDebugLibJars (Thread[#46020,Execution worker Thread 15,5,main]) started.
[        ] > Task :sqflite_android:syncDebugLibJars UP-TO-DATE
[        ] Caching disabled for task ':sqflite_android:syncDebugLibJars' because:
[        ]   Build cache is disabled
[        ] Skipping task ':sqflite_android:syncDebugLibJars' as it is up-to-date.
[        ] Resolve mutations for :sqflite_android:bundleDebugAar (Thread[#46020,Execution worker Thread 15,5,main]) started.
[        ] :sqflite_android:bundleDebugAar (Thread[#46020,Execution worker Thread 15,5,main]) started.
[        ] > Task :sqflite_android:bundleDebugAar UP-TO-DATE
[        ] Caching disabled for task ':sqflite_android:bundleDebugAar' because:
[        ]   Build cache is disabled
[        ]   Caching has been disabled for the task
[        ] Skipping task ':sqflite_android:bundleDebugAar' as it is up-to-date.
[        ] Resolve mutations for :sqflite_android:assembleDebug (Thread[#46020,Execution worker Thread 15,5,main]) started.
[        ] :sqflite_android:assembleDebug (Thread[#46020,Execution worker Thread 15,5,main]) started.
[        ] > Task :sqflite_android:assembleDebug UP-TO-DATE
[        ] Skipping task ':sqflite_android:assembleDebug' as it has no actions.
[        ] Resolve mutations for :url_launcher_android:stripDebugDebugSymbols (Thread[#46020,Execution worker Thread 15,5,main]) started.
[        ] :url_launcher_android:stripDebugDebugSymbols (Thread[#46020,Execution worker Thread 15,5,main]) started.
[        ] > Task :url_launcher_android:stripDebugDebugSymbols NO-SOURCE
[        ] Skipping task ':url_launcher_android:stripDebugDebugSymbols' as it has no source files and no previous output files.
[        ] Resolve mutations for :url_launcher_android:copyDebugJniLibsProjectAndLocalJars (Thread[#46020,Execution worker Thread 15,5,main]) started.
[        ] :url_launcher_android:copyDebugJniLibsProjectAndLocalJars (Thread[#46020,Execution worker Thread 15,5,main]) started.
[        ] > Task :url_launcher_android:copyDebugJniLibsProjectAndLocalJars UP-TO-DATE
[        ] Caching disabled for task ':url_launcher_android:copyDebugJniLibsProjectAndLocalJars' because:
[        ]   Build cache is disabled
[        ]   Caching has been disabled for the task
[        ] Skipping task ':url_launcher_android:copyDebugJniLibsProjectAndLocalJars' as it is up-to-date.
[        ] Resolve mutations for :url_launcher_android:extractDebugAnnotations (Thread[#46020,Execution worker Thread 15,5,main]) started.
[        ] :url_launcher_android:extractDebugAnnotations (Thread[#46020,Execution worker Thread 15,5,main]) started.
[        ] > Task :url_launcher_android:extractDebugAnnotations UP-TO-DATE
[        ] Caching disabled for task ':url_launcher_android:extractDebugAnnotations' because:
[        ]   Build cache is disabled
[        ] Skipping task ':url_launcher_android:extractDebugAnnotations' as it is up-to-date.
[        ] Resolve mutations for :url_launcher_android:extractDeepLinksForAarDebug (Thread[#46020,Execution worker Thread 15,5,main]) started.
[        ] :url_launcher_android:extractDeepLinksForAarDebug (Thread[#46020,Execution worker Thread 15,5,main]) started.
[        ] > Task :url_launcher_android:extractDeepLinksForAarDebug UP-TO-DATE
[        ] Caching disabled for task ':url_launcher_android:extractDeepLinksForAarDebug' because:
[        ]   Build cache is disabled
[        ] Skipping task ':url_launcher_android:extractDeepLinksForAarDebug' as it is up-to-date.
[        ] Resolve mutations for :url_launcher_android:mergeDebugGeneratedProguardFiles (Thread[#46020,Execution worker Thread 15,5,main]) started.
[        ] :url_launcher_android:mergeDebugGeneratedProguardFiles (Thread[#46020,Execution worker Thread 15,5,main]) started.
[        ] > Task :url_launcher_android:mergeDebugGeneratedProguardFiles UP-TO-DATE
[        ] Caching disabled for task ':url_launcher_android:mergeDebugGeneratedProguardFiles' because:
[        ]   Build cache is disabled
[        ]   Simple merging task
[        ] Skipping task ':url_launcher_android:mergeDebugGeneratedProguardFiles' as it is up-to-date.
[        ] Resolve mutations for :url_launcher_android:mergeDebugConsumerProguardFiles (Thread[#46020,Execution worker Thread 15,5,main]) started.
[        ] :url_launcher_android:mergeDebugConsumerProguardFiles (Thread[#46020,Execution worker Thread 15,5,main]) started.
[        ] > Task :url_launcher_android:mergeDebugConsumerProguardFiles UP-TO-DATE
[        ] Caching disabled for task ':url_launcher_android:mergeDebugConsumerProguardFiles' because:
[        ]   Build cache is disabled
[        ]   Simple merging task
[        ] Skipping task ':url_launcher_android:mergeDebugConsumerProguardFiles' as it is up-to-date.
[        ] Resolve mutations for :url_launcher_android:prepareDebugArtProfile (Thread[#46020,Execution worker Thread 15,5,main]) started.
[        ] :url_launcher_android:prepareDebugArtProfile (Thread[#46020,Execution worker Thread 15,5,main]) started.
[        ] > Task :url_launcher_android:prepareDebugArtProfile UP-TO-DATE
[        ] Caching disabled for task ':url_launcher_android:prepareDebugArtProfile' because:
[        ]   Build cache is disabled
[        ]   Caching has been disabled for the task
[        ] Skipping task ':url_launcher_android:prepareDebugArtProfile' as it is up-to-date.
[        ] Resolve mutations for :url_launcher_android:prepareLintJarForPublish (Thread[#46020,Execution worker Thread 15,5,main]) started.
[        ] :url_launcher_android:prepareLintJarForPublish (Thread[#46020,Execution worker Thread 15,5,main]) started.
[        ] > Task :url_launcher_android:prepareLintJarForPublish UP-TO-DATE
[        ] Caching disabled for task ':url_launcher_android:prepareLintJarForPublish' because:
[        ]   Build cache is disabled
[        ]   Caching has been disabled for the task
[        ] Skipping task ':url_launcher_android:prepareLintJarForPublish' as it is up-to-date.
[        ] Resolve mutations for :url_launcher_android:mergeDebugJavaResource (Thread[#46020,Execution worker Thread 15,5,main]) started.
[        ] :url_launcher_android:mergeDebugJavaResource (Thread[#46020,Execution worker Thread 15,5,main]) started.
[        ] > Task :url_launcher_android:mergeDebugJavaResource UP-TO-DATE
[        ] Caching disabled for task ':url_launcher_android:mergeDebugJavaResource' because:
[        ]   Build cache is disabled
[        ]   Caching has been disabled for the task
[        ] Skipping task ':url_launcher_android:mergeDebugJavaResource' as it is up-to-date.
[        ] Resolve mutations for :url_launcher_android:syncDebugLibJars (Thread[#46020,Execution worker Thread 15,5,main]) started.
[        ] :url_launcher_android:syncDebugLibJars (Thread[#46020,Execution worker Thread 15,5,main]) started.
[        ] > Task :url_launcher_android:syncDebugLibJars UP-TO-DATE
[        ] Caching disabled for task ':url_launcher_android:syncDebugLibJars' because:
[        ]   Build cache is disabled
[        ] Skipping task ':url_launcher_android:syncDebugLibJars' as it is up-to-date.
[        ] Resolve mutations for :url_launcher_android:bundleDebugAar (Thread[#46020,Execution worker Thread 15,5,main]) started.
[        ] :url_launcher_android:bundleDebugAar (Thread[#46020,Execution worker Thread 15,5,main]) started.
[        ] > Task :url_launcher_android:bundleDebugAar UP-TO-DATE
[        ] Caching disabled for task ':url_launcher_android:bundleDebugAar' because:
[        ]   Build cache is disabled
[        ]   Caching has been disabled for the task
[        ] Skipping task ':url_launcher_android:bundleDebugAar' as it is up-to-date.
[        ] Resolve mutations for :url_launcher_android:assembleDebug (Thread[#46020,Execution worker Thread 15,5,main]) started.
[        ] :url_launcher_android:assembleDebug (Thread[#46020,Execution worker Thread 15,5,main]) started.
[        ] > Task :url_launcher_android:assembleDebug UP-TO-DATE
[        ] Skipping task ':url_launcher_android:assembleDebug' as it has no actions.
[        ] Resolve mutations for :video_player_android:stripDebugDebugSymbols (Thread[#46020,Execution worker Thread 15,5,main]) started.
[        ] :video_player_android:stripDebugDebugSymbols (Thread[#46020,Execution worker Thread 15,5,main]) started.
[        ] > Task :video_player_android:stripDebugDebugSymbols NO-SOURCE
[        ] Skipping task ':video_player_android:stripDebugDebugSymbols' as it has no source files and no previous output files.
[        ] Resolve mutations for :video_player_android:copyDebugJniLibsProjectAndLocalJars (Thread[#46020,Execution worker Thread 15,5,main]) started.
[        ] :video_player_android:copyDebugJniLibsProjectAndLocalJars (Thread[#46020,Execution worker Thread 15,5,main]) started.
[        ] > Task :video_player_android:copyDebugJniLibsProjectAndLocalJars UP-TO-DATE
[        ] Caching disabled for task ':video_player_android:copyDebugJniLibsProjectAndLocalJars' because:
[        ]   Build cache is disabled
[        ]   Caching has been disabled for the task
[        ] Skipping task ':video_player_android:copyDebugJniLibsProjectAndLocalJars' as it is up-to-date.
[        ] Resolve mutations for :video_player_android:extractDebugAnnotations (Thread[#46020,Execution worker Thread 15,5,main]) started.
[        ] :video_player_android:extractDebugAnnotations (Thread[#46020,Execution worker Thread 15,5,main]) started.
[        ] > Task :video_player_android:extractDebugAnnotations UP-TO-DATE
[        ] Caching disabled for task ':video_player_android:extractDebugAnnotations' because:
[        ]   Build cache is disabled
[        ] Skipping task ':video_player_android:extractDebugAnnotations' as it is up-to-date.
[        ] Resolve mutations for :video_player_android:extractDeepLinksForAarDebug (Thread[#46020,Execution worker Thread 15,5,main]) started.
[        ] :video_player_android:extractDeepLinksForAarDebug (Thread[#46020,Execution worker Thread 15,5,main]) started.
[        ] > Task :video_player_android:extractDeepLinksForAarDebug UP-TO-DATE
[        ] Caching disabled for task ':video_player_android:extractDeepLinksForAarDebug' because:
[        ]   Build cache is disabled
[        ] Skipping task ':video_player_android:extractDeepLinksForAarDebug' as it is up-to-date.
[        ] Resolve mutations for :video_player_android:mergeDebugGeneratedProguardFiles (Thread[#46020,Execution worker Thread 15,5,main]) started.
[        ] :video_player_android:mergeDebugGeneratedProguardFiles (Thread[#46020,Execution worker Thread 15,5,main]) started.
[        ] > Task :video_player_android:mergeDebugGeneratedProguardFiles UP-TO-DATE
[        ] Caching disabled for task ':video_player_android:mergeDebugGeneratedProguardFiles' because:
[        ]   Build cache is disabled
[        ]   Simple merging task
[        ] Skipping task ':video_player_android:mergeDebugGeneratedProguardFiles' as it is up-to-date.
[        ] Resolve mutations for :video_player_android:mergeDebugConsumerProguardFiles (Thread[#46020,Execution worker Thread 15,5,main]) started.
[        ] :video_player_android:mergeDebugConsumerProguardFiles (Thread[#46020,Execution worker Thread 15,5,main]) started.
[        ] > Task :video_player_android:mergeDebugConsumerProguardFiles UP-TO-DATE
[        ] Caching disabled for task ':video_player_android:mergeDebugConsumerProguardFiles' because:
[        ]   Build cache is disabled
[        ]   Simple merging task
[        ] Skipping task ':video_player_android:mergeDebugConsumerProguardFiles' as it is up-to-date.
[        ] Resolve mutations for :video_player_android:prepareDebugArtProfile (Thread[#46020,Execution worker Thread 15,5,main]) started.
[        ] :video_player_android:prepareDebugArtProfile (Thread[#46020,Execution worker Thread 15,5,main]) started.
[        ] > Task :video_player_android:prepareDebugArtProfile UP-TO-DATE
[        ] Caching disabled for task ':video_player_android:prepareDebugArtProfile' because:
[        ]   Build cache is disabled
[        ]   Caching has been disabled for the task
[        ] Skipping task ':video_player_android:prepareDebugArtProfile' as it is up-to-date.
[        ] Resolve mutations for :video_player_android:prepareLintJarForPublish (Thread[#46020,Execution worker Thread 15,5,main]) started.
[        ] :video_player_android:prepareLintJarForPublish (Thread[#46020,Execution worker Thread 15,5,main]) started.
[        ] > Task :video_player_android:prepareLintJarForPublish UP-TO-DATE
[        ] Caching disabled for task ':video_player_android:prepareLintJarForPublish' because:
[        ]   Build cache is disabled
[        ]   Caching has been disabled for the task
[        ] Skipping task ':video_player_android:prepareLintJarForPublish' as it is up-to-date.
[        ] Resolve mutations for :video_player_android:mergeDebugJavaResource (Thread[#46020,Execution worker Thread 15,5,main]) started.
[        ] :video_player_android:mergeDebugJavaResource (Thread[#46020,Execution worker Thread 15,5,main]) started.
[        ] > Task :video_player_android:mergeDebugJavaResource UP-TO-DATE
[        ] Caching disabled for task ':video_player_android:mergeDebugJavaResource' because:
[        ]   Build cache is disabled
[        ]   Caching has been disabled for the task
[        ] Skipping task ':video_player_android:mergeDebugJavaResource' as it is up-to-date.
[        ] Resolve mutations for :video_player_android:syncDebugLibJars (Thread[#46020,Execution worker Thread 15,5,main]) started.
[        ] :video_player_android:syncDebugLibJars (Thread[#46020,Execution worker Thread 15,5,main]) started.
[        ] > Task :video_player_android:syncDebugLibJars UP-TO-DATE
[        ] Caching disabled for task ':video_player_android:syncDebugLibJars' because:
[        ]   Build cache is disabled
[        ] Skipping task ':video_player_android:syncDebugLibJars' as it is up-to-date.
[        ] Resolve mutations for :video_player_android:bundleDebugAar (Thread[#46020,Execution worker Thread 15,5,main]) started.
[        ] :video_player_android:bundleDebugAar (Thread[#46020,Execution worker Thread 15,5,main]) started.
[        ] > Task :video_player_android:bundleDebugAar UP-TO-DATE
[        ] Caching disabled for task ':video_player_android:bundleDebugAar' because:
[        ]   Build cache is disabled
[        ]   Caching has been disabled for the task
[        ] Skipping task ':video_player_android:bundleDebugAar' as it is up-to-date.
[        ] Resolve mutations for :video_player_android:assembleDebug (Thread[#46020,Execution worker Thread 15,5,main]) started.
[        ] :video_player_android:assembleDebug (Thread[#46020,Execution worker Thread 15,5,main]) started.
[        ] > Task :video_player_android:assembleDebug UP-TO-DATE
[        ] Skipping task ':video_player_android:assembleDebug' as it has no actions.
22:47 +17 -48: loading /Users/florian/Code/substitution/integration_test/matrix_integration_test.dart                                                                                                  [ +476 ms] > Task :app:compressDebugAssets
[        ] Caching disabled for task ':app:compressDebugAssets' because:
[        ]   Build cache is disabled
[        ] Task ':app:compressDebugAssets' is not up-to-date because:
[        ]   Input property 'inputDirs' file /Users/florian/Code/substitution/build/app/intermediates/assets/debug/mergeDebugAssets/flutter_assets/kernel_blob.bin has changed.
[        ] Resolve mutations for :app:packageDebug (Thread[#46014,Execution worker Thread 9,5,main]) started.
[        ] :app:packageDebug (Thread[#46014,Execution worker Thread 9,5,main]) started.
[ +297 ms] > Task :app:packageDebug
[        ] Custom actions are attached to task ':app:packageDebug'.
[        ] Caching disabled for task ':app:packageDebug' because:
[        ]   Build cache is disabled
[        ]   Caching has been disabled for the task
[        ] Task ':app:packageDebug' is not up-to-date because:
[        ]   Input property 'assets' file /Users/florian/Code/substitution/build/app/intermediates/compressed_assets/debug/compressDebugAssets/out/assets/flutter_assets/kernel_blob.bin.jar has changed.
[        ] Resolve mutations for :app:createDebugApkListingFileRedirect (Thread[#46014,Execution worker Thread 9,5,main]) started.
[        ] :app:createDebugApkListingFileRedirect (Thread[#46014,Execution worker Thread 9,5,main]) started.
[        ] > Task :app:createDebugApkListingFileRedirect UP-TO-DATE
[        ] Caching disabled for task ':app:createDebugApkListingFileRedirect' because:
[        ]   Build cache is disabled
[        ]   Caching has been disabled for the task
[        ] Skipping task ':app:createDebugApkListingFileRedirect' as it is up-to-date.
[        ] Resolve mutations for :app:assembleDebug (Thread[#46014,Execution worker Thread 9,5,main]) started.
[        ] :app:assembleDebug (Thread[#46014,Execution worker Thread 9,5,main]) started.
[ +107 ms] > Task :app:assembleDebug
[        ] Caching disabled for task ':app:assembleDebug' because:
[        ]   Build cache is disabled
[        ] Task ':app:assembleDebug' is not up-to-date because:
[        ]   Task has not declared any outputs despite executing actions.
[        ] [Incubating] Problems report is available at: file:///Users/florian/Code/substitution/build/reports/problems/problems-report.html
[        ] Deprecated Gradle features were used in this build, making it incompatible with Gradle 9.0.
[        ] You can use '--warning-mode all' to show the individual deprecation warnings and determine if they come from your own scripts or plugins.
[        ] For more on this, please refer to https://docs.gradle.org/8.12.1/userguide/command_line_interface.html#sec:command_line_warnings in the Gradle documentation.
[        ] BUILD SUCCESSFUL in 10s
[        ] 458 actionable tasks: 29 executed, 429 up-to-date
[        ] Watched directory hierarchies: [/opt/homebrew/share/flutter/packages/flutter_tools/gradle, /Users/florian/Code/substitution/android]
[  +23 ms] Running Gradle task 'assembleDebug'... (completed in 11,0s)
[   +6 ms] Calculate SHA1: LocalDirectory: '/Users/florian/Code/substitution/build/app/outputs/flutter-apk'/app-debug.apk
[+1098 ms] ✓ Built build/app/outputs/flutter-apk/app-debug.apk
[   +1 ms] executing: /Users/florian/Library/Android/sdk/build-tools/36.1.0/aapt dump xmltree /Users/florian/Code/substitution/build/app/outputs/flutter-apk/app-debug.apk AndroidManifest.xml
[  +11 ms] Exit code 0 from: /Users/florian/Library/Android/sdk/build-tools/36.1.0/aapt dump xmltree /Users/florian/Code/substitution/build/app/outputs/flutter-apk/app-debug.apk AndroidManifest.xml
[        ] N: android=http://schemas.android.com/apk/res/android
             E: manifest (line=2)
               A: android:versionCode(0x0101021b)=(type 0x10)0x7
               A: android:versionName(0x0101021c)="1.0.0" (Raw: "1.0.0")
               A: android:compileSdkVersion(0x01010572)=(type 0x10)0x24
               A: android:compileSdkVersionCodename(0x01010573)="16" (Raw: "16")
               A: package="art.substitution.substitution" (Raw: "art.substitution.substitution")
               A: platformBuildVersionCode=(type 0x10)0x24
               A: platformBuildVersionName=(type 0x10)0x10
               E: uses-sdk (line=7)
                 A: android:minSdkVersion(0x0101020c)=(type 0x10)0x18
                 A: android:targetSdkVersion(0x01010270)=(type 0x10)0x22
               E: uses-permission (line=15)
                 A: android:name(0x01010003)="android.permission.INTERNET" (Raw: "android.permission.INTERNET")
               E: uses-permission (line=16)
                 A: android:name(0x01010003)="android.permission.ACCESS_NETWORK_STATE" (Raw: "android.permission.ACCESS_NETWORK_STATE")
               E: permission (line=18)
                 A: android:name(0x01010003)="art.substitution.substitution.DYNAMIC_RECEIVER_NOT_EXPORTED_PERMISSION" (Raw: "art.substitution.substitution.DYNAMIC_RECEIVER_NOT_EXPORTED_PERMISSION")
                 A: android:protectionLevel(0x01010009)=(type 0x11)0x2
               E: uses-permission (line=22)
                 A: android:name(0x01010003)="art.substitution.substitution.DYNAMIC_RECEIVER_NOT_EXPORTED_PERMISSION" (Raw: "art.substitution.substitution.DYNAMIC_RECEIVER_NOT_EXPORTED_PERMISSION")
               E: application (line=24)
                 A: android:label(0x01010001)="substitution" (Raw: "substitution")
                 A: android:icon(0x01010002)=@0x7f0c0000
                 A: android:name(0x01010003)="android.app.Application" (Raw: "android.app.Application")
                 A: android:debuggable(0x0101000f)=(type 0x12)0xffffffff
                 A: android:extractNativeLibs(0x010104ea)=(type 0x12)0x0
                 A: android:appComponentFactory(0x0101057a)="androidx.core.app.CoreComponentFactory" (Raw: "androidx.core.app.CoreComponentFactory")
                 E: activity (line=31)
                   A: android:theme(0x01010000)=@0x7f0e00a2
                   A: android:name(0x01010003)="art.substitution.substitution.MainActivity" (Raw: "art.substitution.substitution.MainActivity")
                   A: android:exported(0x01010010)=(type 0x12)0xffffffff
                   A: android:launchMode(0x0101001d)=(type 0x10)0x1
                   A: android:configChanges(0x0101001f)=(type 0x11)0x40003fb4
                   A: android:windowSoftInputMode(0x0101022b)=(type 0x11)0x10
                   A: android:hardwareAccelerated(0x010102d3)=(type 0x12)0xffffffff
                   E: meta-data (line=46)
                     A: android:name(0x01010003)="io.flutter.embedding.android.NormalTheme" (Raw: "io.flutter.embedding.android.NormalTheme")
                     A: android:resource(0x01010025)=@0x7f0e00a3
                   E: intent-filter (line=50)
                     E: action (line=51)
                       A: android:name(0x01010003)="android.intent.action.MAIN" (Raw: "android.intent.action.MAIN")
                     E: category (line=53)
                       A: android:name(0x01010003)="android.intent.category.LAUNCHER" (Raw: "android.intent.category.LAUNCHER")
                   E: intent-filter (line=56)
                     E: action (line=57)
                       A: android:name(0x01010003)="android.intent.action.VIEW" (Raw: "android.intent.action.VIEW")
                     E: category (line=59)
                       A: android:name(0x01010003)="android.intent.category.DEFAULT" (Raw: "android.intent.category.DEFAULT")
                     E: category (line=60)
                       A: android:name(0x01010003)="android.intent.category.BROWSABLE" (Raw: "android.intent.category.BROWSABLE")
                     E: data (line=62)
                       A: android:scheme(0x01010027)="substitution" (Raw: "substitution")
                       A: android:host(0x01010028)="auth" (Raw: "auth")
                       A: android:pathPrefix(0x0101002b)="/login-callback" (Raw: "/login-callback")
                 E: meta-data (line=72)
                   A: android:name(0x01010003)="flutterEmbedding" (Raw: "flutterEmbedding")
                   A: android:value(0x01010024)=(type 0x10)0x2
                 E: activity (line=76)
                   A: android:theme(0x01010000)=@0x01030007
                   A: android:name(0x01010003)="io.flutter.plugins.urllauncher.WebViewActivity" (Raw: "io.flutter.plugins.urllauncher.WebViewActivity")
                   A: android:exported(0x01010010)=(type 0x12)0x0
                 E: uses-library (line=81)
                   A: android:name(0x01010003)="androidx.window.extensions" (Raw: "androidx.window.extensions")
                   A: android:required(0x0101028e)=(type 0x12)0x0
                 E: uses-library (line=84)
                   A: android:name(0x01010003)="androidx.window.sidecar" (Raw: "androidx.window.sidecar")
                   A: android:required(0x0101028e)=(type 0x12)0x0
                 E: provider (line=88)
                   A: android:name(0x01010003)="androidx.startup.InitializationProvider" (Raw: "androidx.startup.InitializationProvider")
                   A: android:exported(0x01010010)=(type 0x12)0x0
                   A: android:authorities(0x01010018)="art.substitution.substitution.androidx-startup" (Raw: "art.substitution.substitution.androidx-startup")
                   E: meta-data (line=92)
                     A: android:name(0x01010003)="androidx.lifecycle.ProcessLifecycleInitializer" (Raw: "androidx.lifecycle.ProcessLifecycleInitializer")
                     A: android:value(0x01010024)="androidx.startup" (Raw: "androidx.startup")
                   E: meta-data (line=95)
                     A: android:name(0x01010003)="androidx.profileinstaller.ProfileInstallerInitializer" (Raw: "androidx.profileinstaller.ProfileInstallerInitializer")
                     A: android:value(0x01010024)="androidx.startup" (Raw: "androidx.startup")
                 E: receiver (line=100)
                   A: android:name(0x01010003)="androidx.profileinstaller.ProfileInstallReceiver" (Raw: "androidx.profileinstaller.ProfileInstallReceiver")
                   A: android:permission(0x01010006)="android.permission.DUMP" (Raw: "android.permission.DUMP")
                   A: android:enabled(0x0101000e)=(type 0x12)0xffffffff
                   A: android:exported(0x01010010)=(type 0x12)0xffffffff
                   A: android:directBootAware(0x01010505)=(type 0x12)0x0
                   E: intent-filter (line=106)
                     E: action (line=107)
                       A: android:name(0x01010003)="androidx.profileinstaller.action.INSTALL_PROFILE" (Raw: "androidx.profileinstaller.action.INSTALL_PROFILE")
                   E: intent-filter (line=109)
                     E: action (line=110)
                       A: android:name(0x01010003)="androidx.profileinstaller.action.SKIP_FILE" (Raw: "androidx.profileinstaller.action.SKIP_FILE")
                   E: intent-filter (line=112)
                     E: action (line=113)
                       A: android:name(0x01010003)="androidx.profileinstaller.action.SAVE_PROFILE" (Raw: "androidx.profileinstaller.action.SAVE_PROFILE")
                   E: intent-filter (line=115)
                     E: action (line=116)
                       A: android:name(0x01010003)="androidx.profileinstaller.action.BENCHMARK_OPERATION" (Raw: "androidx.profileinstaller.action.BENCHMARK_OPERATION")
[        ] Stopping app 'app-debug.apk' on sdk gphone64 arm64.
[        ] executing: /Users/florian/Library/Android/sdk/platform-tools/adb -s emulator-5554 shell am force-stop art.substitution.substitution
22:48 +17 -48: loading /Users/florian/Code/substitution/integration_test/matrix_integration_test.dart                                                                                                  [  +23 ms] Installing APK.
[        ] Installing build/app/outputs/flutter-apk/app-debug.apk...
[        ] executing: /Users/florian/Library/Android/sdk/platform-tools/adb -s emulator-5554 install -t -r /Users/florian/Code/substitution/build/app/outputs/flutter-apk/app-debug.apk
22:49 +17 -48: loading /Users/florian/Code/substitution/integration_test/matrix_integration_test.dart                                                                                                  [ +412 ms] Performing Streamed Install
           Success
[        ] Installing build/app/outputs/flutter-apk/app-debug.apk... (completed in 412ms)
[        ] executing: /Users/florian/Library/Android/sdk/platform-tools/adb -s emulator-5554 shell echo -n 9d8ffc06bfe168fed1422219723012099a221dfe > /data/local/tmp/sky.art.substitution.substitution.sha1
[  +22 ms] executing: /Users/florian/Library/Android/sdk/platform-tools/adb -s emulator-5554 shell -x logcat -v time -t 1
[ +113 ms] --------- beginning of main
           02-17 00:17:40.557 I/SafetyLabelChangedBroadcastReceiver( 1187): received broadcast packageName: art.substitution.substitution, current user: UserHandle{0}, packageChangeEvent: NEW_INSTALL, intent user: UserHandle{0}
[   +4 ms] executing: /Users/florian/Library/Android/sdk/platform-tools/adb -s emulator-5554 shell am start -a android.intent.action.MAIN -c android.intent.category.LAUNCHER -f 0x20000000 --ez enable-dart-profiling true --ez enable-checked-mode true --ez verify-entry-points true art.substitution.substitution/art.substitution.substitution.MainActivity
[ +131 ms] Starting: Intent { act=android.intent.action.MAIN cat=[android.intent.category.LAUNCHER] flg=0x20000000 cmp=art.substitution.substitution/.MainActivity (has extras) }
[        ] Waiting for VM Service port to be available...
22:50 +17 -48: loading /Users/florian/Code/substitution/integration_test/matrix_integration_test.dart                                                                                                  22:51 +17 -48: loading /Users/florian/Code/substitution/integration_test/matrix_integration_test.dart                                                                                                  [+1969 ms] VM Service URL on device: http://127.0.0.1:33889/c_6P1EGH6mI=/
[        ] executing: /Users/florian/Library/Android/sdk/platform-tools/adb -s emulator-5554 forward tcp:0 tcp:33889
[  +14 ms] 56184
[        ] Forwarded host port 56184 to device port 33889 for VM Service
[        ] test 22: Starting Dart Development Service
[        ] Launching a Dart Developer Service (DDS) instance at http://127.0.0.1:0, connecting to VM service at http://127.0.0.1:56184/c_6P1EGH6mI=/.
[ +173 ms] test 22: Dart Development Service started at http://127.0.0.1:56187/ZGY8ba5VB44=/, forwarding to VM service at http://127.0.0.1:56184/c_6P1EGH6mI=/.
[        ] test 22: Connecting to vm service
[        ] test 22: VM Service uri is available at http://127.0.0.1:56187/ZGY8ba5VB44=/
[   +3 ms] test 22: Finding the correct isolate with the integration test service extension
[ +147 ms] test 22: connected to test device, now awaiting test result
[        ] test 22: Waiting for test harness or tests to finish
22:52 +17 -48: loading /Users/florian/Code/substitution/integration_test/matrix_integration_test.dart                                                                                                  22:52 +17 -48: /Users/florian/Code/substitution/integration_test/matrix_integration_test.dart: Matrix Server Integration Tests Connect to Matrix test server                                           22:52 +17 -48: /Users/florian/Code/substitution/integration_test/matrix_integration_test.dart: Matrix Server Integration Tests Connect to Matrix test server                                           
══╡ EXCEPTION CAUGHT BY FLUTTER TEST FRAMEWORK ╞════════════════════════════════════════════════════
The following _ClientSocketException was thrown running a test:
ClientException with SocketException: Connection refused (OS Error: Connection refused, errno =
111), address = localhost, port = 49124, uri=http://localhost:8008/_matrix/client/versions

When the exception was thrown, this was the stack:
#0      IOClient.send (package:http/src/io_client.dart:227:7)
<asynchronous suspension>
#1      TimeoutHttpClient.send (package:matrix/src/utils/http_timeout.dart:49:22)
<asynchronous suspension>
#2      Api.getVersions (package:matrix/matrix_api_lite/generated/api.dart:5775:22)
<asynchronous suspension>
#3      Client.checkHomeserver (package:matrix/src/client.dart:544:24)
<asynchronous suspension>
#4      main.<anonymous closure>.<anonymous closure> (file:///Users/florian/Code/substitution/integration_test/matrix_integration_test.dart:89:25)
<asynchronous suspension>
#5      testWidgets.<anonymous closure>.<anonymous closure> (package:flutter_test/src/widget_tester.dart:192:15)
<asynchronous suspension>
#6      TestWidgetsFlutterBinding._runTestBody (package:flutter_test/src/binding.dart:1059:5)
<asynchronous suspension>
<asynchronous suspension>
(elided one frame from package:stack_trace)

The test description was:
  Connect to Matrix test server
════════════════════════════════════════════════════════════════════════════════════════════════════
22:52 +17 -49: /Users/florian/Code/substitution/integration_test/matrix_integration_test.dart: Matrix Server Integration Tests Connect to Matrix test server [E]                                       
  Test failed. See exception logs above.
  The test description was: Connect to Matrix test server
  

To run this test again: /opt/homebrew/share/flutter/bin/cache/dart-sdk/bin/dart test /Users/florian/Code/substitution/integration_test/matrix_integration_test.dart -p vm --plain-name 'Matrix Server Integration Tests Connect to Matrix test server'
22:52 +17 -49: /Users/florian/Code/substitution/integration_test/matrix_integration_test.dart: Matrix Server Integration Tests Login with test user credentials                                        22:52 +17 -49: /Users/florian/Code/substitution/integration_test/matrix_integration_test.dart: Matrix Server Integration Tests Login with test user credentials                                        
══╡ EXCEPTION CAUGHT BY FLUTTER TEST FRAMEWORK ╞════════════════════════════════════════════════════
The following _ClientSocketException was thrown running a test:
ClientException with SocketException: Connection refused (OS Error: Connection refused, errno =
111), address = localhost, port = 49138, uri=http://localhost:8008/_matrix/client/versions

When the exception was thrown, this was the stack:
#0      IOClient.send (package:http/src/io_client.dart:227:7)
<asynchronous suspension>
#1      TimeoutHttpClient.send (package:matrix/src/utils/http_timeout.dart:49:22)
<asynchronous suspension>
#2      Api.getVersions (package:matrix/matrix_api_lite/generated/api.dart:5775:22)
<asynchronous suspension>
#3      Client.checkHomeserver (package:matrix/src/client.dart:544:24)
<asynchronous suspension>
#4      main.<anonymous closure>.<anonymous closure> (file:///Users/florian/Code/substitution/integration_test/matrix_integration_test.dart:95:7)
<asynchronous suspension>
#5      testWidgets.<anonymous closure>.<anonymous closure> (package:flutter_test/src/widget_tester.dart:192:15)
<asynchronous suspension>
#6      TestWidgetsFlutterBinding._runTestBody (package:flutter_test/src/binding.dart:1059:5)
<asynchronous suspension>
<asynchronous suspension>
(elided one frame from package:stack_trace)

The test description was:
  Login with test user credentials
════════════════════════════════════════════════════════════════════════════════════════════════════
22:52 +17 -50: /Users/florian/Code/substitution/integration_test/matrix_integration_test.dart: Matrix Server Integration Tests Login with test user credentials [E]                                    
  Test failed. See exception logs above.
  The test description was: Login with test user credentials
  

To run this test again: /opt/homebrew/share/flutter/bin/cache/dart-sdk/bin/dart test /Users/florian/Code/substitution/integration_test/matrix_integration_test.dart -p vm --plain-name 'Matrix Server Integration Tests Login with test user credentials'
22:52 +17 -50: /Users/florian/Code/substitution/integration_test/matrix_integration_test.dart: Matrix Server Integration Tests Access test server with valid credentials                               22:52 +17 -50: /Users/florian/Code/substitution/integration_test/matrix_integration_test.dart: Matrix Server Integration Tests Access test server with valid credentials                               
══╡ EXCEPTION CAUGHT BY FLUTTER TEST FRAMEWORK ╞════════════════════════════════════════════════════
The following _ClientSocketException was thrown running a test:
ClientException with SocketException: Connection refused (OS Error: Connection refused, errno =
111), address = localhost, port = 49146, uri=http://localhost:8008/_matrix/client/versions

When the exception was thrown, this was the stack:
#0      IOClient.send (package:http/src/io_client.dart:227:7)
<asynchronous suspension>
#1      TimeoutHttpClient.send (package:matrix/src/utils/http_timeout.dart:49:22)
<asynchronous suspension>
#2      Api.getVersions (package:matrix/matrix_api_lite/generated/api.dart:5775:22)
<asynchronous suspension>
#3      Client.checkHomeserver (package:matrix/src/client.dart:544:24)
<asynchronous suspension>
#4      main.<anonymous closure>.<anonymous closure> (file:///Users/florian/Code/substitution/integration_test/matrix_integration_test.dart:110:7)
<asynchronous suspension>
#5      testWidgets.<anonymous closure>.<anonymous closure> (package:flutter_test/src/widget_tester.dart:192:15)
<asynchronous suspension>
#6      TestWidgetsFlutterBinding._runTestBody (package:flutter_test/src/binding.dart:1059:5)
<asynchronous suspension>
<asynchronous suspension>
(elided one frame from package:stack_trace)

The test description was:
  Access test server with valid credentials
════════════════════════════════════════════════════════════════════════════════════════════════════
22:52 +17 -51: /Users/florian/Code/substitution/integration_test/matrix_integration_test.dart: Matrix Server Integration Tests Access test server with valid credentials [E]                           
  Test failed. See exception logs above.
  The test description was: Access test server with valid credentials
  

To run this test again: /opt/homebrew/share/flutter/bin/cache/dart-sdk/bin/dart test /Users/florian/Code/substitution/integration_test/matrix_integration_test.dart -p vm --plain-name 'Matrix Server Integration Tests Access test server with valid credentials'
22:52 +17 -51: /Users/florian/Code/substitution/integration_test/matrix_integration_test.dart: Matrix Server Integration Tests Verify test rooms exist                                                 22:53 +17 -51: /Users/florian/Code/substitution/integration_test/matrix_integration_test.dart: Matrix Server Integration Tests Verify test rooms exist                                                 22:53 +17 -51: /Users/florian/Code/substitution/integration_test/matrix_integration_test.dart: Matrix Server Integration Tests Verify test rooms exist                                                 
══╡ EXCEPTION CAUGHT BY FLUTTER TEST FRAMEWORK ╞════════════════════════════════════════════════════
The following _ClientSocketException was thrown running a test:
ClientException with SocketException: Connection refused (OS Error: Connection refused, errno =
111), address = localhost, port = 49156, uri=http://localhost:8008/_matrix/client/versions

When the exception was thrown, this was the stack:
#0      IOClient.send (package:http/src/io_client.dart:227:7)
<asynchronous suspension>
#1      TimeoutHttpClient.send (package:matrix/src/utils/http_timeout.dart:49:22)
<asynchronous suspension>
#2      Api.getVersions (package:matrix/matrix_api_lite/generated/api.dart:5775:22)
<asynchronous suspension>
#3      Client.checkHomeserver (package:matrix/src/client.dart:544:24)
<asynchronous suspension>
#4      main.<anonymous closure>.<anonymous closure> (file:///Users/florian/Code/substitution/integration_test/matrix_integration_test.dart:128:7)
<asynchronous suspension>
#5      testWidgets.<anonymous closure>.<anonymous closure> (package:flutter_test/src/widget_tester.dart:192:15)
<asynchronous suspension>
#6      TestWidgetsFlutterBinding._runTestBody (package:flutter_test/src/binding.dart:1059:5)
<asynchronous suspension>
<asynchronous suspension>
(elided one frame from package:stack_trace)

The test description was:
  Verify test rooms exist
════════════════════════════════════════════════════════════════════════════════════════════════════
22:53 +17 -52: /Users/florian/Code/substitution/integration_test/matrix_integration_test.dart: Matrix Server Integration Tests Verify test rooms exist [E]                                             
  Test failed. See exception logs above.
  The test description was: Verify test rooms exist
  

To run this test again: /opt/homebrew/share/flutter/bin/cache/dart-sdk/bin/dart test /Users/florian/Code/substitution/integration_test/matrix_integration_test.dart -p vm --plain-name 'Matrix Server Integration Tests Verify test rooms exist'
22:53 +17 -52: /Users/florian/Code/substitution/integration_test/matrix_integration_test.dart: Matrix Server Integration Tests Test room with messages vs empty room                                   22:53 +17 -52: /Users/florian/Code/substitution/integration_test/matrix_integration_test.dart: Matrix Server Integration Tests Test room with messages vs empty room                                   
══╡ EXCEPTION CAUGHT BY FLUTTER TEST FRAMEWORK ╞════════════════════════════════════════════════════
The following _ClientSocketException was thrown running a test:
ClientException with SocketException: Connection refused (OS Error: Connection refused, errno =
111), address = localhost, port = 49164, uri=http://localhost:8008/_matrix/client/versions

When the exception was thrown, this was the stack:
#0      IOClient.send (package:http/src/io_client.dart:227:7)
<asynchronous suspension>
#1      TimeoutHttpClient.send (package:matrix/src/utils/http_timeout.dart:49:22)
<asynchronous suspension>
#2      Api.getVersions (package:matrix/matrix_api_lite/generated/api.dart:5775:22)
<asynchronous suspension>
#3      Client.checkHomeserver (package:matrix/src/client.dart:544:24)
<asynchronous suspension>
#4      main.<anonymous closure>.<anonymous closure> (file:///Users/florian/Code/substitution/integration_test/matrix_integration_test.dart:148:7)
<asynchronous suspension>
#5      testWidgets.<anonymous closure>.<anonymous closure> (package:flutter_test/src/widget_tester.dart:192:15)
<asynchronous suspension>
#6      TestWidgetsFlutterBinding._runTestBody (package:flutter_test/src/binding.dart:1059:5)
<asynchronous suspension>
<asynchronous suspension>
(elided one frame from package:stack_trace)

The test description was:
  Test room with messages vs empty room
════════════════════════════════════════════════════════════════════════════════════════════════════
22:53 +17 -53: /Users/florian/Code/substitution/integration_test/matrix_integration_test.dart: Matrix Server Integration Tests Test room with messages vs empty room [E]                               
  Test failed. See exception logs above.
  The test description was: Test room with messages vs empty room
  

To run this test again: /opt/homebrew/share/flutter/bin/cache/dart-sdk/bin/dart test /Users/florian/Code/substitution/integration_test/matrix_integration_test.dart -p vm --plain-name 'Matrix Server Integration Tests Test room with messages vs empty room'
22:53 +17 -53: /Users/florian/Code/substitution/integration_test/matrix_integration_test.dart: Matrix Server Integration Tests Verify multiple test users created                                      22:53 +17 -53: /Users/florian/Code/substitution/integration_test/matrix_integration_test.dart: Matrix Server Integration Tests Verify multiple test users created                                      
══╡ EXCEPTION CAUGHT BY FLUTTER TEST FRAMEWORK ╞════════════════════════════════════════════════════
The following _ClientSocketException was thrown running a test:
ClientException with SocketException: Connection refused (OS Error: Connection refused, errno =
111), address = localhost, port = 49166, uri=http://localhost:8008/_matrix/client/versions

When the exception was thrown, this was the stack:
#0      IOClient.send (package:http/src/io_client.dart:227:7)
<asynchronous suspension>
#1      TimeoutHttpClient.send (package:matrix/src/utils/http_timeout.dart:49:22)
<asynchronous suspension>
#2      Api.getVersions (package:matrix/matrix_api_lite/generated/api.dart:5775:22)
<asynchronous suspension>
#3      Client.checkHomeserver (package:matrix/src/client.dart:544:24)
<asynchronous suspension>
#4      main.<anonymous closure>.<anonymous closure> (file:///Users/florian/Code/substitution/integration_test/matrix_integration_test.dart:173:7)
<asynchronous suspension>
#5      testWidgets.<anonymous closure>.<anonymous closure> (package:flutter_test/src/widget_tester.dart:192:15)
<asynchronous suspension>
#6      TestWidgetsFlutterBinding._runTestBody (package:flutter_test/src/binding.dart:1059:5)
<asynchronous suspension>
<asynchronous suspension>
(elided one frame from package:stack_trace)

The test description was:
  Verify multiple test users created
════════════════════════════════════════════════════════════════════════════════════════════════════
22:53 +17 -54: /Users/florian/Code/substitution/integration_test/matrix_integration_test.dart: Matrix Server Integration Tests Verify multiple test users created [E]                                  
  Test failed. See exception logs above.
  The test description was: Verify multiple test users created
  

To run this test again: /opt/homebrew/share/flutter/bin/cache/dart-sdk/bin/dart test /Users/florian/Code/substitution/integration_test/matrix_integration_test.dart -p vm --plain-name 'Matrix Server Integration Tests Verify multiple test users created'
22:53 +17 -54: /Users/florian/Code/substitution/integration_test/matrix_integration_test.dart: Matrix Server Integration Tests Send message to test room                                               22:53 +17 -54: /Users/florian/Code/substitution/integration_test/matrix_integration_test.dart: Matrix Server Integration Tests Send message to test room                                               
══╡ EXCEPTION CAUGHT BY FLUTTER TEST FRAMEWORK ╞════════════════════════════════════════════════════
The following _ClientSocketException was thrown running a test:
ClientException with SocketException: Connection refused (OS Error: Connection refused, errno =
111), address = localhost, port = 49170, uri=http://localhost:8008/_matrix/client/versions

When the exception was thrown, this was the stack:
#0      IOClient.send (package:http/src/io_client.dart:227:7)
<asynchronous suspension>
#1      TimeoutHttpClient.send (package:matrix/src/utils/http_timeout.dart:49:22)
<asynchronous suspension>
#2      Api.getVersions (package:matrix/matrix_api_lite/generated/api.dart:5775:22)
<asynchronous suspension>
#3      Client.checkHomeserver (package:matrix/src/client.dart:544:24)
<asynchronous suspension>
#4      main.<anonymous closure>.<anonymous closure> (file:///Users/florian/Code/substitution/integration_test/matrix_integration_test.dart:192:7)
<asynchronous suspension>
#5      testWidgets.<anonymous closure>.<anonymous closure> (package:flutter_test/src/widget_tester.dart:192:15)
<asynchronous suspension>
#6      TestWidgetsFlutterBinding._runTestBody (package:flutter_test/src/binding.dart:1059:5)
<asynchronous suspension>
<asynchronous suspension>
(elided one frame from package:stack_trace)

The test description was:
  Send message to test room
════════════════════════════════════════════════════════════════════════════════════════════════════
22:53 +17 -55: /Users/florian/Code/substitution/integration_test/matrix_integration_test.dart: Matrix Server Integration Tests Send message to test room [E]                                           
  Test failed. See exception logs above.
  The test description was: Send message to test room
  

To run this test again: /opt/homebrew/share/flutter/bin/cache/dart-sdk/bin/dart test /Users/florian/Code/substitution/integration_test/matrix_integration_test.dart -p vm --plain-name 'Matrix Server Integration Tests Send message to test room'
22:53 +17 -55: /Users/florian/Code/substitution/integration_test/matrix_integration_test.dart: Matrix Server Integration Tests Login as different test user                                            22:53 +17 -55: /Users/florian/Code/substitution/integration_test/matrix_integration_test.dart: Matrix Server Integration Tests Login as different test user                                            
══╡ EXCEPTION CAUGHT BY FLUTTER TEST FRAMEWORK ╞════════════════════════════════════════════════════
The following _ClientSocketException was thrown running a test:
ClientException with SocketException: Connection refused (OS Error: Connection refused, errno =
111), address = localhost, port = 49174, uri=http://localhost:8008/_matrix/client/versions

When the exception was thrown, this was the stack:
#0      IOClient.send (package:http/src/io_client.dart:227:7)
<asynchronous suspension>
#1      TimeoutHttpClient.send (package:matrix/src/utils/http_timeout.dart:49:22)
<asynchronous suspension>
#2      Api.getVersions (package:matrix/matrix_api_lite/generated/api.dart:5775:22)
<asynchronous suspension>
#3      Client.checkHomeserver (package:matrix/src/client.dart:544:24)
<asynchronous suspension>
#4      main.<anonymous closure>.<anonymous closure> (file:///Users/florian/Code/substitution/integration_test/matrix_integration_test.dart:213:7)
<asynchronous suspension>
#5      testWidgets.<anonymous closure>.<anonymous closure> (package:flutter_test/src/widget_tester.dart:192:15)
<asynchronous suspension>
#6      TestWidgetsFlutterBinding._runTestBody (package:flutter_test/src/binding.dart:1059:5)
<asynchronous suspension>
<asynchronous suspension>
(elided one frame from package:stack_trace)

The test description was:
  Login as different test user
════════════════════════════════════════════════════════════════════════════════════════════════════
22:53 +17 -56: /Users/florian/Code/substitution/integration_test/matrix_integration_test.dart: Matrix Server Integration Tests Login as different test user [E]                                        
  Test failed. See exception logs above.
  The test description was: Login as different test user
  

To run this test again: /opt/homebrew/share/flutter/bin/cache/dart-sdk/bin/dart test /Users/florian/Code/substitution/integration_test/matrix_integration_test.dart -p vm --plain-name 'Matrix Server Integration Tests Login as different test user'
22:53 +17 -56: /Users/florian/Code/substitution/integration_test/matrix_integration_test.dart: Matrix Server Integration Tests Rooms are public and joinable                                           22:53 +17 -56: /Users/florian/Code/substitution/integration_test/matrix_integration_test.dart: Matrix Server Integration Tests Rooms are public and joinable                                           
══╡ EXCEPTION CAUGHT BY FLUTTER TEST FRAMEWORK ╞════════════════════════════════════════════════════
The following _ClientSocketException was thrown running a test:
ClientException with SocketException: Connection refused (OS Error: Connection refused, errno =
111), address = localhost, port = 49190, uri=http://localhost:8008/_matrix/client/versions

When the exception was thrown, this was the stack:
#0      IOClient.send (package:http/src/io_client.dart:227:7)
<asynchronous suspension>
#1      TimeoutHttpClient.send (package:matrix/src/utils/http_timeout.dart:49:22)
<asynchronous suspension>
#2      Api.getVersions (package:matrix/matrix_api_lite/generated/api.dart:5775:22)
<asynchronous suspension>
#3      Client.checkHomeserver (package:matrix/src/client.dart:544:24)
22:53 +17 -57: /Users/florian/Code/substitution/integration_test/matrix_integration_test.dart: Matrix Server Integration Tests Rooms are public and joinable [E]                                       
  Test failed. See exception logs above.
  The test description was: Rooms are public and joinable
  

To run this test again: /opt/homebrew/share/flutter/bin/cache/dart-sdk/bin/dart test /Users/florian/Code/substitution/integration_test/matrix_integration_test.dart -p vm --plain-name 'Matrix Server Integration Tests Rooms are public and joinable'
22:53 +17 -57: /Users/florian/Code/substitution/integration_test/matrix_integration_test.dart: Matrix Server Integration Tests List joined rooms                                                       22:53 +17 -58: /Users/florian/Code/substitution/integration_test/matrix_integration_test.dart: Matrix Server Integration Tests List joined rooms [E]                                                   
  Test failed. See exception logs above.
  The test description was: List joined rooms
  

To run this test again: /opt/homebrew/share/flutter/bin/cache/dart-sdk/bin/dart test /Users/florian/Code/substitution/integration_test/matrix_integration_test.dart -p vm --plain-name 'Matrix Server Integration Tests List joined rooms'
22:53 +17 -58: /Users/florian/Code/substitution/integration_test/matrix_integration_test.dart: Matrix Server Integration Tests Room with messages contains messages                                    22:53 +17 -59: /Users/florian/Code/substitution/integration_test/matrix_integration_test.dart: Matrix Server Integration Tests Room with messages contains messages [E]                                
  Test failed. See exception logs above.
  The test description was: Room with messages contains messages
  

To run this test again: /opt/homebrew/share/flutter/bin/cache/dart-sdk/bin/dart test /Users/florian/Code/substitution/integration_test/matrix_integration_test.dart -p vm --plain-name 'Matrix Server Integration Tests Room with messages contains messages'
22:53 +17 -59: /Users/florian/Code/substitution/integration_test/matrix_integration_test.dart: Matrix Server Integration Tests Empty room has no messages                                              22:53 +17 -60: /Users/florian/Code/substitution/integration_test/matrix_integration_test.dart: Matrix Server Integration Tests Empty room has no messages [E]                                          
  Test failed. See exception logs above.
  The test description was: Empty room has no messages
  

To run this test again: /opt/homebrew/share/flutter/bin/cache/dart-sdk/bin/dart test /Users/florian/Code/substitution/integration_test/matrix_integration_test.dart -p vm --plain-name 'Matrix Server Integration Tests Empty room has no messages'
22:53 +17 -60: /Users/florian/Code/substitution/integration_test/matrix_integration_test.dart: Matrix Server Integration Tests Multiple users in same room                                             22:53 +17 -61: /Users/florian/Code/substitution/integration_test/matrix_integration_test.dart: Matrix Server Integration Tests Multiple users in same room [E]                                         
  Test failed. See exception logs above.
  The test description was: Multiple users in same room
  

To run this test again: /opt/homebrew/share/flutter/bin/cache/dart-sdk/bin/dart test /Users/florian/Code/substitution/integration_test/matrix_integration_test.dart -p vm --plain-name 'Matrix Server Integration Tests Multiple users in same room'
22:53 +17 -61: /Users/florian/Code/substitution/integration_test/matrix_integration_test.dart: Matrix Server Integration Tests Send and receive message                                                22:53 +17 -62: /Users/florian/Code/substitution/integration_test/matrix_integration_test.dart: Matrix Server Integration Tests Send and receive message [E]                                            
  Test failed. See exception logs above.
  The test description was: Send and receive message
  

To run this test again: /opt/homebrew/share/flutter/bin/cache/dart-sdk/bin/dart test /Users/florian/Code/substitution/integration_test/matrix_integration_test.dart -p vm --plain-name 'Matrix Server Integration Tests Send and receive message'
22:53 +17 -62: /Users/florian/Code/substitution/integration_test/matrix_integration_test.dart: Matrix Server Integration Tests Sync with server                                                        22:53 +17 -63: /Users/florian/Code/substitution/integration_test/matrix_integration_test.dart: Matrix Server Integration Tests Sync with server [E]                                                    
  Test failed. See exception logs above.
  The test description was: Sync with server
  

To run this test again: /opt/homebrew/share/flutter/bin/cache/dart-sdk/bin/dart test /Users/florian/Code/substitution/integration_test/matrix_integration_test.dart -p vm --plain-name 'Matrix Server Integration Tests Sync with server'
22:53 +17 -63: /Users/florian/Code/substitution/integration_test/matrix_integration_test.dart: Matrix Server Integration Tests Create and join room                                                    22:53 +17 -64: /Users/florian/Code/substitution/integration_test/matrix_integration_test.dart: Matrix Server Integration Tests Create and join room [E]                                                
  Test failed. See exception logs above.
  The test description was: Create and join room
  

To run this test again: /opt/homebrew/share/flutter/bin/cache/dart-sdk/bin/dart test /Users/florian/Code/substitution/integration_test/matrix_integration_test.dart -p vm --plain-name 'Matrix Server Integration Tests Create and join room'
22:53 +17 -64: /Users/florian/Code/substitution/integration_test/matrix_integration_test.dart: Matrix Server Integration Tests Room with different message counts                                      22:53 +17 -65: /Users/florian/Code/substitution/integration_test/matrix_integration_test.dart: Matrix Server Integration Tests Room with different message counts [E]                                  
  Test failed. See exception logs above.
  The test description was: Room with different message counts
  

To run this test again: /opt/homebrew/share/flutter/bin/cache/dart-sdk/bin/dart test /Users/florian/Code/substitution/integration_test/matrix_integration_test.dart -p vm --plain-name 'Matrix Server Integration Tests Room with different message counts'
22:53 +17 -65: /Users/florian/Code/substitution/integration_test/matrix_integration_test.dart: (tearDownAll)                                                                                           [+2039 ms] test 22: Test harness is no longer needed by test process
[        ] test 22: finished
[        ] test 22: cleaning up...
[        ] test 22: ensuring test device is terminated.
[        ] executing: /Users/florian/Library/Android/sdk/platform-tools/adb -s emulator-5554 shell am force-stop art.substitution.substitution
[        ] test 22: Test process is no longer needed by test harness
22:54 +17 -65: /Users/florian/Code/substitution/integration_test/matrix_integration_test.dart: (tearDownAll)                                                                                           [  +83 ms] executing: /Users/florian/Library/Android/sdk/platform-tools/adb -s emulator-5554 uninstall art.substitution.substitution
[ +246 ms] Success
[        ] test 22: deleting temporary directory
[        ] test 22: finished
22:54 +17 -65: Some tests failed.                                                                                                                                                                      
[   +4 ms] test package returned with exit code 1
[        ] Runtime for phase TestRunner: Wall-clock: 0:22:54.398649; combined: 0:22:54.398671.
[        ] Runtime for phase Compile: Wall-clock: 0:00:00.000000; combined: 0:00:00.000000.
[        ] Runtime for phase Run: Wall-clock: 0:22:47.595393; combined: 0:22:47.595540.
[        ] Runtime for phase CoverageTotal: Wall-clock: 0:00:00.000000; combined: 0:00:00.000000.
[        ] Runtime for phase CoverageCollect: Wall-clock: 0:00:00.000000; combined: 0:00:00.000000.
[        ] Runtime for phase CoverageParseJson: Wall-clock: 0:00:00.000000; combined: 0:00:00.000000.
[        ] Runtime for phase CoverageAddHitmap: Wall-clock: 0:00:00.000000; combined: 0:00:00.000000.
[        ] Runtime for phase CoverageDataCollect: Wall-clock: 0:00:00.000000; combined: 0:00:00.000000.
[        ] Runtime for phase WatcherFinishedTest: Wall-clock: 0:00:00.000239; combined: 0:00:00.000242.
[        ] "flutter test" took 1.375.009ms.
[   +2 ms] executing: sw_vers -productName
[  +11 ms] Exit code 0 from: sw_vers -productName
[        ] macOS
[        ] executing: sw_vers -productVersion
[  +10 ms] Exit code 0 from: sw_vers -productVersion
[        ] 26.1
[        ] executing: sw_vers -buildVersion
[  +10 ms] Exit code 0 from: sw_vers -buildVersion
[        ] 25B78
[        ] executing: uname -m
[   +4 ms] Exit code 0 from: uname -m
[        ] arm64
[  +18 ms] 
           #0      throwToolExit (package:flutter_tools/src/base/common.dart:34:3)
           #1      TestCommand.runCommand (package:flutter_tools/src/commands/test.dart:714:7)
           <asynchronous suspension>
           #2      FlutterCommand.run.<anonymous closure> (package:flutter_tools/src/runner/flutter_command.dart:1559:27)
           <asynchronous suspension>
           #3      AppContext.run.<anonymous closure> (package:flutter_tools/src/base/context.dart:154:19)
           <asynchronous suspension>
           #4      CommandRunner.runCommand (package:args/command_runner.dart:212:13)
           <asynchronous suspension>
           #5      FlutterCommandRunner.runCommand.<anonymous closure> (package:flutter_tools/src/runner/flutter_command_runner.dart:487:9)
           <asynchronous suspension>
           #6      AppContext.run.<anonymous closure> (package:flutter_tools/src/base/context.dart:154:19)
           <asynchronous suspension>
           #7      FlutterCommandRunner.runCommand (package:flutter_tools/src/runner/flutter_command_runner.dart:422:5)
           <asynchronous suspension>
           #8      run.<anonymous closure>.<anonymous closure> (package:flutter_tools/runner.dart:104:11)
           <asynchronous suspension>
           #9      AppContext.run.<anonymous closure> (package:flutter_tools/src/base/context.dart:154:19)
           <asynchronous suspension>
           #10     main (package:flutter_tools/executable.dart:103:3)
           <asynchronous suspension>


[        ] Running 26 shutdown hooks
[   +1 ms] Shutdown hooks complete
[  +50 ms] exiting with code 1
